[2020-09-10T17:15:16.648+0000][1][gc] Using Concurrent Mark Sweep
[2020-09-10T17:15:16.648+0000][1][gc,heap,coops] Heap address: 0x0000000080000000, size: 2048 MB, Compressed Oops mode: 32-bit
[2020-09-10T17:15:16.707+0000][1][safepoint    ] Safepoint "EnableBiasedLocking", Time since last: 49570860 ns, Reaching safepoint: 144260 ns, At safepoint: 38380 ns, Total: 182640 ns
[2020-09-10T17:15:16.713+0000][1][safepoint    ] Safepoint "RevokeBias", Time since last: 5626857 ns, Reaching safepoint: 132329 ns, At safepoint: 32499 ns, Total: 164828 ns
[2020-09-10T17:15:16.719+0000][1][safepoint    ] Safepoint "Deoptimize", Time since last: 5270463 ns, Reaching safepoint: 133145 ns, At safepoint: 18252 ns, Total: 151397 ns
[2020-09-10T17:15:16.877+0000][1][safepoint    ] Safepoint "RevokeBias", Time since last: 158146292 ns, Reaching safepoint: 106782 ns, At safepoint: 28275 ns, Total: 135057 ns
[2020-09-10T17:15:16.886+0000][1][safepoint    ] Safepoint "RevokeBias", Time since last: 9293170 ns, Reaching safepoint: 129302 ns, At safepoint: 22187 ns, Total: 151489 ns
[2020-09-10T17:15:16.888+0000][1][safepoint    ] Safepoint "Deoptimize", Time since last: 1801330 ns, Reaching safepoint: 135445 ns, At safepoint: 29397 ns, Total: 164842 ns
[2020-09-10T17:15:16.891+0000][1][safepoint    ] Safepoint "Deoptimize", Time since last: 2507921 ns, Reaching safepoint: 134500 ns, At safepoint: 28523 ns, Total: 163023 ns
[2020-09-10T17:15:16.934+0000][1][safepoint    ] Safepoint "Deoptimize", Time since last: 43301372 ns, Reaching safepoint: 139024 ns, At safepoint: 39641 ns, Total: 178665 ns
[2020-09-10T17:15:17.507+0000][1][safepoint    ] Safepoint "Deoptimize", Time since last: 572840574 ns, Reaching safepoint: 133112 ns, At safepoint: 66199 ns, Total: 199311 ns
[2020-09-10T17:15:17.583+0000][1][safepoint    ] Safepoint "Deoptimize", Time since last: 75240589 ns, Reaching safepoint: 97628 ns, At safepoint: 84434 ns, Total: 182062 ns
[2020-09-10T17:15:17.674+0000][1][safepoint    ] Safepoint "Deoptimize", Time since last: 91258934 ns, Reaching safepoint: 143776 ns, At safepoint: 79937 ns, Total: 223713 ns
[2020-09-10T17:15:17.992+0000][1][safepoint    ] Safepoint "Deoptimize", Time since last: 317430377 ns, Reaching safepoint: 142793 ns, At safepoint: 83328 ns, Total: 226121 ns
[2020-09-10T17:15:18.224+0000][1][safepoint    ] Safepoint "Deoptimize", Time since last: 231454117 ns, Reaching safepoint: 220915 ns, At safepoint: 105251 ns, Total: 326166 ns
[2020-09-10T17:15:18.585+0000][1][safepoint    ] Safepoint "Deoptimize", Time since last: 360656507 ns, Reaching safepoint: 156373 ns, At safepoint: 103613 ns, Total: 259986 ns
[2020-09-10T17:15:18.699+0000][1][safepoint    ] Safepoint "RevokeBias", Time since last: 113974720 ns, Reaching safepoint: 107604 ns, At safepoint: 49820 ns, Total: 157424 ns
[2020-09-10T17:15:18.953+0000][1][safepoint    ] Safepoint "Deoptimize", Time since last: 253727278 ns, Reaching safepoint: 121509 ns, At safepoint: 114402 ns, Total: 235911 ns
[2020-09-10T17:15:18.954+0000][1][safepoint    ] Safepoint "Deoptimize", Time since last: 756880 ns, Reaching safepoint: 82245 ns, At safepoint: 65853 ns, Total: 148098 ns
[2020-09-10T17:15:19.031+0000][1][safepoint    ] Safepoint "Deoptimize", Time since last: 76983175 ns, Reaching safepoint: 151241 ns, At safepoint: 129050 ns, Total: 280291 ns
[2020-09-10T17:15:19.034+0000][1][safepoint    ] Safepoint "Deoptimize", Time since last: 2365117 ns, Reaching safepoint: 136141 ns, At safepoint: 93904 ns, Total: 230045 ns
[2020-09-10T17:15:19.046+0000][1][safepoint    ] Safepoint "RevokeBias", Time since last: 12443626 ns, Reaching safepoint: 110737 ns, At safepoint: 19564 ns, Total: 130301 ns
[2020-09-10T17:15:19.047+0000][1][safepoint    ] Safepoint "RevokeBias", Time since last: 247578 ns, Reaching safepoint: 129075 ns, At safepoint: 19009 ns, Total: 148084 ns
[2020-09-10T17:15:19.047+0000][1][safepoint    ] Safepoint "RevokeBias", Time since last: 57967 ns, Reaching safepoint: 120809 ns, At safepoint: 13694 ns, Total: 134503 ns
[2020-09-10T17:15:19.047+0000][1][safepoint    ] Safepoint "RevokeBias", Time since last: 129951 ns, Reaching safepoint: 119921 ns, At safepoint: 16195 ns, Total: 136116 ns
[2020-09-10T17:15:19.217+0000][1][safepoint    ] Safepoint "RevokeBias", Time since last: 169579456 ns, Reaching safepoint: 144452 ns, At safepoint: 14554 ns, Total: 159006 ns
[2020-09-10T17:15:19.699+0000][1][gc,start     ] GC(0) Pause Young (Allocation Failure)
[2020-09-10T17:15:19.699+0000][1][gc,task      ] GC(0) Using 1 workers of 1 for evacuation
[2020-09-10T17:15:19.735+0000][1][gc,age       ] GC(0) Desired survivor size 4358144 bytes, new threshold 1 (max threshold 6)
[2020-09-10T17:15:19.735+0000][1][gc,age       ] GC(0) Age table with threshold 1 (max threshold 6)
[2020-09-10T17:15:19.735+0000][1][gc,age       ] GC(0) - age   1:    6386200 bytes,    6386200 total
[2020-09-10T17:15:19.735+0000][1][gc,heap      ] GC(0) ParNew: 68160K->6263K(76672K)
[2020-09-10T17:15:19.735+0000][1][gc,heap      ] GC(0) CMS: 0K->0K(2011968K)
[2020-09-10T17:15:19.735+0000][1][gc,metaspace ] GC(0) Metaspace: 13424K->13424K(1060864K)
[2020-09-10T17:15:19.735+0000][1][gc           ] GC(0) Pause Young (Allocation Failure) 66M->6M(2039M) 36.656ms
[2020-09-10T17:15:19.736+0000][1][gc,cpu       ] GC(0) User=0.03s Sys=0.00s Real=0.03s
[2020-09-10T17:15:19.739+0000][1][safepoint    ] Safepoint "GenCollectForAllocation", Time since last: 481969189 ns, Reaching safepoint: 137693 ns, At safepoint: 39874948 ns, Total: 40012641 ns
[2020-09-10T17:15:19.748+0000][1][safepoint    ] Safepoint "RevokeBias", Time since last: 8794142 ns, Reaching safepoint: 112859 ns, At safepoint: 38564 ns, Total: 151423 ns
[2020-09-10T17:15:19.750+0000][1][safepoint    ] Safepoint "RevokeBias", Time since last: 1366619 ns, Reaching safepoint: 977525 ns, At safepoint: 23539 ns, Total: 1001064 ns
[2020-09-10T17:15:19.750+0000][1][safepoint    ] Safepoint "RevokeBias", Time since last: 54646 ns, Reaching safepoint: 123951 ns, At safepoint: 17882 ns, Total: 141833 ns
[2020-09-10T17:15:19.750+0000][1][safepoint    ] Safepoint "RevokeBias", Time since last: 29169 ns, Reaching safepoint: 123436 ns, At safepoint: 17082 ns, Total: 140518 ns
[2020-09-10T17:15:19.751+0000][1][safepoint    ] Safepoint "RevokeBias", Time since last: 34712 ns, Reaching safepoint: 130098 ns, At safepoint: 18133 ns, Total: 148231 ns
[2020-09-10T17:15:19.751+0000][1][safepoint    ] Safepoint "RevokeBias", Time since last: 28250 ns, Reaching safepoint: 70810 ns, At safepoint: 17364 ns, Total: 88174 ns
[2020-09-10T17:15:19.751+0000][1][safepoint    ] Safepoint "RevokeBias", Time since last: 35199 ns, Reaching safepoint: 128687 ns, At safepoint: 17248 ns, Total: 145935 ns
[2020-09-10T17:15:19.751+0000][1][safepoint    ] Safepoint "RevokeBias", Time since last: 26379 ns, Reaching safepoint: 125412 ns, At safepoint: 17497 ns, Total: 142909 ns
[2020-09-10T17:15:19.751+0000][1][safepoint    ] Safepoint "RevokeBias", Time since last: 57582 ns, Reaching safepoint: 125309 ns, At safepoint: 17088 ns, Total: 142397 ns
[2020-09-10T17:15:19.752+0000][1][safepoint    ] Safepoint "RevokeBias", Time since last: 26211 ns, Reaching safepoint: 823130 ns, At safepoint: 21992 ns, Total: 845122 ns
[2020-09-10T17:15:19.752+0000][1][safepoint    ] Safepoint "RevokeBias", Time since last: 38451 ns, Reaching safepoint: 78817 ns, At safepoint: 24818 ns, Total: 103635 ns
[2020-09-10T17:15:19.752+0000][1][safepoint    ] Safepoint "RevokeBias", Time since last: 32323 ns, Reaching safepoint: 77844 ns, At safepoint: 21370 ns, Total: 99214 ns
[2020-09-10T17:15:19.753+0000][1][safepoint    ] Safepoint "RevokeBias", Time since last: 34812 ns, Reaching safepoint: 78581 ns, At safepoint: 17181 ns, Total: 95762 ns
[2020-09-10T17:15:19.753+0000][1][safepoint    ] Safepoint "RevokeBias", Time since last: 28355 ns, Reaching safepoint: 78031 ns, At safepoint: 17063 ns, Total: 95094 ns
[2020-09-10T17:15:19.753+0000][1][safepoint    ] Safepoint "RevokeBias", Time since last: 34727 ns, Reaching safepoint: 79091 ns, At safepoint: 17113 ns, Total: 96204 ns
[2020-09-10T17:15:19.753+0000][1][safepoint    ] Safepoint "RevokeBias", Time since last: 28006 ns, Reaching safepoint: 78490 ns, At safepoint: 20919 ns, Total: 99409 ns
[2020-09-10T17:15:19.753+0000][1][safepoint    ] Safepoint "RevokeBias", Time since last: 50412 ns, Reaching safepoint: 78414 ns, At safepoint: 26506 ns, Total: 104920 ns
[2020-09-10T17:15:19.753+0000][1][safepoint    ] Safepoint "RevokeBias", Time since last: 26185 ns, Reaching safepoint: 78379 ns, At safepoint: 30288 ns, Total: 108667 ns
[2020-09-10T17:15:19.753+0000][1][safepoint    ] Safepoint "RevokeBias", Time since last: 29926 ns, Reaching safepoint: 78916 ns, At safepoint: 28683 ns, Total: 107599 ns
[2020-09-10T17:15:19.753+0000][1][safepoint    ] Safepoint "RevokeBias", Time since last: 23412 ns, Reaching safepoint: 78453 ns, At safepoint: 28444 ns, Total: 106897 ns
[2020-09-10T17:15:19.754+0000][1][safepoint    ] Safepoint "RevokeBias", Time since last: 29529 ns, Reaching safepoint: 78760 ns, At safepoint: 28004 ns, Total: 106764 ns
[2020-09-10T17:15:19.754+0000][1][safepoint    ] Safepoint "RevokeBias", Time since last: 22919 ns, Reaching safepoint: 77925 ns, At safepoint: 27519 ns, Total: 105444 ns
[2020-09-10T17:15:19.754+0000][1][safepoint    ] Safepoint "RevokeBias", Time since last: 30003 ns, Reaching safepoint: 78003 ns, At safepoint: 25614 ns, Total: 103617 ns
[2020-09-10T17:15:19.754+0000][1][safepoint    ] Safepoint "RevokeBias", Time since last: 22722 ns, Reaching safepoint: 76875 ns, At safepoint: 25386 ns, Total: 102261 ns
[2020-09-10T17:15:19.754+0000][1][safepoint    ] Safepoint "RevokeBias", Time since last: 51158 ns, Reaching safepoint: 77018 ns, At safepoint: 22269 ns, Total: 99287 ns
[2020-09-10T17:15:19.754+0000][1][safepoint    ] Safepoint "RevokeBias", Time since last: 22636 ns, Reaching safepoint: 75933 ns, At safepoint: 20505 ns, Total: 96438 ns
[2020-09-10T17:15:19.755+0000][1][safepoint    ] Safepoint "RevokeBias", Time since last: 522927 ns, Reaching safepoint: 80189 ns, At safepoint: 23088 ns, Total: 103277 ns
[2020-09-10T17:15:19.755+0000][1][safepoint    ] Safepoint "RevokeBias", Time since last: 27969 ns, Reaching safepoint: 76484 ns, At safepoint: 18702 ns, Total: 95186 ns
[2020-09-10T17:15:19.755+0000][1][safepoint    ] Safepoint "RevokeBias", Time since last: 135459 ns, Reaching safepoint: 76981 ns, At safepoint: 17134 ns, Total: 94115 ns
[2020-09-10T17:15:19.755+0000][1][safepoint    ] Safepoint "RevokeBias", Time since last: 23946 ns, Reaching safepoint: 77320 ns, At safepoint: 22007 ns, Total: 99327 ns
[2020-09-10T17:15:19.851+0000][1][safepoint    ] Safepoint "Deoptimize", Time since last: 94959874 ns, Reaching safepoint: 178720 ns, At safepoint: 202967 ns, Total: 381687 ns
[2020-09-10T17:15:20.167+0000][1][safepoint    ] Safepoint "RevokeBias", Time since last: 316240936 ns, Reaching safepoint: 129209 ns, At safepoint: 29276 ns, Total: 158485 ns
[2020-09-10T17:15:20.459+0000][1][safepoint    ] Safepoint "RevokeBias", Time since last: 291618410 ns, Reaching safepoint: 109722 ns, At safepoint: 29760 ns, Total: 139482 ns
[2020-09-10T17:15:20.461+0000][1][safepoint    ] Safepoint "RevokeBias", Time since last: 1972247 ns, Reaching safepoint: 86723 ns, At safepoint: 29020 ns, Total: 115743 ns
[2020-09-10T17:15:20.508+0000][1][gc,start     ] GC(1) Pause Young (Allocation Failure)
[2020-09-10T17:15:20.508+0000][1][gc,task      ] GC(1) Using 1 workers of 1 for evacuation
[2020-09-10T17:15:20.556+0000][1][gc,age       ] GC(1) Desired survivor size 4358144 bytes, new threshold 6 (max threshold 6)
[2020-09-10T17:15:20.556+0000][1][gc,age       ] GC(1) Age table with threshold 6 (max threshold 6)
[2020-09-10T17:15:20.556+0000][1][gc,age       ] GC(1) - age   1:    1800520 bytes,    1800520 total
[2020-09-10T17:15:20.556+0000][1][gc,heap      ] GC(1) ParNew: 74423K->4148K(76672K)
[2020-09-10T17:15:20.556+0000][1][gc,heap      ] GC(1) CMS: 0K->6757K(2011968K)
[2020-09-10T17:15:20.556+0000][1][gc,metaspace ] GC(1) Metaspace: 16040K->16040K(1064960K)
[2020-09-10T17:15:20.556+0000][1][gc           ] GC(1) Pause Young (Allocation Failure) 72M->10M(2039M) 48.120ms
[2020-09-10T17:15:20.556+0000][1][gc,cpu       ] GC(1) User=0.04s Sys=0.00s Real=0.04s
[2020-09-10T17:15:20.563+0000][1][safepoint    ] Safepoint "GenCollectForAllocation", Time since last: 46847278 ns, Reaching safepoint: 104125 ns, At safepoint: 54805049 ns, Total: 54909174 ns
[2020-09-10T17:15:20.570+0000][1][safepoint    ] Safepoint "BulkRevokeBias", Time since last: 6714279 ns, Reaching safepoint: 95087 ns, At safepoint: 59680 ns, Total: 154767 ns
[2020-09-10T17:15:20.570+0000][1][safepoint    ] Safepoint "RevokeBias", Time since last: 94591 ns, Reaching safepoint: 77497 ns, At safepoint: 15322 ns, Total: 92819 ns
[2020-09-10T17:15:20.570+0000][1][safepoint    ] Safepoint "RevokeBias", Time since last: 66299 ns, Reaching safepoint: 87291 ns, At safepoint: 16695 ns, Total: 103986 ns
[2020-09-10T17:15:20.570+0000][1][safepoint    ] Safepoint "RevokeBias", Time since last: 30923 ns, Reaching safepoint: 76998 ns, At safepoint: 15180 ns, Total: 92178 ns
[2020-09-10T17:15:20.570+0000][1][safepoint    ] Safepoint "RevokeBias", Time since last: 32503 ns, Reaching safepoint: 76842 ns, At safepoint: 15307 ns, Total: 92149 ns
[2020-09-10T17:15:20.570+0000][1][safepoint    ] Safepoint "RevokeBias", Time since last: 26823 ns, Reaching safepoint: 76958 ns, At safepoint: 23606 ns, Total: 100564 ns
[2020-09-10T17:15:20.570+0000][1][safepoint    ] Safepoint "BulkRevokeBias", Time since last: 31667 ns, Reaching safepoint: 77308 ns, At safepoint: 38378 ns, Total: 115686 ns
[2020-09-10T17:15:20.571+0000][1][safepoint    ] Safepoint "RevokeBias", Time since last: 27237 ns, Reaching safepoint: 76911 ns, At safepoint: 23553 ns, Total: 100464 ns
[2020-09-10T17:15:20.571+0000][1][safepoint    ] Safepoint "BulkRevokeBias", Time since last: 31904 ns, Reaching safepoint: 63995 ns, At safepoint: 35426 ns, Total: 99421 ns
[2020-09-10T17:15:20.918+0000][1][safepoint    ] Safepoint "RevokeBias", Time since last: 346969750 ns, Reaching safepoint: 172941 ns, At safepoint: 13598 ns, Total: 186539 ns
[2020-09-10T17:15:20.929+0000][1][safepoint    ] Safepoint "Deoptimize", Time since last: 10785966 ns, Reaching safepoint: 154159 ns, At safepoint: 201387 ns, Total: 355546 ns
[2020-09-10T17:15:21.115+0000][1][safepoint    ] Safepoint "Deoptimize", Time since last: 184695580 ns, Reaching safepoint: 166250 ns, At safepoint: 764705 ns, Total: 930955 ns
[2020-09-10T17:15:21.247+0000][1][gc,start     ] GC(2) Pause Young (Allocation Failure)
[2020-09-10T17:15:21.247+0000][1][gc,task      ] GC(2) Using 1 workers of 1 for evacuation
[2020-09-10T17:15:21.280+0000][1][gc,age       ] GC(2) Desired survivor size 4358144 bytes, new threshold 6 (max threshold 6)
[2020-09-10T17:15:21.280+0000][1][gc,age       ] GC(2) Age table with threshold 6 (max threshold 6)
[2020-09-10T17:15:21.280+0000][1][gc,age       ] GC(2) - age   1:    2712032 bytes,    2712032 total
[2020-09-10T17:15:21.280+0000][1][gc,age       ] GC(2) - age   2:    1607464 bytes,    4319496 total
[2020-09-10T17:15:21.280+0000][1][gc,heap      ] GC(2) ParNew: 72308K->5096K(76672K)
[2020-09-10T17:15:21.280+0000][1][gc,heap      ] GC(2) CMS: 6757K->6757K(2011968K)
[2020-09-10T17:15:21.280+0000][1][gc,metaspace ] GC(2) Metaspace: 19443K->19443K(1067008K)
[2020-09-10T17:15:21.280+0000][1][gc           ] GC(2) Pause Young (Allocation Failure) 77M->11M(2039M) 33.106ms
[2020-09-10T17:15:21.280+0000][1][gc,cpu       ] GC(2) User=0.03s Sys=0.00s Real=0.03s
[2020-09-10T17:15:21.280+0000][1][safepoint    ] Safepoint "GenCollectForAllocation", Time since last: 132065114 ns, Reaching safepoint: 143711 ns, At safepoint: 33171828 ns, Total: 33315539 ns
[2020-09-10T17:15:21.296+0000][1][safepoint    ] Safepoint "RevokeBias", Time since last: 10692281 ns, Reaching safepoint: 5082414 ns, At safepoint: 100933 ns, Total: 5183347 ns
[2020-09-10T17:15:21.297+0000][1][safepoint    ] Safepoint "RevokeBias", Time since last: 753787 ns, Reaching safepoint: 88610 ns, At safepoint: 66482 ns, Total: 155092 ns
[2020-09-10T17:15:21.297+0000][1][safepoint    ] Safepoint "RevokeBias", Time since last: 61975 ns, Reaching safepoint: 83204 ns, At safepoint: 62445 ns, Total: 145649 ns
[2020-09-10T17:15:21.297+0000][1][safepoint    ] Safepoint "RevokeBias", Time since last: 50154 ns, Reaching safepoint: 82403 ns, At safepoint: 62164 ns, Total: 144567 ns
[2020-09-10T17:15:21.297+0000][1][safepoint    ] Safepoint "RevokeBias", Time since last: 43065 ns, Reaching safepoint: 82690 ns, At safepoint: 64328 ns, Total: 147018 ns
[2020-09-10T17:15:21.298+0000][1][safepoint    ] Safepoint "RevokeBias", Time since last: 37662 ns, Reaching safepoint: 81924 ns, At safepoint: 65574 ns, Total: 147498 ns
[2020-09-10T17:15:21.298+0000][1][safepoint    ] Safepoint "RevokeBias", Time since last: 41516 ns, Reaching safepoint: 81985 ns, At safepoint: 65545 ns, Total: 147530 ns
[2020-09-10T17:15:21.299+0000][1][safepoint    ] Safepoint "RevokeBias", Time since last: 1202213 ns, Reaching safepoint: 98585 ns, At safepoint: 45015 ns, Total: 143600 ns
[2020-09-10T17:15:21.299+0000][1][safepoint    ] Safepoint "RevokeBias", Time since last: 49258 ns, Reaching safepoint: 82930 ns, At safepoint: 36511 ns, Total: 119441 ns
[2020-09-10T17:15:21.299+0000][1][safepoint    ] Safepoint "RevokeBias", Time since last: 29163 ns, Reaching safepoint: 81969 ns, At safepoint: 36036 ns, Total: 118005 ns
[2020-09-10T17:15:21.305+0000][1][safepoint    ] Safepoint "RevokeBias", Time since last: 4255728 ns, Reaching safepoint: 1038647 ns, At safepoint: 36409 ns, Total: 1075056 ns
[2020-09-10T17:15:21.307+0000][1][safepoint    ] Safepoint "RevokeBias", Time since last: 1941803 ns, Reaching safepoint: 97411 ns, At safepoint: 29641 ns, Total: 127052 ns
[2020-09-10T17:15:21.307+0000][1][safepoint    ] Safepoint "RevokeBias", Time since last: 61495 ns, Reaching safepoint: 80425 ns, At safepoint: 20736 ns, Total: 101161 ns
[2020-09-10T17:15:21.307+0000][1][safepoint    ] Safepoint "RevokeBias", Time since last: 27895 ns, Reaching safepoint: 78076 ns, At safepoint: 22142 ns, Total: 100218 ns
[2020-09-10T17:15:21.307+0000][1][safepoint    ] Safepoint "RevokeBias", Time since last: 125328 ns, Reaching safepoint: 77731 ns, At safepoint: 21819 ns, Total: 99550 ns
[2020-09-10T17:15:21.307+0000][1][safepoint    ] Safepoint "RevokeBias", Time since last: 27465 ns, Reaching safepoint: 76713 ns, At safepoint: 19993 ns, Total: 96706 ns
[2020-09-10T17:15:21.308+0000][1][safepoint    ] Safepoint "RevokeBias", Time since last: 31227 ns, Reaching safepoint: 77125 ns, At safepoint: 21628 ns, Total: 98753 ns
[2020-09-10T17:15:21.308+0000][1][safepoint    ] Safepoint "RevokeBias", Time since last: 31064 ns, Reaching safepoint: 77913 ns, At safepoint: 21941 ns, Total: 99854 ns
[2020-09-10T17:15:21.308+0000][1][safepoint    ] Safepoint "RevokeBias", Time since last: 26092 ns, Reaching safepoint: 78713 ns, At safepoint: 21293 ns, Total: 100006 ns
[2020-09-10T17:15:21.550+0000][1][gc,start     ] GC(3) Pause Young (Allocation Failure)
[2020-09-10T17:15:21.550+0000][1][gc,task      ] GC(3) Using 1 workers of 1 for evacuation
[2020-09-10T17:15:21.569+0000][1][gc,age       ] GC(3) Desired survivor size 4358144 bytes, new threshold 3 (max threshold 6)
[2020-09-10T17:15:21.569+0000][1][gc,age       ] GC(3) Age table with threshold 3 (max threshold 6)
[2020-09-10T17:15:21.569+0000][1][gc,age       ] GC(3) - age   1:    1466256 bytes,    1466256 total
[2020-09-10T17:15:21.569+0000][1][gc,age       ] GC(3) - age   2:    2450416 bytes,    3916672 total
[2020-09-10T17:15:21.569+0000][1][gc,age       ] GC(3) - age   3:    1607440 bytes,    5524112 total
[2020-09-10T17:15:21.569+0000][1][gc,heap      ] GC(3) ParNew: 73256K->7165K(76672K)
[2020-09-10T17:15:21.569+0000][1][gc,heap      ] GC(3) CMS: 6757K->6757K(2011968K)
[2020-09-10T17:15:21.569+0000][1][gc,metaspace ] GC(3) Metaspace: 19666K->19666K(1067008K)
[2020-09-10T17:15:21.569+0000][1][gc           ] GC(3) Pause Young (Allocation Failure) 78M->13M(2039M) 19.221ms
[2020-09-10T17:15:21.569+0000][1][gc,cpu       ] GC(3) User=0.02s Sys=0.00s Real=0.02s
[2020-09-10T17:15:21.579+0000][1][safepoint    ] Safepoint "GenCollectForAllocation", Time since last: 242028782 ns, Reaching safepoint: 119354 ns, At safepoint: 28715497 ns, Total: 28834851 ns
[2020-09-10T17:15:21.583+0000][1][safepoint    ] Safepoint "RevokeBias", Time since last: 3979450 ns, Reaching safepoint: 92793 ns, At safepoint: 24939 ns, Total: 117732 ns
[2020-09-10T17:15:21.593+0000][1][safepoint    ] Safepoint "RevokeBias", Time since last: 7697551 ns, Reaching safepoint: 2120996 ns, At safepoint: 30257 ns, Total: 2151253 ns
[2020-09-10T17:15:21.593+0000][1][safepoint    ] Safepoint "RevokeBias", Time since last: 368151 ns, Reaching safepoint: 82148 ns, At safepoint: 18786 ns, Total: 100934 ns
[2020-09-10T17:15:21.593+0000][1][safepoint    ] Safepoint "RevokeBias", Time since last: 33112 ns, Reaching safepoint: 78134 ns, At safepoint: 16772 ns, Total: 94906 ns
[2020-09-10T17:15:21.593+0000][1][safepoint    ] Safepoint "RevokeBias", Time since last: 32986 ns, Reaching safepoint: 78640 ns, At safepoint: 19636 ns, Total: 98276 ns
[2020-09-10T17:15:21.593+0000][1][safepoint    ] Safepoint "RevokeBias", Time since last: 28441 ns, Reaching safepoint: 77806 ns, At safepoint: 17997 ns, Total: 95803 ns
[2020-09-10T17:15:21.853+0000][1][gc,start     ] GC(4) Pause Young (Allocation Failure)
[2020-09-10T17:15:21.853+0000][1][gc,task      ] GC(4) Using 1 workers of 1 for evacuation
[2020-09-10T17:15:21.890+0000][1][gc,age       ] GC(4) Desired survivor size 4358144 bytes, new threshold 6 (max threshold 6)
[2020-09-10T17:15:21.891+0000][1][gc,age       ] GC(4) Age table with threshold 6 (max threshold 6)
[2020-09-10T17:15:21.891+0000][1][gc,age       ] GC(4) - age   1:    1238328 bytes,    1238328 total
[2020-09-10T17:15:21.891+0000][1][gc,age       ] GC(4) - age   2:     321624 bytes,    1559952 total
[2020-09-10T17:15:21.891+0000][1][gc,age       ] GC(4) - age   3:    2448984 bytes,    4008936 total
[2020-09-10T17:15:21.891+0000][1][gc,heap      ] GC(4) ParNew: 75325K->4941K(76672K)
[2020-09-10T17:15:21.891+0000][1][gc,heap      ] GC(4) CMS: 6757K->8341K(2011968K)
[2020-09-10T17:15:21.891+0000][1][gc,metaspace ] GC(4) Metaspace: 20212K->20212K(1067008K)
[2020-09-10T17:15:21.891+0000][1][gc           ] GC(4) Pause Young (Allocation Failure) 80M->12M(2039M) 37.726ms
[2020-09-10T17:15:21.895+0000][1][gc,cpu       ] GC(4) User=0.03s Sys=0.00s Real=0.04s
[2020-09-10T17:15:21.895+0000][1][safepoint    ] Safepoint "GenCollectForAllocation", Time since last: 259277724 ns, Reaching safepoint: 101712 ns, At safepoint: 41858379 ns, Total: 41960091 ns
[2020-09-10T17:15:21.901+0000][1][safepoint    ] Safepoint "BulkRevokeBias", Time since last: 6457410 ns, Reaching safepoint: 103734 ns, At safepoint: 64832 ns, Total: 168566 ns
[2020-09-10T17:15:21.902+0000][1][safepoint    ] Safepoint "RevokeBias", Time since last: 66781 ns, Reaching safepoint: 79447 ns, At safepoint: 21437 ns, Total: 100884 ns
[2020-09-10T17:15:21.902+0000][1][safepoint    ] Safepoint "RevokeBias", Time since last: 34783 ns, Reaching safepoint: 78830 ns, At safepoint: 25402 ns, Total: 104232 ns
[2020-09-10T17:15:21.902+0000][1][safepoint    ] Safepoint "RevokeBias", Time since last: 27419 ns, Reaching safepoint: 78351 ns, At safepoint: 26998 ns, Total: 105349 ns
[2020-09-10T17:15:21.972+0000][1][safepoint    ] Safepoint "CollectForMetadataAllocation", Time since last: 70087369 ns, Reaching safepoint: 102772 ns, At safepoint: 162979 ns, Total: 265751 ns
[2020-09-10T17:15:21.973+0000][1][safepoint    ] Safepoint "RevokeBias", Time since last: 630474 ns, Reaching safepoint: 81689 ns, At safepoint: 14129 ns, Total: 95818 ns
[2020-09-10T17:15:21.980+0000][1][safepoint    ] Safepoint "Deoptimize", Time since last: 6338401 ns, Reaching safepoint: 102601 ns, At safepoint: 212540 ns, Total: 315141 ns
[2020-09-10T17:15:21.995+0000][1][safepoint    ] Safepoint "RevokeBias", Time since last: 15162219 ns, Reaching safepoint: 108822 ns, At safepoint: 38104 ns, Total: 146926 ns
[2020-09-10T17:15:22.015+0000][1][safepoint    ] Safepoint "RevokeBias", Time since last: 20050255 ns, Reaching safepoint: 93898 ns, At safepoint: 30491 ns, Total: 124389 ns
[2020-09-10T17:15:22.019+0000][1][safepoint    ] Safepoint "RevokeBias", Time since last: 3643115 ns, Reaching safepoint: 86011 ns, At safepoint: 29212 ns, Total: 115223 ns
[2020-09-10T17:15:22.023+0000][1][safepoint    ] Safepoint "RevokeBias", Time since last: 4395117 ns, Reaching safepoint: 89884 ns, At safepoint: 33139 ns, Total: 123023 ns
[2020-09-10T17:15:22.034+0000][1][safepoint    ] Safepoint "RevokeBias", Time since last: 10156751 ns, Reaching safepoint: 95494 ns, At safepoint: 32669 ns, Total: 128163 ns
[2020-09-10T17:15:22.043+0000][1][safepoint    ] Safepoint "RevokeBias", Time since last: 9110546 ns, Reaching safepoint: 108947 ns, At safepoint: 41388 ns, Total: 150335 ns
[2020-09-10T17:15:22.045+0000][1][safepoint    ] Safepoint "RevokeBias", Time since last: 2221858 ns, Reaching safepoint: 89190 ns, At safepoint: 28546 ns, Total: 117736 ns
[2020-09-10T17:15:22.063+0000][1][safepoint    ] Safepoint "RevokeBias", Time since last: 17486284 ns, Reaching safepoint: 100998 ns, At safepoint: 45488 ns, Total: 146486 ns
[2020-09-10T17:15:22.065+0000][1][safepoint    ] Safepoint "RevokeBias", Time since last: 2102955 ns, Reaching safepoint: 92551 ns, At safepoint: 28931 ns, Total: 121482 ns
[2020-09-10T17:15:22.075+0000][1][safepoint    ] Safepoint "Deoptimize", Time since last: 9829105 ns, Reaching safepoint: 97915 ns, At safepoint: 209062 ns, Total: 306977 ns
[2020-09-10T17:15:22.087+0000][1][safepoint    ] Safepoint "RevokeBias", Time since last: 12066720 ns, Reaching safepoint: 98338 ns, At safepoint: 29995 ns, Total: 128333 ns
[2020-09-10T17:15:22.173+0000][1][safepoint    ] Safepoint "RevokeBias", Time since last: 85756347 ns, Reaching safepoint: 98954 ns, At safepoint: 29667 ns, Total: 128621 ns
[2020-09-10T17:15:22.176+0000][1][safepoint    ] Safepoint "RevokeBias", Time since last: 2764562 ns, Reaching safepoint: 87205 ns, At safepoint: 27260 ns, Total: 114465 ns
[2020-09-10T17:15:22.200+0000][1][gc,start     ] GC(5) Pause Young (Allocation Failure)
[2020-09-10T17:15:22.200+0000][1][gc,task      ] GC(5) Using 1 workers of 1 for evacuation
[2020-09-10T17:15:22.236+0000][1][gc,age       ] GC(5) Desired survivor size 4358144 bytes, new threshold 4 (max threshold 6)
[2020-09-10T17:15:22.236+0000][1][gc,age       ] GC(5) Age table with threshold 4 (max threshold 6)
[2020-09-10T17:15:22.236+0000][1][gc,age       ] GC(5) - age   1:    1623632 bytes,    1623632 total
[2020-09-10T17:15:22.236+0000][1][gc,age       ] GC(5) - age   2:    1217928 bytes,    2841560 total
[2020-09-10T17:15:22.236+0000][1][gc,age       ] GC(5) - age   3:     321624 bytes,    3163184 total
[2020-09-10T17:15:22.236+0000][1][gc,age       ] GC(5) - age   4:    2448984 bytes,    5612168 total
[2020-09-10T17:15:22.236+0000][1][gc,heap      ] GC(5) ParNew: 73101K->8343K(76672K)
[2020-09-10T17:15:22.236+0000][1][gc,heap      ] GC(5) CMS: 8341K->8341K(2011968K)
[2020-09-10T17:15:22.236+0000][1][gc,metaspace ] GC(5) Metaspace: 20537K->20537K(1069056K)
[2020-09-10T17:15:22.236+0000][1][gc           ] GC(5) Pause Young (Allocation Failure) 79M->16M(2039M) 36.197ms
[2020-09-10T17:15:22.236+0000][1][gc,cpu       ] GC(5) User=0.03s Sys=0.00s Real=0.03s
[2020-09-10T17:15:22.238+0000][1][safepoint    ] Safepoint "GenCollectForAllocation", Time since last: 23428359 ns, Reaching safepoint: 99256 ns, At safepoint: 37865821 ns, Total: 37965077 ns
[2020-09-10T17:15:22.245+0000][1][gc,start     ] GC(6) Pause Initial Mark
[2020-09-10T17:15:22.249+0000][1][gc           ] GC(6) Pause Initial Mark 22M->22M(2039M) 3.861ms
[2020-09-10T17:15:22.249+0000][1][gc,cpu       ] GC(6) User=0.00s Sys=0.00s Real=0.01s
[2020-09-10T17:15:22.259+0000][1][safepoint    ] Safepoint "CMS_Initial_Mark", Time since last: 5148357 ns, Reaching safepoint: 2096648 ns, At safepoint: 13911954 ns, Total: 16008602 ns
[2020-09-10T17:15:22.259+0000][1][gc           ] GC(6) Concurrent Mark
[2020-09-10T17:15:22.265+0000][1][safepoint    ] Safepoint "RevokeBias", Time since last: 3983854 ns, Reaching safepoint: 2155659 ns, At safepoint: 48982 ns, Total: 2204641 ns
[2020-09-10T17:15:22.267+0000][1][safepoint    ] Safepoint "RevokeBias", Time since last: 1804384 ns, Reaching safepoint: 92395 ns, At safepoint: 40565 ns, Total: 132960 ns
[2020-09-10T17:15:22.267+0000][1][safepoint    ] Safepoint "RevokeBias", Time since last: 44692 ns, Reaching safepoint: 79350 ns, At safepoint: 27573 ns, Total: 106923 ns
[2020-09-10T17:15:22.267+0000][1][safepoint    ] Safepoint "RevokeBias", Time since last: 28337 ns, Reaching safepoint: 77904 ns, At safepoint: 29419 ns, Total: 107323 ns
[2020-09-10T17:15:22.267+0000][1][safepoint    ] Safepoint "RevokeBias", Time since last: 23032 ns, Reaching safepoint: 77290 ns, At safepoint: 27816 ns, Total: 105106 ns
[2020-09-10T17:15:22.267+0000][1][safepoint    ] Safepoint "RevokeBias", Time since last: 31027 ns, Reaching safepoint: 77819 ns, At safepoint: 29947 ns, Total: 107766 ns
[2020-09-10T17:15:22.267+0000][1][safepoint    ] Safepoint "RevokeBias", Time since last: 22977 ns, Reaching safepoint: 77968 ns, At safepoint: 29872 ns, Total: 107840 ns
[2020-09-10T17:15:22.293+0000][1][gc           ] GC(6) Concurrent Mark 34.246ms
[2020-09-10T17:15:22.293+0000][1][gc,cpu       ] GC(6) User=0.03s Sys=0.00s Real=0.03s
[2020-09-10T17:15:22.293+0000][1][gc           ] GC(6) Concurrent Preclean
[2020-09-10T17:15:22.304+0000][1][gc           ] GC(6) Concurrent Preclean 10.460ms
[2020-09-10T17:15:22.304+0000][1][gc,cpu       ] GC(6) User=0.01s Sys=0.00s Real=0.01s
[2020-09-10T17:15:22.304+0000][1][gc           ] GC(6) Concurrent Abortable Preclean
[2020-09-10T17:15:22.326+0000][1][safepoint    ] Safepoint "RevokeBias", Time since last: 58340561 ns, Reaching safepoint: 34255 ns, At safepoint: 26224 ns, Total: 60479 ns
[2020-09-10T17:15:22.340+0000][1][safepoint    ] Safepoint "RevokeBias", Time since last: 13862362 ns, Reaching safepoint: 40917 ns, At safepoint: 33969 ns, Total: 74886 ns
[2020-09-10T17:15:22.359+0000][1][safepoint    ] Safepoint "CollectForMetadataAllocation", Time since last: 15185293 ns, Reaching safepoint: 3712874 ns, At safepoint: 130824 ns, Total: 3843698 ns
[2020-09-10T17:15:22.438+0000][1][safepoint    ] Safepoint "RevokeBias", Time since last: 79319411 ns, Reaching safepoint: 92652 ns, At safepoint: 82750 ns, Total: 175402 ns
[2020-09-10T17:15:22.448+0000][1][safepoint    ] Safepoint "RevokeBias", Time since last: 9801855 ns, Reaching safepoint: 35777 ns, At safepoint: 74339 ns, Total: 110116 ns
[2020-09-10T17:15:22.491+0000][1][gc,start     ] GC(7) Pause Young (Allocation Failure)
[2020-09-10T17:15:22.491+0000][1][gc,task      ] GC(7) Using 1 workers of 1 for evacuation
[2020-09-10T17:15:22.513+0000][1][gc,age       ] GC(7) Desired survivor size 4358144 bytes, new threshold 4 (max threshold 6)
[2020-09-10T17:15:22.513+0000][1][gc,age       ] GC(7) Age table with threshold 4 (max threshold 6)
[2020-09-10T17:15:22.513+0000][1][gc,age       ] GC(7) - age   1:    1274920 bytes,    1274920 total
[2020-09-10T17:15:22.513+0000][1][gc,age       ] GC(7) - age   2:    1587952 bytes,    2862872 total
[2020-09-10T17:15:22.513+0000][1][gc,age       ] GC(7) - age   3:    1217352 bytes,    4080224 total
[2020-09-10T17:15:22.513+0000][1][gc,age       ] GC(7) - age   4:     321624 bytes,    4401848 total
[2020-09-10T17:15:22.513+0000][1][gc,heap      ] GC(7) ParNew: 76503K->5153K(76672K)
[2020-09-10T17:15:22.513+0000][1][gc,heap      ] GC(7) CMS: 8341K->10750K(2011968K)
[2020-09-10T17:15:22.513+0000][1][gc,metaspace ] GC(7) Metaspace: 20626K->20626K(1069056K)
[2020-09-10T17:15:22.513+0000][1][gc           ] GC(7) Pause Young (Allocation Failure) 82M->15M(2039M) 22.060ms
[2020-09-10T17:15:22.513+0000][1][gc,cpu       ] GC(7) User=0.02s Sys=0.00s Real=0.02s
[2020-09-10T17:15:22.523+0000][1][safepoint    ] Safepoint "GenCollectForAllocation", Time since last: 36027509 ns, Reaching safepoint: 6418099 ns, At safepoint: 31956241 ns, Total: 38374340 ns
[2020-09-10T17:15:22.532+0000][1][safepoint    ] Safepoint "RevokeBias", Time since last: 7996250 ns, Reaching safepoint: 1069391 ns, At safepoint: 35844 ns, Total: 1105235 ns
[2020-09-10T17:15:22.538+0000][1][safepoint    ] Safepoint "BulkRevokeBias", Time since last: 2896365 ns, Reaching safepoint: 3207228 ns, At safepoint: 50013 ns, Total: 3257241 ns
[2020-09-10T17:15:22.538+0000][1][safepoint    ] Safepoint "BulkRevokeBias", Time since last: 131665 ns, Reaching safepoint: 80769 ns, At safepoint: 35873 ns, Total: 116642 ns
[2020-09-10T17:15:22.732+0000][1][gc           ] GC(6) Concurrent Abortable Preclean 428.400ms
[2020-09-10T17:15:22.732+0000][1][gc,cpu       ] GC(6) User=0.42s Sys=0.01s Real=0.43s
[2020-09-10T17:15:22.737+0000][1][gc,start     ] GC(6) Pause Remark
[2020-09-10T17:15:22.759+0000][1][gc           ] GC(6) Pause Remark 71M->71M(2039M) 22.035ms
[2020-09-10T17:15:22.759+0000][1][gc,cpu       ] GC(6) User=0.02s Sys=0.00s Real=0.03s
[2020-09-10T17:15:22.767+0000][1][safepoint    ] Safepoint "CMS_Final_Remark", Time since last: 198481761 ns, Reaching safepoint: 110437 ns, At safepoint: 29890553 ns, Total: 30000990 ns
[2020-09-10T17:15:22.767+0000][1][gc           ] GC(6) Concurrent Sweep
[2020-09-10T17:15:22.770+0000][1][gc           ] GC(6) Concurrent Sweep 2.959ms
[2020-09-10T17:15:22.770+0000][1][gc,cpu       ] GC(6) User=0.00s Sys=0.00s Real=0.00s
[2020-09-10T17:15:22.770+0000][1][gc           ] GC(6) Concurrent Reset
[2020-09-10T17:15:22.783+0000][1][gc           ] GC(6) Concurrent Reset 13.237ms
[2020-09-10T17:15:22.783+0000][1][gc,cpu       ] GC(6) User=0.01s Sys=0.00s Real=0.01s
[2020-09-10T17:15:22.783+0000][1][gc,heap      ] GC(6) Old: 8341K->10748K(2011968K)
[2020-09-10T17:15:22.800+0000][1][gc,start     ] GC(8) Pause Young (Allocation Failure)
[2020-09-10T17:15:22.800+0000][1][gc,task      ] GC(8) Using 1 workers of 1 for evacuation
[2020-09-10T17:15:22.818+0000][1][gc,age       ] GC(8) Desired survivor size 4358144 bytes, new threshold 4 (max threshold 6)
[2020-09-10T17:15:22.818+0000][1][gc,age       ] GC(8) Age table with threshold 4 (max threshold 6)
[2020-09-10T17:15:22.818+0000][1][gc,age       ] GC(8) - age   1:    1608432 bytes,    1608432 total
[2020-09-10T17:15:22.818+0000][1][gc,age       ] GC(8) - age   2:     416256 bytes,    2024688 total
[2020-09-10T17:15:22.818+0000][1][gc,age       ] GC(8) - age   3:    1585896 bytes,    3610584 total
[2020-09-10T17:15:22.818+0000][1][gc,age       ] GC(8) - age   4:    1216664 bytes,    4827248 total
[2020-09-10T17:15:22.818+0000][1][gc,heap      ] GC(8) ParNew: 73313K->8512K(76672K)
[2020-09-10T17:15:22.818+0000][1][gc,heap      ] GC(8) CMS: 10748K->11066K(2011968K)
[2020-09-10T17:15:22.818+0000][1][gc,metaspace ] GC(8) Metaspace: 20852K->20852K(1069056K)
[2020-09-10T17:15:22.818+0000][1][gc           ] GC(8) Pause Young (Allocation Failure) 82M->19M(2039M) 18.190ms
[2020-09-10T17:15:22.818+0000][1][gc,cpu       ] GC(8) User=0.02s Sys=0.00s Real=0.01s
[2020-09-10T17:15:22.823+0000][1][safepoint    ] Safepoint "GenCollectForAllocation", Time since last: 32714000 ns, Reaching safepoint: 416324 ns, At safepoint: 22907240 ns, Total: 23323564 ns
[2020-09-10T17:15:23.023+0000][1][gc,start     ] GC(9) Pause Young (Allocation Failure)
[2020-09-10T17:15:23.023+0000][1][gc,task      ] GC(9) Using 1 workers of 1 for evacuation
[2020-09-10T17:15:23.048+0000][1][gc,age       ] GC(9) Desired survivor size 4358144 bytes, new threshold 6 (max threshold 6)
[2020-09-10T17:15:23.048+0000][1][gc,age       ] GC(9) Age table with threshold 6 (max threshold 6)
[2020-09-10T17:15:23.048+0000][1][gc,age       ] GC(9) - age   1:     531328 bytes,     531328 total
[2020-09-10T17:15:23.049+0000][1][gc,age       ] GC(9) - age   2:     851344 bytes,    1382672 total
[2020-09-10T17:15:23.049+0000][1][gc,age       ] GC(9) - age   3:     416256 bytes,    1798928 total
[2020-09-10T17:15:23.049+0000][1][gc,age       ] GC(9) - age   4:    1585816 bytes,    3384744 total
[2020-09-10T17:15:23.049+0000][1][gc,heap      ] GC(9) ParNew: 76672K->5791K(76672K)
[2020-09-10T17:15:23.049+0000][1][gc,heap      ] GC(9) CMS: 11066K->12267K(2011968K)
[2020-09-10T17:15:23.049+0000][1][gc,metaspace ] GC(9) Metaspace: 21033K->21033K(1069056K)
[2020-09-10T17:15:23.049+0000][1][gc           ] GC(9) Pause Young (Allocation Failure) 85M->17M(2039M) 25.463ms
[2020-09-10T17:15:23.049+0000][1][gc,cpu       ] GC(9) User=0.02s Sys=0.00s Real=0.03s
[2020-09-10T17:15:23.055+0000][1][safepoint    ] Safepoint "GenCollectForAllocation", Time since last: 200308914 ns, Reaching safepoint: 100362 ns, At safepoint: 31599243 ns, Total: 31699605 ns
[2020-09-10T17:15:23.233+0000][1][gc,start     ] GC(10) Pause Young (Allocation Failure)
[2020-09-10T17:15:23.233+0000][1][gc,task      ] GC(10) Using 1 workers of 1 for evacuation
[2020-09-10T17:15:23.260+0000][1][gc,age       ] GC(10) Desired survivor size 4358144 bytes, new threshold 6 (max threshold 6)
[2020-09-10T17:15:23.260+0000][1][gc,age       ] GC(10) Age table with threshold 6 (max threshold 6)
[2020-09-10T17:15:23.260+0000][1][gc,age       ] GC(10) - age   1:     521024 bytes,     521024 total
[2020-09-10T17:15:23.260+0000][1][gc,age       ] GC(10) - age   2:     168592 bytes,     689616 total
[2020-09-10T17:15:23.260+0000][1][gc,age       ] GC(10) - age   3:     851344 bytes,    1540960 total
[2020-09-10T17:15:23.260+0000][1][gc,age       ] GC(10) - age   4:     416256 bytes,    1957216 total
[2020-09-10T17:15:23.260+0000][1][gc,age       ] GC(10) - age   5:    1585792 bytes,    3543008 total
[2020-09-10T17:15:23.260+0000][1][gc,heap      ] GC(10) ParNew: 73951K->3926K(76672K)
[2020-09-10T17:15:23.260+0000][1][gc,heap      ] GC(10) CMS: 12267K->12267K(2011968K)
[2020-09-10T17:15:23.260+0000][1][gc,metaspace ] GC(10) Metaspace: 21164K->21164K(1069056K)
[2020-09-10T17:15:23.260+0000][1][gc           ] GC(10) Pause Young (Allocation Failure) 84M->15M(2039M) 27.482ms
[2020-09-10T17:15:23.260+0000][1][gc,cpu       ] GC(10) User=0.02s Sys=0.00s Real=0.03s
[2020-09-10T17:15:23.263+0000][1][safepoint    ] Safepoint "GenCollectForAllocation", Time since last: 177891796 ns, Reaching safepoint: 107837 ns, At safepoint: 29969685 ns, Total: 30077522 ns
[2020-09-10T17:15:23.519+0000][1][gc,start     ] GC(11) Pause Young (Allocation Failure)
[2020-09-10T17:15:23.519+0000][1][gc,task      ] GC(11) Using 1 workers of 1 for evacuation
[2020-09-10T17:15:23.538+0000][1][gc,age       ] GC(11) Desired survivor size 4358144 bytes, new threshold 6 (max threshold 6)
[2020-09-10T17:15:23.538+0000][1][gc,age       ] GC(11) Age table with threshold 6 (max threshold 6)
[2020-09-10T17:15:23.538+0000][1][gc,age       ] GC(11) - age   1:     546384 bytes,     546384 total
[2020-09-10T17:15:23.538+0000][1][gc,age       ] GC(11) - age   2:     490496 bytes,    1036880 total
[2020-09-10T17:15:23.538+0000][1][gc,age       ] GC(11) - age   3:     168392 bytes,    1205272 total
[2020-09-10T17:15:23.538+0000][1][gc,age       ] GC(11) - age   4:     851344 bytes,    2056616 total
[2020-09-10T17:15:23.538+0000][1][gc,age       ] GC(11) - age   5:     416256 bytes,    2472872 total
[2020-09-10T17:15:23.538+0000][1][gc,age       ] GC(11) - age   6:    1584688 bytes,    4057560 total
[2020-09-10T17:15:23.538+0000][1][gc,heap      ] GC(11) ParNew: 72086K->6171K(76672K)
[2020-09-10T17:15:23.538+0000][1][gc,heap      ] GC(11) CMS: 12267K->12267K(2011968K)
[2020-09-10T17:15:23.538+0000][1][gc,metaspace ] GC(11) Metaspace: 21968K->21968K(1069056K)
[2020-09-10T17:15:23.538+0000][1][gc           ] GC(11) Pause Young (Allocation Failure) 82M->18M(2039M) 18.986ms
[2020-09-10T17:15:23.538+0000][1][gc,cpu       ] GC(11) User=0.02s Sys=0.00s Real=0.01s
[2020-09-10T17:15:23.543+0000][1][safepoint    ] Safepoint "GenCollectForAllocation", Time since last: 255996977 ns, Reaching safepoint: 105001 ns, At safepoint: 23900170 ns, Total: 24005171 ns
[2020-09-10T17:15:23.703+0000][1][gc,start     ] GC(12) Pause Young (Allocation Failure)
[2020-09-10T17:15:23.703+0000][1][gc,task      ] GC(12) Using 1 workers of 1 for evacuation
[2020-09-10T17:15:23.722+0000][1][gc,age       ] GC(12) Desired survivor size 4358144 bytes, new threshold 6 (max threshold 6)
[2020-09-10T17:15:23.722+0000][1][gc,age       ] GC(12) Age table with threshold 6 (max threshold 6)
[2020-09-10T17:15:23.722+0000][1][gc,age       ] GC(12) - age   1:     452544 bytes,     452544 total
[2020-09-10T17:15:23.722+0000][1][gc,age       ] GC(12) - age   2:     515696 bytes,     968240 total
[2020-09-10T17:15:23.722+0000][1][gc,age       ] GC(12) - age   3:     490496 bytes,    1458736 total
[2020-09-10T17:15:23.722+0000][1][gc,age       ] GC(12) - age   4:     168392 bytes,    1627128 total
[2020-09-10T17:15:23.722+0000][1][gc,age       ] GC(12) - age   5:     851344 bytes,    2478472 total
[2020-09-10T17:15:23.722+0000][1][gc,age       ] GC(12) - age   6:     415968 bytes,    2894440 total
[2020-09-10T17:15:23.722+0000][1][gc,heap      ] GC(12) ParNew: 74331K->3743K(76672K)
[2020-09-10T17:15:23.722+0000][1][gc,heap      ] GC(12) CMS: 12267K->13827K(2011968K)
[2020-09-10T17:15:23.722+0000][1][gc,metaspace ] GC(12) Metaspace: 21984K->21984K(1069056K)
[2020-09-10T17:15:23.722+0000][1][gc           ] GC(12) Pause Young (Allocation Failure) 84M->17M(2039M) 18.912ms
[2020-09-10T17:15:23.722+0000][1][gc,cpu       ] GC(12) User=0.02s Sys=0.00s Real=0.02s
[2020-09-10T17:15:23.727+0000][1][safepoint    ] Safepoint "GenCollectForAllocation", Time since last: 160407831 ns, Reaching safepoint: 102492 ns, At safepoint: 24034318 ns, Total: 24136810 ns
[2020-09-10T17:15:23.890+0000][1][gc,start     ] GC(13) Pause Young (Allocation Failure)
[2020-09-10T17:15:23.890+0000][1][gc,task      ] GC(13) Using 1 workers of 1 for evacuation
[2020-09-10T17:15:23.907+0000][1][gc,age       ] GC(13) Desired survivor size 4358144 bytes, new threshold 6 (max threshold 6)
[2020-09-10T17:15:23.907+0000][1][gc,age       ] GC(13) Age table with threshold 6 (max threshold 6)
[2020-09-10T17:15:23.907+0000][1][gc,age       ] GC(13) - age   1:     790184 bytes,     790184 total
[2020-09-10T17:15:23.907+0000][1][gc,age       ] GC(13) - age   2:     102488 bytes,     892672 total
[2020-09-10T17:15:23.907+0000][1][gc,age       ] GC(13) - age   3:     515584 bytes,    1408256 total
[2020-09-10T17:15:23.907+0000][1][gc,age       ] GC(13) - age   4:     490496 bytes,    1898752 total
[2020-09-10T17:15:23.907+0000][1][gc,age       ] GC(13) - age   5:     168392 bytes,    2067144 total
[2020-09-10T17:15:23.907+0000][1][gc,age       ] GC(13) - age   6:     851344 bytes,    2918488 total
[2020-09-10T17:15:23.907+0000][1][gc,heap      ] GC(13) ParNew: 71903K->3055K(76672K)
[2020-09-10T17:15:23.907+0000][1][gc,heap      ] GC(13) CMS: 13827K->14237K(2011968K)
[2020-09-10T17:15:23.907+0000][1][gc,metaspace ] GC(13) Metaspace: 22086K->22086K(1069056K)
[2020-09-10T17:15:23.907+0000][1][gc           ] GC(13) Pause Young (Allocation Failure) 83M->16M(2039M) 17.006ms
[2020-09-10T17:15:23.907+0000][1][gc,cpu       ] GC(13) User=0.02s Sys=0.00s Real=0.02s
[2020-09-10T17:15:23.911+0000][1][safepoint    ] Safepoint "GenCollectForAllocation", Time since last: 162679247 ns, Reaching safepoint: 99066 ns, At safepoint: 20693160 ns, Total: 20792226 ns
[2020-09-10T17:15:24.087+0000][1][gc,start     ] GC(14) Pause Young (Allocation Failure)
[2020-09-10T17:15:24.087+0000][1][gc,task      ] GC(14) Using 1 workers of 1 for evacuation
[2020-09-10T17:15:24.116+0000][1][gc,age       ] GC(14) Desired survivor size 4358144 bytes, new threshold 6 (max threshold 6)
[2020-09-10T17:15:24.116+0000][1][gc,age       ] GC(14) Age table with threshold 6 (max threshold 6)
[2020-09-10T17:15:24.116+0000][1][gc,age       ] GC(14) - age   1:     338584 bytes,     338584 total
[2020-09-10T17:15:24.116+0000][1][gc,age       ] GC(14) - age   2:     101920 bytes,     440504 total
[2020-09-10T17:15:24.116+0000][1][gc,age       ] GC(14) - age   3:     102488 bytes,     542992 total
[2020-09-10T17:15:24.116+0000][1][gc,age       ] GC(14) - age   4:     515584 bytes,    1058576 total
[2020-09-10T17:15:24.116+0000][1][gc,age       ] GC(14) - age   5:     490496 bytes,    1549072 total
[2020-09-10T17:15:24.116+0000][1][gc,age       ] GC(14) - age   6:     168392 bytes,    1717464 total
[2020-09-10T17:15:24.116+0000][1][gc,heap      ] GC(14) ParNew: 71215K->2901K(76672K)
[2020-09-10T17:15:24.116+0000][1][gc,heap      ] GC(14) CMS: 14237K->15075K(2011968K)
[2020-09-10T17:15:24.116+0000][1][gc,metaspace ] GC(14) Metaspace: 22180K->22180K(1069056K)
[2020-09-10T17:15:24.116+0000][1][gc           ] GC(14) Pause Young (Allocation Failure) 83M->17M(2039M) 28.873ms
[2020-09-10T17:15:24.116+0000][1][gc,cpu       ] GC(14) User=0.03s Sys=0.00s Real=0.02s
[2020-09-10T17:15:24.116+0000][1][safepoint    ] Safepoint "GenCollectForAllocation", Time since last: 176008557 ns, Reaching safepoint: 118619 ns, At safepoint: 28952165 ns, Total: 29070784 ns
[2020-09-10T17:15:24.271+0000][1][gc,start     ] GC(15) Pause Young (Allocation Failure)
[2020-09-10T17:15:24.271+0000][1][gc,task      ] GC(15) Using 1 workers of 1 for evacuation
[2020-09-10T17:15:24.301+0000][1][gc,age       ] GC(15) Desired survivor size 4358144 bytes, new threshold 6 (max threshold 6)
[2020-09-10T17:15:24.301+0000][1][gc,age       ] GC(15) Age table with threshold 6 (max threshold 6)
[2020-09-10T17:15:24.301+0000][1][gc,age       ] GC(15) - age   1:    1403176 bytes,    1403176 total
[2020-09-10T17:15:24.301+0000][1][gc,age       ] GC(15) - age   2:     319568 bytes,    1722744 total
[2020-09-10T17:15:24.301+0000][1][gc,age       ] GC(15) - age   3:     101920 bytes,    1824664 total
[2020-09-10T17:15:24.301+0000][1][gc,age       ] GC(15) - age   4:     102488 bytes,    1927152 total
[2020-09-10T17:15:24.301+0000][1][gc,age       ] GC(15) - age   5:     515584 bytes,    2442736 total
[2020-09-10T17:15:24.301+0000][1][gc,age       ] GC(15) - age   6:     490496 bytes,    2933232 total
[2020-09-10T17:15:24.302+0000][1][gc,heap      ] GC(15) ParNew: 71061K->4062K(76672K)
[2020-09-10T17:15:24.302+0000][1][gc,heap      ] GC(15) CMS: 15075K->15244K(2011968K)
[2020-09-10T17:15:24.302+0000][1][gc,metaspace ] GC(15) Metaspace: 22247K->22247K(1071104K)
[2020-09-10T17:15:24.302+0000][1][gc           ] GC(15) Pause Young (Allocation Failure) 84M->18M(2039M) 30.296ms
[2020-09-10T17:15:24.302+0000][1][gc,cpu       ] GC(15) User=0.03s Sys=0.00s Real=0.03s
[2020-09-10T17:15:24.307+0000][1][safepoint    ] Safepoint "GenCollectForAllocation", Time since last: 155368766 ns, Reaching safepoint: 103995 ns, At safepoint: 35443161 ns, Total: 35547156 ns
[2020-09-10T17:15:24.441+0000][1][safepoint    ] Safepoint "Deoptimize", Time since last: 133693301 ns, Reaching safepoint: 101086 ns, At safepoint: 200759 ns, Total: 301845 ns
[2020-09-10T17:15:24.529+0000][1][safepoint    ] Safepoint "RevokeBias", Time since last: 88344400 ns, Reaching safepoint: 110214 ns, At safepoint: 13464 ns, Total: 123678 ns
[2020-09-10T17:15:24.842+0000][1][gc,start     ] GC(16) Pause Young (Allocation Failure)
[2020-09-10T17:15:24.842+0000][1][gc,task      ] GC(16) Using 1 workers of 1 for evacuation
[2020-09-10T17:15:24.860+0000][1][gc,age       ] GC(16) Desired survivor size 4358144 bytes, new threshold 6 (max threshold 6)
[2020-09-10T17:15:24.860+0000][1][gc,age       ] GC(16) Age table with threshold 6 (max threshold 6)
[2020-09-10T17:15:24.860+0000][1][gc,age       ] GC(16) - age   1:     972120 bytes,     972120 total
[2020-09-10T17:15:24.860+0000][1][gc,age       ] GC(16) - age   2:     148280 bytes,    1120400 total
[2020-09-10T17:15:24.860+0000][1][gc,age       ] GC(16) - age   3:     319568 bytes,    1439968 total
[2020-09-10T17:15:24.860+0000][1][gc,age       ] GC(16) - age   4:     101920 bytes,    1541888 total
[2020-09-10T17:15:24.860+0000][1][gc,age       ] GC(16) - age   5:     102488 bytes,    1644376 total
[2020-09-10T17:15:24.860+0000][1][gc,age       ] GC(16) - age   6:     515432 bytes,    2159808 total
[2020-09-10T17:15:24.860+0000][1][gc,heap      ] GC(16) ParNew: 72222K->2486K(76672K)
[2020-09-10T17:15:24.860+0000][1][gc,heap      ] GC(16) CMS: 15244K->15728K(2011968K)
[2020-09-10T17:15:24.860+0000][1][gc,metaspace ] GC(16) Metaspace: 24314K->24314K(1071104K)
[2020-09-10T17:15:24.860+0000][1][gc           ] GC(16) Pause Young (Allocation Failure) 85M->17M(2039M) 17.455ms
[2020-09-10T17:15:24.860+0000][1][gc,cpu       ] GC(16) User=0.02s Sys=0.00s Real=0.02s
[2020-09-10T17:15:24.867+0000][1][safepoint    ] Safepoint "GenCollectForAllocation", Time since last: 312884131 ns, Reaching safepoint: 211640 ns, At safepoint: 24429410 ns, Total: 24641050 ns
[2020-09-10T17:15:25.041+0000][1][safepoint    ] Safepoint "RevokeBias", Time since last: 174185672 ns, Reaching safepoint: 106488 ns, At safepoint: 14730 ns, Total: 121218 ns
[2020-09-10T17:15:25.054+0000][1][safepoint    ] Safepoint "RevokeBias", Time since last: 12953715 ns, Reaching safepoint: 43083 ns, At safepoint: 15968 ns, Total: 59051 ns
[2020-09-10T17:15:25.054+0000][1][safepoint    ] Safepoint "RevokeBias", Time since last: 133221 ns, Reaching safepoint: 10499 ns, At safepoint: 8992 ns, Total: 19491 ns
[2020-09-10T17:15:25.283+0000][1][safepoint    ] Safepoint "Deoptimize", Time since last: 228248198 ns, Reaching safepoint: 113099 ns, At safepoint: 237833 ns, Total: 350932 ns
[2020-09-10T17:15:25.305+0000][1][safepoint    ] Safepoint "Deoptimize", Time since last: 21584431 ns, Reaching safepoint: 98371 ns, At safepoint: 215333 ns, Total: 313704 ns
[2020-09-10T17:15:25.314+0000][1][safepoint    ] Safepoint "Deoptimize", Time since last: 9048706 ns, Reaching safepoint: 98280 ns, At safepoint: 238962 ns, Total: 337242 ns
[2020-09-10T17:15:26.445+0000][1][safepoint    ] Safepoint "Cleanup", Time since last: 1128121952 ns, Reaching safepoint: 2431944 ns, At safepoint: 10482 ns, Total: 2442426 ns
[2020-09-10T17:15:26.820+0000][1][gc,start     ] GC(17) Pause Young (Allocation Failure)
[2020-09-10T17:15:26.820+0000][1][gc,task      ] GC(17) Using 1 workers of 1 for evacuation
[2020-09-10T17:15:26.862+0000][1][gc,age       ] GC(17) Desired survivor size 4358144 bytes, new threshold 1 (max threshold 6)
[2020-09-10T17:15:26.862+0000][1][gc,age       ] GC(17) Age table with threshold 1 (max threshold 6)
[2020-09-10T17:15:26.862+0000][1][gc,age       ] GC(17) - age   1:    7461760 bytes,    7461760 total
[2020-09-10T17:15:26.862+0000][1][gc,age       ] GC(17) - age   2:     611840 bytes,    8073600 total
[2020-09-10T17:15:26.862+0000][1][gc,age       ] GC(17) - age   3:     141616 bytes,    8215216 total
[2020-09-10T17:15:26.862+0000][1][gc,age       ] GC(17) - age   4:     308264 bytes,    8523480 total
[2020-09-10T17:15:26.862+0000][1][gc,age       ] GC(17) - age   5:      93712 bytes,    8617192 total
[2020-09-10T17:15:26.862+0000][1][gc,age       ] GC(17) - age   6:      98904 bytes,    8716096 total
[2020-09-10T17:15:26.862+0000][1][gc,heap      ] GC(17) ParNew: 70646K->8512K(76672K)
[2020-09-10T17:15:26.862+0000][1][gc,heap      ] GC(17) CMS: 15728K->17748K(2011968K)
[2020-09-10T17:15:26.862+0000][1][gc,metaspace ] GC(17) Metaspace: 29021K->29021K(1077248K)
[2020-09-10T17:15:26.862+0000][1][gc           ] GC(17) Pause Young (Allocation Failure) 84M->25M(2039M) 42.036ms
[2020-09-10T17:15:26.862+0000][1][gc,cpu       ] GC(17) User=0.04s Sys=0.00s Real=0.04s
[2020-09-10T17:15:26.868+0000][1][safepoint    ] Safepoint "GenCollectForAllocation", Time since last: 374940039 ns, Reaching safepoint: 111081 ns, At safepoint: 48527276 ns, Total: 48638357 ns
[2020-09-10T17:15:27.152+0000][1][safepoint    ] Safepoint "RevokeBias", Time since last: 283699378 ns, Reaching safepoint: 109271 ns, At safepoint: 24991 ns, Total: 134262 ns
[2020-09-10T17:15:28.112+0000][1][gc,start     ] GC(18) Pause Young (Allocation Failure)
[2020-09-10T17:15:28.112+0000][1][gc,task      ] GC(18) Using 1 workers of 1 for evacuation
[2020-09-10T17:15:28.169+0000][1][gc,age       ] GC(18) Desired survivor size 4358144 bytes, new threshold 1 (max threshold 6)
[2020-09-10T17:15:28.169+0000][1][gc,age       ] GC(18) Age table with threshold 1 (max threshold 6)
[2020-09-10T17:15:28.169+0000][1][gc,age       ] GC(18) - age   1:    8716224 bytes,    8716224 total
[2020-09-10T17:15:28.169+0000][1][gc,heap      ] GC(18) ParNew: 76672K->8512K(76672K)
[2020-09-10T17:15:28.169+0000][1][gc,heap      ] GC(18) CMS: 17748K->27174K(2011968K)
[2020-09-10T17:15:28.169+0000][1][gc,metaspace ] GC(18) Metaspace: 29091K->29091K(1077248K)
[2020-09-10T17:15:28.169+0000][1][gc           ] GC(18) Pause Young (Allocation Failure) 92M->34M(2039M) 57.344ms
[2020-09-10T17:15:28.169+0000][1][gc,cpu       ] GC(18) User=0.06s Sys=0.00s Real=0.06s
[2020-09-10T17:15:28.176+0000][1][safepoint    ] Safepoint "GenCollectForAllocation", Time since last: 959982336 ns, Reaching safepoint: 117086 ns, At safepoint: 64209686 ns, Total: 64326772 ns
[2020-09-10T17:15:29.188+0000][1][safepoint    ] Safepoint "Cleanup", Time since last: 1006419245 ns, Reaching safepoint: 5343740 ns, At safepoint: 7849 ns, Total: 5351589 ns
[2020-09-10T17:15:29.216+0000][1][gc,start     ] GC(19) Pause Young (Allocation Failure)
[2020-09-10T17:15:29.216+0000][1][gc,task      ] GC(19) Using 1 workers of 1 for evacuation
[2020-09-10T17:15:29.293+0000][1][gc,age       ] GC(19) Desired survivor size 4358144 bytes, new threshold 1 (max threshold 6)
[2020-09-10T17:15:29.293+0000][1][gc,age       ] GC(19) Age table with threshold 1 (max threshold 6)
[2020-09-10T17:15:29.293+0000][1][gc,age       ] GC(19) - age   1:    8374336 bytes,    8374336 total
[2020-09-10T17:15:29.293+0000][1][gc,heap      ] GC(19) ParNew: 76672K->8512K(76672K)
[2020-09-10T17:15:29.293+0000][1][gc,heap      ] GC(19) CMS: 27174K->35541K(2011968K)
[2020-09-10T17:15:29.293+0000][1][gc,metaspace ] GC(19) Metaspace: 29241K->29241K(1077248K)
[2020-09-10T17:15:29.293+0000][1][gc           ] GC(19) Pause Young (Allocation Failure) 101M->43M(2039M) 77.593ms
[2020-09-10T17:15:29.293+0000][1][gc,cpu       ] GC(19) User=0.08s Sys=0.00s Real=0.08s
[2020-09-10T17:15:29.299+0000][1][safepoint    ] Safepoint "GenCollectForAllocation", Time since last: 27579961 ns, Reaching safepoint: 97545 ns, At safepoint: 82909242 ns, Total: 83006787 ns
[2020-09-10T17:15:30.127+0000][1][safepoint    ] Safepoint "Deoptimize", Time since last: 828079126 ns, Reaching safepoint: 196562 ns, At safepoint: 249558 ns, Total: 446120 ns
[2020-09-10T17:15:30.402+0000][1][gc,start     ] GC(20) Pause Young (Allocation Failure)
[2020-09-10T17:15:30.402+0000][1][gc,task      ] GC(20) Using 1 workers of 1 for evacuation
[2020-09-10T17:15:30.438+0000][1][gc,age       ] GC(20) Desired survivor size 4358144 bytes, new threshold 6 (max threshold 6)
[2020-09-10T17:15:30.438+0000][1][gc,age       ] GC(20) Age table with threshold 6 (max threshold 6)
[2020-09-10T17:15:30.438+0000][1][gc,age       ] GC(20) - age   1:    2249936 bytes,    2249936 total
[2020-09-10T17:15:30.438+0000][1][gc,heap      ] GC(20) ParNew: 76672K->8162K(76672K)
[2020-09-10T17:15:30.438+0000][1][gc,heap      ] GC(20) CMS: 35541K->43206K(2011968K)
[2020-09-10T17:15:30.438+0000][1][gc,metaspace ] GC(20) Metaspace: 31648K->31648K(1079296K)
[2020-09-10T17:15:30.438+0000][1][gc           ] GC(20) Pause Young (Allocation Failure) 109M->50M(2039M) 36.401ms
[2020-09-10T17:15:30.438+0000][1][gc,cpu       ] GC(20) User=0.03s Sys=0.00s Real=0.03s
[2020-09-10T17:15:30.443+0000][1][safepoint    ] Safepoint "GenCollectForAllocation", Time since last: 274470945 ns, Reaching safepoint: 145665 ns, At safepoint: 40855310 ns, Total: 41000975 ns
[2020-09-10T17:15:30.845+0000][1][safepoint    ] Safepoint "Deoptimize", Time since last: 401530392 ns, Reaching safepoint: 165545 ns, At safepoint: 269967 ns, Total: 435512 ns
[2020-09-10T17:15:31.311+0000][1][gc,start     ] GC(21) Pause Young (Allocation Failure)
[2020-09-10T17:15:31.311+0000][1][gc,task      ] GC(21) Using 1 workers of 1 for evacuation
[2020-09-10T17:15:31.332+0000][1][gc,age       ] GC(21) Desired survivor size 4358144 bytes, new threshold 6 (max threshold 6)
[2020-09-10T17:15:31.332+0000][1][gc,age       ] GC(21) Age table with threshold 6 (max threshold 6)
[2020-09-10T17:15:31.332+0000][1][gc,age       ] GC(21) - age   1:     644720 bytes,     644720 total
[2020-09-10T17:15:31.332+0000][1][gc,age       ] GC(21) - age   2:    2106584 bytes,    2751304 total
[2020-09-10T17:15:31.332+0000][1][gc,heap      ] GC(21) ParNew: 76322K->5180K(76672K)
[2020-09-10T17:15:31.332+0000][1][gc,heap      ] GC(21) CMS: 43206K->43206K(2011968K)
[2020-09-10T17:15:31.332+0000][1][gc,metaspace ] GC(21) Metaspace: 31740K->31740K(1079296K)
[2020-09-10T17:15:31.332+0000][1][gc           ] GC(21) Pause Young (Allocation Failure) 116M->47M(2039M) 20.589ms
[2020-09-10T17:15:31.332+0000][1][gc,cpu       ] GC(21) User=0.02s Sys=0.00s Real=0.02s
[2020-09-10T17:15:31.339+0000][1][safepoint    ] Safepoint "GenCollectForAllocation", Time since last: 466661844 ns, Reaching safepoint: 117703 ns, At safepoint: 27146985 ns, Total: 27264688 ns
[2020-09-10T17:15:31.639+0000][1][gc,start     ] GC(22) Pause Young (Allocation Failure)
[2020-09-10T17:15:31.639+0000][1][gc,task      ] GC(22) Using 1 workers of 1 for evacuation
[2020-09-10T17:15:31.656+0000][1][gc,age       ] GC(22) Desired survivor size 4358144 bytes, new threshold 6 (max threshold 6)
[2020-09-10T17:15:31.656+0000][1][gc,age       ] GC(22) Age table with threshold 6 (max threshold 6)
[2020-09-10T17:15:31.656+0000][1][gc,age       ] GC(22) - age   1:        264 bytes,        264 total
[2020-09-10T17:15:31.656+0000][1][gc,age       ] GC(22) - age   2:     644480 bytes,     644744 total
[2020-09-10T17:15:31.656+0000][1][gc,age       ] GC(22) - age   3:    2106584 bytes,    2751328 total
[2020-09-10T17:15:31.656+0000][1][gc,heap      ] GC(22) ParNew: 73340K->3310K(76672K)
[2020-09-10T17:15:31.656+0000][1][gc,heap      ] GC(22) CMS: 43206K->43206K(2011968K)
[2020-09-10T17:15:31.656+0000][1][gc,metaspace ] GC(22) Metaspace: 31752K->31752K(1079296K)
[2020-09-10T17:15:31.656+0000][1][gc           ] GC(22) Pause Young (Allocation Failure) 113M->45M(2039M) 16.727ms
[2020-09-10T17:15:31.656+0000][1][gc,cpu       ] GC(22) User=0.01s Sys=0.00s Real=0.01s
[2020-09-10T17:15:31.663+0000][1][safepoint    ] Safepoint "GenCollectForAllocation", Time since last: 300481943 ns, Reaching safepoint: 100266 ns, At safepoint: 23533205 ns, Total: 23633471 ns
[2020-09-10T17:15:31.802+0000][1][gc,start     ] GC(23) Pause Young (Allocation Failure)
[2020-09-10T17:15:31.802+0000][1][gc,task      ] GC(23) Using 1 workers of 1 for evacuation
[2020-09-10T17:15:31.819+0000][1][gc,age       ] GC(23) Desired survivor size 4358144 bytes, new threshold 6 (max threshold 6)
[2020-09-10T17:15:31.819+0000][1][gc,age       ] GC(23) Age table with threshold 6 (max threshold 6)
[2020-09-10T17:15:31.819+0000][1][gc,age       ] GC(23) - age   1:        224 bytes,        224 total
[2020-09-10T17:15:31.819+0000][1][gc,age       ] GC(23) - age   2:        264 bytes,        488 total
[2020-09-10T17:15:31.819+0000][1][gc,age       ] GC(23) - age   3:     644480 bytes,     644968 total
[2020-09-10T17:15:31.819+0000][1][gc,age       ] GC(23) - age   4:    2106584 bytes,    2751552 total
[2020-09-10T17:15:31.819+0000][1][gc,heap      ] GC(23) ParNew: 71470K->4857K(76672K)
[2020-09-10T17:15:31.819+0000][1][gc,heap      ] GC(23) CMS: 43206K->43206K(2011968K)
[2020-09-10T17:15:31.819+0000][1][gc,metaspace ] GC(23) Metaspace: 31755K->31755K(1079296K)
[2020-09-10T17:15:31.819+0000][1][gc           ] GC(23) Pause Young (Allocation Failure) 111M->46M(2039M) 16.889ms
[2020-09-10T17:15:31.819+0000][1][gc,cpu       ] GC(23) User=0.01s Sys=0.00s Real=0.02s
[2020-09-10T17:15:31.823+0000][1][safepoint    ] Safepoint "GenCollectForAllocation", Time since last: 139498765 ns, Reaching safepoint: 151514 ns, At safepoint: 20380625 ns, Total: 20532139 ns
[2020-09-10T17:15:31.963+0000][1][gc,start     ] GC(24) Pause Young (Allocation Failure)
[2020-09-10T17:15:31.963+0000][1][gc,task      ] GC(24) Using 1 workers of 1 for evacuation
[2020-09-10T17:15:31.995+0000][1][gc,age       ] GC(24) Desired survivor size 4358144 bytes, new threshold 6 (max threshold 6)
[2020-09-10T17:15:31.995+0000][1][gc,age       ] GC(24) Age table with threshold 6 (max threshold 6)
[2020-09-10T17:15:31.995+0000][1][gc,age       ] GC(24) - age   1:        192 bytes,        192 total
[2020-09-10T17:15:31.995+0000][1][gc,age       ] GC(24) - age   3:        264 bytes,        456 total
[2020-09-10T17:15:31.995+0000][1][gc,age       ] GC(24) - age   4:     644480 bytes,     644936 total
[2020-09-10T17:15:31.995+0000][1][gc,age       ] GC(24) - age   5:    2106584 bytes,    2751520 total
[2020-09-10T17:15:31.995+0000][1][gc,heap      ] GC(24) ParNew: 73017K->3229K(76672K)
[2020-09-10T17:15:31.995+0000][1][gc,heap      ] GC(24) CMS: 43206K->43206K(2011968K)
[2020-09-10T17:15:31.995+0000][1][gc,metaspace ] GC(24) Metaspace: 31755K->31755K(1079296K)
[2020-09-10T17:15:31.995+0000][1][gc           ] GC(24) Pause Young (Allocation Failure) 113M->45M(2039M) 32.442ms
[2020-09-10T17:15:31.995+0000][1][gc,cpu       ] GC(24) User=0.03s Sys=0.00s Real=0.03s
[2020-09-10T17:15:31.995+0000][1][safepoint    ] Safepoint "GenCollectForAllocation", Time since last: 139971142 ns, Reaching safepoint: 115352 ns, At safepoint: 32532092 ns, Total: 32647444 ns
[2020-09-10T17:15:32.115+0000][1][gc,start     ] GC(25) Pause Young (Allocation Failure)
[2020-09-10T17:15:32.115+0000][1][gc,task      ] GC(25) Using 1 workers of 1 for evacuation
[2020-09-10T17:15:32.136+0000][1][gc,age       ] GC(25) Desired survivor size 4358144 bytes, new threshold 6 (max threshold 6)
[2020-09-10T17:15:32.136+0000][1][gc,age       ] GC(25) Age table with threshold 6 (max threshold 6)
[2020-09-10T17:15:32.136+0000][1][gc,age       ] GC(25) - age   1:        224 bytes,        224 total
[2020-09-10T17:15:32.136+0000][1][gc,age       ] GC(25) - age   4:        264 bytes,        488 total
[2020-09-10T17:15:32.136+0000][1][gc,age       ] GC(25) - age   5:     644480 bytes,     644968 total
[2020-09-10T17:15:32.136+0000][1][gc,age       ] GC(25) - age   6:    2106584 bytes,    2751552 total
[2020-09-10T17:15:32.136+0000][1][gc,heap      ] GC(25) ParNew: 71389K->4837K(76672K)
[2020-09-10T17:15:32.136+0000][1][gc,heap      ] GC(25) CMS: 43206K->43206K(2011968K)
[2020-09-10T17:15:32.136+0000][1][gc,metaspace ] GC(25) Metaspace: 31755K->31755K(1079296K)
[2020-09-10T17:15:32.136+0000][1][gc           ] GC(25) Pause Young (Allocation Failure) 111M->46M(2039M) 21.258ms
[2020-09-10T17:15:32.136+0000][1][gc,cpu       ] GC(25) User=0.02s Sys=0.00s Real=0.02s
[2020-09-10T17:15:32.140+0000][1][safepoint    ] Safepoint "GenCollectForAllocation", Time since last: 119360962 ns, Reaching safepoint: 102096 ns, At safepoint: 25015600 ns, Total: 25117696 ns
[2020-09-10T17:15:32.240+0000][1][gc,start     ] GC(26) Pause Young (Allocation Failure)
[2020-09-10T17:15:32.241+0000][1][gc,task      ] GC(26) Using 1 workers of 1 for evacuation
[2020-09-10T17:15:32.267+0000][1][gc,age       ] GC(26) Desired survivor size 4358144 bytes, new threshold 6 (max threshold 6)
[2020-09-10T17:15:32.268+0000][1][gc,age       ] GC(26) Age table with threshold 6 (max threshold 6)
[2020-09-10T17:15:32.268+0000][1][gc,age       ] GC(26) - age   1:         24 bytes,         24 total
[2020-09-10T17:15:32.268+0000][1][gc,age       ] GC(26) - age   5:        264 bytes,        288 total
[2020-09-10T17:15:32.268+0000][1][gc,age       ] GC(26) - age   6:     644480 bytes,     644768 total
[2020-09-10T17:15:32.268+0000][1][gc,heap      ] GC(26) ParNew: 72997K->1612K(76672K)
[2020-09-10T17:15:32.268+0000][1][gc,heap      ] GC(26) CMS: 43206K->45281K(2011968K)
[2020-09-10T17:15:32.268+0000][1][gc,metaspace ] GC(26) Metaspace: 31755K->31755K(1079296K)
[2020-09-10T17:15:32.268+0000][1][gc           ] GC(26) Pause Young (Allocation Failure) 113M->45M(2039M) 27.153ms
[2020-09-10T17:15:32.268+0000][1][gc,cpu       ] GC(26) User=0.03s Sys=0.00s Real=0.03s
[2020-09-10T17:15:32.275+0000][1][safepoint    ] Safepoint "GenCollectForAllocation", Time since last: 100547908 ns, Reaching safepoint: 95896 ns, At safepoint: 34220835 ns, Total: 34316731 ns
[2020-09-10T17:15:32.369+0000][1][gc,start     ] GC(27) Pause Young (Allocation Failure)
[2020-09-10T17:15:32.369+0000][1][gc,task      ] GC(27) Using 1 workers of 1 for evacuation
[2020-09-10T17:15:32.390+0000][1][gc,age       ] GC(27) Desired survivor size 4358144 bytes, new threshold 6 (max threshold 6)
[2020-09-10T17:15:32.390+0000][1][gc,age       ] GC(27) Age table with threshold 6 (max threshold 6)
[2020-09-10T17:15:32.390+0000][1][gc,age       ] GC(27) - age   1:         56 bytes,         56 total
[2020-09-10T17:15:32.390+0000][1][gc,age       ] GC(27) - age   6:        264 bytes,        320 total
[2020-09-10T17:15:32.390+0000][1][gc,heap      ] GC(27) ParNew: 69772K->560K(76672K)
[2020-09-10T17:15:32.390+0000][1][gc,heap      ] GC(27) CMS: 45281K->45911K(2011968K)
[2020-09-10T17:15:32.390+0000][1][gc,metaspace ] GC(27) Metaspace: 31755K->31755K(1079296K)
[2020-09-10T17:15:32.390+0000][1][gc           ] GC(27) Pause Young (Allocation Failure) 112M->45M(2039M) 21.289ms
[2020-09-10T17:15:32.390+0000][1][gc,cpu       ] GC(27) User=0.02s Sys=0.00s Real=0.02s
[2020-09-10T17:15:32.395+0000][1][safepoint    ] Safepoint "GenCollectForAllocation", Time since last: 93845561 ns, Reaching safepoint: 95692 ns, At safepoint: 26075481 ns, Total: 26171173 ns
[2020-09-10T17:15:32.487+0000][1][gc,start     ] GC(28) Pause Young (Allocation Failure)
[2020-09-10T17:15:32.487+0000][1][gc,task      ] GC(28) Using 1 workers of 1 for evacuation
[2020-09-10T17:15:32.509+0000][1][gc,age       ] GC(28) Desired survivor size 4358144 bytes, new threshold 6 (max threshold 6)
[2020-09-10T17:15:32.509+0000][1][gc,age       ] GC(28) Age table with threshold 6 (max threshold 6)
[2020-09-10T17:15:32.509+0000][1][gc,age       ] GC(28) - age   1:        296 bytes,        296 total
[2020-09-10T17:15:32.509+0000][1][gc,heap      ] GC(28) ParNew: 68720K->140K(76672K)
[2020-09-10T17:15:32.509+0000][1][gc,heap      ] GC(28) CMS: 45911K->45911K(2011968K)
[2020-09-10T17:15:32.509+0000][1][gc,metaspace ] GC(28) Metaspace: 31755K->31755K(1079296K)
[2020-09-10T17:15:32.510+0000][1][gc           ] GC(28) Pause Young (Allocation Failure) 111M->44M(2039M) 22.715ms
[2020-09-10T17:15:32.510+0000][1][gc,cpu       ] GC(28) User=0.02s Sys=0.00s Real=0.02s
[2020-09-10T17:15:32.510+0000][1][safepoint    ] Safepoint "GenCollectForAllocation", Time since last: 91986549 ns, Reaching safepoint: 101204 ns, At safepoint: 22782163 ns, Total: 22883367 ns
[2020-09-10T17:15:32.608+0000][1][gc,start     ] GC(29) Pause Young (Allocation Failure)
[2020-09-10T17:15:32.608+0000][1][gc,task      ] GC(29) Using 1 workers of 1 for evacuation
[2020-09-10T17:15:32.631+0000][1][gc,age       ] GC(29) Desired survivor size 4358144 bytes, new threshold 6 (max threshold 6)
[2020-09-10T17:15:32.631+0000][1][gc,age       ] GC(29) Age table with threshold 6 (max threshold 6)
[2020-09-10T17:15:32.631+0000][1][gc,age       ] GC(29) - age   1:         32 bytes,         32 total
[2020-09-10T17:15:32.631+0000][1][gc,age       ] GC(29) - age   2:         72 bytes,        104 total
[2020-09-10T17:15:32.631+0000][1][gc,heap      ] GC(29) ParNew: 68300K->35K(76672K)
[2020-09-10T17:15:32.631+0000][1][gc,heap      ] GC(29) CMS: 45911K->45911K(2011968K)
[2020-09-10T17:15:32.631+0000][1][gc,metaspace ] GC(29) Metaspace: 31755K->31755K(1079296K)
[2020-09-10T17:15:32.631+0000][1][gc           ] GC(29) Pause Young (Allocation Failure) 111M->44M(2039M) 23.011ms
[2020-09-10T17:15:32.631+0000][1][gc,cpu       ] GC(29) User=0.03s Sys=0.00s Real=0.02s
[2020-09-10T17:15:32.631+0000][1][safepoint    ] Safepoint "GenCollectForAllocation", Time since last: 98290663 ns, Reaching safepoint: 97382 ns, At safepoint: 23091932 ns, Total: 23189314 ns
[2020-09-10T17:15:32.726+0000][1][gc,start     ] GC(30) Pause Young (Allocation Failure)
[2020-09-10T17:15:32.726+0000][1][gc,task      ] GC(30) Using 1 workers of 1 for evacuation
[2020-09-10T17:15:32.745+0000][1][gc,age       ] GC(30) Desired survivor size 4358144 bytes, new threshold 6 (max threshold 6)
[2020-09-10T17:15:32.745+0000][1][gc,age       ] GC(30) Age table with threshold 6 (max threshold 6)
[2020-09-10T17:15:32.745+0000][1][gc,age       ] GC(30) - age   1:        200 bytes,        200 total
[2020-09-10T17:15:32.745+0000][1][gc,age       ] GC(30) - age   3:         72 bytes,        272 total
[2020-09-10T17:15:32.745+0000][1][gc,heap      ] GC(30) ParNew: 68195K->8K(76672K)
[2020-09-10T17:15:32.745+0000][1][gc,heap      ] GC(30) CMS: 45911K->45911K(2011968K)
[2020-09-10T17:15:32.745+0000][1][gc,metaspace ] GC(30) Metaspace: 31755K->31755K(1079296K)
[2020-09-10T17:15:32.745+0000][1][gc           ] GC(30) Pause Young (Allocation Failure) 111M->44M(2039M) 18.914ms
[2020-09-10T17:15:32.745+0000][1][gc,cpu       ] GC(30) User=0.02s Sys=0.00s Real=0.02s
[2020-09-10T17:15:32.749+0000][1][safepoint    ] Safepoint "GenCollectForAllocation", Time since last: 95224587 ns, Reaching safepoint: 102446 ns, At safepoint: 22731635 ns, Total: 22834081 ns
[2020-09-10T17:15:32.805+0000][1][gc,start     ] GC(31) Pause Young (Allocation Failure)
[2020-09-10T17:15:32.805+0000][1][gc,task      ] GC(31) Using 1 workers of 1 for evacuation
[2020-09-10T17:15:32.817+0000][1][gc,age       ] GC(31) Desired survivor size 4358144 bytes, new threshold 6 (max threshold 6)
[2020-09-10T17:15:32.817+0000][1][gc,age       ] GC(31) Age table with threshold 6 (max threshold 6)
[2020-09-10T17:15:32.817+0000][1][gc,age       ] GC(31) - age   1:         24 bytes,         24 total
[2020-09-10T17:15:32.817+0000][1][gc,age       ] GC(31) - age   4:         72 bytes,         96 total
[2020-09-10T17:15:32.817+0000][1][gc,heap      ] GC(31) ParNew: 68168K->2K(76672K)
[2020-09-10T17:15:32.817+0000][1][gc,heap      ] GC(31) CMS: 45911K->45911K(2011968K)
[2020-09-10T17:15:32.817+0000][1][gc,metaspace ] GC(31) Metaspace: 31755K->31755K(1079296K)
[2020-09-10T17:15:32.817+0000][1][gc           ] GC(31) Pause Young (Allocation Failure) 111M->44M(2039M) 12.649ms
[2020-09-10T17:15:32.817+0000][1][gc,cpu       ] GC(31) User=0.02s Sys=0.00s Real=0.01s
[2020-09-10T17:15:32.817+0000][1][safepoint    ] Safepoint "GenCollectForAllocation", Time since last: 55389872 ns, Reaching safepoint: 148988 ns, At safepoint: 12732301 ns, Total: 12881289 ns
[2020-09-10T17:15:32.868+0000][1][gc,start     ] GC(32) Pause Young (Allocation Failure)
[2020-09-10T17:15:32.868+0000][1][gc,task      ] GC(32) Using 1 workers of 1 for evacuation
[2020-09-10T17:15:32.881+0000][1][gc,age       ] GC(32) Desired survivor size 4358144 bytes, new threshold 6 (max threshold 6)
[2020-09-10T17:15:32.881+0000][1][gc,age       ] GC(32) Age table with threshold 6 (max threshold 6)
[2020-09-10T17:15:32.881+0000][1][gc,age       ] GC(32) - age   1:        176 bytes,        176 total
[2020-09-10T17:15:32.881+0000][1][gc,age       ] GC(32) - age   5:         72 bytes,        248 total
[2020-09-10T17:15:32.881+0000][1][gc,heap      ] GC(32) ParNew: 68162K->2K(76672K)
[2020-09-10T17:15:32.881+0000][1][gc,heap      ] GC(32) CMS: 45911K->45911K(2011968K)
[2020-09-10T17:15:32.881+0000][1][gc,metaspace ] GC(32) Metaspace: 31755K->31755K(1079296K)
[2020-09-10T17:15:32.881+0000][1][gc           ] GC(32) Pause Young (Allocation Failure) 111M->44M(2039M) 12.922ms
[2020-09-10T17:15:32.881+0000][1][gc,cpu       ] GC(32) User=0.01s Sys=0.00s Real=0.01s
[2020-09-10T17:15:32.881+0000][1][safepoint    ] Safepoint "GenCollectForAllocation", Time since last: 50727946 ns, Reaching safepoint: 147341 ns, At safepoint: 12987584 ns, Total: 13134925 ns
[2020-09-10T17:15:33.003+0000][1][gc,start     ] GC(33) Pause Young (Allocation Failure)
[2020-09-10T17:15:33.003+0000][1][gc,task      ] GC(33) Using 1 workers of 1 for evacuation
[2020-09-10T17:15:33.024+0000][1][gc,age       ] GC(33) Desired survivor size 4358144 bytes, new threshold 6 (max threshold 6)
[2020-09-10T17:15:33.025+0000][1][gc,age       ] GC(33) Age table with threshold 6 (max threshold 6)
[2020-09-10T17:15:33.025+0000][1][gc,age       ] GC(33) - age   1:    3305768 bytes,    3305768 total
[2020-09-10T17:15:33.025+0000][1][gc,age       ] GC(33) - age   6:         72 bytes,    3305840 total
[2020-09-10T17:15:33.025+0000][1][gc,heap      ] GC(33) ParNew: 67897K->3229K(76672K)
[2020-09-10T17:15:33.025+0000][1][gc,heap      ] GC(33) CMS: 45911K->45911K(2011968K)
[2020-09-10T17:15:33.025+0000][1][gc,metaspace ] GC(33) Metaspace: 31765K->31765K(1079296K)
[2020-09-10T17:15:33.025+0000][1][gc           ] GC(33) Pause Young (Allocation Failure) 111M->47M(2039M) 21.749ms
[2020-09-10T17:15:33.025+0000][1][gc,cpu       ] GC(33) User=0.02s Sys=0.00s Real=0.02s
[2020-09-10T17:15:33.026+0000][1][safepoint    ] Safepoint "GenCollectForAllocation", Time since last: 121490064 ns, Reaching safepoint: 105502 ns, At safepoint: 23198460 ns, Total: 23303962 ns
[2020-09-10T17:15:34.031+0000][1][safepoint    ] Safepoint "Cleanup", Time since last: 1004445238 ns, Reaching safepoint: 113476 ns, At safepoint: 6499 ns, Total: 119975 ns
[2020-09-10T17:15:35.031+0000][1][safepoint    ] Safepoint "Cleanup", Time since last: 1000116545 ns, Reaching safepoint: 113580 ns, At safepoint: 5817 ns, Total: 119397 ns
[2020-09-10T17:15:35.106+0000][1][gc,start     ] GC(34) Pause Young (Allocation Failure)
[2020-09-10T17:15:35.107+0000][1][gc,task      ] GC(34) Using 1 workers of 1 for evacuation
[2020-09-10T17:15:35.119+0000][1][gc,age       ] GC(34) Desired survivor size 4358144 bytes, new threshold 6 (max threshold 6)
[2020-09-10T17:15:35.119+0000][1][gc,age       ] GC(34) Age table with threshold 6 (max threshold 6)
[2020-09-10T17:15:35.119+0000][1][gc,age       ] GC(34) - age   1:     446872 bytes,     446872 total
[2020-09-10T17:15:35.119+0000][1][gc,age       ] GC(34) - age   2:        800 bytes,     447672 total
[2020-09-10T17:15:35.119+0000][1][gc,heap      ] GC(34) ParNew: 71389K->438K(76672K)
[2020-09-10T17:15:35.119+0000][1][gc,heap      ] GC(34) CMS: 45911K->45911K(2011968K)
[2020-09-10T17:15:35.119+0000][1][gc,metaspace ] GC(34) Metaspace: 31775K->31775K(1079296K)
[2020-09-10T17:15:35.119+0000][1][gc           ] GC(34) Pause Young (Allocation Failure) 114M->45M(2039M) 12.963ms
[2020-09-10T17:15:35.119+0000][1][gc,cpu       ] GC(34) User=0.01s Sys=0.00s Real=0.02s
[2020-09-10T17:15:35.123+0000][1][safepoint    ] Safepoint "GenCollectForAllocation", Time since last: 75184522 ns, Reaching safepoint: 139092 ns, At safepoint: 16542484 ns, Total: 16681576 ns
[2020-09-10T17:15:35.476+0000][1][gc,start     ] GC(35) Pause Young (Allocation Failure)
[2020-09-10T17:15:35.476+0000][1][gc,task      ] GC(35) Using 1 workers of 1 for evacuation
[2020-09-10T17:15:35.490+0000][1][gc,age       ] GC(35) Desired survivor size 4358144 bytes, new threshold 6 (max threshold 6)
[2020-09-10T17:15:35.490+0000][1][gc,age       ] GC(35) Age table with threshold 6 (max threshold 6)
[2020-09-10T17:15:35.490+0000][1][gc,age       ] GC(35) - age   1:     649944 bytes,     649944 total
[2020-09-10T17:15:35.490+0000][1][gc,age       ] GC(35) - age   2:     280904 bytes,     930848 total
[2020-09-10T17:15:35.490+0000][1][gc,age       ] GC(35) - age   3:        800 bytes,     931648 total
[2020-09-10T17:15:35.490+0000][1][gc,heap      ] GC(35) ParNew: 68598K->910K(76672K)
[2020-09-10T17:15:35.490+0000][1][gc,heap      ] GC(35) CMS: 45911K->45911K(2011968K)
[2020-09-10T17:15:35.490+0000][1][gc,metaspace ] GC(35) Metaspace: 31776K->31776K(1079296K)
[2020-09-10T17:15:35.490+0000][1][gc           ] GC(35) Pause Young (Allocation Failure) 111M->45M(2039M) 14.096ms
[2020-09-10T17:15:35.490+0000][1][gc,cpu       ] GC(35) User=0.01s Sys=0.00s Real=0.02s
[2020-09-10T17:15:35.495+0000][1][safepoint    ] Safepoint "GenCollectForAllocation", Time since last: 353030678 ns, Reaching safepoint: 94247 ns, At safepoint: 18888429 ns, Total: 18982676 ns
[2020-09-10T17:15:35.763+0000][1][gc,start     ] GC(36) Pause Young (Allocation Failure)
[2020-09-10T17:15:35.763+0000][1][gc,task      ] GC(36) Using 1 workers of 1 for evacuation
[2020-09-10T17:15:35.783+0000][1][gc,age       ] GC(36) Desired survivor size 4358144 bytes, new threshold 6 (max threshold 6)
[2020-09-10T17:15:35.783+0000][1][gc,age       ] GC(36) Age table with threshold 6 (max threshold 6)
[2020-09-10T17:15:35.783+0000][1][gc,age       ] GC(36) - age   1:     314072 bytes,     314072 total
[2020-09-10T17:15:35.783+0000][1][gc,age       ] GC(36) - age   2:     634408 bytes,     948480 total
[2020-09-10T17:15:35.783+0000][1][gc,age       ] GC(36) - age   3:     279832 bytes,    1228312 total
[2020-09-10T17:15:35.783+0000][1][gc,age       ] GC(36) - age   4:        800 bytes,    1229112 total
[2020-09-10T17:15:35.783+0000][1][gc,heap      ] GC(36) ParNew: 69070K->1216K(76672K)
[2020-09-10T17:15:35.783+0000][1][gc,heap      ] GC(36) CMS: 45911K->45911K(2011968K)
[2020-09-10T17:15:35.783+0000][1][gc,metaspace ] GC(36) Metaspace: 31776K->31776K(1079296K)
[2020-09-10T17:15:35.783+0000][1][gc           ] GC(36) Pause Young (Allocation Failure) 112M->46M(2039M) 20.649ms
[2020-09-10T17:15:35.783+0000][1][gc,cpu       ] GC(36) User=0.02s Sys=0.00s Real=0.02s
[2020-09-10T17:15:35.785+0000][1][safepoint    ] Safepoint "GenCollectForAllocation", Time since last: 267978542 ns, Reaching safepoint: 104863 ns, At safepoint: 21821196 ns, Total: 21926059 ns
[2020-09-10T17:15:36.139+0000][1][gc,start     ] GC(37) Pause Young (Allocation Failure)
[2020-09-10T17:15:36.139+0000][1][gc,task      ] GC(37) Using 1 workers of 1 for evacuation
[2020-09-10T17:15:36.158+0000][1][gc,age       ] GC(37) Desired survivor size 4358144 bytes, new threshold 6 (max threshold 6)
[2020-09-10T17:15:36.158+0000][1][gc,age       ] GC(37) Age table with threshold 6 (max threshold 6)
[2020-09-10T17:15:36.158+0000][1][gc,age       ] GC(37) - age   1:     621744 bytes,     621744 total
[2020-09-10T17:15:36.158+0000][1][gc,age       ] GC(37) - age   2:     300880 bytes,     922624 total
[2020-09-10T17:15:36.158+0000][1][gc,age       ] GC(37) - age   3:     306488 bytes,    1229112 total
[2020-09-10T17:15:36.158+0000][1][gc,age       ] GC(37) - age   4:     279424 bytes,    1508536 total
[2020-09-10T17:15:36.158+0000][1][gc,age       ] GC(37) - age   5:        800 bytes,    1509336 total
[2020-09-10T17:15:36.158+0000][1][gc,heap      ] GC(37) ParNew: 69376K->1560K(76672K)
[2020-09-10T17:15:36.158+0000][1][gc,heap      ] GC(37) CMS: 45911K->45911K(2011968K)
[2020-09-10T17:15:36.158+0000][1][gc,metaspace ] GC(37) Metaspace: 31776K->31776K(1079296K)
[2020-09-10T17:15:36.158+0000][1][gc           ] GC(37) Pause Young (Allocation Failure) 112M->46M(2039M) 19.276ms
[2020-09-10T17:15:36.158+0000][1][gc,cpu       ] GC(37) User=0.02s Sys=0.00s Real=0.01s
[2020-09-10T17:15:36.163+0000][1][safepoint    ] Safepoint "GenCollectForAllocation", Time since last: 354052060 ns, Reaching safepoint: 99458 ns, At safepoint: 23916287 ns, Total: 24015745 ns
[2020-09-10T17:15:36.485+0000][1][gc,start     ] GC(38) Pause Young (Allocation Failure)
[2020-09-10T17:15:36.485+0000][1][gc,task      ] GC(38) Using 1 workers of 1 for evacuation
[2020-09-10T17:15:36.507+0000][1][gc,age       ] GC(38) Desired survivor size 4358144 bytes, new threshold 6 (max threshold 6)
[2020-09-10T17:15:36.507+0000][1][gc,age       ] GC(38) Age table with threshold 6 (max threshold 6)
[2020-09-10T17:15:36.507+0000][1][gc,age       ] GC(38) - age   1:     967408 bytes,     967408 total
[2020-09-10T17:15:36.507+0000][1][gc,age       ] GC(38) - age   2:     264872 bytes,    1232280 total
[2020-09-10T17:15:36.507+0000][1][gc,age       ] GC(38) - age   3:     297416 bytes,    1529696 total
[2020-09-10T17:15:36.507+0000][1][gc,age       ] GC(38) - age   4:     306296 bytes,    1835992 total
[2020-09-10T17:15:36.507+0000][1][gc,age       ] GC(38) - age   5:     279344 bytes,    2115336 total
[2020-09-10T17:15:36.507+0000][1][gc,age       ] GC(38) - age   6:        800 bytes,    2116136 total
[2020-09-10T17:15:36.507+0000][1][gc,heap      ] GC(38) ParNew: 69720K->2070K(76672K)
[2020-09-10T17:15:36.507+0000][1][gc,heap      ] GC(38) CMS: 45911K->45911K(2011968K)
[2020-09-10T17:15:36.507+0000][1][gc,metaspace ] GC(38) Metaspace: 31776K->31776K(1079296K)
[2020-09-10T17:15:36.507+0000][1][gc           ] GC(38) Pause Young (Allocation Failure) 112M->46M(2039M) 21.905ms
[2020-09-10T17:15:36.507+0000][1][gc,cpu       ] GC(38) User=0.02s Sys=0.00s Real=0.03s
[2020-09-10T17:15:36.511+0000][1][safepoint    ] Safepoint "GenCollectForAllocation", Time since last: 322450669 ns, Reaching safepoint: 106300 ns, At safepoint: 25532577 ns, Total: 25638877 ns
[2020-09-10T17:15:36.715+0000][1][safepoint    ] Safepoint "RevokeBias", Time since last: 204207852 ns, Reaching safepoint: 95623 ns, At safepoint: 25062 ns, Total: 120685 ns
[2020-09-10T17:15:36.757+0000][1][gc,start     ] GC(39) Pause Young (Allocation Failure)
[2020-09-10T17:15:36.757+0000][1][gc,task      ] GC(39) Using 1 workers of 1 for evacuation
[2020-09-10T17:15:36.770+0000][1][gc,age       ] GC(39) Desired survivor size 4358144 bytes, new threshold 6 (max threshold 6)
[2020-09-10T17:15:36.770+0000][1][gc,age       ] GC(39) Age table with threshold 6 (max threshold 6)
[2020-09-10T17:15:36.770+0000][1][gc,age       ] GC(39) - age   1:     558544 bytes,     558544 total
[2020-09-10T17:15:36.770+0000][1][gc,age       ] GC(39) - age   2:     954928 bytes,    1513472 total
[2020-09-10T17:15:36.770+0000][1][gc,age       ] GC(39) - age   3:     263584 bytes,    1777056 total
[2020-09-10T17:15:36.770+0000][1][gc,age       ] GC(39) - age   4:     296784 bytes,    2073840 total
[2020-09-10T17:15:36.770+0000][1][gc,age       ] GC(39) - age   5:     305960 bytes,    2379800 total
[2020-09-10T17:15:36.770+0000][1][gc,age       ] GC(39) - age   6:     276720 bytes,    2656520 total
[2020-09-10T17:15:36.770+0000][1][gc,heap      ] GC(39) ParNew: 70230K->2725K(76672K)
[2020-09-10T17:15:36.770+0000][1][gc,heap      ] GC(39) CMS: 45911K->45912K(2011968K)
[2020-09-10T17:15:36.770+0000][1][gc,metaspace ] GC(39) Metaspace: 31777K->31777K(1079296K)
[2020-09-10T17:15:36.770+0000][1][gc           ] GC(39) Pause Young (Allocation Failure) 113M->47M(2039M) 13.387ms
[2020-09-10T17:15:36.770+0000][1][gc,cpu       ] GC(39) User=0.01s Sys=0.00s Real=0.02s
[2020-09-10T17:15:36.775+0000][1][safepoint    ] Safepoint "GenCollectForAllocation", Time since last: 41289715 ns, Reaching safepoint: 530139 ns, At safepoint: 17777936 ns, Total: 18308075 ns
[2020-09-10T17:15:36.927+0000][1][gc,start     ] GC(40) Pause Young (Allocation Failure)
[2020-09-10T17:15:36.927+0000][1][gc,task      ] GC(40) Using 1 workers of 1 for evacuation
[2020-09-10T17:15:36.939+0000][1][gc,age       ] GC(40) Desired survivor size 4358144 bytes, new threshold 6 (max threshold 6)
[2020-09-10T17:15:36.939+0000][1][gc,age       ] GC(40) Age table with threshold 6 (max threshold 6)
[2020-09-10T17:15:36.939+0000][1][gc,age       ] GC(40) - age   1:     250720 bytes,     250720 total
[2020-09-10T17:15:36.939+0000][1][gc,age       ] GC(40) - age   2:     332376 bytes,     583096 total
[2020-09-10T17:15:36.939+0000][1][gc,age       ] GC(40) - age   3:     954928 bytes,    1538024 total
[2020-09-10T17:15:36.939+0000][1][gc,age       ] GC(40) - age   4:     263584 bytes,    1801608 total
[2020-09-10T17:15:36.939+0000][1][gc,age       ] GC(40) - age   5:     296784 bytes,    2098392 total
[2020-09-10T17:15:36.939+0000][1][gc,age       ] GC(40) - age   6:     305960 bytes,    2404352 total
[2020-09-10T17:15:36.939+0000][1][gc,heap      ] GC(40) ParNew: 70885K->2388K(76672K)
[2020-09-10T17:15:36.939+0000][1][gc,heap      ] GC(40) CMS: 45912K->46182K(2011968K)
[2020-09-10T17:15:36.939+0000][1][gc,metaspace ] GC(40) Metaspace: 31778K->31778K(1079296K)
[2020-09-10T17:15:36.939+0000][1][gc           ] GC(40) Pause Young (Allocation Failure) 114M->47M(2039M) 12.347ms
[2020-09-10T17:15:36.939+0000][1][gc,cpu       ] GC(40) User=0.01s Sys=0.00s Real=0.01s
[2020-09-10T17:15:36.939+0000][1][safepoint    ] Safepoint "GenCollectForAllocation", Time since last: 151972512 ns, Reaching safepoint: 111041 ns, At safepoint: 12663478 ns, Total: 12774519 ns
[2020-09-10T17:15:36.993+0000][1][gc,start     ] GC(41) Pause Young (Allocation Failure)
[2020-09-10T17:15:36.993+0000][1][gc,task      ] GC(41) Using 1 workers of 1 for evacuation
[2020-09-10T17:15:37.005+0000][1][gc,age       ] GC(41) Desired survivor size 4358144 bytes, new threshold 6 (max threshold 6)
[2020-09-10T17:15:37.005+0000][1][gc,age       ] GC(41) Age table with threshold 6 (max threshold 6)
[2020-09-10T17:15:37.005+0000][1][gc,age       ] GC(41) - age   1:         72 bytes,         72 total
[2020-09-10T17:15:37.005+0000][1][gc,age       ] GC(41) - age   2:     250568 bytes,     250640 total
[2020-09-10T17:15:37.005+0000][1][gc,age       ] GC(41) - age   3:     332376 bytes,     583016 total
[2020-09-10T17:15:37.005+0000][1][gc,age       ] GC(41) - age   4:     954928 bytes,    1537944 total
[2020-09-10T17:15:37.005+0000][1][gc,age       ] GC(41) - age   5:     263584 bytes,    1801528 total
[2020-09-10T17:15:37.005+0000][1][gc,age       ] GC(41) - age   6:     296784 bytes,    2098312 total
[2020-09-10T17:15:37.005+0000][1][gc,heap      ] GC(41) ParNew: 70548K->2800K(76672K)
[2020-09-10T17:15:37.005+0000][1][gc,heap      ] GC(41) CMS: 46182K->46481K(2011968K)
[2020-09-10T17:15:37.005+0000][1][gc,metaspace ] GC(41) Metaspace: 31778K->31778K(1079296K)
[2020-09-10T17:15:37.005+0000][1][gc           ] GC(41) Pause Young (Allocation Failure) 113M->48M(2039M) 11.510ms
[2020-09-10T17:15:37.005+0000][1][gc,cpu       ] GC(41) User=0.01s Sys=0.00s Real=0.01s
[2020-09-10T17:15:37.005+0000][1][safepoint    ] Safepoint "GenCollectForAllocation", Time since last: 53639580 ns, Reaching safepoint: 157291 ns, At safepoint: 11599230 ns, Total: 11756521 ns
[2020-09-10T17:15:37.058+0000][1][gc,start     ] GC(42) Pause Young (Allocation Failure)
[2020-09-10T17:15:37.058+0000][1][gc,task      ] GC(42) Using 1 workers of 1 for evacuation
[2020-09-10T17:15:37.070+0000][1][gc,age       ] GC(42) Desired survivor size 4358144 bytes, new threshold 6 (max threshold 6)
[2020-09-10T17:15:37.070+0000][1][gc,age       ] GC(42) Age table with threshold 6 (max threshold 6)
[2020-09-10T17:15:37.070+0000][1][gc,age       ] GC(42) - age   1:        200 bytes,        200 total
[2020-09-10T17:15:37.070+0000][1][gc,age       ] GC(42) - age   3:     250568 bytes,     250768 total
[2020-09-10T17:15:37.070+0000][1][gc,age       ] GC(42) - age   4:     332376 bytes,     583144 total
[2020-09-10T17:15:37.070+0000][1][gc,age       ] GC(42) - age   5:     954928 bytes,    1538072 total
[2020-09-10T17:15:37.070+0000][1][gc,age       ] GC(42) - age   6:     263584 bytes,    1801656 total
[2020-09-10T17:15:37.070+0000][1][gc,heap      ] GC(42) ParNew: 70960K->1886K(76672K)
[2020-09-10T17:15:37.070+0000][1][gc,heap      ] GC(42) CMS: 46481K->46771K(2011968K)
[2020-09-10T17:15:37.070+0000][1][gc,metaspace ] GC(42) Metaspace: 31778K->31778K(1079296K)
[2020-09-10T17:15:37.070+0000][1][gc           ] GC(42) Pause Young (Allocation Failure) 114M->47M(2039M) 11.943ms
[2020-09-10T17:15:37.070+0000][1][gc,cpu       ] GC(42) User=0.01s Sys=0.00s Real=0.02s
[2020-09-10T17:15:37.070+0000][1][safepoint    ] Safepoint "GenCollectForAllocation", Time since last: 53111201 ns, Reaching safepoint: 150291 ns, At safepoint: 12001504 ns, Total: 12151795 ns
[2020-09-10T17:15:37.122+0000][1][gc,start     ] GC(43) Pause Young (Allocation Failure)
[2020-09-10T17:15:37.122+0000][1][gc,task      ] GC(43) Using 1 workers of 1 for evacuation
[2020-09-10T17:15:37.135+0000][1][gc,age       ] GC(43) Desired survivor size 4358144 bytes, new threshold 6 (max threshold 6)
[2020-09-10T17:15:37.136+0000][1][gc,age       ] GC(43) Age table with threshold 6 (max threshold 6)
[2020-09-10T17:15:37.136+0000][1][gc,age       ] GC(43) - age   1:         24 bytes,         24 total
[2020-09-10T17:15:37.136+0000][1][gc,age       ] GC(43) - age   4:     250568 bytes,     250592 total
[2020-09-10T17:15:37.136+0000][1][gc,age       ] GC(43) - age   5:     332376 bytes,     582968 total
[2020-09-10T17:15:37.136+0000][1][gc,age       ] GC(43) - age   6:     954928 bytes,    1537896 total
[2020-09-10T17:15:37.136+0000][1][gc,heap      ] GC(43) ParNew: 70046K->1791K(76672K)
[2020-09-10T17:15:37.136+0000][1][gc,heap      ] GC(43) CMS: 46771K->47028K(2011968K)
[2020-09-10T17:15:37.136+0000][1][gc,metaspace ] GC(43) Metaspace: 31778K->31778K(1079296K)
[2020-09-10T17:15:37.136+0000][1][gc           ] GC(43) Pause Young (Allocation Failure) 114M->47M(2039M) 13.430ms
[2020-09-10T17:15:37.136+0000][1][gc,cpu       ] GC(43) User=0.01s Sys=0.00s Real=0.01s
[2020-09-10T17:15:37.136+0000][1][safepoint    ] Safepoint "GenCollectForAllocation", Time since last: 51937545 ns, Reaching safepoint: 148078 ns, At safepoint: 13495322 ns, Total: 13643400 ns
[2020-09-10T17:15:37.224+0000][1][gc,start     ] GC(44) Pause Young (Allocation Failure)
[2020-09-10T17:15:37.224+0000][1][gc,task      ] GC(44) Using 1 workers of 1 for evacuation
[2020-09-10T17:15:37.236+0000][1][gc,age       ] GC(44) Desired survivor size 4358144 bytes, new threshold 6 (max threshold 6)
[2020-09-10T17:15:37.236+0000][1][gc,age       ] GC(44) Age table with threshold 6 (max threshold 6)
[2020-09-10T17:15:37.236+0000][1][gc,age       ] GC(44) - age   1:        504 bytes,        504 total
[2020-09-10T17:15:37.236+0000][1][gc,age       ] GC(44) - age   5:     250568 bytes,     251072 total
[2020-09-10T17:15:37.236+0000][1][gc,age       ] GC(44) - age   6:     332376 bytes,     583448 total
[2020-09-10T17:15:37.236+0000][1][gc,heap      ] GC(44) ParNew: 69951K->1574K(76672K)
[2020-09-10T17:15:37.236+0000][1][gc,heap      ] GC(44) CMS: 47028K->47961K(2011968K)
[2020-09-10T17:15:37.236+0000][1][gc,metaspace ] GC(44) Metaspace: 31778K->31778K(1079296K)
[2020-09-10T17:15:37.236+0000][1][gc           ] GC(44) Pause Young (Allocation Failure) 114M->48M(2039M) 11.669ms
[2020-09-10T17:15:37.236+0000][1][gc,cpu       ] GC(44) User=0.01s Sys=0.00s Real=0.01s
[2020-09-10T17:15:37.236+0000][1][safepoint    ] Safepoint "GenCollectForAllocation", Time since last: 88546218 ns, Reaching safepoint: 152401 ns, At safepoint: 11751367 ns, Total: 11903768 ns
[2020-09-10T17:15:37.292+0000][1][gc,start     ] GC(45) Pause Young (Allocation Failure)
[2020-09-10T17:15:37.292+0000][1][gc,task      ] GC(45) Using 1 workers of 1 for evacuation
[2020-09-10T17:15:37.303+0000][1][gc,age       ] GC(45) Desired survivor size 4358144 bytes, new threshold 6 (max threshold 6)
[2020-09-10T17:15:37.304+0000][1][gc,age       ] GC(45) Age table with threshold 6 (max threshold 6)
[2020-09-10T17:15:37.304+0000][1][gc,age       ] GC(45) - age   1:        152 bytes,        152 total
[2020-09-10T17:15:37.304+0000][1][gc,age       ] GC(45) - age   2:        480 bytes,        632 total
[2020-09-10T17:15:37.304+0000][1][gc,age       ] GC(45) - age   6:     250568 bytes,     251200 total
[2020-09-10T17:15:37.304+0000][1][gc,heap      ] GC(45) ParNew: 69734K->535K(76672K)
[2020-09-10T17:15:37.304+0000][1][gc,heap      ] GC(45) CMS: 47961K->48286K(2011968K)
[2020-09-10T17:15:37.304+0000][1][gc,metaspace ] GC(45) Metaspace: 31778K->31778K(1079296K)
[2020-09-10T17:15:37.304+0000][1][gc           ] GC(45) Pause Young (Allocation Failure) 114M->47M(2039M) 11.565ms
[2020-09-10T17:15:37.304+0000][1][gc,cpu       ] GC(45) User=0.01s Sys=0.00s Real=0.01s
[2020-09-10T17:15:37.304+0000][1][safepoint    ] Safepoint "GenCollectForAllocation", Time since last: 55725609 ns, Reaching safepoint: 153305 ns, At safepoint: 11628580 ns, Total: 11781885 ns
[2020-09-10T17:15:37.358+0000][1][gc,start     ] GC(46) Pause Young (Allocation Failure)
[2020-09-10T17:15:37.358+0000][1][gc,task      ] GC(46) Using 1 workers of 1 for evacuation
[2020-09-10T17:15:37.370+0000][1][gc,age       ] GC(46) Desired survivor size 4358144 bytes, new threshold 6 (max threshold 6)
[2020-09-10T17:15:37.370+0000][1][gc,age       ] GC(46) Age table with threshold 6 (max threshold 6)
[2020-09-10T17:15:37.370+0000][1][gc,age       ] GC(46) - age   1:        208 bytes,        208 total
[2020-09-10T17:15:37.370+0000][1][gc,age       ] GC(46) - age   3:        480 bytes,        688 total
[2020-09-10T17:15:37.370+0000][1][gc,heap      ] GC(46) ParNew: 68695K->225K(76672K)
[2020-09-10T17:15:37.370+0000][1][gc,heap      ] GC(46) CMS: 48286K->48530K(2011968K)
[2020-09-10T17:15:37.370+0000][1][gc,metaspace ] GC(46) Metaspace: 31778K->31778K(1079296K)
[2020-09-10T17:15:37.370+0000][1][gc           ] GC(46) Pause Young (Allocation Failure) 114M->47M(2039M) 11.963ms
[2020-09-10T17:15:37.370+0000][1][gc,cpu       ] GC(46) User=0.01s Sys=0.00s Real=0.02s
[2020-09-10T17:15:37.370+0000][1][safepoint    ] Safepoint "GenCollectForAllocation", Time since last: 54642175 ns, Reaching safepoint: 143128 ns, At safepoint: 12019317 ns, Total: 12162445 ns
[2020-09-10T17:15:37.423+0000][1][gc,start     ] GC(47) Pause Young (Allocation Failure)
[2020-09-10T17:15:37.423+0000][1][gc,task      ] GC(47) Using 1 workers of 1 for evacuation
[2020-09-10T17:15:37.434+0000][1][gc,age       ] GC(47) Desired survivor size 4358144 bytes, new threshold 6 (max threshold 6)
[2020-09-10T17:15:37.434+0000][1][gc,age       ] GC(47) Age table with threshold 6 (max threshold 6)
[2020-09-10T17:15:37.434+0000][1][gc,age       ] GC(47) - age   1:        120 bytes,        120 total
[2020-09-10T17:15:37.434+0000][1][gc,age       ] GC(47) - age   4:        480 bytes,        600 total
[2020-09-10T17:15:37.434+0000][1][gc,heap      ] GC(47) ParNew: 68385K->56K(76672K)
[2020-09-10T17:15:37.434+0000][1][gc,heap      ] GC(47) CMS: 48530K->48530K(2011968K)
[2020-09-10T17:15:37.434+0000][1][gc,metaspace ] GC(47) Metaspace: 31778K->31778K(1079296K)
[2020-09-10T17:15:37.434+0000][1][gc           ] GC(47) Pause Young (Allocation Failure) 114M->47M(2039M) 11.036ms
[2020-09-10T17:15:37.434+0000][1][gc,cpu       ] GC(47) User=0.01s Sys=0.00s Real=0.01s
[2020-09-10T17:15:37.434+0000][1][safepoint    ] Safepoint "GenCollectForAllocation", Time since last: 52224028 ns, Reaching safepoint: 145925 ns, At safepoint: 11103431 ns, Total: 11249356 ns
[2020-09-10T17:15:37.488+0000][1][gc,start     ] GC(48) Pause Young (Allocation Failure)
[2020-09-10T17:15:37.488+0000][1][gc,task      ] GC(48) Using 1 workers of 1 for evacuation
[2020-09-10T17:15:37.499+0000][1][gc,age       ] GC(48) Desired survivor size 4358144 bytes, new threshold 6 (max threshold 6)
[2020-09-10T17:15:37.499+0000][1][gc,age       ] GC(48) Age table with threshold 6 (max threshold 6)
[2020-09-10T17:15:37.499+0000][1][gc,age       ] GC(48) - age   1:         64 bytes,         64 total
[2020-09-10T17:15:37.499+0000][1][gc,age       ] GC(48) - age   5:        480 bytes,        544 total
[2020-09-10T17:15:37.499+0000][1][gc,heap      ] GC(48) ParNew: 68216K->14K(76672K)
[2020-09-10T17:15:37.499+0000][1][gc,heap      ] GC(48) CMS: 48530K->48530K(2011968K)
[2020-09-10T17:15:37.499+0000][1][gc,metaspace ] GC(48) Metaspace: 31778K->31778K(1079296K)
[2020-09-10T17:15:37.499+0000][1][gc           ] GC(48) Pause Young (Allocation Failure) 114M->47M(2039M) 11.105ms
[2020-09-10T17:15:37.499+0000][1][gc,cpu       ] GC(48) User=0.02s Sys=0.00s Real=0.01s
[2020-09-10T17:15:37.499+0000][1][safepoint    ] Safepoint "GenCollectForAllocation", Time since last: 53747267 ns, Reaching safepoint: 142331 ns, At safepoint: 11168925 ns, Total: 11311256 ns
[2020-09-10T17:15:37.551+0000][1][gc,start     ] GC(49) Pause Young (Allocation Failure)
[2020-09-10T17:15:37.552+0000][1][gc,task      ] GC(49) Using 1 workers of 1 for evacuation
[2020-09-10T17:15:37.562+0000][1][gc,age       ] GC(49) Desired survivor size 4358144 bytes, new threshold 6 (max threshold 6)
[2020-09-10T17:15:37.563+0000][1][gc,age       ] GC(49) Age table with threshold 6 (max threshold 6)
[2020-09-10T17:15:37.563+0000][1][gc,age       ] GC(49) - age   1:        176 bytes,        176 total
[2020-09-10T17:15:37.563+0000][1][gc,age       ] GC(49) - age   6:        480 bytes,        656 total
[2020-09-10T17:15:37.563+0000][1][gc,heap      ] GC(49) ParNew: 68174K->3K(76672K)
[2020-09-10T17:15:37.563+0000][1][gc,heap      ] GC(49) CMS: 48530K->48530K(2011968K)
[2020-09-10T17:15:37.563+0000][1][gc,metaspace ] GC(49) Metaspace: 31778K->31778K(1079296K)
[2020-09-10T17:15:37.563+0000][1][gc           ] GC(49) Pause Young (Allocation Failure) 113M->47M(2039M) 11.111ms
[2020-09-10T17:15:37.563+0000][1][gc,cpu       ] GC(49) User=0.01s Sys=0.00s Real=0.01s
[2020-09-10T17:15:37.563+0000][1][safepoint    ] Safepoint "GenCollectForAllocation", Time since last: 52357054 ns, Reaching safepoint: 151873 ns, At safepoint: 11197369 ns, Total: 11349242 ns
[2020-09-10T17:15:38.199+0000][1][gc,start     ] GC(50) Pause Young (Allocation Failure)
[2020-09-10T17:15:38.199+0000][1][gc,task      ] GC(50) Using 1 workers of 1 for evacuation
[2020-09-10T17:15:38.218+0000][1][gc,age       ] GC(50) Desired survivor size 4358144 bytes, new threshold 6 (max threshold 6)
[2020-09-10T17:15:38.218+0000][1][gc,age       ] GC(50) Age table with threshold 6 (max threshold 6)
[2020-09-10T17:15:38.218+0000][1][gc,age       ] GC(50) - age   1:     279240 bytes,     279240 total
[2020-09-10T17:15:38.218+0000][1][gc,heap      ] GC(50) ParNew: 68163K->274K(76672K)
[2020-09-10T17:15:38.218+0000][1][gc,heap      ] GC(50) CMS: 48530K->48531K(2011968K)
[2020-09-10T17:15:38.218+0000][1][gc,metaspace ] GC(50) Metaspace: 31780K->31780K(1079296K)
[2020-09-10T17:15:38.218+0000][1][gc           ] GC(50) Pause Young (Allocation Failure) 113M->47M(2039M) 19.077ms
[2020-09-10T17:15:38.218+0000][1][gc,cpu       ] GC(50) User=0.02s Sys=0.00s Real=0.01s
[2020-09-10T17:15:38.223+0000][1][safepoint    ] Safepoint "GenCollectForAllocation", Time since last: 636352445 ns, Reaching safepoint: 121480 ns, At safepoint: 23518776 ns, Total: 23640256 ns
[2020-09-10T17:15:38.392+0000][1][gc,start     ] GC(51) Pause Young (Allocation Failure)
[2020-09-10T17:15:38.392+0000][1][gc,task      ] GC(51) Using 1 workers of 1 for evacuation
[2020-09-10T17:15:38.403+0000][1][gc,age       ] GC(51) Desired survivor size 4358144 bytes, new threshold 6 (max threshold 6)
[2020-09-10T17:15:38.403+0000][1][gc,age       ] GC(51) Age table with threshold 6 (max threshold 6)
[2020-09-10T17:15:38.403+0000][1][gc,age       ] GC(51) - age   1:     512920 bytes,     512920 total
[2020-09-10T17:15:38.403+0000][1][gc,age       ] GC(51) - age   2:     186792 bytes,     699712 total
[2020-09-10T17:15:38.403+0000][1][gc,heap      ] GC(51) ParNew: 68434K->684K(76672K)
[2020-09-10T17:15:38.403+0000][1][gc,heap      ] GC(51) CMS: 48531K->48531K(2011968K)
[2020-09-10T17:15:38.403+0000][1][gc,metaspace ] GC(51) Metaspace: 31780K->31780K(1079296K)
[2020-09-10T17:15:38.403+0000][1][gc           ] GC(51) Pause Young (Allocation Failure) 114M->48M(2039M) 11.637ms
[2020-09-10T17:15:38.403+0000][1][gc,cpu       ] GC(51) User=0.01s Sys=0.00s Real=0.01s
[2020-09-10T17:15:38.403+0000][1][safepoint    ] Safepoint "GenCollectForAllocation", Time since last: 168681716 ns, Reaching safepoint: 148244 ns, At safepoint: 11694626 ns, Total: 11842870 ns
[2020-09-10T17:15:38.502+0000][1][gc,start     ] GC(52) Pause Young (Allocation Failure)
[2020-09-10T17:15:38.503+0000][1][gc,task      ] GC(52) Using 1 workers of 1 for evacuation
[2020-09-10T17:15:38.514+0000][1][gc,age       ] GC(52) Desired survivor size 4358144 bytes, new threshold 6 (max threshold 6)
[2020-09-10T17:15:38.514+0000][1][gc,age       ] GC(52) Age table with threshold 6 (max threshold 6)
[2020-09-10T17:15:38.514+0000][1][gc,age       ] GC(52) - age   1:     676176 bytes,     676176 total
[2020-09-10T17:15:38.514+0000][1][gc,age       ] GC(52) - age   2:     340352 bytes,    1016528 total
[2020-09-10T17:15:38.514+0000][1][gc,age       ] GC(52) - age   3:     185928 bytes,    1202456 total
[2020-09-10T17:15:38.514+0000][1][gc,heap      ] GC(52) ParNew: 68844K->1203K(76672K)
[2020-09-10T17:15:38.514+0000][1][gc,heap      ] GC(52) CMS: 48531K->48531K(2011968K)
[2020-09-10T17:15:38.514+0000][1][gc,metaspace ] GC(52) Metaspace: 31780K->31780K(1079296K)
[2020-09-10T17:15:38.514+0000][1][gc           ] GC(52) Pause Young (Allocation Failure) 114M->48M(2039M) 11.753ms
[2020-09-10T17:15:38.514+0000][1][gc,cpu       ] GC(52) User=0.02s Sys=0.00s Real=0.01s
[2020-09-10T17:15:38.514+0000][1][safepoint    ] Safepoint "GenCollectForAllocation", Time since last: 99120461 ns, Reaching safepoint: 155886 ns, At safepoint: 11823661 ns, Total: 11979547 ns
[2020-09-10T17:15:38.611+0000][1][gc,start     ] GC(53) Pause Young (Allocation Failure)
[2020-09-10T17:15:38.611+0000][1][gc,task      ] GC(53) Using 1 workers of 1 for evacuation
[2020-09-10T17:15:38.623+0000][1][gc,age       ] GC(53) Desired survivor size 4358144 bytes, new threshold 6 (max threshold 6)
[2020-09-10T17:15:38.623+0000][1][gc,age       ] GC(53) Age table with threshold 6 (max threshold 6)
[2020-09-10T17:15:38.623+0000][1][gc,age       ] GC(53) - age   1:     621680 bytes,     621680 total
[2020-09-10T17:15:38.623+0000][1][gc,age       ] GC(53) - age   2:     335152 bytes,     956832 total
[2020-09-10T17:15:38.623+0000][1][gc,age       ] GC(53) - age   3:     340096 bytes,    1296928 total
[2020-09-10T17:15:38.623+0000][1][gc,age       ] GC(53) - age   4:     185344 bytes,    1482272 total
[2020-09-10T17:15:38.623+0000][1][gc,heap      ] GC(53) ParNew: 69363K->1543K(76672K)
[2020-09-10T17:15:38.623+0000][1][gc,heap      ] GC(53) CMS: 48531K->48531K(2011968K)
[2020-09-10T17:15:38.623+0000][1][gc,metaspace ] GC(53) Metaspace: 31780K->31780K(1079296K)
[2020-09-10T17:15:38.623+0000][1][gc           ] GC(53) Pause Young (Allocation Failure) 115M->48M(2039M) 12.167ms
[2020-09-10T17:15:38.623+0000][1][gc,cpu       ] GC(53) User=0.01s Sys=0.00s Real=0.01s
[2020-09-10T17:15:38.623+0000][1][safepoint    ] Safepoint "GenCollectForAllocation", Time since last: 96541137 ns, Reaching safepoint: 152573 ns, At safepoint: 12226109 ns, Total: 12378682 ns
[2020-09-10T17:15:38.738+0000][1][gc,start     ] GC(54) Pause Young (Allocation Failure)
[2020-09-10T17:15:38.738+0000][1][gc,task      ] GC(54) Using 1 workers of 1 for evacuation
[2020-09-10T17:15:38.750+0000][1][gc,age       ] GC(54) Desired survivor size 4358144 bytes, new threshold 6 (max threshold 6)
[2020-09-10T17:15:38.750+0000][1][gc,age       ] GC(54) Age table with threshold 6 (max threshold 6)
[2020-09-10T17:15:38.750+0000][1][gc,age       ] GC(54) - age   1:     968184 bytes,     968184 total
[2020-09-10T17:15:38.750+0000][1][gc,age       ] GC(54) - age   2:     265808 bytes,    1233992 total
[2020-09-10T17:15:38.750+0000][1][gc,age       ] GC(54) - age   3:     331120 bytes,    1565112 total
[2020-09-10T17:15:38.750+0000][1][gc,age       ] GC(54) - age   4:     340072 bytes,    1905184 total
[2020-09-10T17:15:38.750+0000][1][gc,age       ] GC(54) - age   5:     185184 bytes,    2090368 total
[2020-09-10T17:15:38.750+0000][1][gc,heap      ] GC(54) ParNew: 69703K->2161K(76672K)
[2020-09-10T17:15:38.750+0000][1][gc,heap      ] GC(54) CMS: 48531K->48531K(2011968K)
[2020-09-10T17:15:38.750+0000][1][gc,metaspace ] GC(54) Metaspace: 31780K->31780K(1079296K)
[2020-09-10T17:15:38.750+0000][1][gc           ] GC(54) Pause Young (Allocation Failure) 115M->49M(2039M) 12.101ms
[2020-09-10T17:15:38.750+0000][1][gc,cpu       ] GC(54) User=0.01s Sys=0.00s Real=0.02s
[2020-09-10T17:15:38.750+0000][1][safepoint    ] Safepoint "GenCollectForAllocation", Time since last: 114289736 ns, Reaching safepoint: 155405 ns, At safepoint: 12168293 ns, Total: 12323698 ns
[2020-09-10T17:15:38.841+0000][1][gc,start     ] GC(55) Pause Young (Allocation Failure)
[2020-09-10T17:15:38.841+0000][1][gc,task      ] GC(55) Using 1 workers of 1 for evacuation
[2020-09-10T17:15:38.853+0000][1][gc,age       ] GC(55) Desired survivor size 4358144 bytes, new threshold 6 (max threshold 6)
[2020-09-10T17:15:38.853+0000][1][gc,age       ] GC(55) Age table with threshold 6 (max threshold 6)
[2020-09-10T17:15:38.853+0000][1][gc,age       ] GC(55) - age   1:     312416 bytes,     312416 total
[2020-09-10T17:15:38.853+0000][1][gc,age       ] GC(55) - age   2:     955280 bytes,    1267696 total
[2020-09-10T17:15:38.853+0000][1][gc,age       ] GC(55) - age   3:     264608 bytes,    1532304 total
[2020-09-10T17:15:38.853+0000][1][gc,age       ] GC(55) - age   4:     330392 bytes,    1862696 total
[2020-09-10T17:15:38.853+0000][1][gc,age       ] GC(55) - age   5:     339680 bytes,    2202376 total
[2020-09-10T17:15:38.853+0000][1][gc,age       ] GC(55) - age   6:     185120 bytes,    2387496 total
[2020-09-10T17:15:38.853+0000][1][gc,heap      ] GC(55) ParNew: 70321K->2572K(76672K)
[2020-09-10T17:15:38.854+0000][1][gc,heap      ] GC(55) CMS: 48531K->48531K(2011968K)
[2020-09-10T17:15:38.854+0000][1][gc,metaspace ] GC(55) Metaspace: 31780K->31780K(1079296K)
[2020-09-10T17:15:38.854+0000][1][gc           ] GC(55) Pause Young (Allocation Failure) 116M->49M(2039M) 12.373ms
[2020-09-10T17:15:38.854+0000][1][gc,cpu       ] GC(55) User=0.02s Sys=0.00s Real=0.01s
[2020-09-10T17:15:38.854+0000][1][safepoint    ] Safepoint "GenCollectForAllocation", Time since last: 91176653 ns, Reaching safepoint: 145792 ns, At safepoint: 12435083 ns, Total: 12580875 ns
[2020-09-10T17:15:39.143+0000][1][safepoint    ] Safepoint "Deoptimize", Time since last: 289118757 ns, Reaching safepoint: 136469 ns, At safepoint: 312620 ns, Total: 449089 ns
[2020-09-10T17:15:39.243+0000][1][safepoint    ] Safepoint "ICBufferFull", Time since last: 99382270 ns, Reaching safepoint: 769068 ns, At safepoint: 8699 ns, Total: 777767 ns
[2020-09-10T17:15:39.295+0000][1][safepoint    ] Safepoint "CollectForMetadataAllocation", Time since last: 51350184 ns, Reaching safepoint: 113737 ns, At safepoint: 112686 ns, Total: 226423 ns
[2020-09-10T17:15:39.326+0000][1][safepoint    ] Safepoint "CollectForMetadataAllocation", Time since last: 31125953 ns, Reaching safepoint: 101554 ns, At safepoint: 113675 ns, Total: 215229 ns
[2020-09-10T17:15:39.346+0000][1][safepoint    ] Safepoint "CollectForMetadataAllocation", Time since last: 19583383 ns, Reaching safepoint: 99082 ns, At safepoint: 115308 ns, Total: 214390 ns
[2020-09-10T17:15:39.395+0000][1][safepoint    ] Safepoint "CollectForMetadataAllocation", Time since last: 49115651 ns, Reaching safepoint: 104063 ns, At safepoint: 114009 ns, Total: 218072 ns
[2020-09-10T17:15:39.422+0000][1][safepoint    ] Safepoint "CollectForMetadataAllocation", Time since last: 26427302 ns, Reaching safepoint: 95027 ns, At safepoint: 117677 ns, Total: 212704 ns
[2020-09-10T17:15:39.453+0000][1][safepoint    ] Safepoint "CollectForMetadataAllocation", Time since last: 30853771 ns, Reaching safepoint: 101374 ns, At safepoint: 143456 ns, Total: 244830 ns
[2020-09-10T17:15:39.529+0000][1][gc,start     ] GC(56) Pause Young (Allocation Failure)
[2020-09-10T17:15:39.529+0000][1][gc,task      ] GC(56) Using 1 workers of 1 for evacuation
[2020-09-10T17:15:39.562+0000][1][gc,age       ] GC(56) Desired survivor size 4358144 bytes, new threshold 6 (max threshold 6)
[2020-09-10T17:15:39.562+0000][1][gc,age       ] GC(56) Age table with threshold 6 (max threshold 6)
[2020-09-10T17:15:39.562+0000][1][gc,age       ] GC(56) - age   1:    1439200 bytes,    1439200 total
[2020-09-10T17:15:39.562+0000][1][gc,age       ] GC(56) - age   2:     300616 bytes,    1739816 total
[2020-09-10T17:15:39.562+0000][1][gc,age       ] GC(56) - age   3:     954928 bytes,    2694744 total
[2020-09-10T17:15:39.562+0000][1][gc,age       ] GC(56) - age   4:     264504 bytes,    2959248 total
[2020-09-10T17:15:39.562+0000][1][gc,age       ] GC(56) - age   5:     330272 bytes,    3289520 total
[2020-09-10T17:15:39.562+0000][1][gc,age       ] GC(56) - age   6:     339680 bytes,    3629200 total
[2020-09-10T17:15:39.562+0000][1][gc,heap      ] GC(56) ParNew: 70732K->3647K(76672K)
[2020-09-10T17:15:39.562+0000][1][gc,heap      ] GC(56) CMS: 48531K->48709K(2011968K)
[2020-09-10T17:15:39.562+0000][1][gc,metaspace ] GC(56) Metaspace: 35565K->35565K(1083392K)
[2020-09-10T17:15:39.562+0000][1][gc           ] GC(56) Pause Young (Allocation Failure) 116M->51M(2039M) 33.504ms
[2020-09-10T17:15:39.562+0000][1][gc,cpu       ] GC(56) User=0.03s Sys=0.00s Real=0.03s
[2020-09-10T17:15:39.567+0000][1][safepoint    ] Safepoint "GenCollectForAllocation", Time since last: 75552352 ns, Reaching safepoint: 103863 ns, At safepoint: 37949515 ns, Total: 38053378 ns
[2020-09-10T17:15:39.571+0000][1][gc,start     ] GC(57) Pause Initial Mark
[2020-09-10T17:15:39.575+0000][1][gc           ] GC(57) Pause Initial Mark 55M->55M(2039M) 3.753ms
[2020-09-10T17:15:39.575+0000][1][gc,cpu       ] GC(57) User=0.00s Sys=0.00s Real=0.00s
[2020-09-10T17:15:39.582+0000][1][safepoint    ] Safepoint "CMS_Initial_Mark", Time since last: 4374562 ns, Reaching safepoint: 93686 ns, At safepoint: 10752208 ns, Total: 10845894 ns
[2020-09-10T17:15:39.582+0000][1][gc           ] GC(57) Concurrent Mark
[2020-09-10T17:15:39.722+0000][1][gc           ] GC(57) Concurrent Mark 139.496ms
[2020-09-10T17:15:39.722+0000][1][gc,cpu       ] GC(57) User=0.14s Sys=0.00s Real=0.14s
[2020-09-10T17:15:39.722+0000][1][gc           ] GC(57) Concurrent Preclean
[2020-09-10T17:15:39.732+0000][1][gc           ] GC(57) Concurrent Preclean 10.564ms
[2020-09-10T17:15:39.732+0000][1][gc,cpu       ] GC(57) User=0.01s Sys=0.00s Real=0.01s
[2020-09-10T17:15:39.732+0000][1][gc           ] GC(57) Concurrent Abortable Preclean
[2020-09-10T17:15:39.788+0000][1][gc,start     ] GC(58) Pause Young (Allocation Failure)
[2020-09-10T17:15:39.788+0000][1][gc,task      ] GC(58) Using 1 workers of 1 for evacuation
[2020-09-10T17:15:39.804+0000][1][gc,age       ] GC(58) Desired survivor size 4358144 bytes, new threshold 6 (max threshold 6)
[2020-09-10T17:15:39.804+0000][1][gc,age       ] GC(58) Age table with threshold 6 (max threshold 6)
[2020-09-10T17:15:39.804+0000][1][gc,age       ] GC(58) - age   1:      47864 bytes,      47864 total
[2020-09-10T17:15:39.804+0000][1][gc,age       ] GC(58) - age   2:    1410416 bytes,    1458280 total
[2020-09-10T17:15:39.804+0000][1][gc,age       ] GC(58) - age   3:     300616 bytes,    1758896 total
[2020-09-10T17:15:39.804+0000][1][gc,age       ] GC(58) - age   4:     954928 bytes,    2713824 total
[2020-09-10T17:15:39.804+0000][1][gc,age       ] GC(58) - age   5:     264504 bytes,    2978328 total
[2020-09-10T17:15:39.804+0000][1][gc,age       ] GC(58) - age   6:     330272 bytes,    3308600 total
[2020-09-10T17:15:39.804+0000][1][gc,heap      ] GC(58) ParNew: 71807K->4556K(76672K)
[2020-09-10T17:15:39.804+0000][1][gc,heap      ] GC(58) CMS: 48709K->49041K(2011968K)
[2020-09-10T17:15:39.804+0000][1][gc,metaspace ] GC(58) Metaspace: 35565K->35565K(1083392K)
[2020-09-10T17:15:39.804+0000][1][gc           ] GC(58) Pause Young (Allocation Failure) 117M->52M(2039M) 15.688ms
[2020-09-10T17:15:39.804+0000][1][gc,cpu       ] GC(58) User=0.02s Sys=0.00s Real=0.01s
[2020-09-10T17:15:39.811+0000][1][safepoint    ] Safepoint "GenCollectForAllocation", Time since last: 206304181 ns, Reaching safepoint: 143182 ns, At safepoint: 22298955 ns, Total: 22442137 ns
[2020-09-10T17:15:39.897+0000][1][safepoint    ] Safepoint "CollectForMetadataAllocation", Time since last: 86109350 ns, Reaching safepoint: 104773 ns, At safepoint: 107038 ns, Total: 211811 ns
[2020-09-10T17:15:40.199+0000][1][safepoint    ] Safepoint "CollectForMetadataAllocation", Time since last: 301668502 ns, Reaching safepoint: 127573 ns, At safepoint: 123348 ns, Total: 250921 ns
[2020-09-10T17:15:40.280+0000][1][safepoint    ] Safepoint "RevokeBias", Time since last: 80669692 ns, Reaching safepoint: 100069 ns, At safepoint: 31615 ns, Total: 131684 ns
[2020-09-10T17:15:40.341+0000][1][safepoint    ] Safepoint "CollectForMetadataAllocation", Time since last: 61460158 ns, Reaching safepoint: 121650 ns, At safepoint: 132894 ns, Total: 254544 ns
[2020-09-10T17:15:40.407+0000][1][safepoint    ] Safepoint "CollectForMetadataAllocation", Time since last: 65232400 ns, Reaching safepoint: 139741 ns, At safepoint: 70869 ns, Total: 210610 ns
[2020-09-10T17:15:40.491+0000][1][safepoint    ] Safepoint "CollectForMetadataAllocation", Time since last: 83880968 ns, Reaching safepoint: 107719 ns, At safepoint: 79426 ns, Total: 187145 ns
[2020-09-10T17:15:40.546+0000][1][safepoint    ] Safepoint "CollectForMetadataAllocation", Time since last: 50313377 ns, Reaching safepoint: 4791313 ns, At safepoint: 138464 ns, Total: 4929777 ns
[2020-09-10T17:15:40.603+0000][1][gc           ] GC(57) Concurrent Abortable Preclean 871.265ms
[2020-09-10T17:15:40.604+0000][1][gc,cpu       ] GC(57) User=0.81s Sys=0.01s Real=0.87s
[2020-09-10T17:15:40.604+0000][1][gc,start     ] GC(57) Pause Remark
[2020-09-10T17:15:40.625+0000][1][gc           ] GC(57) Pause Remark 85M->85M(2039M) 21.421ms
[2020-09-10T17:15:40.625+0000][1][gc,cpu       ] GC(57) User=0.02s Sys=0.00s Real=0.02s
[2020-09-10T17:15:40.631+0000][1][safepoint    ] Safepoint "CMS_Final_Remark", Time since last: 57365009 ns, Reaching safepoint: 241378 ns, At safepoint: 26867600 ns, Total: 27108978 ns
[2020-09-10T17:15:40.631+0000][1][gc           ] GC(57) Concurrent Sweep
[2020-09-10T17:15:40.635+0000][1][safepoint    ] Safepoint "CollectForMetadataAllocation", Time since last: 4014221 ns, Reaching safepoint: 332193 ns, At safepoint: 9890 ns, Total: 342083 ns
[2020-09-10T17:15:40.643+0000][1][safepoint    ] Safepoint "CollectForMetadataAllocation", Time since last: 5040725 ns, Reaching safepoint: 2970115 ns, At safepoint: 103994 ns, Total: 3074109 ns
[2020-09-10T17:15:40.661+0000][1][gc           ] GC(57) Concurrent Sweep 30.608ms
[2020-09-10T17:15:40.661+0000][1][gc,cpu       ] GC(57) User=0.03s Sys=0.00s Real=0.03s
[2020-09-10T17:15:40.661+0000][1][gc           ] GC(57) Concurrent Reset
[2020-09-10T17:15:40.670+0000][1][gc           ] GC(57) Concurrent Reset 8.093ms
[2020-09-10T17:15:40.670+0000][1][gc,cpu       ] GC(57) User=0.00s Sys=0.00s Real=0.01s
[2020-09-10T17:15:40.670+0000][1][gc,heap      ] GC(57) Old: 48709K->47941K(2011968K)
[2020-09-10T17:15:40.779+0000][1][safepoint    ] Safepoint "RevokeBias", Time since last: 135599963 ns, Reaching safepoint: 158165 ns, At safepoint: 48204 ns, Total: 206369 ns
[2020-09-10T17:15:40.780+0000][1][safepoint    ] Safepoint "Deoptimize", Time since last: 1024800 ns, Reaching safepoint: 140388 ns, At safepoint: 389098 ns, Total: 529486 ns
[2020-09-10T17:15:41.337+0000][1][gc,start     ] GC(59) Pause Young (Allocation Failure)
[2020-09-10T17:15:41.337+0000][1][gc,task      ] GC(59) Using 1 workers of 1 for evacuation
[2020-09-10T17:15:41.365+0000][1][gc,age       ] GC(59) Desired survivor size 4358144 bytes, new threshold 3 (max threshold 6)
[2020-09-10T17:15:41.365+0000][1][gc,age       ] GC(59) Age table with threshold 3 (max threshold 6)
[2020-09-10T17:15:41.365+0000][1][gc,age       ] GC(59) - age   1:    2995800 bytes,    2995800 total
[2020-09-10T17:15:41.365+0000][1][gc,age       ] GC(59) - age   2:      47664 bytes,    3043464 total
[2020-09-10T17:15:41.365+0000][1][gc,age       ] GC(59) - age   3:    1364472 bytes,    4407936 total
[2020-09-10T17:15:41.365+0000][1][gc,age       ] GC(59) - age   4:     300616 bytes,    4708552 total
[2020-09-10T17:15:41.365+0000][1][gc,age       ] GC(59) - age   5:     954928 bytes,    5663480 total
[2020-09-10T17:15:41.365+0000][1][gc,age       ] GC(59) - age   6:     264504 bytes,    5927984 total
[2020-09-10T17:15:41.365+0000][1][gc,heap      ] GC(59) ParNew: 72716K->5985K(76672K)
[2020-09-10T17:15:41.365+0000][1][gc,heap      ] GC(59) CMS: 47941K->48263K(2011968K)
[2020-09-10T17:15:41.365+0000][1][gc,metaspace ] GC(59) Metaspace: 43433K->43433K(1089536K)
[2020-09-10T17:15:41.365+0000][1][gc           ] GC(59) Pause Young (Allocation Failure) 117M->52M(2039M) 27.409ms
[2020-09-10T17:15:41.365+0000][1][gc,cpu       ] GC(59) User=0.03s Sys=0.00s Real=0.03s
[2020-09-10T17:15:41.379+0000][1][safepoint    ] Safepoint "GenCollectForAllocation", Time since last: 556666995 ns, Reaching safepoint: 136061 ns, At safepoint: 41383006 ns, Total: 41519067 ns
[2020-09-10T17:15:42.381+0000][1][safepoint    ] Safepoint "Cleanup", Time since last: 1002557733 ns, Reaching safepoint: 180313 ns, At safepoint: 7404 ns, Total: 187717 ns
[2020-09-10T17:15:43.067+0000][1][safepoint    ] Safepoint "RevokeBias", Time since last: 685240948 ns, Reaching safepoint: 157020 ns, At safepoint: 33899 ns, Total: 190919 ns
[2020-09-10T17:15:43.075+0000][1][safepoint    ] Safepoint "RevokeBias", Time since last: 7822097 ns, Reaching safepoint: 102453 ns, At safepoint: 38166 ns, Total: 140619 ns
[2020-09-10T17:15:43.152+0000][1][gc,start     ] GC(60) Pause Young (Allocation Failure)
[2020-09-10T17:15:43.152+0000][1][gc,task      ] GC(60) Using 1 workers of 1 for evacuation
[2020-09-10T17:15:43.209+0000][1][gc,age       ] GC(60) Desired survivor size 4358144 bytes, new threshold 2 (max threshold 6)
[2020-09-10T17:15:43.209+0000][1][gc,age       ] GC(60) Age table with threshold 2 (max threshold 6)
[2020-09-10T17:15:43.209+0000][1][gc,age       ] GC(60) - age   1:    3578128 bytes,    3578128 total
[2020-09-10T17:15:43.209+0000][1][gc,age       ] GC(60) - age   2:    2923656 bytes,    6501784 total
[2020-09-10T17:15:43.209+0000][1][gc,age       ] GC(60) - age   3:      47664 bytes,    6549448 total
[2020-09-10T17:15:43.209+0000][1][gc,heap      ] GC(60) ParNew: 74145K->8512K(76672K)
[2020-09-10T17:15:43.209+0000][1][gc,heap      ] GC(60) CMS: 48263K->51109K(2011968K)
[2020-09-10T17:15:43.209+0000][1][gc,metaspace ] GC(60) Metaspace: 48172K->48172K(1093632K)
[2020-09-10T17:15:43.209+0000][1][gc           ] GC(60) Pause Young (Allocation Failure) 119M->58M(2039M) 56.800ms
[2020-09-10T17:15:43.209+0000][1][gc,cpu       ] GC(60) User=0.06s Sys=0.00s Real=0.06s
[2020-09-10T17:15:43.215+0000][1][safepoint    ] Safepoint "GenCollectForAllocation", Time since last: 77232796 ns, Reaching safepoint: 107791 ns, At safepoint: 62512011 ns, Total: 62619802 ns
[2020-09-10T17:15:43.230+0000][1][safepoint    ] Safepoint "RevokeBias", Time since last: 15431015 ns, Reaching safepoint: 99588 ns, At safepoint: 13625 ns, Total: 113213 ns
[2020-09-10T17:15:43.230+0000][1][safepoint    ] Safepoint "RevokeBias", Time since last: 123308 ns, Reaching safepoint: 10840 ns, At safepoint: 8281 ns, Total: 19121 ns
[2020-09-10T17:15:43.230+0000][1][safepoint    ] Safepoint "RevokeBias", Time since last: 56295 ns, Reaching safepoint: 9952 ns, At safepoint: 7643 ns, Total: 17595 ns
[2020-09-10T17:15:43.392+0000][1][safepoint    ] Safepoint "RevokeBias", Time since last: 161530636 ns, Reaching safepoint: 348344 ns, At safepoint: 30054 ns, Total: 378398 ns
[2020-09-10T17:15:43.393+0000][1][safepoint    ] Safepoint "RevokeBias", Time since last: 77697 ns, Reaching safepoint: 83091 ns, At safepoint: 18898 ns, Total: 101989 ns
[2020-09-10T17:15:43.397+0000][1][safepoint    ] Safepoint "BulkRevokeBias", Time since last: 1683451 ns, Reaching safepoint: 3173589 ns, At safepoint: 67605 ns, Total: 3241194 ns
[2020-09-10T17:15:43.398+0000][1][safepoint    ] Safepoint "RevokeBias", Time since last: 63030 ns, Reaching safepoint: 80647 ns, At safepoint: 16511 ns, Total: 97158 ns
[2020-09-10T17:15:43.461+0000][1][safepoint    ] Safepoint "RevokeBias", Time since last: 63017189 ns, Reaching safepoint: 111866 ns, At safepoint: 38186 ns, Total: 150052 ns
[2020-09-10T17:15:43.461+0000][1][safepoint    ] Safepoint "RevokeBias", Time since last: 89651 ns, Reaching safepoint: 82956 ns, At safepoint: 25453 ns, Total: 108409 ns
[2020-09-10T17:15:43.461+0000][1][safepoint    ] Safepoint "RevokeBias", Time since last: 93382 ns, Reaching safepoint: 81828 ns, At safepoint: 22569 ns, Total: 104397 ns
[2020-09-10T17:15:43.464+0000][1][safepoint    ] Safepoint "RevokeBias", Time since last: 2578893 ns, Reaching safepoint: 97658 ns, At safepoint: 33202 ns, Total: 130860 ns
[2020-09-10T17:15:43.467+0000][1][safepoint    ] Safepoint "RevokeBias", Time since last: 2781442 ns, Reaching safepoint: 94103 ns, At safepoint: 29294 ns, Total: 123397 ns
[2020-09-10T17:15:43.467+0000][1][safepoint    ] Safepoint "RevokeBias", Time since last: 43096 ns, Reaching safepoint: 82605 ns, At safepoint: 21938 ns, Total: 104543 ns
[2020-09-10T17:15:43.467+0000][1][safepoint    ] Safepoint "RevokeBias", Time since last: 32877 ns, Reaching safepoint: 81169 ns, At safepoint: 20333 ns, Total: 101502 ns
[2020-09-10T17:15:43.467+0000][1][safepoint    ] Safepoint "RevokeBias", Time since last: 28199 ns, Reaching safepoint: 81253 ns, At safepoint: 21499 ns, Total: 102752 ns
[2020-09-10T17:15:43.467+0000][1][safepoint    ] Safepoint "RevokeBias", Time since last: 27432 ns, Reaching safepoint: 81119 ns, At safepoint: 20293 ns, Total: 101412 ns
[2020-09-10T17:15:43.467+0000][1][safepoint    ] Safepoint "RevokeBias", Time since last: 26725 ns, Reaching safepoint: 81457 ns, At safepoint: 23889 ns, Total: 105346 ns
[2020-09-10T17:15:43.468+0000][1][safepoint    ] Safepoint "RevokeBias", Time since last: 27125 ns, Reaching safepoint: 81169 ns, At safepoint: 22740 ns, Total: 103909 ns
[2020-09-10T17:15:43.468+0000][1][safepoint    ] Safepoint "RevokeBias", Time since last: 30120 ns, Reaching safepoint: 80716 ns, At safepoint: 22598 ns, Total: 103314 ns
[2020-09-10T17:15:43.468+0000][1][safepoint    ] Safepoint "RevokeBias", Time since last: 27283 ns, Reaching safepoint: 81509 ns, At safepoint: 23814 ns, Total: 105323 ns
[2020-09-10T17:15:43.468+0000][1][safepoint    ] Safepoint "RevokeBias", Time since last: 27019 ns, Reaching safepoint: 81881 ns, At safepoint: 25812 ns, Total: 107693 ns
[2020-09-10T17:15:43.468+0000][1][safepoint    ] Safepoint "RevokeBias", Time since last: 27133 ns, Reaching safepoint: 81146 ns, At safepoint: 24448 ns, Total: 105594 ns
[2020-09-10T17:15:43.468+0000][1][safepoint    ] Safepoint "RevokeBias", Time since last: 27024 ns, Reaching safepoint: 82187 ns, At safepoint: 21905 ns, Total: 104092 ns
[2020-09-10T17:15:43.468+0000][1][safepoint    ] Safepoint "RevokeBias", Time since last: 27165 ns, Reaching safepoint: 81416 ns, At safepoint: 24887 ns, Total: 106303 ns
[2020-09-10T17:15:43.469+0000][1][safepoint    ] Safepoint "RevokeBias", Time since last: 27010 ns, Reaching safepoint: 81029 ns, At safepoint: 23053 ns, Total: 104082 ns
[2020-09-10T17:15:43.469+0000][1][safepoint    ] Safepoint "RevokeBias", Time since last: 38125 ns, Reaching safepoint: 81229 ns, At safepoint: 22338 ns, Total: 103567 ns
[2020-09-10T17:15:43.469+0000][1][safepoint    ] Safepoint "RevokeBias", Time since last: 27166 ns, Reaching safepoint: 81032 ns, At safepoint: 21463 ns, Total: 102495 ns
[2020-09-10T17:15:43.469+0000][1][safepoint    ] Safepoint "RevokeBias", Time since last: 26607 ns, Reaching safepoint: 81311 ns, At safepoint: 23299 ns, Total: 104610 ns
[2020-09-10T17:15:43.469+0000][1][safepoint    ] Safepoint "RevokeBias", Time since last: 28397 ns, Reaching safepoint: 81192 ns, At safepoint: 22346 ns, Total: 103538 ns
[2020-09-10T17:15:43.469+0000][1][safepoint    ] Safepoint "RevokeBias", Time since last: 27047 ns, Reaching safepoint: 80931 ns, At safepoint: 21543 ns, Total: 102474 ns
[2020-09-10T17:15:43.469+0000][1][safepoint    ] Safepoint "BulkRevokeBias", Time since last: 28558 ns, Reaching safepoint: 81492 ns, At safepoint: 72848 ns, Total: 154340 ns
[2020-09-10T17:15:43.470+0000][1][safepoint    ] Safepoint "RevokeBias", Time since last: 77015 ns, Reaching safepoint: 83517 ns, At safepoint: 25620 ns, Total: 109137 ns
[2020-09-10T17:15:43.470+0000][1][safepoint    ] Safepoint "RevokeBias", Time since last: 37132 ns, Reaching safepoint: 82791 ns, At safepoint: 24096 ns, Total: 106887 ns
[2020-09-10T17:15:43.470+0000][1][safepoint    ] Safepoint "RevokeBias", Time since last: 541291 ns, Reaching safepoint: 84250 ns, At safepoint: 25599 ns, Total: 109849 ns
[2020-09-10T17:15:43.471+0000][1][safepoint    ] Safepoint "RevokeBias", Time since last: 1108224 ns, Reaching safepoint: 17624 ns, At safepoint: 23211 ns, Total: 40835 ns
[2020-09-10T17:15:43.472+0000][1][safepoint    ] Safepoint "RevokeBias", Time since last: 163063 ns, Reaching safepoint: 14162 ns, At safepoint: 18235 ns, Total: 32397 ns
[2020-09-10T17:15:43.472+0000][1][safepoint    ] Safepoint "RevokeBias", Time since last: 36913 ns, Reaching safepoint: 12020 ns, At safepoint: 15757 ns, Total: 27777 ns
[2020-09-10T17:15:43.479+0000][1][safepoint    ] Safepoint "RevokeBias", Time since last: 6925134 ns, Reaching safepoint: 73712 ns, At safepoint: 51657 ns, Total: 125369 ns
[2020-09-10T17:15:43.479+0000][1][safepoint    ] Safepoint "RevokeBias", Time since last: 86410 ns, Reaching safepoint: 11823 ns, At safepoint: 10863 ns, Total: 22686 ns
[2020-09-10T17:15:43.479+0000][1][safepoint    ] Safepoint "RevokeBias", Time since last: 28202 ns, Reaching safepoint: 10249 ns, At safepoint: 9533 ns, Total: 19782 ns
[2020-09-10T17:15:43.479+0000][1][safepoint    ] Safepoint "RevokeBias", Time since last: 30183 ns, Reaching safepoint: 10026 ns, At safepoint: 9281 ns, Total: 19307 ns
[2020-09-10T17:15:43.479+0000][1][safepoint    ] Safepoint "RevokeBias", Time since last: 25533 ns, Reaching safepoint: 9972 ns, At safepoint: 9227 ns, Total: 19199 ns
[2020-09-10T17:15:43.479+0000][1][safepoint    ] Safepoint "RevokeBias", Time since last: 25608 ns, Reaching safepoint: 9995 ns, At safepoint: 9135 ns, Total: 19130 ns
[2020-09-10T17:15:43.479+0000][1][safepoint    ] Safepoint "RevokeBias", Time since last: 25843 ns, Reaching safepoint: 9935 ns, At safepoint: 9174 ns, Total: 19109 ns
[2020-09-10T17:15:43.479+0000][1][safepoint    ] Safepoint "RevokeBias", Time since last: 25083 ns, Reaching safepoint: 9862 ns, At safepoint: 9192 ns, Total: 19054 ns
[2020-09-10T17:15:43.479+0000][1][safepoint    ] Safepoint "RevokeBias", Time since last: 25044 ns, Reaching safepoint: 9831 ns, At safepoint: 9063 ns, Total: 18894 ns
[2020-09-10T17:15:43.479+0000][1][safepoint    ] Safepoint "RevokeBias", Time since last: 24889 ns, Reaching safepoint: 9889 ns, At safepoint: 9119 ns, Total: 19008 ns
[2020-09-10T17:15:43.479+0000][1][safepoint    ] Safepoint "RevokeBias", Time since last: 25009 ns, Reaching safepoint: 9873 ns, At safepoint: 9157 ns, Total: 19030 ns
[2020-09-10T17:15:43.479+0000][1][safepoint    ] Safepoint "RevokeBias", Time since last: 24872 ns, Reaching safepoint: 9813 ns, At safepoint: 9161 ns, Total: 18974 ns
[2020-09-10T17:15:43.479+0000][1][safepoint    ] Safepoint "RevokeBias", Time since last: 24801 ns, Reaching safepoint: 13991 ns, At safepoint: 12360 ns, Total: 26351 ns
[2020-09-10T17:15:43.485+0000][1][safepoint    ] Safepoint "RevokeBias", Time since last: 3307492 ns, Reaching safepoint: 2102935 ns, At safepoint: 37810 ns, Total: 2140745 ns
[2020-09-10T17:15:43.485+0000][1][safepoint    ] Safepoint "RevokeBias", Time since last: 64547 ns, Reaching safepoint: 83614 ns, At safepoint: 25706 ns, Total: 109320 ns
[2020-09-10T17:15:43.485+0000][1][safepoint    ] Safepoint "RevokeBias", Time since last: 29970 ns, Reaching safepoint: 82896 ns, At safepoint: 27124 ns, Total: 110020 ns
[2020-09-10T17:15:43.485+0000][1][safepoint    ] Safepoint "RevokeBias", Time since last: 29359 ns, Reaching safepoint: 82171 ns, At safepoint: 25911 ns, Total: 108082 ns
[2020-09-10T17:15:43.485+0000][1][safepoint    ] Safepoint "RevokeBias", Time since last: 28499 ns, Reaching safepoint: 85726 ns, At safepoint: 24940 ns, Total: 110666 ns
[2020-09-10T17:15:43.486+0000][1][safepoint    ] Safepoint "RevokeBias", Time since last: 28333 ns, Reaching safepoint: 81758 ns, At safepoint: 22011 ns, Total: 103769 ns
[2020-09-10T17:15:43.486+0000][1][safepoint    ] Safepoint "BulkRevokeBias", Time since last: 29961 ns, Reaching safepoint: 81177 ns, At safepoint: 69664 ns, Total: 150841 ns
[2020-09-10T17:15:43.486+0000][1][safepoint    ] Safepoint "RevokeBias", Time since last: 121078 ns, Reaching safepoint: 82202 ns, At safepoint: 25127 ns, Total: 107329 ns
[2020-09-10T17:15:43.486+0000][1][safepoint    ] Safepoint "RevokeBias", Time since last: 97192 ns, Reaching safepoint: 81377 ns, At safepoint: 23486 ns, Total: 104863 ns
[2020-09-10T17:15:43.486+0000][1][safepoint    ] Safepoint "RevokeBias", Time since last: 43279 ns, Reaching safepoint: 82112 ns, At safepoint: 22968 ns, Total: 105080 ns
[2020-09-10T17:15:43.487+0000][1][safepoint    ] Safepoint "RevokeBias", Time since last: 74430 ns, Reaching safepoint: 83907 ns, At safepoint: 23824 ns, Total: 107731 ns
[2020-09-10T17:15:43.487+0000][1][safepoint    ] Safepoint "RevokeBias", Time since last: 38506 ns, Reaching safepoint: 88430 ns, At safepoint: 23323 ns, Total: 111753 ns
[2020-09-10T17:15:43.487+0000][1][safepoint    ] Safepoint "RevokeBias", Time since last: 112417 ns, Reaching safepoint: 81783 ns, At safepoint: 23322 ns, Total: 105105 ns
[2020-09-10T17:15:43.487+0000][1][safepoint    ] Safepoint "RevokeBias", Time since last: 237415 ns, Reaching safepoint: 82856 ns, At safepoint: 23114 ns, Total: 105970 ns
[2020-09-10T17:15:43.487+0000][1][safepoint    ] Safepoint "RevokeBias", Time since last: 63931 ns, Reaching safepoint: 82159 ns, At safepoint: 22361 ns, Total: 104520 ns
[2020-09-10T17:15:43.488+0000][1][safepoint    ] Safepoint "RevokeBias", Time since last: 129295 ns, Reaching safepoint: 83335 ns, At safepoint: 21816 ns, Total: 105151 ns
[2020-09-10T17:15:43.488+0000][1][safepoint    ] Safepoint "RevokeBias", Time since last: 44044 ns, Reaching safepoint: 80157 ns, At safepoint: 19689 ns, Total: 99846 ns
[2020-09-10T17:15:43.488+0000][1][safepoint    ] Safepoint "RevokeBias", Time since last: 26769 ns, Reaching safepoint: 80600 ns, At safepoint: 21671 ns, Total: 102271 ns
[2020-09-10T17:15:43.488+0000][1][safepoint    ] Safepoint "RevokeBias", Time since last: 26149 ns, Reaching safepoint: 79890 ns, At safepoint: 20814 ns, Total: 100704 ns
[2020-09-10T17:15:43.488+0000][1][safepoint    ] Safepoint "RevokeBias", Time since last: 201033 ns, Reaching safepoint: 82642 ns, At safepoint: 21983 ns, Total: 104625 ns
[2020-09-10T17:15:43.489+0000][1][safepoint    ] Safepoint "RevokeBias", Time since last: 105484 ns, Reaching safepoint: 83040 ns, At safepoint: 22979 ns, Total: 106019 ns
[2020-09-10T17:15:43.489+0000][1][safepoint    ] Safepoint "RevokeBias", Time since last: 101479 ns, Reaching safepoint: 82915 ns, At safepoint: 22746 ns, Total: 105661 ns
[2020-09-10T17:15:43.489+0000][1][safepoint    ] Safepoint "RevokeBias", Time since last: 278897 ns, Reaching safepoint: 84079 ns, At safepoint: 23428 ns, Total: 107507 ns
[2020-09-10T17:15:43.490+0000][1][safepoint    ] Safepoint "RevokeBias", Time since last: 388172 ns, Reaching safepoint: 85029 ns, At safepoint: 23783 ns, Total: 108812 ns
[2020-09-10T17:15:43.490+0000][1][safepoint    ] Safepoint "BulkRevokeBias", Time since last: 71787 ns, Reaching safepoint: 83264 ns, At safepoint: 62374 ns, Total: 145638 ns
[2020-09-10T17:15:43.504+0000][1][safepoint    ] Safepoint "RevokeBias", Time since last: 13501681 ns, Reaching safepoint: 110933 ns, At safepoint: 36023 ns, Total: 146956 ns
[2020-09-10T17:15:43.508+0000][1][safepoint    ] Safepoint "RevokeBias", Time since last: 3661923 ns, Reaching safepoint: 375934 ns, At safepoint: 35014 ns, Total: 410948 ns
[2020-09-10T17:15:43.508+0000][1][safepoint    ] Safepoint "RevokeBias", Time since last: 53523 ns, Reaching safepoint: 84107 ns, At safepoint: 23857 ns, Total: 107964 ns
[2020-09-10T17:15:43.540+0000][1][safepoint    ] Safepoint "RevokeBias", Time since last: 32382480 ns, Reaching safepoint: 106049 ns, At safepoint: 12978 ns, Total: 119027 ns
[2020-09-10T17:15:43.661+0000][1][safepoint    ] Safepoint "RevokeBias", Time since last: 120312823 ns, Reaching safepoint: 121118 ns, At safepoint: 13210 ns, Total: 134328 ns
[2020-09-10T17:15:43.661+0000][1][safepoint    ] Safepoint "RevokeBias", Time since last: 192350 ns, Reaching safepoint: 84573 ns, At safepoint: 8962 ns, Total: 93535 ns
[2020-09-10T17:15:43.661+0000][1][safepoint    ] Safepoint "RevokeBias", Time since last: 170242 ns, Reaching safepoint: 81836 ns, At safepoint: 8208 ns, Total: 90044 ns
[2020-09-10T17:15:43.661+0000][1][safepoint    ] Safepoint "RevokeBias", Time since last: 53318 ns, Reaching safepoint: 80818 ns, At safepoint: 7766 ns, Total: 88584 ns
[2020-09-10T17:15:44.009+0000][1][gc,start     ] GC(61) Pause Young (Allocation Failure)
[2020-09-10T17:15:44.009+0000][1][gc,task      ] GC(61) Using 1 workers of 1 for evacuation
[2020-09-10T17:15:44.073+0000][1][gc,age       ] GC(61) Desired survivor size 4358144 bytes, new threshold 2 (max threshold 6)
[2020-09-10T17:15:44.073+0000][1][gc,age       ] GC(61) Age table with threshold 2 (max threshold 6)
[2020-09-10T17:15:44.073+0000][1][gc,age       ] GC(61) - age   1:    1236024 bytes,    1236024 total
[2020-09-10T17:15:44.073+0000][1][gc,age       ] GC(61) - age   2:    3515272 bytes,    4751296 total
[2020-09-10T17:15:44.073+0000][1][gc,heap      ] GC(61) ParNew: 76672K->6069K(76672K)
[2020-09-10T17:15:44.073+0000][1][gc,heap      ] GC(61) CMS: 51109K->54081K(2011968K)
[2020-09-10T17:15:44.073+0000][1][gc,metaspace ] GC(61) Metaspace: 53177K->53177K(1097728K)
[2020-09-10T17:15:44.073+0000][1][gc           ] GC(61) Pause Young (Allocation Failure) 124M->58M(2039M) 63.423ms
[2020-09-10T17:15:44.073+0000][1][gc,cpu       ] GC(61) User=0.06s Sys=0.00s Real=0.06s
[2020-09-10T17:15:44.079+0000][1][safepoint    ] Safepoint "GenCollectForAllocation", Time since last: 347400774 ns, Reaching safepoint: 396378 ns, At safepoint: 69518732 ns, Total: 69915110 ns
[2020-09-10T17:15:44.083+0000][1][safepoint    ] Safepoint "RevokeBias", Time since last: 3850750 ns, Reaching safepoint: 33249 ns, At safepoint: 24187 ns, Total: 57436 ns
[2020-09-10T17:15:44.379+0000][1][safepoint    ] Safepoint "RevokeBias", Time since last: 292178742 ns, Reaching safepoint: 4390804 ns, At safepoint: 34623 ns, Total: 4425427 ns
[2020-09-10T17:15:44.772+0000][1][safepoint    ] Safepoint "RevokeBias", Time since last: 392664951 ns, Reaching safepoint: 419193 ns, At safepoint: 16149 ns, Total: 435342 ns
[2020-09-10T17:15:45.168+0000][1][gc,start     ] GC(62) Pause Young (Allocation Failure)
[2020-09-10T17:15:45.168+0000][1][gc,task      ] GC(62) Using 1 workers of 1 for evacuation
[2020-09-10T17:15:45.205+0000][1][gc,age       ] GC(62) Desired survivor size 4358144 bytes, new threshold 6 (max threshold 6)
[2020-09-10T17:15:45.205+0000][1][gc,age       ] GC(62) Age table with threshold 6 (max threshold 6)
[2020-09-10T17:15:45.205+0000][1][gc,age       ] GC(62) - age   1:    1725424 bytes,    1725424 total
[2020-09-10T17:15:45.205+0000][1][gc,age       ] GC(62) - age   2:    1168608 bytes,    2894032 total
[2020-09-10T17:15:45.205+0000][1][gc,heap      ] GC(62) ParNew: 74229K->4997K(76672K)
[2020-09-10T17:15:45.205+0000][1][gc,heap      ] GC(62) CMS: 54081K->57619K(2011968K)
[2020-09-10T17:15:45.205+0000][1][gc,metaspace ] GC(62) Metaspace: 60621K->60621K(1105920K)
[2020-09-10T17:15:45.205+0000][1][gc           ] GC(62) Pause Young (Allocation Failure) 125M->61M(2039M) 37.817ms
[2020-09-10T17:15:45.205+0000][1][gc,cpu       ] GC(62) User=0.04s Sys=0.00s Real=0.03s
[2020-09-10T17:15:45.211+0000][1][safepoint    ] Safepoint "GenCollectForAllocation", Time since last: 394347156 ns, Reaching safepoint: 952412 ns, At safepoint: 43060358 ns, Total: 44012770 ns
[2020-09-10T17:15:45.312+0000][1][safepoint    ] Safepoint "RevokeBias", Time since last: 101131729 ns, Reaching safepoint: 121012 ns, At safepoint: 31695 ns, Total: 152707 ns
[2020-09-10T17:15:45.312+0000][1][safepoint    ] Safepoint "RevokeBias", Time since last: 108244 ns, Reaching safepoint: 9660 ns, At safepoint: 17834 ns, Total: 27494 ns
[2020-09-10T17:15:45.312+0000][1][safepoint    ] Safepoint "RevokeBias", Time since last: 110171 ns, Reaching safepoint: 9866 ns, At safepoint: 17543 ns, Total: 27409 ns
[2020-09-10T17:15:45.314+0000][1][safepoint    ] Safepoint "RevokeBias", Time since last: 1782247 ns, Reaching safepoint: 87648 ns, At safepoint: 11416 ns, Total: 99064 ns
[2020-09-10T17:15:45.314+0000][1][safepoint    ] Safepoint "RevokeBias", Time since last: 40227 ns, Reaching safepoint: 78594 ns, At safepoint: 8494 ns, Total: 87088 ns
[2020-09-10T17:15:45.314+0000][1][safepoint    ] Safepoint "RevokeBias", Time since last: 80401 ns, Reaching safepoint: 80620 ns, At safepoint: 8663 ns, Total: 89283 ns
[2020-09-10T17:15:45.315+0000][1][safepoint    ] Safepoint "RevokeBias", Time since last: 35797 ns, Reaching safepoint: 77390 ns, At safepoint: 8158 ns, Total: 85548 ns
[2020-09-10T17:15:45.315+0000][1][safepoint    ] Safepoint "RevokeBias", Time since last: 31921 ns, Reaching safepoint: 90072 ns, At safepoint: 8376 ns, Total: 98448 ns
[2020-09-10T17:15:45.316+0000][1][safepoint    ] Safepoint "RevokeBias", Time since last: 1656379 ns, Reaching safepoint: 95360 ns, At safepoint: 37299 ns, Total: 132659 ns
[2020-09-10T17:15:45.761+0000][1][safepoint    ] Safepoint "RevokeBias", Time since last: 444313587 ns, Reaching safepoint: 128656 ns, At safepoint: 14003 ns, Total: 142659 ns
[2020-09-10T17:15:45.841+0000][1][safepoint    ] Safepoint "CollectForMetadataAllocation", Time since last: 79943073 ns, Reaching safepoint: 107727 ns, At safepoint: 138093 ns, Total: 245820 ns
[2020-09-10T17:15:45.889+0000][1][safepoint    ] Safepoint "Deoptimize", Time since last: 47333589 ns, Reaching safepoint: 108689 ns, At safepoint: 313415 ns, Total: 422104 ns
[2020-09-10T17:15:45.916+0000][1][safepoint    ] Safepoint "CollectForMetadataAllocation", Time since last: 26468935 ns, Reaching safepoint: 112690 ns, At safepoint: 125470 ns, Total: 238160 ns
[2020-09-10T17:15:46.038+0000][1][safepoint    ] Safepoint "CollectForMetadataAllocation", Time since last: 122144714 ns, Reaching safepoint: 126010 ns, At safepoint: 85778 ns, Total: 211788 ns
[2020-09-10T17:15:46.097+0000][1][safepoint    ] Safepoint "CollectForMetadataAllocation", Time since last: 58938252 ns, Reaching safepoint: 117412 ns, At safepoint: 199259 ns, Total: 316671 ns
[2020-09-10T17:15:46.185+0000][1][safepoint    ] Safepoint "RevokeBias", Time since last: 87592509 ns, Reaching safepoint: 81967 ns, At safepoint: 15572 ns, Total: 97539 ns
[2020-09-10T17:15:46.185+0000][1][safepoint    ] Safepoint "RevokeBias", Time since last: 82311 ns, Reaching safepoint: 82669 ns, At safepoint: 7759 ns, Total: 90428 ns
[2020-09-10T17:15:46.185+0000][1][safepoint    ] Safepoint "RevokeBias", Time since last: 194740 ns, Reaching safepoint: 81926 ns, At safepoint: 9606 ns, Total: 91532 ns
[2020-09-10T17:15:46.226+0000][1][safepoint    ] Safepoint "CollectForMetadataAllocation", Time since last: 40481794 ns, Reaching safepoint: 104506 ns, At safepoint: 117532 ns, Total: 222038 ns
[2020-09-10T17:15:46.338+0000][1][safepoint    ] Safepoint "CollectForMetadataAllocation", Time since last: 111835167 ns, Reaching safepoint: 115097 ns, At safepoint: 70073 ns, Total: 185170 ns
[2020-09-10T17:15:46.430+0000][1][safepoint    ] Safepoint "CollectForMetadataAllocation", Time since last: 91270047 ns, Reaching safepoint: 72496 ns, At safepoint: 117711 ns, Total: 190207 ns
[2020-09-10T17:15:46.479+0000][1][safepoint    ] Safepoint "CollectForMetadataAllocation", Time since last: 49172651 ns, Reaching safepoint: 103349 ns, At safepoint: 112963 ns, Total: 216312 ns
[2020-09-10T17:15:46.523+0000][1][safepoint    ] Safepoint "CollectForMetadataAllocation", Time since last: 43789339 ns, Reaching safepoint: 105676 ns, At safepoint: 132414 ns, Total: 238090 ns
[2020-09-10T17:15:46.552+0000][1][safepoint    ] Safepoint "RevokeBias", Time since last: 28810081 ns, Reaching safepoint: 99901 ns, At safepoint: 13339 ns, Total: 113240 ns
[2020-09-10T17:15:46.552+0000][1][safepoint    ] Safepoint "RevokeBias", Time since last: 235307 ns, Reaching safepoint: 80471 ns, At safepoint: 9935 ns, Total: 90406 ns
[2020-09-10T17:15:46.586+0000][1][safepoint    ] Safepoint "CollectForMetadataAllocation", Time since last: 34145998 ns, Reaching safepoint: 102750 ns, At safepoint: 64430 ns, Total: 167180 ns
[2020-09-10T17:15:46.603+0000][1][safepoint    ] Safepoint "RevokeBias", Time since last: 15898709 ns, Reaching safepoint: 290952 ns, At safepoint: 30370 ns, Total: 321322 ns
[2020-09-10T17:15:46.603+0000][1][safepoint    ] Safepoint "BulkRevokeBias", Time since last: 442344 ns, Reaching safepoint: 84744 ns, At safepoint: 69720 ns, Total: 154464 ns
[2020-09-10T17:15:46.674+0000][1][safepoint    ] Safepoint "CollectForMetadataAllocation", Time since last: 70585171 ns, Reaching safepoint: 101934 ns, At safepoint: 117094 ns, Total: 219028 ns
[2020-09-10T17:15:46.723+0000][1][safepoint    ] Safepoint "CollectForMetadataAllocation", Time since last: 49021375 ns, Reaching safepoint: 113382 ns, At safepoint: 118041 ns, Total: 231423 ns
[2020-09-10T17:15:46.775+0000][1][safepoint    ] Safepoint "CollectForMetadataAllocation", Time since last: 51315113 ns, Reaching safepoint: 103248 ns, At safepoint: 125129 ns, Total: 228377 ns
[2020-09-10T17:15:46.783+0000][1][gc,start     ] GC(63) Pause Young (Allocation Failure)
[2020-09-10T17:15:46.783+0000][1][gc,task      ] GC(63) Using 1 workers of 1 for evacuation
[2020-09-10T17:15:46.845+0000][1][gc,age       ] GC(63) Desired survivor size 4358144 bytes, new threshold 2 (max threshold 6)
[2020-09-10T17:15:46.845+0000][1][gc,age       ] GC(63) Age table with threshold 2 (max threshold 6)
[2020-09-10T17:15:46.845+0000][1][gc,age       ] GC(63) - age   1:    3375144 bytes,    3375144 total
[2020-09-10T17:15:46.845+0000][1][gc,age       ] GC(63) - age   2:    1551464 bytes,    4926608 total
[2020-09-10T17:15:46.845+0000][1][gc,age       ] GC(63) - age   3:    1135440 bytes,    6062048 total
[2020-09-10T17:15:46.845+0000][1][gc,heap      ] GC(63) ParNew: 73157K->6927K(76672K)
[2020-09-10T17:15:46.845+0000][1][gc,heap      ] GC(63) CMS: 57619K->57619K(2011968K)
[2020-09-10T17:15:46.845+0000][1][gc,metaspace ] GC(63) Metaspace: 66256K->66256K(1110016K)
[2020-09-10T17:15:46.845+0000][1][gc           ] GC(63) Pause Young (Allocation Failure) 127M->63M(2039M) 62.581ms
[2020-09-10T17:15:46.845+0000][1][gc,cpu       ] GC(63) User=0.06s Sys=0.00s Real=0.06s
[2020-09-10T17:15:46.847+0000][1][safepoint    ] Safepoint "GenCollectForAllocation", Time since last: 7787997 ns, Reaching safepoint: 108356 ns, At safepoint: 64685865 ns, Total: 64794221 ns
[2020-09-10T17:15:46.855+0000][1][gc,start     ] GC(64) Pause Initial Mark
[2020-09-10T17:15:46.865+0000][1][gc           ] GC(64) Pause Initial Mark 64M->64M(2039M) 10.397ms
[2020-09-10T17:15:46.865+0000][1][gc,cpu       ] GC(64) User=0.01s Sys=0.00s Real=0.01s
[2020-09-10T17:15:46.871+0000][1][safepoint    ] Safepoint "CMS_Initial_Mark", Time since last: 3665106 ns, Reaching safepoint: 3529899 ns, At safepoint: 15969272 ns, Total: 19499171 ns
[2020-09-10T17:15:46.871+0000][1][gc           ] GC(64) Concurrent Mark
[2020-09-10T17:15:46.898+0000][1][safepoint    ] Safepoint "CollectForMetadataAllocation", Time since last: 22895970 ns, Reaching safepoint: 4640263 ns, At safepoint: 129504 ns, Total: 4769767 ns
[2020-09-10T17:15:47.008+0000][1][safepoint    ] Safepoint "CollectForMetadataAllocation", Time since last: 108357935 ns, Reaching safepoint: 1318285 ns, At safepoint: 87943 ns, Total: 1406228 ns
[2020-09-10T17:15:47.048+0000][1][gc           ] GC(64) Concurrent Mark 177.702ms
[2020-09-10T17:15:47.048+0000][1][gc,cpu       ] GC(64) User=0.17s Sys=0.01s Real=0.18s
[2020-09-10T17:15:47.049+0000][1][safepoint    ] Safepoint "RevokeBias", Time since last: 22600707 ns, Reaching safepoint: 17868003 ns, At safepoint: 17241 ns, Total: 17885244 ns
[2020-09-10T17:15:47.055+0000][1][gc           ] GC(64) Concurrent Preclean
[2020-09-10T17:15:47.058+0000][1][gc           ] GC(64) Concurrent Preclean 3.114ms
[2020-09-10T17:15:47.058+0000][1][gc,cpu       ] GC(64) User=0.00s Sys=0.00s Real=0.00s
[2020-09-10T17:15:47.058+0000][1][gc           ] GC(64) Concurrent Abortable Preclean
[2020-09-10T17:15:47.071+0000][1][safepoint    ] Safepoint "CollectForMetadataAllocation", Time since last: 18110738 ns, Reaching safepoint: 4036030 ns, At safepoint: 150347 ns, Total: 4186377 ns
[2020-09-10T17:15:47.119+0000][1][safepoint    ] Safepoint "CollectForMetadataAllocation", Time since last: 46246359 ns, Reaching safepoint: 1690625 ns, At safepoint: 122542 ns, Total: 1813167 ns
[2020-09-10T17:15:47.159+0000][1][safepoint    ] Safepoint "CollectForMetadataAllocation", Time since last: 35750359 ns, Reaching safepoint: 4050122 ns, At safepoint: 127819 ns, Total: 4177941 ns
[2020-09-10T17:15:47.187+0000][1][safepoint    ] Safepoint "Deoptimize", Time since last: 20958183 ns, Reaching safepoint: 6907376 ns, At safepoint: 337256 ns, Total: 7244632 ns
[2020-09-10T17:15:47.199+0000][1][safepoint    ] Safepoint "CollectForMetadataAllocation", Time since last: 11529883 ns, Reaching safepoint: 42801 ns, At safepoint: 125328 ns, Total: 168129 ns
[2020-09-10T17:15:47.201+0000][1][safepoint    ] Safepoint "Deoptimize", Time since last: 1983129 ns, Reaching safepoint: 89531 ns, At safepoint: 325041 ns, Total: 414572 ns
[2020-09-10T17:15:47.259+0000][1][safepoint    ] Safepoint "CollectForMetadataAllocation", Time since last: 54777810 ns, Reaching safepoint: 2816282 ns, At safepoint: 121851 ns, Total: 2938133 ns
[2020-09-10T17:15:47.315+0000][1][safepoint    ] Safepoint "CollectForMetadataAllocation", Time since last: 51805741 ns, Reaching safepoint: 4043163 ns, At safepoint: 125389 ns, Total: 4168552 ns
[2020-09-10T17:15:47.340+0000][1][safepoint    ] Safepoint "RevokeBias", Time since last: 24996641 ns, Reaching safepoint: 48347 ns, At safepoint: 17380 ns, Total: 65727 ns
[2020-09-10T17:15:47.343+0000][1][safepoint    ] Safepoint "RevokeBias", Time since last: 2761271 ns, Reaching safepoint: 24877 ns, At safepoint: 16769 ns, Total: 41646 ns
[2020-09-10T17:15:47.343+0000][1][safepoint    ] Safepoint "RevokeBias", Time since last: 662796 ns, Reaching safepoint: 81629 ns, At safepoint: 17534 ns, Total: 99163 ns
[2020-09-10T17:15:47.344+0000][1][safepoint    ] Safepoint "RevokeBias", Time since last: 483825 ns, Reaching safepoint: 84723 ns, At safepoint: 17715 ns, Total: 102438 ns
[2020-09-10T17:15:47.344+0000][1][safepoint    ] Safepoint "RevokeBias", Time since last: 36210 ns, Reaching safepoint: 80810 ns, At safepoint: 15959 ns, Total: 96769 ns
[2020-09-10T17:15:47.344+0000][1][safepoint    ] Safepoint "RevokeBias", Time since last: 131796 ns, Reaching safepoint: 83974 ns, At safepoint: 16153 ns, Total: 100127 ns
[2020-09-10T17:15:47.345+0000][1][safepoint    ] Safepoint "RevokeBias", Time since last: 188906 ns, Reaching safepoint: 80173 ns, At safepoint: 16352 ns, Total: 96525 ns
[2020-09-10T17:15:47.345+0000][1][safepoint    ] Safepoint "RevokeBias", Time since last: 145360 ns, Reaching safepoint: 81870 ns, At safepoint: 16124 ns, Total: 97994 ns
[2020-09-10T17:15:47.345+0000][1][safepoint    ] Safepoint "RevokeBias", Time since last: 32316 ns, Reaching safepoint: 80003 ns, At safepoint: 16368 ns, Total: 96371 ns
[2020-09-10T17:15:47.346+0000][1][safepoint    ] Safepoint "RevokeBias", Time since last: 408878 ns, Reaching safepoint: 79981 ns, At safepoint: 15937 ns, Total: 95918 ns
[2020-09-10T17:15:47.355+0000][1][safepoint    ] Safepoint "RevokeBias", Time since last: 5080341 ns, Reaching safepoint: 4082117 ns, At safepoint: 28435 ns, Total: 4110552 ns
[2020-09-10T17:15:47.355+0000][1][safepoint    ] Safepoint "RevokeBias", Time since last: 134388 ns, Reaching safepoint: 11843 ns, At safepoint: 16328 ns, Total: 28171 ns
[2020-09-10T17:15:47.359+0000][1][safepoint    ] Safepoint "Deoptimize", Time since last: 3332532 ns, Reaching safepoint: 101553 ns, At safepoint: 345529 ns, Total: 447082 ns
[2020-09-10T17:15:47.420+0000][1][safepoint    ] Safepoint "CollectForMetadataAllocation", Time since last: 55956947 ns, Reaching safepoint: 5245596 ns, At safepoint: 126040 ns, Total: 5371636 ns
[2020-09-10T17:15:47.422+0000][1][safepoint    ] Safepoint "CollectForMetadataAllocation", Time since last: 2175455 ns, Reaching safepoint: 15680 ns, At safepoint: 3404 ns, Total: 19084 ns
[2020-09-10T17:15:47.558+0000][1][safepoint    ] Safepoint "CollectForMetadataAllocation", Time since last: 135237887 ns, Reaching safepoint: 116529 ns, At safepoint: 120528 ns, Total: 237057 ns
[2020-09-10T17:15:47.631+0000][1][safepoint    ] Safepoint "CollectForMetadataAllocation", Time since last: 72974271 ns, Reaching safepoint: 89042 ns, At safepoint: 223666 ns, Total: 312708 ns
[2020-09-10T17:15:47.712+0000][1][safepoint    ] Safepoint "CollectForMetadataAllocation", Time since last: 80899527 ns, Reaching safepoint: 48373 ns, At safepoint: 77866 ns, Total: 126239 ns
[2020-09-10T17:15:47.871+0000][1][safepoint    ] Safepoint "CollectForMetadataAllocation", Time since last: 158652182 ns, Reaching safepoint: 143870 ns, At safepoint: 120460 ns, Total: 264330 ns
[2020-09-10T17:15:47.936+0000][1][safepoint    ] Safepoint "CollectForMetadataAllocation", Time since last: 65118948 ns, Reaching safepoint: 52753 ns, At safepoint: 107110 ns, Total: 159863 ns
[2020-09-10T17:15:47.996+0000][1][safepoint    ] Safepoint "RevokeBias", Time since last: 56700915 ns, Reaching safepoint: 3158721 ns, At safepoint: 27012 ns, Total: 3185733 ns
[2020-09-10T17:15:48.007+0000][1][safepoint    ] Safepoint "RevokeBias", Time since last: 2574904 ns, Reaching safepoint: 8209350 ns, At safepoint: 30659 ns, Total: 8240009 ns
[2020-09-10T17:15:48.019+0000][1][safepoint    ] Safepoint "RevokeBias", Time since last: 3769215 ns, Reaching safepoint: 8083259 ns, At safepoint: 35229 ns, Total: 8118488 ns
[2020-09-10T17:15:48.031+0000][1][safepoint    ] Safepoint "RevokeBias", Time since last: 3907985 ns, Reaching safepoint: 8060682 ns, At safepoint: 39331 ns, Total: 8100013 ns
[2020-09-10T17:15:48.043+0000][1][safepoint    ] Safepoint "RevokeBias", Time since last: 3873114 ns, Reaching safepoint: 7969759 ns, At safepoint: 37042 ns, Total: 8006801 ns
[2020-09-10T17:15:48.056+0000][1][safepoint    ] Safepoint "RevokeBias", Time since last: 2430306 ns, Reaching safepoint: 10867330 ns, At safepoint: 39665 ns, Total: 10906995 ns
[2020-09-10T17:15:48.067+0000][1][safepoint    ] Safepoint "RevokeBias", Time since last: 2654412 ns, Reaching safepoint: 8175853 ns, At safepoint: 34568 ns, Total: 8210421 ns
[2020-09-10T17:15:48.079+0000][1][safepoint    ] Safepoint "RevokeBias", Time since last: 2177476 ns, Reaching safepoint: 9929026 ns, At safepoint: 53553 ns, Total: 9982579 ns
[2020-09-10T17:15:48.123+0000][1][safepoint    ] Safepoint "RevokeBias", Time since last: 43807913 ns, Reaching safepoint: 168159 ns, At safepoint: 16960 ns, Total: 185119 ns
[2020-09-10T17:15:48.135+0000][1][safepoint    ] Safepoint "RevokeBias", Time since last: 12036787 ns, Reaching safepoint: 151664 ns, At safepoint: 21121 ns, Total: 172785 ns
[2020-09-10T17:15:48.141+0000][1][safepoint    ] Safepoint "RevokeBias", Time since last: 3489337 ns, Reaching safepoint: 2564001 ns, At safepoint: 19565 ns, Total: 2583566 ns
[2020-09-10T17:15:48.142+0000][1][safepoint    ] Safepoint "RevokeBias", Time since last: 1018185 ns, Reaching safepoint: 98020 ns, At safepoint: 23014 ns, Total: 121034 ns
[2020-09-10T17:15:48.143+0000][1][safepoint    ] Safepoint "RevokeBias", Time since last: 280099 ns, Reaching safepoint: 90294 ns, At safepoint: 13077 ns, Total: 103371 ns
[2020-09-10T17:15:48.143+0000][1][safepoint    ] Safepoint "RevokeBias", Time since last: 37643 ns, Reaching safepoint: 85837 ns, At safepoint: 11903 ns, Total: 97740 ns
[2020-09-10T17:15:48.147+0000][1][safepoint    ] Safepoint "RevokeBias", Time since last: 3905127 ns, Reaching safepoint: 494512 ns, At safepoint: 20463 ns, Total: 514975 ns
[2020-09-10T17:15:48.156+0000][1][safepoint    ] Safepoint "RevokeBias", Time since last: 7644532 ns, Reaching safepoint: 722283 ns, At safepoint: 23643 ns, Total: 745926 ns
[2020-09-10T17:15:48.167+0000][1][safepoint    ] Safepoint "RevokeBias", Time since last: 10881560 ns, Reaching safepoint: 62425 ns, At safepoint: 18140 ns, Total: 80565 ns
[2020-09-10T17:15:48.167+0000][1][safepoint    ] Safepoint "RevokeBias", Time since last: 408915 ns, Reaching safepoint: 16952 ns, At safepoint: 19837 ns, Total: 36789 ns
[2020-09-10T17:15:48.167+0000][1][safepoint    ] Safepoint "RevokeBias", Time since last: 93516 ns, Reaching safepoint: 13515 ns, At safepoint: 8957 ns, Total: 22472 ns
[2020-09-10T17:15:48.167+0000][1][safepoint    ] Safepoint "RevokeBias", Time since last: 44238 ns, Reaching safepoint: 12658 ns, At safepoint: 12070 ns, Total: 24728 ns
[2020-09-10T17:15:48.168+0000][1][safepoint    ] Safepoint "RevokeBias", Time since last: 249258 ns, Reaching safepoint: 16634 ns, At safepoint: 8727 ns, Total: 25361 ns
[2020-09-10T17:15:48.168+0000][1][safepoint    ] Safepoint "RevokeBias", Time since last: 58955 ns, Reaching safepoint: 14345 ns, At safepoint: 18355 ns, Total: 32700 ns
[2020-09-10T17:15:48.168+0000][1][safepoint    ] Safepoint "RevokeBias", Time since last: 41875 ns, Reaching safepoint: 14725 ns, At safepoint: 8166 ns, Total: 22891 ns
[2020-09-10T17:15:48.168+0000][1][safepoint    ] Safepoint "RevokeBias", Time since last: 273582 ns, Reaching safepoint: 16100 ns, At safepoint: 8721 ns, Total: 24821 ns
[2020-09-10T17:15:48.168+0000][1][safepoint    ] Safepoint "RevokeBias", Time since last: 29594 ns, Reaching safepoint: 14274 ns, At safepoint: 7846 ns, Total: 22120 ns
[2020-09-10T17:15:48.169+0000][1][safepoint    ] Safepoint "CollectForMetadataAllocation", Time since last: 388043 ns, Reaching safepoint: 14222 ns, At safepoint: 114051 ns, Total: 128273 ns
[2020-09-10T17:15:48.169+0000][1][safepoint    ] Safepoint "RevokeBias", Time since last: 655521 ns, Reaching safepoint: 97618 ns, At safepoint: 14514 ns, Total: 112132 ns
[2020-09-10T17:15:48.170+0000][1][safepoint    ] Safepoint "RevokeBias", Time since last: 86192 ns, Reaching safepoint: 118307 ns, At safepoint: 12020 ns, Total: 130327 ns
[2020-09-10T17:15:48.170+0000][1][safepoint    ] Safepoint "RevokeBias", Time since last: 42935 ns, Reaching safepoint: 134367 ns, At safepoint: 12012 ns, Total: 146379 ns
[2020-09-10T17:15:48.183+0000][1][safepoint    ] Safepoint "RevokeBias", Time since last: 11169657 ns, Reaching safepoint: 1964190 ns, At safepoint: 43986 ns, Total: 2008176 ns
[2020-09-10T17:15:48.183+0000][1][safepoint    ] Safepoint "RevokeBias", Time since last: 85020 ns, Reaching safepoint: 86655 ns, At safepoint: 18569 ns, Total: 105224 ns
[2020-09-10T17:15:48.184+0000][1][safepoint    ] Safepoint "RevokeBias", Time since last: 330898 ns, Reaching safepoint: 89841 ns, At safepoint: 13393 ns, Total: 103234 ns
[2020-09-10T17:15:48.191+0000][1][safepoint    ] Safepoint "RevokeBias", Time since last: 3000005 ns, Reaching safepoint: 4060374 ns, At safepoint: 21637 ns, Total: 4082011 ns
[2020-09-10T17:15:48.191+0000][1][safepoint    ] Safepoint "RevokeBias", Time since last: 68442 ns, Reaching safepoint: 16999 ns, At safepoint: 8169 ns, Total: 25168 ns
[2020-09-10T17:15:48.192+0000][1][safepoint    ] Safepoint "RevokeBias", Time since last: 1336459 ns, Reaching safepoint: 19524 ns, At safepoint: 7182 ns, Total: 26706 ns
[2020-09-10T17:15:48.193+0000][1][safepoint    ] Safepoint "RevokeBias", Time since last: 1112891 ns, Reaching safepoint: 94627 ns, At safepoint: 14284 ns, Total: 108911 ns
[2020-09-10T17:15:48.194+0000][1][safepoint    ] Safepoint "RevokeBias", Time since last: 580731 ns, Reaching safepoint: 94461 ns, At safepoint: 14580 ns, Total: 109041 ns
[2020-09-10T17:15:48.195+0000][1][safepoint    ] Safepoint "RevokeBias", Time since last: 786617 ns, Reaching safepoint: 92459 ns, At safepoint: 34159 ns, Total: 126618 ns
[2020-09-10T17:15:48.203+0000][1][safepoint    ] Safepoint "RevokeBias", Time since last: 3626960 ns, Reaching safepoint: 4051353 ns, At safepoint: 16750 ns, Total: 4068103 ns
[2020-09-10T17:15:48.203+0000][1][safepoint    ] Safepoint "RevokeBias", Time since last: 286629 ns, Reaching safepoint: 19667 ns, At safepoint: 10172 ns, Total: 29839 ns
[2020-09-10T17:15:48.203+0000][1][safepoint    ] Safepoint "RevokeBias", Time since last: 37863 ns, Reaching safepoint: 15520 ns, At safepoint: 8170 ns, Total: 23690 ns
[2020-09-10T17:15:48.215+0000][1][safepoint    ] Safepoint "RevokeBias", Time since last: 7548586 ns, Reaching safepoint: 4055309 ns, At safepoint: 28048 ns, Total: 4083357 ns
[2020-09-10T17:15:48.216+0000][1][safepoint    ] Safepoint "RevokeBias", Time since last: 1208346 ns, Reaching safepoint: 96446 ns, At safepoint: 15568 ns, Total: 112014 ns
[2020-09-10T17:15:48.217+0000][1][safepoint    ] Safepoint "BulkRevokeBias", Time since last: 502576 ns, Reaching safepoint: 25387 ns, At safepoint: 109675 ns, Total: 135062 ns
[2020-09-10T17:15:48.227+0000][1][safepoint    ] Safepoint "RevokeBias", Time since last: 6867814 ns, Reaching safepoint: 3173362 ns, At safepoint: 15061 ns, Total: 3188423 ns
[2020-09-10T17:15:48.228+0000][1][safepoint    ] Safepoint "CollectForMetadataAllocation", Time since last: 1298003 ns, Reaching safepoint: 102965 ns, At safepoint: 122469 ns, Total: 225434 ns
[2020-09-10T17:15:48.230+0000][1][safepoint    ] Safepoint "RevokeBias", Time since last: 1225679 ns, Reaching safepoint: 22816 ns, At safepoint: 9701 ns, Total: 32517 ns
[2020-09-10T17:15:48.236+0000][1][safepoint    ] Safepoint "RevokeBias", Time since last: 5182943 ns, Reaching safepoint: 914566 ns, At safepoint: 19247 ns, Total: 933813 ns
[2020-09-10T17:15:48.248+0000][1][safepoint    ] Safepoint "RevokeBias", Time since last: 7006123 ns, Reaching safepoint: 4855692 ns, At safepoint: 18661 ns, Total: 4874353 ns
[2020-09-10T17:15:48.251+0000][1][safepoint    ] Safepoint "RevokeBias", Time since last: 3156954 ns, Reaching safepoint: 46584 ns, At safepoint: 14263 ns, Total: 60847 ns
[2020-09-10T17:15:48.279+0000][1][safepoint    ] Safepoint "CollectForMetadataAllocation", Time since last: 23906708 ns, Reaching safepoint: 4604227 ns, At safepoint: 129301 ns, Total: 4733528 ns
[2020-09-10T17:15:48.282+0000][1][safepoint    ] Safepoint "RevokeBias", Time since last: 2387902 ns, Reaching safepoint: 105032 ns, At safepoint: 18328 ns, Total: 123360 ns
[2020-09-10T17:15:48.292+0000][1][safepoint    ] Safepoint "RevokeBias", Time since last: 8771324 ns, Reaching safepoint: 1802719 ns, At safepoint: 20237 ns, Total: 1822956 ns
[2020-09-10T17:15:48.321+0000][1][gc,start     ] GC(65) Pause Young (Allocation Failure)
[2020-09-10T17:15:48.321+0000][1][gc,task      ] GC(65) Using 1 workers of 1 for evacuation
[2020-09-10T17:15:48.363+0000][1][gc,age       ] GC(65) Desired survivor size 4358144 bytes, new threshold 2 (max threshold 6)
[2020-09-10T17:15:48.363+0000][1][gc,age       ] GC(65) Age table with threshold 2 (max threshold 6)
[2020-09-10T17:15:48.363+0000][1][gc,age       ] GC(65) - age   1:    1577344 bytes,    1577344 total
[2020-09-10T17:15:48.363+0000][1][gc,age       ] GC(65) - age   2:    3303400 bytes,    4880744 total
[2020-09-10T17:15:48.364+0000][1][gc,heap      ] GC(65) ParNew: 64895K->5017K(76672K)
[2020-09-10T17:15:48.364+0000][1][gc,heap      ] GC(65) CMS: 57619K->76710K(2011968K)
[2020-09-10T17:15:48.364+0000][1][gc,metaspace ] GC(65) Metaspace: 71499K->71499K(1116160K)
[2020-09-10T17:15:48.364+0000][1][gc           ] GC(65) Pause Young (Allocation Failure) 119M->79M(2039M) 42.977ms
[2020-09-10T17:15:48.364+0000][1][gc,cpu       ] GC(65) User=0.04s Sys=0.00s Real=0.04s
[2020-09-10T17:15:48.379+0000][1][safepoint    ] Safepoint "GenCollectForAllocation", Time since last: 18206296 ns, Reaching safepoint: 9877207 ns, At safepoint: 58161823 ns, Total: 68039030 ns
[2020-09-10T17:15:48.387+0000][1][safepoint    ] Safepoint "RevokeBias", Time since last: 2941379 ns, Reaching safepoint: 5760942 ns, At safepoint: 19012 ns, Total: 5779954 ns
[2020-09-10T17:15:48.389+0000][1][safepoint    ] Safepoint "CollectForMetadataAllocation", Time since last: 1010183 ns, Reaching safepoint: 22795 ns, At safepoint: 161553 ns, Total: 184348 ns
[2020-09-10T17:15:48.395+0000][1][safepoint    ] Safepoint "RevokeBias", Time since last: 5117519 ns, Reaching safepoint: 1049721 ns, At safepoint: 20379 ns, Total: 1070100 ns
[2020-09-10T17:15:48.395+0000][1][safepoint    ] Safepoint "RevokeBias", Time since last: 300467 ns, Reaching safepoint: 89806 ns, At safepoint: 13822 ns, Total: 103628 ns
[2020-09-10T17:15:48.395+0000][1][safepoint    ] Safepoint "RevokeBias", Time since last: 73887 ns, Reaching safepoint: 88662 ns, At safepoint: 12450 ns, Total: 101112 ns
[2020-09-10T17:15:48.396+0000][1][safepoint    ] Safepoint "RevokeBias", Time since last: 35948 ns, Reaching safepoint: 87165 ns, At safepoint: 12132 ns, Total: 99297 ns
[2020-09-10T17:15:48.396+0000][1][safepoint    ] Safepoint "RevokeBias", Time since last: 250394 ns, Reaching safepoint: 89931 ns, At safepoint: 12651 ns, Total: 102582 ns
[2020-09-10T17:15:48.412+0000][1][safepoint    ] Safepoint "RevokeBias", Time since last: 6268326 ns, Reaching safepoint: 9894886 ns, At safepoint: 13833 ns, Total: 9908719 ns
[2020-09-10T17:15:48.438+0000][1][safepoint    ] Safepoint "RevokeBias", Time since last: 23149554 ns, Reaching safepoint: 2498855 ns, At safepoint: 19022 ns, Total: 2517877 ns
[2020-09-10T17:15:48.445+0000][1][safepoint    ] Safepoint "RevokeBias", Time since last: 7519799 ns, Reaching safepoint: 119253 ns, At safepoint: 18047 ns, Total: 137300 ns
[2020-09-10T17:15:48.446+0000][1][safepoint    ] Safepoint "RevokeBias", Time since last: 96011 ns, Reaching safepoint: 93913 ns, At safepoint: 38155 ns, Total: 132068 ns
[2020-09-10T17:15:48.447+0000][1][safepoint    ] Safepoint "RevokeBias", Time since last: 1450445 ns, Reaching safepoint: 123609 ns, At safepoint: 15491 ns, Total: 139100 ns
[2020-09-10T17:15:48.449+0000][1][safepoint    ] Safepoint "RevokeBias", Time since last: 1315628 ns, Reaching safepoint: 187589 ns, At safepoint: 28912 ns, Total: 216501 ns
[2020-09-10T17:15:48.457+0000][1][safepoint    ] Safepoint "RevokeBias", Time since last: 2960386 ns, Reaching safepoint: 5346986 ns, At safepoint: 54300 ns, Total: 5401286 ns
[2020-09-10T17:15:48.458+0000][1][safepoint    ] Safepoint "RevokeBias", Time since last: 479337 ns, Reaching safepoint: 131480 ns, At safepoint: 44900 ns, Total: 176380 ns
[2020-09-10T17:15:48.458+0000][1][safepoint    ] Safepoint "RevokeBias", Time since last: 325888 ns, Reaching safepoint: 124407 ns, At safepoint: 37249 ns, Total: 161656 ns
[2020-09-10T17:15:48.459+0000][1][safepoint    ] Safepoint "RevokeBias", Time since last: 162602 ns, Reaching safepoint: 133064 ns, At safepoint: 44395 ns, Total: 177459 ns
[2020-09-10T17:15:48.459+0000][1][safepoint    ] Safepoint "RevokeBias", Time since last: 96137 ns, Reaching safepoint: 128192 ns, At safepoint: 24014 ns, Total: 152206 ns
[2020-09-10T17:15:48.459+0000][1][safepoint    ] Safepoint "RevokeBias", Time since last: 195124 ns, Reaching safepoint: 127804 ns, At safepoint: 47704 ns, Total: 175508 ns
[2020-09-10T17:15:48.459+0000][1][safepoint    ] Safepoint "RevokeBias", Time since last: 110074 ns, Reaching safepoint: 127185 ns, At safepoint: 38305 ns, Total: 165490 ns
[2020-09-10T17:15:48.460+0000][1][safepoint    ] Safepoint "RevokeBias", Time since last: 575808 ns, Reaching safepoint: 128307 ns, At safepoint: 40429 ns, Total: 168736 ns
[2020-09-10T17:15:48.461+0000][1][safepoint    ] Safepoint "RevokeBias", Time since last: 501222 ns, Reaching safepoint: 133104 ns, At safepoint: 39305 ns, Total: 172409 ns
[2020-09-10T17:15:48.461+0000][1][safepoint    ] Safepoint "RevokeBias", Time since last: 231531 ns, Reaching safepoint: 124480 ns, At safepoint: 45849 ns, Total: 170329 ns
[2020-09-10T17:15:48.462+0000][1][safepoint    ] Safepoint "RevokeBias", Time since last: 573405 ns, Reaching safepoint: 132595 ns, At safepoint: 40027 ns, Total: 172622 ns
[2020-09-10T17:15:48.462+0000][1][safepoint    ] Safepoint "RevokeBias", Time since last: 224700 ns, Reaching safepoint: 130710 ns, At safepoint: 40121 ns, Total: 170831 ns
[2020-09-10T17:15:48.463+0000][1][safepoint    ] Safepoint "RevokeBias", Time since last: 113814 ns, Reaching safepoint: 124728 ns, At safepoint: 38378 ns, Total: 163106 ns
[2020-09-10T17:15:48.463+0000][1][safepoint    ] Safepoint "RevokeBias", Time since last: 198045 ns, Reaching safepoint: 132573 ns, At safepoint: 38490 ns, Total: 171063 ns
[2020-09-10T17:15:48.469+0000][1][safepoint    ] Safepoint "RevokeBias", Time since last: 5491554 ns, Reaching safepoint: 126939 ns, At safepoint: 50269 ns, Total: 177208 ns
[2020-09-10T17:15:48.479+0000][1][safepoint    ] Safepoint "BulkRevokeBias", Time since last: 3878552 ns, Reaching safepoint: 6063085 ns, At safepoint: 114487 ns, Total: 6177572 ns
[2020-09-10T17:15:48.484+0000][1][safepoint    ] Safepoint "RevokeBias", Time since last: 5197872 ns, Reaching safepoint: 43470 ns, At safepoint: 16060 ns, Total: 59530 ns
[2020-09-10T17:15:48.484+0000][1][safepoint    ] Safepoint "RevokeBias", Time since last: 342637 ns, Reaching safepoint: 30030 ns, At safepoint: 14965 ns, Total: 44995 ns
[2020-09-10T17:15:48.488+0000][1][safepoint    ] Safepoint "RevokeBias", Time since last: 3395370 ns, Reaching safepoint: 42711 ns, At safepoint: 14893 ns, Total: 57604 ns
[2020-09-10T17:15:48.488+0000][1][safepoint    ] Safepoint "RevokeBias", Time since last: 106312 ns, Reaching safepoint: 20996 ns, At safepoint: 9627 ns, Total: 30623 ns
[2020-09-10T17:15:48.488+0000][1][safepoint    ] Safepoint "RevokeBias", Time since last: 300482 ns, Reaching safepoint: 20846 ns, At safepoint: 8338 ns, Total: 29184 ns
[2020-09-10T17:15:48.489+0000][1][safepoint    ] Safepoint "RevokeBias", Time since last: 175683 ns, Reaching safepoint: 14827 ns, At safepoint: 7491 ns, Total: 22318 ns
[2020-09-10T17:15:48.489+0000][1][safepoint    ] Safepoint "RevokeBias", Time since last: 152289 ns, Reaching safepoint: 14626 ns, At safepoint: 6987 ns, Total: 21613 ns
[2020-09-10T17:15:48.493+0000][1][safepoint    ] Safepoint "RevokeBias", Time since last: 3896771 ns, Reaching safepoint: 42195 ns, At safepoint: 13817 ns, Total: 56012 ns
[2020-09-10T17:15:48.493+0000][1][safepoint    ] Safepoint "RevokeBias", Time since last: 363552 ns, Reaching safepoint: 16893 ns, At safepoint: 8248 ns, Total: 25141 ns
[2020-09-10T17:15:48.493+0000][1][safepoint    ] Safepoint "RevokeBias", Time since last: 162537 ns, Reaching safepoint: 14830 ns, At safepoint: 7367 ns, Total: 22197 ns
[2020-09-10T17:15:48.493+0000][1][safepoint    ] Safepoint "RevokeBias", Time since last: 153395 ns, Reaching safepoint: 14641 ns, At safepoint: 6811 ns, Total: 21452 ns
[2020-09-10T17:15:48.494+0000][1][safepoint    ] Safepoint "RevokeBias", Time since last: 77124 ns, Reaching safepoint: 14178 ns, At safepoint: 15605 ns, Total: 29783 ns
[2020-09-10T17:15:48.495+0000][1][safepoint    ] Safepoint "BulkRevokeBias", Time since last: 1139815 ns, Reaching safepoint: 16271 ns, At safepoint: 97032 ns, Total: 113303 ns
[2020-09-10T17:15:48.508+0000][1][safepoint    ] Safepoint "RevokeBias", Time since last: 9946251 ns, Reaching safepoint: 3384229 ns, At safepoint: 20661 ns, Total: 3404890 ns
[2020-09-10T17:15:48.512+0000][1][safepoint    ] Safepoint "BulkRevokeBias", Time since last: 3255166 ns, Reaching safepoint: 184035 ns, At safepoint: 208685 ns, Total: 392720 ns
[2020-09-10T17:15:48.540+0000][1][safepoint    ] Safepoint "RevokeBias", Time since last: 20634927 ns, Reaching safepoint: 7026953 ns, At safepoint: 30470 ns, Total: 7057423 ns
[2020-09-10T17:15:48.547+0000][1][safepoint    ] Safepoint "RevokeBias", Time since last: 3304369 ns, Reaching safepoint: 4000549 ns, At safepoint: 13586 ns, Total: 4014135 ns
[2020-09-10T17:15:48.548+0000][1][safepoint    ] Safepoint "RevokeBias", Time since last: 932679 ns, Reaching safepoint: 103067 ns, At safepoint: 12630 ns, Total: 115697 ns
[2020-09-10T17:15:48.559+0000][1][safepoint    ] Safepoint "RevokeBias", Time since last: 6779920 ns, Reaching safepoint: 4052797 ns, At safepoint: 37115 ns, Total: 4089912 ns
[2020-09-10T17:15:48.564+0000][1][safepoint    ] Safepoint "RevokeBias", Time since last: 5178420 ns, Reaching safepoint: 115508 ns, At safepoint: 38735 ns, Total: 154243 ns
[2020-09-10T17:15:48.569+0000][1][safepoint    ] Safepoint "RevokeBias", Time since last: 5229529 ns, Reaching safepoint: 116372 ns, At safepoint: 12456 ns, Total: 128828 ns
[2020-09-10T17:15:48.574+0000][1][safepoint    ] Safepoint "RevokeBias", Time since last: 4837255 ns, Reaching safepoint: 107533 ns, At safepoint: 28930 ns, Total: 136463 ns
[2020-09-10T17:15:48.596+0000][1][safepoint    ] Safepoint "RevokeBias", Time since last: 13244538 ns, Reaching safepoint: 8002081 ns, At safepoint: 18614 ns, Total: 8020695 ns
[2020-09-10T17:15:48.596+0000][1][safepoint    ] Safepoint "RevokeBias", Time since last: 411051 ns, Reaching safepoint: 20237 ns, At safepoint: 10531 ns, Total: 30768 ns
[2020-09-10T17:15:48.596+0000][1][safepoint    ] Safepoint "RevokeBias", Time since last: 112606 ns, Reaching safepoint: 13711 ns, At safepoint: 9113 ns, Total: 22824 ns
[2020-09-10T17:15:48.596+0000][1][safepoint    ] Safepoint "RevokeBias", Time since last: 166186 ns, Reaching safepoint: 13931 ns, At safepoint: 9032 ns, Total: 22963 ns
[2020-09-10T17:15:48.617+0000][1][safepoint    ] Safepoint "RevokeBias", Time since last: 16702921 ns, Reaching safepoint: 4213534 ns, At safepoint: 10853 ns, Total: 4224387 ns
[2020-09-10T17:15:48.618+0000][1][safepoint    ] Safepoint "RevokeBias", Time since last: 198159 ns, Reaching safepoint: 14785 ns, At safepoint: 7092 ns, Total: 21877 ns
[2020-09-10T17:15:48.618+0000][1][safepoint    ] Safepoint "RevokeBias", Time since last: 90235 ns, Reaching safepoint: 12855 ns, At safepoint: 6523 ns, Total: 19378 ns
[2020-09-10T17:15:48.618+0000][1][safepoint    ] Safepoint "RevokeBias", Time since last: 139507 ns, Reaching safepoint: 13579 ns, At safepoint: 6447 ns, Total: 20026 ns
[2020-09-10T17:15:48.618+0000][1][safepoint    ] Safepoint "RevokeBias", Time since last: 68483 ns, Reaching safepoint: 12843 ns, At safepoint: 6276 ns, Total: 19119 ns
[2020-09-10T17:15:48.618+0000][1][safepoint    ] Safepoint "RevokeBias", Time since last: 143398 ns, Reaching safepoint: 13279 ns, At safepoint: 6355 ns, Total: 19634 ns
[2020-09-10T17:15:48.618+0000][1][safepoint    ] Safepoint "RevokeBias", Time since last: 71705 ns, Reaching safepoint: 12778 ns, At safepoint: 6215 ns, Total: 18993 ns
[2020-09-10T17:15:48.618+0000][1][safepoint    ] Safepoint "RevokeBias", Time since last: 140199 ns, Reaching safepoint: 13353 ns, At safepoint: 6329 ns, Total: 19682 ns
[2020-09-10T17:15:48.618+0000][1][safepoint    ] Safepoint "RevokeBias", Time since last: 72007 ns, Reaching safepoint: 12540 ns, At safepoint: 6269 ns, Total: 18809 ns
[2020-09-10T17:15:48.619+0000][1][safepoint    ] Safepoint "RevokeBias", Time since last: 134205 ns, Reaching safepoint: 13420 ns, At safepoint: 6366 ns, Total: 19786 ns
[2020-09-10T17:15:48.654+0000][1][safepoint    ] Safepoint "CollectForMetadataAllocation", Time since last: 35025542 ns, Reaching safepoint: 304168 ns, At safepoint: 110915 ns, Total: 415083 ns
[2020-09-10T17:15:48.655+0000][1][safepoint    ] Safepoint "CollectForMetadataAllocation", Time since last: 1277280 ns, Reaching safepoint: 106987 ns, At safepoint: 8756 ns, Total: 115743 ns
[2020-09-10T17:15:48.658+0000][1][safepoint    ] Safepoint "CollectForMetadataAllocation", Time since last: 2418721 ns, Reaching safepoint: 101233 ns, At safepoint: 8835 ns, Total: 110068 ns
[2020-09-10T17:15:48.673+0000][1][safepoint    ] Safepoint "RevokeBias", Time since last: 15100632 ns, Reaching safepoint: 341104 ns, At safepoint: 13602 ns, Total: 354706 ns
[2020-09-10T17:15:48.674+0000][1][safepoint    ] Safepoint "RevokeBias", Time since last: 79377 ns, Reaching safepoint: 96079 ns, At safepoint: 11469 ns, Total: 107548 ns
[2020-09-10T17:15:48.711+0000][1][safepoint    ] Safepoint "RevokeBias", Time since last: 33483144 ns, Reaching safepoint: 3639995 ns, At safepoint: 14319 ns, Total: 3654314 ns
[2020-09-10T17:15:48.713+0000][1][safepoint    ] Safepoint "RevokeBias", Time since last: 1939462 ns, Reaching safepoint: 35105 ns, At safepoint: 10956 ns, Total: 46061 ns
[2020-09-10T17:15:48.721+0000][1][safepoint    ] Safepoint "RevokeBias", Time since last: 8412815 ns, Reaching safepoint: 109237 ns, At safepoint: 16432 ns, Total: 125669 ns
[2020-09-10T17:15:48.745+0000][1][safepoint    ] Safepoint "RevokeBias", Time since last: 13333953 ns, Reaching safepoint: 10254998 ns, At safepoint: 16587 ns, Total: 10271585 ns
[2020-09-10T17:15:48.805+0000][1][safepoint    ] Safepoint "RevokeBias", Time since last: 39726297 ns, Reaching safepoint: 20860891 ns, At safepoint: 17668 ns, Total: 20878559 ns
[2020-09-10T17:15:48.806+0000][1][safepoint    ] Safepoint "RevokeBias", Time since last: 336462 ns, Reaching safepoint: 16148 ns, At safepoint: 7152 ns, Total: 23300 ns
[2020-09-10T17:15:48.806+0000][1][safepoint    ] Safepoint "RevokeBias", Time since last: 110788 ns, Reaching safepoint: 13970 ns, At safepoint: 6481 ns, Total: 20451 ns
[2020-09-10T17:15:48.806+0000][1][safepoint    ] Safepoint "RevokeBias", Time since last: 36967 ns, Reaching safepoint: 13166 ns, At safepoint: 8251 ns, Total: 21417 ns
[2020-09-10T17:15:48.810+0000][1][safepoint    ] Safepoint "RevokeBias", Time since last: 3718383 ns, Reaching safepoint: 115767 ns, At safepoint: 15801 ns, Total: 131568 ns
[2020-09-10T17:15:48.811+0000][1][safepoint    ] Safepoint "RevokeBias", Time since last: 943822 ns, Reaching safepoint: 122700 ns, At safepoint: 19596 ns, Total: 142296 ns
[2020-09-10T17:15:48.812+0000][1][safepoint    ] Safepoint "BulkRevokeBias", Time since last: 379951 ns, Reaching safepoint: 123853 ns, At safepoint: 175653 ns, Total: 299506 ns
[2020-09-10T17:15:48.812+0000][1][safepoint    ] Safepoint "RevokeBias", Time since last: 662909 ns, Reaching safepoint: 120028 ns, At safepoint: 14471 ns, Total: 134499 ns
[2020-09-10T17:15:48.813+0000][1][safepoint    ] Safepoint "RevokeBias", Time since last: 377874 ns, Reaching safepoint: 85623 ns, At safepoint: 10330 ns, Total: 95953 ns
[2020-09-10T17:15:48.814+0000][1][safepoint    ] Safepoint "RevokeBias", Time since last: 968997 ns, Reaching safepoint: 22775 ns, At safepoint: 8820 ns, Total: 31595 ns
[2020-09-10T17:15:48.817+0000][1][safepoint    ] Safepoint "RevokeBias", Time since last: 3060778 ns, Reaching safepoint: 51311 ns, At safepoint: 14098 ns, Total: 65409 ns
[2020-09-10T17:15:48.825+0000][1][safepoint    ] Safepoint "RevokeBias", Time since last: 1619463 ns, Reaching safepoint: 5858847 ns, At safepoint: 20043 ns, Total: 5878890 ns
[2020-09-10T17:15:48.825+0000][1][safepoint    ] Safepoint "RevokeBias", Time since last: 460037 ns, Reaching safepoint: 17517 ns, At safepoint: 9998 ns, Total: 27515 ns
[2020-09-10T17:15:48.856+0000][1][safepoint    ] Safepoint "CollectForMetadataAllocation", Time since last: 29623819 ns, Reaching safepoint: 950919 ns, At safepoint: 126304 ns, Total: 1077223 ns
[2020-09-10T17:15:48.871+0000][1][safepoint    ] Safepoint "RevokeBias", Time since last: 14932838 ns, Reaching safepoint: 60996 ns, At safepoint: 15835 ns, Total: 76831 ns
[2020-09-10T17:15:48.902+0000][1][safepoint    ] Safepoint "RevokeBias", Time since last: 28199534 ns, Reaching safepoint: 3370186 ns, At safepoint: 16482 ns, Total: 3386668 ns
[2020-09-10T17:15:48.903+0000][1][safepoint    ] Safepoint "RevokeBias", Time since last: 315629 ns, Reaching safepoint: 19817 ns, At safepoint: 10645 ns, Total: 30462 ns
[2020-09-10T17:15:48.903+0000][1][safepoint    ] Safepoint "RevokeBias", Time since last: 37304 ns, Reaching safepoint: 15758 ns, At safepoint: 8023 ns, Total: 23781 ns
[2020-09-10T17:15:48.903+0000][1][safepoint    ] Safepoint "RevokeBias", Time since last: 153658 ns, Reaching safepoint: 17658 ns, At safepoint: 8465 ns, Total: 26123 ns
[2020-09-10T17:15:48.904+0000][1][safepoint    ] Safepoint "RevokeBias", Time since last: 734317 ns, Reaching safepoint: 15246 ns, At safepoint: 8859 ns, Total: 24105 ns
[2020-09-10T17:15:48.904+0000][1][safepoint    ] Safepoint "RevokeBias", Time since last: 258835 ns, Reaching safepoint: 89841 ns, At safepoint: 11830 ns, Total: 101671 ns
[2020-09-10T17:15:48.919+0000][1][safepoint    ] Safepoint "RevokeBias", Time since last: 10070612 ns, Reaching safepoint: 5054240 ns, At safepoint: 18253 ns, Total: 5072493 ns
[2020-09-10T17:15:48.919+0000][1][safepoint    ] Safepoint "RevokeBias", Time since last: 79214 ns, Reaching safepoint: 94616 ns, At safepoint: 12157 ns, Total: 106773 ns
[2020-09-10T17:15:48.920+0000][1][safepoint    ] Safepoint "CollectForMetadataAllocation", Time since last: 556635 ns, Reaching safepoint: 17178 ns, At safepoint: 107246 ns, Total: 124424 ns
[2020-09-10T17:15:48.971+0000][1][safepoint    ] Safepoint "CollectForMetadataAllocation", Time since last: 50602482 ns, Reaching safepoint: 59562 ns, At safepoint: 125561 ns, Total: 185123 ns
[2020-09-10T17:15:49.024+0000][1][safepoint    ] Safepoint "CollectForMetadataAllocation", Time since last: 47820240 ns, Reaching safepoint: 5443020 ns, At safepoint: 128601 ns, Total: 5571621 ns
[2020-09-10T17:15:49.071+0000][1][safepoint    ] Safepoint "Deoptimize", Time since last: 46426555 ns, Reaching safepoint: 69775 ns, At safepoint: 342017 ns, Total: 411792 ns
[2020-09-10T17:15:49.088+0000][1][gc           ] GC(64) Concurrent Abortable Preclean 2030.240ms
[2020-09-10T17:15:49.088+0000][1][gc,cpu       ] GC(64) User=1.80s Sys=0.06s Real=2.04s
[2020-09-10T17:15:49.091+0000][1][gc,start     ] GC(64) Pause Remark
[2020-09-10T17:15:49.118+0000][1][gc           ] GC(64) Pause Remark 115M->115M(2039M) 27.428ms
[2020-09-10T17:15:49.119+0000][1][gc,cpu       ] GC(64) User=0.03s Sys=0.00s Real=0.02s
[2020-09-10T17:15:49.127+0000][1][safepoint    ] Safepoint "CMS_Final_Remark", Time since last: 19917978 ns, Reaching safepoint: 45027 ns, At safepoint: 35627728 ns, Total: 35672755 ns
[2020-09-10T17:15:49.127+0000][1][gc           ] GC(64) Concurrent Sweep
[2020-09-10T17:15:49.138+0000][1][safepoint    ] Safepoint "CollectForMetadataAllocation", Time since last: 4033064 ns, Reaching safepoint: 6888752 ns, At safepoint: 133957 ns, Total: 7022709 ns
[2020-09-10T17:15:49.181+0000][1][gc           ] GC(64) Concurrent Sweep 53.922ms
[2020-09-10T17:15:49.181+0000][1][gc,cpu       ] GC(64) User=0.05s Sys=0.00s Real=0.05s
[2020-09-10T17:15:49.181+0000][1][gc           ] GC(64) Concurrent Reset
[2020-09-10T17:15:49.192+0000][1][gc           ] GC(64) Concurrent Reset 11.601ms
[2020-09-10T17:15:49.192+0000][1][gc,cpu       ] GC(64) User=0.01s Sys=0.00s Real=0.01s
[2020-09-10T17:15:49.192+0000][1][gc,heap      ] GC(64) Old: 57619K->75665K(2011968K)
[2020-09-10T17:15:49.247+0000][1][safepoint    ] Safepoint "RevokeBias", Time since last: 108945043 ns, Reaching safepoint: 137516 ns, At safepoint: 20237 ns, Total: 157753 ns
[2020-09-10T17:15:49.247+0000][1][safepoint    ] Safepoint "RevokeBias", Time since last: 64860 ns, Reaching safepoint: 28629 ns, At safepoint: 14131 ns, Total: 42760 ns
[2020-09-10T17:15:49.260+0000][1][safepoint    ] Safepoint "RevokeBias", Time since last: 13418303 ns, Reaching safepoint: 114282 ns, At safepoint: 18344 ns, Total: 132626 ns
[2020-09-10T17:15:49.261+0000][1][safepoint    ] Safepoint "RevokeBias", Time since last: 99473 ns, Reaching safepoint: 102381 ns, At safepoint: 13725 ns, Total: 116106 ns
[2020-09-10T17:15:49.261+0000][1][safepoint    ] Safepoint "RevokeBias", Time since last: 44110 ns, Reaching safepoint: 92567 ns, At safepoint: 12984 ns, Total: 105551 ns
[2020-09-10T17:15:49.261+0000][1][safepoint    ] Safepoint "RevokeBias", Time since last: 187705 ns, Reaching safepoint: 94278 ns, At safepoint: 12320 ns, Total: 106598 ns
[2020-09-10T17:15:49.272+0000][1][safepoint    ] Safepoint "RevokeBias", Time since last: 11139830 ns, Reaching safepoint: 107996 ns, At safepoint: 17953 ns, Total: 125949 ns
[2020-09-10T17:15:49.273+0000][1][safepoint    ] Safepoint "RevokeBias", Time since last: 115397 ns, Reaching safepoint: 107470 ns, At safepoint: 14378 ns, Total: 121848 ns
[2020-09-10T17:15:49.273+0000][1][safepoint    ] Safepoint "RevokeBias", Time since last: 440311 ns, Reaching safepoint: 98291 ns, At safepoint: 13501 ns, Total: 111792 ns
[2020-09-10T17:15:49.273+0000][1][safepoint    ] Safepoint "RevokeBias", Time since last: 181516 ns, Reaching safepoint: 97917 ns, At safepoint: 13494 ns, Total: 111411 ns
[2020-09-10T17:15:49.274+0000][1][safepoint    ] Safepoint "RevokeBias", Time since last: 39056 ns, Reaching safepoint: 90446 ns, At safepoint: 13524 ns, Total: 103970 ns
[2020-09-10T17:15:49.274+0000][1][safepoint    ] Safepoint "RevokeBias", Time since last: 34695 ns, Reaching safepoint: 87113 ns, At safepoint: 11288 ns, Total: 98401 ns
[2020-09-10T17:15:49.274+0000][1][safepoint    ] Safepoint "RevokeBias", Time since last: 31627 ns, Reaching safepoint: 85848 ns, At safepoint: 11267 ns, Total: 97115 ns
[2020-09-10T17:15:49.274+0000][1][safepoint    ] Safepoint "RevokeBias", Time since last: 28998 ns, Reaching safepoint: 85622 ns, At safepoint: 10864 ns, Total: 96486 ns
[2020-09-10T17:15:49.274+0000][1][safepoint    ] Safepoint "RevokeBias", Time since last: 30278 ns, Reaching safepoint: 85159 ns, At safepoint: 10956 ns, Total: 96115 ns
[2020-09-10T17:15:49.274+0000][1][safepoint    ] Safepoint "RevokeBias", Time since last: 30002 ns, Reaching safepoint: 84647 ns, At safepoint: 11102 ns, Total: 95749 ns
[2020-09-10T17:15:49.274+0000][1][safepoint    ] Safepoint "RevokeBias", Time since last: 28100 ns, Reaching safepoint: 83377 ns, At safepoint: 10855 ns, Total: 94232 ns
[2020-09-10T17:15:49.734+0000][1][safepoint    ] Safepoint "RevokeBias", Time since last: 459788439 ns, Reaching safepoint: 126918 ns, At safepoint: 19935 ns, Total: 146853 ns
[2020-09-10T17:15:49.734+0000][1][safepoint    ] Safepoint "RevokeBias", Time since last: 81672 ns, Reaching safepoint: 28682 ns, At safepoint: 14144 ns, Total: 42826 ns
[2020-09-10T17:15:49.735+0000][1][safepoint    ] Safepoint "RevokeBias", Time since last: 42580 ns, Reaching safepoint: 22652 ns, At safepoint: 11954 ns, Total: 34606 ns
[2020-09-10T17:15:49.735+0000][1][safepoint    ] Safepoint "RevokeBias", Time since last: 296538 ns, Reaching safepoint: 94629 ns, At safepoint: 12933 ns, Total: 107562 ns
[2020-09-10T17:15:49.744+0000][1][safepoint    ] Safepoint "RevokeBias", Time since last: 9405710 ns, Reaching safepoint: 107639 ns, At safepoint: 18817 ns, Total: 126456 ns
[2020-09-10T17:15:49.745+0000][1][safepoint    ] Safepoint "RevokeBias", Time since last: 60538 ns, Reaching safepoint: 19638 ns, At safepoint: 11948 ns, Total: 31586 ns
[2020-09-10T17:15:49.745+0000][1][safepoint    ] Safepoint "RevokeBias", Time since last: 63155 ns, Reaching safepoint: 18775 ns, At safepoint: 9285 ns, Total: 28060 ns
[2020-09-10T17:15:49.767+0000][1][safepoint    ] Safepoint "RevokeBias", Time since last: 22631556 ns, Reaching safepoint: 123288 ns, At safepoint: 17729 ns, Total: 141017 ns
[2020-09-10T17:15:49.786+0000][1][safepoint    ] Safepoint "RevokeBias", Time since last: 18369942 ns, Reaching safepoint: 117243 ns, At safepoint: 16152 ns, Total: 133395 ns
[2020-09-10T17:15:49.843+0000][1][safepoint    ] Safepoint "RevokeBias", Time since last: 57122573 ns, Reaching safepoint: 114707 ns, At safepoint: 19766 ns, Total: 134473 ns
[2020-09-10T17:15:49.849+0000][1][safepoint    ] Safepoint "RevokeBias", Time since last: 5957281 ns, Reaching safepoint: 110909 ns, At safepoint: 17971 ns, Total: 128880 ns
[2020-09-10T17:15:49.859+0000][1][safepoint    ] Safepoint "RevokeBias", Time since last: 9398664 ns, Reaching safepoint: 116992 ns, At safepoint: 19260 ns, Total: 136252 ns
[2020-09-10T17:15:49.859+0000][1][safepoint    ] Safepoint "RevokeBias", Time since last: 65901 ns, Reaching safepoint: 87896 ns, At safepoint: 12279 ns, Total: 100175 ns
[2020-09-10T17:15:49.859+0000][1][safepoint    ] Safepoint "RevokeBias", Time since last: 36662 ns, Reaching safepoint: 86952 ns, At safepoint: 11658 ns, Total: 98610 ns
[2020-09-10T17:15:49.862+0000][1][safepoint    ] Safepoint "RevokeBias", Time since last: 2474874 ns, Reaching safepoint: 103236 ns, At safepoint: 13737 ns, Total: 116973 ns
[2020-09-10T17:15:49.862+0000][1][safepoint    ] Safepoint "BulkRevokeBias", Time since last: 120896 ns, Reaching safepoint: 89152 ns, At safepoint: 113737 ns, Total: 202889 ns
[2020-09-10T17:15:49.862+0000][1][safepoint    ] Safepoint "RevokeBias", Time since last: 40375 ns, Reaching safepoint: 85084 ns, At safepoint: 11161 ns, Total: 96245 ns
[2020-09-10T17:15:49.883+0000][1][safepoint    ] Safepoint "RevokeBias", Time since last: 20310251 ns, Reaching safepoint: 113023 ns, At safepoint: 16941 ns, Total: 129964 ns
[2020-09-10T17:15:49.883+0000][1][safepoint    ] Safepoint "BulkRevokeBias", Time since last: 115671 ns, Reaching safepoint: 87685 ns, At safepoint: 113914 ns, Total: 201599 ns
[2020-09-10T17:15:49.887+0000][1][safepoint    ] Safepoint "RevokeBias", Time since last: 3748468 ns, Reaching safepoint: 101014 ns, At safepoint: 16081 ns, Total: 117095 ns
[2020-09-10T17:15:49.940+0000][1][safepoint    ] Safepoint "RevokeBias", Time since last: 24092098 ns, Reaching safepoint: 28925203 ns, At safepoint: 26155 ns, Total: 28951358 ns
[2020-09-10T17:15:49.951+0000][1][safepoint    ] Safepoint "RevokeBias", Time since last: 11348062 ns, Reaching safepoint: 191866 ns, At safepoint: 16368 ns, Total: 208234 ns
[2020-09-10T17:15:49.984+0000][1][safepoint    ] Safepoint "RevokeBias", Time since last: 32175292 ns, Reaching safepoint: 123387 ns, At safepoint: 23405 ns, Total: 146792 ns
[2020-09-10T17:15:50.079+0000][1][safepoint    ] Safepoint "RevokeBias", Time since last: 94953568 ns, Reaching safepoint: 125894 ns, At safepoint: 8383 ns, Total: 134277 ns
[2020-09-10T17:15:50.139+0000][1][safepoint    ] Safepoint "RevokeBias", Time since last: 59869115 ns, Reaching safepoint: 120501 ns, At safepoint: 8303 ns, Total: 128804 ns
[2020-09-10T17:15:50.139+0000][1][safepoint    ] Safepoint "RevokeBias", Time since last: 323247 ns, Reaching safepoint: 20214 ns, At safepoint: 4792 ns, Total: 25006 ns
[2020-09-10T17:15:50.183+0000][1][gc,start     ] GC(66) Pause Young (Allocation Failure)
[2020-09-10T17:15:50.183+0000][1][gc,task      ] GC(66) Using 1 workers of 1 for evacuation
[2020-09-10T17:15:50.238+0000][1][gc,age       ] GC(66) Desired survivor size 4358144 bytes, new threshold 6 (max threshold 6)
[2020-09-10T17:15:50.238+0000][1][gc,age       ] GC(66) Age table with threshold 6 (max threshold 6)
[2020-09-10T17:15:50.238+0000][1][gc,age       ] GC(66) - age   1:    1758080 bytes,    1758080 total
[2020-09-10T17:15:50.238+0000][1][gc,age       ] GC(66) - age   2:    1439272 bytes,    3197352 total
[2020-09-10T17:15:50.238+0000][1][gc,heap      ] GC(66) ParNew: 73177K->4829K(76672K)
[2020-09-10T17:15:50.238+0000][1][gc,heap      ] GC(66) CMS: 75665K->95368K(2011968K)
[2020-09-10T17:15:50.238+0000][1][gc,metaspace ] GC(66) Metaspace: 75484K->75484K(1118208K)
[2020-09-10T17:15:50.238+0000][1][gc           ] GC(66) Pause Young (Allocation Failure) 145M->97M(2039M) 55.365ms
[2020-09-10T17:15:50.238+0000][1][gc,cpu       ] GC(66) User=0.06s Sys=0.00s Real=0.05s
[2020-09-10T17:15:50.243+0000][1][safepoint    ] Safepoint "GenCollectForAllocation", Time since last: 43529271 ns, Reaching safepoint: 118454 ns, At safepoint: 59887741 ns, Total: 60006195 ns
[2020-09-10T17:15:50.271+0000][1][safepoint    ] Safepoint "RevokeBias", Time since last: 28620803 ns, Reaching safepoint: 118374 ns, At safepoint: 8477 ns, Total: 126851 ns
[2020-09-10T17:15:50.272+0000][1][safepoint    ] Safepoint "RevokeBias", Time since last: 332978 ns, Reaching safepoint: 22626 ns, At safepoint: 5050 ns, Total: 27676 ns
[2020-09-10T17:15:50.441+0000][1][safepoint    ] Safepoint "RevokeBias", Time since last: 169479668 ns, Reaching safepoint: 199467 ns, At safepoint: 18831 ns, Total: 218298 ns
[2020-09-10T17:15:50.443+0000][1][safepoint    ] Safepoint "RevokeBias", Time since last: 1070193 ns, Reaching safepoint: 116527 ns, At safepoint: 26799 ns, Total: 143326 ns
[2020-09-10T17:15:50.443+0000][1][safepoint    ] Safepoint "RevokeBias", Time since last: 442205 ns, Reaching safepoint: 92565 ns, At safepoint: 22186 ns, Total: 114751 ns
[2020-09-10T17:15:50.456+0000][1][safepoint    ] Safepoint "RevokeBias", Time since last: 12229518 ns, Reaching safepoint: 122371 ns, At safepoint: 37294 ns, Total: 159665 ns
[2020-09-10T17:15:50.456+0000][1][safepoint    ] Safepoint "RevokeBias", Time since last: 63275 ns, Reaching safepoint: 87366 ns, At safepoint: 18757 ns, Total: 106123 ns
[2020-09-10T17:15:50.461+0000][1][safepoint    ] Safepoint "RevokeBias", Time since last: 4562847 ns, Reaching safepoint: 114426 ns, At safepoint: 30030 ns, Total: 144456 ns
[2020-09-10T17:15:50.466+0000][1][safepoint    ] Safepoint "RevokeBias", Time since last: 5156531 ns, Reaching safepoint: 136309 ns, At safepoint: 22224 ns, Total: 158533 ns
[2020-09-10T17:15:50.539+0000][1][safepoint    ] Safepoint "RevokeBias", Time since last: 73393679 ns, Reaching safepoint: 132472 ns, At safepoint: 10229 ns, Total: 142701 ns
[2020-09-10T17:15:50.616+0000][1][safepoint    ] Safepoint "RevokeBias", Time since last: 76613093 ns, Reaching safepoint: 117535 ns, At safepoint: 12512 ns, Total: 130047 ns
[2020-09-10T17:15:50.622+0000][1][safepoint    ] Safepoint "RevokeBias", Time since last: 5604314 ns, Reaching safepoint: 45204 ns, At safepoint: 14830 ns, Total: 60034 ns
[2020-09-10T17:15:50.708+0000][1][safepoint    ] Safepoint "RevokeBias", Time since last: 86164863 ns, Reaching safepoint: 124643 ns, At safepoint: 16803 ns, Total: 141446 ns
[2020-09-10T17:15:50.722+0000][1][safepoint    ] Safepoint "Deoptimize", Time since last: 13514018 ns, Reaching safepoint: 114531 ns, At safepoint: 366798 ns, Total: 481329 ns
[2020-09-10T17:15:50.799+0000][1][safepoint    ] Safepoint "RevokeBias", Time since last: 76928912 ns, Reaching safepoint: 119439 ns, At safepoint: 10287 ns, Total: 129726 ns
[2020-09-10T17:15:50.810+0000][1][safepoint    ] Safepoint "RevokeBias", Time since last: 11148974 ns, Reaching safepoint: 118605 ns, At safepoint: 18288 ns, Total: 136893 ns
[2020-09-10T17:15:50.816+0000][1][safepoint    ] Safepoint "RevokeBias", Time since last: 5549419 ns, Reaching safepoint: 41298 ns, At safepoint: 16658 ns, Total: 57956 ns
[2020-09-10T17:15:50.818+0000][1][safepoint    ] Safepoint "RevokeBias", Time since last: 2087234 ns, Reaching safepoint: 103527 ns, At safepoint: 13893 ns, Total: 117420 ns
[2020-09-10T17:15:50.818+0000][1][safepoint    ] Safepoint "RevokeBias", Time since last: 81522 ns, Reaching safepoint: 85839 ns, At safepoint: 9734 ns, Total: 95573 ns
[2020-09-10T17:15:50.819+0000][1][safepoint    ] Safepoint "RevokeBias", Time since last: 41598 ns, Reaching safepoint: 84706 ns, At safepoint: 9244 ns, Total: 93950 ns
[2020-09-10T17:15:50.819+0000][1][safepoint    ] Safepoint "RevokeBias", Time since last: 425498 ns, Reaching safepoint: 86362 ns, At safepoint: 10334 ns, Total: 96696 ns
[2020-09-10T17:15:50.824+0000][1][safepoint    ] Safepoint "RevokeBias", Time since last: 4873909 ns, Reaching safepoint: 110454 ns, At safepoint: 15047 ns, Total: 125501 ns
[2020-09-10T17:15:50.867+0000][1][safepoint    ] Safepoint "RevokeBias", Time since last: 43114753 ns, Reaching safepoint: 122986 ns, At safepoint: 34765 ns, Total: 157751 ns
[2020-09-10T17:15:50.868+0000][1][safepoint    ] Safepoint "RevokeBias", Time since last: 717704 ns, Reaching safepoint: 20842 ns, At safepoint: 10793 ns, Total: 31635 ns
[2020-09-10T17:15:50.872+0000][1][safepoint    ] Safepoint "RevokeBias", Time since last: 3914991 ns, Reaching safepoint: 114385 ns, At safepoint: 14792 ns, Total: 129177 ns
[2020-09-10T17:15:50.872+0000][1][safepoint    ] Safepoint "RevokeBias", Time since last: 267727 ns, Reaching safepoint: 88090 ns, At safepoint: 11488 ns, Total: 99578 ns
[2020-09-10T17:15:50.873+0000][1][safepoint    ] Safepoint "RevokeBias", Time since last: 749233 ns, Reaching safepoint: 95333 ns, At safepoint: 7183 ns, Total: 102516 ns
[2020-09-10T17:15:50.954+0000][1][safepoint    ] Safepoint "RevokeBias", Time since last: 80731563 ns, Reaching safepoint: 102509 ns, At safepoint: 23902 ns, Total: 126411 ns
[2020-09-10T17:15:50.969+0000][1][safepoint    ] Safepoint "RevokeBias", Time since last: 15091028 ns, Reaching safepoint: 116819 ns, At safepoint: 18104 ns, Total: 134923 ns
[2020-09-10T17:15:50.970+0000][1][safepoint    ] Safepoint "RevokeBias", Time since last: 59534 ns, Reaching safepoint: 86058 ns, At safepoint: 11749 ns, Total: 97807 ns
[2020-09-10T17:15:50.994+0000][1][safepoint    ] Safepoint "RevokeBias", Time since last: 24462910 ns, Reaching safepoint: 121413 ns, At safepoint: 18958 ns, Total: 140371 ns
[2020-09-10T17:15:51.048+0000][1][safepoint    ] Safepoint "RevokeBias", Time since last: 54044966 ns, Reaching safepoint: 114851 ns, At safepoint: 12940 ns, Total: 127791 ns
[2020-09-10T17:15:51.116+0000][1][safepoint    ] Safepoint "RevokeBias", Time since last: 66479487 ns, Reaching safepoint: 1048710 ns, At safepoint: 21133 ns, Total: 1069843 ns
[2020-09-10T17:15:51.116+0000][1][safepoint    ] Safepoint "RevokeBias", Time since last: 79128 ns, Reaching safepoint: 88400 ns, At safepoint: 10596 ns, Total: 98996 ns
[2020-09-10T17:15:51.137+0000][1][safepoint    ] Safepoint "RevokeBias", Time since last: 20779467 ns, Reaching safepoint: 132656 ns, At safepoint: 19419 ns, Total: 152075 ns
[2020-09-10T17:15:51.156+0000][1][safepoint    ] Safepoint "RevokeBias", Time since last: 19195166 ns, Reaching safepoint: 47450 ns, At safepoint: 14641 ns, Total: 62091 ns
[2020-09-10T17:15:51.162+0000][1][safepoint    ] Safepoint "RevokeBias", Time since last: 5804795 ns, Reaching safepoint: 120946 ns, At safepoint: 14832 ns, Total: 135778 ns
[2020-09-10T17:15:51.163+0000][1][safepoint    ] Safepoint "RevokeBias", Time since last: 239472 ns, Reaching safepoint: 136541 ns, At safepoint: 12040 ns, Total: 148581 ns
[2020-09-10T17:15:51.163+0000][1][safepoint    ] Safepoint "RevokeBias", Time since last: 88820 ns, Reaching safepoint: 134063 ns, At safepoint: 10852 ns, Total: 144915 ns
[2020-09-10T17:15:51.163+0000][1][safepoint    ] Safepoint "RevokeBias", Time since last: 62216 ns, Reaching safepoint: 138143 ns, At safepoint: 10620 ns, Total: 148763 ns
[2020-09-10T17:15:51.166+0000][1][safepoint    ] Safepoint "RevokeBias", Time since last: 2637209 ns, Reaching safepoint: 155942 ns, At safepoint: 15263 ns, Total: 171205 ns
[2020-09-10T17:15:51.166+0000][1][safepoint    ] Safepoint "RevokeBias", Time since last: 132460 ns, Reaching safepoint: 127410 ns, At safepoint: 12402 ns, Total: 139812 ns
[2020-09-10T17:15:51.252+0000][1][safepoint    ] Safepoint "RevokeBias", Time since last: 86092398 ns, Reaching safepoint: 49568 ns, At safepoint: 13805 ns, Total: 63373 ns
[2020-09-10T17:15:51.497+0000][1][safepoint    ] Safepoint "RevokeBias", Time since last: 244376235 ns, Reaching safepoint: 166023 ns, At safepoint: 16579 ns, Total: 182602 ns
[2020-09-10T17:15:51.500+0000][1][safepoint    ] Safepoint "RevokeBias", Time since last: 3056116 ns, Reaching safepoint: 163313 ns, At safepoint: 7989 ns, Total: 171302 ns
[2020-09-10T17:15:51.500+0000][1][safepoint    ] Safepoint "RevokeBias", Time since last: 48311 ns, Reaching safepoint: 147429 ns, At safepoint: 6657 ns, Total: 154086 ns
[2020-09-10T17:15:51.500+0000][1][safepoint    ] Safepoint "RevokeBias", Time since last: 36763 ns, Reaching safepoint: 145966 ns, At safepoint: 5740 ns, Total: 151706 ns
[2020-09-10T17:15:51.546+0000][1][safepoint    ] Safepoint "Deoptimize", Time since last: 44771610 ns, Reaching safepoint: 172211 ns, At safepoint: 419389 ns, Total: 591600 ns
[2020-09-10T17:15:51.562+0000][1][safepoint    ] Safepoint "RevokeBias", Time since last: 15746864 ns, Reaching safepoint: 120756 ns, At safepoint: 21141 ns, Total: 141897 ns
[2020-09-10T17:15:51.582+0000][1][safepoint    ] Safepoint "RevokeBias", Time since last: 19770122 ns, Reaching safepoint: 125505 ns, At safepoint: 8961 ns, Total: 134466 ns
[2020-09-10T17:15:51.582+0000][1][safepoint    ] Safepoint "RevokeBias", Time since last: 370737 ns, Reaching safepoint: 97005 ns, At safepoint: 6457 ns, Total: 103462 ns
[2020-09-10T17:15:51.587+0000][1][safepoint    ] Safepoint "RevokeBias", Time since last: 4624853 ns, Reaching safepoint: 711511 ns, At safepoint: 60796 ns, Total: 772307 ns
[2020-09-10T17:15:51.604+0000][1][safepoint    ] Safepoint "RevokeBias", Time since last: 16528903 ns, Reaching safepoint: 124520 ns, At safepoint: 15315 ns, Total: 139835 ns
[2020-09-10T17:15:51.604+0000][1][safepoint    ] Safepoint "RevokeBias", Time since last: 69485 ns, Reaching safepoint: 89475 ns, At safepoint: 10116 ns, Total: 99591 ns
[2020-09-10T17:15:51.607+0000][1][safepoint    ] Safepoint "RevokeBias", Time since last: 2842463 ns, Reaching safepoint: 113604 ns, At safepoint: 50455 ns, Total: 164059 ns
[2020-09-10T17:15:51.635+0000][1][safepoint    ] Safepoint "RevokeBias", Time since last: 27079120 ns, Reaching safepoint: 284906 ns, At safepoint: 9878 ns, Total: 294784 ns
[2020-09-10T17:15:51.655+0000][1][safepoint    ] Safepoint "RevokeBias", Time since last: 20099698 ns, Reaching safepoint: 136360 ns, At safepoint: 14914 ns, Total: 151274 ns
[2020-09-10T17:15:51.662+0000][1][safepoint    ] Safepoint "RevokeBias", Time since last: 3720455 ns, Reaching safepoint: 3247165 ns, At safepoint: 17263 ns, Total: 3264428 ns
[2020-09-10T17:15:51.669+0000][1][safepoint    ] Safepoint "RevokeBias", Time since last: 6269637 ns, Reaching safepoint: 662734 ns, At safepoint: 9404 ns, Total: 672138 ns
[2020-09-10T17:15:51.669+0000][1][safepoint    ] Safepoint "RevokeBias", Time since last: 330905 ns, Reaching safepoint: 95885 ns, At safepoint: 6434 ns, Total: 102319 ns
[2020-09-10T17:15:51.724+0000][1][safepoint    ] Safepoint "RevokeBias", Time since last: 54892091 ns, Reaching safepoint: 161054 ns, At safepoint: 9675 ns, Total: 170729 ns
[2020-09-10T17:15:51.725+0000][1][safepoint    ] Safepoint "RevokeBias", Time since last: 66165 ns, Reaching safepoint: 89842 ns, At safepoint: 5315 ns, Total: 95157 ns
[2020-09-10T17:15:51.734+0000][1][safepoint    ] Safepoint "RevokeBias", Time since last: 9359962 ns, Reaching safepoint: 120825 ns, At safepoint: 19023 ns, Total: 139848 ns
[2020-09-10T17:15:51.776+0000][1][safepoint    ] Safepoint "RevokeBias", Time since last: 41888527 ns, Reaching safepoint: 193808 ns, At safepoint: 24312 ns, Total: 218120 ns
[2020-09-10T17:15:51.795+0000][1][safepoint    ] Safepoint "RevokeBias", Time since last: 18516582 ns, Reaching safepoint: 125626 ns, At safepoint: 10358 ns, Total: 135984 ns
[2020-09-10T17:15:51.855+0000][1][safepoint    ] Safepoint "RevokeBias", Time since last: 53224081 ns, Reaching safepoint: 6687763 ns, At safepoint: 85151 ns, Total: 6772914 ns
[2020-09-10T17:15:51.859+0000][1][safepoint    ] Safepoint "RevokeBias", Time since last: 1418911 ns, Reaching safepoint: 2532106 ns, At safepoint: 78987 ns, Total: 2611093 ns
[2020-09-10T17:15:51.867+0000][1][safepoint    ] Safepoint "RevokeBias", Time since last: 3831998 ns, Reaching safepoint: 4060851 ns, At safepoint: 25850 ns, Total: 4086701 ns
[2020-09-10T17:15:51.932+0000][1][safepoint    ] Safepoint "RevokeBias", Time since last: 65210919 ns, Reaching safepoint: 82925 ns, At safepoint: 16294 ns, Total: 99219 ns
[2020-09-10T17:15:51.982+0000][1][safepoint    ] Safepoint "RevokeBias", Time since last: 49850471 ns, Reaching safepoint: 125228 ns, At safepoint: 15971 ns, Total: 141199 ns
[2020-09-10T17:15:52.000+0000][1][safepoint    ] Safepoint "RevokeBias", Time since last: 17486687 ns, Reaching safepoint: 124716 ns, At safepoint: 16652 ns, Total: 141368 ns
[2020-09-10T17:15:53.000+0000][1][safepoint    ] Safepoint "Cleanup", Time since last: 1000166371 ns, Reaching safepoint: 169853 ns, At safepoint: 19913 ns, Total: 189766 ns
[2020-09-10T17:15:54.000+0000][1][safepoint    ] Safepoint "Cleanup", Time since last: 1000268473 ns, Reaching safepoint: 104634 ns, At safepoint: 18385 ns, Total: 123019 ns
[2020-09-10T17:15:54.983+0000][1][safepoint    ] Safepoint "RevokeBias", Time since last: 982344299 ns, Reaching safepoint: 135666 ns, At safepoint: 13477 ns, Total: 149143 ns
[2020-09-10T17:15:55.486+0000][1][safepoint    ] Safepoint "Deoptimize", Time since last: 502044008 ns, Reaching safepoint: 177348 ns, At safepoint: 643735 ns, Total: 821083 ns
[2020-09-10T17:15:55.494+0000][1][safepoint    ] Safepoint "RevokeBias", Time since last: 8237536 ns, Reaching safepoint: 94234 ns, At safepoint: 16669 ns, Total: 110903 ns
[2020-09-10T17:15:55.494+0000][1][safepoint    ] Safepoint "RevokeBias", Time since last: 75949 ns, Reaching safepoint: 154654 ns, At safepoint: 12389 ns, Total: 167043 ns
[2020-09-10T17:15:55.516+0000][1][safepoint    ] Safepoint "RevokeBias", Time since last: 21403671 ns, Reaching safepoint: 125078 ns, At safepoint: 8211 ns, Total: 133289 ns
[2020-09-10T17:15:55.549+0000][1][safepoint    ] Safepoint "RevokeBias", Time since last: 32784599 ns, Reaching safepoint: 128982 ns, At safepoint: 16304 ns, Total: 145286 ns
[2020-09-10T17:15:56.549+0000][1][safepoint    ] Safepoint "Cleanup", Time since last: 1000181854 ns, Reaching safepoint: 132585 ns, At safepoint: 20383 ns, Total: 152968 ns
[2020-09-10T17:15:57.009+0000][1][gc,start     ] GC(67) Pause Young (Allocation Failure)
[2020-09-10T17:15:57.010+0000][1][gc,task      ] GC(67) Using 1 workers of 1 for evacuation
[2020-09-10T17:15:57.043+0000][1][gc,age       ] GC(67) Desired survivor size 4358144 bytes, new threshold 3 (max threshold 6)
[2020-09-10T17:15:57.043+0000][1][gc,age       ] GC(67) Age table with threshold 3 (max threshold 6)
[2020-09-10T17:15:57.043+0000][1][gc,age       ] GC(67) - age   1:    2053176 bytes,    2053176 total
[2020-09-10T17:15:57.043+0000][1][gc,age       ] GC(67) - age   2:    1642544 bytes,    3695720 total
[2020-09-10T17:15:57.043+0000][1][gc,age       ] GC(67) - age   3:    1384800 bytes,    5080520 total
[2020-09-10T17:15:57.043+0000][1][gc,heap      ] GC(67) ParNew: 72989K->7098K(76672K)
[2020-09-10T17:15:57.043+0000][1][gc,heap      ] GC(67) CMS: 95368K->95368K(2011968K)
[2020-09-10T17:15:57.043+0000][1][gc,metaspace ] GC(67) Metaspace: 81367K->81367K(1124352K)
[2020-09-10T17:15:57.043+0000][1][gc           ] GC(67) Pause Young (Allocation Failure) 164M->100M(2039M) 34.378ms
[2020-09-10T17:15:57.043+0000][1][gc,cpu       ] GC(67) User=0.04s Sys=0.00s Real=0.03s
[2020-09-10T17:15:57.043+0000][1][safepoint    ] Safepoint "GenCollectForAllocation", Time since last: 459611967 ns, Reaching safepoint: 136509 ns, At safepoint: 34459897 ns, Total: 34596406 ns
[2020-09-10T17:15:58.052+0000][1][safepoint    ] Safepoint "Cleanup", Time since last: 1008225396 ns, Reaching safepoint: 98365 ns, At safepoint: 8606 ns, Total: 106971 ns
[2020-09-10T17:15:59.052+0000][1][safepoint    ] Safepoint "Cleanup", Time since last: 1000179956 ns, Reaching safepoint: 92753 ns, At safepoint: 7366 ns, Total: 100119 ns
[2020-09-10T17:16:00.052+0000][1][safepoint    ] Safepoint "Cleanup", Time since last: 1000195602 ns, Reaching safepoint: 101647 ns, At safepoint: 9047 ns, Total: 110694 ns
[2020-09-10T17:16:01.053+0000][1][safepoint    ] Safepoint "Cleanup", Time since last: 1000148651 ns, Reaching safepoint: 110877 ns, At safepoint: 6197 ns, Total: 117074 ns
[2020-09-10T17:16:01.958+0000][1][safepoint    ] Safepoint "RevokeBias", Time since last: 905318028 ns, Reaching safepoint: 197932 ns, At safepoint: 19318 ns, Total: 217250 ns
[2020-09-10T17:16:01.967+0000][1][safepoint    ] Safepoint "RevokeBias", Time since last: 8658352 ns, Reaching safepoint: 138584 ns, At safepoint: 21013 ns, Total: 159597 ns
[2020-09-10T17:16:02.001+0000][1][safepoint    ] Safepoint "RevokeBias", Time since last: 34319156 ns, Reaching safepoint: 128616 ns, At safepoint: 15955 ns, Total: 144571 ns
[2020-09-10T17:16:02.147+0000][1][safepoint    ] Safepoint "RevokeBias", Time since last: 145006492 ns, Reaching safepoint: 133277 ns, At safepoint: 9180 ns, Total: 142457 ns
[2020-09-10T17:16:02.189+0000][1][safepoint    ] Safepoint "RevokeBias", Time since last: 42742273 ns, Reaching safepoint: 131538 ns, At safepoint: 9534 ns, Total: 141072 ns
[2020-09-10T17:16:02.209+0000][1][safepoint    ] Safepoint "RevokeBias", Time since last: 19885585 ns, Reaching safepoint: 121810 ns, At safepoint: 24484 ns, Total: 146294 ns
[2020-09-10T17:16:02.236+0000][1][safepoint    ] Safepoint "RevokeBias", Time since last: 25943936 ns, Reaching safepoint: 131931 ns, At safepoint: 13866 ns, Total: 145797 ns
[2020-09-10T17:16:02.236+0000][1][safepoint    ] Safepoint "RevokeBias", Time since last: 67236 ns, Reaching safepoint: 23300 ns, At safepoint: 8423 ns, Total: 31723 ns
[2020-09-10T17:16:03.236+0000][1][safepoint    ] Safepoint "Cleanup", Time since last: 1000116273 ns, Reaching safepoint: 146726 ns, At safepoint: 12706 ns, Total: 159432 ns
[2020-09-10T17:16:04.236+0000][1][safepoint    ] Safepoint "Cleanup", Time since last: 1000231433 ns, Reaching safepoint: 127847 ns, At safepoint: 17971 ns, Total: 145818 ns
[2020-09-10T17:16:05.237+0000][1][safepoint    ] Safepoint "Cleanup", Time since last: 1000171964 ns, Reaching safepoint: 133803 ns, At safepoint: 15362 ns, Total: 149165 ns
[2020-09-10T17:16:07.237+0000][1][safepoint    ] Safepoint "Cleanup", Time since last: 2000394455 ns, Reaching safepoint: 105576 ns, At safepoint: 8166 ns, Total: 113742 ns
[2020-09-10T17:16:08.238+0000][1][safepoint    ] Safepoint "Cleanup", Time since last: 1000956096 ns, Reaching safepoint: 91156 ns, At safepoint: 7542 ns, Total: 98698 ns
[2020-09-10T17:16:09.238+0000][1][safepoint    ] Safepoint "Cleanup", Time since last: 1000187854 ns, Reaching safepoint: 89324 ns, At safepoint: 8108 ns, Total: 97432 ns
[2020-09-10T17:16:10.239+0000][1][safepoint    ] Safepoint "Cleanup", Time since last: 1000198361 ns, Reaching safepoint: 166862 ns, At safepoint: 17982 ns, Total: 184844 ns
[2020-09-10T17:16:12.239+0000][1][safepoint    ] Safepoint "Cleanup", Time since last: 2000320496 ns, Reaching safepoint: 212447 ns, At safepoint: 20073 ns, Total: 232520 ns
[2020-09-10T17:16:13.241+0000][1][safepoint    ] Safepoint "Cleanup", Time since last: 1001372067 ns, Reaching safepoint: 100396 ns, At safepoint: 6784 ns, Total: 107180 ns
[2020-09-10T17:16:14.241+0000][1][safepoint    ] Safepoint "Cleanup", Time since last: 1000192175 ns, Reaching safepoint: 124763 ns, At safepoint: 18285 ns, Total: 143048 ns
[2020-09-10T17:16:15.242+0000][1][safepoint    ] Safepoint "Cleanup", Time since last: 1000250241 ns, Reaching safepoint: 95165 ns, At safepoint: 9583 ns, Total: 104748 ns
[2020-09-10T17:16:15.622+0000][1][safepoint    ] Safepoint "BulkRevokeBias", Time since last: 380083500 ns, Reaching safepoint: 260618 ns, At safepoint: 199102 ns, Total: 459720 ns
[2020-09-10T17:16:16.622+0000][1][safepoint    ] Safepoint "Cleanup", Time since last: 1000194569 ns, Reaching safepoint: 105449 ns, At safepoint: 7554 ns, Total: 113003 ns
[2020-09-10T17:16:17.623+0000][1][safepoint    ] Safepoint "Cleanup", Time since last: 1000243177 ns, Reaching safepoint: 81268 ns, At safepoint: 8803 ns, Total: 90071 ns
[2020-09-10T17:16:18.623+0000][1][safepoint    ] Safepoint "Cleanup", Time since last: 1000201451 ns, Reaching safepoint: 127503 ns, At safepoint: 19842 ns, Total: 147345 ns
[2020-09-10T17:16:19.048+0000][1][safepoint    ] Safepoint "RevokeBias", Time since last: 424819822 ns, Reaching safepoint: 161006 ns, At safepoint: 28906 ns, Total: 189912 ns
[2020-09-10T17:16:20.048+0000][1][safepoint    ] Safepoint "Cleanup", Time since last: 1000168510 ns, Reaching safepoint: 146198 ns, At safepoint: 9625 ns, Total: 155823 ns
[2020-09-10T17:16:20.100+0000][1][safepoint    ] Safepoint "RevokeBias", Time since last: 51102673 ns, Reaching safepoint: 57606 ns, At safepoint: 22738 ns, Total: 80344 ns
[2020-09-10T17:16:20.253+0000][1][safepoint    ] Safepoint "RevokeBias", Time since last: 152803100 ns, Reaching safepoint: 123277 ns, At safepoint: 54318 ns, Total: 177595 ns
[2020-09-10T17:16:21.253+0000][1][safepoint    ] Safepoint "Cleanup", Time since last: 1000192839 ns, Reaching safepoint: 83808 ns, At safepoint: 6225 ns, Total: 90033 ns
[2020-09-10T17:16:22.253+0000][1][safepoint    ] Safepoint "Cleanup", Time since last: 1000172669 ns, Reaching safepoint: 230225 ns, At safepoint: 21025 ns, Total: 251250 ns
[2020-09-10T17:16:23.254+0000][1][safepoint    ] Safepoint "Cleanup", Time since last: 1000218023 ns, Reaching safepoint: 101456 ns, At safepoint: 8354 ns, Total: 109810 ns
[2020-09-10T17:16:24.254+0000][1][safepoint    ] Safepoint "Cleanup", Time since last: 1000185561 ns, Reaching safepoint: 95750 ns, At safepoint: 8059 ns, Total: 103809 ns
[2020-09-10T17:16:25.254+0000][1][safepoint    ] Safepoint "Cleanup", Time since last: 1000128094 ns, Reaching safepoint: 284628 ns, At safepoint: 8002 ns, Total: 292630 ns
[2020-09-10T17:16:26.255+0000][1][safepoint    ] Safepoint "Cleanup", Time since last: 1000175989 ns, Reaching safepoint: 167124 ns, At safepoint: 16731 ns, Total: 183855 ns
[2020-09-10T17:16:27.855+0000][1][safepoint    ] Safepoint "Cleanup", Time since last: 1597441635 ns, Reaching safepoint: 127574 ns, At safepoint: 2385164 ns, Total: 2512738 ns
[2020-09-10T17:16:28.855+0000][1][safepoint    ] Safepoint "Cleanup", Time since last: 1000125567 ns, Reaching safepoint: 78814 ns, At safepoint: 6664 ns, Total: 85478 ns
[2020-09-10T17:16:29.855+0000][1][safepoint    ] Safepoint "Cleanup", Time since last: 1000143740 ns, Reaching safepoint: 113539 ns, At safepoint: 7087 ns, Total: 120626 ns
[2020-09-10T17:16:30.855+0000][1][safepoint    ] Safepoint "Cleanup", Time since last: 1000167940 ns, Reaching safepoint: 92917 ns, At safepoint: 8047 ns, Total: 100964 ns
[2020-09-10T17:16:31.856+0000][1][safepoint    ] Safepoint "Cleanup", Time since last: 1000188598 ns, Reaching safepoint: 101764 ns, At safepoint: 8495 ns, Total: 110259 ns
[2020-09-10T17:16:32.124+0000][1][safepoint    ] Safepoint "RevokeBias", Time since last: 268110718 ns, Reaching safepoint: 200522 ns, At safepoint: 21242 ns, Total: 221764 ns
[2020-09-10T17:16:33.124+0000][1][safepoint    ] Safepoint "Cleanup", Time since last: 1000168672 ns, Reaching safepoint: 112800 ns, At safepoint: 4960 ns, Total: 117760 ns
[2020-09-10T17:16:34.125+0000][1][safepoint    ] Safepoint "Cleanup", Time since last: 1000162549 ns, Reaching safepoint: 113085 ns, At safepoint: 8257 ns, Total: 121342 ns
[2020-09-10T17:16:34.524+0000][1][gc,start     ] GC(68) Pause Young (Allocation Failure)
[2020-09-10T17:16:34.524+0000][1][gc,task      ] GC(68) Using 1 workers of 1 for evacuation
[2020-09-10T17:16:34.551+0000][1][gc,age       ] GC(68) Desired survivor size 4358144 bytes, new threshold 6 (max threshold 6)
[2020-09-10T17:16:34.551+0000][1][gc,age       ] GC(68) Age table with threshold 6 (max threshold 6)
[2020-09-10T17:16:34.551+0000][1][gc,age       ] GC(68) - age   1:     367488 bytes,     367488 total
[2020-09-10T17:16:34.551+0000][1][gc,age       ] GC(68) - age   2:    1946000 bytes,    2313488 total
[2020-09-10T17:16:34.551+0000][1][gc,age       ] GC(68) - age   3:    1636768 bytes,    3950256 total
[2020-09-10T17:16:34.551+0000][1][gc,heap      ] GC(68) ParNew: 75258K->4608K(76672K)
[2020-09-10T17:16:34.551+0000][1][gc,heap      ] GC(68) CMS: 95368K->96753K(2011968K)
[2020-09-10T17:16:34.551+0000][1][gc,metaspace ] GC(68) Metaspace: 82517K->82517K(1124352K)
[2020-09-10T17:16:34.551+0000][1][gc           ] GC(68) Pause Young (Allocation Failure) 166M->98M(2039M) 27.693ms
[2020-09-10T17:16:34.551+0000][1][gc,cpu       ] GC(68) User=0.03s Sys=0.00s Real=0.03s
[2020-09-10T17:16:34.555+0000][1][safepoint    ] Safepoint "GenCollectForAllocation", Time since last: 398795408 ns, Reaching safepoint: 159327 ns, At safepoint: 31865582 ns, Total: 32024909 ns
[2020-09-10T17:16:35.556+0000][1][safepoint    ] Safepoint "Cleanup", Time since last: 1000590742 ns, Reaching safepoint: 84154 ns, At safepoint: 7640 ns, Total: 91794 ns
[2020-09-10T17:16:36.556+0000][1][safepoint    ] Safepoint "Cleanup", Time since last: 1000164992 ns, Reaching safepoint: 102784 ns, At safepoint: 8309 ns, Total: 111093 ns
[2020-09-10T17:16:37.557+0000][1][safepoint    ] Safepoint "Cleanup", Time since last: 1000170149 ns, Reaching safepoint: 114710 ns, At safepoint: 7292 ns, Total: 122002 ns
[2020-09-10T17:16:38.557+0000][1][safepoint    ] Safepoint "Cleanup", Time since last: 1000173731 ns, Reaching safepoint: 132377 ns, At safepoint: 18296 ns, Total: 150673 ns
[2020-09-10T17:16:39.557+0000][1][safepoint    ] Safepoint "Cleanup", Time since last: 1000171501 ns, Reaching safepoint: 114616 ns, At safepoint: 7444 ns, Total: 122060 ns
[2020-09-10T17:16:40.558+0000][1][safepoint    ] Safepoint "Cleanup", Time since last: 1000186520 ns, Reaching safepoint: 106529 ns, At safepoint: 6650 ns, Total: 113179 ns
[2020-09-10T17:16:41.558+0000][1][safepoint    ] Safepoint "Cleanup", Time since last: 1000178519 ns, Reaching safepoint: 96495 ns, At safepoint: 8739 ns, Total: 105234 ns
[2020-09-10T17:16:42.558+0000][1][safepoint    ] Safepoint "Cleanup", Time since last: 1000179992 ns, Reaching safepoint: 177069 ns, At safepoint: 18078 ns, Total: 195147 ns
[2020-09-10T17:16:43.559+0000][1][safepoint    ] Safepoint "Cleanup", Time since last: 1000213860 ns, Reaching safepoint: 215615 ns, At safepoint: 15733 ns, Total: 231348 ns
[2020-09-10T17:16:44.559+0000][1][safepoint    ] Safepoint "Cleanup", Time since last: 1000180264 ns, Reaching safepoint: 114235 ns, At safepoint: 14213 ns, Total: 128448 ns
[2020-09-10T17:16:45.559+0000][1][safepoint    ] Safepoint "Cleanup", Time since last: 1000200018 ns, Reaching safepoint: 165196 ns, At safepoint: 19655 ns, Total: 184851 ns
[2020-09-10T17:16:46.560+0000][1][safepoint    ] Safepoint "Cleanup", Time since last: 1000211244 ns, Reaching safepoint: 150806 ns, At safepoint: 17978 ns, Total: 168784 ns
[2020-09-10T17:16:47.560+0000][1][safepoint    ] Safepoint "Cleanup", Time since last: 1000177430 ns, Reaching safepoint: 141868 ns, At safepoint: 18196 ns, Total: 160064 ns
[2020-09-10T17:16:48.560+0000][1][safepoint    ] Safepoint "Cleanup", Time since last: 1000205567 ns, Reaching safepoint: 136222 ns, At safepoint: 18068 ns, Total: 154290 ns
[2020-09-10T17:16:49.561+0000][1][safepoint    ] Safepoint "Cleanup", Time since last: 1000215273 ns, Reaching safepoint: 139617 ns, At safepoint: 18556 ns, Total: 158173 ns
[2020-09-10T17:16:50.561+0000][1][safepoint    ] Safepoint "Cleanup", Time since last: 1000238015 ns, Reaching safepoint: 172830 ns, At safepoint: 21526 ns, Total: 194356 ns
[2020-09-10T17:16:51.562+0000][1][safepoint    ] Safepoint "Cleanup", Time since last: 1000203369 ns, Reaching safepoint: 103601 ns, At safepoint: 7689 ns, Total: 111290 ns
[2020-09-10T17:16:52.562+0000][1][safepoint    ] Safepoint "Cleanup", Time since last: 1000168844 ns, Reaching safepoint: 189154 ns, At safepoint: 18964 ns, Total: 208118 ns
[2020-09-10T17:16:55.563+0000][1][safepoint    ] Safepoint "Cleanup", Time since last: 3000545600 ns, Reaching safepoint: 95470 ns, At safepoint: 8639 ns, Total: 104109 ns
[2020-09-10T17:16:56.563+0000][1][safepoint    ] Safepoint "Cleanup", Time since last: 1000169293 ns, Reaching safepoint: 143940 ns, At safepoint: 18162 ns, Total: 162102 ns
[2020-09-10T17:16:57.563+0000][1][safepoint    ] Safepoint "Cleanup", Time since last: 1000239041 ns, Reaching safepoint: 156693 ns, At safepoint: 21576 ns, Total: 178269 ns
[2020-09-10T17:17:00.564+0000][1][safepoint    ] Safepoint "Cleanup", Time since last: 3000467214 ns, Reaching safepoint: 108686 ns, At safepoint: 6605 ns, Total: 115291 ns
[2020-09-10T17:17:01.564+0000][1][safepoint    ] Safepoint "Cleanup", Time since last: 1000164807 ns, Reaching safepoint: 155581 ns, At safepoint: 18362 ns, Total: 173943 ns
[2020-09-10T17:17:02.565+0000][1][safepoint    ] Safepoint "Cleanup", Time since last: 1000219784 ns, Reaching safepoint: 177488 ns, At safepoint: 16431 ns, Total: 193919 ns
[2020-09-10T17:17:04.565+0000][1][safepoint    ] Safepoint "Cleanup", Time since last: 2000377742 ns, Reaching safepoint: 94629 ns, At safepoint: 6479 ns, Total: 101108 ns
[2020-09-10T17:17:05.566+0000][1][safepoint    ] Safepoint "Cleanup", Time since last: 1000180756 ns, Reaching safepoint: 122100 ns, At safepoint: 18235 ns, Total: 140335 ns
[2020-09-10T17:17:06.566+0000][1][safepoint    ] Safepoint "Cleanup", Time since last: 1000219647 ns, Reaching safepoint: 96529 ns, At safepoint: 7294 ns, Total: 103823 ns
[2020-09-10T17:17:07.566+0000][1][safepoint    ] Safepoint "Cleanup", Time since last: 1000104778 ns, Reaching safepoint: 64550 ns, At safepoint: 67742 ns, Total: 132292 ns
[2020-09-10T17:17:08.566+0000][1][safepoint    ] Safepoint "Cleanup", Time since last: 1000209443 ns, Reaching safepoint: 125779 ns, At safepoint: 16140 ns, Total: 141919 ns
[2020-09-10T17:17:09.567+0000][1][safepoint    ] Safepoint "Cleanup", Time since last: 1000188860 ns, Reaching safepoint: 143530 ns, At safepoint: 14443 ns, Total: 157973 ns
[2020-09-10T17:17:10.568+0000][1][safepoint    ] Safepoint "Cleanup", Time since last: 1001103074 ns, Reaching safepoint: 128836 ns, At safepoint: 18829 ns, Total: 147665 ns
[2020-09-10T17:17:11.568+0000][1][safepoint    ] Safepoint "Cleanup", Time since last: 1000224305 ns, Reaching safepoint: 105679 ns, At safepoint: 9236 ns, Total: 114915 ns
[2020-09-10T17:17:11.691+0000][1][safepoint    ] Safepoint "RevokeBias", Time since last: 122698546 ns, Reaching safepoint: 66787 ns, At safepoint: 21589 ns, Total: 88376 ns
[2020-09-10T17:17:12.004+0000][1][safepoint    ] Safepoint "Deoptimize", Time since last: 311803110 ns, Reaching safepoint: 211229 ns, At safepoint: 570567 ns, Total: 781796 ns
[2020-09-10T17:17:13.004+0000][1][safepoint    ] Safepoint "Cleanup", Time since last: 1000175742 ns, Reaching safepoint: 119402 ns, At safepoint: 5429 ns, Total: 124831 ns
[2020-09-10T17:17:14.004+0000][1][safepoint    ] Safepoint "Cleanup", Time since last: 1000227668 ns, Reaching safepoint: 85617 ns, At safepoint: 7724 ns, Total: 93341 ns
[2020-09-10T17:17:15.005+0000][1][safepoint    ] Safepoint "Cleanup", Time since last: 1000167863 ns, Reaching safepoint: 74919 ns, At safepoint: 7255 ns, Total: 82174 ns
[2020-09-10T17:17:16.005+0000][1][safepoint    ] Safepoint "Cleanup", Time since last: 1000191066 ns, Reaching safepoint: 89463 ns, At safepoint: 8101 ns, Total: 97564 ns
[2020-09-10T17:17:17.005+0000][1][safepoint    ] Safepoint "Cleanup", Time since last: 1000146460 ns, Reaching safepoint: 140081 ns, At safepoint: 15091 ns, Total: 155172 ns
[2020-09-10T17:17:17.292+0000][1][gc,start     ] GC(69) Pause Young (Allocation Failure)
[2020-09-10T17:17:17.292+0000][1][gc,task      ] GC(69) Using 1 workers of 1 for evacuation
[2020-09-10T17:17:17.316+0000][1][gc,age       ] GC(69) Desired survivor size 4358144 bytes, new threshold 6 (max threshold 6)
[2020-09-10T17:17:17.316+0000][1][gc,age       ] GC(69) Age table with threshold 6 (max threshold 6)
[2020-09-10T17:17:17.316+0000][1][gc,age       ] GC(69) - age   1:     112920 bytes,     112920 total
[2020-09-10T17:17:17.316+0000][1][gc,age       ] GC(69) - age   2:     249344 bytes,     362264 total
[2020-09-10T17:17:17.316+0000][1][gc,age       ] GC(69) - age   3:    1945848 bytes,    2308112 total
[2020-09-10T17:17:17.316+0000][1][gc,age       ] GC(69) - age   4:    1636768 bytes,    3944880 total
[2020-09-10T17:17:17.316+0000][1][gc,heap      ] GC(69) ParNew: 72768K->4045K(76672K)
[2020-09-10T17:17:17.316+0000][1][gc,heap      ] GC(69) CMS: 96753K->96753K(2011968K)
[2020-09-10T17:17:17.316+0000][1][gc,metaspace ] GC(69) Metaspace: 83519K->83519K(1126400K)
[2020-09-10T17:17:17.316+0000][1][gc           ] GC(69) Pause Young (Allocation Failure) 165M->98M(2039M) 23.996ms
[2020-09-10T17:17:17.316+0000][1][gc,cpu       ] GC(69) User=0.02s Sys=0.00s Real=0.02s
[2020-09-10T17:17:17.316+0000][1][safepoint    ] Safepoint "GenCollectForAllocation", Time since last: 286491047 ns, Reaching safepoint: 183951 ns, At safepoint: 24066650 ns, Total: 24250601 ns
[2020-09-10T17:17:18.333+0000][1][safepoint    ] Safepoint "Cleanup", Time since last: 1016582209 ns, Reaching safepoint: 122795 ns, At safepoint: 17170 ns, Total: 139965 ns
[2020-09-10T17:17:19.333+0000][1][safepoint    ] Safepoint "Cleanup", Time since last: 1000185567 ns, Reaching safepoint: 106416 ns, At safepoint: 6568 ns, Total: 112984 ns
[2020-09-10T17:17:20.333+0000][1][safepoint    ] Safepoint "Cleanup", Time since last: 1000203180 ns, Reaching safepoint: 92735 ns, At safepoint: 6888 ns, Total: 99623 ns
[2020-09-10T17:17:21.334+0000][1][safepoint    ] Safepoint "Cleanup", Time since last: 1000187383 ns, Reaching safepoint: 168654 ns, At safepoint: 17818 ns, Total: 186472 ns
[2020-09-10T17:17:22.334+0000][1][safepoint    ] Safepoint "Cleanup", Time since last: 1000196932 ns, Reaching safepoint: 136361 ns, At safepoint: 7727 ns, Total: 144088 ns
[2020-09-10T17:17:23.334+0000][1][safepoint    ] Safepoint "Cleanup", Time since last: 1000168203 ns, Reaching safepoint: 110864 ns, At safepoint: 6899 ns, Total: 117763 ns
[2020-09-10T17:17:24.335+0000][1][safepoint    ] Safepoint "Cleanup", Time since last: 1000160119 ns, Reaching safepoint: 93154 ns, At safepoint: 7178 ns, Total: 100332 ns
[2020-09-10T17:17:25.335+0000][1][safepoint    ] Safepoint "Cleanup", Time since last: 1000151399 ns, Reaching safepoint: 133269 ns, At safepoint: 20257 ns, Total: 153526 ns
[2020-09-10T17:17:26.335+0000][1][safepoint    ] Safepoint "Cleanup", Time since last: 1000145329 ns, Reaching safepoint: 82257 ns, At safepoint: 5481 ns, Total: 87738 ns
[2020-09-10T17:17:27.335+0000][1][safepoint    ] Safepoint "Cleanup", Time since last: 1000137055 ns, Reaching safepoint: 110083 ns, At safepoint: 6056 ns, Total: 116139 ns
[2020-09-10T17:17:28.336+0000][1][safepoint    ] Safepoint "Cleanup", Time since last: 1000141760 ns, Reaching safepoint: 114207 ns, At safepoint: 5934 ns, Total: 120141 ns
[2020-09-10T17:17:29.336+0000][1][safepoint    ] Safepoint "Cleanup", Time since last: 1000143284 ns, Reaching safepoint: 104933 ns, At safepoint: 5483 ns, Total: 110416 ns
[2020-09-10T17:17:30.336+0000][1][safepoint    ] Safepoint "Cleanup", Time since last: 1000206558 ns, Reaching safepoint: 63141 ns, At safepoint: 5851 ns, Total: 68992 ns
[2020-09-10T17:17:31.337+0000][1][safepoint    ] Safepoint "Cleanup", Time since last: 1000837170 ns, Reaching safepoint: 239382 ns, At safepoint: 19579 ns, Total: 258961 ns
[2020-09-10T17:17:32.337+0000][1][safepoint    ] Safepoint "Cleanup", Time since last: 1000149975 ns, Reaching safepoint: 90274 ns, At safepoint: 7486 ns, Total: 97760 ns
[2020-09-10T17:17:35.338+0000][1][safepoint    ] Safepoint "Cleanup", Time since last: 3000417393 ns, Reaching safepoint: 82431 ns, At safepoint: 10669 ns, Total: 93100 ns
[2020-09-10T17:17:36.338+0000][1][safepoint    ] Safepoint "Cleanup", Time since last: 1000128965 ns, Reaching safepoint: 85601 ns, At safepoint: 11280 ns, Total: 96881 ns
[2020-09-10T17:17:37.338+0000][1][safepoint    ] Safepoint "Cleanup", Time since last: 1000191887 ns, Reaching safepoint: 99439 ns, At safepoint: 6829 ns, Total: 106268 ns
[2020-09-10T17:17:38.339+0000][1][safepoint    ] Safepoint "Cleanup", Time since last: 1000210284 ns, Reaching safepoint: 105857 ns, At safepoint: 8422 ns, Total: 114279 ns
[2020-09-10T17:17:40.339+0000][1][safepoint    ] Safepoint "Cleanup", Time since last: 2000313328 ns, Reaching safepoint: 118742 ns, At safepoint: 7177 ns, Total: 125919 ns
[2020-09-10T17:17:41.340+0000][1][safepoint    ] Safepoint "Cleanup", Time since last: 1000182420 ns, Reaching safepoint: 148618 ns, At safepoint: 18188 ns, Total: 166806 ns
[2020-09-10T17:17:42.340+0000][1][safepoint    ] Safepoint "Cleanup", Time since last: 1000224046 ns, Reaching safepoint: 159720 ns, At safepoint: 17540 ns, Total: 177260 ns
[2020-09-10T17:17:43.340+0000][1][safepoint    ] Safepoint "Cleanup", Time since last: 1000171860 ns, Reaching safepoint: 124918 ns, At safepoint: 6424 ns, Total: 131342 ns
[2020-09-10T17:17:44.341+0000][1][safepoint    ] Safepoint "Cleanup", Time since last: 1000168639 ns, Reaching safepoint: 148871 ns, At safepoint: 18813 ns, Total: 167684 ns
[2020-09-10T17:17:45.341+0000][1][safepoint    ] Safepoint "Cleanup", Time since last: 1000177159 ns, Reaching safepoint: 143596 ns, At safepoint: 18857 ns, Total: 162453 ns
[2020-09-10T17:17:47.341+0000][1][safepoint    ] Safepoint "Cleanup", Time since last: 2000302377 ns, Reaching safepoint: 115273 ns, At safepoint: 6346 ns, Total: 121619 ns
[2020-09-10T17:17:48.342+0000][1][safepoint    ] Safepoint "Cleanup", Time since last: 1000202696 ns, Reaching safepoint: 93559 ns, At safepoint: 8719 ns, Total: 102278 ns
[2020-09-10T17:17:50.342+0000][1][safepoint    ] Safepoint "Cleanup", Time since last: 2000277325 ns, Reaching safepoint: 140499 ns, At safepoint: 18753 ns, Total: 159252 ns
[2020-09-10T17:17:52.343+0000][1][safepoint    ] Safepoint "Cleanup", Time since last: 2000341023 ns, Reaching safepoint: 203597 ns, At safepoint: 16494 ns, Total: 220091 ns
[2020-09-10T17:17:53.343+0000][1][safepoint    ] Safepoint "Cleanup", Time since last: 1000210246 ns, Reaching safepoint: 107459 ns, At safepoint: 7581 ns, Total: 115040 ns
[2020-09-10T17:17:54.343+0000][1][safepoint    ] Safepoint "Cleanup", Time since last: 1000138886 ns, Reaching safepoint: 112046 ns, At safepoint: 5812 ns, Total: 117858 ns
[2020-09-10T17:17:55.344+0000][1][safepoint    ] Safepoint "Cleanup", Time since last: 1000184698 ns, Reaching safepoint: 91891 ns, At safepoint: 5766 ns, Total: 97657 ns
[2020-09-10T17:17:56.344+0000][1][safepoint    ] Safepoint "Cleanup", Time since last: 1000169266 ns, Reaching safepoint: 146880 ns, At safepoint: 17049 ns, Total: 163929 ns
[2020-09-10T17:17:57.344+0000][1][safepoint    ] Safepoint "Cleanup", Time since last: 1000227393 ns, Reaching safepoint: 99090 ns, At safepoint: 6534 ns, Total: 105624 ns
[2020-09-10T17:17:58.344+0000][1][safepoint    ] Safepoint "Cleanup", Time since last: 1000150949 ns, Reaching safepoint: 109218 ns, At safepoint: 7335 ns, Total: 116553 ns
[2020-09-10T17:17:59.345+0000][1][safepoint    ] Safepoint "Cleanup", Time since last: 1000174867 ns, Reaching safepoint: 137355 ns, At safepoint: 16518 ns, Total: 153873 ns
[2020-09-10T17:18:00.345+0000][1][safepoint    ] Safepoint "Cleanup", Time since last: 1000184421 ns, Reaching safepoint: 114242 ns, At safepoint: 7023 ns, Total: 121265 ns
[2020-09-10T17:18:01.345+0000][1][safepoint    ] Safepoint "Cleanup", Time since last: 1000181494 ns, Reaching safepoint: 145929 ns, At safepoint: 17680 ns, Total: 163609 ns
[2020-09-10T17:18:02.346+0000][1][safepoint    ] Safepoint "Cleanup", Time since last: 1000212281 ns, Reaching safepoint: 175864 ns, At safepoint: 18963 ns, Total: 194827 ns
[2020-09-10T17:18:02.395+0000][1][gc,start     ] GC(70) Pause Young (Allocation Failure)
[2020-09-10T17:18:02.395+0000][1][gc,task      ] GC(70) Using 1 workers of 1 for evacuation
[2020-09-10T17:18:02.419+0000][1][gc,age       ] GC(70) Desired survivor size 4358144 bytes, new threshold 6 (max threshold 6)
[2020-09-10T17:18:02.419+0000][1][gc,age       ] GC(70) Age table with threshold 6 (max threshold 6)
[2020-09-10T17:18:02.419+0000][1][gc,age       ] GC(70) - age   1:      38424 bytes,      38424 total
[2020-09-10T17:18:02.419+0000][1][gc,age       ] GC(70) - age   2:      87744 bytes,     126168 total
[2020-09-10T17:18:02.419+0000][1][gc,age       ] GC(70) - age   3:     249208 bytes,     375376 total
[2020-09-10T17:18:02.419+0000][1][gc,age       ] GC(70) - age   4:    1945848 bytes,    2321224 total
[2020-09-10T17:18:02.419+0000][1][gc,age       ] GC(70) - age   5:    1636768 bytes,    3957992 total
[2020-09-10T17:18:02.419+0000][1][gc,heap      ] GC(70) ParNew: 72205K->3900K(76672K)
[2020-09-10T17:18:02.419+0000][1][gc,heap      ] GC(70) CMS: 96753K->96753K(2011968K)
[2020-09-10T17:18:02.419+0000][1][gc,metaspace ] GC(70) Metaspace: 83951K->83951K(1126400K)
[2020-09-10T17:18:02.419+0000][1][gc           ] GC(70) Pause Young (Allocation Failure) 164M->98M(2039M) 24.138ms
[2020-09-10T17:18:02.419+0000][1][gc,cpu       ] GC(70) User=0.02s Sys=0.01s Real=0.03s
[2020-09-10T17:18:02.420+0000][1][safepoint    ] Safepoint "GenCollectForAllocation", Time since last: 48654443 ns, Reaching safepoint: 191227 ns, At safepoint: 25335206 ns, Total: 25526433 ns
[2020-09-10T17:18:03.424+0000][1][safepoint    ] Safepoint "Cleanup", Time since last: 1004018727 ns, Reaching safepoint: 136840 ns, At safepoint: 17510 ns, Total: 154350 ns
[2020-09-10T17:18:04.425+0000][1][safepoint    ] Safepoint "Cleanup", Time since last: 1000204276 ns, Reaching safepoint: 107657 ns, At safepoint: 5417 ns, Total: 113074 ns
[2020-09-10T17:18:05.425+0000][1][safepoint    ] Safepoint "Cleanup", Time since last: 1000149948 ns, Reaching safepoint: 121468 ns, At safepoint: 5799 ns, Total: 127267 ns
[2020-09-10T17:18:06.425+0000][1][safepoint    ] Safepoint "Cleanup", Time since last: 1000138902 ns, Reaching safepoint: 140807 ns, At safepoint: 12642 ns, Total: 153449 ns
[2020-09-10T17:18:07.425+0000][1][safepoint    ] Safepoint "Cleanup", Time since last: 1000176321 ns, Reaching safepoint: 183667 ns, At safepoint: 7115 ns, Total: 190782 ns
[2020-09-10T17:18:08.426+0000][1][safepoint    ] Safepoint "Cleanup", Time since last: 1000204292 ns, Reaching safepoint: 102269 ns, At safepoint: 6733 ns, Total: 109002 ns
[2020-09-10T17:18:09.426+0000][1][safepoint    ] Safepoint "Cleanup", Time since last: 1000143904 ns, Reaching safepoint: 126026 ns, At safepoint: 16284 ns, Total: 142310 ns
[2020-09-10T17:18:10.426+0000][1][safepoint    ] Safepoint "Cleanup", Time since last: 1000226376 ns, Reaching safepoint: 144288 ns, At safepoint: 16698 ns, Total: 160986 ns
[2020-09-10T17:18:11.427+0000][1][safepoint    ] Safepoint "Cleanup", Time since last: 1000194653 ns, Reaching safepoint: 115245 ns, At safepoint: 7223 ns, Total: 122468 ns
[2020-09-10T17:18:12.431+0000][1][safepoint    ] Safepoint "Cleanup", Time since last: 1003893950 ns, Reaching safepoint: 266552 ns, At safepoint: 19317 ns, Total: 285869 ns
[2020-09-10T17:18:13.431+0000][1][safepoint    ] Safepoint "Cleanup", Time since last: 1000208763 ns, Reaching safepoint: 147341 ns, At safepoint: 17667 ns, Total: 165008 ns
[2020-09-10T17:18:14.432+0000][1][safepoint    ] Safepoint "Cleanup", Time since last: 1000222095 ns, Reaching safepoint: 112357 ns, At safepoint: 6884 ns, Total: 119241 ns
[2020-09-10T17:18:15.432+0000][1][safepoint    ] Safepoint "Cleanup", Time since last: 1000164632 ns, Reaching safepoint: 104446 ns, At safepoint: 7242 ns, Total: 111688 ns
[2020-09-10T17:18:17.432+0000][1][safepoint    ] Safepoint "Cleanup", Time since last: 2000317850 ns, Reaching safepoint: 135097 ns, At safepoint: 16815 ns, Total: 151912 ns
[2020-09-10T17:18:20.433+0000][1][safepoint    ] Safepoint "Cleanup", Time since last: 3000468783 ns, Reaching safepoint: 134442 ns, At safepoint: 17336 ns, Total: 151778 ns
[2020-09-10T17:18:21.433+0000][1][safepoint    ] Safepoint "Cleanup", Time since last: 1000192630 ns, Reaching safepoint: 113176 ns, At safepoint: 7014 ns, Total: 120190 ns
[2020-09-10T17:18:22.434+0000][1][safepoint    ] Safepoint "Cleanup", Time since last: 1000172655 ns, Reaching safepoint: 169061 ns, At safepoint: 13882 ns, Total: 182943 ns
[2020-09-10T17:18:26.435+0000][1][safepoint    ] Safepoint "Cleanup", Time since last: 4000623220 ns, Reaching safepoint: 140442 ns, At safepoint: 17905 ns, Total: 158347 ns
[2020-09-10T17:18:27.435+0000][1][safepoint    ] Safepoint "Cleanup", Time since last: 1000222001 ns, Reaching safepoint: 91925 ns, At safepoint: 7393 ns, Total: 99318 ns
[2020-09-10T17:18:28.120+0000][1][safepoint    ] Safepoint "RevokeBias", Time since last: 685141825 ns, Reaching safepoint: 138562 ns, At safepoint: 8409 ns, Total: 146971 ns
[2020-09-10T17:18:28.120+0000][1][safepoint    ] Safepoint "RevokeBias", Time since last: 92366 ns, Reaching safepoint: 100467 ns, At safepoint: 6709 ns, Total: 107176 ns
[2020-09-10T17:18:28.130+0000][1][safepoint    ] Safepoint "BulkRevokeBias", Time since last: 5133691 ns, Reaching safepoint: 4591072 ns, At safepoint: 168084 ns, Total: 4759156 ns
[2020-09-10T17:18:28.134+0000][1][safepoint    ] Safepoint "RevokeBias", Time since last: 2496070 ns, Reaching safepoint: 1008473 ns, At safepoint: 10036 ns, Total: 1018509 ns
[2020-09-10T17:18:28.136+0000][1][safepoint    ] Safepoint "RevokeBias", Time since last: 1798995 ns, Reaching safepoint: 227556 ns, At safepoint: 7723 ns, Total: 235279 ns
[2020-09-10T17:18:28.136+0000][1][safepoint    ] Safepoint "RevokeBias", Time since last: 84483 ns, Reaching safepoint: 396740 ns, At safepoint: 6668 ns, Total: 403408 ns
[2020-09-10T17:18:28.137+0000][1][safepoint    ] Safepoint "RevokeBias", Time since last: 45283 ns, Reaching safepoint: 429383 ns, At safepoint: 7112 ns, Total: 436495 ns
[2020-09-10T17:18:28.138+0000][1][safepoint    ] Safepoint "RevokeBias", Time since last: 201761 ns, Reaching safepoint: 1250959 ns, At safepoint: 11031 ns, Total: 1261990 ns
[2020-09-10T17:18:28.141+0000][1][safepoint    ] Safepoint "RevokeBias", Time since last: 2291600 ns, Reaching safepoint: 739445 ns, At safepoint: 7954 ns, Total: 747399 ns
[2020-09-10T17:18:28.149+0000][1][safepoint    ] Safepoint "RevokeBias", Time since last: 6035725 ns, Reaching safepoint: 1789866 ns, At safepoint: 15202 ns, Total: 1805068 ns
[2020-09-10T17:18:28.151+0000][1][safepoint    ] Safepoint "RevokeBias", Time since last: 1432189 ns, Reaching safepoint: 127944 ns, At safepoint: 288253 ns, Total: 416197 ns
[2020-09-10T17:18:28.155+0000][1][safepoint    ] Safepoint "RevokeBias", Time since last: 58910 ns, Reaching safepoint: 3761149 ns, At safepoint: 15800 ns, Total: 3776949 ns
[2020-09-10T17:18:28.155+0000][1][safepoint    ] Safepoint "RevokeBias", Time since last: 101963 ns, Reaching safepoint: 418729 ns, At safepoint: 8372 ns, Total: 427101 ns
[2020-09-10T17:18:28.158+0000][1][safepoint    ] Safepoint "RevokeBias", Time since last: 98627 ns, Reaching safepoint: 2782029 ns, At safepoint: 13343 ns, Total: 2795372 ns
[2020-09-10T17:18:28.159+0000][1][safepoint    ] Safepoint "RevokeBias", Time since last: 79318 ns, Reaching safepoint: 419145 ns, At safepoint: 8198 ns, Total: 427343 ns
[2020-09-10T17:18:28.159+0000][1][safepoint    ] Safepoint "RevokeBias", Time since last: 56596 ns, Reaching safepoint: 155487 ns, At safepoint: 25138 ns, Total: 180625 ns
[2020-09-10T17:18:28.159+0000][1][safepoint    ] Safepoint "RevokeBias", Time since last: 196311 ns, Reaching safepoint: 348372 ns, At safepoint: 8192 ns, Total: 356564 ns
[2020-09-10T17:18:28.161+0000][1][safepoint    ] Safepoint "RevokeBias", Time since last: 894473 ns, Reaching safepoint: 199400 ns, At safepoint: 7200 ns, Total: 206600 ns
[2020-09-10T17:18:28.491+0000][1][safepoint    ] Safepoint "RevokeBias", Time since last: 330082948 ns, Reaching safepoint: 171596 ns, At safepoint: 9108 ns, Total: 180704 ns
[2020-09-10T17:18:28.491+0000][1][safepoint    ] Safepoint "RevokeBias", Time since last: 270005 ns, Reaching safepoint: 25425 ns, At safepoint: 4742 ns, Total: 30167 ns
[2020-09-10T17:18:28.493+0000][1][safepoint    ] Safepoint "RevokeBias", Time since last: 1370158 ns, Reaching safepoint: 33979 ns, At safepoint: 6656 ns, Total: 40635 ns
[2020-09-10T17:18:28.493+0000][1][safepoint    ] Safepoint "RevokeBias", Time since last: 60281 ns, Reaching safepoint: 20577 ns, At safepoint: 4876 ns, Total: 25453 ns
[2020-09-10T17:18:28.493+0000][1][safepoint    ] Safepoint "RevokeBias", Time since last: 44422 ns, Reaching safepoint: 19771 ns, At safepoint: 4711 ns, Total: 24482 ns
[2020-09-10T17:18:28.493+0000][1][safepoint    ] Safepoint "RevokeBias", Time since last: 127987 ns, Reaching safepoint: 21943 ns, At safepoint: 4674 ns, Total: 26617 ns
[2020-09-10T17:18:28.493+0000][1][safepoint    ] Safepoint "RevokeBias", Time since last: 30812 ns, Reaching safepoint: 18616 ns, At safepoint: 3996 ns, Total: 22612 ns
[2020-09-10T17:18:28.493+0000][1][safepoint    ] Safepoint "RevokeBias", Time since last: 308803 ns, Reaching safepoint: 21790 ns, At safepoint: 4914 ns, Total: 26704 ns
[2020-09-10T17:18:28.495+0000][1][safepoint    ] Safepoint "RevokeBias", Time since last: 1794934 ns, Reaching safepoint: 26649 ns, At safepoint: 5247 ns, Total: 31896 ns
[2020-09-10T17:18:28.505+0000][1][safepoint    ] Safepoint "RevokeBias", Time since last: 8710296 ns, Reaching safepoint: 1238992 ns, At safepoint: 10071 ns, Total: 1249063 ns
[2020-09-10T17:18:28.507+0000][1][safepoint    ] Safepoint "RevokeBias", Time since last: 442499 ns, Reaching safepoint: 1222891 ns, At safepoint: 10134 ns, Total: 1233025 ns
[2020-09-10T17:18:28.507+0000][1][safepoint    ] Safepoint "RevokeBias", Time since last: 82316 ns, Reaching safepoint: 98035 ns, At safepoint: 6989 ns, Total: 105024 ns
[2020-09-10T17:18:28.507+0000][1][safepoint    ] Safepoint "RevokeBias", Time since last: 65292 ns, Reaching safepoint: 19689 ns, At safepoint: 11685 ns, Total: 31374 ns
[2020-09-10T17:18:28.507+0000][1][safepoint    ] Safepoint "RevokeBias", Time since last: 61229 ns, Reaching safepoint: 19450 ns, At safepoint: 4268 ns, Total: 23718 ns
[2020-09-10T17:18:28.511+0000][1][safepoint    ] Safepoint "RevokeBias", Time since last: 2078326 ns, Reaching safepoint: 1511223 ns, At safepoint: 22655 ns, Total: 1533878 ns
[2020-09-10T17:18:28.515+0000][1][safepoint    ] Safepoint "RevokeBias", Time since last: 796018 ns, Reaching safepoint: 3239391 ns, At safepoint: 33046 ns, Total: 3272437 ns
[2020-09-10T17:18:28.537+0000][1][safepoint    ] Safepoint "RevokeBias", Time since last: 10404564 ns, Reaching safepoint: 1601088 ns, At safepoint: 10448375 ns, Total: 12049463 ns
[2020-09-10T17:18:28.539+0000][1][safepoint    ] Safepoint "RevokeBias", Time since last: 812162 ns, Reaching safepoint: 692344 ns, At safepoint: 31132 ns, Total: 723476 ns
[2020-09-10T17:18:28.543+0000][1][safepoint    ] Safepoint "RevokeBias", Time since last: 605004 ns, Reaching safepoint: 3273100 ns, At safepoint: 75003 ns, Total: 3348103 ns
[2020-09-10T17:18:28.544+0000][1][safepoint    ] Safepoint "RevokeBias", Time since last: 1102213 ns, Reaching safepoint: 345384 ns, At safepoint: 23776 ns, Total: 369160 ns
[2020-09-10T17:18:28.553+0000][1][safepoint    ] Safepoint "RevokeBias", Time since last: 8065255 ns, Reaching safepoint: 388422 ns, At safepoint: 39785 ns, Total: 428207 ns
[2020-09-10T17:18:28.559+0000][1][safepoint    ] Safepoint "RevokeBias", Time since last: 970862 ns, Reaching safepoint: 4883596 ns, At safepoint: 41645 ns, Total: 4925241 ns
[2020-09-10T17:18:28.562+0000][1][safepoint    ] Safepoint "RevokeBias", Time since last: 1369757 ns, Reaching safepoint: 1693090 ns, At safepoint: 162213 ns, Total: 1855303 ns
[2020-09-10T17:18:28.568+0000][1][safepoint    ] Safepoint "RevokeBias", Time since last: 5178979 ns, Reaching safepoint: 523861 ns, At safepoint: 21974 ns, Total: 545835 ns
[2020-09-10T17:18:28.569+0000][1][safepoint    ] Safepoint "RevokeBias", Time since last: 413107 ns, Reaching safepoint: 1181806 ns, At safepoint: 22456 ns, Total: 1204262 ns
[2020-09-10T17:18:28.571+0000][1][safepoint    ] Safepoint "RevokeBias", Time since last: 837962 ns, Reaching safepoint: 783600 ns, At safepoint: 36012 ns, Total: 819612 ns
[2020-09-10T17:18:28.576+0000][1][safepoint    ] Safepoint "RevokeBias", Time since last: 257510 ns, Reaching safepoint: 4774548 ns, At safepoint: 44101 ns, Total: 4818649 ns
[2020-09-10T17:18:28.576+0000][1][safepoint    ] Safepoint "RevokeBias", Time since last: 209205 ns, Reaching safepoint: 180049 ns, At safepoint: 27309 ns, Total: 207358 ns
[2020-09-10T17:18:28.579+0000][1][safepoint    ] Safepoint "BulkRevokeBias", Time since last: 382993 ns, Reaching safepoint: 2088804 ns, At safepoint: 192569 ns, Total: 2281373 ns
[2020-09-10T17:18:28.630+0000][1][safepoint    ] Safepoint "BulkRevokeBias", Time since last: 49483535 ns, Reaching safepoint: 1190846 ns, At safepoint: 150992 ns, Total: 1341838 ns
[2020-09-10T17:18:28.658+0000][1][safepoint    ] Safepoint "RevokeBias", Time since last: 27684134 ns, Reaching safepoint: 502804 ns, At safepoint: 16310 ns, Total: 519114 ns
[2020-09-10T17:18:28.660+0000][1][safepoint    ] Safepoint "RevokeBias", Time since last: 1770619 ns, Reaching safepoint: 636038 ns, At safepoint: 12406 ns, Total: 648444 ns
[2020-09-10T17:18:28.662+0000][1][safepoint    ] Safepoint "RevokeBias", Time since last: 525533 ns, Reaching safepoint: 827251 ns, At safepoint: 24782 ns, Total: 852033 ns
[2020-09-10T17:18:28.662+0000][1][safepoint    ] Safepoint "RevokeBias", Time since last: 85309 ns, Reaching safepoint: 475191 ns, At safepoint: 13741 ns, Total: 488932 ns
[2020-09-10T17:18:28.663+0000][1][safepoint    ] Safepoint "RevokeBias", Time since last: 423703 ns, Reaching safepoint: 137753 ns, At safepoint: 24271 ns, Total: 162024 ns
[2020-09-10T17:18:28.669+0000][1][safepoint    ] Safepoint "RevokeBias", Time since last: 788877 ns, Reaching safepoint: 5437883 ns, At safepoint: 38964 ns, Total: 5476847 ns
[2020-09-10T17:18:28.695+0000][1][safepoint    ] Safepoint "RevokeBias", Time since last: 22117991 ns, Reaching safepoint: 3412750 ns, At safepoint: 28113 ns, Total: 3440863 ns
[2020-09-10T17:18:28.699+0000][1][safepoint    ] Safepoint "RevokeBias", Time since last: 53373 ns, Reaching safepoint: 3938539 ns, At safepoint: 36651 ns, Total: 3975190 ns
[2020-09-10T17:18:28.699+0000][1][safepoint    ] Safepoint "RevokeBias", Time since last: 109692 ns, Reaching safepoint: 100186 ns, At safepoint: 15008 ns, Total: 115194 ns
[2020-09-10T17:18:28.699+0000][1][safepoint    ] Safepoint "RevokeBias", Time since last: 45350 ns, Reaching safepoint: 95084 ns, At safepoint: 14728 ns, Total: 109812 ns
[2020-09-10T17:18:28.699+0000][1][safepoint    ] Safepoint "RevokeBias", Time since last: 42578 ns, Reaching safepoint: 93976 ns, At safepoint: 13843 ns, Total: 107819 ns
[2020-09-10T17:18:28.699+0000][1][safepoint    ] Safepoint "RevokeBias", Time since last: 34152 ns, Reaching safepoint: 95897 ns, At safepoint: 13108 ns, Total: 109005 ns
[2020-09-10T17:18:28.700+0000][1][safepoint    ] Safepoint "RevokeBias", Time since last: 122721 ns, Reaching safepoint: 228759 ns, At safepoint: 14157 ns, Total: 242916 ns
[2020-09-10T17:18:28.700+0000][1][safepoint    ] Safepoint "RevokeBias", Time since last: 55296 ns, Reaching safepoint: 169416 ns, At safepoint: 18032 ns, Total: 187448 ns
[2020-09-10T17:18:28.700+0000][1][safepoint    ] Safepoint "RevokeBias", Time since last: 55649 ns, Reaching safepoint: 166229 ns, At safepoint: 21860 ns, Total: 188089 ns
[2020-09-10T17:18:28.702+0000][1][safepoint    ] Safepoint "RevokeBias", Time since last: 922571 ns, Reaching safepoint: 355181 ns, At safepoint: 22954 ns, Total: 378135 ns
[2020-09-10T17:18:28.702+0000][1][safepoint    ] Safepoint "RevokeBias", Time since last: 51519 ns, Reaching safepoint: 163626 ns, At safepoint: 22692 ns, Total: 186318 ns
[2020-09-10T17:18:28.703+0000][1][safepoint    ] Safepoint "RevokeBias", Time since last: 37964 ns, Reaching safepoint: 792058 ns, At safepoint: 25500 ns, Total: 817558 ns
[2020-09-10T17:18:28.704+0000][1][safepoint    ] Safepoint "RevokeBias", Time since last: 35876 ns, Reaching safepoint: 1699941 ns, At safepoint: 34620 ns, Total: 1734561 ns
[2020-09-10T17:18:28.706+0000][1][safepoint    ] Safepoint "RevokeBias", Time since last: 90154 ns, Reaching safepoint: 1254305 ns, At safepoint: 27831 ns, Total: 1282136 ns
[2020-09-10T17:18:28.706+0000][1][safepoint    ] Safepoint "RevokeBias", Time since last: 57759 ns, Reaching safepoint: 96080 ns, At safepoint: 28060 ns, Total: 124140 ns
[2020-09-10T17:18:28.706+0000][1][safepoint    ] Safepoint "RevokeBias", Time since last: 62855 ns, Reaching safepoint: 233080 ns, At safepoint: 23210 ns, Total: 256290 ns
[2020-09-10T17:18:28.712+0000][1][safepoint    ] Safepoint "RevokeBias", Time since last: 5565186 ns, Reaching safepoint: 139120 ns, At safepoint: 32841 ns, Total: 171961 ns
[2020-09-10T17:18:28.713+0000][1][safepoint    ] Safepoint "RevokeBias", Time since last: 83484 ns, Reaching safepoint: 1021334 ns, At safepoint: 28794 ns, Total: 1050128 ns
[2020-09-10T17:18:28.716+0000][1][safepoint    ] Safepoint "RevokeBias", Time since last: 1452450 ns, Reaching safepoint: 1046319 ns, At safepoint: 21840 ns, Total: 1068159 ns
[2020-09-10T17:18:28.727+0000][1][safepoint    ] Safepoint "RevokeBias", Time since last: 10668142 ns, Reaching safepoint: 180582 ns, At safepoint: 22368 ns, Total: 202950 ns
[2020-09-10T17:18:28.739+0000][1][safepoint    ] Safepoint "RevokeBias", Time since last: 12192633 ns, Reaching safepoint: 561005 ns, At safepoint: 21213 ns, Total: 582218 ns
[2020-09-10T17:18:28.757+0000][1][safepoint    ] Safepoint "RevokeBias", Time since last: 15744259 ns, Reaching safepoint: 2113930 ns, At safepoint: 27984 ns, Total: 2141914 ns
[2020-09-10T17:18:28.759+0000][1][safepoint    ] Safepoint "RevokeBias", Time since last: 155036 ns, Reaching safepoint: 1276441 ns, At safepoint: 21803 ns, Total: 1298244 ns
[2020-09-10T17:18:28.761+0000][1][safepoint    ] Safepoint "RevokeBias", Time since last: 62684 ns, Reaching safepoint: 2189971 ns, At safepoint: 35581 ns, Total: 2225552 ns
[2020-09-10T17:18:28.762+0000][1][safepoint    ] Safepoint "RevokeBias", Time since last: 102940 ns, Reaching safepoint: 587090 ns, At safepoint: 21831 ns, Total: 608921 ns
[2020-09-10T17:18:28.763+0000][1][safepoint    ] Safepoint "RevokeBias", Time since last: 948313 ns, Reaching safepoint: 108307 ns, At safepoint: 18770 ns, Total: 127077 ns
[2020-09-10T17:18:28.767+0000][1][safepoint    ] Safepoint "RevokeBias", Time since last: 320286 ns, Reaching safepoint: 4230453 ns, At safepoint: 23550 ns, Total: 4254003 ns
[2020-09-10T17:18:28.769+0000][1][safepoint    ] Safepoint "RevokeBias", Time since last: 178157 ns, Reaching safepoint: 1140066 ns, At safepoint: 21850 ns, Total: 1161916 ns
[2020-09-10T17:18:28.775+0000][1][safepoint    ] Safepoint "RevokeBias", Time since last: 5988604 ns, Reaching safepoint: 129518 ns, At safepoint: 12204 ns, Total: 141722 ns
[2020-09-10T17:18:28.793+0000][1][safepoint    ] Safepoint "RevokeBias", Time since last: 17724717 ns, Reaching safepoint: 261654 ns, At safepoint: 21791 ns, Total: 283445 ns
[2020-09-10T17:18:28.795+0000][1][safepoint    ] Safepoint "RevokeBias", Time since last: 164546 ns, Reaching safepoint: 1678292 ns, At safepoint: 23175 ns, Total: 1701467 ns
[2020-09-10T17:18:28.833+0000][1][safepoint    ] Safepoint "RevokeBias", Time since last: 38175598 ns, Reaching safepoint: 364825 ns, At safepoint: 9247 ns, Total: 374072 ns
[2020-09-10T17:18:28.835+0000][1][safepoint    ] Safepoint "RevokeBias", Time since last: 431321 ns, Reaching safepoint: 1466745 ns, At safepoint: 9188 ns, Total: 1475933 ns
[2020-09-10T17:18:28.863+0000][1][safepoint    ] Safepoint "RevokeBias", Time since last: 27562416 ns, Reaching safepoint: 121052 ns, At safepoint: 9679 ns, Total: 130731 ns
[2020-09-10T17:18:28.894+0000][1][safepoint    ] Safepoint "RevokeBias", Time since last: 31005502 ns, Reaching safepoint: 93947 ns, At safepoint: 6838 ns, Total: 100785 ns
[2020-09-10T17:18:28.894+0000][1][safepoint    ] Safepoint "RevokeBias", Time since last: 73387 ns, Reaching safepoint: 82648 ns, At safepoint: 4797 ns, Total: 87445 ns
[2020-09-10T17:18:28.915+0000][1][safepoint    ] Safepoint "RevokeBias", Time since last: 20926321 ns, Reaching safepoint: 307221 ns, At safepoint: 22476 ns, Total: 329697 ns
[2020-09-10T17:18:28.935+0000][1][safepoint    ] Safepoint "RevokeBias", Time since last: 19284578 ns, Reaching safepoint: 105066 ns, At safepoint: 6609 ns, Total: 111675 ns
[2020-09-10T17:18:28.943+0000][1][gc,heap,exit ] Heap
[2020-09-10T17:18:28.943+0000][1][gc,heap,exit ]  par new generation   total 76672K, used 49564K [0x0000000080000000, 0x0000000085330000, 0x0000000085330000)
[2020-09-10T17:18:28.943+0000][1][gc,heap,exit ]   eden space 68160K,  66% used [0x0000000080000000, 0x0000000082c980a8, 0x0000000084290000)
[2020-09-10T17:18:28.943+0000][1][gc,heap,exit ]   from space 8512K,  45% used [0x0000000084290000, 0x000000008465f298, 0x0000000084ae0000)
[2020-09-10T17:18:28.943+0000][1][gc,heap,exit ]   to   space 8512K,   0% used [0x0000000084ae0000, 0x0000000084ae0000, 0x0000000085330000)
[2020-09-10T17:18:28.943+0000][1][gc,heap,exit ]  concurrent mark-sweep generation total 2011968K, used 96753K [0x0000000085330000, 0x0000000100000000, 0x0000000100000000)
[2020-09-10T17:18:28.943+0000][1][gc,heap,exit ]  Metaspace       used 84436K, capacity 90996K, committed 91224K, reserved 1126400K
[2020-09-10T17:18:28.943+0000][1][gc,heap,exit ]   class space    used 11242K, capacity 13952K, committed 14008K, reserved 1048576K
