[2020-09-11T14:31:17.176+0000][1][gc] Using Concurrent Mark Sweep
[2020-09-11T14:31:17.176+0000][1][gc,heap,coops] Heap address: 0x0000000080000000, size: 2048 MB, Compressed Oops mode: 32-bit
[2020-09-11T14:31:17.236+0000][1][safepoint    ] Safepoint "EnableBiasedLocking", Time since last: 50656776 ns, Reaching safepoint: 180968 ns, At safepoint: 34142 ns, Total: 215110 ns
[2020-09-11T14:31:17.241+0000][1][safepoint    ] Safepoint "RevokeBias", Time since last: 5513194 ns, Reaching safepoint: 136687 ns, At safepoint: 33347 ns, Total: 170034 ns
[2020-09-11T14:31:17.253+0000][1][safepoint    ] Safepoint "Deoptimize", Time since last: 11473903 ns, Reaching safepoint: 135334 ns, At safepoint: 20510 ns, Total: 155844 ns
[2020-09-11T14:31:17.423+0000][1][safepoint    ] Safepoint "Deoptimize", Time since last: 170275456 ns, Reaching safepoint: 104185 ns, At safepoint: 30172 ns, Total: 134357 ns
[2020-09-11T14:31:17.430+0000][1][safepoint    ] Safepoint "Deoptimize", Time since last: 6144406 ns, Reaching safepoint: 88981 ns, At safepoint: 31471 ns, Total: 120452 ns
[2020-09-11T14:31:17.486+0000][1][safepoint    ] Safepoint "Deoptimize", Time since last: 56260622 ns, Reaching safepoint: 141808 ns, At safepoint: 35629 ns, Total: 177437 ns
[2020-09-11T14:31:18.024+0000][1][safepoint    ] Safepoint "Deoptimize", Time since last: 537419552 ns, Reaching safepoint: 139649 ns, At safepoint: 61246 ns, Total: 200895 ns
[2020-09-11T14:31:18.098+0000][1][safepoint    ] Safepoint "Deoptimize", Time since last: 74379567 ns, Reaching safepoint: 139178 ns, At safepoint: 68154 ns, Total: 207332 ns
[2020-09-11T14:31:18.190+0000][1][safepoint    ] Safepoint "Deoptimize", Time since last: 91579971 ns, Reaching safepoint: 154087 ns, At safepoint: 73307 ns, Total: 227394 ns
[2020-09-11T14:31:18.632+0000][1][safepoint    ] Safepoint "Deoptimize", Time since last: 442162628 ns, Reaching safepoint: 124438 ns, At safepoint: 83425 ns, Total: 207863 ns
[2020-09-11T14:31:19.337+0000][1][safepoint    ] Safepoint "Deoptimize", Time since last: 704071630 ns, Reaching safepoint: 104536 ns, At safepoint: 90181 ns, Total: 194717 ns
[2020-09-11T14:31:19.804+0000][1][safepoint    ] Safepoint "Deoptimize", Time since last: 466793122 ns, Reaching safepoint: 121586 ns, At safepoint: 111697 ns, Total: 233283 ns
[2020-09-11T14:31:19.804+0000][1][safepoint    ] Safepoint "Deoptimize", Time since last: 176159 ns, Reaching safepoint: 9959 ns, At safepoint: 97005 ns, Total: 106964 ns
[2020-09-11T14:31:19.871+0000][1][safepoint    ] Safepoint "Deoptimize", Time since last: 67086036 ns, Reaching safepoint: 151798 ns, At safepoint: 150601 ns, Total: 302399 ns
[2020-09-11T14:31:19.874+0000][1][safepoint    ] Safepoint "Deoptimize", Time since last: 2310408 ns, Reaching safepoint: 137554 ns, At safepoint: 102483 ns, Total: 240037 ns
[2020-09-11T14:31:19.893+0000][1][safepoint    ] Safepoint "RevokeBias", Time since last: 18758165 ns, Reaching safepoint: 218685 ns, At safepoint: 37483 ns, Total: 256168 ns
[2020-09-11T14:31:19.896+0000][1][safepoint    ] Safepoint "RevokeBias", Time since last: 2527198 ns, Reaching safepoint: 337782 ns, At safepoint: 33698 ns, Total: 371480 ns
[2020-09-11T14:31:19.896+0000][1][safepoint    ] Safepoint "RevokeBias", Time since last: 72937 ns, Reaching safepoint: 90500 ns, At safepoint: 27585 ns, Total: 118085 ns
[2020-09-11T14:31:19.896+0000][1][safepoint    ] Safepoint "RevokeBias", Time since last: 133579 ns, Reaching safepoint: 150108 ns, At safepoint: 27283 ns, Total: 177391 ns
[2020-09-11T14:31:19.897+0000][1][safepoint    ] Safepoint "RevokeBias", Time since last: 292214 ns, Reaching safepoint: 85081 ns, At safepoint: 24985 ns, Total: 110066 ns
[2020-09-11T14:31:20.597+0000][1][gc,start     ] GC(0) Pause Young (Allocation Failure)
[2020-09-11T14:31:20.597+0000][1][gc,task      ] GC(0) Using 1 workers of 1 for evacuation
[2020-09-11T14:31:20.629+0000][1][gc,age       ] GC(0) Desired survivor size 4358144 bytes, new threshold 1 (max threshold 6)
[2020-09-11T14:31:20.629+0000][1][gc,age       ] GC(0) Age table with threshold 1 (max threshold 6)
[2020-09-11T14:31:20.629+0000][1][gc,age       ] GC(0) - age   1:    6319744 bytes,    6319744 total
[2020-09-11T14:31:20.629+0000][1][gc,heap      ] GC(0) ParNew: 68160K->6204K(76672K)
[2020-09-11T14:31:20.629+0000][1][gc,heap      ] GC(0) CMS: 0K->0K(2011968K)
[2020-09-11T14:31:20.629+0000][1][gc,metaspace ] GC(0) Metaspace: 13353K->13353K(1060864K)
[2020-09-11T14:31:20.629+0000][1][gc           ] GC(0) Pause Young (Allocation Failure) 66M->6M(2039M) 31.875ms
[2020-09-11T14:31:20.629+0000][1][gc,cpu       ] GC(0) User=0.02s Sys=0.00s Real=0.03s
[2020-09-11T14:31:20.635+0000][1][safepoint    ] Safepoint "GenCollectForAllocation", Time since last: 700444050 ns, Reaching safepoint: 140779 ns, At safepoint: 38131407 ns, Total: 38272186 ns
[2020-09-11T14:31:20.643+0000][1][safepoint    ] Safepoint "RevokeBias", Time since last: 7083717 ns, Reaching safepoint: 103698 ns, At safepoint: 68040 ns, Total: 171738 ns
[2020-09-11T14:31:20.643+0000][1][safepoint    ] Safepoint "RevokeBias", Time since last: 105178 ns, Reaching safepoint: 80505 ns, At safepoint: 33284 ns, Total: 113789 ns
[2020-09-11T14:31:20.643+0000][1][safepoint    ] Safepoint "RevokeBias", Time since last: 42584 ns, Reaching safepoint: 78627 ns, At safepoint: 32496 ns, Total: 111123 ns
[2020-09-11T14:31:20.643+0000][1][safepoint    ] Safepoint "RevokeBias", Time since last: 28738 ns, Reaching safepoint: 78025 ns, At safepoint: 32027 ns, Total: 110052 ns
[2020-09-11T14:31:20.643+0000][1][safepoint    ] Safepoint "RevokeBias", Time since last: 33395 ns, Reaching safepoint: 93538 ns, At safepoint: 41755 ns, Total: 135293 ns
[2020-09-11T14:31:20.644+0000][1][safepoint    ] Safepoint "RevokeBias", Time since last: 57736 ns, Reaching safepoint: 87669 ns, At safepoint: 32290 ns, Total: 119959 ns
[2020-09-11T14:31:20.644+0000][1][safepoint    ] Safepoint "RevokeBias", Time since last: 33754 ns, Reaching safepoint: 77117 ns, At safepoint: 31908 ns, Total: 109025 ns
[2020-09-11T14:31:20.644+0000][1][safepoint    ] Safepoint "RevokeBias", Time since last: 26174 ns, Reaching safepoint: 77777 ns, At safepoint: 32543 ns, Total: 110320 ns
[2020-09-11T14:31:20.644+0000][1][safepoint    ] Safepoint "RevokeBias", Time since last: 32549 ns, Reaching safepoint: 78676 ns, At safepoint: 32102 ns, Total: 110778 ns
[2020-09-11T14:31:20.644+0000][1][safepoint    ] Safepoint "RevokeBias", Time since last: 26381 ns, Reaching safepoint: 77006 ns, At safepoint: 31675 ns, Total: 108681 ns
[2020-09-11T14:31:20.644+0000][1][safepoint    ] Safepoint "RevokeBias", Time since last: 46971 ns, Reaching safepoint: 78231 ns, At safepoint: 31800 ns, Total: 110031 ns
[2020-09-11T14:31:20.644+0000][1][safepoint    ] Safepoint "RevokeBias", Time since last: 25948 ns, Reaching safepoint: 76828 ns, At safepoint: 31218 ns, Total: 108046 ns
[2020-09-11T14:31:20.645+0000][1][safepoint    ] Safepoint "RevokeBias", Time since last: 31442 ns, Reaching safepoint: 77620 ns, At safepoint: 31269 ns, Total: 108889 ns
[2020-09-11T14:31:20.645+0000][1][safepoint    ] Safepoint "RevokeBias", Time since last: 25830 ns, Reaching safepoint: 76857 ns, At safepoint: 31573 ns, Total: 108430 ns
[2020-09-11T14:31:20.645+0000][1][safepoint    ] Safepoint "RevokeBias", Time since last: 151991 ns, Reaching safepoint: 78273 ns, At safepoint: 32186 ns, Total: 110459 ns
[2020-09-11T14:31:20.645+0000][1][safepoint    ] Safepoint "RevokeBias", Time since last: 27088 ns, Reaching safepoint: 77065 ns, At safepoint: 31607 ns, Total: 108672 ns
[2020-09-11T14:31:20.646+0000][1][safepoint    ] Safepoint "RevokeBias", Time since last: 352678 ns, Reaching safepoint: 78519 ns, At safepoint: 19614 ns, Total: 98133 ns
[2020-09-11T14:31:20.646+0000][1][safepoint    ] Safepoint "RevokeBias", Time since last: 601147 ns, Reaching safepoint: 80619 ns, At safepoint: 39082 ns, Total: 119701 ns
[2020-09-11T14:31:20.646+0000][1][safepoint    ] Safepoint "RevokeBias", Time since last: 33490 ns, Reaching safepoint: 77898 ns, At safepoint: 25576 ns, Total: 103474 ns
[2020-09-11T14:31:20.646+0000][1][safepoint    ] Safepoint "RevokeBias", Time since last: 23023 ns, Reaching safepoint: 75805 ns, At safepoint: 24972 ns, Total: 100777 ns
[2020-09-11T14:31:20.647+0000][1][safepoint    ] Safepoint "RevokeBias", Time since last: 38219 ns, Reaching safepoint: 76947 ns, At safepoint: 28703 ns, Total: 105650 ns
[2020-09-11T14:31:20.647+0000][1][safepoint    ] Safepoint "RevokeBias", Time since last: 21924 ns, Reaching safepoint: 78524 ns, At safepoint: 660010 ns, Total: 738534 ns
[2020-09-11T14:31:20.648+0000][1][safepoint    ] Safepoint "RevokeBias", Time since last: 38716 ns, Reaching safepoint: 78724 ns, At safepoint: 32304 ns, Total: 111028 ns
[2020-09-11T14:31:20.648+0000][1][safepoint    ] Safepoint "RevokeBias", Time since last: 23139 ns, Reaching safepoint: 74723 ns, At safepoint: 22699 ns, Total: 97422 ns
[2020-09-11T14:31:20.648+0000][1][safepoint    ] Safepoint "RevokeBias", Time since last: 27348 ns, Reaching safepoint: 76429 ns, At safepoint: 24819 ns, Total: 101248 ns
[2020-09-11T14:31:20.648+0000][1][safepoint    ] Safepoint "RevokeBias", Time since last: 21314 ns, Reaching safepoint: 74716 ns, At safepoint: 23813 ns, Total: 98529 ns
[2020-09-11T14:31:20.649+0000][1][safepoint    ] Safepoint "RevokeBias", Time since last: 969572 ns, Reaching safepoint: 80109 ns, At safepoint: 26973 ns, Total: 107082 ns
[2020-09-11T14:31:20.649+0000][1][safepoint    ] Safepoint "RevokeBias", Time since last: 27670 ns, Reaching safepoint: 76789 ns, At safepoint: 26215 ns, Total: 103004 ns
[2020-09-11T14:31:20.650+0000][1][safepoint    ] Safepoint "RevokeBias", Time since last: 257889 ns, Reaching safepoint: 79724 ns, At safepoint: 38341 ns, Total: 118065 ns
[2020-09-11T14:31:20.650+0000][1][safepoint    ] Safepoint "RevokeBias", Time since last: 24685 ns, Reaching safepoint: 76873 ns, At safepoint: 37402 ns, Total: 114275 ns
[2020-09-11T14:31:21.119+0000][1][safepoint    ] Safepoint "RevokeBias", Time since last: 469204436 ns, Reaching safepoint: 143594 ns, At safepoint: 27218 ns, Total: 170812 ns
[2020-09-11T14:31:21.603+0000][1][safepoint    ] Safepoint "Deoptimize", Time since last: 484030522 ns, Reaching safepoint: 132135 ns, At safepoint: 167018 ns, Total: 299153 ns
[2020-09-11T14:31:21.756+0000][1][gc,start     ] GC(1) Pause Young (Allocation Failure)
[2020-09-11T14:31:21.756+0000][1][gc,task      ] GC(1) Using 1 workers of 1 for evacuation
[2020-09-11T14:31:21.805+0000][1][gc,age       ] GC(1) Desired survivor size 4358144 bytes, new threshold 6 (max threshold 6)
[2020-09-11T14:31:21.805+0000][1][gc,age       ] GC(1) Age table with threshold 6 (max threshold 6)
[2020-09-11T14:31:21.805+0000][1][gc,age       ] GC(1) - age   1:    4082216 bytes,    4082216 total
[2020-09-11T14:31:21.805+0000][1][gc,heap      ] GC(1) ParNew: 74364K->4118K(76672K)
[2020-09-11T14:31:21.805+0000][1][gc,heap      ] GC(1) CMS: 0K->6670K(2011968K)
[2020-09-11T14:31:21.805+0000][1][gc,metaspace ] GC(1) Metaspace: 18126K->18126K(1064960K)
[2020-09-11T14:31:21.805+0000][1][gc           ] GC(1) Pause Young (Allocation Failure) 72M->10M(2039M) 49.219ms
[2020-09-11T14:31:21.805+0000][1][gc,cpu       ] GC(1) User=0.05s Sys=0.00s Real=0.05s
[2020-09-11T14:31:21.807+0000][1][safepoint    ] Safepoint "GenCollectForAllocation", Time since last: 151908165 ns, Reaching safepoint: 493863 ns, At safepoint: 51716760 ns, Total: 52210623 ns
[2020-09-11T14:31:21.818+0000][1][safepoint    ] Safepoint "BulkRevokeBias", Time since last: 10176027 ns, Reaching safepoint: 105631 ns, At safepoint: 111113 ns, Total: 216744 ns
[2020-09-11T14:31:21.818+0000][1][safepoint    ] Safepoint "RevokeBias", Time since last: 117470 ns, Reaching safepoint: 80704 ns, At safepoint: 41718 ns, Total: 122422 ns
[2020-09-11T14:31:21.818+0000][1][safepoint    ] Safepoint "RevokeBias", Time since last: 37814 ns, Reaching safepoint: 78063 ns, At safepoint: 40180 ns, Total: 118243 ns
[2020-09-11T14:31:21.818+0000][1][safepoint    ] Safepoint "RevokeBias", Time since last: 27683 ns, Reaching safepoint: 106095 ns, At safepoint: 42789 ns, Total: 148884 ns
[2020-09-11T14:31:21.819+0000][1][safepoint    ] Safepoint "RevokeBias", Time since last: 24799 ns, Reaching safepoint: 77438 ns, At safepoint: 33743 ns, Total: 111181 ns
[2020-09-11T14:31:21.819+0000][1][safepoint    ] Safepoint "RevokeBias", Time since last: 40492 ns, Reaching safepoint: 78153 ns, At safepoint: 34505 ns, Total: 112658 ns
[2020-09-11T14:31:21.819+0000][1][safepoint    ] Safepoint "RevokeBias", Time since last: 22328 ns, Reaching safepoint: 76325 ns, At safepoint: 30804 ns, Total: 107129 ns
[2020-09-11T14:31:21.819+0000][1][safepoint    ] Safepoint "BulkRevokeBias", Time since last: 25674 ns, Reaching safepoint: 78465 ns, At safepoint: 456670 ns, Total: 535135 ns
[2020-09-11T14:31:21.820+0000][1][safepoint    ] Safepoint "BulkRevokeBias", Time since last: 27995 ns, Reaching safepoint: 91978 ns, At safepoint: 61171 ns, Total: 153149 ns
[2020-09-11T14:31:21.881+0000][1][safepoint    ] Safepoint "Deoptimize", Time since last: 60779397 ns, Reaching safepoint: 108111 ns, At safepoint: 170718 ns, Total: 278829 ns
[2020-09-11T14:31:21.896+0000][1][safepoint    ] Safepoint "Deoptimize", Time since last: 14811852 ns, Reaching safepoint: 98585 ns, At safepoint: 169039 ns, Total: 267624 ns
[2020-09-11T14:31:22.194+0000][1][safepoint    ] Safepoint "Deoptimize", Time since last: 298305149 ns, Reaching safepoint: 158565 ns, At safepoint: 183801 ns, Total: 342366 ns
[2020-09-11T14:31:22.195+0000][1][safepoint    ] Safepoint "RevokeBias", Time since last: 410408 ns, Reaching safepoint: 138594 ns, At safepoint: 41952 ns, Total: 180546 ns
[2020-09-11T14:31:22.196+0000][1][safepoint    ] Safepoint "Deoptimize", Time since last: 856213 ns, Reaching safepoint: 136582 ns, At safepoint: 155019 ns, Total: 291601 ns
[2020-09-11T14:31:22.617+0000][1][gc,start     ] GC(2) Pause Young (Allocation Failure)
[2020-09-11T14:31:22.617+0000][1][gc,task      ] GC(2) Using 1 workers of 1 for evacuation
[2020-09-11T14:31:22.635+0000][1][gc,age       ] GC(2) Desired survivor size 4358144 bytes, new threshold 2 (max threshold 6)
[2020-09-11T14:31:22.635+0000][1][gc,age       ] GC(2) Age table with threshold 2 (max threshold 6)
[2020-09-11T14:31:22.635+0000][1][gc,age       ] GC(2) - age   1:     671704 bytes,     671704 total
[2020-09-11T14:31:22.635+0000][1][gc,age       ] GC(2) - age   2:    3751792 bytes,    4423496 total
[2020-09-11T14:31:22.635+0000][1][gc,heap      ] GC(2) ParNew: 72278K->8052K(76672K)
[2020-09-11T14:31:22.635+0000][1][gc,heap      ] GC(2) CMS: 6670K->6670K(2011968K)
[2020-09-11T14:31:22.635+0000][1][gc,metaspace ] GC(2) Metaspace: 20061K->20061K(1067008K)
[2020-09-11T14:31:22.635+0000][1][gc           ] GC(2) Pause Young (Allocation Failure) 77M->14M(2039M) 17.388ms
[2020-09-11T14:31:22.635+0000][1][gc,cpu       ] GC(2) User=0.01s Sys=0.00s Real=0.01s
[2020-09-11T14:31:22.639+0000][1][safepoint    ] Safepoint "GenCollectForAllocation", Time since last: 421004415 ns, Reaching safepoint: 122963 ns, At safepoint: 22166020 ns, Total: 22288983 ns
[2020-09-11T14:31:22.645+0000][1][safepoint    ] Safepoint "RevokeBias", Time since last: 4579648 ns, Reaching safepoint: 96246 ns, At safepoint: 607086 ns, Total: 703332 ns
[2020-09-11T14:31:22.645+0000][1][safepoint    ] Safepoint "RevokeBias", Time since last: 54515 ns, Reaching safepoint: 87583 ns, At safepoint: 46643 ns, Total: 134226 ns
[2020-09-11T14:31:22.645+0000][1][safepoint    ] Safepoint "RevokeBias", Time since last: 44342 ns, Reaching safepoint: 79770 ns, At safepoint: 28438 ns, Total: 108208 ns
[2020-09-11T14:31:22.645+0000][1][safepoint    ] Safepoint "RevokeBias", Time since last: 24129 ns, Reaching safepoint: 78170 ns, At safepoint: 26926 ns, Total: 105096 ns
[2020-09-11T14:31:22.647+0000][1][safepoint    ] Safepoint "RevokeBias", Time since last: 24638 ns, Reaching safepoint: 78561 ns, At safepoint: 2136783 ns, Total: 2215344 ns
[2020-09-11T14:31:22.650+0000][1][safepoint    ] Safepoint "RevokeBias", Time since last: 1879191 ns, Reaching safepoint: 377060 ns, At safepoint: 32831 ns, Total: 409891 ns
[2020-09-11T14:31:22.900+0000][1][gc,start     ] GC(3) Pause Young (Allocation Failure)
[2020-09-11T14:31:22.900+0000][1][gc,task      ] GC(3) Using 1 workers of 1 for evacuation
[2020-09-11T14:31:22.923+0000][1][gc,age       ] GC(3) Desired survivor size 4358144 bytes, new threshold 6 (max threshold 6)
[2020-09-11T14:31:22.923+0000][1][gc,age       ] GC(3) Age table with threshold 6 (max threshold 6)
[2020-09-11T14:31:22.923+0000][1][gc,age       ] GC(3) - age   1:    1872832 bytes,    1872832 total
[2020-09-11T14:31:22.923+0000][1][gc,age       ] GC(3) - age   2:     628280 bytes,    2501112 total
[2020-09-11T14:31:22.923+0000][1][gc,heap      ] GC(3) ParNew: 76212K->2619K(76672K)
[2020-09-11T14:31:22.923+0000][1][gc,heap      ] GC(3) CMS: 6670K->10364K(2011968K)
[2020-09-11T14:31:22.923+0000][1][gc,metaspace ] GC(3) Metaspace: 20312K->20312K(1067008K)
[2020-09-11T14:31:22.923+0000][1][gc           ] GC(3) Pause Young (Allocation Failure) 80M->12M(2039M) 22.519ms
[2020-09-11T14:31:22.923+0000][1][gc,cpu       ] GC(3) User=0.03s Sys=0.00s Real=0.02s
[2020-09-11T14:31:22.927+0000][1][safepoint    ] Safepoint "GenCollectForAllocation", Time since last: 250441882 ns, Reaching safepoint: 150423 ns, At safepoint: 27137634 ns, Total: 27288057 ns
[2020-09-11T14:31:22.932+0000][1][safepoint    ] Safepoint "RevokeBias", Time since last: 3989484 ns, Reaching safepoint: 96442 ns, At safepoint: 39500 ns, Total: 135942 ns
[2020-09-11T14:31:22.932+0000][1][safepoint    ] Safepoint "RevokeBias", Time since last: 53138 ns, Reaching safepoint: 78437 ns, At safepoint: 25564 ns, Total: 104001 ns
[2020-09-11T14:31:22.932+0000][1][safepoint    ] Safepoint "RevokeBias", Time since last: 32047 ns, Reaching safepoint: 79205 ns, At safepoint: 25887 ns, Total: 105092 ns
[2020-09-11T14:31:22.932+0000][1][safepoint    ] Safepoint "RevokeBias", Time since last: 24059 ns, Reaching safepoint: 78252 ns, At safepoint: 25803 ns, Total: 104055 ns
[2020-09-11T14:31:22.932+0000][1][safepoint    ] Safepoint "RevokeBias", Time since last: 27709 ns, Reaching safepoint: 77966 ns, At safepoint: 24220 ns, Total: 102186 ns
[2020-09-11T14:31:22.932+0000][1][safepoint    ] Safepoint "RevokeBias", Time since last: 23567 ns, Reaching safepoint: 79102 ns, At safepoint: 34209 ns, Total: 113311 ns
[2020-09-11T14:31:22.932+0000][1][safepoint    ] Safepoint "RevokeBias", Time since last: 27257 ns, Reaching safepoint: 78627 ns, At safepoint: 32347 ns, Total: 110974 ns
[2020-09-11T14:31:22.933+0000][1][safepoint    ] Safepoint "RevokeBias", Time since last: 23388 ns, Reaching safepoint: 78204 ns, At safepoint: 32187 ns, Total: 110391 ns
[2020-09-11T14:31:23.122+0000][1][safepoint    ] Safepoint "CollectForMetadataAllocation", Time since last: 189035139 ns, Reaching safepoint: 103013 ns, At safepoint: 264753 ns, Total: 367766 ns
[2020-09-11T14:31:23.164+0000][1][safepoint    ] Safepoint "CollectForMetadataAllocation", Time since last: 41522479 ns, Reaching safepoint: 104369 ns, At safepoint: 123021 ns, Total: 227390 ns
[2020-09-11T14:31:23.218+0000][1][gc,start     ] GC(4) Pause Young (Allocation Failure)
[2020-09-11T14:31:23.218+0000][1][gc,task      ] GC(4) Using 1 workers of 1 for evacuation
[2020-09-11T14:31:23.233+0000][1][gc,age       ] GC(4) Desired survivor size 4358144 bytes, new threshold 6 (max threshold 6)
[2020-09-11T14:31:23.233+0000][1][gc,age       ] GC(4) Age table with threshold 6 (max threshold 6)
[2020-09-11T14:31:23.233+0000][1][gc,age       ] GC(4) - age   1:    1536856 bytes,    1536856 total
[2020-09-11T14:31:23.233+0000][1][gc,age       ] GC(4) - age   2:     348856 bytes,    1885712 total
[2020-09-11T14:31:23.233+0000][1][gc,age       ] GC(4) - age   3:     628184 bytes,    2513896 total
[2020-09-11T14:31:23.233+0000][1][gc,heap      ] GC(4) ParNew: 70779K->2486K(76672K)
[2020-09-11T14:31:23.233+0000][1][gc,heap      ] GC(4) CMS: 10364K->10364K(2011968K)
[2020-09-11T14:31:23.233+0000][1][gc,metaspace ] GC(4) Metaspace: 20864K->20864K(1069056K)
[2020-09-11T14:31:23.233+0000][1][gc           ] GC(4) Pause Young (Allocation Failure) 79M->12M(2039M) 15.063ms
[2020-09-11T14:31:23.233+0000][1][gc,cpu       ] GC(4) User=0.01s Sys=0.00s Real=0.01s
[2020-09-11T14:31:23.239+0000][1][safepoint    ] Safepoint "GenCollectForAllocation", Time since last: 54132376 ns, Reaching safepoint: 151696 ns, At safepoint: 21474352 ns, Total: 21626048 ns
[2020-09-11T14:31:23.244+0000][1][gc,start     ] GC(5) Pause Initial Mark
[2020-09-11T14:31:23.246+0000][1][gc           ] GC(5) Pause Initial Mark 17M->17M(2039M) 1.972ms
[2020-09-11T14:31:23.246+0000][1][gc,cpu       ] GC(5) User=0.01s Sys=0.00s Real=0.00s
[2020-09-11T14:31:23.255+0000][1][safepoint    ] Safepoint "BulkRevokeBias", Time since last: 4121668 ns, Reaching safepoint: 94467 ns, At safepoint: 10998405 ns, Total: 11092872 ns
[2020-09-11T14:31:23.255+0000][1][gc           ] GC(5) Concurrent Mark
[2020-09-11T14:31:23.262+0000][1][safepoint    ] Safepoint "RevokeBias", Time since last: 2754929 ns, Reaching safepoint: 4156323 ns, At safepoint: 41889 ns, Total: 4198212 ns
[2020-09-11T14:31:23.270+0000][1][safepoint    ] Safepoint "RevokeBias", Time since last: 1841683 ns, Reaching safepoint: 6224037 ns, At safepoint: 74523 ns, Total: 6298560 ns
[2020-09-11T14:31:23.271+0000][1][safepoint    ] Safepoint "RevokeBias", Time since last: 1167856 ns, Reaching safepoint: 137747 ns, At safepoint: 44688 ns, Total: 182435 ns
[2020-09-11T14:31:23.271+0000][1][safepoint    ] Safepoint "RevokeBias", Time since last: 49850 ns, Reaching safepoint: 231327 ns, At safepoint: 56347 ns, Total: 287674 ns
[2020-09-11T14:31:23.272+0000][1][safepoint    ] Safepoint "RevokeBias", Time since last: 33391 ns, Reaching safepoint: 122274 ns, At safepoint: 37315 ns, Total: 159589 ns
[2020-09-11T14:31:23.305+0000][1][gc           ] GC(5) Concurrent Mark 50.771ms
[2020-09-11T14:31:23.306+0000][1][gc,cpu       ] GC(5) User=0.05s Sys=0.01s Real=0.06s
[2020-09-11T14:31:23.306+0000][1][gc           ] GC(5) Concurrent Preclean
[2020-09-11T14:31:23.310+0000][1][gc           ] GC(5) Concurrent Preclean 4.449ms
[2020-09-11T14:31:23.310+0000][1][gc,cpu       ] GC(5) User=0.00s Sys=0.00s Real=0.00s
[2020-09-11T14:31:23.310+0000][1][gc           ] GC(5) Concurrent Abortable Preclean
[2020-09-11T14:31:23.416+0000][1][safepoint    ] Safepoint "RevokeBias", Time since last: 144571209 ns, Reaching safepoint: 105011 ns, At safepoint: 16744 ns, Total: 121755 ns
[2020-09-11T14:31:23.421+0000][1][safepoint    ] Safepoint "RevokeBias", Time since last: 3119128 ns, Reaching safepoint: 1399193 ns, At safepoint: 10644 ns, Total: 1409837 ns
[2020-09-11T14:31:23.440+0000][1][safepoint    ] Safepoint "Deoptimize", Time since last: 6582074 ns, Reaching safepoint: 12040962 ns, At safepoint: 211497 ns, Total: 12252459 ns
[2020-09-11T14:31:23.446+0000][1][safepoint    ] Safepoint "CollectForMetadataAllocation", Time since last: 5871297 ns, Reaching safepoint: 99593 ns, At safepoint: 66356 ns, Total: 165949 ns
[2020-09-11T14:31:23.451+0000][1][safepoint    ] Safepoint "RevokeBias", Time since last: 5707117 ns, Reaching safepoint: 31045 ns, At safepoint: 22664 ns, Total: 53709 ns
[2020-09-11T14:31:23.479+0000][1][safepoint    ] Safepoint "RevokeBias", Time since last: 27150834 ns, Reaching safepoint: 94855 ns, At safepoint: 27636 ns, Total: 122491 ns
[2020-09-11T14:31:23.492+0000][1][safepoint    ] Safepoint "RevokeBias", Time since last: 12686233 ns, Reaching safepoint: 82478 ns, At safepoint: 35818 ns, Total: 118296 ns
[2020-09-11T14:31:23.499+0000][1][safepoint    ] Safepoint "RevokeBias", Time since last: 6981089 ns, Reaching safepoint: 107250 ns, At safepoint: 37669 ns, Total: 144919 ns
[2020-09-11T14:31:23.512+0000][1][safepoint    ] Safepoint "RevokeBias", Time since last: 8744816 ns, Reaching safepoint: 4046593 ns, At safepoint: 37575 ns, Total: 4084168 ns
[2020-09-11T14:31:23.519+0000][1][safepoint    ] Safepoint "RevokeBias", Time since last: 7830147 ns, Reaching safepoint: 42617 ns, At safepoint: 56071 ns, Total: 98688 ns
[2020-09-11T14:31:23.530+0000][1][safepoint    ] Safepoint "RevokeBias", Time since last: 8184324 ns, Reaching safepoint: 2090524 ns, At safepoint: 35218 ns, Total: 2125742 ns
[2020-09-11T14:31:23.533+0000][1][safepoint    ] Safepoint "RevokeBias", Time since last: 2802013 ns, Reaching safepoint: 88704 ns, At safepoint: 29262 ns, Total: 117966 ns
[2020-09-11T14:31:23.561+0000][1][safepoint    ] Safepoint "RevokeBias", Time since last: 27094064 ns, Reaching safepoint: 797904 ns, At safepoint: 28890 ns, Total: 826794 ns
[2020-09-11T14:31:23.563+0000][1][safepoint    ] Safepoint "RevokeBias", Time since last: 2591538 ns, Reaching safepoint: 89772 ns, At safepoint: 26122 ns, Total: 115894 ns
[2020-09-11T14:31:23.580+0000][1][safepoint    ] Safepoint "Deoptimize", Time since last: 14779273 ns, Reaching safepoint: 1425771 ns, At safepoint: 216918 ns, Total: 1642689 ns
[2020-09-11T14:31:23.640+0000][1][gc,start     ] GC(6) Pause Young (Allocation Failure)
[2020-09-11T14:31:23.640+0000][1][gc,task      ] GC(6) Using 1 workers of 1 for evacuation
[2020-09-11T14:31:23.665+0000][1][gc,age       ] GC(6) Desired survivor size 4358144 bytes, new threshold 4 (max threshold 6)
[2020-09-11T14:31:23.665+0000][1][gc,age       ] GC(6) Age table with threshold 4 (max threshold 6)
[2020-09-11T14:31:23.665+0000][1][gc,age       ] GC(6) - age   1:    2310448 bytes,    2310448 total
[2020-09-11T14:31:23.665+0000][1][gc,age       ] GC(6) - age   2:    1252728 bytes,    3563176 total
[2020-09-11T14:31:23.665+0000][1][gc,age       ] GC(6) - age   3:     348856 bytes,    3912032 total
[2020-09-11T14:31:23.665+0000][1][gc,age       ] GC(6) - age   4:     628184 bytes,    4540216 total
[2020-09-11T14:31:23.665+0000][1][gc,heap      ] GC(6) ParNew: 70646K->4925K(76672K)
[2020-09-11T14:31:23.665+0000][1][gc,heap      ] GC(6) CMS: 10364K->10364K(2011968K)
[2020-09-11T14:31:23.665+0000][1][gc,metaspace ] GC(6) Metaspace: 21182K->21182K(1069056K)
[2020-09-11T14:31:23.665+0000][1][gc           ] GC(6) Pause Young (Allocation Failure) 79M->14M(2039M) 25.200ms
[2020-09-11T14:31:23.665+0000][1][gc,cpu       ] GC(6) User=0.02s Sys=0.00s Real=0.03s
[2020-09-11T14:31:23.675+0000][1][safepoint    ] Safepoint "GenCollectForAllocation", Time since last: 60208556 ns, Reaching safepoint: 107662 ns, At safepoint: 35371208 ns, Total: 35478870 ns
[2020-09-11T14:31:23.681+0000][1][safepoint    ] Safepoint "RevokeBias", Time since last: 3726689 ns, Reaching safepoint: 1464665 ns, At safepoint: 30148 ns, Total: 1494813 ns
[2020-09-11T14:31:23.681+0000][1][safepoint    ] Safepoint "RevokeBias", Time since last: 53214 ns, Reaching safepoint: 78283 ns, At safepoint: 19270 ns, Total: 97553 ns
[2020-09-11T14:31:23.681+0000][1][safepoint    ] Safepoint "RevokeBias", Time since last: 32460 ns, Reaching safepoint: 78587 ns, At safepoint: 18587 ns, Total: 97174 ns
[2020-09-11T14:31:23.681+0000][1][safepoint    ] Safepoint "RevokeBias", Time since last: 23359 ns, Reaching safepoint: 76832 ns, At safepoint: 17884 ns, Total: 94716 ns
[2020-09-11T14:31:23.681+0000][1][safepoint    ] Safepoint "RevokeBias", Time since last: 26265 ns, Reaching safepoint: 78225 ns, At safepoint: 17625 ns, Total: 95850 ns
[2020-09-11T14:31:23.681+0000][1][safepoint    ] Safepoint "RevokeBias", Time since last: 23247 ns, Reaching safepoint: 78099 ns, At safepoint: 28327 ns, Total: 106426 ns
[2020-09-11T14:31:23.722+0000][1][safepoint    ] Safepoint "RevokeBias", Time since last: 38155984 ns, Reaching safepoint: 2287963 ns, At safepoint: 75487 ns, Total: 2363450 ns
[2020-09-11T14:31:23.735+0000][1][safepoint    ] Safepoint "RevokeBias", Time since last: 13625110 ns, Reaching safepoint: 42029 ns, At safepoint: 28772 ns, Total: 70801 ns
[2020-09-11T14:31:23.745+0000][1][safepoint    ] Safepoint "RevokeBias", Time since last: 9827483 ns, Reaching safepoint: 34192 ns, At safepoint: 62011 ns, Total: 96203 ns
[2020-09-11T14:31:23.848+0000][1][safepoint    ] Safepoint "RevokeBias", Time since last: 102008877 ns, Reaching safepoint: 108176 ns, At safepoint: 31474 ns, Total: 139650 ns
[2020-09-11T14:31:23.855+0000][1][safepoint    ] Safepoint "RevokeBias", Time since last: 5726773 ns, Reaching safepoint: 2156714 ns, At safepoint: 27142 ns, Total: 2183856 ns
[2020-09-11T14:31:23.868+0000][1][safepoint    ] Safepoint "CollectForMetadataAllocation", Time since last: 11965239 ns, Reaching safepoint: 104556 ns, At safepoint: 120331 ns, Total: 224887 ns
[2020-09-11T14:31:23.868+0000][1][gc           ] GC(5) Concurrent Abortable Preclean 557.672ms
[2020-09-11T14:31:23.868+0000][1][gc,cpu       ] GC(5) User=0.54s Sys=0.00s Real=0.56s
[2020-09-11T14:31:23.868+0000][1][gc,start     ] GC(5) Pause Remark
[2020-09-11T14:31:23.912+0000][1][gc           ] GC(5) Pause Remark 66M->66M(2039M) 44.398ms
[2020-09-11T14:31:23.912+0000][1][gc,cpu       ] GC(5) User=0.05s Sys=0.00s Real=0.04s
[2020-09-11T14:31:23.916+0000][1][safepoint    ] Safepoint "CMS_Final_Remark", Time since last: 94611 ns, Reaching safepoint: 79344 ns, At safepoint: 48192043 ns, Total: 48271387 ns
[2020-09-11T14:31:23.916+0000][1][gc           ] GC(5) Concurrent Sweep
[2020-09-11T14:31:23.919+0000][1][gc           ] GC(5) Concurrent Sweep 2.899ms
[2020-09-11T14:31:23.919+0000][1][gc,cpu       ] GC(5) User=0.00s Sys=0.00s Real=0.00s
[2020-09-11T14:31:23.919+0000][1][gc           ] GC(5) Concurrent Reset
[2020-09-11T14:31:23.936+0000][1][gc           ] GC(5) Concurrent Reset 16.554ms
[2020-09-11T14:31:23.936+0000][1][gc,cpu       ] GC(5) User=0.02s Sys=0.00s Real=0.02s
[2020-09-11T14:31:23.936+0000][1][gc,heap      ] GC(5) Old: 10364K->10362K(2011968K)
[2020-09-11T14:31:23.962+0000][1][gc,start     ] GC(7) Pause Young (Allocation Failure)
[2020-09-11T14:31:23.962+0000][1][gc,task      ] GC(7) Using 1 workers of 1 for evacuation
[2020-09-11T14:31:24.001+0000][1][gc,age       ] GC(7) Desired survivor size 4358144 bytes, new threshold 6 (max threshold 6)
[2020-09-11T14:31:24.001+0000][1][gc,age       ] GC(7) Age table with threshold 6 (max threshold 6)
[2020-09-11T14:31:24.001+0000][1][gc,age       ] GC(7) - age   1:     924512 bytes,     924512 total
[2020-09-11T14:31:24.001+0000][1][gc,age       ] GC(7) - age   2:    1525888 bytes,    2450400 total
[2020-09-11T14:31:24.001+0000][1][gc,age       ] GC(7) - age   3:    1252152 bytes,    3702552 total
[2020-09-11T14:31:24.001+0000][1][gc,age       ] GC(7) - age   4:     348856 bytes,    4051408 total
[2020-09-11T14:31:24.001+0000][1][gc,heap      ] GC(7) ParNew: 73085K->7882K(76672K)
[2020-09-11T14:31:24.001+0000][1][gc,heap      ] GC(7) CMS: 10362K->10980K(2011968K)
[2020-09-11T14:31:24.001+0000][1][gc,metaspace ] GC(7) Metaspace: 21278K->21278K(1069056K)
[2020-09-11T14:31:24.001+0000][1][gc           ] GC(7) Pause Young (Allocation Failure) 81M->18M(2039M) 39.292ms
[2020-09-11T14:31:24.001+0000][1][gc,cpu       ] GC(7) User=0.03s Sys=0.00s Real=0.04s
[2020-09-11T14:31:24.007+0000][1][safepoint    ] Safepoint "GenCollectForAllocation", Time since last: 45694109 ns, Reaching safepoint: 377615 ns, At safepoint: 45340065 ns, Total: 45717680 ns
[2020-09-11T14:31:24.012+0000][1][safepoint    ] Safepoint "RevokeBias", Time since last: 3971164 ns, Reaching safepoint: 92865 ns, At safepoint: 29177 ns, Total: 122042 ns
[2020-09-11T14:31:24.017+0000][1][safepoint    ] Safepoint "RevokeBias", Time since last: 3939690 ns, Reaching safepoint: 1026377 ns, At safepoint: 33313 ns, Total: 1059690 ns
[2020-09-11T14:31:24.017+0000][1][safepoint    ] Safepoint "RevokeBias", Time since last: 67015 ns, Reaching safepoint: 84816 ns, At safepoint: 26148 ns, Total: 110964 ns
[2020-09-11T14:31:24.017+0000][1][safepoint    ] Safepoint "RevokeBias", Time since last: 32927 ns, Reaching safepoint: 81549 ns, At safepoint: 24060 ns, Total: 105609 ns
[2020-09-11T14:31:24.028+0000][1][safepoint    ] Safepoint "RevokeBias", Time since last: 10572264 ns, Reaching safepoint: 97911 ns, At safepoint: 37239 ns, Total: 135150 ns
[2020-09-11T14:31:24.031+0000][1][safepoint    ] Safepoint "RevokeBias", Time since last: 3143066 ns, Reaching safepoint: 88561 ns, At safepoint: 30852 ns, Total: 119413 ns
[2020-09-11T14:31:24.130+0000][1][safepoint    ] Safepoint "RevokeBias", Time since last: 99021886 ns, Reaching safepoint: 90290 ns, At safepoint: 32270 ns, Total: 122560 ns
[2020-09-11T14:31:24.140+0000][1][safepoint    ] Safepoint "RevokeBias", Time since last: 9497096 ns, Reaching safepoint: 105366 ns, At safepoint: 40391 ns, Total: 145757 ns
[2020-09-11T14:31:24.211+0000][1][gc,start     ] GC(8) Pause Young (Allocation Failure)
[2020-09-11T14:31:24.211+0000][1][gc,task      ] GC(8) Using 1 workers of 1 for evacuation
[2020-09-11T14:31:24.230+0000][1][gc,age       ] GC(8) Desired survivor size 4358144 bytes, new threshold 4 (max threshold 6)
[2020-09-11T14:31:24.230+0000][1][gc,age       ] GC(8) Age table with threshold 4 (max threshold 6)
[2020-09-11T14:31:24.230+0000][1][gc,age       ] GC(8) - age   1:    1906360 bytes,    1906360 total
[2020-09-11T14:31:24.230+0000][1][gc,age       ] GC(8) - age   2:     446288 bytes,    2352648 total
[2020-09-11T14:31:24.230+0000][1][gc,age       ] GC(8) - age   3:    1523952 bytes,    3876600 total
[2020-09-11T14:31:24.230+0000][1][gc,age       ] GC(8) - age   4:    1251496 bytes,    5128096 total
[2020-09-11T14:31:24.230+0000][1][gc,age       ] GC(8) - age   5:     348856 bytes,    5476952 total
[2020-09-11T14:31:24.230+0000][1][gc,heap      ] GC(8) ParNew: 76042K->7406K(76672K)
[2020-09-11T14:31:24.230+0000][1][gc,heap      ] GC(8) CMS: 10980K->10980K(2011968K)
[2020-09-11T14:31:24.230+0000][1][gc,metaspace ] GC(8) Metaspace: 21458K->21458K(1069056K)
[2020-09-11T14:31:24.230+0000][1][gc           ] GC(8) Pause Young (Allocation Failure) 84M->17M(2039M) 18.961ms
[2020-09-11T14:31:24.230+0000][1][gc,cpu       ] GC(8) User=0.02s Sys=0.00s Real=0.02s
[2020-09-11T14:31:24.235+0000][1][safepoint    ] Safepoint "GenCollectForAllocation", Time since last: 71510017 ns, Reaching safepoint: 92782 ns, At safepoint: 24256831 ns, Total: 24349613 ns
[2020-09-11T14:31:24.240+0000][1][safepoint    ] Safepoint "RevokeBias", Time since last: 4038818 ns, Reaching safepoint: 93824 ns, At safepoint: 26059 ns, Total: 119883 ns
[2020-09-11T14:31:24.240+0000][1][safepoint    ] Safepoint "RevokeBias", Time since last: 49826 ns, Reaching safepoint: 78429 ns, At safepoint: 21062 ns, Total: 99491 ns
[2020-09-11T14:31:24.240+0000][1][safepoint    ] Safepoint "RevokeBias", Time since last: 33806 ns, Reaching safepoint: 77820 ns, At safepoint: 18248 ns, Total: 96068 ns
[2020-09-11T14:31:24.240+0000][1][safepoint    ] Safepoint "RevokeBias", Time since last: 26787 ns, Reaching safepoint: 77280 ns, At safepoint: 22533 ns, Total: 99813 ns
[2020-09-11T14:31:24.245+0000][1][safepoint    ] Safepoint "RevokeBias", Time since last: 4553197 ns, Reaching safepoint: 65403 ns, At safepoint: 54987 ns, Total: 120390 ns
[2020-09-11T14:31:24.256+0000][1][safepoint    ] Safepoint "RevokeBias", Time since last: 10734581 ns, Reaching safepoint: 94205 ns, At safepoint: 33218 ns, Total: 127423 ns
[2020-09-11T14:31:24.264+0000][1][safepoint    ] Safepoint "RevokeBias", Time since last: 8593251 ns, Reaching safepoint: 93480 ns, At safepoint: 32835 ns, Total: 126315 ns
[2020-09-11T14:31:24.440+0000][1][gc,start     ] GC(9) Pause Young (Allocation Failure)
[2020-09-11T14:31:24.440+0000][1][gc,task      ] GC(9) Using 1 workers of 1 for evacuation
[2020-09-11T14:31:24.457+0000][1][gc,age       ] GC(9) Desired survivor size 4358144 bytes, new threshold 6 (max threshold 6)
[2020-09-11T14:31:24.457+0000][1][gc,age       ] GC(9) Age table with threshold 6 (max threshold 6)
[2020-09-11T14:31:24.457+0000][1][gc,age       ] GC(9) - age   1:     370120 bytes,     370120 total
[2020-09-11T14:31:24.457+0000][1][gc,age       ] GC(9) - age   2:     829168 bytes,    1199288 total
[2020-09-11T14:31:24.457+0000][1][gc,age       ] GC(9) - age   3:     446208 bytes,    1645496 total
[2020-09-11T14:31:24.457+0000][1][gc,age       ] GC(9) - age   4:    1523952 bytes,    3169448 total
[2020-09-11T14:31:24.457+0000][1][gc,heap      ] GC(9) ParNew: 75566K->4628K(76672K)
[2020-09-11T14:31:24.457+0000][1][gc,heap      ] GC(9) CMS: 10980K->12562K(2011968K)
[2020-09-11T14:31:24.457+0000][1][gc,metaspace ] GC(9) Metaspace: 21572K->21572K(1069056K)
[2020-09-11T14:31:24.457+0000][1][gc           ] GC(9) Pause Young (Allocation Failure) 84M->16M(2039M) 17.818ms
[2020-09-11T14:31:24.457+0000][1][gc,cpu       ] GC(9) User=0.02s Sys=0.00s Real=0.02s
[2020-09-11T14:31:24.463+0000][1][safepoint    ] Safepoint "GenCollectForAllocation", Time since last: 175135884 ns, Reaching safepoint: 107660 ns, At safepoint: 23911631 ns, Total: 24019291 ns
[2020-09-11T14:31:24.468+0000][1][safepoint    ] Safepoint "RevokeBias", Time since last: 3983330 ns, Reaching safepoint: 97611 ns, At safepoint: 47551 ns, Total: 145162 ns
[2020-09-11T14:31:24.468+0000][1][safepoint    ] Safepoint "RevokeBias", Time since last: 49292 ns, Reaching safepoint: 80603 ns, At safepoint: 35556 ns, Total: 116159 ns
[2020-09-11T14:31:24.468+0000][1][safepoint    ] Safepoint "RevokeBias", Time since last: 32127 ns, Reaching safepoint: 81288 ns, At safepoint: 37147 ns, Total: 118435 ns
[2020-09-11T14:31:24.468+0000][1][safepoint    ] Safepoint "RevokeBias", Time since last: 23886 ns, Reaching safepoint: 78416 ns, At safepoint: 36135 ns, Total: 114551 ns
[2020-09-11T14:31:24.468+0000][1][safepoint    ] Safepoint "RevokeBias", Time since last: 27298 ns, Reaching safepoint: 79165 ns, At safepoint: 35160 ns, Total: 114325 ns
[2020-09-11T14:31:24.468+0000][1][safepoint    ] Safepoint "RevokeBias", Time since last: 23355 ns, Reaching safepoint: 79108 ns, At safepoint: 35292 ns, Total: 114400 ns
[2020-09-11T14:31:24.516+0000][1][safepoint    ] Safepoint "RevokeBias", Time since last: 47153768 ns, Reaching safepoint: 112103 ns, At safepoint: 19965 ns, Total: 132068 ns
[2020-09-11T14:31:24.516+0000][1][safepoint    ] Safepoint "RevokeBias", Time since last: 512953 ns, Reaching safepoint: 12640 ns, At safepoint: 8985 ns, Total: 21625 ns
[2020-09-11T14:31:24.654+0000][1][gc,start     ] GC(10) Pause Young (Allocation Failure)
[2020-09-11T14:31:24.654+0000][1][gc,task      ] GC(10) Using 1 workers of 1 for evacuation
[2020-09-11T14:31:24.673+0000][1][gc,age       ] GC(10) Desired survivor size 4358144 bytes, new threshold 6 (max threshold 6)
[2020-09-11T14:31:24.673+0000][1][gc,age       ] GC(10) Age table with threshold 6 (max threshold 6)
[2020-09-11T14:31:24.673+0000][1][gc,age       ] GC(10) - age   1:     656536 bytes,     656536 total
[2020-09-11T14:31:24.673+0000][1][gc,age       ] GC(10) - age   2:     147008 bytes,     803544 total
[2020-09-11T14:31:24.673+0000][1][gc,age       ] GC(10) - age   3:     829168 bytes,    1632712 total
[2020-09-11T14:31:24.673+0000][1][gc,age       ] GC(10) - age   4:     446184 bytes,    2078896 total
[2020-09-11T14:31:24.673+0000][1][gc,age       ] GC(10) - age   5:    1523952 bytes,    3602848 total
[2020-09-11T14:31:24.673+0000][1][gc,heap      ] GC(10) ParNew: 72788K->6957K(76672K)
[2020-09-11T14:31:24.673+0000][1][gc,heap      ] GC(10) CMS: 12562K->12562K(2011968K)
[2020-09-11T14:31:24.673+0000][1][gc,metaspace ] GC(10) Metaspace: 21707K->21707K(1069056K)
[2020-09-11T14:31:24.673+0000][1][gc           ] GC(10) Pause Young (Allocation Failure) 83M->19M(2039M) 19.306ms
[2020-09-11T14:31:24.673+0000][1][gc,cpu       ] GC(10) User=0.02s Sys=0.00s Real=0.02s
[2020-09-11T14:31:24.679+0000][1][safepoint    ] Safepoint "GenCollectForAllocation", Time since last: 137463621 ns, Reaching safepoint: 100112 ns, At safepoint: 25744298 ns, Total: 25844410 ns
[2020-09-11T14:31:24.683+0000][1][safepoint    ] Safepoint "BulkRevokeBias", Time since last: 3317256 ns, Reaching safepoint: 96446 ns, At safepoint: 49443 ns, Total: 145889 ns
[2020-09-11T14:31:24.684+0000][1][safepoint    ] Safepoint "BulkRevokeBias", Time since last: 543060 ns, Reaching safepoint: 81731 ns, At safepoint: 37319 ns, Total: 119050 ns
[2020-09-11T14:31:24.968+0000][1][gc,start     ] GC(11) Pause Young (Allocation Failure)
[2020-09-11T14:31:24.968+0000][1][gc,task      ] GC(11) Using 1 workers of 1 for evacuation
[2020-09-11T14:31:25.009+0000][1][gc,age       ] GC(11) Desired survivor size 4358144 bytes, new threshold 6 (max threshold 6)
[2020-09-11T14:31:25.009+0000][1][gc,age       ] GC(11) Age table with threshold 6 (max threshold 6)
[2020-09-11T14:31:25.009+0000][1][gc,age       ] GC(11) - age   1:    2389640 bytes,    2389640 total
[2020-09-11T14:31:25.009+0000][1][gc,age       ] GC(11) - age   2:     402680 bytes,    2792320 total
[2020-09-11T14:31:25.009+0000][1][gc,age       ] GC(11) - age   3:     147008 bytes,    2939328 total
[2020-09-11T14:31:25.009+0000][1][gc,age       ] GC(11) - age   4:     829168 bytes,    3768496 total
[2020-09-11T14:31:25.009+0000][1][gc,age       ] GC(11) - age   5:     446184 bytes,    4214680 total
[2020-09-11T14:31:25.009+0000][1][gc,age       ] GC(11) - age   6:    1523640 bytes,    5738320 total
[2020-09-11T14:31:25.009+0000][1][gc,heap      ] GC(11) ParNew: 75117K->6567K(76672K)
[2020-09-11T14:31:25.009+0000][1][gc,heap      ] GC(11) CMS: 12562K->12562K(2011968K)
[2020-09-11T14:31:25.009+0000][1][gc,metaspace ] GC(11) Metaspace: 22609K->22609K(1071104K)
[2020-09-11T14:31:25.009+0000][1][gc           ] GC(11) Pause Young (Allocation Failure) 85M->18M(2039M) 41.506ms
[2020-09-11T14:31:25.009+0000][1][gc,cpu       ] GC(11) User=0.04s Sys=0.00s Real=0.04s
[2020-09-11T14:31:25.009+0000][1][safepoint    ] Safepoint "GenCollectForAllocation", Time since last: 283919331 ns, Reaching safepoint: 106568 ns, At safepoint: 41570020 ns, Total: 41676588 ns
[2020-09-11T14:31:25.179+0000][1][gc,start     ] GC(12) Pause Young (Allocation Failure)
[2020-09-11T14:31:25.179+0000][1][gc,task      ] GC(12) Using 1 workers of 1 for evacuation
[2020-09-11T14:31:25.199+0000][1][gc,age       ] GC(12) Desired survivor size 4358144 bytes, new threshold 6 (max threshold 6)
[2020-09-11T14:31:25.199+0000][1][gc,age       ] GC(12) Age table with threshold 6 (max threshold 6)
[2020-09-11T14:31:25.199+0000][1][gc,age       ] GC(12) - age   1:     877480 bytes,     877480 total
[2020-09-11T14:31:25.199+0000][1][gc,age       ] GC(12) - age   2:     544200 bytes,    1421680 total
[2020-09-11T14:31:25.199+0000][1][gc,age       ] GC(12) - age   3:     402680 bytes,    1824360 total
[2020-09-11T14:31:25.199+0000][1][gc,age       ] GC(12) - age   4:     146904 bytes,    1971264 total
[2020-09-11T14:31:25.199+0000][1][gc,age       ] GC(12) - age   5:     829024 bytes,    2800288 total
[2020-09-11T14:31:25.199+0000][1][gc,age       ] GC(12) - age   6:     446040 bytes,    3246328 total
[2020-09-11T14:31:25.199+0000][1][gc,heap      ] GC(12) ParNew: 74727K->4750K(76672K)
[2020-09-11T14:31:25.199+0000][1][gc,heap      ] GC(12) CMS: 12562K->14062K(2011968K)
[2020-09-11T14:31:25.199+0000][1][gc,metaspace ] GC(12) Metaspace: 22636K->22636K(1071104K)
[2020-09-11T14:31:25.199+0000][1][gc           ] GC(12) Pause Young (Allocation Failure) 85M->18M(2039M) 20.244ms
[2020-09-11T14:31:25.199+0000][1][gc,cpu       ] GC(12) User=0.02s Sys=0.00s Real=0.02s
[2020-09-11T14:31:25.207+0000][1][safepoint    ] Safepoint "GenCollectForAllocation", Time since last: 169263135 ns, Reaching safepoint: 141554 ns, At safepoint: 28896229 ns, Total: 29037783 ns
[2020-09-11T14:31:25.360+0000][1][gc,start     ] GC(13) Pause Young (Allocation Failure)
[2020-09-11T14:31:25.360+0000][1][gc,task      ] GC(13) Using 1 workers of 1 for evacuation
[2020-09-11T14:31:25.385+0000][1][gc,age       ] GC(13) Desired survivor size 4358144 bytes, new threshold 6 (max threshold 6)
[2020-09-11T14:31:25.385+0000][1][gc,age       ] GC(13) Age table with threshold 6 (max threshold 6)
[2020-09-11T14:31:25.385+0000][1][gc,age       ] GC(13) - age   1:     124328 bytes,     124328 total
[2020-09-11T14:31:25.385+0000][1][gc,age       ] GC(13) - age   2:     203656 bytes,     327984 total
[2020-09-11T14:31:25.385+0000][1][gc,age       ] GC(13) - age   3:     544088 bytes,     872072 total
[2020-09-11T14:31:25.385+0000][1][gc,age       ] GC(13) - age   4:     402680 bytes,    1274752 total
[2020-09-11T14:31:25.385+0000][1][gc,age       ] GC(13) - age   5:     146904 bytes,    1421656 total
[2020-09-11T14:31:25.385+0000][1][gc,age       ] GC(13) - age   6:     829024 bytes,    2250680 total
[2020-09-11T14:31:25.385+0000][1][gc,heap      ] GC(13) ParNew: 72910K->3565K(76672K)
[2020-09-11T14:31:25.385+0000][1][gc,heap      ] GC(13) CMS: 14062K->14501K(2011968K)
[2020-09-11T14:31:25.385+0000][1][gc,metaspace ] GC(13) Metaspace: 22736K->22736K(1071104K)
[2020-09-11T14:31:25.385+0000][1][gc           ] GC(13) Pause Young (Allocation Failure) 84M->17M(2039M) 25.356ms
[2020-09-11T14:31:25.385+0000][1][gc,cpu       ] GC(13) User=0.02s Sys=0.00s Real=0.03s
[2020-09-11T14:31:25.386+0000][1][safepoint    ] Safepoint "GenCollectForAllocation", Time since last: 152280590 ns, Reaching safepoint: 104286 ns, At safepoint: 26478490 ns, Total: 26582776 ns
[2020-09-11T14:31:25.564+0000][1][gc,start     ] GC(14) Pause Young (Allocation Failure)
[2020-09-11T14:31:25.565+0000][1][gc,task      ] GC(14) Using 1 workers of 1 for evacuation
[2020-09-11T14:31:25.583+0000][1][gc,age       ] GC(14) Desired survivor size 4358144 bytes, new threshold 6 (max threshold 6)
[2020-09-11T14:31:25.583+0000][1][gc,age       ] GC(14) Age table with threshold 6 (max threshold 6)
[2020-09-11T14:31:25.583+0000][1][gc,age       ] GC(14) - age   1:    1076216 bytes,    1076216 total
[2020-09-11T14:31:25.583+0000][1][gc,age       ] GC(14) - age   2:     105600 bytes,    1181816 total
[2020-09-11T14:31:25.583+0000][1][gc,age       ] GC(14) - age   3:     203656 bytes,    1385472 total
[2020-09-11T14:31:25.583+0000][1][gc,age       ] GC(14) - age   4:     544088 bytes,    1929560 total
[2020-09-11T14:31:25.583+0000][1][gc,age       ] GC(14) - age   5:     402680 bytes,    2332240 total
[2020-09-11T14:31:25.583+0000][1][gc,age       ] GC(14) - age   6:     146904 bytes,    2479144 total
[2020-09-11T14:31:25.583+0000][1][gc,heap      ] GC(14) ParNew: 71725K->2539K(76672K)
[2020-09-11T14:31:25.583+0000][1][gc,heap      ] GC(14) CMS: 14501K->15316K(2011968K)
[2020-09-11T14:31:25.583+0000][1][gc,metaspace ] GC(14) Metaspace: 22815K->22815K(1071104K)
[2020-09-11T14:31:25.583+0000][1][gc           ] GC(14) Pause Young (Allocation Failure) 84M->17M(2039M) 18.607ms
[2020-09-11T14:31:25.583+0000][1][gc,cpu       ] GC(14) User=0.02s Sys=0.00s Real=0.01s
[2020-09-11T14:31:25.587+0000][1][safepoint    ] Safepoint "GenCollectForAllocation", Time since last: 178054463 ns, Reaching safepoint: 116394 ns, At safepoint: 22936565 ns, Total: 23052959 ns
[2020-09-11T14:31:25.764+0000][1][gc,start     ] GC(15) Pause Young (Allocation Failure)
[2020-09-11T14:31:25.764+0000][1][gc,task      ] GC(15) Using 1 workers of 1 for evacuation
[2020-09-11T14:31:25.785+0000][1][gc,age       ] GC(15) Desired survivor size 4358144 bytes, new threshold 6 (max threshold 6)
[2020-09-11T14:31:25.785+0000][1][gc,age       ] GC(15) Age table with threshold 6 (max threshold 6)
[2020-09-11T14:31:25.785+0000][1][gc,age       ] GC(15) - age   1:     747408 bytes,     747408 total
[2020-09-11T14:31:25.785+0000][1][gc,age       ] GC(15) - age   2:     315800 bytes,    1063208 total
[2020-09-11T14:31:25.785+0000][1][gc,age       ] GC(15) - age   3:     105600 bytes,    1168808 total
[2020-09-11T14:31:25.786+0000][1][gc,age       ] GC(15) - age   4:     203656 bytes,    1372464 total
[2020-09-11T14:31:25.786+0000][1][gc,age       ] GC(15) - age   5:     544088 bytes,    1916552 total
[2020-09-11T14:31:25.786+0000][1][gc,age       ] GC(15) - age   6:     402680 bytes,    2319232 total
[2020-09-11T14:31:25.786+0000][1][gc,heap      ] GC(15) ParNew: 70699K->2450K(76672K)
[2020-09-11T14:31:25.786+0000][1][gc,heap      ] GC(15) CMS: 15316K->15465K(2011968K)
[2020-09-11T14:31:25.786+0000][1][gc,metaspace ] GC(15) Metaspace: 22904K->22904K(1071104K)
[2020-09-11T14:31:25.786+0000][1][gc           ] GC(15) Pause Young (Allocation Failure) 84M->17M(2039M) 22.050ms
[2020-09-11T14:31:25.786+0000][1][gc,cpu       ] GC(15) User=0.02s Sys=0.00s Real=0.02s
[2020-09-11T14:31:25.791+0000][1][safepoint    ] Safepoint "GenCollectForAllocation", Time since last: 175996337 ns, Reaching safepoint: 104331 ns, At safepoint: 27897740 ns, Total: 28002071 ns
[2020-09-11T14:31:25.923+0000][1][gc,start     ] GC(16) Pause Young (Allocation Failure)
[2020-09-11T14:31:25.923+0000][1][gc,task      ] GC(16) Using 1 workers of 1 for evacuation
[2020-09-11T14:31:25.942+0000][1][gc,age       ] GC(16) Desired survivor size 4358144 bytes, new threshold 6 (max threshold 6)
[2020-09-11T14:31:25.942+0000][1][gc,age       ] GC(16) Age table with threshold 6 (max threshold 6)
[2020-09-11T14:31:25.942+0000][1][gc,age       ] GC(16) - age   1:    1986232 bytes,    1986232 total
[2020-09-11T14:31:25.942+0000][1][gc,age       ] GC(16) - age   2:     188752 bytes,    2174984 total
[2020-09-11T14:31:25.942+0000][1][gc,age       ] GC(16) - age   3:     315800 bytes,    2490784 total
[2020-09-11T14:31:25.942+0000][1][gc,age       ] GC(16) - age   4:     105600 bytes,    2596384 total
[2020-09-11T14:31:25.942+0000][1][gc,age       ] GC(16) - age   5:     203504 bytes,    2799888 total
[2020-09-11T14:31:25.942+0000][1][gc,age       ] GC(16) - age   6:     544088 bytes,    3343976 total
[2020-09-11T14:31:25.942+0000][1][gc,heap      ] GC(16) ParNew: 70610K->4622K(76672K)
[2020-09-11T14:31:25.942+0000][1][gc,heap      ] GC(16) CMS: 15465K->15863K(2011968K)
[2020-09-11T14:31:25.942+0000][1][gc,metaspace ] GC(16) Metaspace: 22920K->22920K(1071104K)
[2020-09-11T14:31:25.943+0000][1][gc           ] GC(16) Pause Young (Allocation Failure) 84M->20M(2039M) 19.496ms
[2020-09-11T14:31:25.943+0000][1][gc,cpu       ] GC(16) User=0.02s Sys=0.00s Real=0.02s
[2020-09-11T14:31:25.947+0000][1][safepoint    ] Safepoint "GenCollectForAllocation", Time since last: 131485902 ns, Reaching safepoint: 109912 ns, At safepoint: 24413208 ns, Total: 24523120 ns
[2020-09-11T14:31:25.970+0000][1][safepoint    ] Safepoint "Deoptimize", Time since last: 22019534 ns, Reaching safepoint: 101995 ns, At safepoint: 214565 ns, Total: 316560 ns
[2020-09-11T14:31:26.368+0000][1][safepoint    ] Safepoint "RevokeBias", Time since last: 397647235 ns, Reaching safepoint: 272182 ns, At safepoint: 21747 ns, Total: 293929 ns
[2020-09-11T14:31:26.368+0000][1][safepoint    ] Safepoint "RevokeBias", Time since last: 105803 ns, Reaching safepoint: 20317 ns, At safepoint: 9581 ns, Total: 29898 ns
[2020-09-11T14:31:26.774+0000][1][safepoint    ] Safepoint "Deoptimize", Time since last: 406244208 ns, Reaching safepoint: 119609 ns, At safepoint: 228793 ns, Total: 348402 ns
[2020-09-11T14:31:26.805+0000][1][safepoint    ] Safepoint "Deoptimize", Time since last: 30483669 ns, Reaching safepoint: 157811 ns, At safepoint: 259441 ns, Total: 417252 ns
[2020-09-11T14:31:27.806+0000][1][safepoint    ] Safepoint "Cleanup", Time since last: 1000120121 ns, Reaching safepoint: 264967 ns, At safepoint: 9887 ns, Total: 274854 ns
[2020-09-11T14:31:27.834+0000][1][gc,start     ] GC(17) Pause Young (Allocation Failure)
[2020-09-11T14:31:27.834+0000][1][gc,task      ] GC(17) Using 1 workers of 1 for evacuation
[2020-09-11T14:31:27.873+0000][1][gc,age       ] GC(17) Desired survivor size 4358144 bytes, new threshold 1 (max threshold 6)
[2020-09-11T14:31:27.873+0000][1][gc,age       ] GC(17) Age table with threshold 1 (max threshold 6)
[2020-09-11T14:31:27.873+0000][1][gc,age       ] GC(17) - age   1:    7683504 bytes,    7683504 total
[2020-09-11T14:31:27.873+0000][1][gc,age       ] GC(17) - age   2:      73472 bytes,    7756976 total
[2020-09-11T14:31:27.873+0000][1][gc,age       ] GC(17) - age   3:     188320 bytes,    7945296 total
[2020-09-11T14:31:27.873+0000][1][gc,age       ] GC(17) - age   4:     313504 bytes,    8258800 total
[2020-09-11T14:31:27.873+0000][1][gc,age       ] GC(17) - age   5:     105320 bytes,    8364120 total
[2020-09-11T14:31:27.873+0000][1][gc,age       ] GC(17) - age   6:     203504 bytes,    8567624 total
[2020-09-11T14:31:27.873+0000][1][gc,heap      ] GC(17) ParNew: 72782K->8512K(76672K)
[2020-09-11T14:31:27.873+0000][1][gc,heap      ] GC(17) CMS: 15863K->16401K(2011968K)
[2020-09-11T14:31:27.873+0000][1][gc,metaspace ] GC(17) Metaspace: 29688K->29688K(1077248K)
[2020-09-11T14:31:27.873+0000][1][gc           ] GC(17) Pause Young (Allocation Failure) 86M->24M(2039M) 39.001ms
[2020-09-11T14:31:27.873+0000][1][gc,cpu       ] GC(17) User=0.04s Sys=0.00s Real=0.04s
[2020-09-11T14:31:27.883+0000][1][safepoint    ] Safepoint "GenCollectForAllocation", Time since last: 28582531 ns, Reaching safepoint: 94693 ns, At safepoint: 48826265 ns, Total: 48920958 ns
[2020-09-11T14:31:28.888+0000][1][safepoint    ] Safepoint "Cleanup", Time since last: 1004235407 ns, Reaching safepoint: 568281 ns, At safepoint: 8347 ns, Total: 576628 ns
[2020-09-11T14:31:29.332+0000][1][gc,start     ] GC(18) Pause Young (Allocation Failure)
[2020-09-11T14:31:29.332+0000][1][gc,task      ] GC(18) Using 1 workers of 1 for evacuation
[2020-09-11T14:31:29.405+0000][1][gc,age       ] GC(18) Desired survivor size 4358144 bytes, new threshold 1 (max threshold 6)
[2020-09-11T14:31:29.405+0000][1][gc,age       ] GC(18) Age table with threshold 1 (max threshold 6)
[2020-09-11T14:31:29.405+0000][1][gc,age       ] GC(18) - age   1:    8302944 bytes,    8302944 total
[2020-09-11T14:31:29.405+0000][1][gc,heap      ] GC(18) ParNew: 76672K->8512K(76672K)
[2020-09-11T14:31:29.405+0000][1][gc,heap      ] GC(18) CMS: 16401K->25159K(2011968K)
[2020-09-11T14:31:29.405+0000][1][gc,metaspace ] GC(18) Metaspace: 29727K->29727K(1077248K)
[2020-09-11T14:31:29.405+0000][1][gc           ] GC(18) Pause Young (Allocation Failure) 90M->32M(2039M) 72.976ms
[2020-09-11T14:31:29.405+0000][1][gc,cpu       ] GC(18) User=0.06s Sys=0.00s Real=0.08s
[2020-09-11T14:31:29.415+0000][1][safepoint    ] Safepoint "GenCollectForAllocation", Time since last: 444178157 ns, Reaching safepoint: 98486 ns, At safepoint: 83116836 ns, Total: 83215322 ns
[2020-09-11T14:31:30.425+0000][1][safepoint    ] Safepoint "Cleanup", Time since last: 1004880090 ns, Reaching safepoint: 4247718 ns, At safepoint: 9263 ns, Total: 4256981 ns
[2020-09-11T14:31:30.544+0000][1][gc,start     ] GC(19) Pause Young (Allocation Failure)
[2020-09-11T14:31:30.544+0000][1][gc,task      ] GC(19) Using 1 workers of 1 for evacuation
[2020-09-11T14:31:30.620+0000][1][gc,age       ] GC(19) Desired survivor size 4358144 bytes, new threshold 1 (max threshold 6)
[2020-09-11T14:31:30.620+0000][1][gc,age       ] GC(19) Age table with threshold 1 (max threshold 6)
[2020-09-11T14:31:30.620+0000][1][gc,age       ] GC(19) - age   1:    8716216 bytes,    8716216 total
[2020-09-11T14:31:30.620+0000][1][gc,heap      ] GC(19) ParNew: 76672K->8512K(76672K)
[2020-09-11T14:31:30.620+0000][1][gc,heap      ] GC(19) CMS: 25159K->33791K(2011968K)
[2020-09-11T14:31:30.620+0000][1][gc,metaspace ] GC(19) Metaspace: 29855K->29855K(1077248K)
[2020-09-11T14:31:30.620+0000][1][gc           ] GC(19) Pause Young (Allocation Failure) 99M->41M(2039M) 75.722ms
[2020-09-11T14:31:30.620+0000][1][gc,cpu       ] GC(19) User=0.07s Sys=0.00s Real=0.07s
[2020-09-11T14:31:30.627+0000][1][safepoint    ] Safepoint "GenCollectForAllocation", Time since last: 119500468 ns, Reaching safepoint: 106597 ns, At safepoint: 83259713 ns, Total: 83366310 ns
[2020-09-11T14:31:31.391+0000][1][safepoint    ] Safepoint "ICBufferFull", Time since last: 762918904 ns, Reaching safepoint: 224298 ns, At safepoint: 8884 ns, Total: 233182 ns
[2020-09-11T14:31:31.599+0000][1][gc,start     ] GC(20) Pause Young (Allocation Failure)
[2020-09-11T14:31:31.599+0000][1][gc,task      ] GC(20) Using 1 workers of 1 for evacuation
[2020-09-11T14:31:31.642+0000][1][gc,age       ] GC(20) Desired survivor size 4358144 bytes, new threshold 6 (max threshold 6)
[2020-09-11T14:31:31.642+0000][1][gc,age       ] GC(20) Age table with threshold 6 (max threshold 6)
[2020-09-11T14:31:31.642+0000][1][gc,age       ] GC(20) - age   1:    3759576 bytes,    3759576 total
[2020-09-11T14:31:31.642+0000][1][gc,heap      ] GC(20) ParNew: 76672K->8343K(76672K)
[2020-09-11T14:31:31.642+0000][1][gc,heap      ] GC(20) CMS: 33791K->41942K(2011968K)
[2020-09-11T14:31:31.642+0000][1][gc,metaspace ] GC(20) Metaspace: 32105K->32105K(1079296K)
[2020-09-11T14:31:31.642+0000][1][gc           ] GC(20) Pause Young (Allocation Failure) 107M->49M(2039M) 42.562ms
[2020-09-11T14:31:31.642+0000][1][gc,cpu       ] GC(20) User=0.04s Sys=0.00s Real=0.04s
[2020-09-11T14:31:31.645+0000][1][safepoint    ] Safepoint "GenCollectForAllocation", Time since last: 208507975 ns, Reaching safepoint: 149111 ns, At safepoint: 46191314 ns, Total: 46340425 ns
[2020-09-11T14:31:31.752+0000][1][safepoint    ] Safepoint "Deoptimize", Time since last: 105976397 ns, Reaching safepoint: 108296 ns, At safepoint: 264103 ns, Total: 372399 ns
[2020-09-11T14:31:32.392+0000][1][safepoint    ] Safepoint "RevokeBias", Time since last: 640004663 ns, Reaching safepoint: 142442 ns, At safepoint: 24052 ns, Total: 166494 ns
[2020-09-11T14:31:32.396+0000][1][safepoint    ] Safepoint "Deoptimize", Time since last: 3454541 ns, Reaching safepoint: 94254 ns, At safepoint: 272375 ns, Total: 366629 ns
[2020-09-11T14:31:32.678+0000][1][gc,start     ] GC(21) Pause Young (Allocation Failure)
[2020-09-11T14:31:32.678+0000][1][gc,task      ] GC(21) Using 1 workers of 1 for evacuation
[2020-09-11T14:31:32.701+0000][1][gc,age       ] GC(21) Desired survivor size 4358144 bytes, new threshold 2 (max threshold 6)
[2020-09-11T14:31:32.701+0000][1][gc,age       ] GC(21) Age table with threshold 2 (max threshold 6)
[2020-09-11T14:31:32.701+0000][1][gc,age       ] GC(21) - age   1:    1070488 bytes,    1070488 total
[2020-09-11T14:31:32.701+0000][1][gc,age       ] GC(21) - age   2:    3666192 bytes,    4736680 total
[2020-09-11T14:31:32.701+0000][1][gc,heap      ] GC(21) ParNew: 76503K->6925K(76672K)
[2020-09-11T14:31:32.701+0000][1][gc,heap      ] GC(21) CMS: 41942K->41942K(2011968K)
[2020-09-11T14:31:32.701+0000][1][gc,metaspace ] GC(21) Metaspace: 32408K->32408K(1079296K)
[2020-09-11T14:31:32.701+0000][1][gc           ] GC(21) Pause Young (Allocation Failure) 115M->47M(2039M) 23.766ms
[2020-09-11T14:31:32.701+0000][1][gc,cpu       ] GC(21) User=0.02s Sys=0.00s Real=0.02s
[2020-09-11T14:31:32.705+0000][1][safepoint    ] Safepoint "GenCollectForAllocation", Time since last: 281807967 ns, Reaching safepoint: 113998 ns, At safepoint: 27794952 ns, Total: 27908950 ns
[2020-09-11T14:31:33.024+0000][1][gc,start     ] GC(22) Pause Young (Allocation Failure)
[2020-09-11T14:31:33.024+0000][1][gc,task      ] GC(22) Using 1 workers of 1 for evacuation
[2020-09-11T14:31:33.055+0000][1][gc,age       ] GC(22) Desired survivor size 4358144 bytes, new threshold 6 (max threshold 6)
[2020-09-11T14:31:33.055+0000][1][gc,age       ] GC(22) Age table with threshold 6 (max threshold 6)
[2020-09-11T14:31:33.055+0000][1][gc,age       ] GC(22) - age   1:     249696 bytes,     249696 total
[2020-09-11T14:31:33.055+0000][1][gc,age       ] GC(22) - age   2:     439096 bytes,     688792 total
[2020-09-11T14:31:33.055+0000][1][gc,heap      ] GC(22) ParNew: 75085K->4334K(76672K)
[2020-09-11T14:31:33.056+0000][1][gc,heap      ] GC(22) CMS: 41942K->45540K(2011968K)
[2020-09-11T14:31:33.056+0000][1][gc,metaspace ] GC(22) Metaspace: 32421K->32421K(1079296K)
[2020-09-11T14:31:33.056+0000][1][gc           ] GC(22) Pause Young (Allocation Failure) 114M->48M(2039M) 31.500ms
[2020-09-11T14:31:33.056+0000][1][gc,cpu       ] GC(22) User=0.03s Sys=0.01s Real=0.03s
[2020-09-11T14:31:33.059+0000][1][safepoint    ] Safepoint "GenCollectForAllocation", Time since last: 318410870 ns, Reaching safepoint: 111533 ns, At safepoint: 35393247 ns, Total: 35504780 ns
[2020-09-11T14:31:33.230+0000][1][gc,start     ] GC(23) Pause Young (Allocation Failure)
[2020-09-11T14:31:33.230+0000][1][gc,task      ] GC(23) Using 1 workers of 1 for evacuation
[2020-09-11T14:31:33.243+0000][1][gc,age       ] GC(23) Desired survivor size 4358144 bytes, new threshold 6 (max threshold 6)
[2020-09-11T14:31:33.243+0000][1][gc,age       ] GC(23) Age table with threshold 6 (max threshold 6)
[2020-09-11T14:31:33.243+0000][1][gc,age       ] GC(23) - age   1:         72 bytes,         72 total
[2020-09-11T14:31:33.243+0000][1][gc,age       ] GC(23) - age   2:     249432 bytes,     249504 total
[2020-09-11T14:31:33.243+0000][1][gc,age       ] GC(23) - age   3:     439096 bytes,     688600 total
[2020-09-11T14:31:33.243+0000][1][gc,heap      ] GC(23) ParNew: 72494K->1209K(76672K)
[2020-09-11T14:31:33.243+0000][1][gc,heap      ] GC(23) CMS: 45540K->45540K(2011968K)
[2020-09-11T14:31:33.243+0000][1][gc,metaspace ] GC(23) Metaspace: 32422K->32422K(1079296K)
[2020-09-11T14:31:33.243+0000][1][gc           ] GC(23) Pause Young (Allocation Failure) 115M->45M(2039M) 13.692ms
[2020-09-11T14:31:33.243+0000][1][gc,cpu       ] GC(23) User=0.01s Sys=0.01s Real=0.02s
[2020-09-11T14:31:33.247+0000][1][safepoint    ] Safepoint "GenCollectForAllocation", Time since last: 170096200 ns, Reaching safepoint: 155210 ns, At safepoint: 17779665 ns, Total: 17934875 ns
[2020-09-11T14:31:33.393+0000][1][gc,start     ] GC(24) Pause Young (Allocation Failure)
[2020-09-11T14:31:33.393+0000][1][gc,task      ] GC(24) Using 1 workers of 1 for evacuation
[2020-09-11T14:31:33.421+0000][1][gc,age       ] GC(24) Desired survivor size 4358144 bytes, new threshold 6 (max threshold 6)
[2020-09-11T14:31:33.421+0000][1][gc,age       ] GC(24) Age table with threshold 6 (max threshold 6)
[2020-09-11T14:31:33.421+0000][1][gc,age       ] GC(24) - age   1:        176 bytes,        176 total
[2020-09-11T14:31:33.421+0000][1][gc,age       ] GC(24) - age   3:     249432 bytes,     249608 total
[2020-09-11T14:31:33.421+0000][1][gc,age       ] GC(24) - age   4:     439096 bytes,     688704 total
[2020-09-11T14:31:33.421+0000][1][gc,heap      ] GC(24) ParNew: 69369K->1109K(76672K)
[2020-09-11T14:31:33.421+0000][1][gc,heap      ] GC(24) CMS: 45540K->45540K(2011968K)
[2020-09-11T14:31:33.421+0000][1][gc,metaspace ] GC(24) Metaspace: 32425K->32425K(1079296K)
[2020-09-11T14:31:33.421+0000][1][gc           ] GC(24) Pause Young (Allocation Failure) 112M->45M(2039M) 28.199ms
[2020-09-11T14:31:33.421+0000][1][gc,cpu       ] GC(24) User=0.03s Sys=0.00s Real=0.03s
[2020-09-11T14:31:33.421+0000][1][safepoint    ] Safepoint "GenCollectForAllocation", Time since last: 145366571 ns, Reaching safepoint: 104208 ns, At safepoint: 28262021 ns, Total: 28366229 ns
[2020-09-11T14:31:33.579+0000][1][gc,start     ] GC(25) Pause Young (Allocation Failure)
[2020-09-11T14:31:33.579+0000][1][gc,task      ] GC(25) Using 1 workers of 1 for evacuation
[2020-09-11T14:31:33.601+0000][1][gc,age       ] GC(25) Desired survivor size 4358144 bytes, new threshold 6 (max threshold 6)
[2020-09-11T14:31:33.601+0000][1][gc,age       ] GC(25) Age table with threshold 6 (max threshold 6)
[2020-09-11T14:31:33.601+0000][1][gc,age       ] GC(25) - age   1:         96 bytes,         96 total
[2020-09-11T14:31:33.601+0000][1][gc,age       ] GC(25) - age   4:     249432 bytes,     249528 total
[2020-09-11T14:31:33.601+0000][1][gc,age       ] GC(25) - age   5:     439096 bytes,     688624 total
[2020-09-11T14:31:33.601+0000][1][gc,heap      ] GC(25) ParNew: 69269K->1286K(76672K)
[2020-09-11T14:31:33.601+0000][1][gc,heap      ] GC(25) CMS: 45540K->45540K(2011968K)
[2020-09-11T14:31:33.601+0000][1][gc,metaspace ] GC(25) Metaspace: 32425K->32425K(1079296K)
[2020-09-11T14:31:33.601+0000][1][gc           ] GC(25) Pause Young (Allocation Failure) 112M->45M(2039M) 21.582ms
[2020-09-11T14:31:33.601+0000][1][gc,cpu       ] GC(25) User=0.03s Sys=0.00s Real=0.02s
[2020-09-11T14:31:33.603+0000][1][safepoint    ] Safepoint "GenCollectForAllocation", Time since last: 157973869 ns, Reaching safepoint: 93721 ns, At safepoint: 24181273 ns, Total: 24274994 ns
[2020-09-11T14:31:33.671+0000][1][gc,start     ] GC(26) Pause Young (Allocation Failure)
[2020-09-11T14:31:33.672+0000][1][gc,task      ] GC(26) Using 1 workers of 1 for evacuation
[2020-09-11T14:31:33.685+0000][1][gc,age       ] GC(26) Desired survivor size 4358144 bytes, new threshold 6 (max threshold 6)
[2020-09-11T14:31:33.685+0000][1][gc,age       ] GC(26) Age table with threshold 6 (max threshold 6)
[2020-09-11T14:31:33.685+0000][1][gc,age       ] GC(26) - age   1:        144 bytes,        144 total
[2020-09-11T14:31:33.685+0000][1][gc,age       ] GC(26) - age   5:     249432 bytes,     249576 total
[2020-09-11T14:31:33.685+0000][1][gc,age       ] GC(26) - age   6:     439096 bytes,     688672 total
[2020-09-11T14:31:33.685+0000][1][gc,heap      ] GC(26) ParNew: 69446K->825K(76672K)
[2020-09-11T14:31:33.685+0000][1][gc,heap      ] GC(26) CMS: 45540K->45540K(2011968K)
[2020-09-11T14:31:33.685+0000][1][gc,metaspace ] GC(26) Metaspace: 32425K->32425K(1079296K)
[2020-09-11T14:31:33.685+0000][1][gc           ] GC(26) Pause Young (Allocation Failure) 112M->45M(2039M) 13.529ms
[2020-09-11T14:31:33.685+0000][1][gc,cpu       ] GC(26) User=0.02s Sys=0.00s Real=0.02s
[2020-09-11T14:31:33.685+0000][1][safepoint    ] Safepoint "GenCollectForAllocation", Time since last: 67860623 ns, Reaching safepoint: 161502 ns, At safepoint: 13592759 ns, Total: 13754261 ns
[2020-09-11T14:31:33.733+0000][1][gc,start     ] GC(27) Pause Young (Allocation Failure)
[2020-09-11T14:31:33.733+0000][1][gc,task      ] GC(27) Using 1 workers of 1 for evacuation
[2020-09-11T14:31:33.747+0000][1][gc,age       ] GC(27) Desired survivor size 4358144 bytes, new threshold 6 (max threshold 6)
[2020-09-11T14:31:33.747+0000][1][gc,age       ] GC(27) Age table with threshold 6 (max threshold 6)
[2020-09-11T14:31:33.747+0000][1][gc,age       ] GC(27) - age   1:         88 bytes,         88 total
[2020-09-11T14:31:33.747+0000][1][gc,age       ] GC(27) - age   6:     249432 bytes,     249520 total
[2020-09-11T14:31:33.747+0000][1][gc,heap      ] GC(27) ParNew: 68985K->607K(76672K)
[2020-09-11T14:31:33.747+0000][1][gc,heap      ] GC(27) CMS: 45540K->45969K(2011968K)
[2020-09-11T14:31:33.747+0000][1][gc,metaspace ] GC(27) Metaspace: 32425K->32425K(1079296K)
[2020-09-11T14:31:33.747+0000][1][gc           ] GC(27) Pause Young (Allocation Failure) 111M->45M(2039M) 14.201ms
[2020-09-11T14:31:33.747+0000][1][gc,cpu       ] GC(27) User=0.01s Sys=0.00s Real=0.02s
[2020-09-11T14:31:33.748+0000][1][safepoint    ] Safepoint "GenCollectForAllocation", Time since last: 48062592 ns, Reaching safepoint: 145015 ns, At safepoint: 14260425 ns, Total: 14405440 ns
[2020-09-11T14:31:33.800+0000][1][gc,start     ] GC(28) Pause Young (Allocation Failure)
[2020-09-11T14:31:33.800+0000][1][gc,task      ] GC(28) Using 1 workers of 1 for evacuation
[2020-09-11T14:31:33.814+0000][1][gc,age       ] GC(28) Desired survivor size 4358144 bytes, new threshold 6 (max threshold 6)
[2020-09-11T14:31:33.814+0000][1][gc,age       ] GC(28) Age table with threshold 6 (max threshold 6)
[2020-09-11T14:31:33.814+0000][1][gc,age       ] GC(28) - age   1:        232 bytes,        232 total
[2020-09-11T14:31:33.814+0000][1][gc,heap      ] GC(28) ParNew: 68767K->243K(76672K)
[2020-09-11T14:31:33.814+0000][1][gc,heap      ] GC(28) CMS: 45969K->46213K(2011968K)
[2020-09-11T14:31:33.814+0000][1][gc,metaspace ] GC(28) Metaspace: 32425K->32425K(1079296K)
[2020-09-11T14:31:33.814+0000][1][gc           ] GC(28) Pause Young (Allocation Failure) 112M->45M(2039M) 13.888ms
[2020-09-11T14:31:33.814+0000][1][gc,cpu       ] GC(28) User=0.01s Sys=0.00s Real=0.01s
[2020-09-11T14:31:33.814+0000][1][safepoint    ] Safepoint "GenCollectForAllocation", Time since last: 52510915 ns, Reaching safepoint: 147441 ns, At safepoint: 13940879 ns, Total: 14088320 ns
[2020-09-11T14:31:33.862+0000][1][gc,start     ] GC(29) Pause Young (Allocation Failure)
[2020-09-11T14:31:33.862+0000][1][gc,task      ] GC(29) Using 1 workers of 1 for evacuation
[2020-09-11T14:31:33.875+0000][1][gc,age       ] GC(29) Desired survivor size 4358144 bytes, new threshold 6 (max threshold 6)
[2020-09-11T14:31:33.875+0000][1][gc,age       ] GC(29) Age table with threshold 6 (max threshold 6)
[2020-09-11T14:31:33.875+0000][1][gc,age       ] GC(29) - age   1:        200 bytes,        200 total
[2020-09-11T14:31:33.875+0000][1][gc,age       ] GC(29) - age   2:         72 bytes,        272 total
[2020-09-11T14:31:33.875+0000][1][gc,heap      ] GC(29) ParNew: 68403K->60K(76672K)
[2020-09-11T14:31:33.875+0000][1][gc,heap      ] GC(29) CMS: 46213K->46213K(2011968K)
[2020-09-11T14:31:33.875+0000][1][gc,metaspace ] GC(29) Metaspace: 32425K->32425K(1079296K)
[2020-09-11T14:31:33.875+0000][1][gc           ] GC(29) Pause Young (Allocation Failure) 111M->45M(2039M) 12.735ms
[2020-09-11T14:31:33.875+0000][1][gc,cpu       ] GC(29) User=0.02s Sys=0.00s Real=0.01s
[2020-09-11T14:31:33.875+0000][1][safepoint    ] Safepoint "GenCollectForAllocation", Time since last: 47721280 ns, Reaching safepoint: 150713 ns, At safepoint: 12797751 ns, Total: 12948464 ns
[2020-09-11T14:31:33.935+0000][1][gc,start     ] GC(30) Pause Young (Allocation Failure)
[2020-09-11T14:31:33.935+0000][1][gc,task      ] GC(30) Using 1 workers of 1 for evacuation
[2020-09-11T14:31:33.947+0000][1][gc,age       ] GC(30) Desired survivor size 4358144 bytes, new threshold 6 (max threshold 6)
[2020-09-11T14:31:33.947+0000][1][gc,age       ] GC(30) Age table with threshold 6 (max threshold 6)
[2020-09-11T14:31:33.947+0000][1][gc,age       ] GC(30) - age   1:         24 bytes,         24 total
[2020-09-11T14:31:33.947+0000][1][gc,age       ] GC(30) - age   3:         72 bytes,         96 total
[2020-09-11T14:31:33.947+0000][1][gc,heap      ] GC(30) ParNew: 68220K->15K(76672K)
[2020-09-11T14:31:33.947+0000][1][gc,heap      ] GC(30) CMS: 46213K->46213K(2011968K)
[2020-09-11T14:31:33.947+0000][1][gc,metaspace ] GC(30) Metaspace: 32425K->32425K(1079296K)
[2020-09-11T14:31:33.947+0000][1][gc           ] GC(30) Pause Young (Allocation Failure) 111M->45M(2039M) 11.727ms
[2020-09-11T14:31:33.947+0000][1][gc,cpu       ] GC(30) User=0.01s Sys=0.00s Real=0.02s
[2020-09-11T14:31:33.947+0000][1][safepoint    ] Safepoint "GenCollectForAllocation", Time since last: 60073968 ns, Reaching safepoint: 144150 ns, At safepoint: 11793062 ns, Total: 11937212 ns
[2020-09-11T14:31:34.001+0000][1][gc,start     ] GC(31) Pause Young (Allocation Failure)
[2020-09-11T14:31:34.001+0000][1][gc,task      ] GC(31) Using 1 workers of 1 for evacuation
[2020-09-11T14:31:34.013+0000][1][gc,age       ] GC(31) Desired survivor size 4358144 bytes, new threshold 6 (max threshold 6)
[2020-09-11T14:31:34.013+0000][1][gc,age       ] GC(31) Age table with threshold 6 (max threshold 6)
[2020-09-11T14:31:34.013+0000][1][gc,age       ] GC(31) - age   1:        216 bytes,        216 total
[2020-09-11T14:31:34.013+0000][1][gc,age       ] GC(31) - age   4:         72 bytes,        288 total
[2020-09-11T14:31:34.013+0000][1][gc,heap      ] GC(31) ParNew: 68175K->3K(76672K)
[2020-09-11T14:31:34.013+0000][1][gc,heap      ] GC(31) CMS: 46213K->46213K(2011968K)
[2020-09-11T14:31:34.013+0000][1][gc,metaspace ] GC(31) Metaspace: 32425K->32425K(1079296K)
[2020-09-11T14:31:34.013+0000][1][gc           ] GC(31) Pause Young (Allocation Failure) 111M->45M(2039M) 12.791ms
[2020-09-11T14:31:34.013+0000][1][gc,cpu       ] GC(31) User=0.01s Sys=0.00s Real=0.01s
[2020-09-11T14:31:34.014+0000][1][safepoint    ] Safepoint "GenCollectForAllocation", Time since last: 53679378 ns, Reaching safepoint: 172424 ns, At safepoint: 12859794 ns, Total: 13032218 ns
[2020-09-11T14:31:34.065+0000][1][gc,start     ] GC(32) Pause Young (Allocation Failure)
[2020-09-11T14:31:34.065+0000][1][gc,task      ] GC(32) Using 1 workers of 1 for evacuation
[2020-09-11T14:31:34.078+0000][1][gc,age       ] GC(32) Desired survivor size 4358144 bytes, new threshold 6 (max threshold 6)
[2020-09-11T14:31:34.078+0000][1][gc,age       ] GC(32) Age table with threshold 6 (max threshold 6)
[2020-09-11T14:31:34.078+0000][1][gc,age       ] GC(32) - age   1:        224 bytes,        224 total
[2020-09-11T14:31:34.078+0000][1][gc,age       ] GC(32) - age   5:         72 bytes,        296 total
[2020-09-11T14:31:34.078+0000][1][gc,heap      ] GC(32) ParNew: 68163K->2K(76672K)
[2020-09-11T14:31:34.078+0000][1][gc,heap      ] GC(32) CMS: 46213K->46213K(2011968K)
[2020-09-11T14:31:34.078+0000][1][gc,metaspace ] GC(32) Metaspace: 32425K->32425K(1079296K)
[2020-09-11T14:31:34.078+0000][1][gc           ] GC(32) Pause Young (Allocation Failure) 111M->45M(2039M) 12.915ms
[2020-09-11T14:31:34.078+0000][1][gc,cpu       ] GC(32) User=0.01s Sys=0.00s Real=0.01s
[2020-09-11T14:31:34.078+0000][1][safepoint    ] Safepoint "GenCollectForAllocation", Time since last: 51545037 ns, Reaching safepoint: 150506 ns, At safepoint: 12974659 ns, Total: 13125165 ns
[2020-09-11T14:31:34.132+0000][1][gc,start     ] GC(33) Pause Young (Allocation Failure)
[2020-09-11T14:31:34.132+0000][1][gc,task      ] GC(33) Using 1 workers of 1 for evacuation
[2020-09-11T14:31:34.145+0000][1][gc,age       ] GC(33) Desired survivor size 4358144 bytes, new threshold 6 (max threshold 6)
[2020-09-11T14:31:34.145+0000][1][gc,age       ] GC(33) Age table with threshold 6 (max threshold 6)
[2020-09-11T14:31:34.145+0000][1][gc,age       ] GC(33) - age   1:         80 bytes,         80 total
[2020-09-11T14:31:34.145+0000][1][gc,age       ] GC(33) - age   6:         72 bytes,        152 total
[2020-09-11T14:31:34.145+0000][1][gc,heap      ] GC(33) ParNew: 68162K->2K(76672K)
[2020-09-11T14:31:34.145+0000][1][gc,heap      ] GC(33) CMS: 46213K->46213K(2011968K)
[2020-09-11T14:31:34.145+0000][1][gc,metaspace ] GC(33) Metaspace: 32425K->32425K(1079296K)
[2020-09-11T14:31:34.145+0000][1][gc           ] GC(33) Pause Young (Allocation Failure) 111M->45M(2039M) 13.198ms
[2020-09-11T14:31:34.145+0000][1][gc,cpu       ] GC(33) User=0.01s Sys=0.00s Real=0.02s
[2020-09-11T14:31:34.145+0000][1][safepoint    ] Safepoint "GenCollectForAllocation", Time since last: 53646886 ns, Reaching safepoint: 149197 ns, At safepoint: 13256684 ns, Total: 13405881 ns
[2020-09-11T14:31:35.153+0000][1][safepoint    ] Safepoint "Cleanup", Time since last: 1005714173 ns, Reaching safepoint: 2179026 ns, At safepoint: 8596 ns, Total: 2187622 ns
[2020-09-11T14:31:35.432+0000][1][gc,start     ] GC(34) Pause Young (Allocation Failure)
[2020-09-11T14:31:35.432+0000][1][gc,task      ] GC(34) Using 1 workers of 1 for evacuation
[2020-09-11T14:31:35.450+0000][1][gc,age       ] GC(34) Desired survivor size 4358144 bytes, new threshold 6 (max threshold 6)
[2020-09-11T14:31:35.450+0000][1][gc,age       ] GC(34) Age table with threshold 6 (max threshold 6)
[2020-09-11T14:31:35.450+0000][1][gc,age       ] GC(34) - age   1:     275440 bytes,     275440 total
[2020-09-11T14:31:35.450+0000][1][gc,heap      ] GC(34) ParNew: 68162K->270K(76672K)
[2020-09-11T14:31:35.450+0000][1][gc,heap      ] GC(34) CMS: 46213K->46213K(2011968K)
[2020-09-11T14:31:35.450+0000][1][gc,metaspace ] GC(34) Metaspace: 32446K->32446K(1079296K)
[2020-09-11T14:31:35.450+0000][1][gc           ] GC(34) Pause Young (Allocation Failure) 111M->45M(2039M) 18.893ms
[2020-09-11T14:31:35.450+0000][1][gc,cpu       ] GC(34) User=0.02s Sys=0.00s Real=0.02s
[2020-09-11T14:31:35.453+0000][1][safepoint    ] Safepoint "GenCollectForAllocation", Time since last: 278309805 ns, Reaching safepoint: 109358 ns, At safepoint: 21555626 ns, Total: 21664984 ns
[2020-09-11T14:31:36.026+0000][1][gc,start     ] GC(35) Pause Young (Allocation Failure)
[2020-09-11T14:31:36.027+0000][1][gc,task      ] GC(35) Using 1 workers of 1 for evacuation
[2020-09-11T14:31:36.045+0000][1][gc,age       ] GC(35) Desired survivor size 4358144 bytes, new threshold 6 (max threshold 6)
[2020-09-11T14:31:36.045+0000][1][gc,age       ] GC(35) Age table with threshold 6 (max threshold 6)
[2020-09-11T14:31:36.045+0000][1][gc,age       ] GC(35) - age   1:     510536 bytes,     510536 total
[2020-09-11T14:31:36.045+0000][1][gc,age       ] GC(35) - age   2:     182448 bytes,     692984 total
[2020-09-11T14:31:36.045+0000][1][gc,heap      ] GC(35) ParNew: 68430K->677K(76672K)
[2020-09-11T14:31:36.045+0000][1][gc,heap      ] GC(35) CMS: 46213K->46213K(2011968K)
[2020-09-11T14:31:36.045+0000][1][gc,metaspace ] GC(35) Metaspace: 32446K->32446K(1079296K)
[2020-09-11T14:31:36.045+0000][1][gc           ] GC(35) Pause Young (Allocation Failure) 111M->45M(2039M) 18.940ms
[2020-09-11T14:31:36.045+0000][1][gc,cpu       ] GC(35) User=0.01s Sys=0.00s Real=0.02s
[2020-09-11T14:31:36.047+0000][1][safepoint    ] Safepoint "GenCollectForAllocation", Time since last: 573237873 ns, Reaching safepoint: 94199 ns, At safepoint: 20895952 ns, Total: 20990151 ns
[2020-09-11T14:31:36.432+0000][1][gc,start     ] GC(36) Pause Young (Allocation Failure)
[2020-09-11T14:31:36.432+0000][1][gc,task      ] GC(36) Using 1 workers of 1 for evacuation
[2020-09-11T14:31:36.445+0000][1][gc,age       ] GC(36) Desired survivor size 4358144 bytes, new threshold 6 (max threshold 6)
[2020-09-11T14:31:36.445+0000][1][gc,age       ] GC(36) Age table with threshold 6 (max threshold 6)
[2020-09-11T14:31:36.445+0000][1][gc,age       ] GC(36) - age   1:     642064 bytes,     642064 total
[2020-09-11T14:31:36.445+0000][1][gc,age       ] GC(36) - age   2:     339656 bytes,     981720 total
[2020-09-11T14:31:36.445+0000][1][gc,age       ] GC(36) - age   3:     181728 bytes,    1163448 total
[2020-09-11T14:31:36.445+0000][1][gc,heap      ] GC(36) ParNew: 68837K->1173K(76672K)
[2020-09-11T14:31:36.445+0000][1][gc,heap      ] GC(36) CMS: 46213K->46213K(2011968K)
[2020-09-11T14:31:36.445+0000][1][gc,metaspace ] GC(36) Metaspace: 32447K->32447K(1079296K)
[2020-09-11T14:31:36.445+0000][1][gc           ] GC(36) Pause Young (Allocation Failure) 112M->46M(2039M) 13.201ms
[2020-09-11T14:31:36.445+0000][1][gc,cpu       ] GC(36) User=0.02s Sys=0.00s Real=0.02s
[2020-09-11T14:31:36.448+0000][1][safepoint    ] Safepoint "GenCollectForAllocation", Time since last: 384082567 ns, Reaching safepoint: 106977 ns, At safepoint: 16485770 ns, Total: 16592747 ns
[2020-09-11T14:31:36.706+0000][1][gc,start     ] GC(37) Pause Young (Allocation Failure)
[2020-09-11T14:31:36.707+0000][1][gc,task      ] GC(37) Using 1 workers of 1 for evacuation
[2020-09-11T14:31:36.729+0000][1][gc,age       ] GC(37) Desired survivor size 4358144 bytes, new threshold 6 (max threshold 6)
[2020-09-11T14:31:36.729+0000][1][gc,age       ] GC(37) Age table with threshold 6 (max threshold 6)
[2020-09-11T14:31:36.729+0000][1][gc,age       ] GC(37) - age   1:     621152 bytes,     621152 total
[2020-09-11T14:31:36.729+0000][1][gc,age       ] GC(37) - age   2:     301488 bytes,     922640 total
[2020-09-11T14:31:36.729+0000][1][gc,age       ] GC(37) - age   3:     339472 bytes,    1262112 total
[2020-09-11T14:31:36.729+0000][1][gc,age       ] GC(37) - age   4:     181424 bytes,    1443536 total
[2020-09-11T14:31:36.729+0000][1][gc,heap      ] GC(37) ParNew: 69333K->1411K(76672K)
[2020-09-11T14:31:36.729+0000][1][gc,heap      ] GC(37) CMS: 46213K->46213K(2011968K)
[2020-09-11T14:31:36.729+0000][1][gc,metaspace ] GC(37) Metaspace: 32448K->32448K(1079296K)
[2020-09-11T14:31:36.729+0000][1][gc           ] GC(37) Pause Young (Allocation Failure) 112M->46M(2039M) 22.413ms
[2020-09-11T14:31:36.729+0000][1][gc,cpu       ] GC(37) User=0.02s Sys=0.00s Real=0.02s
[2020-09-11T14:31:36.732+0000][1][safepoint    ] Safepoint "GenCollectForAllocation", Time since last: 258332882 ns, Reaching safepoint: 96019 ns, At safepoint: 25186290 ns, Total: 25282309 ns
[2020-09-11T14:31:37.029+0000][1][gc,start     ] GC(38) Pause Young (Allocation Failure)
[2020-09-11T14:31:37.029+0000][1][gc,task      ] GC(38) Using 1 workers of 1 for evacuation
[2020-09-11T14:31:37.049+0000][1][gc,age       ] GC(38) Desired survivor size 4358144 bytes, new threshold 6 (max threshold 6)
[2020-09-11T14:31:37.049+0000][1][gc,age       ] GC(38) Age table with threshold 6 (max threshold 6)
[2020-09-11T14:31:37.049+0000][1][gc,age       ] GC(38) - age   1:     969176 bytes,     969176 total
[2020-09-11T14:31:37.049+0000][1][gc,age       ] GC(38) - age   2:     264672 bytes,    1233848 total
[2020-09-11T14:31:37.049+0000][1][gc,age       ] GC(38) - age   3:     297464 bytes,    1531312 total
[2020-09-11T14:31:37.049+0000][1][gc,age       ] GC(38) - age   4:     339392 bytes,    1870704 total
[2020-09-11T14:31:37.049+0000][1][gc,age       ] GC(38) - age   5:     181320 bytes,    2052024 total
[2020-09-11T14:31:37.049+0000][1][gc,heap      ] GC(38) ParNew: 69571K->2008K(76672K)
[2020-09-11T14:31:37.049+0000][1][gc,heap      ] GC(38) CMS: 46213K->46213K(2011968K)
[2020-09-11T14:31:37.049+0000][1][gc,metaspace ] GC(38) Metaspace: 32448K->32448K(1079296K)
[2020-09-11T14:31:37.049+0000][1][gc           ] GC(38) Pause Young (Allocation Failure) 113M->47M(2039M) 19.911ms
[2020-09-11T14:31:37.049+0000][1][gc,cpu       ] GC(38) User=0.02s Sys=0.00s Real=0.02s
[2020-09-11T14:31:37.055+0000][1][safepoint    ] Safepoint "GenCollectForAllocation", Time since last: 297606294 ns, Reaching safepoint: 96873 ns, At safepoint: 26097011 ns, Total: 26193884 ns
[2020-09-11T14:31:37.250+0000][1][gc,start     ] GC(39) Pause Young (Allocation Failure)
[2020-09-11T14:31:37.250+0000][1][gc,task      ] GC(39) Using 1 workers of 1 for evacuation
[2020-09-11T14:31:37.272+0000][1][gc,age       ] GC(39) Desired survivor size 4358144 bytes, new threshold 6 (max threshold 6)
[2020-09-11T14:31:37.272+0000][1][gc,age       ] GC(39) Age table with threshold 6 (max threshold 6)
[2020-09-11T14:31:37.272+0000][1][gc,age       ] GC(39) - age   1:     312200 bytes,     312200 total
[2020-09-11T14:31:37.272+0000][1][gc,age       ] GC(39) - age   2:     955560 bytes,    1267760 total
[2020-09-11T14:31:37.272+0000][1][gc,age       ] GC(39) - age   3:     263336 bytes,    1531096 total
[2020-09-11T14:31:37.272+0000][1][gc,age       ] GC(39) - age   4:     296856 bytes,    1827952 total
[2020-09-11T14:31:37.272+0000][1][gc,age       ] GC(39) - age   5:     339056 bytes,    2167008 total
[2020-09-11T14:31:37.272+0000][1][gc,age       ] GC(39) - age   6:     181280 bytes,    2348288 total
[2020-09-11T14:31:37.272+0000][1][gc,heap      ] GC(39) ParNew: 70168K->2293K(76672K)
[2020-09-11T14:31:37.272+0000][1][gc,heap      ] GC(39) CMS: 46213K->46213K(2011968K)
[2020-09-11T14:31:37.272+0000][1][gc,metaspace ] GC(39) Metaspace: 32448K->32448K(1079296K)
[2020-09-11T14:31:37.273+0000][1][gc           ] GC(39) Pause Young (Allocation Failure) 113M->47M(2039M) 22.414ms
[2020-09-11T14:31:37.273+0000][1][gc,cpu       ] GC(39) User=0.02s Sys=0.00s Real=0.02s
[2020-09-11T14:31:37.275+0000][1][safepoint    ] Safepoint "GenCollectForAllocation", Time since last: 194572633 ns, Reaching safepoint: 96982 ns, At safepoint: 25351055 ns, Total: 25448037 ns
[2020-09-11T14:31:37.464+0000][1][gc,start     ] GC(40) Pause Young (Allocation Failure)
[2020-09-11T14:31:37.464+0000][1][gc,task      ] GC(40) Using 1 workers of 1 for evacuation
[2020-09-11T14:31:37.485+0000][1][gc,age       ] GC(40) Desired survivor size 4358144 bytes, new threshold 6 (max threshold 6)
[2020-09-11T14:31:37.485+0000][1][gc,age       ] GC(40) Age table with threshold 6 (max threshold 6)
[2020-09-11T14:31:37.485+0000][1][gc,age       ] GC(40) - age   1:     345208 bytes,     345208 total
[2020-09-11T14:31:37.485+0000][1][gc,age       ] GC(40) - age   2:     303840 bytes,     649048 total
[2020-09-11T14:31:37.485+0000][1][gc,age       ] GC(40) - age   3:     955560 bytes,    1604608 total
[2020-09-11T14:31:37.485+0000][1][gc,age       ] GC(40) - age   4:     263232 bytes,    1867840 total
[2020-09-11T14:31:37.485+0000][1][gc,age       ] GC(40) - age   5:     296856 bytes,    2164696 total
[2020-09-11T14:31:37.485+0000][1][gc,age       ] GC(40) - age   6:     339056 bytes,    2503752 total
[2020-09-11T14:31:37.485+0000][1][gc,heap      ] GC(40) ParNew: 70453K->2457K(76672K)
[2020-09-11T14:31:37.485+0000][1][gc,heap      ] GC(40) CMS: 46213K->46388K(2011968K)
[2020-09-11T14:31:37.485+0000][1][gc,metaspace ] GC(40) Metaspace: 32450K->32450K(1079296K)
[2020-09-11T14:31:37.485+0000][1][gc           ] GC(40) Pause Young (Allocation Failure) 113M->47M(2039M) 21.438ms
[2020-09-11T14:31:37.485+0000][1][gc,cpu       ] GC(40) User=0.02s Sys=0.00s Real=0.02s
[2020-09-11T14:31:37.491+0000][1][safepoint    ] Safepoint "GenCollectForAllocation", Time since last: 187961114 ns, Reaching safepoint: 118827 ns, At safepoint: 27892161 ns, Total: 28010988 ns
[2020-09-11T14:31:37.649+0000][1][gc,start     ] GC(41) Pause Young (Allocation Failure)
[2020-09-11T14:31:37.649+0000][1][gc,task      ] GC(41) Using 1 workers of 1 for evacuation
[2020-09-11T14:31:37.674+0000][1][gc,age       ] GC(41) Desired survivor size 4358144 bytes, new threshold 6 (max threshold 6)
[2020-09-11T14:31:37.674+0000][1][gc,age       ] GC(41) Age table with threshold 6 (max threshold 6)
[2020-09-11T14:31:37.674+0000][1][gc,age       ] GC(41) - age   1:        248 bytes,        248 total
[2020-09-11T14:31:37.674+0000][1][gc,age       ] GC(41) - age   2:     344944 bytes,     345192 total
[2020-09-11T14:31:37.674+0000][1][gc,age       ] GC(41) - age   3:     303840 bytes,     649032 total
[2020-09-11T14:31:37.674+0000][1][gc,age       ] GC(41) - age   4:     955560 bytes,    1604592 total
[2020-09-11T14:31:37.674+0000][1][gc,age       ] GC(41) - age   5:     263232 bytes,    1867824 total
[2020-09-11T14:31:37.674+0000][1][gc,age       ] GC(41) - age   6:     296856 bytes,    2164680 total
[2020-09-11T14:31:37.674+0000][1][gc,heap      ] GC(41) ParNew: 70617K->2249K(76672K)
[2020-09-11T14:31:37.674+0000][1][gc,heap      ] GC(41) CMS: 46388K->46719K(2011968K)
[2020-09-11T14:31:37.674+0000][1][gc,metaspace ] GC(41) Metaspace: 32450K->32450K(1079296K)
[2020-09-11T14:31:37.674+0000][1][gc           ] GC(41) Pause Young (Allocation Failure) 114M->47M(2039M) 25.067ms
[2020-09-11T14:31:37.674+0000][1][gc,cpu       ] GC(41) User=0.03s Sys=0.00s Real=0.02s
[2020-09-11T14:31:37.674+0000][1][safepoint    ] Safepoint "GenCollectForAllocation", Time since last: 157314226 ns, Reaching safepoint: 105868 ns, At safepoint: 25130005 ns, Total: 25235873 ns
[2020-09-11T14:31:37.827+0000][1][gc,start     ] GC(42) Pause Young (Allocation Failure)
[2020-09-11T14:31:37.827+0000][1][gc,task      ] GC(42) Using 1 workers of 1 for evacuation
[2020-09-11T14:31:37.845+0000][1][gc,age       ] GC(42) Desired survivor size 4358144 bytes, new threshold 6 (max threshold 6)
[2020-09-11T14:31:37.845+0000][1][gc,age       ] GC(42) Age table with threshold 6 (max threshold 6)
[2020-09-11T14:31:37.845+0000][1][gc,age       ] GC(42) - age   1:        152 bytes,        152 total
[2020-09-11T14:31:37.845+0000][1][gc,age       ] GC(42) - age   2:        160 bytes,        312 total
[2020-09-11T14:31:37.845+0000][1][gc,age       ] GC(42) - age   3:     344944 bytes,     345256 total
[2020-09-11T14:31:37.845+0000][1][gc,age       ] GC(42) - age   4:     303840 bytes,     649096 total
[2020-09-11T14:31:37.845+0000][1][gc,age       ] GC(42) - age   5:     955560 bytes,    1604656 total
[2020-09-11T14:31:37.845+0000][1][gc,age       ] GC(42) - age   6:     263232 bytes,    1867888 total
[2020-09-11T14:31:37.845+0000][1][gc,heap      ] GC(42) ParNew: 70409K->2215K(76672K)
[2020-09-11T14:31:37.845+0000][1][gc,heap      ] GC(42) CMS: 46719K->47009K(2011968K)
[2020-09-11T14:31:37.845+0000][1][gc,metaspace ] GC(42) Metaspace: 32450K->32450K(1079296K)
[2020-09-11T14:31:37.845+0000][1][gc           ] GC(42) Pause Young (Allocation Failure) 114M->48M(2039M) 18.098ms
[2020-09-11T14:31:37.845+0000][1][gc,cpu       ] GC(42) User=0.02s Sys=0.00s Real=0.02s
[2020-09-11T14:31:37.851+0000][1][safepoint    ] Safepoint "GenCollectForAllocation", Time since last: 153200607 ns, Reaching safepoint: 95836 ns, At safepoint: 23796636 ns, Total: 23892472 ns
[2020-09-11T14:31:37.957+0000][1][gc,start     ] GC(43) Pause Young (Allocation Failure)
[2020-09-11T14:31:37.957+0000][1][gc,task      ] GC(43) Using 1 workers of 1 for evacuation
[2020-09-11T14:31:37.971+0000][1][gc,age       ] GC(43) Desired survivor size 4358144 bytes, new threshold 6 (max threshold 6)
[2020-09-11T14:31:37.972+0000][1][gc,age       ] GC(43) Age table with threshold 6 (max threshold 6)
[2020-09-11T14:31:37.972+0000][1][gc,age       ] GC(43) - age   1:        160 bytes,        160 total
[2020-09-11T14:31:37.972+0000][1][gc,age       ] GC(43) - age   3:        160 bytes,        320 total
[2020-09-11T14:31:37.972+0000][1][gc,age       ] GC(43) - age   4:     344944 bytes,     345264 total
[2020-09-11T14:31:37.972+0000][1][gc,age       ] GC(43) - age   5:     303840 bytes,     649104 total
[2020-09-11T14:31:37.972+0000][1][gc,age       ] GC(43) - age   6:     955560 bytes,    1604664 total
[2020-09-11T14:31:37.972+0000][1][gc,heap      ] GC(43) ParNew: 70375K->1921K(76672K)
[2020-09-11T14:31:37.972+0000][1][gc,heap      ] GC(43) CMS: 47009K->47266K(2011968K)
[2020-09-11T14:31:37.972+0000][1][gc,metaspace ] GC(43) Metaspace: 32450K->32450K(1079296K)
[2020-09-11T14:31:37.972+0000][1][gc           ] GC(43) Pause Young (Allocation Failure) 114M->48M(2039M) 14.666ms
[2020-09-11T14:31:37.972+0000][1][gc,cpu       ] GC(43) User=0.02s Sys=0.00s Real=0.01s
[2020-09-11T14:31:37.975+0000][1][safepoint    ] Safepoint "GenCollectForAllocation", Time since last: 105768154 ns, Reaching safepoint: 99894 ns, At safepoint: 18566966 ns, Total: 18666860 ns
[2020-09-11T14:31:38.084+0000][1][gc,start     ] GC(44) Pause Young (Allocation Failure)
[2020-09-11T14:31:38.084+0000][1][gc,task      ] GC(44) Using 1 workers of 1 for evacuation
[2020-09-11T14:31:38.109+0000][1][gc,age       ] GC(44) Desired survivor size 4358144 bytes, new threshold 6 (max threshold 6)
[2020-09-11T14:31:38.109+0000][1][gc,age       ] GC(44) Age table with threshold 6 (max threshold 6)
[2020-09-11T14:31:38.109+0000][1][gc,age       ] GC(44) - age   1:        232 bytes,        232 total
[2020-09-11T14:31:38.109+0000][1][gc,age       ] GC(44) - age   4:        160 bytes,        392 total
[2020-09-11T14:31:38.109+0000][1][gc,age       ] GC(44) - age   5:     344944 bytes,     345336 total
[2020-09-11T14:31:38.109+0000][1][gc,age       ] GC(44) - age   6:     303840 bytes,     649176 total
[2020-09-11T14:31:38.109+0000][1][gc,heap      ] GC(44) ParNew: 70081K->1415K(76672K)
[2020-09-11T14:31:38.109+0000][1][gc,heap      ] GC(44) CMS: 47266K->48199K(2011968K)
[2020-09-11T14:31:38.109+0000][1][gc,metaspace ] GC(44) Metaspace: 32450K->32450K(1079296K)
[2020-09-11T14:31:38.109+0000][1][gc           ] GC(44) Pause Young (Allocation Failure) 114M->48M(2039M) 25.428ms
[2020-09-11T14:31:38.109+0000][1][gc,cpu       ] GC(44) User=0.03s Sys=0.00s Real=0.02s
[2020-09-11T14:31:38.109+0000][1][safepoint    ] Safepoint "GenCollectForAllocation", Time since last: 108343795 ns, Reaching safepoint: 100643 ns, At safepoint: 25488335 ns, Total: 25588978 ns
[2020-09-11T14:31:38.212+0000][1][gc,start     ] GC(45) Pause Young (Allocation Failure)
[2020-09-11T14:31:38.212+0000][1][gc,task      ] GC(45) Using 1 workers of 1 for evacuation
[2020-09-11T14:31:38.243+0000][1][gc,age       ] GC(45) Desired survivor size 4358144 bytes, new threshold 6 (max threshold 6)
[2020-09-11T14:31:38.243+0000][1][gc,age       ] GC(45) Age table with threshold 6 (max threshold 6)
[2020-09-11T14:31:38.243+0000][1][gc,age       ] GC(45) - age   1:        176 bytes,        176 total
[2020-09-11T14:31:38.243+0000][1][gc,age       ] GC(45) - age   5:        160 bytes,        336 total
[2020-09-11T14:31:38.243+0000][1][gc,age       ] GC(45) - age   6:     344944 bytes,     345280 total
[2020-09-11T14:31:38.244+0000][1][gc,heap      ] GC(45) ParNew: 69575K->591K(76672K)
[2020-09-11T14:31:38.244+0000][1][gc,heap      ] GC(45) CMS: 48199K->48495K(2011968K)
[2020-09-11T14:31:38.244+0000][1][gc,metaspace ] GC(45) Metaspace: 32450K->32450K(1079296K)
[2020-09-11T14:31:38.244+0000][1][gc           ] GC(45) Pause Young (Allocation Failure) 115M->47M(2039M) 32.004ms
[2020-09-11T14:31:38.244+0000][1][gc,cpu       ] GC(45) User=0.03s Sys=0.00s Real=0.04s
[2020-09-11T14:31:38.244+0000][1][safepoint    ] Safepoint "GenCollectForAllocation", Time since last: 102006037 ns, Reaching safepoint: 105868 ns, At safepoint: 32069915 ns, Total: 32175783 ns
[2020-09-11T14:31:38.347+0000][1][gc,start     ] GC(46) Pause Young (Allocation Failure)
[2020-09-11T14:31:38.347+0000][1][gc,task      ] GC(46) Using 1 workers of 1 for evacuation
[2020-09-11T14:31:38.367+0000][1][gc,age       ] GC(46) Desired survivor size 4358144 bytes, new threshold 6 (max threshold 6)
[2020-09-11T14:31:38.367+0000][1][gc,age       ] GC(46) Age table with threshold 6 (max threshold 6)
[2020-09-11T14:31:38.367+0000][1][gc,age       ] GC(46) - age   1:         88 bytes,         88 total
[2020-09-11T14:31:38.367+0000][1][gc,age       ] GC(46) - age   6:        160 bytes,        248 total
[2020-09-11T14:31:38.367+0000][1][gc,heap      ] GC(46) ParNew: 68751K->274K(76672K)
[2020-09-11T14:31:38.367+0000][1][gc,heap      ] GC(46) CMS: 48495K->48833K(2011968K)
[2020-09-11T14:31:38.367+0000][1][gc,metaspace ] GC(46) Metaspace: 32450K->32450K(1079296K)
[2020-09-11T14:31:38.367+0000][1][gc           ] GC(46) Pause Young (Allocation Failure) 114M->47M(2039M) 20.210ms
[2020-09-11T14:31:38.367+0000][1][gc,cpu       ] GC(46) User=0.02s Sys=0.00s Real=0.02s
[2020-09-11T14:31:38.371+0000][1][safepoint    ] Safepoint "GenCollectForAllocation", Time since last: 103059594 ns, Reaching safepoint: 105709 ns, At safepoint: 24643223 ns, Total: 24748932 ns
[2020-09-11T14:31:38.490+0000][1][gc,start     ] GC(47) Pause Young (Allocation Failure)
[2020-09-11T14:31:38.490+0000][1][gc,task      ] GC(47) Using 1 workers of 1 for evacuation
[2020-09-11T14:31:38.511+0000][1][gc,age       ] GC(47) Desired survivor size 4358144 bytes, new threshold 6 (max threshold 6)
[2020-09-11T14:31:38.511+0000][1][gc,age       ] GC(47) Age table with threshold 6 (max threshold 6)
[2020-09-11T14:31:38.511+0000][1][gc,age       ] GC(47) - age   1:        176 bytes,        176 total
[2020-09-11T14:31:38.511+0000][1][gc,heap      ] GC(47) ParNew: 68434K->68K(76672K)
[2020-09-11T14:31:38.511+0000][1][gc,heap      ] GC(47) CMS: 48833K->48833K(2011968K)
[2020-09-11T14:31:38.511+0000][1][gc,metaspace ] GC(47) Metaspace: 32450K->32450K(1079296K)
[2020-09-11T14:31:38.511+0000][1][gc           ] GC(47) Pause Young (Allocation Failure) 114M->47M(2039M) 20.662ms
[2020-09-11T14:31:38.511+0000][1][gc,cpu       ] GC(47) User=0.02s Sys=0.00s Real=0.02s
[2020-09-11T14:31:38.515+0000][1][safepoint    ] Safepoint "GenCollectForAllocation", Time since last: 118634462 ns, Reaching safepoint: 103414 ns, At safepoint: 25251236 ns, Total: 25354650 ns
[2020-09-11T14:31:38.627+0000][1][gc,start     ] GC(48) Pause Young (Allocation Failure)
[2020-09-11T14:31:38.627+0000][1][gc,task      ] GC(48) Using 1 workers of 1 for evacuation
[2020-09-11T14:31:38.642+0000][1][gc,age       ] GC(48) Desired survivor size 4358144 bytes, new threshold 6 (max threshold 6)
[2020-09-11T14:31:38.642+0000][1][gc,age       ] GC(48) Age table with threshold 6 (max threshold 6)
[2020-09-11T14:31:38.642+0000][1][gc,age       ] GC(48) - age   1:        224 bytes,        224 total
[2020-09-11T14:31:38.642+0000][1][gc,heap      ] GC(48) ParNew: 68228K->17K(76672K)
[2020-09-11T14:31:38.642+0000][1][gc,heap      ] GC(48) CMS: 48833K->48833K(2011968K)
[2020-09-11T14:31:38.642+0000][1][gc,metaspace ] GC(48) Metaspace: 32450K->32450K(1079296K)
[2020-09-11T14:31:38.642+0000][1][gc           ] GC(48) Pause Young (Allocation Failure) 114M->47M(2039M) 14.761ms
[2020-09-11T14:31:38.642+0000][1][gc,cpu       ] GC(48) User=0.02s Sys=0.00s Real=0.01s
[2020-09-11T14:31:38.642+0000][1][safepoint    ] Safepoint "GenCollectForAllocation", Time since last: 111713744 ns, Reaching safepoint: 150924 ns, At safepoint: 14821332 ns, Total: 14972256 ns
[2020-09-11T14:31:38.691+0000][1][gc,start     ] GC(49) Pause Young (Allocation Failure)
[2020-09-11T14:31:38.691+0000][1][gc,task      ] GC(49) Using 1 workers of 1 for evacuation
[2020-09-11T14:31:38.711+0000][1][gc,age       ] GC(49) Desired survivor size 4358144 bytes, new threshold 6 (max threshold 6)
[2020-09-11T14:31:38.711+0000][1][gc,age       ] GC(49) Age table with threshold 6 (max threshold 6)
[2020-09-11T14:31:38.711+0000][1][gc,age       ] GC(49) - age   1:        136 bytes,        136 total
[2020-09-11T14:31:38.711+0000][1][gc,heap      ] GC(49) ParNew: 68177K->4K(76672K)
[2020-09-11T14:31:38.711+0000][1][gc,heap      ] GC(49) CMS: 48833K->48833K(2011968K)
[2020-09-11T14:31:38.711+0000][1][gc,metaspace ] GC(49) Metaspace: 32450K->32450K(1079296K)
[2020-09-11T14:31:38.711+0000][1][gc           ] GC(49) Pause Young (Allocation Failure) 114M->47M(2039M) 20.053ms
[2020-09-11T14:31:38.711+0000][1][gc,cpu       ] GC(49) User=0.02s Sys=0.00s Real=0.02s
[2020-09-11T14:31:38.711+0000][1][safepoint    ] Safepoint "GenCollectForAllocation", Time since last: 48427837 ns, Reaching safepoint: 149996 ns, At safepoint: 20113377 ns, Total: 20263373 ns
[2020-09-11T14:31:39.408+0000][1][gc,start     ] GC(50) Pause Young (Allocation Failure)
[2020-09-11T14:31:39.408+0000][1][gc,task      ] GC(50) Using 1 workers of 1 for evacuation
[2020-09-11T14:31:39.421+0000][1][gc,age       ] GC(50) Desired survivor size 4358144 bytes, new threshold 6 (max threshold 6)
[2020-09-11T14:31:39.421+0000][1][gc,age       ] GC(50) Age table with threshold 6 (max threshold 6)
[2020-09-11T14:31:39.421+0000][1][gc,age       ] GC(50) - age   1:     134376 bytes,     134376 total
[2020-09-11T14:31:39.421+0000][1][gc,heap      ] GC(50) ParNew: 68164K->133K(76672K)
[2020-09-11T14:31:39.421+0000][1][gc,heap      ] GC(50) CMS: 48833K->48833K(2011968K)
[2020-09-11T14:31:39.421+0000][1][gc,metaspace ] GC(50) Metaspace: 32452K->32452K(1079296K)
[2020-09-11T14:31:39.421+0000][1][gc           ] GC(50) Pause Young (Allocation Failure) 114M->47M(2039M) 13.155ms
[2020-09-11T14:31:39.421+0000][1][gc,cpu       ] GC(50) User=0.02s Sys=0.00s Real=0.01s
[2020-09-11T14:31:39.424+0000][1][safepoint    ] Safepoint "GenCollectForAllocation", Time since last: 696636372 ns, Reaching safepoint: 113662 ns, At safepoint: 16512572 ns, Total: 16626234 ns
[2020-09-11T14:31:39.579+0000][1][gc,start     ] GC(51) Pause Young (Allocation Failure)
[2020-09-11T14:31:39.579+0000][1][gc,task      ] GC(51) Using 1 workers of 1 for evacuation
[2020-09-11T14:31:39.592+0000][1][gc,age       ] GC(51) Desired survivor size 4358144 bytes, new threshold 6 (max threshold 6)
[2020-09-11T14:31:39.592+0000][1][gc,age       ] GC(51) Age table with threshold 6 (max threshold 6)
[2020-09-11T14:31:39.592+0000][1][gc,age       ] GC(51) - age   1:     545736 bytes,     545736 total
[2020-09-11T14:31:39.592+0000][1][gc,age       ] GC(51) - age   2:      84336 bytes,     630072 total
[2020-09-11T14:31:39.592+0000][1][gc,heap      ] GC(51) ParNew: 68293K->637K(76672K)
[2020-09-11T14:31:39.592+0000][1][gc,heap      ] GC(51) CMS: 48833K->48833K(2011968K)
[2020-09-11T14:31:39.592+0000][1][gc,metaspace ] GC(51) Metaspace: 32452K->32452K(1079296K)
[2020-09-11T14:31:39.592+0000][1][gc           ] GC(51) Pause Young (Allocation Failure) 114M->48M(2039M) 13.280ms
[2020-09-11T14:31:39.592+0000][1][gc,cpu       ] GC(51) User=0.01s Sys=0.00s Real=0.01s
[2020-09-11T14:31:39.592+0000][1][safepoint    ] Safepoint "GenCollectForAllocation", Time since last: 154888637 ns, Reaching safepoint: 147535 ns, At safepoint: 13334560 ns, Total: 13482095 ns
[2020-09-11T14:31:39.711+0000][1][gc,start     ] GC(52) Pause Young (Allocation Failure)
[2020-09-11T14:31:39.711+0000][1][gc,task      ] GC(52) Using 1 workers of 1 for evacuation
[2020-09-11T14:31:39.725+0000][1][gc,age       ] GC(52) Desired survivor size 4358144 bytes, new threshold 6 (max threshold 6)
[2020-09-11T14:31:39.725+0000][1][gc,age       ] GC(52) Age table with threshold 6 (max threshold 6)
[2020-09-11T14:31:39.725+0000][1][gc,age       ] GC(52) - age   1:     676992 bytes,     676992 total
[2020-09-11T14:31:39.725+0000][1][gc,age       ] GC(52) - age   2:     374432 bytes,    1051424 total
[2020-09-11T14:31:39.725+0000][1][gc,age       ] GC(52) - age   3:      83712 bytes,    1135136 total
[2020-09-11T14:31:39.725+0000][1][gc,heap      ] GC(52) ParNew: 68797K->1147K(76672K)
[2020-09-11T14:31:39.725+0000][1][gc,heap      ] GC(52) CMS: 48833K->48833K(2011968K)
[2020-09-11T14:31:39.725+0000][1][gc,metaspace ] GC(52) Metaspace: 32452K->32452K(1079296K)
[2020-09-11T14:31:39.725+0000][1][gc           ] GC(52) Pause Young (Allocation Failure) 114M->48M(2039M) 14.145ms
[2020-09-11T14:31:39.725+0000][1][gc,cpu       ] GC(52) User=0.01s Sys=0.00s Real=0.02s
[2020-09-11T14:31:39.725+0000][1][safepoint    ] Safepoint "GenCollectForAllocation", Time since last: 118451866 ns, Reaching safepoint: 152564 ns, At safepoint: 14206125 ns, Total: 14358689 ns
[2020-09-11T14:31:39.823+0000][1][gc,start     ] GC(53) Pause Young (Allocation Failure)
[2020-09-11T14:31:39.823+0000][1][gc,task      ] GC(53) Using 1 workers of 1 for evacuation
[2020-09-11T14:31:39.835+0000][1][gc,age       ] GC(53) Desired survivor size 4358144 bytes, new threshold 6 (max threshold 6)
[2020-09-11T14:31:39.835+0000][1][gc,age       ] GC(53) Age table with threshold 6 (max threshold 6)
[2020-09-11T14:31:39.835+0000][1][gc,age       ] GC(53) - age   1:     311520 bytes,     311520 total
[2020-09-11T14:31:39.835+0000][1][gc,age       ] GC(53) - age   2:     662432 bytes,     973952 total
[2020-09-11T14:31:39.835+0000][1][gc,age       ] GC(53) - age   3:     373696 bytes,    1347648 total
[2020-09-11T14:31:39.835+0000][1][gc,age       ] GC(53) - age   4:      83072 bytes,    1430720 total
[2020-09-11T14:31:39.835+0000][1][gc,heap      ] GC(53) ParNew: 69270K->1403K(76672K)
[2020-09-11T14:31:39.835+0000][1][gc,heap      ] GC(53) CMS: 48833K->48833K(2011968K)
[2020-09-11T14:31:39.835+0000][1][gc,metaspace ] GC(53) Metaspace: 32452K->32452K(1079296K)
[2020-09-11T14:31:39.835+0000][1][gc           ] GC(53) Pause Young (Allocation Failure) 115M->49M(2039M) 12.772ms
[2020-09-11T14:31:39.835+0000][1][gc,cpu       ] GC(53) User=0.01s Sys=0.00s Real=0.01s
[2020-09-11T14:31:39.835+0000][1][safepoint    ] Safepoint "GenCollectForAllocation", Time since last: 97175292 ns, Reaching safepoint: 148881 ns, At safepoint: 12868546 ns, Total: 13017427 ns
[2020-09-11T14:31:39.975+0000][1][gc,start     ] GC(54) Pause Young (Allocation Failure)
[2020-09-11T14:31:39.975+0000][1][gc,task      ] GC(54) Using 1 workers of 1 for evacuation
[2020-09-11T14:31:39.987+0000][1][gc,age       ] GC(54) Desired survivor size 4358144 bytes, new threshold 6 (max threshold 6)
[2020-09-11T14:31:39.987+0000][1][gc,age       ] GC(54) Age table with threshold 6 (max threshold 6)
[2020-09-11T14:31:39.987+0000][1][gc,age       ] GC(54) - age   1:     931288 bytes,     931288 total
[2020-09-11T14:31:39.987+0000][1][gc,age       ] GC(54) - age   2:     299280 bytes,    1230568 total
[2020-09-11T14:31:39.987+0000][1][gc,age       ] GC(54) - age   3:     333744 bytes,    1564312 total
[2020-09-11T14:31:39.987+0000][1][gc,age       ] GC(54) - age   4:     373696 bytes,    1938008 total
[2020-09-11T14:31:39.987+0000][1][gc,age       ] GC(54) - age   5:      82912 bytes,    2020920 total
[2020-09-11T14:31:39.987+0000][1][gc,heap      ] GC(54) ParNew: 69563K->1980K(76672K)
[2020-09-11T14:31:39.987+0000][1][gc,heap      ] GC(54) CMS: 48833K->48833K(2011968K)
[2020-09-11T14:31:39.987+0000][1][gc,metaspace ] GC(54) Metaspace: 32452K->32452K(1079296K)
[2020-09-11T14:31:39.988+0000][1][gc           ] GC(54) Pause Young (Allocation Failure) 115M->49M(2039M) 12.431ms
[2020-09-11T14:31:39.988+0000][1][gc,cpu       ] GC(54) User=0.01s Sys=0.00s Real=0.02s
[2020-09-11T14:31:39.988+0000][1][safepoint    ] Safepoint "GenCollectForAllocation", Time since last: 139510426 ns, Reaching safepoint: 152465 ns, At safepoint: 12492515 ns, Total: 12644980 ns
[2020-09-11T14:31:40.081+0000][1][gc,start     ] GC(55) Pause Young (Allocation Failure)
[2020-09-11T14:31:40.081+0000][1][gc,task      ] GC(55) Using 1 workers of 1 for evacuation
[2020-09-11T14:31:40.093+0000][1][gc,age       ] GC(55) Desired survivor size 4358144 bytes, new threshold 6 (max threshold 6)
[2020-09-11T14:31:40.093+0000][1][gc,age       ] GC(55) Age table with threshold 6 (max threshold 6)
[2020-09-11T14:31:40.093+0000][1][gc,age       ] GC(55) - age   1:     313952 bytes,     313952 total
[2020-09-11T14:31:40.093+0000][1][gc,age       ] GC(55) - age   2:     919632 bytes,    1233584 total
[2020-09-11T14:31:40.093+0000][1][gc,age       ] GC(55) - age   3:     298208 bytes,    1531792 total
[2020-09-11T14:31:40.093+0000][1][gc,age       ] GC(55) - age   4:     330208 bytes,    1862000 total
[2020-09-11T14:31:40.093+0000][1][gc,age       ] GC(55) - age   5:     373440 bytes,    2235440 total
[2020-09-11T14:31:40.093+0000][1][gc,age       ] GC(55) - age   6:      82888 bytes,    2318328 total
[2020-09-11T14:31:40.093+0000][1][gc,heap      ] GC(55) ParNew: 70140K->2382K(76672K)
[2020-09-11T14:31:40.093+0000][1][gc,heap      ] GC(55) CMS: 48833K->48833K(2011968K)
[2020-09-11T14:31:40.093+0000][1][gc,metaspace ] GC(55) Metaspace: 32452K->32452K(1079296K)
[2020-09-11T14:31:40.093+0000][1][gc           ] GC(55) Pause Young (Allocation Failure) 116M->50M(2039M) 12.250ms
[2020-09-11T14:31:40.093+0000][1][gc,cpu       ] GC(55) User=0.01s Sys=0.00s Real=0.01s
[2020-09-11T14:31:40.093+0000][1][safepoint    ] Safepoint "GenCollectForAllocation", Time since last: 93132515 ns, Reaching safepoint: 150273 ns, At safepoint: 12306226 ns, Total: 12456499 ns
[2020-09-11T14:31:40.384+0000][1][safepoint    ] Safepoint "ICBufferFull", Time since last: 290373992 ns, Reaching safepoint: 176828 ns, At safepoint: 7651 ns, Total: 184479 ns
[2020-09-11T14:31:40.411+0000][1][safepoint    ] Safepoint "Deoptimize", Time since last: 27259492 ns, Reaching safepoint: 151701 ns, At safepoint: 364380 ns, Total: 516081 ns
[2020-09-11T14:31:40.542+0000][1][safepoint    ] Safepoint "CollectForMetadataAllocation", Time since last: 129880397 ns, Reaching safepoint: 156121 ns, At safepoint: 112168 ns, Total: 268289 ns
[2020-09-11T14:31:40.567+0000][1][safepoint    ] Safepoint "CollectForMetadataAllocation", Time since last: 25178250 ns, Reaching safepoint: 156559 ns, At safepoint: 130493 ns, Total: 287052 ns
[2020-09-11T14:31:40.581+0000][1][safepoint    ] Safepoint "CollectForMetadataAllocation", Time since last: 13763626 ns, Reaching safepoint: 145585 ns, At safepoint: 114570 ns, Total: 260155 ns
[2020-09-11T14:31:40.593+0000][1][safepoint    ] Safepoint "CollectForMetadataAllocation", Time since last: 12094131 ns, Reaching safepoint: 144659 ns, At safepoint: 108576 ns, Total: 253235 ns
[2020-09-11T14:31:40.615+0000][1][safepoint    ] Safepoint "CollectForMetadataAllocation", Time since last: 20987308 ns, Reaching safepoint: 144469 ns, At safepoint: 127679 ns, Total: 272148 ns
[2020-09-11T14:31:40.662+0000][1][gc,start     ] GC(56) Pause Young (Allocation Failure)
[2020-09-11T14:31:40.662+0000][1][gc,task      ] GC(56) Using 1 workers of 1 for evacuation
[2020-09-11T14:31:40.685+0000][1][gc,age       ] GC(56) Desired survivor size 4358144 bytes, new threshold 6 (max threshold 6)
[2020-09-11T14:31:40.685+0000][1][gc,age       ] GC(56) Age table with threshold 6 (max threshold 6)
[2020-09-11T14:31:40.685+0000][1][gc,age       ] GC(56) - age   1:    1489776 bytes,    1489776 total
[2020-09-11T14:31:40.685+0000][1][gc,age       ] GC(56) - age   2:     301680 bytes,    1791456 total
[2020-09-11T14:31:40.685+0000][1][gc,age       ] GC(56) - age   3:     918936 bytes,    2710392 total
[2020-09-11T14:31:40.685+0000][1][gc,age       ] GC(56) - age   4:     297792 bytes,    3008184 total
[2020-09-11T14:31:40.685+0000][1][gc,age       ] GC(56) - age   5:     330088 bytes,    3338272 total
[2020-09-11T14:31:40.685+0000][1][gc,age       ] GC(56) - age   6:     373440 bytes,    3711712 total
[2020-09-11T14:31:40.685+0000][1][gc,heap      ] GC(56) ParNew: 70542K->3686K(76672K)
[2020-09-11T14:31:40.685+0000][1][gc,heap      ] GC(56) CMS: 48833K->48911K(2011968K)
[2020-09-11T14:31:40.685+0000][1][gc,metaspace ] GC(56) Metaspace: 36225K->36225K(1083392K)
[2020-09-11T14:31:40.685+0000][1][gc           ] GC(56) Pause Young (Allocation Failure) 116M->51M(2039M) 22.910ms
[2020-09-11T14:31:40.685+0000][1][gc,cpu       ] GC(56) User=0.02s Sys=0.00s Real=0.03s
[2020-09-11T14:31:40.691+0000][1][safepoint    ] Safepoint "GenCollectForAllocation", Time since last: 47389262 ns, Reaching safepoint: 108773 ns, At safepoint: 28692130 ns, Total: 28800903 ns
[2020-09-11T14:31:40.696+0000][1][gc,start     ] GC(57) Pause Initial Mark
[2020-09-11T14:31:40.698+0000][1][gc           ] GC(57) Pause Initial Mark 54M->54M(2039M) 2.395ms
[2020-09-11T14:31:40.698+0000][1][gc,cpu       ] GC(57) User=0.01s Sys=0.00s Real=0.00s
[2020-09-11T14:31:40.703+0000][1][safepoint    ] Safepoint "CMS_Initial_Mark", Time since last: 4475387 ns, Reaching safepoint: 98025 ns, At safepoint: 7580255 ns, Total: 7678280 ns
[2020-09-11T14:31:40.703+0000][1][gc           ] GC(57) Concurrent Mark
[2020-09-11T14:31:40.858+0000][1][gc           ] GC(57) Concurrent Mark 155.032ms
[2020-09-11T14:31:40.858+0000][1][gc,cpu       ] GC(57) User=0.15s Sys=0.00s Real=0.16s
[2020-09-11T14:31:40.858+0000][1][gc           ] GC(57) Concurrent Preclean
[2020-09-11T14:31:40.865+0000][1][gc           ] GC(57) Concurrent Preclean 6.470ms
[2020-09-11T14:31:40.865+0000][1][gc,cpu       ] GC(57) User=0.01s Sys=0.00s Real=0.01s
[2020-09-11T14:31:40.865+0000][1][gc           ] GC(57) Concurrent Abortable Preclean
[2020-09-11T14:31:40.965+0000][1][gc,start     ] GC(58) Pause Young (Allocation Failure)
[2020-09-11T14:31:40.965+0000][1][gc,task      ] GC(58) Using 1 workers of 1 for evacuation
[2020-09-11T14:31:40.989+0000][1][gc,age       ] GC(58) Desired survivor size 4358144 bytes, new threshold 6 (max threshold 6)
[2020-09-11T14:31:40.989+0000][1][gc,age       ] GC(58) Age table with threshold 6 (max threshold 6)
[2020-09-11T14:31:40.989+0000][1][gc,age       ] GC(58) - age   1:      56616 bytes,      56616 total
[2020-09-11T14:31:40.989+0000][1][gc,age       ] GC(58) - age   2:    1462584 bytes,    1519200 total
[2020-09-11T14:31:40.989+0000][1][gc,age       ] GC(58) - age   3:     301680 bytes,    1820880 total
[2020-09-11T14:31:40.989+0000][1][gc,age       ] GC(58) - age   4:     918936 bytes,    2739816 total
[2020-09-11T14:31:40.989+0000][1][gc,age       ] GC(58) - age   5:     297792 bytes,    3037608 total
[2020-09-11T14:31:40.989+0000][1][gc,age       ] GC(58) - age   6:     330088 bytes,    3367696 total
[2020-09-11T14:31:40.989+0000][1][gc,heap      ] GC(58) ParNew: 71846K->4130K(76672K)
[2020-09-11T14:31:40.989+0000][1][gc,heap      ] GC(58) CMS: 48911K->49276K(2011968K)
[2020-09-11T14:31:40.989+0000][1][gc,metaspace ] GC(58) Metaspace: 36227K->36227K(1083392K)
[2020-09-11T14:31:40.989+0000][1][gc           ] GC(58) Pause Young (Allocation Failure) 117M->52M(2039M) 23.619ms
[2020-09-11T14:31:40.989+0000][1][gc,cpu       ] GC(58) User=0.02s Sys=0.00s Real=0.02s
[2020-09-11T14:31:40.999+0000][1][safepoint    ] Safepoint "GenCollectForAllocation", Time since last: 262101946 ns, Reaching safepoint: 99921 ns, At safepoint: 34108337 ns, Total: 34208258 ns
[2020-09-11T14:31:41.073+0000][1][safepoint    ] Safepoint "CollectForMetadataAllocation", Time since last: 73415470 ns, Reaching safepoint: 157786 ns, At safepoint: 133638 ns, Total: 291424 ns
[2020-09-11T14:31:41.483+0000][1][gc           ] GC(57) Concurrent Abortable Preclean 617.960ms
[2020-09-11T14:31:41.483+0000][1][gc,cpu       ] GC(57) User=0.58s Sys=0.01s Real=0.61s
[2020-09-11T14:31:41.488+0000][1][gc,start     ] GC(57) Pause Remark
[2020-09-11T14:31:41.514+0000][1][gc           ] GC(57) Pause Remark 86M->86M(2039M) 25.552ms
[2020-09-11T14:31:41.514+0000][1][gc,cpu       ] GC(57) User=0.02s Sys=0.00s Real=0.02s
[2020-09-11T14:31:41.518+0000][1][safepoint    ] Safepoint "CMS_Final_Remark", Time since last: 414403250 ns, Reaching safepoint: 609709 ns, At safepoint: 29591763 ns, Total: 30201472 ns
[2020-09-11T14:31:41.519+0000][1][gc           ] GC(57) Concurrent Sweep
[2020-09-11T14:31:41.532+0000][1][safepoint    ] Safepoint "CollectForMetadataAllocation", Time since last: 11829572 ns, Reaching safepoint: 2191020 ns, At safepoint: 10378 ns, Total: 2201398 ns
[2020-09-11T14:31:41.533+0000][1][safepoint    ] Safepoint "CollectForMetadataAllocation", Time since last: 573834 ns, Reaching safepoint: 88153 ns, At safepoint: 129150 ns, Total: 217303 ns
[2020-09-11T14:31:41.561+0000][1][gc           ] GC(57) Concurrent Sweep 41.304ms
[2020-09-11T14:31:41.561+0000][1][gc,cpu       ] GC(57) User=0.04s Sys=0.00s Real=0.04s
[2020-09-11T14:31:41.561+0000][1][gc           ] GC(57) Concurrent Reset
[2020-09-11T14:31:41.571+0000][1][gc           ] GC(57) Concurrent Reset 10.076ms
[2020-09-11T14:31:41.571+0000][1][gc,cpu       ] GC(57) User=0.01s Sys=0.00s Real=0.01s
[2020-09-11T14:31:41.571+0000][1][gc,heap      ] GC(57) Old: 48911K->48194K(2011968K)
[2020-09-11T14:31:42.166+0000][1][gc,start     ] GC(59) Pause Young (Allocation Failure)
[2020-09-11T14:31:42.166+0000][1][gc,task      ] GC(59) Using 1 workers of 1 for evacuation
[2020-09-11T14:31:42.192+0000][1][gc,age       ] GC(59) Desired survivor size 4358144 bytes, new threshold 4 (max threshold 6)
[2020-09-11T14:31:42.192+0000][1][gc,age       ] GC(59) Age table with threshold 4 (max threshold 6)
[2020-09-11T14:31:42.192+0000][1][gc,age       ] GC(59) - age   1:    2758888 bytes,    2758888 total
[2020-09-11T14:31:42.192+0000][1][gc,age       ] GC(59) - age   2:      56472 bytes,    2815360 total
[2020-09-11T14:31:42.192+0000][1][gc,age       ] GC(59) - age   3:    1416576 bytes,    4231936 total
[2020-09-11T14:31:42.192+0000][1][gc,age       ] GC(59) - age   4:     301680 bytes,    4533616 total
[2020-09-11T14:31:42.192+0000][1][gc,age       ] GC(59) - age   5:     918936 bytes,    5452552 total
[2020-09-11T14:31:42.192+0000][1][gc,age       ] GC(59) - age   6:     297792 bytes,    5750344 total
[2020-09-11T14:31:42.192+0000][1][gc,heap      ] GC(59) ParNew: 72290K->8174K(76672K)
[2020-09-11T14:31:42.192+0000][1][gc,heap      ] GC(59) CMS: 48194K->48516K(2011968K)
[2020-09-11T14:31:42.192+0000][1][gc,metaspace ] GC(59) Metaspace: 42615K->42615K(1089536K)
[2020-09-11T14:31:42.192+0000][1][gc           ] GC(59) Pause Young (Allocation Failure) 117M->55M(2039M) 26.050ms
[2020-09-11T14:31:42.192+0000][1][gc,cpu       ] GC(59) User=0.02s Sys=0.00s Real=0.02s
[2020-09-11T14:31:42.192+0000][1][safepoint    ] Safepoint "GenCollectForAllocation", Time since last: 632935454 ns, Reaching safepoint: 187605 ns, At safepoint: 26124442 ns, Total: 26312047 ns
[2020-09-11T14:31:42.580+0000][1][safepoint    ] Safepoint "RevokeBias", Time since last: 387891952 ns, Reaching safepoint: 150588 ns, At safepoint: 25981 ns, Total: 176569 ns
[2020-09-11T14:31:42.580+0000][1][safepoint    ] Safepoint "RevokeBias", Time since last: 81788 ns, Reaching safepoint: 135713 ns, At safepoint: 19720 ns, Total: 155433 ns
[2020-09-11T14:31:42.580+0000][1][safepoint    ] Safepoint "RevokeBias", Time since last: 98866 ns, Reaching safepoint: 129520 ns, At safepoint: 18536 ns, Total: 148056 ns
[2020-09-11T14:31:43.581+0000][1][safepoint    ] Safepoint "Cleanup", Time since last: 1000082588 ns, Reaching safepoint: 127215 ns, At safepoint: 7569 ns, Total: 134784 ns
[2020-09-11T14:31:44.006+0000][1][safepoint    ] Safepoint "RevokeBias", Time since last: 425700582 ns, Reaching safepoint: 113827 ns, At safepoint: 18174 ns, Total: 132001 ns
[2020-09-11T14:31:44.504+0000][1][gc,start     ] GC(60) Pause Young (Allocation Failure)
[2020-09-11T14:31:44.504+0000][1][gc,task      ] GC(60) Using 1 workers of 1 for evacuation
[2020-09-11T14:31:44.559+0000][1][gc,age       ] GC(60) Desired survivor size 4358144 bytes, new threshold 2 (max threshold 6)
[2020-09-11T14:31:44.559+0000][1][gc,age       ] GC(60) Age table with threshold 2 (max threshold 6)
[2020-09-11T14:31:44.559+0000][1][gc,age       ] GC(60) - age   1:    2685824 bytes,    2685824 total
[2020-09-11T14:31:44.559+0000][1][gc,age       ] GC(60) - age   2:    2680832 bytes,    5366656 total
[2020-09-11T14:31:44.559+0000][1][gc,age       ] GC(60) - age   3:      56472 bytes,    5423128 total
[2020-09-11T14:31:44.559+0000][1][gc,age       ] GC(60) - age   4:    1414824 bytes,    6837952 total
[2020-09-11T14:31:44.559+0000][1][gc,heap      ] GC(60) ParNew: 76334K->8512K(76672K)
[2020-09-11T14:31:44.559+0000][1][gc,heap      ] GC(60) CMS: 48516K->49999K(2011968K)
[2020-09-11T14:31:44.559+0000][1][gc,metaspace ] GC(60) Metaspace: 47823K->47823K(1093632K)
[2020-09-11T14:31:44.559+0000][1][gc           ] GC(60) Pause Young (Allocation Failure) 121M->57M(2039M) 54.876ms
[2020-09-11T14:31:44.559+0000][1][gc,cpu       ] GC(60) User=0.05s Sys=0.00s Real=0.05s
[2020-09-11T14:31:44.563+0000][1][safepoint    ] Safepoint "GenCollectForAllocation", Time since last: 497526223 ns, Reaching safepoint: 130033 ns, At safepoint: 59368203 ns, Total: 59498236 ns
[2020-09-11T14:31:44.594+0000][1][safepoint    ] Safepoint "RevokeBias", Time since last: 30286966 ns, Reaching safepoint: 104739 ns, At safepoint: 15159 ns, Total: 119898 ns
[2020-09-11T14:31:44.628+0000][1][safepoint    ] Safepoint "RevokeBias", Time since last: 33597891 ns, Reaching safepoint: 103032 ns, At safepoint: 33724 ns, Total: 136756 ns
[2020-09-11T14:31:44.636+0000][1][safepoint    ] Safepoint "RevokeBias", Time since last: 8129501 ns, Reaching safepoint: 93884 ns, At safepoint: 31977 ns, Total: 125861 ns
[2020-09-11T14:31:44.900+0000][1][safepoint    ] Safepoint "RevokeBias", Time since last: 263431969 ns, Reaching safepoint: 1082942 ns, At safepoint: 31667 ns, Total: 1114609 ns
[2020-09-11T14:31:44.901+0000][1][safepoint    ] Safepoint "RevokeBias", Time since last: 73527 ns, Reaching safepoint: 88211 ns, At safepoint: 22001 ns, Total: 110212 ns
[2020-09-11T14:31:44.901+0000][1][safepoint    ] Safepoint "RevokeBias", Time since last: 143184 ns, Reaching safepoint: 87283 ns, At safepoint: 20571 ns, Total: 107854 ns
[2020-09-11T14:31:44.901+0000][1][safepoint    ] Safepoint "RevokeBias", Time since last: 41145 ns, Reaching safepoint: 85334 ns, At safepoint: 17950 ns, Total: 103284 ns
[2020-09-11T14:31:44.970+0000][1][safepoint    ] Safepoint "RevokeBias", Time since last: 68987105 ns, Reaching safepoint: 110684 ns, At safepoint: 40440 ns, Total: 151124 ns
[2020-09-11T14:31:44.970+0000][1][safepoint    ] Safepoint "RevokeBias", Time since last: 90778 ns, Reaching safepoint: 91276 ns, At safepoint: 31442 ns, Total: 122718 ns
[2020-09-11T14:31:44.971+0000][1][safepoint    ] Safepoint "RevokeBias", Time since last: 90602 ns, Reaching safepoint: 114979 ns, At safepoint: 31977 ns, Total: 146956 ns
[2020-09-11T14:31:44.971+0000][1][safepoint    ] Safepoint "RevokeBias", Time since last: 812307 ns, Reaching safepoint: 93897 ns, At safepoint: 34333 ns, Total: 128230 ns
[2020-09-11T14:31:44.973+0000][1][safepoint    ] Safepoint "RevokeBias", Time since last: 1882143 ns, Reaching safepoint: 92879 ns, At safepoint: 42528 ns, Total: 135407 ns
[2020-09-11T14:31:44.974+0000][1][safepoint    ] Safepoint "BulkRevokeBias", Time since last: 436289 ns, Reaching safepoint: 120359 ns, At safepoint: 102037 ns, Total: 222396 ns
[2020-09-11T14:31:44.975+0000][1][safepoint    ] Safepoint "RevokeBias", Time since last: 285024 ns, Reaching safepoint: 88292 ns, At safepoint: 38983 ns, Total: 127275 ns
[2020-09-11T14:31:44.975+0000][1][safepoint    ] Safepoint "RevokeBias", Time since last: 40156 ns, Reaching safepoint: 83834 ns, At safepoint: 33598 ns, Total: 117432 ns
[2020-09-11T14:31:44.975+0000][1][safepoint    ] Safepoint "RevokeBias", Time since last: 32783 ns, Reaching safepoint: 82720 ns, At safepoint: 33695 ns, Total: 116415 ns
[2020-09-11T14:31:44.975+0000][1][safepoint    ] Safepoint "RevokeBias", Time since last: 30960 ns, Reaching safepoint: 92064 ns, At safepoint: 42633 ns, Total: 134697 ns
[2020-09-11T14:31:44.975+0000][1][safepoint    ] Safepoint "RevokeBias", Time since last: 31433 ns, Reaching safepoint: 82414 ns, At safepoint: 31310 ns, Total: 113724 ns
[2020-09-11T14:31:44.975+0000][1][safepoint    ] Safepoint "RevokeBias", Time since last: 29583 ns, Reaching safepoint: 81776 ns, At safepoint: 28233 ns, Total: 110009 ns
[2020-09-11T14:31:44.976+0000][1][safepoint    ] Safepoint "RevokeBias", Time since last: 117713 ns, Reaching safepoint: 106449 ns, At safepoint: 26610 ns, Total: 133059 ns
[2020-09-11T14:31:44.976+0000][1][safepoint    ] Safepoint "RevokeBias", Time since last: 31502 ns, Reaching safepoint: 80800 ns, At safepoint: 26094 ns, Total: 106894 ns
[2020-09-11T14:31:44.976+0000][1][safepoint    ] Safepoint "RevokeBias", Time since last: 29188 ns, Reaching safepoint: 80582 ns, At safepoint: 31396 ns, Total: 111978 ns
[2020-09-11T14:31:44.976+0000][1][safepoint    ] Safepoint "RevokeBias", Time since last: 29073 ns, Reaching safepoint: 80598 ns, At safepoint: 30858 ns, Total: 111456 ns
[2020-09-11T14:31:44.976+0000][1][safepoint    ] Safepoint "RevokeBias", Time since last: 29217 ns, Reaching safepoint: 79793 ns, At safepoint: 30072 ns, Total: 109865 ns
[2020-09-11T14:31:44.976+0000][1][safepoint    ] Safepoint "RevokeBias", Time since last: 26615 ns, Reaching safepoint: 80139 ns, At safepoint: 29915 ns, Total: 110054 ns
[2020-09-11T14:31:44.976+0000][1][safepoint    ] Safepoint "RevokeBias", Time since last: 55453 ns, Reaching safepoint: 83218 ns, At safepoint: 30925 ns, Total: 114143 ns
[2020-09-11T14:31:44.977+0000][1][safepoint    ] Safepoint "RevokeBias", Time since last: 35101 ns, Reaching safepoint: 82322 ns, At safepoint: 30065 ns, Total: 112387 ns
[2020-09-11T14:31:44.978+0000][1][safepoint    ] Safepoint "RevokeBias", Time since last: 1339511 ns, Reaching safepoint: 154406 ns, At safepoint: 31362 ns, Total: 185768 ns
[2020-09-11T14:31:44.979+0000][1][safepoint    ] Safepoint "RevokeBias", Time since last: 530312 ns, Reaching safepoint: 85440 ns, At safepoint: 23595 ns, Total: 109035 ns
[2020-09-11T14:31:44.979+0000][1][safepoint    ] Safepoint "RevokeBias", Time since last: 129411 ns, Reaching safepoint: 83765 ns, At safepoint: 20822 ns, Total: 104587 ns
[2020-09-11T14:31:44.979+0000][1][safepoint    ] Safepoint "RevokeBias", Time since last: 34631 ns, Reaching safepoint: 81353 ns, At safepoint: 20340 ns, Total: 101693 ns
[2020-09-11T14:31:44.979+0000][1][safepoint    ] Safepoint "RevokeBias", Time since last: 31227 ns, Reaching safepoint: 81554 ns, At safepoint: 23927 ns, Total: 105481 ns
[2020-09-11T14:31:44.979+0000][1][safepoint    ] Safepoint "RevokeBias", Time since last: 39848 ns, Reaching safepoint: 80942 ns, At safepoint: 42218 ns, Total: 123160 ns
[2020-09-11T14:31:44.980+0000][1][safepoint    ] Safepoint "RevokeBias", Time since last: 32454 ns, Reaching safepoint: 79715 ns, At safepoint: 18627 ns, Total: 98342 ns
[2020-09-11T14:31:44.980+0000][1][safepoint    ] Safepoint "RevokeBias", Time since last: 27126 ns, Reaching safepoint: 79086 ns, At safepoint: 18045 ns, Total: 97131 ns
[2020-09-11T14:31:44.980+0000][1][safepoint    ] Safepoint "RevokeBias", Time since last: 29484 ns, Reaching safepoint: 79222 ns, At safepoint: 18053 ns, Total: 97275 ns
[2020-09-11T14:31:44.980+0000][1][safepoint    ] Safepoint "BulkRevokeBias", Time since last: 26616 ns, Reaching safepoint: 80620 ns, At safepoint: 69151 ns, Total: 149771 ns
[2020-09-11T14:31:44.980+0000][1][safepoint    ] Safepoint "RevokeBias", Time since last: 56062 ns, Reaching safepoint: 85379 ns, At safepoint: 28900 ns, Total: 114279 ns
[2020-09-11T14:31:44.980+0000][1][safepoint    ] Safepoint "RevokeBias", Time since last: 36416 ns, Reaching safepoint: 82207 ns, At safepoint: 22233 ns, Total: 104440 ns
[2020-09-11T14:31:44.988+0000][1][safepoint    ] Safepoint "RevokeBias", Time since last: 7137831 ns, Reaching safepoint: 99118 ns, At safepoint: 32843 ns, Total: 131961 ns
[2020-09-11T14:31:44.988+0000][1][safepoint    ] Safepoint "RevokeBias", Time since last: 131271 ns, Reaching safepoint: 89811 ns, At safepoint: 18895 ns, Total: 108706 ns
[2020-09-11T14:31:44.988+0000][1][safepoint    ] Safepoint "RevokeBias", Time since last: 36677 ns, Reaching safepoint: 84465 ns, At safepoint: 14434 ns, Total: 98899 ns
[2020-09-11T14:31:44.988+0000][1][safepoint    ] Safepoint "RevokeBias", Time since last: 30833 ns, Reaching safepoint: 83769 ns, At safepoint: 17672 ns, Total: 101441 ns
[2020-09-11T14:31:44.988+0000][1][safepoint    ] Safepoint "RevokeBias", Time since last: 30095 ns, Reaching safepoint: 83031 ns, At safepoint: 18172 ns, Total: 101203 ns
[2020-09-11T14:31:44.988+0000][1][safepoint    ] Safepoint "RevokeBias", Time since last: 29717 ns, Reaching safepoint: 82083 ns, At safepoint: 17881 ns, Total: 99964 ns
[2020-09-11T14:31:44.988+0000][1][safepoint    ] Safepoint "RevokeBias", Time since last: 29429 ns, Reaching safepoint: 81464 ns, At safepoint: 17400 ns, Total: 98864 ns
[2020-09-11T14:31:44.989+0000][1][safepoint    ] Safepoint "RevokeBias", Time since last: 29051 ns, Reaching safepoint: 81590 ns, At safepoint: 17500 ns, Total: 99090 ns
[2020-09-11T14:31:44.989+0000][1][safepoint    ] Safepoint "RevokeBias", Time since last: 28969 ns, Reaching safepoint: 80878 ns, At safepoint: 36112 ns, Total: 116990 ns
[2020-09-11T14:31:44.989+0000][1][safepoint    ] Safepoint "RevokeBias", Time since last: 29747 ns, Reaching safepoint: 11399 ns, At safepoint: 12374 ns, Total: 23773 ns
[2020-09-11T14:31:44.989+0000][1][safepoint    ] Safepoint "RevokeBias", Time since last: 26091 ns, Reaching safepoint: 10714 ns, At safepoint: 11732 ns, Total: 22446 ns
[2020-09-11T14:31:44.989+0000][1][safepoint    ] Safepoint "RevokeBias", Time since last: 28081 ns, Reaching safepoint: 10643 ns, At safepoint: 12025 ns, Total: 22668 ns
[2020-09-11T14:31:44.989+0000][1][safepoint    ] Safepoint "RevokeBias", Time since last: 26034 ns, Reaching safepoint: 10605 ns, At safepoint: 11768 ns, Total: 22373 ns
[2020-09-11T14:31:44.989+0000][1][safepoint    ] Safepoint "RevokeBias", Time since last: 25641 ns, Reaching safepoint: 10624 ns, At safepoint: 11867 ns, Total: 22491 ns
[2020-09-11T14:31:44.989+0000][1][safepoint    ] Safepoint "RevokeBias", Time since last: 26088 ns, Reaching safepoint: 10573 ns, At safepoint: 11667 ns, Total: 22240 ns
[2020-09-11T14:31:44.989+0000][1][safepoint    ] Safepoint "RevokeBias", Time since last: 25788 ns, Reaching safepoint: 10515 ns, At safepoint: 11871 ns, Total: 22386 ns
[2020-09-11T14:31:44.989+0000][1][safepoint    ] Safepoint "RevokeBias", Time since last: 25776 ns, Reaching safepoint: 10526 ns, At safepoint: 11730 ns, Total: 22256 ns
[2020-09-11T14:31:44.989+0000][1][safepoint    ] Safepoint "RevokeBias", Time since last: 37111 ns, Reaching safepoint: 10638 ns, At safepoint: 12026 ns, Total: 22664 ns
[2020-09-11T14:31:44.989+0000][1][safepoint    ] Safepoint "RevokeBias", Time since last: 26355 ns, Reaching safepoint: 10497 ns, At safepoint: 11645 ns, Total: 22142 ns
[2020-09-11T14:31:44.989+0000][1][safepoint    ] Safepoint "RevokeBias", Time since last: 25404 ns, Reaching safepoint: 10407 ns, At safepoint: 11791 ns, Total: 22198 ns
[2020-09-11T14:31:44.989+0000][1][safepoint    ] Safepoint "BulkRevokeBias", Time since last: 26162 ns, Reaching safepoint: 10388 ns, At safepoint: 64399 ns, Total: 74787 ns
[2020-09-11T14:31:44.992+0000][1][safepoint    ] Safepoint "RevokeBias", Time since last: 2074045 ns, Reaching safepoint: 726376 ns, At safepoint: 32401 ns, Total: 758777 ns
[2020-09-11T14:31:44.992+0000][1][safepoint    ] Safepoint "RevokeBias", Time since last: 45679 ns, Reaching safepoint: 86979 ns, At safepoint: 29180 ns, Total: 116159 ns
[2020-09-11T14:31:44.993+0000][1][safepoint    ] Safepoint "RevokeBias", Time since last: 101679 ns, Reaching safepoint: 85837 ns, At safepoint: 26914 ns, Total: 112751 ns
[2020-09-11T14:31:44.993+0000][1][safepoint    ] Safepoint "RevokeBias", Time since last: 180007 ns, Reaching safepoint: 85346 ns, At safepoint: 30760 ns, Total: 116106 ns
[2020-09-11T14:31:44.993+0000][1][safepoint    ] Safepoint "RevokeBias", Time since last: 51311 ns, Reaching safepoint: 91839 ns, At safepoint: 40187 ns, Total: 132026 ns
[2020-09-11T14:31:44.993+0000][1][safepoint    ] Safepoint "RevokeBias", Time since last: 110170 ns, Reaching safepoint: 84031 ns, At safepoint: 26943 ns, Total: 110974 ns
[2020-09-11T14:31:44.993+0000][1][safepoint    ] Safepoint "RevokeBias", Time since last: 41040 ns, Reaching safepoint: 80927 ns, At safepoint: 24105 ns, Total: 105032 ns
[2020-09-11T14:31:44.994+0000][1][safepoint    ] Safepoint "RevokeBias", Time since last: 26782 ns, Reaching safepoint: 79838 ns, At safepoint: 22467 ns, Total: 102305 ns
[2020-09-11T14:31:44.994+0000][1][safepoint    ] Safepoint "RevokeBias", Time since last: 26079 ns, Reaching safepoint: 79163 ns, At safepoint: 21948 ns, Total: 101111 ns
[2020-09-11T14:31:44.994+0000][1][safepoint    ] Safepoint "RevokeBias", Time since last: 184769 ns, Reaching safepoint: 81716 ns, At safepoint: 23196 ns, Total: 104912 ns
[2020-09-11T14:31:44.994+0000][1][safepoint    ] Safepoint "RevokeBias", Time since last: 108328 ns, Reaching safepoint: 80841 ns, At safepoint: 22259 ns, Total: 103100 ns
[2020-09-11T14:31:44.994+0000][1][safepoint    ] Safepoint "RevokeBias", Time since last: 89720 ns, Reaching safepoint: 12287 ns, At safepoint: 21342 ns, Total: 33629 ns
[2020-09-11T14:31:44.995+0000][1][safepoint    ] Safepoint "RevokeBias", Time since last: 256799 ns, Reaching safepoint: 12406 ns, At safepoint: 29715 ns, Total: 42121 ns
[2020-09-11T14:31:44.995+0000][1][safepoint    ] Safepoint "RevokeBias", Time since last: 396799 ns, Reaching safepoint: 81972 ns, At safepoint: 30356 ns, Total: 112328 ns
[2020-09-11T14:31:44.995+0000][1][safepoint    ] Safepoint "RevokeBias", Time since last: 68731 ns, Reaching safepoint: 80748 ns, At safepoint: 29786 ns, Total: 110534 ns
[2020-09-11T14:31:45.007+0000][1][safepoint    ] Safepoint "BulkRevokeBias", Time since last: 11448929 ns, Reaching safepoint: 103438 ns, At safepoint: 81412 ns, Total: 184850 ns
[2020-09-11T14:31:45.010+0000][1][safepoint    ] Safepoint "Deoptimize", Time since last: 2801988 ns, Reaching safepoint: 98932 ns, At safepoint: 347950 ns, Total: 446882 ns
[2020-09-11T14:31:45.028+0000][1][safepoint    ] Safepoint "RevokeBias", Time since last: 17235595 ns, Reaching safepoint: 129204 ns, At safepoint: 47827 ns, Total: 177031 ns
[2020-09-11T14:31:45.028+0000][1][safepoint    ] Safepoint "RevokeBias", Time since last: 90414 ns, Reaching safepoint: 94889 ns, At safepoint: 34383 ns, Total: 129272 ns
[2020-09-11T14:31:45.044+0000][1][safepoint    ] Safepoint "RevokeBias", Time since last: 12552518 ns, Reaching safepoint: 3236566 ns, At safepoint: 48860 ns, Total: 3285426 ns
[2020-09-11T14:31:45.044+0000][1][safepoint    ] Safepoint "RevokeBias", Time since last: 554038 ns, Reaching safepoint: 102876 ns, At safepoint: 37364 ns, Total: 140240 ns
[2020-09-11T14:31:45.044+0000][1][safepoint    ] Safepoint "RevokeBias", Time since last: 42387 ns, Reaching safepoint: 91218 ns, At safepoint: 32732 ns, Total: 123950 ns
[2020-09-11T14:31:45.070+0000][1][safepoint    ] Safepoint "RevokeBias", Time since last: 25126224 ns, Reaching safepoint: 104467 ns, At safepoint: 13711 ns, Total: 118178 ns
[2020-09-11T14:31:45.193+0000][1][safepoint    ] Safepoint "RevokeBias", Time since last: 123471968 ns, Reaching safepoint: 114555 ns, At safepoint: 14790 ns, Total: 129345 ns
[2020-09-11T14:31:45.194+0000][1][safepoint    ] Safepoint "RevokeBias", Time since last: 137124 ns, Reaching safepoint: 20561 ns, At safepoint: 8661 ns, Total: 29222 ns
[2020-09-11T14:31:45.194+0000][1][safepoint    ] Safepoint "RevokeBias", Time since last: 183757 ns, Reaching safepoint: 17414 ns, At safepoint: 8706 ns, Total: 26120 ns
[2020-09-11T14:31:45.194+0000][1][safepoint    ] Safepoint "RevokeBias", Time since last: 294691 ns, Reaching safepoint: 26674 ns, At safepoint: 8557 ns, Total: 35231 ns
[2020-09-11T14:31:45.194+0000][1][safepoint    ] Safepoint "RevokeBias", Time since last: 71084 ns, Reaching safepoint: 13586 ns, At safepoint: 7181 ns, Total: 20767 ns
[2020-09-11T14:31:45.444+0000][1][gc,start     ] GC(61) Pause Young (Allocation Failure)
[2020-09-11T14:31:45.444+0000][1][gc,task      ] GC(61) Using 1 workers of 1 for evacuation
[2020-09-11T14:31:45.535+0000][1][gc,age       ] GC(61) Desired survivor size 4358144 bytes, new threshold 2 (max threshold 6)
[2020-09-11T14:31:45.535+0000][1][gc,age       ] GC(61) Age table with threshold 2 (max threshold 6)
[2020-09-11T14:31:45.535+0000][1][gc,age       ] GC(61) - age   1:    2159616 bytes,    2159616 total
[2020-09-11T14:31:45.535+0000][1][gc,age       ] GC(61) - age   2:    2620792 bytes,    4780408 total
[2020-09-11T14:31:45.535+0000][1][gc,heap      ] GC(61) ParNew: 76672K->6231K(76672K)
[2020-09-11T14:31:45.535+0000][1][gc,heap      ] GC(61) CMS: 49999K->54137K(2011968K)
[2020-09-11T14:31:45.535+0000][1][gc,metaspace ] GC(61) Metaspace: 52682K->52682K(1097728K)
[2020-09-11T14:31:45.535+0000][1][gc           ] GC(61) Pause Young (Allocation Failure) 123M->58M(2039M) 90.516ms
[2020-09-11T14:31:45.535+0000][1][gc,cpu       ] GC(61) User=0.08s Sys=0.00s Real=0.08s
[2020-09-11T14:31:45.543+0000][1][safepoint    ] Safepoint "GenCollectForAllocation", Time since last: 249825283 ns, Reaching safepoint: 378133 ns, At safepoint: 98814009 ns, Total: 99192142 ns
[2020-09-11T14:31:45.552+0000][1][safepoint    ] Safepoint "RevokeBias", Time since last: 8760445 ns, Reaching safepoint: 130333 ns, At safepoint: 17036 ns, Total: 147369 ns
[2020-09-11T14:31:46.204+0000][1][safepoint    ] Safepoint "RevokeBias", Time since last: 651342955 ns, Reaching safepoint: 412036 ns, At safepoint: 20498 ns, Total: 432534 ns
[2020-09-11T14:31:46.432+0000][1][safepoint    ] Safepoint "RevokeBias", Time since last: 228056448 ns, Reaching safepoint: 135684 ns, At safepoint: 25041 ns, Total: 160725 ns
[2020-09-11T14:31:46.797+0000][1][gc,start     ] GC(62) Pause Young (Allocation Failure)
[2020-09-11T14:31:46.797+0000][1][gc,task      ] GC(62) Using 1 workers of 1 for evacuation
[2020-09-11T14:31:46.832+0000][1][gc,age       ] GC(62) Desired survivor size 4358144 bytes, new threshold 6 (max threshold 6)
[2020-09-11T14:31:46.832+0000][1][gc,age       ] GC(62) Age table with threshold 6 (max threshold 6)
[2020-09-11T14:31:46.832+0000][1][gc,age       ] GC(62) - age   1:    1777384 bytes,    1777384 total
[2020-09-11T14:31:46.832+0000][1][gc,age       ] GC(62) - age   2:    2124928 bytes,    3902312 total
[2020-09-11T14:31:46.832+0000][1][gc,heap      ] GC(62) ParNew: 74391K->5059K(76672K)
[2020-09-11T14:31:46.832+0000][1][gc,heap      ] GC(62) CMS: 54137K->56803K(2011968K)
[2020-09-11T14:31:46.832+0000][1][gc,metaspace ] GC(62) Metaspace: 60875K->60875K(1105920K)
[2020-09-11T14:31:46.832+0000][1][gc           ] GC(62) Pause Young (Allocation Failure) 125M->60M(2039M) 35.076ms
[2020-09-11T14:31:46.832+0000][1][gc,cpu       ] GC(62) User=0.03s Sys=0.00s Real=0.03s
[2020-09-11T14:31:46.832+0000][1][safepoint    ] Safepoint "GenCollectForAllocation", Time since last: 364072671 ns, Reaching safepoint: 990122 ns, At safepoint: 35136082 ns, Total: 36126204 ns
[2020-09-11T14:31:46.920+0000][1][safepoint    ] Safepoint "CollectForMetadataAllocation", Time since last: 87149021 ns, Reaching safepoint: 115474 ns, At safepoint: 83864 ns, Total: 199338 ns
[2020-09-11T14:31:46.960+0000][1][safepoint    ] Safepoint "RevokeBias", Time since last: 39813739 ns, Reaching safepoint: 161464 ns, At safepoint: 16832 ns, Total: 178296 ns
[2020-09-11T14:31:46.960+0000][1][safepoint    ] Safepoint "RevokeBias", Time since last: 81710 ns, Reaching safepoint: 130255 ns, At safepoint: 11630 ns, Total: 141885 ns
[2020-09-11T14:31:46.960+0000][1][safepoint    ] Safepoint "RevokeBias", Time since last: 65126 ns, Reaching safepoint: 132294 ns, At safepoint: 10832 ns, Total: 143126 ns
[2020-09-11T14:31:46.960+0000][1][safepoint    ] Safepoint "RevokeBias", Time since last: 44048 ns, Reaching safepoint: 132187 ns, At safepoint: 10538 ns, Total: 142725 ns
[2020-09-11T14:31:46.960+0000][1][safepoint    ] Safepoint "RevokeBias", Time since last: 36952 ns, Reaching safepoint: 129447 ns, At safepoint: 10030 ns, Total: 139477 ns
[2020-09-11T14:31:46.998+0000][1][safepoint    ] Safepoint "CollectForMetadataAllocation", Time since last: 37072005 ns, Reaching safepoint: 159043 ns, At safepoint: 108297 ns, Total: 267340 ns
[2020-09-11T14:31:47.061+0000][1][safepoint    ] Safepoint "CollectForMetadataAllocation", Time since last: 63054287 ns, Reaching safepoint: 160453 ns, At safepoint: 251950 ns, Total: 412403 ns
[2020-09-11T14:31:47.149+0000][1][safepoint    ] Safepoint "CollectForMetadataAllocation", Time since last: 87471992 ns, Reaching safepoint: 154075 ns, At safepoint: 111348 ns, Total: 265423 ns
[2020-09-11T14:31:47.256+0000][1][safepoint    ] Safepoint "RevokeBias", Time since last: 106459362 ns, Reaching safepoint: 107130 ns, At safepoint: 14940 ns, Total: 122070 ns
[2020-09-11T14:31:47.285+0000][1][safepoint    ] Safepoint "CollectForMetadataAllocation", Time since last: 29153608 ns, Reaching safepoint: 102906 ns, At safepoint: 119308 ns, Total: 222214 ns
[2020-09-11T14:31:47.332+0000][1][safepoint    ] Safepoint "CollectForMetadataAllocation", Time since last: 46516234 ns, Reaching safepoint: 105616 ns, At safepoint: 129762 ns, Total: 235378 ns
[2020-09-11T14:31:47.376+0000][1][safepoint    ] Safepoint "Deoptimize", Time since last: 43763537 ns, Reaching safepoint: 105708 ns, At safepoint: 293886 ns, Total: 399594 ns
[2020-09-11T14:31:47.401+0000][1][safepoint    ] Safepoint "CollectForMetadataAllocation", Time since last: 25373439 ns, Reaching safepoint: 117130 ns, At safepoint: 129287 ns, Total: 246417 ns
[2020-09-11T14:31:47.524+0000][1][safepoint    ] Safepoint "CollectForMetadataAllocation", Time since last: 121994755 ns, Reaching safepoint: 115928 ns, At safepoint: 270392 ns, Total: 386320 ns
[2020-09-11T14:31:47.524+0000][1][safepoint    ] Safepoint "RevokeBias", Time since last: 348338 ns, Reaching safepoint: 98272 ns, At safepoint: 15175 ns, Total: 113447 ns
[2020-09-11T14:31:47.610+0000][1][safepoint    ] Safepoint "CollectForMetadataAllocation", Time since last: 85381338 ns, Reaching safepoint: 112936 ns, At safepoint: 108275 ns, Total: 221211 ns
[2020-09-11T14:31:47.629+0000][1][safepoint    ] Safepoint "RevokeBias", Time since last: 19158689 ns, Reaching safepoint: 161259 ns, At safepoint: 14405 ns, Total: 175664 ns
[2020-09-11T14:31:47.630+0000][1][safepoint    ] Safepoint "RevokeBias", Time since last: 347230 ns, Reaching safepoint: 99351 ns, At safepoint: 10817 ns, Total: 110168 ns
[2020-09-11T14:31:47.630+0000][1][safepoint    ] Safepoint "RevokeBias", Time since last: 113697 ns, Reaching safepoint: 137491 ns, At safepoint: 10609 ns, Total: 148100 ns
[2020-09-11T14:31:47.630+0000][1][safepoint    ] Safepoint "BulkRevokeBias", Time since last: 118674 ns, Reaching safepoint: 88463 ns, At safepoint: 74363 ns, Total: 162826 ns
[2020-09-11T14:31:47.700+0000][1][safepoint    ] Safepoint "CollectForMetadataAllocation", Time since last: 69077889 ns, Reaching safepoint: 180800 ns, At safepoint: 72457 ns, Total: 253257 ns
[2020-09-11T14:31:47.781+0000][1][safepoint    ] Safepoint "CollectForMetadataAllocation", Time since last: 81299588 ns, Reaching safepoint: 163159 ns, At safepoint: 79606 ns, Total: 242765 ns
[2020-09-11T14:31:47.808+0000][1][safepoint    ] Safepoint "CollectForMetadataAllocation", Time since last: 26877472 ns, Reaching safepoint: 114157 ns, At safepoint: 282775 ns, Total: 396932 ns
[2020-09-11T14:31:47.850+0000][1][safepoint    ] Safepoint "CollectForMetadataAllocation", Time since last: 41119668 ns, Reaching safepoint: 147205 ns, At safepoint: 115541 ns, Total: 262746 ns
[2020-09-11T14:31:47.902+0000][1][safepoint    ] Safepoint "CollectForMetadataAllocation", Time since last: 52068202 ns, Reaching safepoint: 106302 ns, At safepoint: 82454 ns, Total: 188756 ns
[2020-09-11T14:31:47.956+0000][1][safepoint    ] Safepoint "RevokeBias", Time since last: 53417955 ns, Reaching safepoint: 110042 ns, At safepoint: 16661 ns, Total: 126703 ns
[2020-09-11T14:31:47.986+0000][1][safepoint    ] Safepoint "CollectForMetadataAllocation", Time since last: 29856378 ns, Reaching safepoint: 153191 ns, At safepoint: 109156 ns, Total: 262347 ns
[2020-09-11T14:31:48.015+0000][1][safepoint    ] Safepoint "CollectForMetadataAllocation", Time since last: 28591334 ns, Reaching safepoint: 146575 ns, At safepoint: 115375 ns, Total: 261950 ns
[2020-09-11T14:31:48.052+0000][1][safepoint    ] Safepoint "CollectForMetadataAllocation", Time since last: 37318889 ns, Reaching safepoint: 151884 ns, At safepoint: 244947 ns, Total: 396831 ns
[2020-09-11T14:31:48.102+0000][1][safepoint    ] Safepoint "CollectForMetadataAllocation", Time since last: 49956954 ns, Reaching safepoint: 158379 ns, At safepoint: 111052 ns, Total: 269431 ns
[2020-09-11T14:31:48.126+0000][1][gc,start     ] GC(63) Pause Young (Allocation Failure)
[2020-09-11T14:31:48.126+0000][1][gc,task      ] GC(63) Using 1 workers of 1 for evacuation
[2020-09-11T14:31:48.161+0000][1][gc,age       ] GC(63) Desired survivor size 4358144 bytes, new threshold 2 (max threshold 6)
[2020-09-11T14:31:48.161+0000][1][gc,age       ] GC(63) Age table with threshold 2 (max threshold 6)
[2020-09-11T14:31:48.161+0000][1][gc,age       ] GC(63) - age   1:    3495048 bytes,    3495048 total
[2020-09-11T14:31:48.161+0000][1][gc,age       ] GC(63) - age   2:    1596472 bytes,    5091520 total
[2020-09-11T14:31:48.161+0000][1][gc,age       ] GC(63) - age   3:    2082880 bytes,    7174400 total
[2020-09-11T14:31:48.161+0000][1][gc,heap      ] GC(63) ParNew: 73219K->8245K(76672K)
[2020-09-11T14:31:48.161+0000][1][gc,heap      ] GC(63) CMS: 56803K->56803K(2011968K)
[2020-09-11T14:31:48.161+0000][1][gc,metaspace ] GC(63) Metaspace: 66668K->66668K(1110016K)
[2020-09-11T14:31:48.161+0000][1][gc           ] GC(63) Pause Young (Allocation Failure) 126M->63M(2039M) 35.210ms
[2020-09-11T14:31:48.161+0000][1][gc,cpu       ] GC(63) User=0.04s Sys=0.00s Real=0.03s
[2020-09-11T14:31:48.161+0000][1][safepoint    ] Safepoint "GenCollectForAllocation", Time since last: 23195729 ns, Reaching safepoint: 152488 ns, At safepoint: 35276075 ns, Total: 35428563 ns
[2020-09-11T14:31:48.168+0000][1][gc,start     ] GC(64) Pause Initial Mark
[2020-09-11T14:31:48.175+0000][1][gc           ] GC(64) Pause Initial Mark 64M->64M(2039M) 7.560ms
[2020-09-11T14:31:48.175+0000][1][gc,cpu       ] GC(64) User=0.01s Sys=0.00s Real=0.00s
[2020-09-11T14:31:48.179+0000][1][safepoint    ] Safepoint "CMS_Initial_Mark", Time since last: 6324233 ns, Reaching safepoint: 144340 ns, At safepoint: 11032101 ns, Total: 11176441 ns
[2020-09-11T14:31:48.179+0000][1][gc           ] GC(64) Concurrent Mark
[2020-09-11T14:31:48.198+0000][1][safepoint    ] Safepoint "CollectForMetadataAllocation", Time since last: 18999589 ns, Reaching safepoint: 41896 ns, At safepoint: 105639 ns, Total: 147535 ns
[2020-09-11T14:31:48.274+0000][1][safepoint    ] Safepoint "CollectForMetadataAllocation", Time since last: 73906103 ns, Reaching safepoint: 2315987 ns, At safepoint: 89257 ns, Total: 2405244 ns
[2020-09-11T14:31:48.293+0000][1][safepoint    ] Safepoint "RevokeBias", Time since last: 18659895 ns, Reaching safepoint: 42836 ns, At safepoint: 11721 ns, Total: 54557 ns
[2020-09-11T14:31:48.306+0000][1][safepoint    ] Safepoint "CollectForMetadataAllocation", Time since last: 12650853 ns, Reaching safepoint: 44956 ns, At safepoint: 113693 ns, Total: 158649 ns
[2020-09-11T14:31:48.327+0000][1][gc           ] GC(64) Concurrent Mark 148.128ms
[2020-09-11T14:31:48.327+0000][1][gc,cpu       ] GC(64) User=0.15s Sys=0.00s Real=0.15s
[2020-09-11T14:31:48.327+0000][1][gc           ] GC(64) Concurrent Preclean
[2020-09-11T14:31:48.330+0000][1][gc           ] GC(64) Concurrent Preclean 3.022ms
[2020-09-11T14:31:48.330+0000][1][gc,cpu       ] GC(64) User=0.00s Sys=0.00s Real=0.00s
[2020-09-11T14:31:48.330+0000][1][gc           ] GC(64) Concurrent Abortable Preclean
[2020-09-11T14:31:48.341+0000][1][safepoint    ] Safepoint "CollectForMetadataAllocation", Time since last: 35497053 ns, Reaching safepoint: 55695 ns, At safepoint: 251535 ns, Total: 307230 ns
[2020-09-11T14:31:48.368+0000][1][safepoint    ] Safepoint "CollectForMetadataAllocation", Time since last: 26546050 ns, Reaching safepoint: 45900 ns, At safepoint: 109622 ns, Total: 155522 ns
[2020-09-11T14:31:48.377+0000][1][safepoint    ] Safepoint "Deoptimize", Time since last: 8156871 ns, Reaching safepoint: 38211 ns, At safepoint: 346224 ns, Total: 384435 ns
[2020-09-11T14:31:48.386+0000][1][safepoint    ] Safepoint "CollectForMetadataAllocation", Time since last: 9720075 ns, Reaching safepoint: 38714 ns, At safepoint: 106290 ns, Total: 145004 ns
[2020-09-11T14:31:48.393+0000][1][safepoint    ] Safepoint "Deoptimize", Time since last: 6051833 ns, Reaching safepoint: 34200 ns, At safepoint: 349377 ns, Total: 383577 ns
[2020-09-11T14:31:48.468+0000][1][safepoint    ] Safepoint "CollectForMetadataAllocation", Time since last: 71277598 ns, Reaching safepoint: 3267737 ns, At safepoint: 110449 ns, Total: 3378186 ns
[2020-09-11T14:31:48.527+0000][1][safepoint    ] Safepoint "CollectForMetadataAllocation", Time since last: 59767314 ns, Reaching safepoint: 71397 ns, At safepoint: 64862 ns, Total: 136259 ns
[2020-09-11T14:31:48.545+0000][1][safepoint    ] Safepoint "RevokeBias", Time since last: 17330320 ns, Reaching safepoint: 49780 ns, At safepoint: 17508 ns, Total: 67288 ns
[2020-09-11T14:31:48.545+0000][1][safepoint    ] Safepoint "RevokeBias", Time since last: 357045 ns, Reaching safepoint: 85261 ns, At safepoint: 17718 ns, Total: 102979 ns
[2020-09-11T14:31:48.551+0000][1][safepoint    ] Safepoint "RevokeBias", Time since last: 2079711 ns, Reaching safepoint: 4040134 ns, At safepoint: 25385 ns, Total: 4065519 ns
[2020-09-11T14:31:48.552+0000][1][safepoint    ] Safepoint "RevokeBias", Time since last: 574180 ns, Reaching safepoint: 91487 ns, At safepoint: 21678 ns, Total: 113165 ns
[2020-09-11T14:31:48.559+0000][1][safepoint    ] Safepoint "RevokeBias", Time since last: 3256409 ns, Reaching safepoint: 3333154 ns, At safepoint: 21923 ns, Total: 3355077 ns
[2020-09-11T14:31:48.559+0000][1][safepoint    ] Safepoint "RevokeBias", Time since last: 205299 ns, Reaching safepoint: 15445 ns, At safepoint: 16107 ns, Total: 31552 ns
[2020-09-11T14:31:48.559+0000][1][safepoint    ] Safepoint "RevokeBias", Time since last: 238561 ns, Reaching safepoint: 10596 ns, At safepoint: 13700 ns, Total: 24296 ns
[2020-09-11T14:31:48.559+0000][1][safepoint    ] Safepoint "RevokeBias", Time since last: 192415 ns, Reaching safepoint: 13859 ns, At safepoint: 13809 ns, Total: 27668 ns
[2020-09-11T14:31:48.560+0000][1][safepoint    ] Safepoint "RevokeBias", Time since last: 32228 ns, Reaching safepoint: 11111 ns, At safepoint: 12991 ns, Total: 24102 ns
[2020-09-11T14:31:48.560+0000][1][safepoint    ] Safepoint "RevokeBias", Time since last: 425592 ns, Reaching safepoint: 10643 ns, At safepoint: 13602 ns, Total: 24245 ns
[2020-09-11T14:31:48.561+0000][1][safepoint    ] Safepoint "RevokeBias", Time since last: 774605 ns, Reaching safepoint: 85211 ns, At safepoint: 16173 ns, Total: 101384 ns
[2020-09-11T14:31:48.563+0000][1][safepoint    ] Safepoint "RevokeBias", Time since last: 2570050 ns, Reaching safepoint: 21734 ns, At safepoint: 13960 ns, Total: 35694 ns
[2020-09-11T14:31:48.567+0000][1][safepoint    ] Safepoint "Deoptimize", Time since last: 3139722 ns, Reaching safepoint: 92311 ns, At safepoint: 313440 ns, Total: 405751 ns
[2020-09-11T14:31:48.652+0000][1][safepoint    ] Safepoint "CollectForMetadataAllocation", Time since last: 78183505 ns, Reaching safepoint: 6295848 ns, At safepoint: 129907 ns, Total: 6425755 ns
[2020-09-11T14:31:48.704+0000][1][safepoint    ] Safepoint "CollectForMetadataAllocation", Time since last: 52290510 ns, Reaching safepoint: 44188 ns, At safepoint: 79309 ns, Total: 123497 ns
[2020-09-11T14:31:48.757+0000][1][safepoint    ] Safepoint "CollectForMetadataAllocation", Time since last: 52236347 ns, Reaching safepoint: 108660 ns, At safepoint: 122995 ns, Total: 231655 ns
[2020-09-11T14:31:48.876+0000][1][safepoint    ] Safepoint "CollectForMetadataAllocation", Time since last: 118906595 ns, Reaching safepoint: 139411 ns, At safepoint: 113822 ns, Total: 253233 ns
[2020-09-11T14:31:48.984+0000][1][safepoint    ] Safepoint "CollectForMetadataAllocation", Time since last: 107740886 ns, Reaching safepoint: 117624 ns, At safepoint: 264857 ns, Total: 382481 ns
[2020-09-11T14:31:49.037+0000][1][safepoint    ] Safepoint "RevokeBias", Time since last: 46303244 ns, Reaching safepoint: 6778431 ns, At safepoint: 39794 ns, Total: 6818225 ns
[2020-09-11T14:31:49.037+0000][1][safepoint    ] Safepoint "RevokeBias", Time since last: 68579 ns, Reaching safepoint: 218277 ns, At safepoint: 32104 ns, Total: 250381 ns
[2020-09-11T14:31:49.049+0000][1][safepoint    ] Safepoint "RevokeBias", Time since last: 11342580 ns, Reaching safepoint: 188172 ns, At safepoint: 23211 ns, Total: 211383 ns
[2020-09-11T14:31:49.049+0000][1][safepoint    ] Safepoint "RevokeBias", Time since last: 287713 ns, Reaching safepoint: 236952 ns, At safepoint: 26211 ns, Total: 263163 ns
[2020-09-11T14:31:49.050+0000][1][safepoint    ] Safepoint "RevokeBias", Time since last: 287672 ns, Reaching safepoint: 298039 ns, At safepoint: 26233 ns, Total: 324272 ns
[2020-09-11T14:31:49.050+0000][1][safepoint    ] Safepoint "RevokeBias", Time since last: 184933 ns, Reaching safepoint: 134426 ns, At safepoint: 16662 ns, Total: 151088 ns
[2020-09-11T14:31:49.051+0000][1][safepoint    ] Safepoint "CollectForMetadataAllocation", Time since last: 612619 ns, Reaching safepoint: 96782 ns, At safepoint: 109836 ns, Total: 206618 ns
[2020-09-11T14:31:49.059+0000][1][safepoint    ] Safepoint "RevokeBias", Time since last: 7041568 ns, Reaching safepoint: 1076889 ns, At safepoint: 16519 ns, Total: 1093408 ns
[2020-09-11T14:31:49.060+0000][1][safepoint    ] Safepoint "RevokeBias", Time since last: 359447 ns, Reaching safepoint: 136554 ns, At safepoint: 15799 ns, Total: 152353 ns
[2020-09-11T14:31:49.061+0000][1][safepoint    ] Safepoint "RevokeBias", Time since last: 1499260 ns, Reaching safepoint: 168420 ns, At safepoint: 16821 ns, Total: 185241 ns
[2020-09-11T14:31:49.068+0000][1][safepoint    ] Safepoint "RevokeBias", Time since last: 4538441 ns, Reaching safepoint: 1918121 ns, At safepoint: 20494 ns, Total: 1938615 ns
[2020-09-11T14:31:49.072+0000][1][safepoint    ] Safepoint "RevokeBias", Time since last: 3493560 ns, Reaching safepoint: 165548 ns, At safepoint: 19557 ns, Total: 185105 ns
[2020-09-11T14:31:49.075+0000][1][safepoint    ] Safepoint "RevokeBias", Time since last: 3311606 ns, Reaching safepoint: 221017 ns, At safepoint: 29735 ns, Total: 250752 ns
[2020-09-11T14:31:49.075+0000][1][safepoint    ] Safepoint "RevokeBias", Time since last: 72172 ns, Reaching safepoint: 217277 ns, At safepoint: 12827 ns, Total: 230104 ns
[2020-09-11T14:31:49.076+0000][1][safepoint    ] Safepoint "RevokeBias", Time since last: 332710 ns, Reaching safepoint: 137825 ns, At safepoint: 27746 ns, Total: 165571 ns
[2020-09-11T14:31:49.077+0000][1][safepoint    ] Safepoint "RevokeBias", Time since last: 426367 ns, Reaching safepoint: 167664 ns, At safepoint: 34261 ns, Total: 201925 ns
[2020-09-11T14:31:49.077+0000][1][safepoint    ] Safepoint "RevokeBias", Time since last: 53006 ns, Reaching safepoint: 96272 ns, At safepoint: 13161 ns, Total: 109433 ns
[2020-09-11T14:31:49.078+0000][1][safepoint    ] Safepoint "RevokeBias", Time since last: 754760 ns, Reaching safepoint: 152514 ns, At safepoint: 19678 ns, Total: 172192 ns
[2020-09-11T14:31:49.078+0000][1][safepoint    ] Safepoint "RevokeBias", Time since last: 39627 ns, Reaching safepoint: 97603 ns, At safepoint: 13206 ns, Total: 110809 ns
[2020-09-11T14:31:49.080+0000][1][safepoint    ] Safepoint "RevokeBias", Time since last: 2216839 ns, Reaching safepoint: 38762 ns, At safepoint: 22109 ns, Total: 60871 ns
[2020-09-11T14:31:49.081+0000][1][safepoint    ] Safepoint "RevokeBias", Time since last: 304241 ns, Reaching safepoint: 144053 ns, At safepoint: 12943 ns, Total: 156996 ns
[2020-09-11T14:31:49.081+0000][1][safepoint    ] Safepoint "RevokeBias", Time since last: 47350 ns, Reaching safepoint: 140362 ns, At safepoint: 12200 ns, Total: 152562 ns
[2020-09-11T14:31:49.096+0000][1][safepoint    ] Safepoint "RevokeBias", Time since last: 6258128 ns, Reaching safepoint: 8564763 ns, At safepoint: 22296 ns, Total: 8587059 ns
[2020-09-11T14:31:49.096+0000][1][safepoint    ] Safepoint "RevokeBias", Time since last: 82889 ns, Reaching safepoint: 138544 ns, At safepoint: 15470 ns, Total: 154014 ns
[2020-09-11T14:31:49.097+0000][1][safepoint    ] Safepoint "RevokeBias", Time since last: 566359 ns, Reaching safepoint: 106613 ns, At safepoint: 18736 ns, Total: 125349 ns
[2020-09-11T14:31:49.097+0000][1][safepoint    ] Safepoint "RevokeBias", Time since last: 33402 ns, Reaching safepoint: 102587 ns, At safepoint: 17181 ns, Total: 119768 ns
[2020-09-11T14:31:49.097+0000][1][safepoint    ] Safepoint "RevokeBias", Time since last: 34805 ns, Reaching safepoint: 138234 ns, At safepoint: 15688 ns, Total: 153922 ns
[2020-09-11T14:31:49.107+0000][1][safepoint    ] Safepoint "RevokeBias", Time since last: 6694128 ns, Reaching safepoint: 3879412 ns, At safepoint: 23543 ns, Total: 3902955 ns
[2020-09-11T14:31:49.108+0000][1][safepoint    ] Safepoint "RevokeBias", Time since last: 76294 ns, Reaching safepoint: 108107 ns, At safepoint: 16683 ns, Total: 124790 ns
[2020-09-11T14:31:49.112+0000][1][safepoint    ] Safepoint "RevokeBias", Time since last: 3785947 ns, Reaching safepoint: 109333 ns, At safepoint: 14284 ns, Total: 123617 ns
[2020-09-11T14:31:49.119+0000][1][safepoint    ] Safepoint "RevokeBias", Time since last: 3853228 ns, Reaching safepoint: 4012711 ns, At safepoint: 15157 ns, Total: 4027868 ns
[2020-09-11T14:31:49.120+0000][1][safepoint    ] Safepoint "RevokeBias", Time since last: 554062 ns, Reaching safepoint: 28195 ns, At safepoint: 8205 ns, Total: 36400 ns
[2020-09-11T14:31:49.120+0000][1][safepoint    ] Safepoint "RevokeBias", Time since last: 237477 ns, Reaching safepoint: 30590 ns, At safepoint: 11634 ns, Total: 42224 ns
[2020-09-11T14:31:49.121+0000][1][safepoint    ] Safepoint "RevokeBias", Time since last: 949292 ns, Reaching safepoint: 31058 ns, At safepoint: 11549 ns, Total: 42607 ns
[2020-09-11T14:31:49.124+0000][1][safepoint    ] Safepoint "RevokeBias", Time since last: 2102052 ns, Reaching safepoint: 100869 ns, At safepoint: 33127 ns, Total: 133996 ns
[2020-09-11T14:31:49.130+0000][1][safepoint    ] Safepoint "RevokeBias", Time since last: 3838289 ns, Reaching safepoint: 2752332 ns, At safepoint: 13618 ns, Total: 2765950 ns
[2020-09-11T14:31:49.131+0000][1][safepoint    ] Safepoint "RevokeBias", Time since last: 687777 ns, Reaching safepoint: 27055 ns, At safepoint: 15019 ns, Total: 42074 ns
[2020-09-11T14:31:49.131+0000][1][safepoint    ] Safepoint "RevokeBias", Time since last: 112785 ns, Reaching safepoint: 21812 ns, At safepoint: 112446 ns, Total: 134258 ns
[2020-09-11T14:31:49.132+0000][1][safepoint    ] Safepoint "RevokeBias", Time since last: 278688 ns, Reaching safepoint: 90700 ns, At safepoint: 11471 ns, Total: 102171 ns
[2020-09-11T14:31:49.132+0000][1][safepoint    ] Safepoint "RevokeBias", Time since last: 217771 ns, Reaching safepoint: 19392 ns, At safepoint: 11304 ns, Total: 30696 ns
[2020-09-11T14:31:49.132+0000][1][safepoint    ] Safepoint "RevokeBias", Time since last: 123544 ns, Reaching safepoint: 17518 ns, At safepoint: 10181 ns, Total: 27699 ns
[2020-09-11T14:31:49.132+0000][1][safepoint    ] Safepoint "RevokeBias", Time since last: 82343 ns, Reaching safepoint: 16611 ns, At safepoint: 9998 ns, Total: 26609 ns
[2020-09-11T14:31:49.132+0000][1][safepoint    ] Safepoint "RevokeBias", Time since last: 27958 ns, Reaching safepoint: 14359 ns, At safepoint: 9611 ns, Total: 23970 ns
[2020-09-11T14:31:49.133+0000][1][safepoint    ] Safepoint "CollectForMetadataAllocation", Time since last: 1130389 ns, Reaching safepoint: 16656 ns, At safepoint: 115552 ns, Total: 132208 ns
[2020-09-11T14:31:49.159+0000][1][safepoint    ] Safepoint "RevokeBias", Time since last: 23099115 ns, Reaching safepoint: 3013708 ns, At safepoint: 19277 ns, Total: 3032985 ns
[2020-09-11T14:31:49.160+0000][1][safepoint    ] Safepoint "RevokeBias", Time since last: 591725 ns, Reaching safepoint: 38731 ns, At safepoint: 10931 ns, Total: 49662 ns
[2020-09-11T14:31:49.161+0000][1][safepoint    ] Safepoint "RevokeBias", Time since last: 564742 ns, Reaching safepoint: 100920 ns, At safepoint: 11467 ns, Total: 112387 ns
[2020-09-11T14:31:49.261+0000][1][safepoint    ] Safepoint "RevokeBias", Time since last: 100448088 ns, Reaching safepoint: 61429 ns, At safepoint: 16148 ns, Total: 77577 ns
[2020-09-11T14:31:49.261+0000][1][safepoint    ] Safepoint "RevokeBias", Time since last: 67920 ns, Reaching safepoint: 25260 ns, At safepoint: 11128 ns, Total: 36388 ns
[2020-09-11T14:31:49.261+0000][1][safepoint    ] Safepoint "RevokeBias", Time since last: 36029 ns, Reaching safepoint: 18318 ns, At safepoint: 9586 ns, Total: 27904 ns
[2020-09-11T14:31:49.262+0000][1][safepoint    ] Safepoint "RevokeBias", Time since last: 33502 ns, Reaching safepoint: 17485 ns, At safepoint: 9027 ns, Total: 26512 ns
[2020-09-11T14:31:49.262+0000][1][safepoint    ] Safepoint "RevokeBias", Time since last: 33149 ns, Reaching safepoint: 16224 ns, At safepoint: 8891 ns, Total: 25115 ns
[2020-09-11T14:31:49.262+0000][1][safepoint    ] Safepoint "RevokeBias", Time since last: 36001 ns, Reaching safepoint: 15985 ns, At safepoint: 8462 ns, Total: 24447 ns
[2020-09-11T14:31:49.262+0000][1][safepoint    ] Safepoint "RevokeBias", Time since last: 33071 ns, Reaching safepoint: 15443 ns, At safepoint: 8638 ns, Total: 24081 ns
[2020-09-11T14:31:49.262+0000][1][safepoint    ] Safepoint "RevokeBias", Time since last: 32222 ns, Reaching safepoint: 15072 ns, At safepoint: 8259 ns, Total: 23331 ns
[2020-09-11T14:31:50.029+0000][1][safepoint    ] Safepoint "RevokeBias", Time since last: 766971132 ns, Reaching safepoint: 80655 ns, At safepoint: 76633 ns, Total: 157288 ns
[2020-09-11T14:31:51.029+0000][1][safepoint    ] Safepoint "Cleanup", Time since last: 1000422434 ns, Reaching safepoint: 77692 ns, At safepoint: 12799 ns, Total: 90491 ns
[2020-09-11T14:31:52.031+0000][1][safepoint    ] Safepoint "Cleanup", Time since last: 1001716767 ns, Reaching safepoint: 86338 ns, At safepoint: 15793 ns, Total: 102131 ns
[2020-09-11T14:31:52.092+0000][1][safepoint    ] Safepoint "RevokeBias", Time since last: 60865534 ns, Reaching safepoint: 36618 ns, At safepoint: 23764 ns, Total: 60382 ns
[2020-09-11T14:31:52.094+0000][1][safepoint    ] Safepoint "RevokeBias", Time since last: 1321943 ns, Reaching safepoint: 27254 ns, At safepoint: 9859 ns, Total: 37113 ns
[2020-09-11T14:31:52.095+0000][1][safepoint    ] Safepoint "RevokeBias", Time since last: 1380010 ns, Reaching safepoint: 135303 ns, At safepoint: 12358 ns, Total: 147661 ns
[2020-09-11T14:31:52.105+0000][1][safepoint    ] Safepoint "RevokeBias", Time since last: 9402911 ns, Reaching safepoint: 47877 ns, At safepoint: 11336 ns, Total: 59213 ns
[2020-09-11T14:31:53.036+0000][1][safepoint    ] Safepoint "RevokeBias", Time since last: 929946610 ns, Reaching safepoint: 1444866 ns, At safepoint: 52788 ns, Total: 1497654 ns
[2020-09-11T14:31:53.036+0000][1][safepoint    ] Safepoint "RevokeBias", Time since last: 385220 ns, Reaching safepoint: 17023 ns, At safepoint: 10009 ns, Total: 27032 ns
[2020-09-11T14:31:53.037+0000][1][safepoint    ] Safepoint "RevokeBias", Time since last: 150004 ns, Reaching safepoint: 14606 ns, At safepoint: 9401 ns, Total: 24007 ns
[2020-09-11T14:31:53.037+0000][1][safepoint    ] Safepoint "RevokeBias", Time since last: 213317 ns, Reaching safepoint: 14142 ns, At safepoint: 9225 ns, Total: 23367 ns
[2020-09-11T14:31:53.037+0000][1][safepoint    ] Safepoint "RevokeBias", Time since last: 519839 ns, Reaching safepoint: 126379 ns, At safepoint: 10784 ns, Total: 137163 ns
[2020-09-11T14:31:53.038+0000][1][safepoint    ] Safepoint "RevokeBias", Time since last: 869054 ns, Reaching safepoint: 128008 ns, At safepoint: 12157 ns, Total: 140165 ns
[2020-09-11T14:31:53.039+0000][1][safepoint    ] Safepoint "RevokeBias", Time since last: 362075 ns, Reaching safepoint: 135283 ns, At safepoint: 10764 ns, Total: 146047 ns
[2020-09-11T14:31:53.040+0000][1][safepoint    ] Safepoint "RevokeBias", Time since last: 302625 ns, Reaching safepoint: 260404 ns, At safepoint: 12967 ns, Total: 273371 ns
[2020-09-11T14:31:53.366+0000][1][gc           ] GC(64) Concurrent Abortable Preclean 5035.659ms
[2020-09-11T14:31:53.366+0000][1][gc,cpu       ] GC(64) User=2.32s Sys=0.03s Real=5.04s
[2020-09-11T14:31:53.366+0000][1][gc,start     ] GC(64) Pause Remark
[2020-09-11T14:31:53.391+0000][1][gc           ] GC(64) Pause Remark 100M->100M(2039M) 25.373ms
[2020-09-11T14:31:53.391+0000][1][gc,cpu       ] GC(64) User=0.03s Sys=0.00s Real=0.02s
[2020-09-11T14:31:53.394+0000][1][safepoint    ] Safepoint "CMS_Final_Remark", Time since last: 326085608 ns, Reaching safepoint: 55326 ns, At safepoint: 28523523 ns, Total: 28578849 ns
[2020-09-11T14:31:53.394+0000][1][gc           ] GC(64) Concurrent Sweep
[2020-09-11T14:31:53.411+0000][1][gc           ] GC(64) Concurrent Sweep 16.475ms
[2020-09-11T14:31:53.411+0000][1][gc,cpu       ] GC(64) User=0.02s Sys=0.00s Real=0.02s
[2020-09-11T14:31:53.411+0000][1][gc           ] GC(64) Concurrent Reset
[2020-09-11T14:31:53.414+0000][1][gc           ] GC(64) Concurrent Reset 3.211ms
[2020-09-11T14:31:53.414+0000][1][gc,cpu       ] GC(64) User=0.00s Sys=0.00s Real=0.00s
[2020-09-11T14:31:53.414+0000][1][gc,heap      ] GC(64) Old: 56803K->55792K(2011968K)
[2020-09-11T14:31:54.405+0000][1][safepoint    ] Safepoint "Cleanup", Time since last: 1009534847 ns, Reaching safepoint: 823139 ns, At safepoint: 10153 ns, Total: 833292 ns
[2020-09-11T14:31:54.735+0000][1][safepoint    ] Safepoint "RevokeBias", Time since last: 330715587 ns, Reaching safepoint: 47512 ns, At safepoint: 20483 ns, Total: 67995 ns
[2020-09-11T14:31:54.735+0000][1][safepoint    ] Safepoint "RevokeBias", Time since last: 77513 ns, Reaching safepoint: 18283 ns, At safepoint: 9011 ns, Total: 27294 ns
[2020-09-11T14:31:55.736+0000][1][safepoint    ] Safepoint "Cleanup", Time since last: 1000166828 ns, Reaching safepoint: 74280 ns, At safepoint: 9172 ns, Total: 83452 ns
[2020-09-11T14:31:56.035+0000][1][safepoint    ] Safepoint "RevokeBias", Time since last: 298717579 ns, Reaching safepoint: 147724 ns, At safepoint: 24476 ns, Total: 172200 ns
[2020-09-11T14:31:56.035+0000][1][safepoint    ] Safepoint "RevokeBias", Time since last: 248358 ns, Reaching safepoint: 128179 ns, At safepoint: 12944 ns, Total: 141123 ns
[2020-09-11T14:31:56.036+0000][1][safepoint    ] Safepoint "RevokeBias", Time since last: 714707 ns, Reaching safepoint: 126503 ns, At safepoint: 12088 ns, Total: 138591 ns
[2020-09-11T14:31:56.036+0000][1][safepoint    ] Safepoint "RevokeBias", Time since last: 128647 ns, Reaching safepoint: 136698 ns, At safepoint: 11259 ns, Total: 147957 ns
[2020-09-11T14:31:57.036+0000][1][safepoint    ] Safepoint "Cleanup", Time since last: 1000105071 ns, Reaching safepoint: 84267 ns, At safepoint: 15352 ns, Total: 99619 ns
[2020-09-11T14:31:57.040+0000][1][safepoint    ] Safepoint "RevokeBias", Time since last: 3465226 ns, Reaching safepoint: 52711 ns, At safepoint: 45207 ns, Total: 97918 ns
[2020-09-11T14:31:57.042+0000][1][safepoint    ] Safepoint "RevokeBias", Time since last: 1603672 ns, Reaching safepoint: 325895 ns, At safepoint: 41612 ns, Total: 367507 ns
[2020-09-11T14:31:57.042+0000][1][safepoint    ] Safepoint "RevokeBias", Time since last: 360924 ns, Reaching safepoint: 43557 ns, At safepoint: 35137 ns, Total: 78694 ns
[2020-09-11T14:31:57.043+0000][1][safepoint    ] Safepoint "RevokeBias", Time since last: 679282 ns, Reaching safepoint: 44265 ns, At safepoint: 35665 ns, Total: 79930 ns
[2020-09-11T14:31:57.046+0000][1][safepoint    ] Safepoint "RevokeBias", Time since last: 3037533 ns, Reaching safepoint: 147127 ns, At safepoint: 17641 ns, Total: 164768 ns
[2020-09-11T14:31:57.059+0000][1][safepoint    ] Safepoint "RevokeBias", Time since last: 12961534 ns, Reaching safepoint: 41143 ns, At safepoint: 34820 ns, Total: 75963 ns
[2020-09-11T14:31:58.060+0000][1][safepoint    ] Safepoint "Cleanup", Time since last: 1000377483 ns, Reaching safepoint: 79119 ns, At safepoint: 51210 ns, Total: 130329 ns
[2020-09-11T14:31:59.060+0000][1][safepoint    ] Safepoint "Cleanup", Time since last: 1000182227 ns, Reaching safepoint: 92910 ns, At safepoint: 18670 ns, Total: 111580 ns
[2020-09-11T14:32:00.039+0000][1][safepoint    ] Safepoint "RevokeBias", Time since last: 978591749 ns, Reaching safepoint: 48269 ns, At safepoint: 17352 ns, Total: 65621 ns
[2020-09-11T14:32:00.039+0000][1][safepoint    ] Safepoint "RevokeBias", Time since last: 486168 ns, Reaching safepoint: 16516 ns, At safepoint: 9798 ns, Total: 26314 ns
[2020-09-11T14:32:00.041+0000][1][safepoint    ] Safepoint "RevokeBias", Time since last: 1448242 ns, Reaching safepoint: 23688 ns, At safepoint: 11080 ns, Total: 34768 ns
[2020-09-11T14:32:00.042+0000][1][safepoint    ] Safepoint "RevokeBias", Time since last: 1013192 ns, Reaching safepoint: 137508 ns, At safepoint: 13110 ns, Total: 150618 ns
[2020-09-11T14:32:01.036+0000][1][safepoint    ] Safepoint "RevokeBias", Time since last: 994339907 ns, Reaching safepoint: 155717 ns, At safepoint: 19186 ns, Total: 174903 ns
[2020-09-11T14:32:01.037+0000][1][safepoint    ] Safepoint "RevokeBias", Time since last: 264124 ns, Reaching safepoint: 119413 ns, At safepoint: 11824 ns, Total: 131237 ns
[2020-09-11T14:32:01.037+0000][1][safepoint    ] Safepoint "RevokeBias", Time since last: 443399 ns, Reaching safepoint: 133641 ns, At safepoint: 11342 ns, Total: 144983 ns
[2020-09-11T14:32:01.038+0000][1][safepoint    ] Safepoint "RevokeBias", Time since last: 552154 ns, Reaching safepoint: 126739 ns, At safepoint: 14355 ns, Total: 141094 ns
[2020-09-11T14:32:01.039+0000][1][safepoint    ] Safepoint "RevokeBias", Time since last: 151256 ns, Reaching safepoint: 363480 ns, At safepoint: 13645 ns, Total: 377125 ns
[2020-09-11T14:32:01.039+0000][1][safepoint    ] Safepoint "RevokeBias", Time since last: 403002 ns, Reaching safepoint: 133079 ns, At safepoint: 12784 ns, Total: 145863 ns
[2020-09-11T14:32:01.040+0000][1][safepoint    ] Safepoint "RevokeBias", Time since last: 623981 ns, Reaching safepoint: 136723 ns, At safepoint: 12146 ns, Total: 148869 ns
[2020-09-11T14:32:01.040+0000][1][safepoint    ] Safepoint "RevokeBias", Time since last: 170380 ns, Reaching safepoint: 121384 ns, At safepoint: 11937 ns, Total: 133321 ns
[2020-09-11T14:32:01.041+0000][1][safepoint    ] Safepoint "RevokeBias", Time since last: 362879 ns, Reaching safepoint: 92108 ns, At safepoint: 14371 ns, Total: 106479 ns
[2020-09-11T14:32:01.042+0000][1][safepoint    ] Safepoint "RevokeBias", Time since last: 1093536 ns, Reaching safepoint: 125880 ns, At safepoint: 13699 ns, Total: 139579 ns
[2020-09-11T14:32:01.042+0000][1][safepoint    ] Safepoint "RevokeBias", Time since last: 186548 ns, Reaching safepoint: 128104 ns, At safepoint: 12779 ns, Total: 140883 ns
[2020-09-11T14:32:01.043+0000][1][safepoint    ] Safepoint "RevokeBias", Time since last: 487984 ns, Reaching safepoint: 133476 ns, At safepoint: 12978 ns, Total: 146454 ns
[2020-09-11T14:32:02.043+0000][1][safepoint    ] Safepoint "Cleanup", Time since last: 1000107626 ns, Reaching safepoint: 178269 ns, At safepoint: 16628 ns, Total: 194897 ns
[2020-09-11T14:32:03.043+0000][1][safepoint    ] Safepoint "Cleanup", Time since last: 1000163092 ns, Reaching safepoint: 47988 ns, At safepoint: 6293 ns, Total: 54281 ns
[2020-09-11T14:32:04.049+0000][1][safepoint    ] Safepoint "Cleanup", Time since last: 1000111583 ns, Reaching safepoint: 4947636 ns, At safepoint: 10238 ns, Total: 4957874 ns
[2020-09-11T14:32:04.049+0000][1][safepoint    ] Safepoint "RevokeBias", Time since last: 555420 ns, Reaching safepoint: 94085 ns, At safepoint: 19322 ns, Total: 113407 ns
[2020-09-11T14:32:04.050+0000][1][safepoint    ] Safepoint "RevokeBias", Time since last: 956982 ns, Reaching safepoint: 92336 ns, At safepoint: 12380 ns, Total: 104716 ns
[2020-09-11T14:32:04.051+0000][1][safepoint    ] Safepoint "RevokeBias", Time since last: 972204 ns, Reaching safepoint: 196869 ns, At safepoint: 14973 ns, Total: 211842 ns
[2020-09-11T14:32:04.055+0000][1][safepoint    ] Safepoint "RevokeBias", Time since last: 3280573 ns, Reaching safepoint: 108764 ns, At safepoint: 17481 ns, Total: 126245 ns
[2020-09-11T14:32:05.038+0000][1][safepoint    ] Safepoint "RevokeBias", Time since last: 983532077 ns, Reaching safepoint: 36333 ns, At safepoint: 21350 ns, Total: 57683 ns
[2020-09-11T14:32:05.039+0000][1][safepoint    ] Safepoint "RevokeBias", Time since last: 365360 ns, Reaching safepoint: 18039 ns, At safepoint: 13432 ns, Total: 31471 ns
[2020-09-11T14:32:05.039+0000][1][safepoint    ] Safepoint "BulkRevokeBias", Time since last: 379297 ns, Reaching safepoint: 17135 ns, At safepoint: 115060 ns, Total: 132195 ns
[2020-09-11T14:32:05.040+0000][1][safepoint    ] Safepoint "BulkRevokeBias", Time since last: 278084 ns, Reaching safepoint: 18068 ns, At safepoint: 89122 ns, Total: 107190 ns
[2020-09-11T14:32:05.040+0000][1][safepoint    ] Safepoint "RevokeBias", Time since last: 717005 ns, Reaching safepoint: 19114 ns, At safepoint: 15287 ns, Total: 34401 ns
[2020-09-11T14:32:05.041+0000][1][safepoint    ] Safepoint "BulkRevokeBias", Time since last: 302886 ns, Reaching safepoint: 17460 ns, At safepoint: 98975 ns, Total: 116435 ns
[2020-09-11T14:32:06.041+0000][1][safepoint    ] Safepoint "Cleanup", Time since last: 1000116810 ns, Reaching safepoint: 88841 ns, At safepoint: 15298 ns, Total: 104139 ns
[2020-09-11T14:32:07.041+0000][1][safepoint    ] Safepoint "Cleanup", Time since last: 1000198519 ns, Reaching safepoint: 74017 ns, At safepoint: 7719 ns, Total: 81736 ns
[2020-09-11T14:32:08.039+0000][1][safepoint    ] Safepoint "RevokeBias", Time since last: 997365997 ns, Reaching safepoint: 48938 ns, At safepoint: 25700 ns, Total: 74638 ns
[2020-09-11T14:32:08.040+0000][1][safepoint    ] Safepoint "RevokeBias", Time since last: 661091 ns, Reaching safepoint: 98153 ns, At safepoint: 23258 ns, Total: 121411 ns
[2020-09-11T14:32:08.040+0000][1][safepoint    ] Safepoint "BulkRevokeBias", Time since last: 316773 ns, Reaching safepoint: 120728 ns, At safepoint: 259855 ns, Total: 380583 ns
[2020-09-11T14:32:09.040+0000][1][safepoint    ] Safepoint "RevokeBias", Time since last: 999126189 ns, Reaching safepoint: 154859 ns, At safepoint: 24480 ns, Total: 179339 ns
[2020-09-11T14:32:09.041+0000][1][safepoint    ] Safepoint "RevokeBias", Time since last: 935035 ns, Reaching safepoint: 21743 ns, At safepoint: 16336 ns, Total: 38079 ns
[2020-09-11T14:32:09.041+0000][1][safepoint    ] Safepoint "RevokeBias", Time since last: 131827 ns, Reaching safepoint: 18539 ns, At safepoint: 13852 ns, Total: 32391 ns
[2020-09-11T14:32:09.041+0000][1][safepoint    ] Safepoint "RevokeBias", Time since last: 214923 ns, Reaching safepoint: 19099 ns, At safepoint: 13810 ns, Total: 32909 ns
[2020-09-11T14:32:09.042+0000][1][safepoint    ] Safepoint "RevokeBias", Time since last: 789715 ns, Reaching safepoint: 20006 ns, At safepoint: 14206 ns, Total: 34212 ns
[2020-09-11T14:32:09.042+0000][1][safepoint    ] Safepoint "RevokeBias", Time since last: 303785 ns, Reaching safepoint: 18504 ns, At safepoint: 9606 ns, Total: 28110 ns
[2020-09-11T14:32:09.042+0000][1][safepoint    ] Safepoint "RevokeBias", Time since last: 278669 ns, Reaching safepoint: 18715 ns, At safepoint: 9318 ns, Total: 28033 ns
[2020-09-11T14:32:10.043+0000][1][safepoint    ] Safepoint "Cleanup", Time since last: 1000108837 ns, Reaching safepoint: 170905 ns, At safepoint: 16789 ns, Total: 187694 ns
[2020-09-11T14:32:11.043+0000][1][safepoint    ] Safepoint "Cleanup", Time since last: 1000202663 ns, Reaching safepoint: 76308 ns, At safepoint: 7228 ns, Total: 83536 ns
[2020-09-11T14:32:12.043+0000][1][safepoint    ] Safepoint "RevokeBias", Time since last: 999315833 ns, Reaching safepoint: 86799 ns, At safepoint: 56369 ns, Total: 143168 ns
[2020-09-11T14:32:12.044+0000][1][safepoint    ] Safepoint "RevokeBias", Time since last: 1148656 ns, Reaching safepoint: 61511 ns, At safepoint: 31268 ns, Total: 92779 ns
[2020-09-11T14:32:12.044+0000][1][safepoint    ] Safepoint "RevokeBias", Time since last: 404297 ns, Reaching safepoint: 59183 ns, At safepoint: 28869 ns, Total: 88052 ns
[2020-09-11T14:32:13.041+0000][1][safepoint    ] Safepoint "RevokeBias", Time since last: 996683889 ns, Reaching safepoint: 155637 ns, At safepoint: 24913 ns, Total: 180550 ns
[2020-09-11T14:32:13.043+0000][1][safepoint    ] Safepoint "RevokeBias", Time since last: 607605 ns, Reaching safepoint: 901144 ns, At safepoint: 24854 ns, Total: 925998 ns
[2020-09-11T14:32:13.043+0000][1][safepoint    ] Safepoint "RevokeBias", Time since last: 560103 ns, Reaching safepoint: 134073 ns, At safepoint: 17731 ns, Total: 151804 ns
[2020-09-11T14:32:13.044+0000][1][safepoint    ] Safepoint "RevokeBias", Time since last: 280111 ns, Reaching safepoint: 134148 ns, At safepoint: 17278 ns, Total: 151426 ns
[2020-09-11T14:32:13.045+0000][1][safepoint    ] Safepoint "RevokeBias", Time since last: 714907 ns, Reaching safepoint: 140621 ns, At safepoint: 17179 ns, Total: 157800 ns
[2020-09-11T14:32:13.045+0000][1][safepoint    ] Safepoint "RevokeBias", Time since last: 603649 ns, Reaching safepoint: 143348 ns, At safepoint: 15594 ns, Total: 158942 ns
[2020-09-11T14:32:14.046+0000][1][safepoint    ] Safepoint "Cleanup", Time since last: 1000081253 ns, Reaching safepoint: 167081 ns, At safepoint: 7074 ns, Total: 174155 ns
[2020-09-11T14:32:15.046+0000][1][safepoint    ] Safepoint "Cleanup", Time since last: 1000160787 ns, Reaching safepoint: 77412 ns, At safepoint: 7310 ns, Total: 84722 ns
[2020-09-11T14:32:16.043+0000][1][safepoint    ] Safepoint "RevokeBias", Time since last: 997031679 ns, Reaching safepoint: 92371 ns, At safepoint: 44392 ns, Total: 136763 ns
[2020-09-11T14:32:16.045+0000][1][safepoint    ] Safepoint "RevokeBias", Time since last: 1639184 ns, Reaching safepoint: 168971 ns, At safepoint: 39290 ns, Total: 208261 ns
[2020-09-11T14:32:16.047+0000][1][safepoint    ] Safepoint "RevokeBias", Time since last: 1306544 ns, Reaching safepoint: 251684 ns, At safepoint: 42040 ns, Total: 293724 ns
[2020-09-11T14:32:16.048+0000][1][safepoint    ] Safepoint "RevokeBias", Time since last: 989179 ns, Reaching safepoint: 173194 ns, At safepoint: 48685 ns, Total: 221879 ns
[2020-09-11T14:32:16.049+0000][1][safepoint    ] Safepoint "RevokeBias", Time since last: 862753 ns, Reaching safepoint: 150151 ns, At safepoint: 35842 ns, Total: 185993 ns
[2020-09-11T14:32:16.050+0000][1][safepoint    ] Safepoint "RevokeBias", Time since last: 1172493 ns, Reaching safepoint: 166312 ns, At safepoint: 61117 ns, Total: 227429 ns
[2020-09-11T14:32:17.045+0000][1][safepoint    ] Safepoint "RevokeBias", Time since last: 994857652 ns, Reaching safepoint: 159827 ns, At safepoint: 26238 ns, Total: 186065 ns
[2020-09-11T14:32:17.046+0000][1][safepoint    ] Safepoint "RevokeBias", Time since last: 628959 ns, Reaching safepoint: 135588 ns, At safepoint: 18674 ns, Total: 154262 ns
[2020-09-11T14:32:17.047+0000][1][safepoint    ] Safepoint "RevokeBias", Time since last: 511826 ns, Reaching safepoint: 137876 ns, At safepoint: 17721 ns, Total: 155597 ns
[2020-09-11T14:32:17.047+0000][1][safepoint    ] Safepoint "RevokeBias", Time since last: 166948 ns, Reaching safepoint: 131436 ns, At safepoint: 13977 ns, Total: 145413 ns
[2020-09-11T14:32:17.047+0000][1][safepoint    ] Safepoint "RevokeBias", Time since last: 325023 ns, Reaching safepoint: 118501 ns, At safepoint: 14239 ns, Total: 132740 ns
[2020-09-11T14:32:17.048+0000][1][safepoint    ] Safepoint "RevokeBias", Time since last: 375095 ns, Reaching safepoint: 135139 ns, At safepoint: 12794 ns, Total: 147933 ns
[2020-09-11T14:32:18.327+0000][1][safepoint    ] Safepoint "Cleanup", Time since last: 1278804492 ns, Reaching safepoint: 73857 ns, At safepoint: 6976 ns, Total: 80833 ns
[2020-09-11T14:32:19.046+0000][1][safepoint    ] Safepoint "RevokeBias", Time since last: 718863058 ns, Reaching safepoint: 52323 ns, At safepoint: 20837 ns, Total: 73160 ns
[2020-09-11T14:32:19.073+0000][1][safepoint    ] Safepoint "RevokeBias", Time since last: 27439981 ns, Reaching safepoint: 172430 ns, At safepoint: 27440 ns, Total: 199870 ns
[2020-09-11T14:32:19.074+0000][1][safepoint    ] Safepoint "RevokeBias", Time since last: 619333 ns, Reaching safepoint: 162868 ns, At safepoint: 25274 ns, Total: 188142 ns
[2020-09-11T14:32:19.897+0000][1][safepoint    ] Safepoint "RevokeBias", Time since last: 822935339 ns, Reaching safepoint: 56665 ns, At safepoint: 9881 ns, Total: 66546 ns
[2020-09-11T14:32:20.044+0000][1][safepoint    ] Safepoint "RevokeBias", Time since last: 146450169 ns, Reaching safepoint: 41449 ns, At safepoint: 19048 ns, Total: 60497 ns
[2020-09-11T14:32:20.044+0000][1][safepoint    ] Safepoint "RevokeBias", Time since last: 257644 ns, Reaching safepoint: 21825 ns, At safepoint: 11899 ns, Total: 33724 ns
[2020-09-11T14:32:20.045+0000][1][safepoint    ] Safepoint "RevokeBias", Time since last: 469907 ns, Reaching safepoint: 21952 ns, At safepoint: 12009 ns, Total: 33961 ns
[2020-09-11T14:32:20.045+0000][1][safepoint    ] Safepoint "RevokeBias", Time since last: 437207 ns, Reaching safepoint: 22189 ns, At safepoint: 11940 ns, Total: 34129 ns
[2020-09-11T14:32:20.046+0000][1][safepoint    ] Safepoint "RevokeBias", Time since last: 492732 ns, Reaching safepoint: 21232 ns, At safepoint: 11474 ns, Total: 32706 ns
[2020-09-11T14:32:20.046+0000][1][safepoint    ] Safepoint "RevokeBias", Time since last: 369495 ns, Reaching safepoint: 21136 ns, At safepoint: 11183 ns, Total: 32319 ns
[2020-09-11T14:32:21.044+0000][1][safepoint    ] Safepoint "RevokeBias", Time since last: 998157836 ns, Reaching safepoint: 146800 ns, At safepoint: 25658 ns, Total: 172458 ns
[2020-09-11T14:32:21.045+0000][1][safepoint    ] Safepoint "RevokeBias", Time since last: 506140 ns, Reaching safepoint: 100841 ns, At safepoint: 15565 ns, Total: 116406 ns
[2020-09-11T14:32:21.045+0000][1][safepoint    ] Safepoint "RevokeBias", Time since last: 99814 ns, Reaching safepoint: 136155 ns, At safepoint: 13680 ns, Total: 149835 ns
[2020-09-11T14:32:21.045+0000][1][safepoint    ] Safepoint "RevokeBias", Time since last: 129904 ns, Reaching safepoint: 97221 ns, At safepoint: 14122 ns, Total: 111343 ns
[2020-09-11T14:32:21.046+0000][1][safepoint    ] Safepoint "RevokeBias", Time since last: 446504 ns, Reaching safepoint: 154978 ns, At safepoint: 15002 ns, Total: 169980 ns
[2020-09-11T14:32:21.046+0000][1][safepoint    ] Safepoint "RevokeBias", Time since last: 69796 ns, Reaching safepoint: 133750 ns, At safepoint: 12927 ns, Total: 146677 ns
[2020-09-11T14:32:21.047+0000][1][safepoint    ] Safepoint "RevokeBias", Time since last: 139553 ns, Reaching safepoint: 138186 ns, At safepoint: 21370 ns, Total: 159556 ns
[2020-09-11T14:32:21.047+0000][1][safepoint    ] Safepoint "RevokeBias", Time since last: 316245 ns, Reaching safepoint: 127947 ns, At safepoint: 21448 ns, Total: 149395 ns
[2020-09-11T14:32:21.047+0000][1][safepoint    ] Safepoint "RevokeBias", Time since last: 291826 ns, Reaching safepoint: 141383 ns, At safepoint: 22185 ns, Total: 163568 ns
[2020-09-11T14:32:22.048+0000][1][safepoint    ] Safepoint "Cleanup", Time since last: 1000120962 ns, Reaching safepoint: 101209 ns, At safepoint: 6497 ns, Total: 107706 ns
[2020-09-11T14:32:23.044+0000][1][safepoint    ] Safepoint "RevokeBias", Time since last: 996495377 ns, Reaching safepoint: 50785 ns, At safepoint: 21142 ns, Total: 71927 ns
[2020-09-11T14:32:24.045+0000][1][safepoint    ] Safepoint "Cleanup", Time since last: 1000357469 ns, Reaching safepoint: 119563 ns, At safepoint: 7531 ns, Total: 127094 ns
[2020-09-11T14:32:24.045+0000][1][safepoint    ] Safepoint "RevokeBias", Time since last: 108612 ns, Reaching safepoint: 91656 ns, At safepoint: 18484 ns, Total: 110140 ns
[2020-09-11T14:32:24.045+0000][1][safepoint    ] Safepoint "RevokeBias", Time since last: 259044 ns, Reaching safepoint: 93633 ns, At safepoint: 12990 ns, Total: 106623 ns
[2020-09-11T14:32:24.046+0000][1][safepoint    ] Safepoint "RevokeBias", Time since last: 441099 ns, Reaching safepoint: 461888 ns, At safepoint: 15237 ns, Total: 477125 ns
[2020-09-11T14:32:24.047+0000][1][safepoint    ] Safepoint "RevokeBias", Time since last: 410433 ns, Reaching safepoint: 771316 ns, At safepoint: 16229 ns, Total: 787545 ns
[2020-09-11T14:32:24.048+0000][1][safepoint    ] Safepoint "RevokeBias", Time since last: 421029 ns, Reaching safepoint: 540037 ns, At safepoint: 14968 ns, Total: 555005 ns
[2020-09-11T14:32:24.051+0000][1][safepoint    ] Safepoint "RevokeBias", Time since last: 350928 ns, Reaching safepoint: 2665640 ns, At safepoint: 19320 ns, Total: 2684960 ns
[2020-09-11T14:32:25.046+0000][1][safepoint    ] Safepoint "BulkRevokeBias", Time since last: 993933579 ns, Reaching safepoint: 44405 ns, At safepoint: 126032 ns, Total: 170437 ns
[2020-09-11T14:32:25.046+0000][1][safepoint    ] Safepoint "BulkRevokeBias", Time since last: 672583 ns, Reaching safepoint: 24440 ns, At safepoint: 99936 ns, Total: 124376 ns
[2020-09-11T14:32:25.047+0000][1][safepoint    ] Safepoint "RevokeBias", Time since last: 869006 ns, Reaching safepoint: 24550 ns, At safepoint: 115554 ns, Total: 140104 ns
[2020-09-11T14:32:26.048+0000][1][safepoint    ] Safepoint "Cleanup", Time since last: 1000125579 ns, Reaching safepoint: 46941 ns, At safepoint: 6379 ns, Total: 53320 ns
[2020-09-11T14:32:27.045+0000][1][safepoint    ] Safepoint "RevokeBias", Time since last: 997856259 ns, Reaching safepoint: 43645 ns, At safepoint: 20488 ns, Total: 64133 ns
[2020-09-11T14:32:28.047+0000][1][safepoint    ] Safepoint "RevokeBias", Time since last: 1001281895 ns, Reaching safepoint: 171722 ns, At safepoint: 21244 ns, Total: 192966 ns
[2020-09-11T14:32:28.047+0000][1][safepoint    ] Safepoint "RevokeBias", Time since last: 403833 ns, Reaching safepoint: 78900 ns, At safepoint: 13712 ns, Total: 92612 ns
[2020-09-11T14:32:28.048+0000][1][safepoint    ] Safepoint "BulkRevokeBias", Time since last: 324173 ns, Reaching safepoint: 141512 ns, At safepoint: 130685 ns, Total: 272197 ns
[2020-09-11T14:32:28.339+0000][1][gc,start     ] GC(65) Pause Young (Allocation Failure)
[2020-09-11T14:32:28.339+0000][1][gc,task      ] GC(65) Using 1 workers of 1 for evacuation
[2020-09-11T14:32:28.413+0000][1][gc,age       ] GC(65) Desired survivor size 4358144 bytes, new threshold 2 (max threshold 6)
[2020-09-11T14:32:28.413+0000][1][gc,age       ] GC(65) Age table with threshold 2 (max threshold 6)
[2020-09-11T14:32:28.413+0000][1][gc,age       ] GC(65) - age   1:    1288192 bytes,    1288192 total
[2020-09-11T14:32:28.413+0000][1][gc,age       ] GC(65) - age   2:    3420816 bytes,    4709008 total
[2020-09-11T14:32:28.413+0000][1][gc,heap      ] GC(65) ParNew: 76405K->6285K(76672K)
[2020-09-11T14:32:28.413+0000][1][gc,heap      ] GC(65) CMS: 55792K->59445K(2011968K)
[2020-09-11T14:32:28.413+0000][1][gc,metaspace ] GC(65) Metaspace: 71494K->71494K(1116160K)
[2020-09-11T14:32:28.413+0000][1][gc           ] GC(65) Pause Young (Allocation Failure) 129M->64M(2039M) 73.877ms
[2020-09-11T14:32:28.413+0000][1][gc,cpu       ] GC(65) User=0.04s Sys=0.00s Real=0.07s
[2020-09-11T14:32:28.413+0000][1][safepoint    ] Safepoint "GenCollectForAllocation", Time since last: 290981845 ns, Reaching safepoint: 177607 ns, At safepoint: 73940354 ns, Total: 74117961 ns
[2020-09-11T14:32:29.417+0000][1][safepoint    ] Safepoint "Cleanup", Time since last: 1003788733 ns, Reaching safepoint: 91757 ns, At safepoint: 8595 ns, Total: 100352 ns
[2020-09-11T14:32:30.417+0000][1][safepoint    ] Safepoint "Cleanup", Time since last: 1000175397 ns, Reaching safepoint: 74463 ns, At safepoint: 15014 ns, Total: 89477 ns
[2020-09-11T14:32:31.418+0000][1][safepoint    ] Safepoint "Cleanup", Time since last: 1000156340 ns, Reaching safepoint: 94460 ns, At safepoint: 7503 ns, Total: 101963 ns
[2020-09-11T14:32:32.418+0000][1][safepoint    ] Safepoint "Cleanup", Time since last: 1000213566 ns, Reaching safepoint: 86423 ns, At safepoint: 6196 ns, Total: 92619 ns
[2020-09-11T14:32:33.418+0000][1][safepoint    ] Safepoint "Cleanup", Time since last: 1000181228 ns, Reaching safepoint: 107827 ns, At safepoint: 18058 ns, Total: 125885 ns
[2020-09-11T14:32:34.418+0000][1][safepoint    ] Safepoint "Cleanup", Time since last: 1000131869 ns, Reaching safepoint: 63416 ns, At safepoint: 7182 ns, Total: 70598 ns
[2020-09-11T14:32:35.419+0000][1][safepoint    ] Safepoint "Cleanup", Time since last: 1000171304 ns, Reaching safepoint: 95934 ns, At safepoint: 7711 ns, Total: 103645 ns
[2020-09-11T14:32:36.419+0000][1][safepoint    ] Safepoint "Cleanup", Time since last: 1000177690 ns, Reaching safepoint: 94784 ns, At safepoint: 6654 ns, Total: 101438 ns
[2020-09-11T14:32:37.419+0000][1][safepoint    ] Safepoint "Cleanup", Time since last: 1000168993 ns, Reaching safepoint: 88821 ns, At safepoint: 7384 ns, Total: 96205 ns
[2020-09-11T14:32:37.937+0000][1][safepoint    ] Safepoint "RevokeBias", Time since last: 517697842 ns, Reaching safepoint: 173308 ns, At safepoint: 9753 ns, Total: 183061 ns
[2020-09-11T14:32:37.937+0000][1][safepoint    ] Safepoint "RevokeBias", Time since last: 62694 ns, Reaching safepoint: 147491 ns, At safepoint: 5951 ns, Total: 153442 ns
[2020-09-11T14:32:37.937+0000][1][safepoint    ] Safepoint "RevokeBias", Time since last: 38550 ns, Reaching safepoint: 145512 ns, At safepoint: 5558 ns, Total: 151070 ns
[2020-09-11T14:32:37.939+0000][1][safepoint    ] Safepoint "RevokeBias", Time since last: 995056 ns, Reaching safepoint: 141530 ns, At safepoint: 13491 ns, Total: 155021 ns
[2020-09-11T14:32:37.944+0000][1][safepoint    ] Safepoint "RevokeBias", Time since last: 5448098 ns, Reaching safepoint: 163707 ns, At safepoint: 9136 ns, Total: 172843 ns
[2020-09-11T14:32:37.944+0000][1][safepoint    ] Safepoint "RevokeBias", Time since last: 57699 ns, Reaching safepoint: 144433 ns, At safepoint: 5390 ns, Total: 149823 ns
[2020-09-11T14:32:37.964+0000][1][safepoint    ] Safepoint "Deoptimize", Time since last: 19065975 ns, Reaching safepoint: 170088 ns, At safepoint: 349373 ns, Total: 519461 ns
[2020-09-11T14:32:37.969+0000][1][safepoint    ] Safepoint "RevokeBias", Time since last: 5075093 ns, Reaching safepoint: 169922 ns, At safepoint: 9002 ns, Total: 178924 ns
[2020-09-11T14:32:37.970+0000][1][safepoint    ] Safepoint "RevokeBias", Time since last: 82016 ns, Reaching safepoint: 150032 ns, At safepoint: 6487 ns, Total: 156519 ns
[2020-09-11T14:32:37.970+0000][1][safepoint    ] Safepoint "RevokeBias", Time since last: 38860 ns, Reaching safepoint: 142497 ns, At safepoint: 5620 ns, Total: 148117 ns
[2020-09-11T14:32:37.970+0000][1][safepoint    ] Safepoint "RevokeBias", Time since last: 351821 ns, Reaching safepoint: 151183 ns, At safepoint: 5966 ns, Total: 157149 ns
[2020-09-11T14:32:37.971+0000][1][safepoint    ] Safepoint "RevokeBias", Time since last: 511830 ns, Reaching safepoint: 147152 ns, At safepoint: 5925 ns, Total: 153077 ns
[2020-09-11T14:32:37.977+0000][1][safepoint    ] Safepoint "RevokeBias", Time since last: 6023115 ns, Reaching safepoint: 165942 ns, At safepoint: 9797 ns, Total: 175739 ns
[2020-09-11T14:32:37.996+0000][1][safepoint    ] Safepoint "RevokeBias", Time since last: 18979912 ns, Reaching safepoint: 179448 ns, At safepoint: 10673 ns, Total: 190121 ns
[2020-09-11T14:32:37.997+0000][1][safepoint    ] Safepoint "RevokeBias", Time since last: 335781 ns, Reaching safepoint: 163786 ns, At safepoint: 14524 ns, Total: 178310 ns
[2020-09-11T14:32:38.008+0000][1][safepoint    ] Safepoint "RevokeBias", Time since last: 10650050 ns, Reaching safepoint: 132822 ns, At safepoint: 10588 ns, Total: 143410 ns
[2020-09-11T14:32:38.036+0000][1][safepoint    ] Safepoint "Deoptimize", Time since last: 28069314 ns, Reaching safepoint: 131034 ns, At safepoint: 363906 ns, Total: 494940 ns
[2020-09-11T14:32:38.047+0000][1][safepoint    ] Safepoint "Deoptimize", Time since last: 10292677 ns, Reaching safepoint: 138865 ns, At safepoint: 392803 ns, Total: 531668 ns
[2020-09-11T14:32:39.047+0000][1][safepoint    ] Safepoint "Cleanup", Time since last: 1000201972 ns, Reaching safepoint: 95793 ns, At safepoint: 7772 ns, Total: 103565 ns
[2020-09-11T14:32:40.048+0000][1][safepoint    ] Safepoint "Cleanup", Time since last: 1000163722 ns, Reaching safepoint: 106451 ns, At safepoint: 7855 ns, Total: 114306 ns
[2020-09-11T14:32:41.048+0000][1][safepoint    ] Safepoint "Cleanup", Time since last: 1000159717 ns, Reaching safepoint: 91007 ns, At safepoint: 8098 ns, Total: 99105 ns
[2020-09-11T14:32:42.048+0000][1][safepoint    ] Safepoint "Cleanup", Time since last: 1000192181 ns, Reaching safepoint: 92589 ns, At safepoint: 8255 ns, Total: 100844 ns
[2020-09-11T14:32:43.048+0000][1][safepoint    ] Safepoint "Cleanup", Time since last: 1000187245 ns, Reaching safepoint: 93577 ns, At safepoint: 8180 ns, Total: 101757 ns
[2020-09-11T14:32:44.049+0000][1][safepoint    ] Safepoint "Cleanup", Time since last: 1000165066 ns, Reaching safepoint: 101638 ns, At safepoint: 7718 ns, Total: 109356 ns
[2020-09-11T14:32:44.560+0000][1][safepoint    ] Safepoint "RevokeBias", Time since last: 510775836 ns, Reaching safepoint: 141636 ns, At safepoint: 10266 ns, Total: 151902 ns
[2020-09-11T14:32:44.562+0000][1][safepoint    ] Safepoint "RevokeBias", Time since last: 2598443 ns, Reaching safepoint: 171063 ns, At safepoint: 8999 ns, Total: 180062 ns
[2020-09-11T14:32:44.646+0000][1][safepoint    ] Safepoint "RevokeBias", Time since last: 83410714 ns, Reaching safepoint: 186089 ns, At safepoint: 9504 ns, Total: 195593 ns
[2020-09-11T14:32:44.780+0000][1][safepoint    ] Safepoint "RevokeBias", Time since last: 134124525 ns, Reaching safepoint: 168933 ns, At safepoint: 9812 ns, Total: 178745 ns
[2020-09-11T14:32:45.781+0000][1][safepoint    ] Safepoint "Cleanup", Time since last: 1000172406 ns, Reaching safepoint: 132918 ns, At safepoint: 19398 ns, Total: 152316 ns
[2020-09-11T14:32:46.781+0000][1][safepoint    ] Safepoint "Cleanup", Time since last: 1000178016 ns, Reaching safepoint: 117783 ns, At safepoint: 18389 ns, Total: 136172 ns
[2020-09-11T14:32:47.781+0000][1][safepoint    ] Safepoint "Cleanup", Time since last: 1000185583 ns, Reaching safepoint: 105664 ns, At safepoint: 8658 ns, Total: 114322 ns
[2020-09-11T14:32:48.781+0000][1][safepoint    ] Safepoint "Cleanup", Time since last: 1000193215 ns, Reaching safepoint: 95916 ns, At safepoint: 8441 ns, Total: 104357 ns
[2020-09-11T14:32:49.782+0000][1][safepoint    ] Safepoint "Cleanup", Time since last: 1000158181 ns, Reaching safepoint: 127255 ns, At safepoint: 19121 ns, Total: 146376 ns
[2020-09-11T14:32:50.783+0000][1][safepoint    ] Safepoint "Cleanup", Time since last: 1000659358 ns, Reaching safepoint: 66611 ns, At safepoint: 7867 ns, Total: 74478 ns
[2020-09-11T14:32:51.784+0000][1][safepoint    ] Safepoint "Cleanup", Time since last: 1000840178 ns, Reaching safepoint: 144923 ns, At safepoint: 17567 ns, Total: 162490 ns
[2020-09-11T14:32:52.784+0000][1][safepoint    ] Safepoint "Cleanup", Time since last: 1000210242 ns, Reaching safepoint: 126513 ns, At safepoint: 28579 ns, Total: 155092 ns
[2020-09-11T14:32:53.784+0000][1][safepoint    ] Safepoint "Cleanup", Time since last: 1000214871 ns, Reaching safepoint: 135754 ns, At safepoint: 18924 ns, Total: 154678 ns
[2020-09-11T14:32:54.785+0000][1][safepoint    ] Safepoint "Cleanup", Time since last: 1000159878 ns, Reaching safepoint: 69355 ns, At safepoint: 8040 ns, Total: 77395 ns
[2020-09-11T14:32:55.785+0000][1][safepoint    ] Safepoint "Cleanup", Time since last: 1000188755 ns, Reaching safepoint: 97086 ns, At safepoint: 8678 ns, Total: 105764 ns
[2020-09-11T14:32:56.785+0000][1][safepoint    ] Safepoint "Cleanup", Time since last: 1000178623 ns, Reaching safepoint: 119952 ns, At safepoint: 18940 ns, Total: 138892 ns
[2020-09-11T14:32:57.785+0000][1][safepoint    ] Safepoint "Cleanup", Time since last: 1000219332 ns, Reaching safepoint: 88227 ns, At safepoint: 8557 ns, Total: 96784 ns
[2020-09-11T14:32:58.786+0000][1][safepoint    ] Safepoint "Cleanup", Time since last: 1000177793 ns, Reaching safepoint: 132233 ns, At safepoint: 19786 ns, Total: 152019 ns
[2020-09-11T14:32:59.786+0000][1][safepoint    ] Safepoint "Cleanup", Time since last: 1000208566 ns, Reaching safepoint: 134118 ns, At safepoint: 20657 ns, Total: 154775 ns
[2020-09-11T14:33:00.787+0000][1][safepoint    ] Safepoint "Cleanup", Time since last: 1000223657 ns, Reaching safepoint: 118843 ns, At safepoint: 18883 ns, Total: 137726 ns
[2020-09-11T14:33:01.787+0000][1][safepoint    ] Safepoint "Cleanup", Time since last: 1000213142 ns, Reaching safepoint: 128612 ns, At safepoint: 19969 ns, Total: 148581 ns
[2020-09-11T14:33:02.787+0000][1][safepoint    ] Safepoint "Cleanup", Time since last: 1000238318 ns, Reaching safepoint: 99855 ns, At safepoint: 8500 ns, Total: 108355 ns
[2020-09-11T14:33:03.788+0000][1][safepoint    ] Safepoint "Cleanup", Time since last: 1000207876 ns, Reaching safepoint: 86577 ns, At safepoint: 8212 ns, Total: 94789 ns
[2020-09-11T14:33:04.788+0000][1][safepoint    ] Safepoint "Cleanup", Time since last: 1000112387 ns, Reaching safepoint: 65690 ns, At safepoint: 7716 ns, Total: 73406 ns
[2020-09-11T14:33:05.788+0000][1][safepoint    ] Safepoint "Cleanup", Time since last: 1000197535 ns, Reaching safepoint: 95407 ns, At safepoint: 8345 ns, Total: 103752 ns
[2020-09-11T14:33:06.788+0000][1][safepoint    ] Safepoint "Cleanup", Time since last: 1000211008 ns, Reaching safepoint: 96006 ns, At safepoint: 8745 ns, Total: 104751 ns
[2020-09-11T14:33:07.789+0000][1][safepoint    ] Safepoint "Cleanup", Time since last: 1000162259 ns, Reaching safepoint: 119050 ns, At safepoint: 19685 ns, Total: 138735 ns
[2020-09-11T14:33:08.069+0000][1][gc,start     ] GC(66) Pause Young (Allocation Failure)
[2020-09-11T14:33:08.069+0000][1][gc,task      ] GC(66) Using 1 workers of 1 for evacuation
[2020-09-11T14:33:08.102+0000][1][gc,age       ] GC(66) Desired survivor size 4358144 bytes, new threshold 6 (max threshold 6)
[2020-09-11T14:33:08.102+0000][1][gc,age       ] GC(66) Age table with threshold 6 (max threshold 6)
[2020-09-11T14:33:08.102+0000][1][gc,age       ] GC(66) - age   1:     620576 bytes,     620576 total
[2020-09-11T14:33:08.102+0000][1][gc,age       ] GC(66) - age   2:    1239176 bytes,    1859752 total
[2020-09-11T14:33:08.102+0000][1][gc,heap      ] GC(66) ParNew: 74445K->5020K(76672K)
[2020-09-11T14:33:08.102+0000][1][gc,heap      ] GC(66) CMS: 59445K->79300K(2011968K)
[2020-09-11T14:33:08.102+0000][1][gc,metaspace ] GC(66) Metaspace: 73323K->73323K(1118208K)
[2020-09-11T14:33:08.102+0000][1][gc           ] GC(66) Pause Young (Allocation Failure) 130M->82M(2039M) 32.936ms
[2020-09-11T14:33:08.102+0000][1][gc,cpu       ] GC(66) User=0.04s Sys=0.00s Real=0.03s
[2020-09-11T14:33:08.107+0000][1][safepoint    ] Safepoint "GenCollectForAllocation", Time since last: 279926122 ns, Reaching safepoint: 164280 ns, At safepoint: 37925052 ns, Total: 38089332 ns
[2020-09-11T14:33:09.108+0000][1][safepoint    ] Safepoint "Cleanup", Time since last: 1001041231 ns, Reaching safepoint: 86109 ns, At safepoint: 7444 ns, Total: 93553 ns
[2020-09-11T14:33:09.843+0000][1][safepoint    ] Safepoint "RevokeBias", Time since last: 735404289 ns, Reaching safepoint: 136028 ns, At safepoint: 9333 ns, Total: 145361 ns
[2020-09-11T14:33:10.844+0000][1][safepoint    ] Safepoint "Cleanup", Time since last: 1000180181 ns, Reaching safepoint: 127215 ns, At safepoint: 19264 ns, Total: 146479 ns
[2020-09-11T14:33:11.844+0000][1][safepoint    ] Safepoint "Cleanup", Time since last: 1000197623 ns, Reaching safepoint: 123366 ns, At safepoint: 119952 ns, Total: 243318 ns
[2020-09-11T14:33:12.844+0000][1][safepoint    ] Safepoint "Cleanup", Time since last: 1000240234 ns, Reaching safepoint: 131940 ns, At safepoint: 20233 ns, Total: 152173 ns
[2020-09-11T14:33:13.845+0000][1][safepoint    ] Safepoint "Cleanup", Time since last: 1000225451 ns, Reaching safepoint: 127713 ns, At safepoint: 19291 ns, Total: 147004 ns
[2020-09-11T14:33:14.783+0000][1][safepoint    ] Safepoint "RevokeBias", Time since last: 937667122 ns, Reaching safepoint: 234248 ns, At safepoint: 22952 ns, Total: 257200 ns
[2020-09-11T14:33:14.783+0000][1][safepoint    ] Safepoint "RevokeBias", Time since last: 163826 ns, Reaching safepoint: 173198 ns, At safepoint: 16497 ns, Total: 189695 ns
[2020-09-11T14:33:14.785+0000][1][safepoint    ] Safepoint "RevokeBias", Time since last: 1322708 ns, Reaching safepoint: 179118 ns, At safepoint: 21763 ns, Total: 200881 ns
[2020-09-11T14:33:14.785+0000][1][safepoint    ] Safepoint "RevokeBias", Time since last: 124472 ns, Reaching safepoint: 158333 ns, At safepoint: 17374 ns, Total: 175707 ns
[2020-09-11T14:33:15.785+0000][1][safepoint    ] Safepoint "Cleanup", Time since last: 1000180849 ns, Reaching safepoint: 101658 ns, At safepoint: 8586 ns, Total: 110244 ns
[2020-09-11T14:33:16.786+0000][1][safepoint    ] Safepoint "Cleanup", Time since last: 1000170765 ns, Reaching safepoint: 97082 ns, At safepoint: 13862 ns, Total: 110944 ns
[2020-09-11T14:33:23.787+0000][1][safepoint    ] Safepoint "Cleanup", Time since last: 7000983202 ns, Reaching safepoint: 119762 ns, At safepoint: 7939 ns, Total: 127701 ns
[2020-09-11T14:33:24.787+0000][1][safepoint    ] Safepoint "Cleanup", Time since last: 1000178406 ns, Reaching safepoint: 139737 ns, At safepoint: 19357 ns, Total: 159094 ns
[2020-09-11T14:33:27.788+0000][1][safepoint    ] Safepoint "Cleanup", Time since last: 3000622392 ns, Reaching safepoint: 100544 ns, At safepoint: 8139 ns, Total: 108683 ns
[2020-09-11T14:33:28.443+0000][1][safepoint    ] Safepoint "RevokeBias", Time since last: 654798912 ns, Reaching safepoint: 221542 ns, At safepoint: 24957 ns, Total: 246499 ns
[2020-09-11T14:33:28.443+0000][1][safepoint    ] Safepoint "RevokeBias", Time since last: 158219 ns, Reaching safepoint: 164224 ns, At safepoint: 17944 ns, Total: 182168 ns
[2020-09-11T14:33:32.444+0000][1][safepoint    ] Safepoint "Cleanup", Time since last: 4000639702 ns, Reaching safepoint: 128846 ns, At safepoint: 18219 ns, Total: 147065 ns
[2020-09-11T14:33:33.444+0000][1][safepoint    ] Safepoint "Cleanup", Time since last: 1000228051 ns, Reaching safepoint: 129026 ns, At safepoint: 18653 ns, Total: 147679 ns
[2020-09-11T14:33:34.445+0000][1][safepoint    ] Safepoint "Cleanup", Time since last: 1000189325 ns, Reaching safepoint: 129511 ns, At safepoint: 18806 ns, Total: 148317 ns
[2020-09-11T14:33:35.445+0000][1][safepoint    ] Safepoint "Cleanup", Time since last: 1000186810 ns, Reaching safepoint: 133270 ns, At safepoint: 19077 ns, Total: 152347 ns
[2020-09-11T14:33:36.445+0000][1][safepoint    ] Safepoint "Cleanup", Time since last: 1000242094 ns, Reaching safepoint: 135314 ns, At safepoint: 19922 ns, Total: 155236 ns
[2020-09-11T14:33:39.446+0000][1][safepoint    ] Safepoint "Cleanup", Time since last: 3000545215 ns, Reaching safepoint: 97746 ns, At safepoint: 8782 ns, Total: 106528 ns
[2020-09-11T14:33:41.446+0000][1][safepoint    ] Safepoint "Cleanup", Time since last: 2000251871 ns, Reaching safepoint: 130870 ns, At safepoint: 19301 ns, Total: 150171 ns
[2020-09-11T14:33:43.447+0000][1][safepoint    ] Safepoint "Cleanup", Time since last: 2000299760 ns, Reaching safepoint: 103949 ns, At safepoint: 7470 ns, Total: 111419 ns
[2020-09-11T14:33:44.447+0000][1][safepoint    ] Safepoint "Cleanup", Time since last: 1000172883 ns, Reaching safepoint: 116799 ns, At safepoint: 8014 ns, Total: 124813 ns
[2020-09-11T14:33:45.448+0000][1][safepoint    ] Safepoint "Cleanup", Time since last: 1000188636 ns, Reaching safepoint: 319253 ns, At safepoint: 20066 ns, Total: 339319 ns
[2020-09-11T14:33:46.448+0000][1][safepoint    ] Safepoint "Cleanup", Time since last: 1000254159 ns, Reaching safepoint: 136179 ns, At safepoint: 19291 ns, Total: 155470 ns
[2020-09-11T14:33:51.449+0000][1][safepoint    ] Safepoint "Cleanup", Time since last: 5000754293 ns, Reaching safepoint: 101275 ns, At safepoint: 8729 ns, Total: 110004 ns
[2020-09-11T14:33:55.450+0000][1][safepoint    ] Safepoint "Cleanup", Time since last: 4000687897 ns, Reaching safepoint: 101220 ns, At safepoint: 7904 ns, Total: 109124 ns
[2020-09-11T14:33:56.450+0000][1][safepoint    ] Safepoint "Cleanup", Time since last: 1000227856 ns, Reaching safepoint: 137922 ns, At safepoint: 20176 ns, Total: 158098 ns
[2020-09-11T14:33:58.451+0000][1][safepoint    ] Safepoint "Cleanup", Time since last: 2000364734 ns, Reaching safepoint: 90421 ns, At safepoint: 7996 ns, Total: 98417 ns
[2020-09-11T14:33:58.590+0000][1][gc,start     ] GC(67) Pause Young (Allocation Failure)
[2020-09-11T14:33:58.590+0000][1][gc,task      ] GC(67) Using 1 workers of 1 for evacuation
[2020-09-11T14:33:58.611+0000][1][gc,age       ] GC(67) Desired survivor size 4358144 bytes, new threshold 6 (max threshold 6)
[2020-09-11T14:33:58.611+0000][1][gc,age       ] GC(67) Age table with threshold 6 (max threshold 6)
[2020-09-11T14:33:58.611+0000][1][gc,age       ] GC(67) - age   1:     240008 bytes,     240008 total
[2020-09-11T14:33:58.611+0000][1][gc,age       ] GC(67) - age   2:     580968 bytes,     820976 total
[2020-09-11T14:33:58.611+0000][1][gc,age       ] GC(67) - age   3:    1236448 bytes,    2057424 total
[2020-09-11T14:33:58.611+0000][1][gc,heap      ] GC(67) ParNew: 73180K->3418K(76672K)
[2020-09-11T14:33:58.611+0000][1][gc,heap      ] GC(67) CMS: 79300K->95684K(2011968K)
[2020-09-11T14:33:58.611+0000][1][gc,metaspace ] GC(67) Metaspace: 73666K->73666K(1118208K)
[2020-09-11T14:33:58.611+0000][1][gc           ] GC(67) Pause Young (Allocation Failure) 148M->96M(2039M) 20.794ms
[2020-09-11T14:33:58.611+0000][1][gc,cpu       ] GC(67) User=0.02s Sys=0.00s Real=0.02s
[2020-09-11T14:33:58.611+0000][1][safepoint    ] Safepoint "GenCollectForAllocation", Time since last: 139399671 ns, Reaching safepoint: 179644 ns, At safepoint: 20908671 ns, Total: 21088315 ns
[2020-09-11T14:33:59.612+0000][1][safepoint    ] Safepoint "Cleanup", Time since last: 1000993968 ns, Reaching safepoint: 66770 ns, At safepoint: 19046 ns, Total: 85816 ns
[2020-09-11T14:34:00.615+0000][1][safepoint    ] Safepoint "Cleanup", Time since last: 1002439037 ns, Reaching safepoint: 211826 ns, At safepoint: 62667 ns, Total: 274493 ns
[2020-09-11T14:34:02.615+0000][1][safepoint    ] Safepoint "Cleanup", Time since last: 2000339014 ns, Reaching safepoint: 108850 ns, At safepoint: 41769 ns, Total: 150619 ns
[2020-09-11T14:34:03.616+0000][1][safepoint    ] Safepoint "Cleanup", Time since last: 1000144469 ns, Reaching safepoint: 321053 ns, At safepoint: 22252 ns, Total: 343305 ns
[2020-09-11T14:34:15.618+0000][1][safepoint    ] Safepoint "Cleanup", Time since last: 12001774807 ns, Reaching safepoint: 72344 ns, At safepoint: 7105 ns, Total: 79449 ns
[2020-09-11T14:34:20.618+0000][1][safepoint    ] Safepoint "Cleanup", Time since last: 5000695446 ns, Reaching safepoint: 102043 ns, At safepoint: 7363 ns, Total: 109406 ns
[2020-09-11T14:34:21.619+0000][1][safepoint    ] Safepoint "Cleanup", Time since last: 1000171498 ns, Reaching safepoint: 128842 ns, At safepoint: 19134 ns, Total: 147976 ns
[2020-09-11T14:34:24.619+0000][1][safepoint    ] Safepoint "Cleanup", Time since last: 3000516328 ns, Reaching safepoint: 192452 ns, At safepoint: 17353 ns, Total: 209805 ns
[2020-09-11T14:34:27.620+0000][1][safepoint    ] Safepoint "Cleanup", Time since last: 3000436178 ns, Reaching safepoint: 122681 ns, At safepoint: 19211 ns, Total: 141892 ns
[2020-09-11T14:34:28.620+0000][1][safepoint    ] Safepoint "Cleanup", Time since last: 1000242135 ns, Reaching safepoint: 75745 ns, At safepoint: 6989 ns, Total: 82734 ns
[2020-09-11T14:34:32.621+0000][1][safepoint    ] Safepoint "Cleanup", Time since last: 4000710681 ns, Reaching safepoint: 93050 ns, At safepoint: 6835 ns, Total: 99885 ns
[2020-09-11T14:34:33.622+0000][1][safepoint    ] Safepoint "Cleanup", Time since last: 1000212762 ns, Reaching safepoint: 93876 ns, At safepoint: 7472 ns, Total: 101348 ns
[2020-09-11T14:34:34.622+0000][1][safepoint    ] Safepoint "Cleanup", Time since last: 1000172849 ns, Reaching safepoint: 138955 ns, At safepoint: 19445 ns, Total: 158400 ns
[2020-09-11T14:34:35.622+0000][1][safepoint    ] Safepoint "Cleanup", Time since last: 1000208106 ns, Reaching safepoint: 135879 ns, At safepoint: 19030 ns, Total: 154909 ns
[2020-09-11T14:34:36.623+0000][1][safepoint    ] Safepoint "Cleanup", Time since last: 1000220251 ns, Reaching safepoint: 132611 ns, At safepoint: 18048 ns, Total: 150659 ns
[2020-09-11T14:34:39.624+0000][1][safepoint    ] Safepoint "Cleanup", Time since last: 3001669381 ns, Reaching safepoint: 149413 ns, At safepoint: 20293 ns, Total: 169706 ns
[2020-09-11T14:34:40.625+0000][1][safepoint    ] Safepoint "Cleanup", Time since last: 1000193650 ns, Reaching safepoint: 127399 ns, At safepoint: 18185 ns, Total: 145584 ns
[2020-09-11T14:34:49.626+0000][1][safepoint    ] Safepoint "Cleanup", Time since last: 9001267393 ns, Reaching safepoint: 93091 ns, At safepoint: 8096 ns, Total: 101187 ns
[2020-09-11T14:34:52.627+0000][1][safepoint    ] Safepoint "Cleanup", Time since last: 3000443281 ns, Reaching safepoint: 127041 ns, At safepoint: 18366 ns, Total: 145407 ns
[2020-09-11T14:34:56.628+0000][1][safepoint    ] Safepoint "Cleanup", Time since last: 4000621162 ns, Reaching safepoint: 180879 ns, At safepoint: 18151 ns, Total: 199030 ns
[2020-09-11T14:34:59.628+0000][1][safepoint    ] Safepoint "Cleanup", Time since last: 3000360290 ns, Reaching safepoint: 129307 ns, At safepoint: 17046 ns, Total: 146353 ns
[2020-09-11T14:35:03.629+0000][1][safepoint    ] Safepoint "Cleanup", Time since last: 4000733734 ns, Reaching safepoint: 127362 ns, At safepoint: 17704 ns, Total: 145066 ns
[2020-09-11T14:35:04.629+0000][1][safepoint    ] Safepoint "Cleanup", Time since last: 1000156256 ns, Reaching safepoint: 130416 ns, At safepoint: 17464 ns, Total: 147880 ns
[2020-09-11T14:35:07.630+0000][1][safepoint    ] Safepoint "Cleanup", Time since last: 3000454013 ns, Reaching safepoint: 117957 ns, At safepoint: 19498 ns, Total: 137455 ns
[2020-09-11T14:35:13.631+0000][1][safepoint    ] Safepoint "Cleanup", Time since last: 6000827640 ns, Reaching safepoint: 122227 ns, At safepoint: 18275 ns, Total: 140502 ns
[2020-09-11T14:35:13.736+0000][1][gc,start     ] GC(68) Pause Young (Allocation Failure)
[2020-09-11T14:35:13.736+0000][1][gc,task      ] GC(68) Using 1 workers of 1 for evacuation
[2020-09-11T14:35:13.754+0000][1][gc,age       ] GC(68) Desired survivor size 4358144 bytes, new threshold 6 (max threshold 6)
[2020-09-11T14:35:13.754+0000][1][gc,age       ] GC(68) Age table with threshold 6 (max threshold 6)
[2020-09-11T14:35:13.754+0000][1][gc,age       ] GC(68) - age   1:      74968 bytes,      74968 total
[2020-09-11T14:35:13.754+0000][1][gc,age       ] GC(68) - age   2:     193416 bytes,     268384 total
[2020-09-11T14:35:13.754+0000][1][gc,age       ] GC(68) - age   3:     579328 bytes,     847712 total
[2020-09-11T14:35:13.754+0000][1][gc,age       ] GC(68) - age   4:    1236368 bytes,    2084080 total
[2020-09-11T14:35:13.754+0000][1][gc,heap      ] GC(68) ParNew: 71578K->2361K(76672K)
[2020-09-11T14:35:13.754+0000][1][gc,heap      ] GC(68) CMS: 95684K->95684K(2011968K)
[2020-09-11T14:35:13.754+0000][1][gc,metaspace ] GC(68) Metaspace: 73809K->73809K(1118208K)
[2020-09-11T14:35:13.754+0000][1][gc           ] GC(68) Pause Young (Allocation Failure) 163M->95M(2039M) 18.714ms
[2020-09-11T14:35:13.754+0000][1][gc,cpu       ] GC(68) User=0.02s Sys=0.00s Real=0.01s
[2020-09-11T14:35:13.754+0000][1][safepoint    ] Safepoint "GenCollectForAllocation", Time since last: 104545601 ns, Reaching safepoint: 191678 ns, At safepoint: 18792778 ns, Total: 18984456 ns
[2020-09-11T14:35:19.757+0000][1][safepoint    ] Safepoint "Cleanup", Time since last: 6003042027 ns, Reaching safepoint: 99485 ns, At safepoint: 8468 ns, Total: 107953 ns
[2020-09-11T14:35:22.758+0000][1][safepoint    ] Safepoint "Cleanup", Time since last: 3000503718 ns, Reaching safepoint: 135361 ns, At safepoint: 20042 ns, Total: 155403 ns
[2020-09-11T14:35:28.759+0000][1][safepoint    ] Safepoint "Cleanup", Time since last: 6000872196 ns, Reaching safepoint: 119537 ns, At safepoint: 8274 ns, Total: 127811 ns
[2020-09-11T14:35:29.760+0000][1][safepoint    ] Safepoint "Cleanup", Time since last: 1000185668 ns, Reaching safepoint: 182235 ns, At safepoint: 17523 ns, Total: 199758 ns
[2020-09-11T14:35:31.760+0000][1][safepoint    ] Safepoint "Cleanup", Time since last: 2000339347 ns, Reaching safepoint: 141090 ns, At safepoint: 20661 ns, Total: 161751 ns
[2020-09-11T14:35:36.761+0000][1][safepoint    ] Safepoint "Cleanup", Time since last: 5000904198 ns, Reaching safepoint: 137770 ns, At safepoint: 19785 ns, Total: 157555 ns
[2020-09-11T14:35:37.761+0000][1][safepoint    ] Safepoint "Cleanup", Time since last: 1000256447 ns, Reaching safepoint: 140813 ns, At safepoint: 18736 ns, Total: 159549 ns
[2020-09-11T14:35:49.764+0000][1][safepoint    ] Safepoint "Cleanup", Time since last: 12002454251 ns, Reaching safepoint: 136888 ns, At safepoint: 19665 ns, Total: 156553 ns
[2020-09-11T14:35:51.765+0000][1][safepoint    ] Safepoint "Cleanup", Time since last: 2000328849 ns, Reaching safepoint: 116346 ns, At safepoint: 8310 ns, Total: 124656 ns
[2020-09-11T14:35:52.765+0000][1][safepoint    ] Safepoint "Cleanup", Time since last: 1000204334 ns, Reaching safepoint: 95763 ns, At safepoint: 16082 ns, Total: 111845 ns
[2020-09-11T14:35:56.766+0000][1][safepoint    ] Safepoint "Cleanup", Time since last: 4000546960 ns, Reaching safepoint: 181085 ns, At safepoint: 19194 ns, Total: 200279 ns
[2020-09-11T14:35:59.766+0000][1][safepoint    ] Safepoint "Cleanup", Time since last: 3000448168 ns, Reaching safepoint: 139641 ns, At safepoint: 20163 ns, Total: 159804 ns
[2020-09-11T14:36:00.767+0000][1][safepoint    ] Safepoint "Cleanup", Time since last: 1000191535 ns, Reaching safepoint: 138645 ns, At safepoint: 18175 ns, Total: 156820 ns
[2020-09-11T14:36:04.767+0000][1][safepoint    ] Safepoint "Cleanup", Time since last: 4000647197 ns, Reaching safepoint: 135531 ns, At safepoint: 46447 ns, Total: 181978 ns
[2020-09-11T14:36:07.768+0000][1][safepoint    ] Safepoint "Cleanup", Time since last: 3000543693 ns, Reaching safepoint: 134184 ns, At safepoint: 19284 ns, Total: 153468 ns
[2020-09-11T14:36:08.769+0000][1][safepoint    ] Safepoint "Cleanup", Time since last: 1000238909 ns, Reaching safepoint: 136707 ns, At safepoint: 19672 ns, Total: 156379 ns
[2020-09-11T14:36:09.769+0000][1][safepoint    ] Safepoint "Cleanup", Time since last: 1000259675 ns, Reaching safepoint: 145126 ns, At safepoint: 19378 ns, Total: 164504 ns
[2020-09-11T14:36:16.770+0000][1][safepoint    ] Safepoint "Cleanup", Time since last: 7001225723 ns, Reaching safepoint: 102187 ns, At safepoint: 8175 ns, Total: 110362 ns
[2020-09-11T14:36:28.863+0000][1][gc,start     ] GC(69) Pause Young (Allocation Failure)
[2020-09-11T14:36:28.863+0000][1][gc,task      ] GC(69) Using 1 workers of 1 for evacuation
[2020-09-11T14:36:28.882+0000][1][gc,age       ] GC(69) Desired survivor size 4358144 bytes, new threshold 6 (max threshold 6)
[2020-09-11T14:36:28.882+0000][1][gc,age       ] GC(69) Age table with threshold 6 (max threshold 6)
[2020-09-11T14:36:28.882+0000][1][gc,age       ] GC(69) - age   1:      26664 bytes,      26664 total
[2020-09-11T14:36:28.882+0000][1][gc,age       ] GC(69) - age   2:      46368 bytes,      73032 total
[2020-09-11T14:36:28.882+0000][1][gc,age       ] GC(69) - age   3:     189984 bytes,     263016 total
[2020-09-11T14:36:28.882+0000][1][gc,age       ] GC(69) - age   4:     579328 bytes,     842344 total
[2020-09-11T14:36:28.882+0000][1][gc,age       ] GC(69) - age   5:    1236248 bytes,    2078592 total
[2020-09-11T14:36:28.882+0000][1][gc,heap      ] GC(69) ParNew: 70521K->3643K(76672K)
[2020-09-11T14:36:28.882+0000][1][gc,heap      ] GC(69) CMS: 95684K->95684K(2011968K)
[2020-09-11T14:36:28.882+0000][1][gc,metaspace ] GC(69) Metaspace: 73987K->73987K(1118208K)
[2020-09-11T14:36:28.882+0000][1][gc           ] GC(69) Pause Young (Allocation Failure) 162M->96M(2039M) 18.671ms
[2020-09-11T14:36:28.882+0000][1][gc,cpu       ] GC(69) User=0.02s Sys=0.00s Real=0.02s
[2020-09-11T14:36:28.882+0000][1][safepoint    ] Safepoint "GenCollectForAllocation", Time since last: 12092583292 ns, Reaching safepoint: 197232 ns, At safepoint: 18737597 ns, Total: 18934829 ns
[2020-09-11T14:36:29.884+0000][1][safepoint    ] Safepoint "Cleanup", Time since last: 1001708761 ns, Reaching safepoint: 66323 ns, At safepoint: 19515 ns, Total: 85838 ns
[2020-09-11T14:36:36.885+0000][1][safepoint    ] Safepoint "Cleanup", Time since last: 7001188535 ns, Reaching safepoint: 129440 ns, At safepoint: 16525 ns, Total: 145965 ns
[2020-09-11T14:36:44.886+0000][1][safepoint    ] Safepoint "Cleanup", Time since last: 8001157667 ns, Reaching safepoint: 94976 ns, At safepoint: 6976 ns, Total: 101952 ns
[2020-09-11T14:36:49.887+0000][1][safepoint    ] Safepoint "Cleanup", Time since last: 5000748501 ns, Reaching safepoint: 97388 ns, At safepoint: 8025 ns, Total: 105413 ns
[2020-09-11T14:36:50.887+0000][1][safepoint    ] Safepoint "Cleanup", Time since last: 1000185076 ns, Reaching safepoint: 118679 ns, At safepoint: 17110 ns, Total: 135789 ns
[2020-09-11T14:36:55.888+0000][1][safepoint    ] Safepoint "Cleanup", Time since last: 5000683294 ns, Reaching safepoint: 98832 ns, At safepoint: 7107 ns, Total: 105939 ns
[2020-09-11T14:36:59.889+0000][1][safepoint    ] Safepoint "Cleanup", Time since last: 4000508656 ns, Reaching safepoint: 162366 ns, At safepoint: 20290 ns, Total: 182656 ns
[2020-09-11T14:37:02.889+0000][1][safepoint    ] Safepoint "Cleanup", Time since last: 3000474337 ns, Reaching safepoint: 105723 ns, At safepoint: 6111 ns, Total: 111834 ns
[2020-09-11T14:37:03.890+0000][1][safepoint    ] Safepoint "Cleanup", Time since last: 1000180660 ns, Reaching safepoint: 87452 ns, At safepoint: 7121 ns, Total: 94573 ns
[2020-09-11T14:37:04.890+0000][1][safepoint    ] Safepoint "Cleanup", Time since last: 1000149853 ns, Reaching safepoint: 97765 ns, At safepoint: 6162 ns, Total: 103927 ns
[2020-09-11T14:37:05.890+0000][1][safepoint    ] Safepoint "Cleanup", Time since last: 1000100082 ns, Reaching safepoint: 72701 ns, At safepoint: 7751 ns, Total: 80452 ns
[2020-09-11T14:37:06.890+0000][1][safepoint    ] Safepoint "Cleanup", Time since last: 1000190046 ns, Reaching safepoint: 115087 ns, At safepoint: 17417 ns, Total: 132504 ns
[2020-09-11T14:37:07.891+0000][1][safepoint    ] Safepoint "Cleanup", Time since last: 1000190803 ns, Reaching safepoint: 96355 ns, At safepoint: 7713 ns, Total: 104068 ns
[2020-09-11T14:37:08.891+0000][1][safepoint    ] Safepoint "Cleanup", Time since last: 1000182637 ns, Reaching safepoint: 91228 ns, At safepoint: 6204 ns, Total: 97432 ns
[2020-09-11T14:37:09.891+0000][1][safepoint    ] Safepoint "Cleanup", Time since last: 1000185016 ns, Reaching safepoint: 60119 ns, At safepoint: 6756 ns, Total: 66875 ns
[2020-09-11T14:37:10.892+0000][1][safepoint    ] Safepoint "Cleanup", Time since last: 1000170254 ns, Reaching safepoint: 121275 ns, At safepoint: 17764 ns, Total: 139039 ns
[2020-09-11T14:37:11.892+0000][1][safepoint    ] Safepoint "Cleanup", Time since last: 1000215523 ns, Reaching safepoint: 92128 ns, At safepoint: 7217 ns, Total: 99345 ns
[2020-09-11T14:37:12.892+0000][1][safepoint    ] Safepoint "Cleanup", Time since last: 1000162843 ns, Reaching safepoint: 87629 ns, At safepoint: 6102 ns, Total: 93731 ns
[2020-09-11T14:37:13.892+0000][1][safepoint    ] Safepoint "Cleanup", Time since last: 1000167953 ns, Reaching safepoint: 88488 ns, At safepoint: 7665 ns, Total: 96153 ns
[2020-09-11T14:37:14.893+0000][1][safepoint    ] Safepoint "Cleanup", Time since last: 1000165997 ns, Reaching safepoint: 98282 ns, At safepoint: 6591 ns, Total: 104873 ns
[2020-09-11T14:37:15.893+0000][1][safepoint    ] Safepoint "Cleanup", Time since last: 1000174436 ns, Reaching safepoint: 113130 ns, At safepoint: 17283 ns, Total: 130413 ns
[2020-09-11T14:37:16.893+0000][1][safepoint    ] Safepoint "Cleanup", Time since last: 1000231325 ns, Reaching safepoint: 122938 ns, At safepoint: 7771 ns, Total: 130709 ns
[2020-09-11T14:37:17.894+0000][1][safepoint    ] Safepoint "Cleanup", Time since last: 1000181689 ns, Reaching safepoint: 90775 ns, At safepoint: 7294 ns, Total: 98069 ns
[2020-09-11T14:37:18.894+0000][1][safepoint    ] Safepoint "Cleanup", Time since last: 1000125481 ns, Reaching safepoint: 110400 ns, At safepoint: 15385 ns, Total: 125785 ns
[2020-09-11T14:37:19.894+0000][1][safepoint    ] Safepoint "Cleanup", Time since last: 1000224807 ns, Reaching safepoint: 88288 ns, At safepoint: 7705 ns, Total: 95993 ns
[2020-09-11T14:37:20.894+0000][1][safepoint    ] Safepoint "Cleanup", Time since last: 1000197517 ns, Reaching safepoint: 90278 ns, At safepoint: 6220 ns, Total: 96498 ns
[2020-09-11T14:37:21.895+0000][1][safepoint    ] Safepoint "Cleanup", Time since last: 1000181981 ns, Reaching safepoint: 85368 ns, At safepoint: 6983 ns, Total: 92351 ns
[2020-09-11T14:37:22.895+0000][1][safepoint    ] Safepoint "Cleanup", Time since last: 1000161494 ns, Reaching safepoint: 85140 ns, At safepoint: 6405 ns, Total: 91545 ns
[2020-09-11T14:37:23.895+0000][1][safepoint    ] Safepoint "Cleanup", Time since last: 1000188103 ns, Reaching safepoint: 86550 ns, At safepoint: 6818 ns, Total: 93368 ns
[2020-09-11T14:37:24.896+0000][1][safepoint    ] Safepoint "Cleanup", Time since last: 1000172372 ns, Reaching safepoint: 83985 ns, At safepoint: 6411 ns, Total: 90396 ns
[2020-09-11T14:37:25.896+0000][1][safepoint    ] Safepoint "Cleanup", Time since last: 1000177210 ns, Reaching safepoint: 119912 ns, At safepoint: 18767 ns, Total: 138679 ns
[2020-09-11T14:37:26.896+0000][1][safepoint    ] Safepoint "Cleanup", Time since last: 1000202673 ns, Reaching safepoint: 111118 ns, At safepoint: 16381 ns, Total: 127499 ns
[2020-09-11T14:37:27.897+0000][1][safepoint    ] Safepoint "Cleanup", Time since last: 1000192068 ns, Reaching safepoint: 149066 ns, At safepoint: 18195 ns, Total: 167261 ns
[2020-09-11T14:37:28.897+0000][1][safepoint    ] Safepoint "Cleanup", Time since last: 1000160485 ns, Reaching safepoint: 114015 ns, At safepoint: 16180 ns, Total: 130195 ns
[2020-09-11T14:37:29.897+0000][1][safepoint    ] Safepoint "Cleanup", Time since last: 1000151784 ns, Reaching safepoint: 108658 ns, At safepoint: 6764 ns, Total: 115422 ns
[2020-09-11T14:37:30.897+0000][1][safepoint    ] Safepoint "Cleanup", Time since last: 1000171872 ns, Reaching safepoint: 116731 ns, At safepoint: 17016 ns, Total: 133747 ns
[2020-09-11T14:37:31.898+0000][1][safepoint    ] Safepoint "Cleanup", Time since last: 1000208555 ns, Reaching safepoint: 87083 ns, At safepoint: 7270 ns, Total: 94353 ns
[2020-09-11T14:37:32.898+0000][1][safepoint    ] Safepoint "Cleanup", Time since last: 1000154230 ns, Reaching safepoint: 116861 ns, At safepoint: 17403 ns, Total: 134264 ns
[2020-09-11T14:37:33.898+0000][1][safepoint    ] Safepoint "Cleanup", Time since last: 1000205899 ns, Reaching safepoint: 116377 ns, At safepoint: 18078 ns, Total: 134455 ns
[2020-09-11T14:37:34.899+0000][1][safepoint    ] Safepoint "Cleanup", Time since last: 1000174625 ns, Reaching safepoint: 103652 ns, At safepoint: 6246 ns, Total: 109898 ns
[2020-09-11T14:37:35.899+0000][1][safepoint    ] Safepoint "Cleanup", Time since last: 1000108102 ns, Reaching safepoint: 66664 ns, At safepoint: 7777 ns, Total: 74441 ns
[2020-09-11T14:37:36.899+0000][1][safepoint    ] Safepoint "Cleanup", Time since last: 1000173197 ns, Reaching safepoint: 88819 ns, At safepoint: 6486 ns, Total: 95305 ns
[2020-09-11T14:37:37.899+0000][1][safepoint    ] Safepoint "Cleanup", Time since last: 1000148931 ns, Reaching safepoint: 93732 ns, At safepoint: 6764 ns, Total: 100496 ns
[2020-09-11T14:37:38.900+0000][1][safepoint    ] Safepoint "Cleanup", Time since last: 1000095281 ns, Reaching safepoint: 107505 ns, At safepoint: 6157 ns, Total: 113662 ns
[2020-09-11T14:37:39.900+0000][1][safepoint    ] Safepoint "Cleanup", Time since last: 1000143794 ns, Reaching safepoint: 109455 ns, At safepoint: 6987 ns, Total: 116442 ns
[2020-09-11T14:37:40.900+0000][1][safepoint    ] Safepoint "Cleanup", Time since last: 1000182330 ns, Reaching safepoint: 116237 ns, At safepoint: 17336 ns, Total: 133573 ns
[2020-09-11T14:37:41.900+0000][1][safepoint    ] Safepoint "Cleanup", Time since last: 1000204147 ns, Reaching safepoint: 112291 ns, At safepoint: 17921 ns, Total: 130212 ns
[2020-09-11T14:37:42.901+0000][1][safepoint    ] Safepoint "Cleanup", Time since last: 1000191575 ns, Reaching safepoint: 88878 ns, At safepoint: 6397 ns, Total: 95275 ns
[2020-09-11T14:37:43.901+0000][1][safepoint    ] Safepoint "Cleanup", Time since last: 1000124621 ns, Reaching safepoint: 104439 ns, At safepoint: 7465 ns, Total: 111904 ns
[2020-09-11T14:37:43.999+0000][1][gc,start     ] GC(70) Pause Young (Allocation Failure)
[2020-09-11T14:37:43.999+0000][1][gc,task      ] GC(70) Using 1 workers of 1 for evacuation
[2020-09-11T14:37:44.017+0000][1][gc,age       ] GC(70) Desired survivor size 4358144 bytes, new threshold 6 (max threshold 6)
[2020-09-11T14:37:44.017+0000][1][gc,age       ] GC(70) Age table with threshold 6 (max threshold 6)
[2020-09-11T14:37:44.017+0000][1][gc,age       ] GC(70) - age   1:      34824 bytes,      34824 total
[2020-09-11T14:37:44.017+0000][1][gc,age       ] GC(70) - age   2:       4176 bytes,      39000 total
[2020-09-11T14:37:44.017+0000][1][gc,age       ] GC(70) - age   3:      45768 bytes,      84768 total
[2020-09-11T14:37:44.017+0000][1][gc,age       ] GC(70) - age   4:     189616 bytes,     274384 total
[2020-09-11T14:37:44.017+0000][1][gc,age       ] GC(70) - age   5:     579328 bytes,     853712 total
[2020-09-11T14:37:44.017+0000][1][gc,age       ] GC(70) - age   6:    1236248 bytes,    2089960 total
[2020-09-11T14:37:44.017+0000][1][gc,heap      ] GC(70) ParNew: 71803K->2433K(76672K)
[2020-09-11T14:37:44.017+0000][1][gc,heap      ] GC(70) CMS: 95684K->95684K(2011968K)
[2020-09-11T14:37:44.017+0000][1][gc,metaspace ] GC(70) Metaspace: 74088K->74088K(1118208K)
[2020-09-11T14:37:44.017+0000][1][gc           ] GC(70) Pause Young (Allocation Failure) 163M->95M(2039M) 18.318ms
[2020-09-11T14:37:44.017+0000][1][gc,cpu       ] GC(70) User=0.02s Sys=0.00s Real=0.02s
[2020-09-11T14:37:44.018+0000][1][safepoint    ] Safepoint "GenCollectForAllocation", Time since last: 97718945 ns, Reaching safepoint: 146413 ns, At safepoint: 18950835 ns, Total: 19097248 ns
[2020-09-11T14:37:45.020+0000][1][safepoint    ] Safepoint "Cleanup", Time since last: 1001776543 ns, Reaching safepoint: 61363 ns, At safepoint: 17832 ns, Total: 79195 ns
[2020-09-11T14:37:46.020+0000][1][safepoint    ] Safepoint "Cleanup", Time since last: 1000298542 ns, Reaching safepoint: 56641 ns, At safepoint: 16531 ns, Total: 73172 ns
[2020-09-11T14:37:47.020+0000][1][safepoint    ] Safepoint "Cleanup", Time since last: 1000302108 ns, Reaching safepoint: 54196 ns, At safepoint: 17638 ns, Total: 71834 ns
[2020-09-11T14:37:48.021+0000][1][safepoint    ] Safepoint "Cleanup", Time since last: 1000302511 ns, Reaching safepoint: 58973 ns, At safepoint: 15053 ns, Total: 74026 ns
[2020-09-11T14:37:49.021+0000][1][safepoint    ] Safepoint "Cleanup", Time since last: 1000095364 ns, Reaching safepoint: 58383 ns, At safepoint: 5971 ns, Total: 64354 ns
[2020-09-11T14:37:50.021+0000][1][safepoint    ] Safepoint "Cleanup", Time since last: 1000176543 ns, Reaching safepoint: 128999 ns, At safepoint: 18600 ns, Total: 147599 ns
[2020-09-11T14:37:51.022+0000][1][safepoint    ] Safepoint "Cleanup", Time since last: 1000229744 ns, Reaching safepoint: 88390 ns, At safepoint: 6966 ns, Total: 95356 ns
[2020-09-11T14:37:52.022+0000][1][safepoint    ] Safepoint "Cleanup", Time since last: 1000158392 ns, Reaching safepoint: 110560 ns, At safepoint: 16180 ns, Total: 126740 ns
[2020-09-11T14:37:53.022+0000][1][safepoint    ] Safepoint "Cleanup", Time since last: 1000217690 ns, Reaching safepoint: 109308 ns, At safepoint: 17413 ns, Total: 126721 ns
[2020-09-11T14:37:54.172+0000][1][safepoint    ] Safepoint "Cleanup", Time since last: 1149242679 ns, Reaching safepoint: 224984 ns, At safepoint: 19941 ns, Total: 244925 ns
[2020-09-11T14:37:55.172+0000][1][safepoint    ] Safepoint "Cleanup", Time since last: 1000142027 ns, Reaching safepoint: 113704 ns, At safepoint: 17975 ns, Total: 131679 ns
[2020-09-11T14:37:56.172+0000][1][safepoint    ] Safepoint "Cleanup", Time since last: 1000216202 ns, Reaching safepoint: 68016 ns, At safepoint: 8284 ns, Total: 76300 ns
[2020-09-11T14:37:57.173+0000][1][safepoint    ] Safepoint "Cleanup", Time since last: 1000147691 ns, Reaching safepoint: 107701 ns, At safepoint: 6974 ns, Total: 114675 ns
[2020-09-11T14:37:58.173+0000][1][safepoint    ] Safepoint "Cleanup", Time since last: 1000159862 ns, Reaching safepoint: 89676 ns, At safepoint: 6733 ns, Total: 96409 ns
[2020-09-11T14:37:59.173+0000][1][safepoint    ] Safepoint "Cleanup", Time since last: 1000169974 ns, Reaching safepoint: 103913 ns, At safepoint: 8429 ns, Total: 112342 ns
[2020-09-11T14:38:00.173+0000][1][safepoint    ] Safepoint "Cleanup", Time since last: 1000194560 ns, Reaching safepoint: 108673 ns, At safepoint: 18569 ns, Total: 127242 ns
[2020-09-11T14:38:01.174+0000][1][safepoint    ] Safepoint "Cleanup", Time since last: 1000202529 ns, Reaching safepoint: 86307 ns, At safepoint: 6827 ns, Total: 93134 ns
[2020-09-11T14:38:02.178+0000][1][safepoint    ] Safepoint "Cleanup", Time since last: 1004107851 ns, Reaching safepoint: 76564 ns, At safepoint: 8639 ns, Total: 85203 ns
[2020-09-11T14:38:03.178+0000][1][safepoint    ] Safepoint "Cleanup", Time since last: 1000142831 ns, Reaching safepoint: 84706 ns, At safepoint: 7191 ns, Total: 91897 ns
[2020-09-11T14:38:04.178+0000][1][safepoint    ] Safepoint "Cleanup", Time since last: 1000248322 ns, Reaching safepoint: 102471 ns, At safepoint: 17304 ns, Total: 119775 ns
[2020-09-11T14:38:05.179+0000][1][safepoint    ] Safepoint "Cleanup", Time since last: 1000234418 ns, Reaching safepoint: 69015 ns, At safepoint: 9238 ns, Total: 78253 ns
[2020-09-11T14:38:06.179+0000][1][safepoint    ] Safepoint "Cleanup", Time since last: 1000143983 ns, Reaching safepoint: 105772 ns, At safepoint: 7211 ns, Total: 112983 ns
[2020-09-11T14:38:07.179+0000][1][safepoint    ] Safepoint "Cleanup", Time since last: 1000159740 ns, Reaching safepoint: 104517 ns, At safepoint: 17951 ns, Total: 122468 ns
[2020-09-11T14:38:08.180+0000][1][safepoint    ] Safepoint "Cleanup", Time since last: 1000296832 ns, Reaching safepoint: 118248 ns, At safepoint: 18826 ns, Total: 137074 ns
[2020-09-11T14:38:09.180+0000][1][safepoint    ] Safepoint "Cleanup", Time since last: 1000227809 ns, Reaching safepoint: 58050 ns, At safepoint: 8188 ns, Total: 66238 ns
[2020-09-11T14:38:10.180+0000][1][safepoint    ] Safepoint "Cleanup", Time since last: 1000165184 ns, Reaching safepoint: 106130 ns, At safepoint: 17427 ns, Total: 123557 ns
[2020-09-11T14:38:11.181+0000][1][safepoint    ] Safepoint "Cleanup", Time since last: 1000160544 ns, Reaching safepoint: 110025 ns, At safepoint: 17116 ns, Total: 127141 ns
[2020-09-11T14:38:12.181+0000][1][safepoint    ] Safepoint "Cleanup", Time since last: 1000208120 ns, Reaching safepoint: 78762 ns, At safepoint: 7147 ns, Total: 85909 ns
[2020-09-11T14:38:13.181+0000][1][safepoint    ] Safepoint "Cleanup", Time since last: 1000174429 ns, Reaching safepoint: 86236 ns, At safepoint: 7978 ns, Total: 94214 ns
[2020-09-11T14:38:14.182+0000][1][safepoint    ] Safepoint "Cleanup", Time since last: 1000168567 ns, Reaching safepoint: 104403 ns, At safepoint: 17995 ns, Total: 122398 ns
[2020-09-11T14:38:15.182+0000][1][safepoint    ] Safepoint "Cleanup", Time since last: 1000217436 ns, Reaching safepoint: 83297 ns, At safepoint: 7351 ns, Total: 90648 ns
[2020-09-11T14:38:16.183+0000][1][safepoint    ] Safepoint "Cleanup", Time since last: 1000793300 ns, Reaching safepoint: 109220 ns, At safepoint: 18299 ns, Total: 127519 ns
[2020-09-11T14:38:17.183+0000][1][safepoint    ] Safepoint "Cleanup", Time since last: 1000212016 ns, Reaching safepoint: 81140 ns, At safepoint: 7375 ns, Total: 88515 ns
[2020-09-11T14:38:18.183+0000][1][safepoint    ] Safepoint "Cleanup", Time since last: 1000157947 ns, Reaching safepoint: 104019 ns, At safepoint: 18472 ns, Total: 122491 ns
[2020-09-11T14:38:19.184+0000][1][safepoint    ] Safepoint "Cleanup", Time since last: 1000268114 ns, Reaching safepoint: 112318 ns, At safepoint: 18780 ns, Total: 131098 ns
[2020-09-11T14:38:20.184+0000][1][safepoint    ] Safepoint "Cleanup", Time since last: 1000200526 ns, Reaching safepoint: 85194 ns, At safepoint: 7318 ns, Total: 92512 ns
[2020-09-11T14:38:21.185+0000][1][safepoint    ] Safepoint "Cleanup", Time since last: 1000791282 ns, Reaching safepoint: 78213 ns, At safepoint: 7027 ns, Total: 85240 ns
[2020-09-11T14:38:22.185+0000][1][safepoint    ] Safepoint "Cleanup", Time since last: 1000193064 ns, Reaching safepoint: 88904 ns, At safepoint: 18482 ns, Total: 107386 ns
[2020-09-11T14:38:23.186+0000][1][safepoint    ] Safepoint "Cleanup", Time since last: 1000219694 ns, Reaching safepoint: 81392 ns, At safepoint: 16111 ns, Total: 97503 ns
[2020-09-11T14:38:24.186+0000][1][safepoint    ] Safepoint "Cleanup", Time since last: 1000200277 ns, Reaching safepoint: 93020 ns, At safepoint: 8099 ns, Total: 101119 ns
[2020-09-11T14:38:25.186+0000][1][safepoint    ] Safepoint "Cleanup", Time since last: 1000170302 ns, Reaching safepoint: 80568 ns, At safepoint: 7288 ns, Total: 87856 ns
[2020-09-11T14:38:26.187+0000][1][safepoint    ] Safepoint "Cleanup", Time since last: 1000886924 ns, Reaching safepoint: 76084 ns, At safepoint: 7776 ns, Total: 83860 ns
[2020-09-11T14:38:27.187+0000][1][safepoint    ] Safepoint "Cleanup", Time since last: 1000190796 ns, Reaching safepoint: 116086 ns, At safepoint: 19425 ns, Total: 135511 ns
[2020-09-11T14:38:28.188+0000][1][safepoint    ] Safepoint "Cleanup", Time since last: 1000256894 ns, Reaching safepoint: 82888 ns, At safepoint: 7241 ns, Total: 90129 ns
[2020-09-11T14:38:29.188+0000][1][safepoint    ] Safepoint "Cleanup", Time since last: 1000104983 ns, Reaching safepoint: 67881 ns, At safepoint: 7091 ns, Total: 74972 ns
[2020-09-11T14:38:30.188+0000][1][safepoint    ] Safepoint "Cleanup", Time since last: 1000136312 ns, Reaching safepoint: 97349 ns, At safepoint: 6808 ns, Total: 104157 ns
[2020-09-11T14:38:31.189+0000][1][safepoint    ] Safepoint "Cleanup", Time since last: 1001009352 ns, Reaching safepoint: 105205 ns, At safepoint: 18085 ns, Total: 123290 ns
[2020-09-11T14:38:32.190+0000][1][safepoint    ] Safepoint "Cleanup", Time since last: 1000199055 ns, Reaching safepoint: 99168 ns, At safepoint: 17112 ns, Total: 116280 ns
[2020-09-11T14:38:33.190+0000][1][safepoint    ] Safepoint "Cleanup", Time since last: 1000219287 ns, Reaching safepoint: 96568 ns, At safepoint: 18038 ns, Total: 114606 ns
[2020-09-11T14:38:34.190+0000][1][safepoint    ] Safepoint "Cleanup", Time since last: 1000152668 ns, Reaching safepoint: 53553 ns, At safepoint: 6218 ns, Total: 59771 ns
[2020-09-11T14:38:35.190+0000][1][safepoint    ] Safepoint "Cleanup", Time since last: 1000150291 ns, Reaching safepoint: 99475 ns, At safepoint: 17865 ns, Total: 117340 ns
[2020-09-11T14:38:36.191+0000][1][safepoint    ] Safepoint "Cleanup", Time since last: 1000971232 ns, Reaching safepoint: 91950 ns, At safepoint: 6795 ns, Total: 98745 ns
[2020-09-11T14:38:37.192+0000][1][safepoint    ] Safepoint "Cleanup", Time since last: 1000178683 ns, Reaching safepoint: 107834 ns, At safepoint: 18065 ns, Total: 125899 ns
[2020-09-11T14:38:38.192+0000][1][safepoint    ] Safepoint "Cleanup", Time since last: 1000217074 ns, Reaching safepoint: 80925 ns, At safepoint: 7590 ns, Total: 88515 ns
[2020-09-11T14:38:39.192+0000][1][safepoint    ] Safepoint "Cleanup", Time since last: 1000172800 ns, Reaching safepoint: 107927 ns, At safepoint: 18677 ns, Total: 126604 ns
[2020-09-11T14:38:40.193+0000][1][safepoint    ] Safepoint "Cleanup", Time since last: 1000215781 ns, Reaching safepoint: 80486 ns, At safepoint: 7572 ns, Total: 88058 ns
[2020-09-11T14:38:41.194+0000][1][safepoint    ] Safepoint "Cleanup", Time since last: 1000811939 ns, Reaching safepoint: 116457 ns, At safepoint: 19428 ns, Total: 135885 ns
[2020-09-11T14:38:42.194+0000][1][safepoint    ] Safepoint "Cleanup", Time since last: 1000235183 ns, Reaching safepoint: 85019 ns, At safepoint: 7432 ns, Total: 92451 ns
[2020-09-11T14:38:43.194+0000][1][safepoint    ] Safepoint "Cleanup", Time since last: 1000166869 ns, Reaching safepoint: 89682 ns, At safepoint: 7705 ns, Total: 97387 ns
[2020-09-11T14:38:44.194+0000][1][safepoint    ] Safepoint "Cleanup", Time since last: 1000105885 ns, Reaching safepoint: 69885 ns, At safepoint: 8444 ns, Total: 78329 ns
[2020-09-11T14:38:45.195+0000][1][safepoint    ] Safepoint "Cleanup", Time since last: 1000145201 ns, Reaching safepoint: 101449 ns, At safepoint: 17093 ns, Total: 118542 ns
[2020-09-11T14:38:46.196+0000][1][safepoint    ] Safepoint "Cleanup", Time since last: 1001146918 ns, Reaching safepoint: 101984 ns, At safepoint: 17373 ns, Total: 119357 ns
[2020-09-11T14:38:47.196+0000][1][safepoint    ] Safepoint "Cleanup", Time since last: 1000211918 ns, Reaching safepoint: 82661 ns, At safepoint: 7245 ns, Total: 89906 ns
[2020-09-11T14:38:48.197+0000][1][safepoint    ] Safepoint "Cleanup", Time since last: 1000189082 ns, Reaching safepoint: 81193 ns, At safepoint: 7293 ns, Total: 88486 ns
[2020-09-11T14:38:49.197+0000][1][safepoint    ] Safepoint "Cleanup", Time since last: 1000176515 ns, Reaching safepoint: 82569 ns, At safepoint: 7293 ns, Total: 89862 ns
[2020-09-11T14:38:50.197+0000][1][safepoint    ] Safepoint "Cleanup", Time since last: 1000184213 ns, Reaching safepoint: 67198 ns, At safepoint: 7220 ns, Total: 74418 ns
[2020-09-11T14:38:51.198+0000][1][safepoint    ] Safepoint "Cleanup", Time since last: 1000788585 ns, Reaching safepoint: 119127 ns, At safepoint: 19304 ns, Total: 138431 ns
[2020-09-11T14:38:52.198+0000][1][safepoint    ] Safepoint "Cleanup", Time since last: 1000222108 ns, Reaching safepoint: 97955 ns, At safepoint: 18058 ns, Total: 116013 ns
[2020-09-11T14:38:53.199+0000][1][safepoint    ] Safepoint "Cleanup", Time since last: 1000221615 ns, Reaching safepoint: 97009 ns, At safepoint: 17968 ns, Total: 114977 ns
[2020-09-11T14:38:54.199+0000][1][safepoint    ] Safepoint "Cleanup", Time since last: 1000211806 ns, Reaching safepoint: 83535 ns, At safepoint: 7023 ns, Total: 90558 ns
[2020-09-11T14:38:55.199+0000][1][safepoint    ] Safepoint "Cleanup", Time since last: 1000189764 ns, Reaching safepoint: 173038 ns, At safepoint: 7462 ns, Total: 180500 ns
[2020-09-11T14:38:56.200+0000][1][safepoint    ] Safepoint "Cleanup", Time since last: 1000681221 ns, Reaching safepoint: 77809 ns, At safepoint: 7498 ns, Total: 85307 ns
[2020-09-11T14:38:57.200+0000][1][safepoint    ] Safepoint "Cleanup", Time since last: 1000188240 ns, Reaching safepoint: 88164 ns, At safepoint: 7592 ns, Total: 95756 ns
[2020-09-11T14:38:58.201+0000][1][safepoint    ] Safepoint "Cleanup", Time since last: 1000192520 ns, Reaching safepoint: 100010 ns, At safepoint: 17343 ns, Total: 117353 ns
[2020-09-11T14:38:59.145+0000][1][gc,start     ] GC(71) Pause Young (Allocation Failure)
[2020-09-11T14:38:59.145+0000][1][gc,task      ] GC(71) Using 1 workers of 1 for evacuation
[2020-09-11T14:38:59.165+0000][1][gc,age       ] GC(71) Desired survivor size 4358144 bytes, new threshold 6 (max threshold 6)
[2020-09-11T14:38:59.165+0000][1][gc,age       ] GC(71) Age table with threshold 6 (max threshold 6)
[2020-09-11T14:38:59.165+0000][1][gc,age       ] GC(71) - age   1:      30744 bytes,      30744 total
[2020-09-11T14:38:59.165+0000][1][gc,age       ] GC(71) - age   2:       3376 bytes,      34120 total
[2020-09-11T14:38:59.165+0000][1][gc,age       ] GC(71) - age   3:       3640 bytes,      37760 total
[2020-09-11T14:38:59.165+0000][1][gc,age       ] GC(71) - age   4:      45768 bytes,      83528 total
[2020-09-11T14:38:59.165+0000][1][gc,age       ] GC(71) - age   5:     189616 bytes,     273144 total
[2020-09-11T14:38:59.165+0000][1][gc,age       ] GC(71) - age   6:     579328 bytes,     852472 total
[2020-09-11T14:38:59.165+0000][1][gc,heap      ] GC(71) ParNew: 70593K->1834K(76672K)
[2020-09-11T14:38:59.165+0000][1][gc,heap      ] GC(71) CMS: 95684K->96922K(2011968K)
[2020-09-11T14:38:59.165+0000][1][gc,metaspace ] GC(71) Metaspace: 74193K->74193K(1118208K)
[2020-09-11T14:38:59.165+0000][1][gc           ] GC(71) Pause Young (Allocation Failure) 162M->96M(2039M) 19.714ms
[2020-09-11T14:38:59.165+0000][1][gc,cpu       ] GC(71) User=0.02s Sys=0.00s Real=0.02s
[2020-09-11T14:38:59.165+0000][1][safepoint    ] Safepoint "GenCollectForAllocation", Time since last: 944479168 ns, Reaching safepoint: 177230 ns, At safepoint: 19800769 ns, Total: 19977999 ns
[2020-09-11T14:39:00.168+0000][1][safepoint    ] Safepoint "Cleanup", Time since last: 1002812243 ns, Reaching safepoint: 86270 ns, At safepoint: 19871 ns, Total: 106141 ns
[2020-09-11T14:39:01.168+0000][1][safepoint    ] Safepoint "Cleanup", Time since last: 1000187459 ns, Reaching safepoint: 80852 ns, At safepoint: 16373 ns, Total: 97225 ns
[2020-09-11T14:39:02.169+0000][1][safepoint    ] Safepoint "Cleanup", Time since last: 1000141726 ns, Reaching safepoint: 108813 ns, At safepoint: 43222 ns, Total: 152035 ns
[2020-09-11T14:39:03.169+0000][1][safepoint    ] Safepoint "Cleanup", Time since last: 1000190406 ns, Reaching safepoint: 107102 ns, At safepoint: 41245 ns, Total: 148347 ns
[2020-09-11T14:39:04.169+0000][1][safepoint    ] Safepoint "Cleanup", Time since last: 1000145788 ns, Reaching safepoint: 135117 ns, At safepoint: 7789 ns, Total: 142906 ns
[2020-09-11T14:39:05.170+0000][1][safepoint    ] Safepoint "Cleanup", Time since last: 1000186722 ns, Reaching safepoint: 92911 ns, At safepoint: 6700 ns, Total: 99611 ns
[2020-09-11T14:39:06.170+0000][1][safepoint    ] Safepoint "Cleanup", Time since last: 1000166291 ns, Reaching safepoint: 110573 ns, At safepoint: 17487 ns, Total: 128060 ns
[2020-09-11T14:39:07.170+0000][1][safepoint    ] Safepoint "Cleanup", Time since last: 1000238796 ns, Reaching safepoint: 85333 ns, At safepoint: 6889 ns, Total: 92222 ns
[2020-09-11T14:39:08.170+0000][1][safepoint    ] Safepoint "Cleanup", Time since last: 1000209872 ns, Reaching safepoint: 86360 ns, At safepoint: 7058 ns, Total: 93418 ns
[2020-09-11T14:39:09.171+0000][1][safepoint    ] Safepoint "Cleanup", Time since last: 1000109012 ns, Reaching safepoint: 168507 ns, At safepoint: 7323 ns, Total: 175830 ns
[2020-09-11T14:39:10.171+0000][1][safepoint    ] Safepoint "Cleanup", Time since last: 1000135078 ns, Reaching safepoint: 105776 ns, At safepoint: 8196 ns, Total: 113972 ns
[2020-09-11T14:39:11.171+0000][1][safepoint    ] Safepoint "Cleanup", Time since last: 1000138450 ns, Reaching safepoint: 102591 ns, At safepoint: 6515 ns, Total: 109106 ns
[2020-09-11T14:39:12.172+0000][1][safepoint    ] Safepoint "Cleanup", Time since last: 1000166769 ns, Reaching safepoint: 104590 ns, At safepoint: 18396 ns, Total: 122986 ns
[2020-09-11T14:39:13.172+0000][1][safepoint    ] Safepoint "Cleanup", Time since last: 1000133191 ns, Reaching safepoint: 59189 ns, At safepoint: 6996 ns, Total: 66185 ns
[2020-09-11T14:39:14.172+0000][1][safepoint    ] Safepoint "Cleanup", Time since last: 1000137824 ns, Reaching safepoint: 103798 ns, At safepoint: 17103 ns, Total: 120901 ns
[2020-09-11T14:39:15.172+0000][1][safepoint    ] Safepoint "Cleanup", Time since last: 1000165492 ns, Reaching safepoint: 108808 ns, At safepoint: 7005 ns, Total: 115813 ns
[2020-09-11T14:39:16.173+0000][1][safepoint    ] Safepoint "Cleanup", Time since last: 1000146834 ns, Reaching safepoint: 97840 ns, At safepoint: 6874 ns, Total: 104714 ns
[2020-09-11T14:39:17.173+0000][1][safepoint    ] Safepoint "Cleanup", Time since last: 1000182584 ns, Reaching safepoint: 103237 ns, At safepoint: 17043 ns, Total: 120280 ns
[2020-09-11T14:39:18.173+0000][1][safepoint    ] Safepoint "Cleanup", Time since last: 1000160818 ns, Reaching safepoint: 107028 ns, At safepoint: 17671 ns, Total: 124699 ns
[2020-09-11T14:39:19.173+0000][1][safepoint    ] Safepoint "Cleanup", Time since last: 1000167514 ns, Reaching safepoint: 92355 ns, At safepoint: 6144 ns, Total: 98499 ns
[2020-09-11T14:39:20.174+0000][1][safepoint    ] Safepoint "Cleanup", Time since last: 1000135366 ns, Reaching safepoint: 95715 ns, At safepoint: 6561 ns, Total: 102276 ns
[2020-09-11T14:39:21.174+0000][1][safepoint    ] Safepoint "Cleanup", Time since last: 1000194960 ns, Reaching safepoint: 90412 ns, At safepoint: 6133 ns, Total: 96545 ns
[2020-09-11T14:39:22.174+0000][1][safepoint    ] Safepoint "Cleanup", Time since last: 1000182141 ns, Reaching safepoint: 81657 ns, At safepoint: 7142 ns, Total: 88799 ns
[2020-09-11T14:39:23.174+0000][1][safepoint    ] Safepoint "Cleanup", Time since last: 1000181407 ns, Reaching safepoint: 102157 ns, At safepoint: 16876 ns, Total: 119033 ns
[2020-09-11T14:39:24.175+0000][1][safepoint    ] Safepoint "Cleanup", Time since last: 1000214603 ns, Reaching safepoint: 96023 ns, At safepoint: 15968 ns, Total: 111991 ns
[2020-09-11T14:39:25.175+0000][1][safepoint    ] Safepoint "Cleanup", Time since last: 1000161606 ns, Reaching safepoint: 107597 ns, At safepoint: 17136 ns, Total: 124733 ns
[2020-09-11T14:39:26.175+0000][1][safepoint    ] Safepoint "Cleanup", Time since last: 1000150578 ns, Reaching safepoint: 62571 ns, At safepoint: 8049 ns, Total: 70620 ns
[2020-09-11T14:39:27.175+0000][1][safepoint    ] Safepoint "Cleanup", Time since last: 1000098309 ns, Reaching safepoint: 59917 ns, At safepoint: 6977 ns, Total: 66894 ns
[2020-09-11T14:39:28.176+0000][1][safepoint    ] Safepoint "Cleanup", Time since last: 1000181468 ns, Reaching safepoint: 81763 ns, At safepoint: 7433 ns, Total: 89196 ns
[2020-09-11T14:39:29.176+0000][1][safepoint    ] Safepoint "Cleanup", Time since last: 1000127871 ns, Reaching safepoint: 96651 ns, At safepoint: 7043 ns, Total: 103694 ns
[2020-09-11T14:39:30.176+0000][1][safepoint    ] Safepoint "Cleanup", Time since last: 1000130256 ns, Reaching safepoint: 103377 ns, At safepoint: 17764 ns, Total: 121141 ns
[2020-09-11T14:39:31.177+0000][1][safepoint    ] Safepoint "Cleanup", Time since last: 1000212249 ns, Reaching safepoint: 109832 ns, At safepoint: 17520 ns, Total: 127352 ns
[2020-09-11T14:39:32.177+0000][1][safepoint    ] Safepoint "Cleanup", Time since last: 1000236963 ns, Reaching safepoint: 108095 ns, At safepoint: 17971 ns, Total: 126066 ns
[2020-09-11T14:39:33.177+0000][1][safepoint    ] Safepoint "Cleanup", Time since last: 1000273690 ns, Reaching safepoint: 60528 ns, At safepoint: 6748 ns, Total: 67276 ns
[2020-09-11T14:39:34.178+0000][1][safepoint    ] Safepoint "Cleanup", Time since last: 1000124634 ns, Reaching safepoint: 104827 ns, At safepoint: 16852 ns, Total: 121679 ns
[2020-09-11T14:39:35.178+0000][1][safepoint    ] Safepoint "Cleanup", Time since last: 1000172000 ns, Reaching safepoint: 109915 ns, At safepoint: 16097 ns, Total: 126012 ns
[2020-09-11T14:39:36.178+0000][1][safepoint    ] Safepoint "Cleanup", Time since last: 1000173720 ns, Reaching safepoint: 145127 ns, At safepoint: 16848 ns, Total: 161975 ns
[2020-09-11T14:39:37.178+0000][1][safepoint    ] Safepoint "Cleanup", Time since last: 1000205762 ns, Reaching safepoint: 105445 ns, At safepoint: 17046 ns, Total: 122491 ns
[2020-09-11T14:39:38.179+0000][1][safepoint    ] Safepoint "Cleanup", Time since last: 1000202089 ns, Reaching safepoint: 113841 ns, At safepoint: 17707 ns, Total: 131548 ns
[2020-09-11T14:39:39.179+0000][1][safepoint    ] Safepoint "Cleanup", Time since last: 1000224240 ns, Reaching safepoint: 84971 ns, At safepoint: 6775 ns, Total: 91746 ns
[2020-09-11T14:39:40.179+0000][1][safepoint    ] Safepoint "Cleanup", Time since last: 1000178757 ns, Reaching safepoint: 92234 ns, At safepoint: 7382 ns, Total: 99616 ns
[2020-09-11T14:39:41.180+0000][1][safepoint    ] Safepoint "Cleanup", Time since last: 1000175040 ns, Reaching safepoint: 105544 ns, At safepoint: 6537 ns, Total: 112081 ns
[2020-09-11T14:39:42.180+0000][1][safepoint    ] Safepoint "Cleanup", Time since last: 1000164079 ns, Reaching safepoint: 87944 ns, At safepoint: 7048 ns, Total: 94992 ns
[2020-09-11T14:39:43.180+0000][1][safepoint    ] Safepoint "Cleanup", Time since last: 1000166496 ns, Reaching safepoint: 81247 ns, At safepoint: 6293 ns, Total: 87540 ns
[2020-09-11T14:39:44.180+0000][1][safepoint    ] Safepoint "Cleanup", Time since last: 1000134500 ns, Reaching safepoint: 105419 ns, At safepoint: 17036 ns, Total: 122455 ns
[2020-09-11T14:39:45.181+0000][1][safepoint    ] Safepoint "Cleanup", Time since last: 1000191078 ns, Reaching safepoint: 111607 ns, At safepoint: 16865 ns, Total: 128472 ns
[2020-09-11T14:39:46.181+0000][1][safepoint    ] Safepoint "Cleanup", Time since last: 1000215216 ns, Reaching safepoint: 85248 ns, At safepoint: 7137 ns, Total: 92385 ns
[2020-09-11T14:39:47.181+0000][1][safepoint    ] Safepoint "Cleanup", Time since last: 1000137419 ns, Reaching safepoint: 97365 ns, At safepoint: 6345 ns, Total: 103710 ns
[2020-09-11T14:39:48.182+0000][1][safepoint    ] Safepoint "Cleanup", Time since last: 1000186957 ns, Reaching safepoint: 80284 ns, At safepoint: 7296 ns, Total: 87580 ns
[2020-09-11T14:39:48.285+0000][1][safepoint    ] Safepoint "RevokeBias", Time since last: 102960302 ns, Reaching safepoint: 172450 ns, At safepoint: 10064 ns, Total: 182514 ns
[2020-09-11T14:39:48.286+0000][1][safepoint    ] Safepoint "RevokeBias", Time since last: 858960 ns, Reaching safepoint: 144809 ns, At safepoint: 6525 ns, Total: 151334 ns
[2020-09-11T14:39:48.286+0000][1][safepoint    ] Safepoint "RevokeBias", Time since last: 36089 ns, Reaching safepoint: 22174 ns, At safepoint: 4426 ns, Total: 26600 ns
[2020-09-11T14:39:48.289+0000][1][safepoint    ] Safepoint "RevokeBias", Time since last: 3045465 ns, Reaching safepoint: 119786 ns, At safepoint: 9516 ns, Total: 129302 ns
[2020-09-11T14:39:48.289+0000][1][safepoint    ] Safepoint "RevokeBias", Time since last: 173907 ns, Reaching safepoint: 170395 ns, At safepoint: 6646 ns, Total: 177041 ns
[2020-09-11T14:39:48.290+0000][1][safepoint    ] Safepoint "BulkRevokeBias", Time since last: 125653 ns, Reaching safepoint: 133328 ns, At safepoint: 152301 ns, Total: 285629 ns
[2020-09-11T14:39:48.290+0000][1][safepoint    ] Safepoint "RevokeBias", Time since last: 42611 ns, Reaching safepoint: 140948 ns, At safepoint: 6029 ns, Total: 146977 ns
[2020-09-11T14:39:49.290+0000][1][safepoint    ] Safepoint "Cleanup", Time since last: 1000112443 ns, Reaching safepoint: 122296 ns, At safepoint: 8347 ns, Total: 130643 ns
[2020-09-11T14:39:50.291+0000][1][safepoint    ] Safepoint "Cleanup", Time since last: 1000180415 ns, Reaching safepoint: 103036 ns, At safepoint: 18693 ns, Total: 121729 ns
[2020-09-11T14:39:51.291+0000][1][safepoint    ] Safepoint "Cleanup", Time since last: 1000198040 ns, Reaching safepoint: 116220 ns, At safepoint: 18399 ns, Total: 134619 ns
[2020-09-11T14:39:52.291+0000][1][safepoint    ] Safepoint "Cleanup", Time since last: 1000240984 ns, Reaching safepoint: 103978 ns, At safepoint: 19528 ns, Total: 123506 ns
[2020-09-11T14:39:53.292+0000][1][safepoint    ] Safepoint "Cleanup", Time since last: 1000271095 ns, Reaching safepoint: 69011 ns, At safepoint: 7415 ns, Total: 76426 ns
[2020-09-11T14:39:54.292+0000][1][safepoint    ] Safepoint "Cleanup", Time since last: 1000151417 ns, Reaching safepoint: 97230 ns, At safepoint: 7493 ns, Total: 104723 ns
[2020-09-11T14:39:55.292+0000][1][safepoint    ] Safepoint "Cleanup", Time since last: 1000142344 ns, Reaching safepoint: 91905 ns, At safepoint: 6900 ns, Total: 98805 ns
[2020-09-11T14:39:56.292+0000][1][safepoint    ] Safepoint "Cleanup", Time since last: 1000179337 ns, Reaching safepoint: 81280 ns, At safepoint: 7601 ns, Total: 88881 ns
[2020-09-11T14:39:57.293+0000][1][safepoint    ] Safepoint "Cleanup", Time since last: 1000169385 ns, Reaching safepoint: 84279 ns, At safepoint: 7922 ns, Total: 92201 ns
[2020-09-11T14:39:58.293+0000][1][safepoint    ] Safepoint "Cleanup", Time since last: 1000174201 ns, Reaching safepoint: 80827 ns, At safepoint: 7339 ns, Total: 88166 ns
[2020-09-11T14:39:59.293+0000][1][safepoint    ] Safepoint "Cleanup", Time since last: 1000166524 ns, Reaching safepoint: 105864 ns, At safepoint: 7544 ns, Total: 113408 ns
[2020-09-11T14:40:00.293+0000][1][safepoint    ] Safepoint "Cleanup", Time since last: 1000163839 ns, Reaching safepoint: 116281 ns, At safepoint: 17997 ns, Total: 134278 ns
[2020-09-11T14:40:01.294+0000][1][safepoint    ] Safepoint "Cleanup", Time since last: 1000228671 ns, Reaching safepoint: 103341 ns, At safepoint: 17420 ns, Total: 120761 ns
[2020-09-11T14:40:02.294+0000][1][safepoint    ] Safepoint "Cleanup", Time since last: 1000218905 ns, Reaching safepoint: 86489 ns, At safepoint: 7445 ns, Total: 93934 ns
[2020-09-11T14:40:03.294+0000][1][safepoint    ] Safepoint "Cleanup", Time since last: 1000176868 ns, Reaching safepoint: 80476 ns, At safepoint: 7262 ns, Total: 87738 ns
[2020-09-11T14:40:04.295+0000][1][safepoint    ] Safepoint "Cleanup", Time since last: 1000144187 ns, Reaching safepoint: 109090 ns, At safepoint: 17698 ns, Total: 126788 ns
[2020-09-11T14:40:05.295+0000][1][safepoint    ] Safepoint "Cleanup", Time since last: 1000191213 ns, Reaching safepoint: 91126 ns, At safepoint: 7542 ns, Total: 98668 ns
[2020-09-11T14:40:06.295+0000][1][safepoint    ] Safepoint "Cleanup", Time since last: 1000159612 ns, Reaching safepoint: 77773 ns, At safepoint: 7506 ns, Total: 85279 ns
[2020-09-11T14:40:07.295+0000][1][safepoint    ] Safepoint "Cleanup", Time since last: 1000178310 ns, Reaching safepoint: 92618 ns, At safepoint: 6935 ns, Total: 99553 ns
[2020-09-11T14:40:08.296+0000][1][safepoint    ] Safepoint "Cleanup", Time since last: 1000154373 ns, Reaching safepoint: 91150 ns, At safepoint: 8413 ns, Total: 99563 ns
[2020-09-11T14:40:09.296+0000][1][safepoint    ] Safepoint "Cleanup", Time since last: 1000132062 ns, Reaching safepoint: 104043 ns, At safepoint: 7355 ns, Total: 111398 ns
[2020-09-11T14:40:10.296+0000][1][safepoint    ] Safepoint "Cleanup", Time since last: 1000128199 ns, Reaching safepoint: 112553 ns, At safepoint: 7260 ns, Total: 119813 ns
[2020-09-11T14:40:11.296+0000][1][safepoint    ] Safepoint "Cleanup", Time since last: 1000187411 ns, Reaching safepoint: 76218 ns, At safepoint: 7615 ns, Total: 83833 ns
[2020-09-11T14:40:12.297+0000][1][safepoint    ] Safepoint "Cleanup", Time since last: 1000165975 ns, Reaching safepoint: 101005 ns, At safepoint: 7671 ns, Total: 108676 ns
[2020-09-11T14:40:13.297+0000][1][safepoint    ] Safepoint "Cleanup", Time since last: 1000168783 ns, Reaching safepoint: 78542 ns, At safepoint: 7590 ns, Total: 86132 ns
[2020-09-11T14:40:14.246+0000][1][gc,start     ] GC(72) Pause Young (Allocation Failure)
[2020-09-11T14:40:14.246+0000][1][gc,task      ] GC(72) Using 1 workers of 1 for evacuation
[2020-09-11T14:40:14.261+0000][1][gc,age       ] GC(72) Desired survivor size 4358144 bytes, new threshold 6 (max threshold 6)
[2020-09-11T14:40:14.261+0000][1][gc,age       ] GC(72) Age table with threshold 6 (max threshold 6)
[2020-09-11T14:40:14.261+0000][1][gc,age       ] GC(72) - age   1:      62920 bytes,      62920 total
[2020-09-11T14:40:14.261+0000][1][gc,age       ] GC(72) - age   2:       3320 bytes,      66240 total
[2020-09-11T14:40:14.261+0000][1][gc,age       ] GC(72) - age   3:       3064 bytes,      69304 total
[2020-09-11T14:40:14.261+0000][1][gc,age       ] GC(72) - age   4:       3640 bytes,      72944 total
[2020-09-11T14:40:14.261+0000][1][gc,age       ] GC(72) - age   5:      44728 bytes,     117672 total
[2020-09-11T14:40:14.261+0000][1][gc,age       ] GC(72) - age   6:     188568 bytes,     306240 total
[2020-09-11T14:40:14.261+0000][1][gc,heap      ] GC(72) ParNew: 69994K->770K(76672K)
[2020-09-11T14:40:14.261+0000][1][gc,heap      ] GC(72) CMS: 96922K->97497K(2011968K)
[2020-09-11T14:40:14.261+0000][1][gc,metaspace ] GC(72) Metaspace: 74455K->74455K(1118208K)
[2020-09-11T14:40:14.261+0000][1][gc           ] GC(72) Pause Young (Allocation Failure) 163M->95M(2039M) 15.311ms
[2020-09-11T14:40:14.261+0000][1][gc,cpu       ] GC(72) User=0.02s Sys=0.00s Real=0.01s
[2020-09-11T14:40:14.261+0000][1][safepoint    ] Safepoint "GenCollectForAllocation", Time since last: 948844725 ns, Reaching safepoint: 173777 ns, At safepoint: 15397604 ns, Total: 15571381 ns
[2020-09-11T14:40:15.267+0000][1][safepoint    ] Safepoint "Cleanup", Time since last: 1005108308 ns, Reaching safepoint: 96255 ns, At safepoint: 43018 ns, Total: 139273 ns
[2020-09-11T14:40:16.267+0000][1][safepoint    ] Safepoint "Cleanup", Time since last: 1000199023 ns, Reaching safepoint: 96656 ns, At safepoint: 16777 ns, Total: 113433 ns
[2020-09-11T14:40:17.269+0000][1][safepoint    ] Safepoint "Cleanup", Time since last: 1001604965 ns, Reaching safepoint: 93906 ns, At safepoint: 41104 ns, Total: 135010 ns
[2020-09-11T14:40:18.270+0000][1][safepoint    ] Safepoint "Cleanup", Time since last: 1001428094 ns, Reaching safepoint: 212688 ns, At safepoint: 47496 ns, Total: 260184 ns
[2020-09-11T14:40:19.271+0000][1][safepoint    ] Safepoint "Cleanup", Time since last: 1000168456 ns, Reaching safepoint: 122227 ns, At safepoint: 16481 ns, Total: 138708 ns
[2020-09-11T14:40:20.271+0000][1][safepoint    ] Safepoint "Cleanup", Time since last: 1000180728 ns, Reaching safepoint: 94106 ns, At safepoint: 5769 ns, Total: 99875 ns
[2020-09-11T14:40:21.271+0000][1][safepoint    ] Safepoint "Cleanup", Time since last: 1000163006 ns, Reaching safepoint: 82445 ns, At safepoint: 7297 ns, Total: 89742 ns
[2020-09-11T14:40:22.271+0000][1][safepoint    ] Safepoint "Cleanup", Time since last: 1000195893 ns, Reaching safepoint: 78376 ns, At safepoint: 6418 ns, Total: 84794 ns
[2020-09-11T14:40:23.272+0000][1][safepoint    ] Safepoint "Cleanup", Time since last: 1000132755 ns, Reaching safepoint: 113691 ns, At safepoint: 18191 ns, Total: 131882 ns
[2020-09-11T14:40:24.272+0000][1][safepoint    ] Safepoint "Cleanup", Time since last: 1000227826 ns, Reaching safepoint: 87041 ns, At safepoint: 6557 ns, Total: 93598 ns
[2020-09-11T14:40:25.272+0000][1][safepoint    ] Safepoint "Cleanup", Time since last: 1000192589 ns, Reaching safepoint: 88225 ns, At safepoint: 7619 ns, Total: 95844 ns
[2020-09-11T14:40:26.273+0000][1][safepoint    ] Safepoint "Cleanup", Time since last: 1000162141 ns, Reaching safepoint: 332443 ns, At safepoint: 7359 ns, Total: 339802 ns
[2020-09-11T14:40:27.273+0000][1][safepoint    ] Safepoint "Cleanup", Time since last: 1000171895 ns, Reaching safepoint: 87690 ns, At safepoint: 7702 ns, Total: 95392 ns
[2020-09-11T14:40:28.273+0000][1][safepoint    ] Safepoint "Cleanup", Time since last: 1000176793 ns, Reaching safepoint: 88353 ns, At safepoint: 6835 ns, Total: 95188 ns
[2020-09-11T14:40:29.274+0000][1][safepoint    ] Safepoint "Cleanup", Time since last: 1000160097 ns, Reaching safepoint: 99919 ns, At safepoint: 17513 ns, Total: 117432 ns
[2020-09-11T14:40:30.274+0000][1][safepoint    ] Safepoint "Cleanup", Time since last: 1000208708 ns, Reaching safepoint: 121749 ns, At safepoint: 17971 ns, Total: 139720 ns
[2020-09-11T14:40:31.274+0000][1][safepoint    ] Safepoint "Cleanup", Time since last: 1000240184 ns, Reaching safepoint: 112565 ns, At safepoint: 18128 ns, Total: 130693 ns
[2020-09-11T14:40:32.275+0000][1][safepoint    ] Safepoint "Cleanup", Time since last: 1000233639 ns, Reaching safepoint: 123447 ns, At safepoint: 16969 ns, Total: 140416 ns
[2020-09-11T14:40:33.275+0000][1][safepoint    ] Safepoint "Cleanup", Time since last: 1000207510 ns, Reaching safepoint: 112007 ns, At safepoint: 18142 ns, Total: 130149 ns
[2020-09-11T14:40:34.275+0000][1][safepoint    ] Safepoint "Cleanup", Time since last: 1000212230 ns, Reaching safepoint: 148844 ns, At safepoint: 15934 ns, Total: 164778 ns
[2020-09-11T14:40:35.276+0000][1][safepoint    ] Safepoint "Cleanup", Time since last: 1000203591 ns, Reaching safepoint: 88589 ns, At safepoint: 8029 ns, Total: 96618 ns
[2020-09-11T14:40:36.276+0000][1][safepoint    ] Safepoint "Cleanup", Time since last: 1000147759 ns, Reaching safepoint: 71847 ns, At safepoint: 7174 ns, Total: 79021 ns
[2020-09-11T14:40:37.277+0000][1][safepoint    ] Safepoint "Cleanup", Time since last: 1000144643 ns, Reaching safepoint: 366137 ns, At safepoint: 18228 ns, Total: 384365 ns
[2020-09-11T14:40:38.277+0000][1][safepoint    ] Safepoint "Cleanup", Time since last: 1000175226 ns, Reaching safepoint: 99129 ns, At safepoint: 6477 ns, Total: 105606 ns
[2020-09-11T14:40:39.277+0000][1][safepoint    ] Safepoint "Cleanup", Time since last: 1000133081 ns, Reaching safepoint: 102216 ns, At safepoint: 7597 ns, Total: 109813 ns
[2020-09-11T14:40:40.277+0000][1][safepoint    ] Safepoint "Cleanup", Time since last: 1000182090 ns, Reaching safepoint: 105171 ns, At safepoint: 16648 ns, Total: 121819 ns
[2020-09-11T14:40:41.278+0000][1][safepoint    ] Safepoint "Cleanup", Time since last: 1000206699 ns, Reaching safepoint: 110470 ns, At safepoint: 18539 ns, Total: 129009 ns
[2020-09-11T14:40:42.278+0000][1][safepoint    ] Safepoint "Cleanup", Time since last: 1000237046 ns, Reaching safepoint: 97730 ns, At safepoint: 6996 ns, Total: 104726 ns
[2020-09-11T14:40:43.278+0000][1][safepoint    ] Safepoint "Cleanup", Time since last: 1000182675 ns, Reaching safepoint: 79699 ns, At safepoint: 7671 ns, Total: 87370 ns
[2020-09-11T14:40:44.279+0000][1][safepoint    ] Safepoint "Cleanup", Time since last: 1000169596 ns, Reaching safepoint: 110817 ns, At safepoint: 17130 ns, Total: 127947 ns
[2020-09-11T14:40:45.279+0000][1][safepoint    ] Safepoint "Cleanup", Time since last: 1000197413 ns, Reaching safepoint: 123317 ns, At safepoint: 18175 ns, Total: 141492 ns
[2020-09-11T14:40:46.279+0000][1][safepoint    ] Safepoint "Cleanup", Time since last: 1000246590 ns, Reaching safepoint: 74931 ns, At safepoint: 6767 ns, Total: 81698 ns
[2020-09-11T14:40:47.280+0000][1][safepoint    ] Safepoint "Cleanup", Time since last: 1000199076 ns, Reaching safepoint: 91478 ns, At safepoint: 7475 ns, Total: 98953 ns
[2020-09-11T14:40:48.280+0000][1][safepoint    ] Safepoint "Cleanup", Time since last: 1000179299 ns, Reaching safepoint: 81159 ns, At safepoint: 7012 ns, Total: 88171 ns
[2020-09-11T14:40:49.280+0000][1][safepoint    ] Safepoint "Cleanup", Time since last: 1000152873 ns, Reaching safepoint: 103177 ns, At safepoint: 18071 ns, Total: 121248 ns
[2020-09-11T14:40:50.280+0000][1][safepoint    ] Safepoint "Cleanup", Time since last: 1000199751 ns, Reaching safepoint: 109438 ns, At safepoint: 16400 ns, Total: 125838 ns
[2020-09-11T14:40:51.281+0000][1][safepoint    ] Safepoint "Cleanup", Time since last: 1000205314 ns, Reaching safepoint: 114880 ns, At safepoint: 17984 ns, Total: 132864 ns
[2020-09-11T14:40:52.281+0000][1][safepoint    ] Safepoint "Cleanup", Time since last: 1000238597 ns, Reaching safepoint: 103130 ns, At safepoint: 17339 ns, Total: 120469 ns
[2020-09-11T14:40:53.282+0000][1][safepoint    ] Safepoint "Cleanup", Time since last: 1000215124 ns, Reaching safepoint: 112468 ns, At safepoint: 17474 ns, Total: 129942 ns
[2020-09-11T14:40:54.282+0000][1][safepoint    ] Safepoint "Cleanup", Time since last: 1000278094 ns, Reaching safepoint: 116153 ns, At safepoint: 18713 ns, Total: 134866 ns
[2020-09-11T14:40:55.282+0000][1][safepoint    ] Safepoint "Cleanup", Time since last: 1000187787 ns, Reaching safepoint: 80727 ns, At safepoint: 7396 ns, Total: 88123 ns
[2020-09-11T14:40:56.282+0000][1][safepoint    ] Safepoint "Cleanup", Time since last: 1000176956 ns, Reaching safepoint: 98005 ns, At safepoint: 16424 ns, Total: 114429 ns
[2020-09-11T14:40:57.283+0000][1][safepoint    ] Safepoint "Cleanup", Time since last: 1000175556 ns, Reaching safepoint: 124045 ns, At safepoint: 17884 ns, Total: 141929 ns
[2020-09-11T14:40:58.283+0000][1][safepoint    ] Safepoint "Cleanup", Time since last: 1000231875 ns, Reaching safepoint: 126256 ns, At safepoint: 16795 ns, Total: 143051 ns
[2020-09-11T14:40:59.284+0000][1][safepoint    ] Safepoint "Cleanup", Time since last: 1000201323 ns, Reaching safepoint: 147602 ns, At safepoint: 19180 ns, Total: 166782 ns
[2020-09-11T14:41:00.284+0000][1][safepoint    ] Safepoint "Cleanup", Time since last: 1000178646 ns, Reaching safepoint: 113687 ns, At safepoint: 17851 ns, Total: 131538 ns
[2020-09-11T14:41:01.284+0000][1][safepoint    ] Safepoint "Cleanup", Time since last: 1000231251 ns, Reaching safepoint: 109929 ns, At safepoint: 18302 ns, Total: 128231 ns
[2020-09-11T14:41:02.284+0000][1][safepoint    ] Safepoint "Cleanup", Time since last: 1000200894 ns, Reaching safepoint: 84392 ns, At safepoint: 6976 ns, Total: 91368 ns
[2020-09-11T14:41:03.285+0000][1][safepoint    ] Safepoint "Cleanup", Time since last: 1000156583 ns, Reaching safepoint: 96044 ns, At safepoint: 7213 ns, Total: 103257 ns
[2020-09-11T14:41:04.285+0000][1][safepoint    ] Safepoint "Cleanup", Time since last: 1000141855 ns, Reaching safepoint: 117730 ns, At safepoint: 16845 ns, Total: 134575 ns
[2020-09-11T14:41:05.285+0000][1][safepoint    ] Safepoint "Cleanup", Time since last: 1000227019 ns, Reaching safepoint: 84707 ns, At safepoint: 7577 ns, Total: 92284 ns
[2020-09-11T14:41:06.286+0000][1][safepoint    ] Safepoint "Cleanup", Time since last: 1000188599 ns, Reaching safepoint: 118642 ns, At safepoint: 18212 ns, Total: 136854 ns
[2020-09-11T14:41:07.286+0000][1][safepoint    ] Safepoint "Cleanup", Time since last: 1000205187 ns, Reaching safepoint: 83074 ns, At safepoint: 7344 ns, Total: 90418 ns
[2020-09-11T14:41:08.286+0000][1][safepoint    ] Safepoint "Cleanup", Time since last: 1000169119 ns, Reaching safepoint: 101783 ns, At safepoint: 16211 ns, Total: 117994 ns
[2020-09-11T14:41:09.287+0000][1][safepoint    ] Safepoint "Cleanup", Time since last: 1000188900 ns, Reaching safepoint: 85605 ns, At safepoint: 7171 ns, Total: 92776 ns
[2020-09-11T14:41:10.287+0000][1][safepoint    ] Safepoint "Cleanup", Time since last: 1000170491 ns, Reaching safepoint: 91043 ns, At safepoint: 6724 ns, Total: 97767 ns
[2020-09-11T14:41:11.287+0000][1][safepoint    ] Safepoint "Cleanup", Time since last: 1000164890 ns, Reaching safepoint: 109952 ns, At safepoint: 17781 ns, Total: 127733 ns
[2020-09-11T14:41:12.287+0000][1][safepoint    ] Safepoint "Cleanup", Time since last: 1000174535 ns, Reaching safepoint: 145814 ns, At safepoint: 15011 ns, Total: 160825 ns
[2020-09-11T14:41:13.288+0000][1][safepoint    ] Safepoint "Cleanup", Time since last: 1000191029 ns, Reaching safepoint: 92367 ns, At safepoint: 7672 ns, Total: 100039 ns
[2020-09-11T14:41:14.288+0000][1][safepoint    ] Safepoint "Cleanup", Time since last: 1000203596 ns, Reaching safepoint: 68954 ns, At safepoint: 6196 ns, Total: 75150 ns
[2020-09-11T14:41:15.288+0000][1][safepoint    ] Safepoint "Cleanup", Time since last: 1000190322 ns, Reaching safepoint: 78875 ns, At safepoint: 7559 ns, Total: 86434 ns
[2020-09-11T14:41:16.289+0000][1][safepoint    ] Safepoint "Cleanup", Time since last: 1000219436 ns, Reaching safepoint: 80492 ns, At safepoint: 6398 ns, Total: 86890 ns
[2020-09-11T14:41:17.289+0000][1][safepoint    ] Safepoint "Cleanup", Time since last: 1000174933 ns, Reaching safepoint: 84298 ns, At safepoint: 7068 ns, Total: 91366 ns
[2020-09-11T14:41:18.289+0000][1][safepoint    ] Safepoint "Cleanup", Time since last: 1000178722 ns, Reaching safepoint: 81007 ns, At safepoint: 6573 ns, Total: 87580 ns
[2020-09-11T14:41:19.289+0000][1][safepoint    ] Safepoint "Cleanup", Time since last: 1000114565 ns, Reaching safepoint: 65818 ns, At safepoint: 10104 ns, Total: 75922 ns
[2020-09-11T14:41:20.290+0000][1][safepoint    ] Safepoint "Cleanup", Time since last: 1000187622 ns, Reaching safepoint: 86464 ns, At safepoint: 6552 ns, Total: 93016 ns
[2020-09-11T14:41:21.290+0000][1][safepoint    ] Safepoint "Cleanup", Time since last: 1000112409 ns, Reaching safepoint: 61536 ns, At safepoint: 7769 ns, Total: 69305 ns
[2020-09-11T14:41:22.290+0000][1][safepoint    ] Safepoint "Cleanup", Time since last: 1000172934 ns, Reaching safepoint: 100821 ns, At safepoint: 39611 ns, Total: 140432 ns
[2020-09-11T14:41:23.290+0000][1][safepoint    ] Safepoint "Cleanup", Time since last: 1000222452 ns, Reaching safepoint: 105967 ns, At safepoint: 17233 ns, Total: 123200 ns
[2020-09-11T14:41:24.291+0000][1][safepoint    ] Safepoint "Cleanup", Time since last: 1000216665 ns, Reaching safepoint: 102496 ns, At safepoint: 16842 ns, Total: 119338 ns
[2020-09-11T14:41:25.291+0000][1][safepoint    ] Safepoint "Cleanup", Time since last: 1000201406 ns, Reaching safepoint: 117963 ns, At safepoint: 18399 ns, Total: 136362 ns
[2020-09-11T14:41:26.291+0000][1][safepoint    ] Safepoint "Cleanup", Time since last: 1000163246 ns, Reaching safepoint: 133620 ns, At safepoint: 15389 ns, Total: 149009 ns
[2020-09-11T14:41:27.292+0000][1][safepoint    ] Safepoint "Cleanup", Time since last: 1000244140 ns, Reaching safepoint: 117182 ns, At safepoint: 18065 ns, Total: 135247 ns
[2020-09-11T14:41:28.292+0000][1][safepoint    ] Safepoint "Cleanup", Time since last: 1000293495 ns, Reaching safepoint: 80689 ns, At safepoint: 5981 ns, Total: 86670 ns
[2020-09-11T14:41:29.292+0000][1][safepoint    ] Safepoint "Cleanup", Time since last: 1000168592 ns, Reaching safepoint: 100252 ns, At safepoint: 7907 ns, Total: 108159 ns
[2020-09-11T14:41:29.368+0000][1][gc,start     ] GC(73) Pause Young (Allocation Failure)
[2020-09-11T14:41:29.368+0000][1][gc,task      ] GC(73) Using 1 workers of 1 for evacuation
[2020-09-11T14:41:29.383+0000][1][gc,age       ] GC(73) Desired survivor size 4358144 bytes, new threshold 6 (max threshold 6)
[2020-09-11T14:41:29.383+0000][1][gc,age       ] GC(73) Age table with threshold 6 (max threshold 6)
[2020-09-11T14:41:29.383+0000][1][gc,age       ] GC(73) - age   1:      32024 bytes,      32024 total
[2020-09-11T14:41:29.383+0000][1][gc,age       ] GC(73) - age   2:      35248 bytes,      67272 total
[2020-09-11T14:41:29.383+0000][1][gc,age       ] GC(73) - age   3:       2784 bytes,      70056 total
[2020-09-11T14:41:29.383+0000][1][gc,age       ] GC(73) - age   4:       2528 bytes,      72584 total
[2020-09-11T14:41:29.383+0000][1][gc,age       ] GC(73) - age   5:       3640 bytes,      76224 total
[2020-09-11T14:41:29.383+0000][1][gc,age       ] GC(73) - age   6:      44728 bytes,     120952 total
[2020-09-11T14:41:29.383+0000][1][gc,heap      ] GC(73) ParNew: 68930K->267K(76672K)
[2020-09-11T14:41:29.383+0000][1][gc,heap      ] GC(73) CMS: 97497K->97682K(2011968K)
[2020-09-11T14:41:29.383+0000][1][gc,metaspace ] GC(73) Metaspace: 74500K->74500K(1118208K)
[2020-09-11T14:41:29.383+0000][1][gc           ] GC(73) Pause Young (Allocation Failure) 162M->95M(2039M) 15.396ms
[2020-09-11T14:41:29.383+0000][1][gc,cpu       ] GC(73) User=0.02s Sys=0.00s Real=0.01s
[2020-09-11T14:41:29.383+0000][1][safepoint    ] Safepoint "GenCollectForAllocation", Time since last: 74768138 ns, Reaching safepoint: 254374 ns, At safepoint: 15473978 ns, Total: 15728352 ns
[2020-09-11T14:41:30.391+0000][1][safepoint    ] Safepoint "Cleanup", Time since last: 1007695008 ns, Reaching safepoint: 82814 ns, At safepoint: 19668 ns, Total: 102482 ns
[2020-09-11T14:41:31.391+0000][1][safepoint    ] Safepoint "Cleanup", Time since last: 1000154034 ns, Reaching safepoint: 88915 ns, At safepoint: 15727 ns, Total: 104642 ns
[2020-09-11T14:41:32.391+0000][1][safepoint    ] Safepoint "Cleanup", Time since last: 1000187822 ns, Reaching safepoint: 81728 ns, At safepoint: 20432 ns, Total: 102160 ns
[2020-09-11T14:41:33.392+0000][1][safepoint    ] Safepoint "Cleanup", Time since last: 1000138153 ns, Reaching safepoint: 128705 ns, At safepoint: 7090 ns, Total: 135795 ns
[2020-09-11T14:41:34.392+0000][1][safepoint    ] Safepoint "Cleanup", Time since last: 1000103483 ns, Reaching safepoint: 56291 ns, At safepoint: 6977 ns, Total: 63268 ns
[2020-09-11T14:41:35.392+0000][1][safepoint    ] Safepoint "Cleanup", Time since last: 1000141965 ns, Reaching safepoint: 108463 ns, At safepoint: 16938 ns, Total: 125401 ns
[2020-09-11T14:41:36.392+0000][1][safepoint    ] Safepoint "Cleanup", Time since last: 1000213867 ns, Reaching safepoint: 86165 ns, At safepoint: 7161 ns, Total: 93326 ns
[2020-09-11T14:41:37.393+0000][1][safepoint    ] Safepoint "Cleanup", Time since last: 1000149029 ns, Reaching safepoint: 126173 ns, At safepoint: 19458 ns, Total: 145631 ns
[2020-09-11T14:41:38.393+0000][1][safepoint    ] Safepoint "Cleanup", Time since last: 1000210001 ns, Reaching safepoint: 110503 ns, At safepoint: 17941 ns, Total: 128444 ns
[2020-09-11T14:41:39.393+0000][1][safepoint    ] Safepoint "Cleanup", Time since last: 1000149833 ns, Reaching safepoint: 176906 ns, At safepoint: 7136 ns, Total: 184042 ns
[2020-09-11T14:41:40.394+0000][1][safepoint    ] Safepoint "Cleanup", Time since last: 1000206835 ns, Reaching safepoint: 117162 ns, At safepoint: 18977 ns, Total: 136139 ns
[2020-09-11T14:41:41.394+0000][1][safepoint    ] Safepoint "Cleanup", Time since last: 1000222449 ns, Reaching safepoint: 91086 ns, At safepoint: 7441 ns, Total: 98527 ns
[2020-09-11T14:41:41.792+0000][1][safepoint    ] Safepoint "RevokeBias", Time since last: 398404797 ns, Reaching safepoint: 125845 ns, At safepoint: 8775 ns, Total: 134620 ns
[2020-09-11T14:41:41.793+0000][1][safepoint    ] Safepoint "RevokeBias", Time since last: 104007 ns, Reaching safepoint: 91884 ns, At safepoint: 5518 ns, Total: 97402 ns
[2020-09-11T14:41:41.793+0000][1][safepoint    ] Safepoint "RevokeBias", Time since last: 263992 ns, Reaching safepoint: 159475 ns, At safepoint: 7623 ns, Total: 167098 ns
[2020-09-11T14:41:41.794+0000][1][safepoint    ] Safepoint "RevokeBias", Time since last: 325369 ns, Reaching safepoint: 106285 ns, At safepoint: 6839 ns, Total: 113124 ns
[2020-09-11T14:41:41.795+0000][1][safepoint    ] Safepoint "RevokeBias", Time since last: 1216965 ns, Reaching safepoint: 554999 ns, At safepoint: 8594 ns, Total: 563593 ns
[2020-09-11T14:41:41.796+0000][1][safepoint    ] Safepoint "RevokeBias", Time since last: 111916 ns, Reaching safepoint: 268025 ns, At safepoint: 6995 ns, Total: 275020 ns
[2020-09-11T14:41:41.796+0000][1][safepoint    ] Safepoint "RevokeBias", Time since last: 312805 ns, Reaching safepoint: 102517 ns, At safepoint: 19788 ns, Total: 122305 ns
[2020-09-11T14:41:41.797+0000][1][safepoint    ] Safepoint "RevokeBias", Time since last: 689161 ns, Reaching safepoint: 149365 ns, At safepoint: 9577 ns, Total: 158942 ns
[2020-09-11T14:41:41.798+0000][1][safepoint    ] Safepoint "RevokeBias", Time since last: 924774 ns, Reaching safepoint: 145710 ns, At safepoint: 7214 ns, Total: 152924 ns
[2020-09-11T14:41:41.808+0000][1][safepoint    ] Safepoint "RevokeBias", Time since last: 9732121 ns, Reaching safepoint: 130466 ns, At safepoint: 9329 ns, Total: 139795 ns
[2020-09-11T14:41:41.808+0000][1][safepoint    ] Safepoint "RevokeBias", Time since last: 266954 ns, Reaching safepoint: 93570 ns, At safepoint: 6637 ns, Total: 100207 ns
[2020-09-11T14:41:41.808+0000][1][safepoint    ] Safepoint "RevokeBias", Time since last: 55007 ns, Reaching safepoint: 17768 ns, At safepoint: 4828 ns, Total: 22596 ns
[2020-09-11T14:41:41.809+0000][1][safepoint    ] Safepoint "RevokeBias", Time since last: 151346 ns, Reaching safepoint: 19952 ns, At safepoint: 5095 ns, Total: 25047 ns
[2020-09-11T14:41:41.809+0000][1][safepoint    ] Safepoint "RevokeBias", Time since last: 51747 ns, Reaching safepoint: 24301 ns, At safepoint: 5315 ns, Total: 29616 ns
[2020-09-11T14:41:41.810+0000][1][safepoint    ] Safepoint "RevokeBias", Time since last: 1091080 ns, Reaching safepoint: 17055 ns, At safepoint: 4850 ns, Total: 21905 ns
[2020-09-11T14:41:41.824+0000][1][safepoint    ] Safepoint "RevokeBias", Time since last: 13634303 ns, Reaching safepoint: 121510 ns, At safepoint: 20341 ns, Total: 141851 ns
[2020-09-11T14:41:42.170+0000][1][safepoint    ] Safepoint "RevokeBias", Time since last: 346427123 ns, Reaching safepoint: 107841 ns, At safepoint: 23741 ns, Total: 131582 ns
[2020-09-11T14:41:42.173+0000][1][safepoint    ] Safepoint "RevokeBias", Time since last: 2447034 ns, Reaching safepoint: 183457 ns, At safepoint: 21523 ns, Total: 204980 ns
[2020-09-11T14:41:42.175+0000][1][safepoint    ] Safepoint "RevokeBias", Time since last: 1659868 ns, Reaching safepoint: 78139 ns, At safepoint: 17634 ns, Total: 95773 ns
[2020-09-11T14:41:42.175+0000][1][safepoint    ] Safepoint "RevokeBias", Time since last: 147866 ns, Reaching safepoint: 56082 ns, At safepoint: 14663 ns, Total: 70745 ns
[2020-09-11T14:41:42.175+0000][1][safepoint    ] Safepoint "RevokeBias", Time since last: 340264 ns, Reaching safepoint: 61926 ns, At safepoint: 14777 ns, Total: 76703 ns
[2020-09-11T14:41:42.175+0000][1][safepoint    ] Safepoint "RevokeBias", Time since last: 167658 ns, Reaching safepoint: 53272 ns, At safepoint: 51492 ns, Total: 104764 ns
[2020-09-11T14:41:42.178+0000][1][safepoint    ] Safepoint "RevokeBias", Time since last: 2587308 ns, Reaching safepoint: 150559 ns, At safepoint: 62306 ns, Total: 212865 ns
[2020-09-11T14:41:42.179+0000][1][safepoint    ] Safepoint "RevokeBias", Time since last: 774400 ns, Reaching safepoint: 245831 ns, At safepoint: 44024 ns, Total: 289855 ns
[2020-09-11T14:41:42.180+0000][1][safepoint    ] Safepoint "RevokeBias", Time since last: 157605 ns, Reaching safepoint: 148594 ns, At safepoint: 41763 ns, Total: 190357 ns
[2020-09-11T14:41:42.180+0000][1][safepoint    ] Safepoint "RevokeBias", Time since last: 311177 ns, Reaching safepoint: 233559 ns, At safepoint: 40212 ns, Total: 273771 ns
[2020-09-11T14:41:42.181+0000][1][safepoint    ] Safepoint "RevokeBias", Time since last: 173184 ns, Reaching safepoint: 145350 ns, At safepoint: 38245 ns, Total: 183595 ns
[2020-09-11T14:41:42.182+0000][1][safepoint    ] Safepoint "RevokeBias", Time since last: 1473350 ns, Reaching safepoint: 148656 ns, At safepoint: 17844 ns, Total: 166500 ns
[2020-09-11T14:41:42.183+0000][1][safepoint    ] Safepoint "RevokeBias", Time since last: 536309 ns, Reaching safepoint: 96079 ns, At safepoint: 6712 ns, Total: 102791 ns
[2020-09-11T14:41:42.183+0000][1][safepoint    ] Safepoint "RevokeBias", Time since last: 318562 ns, Reaching safepoint: 132150 ns, At safepoint: 7220 ns, Total: 139370 ns
[2020-09-11T14:41:42.187+0000][1][safepoint    ] Safepoint "RevokeBias", Time since last: 3264321 ns, Reaching safepoint: 323423 ns, At safepoint: 24177 ns, Total: 347600 ns
[2020-09-11T14:41:42.192+0000][1][safepoint    ] Safepoint "RevokeBias", Time since last: 1495992 ns, Reaching safepoint: 3156733 ns, At safepoint: 22311 ns, Total: 3179044 ns
[2020-09-11T14:41:42.192+0000][1][safepoint    ] Safepoint "RevokeBias", Time since last: 162765 ns, Reaching safepoint: 137347 ns, At safepoint: 7557 ns, Total: 144904 ns
[2020-09-11T14:41:42.193+0000][1][safepoint    ] Safepoint "BulkRevokeBias", Time since last: 1298376 ns, Reaching safepoint: 145974 ns, At safepoint: 99648 ns, Total: 245622 ns
[2020-09-11T14:41:42.212+0000][1][safepoint    ] Safepoint "RevokeBias", Time since last: 17959198 ns, Reaching safepoint: 116434 ns, At safepoint: 9220 ns, Total: 125654 ns
[2020-09-11T14:41:42.212+0000][1][safepoint    ] Safepoint "BulkRevokeBias", Time since last: 133017 ns, Reaching safepoint: 100432 ns, At safepoint: 102311 ns, Total: 202743 ns
[2020-09-11T14:41:42.212+0000][1][safepoint    ] Safepoint "RevokeBias", Time since last: 436046 ns, Reaching safepoint: 96607 ns, At safepoint: 6022 ns, Total: 102629 ns
[2020-09-11T14:41:42.213+0000][1][safepoint    ] Safepoint "RevokeBias", Time since last: 584125 ns, Reaching safepoint: 211425 ns, At safepoint: 7428 ns, Total: 218853 ns
[2020-09-11T14:41:42.216+0000][1][safepoint    ] Safepoint "RevokeBias", Time since last: 2651762 ns, Reaching safepoint: 96471 ns, At safepoint: 7150 ns, Total: 103621 ns
[2020-09-11T14:41:42.220+0000][1][safepoint    ] Safepoint "RevokeBias", Time since last: 3868955 ns, Reaching safepoint: 98695 ns, At safepoint: 9684 ns, Total: 108379 ns
[2020-09-11T14:41:42.224+0000][1][safepoint    ] Safepoint "BulkRevokeBias", Time since last: 4001597 ns, Reaching safepoint: 105391 ns, At safepoint: 82067 ns, Total: 187458 ns
[2020-09-11T14:41:42.225+0000][1][safepoint    ] Safepoint "RevokeBias", Time since last: 992746 ns, Reaching safepoint: 16418 ns, At safepoint: 5577 ns, Total: 21995 ns
[2020-09-11T14:41:42.226+0000][1][safepoint    ] Safepoint "RevokeBias", Time since last: 368572 ns, Reaching safepoint: 13461 ns, At safepoint: 4690 ns, Total: 18151 ns
[2020-09-11T14:41:42.226+0000][1][safepoint    ] Safepoint "RevokeBias", Time since last: 97177 ns, Reaching safepoint: 13809 ns, At safepoint: 3857 ns, Total: 17666 ns
[2020-09-11T14:41:42.226+0000][1][safepoint    ] Safepoint "RevokeBias", Time since last: 51285 ns, Reaching safepoint: 9292 ns, At safepoint: 3602 ns, Total: 12894 ns
[2020-09-11T14:41:42.230+0000][1][safepoint    ] Safepoint "RevokeBias", Time since last: 3718491 ns, Reaching safepoint: 92065 ns, At safepoint: 14101 ns, Total: 106166 ns
[2020-09-11T14:41:42.230+0000][1][safepoint    ] Safepoint "RevokeBias", Time since last: 291518 ns, Reaching safepoint: 89457 ns, At safepoint: 5538 ns, Total: 94995 ns
[2020-09-11T14:41:42.237+0000][1][safepoint    ] Safepoint "RevokeBias", Time since last: 6748024 ns, Reaching safepoint: 100354 ns, At safepoint: 9477 ns, Total: 109831 ns
[2020-09-11T14:41:42.238+0000][1][gc,heap,exit ] Heap
[2020-09-11T14:41:42.238+0000][1][gc,heap,exit ]  par new generation   total 76672K, used 17698K [0x0000000080000000, 0x0000000085330000, 0x0000000085330000)
[2020-09-11T14:41:42.238+0000][1][gc,heap,exit ]   eden space 68160K,  25% used [0x0000000080000000, 0x0000000081105df8, 0x0000000084290000)
[2020-09-11T14:41:42.238+0000][1][gc,heap,exit ]   from space 8512K,   3% used [0x0000000084ae0000, 0x0000000084b22df0, 0x0000000085330000)
[2020-09-11T14:41:42.238+0000][1][gc,heap,exit ]   to   space 8512K,   0% used [0x0000000084290000, 0x0000000084290000, 0x0000000084ae0000)
[2020-09-11T14:41:42.238+0000][1][gc,heap,exit ]  concurrent mark-sweep generation total 2011968K, used 97682K [0x0000000085330000, 0x0000000100000000, 0x0000000100000000)
[2020-09-11T14:41:42.238+0000][1][gc,heap,exit ]  Metaspace       used 74650K, capacity 80534K, committed 80792K, reserved 1118208K
[2020-09-11T14:41:42.238+0000][1][gc,heap,exit ]   class space    used 9943K, capacity 12344K, committed 12432K, reserved 1048576K
