[2020-09-10T16:49:39.042+0000][1][gc] Using Concurrent Mark Sweep
[2020-09-10T16:49:39.043+0000][1][gc,heap,coops] Heap address: 0x0000000080000000, size: 2048 MB, Compressed Oops mode: 32-bit
[2020-09-10T16:49:39.099+0000][1][safepoint    ] Safepoint "EnableBiasedLocking", Time since last: 47763128 ns, Reaching safepoint: 144313 ns, At safepoint: 35777 ns, Total: 180090 ns
[2020-09-10T16:49:39.105+0000][1][safepoint    ] Safepoint "RevokeBias", Time since last: 5150709 ns, Reaching safepoint: 127866 ns, At safepoint: 34970 ns, Total: 162836 ns
[2020-09-10T16:49:39.110+0000][1][safepoint    ] Safepoint "Deoptimize", Time since last: 5641772 ns, Reaching safepoint: 133578 ns, At safepoint: 17368 ns, Total: 150946 ns
[2020-09-10T16:49:39.265+0000][1][safepoint    ] Safepoint "RevokeBias", Time since last: 154662960 ns, Reaching safepoint: 107412 ns, At safepoint: 31353 ns, Total: 138765 ns
[2020-09-10T16:49:39.275+0000][1][safepoint    ] Safepoint "RevokeBias", Time since last: 9678742 ns, Reaching safepoint: 136015 ns, At safepoint: 22466 ns, Total: 158481 ns
[2020-09-10T16:49:39.277+0000][1][safepoint    ] Safepoint "Deoptimize", Time since last: 1389490 ns, Reaching safepoint: 133729 ns, At safepoint: 26453 ns, Total: 160182 ns
[2020-09-10T16:49:39.279+0000][1][safepoint    ] Safepoint "Deoptimize", Time since last: 2029623 ns, Reaching safepoint: 129281 ns, At safepoint: 25999 ns, Total: 155280 ns
[2020-09-10T16:49:39.326+0000][1][safepoint    ] Safepoint "Deoptimize", Time since last: 46629051 ns, Reaching safepoint: 140651 ns, At safepoint: 34056 ns, Total: 174707 ns
[2020-09-10T16:49:39.863+0000][1][safepoint    ] Safepoint "Deoptimize", Time since last: 536823056 ns, Reaching safepoint: 272847 ns, At safepoint: 55688 ns, Total: 328535 ns
[2020-09-10T16:49:39.951+0000][1][safepoint    ] Safepoint "Deoptimize", Time since last: 88344250 ns, Reaching safepoint: 95963 ns, At safepoint: 63812 ns, Total: 159775 ns
[2020-09-10T16:49:40.041+0000][1][safepoint    ] Safepoint "Deoptimize", Time since last: 89625976 ns, Reaching safepoint: 155271 ns, At safepoint: 66115 ns, Total: 221386 ns
[2020-09-10T16:49:40.579+0000][1][safepoint    ] Safepoint "Deoptimize", Time since last: 537513315 ns, Reaching safepoint: 137145 ns, At safepoint: 85943 ns, Total: 223088 ns
[2020-09-10T16:49:41.132+0000][1][safepoint    ] Safepoint "Deoptimize", Time since last: 552768310 ns, Reaching safepoint: 102969 ns, At safepoint: 82541 ns, Total: 185510 ns
[2020-09-10T16:49:41.647+0000][1][safepoint    ] Safepoint "Deoptimize", Time since last: 514808885 ns, Reaching safepoint: 134228 ns, At safepoint: 102746 ns, Total: 236974 ns
[2020-09-10T16:49:41.650+0000][1][safepoint    ] Safepoint "Deoptimize", Time since last: 2800139 ns, Reaching safepoint: 90436 ns, At safepoint: 89516 ns, Total: 179952 ns
[2020-09-10T16:49:41.730+0000][1][safepoint    ] Safepoint "Deoptimize", Time since last: 79602529 ns, Reaching safepoint: 143123 ns, At safepoint: 100101 ns, Total: 243224 ns
[2020-09-10T16:49:41.732+0000][1][safepoint    ] Safepoint "Deoptimize", Time since last: 2332023 ns, Reaching safepoint: 114889 ns, At safepoint: 95403 ns, Total: 210292 ns
[2020-09-10T16:49:41.752+0000][1][safepoint    ] Safepoint "RevokeBias", Time since last: 19345925 ns, Reaching safepoint: 110861 ns, At safepoint: 33462 ns, Total: 144323 ns
[2020-09-10T16:49:41.755+0000][1][safepoint    ] Safepoint "RevokeBias", Time since last: 2696972 ns, Reaching safepoint: 210483 ns, At safepoint: 18499 ns, Total: 228982 ns
[2020-09-10T16:49:41.755+0000][1][safepoint    ] Safepoint "RevokeBias", Time since last: 78873 ns, Reaching safepoint: 118645 ns, At safepoint: 17934 ns, Total: 136579 ns
[2020-09-10T16:49:41.755+0000][1][safepoint    ] Safepoint "RevokeBias", Time since last: 131609 ns, Reaching safepoint: 221920 ns, At safepoint: 18422 ns, Total: 240342 ns
[2020-09-10T16:49:42.432+0000][1][gc,start     ] GC(0) Pause Young (Allocation Failure)
[2020-09-10T16:49:42.432+0000][1][gc,task      ] GC(0) Using 1 workers of 1 for evacuation
[2020-09-10T16:49:42.458+0000][1][gc,age       ] GC(0) Desired survivor size 4358144 bytes, new threshold 1 (max threshold 6)
[2020-09-10T16:49:42.458+0000][1][gc,age       ] GC(0) Age table with threshold 1 (max threshold 6)
[2020-09-10T16:49:42.458+0000][1][gc,age       ] GC(0) - age   1:    6392456 bytes,    6392456 total
[2020-09-10T16:49:42.458+0000][1][gc,heap      ] GC(0) ParNew: 68160K->6267K(76672K)
[2020-09-10T16:49:42.458+0000][1][gc,heap      ] GC(0) CMS: 0K->0K(2011968K)
[2020-09-10T16:49:42.458+0000][1][gc,metaspace ] GC(0) Metaspace: 13398K->13398K(1060864K)
[2020-09-10T16:49:42.458+0000][1][gc           ] GC(0) Pause Young (Allocation Failure) 66M->6M(2039M) 26.251ms
[2020-09-10T16:49:42.459+0000][1][gc,cpu       ] GC(0) User=0.03s Sys=0.00s Real=0.02s
[2020-09-10T16:49:42.463+0000][1][safepoint    ] Safepoint "GenCollectForAllocation", Time since last: 676819508 ns, Reaching safepoint: 134012 ns, At safepoint: 30435402 ns, Total: 30569414 ns
[2020-09-10T16:49:42.468+0000][1][safepoint    ] Safepoint "RevokeBias", Time since last: 5120561 ns, Reaching safepoint: 98470 ns, At safepoint: 58551 ns, Total: 157021 ns
[2020-09-10T16:49:42.470+0000][1][safepoint    ] Safepoint "RevokeBias", Time since last: 91045 ns, Reaching safepoint: 2309958 ns, At safepoint: 38233 ns, Total: 2348191 ns
[2020-09-10T16:49:42.471+0000][1][safepoint    ] Safepoint "RevokeBias", Time since last: 44781 ns, Reaching safepoint: 92440 ns, At safepoint: 35862 ns, Total: 128302 ns
[2020-09-10T16:49:42.471+0000][1][safepoint    ] Safepoint "RevokeBias", Time since last: 39983 ns, Reaching safepoint: 58798 ns, At safepoint: 31783 ns, Total: 90581 ns
[2020-09-10T16:49:42.471+0000][1][safepoint    ] Safepoint "RevokeBias", Time since last: 39798 ns, Reaching safepoint: 79673 ns, At safepoint: 20907 ns, Total: 100580 ns
[2020-09-10T16:49:42.471+0000][1][safepoint    ] Safepoint "RevokeBias", Time since last: 29114 ns, Reaching safepoint: 123451 ns, At safepoint: 20316 ns, Total: 143767 ns
[2020-09-10T16:49:42.471+0000][1][safepoint    ] Safepoint "RevokeBias", Time since last: 92588 ns, Reaching safepoint: 120681 ns, At safepoint: 20930 ns, Total: 141611 ns
[2020-09-10T16:49:42.471+0000][1][safepoint    ] Safepoint "RevokeBias", Time since last: 32396 ns, Reaching safepoint: 77066 ns, At safepoint: 18826 ns, Total: 95892 ns
[2020-09-10T16:49:42.472+0000][1][safepoint    ] Safepoint "RevokeBias", Time since last: 32230 ns, Reaching safepoint: 78909 ns, At safepoint: 34969 ns, Total: 113878 ns
[2020-09-10T16:49:42.472+0000][1][safepoint    ] Safepoint "RevokeBias", Time since last: 27368 ns, Reaching safepoint: 77984 ns, At safepoint: 22425 ns, Total: 100409 ns
[2020-09-10T16:49:42.472+0000][1][safepoint    ] Safepoint "RevokeBias", Time since last: 34011 ns, Reaching safepoint: 121642 ns, At safepoint: 20601 ns, Total: 142243 ns
[2020-09-10T16:49:42.472+0000][1][safepoint    ] Safepoint "RevokeBias", Time since last: 27058 ns, Reaching safepoint: 118947 ns, At safepoint: 19894 ns, Total: 138841 ns
[2020-09-10T16:49:42.472+0000][1][safepoint    ] Safepoint "RevokeBias", Time since last: 33234 ns, Reaching safepoint: 126561 ns, At safepoint: 24793 ns, Total: 151354 ns
[2020-09-10T16:49:42.473+0000][1][safepoint    ] Safepoint "RevokeBias", Time since last: 754927 ns, Reaching safepoint: 124023 ns, At safepoint: 35949 ns, Total: 159972 ns
[2020-09-10T16:49:42.475+0000][1][safepoint    ] Safepoint "RevokeBias", Time since last: 1313626 ns, Reaching safepoint: 120193 ns, At safepoint: 13931 ns, Total: 134124 ns
[2020-09-10T16:49:42.475+0000][1][safepoint    ] Safepoint "RevokeBias", Time since last: 122091 ns, Reaching safepoint: 123623 ns, At safepoint: 12990 ns, Total: 136613 ns
[2020-09-10T16:49:42.475+0000][1][safepoint    ] Safepoint "RevokeBias", Time since last: 474522 ns, Reaching safepoint: 119433 ns, At safepoint: 12989 ns, Total: 132422 ns
[2020-09-10T16:49:42.476+0000][1][safepoint    ] Safepoint "RevokeBias", Time since last: 30397 ns, Reaching safepoint: 189400 ns, At safepoint: 16375 ns, Total: 205775 ns
[2020-09-10T16:49:42.476+0000][1][safepoint    ] Safepoint "RevokeBias", Time since last: 36494 ns, Reaching safepoint: 125835 ns, At safepoint: 10977 ns, Total: 136812 ns
[2020-09-10T16:49:42.476+0000][1][safepoint    ] Safepoint "RevokeBias", Time since last: 36798 ns, Reaching safepoint: 125076 ns, At safepoint: 11003 ns, Total: 136079 ns
[2020-09-10T16:49:42.476+0000][1][safepoint    ] Safepoint "RevokeBias", Time since last: 32590 ns, Reaching safepoint: 117639 ns, At safepoint: 24754 ns, Total: 142393 ns
[2020-09-10T16:49:42.476+0000][1][safepoint    ] Safepoint "RevokeBias", Time since last: 28741 ns, Reaching safepoint: 121937 ns, At safepoint: 23875 ns, Total: 145812 ns
[2020-09-10T16:49:42.476+0000][1][safepoint    ] Safepoint "RevokeBias", Time since last: 30666 ns, Reaching safepoint: 119738 ns, At safepoint: 19635 ns, Total: 139373 ns
[2020-09-10T16:49:42.477+0000][1][safepoint    ] Safepoint "RevokeBias", Time since last: 23389 ns, Reaching safepoint: 120957 ns, At safepoint: 24731 ns, Total: 145688 ns
[2020-09-10T16:49:42.477+0000][1][safepoint    ] Safepoint "RevokeBias", Time since last: 54573 ns, Reaching safepoint: 82748 ns, At safepoint: 23767 ns, Total: 106515 ns
[2020-09-10T16:49:42.477+0000][1][safepoint    ] Safepoint "RevokeBias", Time since last: 23911 ns, Reaching safepoint: 120500 ns, At safepoint: 25581 ns, Total: 146081 ns
[2020-09-10T16:49:42.477+0000][1][safepoint    ] Safepoint "RevokeBias", Time since last: 95152 ns, Reaching safepoint: 120109 ns, At safepoint: 25270 ns, Total: 145379 ns
[2020-09-10T16:49:42.477+0000][1][safepoint    ] Safepoint "RevokeBias", Time since last: 24247 ns, Reaching safepoint: 121884 ns, At safepoint: 24298 ns, Total: 146182 ns
[2020-09-10T16:49:42.478+0000][1][safepoint    ] Safepoint "RevokeBias", Time since last: 167127 ns, Reaching safepoint: 120319 ns, At safepoint: 24530 ns, Total: 144849 ns
[2020-09-10T16:49:42.478+0000][1][safepoint    ] Safepoint "RevokeBias", Time since last: 24303 ns, Reaching safepoint: 125702 ns, At safepoint: 22117 ns, Total: 147819 ns
[2020-09-10T16:49:42.480+0000][1][safepoint    ] Safepoint "RevokeBias", Time since last: 2103117 ns, Reaching safepoint: 130575 ns, At safepoint: 29601 ns, Total: 160176 ns
[2020-09-10T16:49:42.480+0000][1][safepoint    ] Safepoint "RevokeBias", Time since last: 100895 ns, Reaching safepoint: 125689 ns, At safepoint: 19292 ns, Total: 144981 ns
[2020-09-10T16:49:42.586+0000][1][safepoint    ] Safepoint "Deoptimize", Time since last: 105696075 ns, Reaching safepoint: 140275 ns, At safepoint: 164518 ns, Total: 304793 ns
[2020-09-10T16:49:42.892+0000][1][safepoint    ] Safepoint "RevokeBias", Time since last: 304944601 ns, Reaching safepoint: 128800 ns, At safepoint: 32346 ns, Total: 161146 ns
[2020-09-10T16:49:43.238+0000][1][gc,start     ] GC(1) Pause Young (Allocation Failure)
[2020-09-10T16:49:43.238+0000][1][gc,task      ] GC(1) Using 1 workers of 1 for evacuation
[2020-09-10T16:49:43.285+0000][1][gc,age       ] GC(1) Desired survivor size 4358144 bytes, new threshold 6 (max threshold 6)
[2020-09-10T16:49:43.285+0000][1][gc,age       ] GC(1) Age table with threshold 6 (max threshold 6)
[2020-09-10T16:49:43.286+0000][1][gc,age       ] GC(1) - age   1:    1811352 bytes,    1811352 total
[2020-09-10T16:49:43.286+0000][1][gc,heap      ] GC(1) ParNew: 74427K->4143K(76672K)
[2020-09-10T16:49:43.286+0000][1][gc,heap      ] GC(1) CMS: 0K->6752K(2011968K)
[2020-09-10T16:49:43.286+0000][1][gc,metaspace ] GC(1) Metaspace: 16044K->16044K(1064960K)
[2020-09-10T16:49:43.286+0000][1][gc           ] GC(1) Pause Young (Allocation Failure) 72M->10M(2039M) 48.056ms
[2020-09-10T16:49:43.286+0000][1][gc,cpu       ] GC(1) User=0.05s Sys=0.00s Real=0.05s
[2020-09-10T16:49:43.287+0000][1][safepoint    ] Safepoint "GenCollectForAllocation", Time since last: 345824854 ns, Reaching safepoint: 169230 ns, At safepoint: 49565929 ns, Total: 49735159 ns
[2020-09-10T16:49:43.291+0000][1][safepoint    ] Safepoint "BulkRevokeBias", Time since last: 3670043 ns, Reaching safepoint: 142776 ns, At safepoint: 77289 ns, Total: 220065 ns
[2020-09-10T16:49:43.291+0000][1][safepoint    ] Safepoint "RevokeBias", Time since last: 74042 ns, Reaching safepoint: 128107 ns, At safepoint: 27853 ns, Total: 155960 ns
[2020-09-10T16:49:43.291+0000][1][safepoint    ] Safepoint "RevokeBias", Time since last: 61860 ns, Reaching safepoint: 130977 ns, At safepoint: 20993 ns, Total: 151970 ns
[2020-09-10T16:49:43.292+0000][1][safepoint    ] Safepoint "RevokeBias", Time since last: 23227 ns, Reaching safepoint: 124697 ns, At safepoint: 24831 ns, Total: 149528 ns
[2020-09-10T16:49:43.292+0000][1][safepoint    ] Safepoint "RevokeBias", Time since last: 28672 ns, Reaching safepoint: 125643 ns, At safepoint: 27515 ns, Total: 153158 ns
[2020-09-10T16:49:43.292+0000][1][safepoint    ] Safepoint "RevokeBias", Time since last: 23074 ns, Reaching safepoint: 126573 ns, At safepoint: 24663 ns, Total: 151236 ns
[2020-09-10T16:49:43.295+0000][1][safepoint    ] Safepoint "BulkRevokeBias", Time since last: 27621 ns, Reaching safepoint: 126893 ns, At safepoint: 2578005 ns, Total: 2704898 ns
[2020-09-10T16:49:43.295+0000][1][safepoint    ] Safepoint "RevokeBias", Time since last: 34456 ns, Reaching safepoint: 129567 ns, At safepoint: 22147 ns, Total: 151714 ns
[2020-09-10T16:49:43.295+0000][1][safepoint    ] Safepoint "BulkRevokeBias", Time since last: 37202 ns, Reaching safepoint: 125554 ns, At safepoint: 36101 ns, Total: 161655 ns
[2020-09-10T16:49:43.650+0000][1][safepoint    ] Safepoint "RevokeBias", Time since last: 355074103 ns, Reaching safepoint: 182924 ns, At safepoint: 15035 ns, Total: 197959 ns
[2020-09-10T16:49:43.658+0000][1][safepoint    ] Safepoint "Deoptimize", Time since last: 7493361 ns, Reaching safepoint: 149224 ns, At safepoint: 154645 ns, Total: 303869 ns
[2020-09-10T16:49:43.836+0000][1][safepoint    ] Safepoint "Deoptimize", Time since last: 177129613 ns, Reaching safepoint: 163439 ns, At safepoint: 165256 ns, Total: 328695 ns
[2020-09-10T16:49:43.847+0000][1][safepoint    ] Safepoint "Deoptimize", Time since last: 10699123 ns, Reaching safepoint: 148135 ns, At safepoint: 177360 ns, Total: 325495 ns
[2020-09-10T16:49:44.128+0000][1][safepoint    ] Safepoint "Deoptimize", Time since last: 280882075 ns, Reaching safepoint: 156196 ns, At safepoint: 167098 ns, Total: 323294 ns
[2020-09-10T16:49:44.128+0000][1][safepoint    ] Safepoint "RevokeBias", Time since last: 433587 ns, Reaching safepoint: 137042 ns, At safepoint: 39494 ns, Total: 176536 ns
[2020-09-10T16:49:44.130+0000][1][safepoint    ] Safepoint "Deoptimize", Time since last: 911322 ns, Reaching safepoint: 135895 ns, At safepoint: 159587 ns, Total: 295482 ns
[2020-09-10T16:49:44.383+0000][1][gc,start     ] GC(2) Pause Young (Allocation Failure)
[2020-09-10T16:49:44.383+0000][1][gc,task      ] GC(2) Using 1 workers of 1 for evacuation
[2020-09-10T16:49:44.402+0000][1][gc,age       ] GC(2) Desired survivor size 4358144 bytes, new threshold 2 (max threshold 6)
[2020-09-10T16:49:44.402+0000][1][gc,age       ] GC(2) Age table with threshold 2 (max threshold 6)
[2020-09-10T16:49:44.402+0000][1][gc,age       ] GC(2) - age   1:    3188304 bytes,    3188304 total
[2020-09-10T16:49:44.402+0000][1][gc,age       ] GC(2) - age   2:    1617952 bytes,    4806256 total
[2020-09-10T16:49:44.402+0000][1][gc,heap      ] GC(2) ParNew: 72303K->5110K(76672K)
[2020-09-10T16:49:44.402+0000][1][gc,heap      ] GC(2) CMS: 6752K->6752K(2011968K)
[2020-09-10T16:49:44.402+0000][1][gc,metaspace ] GC(2) Metaspace: 20102K->20102K(1067008K)
[2020-09-10T16:49:44.402+0000][1][gc           ] GC(2) Pause Young (Allocation Failure) 77M->11M(2039M) 19.259ms
[2020-09-10T16:49:44.402+0000][1][gc,cpu       ] GC(2) User=0.02s Sys=0.00s Real=0.02s
[2020-09-10T16:49:44.406+0000][1][safepoint    ] Safepoint "GenCollectForAllocation", Time since last: 252890933 ns, Reaching safepoint: 295157 ns, At safepoint: 23199767 ns, Total: 23494924 ns
[2020-09-10T16:49:44.417+0000][1][safepoint    ] Safepoint "RevokeBias", Time since last: 5200110 ns, Reaching safepoint: 3477857 ns, At safepoint: 2447773 ns, Total: 5925630 ns
[2020-09-10T16:49:44.417+0000][1][safepoint    ] Safepoint "RevokeBias", Time since last: 78348 ns, Reaching safepoint: 96787 ns, At safepoint: 45016 ns, Total: 141803 ns
[2020-09-10T16:49:44.419+0000][1][safepoint    ] Safepoint "RevokeBias", Time since last: 1730293 ns, Reaching safepoint: 97070 ns, At safepoint: 64839 ns, Total: 161909 ns
[2020-09-10T16:49:44.419+0000][1][safepoint    ] Safepoint "RevokeBias", Time since last: 57496 ns, Reaching safepoint: 86817 ns, At safepoint: 53291 ns, Total: 140108 ns
[2020-09-10T16:49:44.420+0000][1][safepoint    ] Safepoint "RevokeBias", Time since last: 54214 ns, Reaching safepoint: 84960 ns, At safepoint: 50509 ns, Total: 135469 ns
[2020-09-10T16:49:44.420+0000][1][safepoint    ] Safepoint "RevokeBias", Time since last: 39724 ns, Reaching safepoint: 81533 ns, At safepoint: 49851 ns, Total: 131384 ns
[2020-09-10T16:49:44.420+0000][1][safepoint    ] Safepoint "RevokeBias", Time since last: 42842 ns, Reaching safepoint: 80562 ns, At safepoint: 45958 ns, Total: 126520 ns
[2020-09-10T16:49:44.420+0000][1][safepoint    ] Safepoint "RevokeBias", Time since last: 36945 ns, Reaching safepoint: 79852 ns, At safepoint: 42745 ns, Total: 122597 ns
[2020-09-10T16:49:44.420+0000][1][safepoint    ] Safepoint "RevokeBias", Time since last: 40107 ns, Reaching safepoint: 79561 ns, At safepoint: 40568 ns, Total: 120129 ns
[2020-09-10T16:49:44.420+0000][1][safepoint    ] Safepoint "RevokeBias", Time since last: 35725 ns, Reaching safepoint: 78765 ns, At safepoint: 38769 ns, Total: 117534 ns
[2020-09-10T16:49:44.421+0000][1][safepoint    ] Safepoint "RevokeBias", Time since last: 39079 ns, Reaching safepoint: 80780 ns, At safepoint: 41107 ns, Total: 121887 ns
[2020-09-10T16:49:44.421+0000][1][safepoint    ] Safepoint "RevokeBias", Time since last: 35317 ns, Reaching safepoint: 80315 ns, At safepoint: 42975 ns, Total: 123290 ns
[2020-09-10T16:49:44.426+0000][1][safepoint    ] Safepoint "RevokeBias", Time since last: 4900078 ns, Reaching safepoint: 239529 ns, At safepoint: 38104 ns, Total: 277633 ns
[2020-09-10T16:49:44.426+0000][1][safepoint    ] Safepoint "RevokeBias", Time since last: 51852 ns, Reaching safepoint: 96298 ns, At safepoint: 31730 ns, Total: 128028 ns
[2020-09-10T16:49:44.426+0000][1][safepoint    ] Safepoint "RevokeBias", Time since last: 152042 ns, Reaching safepoint: 90187 ns, At safepoint: 33297 ns, Total: 123484 ns
[2020-09-10T16:49:44.427+0000][1][safepoint    ] Safepoint "RevokeBias", Time since last: 43756 ns, Reaching safepoint: 81958 ns, At safepoint: 28370 ns, Total: 110328 ns
[2020-09-10T16:49:44.442+0000][1][safepoint    ] Safepoint "RevokeBias", Time since last: 15232692 ns, Reaching safepoint: 176891 ns, At safepoint: 25179 ns, Total: 202070 ns
[2020-09-10T16:49:44.675+0000][1][gc,start     ] GC(3) Pause Young (Allocation Failure)
[2020-09-10T16:49:44.675+0000][1][gc,task      ] GC(3) Using 1 workers of 1 for evacuation
[2020-09-10T16:49:44.696+0000][1][gc,age       ] GC(3) Desired survivor size 4358144 bytes, new threshold 6 (max threshold 6)
[2020-09-10T16:49:44.696+0000][1][gc,age       ] GC(3) Age table with threshold 6 (max threshold 6)
[2020-09-10T16:49:44.696+0000][1][gc,age       ] GC(3) - age   1:    1118136 bytes,    1118136 total
[2020-09-10T16:49:44.696+0000][1][gc,age       ] GC(3) - age   2:    2740288 bytes,    3858424 total
[2020-09-10T16:49:44.696+0000][1][gc,heap      ] GC(3) ParNew: 73270K->3935K(76672K)
[2020-09-10T16:49:44.696+0000][1][gc,heap      ] GC(3) CMS: 6752K->8346K(2011968K)
[2020-09-10T16:49:44.696+0000][1][gc,metaspace ] GC(3) Metaspace: 20349K->20349K(1067008K)
[2020-09-10T16:49:44.696+0000][1][gc           ] GC(3) Pause Young (Allocation Failure) 78M->11M(2039M) 20.806ms
[2020-09-10T16:49:44.696+0000][1][gc,cpu       ] GC(3) User=0.02s Sys=0.00s Real=0.02s
[2020-09-10T16:49:44.703+0000][1][safepoint    ] Safepoint "GenCollectForAllocation", Time since last: 232685110 ns, Reaching safepoint: 136842 ns, At safepoint: 27861801 ns, Total: 27998643 ns
[2020-09-10T16:49:44.707+0000][1][safepoint    ] Safepoint "RevokeBias", Time since last: 4300301 ns, Reaching safepoint: 103918 ns, At safepoint: 25949 ns, Total: 129867 ns
[2020-09-10T16:49:44.709+0000][1][safepoint    ] Safepoint "RevokeBias", Time since last: 1535343 ns, Reaching safepoint: 133533 ns, At safepoint: 39252 ns, Total: 172785 ns
[2020-09-10T16:49:44.711+0000][1][safepoint    ] Safepoint "RevokeBias", Time since last: 1875415 ns, Reaching safepoint: 539874 ns, At safepoint: 41696 ns, Total: 581570 ns
[2020-09-10T16:49:44.712+0000][1][safepoint    ] Safepoint "RevokeBias", Time since last: 45569 ns, Reaching safepoint: 339600 ns, At safepoint: 35364 ns, Total: 374964 ns
[2020-09-10T16:49:44.712+0000][1][safepoint    ] Safepoint "RevokeBias", Time since last: 43437 ns, Reaching safepoint: 123711 ns, At safepoint: 32705 ns, Total: 156416 ns
[2020-09-10T16:49:44.712+0000][1][safepoint    ] Safepoint "RevokeBias", Time since last: 31367 ns, Reaching safepoint: 123370 ns, At safepoint: 32239 ns, Total: 155609 ns
[2020-09-10T16:49:44.917+0000][1][safepoint    ] Safepoint "CollectForMetadataAllocation", Time since last: 205113952 ns, Reaching safepoint: 104427 ns, At safepoint: 67085 ns, Total: 171512 ns
[2020-09-10T16:49:44.987+0000][1][safepoint    ] Safepoint "CollectForMetadataAllocation", Time since last: 69385448 ns, Reaching safepoint: 116893 ns, At safepoint: 124448 ns, Total: 241341 ns
[2020-09-10T16:49:45.019+0000][1][gc,start     ] GC(4) Pause Young (Allocation Failure)
[2020-09-10T16:49:45.019+0000][1][gc,task      ] GC(4) Using 1 workers of 1 for evacuation
[2020-09-10T16:49:45.040+0000][1][gc,age       ] GC(4) Desired survivor size 4358144 bytes, new threshold 3 (max threshold 6)
[2020-09-10T16:49:45.040+0000][1][gc,age       ] GC(4) Age table with threshold 3 (max threshold 6)
[2020-09-10T16:49:45.040+0000][1][gc,age       ] GC(4) - age   1:    2012224 bytes,    2012224 total
[2020-09-10T16:49:45.040+0000][1][gc,age       ] GC(4) - age   2:     319304 bytes,    2331528 total
[2020-09-10T16:49:45.040+0000][1][gc,age       ] GC(4) - age   3:    2738936 bytes,    5070464 total
[2020-09-10T16:49:45.040+0000][1][gc,heap      ] GC(4) ParNew: 72095K->7619K(76672K)
[2020-09-10T16:49:45.040+0000][1][gc,heap      ] GC(4) CMS: 8346K->8346K(2011968K)
[2020-09-10T16:49:45.040+0000][1][gc,metaspace ] GC(4) Metaspace: 20876K->20876K(1069056K)
[2020-09-10T16:49:45.040+0000][1][gc           ] GC(4) Pause Young (Allocation Failure) 78M->15M(2039M) 21.084ms
[2020-09-10T16:49:45.040+0000][1][gc,cpu       ] GC(4) User=0.02s Sys=0.00s Real=0.03s
[2020-09-10T16:49:45.047+0000][1][safepoint    ] Safepoint "GenCollectForAllocation", Time since last: 31486767 ns, Reaching safepoint: 98306 ns, At safepoint: 28118220 ns, Total: 28216526 ns
[2020-09-10T16:49:45.055+0000][1][gc,start     ] GC(5) Pause Initial Mark
[2020-09-10T16:49:45.059+0000][1][gc           ] GC(5) Pause Initial Mark 23M->23M(2039M) 4.050ms
[2020-09-10T16:49:45.059+0000][1][gc,cpu       ] GC(5) User=0.01s Sys=0.00s Real=0.01s
[2020-09-10T16:49:45.059+0000][1][safepoint    ] Safepoint "BulkRevokeBias", Time since last: 7998248 ns, Reaching safepoint: 98508 ns, At safepoint: 4205215 ns, Total: 4303723 ns
[2020-09-10T16:49:45.063+0000][1][gc           ] GC(5) Concurrent Mark
[2020-09-10T16:49:45.071+0000][1][safepoint    ] Safepoint "RevokeBias", Time since last: 7715019 ns, Reaching safepoint: 4058901 ns, At safepoint: 25431 ns, Total: 4084332 ns
[2020-09-10T16:49:45.071+0000][1][safepoint    ] Safepoint "RevokeBias", Time since last: 59526 ns, Reaching safepoint: 77821 ns, At safepoint: 19078 ns, Total: 96899 ns
[2020-09-10T16:49:45.071+0000][1][safepoint    ] Safepoint "RevokeBias", Time since last: 25796 ns, Reaching safepoint: 76442 ns, At safepoint: 16874 ns, Total: 93316 ns
[2020-09-10T16:49:45.071+0000][1][safepoint    ] Safepoint "RevokeBias", Time since last: 27862 ns, Reaching safepoint: 76396 ns, At safepoint: 16340 ns, Total: 92736 ns
[2020-09-10T16:49:45.071+0000][1][safepoint    ] Safepoint "RevokeBias", Time since last: 23152 ns, Reaching safepoint: 75724 ns, At safepoint: 16358 ns, Total: 92082 ns
[2020-09-10T16:49:45.102+0000][1][gc           ] GC(5) Concurrent Mark 39.620ms
[2020-09-10T16:49:45.102+0000][1][gc,cpu       ] GC(5) User=0.03s Sys=0.01s Real=0.04s
[2020-09-10T16:49:45.102+0000][1][gc           ] GC(5) Concurrent Preclean
[2020-09-10T16:49:45.110+0000][1][gc           ] GC(5) Concurrent Preclean 7.737ms
[2020-09-10T16:49:45.110+0000][1][gc,cpu       ] GC(5) User=0.01s Sys=0.00s Real=0.01s
[2020-09-10T16:49:45.110+0000][1][gc           ] GC(5) Concurrent Abortable Preclean
[2020-09-10T16:49:45.228+0000][1][safepoint    ] Safepoint "CollectForMetadataAllocation", Time since last: 156064064 ns, Reaching safepoint: 103952 ns, At safepoint: 124839 ns, Total: 228791 ns
[2020-09-10T16:49:45.235+0000][1][safepoint    ] Safepoint "RevokeBias", Time since last: 3573261 ns, Reaching safepoint: 3610146 ns, At safepoint: 14651 ns, Total: 3624797 ns
[2020-09-10T16:49:45.237+0000][1][safepoint    ] Safepoint "Deoptimize", Time since last: 2031294 ns, Reaching safepoint: 90151 ns, At safepoint: 186895 ns, Total: 277046 ns
[2020-09-10T16:49:45.266+0000][1][safepoint    ] Safepoint "RevokeBias", Time since last: 25580144 ns, Reaching safepoint: 3177082 ns, At safepoint: 34915 ns, Total: 3211997 ns
[2020-09-10T16:49:45.287+0000][1][safepoint    ] Safepoint "RevokeBias", Time since last: 20787426 ns, Reaching safepoint: 101812 ns, At safepoint: 37189 ns, Total: 139001 ns
[2020-09-10T16:49:45.299+0000][1][safepoint    ] Safepoint "RevokeBias", Time since last: 11865696 ns, Reaching safepoint: 53646 ns, At safepoint: 34645 ns, Total: 88291 ns
[2020-09-10T16:49:45.306+0000][1][safepoint    ] Safepoint "RevokeBias", Time since last: 7206012 ns, Reaching safepoint: 53125 ns, At safepoint: 37399 ns, Total: 90524 ns
[2020-09-10T16:49:45.329+0000][1][safepoint    ] Safepoint "RevokeBias", Time since last: 12512623 ns, Reaching safepoint: 9885903 ns, At safepoint: 36555 ns, Total: 9922458 ns
[2020-09-10T16:49:45.336+0000][1][safepoint    ] Safepoint "RevokeBias", Time since last: 7074136 ns, Reaching safepoint: 93545 ns, At safepoint: 30595 ns, Total: 124140 ns
[2020-09-10T16:49:45.347+0000][1][safepoint    ] Safepoint "RevokeBias", Time since last: 10972106 ns, Reaching safepoint: 56304 ns, At safepoint: 35458 ns, Total: 91762 ns
[2020-09-10T16:49:45.371+0000][1][safepoint    ] Safepoint "RevokeBias", Time since last: 19885601 ns, Reaching safepoint: 4063806 ns, At safepoint: 35504 ns, Total: 4099310 ns
[2020-09-10T16:49:45.373+0000][1][safepoint    ] Safepoint "RevokeBias", Time since last: 2260662 ns, Reaching safepoint: 81208 ns, At safepoint: 25273 ns, Total: 106481 ns
[2020-09-10T16:49:45.387+0000][1][safepoint    ] Safepoint "Deoptimize", Time since last: 13412550 ns, Reaching safepoint: 120756 ns, At safepoint: 193984 ns, Total: 314740 ns
[2020-09-10T16:49:45.404+0000][1][safepoint    ] Safepoint "RevokeBias", Time since last: 16992141 ns, Reaching safepoint: 51057 ns, At safepoint: 23423 ns, Total: 74480 ns
[2020-09-10T16:49:45.453+0000][1][gc,start     ] GC(6) Pause Young (Allocation Failure)
[2020-09-10T16:49:45.453+0000][1][gc,task      ] GC(6) Using 1 workers of 1 for evacuation
[2020-09-10T16:49:45.497+0000][1][gc,age       ] GC(6) Desired survivor size 4358144 bytes, new threshold 6 (max threshold 6)
[2020-09-10T16:49:45.497+0000][1][gc,age       ] GC(6) Age table with threshold 6 (max threshold 6)
[2020-09-10T16:49:45.497+0000][1][gc,age       ] GC(6) - age   1:    1768656 bytes,    1768656 total
[2020-09-10T16:49:45.497+0000][1][gc,age       ] GC(6) - age   2:    1252192 bytes,    3020848 total
[2020-09-10T16:49:45.497+0000][1][gc,age       ] GC(6) - age   3:     319304 bytes,    3340152 total
[2020-09-10T16:49:45.497+0000][1][gc,heap      ] GC(6) ParNew: 75779K->4666K(76672K)
[2020-09-10T16:49:45.497+0000][1][gc,heap      ] GC(6) CMS: 8346K->11043K(2011968K)
[2020-09-10T16:49:45.497+0000][1][gc,metaspace ] GC(6) Metaspace: 21195K->21195K(1069056K)
[2020-09-10T16:49:45.498+0000][1][gc           ] GC(6) Pause Young (Allocation Failure) 82M->15M(2039M) 44.468ms
[2020-09-10T16:49:45.498+0000][1][gc,cpu       ] GC(6) User=0.04s Sys=0.00s Real=0.04s
[2020-09-10T16:49:45.503+0000][1][safepoint    ] Safepoint "GenCollectForAllocation", Time since last: 49028912 ns, Reaching safepoint: 98519 ns, At safepoint: 49623896 ns, Total: 49722415 ns
[2020-09-10T16:49:45.511+0000][1][safepoint    ] Safepoint "RevokeBias", Time since last: 4567192 ns, Reaching safepoint: 3534627 ns, At safepoint: 27245 ns, Total: 3561872 ns
[2020-09-10T16:49:45.511+0000][1][safepoint    ] Safepoint "RevokeBias", Time since last: 401323 ns, Reaching safepoint: 80797 ns, At safepoint: 25471 ns, Total: 106268 ns
[2020-09-10T16:49:45.511+0000][1][safepoint    ] Safepoint "RevokeBias", Time since last: 35774 ns, Reaching safepoint: 78072 ns, At safepoint: 23830 ns, Total: 101902 ns
[2020-09-10T16:49:45.512+0000][1][safepoint    ] Safepoint "RevokeBias", Time since last: 24611 ns, Reaching safepoint: 76413 ns, At safepoint: 22721 ns, Total: 99134 ns
[2020-09-10T16:49:45.512+0000][1][safepoint    ] Safepoint "RevokeBias", Time since last: 27394 ns, Reaching safepoint: 76081 ns, At safepoint: 14533 ns, Total: 90614 ns
[2020-09-10T16:49:45.512+0000][1][safepoint    ] Safepoint "RevokeBias", Time since last: 22823 ns, Reaching safepoint: 76111 ns, At safepoint: 22788 ns, Total: 98899 ns
[2020-09-10T16:49:45.571+0000][1][safepoint    ] Safepoint "RevokeBias", Time since last: 58902562 ns, Reaching safepoint: 39083 ns, At safepoint: 25050 ns, Total: 64133 ns
[2020-09-10T16:49:45.578+0000][1][safepoint    ] Safepoint "RevokeBias", Time since last: 3882398 ns, Reaching safepoint: 3070043 ns, At safepoint: 31419 ns, Total: 3101462 ns
[2020-09-10T16:49:45.675+0000][1][safepoint    ] Safepoint "RevokeBias", Time since last: 97303218 ns, Reaching safepoint: 101822 ns, At safepoint: 26488 ns, Total: 128310 ns
[2020-09-10T16:49:45.690+0000][1][safepoint    ] Safepoint "RevokeBias", Time since last: 14990944 ns, Reaching safepoint: 154842 ns, At safepoint: 31604 ns, Total: 186446 ns
[2020-09-10T16:49:45.699+0000][1][safepoint    ] Safepoint "CollectForMetadataAllocation", Time since last: 8313774 ns, Reaching safepoint: 99500 ns, At safepoint: 110705 ns, Total: 210205 ns
[2020-09-10T16:49:45.699+0000][1][gc           ] GC(5) Concurrent Abortable Preclean 588.736ms
[2020-09-10T16:49:45.699+0000][1][gc,cpu       ] GC(5) User=0.56s Sys=0.02s Real=0.59s
[2020-09-10T16:49:45.701+0000][1][gc,start     ] GC(5) Pause Remark
[2020-09-10T16:49:45.723+0000][1][gc           ] GC(5) Pause Remark 70M->70M(2039M) 21.780ms
[2020-09-10T16:49:45.723+0000][1][gc,cpu       ] GC(5) User=0.02s Sys=0.00s Real=0.02s
[2020-09-10T16:49:45.735+0000][1][safepoint    ] Safepoint "CMS_Final_Remark", Time since last: 1636622 ns, Reaching safepoint: 231002 ns, At safepoint: 33779224 ns, Total: 34010226 ns
[2020-09-10T16:49:45.735+0000][1][gc           ] GC(5) Concurrent Sweep
[2020-09-10T16:49:45.738+0000][1][gc           ] GC(5) Concurrent Sweep 3.131ms
[2020-09-10T16:49:45.738+0000][1][gc,cpu       ] GC(5) User=0.00s Sys=0.00s Real=0.00s
[2020-09-10T16:49:45.738+0000][1][gc           ] GC(5) Concurrent Reset
[2020-09-10T16:49:45.745+0000][1][gc           ] GC(5) Concurrent Reset 6.704ms
[2020-09-10T16:49:45.745+0000][1][gc,cpu       ] GC(5) User=0.01s Sys=0.00s Real=0.01s
[2020-09-10T16:49:45.745+0000][1][gc,heap      ] GC(5) Old: 8346K->11041K(2011968K)
[2020-09-10T16:49:45.769+0000][1][gc,start     ] GC(7) Pause Young (Allocation Failure)
[2020-09-10T16:49:45.769+0000][1][gc,task      ] GC(7) Using 1 workers of 1 for evacuation
[2020-09-10T16:49:45.787+0000][1][gc,age       ] GC(7) Desired survivor size 4358144 bytes, new threshold 6 (max threshold 6)
[2020-09-10T16:49:45.787+0000][1][gc,age       ] GC(7) Age table with threshold 6 (max threshold 6)
[2020-09-10T16:49:45.787+0000][1][gc,age       ] GC(7) - age   1:    1223872 bytes,    1223872 total
[2020-09-10T16:49:45.787+0000][1][gc,age       ] GC(7) - age   2:    1526008 bytes,    2749880 total
[2020-09-10T16:49:45.787+0000][1][gc,age       ] GC(7) - age   3:    1251648 bytes,    4001528 total
[2020-09-10T16:49:45.787+0000][1][gc,age       ] GC(7) - age   4:     319304 bytes,    4320832 total
[2020-09-10T16:49:45.788+0000][1][gc,heap      ] GC(7) ParNew: 72826K->7225K(76672K)
[2020-09-10T16:49:45.788+0000][1][gc,heap      ] GC(7) CMS: 11041K->11041K(2011968K)
[2020-09-10T16:49:45.788+0000][1][gc,metaspace ] GC(7) Metaspace: 21297K->21297K(1069056K)
[2020-09-10T16:49:45.788+0000][1][gc           ] GC(7) Pause Young (Allocation Failure) 81M->17M(2039M) 18.605ms
[2020-09-10T16:49:45.788+0000][1][gc,cpu       ] GC(7) User=0.02s Sys=0.00s Real=0.02s
[2020-09-10T16:49:45.791+0000][1][safepoint    ] Safepoint "GenCollectForAllocation", Time since last: 33966562 ns, Reaching safepoint: 452451 ns, At safepoint: 21734069 ns, Total: 22186520 ns
[2020-09-10T16:49:45.799+0000][1][safepoint    ] Safepoint "RevokeBias", Time since last: 3978098 ns, Reaching safepoint: 4360254 ns, At safepoint: 72986 ns, Total: 4433240 ns
[2020-09-10T16:49:45.799+0000][1][safepoint    ] Safepoint "RevokeBias", Time since last: 55143 ns, Reaching safepoint: 123944 ns, At safepoint: 17919 ns, Total: 141863 ns
[2020-09-10T16:49:45.799+0000][1][safepoint    ] Safepoint "RevokeBias", Time since last: 54076 ns, Reaching safepoint: 79957 ns, At safepoint: 23999 ns, Total: 103956 ns
[2020-09-10T16:49:45.800+0000][1][safepoint    ] Safepoint "BulkRevokeBias", Time since last: 29342 ns, Reaching safepoint: 84792 ns, At safepoint: 40341 ns, Total: 125133 ns
[2020-09-10T16:49:46.009+0000][1][gc,start     ] GC(8) Pause Young (Allocation Failure)
[2020-09-10T16:49:46.009+0000][1][gc,task      ] GC(8) Using 1 workers of 1 for evacuation
[2020-09-10T16:49:46.032+0000][1][gc,age       ] GC(8) Desired survivor size 4358144 bytes, new threshold 4 (max threshold 6)
[2020-09-10T16:49:46.032+0000][1][gc,age       ] GC(8) Age table with threshold 4 (max threshold 6)
[2020-09-10T16:49:46.032+0000][1][gc,age       ] GC(8) - age   1:    1384160 bytes,    1384160 total
[2020-09-10T16:49:46.032+0000][1][gc,age       ] GC(8) - age   2:     445704 bytes,    1829864 total
[2020-09-10T16:49:46.032+0000][1][gc,age       ] GC(8) - age   3:    1524072 bytes,    3353936 total
[2020-09-10T16:49:46.032+0000][1][gc,age       ] GC(8) - age   4:    1250992 bytes,    4604928 total
[2020-09-10T16:49:46.032+0000][1][gc,age       ] GC(8) - age   5:     319304 bytes,    4924232 total
[2020-09-10T16:49:46.032+0000][1][gc,heap      ] GC(8) ParNew: 75385K->4971K(76672K)
[2020-09-10T16:49:46.032+0000][1][gc,heap      ] GC(8) CMS: 11041K->11041K(2011968K)
[2020-09-10T16:49:46.032+0000][1][gc,metaspace ] GC(8) Metaspace: 21477K->21477K(1069056K)
[2020-09-10T16:49:46.032+0000][1][gc           ] GC(8) Pause Young (Allocation Failure) 84M->15M(2039M) 23.242ms
[2020-09-10T16:49:46.032+0000][1][gc,cpu       ] GC(8) User=0.02s Sys=0.00s Real=0.02s
[2020-09-10T16:49:46.039+0000][1][safepoint    ] Safepoint "GenCollectForAllocation", Time since last: 209092981 ns, Reaching safepoint: 104236 ns, At safepoint: 29872201 ns, Total: 29976437 ns
[2020-09-10T16:49:46.043+0000][1][safepoint    ] Safepoint "BulkRevokeBias", Time since last: 3989882 ns, Reaching safepoint: 93122 ns, At safepoint: 53694 ns, Total: 146816 ns
[2020-09-10T16:49:46.194+0000][1][gc,start     ] GC(9) Pause Young (Allocation Failure)
[2020-09-10T16:49:46.194+0000][1][gc,task      ] GC(9) Using 1 workers of 1 for evacuation
[2020-09-10T16:49:46.216+0000][1][gc,age       ] GC(9) Desired survivor size 4358144 bytes, new threshold 4 (max threshold 6)
[2020-09-10T16:49:46.216+0000][1][gc,age       ] GC(9) Age table with threshold 4 (max threshold 6)
[2020-09-10T16:49:46.216+0000][1][gc,age       ] GC(9) - age   1:    2074832 bytes,    2074832 total
[2020-09-10T16:49:46.216+0000][1][gc,age       ] GC(9) - age   2:     829384 bytes,    2904216 total
[2020-09-10T16:49:46.216+0000][1][gc,age       ] GC(9) - age   3:     445624 bytes,    3349840 total
[2020-09-10T16:49:46.216+0000][1][gc,age       ] GC(9) - age   4:    1524072 bytes,    4873912 total
[2020-09-10T16:49:46.216+0000][1][gc,heap      ] GC(9) ParNew: 73131K->8456K(76672K)
[2020-09-10T16:49:46.216+0000][1][gc,heap      ] GC(9) CMS: 11041K->12592K(2011968K)
[2020-09-10T16:49:46.216+0000][1][gc,metaspace ] GC(9) Metaspace: 21567K->21567K(1069056K)
[2020-09-10T16:49:46.216+0000][1][gc           ] GC(9) Pause Young (Allocation Failure) 82M->20M(2039M) 22.091ms
[2020-09-10T16:49:46.216+0000][1][gc,cpu       ] GC(9) User=0.02s Sys=0.00s Real=0.02s
[2020-09-10T16:49:46.221+0000][1][safepoint    ] Safepoint "GenCollectForAllocation", Time since last: 151369831 ns, Reaching safepoint: 101010 ns, At safepoint: 26780838 ns, Total: 26881848 ns
[2020-09-10T16:49:46.403+0000][1][gc,start     ] GC(10) Pause Young (Allocation Failure)
[2020-09-10T16:49:46.403+0000][1][gc,task      ] GC(10) Using 1 workers of 1 for evacuation
[2020-09-10T16:49:46.438+0000][1][gc,age       ] GC(10) Desired survivor size 4358144 bytes, new threshold 6 (max threshold 6)
[2020-09-10T16:49:46.438+0000][1][gc,age       ] GC(10) Age table with threshold 6 (max threshold 6)
[2020-09-10T16:49:46.438+0000][1][gc,age       ] GC(10) - age   1:     167904 bytes,     167904 total
[2020-09-10T16:49:46.438+0000][1][gc,age       ] GC(10) - age   2:     112832 bytes,     280736 total
[2020-09-10T16:49:46.438+0000][1][gc,age       ] GC(10) - age   3:     829384 bytes,    1110120 total
[2020-09-10T16:49:46.438+0000][1][gc,age       ] GC(10) - age   4:     445624 bytes,    1555744 total
[2020-09-10T16:49:46.438+0000][1][gc,heap      ] GC(10) ParNew: 76616K->2841K(76672K)
[2020-09-10T16:49:46.438+0000][1][gc,heap      ] GC(10) CMS: 12592K->14092K(2011968K)
[2020-09-10T16:49:46.438+0000][1][gc,metaspace ] GC(10) Metaspace: 21714K->21714K(1069056K)
[2020-09-10T16:49:46.438+0000][1][gc           ] GC(10) Pause Young (Allocation Failure) 87M->16M(2039M) 35.439ms
[2020-09-10T16:49:46.438+0000][1][gc,cpu       ] GC(10) User=0.04s Sys=0.00s Real=0.03s
[2020-09-10T16:49:46.443+0000][1][safepoint    ] Safepoint "GenCollectForAllocation", Time since last: 181630050 ns, Reaching safepoint: 120788 ns, At safepoint: 39832278 ns, Total: 39953066 ns
[2020-09-10T16:49:46.723+0000][1][gc,start     ] GC(11) Pause Young (Allocation Failure)
[2020-09-10T16:49:46.724+0000][1][gc,task      ] GC(11) Using 1 workers of 1 for evacuation
[2020-09-10T16:49:46.740+0000][1][gc,age       ] GC(11) Desired survivor size 4358144 bytes, new threshold 6 (max threshold 6)
[2020-09-10T16:49:46.740+0000][1][gc,age       ] GC(11) Age table with threshold 6 (max threshold 6)
[2020-09-10T16:49:46.740+0000][1][gc,age       ] GC(11) - age   1:    1883800 bytes,    1883800 total
[2020-09-10T16:49:46.740+0000][1][gc,age       ] GC(11) - age   2:     148416 bytes,    2032216 total
[2020-09-10T16:49:46.740+0000][1][gc,age       ] GC(11) - age   3:     112832 bytes,    2145048 total
[2020-09-10T16:49:46.740+0000][1][gc,age       ] GC(11) - age   4:     829384 bytes,    2974432 total
[2020-09-10T16:49:46.740+0000][1][gc,age       ] GC(11) - age   5:     445600 bytes,    3420032 total
[2020-09-10T16:49:46.740+0000][1][gc,heap      ] GC(11) ParNew: 71001K->4008K(76672K)
[2020-09-10T16:49:46.740+0000][1][gc,heap      ] GC(11) CMS: 14092K->14092K(2011968K)
[2020-09-10T16:49:46.740+0000][1][gc,metaspace ] GC(11) Metaspace: 22627K->22627K(1071104K)
[2020-09-10T16:49:46.740+0000][1][gc           ] GC(11) Pause Young (Allocation Failure) 83M->17M(2039M) 16.995ms
[2020-09-10T16:49:46.740+0000][1][gc,cpu       ] GC(11) User=0.02s Sys=0.00s Real=0.02s
[2020-09-10T16:49:46.744+0000][1][safepoint    ] Safepoint "GenCollectForAllocation", Time since last: 280707501 ns, Reaching safepoint: 98952 ns, At safepoint: 20633987 ns, Total: 20732939 ns
[2020-09-10T16:49:46.899+0000][1][gc,start     ] GC(12) Pause Young (Allocation Failure)
[2020-09-10T16:49:46.899+0000][1][gc,task      ] GC(12) Using 1 workers of 1 for evacuation
[2020-09-10T16:49:46.915+0000][1][gc,age       ] GC(12) Desired survivor size 4358144 bytes, new threshold 6 (max threshold 6)
[2020-09-10T16:49:46.917+0000][1][gc,age       ] GC(12) Age table with threshold 6 (max threshold 6)
[2020-09-10T16:49:46.917+0000][1][gc,age       ] GC(12) - age   1:     391944 bytes,     391944 total
[2020-09-10T16:49:46.917+0000][1][gc,age       ] GC(12) - age   2:     832712 bytes,    1224656 total
[2020-09-10T16:49:46.917+0000][1][gc,age       ] GC(12) - age   3:     148416 bytes,    1373072 total
[2020-09-10T16:49:46.917+0000][1][gc,age       ] GC(12) - age   4:     112728 bytes,    1485800 total
[2020-09-10T16:49:46.917+0000][1][gc,age       ] GC(12) - age   5:     829096 bytes,    2314896 total
[2020-09-10T16:49:46.917+0000][1][gc,age       ] GC(12) - age   6:     445600 bytes,    2760496 total
[2020-09-10T16:49:46.917+0000][1][gc,heap      ] GC(12) ParNew: 72168K->2698K(76672K)
[2020-09-10T16:49:46.917+0000][1][gc,heap      ] GC(12) CMS: 14092K->14092K(2011968K)
[2020-09-10T16:49:46.917+0000][1][gc,metaspace ] GC(12) Metaspace: 22649K->22649K(1071104K)
[2020-09-10T16:49:46.917+0000][1][gc           ] GC(12) Pause Young (Allocation Failure) 84M->16M(2039M) 18.535ms
[2020-09-10T16:49:46.917+0000][1][gc,cpu       ] GC(12) User=0.02s Sys=0.00s Real=0.01s
[2020-09-10T16:49:46.920+0000][1][safepoint    ] Safepoint "GenCollectForAllocation", Time since last: 154592975 ns, Reaching safepoint: 106986 ns, At safepoint: 21656726 ns, Total: 21763712 ns
[2020-09-10T16:49:47.059+0000][1][gc,start     ] GC(13) Pause Young (Allocation Failure)
[2020-09-10T16:49:47.059+0000][1][gc,task      ] GC(13) Using 1 workers of 1 for evacuation
[2020-09-10T16:49:47.077+0000][1][gc,age       ] GC(13) Desired survivor size 4358144 bytes, new threshold 6 (max threshold 6)
[2020-09-10T16:49:47.077+0000][1][gc,age       ] GC(13) Age table with threshold 6 (max threshold 6)
[2020-09-10T16:49:47.077+0000][1][gc,age       ] GC(13) - age   1:    1827728 bytes,    1827728 total
[2020-09-10T16:49:47.077+0000][1][gc,age       ] GC(13) - age   2:     207312 bytes,    2035040 total
[2020-09-10T16:49:47.077+0000][1][gc,age       ] GC(13) - age   3:     832600 bytes,    2867640 total
[2020-09-10T16:49:47.077+0000][1][gc,age       ] GC(13) - age   4:     148416 bytes,    3016056 total
[2020-09-10T16:49:47.077+0000][1][gc,age       ] GC(13) - age   5:     112728 bytes,    3128784 total
[2020-09-10T16:49:47.077+0000][1][gc,age       ] GC(13) - age   6:     829096 bytes,    3957880 total
[2020-09-10T16:49:47.077+0000][1][gc,heap      ] GC(13) ParNew: 70858K->5393K(76672K)
[2020-09-10T16:49:47.077+0000][1][gc,heap      ] GC(13) CMS: 14092K->14531K(2011968K)
[2020-09-10T16:49:47.077+0000][1][gc,metaspace ] GC(13) Metaspace: 22664K->22664K(1071104K)
[2020-09-10T16:49:47.077+0000][1][gc           ] GC(13) Pause Young (Allocation Failure) 82M->19M(2039M) 18.189ms
[2020-09-10T16:49:47.077+0000][1][gc,cpu       ] GC(13) User=0.02s Sys=0.00s Real=0.01s
[2020-09-10T16:49:47.087+0000][1][safepoint    ] Safepoint "GenCollectForAllocation", Time since last: 138429796 ns, Reaching safepoint: 108050 ns, At safepoint: 27773621 ns, Total: 27881671 ns
[2020-09-10T16:49:47.263+0000][1][gc,start     ] GC(14) Pause Young (Allocation Failure)
[2020-09-10T16:49:47.263+0000][1][gc,task      ] GC(14) Using 1 workers of 1 for evacuation
[2020-09-10T16:49:47.282+0000][1][gc,age       ] GC(14) Desired survivor size 4358144 bytes, new threshold 6 (max threshold 6)
[2020-09-10T16:49:47.282+0000][1][gc,age       ] GC(14) Age table with threshold 6 (max threshold 6)
[2020-09-10T16:49:47.282+0000][1][gc,age       ] GC(14) - age   1:    1126448 bytes,    1126448 total
[2020-09-10T16:49:47.282+0000][1][gc,age       ] GC(14) - age   2:      68224 bytes,    1194672 total
[2020-09-10T16:49:47.282+0000][1][gc,age       ] GC(14) - age   3:     207312 bytes,    1401984 total
[2020-09-10T16:49:47.282+0000][1][gc,age       ] GC(14) - age   4:     832600 bytes,    2234584 total
[2020-09-10T16:49:47.282+0000][1][gc,age       ] GC(14) - age   5:     148416 bytes,    2383000 total
[2020-09-10T16:49:47.282+0000][1][gc,age       ] GC(14) - age   6:     112728 bytes,    2495728 total
[2020-09-10T16:49:47.282+0000][1][gc,heap      ] GC(14) ParNew: 73553K->3572K(76672K)
[2020-09-10T16:49:47.282+0000][1][gc,heap      ] GC(14) CMS: 14531K->15347K(2011968K)
[2020-09-10T16:49:47.282+0000][1][gc,metaspace ] GC(14) Metaspace: 22836K->22836K(1071104K)
[2020-09-10T16:49:47.283+0000][1][gc           ] GC(14) Pause Young (Allocation Failure) 86M->18M(2039M) 19.773ms
[2020-09-10T16:49:47.283+0000][1][gc,cpu       ] GC(14) User=0.02s Sys=0.00s Real=0.02s
[2020-09-10T16:49:47.287+0000][1][safepoint    ] Safepoint "GenCollectForAllocation", Time since last: 175860646 ns, Reaching safepoint: 106019 ns, At safepoint: 23958768 ns, Total: 24064787 ns
[2020-09-10T16:49:47.441+0000][1][gc,start     ] GC(15) Pause Young (Allocation Failure)
[2020-09-10T16:49:47.441+0000][1][gc,task      ] GC(15) Using 1 workers of 1 for evacuation
[2020-09-10T16:49:47.465+0000][1][gc,age       ] GC(15) Desired survivor size 4358144 bytes, new threshold 6 (max threshold 6)
[2020-09-10T16:49:47.465+0000][1][gc,age       ] GC(15) Age table with threshold 6 (max threshold 6)
[2020-09-10T16:49:47.465+0000][1][gc,age       ] GC(15) - age   1:    2121560 bytes,    2121560 total
[2020-09-10T16:49:47.465+0000][1][gc,age       ] GC(15) - age   2:     347048 bytes,    2468608 total
[2020-09-10T16:49:47.465+0000][1][gc,age       ] GC(15) - age   3:      68224 bytes,    2536832 total
[2020-09-10T16:49:47.465+0000][1][gc,age       ] GC(15) - age   4:     207312 bytes,    2744144 total
[2020-09-10T16:49:47.465+0000][1][gc,age       ] GC(15) - age   5:     832600 bytes,    3576744 total
[2020-09-10T16:49:47.465+0000][1][gc,age       ] GC(15) - age   6:     148416 bytes,    3725160 total
[2020-09-10T16:49:47.465+0000][1][gc,heap      ] GC(15) ParNew: 71732K->5442K(76672K)
[2020-09-10T16:49:47.465+0000][1][gc,heap      ] GC(15) CMS: 15347K->15461K(2011968K)
[2020-09-10T16:49:47.465+0000][1][gc,metaspace ] GC(15) Metaspace: 22920K->22920K(1071104K)
[2020-09-10T16:49:47.465+0000][1][gc           ] GC(15) Pause Young (Allocation Failure) 85M->20M(2039M) 24.099ms
[2020-09-10T16:49:47.465+0000][1][gc,cpu       ] GC(15) User=0.02s Sys=0.00s Real=0.02s
[2020-09-10T16:49:47.469+0000][1][safepoint    ] Safepoint "GenCollectForAllocation", Time since last: 154122799 ns, Reaching safepoint: 100123 ns, At safepoint: 28125470 ns, Total: 28225593 ns
[2020-09-10T16:49:47.611+0000][1][gc,start     ] GC(16) Pause Young (Allocation Failure)
[2020-09-10T16:49:47.611+0000][1][gc,task      ] GC(16) Using 1 workers of 1 for evacuation
[2020-09-10T16:49:47.633+0000][1][gc,age       ] GC(16) Desired survivor size 4358144 bytes, new threshold 6 (max threshold 6)
[2020-09-10T16:49:47.634+0000][1][gc,age       ] GC(16) Age table with threshold 6 (max threshold 6)
[2020-09-10T16:49:47.634+0000][1][gc,age       ] GC(16) - age   1:    1330344 bytes,    1330344 total
[2020-09-10T16:49:47.634+0000][1][gc,age       ] GC(16) - age   2:     107896 bytes,    1438240 total
[2020-09-10T16:49:47.634+0000][1][gc,age       ] GC(16) - age   3:     347048 bytes,    1785288 total
[2020-09-10T16:49:47.634+0000][1][gc,age       ] GC(16) - age   4:      68224 bytes,    1853512 total
[2020-09-10T16:49:47.634+0000][1][gc,age       ] GC(16) - age   5:     207160 bytes,    2060672 total
[2020-09-10T16:49:47.634+0000][1][gc,age       ] GC(16) - age   6:     832600 bytes,    2893272 total
[2020-09-10T16:49:47.634+0000][1][gc,heap      ] GC(16) ParNew: 73602K->3408K(76672K)
[2020-09-10T16:49:47.634+0000][1][gc,heap      ] GC(16) CMS: 15461K->15610K(2011968K)
[2020-09-10T16:49:47.634+0000][1][gc,metaspace ] GC(16) Metaspace: 22940K->22940K(1071104K)
[2020-09-10T16:49:47.634+0000][1][gc           ] GC(16) Pause Young (Allocation Failure) 86M->18M(2039M) 23.667ms
[2020-09-10T16:49:47.634+0000][1][gc,cpu       ] GC(16) User=0.02s Sys=0.00s Real=0.02s
[2020-09-10T16:49:47.639+0000][1][safepoint    ] Safepoint "GenCollectForAllocation", Time since last: 141639540 ns, Reaching safepoint: 107330 ns, At safepoint: 27912891 ns, Total: 28020221 ns
[2020-09-10T16:49:47.671+0000][1][safepoint    ] Safepoint "Deoptimize", Time since last: 32182388 ns, Reaching safepoint: 151411 ns, At safepoint: 230907 ns, Total: 382318 ns
[2020-09-10T16:49:47.707+0000][1][safepoint    ] Safepoint "RevokeBias", Time since last: 35555395 ns, Reaching safepoint: 153447 ns, At safepoint: 16132 ns, Total: 169579 ns
[2020-09-10T16:49:47.791+0000][1][safepoint    ] Safepoint "Deoptimize", Time since last: 83441965 ns, Reaching safepoint: 162297 ns, At safepoint: 252739 ns, Total: 415036 ns
[2020-09-10T16:49:47.836+0000][1][safepoint    ] Safepoint "RevokeBias", Time since last: 42551804 ns, Reaching safepoint: 2949796 ns, At safepoint: 17051 ns, Total: 2966847 ns
[2020-09-10T16:49:47.837+0000][1][safepoint    ] Safepoint "RevokeBias", Time since last: 111175 ns, Reaching safepoint: 85308 ns, At safepoint: 11885 ns, Total: 97193 ns
[2020-09-10T16:49:47.837+0000][1][safepoint    ] Safepoint "RevokeBias", Time since last: 90408 ns, Reaching safepoint: 128060 ns, At safepoint: 10695 ns, Total: 138755 ns
[2020-09-10T16:49:47.837+0000][1][safepoint    ] Safepoint "RevokeBias", Time since last: 64615 ns, Reaching safepoint: 84845 ns, At safepoint: 11431 ns, Total: 96276 ns
[2020-09-10T16:49:47.838+0000][1][safepoint    ] Safepoint "RevokeBias", Time since last: 416517 ns, Reaching safepoint: 135421 ns, At safepoint: 11302 ns, Total: 146723 ns
[2020-09-10T16:49:47.839+0000][1][safepoint    ] Safepoint "RevokeBias", Time since last: 896909 ns, Reaching safepoint: 129153 ns, At safepoint: 10549 ns, Total: 139702 ns
[2020-09-10T16:49:47.839+0000][1][safepoint    ] Safepoint "BulkRevokeBias", Time since last: 227959 ns, Reaching safepoint: 131166 ns, At safepoint: 42811 ns, Total: 173977 ns
[2020-09-10T16:49:47.841+0000][1][safepoint    ] Safepoint "RevokeBias", Time since last: 2170822 ns, Reaching safepoint: 114110 ns, At safepoint: 12978 ns, Total: 127088 ns
[2020-09-10T16:49:47.842+0000][1][safepoint    ] Safepoint "RevokeBias", Time since last: 454524 ns, Reaching safepoint: 84330 ns, At safepoint: 10652 ns, Total: 94982 ns
[2020-09-10T16:49:47.843+0000][1][safepoint    ] Safepoint "RevokeBias", Time since last: 816603 ns, Reaching safepoint: 36561 ns, At safepoint: 12605 ns, Total: 49166 ns
[2020-09-10T16:49:47.843+0000][1][safepoint    ] Safepoint "RevokeBias", Time since last: 71858 ns, Reaching safepoint: 80431 ns, At safepoint: 10184 ns, Total: 90615 ns
[2020-09-10T16:49:47.843+0000][1][safepoint    ] Safepoint "RevokeBias", Time since last: 68362 ns, Reaching safepoint: 81351 ns, At safepoint: 9836 ns, Total: 91187 ns
[2020-09-10T16:49:47.843+0000][1][safepoint    ] Safepoint "RevokeBias", Time since last: 41670 ns, Reaching safepoint: 77876 ns, At safepoint: 9593 ns, Total: 87469 ns
[2020-09-10T16:49:47.843+0000][1][safepoint    ] Safepoint "RevokeBias", Time since last: 97520 ns, Reaching safepoint: 80464 ns, At safepoint: 10083 ns, Total: 90547 ns
[2020-09-10T16:49:47.843+0000][1][safepoint    ] Safepoint "RevokeBias", Time since last: 53349 ns, Reaching safepoint: 76181 ns, At safepoint: 8855 ns, Total: 85036 ns
[2020-09-10T16:49:47.844+0000][1][safepoint    ] Safepoint "RevokeBias", Time since last: 33259 ns, Reaching safepoint: 76452 ns, At safepoint: 8876 ns, Total: 85328 ns
[2020-09-10T16:49:47.845+0000][1][safepoint    ] Safepoint "RevokeBias", Time since last: 1096545 ns, Reaching safepoint: 84525 ns, At safepoint: 9289 ns, Total: 93814 ns
[2020-09-10T16:49:47.845+0000][1][safepoint    ] Safepoint "RevokeBias", Time since last: 77180 ns, Reaching safepoint: 81928 ns, At safepoint: 8270 ns, Total: 90198 ns
[2020-09-10T16:49:47.847+0000][1][safepoint    ] Safepoint "RevokeBias", Time since last: 1740552 ns, Reaching safepoint: 85756 ns, At safepoint: 11028 ns, Total: 96784 ns
[2020-09-10T16:49:47.847+0000][1][safepoint    ] Safepoint "RevokeBias", Time since last: 50578 ns, Reaching safepoint: 79338 ns, At safepoint: 9067 ns, Total: 88405 ns
[2020-09-10T16:49:47.849+0000][1][gc,heap,exit ] Heap
[2020-09-10T16:49:47.849+0000][1][gc,heap,exit ]  par new generation   total 76672K, used 20462K [0x0000000080000000, 0x0000000085330000, 0x0000000085330000)
[2020-09-10T16:49:47.849+0000][1][gc,heap,exit ]   eden space 68160K,  25% used [0x0000000080000000, 0x00000000810a7590, 0x0000000084290000)
[2020-09-10T16:49:47.849+0000][1][gc,heap,exit ]   from space 8512K,  40% used [0x0000000084290000, 0x00000000845e42b8, 0x0000000084ae0000)
[2020-09-10T16:49:47.849+0000][1][gc,heap,exit ]   to   space 8512K,   0% used [0x0000000084ae0000, 0x0000000084ae0000, 0x0000000085330000)
[2020-09-10T16:49:47.849+0000][1][gc,heap,exit ]  concurrent mark-sweep generation total 2011968K, used 15610K [0x0000000085330000, 0x0000000100000000, 0x0000000100000000)
[2020-09-10T16:49:47.849+0000][1][gc,heap,exit ]  Metaspace       used 23773K, capacity 25153K, committed 25344K, reserved 1071104K
[2020-09-10T16:49:47.849+0000][1][gc,heap,exit ]   class space    used 2865K, capacity 3302K, committed 3328K, reserved 1048576K
