[2020-09-11T15:52:44.941+0000][1][gc] Using Concurrent Mark Sweep
[2020-09-11T15:52:44.941+0000][1][gc,heap,coops] Heap address: 0x0000000080000000, size: 2048 MB, Compressed Oops mode: 32-bit
[2020-09-11T15:52:45.002+0000][1][safepoint    ] Safepoint "EnableBiasedLocking", Time since last: 51760696 ns, Reaching safepoint: 139550 ns, At safepoint: 37719 ns, Total: 177269 ns
[2020-09-11T15:52:45.008+0000][1][safepoint    ] Safepoint "RevokeBias", Time since last: 5725853 ns, Reaching safepoint: 137289 ns, At safepoint: 33694 ns, Total: 170983 ns
[2020-09-11T15:52:45.019+0000][1][safepoint    ] Safepoint "Deoptimize", Time since last: 11155223 ns, Reaching safepoint: 135424 ns, At safepoint: 19137 ns, Total: 154561 ns
[2020-09-11T15:52:45.178+0000][1][safepoint    ] Safepoint "Deoptimize", Time since last: 158831637 ns, Reaching safepoint: 142200 ns, At safepoint: 29973 ns, Total: 172173 ns
[2020-09-11T15:52:45.179+0000][1][safepoint    ] Safepoint "Deoptimize", Time since last: 976782 ns, Reaching safepoint: 132495 ns, At safepoint: 24796 ns, Total: 157291 ns
[2020-09-11T15:52:45.239+0000][1][safepoint    ] Safepoint "Deoptimize", Time since last: 59700358 ns, Reaching safepoint: 139422 ns, At safepoint: 33722 ns, Total: 173144 ns
[2020-09-11T15:52:45.769+0000][1][safepoint    ] Safepoint "Deoptimize", Time since last: 529822479 ns, Reaching safepoint: 140271 ns, At safepoint: 62001 ns, Total: 202272 ns
[2020-09-11T15:52:45.842+0000][1][safepoint    ] Safepoint "Deoptimize", Time since last: 72781202 ns, Reaching safepoint: 134811 ns, At safepoint: 64461 ns, Total: 199272 ns
[2020-09-11T15:52:45.944+0000][1][safepoint    ] Safepoint "Deoptimize", Time since last: 101619516 ns, Reaching safepoint: 156034 ns, At safepoint: 70929 ns, Total: 226963 ns
[2020-09-11T15:52:46.129+0000][1][safepoint    ] Safepoint "Deoptimize", Time since last: 185277843 ns, Reaching safepoint: 158271 ns, At safepoint: 82082 ns, Total: 240353 ns
[2020-09-11T15:52:46.417+0000][1][safepoint    ] Safepoint "Deoptimize", Time since last: 287503680 ns, Reaching safepoint: 121399 ns, At safepoint: 84167 ns, Total: 205566 ns
[2020-09-11T15:52:46.970+0000][1][safepoint    ] Safepoint "Deoptimize", Time since last: 553049992 ns, Reaching safepoint: 101710 ns, At safepoint: 89794 ns, Total: 191504 ns
[2020-09-11T15:52:47.457+0000][1][safepoint    ] Safepoint "Deoptimize", Time since last: 486529278 ns, Reaching safepoint: 135553 ns, At safepoint: 119596 ns, Total: 255149 ns
[2020-09-11T15:52:47.458+0000][1][safepoint    ] Safepoint "Deoptimize", Time since last: 949867 ns, Reaching safepoint: 86863 ns, At safepoint: 100579 ns, Total: 187442 ns
[2020-09-11T15:52:47.540+0000][1][safepoint    ] Safepoint "Deoptimize", Time since last: 81720698 ns, Reaching safepoint: 109004 ns, At safepoint: 103301 ns, Total: 212305 ns
[2020-09-11T15:52:47.545+0000][1][safepoint    ] Safepoint "Deoptimize", Time since last: 4753743 ns, Reaching safepoint: 98849 ns, At safepoint: 106704 ns, Total: 205553 ns
[2020-09-11T15:52:47.568+0000][1][safepoint    ] Safepoint "RevokeBias", Time since last: 22300448 ns, Reaching safepoint: 843147 ns, At safepoint: 21074 ns, Total: 864221 ns
[2020-09-11T15:52:47.568+0000][1][safepoint    ] Safepoint "RevokeBias", Time since last: 63564 ns, Reaching safepoint: 145293 ns, At safepoint: 16783 ns, Total: 162076 ns
[2020-09-11T15:52:47.569+0000][1][safepoint    ] Safepoint "RevokeBias", Time since last: 65120 ns, Reaching safepoint: 78065 ns, At safepoint: 15507 ns, Total: 93572 ns
[2020-09-11T15:52:47.569+0000][1][safepoint    ] Safepoint "RevokeBias", Time since last: 207560 ns, Reaching safepoint: 80721 ns, At safepoint: 24633 ns, Total: 105354 ns
[2020-09-11T15:52:47.569+0000][1][safepoint    ] Safepoint "RevokeBias", Time since last: 276749 ns, Reaching safepoint: 81083 ns, At safepoint: 13832 ns, Total: 94915 ns
[2020-09-11T15:52:48.305+0000][1][gc,start     ] GC(0) Pause Young (Allocation Failure)
[2020-09-11T15:52:48.305+0000][1][gc,task      ] GC(0) Using 1 workers of 1 for evacuation
[2020-09-11T15:52:48.349+0000][1][gc,age       ] GC(0) Desired survivor size 4358144 bytes, new threshold 1 (max threshold 6)
[2020-09-11T15:52:48.349+0000][1][gc,age       ] GC(0) Age table with threshold 1 (max threshold 6)
[2020-09-11T15:52:48.349+0000][1][gc,age       ] GC(0) - age   1:    6429040 bytes,    6429040 total
[2020-09-11T15:52:48.349+0000][1][gc,heap      ] GC(0) ParNew: 68160K->6304K(76672K)
[2020-09-11T15:52:48.349+0000][1][gc,heap      ] GC(0) CMS: 0K->0K(2011968K)
[2020-09-11T15:52:48.349+0000][1][gc,metaspace ] GC(0) Metaspace: 13589K->13589K(1060864K)
[2020-09-11T15:52:48.351+0000][1][gc           ] GC(0) Pause Young (Allocation Failure) 66M->6M(2039M) 46.473ms
[2020-09-11T15:52:48.351+0000][1][gc,cpu       ] GC(0) User=0.04s Sys=0.00s Real=0.04s
[2020-09-11T15:52:48.351+0000][1][safepoint    ] Safepoint "GenCollectForAllocation", Time since last: 735460736 ns, Reaching safepoint: 131271 ns, At safepoint: 46548181 ns, Total: 46679452 ns
[2020-09-11T15:52:48.359+0000][1][safepoint    ] Safepoint "RevokeBias", Time since last: 7224225 ns, Reaching safepoint: 36369 ns, At safepoint: 72330 ns, Total: 108699 ns
[2020-09-11T15:52:48.362+0000][1][safepoint    ] Safepoint "RevokeBias", Time since last: 1988069 ns, Reaching safepoint: 1077683 ns, At safepoint: 57375 ns, Total: 1135058 ns
[2020-09-11T15:52:48.362+0000][1][safepoint    ] Safepoint "RevokeBias", Time since last: 103915 ns, Reaching safepoint: 92326 ns, At safepoint: 34029 ns, Total: 126355 ns
[2020-09-11T15:52:48.362+0000][1][safepoint    ] Safepoint "RevokeBias", Time since last: 25964 ns, Reaching safepoint: 77410 ns, At safepoint: 24583 ns, Total: 101993 ns
[2020-09-11T15:52:48.362+0000][1][safepoint    ] Safepoint "RevokeBias", Time since last: 30364 ns, Reaching safepoint: 78300 ns, At safepoint: 31765 ns, Total: 110065 ns
[2020-09-11T15:52:48.363+0000][1][safepoint    ] Safepoint "RevokeBias", Time since last: 23586 ns, Reaching safepoint: 76539 ns, At safepoint: 30252 ns, Total: 106791 ns
[2020-09-11T15:52:48.363+0000][1][safepoint    ] Safepoint "RevokeBias", Time since last: 29034 ns, Reaching safepoint: 77506 ns, At safepoint: 31186 ns, Total: 108692 ns
[2020-09-11T15:52:48.363+0000][1][safepoint    ] Safepoint "RevokeBias", Time since last: 22660 ns, Reaching safepoint: 77955 ns, At safepoint: 25877 ns, Total: 103832 ns
[2020-09-11T15:52:48.363+0000][1][safepoint    ] Safepoint "RevokeBias", Time since last: 29633 ns, Reaching safepoint: 77415 ns, At safepoint: 25451 ns, Total: 102866 ns
[2020-09-11T15:52:48.363+0000][1][safepoint    ] Safepoint "RevokeBias", Time since last: 22358 ns, Reaching safepoint: 75768 ns, At safepoint: 25001 ns, Total: 100769 ns
[2020-09-11T15:52:48.363+0000][1][safepoint    ] Safepoint "RevokeBias", Time since last: 28288 ns, Reaching safepoint: 76218 ns, At safepoint: 24955 ns, Total: 101173 ns
[2020-09-11T15:52:48.363+0000][1][safepoint    ] Safepoint "RevokeBias", Time since last: 22112 ns, Reaching safepoint: 75778 ns, At safepoint: 29021 ns, Total: 104799 ns
[2020-09-11T15:52:48.365+0000][1][safepoint    ] Safepoint "RevokeBias", Time since last: 1281654 ns, Reaching safepoint: 80280 ns, At safepoint: 26028 ns, Total: 106308 ns
[2020-09-11T15:52:48.365+0000][1][safepoint    ] Safepoint "RevokeBias", Time since last: 62736 ns, Reaching safepoint: 75564 ns, At safepoint: 22581 ns, Total: 98145 ns
[2020-09-11T15:52:48.365+0000][1][safepoint    ] Safepoint "RevokeBias", Time since last: 41912 ns, Reaching safepoint: 75222 ns, At safepoint: 21756 ns, Total: 96978 ns
[2020-09-11T15:52:48.365+0000][1][safepoint    ] Safepoint "RevokeBias", Time since last: 21339 ns, Reaching safepoint: 75700 ns, At safepoint: 28180 ns, Total: 103880 ns
[2020-09-11T15:52:48.365+0000][1][safepoint    ] Safepoint "RevokeBias", Time since last: 152534 ns, Reaching safepoint: 76614 ns, At safepoint: 28422 ns, Total: 105036 ns
[2020-09-11T15:52:48.366+0000][1][safepoint    ] Safepoint "RevokeBias", Time since last: 22787 ns, Reaching safepoint: 75436 ns, At safepoint: 28347 ns, Total: 103783 ns
[2020-09-11T15:52:48.366+0000][1][safepoint    ] Safepoint "RevokeBias", Time since last: 28508 ns, Reaching safepoint: 75414 ns, At safepoint: 28486 ns, Total: 103900 ns
[2020-09-11T15:52:48.366+0000][1][safepoint    ] Safepoint "RevokeBias", Time since last: 33994 ns, Reaching safepoint: 75335 ns, At safepoint: 27474 ns, Total: 102809 ns
[2020-09-11T15:52:48.366+0000][1][safepoint    ] Safepoint "RevokeBias", Time since last: 39649 ns, Reaching safepoint: 75251 ns, At safepoint: 27484 ns, Total: 102735 ns
[2020-09-11T15:52:48.366+0000][1][safepoint    ] Safepoint "RevokeBias", Time since last: 20851 ns, Reaching safepoint: 75185 ns, At safepoint: 28052 ns, Total: 103237 ns
[2020-09-11T15:52:48.366+0000][1][safepoint    ] Safepoint "RevokeBias", Time since last: 83941 ns, Reaching safepoint: 75996 ns, At safepoint: 28360 ns, Total: 104356 ns
[2020-09-11T15:52:48.366+0000][1][safepoint    ] Safepoint "RevokeBias", Time since last: 20831 ns, Reaching safepoint: 75065 ns, At safepoint: 27792 ns, Total: 102857 ns
[2020-09-11T15:52:48.367+0000][1][safepoint    ] Safepoint "RevokeBias", Time since last: 30368 ns, Reaching safepoint: 75293 ns, At safepoint: 27294 ns, Total: 102587 ns
[2020-09-11T15:52:48.367+0000][1][safepoint    ] Safepoint "RevokeBias", Time since last: 20667 ns, Reaching safepoint: 75023 ns, At safepoint: 28140 ns, Total: 103163 ns
[2020-09-11T15:52:48.367+0000][1][safepoint    ] Safepoint "RevokeBias", Time since last: 32337 ns, Reaching safepoint: 75712 ns, At safepoint: 28154 ns, Total: 103866 ns
[2020-09-11T15:52:48.367+0000][1][safepoint    ] Safepoint "RevokeBias", Time since last: 20586 ns, Reaching safepoint: 75011 ns, At safepoint: 27256 ns, Total: 102267 ns
[2020-09-11T15:52:48.367+0000][1][safepoint    ] Safepoint "RevokeBias", Time since last: 95909 ns, Reaching safepoint: 75637 ns, At safepoint: 28394 ns, Total: 104031 ns
[2020-09-11T15:52:48.367+0000][1][safepoint    ] Safepoint "RevokeBias", Time since last: 21021 ns, Reaching safepoint: 75629 ns, At safepoint: 28810 ns, Total: 104439 ns
[2020-09-11T15:52:48.415+0000][1][safepoint    ] Safepoint "Deoptimize", Time since last: 47883697 ns, Reaching safepoint: 114788 ns, At safepoint: 170263 ns, Total: 285051 ns
[2020-09-11T15:52:48.846+0000][1][safepoint    ] Safepoint "RevokeBias", Time since last: 430593261 ns, Reaching safepoint: 157854 ns, At safepoint: 31289 ns, Total: 189143 ns
[2020-09-11T15:52:48.847+0000][1][safepoint    ] Safepoint "RevokeBias", Time since last: 247509 ns, Reaching safepoint: 114929 ns, At safepoint: 23070 ns, Total: 137999 ns
[2020-09-11T15:52:48.896+0000][1][safepoint    ] Safepoint "RevokeBias", Time since last: 48983003 ns, Reaching safepoint: 102151 ns, At safepoint: 37636 ns, Total: 139787 ns
[2020-09-11T15:52:48.970+0000][1][safepoint    ] Safepoint "RevokeBias", Time since last: 74608362 ns, Reaching safepoint: 95198 ns, At safepoint: 29744 ns, Total: 124942 ns
[2020-09-11T15:52:49.073+0000][1][safepoint    ] Safepoint "RevokeBias", Time since last: 102486008 ns, Reaching safepoint: 92225 ns, At safepoint: 27125 ns, Total: 119350 ns
[2020-09-11T15:52:49.102+0000][1][safepoint    ] Safepoint "RevokeBias", Time since last: 28589695 ns, Reaching safepoint: 143976 ns, At safepoint: 39469 ns, Total: 183445 ns
[2020-09-11T15:52:49.333+0000][1][safepoint    ] Safepoint "Deoptimize", Time since last: 230824978 ns, Reaching safepoint: 188506 ns, At safepoint: 166283 ns, Total: 354789 ns
[2020-09-11T15:52:49.446+0000][1][gc,start     ] GC(1) Pause Young (Allocation Failure)
[2020-09-11T15:52:49.446+0000][1][gc,task      ] GC(1) Using 1 workers of 1 for evacuation
[2020-09-11T15:52:49.496+0000][1][gc,age       ] GC(1) Desired survivor size 4358144 bytes, new threshold 6 (max threshold 6)
[2020-09-11T15:52:49.496+0000][1][gc,age       ] GC(1) Age table with threshold 6 (max threshold 6)
[2020-09-11T15:52:49.496+0000][1][gc,age       ] GC(1) - age   1:    3555368 bytes,    3555368 total
[2020-09-11T15:52:49.496+0000][1][gc,heap      ] GC(1) ParNew: 74464K->4206K(76672K)
[2020-09-11T15:52:49.496+0000][1][gc,heap      ] GC(1) CMS: 0K->6818K(2011968K)
[2020-09-11T15:52:49.496+0000][1][gc,metaspace ] GC(1) Metaspace: 18103K->18103K(1064960K)
[2020-09-11T15:52:49.496+0000][1][gc           ] GC(1) Pause Young (Allocation Failure) 72M->10M(2039M) 50.560ms
[2020-09-11T15:52:49.496+0000][1][gc,cpu       ] GC(1) User=0.05s Sys=0.00s Real=0.05s
[2020-09-11T15:52:49.501+0000][1][safepoint    ] Safepoint "GenCollectForAllocation", Time since last: 112534660 ns, Reaching safepoint: 155435 ns, At safepoint: 55124165 ns, Total: 55279600 ns
[2020-09-11T15:52:49.504+0000][1][safepoint    ] Safepoint "BulkRevokeBias", Time since last: 3502404 ns, Reaching safepoint: 109737 ns, At safepoint: 95967 ns, Total: 205704 ns
[2020-09-11T15:52:49.506+0000][1][safepoint    ] Safepoint "RevokeBias", Time since last: 76617 ns, Reaching safepoint: 207873 ns, At safepoint: 1085710 ns, Total: 1293583 ns
[2020-09-11T15:52:49.509+0000][1][safepoint    ] Safepoint "RevokeBias", Time since last: 36154 ns, Reaching safepoint: 130974 ns, At safepoint: 2766488 ns, Total: 2897462 ns
[2020-09-11T15:52:49.513+0000][1][safepoint    ] Safepoint "RevokeBias", Time since last: 52108 ns, Reaching safepoint: 3650467 ns, At safepoint: 83895 ns, Total: 3734362 ns
[2020-09-11T15:52:49.513+0000][1][safepoint    ] Safepoint "RevokeBias", Time since last: 28909 ns, Reaching safepoint: 124023 ns, At safepoint: 57026 ns, Total: 181049 ns
[2020-09-11T15:52:49.513+0000][1][safepoint    ] Safepoint "RevokeBias", Time since last: 54101 ns, Reaching safepoint: 78904 ns, At safepoint: 28092 ns, Total: 106996 ns
[2020-09-11T15:52:49.513+0000][1][safepoint    ] Safepoint "RevokeBias", Time since last: 27238 ns, Reaching safepoint: 79062 ns, At safepoint: 30421 ns, Total: 109483 ns
[2020-09-11T15:52:49.513+0000][1][safepoint    ] Safepoint "BulkRevokeBias", Time since last: 32182 ns, Reaching safepoint: 297413 ns, At safepoint: 53479 ns, Total: 350892 ns
[2020-09-11T15:52:49.514+0000][1][safepoint    ] Safepoint "BulkRevokeBias", Time since last: 32821 ns, Reaching safepoint: 78433 ns, At safepoint: 46299 ns, Total: 124732 ns
[2020-09-11T15:52:49.586+0000][1][safepoint    ] Safepoint "Deoptimize", Time since last: 72041839 ns, Reaching safepoint: 110755 ns, At safepoint: 160901 ns, Total: 271656 ns
[2020-09-11T15:52:49.598+0000][1][safepoint    ] Safepoint "Deoptimize", Time since last: 11842914 ns, Reaching safepoint: 99781 ns, At safepoint: 156138 ns, Total: 255919 ns
[2020-09-11T15:52:49.807+0000][1][safepoint    ] Safepoint "Deoptimize", Time since last: 208954385 ns, Reaching safepoint: 149539 ns, At safepoint: 171702 ns, Total: 321241 ns
[2020-09-11T15:52:49.876+0000][1][safepoint    ] Safepoint "Deoptimize", Time since last: 68744682 ns, Reaching safepoint: 152013 ns, At safepoint: 176935 ns, Total: 328948 ns
[2020-09-11T15:52:49.877+0000][1][safepoint    ] Safepoint "RevokeBias", Time since last: 457621 ns, Reaching safepoint: 136873 ns, At safepoint: 37597 ns, Total: 174470 ns
[2020-09-11T15:52:50.263+0000][1][safepoint    ] Safepoint "RevokeBias", Time since last: 385547841 ns, Reaching safepoint: 159772 ns, At safepoint: 31916 ns, Total: 191688 ns
[2020-09-11T15:52:50.269+0000][1][safepoint    ] Safepoint "RevokeBias", Time since last: 6045964 ns, Reaching safepoint: 93614 ns, At safepoint: 32127 ns, Total: 125741 ns
[2020-09-11T15:52:50.339+0000][1][safepoint    ] Safepoint "RevokeBias", Time since last: 69471616 ns, Reaching safepoint: 153930 ns, At safepoint: 32967 ns, Total: 186897 ns
[2020-09-11T15:52:50.344+0000][1][safepoint    ] Safepoint "RevokeBias", Time since last: 5556461 ns, Reaching safepoint: 93127 ns, At safepoint: 33196 ns, Total: 126323 ns
[2020-09-11T15:52:50.366+0000][1][gc,start     ] GC(2) Pause Young (Allocation Failure)
[2020-09-11T15:52:50.366+0000][1][gc,task      ] GC(2) Using 1 workers of 1 for evacuation
[2020-09-11T15:52:50.389+0000][1][gc,age       ] GC(2) Desired survivor size 4358144 bytes, new threshold 2 (max threshold 6)
[2020-09-11T15:52:50.389+0000][1][gc,age       ] GC(2) Age table with threshold 2 (max threshold 6)
[2020-09-11T15:52:50.389+0000][1][gc,age       ] GC(2) - age   1:    1481448 bytes,    1481448 total
[2020-09-11T15:52:50.389+0000][1][gc,age       ] GC(2) - age   2:    3363752 bytes,    4845200 total
[2020-09-11T15:52:50.389+0000][1][gc,heap      ] GC(2) ParNew: 72366K->7324K(76672K)
[2020-09-11T15:52:50.389+0000][1][gc,heap      ] GC(2) CMS: 6818K->6818K(2011968K)
[2020-09-11T15:52:50.389+0000][1][gc,metaspace ] GC(2) Metaspace: 20041K->20041K(1067008K)
[2020-09-11T15:52:50.389+0000][1][gc           ] GC(2) Pause Young (Allocation Failure) 77M->13M(2039M) 23.307ms
[2020-09-11T15:52:50.389+0000][1][gc,cpu       ] GC(2) User=0.02s Sys=0.00s Real=0.02s
[2020-09-11T15:52:50.393+0000][1][safepoint    ] Safepoint "GenCollectForAllocation", Time since last: 21746500 ns, Reaching safepoint: 96044 ns, At safepoint: 26690008 ns, Total: 26786052 ns
[2020-09-11T15:52:50.402+0000][1][safepoint    ] Safepoint "RevokeBias", Time since last: 8875238 ns, Reaching safepoint: 30518 ns, At safepoint: 48519 ns, Total: 79037 ns
[2020-09-11T15:52:50.402+0000][1][safepoint    ] Safepoint "RevokeBias", Time since last: 66186 ns, Reaching safepoint: 10803 ns, At safepoint: 32007 ns, Total: 42810 ns
[2020-09-11T15:52:50.402+0000][1][safepoint    ] Safepoint "RevokeBias", Time since last: 52029 ns, Reaching safepoint: 10146 ns, At safepoint: 31948 ns, Total: 42094 ns
[2020-09-11T15:52:50.402+0000][1][safepoint    ] Safepoint "RevokeBias", Time since last: 29963 ns, Reaching safepoint: 9789 ns, At safepoint: 30894 ns, Total: 40683 ns
[2020-09-11T15:52:50.405+0000][1][safepoint    ] Safepoint "RevokeBias", Time since last: 2789368 ns, Reaching safepoint: 13586 ns, At safepoint: 29633 ns, Total: 43219 ns
[2020-09-11T15:52:50.409+0000][1][safepoint    ] Safepoint "RevokeBias", Time since last: 3928573 ns, Reaching safepoint: 171834 ns, At safepoint: 25729 ns, Total: 197563 ns
[2020-09-11T15:52:50.409+0000][1][safepoint    ] Safepoint "RevokeBias", Time since last: 87155 ns, Reaching safepoint: 79093 ns, At safepoint: 18750 ns, Total: 97843 ns
[2020-09-11T15:52:50.445+0000][1][safepoint    ] Safepoint "RevokeBias", Time since last: 35291943 ns, Reaching safepoint: 98323 ns, At safepoint: 28839 ns, Total: 127162 ns
[2020-09-11T15:52:50.447+0000][1][safepoint    ] Safepoint "RevokeBias", Time since last: 2138204 ns, Reaching safepoint: 89659 ns, At safepoint: 27888 ns, Total: 117547 ns
[2020-09-11T15:52:50.517+0000][1][safepoint    ] Safepoint "RevokeBias", Time since last: 69928545 ns, Reaching safepoint: 99102 ns, At safepoint: 32142 ns, Total: 131244 ns
[2020-09-11T15:52:50.528+0000][1][safepoint    ] Safepoint "RevokeBias", Time since last: 11048382 ns, Reaching safepoint: 135946 ns, At safepoint: 28312 ns, Total: 164258 ns
[2020-09-11T15:52:50.682+0000][1][gc,start     ] GC(3) Pause Young (Allocation Failure)
[2020-09-11T15:52:50.682+0000][1][gc,task      ] GC(3) Using 1 workers of 1 for evacuation
[2020-09-11T15:52:50.722+0000][1][gc,age       ] GC(3) Desired survivor size 4358144 bytes, new threshold 6 (max threshold 6)
[2020-09-11T15:52:50.722+0000][1][gc,age       ] GC(3) Age table with threshold 6 (max threshold 6)
[2020-09-11T15:52:50.722+0000][1][gc,age       ] GC(3) - age   1:    1085424 bytes,    1085424 total
[2020-09-11T15:52:50.722+0000][1][gc,age       ] GC(3) - age   2:     919424 bytes,    2004848 total
[2020-09-11T15:52:50.722+0000][1][gc,heap      ] GC(3) ParNew: 75484K->4452K(76672K)
[2020-09-11T15:52:50.722+0000][1][gc,heap      ] GC(3) CMS: 6818K->10130K(2011968K)
[2020-09-11T15:52:50.722+0000][1][gc,metaspace ] GC(3) Metaspace: 20315K->20315K(1067008K)
[2020-09-11T15:52:50.722+0000][1][gc           ] GC(3) Pause Young (Allocation Failure) 80M->14M(2039M) 40.555ms
[2020-09-11T15:52:50.722+0000][1][gc,cpu       ] GC(3) User=0.04s Sys=0.00s Real=0.04s
[2020-09-11T15:52:50.722+0000][1][safepoint    ] Safepoint "GenCollectForAllocation", Time since last: 153473690 ns, Reaching safepoint: 115575 ns, At safepoint: 40620665 ns, Total: 40736240 ns
[2020-09-11T15:52:50.728+0000][1][safepoint    ] Safepoint "RevokeBias", Time since last: 4530289 ns, Reaching safepoint: 296224 ns, At safepoint: 475898 ns, Total: 772122 ns
[2020-09-11T15:52:50.728+0000][1][safepoint    ] Safepoint "RevokeBias", Time since last: 45969 ns, Reaching safepoint: 89502 ns, At safepoint: 28871 ns, Total: 118373 ns
[2020-09-11T15:52:50.728+0000][1][safepoint    ] Safepoint "RevokeBias", Time since last: 55062 ns, Reaching safepoint: 78364 ns, At safepoint: 23350 ns, Total: 101714 ns
[2020-09-11T15:52:50.728+0000][1][safepoint    ] Safepoint "RevokeBias", Time since last: 22584 ns, Reaching safepoint: 78131 ns, At safepoint: 31243 ns, Total: 109374 ns
[2020-09-11T15:52:50.728+0000][1][safepoint    ] Safepoint "RevokeBias", Time since last: 27730 ns, Reaching safepoint: 78030 ns, At safepoint: 31269 ns, Total: 109299 ns
[2020-09-11T15:52:50.728+0000][1][safepoint    ] Safepoint "RevokeBias", Time since last: 22505 ns, Reaching safepoint: 77321 ns, At safepoint: 30847 ns, Total: 108168 ns
[2020-09-11T15:52:50.728+0000][1][safepoint    ] Safepoint "RevokeBias", Time since last: 27198 ns, Reaching safepoint: 77713 ns, At safepoint: 30439 ns, Total: 108152 ns
[2020-09-11T15:52:50.729+0000][1][safepoint    ] Safepoint "RevokeBias", Time since last: 21962 ns, Reaching safepoint: 77112 ns, At safepoint: 29982 ns, Total: 107094 ns
[2020-09-11T15:52:50.845+0000][1][safepoint    ] Safepoint "CollectForMetadataAllocation", Time since last: 116163570 ns, Reaching safepoint: 142661 ns, At safepoint: 124260 ns, Total: 266921 ns
[2020-09-11T15:52:50.906+0000][1][safepoint    ] Safepoint "CollectForMetadataAllocation", Time since last: 60627903 ns, Reaching safepoint: 107622 ns, At safepoint: 119006 ns, Total: 226628 ns
[2020-09-11T15:52:51.051+0000][1][gc,start     ] GC(4) Pause Young (Allocation Failure)
[2020-09-11T15:52:51.051+0000][1][gc,task      ] GC(4) Using 1 workers of 1 for evacuation
[2020-09-11T15:52:51.073+0000][1][gc,age       ] GC(4) Desired survivor size 4358144 bytes, new threshold 6 (max threshold 6)
[2020-09-11T15:52:51.074+0000][1][gc,age       ] GC(4) Age table with threshold 6 (max threshold 6)
[2020-09-11T15:52:51.074+0000][1][gc,age       ] GC(4) - age   1:    2003304 bytes,    2003304 total
[2020-09-11T15:52:51.074+0000][1][gc,age       ] GC(4) - age   2:     357984 bytes,    2361288 total
[2020-09-11T15:52:51.074+0000][1][gc,age       ] GC(4) - age   3:     919328 bytes,    3280616 total
[2020-09-11T15:52:51.074+0000][1][gc,heap      ] GC(4) ParNew: 72612K->3694K(76672K)
[2020-09-11T15:52:51.074+0000][1][gc,heap      ] GC(4) CMS: 10130K->10130K(2011968K)
[2020-09-11T15:52:51.074+0000][1][gc,metaspace ] GC(4) Metaspace: 20902K->20902K(1069056K)
[2020-09-11T15:52:51.074+0000][1][gc           ] GC(4) Pause Young (Allocation Failure) 80M->13M(2039M) 22.466ms
[2020-09-11T15:52:51.074+0000][1][gc,cpu       ] GC(4) User=0.02s Sys=0.01s Real=0.03s
[2020-09-11T15:52:51.077+0000][1][safepoint    ] Safepoint "GenCollectForAllocation", Time since last: 145113711 ns, Reaching safepoint: 106741 ns, At safepoint: 25670624 ns, Total: 25777365 ns
[2020-09-11T15:52:51.089+0000][1][gc,start     ] GC(5) Pause Initial Mark
[2020-09-11T15:52:51.092+0000][1][gc           ] GC(5) Pause Initial Mark 18M->18M(2039M) 2.788ms
[2020-09-11T15:52:51.092+0000][1][gc,cpu       ] GC(5) User=0.01s Sys=0.00s Real=0.00s
[2020-09-11T15:52:51.092+0000][1][safepoint    ] Safepoint "BulkRevokeBias", Time since last: 7993173 ns, Reaching safepoint: 4094044 ns, At safepoint: 2979281 ns, Total: 7073325 ns
[2020-09-11T15:52:51.093+0000][1][gc           ] GC(5) Concurrent Mark
[2020-09-11T15:52:51.103+0000][1][safepoint    ] Safepoint "RevokeBias", Time since last: 4987262 ns, Reaching safepoint: 6405347 ns, At safepoint: 28281 ns, Total: 6433628 ns
[2020-09-11T15:52:51.104+0000][1][safepoint    ] Safepoint "RevokeBias", Time since last: 268419 ns, Reaching safepoint: 39554 ns, At safepoint: 17762 ns, Total: 57316 ns
[2020-09-11T15:52:51.107+0000][1][safepoint    ] Safepoint "RevokeBias", Time since last: 2392140 ns, Reaching safepoint: 966038 ns, At safepoint: 24188 ns, Total: 990226 ns
[2020-09-11T15:52:51.108+0000][1][safepoint    ] Safepoint "RevokeBias", Time since last: 685796 ns, Reaching safepoint: 82788 ns, At safepoint: 27788 ns, Total: 110576 ns
[2020-09-11T15:52:51.108+0000][1][safepoint    ] Safepoint "RevokeBias", Time since last: 38795 ns, Reaching safepoint: 77310 ns, At safepoint: 23302 ns, Total: 100612 ns
[2020-09-11T15:52:51.142+0000][1][gc           ] GC(5) Concurrent Mark 49.610ms
[2020-09-11T15:52:51.142+0000][1][gc,cpu       ] GC(5) User=0.04s Sys=0.00s Real=0.05s
[2020-09-11T15:52:51.142+0000][1][gc           ] GC(5) Concurrent Preclean
[2020-09-11T15:52:51.153+0000][1][safepoint    ] Safepoint "RevokeBias", Time since last: 40862108 ns, Reaching safepoint: 4032878 ns, At safepoint: 17387 ns, Total: 4050265 ns
[2020-09-11T15:52:51.153+0000][1][safepoint    ] Safepoint "RevokeBias", Time since last: 85379 ns, Reaching safepoint: 9809 ns, At safepoint: 6004 ns, Total: 15813 ns
[2020-09-11T15:52:51.155+0000][1][gc           ] GC(5) Concurrent Preclean 12.928ms
[2020-09-11T15:52:51.155+0000][1][gc,cpu       ] GC(5) User=0.01s Sys=0.00s Real=0.01s
[2020-09-11T15:52:51.156+0000][1][safepoint    ] Safepoint "Deoptimize", Time since last: 2436692 ns, Reaching safepoint: 92764 ns, At safepoint: 182801 ns, Total: 275565 ns
[2020-09-11T15:52:51.156+0000][1][gc           ] GC(5) Concurrent Abortable Preclean
[2020-09-11T15:52:51.177+0000][1][safepoint    ] Safepoint "CollectForMetadataAllocation", Time since last: 18374526 ns, Reaching safepoint: 2424584 ns, At safepoint: 81352 ns, Total: 2505936 ns
[2020-09-11T15:52:51.179+0000][1][safepoint    ] Safepoint "RevokeBias", Time since last: 2827784 ns, Reaching safepoint: 88470 ns, At safepoint: 51540 ns, Total: 140010 ns
[2020-09-11T15:52:51.205+0000][1][safepoint    ] Safepoint "RevokeBias", Time since last: 25796711 ns, Reaching safepoint: 93616 ns, At safepoint: 31473 ns, Total: 125089 ns
[2020-09-11T15:52:51.221+0000][1][safepoint    ] Safepoint "RevokeBias", Time since last: 15344383 ns, Reaching safepoint: 45845 ns, At safepoint: 86951 ns, Total: 132796 ns
[2020-09-11T15:52:51.236+0000][1][safepoint    ] Safepoint "RevokeBias", Time since last: 11879554 ns, Reaching safepoint: 3164486 ns, At safepoint: 37329 ns, Total: 3201815 ns
[2020-09-11T15:52:51.238+0000][1][safepoint    ] Safepoint "RevokeBias", Time since last: 1898430 ns, Reaching safepoint: 84496 ns, At safepoint: 25392 ns, Total: 109888 ns
[2020-09-11T15:52:51.253+0000][1][safepoint    ] Safepoint "RevokeBias", Time since last: 6766899 ns, Reaching safepoint: 8077894 ns, At safepoint: 54989 ns, Total: 8132883 ns
[2020-09-11T15:52:51.255+0000][1][safepoint    ] Safepoint "RevokeBias", Time since last: 2121199 ns, Reaching safepoint: 83687 ns, At safepoint: 52627 ns, Total: 136314 ns
[2020-09-11T15:52:51.277+0000][1][safepoint    ] Safepoint "RevokeBias", Time since last: 21635338 ns, Reaching safepoint: 99806 ns, At safepoint: 32303 ns, Total: 132109 ns
[2020-09-11T15:52:51.293+0000][1][safepoint    ] Safepoint "Deoptimize", Time since last: 15877096 ns, Reaching safepoint: 56959 ns, At safepoint: 193438 ns, Total: 250397 ns
[2020-09-11T15:52:51.305+0000][1][safepoint    ] Safepoint "RevokeBias", Time since last: 11729619 ns, Reaching safepoint: 53300 ns, At safepoint: 40041 ns, Total: 93341 ns
[2020-09-11T15:52:51.402+0000][1][safepoint    ] Safepoint "RevokeBias", Time since last: 97069921 ns, Reaching safepoint: 102614 ns, At safepoint: 32643 ns, Total: 135257 ns
[2020-09-11T15:52:51.412+0000][1][safepoint    ] Safepoint "RevokeBias", Time since last: 9420146 ns, Reaching safepoint: 41259 ns, At safepoint: 27360 ns, Total: 68619 ns
[2020-09-11T15:52:51.481+0000][1][gc,start     ] GC(6) Pause Young (Allocation Failure)
[2020-09-11T15:52:51.481+0000][1][gc,task      ] GC(6) Using 1 workers of 1 for evacuation
[2020-09-11T15:52:51.522+0000][1][gc,age       ] GC(6) Desired survivor size 4358144 bytes, new threshold 4 (max threshold 6)
[2020-09-11T15:52:51.522+0000][1][gc,age       ] GC(6) Age table with threshold 4 (max threshold 6)
[2020-09-11T15:52:51.522+0000][1][gc,age       ] GC(6) - age   1:    2036000 bytes,    2036000 total
[2020-09-11T15:52:51.522+0000][1][gc,age       ] GC(6) - age   2:    1278184 bytes,    3314184 total
[2020-09-11T15:52:51.522+0000][1][gc,age       ] GC(6) - age   3:     357984 bytes,    3672168 total
[2020-09-11T15:52:51.522+0000][1][gc,age       ] GC(6) - age   4:     919248 bytes,    4591416 total
[2020-09-11T15:52:51.522+0000][1][gc,heap      ] GC(6) ParNew: 71854K->5729K(76672K)
[2020-09-11T15:52:51.522+0000][1][gc,heap      ] GC(6) CMS: 10130K->10130K(2011968K)
[2020-09-11T15:52:51.522+0000][1][gc,metaspace ] GC(6) Metaspace: 21144K->21144K(1069056K)
[2020-09-11T15:52:51.522+0000][1][gc           ] GC(6) Pause Young (Allocation Failure) 80M->15M(2039M) 41.522ms
[2020-09-11T15:52:51.522+0000][1][gc,cpu       ] GC(6) User=0.04s Sys=0.00s Real=0.04s
[2020-09-11T15:52:51.529+0000][1][safepoint    ] Safepoint "GenCollectForAllocation", Time since last: 69244052 ns, Reaching safepoint: 109987 ns, At safepoint: 47933929 ns, Total: 48043916 ns
[2020-09-11T15:52:51.542+0000][1][safepoint    ] Safepoint "RevokeBias", Time since last: 3975639 ns, Reaching safepoint: 8997014 ns, At safepoint: 57403 ns, Total: 9054417 ns
[2020-09-11T15:52:51.552+0000][1][safepoint    ] Safepoint "RevokeBias", Time since last: 2893537 ns, Reaching safepoint: 6872310 ns, At safepoint: 33835 ns, Total: 6906145 ns
[2020-09-11T15:52:51.554+0000][1][safepoint    ] Safepoint "RevokeBias", Time since last: 2265671 ns, Reaching safepoint: 312420 ns, At safepoint: 26984 ns, Total: 339404 ns
[2020-09-11T15:52:51.554+0000][1][safepoint    ] Safepoint "RevokeBias", Time since last: 33914 ns, Reaching safepoint: 76924 ns, At safepoint: 15207 ns, Total: 92131 ns
[2020-09-11T15:52:51.555+0000][1][safepoint    ] Safepoint "RevokeBias", Time since last: 36616 ns, Reaching safepoint: 78404 ns, At safepoint: 24683 ns, Total: 103087 ns
[2020-09-11T15:52:51.555+0000][1][safepoint    ] Safepoint "RevokeBias", Time since last: 24835 ns, Reaching safepoint: 77611 ns, At safepoint: 24327 ns, Total: 101938 ns
[2020-09-11T15:52:51.573+0000][1][safepoint    ] Safepoint "RevokeBias", Time since last: 15767412 ns, Reaching safepoint: 2365288 ns, At safepoint: 30503 ns, Total: 2395791 ns
[2020-09-11T15:52:51.589+0000][1][safepoint    ] Safepoint "RevokeBias", Time since last: 9376022 ns, Reaching safepoint: 6446542 ns, At safepoint: 35754 ns, Total: 6482296 ns
[2020-09-11T15:52:51.593+0000][1][safepoint    ] Safepoint "RevokeBias", Time since last: 4067542 ns, Reaching safepoint: 25816 ns, At safepoint: 23129 ns, Total: 48945 ns
[2020-09-11T15:52:51.702+0000][1][safepoint    ] Safepoint "RevokeBias", Time since last: 109113656 ns, Reaching safepoint: 117087 ns, At safepoint: 28036 ns, Total: 145123 ns
[2020-09-11T15:52:51.709+0000][1][safepoint    ] Safepoint "RevokeBias", Time since last: 4927028 ns, Reaching safepoint: 1785563 ns, At safepoint: 58663 ns, Total: 1844226 ns
[2020-09-11T15:52:51.796+0000][1][gc,start     ] GC(7) Pause Young (Allocation Failure)
[2020-09-11T15:52:51.796+0000][1][gc,task      ] GC(7) Using 1 workers of 1 for evacuation
[2020-09-11T15:52:51.815+0000][1][gc           ] GC(5) Concurrent Abortable Preclean 659.541ms
[2020-09-11T15:52:51.815+0000][1][gc,cpu       ] GC(5) User=0.64s Sys=0.01s Real=0.66s
[2020-09-11T15:52:51.827+0000][1][gc,age       ] GC(7) Desired survivor size 4358144 bytes, new threshold 3 (max threshold 6)
[2020-09-11T15:52:51.827+0000][1][gc,age       ] GC(7) Age table with threshold 3 (max threshold 6)
[2020-09-11T15:52:51.827+0000][1][gc,age       ] GC(7) - age   1:    2146688 bytes,    2146688 total
[2020-09-11T15:52:51.827+0000][1][gc,age       ] GC(7) - age   2:    1528024 bytes,    3674712 total
[2020-09-11T15:52:51.827+0000][1][gc,age       ] GC(7) - age   3:    1277840 bytes,    4952552 total
[2020-09-11T15:52:51.827+0000][1][gc,age       ] GC(7) - age   4:     357984 bytes,    5310536 total
[2020-09-11T15:52:51.827+0000][1][gc,heap      ] GC(7) ParNew: 73889K->8158K(76672K)
[2020-09-11T15:52:51.827+0000][1][gc,heap      ] GC(7) CMS: 10130K->11036K(2011968K)
[2020-09-11T15:52:51.827+0000][1][gc,metaspace ] GC(7) Metaspace: 21242K->21242K(1069056K)
[2020-09-11T15:52:51.827+0000][1][gc           ] GC(7) Pause Young (Allocation Failure) 82M->18M(2039M) 31.338ms
[2020-09-11T15:52:51.827+0000][1][gc,cpu       ] GC(7) User=0.03s Sys=0.00s Real=0.03s
[2020-09-11T15:52:51.841+0000][1][safepoint    ] Safepoint "GenCollectForAllocation", Time since last: 86673276 ns, Reaching safepoint: 100527 ns, At safepoint: 45203436 ns, Total: 45303963 ns
[2020-09-11T15:52:51.855+0000][1][gc,start     ] GC(5) Pause Remark
[2020-09-11T15:52:51.912+0000][1][gc           ] GC(5) Pause Remark 22M->22M(2039M) 57.651ms
[2020-09-11T15:52:51.912+0000][1][gc,cpu       ] GC(5) User=0.01s Sys=0.00s Real=0.05s
[2020-09-11T15:52:51.927+0000][1][safepoint    ] Safepoint "CMS_Final_Remark", Time since last: 13636064 ns, Reaching safepoint: 104646 ns, At safepoint: 72689373 ns, Total: 72794019 ns
[2020-09-11T15:52:51.928+0000][1][gc           ] GC(5) Concurrent Sweep
[2020-09-11T15:52:51.935+0000][1][safepoint    ] Safepoint "RevokeBias", Time since last: 3983755 ns, Reaching safepoint: 3969104 ns, At safepoint: 32996 ns, Total: 4002100 ns
[2020-09-11T15:52:51.935+0000][1][gc           ] GC(5) Concurrent Sweep 7.749ms
[2020-09-11T15:52:51.935+0000][1][gc,cpu       ] GC(5) User=0.00s Sys=0.00s Real=0.01s
[2020-09-11T15:52:51.935+0000][1][gc           ] GC(5) Concurrent Reset
[2020-09-11T15:52:51.943+0000][1][safepoint    ] Safepoint "RevokeBias", Time since last: 5576517 ns, Reaching safepoint: 2197826 ns, At safepoint: 73170 ns, Total: 2270996 ns
[2020-09-11T15:52:51.943+0000][1][safepoint    ] Safepoint "RevokeBias", Time since last: 55619 ns, Reaching safepoint: 122030 ns, At safepoint: 43673 ns, Total: 165703 ns
[2020-09-11T15:52:51.945+0000][1][gc           ] GC(5) Concurrent Reset 9.885ms
[2020-09-11T15:52:51.945+0000][1][gc,cpu       ] GC(5) User=0.01s Sys=0.00s Real=0.01s
[2020-09-11T15:52:51.945+0000][1][gc,heap      ] GC(5) Old: 10130K->11034K(2011968K)
[2020-09-11T15:52:51.951+0000][1][safepoint    ] Safepoint "RevokeBias", Time since last: 7874806 ns, Reaching safepoint: 95998 ns, At safepoint: 32073 ns, Total: 128071 ns
[2020-09-11T15:52:51.955+0000][1][safepoint    ] Safepoint "RevokeBias", Time since last: 3933352 ns, Reaching safepoint: 92535 ns, At safepoint: 30670 ns, Total: 123205 ns
[2020-09-11T15:52:52.178+0000][1][gc,start     ] GC(8) Pause Young (Allocation Failure)
[2020-09-11T15:52:52.178+0000][1][gc,task      ] GC(8) Using 1 workers of 1 for evacuation
[2020-09-11T15:52:52.212+0000][1][gc,age       ] GC(8) Desired survivor size 4358144 bytes, new threshold 6 (max threshold 6)
[2020-09-11T15:52:52.212+0000][1][gc,age       ] GC(8) Age table with threshold 6 (max threshold 6)
[2020-09-11T15:52:52.212+0000][1][gc,age       ] GC(8) - age   1:    1546824 bytes,    1546824 total
[2020-09-11T15:52:52.212+0000][1][gc,age       ] GC(8) - age   2:     416600 bytes,    1963424 total
[2020-09-11T15:52:52.212+0000][1][gc,age       ] GC(8) - age   3:    1526008 bytes,    3489432 total
[2020-09-11T15:52:52.212+0000][1][gc,heap      ] GC(8) ParNew: 76317K->4909K(76672K)
[2020-09-11T15:52:52.212+0000][1][gc,heap      ] GC(8) CMS: 11034K->12650K(2011968K)
[2020-09-11T15:52:52.212+0000][1][gc,metaspace ] GC(8) Metaspace: 21507K->21507K(1069056K)
[2020-09-11T15:52:52.212+0000][1][gc           ] GC(8) Pause Young (Allocation Failure) 85M->17M(2039M) 33.560ms
[2020-09-11T15:52:52.212+0000][1][gc,cpu       ] GC(8) User=0.03s Sys=0.00s Real=0.03s
[2020-09-11T15:52:52.217+0000][1][safepoint    ] Safepoint "GenCollectForAllocation", Time since last: 222910028 ns, Reaching safepoint: 99102 ns, At safepoint: 38400874 ns, Total: 38499976 ns
[2020-09-11T15:52:52.221+0000][1][safepoint    ] Safepoint "RevokeBias", Time since last: 4054574 ns, Reaching safepoint: 91256 ns, At safepoint: 26220 ns, Total: 117476 ns
[2020-09-11T15:52:52.221+0000][1][safepoint    ] Safepoint "RevokeBias", Time since last: 43398 ns, Reaching safepoint: 77876 ns, At safepoint: 17984 ns, Total: 95860 ns
[2020-09-11T15:52:52.221+0000][1][safepoint    ] Safepoint "RevokeBias", Time since last: 36863 ns, Reaching safepoint: 77616 ns, At safepoint: 22471 ns, Total: 100087 ns
[2020-09-11T15:52:52.221+0000][1][safepoint    ] Safepoint "RevokeBias", Time since last: 26327 ns, Reaching safepoint: 76440 ns, At safepoint: 18290 ns, Total: 94730 ns
[2020-09-11T15:52:52.221+0000][1][safepoint    ] Safepoint "RevokeBias", Time since last: 45033 ns, Reaching safepoint: 76822 ns, At safepoint: 16627 ns, Total: 93449 ns
[2020-09-11T15:52:52.222+0000][1][safepoint    ] Safepoint "RevokeBias", Time since last: 26284 ns, Reaching safepoint: 76155 ns, At safepoint: 17546 ns, Total: 93701 ns
[2020-09-11T15:52:52.308+0000][1][safepoint    ] Safepoint "RevokeBias", Time since last: 86346783 ns, Reaching safepoint: 147811 ns, At safepoint: 17996 ns, Total: 165807 ns
[2020-09-11T15:52:52.309+0000][1][safepoint    ] Safepoint "RevokeBias", Time since last: 422678 ns, Reaching safepoint: 133724 ns, At safepoint: 10951 ns, Total: 144675 ns
[2020-09-11T15:52:52.441+0000][1][gc,start     ] GC(9) Pause Young (Allocation Failure)
[2020-09-11T15:52:52.441+0000][1][gc,task      ] GC(9) Using 1 workers of 1 for evacuation
[2020-09-11T15:52:52.462+0000][1][gc,age       ] GC(9) Desired survivor size 4358144 bytes, new threshold 6 (max threshold 6)
[2020-09-11T15:52:52.462+0000][1][gc,age       ] GC(9) Age table with threshold 6 (max threshold 6)
[2020-09-11T15:52:52.462+0000][1][gc,age       ] GC(9) - age   1:     663088 bytes,     663088 total
[2020-09-11T15:52:52.462+0000][1][gc,age       ] GC(9) - age   2:     906848 bytes,    1569936 total
[2020-09-11T15:52:52.462+0000][1][gc,age       ] GC(9) - age   3:     416600 bytes,    1986536 total
[2020-09-11T15:52:52.462+0000][1][gc,age       ] GC(9) - age   4:    1525984 bytes,    3512520 total
[2020-09-11T15:52:52.462+0000][1][gc,heap      ] GC(9) ParNew: 73069K->3783K(76672K)
[2020-09-11T15:52:52.462+0000][1][gc,heap      ] GC(9) CMS: 12650K->12650K(2011968K)
[2020-09-11T15:52:52.462+0000][1][gc,metaspace ] GC(9) Metaspace: 21663K->21663K(1069056K)
[2020-09-11T15:52:52.462+0000][1][gc           ] GC(9) Pause Young (Allocation Failure) 83M->16M(2039M) 21.416ms
[2020-09-11T15:52:52.462+0000][1][gc,cpu       ] GC(9) User=0.02s Sys=0.00s Real=0.02s
[2020-09-11T15:52:52.469+0000][1][safepoint    ] Safepoint "GenCollectForAllocation", Time since last: 132096756 ns, Reaching safepoint: 115576 ns, At safepoint: 27899246 ns, Total: 28014822 ns
[2020-09-11T15:52:52.473+0000][1][safepoint    ] Safepoint "RevokeBias", Time since last: 4062867 ns, Reaching safepoint: 32379 ns, At safepoint: 58266 ns, Total: 90645 ns
[2020-09-11T15:52:52.473+0000][1][safepoint    ] Safepoint "RevokeBias", Time since last: 45536 ns, Reaching safepoint: 9503 ns, At safepoint: 23288 ns, Total: 32791 ns
[2020-09-11T15:52:52.473+0000][1][safepoint    ] Safepoint "BulkRevokeBias", Time since last: 31336 ns, Reaching safepoint: 8632 ns, At safepoint: 43200 ns, Total: 51832 ns
[2020-09-11T15:52:52.473+0000][1][safepoint    ] Safepoint "BulkRevokeBias", Time since last: 21834 ns, Reaching safepoint: 7982 ns, At safepoint: 35809 ns, Total: 43791 ns
[2020-09-11T15:52:52.770+0000][1][gc,start     ] GC(10) Pause Young (Allocation Failure)
[2020-09-11T15:52:52.770+0000][1][gc,task      ] GC(10) Using 1 workers of 1 for evacuation
[2020-09-11T15:52:52.803+0000][1][gc,age       ] GC(10) Desired survivor size 4358144 bytes, new threshold 5 (max threshold 6)
[2020-09-11T15:52:52.803+0000][1][gc,age       ] GC(10) Age table with threshold 5 (max threshold 6)
[2020-09-11T15:52:52.803+0000][1][gc,age       ] GC(10) - age   1:    1480080 bytes,    1480080 total
[2020-09-11T15:52:52.803+0000][1][gc,age       ] GC(10) - age   2:     437048 bytes,    1917128 total
[2020-09-11T15:52:52.803+0000][1][gc,age       ] GC(10) - age   3:     906744 bytes,    2823872 total
[2020-09-11T15:52:52.803+0000][1][gc,age       ] GC(10) - age   4:     416600 bytes,    3240472 total
[2020-09-11T15:52:52.803+0000][1][gc,age       ] GC(10) - age   5:    1525672 bytes,    4766144 total
[2020-09-11T15:52:52.803+0000][1][gc,heap      ] GC(10) ParNew: 71943K->7036K(76672K)
[2020-09-11T15:52:52.803+0000][1][gc,heap      ] GC(10) CMS: 12650K->12650K(2011968K)
[2020-09-11T15:52:52.803+0000][1][gc,metaspace ] GC(10) Metaspace: 22579K->22579K(1071104K)
[2020-09-11T15:52:52.803+0000][1][gc           ] GC(10) Pause Young (Allocation Failure) 82M->19M(2039M) 32.301ms
[2020-09-11T15:52:52.803+0000][1][gc,cpu       ] GC(10) User=0.03s Sys=0.00s Real=0.04s
[2020-09-11T15:52:52.806+0000][1][safepoint    ] Safepoint "GenCollectForAllocation", Time since last: 297061198 ns, Reaching safepoint: 99378 ns, At safepoint: 35772470 ns, Total: 35871848 ns
[2020-09-11T15:52:52.993+0000][1][gc,start     ] GC(11) Pause Young (Allocation Failure)
[2020-09-11T15:52:52.993+0000][1][gc,task      ] GC(11) Using 1 workers of 1 for evacuation
[2020-09-11T15:52:53.027+0000][1][gc,age       ] GC(11) Desired survivor size 4358144 bytes, new threshold 6 (max threshold 6)
[2020-09-11T15:52:53.027+0000][1][gc,age       ] GC(11) Age table with threshold 6 (max threshold 6)
[2020-09-11T15:52:53.027+0000][1][gc,age       ] GC(11) - age   1:     876800 bytes,     876800 total
[2020-09-11T15:52:53.027+0000][1][gc,age       ] GC(11) - age   2:     682008 bytes,    1558808 total
[2020-09-11T15:52:53.027+0000][1][gc,age       ] GC(11) - age   3:     437048 bytes,    1995856 total
[2020-09-11T15:52:53.027+0000][1][gc,age       ] GC(11) - age   4:     906744 bytes,    2902600 total
[2020-09-11T15:52:53.027+0000][1][gc,age       ] GC(11) - age   5:     416312 bytes,    3318912 total
[2020-09-11T15:52:53.028+0000][1][gc,heap      ] GC(11) ParNew: 75196K->4370K(76672K)
[2020-09-11T15:52:53.028+0000][1][gc,heap      ] GC(11) CMS: 12650K->14151K(2011968K)
[2020-09-11T15:52:53.028+0000][1][gc,metaspace ] GC(11) Metaspace: 22596K->22596K(1071104K)
[2020-09-11T15:52:53.028+0000][1][gc           ] GC(11) Pause Young (Allocation Failure) 85M->18M(2039M) 34.760ms
[2020-09-11T15:52:53.028+0000][1][gc,cpu       ] GC(11) User=0.03s Sys=0.00s Real=0.03s
[2020-09-11T15:52:53.033+0000][1][safepoint    ] Safepoint "GenCollectForAllocation", Time since last: 186592831 ns, Reaching safepoint: 90022 ns, At safepoint: 39974889 ns, Total: 40064911 ns
[2020-09-11T15:52:53.221+0000][1][gc,start     ] GC(12) Pause Young (Allocation Failure)
[2020-09-11T15:52:53.244+0000][1][gc,task      ] GC(12) Using 1 workers of 1 for evacuation
[2020-09-11T15:52:53.286+0000][1][gc,age       ] GC(12) Desired survivor size 4358144 bytes, new threshold 6 (max threshold 6)
[2020-09-11T15:52:53.286+0000][1][gc,age       ] GC(12) Age table with threshold 6 (max threshold 6)
[2020-09-11T15:52:53.286+0000][1][gc,age       ] GC(12) - age   1:    1642184 bytes,    1642184 total
[2020-09-11T15:52:53.286+0000][1][gc,age       ] GC(12) - age   2:     102552 bytes,    1744736 total
[2020-09-11T15:52:53.286+0000][1][gc,age       ] GC(12) - age   3:     681896 bytes,    2426632 total
[2020-09-11T15:52:53.286+0000][1][gc,age       ] GC(12) - age   4:     437048 bytes,    2863680 total
[2020-09-11T15:52:53.286+0000][1][gc,age       ] GC(12) - age   5:     906744 bytes,    3770424 total
[2020-09-11T15:52:53.286+0000][1][gc,age       ] GC(12) - age   6:     415992 bytes,    4186416 total
[2020-09-11T15:52:53.286+0000][1][gc,heap      ] GC(12) ParNew: 72530K->7046K(76672K)
[2020-09-11T15:52:53.286+0000][1][gc,heap      ] GC(12) CMS: 14151K->14151K(2011968K)
[2020-09-11T15:52:53.286+0000][1][gc,metaspace ] GC(12) Metaspace: 22698K->22698K(1071104K)
[2020-09-11T15:52:53.286+0000][1][gc           ] GC(12) Pause Young (Allocation Failure) 84M->20M(2039M) 65.076ms
[2020-09-11T15:52:53.286+0000][1][gc,cpu       ] GC(12) User=0.05s Sys=0.00s Real=0.06s
[2020-09-11T15:52:53.291+0000][1][safepoint    ] Safepoint "GenCollectForAllocation", Time since last: 188042876 ns, Reaching safepoint: 106197 ns, At safepoint: 70067060 ns, Total: 70173257 ns
[2020-09-11T15:52:53.479+0000][1][gc,start     ] GC(13) Pause Young (Allocation Failure)
[2020-09-11T15:52:53.479+0000][1][gc,task      ] GC(13) Using 1 workers of 1 for evacuation
[2020-09-11T15:52:53.498+0000][1][gc,age       ] GC(13) Desired survivor size 4358144 bytes, new threshold 6 (max threshold 6)
[2020-09-11T15:52:53.498+0000][1][gc,age       ] GC(13) Age table with threshold 6 (max threshold 6)
[2020-09-11T15:52:53.498+0000][1][gc,age       ] GC(13) - age   1:    2142256 bytes,    2142256 total
[2020-09-11T15:52:53.498+0000][1][gc,age       ] GC(13) - age   2:     101376 bytes,    2243632 total
[2020-09-11T15:52:53.498+0000][1][gc,age       ] GC(13) - age   3:     102552 bytes,    2346184 total
[2020-09-11T15:52:53.498+0000][1][gc,age       ] GC(13) - age   4:     681896 bytes,    3028080 total
[2020-09-11T15:52:53.498+0000][1][gc,age       ] GC(13) - age   5:     437048 bytes,    3465128 total
[2020-09-11T15:52:53.498+0000][1][gc,age       ] GC(13) - age   6:     906720 bytes,    4371848 total
[2020-09-11T15:52:53.498+0000][1][gc,heap      ] GC(13) ParNew: 75206K->4827K(76672K)
[2020-09-11T15:52:53.498+0000][1][gc,heap      ] GC(13) CMS: 14151K->14561K(2011968K)
[2020-09-11T15:52:53.498+0000][1][gc,metaspace ] GC(13) Metaspace: 22808K->22808K(1071104K)
[2020-09-11T15:52:53.498+0000][1][gc           ] GC(13) Pause Young (Allocation Failure) 87M->18M(2039M) 19.117ms
[2020-09-11T15:52:53.498+0000][1][gc,cpu       ] GC(13) User=0.02s Sys=0.00s Real=0.02s
[2020-09-11T15:52:53.502+0000][1][safepoint    ] Safepoint "GenCollectForAllocation", Time since last: 188088740 ns, Reaching safepoint: 151010 ns, At safepoint: 22641073 ns, Total: 22792083 ns
[2020-09-11T15:52:53.793+0000][1][gc,start     ] GC(14) Pause Young (Allocation Failure)
[2020-09-11T15:52:53.793+0000][1][gc,task      ] GC(14) Using 1 workers of 1 for evacuation
[2020-09-11T15:52:53.833+0000][1][gc,age       ] GC(14) Desired survivor size 4358144 bytes, new threshold 6 (max threshold 6)
[2020-09-11T15:52:53.833+0000][1][gc,age       ] GC(14) Age table with threshold 6 (max threshold 6)
[2020-09-11T15:52:53.833+0000][1][gc,age       ] GC(14) - age   1:     973800 bytes,     973800 total
[2020-09-11T15:52:53.833+0000][1][gc,age       ] GC(14) - age   2:     330456 bytes,    1304256 total
[2020-09-11T15:52:53.833+0000][1][gc,age       ] GC(14) - age   3:     101376 bytes,    1405632 total
[2020-09-11T15:52:53.833+0000][1][gc,age       ] GC(14) - age   4:     102552 bytes,    1508184 total
[2020-09-11T15:52:53.833+0000][1][gc,age       ] GC(14) - age   5:     681744 bytes,    2189928 total
[2020-09-11T15:52:53.833+0000][1][gc,age       ] GC(14) - age   6:     437048 bytes,    2626976 total
[2020-09-11T15:52:53.833+0000][1][gc,heap      ] GC(14) ParNew: 72987K->3805K(76672K)
[2020-09-11T15:52:53.833+0000][1][gc,heap      ] GC(14) CMS: 14561K->15455K(2011968K)
[2020-09-11T15:52:53.833+0000][1][gc,metaspace ] GC(14) Metaspace: 22876K->22876K(1071104K)
[2020-09-11T15:52:53.833+0000][1][gc           ] GC(14) Pause Young (Allocation Failure) 85M->18M(2039M) 39.963ms
[2020-09-11T15:52:53.833+0000][1][gc,cpu       ] GC(14) User=0.02s Sys=0.01s Real=0.04s
[2020-09-11T15:52:53.849+0000][1][safepoint    ] Safepoint "GenCollectForAllocation", Time since last: 287971956 ns, Reaching safepoint: 2973100 ns, At safepoint: 56003838 ns, Total: 58976938 ns
[2020-09-11T15:52:53.987+0000][1][safepoint    ] Safepoint "Deoptimize", Time since last: 137646578 ns, Reaching safepoint: 111141 ns, At safepoint: 213468 ns, Total: 324609 ns
[2020-09-11T15:52:54.747+0000][1][safepoint    ] Safepoint "RevokeBias", Time since last: 760072931 ns, Reaching safepoint: 267397 ns, At safepoint: 14830 ns, Total: 282227 ns
[2020-09-11T15:52:54.747+0000][1][safepoint    ] Safepoint "RevokeBias", Time since last: 101952 ns, Reaching safepoint: 81781 ns, At safepoint: 8956 ns, Total: 90737 ns
[2020-09-11T15:52:55.153+0000][1][safepoint    ] Safepoint "Deoptimize", Time since last: 404877759 ns, Reaching safepoint: 141152 ns, At safepoint: 226800 ns, Total: 367952 ns
[2020-09-11T15:52:55.860+0000][1][gc,start     ] GC(15) Pause Young (Allocation Failure)
[2020-09-11T15:52:55.860+0000][1][gc,task      ] GC(15) Using 1 workers of 1 for evacuation
[2020-09-11T15:52:55.937+0000][1][gc,age       ] GC(15) Desired survivor size 4358144 bytes, new threshold 1 (max threshold 6)
[2020-09-11T15:52:55.937+0000][1][gc,age       ] GC(15) Age table with threshold 1 (max threshold 6)
[2020-09-11T15:52:55.937+0000][1][gc,age       ] GC(15) - age   1:    7281808 bytes,    7281808 total
[2020-09-11T15:52:55.937+0000][1][gc,age       ] GC(15) - age   2:     212040 bytes,    7493848 total
[2020-09-11T15:52:55.937+0000][1][gc,age       ] GC(15) - age   3:     327968 bytes,    7821816 total
[2020-09-11T15:52:55.937+0000][1][gc,age       ] GC(15) - age   4:     101096 bytes,    7922912 total
[2020-09-11T15:52:55.937+0000][1][gc,age       ] GC(15) - age   5:     102552 bytes,    8025464 total
[2020-09-11T15:52:55.937+0000][1][gc,age       ] GC(15) - age   6:     680704 bytes,    8706168 total
[2020-09-11T15:52:55.937+0000][1][gc,heap      ] GC(15) ParNew: 71965K->8512K(76672K)
[2020-09-11T15:52:55.937+0000][1][gc,heap      ] GC(15) CMS: 15455K->15886K(2011968K)
[2020-09-11T15:52:55.937+0000][1][gc,metaspace ] GC(15) Metaspace: 29692K->29692K(1077248K)
[2020-09-11T15:52:55.937+0000][1][gc           ] GC(15) Pause Young (Allocation Failure) 85M->23M(2039M) 77.202ms
[2020-09-11T15:52:55.937+0000][1][gc,cpu       ] GC(15) User=0.07s Sys=0.00s Real=0.08s
[2020-09-11T15:52:55.938+0000][1][safepoint    ] Safepoint "GenCollectForAllocation", Time since last: 706972977 ns, Reaching safepoint: 260908 ns, At safepoint: 78580927 ns, Total: 78841835 ns
[2020-09-11T15:52:56.946+0000][1][safepoint    ] Safepoint "Cleanup", Time since last: 1006435615 ns, Reaching safepoint: 783651 ns, At safepoint: 6273 ns, Total: 789924 ns
[2020-09-11T15:52:57.726+0000][1][gc,start     ] GC(16) Pause Young (Allocation Failure)
[2020-09-11T15:52:57.726+0000][1][gc,task      ] GC(16) Using 1 workers of 1 for evacuation
[2020-09-11T15:52:57.873+0000][1][gc,age       ] GC(16) Desired survivor size 4358144 bytes, new threshold 1 (max threshold 6)
[2020-09-11T15:52:57.873+0000][1][gc,age       ] GC(16) Age table with threshold 1 (max threshold 6)
[2020-09-11T15:52:57.873+0000][1][gc,age       ] GC(16) - age   1:    8270832 bytes,    8270832 total
[2020-09-11T15:52:57.873+0000][1][gc,heap      ] GC(16) ParNew: 76672K->8512K(76672K)
[2020-09-11T15:52:57.873+0000][1][gc,heap      ] GC(16) CMS: 15886K->24737K(2011968K)
[2020-09-11T15:52:57.873+0000][1][gc,metaspace ] GC(16) Metaspace: 29709K->29709K(1077248K)
[2020-09-11T15:52:57.873+0000][1][gc           ] GC(16) Pause Young (Allocation Failure) 90M->32M(2039M) 147.056ms
[2020-09-11T15:52:57.873+0000][1][gc,cpu       ] GC(16) User=0.11s Sys=0.00s Real=0.15s
[2020-09-11T15:52:57.875+0000][1][safepoint    ] Safepoint "GenCollectForAllocation", Time since last: 780409139 ns, Reaching safepoint: 133958 ns, At safepoint: 148638586 ns, Total: 148772544 ns
[2020-09-11T15:52:58.884+0000][1][safepoint    ] Safepoint "Cleanup", Time since last: 1006034415 ns, Reaching safepoint: 3195147 ns, At safepoint: 15301 ns, Total: 3210448 ns
[2020-09-11T15:52:59.061+0000][1][gc,start     ] GC(17) Pause Young (Allocation Failure)
[2020-09-11T15:52:59.061+0000][1][gc,task      ] GC(17) Using 1 workers of 1 for evacuation
[2020-09-11T15:52:59.120+0000][1][gc,age       ] GC(17) Desired survivor size 4358144 bytes, new threshold 1 (max threshold 6)
[2020-09-11T15:52:59.120+0000][1][gc,age       ] GC(17) Age table with threshold 1 (max threshold 6)
[2020-09-11T15:52:59.120+0000][1][gc,age       ] GC(17) - age   1:    8716208 bytes,    8716208 total
[2020-09-11T15:52:59.120+0000][1][gc,heap      ] GC(17) ParNew: 76672K->8512K(76672K)
[2020-09-11T15:52:59.120+0000][1][gc,heap      ] GC(17) CMS: 24737K->32687K(2011968K)
[2020-09-11T15:52:59.120+0000][1][gc,metaspace ] GC(17) Metaspace: 29878K->29878K(1077248K)
[2020-09-11T15:52:59.120+0000][1][gc           ] GC(17) Pause Young (Allocation Failure) 99M->40M(2039M) 59.166ms
[2020-09-11T15:52:59.120+0000][1][gc,cpu       ] GC(17) User=0.05s Sys=0.00s Real=0.05s
[2020-09-11T15:52:59.125+0000][1][safepoint    ] Safepoint "GenCollectForAllocation", Time since last: 176730428 ns, Reaching safepoint: 96125 ns, At safepoint: 63907493 ns, Total: 64003618 ns
[2020-09-11T15:53:00.129+0000][1][safepoint    ] Safepoint "Cleanup", Time since last: 1004048971 ns, Reaching safepoint: 143583 ns, At safepoint: 6267 ns, Total: 149850 ns
[2020-09-11T15:53:00.230+0000][1][gc,start     ] GC(18) Pause Young (Allocation Failure)
[2020-09-11T15:53:00.231+0000][1][gc,task      ] GC(18) Using 1 workers of 1 for evacuation
[2020-09-11T15:53:00.289+0000][1][gc,age       ] GC(18) Desired survivor size 4358144 bytes, new threshold 1 (max threshold 6)
[2020-09-11T15:53:00.289+0000][1][gc,age       ] GC(18) Age table with threshold 1 (max threshold 6)
[2020-09-11T15:53:00.289+0000][1][gc,age       ] GC(18) - age   1:    5205848 bytes,    5205848 total
[2020-09-11T15:53:00.289+0000][1][gc,heap      ] GC(18) ParNew: 76672K->8341K(76672K)
[2020-09-11T15:53:00.289+0000][1][gc,heap      ] GC(18) CMS: 32687K->40431K(2011968K)
[2020-09-11T15:53:00.289+0000][1][gc,metaspace ] GC(18) Metaspace: 32112K->32112K(1079296K)
[2020-09-11T15:53:00.289+0000][1][gc           ] GC(18) Pause Young (Allocation Failure) 106M->47M(2039M) 58.532ms
[2020-09-11T15:53:00.289+0000][1][gc,cpu       ] GC(18) User=0.06s Sys=0.00s Real=0.06s
[2020-09-11T15:53:00.293+0000][1][safepoint    ] Safepoint "GenCollectForAllocation", Time since last: 101365839 ns, Reaching safepoint: 94844 ns, At safepoint: 62370543 ns, Total: 62465387 ns
[2020-09-11T15:53:00.485+0000][1][safepoint    ] Safepoint "Deoptimize", Time since last: 191989448 ns, Reaching safepoint: 113714 ns, At safepoint: 355694 ns, Total: 469408 ns
[2020-09-11T15:53:01.214+0000][1][safepoint    ] Safepoint "Deoptimize", Time since last: 728743036 ns, Reaching safepoint: 133321 ns, At safepoint: 280104 ns, Total: 413425 ns
[2020-09-11T15:53:01.489+0000][1][gc,start     ] GC(19) Pause Young (Allocation Failure)
[2020-09-11T15:53:01.489+0000][1][gc,task      ] GC(19) Using 1 workers of 1 for evacuation
[2020-09-11T15:53:01.518+0000][1][gc,age       ] GC(19) Desired survivor size 4358144 bytes, new threshold 6 (max threshold 6)
[2020-09-11T15:53:01.518+0000][1][gc,age       ] GC(19) Age table with threshold 6 (max threshold 6)
[2020-09-11T15:53:01.518+0000][1][gc,age       ] GC(19) - age   1:     885792 bytes,     885792 total
[2020-09-11T15:53:01.518+0000][1][gc,heap      ] GC(19) ParNew: 76501K->5898K(76672K)
[2020-09-11T15:53:01.518+0000][1][gc,heap      ] GC(19) CMS: 40431K->45440K(2011968K)
[2020-09-11T15:53:01.518+0000][1][gc,metaspace ] GC(19) Metaspace: 32417K->32417K(1079296K)
[2020-09-11T15:53:01.518+0000][1][gc           ] GC(19) Pause Young (Allocation Failure) 114M->50M(2039M) 28.830ms
[2020-09-11T15:53:01.518+0000][1][gc,cpu       ] GC(19) User=0.03s Sys=0.00s Real=0.03s
[2020-09-11T15:53:01.524+0000][1][safepoint    ] Safepoint "GenCollectForAllocation", Time since last: 274361372 ns, Reaching safepoint: 145525 ns, At safepoint: 35146404 ns, Total: 35291929 ns
[2020-09-11T15:53:01.994+0000][1][gc,start     ] GC(20) Pause Young (Allocation Failure)
[2020-09-11T15:53:01.995+0000][1][gc,task      ] GC(20) Using 1 workers of 1 for evacuation
[2020-09-11T15:53:02.011+0000][1][gc,age       ] GC(20) Desired survivor size 4358144 bytes, new threshold 6 (max threshold 6)
[2020-09-11T15:53:02.011+0000][1][gc,age       ] GC(20) Age table with threshold 6 (max threshold 6)
[2020-09-11T15:53:02.011+0000][1][gc,age       ] GC(20) - age   1:     249544 bytes,     249544 total
[2020-09-11T15:53:02.011+0000][1][gc,age       ] GC(20) - age   2:     437744 bytes,     687288 total
[2020-09-11T15:53:02.011+0000][1][gc,heap      ] GC(20) ParNew: 74058K->1636K(76672K)
[2020-09-11T15:53:02.011+0000][1][gc,heap      ] GC(20) CMS: 45440K->45440K(2011968K)
[2020-09-11T15:53:02.011+0000][1][gc,metaspace ] GC(20) Metaspace: 32427K->32427K(1079296K)
[2020-09-11T15:53:02.011+0000][1][gc           ] GC(20) Pause Young (Allocation Failure) 116M->45M(2039M) 16.258ms
[2020-09-11T15:53:02.011+0000][1][gc,cpu       ] GC(20) User=0.01s Sys=0.00s Real=0.01s
[2020-09-11T15:53:02.014+0000][1][safepoint    ] Safepoint "GenCollectForAllocation", Time since last: 470284031 ns, Reaching safepoint: 106987 ns, At safepoint: 19620065 ns, Total: 19727052 ns
[2020-09-11T15:53:02.166+0000][1][gc,start     ] GC(21) Pause Young (Allocation Failure)
[2020-09-11T15:53:02.166+0000][1][gc,task      ] GC(21) Using 1 workers of 1 for evacuation
[2020-09-11T15:53:02.190+0000][1][gc,age       ] GC(21) Desired survivor size 4358144 bytes, new threshold 6 (max threshold 6)
[2020-09-11T15:53:02.190+0000][1][gc,age       ] GC(21) Age table with threshold 6 (max threshold 6)
[2020-09-11T15:53:02.190+0000][1][gc,age       ] GC(21) - age   1:        184 bytes,        184 total
[2020-09-11T15:53:02.190+0000][1][gc,age       ] GC(21) - age   2:     249544 bytes,     249728 total
[2020-09-11T15:53:02.190+0000][1][gc,age       ] GC(21) - age   3:     437744 bytes,     687472 total
[2020-09-11T15:53:02.190+0000][1][gc,heap      ] GC(21) ParNew: 69796K->1321K(76672K)
[2020-09-11T15:53:02.190+0000][1][gc,heap      ] GC(21) CMS: 45440K->45440K(2011968K)
[2020-09-11T15:53:02.190+0000][1][gc,metaspace ] GC(21) Metaspace: 32427K->32427K(1079296K)
[2020-09-11T15:53:02.190+0000][1][gc           ] GC(21) Pause Young (Allocation Failure) 112M->45M(2039M) 24.316ms
[2020-09-11T15:53:02.190+0000][1][gc,cpu       ] GC(21) User=0.02s Sys=0.00s Real=0.02s
[2020-09-11T15:53:02.190+0000][1][safepoint    ] Safepoint "GenCollectForAllocation", Time since last: 151639196 ns, Reaching safepoint: 111601 ns, At safepoint: 24389593 ns, Total: 24501194 ns
[2020-09-11T15:53:02.297+0000][1][gc,start     ] GC(22) Pause Young (Allocation Failure)
[2020-09-11T15:53:02.297+0000][1][gc,task      ] GC(22) Using 1 workers of 1 for evacuation
[2020-09-11T15:53:02.321+0000][1][gc,age       ] GC(22) Desired survivor size 4358144 bytes, new threshold 6 (max threshold 6)
[2020-09-11T15:53:02.321+0000][1][gc,age       ] GC(22) Age table with threshold 6 (max threshold 6)
[2020-09-11T15:53:02.321+0000][1][gc,age       ] GC(22) - age   1:         64 bytes,         64 total
[2020-09-11T15:53:02.321+0000][1][gc,age       ] GC(22) - age   3:     249544 bytes,     249608 total
[2020-09-11T15:53:02.321+0000][1][gc,age       ] GC(22) - age   4:     437744 bytes,     687352 total
[2020-09-11T15:53:02.321+0000][1][gc,heap      ] GC(22) ParNew: 69481K->833K(76672K)
[2020-09-11T15:53:02.321+0000][1][gc,heap      ] GC(22) CMS: 45440K->45440K(2011968K)
[2020-09-11T15:53:02.321+0000][1][gc,metaspace ] GC(22) Metaspace: 32434K->32434K(1079296K)
[2020-09-11T15:53:02.321+0000][1][gc           ] GC(22) Pause Young (Allocation Failure) 112M->45M(2039M) 24.079ms
[2020-09-11T15:53:02.321+0000][1][gc,cpu       ] GC(22) User=0.02s Sys=0.00s Real=0.03s
[2020-09-11T15:53:02.321+0000][1][safepoint    ] Safepoint "GenCollectForAllocation", Time since last: 106543759 ns, Reaching safepoint: 104334 ns, At safepoint: 24142702 ns, Total: 24247036 ns
[2020-09-11T15:53:02.408+0000][1][gc,start     ] GC(23) Pause Young (Allocation Failure)
[2020-09-11T15:53:02.408+0000][1][gc,task      ] GC(23) Using 1 workers of 1 for evacuation
[2020-09-11T15:53:02.420+0000][1][gc,age       ] GC(23) Desired survivor size 4358144 bytes, new threshold 6 (max threshold 6)
[2020-09-11T15:53:02.420+0000][1][gc,age       ] GC(23) Age table with threshold 6 (max threshold 6)
[2020-09-11T15:53:02.420+0000][1][gc,age       ] GC(23) - age   1:        120 bytes,        120 total
[2020-09-11T15:53:02.420+0000][1][gc,age       ] GC(23) - age   4:     249544 bytes,     249664 total
[2020-09-11T15:53:02.420+0000][1][gc,age       ] GC(23) - age   5:     437744 bytes,     687408 total
[2020-09-11T15:53:02.421+0000][1][gc,heap      ] GC(23) ParNew: 68993K->1215K(76672K)
[2020-09-11T15:53:02.421+0000][1][gc,heap      ] GC(23) CMS: 45440K->45440K(2011968K)
[2020-09-11T15:53:02.421+0000][1][gc,metaspace ] GC(23) Metaspace: 32434K->32434K(1079296K)
[2020-09-11T15:53:02.421+0000][1][gc           ] GC(23) Pause Young (Allocation Failure) 111M->45M(2039M) 12.997ms
[2020-09-11T15:53:02.421+0000][1][gc,cpu       ] GC(23) User=0.01s Sys=0.00s Real=0.01s
[2020-09-11T15:53:02.424+0000][1][safepoint    ] Safepoint "GenCollectForAllocation", Time since last: 86444745 ns, Reaching safepoint: 138147 ns, At safepoint: 16404354 ns, Total: 16542501 ns
[2020-09-11T15:53:02.468+0000][1][gc,start     ] GC(24) Pause Young (Allocation Failure)
[2020-09-11T15:53:02.468+0000][1][gc,task      ] GC(24) Using 1 workers of 1 for evacuation
[2020-09-11T15:53:02.480+0000][1][gc,age       ] GC(24) Desired survivor size 4358144 bytes, new threshold 6 (max threshold 6)
[2020-09-11T15:53:02.480+0000][1][gc,age       ] GC(24) Age table with threshold 6 (max threshold 6)
[2020-09-11T15:53:02.480+0000][1][gc,age       ] GC(24) - age   1:         56 bytes,         56 total
[2020-09-11T15:53:02.480+0000][1][gc,age       ] GC(24) - age   5:     249544 bytes,     249600 total
[2020-09-11T15:53:02.480+0000][1][gc,age       ] GC(24) - age   6:     437744 bytes,     687344 total
[2020-09-11T15:53:02.480+0000][1][gc,heap      ] GC(24) ParNew: 69375K->807K(76672K)
[2020-09-11T15:53:02.480+0000][1][gc,heap      ] GC(24) CMS: 45440K->45440K(2011968K)
[2020-09-11T15:53:02.480+0000][1][gc,metaspace ] GC(24) Metaspace: 32434K->32434K(1079296K)
[2020-09-11T15:53:02.480+0000][1][gc           ] GC(24) Pause Young (Allocation Failure) 112M->45M(2039M) 12.682ms
[2020-09-11T15:53:02.480+0000][1][gc,cpu       ] GC(24) User=0.02s Sys=0.00s Real=0.01s
[2020-09-11T15:53:02.480+0000][1][safepoint    ] Safepoint "GenCollectForAllocation", Time since last: 43494242 ns, Reaching safepoint: 145414 ns, At safepoint: 12745578 ns, Total: 12890992 ns
[2020-09-11T15:53:02.522+0000][1][gc,start     ] GC(25) Pause Young (Allocation Failure)
[2020-09-11T15:53:02.522+0000][1][gc,task      ] GC(25) Using 1 workers of 1 for evacuation
[2020-09-11T15:53:02.534+0000][1][gc,age       ] GC(25) Desired survivor size 4358144 bytes, new threshold 6 (max threshold 6)
[2020-09-11T15:53:02.534+0000][1][gc,age       ] GC(25) Age table with threshold 6 (max threshold 6)
[2020-09-11T15:53:02.534+0000][1][gc,age       ] GC(25) - age   6:     249544 bytes,     249544 total
[2020-09-11T15:53:02.534+0000][1][gc,heap      ] GC(25) ParNew: 68967K->604K(76672K)
[2020-09-11T15:53:02.534+0000][1][gc,heap      ] GC(25) CMS: 45440K->45868K(2011968K)
[2020-09-11T15:53:02.534+0000][1][gc,metaspace ] GC(25) Metaspace: 32434K->32434K(1079296K)
[2020-09-11T15:53:02.534+0000][1][gc           ] GC(25) Pause Young (Allocation Failure) 111M->45M(2039M) 12.369ms
[2020-09-11T15:53:02.534+0000][1][gc,cpu       ] GC(25) User=0.01s Sys=0.00s Real=0.01s
[2020-09-11T15:53:02.534+0000][1][safepoint    ] Safepoint "GenCollectForAllocation", Time since last: 41487998 ns, Reaching safepoint: 143311 ns, At safepoint: 12451197 ns, Total: 12594508 ns
[2020-09-11T15:53:02.579+0000][1][gc,start     ] GC(26) Pause Young (Allocation Failure)
[2020-09-11T15:53:02.579+0000][1][gc,task      ] GC(26) Using 1 workers of 1 for evacuation
[2020-09-11T15:53:02.589+0000][1][gc,age       ] GC(26) Desired survivor size 4358144 bytes, new threshold 6 (max threshold 6)
[2020-09-11T15:53:02.589+0000][1][gc,age       ] GC(26) Age table with threshold 6 (max threshold 6)
[2020-09-11T15:53:02.589+0000][1][gc,age       ] GC(26) - age   1:        144 bytes,        144 total
[2020-09-11T15:53:02.589+0000][1][gc,heap      ] GC(26) ParNew: 68764K->242K(76672K)
[2020-09-11T15:53:02.589+0000][1][gc,heap      ] GC(26) CMS: 45868K->46112K(2011968K)
[2020-09-11T15:53:02.589+0000][1][gc,metaspace ] GC(26) Metaspace: 32434K->32434K(1079296K)
[2020-09-11T15:53:02.589+0000][1][gc           ] GC(26) Pause Young (Allocation Failure) 111M->45M(2039M) 10.869ms
[2020-09-11T15:53:02.589+0000][1][gc,cpu       ] GC(26) User=0.01s Sys=0.00s Real=0.01s
[2020-09-11T15:53:02.590+0000][1][safepoint    ] Safepoint "GenCollectForAllocation", Time since last: 43975071 ns, Reaching safepoint: 144115 ns, At safepoint: 10925114 ns, Total: 11069229 ns
[2020-09-11T15:53:02.631+0000][1][gc,start     ] GC(27) Pause Young (Allocation Failure)
[2020-09-11T15:53:02.631+0000][1][gc,task      ] GC(27) Using 1 workers of 1 for evacuation
[2020-09-11T15:53:02.642+0000][1][gc,age       ] GC(27) Desired survivor size 4358144 bytes, new threshold 6 (max threshold 6)
[2020-09-11T15:53:02.642+0000][1][gc,age       ] GC(27) Age table with threshold 6 (max threshold 6)
[2020-09-11T15:53:02.642+0000][1][gc,age       ] GC(27) - age   1:        232 bytes,        232 total
[2020-09-11T15:53:02.643+0000][1][gc,age       ] GC(27) - age   2:         72 bytes,        304 total
[2020-09-11T15:53:02.643+0000][1][gc,heap      ] GC(27) ParNew: 68402K->60K(76672K)
[2020-09-11T15:53:02.643+0000][1][gc,heap      ] GC(27) CMS: 46112K->46112K(2011968K)
[2020-09-11T15:53:02.643+0000][1][gc,metaspace ] GC(27) Metaspace: 32434K->32434K(1079296K)
[2020-09-11T15:53:02.643+0000][1][gc           ] GC(27) Pause Young (Allocation Failure) 111M->45M(2039M) 11.951ms
[2020-09-11T15:53:02.643+0000][1][gc,cpu       ] GC(27) User=0.01s Sys=0.00s Real=0.02s
[2020-09-11T15:53:02.643+0000][1][safepoint    ] Safepoint "GenCollectForAllocation", Time since last: 40946791 ns, Reaching safepoint: 153424 ns, At safepoint: 12017514 ns, Total: 12170938 ns
[2020-09-11T15:53:02.689+0000][1][gc,start     ] GC(28) Pause Young (Allocation Failure)
[2020-09-11T15:53:02.689+0000][1][gc,task      ] GC(28) Using 1 workers of 1 for evacuation
[2020-09-11T15:53:02.701+0000][1][gc,age       ] GC(28) Desired survivor size 4358144 bytes, new threshold 6 (max threshold 6)
[2020-09-11T15:53:02.701+0000][1][gc,age       ] GC(28) Age table with threshold 6 (max threshold 6)
[2020-09-11T15:53:02.701+0000][1][gc,age       ] GC(28) - age   1:        152 bytes,        152 total
[2020-09-11T15:53:02.701+0000][1][gc,age       ] GC(28) - age   3:         72 bytes,        224 total
[2020-09-11T15:53:02.701+0000][1][gc,heap      ] GC(28) ParNew: 68220K->15K(76672K)
[2020-09-11T15:53:02.701+0000][1][gc,heap      ] GC(28) CMS: 46112K->46112K(2011968K)
[2020-09-11T15:53:02.701+0000][1][gc,metaspace ] GC(28) Metaspace: 32434K->32434K(1079296K)
[2020-09-11T15:53:02.701+0000][1][gc           ] GC(28) Pause Young (Allocation Failure) 111M->45M(2039M) 11.429ms
[2020-09-11T15:53:02.701+0000][1][gc,cpu       ] GC(28) User=0.02s Sys=0.00s Real=0.01s
[2020-09-11T15:53:02.701+0000][1][safepoint    ] Safepoint "GenCollectForAllocation", Time since last: 46449292 ns, Reaching safepoint: 143659 ns, At safepoint: 11494854 ns, Total: 11638513 ns
[2020-09-11T15:53:02.743+0000][1][gc,start     ] GC(29) Pause Young (Allocation Failure)
[2020-09-11T15:53:02.743+0000][1][gc,task      ] GC(29) Using 1 workers of 1 for evacuation
[2020-09-11T15:53:02.755+0000][1][gc,age       ] GC(29) Desired survivor size 4358144 bytes, new threshold 6 (max threshold 6)
[2020-09-11T15:53:02.755+0000][1][gc,age       ] GC(29) Age table with threshold 6 (max threshold 6)
[2020-09-11T15:53:02.755+0000][1][gc,age       ] GC(29) - age   1:        224 bytes,        224 total
[2020-09-11T15:53:02.755+0000][1][gc,age       ] GC(29) - age   4:         72 bytes,        296 total
[2020-09-11T15:53:02.755+0000][1][gc,heap      ] GC(29) ParNew: 68175K->3K(76672K)
[2020-09-11T15:53:02.755+0000][1][gc,heap      ] GC(29) CMS: 46112K->46112K(2011968K)
[2020-09-11T15:53:02.755+0000][1][gc,metaspace ] GC(29) Metaspace: 32434K->32434K(1079296K)
[2020-09-11T15:53:02.755+0000][1][gc           ] GC(29) Pause Young (Allocation Failure) 111M->45M(2039M) 11.889ms
[2020-09-11T15:53:02.755+0000][1][gc,cpu       ] GC(29) User=0.01s Sys=0.00s Real=0.01s
[2020-09-11T15:53:02.755+0000][1][safepoint    ] Safepoint "GenCollectForAllocation", Time since last: 42301370 ns, Reaching safepoint: 142334 ns, At safepoint: 11960584 ns, Total: 12102918 ns
[2020-09-11T15:53:02.796+0000][1][gc,start     ] GC(30) Pause Young (Allocation Failure)
[2020-09-11T15:53:02.797+0000][1][gc,task      ] GC(30) Using 1 workers of 1 for evacuation
[2020-09-11T15:53:02.808+0000][1][gc,age       ] GC(30) Desired survivor size 4358144 bytes, new threshold 6 (max threshold 6)
[2020-09-11T15:53:02.808+0000][1][gc,age       ] GC(30) Age table with threshold 6 (max threshold 6)
[2020-09-11T15:53:02.808+0000][1][gc,age       ] GC(30) - age   1:         24 bytes,         24 total
[2020-09-11T15:53:02.808+0000][1][gc,age       ] GC(30) - age   5:         72 bytes,         96 total
[2020-09-11T15:53:02.808+0000][1][gc,heap      ] GC(30) ParNew: 68163K->2K(76672K)
[2020-09-11T15:53:02.808+0000][1][gc,heap      ] GC(30) CMS: 46112K->46112K(2011968K)
[2020-09-11T15:53:02.808+0000][1][gc,metaspace ] GC(30) Metaspace: 32434K->32434K(1079296K)
[2020-09-11T15:53:02.808+0000][1][gc           ] GC(30) Pause Young (Allocation Failure) 111M->45M(2039M) 11.661ms
[2020-09-11T15:53:02.808+0000][1][gc,cpu       ] GC(30) User=0.01s Sys=0.00s Real=0.01s
[2020-09-11T15:53:02.808+0000][1][safepoint    ] Safepoint "GenCollectForAllocation", Time since last: 41174073 ns, Reaching safepoint: 150937 ns, At safepoint: 11725563 ns, Total: 11876500 ns
[2020-09-11T15:53:02.849+0000][1][gc,start     ] GC(31) Pause Young (Allocation Failure)
[2020-09-11T15:53:02.849+0000][1][gc,task      ] GC(31) Using 1 workers of 1 for evacuation
[2020-09-11T15:53:02.861+0000][1][gc,age       ] GC(31) Desired survivor size 4358144 bytes, new threshold 6 (max threshold 6)
[2020-09-11T15:53:02.861+0000][1][gc,age       ] GC(31) Age table with threshold 6 (max threshold 6)
[2020-09-11T15:53:02.861+0000][1][gc,age       ] GC(31) - age   1:         96 bytes,         96 total
[2020-09-11T15:53:02.861+0000][1][gc,age       ] GC(31) - age   6:         72 bytes,        168 total
[2020-09-11T15:53:02.861+0000][1][gc,heap      ] GC(31) ParNew: 68162K->2K(76672K)
[2020-09-11T15:53:02.861+0000][1][gc,heap      ] GC(31) CMS: 46112K->46112K(2011968K)
[2020-09-11T15:53:02.861+0000][1][gc,metaspace ] GC(31) Metaspace: 32434K->32434K(1079296K)
[2020-09-11T15:53:02.861+0000][1][gc           ] GC(31) Pause Young (Allocation Failure) 111M->45M(2039M) 11.440ms
[2020-09-11T15:53:02.861+0000][1][gc,cpu       ] GC(31) User=0.02s Sys=0.00s Real=0.02s
[2020-09-11T15:53:02.861+0000][1][safepoint    ] Safepoint "GenCollectForAllocation", Time since last: 41020461 ns, Reaching safepoint: 146111 ns, At safepoint: 11503025 ns, Total: 11649136 ns
[2020-09-11T15:53:03.869+0000][1][safepoint    ] Safepoint "Cleanup", Time since last: 1007919009 ns, Reaching safepoint: 132305 ns, At safepoint: 5886 ns, Total: 138191 ns
[2020-09-11T15:53:04.648+0000][1][gc,start     ] GC(32) Pause Young (Allocation Failure)
[2020-09-11T15:53:04.648+0000][1][gc,task      ] GC(32) Using 1 workers of 1 for evacuation
[2020-09-11T15:53:04.673+0000][1][gc,age       ] GC(32) Desired survivor size 4358144 bytes, new threshold 6 (max threshold 6)
[2020-09-11T15:53:04.673+0000][1][gc,age       ] GC(32) Age table with threshold 6 (max threshold 6)
[2020-09-11T15:53:04.673+0000][1][gc,age       ] GC(32) - age   1:     244584 bytes,     244584 total
[2020-09-11T15:53:04.673+0000][1][gc,heap      ] GC(32) ParNew: 68162K->241K(76672K)
[2020-09-11T15:53:04.673+0000][1][gc,heap      ] GC(32) CMS: 46112K->46112K(2011968K)
[2020-09-11T15:53:04.673+0000][1][gc,metaspace ] GC(32) Metaspace: 32454K->32454K(1079296K)
[2020-09-11T15:53:04.673+0000][1][gc           ] GC(32) Pause Young (Allocation Failure) 111M->45M(2039M) 25.784ms
[2020-09-11T15:53:04.673+0000][1][gc,cpu       ] GC(32) User=0.03s Sys=0.00s Real=0.03s
[2020-09-11T15:53:04.673+0000][1][safepoint    ] Safepoint "GenCollectForAllocation", Time since last: 778464854 ns, Reaching safepoint: 120297 ns, At safepoint: 25846515 ns, Total: 25966812 ns
[2020-09-11T15:53:05.262+0000][1][gc,start     ] GC(33) Pause Young (Allocation Failure)
[2020-09-11T15:53:05.262+0000][1][gc,task      ] GC(33) Using 1 workers of 1 for evacuation
[2020-09-11T15:53:05.274+0000][1][gc,age       ] GC(33) Desired survivor size 4358144 bytes, new threshold 6 (max threshold 6)
[2020-09-11T15:53:05.274+0000][1][gc,age       ] GC(33) Age table with threshold 6 (max threshold 6)
[2020-09-11T15:53:05.274+0000][1][gc,age       ] GC(33) - age   1:     512824 bytes,     512824 total
[2020-09-11T15:53:05.274+0000][1][gc,age       ] GC(33) - age   2:     151280 bytes,     664104 total
[2020-09-11T15:53:05.274+0000][1][gc,heap      ] GC(33) ParNew: 68401K->650K(76672K)
[2020-09-11T15:53:05.274+0000][1][gc,heap      ] GC(33) CMS: 46112K->46112K(2011968K)
[2020-09-11T15:53:05.274+0000][1][gc,metaspace ] GC(33) Metaspace: 32455K->32455K(1079296K)
[2020-09-11T15:53:05.274+0000][1][gc           ] GC(33) Pause Young (Allocation Failure) 111M->45M(2039M) 12.113ms
[2020-09-11T15:53:05.274+0000][1][gc,cpu       ] GC(33) User=0.02s Sys=0.00s Real=0.01s
[2020-09-11T15:53:05.278+0000][1][safepoint    ] Safepoint "GenCollectForAllocation", Time since last: 588720359 ns, Reaching safepoint: 150845 ns, At safepoint: 15339824 ns, Total: 15490669 ns
[2020-09-11T15:53:05.625+0000][1][gc,start     ] GC(34) Pause Young (Allocation Failure)
[2020-09-11T15:53:05.625+0000][1][gc,task      ] GC(34) Using 1 workers of 1 for evacuation
[2020-09-11T15:53:05.644+0000][1][gc,age       ] GC(34) Desired survivor size 4358144 bytes, new threshold 6 (max threshold 6)
[2020-09-11T15:53:05.644+0000][1][gc,age       ] GC(34) Age table with threshold 6 (max threshold 6)
[2020-09-11T15:53:05.644+0000][1][gc,age       ] GC(34) - age   1:     642320 bytes,     642320 total
[2020-09-11T15:53:05.644+0000][1][gc,age       ] GC(34) - age   2:     340544 bytes,     982864 total
[2020-09-11T15:53:05.644+0000][1][gc,age       ] GC(34) - age   3:     150696 bytes,    1133560 total
[2020-09-11T15:53:05.644+0000][1][gc,heap      ] GC(34) ParNew: 68810K->1149K(76672K)
[2020-09-11T15:53:05.644+0000][1][gc,heap      ] GC(34) CMS: 46112K->46112K(2011968K)
[2020-09-11T15:53:05.644+0000][1][gc,metaspace ] GC(34) Metaspace: 32455K->32455K(1079296K)
[2020-09-11T15:53:05.644+0000][1][gc           ] GC(34) Pause Young (Allocation Failure) 112M->46M(2039M) 18.956ms
[2020-09-11T15:53:05.644+0000][1][gc,cpu       ] GC(34) User=0.02s Sys=0.00s Real=0.02s
[2020-09-11T15:53:05.649+0000][1][safepoint    ] Safepoint "GenCollectForAllocation", Time since last: 347227120 ns, Reaching safepoint: 98011 ns, At safepoint: 23934344 ns, Total: 24032355 ns
[2020-09-11T15:53:05.993+0000][1][gc,start     ] GC(35) Pause Young (Allocation Failure)
[2020-09-11T15:53:05.993+0000][1][gc,task      ] GC(35) Using 1 workers of 1 for evacuation
[2020-09-11T15:53:06.016+0000][1][gc,age       ] GC(35) Desired survivor size 4358144 bytes, new threshold 6 (max threshold 6)
[2020-09-11T15:53:06.016+0000][1][gc,age       ] GC(35) Age table with threshold 6 (max threshold 6)
[2020-09-11T15:53:06.016+0000][1][gc,age       ] GC(35) - age   1:     277136 bytes,     277136 total
[2020-09-11T15:53:06.016+0000][1][gc,age       ] GC(35) - age   2:     629296 bytes,     906432 total
[2020-09-11T15:53:06.016+0000][1][gc,age       ] GC(35) - age   3:     340416 bytes,    1246848 total
[2020-09-11T15:53:06.016+0000][1][gc,age       ] GC(35) - age   4:     150312 bytes,    1397160 total
[2020-09-11T15:53:06.016+0000][1][gc,heap      ] GC(35) ParNew: 69309K->1365K(76672K)
[2020-09-11T15:53:06.016+0000][1][gc,heap      ] GC(35) CMS: 46112K->46112K(2011968K)
[2020-09-11T15:53:06.016+0000][1][gc,metaspace ] GC(35) Metaspace: 32455K->32455K(1079296K)
[2020-09-11T15:53:06.016+0000][1][gc           ] GC(35) Pause Young (Allocation Failure) 112M->46M(2039M) 23.165ms
[2020-09-11T15:53:06.016+0000][1][gc,cpu       ] GC(35) User=0.02s Sys=0.00s Real=0.02s
[2020-09-11T15:53:06.017+0000][1][safepoint    ] Safepoint "GenCollectForAllocation", Time since last: 343968525 ns, Reaching safepoint: 100147 ns, At safepoint: 23903659 ns, Total: 24003806 ns
[2020-09-11T15:53:06.346+0000][1][gc,start     ] GC(36) Pause Young (Allocation Failure)
[2020-09-11T15:53:06.346+0000][1][gc,task      ] GC(36) Using 1 workers of 1 for evacuation
[2020-09-11T15:53:06.372+0000][1][gc,age       ] GC(36) Desired survivor size 4358144 bytes, new threshold 6 (max threshold 6)
[2020-09-11T15:53:06.372+0000][1][gc,age       ] GC(36) Age table with threshold 6 (max threshold 6)
[2020-09-11T15:53:06.372+0000][1][gc,age       ] GC(36) - age   1:     934584 bytes,     934584 total
[2020-09-11T15:53:06.372+0000][1][gc,age       ] GC(36) - age   2:     264696 bytes,    1199280 total
[2020-09-11T15:53:06.372+0000][1][gc,age       ] GC(36) - age   3:     297400 bytes,    1496680 total
[2020-09-11T15:53:06.372+0000][1][gc,age       ] GC(36) - age   4:     340416 bytes,    1837096 total
[2020-09-11T15:53:06.372+0000][1][gc,age       ] GC(36) - age   5:     150208 bytes,    1987304 total
[2020-09-11T15:53:06.372+0000][1][gc,heap      ] GC(36) ParNew: 69525K->1947K(76672K)
[2020-09-11T15:53:06.372+0000][1][gc,heap      ] GC(36) CMS: 46112K->46112K(2011968K)
[2020-09-11T15:53:06.372+0000][1][gc,metaspace ] GC(36) Metaspace: 32456K->32456K(1079296K)
[2020-09-11T15:53:06.372+0000][1][gc           ] GC(36) Pause Young (Allocation Failure) 112M->46M(2039M) 26.041ms
[2020-09-11T15:53:06.372+0000][1][gc,cpu       ] GC(36) User=0.03s Sys=0.00s Real=0.02s
[2020-09-11T15:53:06.372+0000][1][safepoint    ] Safepoint "GenCollectForAllocation", Time since last: 329198260 ns, Reaching safepoint: 99357 ns, At safepoint: 26109406 ns, Total: 26208763 ns
[2020-09-11T15:53:06.617+0000][1][gc,start     ] GC(37) Pause Young (Allocation Failure)
[2020-09-11T15:53:06.617+0000][1][gc,task      ] GC(37) Using 1 workers of 1 for evacuation
[2020-09-11T15:53:06.639+0000][1][gc,age       ] GC(37) Desired survivor size 4358144 bytes, new threshold 6 (max threshold 6)
[2020-09-11T15:53:06.639+0000][1][gc,age       ] GC(37) Age table with threshold 6 (max threshold 6)
[2020-09-11T15:53:06.639+0000][1][gc,age       ] GC(37) - age   1:     344232 bytes,     344232 total
[2020-09-11T15:53:06.639+0000][1][gc,age       ] GC(37) - age   2:     922472 bytes,    1266704 total
[2020-09-11T15:53:06.639+0000][1][gc,age       ] GC(37) - age   3:     263544 bytes,    1530248 total
[2020-09-11T15:53:06.639+0000][1][gc,age       ] GC(37) - age   4:     296896 bytes,    1827144 total
[2020-09-11T15:53:06.639+0000][1][gc,age       ] GC(37) - age   5:     340000 bytes,    2167144 total
[2020-09-11T15:53:06.639+0000][1][gc,age       ] GC(37) - age   6:     150168 bytes,    2317312 total
[2020-09-11T15:53:06.640+0000][1][gc,heap      ] GC(37) ParNew: 70107K->2325K(76672K)
[2020-09-11T15:53:06.640+0000][1][gc,heap      ] GC(37) CMS: 46112K->46112K(2011968K)
[2020-09-11T15:53:06.640+0000][1][gc,metaspace ] GC(37) Metaspace: 32456K->32456K(1079296K)
[2020-09-11T15:53:06.640+0000][1][gc           ] GC(37) Pause Young (Allocation Failure) 113M->47M(2039M) 22.654ms
[2020-09-11T15:53:06.640+0000][1][gc,cpu       ] GC(37) User=0.02s Sys=0.00s Real=0.02s
[2020-09-11T15:53:06.645+0000][1][safepoint    ] Safepoint "GenCollectForAllocation", Time since last: 244610178 ns, Reaching safepoint: 100515 ns, At safepoint: 27884033 ns, Total: 27984548 ns
[2020-09-11T15:53:06.688+0000][1][safepoint    ] Safepoint "RevokeBias", Time since last: 42997409 ns, Reaching safepoint: 96010 ns, At safepoint: 24518 ns, Total: 120528 ns
[2020-09-11T15:53:06.881+0000][1][gc,start     ] GC(38) Pause Young (Allocation Failure)
[2020-09-11T15:53:06.881+0000][1][gc,task      ] GC(38) Using 1 workers of 1 for evacuation
[2020-09-11T15:53:06.894+0000][1][gc,age       ] GC(38) Desired survivor size 4358144 bytes, new threshold 6 (max threshold 6)
[2020-09-11T15:53:06.894+0000][1][gc,age       ] GC(38) Age table with threshold 6 (max threshold 6)
[2020-09-11T15:53:06.894+0000][1][gc,age       ] GC(38) - age   1:     381680 bytes,     381680 total
[2020-09-11T15:53:06.894+0000][1][gc,age       ] GC(38) - age   2:     333128 bytes,     714808 total
[2020-09-11T15:53:06.894+0000][1][gc,age       ] GC(38) - age   3:     921904 bytes,    1636712 total
[2020-09-11T15:53:06.894+0000][1][gc,age       ] GC(38) - age   4:     263312 bytes,    1900024 total
[2020-09-11T15:53:06.894+0000][1][gc,age       ] GC(38) - age   5:     296776 bytes,    2196800 total
[2020-09-11T15:53:06.894+0000][1][gc,age       ] GC(38) - age   6:     340000 bytes,    2536800 total
[2020-09-11T15:53:06.894+0000][1][gc,heap      ] GC(38) ParNew: 70485K->2483K(76672K)
[2020-09-11T15:53:06.894+0000][1][gc,heap      ] GC(38) CMS: 46112K->46256K(2011968K)
[2020-09-11T15:53:06.894+0000][1][gc,metaspace ] GC(38) Metaspace: 32458K->32458K(1079296K)
[2020-09-11T15:53:06.894+0000][1][gc           ] GC(38) Pause Young (Allocation Failure) 113M->47M(2039M) 13.308ms
[2020-09-11T15:53:06.894+0000][1][gc,cpu       ] GC(38) User=0.02s Sys=0.00s Real=0.01s
[2020-09-11T15:53:06.898+0000][1][safepoint    ] Safepoint "GenCollectForAllocation", Time since last: 192878433 ns, Reaching safepoint: 114437 ns, At safepoint: 17485277 ns, Total: 17599714 ns
[2020-09-11T15:53:07.017+0000][1][gc,start     ] GC(39) Pause Young (Allocation Failure)
[2020-09-11T15:53:07.017+0000][1][gc,task      ] GC(39) Using 1 workers of 1 for evacuation
[2020-09-11T15:53:07.032+0000][1][gc,age       ] GC(39) Desired survivor size 4358144 bytes, new threshold 6 (max threshold 6)
[2020-09-11T15:53:07.032+0000][1][gc,age       ] GC(39) Age table with threshold 6 (max threshold 6)
[2020-09-11T15:53:07.032+0000][1][gc,age       ] GC(39) - age   1:        368 bytes,        368 total
[2020-09-11T15:53:07.032+0000][1][gc,age       ] GC(39) - age   2:     381592 bytes,     381960 total
[2020-09-11T15:53:07.032+0000][1][gc,age       ] GC(39) - age   3:     333128 bytes,     715088 total
[2020-09-11T15:53:07.032+0000][1][gc,age       ] GC(39) - age   4:     921904 bytes,    1636992 total
[2020-09-11T15:53:07.032+0000][1][gc,age       ] GC(39) - age   5:     263312 bytes,    1900304 total
[2020-09-11T15:53:07.032+0000][1][gc,age       ] GC(39) - age   6:     296776 bytes,    2197080 total
[2020-09-11T15:53:07.032+0000][1][gc,heap      ] GC(39) ParNew: 70643K->2167K(76672K)
[2020-09-11T15:53:07.032+0000][1][gc,heap      ] GC(39) CMS: 46256K->46588K(2011968K)
[2020-09-11T15:53:07.032+0000][1][gc,metaspace ] GC(39) Metaspace: 32458K->32458K(1079296K)
[2020-09-11T15:53:07.032+0000][1][gc           ] GC(39) Pause Young (Allocation Failure) 114M->47M(2039M) 15.154ms
[2020-09-11T15:53:07.032+0000][1][gc,cpu       ] GC(39) User=0.02s Sys=0.00s Real=0.01s
[2020-09-11T15:53:07.036+0000][1][safepoint    ] Safepoint "GenCollectForAllocation", Time since last: 118401817 ns, Reaching safepoint: 102883 ns, At safepoint: 18680231 ns, Total: 18783114 ns
[2020-09-11T15:53:07.104+0000][1][gc,start     ] GC(40) Pause Young (Allocation Failure)
[2020-09-11T15:53:07.104+0000][1][gc,task      ] GC(40) Using 1 workers of 1 for evacuation
[2020-09-11T15:53:07.117+0000][1][gc,age       ] GC(40) Desired survivor size 4358144 bytes, new threshold 6 (max threshold 6)
[2020-09-11T15:53:07.117+0000][1][gc,age       ] GC(40) Age table with threshold 6 (max threshold 6)
[2020-09-11T15:53:07.117+0000][1][gc,age       ] GC(40) - age   1:         64 bytes,         64 total
[2020-09-11T15:53:07.117+0000][1][gc,age       ] GC(40) - age   2:        160 bytes,        224 total
[2020-09-11T15:53:07.117+0000][1][gc,age       ] GC(40) - age   3:     381592 bytes,     381816 total
[2020-09-11T15:53:07.117+0000][1][gc,age       ] GC(40) - age   4:     333128 bytes,     714944 total
[2020-09-11T15:53:07.117+0000][1][gc,age       ] GC(40) - age   5:     921904 bytes,    1636848 total
[2020-09-11T15:53:07.117+0000][1][gc,age       ] GC(40) - age   6:     263312 bytes,    1900160 total
[2020-09-11T15:53:07.117+0000][1][gc,heap      ] GC(40) ParNew: 70327K->1874K(76672K)
[2020-09-11T15:53:07.117+0000][1][gc,heap      ] GC(40) CMS: 46588K->46878K(2011968K)
[2020-09-11T15:53:07.117+0000][1][gc,metaspace ] GC(40) Metaspace: 32458K->32458K(1079296K)
[2020-09-11T15:53:07.117+0000][1][gc           ] GC(40) Pause Young (Allocation Failure) 114M->47M(2039M) 13.019ms
[2020-09-11T15:53:07.117+0000][1][gc,cpu       ] GC(40) User=0.02s Sys=0.00s Real=0.01s
[2020-09-11T15:53:07.117+0000][1][safepoint    ] Safepoint "GenCollectForAllocation", Time since last: 68432967 ns, Reaching safepoint: 148366 ns, At safepoint: 13080993 ns, Total: 13229359 ns
[2020-09-11T15:53:07.173+0000][1][gc,start     ] GC(41) Pause Young (Allocation Failure)
[2020-09-11T15:53:07.173+0000][1][gc,task      ] GC(41) Using 1 workers of 1 for evacuation
[2020-09-11T15:53:07.185+0000][1][gc,age       ] GC(41) Desired survivor size 4358144 bytes, new threshold 6 (max threshold 6)
[2020-09-11T15:53:07.185+0000][1][gc,age       ] GC(41) Age table with threshold 6 (max threshold 6)
[2020-09-11T15:53:07.185+0000][1][gc,age       ] GC(41) - age   1:         24 bytes,         24 total
[2020-09-11T15:53:07.185+0000][1][gc,age       ] GC(41) - age   3:        160 bytes,        184 total
[2020-09-11T15:53:07.185+0000][1][gc,age       ] GC(41) - age   4:     381592 bytes,     381776 total
[2020-09-11T15:53:07.185+0000][1][gc,age       ] GC(41) - age   5:     333128 bytes,     714904 total
[2020-09-11T15:53:07.185+0000][1][gc,age       ] GC(41) - age   6:     921904 bytes,    1636808 total
[2020-09-11T15:53:07.185+0000][1][gc,heap      ] GC(41) ParNew: 70034K->2021K(76672K)
[2020-09-11T15:53:07.185+0000][1][gc,heap      ] GC(41) CMS: 46878K->47135K(2011968K)
[2020-09-11T15:53:07.185+0000][1][gc,metaspace ] GC(41) Metaspace: 32458K->32458K(1079296K)
[2020-09-11T15:53:07.185+0000][1][gc           ] GC(41) Pause Young (Allocation Failure) 114M->48M(2039M) 12.083ms
[2020-09-11T15:53:07.185+0000][1][gc,cpu       ] GC(41) User=0.01s Sys=0.00s Real=0.01s
[2020-09-11T15:53:07.185+0000][1][safepoint    ] Safepoint "GenCollectForAllocation", Time since last: 55734092 ns, Reaching safepoint: 145996 ns, At safepoint: 12150422 ns, Total: 12296418 ns
[2020-09-11T15:53:07.244+0000][1][gc,start     ] GC(42) Pause Young (Allocation Failure)
[2020-09-11T15:53:07.244+0000][1][gc,task      ] GC(42) Using 1 workers of 1 for evacuation
[2020-09-11T15:53:07.257+0000][1][gc,age       ] GC(42) Desired survivor size 4358144 bytes, new threshold 6 (max threshold 6)
[2020-09-11T15:53:07.257+0000][1][gc,age       ] GC(42) Age table with threshold 6 (max threshold 6)
[2020-09-11T15:53:07.257+0000][1][gc,age       ] GC(42) - age   1:        200 bytes,        200 total
[2020-09-11T15:53:07.257+0000][1][gc,age       ] GC(42) - age   4:        160 bytes,        360 total
[2020-09-11T15:53:07.257+0000][1][gc,age       ] GC(42) - age   5:     381592 bytes,     381952 total
[2020-09-11T15:53:07.257+0000][1][gc,age       ] GC(42) - age   6:     333128 bytes,     715080 total
[2020-09-11T15:53:07.257+0000][1][gc,heap      ] GC(42) ParNew: 70181K->807K(76672K)
[2020-09-11T15:53:07.257+0000][1][gc,heap      ] GC(42) CMS: 47135K->48035K(2011968K)
[2020-09-11T15:53:07.257+0000][1][gc,metaspace ] GC(42) Metaspace: 32458K->32458K(1079296K)
[2020-09-11T15:53:07.257+0000][1][gc           ] GC(42) Pause Young (Allocation Failure) 114M->47M(2039M) 12.838ms
[2020-09-11T15:53:07.257+0000][1][gc,cpu       ] GC(42) User=0.02s Sys=0.00s Real=0.01s
[2020-09-11T15:53:07.257+0000][1][safepoint    ] Safepoint "GenCollectForAllocation", Time since last: 58475413 ns, Reaching safepoint: 153378 ns, At safepoint: 12937703 ns, Total: 13091081 ns
[2020-09-11T15:53:07.316+0000][1][gc,start     ] GC(43) Pause Young (Allocation Failure)
[2020-09-11T15:53:07.316+0000][1][gc,task      ] GC(43) Using 1 workers of 1 for evacuation
[2020-09-11T15:53:07.328+0000][1][gc,age       ] GC(43) Desired survivor size 4358144 bytes, new threshold 6 (max threshold 6)
[2020-09-11T15:53:07.328+0000][1][gc,age       ] GC(43) Age table with threshold 6 (max threshold 6)
[2020-09-11T15:53:07.328+0000][1][gc,age       ] GC(43) - age   1:         48 bytes,         48 total
[2020-09-11T15:53:07.328+0000][1][gc,age       ] GC(43) - age   5:        160 bytes,        208 total
[2020-09-11T15:53:07.329+0000][1][gc,age       ] GC(43) - age   6:     381592 bytes,     381800 total
[2020-09-11T15:53:07.329+0000][1][gc,heap      ] GC(43) ParNew: 68967K->725K(76672K)
[2020-09-11T15:53:07.329+0000][1][gc,heap      ] GC(43) CMS: 48035K->48361K(2011968K)
[2020-09-11T15:53:07.329+0000][1][gc,metaspace ] GC(43) Metaspace: 32458K->32458K(1079296K)
[2020-09-11T15:53:07.329+0000][1][gc           ] GC(43) Pause Young (Allocation Failure) 114M->47M(2039M) 12.241ms
[2020-09-11T15:53:07.329+0000][1][gc,cpu       ] GC(43) User=0.01s Sys=0.00s Real=0.01s
[2020-09-11T15:53:07.329+0000][1][safepoint    ] Safepoint "GenCollectForAllocation", Time since last: 59327030 ns, Reaching safepoint: 164078 ns, At safepoint: 12311221 ns, Total: 12475299 ns
[2020-09-11T15:53:07.385+0000][1][gc,start     ] GC(44) Pause Young (Allocation Failure)
[2020-09-11T15:53:07.385+0000][1][gc,task      ] GC(44) Using 1 workers of 1 for evacuation
[2020-09-11T15:53:07.398+0000][1][gc,age       ] GC(44) Desired survivor size 4358144 bytes, new threshold 6 (max threshold 6)
[2020-09-11T15:53:07.398+0000][1][gc,age       ] GC(44) Age table with threshold 6 (max threshold 6)
[2020-09-11T15:53:07.398+0000][1][gc,age       ] GC(44) - age   1:         48 bytes,         48 total
[2020-09-11T15:53:07.398+0000][1][gc,age       ] GC(44) - age   6:        160 bytes,        208 total
[2020-09-11T15:53:07.398+0000][1][gc,heap      ] GC(44) ParNew: 68885K->321K(76672K)
[2020-09-11T15:53:07.398+0000][1][gc,heap      ] GC(44) CMS: 48361K->48734K(2011968K)
[2020-09-11T15:53:07.398+0000][1][gc,metaspace ] GC(44) Metaspace: 32458K->32458K(1079296K)
[2020-09-11T15:53:07.398+0000][1][gc           ] GC(44) Pause Young (Allocation Failure) 114M->47M(2039M) 12.423ms
[2020-09-11T15:53:07.398+0000][1][gc,cpu       ] GC(44) User=0.01s Sys=0.00s Real=0.01s
[2020-09-11T15:53:07.398+0000][1][safepoint    ] Safepoint "GenCollectForAllocation", Time since last: 56516969 ns, Reaching safepoint: 160063 ns, At safepoint: 12497930 ns, Total: 12657993 ns
[2020-09-11T15:53:07.455+0000][1][gc,start     ] GC(45) Pause Young (Allocation Failure)
[2020-09-11T15:53:07.455+0000][1][gc,task      ] GC(45) Using 1 workers of 1 for evacuation
[2020-09-11T15:53:07.468+0000][1][gc,age       ] GC(45) Desired survivor size 4358144 bytes, new threshold 6 (max threshold 6)
[2020-09-11T15:53:07.468+0000][1][gc,age       ] GC(45) Age table with threshold 6 (max threshold 6)
[2020-09-11T15:53:07.468+0000][1][gc,age       ] GC(45) - age   1:        184 bytes,        184 total
[2020-09-11T15:53:07.468+0000][1][gc,heap      ] GC(45) ParNew: 68481K->80K(76672K)
[2020-09-11T15:53:07.468+0000][1][gc,heap      ] GC(45) CMS: 48734K->48734K(2011968K)
[2020-09-11T15:53:07.468+0000][1][gc,metaspace ] GC(45) Metaspace: 32458K->32458K(1079296K)
[2020-09-11T15:53:07.468+0000][1][gc           ] GC(45) Pause Young (Allocation Failure) 114M->47M(2039M) 13.387ms
[2020-09-11T15:53:07.468+0000][1][gc,cpu       ] GC(45) User=0.02s Sys=0.00s Real=0.01s
[2020-09-11T15:53:07.468+0000][1][safepoint    ] Safepoint "GenCollectForAllocation", Time since last: 57084679 ns, Reaching safepoint: 154608 ns, At safepoint: 13460113 ns, Total: 13614721 ns
[2020-09-11T15:53:07.526+0000][1][gc,start     ] GC(46) Pause Young (Allocation Failure)
[2020-09-11T15:53:07.526+0000][1][gc,task      ] GC(46) Using 1 workers of 1 for evacuation
[2020-09-11T15:53:07.538+0000][1][gc,age       ] GC(46) Desired survivor size 4358144 bytes, new threshold 6 (max threshold 6)
[2020-09-11T15:53:07.538+0000][1][gc,age       ] GC(46) Age table with threshold 6 (max threshold 6)
[2020-09-11T15:53:07.538+0000][1][gc,age       ] GC(46) - age   1:         24 bytes,         24 total
[2020-09-11T15:53:07.538+0000][1][gc,heap      ] GC(46) ParNew: 68240K->20K(76672K)
[2020-09-11T15:53:07.538+0000][1][gc,heap      ] GC(46) CMS: 48734K->48734K(2011968K)
[2020-09-11T15:53:07.538+0000][1][gc,metaspace ] GC(46) Metaspace: 32458K->32458K(1079296K)
[2020-09-11T15:53:07.538+0000][1][gc           ] GC(46) Pause Young (Allocation Failure) 114M->47M(2039M) 11.696ms
[2020-09-11T15:53:07.538+0000][1][gc,cpu       ] GC(46) User=0.01s Sys=0.00s Real=0.01s
[2020-09-11T15:53:07.538+0000][1][safepoint    ] Safepoint "GenCollectForAllocation", Time since last: 57417353 ns, Reaching safepoint: 146899 ns, At safepoint: 11752126 ns, Total: 11899025 ns
[2020-09-11T15:53:07.596+0000][1][gc,start     ] GC(47) Pause Young (Allocation Failure)
[2020-09-11T15:53:07.597+0000][1][gc,task      ] GC(47) Using 1 workers of 1 for evacuation
[2020-09-11T15:53:07.608+0000][1][gc,age       ] GC(47) Desired survivor size 4358144 bytes, new threshold 6 (max threshold 6)
[2020-09-11T15:53:07.608+0000][1][gc,age       ] GC(47) Age table with threshold 6 (max threshold 6)
[2020-09-11T15:53:07.608+0000][1][gc,age       ] GC(47) - age   1:         40 bytes,         40 total
[2020-09-11T15:53:07.608+0000][1][gc,heap      ] GC(47) ParNew: 68180K->5K(76672K)
[2020-09-11T15:53:07.608+0000][1][gc,heap      ] GC(47) CMS: 48734K->48734K(2011968K)
[2020-09-11T15:53:07.608+0000][1][gc,metaspace ] GC(47) Metaspace: 32458K->32458K(1079296K)
[2020-09-11T15:53:07.608+0000][1][gc           ] GC(47) Pause Young (Allocation Failure) 114M->47M(2039M) 11.452ms
[2020-09-11T15:53:07.608+0000][1][gc,cpu       ] GC(47) User=0.01s Sys=0.00s Real=0.01s
[2020-09-11T15:53:07.608+0000][1][safepoint    ] Safepoint "GenCollectForAllocation", Time since last: 58499500 ns, Reaching safepoint: 148855 ns, At safepoint: 11511210 ns, Total: 11660065 ns
[2020-09-11T15:53:08.281+0000][1][gc,start     ] GC(48) Pause Young (Allocation Failure)
[2020-09-11T15:53:08.281+0000][1][gc,task      ] GC(48) Using 1 workers of 1 for evacuation
[2020-09-11T15:53:08.296+0000][1][gc,age       ] GC(48) Desired survivor size 4358144 bytes, new threshold 6 (max threshold 6)
[2020-09-11T15:53:08.296+0000][1][gc,age       ] GC(48) Age table with threshold 6 (max threshold 6)
[2020-09-11T15:53:08.296+0000][1][gc,age       ] GC(48) - age   1:      77736 bytes,      77736 total
[2020-09-11T15:53:08.296+0000][1][gc,heap      ] GC(48) ParNew: 68165K->78K(76672K)
[2020-09-11T15:53:08.296+0000][1][gc,heap      ] GC(48) CMS: 48734K->48734K(2011968K)
[2020-09-11T15:53:08.296+0000][1][gc,metaspace ] GC(48) Metaspace: 32460K->32460K(1079296K)
[2020-09-11T15:53:08.296+0000][1][gc           ] GC(48) Pause Young (Allocation Failure) 114M->47M(2039M) 14.926ms
[2020-09-11T15:53:08.296+0000][1][gc,cpu       ] GC(48) User=0.02s Sys=0.00s Real=0.01s
[2020-09-11T15:53:08.301+0000][1][safepoint    ] Safepoint "GenCollectForAllocation", Time since last: 672808039 ns, Reaching safepoint: 112916 ns, At safepoint: 19902134 ns, Total: 20015050 ns
[2020-09-11T15:53:08.544+0000][1][gc,start     ] GC(49) Pause Young (Allocation Failure)
[2020-09-11T15:53:08.544+0000][1][gc,task      ] GC(49) Using 1 workers of 1 for evacuation
[2020-09-11T15:53:08.568+0000][1][gc,age       ] GC(49) Desired survivor size 4358144 bytes, new threshold 6 (max threshold 6)
[2020-09-11T15:53:08.568+0000][1][gc,age       ] GC(49) Age table with threshold 6 (max threshold 6)
[2020-09-11T15:53:08.568+0000][1][gc,age       ] GC(49) - age   1:     548112 bytes,     548112 total
[2020-09-11T15:53:08.568+0000][1][gc,age       ] GC(49) - age   2:      47504 bytes,     595616 total
[2020-09-11T15:53:08.568+0000][1][gc,heap      ] GC(49) ParNew: 68238K->583K(76672K)
[2020-09-11T15:53:08.568+0000][1][gc,heap      ] GC(49) CMS: 48734K->48734K(2011968K)
[2020-09-11T15:53:08.568+0000][1][gc,metaspace ] GC(49) Metaspace: 32460K->32460K(1079296K)
[2020-09-11T15:53:08.568+0000][1][gc           ] GC(49) Pause Young (Allocation Failure) 114M->48M(2039M) 24.206ms
[2020-09-11T15:53:08.568+0000][1][gc,cpu       ] GC(49) User=0.02s Sys=0.00s Real=0.02s
[2020-09-11T15:53:08.573+0000][1][safepoint    ] Safepoint "GenCollectForAllocation", Time since last: 242857344 ns, Reaching safepoint: 69051 ns, At safepoint: 29057771 ns, Total: 29126822 ns
[2020-09-11T15:53:08.723+0000][1][gc,start     ] GC(50) Pause Young (Allocation Failure)
[2020-09-11T15:53:08.723+0000][1][gc,task      ] GC(50) Using 1 workers of 1 for evacuation
[2020-09-11T15:53:08.735+0000][1][gc,age       ] GC(50) Desired survivor size 4358144 bytes, new threshold 6 (max threshold 6)
[2020-09-11T15:53:08.735+0000][1][gc,age       ] GC(50) Age table with threshold 6 (max threshold 6)
[2020-09-11T15:53:08.735+0000][1][gc,age       ] GC(50) - age   1:     645704 bytes,     645704 total
[2020-09-11T15:53:08.735+0000][1][gc,age       ] GC(50) - age   2:     376400 bytes,    1022104 total
[2020-09-11T15:53:08.735+0000][1][gc,age       ] GC(50) - age   3:      46976 bytes,    1069080 total
[2020-09-11T15:53:08.735+0000][1][gc,heap      ] GC(50) ParNew: 68743K->1058K(76672K)
[2020-09-11T15:53:08.735+0000][1][gc,heap      ] GC(50) CMS: 48734K->48734K(2011968K)
[2020-09-11T15:53:08.735+0000][1][gc,metaspace ] GC(50) Metaspace: 32460K->32460K(1079296K)
[2020-09-11T15:53:08.735+0000][1][gc           ] GC(50) Pause Young (Allocation Failure) 114M->48M(2039M) 12.279ms
[2020-09-11T15:53:08.735+0000][1][gc,cpu       ] GC(50) User=0.02s Sys=0.00s Real=0.01s
[2020-09-11T15:53:08.735+0000][1][safepoint    ] Safepoint "GenCollectForAllocation", Time since last: 149948935 ns, Reaching safepoint: 157140 ns, At safepoint: 12346688 ns, Total: 12503828 ns
[2020-09-11T15:53:08.828+0000][1][gc,start     ] GC(51) Pause Young (Allocation Failure)
[2020-09-11T15:53:08.828+0000][1][gc,task      ] GC(51) Using 1 workers of 1 for evacuation
[2020-09-11T15:53:08.840+0000][1][gc,age       ] GC(51) Desired survivor size 4358144 bytes, new threshold 6 (max threshold 6)
[2020-09-11T15:53:08.840+0000][1][gc,age       ] GC(51) Age table with threshold 6 (max threshold 6)
[2020-09-11T15:53:08.840+0000][1][gc,age       ] GC(51) - age   1:     314648 bytes,     314648 total
[2020-09-11T15:53:08.840+0000][1][gc,age       ] GC(51) - age   2:     627960 bytes,     942608 total
[2020-09-11T15:53:08.840+0000][1][gc,age       ] GC(51) - age   3:     375312 bytes,    1317920 total
[2020-09-11T15:53:08.840+0000][1][gc,age       ] GC(51) - age   4:      46936 bytes,    1364856 total
[2020-09-11T15:53:08.840+0000][1][gc,heap      ] GC(51) ParNew: 69218K->1335K(76672K)
[2020-09-11T15:53:08.840+0000][1][gc,heap      ] GC(51) CMS: 48734K->48734K(2011968K)
[2020-09-11T15:53:08.840+0000][1][gc,metaspace ] GC(51) Metaspace: 32460K->32460K(1079296K)
[2020-09-11T15:53:08.840+0000][1][gc           ] GC(51) Pause Young (Allocation Failure) 115M->48M(2039M) 11.922ms
[2020-09-11T15:53:08.840+0000][1][gc,cpu       ] GC(51) User=0.02s Sys=0.00s Real=0.01s
[2020-09-11T15:53:08.840+0000][1][safepoint    ] Safepoint "GenCollectForAllocation", Time since last: 92915202 ns, Reaching safepoint: 146835 ns, At safepoint: 11977321 ns, Total: 12124156 ns
[2020-09-11T15:53:08.983+0000][1][gc,start     ] GC(52) Pause Young (Allocation Failure)
[2020-09-11T15:53:08.983+0000][1][gc,task      ] GC(52) Using 1 workers of 1 for evacuation
[2020-09-11T15:53:08.995+0000][1][gc,age       ] GC(52) Desired survivor size 4358144 bytes, new threshold 6 (max threshold 6)
[2020-09-11T15:53:08.995+0000][1][gc,age       ] GC(52) Age table with threshold 6 (max threshold 6)
[2020-09-11T15:53:08.995+0000][1][gc,age       ] GC(52) - age   1:     963072 bytes,     963072 total
[2020-09-11T15:53:08.995+0000][1][gc,age       ] GC(52) - age   2:     302856 bytes,    1265928 total
[2020-09-11T15:53:08.995+0000][1][gc,age       ] GC(52) - age   3:     299712 bytes,    1565640 total
[2020-09-11T15:53:08.995+0000][1][gc,age       ] GC(52) - age   4:     375152 bytes,    1940792 total
[2020-09-11T15:53:08.995+0000][1][gc,age       ] GC(52) - age   5:      46936 bytes,    1987728 total
[2020-09-11T15:53:08.995+0000][1][gc,heap      ] GC(52) ParNew: 69495K->1959K(76672K)
[2020-09-11T15:53:08.995+0000][1][gc,heap      ] GC(52) CMS: 48734K->48734K(2011968K)
[2020-09-11T15:53:08.995+0000][1][gc,metaspace ] GC(52) Metaspace: 32460K->32460K(1079296K)
[2020-09-11T15:53:08.995+0000][1][gc           ] GC(52) Pause Young (Allocation Failure) 115M->49M(2039M) 12.291ms
[2020-09-11T15:53:08.995+0000][1][gc,cpu       ] GC(52) User=0.02s Sys=0.00s Real=0.01s
[2020-09-11T15:53:08.995+0000][1][safepoint    ] Safepoint "GenCollectForAllocation", Time since last: 142343388 ns, Reaching safepoint: 158906 ns, At safepoint: 12352806 ns, Total: 12511712 ns
[2020-09-11T15:53:09.097+0000][1][gc,start     ] GC(53) Pause Young (Allocation Failure)
[2020-09-11T15:53:09.109+0000][1][gc,task      ] GC(53) Using 1 workers of 1 for evacuation
[2020-09-11T15:53:09.128+0000][1][gc,age       ] GC(53) Desired survivor size 4358144 bytes, new threshold 6 (max threshold 6)
[2020-09-11T15:53:09.128+0000][1][gc,age       ] GC(53) Age table with threshold 6 (max threshold 6)
[2020-09-11T15:53:09.128+0000][1][gc,age       ] GC(53) - age   1:     314112 bytes,     314112 total
[2020-09-11T15:53:09.128+0000][1][gc,age       ] GC(53) - age   2:     951632 bytes,    1265744 total
[2020-09-11T15:53:09.128+0000][1][gc,age       ] GC(53) - age   3:     298496 bytes,    1564240 total
[2020-09-11T15:53:09.128+0000][1][gc,age       ] GC(53) - age   4:     299072 bytes,    1863312 total
[2020-09-11T15:53:09.128+0000][1][gc,age       ] GC(53) - age   5:     374976 bytes,    2238288 total
[2020-09-11T15:53:09.128+0000][1][gc,age       ] GC(53) - age   6:      46936 bytes,    2285224 total
[2020-09-11T15:53:09.128+0000][1][gc,heap      ] GC(53) ParNew: 70119K->2310K(76672K)
[2020-09-11T15:53:09.128+0000][1][gc,heap      ] GC(53) CMS: 48734K->48734K(2011968K)
[2020-09-11T15:53:09.128+0000][1][gc,metaspace ] GC(53) Metaspace: 32460K->32460K(1079296K)
[2020-09-11T15:53:09.128+0000][1][gc           ] GC(53) Pause Young (Allocation Failure) 116M->49M(2039M) 30.865ms
[2020-09-11T15:53:09.128+0000][1][gc,cpu       ] GC(53) User=0.02s Sys=0.00s Real=0.03s
[2020-09-11T15:53:09.128+0000][1][safepoint    ] Safepoint "GenCollectForAllocation", Time since last: 101918603 ns, Reaching safepoint: 150835 ns, At safepoint: 30923647 ns, Total: 31074482 ns
[2020-09-11T15:53:09.717+0000][1][safepoint    ] Safepoint "Deoptimize", Time since last: 584616395 ns, Reaching safepoint: 4164162 ns, At safepoint: 296703 ns, Total: 4460865 ns
[2020-09-11T15:53:09.977+0000][1][safepoint    ] Safepoint "CollectForMetadataAllocation", Time since last: 259626417 ns, Reaching safepoint: 151629 ns, At safepoint: 118645 ns, Total: 270274 ns
[2020-09-11T15:53:10.052+0000][1][safepoint    ] Safepoint "CollectForMetadataAllocation", Time since last: 71692723 ns, Reaching safepoint: 2847591 ns, At safepoint: 115315 ns, Total: 2962906 ns
[2020-09-11T15:53:10.133+0000][1][safepoint    ] Safepoint "CollectForMetadataAllocation", Time since last: 79276862 ns, Reaching safepoint: 1767996 ns, At safepoint: 117236 ns, Total: 1885232 ns
[2020-09-11T15:53:10.157+0000][1][safepoint    ] Safepoint "CollectForMetadataAllocation", Time since last: 23365803 ns, Reaching safepoint: 107370 ns, At safepoint: 128729 ns, Total: 236099 ns
[2020-09-11T15:53:10.220+0000][1][safepoint    ] Safepoint "CollectForMetadataAllocation", Time since last: 63540982 ns, Reaching safepoint: 95516 ns, At safepoint: 113687 ns, Total: 209203 ns
[2020-09-11T15:53:10.224+0000][1][gc,start     ] GC(54) Pause Young (Allocation Failure)
[2020-09-11T15:53:10.224+0000][1][gc,task      ] GC(54) Using 1 workers of 1 for evacuation
[2020-09-11T15:53:10.286+0000][1][gc,age       ] GC(54) Desired survivor size 4358144 bytes, new threshold 6 (max threshold 6)
[2020-09-11T15:53:10.286+0000][1][gc,age       ] GC(54) Age table with threshold 6 (max threshold 6)
[2020-09-11T15:53:10.286+0000][1][gc,age       ] GC(54) - age   1:    1270536 bytes,    1270536 total
[2020-09-11T15:53:10.286+0000][1][gc,age       ] GC(54) - age   2:     301544 bytes,    1572080 total
[2020-09-11T15:53:10.286+0000][1][gc,age       ] GC(54) - age   3:     951288 bytes,    2523368 total
[2020-09-11T15:53:10.286+0000][1][gc,age       ] GC(54) - age   4:     297872 bytes,    2821240 total
[2020-09-11T15:53:10.286+0000][1][gc,age       ] GC(54) - age   5:     298664 bytes,    3119904 total
[2020-09-11T15:53:10.286+0000][1][gc,age       ] GC(54) - age   6:     374736 bytes,    3494640 total
[2020-09-11T15:53:10.286+0000][1][gc,heap      ] GC(54) ParNew: 70470K->3443K(76672K)
[2020-09-11T15:53:10.286+0000][1][gc,heap      ] GC(54) CMS: 48734K->48777K(2011968K)
[2020-09-11T15:53:10.286+0000][1][gc,metaspace ] GC(54) Metaspace: 35680K->35680K(1083392K)
[2020-09-11T15:53:10.286+0000][1][gc           ] GC(54) Pause Young (Allocation Failure) 116M->50M(2039M) 62.343ms
[2020-09-11T15:53:10.286+0000][1][gc,cpu       ] GC(54) User=0.03s Sys=0.00s Real=0.06s
[2020-09-11T15:53:10.286+0000][1][safepoint    ] Safepoint "GenCollectForAllocation", Time since last: 3716680 ns, Reaching safepoint: 93458 ns, At safepoint: 62384180 ns, Total: 62477638 ns
[2020-09-11T15:53:10.313+0000][1][gc,start     ] GC(55) Pause Initial Mark
[2020-09-11T15:53:10.314+0000][1][gc           ] GC(55) Pause Initial Mark 52M->52M(2039M) 1.498ms
[2020-09-11T15:53:10.314+0000][1][gc,cpu       ] GC(55) User=0.00s Sys=0.00s Real=0.00s
[2020-09-11T15:53:10.314+0000][1][safepoint    ] Safepoint "CMS_Initial_Mark", Time since last: 24034213 ns, Reaching safepoint: 2296957 ns, At safepoint: 1565407 ns, Total: 3862364 ns
[2020-09-11T15:53:10.325+0000][1][gc           ] GC(55) Concurrent Mark
[2020-09-11T15:53:10.465+0000][1][safepoint    ] Safepoint "CollectForMetadataAllocation", Time since last: 150613088 ns, Reaching safepoint: 275360 ns, At safepoint: 110803 ns, Total: 386163 ns
[2020-09-11T15:53:10.673+0000][1][gc           ] GC(55) Concurrent Mark 347.922ms
[2020-09-11T15:53:10.673+0000][1][gc,cpu       ] GC(55) User=0.15s Sys=0.01s Real=0.35s
[2020-09-11T15:53:10.673+0000][1][gc           ] GC(55) Concurrent Preclean
[2020-09-11T15:53:10.676+0000][1][gc           ] GC(55) Concurrent Preclean 2.634ms
[2020-09-11T15:53:10.676+0000][1][gc,cpu       ] GC(55) User=0.00s Sys=0.00s Real=0.00s
[2020-09-11T15:53:10.676+0000][1][gc           ] GC(55) Concurrent Abortable Preclean
[2020-09-11T15:53:10.977+0000][1][gc,start     ] GC(56) Pause Young (Allocation Failure)
[2020-09-11T15:53:10.977+0000][1][gc,task      ] GC(56) Using 1 workers of 1 for evacuation
[2020-09-11T15:53:11.006+0000][1][gc,age       ] GC(56) Desired survivor size 4358144 bytes, new threshold 6 (max threshold 6)
[2020-09-11T15:53:11.006+0000][1][gc,age       ] GC(56) Age table with threshold 6 (max threshold 6)
[2020-09-11T15:53:11.006+0000][1][gc,age       ] GC(56) - age   1:     332552 bytes,     332552 total
[2020-09-11T15:53:11.006+0000][1][gc,age       ] GC(56) - age   2:    1218152 bytes,    1550704 total
[2020-09-11T15:53:11.006+0000][1][gc,age       ] GC(56) - age   3:     301544 bytes,    1852248 total
[2020-09-11T15:53:11.006+0000][1][gc,age       ] GC(56) - age   4:     951288 bytes,    2803536 total
[2020-09-11T15:53:11.006+0000][1][gc,age       ] GC(56) - age   5:     297872 bytes,    3101408 total
[2020-09-11T15:53:11.006+0000][1][gc,age       ] GC(56) - age   6:     298664 bytes,    3400072 total
[2020-09-11T15:53:11.006+0000][1][gc,heap      ] GC(56) ParNew: 71603K->3437K(76672K)
[2020-09-11T15:53:11.006+0000][1][gc,heap      ] GC(56) CMS: 48777K->49143K(2011968K)
[2020-09-11T15:53:11.006+0000][1][gc,metaspace ] GC(56) Metaspace: 36235K->36235K(1083392K)
[2020-09-11T15:53:11.006+0000][1][gc           ] GC(56) Pause Young (Allocation Failure) 117M->51M(2039M) 29.599ms
[2020-09-11T15:53:11.006+0000][1][gc,cpu       ] GC(56) User=0.01s Sys=0.00s Real=0.03s
[2020-09-11T15:53:11.020+0000][1][safepoint    ] Safepoint "GenCollectForAllocation", Time since last: 511416976 ns, Reaching safepoint: 72443 ns, At safepoint: 43170074 ns, Total: 43242517 ns
[2020-09-11T15:53:11.199+0000][1][safepoint    ] Safepoint "CollectForMetadataAllocation", Time since last: 178883788 ns, Reaching safepoint: 75811 ns, At safepoint: 126271 ns, Total: 202082 ns
[2020-09-11T15:53:11.716+0000][1][gc           ] GC(55) Concurrent Abortable Preclean 1040.549ms
[2020-09-11T15:53:11.717+0000][1][gc,cpu       ] GC(55) User=0.64s Sys=0.00s Real=1.04s
[2020-09-11T15:53:11.717+0000][1][gc,start     ] GC(55) Pause Remark
[2020-09-11T15:53:11.750+0000][1][gc           ] GC(55) Pause Remark 91M->91M(2039M) 32.890ms
[2020-09-11T15:53:11.750+0000][1][gc,cpu       ] GC(55) User=0.03s Sys=0.00s Real=0.03s
[2020-09-11T15:53:11.757+0000][1][safepoint    ] Safepoint "CMS_Final_Remark", Time since last: 517456475 ns, Reaching safepoint: 128590 ns, At safepoint: 40167500 ns, Total: 40296090 ns
[2020-09-11T15:53:11.757+0000][1][gc           ] GC(55) Concurrent Sweep
[2020-09-11T15:53:11.773+0000][1][safepoint    ] Safepoint "CollectForMetadataAllocation", Time since last: 7920222 ns, Reaching safepoint: 8306160 ns, At safepoint: 122215 ns, Total: 8428375 ns
[2020-09-11T15:53:11.819+0000][1][gc           ] GC(55) Concurrent Sweep 61.892ms
[2020-09-11T15:53:11.819+0000][1][gc,cpu       ] GC(55) User=0.04s Sys=0.00s Real=0.06s
[2020-09-11T15:53:11.819+0000][1][gc           ] GC(55) Concurrent Reset
[2020-09-11T15:53:11.829+0000][1][gc           ] GC(55) Concurrent Reset 10.404ms
[2020-09-11T15:53:11.829+0000][1][gc,cpu       ] GC(55) User=0.01s Sys=0.00s Real=0.01s
[2020-09-11T15:53:11.829+0000][1][gc,heap      ] GC(55) Old: 48777K->48065K(2011968K)
[2020-09-11T15:53:11.849+0000][1][safepoint    ] Safepoint "RevokeBias", Time since last: 75850640 ns, Reaching safepoint: 108843 ns, At safepoint: 37563 ns, Total: 146406 ns
[2020-09-11T15:53:12.473+0000][1][gc,start     ] GC(57) Pause Young (Allocation Failure)
[2020-09-11T15:53:12.473+0000][1][gc,task      ] GC(57) Using 1 workers of 1 for evacuation
[2020-09-11T15:53:12.496+0000][1][gc,age       ] GC(57) Desired survivor size 4358144 bytes, new threshold 4 (max threshold 6)
[2020-09-11T15:53:12.496+0000][1][gc,age       ] GC(57) Age table with threshold 4 (max threshold 6)
[2020-09-11T15:53:12.496+0000][1][gc,age       ] GC(57) - age   1:    2580520 bytes,    2580520 total
[2020-09-11T15:53:12.496+0000][1][gc,age       ] GC(57) - age   2:     287128 bytes,    2867648 total
[2020-09-11T15:53:12.496+0000][1][gc,age       ] GC(57) - age   3:    1215696 bytes,    4083344 total
[2020-09-11T15:53:12.496+0000][1][gc,age       ] GC(57) - age   4:     301544 bytes,    4384888 total
[2020-09-11T15:53:12.496+0000][1][gc,age       ] GC(57) - age   5:     951288 bytes,    5336176 total
[2020-09-11T15:53:12.496+0000][1][gc,age       ] GC(57) - age   6:     297872 bytes,    5634048 total
[2020-09-11T15:53:12.497+0000][1][gc,heap      ] GC(57) ParNew: 71597K->8115K(76672K)
[2020-09-11T15:53:12.497+0000][1][gc,heap      ] GC(57) CMS: 48065K->48356K(2011968K)
[2020-09-11T15:53:12.497+0000][1][gc,metaspace ] GC(57) Metaspace: 41477K->41477K(1087488K)
[2020-09-11T15:53:12.497+0000][1][gc           ] GC(57) Pause Young (Allocation Failure) 116M->55M(2039M) 23.652ms
[2020-09-11T15:53:12.497+0000][1][gc,cpu       ] GC(57) User=0.02s Sys=0.00s Real=0.02s
[2020-09-11T15:53:12.497+0000][1][safepoint    ] Safepoint "GenCollectForAllocation", Time since last: 623481926 ns, Reaching safepoint: 216165 ns, At safepoint: 23722299 ns, Total: 23938464 ns
[2020-09-11T15:53:13.041+0000][1][safepoint    ] Safepoint "RevokeBias", Time since last: 544430214 ns, Reaching safepoint: 161721 ns, At safepoint: 43235 ns, Total: 204956 ns
[2020-09-11T15:53:13.042+0000][1][safepoint    ] Safepoint "RevokeBias", Time since last: 113292 ns, Reaching safepoint: 136281 ns, At safepoint: 32961 ns, Total: 169242 ns
[2020-09-11T15:53:13.042+0000][1][safepoint    ] Safepoint "RevokeBias", Time since last: 53572 ns, Reaching safepoint: 124833 ns, At safepoint: 34240 ns, Total: 159073 ns
[2020-09-11T15:53:14.042+0000][1][safepoint    ] Safepoint "Cleanup", Time since last: 1000088442 ns, Reaching safepoint: 114607 ns, At safepoint: 7489 ns, Total: 122096 ns
[2020-09-11T15:53:15.042+0000][1][safepoint    ] Safepoint "Cleanup", Time since last: 1000114440 ns, Reaching safepoint: 132821 ns, At safepoint: 6654 ns, Total: 139475 ns
[2020-09-11T15:53:15.251+0000][1][gc,start     ] GC(58) Pause Young (Allocation Failure)
[2020-09-11T15:53:15.251+0000][1][gc,task      ] GC(58) Using 1 workers of 1 for evacuation
[2020-09-11T15:53:15.286+0000][1][gc,age       ] GC(58) Desired survivor size 4358144 bytes, new threshold 2 (max threshold 6)
[2020-09-11T15:53:15.286+0000][1][gc,age       ] GC(58) Age table with threshold 2 (max threshold 6)
[2020-09-11T15:53:15.287+0000][1][gc,age       ] GC(58) - age   1:    2863568 bytes,    2863568 total
[2020-09-11T15:53:15.287+0000][1][gc,age       ] GC(58) - age   2:    2487504 bytes,    5351072 total
[2020-09-11T15:53:15.287+0000][1][gc,age       ] GC(58) - age   3:     286984 bytes,    5638056 total
[2020-09-11T15:53:15.287+0000][1][gc,age       ] GC(58) - age   4:    1214088 bytes,    6852144 total
[2020-09-11T15:53:15.287+0000][1][gc,heap      ] GC(58) ParNew: 76275K->8512K(76672K)
[2020-09-11T15:53:15.287+0000][1][gc,heap      ] GC(58) CMS: 48356K->49871K(2011968K)
[2020-09-11T15:53:15.287+0000][1][gc,metaspace ] GC(58) Metaspace: 47626K->47626K(1093632K)
[2020-09-11T15:53:15.287+0000][1][gc           ] GC(58) Pause Young (Allocation Failure) 121M->57M(2039M) 35.838ms
[2020-09-11T15:53:15.287+0000][1][gc,cpu       ] GC(58) User=0.04s Sys=0.00s Real=0.04s
[2020-09-11T15:53:15.293+0000][1][safepoint    ] Safepoint "GenCollectForAllocation", Time since last: 208418131 ns, Reaching safepoint: 115121 ns, At safepoint: 42042310 ns, Total: 42157431 ns
[2020-09-11T15:53:15.309+0000][1][safepoint    ] Safepoint "RevokeBias", Time since last: 15978980 ns, Reaching safepoint: 101940 ns, At safepoint: 14086 ns, Total: 116026 ns
[2020-09-11T15:53:15.397+0000][1][safepoint    ] Safepoint "RevokeBias", Time since last: 87582137 ns, Reaching safepoint: 108072 ns, At safepoint: 28994 ns, Total: 137066 ns
[2020-09-11T15:53:15.403+0000][1][safepoint    ] Safepoint "RevokeBias", Time since last: 6041959 ns, Reaching safepoint: 97732 ns, At safepoint: 32281 ns, Total: 130013 ns
[2020-09-11T15:53:15.665+0000][1][safepoint    ] Safepoint "RevokeBias", Time since last: 262103802 ns, Reaching safepoint: 420142 ns, At safepoint: 26815 ns, Total: 446957 ns
[2020-09-11T15:53:15.666+0000][1][safepoint    ] Safepoint "RevokeBias", Time since last: 74020 ns, Reaching safepoint: 87640 ns, At safepoint: 28582 ns, Total: 116222 ns
[2020-09-11T15:53:15.666+0000][1][safepoint    ] Safepoint "RevokeBias", Time since last: 134918 ns, Reaching safepoint: 81209 ns, At safepoint: 16168 ns, Total: 97377 ns
[2020-09-11T15:53:15.666+0000][1][safepoint    ] Safepoint "RevokeBias", Time since last: 38208 ns, Reaching safepoint: 80086 ns, At safepoint: 14938 ns, Total: 95024 ns
[2020-09-11T15:53:15.741+0000][1][safepoint    ] Safepoint "RevokeBias", Time since last: 74587525 ns, Reaching safepoint: 112269 ns, At safepoint: 31249 ns, Total: 143518 ns
[2020-09-11T15:53:15.741+0000][1][safepoint    ] Safepoint "RevokeBias", Time since last: 614911 ns, Reaching safepoint: 98146 ns, At safepoint: 29308 ns, Total: 127454 ns
[2020-09-11T15:53:15.742+0000][1][safepoint    ] Safepoint "RevokeBias", Time since last: 125036 ns, Reaching safepoint: 93979 ns, At safepoint: 24817 ns, Total: 118796 ns
[2020-09-11T15:53:15.742+0000][1][safepoint    ] Safepoint "RevokeBias", Time since last: 390114 ns, Reaching safepoint: 92126 ns, At safepoint: 25144 ns, Total: 117270 ns
[2020-09-11T15:53:15.743+0000][1][safepoint    ] Safepoint "RevokeBias", Time since last: 345455 ns, Reaching safepoint: 89758 ns, At safepoint: 30027 ns, Total: 119785 ns
[2020-09-11T15:53:15.745+0000][1][safepoint    ] Safepoint "BulkRevokeBias", Time since last: 2308547 ns, Reaching safepoint: 28026 ns, At safepoint: 88060 ns, Total: 116086 ns
[2020-09-11T15:53:15.745+0000][1][safepoint    ] Safepoint "RevokeBias", Time since last: 317008 ns, Reaching safepoint: 20297 ns, At safepoint: 29180 ns, Total: 49477 ns
[2020-09-11T15:53:15.746+0000][1][safepoint    ] Safepoint "RevokeBias", Time since last: 270749 ns, Reaching safepoint: 19588 ns, At safepoint: 26704 ns, Total: 46292 ns
[2020-09-11T15:53:15.746+0000][1][safepoint    ] Safepoint "RevokeBias", Time since last: 34665 ns, Reaching safepoint: 12900 ns, At safepoint: 23171 ns, Total: 36071 ns
[2020-09-11T15:53:15.746+0000][1][safepoint    ] Safepoint "RevokeBias", Time since last: 29220 ns, Reaching safepoint: 12425 ns, At safepoint: 20597 ns, Total: 33022 ns
[2020-09-11T15:53:15.746+0000][1][safepoint    ] Safepoint "RevokeBias", Time since last: 27925 ns, Reaching safepoint: 12203 ns, At safepoint: 20770 ns, Total: 32973 ns
[2020-09-11T15:53:15.746+0000][1][safepoint    ] Safepoint "RevokeBias", Time since last: 27537 ns, Reaching safepoint: 12149 ns, At safepoint: 20313 ns, Total: 32462 ns
[2020-09-11T15:53:15.746+0000][1][safepoint    ] Safepoint "RevokeBias", Time since last: 29037 ns, Reaching safepoint: 12058 ns, At safepoint: 20738 ns, Total: 32796 ns
[2020-09-11T15:53:15.746+0000][1][safepoint    ] Safepoint "RevokeBias", Time since last: 27467 ns, Reaching safepoint: 12053 ns, At safepoint: 20142 ns, Total: 32195 ns
[2020-09-11T15:53:15.746+0000][1][safepoint    ] Safepoint "RevokeBias", Time since last: 26930 ns, Reaching safepoint: 11796 ns, At safepoint: 20414 ns, Total: 32210 ns
[2020-09-11T15:53:15.746+0000][1][safepoint    ] Safepoint "RevokeBias", Time since last: 26925 ns, Reaching safepoint: 11756 ns, At safepoint: 20238 ns, Total: 31994 ns
[2020-09-11T15:53:15.746+0000][1][safepoint    ] Safepoint "RevokeBias", Time since last: 28945 ns, Reaching safepoint: 11466 ns, At safepoint: 20276 ns, Total: 31742 ns
[2020-09-11T15:53:15.746+0000][1][safepoint    ] Safepoint "RevokeBias", Time since last: 36006 ns, Reaching safepoint: 11766 ns, At safepoint: 20304 ns, Total: 32070 ns
[2020-09-11T15:53:15.746+0000][1][safepoint    ] Safepoint "RevokeBias", Time since last: 57929 ns, Reaching safepoint: 15569 ns, At safepoint: 29175 ns, Total: 44744 ns
[2020-09-11T15:53:15.746+0000][1][safepoint    ] Safepoint "RevokeBias", Time since last: 30995 ns, Reaching safepoint: 11821 ns, At safepoint: 28194 ns, Total: 40015 ns
[2020-09-11T15:53:15.751+0000][1][safepoint    ] Safepoint "RevokeBias", Time since last: 2317828 ns, Reaching safepoint: 2099860 ns, At safepoint: 34363 ns, Total: 2134223 ns
[2020-09-11T15:53:15.751+0000][1][safepoint    ] Safepoint "RevokeBias", Time since last: 84497 ns, Reaching safepoint: 87808 ns, At safepoint: 31504 ns, Total: 119312 ns
[2020-09-11T15:53:15.751+0000][1][safepoint    ] Safepoint "RevokeBias", Time since last: 132937 ns, Reaching safepoint: 86594 ns, At safepoint: 28621 ns, Total: 115215 ns
[2020-09-11T15:53:15.752+0000][1][safepoint    ] Safepoint "RevokeBias", Time since last: 35184 ns, Reaching safepoint: 85521 ns, At safepoint: 36781 ns, Total: 122302 ns
[2020-09-11T15:53:15.752+0000][1][safepoint    ] Safepoint "RevokeBias", Time since last: 30459 ns, Reaching safepoint: 82928 ns, At safepoint: 28725 ns, Total: 111653 ns
[2020-09-11T15:53:15.752+0000][1][safepoint    ] Safepoint "RevokeBias", Time since last: 28577 ns, Reaching safepoint: 82083 ns, At safepoint: 27563 ns, Total: 109646 ns
[2020-09-11T15:53:15.752+0000][1][safepoint    ] Safepoint "RevokeBias", Time since last: 28300 ns, Reaching safepoint: 82287 ns, At safepoint: 25705 ns, Total: 107992 ns
[2020-09-11T15:53:15.752+0000][1][safepoint    ] Safepoint "RevokeBias", Time since last: 28825 ns, Reaching safepoint: 82059 ns, At safepoint: 25224 ns, Total: 107283 ns
[2020-09-11T15:53:15.752+0000][1][safepoint    ] Safepoint "RevokeBias", Time since last: 30027 ns, Reaching safepoint: 80288 ns, At safepoint: 24696 ns, Total: 104984 ns
[2020-09-11T15:53:15.752+0000][1][safepoint    ] Safepoint "BulkRevokeBias", Time since last: 26430 ns, Reaching safepoint: 80177 ns, At safepoint: 71181 ns, Total: 151358 ns
[2020-09-11T15:53:15.753+0000][1][safepoint    ] Safepoint "RevokeBias", Time since last: 56446 ns, Reaching safepoint: 84000 ns, At safepoint: 28473 ns, Total: 112473 ns
[2020-09-11T15:53:15.753+0000][1][safepoint    ] Safepoint "RevokeBias", Time since last: 35524 ns, Reaching safepoint: 81604 ns, At safepoint: 29387 ns, Total: 110991 ns
[2020-09-11T15:53:15.756+0000][1][safepoint    ] Safepoint "RevokeBias", Time since last: 3277166 ns, Reaching safepoint: 88097 ns, At safepoint: 16267 ns, Total: 104364 ns
[2020-09-11T15:53:15.756+0000][1][safepoint    ] Safepoint "RevokeBias", Time since last: 41204 ns, Reaching safepoint: 81457 ns, At safepoint: 12249 ns, Total: 93706 ns
[2020-09-11T15:53:15.756+0000][1][safepoint    ] Safepoint "RevokeBias", Time since last: 30663 ns, Reaching safepoint: 80008 ns, At safepoint: 11123 ns, Total: 91131 ns
[2020-09-11T15:53:15.765+0000][1][safepoint    ] Safepoint "RevokeBias", Time since last: 8478342 ns, Reaching safepoint: 375955 ns, At safepoint: 38862 ns, Total: 414817 ns
[2020-09-11T15:53:15.765+0000][1][safepoint    ] Safepoint "RevokeBias", Time since last: 58341 ns, Reaching safepoint: 92899 ns, At safepoint: 30762 ns, Total: 123661 ns
[2020-09-11T15:53:15.766+0000][1][safepoint    ] Safepoint "RevokeBias", Time since last: 37023 ns, Reaching safepoint: 87098 ns, At safepoint: 26897 ns, Total: 113995 ns
[2020-09-11T15:53:15.766+0000][1][safepoint    ] Safepoint "RevokeBias", Time since last: 34224 ns, Reaching safepoint: 84009 ns, At safepoint: 23777 ns, Total: 107786 ns
[2020-09-11T15:53:15.766+0000][1][safepoint    ] Safepoint "RevokeBias", Time since last: 30670 ns, Reaching safepoint: 82587 ns, At safepoint: 24266 ns, Total: 106853 ns
[2020-09-11T15:53:15.766+0000][1][safepoint    ] Safepoint "RevokeBias", Time since last: 29545 ns, Reaching safepoint: 81909 ns, At safepoint: 24075 ns, Total: 105984 ns
[2020-09-11T15:53:15.766+0000][1][safepoint    ] Safepoint "RevokeBias", Time since last: 41549 ns, Reaching safepoint: 80791 ns, At safepoint: 23755 ns, Total: 104546 ns
[2020-09-11T15:53:15.766+0000][1][safepoint    ] Safepoint "RevokeBias", Time since last: 30659 ns, Reaching safepoint: 81806 ns, At safepoint: 27444 ns, Total: 109250 ns
[2020-09-11T15:53:15.766+0000][1][safepoint    ] Safepoint "RevokeBias", Time since last: 28958 ns, Reaching safepoint: 80776 ns, At safepoint: 21909 ns, Total: 102685 ns
[2020-09-11T15:53:15.767+0000][1][safepoint    ] Safepoint "RevokeBias", Time since last: 28431 ns, Reaching safepoint: 80298 ns, At safepoint: 22156 ns, Total: 102454 ns
[2020-09-11T15:53:15.767+0000][1][safepoint    ] Safepoint "RevokeBias", Time since last: 28383 ns, Reaching safepoint: 80102 ns, At safepoint: 21246 ns, Total: 101348 ns
[2020-09-11T15:53:15.767+0000][1][safepoint    ] Safepoint "RevokeBias", Time since last: 27709 ns, Reaching safepoint: 80715 ns, At safepoint: 25465 ns, Total: 106180 ns
[2020-09-11T15:53:15.767+0000][1][safepoint    ] Safepoint "RevokeBias", Time since last: 27209 ns, Reaching safepoint: 81220 ns, At safepoint: 26629 ns, Total: 107849 ns
[2020-09-11T15:53:15.767+0000][1][safepoint    ] Safepoint "RevokeBias", Time since last: 27475 ns, Reaching safepoint: 82187 ns, At safepoint: 35194 ns, Total: 117381 ns
[2020-09-11T15:53:15.767+0000][1][safepoint    ] Safepoint "RevokeBias", Time since last: 27995 ns, Reaching safepoint: 80323 ns, At safepoint: 24155 ns, Total: 104478 ns
[2020-09-11T15:53:15.767+0000][1][safepoint    ] Safepoint "RevokeBias", Time since last: 27269 ns, Reaching safepoint: 79868 ns, At safepoint: 24052 ns, Total: 103920 ns
[2020-09-11T15:53:15.768+0000][1][safepoint    ] Safepoint "BulkRevokeBias", Time since last: 27655 ns, Reaching safepoint: 89796 ns, At safepoint: 83571 ns, Total: 173367 ns
[2020-09-11T15:53:15.768+0000][1][safepoint    ] Safepoint "RevokeBias", Time since last: 182236 ns, Reaching safepoint: 82123 ns, At safepoint: 27423 ns, Total: 109546 ns
[2020-09-11T15:53:15.768+0000][1][safepoint    ] Safepoint "RevokeBias", Time since last: 47853 ns, Reaching safepoint: 80631 ns, At safepoint: 24411 ns, Total: 105042 ns
[2020-09-11T15:53:15.768+0000][1][safepoint    ] Safepoint "RevokeBias", Time since last: 62057 ns, Reaching safepoint: 82773 ns, At safepoint: 22348 ns, Total: 105121 ns
[2020-09-11T15:53:15.768+0000][1][safepoint    ] Safepoint "RevokeBias", Time since last: 36157 ns, Reaching safepoint: 45788 ns, At safepoint: 19793 ns, Total: 65581 ns
[2020-09-11T15:53:15.768+0000][1][safepoint    ] Safepoint "RevokeBias", Time since last: 120162 ns, Reaching safepoint: 80959 ns, At safepoint: 22003 ns, Total: 102962 ns
[2020-09-11T15:53:15.769+0000][1][safepoint    ] Safepoint "RevokeBias", Time since last: 210505 ns, Reaching safepoint: 172421 ns, At safepoint: 22685 ns, Total: 195106 ns
[2020-09-11T15:53:15.769+0000][1][safepoint    ] Safepoint "RevokeBias", Time since last: 60790 ns, Reaching safepoint: 81965 ns, At safepoint: 21075 ns, Total: 103040 ns
[2020-09-11T15:53:15.769+0000][1][safepoint    ] Safepoint "RevokeBias", Time since last: 115064 ns, Reaching safepoint: 82326 ns, At safepoint: 20522 ns, Total: 102848 ns
[2020-09-11T15:53:15.769+0000][1][safepoint    ] Safepoint "RevokeBias", Time since last: 40482 ns, Reaching safepoint: 80403 ns, At safepoint: 20920 ns, Total: 101323 ns
[2020-09-11T15:53:15.770+0000][1][safepoint    ] Safepoint "RevokeBias", Time since last: 27232 ns, Reaching safepoint: 82840 ns, At safepoint: 30437 ns, Total: 113277 ns
[2020-09-11T15:53:15.770+0000][1][safepoint    ] Safepoint "RevokeBias", Time since last: 27811 ns, Reaching safepoint: 79052 ns, At safepoint: 17172 ns, Total: 96224 ns
[2020-09-11T15:53:15.770+0000][1][safepoint    ] Safepoint "RevokeBias", Time since last: 211842 ns, Reaching safepoint: 115230 ns, At safepoint: 18049 ns, Total: 133279 ns
[2020-09-11T15:53:15.770+0000][1][safepoint    ] Safepoint "RevokeBias", Time since last: 104667 ns, Reaching safepoint: 81040 ns, At safepoint: 16311 ns, Total: 97351 ns
[2020-09-11T15:53:15.771+0000][1][safepoint    ] Safepoint "RevokeBias", Time since last: 374968 ns, Reaching safepoint: 284084 ns, At safepoint: 17307 ns, Total: 301391 ns
[2020-09-11T15:53:15.771+0000][1][safepoint    ] Safepoint "RevokeBias", Time since last: 431896 ns, Reaching safepoint: 81848 ns, At safepoint: 22116 ns, Total: 103964 ns
[2020-09-11T15:53:15.772+0000][1][safepoint    ] Safepoint "RevokeBias", Time since last: 70137 ns, Reaching safepoint: 81185 ns, At safepoint: 19383 ns, Total: 100568 ns
[2020-09-11T15:53:15.772+0000][1][safepoint    ] Safepoint "BulkRevokeBias", Time since last: 207282 ns, Reaching safepoint: 81552 ns, At safepoint: 59175 ns, Total: 140727 ns
[2020-09-11T15:53:15.782+0000][1][safepoint    ] Safepoint "RevokeBias", Time since last: 8805382 ns, Reaching safepoint: 848084 ns, At safepoint: 41166 ns, Total: 889250 ns
[2020-09-11T15:53:15.783+0000][1][safepoint    ] Safepoint "RevokeBias", Time since last: 1245754 ns, Reaching safepoint: 166726 ns, At safepoint: 48744 ns, Total: 215470 ns
[2020-09-11T15:53:15.783+0000][1][safepoint    ] Safepoint "RevokeBias", Time since last: 46674 ns, Reaching safepoint: 93512 ns, At safepoint: 31011 ns, Total: 124523 ns
[2020-09-11T15:53:15.947+0000][1][safepoint    ] Safepoint "RevokeBias", Time since last: 163293781 ns, Reaching safepoint: 130618 ns, At safepoint: 20083 ns, Total: 150701 ns
[2020-09-11T15:53:15.947+0000][1][safepoint    ] Safepoint "RevokeBias", Time since last: 159593 ns, Reaching safepoint: 100510 ns, At safepoint: 10737 ns, Total: 111247 ns
[2020-09-11T15:53:15.947+0000][1][safepoint    ] Safepoint "RevokeBias", Time since last: 177803 ns, Reaching safepoint: 90049 ns, At safepoint: 9309 ns, Total: 99358 ns
[2020-09-11T15:53:15.947+0000][1][safepoint    ] Safepoint "RevokeBias", Time since last: 90771 ns, Reaching safepoint: 87300 ns, At safepoint: 20127 ns, Total: 107427 ns
[2020-09-11T15:53:16.149+0000][1][gc,start     ] GC(59) Pause Young (Allocation Failure)
[2020-09-11T15:53:16.150+0000][1][gc,task      ] GC(59) Using 1 workers of 1 for evacuation
[2020-09-11T15:53:16.210+0000][1][gc,age       ] GC(59) Desired survivor size 4358144 bytes, new threshold 2 (max threshold 6)
[2020-09-11T15:53:16.210+0000][1][gc,age       ] GC(59) Age table with threshold 2 (max threshold 6)
[2020-09-11T15:53:16.210+0000][1][gc,age       ] GC(59) - age   1:    2200664 bytes,    2200664 total
[2020-09-11T15:53:16.210+0000][1][gc,age       ] GC(59) - age   2:    2742456 bytes,    4943120 total
[2020-09-11T15:53:16.210+0000][1][gc,heap      ] GC(59) ParNew: 76672K->6219K(76672K)
[2020-09-11T15:53:16.210+0000][1][gc,heap      ] GC(59) CMS: 49871K->53845K(2011968K)
[2020-09-11T15:53:16.210+0000][1][gc,metaspace ] GC(59) Metaspace: 52563K->52563K(1097728K)
[2020-09-11T15:53:16.210+0000][1][gc           ] GC(59) Pause Young (Allocation Failure) 123M->58M(2039M) 60.817ms
[2020-09-11T15:53:16.210+0000][1][gc,cpu       ] GC(59) User=0.06s Sys=0.00s Real=0.06s
[2020-09-11T15:53:16.212+0000][1][safepoint    ] Safepoint "GenCollectForAllocation", Time since last: 201835810 ns, Reaching safepoint: 135199 ns, At safepoint: 62993449 ns, Total: 63128648 ns
[2020-09-11T15:53:16.234+0000][1][safepoint    ] Safepoint "RevokeBias", Time since last: 21236627 ns, Reaching safepoint: 446796 ns, At safepoint: 15080 ns, Total: 461876 ns
[2020-09-11T15:53:17.235+0000][1][safepoint    ] Safepoint "Cleanup", Time since last: 1000105888 ns, Reaching safepoint: 581486 ns, At safepoint: 9086 ns, Total: 590572 ns
[2020-09-11T15:53:17.330+0000][1][gc,start     ] GC(60) Pause Young (Allocation Failure)
[2020-09-11T15:53:17.330+0000][1][gc,task      ] GC(60) Using 1 workers of 1 for evacuation
[2020-09-11T15:53:17.368+0000][1][gc,age       ] GC(60) Desired survivor size 4358144 bytes, new threshold 6 (max threshold 6)
[2020-09-11T15:53:17.368+0000][1][gc,age       ] GC(60) Age table with threshold 6 (max threshold 6)
[2020-09-11T15:53:17.368+0000][1][gc,age       ] GC(60) - age   1:    1686400 bytes,    1686400 total
[2020-09-11T15:53:17.368+0000][1][gc,age       ] GC(60) - age   2:    2162000 bytes,    3848400 total
[2020-09-11T15:53:17.368+0000][1][gc,heap      ] GC(60) ParNew: 74379K->5175K(76672K)
[2020-09-11T15:53:17.368+0000][1][gc,heap      ] GC(60) CMS: 53845K->56633K(2011968K)
[2020-09-11T15:53:17.368+0000][1][gc,metaspace ] GC(60) Metaspace: 60313K->60313K(1103872K)
[2020-09-11T15:53:17.368+0000][1][gc           ] GC(60) Pause Young (Allocation Failure) 125M->60M(2039M) 38.382ms
[2020-09-11T15:53:17.368+0000][1][gc,cpu       ] GC(60) User=0.04s Sys=0.00s Real=0.04s
[2020-09-11T15:53:17.369+0000][1][safepoint    ] Safepoint "GenCollectForAllocation", Time since last: 93926004 ns, Reaching safepoint: 928350 ns, At safepoint: 39585411 ns, Total: 40513761 ns
[2020-09-11T15:53:17.384+0000][1][safepoint    ] Safepoint "RevokeBias", Time since last: 14853886 ns, Reaching safepoint: 156151 ns, At safepoint: 13191 ns, Total: 169342 ns
[2020-09-11T15:53:17.385+0000][1][safepoint    ] Safepoint "RevokeBias", Time since last: 58253 ns, Reaching safepoint: 140580 ns, At safepoint: 10102 ns, Total: 150682 ns
[2020-09-11T15:53:17.385+0000][1][safepoint    ] Safepoint "RevokeBias", Time since last: 36530 ns, Reaching safepoint: 135074 ns, At safepoint: 9023 ns, Total: 144097 ns
[2020-09-11T15:53:17.385+0000][1][safepoint    ] Safepoint "RevokeBias", Time since last: 42565 ns, Reaching safepoint: 126301 ns, At safepoint: 9040 ns, Total: 135341 ns
[2020-09-11T15:53:17.385+0000][1][safepoint    ] Safepoint "RevokeBias", Time since last: 36609 ns, Reaching safepoint: 133717 ns, At safepoint: 8595 ns, Total: 142312 ns
[2020-09-11T15:53:17.385+0000][1][safepoint    ] Safepoint "RevokeBias", Time since last: 29626 ns, Reaching safepoint: 132590 ns, At safepoint: 8811 ns, Total: 141401 ns
[2020-09-11T15:53:17.465+0000][1][safepoint    ] Safepoint "CollectForMetadataAllocation", Time since last: 79594032 ns, Reaching safepoint: 142775 ns, At safepoint: 136462 ns, Total: 279237 ns
[2020-09-11T15:53:17.481+0000][1][safepoint    ] Safepoint "CollectForMetadataAllocation", Time since last: 15551172 ns, Reaching safepoint: 165974 ns, At safepoint: 109638 ns, Total: 275612 ns
[2020-09-11T15:53:17.523+0000][1][safepoint    ] Safepoint "RevokeBias", Time since last: 41399542 ns, Reaching safepoint: 168877 ns, At safepoint: 27118 ns, Total: 195995 ns
[2020-09-11T15:53:17.523+0000][1][safepoint    ] Safepoint "RevokeBias", Time since last: 107807 ns, Reaching safepoint: 139625 ns, At safepoint: 20101 ns, Total: 159726 ns
[2020-09-11T15:53:17.523+0000][1][safepoint    ] Safepoint "RevokeBias", Time since last: 107303 ns, Reaching safepoint: 137548 ns, At safepoint: 19530 ns, Total: 157078 ns
[2020-09-11T15:53:17.526+0000][1][safepoint    ] Safepoint "RevokeBias", Time since last: 2314695 ns, Reaching safepoint: 140442 ns, At safepoint: 32550 ns, Total: 172992 ns
[2020-09-11T15:53:17.575+0000][1][safepoint    ] Safepoint "CollectForMetadataAllocation", Time since last: 48693348 ns, Reaching safepoint: 156975 ns, At safepoint: 116690 ns, Total: 273665 ns
[2020-09-11T15:53:17.640+0000][1][safepoint    ] Safepoint "CollectForMetadataAllocation", Time since last: 64900078 ns, Reaching safepoint: 160984 ns, At safepoint: 116786 ns, Total: 277770 ns
[2020-09-11T15:53:17.746+0000][1][safepoint    ] Safepoint "CollectForMetadataAllocation", Time since last: 106077564 ns, Reaching safepoint: 160946 ns, At safepoint: 129644 ns, Total: 290590 ns
[2020-09-11T15:53:17.762+0000][1][safepoint    ] Safepoint "CollectForMetadataAllocation", Time since last: 15473185 ns, Reaching safepoint: 153508 ns, At safepoint: 113207 ns, Total: 266715 ns
[2020-09-11T15:53:17.857+0000][1][safepoint    ] Safepoint "RevokeBias", Time since last: 95508750 ns, Reaching safepoint: 116774 ns, At safepoint: 16146 ns, Total: 132920 ns
[2020-09-11T15:53:17.941+0000][1][safepoint    ] Safepoint "CollectForMetadataAllocation", Time since last: 83347246 ns, Reaching safepoint: 118572 ns, At safepoint: 128082 ns, Total: 246654 ns
[2020-09-11T15:53:17.989+0000][1][safepoint    ] Safepoint "Deoptimize", Time since last: 47671667 ns, Reaching safepoint: 90518 ns, At safepoint: 315356 ns, Total: 405874 ns
[2020-09-11T15:53:18.028+0000][1][safepoint    ] Safepoint "CollectForMetadataAllocation", Time since last: 38244938 ns, Reaching safepoint: 111480 ns, At safepoint: 81941 ns, Total: 193421 ns
[2020-09-11T15:53:18.130+0000][1][safepoint    ] Safepoint "CollectForMetadataAllocation", Time since last: 102052027 ns, Reaching safepoint: 157028 ns, At safepoint: 74195 ns, Total: 231223 ns
[2020-09-11T15:53:18.145+0000][1][safepoint    ] Safepoint "RevokeBias", Time since last: 15329055 ns, Reaching safepoint: 153963 ns, At safepoint: 14917 ns, Total: 168880 ns
[2020-09-11T15:53:18.185+0000][1][safepoint    ] Safepoint "RevokeBias", Time since last: 39190540 ns, Reaching safepoint: 163800 ns, At safepoint: 14795 ns, Total: 178595 ns
[2020-09-11T15:53:18.185+0000][1][safepoint    ] Safepoint "RevokeBias", Time since last: 129787 ns, Reaching safepoint: 147695 ns, At safepoint: 11372 ns, Total: 159067 ns
[2020-09-11T15:53:18.185+0000][1][safepoint    ] Safepoint "RevokeBias", Time since last: 42151 ns, Reaching safepoint: 138758 ns, At safepoint: 9359 ns, Total: 148117 ns
[2020-09-11T15:53:18.185+0000][1][safepoint    ] Safepoint "RevokeBias", Time since last: 79470 ns, Reaching safepoint: 139417 ns, At safepoint: 9046 ns, Total: 148463 ns
[2020-09-11T15:53:18.186+0000][1][safepoint    ] Safepoint "RevokeBias", Time since last: 42863 ns, Reaching safepoint: 136891 ns, At safepoint: 26591 ns, Total: 163482 ns
[2020-09-11T15:53:18.193+0000][1][safepoint    ] Safepoint "RevokeBias", Time since last: 7197968 ns, Reaching safepoint: 106817 ns, At safepoint: 13468 ns, Total: 120285 ns
[2020-09-11T15:53:18.193+0000][1][safepoint    ] Safepoint "BulkRevokeBias", Time since last: 310631 ns, Reaching safepoint: 23678 ns, At safepoint: 87928 ns, Total: 111606 ns
[2020-09-11T15:53:18.208+0000][1][safepoint    ] Safepoint "CollectForMetadataAllocation", Time since last: 14495784 ns, Reaching safepoint: 110308 ns, At safepoint: 85490 ns, Total: 195798 ns
[2020-09-11T15:53:18.310+0000][1][safepoint    ] Safepoint "CollectForMetadataAllocation", Time since last: 102116736 ns, Reaching safepoint: 158314 ns, At safepoint: 116845 ns, Total: 275159 ns
[2020-09-11T15:53:18.384+0000][1][safepoint    ] Safepoint "CollectForMetadataAllocation", Time since last: 73582271 ns, Reaching safepoint: 160897 ns, At safepoint: 68240 ns, Total: 229137 ns
[2020-09-11T15:53:18.410+0000][1][safepoint    ] Safepoint "CollectForMetadataAllocation", Time since last: 25708002 ns, Reaching safepoint: 151854 ns, At safepoint: 124608 ns, Total: 276462 ns
[2020-09-11T15:53:18.436+0000][1][safepoint    ] Safepoint "CollectForMetadataAllocation", Time since last: 25119268 ns, Reaching safepoint: 147659 ns, At safepoint: 109066 ns, Total: 256725 ns
[2020-09-11T15:53:18.473+0000][1][safepoint    ] Safepoint "CollectForMetadataAllocation", Time since last: 36917643 ns, Reaching safepoint: 91570 ns, At safepoint: 125698 ns, Total: 217268 ns
[2020-09-11T15:53:18.499+0000][1][safepoint    ] Safepoint "RevokeBias", Time since last: 25881242 ns, Reaching safepoint: 148801 ns, At safepoint: 13951 ns, Total: 162752 ns
[2020-09-11T15:53:18.517+0000][1][safepoint    ] Safepoint "CollectForMetadataAllocation", Time since last: 17616774 ns, Reaching safepoint: 150547 ns, At safepoint: 112948 ns, Total: 263495 ns
[2020-09-11T15:53:18.552+0000][1][safepoint    ] Safepoint "CollectForMetadataAllocation", Time since last: 35150092 ns, Reaching safepoint: 149335 ns, At safepoint: 114804 ns, Total: 264139 ns
[2020-09-11T15:53:18.574+0000][1][safepoint    ] Safepoint "CollectForMetadataAllocation", Time since last: 21702440 ns, Reaching safepoint: 155239 ns, At safepoint: 118773 ns, Total: 274012 ns
[2020-09-11T15:53:18.617+0000][1][gc,start     ] GC(61) Pause Young (Allocation Failure)
[2020-09-11T15:53:18.617+0000][1][gc,task      ] GC(61) Using 1 workers of 1 for evacuation
[2020-09-11T15:53:18.657+0000][1][gc,age       ] GC(61) Desired survivor size 4358144 bytes, new threshold 2 (max threshold 6)
[2020-09-11T15:53:18.657+0000][1][gc,age       ] GC(61) Age table with threshold 2 (max threshold 6)
[2020-09-11T15:53:18.657+0000][1][gc,age       ] GC(61) - age   1:    3555936 bytes,    3555936 total
[2020-09-11T15:53:18.657+0000][1][gc,age       ] GC(61) - age   2:    1472496 bytes,    5028432 total
[2020-09-11T15:53:18.657+0000][1][gc,age       ] GC(61) - age   3:    2120080 bytes,    7148512 total
[2020-09-11T15:53:18.657+0000][1][gc,heap      ] GC(61) ParNew: 73335K->8224K(76672K)
[2020-09-11T15:53:18.657+0000][1][gc,heap      ] GC(61) CMS: 56633K->56633K(2011968K)
[2020-09-11T15:53:18.657+0000][1][gc,metaspace ] GC(61) Metaspace: 66475K->66475K(1110016K)
[2020-09-11T15:53:18.657+0000][1][gc           ] GC(61) Pause Young (Allocation Failure) 126M->63M(2039M) 39.945ms
[2020-09-11T15:53:18.657+0000][1][gc,cpu       ] GC(61) User=0.04s Sys=0.00s Real=0.04s
[2020-09-11T15:53:18.661+0000][1][safepoint    ] Safepoint "GenCollectForAllocation", Time since last: 42884767 ns, Reaching safepoint: 100023 ns, At safepoint: 43694838 ns, Total: 43794861 ns
[2020-09-11T15:53:18.662+0000][1][gc,start     ] GC(62) Pause Initial Mark
[2020-09-11T15:53:18.669+0000][1][gc           ] GC(62) Pause Initial Mark 64M->64M(2039M) 6.829ms
[2020-09-11T15:53:18.669+0000][1][gc,cpu       ] GC(62) User=0.01s Sys=0.01s Real=0.00s
[2020-09-11T15:53:18.679+0000][1][safepoint    ] Safepoint "CMS_Initial_Mark", Time since last: 940380 ns, Reaching safepoint: 146480 ns, At safepoint: 17285605 ns, Total: 17432085 ns
[2020-09-11T15:53:18.679+0000][1][gc           ] GC(62) Concurrent Mark
[2020-09-11T15:53:18.725+0000][1][safepoint    ] Safepoint "CollectForMetadataAllocation", Time since last: 45678656 ns, Reaching safepoint: 55850 ns, At safepoint: 125990 ns, Total: 181840 ns
[2020-09-11T15:53:18.773+0000][1][safepoint    ] Safepoint "CollectForMetadataAllocation", Time since last: 39825546 ns, Reaching safepoint: 8042006 ns, At safepoint: 103909 ns, Total: 8145915 ns
[2020-09-11T15:53:18.851+0000][1][gc           ] GC(62) Concurrent Mark 172.284ms
[2020-09-11T15:53:18.851+0000][1][gc,cpu       ] GC(62) User=0.17s Sys=0.00s Real=0.17s
[2020-09-11T15:53:18.852+0000][1][gc           ] GC(62) Concurrent Preclean
[2020-09-11T15:53:18.866+0000][1][gc           ] GC(62) Concurrent Preclean 14.131ms
[2020-09-11T15:53:18.866+0000][1][gc,cpu       ] GC(62) User=0.01s Sys=0.00s Real=0.02s
[2020-09-11T15:53:18.866+0000][1][gc           ] GC(62) Concurrent Abortable Preclean
[2020-09-11T15:53:18.876+0000][1][safepoint    ] Safepoint "CollectForMetadataAllocation", Time since last: 102944261 ns, Reaching safepoint: 49292 ns, At safepoint: 108528 ns, Total: 157820 ns
[2020-09-11T15:53:18.886+0000][1][safepoint    ] Safepoint "RevokeBias", Time since last: 9659654 ns, Reaching safepoint: 43654 ns, At safepoint: 9687 ns, Total: 53341 ns
[2020-09-11T15:53:18.931+0000][1][safepoint    ] Safepoint "CollectForMetadataAllocation", Time since last: 45157852 ns, Reaching safepoint: 63134 ns, At safepoint: 173336 ns, Total: 236470 ns
[2020-09-11T15:53:18.981+0000][1][safepoint    ] Safepoint "CollectForMetadataAllocation", Time since last: 50184691 ns, Reaching safepoint: 47463 ns, At safepoint: 121093 ns, Total: 168556 ns
[2020-09-11T15:53:19.001+0000][1][safepoint    ] Safepoint "CollectForMetadataAllocation", Time since last: 18837839 ns, Reaching safepoint: 99494 ns, At safepoint: 86615 ns, Total: 186109 ns
[2020-09-11T15:53:19.025+0000][1][safepoint    ] Safepoint "Deoptimize", Time since last: 20252855 ns, Reaching safepoint: 4039758 ns, At safepoint: 339579 ns, Total: 4379337 ns
[2020-09-11T15:53:19.055+0000][1][safepoint    ] Safepoint "Deoptimize", Time since last: 23607331 ns, Reaching safepoint: 5742811 ns, At safepoint: 363687 ns, Total: 6106498 ns
[2020-09-11T15:53:19.061+0000][1][safepoint    ] Safepoint "CollectForMetadataAllocation", Time since last: 4926387 ns, Reaching safepoint: 1107329 ns, At safepoint: 125570 ns, Total: 1232899 ns
[2020-09-11T15:53:19.118+0000][1][safepoint    ] Safepoint "CollectForMetadataAllocation", Time since last: 55764952 ns, Reaching safepoint: 675212 ns, At safepoint: 129713 ns, Total: 804925 ns
[2020-09-11T15:53:19.166+0000][1][safepoint    ] Safepoint "RevokeBias", Time since last: 48087437 ns, Reaching safepoint: 46929 ns, At safepoint: 21831 ns, Total: 68760 ns
[2020-09-11T15:53:19.166+0000][1][safepoint    ] Safepoint "RevokeBias", Time since last: 364161 ns, Reaching safepoint: 18843 ns, At safepoint: 19225 ns, Total: 38068 ns
[2020-09-11T15:53:19.167+0000][1][safepoint    ] Safepoint "CollectForMetadataAllocation", Time since last: 481223 ns, Reaching safepoint: 17364 ns, At safepoint: 65679 ns, Total: 83043 ns
[2020-09-11T15:53:19.167+0000][1][safepoint    ] Safepoint "RevokeBias", Time since last: 252847 ns, Reaching safepoint: 132867 ns, At safepoint: 20930 ns, Total: 153797 ns
[2020-09-11T15:53:19.168+0000][1][safepoint    ] Safepoint "RevokeBias", Time since last: 443084 ns, Reaching safepoint: 137512 ns, At safepoint: 20449 ns, Total: 157961 ns
[2020-09-11T15:53:19.168+0000][1][safepoint    ] Safepoint "RevokeBias", Time since last: 38863 ns, Reaching safepoint: 136123 ns, At safepoint: 18403 ns, Total: 154526 ns
[2020-09-11T15:53:19.168+0000][1][safepoint    ] Safepoint "RevokeBias", Time since last: 130729 ns, Reaching safepoint: 140724 ns, At safepoint: 19261 ns, Total: 159985 ns
[2020-09-11T15:53:19.169+0000][1][safepoint    ] Safepoint "RevokeBias", Time since last: 159374 ns, Reaching safepoint: 134906 ns, At safepoint: 18368 ns, Total: 153274 ns
[2020-09-11T15:53:19.169+0000][1][safepoint    ] Safepoint "RevokeBias", Time since last: 142340 ns, Reaching safepoint: 136885 ns, At safepoint: 18573 ns, Total: 155458 ns
[2020-09-11T15:53:19.169+0000][1][safepoint    ] Safepoint "RevokeBias", Time since last: 34335 ns, Reaching safepoint: 137924 ns, At safepoint: 16940 ns, Total: 154864 ns
[2020-09-11T15:53:19.170+0000][1][safepoint    ] Safepoint "RevokeBias", Time since last: 435831 ns, Reaching safepoint: 140032 ns, At safepoint: 17849 ns, Total: 157881 ns
[2020-09-11T15:53:19.182+0000][1][safepoint    ] Safepoint "RevokeBias", Time since last: 11943250 ns, Reaching safepoint: 641992 ns, At safepoint: 22725 ns, Total: 664717 ns
[2020-09-11T15:53:19.182+0000][1][safepoint    ] Safepoint "RevokeBias", Time since last: 107579 ns, Reaching safepoint: 22139 ns, At safepoint: 18046 ns, Total: 40185 ns
[2020-09-11T15:53:19.186+0000][1][safepoint    ] Safepoint "Deoptimize", Time since last: 3526749 ns, Reaching safepoint: 142381 ns, At safepoint: 320456 ns, Total: 462837 ns
[2020-09-11T15:53:19.263+0000][1][safepoint    ] Safepoint "CollectForMetadataAllocation", Time since last: 76576297 ns, Reaching safepoint: 182755 ns, At safepoint: 116023 ns, Total: 298778 ns
[2020-09-11T15:53:19.390+0000][1][safepoint    ] Safepoint "CollectForMetadataAllocation", Time since last: 126362885 ns, Reaching safepoint: 167855 ns, At safepoint: 113868 ns, Total: 281723 ns
[2020-09-11T15:53:19.554+0000][1][safepoint    ] Safepoint "CollectForMetadataAllocation", Time since last: 164011566 ns, Reaching safepoint: 117174 ns, At safepoint: 90506 ns, Total: 207680 ns
[2020-09-11T15:53:19.635+0000][1][safepoint    ] Safepoint "CollectForMetadataAllocation", Time since last: 80444373 ns, Reaching safepoint: 49288 ns, At safepoint: 124905 ns, Total: 174193 ns
[2020-09-11T15:53:19.665+0000][1][safepoint    ] Safepoint "RevokeBias", Time since last: 30057846 ns, Reaching safepoint: 54148 ns, At safepoint: 25728 ns, Total: 79876 ns
[2020-09-11T15:53:19.689+0000][1][safepoint    ] Safepoint "CollectForMetadataAllocation", Time since last: 23978779 ns, Reaching safepoint: 146540 ns, At safepoint: 166917 ns, Total: 313457 ns
[2020-09-11T15:53:19.849+0000][1][safepoint    ] Safepoint "CollectForMetadataAllocation", Time since last: 159640835 ns, Reaching safepoint: 120826 ns, At safepoint: 125534 ns, Total: 246360 ns
[2020-09-11T15:53:19.857+0000][1][safepoint    ] Safepoint "CollectForMetadataAllocation", Time since last: 3743883 ns, Reaching safepoint: 4678885 ns, At safepoint: 10920 ns, Total: 4689805 ns
[2020-09-11T15:53:19.858+0000][1][safepoint    ] Safepoint "RevokeBias", Time since last: 605009 ns, Reaching safepoint: 119936 ns, At safepoint: 46197 ns, Total: 166133 ns
[2020-09-11T15:53:19.858+0000][1][safepoint    ] Safepoint "RevokeBias", Time since last: 52359 ns, Reaching safepoint: 82608 ns, At safepoint: 38781 ns, Total: 121389 ns
[2020-09-11T15:53:19.859+0000][1][safepoint    ] Safepoint "RevokeBias", Time since last: 34879 ns, Reaching safepoint: 80348 ns, At safepoint: 36084 ns, Total: 116432 ns
[2020-09-11T15:53:19.859+0000][1][safepoint    ] Safepoint "RevokeBias", Time since last: 33019 ns, Reaching safepoint: 79250 ns, At safepoint: 24687 ns, Total: 103937 ns
[2020-09-11T15:53:19.859+0000][1][safepoint    ] Safepoint "RevokeBias", Time since last: 32575 ns, Reaching safepoint: 79168 ns, At safepoint: 26506 ns, Total: 105674 ns
[2020-09-11T15:53:19.870+0000][1][safepoint    ] Safepoint "RevokeBias", Time since last: 1629646 ns, Reaching safepoint: 9725645 ns, At safepoint: 32205 ns, Total: 9757850 ns
[2020-09-11T15:53:19.879+0000][1][safepoint    ] Safepoint "RevokeBias", Time since last: 2597424 ns, Reaching safepoint: 6566739 ns, At safepoint: 36771 ns, Total: 6603510 ns
[2020-09-11T15:53:19.881+0000][1][safepoint    ] Safepoint "RevokeBias", Time since last: 1392056 ns, Reaching safepoint: 102664 ns, At safepoint: 30858 ns, Total: 133522 ns
[2020-09-11T15:53:19.903+0000][1][safepoint    ] Safepoint "RevokeBias", Time since last: 15987584 ns, Reaching safepoint: 6021752 ns, At safepoint: 23280 ns, Total: 6045032 ns
[2020-09-11T15:53:19.903+0000][1][safepoint    ] Safepoint "RevokeBias", Time since last: 55113 ns, Reaching safepoint: 80881 ns, At safepoint: 14288 ns, Total: 95169 ns
[2020-09-11T15:53:19.911+0000][1][safepoint    ] Safepoint "RevokeBias", Time since last: 5317060 ns, Reaching safepoint: 2249412 ns, At safepoint: 18829 ns, Total: 2268241 ns
[2020-09-11T15:53:19.921+0000][1][safepoint    ] Safepoint "RevokeBias", Time since last: 6049899 ns, Reaching safepoint: 4302920 ns, At safepoint: 24293 ns, Total: 4327213 ns
[2020-09-11T15:53:19.921+0000][1][safepoint    ] Safepoint "RevokeBias", Time since last: 158630 ns, Reaching safepoint: 17267 ns, At safepoint: 8896 ns, Total: 26163 ns
[2020-09-11T15:53:19.921+0000][1][safepoint    ] Safepoint "RevokeBias", Time since last: 178114 ns, Reaching safepoint: 16591 ns, At safepoint: 8449 ns, Total: 25040 ns
[2020-09-11T15:53:19.922+0000][1][safepoint    ] Safepoint "RevokeBias", Time since last: 34863 ns, Reaching safepoint: 14577 ns, At safepoint: 7712 ns, Total: 22289 ns
[2020-09-11T15:53:19.924+0000][1][safepoint    ] Safepoint "RevokeBias", Time since last: 2229050 ns, Reaching safepoint: 213696 ns, At safepoint: 17809 ns, Total: 231505 ns
[2020-09-11T15:53:19.944+0000][1][safepoint    ] Safepoint "RevokeBias", Time since last: 4852652 ns, Reaching safepoint: 15266112 ns, At safepoint: 22152 ns, Total: 15288264 ns
[2020-09-11T15:53:19.945+0000][1][safepoint    ] Safepoint "RevokeBias", Time since last: 513060 ns, Reaching safepoint: 14283 ns, At safepoint: 10446 ns, Total: 24729 ns
[2020-09-11T15:53:19.951+0000][1][safepoint    ] Safepoint "RevokeBias", Time since last: 5636554 ns, Reaching safepoint: 365092 ns, At safepoint: 20331 ns, Total: 385423 ns
[2020-09-11T15:53:19.961+0000][1][safepoint    ] Safepoint "RevokeBias", Time since last: 6067978 ns, Reaching safepoint: 3911613 ns, At safepoint: 22818 ns, Total: 3934431 ns
[2020-09-11T15:53:19.961+0000][1][safepoint    ] Safepoint "RevokeBias", Time since last: 525713 ns, Reaching safepoint: 19737 ns, At safepoint: 27531 ns, Total: 47268 ns
[2020-09-11T15:53:19.962+0000][1][safepoint    ] Safepoint "RevokeBias", Time since last: 470238 ns, Reaching safepoint: 19640 ns, At safepoint: 37487 ns, Total: 57127 ns
[2020-09-11T15:53:19.962+0000][1][safepoint    ] Safepoint "RevokeBias", Time since last: 89619 ns, Reaching safepoint: 19282 ns, At safepoint: 8447 ns, Total: 27729 ns
[2020-09-11T15:53:19.962+0000][1][safepoint    ] Safepoint "RevokeBias", Time since last: 282598 ns, Reaching safepoint: 17481 ns, At safepoint: 8611 ns, Total: 26092 ns
[2020-09-11T15:53:19.962+0000][1][safepoint    ] Safepoint "RevokeBias", Time since last: 30764 ns, Reaching safepoint: 16206 ns, At safepoint: 8085 ns, Total: 24291 ns
[2020-09-11T15:53:19.963+0000][1][safepoint    ] Safepoint "RevokeBias", Time since last: 964478 ns, Reaching safepoint: 90400 ns, At safepoint: 12443 ns, Total: 102843 ns
[2020-09-11T15:53:19.963+0000][1][safepoint    ] Safepoint "RevokeBias", Time since last: 83180 ns, Reaching safepoint: 17083 ns, At safepoint: 8702 ns, Total: 25785 ns
[2020-09-11T15:53:19.964+0000][1][safepoint    ] Safepoint "RevokeBias", Time since last: 40758 ns, Reaching safepoint: 15544 ns, At safepoint: 8167 ns, Total: 23711 ns
[2020-09-11T15:53:19.967+0000][1][safepoint    ] Safepoint "CollectForMetadataAllocation", Time since last: 3408208 ns, Reaching safepoint: 108363 ns, At safepoint: 93214 ns, Total: 201577 ns
[2020-09-11T15:53:19.977+0000][1][safepoint    ] Safepoint "RevokeBias", Time since last: 5676635 ns, Reaching safepoint: 4146058 ns, At safepoint: 17974 ns, Total: 4164032 ns
[2020-09-11T15:53:19.993+0000][1][safepoint    ] Safepoint "RevokeBias", Time since last: 3793266 ns, Reaching safepoint: 12088881 ns, At safepoint: 19746 ns, Total: 12108627 ns
[2020-09-11T15:53:20.001+0000][1][safepoint    ] Safepoint "RevokeBias", Time since last: 8406525 ns, Reaching safepoint: 53974 ns, At safepoint: 19528 ns, Total: 73502 ns
[2020-09-11T15:53:20.001+0000][1][safepoint    ] Safepoint "RevokeBias", Time since last: 60415 ns, Reaching safepoint: 16376 ns, At safepoint: 9147 ns, Total: 25523 ns
[2020-09-11T15:53:20.001+0000][1][safepoint    ] Safepoint "RevokeBias", Time since last: 35356 ns, Reaching safepoint: 18629 ns, At safepoint: 8526 ns, Total: 27155 ns
[2020-09-11T15:53:20.005+0000][1][safepoint    ] Safepoint "RevokeBias", Time since last: 3362343 ns, Reaching safepoint: 108036 ns, At safepoint: 15461 ns, Total: 123497 ns
[2020-09-11T15:53:20.005+0000][1][safepoint    ] Safepoint "RevokeBias", Time since last: 79653 ns, Reaching safepoint: 87330 ns, At safepoint: 10428 ns, Total: 97758 ns
[2020-09-11T15:53:20.008+0000][1][safepoint    ] Safepoint "RevokeBias", Time since last: 3122482 ns, Reaching safepoint: 116739 ns, At safepoint: 19990 ns, Total: 136729 ns
[2020-09-11T15:53:20.009+0000][1][safepoint    ] Safepoint "RevokeBias", Time since last: 60621 ns, Reaching safepoint: 93007 ns, At safepoint: 12684 ns, Total: 105691 ns
[2020-09-11T15:53:20.009+0000][1][safepoint    ] Safepoint "RevokeBias", Time since last: 412271 ns, Reaching safepoint: 19356 ns, At safepoint: 38288 ns, Total: 57644 ns
[2020-09-11T15:53:20.029+0000][1][safepoint    ] Safepoint "RevokeBias", Time since last: 11732926 ns, Reaching safepoint: 8045962 ns, At safepoint: 16704 ns, Total: 8062666 ns
[2020-09-11T15:53:20.029+0000][1][safepoint    ] Safepoint "RevokeBias", Time since last: 378350 ns, Reaching safepoint: 21850 ns, At safepoint: 33299 ns, Total: 55149 ns
[2020-09-11T15:53:20.029+0000][1][safepoint    ] Safepoint "RevokeBias", Time since last: 52146 ns, Reaching safepoint: 18695 ns, At safepoint: 9147 ns, Total: 27842 ns
[2020-09-11T15:53:20.032+0000][1][safepoint    ] Safepoint "CollectForMetadataAllocation", Time since last: 2847563 ns, Reaching safepoint: 97465 ns, At safepoint: 118247 ns, Total: 215712 ns
[2020-09-11T15:53:20.033+0000][1][safepoint    ] Safepoint "RevokeBias", Time since last: 629035 ns, Reaching safepoint: 24023 ns, At safepoint: 14106 ns, Total: 38129 ns
[2020-09-11T15:53:20.034+0000][1][safepoint    ] Safepoint "RevokeBias", Time since last: 1205794 ns, Reaching safepoint: 21821 ns, At safepoint: 14180 ns, Total: 36001 ns
[2020-09-11T15:53:20.036+0000][1][safepoint    ] Safepoint "RevokeBias", Time since last: 1733754 ns, Reaching safepoint: 27683 ns, At safepoint: 13275 ns, Total: 40958 ns
[2020-09-11T15:53:20.036+0000][1][safepoint    ] Safepoint "RevokeBias", Time since last: 233983 ns, Reaching safepoint: 14534 ns, At safepoint: 11372 ns, Total: 25906 ns
[2020-09-11T15:53:20.036+0000][1][safepoint    ] Safepoint "RevokeBias", Time since last: 81589 ns, Reaching safepoint: 14125 ns, At safepoint: 8478 ns, Total: 22603 ns
[2020-09-11T15:53:20.058+0000][1][safepoint    ] Safepoint "BulkRevokeBias", Time since last: 20306455 ns, Reaching safepoint: 1254255 ns, At safepoint: 126922 ns, Total: 1381177 ns
[2020-09-11T15:53:20.068+0000][1][safepoint    ] Safepoint "RevokeBias", Time since last: 9452358 ns, Reaching safepoint: 109801 ns, At safepoint: 19895 ns, Total: 129696 ns
[2020-09-11T15:53:20.074+0000][1][safepoint    ] Safepoint "RevokeBias", Time since last: 5730169 ns, Reaching safepoint: 182017 ns, At safepoint: 12683 ns, Total: 194700 ns
[2020-09-11T15:53:20.102+0000][1][safepoint    ] Safepoint "RevokeBias", Time since last: 22392299 ns, Reaching safepoint: 5758457 ns, At safepoint: 15634 ns, Total: 5774091 ns
[2020-09-11T15:53:20.105+0000][1][safepoint    ] Safepoint "RevokeBias", Time since last: 2946716 ns, Reaching safepoint: 110655 ns, At safepoint: 18626 ns, Total: 129281 ns
[2020-09-11T15:53:20.108+0000][1][safepoint    ] Safepoint "RevokeBias", Time since last: 2717643 ns, Reaching safepoint: 41916 ns, At safepoint: 12726 ns, Total: 54642 ns
[2020-09-11T15:53:20.108+0000][1][safepoint    ] Safepoint "RevokeBias", Time since last: 42070 ns, Reaching safepoint: 19437 ns, At safepoint: 8191 ns, Total: 27628 ns
[2020-09-11T15:53:20.109+0000][1][safepoint    ] Safepoint "CollectForMetadataAllocation", Time since last: 1037395 ns, Reaching safepoint: 42262 ns, At safepoint: 123056 ns, Total: 165318 ns
[2020-09-11T15:53:20.137+0000][1][safepoint    ] Safepoint "CollectForMetadataAllocation", Time since last: 24033950 ns, Reaching safepoint: 3851340 ns, At safepoint: 184242 ns, Total: 4035582 ns
[2020-09-11T15:53:20.140+0000][1][safepoint    ] Safepoint "RevokeBias", Time since last: 2781992 ns, Reaching safepoint: 103406 ns, At safepoint: 15370 ns, Total: 118776 ns
[2020-09-11T15:53:20.155+0000][1][gc,start     ] GC(63) Pause Young (Allocation Failure)
[2020-09-11T15:53:20.155+0000][1][gc,task      ] GC(63) Using 1 workers of 1 for evacuation
[2020-09-11T15:53:20.232+0000][1][gc,age       ] GC(63) Desired survivor size 4358144 bytes, new threshold 2 (max threshold 6)
[2020-09-11T15:53:20.232+0000][1][gc,age       ] GC(63) Age table with threshold 2 (max threshold 6)
[2020-09-11T15:53:20.232+0000][1][gc,age       ] GC(63) - age   1:    1734392 bytes,    1734392 total
[2020-09-11T15:53:20.232+0000][1][gc,age       ] GC(63) - age   2:    3483128 bytes,    5217520 total
[2020-09-11T15:53:20.232+0000][1][gc,heap      ] GC(63) ParNew: 70360K->6263K(76672K)
[2020-09-11T15:53:20.232+0000][1][gc,heap      ] GC(63) CMS: 56633K->76600K(2011968K)
[2020-09-11T15:53:20.232+0000][1][gc,metaspace ] GC(63) Metaspace: 72078K->72078K(1116160K)
[2020-09-11T15:53:20.232+0000][1][gc           ] GC(63) Pause Young (Allocation Failure) 124M->80M(2039M) 77.450ms
[2020-09-11T15:53:20.232+0000][1][gc,cpu       ] GC(63) User=0.08s Sys=0.00s Real=0.07s
[2020-09-11T15:53:20.245+0000][1][safepoint    ] Safepoint "GenCollectForAllocation", Time since last: 12958918 ns, Reaching safepoint: 1871526 ns, At safepoint: 90018898 ns, Total: 91890424 ns
[2020-09-11T15:53:20.247+0000][1][safepoint    ] Safepoint "RevokeBias", Time since last: 2449132 ns, Reaching safepoint: 57223 ns, At safepoint: 21451 ns, Total: 78674 ns
[2020-09-11T15:53:20.247+0000][1][safepoint    ] Safepoint "RevokeBias", Time since last: 55354 ns, Reaching safepoint: 16748 ns, At safepoint: 8441 ns, Total: 25189 ns
[2020-09-11T15:53:20.247+0000][1][safepoint    ] Safepoint "RevokeBias", Time since last: 26794 ns, Reaching safepoint: 15563 ns, At safepoint: 8158 ns, Total: 23721 ns
[2020-09-11T15:53:20.247+0000][1][safepoint    ] Safepoint "RevokeBias", Time since last: 21743 ns, Reaching safepoint: 15447 ns, At safepoint: 7944 ns, Total: 23391 ns
[2020-09-11T15:53:20.248+0000][1][safepoint    ] Safepoint "RevokeBias", Time since last: 210994 ns, Reaching safepoint: 18029 ns, At safepoint: 8842 ns, Total: 26871 ns
[2020-09-11T15:53:20.248+0000][1][safepoint    ] Safepoint "RevokeBias", Time since last: 26221 ns, Reaching safepoint: 15617 ns, At safepoint: 7990 ns, Total: 23607 ns
[2020-09-11T15:53:20.248+0000][1][safepoint    ] Safepoint "RevokeBias", Time since last: 35872 ns, Reaching safepoint: 15702 ns, At safepoint: 8231 ns, Total: 23933 ns
[2020-09-11T15:53:20.255+0000][1][safepoint    ] Safepoint "RevokeBias", Time since last: 7055896 ns, Reaching safepoint: 40938 ns, At safepoint: 17337 ns, Total: 58275 ns
[2020-09-11T15:53:20.269+0000][1][safepoint    ] Safepoint "CollectForMetadataAllocation", Time since last: 9021201 ns, Reaching safepoint: 5038253 ns, At safepoint: 110217 ns, Total: 5148470 ns
[2020-09-11T15:53:20.273+0000][1][safepoint    ] Safepoint "CollectForMetadataAllocation", Time since last: 3662230 ns, Reaching safepoint: 97981 ns, At safepoint: 6790 ns, Total: 104771 ns
[2020-09-11T15:53:20.285+0000][1][safepoint    ] Safepoint "CollectForMetadataAllocation", Time since last: 11881245 ns, Reaching safepoint: 167542 ns, At safepoint: 116197 ns, Total: 283739 ns
[2020-09-11T15:53:20.303+0000][1][safepoint    ] Safepoint "RevokeBias", Time since last: 15726227 ns, Reaching safepoint: 1804112 ns, At safepoint: 16745 ns, Total: 1820857 ns
[2020-09-11T15:53:20.303+0000][1][safepoint    ] Safepoint "RevokeBias", Time since last: 59980 ns, Reaching safepoint: 136243 ns, At safepoint: 11815 ns, Total: 148058 ns
[2020-09-11T15:53:20.303+0000][1][safepoint    ] Safepoint "RevokeBias", Time since last: 33246 ns, Reaching safepoint: 134998 ns, At safepoint: 12030 ns, Total: 147028 ns
[2020-09-11T15:53:20.303+0000][1][safepoint    ] Safepoint "RevokeBias", Time since last: 57758 ns, Reaching safepoint: 128778 ns, At safepoint: 11762 ns, Total: 140540 ns
[2020-09-11T15:53:20.369+0000][1][safepoint    ] Safepoint "CollectForMetadataAllocation", Time since last: 60620860 ns, Reaching safepoint: 5024507 ns, At safepoint: 92855 ns, Total: 5117362 ns
[2020-09-11T15:53:20.423+0000][1][safepoint    ] Safepoint "RevokeBias", Time since last: 42507701 ns, Reaching safepoint: 11638676 ns, At safepoint: 71835 ns, Total: 11710511 ns
[2020-09-11T15:53:20.513+0000][1][safepoint    ] Safepoint "RevokeBias", Time since last: 86758115 ns, Reaching safepoint: 3094204 ns, At safepoint: 15811 ns, Total: 3110015 ns
[2020-09-11T15:53:20.517+0000][1][safepoint    ] Safepoint "RevokeBias", Time since last: 3464238 ns, Reaching safepoint: 111547 ns, At safepoint: 17192 ns, Total: 128739 ns
[2020-09-11T15:53:20.519+0000][1][safepoint    ] Safepoint "CollectForMetadataAllocation", Time since last: 2627059 ns, Reaching safepoint: 103499 ns, At safepoint: 109632 ns, Total: 213131 ns
[2020-09-11T15:53:20.520+0000][1][safepoint    ] Safepoint "CollectForMetadataAllocation", Time since last: 76517 ns, Reaching safepoint: 173970 ns, At safepoint: 8178 ns, Total: 182148 ns
[2020-09-11T15:53:20.531+0000][1][safepoint    ] Safepoint "Deoptimize", Time since last: 10739408 ns, Reaching safepoint: 218630 ns, At safepoint: 359935 ns, Total: 578565 ns
[2020-09-11T15:53:20.537+0000][1][safepoint    ] Safepoint "RevokeBias", Time since last: 5766300 ns, Reaching safepoint: 153801 ns, At safepoint: 33128 ns, Total: 186929 ns
[2020-09-11T15:53:20.723+0000][1][safepoint    ] Safepoint "RevokeBias", Time since last: 186291984 ns, Reaching safepoint: 129024 ns, At safepoint: 21572 ns, Total: 150596 ns
[2020-09-11T15:53:20.740+0000][1][safepoint    ] Safepoint "RevokeBias", Time since last: 9112937 ns, Reaching safepoint: 7302663 ns, At safepoint: 37100 ns, Total: 7339763 ns
[2020-09-11T15:53:20.741+0000][1][safepoint    ] Safepoint "RevokeBias", Time since last: 904440 ns, Reaching safepoint: 99456 ns, At safepoint: 17598 ns, Total: 117054 ns
[2020-09-11T15:53:20.741+0000][1][safepoint    ] Safepoint "RevokeBias", Time since last: 74018 ns, Reaching safepoint: 96017 ns, At safepoint: 14185 ns, Total: 110202 ns
[2020-09-11T15:53:20.741+0000][1][safepoint    ] Safepoint "RevokeBias", Time since last: 38560 ns, Reaching safepoint: 90696 ns, At safepoint: 12875 ns, Total: 103571 ns
[2020-09-11T15:53:20.742+0000][1][safepoint    ] Safepoint "RevokeBias", Time since last: 857321 ns, Reaching safepoint: 91308 ns, At safepoint: 13531 ns, Total: 104839 ns
[2020-09-11T15:53:20.834+0000][1][safepoint    ] Safepoint "RevokeBias", Time since last: 89007172 ns, Reaching safepoint: 3038549 ns, At safepoint: 16989 ns, Total: 3055538 ns
[2020-09-11T15:53:20.840+0000][1][safepoint    ] Safepoint "RevokeBias", Time since last: 5857290 ns, Reaching safepoint: 118938 ns, At safepoint: 31062 ns, Total: 150000 ns
[2020-09-11T15:53:20.849+0000][1][safepoint    ] Safepoint "RevokeBias", Time since last: 8626511 ns, Reaching safepoint: 120334 ns, At safepoint: 17542 ns, Total: 137876 ns
[2020-09-11T15:53:20.851+0000][1][safepoint    ] Safepoint "RevokeBias", Time since last: 1695339 ns, Reaching safepoint: 178863 ns, At safepoint: 19066 ns, Total: 197929 ns
[2020-09-11T15:53:20.880+0000][1][safepoint    ] Safepoint "RevokeBias", Time since last: 15917261 ns, Reaching safepoint: 13630578 ns, At safepoint: 20363 ns, Total: 13650941 ns
[2020-09-11T15:53:20.881+0000][1][safepoint    ] Safepoint "RevokeBias", Time since last: 871239 ns, Reaching safepoint: 42115 ns, At safepoint: 9456 ns, Total: 51571 ns
[2020-09-11T15:53:20.882+0000][1][safepoint    ] Safepoint "RevokeBias", Time since last: 683457 ns, Reaching safepoint: 15246 ns, At safepoint: 7090 ns, Total: 22336 ns
[2020-09-11T15:53:20.882+0000][1][safepoint    ] Safepoint "RevokeBias", Time since last: 227941 ns, Reaching safepoint: 14191 ns, At safepoint: 6905 ns, Total: 21096 ns
[2020-09-11T15:53:20.882+0000][1][safepoint    ] Safepoint "RevokeBias", Time since last: 86533 ns, Reaching safepoint: 13369 ns, At safepoint: 6306 ns, Total: 19675 ns
[2020-09-11T15:53:20.883+0000][1][safepoint    ] Safepoint "RevokeBias", Time since last: 123910 ns, Reaching safepoint: 13660 ns, At safepoint: 6433 ns, Total: 20093 ns
[2020-09-11T15:53:20.883+0000][1][safepoint    ] Safepoint "RevokeBias", Time since last: 138416 ns, Reaching safepoint: 13509 ns, At safepoint: 6216 ns, Total: 19725 ns
[2020-09-11T15:53:20.883+0000][1][safepoint    ] Safepoint "RevokeBias", Time since last: 68151 ns, Reaching safepoint: 13112 ns, At safepoint: 6191 ns, Total: 19303 ns
[2020-09-11T15:53:20.883+0000][1][safepoint    ] Safepoint "RevokeBias", Time since last: 62760 ns, Reaching safepoint: 13310 ns, At safepoint: 6065 ns, Total: 19375 ns
[2020-09-11T15:53:20.883+0000][1][safepoint    ] Safepoint "RevokeBias", Time since last: 115670 ns, Reaching safepoint: 13494 ns, At safepoint: 6244 ns, Total: 19738 ns
[2020-09-11T15:53:20.883+0000][1][safepoint    ] Safepoint "RevokeBias", Time since last: 113256 ns, Reaching safepoint: 13390 ns, At safepoint: 6239 ns, Total: 19629 ns
[2020-09-11T15:53:20.883+0000][1][safepoint    ] Safepoint "RevokeBias", Time since last: 63466 ns, Reaching safepoint: 13358 ns, At safepoint: 6088 ns, Total: 19446 ns
[2020-09-11T15:53:20.883+0000][1][safepoint    ] Safepoint "RevokeBias", Time since last: 65483 ns, Reaching safepoint: 13122 ns, At safepoint: 6003 ns, Total: 19125 ns
[2020-09-11T15:53:20.884+0000][1][safepoint    ] Safepoint "CollectForMetadataAllocation", Time since last: 783603 ns, Reaching safepoint: 15345 ns, At safepoint: 109052 ns, Total: 124397 ns
[2020-09-11T15:53:20.884+0000][1][safepoint    ] Safepoint "RevokeBias", Time since last: 167765 ns, Reaching safepoint: 15662 ns, At safepoint: 8300 ns, Total: 23962 ns
[2020-09-11T15:53:20.885+0000][1][safepoint    ] Safepoint "RevokeBias", Time since last: 119870 ns, Reaching safepoint: 13435 ns, At safepoint: 7262 ns, Total: 20697 ns
[2020-09-11T15:53:20.885+0000][1][safepoint    ] Safepoint "RevokeBias", Time since last: 212008 ns, Reaching safepoint: 83869 ns, At safepoint: 11575 ns, Total: 95444 ns
[2020-09-11T15:53:20.885+0000][1][safepoint    ] Safepoint "RevokeBias", Time since last: 120226 ns, Reaching safepoint: 84163 ns, At safepoint: 10990 ns, Total: 95153 ns
[2020-09-11T15:53:20.886+0000][1][safepoint    ] Safepoint "RevokeBias", Time since last: 953221 ns, Reaching safepoint: 92828 ns, At safepoint: 12944 ns, Total: 105772 ns
[2020-09-11T15:53:20.886+0000][1][safepoint    ] Safepoint "RevokeBias", Time since last: 160568 ns, Reaching safepoint: 84664 ns, At safepoint: 10719 ns, Total: 95383 ns
[2020-09-11T15:53:20.887+0000][1][safepoint    ] Safepoint "RevokeBias", Time since last: 81935 ns, Reaching safepoint: 85250 ns, At safepoint: 10204 ns, Total: 95454 ns
[2020-09-11T15:53:20.887+0000][1][safepoint    ] Safepoint "RevokeBias", Time since last: 123702 ns, Reaching safepoint: 84907 ns, At safepoint: 9988 ns, Total: 94895 ns
[2020-09-11T15:53:20.887+0000][1][safepoint    ] Safepoint "RevokeBias", Time since last: 65694 ns, Reaching safepoint: 82723 ns, At safepoint: 9547 ns, Total: 92270 ns
[2020-09-11T15:53:20.887+0000][1][safepoint    ] Safepoint "RevokeBias", Time since last: 66257 ns, Reaching safepoint: 83928 ns, At safepoint: 9537 ns, Total: 93465 ns
[2020-09-11T15:53:20.887+0000][1][safepoint    ] Safepoint "RevokeBias", Time since last: 125753 ns, Reaching safepoint: 82650 ns, At safepoint: 9559 ns, Total: 92209 ns
[2020-09-11T15:53:20.888+0000][1][safepoint    ] Safepoint "RevokeBias", Time since last: 120360 ns, Reaching safepoint: 83172 ns, At safepoint: 11192 ns, Total: 94364 ns
[2020-09-11T15:53:20.888+0000][1][safepoint    ] Safepoint "RevokeBias", Time since last: 137195 ns, Reaching safepoint: 83551 ns, At safepoint: 10691 ns, Total: 94242 ns
[2020-09-11T15:53:20.888+0000][1][safepoint    ] Safepoint "RevokeBias", Time since last: 66480 ns, Reaching safepoint: 82256 ns, At safepoint: 9480 ns, Total: 91736 ns
[2020-09-11T15:53:20.888+0000][1][safepoint    ] Safepoint "BulkRevokeBias", Time since last: 115517 ns, Reaching safepoint: 82803 ns, At safepoint: 98989 ns, Total: 181792 ns
[2020-09-11T15:53:20.889+0000][1][safepoint    ] Safepoint "RevokeBias", Time since last: 580036 ns, Reaching safepoint: 18521 ns, At safepoint: 7740 ns, Total: 26261 ns
[2020-09-11T15:53:20.889+0000][1][safepoint    ] Safepoint "RevokeBias", Time since last: 67192 ns, Reaching safepoint: 13314 ns, At safepoint: 6275 ns, Total: 19589 ns
[2020-09-11T15:53:20.889+0000][1][safepoint    ] Safepoint "BulkRevokeBias", Time since last: 170127 ns, Reaching safepoint: 13592 ns, At safepoint: 78873 ns, Total: 92465 ns
[2020-09-11T15:53:20.894+0000][1][safepoint    ] Safepoint "RevokeBias", Time since last: 4347305 ns, Reaching safepoint: 105917 ns, At safepoint: 15639 ns, Total: 121556 ns
[2020-09-11T15:53:20.901+0000][1][safepoint    ] Safepoint "RevokeBias", Time since last: 2547063 ns, Reaching safepoint: 4928544 ns, At safepoint: 20216 ns, Total: 4948760 ns
[2020-09-11T15:53:20.909+0000][1][safepoint    ] Safepoint "RevokeBias", Time since last: 5885032 ns, Reaching safepoint: 1746542 ns, At safepoint: 24278 ns, Total: 1770820 ns
[2020-09-11T15:53:20.912+0000][1][safepoint    ] Safepoint "RevokeBias", Time since last: 3252805 ns, Reaching safepoint: 42507 ns, At safepoint: 11761 ns, Total: 54268 ns
[2020-09-11T15:53:20.912+0000][1][safepoint    ] Safepoint "RevokeBias", Time since last: 167066 ns, Reaching safepoint: 88412 ns, At safepoint: 11411 ns, Total: 99823 ns
[2020-09-11T15:53:20.916+0000][1][safepoint    ] Safepoint "RevokeBias", Time since last: 3809274 ns, Reaching safepoint: 40765 ns, At safepoint: 10969 ns, Total: 51734 ns
[2020-09-11T15:53:20.916+0000][1][safepoint    ] Safepoint "RevokeBias", Time since last: 65277 ns, Reaching safepoint: 14858 ns, At safepoint: 6853 ns, Total: 21711 ns
[2020-09-11T15:53:20.920+0000][1][safepoint    ] Safepoint "RevokeBias", Time since last: 3520540 ns, Reaching safepoint: 37329 ns, At safepoint: 11377 ns, Total: 48706 ns
[2020-09-11T15:53:20.922+0000][1][safepoint    ] Safepoint "RevokeBias", Time since last: 1521115 ns, Reaching safepoint: 33469 ns, At safepoint: 9696 ns, Total: 43165 ns
[2020-09-11T15:53:20.925+0000][1][safepoint    ] Safepoint "RevokeBias", Time since last: 3639725 ns, Reaching safepoint: 38013 ns, At safepoint: 10330 ns, Total: 48343 ns
[2020-09-11T15:53:20.928+0000][1][safepoint    ] Safepoint "RevokeBias", Time since last: 2339487 ns, Reaching safepoint: 128575 ns, At safepoint: 18026 ns, Total: 146601 ns
[2020-09-11T15:53:20.932+0000][1][safepoint    ] Safepoint "RevokeBias", Time since last: 4277492 ns, Reaching safepoint: 111325 ns, At safepoint: 17724 ns, Total: 129049 ns
[2020-09-11T15:53:20.934+0000][1][safepoint    ] Safepoint "BulkRevokeBias", Time since last: 1951601 ns, Reaching safepoint: 107358 ns, At safepoint: 129425 ns, Total: 236783 ns
[2020-09-11T15:53:21.453+0000][1][safepoint    ] Safepoint "RevokeBias", Time since last: 514422488 ns, Reaching safepoint: 4165095 ns, At safepoint: 28908 ns, Total: 4194003 ns
[2020-09-11T15:53:21.453+0000][1][safepoint    ] Safepoint "RevokeBias", Time since last: 297782 ns, Reaching safepoint: 94118 ns, At safepoint: 12534 ns, Total: 106652 ns
[2020-09-11T15:53:21.456+0000][1][safepoint    ] Safepoint "RevokeBias", Time since last: 2507651 ns, Reaching safepoint: 157915 ns, At safepoint: 13661 ns, Total: 171576 ns
[2020-09-11T15:53:21.457+0000][1][safepoint    ] Safepoint "RevokeBias", Time since last: 248667 ns, Reaching safepoint: 563886 ns, At safepoint: 13502 ns, Total: 577388 ns
[2020-09-11T15:53:21.458+0000][1][safepoint    ] Safepoint "RevokeBias", Time since last: 132404 ns, Reaching safepoint: 769907 ns, At safepoint: 14212 ns, Total: 784119 ns
[2020-09-11T15:53:21.461+0000][1][safepoint    ] Safepoint "RevokeBias", Time since last: 2560730 ns, Reaching safepoint: 371779 ns, At safepoint: 28719 ns, Total: 400498 ns
[2020-09-11T15:53:21.467+0000][1][safepoint    ] Safepoint "RevokeBias", Time since last: 6358695 ns, Reaching safepoint: 118806 ns, At safepoint: 16024 ns, Total: 134830 ns
[2020-09-11T15:53:21.471+0000][1][safepoint    ] Safepoint "RevokeBias", Time since last: 4067749 ns, Reaching safepoint: 109904 ns, At safepoint: 14962 ns, Total: 124866 ns
[2020-09-11T15:53:21.472+0000][1][gc           ] GC(62) Concurrent Abortable Preclean 2605.605ms
[2020-09-11T15:53:21.472+0000][1][gc,cpu       ] GC(62) User=2.00s Sys=0.06s Real=2.60s
[2020-09-11T15:53:21.472+0000][1][safepoint    ] Safepoint "RevokeBias", Time since last: 191480 ns, Reaching safepoint: 96117 ns, At safepoint: 11311 ns, Total: 107428 ns
[2020-09-11T15:53:21.478+0000][1][safepoint    ] Safepoint "RevokeBias", Time since last: 6129460 ns, Reaching safepoint: 37410 ns, At safepoint: 11146 ns, Total: 48556 ns
[2020-09-11T15:53:21.478+0000][1][safepoint    ] Safepoint "RevokeBias", Time since last: 257874 ns, Reaching safepoint: 88688 ns, At safepoint: 10979 ns, Total: 99667 ns
[2020-09-11T15:53:21.478+0000][1][safepoint    ] Safepoint "RevokeBias", Time since last: 106920 ns, Reaching safepoint: 84783 ns, At safepoint: 10209 ns, Total: 94992 ns
[2020-09-11T15:53:21.479+0000][1][safepoint    ] Safepoint "RevokeBias", Time since last: 114446 ns, Reaching safepoint: 96198 ns, At safepoint: 10968 ns, Total: 107166 ns
[2020-09-11T15:53:21.479+0000][1][safepoint    ] Safepoint "RevokeBias", Time since last: 71375 ns, Reaching safepoint: 125932 ns, At safepoint: 11292 ns, Total: 137224 ns
[2020-09-11T15:53:21.479+0000][1][safepoint    ] Safepoint "RevokeBias", Time since last: 111988 ns, Reaching safepoint: 126962 ns, At safepoint: 11072 ns, Total: 138034 ns
[2020-09-11T15:53:21.483+0000][1][safepoint    ] Safepoint "RevokeBias", Time since last: 4132860 ns, Reaching safepoint: 131950 ns, At safepoint: 16472 ns, Total: 148422 ns
[2020-09-11T15:53:21.484+0000][1][gc,start     ] GC(62) Pause Remark
[2020-09-11T15:53:21.510+0000][1][gc           ] GC(62) Pause Remark 115M->115M(2039M) 25.316ms
[2020-09-11T15:53:21.510+0000][1][gc,cpu       ] GC(62) User=0.02s Sys=0.00s Real=0.02s
[2020-09-11T15:53:21.516+0000][1][safepoint    ] Safepoint "RevokeBias", Time since last: 738232 ns, Reaching safepoint: 91706 ns, At safepoint: 32159774 ns, Total: 32251480 ns
[2020-09-11T15:53:21.517+0000][1][gc           ] GC(62) Concurrent Sweep
[2020-09-11T15:53:21.526+0000][1][safepoint    ] Safepoint "RevokeBias", Time since last: 8781974 ns, Reaching safepoint: 833526 ns, At safepoint: 174692 ns, Total: 1008218 ns
[2020-09-11T15:53:21.529+0000][1][safepoint    ] Safepoint "RevokeBias", Time since last: 2596693 ns, Reaching safepoint: 136751 ns, At safepoint: 16797 ns, Total: 153548 ns
[2020-09-11T15:53:21.531+0000][1][safepoint    ] Safepoint "RevokeBias", Time since last: 1688079 ns, Reaching safepoint: 31382 ns, At safepoint: 13030 ns, Total: 44412 ns
[2020-09-11T15:53:21.532+0000][1][safepoint    ] Safepoint "RevokeBias", Time since last: 1069889 ns, Reaching safepoint: 26371 ns, At safepoint: 9053 ns, Total: 35424 ns
[2020-09-11T15:53:21.532+0000][1][safepoint    ] Safepoint "RevokeBias", Time since last: 185913 ns, Reaching safepoint: 16086 ns, At safepoint: 7297 ns, Total: 23383 ns
[2020-09-11T15:53:21.532+0000][1][safepoint    ] Safepoint "RevokeBias", Time since last: 79007 ns, Reaching safepoint: 15393 ns, At safepoint: 6734 ns, Total: 22127 ns
[2020-09-11T15:53:21.532+0000][1][safepoint    ] Safepoint "RevokeBias", Time since last: 113401 ns, Reaching safepoint: 15501 ns, At safepoint: 6713 ns, Total: 22214 ns
[2020-09-11T15:53:21.532+0000][1][safepoint    ] Safepoint "RevokeBias", Time since last: 87936 ns, Reaching safepoint: 14906 ns, At safepoint: 9639 ns, Total: 24545 ns
[2020-09-11T15:53:21.534+0000][1][safepoint    ] Safepoint "RevokeBias", Time since last: 2000895 ns, Reaching safepoint: 30554 ns, At safepoint: 9416 ns, Total: 39970 ns
[2020-09-11T15:53:21.534+0000][1][safepoint    ] Safepoint "RevokeBias", Time since last: 120988 ns, Reaching safepoint: 16041 ns, At safepoint: 7187 ns, Total: 23228 ns
[2020-09-11T15:53:21.535+0000][1][safepoint    ] Safepoint "RevokeBias", Time since last: 176973 ns, Reaching safepoint: 15597 ns, At safepoint: 6670 ns, Total: 22267 ns
[2020-09-11T15:53:21.545+0000][1][safepoint    ] Safepoint "RevokeBias", Time since last: 6131038 ns, Reaching safepoint: 4022765 ns, At safepoint: 17289 ns, Total: 4040054 ns
[2020-09-11T15:53:21.557+0000][1][safepoint    ] Safepoint "RevokeBias", Time since last: 12384706 ns, Reaching safepoint: 120499 ns, At safepoint: 14092 ns, Total: 134591 ns
[2020-09-11T15:53:21.562+0000][1][safepoint    ] Safepoint "RevokeBias", Time since last: 739529 ns, Reaching safepoint: 4306376 ns, At safepoint: 21509 ns, Total: 4327885 ns
[2020-09-11T15:53:21.565+0000][1][safepoint    ] Safepoint "RevokeBias", Time since last: 2343415 ns, Reaching safepoint: 112300 ns, At safepoint: 14963 ns, Total: 127263 ns
[2020-09-11T15:53:21.576+0000][1][safepoint    ] Safepoint "RevokeBias", Time since last: 8545465 ns, Reaching safepoint: 2287168 ns, At safepoint: 40100 ns, Total: 2327268 ns
[2020-09-11T15:53:21.579+0000][1][safepoint    ] Safepoint "RevokeBias", Time since last: 3297269 ns, Reaching safepoint: 115882 ns, At safepoint: 19167 ns, Total: 135049 ns
[2020-09-11T15:53:21.642+0000][1][gc           ] GC(62) Concurrent Sweep 124.947ms
[2020-09-11T15:53:21.642+0000][1][gc,cpu       ] GC(62) User=0.07s Sys=0.01s Real=0.13s
[2020-09-11T15:53:21.642+0000][1][gc           ] GC(62) Concurrent Reset
[2020-09-11T15:53:21.656+0000][1][gc           ] GC(62) Concurrent Reset 14.484ms
[2020-09-11T15:53:21.656+0000][1][gc,cpu       ] GC(62) User=0.01s Sys=0.00s Real=0.01s
[2020-09-11T15:53:21.656+0000][1][gc,heap      ] GC(62) Old: 56633K->75597K(2011968K)
[2020-09-11T15:53:22.311+0000][1][safepoint    ] Safepoint "RevokeBias", Time since last: 731302765 ns, Reaching safepoint: 132101 ns, At safepoint: 51250 ns, Total: 183351 ns
[2020-09-11T15:53:22.605+0000][1][safepoint    ] Safepoint "RevokeBias", Time since last: 294231927 ns, Reaching safepoint: 401761 ns, At safepoint: 42623 ns, Total: 444384 ns
[2020-09-11T15:53:22.755+0000][1][safepoint    ] Safepoint "RevokeBias", Time since last: 149864961 ns, Reaching safepoint: 137834 ns, At safepoint: 15974 ns, Total: 153808 ns
[2020-09-11T15:53:22.762+0000][1][safepoint    ] Safepoint "RevokeBias", Time since last: 6777103 ns, Reaching safepoint: 116397 ns, At safepoint: 13887 ns, Total: 130284 ns
[2020-09-11T15:53:22.765+0000][1][safepoint    ] Safepoint "RevokeBias", Time since last: 2532704 ns, Reaching safepoint: 106591 ns, At safepoint: 15207 ns, Total: 121798 ns
[2020-09-11T15:53:22.773+0000][1][safepoint    ] Safepoint "RevokeBias", Time since last: 7924551 ns, Reaching safepoint: 119131 ns, At safepoint: 42071 ns, Total: 161202 ns
[2020-09-11T15:53:22.782+0000][1][safepoint    ] Safepoint "RevokeBias", Time since last: 9177444 ns, Reaching safepoint: 119954 ns, At safepoint: 16359 ns, Total: 136313 ns
[2020-09-11T15:53:22.783+0000][1][safepoint    ] Safepoint "RevokeBias", Time since last: 839662 ns, Reaching safepoint: 90403 ns, At safepoint: 13299 ns, Total: 103702 ns
[2020-09-11T15:53:22.790+0000][1][safepoint    ] Safepoint "BulkRevokeBias", Time since last: 6058814 ns, Reaching safepoint: 116007 ns, At safepoint: 136193 ns, Total: 252200 ns
[2020-09-11T15:53:22.832+0000][1][safepoint    ] Safepoint "RevokeBias", Time since last: 42007869 ns, Reaching safepoint: 111347 ns, At safepoint: 26839 ns, Total: 138186 ns
[2020-09-11T15:53:22.930+0000][1][safepoint    ] Safepoint "RevokeBias", Time since last: 97692288 ns, Reaching safepoint: 861711 ns, At safepoint: 19557 ns, Total: 881268 ns
[2020-09-11T15:53:22.952+0000][1][safepoint    ] Safepoint "RevokeBias", Time since last: 21479074 ns, Reaching safepoint: 120884 ns, At safepoint: 48063 ns, Total: 168947 ns
[2020-09-11T15:53:22.992+0000][1][safepoint    ] Safepoint "RevokeBias", Time since last: 39598935 ns, Reaching safepoint: 258255 ns, At safepoint: 48878 ns, Total: 307133 ns
[2020-09-11T15:53:23.031+0000][1][safepoint    ] Safepoint "RevokeBias", Time since last: 39319860 ns, Reaching safepoint: 125432 ns, At safepoint: 54330 ns, Total: 179762 ns
[2020-09-11T15:53:23.101+0000][1][safepoint    ] Safepoint "RevokeBias", Time since last: 69774785 ns, Reaching safepoint: 111436 ns, At safepoint: 33086 ns, Total: 144522 ns
[2020-09-11T15:53:23.161+0000][1][safepoint    ] Safepoint "RevokeBias", Time since last: 59585747 ns, Reaching safepoint: 121237 ns, At safepoint: 39137 ns, Total: 160374 ns
[2020-09-11T15:53:23.242+0000][1][safepoint    ] Safepoint "RevokeBias", Time since last: 79889061 ns, Reaching safepoint: 855242 ns, At safepoint: 49755 ns, Total: 904997 ns
[2020-09-11T15:53:23.322+0000][1][safepoint    ] Safepoint "BulkRevokeBias", Time since last: 79590824 ns, Reaching safepoint: 227074 ns, At safepoint: 177778 ns, Total: 404852 ns
[2020-09-11T15:53:23.453+0000][1][safepoint    ] Safepoint "RevokeBias", Time since last: 126947940 ns, Reaching safepoint: 4059886 ns, At safepoint: 28655 ns, Total: 4088541 ns
[2020-09-11T15:53:23.453+0000][1][safepoint    ] Safepoint "RevokeBias", Time since last: 87670 ns, Reaching safepoint: 109593 ns, At safepoint: 16818 ns, Total: 126411 ns
[2020-09-11T15:53:23.551+0000][1][gc,start     ] GC(64) Pause Young (Allocation Failure)
[2020-09-11T15:53:23.551+0000][1][gc,task      ] GC(64) Using 1 workers of 1 for evacuation
[2020-09-11T15:53:23.640+0000][1][gc,age       ] GC(64) Desired survivor size 4358144 bytes, new threshold 6 (max threshold 6)
[2020-09-11T15:53:23.640+0000][1][gc,age       ] GC(64) Age table with threshold 6 (max threshold 6)
[2020-09-11T15:53:23.640+0000][1][gc,age       ] GC(64) - age   1:    1317032 bytes,    1317032 total
[2020-09-11T15:53:23.640+0000][1][gc,age       ] GC(64) - age   2:    1674208 bytes,    2991240 total
[2020-09-11T15:53:23.641+0000][1][gc,heap      ] GC(64) ParNew: 74423K->5387K(76672K)
[2020-09-11T15:53:23.641+0000][1][gc,heap      ] GC(64) CMS: 75597K->95507K(2011968K)
[2020-09-11T15:53:23.641+0000][1][gc,metaspace ] GC(64) Metaspace: 74541K->74541K(1118208K)
[2020-09-11T15:53:23.641+0000][1][gc           ] GC(64) Pause Young (Allocation Failure) 146M->98M(2039M) 89.750ms
[2020-09-11T15:53:23.641+0000][1][gc,cpu       ] GC(64) User=0.04s Sys=0.00s Real=0.09s
[2020-09-11T15:53:23.697+0000][1][safepoint    ] Safepoint "GenCollectForAllocation", Time since last: 97568808 ns, Reaching safepoint: 127286 ns, At safepoint: 146002558 ns, Total: 146129844 ns
[2020-09-11T15:53:23.717+0000][1][safepoint    ] Safepoint "RevokeBias", Time since last: 10662989 ns, Reaching safepoint: 9389898 ns, At safepoint: 31132 ns, Total: 9421030 ns
[2020-09-11T15:53:23.717+0000][1][safepoint    ] Safepoint "RevokeBias", Time since last: 93594 ns, Reaching safepoint: 92955 ns, At safepoint: 13639 ns, Total: 106594 ns
[2020-09-11T15:53:23.750+0000][1][safepoint    ] Safepoint "RevokeBias", Time since last: 23597520 ns, Reaching safepoint: 9251801 ns, At safepoint: 28869 ns, Total: 9280670 ns
[2020-09-11T15:53:23.751+0000][1][safepoint    ] Safepoint "RevokeBias", Time since last: 598834 ns, Reaching safepoint: 100162 ns, At safepoint: 16479 ns, Total: 116641 ns
[2020-09-11T15:53:23.785+0000][1][safepoint    ] Safepoint "RevokeBias", Time since last: 22153588 ns, Reaching safepoint: 12016552 ns, At safepoint: 33887 ns, Total: 12050439 ns
[2020-09-11T15:53:24.185+0000][1][safepoint    ] Safepoint "RevokeBias", Time since last: 388667867 ns, Reaching safepoint: 11324504 ns, At safepoint: 33251 ns, Total: 11357755 ns
[2020-09-11T15:53:24.468+0000][1][safepoint    ] Safepoint "RevokeBias", Time since last: 275069237 ns, Reaching safepoint: 8011161 ns, At safepoint: 27703 ns, Total: 8038864 ns
[2020-09-11T15:53:24.468+0000][1][safepoint    ] Safepoint "RevokeBias", Time since last: 314194 ns, Reaching safepoint: 94961 ns, At safepoint: 14781 ns, Total: 109742 ns
[2020-09-11T15:53:24.469+0000][1][safepoint    ] Safepoint "RevokeBias", Time since last: 41045 ns, Reaching safepoint: 92370 ns, At safepoint: 12777 ns, Total: 105147 ns
[2020-09-11T15:53:24.473+0000][1][safepoint    ] Safepoint "RevokeBias", Time since last: 4218208 ns, Reaching safepoint: 105341 ns, At safepoint: 18417 ns, Total: 123758 ns
[2020-09-11T15:53:24.474+0000][1][safepoint    ] Safepoint "RevokeBias", Time since last: 903605 ns, Reaching safepoint: 171873 ns, At safepoint: 16381 ns, Total: 188254 ns
[2020-09-11T15:53:24.485+0000][1][safepoint    ] Safepoint "RevokeBias", Time since last: 11070239 ns, Reaching safepoint: 126236 ns, At safepoint: 20508 ns, Total: 146744 ns
[2020-09-11T15:53:24.532+0000][1][safepoint    ] Safepoint "RevokeBias", Time since last: 45536975 ns, Reaching safepoint: 957258 ns, At safepoint: 22784 ns, Total: 980042 ns
[2020-09-11T15:53:24.532+0000][1][safepoint    ] Safepoint "RevokeBias", Time since last: 74481 ns, Reaching safepoint: 97760 ns, At safepoint: 14012 ns, Total: 111772 ns
[2020-09-11T15:53:24.897+0000][1][safepoint    ] Safepoint "Deoptimize", Time since last: 364852507 ns, Reaching safepoint: 134682 ns, At safepoint: 402894 ns, Total: 537576 ns
[2020-09-11T15:53:25.112+0000][1][safepoint    ] Safepoint "RevokeBias", Time since last: 214138363 ns, Reaching safepoint: 144525 ns, At safepoint: 18450 ns, Total: 162975 ns
[2020-09-11T15:53:25.112+0000][1][safepoint    ] Safepoint "RevokeBias", Time since last: 61014 ns, Reaching safepoint: 95321 ns, At safepoint: 13581 ns, Total: 108902 ns
[2020-09-11T15:53:25.125+0000][1][safepoint    ] Safepoint "RevokeBias", Time since last: 13184472 ns, Reaching safepoint: 111672 ns, At safepoint: 18749 ns, Total: 130421 ns
[2020-09-11T15:53:25.125+0000][1][safepoint    ] Safepoint "RevokeBias", Time since last: 74470 ns, Reaching safepoint: 18169 ns, At safepoint: 12415 ns, Total: 30584 ns
[2020-09-11T15:53:25.125+0000][1][safepoint    ] Safepoint "RevokeBias", Time since last: 36647 ns, Reaching safepoint: 18623 ns, At safepoint: 10684 ns, Total: 29307 ns
[2020-09-11T15:53:25.125+0000][1][safepoint    ] Safepoint "RevokeBias", Time since last: 185812 ns, Reaching safepoint: 17846 ns, At safepoint: 10907 ns, Total: 28753 ns
[2020-09-11T15:53:25.148+0000][1][safepoint    ] Safepoint "RevokeBias", Time since last: 22279953 ns, Reaching safepoint: 117743 ns, At safepoint: 17033 ns, Total: 134776 ns
[2020-09-11T15:53:25.148+0000][1][safepoint    ] Safepoint "RevokeBias", Time since last: 105171 ns, Reaching safepoint: 16442 ns, At safepoint: 10889 ns, Total: 27331 ns
[2020-09-11T15:53:25.155+0000][1][safepoint    ] Safepoint "RevokeBias", Time since last: 4151475 ns, Reaching safepoint: 3202841 ns, At safepoint: 17876 ns, Total: 3220717 ns
[2020-09-11T15:53:25.501+0000][1][safepoint    ] Safepoint "RevokeBias", Time since last: 345404789 ns, Reaching safepoint: 590713 ns, At safepoint: 18629 ns, Total: 609342 ns
[2020-09-11T15:53:25.502+0000][1][safepoint    ] Safepoint "RevokeBias", Time since last: 67524 ns, Reaching safepoint: 91400 ns, At safepoint: 12359 ns, Total: 103759 ns
[2020-09-11T15:53:26.009+0000][1][safepoint    ] Safepoint "RevokeBias", Time since last: 507187116 ns, Reaching safepoint: 123617 ns, At safepoint: 19328 ns, Total: 142945 ns
[2020-09-11T15:53:26.009+0000][1][safepoint    ] Safepoint "BulkRevokeBias", Time since last: 85651 ns, Reaching safepoint: 17720 ns, At safepoint: 152953 ns, Total: 170673 ns
[2020-09-11T15:53:26.009+0000][1][safepoint    ] Safepoint "BulkRevokeBias", Time since last: 40333 ns, Reaching safepoint: 18885 ns, At safepoint: 82232 ns, Total: 101117 ns
[2020-09-11T15:53:26.010+0000][1][safepoint    ] Safepoint "RevokeBias", Time since last: 173893 ns, Reaching safepoint: 17659 ns, At safepoint: 10074 ns, Total: 27733 ns
[2020-09-11T15:53:26.014+0000][1][safepoint    ] Safepoint "RevokeBias", Time since last: 4421500 ns, Reaching safepoint: 108140 ns, At safepoint: 16900 ns, Total: 125040 ns
[2020-09-11T15:53:26.014+0000][1][safepoint    ] Safepoint "RevokeBias", Time since last: 59275 ns, Reaching safepoint: 85592 ns, At safepoint: 11570 ns, Total: 97162 ns
[2020-09-11T15:53:26.014+0000][1][safepoint    ] Safepoint "RevokeBias", Time since last: 62280 ns, Reaching safepoint: 86449 ns, At safepoint: 8876 ns, Total: 95325 ns
[2020-09-11T15:53:26.019+0000][1][safepoint    ] Safepoint "RevokeBias", Time since last: 4839715 ns, Reaching safepoint: 113748 ns, At safepoint: 13885 ns, Total: 127633 ns
[2020-09-11T15:53:26.028+0000][1][safepoint    ] Safepoint "RevokeBias", Time since last: 8762270 ns, Reaching safepoint: 118354 ns, At safepoint: 13368 ns, Total: 131722 ns
[2020-09-11T15:53:26.030+0000][1][safepoint    ] Safepoint "RevokeBias", Time since last: 1555134 ns, Reaching safepoint: 99114 ns, At safepoint: 11495 ns, Total: 110609 ns
[2020-09-11T15:53:26.043+0000][1][safepoint    ] Safepoint "RevokeBias", Time since last: 13096655 ns, Reaching safepoint: 122316 ns, At safepoint: 15362 ns, Total: 137678 ns
[2020-09-11T15:53:26.049+0000][1][safepoint    ] Safepoint "RevokeBias", Time since last: 5527663 ns, Reaching safepoint: 126864 ns, At safepoint: 16195 ns, Total: 143059 ns
[2020-09-11T15:53:26.057+0000][1][safepoint    ] Safepoint "RevokeBias", Time since last: 8206649 ns, Reaching safepoint: 117417 ns, At safepoint: 17437 ns, Total: 134854 ns
[2020-09-11T15:53:26.061+0000][1][safepoint    ] Safepoint "RevokeBias", Time since last: 3619877 ns, Reaching safepoint: 106086 ns, At safepoint: 12854 ns, Total: 118940 ns
[2020-09-11T15:53:26.066+0000][1][safepoint    ] Safepoint "RevokeBias", Time since last: 5374681 ns, Reaching safepoint: 111445 ns, At safepoint: 13731 ns, Total: 125176 ns
[2020-09-11T15:53:26.068+0000][1][safepoint    ] Safepoint "RevokeBias", Time since last: 1575480 ns, Reaching safepoint: 108991 ns, At safepoint: 11424 ns, Total: 120415 ns
[2020-09-11T15:53:26.171+0000][1][safepoint    ] Safepoint "RevokeBias", Time since last: 103272860 ns, Reaching safepoint: 119666 ns, At safepoint: 18126 ns, Total: 137792 ns
[2020-09-11T15:53:26.183+0000][1][safepoint    ] Safepoint "RevokeBias", Time since last: 11455581 ns, Reaching safepoint: 119042 ns, At safepoint: 15941 ns, Total: 134983 ns
[2020-09-11T15:53:26.183+0000][1][safepoint    ] Safepoint "RevokeBias", Time since last: 115956 ns, Reaching safepoint: 87717 ns, At safepoint: 12017 ns, Total: 99734 ns
[2020-09-11T15:53:26.198+0000][1][safepoint    ] Safepoint "RevokeBias", Time since last: 14192751 ns, Reaching safepoint: 118545 ns, At safepoint: 17642 ns, Total: 136187 ns
[2020-09-11T15:53:26.198+0000][1][safepoint    ] Safepoint "RevokeBias", Time since last: 674978 ns, Reaching safepoint: 92455 ns, At safepoint: 13087 ns, Total: 105542 ns
[2020-09-11T15:53:26.259+0000][1][safepoint    ] Safepoint "RevokeBias", Time since last: 56919723 ns, Reaching safepoint: 4112569 ns, At safepoint: 26752 ns, Total: 4139321 ns
[2020-09-11T15:53:26.522+0000][1][safepoint    ] Safepoint "RevokeBias", Time since last: 262164247 ns, Reaching safepoint: 145289 ns, At safepoint: 14659 ns, Total: 159948 ns
[2020-09-11T15:53:26.595+0000][1][safepoint    ] Safepoint "RevokeBias", Time since last: 72809425 ns, Reaching safepoint: 122305 ns, At safepoint: 9131 ns, Total: 131436 ns
[2020-09-11T15:53:26.595+0000][1][safepoint    ] Safepoint "RevokeBias", Time since last: 359654 ns, Reaching safepoint: 92723 ns, At safepoint: 5635 ns, Total: 98358 ns
[2020-09-11T15:53:26.667+0000][1][safepoint    ] Safepoint "RevokeBias", Time since last: 72104597 ns, Reaching safepoint: 123960 ns, At safepoint: 8975 ns, Total: 132935 ns
[2020-09-11T15:53:26.668+0000][1][safepoint    ] Safepoint "RevokeBias", Time since last: 214063 ns, Reaching safepoint: 93255 ns, At safepoint: 6098 ns, Total: 99353 ns
[2020-09-11T15:53:26.772+0000][1][gc,start     ] GC(65) Pause Young (Allocation Failure)
[2020-09-11T15:53:26.772+0000][1][gc,task      ] GC(65) Using 1 workers of 1 for evacuation
[2020-09-11T15:53:26.804+0000][1][gc,age       ] GC(65) Desired survivor size 4358144 bytes, new threshold 3 (max threshold 6)
[2020-09-11T15:53:26.804+0000][1][gc,age       ] GC(65) Age table with threshold 3 (max threshold 6)
[2020-09-11T15:53:26.804+0000][1][gc,age       ] GC(65) - age   1:    2040072 bytes,    2040072 total
[2020-09-11T15:53:26.804+0000][1][gc,age       ] GC(65) - age   2:    1255072 bytes,    3295144 total
[2020-09-11T15:53:26.804+0000][1][gc,age       ] GC(65) - age   3:    1528024 bytes,    4823168 total
[2020-09-11T15:53:26.804+0000][1][gc,heap      ] GC(65) ParNew: 73547K->4884K(76672K)
[2020-09-11T15:53:26.804+0000][1][gc,heap      ] GC(65) CMS: 95507K->95507K(2011968K)
[2020-09-11T15:53:26.804+0000][1][gc,metaspace ] GC(65) Metaspace: 78786K->78786K(1122304K)
[2020-09-11T15:53:26.804+0000][1][gc           ] GC(65) Pause Young (Allocation Failure) 165M->98M(2039M) 32.250ms
[2020-09-11T15:53:26.804+0000][1][gc,cpu       ] GC(65) User=0.04s Sys=0.00s Real=0.04s
[2020-09-11T15:53:26.809+0000][1][safepoint    ] Safepoint "GenCollectForAllocation", Time since last: 104298491 ns, Reaching safepoint: 140436 ns, At safepoint: 36640204 ns, Total: 36780640 ns
[2020-09-11T15:53:26.831+0000][1][safepoint    ] Safepoint "Deoptimize", Time since last: 21321598 ns, Reaching safepoint: 114184 ns, At safepoint: 453912 ns, Total: 568096 ns
[2020-09-11T15:53:26.940+0000][1][safepoint    ] Safepoint "RevokeBias", Time since last: 109606502 ns, Reaching safepoint: 144891 ns, At safepoint: 9504 ns, Total: 154395 ns
[2020-09-11T15:53:26.941+0000][1][safepoint    ] Safepoint "RevokeBias", Time since last: 453722 ns, Reaching safepoint: 94156 ns, At safepoint: 14284 ns, Total: 108440 ns
[2020-09-11T15:53:26.941+0000][1][safepoint    ] Safepoint "RevokeBias", Time since last: 135867 ns, Reaching safepoint: 89879 ns, At safepoint: 11499 ns, Total: 101378 ns
[2020-09-11T15:53:26.947+0000][1][safepoint    ] Safepoint "RevokeBias", Time since last: 5535960 ns, Reaching safepoint: 135891 ns, At safepoint: 41039 ns, Total: 176930 ns
[2020-09-11T15:53:26.950+0000][1][safepoint    ] Safepoint "RevokeBias", Time since last: 3063633 ns, Reaching safepoint: 119952 ns, At safepoint: 36551 ns, Total: 156503 ns
[2020-09-11T15:53:26.965+0000][1][safepoint    ] Safepoint "RevokeBias", Time since last: 14941483 ns, Reaching safepoint: 253701 ns, At safepoint: 35542 ns, Total: 289243 ns
[2020-09-11T15:53:26.966+0000][1][safepoint    ] Safepoint "RevokeBias", Time since last: 53535 ns, Reaching safepoint: 182966 ns, At safepoint: 24364 ns, Total: 207330 ns
[2020-09-11T15:53:27.540+0000][1][safepoint    ] Safepoint "Deoptimize", Time since last: 573315209 ns, Reaching safepoint: 183034 ns, At safepoint: 445702 ns, Total: 628736 ns
[2020-09-11T15:53:27.544+0000][1][safepoint    ] Safepoint "RevokeBias", Time since last: 3696189 ns, Reaching safepoint: 161533 ns, At safepoint: 14235 ns, Total: 175768 ns
[2020-09-11T15:53:27.544+0000][1][safepoint    ] Safepoint "RevokeBias", Time since last: 50616 ns, Reaching safepoint: 142461 ns, At safepoint: 9589 ns, Total: 152050 ns
[2020-09-11T15:53:27.741+0000][1][safepoint    ] Safepoint "RevokeBias", Time since last: 197520921 ns, Reaching safepoint: 108349 ns, At safepoint: 33981 ns, Total: 142330 ns
[2020-09-11T15:53:27.793+0000][1][safepoint    ] Safepoint "RevokeBias", Time since last: 51032030 ns, Reaching safepoint: 203439 ns, At safepoint: 11323 ns, Total: 214762 ns
[2020-09-11T15:53:28.038+0000][1][safepoint    ] Safepoint "RevokeBias", Time since last: 245432736 ns, Reaching safepoint: 142340 ns, At safepoint: 12679 ns, Total: 155019 ns
[2020-09-11T15:53:28.099+0000][1][safepoint    ] Safepoint "RevokeBias", Time since last: 60841515 ns, Reaching safepoint: 51035 ns, At safepoint: 13494 ns, Total: 64529 ns
[2020-09-11T15:53:28.278+0000][1][safepoint    ] Safepoint "RevokeBias", Time since last: 179105653 ns, Reaching safepoint: 51968 ns, At safepoint: 14674 ns, Total: 66642 ns
[2020-09-11T15:53:28.300+0000][1][safepoint    ] Safepoint "RevokeBias", Time since last: 21594619 ns, Reaching safepoint: 453234 ns, At safepoint: 14521 ns, Total: 467755 ns
[2020-09-11T15:53:28.795+0000][1][safepoint    ] Safepoint "RevokeBias", Time since last: 491614989 ns, Reaching safepoint: 3232840 ns, At safepoint: 20742 ns, Total: 3253582 ns
[2020-09-11T15:53:28.814+0000][1][safepoint    ] Safepoint "RevokeBias", Time since last: 18407209 ns, Reaching safepoint: 120993 ns, At safepoint: 17121 ns, Total: 138114 ns
[2020-09-11T15:53:28.832+0000][1][safepoint    ] Safepoint "RevokeBias", Time since last: 17630804 ns, Reaching safepoint: 136300 ns, At safepoint: 10751 ns, Total: 147051 ns
[2020-09-11T15:53:28.839+0000][1][safepoint    ] Safepoint "Deoptimize", Time since last: 7308764 ns, Reaching safepoint: 124324 ns, At safepoint: 410194 ns, Total: 534518 ns
[2020-09-11T15:53:28.892+0000][1][safepoint    ] Safepoint "RevokeBias", Time since last: 45809818 ns, Reaching safepoint: 6420396 ns, At safepoint: 49405 ns, Total: 6469801 ns
[2020-09-11T15:53:28.903+0000][1][safepoint    ] Safepoint "RevokeBias", Time since last: 11053740 ns, Reaching safepoint: 122876 ns, At safepoint: 14946 ns, Total: 137822 ns
[2020-09-11T15:53:28.905+0000][1][safepoint    ] Safepoint "RevokeBias", Time since last: 1990841 ns, Reaching safepoint: 106491 ns, At safepoint: 12628 ns, Total: 119119 ns
[2020-09-11T15:53:28.905+0000][1][safepoint    ] Safepoint "RevokeBias", Time since last: 78700 ns, Reaching safepoint: 89832 ns, At safepoint: 10659 ns, Total: 100491 ns
[2020-09-11T15:53:28.906+0000][1][safepoint    ] Safepoint "RevokeBias", Time since last: 289246 ns, Reaching safepoint: 90245 ns, At safepoint: 10562 ns, Total: 100807 ns
[2020-09-11T15:53:28.945+0000][1][safepoint    ] Safepoint "RevokeBias", Time since last: 39030811 ns, Reaching safepoint: 511159 ns, At safepoint: 16771 ns, Total: 527930 ns
[2020-09-11T15:53:28.971+0000][1][safepoint    ] Safepoint "RevokeBias", Time since last: 25160569 ns, Reaching safepoint: 258786 ns, At safepoint: 15903 ns, Total: 274689 ns
[2020-09-11T15:53:28.971+0000][1][safepoint    ] Safepoint "RevokeBias", Time since last: 182388 ns, Reaching safepoint: 90914 ns, At safepoint: 34524 ns, Total: 125438 ns
[2020-09-11T15:53:28.972+0000][1][safepoint    ] Safepoint "RevokeBias", Time since last: 686682 ns, Reaching safepoint: 97282 ns, At safepoint: 7141 ns, Total: 104423 ns
[2020-09-11T15:53:29.010+0000][1][safepoint    ] Safepoint "RevokeBias", Time since last: 37655900 ns, Reaching safepoint: 205714 ns, At safepoint: 21401 ns, Total: 227115 ns
[2020-09-11T15:53:29.011+0000][1][safepoint    ] Safepoint "RevokeBias", Time since last: 1343082 ns, Reaching safepoint: 39996 ns, At safepoint: 12320 ns, Total: 52316 ns
[2020-09-11T15:53:29.011+0000][1][safepoint    ] Safepoint "RevokeBias", Time since last: 56925 ns, Reaching safepoint: 28332 ns, At safepoint: 13937 ns, Total: 42269 ns
[2020-09-11T15:53:29.011+0000][1][safepoint    ] Safepoint "RevokeBias", Time since last: 45622 ns, Reaching safepoint: 19356 ns, At safepoint: 8389 ns, Total: 27745 ns
[2020-09-11T15:53:29.011+0000][1][safepoint    ] Safepoint "RevokeBias", Time since last: 54088 ns, Reaching safepoint: 19007 ns, At safepoint: 8268 ns, Total: 27275 ns
[2020-09-11T15:53:29.011+0000][1][safepoint    ] Safepoint "RevokeBias", Time since last: 28810 ns, Reaching safepoint: 18354 ns, At safepoint: 7906 ns, Total: 26260 ns
[2020-09-11T15:53:29.011+0000][1][safepoint    ] Safepoint "RevokeBias", Time since last: 61627 ns, Reaching safepoint: 19526 ns, At safepoint: 8350 ns, Total: 27876 ns
[2020-09-11T15:53:29.014+0000][1][safepoint    ] Safepoint "RevokeBias", Time since last: 2790216 ns, Reaching safepoint: 40759 ns, At safepoint: 13592 ns, Total: 54351 ns
[2020-09-11T15:53:29.017+0000][1][safepoint    ] Safepoint "RevokeBias", Time since last: 2345666 ns, Reaching safepoint: 57198 ns, At safepoint: 16031 ns, Total: 73229 ns
[2020-09-11T15:53:29.017+0000][1][safepoint    ] Safepoint "RevokeBias", Time since last: 53708 ns, Reaching safepoint: 19790 ns, At safepoint: 9147 ns, Total: 28937 ns
[2020-09-11T15:53:29.040+0000][1][safepoint    ] Safepoint "RevokeBias", Time since last: 22837711 ns, Reaching safepoint: 162888 ns, At safepoint: 39664 ns, Total: 202552 ns
[2020-09-11T15:53:29.041+0000][1][safepoint    ] Safepoint "RevokeBias", Time since last: 781770 ns, Reaching safepoint: 108511 ns, At safepoint: 12841 ns, Total: 121352 ns
[2020-09-11T15:53:29.042+0000][1][safepoint    ] Safepoint "RevokeBias", Time since last: 1400809 ns, Reaching safepoint: 148184 ns, At safepoint: 13587 ns, Total: 161771 ns
[2020-09-11T15:53:29.045+0000][1][safepoint    ] Safepoint "RevokeBias", Time since last: 2612763 ns, Reaching safepoint: 141291 ns, At safepoint: 22813 ns, Total: 164104 ns
[2020-09-11T15:53:29.048+0000][1][safepoint    ] Safepoint "RevokeBias", Time since last: 2395742 ns, Reaching safepoint: 158498 ns, At safepoint: 15934 ns, Total: 174432 ns
[2020-09-11T15:53:29.048+0000][1][safepoint    ] Safepoint "RevokeBias", Time since last: 153029 ns, Reaching safepoint: 151497 ns, At safepoint: 12587 ns, Total: 164084 ns
[2020-09-11T15:53:29.315+0000][1][safepoint    ] Safepoint "RevokeBias", Time since last: 267346999 ns, Reaching safepoint: 131060 ns, At safepoint: 10655 ns, Total: 141715 ns
[2020-09-11T15:53:30.316+0000][1][safepoint    ] Safepoint "Cleanup", Time since last: 1000117793 ns, Reaching safepoint: 281749 ns, At safepoint: 7594 ns, Total: 289343 ns
[2020-09-11T15:53:30.367+0000][1][safepoint    ] Safepoint "RevokeBias", Time since last: 51074044 ns, Reaching safepoint: 625762 ns, At safepoint: 42655 ns, Total: 668417 ns
[2020-09-11T15:53:30.369+0000][1][safepoint    ] Safepoint "RevokeBias", Time since last: 53484 ns, Reaching safepoint: 1133576 ns, At safepoint: 35589 ns, Total: 1169165 ns
[2020-09-11T15:53:30.373+0000][1][safepoint    ] Safepoint "RevokeBias", Time since last: 3124841 ns, Reaching safepoint: 1009292 ns, At safepoint: 25871 ns, Total: 1035163 ns
[2020-09-11T15:53:30.506+0000][1][safepoint    ] Safepoint "RevokeBias", Time since last: 133114990 ns, Reaching safepoint: 52161 ns, At safepoint: 15926 ns, Total: 68087 ns
[2020-09-11T15:53:30.644+0000][1][safepoint    ] Safepoint "RevokeBias", Time since last: 137463812 ns, Reaching safepoint: 125810 ns, At safepoint: 14595 ns, Total: 140405 ns
[2020-09-11T15:53:30.668+0000][1][safepoint    ] Safepoint "RevokeBias", Time since last: 23785350 ns, Reaching safepoint: 46633 ns, At safepoint: 38062 ns, Total: 84695 ns
[2020-09-11T15:53:30.670+0000][1][safepoint    ] Safepoint "RevokeBias", Time since last: 2325646 ns, Reaching safepoint: 46523 ns, At safepoint: 49911 ns, Total: 96434 ns
[2020-09-11T15:53:30.674+0000][1][safepoint    ] Safepoint "RevokeBias", Time since last: 4158325 ns, Reaching safepoint: 127326 ns, At safepoint: 18006 ns, Total: 145332 ns
[2020-09-11T15:53:30.677+0000][1][safepoint    ] Safepoint "RevokeBias", Time since last: 2578351 ns, Reaching safepoint: 45708 ns, At safepoint: 36740 ns, Total: 82448 ns
[2020-09-11T15:53:30.851+0000][1][safepoint    ] Safepoint "RevokeBias", Time since last: 171297002 ns, Reaching safepoint: 2735414 ns, At safepoint: 46497 ns, Total: 2781911 ns
[2020-09-11T15:53:31.295+0000][1][safepoint    ] Safepoint "RevokeBias", Time since last: 444169943 ns, Reaching safepoint: 244985 ns, At safepoint: 39350 ns, Total: 284335 ns
[2020-09-11T15:53:31.314+0000][1][safepoint    ] Safepoint "RevokeBias", Time since last: 18924759 ns, Reaching safepoint: 122516 ns, At safepoint: 15993 ns, Total: 138509 ns
[2020-09-11T15:53:31.319+0000][1][safepoint    ] Safepoint "RevokeBias", Time since last: 3950231 ns, Reaching safepoint: 138067 ns, At safepoint: 17286 ns, Total: 155353 ns
[2020-09-11T15:53:31.583+0000][1][safepoint    ] Safepoint "RevokeBias", Time since last: 264405882 ns, Reaching safepoint: 172428 ns, At safepoint: 53676 ns, Total: 226104 ns
[2020-09-11T15:53:31.995+0000][1][safepoint    ] Safepoint "RevokeBias", Time since last: 411454935 ns, Reaching safepoint: 53590 ns, At safepoint: 17017 ns, Total: 70607 ns
[2020-09-11T15:53:31.996+0000][1][safepoint    ] Safepoint "RevokeBias", Time since last: 1408041 ns, Reaching safepoint: 44824 ns, At safepoint: 17446 ns, Total: 62270 ns
[2020-09-11T15:53:32.006+0000][1][safepoint    ] Safepoint "RevokeBias", Time since last: 9976015 ns, Reaching safepoint: 57305 ns, At safepoint: 17927 ns, Total: 75232 ns
[2020-09-11T15:53:32.008+0000][1][safepoint    ] Safepoint "RevokeBias", Time since last: 1183802 ns, Reaching safepoint: 47863 ns, At safepoint: 16471 ns, Total: 64334 ns
[2020-09-11T15:53:32.023+0000][1][safepoint    ] Safepoint "RevokeBias", Time since last: 14920243 ns, Reaching safepoint: 132894 ns, At safepoint: 18104 ns, Total: 150998 ns
[2020-09-11T15:53:32.029+0000][1][safepoint    ] Safepoint "RevokeBias", Time since last: 3146608 ns, Reaching safepoint: 3061185 ns, At safepoint: 26489 ns, Total: 3087674 ns
[2020-09-11T15:53:33.029+0000][1][safepoint    ] Safepoint "Cleanup", Time since last: 1000139259 ns, Reaching safepoint: 114232 ns, At safepoint: 9390 ns, Total: 123622 ns
[2020-09-11T15:53:33.049+0000][1][safepoint    ] Safepoint "RevokeBias", Time since last: 19390609 ns, Reaching safepoint: 107623 ns, At safepoint: 35107 ns, Total: 142730 ns
[2020-09-11T15:53:33.063+0000][1][safepoint    ] Safepoint "RevokeBias", Time since last: 14322866 ns, Reaching safepoint: 123392 ns, At safepoint: 16956 ns, Total: 140348 ns
[2020-09-11T15:53:33.065+0000][1][safepoint    ] Safepoint "RevokeBias", Time since last: 1370684 ns, Reaching safepoint: 113537 ns, At safepoint: 13526 ns, Total: 127063 ns
[2020-09-11T15:53:33.209+0000][1][safepoint    ] Safepoint "RevokeBias", Time since last: 140424905 ns, Reaching safepoint: 3825659 ns, At safepoint: 13289 ns, Total: 3838948 ns
[2020-09-11T15:53:33.257+0000][1][safepoint    ] Safepoint "RevokeBias", Time since last: 48305655 ns, Reaching safepoint: 134903 ns, At safepoint: 142879 ns, Total: 277782 ns
[2020-09-11T15:53:33.273+0000][1][safepoint    ] Safepoint "RevokeBias", Time since last: 15472164 ns, Reaching safepoint: 135100 ns, At safepoint: 19543 ns, Total: 154643 ns
[2020-09-11T15:53:33.463+0000][1][safepoint    ] Safepoint "RevokeBias", Time since last: 189902731 ns, Reaching safepoint: 148267 ns, At safepoint: 44426 ns, Total: 192693 ns
[2020-09-11T15:53:33.465+0000][1][safepoint    ] Safepoint "RevokeBias", Time since last: 1947363 ns, Reaching safepoint: 140922 ns, At safepoint: 28109 ns, Total: 169031 ns
[2020-09-11T15:53:33.466+0000][1][safepoint    ] Safepoint "RevokeBias", Time since last: 83398 ns, Reaching safepoint: 138936 ns, At safepoint: 21710 ns, Total: 160646 ns
[2020-09-11T15:53:33.673+0000][1][safepoint    ] Safepoint "RevokeBias", Time since last: 206959777 ns, Reaching safepoint: 179433 ns, At safepoint: 18842 ns, Total: 198275 ns
[2020-09-11T15:53:33.673+0000][1][safepoint    ] Safepoint "RevokeBias", Time since last: 258487 ns, Reaching safepoint: 111256 ns, At safepoint: 12434 ns, Total: 123690 ns
[2020-09-11T15:53:33.675+0000][1][safepoint    ] Safepoint "RevokeBias", Time since last: 1463396 ns, Reaching safepoint: 155232 ns, At safepoint: 13717 ns, Total: 168949 ns
[2020-09-11T15:53:33.684+0000][1][safepoint    ] Safepoint "Deoptimize", Time since last: 8953427 ns, Reaching safepoint: 222546 ns, At safepoint: 536619 ns, Total: 759165 ns
[2020-09-11T15:53:33.764+0000][1][safepoint    ] Safepoint "RevokeBias", Time since last: 79731137 ns, Reaching safepoint: 185120 ns, At safepoint: 19552 ns, Total: 204672 ns
[2020-09-11T15:53:33.765+0000][1][safepoint    ] Safepoint "RevokeBias", Time since last: 89771 ns, Reaching safepoint: 114569 ns, At safepoint: 14466 ns, Total: 129035 ns
[2020-09-11T15:53:33.773+0000][1][safepoint    ] Safepoint "RevokeBias", Time since last: 8492608 ns, Reaching safepoint: 123636 ns, At safepoint: 23466 ns, Total: 147102 ns
[2020-09-11T15:53:33.814+0000][1][safepoint    ] Safepoint "RevokeBias", Time since last: 40571315 ns, Reaching safepoint: 213251 ns, At safepoint: 13322 ns, Total: 226573 ns
[2020-09-11T15:53:33.816+0000][1][safepoint    ] Safepoint "RevokeBias", Time since last: 1569154 ns, Reaching safepoint: 135749 ns, At safepoint: 10134 ns, Total: 145883 ns
[2020-09-11T15:53:33.841+0000][1][safepoint    ] Safepoint "RevokeBias", Time since last: 25084428 ns, Reaching safepoint: 131526 ns, At safepoint: 18914 ns, Total: 150440 ns
[2020-09-11T15:53:33.842+0000][1][safepoint    ] Safepoint "RevokeBias", Time since last: 1147981 ns, Reaching safepoint: 121321 ns, At safepoint: 16278 ns, Total: 137599 ns
[2020-09-11T15:53:33.843+0000][1][safepoint    ] Safepoint "RevokeBias", Time since last: 1007930 ns, Reaching safepoint: 117162 ns, At safepoint: 16186 ns, Total: 133348 ns
[2020-09-11T15:53:33.844+0000][1][safepoint    ] Safepoint "RevokeBias", Time since last: 99279 ns, Reaching safepoint: 107377 ns, At safepoint: 13064 ns, Total: 120441 ns
[2020-09-11T15:53:33.844+0000][1][safepoint    ] Safepoint "RevokeBias", Time since last: 41000 ns, Reaching safepoint: 100483 ns, At safepoint: 13470 ns, Total: 113953 ns
[2020-09-11T15:53:33.844+0000][1][safepoint    ] Safepoint "RevokeBias", Time since last: 141184 ns, Reaching safepoint: 110767 ns, At safepoint: 21413 ns, Total: 132180 ns
[2020-09-11T15:53:34.095+0000][1][safepoint    ] Safepoint "RevokeBias", Time since last: 251177619 ns, Reaching safepoint: 137716 ns, At safepoint: 38388 ns, Total: 176104 ns
[2020-09-11T15:53:34.337+0000][1][safepoint    ] Safepoint "RevokeBias", Time since last: 240737570 ns, Reaching safepoint: 454792 ns, At safepoint: 18975 ns, Total: 473767 ns
[2020-09-11T15:53:34.337+0000][1][safepoint    ] Safepoint "RevokeBias", Time since last: 56759 ns, Reaching safepoint: 261758 ns, At safepoint: 20122 ns, Total: 281880 ns
[2020-09-11T15:53:34.348+0000][1][safepoint    ] Safepoint "RevokeBias", Time since last: 10991459 ns, Reaching safepoint: 173426 ns, At safepoint: 15565 ns, Total: 188991 ns
[2020-09-11T15:53:34.381+0000][1][safepoint    ] Safepoint "RevokeBias", Time since last: 32671834 ns, Reaching safepoint: 139346 ns, At safepoint: 35467 ns, Total: 174813 ns
[2020-09-11T15:53:34.390+0000][1][safepoint    ] Safepoint "RevokeBias", Time since last: 8868795 ns, Reaching safepoint: 132385 ns, At safepoint: 64118 ns, Total: 196503 ns
[2020-09-11T15:53:34.392+0000][1][safepoint    ] Safepoint "RevokeBias", Time since last: 1418864 ns, Reaching safepoint: 117470 ns, At safepoint: 14026 ns, Total: 131496 ns
[2020-09-11T15:53:34.422+0000][1][safepoint    ] Safepoint "RevokeBias", Time since last: 29738284 ns, Reaching safepoint: 190496 ns, At safepoint: 16280 ns, Total: 206776 ns
[2020-09-11T15:53:34.422+0000][1][safepoint    ] Safepoint "RevokeBias", Time since last: 78236 ns, Reaching safepoint: 98082 ns, At safepoint: 9491 ns, Total: 107573 ns
[2020-09-11T15:53:34.481+0000][1][safepoint    ] Safepoint "RevokeBias", Time since last: 59508320 ns, Reaching safepoint: 133723 ns, At safepoint: 9277 ns, Total: 143000 ns
[2020-09-11T15:53:34.493+0000][1][safepoint    ] Safepoint "RevokeBias", Time since last: 11319626 ns, Reaching safepoint: 140118 ns, At safepoint: 15723 ns, Total: 155841 ns
[2020-09-11T15:53:34.517+0000][1][safepoint    ] Safepoint "RevokeBias", Time since last: 24018782 ns, Reaching safepoint: 94026 ns, At safepoint: 9264 ns, Total: 103290 ns
[2020-09-11T15:53:34.749+0000][1][gc,start     ] GC(66) Pause Young (Allocation Failure)
[2020-09-11T15:53:34.749+0000][1][gc,task      ] GC(66) Using 1 workers of 1 for evacuation
[2020-09-11T15:53:34.789+0000][1][gc,age       ] GC(66) Desired survivor size 4358144 bytes, new threshold 3 (max threshold 6)
[2020-09-11T15:53:34.789+0000][1][gc,age       ] GC(66) Age table with threshold 3 (max threshold 6)
[2020-09-11T15:53:34.789+0000][1][gc,age       ] GC(66) - age   1:    1950856 bytes,    1950856 total
[2020-09-11T15:53:34.789+0000][1][gc,age       ] GC(66) - age   2:    1962856 bytes,    3913712 total
[2020-09-11T15:53:34.789+0000][1][gc,age       ] GC(66) - age   3:    1220752 bytes,    5134464 total
[2020-09-11T15:53:34.789+0000][1][gc,heap      ] GC(66) ParNew: 73044K->8286K(76672K)
[2020-09-11T15:53:34.789+0000][1][gc,heap      ] GC(66) CMS: 95507K->96986K(2011968K)
[2020-09-11T15:53:34.789+0000][1][gc,metaspace ] GC(66) Metaspace: 82901K->82901K(1126400K)
[2020-09-11T15:53:34.789+0000][1][gc           ] GC(66) Pause Young (Allocation Failure) 164M->102M(2039M) 40.381ms
[2020-09-11T15:53:34.789+0000][1][gc,cpu       ] GC(66) User=0.04s Sys=0.00s Real=0.04s
[2020-09-11T15:53:34.793+0000][1][safepoint    ] Safepoint "GenCollectForAllocation", Time since last: 231620671 ns, Reaching safepoint: 71524 ns, At safepoint: 44143128 ns, Total: 44214652 ns
[2020-09-11T15:53:34.972+0000][1][safepoint    ] Safepoint "RevokeBias", Time since last: 178848923 ns, Reaching safepoint: 52775 ns, At safepoint: 13638 ns, Total: 66413 ns
[2020-09-11T15:53:35.115+0000][1][safepoint    ] Safepoint "RevokeBias", Time since last: 143331515 ns, Reaching safepoint: 134649 ns, At safepoint: 16886 ns, Total: 151535 ns
[2020-09-11T15:53:35.324+0000][1][safepoint    ] Safepoint "RevokeBias", Time since last: 208640731 ns, Reaching safepoint: 352890 ns, At safepoint: 17689 ns, Total: 370579 ns
[2020-09-11T15:53:35.345+0000][1][safepoint    ] Safepoint "RevokeBias", Time since last: 20673426 ns, Reaching safepoint: 131902 ns, At safepoint: 43836 ns, Total: 175738 ns
[2020-09-11T15:53:35.381+0000][1][safepoint    ] Safepoint "RevokeBias", Time since last: 35743531 ns, Reaching safepoint: 132892 ns, At safepoint: 44198 ns, Total: 177090 ns
[2020-09-11T15:53:35.383+0000][1][safepoint    ] Safepoint "RevokeBias", Time since last: 2150081 ns, Reaching safepoint: 113519 ns, At safepoint: 32565 ns, Total: 146084 ns
[2020-09-11T15:53:35.409+0000][1][safepoint    ] Safepoint "RevokeBias", Time since last: 25516054 ns, Reaching safepoint: 134272 ns, At safepoint: 11613 ns, Total: 145885 ns
[2020-09-11T15:53:35.440+0000][1][safepoint    ] Safepoint "RevokeBias", Time since last: 30721426 ns, Reaching safepoint: 137340 ns, At safepoint: 44602 ns, Total: 181942 ns
[2020-09-11T15:53:35.445+0000][1][safepoint    ] Safepoint "RevokeBias", Time since last: 820270 ns, Reaching safepoint: 4178941 ns, At safepoint: 56040 ns, Total: 4234981 ns
[2020-09-11T15:53:35.581+0000][1][safepoint    ] Safepoint "RevokeBias", Time since last: 136276845 ns, Reaching safepoint: 133153 ns, At safepoint: 36073 ns, Total: 169226 ns
[2020-09-11T15:53:35.591+0000][1][safepoint    ] Safepoint "RevokeBias", Time since last: 9445740 ns, Reaching safepoint: 123931 ns, At safepoint: 16076 ns, Total: 140007 ns
[2020-09-11T15:53:35.609+0000][1][safepoint    ] Safepoint "RevokeBias", Time since last: 17761294 ns, Reaching safepoint: 149310 ns, At safepoint: 17842 ns, Total: 167152 ns
[2020-09-11T15:53:35.609+0000][1][safepoint    ] Safepoint "RevokeBias", Time since last: 217015 ns, Reaching safepoint: 94554 ns, At safepoint: 12646 ns, Total: 107200 ns
[2020-09-11T15:53:35.609+0000][1][safepoint    ] Safepoint "RevokeBias", Time since last: 50477 ns, Reaching safepoint: 91786 ns, At safepoint: 10966 ns, Total: 102752 ns
[2020-09-11T15:53:35.609+0000][1][safepoint    ] Safepoint "RevokeBias", Time since last: 55006 ns, Reaching safepoint: 91074 ns, At safepoint: 11346 ns, Total: 102420 ns
[2020-09-11T15:53:36.342+0000][1][safepoint    ] Safepoint "RevokeBias", Time since last: 732093550 ns, Reaching safepoint: 176614 ns, At safepoint: 21857 ns, Total: 198471 ns
[2020-09-11T15:53:36.342+0000][1][safepoint    ] Safepoint "RevokeBias", Time since last: 122247 ns, Reaching safepoint: 98314 ns, At safepoint: 37661 ns, Total: 135975 ns
[2020-09-11T15:53:36.585+0000][1][safepoint    ] Safepoint "RevokeBias", Time since last: 241563950 ns, Reaching safepoint: 998975 ns, At safepoint: 26829 ns, Total: 1025804 ns
[2020-09-11T15:53:36.585+0000][1][safepoint    ] Safepoint "RevokeBias", Time since last: 71699 ns, Reaching safepoint: 112745 ns, At safepoint: 14045 ns, Total: 126790 ns
[2020-09-11T15:53:36.588+0000][1][safepoint    ] Safepoint "RevokeBias", Time since last: 2858700 ns, Reaching safepoint: 165508 ns, At safepoint: 19877 ns, Total: 185385 ns
[2020-09-11T15:53:36.589+0000][1][safepoint    ] Safepoint "RevokeBias", Time since last: 1010394 ns, Reaching safepoint: 135429 ns, At safepoint: 42049 ns, Total: 177478 ns
[2020-09-11T15:53:36.876+0000][1][safepoint    ] Safepoint "RevokeBias", Time since last: 286444289 ns, Reaching safepoint: 148684 ns, At safepoint: 20288 ns, Total: 168972 ns
[2020-09-11T15:53:36.876+0000][1][safepoint    ] Safepoint "RevokeBias", Time since last: 476898 ns, Reaching safepoint: 126154 ns, At safepoint: 17841 ns, Total: 143995 ns
[2020-09-11T15:53:36.876+0000][1][safepoint    ] Safepoint "RevokeBias", Time since last: 84687 ns, Reaching safepoint: 115630 ns, At safepoint: 15309 ns, Total: 130939 ns
[2020-09-11T15:53:36.880+0000][1][safepoint    ] Safepoint "RevokeBias", Time since last: 3666484 ns, Reaching safepoint: 257887 ns, At safepoint: 42606 ns, Total: 300493 ns
[2020-09-11T15:53:36.907+0000][1][safepoint    ] Safepoint "Deoptimize", Time since last: 26365761 ns, Reaching safepoint: 143673 ns, At safepoint: 501658 ns, Total: 645331 ns
[2020-09-11T15:53:36.908+0000][1][safepoint    ] Safepoint "Deoptimize", Time since last: 428343 ns, Reaching safepoint: 42194 ns, At safepoint: 484092 ns, Total: 526286 ns
[2020-09-11T15:53:36.909+0000][1][safepoint    ] Safepoint "RevokeBias", Time since last: 580646 ns, Reaching safepoint: 35743 ns, At safepoint: 25929 ns, Total: 61672 ns
[2020-09-11T15:53:37.048+0000][1][safepoint    ] Safepoint "RevokeBias", Time since last: 138615450 ns, Reaching safepoint: 85114 ns, At safepoint: 19188 ns, Total: 104302 ns
[2020-09-11T15:53:37.048+0000][1][safepoint    ] Safepoint "RevokeBias", Time since last: 85894 ns, Reaching safepoint: 40869 ns, At safepoint: 13098 ns, Total: 53967 ns
[2020-09-11T15:53:37.048+0000][1][safepoint    ] Safepoint "RevokeBias", Time since last: 292771 ns, Reaching safepoint: 39149 ns, At safepoint: 13192 ns, Total: 52341 ns
[2020-09-11T15:53:37.048+0000][1][safepoint    ] Safepoint "RevokeBias", Time since last: 159106 ns, Reaching safepoint: 38363 ns, At safepoint: 12147 ns, Total: 50510 ns
[2020-09-11T15:53:37.049+0000][1][safepoint    ] Safepoint "RevokeBias", Time since last: 55740 ns, Reaching safepoint: 31435 ns, At safepoint: 10616 ns, Total: 42051 ns
[2020-09-11T15:53:37.051+0000][1][safepoint    ] Safepoint "Deoptimize", Time since last: 2131305 ns, Reaching safepoint: 165343 ns, At safepoint: 533098 ns, Total: 698441 ns
[2020-09-11T15:53:37.109+0000][1][safepoint    ] Safepoint "RevokeBias", Time since last: 57377259 ns, Reaching safepoint: 139892 ns, At safepoint: 52226 ns, Total: 192118 ns
[2020-09-11T15:53:37.116+0000][1][safepoint    ] Safepoint "RevokeBias", Time since last: 6620618 ns, Reaching safepoint: 138383 ns, At safepoint: 20767 ns, Total: 159150 ns
[2020-09-11T15:53:37.117+0000][1][safepoint    ] Safepoint "RevokeBias", Time since last: 615338 ns, Reaching safepoint: 132631 ns, At safepoint: 17053 ns, Total: 149684 ns
[2020-09-11T15:53:37.121+0000][1][safepoint    ] Safepoint "RevokeBias", Time since last: 4249918 ns, Reaching safepoint: 117301 ns, At safepoint: 17274 ns, Total: 134575 ns
[2020-09-11T15:53:37.121+0000][1][safepoint    ] Safepoint "RevokeBias", Time since last: 50618 ns, Reaching safepoint: 32631 ns, At safepoint: 47386 ns, Total: 80017 ns
[2020-09-11T15:53:37.121+0000][1][safepoint    ] Safepoint "RevokeBias", Time since last: 34303 ns, Reaching safepoint: 30464 ns, At safepoint: 10612 ns, Total: 41076 ns
[2020-09-11T15:53:37.121+0000][1][safepoint    ] Safepoint "RevokeBias", Time since last: 28504 ns, Reaching safepoint: 25878 ns, At safepoint: 10422 ns, Total: 36300 ns
[2020-09-11T15:53:37.121+0000][1][safepoint    ] Safepoint "RevokeBias", Time since last: 36480 ns, Reaching safepoint: 25679 ns, At safepoint: 9983 ns, Total: 35662 ns
[2020-09-11T15:53:37.121+0000][1][safepoint    ] Safepoint "RevokeBias", Time since last: 27212 ns, Reaching safepoint: 24951 ns, At safepoint: 9752 ns, Total: 34703 ns
[2020-09-11T15:53:37.121+0000][1][safepoint    ] Safepoint "RevokeBias", Time since last: 26116 ns, Reaching safepoint: 24377 ns, At safepoint: 9415 ns, Total: 33792 ns
[2020-09-11T15:53:37.121+0000][1][safepoint    ] Safepoint "RevokeBias", Time since last: 25979 ns, Reaching safepoint: 23634 ns, At safepoint: 9466 ns, Total: 33100 ns
[2020-09-11T15:53:37.121+0000][1][safepoint    ] Safepoint "RevokeBias", Time since last: 25664 ns, Reaching safepoint: 23528 ns, At safepoint: 9165 ns, Total: 32693 ns
[2020-09-11T15:53:37.122+0000][1][safepoint    ] Safepoint "RevokeBias", Time since last: 25451 ns, Reaching safepoint: 23175 ns, At safepoint: 9079 ns, Total: 32254 ns
[2020-09-11T15:53:37.122+0000][1][safepoint    ] Safepoint "RevokeBias", Time since last: 25459 ns, Reaching safepoint: 23140 ns, At safepoint: 8999 ns, Total: 32139 ns
[2020-09-11T15:53:37.135+0000][1][safepoint    ] Safepoint "RevokeBias", Time since last: 13150971 ns, Reaching safepoint: 261471 ns, At safepoint: 26603 ns, Total: 288074 ns
[2020-09-11T15:53:37.151+0000][1][safepoint    ] Safepoint "RevokeBias", Time since last: 15864927 ns, Reaching safepoint: 144031 ns, At safepoint: 46139 ns, Total: 190170 ns
[2020-09-11T15:53:37.151+0000][1][safepoint    ] Safepoint "RevokeBias", Time since last: 137425 ns, Reaching safepoint: 86940 ns, At safepoint: 30470 ns, Total: 117410 ns
[2020-09-11T15:53:37.152+0000][1][safepoint    ] Safepoint "RevokeBias", Time since last: 96026 ns, Reaching safepoint: 76179 ns, At safepoint: 27914 ns, Total: 104093 ns
[2020-09-11T15:53:37.152+0000][1][safepoint    ] Safepoint "RevokeBias", Time since last: 90273 ns, Reaching safepoint: 72948 ns, At safepoint: 29200 ns, Total: 102148 ns
[2020-09-11T15:53:37.152+0000][1][safepoint    ] Safepoint "RevokeBias", Time since last: 89282 ns, Reaching safepoint: 72038 ns, At safepoint: 27109 ns, Total: 99147 ns
[2020-09-11T15:53:37.152+0000][1][safepoint    ] Safepoint "RevokeBias", Time since last: 87130 ns, Reaching safepoint: 71420 ns, At safepoint: 50389 ns, Total: 121809 ns
[2020-09-11T15:53:37.152+0000][1][safepoint    ] Safepoint "RevokeBias", Time since last: 76673 ns, Reaching safepoint: 70916 ns, At safepoint: 48885 ns, Total: 119801 ns
[2020-09-11T15:53:37.153+0000][1][safepoint    ] Safepoint "RevokeBias", Time since last: 75824 ns, Reaching safepoint: 70014 ns, At safepoint: 48655 ns, Total: 118669 ns
[2020-09-11T15:53:37.153+0000][1][safepoint    ] Safepoint "RevokeBias", Time since last: 74999 ns, Reaching safepoint: 68965 ns, At safepoint: 49684 ns, Total: 118649 ns
[2020-09-11T15:53:37.174+0000][1][safepoint    ] Safepoint "RevokeBias", Time since last: 21137061 ns, Reaching safepoint: 229048 ns, At safepoint: 23013 ns, Total: 252061 ns
[2020-09-11T15:53:37.180+0000][1][safepoint    ] Safepoint "RevokeBias", Time since last: 5563446 ns, Reaching safepoint: 187323 ns, At safepoint: 21770 ns, Total: 209093 ns
[2020-09-11T15:53:37.213+0000][1][safepoint    ] Safepoint "RevokeBias", Time since last: 33093327 ns, Reaching safepoint: 209441 ns, At safepoint: 60457 ns, Total: 269898 ns
[2020-09-11T15:53:37.214+0000][1][safepoint    ] Safepoint "RevokeBias", Time since last: 129382 ns, Reaching safepoint: 172998 ns, At safepoint: 45334 ns, Total: 218332 ns
[2020-09-11T15:53:37.223+0000][1][safepoint    ] Safepoint "RevokeBias", Time since last: 9379234 ns, Reaching safepoint: 175886 ns, At safepoint: 20918 ns, Total: 196804 ns
[2020-09-11T15:53:37.224+0000][1][safepoint    ] Safepoint "RevokeBias", Time since last: 273444 ns, Reaching safepoint: 161550 ns, At safepoint: 37852 ns, Total: 199402 ns
[2020-09-11T15:53:37.225+0000][1][safepoint    ] Safepoint "RevokeBias", Time since last: 1206331 ns, Reaching safepoint: 155697 ns, At safepoint: 18364 ns, Total: 174061 ns
[2020-09-11T15:53:37.226+0000][1][safepoint    ] Safepoint "RevokeBias", Time since last: 620713 ns, Reaching safepoint: 156433 ns, At safepoint: 16333 ns, Total: 172766 ns
[2020-09-11T15:53:37.227+0000][1][safepoint    ] Safepoint "RevokeBias", Time since last: 591114 ns, Reaching safepoint: 165311 ns, At safepoint: 15654 ns, Total: 180965 ns
[2020-09-11T15:53:37.227+0000][1][safepoint    ] Safepoint "RevokeBias", Time since last: 109795 ns, Reaching safepoint: 155418 ns, At safepoint: 13625 ns, Total: 169043 ns
[2020-09-11T15:53:37.234+0000][1][safepoint    ] Safepoint "RevokeBias", Time since last: 6645408 ns, Reaching safepoint: 183058 ns, At safepoint: 22239 ns, Total: 205297 ns
[2020-09-11T15:53:37.235+0000][1][safepoint    ] Safepoint "RevokeBias", Time since last: 936103 ns, Reaching safepoint: 167102 ns, At safepoint: 17421 ns, Total: 184523 ns
[2020-09-11T15:53:37.237+0000][1][safepoint    ] Safepoint "RevokeBias", Time since last: 2181743 ns, Reaching safepoint: 123575 ns, At safepoint: 19597 ns, Total: 143172 ns
[2020-09-11T15:53:37.240+0000][1][safepoint    ] Safepoint "RevokeBias", Time since last: 2324588 ns, Reaching safepoint: 137930 ns, At safepoint: 20328 ns, Total: 158258 ns
[2020-09-11T15:53:37.240+0000][1][safepoint    ] Safepoint "RevokeBias", Time since last: 180260 ns, Reaching safepoint: 113422 ns, At safepoint: 15671 ns, Total: 129093 ns
[2020-09-11T15:53:37.250+0000][1][safepoint    ] Safepoint "RevokeBias", Time since last: 9910392 ns, Reaching safepoint: 148089 ns, At safepoint: 20957 ns, Total: 169046 ns
[2020-09-11T15:53:37.346+0000][1][safepoint    ] Safepoint "RevokeBias", Time since last: 95242935 ns, Reaching safepoint: 217495 ns, At safepoint: 42932 ns, Total: 260427 ns
[2020-09-11T15:53:37.545+0000][1][safepoint    ] Safepoint "RevokeBias", Time since last: 199725128 ns, Reaching safepoint: 142473 ns, At safepoint: 19470 ns, Total: 161943 ns
[2020-09-11T15:53:37.577+0000][1][safepoint    ] Safepoint "RevokeBias", Time since last: 31254475 ns, Reaching safepoint: 349173 ns, At safepoint: 21585 ns, Total: 370758 ns
[2020-09-11T15:53:37.614+0000][1][safepoint    ] Safepoint "Deoptimize", Time since last: 36735643 ns, Reaching safepoint: 149885 ns, At safepoint: 557558 ns, Total: 707443 ns
[2020-09-11T15:53:37.641+0000][1][gc,start     ] GC(67) Pause Young (Allocation Failure)
[2020-09-11T15:53:37.641+0000][1][gc,task      ] GC(67) Using 1 workers of 1 for evacuation
[2020-09-11T15:53:37.672+0000][1][gc,age       ] GC(67) Desired survivor size 4358144 bytes, new threshold 3 (max threshold 6)
[2020-09-11T15:53:37.721+0000][1][gc,age       ] GC(67) Age table with threshold 3 (max threshold 6)
[2020-09-11T15:53:37.721+0000][1][gc,age       ] GC(67) - age   1:    1601968 bytes,    1601968 total
[2020-09-11T15:53:37.721+0000][1][gc,age       ] GC(67) - age   2:    1810368 bytes,    3412336 total
[2020-09-11T15:53:37.721+0000][1][gc,age       ] GC(67) - age   3:    1962392 bytes,    5374728 total
[2020-09-11T15:53:37.721+0000][1][gc,heap      ] GC(67) ParNew: 76446K->8512K(76672K)
[2020-09-11T15:53:37.721+0000][1][gc,heap      ] GC(67) CMS: 96986K->98196K(2011968K)
[2020-09-11T15:53:37.721+0000][1][gc,metaspace ] GC(67) Metaspace: 84740K->84740K(1126400K)
[2020-09-11T15:53:37.721+0000][1][gc           ] GC(67) Pause Young (Allocation Failure) 169M->104M(2039M) 80.476ms
[2020-09-11T15:53:37.721+0000][1][gc,cpu       ] GC(67) User=0.03s Sys=0.00s Real=0.08s
[2020-09-11T15:53:37.728+0000][1][safepoint    ] Safepoint "GenCollectForAllocation", Time since last: 26259876 ns, Reaching safepoint: 186731 ns, At safepoint: 87111360 ns, Total: 87298091 ns
[2020-09-11T15:53:37.763+0000][1][safepoint    ] Safepoint "RevokeBias", Time since last: 34540764 ns, Reaching safepoint: 238140 ns, At safepoint: 24151 ns, Total: 262291 ns
[2020-09-11T15:53:37.802+0000][1][safepoint    ] Safepoint "RevokeBias", Time since last: 38818410 ns, Reaching safepoint: 154016 ns, At safepoint: 64649 ns, Total: 218665 ns
[2020-09-11T15:53:37.819+0000][1][safepoint    ] Safepoint "RevokeBias", Time since last: 16837658 ns, Reaching safepoint: 199518 ns, At safepoint: 29612 ns, Total: 229130 ns
[2020-09-11T15:53:37.867+0000][1][safepoint    ] Safepoint "RevokeBias", Time since last: 47483731 ns, Reaching safepoint: 63238 ns, At safepoint: 19945 ns, Total: 83183 ns
[2020-09-11T15:53:37.871+0000][1][safepoint    ] Safepoint "RevokeBias", Time since last: 3789316 ns, Reaching safepoint: 176762 ns, At safepoint: 27820 ns, Total: 204582 ns
[2020-09-11T15:53:37.880+0000][1][safepoint    ] Safepoint "RevokeBias", Time since last: 8885870 ns, Reaching safepoint: 149450 ns, At safepoint: 11791 ns, Total: 161241 ns
[2020-09-11T15:53:37.895+0000][1][safepoint    ] Safepoint "RevokeBias", Time since last: 14913409 ns, Reaching safepoint: 138935 ns, At safepoint: 19373 ns, Total: 158308 ns
[2020-09-11T15:53:37.895+0000][1][safepoint    ] Safepoint "RevokeBias", Time since last: 55947 ns, Reaching safepoint: 97633 ns, At safepoint: 12042 ns, Total: 109675 ns
[2020-09-11T15:53:37.896+0000][1][safepoint    ] Safepoint "RevokeBias", Time since last: 977310 ns, Reaching safepoint: 110089 ns, At safepoint: 15531 ns, Total: 125620 ns
[2020-09-11T15:53:37.908+0000][1][safepoint    ] Safepoint "RevokeBias", Time since last: 11606970 ns, Reaching safepoint: 192278 ns, At safepoint: 20535 ns, Total: 212813 ns
[2020-09-11T15:53:37.908+0000][1][safepoint    ] Safepoint "RevokeBias", Time since last: 94326 ns, Reaching safepoint: 100147 ns, At safepoint: 11844 ns, Total: 111991 ns
[2020-09-11T15:53:37.908+0000][1][safepoint    ] Safepoint "RevokeBias", Time since last: 46740 ns, Reaching safepoint: 101401 ns, At safepoint: 11894 ns, Total: 113295 ns
[2020-09-11T15:53:37.908+0000][1][safepoint    ] Safepoint "BulkRevokeBias", Time since last: 52634 ns, Reaching safepoint: 139976 ns, At safepoint: 189859 ns, Total: 329835 ns
[2020-09-11T15:53:37.909+0000][1][safepoint    ] Safepoint "RevokeBias", Time since last: 492432 ns, Reaching safepoint: 102730 ns, At safepoint: 12565 ns, Total: 115295 ns
[2020-09-11T15:53:37.913+0000][1][safepoint    ] Safepoint "RevokeBias", Time since last: 4170428 ns, Reaching safepoint: 172649 ns, At safepoint: 18324 ns, Total: 190973 ns
[2020-09-11T15:53:37.914+0000][1][safepoint    ] Safepoint "RevokeBias", Time since last: 151280 ns, Reaching safepoint: 103074 ns, At safepoint: 12742 ns, Total: 115816 ns
[2020-09-11T15:53:37.914+0000][1][safepoint    ] Safepoint "RevokeBias", Time since last: 118960 ns, Reaching safepoint: 140297 ns, At safepoint: 13131 ns, Total: 153428 ns
[2020-09-11T15:53:37.915+0000][1][safepoint    ] Safepoint "RevokeBias", Time since last: 586646 ns, Reaching safepoint: 99343 ns, At safepoint: 12714 ns, Total: 112057 ns
[2020-09-11T15:53:37.915+0000][1][safepoint    ] Safepoint "RevokeBias", Time since last: 133645 ns, Reaching safepoint: 25178 ns, At safepoint: 10530 ns, Total: 35708 ns
[2020-09-11T15:53:37.915+0000][1][safepoint    ] Safepoint "RevokeBias", Time since last: 113691 ns, Reaching safepoint: 24742 ns, At safepoint: 9806 ns, Total: 34548 ns
[2020-09-11T15:53:37.915+0000][1][safepoint    ] Safepoint "RevokeBias", Time since last: 111864 ns, Reaching safepoint: 24693 ns, At safepoint: 9809 ns, Total: 34502 ns
[2020-09-11T15:53:37.915+0000][1][safepoint    ] Safepoint "RevokeBias", Time since last: 111080 ns, Reaching safepoint: 24718 ns, At safepoint: 9739 ns, Total: 34457 ns
[2020-09-11T15:53:37.915+0000][1][safepoint    ] Safepoint "RevokeBias", Time since last: 112151 ns, Reaching safepoint: 24484 ns, At safepoint: 9580 ns, Total: 34064 ns
[2020-09-11T15:53:37.918+0000][1][safepoint    ] Safepoint "RevokeBias", Time since last: 1956137 ns, Reaching safepoint: 129087 ns, At safepoint: 42657 ns, Total: 171744 ns
[2020-09-11T15:53:37.984+0000][1][safepoint    ] Safepoint "RevokeBias", Time since last: 66465167 ns, Reaching safepoint: 140168 ns, At safepoint: 38850 ns, Total: 179018 ns
[2020-09-11T15:53:38.065+0000][1][safepoint    ] Safepoint "RevokeBias", Time since last: 81061886 ns, Reaching safepoint: 200968 ns, At safepoint: 21632 ns, Total: 222600 ns
[2020-09-11T15:53:38.066+0000][1][safepoint    ] Safepoint "RevokeBias", Time since last: 83552 ns, Reaching safepoint: 147071 ns, At safepoint: 14104 ns, Total: 161175 ns
[2020-09-11T15:53:38.121+0000][1][safepoint    ] Safepoint "RevokeBias", Time since last: 54917124 ns, Reaching safepoint: 189322 ns, At safepoint: 25719 ns, Total: 215041 ns
[2020-09-11T15:53:38.421+0000][1][safepoint    ] Safepoint "RevokeBias", Time since last: 300319620 ns, Reaching safepoint: 193446 ns, At safepoint: 25367 ns, Total: 218813 ns
[2020-09-11T15:53:38.422+0000][1][safepoint    ] Safepoint "RevokeBias", Time since last: 260973 ns, Reaching safepoint: 164685 ns, At safepoint: 20455 ns, Total: 185140 ns
[2020-09-11T15:53:38.422+0000][1][safepoint    ] Safepoint "RevokeBias", Time since last: 57518 ns, Reaching safepoint: 115481 ns, At safepoint: 15759 ns, Total: 131240 ns
[2020-09-11T15:53:38.422+0000][1][safepoint    ] Safepoint "RevokeBias", Time since last: 161437 ns, Reaching safepoint: 152308 ns, At safepoint: 15303 ns, Total: 167611 ns
[2020-09-11T15:53:38.423+0000][1][safepoint    ] Safepoint "RevokeBias", Time since last: 38869 ns, Reaching safepoint: 143696 ns, At safepoint: 14362 ns, Total: 158058 ns
[2020-09-11T15:53:38.423+0000][1][safepoint    ] Safepoint "RevokeBias", Time since last: 65336 ns, Reaching safepoint: 146246 ns, At safepoint: 13787 ns, Total: 160033 ns
[2020-09-11T15:53:38.423+0000][1][safepoint    ] Safepoint "RevokeBias", Time since last: 91455 ns, Reaching safepoint: 143710 ns, At safepoint: 13645 ns, Total: 157355 ns
[2020-09-11T15:53:38.423+0000][1][safepoint    ] Safepoint "RevokeBias", Time since last: 47798 ns, Reaching safepoint: 145971 ns, At safepoint: 13585 ns, Total: 159556 ns
[2020-09-11T15:53:38.424+0000][1][safepoint    ] Safepoint "RevokeBias", Time since last: 535361 ns, Reaching safepoint: 141859 ns, At safepoint: 14235 ns, Total: 156094 ns
[2020-09-11T15:53:38.425+0000][1][safepoint    ] Safepoint "RevokeBias", Time since last: 609804 ns, Reaching safepoint: 146891 ns, At safepoint: 50588 ns, Total: 197479 ns
[2020-09-11T15:53:38.436+0000][1][safepoint    ] Safepoint "RevokeBias", Time since last: 10817469 ns, Reaching safepoint: 148648 ns, At safepoint: 42938 ns, Total: 191586 ns
[2020-09-11T15:53:38.436+0000][1][safepoint    ] Safepoint "RevokeBias", Time since last: 141641 ns, Reaching safepoint: 132247 ns, At safepoint: 29841 ns, Total: 162088 ns
[2020-09-11T15:53:39.219+0000][1][safepoint    ] Safepoint "RevokeBias", Time since last: 782170466 ns, Reaching safepoint: 477639 ns, At safepoint: 24017 ns, Total: 501656 ns
[2020-09-11T15:53:39.222+0000][1][safepoint    ] Safepoint "Deoptimize", Time since last: 2525903 ns, Reaching safepoint: 175299 ns, At safepoint: 562135 ns, Total: 737434 ns
[2020-09-11T15:53:39.239+0000][1][safepoint    ] Safepoint "RevokeBias", Time since last: 16988805 ns, Reaching safepoint: 190289 ns, At safepoint: 8859 ns, Total: 199148 ns
[2020-09-11T15:53:39.240+0000][1][safepoint    ] Safepoint "RevokeBias", Time since last: 226443 ns, Reaching safepoint: 153699 ns, At safepoint: 6440 ns, Total: 160139 ns
[2020-09-11T15:53:39.247+0000][1][safepoint    ] Safepoint "RevokeBias", Time since last: 7701031 ns, Reaching safepoint: 182028 ns, At safepoint: 10394 ns, Total: 192422 ns
[2020-09-11T15:53:39.248+0000][1][safepoint    ] Safepoint "RevokeBias", Time since last: 71961 ns, Reaching safepoint: 158794 ns, At safepoint: 6451 ns, Total: 165245 ns
[2020-09-11T15:53:39.248+0000][1][safepoint    ] Safepoint "RevokeBias", Time since last: 34476 ns, Reaching safepoint: 154073 ns, At safepoint: 6108 ns, Total: 160181 ns
[2020-09-11T15:53:40.248+0000][1][safepoint    ] Safepoint "Cleanup", Time since last: 1000141479 ns, Reaching safepoint: 171938 ns, At safepoint: 20223 ns, Total: 192161 ns
[2020-09-11T15:53:41.249+0000][1][safepoint    ] Safepoint "Cleanup", Time since last: 1000221579 ns, Reaching safepoint: 102841 ns, At safepoint: 9487 ns, Total: 112328 ns
[2020-09-11T15:53:42.249+0000][1][safepoint    ] Safepoint "Cleanup", Time since last: 1000194729 ns, Reaching safepoint: 140329 ns, At safepoint: 18318 ns, Total: 158647 ns
[2020-09-11T15:53:42.518+0000][1][safepoint    ] Safepoint "BulkRevokeBias", Time since last: 268850422 ns, Reaching safepoint: 447369 ns, At safepoint: 199053 ns, Total: 646422 ns
[2020-09-11T15:53:42.521+0000][1][safepoint    ] Safepoint "RevokeBias", Time since last: 2353470 ns, Reaching safepoint: 126319 ns, At safepoint: 17769 ns, Total: 144088 ns
[2020-09-11T15:53:42.524+0000][1][safepoint    ] Safepoint "RevokeBias", Time since last: 2477139 ns, Reaching safepoint: 171783 ns, At safepoint: 17156 ns, Total: 188939 ns
[2020-09-11T15:53:43.264+0000][1][safepoint    ] Safepoint "RevokeBias", Time since last: 740388843 ns, Reaching safepoint: 479500 ns, At safepoint: 20154 ns, Total: 499654 ns
[2020-09-11T15:53:43.265+0000][1][safepoint    ] Safepoint "RevokeBias", Time since last: 84924 ns, Reaching safepoint: 123237 ns, At safepoint: 13382 ns, Total: 136619 ns
[2020-09-11T15:53:43.267+0000][1][safepoint    ] Safepoint "RevokeBias", Time since last: 2490500 ns, Reaching safepoint: 178103 ns, At safepoint: 18777 ns, Total: 196880 ns
[2020-09-11T15:53:43.290+0000][1][safepoint    ] Safepoint "RevokeBias", Time since last: 22221205 ns, Reaching safepoint: 309645 ns, At safepoint: 31447 ns, Total: 341092 ns
[2020-09-11T15:53:43.303+0000][1][safepoint    ] Safepoint "RevokeBias", Time since last: 13003492 ns, Reaching safepoint: 92537 ns, At safepoint: 29619 ns, Total: 122156 ns
[2020-09-11T15:53:43.315+0000][1][safepoint    ] Safepoint "RevokeBias", Time since last: 11850896 ns, Reaching safepoint: 183290 ns, At safepoint: 20438 ns, Total: 203728 ns
[2020-09-11T15:53:43.317+0000][1][safepoint    ] Safepoint "RevokeBias", Time since last: 1391977 ns, Reaching safepoint: 135694 ns, At safepoint: 19751 ns, Total: 155445 ns
[2020-09-11T15:53:43.317+0000][1][safepoint    ] Safepoint "RevokeBias", Time since last: 159421 ns, Reaching safepoint: 165954 ns, At safepoint: 17437 ns, Total: 183391 ns
[2020-09-11T15:53:43.317+0000][1][safepoint    ] Safepoint "RevokeBias", Time since last: 60000 ns, Reaching safepoint: 159135 ns, At safepoint: 14127 ns, Total: 173262 ns
[2020-09-11T15:53:43.329+0000][1][safepoint    ] Safepoint "RevokeBias", Time since last: 11709024 ns, Reaching safepoint: 206947 ns, At safepoint: 23545 ns, Total: 230492 ns
[2020-09-11T15:53:43.339+0000][1][safepoint    ] Safepoint "RevokeBias", Time since last: 9860462 ns, Reaching safepoint: 184243 ns, At safepoint: 25298 ns, Total: 209541 ns
[2020-09-11T15:53:43.341+0000][1][safepoint    ] Safepoint "RevokeBias", Time since last: 1522152 ns, Reaching safepoint: 174756 ns, At safepoint: 18860 ns, Total: 193616 ns
[2020-09-11T15:53:43.660+0000][1][safepoint    ] Safepoint "RevokeBias", Time since last: 318147074 ns, Reaching safepoint: 596729 ns, At safepoint: 26262 ns, Total: 622991 ns
[2020-09-11T15:53:43.661+0000][1][safepoint    ] Safepoint "BulkRevokeBias", Time since last: 450684 ns, Reaching safepoint: 622737 ns, At safepoint: 214179 ns, Total: 836916 ns
[2020-09-11T15:53:44.339+0000][1][safepoint    ] Safepoint "RevokeBias", Time since last: 677447180 ns, Reaching safepoint: 94082 ns, At safepoint: 25968 ns, Total: 120050 ns
[2020-09-11T15:53:44.339+0000][1][safepoint    ] Safepoint "RevokeBias", Time since last: 309050 ns, Reaching safepoint: 50018 ns, At safepoint: 12197 ns, Total: 62215 ns
[2020-09-11T15:53:44.339+0000][1][safepoint    ] Safepoint "RevokeBias", Time since last: 174334 ns, Reaching safepoint: 42151 ns, At safepoint: 11253 ns, Total: 53404 ns
[2020-09-11T15:53:44.339+0000][1][safepoint    ] Safepoint "RevokeBias", Time since last: 157836 ns, Reaching safepoint: 37727 ns, At safepoint: 10740 ns, Total: 48467 ns
[2020-09-11T15:53:44.340+0000][1][safepoint    ] Safepoint "RevokeBias", Time since last: 824653 ns, Reaching safepoint: 37747 ns, At safepoint: 40553 ns, Total: 78300 ns
[2020-09-11T15:53:44.341+0000][1][safepoint    ] Safepoint "RevokeBias", Time since last: 177896 ns, Reaching safepoint: 35962 ns, At safepoint: 10587 ns, Total: 46549 ns
[2020-09-11T15:53:44.341+0000][1][safepoint    ] Safepoint "RevokeBias", Time since last: 238771 ns, Reaching safepoint: 34083 ns, At safepoint: 11087 ns, Total: 45170 ns
[2020-09-11T15:53:44.341+0000][1][safepoint    ] Safepoint "RevokeBias", Time since last: 79184 ns, Reaching safepoint: 30734 ns, At safepoint: 9949 ns, Total: 40683 ns
[2020-09-11T15:53:44.341+0000][1][safepoint    ] Safepoint "RevokeBias", Time since last: 71431 ns, Reaching safepoint: 29097 ns, At safepoint: 9807 ns, Total: 38904 ns
[2020-09-11T15:53:44.341+0000][1][safepoint    ] Safepoint "RevokeBias", Time since last: 151237 ns, Reaching safepoint: 27255 ns, At safepoint: 9760 ns, Total: 37015 ns
[2020-09-11T15:53:44.341+0000][1][safepoint    ] Safepoint "RevokeBias", Time since last: 32040 ns, Reaching safepoint: 33202 ns, At safepoint: 9470 ns, Total: 42672 ns
[2020-09-11T15:53:45.342+0000][1][safepoint    ] Safepoint "Cleanup", Time since last: 1000109529 ns, Reaching safepoint: 121566 ns, At safepoint: 6598 ns, Total: 128164 ns
[2020-09-11T15:53:46.342+0000][1][safepoint    ] Safepoint "Cleanup", Time since last: 1000179148 ns, Reaching safepoint: 181306 ns, At safepoint: 16525 ns, Total: 197831 ns
[2020-09-11T15:53:47.342+0000][1][safepoint    ] Safepoint "Cleanup", Time since last: 1000234061 ns, Reaching safepoint: 135156 ns, At safepoint: 18890 ns, Total: 154046 ns
[2020-09-11T15:53:48.343+0000][1][safepoint    ] Safepoint "Cleanup", Time since last: 1000186687 ns, Reaching safepoint: 115667 ns, At safepoint: 5932 ns, Total: 121599 ns
[2020-09-11T15:53:48.980+0000][1][gc,start     ] GC(68) Pause Young (Allocation Failure)
[2020-09-11T15:53:48.980+0000][1][gc,task      ] GC(68) Using 1 workers of 1 for evacuation
[2020-09-11T15:53:49.011+0000][1][gc,age       ] GC(68) Desired survivor size 4358144 bytes, new threshold 6 (max threshold 6)
[2020-09-11T15:53:49.011+0000][1][gc,age       ] GC(68) Age table with threshold 6 (max threshold 6)
[2020-09-11T15:53:49.011+0000][1][gc,age       ] GC(68) - age   1:    1417264 bytes,    1417264 total
[2020-09-11T15:53:49.011+0000][1][gc,age       ] GC(68) - age   2:     699504 bytes,    2116768 total
[2020-09-11T15:53:49.011+0000][1][gc,age       ] GC(68) - age   3:    1794264 bytes,    3911032 total
[2020-09-11T15:53:49.011+0000][1][gc,heap      ] GC(68) ParNew: 76672K->5135K(76672K)
[2020-09-11T15:53:49.011+0000][1][gc,heap      ] GC(68) CMS: 98196K->100164K(2011968K)
[2020-09-11T15:53:49.011+0000][1][gc,metaspace ] GC(68) Metaspace: 87456K->87456K(1130496K)
[2020-09-11T15:53:49.011+0000][1][gc           ] GC(68) Pause Young (Allocation Failure) 170M->102M(2039M) 31.008ms
[2020-09-11T15:53:49.011+0000][1][gc,cpu       ] GC(68) User=0.03s Sys=0.00s Real=0.03s
[2020-09-11T15:53:49.011+0000][1][safepoint    ] Safepoint "GenCollectForAllocation", Time since last: 637301124 ns, Reaching safepoint: 154615 ns, At safepoint: 31250176 ns, Total: 31404791 ns
[2020-09-11T15:53:50.017+0000][1][safepoint    ] Safepoint "Cleanup", Time since last: 1005459285 ns, Reaching safepoint: 254928 ns, At safepoint: 18957 ns, Total: 273885 ns
[2020-09-11T15:53:51.018+0000][1][safepoint    ] Safepoint "Cleanup", Time since last: 1000769493 ns, Reaching safepoint: 244111 ns, At safepoint: 20971 ns, Total: 265082 ns
[2020-09-11T15:53:52.019+0000][1][safepoint    ] Safepoint "Cleanup", Time since last: 1000159767 ns, Reaching safepoint: 340040 ns, At safepoint: 22184 ns, Total: 362224 ns
[2020-09-11T15:53:53.019+0000][1][safepoint    ] Safepoint "Cleanup", Time since last: 1000201758 ns, Reaching safepoint: 149079 ns, At safepoint: 19170 ns, Total: 168249 ns
[2020-09-11T15:53:53.347+0000][1][safepoint    ] Safepoint "RevokeBias", Time since last: 327914852 ns, Reaching safepoint: 263193 ns, At safepoint: 46260 ns, Total: 309453 ns
[2020-09-11T15:53:53.365+0000][1][safepoint    ] Safepoint "RevokeBias", Time since last: 17560856 ns, Reaching safepoint: 176102 ns, At safepoint: 19486 ns, Total: 195588 ns
[2020-09-11T15:53:53.365+0000][1][safepoint    ] Safepoint "RevokeBias", Time since last: 272418 ns, Reaching safepoint: 140220 ns, At safepoint: 13853 ns, Total: 154073 ns
[2020-09-11T15:53:53.366+0000][1][safepoint    ] Safepoint "RevokeBias", Time since last: 444190 ns, Reaching safepoint: 156690 ns, At safepoint: 13139 ns, Total: 169829 ns
[2020-09-11T15:53:53.366+0000][1][safepoint    ] Safepoint "RevokeBias", Time since last: 52494 ns, Reaching safepoint: 152614 ns, At safepoint: 11152 ns, Total: 163766 ns
[2020-09-11T15:53:53.377+0000][1][safepoint    ] Safepoint "RevokeBias", Time since last: 10167415 ns, Reaching safepoint: 154279 ns, At safepoint: 20752 ns, Total: 175031 ns
[2020-09-11T15:53:53.639+0000][1][safepoint    ] Safepoint "RevokeBias", Time since last: 262075543 ns, Reaching safepoint: 191860 ns, At safepoint: 20540 ns, Total: 212400 ns
[2020-09-11T15:53:53.756+0000][1][safepoint    ] Safepoint "RevokeBias", Time since last: 113841232 ns, Reaching safepoint: 3586110 ns, At safepoint: 34031 ns, Total: 3620141 ns
[2020-09-11T15:53:53.757+0000][1][safepoint    ] Safepoint "RevokeBias", Time since last: 87736 ns, Reaching safepoint: 154556 ns, At safepoint: 19452 ns, Total: 174008 ns
[2020-09-11T15:53:53.757+0000][1][safepoint    ] Safepoint "RevokeBias", Time since last: 51903 ns, Reaching safepoint: 159722 ns, At safepoint: 16337 ns, Total: 176059 ns
[2020-09-11T15:53:53.761+0000][1][safepoint    ] Safepoint "RevokeBias", Time since last: 2382919 ns, Reaching safepoint: 1655667 ns, At safepoint: 175069 ns, Total: 1830736 ns
[2020-09-11T15:53:53.764+0000][1][safepoint    ] Safepoint "RevokeBias", Time since last: 67837 ns, Reaching safepoint: 2889019 ns, At safepoint: 238282 ns, Total: 3127301 ns
[2020-09-11T15:53:54.765+0000][1][safepoint    ] Safepoint "Cleanup", Time since last: 1000215210 ns, Reaching safepoint: 106566 ns, At safepoint: 17850 ns, Total: 124416 ns
[2020-09-11T15:53:55.765+0000][1][safepoint    ] Safepoint "Cleanup", Time since last: 1000185087 ns, Reaching safepoint: 106525 ns, At safepoint: 7736 ns, Total: 114261 ns
[2020-09-11T15:53:56.544+0000][1][safepoint    ] Safepoint "RevokeBias", Time since last: 778647708 ns, Reaching safepoint: 265529 ns, At safepoint: 49343 ns, Total: 314872 ns
[2020-09-11T15:53:56.545+0000][1][safepoint    ] Safepoint "RevokeBias", Time since last: 1215725 ns, Reaching safepoint: 225173 ns, At safepoint: 40911 ns, Total: 266084 ns
[2020-09-11T15:53:56.741+0000][1][safepoint    ] Safepoint "RevokeBias", Time since last: 195925093 ns, Reaching safepoint: 196553 ns, At safepoint: 24007 ns, Total: 220560 ns
[2020-09-11T15:53:56.745+0000][1][safepoint    ] Safepoint "RevokeBias", Time since last: 2894189 ns, Reaching safepoint: 171105 ns, At safepoint: 19573 ns, Total: 190678 ns
[2020-09-11T15:53:56.745+0000][1][safepoint    ] Safepoint "RevokeBias", Time since last: 69593 ns, Reaching safepoint: 196228 ns, At safepoint: 15415 ns, Total: 211643 ns
[2020-09-11T15:53:56.822+0000][1][safepoint    ] Safepoint "RevokeBias", Time since last: 77459782 ns, Reaching safepoint: 76531 ns, At safepoint: 20454 ns, Total: 96985 ns
[2020-09-11T15:53:57.823+0000][1][safepoint    ] Safepoint "Cleanup", Time since last: 1000194225 ns, Reaching safepoint: 102316 ns, At safepoint: 8752 ns, Total: 111068 ns
[2020-09-11T15:53:58.823+0000][1][safepoint    ] Safepoint "Cleanup", Time since last: 1000173612 ns, Reaching safepoint: 112455 ns, At safepoint: 8866 ns, Total: 121321 ns
[2020-09-11T15:53:59.320+0000][1][safepoint    ] Safepoint "RevokeBias", Time since last: 496821330 ns, Reaching safepoint: 226983 ns, At safepoint: 26558 ns, Total: 253541 ns
[2020-09-11T15:54:00.295+0000][1][safepoint    ] Safepoint "RevokeBias", Time since last: 975252228 ns, Reaching safepoint: 138274 ns, At safepoint: 54127 ns, Total: 192401 ns
[2020-09-11T15:54:00.315+0000][1][safepoint    ] Safepoint "RevokeBias", Time since last: 19060438 ns, Reaching safepoint: 112873 ns, At safepoint: 46961 ns, Total: 159834 ns
[2020-09-11T15:54:01.315+0000][1][safepoint    ] Safepoint "Cleanup", Time since last: 1000164050 ns, Reaching safepoint: 154034 ns, At safepoint: 17757 ns, Total: 171791 ns
[2020-09-11T15:54:02.315+0000][1][safepoint    ] Safepoint "Cleanup", Time since last: 1000241777 ns, Reaching safepoint: 146713 ns, At safepoint: 19715 ns, Total: 166428 ns
[2020-09-11T15:54:03.095+0000][1][safepoint    ] Safepoint "RevokeBias", Time since last: 779735425 ns, Reaching safepoint: 147705 ns, At safepoint: 58712 ns, Total: 206417 ns
[2020-09-11T15:54:03.096+0000][1][safepoint    ] Safepoint "RevokeBias", Time since last: 514821 ns, Reaching safepoint: 106942 ns, At safepoint: 34913 ns, Total: 141855 ns
[2020-09-11T15:54:03.175+0000][1][safepoint    ] Safepoint "RevokeBias", Time since last: 78507212 ns, Reaching safepoint: 155401 ns, At safepoint: 21730 ns, Total: 177131 ns
[2020-09-11T15:54:04.175+0000][1][safepoint    ] Safepoint "Cleanup", Time since last: 1000171973 ns, Reaching safepoint: 189064 ns, At safepoint: 20808 ns, Total: 209872 ns
[2020-09-11T15:54:05.175+0000][1][safepoint    ] Safepoint "Cleanup", Time since last: 1000231142 ns, Reaching safepoint: 117286 ns, At safepoint: 9418 ns, Total: 126704 ns
[2020-09-11T15:54:06.176+0000][1][safepoint    ] Safepoint "Cleanup", Time since last: 1000179782 ns, Reaching safepoint: 169833 ns, At safepoint: 20240 ns, Total: 190073 ns
[2020-09-11T15:54:06.346+0000][1][safepoint    ] Safepoint "RevokeBias", Time since last: 169527766 ns, Reaching safepoint: 128174 ns, At safepoint: 53877 ns, Total: 182051 ns
[2020-09-11T15:54:06.346+0000][1][safepoint    ] Safepoint "RevokeBias", Time since last: 498350 ns, Reaching safepoint: 104353 ns, At safepoint: 34700 ns, Total: 139053 ns
[2020-09-11T15:54:06.434+0000][1][safepoint    ] Safepoint "RevokeBias", Time since last: 87370331 ns, Reaching safepoint: 87177 ns, At safepoint: 26491 ns, Total: 113668 ns
[2020-09-11T15:54:07.434+0000][1][safepoint    ] Safepoint "Cleanup", Time since last: 1000110325 ns, Reaching safepoint: 159088 ns, At safepoint: 20183 ns, Total: 179271 ns
[2020-09-11T15:54:08.434+0000][1][safepoint    ] Safepoint "Cleanup", Time since last: 1000238436 ns, Reaching safepoint: 147676 ns, At safepoint: 19478 ns, Total: 167154 ns
[2020-09-11T15:54:09.435+0000][1][safepoint    ] Safepoint "Cleanup", Time since last: 1000195781 ns, Reaching safepoint: 101144 ns, At safepoint: 8848 ns, Total: 109992 ns
[2020-09-11T15:54:10.435+0000][1][safepoint    ] Safepoint "Cleanup", Time since last: 1000172952 ns, Reaching safepoint: 160394 ns, At safepoint: 26976 ns, Total: 187370 ns
[2020-09-11T15:54:11.435+0000][1][safepoint    ] Safepoint "Cleanup", Time since last: 1000180952 ns, Reaching safepoint: 149055 ns, At safepoint: 19418 ns, Total: 168473 ns
[2020-09-11T15:54:12.485+0000][1][safepoint    ] Safepoint "Cleanup", Time since last: 1049680562 ns, Reaching safepoint: 118474 ns, At safepoint: 12080 ns, Total: 130554 ns
[2020-09-11T15:54:13.486+0000][1][safepoint    ] Safepoint "Cleanup", Time since last: 1000220542 ns, Reaching safepoint: 116137 ns, At safepoint: 8200 ns, Total: 124337 ns
[2020-09-11T15:54:14.486+0000][1][safepoint    ] Safepoint "Cleanup", Time since last: 1000208694 ns, Reaching safepoint: 212654 ns, At safepoint: 21229 ns, Total: 233883 ns
[2020-09-11T15:54:15.486+0000][1][safepoint    ] Safepoint "Cleanup", Time since last: 1000261181 ns, Reaching safepoint: 154732 ns, At safepoint: 21118 ns, Total: 175850 ns
[2020-09-11T15:54:16.487+0000][1][safepoint    ] Safepoint "Cleanup", Time since last: 1000226322 ns, Reaching safepoint: 213075 ns, At safepoint: 20921 ns, Total: 233996 ns
[2020-09-11T15:54:17.487+0000][1][safepoint    ] Safepoint "Cleanup", Time since last: 1000235077 ns, Reaching safepoint: 155176 ns, At safepoint: 22228 ns, Total: 177404 ns
[2020-09-11T15:54:18.488+0000][1][safepoint    ] Safepoint "Cleanup", Time since last: 1000216587 ns, Reaching safepoint: 194346 ns, At safepoint: 22528 ns, Total: 216874 ns
[2020-09-11T15:54:19.488+0000][1][safepoint    ] Safepoint "Cleanup", Time since last: 1000218171 ns, Reaching safepoint: 110776 ns, At safepoint: 8171 ns, Total: 118947 ns
[2020-09-11T15:54:20.488+0000][1][safepoint    ] Safepoint "Cleanup", Time since last: 1000180624 ns, Reaching safepoint: 118858 ns, At safepoint: 9399 ns, Total: 128257 ns
[2020-09-11T15:54:21.489+0000][1][safepoint    ] Safepoint "Cleanup", Time since last: 1000171899 ns, Reaching safepoint: 175226 ns, At safepoint: 45437 ns, Total: 220663 ns
[2020-09-11T15:54:22.311+0000][1][safepoint    ] Safepoint "RevokeBias", Time since last: 821700799 ns, Reaching safepoint: 269749 ns, At safepoint: 55744 ns, Total: 325493 ns
[2020-09-11T15:54:23.311+0000][1][safepoint    ] Safepoint "Cleanup", Time since last: 1000193660 ns, Reaching safepoint: 120152 ns, At safepoint: 7851 ns, Total: 128003 ns
[2020-09-11T15:54:24.082+0000][1][gc,start     ] GC(69) Pause Young (Allocation Failure)
[2020-09-11T15:54:24.082+0000][1][gc,task      ] GC(69) Using 1 workers of 1 for evacuation
[2020-09-11T15:54:24.106+0000][1][gc,age       ] GC(69) Desired survivor size 4358144 bytes, new threshold 3 (max threshold 6)
[2020-09-11T15:54:24.106+0000][1][gc,age       ] GC(69) Age table with threshold 3 (max threshold 6)
[2020-09-11T15:54:24.106+0000][1][gc,age       ] GC(69) - age   1:    2375672 bytes,    2375672 total
[2020-09-11T15:54:24.106+0000][1][gc,age       ] GC(69) - age   2:    1369768 bytes,    3745440 total
[2020-09-11T15:54:24.106+0000][1][gc,age       ] GC(69) - age   3:     693136 bytes,    4438576 total
[2020-09-11T15:54:24.106+0000][1][gc,age       ] GC(69) - age   4:    1784536 bytes,    6223112 total
[2020-09-11T15:54:24.106+0000][1][gc,heap      ] GC(69) ParNew: 73295K->8296K(76672K)
[2020-09-11T15:54:24.106+0000][1][gc,heap      ] GC(69) CMS: 100164K->100164K(2011968K)
[2020-09-11T15:54:24.106+0000][1][gc,metaspace ] GC(69) Metaspace: 88220K->88220K(1130496K)
[2020-09-11T15:54:24.106+0000][1][gc           ] GC(69) Pause Young (Allocation Failure) 169M->105M(2039M) 23.697ms
[2020-09-11T15:54:24.106+0000][1][gc,cpu       ] GC(69) User=0.02s Sys=0.00s Real=0.02s
[2020-09-11T15:54:24.106+0000][1][safepoint    ] Safepoint "GenCollectForAllocation", Time since last: 770996602 ns, Reaching safepoint: 202233 ns, At safepoint: 23767235 ns, Total: 23969468 ns
[2020-09-11T15:54:25.108+0000][1][safepoint    ] Safepoint "Cleanup", Time since last: 1001606310 ns, Reaching safepoint: 86593 ns, At safepoint: 5757 ns, Total: 92350 ns
[2020-09-11T15:54:26.108+0000][1][safepoint    ] Safepoint "Cleanup", Time since last: 1000109384 ns, Reaching safepoint: 178099 ns, At safepoint: 8501 ns, Total: 186600 ns
[2020-09-11T15:54:27.108+0000][1][safepoint    ] Safepoint "Cleanup", Time since last: 1000142571 ns, Reaching safepoint: 151889 ns, At safepoint: 20059 ns, Total: 171948 ns
[2020-09-11T15:54:28.109+0000][1][safepoint    ] Safepoint "Cleanup", Time since last: 1000210168 ns, Reaching safepoint: 99323 ns, At safepoint: 8727 ns, Total: 108050 ns
[2020-09-11T15:54:29.109+0000][1][safepoint    ] Safepoint "Cleanup", Time since last: 1000128320 ns, Reaching safepoint: 232751 ns, At safepoint: 21449 ns, Total: 254200 ns
[2020-09-11T15:54:30.109+0000][1][safepoint    ] Safepoint "Cleanup", Time since last: 1000213381 ns, Reaching safepoint: 139674 ns, At safepoint: 19528 ns, Total: 159202 ns
[2020-09-11T15:54:31.110+0000][1][safepoint    ] Safepoint "Cleanup", Time since last: 1000222872 ns, Reaching safepoint: 112693 ns, At safepoint: 9978 ns, Total: 122671 ns
[2020-09-11T15:54:32.110+0000][1][safepoint    ] Safepoint "Cleanup", Time since last: 1000169274 ns, Reaching safepoint: 151895 ns, At safepoint: 20334 ns, Total: 172229 ns
[2020-09-11T15:54:33.110+0000][1][safepoint    ] Safepoint "Cleanup", Time since last: 1000211775 ns, Reaching safepoint: 106127 ns, At safepoint: 8120 ns, Total: 114247 ns
[2020-09-11T15:54:34.111+0000][1][safepoint    ] Safepoint "Cleanup", Time since last: 1000134583 ns, Reaching safepoint: 173301 ns, At safepoint: 15712 ns, Total: 189013 ns
[2020-09-11T15:54:35.111+0000][1][safepoint    ] Safepoint "Cleanup", Time since last: 1000229306 ns, Reaching safepoint: 174768 ns, At safepoint: 21730 ns, Total: 196498 ns
[2020-09-11T15:54:36.112+0000][1][safepoint    ] Safepoint "Cleanup", Time since last: 1000240668 ns, Reaching safepoint: 136811 ns, At safepoint: 18763 ns, Total: 155574 ns
[2020-09-11T15:54:37.112+0000][1][safepoint    ] Safepoint "Cleanup", Time since last: 1000275154 ns, Reaching safepoint: 112940 ns, At safepoint: 8049 ns, Total: 120989 ns
[2020-09-11T15:54:38.112+0000][1][safepoint    ] Safepoint "Cleanup", Time since last: 1000175287 ns, Reaching safepoint: 145514 ns, At safepoint: 19736 ns, Total: 165250 ns
[2020-09-11T15:54:39.113+0000][1][safepoint    ] Safepoint "Cleanup", Time since last: 1000225695 ns, Reaching safepoint: 143406 ns, At safepoint: 42464 ns, Total: 185870 ns
[2020-09-11T15:54:40.113+0000][1][safepoint    ] Safepoint "Cleanup", Time since last: 1000233431 ns, Reaching safepoint: 157896 ns, At safepoint: 21269 ns, Total: 179165 ns
[2020-09-11T15:54:41.114+0000][1][safepoint    ] Safepoint "Cleanup", Time since last: 1000191015 ns, Reaching safepoint: 141398 ns, At safepoint: 20119 ns, Total: 161517 ns
[2020-09-11T15:54:42.114+0000][1][safepoint    ] Safepoint "Cleanup", Time since last: 1000229517 ns, Reaching safepoint: 160632 ns, At safepoint: 36554 ns, Total: 197186 ns
[2020-09-11T15:54:43.114+0000][1][safepoint    ] Safepoint "Cleanup", Time since last: 1000285544 ns, Reaching safepoint: 134572 ns, At safepoint: 20303 ns, Total: 154875 ns
[2020-09-11T15:54:44.115+0000][1][safepoint    ] Safepoint "Cleanup", Time since last: 1000249796 ns, Reaching safepoint: 115381 ns, At safepoint: 9410 ns, Total: 124791 ns
[2020-09-11T15:54:45.115+0000][1][safepoint    ] Safepoint "Cleanup", Time since last: 1000248016 ns, Reaching safepoint: 163439 ns, At safepoint: 21031 ns, Total: 184470 ns
[2020-09-11T15:54:46.116+0000][1][safepoint    ] Safepoint "Cleanup", Time since last: 1000201317 ns, Reaching safepoint: 154374 ns, At safepoint: 20744 ns, Total: 175118 ns
[2020-09-11T15:54:47.116+0000][1][safepoint    ] Safepoint "Cleanup", Time since last: 1000303639 ns, Reaching safepoint: 152406 ns, At safepoint: 17867 ns, Total: 170273 ns
[2020-09-11T15:54:48.117+0000][1][safepoint    ] Safepoint "Cleanup", Time since last: 1000282522 ns, Reaching safepoint: 147536 ns, At safepoint: 18893 ns, Total: 166429 ns
[2020-09-11T15:54:49.117+0000][1][safepoint    ] Safepoint "Cleanup", Time since last: 1000285784 ns, Reaching safepoint: 177665 ns, At safepoint: 21108 ns, Total: 198773 ns
[2020-09-11T15:54:50.117+0000][1][safepoint    ] Safepoint "Cleanup", Time since last: 1000230963 ns, Reaching safepoint: 109979 ns, At safepoint: 9124 ns, Total: 119103 ns
[2020-09-11T15:54:51.118+0000][1][safepoint    ] Safepoint "Cleanup", Time since last: 1000180080 ns, Reaching safepoint: 136450 ns, At safepoint: 19638 ns, Total: 156088 ns
[2020-09-11T15:54:52.118+0000][1][safepoint    ] Safepoint "Cleanup", Time since last: 1000187821 ns, Reaching safepoint: 118863 ns, At safepoint: 9358 ns, Total: 128221 ns
[2020-09-11T15:54:53.118+0000][1][safepoint    ] Safepoint "Cleanup", Time since last: 1000172512 ns, Reaching safepoint: 110487 ns, At safepoint: 9889 ns, Total: 120376 ns
[2020-09-11T15:54:54.119+0000][1][safepoint    ] Safepoint "Cleanup", Time since last: 1000147038 ns, Reaching safepoint: 179101 ns, At safepoint: 17239 ns, Total: 196340 ns
[2020-09-11T15:54:55.119+0000][1][safepoint    ] Safepoint "Cleanup", Time since last: 1000226924 ns, Reaching safepoint: 168260 ns, At safepoint: 21609 ns, Total: 189869 ns
[2020-09-11T15:54:56.119+0000][1][safepoint    ] Safepoint "Cleanup", Time since last: 1000236311 ns, Reaching safepoint: 101773 ns, At safepoint: 10444 ns, Total: 112217 ns
[2020-09-11T15:54:57.120+0000][1][safepoint    ] Safepoint "Cleanup", Time since last: 1000148400 ns, Reaching safepoint: 141619 ns, At safepoint: 20036 ns, Total: 161655 ns
[2020-09-11T15:54:58.120+0000][1][safepoint    ] Safepoint "Cleanup", Time since last: 1000180545 ns, Reaching safepoint: 139517 ns, At safepoint: 19701 ns, Total: 159218 ns
[2020-09-11T15:54:59.120+0000][1][safepoint    ] Safepoint "Cleanup", Time since last: 1000215786 ns, Reaching safepoint: 132355 ns, At safepoint: 10410 ns, Total: 142765 ns
[2020-09-11T15:55:00.121+0000][1][safepoint    ] Safepoint "Cleanup", Time since last: 1000145172 ns, Reaching safepoint: 125070 ns, At safepoint: 9395 ns, Total: 134465 ns
[2020-09-11T15:55:01.121+0000][1][safepoint    ] Safepoint "Cleanup", Time since last: 1000229703 ns, Reaching safepoint: 101228 ns, At safepoint: 7382 ns, Total: 108610 ns
[2020-09-11T15:55:02.121+0000][1][safepoint    ] Safepoint "Cleanup", Time since last: 1000190340 ns, Reaching safepoint: 149209 ns, At safepoint: 17727 ns, Total: 166936 ns
[2020-09-11T15:55:03.122+0000][1][safepoint    ] Safepoint "Cleanup", Time since last: 1000192409 ns, Reaching safepoint: 123136 ns, At safepoint: 9673 ns, Total: 132809 ns
[2020-09-11T15:55:04.122+0000][1][safepoint    ] Safepoint "Cleanup", Time since last: 1000119420 ns, Reaching safepoint: 84533 ns, At safepoint: 7901 ns, Total: 92434 ns
[2020-09-11T15:55:05.122+0000][1][safepoint    ] Safepoint "Cleanup", Time since last: 1000138655 ns, Reaching safepoint: 128111 ns, At safepoint: 7129 ns, Total: 135240 ns
[2020-09-11T15:55:06.122+0000][1][safepoint    ] Safepoint "Cleanup", Time since last: 1000181294 ns, Reaching safepoint: 103683 ns, At safepoint: 10091 ns, Total: 113774 ns
[2020-09-11T15:55:07.125+0000][1][safepoint    ] Safepoint "Cleanup", Time since last: 1002284191 ns, Reaching safepoint: 85655 ns, At safepoint: 9536 ns, Total: 95191 ns
[2020-09-11T15:55:08.125+0000][1][safepoint    ] Safepoint "Cleanup", Time since last: 1000166677 ns, Reaching safepoint: 108023 ns, At safepoint: 8586 ns, Total: 116609 ns
[2020-09-11T15:55:09.125+0000][1][safepoint    ] Safepoint "Cleanup", Time since last: 1000156582 ns, Reaching safepoint: 113405 ns, At safepoint: 9630 ns, Total: 123035 ns
[2020-09-11T15:55:10.127+0000][1][safepoint    ] Safepoint "Cleanup", Time since last: 1001037186 ns, Reaching safepoint: 93574 ns, At safepoint: 8804 ns, Total: 102378 ns
[2020-09-11T15:55:11.127+0000][1][safepoint    ] Safepoint "Cleanup", Time since last: 1000199517 ns, Reaching safepoint: 105530 ns, At safepoint: 9411 ns, Total: 114941 ns
[2020-09-11T15:55:12.127+0000][1][safepoint    ] Safepoint "Cleanup", Time since last: 1000179203 ns, Reaching safepoint: 139159 ns, At safepoint: 19579 ns, Total: 158738 ns
[2020-09-11T15:55:13.128+0000][1][safepoint    ] Safepoint "Cleanup", Time since last: 1000218114 ns, Reaching safepoint: 148120 ns, At safepoint: 19812 ns, Total: 167932 ns
[2020-09-11T15:55:14.128+0000][1][safepoint    ] Safepoint "Cleanup", Time since last: 1000178770 ns, Reaching safepoint: 135469 ns, At safepoint: 6923 ns, Total: 142392 ns
[2020-09-11T15:55:15.128+0000][1][safepoint    ] Safepoint "Cleanup", Time since last: 1000166192 ns, Reaching safepoint: 114228 ns, At safepoint: 7354 ns, Total: 121582 ns
[2020-09-11T15:55:16.128+0000][1][safepoint    ] Safepoint "Cleanup", Time since last: 1000148484 ns, Reaching safepoint: 125540 ns, At safepoint: 10368 ns, Total: 135908 ns
[2020-09-11T15:55:17.129+0000][1][safepoint    ] Safepoint "Cleanup", Time since last: 1000171913 ns, Reaching safepoint: 165964 ns, At safepoint: 24139 ns, Total: 190103 ns
[2020-09-11T15:55:18.129+0000][1][safepoint    ] Safepoint "Cleanup", Time since last: 1000173538 ns, Reaching safepoint: 133375 ns, At safepoint: 18072 ns, Total: 151447 ns
[2020-09-11T15:55:19.130+0000][1][safepoint    ] Safepoint "Cleanup", Time since last: 1000171700 ns, Reaching safepoint: 141555 ns, At safepoint: 19017 ns, Total: 160572 ns
[2020-09-11T15:55:20.130+0000][1][safepoint    ] Safepoint "Cleanup", Time since last: 1000146881 ns, Reaching safepoint: 98449 ns, At safepoint: 8996 ns, Total: 107445 ns
[2020-09-11T15:55:21.130+0000][1][safepoint    ] Safepoint "Cleanup", Time since last: 1000167332 ns, Reaching safepoint: 115700 ns, At safepoint: 8012 ns, Total: 123712 ns
[2020-09-11T15:55:22.130+0000][1][safepoint    ] Safepoint "Cleanup", Time since last: 1000106823 ns, Reaching safepoint: 59851 ns, At safepoint: 4967 ns, Total: 64818 ns
[2020-09-11T15:55:23.131+0000][1][safepoint    ] Safepoint "Cleanup", Time since last: 1000171563 ns, Reaching safepoint: 141819 ns, At safepoint: 17497 ns, Total: 159316 ns
[2020-09-11T15:55:24.131+0000][1][safepoint    ] Safepoint "Cleanup", Time since last: 1000256039 ns, Reaching safepoint: 163204 ns, At safepoint: 17210 ns, Total: 180414 ns
[2020-09-11T15:55:24.237+0000][1][gc,start     ] GC(70) Pause Young (Allocation Failure)
[2020-09-11T15:55:24.238+0000][1][gc,task      ] GC(70) Using 1 workers of 1 for evacuation
[2020-09-11T15:55:24.267+0000][1][gc,age       ] GC(70) Desired survivor size 4358144 bytes, new threshold 6 (max threshold 6)
[2020-09-11T15:55:24.267+0000][1][gc,age       ] GC(70) Age table with threshold 6 (max threshold 6)
[2020-09-11T15:55:24.267+0000][1][gc,age       ] GC(70) - age   1:      64336 bytes,      64336 total
[2020-09-11T15:55:24.267+0000][1][gc,age       ] GC(70) - age   2:    2331216 bytes,    2395552 total
[2020-09-11T15:55:24.267+0000][1][gc,age       ] GC(70) - age   3:    1367688 bytes,    3763240 total
[2020-09-11T15:55:24.267+0000][1][gc,heap      ] GC(70) ParNew: 76456K->5595K(76672K)
[2020-09-11T15:55:24.267+0000][1][gc,heap      ] GC(70) CMS: 100164K->102662K(2011968K)
[2020-09-11T15:55:24.267+0000][1][gc,metaspace ] GC(70) Metaspace: 88645K->88645K(1130496K)
[2020-09-11T15:55:24.267+0000][1][gc           ] GC(70) Pause Young (Allocation Failure) 172M->105M(2039M) 29.206ms
[2020-09-11T15:55:24.267+0000][1][gc,cpu       ] GC(70) User=0.03s Sys=0.00s Real=0.03s
[2020-09-11T15:55:24.267+0000][1][safepoint    ] Safepoint "GenCollectForAllocation", Time since last: 106196818 ns, Reaching safepoint: 241390 ns, At safepoint: 29308124 ns, Total: 29549514 ns
[2020-09-11T15:55:25.140+0000][1][safepoint    ] Safepoint "RevokeBias", Time since last: 873324670 ns, Reaching safepoint: 173226 ns, At safepoint: 22737 ns, Total: 195963 ns
[2020-09-11T15:55:25.140+0000][1][safepoint    ] Safepoint "RevokeBias", Time since last: 74262 ns, Reaching safepoint: 110986 ns, At safepoint: 13468 ns, Total: 124454 ns
[2020-09-11T15:55:26.141+0000][1][safepoint    ] Safepoint "Cleanup", Time since last: 1000117373 ns, Reaching safepoint: 125729 ns, At safepoint: 9296 ns, Total: 135025 ns
[2020-09-11T15:55:27.141+0000][1][safepoint    ] Safepoint "Cleanup", Time since last: 1000129361 ns, Reaching safepoint: 81269 ns, At safepoint: 8378 ns, Total: 89647 ns
[2020-09-11T15:55:28.141+0000][1][safepoint    ] Safepoint "Cleanup", Time since last: 1000130720 ns, Reaching safepoint: 79845 ns, At safepoint: 9534 ns, Total: 89379 ns
[2020-09-11T15:55:29.141+0000][1][safepoint    ] Safepoint "Cleanup", Time since last: 1000119741 ns, Reaching safepoint: 79966 ns, At safepoint: 7018 ns, Total: 86984 ns
[2020-09-11T15:55:30.142+0000][1][safepoint    ] Safepoint "Cleanup", Time since last: 1000114648 ns, Reaching safepoint: 79759 ns, At safepoint: 9762 ns, Total: 89521 ns
[2020-09-11T15:55:31.142+0000][1][safepoint    ] Safepoint "Cleanup", Time since last: 1000119276 ns, Reaching safepoint: 77658 ns, At safepoint: 9424 ns, Total: 87082 ns
[2020-09-11T15:55:32.142+0000][1][safepoint    ] Safepoint "Cleanup", Time since last: 1000156584 ns, Reaching safepoint: 145044 ns, At safepoint: 23821 ns, Total: 168865 ns
[2020-09-11T15:55:33.142+0000][1][safepoint    ] Safepoint "Cleanup", Time since last: 1000225578 ns, Reaching safepoint: 109800 ns, At safepoint: 10378 ns, Total: 120178 ns
[2020-09-11T15:55:34.143+0000][1][safepoint    ] Safepoint "Cleanup", Time since last: 1000175624 ns, Reaching safepoint: 165957 ns, At safepoint: 22134 ns, Total: 188091 ns
[2020-09-11T15:55:35.145+0000][1][safepoint    ] Safepoint "Cleanup", Time since last: 1002060390 ns, Reaching safepoint: 168510 ns, At safepoint: 22581 ns, Total: 191091 ns
[2020-09-11T15:55:37.149+0000][1][safepoint    ] Safepoint "Cleanup", Time since last: 2004289334 ns, Reaching safepoint: 99951 ns, At safepoint: 9534 ns, Total: 109485 ns
[2020-09-11T15:55:38.150+0000][1][safepoint    ] Safepoint "Cleanup", Time since last: 1000653114 ns, Reaching safepoint: 152780 ns, At safepoint: 17240 ns, Total: 170020 ns
[2020-09-11T15:55:39.153+0000][1][safepoint    ] Safepoint "Cleanup", Time since last: 1002476862 ns, Reaching safepoint: 78820 ns, At safepoint: 9407 ns, Total: 88227 ns
[2020-09-11T15:55:40.153+0000][1][safepoint    ] Safepoint "Cleanup", Time since last: 1000158265 ns, Reaching safepoint: 114633 ns, At safepoint: 9803 ns, Total: 124436 ns
[2020-09-11T15:55:41.153+0000][1][safepoint    ] Safepoint "Cleanup", Time since last: 1000116134 ns, Reaching safepoint: 86729 ns, At safepoint: 8571 ns, Total: 95300 ns
[2020-09-11T15:55:42.154+0000][1][safepoint    ] Safepoint "Cleanup", Time since last: 1000146283 ns, Reaching safepoint: 137531 ns, At safepoint: 10000 ns, Total: 147531 ns
[2020-09-11T15:55:43.154+0000][1][safepoint    ] Safepoint "Cleanup", Time since last: 1000181301 ns, Reaching safepoint: 147157 ns, At safepoint: 20467 ns, Total: 167624 ns
[2020-09-11T15:55:44.154+0000][1][safepoint    ] Safepoint "Cleanup", Time since last: 1000181323 ns, Reaching safepoint: 133510 ns, At safepoint: 9549 ns, Total: 143059 ns
[2020-09-11T15:55:45.155+0000][1][safepoint    ] Safepoint "Cleanup", Time since last: 1000185496 ns, Reaching safepoint: 121825 ns, At safepoint: 8674 ns, Total: 130499 ns
[2020-09-11T15:55:46.155+0000][1][safepoint    ] Safepoint "Cleanup", Time since last: 1000189298 ns, Reaching safepoint: 97723 ns, At safepoint: 9919 ns, Total: 107642 ns
[2020-09-11T15:55:48.097+0000][1][safepoint    ] Safepoint "Cleanup", Time since last: 1942060685 ns, Reaching safepoint: 166097 ns, At safepoint: 7267 ns, Total: 173364 ns
[2020-09-11T15:55:49.097+0000][1][safepoint    ] Safepoint "Cleanup", Time since last: 1000106934 ns, Reaching safepoint: 68269 ns, At safepoint: 5426 ns, Total: 73695 ns
[2020-09-11T15:55:50.098+0000][1][safepoint    ] Safepoint "Cleanup", Time since last: 1000836494 ns, Reaching safepoint: 67370 ns, At safepoint: 6361 ns, Total: 73731 ns
[2020-09-11T15:55:51.099+0000][1][safepoint    ] Safepoint "Cleanup", Time since last: 1000167448 ns, Reaching safepoint: 110484 ns, At safepoint: 8885 ns, Total: 119369 ns
[2020-09-11T15:55:52.099+0000][1][safepoint    ] Safepoint "Cleanup", Time since last: 1000148839 ns, Reaching safepoint: 143139 ns, At safepoint: 21008 ns, Total: 164147 ns
[2020-09-11T15:55:53.099+0000][1][safepoint    ] Safepoint "Cleanup", Time since last: 1000217709 ns, Reaching safepoint: 111206 ns, At safepoint: 7817 ns, Total: 119023 ns
[2020-09-11T15:55:54.099+0000][1][safepoint    ] Safepoint "Cleanup", Time since last: 1000144462 ns, Reaching safepoint: 135033 ns, At safepoint: 11130 ns, Total: 146163 ns
[2020-09-11T15:55:55.100+0000][1][safepoint    ] Safepoint "Cleanup", Time since last: 1000145292 ns, Reaching safepoint: 170648 ns, At safepoint: 18977 ns, Total: 189625 ns
[2020-09-11T15:55:56.100+0000][1][safepoint    ] Safepoint "Cleanup", Time since last: 1000217416 ns, Reaching safepoint: 142333 ns, At safepoint: 18727 ns, Total: 161060 ns
[2020-09-11T15:55:57.101+0000][1][safepoint    ] Safepoint "Cleanup", Time since last: 1000172553 ns, Reaching safepoint: 354540 ns, At safepoint: 48765 ns, Total: 403305 ns
[2020-09-11T15:55:58.101+0000][1][safepoint    ] Safepoint "Cleanup", Time since last: 1000171346 ns, Reaching safepoint: 128311 ns, At safepoint: 9196 ns, Total: 137507 ns
[2020-09-11T15:55:59.101+0000][1][safepoint    ] Safepoint "Cleanup", Time since last: 1000202539 ns, Reaching safepoint: 135346 ns, At safepoint: 6671 ns, Total: 142017 ns
[2020-09-11T15:56:00.102+0000][1][safepoint    ] Safepoint "Cleanup", Time since last: 1000196760 ns, Reaching safepoint: 152948 ns, At safepoint: 21977 ns, Total: 174925 ns
[2020-09-11T15:56:01.102+0000][1][safepoint    ] Safepoint "Cleanup", Time since last: 1000233468 ns, Reaching safepoint: 154728 ns, At safepoint: 22548 ns, Total: 177276 ns
[2020-09-11T15:56:02.103+0000][1][safepoint    ] Safepoint "Cleanup", Time since last: 1000222372 ns, Reaching safepoint: 105170 ns, At safepoint: 9489 ns, Total: 114659 ns
[2020-09-11T15:56:03.103+0000][1][safepoint    ] Safepoint "Cleanup", Time since last: 1000174226 ns, Reaching safepoint: 100485 ns, At safepoint: 8314 ns, Total: 108799 ns
[2020-09-11T15:56:04.103+0000][1][safepoint    ] Safepoint "Cleanup", Time since last: 1000174440 ns, Reaching safepoint: 179579 ns, At safepoint: 21426 ns, Total: 201005 ns
[2020-09-11T15:56:05.104+0000][1][safepoint    ] Safepoint "Cleanup", Time since last: 1000240820 ns, Reaching safepoint: 115197 ns, At safepoint: 9575 ns, Total: 124772 ns
[2020-09-11T15:56:06.104+0000][1][safepoint    ] Safepoint "Cleanup", Time since last: 1000150597 ns, Reaching safepoint: 149075 ns, At safepoint: 20210 ns, Total: 169285 ns
[2020-09-11T15:56:07.104+0000][1][safepoint    ] Safepoint "Cleanup", Time since last: 1000211787 ns, Reaching safepoint: 102527 ns, At safepoint: 17587 ns, Total: 120114 ns
[2020-09-11T15:56:08.104+0000][1][safepoint    ] Safepoint "Cleanup", Time since last: 1000152623 ns, Reaching safepoint: 100056 ns, At safepoint: 8220 ns, Total: 108276 ns
[2020-09-11T15:56:09.105+0000][1][safepoint    ] Safepoint "Cleanup", Time since last: 1000195182 ns, Reaching safepoint: 186578 ns, At safepoint: 19281 ns, Total: 205859 ns
[2020-09-11T15:56:10.105+0000][1][safepoint    ] Safepoint "Cleanup", Time since last: 1000184344 ns, Reaching safepoint: 141514 ns, At safepoint: 20140 ns, Total: 161654 ns
[2020-09-11T15:56:11.106+0000][1][safepoint    ] Safepoint "Cleanup", Time since last: 1000189965 ns, Reaching safepoint: 145494 ns, At safepoint: 20791 ns, Total: 166285 ns
[2020-09-11T15:56:12.106+0000][1][safepoint    ] Safepoint "Cleanup", Time since last: 1000234441 ns, Reaching safepoint: 146025 ns, At safepoint: 20824 ns, Total: 166849 ns
[2020-09-11T15:56:13.106+0000][1][safepoint    ] Safepoint "Cleanup", Time since last: 1000226324 ns, Reaching safepoint: 106740 ns, At safepoint: 9700 ns, Total: 116440 ns
[2020-09-11T15:56:14.107+0000][1][safepoint    ] Safepoint "Cleanup", Time since last: 1000114357 ns, Reaching safepoint: 103883 ns, At safepoint: 10491 ns, Total: 114374 ns
[2020-09-11T15:56:15.107+0000][1][safepoint    ] Safepoint "Cleanup", Time since last: 1000181527 ns, Reaching safepoint: 150359 ns, At safepoint: 18078 ns, Total: 168437 ns
[2020-09-11T15:56:16.107+0000][1][safepoint    ] Safepoint "Cleanup", Time since last: 1000226437 ns, Reaching safepoint: 100813 ns, At safepoint: 9142 ns, Total: 109955 ns
[2020-09-11T15:56:17.108+0000][1][safepoint    ] Safepoint "Cleanup", Time since last: 1000184757 ns, Reaching safepoint: 143850 ns, At safepoint: 20735 ns, Total: 164585 ns
[2020-09-11T15:56:18.108+0000][1][safepoint    ] Safepoint "Cleanup", Time since last: 1000182201 ns, Reaching safepoint: 141201 ns, At safepoint: 19488 ns, Total: 160689 ns
[2020-09-11T15:56:19.108+0000][1][safepoint    ] Safepoint "Cleanup", Time since last: 1000225085 ns, Reaching safepoint: 108206 ns, At safepoint: 8728 ns, Total: 116934 ns
[2020-09-11T15:56:20.109+0000][1][safepoint    ] Safepoint "Cleanup", Time since last: 1000178793 ns, Reaching safepoint: 98394 ns, At safepoint: 8523 ns, Total: 106917 ns
[2020-09-11T15:56:21.123+0000][1][safepoint    ] Safepoint "Cleanup", Time since last: 1014593073 ns, Reaching safepoint: 155661 ns, At safepoint: 20774 ns, Total: 176435 ns
[2020-09-11T15:56:22.124+0000][1][safepoint    ] Safepoint "Cleanup", Time since last: 1000221568 ns, Reaching safepoint: 146238 ns, At safepoint: 20995 ns, Total: 167233 ns
[2020-09-11T15:56:23.124+0000][1][safepoint    ] Safepoint "Cleanup", Time since last: 1000221107 ns, Reaching safepoint: 140903 ns, At safepoint: 17861 ns, Total: 158764 ns
[2020-09-11T15:56:23.645+0000][1][gc,start     ] GC(71) Pause Young (Allocation Failure)
[2020-09-11T15:56:23.645+0000][1][gc,task      ] GC(71) Using 1 workers of 1 for evacuation
[2020-09-11T15:56:23.665+0000][1][gc,age       ] GC(71) Desired survivor size 4358144 bytes, new threshold 6 (max threshold 6)
[2020-09-11T15:56:23.665+0000][1][gc,age       ] GC(71) Age table with threshold 6 (max threshold 6)
[2020-09-11T15:56:23.665+0000][1][gc,age       ] GC(71) - age   1:      91096 bytes,      91096 total
[2020-09-11T15:56:23.665+0000][1][gc,age       ] GC(71) - age   2:      19848 bytes,     110944 total
[2020-09-11T15:56:23.665+0000][1][gc,age       ] GC(71) - age   3:    2327496 bytes,    2438440 total
[2020-09-11T15:56:23.665+0000][1][gc,age       ] GC(71) - age   4:    1365208 bytes,    3803648 total
[2020-09-11T15:56:23.665+0000][1][gc,heap      ] GC(71) ParNew: 73755K->4155K(76672K)
[2020-09-11T15:56:23.665+0000][1][gc,heap      ] GC(71) CMS: 102662K->102662K(2011968K)
[2020-09-11T15:56:23.665+0000][1][gc,metaspace ] GC(71) Metaspace: 89024K->89024K(1130496K)
[2020-09-11T15:56:23.665+0000][1][gc           ] GC(71) Pause Young (Allocation Failure) 172M->104M(2039M) 19.547ms
[2020-09-11T15:56:23.665+0000][1][gc,cpu       ] GC(71) User=0.02s Sys=0.00s Real=0.02s
[2020-09-11T15:56:23.665+0000][1][safepoint    ] Safepoint "GenCollectForAllocation", Time since last: 521111540 ns, Reaching safepoint: 167876 ns, At safepoint: 19972602 ns, Total: 20140478 ns
[2020-09-11T15:56:24.669+0000][1][safepoint    ] Safepoint "Cleanup", Time since last: 1003739825 ns, Reaching safepoint: 155947 ns, At safepoint: 20233 ns, Total: 176180 ns
[2020-09-11T15:56:25.670+0000][1][safepoint    ] Safepoint "Cleanup", Time since last: 1000223023 ns, Reaching safepoint: 111209 ns, At safepoint: 8008 ns, Total: 119217 ns
[2020-09-11T15:56:26.670+0000][1][safepoint    ] Safepoint "Cleanup", Time since last: 1000174567 ns, Reaching safepoint: 100643 ns, At safepoint: 7608 ns, Total: 108251 ns
[2020-09-11T15:56:27.670+0000][1][safepoint    ] Safepoint "Cleanup", Time since last: 1000137310 ns, Reaching safepoint: 136476 ns, At safepoint: 16127 ns, Total: 152603 ns
[2020-09-11T15:56:28.671+0000][1][safepoint    ] Safepoint "Cleanup", Time since last: 1000216504 ns, Reaching safepoint: 154512 ns, At safepoint: 18940 ns, Total: 173452 ns
[2020-09-11T15:56:29.671+0000][1][safepoint    ] Safepoint "Cleanup", Time since last: 1000220058 ns, Reaching safepoint: 148654 ns, At safepoint: 17130 ns, Total: 165784 ns
[2020-09-11T15:56:30.671+0000][1][safepoint    ] Safepoint "Cleanup", Time since last: 1000200316 ns, Reaching safepoint: 141361 ns, At safepoint: 19779 ns, Total: 161140 ns
[2020-09-11T15:56:31.672+0000][1][safepoint    ] Safepoint "Cleanup", Time since last: 1000178444 ns, Reaching safepoint: 133085 ns, At safepoint: 6632 ns, Total: 139717 ns
[2020-09-11T15:56:32.672+0000][1][safepoint    ] Safepoint "Cleanup", Time since last: 1000175056 ns, Reaching safepoint: 143419 ns, At safepoint: 20564 ns, Total: 163983 ns
[2020-09-11T15:56:33.672+0000][1][safepoint    ] Safepoint "Cleanup", Time since last: 1000157130 ns, Reaching safepoint: 71615 ns, At safepoint: 7502 ns, Total: 79117 ns
[2020-09-11T15:56:34.673+0000][1][safepoint    ] Safepoint "Cleanup", Time since last: 1000168306 ns, Reaching safepoint: 170602 ns, At safepoint: 21218 ns, Total: 191820 ns
[2020-09-11T15:56:35.673+0000][1][safepoint    ] Safepoint "Cleanup", Time since last: 1000342744 ns, Reaching safepoint: 102485 ns, At safepoint: 8510 ns, Total: 110995 ns
[2020-09-11T15:56:36.673+0000][1][safepoint    ] Safepoint "Cleanup", Time since last: 1000188674 ns, Reaching safepoint: 109563 ns, At safepoint: 8684 ns, Total: 118247 ns
[2020-09-11T15:56:37.674+0000][1][safepoint    ] Safepoint "Cleanup", Time since last: 1000193001 ns, Reaching safepoint: 156051 ns, At safepoint: 19775 ns, Total: 175826 ns
[2020-09-11T15:56:38.674+0000][1][safepoint    ] Safepoint "Cleanup", Time since last: 1000254086 ns, Reaching safepoint: 139434 ns, At safepoint: 18786 ns, Total: 158220 ns
[2020-09-11T15:56:39.674+0000][1][safepoint    ] Safepoint "Cleanup", Time since last: 1000238443 ns, Reaching safepoint: 101992 ns, At safepoint: 8441 ns, Total: 110433 ns
[2020-09-11T15:56:40.728+0000][1][safepoint    ] Safepoint "Cleanup", Time since last: 1053615582 ns, Reaching safepoint: 153662 ns, At safepoint: 20046 ns, Total: 173708 ns
[2020-09-11T15:56:41.729+0000][1][safepoint    ] Safepoint "Cleanup", Time since last: 1000164839 ns, Reaching safepoint: 80035 ns, At safepoint: 8793 ns, Total: 88828 ns
[2020-09-11T15:56:42.729+0000][1][safepoint    ] Safepoint "Cleanup", Time since last: 1000180312 ns, Reaching safepoint: 208692 ns, At safepoint: 18462 ns, Total: 227154 ns
[2020-09-11T15:56:43.729+0000][1][safepoint    ] Safepoint "Cleanup", Time since last: 1000189953 ns, Reaching safepoint: 81472 ns, At safepoint: 9087 ns, Total: 90559 ns
[2020-09-11T15:56:44.730+0000][1][safepoint    ] Safepoint "Cleanup", Time since last: 1000195046 ns, Reaching safepoint: 108662 ns, At safepoint: 9290 ns, Total: 117952 ns
[2020-09-11T15:56:45.730+0000][1][safepoint    ] Safepoint "Cleanup", Time since last: 1000141238 ns, Reaching safepoint: 120041 ns, At safepoint: 9032 ns, Total: 129073 ns
[2020-09-11T15:56:46.730+0000][1][safepoint    ] Safepoint "Cleanup", Time since last: 1000198197 ns, Reaching safepoint: 167230 ns, At safepoint: 19792 ns, Total: 187022 ns
[2020-09-11T15:56:47.730+0000][1][safepoint    ] Safepoint "Cleanup", Time since last: 1000220710 ns, Reaching safepoint: 110804 ns, At safepoint: 7629 ns, Total: 118433 ns
[2020-09-11T15:56:48.731+0000][1][safepoint    ] Safepoint "Cleanup", Time since last: 1000170696 ns, Reaching safepoint: 107797 ns, At safepoint: 7185 ns, Total: 114982 ns
[2020-09-11T15:56:49.731+0000][1][safepoint    ] Safepoint "Cleanup", Time since last: 1000179264 ns, Reaching safepoint: 162717 ns, At safepoint: 21703 ns, Total: 184420 ns
[2020-09-11T15:56:50.732+0000][1][safepoint    ] Safepoint "Cleanup", Time since last: 1000240931 ns, Reaching safepoint: 110785 ns, At safepoint: 9682 ns, Total: 120467 ns
[2020-09-11T15:56:51.732+0000][1][safepoint    ] Safepoint "Cleanup", Time since last: 1000187743 ns, Reaching safepoint: 139580 ns, At safepoint: 20665 ns, Total: 160245 ns
[2020-09-11T15:56:52.732+0000][1][safepoint    ] Safepoint "Cleanup", Time since last: 1000219620 ns, Reaching safepoint: 191663 ns, At safepoint: 21038 ns, Total: 212701 ns
[2020-09-11T15:56:53.734+0000][1][safepoint    ] Safepoint "Cleanup", Time since last: 1001175855 ns, Reaching safepoint: 87190 ns, At safepoint: 8650 ns, Total: 95840 ns
[2020-09-11T15:56:54.734+0000][1][safepoint    ] Safepoint "Cleanup", Time since last: 1000135595 ns, Reaching safepoint: 120718 ns, At safepoint: 7021 ns, Total: 127739 ns
[2020-09-11T15:56:55.734+0000][1][safepoint    ] Safepoint "Cleanup", Time since last: 1000139545 ns, Reaching safepoint: 119026 ns, At safepoint: 7013 ns, Total: 126039 ns
[2020-09-11T15:56:56.734+0000][1][safepoint    ] Safepoint "Cleanup", Time since last: 1000131544 ns, Reaching safepoint: 139731 ns, At safepoint: 17396 ns, Total: 157127 ns
[2020-09-11T15:56:57.735+0000][1][safepoint    ] Safepoint "Cleanup", Time since last: 1000251386 ns, Reaching safepoint: 143172 ns, At safepoint: 19267 ns, Total: 162439 ns
[2020-09-11T15:56:58.735+0000][1][safepoint    ] Safepoint "Cleanup", Time since last: 1000197652 ns, Reaching safepoint: 74084 ns, At safepoint: 9503 ns, Total: 83587 ns
[2020-09-11T15:56:59.735+0000][1][safepoint    ] Safepoint "Cleanup", Time since last: 1000151267 ns, Reaching safepoint: 108085 ns, At safepoint: 8425 ns, Total: 116510 ns
[2020-09-11T15:57:00.736+0000][1][safepoint    ] Safepoint "Cleanup", Time since last: 1000152438 ns, Reaching safepoint: 110671 ns, At safepoint: 8592 ns, Total: 119263 ns
[2020-09-11T15:57:01.736+0000][1][safepoint    ] Safepoint "Cleanup", Time since last: 1000170539 ns, Reaching safepoint: 100485 ns, At safepoint: 8815 ns, Total: 109300 ns
[2020-09-11T15:57:02.736+0000][1][safepoint    ] Safepoint "Cleanup", Time since last: 1000133677 ns, Reaching safepoint: 109992 ns, At safepoint: 6853 ns, Total: 116845 ns
[2020-09-11T15:57:03.736+0000][1][safepoint    ] Safepoint "Cleanup", Time since last: 1000170758 ns, Reaching safepoint: 70973 ns, At safepoint: 39536 ns, Total: 110509 ns
[2020-09-11T15:57:04.737+0000][1][safepoint    ] Safepoint "Cleanup", Time since last: 1000161962 ns, Reaching safepoint: 119803 ns, At safepoint: 5408 ns, Total: 125211 ns
[2020-09-11T15:57:05.737+0000][1][safepoint    ] Safepoint "Cleanup", Time since last: 1000212042 ns, Reaching safepoint: 79043 ns, At safepoint: 8756 ns, Total: 87799 ns
[2020-09-11T15:57:06.737+0000][1][safepoint    ] Safepoint "Cleanup", Time since last: 1000133444 ns, Reaching safepoint: 119314 ns, At safepoint: 7207 ns, Total: 126521 ns
[2020-09-11T15:57:07.738+0000][1][safepoint    ] Safepoint "Cleanup", Time since last: 1000144918 ns, Reaching safepoint: 127485 ns, At safepoint: 17023 ns, Total: 144508 ns
[2020-09-11T15:57:08.738+0000][1][safepoint    ] Safepoint "Cleanup", Time since last: 1000160880 ns, Reaching safepoint: 113702 ns, At safepoint: 6950 ns, Total: 120652 ns
[2020-09-11T15:57:09.738+0000][1][safepoint    ] Safepoint "Cleanup", Time since last: 1000149242 ns, Reaching safepoint: 96964 ns, At safepoint: 6810 ns, Total: 103774 ns
[2020-09-11T15:57:10.738+0000][1][safepoint    ] Safepoint "Cleanup", Time since last: 1000117422 ns, Reaching safepoint: 137201 ns, At safepoint: 5831 ns, Total: 143032 ns
[2020-09-11T15:57:11.739+0000][1][safepoint    ] Safepoint "Cleanup", Time since last: 1000112419 ns, Reaching safepoint: 130418 ns, At safepoint: 6523 ns, Total: 136941 ns
[2020-09-11T15:57:12.739+0000][1][safepoint    ] Safepoint "Cleanup", Time since last: 1000120740 ns, Reaching safepoint: 111308 ns, At safepoint: 8239 ns, Total: 119547 ns
[2020-09-11T15:57:13.740+0000][1][safepoint    ] Safepoint "Cleanup", Time since last: 1001167496 ns, Reaching safepoint: 103884 ns, At safepoint: 10712 ns, Total: 114596 ns
[2020-09-11T15:57:14.740+0000][1][safepoint    ] Safepoint "Cleanup", Time since last: 1000138800 ns, Reaching safepoint: 137130 ns, At safepoint: 9254 ns, Total: 146384 ns
[2020-09-11T15:57:15.741+0000][1][safepoint    ] Safepoint "Cleanup", Time since last: 1000147748 ns, Reaching safepoint: 122114 ns, At safepoint: 8089 ns, Total: 130203 ns
[2020-09-11T15:57:16.741+0000][1][safepoint    ] Safepoint "Cleanup", Time since last: 1000080231 ns, Reaching safepoint: 211695 ns, At safepoint: 10557 ns, Total: 222252 ns
[2020-09-11T15:57:17.741+0000][1][safepoint    ] Safepoint "Cleanup", Time since last: 1000140891 ns, Reaching safepoint: 153198 ns, At safepoint: 18793 ns, Total: 171991 ns
[2020-09-11T15:57:18.742+0000][1][safepoint    ] Safepoint "Cleanup", Time since last: 1000275540 ns, Reaching safepoint: 81165 ns, At safepoint: 8205 ns, Total: 89370 ns
[2020-09-11T15:57:19.742+0000][1][safepoint    ] Safepoint "Cleanup", Time since last: 1000147806 ns, Reaching safepoint: 143271 ns, At safepoint: 20778 ns, Total: 164049 ns
[2020-09-11T15:57:20.742+0000][1][safepoint    ] Safepoint "Cleanup", Time since last: 1000201524 ns, Reaching safepoint: 124358 ns, At safepoint: 9518 ns, Total: 133876 ns
[2020-09-11T15:57:21.743+0000][1][safepoint    ] Safepoint "Cleanup", Time since last: 1000155289 ns, Reaching safepoint: 110487 ns, At safepoint: 8892 ns, Total: 119379 ns
[2020-09-11T15:57:22.743+0000][1][safepoint    ] Safepoint "Cleanup", Time since last: 1000165914 ns, Reaching safepoint: 173829 ns, At safepoint: 21349 ns, Total: 195178 ns
[2020-09-11T15:57:23.743+0000][1][safepoint    ] Safepoint "Cleanup", Time since last: 1000148445 ns, Reaching safepoint: 71656 ns, At safepoint: 6305 ns, Total: 77961 ns
[2020-09-11T15:57:23.813+0000][1][gc,start     ] GC(72) Pause Young (Allocation Failure)
[2020-09-11T15:57:23.813+0000][1][gc,task      ] GC(72) Using 1 workers of 1 for evacuation
[2020-09-11T15:57:23.832+0000][1][gc,age       ] GC(72) Desired survivor size 4358144 bytes, new threshold 6 (max threshold 6)
[2020-09-11T15:57:23.832+0000][1][gc,age       ] GC(72) Age table with threshold 6 (max threshold 6)
[2020-09-11T15:57:23.832+0000][1][gc,age       ] GC(72) - age   1:      82016 bytes,      82016 total
[2020-09-11T15:57:23.832+0000][1][gc,age       ] GC(72) - age   2:      32304 bytes,     114320 total
[2020-09-11T15:57:23.832+0000][1][gc,age       ] GC(72) - age   3:      14680 bytes,     129000 total
[2020-09-11T15:57:23.832+0000][1][gc,age       ] GC(72) - age   4:    2323960 bytes,    2452960 total
[2020-09-11T15:57:23.832+0000][1][gc,age       ] GC(72) - age   5:    1365208 bytes,    3818168 total
[2020-09-11T15:57:23.832+0000][1][gc,heap      ] GC(72) ParNew: 72315K->3824K(76672K)
[2020-09-11T15:57:23.832+0000][1][gc,heap      ] GC(72) CMS: 102662K->102662K(2011968K)
[2020-09-11T15:57:23.832+0000][1][gc,metaspace ] GC(72) Metaspace: 89262K->89262K(1130496K)
[2020-09-11T15:57:23.832+0000][1][gc           ] GC(72) Pause Young (Allocation Failure) 170M->103M(2039M) 18.401ms
[2020-09-11T15:57:23.832+0000][1][gc,cpu       ] GC(72) User=0.02s Sys=0.00s Real=0.01s
[2020-09-11T15:57:23.832+0000][1][safepoint    ] Safepoint "GenCollectForAllocation", Time since last: 69555810 ns, Reaching safepoint: 513203 ns, At safepoint: 18467138 ns, Total: 18980341 ns
[2020-09-11T15:57:24.852+0000][1][safepoint    ] Safepoint "Cleanup", Time since last: 1020271254 ns, Reaching safepoint: 104271 ns, At safepoint: 9111 ns, Total: 113382 ns
[2020-09-11T15:57:25.852+0000][1][safepoint    ] Safepoint "Cleanup", Time since last: 1000133268 ns, Reaching safepoint: 149289 ns, At safepoint: 16695 ns, Total: 165984 ns
[2020-09-11T15:57:26.853+0000][1][safepoint    ] Safepoint "Cleanup", Time since last: 1000148177 ns, Reaching safepoint: 155662 ns, At safepoint: 7185 ns, Total: 162847 ns
[2020-09-11T15:57:27.853+0000][1][safepoint    ] Safepoint "Cleanup", Time since last: 1000214128 ns, Reaching safepoint: 93244 ns, At safepoint: 6483 ns, Total: 99727 ns
[2020-09-11T15:57:28.853+0000][1][safepoint    ] Safepoint "Cleanup", Time since last: 1000160669 ns, Reaching safepoint: 146235 ns, At safepoint: 20106 ns, Total: 166341 ns
[2020-09-11T15:57:29.854+0000][1][safepoint    ] Safepoint "Cleanup", Time since last: 1000235156 ns, Reaching safepoint: 150294 ns, At safepoint: 18109 ns, Total: 168403 ns
[2020-09-11T15:57:30.854+0000][1][safepoint    ] Safepoint "Cleanup", Time since last: 1000211870 ns, Reaching safepoint: 135811 ns, At safepoint: 18306 ns, Total: 154117 ns
[2020-09-11T15:57:31.854+0000][1][safepoint    ] Safepoint "Cleanup", Time since last: 1000138310 ns, Reaching safepoint: 81119 ns, At safepoint: 9984 ns, Total: 91103 ns
[2020-09-11T15:57:32.866+0000][1][safepoint    ] Safepoint "Cleanup", Time since last: 1011087021 ns, Reaching safepoint: 89608 ns, At safepoint: 9462 ns, Total: 99070 ns
[2020-09-11T15:57:33.866+0000][1][safepoint    ] Safepoint "Cleanup", Time since last: 1000127812 ns, Reaching safepoint: 69233 ns, At safepoint: 6319 ns, Total: 75552 ns
[2020-09-11T15:57:34.866+0000][1][safepoint    ] Safepoint "Cleanup", Time since last: 1000147866 ns, Reaching safepoint: 165226 ns, At safepoint: 17306 ns, Total: 182532 ns
[2020-09-11T15:57:35.866+0000][1][safepoint    ] Safepoint "Cleanup", Time since last: 1000218552 ns, Reaching safepoint: 104358 ns, At safepoint: 8714 ns, Total: 113072 ns
[2020-09-11T15:57:36.867+0000][1][safepoint    ] Safepoint "Cleanup", Time since last: 1000216216 ns, Reaching safepoint: 108418 ns, At safepoint: 7473 ns, Total: 115891 ns
[2020-09-11T15:57:37.867+0000][1][safepoint    ] Safepoint "Cleanup", Time since last: 1000142041 ns, Reaching safepoint: 141666 ns, At safepoint: 8011 ns, Total: 149677 ns
[2020-09-11T15:57:38.867+0000][1][safepoint    ] Safepoint "Cleanup", Time since last: 1000155471 ns, Reaching safepoint: 126817 ns, At safepoint: 8511 ns, Total: 135328 ns
[2020-09-11T15:57:39.868+0000][1][safepoint    ] Safepoint "Cleanup", Time since last: 1000176555 ns, Reaching safepoint: 136653 ns, At safepoint: 19325 ns, Total: 155978 ns
[2020-09-11T15:57:40.870+0000][1][safepoint    ] Safepoint "Cleanup", Time since last: 1002119760 ns, Reaching safepoint: 86131 ns, At safepoint: 10733 ns, Total: 96864 ns
[2020-09-11T15:57:41.870+0000][1][safepoint    ] Safepoint "Cleanup", Time since last: 1000189535 ns, Reaching safepoint: 93070 ns, At safepoint: 9661 ns, Total: 102731 ns
[2020-09-11T15:57:42.870+0000][1][safepoint    ] Safepoint "Cleanup", Time since last: 1000137443 ns, Reaching safepoint: 138267 ns, At safepoint: 19989 ns, Total: 158256 ns
[2020-09-11T15:57:43.871+0000][1][safepoint    ] Safepoint "Cleanup", Time since last: 1000171700 ns, Reaching safepoint: 194917 ns, At safepoint: 12251 ns, Total: 207168 ns
[2020-09-11T15:57:44.871+0000][1][safepoint    ] Safepoint "Cleanup", Time since last: 1000230681 ns, Reaching safepoint: 79668 ns, At safepoint: 7151 ns, Total: 86819 ns
[2020-09-11T15:57:45.871+0000][1][safepoint    ] Safepoint "Cleanup", Time since last: 1000192431 ns, Reaching safepoint: 93765 ns, At safepoint: 7822 ns, Total: 101587 ns
[2020-09-11T15:57:46.872+0000][1][safepoint    ] Safepoint "Cleanup", Time since last: 1000151948 ns, Reaching safepoint: 122852 ns, At safepoint: 17667 ns, Total: 140519 ns
[2020-09-11T15:57:47.872+0000][1][safepoint    ] Safepoint "Cleanup", Time since last: 1000197587 ns, Reaching safepoint: 93751 ns, At safepoint: 5885 ns, Total: 99636 ns
[2020-09-11T15:57:48.872+0000][1][safepoint    ] Safepoint "Cleanup", Time since last: 1000166695 ns, Reaching safepoint: 127586 ns, At safepoint: 17447 ns, Total: 145033 ns
[2020-09-11T15:57:49.873+0000][1][safepoint    ] Safepoint "Cleanup", Time since last: 1000188920 ns, Reaching safepoint: 97970 ns, At safepoint: 7252 ns, Total: 105222 ns
[2020-09-11T15:57:50.873+0000][1][safepoint    ] Safepoint "Cleanup", Time since last: 1000179872 ns, Reaching safepoint: 89249 ns, At safepoint: 7775 ns, Total: 97024 ns
[2020-09-11T15:57:51.873+0000][1][safepoint    ] Safepoint "Cleanup", Time since last: 1000131792 ns, Reaching safepoint: 139310 ns, At safepoint: 9740 ns, Total: 149050 ns
[2020-09-11T15:57:52.873+0000][1][safepoint    ] Safepoint "Cleanup", Time since last: 1000133972 ns, Reaching safepoint: 118137 ns, At safepoint: 9107 ns, Total: 127244 ns
[2020-09-11T15:57:53.874+0000][1][safepoint    ] Safepoint "Cleanup", Time since last: 1000122248 ns, Reaching safepoint: 88905 ns, At safepoint: 7960 ns, Total: 96865 ns
[2020-09-11T15:57:54.874+0000][1][safepoint    ] Safepoint "Cleanup", Time since last: 1000185927 ns, Reaching safepoint: 148558 ns, At safepoint: 16932 ns, Total: 165490 ns
[2020-09-11T15:57:55.874+0000][1][safepoint    ] Safepoint "Cleanup", Time since last: 1000207578 ns, Reaching safepoint: 92846 ns, At safepoint: 8354 ns, Total: 101200 ns
[2020-09-11T15:57:56.875+0000][1][safepoint    ] Safepoint "Cleanup", Time since last: 1000106698 ns, Reaching safepoint: 71530 ns, At safepoint: 7733 ns, Total: 79263 ns
[2020-09-11T15:57:57.875+0000][1][safepoint    ] Safepoint "Cleanup", Time since last: 1000173584 ns, Reaching safepoint: 106930 ns, At safepoint: 8874 ns, Total: 115804 ns
[2020-09-11T15:57:58.875+0000][1][safepoint    ] Safepoint "Cleanup", Time since last: 1000176990 ns, Reaching safepoint: 103861 ns, At safepoint: 9196 ns, Total: 113057 ns
[2020-09-11T15:57:59.875+0000][1][safepoint    ] Safepoint "Cleanup", Time since last: 1000174700 ns, Reaching safepoint: 151040 ns, At safepoint: 19925 ns, Total: 170965 ns
[2020-09-11T15:58:00.876+0000][1][safepoint    ] Safepoint "Cleanup", Time since last: 1000236833 ns, Reaching safepoint: 136506 ns, At safepoint: 20494 ns, Total: 157000 ns
[2020-09-11T15:58:01.876+0000][1][safepoint    ] Safepoint "Cleanup", Time since last: 1000279884 ns, Reaching safepoint: 123489 ns, At safepoint: 14726 ns, Total: 138215 ns
[2020-09-11T15:58:02.877+0000][1][safepoint    ] Safepoint "Cleanup", Time since last: 1000212516 ns, Reaching safepoint: 134656 ns, At safepoint: 17690 ns, Total: 152346 ns
[2020-09-11T15:58:03.877+0000][1][safepoint    ] Safepoint "Cleanup", Time since last: 1000149885 ns, Reaching safepoint: 87795 ns, At safepoint: 7347 ns, Total: 95142 ns
[2020-09-11T15:58:04.877+0000][1][safepoint    ] Safepoint "Cleanup", Time since last: 1000142307 ns, Reaching safepoint: 147889 ns, At safepoint: 18379 ns, Total: 166268 ns
[2020-09-11T15:58:05.878+0000][1][safepoint    ] Safepoint "Cleanup", Time since last: 1000214809 ns, Reaching safepoint: 102843 ns, At safepoint: 7527 ns, Total: 110370 ns
[2020-09-11T15:58:06.878+0000][1][safepoint    ] Safepoint "Cleanup", Time since last: 1000182128 ns, Reaching safepoint: 71792 ns, At safepoint: 6826 ns, Total: 78618 ns
[2020-09-11T15:58:07.878+0000][1][safepoint    ] Safepoint "Cleanup", Time since last: 1000158125 ns, Reaching safepoint: 103727 ns, At safepoint: 5973 ns, Total: 109700 ns
[2020-09-11T15:58:08.878+0000][1][safepoint    ] Safepoint "Cleanup", Time since last: 1000121967 ns, Reaching safepoint: 104032 ns, At safepoint: 7216 ns, Total: 111248 ns
[2020-09-11T15:58:09.879+0000][1][safepoint    ] Safepoint "Cleanup", Time since last: 1000186452 ns, Reaching safepoint: 95141 ns, At safepoint: 7917 ns, Total: 103058 ns
[2020-09-11T15:58:10.881+0000][1][safepoint    ] Safepoint "Cleanup", Time since last: 1001797356 ns, Reaching safepoint: 137125 ns, At safepoint: 19150 ns, Total: 156275 ns
[2020-09-11T15:58:11.881+0000][1][safepoint    ] Safepoint "Cleanup", Time since last: 1000198224 ns, Reaching safepoint: 137695 ns, At safepoint: 8407 ns, Total: 146102 ns
[2020-09-11T15:58:12.881+0000][1][safepoint    ] Safepoint "Cleanup", Time since last: 1000129479 ns, Reaching safepoint: 105407 ns, At safepoint: 7259 ns, Total: 112666 ns
[2020-09-11T15:58:13.881+0000][1][safepoint    ] Safepoint "Cleanup", Time since last: 1000136370 ns, Reaching safepoint: 143810 ns, At safepoint: 16712 ns, Total: 160522 ns
[2020-09-11T15:58:14.882+0000][1][safepoint    ] Safepoint "Cleanup", Time since last: 1000212566 ns, Reaching safepoint: 108619 ns, At safepoint: 9774 ns, Total: 118393 ns
[2020-09-11T15:58:15.882+0000][1][safepoint    ] Safepoint "Cleanup", Time since last: 1000185839 ns, Reaching safepoint: 89607 ns, At safepoint: 7845 ns, Total: 97452 ns
[2020-09-11T15:58:16.882+0000][1][safepoint    ] Safepoint "Cleanup", Time since last: 1000157734 ns, Reaching safepoint: 100231 ns, At safepoint: 9241 ns, Total: 109472 ns
[2020-09-11T15:58:17.883+0000][1][safepoint    ] Safepoint "Cleanup", Time since last: 1000142432 ns, Reaching safepoint: 107060 ns, At safepoint: 9220 ns, Total: 116280 ns
[2020-09-11T15:58:18.883+0000][1][safepoint    ] Safepoint "Cleanup", Time since last: 1000132961 ns, Reaching safepoint: 123112 ns, At safepoint: 15603 ns, Total: 138715 ns
[2020-09-11T15:58:19.883+0000][1][safepoint    ] Safepoint "Cleanup", Time since last: 1000195529 ns, Reaching safepoint: 104215 ns, At safepoint: 8887 ns, Total: 113102 ns
[2020-09-11T15:58:20.883+0000][1][safepoint    ] Safepoint "Cleanup", Time since last: 1000195519 ns, Reaching safepoint: 105288 ns, At safepoint: 8393 ns, Total: 113681 ns
[2020-09-11T15:58:21.884+0000][1][safepoint    ] Safepoint "Cleanup", Time since last: 1000146602 ns, Reaching safepoint: 132138 ns, At safepoint: 8036 ns, Total: 140174 ns
[2020-09-11T15:58:22.884+0000][1][safepoint    ] Safepoint "Cleanup", Time since last: 1000135951 ns, Reaching safepoint: 135407 ns, At safepoint: 17367 ns, Total: 152774 ns
[2020-09-11T15:58:23.884+0000][1][safepoint    ] Safepoint "Cleanup", Time since last: 1000187566 ns, Reaching safepoint: 149289 ns, At safepoint: 16197 ns, Total: 165486 ns
[2020-09-11T15:58:24.355+0000][1][gc,start     ] GC(73) Pause Young (Allocation Failure)
[2020-09-11T15:58:24.355+0000][1][gc,task      ] GC(73) Using 1 workers of 1 for evacuation
[2020-09-11T15:58:24.376+0000][1][gc,age       ] GC(73) Desired survivor size 4358144 bytes, new threshold 6 (max threshold 6)
[2020-09-11T15:58:24.376+0000][1][gc,age       ] GC(73) Age table with threshold 6 (max threshold 6)
[2020-09-11T15:58:24.376+0000][1][gc,age       ] GC(73) - age   1:      79648 bytes,      79648 total
[2020-09-11T15:58:24.376+0000][1][gc,age       ] GC(73) - age   2:      27808 bytes,     107456 total
[2020-09-11T15:58:24.376+0000][1][gc,age       ] GC(73) - age   3:      26968 bytes,     134424 total
[2020-09-11T15:58:24.376+0000][1][gc,age       ] GC(73) - age   4:      12200 bytes,     146624 total
[2020-09-11T15:58:24.376+0000][1][gc,age       ] GC(73) - age   5:    2323960 bytes,    2470584 total
[2020-09-11T15:58:24.376+0000][1][gc,age       ] GC(73) - age   6:    1363968 bytes,    3834552 total
[2020-09-11T15:58:24.376+0000][1][gc,heap      ] GC(73) ParNew: 71984K->3752K(76672K)
[2020-09-11T15:58:24.376+0000][1][gc,heap      ] GC(73) CMS: 102662K->102662K(2011968K)
[2020-09-11T15:58:24.376+0000][1][gc,metaspace ] GC(73) Metaspace: 89429K->89429K(1132544K)
[2020-09-11T15:58:24.376+0000][1][gc           ] GC(73) Pause Young (Allocation Failure) 170M->103M(2039M) 21.096ms
[2020-09-11T15:58:24.376+0000][1][gc,cpu       ] GC(73) User=0.02s Sys=0.00s Real=0.02s
[2020-09-11T15:58:24.376+0000][1][safepoint    ] Safepoint "GenCollectForAllocation", Time since last: 469924144 ns, Reaching safepoint: 299464 ns, At safepoint: 21184744 ns, Total: 21484208 ns
[2020-09-11T15:58:25.379+0000][1][safepoint    ] Safepoint "Cleanup", Time since last: 1003501898 ns, Reaching safepoint: 99626 ns, At safepoint: 8234 ns, Total: 107860 ns
[2020-09-11T15:58:26.380+0000][1][safepoint    ] Safepoint "Cleanup", Time since last: 1000150642 ns, Reaching safepoint: 144719 ns, At safepoint: 18028 ns, Total: 162747 ns
[2020-09-11T15:58:27.380+0000][1][safepoint    ] Safepoint "Cleanup", Time since last: 1000175173 ns, Reaching safepoint: 138167 ns, At safepoint: 21145 ns, Total: 159312 ns
[2020-09-11T15:58:28.380+0000][1][safepoint    ] Safepoint "Cleanup", Time since last: 1000171210 ns, Reaching safepoint: 123279 ns, At safepoint: 15435 ns, Total: 138714 ns
[2020-09-11T15:58:29.381+0000][1][safepoint    ] Safepoint "Cleanup", Time since last: 1000170472 ns, Reaching safepoint: 112888 ns, At safepoint: 7962 ns, Total: 120850 ns
[2020-09-11T15:58:30.381+0000][1][safepoint    ] Safepoint "Cleanup", Time since last: 1000189381 ns, Reaching safepoint: 84581 ns, At safepoint: 5915 ns, Total: 90496 ns
[2020-09-11T15:58:31.381+0000][1][safepoint    ] Safepoint "Cleanup", Time since last: 1000168183 ns, Reaching safepoint: 92800 ns, At safepoint: 7788 ns, Total: 100588 ns
[2020-09-11T15:58:32.381+0000][1][safepoint    ] Safepoint "Cleanup", Time since last: 1000162522 ns, Reaching safepoint: 107206 ns, At safepoint: 8384 ns, Total: 115590 ns
[2020-09-11T15:58:33.102+0000][1][safepoint    ] Safepoint "RevokeBias", Time since last: 720447911 ns, Reaching safepoint: 193292 ns, At safepoint: 219297 ns, Total: 412589 ns
[2020-09-11T15:58:33.103+0000][1][safepoint    ] Safepoint "RevokeBias", Time since last: 410523 ns, Reaching safepoint: 179225 ns, At safepoint: 34357 ns, Total: 213582 ns
[2020-09-11T15:58:34.103+0000][1][safepoint    ] Safepoint "Cleanup", Time since last: 1000157142 ns, Reaching safepoint: 111457 ns, At safepoint: 10550 ns, Total: 122007 ns
[2020-09-11T15:58:35.104+0000][1][safepoint    ] Safepoint "Cleanup", Time since last: 1000197221 ns, Reaching safepoint: 152623 ns, At safepoint: 21754 ns, Total: 174377 ns
[2020-09-11T15:58:36.104+0000][1][safepoint    ] Safepoint "Cleanup", Time since last: 1000222072 ns, Reaching safepoint: 140432 ns, At safepoint: 20430 ns, Total: 160862 ns
[2020-09-11T15:58:37.104+0000][1][safepoint    ] Safepoint "Cleanup", Time since last: 1000156191 ns, Reaching safepoint: 78736 ns, At safepoint: 9956 ns, Total: 88692 ns
[2020-09-11T15:58:38.105+0000][1][safepoint    ] Safepoint "Cleanup", Time since last: 1000209773 ns, Reaching safepoint: 103824 ns, At safepoint: 10044 ns, Total: 113868 ns
[2020-09-11T15:58:38.109+0000][1][safepoint    ] Safepoint "RevokeBias", Time since last: 4744551 ns, Reaching safepoint: 192642 ns, At safepoint: 27275 ns, Total: 219917 ns
[2020-09-11T15:58:38.110+0000][1][safepoint    ] Safepoint "RevokeBias", Time since last: 229954 ns, Reaching safepoint: 158965 ns, At safepoint: 18421 ns, Total: 177386 ns
[2020-09-11T15:58:38.110+0000][1][safepoint    ] Safepoint "RevokeBias", Time since last: 205183 ns, Reaching safepoint: 172537 ns, At safepoint: 16480 ns, Total: 189017 ns
[2020-09-11T15:58:38.111+0000][1][safepoint    ] Safepoint "RevokeBias", Time since last: 144720 ns, Reaching safepoint: 175020 ns, At safepoint: 16540 ns, Total: 191560 ns
[2020-09-11T15:58:39.111+0000][1][safepoint    ] Safepoint "Cleanup", Time since last: 1000149260 ns, Reaching safepoint: 109528 ns, At safepoint: 9905 ns, Total: 119433 ns
[2020-09-11T15:58:40.111+0000][1][safepoint    ] Safepoint "Cleanup", Time since last: 1000190151 ns, Reaching safepoint: 106000 ns, At safepoint: 8737 ns, Total: 114737 ns
[2020-09-11T15:58:41.111+0000][1][safepoint    ] Safepoint "Cleanup", Time since last: 1000166606 ns, Reaching safepoint: 102889 ns, At safepoint: 9266 ns, Total: 112155 ns
[2020-09-11T15:58:42.112+0000][1][safepoint    ] Safepoint "Cleanup", Time since last: 1000156746 ns, Reaching safepoint: 139206 ns, At safepoint: 17804 ns, Total: 157010 ns
[2020-09-11T15:58:43.112+0000][1][safepoint    ] Safepoint "Cleanup", Time since last: 1000198712 ns, Reaching safepoint: 142337 ns, At safepoint: 20119 ns, Total: 162456 ns
[2020-09-11T15:58:44.113+0000][1][safepoint    ] Safepoint "Cleanup", Time since last: 1000264696 ns, Reaching safepoint: 94993 ns, At safepoint: 7886 ns, Total: 102879 ns
[2020-09-11T15:58:45.113+0000][1][safepoint    ] Safepoint "Cleanup", Time since last: 1000172776 ns, Reaching safepoint: 138323 ns, At safepoint: 8399 ns, Total: 146722 ns
[2020-09-11T15:58:46.113+0000][1][safepoint    ] Safepoint "Cleanup", Time since last: 1000200476 ns, Reaching safepoint: 146490 ns, At safepoint: 21937 ns, Total: 168427 ns
[2020-09-11T15:58:47.114+0000][1][safepoint    ] Safepoint "Cleanup", Time since last: 1000217297 ns, Reaching safepoint: 138568 ns, At safepoint: 20624 ns, Total: 159192 ns
[2020-09-11T15:58:48.114+0000][1][safepoint    ] Safepoint "Cleanup", Time since last: 1000735996 ns, Reaching safepoint: 134506 ns, At safepoint: 18980 ns, Total: 153486 ns
[2020-09-11T15:58:49.115+0000][1][safepoint    ] Safepoint "Cleanup", Time since last: 1000758574 ns, Reaching safepoint: 76664 ns, At safepoint: 8713 ns, Total: 85377 ns
[2020-09-11T15:58:50.116+0000][1][safepoint    ] Safepoint "Cleanup", Time since last: 1000674217 ns, Reaching safepoint: 72799 ns, At safepoint: 9419 ns, Total: 82218 ns
[2020-09-11T15:58:51.119+0000][1][safepoint    ] Safepoint "Cleanup", Time since last: 1000176360 ns, Reaching safepoint: 3115008 ns, At safepoint: 11882 ns, Total: 3126890 ns
[2020-09-11T15:58:52.120+0000][1][safepoint    ] Safepoint "Cleanup", Time since last: 1000231422 ns, Reaching safepoint: 137452 ns, At safepoint: 19575 ns, Total: 157027 ns
[2020-09-11T15:58:53.120+0000][1][safepoint    ] Safepoint "Cleanup", Time since last: 1000228190 ns, Reaching safepoint: 99568 ns, At safepoint: 9323 ns, Total: 108891 ns
[2020-09-11T15:58:54.120+0000][1][safepoint    ] Safepoint "Cleanup", Time since last: 1000134766 ns, Reaching safepoint: 154123 ns, At safepoint: 21008 ns, Total: 175131 ns
[2020-09-11T15:58:55.121+0000][1][safepoint    ] Safepoint "Cleanup", Time since last: 1000221358 ns, Reaching safepoint: 179338 ns, At safepoint: 19071 ns, Total: 198409 ns
[2020-09-11T15:58:56.121+0000][1][safepoint    ] Safepoint "Cleanup", Time since last: 1000206789 ns, Reaching safepoint: 138528 ns, At safepoint: 20277 ns, Total: 158805 ns
[2020-09-11T15:58:57.122+0000][1][safepoint    ] Safepoint "Cleanup", Time since last: 1000208043 ns, Reaching safepoint: 114107 ns, At safepoint: 9192 ns, Total: 123299 ns
[2020-09-11T15:58:58.122+0000][1][safepoint    ] Safepoint "Cleanup", Time since last: 1000147809 ns, Reaching safepoint: 140555 ns, At safepoint: 20684 ns, Total: 161239 ns
[2020-09-11T15:58:59.122+0000][1][safepoint    ] Safepoint "Cleanup", Time since last: 1000189757 ns, Reaching safepoint: 155673 ns, At safepoint: 19462 ns, Total: 175135 ns
[2020-09-11T15:59:00.123+0000][1][safepoint    ] Safepoint "Cleanup", Time since last: 1000219076 ns, Reaching safepoint: 146723 ns, At safepoint: 20504 ns, Total: 167227 ns
[2020-09-11T15:59:01.123+0000][1][safepoint    ] Safepoint "Cleanup", Time since last: 1000188348 ns, Reaching safepoint: 114397 ns, At safepoint: 8025 ns, Total: 122422 ns
[2020-09-11T15:59:02.123+0000][1][safepoint    ] Safepoint "Cleanup", Time since last: 1000174952 ns, Reaching safepoint: 99282 ns, At safepoint: 8940 ns, Total: 108222 ns
[2020-09-11T15:59:03.124+0000][1][safepoint    ] Safepoint "Cleanup", Time since last: 1000312382 ns, Reaching safepoint: 179736 ns, At safepoint: 8997 ns, Total: 188733 ns
[2020-09-11T15:59:04.124+0000][1][safepoint    ] Safepoint "Cleanup", Time since last: 1000197094 ns, Reaching safepoint: 110938 ns, At safepoint: 7765 ns, Total: 118703 ns
[2020-09-11T15:59:05.124+0000][1][safepoint    ] Safepoint "Cleanup", Time since last: 1000192815 ns, Reaching safepoint: 137849 ns, At safepoint: 20911 ns, Total: 158760 ns
[2020-09-11T15:59:06.125+0000][1][safepoint    ] Safepoint "Cleanup", Time since last: 1000263692 ns, Reaching safepoint: 111009 ns, At safepoint: 16968 ns, Total: 127977 ns
[2020-09-11T15:59:07.125+0000][1][safepoint    ] Safepoint "Cleanup", Time since last: 1000188101 ns, Reaching safepoint: 133710 ns, At safepoint: 18201 ns, Total: 151911 ns
[2020-09-11T15:59:08.125+0000][1][safepoint    ] Safepoint "Cleanup", Time since last: 1000189170 ns, Reaching safepoint: 114080 ns, At safepoint: 7828 ns, Total: 121908 ns
[2020-09-11T15:59:09.126+0000][1][safepoint    ] Safepoint "Cleanup", Time since last: 1000179361 ns, Reaching safepoint: 140211 ns, At safepoint: 20811 ns, Total: 161022 ns
[2020-09-11T15:59:10.126+0000][1][safepoint    ] Safepoint "Cleanup", Time since last: 1000227210 ns, Reaching safepoint: 96005 ns, At safepoint: 9124 ns, Total: 105129 ns
[2020-09-11T15:59:11.126+0000][1][safepoint    ] Safepoint "Cleanup", Time since last: 1000148593 ns, Reaching safepoint: 134208 ns, At safepoint: 19708 ns, Total: 153916 ns
[2020-09-11T15:59:12.127+0000][1][safepoint    ] Safepoint "Cleanup", Time since last: 1000180203 ns, Reaching safepoint: 136713 ns, At safepoint: 20554 ns, Total: 157267 ns
[2020-09-11T15:59:13.127+0000][1][safepoint    ] Safepoint "Cleanup", Time since last: 1000242466 ns, Reaching safepoint: 137729 ns, At safepoint: 20320 ns, Total: 158049 ns
[2020-09-11T15:59:14.127+0000][1][safepoint    ] Safepoint "Cleanup", Time since last: 1000183174 ns, Reaching safepoint: 164694 ns, At safepoint: 18960 ns, Total: 183654 ns
[2020-09-11T15:59:15.128+0000][1][safepoint    ] Safepoint "Cleanup", Time since last: 1000225472 ns, Reaching safepoint: 106898 ns, At safepoint: 9785 ns, Total: 116683 ns
[2020-09-11T15:59:16.128+0000][1][safepoint    ] Safepoint "Cleanup", Time since last: 1000185501 ns, Reaching safepoint: 98730 ns, At safepoint: 9973 ns, Total: 108703 ns
[2020-09-11T15:59:17.128+0000][1][safepoint    ] Safepoint "Cleanup", Time since last: 1000143440 ns, Reaching safepoint: 115466 ns, At safepoint: 8522 ns, Total: 123988 ns
[2020-09-11T15:59:18.129+0000][1][safepoint    ] Safepoint "Cleanup", Time since last: 1000172124 ns, Reaching safepoint: 107782 ns, At safepoint: 10389 ns, Total: 118171 ns
[2020-09-11T15:59:19.129+0000][1][safepoint    ] Safepoint "Cleanup", Time since last: 1000173096 ns, Reaching safepoint: 82897 ns, At safepoint: 8561 ns, Total: 91458 ns
[2020-09-11T15:59:20.129+0000][1][safepoint    ] Safepoint "Cleanup", Time since last: 1000141961 ns, Reaching safepoint: 112655 ns, At safepoint: 9271 ns, Total: 121926 ns
[2020-09-11T15:59:21.130+0000][1][safepoint    ] Safepoint "Cleanup", Time since last: 1000177674 ns, Reaching safepoint: 111052 ns, At safepoint: 9288 ns, Total: 120340 ns
[2020-09-11T15:59:22.130+0000][1][safepoint    ] Safepoint "Cleanup", Time since last: 1000210194 ns, Reaching safepoint: 105442 ns, At safepoint: 9221 ns, Total: 114663 ns
[2020-09-11T15:59:23.130+0000][1][safepoint    ] Safepoint "Cleanup", Time since last: 1000174196 ns, Reaching safepoint: 132076 ns, At safepoint: 19575 ns, Total: 151651 ns
[2020-09-11T15:59:23.646+0000][1][gc,start     ] GC(74) Pause Young (Allocation Failure)
[2020-09-11T15:59:23.646+0000][1][gc,task      ] GC(74) Using 1 workers of 1 for evacuation
[2020-09-11T15:59:23.670+0000][1][gc,age       ] GC(74) Desired survivor size 4358144 bytes, new threshold 6 (max threshold 6)
[2020-09-11T15:59:23.670+0000][1][gc,age       ] GC(74) Age table with threshold 6 (max threshold 6)
[2020-09-11T15:59:23.670+0000][1][gc,age       ] GC(74) - age   1:     105728 bytes,     105728 total
[2020-09-11T15:59:23.670+0000][1][gc,age       ] GC(74) - age   2:      12336 bytes,     118064 total
[2020-09-11T15:59:23.670+0000][1][gc,age       ] GC(74) - age   3:      22576 bytes,     140640 total
[2020-09-11T15:59:23.670+0000][1][gc,age       ] GC(74) - age   4:      25728 bytes,     166368 total
[2020-09-11T15:59:23.670+0000][1][gc,age       ] GC(74) - age   5:      12008 bytes,     178376 total
[2020-09-11T15:59:23.670+0000][1][gc,age       ] GC(74) - age   6:    2323840 bytes,    2502216 total
[2020-09-11T15:59:23.670+0000][1][gc,heap      ] GC(74) ParNew: 71912K->3746K(76672K)
[2020-09-11T15:59:23.671+0000][1][gc,heap      ] GC(74) CMS: 102662K->104021K(2011968K)
[2020-09-11T15:59:23.671+0000][1][gc,metaspace ] GC(74) Metaspace: 89620K->89620K(1132544K)
[2020-09-11T15:59:23.671+0000][1][gc           ] GC(74) Pause Young (Allocation Failure) 170M->105M(2039M) 24.871ms
[2020-09-11T15:59:23.671+0000][1][gc,cpu       ] GC(74) User=0.02s Sys=0.00s Real=0.02s
[2020-09-11T15:59:23.671+0000][1][safepoint    ] Safepoint "GenCollectForAllocation", Time since last: 515302085 ns, Reaching safepoint: 190420 ns, At safepoint: 25389339 ns, Total: 25579759 ns
[2020-09-11T15:59:24.677+0000][1][safepoint    ] Safepoint "Cleanup", Time since last: 1006046158 ns, Reaching safepoint: 115446 ns, At safepoint: 7448 ns, Total: 122894 ns
[2020-09-11T15:59:25.678+0000][1][safepoint    ] Safepoint "Cleanup", Time since last: 1000238724 ns, Reaching safepoint: 101671 ns, At safepoint: 8271 ns, Total: 109942 ns
[2020-09-11T15:59:26.678+0000][1][safepoint    ] Safepoint "Cleanup", Time since last: 1000162166 ns, Reaching safepoint: 133550 ns, At safepoint: 18152 ns, Total: 151702 ns
[2020-09-11T15:59:28.678+0000][1][safepoint    ] Safepoint "Cleanup", Time since last: 2000307231 ns, Reaching safepoint: 142239 ns, At safepoint: 19983 ns, Total: 162222 ns
[2020-09-11T15:59:33.679+0000][1][safepoint    ] Safepoint "Cleanup", Time since last: 5000626081 ns, Reaching safepoint: 80608 ns, At safepoint: 6264 ns, Total: 86872 ns
[2020-09-11T15:59:34.679+0000][1][safepoint    ] Safepoint "Cleanup", Time since last: 1000200022 ns, Reaching safepoint: 107180 ns, At safepoint: 8606 ns, Total: 115786 ns
[2020-09-11T15:59:35.680+0000][1][safepoint    ] Safepoint "Cleanup", Time since last: 1000181820 ns, Reaching safepoint: 98539 ns, At safepoint: 8853 ns, Total: 107392 ns
[2020-09-11T15:59:36.680+0000][1][safepoint    ] Safepoint "Cleanup", Time since last: 1000146062 ns, Reaching safepoint: 115650 ns, At safepoint: 9143 ns, Total: 124793 ns
[2020-09-11T15:59:37.680+0000][1][safepoint    ] Safepoint "Cleanup", Time since last: 1000200763 ns, Reaching safepoint: 97352 ns, At safepoint: 8221 ns, Total: 105573 ns
[2020-09-11T15:59:38.681+0000][1][safepoint    ] Safepoint "Cleanup", Time since last: 1000140844 ns, Reaching safepoint: 134137 ns, At safepoint: 18409 ns, Total: 152546 ns
[2020-09-11T15:59:39.681+0000][1][safepoint    ] Safepoint "Cleanup", Time since last: 1000249700 ns, Reaching safepoint: 127813 ns, At safepoint: 18055 ns, Total: 145868 ns
[2020-09-11T15:59:40.681+0000][1][safepoint    ] Safepoint "Cleanup", Time since last: 1000221625 ns, Reaching safepoint: 159389 ns, At safepoint: 16945 ns, Total: 176334 ns
[2020-09-11T15:59:41.682+0000][1][safepoint    ] Safepoint "Cleanup", Time since last: 1000238015 ns, Reaching safepoint: 99192 ns, At safepoint: 8950 ns, Total: 108142 ns
[2020-09-11T15:59:42.682+0000][1][safepoint    ] Safepoint "Cleanup", Time since last: 1000176814 ns, Reaching safepoint: 103995 ns, At safepoint: 9260 ns, Total: 113255 ns
[2020-09-11T15:59:43.682+0000][1][safepoint    ] Safepoint "Cleanup", Time since last: 1000108836 ns, Reaching safepoint: 65348 ns, At safepoint: 6933 ns, Total: 72281 ns
[2020-09-11T15:59:44.682+0000][1][safepoint    ] Safepoint "Cleanup", Time since last: 1000128913 ns, Reaching safepoint: 140179 ns, At safepoint: 19762 ns, Total: 159941 ns
[2020-09-11T15:59:45.683+0000][1][safepoint    ] Safepoint "Cleanup", Time since last: 1000183141 ns, Reaching safepoint: 134759 ns, At safepoint: 17159 ns, Total: 151918 ns
[2020-09-11T15:59:46.683+0000][1][safepoint    ] Safepoint "Cleanup", Time since last: 1000195927 ns, Reaching safepoint: 109574 ns, At safepoint: 7926 ns, Total: 117500 ns
[2020-09-11T15:59:47.684+0000][1][safepoint    ] Safepoint "Cleanup", Time since last: 1000196745 ns, Reaching safepoint: 233987 ns, At safepoint: 16785 ns, Total: 250772 ns
[2020-09-11T15:59:48.684+0000][1][safepoint    ] Safepoint "Cleanup", Time since last: 1000236851 ns, Reaching safepoint: 96441 ns, At safepoint: 7019 ns, Total: 103460 ns
[2020-09-11T15:59:49.684+0000][1][safepoint    ] Safepoint "Cleanup", Time since last: 1000137431 ns, Reaching safepoint: 70033 ns, At safepoint: 9067 ns, Total: 79100 ns
[2020-09-11T15:59:50.684+0000][1][safepoint    ] Safepoint "Cleanup", Time since last: 1000188116 ns, Reaching safepoint: 94508 ns, At safepoint: 9153 ns, Total: 103661 ns
[2020-09-11T15:59:51.685+0000][1][safepoint    ] Safepoint "Cleanup", Time since last: 1000200012 ns, Reaching safepoint: 97753 ns, At safepoint: 8324 ns, Total: 106077 ns
[2020-09-11T15:59:52.685+0000][1][safepoint    ] Safepoint "Cleanup", Time since last: 1000180647 ns, Reaching safepoint: 101389 ns, At safepoint: 7993 ns, Total: 109382 ns
[2020-09-11T15:59:53.688+0000][1][safepoint    ] Safepoint "Cleanup", Time since last: 1003265920 ns, Reaching safepoint: 150166 ns, At safepoint: 8513 ns, Total: 158679 ns
[2020-09-11T15:59:54.689+0000][1][safepoint    ] Safepoint "Cleanup", Time since last: 1000188519 ns, Reaching safepoint: 88864 ns, At safepoint: 7344 ns, Total: 96208 ns
[2020-09-11T15:59:55.689+0000][1][safepoint    ] Safepoint "Cleanup", Time since last: 1000172935 ns, Reaching safepoint: 98882 ns, At safepoint: 7971 ns, Total: 106853 ns
[2020-09-11T15:59:56.689+0000][1][safepoint    ] Safepoint "Cleanup", Time since last: 1000193990 ns, Reaching safepoint: 122865 ns, At safepoint: 9158 ns, Total: 132023 ns
[2020-09-11T15:59:57.690+0000][1][safepoint    ] Safepoint "Cleanup", Time since last: 1000162488 ns, Reaching safepoint: 106704 ns, At safepoint: 8535 ns, Total: 115239 ns
[2020-09-11T15:59:58.690+0000][1][safepoint    ] Safepoint "Cleanup", Time since last: 1000179877 ns, Reaching safepoint: 131331 ns, At safepoint: 20621 ns, Total: 151952 ns
[2020-09-11T15:59:59.690+0000][1][safepoint    ] Safepoint "Cleanup", Time since last: 1000149982 ns, Reaching safepoint: 68922 ns, At safepoint: 5610 ns, Total: 74532 ns
[2020-09-11T16:00:00.691+0000][1][safepoint    ] Safepoint "Cleanup", Time since last: 1000131074 ns, Reaching safepoint: 372117 ns, At safepoint: 19759 ns, Total: 391876 ns
[2020-09-11T16:00:01.691+0000][1][safepoint    ] Safepoint "Cleanup", Time since last: 1000267810 ns, Reaching safepoint: 100925 ns, At safepoint: 7069 ns, Total: 107994 ns
[2020-09-11T16:00:02.691+0000][1][safepoint    ] Safepoint "Cleanup", Time since last: 1000168246 ns, Reaching safepoint: 109074 ns, At safepoint: 9346 ns, Total: 118420 ns
[2020-09-11T16:00:03.692+0000][1][safepoint    ] Safepoint "Cleanup", Time since last: 1000467488 ns, Reaching safepoint: 157980 ns, At safepoint: 10165 ns, Total: 168145 ns
[2020-09-11T16:00:04.692+0000][1][safepoint    ] Safepoint "Cleanup", Time since last: 1000128953 ns, Reaching safepoint: 246606 ns, At safepoint: 21559 ns, Total: 268165 ns
[2020-09-11T16:00:05.693+0000][1][safepoint    ] Safepoint "Cleanup", Time since last: 1000158142 ns, Reaching safepoint: 80481 ns, At safepoint: 6602 ns, Total: 87083 ns
[2020-09-11T16:00:06.693+0000][1][safepoint    ] Safepoint "Cleanup", Time since last: 1000193159 ns, Reaching safepoint: 92588 ns, At safepoint: 7406 ns, Total: 99994 ns
[2020-09-11T16:00:07.693+0000][1][safepoint    ] Safepoint "Cleanup", Time since last: 1000152776 ns, Reaching safepoint: 142099 ns, At safepoint: 19144 ns, Total: 161243 ns
[2020-09-11T16:00:08.694+0000][1][safepoint    ] Safepoint "Cleanup", Time since last: 1000224641 ns, Reaching safepoint: 137842 ns, At safepoint: 18757 ns, Total: 156599 ns
[2020-09-11T16:00:09.694+0000][1][safepoint    ] Safepoint "Cleanup", Time since last: 1000219618 ns, Reaching safepoint: 137863 ns, At safepoint: 18336 ns, Total: 156199 ns
[2020-09-11T16:00:10.700+0000][1][safepoint    ] Safepoint "Cleanup", Time since last: 1005980751 ns, Reaching safepoint: 138398 ns, At safepoint: 19030 ns, Total: 157428 ns
[2020-09-11T16:00:11.700+0000][1][safepoint    ] Safepoint "Cleanup", Time since last: 1000220691 ns, Reaching safepoint: 148293 ns, At safepoint: 17684 ns, Total: 165977 ns
[2020-09-11T16:00:12.701+0000][1][safepoint    ] Safepoint "Cleanup", Time since last: 1000214280 ns, Reaching safepoint: 161965 ns, At safepoint: 18319 ns, Total: 180284 ns
[2020-09-11T16:00:13.701+0000][1][safepoint    ] Safepoint "Cleanup", Time since last: 1000165656 ns, Reaching safepoint: 78831 ns, At safepoint: 7370 ns, Total: 86201 ns
[2020-09-11T16:00:14.701+0000][1][safepoint    ] Safepoint "Cleanup", Time since last: 1000164005 ns, Reaching safepoint: 112184 ns, At safepoint: 9829 ns, Total: 122013 ns
[2020-09-11T16:00:15.702+0000][1][safepoint    ] Safepoint "Cleanup", Time since last: 1000176791 ns, Reaching safepoint: 100605 ns, At safepoint: 8421 ns, Total: 109026 ns
[2020-09-11T16:00:16.702+0000][1][safepoint    ] Safepoint "Cleanup", Time since last: 1000191064 ns, Reaching safepoint: 101574 ns, At safepoint: 9438 ns, Total: 111012 ns
[2020-09-11T16:00:17.702+0000][1][safepoint    ] Safepoint "Cleanup", Time since last: 1000183289 ns, Reaching safepoint: 97107 ns, At safepoint: 6556 ns, Total: 103663 ns
[2020-09-11T16:00:18.703+0000][1][safepoint    ] Safepoint "Cleanup", Time since last: 1000178783 ns, Reaching safepoint: 139089 ns, At safepoint: 20594 ns, Total: 159683 ns
[2020-09-11T16:00:19.703+0000][1][safepoint    ] Safepoint "Cleanup", Time since last: 1000241176 ns, Reaching safepoint: 128716 ns, At safepoint: 19127 ns, Total: 147843 ns
[2020-09-11T16:00:20.712+0000][1][safepoint    ] Safepoint "Cleanup", Time since last: 1008687845 ns, Reaching safepoint: 93225 ns, At safepoint: 10454 ns, Total: 103679 ns
[2020-09-11T16:00:21.712+0000][1][safepoint    ] Safepoint "Cleanup", Time since last: 1000214190 ns, Reaching safepoint: 96683 ns, At safepoint: 8790 ns, Total: 105473 ns
[2020-09-11T16:00:22.712+0000][1][safepoint    ] Safepoint "Cleanup", Time since last: 1000179382 ns, Reaching safepoint: 104250 ns, At safepoint: 9237 ns, Total: 113487 ns
[2020-09-11T16:00:23.653+0000][1][gc,start     ] GC(75) Pause Young (Allocation Failure)
[2020-09-11T16:00:23.653+0000][1][gc,task      ] GC(75) Using 1 workers of 1 for evacuation
[2020-09-11T16:00:23.701+0000][1][gc,age       ] GC(75) Desired survivor size 4358144 bytes, new threshold 6 (max threshold 6)
[2020-09-11T16:00:23.701+0000][1][gc,age       ] GC(75) Age table with threshold 6 (max threshold 6)
[2020-09-11T16:00:23.701+0000][1][gc,age       ] GC(75) - age   1:      69832 bytes,      69832 total
[2020-09-11T16:00:23.709+0000][1][gc,age       ] GC(75) - age   2:      38104 bytes,     107936 total
[2020-09-11T16:00:23.709+0000][1][gc,age       ] GC(75) - age   3:      10800 bytes,     118736 total
[2020-09-11T16:00:23.709+0000][1][gc,age       ] GC(75) - age   4:      20096 bytes,     138832 total
[2020-09-11T16:00:23.709+0000][1][gc,age       ] GC(75) - age   5:      25728 bytes,     164560 total
[2020-09-11T16:00:23.709+0000][1][gc,age       ] GC(75) - age   6:      12008 bytes,     176568 total
[2020-09-11T16:00:23.709+0000][1][gc,heap      ] GC(75) ParNew: 71906K->2769K(76672K)
[2020-09-11T16:00:23.709+0000][1][gc,heap      ] GC(75) CMS: 104021K->106293K(2011968K)
[2020-09-11T16:00:23.709+0000][1][gc,metaspace ] GC(75) Metaspace: 89737K->89737K(1132544K)
[2020-09-11T16:00:23.709+0000][1][gc           ] GC(75) Pause Young (Allocation Failure) 171M->106M(2039M) 55.733ms
[2020-09-11T16:00:23.709+0000][1][gc,cpu       ] GC(75) User=0.02s Sys=0.01s Real=0.05s
[2020-09-11T16:00:23.711+0000][1][safepoint    ] Safepoint "GenCollectForAllocation", Time since last: 940605078 ns, Reaching safepoint: 147757 ns, At safepoint: 57361132 ns, Total: 57508889 ns
[2020-09-11T16:00:24.717+0000][1][safepoint    ] Safepoint "Cleanup", Time since last: 1006507944 ns, Reaching safepoint: 106191 ns, At safepoint: 7607 ns, Total: 113798 ns
[2020-09-11T16:00:25.721+0000][1][safepoint    ] Safepoint "Cleanup", Time since last: 1003642642 ns, Reaching safepoint: 69998 ns, At safepoint: 6788 ns, Total: 76786 ns
[2020-09-11T16:00:26.721+0000][1][safepoint    ] Safepoint "Cleanup", Time since last: 1000141842 ns, Reaching safepoint: 122493 ns, At safepoint: 7770 ns, Total: 130263 ns
[2020-09-11T16:00:27.722+0000][1][safepoint    ] Safepoint "Cleanup", Time since last: 1000174560 ns, Reaching safepoint: 240684 ns, At safepoint: 7832 ns, Total: 248516 ns
[2020-09-11T16:00:28.722+0000][1][safepoint    ] Safepoint "Cleanup", Time since last: 1000138517 ns, Reaching safepoint: 99254 ns, At safepoint: 7533 ns, Total: 106787 ns
[2020-09-11T16:00:29.722+0000][1][safepoint    ] Safepoint "Cleanup", Time since last: 1000589023 ns, Reaching safepoint: 67185 ns, At safepoint: 6414 ns, Total: 73599 ns
[2020-09-11T16:00:30.723+0000][1][safepoint    ] Safepoint "Cleanup", Time since last: 1000180524 ns, Reaching safepoint: 139232 ns, At safepoint: 18813 ns, Total: 158045 ns
[2020-09-11T16:00:31.723+0000][1][safepoint    ] Safepoint "Cleanup", Time since last: 1000189281 ns, Reaching safepoint: 138949 ns, At safepoint: 17760 ns, Total: 156709 ns
[2020-09-11T16:00:32.723+0000][1][safepoint    ] Safepoint "Cleanup", Time since last: 1000233996 ns, Reaching safepoint: 99638 ns, At safepoint: 8710 ns, Total: 108348 ns
[2020-09-11T16:00:33.724+0000][1][safepoint    ] Safepoint "Cleanup", Time since last: 1000140312 ns, Reaching safepoint: 77758 ns, At safepoint: 6804 ns, Total: 84562 ns
[2020-09-11T16:00:34.724+0000][1][safepoint    ] Safepoint "Cleanup", Time since last: 1000181623 ns, Reaching safepoint: 105519 ns, At safepoint: 7799 ns, Total: 113318 ns
[2020-09-11T16:00:35.724+0000][1][safepoint    ] Safepoint "Cleanup", Time since last: 1000170853 ns, Reaching safepoint: 129347 ns, At safepoint: 17159 ns, Total: 146506 ns
[2020-09-11T16:00:36.725+0000][1][safepoint    ] Safepoint "Cleanup", Time since last: 1000192845 ns, Reaching safepoint: 121769 ns, At safepoint: 17059 ns, Total: 138828 ns
[2020-09-11T16:00:37.725+0000][1][safepoint    ] Safepoint "Cleanup", Time since last: 1000199120 ns, Reaching safepoint: 97820 ns, At safepoint: 6581 ns, Total: 104401 ns
[2020-09-11T16:00:38.725+0000][1][safepoint    ] Safepoint "Cleanup", Time since last: 1000153824 ns, Reaching safepoint: 128845 ns, At safepoint: 17394 ns, Total: 146239 ns
[2020-09-11T16:00:39.726+0000][1][safepoint    ] Safepoint "Cleanup", Time since last: 1000160608 ns, Reaching safepoint: 126180 ns, At safepoint: 14102 ns, Total: 140282 ns
[2020-09-11T16:00:40.726+0000][1][safepoint    ] Safepoint "Cleanup", Time since last: 1000198445 ns, Reaching safepoint: 86952 ns, At safepoint: 7156 ns, Total: 94108 ns
[2020-09-11T16:00:41.726+0000][1][safepoint    ] Safepoint "Cleanup", Time since last: 1000135781 ns, Reaching safepoint: 104312 ns, At safepoint: 6282 ns, Total: 110594 ns
[2020-09-11T16:00:42.726+0000][1][safepoint    ] Safepoint "Cleanup", Time since last: 1000121246 ns, Reaching safepoint: 115653 ns, At safepoint: 6048 ns, Total: 121701 ns
[2020-09-11T16:00:43.727+0000][1][safepoint    ] Safepoint "Cleanup", Time since last: 1000096950 ns, Reaching safepoint: 77901 ns, At safepoint: 6538 ns, Total: 84439 ns
[2020-09-11T16:00:44.727+0000][1][safepoint    ] Safepoint "Cleanup", Time since last: 1000173775 ns, Reaching safepoint: 103713 ns, At safepoint: 6539 ns, Total: 110252 ns
[2020-09-11T16:00:45.728+0000][1][safepoint    ] Safepoint "Cleanup", Time since last: 1000917736 ns, Reaching safepoint: 68397 ns, At safepoint: 6460 ns, Total: 74857 ns
[2020-09-11T16:00:46.728+0000][1][safepoint    ] Safepoint "Cleanup", Time since last: 1000174476 ns, Reaching safepoint: 90866 ns, At safepoint: 6732 ns, Total: 97598 ns
[2020-09-11T16:00:47.728+0000][1][safepoint    ] Safepoint "Cleanup", Time since last: 1000231437 ns, Reaching safepoint: 127870 ns, At safepoint: 14560 ns, Total: 142430 ns
[2020-09-11T16:00:48.729+0000][1][safepoint    ] Safepoint "Cleanup", Time since last: 1000200887 ns, Reaching safepoint: 158390 ns, At safepoint: 15666 ns, Total: 174056 ns
[2020-09-11T16:00:49.729+0000][1][safepoint    ] Safepoint "Cleanup", Time since last: 1000271500 ns, Reaching safepoint: 66350 ns, At safepoint: 5231 ns, Total: 71581 ns
[2020-09-11T16:00:50.729+0000][1][safepoint    ] Safepoint "Cleanup", Time since last: 1000125970 ns, Reaching safepoint: 121740 ns, At safepoint: 9382 ns, Total: 131122 ns
[2020-09-11T16:00:51.730+0000][1][safepoint    ] Safepoint "Cleanup", Time since last: 1000157281 ns, Reaching safepoint: 120191 ns, At safepoint: 8348 ns, Total: 128539 ns
[2020-09-11T16:00:52.730+0000][1][safepoint    ] Safepoint "Cleanup", Time since last: 1000140971 ns, Reaching safepoint: 114137 ns, At safepoint: 9271 ns, Total: 123408 ns
[2020-09-11T16:00:53.730+0000][1][safepoint    ] Safepoint "Cleanup", Time since last: 1000104275 ns, Reaching safepoint: 80598 ns, At safepoint: 8040 ns, Total: 88638 ns
[2020-09-11T16:00:54.855+0000][1][safepoint    ] Safepoint "Cleanup", Time since last: 1124890053 ns, Reaching safepoint: 161782 ns, At safepoint: 8283 ns, Total: 170065 ns
[2020-09-11T16:00:55.856+0000][1][safepoint    ] Safepoint "Cleanup", Time since last: 1000194976 ns, Reaching safepoint: 97614 ns, At safepoint: 9277 ns, Total: 106891 ns
[2020-09-11T16:00:56.856+0000][1][safepoint    ] Safepoint "Cleanup", Time since last: 1000112002 ns, Reaching safepoint: 78376 ns, At safepoint: 9973 ns, Total: 88349 ns
[2020-09-11T16:00:57.856+0000][1][safepoint    ] Safepoint "Cleanup", Time since last: 1000179769 ns, Reaching safepoint: 165112 ns, At safepoint: 18098 ns, Total: 183210 ns
[2020-09-11T16:00:58.856+0000][1][safepoint    ] Safepoint "Cleanup", Time since last: 1000225075 ns, Reaching safepoint: 130592 ns, At safepoint: 20063 ns, Total: 150655 ns
[2020-09-11T16:00:59.857+0000][1][safepoint    ] Safepoint "Cleanup", Time since last: 1000246406 ns, Reaching safepoint: 113895 ns, At safepoint: 7261 ns, Total: 121156 ns
[2020-09-11T16:01:00.857+0000][1][safepoint    ] Safepoint "Cleanup", Time since last: 1000151874 ns, Reaching safepoint: 89713 ns, At safepoint: 8009 ns, Total: 97722 ns
[2020-09-11T16:01:01.857+0000][1][safepoint    ] Safepoint "Cleanup", Time since last: 1000130289 ns, Reaching safepoint: 89554 ns, At safepoint: 9427 ns, Total: 98981 ns
[2020-09-11T16:01:02.858+0000][1][safepoint    ] Safepoint "Cleanup", Time since last: 1000138223 ns, Reaching safepoint: 136093 ns, At safepoint: 19581 ns, Total: 155674 ns
[2020-09-11T16:01:03.858+0000][1][safepoint    ] Safepoint "Cleanup", Time since last: 1000190603 ns, Reaching safepoint: 150979 ns, At safepoint: 22111 ns, Total: 173090 ns
[2020-09-11T16:01:04.858+0000][1][safepoint    ] Safepoint "Cleanup", Time since last: 1000211985 ns, Reaching safepoint: 99913 ns, At safepoint: 9847 ns, Total: 109760 ns
[2020-09-11T16:01:05.859+0000][1][safepoint    ] Safepoint "Cleanup", Time since last: 1000181322 ns, Reaching safepoint: 101719 ns, At safepoint: 10812 ns, Total: 112531 ns
[2020-09-11T16:01:06.859+0000][1][safepoint    ] Safepoint "Cleanup", Time since last: 1000167532 ns, Reaching safepoint: 106021 ns, At safepoint: 8057 ns, Total: 114078 ns
[2020-09-11T16:01:07.859+0000][1][safepoint    ] Safepoint "Cleanup", Time since last: 1000145077 ns, Reaching safepoint: 132240 ns, At safepoint: 18426 ns, Total: 150666 ns
[2020-09-11T16:01:08.860+0000][1][safepoint    ] Safepoint "Cleanup", Time since last: 1000218424 ns, Reaching safepoint: 143393 ns, At safepoint: 27386 ns, Total: 170779 ns
[2020-09-11T16:01:09.860+0000][1][safepoint    ] Safepoint "Cleanup", Time since last: 1000196755 ns, Reaching safepoint: 109168 ns, At safepoint: 7877 ns, Total: 117045 ns
[2020-09-11T16:01:10.860+0000][1][safepoint    ] Safepoint "Cleanup", Time since last: 1000172601 ns, Reaching safepoint: 102525 ns, At safepoint: 7970 ns, Total: 110495 ns
[2020-09-11T16:01:11.860+0000][1][safepoint    ] Safepoint "Cleanup", Time since last: 1000142055 ns, Reaching safepoint: 117042 ns, At safepoint: 8381 ns, Total: 125423 ns
[2020-09-11T16:01:12.863+0000][1][safepoint    ] Safepoint "Cleanup", Time since last: 1002776427 ns, Reaching safepoint: 143382 ns, At safepoint: 21700 ns, Total: 165082 ns
[2020-09-11T16:01:13.864+0000][1][safepoint    ] Safepoint "Cleanup", Time since last: 1000163719 ns, Reaching safepoint: 86488 ns, At safepoint: 8871 ns, Total: 95359 ns
[2020-09-11T16:01:14.864+0000][1][safepoint    ] Safepoint "Cleanup", Time since last: 1000187196 ns, Reaching safepoint: 147826 ns, At safepoint: 19715 ns, Total: 167541 ns
[2020-09-11T16:01:15.864+0000][1][safepoint    ] Safepoint "Cleanup", Time since last: 1000189941 ns, Reaching safepoint: 160112 ns, At safepoint: 9789 ns, Total: 169901 ns
[2020-09-11T16:01:16.865+0000][1][safepoint    ] Safepoint "Cleanup", Time since last: 1000119243 ns, Reaching safepoint: 66978 ns, At safepoint: 8137 ns, Total: 75115 ns
[2020-09-11T16:01:17.865+0000][1][safepoint    ] Safepoint "Cleanup", Time since last: 1000164936 ns, Reaching safepoint: 128130 ns, At safepoint: 9348 ns, Total: 137478 ns
[2020-09-11T16:01:18.865+0000][1][safepoint    ] Safepoint "Cleanup", Time since last: 1000139607 ns, Reaching safepoint: 151919 ns, At safepoint: 19902 ns, Total: 171821 ns
[2020-09-11T16:01:19.866+0000][1][safepoint    ] Safepoint "Cleanup", Time since last: 1000269622 ns, Reaching safepoint: 130182 ns, At safepoint: 19625 ns, Total: 149807 ns
[2020-09-11T16:01:20.866+0000][1][safepoint    ] Safepoint "Cleanup", Time since last: 1000300348 ns, Reaching safepoint: 83116 ns, At safepoint: 8854 ns, Total: 91970 ns
[2020-09-11T16:01:21.866+0000][1][safepoint    ] Safepoint "Cleanup", Time since last: 1000118672 ns, Reaching safepoint: 73871 ns, At safepoint: 8466 ns, Total: 82337 ns
[2020-09-11T16:01:22.869+0000][1][safepoint    ] Safepoint "Cleanup", Time since last: 1002638987 ns, Reaching safepoint: 81044 ns, At safepoint: 9021 ns, Total: 90065 ns
[2020-09-11T16:01:23.742+0000][1][gc,start     ] GC(76) Pause Young (Allocation Failure)
[2020-09-11T16:01:23.742+0000][1][gc,task      ] GC(76) Using 1 workers of 1 for evacuation
[2020-09-11T16:01:23.756+0000][1][gc,age       ] GC(76) Desired survivor size 4358144 bytes, new threshold 6 (max threshold 6)
[2020-09-11T16:01:23.756+0000][1][gc,age       ] GC(76) Age table with threshold 6 (max threshold 6)
[2020-09-11T16:01:23.756+0000][1][gc,age       ] GC(76) - age   1:      87104 bytes,      87104 total
[2020-09-11T16:01:23.756+0000][1][gc,age       ] GC(76) - age   2:      10096 bytes,      97200 total
[2020-09-11T16:01:23.756+0000][1][gc,age       ] GC(76) - age   3:      31904 bytes,     129104 total
[2020-09-11T16:01:23.756+0000][1][gc,age       ] GC(76) - age   4:       9528 bytes,     138632 total
[2020-09-11T16:01:23.756+0000][1][gc,age       ] GC(76) - age   5:      20096 bytes,     158728 total
[2020-09-11T16:01:23.756+0000][1][gc,age       ] GC(76) - age   6:      25728 bytes,     184456 total
[2020-09-11T16:01:23.756+0000][1][gc,heap      ] GC(76) ParNew: 70929K->724K(76672K)
[2020-09-11T16:01:23.756+0000][1][gc,heap      ] GC(76) CMS: 106293K->106305K(2011968K)
[2020-09-11T16:01:23.756+0000][1][gc,metaspace ] GC(76) Metaspace: 89883K->89883K(1132544K)
[2020-09-11T16:01:23.756+0000][1][gc           ] GC(76) Pause Young (Allocation Failure) 173M->104M(2039M) 14.546ms
[2020-09-11T16:01:23.756+0000][1][gc,cpu       ] GC(76) User=0.02s Sys=0.00s Real=0.01s
[2020-09-11T16:01:23.756+0000][1][safepoint    ] Safepoint "GenCollectForAllocation", Time since last: 872723765 ns, Reaching safepoint: 214727 ns, At safepoint: 14614258 ns, Total: 14828985 ns
[2020-09-11T16:01:24.769+0000][1][safepoint    ] Safepoint "Cleanup", Time since last: 1011916063 ns, Reaching safepoint: 147301 ns, At safepoint: 18833 ns, Total: 166134 ns
[2020-09-11T16:01:25.769+0000][1][safepoint    ] Safepoint "Cleanup", Time since last: 1000272202 ns, Reaching safepoint: 71490 ns, At safepoint: 6449 ns, Total: 77939 ns
[2020-09-11T16:01:26.769+0000][1][safepoint    ] Safepoint "Cleanup", Time since last: 1000136323 ns, Reaching safepoint: 134716 ns, At safepoint: 17497 ns, Total: 152213 ns
[2020-09-11T16:01:27.769+0000][1][safepoint    ] Safepoint "Cleanup", Time since last: 1000172976 ns, Reaching safepoint: 127590 ns, At safepoint: 8832 ns, Total: 136422 ns
[2020-09-11T16:01:30.770+0000][1][safepoint    ] Safepoint "Cleanup", Time since last: 3000434134 ns, Reaching safepoint: 119338 ns, At safepoint: 7448 ns, Total: 126786 ns
[2020-09-11T16:01:31.770+0000][1][safepoint    ] Safepoint "Cleanup", Time since last: 1000171532 ns, Reaching safepoint: 148628 ns, At safepoint: 20691 ns, Total: 169319 ns
[2020-09-11T16:01:33.771+0000][1][safepoint    ] Safepoint "Cleanup", Time since last: 2000435896 ns, Reaching safepoint: 123943 ns, At safepoint: 12279 ns, Total: 136222 ns
[2020-09-11T16:01:34.771+0000][1][safepoint    ] Safepoint "Cleanup", Time since last: 1000152934 ns, Reaching safepoint: 158761 ns, At safepoint: 21593 ns, Total: 180354 ns
[2020-09-11T16:01:35.772+0000][1][safepoint    ] Safepoint "Cleanup", Time since last: 1000210597 ns, Reaching safepoint: 107760 ns, At safepoint: 7300 ns, Total: 115060 ns
[2020-09-11T16:01:36.772+0000][1][safepoint    ] Safepoint "Cleanup", Time since last: 1000184028 ns, Reaching safepoint: 94803 ns, At safepoint: 8492 ns, Total: 103295 ns
[2020-09-11T16:01:37.772+0000][1][safepoint    ] Safepoint "Cleanup", Time since last: 1000147443 ns, Reaching safepoint: 138932 ns, At safepoint: 17574 ns, Total: 156506 ns
[2020-09-11T16:01:38.773+0000][1][safepoint    ] Safepoint "Cleanup", Time since last: 1000232364 ns, Reaching safepoint: 139962 ns, At safepoint: 19785 ns, Total: 159747 ns
[2020-09-11T16:01:39.773+0000][1][safepoint    ] Safepoint "Cleanup", Time since last: 1000222202 ns, Reaching safepoint: 96343 ns, At safepoint: 7841 ns, Total: 104184 ns
[2020-09-11T16:01:40.773+0000][1][safepoint    ] Safepoint "Cleanup", Time since last: 1000205037 ns, Reaching safepoint: 104897 ns, At safepoint: 7668 ns, Total: 112565 ns
[2020-09-11T16:01:41.774+0000][1][safepoint    ] Safepoint "Cleanup", Time since last: 1000182877 ns, Reaching safepoint: 156563 ns, At safepoint: 20083 ns, Total: 176646 ns
[2020-09-11T16:01:42.774+0000][1][safepoint    ] Safepoint "Cleanup", Time since last: 1000278789 ns, Reaching safepoint: 74982 ns, At safepoint: 8286 ns, Total: 83268 ns
[2020-09-11T16:01:43.774+0000][1][safepoint    ] Safepoint "Cleanup", Time since last: 1000121881 ns, Reaching safepoint: 81003 ns, At safepoint: 7430 ns, Total: 88433 ns
[2020-09-11T16:01:44.774+0000][1][safepoint    ] Safepoint "Cleanup", Time since last: 1000144212 ns, Reaching safepoint: 130526 ns, At safepoint: 16114 ns, Total: 146640 ns
[2020-09-11T16:01:45.775+0000][1][safepoint    ] Safepoint "Cleanup", Time since last: 1000205488 ns, Reaching safepoint: 95946 ns, At safepoint: 7433 ns, Total: 103379 ns
[2020-09-11T16:01:46.775+0000][1][safepoint    ] Safepoint "Cleanup", Time since last: 1000162345 ns, Reaching safepoint: 94071 ns, At safepoint: 7670 ns, Total: 101741 ns
[2020-09-11T16:01:47.775+0000][1][safepoint    ] Safepoint "Cleanup", Time since last: 1000166276 ns, Reaching safepoint: 132534 ns, At safepoint: 19188 ns, Total: 151722 ns
[2020-09-11T16:01:48.776+0000][1][safepoint    ] Safepoint "Cleanup", Time since last: 1000217592 ns, Reaching safepoint: 146349 ns, At safepoint: 21770 ns, Total: 168119 ns
[2020-09-11T16:01:49.776+0000][1][safepoint    ] Safepoint "Cleanup", Time since last: 1000219463 ns, Reaching safepoint: 96194 ns, At safepoint: 7197 ns, Total: 103391 ns
[2020-09-11T16:01:50.776+0000][1][safepoint    ] Safepoint "Cleanup", Time since last: 1000152052 ns, Reaching safepoint: 103548 ns, At safepoint: 8408 ns, Total: 111956 ns
[2020-09-11T16:01:51.777+0000][1][safepoint    ] Safepoint "Cleanup", Time since last: 1000153802 ns, Reaching safepoint: 125874 ns, At safepoint: 7467 ns, Total: 133341 ns
[2020-09-11T16:01:52.777+0000][1][safepoint    ] Safepoint "Cleanup", Time since last: 1000168870 ns, Reaching safepoint: 127570 ns, At safepoint: 22020 ns, Total: 149590 ns
[2020-09-11T16:01:53.777+0000][1][safepoint    ] Safepoint "Cleanup", Time since last: 1000146062 ns, Reaching safepoint: 75285 ns, At safepoint: 10385 ns, Total: 85670 ns
[2020-09-11T16:01:54.777+0000][1][safepoint    ] Safepoint "Cleanup", Time since last: 1000148520 ns, Reaching safepoint: 120420 ns, At safepoint: 9973 ns, Total: 130393 ns
[2020-09-11T16:01:55.778+0000][1][safepoint    ] Safepoint "Cleanup", Time since last: 1000345944 ns, Reaching safepoint: 73707 ns, At safepoint: 8663 ns, Total: 82370 ns
[2020-09-11T16:01:56.778+0000][1][safepoint    ] Safepoint "Cleanup", Time since last: 1000184155 ns, Reaching safepoint: 152139 ns, At safepoint: 18232 ns, Total: 170371 ns
[2020-09-11T16:01:57.779+0000][1][safepoint    ] Safepoint "Cleanup", Time since last: 1000198655 ns, Reaching safepoint: 151033 ns, At safepoint: 18719 ns, Total: 169752 ns
[2020-09-11T16:01:58.779+0000][1][safepoint    ] Safepoint "Cleanup", Time since last: 1000248121 ns, Reaching safepoint: 135108 ns, At safepoint: 8303 ns, Total: 143411 ns
[2020-09-11T16:01:59.779+0000][1][safepoint    ] Safepoint "Cleanup", Time since last: 1000183162 ns, Reaching safepoint: 192922 ns, At safepoint: 19314 ns, Total: 212236 ns
[2020-09-11T16:02:00.780+0000][1][safepoint    ] Safepoint "Cleanup", Time since last: 1000209785 ns, Reaching safepoint: 97133 ns, At safepoint: 8121 ns, Total: 105254 ns
[2020-09-11T16:02:01.780+0000][1][safepoint    ] Safepoint "Cleanup", Time since last: 1000185103 ns, Reaching safepoint: 104459 ns, At safepoint: 8912 ns, Total: 113371 ns
[2020-09-11T16:02:02.780+0000][1][safepoint    ] Safepoint "Cleanup", Time since last: 1000177627 ns, Reaching safepoint: 106130 ns, At safepoint: 10158 ns, Total: 116288 ns
[2020-09-11T16:02:03.781+0000][1][safepoint    ] Safepoint "Cleanup", Time since last: 1000182704 ns, Reaching safepoint: 113904 ns, At safepoint: 10714 ns, Total: 124618 ns
[2020-09-11T16:02:04.781+0000][1][safepoint    ] Safepoint "Cleanup", Time since last: 1000218247 ns, Reaching safepoint: 84417 ns, At safepoint: 10324 ns, Total: 94741 ns
[2020-09-11T16:02:05.781+0000][1][safepoint    ] Safepoint "Cleanup", Time since last: 1000192519 ns, Reaching safepoint: 103190 ns, At safepoint: 9073 ns, Total: 112263 ns
[2020-09-11T16:02:06.781+0000][1][safepoint    ] Safepoint "Cleanup", Time since last: 1000178122 ns, Reaching safepoint: 93742 ns, At safepoint: 8093 ns, Total: 101835 ns
[2020-09-11T16:02:07.782+0000][1][safepoint    ] Safepoint "Cleanup", Time since last: 1000187298 ns, Reaching safepoint: 98510 ns, At safepoint: 7152 ns, Total: 105662 ns
[2020-09-11T16:02:08.782+0000][1][safepoint    ] Safepoint "Cleanup", Time since last: 1000203081 ns, Reaching safepoint: 98491 ns, At safepoint: 7713 ns, Total: 106204 ns
[2020-09-11T16:02:09.782+0000][1][safepoint    ] Safepoint "Cleanup", Time since last: 1000194802 ns, Reaching safepoint: 95502 ns, At safepoint: 7571 ns, Total: 103073 ns
[2020-09-11T16:02:13.785+0000][1][safepoint    ] Safepoint "Cleanup", Time since last: 4002388279 ns, Reaching safepoint: 84505 ns, At safepoint: 11188 ns, Total: 95693 ns
[2020-09-11T16:02:14.785+0000][1][safepoint    ] Safepoint "Cleanup", Time since last: 1000143443 ns, Reaching safepoint: 154104 ns, At safepoint: 18683 ns, Total: 172787 ns
[2020-09-11T16:02:15.786+0000][1][safepoint    ] Safepoint "Cleanup", Time since last: 1000208201 ns, Reaching safepoint: 110892 ns, At safepoint: 7127 ns, Total: 118019 ns
[2020-09-11T16:02:16.786+0000][1][safepoint    ] Safepoint "Cleanup", Time since last: 1000151157 ns, Reaching safepoint: 111847 ns, At safepoint: 8470 ns, Total: 120317 ns
[2020-09-11T16:02:17.786+0000][1][safepoint    ] Safepoint "Cleanup", Time since last: 1000208705 ns, Reaching safepoint: 99321 ns, At safepoint: 7367 ns, Total: 106688 ns
[2020-09-11T16:02:18.786+0000][1][safepoint    ] Safepoint "Cleanup", Time since last: 1000189324 ns, Reaching safepoint: 136286 ns, At safepoint: 20520 ns, Total: 156806 ns
[2020-09-11T16:02:19.787+0000][1][safepoint    ] Safepoint "Cleanup", Time since last: 1000228682 ns, Reaching safepoint: 137021 ns, At safepoint: 18956 ns, Total: 155977 ns
[2020-09-11T16:02:20.787+0000][1][safepoint    ] Safepoint "Cleanup", Time since last: 1000245614 ns, Reaching safepoint: 139503 ns, At safepoint: 19826 ns, Total: 159329 ns
[2020-09-11T16:02:21.788+0000][1][safepoint    ] Safepoint "Cleanup", Time since last: 1000237540 ns, Reaching safepoint: 153910 ns, At safepoint: 21419 ns, Total: 175329 ns
[2020-09-11T16:02:22.788+0000][1][safepoint    ] Safepoint "Cleanup", Time since last: 1000232412 ns, Reaching safepoint: 104858 ns, At safepoint: 8134 ns, Total: 112992 ns
[2020-09-11T16:02:23.791+0000][1][safepoint    ] Safepoint "Cleanup", Time since last: 1002930955 ns, Reaching safepoint: 76577 ns, At safepoint: 10021 ns, Total: 86598 ns
[2020-09-11T16:02:24.369+0000][1][gc,start     ] GC(77) Pause Young (Allocation Failure)
[2020-09-11T16:02:24.369+0000][1][gc,task      ] GC(77) Using 1 workers of 1 for evacuation
[2020-09-11T16:02:24.382+0000][1][gc,age       ] GC(77) Desired survivor size 4358144 bytes, new threshold 6 (max threshold 6)
[2020-09-11T16:02:24.382+0000][1][gc,age       ] GC(77) Age table with threshold 6 (max threshold 6)
[2020-09-11T16:02:24.382+0000][1][gc,age       ] GC(77) - age   1:      94792 bytes,      94792 total
[2020-09-11T16:02:24.382+0000][1][gc,age       ] GC(77) - age   2:      28760 bytes,     123552 total
[2020-09-11T16:02:24.382+0000][1][gc,age       ] GC(77) - age   3:       5136 bytes,     128688 total
[2020-09-11T16:02:24.382+0000][1][gc,age       ] GC(77) - age   4:      30664 bytes,     159352 total
[2020-09-11T16:02:24.382+0000][1][gc,age       ] GC(77) - age   5:       9528 bytes,     168880 total
[2020-09-11T16:02:24.382+0000][1][gc,age       ] GC(77) - age   6:      20096 bytes,     188976 total
[2020-09-11T16:02:24.382+0000][1][gc,heap      ] GC(77) ParNew: 68884K->226K(76672K)
[2020-09-11T16:02:24.382+0000][1][gc,heap      ] GC(77) CMS: 106305K->106329K(2011968K)
[2020-09-11T16:02:24.382+0000][1][gc,metaspace ] GC(77) Metaspace: 90002K->90002K(1132544K)
[2020-09-11T16:02:24.382+0000][1][gc           ] GC(77) Pause Young (Allocation Failure) 171M->104M(2039M) 13.434ms
[2020-09-11T16:02:24.382+0000][1][gc,cpu       ] GC(77) User=0.01s Sys=0.01s Real=0.02s
[2020-09-11T16:02:24.387+0000][1][safepoint    ] Safepoint "GenCollectForAllocation", Time since last: 577764916 ns, Reaching safepoint: 154922 ns, At safepoint: 17928202 ns, Total: 18083124 ns
[2020-09-11T16:02:25.395+0000][1][safepoint    ] Safepoint "Cleanup", Time since last: 1007963248 ns, Reaching safepoint: 152941 ns, At safepoint: 19464 ns, Total: 172405 ns
[2020-09-11T16:02:26.395+0000][1][safepoint    ] Safepoint "Cleanup", Time since last: 1000201465 ns, Reaching safepoint: 116240 ns, At safepoint: 6916 ns, Total: 123156 ns
[2020-09-11T16:02:27.396+0000][1][safepoint    ] Safepoint "Cleanup", Time since last: 1000189860 ns, Reaching safepoint: 152884 ns, At safepoint: 23117 ns, Total: 176001 ns
[2020-09-11T16:02:28.396+0000][1][safepoint    ] Safepoint "Cleanup", Time since last: 1000226709 ns, Reaching safepoint: 97756 ns, At safepoint: 7951 ns, Total: 105707 ns
[2020-09-11T16:02:29.396+0000][1][safepoint    ] Safepoint "Cleanup", Time since last: 1000175718 ns, Reaching safepoint: 94399 ns, At safepoint: 8610 ns, Total: 103009 ns
[2020-09-11T16:02:30.397+0000][1][safepoint    ] Safepoint "Cleanup", Time since last: 1000175703 ns, Reaching safepoint: 144521 ns, At safepoint: 19441 ns, Total: 163962 ns
[2020-09-11T16:02:31.397+0000][1][safepoint    ] Safepoint "Cleanup", Time since last: 1000257795 ns, Reaching safepoint: 102679 ns, At safepoint: 7990 ns, Total: 110669 ns
[2020-09-11T16:02:32.397+0000][1][safepoint    ] Safepoint "Cleanup", Time since last: 1000189061 ns, Reaching safepoint: 99752 ns, At safepoint: 7662 ns, Total: 107414 ns
[2020-09-11T16:02:33.398+0000][1][safepoint    ] Safepoint "Cleanup", Time since last: 1000192291 ns, Reaching safepoint: 157250 ns, At safepoint: 19652 ns, Total: 176902 ns
[2020-09-11T16:02:34.398+0000][1][safepoint    ] Safepoint "Cleanup", Time since last: 1000223446 ns, Reaching safepoint: 156880 ns, At safepoint: 19000 ns, Total: 175880 ns
[2020-09-11T16:02:35.398+0000][1][safepoint    ] Safepoint "Cleanup", Time since last: 1000216173 ns, Reaching safepoint: 89976 ns, At safepoint: 7856 ns, Total: 97832 ns
[2020-09-11T16:02:36.399+0000][1][safepoint    ] Safepoint "Cleanup", Time since last: 1000154410 ns, Reaching safepoint: 112921 ns, At safepoint: 8195 ns, Total: 121116 ns
[2020-09-11T16:02:37.399+0000][1][safepoint    ] Safepoint "Cleanup", Time since last: 1000203752 ns, Reaching safepoint: 93366 ns, At safepoint: 8010 ns, Total: 101376 ns
[2020-09-11T16:02:38.399+0000][1][safepoint    ] Safepoint "Cleanup", Time since last: 1000177807 ns, Reaching safepoint: 130109 ns, At safepoint: 18385 ns, Total: 148494 ns
[2020-09-11T16:02:39.400+0000][1][safepoint    ] Safepoint "Cleanup", Time since last: 1000162950 ns, Reaching safepoint: 111812 ns, At safepoint: 6190 ns, Total: 118002 ns
[2020-09-11T16:02:40.400+0000][1][safepoint    ] Safepoint "Cleanup", Time since last: 1000190401 ns, Reaching safepoint: 129136 ns, At safepoint: 18339 ns, Total: 147475 ns
[2020-09-11T16:02:41.400+0000][1][safepoint    ] Safepoint "Cleanup", Time since last: 1000198995 ns, Reaching safepoint: 129784 ns, At safepoint: 19001 ns, Total: 148785 ns
[2020-09-11T16:02:42.402+0000][1][safepoint    ] Safepoint "Cleanup", Time since last: 1001915671 ns, Reaching safepoint: 212126 ns, At safepoint: 11321 ns, Total: 223447 ns
[2020-09-11T16:02:43.403+0000][1][safepoint    ] Safepoint "Cleanup", Time since last: 1000149727 ns, Reaching safepoint: 152624 ns, At safepoint: 18856 ns, Total: 171480 ns
[2020-09-11T16:02:44.403+0000][1][safepoint    ] Safepoint "Cleanup", Time since last: 1000216388 ns, Reaching safepoint: 139717 ns, At safepoint: 18202 ns, Total: 157919 ns
[2020-09-11T16:02:45.403+0000][1][safepoint    ] Safepoint "Cleanup", Time since last: 1000212149 ns, Reaching safepoint: 133022 ns, At safepoint: 19134 ns, Total: 152156 ns
[2020-09-11T16:02:46.404+0000][1][safepoint    ] Safepoint "Cleanup", Time since last: 1000190498 ns, Reaching safepoint: 135210 ns, At safepoint: 18650 ns, Total: 153860 ns
[2020-09-11T16:02:47.404+0000][1][safepoint    ] Safepoint "Cleanup", Time since last: 1000216707 ns, Reaching safepoint: 101141 ns, At safepoint: 13630 ns, Total: 114771 ns
[2020-09-11T16:02:48.404+0000][1][safepoint    ] Safepoint "Cleanup", Time since last: 1000208522 ns, Reaching safepoint: 103764 ns, At safepoint: 9425 ns, Total: 113189 ns
[2020-09-11T16:02:49.405+0000][1][safepoint    ] Safepoint "Cleanup", Time since last: 1000206686 ns, Reaching safepoint: 117438 ns, At safepoint: 6648 ns, Total: 124086 ns
[2020-09-11T16:02:50.440+0000][1][safepoint    ] Safepoint "Cleanup", Time since last: 1035234986 ns, Reaching safepoint: 138925 ns, At safepoint: 19568 ns, Total: 158493 ns
[2020-09-11T16:02:51.440+0000][1][safepoint    ] Safepoint "Cleanup", Time since last: 1000150361 ns, Reaching safepoint: 70722 ns, At safepoint: 6685 ns, Total: 77407 ns
[2020-09-11T16:02:52.441+0000][1][safepoint    ] Safepoint "Cleanup", Time since last: 1000169314 ns, Reaching safepoint: 138244 ns, At safepoint: 22408 ns, Total: 160652 ns
[2020-09-11T16:02:53.441+0000][1][safepoint    ] Safepoint "Cleanup", Time since last: 1000294226 ns, Reaching safepoint: 141201 ns, At safepoint: 20651 ns, Total: 161852 ns
[2020-09-11T16:02:54.442+0000][1][safepoint    ] Safepoint "Cleanup", Time since last: 1000341287 ns, Reaching safepoint: 82175 ns, At safepoint: 8579 ns, Total: 90754 ns
[2020-09-11T16:02:55.442+0000][1][safepoint    ] Safepoint "Cleanup", Time since last: 1000172281 ns, Reaching safepoint: 101895 ns, At safepoint: 9759 ns, Total: 111654 ns
[2020-09-11T16:02:56.442+0000][1][safepoint    ] Safepoint "Cleanup", Time since last: 1000185628 ns, Reaching safepoint: 94273 ns, At safepoint: 10727 ns, Total: 105000 ns
[2020-09-11T16:02:57.442+0000][1][safepoint    ] Safepoint "Cleanup", Time since last: 1000183013 ns, Reaching safepoint: 101572 ns, At safepoint: 11794 ns, Total: 113366 ns
[2020-09-11T16:02:58.443+0000][1][safepoint    ] Safepoint "Cleanup", Time since last: 1000185288 ns, Reaching safepoint: 108123 ns, At safepoint: 10088 ns, Total: 118211 ns
[2020-09-11T16:02:59.443+0000][1][safepoint    ] Safepoint "Cleanup", Time since last: 1000173379 ns, Reaching safepoint: 132296 ns, At safepoint: 20457 ns, Total: 152753 ns
[2020-09-11T16:03:00.443+0000][1][safepoint    ] Safepoint "Cleanup", Time since last: 1000188717 ns, Reaching safepoint: 126774 ns, At safepoint: 19384 ns, Total: 146158 ns
[2020-09-11T16:03:01.444+0000][1][safepoint    ] Safepoint "Cleanup", Time since last: 1000353790 ns, Reaching safepoint: 88264 ns, At safepoint: 8461 ns, Total: 96725 ns
[2020-09-11T16:03:02.444+0000][1][safepoint    ] Safepoint "Cleanup", Time since last: 1000208557 ns, Reaching safepoint: 91621 ns, At safepoint: 8847 ns, Total: 100468 ns
[2020-09-11T16:03:03.444+0000][1][safepoint    ] Safepoint "Cleanup", Time since last: 1000107567 ns, Reaching safepoint: 78098 ns, At safepoint: 11992 ns, Total: 90090 ns
[2020-09-11T16:03:04.445+0000][1][safepoint    ] Safepoint "Cleanup", Time since last: 1000182368 ns, Reaching safepoint: 120518 ns, At safepoint: 10333 ns, Total: 130851 ns
[2020-09-11T16:03:05.445+0000][1][safepoint    ] Safepoint "Cleanup", Time since last: 1000194075 ns, Reaching safepoint: 96443 ns, At safepoint: 9050 ns, Total: 105493 ns
[2020-09-11T16:03:06.445+0000][1][safepoint    ] Safepoint "Cleanup", Time since last: 1000179731 ns, Reaching safepoint: 133216 ns, At safepoint: 21619 ns, Total: 154835 ns
[2020-09-11T16:03:07.446+0000][1][safepoint    ] Safepoint "Cleanup", Time since last: 1000224355 ns, Reaching safepoint: 98929 ns, At safepoint: 7611 ns, Total: 106540 ns
[2020-09-11T16:03:08.446+0000][1][safepoint    ] Safepoint "Cleanup", Time since last: 1000200791 ns, Reaching safepoint: 83147 ns, At safepoint: 7987 ns, Total: 91134 ns
[2020-09-11T16:03:09.446+0000][1][safepoint    ] Safepoint "Cleanup", Time since last: 1000160819 ns, Reaching safepoint: 131506 ns, At safepoint: 20233 ns, Total: 151739 ns
[2020-09-11T16:03:10.475+0000][1][safepoint    ] Safepoint "Cleanup", Time since last: 1028737485 ns, Reaching safepoint: 124114 ns, At safepoint: 9100 ns, Total: 133214 ns
[2020-09-11T16:03:11.475+0000][1][safepoint    ] Safepoint "Cleanup", Time since last: 1000199084 ns, Reaching safepoint: 106372 ns, At safepoint: 9246 ns, Total: 115618 ns
[2020-09-11T16:03:12.476+0000][1][safepoint    ] Safepoint "Cleanup", Time since last: 1000179277 ns, Reaching safepoint: 134343 ns, At safepoint: 20721 ns, Total: 155064 ns
[2020-09-11T16:03:13.476+0000][1][safepoint    ] Safepoint "Cleanup", Time since last: 1000233079 ns, Reaching safepoint: 115405 ns, At safepoint: 9946 ns, Total: 125351 ns
[2020-09-11T16:03:14.476+0000][1][safepoint    ] Safepoint "Cleanup", Time since last: 1000123382 ns, Reaching safepoint: 114930 ns, At safepoint: 11153 ns, Total: 126083 ns
[2020-09-11T16:03:15.477+0000][1][safepoint    ] Safepoint "Cleanup", Time since last: 1000166609 ns, Reaching safepoint: 111481 ns, At safepoint: 14593 ns, Total: 126074 ns
[2020-09-11T16:03:16.477+0000][1][safepoint    ] Safepoint "Cleanup", Time since last: 1000224773 ns, Reaching safepoint: 98926 ns, At safepoint: 12261 ns, Total: 111187 ns
[2020-09-11T16:03:17.478+0000][1][safepoint    ] Safepoint "Cleanup", Time since last: 1000535750 ns, Reaching safepoint: 112110 ns, At safepoint: 14505 ns, Total: 126615 ns
[2020-09-11T16:03:18.478+0000][1][safepoint    ] Safepoint "Cleanup", Time since last: 1000262427 ns, Reaching safepoint: 87647 ns, At safepoint: 10169 ns, Total: 97816 ns
[2020-09-11T16:03:19.478+0000][1][safepoint    ] Safepoint "Cleanup", Time since last: 1000249348 ns, Reaching safepoint: 87428 ns, At safepoint: 10195 ns, Total: 97623 ns
[2020-09-11T16:03:20.479+0000][1][safepoint    ] Safepoint "Cleanup", Time since last: 1000259596 ns, Reaching safepoint: 80242 ns, At safepoint: 9634 ns, Total: 89876 ns
[2020-09-11T16:03:21.479+0000][1][safepoint    ] Safepoint "Cleanup", Time since last: 1000209389 ns, Reaching safepoint: 117823 ns, At safepoint: 18985 ns, Total: 136808 ns
[2020-09-11T16:03:22.479+0000][1][safepoint    ] Safepoint "Cleanup", Time since last: 1000250013 ns, Reaching safepoint: 81686 ns, At safepoint: 13668 ns, Total: 95354 ns
[2020-09-11T16:03:23.480+0000][1][safepoint    ] Safepoint "Cleanup", Time since last: 1000165060 ns, Reaching safepoint: 123355 ns, At safepoint: 9490 ns, Total: 132845 ns
[2020-09-11T16:03:24.368+0000][1][gc,start     ] GC(78) Pause Young (Allocation Failure)
[2020-09-11T16:03:24.369+0000][1][gc,task      ] GC(78) Using 1 workers of 1 for evacuation
[2020-09-11T16:03:24.383+0000][1][gc,age       ] GC(78) Desired survivor size 4358144 bytes, new threshold 6 (max threshold 6)
[2020-09-11T16:03:24.383+0000][1][gc,age       ] GC(78) Age table with threshold 6 (max threshold 6)
[2020-09-11T16:03:24.383+0000][1][gc,age       ] GC(78) - age   1:     107560 bytes,     107560 total
[2020-09-11T16:03:24.383+0000][1][gc,age       ] GC(78) - age   2:      35280 bytes,     142840 total
[2020-09-11T16:03:24.383+0000][1][gc,age       ] GC(78) - age   3:      23472 bytes,     166312 total
[2020-09-11T16:03:24.383+0000][1][gc,age       ] GC(78) - age   4:       2656 bytes,     168968 total
[2020-09-11T16:03:24.383+0000][1][gc,age       ] GC(78) - age   5:      30664 bytes,     199632 total
[2020-09-11T16:03:24.383+0000][1][gc,age       ] GC(78) - age   6:       9528 bytes,     209160 total
[2020-09-11T16:03:24.383+0000][1][gc,heap      ] GC(78) ParNew: 68386K->389K(76672K)
[2020-09-11T16:03:24.383+0000][1][gc,heap      ] GC(78) CMS: 106329K->106349K(2011968K)
[2020-09-11T16:03:24.383+0000][1][gc,metaspace ] GC(78) Metaspace: 90052K->90052K(1132544K)
[2020-09-11T16:03:24.383+0000][1][gc           ] GC(78) Pause Young (Allocation Failure) 170M->104M(2039M) 14.595ms
[2020-09-11T16:03:24.383+0000][1][gc,cpu       ] GC(78) User=0.02s Sys=0.00s Real=0.02s
[2020-09-11T16:03:24.383+0000][1][safepoint    ] Safepoint "GenCollectForAllocation", Time since last: 888479127 ns, Reaching safepoint: 193985 ns, At safepoint: 14644888 ns, Total: 14838873 ns
[2020-09-11T16:03:25.389+0000][1][safepoint    ] Safepoint "Cleanup", Time since last: 1005982396 ns, Reaching safepoint: 105357 ns, At safepoint: 6256 ns, Total: 111613 ns
[2020-09-11T16:03:26.389+0000][1][safepoint    ] Safepoint "Cleanup", Time since last: 1000162790 ns, Reaching safepoint: 94049 ns, At safepoint: 6914 ns, Total: 100963 ns
[2020-09-11T16:03:26.543+0000][1][safepoint    ] Safepoint "RevokeBias", Time since last: 153795405 ns, Reaching safepoint: 183784 ns, At safepoint: 19690 ns, Total: 203474 ns
[2020-09-11T16:03:26.741+0000][1][safepoint    ] Safepoint "RevokeBias", Time since last: 197735464 ns, Reaching safepoint: 80195 ns, At safepoint: 21410 ns, Total: 101605 ns
[2020-09-11T16:03:27.742+0000][1][safepoint    ] Safepoint "Cleanup", Time since last: 1000168607 ns, Reaching safepoint: 108693 ns, At safepoint: 8363 ns, Total: 117056 ns
[2020-09-11T16:03:28.742+0000][1][safepoint    ] Safepoint "Cleanup", Time since last: 1000160659 ns, Reaching safepoint: 110908 ns, At safepoint: 8967 ns, Total: 119875 ns
[2020-09-11T16:03:29.742+0000][1][safepoint    ] Safepoint "Cleanup", Time since last: 1000199863 ns, Reaching safepoint: 98144 ns, At safepoint: 8572 ns, Total: 106716 ns
[2020-09-11T16:03:30.295+0000][1][safepoint    ] Safepoint "RevokeBias", Time since last: 552929267 ns, Reaching safepoint: 184718 ns, At safepoint: 20723 ns, Total: 205441 ns
[2020-09-11T16:03:30.315+0000][1][safepoint    ] Safepoint "RevokeBias", Time since last: 19118505 ns, Reaching safepoint: 160362 ns, At safepoint: 14488 ns, Total: 174850 ns
[2020-09-11T16:03:31.315+0000][1][safepoint    ] Safepoint "Cleanup", Time since last: 1000151834 ns, Reaching safepoint: 128369 ns, At safepoint: 18880 ns, Total: 147249 ns
[2020-09-11T16:03:32.315+0000][1][safepoint    ] Safepoint "Cleanup", Time since last: 1000200624 ns, Reaching safepoint: 131482 ns, At safepoint: 21690 ns, Total: 153172 ns
[2020-09-11T16:03:33.095+0000][1][safepoint    ] Safepoint "RevokeBias", Time since last: 779821414 ns, Reaching safepoint: 239535 ns, At safepoint: 101343 ns, Total: 340878 ns
[2020-09-11T16:03:34.096+0000][1][safepoint    ] Safepoint "Cleanup", Time since last: 1000228935 ns, Reaching safepoint: 147576 ns, At safepoint: 18820 ns, Total: 166396 ns
[2020-09-11T16:03:35.096+0000][1][safepoint    ] Safepoint "Cleanup", Time since last: 1000173398 ns, Reaching safepoint: 120112 ns, At safepoint: 9145 ns, Total: 129257 ns
[2020-09-11T16:03:36.096+0000][1][safepoint    ] Safepoint "Cleanup", Time since last: 1000177729 ns, Reaching safepoint: 99754 ns, At safepoint: 9167 ns, Total: 108921 ns
[2020-09-11T16:03:36.345+0000][1][safepoint    ] Safepoint "RevokeBias", Time since last: 248822395 ns, Reaching safepoint: 235629 ns, At safepoint: 51207 ns, Total: 286836 ns
[2020-09-11T16:03:37.346+0000][1][safepoint    ] Safepoint "Cleanup", Time since last: 1000226685 ns, Reaching safepoint: 93131 ns, At safepoint: 7337 ns, Total: 100468 ns
[2020-09-11T16:03:38.346+0000][1][safepoint    ] Safepoint "Cleanup", Time since last: 1000165147 ns, Reaching safepoint: 136317 ns, At safepoint: 20210 ns, Total: 156527 ns
[2020-09-11T16:03:39.346+0000][1][safepoint    ] Safepoint "Cleanup", Time since last: 1000232377 ns, Reaching safepoint: 92051 ns, At safepoint: 7381 ns, Total: 99432 ns
[2020-09-11T16:03:40.347+0000][1][safepoint    ] Safepoint "Cleanup", Time since last: 1000087143 ns, Reaching safepoint: 65490 ns, At safepoint: 7889 ns, Total: 73379 ns
[2020-09-11T16:03:41.347+0000][1][safepoint    ] Safepoint "Cleanup", Time since last: 1000182406 ns, Reaching safepoint: 96131 ns, At safepoint: 9142 ns, Total: 105273 ns
[2020-09-11T16:03:42.347+0000][1][safepoint    ] Safepoint "Cleanup", Time since last: 1000180654 ns, Reaching safepoint: 110117 ns, At safepoint: 7609 ns, Total: 117726 ns
[2020-09-11T16:03:43.348+0000][1][safepoint    ] Safepoint "Cleanup", Time since last: 1000172326 ns, Reaching safepoint: 128175 ns, At safepoint: 19093 ns, Total: 147268 ns
[2020-09-11T16:03:44.348+0000][1][safepoint    ] Safepoint "Cleanup", Time since last: 1000246291 ns, Reaching safepoint: 131379 ns, At safepoint: 21693 ns, Total: 153072 ns
[2020-09-11T16:03:45.348+0000][1][safepoint    ] Safepoint "Cleanup", Time since last: 1000238644 ns, Reaching safepoint: 127917 ns, At safepoint: 20912 ns, Total: 148829 ns
[2020-09-11T16:03:46.349+0000][1][safepoint    ] Safepoint "Cleanup", Time since last: 1000215981 ns, Reaching safepoint: 139394 ns, At safepoint: 18015 ns, Total: 157409 ns
[2020-09-11T16:03:47.349+0000][1][safepoint    ] Safepoint "Cleanup", Time since last: 1000234327 ns, Reaching safepoint: 127884 ns, At safepoint: 18379 ns, Total: 146263 ns
[2020-09-11T16:03:48.349+0000][1][safepoint    ] Safepoint "Cleanup", Time since last: 1000126180 ns, Reaching safepoint: 84281 ns, At safepoint: 7391 ns, Total: 91672 ns
[2020-09-11T16:03:49.350+0000][1][safepoint    ] Safepoint "Cleanup", Time since last: 1000179493 ns, Reaching safepoint: 64982 ns, At safepoint: 6958 ns, Total: 71940 ns
[2020-09-11T16:03:50.350+0000][1][safepoint    ] Safepoint "Cleanup", Time since last: 1000181908 ns, Reaching safepoint: 120707 ns, At safepoint: 19505 ns, Total: 140212 ns
[2020-09-11T16:03:51.350+0000][1][safepoint    ] Safepoint "Cleanup", Time since last: 1000187998 ns, Reaching safepoint: 111296 ns, At safepoint: 9126 ns, Total: 120422 ns
[2020-09-11T16:03:52.351+0000][1][safepoint    ] Safepoint "Cleanup", Time since last: 1000213850 ns, Reaching safepoint: 199801 ns, At safepoint: 12565 ns, Total: 212366 ns
[2020-09-11T16:03:53.351+0000][1][safepoint    ] Safepoint "Cleanup", Time since last: 1000119037 ns, Reaching safepoint: 77336 ns, At safepoint: 8627 ns, Total: 85963 ns
[2020-09-11T16:03:54.351+0000][1][safepoint    ] Safepoint "Cleanup", Time since last: 1000121219 ns, Reaching safepoint: 80866 ns, At safepoint: 11850 ns, Total: 92716 ns
[2020-09-11T16:03:55.351+0000][1][safepoint    ] Safepoint "Cleanup", Time since last: 1000151234 ns, Reaching safepoint: 128997 ns, At safepoint: 19518 ns, Total: 148515 ns
[2020-09-11T16:03:56.352+0000][1][safepoint    ] Safepoint "Cleanup", Time since last: 1000230438 ns, Reaching safepoint: 96740 ns, At safepoint: 10774 ns, Total: 107514 ns
[2020-09-11T16:03:57.352+0000][1][safepoint    ] Safepoint "Cleanup", Time since last: 1000114330 ns, Reaching safepoint: 71189 ns, At safepoint: 9991 ns, Total: 81180 ns
[2020-09-11T16:03:58.352+0000][1][safepoint    ] Safepoint "Cleanup", Time since last: 1000147580 ns, Reaching safepoint: 163469 ns, At safepoint: 23006 ns, Total: 186475 ns
[2020-09-11T16:03:59.352+0000][1][safepoint    ] Safepoint "Cleanup", Time since last: 1000182617 ns, Reaching safepoint: 111856 ns, At safepoint: 9612 ns, Total: 121468 ns
[2020-09-11T16:04:00.353+0000][1][safepoint    ] Safepoint "Cleanup", Time since last: 1000169293 ns, Reaching safepoint: 156667 ns, At safepoint: 16091 ns, Total: 172758 ns
[2020-09-11T16:04:01.177+0000][1][safepoint    ] Safepoint "RevokeBias", Time since last: 822760646 ns, Reaching safepoint: 1251669 ns, At safepoint: 21787 ns, Total: 1273456 ns
[2020-09-11T16:04:01.245+0000][1][safepoint    ] Safepoint "RevokeBias", Time since last: 60262189 ns, Reaching safepoint: 7786567 ns, At safepoint: 45767 ns, Total: 7832334 ns
[2020-09-11T16:04:01.950+0000][1][safepoint    ] Safepoint "RevokeBias", Time since last: 704735335 ns, Reaching safepoint: 137231 ns, At safepoint: 21218 ns, Total: 158449 ns
[2020-09-11T16:04:01.977+0000][1][safepoint    ] Safepoint "RevokeBias", Time since last: 26428989 ns, Reaching safepoint: 555824 ns, At safepoint: 24157 ns, Total: 579981 ns
[2020-09-11T16:04:02.125+0000][1][safepoint    ] Safepoint "RevokeBias", Time since last: 147934133 ns, Reaching safepoint: 157494 ns, At safepoint: 23202 ns, Total: 180696 ns
[2020-09-11T16:04:02.131+0000][1][safepoint    ] Safepoint "RevokeBias", Time since last: 1245144 ns, Reaching safepoint: 5241728 ns, At safepoint: 31812 ns, Total: 5273540 ns
[2020-09-11T16:04:02.132+0000][1][safepoint    ] Safepoint "RevokeBias", Time since last: 219604 ns, Reaching safepoint: 109289 ns, At safepoint: 16812 ns, Total: 126101 ns
[2020-09-11T16:04:02.132+0000][1][safepoint    ] Safepoint "RevokeBias", Time since last: 65841 ns, Reaching safepoint: 98676 ns, At safepoint: 12898 ns, Total: 111574 ns
[2020-09-11T16:04:02.146+0000][1][safepoint    ] Safepoint "Deoptimize", Time since last: 2057775 ns, Reaching safepoint: 121469 ns, At safepoint: 11915796 ns, Total: 12037265 ns
[2020-09-11T16:04:02.207+0000][1][safepoint    ] Safepoint "RevokeBias", Time since last: 60559335 ns, Reaching safepoint: 138385 ns, At safepoint: 24449 ns, Total: 162834 ns
[2020-09-11T16:04:02.233+0000][1][safepoint    ] Safepoint "RevokeBias", Time since last: 26242337 ns, Reaching safepoint: 142744 ns, At safepoint: 18677 ns, Total: 161421 ns
[2020-09-11T16:04:02.234+0000][1][safepoint    ] Safepoint "RevokeBias", Time since last: 202029 ns, Reaching safepoint: 101731 ns, At safepoint: 13100 ns, Total: 114831 ns
[2020-09-11T16:04:02.234+0000][1][safepoint    ] Safepoint "RevokeBias", Time since last: 38387 ns, Reaching safepoint: 96021 ns, At safepoint: 12175 ns, Total: 108196 ns
[2020-09-11T16:04:02.234+0000][1][safepoint    ] Safepoint "RevokeBias", Time since last: 33406 ns, Reaching safepoint: 96712 ns, At safepoint: 14316 ns, Total: 111028 ns
[2020-09-11T16:04:02.234+0000][1][safepoint    ] Safepoint "RevokeBias", Time since last: 32932 ns, Reaching safepoint: 95971 ns, At safepoint: 12063 ns, Total: 108034 ns
[2020-09-11T16:04:02.234+0000][1][safepoint    ] Safepoint "RevokeBias", Time since last: 31753 ns, Reaching safepoint: 95021 ns, At safepoint: 12134 ns, Total: 107155 ns
[2020-09-11T16:04:02.241+0000][1][safepoint    ] Safepoint "RevokeBias", Time since last: 6967387 ns, Reaching safepoint: 147080 ns, At safepoint: 20559 ns, Total: 167639 ns
[2020-09-11T16:04:02.245+0000][1][safepoint    ] Safepoint "RevokeBias", Time since last: 3618488 ns, Reaching safepoint: 137174 ns, At safepoint: 19227 ns, Total: 156401 ns
[2020-09-11T16:04:02.246+0000][1][safepoint    ] Safepoint "RevokeBias", Time since last: 634938 ns, Reaching safepoint: 101626 ns, At safepoint: 16003 ns, Total: 117629 ns
[2020-09-11T16:04:03.246+0000][1][safepoint    ] Safepoint "Cleanup", Time since last: 1000094215 ns, Reaching safepoint: 568046 ns, At safepoint: 17333 ns, Total: 585379 ns
[2020-09-11T16:04:03.656+0000][1][gc,start     ] GC(79) Pause Young (Allocation Failure)
[2020-09-11T16:04:03.656+0000][1][gc,task      ] GC(79) Using 1 workers of 1 for evacuation
[2020-09-11T16:04:03.679+0000][1][gc,age       ] GC(79) Desired survivor size 4358144 bytes, new threshold 6 (max threshold 6)
[2020-09-11T16:04:03.679+0000][1][gc,age       ] GC(79) Age table with threshold 6 (max threshold 6)
[2020-09-11T16:04:03.679+0000][1][gc,age       ] GC(79) - age   1:    2455544 bytes,    2455544 total
[2020-09-11T16:04:03.679+0000][1][gc,age       ] GC(79) - age   2:      12576 bytes,    2468120 total
[2020-09-11T16:04:03.679+0000][1][gc,age       ] GC(79) - age   3:      24120 bytes,    2492240 total
[2020-09-11T16:04:03.679+0000][1][gc,age       ] GC(79) - age   4:      20992 bytes,    2513232 total
[2020-09-11T16:04:03.679+0000][1][gc,age       ] GC(79) - age   5:       2624 bytes,    2515856 total
[2020-09-11T16:04:03.679+0000][1][gc,age       ] GC(79) - age   6:      29984 bytes,    2545840 total
[2020-09-11T16:04:03.679+0000][1][gc,heap      ] GC(79) ParNew: 68549K->2643K(76672K)
[2020-09-11T16:04:03.679+0000][1][gc,heap      ] GC(79) CMS: 106349K->106358K(2011968K)
[2020-09-11T16:04:03.679+0000][1][gc,metaspace ] GC(79) Metaspace: 90672K->90672K(1132544K)
[2020-09-11T16:04:03.679+0000][1][gc           ] GC(79) Pause Young (Allocation Failure) 170M->106M(2039M) 23.511ms
[2020-09-11T16:04:03.679+0000][1][gc,cpu       ] GC(79) User=0.01s Sys=0.00s Real=0.02s
[2020-09-11T16:04:03.679+0000][1][safepoint    ] Safepoint "GenCollectForAllocation", Time since last: 409012153 ns, Reaching safepoint: 153402 ns, At safepoint: 23589400 ns, Total: 23742802 ns
[2020-09-11T16:04:03.681+0000][1][safepoint    ] Safepoint "RevokeBias", Time since last: 1856420 ns, Reaching safepoint: 63519 ns, At safepoint: 27506 ns, Total: 91025 ns
[2020-09-11T16:04:04.236+0000][1][safepoint    ] Safepoint "RevokeBias", Time since last: 555070701 ns, Reaching safepoint: 83409 ns, At safepoint: 23679 ns, Total: 107088 ns
[2020-09-11T16:04:04.256+0000][1][safepoint    ] Safepoint "RevokeBias", Time since last: 19224143 ns, Reaching safepoint: 502735 ns, At safepoint: 21754 ns, Total: 524489 ns
[2020-09-11T16:04:04.258+0000][1][safepoint    ] Safepoint "RevokeBias", Time since last: 154477 ns, Reaching safepoint: 1576997 ns, At safepoint: 21112 ns, Total: 1598109 ns
[2020-09-11T16:04:04.263+0000][1][safepoint    ] Safepoint "RevokeBias", Time since last: 2636847 ns, Reaching safepoint: 2665697 ns, At safepoint: 29558 ns, Total: 2695255 ns
[2020-09-11T16:04:04.263+0000][1][safepoint    ] Safepoint "RevokeBias", Time since last: 109354 ns, Reaching safepoint: 106862 ns, At safepoint: 14448 ns, Total: 121310 ns
[2020-09-11T16:04:04.281+0000][1][safepoint    ] Safepoint "RevokeBias", Time since last: 17021269 ns, Reaching safepoint: 147700 ns, At safepoint: 21841 ns, Total: 169541 ns
[2020-09-11T16:04:04.282+0000][1][safepoint    ] Safepoint "BulkRevokeBias", Time since last: 953980 ns, Reaching safepoint: 358959 ns, At safepoint: 171769 ns, Total: 530728 ns
[2020-09-11T16:04:04.359+0000][1][safepoint    ] Safepoint "RevokeBias", Time since last: 76215332 ns, Reaching safepoint: 263322 ns, At safepoint: 47823 ns, Total: 311145 ns
[2020-09-11T16:04:05.359+0000][1][safepoint    ] Safepoint "Cleanup", Time since last: 1000233708 ns, Reaching safepoint: 138829 ns, At safepoint: 19665 ns, Total: 158494 ns
[2020-09-11T16:04:06.359+0000][1][safepoint    ] Safepoint "Cleanup", Time since last: 1000213877 ns, Reaching safepoint: 125171 ns, At safepoint: 18810 ns, Total: 143981 ns
[2020-09-11T16:04:07.360+0000][1][safepoint    ] Safepoint "Cleanup", Time since last: 1000165064 ns, Reaching safepoint: 127640 ns, At safepoint: 19017 ns, Total: 146657 ns
[2020-09-11T16:04:08.360+0000][1][safepoint    ] Safepoint "Cleanup", Time since last: 1000158575 ns, Reaching safepoint: 232441 ns, At safepoint: 20073 ns, Total: 252514 ns
[2020-09-11T16:04:09.360+0000][1][safepoint    ] Safepoint "Cleanup", Time since last: 1000224193 ns, Reaching safepoint: 141883 ns, At safepoint: 21035 ns, Total: 162918 ns
[2020-09-11T16:04:10.361+0000][1][safepoint    ] Safepoint "Cleanup", Time since last: 1000143656 ns, Reaching safepoint: 66913 ns, At safepoint: 7289 ns, Total: 74202 ns
[2020-09-11T16:04:11.361+0000][1][safepoint    ] Safepoint "Cleanup", Time since last: 1000180097 ns, Reaching safepoint: 111939 ns, At safepoint: 10641 ns, Total: 122580 ns
[2020-09-11T16:04:12.361+0000][1][safepoint    ] Safepoint "Cleanup", Time since last: 1000206043 ns, Reaching safepoint: 189857 ns, At safepoint: 23875 ns, Total: 213732 ns
[2020-09-11T16:04:13.362+0000][1][safepoint    ] Safepoint "Cleanup", Time since last: 1000155184 ns, Reaching safepoint: 86125 ns, At safepoint: 8963 ns, Total: 95088 ns
[2020-09-11T16:04:14.289+0000][1][safepoint    ] Safepoint "RevokeBias", Time since last: 927399006 ns, Reaching safepoint: 68302 ns, At safepoint: 21107 ns, Total: 89409 ns
[2020-09-11T16:04:14.301+0000][1][safepoint    ] Safepoint "RevokeBias", Time since last: 11192816 ns, Reaching safepoint: 150767 ns, At safepoint: 20822 ns, Total: 171589 ns
[2020-09-11T16:04:14.306+0000][1][safepoint    ] Safepoint "RevokeBias", Time since last: 5333821 ns, Reaching safepoint: 230348 ns, At safepoint: 22473 ns, Total: 252821 ns
[2020-09-11T16:04:14.306+0000][1][safepoint    ] Safepoint "RevokeBias", Time since last: 179252 ns, Reaching safepoint: 107178 ns, At safepoint: 15466 ns, Total: 122644 ns
[2020-09-11T16:04:14.307+0000][1][safepoint    ] Safepoint "RevokeBias", Time since last: 60023 ns, Reaching safepoint: 101985 ns, At safepoint: 13024 ns, Total: 115009 ns
[2020-09-11T16:04:14.320+0000][1][safepoint    ] Safepoint "RevokeBias", Time since last: 12506198 ns, Reaching safepoint: 1240334 ns, At safepoint: 26654 ns, Total: 1266988 ns
[2020-09-11T16:04:14.369+0000][1][safepoint    ] Safepoint "RevokeBias", Time since last: 46877794 ns, Reaching safepoint: 1607877 ns, At safepoint: 22001 ns, Total: 1629878 ns
[2020-09-11T16:04:15.369+0000][1][safepoint    ] Safepoint "Cleanup", Time since last: 1000119736 ns, Reaching safepoint: 80446 ns, At safepoint: 8265 ns, Total: 88711 ns
[2020-09-11T16:04:16.369+0000][1][safepoint    ] Safepoint "Cleanup", Time since last: 1000121361 ns, Reaching safepoint: 71872 ns, At safepoint: 8041 ns, Total: 79913 ns
[2020-09-11T16:04:17.370+0000][1][safepoint    ] Safepoint "Cleanup", Time since last: 1000176488 ns, Reaching safepoint: 141141 ns, At safepoint: 19759 ns, Total: 160900 ns
[2020-09-11T16:04:18.370+0000][1][safepoint    ] Safepoint "Cleanup", Time since last: 1000212375 ns, Reaching safepoint: 89986 ns, At safepoint: 6966 ns, Total: 96952 ns
[2020-09-11T16:04:19.370+0000][1][safepoint    ] Safepoint "Cleanup", Time since last: 1000159639 ns, Reaching safepoint: 112183 ns, At safepoint: 7966 ns, Total: 120149 ns
[2020-09-11T16:04:22.371+0000][1][safepoint    ] Safepoint "Cleanup", Time since last: 3000354338 ns, Reaching safepoint: 150365 ns, At safepoint: 21286 ns, Total: 171651 ns
[2020-09-11T16:04:23.347+0000][1][safepoint    ] Safepoint "RevokeBias", Time since last: 975828031 ns, Reaching safepoint: 260109 ns, At safepoint: 49002 ns, Total: 309111 ns
[2020-09-11T16:04:23.348+0000][1][gc,start     ] GC(80) Pause Young (Allocation Failure)
[2020-09-11T16:04:23.348+0000][1][gc,task      ] GC(80) Using 1 workers of 1 for evacuation
[2020-09-11T16:04:23.370+0000][1][gc,age       ] GC(80) Desired survivor size 4358144 bytes, new threshold 6 (max threshold 6)
[2020-09-11T16:04:23.370+0000][1][gc,age       ] GC(80) Age table with threshold 6 (max threshold 6)
[2020-09-11T16:04:23.370+0000][1][gc,age       ] GC(80) - age   1:    2856696 bytes,    2856696 total
[2020-09-11T16:04:23.370+0000][1][gc,age       ] GC(80) - age   2:     235824 bytes,    3092520 total
[2020-09-11T16:04:23.370+0000][1][gc,age       ] GC(80) - age   3:      11016 bytes,    3103536 total
[2020-09-11T16:04:23.370+0000][1][gc,age       ] GC(80) - age   4:      24120 bytes,    3127656 total
[2020-09-11T16:04:23.370+0000][1][gc,age       ] GC(80) - age   5:      20992 bytes,    3148648 total
[2020-09-11T16:04:23.370+0000][1][gc,age       ] GC(80) - age   6:       2624 bytes,    3151272 total
[2020-09-11T16:04:23.370+0000][1][gc,heap      ] GC(80) ParNew: 70379K->3210K(76672K)
[2020-09-11T16:04:23.370+0000][1][gc,heap      ] GC(80) CMS: 106358K->106387K(2011968K)
[2020-09-11T16:04:23.370+0000][1][gc,metaspace ] GC(80) Metaspace: 90795K->90795K(1132544K)
[2020-09-11T16:04:23.370+0000][1][gc           ] GC(80) Pause Young (Allocation Failure) 172M->107M(2039M) 21.621ms
[2020-09-11T16:04:23.370+0000][1][gc,cpu       ] GC(80) User=0.02s Sys=0.00s Real=0.02s
[2020-09-11T16:04:23.370+0000][1][safepoint    ] Safepoint "GenCollectForAllocation", Time since last: 1204594 ns, Reaching safepoint: 199766 ns, At safepoint: 22229992 ns, Total: 22429758 ns
[2020-09-11T16:04:23.378+0000][1][safepoint    ] Safepoint "RevokeBias", Time since last: 7082060 ns, Reaching safepoint: 63863 ns, At safepoint: 30505 ns, Total: 94368 ns
[2020-09-11T16:04:23.378+0000][1][safepoint    ] Safepoint "RevokeBias", Time since last: 140240 ns, Reaching safepoint: 25475 ns, At safepoint: 19038 ns, Total: 44513 ns
[2020-09-11T16:04:23.378+0000][1][safepoint    ] Safepoint "BulkRevokeBias", Time since last: 109201 ns, Reaching safepoint: 31474 ns, At safepoint: 178431 ns, Total: 209905 ns
[2020-09-11T16:04:23.391+0000][1][safepoint    ] Safepoint "RevokeBias", Time since last: 12134325 ns, Reaching safepoint: 204834 ns, At safepoint: 20198 ns, Total: 225032 ns
[2020-09-11T16:04:23.668+0000][1][safepoint    ] Safepoint "RevokeBias", Time since last: 277261074 ns, Reaching safepoint: 165691 ns, At safepoint: 21565 ns, Total: 187256 ns
[2020-09-11T16:04:24.205+0000][1][safepoint    ] Safepoint "RevokeBias", Time since last: 536881283 ns, Reaching safepoint: 80135 ns, At safepoint: 17710 ns, Total: 97845 ns
[2020-09-11T16:04:24.264+0000][1][safepoint    ] Safepoint "RevokeBias", Time since last: 58919519 ns, Reaching safepoint: 160556 ns, At safepoint: 24641 ns, Total: 185197 ns
[2020-09-11T16:04:24.265+0000][1][safepoint    ] Safepoint "RevokeBias", Time since last: 444696 ns, Reaching safepoint: 126838 ns, At safepoint: 21647 ns, Total: 148485 ns
[2020-09-11T16:04:24.324+0000][1][safepoint    ] Safepoint "RevokeBias", Time since last: 59393407 ns, Reaching safepoint: 71515 ns, At safepoint: 16342 ns, Total: 87857 ns
[2020-09-11T16:04:24.361+0000][1][safepoint    ] Safepoint "RevokeBias", Time since last: 36682074 ns, Reaching safepoint: 73901 ns, At safepoint: 27943 ns, Total: 101844 ns
[2020-09-11T16:04:25.011+0000][1][safepoint    ] Safepoint "RevokeBias", Time since last: 649470924 ns, Reaching safepoint: 203569 ns, At safepoint: 17924 ns, Total: 221493 ns
[2020-09-11T16:04:25.237+0000][1][safepoint    ] Safepoint "RevokeBias", Time since last: 226340447 ns, Reaching safepoint: 293922 ns, At safepoint: 57048 ns, Total: 350970 ns
[2020-09-11T16:04:25.241+0000][1][safepoint    ] Safepoint "RevokeBias", Time since last: 2914150 ns, Reaching safepoint: 703850 ns, At safepoint: 48839 ns, Total: 752689 ns
[2020-09-11T16:04:25.241+0000][1][safepoint    ] Safepoint "RevokeBias", Time since last: 121990 ns, Reaching safepoint: 211490 ns, At safepoint: 37837 ns, Total: 249327 ns
[2020-09-11T16:04:26.067+0000][1][safepoint    ] Safepoint "RevokeBias", Time since last: 824546065 ns, Reaching safepoint: 702065 ns, At safepoint: 24440 ns, Total: 726505 ns
[2020-09-11T16:04:26.068+0000][1][safepoint    ] Safepoint "RevokeBias", Time since last: 1283472 ns, Reaching safepoint: 217742 ns, At safepoint: 41696 ns, Total: 259438 ns
[2020-09-11T16:04:26.076+0000][1][safepoint    ] Safepoint "RevokeBias", Time since last: 7636111 ns, Reaching safepoint: 453284 ns, At safepoint: 24147 ns, Total: 477431 ns
[2020-09-11T16:04:26.084+0000][1][safepoint    ] Safepoint "RevokeBias", Time since last: 7562389 ns, Reaching safepoint: 187140 ns, At safepoint: 19967 ns, Total: 207107 ns
[2020-09-11T16:04:26.085+0000][1][safepoint    ] Safepoint "RevokeBias", Time since last: 515820 ns, Reaching safepoint: 128735 ns, At safepoint: 15085 ns, Total: 143820 ns
[2020-09-11T16:04:26.105+0000][1][safepoint    ] Safepoint "RevokeBias", Time since last: 12547057 ns, Reaching safepoint: 7621166 ns, At safepoint: 33518 ns, Total: 7654684 ns
[2020-09-11T16:04:26.107+0000][1][safepoint    ] Safepoint "RevokeBias", Time since last: 1973717 ns, Reaching safepoint: 184688 ns, At safepoint: 19975 ns, Total: 204663 ns
[2020-09-11T16:04:26.138+0000][1][safepoint    ] Safepoint "RevokeBias", Time since last: 30659838 ns, Reaching safepoint: 256728 ns, At safepoint: 52267 ns, Total: 308995 ns
[2020-09-11T16:04:26.138+0000][1][safepoint    ] Safepoint "RevokeBias", Time since last: 82387 ns, Reaching safepoint: 119134 ns, At safepoint: 36815 ns, Total: 155949 ns
[2020-09-11T16:04:26.139+0000][1][safepoint    ] Safepoint "RevokeBias", Time since last: 61695 ns, Reaching safepoint: 130319 ns, At safepoint: 38351 ns, Total: 168670 ns
[2020-09-11T16:04:26.139+0000][1][safepoint    ] Safepoint "RevokeBias", Time since last: 340952 ns, Reaching safepoint: 118402 ns, At safepoint: 37717 ns, Total: 156119 ns
[2020-09-11T16:04:26.154+0000][1][safepoint    ] Safepoint "RevokeBias", Time since last: 14435461 ns, Reaching safepoint: 262881 ns, At safepoint: 23574 ns, Total: 286455 ns
[2020-09-11T16:04:26.157+0000][1][safepoint    ] Safepoint "RevokeBias", Time since last: 3113785 ns, Reaching safepoint: 174096 ns, At safepoint: 63506 ns, Total: 237602 ns
[2020-09-11T16:04:26.193+0000][1][safepoint    ] Safepoint "RevokeBias", Time since last: 35437693 ns, Reaching safepoint: 171996 ns, At safepoint: 18642 ns, Total: 190638 ns
[2020-09-11T16:04:26.196+0000][1][safepoint    ] Safepoint "RevokeBias", Time since last: 3012031 ns, Reaching safepoint: 162357 ns, At safepoint: 19242 ns, Total: 181599 ns
[2020-09-11T16:04:26.242+0000][1][safepoint    ] Safepoint "RevokeBias", Time since last: 45381617 ns, Reaching safepoint: 186545 ns, At safepoint: 63547 ns, Total: 250092 ns
[2020-09-11T16:04:26.245+0000][1][safepoint    ] Safepoint "RevokeBias", Time since last: 3256594 ns, Reaching safepoint: 183666 ns, At safepoint: 160961 ns, Total: 344627 ns
[2020-09-11T16:04:26.254+0000][1][safepoint    ] Safepoint "RevokeBias", Time since last: 7724544 ns, Reaching safepoint: 731586 ns, At safepoint: 59106 ns, Total: 790692 ns
[2020-09-11T16:04:26.254+0000][1][safepoint    ] Safepoint "RevokeBias", Time since last: 103413 ns, Reaching safepoint: 112008 ns, At safepoint: 15123 ns, Total: 127131 ns
[2020-09-11T16:04:26.284+0000][1][gc,start     ] GC(81) Pause Young (Allocation Failure)
[2020-09-11T16:04:26.284+0000][1][gc,task      ] GC(81) Using 1 workers of 1 for evacuation
[2020-09-11T16:04:26.331+0000][1][gc,age       ] GC(81) Desired survivor size 4358144 bytes, new threshold 1 (max threshold 6)
[2020-09-11T16:04:26.331+0000][1][gc,age       ] GC(81) Age table with threshold 1 (max threshold 6)
[2020-09-11T16:04:26.331+0000][1][gc,age       ] GC(81) - age   1:    7164584 bytes,    7164584 total
[2020-09-11T16:04:26.331+0000][1][gc,age       ] GC(81) - age   2:     132824 bytes,    7297408 total
[2020-09-11T16:04:26.331+0000][1][gc,age       ] GC(81) - age   3:     233184 bytes,    7530592 total
[2020-09-11T16:04:26.331+0000][1][gc,age       ] GC(81) - age   4:       8536 bytes,    7539128 total
[2020-09-11T16:04:26.331+0000][1][gc,age       ] GC(81) - age   5:      22880 bytes,    7562008 total
[2020-09-11T16:04:26.331+0000][1][gc,age       ] GC(81) - age   6:      20992 bytes,    7583000 total
[2020-09-11T16:04:26.331+0000][1][gc,heap      ] GC(81) ParNew: 70885K->8512K(76672K)
[2020-09-11T16:04:26.331+0000][1][gc,heap      ] GC(81) CMS: 106387K->106390K(2011968K)
[2020-09-11T16:04:26.331+0000][1][gc,metaspace ] GC(81) Metaspace: 91414K->91414K(1132544K)
[2020-09-11T16:04:26.331+0000][1][gc           ] GC(81) Pause Young (Allocation Failure) 173M->112M(2039M) 47.213ms
[2020-09-11T16:04:26.331+0000][1][gc,cpu       ] GC(81) User=0.03s Sys=0.00s Real=0.04s
[2020-09-11T16:04:26.341+0000][1][safepoint    ] Safepoint "GenCollectForAllocation", Time since last: 29923990 ns, Reaching safepoint: 177047 ns, At safepoint: 56797040 ns, Total: 56974087 ns
[2020-09-11T16:04:26.351+0000][1][safepoint    ] Safepoint "RevokeBias", Time since last: 10320061 ns, Reaching safepoint: 182841 ns, At safepoint: 148273 ns, Total: 331114 ns
[2020-09-11T16:04:26.357+0000][1][safepoint    ] Safepoint "RevokeBias", Time since last: 5331605 ns, Reaching safepoint: 173210 ns, At safepoint: 130889 ns, Total: 304099 ns
[2020-09-11T16:04:26.357+0000][1][safepoint    ] Safepoint "RevokeBias", Time since last: 173207 ns, Reaching safepoint: 121981 ns, At safepoint: 96339 ns, Total: 218320 ns
[2020-09-11T16:04:26.358+0000][1][safepoint    ] Safepoint "RevokeBias", Time since last: 490211 ns, Reaching safepoint: 191177 ns, At safepoint: 104490 ns, Total: 295667 ns
[2020-09-11T16:04:26.366+0000][1][safepoint    ] Safepoint "RevokeBias", Time since last: 7803725 ns, Reaching safepoint: 184337 ns, At safepoint: 72095 ns, Total: 256432 ns
[2020-09-11T16:04:26.391+0000][1][safepoint    ] Safepoint "RevokeBias", Time since last: 24593411 ns, Reaching safepoint: 181694 ns, At safepoint: 144508 ns, Total: 326202 ns
[2020-09-11T16:04:26.402+0000][1][safepoint    ] Safepoint "RevokeBias", Time since last: 10473020 ns, Reaching safepoint: 180329 ns, At safepoint: 50209 ns, Total: 230538 ns
[2020-09-11T16:04:26.403+0000][1][safepoint    ] Safepoint "RevokeBias", Time since last: 619341 ns, Reaching safepoint: 116948 ns, At safepoint: 35242 ns, Total: 152190 ns
[2020-09-11T16:04:26.403+0000][1][safepoint    ] Safepoint "RevokeBias", Time since last: 330078 ns, Reaching safepoint: 115414 ns, At safepoint: 118712 ns, Total: 234126 ns
[2020-09-11T16:04:26.527+0000][1][safepoint    ] Safepoint "RevokeBias", Time since last: 123153675 ns, Reaching safepoint: 209172 ns, At safepoint: 22912 ns, Total: 232084 ns
[2020-09-11T16:04:26.531+0000][1][safepoint    ] Safepoint "RevokeBias", Time since last: 4065652 ns, Reaching safepoint: 196568 ns, At safepoint: 142829 ns, Total: 339397 ns
[2020-09-11T16:04:26.536+0000][1][safepoint    ] Safepoint "BulkRevokeBias", Time since last: 4662954 ns, Reaching safepoint: 185310 ns, At safepoint: 315149 ns, Total: 500459 ns
[2020-09-11T16:04:26.541+0000][1][safepoint    ] Safepoint "RevokeBias", Time since last: 4661252 ns, Reaching safepoint: 170296 ns, At safepoint: 122442 ns, Total: 292738 ns
[2020-09-11T16:04:26.545+0000][1][safepoint    ] Safepoint "RevokeBias", Time since last: 3670135 ns, Reaching safepoint: 106055 ns, At safepoint: 131611 ns, Total: 237666 ns
[2020-09-11T16:04:26.573+0000][1][gc,start     ] GC(82) Pause Young (Allocation Failure)
[2020-09-11T16:04:26.573+0000][1][gc,task      ] GC(82) Using 1 workers of 1 for evacuation
[2020-09-11T16:04:26.594+0000][1][gc,age       ] GC(82) Desired survivor size 4358144 bytes, new threshold 6 (max threshold 6)
[2020-09-11T16:04:26.594+0000][1][gc,age       ] GC(82) Age table with threshold 6 (max threshold 6)
[2020-09-11T16:04:26.594+0000][1][gc,age       ] GC(82) - age   1:    3206232 bytes,    3206232 total
[2020-09-11T16:04:26.594+0000][1][gc,heap      ] GC(82) ParNew: 76672K->5847K(76672K)
[2020-09-11T16:04:26.594+0000][1][gc,heap      ] GC(82) CMS: 106390K->111225K(2011968K)
[2020-09-11T16:04:26.594+0000][1][gc,metaspace ] GC(82) Metaspace: 91506K->91506K(1134592K)
[2020-09-11T16:04:26.594+0000][1][gc           ] GC(82) Pause Young (Allocation Failure) 178M->114M(2039M) 21.493ms
[2020-09-11T16:04:26.594+0000][1][gc,cpu       ] GC(82) User=0.02s Sys=0.00s Real=0.03s
[2020-09-11T16:04:26.603+0000][1][safepoint    ] Safepoint "GenCollectForAllocation", Time since last: 27168557 ns, Reaching safepoint: 401293 ns, At safepoint: 30133226 ns, Total: 30534519 ns
[2020-09-11T16:04:26.610+0000][1][safepoint    ] Safepoint "RevokeBias", Time since last: 412492 ns, Reaching safepoint: 294363 ns, At safepoint: 6557872 ns, Total: 6852235 ns
[2020-09-11T16:04:26.610+0000][1][safepoint    ] Safepoint "RevokeBias", Time since last: 62538 ns, Reaching safepoint: 188378 ns, At safepoint: 23742 ns, Total: 212120 ns
[2020-09-11T16:04:26.611+0000][1][safepoint    ] Safepoint "RevokeBias", Time since last: 810362 ns, Reaching safepoint: 142380 ns, At safepoint: 164256 ns, Total: 306636 ns
[2020-09-11T16:04:26.614+0000][1][safepoint    ] Safepoint "RevokeBias", Time since last: 1957067 ns, Reaching safepoint: 260844 ns, At safepoint: 30605 ns, Total: 291449 ns
[2020-09-11T16:04:26.619+0000][1][safepoint    ] Safepoint "RevokeBias", Time since last: 4907612 ns, Reaching safepoint: 307738 ns, At safepoint: 42532 ns, Total: 350270 ns
[2020-09-11T16:04:26.624+0000][1][safepoint    ] Safepoint "RevokeBias", Time since last: 4961983 ns, Reaching safepoint: 293086 ns, At safepoint: 24085 ns, Total: 317171 ns
[2020-09-11T16:04:26.625+0000][1][safepoint    ] Safepoint "RevokeBias", Time since last: 528510 ns, Reaching safepoint: 153313 ns, At safepoint: 17265 ns, Total: 170578 ns
[2020-09-11T16:04:26.625+0000][1][safepoint    ] Safepoint "RevokeBias", Time since last: 244374 ns, Reaching safepoint: 121461 ns, At safepoint: 189180 ns, Total: 310641 ns
[2020-09-11T16:04:26.634+0000][1][safepoint    ] Safepoint "Deoptimize", Time since last: 7315234 ns, Reaching safepoint: 188432 ns, At safepoint: 827437 ns, Total: 1015869 ns
[2020-09-11T16:04:26.678+0000][1][safepoint    ] Safepoint "RevokeBias", Time since last: 43777917 ns, Reaching safepoint: 665483 ns, At safepoint: 214653 ns, Total: 880136 ns
[2020-09-11T16:04:26.679+0000][1][safepoint    ] Safepoint "RevokeBias", Time since last: 720204 ns, Reaching safepoint: 124841 ns, At safepoint: 99509 ns, Total: 224350 ns
[2020-09-11T16:04:26.681+0000][1][safepoint    ] Safepoint "RevokeBias", Time since last: 497377 ns, Reaching safepoint: 473898 ns, At safepoint: 186010 ns, Total: 659908 ns
[2020-09-11T16:04:26.728+0000][1][safepoint    ] Safepoint "RevokeBias", Time since last: 46443580 ns, Reaching safepoint: 944807 ns, At safepoint: 166718 ns, Total: 1111525 ns
[2020-09-11T16:04:26.731+0000][1][safepoint    ] Safepoint "RevokeBias", Time since last: 2925179 ns, Reaching safepoint: 148715 ns, At safepoint: 18833 ns, Total: 167548 ns
[2020-09-11T16:04:26.744+0000][1][safepoint    ] Safepoint "RevokeBias", Time since last: 12206440 ns, Reaching safepoint: 184478 ns, At safepoint: 20473 ns, Total: 204951 ns
[2020-09-11T16:04:26.746+0000][1][safepoint    ] Safepoint "RevokeBias", Time since last: 1815069 ns, Reaching safepoint: 153560 ns, At safepoint: 129823 ns, Total: 283383 ns
[2020-09-11T16:04:26.771+0000][1][gc,start     ] GC(83) Pause Young (Allocation Failure)
[2020-09-11T16:04:26.771+0000][1][gc,task      ] GC(83) Using 1 workers of 1 for evacuation
[2020-09-11T16:04:26.797+0000][1][gc,age       ] GC(83) Desired survivor size 4358144 bytes, new threshold 1 (max threshold 6)
[2020-09-11T16:04:26.797+0000][1][gc,age       ] GC(83) Age table with threshold 1 (max threshold 6)
[2020-09-11T16:04:26.797+0000][1][gc,age       ] GC(83) - age   1:    5063040 bytes,    5063040 total
[2020-09-11T16:04:26.797+0000][1][gc,age       ] GC(83) - age   2:     374072 bytes,    5437112 total
[2020-09-11T16:04:26.797+0000][1][gc,heap      ] GC(83) ParNew: 73999K->7907K(76672K)
[2020-09-11T16:04:26.797+0000][1][gc,heap      ] GC(83) CMS: 111225K->111225K(2011968K)
[2020-09-11T16:04:26.797+0000][1][gc,metaspace ] GC(83) Metaspace: 91657K->91657K(1134592K)
[2020-09-11T16:04:26.797+0000][1][gc           ] GC(83) Pause Young (Allocation Failure) 180M->116M(2039M) 26.894ms
[2020-09-11T16:04:26.797+0000][1][gc,cpu       ] GC(83) User=0.03s Sys=0.00s Real=0.03s
[2020-09-11T16:04:26.812+0000][1][safepoint    ] Safepoint "GenCollectForAllocation", Time since last: 20441292 ns, Reaching safepoint: 4336112 ns, At safepoint: 41093090 ns, Total: 45429202 ns
[2020-09-11T16:04:26.829+0000][1][safepoint    ] Safepoint "RevokeBias", Time since last: 17188632 ns, Reaching safepoint: 262440 ns, At safepoint: 192682 ns, Total: 455122 ns
[2020-09-11T16:04:26.831+0000][1][safepoint    ] Safepoint "RevokeBias", Time since last: 1840366 ns, Reaching safepoint: 137653 ns, At safepoint: 165262 ns, Total: 302915 ns
[2020-09-11T16:04:26.832+0000][1][safepoint    ] Safepoint "RevokeBias", Time since last: 113850 ns, Reaching safepoint: 119075 ns, At safepoint: 147247 ns, Total: 266322 ns
[2020-09-11T16:04:26.833+0000][1][safepoint    ] Safepoint "RevokeBias", Time since last: 1047146 ns, Reaching safepoint: 125627 ns, At safepoint: 99636 ns, Total: 225263 ns
[2020-09-11T16:04:26.870+0000][1][safepoint    ] Safepoint "RevokeBias", Time since last: 36169574 ns, Reaching safepoint: 318970 ns, At safepoint: 184902 ns, Total: 503872 ns
[2020-09-11T16:04:26.888+0000][1][safepoint    ] Safepoint "RevokeBias", Time since last: 17709343 ns, Reaching safepoint: 182090 ns, At safepoint: 21961 ns, Total: 204051 ns
[2020-09-11T16:04:26.889+0000][1][safepoint    ] Safepoint "RevokeBias", Time since last: 1139038 ns, Reaching safepoint: 154451 ns, At safepoint: 18010 ns, Total: 172461 ns
[2020-09-11T16:04:26.955+0000][1][safepoint    ] Safepoint "RevokeBias", Time since last: 66090318 ns, Reaching safepoint: 188605 ns, At safepoint: 20413 ns, Total: 209018 ns
[2020-09-11T16:04:27.294+0000][1][safepoint    ] Safepoint "RevokeBias", Time since last: 338059048 ns, Reaching safepoint: 739816 ns, At safepoint: 23338 ns, Total: 763154 ns
[2020-09-11T16:04:27.637+0000][1][safepoint    ] Safepoint "RevokeBias", Time since last: 342128065 ns, Reaching safepoint: 177441 ns, At safepoint: 167510 ns, Total: 344951 ns
[2020-09-11T16:04:27.744+0000][1][gc,start     ] GC(84) Pause Young (Allocation Failure)
[2020-09-11T16:04:27.744+0000][1][gc,task      ] GC(84) Using 1 workers of 1 for evacuation
[2020-09-11T16:04:27.780+0000][1][gc,age       ] GC(84) Desired survivor size 4358144 bytes, new threshold 6 (max threshold 6)
[2020-09-11T16:04:27.780+0000][1][gc,age       ] GC(84) Age table with threshold 6 (max threshold 6)
[2020-09-11T16:04:27.780+0000][1][gc,age       ] GC(84) - age   1:    3292888 bytes,    3292888 total
[2020-09-11T16:04:27.780+0000][1][gc,heap      ] GC(84) ParNew: 75712K->4641K(76672K)
[2020-09-11T16:04:27.780+0000][1][gc,heap      ] GC(84) CMS: 111225K->113283K(2011968K)
[2020-09-11T16:04:27.780+0000][1][gc,metaspace ] GC(84) Metaspace: 91879K->91879K(1134592K)
[2020-09-11T16:04:27.780+0000][1][gc           ] GC(84) Pause Young (Allocation Failure) 182M->115M(2039M) 36.519ms
[2020-09-11T16:04:27.780+0000][1][gc,cpu       ] GC(84) User=0.02s Sys=0.00s Real=0.03s
[2020-09-11T16:04:27.808+0000][1][safepoint    ] Safepoint "GenCollectForAllocation", Time since last: 101978168 ns, Reaching safepoint: 5413135 ns, At safepoint: 63719550 ns, Total: 69132685 ns
[2020-09-11T16:04:27.814+0000][1][safepoint    ] Safepoint "RevokeBias", Time since last: 5308236 ns, Reaching safepoint: 694795 ns, At safepoint: 23105 ns, Total: 717900 ns
[2020-09-11T16:04:27.834+0000][1][safepoint    ] Safepoint "RevokeBias", Time since last: 9679326 ns, Reaching safepoint: 3807357 ns, At safepoint: 6685728 ns, Total: 10493085 ns
[2020-09-11T16:04:27.835+0000][1][safepoint    ] Safepoint "RevokeBias", Time since last: 770228 ns, Reaching safepoint: 187761 ns, At safepoint: 31641 ns, Total: 219402 ns
[2020-09-11T16:04:27.977+0000][1][safepoint    ] Safepoint "RevokeBias", Time since last: 141536889 ns, Reaching safepoint: 204054 ns, At safepoint: 233345 ns, Total: 437399 ns
[2020-09-11T16:04:27.980+0000][1][safepoint    ] Safepoint "RevokeBias", Time since last: 1471364 ns, Reaching safepoint: 1477246 ns, At safepoint: 189827 ns, Total: 1667073 ns
[2020-09-11T16:04:27.992+0000][1][safepoint    ] Safepoint "RevokeBias", Time since last: 9921179 ns, Reaching safepoint: 1791565 ns, At safepoint: 206791 ns, Total: 1998356 ns
[2020-09-11T16:04:27.993+0000][1][safepoint    ] Safepoint "RevokeBias", Time since last: 370358 ns, Reaching safepoint: 162719 ns, At safepoint: 153526 ns, Total: 316245 ns
[2020-09-11T16:04:27.994+0000][1][safepoint    ] Safepoint "RevokeBias", Time since last: 107985 ns, Reaching safepoint: 167290 ns, At safepoint: 694737 ns, Total: 862027 ns
[2020-09-11T16:04:27.997+0000][1][safepoint    ] Safepoint "RevokeBias", Time since last: 66470 ns, Reaching safepoint: 3276079 ns, At safepoint: 168117 ns, Total: 3444196 ns
[2020-09-11T16:04:28.119+0000][1][safepoint    ] Safepoint "RevokeBias", Time since last: 121289159 ns, Reaching safepoint: 209570 ns, At safepoint: 129858 ns, Total: 339428 ns
[2020-09-11T16:04:28.127+0000][1][safepoint    ] Safepoint "RevokeBias", Time since last: 6105036 ns, Reaching safepoint: 2302030 ns, At safepoint: 25713 ns, Total: 2327743 ns
[2020-09-11T16:04:28.131+0000][1][safepoint    ] Safepoint "BulkRevokeBias", Time since last: 3704543 ns, Reaching safepoint: 184526 ns, At safepoint: 338783 ns, Total: 523309 ns
[2020-09-11T16:04:28.708+0000][1][safepoint    ] Safepoint "RevokeBias", Time since last: 576624508 ns, Reaching safepoint: 108098 ns, At safepoint: 19308 ns, Total: 127406 ns
[2020-09-11T16:04:29.265+0000][1][gc,start     ] GC(85) Pause Young (Allocation Failure)
[2020-09-11T16:04:29.265+0000][1][gc,task      ] GC(85) Using 1 workers of 1 for evacuation
[2020-09-11T16:04:29.332+0000][1][gc,age       ] GC(85) Desired survivor size 4358144 bytes, new threshold 6 (max threshold 6)
[2020-09-11T16:04:29.332+0000][1][gc,age       ] GC(85) Age table with threshold 6 (max threshold 6)
[2020-09-11T16:04:29.332+0000][1][gc,age       ] GC(85) - age   1:    1712040 bytes,    1712040 total
[2020-09-11T16:04:29.332+0000][1][gc,age       ] GC(85) - age   2:    2118488 bytes,    3830528 total
[2020-09-11T16:04:29.332+0000][1][gc,heap      ] GC(85) ParNew: 72706K->7144K(76672K)
[2020-09-11T16:04:29.332+0000][1][gc,heap      ] GC(85) CMS: 113283K->113283K(2011968K)
[2020-09-11T16:04:29.332+0000][1][gc,metaspace ] GC(85) Metaspace: 92108K->92108K(1134592K)
[2020-09-11T16:04:29.332+0000][1][gc           ] GC(85) Pause Young (Allocation Failure) 181M->117M(2039M) 66.927ms
[2020-09-11T16:04:29.332+0000][1][gc,cpu       ] GC(85) User=0.03s Sys=0.00s Real=0.06s
[2020-09-11T16:04:29.336+0000][1][safepoint    ] Safepoint "GenCollectForAllocation", Time since last: 556713373 ns, Reaching safepoint: 184644 ns, At safepoint: 70829919 ns, Total: 71014563 ns
[2020-09-11T16:04:29.454+0000][1][safepoint    ] Safepoint "RevokeBias", Time since last: 117578828 ns, Reaching safepoint: 152299 ns, At safepoint: 20741 ns, Total: 173040 ns
[2020-09-11T16:04:29.460+0000][1][safepoint    ] Safepoint "RevokeBias", Time since last: 6114745 ns, Reaching safepoint: 285932 ns, At safepoint: 19379 ns, Total: 305311 ns
[2020-09-11T16:04:29.460+0000][1][safepoint    ] Safepoint "RevokeBias", Time since last: 153726 ns, Reaching safepoint: 103064 ns, At safepoint: 15202 ns, Total: 118266 ns
[2020-09-11T16:04:29.460+0000][1][safepoint    ] Safepoint "RevokeBias", Time since last: 32781 ns, Reaching safepoint: 97169 ns, At safepoint: 12821 ns, Total: 109990 ns
[2020-09-11T16:04:29.461+0000][1][safepoint    ] Safepoint "RevokeBias", Time since last: 71863 ns, Reaching safepoint: 112100 ns, At safepoint: 13336 ns, Total: 125436 ns
[2020-09-11T16:04:29.464+0000][1][safepoint    ] Safepoint "RevokeBias", Time since last: 49711 ns, Reaching safepoint: 3229121 ns, At safepoint: 40059 ns, Total: 3269180 ns
[2020-09-11T16:04:29.766+0000][1][safepoint    ] Safepoint "RevokeBias", Time since last: 301631683 ns, Reaching safepoint: 169861 ns, At safepoint: 21690 ns, Total: 191551 ns
[2020-09-11T16:04:30.766+0000][1][safepoint    ] Safepoint "Cleanup", Time since last: 1000111303 ns, Reaching safepoint: 92189 ns, At safepoint: 6574 ns, Total: 98763 ns
[2020-09-11T16:04:30.790+0000][1][safepoint    ] Safepoint "RevokeBias", Time since last: 23619201 ns, Reaching safepoint: 84148 ns, At safepoint: 29777 ns, Total: 113925 ns
[2020-09-11T16:04:30.791+0000][1][safepoint    ] Safepoint "RevokeBias", Time since last: 1526844 ns, Reaching safepoint: 183383 ns, At safepoint: 21319 ns, Total: 204702 ns
[2020-09-11T16:04:31.792+0000][1][safepoint    ] Safepoint "Cleanup", Time since last: 1000094939 ns, Reaching safepoint: 202279 ns, At safepoint: 8985 ns, Total: 211264 ns
[2020-09-11T16:04:31.798+0000][1][safepoint    ] Safepoint "RevokeBias", Time since last: 5708423 ns, Reaching safepoint: 774680 ns, At safepoint: 182193 ns, Total: 956873 ns
[2020-09-11T16:04:31.855+0000][1][gc,start     ] GC(86) Pause Young (Allocation Failure)
[2020-09-11T16:04:31.855+0000][1][gc,task      ] GC(86) Using 1 workers of 1 for evacuation
[2020-09-11T16:04:31.952+0000][1][gc,age       ] GC(86) Desired survivor size 4358144 bytes, new threshold 1 (max threshold 6)
[2020-09-11T16:04:31.952+0000][1][gc,age       ] GC(86) Age table with threshold 1 (max threshold 6)
[2020-09-11T16:04:31.952+0000][1][gc,age       ] GC(86) - age   1:    6482448 bytes,    6482448 total
[2020-09-11T16:04:31.952+0000][1][gc,age       ] GC(86) - age   2:    1195712 bytes,    7678160 total
[2020-09-11T16:04:31.952+0000][1][gc,age       ] GC(86) - age   3:     454504 bytes,    8132664 total
[2020-09-11T16:04:31.952+0000][1][gc,heap      ] GC(86) ParNew: 74887K->8512K(76672K)
[2020-09-11T16:04:31.952+0000][1][gc,heap      ] GC(86) CMS: 113283K->113283K(2011968K)
[2020-09-11T16:04:31.952+0000][1][gc,metaspace ] GC(86) Metaspace: 92332K->92332K(1134592K)
[2020-09-11T16:04:31.952+0000][1][gc           ] GC(86) Pause Young (Allocation Failure) 183M->118M(2039M) 96.683ms
[2020-09-11T16:04:31.952+0000][1][gc,cpu       ] GC(86) User=0.03s Sys=0.00s Real=0.09s
[2020-09-11T16:04:31.977+0000][1][safepoint    ] Safepoint "GenCollectForAllocation", Time since last: 56479716 ns, Reaching safepoint: 236318 ns, At safepoint: 122050138 ns, Total: 122286456 ns
[2020-09-11T16:04:32.109+0000][1][safepoint    ] Safepoint "RevokeBias", Time since last: 126423435 ns, Reaching safepoint: 5007047 ns, At safepoint: 239790 ns, Total: 5246837 ns
[2020-09-11T16:04:32.112+0000][1][safepoint    ] Safepoint "RevokeBias", Time since last: 3117834 ns, Reaching safepoint: 152792 ns, At safepoint: 171115 ns, Total: 323907 ns
[2020-09-11T16:04:32.113+0000][1][safepoint    ] Safepoint "RevokeBias", Time since last: 133958 ns, Reaching safepoint: 117080 ns, At safepoint: 141725 ns, Total: 258805 ns
[2020-09-11T16:04:32.113+0000][1][safepoint    ] Safepoint "RevokeBias", Time since last: 33566 ns, Reaching safepoint: 110755 ns, At safepoint: 142703 ns, Total: 253458 ns
[2020-09-11T16:04:32.113+0000][1][safepoint    ] Safepoint "RevokeBias", Time since last: 75815 ns, Reaching safepoint: 114595 ns, At safepoint: 140276 ns, Total: 254871 ns
[2020-09-11T16:04:32.114+0000][1][safepoint    ] Safepoint "RevokeBias", Time since last: 47388 ns, Reaching safepoint: 110137 ns, At safepoint: 138617 ns, Total: 248754 ns
[2020-09-11T16:04:32.198+0000][1][safepoint    ] Safepoint "RevokeBias", Time since last: 84515162 ns, Reaching safepoint: 194325 ns, At safepoint: 201258 ns, Total: 395583 ns
[2020-09-11T16:04:32.215+0000][1][safepoint    ] Safepoint "RevokeBias", Time since last: 13190836 ns, Reaching safepoint: 3276221 ns, At safepoint: 24175 ns, Total: 3300396 ns
[2020-09-11T16:04:33.216+0000][1][safepoint    ] Safepoint "Cleanup", Time since last: 1001234844 ns, Reaching safepoint: 125063 ns, At safepoint: 5994 ns, Total: 131057 ns
[2020-09-11T16:04:33.217+0000][1][safepoint    ] Safepoint "RevokeBias", Time since last: 620020 ns, Reaching safepoint: 32039 ns, At safepoint: 19588 ns, Total: 51627 ns
[2020-09-11T16:04:33.287+0000][1][gc,start     ] GC(87) Pause Young (Allocation Failure)
[2020-09-11T16:04:33.287+0000][1][gc,task      ] GC(87) Using 1 workers of 1 for evacuation
[2020-09-11T16:04:33.329+0000][1][gc,age       ] GC(87) Desired survivor size 4358144 bytes, new threshold 6 (max threshold 6)
[2020-09-11T16:04:33.329+0000][1][gc,age       ] GC(87) Age table with threshold 6 (max threshold 6)
[2020-09-11T16:04:33.329+0000][1][gc,age       ] GC(87) - age   1:     528040 bytes,     528040 total
[2020-09-11T16:04:33.329+0000][1][gc,heap      ] GC(87) ParNew: 76672K->6530K(76672K)
[2020-09-11T16:04:33.329+0000][1][gc,heap      ] GC(87) CMS: 113283K->117831K(2011968K)
[2020-09-11T16:04:33.329+0000][1][gc,metaspace ] GC(87) Metaspace: 92388K->92388K(1134592K)
[2020-09-11T16:04:33.329+0000][1][gc           ] GC(87) Pause Young (Allocation Failure) 185M->121M(2039M) 42.353ms
[2020-09-11T16:04:33.329+0000][1][gc,cpu       ] GC(87) User=0.02s Sys=0.00s Real=0.04s
[2020-09-11T16:04:33.337+0000][1][safepoint    ] Safepoint "GenCollectForAllocation", Time since last: 69493718 ns, Reaching safepoint: 145629 ns, At safepoint: 50235715 ns, Total: 50381344 ns
[2020-09-11T16:04:33.385+0000][1][safepoint    ] Safepoint "RevokeBias", Time since last: 47909617 ns, Reaching safepoint: 143801 ns, At safepoint: 21680 ns, Total: 165481 ns
[2020-09-11T16:04:33.385+0000][1][safepoint    ] Safepoint "RevokeBias", Time since last: 214730 ns, Reaching safepoint: 96163 ns, At safepoint: 11810 ns, Total: 107973 ns
[2020-09-11T16:04:33.386+0000][1][safepoint    ] Safepoint "RevokeBias", Time since last: 128231 ns, Reaching safepoint: 100566 ns, At safepoint: 13175 ns, Total: 113741 ns
[2020-09-11T16:04:33.386+0000][1][safepoint    ] Safepoint "RevokeBias", Time since last: 35271 ns, Reaching safepoint: 96430 ns, At safepoint: 11613 ns, Total: 108043 ns
[2020-09-11T16:04:33.386+0000][1][safepoint    ] Safepoint "RevokeBias", Time since last: 69303 ns, Reaching safepoint: 30423 ns, At safepoint: 10413 ns, Total: 40836 ns
[2020-09-11T16:04:33.386+0000][1][safepoint    ] Safepoint "RevokeBias", Time since last: 49009 ns, Reaching safepoint: 25475 ns, At safepoint: 9927 ns, Total: 35402 ns
[2020-09-11T16:04:33.488+0000][1][safepoint    ] Safepoint "RevokeBias", Time since last: 102069008 ns, Reaching safepoint: 143388 ns, At safepoint: 21181 ns, Total: 164569 ns
[2020-09-11T16:04:33.652+0000][1][safepoint    ] Safepoint "RevokeBias", Time since last: 162558992 ns, Reaching safepoint: 1085501 ns, At safepoint: 20543 ns, Total: 1106044 ns
[2020-09-11T16:04:33.653+0000][1][safepoint    ] Safepoint "RevokeBias", Time since last: 75162 ns, Reaching safepoint: 969815 ns, At safepoint: 16645 ns, Total: 986460 ns
[2020-09-11T16:04:33.653+0000][1][safepoint    ] Safepoint "RevokeBias", Time since last: 87410 ns, Reaching safepoint: 104647 ns, At safepoint: 12697 ns, Total: 117344 ns
[2020-09-11T16:04:33.653+0000][1][safepoint    ] Safepoint "RevokeBias", Time since last: 55977 ns, Reaching safepoint: 102207 ns, At safepoint: 11846 ns, Total: 114053 ns
[2020-09-11T16:04:33.654+0000][1][safepoint    ] Safepoint "RevokeBias", Time since last: 53435 ns, Reaching safepoint: 281953 ns, At safepoint: 12901 ns, Total: 294854 ns
[2020-09-11T16:04:33.655+0000][1][safepoint    ] Safepoint "RevokeBias", Time since last: 321099 ns, Reaching safepoint: 682991 ns, At safepoint: 15634 ns, Total: 698625 ns
[2020-09-11T16:04:33.810+0000][1][safepoint    ] Safepoint "RevokeBias", Time since last: 154534296 ns, Reaching safepoint: 709565 ns, At safepoint: 21261 ns, Total: 730826 ns
[2020-09-11T16:04:33.810+0000][1][safepoint    ] Safepoint "RevokeBias", Time since last: 75076 ns, Reaching safepoint: 304076 ns, At safepoint: 15115 ns, Total: 319191 ns
[2020-09-11T16:04:33.810+0000][1][safepoint    ] Safepoint "RevokeBias", Time since last: 35301 ns, Reaching safepoint: 108002 ns, At safepoint: 12674 ns, Total: 120676 ns
[2020-09-11T16:04:34.167+0000][1][safepoint    ] Safepoint "RevokeBias", Time since last: 354264635 ns, Reaching safepoint: 2039363 ns, At safepoint: 25997 ns, Total: 2065360 ns
[2020-09-11T16:04:35.167+0000][1][safepoint    ] Safepoint "Cleanup", Time since last: 1000115554 ns, Reaching safepoint: 207940 ns, At safepoint: 9669 ns, Total: 217609 ns
[2020-09-11T16:04:35.475+0000][1][gc,start     ] GC(88) Pause Young (Allocation Failure)
[2020-09-11T16:04:35.475+0000][1][gc,task      ] GC(88) Using 1 workers of 1 for evacuation
[2020-09-11T16:04:35.532+0000][1][gc,age       ] GC(88) Desired survivor size 4358144 bytes, new threshold 1 (max threshold 6)
[2020-09-11T16:04:35.532+0000][1][gc,age       ] GC(88) Age table with threshold 1 (max threshold 6)
[2020-09-11T16:04:35.532+0000][1][gc,age       ] GC(88) - age   1:    6876856 bytes,    6876856 total
[2020-09-11T16:04:35.532+0000][1][gc,age       ] GC(88) - age   2:     456864 bytes,    7333720 total
[2020-09-11T16:04:35.532+0000][1][gc,heap      ] GC(88) ParNew: 74690K->8512K(76672K)
[2020-09-11T16:04:35.532+0000][1][gc,heap      ] GC(88) CMS: 117831K->117831K(2011968K)
[2020-09-11T16:04:35.532+0000][1][gc,metaspace ] GC(88) Metaspace: 92426K->92426K(1134592K)
[2020-09-11T16:04:35.532+0000][1][gc           ] GC(88) Pause Young (Allocation Failure) 188M->123M(2039M) 56.840ms
[2020-09-11T16:04:35.532+0000][1][gc,cpu       ] GC(88) User=0.03s Sys=0.00s Real=0.05s
[2020-09-11T16:04:35.549+0000][1][safepoint    ] Safepoint "GenCollectForAllocation", Time since last: 307682913 ns, Reaching safepoint: 179389 ns, At safepoint: 73989472 ns, Total: 74168861 ns
[2020-09-11T16:04:35.560+0000][1][safepoint    ] Safepoint "RevokeBias", Time since last: 10585867 ns, Reaching safepoint: 663416 ns, At safepoint: 197246 ns, Total: 860662 ns
[2020-09-11T16:04:35.686+0000][1][safepoint    ] Safepoint "RevokeBias", Time since last: 125367803 ns, Reaching safepoint: 213461 ns, At safepoint: 163512 ns, Total: 376973 ns
[2020-09-11T16:04:35.686+0000][1][safepoint    ] Safepoint "RevokeBias", Time since last: 109132 ns, Reaching safepoint: 157217 ns, At safepoint: 130821 ns, Total: 288038 ns
[2020-09-11T16:04:35.687+0000][1][safepoint    ] Safepoint "RevokeBias", Time since last: 117673 ns, Reaching safepoint: 74481 ns, At safepoint: 128459 ns, Total: 202940 ns
[2020-09-11T16:04:35.687+0000][1][safepoint    ] Safepoint "RevokeBias", Time since last: 40976 ns, Reaching safepoint: 66205 ns, At safepoint: 112027 ns, Total: 178232 ns
[2020-09-11T16:04:35.687+0000][1][safepoint    ] Safepoint "RevokeBias", Time since last: 72630 ns, Reaching safepoint: 91761 ns, At safepoint: 116620 ns, Total: 208381 ns
[2020-09-11T16:04:35.688+0000][1][safepoint    ] Safepoint "RevokeBias", Time since last: 50293 ns, Reaching safepoint: 60905 ns, At safepoint: 112549 ns, Total: 173454 ns
[2020-09-11T16:04:35.795+0000][1][safepoint    ] Safepoint "RevokeBias", Time since last: 106843990 ns, Reaching safepoint: 159855 ns, At safepoint: 22430 ns, Total: 182285 ns
[2020-09-11T16:04:36.792+0000][1][safepoint    ] Safepoint "RevokeBias", Time since last: 996831979 ns, Reaching safepoint: 94990 ns, At safepoint: 25579 ns, Total: 120569 ns
[2020-09-11T16:04:36.818+0000][1][safepoint    ] Safepoint "RevokeBias", Time since last: 26119115 ns, Reaching safepoint: 71880 ns, At safepoint: 23578 ns, Total: 95458 ns
[2020-09-11T16:04:36.837+0000][1][gc,start     ] GC(89) Pause Young (Allocation Failure)
[2020-09-11T16:04:36.837+0000][1][gc,task      ] GC(89) Using 1 workers of 1 for evacuation
[2020-09-11T16:04:36.887+0000][1][gc,age       ] GC(89) Desired survivor size 4358144 bytes, new threshold 6 (max threshold 6)
[2020-09-11T16:04:36.887+0000][1][gc,age       ] GC(89) Age table with threshold 6 (max threshold 6)
[2020-09-11T16:04:36.887+0000][1][gc,age       ] GC(89) - age   1:    2489424 bytes,    2489424 total
[2020-09-11T16:04:36.887+0000][1][gc,heap      ] GC(89) ParNew: 76167K->5803K(76672K)
[2020-09-11T16:04:36.887+0000][1][gc,heap      ] GC(89) CMS: 117831K->120543K(2011968K)
[2020-09-11T16:04:36.887+0000][1][gc,metaspace ] GC(89) Metaspace: 92466K->92466K(1134592K)
[2020-09-11T16:04:36.888+0000][1][gc           ] GC(89) Pause Young (Allocation Failure) 189M->123M(2039M) 50.567ms
[2020-09-11T16:04:36.888+0000][1][gc,cpu       ] GC(89) User=0.02s Sys=0.00s Real=0.05s
[2020-09-11T16:04:36.921+0000][1][safepoint    ] Safepoint "GenCollectForAllocation", Time since last: 19057536 ns, Reaching safepoint: 144845 ns, At safepoint: 83828876 ns, Total: 83973721 ns
[2020-09-11T16:04:36.991+0000][1][safepoint    ] Safepoint "RevokeBias", Time since last: 69587367 ns, Reaching safepoint: 150506 ns, At safepoint: 20231 ns, Total: 170737 ns
[2020-09-11T16:04:36.991+0000][1][safepoint    ] Safepoint "RevokeBias", Time since last: 254353 ns, Reaching safepoint: 97870 ns, At safepoint: 12014 ns, Total: 109884 ns
[2020-09-11T16:04:36.997+0000][1][safepoint    ] Safepoint "RevokeBias", Time since last: 108971 ns, Reaching safepoint: 5878638 ns, At safepoint: 32074 ns, Total: 5910712 ns
[2020-09-11T16:04:37.001+0000][1][safepoint    ] Safepoint "RevokeBias", Time since last: 77752 ns, Reaching safepoint: 3909063 ns, At safepoint: 31501 ns, Total: 3940564 ns
[2020-09-11T16:04:37.001+0000][1][safepoint    ] Safepoint "BulkRevokeBias", Time since last: 146219 ns, Reaching safepoint: 109310 ns, At safepoint: 179098 ns, Total: 288408 ns
[2020-09-11T16:04:37.116+0000][1][safepoint    ] Safepoint "RevokeBias", Time since last: 108112815 ns, Reaching safepoint: 5944439 ns, At safepoint: 198219 ns, Total: 6142658 ns
[2020-09-11T16:04:37.960+0000][1][gc,start     ] GC(90) Pause Young (Allocation Failure)
[2020-09-11T16:04:37.960+0000][1][gc,task      ] GC(90) Using 1 workers of 1 for evacuation
[2020-09-11T16:04:37.988+0000][1][gc,age       ] GC(90) Desired survivor size 4358144 bytes, new threshold 1 (max threshold 6)
[2020-09-11T16:04:37.989+0000][1][gc,age       ] GC(90) Age table with threshold 1 (max threshold 6)
[2020-09-11T16:04:37.989+0000][1][gc,age       ] GC(90) - age   1:    4708368 bytes,    4708368 total
[2020-09-11T16:04:37.989+0000][1][gc,age       ] GC(90) - age   2:     101240 bytes,    4809608 total
[2020-09-11T16:04:37.989+0000][1][gc,heap      ] GC(90) ParNew: 73963K->4725K(76672K)
[2020-09-11T16:04:37.989+0000][1][gc,heap      ] GC(90) CMS: 120543K->120543K(2011968K)
[2020-09-11T16:04:37.989+0000][1][gc,metaspace ] GC(90) Metaspace: 92481K->92481K(1134592K)
[2020-09-11T16:04:37.989+0000][1][gc           ] GC(90) Pause Young (Allocation Failure) 189M->122M(2039M) 28.571ms
[2020-09-11T16:04:37.989+0000][1][gc,cpu       ] GC(90) User=0.01s Sys=0.00s Real=0.03s
[2020-09-11T16:04:37.993+0000][1][safepoint    ] Safepoint "GenCollectForAllocation", Time since last: 844211093 ns, Reaching safepoint: 201921 ns, At safepoint: 32770807 ns, Total: 32972728 ns
[2020-09-11T16:04:38.120+0000][1][safepoint    ] Safepoint "RevokeBias", Time since last: 127093975 ns, Reaching safepoint: 79071 ns, At safepoint: 21642 ns, Total: 100713 ns
[2020-09-11T16:04:38.269+0000][1][safepoint    ] Safepoint "RevokeBias", Time since last: 148817209 ns, Reaching safepoint: 166311 ns, At safepoint: 22931 ns, Total: 189242 ns
[2020-09-11T16:04:38.269+0000][1][safepoint    ] Safepoint "RevokeBias", Time since last: 161386 ns, Reaching safepoint: 96805 ns, At safepoint: 12508 ns, Total: 109313 ns
[2020-09-11T16:04:38.269+0000][1][safepoint    ] Safepoint "RevokeBias", Time since last: 125908 ns, Reaching safepoint: 99763 ns, At safepoint: 11431 ns, Total: 111194 ns
[2020-09-11T16:04:38.270+0000][1][safepoint    ] Safepoint "RevokeBias", Time since last: 33781 ns, Reaching safepoint: 95050 ns, At safepoint: 10684 ns, Total: 105734 ns
[2020-09-11T16:04:38.396+0000][1][safepoint    ] Safepoint "RevokeBias", Time since last: 125752213 ns, Reaching safepoint: 145238 ns, At safepoint: 22708 ns, Total: 167946 ns
[2020-09-11T16:04:38.414+0000][1][safepoint    ] Safepoint "RevokeBias", Time since last: 17840945 ns, Reaching safepoint: 133661 ns, At safepoint: 18923 ns, Total: 152584 ns
[2020-09-11T16:04:38.418+0000][1][safepoint    ] Safepoint "RevokeBias", Time since last: 3895816 ns, Reaching safepoint: 133859 ns, At safepoint: 21488 ns, Total: 155347 ns
[2020-09-11T16:04:38.418+0000][1][safepoint    ] Safepoint "RevokeBias", Time since last: 315853 ns, Reaching safepoint: 102921 ns, At safepoint: 12978 ns, Total: 115899 ns
[2020-09-11T16:04:38.418+0000][1][safepoint    ] Safepoint "RevokeBias", Time since last: 35672 ns, Reaching safepoint: 97213 ns, At safepoint: 12257 ns, Total: 109470 ns
[2020-09-11T16:04:38.429+0000][1][safepoint    ] Safepoint "RevokeBias", Time since last: 10634079 ns, Reaching safepoint: 160203 ns, At safepoint: 22408 ns, Total: 182611 ns
[2020-09-11T16:04:38.432+0000][1][safepoint    ] Safepoint "RevokeBias", Time since last: 3349540 ns, Reaching safepoint: 55910 ns, At safepoint: 21060 ns, Total: 76970 ns
[2020-09-11T16:04:39.059+0000][1][gc,start     ] GC(91) Pause Young (Allocation Failure)
[2020-09-11T16:04:39.059+0000][1][gc,task      ] GC(91) Using 1 workers of 1 for evacuation
[2020-09-11T16:04:39.120+0000][1][gc,age       ] GC(91) Desired survivor size 4358144 bytes, new threshold 6 (max threshold 6)
[2020-09-11T16:04:39.120+0000][1][gc,age       ] GC(91) Age table with threshold 6 (max threshold 6)
[2020-09-11T16:04:39.120+0000][1][gc,age       ] GC(91) - age   1:     631776 bytes,     631776 total
[2020-09-11T16:04:39.120+0000][1][gc,heap      ] GC(91) ParNew: 72885K->4113K(76672K)
[2020-09-11T16:04:39.120+0000][1][gc,heap      ] GC(91) CMS: 120543K->121875K(2011968K)
[2020-09-11T16:04:39.120+0000][1][gc,metaspace ] GC(91) Metaspace: 92596K->92596K(1134592K)
[2020-09-11T16:04:39.120+0000][1][gc           ] GC(91) Pause Young (Allocation Failure) 188M->123M(2039M) 61.198ms
[2020-09-11T16:04:39.120+0000][1][gc,cpu       ] GC(91) User=0.03s Sys=0.00s Real=0.06s
[2020-09-11T16:04:39.120+0000][1][safepoint    ] Safepoint "GenCollectForAllocation", Time since last: 626066412 ns, Reaching safepoint: 162308 ns, At safepoint: 61285968 ns, Total: 61448276 ns
[2020-09-11T16:04:39.161+0000][1][safepoint    ] Safepoint "RevokeBias", Time since last: 41175805 ns, Reaching safepoint: 231280 ns, At safepoint: 24646 ns, Total: 255926 ns
[2020-09-11T16:04:39.604+0000][1][safepoint    ] Safepoint "ICBufferFull", Time since last: 442611607 ns, Reaching safepoint: 282432 ns, At safepoint: 13073 ns, Total: 295505 ns
[2020-09-11T16:04:39.824+0000][1][gc,start     ] GC(92) Pause Young (Allocation Failure)
[2020-09-11T16:04:39.824+0000][1][gc,task      ] GC(92) Using 1 workers of 1 for evacuation
[2020-09-11T16:04:39.840+0000][1][gc,age       ] GC(92) Desired survivor size 4358144 bytes, new threshold 2 (max threshold 6)
[2020-09-11T16:04:39.840+0000][1][gc,age       ] GC(92) Age table with threshold 2 (max threshold 6)
[2020-09-11T16:04:39.840+0000][1][gc,age       ] GC(92) - age   1:    4341232 bytes,    4341232 total
[2020-09-11T16:04:39.840+0000][1][gc,age       ] GC(92) - age   2:     408016 bytes,    4749248 total
[2020-09-11T16:04:39.841+0000][1][gc,heap      ] GC(92) ParNew: 72273K->5720K(76672K)
[2020-09-11T16:04:39.841+0000][1][gc,heap      ] GC(92) CMS: 121875K->121875K(2011968K)
[2020-09-11T16:04:39.841+0000][1][gc,metaspace ] GC(92) Metaspace: 92660K->92660K(1134592K)
[2020-09-11T16:04:39.841+0000][1][gc           ] GC(92) Pause Young (Allocation Failure) 189M->124M(2039M) 16.719ms
[2020-09-11T16:04:39.841+0000][1][gc,cpu       ] GC(92) User=0.02s Sys=0.00s Real=0.01s
[2020-09-11T16:04:39.849+0000][1][safepoint    ] Safepoint "GenCollectForAllocation", Time since last: 219335111 ns, Reaching safepoint: 233223 ns, At safepoint: 24946074 ns, Total: 25179297 ns
[2020-09-11T16:04:40.149+0000][1][safepoint    ] Safepoint "RevokeBias", Time since last: 299569542 ns, Reaching safepoint: 218000 ns, At safepoint: 22246 ns, Total: 240246 ns
[2020-09-11T16:04:40.438+0000][1][safepoint    ] Safepoint "RevokeBias", Time since last: 289314938 ns, Reaching safepoint: 72557 ns, At safepoint: 20185 ns, Total: 92742 ns
[2020-09-11T16:04:40.525+0000][1][gc,start     ] GC(93) Pause Young (Allocation Failure)
[2020-09-11T16:04:40.525+0000][1][gc,task      ] GC(93) Using 1 workers of 1 for evacuation
[2020-09-11T16:04:40.554+0000][1][gc,age       ] GC(93) Desired survivor size 4358144 bytes, new threshold 6 (max threshold 6)
[2020-09-11T16:04:40.554+0000][1][gc,age       ] GC(93) Age table with threshold 6 (max threshold 6)
[2020-09-11T16:04:40.554+0000][1][gc,age       ] GC(93) - age   1:     643640 bytes,     643640 total
[2020-09-11T16:04:40.554+0000][1][gc,age       ] GC(93) - age   2:    2462608 bytes,    3106248 total
[2020-09-11T16:04:40.554+0000][1][gc,heap      ] GC(93) ParNew: 73493K->3764K(76672K)
[2020-09-11T16:04:40.554+0000][1][gc,heap      ] GC(93) CMS: 121875K->121999K(2011968K)
[2020-09-11T16:04:40.554+0000][1][gc,metaspace ] GC(93) Metaspace: 92779K->92779K(1134592K)
[2020-09-11T16:04:40.554+0000][1][gc           ] GC(93) Pause Young (Allocation Failure) 190M->122M(2039M) 28.772ms
[2020-09-11T16:04:40.554+0000][1][gc,cpu       ] GC(93) User=0.01s Sys=0.00s Real=0.03s
[2020-09-11T16:04:40.571+0000][1][safepoint    ] Safepoint "GenCollectForAllocation", Time since last: 87093602 ns, Reaching safepoint: 174086 ns, At safepoint: 46165788 ns, Total: 46339874 ns
[2020-09-11T16:04:40.605+0000][1][safepoint    ] Safepoint "RevokeBias", Time since last: 33361943 ns, Reaching safepoint: 157316 ns, At safepoint: 24343 ns, Total: 181659 ns
[2020-09-11T16:04:40.605+0000][1][safepoint    ] Safepoint "RevokeBias", Time since last: 164217 ns, Reaching safepoint: 105348 ns, At safepoint: 15570 ns, Total: 120918 ns
[2020-09-11T16:04:40.605+0000][1][safepoint    ] Safepoint "RevokeBias", Time since last: 39611 ns, Reaching safepoint: 142972 ns, At safepoint: 14024 ns, Total: 156996 ns
[2020-09-11T16:04:40.606+0000][1][safepoint    ] Safepoint "RevokeBias", Time since last: 42693 ns, Reaching safepoint: 103353 ns, At safepoint: 14160 ns, Total: 117513 ns
[2020-09-11T16:04:40.699+0000][1][safepoint    ] Safepoint "RevokeBias", Time since last: 93492075 ns, Reaching safepoint: 145198 ns, At safepoint: 18081 ns, Total: 163279 ns
[2020-09-11T16:04:40.705+0000][1][safepoint    ] Safepoint "RevokeBias", Time since last: 5512715 ns, Reaching safepoint: 137499 ns, At safepoint: 9381 ns, Total: 146880 ns
[2020-09-11T16:04:40.741+0000][1][safepoint    ] Safepoint "RevokeBias", Time since last: 35993669 ns, Reaching safepoint: 151869 ns, At safepoint: 19959 ns, Total: 171828 ns
[2020-09-11T16:04:40.744+0000][1][safepoint    ] Safepoint "RevokeBias", Time since last: 2903499 ns, Reaching safepoint: 52283 ns, At safepoint: 16381 ns, Total: 68664 ns
[2020-09-11T16:04:40.744+0000][1][safepoint    ] Safepoint "RevokeBias", Time since last: 152575 ns, Reaching safepoint: 27214 ns, At safepoint: 11746 ns, Total: 38960 ns
[2020-09-11T16:04:41.745+0000][1][safepoint    ] Safepoint "Cleanup", Time since last: 1000148848 ns, Reaching safepoint: 129962 ns, At safepoint: 6481 ns, Total: 136443 ns
[2020-09-11T16:04:42.677+0000][1][safepoint    ] Safepoint "RevokeBias", Time since last: 931910717 ns, Reaching safepoint: 177910 ns, At safepoint: 26947 ns, Total: 204857 ns
[2020-09-11T16:04:43.544+0000][1][safepoint    ] Safepoint "ICBufferFull", Time since last: 866727431 ns, Reaching safepoint: 258058 ns, At safepoint: 11684 ns, Total: 269742 ns
[2020-09-11T16:04:43.673+0000][1][safepoint    ] Safepoint "RevokeBias", Time since last: 129163719 ns, Reaching safepoint: 201463 ns, At safepoint: 25179 ns, Total: 226642 ns
[2020-09-11T16:04:43.674+0000][1][safepoint    ] Safepoint "RevokeBias", Time since last: 589297 ns, Reaching safepoint: 118168 ns, At safepoint: 14064 ns, Total: 132232 ns
[2020-09-11T16:04:43.674+0000][1][safepoint    ] Safepoint "RevokeBias", Time since last: 62775 ns, Reaching safepoint: 458343 ns, At safepoint: 14777 ns, Total: 473120 ns
[2020-09-11T16:04:43.764+0000][1][safepoint    ] Safepoint "RevokeBias", Time since last: 89924575 ns, Reaching safepoint: 103890 ns, At safepoint: 130192 ns, Total: 234082 ns
[2020-09-11T16:04:43.789+0000][1][gc,start     ] GC(94) Pause Young (Allocation Failure)
[2020-09-11T16:04:43.789+0000][1][gc,task      ] GC(94) Using 1 workers of 1 for evacuation
[2020-09-11T16:04:43.832+0000][1][gc,age       ] GC(94) Desired survivor size 4358144 bytes, new threshold 1 (max threshold 6)
[2020-09-11T16:04:43.832+0000][1][gc,age       ] GC(94) Age table with threshold 1 (max threshold 6)
[2020-09-11T16:04:43.832+0000][1][gc,age       ] GC(94) - age   1:    4690232 bytes,    4690232 total
[2020-09-11T16:04:43.832+0000][1][gc,age       ] GC(94) - age   2:      14416 bytes,    4704648 total
[2020-09-11T16:04:43.832+0000][1][gc,age       ] GC(94) - age   3:       7728 bytes,    4712376 total
[2020-09-11T16:04:43.832+0000][1][gc,heap      ] GC(94) ParNew: 71924K->6432K(76672K)
[2020-09-11T16:04:43.832+0000][1][gc,heap      ] GC(94) CMS: 121999K->121999K(2011968K)
[2020-09-11T16:04:43.832+0000][1][gc,metaspace ] GC(94) Metaspace: 92802K->92802K(1134592K)
[2020-09-11T16:04:43.832+0000][1][gc           ] GC(94) Pause Young (Allocation Failure) 189M->125M(2039M) 43.576ms
[2020-09-11T16:04:43.832+0000][1][gc,cpu       ] GC(94) User=0.02s Sys=0.00s Real=0.04s
[2020-09-11T16:04:43.855+0000][1][safepoint    ] Safepoint "GenCollectForAllocation", Time since last: 22032416 ns, Reaching safepoint: 2349229 ns, At safepoint: 66023294 ns, Total: 68372523 ns
[2020-09-11T16:04:44.130+0000][1][safepoint    ] Safepoint "BulkRevokeBias", Time since last: 274362576 ns, Reaching safepoint: 113056 ns, At safepoint: 219136 ns, Total: 332192 ns
[2020-09-11T16:04:44.130+0000][1][safepoint    ] Safepoint "RevokeBias", Time since last: 137215 ns, Reaching safepoint: 35736 ns, At safepoint: 12243 ns, Total: 47979 ns
[2020-09-11T16:04:44.130+0000][1][safepoint    ] Safepoint "BulkRevokeBias", Time since last: 33356 ns, Reaching safepoint: 30969 ns, At safepoint: 153482 ns, Total: 184451 ns
[2020-09-11T16:04:44.724+0000][1][safepoint    ] Safepoint "BulkRevokeBias", Time since last: 594016751 ns, Reaching safepoint: 146878 ns, At safepoint: 204329 ns, Total: 351207 ns
[2020-09-11T16:04:45.184+0000][1][safepoint    ] Safepoint "RevokeBias", Time since last: 459510145 ns, Reaching safepoint: 81639 ns, At safepoint: 25130 ns, Total: 106769 ns
[2020-09-11T16:04:46.184+0000][1][safepoint    ] Safepoint "Cleanup", Time since last: 1000122956 ns, Reaching safepoint: 118618 ns, At safepoint: 9302 ns, Total: 127920 ns
[2020-09-11T16:04:46.199+0000][1][safepoint    ] Safepoint "RevokeBias", Time since last: 14624708 ns, Reaching safepoint: 72993 ns, At safepoint: 16977 ns, Total: 89970 ns
[2020-09-11T16:04:46.428+0000][1][safepoint    ] Safepoint "RevokeBias", Time since last: 228806714 ns, Reaching safepoint: 81579 ns, At safepoint: 20546 ns, Total: 102125 ns
[2020-09-11T16:04:46.428+0000][1][safepoint    ] Safepoint "RevokeBias", Time since last: 60737 ns, Reaching safepoint: 26411 ns, At safepoint: 10870 ns, Total: 37281 ns
[2020-09-11T16:04:46.445+0000][1][safepoint    ] Safepoint "RevokeBias", Time since last: 17428832 ns, Reaching safepoint: 71571 ns, At safepoint: 20415 ns, Total: 91986 ns
[2020-09-11T16:04:46.479+0000][1][safepoint    ] Safepoint "RevokeBias", Time since last: 33304530 ns, Reaching safepoint: 70803 ns, At safepoint: 18657 ns, Total: 89460 ns
[2020-09-11T16:04:47.154+0000][1][safepoint    ] Safepoint "RevokeBias", Time since last: 674820897 ns, Reaching safepoint: 155120 ns, At safepoint: 19060 ns, Total: 174180 ns
[2020-09-11T16:04:47.163+0000][1][safepoint    ] Safepoint "RevokeBias", Time since last: 8622184 ns, Reaching safepoint: 116870 ns, At safepoint: 25248 ns, Total: 142118 ns
[2020-09-11T16:04:47.278+0000][1][safepoint    ] Safepoint "RevokeBias", Time since last: 115692812 ns, Reaching safepoint: 162814 ns, At safepoint: 23662 ns, Total: 186476 ns
[2020-09-11T16:04:47.779+0000][1][safepoint    ] Safepoint "RevokeBias", Time since last: 499108654 ns, Reaching safepoint: 1156198 ns, At safepoint: 191591 ns, Total: 1347789 ns
[2020-09-11T16:04:47.781+0000][1][gc,start     ] GC(95) Pause Young (Allocation Failure)
[2020-09-11T16:04:47.781+0000][1][gc,task      ] GC(95) Using 1 workers of 1 for evacuation
[2020-09-11T16:04:47.860+0000][1][gc,age       ] GC(95) Desired survivor size 4358144 bytes, new threshold 6 (max threshold 6)
[2020-09-11T16:04:47.860+0000][1][gc,age       ] GC(95) Age table with threshold 6 (max threshold 6)
[2020-09-11T16:04:47.860+0000][1][gc,age       ] GC(95) - age   1:    4251656 bytes,    4251656 total
[2020-09-11T16:04:47.860+0000][1][gc,heap      ] GC(95) ParNew: 74433K->4255K(76672K)
[2020-09-11T16:04:47.860+0000][1][gc,heap      ] GC(95) CMS: 121999K->122219K(2011968K)
[2020-09-11T16:04:47.860+0000][1][gc,metaspace ] GC(95) Metaspace: 92839K->92839K(1134592K)
[2020-09-11T16:04:47.860+0000][1][gc           ] GC(95) Pause Young (Allocation Failure) 191M->123M(2039M) 79.824ms
[2020-09-11T16:04:47.860+0000][1][gc,cpu       ] GC(95) User=0.01s Sys=0.00s Real=0.08s
[2020-09-11T16:04:47.937+0000][1][safepoint    ] Safepoint "GenCollectForAllocation", Time since last: 846713 ns, Reaching safepoint: 841290 ns, At safepoint: 156392835 ns, Total: 157234125 ns
[2020-09-11T16:04:48.065+0000][1][safepoint    ] Safepoint "RevokeBias", Time since last: 127760249 ns, Reaching safepoint: 183820 ns, At safepoint: 21407 ns, Total: 205227 ns
[2020-09-11T16:04:48.076+0000][1][safepoint    ] Safepoint "RevokeBias", Time since last: 10091725 ns, Reaching safepoint: 229520 ns, At safepoint: 197647 ns, Total: 427167 ns
[2020-09-11T16:04:48.082+0000][1][safepoint    ] Safepoint "RevokeBias", Time since last: 5807453 ns, Reaching safepoint: 267290 ns, At safepoint: 192271 ns, Total: 459561 ns
[2020-09-11T16:04:48.137+0000][1][safepoint    ] Safepoint "RevokeBias", Time since last: 55333416 ns, Reaching safepoint: 196265 ns, At safepoint: 23437 ns, Total: 219702 ns
[2020-09-11T16:04:48.197+0000][1][safepoint    ] Safepoint "RevokeBias", Time since last: 50406063 ns, Reaching safepoint: 9138223 ns, At safepoint: 198921 ns, Total: 9337144 ns
[2020-09-11T16:04:48.929+0000][1][gc,start     ] GC(96) Pause Young (Allocation Failure)
[2020-09-11T16:04:48.929+0000][1][gc,task      ] GC(96) Using 1 workers of 1 for evacuation
[2020-09-11T16:04:48.988+0000][1][gc,age       ] GC(96) Desired survivor size 4358144 bytes, new threshold 2 (max threshold 6)
[2020-09-11T16:04:48.988+0000][1][gc,age       ] GC(96) Age table with threshold 2 (max threshold 6)
[2020-09-11T16:04:48.988+0000][1][gc,age       ] GC(96) - age   1:    3384360 bytes,    3384360 total
[2020-09-11T16:04:48.988+0000][1][gc,age       ] GC(96) - age   2:    1483024 bytes,    4867384 total
[2020-09-11T16:04:48.988+0000][1][gc,heap      ] GC(96) ParNew: 72415K->8355K(76672K)
[2020-09-11T16:04:48.988+0000][1][gc,heap      ] GC(96) CMS: 122219K->122219K(2011968K)
[2020-09-11T16:04:48.988+0000][1][gc,metaspace ] GC(96) Metaspace: 92841K->92841K(1134592K)
[2020-09-11T16:04:48.988+0000][1][gc           ] GC(96) Pause Young (Allocation Failure) 190M->127M(2039M) 58.957ms
[2020-09-11T16:04:48.988+0000][1][gc,cpu       ] GC(96) User=0.02s Sys=0.00s Real=0.06s
[2020-09-11T16:04:49.005+0000][1][safepoint    ] Safepoint "GenCollectForAllocation", Time since last: 731717098 ns, Reaching safepoint: 192689 ns, At safepoint: 75842130 ns, Total: 76034819 ns
[2020-09-11T16:04:49.156+0000][1][safepoint    ] Safepoint "RevokeBias", Time since last: 150710458 ns, Reaching safepoint: 286135 ns, At safepoint: 23655 ns, Total: 309790 ns
[2020-09-11T16:04:49.170+0000][1][safepoint    ] Safepoint "RevokeBias", Time since last: 13980428 ns, Reaching safepoint: 273618 ns, At safepoint: 21222 ns, Total: 294840 ns
[2020-09-11T16:04:49.173+0000][1][safepoint    ] Safepoint "RevokeBias", Time since last: 2713425 ns, Reaching safepoint: 225638 ns, At safepoint: 19525 ns, Total: 245163 ns
[2020-09-11T16:04:49.226+0000][1][safepoint    ] Safepoint "RevokeBias", Time since last: 52381507 ns, Reaching safepoint: 266845 ns, At safepoint: 22950 ns, Total: 289795 ns
[2020-09-11T16:04:49.254+0000][1][safepoint    ] Safepoint "RevokeBias", Time since last: 27539149 ns, Reaching safepoint: 194877 ns, At safepoint: 192010 ns, Total: 386887 ns
[2020-09-11T16:04:49.671+0000][1][safepoint    ] Safepoint "RevokeBias", Time since last: 416963978 ns, Reaching safepoint: 200013 ns, At safepoint: 166903 ns, Total: 366916 ns
[2020-09-11T16:04:49.671+0000][1][safepoint    ] Safepoint "RevokeBias", Time since last: 69623 ns, Reaching safepoint: 130638 ns, At safepoint: 144277 ns, Total: 274915 ns
[2020-09-11T16:04:49.950+0000][1][gc,start     ] GC(97) Pause Young (Allocation Failure)
[2020-09-11T16:04:49.950+0000][1][gc,task      ] GC(97) Using 1 workers of 1 for evacuation
[2020-09-11T16:04:50.015+0000][1][gc,age       ] GC(97) Desired survivor size 4358144 bytes, new threshold 1 (max threshold 6)
[2020-09-11T16:04:50.015+0000][1][gc,age       ] GC(97) Age table with threshold 1 (max threshold 6)
[2020-09-11T16:04:50.015+0000][1][gc,age       ] GC(97) - age   1:    6328880 bytes,    6328880 total
[2020-09-11T16:04:50.015+0000][1][gc,age       ] GC(97) - age   2:     744640 bytes,    7073520 total
[2020-09-11T16:04:50.015+0000][1][gc,heap      ] GC(97) ParNew: 76515K->8480K(76672K)
[2020-09-11T16:04:50.015+0000][1][gc,heap      ] GC(97) CMS: 122219K->123675K(2011968K)
[2020-09-11T16:04:50.015+0000][1][gc,metaspace ] GC(97) Metaspace: 92885K->92885K(1134592K)
[2020-09-11T16:04:50.015+0000][1][gc           ] GC(97) Pause Young (Allocation Failure) 194M->129M(2039M) 65.675ms
[2020-09-11T16:04:50.015+0000][1][gc,cpu       ] GC(97) User=0.02s Sys=0.00s Real=0.07s
[2020-09-11T16:04:50.100+0000][1][safepoint    ] Safepoint "GenCollectForAllocation", Time since last: 278015719 ns, Reaching safepoint: 198287 ns, At safepoint: 150561986 ns, Total: 150760273 ns
[2020-09-11T16:04:50.127+0000][1][safepoint    ] Safepoint "RevokeBias", Time since last: 12658647 ns, Reaching safepoint: 13828050 ns, At safepoint: 84559 ns, Total: 13912609 ns
[2020-09-11T16:04:50.130+0000][1][safepoint    ] Safepoint "RevokeBias", Time since last: 2501510 ns, Reaching safepoint: 211490 ns, At safepoint: 179292 ns, Total: 390782 ns
[2020-09-11T16:04:50.137+0000][1][safepoint    ] Safepoint "RevokeBias", Time since last: 7203177 ns, Reaching safepoint: 192454 ns, At safepoint: 69059 ns, Total: 261513 ns
[2020-09-11T16:04:50.138+0000][1][safepoint    ] Safepoint "RevokeBias", Time since last: 588836 ns, Reaching safepoint: 132104 ns, At safepoint: 62736 ns, Total: 194840 ns
[2020-09-11T16:04:50.148+0000][1][safepoint    ] Safepoint "RevokeBias", Time since last: 9686051 ns, Reaching safepoint: 194300 ns, At safepoint: 78108 ns, Total: 272408 ns
[2020-09-11T16:04:50.237+0000][1][safepoint    ] Safepoint "RevokeBias", Time since last: 83009892 ns, Reaching safepoint: 6088471 ns, At safepoint: 73313 ns, Total: 6161784 ns
[2020-09-11T16:04:50.237+0000][1][safepoint    ] Safepoint "RevokeBias", Time since last: 81626 ns, Reaching safepoint: 116653 ns, At safepoint: 42337 ns, Total: 158990 ns
[2020-09-11T16:04:51.025+0000][1][safepoint    ] Safepoint "RevokeBias", Time since last: 768429578 ns, Reaching safepoint: 19301873 ns, At safepoint: 37355 ns, Total: 19339228 ns
[2020-09-11T16:04:51.214+0000][1][safepoint    ] Safepoint "RevokeBias", Time since last: 188348863 ns, Reaching safepoint: 782093 ns, At safepoint: 201270 ns, Total: 983363 ns
[2020-09-11T16:04:51.349+0000][1][gc,start     ] GC(98) Pause Young (Allocation Failure)
[2020-09-11T16:04:51.349+0000][1][gc,task      ] GC(98) Using 1 workers of 1 for evacuation
[2020-09-11T16:04:51.425+0000][1][gc,age       ] GC(98) Desired survivor size 4358144 bytes, new threshold 6 (max threshold 6)
[2020-09-11T16:04:51.425+0000][1][gc,age       ] GC(98) Age table with threshold 6 (max threshold 6)
[2020-09-11T16:04:51.425+0000][1][gc,age       ] GC(98) - age   1:    2217352 bytes,    2217352 total
[2020-09-11T16:04:51.425+0000][1][gc,heap      ] GC(98) ParNew: 76640K->5887K(76672K)
[2020-09-11T16:04:51.425+0000][1][gc,heap      ] GC(98) CMS: 123675K->127153K(2011968K)
[2020-09-11T16:04:51.425+0000][1][gc,metaspace ] GC(98) Metaspace: 92917K->92917K(1134592K)
[2020-09-11T16:04:51.425+0000][1][gc           ] GC(98) Pause Young (Allocation Failure) 195M->129M(2039M) 76.106ms
[2020-09-11T16:04:51.425+0000][1][gc,cpu       ] GC(98) User=0.01s Sys=0.00s Real=0.08s
[2020-09-11T16:04:51.445+0000][1][safepoint    ] Safepoint "GenCollectForAllocation", Time since last: 131185065 ns, Reaching safepoint: 3423391 ns, At safepoint: 96018268 ns, Total: 99441659 ns
[2020-09-11T16:04:51.463+0000][1][safepoint    ] Safepoint "RevokeBias", Time since last: 15575977 ns, Reaching safepoint: 111090 ns, At safepoint: 2357321 ns, Total: 2468411 ns
[2020-09-11T16:04:51.473+0000][1][safepoint    ] Safepoint "RevokeBias", Time since last: 72070 ns, Reaching safepoint: 94735 ns, At safepoint: 9647604 ns, Total: 9742339 ns
[2020-09-11T16:04:51.503+0000][1][safepoint    ] Safepoint "RevokeBias", Time since last: 30437932 ns, Reaching safepoint: 193695 ns, At safepoint: 22455 ns, Total: 216150 ns
[2020-09-11T16:04:51.510+0000][1][safepoint    ] Safepoint "RevokeBias", Time since last: 6283689 ns, Reaching safepoint: 158631 ns, At safepoint: 23364 ns, Total: 181995 ns
[2020-09-11T16:04:51.570+0000][1][safepoint    ] Safepoint "RevokeBias", Time since last: 59629102 ns, Reaching safepoint: 155684 ns, At safepoint: 22369 ns, Total: 178053 ns
[2020-09-11T16:04:51.570+0000][1][safepoint    ] Safepoint "RevokeBias", Time since last: 204358 ns, Reaching safepoint: 106356 ns, At safepoint: 14576 ns, Total: 120932 ns
[2020-09-11T16:04:51.570+0000][1][safepoint    ] Safepoint "RevokeBias", Time since last: 43080 ns, Reaching safepoint: 102552 ns, At safepoint: 12589 ns, Total: 115141 ns
[2020-09-11T16:04:51.570+0000][1][safepoint    ] Safepoint "RevokeBias", Time since last: 79760 ns, Reaching safepoint: 101442 ns, At safepoint: 12485 ns, Total: 113927 ns
[2020-09-11T16:04:51.575+0000][1][safepoint    ] Safepoint "RevokeBias", Time since last: 4489261 ns, Reaching safepoint: 157457 ns, At safepoint: 22891 ns, Total: 180348 ns
[2020-09-11T16:04:51.584+0000][1][safepoint    ] Safepoint "RevokeBias", Time since last: 8275085 ns, Reaching safepoint: 158284 ns, At safepoint: 21988 ns, Total: 180272 ns
[2020-09-11T16:04:51.819+0000][1][safepoint    ] Safepoint "RevokeBias", Time since last: 235545807 ns, Reaching safepoint: 146526 ns, At safepoint: 21338 ns, Total: 167864 ns
[2020-09-11T16:04:51.990+0000][1][safepoint    ] Safepoint "RevokeBias", Time since last: 170179472 ns, Reaching safepoint: 144243 ns, At safepoint: 18553 ns, Total: 162796 ns
[2020-09-11T16:04:52.001+0000][1][safepoint    ] Safepoint "RevokeBias", Time since last: 11256639 ns, Reaching safepoint: 152889 ns, At safepoint: 21576 ns, Total: 174465 ns
[2020-09-11T16:04:52.045+0000][1][safepoint    ] Safepoint "RevokeBias", Time since last: 43785693 ns, Reaching safepoint: 156083 ns, At safepoint: 23132 ns, Total: 179215 ns
[2020-09-11T16:04:52.145+0000][1][safepoint    ] Safepoint "RevokeBias", Time since last: 100041363 ns, Reaching safepoint: 72251 ns, At safepoint: 21433 ns, Total: 93684 ns
[2020-09-11T16:04:52.203+0000][1][safepoint    ] Safepoint "RevokeBias", Time since last: 57828816 ns, Reaching safepoint: 90581 ns, At safepoint: 24467 ns, Total: 115048 ns
[2020-09-11T16:04:52.449+0000][1][safepoint    ] Safepoint "RevokeBias", Time since last: 246307326 ns, Reaching safepoint: 80595 ns, At safepoint: 19910 ns, Total: 100505 ns
[2020-09-11T16:04:52.457+0000][1][safepoint    ] Safepoint "RevokeBias", Time since last: 7336134 ns, Reaching safepoint: 164328 ns, At safepoint: 21133 ns, Total: 185461 ns
[2020-09-11T16:04:52.493+0000][1][safepoint    ] Safepoint "RevokeBias", Time since last: 32158790 ns, Reaching safepoint: 3693987 ns, At safepoint: 26526 ns, Total: 3720513 ns
[2020-09-11T16:04:52.493+0000][1][safepoint    ] Safepoint "RevokeBias", Time since last: 141402 ns, Reaching safepoint: 101059 ns, At safepoint: 13201 ns, Total: 114260 ns
[2020-09-11T16:04:53.426+0000][1][gc,start     ] GC(99) Pause Young (Allocation Failure)
[2020-09-11T16:04:53.426+0000][1][gc,task      ] GC(99) Using 1 workers of 1 for evacuation
[2020-09-11T16:04:53.527+0000][1][gc,age       ] GC(99) Desired survivor size 4358144 bytes, new threshold 1 (max threshold 6)
[2020-09-11T16:04:53.527+0000][1][gc,age       ] GC(99) Age table with threshold 1 (max threshold 6)
[2020-09-11T16:04:53.527+0000][1][gc,age       ] GC(99) - age   1:    4369752 bytes,    4369752 total
[2020-09-11T16:04:53.527+0000][1][gc,age       ] GC(99) - age   2:     267632 bytes,    4637384 total
[2020-09-11T16:04:53.527+0000][1][gc,heap      ] GC(99) ParNew: 74039K->6039K(76672K)
[2020-09-11T16:04:53.527+0000][1][gc,heap      ] GC(99) CMS: 127153K->127153K(2011968K)
[2020-09-11T16:04:53.527+0000][1][gc,metaspace ] GC(99) Metaspace: 92941K->92941K(1134592K)
[2020-09-11T16:04:53.529+0000][1][gc           ] GC(99) Pause Young (Allocation Failure) 196M->130M(2039M) 102.794ms
[2020-09-11T16:04:53.529+0000][1][gc,cpu       ] GC(99) User=0.03s Sys=0.00s Real=0.10s
[2020-09-11T16:04:53.561+0000][1][safepoint    ] Safepoint "GenCollectForAllocation", Time since last: 932875092 ns, Reaching safepoint: 275198 ns, At safepoint: 134519646 ns, Total: 134794844 ns
[2020-09-11T16:04:53.683+0000][1][safepoint    ] Safepoint "RevokeBias", Time since last: 115717006 ns, Reaching safepoint: 6684710 ns, At safepoint: 210174 ns, Total: 6894884 ns
[2020-09-11T16:04:53.693+0000][1][safepoint    ] Safepoint "RevokeBias", Time since last: 9470722 ns, Reaching safepoint: 272272 ns, At safepoint: 52436 ns, Total: 324708 ns
[2020-09-11T16:04:53.694+0000][1][safepoint    ] Safepoint "BulkRevokeBias", Time since last: 90293 ns, Reaching safepoint: 119452 ns, At safepoint: 378342 ns, Total: 497794 ns
[2020-09-11T16:04:53.910+0000][1][safepoint    ] Safepoint "RevokeBias", Time since last: 203921038 ns, Reaching safepoint: 12274023 ns, At safepoint: 200300 ns, Total: 12474323 ns
[2020-09-11T16:04:53.911+0000][1][safepoint    ] Safepoint "RevokeBias", Time since last: 81708 ns, Reaching safepoint: 128664 ns, At safepoint: 151420 ns, Total: 280084 ns
[2020-09-11T16:04:54.031+0000][1][safepoint    ] Safepoint "RevokeBias", Time since last: 120173828 ns, Reaching safepoint: 178236 ns, At safepoint: 130341 ns, Total: 308577 ns
[2020-09-11T16:04:54.235+0000][1][gc,start     ] GC(100) Pause Young (Allocation Failure)
[2020-09-11T16:04:54.235+0000][1][gc,task      ] GC(100) Using 1 workers of 1 for evacuation
[2020-09-11T16:04:54.335+0000][1][gc,age       ] GC(100) Desired survivor size 4358144 bytes, new threshold 6 (max threshold 6)
[2020-09-11T16:04:54.335+0000][1][gc,age       ] GC(100) Age table with threshold 6 (max threshold 6)
[2020-09-11T16:04:54.335+0000][1][gc,age       ] GC(100) - age   1:    4013792 bytes,    4013792 total
[2020-09-11T16:04:54.335+0000][1][gc,heap      ] GC(100) ParNew: 74199K->7799K(76672K)
[2020-09-11T16:04:54.335+0000][1][gc,heap      ] GC(100) CMS: 127153K->128837K(2011968K)
[2020-09-11T16:04:54.335+0000][1][gc,metaspace ] GC(100) Metaspace: 92944K->92944K(1134592K)
[2020-09-11T16:04:54.335+0000][1][gc           ] GC(100) Pause Young (Allocation Failure) 196M->133M(2039M) 99.601ms
[2020-09-11T16:04:54.335+0000][1][gc,cpu       ] GC(100) User=0.02s Sys=0.00s Real=0.10s
[2020-09-11T16:04:54.361+0000][1][safepoint    ] Safepoint "GenCollectForAllocation", Time since last: 204023402 ns, Reaching safepoint: 194728 ns, At safepoint: 126108398 ns, Total: 126303126 ns
[2020-09-11T16:04:54.385+0000][1][safepoint    ] Safepoint "RevokeBias", Time since last: 23488719 ns, Reaching safepoint: 279089 ns, At safepoint: 136621 ns, Total: 415710 ns
[2020-09-11T16:04:54.413+0000][1][safepoint    ] Safepoint "RevokeBias", Time since last: 3519021 ns, Reaching safepoint: 24125644 ns, At safepoint: 90349 ns, Total: 24215993 ns
[2020-09-11T16:04:54.453+0000][1][safepoint    ] Safepoint "RevokeBias", Time since last: 36704013 ns, Reaching safepoint: 3197135 ns, At safepoint: 34779 ns, Total: 3231914 ns
[2020-09-11T16:04:54.473+0000][1][safepoint    ] Safepoint "RevokeBias", Time since last: 19878031 ns, Reaching safepoint: 538834 ns, At safepoint: 28966 ns, Total: 567800 ns
[2020-09-11T16:04:54.475+0000][1][safepoint    ] Safepoint "RevokeBias", Time since last: 759667 ns, Reaching safepoint: 507825 ns, At safepoint: 21357 ns, Total: 529182 ns
[2020-09-11T16:04:55.060+0000][1][safepoint    ] Safepoint "RevokeBias", Time since last: 585116825 ns, Reaching safepoint: 195083 ns, At safepoint: 22745 ns, Total: 217828 ns
[2020-09-11T16:04:55.067+0000][1][safepoint    ] Safepoint "RevokeBias", Time since last: 6904377 ns, Reaching safepoint: 117783 ns, At safepoint: 22183 ns, Total: 139966 ns
[2020-09-11T16:04:55.068+0000][1][safepoint    ] Safepoint "RevokeBias", Time since last: 527546 ns, Reaching safepoint: 135940 ns, At safepoint: 15527 ns, Total: 151467 ns
[2020-09-11T16:04:55.068+0000][1][safepoint    ] Safepoint "RevokeBias", Time since last: 43008 ns, Reaching safepoint: 109566 ns, At safepoint: 12243 ns, Total: 121809 ns
[2020-09-11T16:04:55.093+0000][1][safepoint    ] Safepoint "RevokeBias", Time since last: 24797044 ns, Reaching safepoint: 194388 ns, At safepoint: 153123 ns, Total: 347511 ns
[2020-09-11T16:04:55.238+0000][1][safepoint    ] Safepoint "RevokeBias", Time since last: 144329926 ns, Reaching safepoint: 201996 ns, At safepoint: 21360 ns, Total: 223356 ns
[2020-09-11T16:04:55.238+0000][1][safepoint    ] Safepoint "RevokeBias", Time since last: 151689 ns, Reaching safepoint: 111901 ns, At safepoint: 174448 ns, Total: 286349 ns
[2020-09-11T16:04:55.278+0000][1][safepoint    ] Safepoint "RevokeBias", Time since last: 39140239 ns, Reaching safepoint: 1138550 ns, At safepoint: 22236 ns, Total: 1160786 ns
[2020-09-11T16:04:55.279+0000][1][safepoint    ] Safepoint "RevokeBias", Time since last: 77894 ns, Reaching safepoint: 112087 ns, At safepoint: 13217 ns, Total: 125304 ns
[2020-09-11T16:04:55.279+0000][1][safepoint    ] Safepoint "RevokeBias", Time since last: 425977 ns, Reaching safepoint: 111524 ns, At safepoint: 13326 ns, Total: 124850 ns
[2020-09-11T16:04:55.281+0000][1][safepoint    ] Safepoint "RevokeBias", Time since last: 125328 ns, Reaching safepoint: 1611322 ns, At safepoint: 18258 ns, Total: 1629580 ns
[2020-09-11T16:04:56.281+0000][1][safepoint    ] Safepoint "Cleanup", Time since last: 1000110123 ns, Reaching safepoint: 86323 ns, At safepoint: 15016 ns, Total: 101339 ns
[2020-09-11T16:04:56.282+0000][1][safepoint    ] Safepoint "RevokeBias", Time since last: 655952 ns, Reaching safepoint: 35701 ns, At safepoint: 18282 ns, Total: 53983 ns
[2020-09-11T16:04:56.313+0000][1][gc,start     ] GC(101) Pause Young (Allocation Failure)
[2020-09-11T16:04:56.313+0000][1][gc,task      ] GC(101) Using 1 workers of 1 for evacuation
[2020-09-11T16:04:56.366+0000][1][gc,age       ] GC(101) Desired survivor size 4358144 bytes, new threshold 2 (max threshold 6)
[2020-09-11T16:04:56.366+0000][1][gc,age       ] GC(101) Age table with threshold 2 (max threshold 6)
[2020-09-11T16:04:56.366+0000][1][gc,age       ] GC(101) - age   1:    2013440 bytes,    2013440 total
[2020-09-11T16:04:56.366+0000][1][gc,age       ] GC(101) - age   2:    2965432 bytes,    4978872 total
[2020-09-11T16:04:56.366+0000][1][gc,heap      ] GC(101) ParNew: 75845K->4889K(76672K)
[2020-09-11T16:04:56.366+0000][1][gc,heap      ] GC(101) CMS: 128837K->128837K(2011968K)
[2020-09-11T16:04:56.366+0000][1][gc,metaspace ] GC(101) Metaspace: 92952K->92952K(1134592K)
[2020-09-11T16:04:56.366+0000][1][gc           ] GC(101) Pause Young (Allocation Failure) 199M->130M(2039M) 53.522ms
[2020-09-11T16:04:56.366+0000][1][gc,cpu       ] GC(101) User=0.02s Sys=0.00s Real=0.05s
[2020-09-11T16:04:56.389+0000][1][safepoint    ] Safepoint "GenCollectForAllocation", Time since last: 27836919 ns, Reaching safepoint: 3273062 ns, At safepoint: 75938416 ns, Total: 79211478 ns
[2020-09-11T16:04:56.458+0000][1][safepoint    ] Safepoint "RevokeBias", Time since last: 68841307 ns, Reaching safepoint: 652849 ns, At safepoint: 24364 ns, Total: 677213 ns
[2020-09-11T16:04:56.459+0000][1][safepoint    ] Safepoint "RevokeBias", Time since last: 54426 ns, Reaching safepoint: 313198 ns, At safepoint: 15872 ns, Total: 329070 ns
[2020-09-11T16:04:56.521+0000][1][safepoint    ] Safepoint "RevokeBias", Time since last: 61988479 ns, Reaching safepoint: 135205 ns, At safepoint: 21869 ns, Total: 157074 ns
[2020-09-11T16:04:56.705+0000][1][safepoint    ] Safepoint "RevokeBias", Time since last: 184269086 ns, Reaching safepoint: 92022 ns, At safepoint: 22574 ns, Total: 114596 ns
[2020-09-11T16:04:57.585+0000][1][safepoint    ] Safepoint "RevokeBias", Time since last: 850068249 ns, Reaching safepoint: 29608385 ns, At safepoint: 214247 ns, Total: 29822632 ns
[2020-09-11T16:04:57.789+0000][1][safepoint    ] Safepoint "RevokeBias", Time since last: 203925430 ns, Reaching safepoint: 186270 ns, At safepoint: 173147 ns, Total: 359417 ns
[2020-09-11T16:04:57.790+0000][1][safepoint    ] Safepoint "RevokeBias", Time since last: 89417 ns, Reaching safepoint: 116501 ns, At safepoint: 138250 ns, Total: 254751 ns
[2020-09-11T16:04:57.924+0000][1][safepoint    ] Safepoint "RevokeBias", Time since last: 133625955 ns, Reaching safepoint: 186106 ns, At safepoint: 196422 ns, Total: 382528 ns
[2020-09-11T16:04:58.202+0000][1][gc,start     ] GC(102) Pause Young (Allocation Failure)
[2020-09-11T16:04:58.202+0000][1][gc,task      ] GC(102) Using 1 workers of 1 for evacuation
[2020-09-11T16:04:58.342+0000][1][gc,age       ] GC(102) Desired survivor size 4358144 bytes, new threshold 6 (max threshold 6)
[2020-09-11T16:04:58.342+0000][1][gc,age       ] GC(102) Age table with threshold 6 (max threshold 6)
[2020-09-11T16:04:58.342+0000][1][gc,age       ] GC(102) - age   1:    1887280 bytes,    1887280 total
[2020-09-11T16:04:58.342+0000][1][gc,age       ] GC(102) - age   2:     288592 bytes,    2175872 total
[2020-09-11T16:04:58.342+0000][1][gc,heap      ] GC(102) ParNew: 73043K->4257K(76672K)
[2020-09-11T16:04:58.342+0000][1][gc,heap      ] GC(102) CMS: 128837K->131734K(2011968K)
[2020-09-11T16:04:58.342+0000][1][gc,metaspace ] GC(102) Metaspace: 92963K->92963K(1134592K)
[2020-09-11T16:04:58.351+0000][1][gc           ] GC(102) Pause Young (Allocation Failure) 197M->132M(2039M) 148.286ms
[2020-09-11T16:04:58.351+0000][1][gc,cpu       ] GC(102) User=0.03s Sys=0.00s Real=0.14s
[2020-09-11T16:04:58.368+0000][1][safepoint    ] Safepoint "GenCollectForAllocation", Time since last: 278200171 ns, Reaching safepoint: 257956 ns, At safepoint: 166014365 ns, Total: 166272321 ns
[2020-09-11T16:04:59.390+0000][1][safepoint    ] Safepoint "Cleanup", Time since last: 1021444422 ns, Reaching safepoint: 85964 ns, At safepoint: 7831 ns, Total: 93795 ns
[2020-09-11T16:04:59.993+0000][1][safepoint    ] Safepoint "RevokeBias", Time since last: 587605024 ns, Reaching safepoint: 15525879 ns, At safepoint: 209513 ns, Total: 15735392 ns
[2020-09-11T16:05:00.127+0000][1][safepoint    ] Safepoint "RevokeBias", Time since last: 133654847 ns, Reaching safepoint: 153239 ns, At safepoint: 21621 ns, Total: 174860 ns
[2020-09-11T16:05:00.127+0000][1][safepoint    ] Safepoint "RevokeBias", Time since last: 62762 ns, Reaching safepoint: 142790 ns, At safepoint: 13244 ns, Total: 156034 ns
[2020-09-11T16:05:00.250+0000][1][safepoint    ] Safepoint "RevokeBias", Time since last: 122343495 ns, Reaching safepoint: 154152 ns, At safepoint: 20934 ns, Total: 175086 ns
[2020-09-11T16:05:00.933+0000][1][safepoint    ] Safepoint "RevokeBias", Time since last: 679046615 ns, Reaching safepoint: 4125901 ns, At safepoint: 27641 ns, Total: 4153542 ns
[2020-09-11T16:05:01.145+0000][1][gc,start     ] GC(103) Pause Young (Allocation Failure)
[2020-09-11T16:05:01.145+0000][1][gc,task      ] GC(103) Using 1 workers of 1 for evacuation
[2020-09-11T16:05:01.268+0000][1][gc,age       ] GC(103) Desired survivor size 4358144 bytes, new threshold 3 (max threshold 6)
[2020-09-11T16:05:01.268+0000][1][gc,age       ] GC(103) Age table with threshold 3 (max threshold 6)
[2020-09-11T16:05:01.268+0000][1][gc,age       ] GC(103) - age   1:    3746328 bytes,    3746328 total
[2020-09-11T16:05:01.268+0000][1][gc,age       ] GC(103) - age   2:     452784 bytes,    4199112 total
[2020-09-11T16:05:01.268+0000][1][gc,age       ] GC(103) - age   3:     257400 bytes,    4456512 total
[2020-09-11T16:05:01.268+0000][1][gc,heap      ] GC(103) ParNew: 72417K->5583K(76672K)
[2020-09-11T16:05:01.268+0000][1][gc,heap      ] GC(103) CMS: 131734K->131734K(2011968K)
[2020-09-11T16:05:01.268+0000][1][gc,metaspace ] GC(103) Metaspace: 92976K->92976K(1134592K)
[2020-09-11T16:05:01.268+0000][1][gc           ] GC(103) Pause Young (Allocation Failure) 199M->134M(2039M) 122.245ms
[2020-09-11T16:05:01.268+0000][1][gc,cpu       ] GC(103) User=0.04s Sys=0.00s Real=0.12s
[2020-09-11T16:05:01.297+0000][1][safepoint    ] Safepoint "GenCollectForAllocation", Time since last: 212292883 ns, Reaching safepoint: 210747 ns, At safepoint: 151414888 ns, Total: 151625635 ns
[2020-09-11T16:05:01.323+0000][1][safepoint    ] Safepoint "RevokeBias", Time since last: 25829655 ns, Reaching safepoint: 203370 ns, At safepoint: 179157 ns, Total: 382527 ns
[2020-09-11T16:05:01.389+0000][1][safepoint    ] Safepoint "BulkRevokeBias", Time since last: 65774472 ns, Reaching safepoint: 185736 ns, At safepoint: 375415 ns, Total: 561151 ns
[2020-09-11T16:05:01.390+0000][1][safepoint    ] Safepoint "RevokeBias", Time since last: 61155 ns, Reaching safepoint: 118807 ns, At safepoint: 169478 ns, Total: 288285 ns
[2020-09-11T16:05:01.446+0000][1][safepoint    ] Safepoint "RevokeBias", Time since last: 55766040 ns, Reaching safepoint: 177796 ns, At safepoint: 181468 ns, Total: 359264 ns
[2020-09-11T16:05:02.453+0000][1][safepoint    ] Safepoint "Cleanup", Time since last: 1006951053 ns, Reaching safepoint: 81375 ns, At safepoint: 9360 ns, Total: 90735 ns
[2020-09-11T16:05:02.462+0000][1][safepoint    ] Safepoint "RevokeBias", Time since last: 9282564 ns, Reaching safepoint: 70493 ns, At safepoint: 24703 ns, Total: 95196 ns
[2020-09-11T16:05:02.581+0000][1][safepoint    ] Safepoint "RevokeBias", Time since last: 118564222 ns, Reaching safepoint: 162336 ns, At safepoint: 23395 ns, Total: 185731 ns
[2020-09-11T16:05:02.581+0000][1][safepoint    ] Safepoint "RevokeBias", Time since last: 69612 ns, Reaching safepoint: 29795 ns, At safepoint: 11437 ns, Total: 41232 ns
[2020-09-11T16:05:02.639+0000][1][gc,start     ] GC(104) Pause Young (Allocation Failure)
[2020-09-11T16:05:02.639+0000][1][gc,task      ] GC(104) Using 1 workers of 1 for evacuation
[2020-09-11T16:05:02.716+0000][1][gc,age       ] GC(104) Desired survivor size 4358144 bytes, new threshold 6 (max threshold 6)
[2020-09-11T16:05:02.716+0000][1][gc,age       ] GC(104) Age table with threshold 6 (max threshold 6)
[2020-09-11T16:05:02.716+0000][1][gc,age       ] GC(104) - age   1:    1454664 bytes,    1454664 total
[2020-09-11T16:05:02.716+0000][1][gc,age       ] GC(104) - age   2:     697368 bytes,    2152032 total
[2020-09-11T16:05:02.716+0000][1][gc,age       ] GC(104) - age   3:     310296 bytes,    2462328 total
[2020-09-11T16:05:02.716+0000][1][gc,heap      ] GC(104) ParNew: 73743K->3729K(76672K)
[2020-09-11T16:05:02.716+0000][1][gc,heap      ] GC(104) CMS: 131734K->131985K(2011968K)
[2020-09-11T16:05:02.716+0000][1][gc,metaspace ] GC(104) Metaspace: 92980K->92980K(1134592K)
[2020-09-11T16:05:02.716+0000][1][gc           ] GC(104) Pause Young (Allocation Failure) 200M->132M(2039M) 77.582ms
[2020-09-11T16:05:02.716+0000][1][gc,cpu       ] GC(104) User=0.02s Sys=0.00s Real=0.08s
[2020-09-11T16:05:02.753+0000][1][safepoint    ] Safepoint "GenCollectForAllocation", Time since last: 57653668 ns, Reaching safepoint: 135562 ns, At safepoint: 113937452 ns, Total: 114073014 ns
[2020-09-11T16:05:02.753+0000][1][safepoint    ] Safepoint "RevokeBias", Time since last: 153788 ns, Reaching safepoint: 69428 ns, At safepoint: 27524 ns, Total: 96952 ns
[2020-09-11T16:05:02.765+0000][1][safepoint    ] Safepoint "BulkRevokeBias", Time since last: 1023788 ns, Reaching safepoint: 32171 ns, At safepoint: 10390795 ns, Total: 10422966 ns
[2020-09-11T16:05:03.745+0000][1][safepoint    ] Safepoint "RevokeBias", Time since last: 980284954 ns, Reaching safepoint: 165223 ns, At safepoint: 20082 ns, Total: 185305 ns
[2020-09-11T16:05:03.745+0000][1][safepoint    ] Safepoint "RevokeBias", Time since last: 102716 ns, Reaching safepoint: 30141 ns, At safepoint: 11442 ns, Total: 41583 ns
[2020-09-11T16:05:03.745+0000][1][safepoint    ] Safepoint "RevokeBias", Time since last: 42834 ns, Reaching safepoint: 28410 ns, At safepoint: 9444 ns, Total: 37854 ns
[2020-09-11T16:05:03.745+0000][1][safepoint    ] Safepoint "RevokeBias", Time since last: 40566 ns, Reaching safepoint: 27643 ns, At safepoint: 9408 ns, Total: 37051 ns
[2020-09-11T16:05:03.745+0000][1][safepoint    ] Safepoint "RevokeBias", Time since last: 51747 ns, Reaching safepoint: 27660 ns, At safepoint: 9321 ns, Total: 36981 ns
[2020-09-11T16:05:03.745+0000][1][safepoint    ] Safepoint "RevokeBias", Time since last: 42374 ns, Reaching safepoint: 27400 ns, At safepoint: 9413 ns, Total: 36813 ns
[2020-09-11T16:05:03.774+0000][1][safepoint    ] Safepoint "RevokeBias", Time since last: 28457043 ns, Reaching safepoint: 85678 ns, At safepoint: 25089 ns, Total: 110767 ns
[2020-09-11T16:05:03.850+0000][1][safepoint    ] Safepoint "RevokeBias", Time since last: 59259862 ns, Reaching safepoint: 16619834 ns, At safepoint: 27249 ns, Total: 16647083 ns
[2020-09-11T16:05:03.883+0000][1][safepoint    ] Safepoint "RevokeBias", Time since last: 32726354 ns, Reaching safepoint: 164783 ns, At safepoint: 21819 ns, Total: 186602 ns
[2020-09-11T16:05:03.883+0000][1][safepoint    ] Safepoint "RevokeBias", Time since last: 444053 ns, Reaching safepoint: 107828 ns, At safepoint: 13412 ns, Total: 121240 ns
[2020-09-11T16:05:03.950+0000][1][safepoint    ] Safepoint "RevokeBias", Time since last: 66013588 ns, Reaching safepoint: 136692 ns, At safepoint: 20399 ns, Total: 157091 ns
[2020-09-11T16:05:04.414+0000][1][safepoint    ] Safepoint "RevokeBias", Time since last: 464327374 ns, Reaching safepoint: 154664 ns, At safepoint: 18195 ns, Total: 172859 ns
[2020-09-11T16:05:04.994+0000][1][safepoint    ] Safepoint "RevokeBias", Time since last: 578448071 ns, Reaching safepoint: 185821 ns, At safepoint: 1311534 ns, Total: 1497355 ns
[2020-09-11T16:05:05.047+0000][1][gc,start     ] GC(105) Pause Young (Allocation Failure)
[2020-09-11T16:05:05.047+0000][1][gc,task      ] GC(105) Using 1 workers of 1 for evacuation
[2020-09-11T16:05:05.117+0000][1][gc,age       ] GC(105) Desired survivor size 4358144 bytes, new threshold 6 (max threshold 6)
[2020-09-11T16:05:05.117+0000][1][gc,age       ] GC(105) Age table with threshold 6 (max threshold 6)
[2020-09-11T16:05:05.117+0000][1][gc,age       ] GC(105) - age   1:    2207392 bytes,    2207392 total
[2020-09-11T16:05:05.117+0000][1][gc,age       ] GC(105) - age   2:    1022320 bytes,    3229712 total
[2020-09-11T16:05:05.117+0000][1][gc,age       ] GC(105) - age   3:     289672 bytes,    3519384 total
[2020-09-11T16:05:05.117+0000][1][gc,age       ] GC(105) - age   4:     307112 bytes,    3826496 total
[2020-09-11T16:05:05.117+0000][1][gc,heap      ] GC(105) ParNew: 71641K->5471K(76672K)
[2020-09-11T16:05:05.117+0000][1][gc,heap      ] GC(105) CMS: 131985K->131985K(2011968K)
[2020-09-11T16:05:05.117+0000][1][gc,metaspace ] GC(105) Metaspace: 92986K->92986K(1134592K)
[2020-09-11T16:05:05.117+0000][1][gc           ] GC(105) Pause Young (Allocation Failure) 198M->134M(2039M) 70.152ms
[2020-09-11T16:05:05.117+0000][1][gc,cpu       ] GC(105) User=0.01s Sys=0.00s Real=0.07s
[2020-09-11T16:05:05.166+0000][1][safepoint    ] Safepoint "GenCollectForAllocation", Time since last: 50763105 ns, Reaching safepoint: 2228197 ns, At safepoint: 118842470 ns, Total: 121070667 ns
[2020-09-11T16:05:05.305+0000][1][safepoint    ] Safepoint "RevokeBias", Time since last: 137551771 ns, Reaching safepoint: 1469542 ns, At safepoint: 196740 ns, Total: 1666282 ns
[2020-09-11T16:05:05.306+0000][1][safepoint    ] Safepoint "RevokeBias", Time since last: 74230 ns, Reaching safepoint: 781386 ns, At safepoint: 164334 ns, Total: 945720 ns
[2020-09-11T16:05:05.407+0000][1][safepoint    ] Safepoint "RevokeBias", Time since last: 100708445 ns, Reaching safepoint: 221937 ns, At safepoint: 177543 ns, Total: 399480 ns
[2020-09-11T16:05:06.407+0000][1][safepoint    ] Safepoint "Cleanup", Time since last: 1000102530 ns, Reaching safepoint: 93959 ns, At safepoint: 5289 ns, Total: 99248 ns
[2020-09-11T16:05:06.627+0000][1][safepoint    ] Safepoint "RevokeBias", Time since last: 219844601 ns, Reaching safepoint: 86350 ns, At safepoint: 26614 ns, Total: 112964 ns
[2020-09-11T16:05:06.773+0000][1][safepoint    ] Safepoint "RevokeBias", Time since last: 145416391 ns, Reaching safepoint: 158849 ns, At safepoint: 22555 ns, Total: 181404 ns
[2020-09-11T16:05:06.786+0000][1][safepoint    ] Safepoint "RevokeBias", Time since last: 7854855 ns, Reaching safepoint: 5476405 ns, At safepoint: 28104 ns, Total: 5504509 ns
[2020-09-11T16:05:06.892+0000][1][safepoint    ] Safepoint "RevokeBias", Time since last: 105095447 ns, Reaching safepoint: 224919 ns, At safepoint: 20936 ns, Total: 245855 ns
[2020-09-11T16:05:06.928+0000][1][safepoint    ] Safepoint "RevokeBias", Time since last: 36523642 ns, Reaching safepoint: 142110 ns, At safepoint: 17544 ns, Total: 159654 ns
[2020-09-11T16:05:06.955+0000][1][safepoint    ] Safepoint "RevokeBias", Time since last: 26422345 ns, Reaching safepoint: 144889 ns, At safepoint: 18245 ns, Total: 163134 ns
[2020-09-11T16:05:06.955+0000][1][safepoint    ] Safepoint "RevokeBias", Time since last: 267178 ns, Reaching safepoint: 30093 ns, At safepoint: 11325 ns, Total: 41418 ns
[2020-09-11T16:05:06.957+0000][1][safepoint    ] Safepoint "RevokeBias", Time since last: 1772416 ns, Reaching safepoint: 29280 ns, At safepoint: 11612 ns, Total: 40892 ns
[2020-09-11T16:05:06.957+0000][1][safepoint    ] Safepoint "RevokeBias", Time since last: 116461 ns, Reaching safepoint: 26980 ns, At safepoint: 10332 ns, Total: 37312 ns
[2020-09-11T16:05:07.587+0000][1][gc,start     ] GC(106) Pause Young (Allocation Failure)
[2020-09-11T16:05:07.587+0000][1][gc,task      ] GC(106) Using 1 workers of 1 for evacuation
[2020-09-11T16:05:07.680+0000][1][gc,age       ] GC(106) Desired survivor size 4358144 bytes, new threshold 3 (max threshold 6)
[2020-09-11T16:05:07.680+0000][1][gc,age       ] GC(106) Age table with threshold 3 (max threshold 6)
[2020-09-11T16:05:07.680+0000][1][gc,age       ] GC(106) - age   1:    3325912 bytes,    3325912 total
[2020-09-11T16:05:07.680+0000][1][gc,age       ] GC(106) - age   2:     141136 bytes,    3467048 total
[2020-09-11T16:05:07.680+0000][1][gc,age       ] GC(106) - age   3:    1020992 bytes,    4488040 total
[2020-09-11T16:05:07.680+0000][1][gc,age       ] GC(106) - age   4:     288832 bytes,    4776872 total
[2020-09-11T16:05:07.680+0000][1][gc,age       ] GC(106) - age   5:     306496 bytes,    5083368 total
[2020-09-11T16:05:07.680+0000][1][gc,heap      ] GC(106) ParNew: 73631K->6973K(76672K)
[2020-09-11T16:05:07.680+0000][1][gc,heap      ] GC(106) CMS: 131985K->131985K(2011968K)
[2020-09-11T16:05:07.680+0000][1][gc,metaspace ] GC(106) Metaspace: 93068K->93068K(1134592K)
[2020-09-11T16:05:07.680+0000][1][gc           ] GC(106) Pause Young (Allocation Failure) 200M->135M(2039M) 93.393ms
[2020-09-11T16:05:07.680+0000][1][gc,cpu       ] GC(106) User=0.02s Sys=0.00s Real=0.09s
[2020-09-11T16:05:07.717+0000][1][safepoint    ] Safepoint "GenCollectForAllocation", Time since last: 629546901 ns, Reaching safepoint: 204745 ns, At safepoint: 129830407 ns, Total: 130035152 ns
[2020-09-11T16:05:07.999+0000][1][safepoint    ] Safepoint "RevokeBias", Time since last: 269749815 ns, Reaching safepoint: 12762929 ns, At safepoint: 150776 ns, Total: 12913705 ns
[2020-09-11T16:05:08.126+0000][1][safepoint    ] Safepoint "RevokeBias", Time since last: 125723606 ns, Reaching safepoint: 211984 ns, At safepoint: 177586 ns, Total: 389570 ns
[2020-09-11T16:05:08.141+0000][1][safepoint    ] Safepoint "RevokeBias", Time since last: 15233337 ns, Reaching safepoint: 412052 ns, At safepoint: 186207 ns, Total: 598259 ns
[2020-09-11T16:05:08.207+0000][1][safepoint    ] Safepoint "RevokeBias", Time since last: 64953851 ns, Reaching safepoint: 190231 ns, At safepoint: 130043 ns, Total: 320274 ns
[2020-09-11T16:05:09.052+0000][1][safepoint    ] Safepoint "RevokeBias", Time since last: 845357346 ns, Reaching safepoint: 146902 ns, At safepoint: 22098 ns, Total: 169000 ns
[2020-09-11T16:05:09.258+0000][1][safepoint    ] Safepoint "RevokeBias", Time since last: 205614689 ns, Reaching safepoint: 89583 ns, At safepoint: 21362 ns, Total: 110945 ns
[2020-09-11T16:05:09.273+0000][1][gc,start     ] GC(107) Pause Young (Allocation Failure)
[2020-09-11T16:05:09.273+0000][1][gc,task      ] GC(107) Using 1 workers of 1 for evacuation
[2020-09-11T16:05:09.350+0000][1][gc,age       ] GC(107) Desired survivor size 4358144 bytes, new threshold 6 (max threshold 6)
[2020-09-11T16:05:09.350+0000][1][gc,age       ] GC(107) Age table with threshold 6 (max threshold 6)
[2020-09-11T16:05:09.350+0000][1][gc,age       ] GC(107) - age   1:    1861608 bytes,    1861608 total
[2020-09-11T16:05:09.350+0000][1][gc,age       ] GC(107) - age   2:     139200 bytes,    2000808 total
[2020-09-11T16:05:09.350+0000][1][gc,age       ] GC(107) - age   3:     137080 bytes,    2137888 total
[2020-09-11T16:05:09.350+0000][1][gc,heap      ] GC(107) ParNew: 74879K->4594K(76672K)
[2020-09-11T16:05:09.350+0000][1][gc,heap      ] GC(107) CMS: 131985K->133563K(2011968K)
[2020-09-11T16:05:09.350+0000][1][gc,metaspace ] GC(107) Metaspace: 93112K->93112K(1134592K)
[2020-09-11T16:05:09.351+0000][1][gc           ] GC(107) Pause Young (Allocation Failure) 202M->134M(2039M) 77.613ms
[2020-09-11T16:05:09.351+0000][1][gc,cpu       ] GC(107) User=0.02s Sys=0.00s Real=0.07s
[2020-09-11T16:05:09.381+0000][1][safepoint    ] Safepoint "GenCollectForAllocation", Time since last: 12931214 ns, Reaching safepoint: 2026793 ns, At safepoint: 108184709 ns, Total: 110211502 ns
[2020-09-11T16:05:09.417+0000][1][safepoint    ] Safepoint "RevokeBias", Time since last: 33843603 ns, Reaching safepoint: 1940446 ns, At safepoint: 30916 ns, Total: 1971362 ns
[2020-09-11T16:05:09.421+0000][1][safepoint    ] Safepoint "RevokeBias", Time since last: 71559 ns, Reaching safepoint: 3900580 ns, At safepoint: 36715 ns, Total: 3937295 ns
[2020-09-11T16:05:09.471+0000][1][safepoint    ] Safepoint "RevokeBias", Time since last: 50098482 ns, Reaching safepoint: 141830 ns, At safepoint: 20525 ns, Total: 162355 ns
[2020-09-11T16:05:09.485+0000][1][safepoint    ] Safepoint "RevokeBias", Time since last: 13651435 ns, Reaching safepoint: 153110 ns, At safepoint: 9954 ns, Total: 163064 ns
[2020-09-11T16:05:09.539+0000][1][safepoint    ] Safepoint "RevokeBias", Time since last: 52241496 ns, Reaching safepoint: 1674608 ns, At safepoint: 22503 ns, Total: 1697111 ns
[2020-09-11T16:05:09.541+0000][1][safepoint    ] Safepoint "RevokeBias", Time since last: 120481 ns, Reaching safepoint: 1842564 ns, At safepoint: 33967 ns, Total: 1876531 ns
[2020-09-11T16:05:09.541+0000][1][safepoint    ] Safepoint "RevokeBias", Time since last: 186972 ns, Reaching safepoint: 103605 ns, At safepoint: 13203 ns, Total: 116808 ns
[2020-09-11T16:05:10.542+0000][1][safepoint    ] Safepoint "Cleanup", Time since last: 1001163937 ns, Reaching safepoint: 86676 ns, At safepoint: 6865 ns, Total: 93541 ns
[2020-09-11T16:05:11.548+0000][1][safepoint    ] Safepoint "Cleanup", Time since last: 1005377307 ns, Reaching safepoint: 155148 ns, At safepoint: 7796 ns, Total: 162944 ns
[2020-09-11T16:05:11.889+0000][1][safepoint    ] Safepoint "RevokeBias", Time since last: 339669997 ns, Reaching safepoint: 1581582 ns, At safepoint: 201874 ns, Total: 1783456 ns
[2020-09-11T16:05:12.029+0000][1][safepoint    ] Safepoint "RevokeBias", Time since last: 139342797 ns, Reaching safepoint: 284466 ns, At safepoint: 181244 ns, Total: 465710 ns
[2020-09-11T16:05:12.037+0000][1][safepoint    ] Safepoint "RevokeBias", Time since last: 7515476 ns, Reaching safepoint: 198777 ns, At safepoint: 181524 ns, Total: 380301 ns
[2020-09-11T16:05:12.073+0000][1][gc,start     ] GC(108) Pause Young (Allocation Failure)
[2020-09-11T16:05:12.073+0000][1][gc,task      ] GC(108) Using 1 workers of 1 for evacuation
[2020-09-11T16:05:12.126+0000][1][gc,age       ] GC(108) Desired survivor size 4358144 bytes, new threshold 6 (max threshold 6)
[2020-09-11T16:05:12.126+0000][1][gc,age       ] GC(108) Age table with threshold 6 (max threshold 6)
[2020-09-11T16:05:12.126+0000][1][gc,age       ] GC(108) - age   1:    3773576 bytes,    3773576 total
[2020-09-11T16:05:12.126+0000][1][gc,age       ] GC(108) - age   2:      67696 bytes,    3841272 total
[2020-09-11T16:05:12.126+0000][1][gc,age       ] GC(108) - age   3:      28624 bytes,    3869896 total
[2020-09-11T16:05:12.126+0000][1][gc,age       ] GC(108) - age   4:      34144 bytes,    3904040 total
[2020-09-11T16:05:12.126+0000][1][gc,heap      ] GC(108) ParNew: 72754K->3863K(76672K)
[2020-09-11T16:05:12.126+0000][1][gc,heap      ] GC(108) CMS: 133563K->133563K(2011968K)
[2020-09-11T16:05:12.126+0000][1][gc,metaspace ] GC(108) Metaspace: 93197K->93197K(1134592K)
[2020-09-11T16:05:12.126+0000][1][gc           ] GC(108) Pause Young (Allocation Failure) 201M->134M(2039M) 53.258ms
[2020-09-11T16:05:12.126+0000][1][gc,cpu       ] GC(108) User=0.02s Sys=0.00s Real=0.05s
[2020-09-11T16:05:12.171+0000][1][safepoint    ] Safepoint "GenCollectForAllocation", Time since last: 24860731 ns, Reaching safepoint: 10854135 ns, At safepoint: 98281305 ns, Total: 109135440 ns
[2020-09-11T16:05:12.196+0000][1][safepoint    ] Safepoint "RevokeBias", Time since last: 50364 ns, Reaching safepoint: 199028 ns, At safepoint: 24676093 ns, Total: 24875121 ns
[2020-09-11T16:05:13.196+0000][1][safepoint    ] Safepoint "Cleanup", Time since last: 1000122680 ns, Reaching safepoint: 94888 ns, At safepoint: 5736 ns, Total: 100624 ns
[2020-09-11T16:05:13.229+0000][1][safepoint    ] Safepoint "RevokeBias", Time since last: 33003758 ns, Reaching safepoint: 68871 ns, At safepoint: 19430 ns, Total: 88301 ns
[2020-09-11T16:05:13.369+0000][1][safepoint    ] Safepoint "RevokeBias", Time since last: 137096363 ns, Reaching safepoint: 2388924 ns, At safepoint: 188857 ns, Total: 2577781 ns
[2020-09-11T16:05:13.373+0000][1][safepoint    ] Safepoint "RevokeBias", Time since last: 74054 ns, Reaching safepoint: 3749864 ns, At safepoint: 223112 ns, Total: 3972976 ns
[2020-09-11T16:05:13.441+0000][1][safepoint    ] Safepoint "RevokeBias", Time since last: 64334991 ns, Reaching safepoint: 3468180 ns, At safepoint: 164738 ns, Total: 3632918 ns
[2020-09-11T16:05:13.741+0000][1][safepoint    ] Safepoint "RevokeBias", Time since last: 299696502 ns, Reaching safepoint: 188896 ns, At safepoint: 25732 ns, Total: 214628 ns
[2020-09-11T16:05:13.741+0000][1][safepoint    ] Safepoint "RevokeBias", Time since last: 126679 ns, Reaching safepoint: 111143 ns, At safepoint: 13651 ns, Total: 124794 ns
[2020-09-11T16:05:13.741+0000][1][safepoint    ] Safepoint "RevokeBias", Time since last: 46709 ns, Reaching safepoint: 110152 ns, At safepoint: 12861 ns, Total: 123013 ns
[2020-09-11T16:05:13.742+0000][1][safepoint    ] Safepoint "RevokeBias", Time since last: 46887 ns, Reaching safepoint: 109488 ns, At safepoint: 11228 ns, Total: 120716 ns
[2020-09-11T16:05:13.742+0000][1][safepoint    ] Safepoint "RevokeBias", Time since last: 47307 ns, Reaching safepoint: 109030 ns, At safepoint: 12177 ns, Total: 121207 ns
[2020-09-11T16:05:14.073+0000][1][safepoint    ] Safepoint "RevokeBias", Time since last: 331052996 ns, Reaching safepoint: 266547 ns, At safepoint: 23289 ns, Total: 289836 ns
[2020-09-11T16:05:14.077+0000][1][safepoint    ] Safepoint "RevokeBias", Time since last: 815244 ns, Reaching safepoint: 2989291 ns, At safepoint: 31916 ns, Total: 3021207 ns
[2020-09-11T16:05:14.232+0000][1][safepoint    ] Safepoint "RevokeBias", Time since last: 155036608 ns, Reaching safepoint: 199353 ns, At safepoint: 27886 ns, Total: 227239 ns
[2020-09-11T16:05:14.237+0000][1][safepoint    ] Safepoint "RevokeBias", Time since last: 4623151 ns, Reaching safepoint: 188652 ns, At safepoint: 19878 ns, Total: 208530 ns
[2020-09-11T16:05:14.453+0000][1][safepoint    ] Safepoint "RevokeBias", Time since last: 207363023 ns, Reaching safepoint: 184350 ns, At safepoint: 8279324 ns, Total: 8463674 ns
[2020-09-11T16:05:14.487+0000][1][gc,start     ] GC(109) Pause Young (Allocation Failure)
[2020-09-11T16:05:14.487+0000][1][gc,task      ] GC(109) Using 1 workers of 1 for evacuation
[2020-09-11T16:05:14.600+0000][1][gc,age       ] GC(109) Desired survivor size 4358144 bytes, new threshold 1 (max threshold 6)
[2020-09-11T16:05:14.601+0000][1][gc,age       ] GC(109) Age table with threshold 1 (max threshold 6)
[2020-09-11T16:05:14.601+0000][1][gc,age       ] GC(109) - age   1:    5708288 bytes,    5708288 total
[2020-09-11T16:05:14.601+0000][1][gc,age       ] GC(109) - age   2:     315592 bytes,    6023880 total
[2020-09-11T16:05:14.601+0000][1][gc,age       ] GC(109) - age   3:      63600 bytes,    6087480 total
[2020-09-11T16:05:14.601+0000][1][gc,age       ] GC(109) - age   4:      23512 bytes,    6110992 total
[2020-09-11T16:05:14.601+0000][1][gc,age       ] GC(109) - age   5:      27944 bytes,    6138936 total
[2020-09-11T16:05:14.601+0000][1][gc,heap      ] GC(109) ParNew: 72023K->6684K(76672K)
[2020-09-11T16:05:14.601+0000][1][gc,heap      ] GC(109) CMS: 133563K->133563K(2011968K)
[2020-09-11T16:05:14.601+0000][1][gc,metaspace ] GC(109) Metaspace: 93366K->93366K(1134592K)
[2020-09-11T16:05:14.601+0000][1][gc           ] GC(109) Pause Young (Allocation Failure) 200M->136M(2039M) 113.366ms
[2020-09-11T16:05:14.601+0000][1][gc,cpu       ] GC(109) User=0.03s Sys=0.00s Real=0.11s
[2020-09-11T16:05:14.634+0000][1][safepoint    ] Safepoint "GenCollectForAllocation", Time since last: 34176516 ns, Reaching safepoint: 202563 ns, At safepoint: 147128636 ns, Total: 147331199 ns
[2020-09-11T16:05:14.659+0000][1][safepoint    ] Safepoint "RevokeBias", Time since last: 22396870 ns, Reaching safepoint: 2201065 ns, At safepoint: 210966 ns, Total: 2412031 ns
[2020-09-11T16:05:14.689+0000][1][safepoint    ] Safepoint "RevokeBias", Time since last: 29618180 ns, Reaching safepoint: 287794 ns, At safepoint: 151892 ns, Total: 439686 ns
[2020-09-11T16:05:14.758+0000][1][safepoint    ] Safepoint "RevokeBias", Time since last: 68917893 ns, Reaching safepoint: 140055 ns, At safepoint: 21006 ns, Total: 161061 ns
[2020-09-11T16:05:14.771+0000][1][safepoint    ] Safepoint "RevokeBias", Time since last: 12459010 ns, Reaching safepoint: 130044 ns, At safepoint: 18112 ns, Total: 148156 ns
[2020-09-11T16:05:14.771+0000][1][safepoint    ] Safepoint "RevokeBias", Time since last: 108209 ns, Reaching safepoint: 96982 ns, At safepoint: 10782 ns, Total: 107764 ns
[2020-09-11T16:05:14.772+0000][1][safepoint    ] Safepoint "RevokeBias", Time since last: 263955 ns, Reaching safepoint: 101846 ns, At safepoint: 13510 ns, Total: 115356 ns
[2020-09-11T16:05:14.773+0000][1][safepoint    ] Safepoint "BulkRevokeBias", Time since last: 1257283 ns, Reaching safepoint: 109110 ns, At safepoint: 189740 ns, Total: 298850 ns
[2020-09-11T16:05:14.852+0000][1][safepoint    ] Safepoint "RevokeBias", Time since last: 78330760 ns, Reaching safepoint: 164210 ns, At safepoint: 21689 ns, Total: 185899 ns
[2020-09-11T16:05:14.852+0000][1][safepoint    ] Safepoint "RevokeBias", Time since last: 69796 ns, Reaching safepoint: 28762 ns, At safepoint: 10826 ns, Total: 39588 ns
[2020-09-11T16:05:14.874+0000][1][safepoint    ] Safepoint "BulkRevokeBias", Time since last: 22099639 ns, Reaching safepoint: 155418 ns, At safepoint: 225842 ns, Total: 381260 ns
[2020-09-11T16:05:15.038+0000][1][safepoint    ] Safepoint "RevokeBias", Time since last: 163213413 ns, Reaching safepoint: 146803 ns, At safepoint: 20951 ns, Total: 167754 ns
[2020-09-11T16:05:15.038+0000][1][safepoint    ] Safepoint "RevokeBias", Time since last: 113694 ns, Reaching safepoint: 98915 ns, At safepoint: 13227 ns, Total: 112142 ns
[2020-09-11T16:05:15.066+0000][1][safepoint    ] Safepoint "RevokeBias", Time since last: 28117311 ns, Reaching safepoint: 152644 ns, At safepoint: 45177 ns, Total: 197821 ns
[2020-09-11T16:05:15.067+0000][1][safepoint    ] Safepoint "RevokeBias", Time since last: 377894 ns, Reaching safepoint: 98720 ns, At safepoint: 13728 ns, Total: 112448 ns
[2020-09-11T16:05:15.157+0000][1][safepoint    ] Safepoint "RevokeBias", Time since last: 86906870 ns, Reaching safepoint: 3404531 ns, At safepoint: 34902 ns, Total: 3439433 ns
[2020-09-11T16:05:15.157+0000][1][safepoint    ] Safepoint "RevokeBias", Time since last: 180032 ns, Reaching safepoint: 190256 ns, At safepoint: 176570 ns, Total: 366826 ns
[2020-09-11T16:05:15.158+0000][1][safepoint    ] Safepoint "RevokeBias", Time since last: 634242 ns, Reaching safepoint: 125848 ns, At safepoint: 99626 ns, Total: 225474 ns
[2020-09-11T16:05:15.165+0000][1][safepoint    ] Safepoint "RevokeBias", Time since last: 56533 ns, Reaching safepoint: 6490538 ns, At safepoint: 146800 ns, Total: 6637338 ns
[2020-09-11T16:05:15.209+0000][1][safepoint    ] Safepoint "RevokeBias", Time since last: 34125425 ns, Reaching safepoint: 9496143 ns, At safepoint: 38843 ns, Total: 9534986 ns
[2020-09-11T16:05:16.211+0000][1][safepoint    ] Safepoint "Cleanup", Time since last: 1001997029 ns, Reaching safepoint: 79300 ns, At safepoint: 6419 ns, Total: 85719 ns
[2020-09-11T16:05:16.741+0000][1][gc,start     ] GC(110) Pause Young (Allocation Failure)
[2020-09-11T16:05:16.741+0000][1][gc,task      ] GC(110) Using 1 workers of 1 for evacuation
[2020-09-11T16:05:16.821+0000][1][gc,age       ] GC(110) Desired survivor size 4358144 bytes, new threshold 6 (max threshold 6)
[2020-09-11T16:05:16.821+0000][1][gc,age       ] GC(110) Age table with threshold 6 (max threshold 6)
[2020-09-11T16:05:16.821+0000][1][gc,age       ] GC(110) - age   1:    3192072 bytes,    3192072 total
[2020-09-11T16:05:16.821+0000][1][gc,heap      ] GC(110) ParNew: 74844K->5331K(76672K)
[2020-09-11T16:05:16.821+0000][1][gc,heap      ] GC(110) CMS: 133563K->134175K(2011968K)
[2020-09-11T16:05:16.821+0000][1][gc,metaspace ] GC(110) Metaspace: 93384K->93384K(1134592K)
[2020-09-11T16:05:16.821+0000][1][gc           ] GC(110) Pause Young (Allocation Failure) 203M->136M(2039M) 80.480ms
[2020-09-11T16:05:16.821+0000][1][gc,cpu       ] GC(110) User=0.02s Sys=0.00s Real=0.09s
[2020-09-11T16:05:16.839+0000][1][safepoint    ] Safepoint "GenCollectForAllocation", Time since last: 523483405 ns, Reaching safepoint: 6274792 ns, At safepoint: 98937970 ns, Total: 105212762 ns
[2020-09-11T16:05:17.105+0000][1][safepoint    ] Safepoint "RevokeBias", Time since last: 265518173 ns, Reaching safepoint: 191446 ns, At safepoint: 190032 ns, Total: 381478 ns
[2020-09-11T16:05:17.161+0000][1][safepoint    ] Safepoint "RevokeBias", Time since last: 52160540 ns, Reaching safepoint: 3341913 ns, At safepoint: 206362 ns, Total: 3548275 ns
[2020-09-11T16:05:17.197+0000][1][safepoint    ] Safepoint "RevokeBias", Time since last: 31970677 ns, Reaching safepoint: 3810644 ns, At safepoint: 42077 ns, Total: 3852721 ns
[2020-09-11T16:05:17.199+0000][1][safepoint    ] Safepoint "RevokeBias", Time since last: 1255005 ns, Reaching safepoint: 162635 ns, At safepoint: 176278 ns, Total: 338913 ns
[2020-09-11T16:05:18.204+0000][1][safepoint    ] Safepoint "Cleanup", Time since last: 1002312465 ns, Reaching safepoint: 2815843 ns, At safepoint: 8229 ns, Total: 2824072 ns
[2020-09-11T16:05:18.235+0000][1][safepoint    ] Safepoint "RevokeBias", Time since last: 29192015 ns, Reaching safepoint: 2320236 ns, At safepoint: 26475 ns, Total: 2346711 ns
[2020-09-11T16:05:18.297+0000][1][safepoint    ] Safepoint "RevokeBias", Time since last: 59193473 ns, Reaching safepoint: 2502224 ns, At safepoint: 184155 ns, Total: 2686379 ns
[2020-09-11T16:05:18.327+0000][1][safepoint    ] Safepoint "Deoptimize", Time since last: 28080645 ns, Reaching safepoint: 1002650 ns, At safepoint: 1022750 ns, Total: 2025400 ns
[2020-09-11T16:05:18.360+0000][1][safepoint    ] Safepoint "RevokeBias", Time since last: 32417605 ns, Reaching safepoint: 188255 ns, At safepoint: 20870 ns, Total: 209125 ns
[2020-09-11T16:05:18.372+0000][1][safepoint    ] Safepoint "RevokeBias", Time since last: 11893728 ns, Reaching safepoint: 457308 ns, At safepoint: 25531 ns, Total: 482839 ns
[2020-09-11T16:05:18.400+0000][1][safepoint    ] Safepoint "RevokeBias", Time since last: 27794420 ns, Reaching safepoint: 206880 ns, At safepoint: 41543 ns, Total: 248423 ns
[2020-09-11T16:05:18.423+0000][1][safepoint    ] Safepoint "RevokeBias", Time since last: 17949733 ns, Reaching safepoint: 4838280 ns, At safepoint: 201698 ns, Total: 5039978 ns
[2020-09-11T16:05:18.493+0000][1][safepoint    ] Safepoint "RevokeBias", Time since last: 70135178 ns, Reaching safepoint: 117069 ns, At safepoint: 20090 ns, Total: 137159 ns
[2020-09-11T16:05:18.494+0000][1][safepoint    ] Safepoint "RevokeBias", Time since last: 63970 ns, Reaching safepoint: 42557 ns, At safepoint: 11368 ns, Total: 53925 ns
[2020-09-11T16:05:18.494+0000][1][safepoint    ] Safepoint "RevokeBias", Time since last: 32341 ns, Reaching safepoint: 41038 ns, At safepoint: 9954 ns, Total: 50992 ns
[2020-09-11T16:05:18.494+0000][1][safepoint    ] Safepoint "RevokeBias", Time since last: 30650 ns, Reaching safepoint: 41278 ns, At safepoint: 9970 ns, Total: 51248 ns
[2020-09-11T16:05:18.494+0000][1][safepoint    ] Safepoint "RevokeBias", Time since last: 29991 ns, Reaching safepoint: 40097 ns, At safepoint: 9592 ns, Total: 49689 ns
[2020-09-11T16:05:19.497+0000][1][safepoint    ] Safepoint "Cleanup", Time since last: 1002925847 ns, Reaching safepoint: 238006 ns, At safepoint: 8221 ns, Total: 246227 ns
[2020-09-11T16:05:20.504+0000][1][safepoint    ] Safepoint "Cleanup", Time since last: 1000102456 ns, Reaching safepoint: 6961099 ns, At safepoint: 12468 ns, Total: 6973567 ns
[2020-09-11T16:05:20.693+0000][1][gc,start     ] GC(111) Pause Young (Allocation Failure)
[2020-09-11T16:05:20.693+0000][1][gc,task      ] GC(111) Using 1 workers of 1 for evacuation
[2020-09-11T16:05:20.751+0000][1][gc,age       ] GC(111) Desired survivor size 4358144 bytes, new threshold 6 (max threshold 6)
[2020-09-11T16:05:20.751+0000][1][gc,age       ] GC(111) Age table with threshold 6 (max threshold 6)
[2020-09-11T16:05:20.751+0000][1][gc,age       ] GC(111) - age   1:    1992952 bytes,    1992952 total
[2020-09-11T16:05:20.751+0000][1][gc,age       ] GC(111) - age   2:    2276400 bytes,    4269352 total
[2020-09-11T16:05:20.751+0000][1][gc,heap      ] GC(111) ParNew: 73491K->5003K(76672K)
[2020-09-11T16:05:20.752+0000][1][gc,heap      ] GC(111) CMS: 134175K->134175K(2011968K)
[2020-09-11T16:05:20.752+0000][1][gc,metaspace ] GC(111) Metaspace: 93577K->93577K(1134592K)
[2020-09-11T16:05:20.752+0000][1][gc           ] GC(111) Pause Young (Allocation Failure) 202M->135M(2039M) 58.542ms
[2020-09-11T16:05:20.752+0000][1][gc,cpu       ] GC(111) User=0.02s Sys=0.00s Real=0.05s
[2020-09-11T16:05:20.767+0000][1][safepoint    ] Safepoint "GenCollectForAllocation", Time since last: 188716283 ns, Reaching safepoint: 188013 ns, At safepoint: 74030346 ns, Total: 74218359 ns
[2020-09-11T16:05:21.785+0000][1][safepoint    ] Safepoint "Cleanup", Time since last: 1009749985 ns, Reaching safepoint: 8101236 ns, At safepoint: 17633 ns, Total: 8118869 ns
[2020-09-11T16:05:23.037+0000][1][safepoint    ] Safepoint "Cleanup", Time since last: 1244209225 ns, Reaching safepoint: 7499657 ns, At safepoint: 17160 ns, Total: 7516817 ns
[2020-09-11T16:05:24.037+0000][1][safepoint    ] Safepoint "Cleanup", Time since last: 1000114119 ns, Reaching safepoint: 221996 ns, At safepoint: 8254 ns, Total: 230250 ns
[2020-09-11T16:05:25.041+0000][1][safepoint    ] Safepoint "Cleanup", Time since last: 1003816274 ns, Reaching safepoint: 282362 ns, At safepoint: 10509 ns, Total: 292871 ns
[2020-09-11T16:05:25.913+0000][1][gc,start     ] GC(112) Pause Young (Allocation Failure)
[2020-09-11T16:05:25.913+0000][1][gc,task      ] GC(112) Using 1 workers of 1 for evacuation
[2020-09-11T16:05:25.959+0000][1][gc,age       ] GC(112) Desired survivor size 4358144 bytes, new threshold 6 (max threshold 6)
[2020-09-11T16:05:25.959+0000][1][gc,age       ] GC(112) Age table with threshold 6 (max threshold 6)
[2020-09-11T16:05:25.959+0000][1][gc,age       ] GC(112) - age   1:    1434328 bytes,    1434328 total
[2020-09-11T16:05:25.959+0000][1][gc,age       ] GC(112) - age   2:     649808 bytes,    2084136 total
[2020-09-11T16:05:25.959+0000][1][gc,age       ] GC(112) - age   3:    2273424 bytes,    4357560 total
[2020-09-11T16:05:25.959+0000][1][gc,heap      ] GC(112) ParNew: 72720K->7504K(76672K)
[2020-09-11T16:05:25.959+0000][1][gc,heap      ] GC(112) CMS: 134175K->134175K(2011968K)
[2020-09-11T16:05:25.959+0000][1][gc,metaspace ] GC(112) Metaspace: 93603K->93603K(1134592K)
[2020-09-11T16:05:25.959+0000][1][gc           ] GC(112) Pause Young (Allocation Failure) 202M->138M(2039M) 45.987ms
[2020-09-11T16:05:25.959+0000][1][gc,cpu       ] GC(112) User=0.02s Sys=0.00s Real=0.04s
[2020-09-11T16:05:25.981+0000][1][safepoint    ] Safepoint "GenCollectForAllocation", Time since last: 871715262 ns, Reaching safepoint: 164150 ns, At safepoint: 68491006 ns, Total: 68655156 ns
[2020-09-11T16:05:26.357+0000][1][safepoint    ] Safepoint "RevokeBias", Time since last: 375347207 ns, Reaching safepoint: 199444 ns, At safepoint: 23418 ns, Total: 222862 ns
[2020-09-11T16:05:26.357+0000][1][safepoint    ] Safepoint "RevokeBias", Time since last: 69298 ns, Reaching safepoint: 29893 ns, At safepoint: 11749 ns, Total: 41642 ns
[2020-09-11T16:05:26.905+0000][1][safepoint    ] Safepoint "RevokeBias", Time since last: 547669409 ns, Reaching safepoint: 193293 ns, At safepoint: 190948 ns, Total: 384241 ns
[2020-09-11T16:05:26.953+0000][1][gc,start     ] GC(113) Pause Young (Allocation Failure)
[2020-09-11T16:05:26.953+0000][1][gc,task      ] GC(113) Using 1 workers of 1 for evacuation
[2020-09-11T16:05:27.018+0000][1][gc,age       ] GC(113) Desired survivor size 4358144 bytes, new threshold 4 (max threshold 6)
[2020-09-11T16:05:27.018+0000][1][gc,age       ] GC(113) Age table with threshold 4 (max threshold 6)
[2020-09-11T16:05:27.018+0000][1][gc,age       ] GC(113) - age   1:    1355792 bytes,    1355792 total
[2020-09-11T16:05:27.019+0000][1][gc,age       ] GC(113) - age   2:    1087344 bytes,    2443136 total
[2020-09-11T16:05:27.019+0000][1][gc,age       ] GC(113) - age   3:     649648 bytes,    3092784 total
[2020-09-11T16:05:27.019+0000][1][gc,age       ] GC(113) - age   4:    2273424 bytes,    5366208 total
[2020-09-11T16:05:27.019+0000][1][gc,heap      ] GC(113) ParNew: 75664K->7601K(76672K)
[2020-09-11T16:05:27.019+0000][1][gc,heap      ] GC(113) CMS: 134175K->134175K(2011968K)
[2020-09-11T16:05:27.019+0000][1][gc,metaspace ] GC(113) Metaspace: 93641K->93641K(1136640K)
[2020-09-11T16:05:27.019+0000][1][gc           ] GC(113) Pause Young (Allocation Failure) 204M->138M(2039M) 65.696ms
[2020-09-11T16:05:27.019+0000][1][gc,cpu       ] GC(113) User=0.02s Sys=0.00s Real=0.06s
[2020-09-11T16:05:27.069+0000][1][safepoint    ] Safepoint "GenCollectForAllocation", Time since last: 34721447 ns, Reaching safepoint: 12995015 ns, At safepoint: 115895874 ns, Total: 128890889 ns
[2020-09-11T16:05:27.101+0000][1][safepoint    ] Safepoint "RevokeBias", Time since last: 16027499 ns, Reaching safepoint: 225609 ns, At safepoint: 15743558 ns, Total: 15969167 ns
[2020-09-11T16:05:27.102+0000][1][safepoint    ] Safepoint "RevokeBias", Time since last: 80269 ns, Reaching safepoint: 664243 ns, At safepoint: 48893 ns, Total: 713136 ns
[2020-09-11T16:05:27.109+0000][1][safepoint    ] Safepoint "RevokeBias", Time since last: 7238643 ns, Reaching safepoint: 192686 ns, At safepoint: 44408 ns, Total: 237094 ns
[2020-09-11T16:05:27.109+0000][1][safepoint    ] Safepoint "RevokeBias", Time since last: 76705 ns, Reaching safepoint: 112907 ns, At safepoint: 31164 ns, Total: 144071 ns
[2020-09-11T16:05:27.109+0000][1][safepoint    ] Safepoint "RevokeBias", Time since last: 34449 ns, Reaching safepoint: 112756 ns, At safepoint: 29353 ns, Total: 142109 ns
[2020-09-11T16:05:27.110+0000][1][safepoint    ] Safepoint "RevokeBias", Time since last: 32679 ns, Reaching safepoint: 110534 ns, At safepoint: 28877 ns, Total: 139411 ns
[2020-09-11T16:05:27.110+0000][1][safepoint    ] Safepoint "RevokeBias", Time since last: 31892 ns, Reaching safepoint: 110429 ns, At safepoint: 28258 ns, Total: 138687 ns
[2020-09-11T16:05:27.110+0000][1][safepoint    ] Safepoint "RevokeBias", Time since last: 31652 ns, Reaching safepoint: 109633 ns, At safepoint: 19382 ns, Total: 129015 ns
[2020-09-11T16:05:27.110+0000][1][safepoint    ] Safepoint "RevokeBias", Time since last: 30793 ns, Reaching safepoint: 109606 ns, At safepoint: 30036 ns, Total: 139642 ns
[2020-09-11T16:05:27.159+0000][1][safepoint    ] Safepoint "BulkRevokeBias", Time since last: 39254967 ns, Reaching safepoint: 9663656 ns, At safepoint: 393125 ns, Total: 10056781 ns
[2020-09-11T16:05:27.213+0000][1][safepoint    ] Safepoint "RevokeBias", Time since last: 28853556 ns, Reaching safepoint: 24602223 ns, At safepoint: 187152 ns, Total: 24789375 ns
[2020-09-11T16:05:27.221+0000][1][safepoint    ] Safepoint "RevokeBias", Time since last: 7751225 ns, Reaching safepoint: 186066 ns, At safepoint: 21433 ns, Total: 207499 ns
[2020-09-11T16:05:28.234+0000][1][safepoint    ] Safepoint "Cleanup", Time since last: 1003805090 ns, Reaching safepoint: 9114864 ns, At safepoint: 13053 ns, Total: 9127917 ns
[2020-09-11T16:05:29.234+0000][1][safepoint    ] Safepoint "Cleanup", Time since last: 1000112256 ns, Reaching safepoint: 90260 ns, At safepoint: 5013 ns, Total: 95273 ns
[2020-09-11T16:05:30.234+0000][1][safepoint    ] Safepoint "Cleanup", Time since last: 1000095598 ns, Reaching safepoint: 121946 ns, At safepoint: 7591 ns, Total: 129537 ns
[2020-09-11T16:05:31.243+0000][1][safepoint    ] Safepoint "Cleanup", Time since last: 1008016402 ns, Reaching safepoint: 1001305 ns, At safepoint: 10673 ns, Total: 1011978 ns
[2020-09-11T16:05:31.337+0000][1][gc,start     ] GC(114) Pause Young (Allocation Failure)
[2020-09-11T16:05:31.337+0000][1][gc,task      ] GC(114) Using 1 workers of 1 for evacuation
[2020-09-11T16:05:31.392+0000][1][gc,age       ] GC(114) Desired survivor size 4358144 bytes, new threshold 6 (max threshold 6)
[2020-09-11T16:05:31.392+0000][1][gc,age       ] GC(114) Age table with threshold 6 (max threshold 6)
[2020-09-11T16:05:31.392+0000][1][gc,age       ] GC(114) - age   1:    2082192 bytes,    2082192 total
[2020-09-11T16:05:31.392+0000][1][gc,age       ] GC(114) - age   2:     117984 bytes,    2200176 total
[2020-09-11T16:05:31.392+0000][1][gc,age       ] GC(114) - age   3:     861752 bytes,    3061928 total
[2020-09-11T16:05:31.392+0000][1][gc,age       ] GC(114) - age   4:     643320 bytes,    3705248 total
[2020-09-11T16:05:31.392+0000][1][gc,heap      ] GC(114) ParNew: 75761K->4563K(76672K)
[2020-09-11T16:05:31.392+0000][1][gc,heap      ] GC(114) CMS: 134175K->136409K(2011968K)
[2020-09-11T16:05:31.392+0000][1][gc,metaspace ] GC(114) Metaspace: 93655K->93655K(1136640K)
[2020-09-11T16:05:31.392+0000][1][gc           ] GC(114) Pause Young (Allocation Failure) 205M->137M(2039M) 55.531ms
[2020-09-11T16:05:31.392+0000][1][gc,cpu       ] GC(114) User=0.02s Sys=0.00s Real=0.05s
[2020-09-11T16:05:31.392+0000][1][safepoint    ] Safepoint "GenCollectForAllocation", Time since last: 91598601 ns, Reaching safepoint: 1837475 ns, At safepoint: 55634313 ns, Total: 57471788 ns
[2020-09-11T16:05:32.293+0000][1][safepoint    ] Safepoint "RevokeBias", Time since last: 900606066 ns, Reaching safepoint: 202858 ns, At safepoint: 138096 ns, Total: 340954 ns
[2020-09-11T16:05:32.321+0000][1][safepoint    ] Safepoint "RevokeBias", Time since last: 27344296 ns, Reaching safepoint: 189408 ns, At safepoint: 22969 ns, Total: 212377 ns
[2020-09-11T16:05:32.353+0000][1][safepoint    ] Safepoint "RevokeBias", Time since last: 30627220 ns, Reaching safepoint: 1253164 ns, At safepoint: 26186 ns, Total: 1279350 ns
[2020-09-11T16:05:32.357+0000][1][safepoint    ] Safepoint "RevokeBias", Time since last: 618879 ns, Reaching safepoint: 3351706 ns, At safepoint: 190983 ns, Total: 3542689 ns
[2020-09-11T16:05:33.365+0000][1][safepoint    ] Safepoint "Cleanup", Time since last: 1007721386 ns, Reaching safepoint: 194984 ns, At safepoint: 8052 ns, Total: 203036 ns
[2020-09-11T16:05:34.365+0000][1][safepoint    ] Safepoint "Cleanup", Time since last: 1000209759 ns, Reaching safepoint: 92796 ns, At safepoint: 5927 ns, Total: 98723 ns
[2020-09-11T16:05:34.447+0000][1][gc,start     ] GC(115) Pause Young (Allocation Failure)
[2020-09-11T16:05:34.447+0000][1][gc,task      ] GC(115) Using 1 workers of 1 for evacuation
[2020-09-11T16:05:34.585+0000][1][gc,age       ] GC(115) Desired survivor size 4358144 bytes, new threshold 5 (max threshold 6)
[2020-09-11T16:05:34.586+0000][1][gc,age       ] GC(115) Age table with threshold 5 (max threshold 6)
[2020-09-11T16:05:34.586+0000][1][gc,age       ] GC(115) - age   1:    2699944 bytes,    2699944 total
[2020-09-11T16:05:34.586+0000][1][gc,age       ] GC(115) - age   2:     456720 bytes,    3156664 total
[2020-09-11T16:05:34.586+0000][1][gc,age       ] GC(115) - age   3:     115904 bytes,    3272568 total
[2020-09-11T16:05:34.586+0000][1][gc,age       ] GC(115) - age   4:     856432 bytes,    4129000 total
[2020-09-11T16:05:34.586+0000][1][gc,age       ] GC(115) - age   5:     624360 bytes,    4753360 total
[2020-09-11T16:05:34.586+0000][1][gc,heap      ] GC(115) ParNew: 72381K->7709K(76672K)
[2020-09-11T16:05:34.586+0000][1][gc,heap      ] GC(115) CMS: 136409K->136409K(2011968K)
[2020-09-11T16:05:34.586+0000][1][gc,metaspace ] GC(115) Metaspace: 93678K->93678K(1136640K)
[2020-09-11T16:05:34.586+0000][1][gc           ] GC(115) Pause Young (Allocation Failure) 203M->140M(2039M) 138.250ms
[2020-09-11T16:05:34.586+0000][1][gc,cpu       ] GC(115) User=0.03s Sys=0.00s Real=0.14s
[2020-09-11T16:05:34.613+0000][1][safepoint    ] Safepoint "GenCollectForAllocation", Time since last: 81857065 ns, Reaching safepoint: 201163 ns, At safepoint: 165446647 ns, Total: 165647810 ns
[2020-09-11T16:05:34.626+0000][1][safepoint    ] Safepoint "RevokeBias", Time since last: 12658198 ns, Reaching safepoint: 75940 ns, At safepoint: 33110 ns, Total: 109050 ns
[2020-09-11T16:05:34.626+0000][1][safepoint    ] Safepoint "RevokeBias", Time since last: 53085 ns, Reaching safepoint: 28222 ns, At safepoint: 19150 ns, Total: 47372 ns
[2020-09-11T16:05:34.686+0000][1][safepoint    ] Safepoint "RevokeBias", Time since last: 59873240 ns, Reaching safepoint: 154902 ns, At safepoint: 22957 ns, Total: 177859 ns
[2020-09-11T16:05:34.722+0000][1][safepoint    ] Safepoint "RevokeBias", Time since last: 33118434 ns, Reaching safepoint: 3052161 ns, At safepoint: 26484 ns, Total: 3078645 ns
[2020-09-11T16:05:35.722+0000][1][safepoint    ] Safepoint "Cleanup", Time since last: 1000113434 ns, Reaching safepoint: 119127 ns, At safepoint: 8105 ns, Total: 127232 ns
[2020-09-11T16:05:35.734+0000][1][safepoint    ] Safepoint "RevokeBias", Time since last: 11758252 ns, Reaching safepoint: 145427 ns, At safepoint: 18498 ns, Total: 163925 ns
[2020-09-11T16:05:35.764+0000][1][safepoint    ] Safepoint "RevokeBias", Time since last: 22797030 ns, Reaching safepoint: 6750122 ns, At safepoint: 33487 ns, Total: 6783609 ns
[2020-09-11T16:05:36.297+0000][1][safepoint    ] Safepoint "RevokeBias", Time since last: 533245968 ns, Reaching safepoint: 160775 ns, At safepoint: 21045 ns, Total: 181820 ns
[2020-09-11T16:05:37.297+0000][1][safepoint    ] Safepoint "Cleanup", Time since last: 1000124931 ns, Reaching safepoint: 85817 ns, At safepoint: 7224 ns, Total: 93041 ns
[2020-09-11T16:05:38.298+0000][1][safepoint    ] Safepoint "Cleanup", Time since last: 1000124775 ns, Reaching safepoint: 75818 ns, At safepoint: 7934 ns, Total: 83752 ns
[2020-09-11T16:05:39.298+0000][1][safepoint    ] Safepoint "Cleanup", Time since last: 1000107385 ns, Reaching safepoint: 79501 ns, At safepoint: 7476 ns, Total: 86977 ns
[2020-09-11T16:05:40.298+0000][1][safepoint    ] Safepoint "Cleanup", Time since last: 1000115812 ns, Reaching safepoint: 78650 ns, At safepoint: 8241 ns, Total: 86891 ns
[2020-09-11T16:05:41.740+0000][1][safepoint    ] Safepoint "Cleanup", Time since last: 1442446554 ns, Reaching safepoint: 78868 ns, At safepoint: 6946 ns, Total: 85814 ns
[2020-09-11T16:05:42.741+0000][1][safepoint    ] Safepoint "Cleanup", Time since last: 1000121617 ns, Reaching safepoint: 83561 ns, At safepoint: 8091 ns, Total: 91652 ns
[2020-09-11T16:05:43.741+0000][1][safepoint    ] Safepoint "Cleanup", Time since last: 1000109188 ns, Reaching safepoint: 84636 ns, At safepoint: 7439 ns, Total: 92075 ns
[2020-09-11T16:05:44.313+0000][1][gc,start     ] GC(116) Pause Young (Allocation Failure)
[2020-09-11T16:05:44.313+0000][1][gc,task      ] GC(116) Using 1 workers of 1 for evacuation
[2020-09-11T16:05:44.363+0000][1][gc,age       ] GC(116) Desired survivor size 4358144 bytes, new threshold 6 (max threshold 6)
[2020-09-11T16:05:44.363+0000][1][gc,age       ] GC(116) Age table with threshold 6 (max threshold 6)
[2020-09-11T16:05:44.363+0000][1][gc,age       ] GC(116) - age   1:    1661624 bytes,    1661624 total
[2020-09-11T16:05:44.363+0000][1][gc,age       ] GC(116) - age   2:    1140808 bytes,    2802432 total
[2020-09-11T16:05:44.363+0000][1][gc,age       ] GC(116) - age   3:     441440 bytes,    3243872 total
[2020-09-11T16:05:44.363+0000][1][gc,age       ] GC(116) - age   4:     115288 bytes,    3359160 total
[2020-09-11T16:05:44.363+0000][1][gc,age       ] GC(116) - age   5:     852616 bytes,    4211776 total
[2020-09-11T16:05:44.363+0000][1][gc,heap      ] GC(116) ParNew: 75503K->4445K(76672K)
[2020-09-11T16:05:44.363+0000][1][gc,heap      ] GC(116) CMS: 136409K->137031K(2011968K)
[2020-09-11T16:05:44.363+0000][1][gc,metaspace ] GC(116) Metaspace: 93686K->93686K(1136640K)
[2020-09-11T16:05:44.363+0000][1][gc           ] GC(116) Pause Young (Allocation Failure) 206M->138M(2039M) 50.365ms
[2020-09-11T16:05:44.363+0000][1][gc,cpu       ] GC(116) User=0.02s Sys=0.00s Real=0.05s
[2020-09-11T16:05:44.388+0000][1][safepoint    ] Safepoint "GenCollectForAllocation", Time since last: 569959639 ns, Reaching safepoint: 2056567 ns, At safepoint: 74635827 ns, Total: 76692394 ns
[2020-09-11T16:05:44.425+0000][1][safepoint    ] Safepoint "RevokeBias", Time since last: 35008577 ns, Reaching safepoint: 2304927 ns, At safepoint: 25866 ns, Total: 2330793 ns
[2020-09-11T16:05:44.445+0000][1][safepoint    ] Safepoint "RevokeBias", Time since last: 20358526 ns, Reaching safepoint: 148944 ns, At safepoint: 20711 ns, Total: 169655 ns
[2020-09-11T16:05:44.448+0000][1][safepoint    ] Safepoint "RevokeBias", Time since last: 274701 ns, Reaching safepoint: 1982066 ns, At safepoint: 16202 ns, Total: 1998268 ns
[2020-09-11T16:05:45.446+0000][1][safepoint    ] Safepoint "RevokeBias", Time since last: 997627481 ns, Reaching safepoint: 220801 ns, At safepoint: 8967 ns, Total: 229768 ns
[2020-09-11T16:05:45.453+0000][1][safepoint    ] Safepoint "RevokeBias", Time since last: 7312135 ns, Reaching safepoint: 148485 ns, At safepoint: 9238 ns, Total: 157723 ns
[2020-09-11T16:05:45.453+0000][1][safepoint    ] Safepoint "RevokeBias", Time since last: 72186 ns, Reaching safepoint: 101474 ns, At safepoint: 6599 ns, Total: 108073 ns
[2020-09-11T16:05:45.453+0000][1][safepoint    ] Safepoint "RevokeBias", Time since last: 38901 ns, Reaching safepoint: 99874 ns, At safepoint: 7007 ns, Total: 106881 ns
[2020-09-11T16:05:45.454+0000][1][safepoint    ] Safepoint "RevokeBias", Time since last: 96682 ns, Reaching safepoint: 97773 ns, At safepoint: 15743 ns, Total: 113516 ns
[2020-09-11T16:05:46.454+0000][1][safepoint    ] Safepoint "Cleanup", Time since last: 1000172171 ns, Reaching safepoint: 99481 ns, At safepoint: 6607 ns, Total: 106088 ns
[2020-09-11T16:05:47.454+0000][1][safepoint    ] Safepoint "Cleanup", Time since last: 1000096695 ns, Reaching safepoint: 82036 ns, At safepoint: 7262 ns, Total: 89298 ns
[2020-09-11T16:05:48.454+0000][1][safepoint    ] Safepoint "Cleanup", Time since last: 1000112561 ns, Reaching safepoint: 72905 ns, At safepoint: 6938 ns, Total: 79843 ns
[2020-09-11T16:05:49.454+0000][1][safepoint    ] Safepoint "Cleanup", Time since last: 1000110261 ns, Reaching safepoint: 67451 ns, At safepoint: 6702 ns, Total: 74153 ns
[2020-09-11T16:05:50.455+0000][1][safepoint    ] Safepoint "Cleanup", Time since last: 1000101391 ns, Reaching safepoint: 84997 ns, At safepoint: 7165 ns, Total: 92162 ns
[2020-09-11T16:05:50.780+0000][1][safepoint    ] Safepoint "RevokeBias", Time since last: 325315997 ns, Reaching safepoint: 196029 ns, At safepoint: 22028 ns, Total: 218057 ns
[2020-09-11T16:05:50.780+0000][1][safepoint    ] Safepoint "RevokeBias", Time since last: 52881 ns, Reaching safepoint: 169275 ns, At safepoint: 14103 ns, Total: 183378 ns
[2020-09-11T16:05:50.805+0000][1][safepoint    ] Safepoint "RevokeBias", Time since last: 24514251 ns, Reaching safepoint: 148218 ns, At safepoint: 23507 ns, Total: 171725 ns
[2020-09-11T16:05:50.822+0000][1][safepoint    ] Safepoint "RevokeBias", Time since last: 16797658 ns, Reaching safepoint: 138321 ns, At safepoint: 21558 ns, Total: 159879 ns
[2020-09-11T16:05:51.842+0000][1][safepoint    ] Safepoint "RevokeBias", Time since last: 1019482938 ns, Reaching safepoint: 244802 ns, At safepoint: 24649 ns, Total: 269451 ns
[2020-09-11T16:05:51.861+0000][1][safepoint    ] Safepoint "RevokeBias", Time since last: 19054472 ns, Reaching safepoint: 137146 ns, At safepoint: 22215 ns, Total: 159361 ns
[2020-09-11T16:05:52.861+0000][1][safepoint    ] Safepoint "Cleanup", Time since last: 1000141247 ns, Reaching safepoint: 118782 ns, At safepoint: 16498 ns, Total: 135280 ns
[2020-09-11T16:05:53.368+0000][1][gc,start     ] GC(117) Pause Young (Allocation Failure)
[2020-09-11T16:05:53.369+0000][1][gc,task      ] GC(117) Using 1 workers of 1 for evacuation
[2020-09-11T16:05:53.386+0000][1][gc,age       ] GC(117) Desired survivor size 4358144 bytes, new threshold 6 (max threshold 6)
[2020-09-11T16:05:53.386+0000][1][gc,age       ] GC(117) Age table with threshold 6 (max threshold 6)
[2020-09-11T16:05:53.386+0000][1][gc,age       ] GC(117) - age   1:    1980112 bytes,    1980112 total
[2020-09-11T16:05:53.386+0000][1][gc,age       ] GC(117) - age   2:     331664 bytes,    2311776 total
[2020-09-11T16:05:53.386+0000][1][gc,age       ] GC(117) - age   3:    1086344 bytes,    3398120 total
[2020-09-11T16:05:53.386+0000][1][gc,age       ] GC(117) - age   4:     389624 bytes,    3787744 total
[2020-09-11T16:05:53.386+0000][1][gc,age       ] GC(117) - age   5:     115288 bytes,    3903032 total
[2020-09-11T16:05:53.386+0000][1][gc,age       ] GC(117) - age   6:     852616 bytes,    4755648 total
[2020-09-11T16:05:53.386+0000][1][gc,heap      ] GC(117) ParNew: 72605K->8392K(76672K)
[2020-09-11T16:05:53.386+0000][1][gc,heap      ] GC(117) CMS: 137031K->137031K(2011968K)
[2020-09-11T16:05:53.386+0000][1][gc,metaspace ] GC(117) Metaspace: 93708K->93708K(1136640K)
[2020-09-11T16:05:53.386+0000][1][gc           ] GC(117) Pause Young (Allocation Failure) 204M->142M(2039M) 17.532ms
[2020-09-11T16:05:53.386+0000][1][gc,cpu       ] GC(117) User=0.02s Sys=0.00s Real=0.02s
[2020-09-11T16:05:53.386+0000][1][safepoint    ] Safepoint "GenCollectForAllocation", Time since last: 506913613 ns, Reaching safepoint: 323758 ns, At safepoint: 17609466 ns, Total: 17933224 ns
[2020-09-11T16:05:53.481+0000][1][safepoint    ] Safepoint "RevokeBias", Time since last: 94984557 ns, Reaching safepoint: 187625 ns, At safepoint: 19444 ns, Total: 207069 ns
[2020-09-11T16:05:54.482+0000][1][safepoint    ] Safepoint "Cleanup", Time since last: 1000155153 ns, Reaching safepoint: 94562 ns, At safepoint: 7117 ns, Total: 101679 ns
[2020-09-11T16:05:55.482+0000][1][safepoint    ] Safepoint "Cleanup", Time since last: 1000115351 ns, Reaching safepoint: 79094 ns, At safepoint: 9240 ns, Total: 88334 ns
[2020-09-11T16:05:56.482+0000][1][safepoint    ] Safepoint "Cleanup", Time since last: 1000133475 ns, Reaching safepoint: 98098 ns, At safepoint: 11272 ns, Total: 109370 ns
[2020-09-11T16:05:57.482+0000][1][safepoint    ] Safepoint "Cleanup", Time since last: 1000179002 ns, Reaching safepoint: 147163 ns, At safepoint: 22665 ns, Total: 169828 ns
[2020-09-11T16:05:58.483+0000][1][safepoint    ] Safepoint "Cleanup", Time since last: 1000211561 ns, Reaching safepoint: 95100 ns, At safepoint: 10946 ns, Total: 106046 ns
[2020-09-11T16:05:59.483+0000][1][safepoint    ] Safepoint "Cleanup", Time since last: 1000153905 ns, Reaching safepoint: 107302 ns, At safepoint: 8682 ns, Total: 115984 ns
[2020-09-11T16:06:00.483+0000][1][safepoint    ] Safepoint "Cleanup", Time since last: 1000170854 ns, Reaching safepoint: 121763 ns, At safepoint: 11358 ns, Total: 133121 ns
[2020-09-11T16:06:01.484+0000][1][safepoint    ] Safepoint "Cleanup", Time since last: 1000180579 ns, Reaching safepoint: 115810 ns, At safepoint: 9011 ns, Total: 124821 ns
[2020-09-11T16:06:02.484+0000][1][safepoint    ] Safepoint "Cleanup", Time since last: 1000229694 ns, Reaching safepoint: 157045 ns, At safepoint: 19848 ns, Total: 176893 ns
[2020-09-11T16:06:03.484+0000][1][safepoint    ] Safepoint "Cleanup", Time since last: 1000274858 ns, Reaching safepoint: 167619 ns, At safepoint: 21536 ns, Total: 189155 ns
[2020-09-11T16:06:04.485+0000][1][safepoint    ] Safepoint "Cleanup", Time since last: 1000162481 ns, Reaching safepoint: 80304 ns, At safepoint: 6984 ns, Total: 87288 ns
[2020-09-11T16:06:05.485+0000][1][safepoint    ] Safepoint "Cleanup", Time since last: 1000129310 ns, Reaching safepoint: 92366 ns, At safepoint: 9296 ns, Total: 101662 ns
[2020-09-11T16:06:06.485+0000][1][safepoint    ] Safepoint "Cleanup", Time since last: 1000174264 ns, Reaching safepoint: 112265 ns, At safepoint: 12311 ns, Total: 124576 ns
[2020-09-11T16:06:07.485+0000][1][safepoint    ] Safepoint "Cleanup", Time since last: 1000131748 ns, Reaching safepoint: 80234 ns, At safepoint: 7319 ns, Total: 87553 ns
[2020-09-11T16:06:08.486+0000][1][safepoint    ] Safepoint "Cleanup", Time since last: 1000107208 ns, Reaching safepoint: 74612 ns, At safepoint: 6664 ns, Total: 81276 ns
[2020-09-11T16:06:09.486+0000][1][safepoint    ] Safepoint "Cleanup", Time since last: 1000104196 ns, Reaching safepoint: 77636 ns, At safepoint: 6790 ns, Total: 84426 ns
[2020-09-11T16:06:10.534+0000][1][safepoint    ] Safepoint "Cleanup", Time since last: 1047587146 ns, Reaching safepoint: 139254 ns, At safepoint: 18679 ns, Total: 157933 ns
[2020-09-11T16:06:11.016+0000][1][safepoint    ] Safepoint "RevokeBias", Time since last: 482783507 ns, Reaching safepoint: 66012 ns, At safepoint: 20765 ns, Total: 86777 ns
[2020-09-11T16:06:12.023+0000][1][safepoint    ] Safepoint "Cleanup", Time since last: 1000843945 ns, Reaching safepoint: 5783174 ns, At safepoint: 11882 ns, Total: 5795056 ns
[2020-09-11T16:06:12.039+0000][1][gc,start     ] GC(118) Pause Young (Allocation Failure)
[2020-09-11T16:06:12.039+0000][1][gc,task      ] GC(118) Using 1 workers of 1 for evacuation
[2020-09-11T16:06:12.083+0000][1][gc,age       ] GC(118) Desired survivor size 4358144 bytes, new threshold 5 (max threshold 6)
[2020-09-11T16:06:12.083+0000][1][gc,age       ] GC(118) Age table with threshold 5 (max threshold 6)
[2020-09-11T16:06:12.083+0000][1][gc,age       ] GC(118) - age   1:    2376720 bytes,    2376720 total
[2020-09-11T16:06:12.083+0000][1][gc,age       ] GC(118) - age   2:     480560 bytes,    2857280 total
[2020-09-11T16:06:12.083+0000][1][gc,age       ] GC(118) - age   3:     317808 bytes,    3175088 total
[2020-09-11T16:06:12.083+0000][1][gc,age       ] GC(118) - age   4:    1081976 bytes,    4257064 total
[2020-09-11T16:06:12.083+0000][1][gc,age       ] GC(118) - age   5:     386328 bytes,    4643392 total
[2020-09-11T16:06:12.083+0000][1][gc,age       ] GC(118) - age   6:     111992 bytes,    4755384 total
[2020-09-11T16:06:12.083+0000][1][gc,heap      ] GC(118) ParNew: 76136K->5581K(76672K)
[2020-09-11T16:06:12.083+0000][1][gc,heap      ] GC(118) CMS: 137031K->137861K(2011968K)
[2020-09-11T16:06:12.083+0000][1][gc,metaspace ] GC(118) Metaspace: 93730K->93730K(1136640K)
[2020-09-11T16:06:12.083+0000][1][gc           ] GC(118) Pause Young (Allocation Failure) 208M->140M(2039M) 44.690ms
[2020-09-11T16:06:12.083+0000][1][gc,cpu       ] GC(118) User=0.03s Sys=0.00s Real=0.05s
[2020-09-11T16:06:12.093+0000][1][safepoint    ] Safepoint "GenCollectForAllocation", Time since last: 15464893 ns, Reaching safepoint: 147590 ns, At safepoint: 54207464 ns, Total: 54355054 ns
[2020-09-11T16:06:12.238+0000][1][safepoint    ] Safepoint "RevokeBias", Time since last: 145030793 ns, Reaching safepoint: 148699 ns, At safepoint: 19595 ns, Total: 168294 ns
[2020-09-11T16:06:12.238+0000][1][safepoint    ] Safepoint "RevokeBias", Time since last: 49352 ns, Reaching safepoint: 29982 ns, At safepoint: 11314 ns, Total: 41296 ns
[2020-09-11T16:06:12.333+0000][1][safepoint    ] Safepoint "RevokeBias", Time since last: 95193576 ns, Reaching safepoint: 145350 ns, At safepoint: 26346 ns, Total: 171696 ns
[2020-09-11T16:06:12.341+0000][1][safepoint    ] Safepoint "RevokeBias", Time since last: 7044676 ns, Reaching safepoint: 499999 ns, At safepoint: 47934 ns, Total: 547933 ns
[2020-09-11T16:06:13.341+0000][1][safepoint    ] Safepoint "Cleanup", Time since last: 1000133394 ns, Reaching safepoint: 136874 ns, At safepoint: 5306 ns, Total: 142180 ns
[2020-09-11T16:06:14.342+0000][1][safepoint    ] Safepoint "Cleanup", Time since last: 1000165114 ns, Reaching safepoint: 170843 ns, At safepoint: 18522 ns, Total: 189365 ns
[2020-09-11T16:06:15.342+0000][1][safepoint    ] Safepoint "Cleanup", Time since last: 1000166647 ns, Reaching safepoint: 163135 ns, At safepoint: 20247 ns, Total: 183382 ns
[2020-09-11T16:06:16.342+0000][1][safepoint    ] Safepoint "Cleanup", Time since last: 1000214670 ns, Reaching safepoint: 102874 ns, At safepoint: 10149 ns, Total: 113023 ns
[2020-09-11T16:06:17.343+0000][1][safepoint    ] Safepoint "Cleanup", Time since last: 1000127004 ns, Reaching safepoint: 145883 ns, At safepoint: 11370 ns, Total: 157253 ns
[2020-09-11T16:06:17.879+0000][1][safepoint    ] Safepoint "RevokeBias", Time since last: 536570805 ns, Reaching safepoint: 188877 ns, At safepoint: 21185 ns, Total: 210062 ns
[2020-09-11T16:06:17.887+0000][1][safepoint    ] Safepoint "RevokeBias", Time since last: 7741587 ns, Reaching safepoint: 225729 ns, At safepoint: 24795 ns, Total: 250524 ns
[2020-09-11T16:06:18.888+0000][1][safepoint    ] Safepoint "Cleanup", Time since last: 1000177279 ns, Reaching safepoint: 151148 ns, At safepoint: 21121 ns, Total: 172269 ns
[2020-09-11T16:06:18.912+0000][1][safepoint    ] Safepoint "RevokeBias", Time since last: 24141571 ns, Reaching safepoint: 196462 ns, At safepoint: 26062 ns, Total: 222524 ns
[2020-09-11T16:06:18.921+0000][1][safepoint    ] Safepoint "BulkRevokeBias", Time since last: 8760200 ns, Reaching safepoint: 200322 ns, At safepoint: 196775 ns, Total: 397097 ns
[2020-09-11T16:06:18.924+0000][1][safepoint    ] Safepoint "RevokeBias", Time since last: 2526753 ns, Reaching safepoint: 141159 ns, At safepoint: 19903 ns, Total: 161062 ns
[2020-09-11T16:06:18.934+0000][1][safepoint    ] Safepoint "RevokeBias", Time since last: 9622211 ns, Reaching safepoint: 185672 ns, At safepoint: 21962 ns, Total: 207634 ns
[2020-09-11T16:06:18.934+0000][1][safepoint    ] Safepoint "RevokeBias", Time since last: 64330 ns, Reaching safepoint: 166775 ns, At safepoint: 14447 ns, Total: 181222 ns
[2020-09-11T16:06:18.936+0000][1][safepoint    ] Safepoint "RevokeBias", Time since last: 1646795 ns, Reaching safepoint: 165206 ns, At safepoint: 18385 ns, Total: 183591 ns
[2020-09-11T16:06:18.941+0000][1][safepoint    ] Safepoint "RevokeBias", Time since last: 5012695 ns, Reaching safepoint: 140874 ns, At safepoint: 22427 ns, Total: 163301 ns
[2020-09-11T16:06:19.002+0000][1][gc,start     ] GC(119) Pause Young (Allocation Failure)
[2020-09-11T16:06:19.002+0000][1][gc,task      ] GC(119) Using 1 workers of 1 for evacuation
[2020-09-11T16:06:19.020+0000][1][gc,age       ] GC(119) Desired survivor size 4358144 bytes, new threshold 5 (max threshold 6)
[2020-09-11T16:06:19.020+0000][1][gc,age       ] GC(119) Age table with threshold 5 (max threshold 6)
[2020-09-11T16:06:19.020+0000][1][gc,age       ] GC(119) - age   1:     648016 bytes,     648016 total
[2020-09-11T16:06:19.020+0000][1][gc,age       ] GC(119) - age   2:    2284896 bytes,    2932912 total
[2020-09-11T16:06:19.020+0000][1][gc,age       ] GC(119) - age   3:     418064 bytes,    3350976 total
[2020-09-11T16:06:19.020+0000][1][gc,age       ] GC(119) - age   4:     316928 bytes,    3667904 total
[2020-09-11T16:06:19.020+0000][1][gc,age       ] GC(119) - age   5:    1081976 bytes,    4749880 total
[2020-09-11T16:06:19.020+0000][1][gc,heap      ] GC(119) ParNew: 73293K->8361K(76672K)
[2020-09-11T16:06:19.020+0000][1][gc,heap      ] GC(119) CMS: 137861K->138350K(2011968K)
[2020-09-11T16:06:19.020+0000][1][gc,metaspace ] GC(119) Metaspace: 93874K->93874K(1136640K)
[2020-09-11T16:06:19.020+0000][1][gc           ] GC(119) Pause Young (Allocation Failure) 206M->143M(2039M) 18.545ms
[2020-09-11T16:06:19.020+0000][1][gc,cpu       ] GC(119) User=0.02s Sys=0.00s Real=0.01s
[2020-09-11T16:06:19.025+0000][1][safepoint    ] Safepoint "GenCollectForAllocation", Time since last: 60479535 ns, Reaching safepoint: 175293 ns, At safepoint: 23046823 ns, Total: 23222116 ns
[2020-09-11T16:06:19.047+0000][1][safepoint    ] Safepoint "RevokeBias", Time since last: 21854274 ns, Reaching safepoint: 210654 ns, At safepoint: 19407 ns, Total: 230061 ns
[2020-09-11T16:06:19.924+0000][1][safepoint    ] Safepoint "RevokeBias", Time since last: 877426318 ns, Reaching safepoint: 158214 ns, At safepoint: 19201 ns, Total: 177415 ns
[2020-09-11T16:06:19.925+0000][1][safepoint    ] Safepoint "RevokeBias", Time since last: 665082 ns, Reaching safepoint: 83625 ns, At safepoint: 16171 ns, Total: 99796 ns
[2020-09-11T16:06:19.931+0000][1][safepoint    ] Safepoint "BulkRevokeBias", Time since last: 4988279 ns, Reaching safepoint: 226010 ns, At safepoint: 407035 ns, Total: 633045 ns
[2020-09-11T16:06:20.931+0000][1][safepoint    ] Safepoint "Cleanup", Time since last: 1000220039 ns, Reaching safepoint: 143971 ns, At safepoint: 18148 ns, Total: 162119 ns
[2020-09-11T16:06:21.932+0000][1][safepoint    ] Safepoint "Cleanup", Time since last: 1000210075 ns, Reaching safepoint: 102398 ns, At safepoint: 6856 ns, Total: 109254 ns
[2020-09-11T16:06:22.300+0000][1][safepoint    ] Safepoint "RevokeBias", Time since last: 367888327 ns, Reaching safepoint: 73873 ns, At safepoint: 8000 ns, Total: 81873 ns
[2020-09-11T16:06:23.300+0000][1][safepoint    ] Safepoint "Cleanup", Time since last: 1000779381 ns, Reaching safepoint: 97553 ns, At safepoint: 8442 ns, Total: 105995 ns
[2020-09-11T16:06:24.301+0000][1][safepoint    ] Safepoint "Cleanup", Time since last: 1000353780 ns, Reaching safepoint: 194727 ns, At safepoint: 11387 ns, Total: 206114 ns
[2020-09-11T16:06:25.301+0000][1][safepoint    ] Safepoint "Cleanup", Time since last: 1000169789 ns, Reaching safepoint: 154826 ns, At safepoint: 18422 ns, Total: 173248 ns
[2020-09-11T16:06:26.302+0000][1][safepoint    ] Safepoint "Cleanup", Time since last: 1000245013 ns, Reaching safepoint: 100516 ns, At safepoint: 6895 ns, Total: 107411 ns
[2020-09-11T16:06:27.302+0000][1][safepoint    ] Safepoint "Cleanup", Time since last: 1000189852 ns, Reaching safepoint: 146667 ns, At safepoint: 17882 ns, Total: 164549 ns
[2020-09-11T16:06:28.302+0000][1][safepoint    ] Safepoint "Cleanup", Time since last: 1000231539 ns, Reaching safepoint: 103681 ns, At safepoint: 6961 ns, Total: 110642 ns
[2020-09-11T16:06:29.303+0000][1][safepoint    ] Safepoint "Cleanup", Time since last: 1000206290 ns, Reaching safepoint: 110194 ns, At safepoint: 7440 ns, Total: 117634 ns
[2020-09-11T16:06:30.303+0000][1][safepoint    ] Safepoint "Cleanup", Time since last: 1000193212 ns, Reaching safepoint: 105787 ns, At safepoint: 7677 ns, Total: 113464 ns
[2020-09-11T16:06:31.303+0000][1][safepoint    ] Safepoint "Cleanup", Time since last: 1000217374 ns, Reaching safepoint: 112569 ns, At safepoint: 7785 ns, Total: 120354 ns
[2020-09-11T16:06:32.304+0000][1][safepoint    ] Safepoint "Cleanup", Time since last: 1000119956 ns, Reaching safepoint: 77388 ns, At safepoint: 7593 ns, Total: 84981 ns
[2020-09-11T16:06:33.304+0000][1][safepoint    ] Safepoint "Cleanup", Time since last: 1000259372 ns, Reaching safepoint: 144329 ns, At safepoint: 17848 ns, Total: 162177 ns
[2020-09-11T16:06:34.304+0000][1][safepoint    ] Safepoint "Cleanup", Time since last: 1000215665 ns, Reaching safepoint: 120964 ns, At safepoint: 10169 ns, Total: 131133 ns
[2020-09-11T16:06:35.305+0000][1][safepoint    ] Safepoint "Cleanup", Time since last: 1000163652 ns, Reaching safepoint: 132400 ns, At safepoint: 9542 ns, Total: 141942 ns
[2020-09-11T16:06:36.305+0000][1][safepoint    ] Safepoint "Cleanup", Time since last: 1000201425 ns, Reaching safepoint: 146540 ns, At safepoint: 18135 ns, Total: 164675 ns
[2020-09-11T16:06:37.305+0000][1][safepoint    ] Safepoint "Cleanup", Time since last: 1000248180 ns, Reaching safepoint: 160492 ns, At safepoint: 19495 ns, Total: 179987 ns
[2020-09-11T16:06:38.306+0000][1][safepoint    ] Safepoint "Cleanup", Time since last: 1000217578 ns, Reaching safepoint: 190137 ns, At safepoint: 18957 ns, Total: 209094 ns
[2020-09-11T16:06:39.306+0000][1][safepoint    ] Safepoint "Cleanup", Time since last: 1000227844 ns, Reaching safepoint: 158769 ns, At safepoint: 18896 ns, Total: 177665 ns
[2020-09-11T16:06:40.307+0000][1][safepoint    ] Safepoint "Cleanup", Time since last: 1000219348 ns, Reaching safepoint: 154783 ns, At safepoint: 18826 ns, Total: 173609 ns
[2020-09-11T16:06:40.954+0000][1][safepoint    ] Safepoint "BulkRevokeBias", Time since last: 647450886 ns, Reaching safepoint: 189686 ns, At safepoint: 187467 ns, Total: 377153 ns
[2020-09-11T16:06:40.957+0000][1][safepoint    ] Safepoint "RevokeBias", Time since last: 2467989 ns, Reaching safepoint: 184599 ns, At safepoint: 7753 ns, Total: 192352 ns
[2020-09-11T16:06:40.958+0000][1][safepoint    ] Safepoint "RevokeBias", Time since last: 950457 ns, Reaching safepoint: 152508 ns, At safepoint: 18345 ns, Total: 170853 ns
[2020-09-11T16:06:41.958+0000][1][safepoint    ] Safepoint "Cleanup", Time since last: 1000094667 ns, Reaching safepoint: 74619 ns, At safepoint: 7288 ns, Total: 81907 ns
[2020-09-11T16:06:42.959+0000][1][safepoint    ] Safepoint "Cleanup", Time since last: 1000195289 ns, Reaching safepoint: 105996 ns, At safepoint: 8849 ns, Total: 114845 ns
[2020-09-11T16:06:43.959+0000][1][safepoint    ] Safepoint "Cleanup", Time since last: 1000129591 ns, Reaching safepoint: 87125 ns, At safepoint: 7514 ns, Total: 94639 ns
[2020-09-11T16:06:44.959+0000][1][safepoint    ] Safepoint "Cleanup", Time since last: 1000180104 ns, Reaching safepoint: 157806 ns, At safepoint: 18553 ns, Total: 176359 ns
[2020-09-11T16:06:45.346+0000][1][gc,start     ] GC(120) Pause Young (Allocation Failure)
[2020-09-11T16:06:45.346+0000][1][gc,task      ] GC(120) Using 1 workers of 1 for evacuation
[2020-09-11T16:06:45.365+0000][1][gc,age       ] GC(120) Desired survivor size 4358144 bytes, new threshold 6 (max threshold 6)
[2020-09-11T16:06:45.365+0000][1][gc,age       ] GC(120) Age table with threshold 6 (max threshold 6)
[2020-09-11T16:06:45.365+0000][1][gc,age       ] GC(120) - age   1:     407584 bytes,     407584 total
[2020-09-11T16:06:45.365+0000][1][gc,age       ] GC(120) - age   2:     131904 bytes,     539488 total
[2020-09-11T16:06:45.365+0000][1][gc,age       ] GC(120) - age   3:    2262376 bytes,    2801864 total
[2020-09-11T16:06:45.365+0000][1][gc,age       ] GC(120) - age   4:     132728 bytes,    2934592 total
[2020-09-11T16:06:45.365+0000][1][gc,age       ] GC(120) - age   5:      17096 bytes,    2951688 total
[2020-09-11T16:06:45.365+0000][1][gc,heap      ] GC(120) ParNew: 76521K->5569K(76672K)
[2020-09-11T16:06:45.365+0000][1][gc,heap      ] GC(120) CMS: 138350K->139300K(2011968K)
[2020-09-11T16:06:45.365+0000][1][gc,metaspace ] GC(120) Metaspace: 93911K->93911K(1136640K)
[2020-09-11T16:06:45.365+0000][1][gc           ] GC(120) Pause Young (Allocation Failure) 209M->141M(2039M) 18.829ms
[2020-09-11T16:06:45.365+0000][1][gc,cpu       ] GC(120) User=0.02s Sys=0.00s Real=0.02s
[2020-09-11T16:06:45.365+0000][1][safepoint    ] Safepoint "GenCollectForAllocation", Time since last: 386632376 ns, Reaching safepoint: 270846 ns, At safepoint: 18911781 ns, Total: 19182627 ns
[2020-09-11T16:06:46.367+0000][1][safepoint    ] Safepoint "Cleanup", Time since last: 1002080030 ns, Reaching safepoint: 138461 ns, At safepoint: 40808 ns, Total: 179269 ns
[2020-09-11T16:06:47.368+0000][1][safepoint    ] Safepoint "Cleanup", Time since last: 1000179303 ns, Reaching safepoint: 137880 ns, At safepoint: 37934 ns, Total: 175814 ns
[2020-09-11T16:06:48.368+0000][1][safepoint    ] Safepoint "Cleanup", Time since last: 1000174690 ns, Reaching safepoint: 117261 ns, At safepoint: 17076 ns, Total: 134337 ns
[2020-09-11T16:06:49.368+0000][1][safepoint    ] Safepoint "Cleanup", Time since last: 1000143409 ns, Reaching safepoint: 135538 ns, At safepoint: 13023 ns, Total: 148561 ns
[2020-09-11T16:06:50.369+0000][1][safepoint    ] Safepoint "Cleanup", Time since last: 1000167132 ns, Reaching safepoint: 367571 ns, At safepoint: 17744 ns, Total: 385315 ns
[2020-09-11T16:06:51.369+0000][1][safepoint    ] Safepoint "Cleanup", Time since last: 1000203894 ns, Reaching safepoint: 156166 ns, At safepoint: 19040 ns, Total: 175206 ns
[2020-09-11T16:06:52.370+0000][1][safepoint    ] Safepoint "Cleanup", Time since last: 1000212198 ns, Reaching safepoint: 102828 ns, At safepoint: 7626 ns, Total: 110454 ns
[2020-09-11T16:06:53.370+0000][1][safepoint    ] Safepoint "Cleanup", Time since last: 1000134714 ns, Reaching safepoint: 171585 ns, At safepoint: 17182 ns, Total: 188767 ns
[2020-09-11T16:06:54.371+0000][1][safepoint    ] Safepoint "Cleanup", Time since last: 1000834242 ns, Reaching safepoint: 150242 ns, At safepoint: 14436 ns, Total: 164678 ns
[2020-09-11T16:06:55.371+0000][1][safepoint    ] Safepoint "Cleanup", Time since last: 1000182507 ns, Reaching safepoint: 145691 ns, At safepoint: 15920 ns, Total: 161611 ns
[2020-09-11T16:06:56.372+0000][1][safepoint    ] Safepoint "Cleanup", Time since last: 1000250559 ns, Reaching safepoint: 107070 ns, At safepoint: 7623 ns, Total: 114693 ns
[2020-09-11T16:06:57.372+0000][1][safepoint    ] Safepoint "Cleanup", Time since last: 1000181435 ns, Reaching safepoint: 144696 ns, At safepoint: 17500 ns, Total: 162196 ns
[2020-09-11T16:06:58.372+0000][1][safepoint    ] Safepoint "Cleanup", Time since last: 1000238070 ns, Reaching safepoint: 107024 ns, At safepoint: 7666 ns, Total: 114690 ns
[2020-09-11T16:06:59.373+0000][1][safepoint    ] Safepoint "Cleanup", Time since last: 1000142676 ns, Reaching safepoint: 125398 ns, At safepoint: 7647 ns, Total: 133045 ns
[2020-09-11T16:07:00.373+0000][1][safepoint    ] Safepoint "Cleanup", Time since last: 1000344582 ns, Reaching safepoint: 219424 ns, At safepoint: 18486 ns, Total: 237910 ns
[2020-09-11T16:07:01.373+0000][1][safepoint    ] Safepoint "Cleanup", Time since last: 1000163003 ns, Reaching safepoint: 84066 ns, At safepoint: 7848 ns, Total: 91914 ns
[2020-09-11T16:07:02.374+0000][1][safepoint    ] Safepoint "Cleanup", Time since last: 1000174615 ns, Reaching safepoint: 143781 ns, At safepoint: 17784 ns, Total: 161565 ns
[2020-09-11T16:07:03.374+0000][1][safepoint    ] Safepoint "Cleanup", Time since last: 1000222235 ns, Reaching safepoint: 145485 ns, At safepoint: 17293 ns, Total: 162778 ns
[2020-09-11T16:07:04.375+0000][1][safepoint    ] Safepoint "Cleanup", Time since last: 1000166974 ns, Reaching safepoint: 391761 ns, At safepoint: 20661 ns, Total: 412422 ns
[2020-09-11T16:07:05.375+0000][1][safepoint    ] Safepoint "Cleanup", Time since last: 1000157968 ns, Reaching safepoint: 77167 ns, At safepoint: 7490 ns, Total: 84657 ns
[2020-09-11T16:07:06.375+0000][1][safepoint    ] Safepoint "Cleanup", Time since last: 1000181012 ns, Reaching safepoint: 101287 ns, At safepoint: 7010 ns, Total: 108297 ns
[2020-09-11T16:07:07.375+0000][1][safepoint    ] Safepoint "Cleanup", Time since last: 1000113033 ns, Reaching safepoint: 84771 ns, At safepoint: 7906 ns, Total: 92677 ns
[2020-09-11T16:07:08.376+0000][1][safepoint    ] Safepoint "Cleanup", Time since last: 1000178956 ns, Reaching safepoint: 112441 ns, At safepoint: 8015 ns, Total: 120456 ns
[2020-09-11T16:07:09.376+0000][1][safepoint    ] Safepoint "Cleanup", Time since last: 1000175052 ns, Reaching safepoint: 143539 ns, At safepoint: 18256 ns, Total: 161795 ns
[2020-09-11T16:07:10.376+0000][1][safepoint    ] Safepoint "Cleanup", Time since last: 1000142674 ns, Reaching safepoint: 74528 ns, At safepoint: 5978 ns, Total: 80506 ns
[2020-09-11T16:07:11.377+0000][1][safepoint    ] Safepoint "Cleanup", Time since last: 1000174398 ns, Reaching safepoint: 97765 ns, At safepoint: 6830 ns, Total: 104595 ns
[2020-09-11T16:07:12.377+0000][1][safepoint    ] Safepoint "Cleanup", Time since last: 1000172704 ns, Reaching safepoint: 165744 ns, At safepoint: 22441 ns, Total: 188185 ns
[2020-09-11T16:07:13.377+0000][1][safepoint    ] Safepoint "Cleanup", Time since last: 1000149673 ns, Reaching safepoint: 75045 ns, At safepoint: 7302 ns, Total: 82347 ns
[2020-09-11T16:07:14.380+0000][1][safepoint    ] Safepoint "Cleanup", Time since last: 1000201728 ns, Reaching safepoint: 2227833 ns, At safepoint: 12337 ns, Total: 2240170 ns
[2020-09-11T16:07:15.380+0000][1][safepoint    ] Safepoint "Cleanup", Time since last: 1000135488 ns, Reaching safepoint: 139814 ns, At safepoint: 16588 ns, Total: 156402 ns
[2020-09-11T16:07:16.380+0000][1][safepoint    ] Safepoint "Cleanup", Time since last: 1000241978 ns, Reaching safepoint: 140626 ns, At safepoint: 17912 ns, Total: 158538 ns
[2020-09-11T16:07:17.381+0000][1][safepoint    ] Safepoint "Cleanup", Time since last: 1000221299 ns, Reaching safepoint: 142498 ns, At safepoint: 17360 ns, Total: 159858 ns
[2020-09-11T16:07:18.381+0000][1][safepoint    ] Safepoint "Cleanup", Time since last: 1000219841 ns, Reaching safepoint: 101960 ns, At safepoint: 7271 ns, Total: 109231 ns
[2020-09-11T16:07:19.381+0000][1][safepoint    ] Safepoint "Cleanup", Time since last: 1000166291 ns, Reaching safepoint: 141602 ns, At safepoint: 17260 ns, Total: 158862 ns
[2020-09-11T16:07:20.382+0000][1][safepoint    ] Safepoint "Cleanup", Time since last: 1000195360 ns, Reaching safepoint: 139227 ns, At safepoint: 16752 ns, Total: 155979 ns
[2020-09-11T16:07:21.382+0000][1][safepoint    ] Safepoint "Cleanup", Time since last: 1000221176 ns, Reaching safepoint: 103377 ns, At safepoint: 6034 ns, Total: 109411 ns
[2020-09-11T16:07:22.382+0000][1][safepoint    ] Safepoint "Cleanup", Time since last: 1000118279 ns, Reaching safepoint: 121852 ns, At safepoint: 5696 ns, Total: 127548 ns
[2020-09-11T16:07:23.383+0000][1][safepoint    ] Safepoint "Cleanup", Time since last: 1000163164 ns, Reaching safepoint: 103224 ns, At safepoint: 7135 ns, Total: 110359 ns
[2020-09-11T16:07:24.384+0000][1][safepoint    ] Safepoint "Cleanup", Time since last: 1000723495 ns, Reaching safepoint: 678195 ns, At safepoint: 20350 ns, Total: 698545 ns
[2020-09-11T16:07:25.384+0000][1][safepoint    ] Safepoint "Cleanup", Time since last: 1000219822 ns, Reaching safepoint: 109642 ns, At safepoint: 7507 ns, Total: 117149 ns
[2020-09-11T16:07:26.385+0000][1][safepoint    ] Safepoint "Cleanup", Time since last: 1000178145 ns, Reaching safepoint: 147189 ns, At safepoint: 20189 ns, Total: 167378 ns
[2020-09-11T16:07:27.386+0000][1][safepoint    ] Safepoint "Cleanup", Time since last: 1000673694 ns, Reaching safepoint: 143683 ns, At safepoint: 16271 ns, Total: 159954 ns
[2020-09-11T16:07:28.387+0000][1][safepoint    ] Safepoint "Cleanup", Time since last: 1000217365 ns, Reaching safepoint: 1452919 ns, At safepoint: 21880 ns, Total: 1474799 ns
[2020-09-11T16:07:29.388+0000][1][safepoint    ] Safepoint "Cleanup", Time since last: 1000210476 ns, Reaching safepoint: 142714 ns, At safepoint: 17350 ns, Total: 160064 ns
[2020-09-11T16:07:30.388+0000][1][safepoint    ] Safepoint "Cleanup", Time since last: 1000249425 ns, Reaching safepoint: 97775 ns, At safepoint: 6676 ns, Total: 104451 ns
[2020-09-11T16:07:31.367+0000][1][safepoint    ] Safepoint "RevokeBias", Time since last: 977682175 ns, Reaching safepoint: 1159098 ns, At safepoint: 9586 ns, Total: 1168684 ns
[2020-09-11T16:07:32.367+0000][1][safepoint    ] Safepoint "Cleanup", Time since last: 1000163208 ns, Reaching safepoint: 117326 ns, At safepoint: 7717 ns, Total: 125043 ns
[2020-09-11T16:07:32.488+0000][1][safepoint    ] Safepoint "Deoptimize", Time since last: 119384076 ns, Reaching safepoint: 227476 ns, At safepoint: 1014375 ns, Total: 1241851 ns
[2020-09-11T16:07:33.488+0000][1][safepoint    ] Safepoint "Cleanup", Time since last: 1000248447 ns, Reaching safepoint: 208489 ns, At safepoint: 19438 ns, Total: 227927 ns
[2020-09-11T16:07:34.489+0000][1][safepoint    ] Safepoint "Cleanup", Time since last: 1000269194 ns, Reaching safepoint: 189278 ns, At safepoint: 27283 ns, Total: 216561 ns
[2020-09-11T16:07:35.489+0000][1][safepoint    ] Safepoint "Cleanup", Time since last: 1000289032 ns, Reaching safepoint: 105765 ns, At safepoint: 12203 ns, Total: 117968 ns
[2020-09-11T16:07:36.489+0000][1][safepoint    ] Safepoint "Cleanup", Time since last: 1000163440 ns, Reaching safepoint: 194971 ns, At safepoint: 17848 ns, Total: 212819 ns
[2020-09-11T16:07:37.490+0000][1][safepoint    ] Safepoint "Cleanup", Time since last: 1000258992 ns, Reaching safepoint: 106010 ns, At safepoint: 9045 ns, Total: 115055 ns
[2020-09-11T16:07:38.490+0000][1][safepoint    ] Safepoint "Cleanup", Time since last: 1000125327 ns, Reaching safepoint: 82190 ns, At safepoint: 9178 ns, Total: 91368 ns
[2020-09-11T16:07:39.490+0000][1][safepoint    ] Safepoint "Cleanup", Time since last: 1000215412 ns, Reaching safepoint: 215348 ns, At safepoint: 24352 ns, Total: 239700 ns
[2020-09-11T16:07:40.491+0000][1][safepoint    ] Safepoint "Cleanup", Time since last: 1000223023 ns, Reaching safepoint: 108898 ns, At safepoint: 11796 ns, Total: 120694 ns
[2020-09-11T16:07:41.491+0000][1][safepoint    ] Safepoint "Cleanup", Time since last: 1000207151 ns, Reaching safepoint: 100527 ns, At safepoint: 8661 ns, Total: 109188 ns
[2020-09-11T16:07:42.491+0000][1][safepoint    ] Safepoint "Cleanup", Time since last: 1000201281 ns, Reaching safepoint: 105872 ns, At safepoint: 9718 ns, Total: 115590 ns
[2020-09-11T16:07:43.492+0000][1][safepoint    ] Safepoint "Cleanup", Time since last: 1000192495 ns, Reaching safepoint: 114746 ns, At safepoint: 9509 ns, Total: 124255 ns
[2020-09-11T16:07:44.492+0000][1][safepoint    ] Safepoint "Cleanup", Time since last: 1000220555 ns, Reaching safepoint: 172246 ns, At safepoint: 25134 ns, Total: 197380 ns
[2020-09-11T16:07:45.493+0000][1][safepoint    ] Safepoint "Cleanup", Time since last: 1000240287 ns, Reaching safepoint: 171622 ns, At safepoint: 23193 ns, Total: 194815 ns
[2020-09-11T16:07:46.493+0000][1][safepoint    ] Safepoint "Cleanup", Time since last: 1000187534 ns, Reaching safepoint: 92444 ns, At safepoint: 9478 ns, Total: 101922 ns
[2020-09-11T16:07:47.493+0000][1][safepoint    ] Safepoint "Cleanup", Time since last: 1000127518 ns, Reaching safepoint: 86381 ns, At safepoint: 11840 ns, Total: 98221 ns
[2020-09-11T16:07:48.493+0000][1][safepoint    ] Safepoint "Cleanup", Time since last: 1000145391 ns, Reaching safepoint: 152406 ns, At safepoint: 17040 ns, Total: 169446 ns
[2020-09-11T16:07:49.494+0000][1][safepoint    ] Safepoint "Cleanup", Time since last: 1000249615 ns, Reaching safepoint: 112553 ns, At safepoint: 7936 ns, Total: 120489 ns
[2020-09-11T16:07:50.462+0000][1][gc,start     ] GC(121) Pause Young (Allocation Failure)
[2020-09-11T16:07:50.462+0000][1][gc,task      ] GC(121) Using 1 workers of 1 for evacuation
[2020-09-11T16:07:50.481+0000][1][gc,age       ] GC(121) Desired survivor size 4358144 bytes, new threshold 6 (max threshold 6)
[2020-09-11T16:07:50.481+0000][1][gc,age       ] GC(121) Age table with threshold 6 (max threshold 6)
[2020-09-11T16:07:50.481+0000][1][gc,age       ] GC(121) - age   1:     233800 bytes,     233800 total
[2020-09-11T16:07:50.481+0000][1][gc,age       ] GC(121) - age   2:     360016 bytes,     593816 total
[2020-09-11T16:07:50.481+0000][1][gc,age       ] GC(121) - age   3:     129880 bytes,     723696 total
[2020-09-11T16:07:50.481+0000][1][gc,age       ] GC(121) - age   4:    2259032 bytes,    2982728 total
[2020-09-11T16:07:50.481+0000][1][gc,age       ] GC(121) - age   5:     132728 bytes,    3115456 total
[2020-09-11T16:07:50.481+0000][1][gc,age       ] GC(121) - age   6:      16968 bytes,    3132424 total
[2020-09-11T16:07:50.481+0000][1][gc,heap      ] GC(121) ParNew: 73729K->3554K(76672K)
[2020-09-11T16:07:50.481+0000][1][gc,heap      ] GC(121) CMS: 139300K->139300K(2011968K)
[2020-09-11T16:07:50.481+0000][1][gc,metaspace ] GC(121) Metaspace: 94306K->94306K(1136640K)
[2020-09-11T16:07:50.481+0000][1][gc           ] GC(121) Pause Young (Allocation Failure) 208M->139M(2039M) 18.754ms
[2020-09-11T16:07:50.481+0000][1][gc,cpu       ] GC(121) User=0.01s Sys=0.00s Real=0.02s
[2020-09-11T16:07:50.482+0000][1][safepoint    ] Safepoint "GenCollectForAllocation", Time since last: 968226720 ns, Reaching safepoint: 153079 ns, At safepoint: 20207904 ns, Total: 20360983 ns
[2020-09-11T16:07:51.486+0000][1][safepoint    ] Safepoint "Cleanup", Time since last: 1003279451 ns, Reaching safepoint: 193295 ns, At safepoint: 18502 ns, Total: 211797 ns
[2020-09-11T16:07:52.486+0000][1][safepoint    ] Safepoint "Cleanup", Time since last: 1000141124 ns, Reaching safepoint: 94050 ns, At safepoint: 23923 ns, Total: 117973 ns
[2020-09-11T16:07:53.486+0000][1][safepoint    ] Safepoint "Cleanup", Time since last: 1000136905 ns, Reaching safepoint: 134224 ns, At safepoint: 9232 ns, Total: 143456 ns
[2020-09-11T16:07:54.487+0000][1][safepoint    ] Safepoint "Cleanup", Time since last: 1000153526 ns, Reaching safepoint: 132381 ns, At safepoint: 10601 ns, Total: 142982 ns
[2020-09-11T16:07:55.488+0000][1][safepoint    ] Safepoint "Cleanup", Time since last: 1001052455 ns, Reaching safepoint: 76886 ns, At safepoint: 8616 ns, Total: 85502 ns
[2020-09-11T16:07:56.488+0000][1][safepoint    ] Safepoint "Cleanup", Time since last: 1000143171 ns, Reaching safepoint: 128802 ns, At safepoint: 10346 ns, Total: 139148 ns
[2020-09-11T16:07:57.489+0000][1][safepoint    ] Safepoint "Cleanup", Time since last: 1000238903 ns, Reaching safepoint: 90850 ns, At safepoint: 11591 ns, Total: 102441 ns
[2020-09-11T16:07:58.489+0000][1][safepoint    ] Safepoint "Cleanup", Time since last: 1000174679 ns, Reaching safepoint: 131390 ns, At safepoint: 10236 ns, Total: 141626 ns
[2020-09-11T16:07:59.489+0000][1][safepoint    ] Safepoint "Cleanup", Time since last: 1000308308 ns, Reaching safepoint: 177751 ns, At safepoint: 21269 ns, Total: 199020 ns
[2020-09-11T16:08:00.490+0000][1][safepoint    ] Safepoint "Cleanup", Time since last: 1000241950 ns, Reaching safepoint: 107019 ns, At safepoint: 12091 ns, Total: 119110 ns
[2020-09-11T16:08:01.490+0000][1][safepoint    ] Safepoint "Cleanup", Time since last: 1000192598 ns, Reaching safepoint: 111534 ns, At safepoint: 10726 ns, Total: 122260 ns
[2020-09-11T16:08:02.490+0000][1][safepoint    ] Safepoint "Cleanup", Time since last: 1000190820 ns, Reaching safepoint: 112066 ns, At safepoint: 11044 ns, Total: 123110 ns
[2020-09-11T16:08:03.491+0000][1][safepoint    ] Safepoint "Cleanup", Time since last: 1000190005 ns, Reaching safepoint: 117856 ns, At safepoint: 9723 ns, Total: 127579 ns
[2020-09-11T16:08:04.491+0000][1][safepoint    ] Safepoint "Cleanup", Time since last: 1000164766 ns, Reaching safepoint: 168928 ns, At safepoint: 20287 ns, Total: 189215 ns
[2020-09-11T16:08:05.491+0000][1][safepoint    ] Safepoint "Cleanup", Time since last: 1000237011 ns, Reaching safepoint: 108520 ns, At safepoint: 11530 ns, Total: 120050 ns
[2020-09-11T16:08:06.492+0000][1][safepoint    ] Safepoint "Cleanup", Time since last: 1000973789 ns, Reaching safepoint: 86318 ns, At safepoint: 8126 ns, Total: 94444 ns
[2020-09-11T16:08:07.493+0000][1][safepoint    ] Safepoint "Cleanup", Time since last: 1000183881 ns, Reaching safepoint: 116924 ns, At safepoint: 7680 ns, Total: 124604 ns
[2020-09-11T16:08:08.493+0000][1][safepoint    ] Safepoint "Cleanup", Time since last: 1000173395 ns, Reaching safepoint: 124443 ns, At safepoint: 8812 ns, Total: 133255 ns
[2020-09-11T16:08:09.493+0000][1][safepoint    ] Safepoint "Cleanup", Time since last: 1000161353 ns, Reaching safepoint: 124799 ns, At safepoint: 10705 ns, Total: 135504 ns
[2020-09-11T16:08:10.495+0000][1][safepoint    ] Safepoint "Cleanup", Time since last: 1001783745 ns, Reaching safepoint: 136341 ns, At safepoint: 8848 ns, Total: 145189 ns
[2020-09-11T16:08:11.496+0000][1][safepoint    ] Safepoint "Cleanup", Time since last: 1000219856 ns, Reaching safepoint: 118363 ns, At safepoint: 9009 ns, Total: 127372 ns
[2020-09-11T16:08:12.496+0000][1][safepoint    ] Safepoint "Cleanup", Time since last: 1000267586 ns, Reaching safepoint: 75271 ns, At safepoint: 5864 ns, Total: 81135 ns
[2020-09-11T16:08:13.496+0000][1][safepoint    ] Safepoint "Cleanup", Time since last: 1000210092 ns, Reaching safepoint: 104815 ns, At safepoint: 8132 ns, Total: 112947 ns
[2020-09-11T16:08:14.497+0000][1][safepoint    ] Safepoint "Cleanup", Time since last: 1000213026 ns, Reaching safepoint: 115611 ns, At safepoint: 8423 ns, Total: 124034 ns
[2020-09-11T16:08:15.497+0000][1][safepoint    ] Safepoint "Cleanup", Time since last: 1000159740 ns, Reaching safepoint: 160819 ns, At safepoint: 21145 ns, Total: 181964 ns
[2020-09-11T16:08:16.497+0000][1][safepoint    ] Safepoint "Cleanup", Time since last: 1000200628 ns, Reaching safepoint: 130569 ns, At safepoint: 8269 ns, Total: 138838 ns
[2020-09-11T16:08:17.498+0000][1][safepoint    ] Safepoint "Cleanup", Time since last: 1000150248 ns, Reaching safepoint: 160766 ns, At safepoint: 19013 ns, Total: 179779 ns
[2020-09-11T16:08:18.498+0000][1][safepoint    ] Safepoint "Cleanup", Time since last: 1000165580 ns, Reaching safepoint: 81204 ns, At safepoint: 9175 ns, Total: 90379 ns
[2020-09-11T16:08:19.498+0000][1][safepoint    ] Safepoint "Cleanup", Time since last: 1000189813 ns, Reaching safepoint: 155911 ns, At safepoint: 19779 ns, Total: 175690 ns
[2020-09-11T16:08:20.499+0000][1][safepoint    ] Safepoint "Cleanup", Time since last: 1000249978 ns, Reaching safepoint: 165189 ns, At safepoint: 19736 ns, Total: 184925 ns
[2020-09-11T16:08:21.499+0000][1][safepoint    ] Safepoint "Cleanup", Time since last: 1000197810 ns, Reaching safepoint: 153208 ns, At safepoint: 17497 ns, Total: 170705 ns
[2020-09-11T16:08:22.499+0000][1][safepoint    ] Safepoint "Cleanup", Time since last: 1000213113 ns, Reaching safepoint: 167572 ns, At safepoint: 38047 ns, Total: 205619 ns
[2020-09-11T16:08:23.500+0000][1][safepoint    ] Safepoint "Cleanup", Time since last: 1000241312 ns, Reaching safepoint: 155086 ns, At safepoint: 19324 ns, Total: 174410 ns
[2020-09-11T16:08:24.500+0000][1][safepoint    ] Safepoint "Cleanup", Time since last: 1000237566 ns, Reaching safepoint: 154756 ns, At safepoint: 19501 ns, Total: 174257 ns
[2020-09-11T16:08:25.501+0000][1][safepoint    ] Safepoint "Cleanup", Time since last: 1000212974 ns, Reaching safepoint: 159373 ns, At safepoint: 19839 ns, Total: 179212 ns
[2020-09-11T16:08:26.501+0000][1][safepoint    ] Safepoint "Cleanup", Time since last: 1000187715 ns, Reaching safepoint: 87113 ns, At safepoint: 8686 ns, Total: 95799 ns
[2020-09-11T16:08:27.501+0000][1][safepoint    ] Safepoint "Cleanup", Time since last: 1000222703 ns, Reaching safepoint: 205921 ns, At safepoint: 7746 ns, Total: 213667 ns
[2020-09-11T16:08:28.502+0000][1][safepoint    ] Safepoint "Cleanup", Time since last: 1000145125 ns, Reaching safepoint: 79488 ns, At safepoint: 7668 ns, Total: 87156 ns
[2020-09-11T16:08:29.502+0000][1][safepoint    ] Safepoint "Cleanup", Time since last: 1000148108 ns, Reaching safepoint: 108641 ns, At safepoint: 8023 ns, Total: 116664 ns
[2020-09-11T16:08:30.502+0000][1][safepoint    ] Safepoint "Cleanup", Time since last: 1000177541 ns, Reaching safepoint: 108419 ns, At safepoint: 8629 ns, Total: 117048 ns
[2020-09-11T16:08:31.503+0000][1][safepoint    ] Safepoint "Cleanup", Time since last: 1000154173 ns, Reaching safepoint: 131512 ns, At safepoint: 14439 ns, Total: 145951 ns
[2020-09-11T16:08:32.503+0000][1][safepoint    ] Safepoint "Cleanup", Time since last: 1000189220 ns, Reaching safepoint: 113011 ns, At safepoint: 7059 ns, Total: 120070 ns
[2020-09-11T16:08:33.008+0000][1][safepoint    ] Safepoint "RevokeBias", Time since last: 505104687 ns, Reaching safepoint: 206051 ns, At safepoint: 26237 ns, Total: 232288 ns
[2020-09-11T16:08:33.016+0000][1][safepoint    ] Safepoint "RevokeBias", Time since last: 7608521 ns, Reaching safepoint: 144808 ns, At safepoint: 19988 ns, Total: 164796 ns
[2020-09-11T16:08:34.016+0000][1][safepoint    ] Safepoint "Cleanup", Time since last: 1000164952 ns, Reaching safepoint: 155617 ns, At safepoint: 17982 ns, Total: 173599 ns
[2020-09-11T16:08:35.017+0000][1][safepoint    ] Safepoint "Cleanup", Time since last: 1000268169 ns, Reaching safepoint: 157839 ns, At safepoint: 18606 ns, Total: 176445 ns
[2020-09-11T16:08:36.017+0000][1][safepoint    ] Safepoint "Cleanup", Time since last: 1000235021 ns, Reaching safepoint: 110094 ns, At safepoint: 7352 ns, Total: 117446 ns
[2020-09-11T16:08:37.017+0000][1][safepoint    ] Safepoint "Cleanup", Time since last: 1000234120 ns, Reaching safepoint: 113536 ns, At safepoint: 7371 ns, Total: 120907 ns
[2020-09-11T16:08:38.018+0000][1][safepoint    ] Safepoint "Cleanup", Time since last: 1000180979 ns, Reaching safepoint: 101372 ns, At safepoint: 7490 ns, Total: 108862 ns
[2020-09-11T16:08:39.018+0000][1][safepoint    ] Safepoint "Cleanup", Time since last: 1000194806 ns, Reaching safepoint: 108338 ns, At safepoint: 7430 ns, Total: 115768 ns
[2020-09-11T16:08:40.018+0000][1][safepoint    ] Safepoint "Cleanup", Time since last: 1000183079 ns, Reaching safepoint: 98177 ns, At safepoint: 7752 ns, Total: 105929 ns
[2020-09-11T16:08:41.019+0000][1][safepoint    ] Safepoint "Cleanup", Time since last: 1000186395 ns, Reaching safepoint: 118981 ns, At safepoint: 15411 ns, Total: 134392 ns
[2020-09-11T16:08:42.019+0000][1][safepoint    ] Safepoint "Cleanup", Time since last: 1000195103 ns, Reaching safepoint: 142364 ns, At safepoint: 21489 ns, Total: 163853 ns
[2020-09-11T16:08:43.019+0000][1][safepoint    ] Safepoint "Cleanup", Time since last: 1000233193 ns, Reaching safepoint: 142400 ns, At safepoint: 19685 ns, Total: 162085 ns
[2020-09-11T16:08:44.020+0000][1][safepoint    ] Safepoint "Cleanup", Time since last: 1000127023 ns, Reaching safepoint: 145093 ns, At safepoint: 16802 ns, Total: 161895 ns
[2020-09-11T16:08:44.379+0000][1][gc,start     ] GC(122) Pause Young (Allocation Failure)
[2020-09-11T16:08:44.379+0000][1][gc,task      ] GC(122) Using 1 workers of 1 for evacuation
[2020-09-11T16:08:44.399+0000][1][gc,age       ] GC(122) Desired survivor size 4358144 bytes, new threshold 6 (max threshold 6)
[2020-09-11T16:08:44.399+0000][1][gc,age       ] GC(122) Age table with threshold 6 (max threshold 6)
[2020-09-11T16:08:44.399+0000][1][gc,age       ] GC(122) - age   1:     265504 bytes,     265504 total
[2020-09-11T16:08:44.399+0000][1][gc,age       ] GC(122) - age   2:     176904 bytes,     442408 total
[2020-09-11T16:08:44.399+0000][1][gc,age       ] GC(122) - age   3:     339360 bytes,     781768 total
[2020-09-11T16:08:44.399+0000][1][gc,age       ] GC(122) - age   4:     129736 bytes,     911504 total
[2020-09-11T16:08:44.399+0000][1][gc,age       ] GC(122) - age   5:    2257032 bytes,    3168536 total
[2020-09-11T16:08:44.399+0000][1][gc,age       ] GC(122) - age   6:     132728 bytes,    3301264 total
[2020-09-11T16:08:44.399+0000][1][gc,heap      ] GC(122) ParNew: 71702K->5477K(76672K)
[2020-09-11T16:08:44.399+0000][1][gc,heap      ] GC(122) CMS: 139300K->139317K(2011968K)
[2020-09-11T16:08:44.399+0000][1][gc,metaspace ] GC(122) Metaspace: 94367K->94367K(1136640K)
[2020-09-11T16:08:44.399+0000][1][gc           ] GC(122) Pause Young (Allocation Failure) 206M->141M(2039M) 19.933ms
[2020-09-11T16:08:44.399+0000][1][gc,cpu       ] GC(122) User=0.02s Sys=0.00s Real=0.02s
[2020-09-11T16:08:44.399+0000][1][safepoint    ] Safepoint "GenCollectForAllocation", Time since last: 359355330 ns, Reaching safepoint: 259025 ns, At safepoint: 20006828 ns, Total: 20265853 ns
[2020-09-11T16:08:45.405+0000][1][safepoint    ] Safepoint "Cleanup", Time since last: 1005566198 ns, Reaching safepoint: 96772 ns, At safepoint: 19322 ns, Total: 116094 ns
[2020-09-11T16:08:46.405+0000][1][safepoint    ] Safepoint "Cleanup", Time since last: 1000153861 ns, Reaching safepoint: 106634 ns, At safepoint: 5885 ns, Total: 112519 ns
[2020-09-11T16:08:47.406+0000][1][safepoint    ] Safepoint "Cleanup", Time since last: 1000176376 ns, Reaching safepoint: 95884 ns, At safepoint: 6457 ns, Total: 102341 ns
[2020-09-11T16:08:48.406+0000][1][safepoint    ] Safepoint "Cleanup", Time since last: 1000167491 ns, Reaching safepoint: 132898 ns, At safepoint: 17193 ns, Total: 150091 ns
[2020-09-11T16:08:49.406+0000][1][safepoint    ] Safepoint "Cleanup", Time since last: 1000156864 ns, Reaching safepoint: 133109 ns, At safepoint: 15268 ns, Total: 148377 ns
[2020-09-11T16:08:50.406+0000][1][safepoint    ] Safepoint "Cleanup", Time since last: 1000173663 ns, Reaching safepoint: 102041 ns, At safepoint: 6027 ns, Total: 108068 ns
[2020-09-11T16:08:51.407+0000][1][safepoint    ] Safepoint "Cleanup", Time since last: 1000166738 ns, Reaching safepoint: 139544 ns, At safepoint: 16802 ns, Total: 156346 ns
[2020-09-11T16:08:52.407+0000][1][safepoint    ] Safepoint "Cleanup", Time since last: 1000206542 ns, Reaching safepoint: 159797 ns, At safepoint: 19706 ns, Total: 179503 ns
[2020-09-11T16:08:53.407+0000][1][safepoint    ] Safepoint "Cleanup", Time since last: 1000202289 ns, Reaching safepoint: 142310 ns, At safepoint: 17938 ns, Total: 160248 ns
[2020-09-11T16:08:54.408+0000][1][safepoint    ] Safepoint "Cleanup", Time since last: 1000228968 ns, Reaching safepoint: 157325 ns, At safepoint: 19031 ns, Total: 176356 ns
[2020-09-11T16:08:55.408+0000][1][safepoint    ] Safepoint "Cleanup", Time since last: 1000211523 ns, Reaching safepoint: 104430 ns, At safepoint: 8333 ns, Total: 112763 ns
[2020-09-11T16:08:56.408+0000][1][safepoint    ] Safepoint "Cleanup", Time since last: 1000121822 ns, Reaching safepoint: 116568 ns, At safepoint: 5956 ns, Total: 122524 ns
[2020-09-11T16:08:57.409+0000][1][safepoint    ] Safepoint "Cleanup", Time since last: 1000138685 ns, Reaching safepoint: 130537 ns, At safepoint: 40186 ns, Total: 170723 ns
[2020-09-11T16:08:58.409+0000][1][safepoint    ] Safepoint "Cleanup", Time since last: 1000196999 ns, Reaching safepoint: 92535 ns, At safepoint: 6508 ns, Total: 99043 ns
[2020-09-11T16:08:59.409+0000][1][safepoint    ] Safepoint "Cleanup", Time since last: 1000121803 ns, Reaching safepoint: 130868 ns, At safepoint: 14540 ns, Total: 145408 ns
[2020-09-11T16:09:00.410+0000][1][safepoint    ] Safepoint "Cleanup", Time since last: 1000179934 ns, Reaching safepoint: 170588 ns, At safepoint: 17855 ns, Total: 188443 ns
[2020-09-11T16:09:01.410+0000][1][safepoint    ] Safepoint "Cleanup", Time since last: 1000199770 ns, Reaching safepoint: 150723 ns, At safepoint: 18479 ns, Total: 169202 ns
[2020-09-11T16:09:02.410+0000][1][safepoint    ] Safepoint "Cleanup", Time since last: 1000175357 ns, Reaching safepoint: 124601 ns, At safepoint: 8066 ns, Total: 132667 ns
[2020-09-11T16:09:03.411+0000][1][safepoint    ] Safepoint "Cleanup", Time since last: 1000178014 ns, Reaching safepoint: 131722 ns, At safepoint: 6802 ns, Total: 138524 ns
[2020-09-11T16:09:04.411+0000][1][safepoint    ] Safepoint "Cleanup", Time since last: 1000121033 ns, Reaching safepoint: 71741 ns, At safepoint: 6185 ns, Total: 77926 ns
[2020-09-11T16:09:05.411+0000][1][safepoint    ] Safepoint "Cleanup", Time since last: 1000177108 ns, Reaching safepoint: 100526 ns, At safepoint: 7102 ns, Total: 107628 ns
[2020-09-11T16:09:06.411+0000][1][safepoint    ] Safepoint "Cleanup", Time since last: 1000144789 ns, Reaching safepoint: 119268 ns, At safepoint: 7376 ns, Total: 126644 ns
[2020-09-11T16:09:07.412+0000][1][safepoint    ] Safepoint "Cleanup", Time since last: 1000184430 ns, Reaching safepoint: 104442 ns, At safepoint: 7650 ns, Total: 112092 ns
[2020-09-11T16:09:08.412+0000][1][safepoint    ] Safepoint "Cleanup", Time since last: 1000124292 ns, Reaching safepoint: 97397 ns, At safepoint: 7052 ns, Total: 104449 ns
[2020-09-11T16:09:09.412+0000][1][safepoint    ] Safepoint "Cleanup", Time since last: 1000149862 ns, Reaching safepoint: 142013 ns, At safepoint: 17287 ns, Total: 159300 ns
[2020-09-11T16:09:18.421+0000][1][safepoint    ] Safepoint "Cleanup", Time since last: 9008751200 ns, Reaching safepoint: 105703 ns, At safepoint: 6704 ns, Total: 112407 ns
[2020-09-11T16:09:19.421+0000][1][safepoint    ] Safepoint "Cleanup", Time since last: 1000153577 ns, Reaching safepoint: 137980 ns, At safepoint: 17881 ns, Total: 155861 ns
[2020-09-11T16:09:20.422+0000][1][safepoint    ] Safepoint "Cleanup", Time since last: 1000194224 ns, Reaching safepoint: 135562 ns, At safepoint: 17426 ns, Total: 152988 ns
[2020-09-11T16:09:21.422+0000][1][safepoint    ] Safepoint "Cleanup", Time since last: 1000197334 ns, Reaching safepoint: 139528 ns, At safepoint: 18285 ns, Total: 157813 ns
[2020-09-11T16:09:22.423+0000][1][safepoint    ] Safepoint "Cleanup", Time since last: 1000207400 ns, Reaching safepoint: 150005 ns, At safepoint: 18148 ns, Total: 168153 ns
[2020-09-11T16:09:23.423+0000][1][safepoint    ] Safepoint "Cleanup", Time since last: 1000234422 ns, Reaching safepoint: 141505 ns, At safepoint: 18476 ns, Total: 159981 ns
[2020-09-11T16:09:24.423+0000][1][safepoint    ] Safepoint "Cleanup", Time since last: 1000220389 ns, Reaching safepoint: 147446 ns, At safepoint: 17433 ns, Total: 164879 ns
[2020-09-11T16:09:25.424+0000][1][safepoint    ] Safepoint "Cleanup", Time since last: 1000181822 ns, Reaching safepoint: 145284 ns, At safepoint: 18248 ns, Total: 163532 ns
[2020-09-11T16:09:26.424+0000][1][safepoint    ] Safepoint "Cleanup", Time since last: 1000195074 ns, Reaching safepoint: 126384 ns, At safepoint: 16979 ns, Total: 143363 ns
[2020-09-11T16:09:27.424+0000][1][safepoint    ] Safepoint "Cleanup", Time since last: 1000211411 ns, Reaching safepoint: 135769 ns, At safepoint: 17390 ns, Total: 153159 ns
[2020-09-11T16:09:28.425+0000][1][safepoint    ] Safepoint "Cleanup", Time since last: 1000225998 ns, Reaching safepoint: 95680 ns, At safepoint: 6548 ns, Total: 102228 ns
[2020-09-11T16:09:29.425+0000][1][safepoint    ] Safepoint "Cleanup", Time since last: 1000119848 ns, Reaching safepoint: 102073 ns, At safepoint: 6437 ns, Total: 108510 ns
[2020-09-11T16:09:30.425+0000][1][safepoint    ] Safepoint "Cleanup", Time since last: 1000178158 ns, Reaching safepoint: 96130 ns, At safepoint: 7639 ns, Total: 103769 ns
[2020-09-11T16:09:31.425+0000][1][safepoint    ] Safepoint "Cleanup", Time since last: 1000173544 ns, Reaching safepoint: 107701 ns, At safepoint: 6743 ns, Total: 114444 ns
[2020-09-11T16:09:32.426+0000][1][safepoint    ] Safepoint "Cleanup", Time since last: 1000166597 ns, Reaching safepoint: 148401 ns, At safepoint: 19972 ns, Total: 168373 ns
[2020-09-11T16:09:33.426+0000][1][safepoint    ] Safepoint "Cleanup", Time since last: 1000159746 ns, Reaching safepoint: 76954 ns, At safepoint: 7525 ns, Total: 84479 ns
[2020-09-11T16:09:34.426+0000][1][safepoint    ] Safepoint "Cleanup", Time since last: 1000144786 ns, Reaching safepoint: 116688 ns, At safepoint: 6936 ns, Total: 123624 ns
[2020-09-11T16:09:35.427+0000][1][safepoint    ] Safepoint "Cleanup", Time since last: 1000149676 ns, Reaching safepoint: 144165 ns, At safepoint: 18349 ns, Total: 162514 ns
[2020-09-11T16:09:36.427+0000][1][safepoint    ] Safepoint "Cleanup", Time since last: 1000186176 ns, Reaching safepoint: 116305 ns, At safepoint: 6632 ns, Total: 122937 ns
[2020-09-11T16:09:37.427+0000][1][safepoint    ] Safepoint "Cleanup", Time since last: 1000185056 ns, Reaching safepoint: 102146 ns, At safepoint: 7186 ns, Total: 109332 ns
[2020-09-11T16:09:38.428+0000][1][safepoint    ] Safepoint "Cleanup", Time since last: 1000160037 ns, Reaching safepoint: 132732 ns, At safepoint: 17213 ns, Total: 149945 ns
[2020-09-11T16:09:39.428+0000][1][safepoint    ] Safepoint "Cleanup", Time since last: 1000183700 ns, Reaching safepoint: 104734 ns, At safepoint: 6606 ns, Total: 111340 ns
[2020-09-11T16:09:40.433+0000][1][safepoint    ] Safepoint "Cleanup", Time since last: 1005207445 ns, Reaching safepoint: 168023 ns, At safepoint: 18953 ns, Total: 186976 ns
[2020-09-11T16:09:41.434+0000][1][safepoint    ] Safepoint "Cleanup", Time since last: 1000212488 ns, Reaching safepoint: 103582 ns, At safepoint: 8651 ns, Total: 112233 ns
[2020-09-11T16:09:42.434+0000][1][safepoint    ] Safepoint "Cleanup", Time since last: 1000177326 ns, Reaching safepoint: 123347 ns, At safepoint: 7522 ns, Total: 130869 ns
[2020-09-11T16:09:43.434+0000][1][safepoint    ] Safepoint "Cleanup", Time since last: 1000165877 ns, Reaching safepoint: 152163 ns, At safepoint: 18195 ns, Total: 170358 ns
[2020-09-11T16:09:43.794+0000][1][gc,start     ] GC(123) Pause Young (Allocation Failure)
[2020-09-11T16:09:43.794+0000][1][gc,task      ] GC(123) Using 1 workers of 1 for evacuation
[2020-09-11T16:09:43.811+0000][1][gc,age       ] GC(123) Desired survivor size 4358144 bytes, new threshold 6 (max threshold 6)
[2020-09-11T16:09:43.811+0000][1][gc,age       ] GC(123) Age table with threshold 6 (max threshold 6)
[2020-09-11T16:09:43.811+0000][1][gc,age       ] GC(123) - age   1:      74680 bytes,      74680 total
[2020-09-11T16:09:43.811+0000][1][gc,age       ] GC(123) - age   2:     145168 bytes,     219848 total
[2020-09-11T16:09:43.811+0000][1][gc,age       ] GC(123) - age   3:     175928 bytes,     395776 total
[2020-09-11T16:09:43.811+0000][1][gc,age       ] GC(123) - age   4:     335576 bytes,     731352 total
[2020-09-11T16:09:43.811+0000][1][gc,age       ] GC(123) - age   5:     129736 bytes,     861088 total
[2020-09-11T16:09:43.811+0000][1][gc,age       ] GC(123) - age   6:    2256736 bytes,    3117824 total
[2020-09-11T16:09:43.811+0000][1][gc,heap      ] GC(123) ParNew: 73637K->3787K(76672K)
[2020-09-11T16:09:43.811+0000][1][gc,heap      ] GC(123) CMS: 139317K->139449K(2011968K)
[2020-09-11T16:09:43.811+0000][1][gc,metaspace ] GC(123) Metaspace: 94417K->94417K(1136640K)
[2020-09-11T16:09:43.811+0000][1][gc           ] GC(123) Pause Young (Allocation Failure) 207M->139M(2039M) 17.060ms
[2020-09-11T16:09:43.811+0000][1][gc,cpu       ] GC(123) User=0.01s Sys=0.00s Real=0.01s
[2020-09-11T16:09:43.811+0000][1][safepoint    ] Safepoint "GenCollectForAllocation", Time since last: 359463369 ns, Reaching safepoint: 167536 ns, At safepoint: 17125211 ns, Total: 17292747 ns
[2020-09-11T16:09:44.825+0000][1][safepoint    ] Safepoint "Cleanup", Time since last: 1014002478 ns, Reaching safepoint: 134769 ns, At safepoint: 18332 ns, Total: 153101 ns
[2020-09-11T16:09:45.825+0000][1][safepoint    ] Safepoint "Cleanup", Time since last: 1000189363 ns, Reaching safepoint: 130924 ns, At safepoint: 17487 ns, Total: 148411 ns
[2020-09-11T16:09:46.826+0000][1][safepoint    ] Safepoint "Cleanup", Time since last: 1000197252 ns, Reaching safepoint: 92890 ns, At safepoint: 6781 ns, Total: 99671 ns
[2020-09-11T16:09:47.826+0000][1][safepoint    ] Safepoint "Cleanup", Time since last: 1000161496 ns, Reaching safepoint: 130597 ns, At safepoint: 16845 ns, Total: 147442 ns
[2020-09-11T16:09:48.826+0000][1][safepoint    ] Safepoint "Cleanup", Time since last: 1000142080 ns, Reaching safepoint: 74034 ns, At safepoint: 6487 ns, Total: 80521 ns
[2020-09-11T16:09:49.827+0000][1][safepoint    ] Safepoint "Cleanup", Time since last: 1000191875 ns, Reaching safepoint: 133075 ns, At safepoint: 16839 ns, Total: 149914 ns
[2020-09-11T16:09:50.827+0000][1][safepoint    ] Safepoint "Cleanup", Time since last: 1000211140 ns, Reaching safepoint: 132658 ns, At safepoint: 17845 ns, Total: 150503 ns
[2020-09-11T16:09:51.827+0000][1][safepoint    ] Safepoint "Cleanup", Time since last: 1000190516 ns, Reaching safepoint: 134663 ns, At safepoint: 17032 ns, Total: 151695 ns
[2020-09-11T16:09:52.828+0000][1][safepoint    ] Safepoint "Cleanup", Time since last: 1000163718 ns, Reaching safepoint: 153152 ns, At safepoint: 17290 ns, Total: 170442 ns
[2020-09-11T16:09:53.828+0000][1][safepoint    ] Safepoint "Cleanup", Time since last: 1000152760 ns, Reaching safepoint: 77670 ns, At safepoint: 6795 ns, Total: 84465 ns
[2020-09-11T16:09:54.273+0000][1][safepoint    ] Safepoint "RevokeBias", Time since last: 444612056 ns, Reaching safepoint: 384048 ns, At safepoint: 57152 ns, Total: 441200 ns
[2020-09-11T16:09:54.274+0000][1][safepoint    ] Safepoint "RevokeBias", Time since last: 152139 ns, Reaching safepoint: 375118 ns, At safepoint: 43674 ns, Total: 418792 ns
[2020-09-11T16:09:54.274+0000][1][safepoint    ] Safepoint "RevokeBias", Time since last: 99545 ns, Reaching safepoint: 445574 ns, At safepoint: 64598 ns, Total: 510172 ns
[2020-09-11T16:09:54.275+0000][1][safepoint    ] Safepoint "RevokeBias", Time since last: 87127 ns, Reaching safepoint: 218973 ns, At safepoint: 57589 ns, Total: 276562 ns
[2020-09-11T16:09:55.276+0000][1][safepoint    ] Safepoint "Cleanup", Time since last: 1001849056 ns, Reaching safepoint: 107285 ns, At safepoint: 8090 ns, Total: 115375 ns
[2020-09-11T16:09:56.277+0000][1][safepoint    ] Safepoint "Cleanup", Time since last: 1000189040 ns, Reaching safepoint: 113510 ns, At safepoint: 7475 ns, Total: 120985 ns
[2020-09-11T16:09:57.277+0000][1][safepoint    ] Safepoint "Cleanup", Time since last: 1000206184 ns, Reaching safepoint: 110907 ns, At safepoint: 7842 ns, Total: 118749 ns
[2020-09-11T16:09:58.277+0000][1][safepoint    ] Safepoint "Cleanup", Time since last: 1000146549 ns, Reaching safepoint: 122146 ns, At safepoint: 7853 ns, Total: 129999 ns
[2020-09-11T16:09:59.279+0000][1][safepoint    ] Safepoint "Cleanup", Time since last: 1001357952 ns, Reaching safepoint: 87259 ns, At safepoint: 7493 ns, Total: 94752 ns
[2020-09-11T16:10:00.279+0000][1][safepoint    ] Safepoint "Cleanup", Time since last: 1000170390 ns, Reaching safepoint: 208025 ns, At safepoint: 20317 ns, Total: 228342 ns
[2020-09-11T16:10:01.280+0000][1][safepoint    ] Safepoint "Cleanup", Time since last: 1000198342 ns, Reaching safepoint: 150386 ns, At safepoint: 18278 ns, Total: 168664 ns
[2020-09-11T16:10:02.280+0000][1][safepoint    ] Safepoint "Cleanup", Time since last: 1000173909 ns, Reaching safepoint: 153903 ns, At safepoint: 20748 ns, Total: 174651 ns
[2020-09-11T16:10:03.280+0000][1][safepoint    ] Safepoint "Cleanup", Time since last: 1000207111 ns, Reaching safepoint: 190445 ns, At safepoint: 24456 ns, Total: 214901 ns
[2020-09-11T16:10:03.294+0000][1][safepoint    ] Safepoint "RevokeBias", Time since last: 12867304 ns, Reaching safepoint: 242323 ns, At safepoint: 45204 ns, Total: 287527 ns
[2020-09-11T16:10:03.318+0000][1][safepoint    ] Safepoint "RevokeBias", Time since last: 23625216 ns, Reaching safepoint: 1013413 ns, At safepoint: 25375 ns, Total: 1038788 ns
[2020-09-11T16:10:03.418+0000][1][safepoint    ] Safepoint "RevokeBias", Time since last: 100056145 ns, Reaching safepoint: 197255 ns, At safepoint: 20856 ns, Total: 218111 ns
[2020-09-11T16:10:03.419+0000][1][safepoint    ] Safepoint "RevokeBias", Time since last: 205655 ns, Reaching safepoint: 173608 ns, At safepoint: 13430 ns, Total: 187038 ns
[2020-09-11T16:10:04.419+0000][1][safepoint    ] Safepoint "Cleanup", Time since last: 1000114336 ns, Reaching safepoint: 153947 ns, At safepoint: 15038 ns, Total: 168985 ns
[2020-09-11T16:10:11.420+0000][1][safepoint    ] Safepoint "Cleanup", Time since last: 7001052715 ns, Reaching safepoint: 98906 ns, At safepoint: 6613 ns, Total: 105519 ns
[2020-09-11T16:10:13.421+0000][1][safepoint    ] Safepoint "Cleanup", Time since last: 2000330831 ns, Reaching safepoint: 161528 ns, At safepoint: 6625 ns, Total: 168153 ns
[2020-09-11T16:10:14.421+0000][1][safepoint    ] Safepoint "Cleanup", Time since last: 1000191532 ns, Reaching safepoint: 158922 ns, At safepoint: 21395 ns, Total: 180317 ns
[2020-09-11T16:10:15.422+0000][1][safepoint    ] Safepoint "Cleanup", Time since last: 1000217478 ns, Reaching safepoint: 146103 ns, At safepoint: 20393 ns, Total: 166496 ns
[2020-09-11T16:10:19.422+0000][1][safepoint    ] Safepoint "Cleanup", Time since last: 4000513452 ns, Reaching safepoint: 137265 ns, At safepoint: 17513 ns, Total: 154778 ns
[2020-09-11T16:10:24.428+0000][1][safepoint    ] Safepoint "Cleanup", Time since last: 5005724928 ns, Reaching safepoint: 143309 ns, At safepoint: 19080 ns, Total: 162389 ns
[2020-09-11T16:10:25.428+0000][1][safepoint    ] Safepoint "Cleanup", Time since last: 1000250352 ns, Reaching safepoint: 93275 ns, At safepoint: 6799 ns, Total: 100074 ns
[2020-09-11T16:10:29.429+0000][1][safepoint    ] Safepoint "Cleanup", Time since last: 4000569626 ns, Reaching safepoint: 137158 ns, At safepoint: 17160 ns, Total: 154318 ns
[2020-09-11T16:10:35.682+0000][1][gc,start     ] GC(124) Pause Young (Allocation Failure)
[2020-09-11T16:10:35.682+0000][1][gc,task      ] GC(124) Using 1 workers of 1 for evacuation
[2020-09-11T16:10:35.703+0000][1][gc,age       ] GC(124) Desired survivor size 4358144 bytes, new threshold 6 (max threshold 6)
[2020-09-11T16:10:35.703+0000][1][gc,age       ] GC(124) Age table with threshold 6 (max threshold 6)
[2020-09-11T16:10:35.703+0000][1][gc,age       ] GC(124) - age   1:     128264 bytes,     128264 total
[2020-09-11T16:10:35.703+0000][1][gc,age       ] GC(124) - age   2:       5352 bytes,     133616 total
[2020-09-11T16:10:35.703+0000][1][gc,age       ] GC(124) - age   3:     144960 bytes,     278576 total
[2020-09-11T16:10:35.703+0000][1][gc,age       ] GC(124) - age   4:     174688 bytes,     453264 total
[2020-09-11T16:10:35.703+0000][1][gc,age       ] GC(124) - age   5:     335576 bytes,     788840 total
[2020-09-11T16:10:35.703+0000][1][gc,age       ] GC(124) - age   6:     129736 bytes,     918576 total
[2020-09-11T16:10:35.703+0000][1][gc,heap      ] GC(124) ParNew: 71947K->2756K(76672K)
[2020-09-11T16:10:35.703+0000][1][gc,heap      ] GC(124) CMS: 139449K->141654K(2011968K)
[2020-09-11T16:10:35.703+0000][1][gc,metaspace ] GC(124) Metaspace: 94484K->94484K(1136640K)
[2020-09-11T16:10:35.703+0000][1][gc           ] GC(124) Pause Young (Allocation Failure) 206M->141M(2039M) 21.088ms
[2020-09-11T16:10:35.703+0000][1][gc,cpu       ] GC(124) User=0.02s Sys=0.00s Real=0.02s
[2020-09-11T16:10:35.708+0000][1][safepoint    ] Safepoint "GenCollectForAllocation", Time since last: 6252800250 ns, Reaching safepoint: 184949 ns, At safepoint: 26195070 ns, Total: 26380019 ns
[2020-09-11T16:10:36.710+0000][1][safepoint    ] Safepoint "Cleanup", Time since last: 1001906373 ns, Reaching safepoint: 139881 ns, At safepoint: 41997 ns, Total: 181878 ns
[2020-09-11T16:10:37.629+0000][1][safepoint    ] Safepoint "RevokeBias", Time since last: 918641849 ns, Reaching safepoint: 207015 ns, At safepoint: 22626 ns, Total: 229641 ns
[2020-09-11T16:10:38.630+0000][1][safepoint    ] Safepoint "Cleanup", Time since last: 1000171365 ns, Reaching safepoint: 108143 ns, At safepoint: 7549 ns, Total: 115692 ns
[2020-09-11T16:10:39.630+0000][1][safepoint    ] Safepoint "Cleanup", Time since last: 1000183585 ns, Reaching safepoint: 95973 ns, At safepoint: 6670 ns, Total: 102643 ns
[2020-09-11T16:10:40.630+0000][1][safepoint    ] Safepoint "Cleanup", Time since last: 1000180424 ns, Reaching safepoint: 152400 ns, At safepoint: 18205 ns, Total: 170605 ns
[2020-09-11T16:10:41.631+0000][1][safepoint    ] Safepoint "Cleanup", Time since last: 1000322634 ns, Reaching safepoint: 143643 ns, At safepoint: 18490 ns, Total: 162133 ns
[2020-09-11T16:10:42.631+0000][1][safepoint    ] Safepoint "Cleanup", Time since last: 1000230586 ns, Reaching safepoint: 146606 ns, At safepoint: 18379 ns, Total: 164985 ns
[2020-09-11T16:10:43.632+0000][1][safepoint    ] Safepoint "Cleanup", Time since last: 1000279811 ns, Reaching safepoint: 150345 ns, At safepoint: 18396 ns, Total: 168741 ns
[2020-09-11T16:10:44.632+0000][1][safepoint    ] Safepoint "Cleanup", Time since last: 1000220749 ns, Reaching safepoint: 152026 ns, At safepoint: 18135 ns, Total: 170161 ns
[2020-09-11T16:10:45.632+0000][1][safepoint    ] Safepoint "Cleanup", Time since last: 1000238979 ns, Reaching safepoint: 99793 ns, At safepoint: 7000 ns, Total: 106793 ns
[2020-09-11T16:10:46.633+0000][1][safepoint    ] Safepoint "Cleanup", Time since last: 1000143837 ns, Reaching safepoint: 163509 ns, At safepoint: 18048 ns, Total: 181557 ns
[2020-09-11T16:10:47.633+0000][1][safepoint    ] Safepoint "Cleanup", Time since last: 1000170861 ns, Reaching safepoint: 106983 ns, At safepoint: 7133 ns, Total: 114116 ns
[2020-09-11T16:10:48.633+0000][1][safepoint    ] Safepoint "Cleanup", Time since last: 1000147901 ns, Reaching safepoint: 110055 ns, At safepoint: 6867 ns, Total: 116922 ns
[2020-09-11T16:10:49.634+0000][1][safepoint    ] Safepoint "Cleanup", Time since last: 1000154182 ns, Reaching safepoint: 142969 ns, At safepoint: 18118 ns, Total: 161087 ns
[2020-09-11T16:10:50.634+0000][1][safepoint    ] Safepoint "Cleanup", Time since last: 1000198343 ns, Reaching safepoint: 135615 ns, At safepoint: 17046 ns, Total: 152661 ns
[2020-09-11T16:10:51.634+0000][1][safepoint    ] Safepoint "Cleanup", Time since last: 1000210559 ns, Reaching safepoint: 156967 ns, At safepoint: 17838 ns, Total: 174805 ns
[2020-09-11T16:10:52.635+0000][1][safepoint    ] Safepoint "Cleanup", Time since last: 1000228546 ns, Reaching safepoint: 107188 ns, At safepoint: 9227 ns, Total: 116415 ns
[2020-09-11T16:10:53.635+0000][1][safepoint    ] Safepoint "Cleanup", Time since last: 1000181397 ns, Reaching safepoint: 101487 ns, At safepoint: 9545 ns, Total: 111032 ns
[2020-09-11T16:10:54.635+0000][1][safepoint    ] Safepoint "Cleanup", Time since last: 1000117650 ns, Reaching safepoint: 86378 ns, At safepoint: 9055 ns, Total: 95433 ns
[2020-09-11T16:10:55.635+0000][1][safepoint    ] Safepoint "Cleanup", Time since last: 1000195100 ns, Reaching safepoint: 98423 ns, At safepoint: 7320 ns, Total: 105743 ns
[2020-09-11T16:10:56.636+0000][1][safepoint    ] Safepoint "Cleanup", Time since last: 1000189731 ns, Reaching safepoint: 100137 ns, At safepoint: 9707 ns, Total: 109844 ns
[2020-09-11T16:10:57.636+0000][1][safepoint    ] Safepoint "Cleanup", Time since last: 1000111380 ns, Reaching safepoint: 84464 ns, At safepoint: 10513 ns, Total: 94977 ns
[2020-09-11T16:10:58.636+0000][1][safepoint    ] Safepoint "Cleanup", Time since last: 1000142508 ns, Reaching safepoint: 147773 ns, At safepoint: 20053 ns, Total: 167826 ns
[2020-09-11T16:10:59.637+0000][1][safepoint    ] Safepoint "Cleanup", Time since last: 1000228839 ns, Reaching safepoint: 199033 ns, At safepoint: 28322 ns, Total: 227355 ns
[2020-09-11T16:11:00.637+0000][1][safepoint    ] Safepoint "Cleanup", Time since last: 1000346503 ns, Reaching safepoint: 139069 ns, At safepoint: 17597 ns, Total: 156666 ns
[2020-09-11T16:11:01.637+0000][1][safepoint    ] Safepoint "Cleanup", Time since last: 1000206494 ns, Reaching safepoint: 109282 ns, At safepoint: 6660 ns, Total: 115942 ns
[2020-09-11T16:11:02.638+0000][1][safepoint    ] Safepoint "Cleanup", Time since last: 1000109755 ns, Reaching safepoint: 82874 ns, At safepoint: 9606 ns, Total: 92480 ns
[2020-09-11T16:11:03.638+0000][1][safepoint    ] Safepoint "Cleanup", Time since last: 1000153212 ns, Reaching safepoint: 116968 ns, At safepoint: 6583 ns, Total: 123551 ns
[2020-09-11T16:11:04.638+0000][1][safepoint    ] Safepoint "Cleanup", Time since last: 1000131083 ns, Reaching safepoint: 79524 ns, At safepoint: 6435 ns, Total: 85959 ns
[2020-09-11T16:11:05.639+0000][1][safepoint    ] Safepoint "Cleanup", Time since last: 1000185950 ns, Reaching safepoint: 140827 ns, At safepoint: 17661 ns, Total: 158488 ns
[2020-09-11T16:11:06.639+0000][1][safepoint    ] Safepoint "Cleanup", Time since last: 1000260835 ns, Reaching safepoint: 101697 ns, At safepoint: 7065 ns, Total: 108762 ns
[2020-09-11T16:11:07.639+0000][1][safepoint    ] Safepoint "Cleanup", Time since last: 1000187646 ns, Reaching safepoint: 150055 ns, At safepoint: 17908 ns, Total: 167963 ns
[2020-09-11T16:11:08.640+0000][1][safepoint    ] Safepoint "Cleanup", Time since last: 1000204290 ns, Reaching safepoint: 145762 ns, At safepoint: 17857 ns, Total: 163619 ns
[2020-09-11T16:11:09.640+0000][1][safepoint    ] Safepoint "Cleanup", Time since last: 1000229168 ns, Reaching safepoint: 96778 ns, At safepoint: 7188 ns, Total: 103966 ns
[2020-09-11T16:11:10.640+0000][1][safepoint    ] Safepoint "Cleanup", Time since last: 1000180268 ns, Reaching safepoint: 150546 ns, At safepoint: 18182 ns, Total: 168728 ns
[2020-09-11T16:11:11.641+0000][1][safepoint    ] Safepoint "Cleanup", Time since last: 1000223194 ns, Reaching safepoint: 142316 ns, At safepoint: 17888 ns, Total: 160204 ns
[2020-09-11T16:11:12.641+0000][1][safepoint    ] Safepoint "Cleanup", Time since last: 1000246534 ns, Reaching safepoint: 105689 ns, At safepoint: 9046 ns, Total: 114735 ns
[2020-09-11T16:11:13.641+0000][1][safepoint    ] Safepoint "Cleanup", Time since last: 1000156501 ns, Reaching safepoint: 126960 ns, At safepoint: 9306 ns, Total: 136266 ns
[2020-09-11T16:11:14.642+0000][1][safepoint    ] Safepoint "Cleanup", Time since last: 1000173904 ns, Reaching safepoint: 187858 ns, At safepoint: 20524 ns, Total: 208382 ns
[2020-09-11T16:11:15.642+0000][1][safepoint    ] Safepoint "Cleanup", Time since last: 1000207166 ns, Reaching safepoint: 104130 ns, At safepoint: 8735 ns, Total: 112865 ns
[2020-09-11T16:11:16.642+0000][1][safepoint    ] Safepoint "Cleanup", Time since last: 1000202432 ns, Reaching safepoint: 111927 ns, At safepoint: 8524 ns, Total: 120451 ns
[2020-09-11T16:11:17.643+0000][1][safepoint    ] Safepoint "Cleanup", Time since last: 1000191800 ns, Reaching safepoint: 140379 ns, At safepoint: 18051 ns, Total: 158430 ns
[2020-09-11T16:11:18.643+0000][1][safepoint    ] Safepoint "Cleanup", Time since last: 1000213368 ns, Reaching safepoint: 99148 ns, At safepoint: 7479 ns, Total: 106627 ns
[2020-09-11T16:11:19.643+0000][1][safepoint    ] Safepoint "Cleanup", Time since last: 1000142893 ns, Reaching safepoint: 142143 ns, At safepoint: 18322 ns, Total: 160465 ns
[2020-09-11T16:11:20.644+0000][1][safepoint    ] Safepoint "Cleanup", Time since last: 1000177990 ns, Reaching safepoint: 148578 ns, At safepoint: 18272 ns, Total: 166850 ns
[2020-09-11T16:11:21.644+0000][1][safepoint    ] Safepoint "Cleanup", Time since last: 1000178222 ns, Reaching safepoint: 143583 ns, At safepoint: 15937 ns, Total: 159520 ns
[2020-09-11T16:11:22.644+0000][1][safepoint    ] Safepoint "Cleanup", Time since last: 1000220601 ns, Reaching safepoint: 105375 ns, At safepoint: 9459 ns, Total: 114834 ns
[2020-09-11T16:11:23.645+0000][1][safepoint    ] Safepoint "Cleanup", Time since last: 1000180516 ns, Reaching safepoint: 105912 ns, At safepoint: 9804 ns, Total: 115716 ns
[2020-09-11T16:11:24.645+0000][1][safepoint    ] Safepoint "Cleanup", Time since last: 1000156001 ns, Reaching safepoint: 155688 ns, At safepoint: 20851 ns, Total: 176539 ns
[2020-09-11T16:11:34.386+0000][1][gc,start     ] GC(125) Pause Young (Allocation Failure)
[2020-09-11T16:11:34.386+0000][1][gc,task      ] GC(125) Using 1 workers of 1 for evacuation
[2020-09-11T16:11:34.406+0000][1][gc,age       ] GC(125) Desired survivor size 4358144 bytes, new threshold 6 (max threshold 6)
[2020-09-11T16:11:34.406+0000][1][gc,age       ] GC(125) Age table with threshold 6 (max threshold 6)
[2020-09-11T16:11:34.406+0000][1][gc,age       ] GC(125) - age   1:     262624 bytes,     262624 total
[2020-09-11T16:11:34.406+0000][1][gc,age       ] GC(125) - age   2:      73736 bytes,     336360 total
[2020-09-11T16:11:34.406+0000][1][gc,age       ] GC(125) - age   3:       3752 bytes,     340112 total
[2020-09-11T16:11:34.406+0000][1][gc,age       ] GC(125) - age   4:     142088 bytes,     482200 total
[2020-09-11T16:11:34.406+0000][1][gc,age       ] GC(125) - age   5:     173448 bytes,     655648 total
[2020-09-11T16:11:34.406+0000][1][gc,age       ] GC(125) - age   6:     335576 bytes,     991224 total
[2020-09-11T16:11:34.406+0000][1][gc,heap      ] GC(125) ParNew: 70916K->1827K(76672K)
[2020-09-11T16:11:34.406+0000][1][gc,heap      ] GC(125) CMS: 141654K->141782K(2011968K)
[2020-09-11T16:11:34.406+0000][1][gc,metaspace ] GC(125) Metaspace: 94531K->94531K(1136640K)
[2020-09-11T16:11:34.406+0000][1][gc           ] GC(125) Pause Young (Allocation Failure) 207M->140M(2039M) 20.919ms
[2020-09-11T16:11:34.406+0000][1][gc,cpu       ] GC(125) User=0.02s Sys=0.00s Real=0.02s
[2020-09-11T16:11:34.406+0000][1][safepoint    ] Safepoint "GenCollectForAllocation", Time since last: 9740227198 ns, Reaching safepoint: 276364 ns, At safepoint: 20994890 ns, Total: 21271254 ns
[2020-09-11T16:11:39.413+0000][1][safepoint    ] Safepoint "Cleanup", Time since last: 5005857366 ns, Reaching safepoint: 163178 ns, At safepoint: 18122 ns, Total: 181300 ns
[2020-09-11T16:11:44.413+0000][1][safepoint    ] Safepoint "Cleanup", Time since last: 5000766979 ns, Reaching safepoint: 164862 ns, At safepoint: 14944 ns, Total: 179806 ns
[2020-09-11T16:11:49.414+0000][1][safepoint    ] Safepoint "Cleanup", Time since last: 5000675504 ns, Reaching safepoint: 159817 ns, At safepoint: 17233 ns, Total: 177050 ns
[2020-09-11T16:11:54.447+0000][1][safepoint    ] Safepoint "Cleanup", Time since last: 5032760392 ns, Reaching safepoint: 147960 ns, At safepoint: 17968 ns, Total: 165928 ns
[2020-09-11T16:11:58.448+0000][1][safepoint    ] Safepoint "Cleanup", Time since last: 4000601655 ns, Reaching safepoint: 145206 ns, At safepoint: 17400 ns, Total: 162606 ns
[2020-09-11T16:11:59.448+0000][1][safepoint    ] Safepoint "Cleanup", Time since last: 1000214857 ns, Reaching safepoint: 143751 ns, At safepoint: 17583 ns, Total: 161334 ns
[2020-09-11T16:12:03.449+0000][1][safepoint    ] Safepoint "Cleanup", Time since last: 4000632654 ns, Reaching safepoint: 117684 ns, At safepoint: 7656 ns, Total: 125340 ns
[2020-09-11T16:12:06.450+0000][1][safepoint    ] Safepoint "Cleanup", Time since last: 3000466880 ns, Reaching safepoint: 143650 ns, At safepoint: 17216 ns, Total: 160866 ns
[2020-09-11T16:12:09.450+0000][1][safepoint    ] Safepoint "Cleanup", Time since last: 3000468323 ns, Reaching safepoint: 146991 ns, At safepoint: 16314 ns, Total: 163305 ns
[2020-09-11T16:12:14.451+0000][1][safepoint    ] Safepoint "Cleanup", Time since last: 5000704850 ns, Reaching safepoint: 149213 ns, At safepoint: 37319 ns, Total: 186532 ns
[2020-09-11T16:12:17.452+0000][1][safepoint    ] Safepoint "Cleanup", Time since last: 3001006165 ns, Reaching safepoint: 119439 ns, At safepoint: 6926 ns, Total: 126365 ns
[2020-09-11T16:12:19.453+0000][1][safepoint    ] Safepoint "Cleanup", Time since last: 2000283297 ns, Reaching safepoint: 138699 ns, At safepoint: 6470 ns, Total: 145169 ns
[2020-09-11T16:12:22.454+0000][1][safepoint    ] Safepoint "Cleanup", Time since last: 3000848227 ns, Reaching safepoint: 191705 ns, At safepoint: 7892 ns, Total: 199597 ns
[2020-09-11T16:12:24.454+0000][1][safepoint    ] Safepoint "Cleanup", Time since last: 2000340572 ns, Reaching safepoint: 103676 ns, At safepoint: 7258 ns, Total: 110934 ns
[2020-09-11T16:12:25.455+0000][1][safepoint    ] Safepoint "Cleanup", Time since last: 1000194561 ns, Reaching safepoint: 118037 ns, At safepoint: 7303 ns, Total: 125340 ns
[2020-09-11T16:12:26.455+0000][1][safepoint    ] Safepoint "Cleanup", Time since last: 1000199643 ns, Reaching safepoint: 100135 ns, At safepoint: 6730 ns, Total: 106865 ns
[2020-09-11T16:12:33.456+0000][1][safepoint    ] Safepoint "Cleanup", Time since last: 7001056183 ns, Reaching safepoint: 149483 ns, At safepoint: 18081 ns, Total: 167564 ns
[2020-09-11T16:12:35.457+0000][1][safepoint    ] Safepoint "Cleanup", Time since last: 2000361130 ns, Reaching safepoint: 110306 ns, At safepoint: 9001 ns, Total: 119307 ns
[2020-09-11T16:12:35.867+0000][1][gc,start     ] GC(126) Pause Young (Allocation Failure)
[2020-09-11T16:12:35.867+0000][1][gc,task      ] GC(126) Using 1 workers of 1 for evacuation
[2020-09-11T16:12:35.888+0000][1][gc,age       ] GC(126) Desired survivor size 4358144 bytes, new threshold 6 (max threshold 6)
[2020-09-11T16:12:35.888+0000][1][gc,age       ] GC(126) Age table with threshold 6 (max threshold 6)
[2020-09-11T16:12:35.888+0000][1][gc,age       ] GC(126) - age   1:      59456 bytes,      59456 total
[2020-09-11T16:12:35.888+0000][1][gc,age       ] GC(126) - age   2:      59864 bytes,     119320 total
[2020-09-11T16:12:35.888+0000][1][gc,age       ] GC(126) - age   3:      72464 bytes,     191784 total
[2020-09-11T16:12:35.888+0000][1][gc,age       ] GC(126) - age   4:       3752 bytes,     195536 total
[2020-09-11T16:12:35.888+0000][1][gc,age       ] GC(126) - age   5:     142088 bytes,     337624 total
[2020-09-11T16:12:35.888+0000][1][gc,age       ] GC(126) - age   6:     173448 bytes,     511072 total
[2020-09-11T16:12:35.888+0000][1][gc,heap      ] GC(126) ParNew: 69987K->591K(76672K)
[2020-09-11T16:12:35.888+0000][1][gc,heap      ] GC(126) CMS: 141782K->142123K(2011968K)
[2020-09-11T16:12:35.888+0000][1][gc,metaspace ] GC(126) Metaspace: 94580K->94580K(1136640K)
[2020-09-11T16:12:35.888+0000][1][gc           ] GC(126) Pause Young (Allocation Failure) 206M->139M(2039M) 21.339ms
[2020-09-11T16:12:35.889+0000][1][gc,cpu       ] GC(126) User=0.02s Sys=0.00s Real=0.02s
[2020-09-11T16:12:35.889+0000][1][safepoint    ] Safepoint "GenCollectForAllocation", Time since last: 410184579 ns, Reaching safepoint: 248905 ns, At safepoint: 21434795 ns, Total: 21683700 ns
[2020-09-11T16:12:40.892+0000][1][safepoint    ] Safepoint "Cleanup", Time since last: 5003189739 ns, Reaching safepoint: 186947 ns, At safepoint: 7000 ns, Total: 193947 ns
[2020-09-11T16:12:41.893+0000][1][safepoint    ] Safepoint "Cleanup", Time since last: 1000831296 ns, Reaching safepoint: 146848 ns, At safepoint: 16975 ns, Total: 163823 ns
[2020-09-11T16:12:42.893+0000][1][safepoint    ] Safepoint "Cleanup", Time since last: 1000172013 ns, Reaching safepoint: 149062 ns, At safepoint: 15606 ns, Total: 164668 ns
[2020-09-11T16:12:43.894+0000][1][safepoint    ] Safepoint "Cleanup", Time since last: 1000158429 ns, Reaching safepoint: 86007 ns, At safepoint: 7104 ns, Total: 93111 ns
[2020-09-11T16:12:44.894+0000][1][safepoint    ] Safepoint "Cleanup", Time since last: 1000145595 ns, Reaching safepoint: 157839 ns, At safepoint: 20731 ns, Total: 178570 ns
[2020-09-11T16:12:45.894+0000][1][safepoint    ] Safepoint "Cleanup", Time since last: 1000218911 ns, Reaching safepoint: 197483 ns, At safepoint: 22589 ns, Total: 220072 ns
[2020-09-11T16:12:46.895+0000][1][safepoint    ] Safepoint "Cleanup", Time since last: 1000200170 ns, Reaching safepoint: 117208 ns, At safepoint: 7946 ns, Total: 125154 ns
[2020-09-11T16:12:47.895+0000][1][safepoint    ] Safepoint "Cleanup", Time since last: 1000177965 ns, Reaching safepoint: 100698 ns, At safepoint: 6868 ns, Total: 107566 ns
[2020-09-11T16:12:48.895+0000][1][safepoint    ] Safepoint "Cleanup", Time since last: 1000176572 ns, Reaching safepoint: 102416 ns, At safepoint: 7221 ns, Total: 109637 ns
[2020-09-11T16:12:49.895+0000][1][safepoint    ] Safepoint "Cleanup", Time since last: 1000174258 ns, Reaching safepoint: 103196 ns, At safepoint: 7297 ns, Total: 110493 ns
[2020-09-11T16:12:50.896+0000][1][safepoint    ] Safepoint "Cleanup", Time since last: 1000188553 ns, Reaching safepoint: 99174 ns, At safepoint: 8066 ns, Total: 107240 ns
[2020-09-11T16:12:51.896+0000][1][safepoint    ] Safepoint "Cleanup", Time since last: 1000143393 ns, Reaching safepoint: 146854 ns, At safepoint: 16879 ns, Total: 163733 ns
[2020-09-11T16:12:52.896+0000][1][safepoint    ] Safepoint "Cleanup", Time since last: 1000191422 ns, Reaching safepoint: 122225 ns, At safepoint: 7767 ns, Total: 129992 ns
[2020-09-11T16:12:53.897+0000][1][safepoint    ] Safepoint "Cleanup", Time since last: 1000138649 ns, Reaching safepoint: 84543 ns, At safepoint: 8010 ns, Total: 92553 ns
[2020-09-11T16:12:54.897+0000][1][safepoint    ] Safepoint "Cleanup", Time since last: 1000170650 ns, Reaching safepoint: 157708 ns, At safepoint: 18339 ns, Total: 176047 ns
[2020-09-11T16:12:55.897+0000][1][safepoint    ] Safepoint "Cleanup", Time since last: 1000223477 ns, Reaching safepoint: 145685 ns, At safepoint: 16795 ns, Total: 162480 ns
[2020-09-11T16:12:56.898+0000][1][safepoint    ] Safepoint "Cleanup", Time since last: 1000181671 ns, Reaching safepoint: 114865 ns, At safepoint: 5691 ns, Total: 120556 ns
[2020-09-11T16:12:57.898+0000][1][safepoint    ] Safepoint "Cleanup", Time since last: 1000123992 ns, Reaching safepoint: 136213 ns, At safepoint: 14677 ns, Total: 150890 ns
[2020-09-11T16:12:58.898+0000][1][safepoint    ] Safepoint "Cleanup", Time since last: 1000214631 ns, Reaching safepoint: 98973 ns, At safepoint: 7712 ns, Total: 106685 ns
[2020-09-11T16:12:59.899+0000][1][safepoint    ] Safepoint "Cleanup", Time since last: 1000132307 ns, Reaching safepoint: 143049 ns, At safepoint: 14831 ns, Total: 157880 ns
[2020-09-11T16:13:00.899+0000][1][safepoint    ] Safepoint "Cleanup", Time since last: 1000223107 ns, Reaching safepoint: 176499 ns, At safepoint: 29511 ns, Total: 206010 ns
[2020-09-11T16:13:01.899+0000][1][safepoint    ] Safepoint "Cleanup", Time since last: 1000166158 ns, Reaching safepoint: 73047 ns, At safepoint: 7022 ns, Total: 80069 ns
[2020-09-11T16:13:02.900+0000][1][safepoint    ] Safepoint "Cleanup", Time since last: 1000198065 ns, Reaching safepoint: 145945 ns, At safepoint: 18325 ns, Total: 164270 ns
[2020-09-11T16:13:03.900+0000][1][safepoint    ] Safepoint "Cleanup", Time since last: 1000167032 ns, Reaching safepoint: 82190 ns, At safepoint: 7140 ns, Total: 89330 ns
[2020-09-11T16:13:04.900+0000][1][safepoint    ] Safepoint "Cleanup", Time since last: 1000107828 ns, Reaching safepoint: 75910 ns, At safepoint: 7105 ns, Total: 83015 ns
[2020-09-11T16:13:06.203+0000][1][safepoint    ] Safepoint "Cleanup", Time since last: 1303162245 ns, Reaching safepoint: 127460 ns, At safepoint: 7950 ns, Total: 135410 ns
[2020-09-11T16:13:07.372+0000][1][safepoint    ] Safepoint "Cleanup", Time since last: 1168624767 ns, Reaching safepoint: 98582 ns, At safepoint: 7149 ns, Total: 105731 ns
[2020-09-11T16:13:08.372+0000][1][safepoint    ] Safepoint "Cleanup", Time since last: 1000122735 ns, Reaching safepoint: 117533 ns, At safepoint: 7494 ns, Total: 125027 ns
[2020-09-11T16:13:09.373+0000][1][safepoint    ] Safepoint "Cleanup", Time since last: 1000128332 ns, Reaching safepoint: 116551 ns, At safepoint: 8117 ns, Total: 124668 ns
[2020-09-11T16:13:10.373+0000][1][safepoint    ] Safepoint "Cleanup", Time since last: 1000124805 ns, Reaching safepoint: 166091 ns, At safepoint: 16592 ns, Total: 182683 ns
[2020-09-11T16:13:11.373+0000][1][safepoint    ] Safepoint "Cleanup", Time since last: 1000205332 ns, Reaching safepoint: 132367 ns, At safepoint: 17337 ns, Total: 149704 ns
[2020-09-11T16:13:12.374+0000][1][safepoint    ] Safepoint "Cleanup", Time since last: 1000161254 ns, Reaching safepoint: 131933 ns, At safepoint: 17370 ns, Total: 149303 ns
[2020-09-11T16:13:13.374+0000][1][safepoint    ] Safepoint "Cleanup", Time since last: 1000157578 ns, Reaching safepoint: 136242 ns, At safepoint: 15165 ns, Total: 151407 ns
[2020-09-11T16:13:14.374+0000][1][safepoint    ] Safepoint "Cleanup", Time since last: 1000209649 ns, Reaching safepoint: 143871 ns, At safepoint: 17807 ns, Total: 161678 ns
[2020-09-11T16:13:15.375+0000][1][safepoint    ] Safepoint "Cleanup", Time since last: 1000200396 ns, Reaching safepoint: 97205 ns, At safepoint: 6994 ns, Total: 104199 ns
[2020-09-11T16:13:16.375+0000][1][safepoint    ] Safepoint "Cleanup", Time since last: 1000173773 ns, Reaching safepoint: 98804 ns, At safepoint: 8943 ns, Total: 107747 ns
[2020-09-11T16:13:17.375+0000][1][safepoint    ] Safepoint "Cleanup", Time since last: 1000132202 ns, Reaching safepoint: 144399 ns, At safepoint: 7740 ns, Total: 152139 ns
[2020-09-11T16:13:18.375+0000][1][safepoint    ] Safepoint "Cleanup", Time since last: 1000165023 ns, Reaching safepoint: 108565 ns, At safepoint: 9165 ns, Total: 117730 ns
[2020-09-11T16:13:19.376+0000][1][safepoint    ] Safepoint "Cleanup", Time since last: 1000190537 ns, Reaching safepoint: 100049 ns, At safepoint: 7632 ns, Total: 107681 ns
[2020-09-11T16:13:20.376+0000][1][safepoint    ] Safepoint "Cleanup", Time since last: 1000163859 ns, Reaching safepoint: 97814 ns, At safepoint: 6572 ns, Total: 104386 ns
[2020-09-11T16:13:21.376+0000][1][safepoint    ] Safepoint "Cleanup", Time since last: 1000160194 ns, Reaching safepoint: 150139 ns, At safepoint: 20831 ns, Total: 170970 ns
[2020-09-11T16:13:22.377+0000][1][safepoint    ] Safepoint "Cleanup", Time since last: 1000206258 ns, Reaching safepoint: 88088 ns, At safepoint: 9359 ns, Total: 97447 ns
[2020-09-11T16:13:23.377+0000][1][safepoint    ] Safepoint "Cleanup", Time since last: 1000196057 ns, Reaching safepoint: 101974 ns, At safepoint: 7819 ns, Total: 109793 ns
[2020-09-11T16:13:24.377+0000][1][safepoint    ] Safepoint "Cleanup", Time since last: 1000136593 ns, Reaching safepoint: 132434 ns, At safepoint: 15800 ns, Total: 148234 ns
[2020-09-11T16:13:25.377+0000][1][safepoint    ] Safepoint "Cleanup", Time since last: 1000184707 ns, Reaching safepoint: 113783 ns, At safepoint: 7261 ns, Total: 121044 ns
[2020-09-11T16:13:26.378+0000][1][safepoint    ] Safepoint "Cleanup", Time since last: 1000149348 ns, Reaching safepoint: 95573 ns, At safepoint: 6906 ns, Total: 102479 ns
[2020-09-11T16:13:27.378+0000][1][safepoint    ] Safepoint "Cleanup", Time since last: 1000153374 ns, Reaching safepoint: 100405 ns, At safepoint: 6860 ns, Total: 107265 ns
[2020-09-11T16:13:28.378+0000][1][safepoint    ] Safepoint "Cleanup", Time since last: 1000150656 ns, Reaching safepoint: 101238 ns, At safepoint: 6772 ns, Total: 108010 ns
[2020-09-11T16:13:29.379+0000][1][safepoint    ] Safepoint "Cleanup", Time since last: 1000181236 ns, Reaching safepoint: 103732 ns, At safepoint: 6923 ns, Total: 110655 ns
[2020-09-11T16:13:30.379+0000][1][safepoint    ] Safepoint "Cleanup", Time since last: 1000166418 ns, Reaching safepoint: 128455 ns, At safepoint: 17677 ns, Total: 146132 ns
[2020-09-11T16:13:31.379+0000][1][safepoint    ] Safepoint "Cleanup", Time since last: 1000209635 ns, Reaching safepoint: 99814 ns, At safepoint: 6636 ns, Total: 106450 ns
[2020-09-11T16:13:32.379+0000][1][safepoint    ] Safepoint "Cleanup", Time since last: 1000156429 ns, Reaching safepoint: 104210 ns, At safepoint: 8667 ns, Total: 112877 ns
[2020-09-11T16:13:33.380+0000][1][safepoint    ] Safepoint "Cleanup", Time since last: 1000165097 ns, Reaching safepoint: 139898 ns, At safepoint: 18402 ns, Total: 158300 ns
[2020-09-11T16:13:35.380+0000][1][safepoint    ] Safepoint "Cleanup", Time since last: 2000331208 ns, Reaching safepoint: 128809 ns, At safepoint: 8339 ns, Total: 137148 ns
[2020-09-11T16:13:36.852+0000][1][safepoint    ] Safepoint "RevokeBias", Time since last: 1471531233 ns, Reaching safepoint: 200884 ns, At safepoint: 21284 ns, Total: 222168 ns
[2020-09-11T16:13:36.978+0000][1][safepoint    ] Safepoint "RevokeBias", Time since last: 126136870 ns, Reaching safepoint: 285703 ns, At safepoint: 52811 ns, Total: 338514 ns
[2020-09-11T16:13:36.993+0000][1][gc,start     ] GC(127) Pause Young (Allocation Failure)
[2020-09-11T16:13:36.994+0000][1][gc,task      ] GC(127) Using 1 workers of 1 for evacuation
[2020-09-11T16:13:37.022+0000][1][gc,age       ] GC(127) Desired survivor size 4358144 bytes, new threshold 6 (max threshold 6)
[2020-09-11T16:13:37.022+0000][1][gc,age       ] GC(127) Age table with threshold 6 (max threshold 6)
[2020-09-11T16:13:37.022+0000][1][gc,age       ] GC(127) - age   1:      79736 bytes,      79736 total
[2020-09-11T16:13:37.022+0000][1][gc,age       ] GC(127) - age   2:       3280 bytes,      83016 total
[2020-09-11T16:13:37.022+0000][1][gc,age       ] GC(127) - age   3:      56672 bytes,     139688 total
[2020-09-11T16:13:37.022+0000][1][gc,age       ] GC(127) - age   4:      72464 bytes,     212152 total
[2020-09-11T16:13:37.022+0000][1][gc,age       ] GC(127) - age   5:       3752 bytes,     215904 total
[2020-09-11T16:13:37.022+0000][1][gc,age       ] GC(127) - age   6:     141576 bytes,     357480 total
[2020-09-11T16:13:37.022+0000][1][gc,heap      ] GC(127) ParNew: 68751K->522K(76672K)
[2020-09-11T16:13:37.022+0000][1][gc,heap      ] GC(127) CMS: 142123K->142295K(2011968K)
[2020-09-11T16:13:37.022+0000][1][gc,metaspace ] GC(127) Metaspace: 94629K->94629K(1136640K)
[2020-09-11T16:13:37.022+0000][1][gc           ] GC(127) Pause Young (Allocation Failure) 205M->139M(2039M) 28.660ms
[2020-09-11T16:13:37.022+0000][1][gc,cpu       ] GC(127) User=0.02s Sys=0.00s Real=0.03s
[2020-09-11T16:13:37.022+0000][1][safepoint    ] Safepoint "GenCollectForAllocation", Time since last: 14552408 ns, Reaching safepoint: 166098 ns, At safepoint: 28729952 ns, Total: 28896050 ns
[2020-09-11T16:13:37.023+0000][1][safepoint    ] Safepoint "RevokeBias", Time since last: 795150 ns, Reaching safepoint: 77104 ns, At safepoint: 31710 ns, Total: 108814 ns
[2020-09-11T16:13:37.023+0000][1][safepoint    ] Safepoint "RevokeBias", Time since last: 108655 ns, Reaching safepoint: 52708 ns, At safepoint: 23578 ns, Total: 76286 ns
[2020-09-11T16:13:40.024+0000][1][safepoint    ] Safepoint "Cleanup", Time since last: 3000671131 ns, Reaching safepoint: 157679 ns, At safepoint: 18041 ns, Total: 175720 ns
[2020-09-11T16:13:47.025+0000][1][safepoint    ] Safepoint "Cleanup", Time since last: 7000991270 ns, Reaching safepoint: 108360 ns, At safepoint: 6567 ns, Total: 114927 ns
[2020-09-11T16:13:51.026+0000][1][safepoint    ] Safepoint "Cleanup", Time since last: 4000578539 ns, Reaching safepoint: 84904 ns, At safepoint: 7230 ns, Total: 92134 ns
[2020-09-11T16:13:53.026+0000][1][safepoint    ] Safepoint "Cleanup", Time since last: 2000282793 ns, Reaching safepoint: 152714 ns, At safepoint: 17981 ns, Total: 170695 ns
[2020-09-11T16:13:55.027+0000][1][safepoint    ] Safepoint "Cleanup", Time since last: 2000376763 ns, Reaching safepoint: 145585 ns, At safepoint: 16855 ns, Total: 162440 ns
[2020-09-11T16:13:59.027+0000][1][safepoint    ] Safepoint "Cleanup", Time since last: 4000619505 ns, Reaching safepoint: 98220 ns, At safepoint: 6961 ns, Total: 105181 ns
[2020-09-11T16:14:05.028+0000][1][safepoint    ] Safepoint "Cleanup", Time since last: 6000819781 ns, Reaching safepoint: 112094 ns, At safepoint: 6760 ns, Total: 118854 ns
[2020-09-11T16:14:11.029+0000][1][safepoint    ] Safepoint "Cleanup", Time since last: 6000834370 ns, Reaching safepoint: 138428 ns, At safepoint: 14951 ns, Total: 153379 ns
[2020-09-11T16:14:14.030+0000][1][safepoint    ] Safepoint "Cleanup", Time since last: 3000467113 ns, Reaching safepoint: 105072 ns, At safepoint: 8934 ns, Total: 114006 ns
[2020-09-11T16:14:20.031+0000][1][safepoint    ] Safepoint "Cleanup", Time since last: 6000899589 ns, Reaching safepoint: 149019 ns, At safepoint: 19461 ns, Total: 168480 ns
[2020-09-11T16:14:21.034+0000][1][safepoint    ] Safepoint "Cleanup", Time since last: 1003172394 ns, Reaching safepoint: 203588 ns, At safepoint: 10805 ns, Total: 214393 ns
[2020-09-11T16:14:24.238+0000][1][safepoint    ] Safepoint "RevokeBias", Time since last: 3203507606 ns, Reaching safepoint: 145851 ns, At safepoint: 21297 ns, Total: 167148 ns
[2020-09-11T16:14:25.238+0000][1][safepoint    ] Safepoint "Cleanup", Time since last: 1000184172 ns, Reaching safepoint: 152106 ns, At safepoint: 18456 ns, Total: 170562 ns
[2020-09-11T16:14:29.239+0000][1][safepoint    ] Safepoint "Cleanup", Time since last: 4000637436 ns, Reaching safepoint: 162323 ns, At safepoint: 18368 ns, Total: 180691 ns
[2020-09-11T16:14:33.795+0000][1][gc,start     ] GC(128) Pause Young (Allocation Failure)
[2020-09-11T16:14:33.795+0000][1][gc,task      ] GC(128) Using 1 workers of 1 for evacuation
[2020-09-11T16:14:33.816+0000][1][gc,age       ] GC(128) Desired survivor size 4358144 bytes, new threshold 6 (max threshold 6)
[2020-09-11T16:14:33.816+0000][1][gc,age       ] GC(128) Age table with threshold 6 (max threshold 6)
[2020-09-11T16:14:33.816+0000][1][gc,age       ] GC(128) - age   1:     117512 bytes,     117512 total
[2020-09-11T16:14:33.816+0000][1][gc,age       ] GC(128) - age   2:      15624 bytes,     133136 total
[2020-09-11T16:14:33.816+0000][1][gc,age       ] GC(128) - age   3:       1712 bytes,     134848 total
[2020-09-11T16:14:33.816+0000][1][gc,age       ] GC(128) - age   4:      55336 bytes,     190184 total
[2020-09-11T16:14:33.816+0000][1][gc,age       ] GC(128) - age   5:      72432 bytes,     262616 total
[2020-09-11T16:14:33.816+0000][1][gc,age       ] GC(128) - age   6:       3752 bytes,     266368 total
[2020-09-11T16:14:33.816+0000][1][gc,heap      ] GC(128) ParNew: 68682K->392K(76672K)
[2020-09-11T16:14:33.816+0000][1][gc,heap      ] GC(128) CMS: 142295K->142438K(2011968K)
[2020-09-11T16:14:33.816+0000][1][gc,metaspace ] GC(128) Metaspace: 94701K->94701K(1136640K)
[2020-09-11T16:14:33.816+0000][1][gc           ] GC(128) Pause Young (Allocation Failure) 206M->139M(2039M) 21.325ms
[2020-09-11T16:14:33.816+0000][1][gc,cpu       ] GC(128) User=0.02s Sys=0.00s Real=0.02s
[2020-09-11T16:14:33.816+0000][1][safepoint    ] Safepoint "GenCollectForAllocation", Time since last: 4555328311 ns, Reaching safepoint: 174413 ns, At safepoint: 21419543 ns, Total: 21593956 ns
[2020-09-11T16:14:34.829+0000][1][safepoint    ] Safepoint "Cleanup", Time since last: 1013028935 ns, Reaching safepoint: 103421 ns, At safepoint: 6931 ns, Total: 110352 ns
[2020-09-11T16:14:38.830+0000][1][safepoint    ] Safepoint "Cleanup", Time since last: 4000585025 ns, Reaching safepoint: 148812 ns, At safepoint: 20587 ns, Total: 169399 ns
[2020-09-11T16:14:41.831+0000][1][safepoint    ] Safepoint "Cleanup", Time since last: 3000494349 ns, Reaching safepoint: 184113 ns, At safepoint: 16478 ns, Total: 200591 ns
[2020-09-11T16:14:43.831+0000][1][safepoint    ] Safepoint "Cleanup", Time since last: 2000263050 ns, Reaching safepoint: 76023 ns, At safepoint: 6744 ns, Total: 82767 ns
[2020-09-11T16:14:45.199+0000][1][safepoint    ] Safepoint "RevokeBias", Time since last: 1367891921 ns, Reaching safepoint: 83039 ns, At safepoint: 20896 ns, Total: 103935 ns
[2020-09-11T16:14:47.200+0000][1][safepoint    ] Safepoint "Cleanup", Time since last: 2000426754 ns, Reaching safepoint: 139423 ns, At safepoint: 20801 ns, Total: 160224 ns
[2020-09-11T16:14:54.201+0000][1][safepoint    ] Safepoint "Cleanup", Time since last: 7001071162 ns, Reaching safepoint: 134029 ns, At safepoint: 7376 ns, Total: 141405 ns
[2020-09-11T16:14:55.201+0000][1][safepoint    ] Safepoint "Cleanup", Time since last: 1000151801 ns, Reaching safepoint: 179248 ns, At safepoint: 18690 ns, Total: 197938 ns
[2020-09-11T16:15:03.203+0000][1][safepoint    ] Safepoint "Cleanup", Time since last: 8001182402 ns, Reaching safepoint: 155436 ns, At safepoint: 18269 ns, Total: 173705 ns
[2020-09-11T16:15:14.204+0000][1][safepoint    ] Safepoint "Cleanup", Time since last: 11001633027 ns, Reaching safepoint: 159440 ns, At safepoint: 21502 ns, Total: 180942 ns
[2020-09-11T16:15:15.205+0000][1][safepoint    ] Safepoint "Cleanup", Time since last: 1000220889 ns, Reaching safepoint: 155260 ns, At safepoint: 22171 ns, Total: 177431 ns
[2020-09-11T16:15:17.205+0000][1][safepoint    ] Safepoint "Cleanup", Time since last: 2000402846 ns, Reaching safepoint: 158123 ns, At safepoint: 20263 ns, Total: 178386 ns
[2020-09-11T16:15:25.207+0000][1][safepoint    ] Safepoint "Cleanup", Time since last: 8001212582 ns, Reaching safepoint: 114941 ns, At safepoint: 7352 ns, Total: 122293 ns
[2020-09-11T16:15:26.207+0000][1][safepoint    ] Safepoint "Cleanup", Time since last: 1000155259 ns, Reaching safepoint: 156292 ns, At safepoint: 17928 ns, Total: 174220 ns
[2020-09-11T16:15:34.208+0000][1][safepoint    ] Safepoint "Cleanup", Time since last: 8001154956 ns, Reaching safepoint: 155751 ns, At safepoint: 17821 ns, Total: 173572 ns
[2020-09-11T16:15:35.102+0000][1][gc,start     ] GC(129) Pause Young (Allocation Failure)
[2020-09-11T16:15:35.102+0000][1][gc,task      ] GC(129) Using 1 workers of 1 for evacuation
[2020-09-11T16:15:35.117+0000][1][gc,age       ] GC(129) Desired survivor size 4358144 bytes, new threshold 6 (max threshold 6)
[2020-09-11T16:15:35.117+0000][1][gc,age       ] GC(129) Age table with threshold 6 (max threshold 6)
[2020-09-11T16:15:35.117+0000][1][gc,age       ] GC(129) - age   1:     101296 bytes,     101296 total
[2020-09-11T16:15:35.117+0000][1][gc,age       ] GC(129) - age   2:      51672 bytes,     152968 total
[2020-09-11T16:15:35.117+0000][1][gc,age       ] GC(129) - age   3:      14352 bytes,     167320 total
[2020-09-11T16:15:35.117+0000][1][gc,age       ] GC(129) - age   4:        472 bytes,     167792 total
[2020-09-11T16:15:35.117+0000][1][gc,age       ] GC(129) - age   5:      55040 bytes,     222832 total
[2020-09-11T16:15:35.117+0000][1][gc,age       ] GC(129) - age   6:      72432 bytes,     295264 total
[2020-09-11T16:15:35.117+0000][1][gc,heap      ] GC(129) ParNew: 68552K->293K(76672K)
[2020-09-11T16:15:35.117+0000][1][gc,heap      ] GC(129) CMS: 142438K->142442K(2011968K)
[2020-09-11T16:15:35.117+0000][1][gc,metaspace ] GC(129) Metaspace: 94751K->94751K(1136640K)
[2020-09-11T16:15:35.117+0000][1][gc           ] GC(129) Pause Young (Allocation Failure) 206M->139M(2039M) 14.454ms
[2020-09-11T16:15:35.117+0000][1][gc,cpu       ] GC(129) User=0.01s Sys=0.00s Real=0.01s
[2020-09-11T16:15:35.117+0000][1][safepoint    ] Safepoint "GenCollectForAllocation", Time since last: 893694618 ns, Reaching safepoint: 239592 ns, At safepoint: 14550528 ns, Total: 14790120 ns
[2020-09-11T16:15:38.123+0000][1][safepoint    ] Safepoint "Cleanup", Time since last: 3005778988 ns, Reaching safepoint: 159660 ns, At safepoint: 18492 ns, Total: 178152 ns
[2020-09-11T16:15:41.123+0000][1][safepoint    ] Safepoint "Cleanup", Time since last: 3000492267 ns, Reaching safepoint: 114618 ns, At safepoint: 9076 ns, Total: 123694 ns
[2020-09-11T16:15:42.124+0000][1][safepoint    ] Safepoint "Cleanup", Time since last: 1000202380 ns, Reaching safepoint: 145638 ns, At safepoint: 19876 ns, Total: 165514 ns
[2020-09-11T16:15:43.124+0000][1][safepoint    ] Safepoint "Cleanup", Time since last: 1000194927 ns, Reaching safepoint: 122111 ns, At safepoint: 8513 ns, Total: 130624 ns
[2020-09-11T16:15:44.124+0000][1][safepoint    ] Safepoint "Cleanup", Time since last: 1000196810 ns, Reaching safepoint: 142544 ns, At safepoint: 20617 ns, Total: 163161 ns
[2020-09-11T16:15:45.125+0000][1][safepoint    ] Safepoint "Cleanup", Time since last: 1000217221 ns, Reaching safepoint: 71416 ns, At safepoint: 6717 ns, Total: 78133 ns
[2020-09-11T16:15:46.125+0000][1][safepoint    ] Safepoint "Cleanup", Time since last: 1000156660 ns, Reaching safepoint: 88062 ns, At safepoint: 6672 ns, Total: 94734 ns
[2020-09-11T16:15:47.125+0000][1][safepoint    ] Safepoint "Cleanup", Time since last: 1000147731 ns, Reaching safepoint: 111296 ns, At safepoint: 7011 ns, Total: 118307 ns
[2020-09-11T16:15:48.125+0000][1][safepoint    ] Safepoint "Cleanup", Time since last: 1000166771 ns, Reaching safepoint: 102657 ns, At safepoint: 7144 ns, Total: 109801 ns
[2020-09-11T16:15:49.126+0000][1][safepoint    ] Safepoint "Cleanup", Time since last: 1000143404 ns, Reaching safepoint: 132194 ns, At safepoint: 13698 ns, Total: 145892 ns
[2020-09-11T16:15:50.126+0000][1][safepoint    ] Safepoint "Cleanup", Time since last: 1000214486 ns, Reaching safepoint: 100408 ns, At safepoint: 7114 ns, Total: 107522 ns
[2020-09-11T16:15:51.127+0000][1][safepoint    ] Safepoint "Cleanup", Time since last: 1000138593 ns, Reaching safepoint: 315213 ns, At safepoint: 19278 ns, Total: 334491 ns
[2020-09-11T16:15:52.132+0000][1][safepoint    ] Safepoint "Cleanup", Time since last: 1005470247 ns, Reaching safepoint: 179331 ns, At safepoint: 10829 ns, Total: 190160 ns
[2020-09-11T16:15:53.133+0000][1][safepoint    ] Safepoint "Cleanup", Time since last: 1000187210 ns, Reaching safepoint: 118011 ns, At safepoint: 7131 ns, Total: 125142 ns
[2020-09-11T16:15:54.133+0000][1][safepoint    ] Safepoint "Cleanup", Time since last: 1000150457 ns, Reaching safepoint: 261320 ns, At safepoint: 16999 ns, Total: 278319 ns
[2020-09-11T16:15:55.133+0000][1][safepoint    ] Safepoint "Cleanup", Time since last: 1000179659 ns, Reaching safepoint: 149260 ns, At safepoint: 16594 ns, Total: 165854 ns
[2020-09-11T16:15:56.134+0000][1][safepoint    ] Safepoint "Cleanup", Time since last: 1000253903 ns, Reaching safepoint: 144782 ns, At safepoint: 36621 ns, Total: 181403 ns
[2020-09-11T16:15:57.134+0000][1][safepoint    ] Safepoint "Cleanup", Time since last: 1000177021 ns, Reaching safepoint: 120313 ns, At safepoint: 6925 ns, Total: 127238 ns
[2020-09-11T16:15:58.134+0000][1][safepoint    ] Safepoint "Cleanup", Time since last: 1000196897 ns, Reaching safepoint: 102039 ns, At safepoint: 7545 ns, Total: 109584 ns
[2020-09-11T16:15:59.135+0000][1][safepoint    ] Safepoint "Cleanup", Time since last: 1000174019 ns, Reaching safepoint: 140586 ns, At safepoint: 17280 ns, Total: 157866 ns
[2020-09-11T16:16:00.135+0000][1][safepoint    ] Safepoint "Cleanup", Time since last: 1000201286 ns, Reaching safepoint: 100553 ns, At safepoint: 7683 ns, Total: 108236 ns
[2020-09-11T16:16:01.135+0000][1][safepoint    ] Safepoint "Cleanup", Time since last: 1000145282 ns, Reaching safepoint: 149012 ns, At safepoint: 6280 ns, Total: 155292 ns
[2020-09-11T16:16:02.136+0000][1][safepoint    ] Safepoint "Cleanup", Time since last: 1000163198 ns, Reaching safepoint: 147976 ns, At safepoint: 19736 ns, Total: 167712 ns
[2020-09-11T16:16:03.136+0000][1][safepoint    ] Safepoint "Cleanup", Time since last: 1000226813 ns, Reaching safepoint: 141351 ns, At safepoint: 256445 ns, Total: 397796 ns
[2020-09-11T16:16:04.137+0000][1][safepoint    ] Safepoint "Cleanup", Time since last: 1000212437 ns, Reaching safepoint: 134682 ns, At safepoint: 17440 ns, Total: 152122 ns
[2020-09-11T16:16:05.137+0000][1][safepoint    ] Safepoint "Cleanup", Time since last: 1000222428 ns, Reaching safepoint: 129795 ns, At safepoint: 16641 ns, Total: 146436 ns
[2020-09-11T16:16:06.137+0000][1][safepoint    ] Safepoint "Cleanup", Time since last: 1000198338 ns, Reaching safepoint: 142126 ns, At safepoint: 17891 ns, Total: 160017 ns
[2020-09-11T16:16:07.138+0000][1][safepoint    ] Safepoint "Cleanup", Time since last: 1000244819 ns, Reaching safepoint: 104090 ns, At safepoint: 6780 ns, Total: 110870 ns
[2020-09-11T16:16:08.138+0000][1][safepoint    ] Safepoint "Cleanup", Time since last: 1000152195 ns, Reaching safepoint: 141626 ns, At safepoint: 18051 ns, Total: 159677 ns
[2020-09-11T16:16:09.138+0000][1][safepoint    ] Safepoint "Cleanup", Time since last: 1000193784 ns, Reaching safepoint: 140279 ns, At safepoint: 18747 ns, Total: 159026 ns
[2020-09-11T16:16:10.139+0000][1][safepoint    ] Safepoint "Cleanup", Time since last: 1000226071 ns, Reaching safepoint: 104677 ns, At safepoint: 7035 ns, Total: 111712 ns
[2020-09-11T16:16:11.139+0000][1][safepoint    ] Safepoint "Cleanup", Time since last: 1000186200 ns, Reaching safepoint: 98192 ns, At safepoint: 6703 ns, Total: 104895 ns
[2020-09-11T16:16:12.139+0000][1][safepoint    ] Safepoint "Cleanup", Time since last: 1000180305 ns, Reaching safepoint: 110653 ns, At safepoint: 7445 ns, Total: 118098 ns
[2020-09-11T16:16:13.140+0000][1][safepoint    ] Safepoint "Cleanup", Time since last: 1000178189 ns, Reaching safepoint: 133132 ns, At safepoint: 16919 ns, Total: 150051 ns
[2020-09-11T16:16:14.140+0000][1][safepoint    ] Safepoint "Cleanup", Time since last: 1000221581 ns, Reaching safepoint: 142995 ns, At safepoint: 19759 ns, Total: 162754 ns
[2020-09-11T16:16:15.140+0000][1][safepoint    ] Safepoint "Cleanup", Time since last: 1000209579 ns, Reaching safepoint: 167829 ns, At safepoint: 17714 ns, Total: 185543 ns
[2020-09-11T16:16:16.141+0000][1][safepoint    ] Safepoint "Cleanup", Time since last: 1000227772 ns, Reaching safepoint: 201062 ns, At safepoint: 16281 ns, Total: 217343 ns
[2020-09-11T16:16:17.141+0000][1][safepoint    ] Safepoint "Cleanup", Time since last: 1000186332 ns, Reaching safepoint: 138862 ns, At safepoint: 15683 ns, Total: 154545 ns
[2020-09-11T16:16:18.142+0000][1][safepoint    ] Safepoint "Cleanup", Time since last: 1000231249 ns, Reaching safepoint: 141358 ns, At safepoint: 17407 ns, Total: 158765 ns
[2020-09-11T16:16:19.142+0000][1][safepoint    ] Safepoint "Cleanup", Time since last: 1000177359 ns, Reaching safepoint: 119215 ns, At safepoint: 5929 ns, Total: 125144 ns
[2020-09-11T16:16:20.142+0000][1][safepoint    ] Safepoint "Cleanup", Time since last: 1000197053 ns, Reaching safepoint: 143119 ns, At safepoint: 17834 ns, Total: 160953 ns
[2020-09-11T16:16:21.143+0000][1][safepoint    ] Safepoint "Cleanup", Time since last: 1000243239 ns, Reaching safepoint: 99799 ns, At safepoint: 6861 ns, Total: 106660 ns
