[2020-09-10T17:32:06.221+0000][1][gc] Using Concurrent Mark Sweep
[2020-09-10T17:32:06.221+0000][1][gc,heap,coops] Heap address: 0x0000000080000000, size: 2048 MB, Compressed Oops mode: 32-bit
[2020-09-10T17:32:06.480+0000][1][safepoint    ] Safepoint "EnableBiasedLocking", Time since last: 220935837 ns, Reaching safepoint: 1453757 ns, At safepoint: 42765 ns, Total: 1496522 ns
[2020-09-10T17:32:06.503+0000][1][safepoint    ] Safepoint "RevokeBias", Time since last: 19309663 ns, Reaching safepoint: 3022499 ns, At safepoint: 44868 ns, Total: 3067367 ns
[2020-09-10T17:32:06.527+0000][1][safepoint    ] Safepoint "Deoptimize", Time since last: 22067996 ns, Reaching safepoint: 1863513 ns, At safepoint: 25193 ns, Total: 1888706 ns
[2020-09-10T17:32:07.245+0000][1][safepoint    ] Safepoint "Deoptimize", Time since last: 715973249 ns, Reaching safepoint: 1873478 ns, At safepoint: 30072 ns, Total: 1903550 ns
[2020-09-10T17:32:07.247+0000][1][safepoint    ] Safepoint "Deoptimize", Time since last: 1028380 ns, Reaching safepoint: 1048468 ns, At safepoint: 26039 ns, Total: 1074507 ns
[2020-09-10T17:32:07.503+0000][1][safepoint    ] Safepoint "Deoptimize", Time since last: 252027864 ns, Reaching safepoint: 3972386 ns, At safepoint: 42869 ns, Total: 4015255 ns
[2020-09-10T17:32:08.507+0000][1][safepoint    ] Safepoint "Cleanup", Time since last: 1000105946 ns, Reaching safepoint: 3861804 ns, At safepoint: 5529 ns, Total: 3867333 ns
[2020-09-10T17:32:09.507+0000][1][safepoint    ] Safepoint "Cleanup", Time since last: 1000103921 ns, Reaching safepoint: 455732 ns, At safepoint: 5110 ns, Total: 460842 ns
[2020-09-10T17:32:09.745+0000][1][safepoint    ] Safepoint "Deoptimize", Time since last: 237886464 ns, Reaching safepoint: 100697 ns, At safepoint: 53660 ns, Total: 154357 ns
[2020-09-10T17:32:10.094+0000][1][safepoint    ] Safepoint "Deoptimize", Time since last: 348197722 ns, Reaching safepoint: 105839 ns, At safepoint: 60907 ns, Total: 166746 ns
[2020-09-10T17:32:10.514+0000][1][safepoint    ] Safepoint "Deoptimize", Time since last: 419988065 ns, Reaching safepoint: 106814 ns, At safepoint: 61790 ns, Total: 168604 ns
[2020-09-10T17:32:11.523+0000][1][safepoint    ] Safepoint "Cleanup", Time since last: 1008832666 ns, Reaching safepoint: 104728 ns, At safepoint: 4935 ns, Total: 109663 ns
[2020-09-10T17:32:11.600+0000][1][safepoint    ] Safepoint "Deoptimize", Time since last: 76085986 ns, Reaching safepoint: 627982 ns, At safepoint: 75278 ns, Total: 703260 ns
[2020-09-10T17:32:12.607+0000][1][safepoint    ] Safepoint "Cleanup", Time since last: 1006389798 ns, Reaching safepoint: 774129 ns, At safepoint: 5441 ns, Total: 779570 ns
[2020-09-10T17:32:12.636+0000][1][safepoint    ] Safepoint "Deoptimize", Time since last: 28006725 ns, Reaching safepoint: 1132962 ns, At safepoint: 86121 ns, Total: 1219083 ns
[2020-09-10T17:32:13.643+0000][1][safepoint    ] Safepoint "Cleanup", Time since last: 1006712853 ns, Reaching safepoint: 43591 ns, At safepoint: 8026 ns, Total: 51617 ns
[2020-09-10T17:32:14.151+0000][1][safepoint    ] Safepoint "Deoptimize", Time since last: 507027655 ns, Reaching safepoint: 960238 ns, At safepoint: 83608 ns, Total: 1043846 ns
[2020-09-10T17:32:14.600+0000][1][safepoint    ] Safepoint "RevokeBias", Time since last: 448913076 ns, Reaching safepoint: 106169 ns, At safepoint: 53601 ns, Total: 159770 ns
[2020-09-10T17:32:15.585+0000][1][safepoint    ] Safepoint "Deoptimize", Time since last: 985260929 ns, Reaching safepoint: 118281 ns, At safepoint: 104036 ns, Total: 222317 ns
[2020-09-10T17:32:15.586+0000][1][safepoint    ] Safepoint "Deoptimize", Time since last: 132180 ns, Reaching safepoint: 79998 ns, At safepoint: 40099 ns, Total: 120097 ns
[2020-09-10T17:32:15.806+0000][1][safepoint    ] Safepoint "Deoptimize", Time since last: 219452248 ns, Reaching safepoint: 1286038 ns, At safepoint: 105430 ns, Total: 1391468 ns
[2020-09-10T17:32:15.823+0000][1][safepoint    ] Safepoint "Deoptimize", Time since last: 12237559 ns, Reaching safepoint: 4010742 ns, At safepoint: 115158 ns, Total: 4125900 ns
[2020-09-10T17:32:15.871+0000][1][safepoint    ] Safepoint "RevokeBias", Time since last: 47906276 ns, Reaching safepoint: 114096 ns, At safepoint: 29982 ns, Total: 144078 ns
[2020-09-10T17:32:15.875+0000][1][safepoint    ] Safepoint "RevokeBias", Time since last: 492724 ns, Reaching safepoint: 3323799 ns, At safepoint: 30535 ns, Total: 3354334 ns
[2020-09-10T17:32:15.875+0000][1][safepoint    ] Safepoint "RevokeBias", Time since last: 100552 ns, Reaching safepoint: 83806 ns, At safepoint: 18551 ns, Total: 102357 ns
[2020-09-10T17:32:15.878+0000][1][safepoint    ] Safepoint "RevokeBias", Time since last: 1381750 ns, Reaching safepoint: 1266542 ns, At safepoint: 29063 ns, Total: 1295605 ns
[2020-09-10T17:32:15.889+0000][1][safepoint    ] Safepoint "RevokeBias", Time since last: 10702926 ns, Reaching safepoint: 745656 ns, At safepoint: 29794 ns, Total: 775450 ns
[2020-09-10T17:32:16.901+0000][1][safepoint    ] Safepoint "Cleanup", Time since last: 1011697266 ns, Reaching safepoint: 120433 ns, At safepoint: 6025 ns, Total: 126458 ns
[2020-09-10T17:32:17.912+0000][1][safepoint    ] Safepoint "Cleanup", Time since last: 1011459481 ns, Reaching safepoint: 118660 ns, At safepoint: 6031 ns, Total: 124691 ns
[2020-09-10T17:32:18.539+0000][1][gc,start     ] GC(0) Pause Young (Allocation Failure)
[2020-09-10T17:32:18.539+0000][1][gc,task      ] GC(0) Using 1 workers of 1 for evacuation
[2020-09-10T17:32:18.647+0000][1][gc,age       ] GC(0) Desired survivor size 4358144 bytes, new threshold 1 (max threshold 6)
[2020-09-10T17:32:18.647+0000][1][gc,age       ] GC(0) Age table with threshold 1 (max threshold 6)
[2020-09-10T17:32:18.647+0000][1][gc,age       ] GC(0) - age   1:    6408560 bytes,    6408560 total
[2020-09-10T17:32:18.647+0000][1][gc,heap      ] GC(0) ParNew: 68160K->6291K(76672K)
[2020-09-10T17:32:18.647+0000][1][gc,heap      ] GC(0) CMS: 0K->0K(2011968K)
[2020-09-10T17:32:18.647+0000][1][gc,metaspace ] GC(0) Metaspace: 13402K->13402K(1060864K)
[2020-09-10T17:32:18.647+0000][1][gc           ] GC(0) Pause Young (Allocation Failure) 66M->6M(2039M) 108.543ms
[2020-09-10T17:32:18.647+0000][1][gc,cpu       ] GC(0) User=0.02s Sys=0.00s Real=0.11s
[2020-09-10T17:32:18.651+0000][1][safepoint    ] Safepoint "GenCollectForAllocation", Time since last: 626196117 ns, Reaching safepoint: 105155 ns, At safepoint: 111933056 ns, Total: 112038211 ns
[2020-09-10T17:32:18.669+0000][1][safepoint    ] Safepoint "RevokeBias", Time since last: 17052683 ns, Reaching safepoint: 1149359 ns, At safepoint: 53115 ns, Total: 1202474 ns
[2020-09-10T17:32:18.671+0000][1][safepoint    ] Safepoint "RevokeBias", Time since last: 110057 ns, Reaching safepoint: 1586589 ns, At safepoint: 31752 ns, Total: 1618341 ns
[2020-09-10T17:32:18.673+0000][1][safepoint    ] Safepoint "RevokeBias", Time since last: 43943 ns, Reaching safepoint: 2136092 ns, At safepoint: 32377 ns, Total: 2168469 ns
[2020-09-10T17:32:18.673+0000][1][safepoint    ] Safepoint "RevokeBias", Time since last: 33026 ns, Reaching safepoint: 82120 ns, At safepoint: 25212 ns, Total: 107332 ns
[2020-09-10T17:32:18.673+0000][1][safepoint    ] Safepoint "RevokeBias", Time since last: 35729 ns, Reaching safepoint: 83292 ns, At safepoint: 28389 ns, Total: 111681 ns
[2020-09-10T17:32:18.673+0000][1][safepoint    ] Safepoint "RevokeBias", Time since last: 25711 ns, Reaching safepoint: 83861 ns, At safepoint: 27308 ns, Total: 111169 ns
[2020-09-10T17:32:18.674+0000][1][safepoint    ] Safepoint "RevokeBias", Time since last: 130405 ns, Reaching safepoint: 101864 ns, At safepoint: 27404 ns, Total: 129268 ns
[2020-09-10T17:32:18.674+0000][1][safepoint    ] Safepoint "RevokeBias", Time since last: 24972 ns, Reaching safepoint: 129092 ns, At safepoint: 27805 ns, Total: 156897 ns
[2020-09-10T17:32:18.675+0000][1][safepoint    ] Safepoint "RevokeBias", Time since last: 31687 ns, Reaching safepoint: 860578 ns, At safepoint: 33687 ns, Total: 894265 ns
[2020-09-10T17:32:18.675+0000][1][safepoint    ] Safepoint "RevokeBias", Time since last: 30629 ns, Reaching safepoint: 82616 ns, At safepoint: 24024 ns, Total: 106640 ns
[2020-09-10T17:32:18.675+0000][1][safepoint    ] Safepoint "RevokeBias", Time since last: 33269 ns, Reaching safepoint: 82914 ns, At safepoint: 27765 ns, Total: 110679 ns
[2020-09-10T17:32:18.675+0000][1][safepoint    ] Safepoint "RevokeBias", Time since last: 38497 ns, Reaching safepoint: 82727 ns, At safepoint: 27388 ns, Total: 110115 ns
[2020-09-10T17:32:18.675+0000][1][safepoint    ] Safepoint "RevokeBias", Time since last: 31019 ns, Reaching safepoint: 82144 ns, At safepoint: 23523 ns, Total: 105667 ns
[2020-09-10T17:32:18.675+0000][1][safepoint    ] Safepoint "RevokeBias", Time since last: 24032 ns, Reaching safepoint: 82504 ns, At safepoint: 23955 ns, Total: 106459 ns
[2020-09-10T17:32:18.676+0000][1][safepoint    ] Safepoint "RevokeBias", Time since last: 31484 ns, Reaching safepoint: 82108 ns, At safepoint: 23586 ns, Total: 105694 ns
[2020-09-10T17:32:18.679+0000][1][safepoint    ] Safepoint "RevokeBias", Time since last: 24401 ns, Reaching safepoint: 3123501 ns, At safepoint: 43569 ns, Total: 3167070 ns
[2020-09-10T17:32:18.679+0000][1][safepoint    ] Safepoint "RevokeBias", Time since last: 205759 ns, Reaching safepoint: 11436 ns, At safepoint: 28464 ns, Total: 39900 ns
[2020-09-10T17:32:18.679+0000][1][safepoint    ] Safepoint "RevokeBias", Time since last: 24080 ns, Reaching safepoint: 7192 ns, At safepoint: 21687 ns, Total: 28879 ns
[2020-09-10T17:32:18.679+0000][1][safepoint    ] Safepoint "RevokeBias", Time since last: 26664 ns, Reaching safepoint: 7677 ns, At safepoint: 21694 ns, Total: 29371 ns
[2020-09-10T17:32:18.679+0000][1][safepoint    ] Safepoint "RevokeBias", Time since last: 20730 ns, Reaching safepoint: 6991 ns, At safepoint: 53369 ns, Total: 60360 ns
[2020-09-10T17:32:18.692+0000][1][safepoint    ] Safepoint "RevokeBias", Time since last: 7529935 ns, Reaching safepoint: 4005176 ns, At safepoint: 1096500 ns, Total: 5101676 ns
[2020-09-10T17:32:18.695+0000][1][safepoint    ] Safepoint "RevokeBias", Time since last: 51392 ns, Reaching safepoint: 2865267 ns, At safepoint: 518430 ns, Total: 3383697 ns
[2020-09-10T17:32:18.699+0000][1][safepoint    ] Safepoint "RevokeBias", Time since last: 72309 ns, Reaching safepoint: 3398354 ns, At safepoint: 59009 ns, Total: 3457363 ns
[2020-09-10T17:32:18.731+0000][1][safepoint    ] Safepoint "RevokeBias", Time since last: 31963903 ns, Reaching safepoint: 132066 ns, At safepoint: 540288 ns, Total: 672354 ns
[2020-09-10T17:32:18.732+0000][1][safepoint    ] Safepoint "RevokeBias", Time since last: 94769 ns, Reaching safepoint: 88344 ns, At safepoint: 41352 ns, Total: 129696 ns
[2020-09-10T17:32:18.732+0000][1][safepoint    ] Safepoint "RevokeBias", Time since last: 26619 ns, Reaching safepoint: 84156 ns, At safepoint: 37509 ns, Total: 121665 ns
[2020-09-10T17:32:18.732+0000][1][safepoint    ] Safepoint "RevokeBias", Time since last: 501219 ns, Reaching safepoint: 85733 ns, At safepoint: 38092 ns, Total: 123825 ns
[2020-09-10T17:32:18.741+0000][1][safepoint    ] Safepoint "RevokeBias", Time since last: 1790437 ns, Reaching safepoint: 6335200 ns, At safepoint: 710668 ns, Total: 7045868 ns
[2020-09-10T17:32:18.743+0000][1][safepoint    ] Safepoint "RevokeBias", Time since last: 170854 ns, Reaching safepoint: 1276784 ns, At safepoint: 43813 ns, Total: 1320597 ns
[2020-09-10T17:32:18.743+0000][1][safepoint    ] Safepoint "RevokeBias", Time since last: 35024 ns, Reaching safepoint: 497202 ns, At safepoint: 34746 ns, Total: 531948 ns
[2020-09-10T17:32:19.756+0000][1][safepoint    ] Safepoint "Cleanup", Time since last: 1001023198 ns, Reaching safepoint: 11825700 ns, At safepoint: 14381 ns, Total: 11840081 ns
[2020-09-10T17:32:20.231+0000][1][safepoint    ] Safepoint "RevokeBias", Time since last: 474533282 ns, Reaching safepoint: 177066 ns, At safepoint: 38435 ns, Total: 215501 ns
[2020-09-10T17:32:21.235+0000][1][safepoint    ] Safepoint "Cleanup", Time since last: 1003788493 ns, Reaching safepoint: 109827 ns, At safepoint: 6480 ns, Total: 116307 ns
[2020-09-10T17:32:21.664+0000][1][gc,start     ] GC(1) Pause Young (Allocation Failure)
[2020-09-10T17:32:21.664+0000][1][gc,task      ] GC(1) Using 1 workers of 1 for evacuation
[2020-09-10T17:32:21.875+0000][1][gc,age       ] GC(1) Desired survivor size 4358144 bytes, new threshold 6 (max threshold 6)
[2020-09-10T17:32:21.875+0000][1][gc,age       ] GC(1) Age table with threshold 6 (max threshold 6)
[2020-09-10T17:32:21.875+0000][1][gc,age       ] GC(1) - age   1:    2027560 bytes,    2027560 total
[2020-09-10T17:32:21.875+0000][1][gc,heap      ] GC(1) ParNew: 74451K->4182K(76672K)
[2020-09-10T17:32:21.875+0000][1][gc,heap      ] GC(1) CMS: 0K->6799K(2011968K)
[2020-09-10T17:32:21.875+0000][1][gc,metaspace ] GC(1) Metaspace: 16003K->16003K(1064960K)
[2020-09-10T17:32:21.875+0000][1][gc           ] GC(1) Pause Young (Allocation Failure) 72M->10M(2039M) 210.975ms
[2020-09-10T17:32:21.875+0000][1][gc,cpu       ] GC(1) User=0.04s Sys=0.00s Real=0.21s
[2020-09-10T17:32:21.896+0000][1][safepoint    ] Safepoint "GenCollectForAllocation", Time since last: 429488861 ns, Reaching safepoint: 99381 ns, At safepoint: 231931668 ns, Total: 232031049 ns
[2020-09-10T17:32:21.913+0000][1][safepoint    ] Safepoint "BulkRevokeBias", Time since last: 16548600 ns, Reaching safepoint: 94963 ns, At safepoint: 62512 ns, Total: 157475 ns
[2020-09-10T17:32:21.914+0000][1][safepoint    ] Safepoint "RevokeBias", Time since last: 408798 ns, Reaching safepoint: 81947 ns, At safepoint: 17425 ns, Total: 99372 ns
[2020-09-10T17:32:21.921+0000][1][safepoint    ] Safepoint "RevokeBias", Time since last: 61775 ns, Reaching safepoint: 7651256 ns, At safepoint: 37902 ns, Total: 7689158 ns
[2020-09-10T17:32:21.923+0000][1][safepoint    ] Safepoint "RevokeBias", Time since last: 74891 ns, Reaching safepoint: 1307621 ns, At safepoint: 33869 ns, Total: 1341490 ns
[2020-09-10T17:32:21.923+0000][1][safepoint    ] Safepoint "RevokeBias", Time since last: 50369 ns, Reaching safepoint: 78985 ns, At safepoint: 22284 ns, Total: 101269 ns
[2020-09-10T17:32:21.923+0000][1][safepoint    ] Safepoint "RevokeBias", Time since last: 25689 ns, Reaching safepoint: 78096 ns, At safepoint: 30767 ns, Total: 108863 ns
[2020-09-10T17:32:21.923+0000][1][safepoint    ] Safepoint "BulkRevokeBias", Time since last: 29930 ns, Reaching safepoint: 79002 ns, At safepoint: 53973 ns, Total: 132975 ns
[2020-09-10T17:32:21.923+0000][1][safepoint    ] Safepoint "RevokeBias", Time since last: 24583 ns, Reaching safepoint: 83556 ns, At safepoint: 25291 ns, Total: 108847 ns
[2020-09-10T17:32:21.923+0000][1][safepoint    ] Safepoint "BulkRevokeBias", Time since last: 32061 ns, Reaching safepoint: 84539 ns, At safepoint: 48879 ns, Total: 133418 ns
[2020-09-10T17:32:22.935+0000][1][safepoint    ] Safepoint "Cleanup", Time since last: 1011203368 ns, Reaching safepoint: 808326 ns, At safepoint: 6448 ns, Total: 814774 ns
[2020-09-10T17:32:23.082+0000][1][safepoint    ] Safepoint "RevokeBias", Time since last: 144098999 ns, Reaching safepoint: 2851498 ns, At safepoint: 17650 ns, Total: 2869148 ns
[2020-09-10T17:32:23.331+0000][1][safepoint    ] Safepoint "Deoptimize", Time since last: 246042947 ns, Reaching safepoint: 2225741 ns, At safepoint: 164573 ns, Total: 2390314 ns
[2020-09-10T17:32:24.019+0000][1][safepoint    ] Safepoint "Deoptimize", Time since last: 683806466 ns, Reaching safepoint: 4037099 ns, At safepoint: 186211 ns, Total: 4223310 ns
[2020-09-10T17:32:24.055+0000][1][safepoint    ] Safepoint "Deoptimize", Time since last: 31770921 ns, Reaching safepoint: 3827336 ns, At safepoint: 225871 ns, Total: 4053207 ns
[2020-09-10T17:32:25.042+0000][1][safepoint    ] Safepoint "Deoptimize", Time since last: 986713919 ns, Reaching safepoint: 109173 ns, At safepoint: 164147 ns, Total: 273320 ns
[2020-09-10T17:32:25.331+0000][1][safepoint    ] Safepoint "Deoptimize", Time since last: 288992107 ns, Reaching safepoint: 79704 ns, At safepoint: 183423 ns, Total: 263127 ns
[2020-09-10T17:32:25.332+0000][1][safepoint    ] Safepoint "RevokeBias", Time since last: 566960 ns, Reaching safepoint: 81761 ns, At safepoint: 49295 ns, Total: 131056 ns
[2020-09-10T17:32:25.335+0000][1][safepoint    ] Safepoint "Deoptimize", Time since last: 3009202 ns, Reaching safepoint: 90468 ns, At safepoint: 164499 ns, Total: 254967 ns
[2020-09-10T17:32:26.347+0000][1][safepoint    ] Safepoint "Cleanup", Time since last: 1011744108 ns, Reaching safepoint: 131983 ns, At safepoint: 8311 ns, Total: 140294 ns
[2020-09-10T17:32:26.387+0000][1][gc,start     ] GC(2) Pause Young (Allocation Failure)
[2020-09-10T17:32:26.387+0000][1][gc,task      ] GC(2) Using 1 workers of 1 for evacuation
[2020-09-10T17:32:26.482+0000][1][gc,age       ] GC(2) Desired survivor size 4358144 bytes, new threshold 2 (max threshold 6)
[2020-09-10T17:32:26.482+0000][1][gc,age       ] GC(2) Age table with threshold 2 (max threshold 6)
[2020-09-10T17:32:26.482+0000][1][gc,age       ] GC(2) - age   1:    3488304 bytes,    3488304 total
[2020-09-10T17:32:26.482+0000][1][gc,age       ] GC(2) - age   2:    1574976 bytes,    5063280 total
[2020-09-10T17:32:26.482+0000][1][gc,heap      ] GC(2) ParNew: 72342K->5377K(76672K)
[2020-09-10T17:32:26.482+0000][1][gc,heap      ] GC(2) CMS: 6799K->6799K(2011968K)
[2020-09-10T17:32:26.482+0000][1][gc,metaspace ] GC(2) Metaspace: 20015K->20015K(1067008K)
[2020-09-10T17:32:26.482+0000][1][gc           ] GC(2) Pause Young (Allocation Failure) 77M->11M(2039M) 95.306ms
[2020-09-10T17:32:26.482+0000][1][gc,cpu       ] GC(2) User=0.03s Sys=0.00s Real=0.09s
[2020-09-10T17:32:26.507+0000][1][safepoint    ] Safepoint "GenCollectForAllocation", Time since last: 39864757 ns, Reaching safepoint: 97821 ns, At safepoint: 119886493 ns, Total: 119984314 ns
[2020-09-10T17:32:26.540+0000][1][safepoint    ] Safepoint "RevokeBias", Time since last: 33283076 ns, Reaching safepoint: 101027 ns, At safepoint: 53745 ns, Total: 154772 ns
[2020-09-10T17:32:26.547+0000][1][safepoint    ] Safepoint "RevokeBias", Time since last: 55283 ns, Reaching safepoint: 6552904 ns, At safepoint: 54634 ns, Total: 6607538 ns
[2020-09-10T17:32:26.547+0000][1][safepoint    ] Safepoint "RevokeBias", Time since last: 89892 ns, Reaching safepoint: 87292 ns, At safepoint: 38013 ns, Total: 125305 ns
[2020-09-10T17:32:26.547+0000][1][safepoint    ] Safepoint "RevokeBias", Time since last: 33153 ns, Reaching safepoint: 84515 ns, At safepoint: 37831 ns, Total: 122346 ns
[2020-09-10T17:32:26.547+0000][1][safepoint    ] Safepoint "RevokeBias", Time since last: 36491 ns, Reaching safepoint: 86402 ns, At safepoint: 41655 ns, Total: 128057 ns
[2020-09-10T17:32:26.547+0000][1][safepoint    ] Safepoint "RevokeBias", Time since last: 30062 ns, Reaching safepoint: 85228 ns, At safepoint: 36828 ns, Total: 122056 ns
[2020-09-10T17:32:26.550+0000][1][safepoint    ] Safepoint "RevokeBias", Time since last: 35472 ns, Reaching safepoint: 2794618 ns, At safepoint: 60686 ns, Total: 2855304 ns
[2020-09-10T17:32:26.551+0000][1][safepoint    ] Safepoint "RevokeBias", Time since last: 66046 ns, Reaching safepoint: 91877 ns, At safepoint: 38838 ns, Total: 130715 ns
[2020-09-10T17:32:26.555+0000][1][safepoint    ] Safepoint "RevokeBias", Time since last: 45084 ns, Reaching safepoint: 4085695 ns, At safepoint: 55851 ns, Total: 4141546 ns
[2020-09-10T17:32:26.555+0000][1][safepoint    ] Safepoint "RevokeBias", Time since last: 41397 ns, Reaching safepoint: 87908 ns, At safepoint: 38129 ns, Total: 126037 ns
[2020-09-10T17:32:26.555+0000][1][safepoint    ] Safepoint "RevokeBias", Time since last: 40149 ns, Reaching safepoint: 60872 ns, At safepoint: 41884 ns, Total: 102756 ns
[2020-09-10T17:32:26.555+0000][1][safepoint    ] Safepoint "RevokeBias", Time since last: 31551 ns, Reaching safepoint: 85119 ns, At safepoint: 36934 ns, Total: 122053 ns
[2020-09-10T17:32:26.568+0000][1][safepoint    ] Safepoint "RevokeBias", Time since last: 3176500 ns, Reaching safepoint: 8367152 ns, At safepoint: 795420 ns, Total: 9162572 ns
[2020-09-10T17:32:26.570+0000][1][safepoint    ] Safepoint "RevokeBias", Time since last: 51810 ns, Reaching safepoint: 1456690 ns, At safepoint: 799540 ns, Total: 2256230 ns
[2020-09-10T17:32:26.571+0000][1][safepoint    ] Safepoint "RevokeBias", Time since last: 496376 ns, Reaching safepoint: 328191 ns, At safepoint: 39426 ns, Total: 367617 ns
[2020-09-10T17:32:26.573+0000][1][safepoint    ] Safepoint "RevokeBias", Time since last: 28357 ns, Reaching safepoint: 2649082 ns, At safepoint: 38117 ns, Total: 2687199 ns
[2020-09-10T17:32:26.574+0000][1][safepoint    ] Safepoint "RevokeBias", Time since last: 53010 ns, Reaching safepoint: 370355 ns, At safepoint: 32214 ns, Total: 402569 ns
[2020-09-10T17:32:27.659+0000][1][gc,start     ] GC(3) Pause Young (Allocation Failure)
[2020-09-10T17:32:27.659+0000][1][gc,task      ] GC(3) Using 1 workers of 1 for evacuation
[2020-09-10T17:32:27.745+0000][1][gc,age       ] GC(3) Desired survivor size 4358144 bytes, new threshold 6 (max threshold 6)
[2020-09-10T17:32:27.745+0000][1][gc,age       ] GC(3) Age table with threshold 6 (max threshold 6)
[2020-09-10T17:32:27.745+0000][1][gc,age       ] GC(3) - age   1:    1456048 bytes,    1456048 total
[2020-09-10T17:32:27.745+0000][1][gc,age       ] GC(3) - age   2:    2703456 bytes,    4159504 total
[2020-09-10T17:32:27.745+0000][1][gc,heap      ] GC(3) ParNew: 73537K->4145K(76672K)
[2020-09-10T17:32:27.745+0000][1][gc,heap      ] GC(3) CMS: 6799K->8351K(2011968K)
[2020-09-10T17:32:27.745+0000][1][gc,metaspace ] GC(3) Metaspace: 20242K->20242K(1067008K)
[2020-09-10T17:32:27.745+0000][1][gc           ] GC(3) Pause Young (Allocation Failure) 78M->12M(2039M) 86.384ms
[2020-09-10T17:32:27.745+0000][1][gc,cpu       ] GC(3) User=0.02s Sys=0.00s Real=0.08s
[2020-09-10T17:32:27.768+0000][1][safepoint    ] Safepoint "GenCollectForAllocation", Time since last: 1084835077 ns, Reaching safepoint: 138403 ns, At safepoint: 109613256 ns, Total: 109751659 ns
[2020-09-10T17:32:27.784+0000][1][safepoint    ] Safepoint "RevokeBias", Time since last: 14923140 ns, Reaching safepoint: 102508 ns, At safepoint: 51637 ns, Total: 154145 ns
[2020-09-10T17:32:27.784+0000][1][safepoint    ] Safepoint "RevokeBias", Time since last: 50485 ns, Reaching safepoint: 435640 ns, At safepoint: 36438 ns, Total: 472078 ns
[2020-09-10T17:32:27.787+0000][1][safepoint    ] Safepoint "RevokeBias", Time since last: 34891 ns, Reaching safepoint: 2603851 ns, At safepoint: 63252 ns, Total: 2667103 ns
[2020-09-10T17:32:27.790+0000][1][safepoint    ] Safepoint "RevokeBias", Time since last: 59434 ns, Reaching safepoint: 2731894 ns, At safepoint: 41395 ns, Total: 2773289 ns
[2020-09-10T17:32:27.791+0000][1][safepoint    ] Safepoint "RevokeBias", Time since last: 44643 ns, Reaching safepoint: 1024972 ns, At safepoint: 35583 ns, Total: 1060555 ns
[2020-09-10T17:32:27.793+0000][1][safepoint    ] Safepoint "RevokeBias", Time since last: 35019 ns, Reaching safepoint: 85791 ns, At safepoint: 2393009 ns, Total: 2478800 ns
[2020-09-10T17:32:28.619+0000][1][safepoint    ] Safepoint "CollectForMetadataAllocation", Time since last: 825942258 ns, Reaching safepoint: 106395 ns, At safepoint: 202754 ns, Total: 309149 ns
[2020-09-10T17:32:28.987+0000][1][safepoint    ] Safepoint "CollectForMetadataAllocation", Time since last: 367234313 ns, Reaching safepoint: 133143 ns, At safepoint: 133775 ns, Total: 266918 ns
[2020-09-10T17:32:29.080+0000][1][gc,start     ] GC(4) Pause Young (Allocation Failure)
[2020-09-10T17:32:29.080+0000][1][gc,task      ] GC(4) Using 1 workers of 1 for evacuation
[2020-09-10T17:32:29.211+0000][1][gc,age       ] GC(4) Desired survivor size 4358144 bytes, new threshold 3 (max threshold 6)
[2020-09-10T17:32:29.211+0000][1][gc,age       ] GC(4) Age table with threshold 3 (max threshold 6)
[2020-09-10T17:32:29.212+0000][1][gc,age       ] GC(4) - age   1:    2118040 bytes,    2118040 total
[2020-09-10T17:32:29.212+0000][1][gc,age       ] GC(4) - age   2:     319056 bytes,    2437096 total
[2020-09-10T17:32:29.212+0000][1][gc,age       ] GC(4) - age   3:    2702104 bytes,    5139200 total
[2020-09-10T17:32:29.212+0000][1][gc,heap      ] GC(4) ParNew: 72305K->8165K(76672K)
[2020-09-10T17:32:29.212+0000][1][gc,heap      ] GC(4) CMS: 8351K->8351K(2011968K)
[2020-09-10T17:32:29.212+0000][1][gc,metaspace ] GC(4) Metaspace: 20806K->20806K(1069056K)
[2020-09-10T17:32:29.212+0000][1][gc           ] GC(4) Pause Young (Allocation Failure) 78M->16M(2039M) 132.028ms
[2020-09-10T17:32:29.212+0000][1][gc,cpu       ] GC(4) User=0.03s Sys=0.00s Real=0.13s
[2020-09-10T17:32:29.222+0000][1][safepoint    ] Safepoint "GenCollectForAllocation", Time since last: 92463052 ns, Reaching safepoint: 104460 ns, At safepoint: 142290156 ns, Total: 142394616 ns
[2020-09-10T17:32:29.259+0000][1][gc,start     ] GC(5) Pause Initial Mark
[2020-09-10T17:32:29.262+0000][1][gc           ] GC(5) Pause Initial Mark 18M->18M(2039M) 2.801ms
[2020-09-10T17:32:29.262+0000][1][gc,cpu       ] GC(5) User=0.00s Sys=0.00s Real=0.00s
[2020-09-10T17:32:29.287+0000][1][safepoint    ] Safepoint "CMS_Initial_Mark", Time since last: 20850613 ns, Reaching safepoint: 16033708 ns, At safepoint: 27974005 ns, Total: 44007713 ns
[2020-09-10T17:32:29.287+0000][1][gc           ] GC(5) Concurrent Mark
[2020-09-10T17:32:29.302+0000][1][safepoint    ] Safepoint "RevokeBias", Time since last: 14666877 ns, Reaching safepoint: 118036 ns, At safepoint: 37084 ns, Total: 155120 ns
[2020-09-10T17:32:29.302+0000][1][safepoint    ] Safepoint "RevokeBias", Time since last: 63693 ns, Reaching safepoint: 80144 ns, At safepoint: 20150 ns, Total: 100294 ns
[2020-09-10T17:32:29.302+0000][1][safepoint    ] Safepoint "RevokeBias", Time since last: 25098 ns, Reaching safepoint: 78185 ns, At safepoint: 23492 ns, Total: 101677 ns
[2020-09-10T17:32:29.302+0000][1][safepoint    ] Safepoint "RevokeBias", Time since last: 27797 ns, Reaching safepoint: 78404 ns, At safepoint: 23380 ns, Total: 101784 ns
[2020-09-10T17:32:29.302+0000][1][safepoint    ] Safepoint "RevokeBias", Time since last: 23472 ns, Reaching safepoint: 77459 ns, At safepoint: 21891 ns, Total: 99350 ns
[2020-09-10T17:32:29.441+0000][1][gc           ] GC(5) Concurrent Mark 154.629ms
[2020-09-10T17:32:29.441+0000][1][gc,cpu       ] GC(5) User=0.04s Sys=0.00s Real=0.15s
[2020-09-10T17:32:29.441+0000][1][gc           ] GC(5) Concurrent Preclean
[2020-09-10T17:32:29.476+0000][1][gc           ] GC(5) Concurrent Preclean 34.388ms
[2020-09-10T17:32:29.476+0000][1][gc,cpu       ] GC(5) User=0.01s Sys=0.00s Real=0.03s
[2020-09-10T17:32:29.476+0000][1][gc           ] GC(5) Concurrent Abortable Preclean
[2020-09-10T17:32:30.059+0000][1][safepoint    ] Safepoint "Deoptimize", Time since last: 756651991 ns, Reaching safepoint: 134393 ns, At safepoint: 209758 ns, Total: 344151 ns
[2020-09-10T17:32:30.555+0000][1][safepoint    ] Safepoint "CollectForMetadataAllocation", Time since last: 495624917 ns, Reaching safepoint: 106554 ns, At safepoint: 125206 ns, Total: 231760 ns
[2020-09-10T17:32:30.593+0000][1][safepoint    ] Safepoint "Deoptimize", Time since last: 37889713 ns, Reaching safepoint: 80430 ns, At safepoint: 212162 ns, Total: 292592 ns
[2020-09-10T17:32:30.655+0000][1][safepoint    ] Safepoint "RevokeBias", Time since last: 61615604 ns, Reaching safepoint: 46691 ns, At safepoint: 30043 ns, Total: 76734 ns
[2020-09-10T17:32:30.949+0000][1][gc,start     ] GC(6) Pause Young (Allocation Failure)
[2020-09-10T17:32:30.949+0000][1][gc,task      ] GC(6) Using 1 workers of 1 for evacuation
[2020-09-10T17:32:31.131+0000][1][gc,age       ] GC(6) Desired survivor size 4358144 bytes, new threshold 6 (max threshold 6)
[2020-09-10T17:32:31.131+0000][1][gc,age       ] GC(6) Age table with threshold 6 (max threshold 6)
[2020-09-10T17:32:31.131+0000][1][gc,age       ] GC(6) - age   1:    2214800 bytes,    2214800 total
[2020-09-10T17:32:31.131+0000][1][gc,age       ] GC(6) - age   2:    1252472 bytes,    3467272 total
[2020-09-10T17:32:31.131+0000][1][gc,age       ] GC(6) - age   3:     319056 bytes,    3786328 total
[2020-09-10T17:32:31.131+0000][1][gc,heap      ] GC(6) ParNew: 76325K->4784K(76672K)
[2020-09-10T17:32:31.131+0000][1][gc,heap      ] GC(6) CMS: 8351K->11011K(2011968K)
[2020-09-10T17:32:31.131+0000][1][gc,metaspace ] GC(6) Metaspace: 21126K->21126K(1069056K)
[2020-09-10T17:32:31.131+0000][1][gc           ] GC(6) Pause Young (Allocation Failure) 82M->15M(2039M) 182.907ms
[2020-09-10T17:32:31.131+0000][1][gc,cpu       ] GC(6) User=0.05s Sys=0.00s Real=0.18s
[2020-09-10T17:32:31.161+0000][1][safepoint    ] Safepoint "GenCollectForAllocation", Time since last: 281998892 ns, Reaching safepoint: 11714752 ns, At safepoint: 212280942 ns, Total: 223995694 ns
[2020-09-10T17:32:31.180+0000][1][safepoint    ] Safepoint "RevokeBias", Time since last: 11649703 ns, Reaching safepoint: 7841873 ns, At safepoint: 18544 ns, Total: 7860417 ns
[2020-09-10T17:32:31.183+0000][1][safepoint    ] Safepoint "RevokeBias", Time since last: 2400313 ns, Reaching safepoint: 86774 ns, At safepoint: 24592 ns, Total: 111366 ns
[2020-09-10T17:32:31.183+0000][1][safepoint    ] Safepoint "RevokeBias", Time since last: 56414 ns, Reaching safepoint: 78867 ns, At safepoint: 19969 ns, Total: 98836 ns
[2020-09-10T17:32:31.187+0000][1][safepoint    ] Safepoint "RevokeBias", Time since last: 3747950 ns, Reaching safepoint: 91774 ns, At safepoint: 23255 ns, Total: 115029 ns
[2020-09-10T17:32:31.187+0000][1][safepoint    ] Safepoint "RevokeBias", Time since last: 51477 ns, Reaching safepoint: 77207 ns, At safepoint: 15713 ns, Total: 92920 ns
[2020-09-10T17:32:31.187+0000][1][safepoint    ] Safepoint "RevokeBias", Time since last: 24894 ns, Reaching safepoint: 76326 ns, At safepoint: 15739 ns, Total: 92065 ns
[2020-09-10T17:32:31.427+0000][1][safepoint    ] Safepoint "RevokeBias", Time since last: 240027700 ns, Reaching safepoint: 93179 ns, At safepoint: 31646 ns, Total: 124825 ns
[2020-09-10T17:32:31.507+0000][1][safepoint    ] Safepoint "RevokeBias", Time since last: 73541105 ns, Reaching safepoint: 5964286 ns, At safepoint: 36865 ns, Total: 6001151 ns
[2020-09-10T17:32:31.999+0000][1][safepoint    ] Safepoint "RevokeBias", Time since last: 491922069 ns, Reaching safepoint: 105960 ns, At safepoint: 47150 ns, Total: 153110 ns
[2020-09-10T17:32:31.999+0000][1][gc           ] GC(5) Concurrent Abortable Preclean 2522.947ms
[2020-09-10T17:32:31.999+0000][1][gc,cpu       ] GC(5) User=0.62s Sys=0.00s Real=2.53s
[2020-09-10T17:32:31.999+0000][1][gc,start     ] GC(5) Pause Remark
[2020-09-10T17:32:32.081+0000][1][gc           ] GC(5) Pause Remark 66M->66M(2039M) 81.845ms
[2020-09-10T17:32:32.087+0000][1][gc,cpu       ] GC(5) User=0.02s Sys=0.00s Real=0.09s
[2020-09-10T17:32:32.107+0000][1][safepoint    ] Safepoint "CMS_Final_Remark", Time since last: 73643 ns, Reaching safepoint: 8711 ns, At safepoint: 107900144 ns, Total: 107908855 ns
[2020-09-10T17:32:32.125+0000][1][gc           ] GC(5) Concurrent Sweep
[2020-09-10T17:32:32.129+0000][1][gc           ] GC(5) Concurrent Sweep 3.771ms
[2020-09-10T17:32:32.129+0000][1][gc,cpu       ] GC(5) User=0.00s Sys=0.00s Real=0.01s
[2020-09-10T17:32:32.129+0000][1][gc           ] GC(5) Concurrent Reset
[2020-09-10T17:32:32.138+0000][1][safepoint    ] Safepoint "RevokeBias", Time since last: 30523361 ns, Reaching safepoint: 330593 ns, At safepoint: 39337 ns, Total: 369930 ns
[2020-09-10T17:32:32.175+0000][1][gc           ] GC(5) Concurrent Reset 46.211ms
[2020-09-10T17:32:32.175+0000][1][gc,cpu       ] GC(5) User=0.01s Sys=0.00s Real=0.04s
[2020-09-10T17:32:32.175+0000][1][gc,heap      ] GC(5) Old: 8351K->11010K(2011968K)
[2020-09-10T17:32:32.355+0000][1][gc,start     ] GC(7) Pause Young (Allocation Failure)
[2020-09-10T17:32:32.355+0000][1][gc,task      ] GC(7) Using 1 workers of 1 for evacuation
[2020-09-10T17:32:32.410+0000][1][gc,age       ] GC(7) Desired survivor size 4358144 bytes, new threshold 6 (max threshold 6)
[2020-09-10T17:32:32.410+0000][1][gc,age       ] GC(7) Age table with threshold 6 (max threshold 6)
[2020-09-10T17:32:32.410+0000][1][gc,age       ] GC(7) - age   1:     664288 bytes,     664288 total
[2020-09-10T17:32:32.410+0000][1][gc,age       ] GC(7) - age   2:    1526096 bytes,    2190384 total
[2020-09-10T17:32:32.410+0000][1][gc,age       ] GC(7) - age   3:    1251960 bytes,    3442344 total
[2020-09-10T17:32:32.410+0000][1][gc,age       ] GC(7) - age   4:     319056 bytes,    3761400 total
[2020-09-10T17:32:32.410+0000][1][gc,heap      ] GC(7) ParNew: 72944K->3969K(76672K)
[2020-09-10T17:32:32.410+0000][1][gc,heap      ] GC(7) CMS: 11010K->11010K(2011968K)
[2020-09-10T17:32:32.410+0000][1][gc,metaspace ] GC(7) Metaspace: 21216K->21216K(1069056K)
[2020-09-10T17:32:32.410+0000][1][gc           ] GC(7) Pause Young (Allocation Failure) 81M->14M(2039M) 54.996ms
[2020-09-10T17:32:32.410+0000][1][gc,cpu       ] GC(7) User=0.01s Sys=0.00s Real=0.06s
[2020-09-10T17:32:32.435+0000][1][safepoint    ] Safepoint "GenCollectForAllocation", Time since last: 208197527 ns, Reaching safepoint: 8785900 ns, At safepoint: 80017876 ns, Total: 88803776 ns
[2020-09-10T17:32:32.467+0000][1][safepoint    ] Safepoint "RevokeBias", Time since last: 15457566 ns, Reaching safepoint: 505098 ns, At safepoint: 16008932 ns, Total: 16514030 ns
[2020-09-10T17:32:32.467+0000][1][safepoint    ] Safepoint "RevokeBias", Time since last: 66234 ns, Reaching safepoint: 99187 ns, At safepoint: 28455 ns, Total: 127642 ns
[2020-09-10T17:32:32.490+0000][1][safepoint    ] Safepoint "RevokeBias", Time since last: 19846350 ns, Reaching safepoint: 2945825 ns, At safepoint: 57901 ns, Total: 3003726 ns
[2020-09-10T17:32:32.490+0000][1][safepoint    ] Safepoint "BulkRevokeBias", Time since last: 75238 ns, Reaching safepoint: 92270 ns, At safepoint: 55539 ns, Total: 147809 ns
[2020-09-10T17:32:32.531+0000][1][safepoint    ] Safepoint "RevokeBias", Time since last: 38180645 ns, Reaching safepoint: 2609864 ns, At safepoint: 39387 ns, Total: 2649251 ns
[2020-09-10T17:32:32.572+0000][1][safepoint    ] Safepoint "RevokeBias", Time since last: 39050760 ns, Reaching safepoint: 2265052 ns, At safepoint: 41392 ns, Total: 2306444 ns
[2020-09-10T17:32:32.920+0000][1][safepoint    ] Safepoint "RevokeBias", Time since last: 346527733 ns, Reaching safepoint: 1679139 ns, At safepoint: 40241 ns, Total: 1719380 ns
[2020-09-10T17:32:32.982+0000][1][safepoint    ] Safepoint "RevokeBias", Time since last: 61422206 ns, Reaching safepoint: 99944 ns, At safepoint: 37616 ns, Total: 137560 ns
[2020-09-10T17:32:33.016+0000][1][safepoint    ] Safepoint "RevokeBias", Time since last: 33685016 ns, Reaching safepoint: 94888 ns, At safepoint: 36006 ns, Total: 130894 ns
[2020-09-10T17:32:33.279+0000][1][gc,start     ] GC(8) Pause Young (Allocation Failure)
[2020-09-10T17:32:33.279+0000][1][gc,task      ] GC(8) Using 1 workers of 1 for evacuation
[2020-09-10T17:32:33.359+0000][1][gc,age       ] GC(8) Desired survivor size 4358144 bytes, new threshold 4 (max threshold 6)
[2020-09-10T17:32:33.359+0000][1][gc,age       ] GC(8) Age table with threshold 4 (max threshold 6)
[2020-09-10T17:32:33.359+0000][1][gc,age       ] GC(8) - age   1:    1619744 bytes,    1619744 total
[2020-09-10T17:32:33.359+0000][1][gc,age       ] GC(8) - age   2:     446088 bytes,    2065832 total
[2020-09-10T17:32:33.359+0000][1][gc,age       ] GC(8) - age   3:    1524160 bytes,    3589992 total
[2020-09-10T17:32:33.359+0000][1][gc,age       ] GC(8) - age   4:    1251304 bytes,    4841296 total
[2020-09-10T17:32:33.359+0000][1][gc,age       ] GC(8) - age   5:     319056 bytes,    5160352 total
[2020-09-10T17:32:33.359+0000][1][gc,heap      ] GC(8) ParNew: 72129K->7494K(76672K)
[2020-09-10T17:32:33.359+0000][1][gc,heap      ] GC(8) CMS: 11010K->11010K(2011968K)
[2020-09-10T17:32:33.359+0000][1][gc,metaspace ] GC(8) Metaspace: 21404K->21404K(1069056K)
[2020-09-10T17:32:33.359+0000][1][gc           ] GC(8) Pause Young (Allocation Failure) 81M->18M(2039M) 80.031ms
[2020-09-10T17:32:33.359+0000][1][gc,cpu       ] GC(8) User=0.02s Sys=0.00s Real=0.08s
[2020-09-10T17:32:33.379+0000][1][safepoint    ] Safepoint "GenCollectForAllocation", Time since last: 262930255 ns, Reaching safepoint: 99531 ns, At safepoint: 99907864 ns, Total: 100007395 ns
[2020-09-10T17:32:33.398+0000][1][safepoint    ] Safepoint "BulkRevokeBias", Time since last: 14150069 ns, Reaching safepoint: 5283765 ns, At safepoint: 61812 ns, Total: 5345577 ns
[2020-09-10T17:32:33.479+0000][1][safepoint    ] Safepoint "RevokeBias", Time since last: 80496431 ns, Reaching safepoint: 101506 ns, At safepoint: 36931 ns, Total: 138437 ns
[2020-09-10T17:32:33.486+0000][1][safepoint    ] Safepoint "RevokeBias", Time since last: 6685802 ns, Reaching safepoint: 96114 ns, At safepoint: 31202 ns, Total: 127316 ns
[2020-09-10T17:32:33.763+0000][1][safepoint    ] Safepoint "RevokeBias", Time since last: 273453198 ns, Reaching safepoint: 3588101 ns, At safepoint: 37450 ns, Total: 3625551 ns
[2020-09-10T17:32:33.773+0000][1][safepoint    ] Safepoint "RevokeBias", Time since last: 10033833 ns, Reaching safepoint: 100145 ns, At safepoint: 38998 ns, Total: 139143 ns
[2020-09-10T17:32:34.100+0000][1][safepoint    ] Safepoint "RevokeBias", Time since last: 326899446 ns, Reaching safepoint: 93341 ns, At safepoint: 29795 ns, Total: 123136 ns
[2020-09-10T17:32:34.119+0000][1][gc,start     ] GC(9) Pause Young (Allocation Failure)
[2020-09-10T17:32:34.120+0000][1][gc,task      ] GC(9) Using 1 workers of 1 for evacuation
[2020-09-10T17:32:34.200+0000][1][gc,age       ] GC(9) Desired survivor size 4358144 bytes, new threshold 6 (max threshold 6)
[2020-09-10T17:32:34.200+0000][1][gc,age       ] GC(9) Age table with threshold 6 (max threshold 6)
[2020-09-10T17:32:34.200+0000][1][gc,age       ] GC(9) - age   1:     137504 bytes,     137504 total
[2020-09-10T17:32:34.200+0000][1][gc,age       ] GC(9) - age   2:     829128 bytes,     966632 total
[2020-09-10T17:32:34.200+0000][1][gc,age       ] GC(9) - age   3:     446008 bytes,    1412640 total
[2020-09-10T17:32:34.200+0000][1][gc,age       ] GC(9) - age   4:    1524160 bytes,    2936800 total
[2020-09-10T17:32:34.200+0000][1][gc,heap      ] GC(9) ParNew: 75654K->4716K(76672K)
[2020-09-10T17:32:34.200+0000][1][gc,heap      ] GC(9) CMS: 11010K->12561K(2011968K)
[2020-09-10T17:32:34.200+0000][1][gc,metaspace ] GC(9) Metaspace: 21509K->21509K(1069056K)
[2020-09-10T17:32:34.200+0000][1][gc           ] GC(9) Pause Young (Allocation Failure) 84M->16M(2039M) 80.731ms
[2020-09-10T17:32:34.200+0000][1][gc,cpu       ] GC(9) User=0.02s Sys=0.00s Real=0.08s
[2020-09-10T17:32:34.232+0000][1][safepoint    ] Safepoint "GenCollectForAllocation", Time since last: 19406627 ns, Reaching safepoint: 106142 ns, At safepoint: 112724676 ns, Total: 112830818 ns
[2020-09-10T17:32:34.243+0000][1][safepoint    ] Safepoint "RevokeBias", Time since last: 10894258 ns, Reaching safepoint: 31645 ns, At safepoint: 48954 ns, Total: 80599 ns
[2020-09-10T17:32:34.403+0000][1][safepoint    ] Safepoint "RevokeBias", Time since last: 159539426 ns, Reaching safepoint: 108397 ns, At safepoint: 40052 ns, Total: 148449 ns
[2020-09-10T17:32:34.415+0000][1][safepoint    ] Safepoint "RevokeBias", Time since last: 11866258 ns, Reaching safepoint: 103440 ns, At safepoint: 36885 ns, Total: 140325 ns
[2020-09-10T17:32:34.717+0000][1][safepoint    ] Safepoint "RevokeBias", Time since last: 301717304 ns, Reaching safepoint: 111732 ns, At safepoint: 35714 ns, Total: 147446 ns
[2020-09-10T17:32:34.743+0000][1][safepoint    ] Safepoint "RevokeBias", Time since last: 25986388 ns, Reaching safepoint: 102817 ns, At safepoint: 53647 ns, Total: 156464 ns
[2020-09-10T17:32:34.771+0000][1][safepoint    ] Safepoint "RevokeBias", Time since last: 27849958 ns, Reaching safepoint: 102970 ns, At safepoint: 37304 ns, Total: 140274 ns
[2020-09-10T17:32:34.984+0000][1][safepoint    ] Safepoint "RevokeBias", Time since last: 213251902 ns, Reaching safepoint: 100436 ns, At safepoint: 31793 ns, Total: 132229 ns
[2020-09-10T17:32:35.003+0000][1][gc,start     ] GC(10) Pause Young (Allocation Failure)
[2020-09-10T17:32:35.003+0000][1][gc,task      ] GC(10) Using 1 workers of 1 for evacuation
[2020-09-10T17:32:35.116+0000][1][gc,age       ] GC(10) Desired survivor size 4358144 bytes, new threshold 6 (max threshold 6)
[2020-09-10T17:32:35.116+0000][1][gc,age       ] GC(10) Age table with threshold 6 (max threshold 6)
[2020-09-10T17:32:35.116+0000][1][gc,age       ] GC(10) - age   1:     438480 bytes,     438480 total
[2020-09-10T17:32:35.116+0000][1][gc,age       ] GC(10) - age   2:     119328 bytes,     557808 total
[2020-09-10T17:32:35.116+0000][1][gc,age       ] GC(10) - age   3:     829128 bytes,    1386936 total
[2020-09-10T17:32:35.116+0000][1][gc,age       ] GC(10) - age   4:     445984 bytes,    1832920 total
[2020-09-10T17:32:35.116+0000][1][gc,age       ] GC(10) - age   5:    1524136 bytes,    3357056 total
[2020-09-10T17:32:35.116+0000][1][gc,heap      ] GC(10) ParNew: 72876K->3330K(76672K)
[2020-09-10T17:32:35.116+0000][1][gc,heap      ] GC(10) CMS: 12561K->12561K(2011968K)
[2020-09-10T17:32:35.116+0000][1][gc,metaspace ] GC(10) Metaspace: 21656K->21656K(1069056K)
[2020-09-10T17:32:35.116+0000][1][gc           ] GC(10) Pause Young (Allocation Failure) 83M->15M(2039M) 113.293ms
[2020-09-10T17:32:35.116+0000][1][gc,cpu       ] GC(10) User=0.02s Sys=0.00s Real=0.11s
[2020-09-10T17:32:35.124+0000][1][safepoint    ] Safepoint "GenCollectForAllocation", Time since last: 18469964 ns, Reaching safepoint: 109406 ns, At safepoint: 120942329 ns, Total: 121051735 ns
[2020-09-10T17:32:35.124+0000][1][safepoint    ] Safepoint "RevokeBias", Time since last: 688151 ns, Reaching safepoint: 21502 ns, At safepoint: 36479 ns, Total: 57981 ns
[2020-09-10T17:32:35.313+0000][1][safepoint    ] Safepoint "RevokeBias", Time since last: 188046360 ns, Reaching safepoint: 94089 ns, At safepoint: 32835 ns, Total: 126924 ns
[2020-09-10T17:32:35.340+0000][1][safepoint    ] Safepoint "RevokeBias", Time since last: 27259137 ns, Reaching safepoint: 92053 ns, At safepoint: 29995 ns, Total: 122048 ns
[2020-09-10T17:32:35.899+0000][1][safepoint    ] Safepoint "RevokeBias", Time since last: 558948171 ns, Reaching safepoint: 102126 ns, At safepoint: 33165 ns, Total: 135291 ns
[2020-09-10T17:32:35.907+0000][1][safepoint    ] Safepoint "RevokeBias", Time since last: 7572817 ns, Reaching safepoint: 103440 ns, At safepoint: 35296 ns, Total: 138736 ns
[2020-09-10T17:32:35.908+0000][1][safepoint    ] Safepoint "RevokeBias", Time since last: 1099652 ns, Reaching safepoint: 83897 ns, At safepoint: 24135 ns, Total: 108032 ns
[2020-09-10T17:32:35.962+0000][1][safepoint    ] Safepoint "RevokeBias", Time since last: 49676411 ns, Reaching safepoint: 4424356 ns, At safepoint: 45004 ns, Total: 4469360 ns
[2020-09-10T17:32:35.991+0000][1][safepoint    ] Safepoint "RevokeBias", Time since last: 28520912 ns, Reaching safepoint: 104128 ns, At safepoint: 35885 ns, Total: 140013 ns
[2020-09-10T17:32:35.999+0000][1][safepoint    ] Safepoint "RevokeBias", Time since last: 8263866 ns, Reaching safepoint: 103194 ns, At safepoint: 37577 ns, Total: 140771 ns
[2020-09-10T17:32:36.223+0000][1][safepoint    ] Safepoint "RevokeBias", Time since last: 223427787 ns, Reaching safepoint: 104482 ns, At safepoint: 37503 ns, Total: 141985 ns
[2020-09-10T17:32:36.226+0000][1][safepoint    ] Safepoint "RevokeBias", Time since last: 3244252 ns, Reaching safepoint: 89166 ns, At safepoint: 28960 ns, Total: 118126 ns
[2020-09-10T17:32:36.355+0000][1][gc,start     ] GC(11) Pause Young (Allocation Failure)
[2020-09-10T17:32:36.355+0000][1][gc,task      ] GC(11) Using 1 workers of 1 for evacuation
[2020-09-10T17:32:36.511+0000][1][gc,age       ] GC(11) Desired survivor size 4358144 bytes, new threshold 6 (max threshold 6)
[2020-09-10T17:32:36.511+0000][1][gc,age       ] GC(11) Age table with threshold 6 (max threshold 6)
[2020-09-10T17:32:36.511+0000][1][gc,age       ] GC(11) - age   1:    2204808 bytes,    2204808 total
[2020-09-10T17:32:36.511+0000][1][gc,age       ] GC(11) - age   2:     405760 bytes,    2610568 total
[2020-09-10T17:32:36.511+0000][1][gc,age       ] GC(11) - age   3:     119328 bytes,    2729896 total
[2020-09-10T17:32:36.511+0000][1][gc,age       ] GC(11) - age   4:     829128 bytes,    3559024 total
[2020-09-10T17:32:36.511+0000][1][gc,age       ] GC(11) - age   5:     445984 bytes,    4005008 total
[2020-09-10T17:32:36.511+0000][1][gc,age       ] GC(11) - age   6:    1523848 bytes,    5528856 total
[2020-09-10T17:32:36.511+0000][1][gc,heap      ] GC(11) ParNew: 71490K->6582K(76672K)
[2020-09-10T17:32:36.512+0000][1][gc,heap      ] GC(11) CMS: 12561K->12561K(2011968K)
[2020-09-10T17:32:36.512+0000][1][gc,metaspace ] GC(11) Metaspace: 22567K->22567K(1071104K)
[2020-09-10T17:32:36.512+0000][1][gc           ] GC(11) Pause Young (Allocation Failure) 82M->18M(2039M) 156.730ms
[2020-09-10T17:32:36.512+0000][1][gc,cpu       ] GC(11) User=0.04s Sys=0.00s Real=0.16s
[2020-09-10T17:32:36.512+0000][1][safepoint    ] Safepoint "GenCollectForAllocation", Time since last: 128512697 ns, Reaching safepoint: 102980 ns, At safepoint: 156802477 ns, Total: 156905457 ns
[2020-09-10T17:32:36.572+0000][1][safepoint    ] Safepoint "RevokeBias", Time since last: 59929747 ns, Reaching safepoint: 92856 ns, At safepoint: 30832 ns, Total: 123688 ns
[2020-09-10T17:32:36.599+0000][1][safepoint    ] Safepoint "RevokeBias", Time since last: 27032205 ns, Reaching safepoint: 95335 ns, At safepoint: 35704 ns, Total: 131039 ns
[2020-09-10T17:32:36.839+0000][1][safepoint    ] Safepoint "RevokeBias", Time since last: 239865640 ns, Reaching safepoint: 99623 ns, At safepoint: 39287 ns, Total: 138910 ns
[2020-09-10T17:32:36.863+0000][1][safepoint    ] Safepoint "RevokeBias", Time since last: 23877060 ns, Reaching safepoint: 102213 ns, At safepoint: 38523 ns, Total: 140736 ns
[2020-09-10T17:32:37.015+0000][1][safepoint    ] Safepoint "RevokeBias", Time since last: 151845812 ns, Reaching safepoint: 106938 ns, At safepoint: 39353 ns, Total: 146291 ns
[2020-09-10T17:32:37.047+0000][1][safepoint    ] Safepoint "RevokeBias", Time since last: 31868546 ns, Reaching safepoint: 105181 ns, At safepoint: 38890 ns, Total: 144071 ns
[2020-09-10T17:32:37.183+0000][1][gc,start     ] GC(12) Pause Young (Allocation Failure)
[2020-09-10T17:32:37.183+0000][1][gc,task      ] GC(12) Using 1 workers of 1 for evacuation
[2020-09-10T17:32:37.260+0000][1][gc,age       ] GC(12) Desired survivor size 4358144 bytes, new threshold 6 (max threshold 6)
[2020-09-10T17:32:37.260+0000][1][gc,age       ] GC(12) Age table with threshold 6 (max threshold 6)
[2020-09-10T17:32:37.260+0000][1][gc,age       ] GC(12) - age   1:     708136 bytes,     708136 total
[2020-09-10T17:32:37.260+0000][1][gc,age       ] GC(12) - age   2:     568752 bytes,    1276888 total
[2020-09-10T17:32:37.260+0000][1][gc,age       ] GC(12) - age   3:     405760 bytes,    1682648 total
[2020-09-10T17:32:37.260+0000][1][gc,age       ] GC(12) - age   4:     119224 bytes,    1801872 total
[2020-09-10T17:32:37.260+0000][1][gc,age       ] GC(12) - age   5:     828984 bytes,    2630856 total
[2020-09-10T17:32:37.260+0000][1][gc,age       ] GC(12) - age   6:     445840 bytes,    3076696 total
[2020-09-10T17:32:37.260+0000][1][gc,heap      ] GC(12) ParNew: 74742K->4872K(76672K)
[2020-09-10T17:32:37.260+0000][1][gc,heap      ] GC(12) CMS: 12561K->14061K(2011968K)
[2020-09-10T17:32:37.260+0000][1][gc,metaspace ] GC(12) Metaspace: 22592K->22592K(1071104K)
[2020-09-10T17:32:37.260+0000][1][gc           ] GC(12) Pause Young (Allocation Failure) 85M->18M(2039M) 77.563ms
[2020-09-10T17:32:37.260+0000][1][gc,cpu       ] GC(12) User=0.02s Sys=0.00s Real=0.08s
[2020-09-10T17:32:37.291+0000][1][safepoint    ] Safepoint "GenCollectForAllocation", Time since last: 131834181 ns, Reaching safepoint: 4016914 ns, At safepoint: 108006975 ns, Total: 112023889 ns
[2020-09-10T17:32:37.343+0000][1][safepoint    ] Safepoint "RevokeBias", Time since last: 52414214 ns, Reaching safepoint: 93685 ns, At safepoint: 48537 ns, Total: 142222 ns
[2020-09-10T17:32:37.843+0000][1][gc,start     ] GC(13) Pause Young (Allocation Failure)
[2020-09-10T17:32:37.843+0000][1][gc,task      ] GC(13) Using 1 workers of 1 for evacuation
[2020-09-10T17:32:37.924+0000][1][gc,age       ] GC(13) Desired survivor size 4358144 bytes, new threshold 6 (max threshold 6)
[2020-09-10T17:32:37.924+0000][1][gc,age       ] GC(13) Age table with threshold 6 (max threshold 6)
[2020-09-10T17:32:37.924+0000][1][gc,age       ] GC(13) - age   1:    2083288 bytes,    2083288 total
[2020-09-10T17:32:37.924+0000][1][gc,age       ] GC(13) - age   2:     207136 bytes,    2290424 total
[2020-09-10T17:32:37.924+0000][1][gc,age       ] GC(13) - age   3:     568640 bytes,    2859064 total
[2020-09-10T17:32:37.924+0000][1][gc,age       ] GC(13) - age   4:     405760 bytes,    3264824 total
[2020-09-10T17:32:37.924+0000][1][gc,age       ] GC(13) - age   5:     119224 bytes,    3384048 total
[2020-09-10T17:32:37.924+0000][1][gc,age       ] GC(13) - age   6:     828984 bytes,    4213032 total
[2020-09-10T17:32:37.924+0000][1][gc,heap      ] GC(13) ParNew: 73032K->6943K(76672K)
[2020-09-10T17:32:37.924+0000][1][gc,heap      ] GC(13) CMS: 14061K->14501K(2011968K)
[2020-09-10T17:32:37.924+0000][1][gc,metaspace ] GC(13) Metaspace: 22605K->22605K(1071104K)
[2020-09-10T17:32:37.924+0000][1][gc           ] GC(13) Pause Young (Allocation Failure) 85M->20M(2039M) 81.016ms
[2020-09-10T17:32:37.924+0000][1][gc,cpu       ] GC(13) User=0.02s Sys=0.00s Real=0.08s
[2020-09-10T17:32:37.939+0000][1][safepoint    ] Safepoint "GenCollectForAllocation", Time since last: 498283847 ns, Reaching safepoint: 1188876 ns, At safepoint: 96314452 ns, Total: 97503328 ns
[2020-09-10T17:32:38.707+0000][1][gc,start     ] GC(14) Pause Young (Allocation Failure)
[2020-09-10T17:32:38.707+0000][1][gc,task      ] GC(14) Using 1 workers of 1 for evacuation
[2020-09-10T17:32:38.817+0000][1][gc,age       ] GC(14) Desired survivor size 4358144 bytes, new threshold 6 (max threshold 6)
[2020-09-10T17:32:38.817+0000][1][gc,age       ] GC(14) Age table with threshold 6 (max threshold 6)
[2020-09-10T17:32:38.817+0000][1][gc,age       ] GC(14) - age   1:     895960 bytes,     895960 total
[2020-09-10T17:32:38.817+0000][1][gc,age       ] GC(14) - age   2:      67520 bytes,     963480 total
[2020-09-10T17:32:38.817+0000][1][gc,age       ] GC(14) - age   3:     207136 bytes,    1170616 total
[2020-09-10T17:32:38.817+0000][1][gc,age       ] GC(14) - age   4:     568640 bytes,    1739256 total
[2020-09-10T17:32:38.817+0000][1][gc,age       ] GC(14) - age   5:     405760 bytes,    2145016 total
[2020-09-10T17:32:38.817+0000][1][gc,age       ] GC(14) - age   6:     119224 bytes,    2264240 total
[2020-09-10T17:32:38.817+0000][1][gc,heap      ] GC(14) ParNew: 75103K->2410K(76672K)
[2020-09-10T17:32:38.817+0000][1][gc,heap      ] GC(14) CMS: 14501K->15316K(2011968K)
[2020-09-10T17:32:38.817+0000][1][gc,metaspace ] GC(14) Metaspace: 22772K->22772K(1071104K)
[2020-09-10T17:32:38.817+0000][1][gc           ] GC(14) Pause Young (Allocation Failure) 87M->17M(2039M) 110.498ms
[2020-09-10T17:32:38.817+0000][1][gc,cpu       ] GC(14) User=0.03s Sys=0.00s Real=0.10s
[2020-09-10T17:32:38.843+0000][1][safepoint    ] Safepoint "GenCollectForAllocation", Time since last: 767649200 ns, Reaching safepoint: 110021 ns, At safepoint: 135911880 ns, Total: 136021901 ns
[2020-09-10T17:32:39.494+0000][1][gc,start     ] GC(15) Pause Young (Allocation Failure)
[2020-09-10T17:32:39.495+0000][1][gc,task      ] GC(15) Using 1 workers of 1 for evacuation
[2020-09-10T17:32:39.569+0000][1][gc,age       ] GC(15) Desired survivor size 4358144 bytes, new threshold 6 (max threshold 6)
[2020-09-10T17:32:39.569+0000][1][gc,age       ] GC(15) Age table with threshold 6 (max threshold 6)
[2020-09-10T17:32:39.569+0000][1][gc,age       ] GC(15) - age   1:     209392 bytes,     209392 total
[2020-09-10T17:32:39.569+0000][1][gc,age       ] GC(15) - age   2:     346728 bytes,     556120 total
[2020-09-10T17:32:39.569+0000][1][gc,age       ] GC(15) - age   3:      67520 bytes,     623640 total
[2020-09-10T17:32:39.569+0000][1][gc,age       ] GC(15) - age   4:     207136 bytes,     830776 total
[2020-09-10T17:32:39.569+0000][1][gc,age       ] GC(15) - age   5:     568640 bytes,    1399416 total
[2020-09-10T17:32:39.569+0000][1][gc,age       ] GC(15) - age   6:     405760 bytes,    1805176 total
[2020-09-10T17:32:39.569+0000][1][gc,heap      ] GC(15) ParNew: 70570K->2261K(76672K)
[2020-09-10T17:32:39.569+0000][1][gc,heap      ] GC(15) CMS: 15316K->15436K(2011968K)
[2020-09-10T17:32:39.569+0000][1][gc,metaspace ] GC(15) Metaspace: 22858K->22858K(1071104K)
[2020-09-10T17:32:39.569+0000][1][gc           ] GC(15) Pause Young (Allocation Failure) 83M->17M(2039M) 74.804ms
[2020-09-10T17:32:39.569+0000][1][gc,cpu       ] GC(15) User=0.02s Sys=0.00s Real=0.08s
[2020-09-10T17:32:39.591+0000][1][safepoint    ] Safepoint "GenCollectForAllocation", Time since last: 651620576 ns, Reaching safepoint: 103392 ns, At safepoint: 96258104 ns, Total: 96361496 ns
[2020-09-10T17:32:40.153+0000][1][gc,start     ] GC(16) Pause Young (Allocation Failure)
[2020-09-10T17:32:40.153+0000][1][gc,task      ] GC(16) Using 1 workers of 1 for evacuation
[2020-09-10T17:32:40.278+0000][1][gc,age       ] GC(16) Desired survivor size 4358144 bytes, new threshold 6 (max threshold 6)
[2020-09-10T17:32:40.278+0000][1][gc,age       ] GC(16) Age table with threshold 6 (max threshold 6)
[2020-09-10T17:32:40.278+0000][1][gc,age       ] GC(16) - age   1:    1844912 bytes,    1844912 total
[2020-09-10T17:32:40.278+0000][1][gc,age       ] GC(16) - age   2:     170384 bytes,    2015296 total
[2020-09-10T17:32:40.278+0000][1][gc,age       ] GC(16) - age   3:     346728 bytes,    2362024 total
[2020-09-10T17:32:40.278+0000][1][gc,age       ] GC(16) - age   4:      67520 bytes,    2429544 total
[2020-09-10T17:32:40.278+0000][1][gc,age       ] GC(16) - age   5:     206984 bytes,    2636528 total
[2020-09-10T17:32:40.278+0000][1][gc,age       ] GC(16) - age   6:     568640 bytes,    3205168 total
[2020-09-10T17:32:40.278+0000][1][gc,heap      ] GC(16) ParNew: 70421K->3774K(76672K)
[2020-09-10T17:32:40.278+0000][1][gc,heap      ] GC(16) CMS: 15436K->15837K(2011968K)
[2020-09-10T17:32:40.278+0000][1][gc,metaspace ] GC(16) Metaspace: 22875K->22875K(1071104K)
[2020-09-10T17:32:40.278+0000][1][gc           ] GC(16) Pause Young (Allocation Failure) 83M->19M(2039M) 124.336ms
[2020-09-10T17:32:40.278+0000][1][gc,cpu       ] GC(16) User=0.03s Sys=0.00s Real=0.12s
[2020-09-10T17:32:40.296+0000][1][safepoint    ] Safepoint "GenCollectForAllocation", Time since last: 562578669 ns, Reaching safepoint: 104754 ns, At safepoint: 143010937 ns, Total: 143115691 ns
[2020-09-10T17:32:40.420+0000][1][safepoint    ] Safepoint "Deoptimize", Time since last: 123664379 ns, Reaching safepoint: 108837 ns, At safepoint: 196082 ns, Total: 304919 ns
[2020-09-10T17:32:41.432+0000][1][safepoint    ] Safepoint "Cleanup", Time since last: 1010311793 ns, Reaching safepoint: 922943 ns, At safepoint: 6433 ns, Total: 929376 ns
[2020-09-10T17:32:42.179+0000][1][safepoint    ] Safepoint "RevokeBias", Time since last: 747068726 ns, Reaching safepoint: 240442 ns, At safepoint: 17058 ns, Total: 257500 ns
[2020-09-10T17:32:42.179+0000][1][safepoint    ] Safepoint "RevokeBias", Time since last: 75537 ns, Reaching safepoint: 79376 ns, At safepoint: 12480 ns, Total: 91856 ns
[2020-09-10T17:32:42.179+0000][1][safepoint    ] Safepoint "RevokeBias", Time since last: 42751 ns, Reaching safepoint: 78457 ns, At safepoint: 8444 ns, Total: 86901 ns
[2020-09-10T17:32:43.315+0000][1][safepoint    ] Safepoint "Cleanup", Time since last: 1135443056 ns, Reaching safepoint: 204668 ns, At safepoint: 18622 ns, Total: 223290 ns
[2020-09-10T17:32:43.875+0000][1][safepoint    ] Safepoint "Deoptimize", Time since last: 560066452 ns, Reaching safepoint: 111596 ns, At safepoint: 215568 ns, Total: 327164 ns
[2020-09-10T17:32:44.023+0000][1][safepoint    ] Safepoint "Deoptimize", Time since last: 146748340 ns, Reaching safepoint: 517404 ns, At safepoint: 237791 ns, Total: 755195 ns
[2020-09-10T17:32:45.023+0000][1][safepoint    ] Safepoint "Cleanup", Time since last: 1000102511 ns, Reaching safepoint: 229065 ns, At safepoint: 7984 ns, Total: 237049 ns
[2020-09-10T17:32:46.023+0000][1][safepoint    ] Safepoint "Cleanup", Time since last: 1000102882 ns, Reaching safepoint: 39646 ns, At safepoint: 4840 ns, Total: 44486 ns
[2020-09-10T17:32:47.025+0000][1][safepoint    ] Safepoint "Cleanup", Time since last: 1001812602 ns, Reaching safepoint: 207967 ns, At safepoint: 7396 ns, Total: 215363 ns
[2020-09-10T17:32:47.856+0000][1][gc,start     ] GC(17) Pause Young (Allocation Failure)
[2020-09-10T17:32:47.856+0000][1][gc,task      ] GC(17) Using 1 workers of 1 for evacuation
[2020-09-10T17:32:48.019+0000][1][gc,age       ] GC(17) Desired survivor size 4358144 bytes, new threshold 1 (max threshold 6)
[2020-09-10T17:32:48.019+0000][1][gc,age       ] GC(17) Age table with threshold 1 (max threshold 6)
[2020-09-10T17:32:48.019+0000][1][gc,age       ] GC(17) - age   1:    6946368 bytes,    6946368 total
[2020-09-10T17:32:48.019+0000][1][gc,age       ] GC(17) - age   2:      90600 bytes,    7036968 total
[2020-09-10T17:32:48.019+0000][1][gc,age       ] GC(17) - age   3:     169952 bytes,    7206920 total
[2020-09-10T17:32:48.019+0000][1][gc,age       ] GC(17) - age   4:     346352 bytes,    7553272 total
[2020-09-10T17:32:48.019+0000][1][gc,age       ] GC(17) - age   5:      67520 bytes,    7620792 total
[2020-09-10T17:32:48.019+0000][1][gc,age       ] GC(17) - age   6:     206984 bytes,    7827776 total
[2020-09-10T17:32:48.019+0000][1][gc,heap      ] GC(17) ParNew: 71934K->8458K(76672K)
[2020-09-10T17:32:48.019+0000][1][gc,heap      ] GC(17) CMS: 15837K->16398K(2011968K)
[2020-09-10T17:32:48.019+0000][1][gc,metaspace ] GC(17) Metaspace: 29656K->29656K(1077248K)
[2020-09-10T17:32:48.019+0000][1][gc           ] GC(17) Pause Young (Allocation Failure) 85M->24M(2039M) 163.167ms
[2020-09-10T17:32:48.019+0000][1][gc,cpu       ] GC(17) User=0.04s Sys=0.00s Real=0.17s
[2020-09-10T17:32:48.032+0000][1][safepoint    ] Safepoint "GenCollectForAllocation", Time since last: 830317286 ns, Reaching safepoint: 115701 ns, At safepoint: 176268672 ns, Total: 176384373 ns
[2020-09-10T17:32:49.070+0000][1][safepoint    ] Safepoint "Cleanup", Time since last: 1034656855 ns, Reaching safepoint: 3255273 ns, At safepoint: 9433 ns, Total: 3264706 ns
[2020-09-10T17:32:50.070+0000][1][safepoint    ] Safepoint "Cleanup", Time since last: 1000120086 ns, Reaching safepoint: 113432 ns, At safepoint: 6510 ns, Total: 119942 ns
[2020-09-10T17:32:52.075+0000][1][safepoint    ] Safepoint "Cleanup", Time since last: 2004521053 ns, Reaching safepoint: 125219 ns, At safepoint: 6045 ns, Total: 131264 ns
[2020-09-10T17:32:53.088+0000][1][safepoint    ] Safepoint "Cleanup", Time since last: 1003861164 ns, Reaching safepoint: 9108226 ns, At safepoint: 9843 ns, Total: 9118069 ns
[2020-09-10T17:32:54.071+0000][1][gc,start     ] GC(18) Pause Young (Allocation Failure)
[2020-09-10T17:32:54.071+0000][1][gc,task      ] GC(18) Using 1 workers of 1 for evacuation
[2020-09-10T17:32:54.308+0000][1][gc,age       ] GC(18) Desired survivor size 4358144 bytes, new threshold 1 (max threshold 6)
[2020-09-10T17:32:54.308+0000][1][gc,age       ] GC(18) Age table with threshold 1 (max threshold 6)
[2020-09-10T17:32:54.308+0000][1][gc,age       ] GC(18) - age   1:    8716232 bytes,    8716232 total
[2020-09-10T17:32:54.308+0000][1][gc,heap      ] GC(18) ParNew: 76618K->8512K(76672K)
[2020-09-10T17:32:54.308+0000][1][gc,heap      ] GC(18) CMS: 16398K->24858K(2011968K)
[2020-09-10T17:32:54.308+0000][1][gc,metaspace ] GC(18) Metaspace: 29845K->29845K(1077248K)
[2020-09-10T17:32:54.308+0000][1][gc           ] GC(18) Pause Young (Allocation Failure) 90M->32M(2039M) 236.614ms
[2020-09-10T17:32:54.308+0000][1][gc,cpu       ] GC(18) User=0.06s Sys=0.00s Real=0.24s
[2020-09-10T17:32:54.347+0000][1][safepoint    ] Safepoint "GenCollectForAllocation", Time since last: 981761101 ns, Reaching safepoint: 1531682 ns, At safepoint: 275611398 ns, Total: 277143080 ns
[2020-09-10T17:32:55.375+0000][1][safepoint    ] Safepoint "Cleanup", Time since last: 1027965671 ns, Reaching safepoint: 121732 ns, At safepoint: 7033 ns, Total: 128765 ns
[2020-09-10T17:32:56.407+0000][1][safepoint    ] Safepoint "Cleanup", Time since last: 1015900630 ns, Reaching safepoint: 16004629 ns, At safepoint: 12432 ns, Total: 16017061 ns
[2020-09-10T17:32:58.432+0000][1][safepoint    ] Safepoint "Cleanup", Time since last: 2015945552 ns, Reaching safepoint: 9106748 ns, At safepoint: 11442 ns, Total: 9118190 ns
[2020-09-10T17:32:58.819+0000][1][gc,start     ] GC(19) Pause Young (Allocation Failure)
[2020-09-10T17:32:58.819+0000][1][gc,task      ] GC(19) Using 1 workers of 1 for evacuation
[2020-09-10T17:32:59.120+0000][1][gc,age       ] GC(19) Desired survivor size 4358144 bytes, new threshold 1 (max threshold 6)
[2020-09-10T17:32:59.120+0000][1][gc,age       ] GC(19) Age table with threshold 1 (max threshold 6)
[2020-09-10T17:32:59.120+0000][1][gc,age       ] GC(19) - age   1:    8293168 bytes,    8293168 total
[2020-09-10T17:32:59.120+0000][1][gc,heap      ] GC(19) ParNew: 76672K->8512K(76672K)
[2020-09-10T17:32:59.120+0000][1][gc,heap      ] GC(19) CMS: 24858K->33602K(2011968K)
[2020-09-10T17:32:59.120+0000][1][gc,metaspace ] GC(19) Metaspace: 29873K->29873K(1077248K)
[2020-09-10T17:32:59.120+0000][1][gc           ] GC(19) Pause Young (Allocation Failure) 99M->41M(2039M) 301.581ms
[2020-09-10T17:32:59.120+0000][1][gc,cpu       ] GC(19) User=0.07s Sys=0.00s Real=0.30s
[2020-09-10T17:32:59.147+0000][1][safepoint    ] Safepoint "GenCollectForAllocation", Time since last: 386961103 ns, Reaching safepoint: 102905 ns, At safepoint: 327862176 ns, Total: 327965081 ns
[2020-09-10T17:33:00.164+0000][1][safepoint    ] Safepoint "Cleanup", Time since last: 1017636717 ns, Reaching safepoint: 107804 ns, At safepoint: 5559 ns, Total: 113363 ns
[2020-09-10T17:33:01.171+0000][1][safepoint    ] Safepoint "Cleanup", Time since last: 1002209906 ns, Reaching safepoint: 4048051 ns, At safepoint: 10051 ns, Total: 4058102 ns
[2020-09-10T17:33:02.175+0000][1][safepoint    ] Safepoint "Cleanup", Time since last: 1000101941 ns, Reaching safepoint: 3909057 ns, At safepoint: 15720 ns, Total: 3924777 ns
[2020-09-10T17:33:02.862+0000][1][gc,start     ] GC(20) Pause Young (Allocation Failure)
[2020-09-10T17:33:02.863+0000][1][gc,task      ] GC(20) Using 1 workers of 1 for evacuation
[2020-09-10T17:33:03.021+0000][1][gc,age       ] GC(20) Desired survivor size 4358144 bytes, new threshold 1 (max threshold 6)
[2020-09-10T17:33:03.021+0000][1][gc,age       ] GC(20) Age table with threshold 1 (max threshold 6)
[2020-09-10T17:33:03.021+0000][1][gc,age       ] GC(20) - age   1:    4480544 bytes,    4480544 total
[2020-09-10T17:33:03.021+0000][1][gc,heap      ] GC(20) ParNew: 76672K->8072K(76672K)
[2020-09-10T17:33:03.021+0000][1][gc,heap      ] GC(20) CMS: 33602K->41202K(2011968K)
[2020-09-10T17:33:03.021+0000][1][gc,metaspace ] GC(20) Metaspace: 32053K->32053K(1079296K)
[2020-09-10T17:33:03.021+0000][1][gc           ] GC(20) Pause Young (Allocation Failure) 107M->48M(2039M) 158.739ms
[2020-09-10T17:33:03.021+0000][1][gc,cpu       ] GC(20) User=0.04s Sys=0.00s Real=0.16s
[2020-09-10T17:33:03.051+0000][1][safepoint    ] Safepoint "GenCollectForAllocation", Time since last: 685844228 ns, Reaching safepoint: 1878232 ns, At safepoint: 188245709 ns, Total: 190123941 ns
[2020-09-10T17:33:03.550+0000][1][safepoint    ] Safepoint "Deoptimize", Time since last: 495899016 ns, Reaching safepoint: 3117516 ns, At safepoint: 285956 ns, Total: 3403472 ns
[2020-09-10T17:33:04.550+0000][1][safepoint    ] Safepoint "Cleanup", Time since last: 1000143378 ns, Reaching safepoint: 124720 ns, At safepoint: 5634 ns, Total: 130354 ns
[2020-09-10T17:33:05.551+0000][1][safepoint    ] Safepoint "Cleanup", Time since last: 1000367746 ns, Reaching safepoint: 226165 ns, At safepoint: 6552 ns, Total: 232717 ns
[2020-09-10T17:33:06.557+0000][1][safepoint    ] Safepoint "Cleanup", Time since last: 1006182730 ns, Reaching safepoint: 201586 ns, At safepoint: 5917 ns, Total: 207503 ns
[2020-09-10T17:33:07.375+0000][1][safepoint    ] Safepoint "RevokeBias", Time since last: 817116014 ns, Reaching safepoint: 110505 ns, At safepoint: 28616 ns, Total: 139121 ns
[2020-09-10T17:33:07.391+0000][1][safepoint    ] Safepoint "Deoptimize", Time since last: 15626245 ns, Reaching safepoint: 513603 ns, At safepoint: 263098 ns, Total: 776701 ns
[2020-09-10T17:33:08.391+0000][1][safepoint    ] Safepoint "Cleanup", Time since last: 1000102753 ns, Reaching safepoint: 111438 ns, At safepoint: 6528 ns, Total: 117966 ns
[2020-09-10T17:33:08.484+0000][1][gc,start     ] GC(21) Pause Young (Allocation Failure)
[2020-09-10T17:33:08.484+0000][1][gc,task      ] GC(21) Using 1 workers of 1 for evacuation
[2020-09-10T17:33:08.690+0000][1][gc,age       ] GC(21) Desired survivor size 4358144 bytes, new threshold 6 (max threshold 6)
[2020-09-10T17:33:08.690+0000][1][gc,age       ] GC(21) Age table with threshold 6 (max threshold 6)
[2020-09-10T17:33:08.690+0000][1][gc,age       ] GC(21) - age   1:     986968 bytes,     986968 total
[2020-09-10T17:33:08.690+0000][1][gc,heap      ] GC(21) ParNew: 76232K->3658K(76672K)
[2020-09-10T17:33:08.690+0000][1][gc,heap      ] GC(21) CMS: 41202K->45503K(2011968K)
[2020-09-10T17:33:08.690+0000][1][gc,metaspace ] GC(21) Metaspace: 32346K->32346K(1079296K)
[2020-09-10T17:33:08.690+0000][1][gc           ] GC(21) Pause Young (Allocation Failure) 114M->48M(2039M) 206.576ms
[2020-09-10T17:33:08.690+0000][1][gc,cpu       ] GC(21) User=0.05s Sys=0.00s Real=0.21s
[2020-09-10T17:33:08.690+0000][1][safepoint    ] Safepoint "GenCollectForAllocation", Time since last: 92231107 ns, Reaching safepoint: 96599 ns, At safepoint: 206660200 ns, Total: 206756799 ns
[2020-09-10T17:33:09.719+0000][1][safepoint    ] Safepoint "Cleanup", Time since last: 1028503774 ns, Reaching safepoint: 113702 ns, At safepoint: 5872 ns, Total: 119574 ns
[2020-09-10T17:33:09.749+0000][1][gc,start     ] GC(22) Pause Young (Allocation Failure)
[2020-09-10T17:33:09.749+0000][1][gc,task      ] GC(22) Using 1 workers of 1 for evacuation
[2020-09-10T17:33:09.809+0000][1][gc,age       ] GC(22) Desired survivor size 4358144 bytes, new threshold 6 (max threshold 6)
[2020-09-10T17:33:09.809+0000][1][gc,age       ] GC(22) Age table with threshold 6 (max threshold 6)
[2020-09-10T17:33:09.809+0000][1][gc,age       ] GC(22) - age   1:     249504 bytes,     249504 total
[2020-09-10T17:33:09.809+0000][1][gc,age       ] GC(22) - age   2:     438128 bytes,     687632 total
[2020-09-10T17:33:09.809+0000][1][gc,heap      ] GC(22) ParNew: 71818K->1155K(76672K)
[2020-09-10T17:33:09.809+0000][1][gc,heap      ] GC(22) CMS: 45503K->45503K(2011968K)
[2020-09-10T17:33:09.809+0000][1][gc,metaspace ] GC(22) Metaspace: 32359K->32359K(1079296K)
[2020-09-10T17:33:09.809+0000][1][gc           ] GC(22) Pause Young (Allocation Failure) 114M->45M(2039M) 59.824ms
[2020-09-10T17:33:09.809+0000][1][gc,cpu       ] GC(22) User=0.02s Sys=0.00s Real=0.06s
[2020-09-10T17:33:09.821+0000][1][safepoint    ] Safepoint "GenCollectForAllocation", Time since last: 29975277 ns, Reaching safepoint: 102265 ns, At safepoint: 71909247 ns, Total: 72011512 ns
[2020-09-10T17:33:10.335+0000][1][gc,start     ] GC(23) Pause Young (Allocation Failure)
[2020-09-10T17:33:10.335+0000][1][gc,task      ] GC(23) Using 1 workers of 1 for evacuation
[2020-09-10T17:33:10.437+0000][1][gc,age       ] GC(23) Desired survivor size 4358144 bytes, new threshold 6 (max threshold 6)
[2020-09-10T17:33:10.437+0000][1][gc,age       ] GC(23) Age table with threshold 6 (max threshold 6)
[2020-09-10T17:33:10.437+0000][1][gc,age       ] GC(23) - age   1:         24 bytes,         24 total
[2020-09-10T17:33:10.437+0000][1][gc,age       ] GC(23) - age   2:     249432 bytes,     249456 total
[2020-09-10T17:33:10.437+0000][1][gc,age       ] GC(23) - age   3:     438128 bytes,     687584 total
[2020-09-10T17:33:10.437+0000][1][gc,heap      ] GC(23) ParNew: 69315K->1081K(76672K)
[2020-09-10T17:33:10.437+0000][1][gc,heap      ] GC(23) CMS: 45503K->45503K(2011968K)
[2020-09-10T17:33:10.437+0000][1][gc,metaspace ] GC(23) Metaspace: 32360K->32360K(1079296K)
[2020-09-10T17:33:10.437+0000][1][gc           ] GC(23) Pause Young (Allocation Failure) 112M->45M(2039M) 102.189ms
[2020-09-10T17:33:10.437+0000][1][gc,cpu       ] GC(23) User=0.03s Sys=0.00s Real=0.10s
[2020-09-10T17:33:10.444+0000][1][safepoint    ] Safepoint "GenCollectForAllocation", Time since last: 513956803 ns, Reaching safepoint: 103185 ns, At safepoint: 109420657 ns, Total: 109523842 ns
[2020-09-10T17:33:10.923+0000][1][gc,start     ] GC(24) Pause Young (Allocation Failure)
[2020-09-10T17:33:10.923+0000][1][gc,task      ] GC(24) Using 1 workers of 1 for evacuation
[2020-09-10T17:33:11.031+0000][1][gc,age       ] GC(24) Desired survivor size 4358144 bytes, new threshold 6 (max threshold 6)
[2020-09-10T17:33:11.031+0000][1][gc,age       ] GC(24) Age table with threshold 6 (max threshold 6)
[2020-09-10T17:33:11.031+0000][1][gc,age       ] GC(24) - age   1:         24 bytes,         24 total
[2020-09-10T17:33:11.031+0000][1][gc,age       ] GC(24) - age   3:     249432 bytes,     249456 total
[2020-09-10T17:33:11.031+0000][1][gc,age       ] GC(24) - age   4:     438128 bytes,     687584 total
[2020-09-10T17:33:11.031+0000][1][gc,heap      ] GC(24) ParNew: 69241K->1277K(76672K)
[2020-09-10T17:33:11.031+0000][1][gc,heap      ] GC(24) CMS: 45503K->45503K(2011968K)
[2020-09-10T17:33:11.031+0000][1][gc,metaspace ] GC(24) Metaspace: 32363K->32363K(1079296K)
[2020-09-10T17:33:11.031+0000][1][gc           ] GC(24) Pause Young (Allocation Failure) 112M->45M(2039M) 108.276ms
[2020-09-10T17:33:11.031+0000][1][gc,cpu       ] GC(24) User=0.02s Sys=0.00s Real=0.11s
[2020-09-10T17:33:11.031+0000][1][safepoint    ] Safepoint "GenCollectForAllocation", Time since last: 478441704 ns, Reaching safepoint: 111648 ns, At safepoint: 108356054 ns, Total: 108467702 ns
[2020-09-10T17:33:11.471+0000][1][gc,start     ] GC(25) Pause Young (Allocation Failure)
[2020-09-10T17:33:11.471+0000][1][gc,task      ] GC(25) Using 1 workers of 1 for evacuation
[2020-09-10T17:33:11.521+0000][1][gc,age       ] GC(25) Desired survivor size 4358144 bytes, new threshold 6 (max threshold 6)
[2020-09-10T17:33:11.521+0000][1][gc,age       ] GC(25) Age table with threshold 6 (max threshold 6)
[2020-09-10T17:33:11.521+0000][1][gc,age       ] GC(25) - age   1:         24 bytes,         24 total
[2020-09-10T17:33:11.521+0000][1][gc,age       ] GC(25) - age   4:     249432 bytes,     249456 total
[2020-09-10T17:33:11.521+0000][1][gc,age       ] GC(25) - age   5:     438128 bytes,     687584 total
[2020-09-10T17:33:11.521+0000][1][gc,heap      ] GC(25) ParNew: 69437K->822K(76672K)
[2020-09-10T17:33:11.521+0000][1][gc,heap      ] GC(25) CMS: 45503K->45503K(2011968K)
[2020-09-10T17:33:11.521+0000][1][gc,metaspace ] GC(25) Metaspace: 32363K->32363K(1079296K)
[2020-09-10T17:33:11.521+0000][1][gc           ] GC(25) Pause Young (Allocation Failure) 112M->45M(2039M) 50.144ms
[2020-09-10T17:33:11.521+0000][1][gc,cpu       ] GC(25) User=0.01s Sys=0.00s Real=0.05s
[2020-09-10T17:33:11.547+0000][1][safepoint    ] Safepoint "GenCollectForAllocation", Time since last: 439532706 ns, Reaching safepoint: 102319 ns, At safepoint: 75906926 ns, Total: 76009245 ns
[2020-09-10T17:33:11.967+0000][1][gc,start     ] GC(26) Pause Young (Allocation Failure)
[2020-09-10T17:33:11.967+0000][1][gc,task      ] GC(26) Using 1 workers of 1 for evacuation
[2020-09-10T17:33:12.021+0000][1][gc,age       ] GC(26) Desired survivor size 4358144 bytes, new threshold 6 (max threshold 6)
[2020-09-10T17:33:12.021+0000][1][gc,age       ] GC(26) Age table with threshold 6 (max threshold 6)
[2020-09-10T17:33:12.021+0000][1][gc,age       ] GC(26) - age   1:        216 bytes,        216 total
[2020-09-10T17:33:12.021+0000][1][gc,age       ] GC(26) - age   5:     249432 bytes,     249648 total
[2020-09-10T17:33:12.021+0000][1][gc,age       ] GC(26) - age   6:     438128 bytes,     687776 total
[2020-09-10T17:33:12.021+0000][1][gc,heap      ] GC(26) ParNew: 68982K->1212K(76672K)
[2020-09-10T17:33:12.021+0000][1][gc,heap      ] GC(26) CMS: 45503K->45503K(2011968K)
[2020-09-10T17:33:12.021+0000][1][gc,metaspace ] GC(26) Metaspace: 32363K->32363K(1079296K)
[2020-09-10T17:33:12.021+0000][1][gc           ] GC(26) Pause Young (Allocation Failure) 111M->45M(2039M) 54.517ms
[2020-09-10T17:33:12.021+0000][1][gc,cpu       ] GC(26) User=0.01s Sys=0.00s Real=0.05s
[2020-09-10T17:33:12.059+0000][1][safepoint    ] Safepoint "GenCollectForAllocation", Time since last: 419978024 ns, Reaching safepoint: 104584 ns, At safepoint: 91900450 ns, Total: 92005034 ns
[2020-09-10T17:33:12.455+0000][1][gc,start     ] GC(27) Pause Young (Allocation Failure)
[2020-09-10T17:33:12.455+0000][1][gc,task      ] GC(27) Using 1 workers of 1 for evacuation
[2020-09-10T17:33:12.538+0000][1][gc,age       ] GC(27) Desired survivor size 4358144 bytes, new threshold 6 (max threshold 6)
[2020-09-10T17:33:12.538+0000][1][gc,age       ] GC(27) Age table with threshold 6 (max threshold 6)
[2020-09-10T17:33:12.538+0000][1][gc,age       ] GC(27) - age   1:         72 bytes,         72 total
[2020-09-10T17:33:12.538+0000][1][gc,age       ] GC(27) - age   6:     249432 bytes,     249504 total
[2020-09-10T17:33:12.538+0000][1][gc,heap      ] GC(27) ParNew: 69372K->403K(76672K)
[2020-09-10T17:33:12.538+0000][1][gc,heap      ] GC(27) CMS: 45503K->45931K(2011968K)
[2020-09-10T17:33:12.538+0000][1][gc,metaspace ] GC(27) Metaspace: 32363K->32363K(1079296K)
[2020-09-10T17:33:12.538+0000][1][gc           ] GC(27) Pause Young (Allocation Failure) 112M->45M(2039M) 83.482ms
[2020-09-10T17:33:12.538+0000][1][gc,cpu       ] GC(27) User=0.02s Sys=0.00s Real=0.08s
[2020-09-10T17:33:12.567+0000][1][safepoint    ] Safepoint "GenCollectForAllocation", Time since last: 396004277 ns, Reaching safepoint: 97622 ns, At safepoint: 111912148 ns, Total: 112009770 ns
[2020-09-10T17:33:12.971+0000][1][gc,start     ] GC(28) Pause Young (Allocation Failure)
[2020-09-10T17:33:12.971+0000][1][gc,task      ] GC(28) Using 1 workers of 1 for evacuation
[2020-09-10T17:33:13.020+0000][1][gc,age       ] GC(28) Desired survivor size 4358144 bytes, new threshold 6 (max threshold 6)
[2020-09-10T17:33:13.020+0000][1][gc,age       ] GC(28) Age table with threshold 6 (max threshold 6)
[2020-09-10T17:33:13.020+0000][1][gc,age       ] GC(28) - age   1:        112 bytes,        112 total
[2020-09-10T17:33:13.020+0000][1][gc,heap      ] GC(28) ParNew: 68563K->283K(76672K)
[2020-09-10T17:33:13.020+0000][1][gc,heap      ] GC(28) CMS: 45931K->46175K(2011968K)
[2020-09-10T17:33:13.020+0000][1][gc,metaspace ] GC(28) Metaspace: 32363K->32363K(1079296K)
[2020-09-10T17:33:13.020+0000][1][gc           ] GC(28) Pause Young (Allocation Failure) 111M->45M(2039M) 48.969ms
[2020-09-10T17:33:13.020+0000][1][gc,cpu       ] GC(28) User=0.02s Sys=0.00s Real=0.05s
[2020-09-10T17:33:13.036+0000][1][safepoint    ] Safepoint "GenCollectForAllocation", Time since last: 404470877 ns, Reaching safepoint: 97663 ns, At safepoint: 65079375 ns, Total: 65177038 ns
[2020-09-10T17:33:13.257+0000][1][gc,start     ] GC(29) Pause Young (Allocation Failure)
[2020-09-10T17:33:13.257+0000][1][gc,task      ] GC(29) Using 1 workers of 1 for evacuation
[2020-09-10T17:33:13.306+0000][1][gc,age       ] GC(29) Desired survivor size 4358144 bytes, new threshold 6 (max threshold 6)
[2020-09-10T17:33:13.306+0000][1][gc,age       ] GC(29) Age table with threshold 6 (max threshold 6)
[2020-09-10T17:33:13.306+0000][1][gc,age       ] GC(29) - age   1:         24 bytes,         24 total
[2020-09-10T17:33:13.306+0000][1][gc,heap      ] GC(29) ParNew: 68443K->70K(76672K)
[2020-09-10T17:33:13.306+0000][1][gc,heap      ] GC(29) CMS: 46175K->46175K(2011968K)
[2020-09-10T17:33:13.306+0000][1][gc,metaspace ] GC(29) Metaspace: 32363K->32363K(1079296K)
[2020-09-10T17:33:13.306+0000][1][gc           ] GC(29) Pause Young (Allocation Failure) 111M->45M(2039M) 49.747ms
[2020-09-10T17:33:13.306+0000][1][gc,cpu       ] GC(29) User=0.02s Sys=0.00s Real=0.05s
[2020-09-10T17:33:13.310+0000][1][safepoint    ] Safepoint "GenCollectForAllocation", Time since last: 216796042 ns, Reaching safepoint: 3412790 ns, At safepoint: 53348528 ns, Total: 56761318 ns
[2020-09-10T17:33:13.523+0000][1][gc,start     ] GC(30) Pause Young (Allocation Failure)
[2020-09-10T17:33:13.523+0000][1][gc,task      ] GC(30) Using 1 workers of 1 for evacuation
[2020-09-10T17:33:13.576+0000][1][gc,age       ] GC(30) Desired survivor size 4358144 bytes, new threshold 6 (max threshold 6)
[2020-09-10T17:33:13.576+0000][1][gc,age       ] GC(30) Age table with threshold 6 (max threshold 6)
[2020-09-10T17:33:13.576+0000][1][gc,age       ] GC(30) - age   1:        208 bytes,        208 total
[2020-09-10T17:33:13.576+0000][1][gc,heap      ] GC(30) ParNew: 68230K->17K(76672K)
[2020-09-10T17:33:13.576+0000][1][gc,heap      ] GC(30) CMS: 46175K->46175K(2011968K)
[2020-09-10T17:33:13.576+0000][1][gc,metaspace ] GC(30) Metaspace: 32363K->32363K(1079296K)
[2020-09-10T17:33:13.576+0000][1][gc           ] GC(30) Pause Young (Allocation Failure) 111M->45M(2039M) 53.172ms
[2020-09-10T17:33:13.576+0000][1][gc,cpu       ] GC(30) User=0.02s Sys=0.00s Real=0.05s
[2020-09-10T17:33:13.576+0000][1][safepoint    ] Safepoint "GenCollectForAllocation", Time since last: 209936163 ns, Reaching safepoint: 2849110 ns, At safepoint: 53254624 ns, Total: 56103734 ns
[2020-09-10T17:33:13.790+0000][1][gc,start     ] GC(31) Pause Young (Allocation Failure)
[2020-09-10T17:33:13.790+0000][1][gc,task      ] GC(31) Using 1 workers of 1 for evacuation
[2020-09-10T17:33:13.830+0000][1][gc,age       ] GC(31) Desired survivor size 4358144 bytes, new threshold 6 (max threshold 6)
[2020-09-10T17:33:13.830+0000][1][gc,age       ] GC(31) Age table with threshold 6 (max threshold 6)
[2020-09-10T17:33:13.830+0000][1][gc,age       ] GC(31) - age   1:         48 bytes,         48 total
[2020-09-10T17:33:13.830+0000][1][gc,heap      ] GC(31) ParNew: 68177K->4K(76672K)
[2020-09-10T17:33:13.830+0000][1][gc,heap      ] GC(31) CMS: 46175K->46175K(2011968K)
[2020-09-10T17:33:13.830+0000][1][gc,metaspace ] GC(31) Metaspace: 32363K->32363K(1079296K)
[2020-09-10T17:33:13.830+0000][1][gc           ] GC(31) Pause Young (Allocation Failure) 111M->45M(2039M) 40.803ms
[2020-09-10T17:33:13.830+0000][1][gc,cpu       ] GC(31) User=0.01s Sys=0.00s Real=0.04s
[2020-09-10T17:33:13.835+0000][1][safepoint    ] Safepoint "GenCollectForAllocation", Time since last: 210730412 ns, Reaching safepoint: 2863096 ns, At safepoint: 45130608 ns, Total: 47993704 ns
[2020-09-10T17:33:14.051+0000][1][gc,start     ] GC(32) Pause Young (Allocation Failure)
[2020-09-10T17:33:14.051+0000][1][gc,task      ] GC(32) Using 1 workers of 1 for evacuation
[2020-09-10T17:33:14.097+0000][1][gc,age       ] GC(32) Desired survivor size 4358144 bytes, new threshold 6 (max threshold 6)
[2020-09-10T17:33:14.097+0000][1][gc,age       ] GC(32) Age table with threshold 6 (max threshold 6)
[2020-09-10T17:33:14.097+0000][1][gc,age       ] GC(32) - age   1:        200 bytes,        200 total
[2020-09-10T17:33:14.097+0000][1][gc,heap      ] GC(32) ParNew: 68164K->2K(76672K)
[2020-09-10T17:33:14.097+0000][1][gc,heap      ] GC(32) CMS: 46175K->46175K(2011968K)
[2020-09-10T17:33:14.097+0000][1][gc,metaspace ] GC(32) Metaspace: 32363K->32363K(1079296K)
[2020-09-10T17:33:14.097+0000][1][gc           ] GC(32) Pause Young (Allocation Failure) 111M->45M(2039M) 46.295ms
[2020-09-10T17:33:14.097+0000][1][gc,cpu       ] GC(32) User=0.02s Sys=0.00s Real=0.04s
[2020-09-10T17:33:14.097+0000][1][safepoint    ] Safepoint "GenCollectForAllocation", Time since last: 212171036 ns, Reaching safepoint: 3858245 ns, At safepoint: 46351029 ns, Total: 50209274 ns
[2020-09-10T17:33:14.311+0000][1][gc,start     ] GC(33) Pause Young (Allocation Failure)
[2020-09-10T17:33:14.311+0000][1][gc,task      ] GC(33) Using 1 workers of 1 for evacuation
[2020-09-10T17:33:14.356+0000][1][gc,age       ] GC(33) Desired survivor size 4358144 bytes, new threshold 6 (max threshold 6)
[2020-09-10T17:33:14.356+0000][1][gc,age       ] GC(33) Age table with threshold 6 (max threshold 6)
[2020-09-10T17:33:14.356+0000][1][gc,age       ] GC(33) - age   1:        384 bytes,        384 total
[2020-09-10T17:33:14.356+0000][1][gc,heap      ] GC(33) ParNew: 68162K->2K(76672K)
[2020-09-10T17:33:14.356+0000][1][gc,heap      ] GC(33) CMS: 46175K->46175K(2011968K)
[2020-09-10T17:33:14.356+0000][1][gc,metaspace ] GC(33) Metaspace: 32363K->32363K(1079296K)
[2020-09-10T17:33:14.356+0000][1][gc           ] GC(33) Pause Young (Allocation Failure) 111M->45M(2039M) 45.062ms
[2020-09-10T17:33:14.356+0000][1][gc,cpu       ] GC(33) User=0.01s Sys=0.00s Real=0.04s
[2020-09-10T17:33:14.367+0000][1][safepoint    ] Safepoint "GenCollectForAllocation", Time since last: 213660310 ns, Reaching safepoint: 112136 ns, At safepoint: 55856308 ns, Total: 55968444 ns
[2020-09-10T17:33:15.387+0000][1][safepoint    ] Safepoint "Cleanup", Time since last: 1019992154 ns, Reaching safepoint: 122800 ns, At safepoint: 6016 ns, Total: 128816 ns
[2020-09-10T17:33:15.895+0000][1][safepoint    ] Safepoint "BulkRevokeBias", Time since last: 507896411 ns, Reaching safepoint: 108090 ns, At safepoint: 80073 ns, Total: 188163 ns
[2020-09-10T17:33:15.895+0000][1][safepoint    ] Safepoint "RevokeBias", Time since last: 262721 ns, Reaching safepoint: 82441 ns, At safepoint: 39018 ns, Total: 121459 ns
[2020-09-10T17:33:19.914+0000][1][safepoint    ] Safepoint "Cleanup", Time since last: 4018326739 ns, Reaching safepoint: 105317 ns, At safepoint: 6285 ns, Total: 111602 ns
[2020-09-10T17:33:20.923+0000][1][safepoint    ] Safepoint "Cleanup", Time since last: 1008968506 ns, Reaching safepoint: 114976 ns, At safepoint: 6141 ns, Total: 121117 ns
[2020-09-10T17:33:21.188+0000][1][gc,start     ] GC(34) Pause Young (Allocation Failure)
[2020-09-10T17:33:21.188+0000][1][gc,task      ] GC(34) Using 1 workers of 1 for evacuation
[2020-09-10T17:33:21.237+0000][1][gc,age       ] GC(34) Desired survivor size 4358144 bytes, new threshold 6 (max threshold 6)
[2020-09-10T17:33:21.237+0000][1][gc,age       ] GC(34) Age table with threshold 6 (max threshold 6)
[2020-09-10T17:33:21.237+0000][1][gc,age       ] GC(34) - age   1:     277264 bytes,     277264 total
[2020-09-10T17:33:21.237+0000][1][gc,age       ] GC(34) - age   2:        208 bytes,     277472 total
[2020-09-10T17:33:21.237+0000][1][gc,heap      ] GC(34) ParNew: 68162K->272K(76672K)
[2020-09-10T17:33:21.237+0000][1][gc,heap      ] GC(34) CMS: 46175K->46175K(2011968K)
[2020-09-10T17:33:21.237+0000][1][gc,metaspace ] GC(34) Metaspace: 32383K->32383K(1079296K)
[2020-09-10T17:33:21.237+0000][1][gc           ] GC(34) Pause Young (Allocation Failure) 111M->45M(2039M) 48.926ms
[2020-09-10T17:33:21.237+0000][1][gc,cpu       ] GC(34) User=0.01s Sys=0.00s Real=0.04s
[2020-09-10T17:33:21.263+0000][1][safepoint    ] Safepoint "GenCollectForAllocation", Time since last: 263979445 ns, Reaching safepoint: 1345610 ns, At safepoint: 74606349 ns, Total: 75951959 ns
[2020-09-10T17:33:22.695+0000][1][gc,start     ] GC(35) Pause Young (Allocation Failure)
[2020-09-10T17:33:22.695+0000][1][gc,task      ] GC(35) Using 1 workers of 1 for evacuation
[2020-09-10T17:33:22.759+0000][1][gc,age       ] GC(35) Desired survivor size 4358144 bytes, new threshold 6 (max threshold 6)
[2020-09-10T17:33:22.759+0000][1][gc,age       ] GC(35) Age table with threshold 6 (max threshold 6)
[2020-09-10T17:33:22.759+0000][1][gc,age       ] GC(35) - age   1:     512152 bytes,     512152 total
[2020-09-10T17:33:22.759+0000][1][gc,age       ] GC(35) - age   2:     183888 bytes,     696040 total
[2020-09-10T17:33:22.759+0000][1][gc,age       ] GC(35) - age   3:        208 bytes,     696248 total
[2020-09-10T17:33:22.759+0000][1][gc,heap      ] GC(35) ParNew: 68432K->680K(76672K)
[2020-09-10T17:33:22.759+0000][1][gc,heap      ] GC(35) CMS: 46175K->46175K(2011968K)
[2020-09-10T17:33:22.759+0000][1][gc,metaspace ] GC(35) Metaspace: 32384K->32384K(1079296K)
[2020-09-10T17:33:22.759+0000][1][gc           ] GC(35) Pause Young (Allocation Failure) 111M->45M(2039M) 64.300ms
[2020-09-10T17:33:22.759+0000][1][gc,cpu       ] GC(35) User=0.01s Sys=0.00s Real=0.07s
[2020-09-10T17:33:22.775+0000][1][safepoint    ] Safepoint "GenCollectForAllocation", Time since last: 1431975926 ns, Reaching safepoint: 103494 ns, At safepoint: 79900403 ns, Total: 80003897 ns
[2020-09-10T17:33:24.039+0000][1][gc,start     ] GC(36) Pause Young (Allocation Failure)
[2020-09-10T17:33:24.039+0000][1][gc,task      ] GC(36) Using 1 workers of 1 for evacuation
[2020-09-10T17:33:24.098+0000][1][gc,age       ] GC(36) Desired survivor size 4358144 bytes, new threshold 6 (max threshold 6)
[2020-09-10T17:33:24.098+0000][1][gc,age       ] GC(36) Age table with threshold 6 (max threshold 6)
[2020-09-10T17:33:24.098+0000][1][gc,age       ] GC(36) - age   1:     642872 bytes,     642872 total
[2020-09-10T17:33:24.098+0000][1][gc,age       ] GC(36) - age   2:     339856 bytes,     982728 total
[2020-09-10T17:33:24.098+0000][1][gc,age       ] GC(36) - age   3:     183248 bytes,    1165976 total
[2020-09-10T17:33:24.098+0000][1][gc,age       ] GC(36) - age   4:        208 bytes,    1166184 total
[2020-09-10T17:33:24.098+0000][1][gc,heap      ] GC(36) ParNew: 68840K->1140K(76672K)
[2020-09-10T17:33:24.098+0000][1][gc,heap      ] GC(36) CMS: 46175K->46175K(2011968K)
[2020-09-10T17:33:24.099+0000][1][gc,metaspace ] GC(36) Metaspace: 32384K->32384K(1079296K)
[2020-09-10T17:33:24.099+0000][1][gc           ] GC(36) Pause Young (Allocation Failure) 112M->46M(2039M) 59.747ms
[2020-09-10T17:33:24.099+0000][1][gc,cpu       ] GC(36) User=0.02s Sys=0.00s Real=0.05s
[2020-09-10T17:33:24.123+0000][1][safepoint    ] Safepoint "GenCollectForAllocation", Time since last: 1263980097 ns, Reaching safepoint: 103946 ns, At safepoint: 83891242 ns, Total: 83995188 ns
[2020-09-10T17:33:25.558+0000][1][gc,start     ] GC(37) Pause Young (Allocation Failure)
[2020-09-10T17:33:25.558+0000][1][gc,task      ] GC(37) Using 1 workers of 1 for evacuation
[2020-09-10T17:33:25.619+0000][1][gc,age       ] GC(37) Desired survivor size 4358144 bytes, new threshold 6 (max threshold 6)
[2020-09-10T17:33:25.619+0000][1][gc,age       ] GC(37) Age table with threshold 6 (max threshold 6)
[2020-09-10T17:33:25.619+0000][1][gc,age       ] GC(37) - age   1:     622160 bytes,     622160 total
[2020-09-10T17:33:25.619+0000][1][gc,age       ] GC(37) - age   2:     301408 bytes,     923568 total
[2020-09-10T17:33:25.619+0000][1][gc,age       ] GC(37) - age   3:     339672 bytes,    1263240 total
[2020-09-10T17:33:25.619+0000][1][gc,age       ] GC(37) - age   4:     182864 bytes,    1446104 total
[2020-09-10T17:33:25.619+0000][1][gc,age       ] GC(37) - age   5:        208 bytes,    1446312 total
[2020-09-10T17:33:25.619+0000][1][gc,heap      ] GC(37) ParNew: 69300K->1441K(76672K)
[2020-09-10T17:33:25.619+0000][1][gc,heap      ] GC(37) CMS: 46175K->46175K(2011968K)
[2020-09-10T17:33:25.619+0000][1][gc,metaspace ] GC(37) Metaspace: 32385K->32385K(1079296K)
[2020-09-10T17:33:25.620+0000][1][gc           ] GC(37) Pause Young (Allocation Failure) 112M->46M(2039M) 61.797ms
[2020-09-10T17:33:25.620+0000][1][gc,cpu       ] GC(37) User=0.02s Sys=0.00s Real=0.07s
[2020-09-10T17:33:25.635+0000][1][safepoint    ] Safepoint "GenCollectForAllocation", Time since last: 1434920826 ns, Reaching safepoint: 105549 ns, At safepoint: 77319283 ns, Total: 77424832 ns
[2020-09-10T17:33:26.659+0000][1][safepoint    ] Safepoint "Cleanup", Time since last: 1023651068 ns, Reaching safepoint: 110016 ns, At safepoint: 6121 ns, Total: 116137 ns
[2020-09-10T17:33:26.935+0000][1][gc,start     ] GC(38) Pause Young (Allocation Failure)
[2020-09-10T17:33:26.935+0000][1][gc,task      ] GC(38) Using 1 workers of 1 for evacuation
[2020-09-10T17:33:26.989+0000][1][gc,age       ] GC(38) Desired survivor size 4358144 bytes, new threshold 6 (max threshold 6)
[2020-09-10T17:33:26.989+0000][1][gc,age       ] GC(38) Age table with threshold 6 (max threshold 6)
[2020-09-10T17:33:26.989+0000][1][gc,age       ] GC(38) - age   1:     934632 bytes,     934632 total
[2020-09-10T17:33:26.989+0000][1][gc,age       ] GC(38) - age   2:     264672 bytes,    1199304 total
[2020-09-10T17:33:26.989+0000][1][gc,age       ] GC(38) - age   3:     297488 bytes,    1496792 total
[2020-09-10T17:33:26.989+0000][1][gc,age       ] GC(38) - age   4:     339592 bytes,    1836384 total
[2020-09-10T17:33:26.989+0000][1][gc,age       ] GC(38) - age   5:     182760 bytes,    2019144 total
[2020-09-10T17:33:26.989+0000][1][gc,age       ] GC(38) - age   6:        208 bytes,    2019352 total
[2020-09-10T17:33:26.989+0000][1][gc,heap      ] GC(38) ParNew: 69601K->2075K(76672K)
[2020-09-10T17:33:26.989+0000][1][gc,heap      ] GC(38) CMS: 46175K->46175K(2011968K)
[2020-09-10T17:33:26.989+0000][1][gc,metaspace ] GC(38) Metaspace: 32385K->32385K(1079296K)
[2020-09-10T17:33:26.989+0000][1][gc           ] GC(38) Pause Young (Allocation Failure) 113M->47M(2039M) 54.339ms
[2020-09-10T17:33:26.989+0000][1][gc,cpu       ] GC(38) User=0.01s Sys=0.00s Real=0.06s
[2020-09-10T17:33:27.015+0000][1][safepoint    ] Safepoint "GenCollectForAllocation", Time since last: 273237372 ns, Reaching safepoint: 2685811 ns, At safepoint: 80410880 ns, Total: 83096691 ns
[2020-09-10T17:33:27.761+0000][1][gc,start     ] GC(39) Pause Young (Allocation Failure)
[2020-09-10T17:33:27.761+0000][1][gc,task      ] GC(39) Using 1 workers of 1 for evacuation
[2020-09-10T17:33:27.802+0000][1][gc,age       ] GC(39) Desired survivor size 4358144 bytes, new threshold 6 (max threshold 6)
[2020-09-10T17:33:27.802+0000][1][gc,age       ] GC(39) Age table with threshold 6 (max threshold 6)
[2020-09-10T17:33:27.802+0000][1][gc,age       ] GC(39) - age   1:     311032 bytes,     311032 total
[2020-09-10T17:33:27.802+0000][1][gc,age       ] GC(39) - age   2:     923608 bytes,    1234640 total
[2020-09-10T17:33:27.802+0000][1][gc,age       ] GC(39) - age   3:     263464 bytes,    1498104 total
[2020-09-10T17:33:27.802+0000][1][gc,age       ] GC(39) - age   4:     296976 bytes,    1795080 total
[2020-09-10T17:33:27.802+0000][1][gc,age       ] GC(39) - age   5:     339256 bytes,    2134336 total
[2020-09-10T17:33:27.802+0000][1][gc,age       ] GC(39) - age   6:     182720 bytes,    2317056 total
[2020-09-10T17:33:27.802+0000][1][gc,heap      ] GC(39) ParNew: 70235K->2265K(76672K)
[2020-09-10T17:33:27.802+0000][1][gc,heap      ] GC(39) CMS: 46175K->46175K(2011968K)
[2020-09-10T17:33:27.802+0000][1][gc,metaspace ] GC(39) Metaspace: 32385K->32385K(1079296K)
[2020-09-10T17:33:27.802+0000][1][gc           ] GC(39) Pause Young (Allocation Failure) 113M->47M(2039M) 41.365ms
[2020-09-10T17:33:27.802+0000][1][gc,cpu       ] GC(39) User=0.02s Sys=0.00s Real=0.04s
[2020-09-10T17:33:27.815+0000][1][safepoint    ] Safepoint "GenCollectForAllocation", Time since last: 743559736 ns, Reaching safepoint: 2099959 ns, At safepoint: 53890956 ns, Total: 55990915 ns
[2020-09-10T17:33:28.655+0000][1][gc,start     ] GC(40) Pause Young (Allocation Failure)
[2020-09-10T17:33:28.655+0000][1][gc,task      ] GC(40) Using 1 workers of 1 for evacuation
[2020-09-10T17:33:28.708+0000][1][gc,age       ] GC(40) Desired survivor size 4358144 bytes, new threshold 6 (max threshold 6)
[2020-09-10T17:33:28.708+0000][1][gc,age       ] GC(40) Age table with threshold 6 (max threshold 6)
[2020-09-10T17:33:28.708+0000][1][gc,age       ] GC(40) - age   1:     380944 bytes,     380944 total
[2020-09-10T17:33:28.708+0000][1][gc,age       ] GC(40) - age   2:     300704 bytes,     681648 total
[2020-09-10T17:33:28.708+0000][1][gc,age       ] GC(40) - age   3:     923040 bytes,    1604688 total
[2020-09-10T17:33:28.708+0000][1][gc,age       ] GC(40) - age   4:     263232 bytes,    1867920 total
[2020-09-10T17:33:28.708+0000][1][gc,age       ] GC(40) - age   5:     296856 bytes,    2164776 total
[2020-09-10T17:33:28.708+0000][1][gc,age       ] GC(40) - age   6:     339256 bytes,    2504032 total
[2020-09-10T17:33:28.709+0000][1][gc,heap      ] GC(40) ParNew: 70425K->2446K(76672K)
[2020-09-10T17:33:28.709+0000][1][gc,heap      ] GC(40) CMS: 46175K->46351K(2011968K)
[2020-09-10T17:33:28.709+0000][1][gc,metaspace ] GC(40) Metaspace: 32387K->32387K(1079296K)
[2020-09-10T17:33:28.709+0000][1][gc           ] GC(40) Pause Young (Allocation Failure) 113M->47M(2039M) 53.723ms
[2020-09-10T17:33:28.709+0000][1][gc,cpu       ] GC(40) User=0.02s Sys=0.00s Real=0.06s
[2020-09-10T17:33:28.727+0000][1][safepoint    ] Safepoint "GenCollectForAllocation", Time since last: 840012161 ns, Reaching safepoint: 131228 ns, At safepoint: 71857577 ns, Total: 71988805 ns
[2020-09-10T17:33:29.023+0000][1][gc,start     ] GC(41) Pause Young (Allocation Failure)
[2020-09-10T17:33:29.023+0000][1][gc,task      ] GC(41) Using 1 workers of 1 for evacuation
[2020-09-10T17:33:29.079+0000][1][gc,age       ] GC(41) Desired survivor size 4358144 bytes, new threshold 6 (max threshold 6)
[2020-09-10T17:33:29.079+0000][1][gc,age       ] GC(41) Age table with threshold 6 (max threshold 6)
[2020-09-10T17:33:29.079+0000][1][gc,age       ] GC(41) - age   1:        400 bytes,        400 total
[2020-09-10T17:33:29.079+0000][1][gc,age       ] GC(41) - age   2:     380760 bytes,     381160 total
[2020-09-10T17:33:29.079+0000][1][gc,age       ] GC(41) - age   3:     300704 bytes,     681864 total
[2020-09-10T17:33:29.079+0000][1][gc,age       ] GC(41) - age   4:     923040 bytes,    1604904 total
[2020-09-10T17:33:29.079+0000][1][gc,age       ] GC(41) - age   5:     263232 bytes,    1868136 total
[2020-09-10T17:33:29.079+0000][1][gc,age       ] GC(41) - age   6:     296856 bytes,    2164992 total
[2020-09-10T17:33:29.079+0000][1][gc,heap      ] GC(41) ParNew: 70606K->2420K(76672K)
[2020-09-10T17:33:29.079+0000][1][gc,heap      ] GC(41) CMS: 46351K->46682K(2011968K)
[2020-09-10T17:33:29.079+0000][1][gc,metaspace ] GC(41) Metaspace: 32387K->32387K(1079296K)
[2020-09-10T17:33:29.079+0000][1][gc           ] GC(41) Pause Young (Allocation Failure) 114M->47M(2039M) 55.999ms
[2020-09-10T17:33:29.079+0000][1][gc,cpu       ] GC(41) User=0.01s Sys=0.01s Real=0.06s
[2020-09-10T17:33:29.079+0000][1][safepoint    ] Safepoint "GenCollectForAllocation", Time since last: 292003874 ns, Reaching safepoint: 4027365 ns, At safepoint: 56060249 ns, Total: 60087614 ns
[2020-09-10T17:33:29.291+0000][1][gc,start     ] GC(42) Pause Young (Allocation Failure)
[2020-09-10T17:33:29.291+0000][1][gc,task      ] GC(42) Using 1 workers of 1 for evacuation
[2020-09-10T17:33:29.347+0000][1][gc,age       ] GC(42) Desired survivor size 4358144 bytes, new threshold 6 (max threshold 6)
[2020-09-10T17:33:29.347+0000][1][gc,age       ] GC(42) Age table with threshold 6 (max threshold 6)
[2020-09-10T17:33:29.347+0000][1][gc,age       ] GC(42) - age   1:         24 bytes,         24 total
[2020-09-10T17:33:29.347+0000][1][gc,age       ] GC(42) - age   2:        160 bytes,        184 total
[2020-09-10T17:33:29.347+0000][1][gc,age       ] GC(42) - age   3:     380760 bytes,     380944 total
[2020-09-10T17:33:29.347+0000][1][gc,age       ] GC(42) - age   4:     300704 bytes,     681648 total
[2020-09-10T17:33:29.347+0000][1][gc,age       ] GC(42) - age   5:     923040 bytes,    1604688 total
[2020-09-10T17:33:29.347+0000][1][gc,age       ] GC(42) - age   6:     263232 bytes,    1867920 total
[2020-09-10T17:33:29.347+0000][1][gc,heap      ] GC(42) ParNew: 70580K->1966K(76672K)
[2020-09-10T17:33:29.347+0000][1][gc,heap      ] GC(42) CMS: 46682K->46972K(2011968K)
[2020-09-10T17:33:29.347+0000][1][gc,metaspace ] GC(42) Metaspace: 32387K->32387K(1079296K)
[2020-09-10T17:33:29.347+0000][1][gc           ] GC(42) Pause Young (Allocation Failure) 114M->47M(2039M) 56.243ms
[2020-09-10T17:33:29.347+0000][1][gc,cpu       ] GC(42) User=0.01s Sys=0.00s Real=0.06s
[2020-09-10T17:33:29.347+0000][1][safepoint    ] Safepoint "GenCollectForAllocation", Time since last: 208333927 ns, Reaching safepoint: 3595588 ns, At safepoint: 56354839 ns, Total: 59950427 ns
[2020-09-10T17:33:29.551+0000][1][gc,start     ] GC(43) Pause Young (Allocation Failure)
[2020-09-10T17:33:29.551+0000][1][gc,task      ] GC(43) Using 1 workers of 1 for evacuation
[2020-09-10T17:33:29.604+0000][1][gc,age       ] GC(43) Desired survivor size 4358144 bytes, new threshold 6 (max threshold 6)
[2020-09-10T17:33:29.604+0000][1][gc,age       ] GC(43) Age table with threshold 6 (max threshold 6)
[2020-09-10T17:33:29.604+0000][1][gc,age       ] GC(43) - age   3:        160 bytes,        160 total
[2020-09-10T17:33:29.604+0000][1][gc,age       ] GC(43) - age   4:     380760 bytes,     380920 total
[2020-09-10T17:33:29.604+0000][1][gc,age       ] GC(43) - age   5:     300704 bytes,     681624 total
[2020-09-10T17:33:29.604+0000][1][gc,age       ] GC(43) - age   6:     923040 bytes,    1604664 total
[2020-09-10T17:33:29.604+0000][1][gc,heap      ] GC(43) ParNew: 70126K->1584K(76672K)
[2020-09-10T17:33:29.604+0000][1][gc,heap      ] GC(43) CMS: 46972K->47229K(2011968K)
[2020-09-10T17:33:29.604+0000][1][gc,metaspace ] GC(43) Metaspace: 32387K->32387K(1079296K)
[2020-09-10T17:33:29.605+0000][1][gc           ] GC(43) Pause Young (Allocation Failure) 114M->47M(2039M) 53.728ms
[2020-09-10T17:33:29.605+0000][1][gc,cpu       ] GC(43) User=0.01s Sys=0.00s Real=0.05s
[2020-09-10T17:33:29.605+0000][1][safepoint    ] Safepoint "GenCollectForAllocation", Time since last: 202043515 ns, Reaching safepoint: 1689944 ns, At safepoint: 53814532 ns, Total: 55504476 ns
[2020-09-10T17:33:29.819+0000][1][gc,start     ] GC(44) Pause Young (Allocation Failure)
[2020-09-10T17:33:29.819+0000][1][gc,task      ] GC(44) Using 1 workers of 1 for evacuation
[2020-09-10T17:33:29.869+0000][1][gc,age       ] GC(44) Desired survivor size 4358144 bytes, new threshold 6 (max threshold 6)
[2020-09-10T17:33:29.869+0000][1][gc,age       ] GC(44) Age table with threshold 6 (max threshold 6)
[2020-09-10T17:33:29.869+0000][1][gc,age       ] GC(44) - age   1:        240 bytes,        240 total
[2020-09-10T17:33:29.869+0000][1][gc,age       ] GC(44) - age   4:        160 bytes,        400 total
[2020-09-10T17:33:29.869+0000][1][gc,age       ] GC(44) - age   5:     380760 bytes,     381160 total
[2020-09-10T17:33:29.869+0000][1][gc,age       ] GC(44) - age   6:     300704 bytes,     681864 total
[2020-09-10T17:33:29.869+0000][1][gc,heap      ] GC(44) ParNew: 69744K->852K(76672K)
[2020-09-10T17:33:29.869+0000][1][gc,heap      ] GC(44) CMS: 47229K->48131K(2011968K)
[2020-09-10T17:33:29.869+0000][1][gc,metaspace ] GC(44) Metaspace: 32387K->32387K(1079296K)
[2020-09-10T17:33:29.869+0000][1][gc           ] GC(44) Pause Young (Allocation Failure) 114M->47M(2039M) 49.947ms
[2020-09-10T17:33:29.869+0000][1][gc,cpu       ] GC(44) User=0.01s Sys=0.00s Real=0.05s
[2020-09-10T17:33:29.871+0000][1][safepoint    ] Safepoint "GenCollectForAllocation", Time since last: 212162177 ns, Reaching safepoint: 1991212 ns, At safepoint: 51946398 ns, Total: 53937610 ns
[2020-09-10T17:33:30.083+0000][1][gc,start     ] GC(45) Pause Young (Allocation Failure)
[2020-09-10T17:33:30.083+0000][1][gc,task      ] GC(45) Using 1 workers of 1 for evacuation
[2020-09-10T17:33:30.122+0000][1][gc,age       ] GC(45) Desired survivor size 4358144 bytes, new threshold 6 (max threshold 6)
[2020-09-10T17:33:30.122+0000][1][gc,age       ] GC(45) Age table with threshold 6 (max threshold 6)
[2020-09-10T17:33:30.122+0000][1][gc,age       ] GC(45) - age   1:        152 bytes,        152 total
[2020-09-10T17:33:30.122+0000][1][gc,age       ] GC(45) - age   5:        160 bytes,        312 total
[2020-09-10T17:33:30.122+0000][1][gc,age       ] GC(45) - age   6:     380760 bytes,     381072 total
[2020-09-10T17:33:30.122+0000][1][gc,heap      ] GC(45) ParNew: 69012K->605K(76672K)
[2020-09-10T17:33:30.122+0000][1][gc,heap      ] GC(45) CMS: 48131K->48424K(2011968K)
[2020-09-10T17:33:30.122+0000][1][gc,metaspace ] GC(45) Metaspace: 32387K->32387K(1079296K)
[2020-09-10T17:33:30.122+0000][1][gc           ] GC(45) Pause Young (Allocation Failure) 114M->47M(2039M) 39.279ms
[2020-09-10T17:33:30.122+0000][1][gc,cpu       ] GC(45) User=0.01s Sys=0.00s Real=0.04s
[2020-09-10T17:33:30.135+0000][1][safepoint    ] Safepoint "GenCollectForAllocation", Time since last: 211126379 ns, Reaching safepoint: 859271 ns, At safepoint: 52019529 ns, Total: 52878800 ns
[2020-09-10T17:33:30.351+0000][1][gc,start     ] GC(46) Pause Young (Allocation Failure)
[2020-09-10T17:33:30.352+0000][1][gc,task      ] GC(46) Using 1 workers of 1 for evacuation
[2020-09-10T17:33:30.396+0000][1][gc,age       ] GC(46) Desired survivor size 4358144 bytes, new threshold 6 (max threshold 6)
[2020-09-10T17:33:30.397+0000][1][gc,age       ] GC(46) Age table with threshold 6 (max threshold 6)
[2020-09-10T17:33:30.397+0000][1][gc,age       ] GC(46) - age   1:        160 bytes,        160 total
[2020-09-10T17:33:30.397+0000][1][gc,age       ] GC(46) - age   6:        160 bytes,        320 total
[2020-09-10T17:33:30.397+0000][1][gc,heap      ] GC(46) ParNew: 68765K->430K(76672K)
[2020-09-10T17:33:30.397+0000][1][gc,heap      ] GC(46) CMS: 48424K->48797K(2011968K)
[2020-09-10T17:33:30.397+0000][1][gc,metaspace ] GC(46) Metaspace: 32387K->32387K(1079296K)
[2020-09-10T17:33:30.397+0000][1][gc           ] GC(46) Pause Young (Allocation Failure) 114M->48M(2039M) 45.137ms
[2020-09-10T17:33:30.397+0000][1][gc,cpu       ] GC(46) User=0.01s Sys=0.00s Real=0.04s
[2020-09-10T17:33:30.399+0000][1][safepoint    ] Safepoint "GenCollectForAllocation", Time since last: 207989521 ns, Reaching safepoint: 8760327 ns, At safepoint: 47231204 ns, Total: 55991531 ns
[2020-09-10T17:33:30.615+0000][1][gc,start     ] GC(47) Pause Young (Allocation Failure)
[2020-09-10T17:33:30.615+0000][1][gc,task      ] GC(47) Using 1 workers of 1 for evacuation
[2020-09-10T17:33:30.654+0000][1][gc,age       ] GC(47) Desired survivor size 4358144 bytes, new threshold 6 (max threshold 6)
[2020-09-10T17:33:30.654+0000][1][gc,age       ] GC(47) Age table with threshold 6 (max threshold 6)
[2020-09-10T17:33:30.654+0000][1][gc,age       ] GC(47) - age   1:         24 bytes,         24 total
[2020-09-10T17:33:30.654+0000][1][gc,heap      ] GC(47) ParNew: 68590K->107K(76672K)
[2020-09-10T17:33:30.654+0000][1][gc,heap      ] GC(47) CMS: 48797K->48797K(2011968K)
[2020-09-10T17:33:30.654+0000][1][gc,metaspace ] GC(47) Metaspace: 32387K->32387K(1079296K)
[2020-09-10T17:33:30.654+0000][1][gc           ] GC(47) Pause Young (Allocation Failure) 114M->47M(2039M) 38.951ms
[2020-09-10T17:33:30.654+0000][1][gc,cpu       ] GC(47) User=0.01s Sys=0.00s Real=0.04s
[2020-09-10T17:33:30.667+0000][1][safepoint    ] Safepoint "GenCollectForAllocation", Time since last: 216031103 ns, Reaching safepoint: 285211 ns, At safepoint: 51695606 ns, Total: 51980817 ns
[2020-09-10T17:33:30.887+0000][1][gc,start     ] GC(48) Pause Young (Allocation Failure)
[2020-09-10T17:33:30.887+0000][1][gc,task      ] GC(48) Using 1 workers of 1 for evacuation
[2020-09-10T17:33:30.927+0000][1][gc,age       ] GC(48) Desired survivor size 4358144 bytes, new threshold 6 (max threshold 6)
[2020-09-10T17:33:30.927+0000][1][gc,age       ] GC(48) Age table with threshold 6 (max threshold 6)
[2020-09-10T17:33:30.936+0000][1][gc,heap      ] GC(48) ParNew: 68267K->0K(76672K)
[2020-09-10T17:33:30.936+0000][1][gc,heap      ] GC(48) CMS: 48797K->48797K(2011968K)
[2020-09-10T17:33:30.936+0000][1][gc,metaspace ] GC(48) Metaspace: 32387K->32387K(1079296K)
[2020-09-10T17:33:30.936+0000][1][gc           ] GC(48) Pause Young (Allocation Failure) 114M->47M(2039M) 49.365ms
[2020-09-10T17:33:30.936+0000][1][gc,cpu       ] GC(48) User=0.01s Sys=0.00s Real=0.04s
[2020-09-10T17:33:30.936+0000][1][safepoint    ] Safepoint "GenCollectForAllocation", Time since last: 219148749 ns, Reaching safepoint: 832484 ns, At safepoint: 49427656 ns, Total: 50260140 ns
[2020-09-10T17:33:31.151+0000][1][gc,start     ] GC(49) Pause Young (Allocation Failure)
[2020-09-10T17:33:31.151+0000][1][gc,task      ] GC(49) Using 1 workers of 1 for evacuation
[2020-09-10T17:33:31.189+0000][1][gc,age       ] GC(49) Desired survivor size 4358144 bytes, new threshold 6 (max threshold 6)
[2020-09-10T17:33:31.189+0000][1][gc,age       ] GC(49) Age table with threshold 6 (max threshold 6)
[2020-09-10T17:33:31.189+0000][1][gc,age       ] GC(49) - age   1:        224 bytes,        224 total
[2020-09-10T17:33:31.189+0000][1][gc,heap      ] GC(49) ParNew: 68160K->6K(76672K)
[2020-09-10T17:33:31.189+0000][1][gc,heap      ] GC(49) CMS: 48797K->48797K(2011968K)
[2020-09-10T17:33:31.189+0000][1][gc,metaspace ] GC(49) Metaspace: 32387K->32387K(1079296K)
[2020-09-10T17:33:31.189+0000][1][gc           ] GC(49) Pause Young (Allocation Failure) 114M->47M(2039M) 38.680ms
[2020-09-10T17:33:31.189+0000][1][gc,cpu       ] GC(49) User=0.02s Sys=0.00s Real=0.04s
[2020-09-10T17:33:31.199+0000][1][safepoint    ] Safepoint "GenCollectForAllocation", Time since last: 211488856 ns, Reaching safepoint: 3122124 ns, At safepoint: 47974612 ns, Total: 51096736 ns
[2020-09-10T17:33:32.225+0000][1][safepoint    ] Safepoint "Cleanup", Time since last: 1026087910 ns, Reaching safepoint: 112143 ns, At safepoint: 5820 ns, Total: 117963 ns
[2020-09-10T17:33:33.235+0000][1][safepoint    ] Safepoint "Cleanup", Time since last: 1005776667 ns, Reaching safepoint: 4025551 ns, At safepoint: 9115 ns, Total: 4034666 ns
[2020-09-10T17:33:34.228+0000][1][gc,start     ] GC(50) Pause Young (Allocation Failure)
[2020-09-10T17:33:34.228+0000][1][gc,task      ] GC(50) Using 1 workers of 1 for evacuation
[2020-09-10T17:33:34.291+0000][1][gc,age       ] GC(50) Desired survivor size 4358144 bytes, new threshold 6 (max threshold 6)
[2020-09-10T17:33:34.291+0000][1][gc,age       ] GC(50) Age table with threshold 6 (max threshold 6)
[2020-09-10T17:33:34.291+0000][1][gc,age       ] GC(50) - age   1:     134104 bytes,     134104 total
[2020-09-10T17:33:34.291+0000][1][gc,heap      ] GC(50) ParNew: 68166K->133K(76672K)
[2020-09-10T17:33:34.291+0000][1][gc,heap      ] GC(50) CMS: 48797K->48797K(2011968K)
[2020-09-10T17:33:34.291+0000][1][gc,metaspace ] GC(50) Metaspace: 32389K->32389K(1079296K)
[2020-09-10T17:33:34.291+0000][1][gc           ] GC(50) Pause Young (Allocation Failure) 114M->47M(2039M) 63.198ms
[2020-09-10T17:33:34.291+0000][1][gc,cpu       ] GC(50) User=0.02s Sys=0.00s Real=0.06s
[2020-09-10T17:33:34.292+0000][1][safepoint    ] Safepoint "GenCollectForAllocation", Time since last: 993285986 ns, Reaching safepoint: 119641 ns, At safepoint: 63608245 ns, Total: 63727886 ns
[2020-09-10T17:33:34.815+0000][1][gc,start     ] GC(51) Pause Young (Allocation Failure)
[2020-09-10T17:33:34.816+0000][1][gc,task      ] GC(51) Using 1 workers of 1 for evacuation
[2020-09-10T17:33:34.869+0000][1][gc,age       ] GC(51) Desired survivor size 4358144 bytes, new threshold 6 (max threshold 6)
[2020-09-10T17:33:34.869+0000][1][gc,age       ] GC(51) Age table with threshold 6 (max threshold 6)
[2020-09-10T17:33:34.869+0000][1][gc,age       ] GC(51) - age   1:     511632 bytes,     511632 total
[2020-09-10T17:33:34.869+0000][1][gc,age       ] GC(51) - age   2:      83504 bytes,     595136 total
[2020-09-10T17:33:34.869+0000][1][gc,heap      ] GC(51) ParNew: 68293K->581K(76672K)
[2020-09-10T17:33:34.869+0000][1][gc,heap      ] GC(51) CMS: 48797K->48797K(2011968K)
[2020-09-10T17:33:34.869+0000][1][gc,metaspace ] GC(51) Metaspace: 32389K->32389K(1079296K)
[2020-09-10T17:33:34.869+0000][1][gc           ] GC(51) Pause Young (Allocation Failure) 114M->48M(2039M) 53.421ms
[2020-09-10T17:33:34.869+0000][1][gc,cpu       ] GC(51) User=0.01s Sys=0.00s Real=0.06s
[2020-09-10T17:33:34.869+0000][1][safepoint    ] Safepoint "GenCollectForAllocation", Time since last: 520208007 ns, Reaching safepoint: 3548738 ns, At safepoint: 53483076 ns, Total: 57031814 ns
[2020-09-10T17:33:35.427+0000][1][gc,start     ] GC(52) Pause Young (Allocation Failure)
[2020-09-10T17:33:35.427+0000][1][gc,task      ] GC(52) Using 1 workers of 1 for evacuation
[2020-09-10T17:33:35.469+0000][1][gc,age       ] GC(52) Desired survivor size 4358144 bytes, new threshold 6 (max threshold 6)
[2020-09-10T17:33:35.469+0000][1][gc,age       ] GC(52) Age table with threshold 6 (max threshold 6)
[2020-09-10T17:33:35.469+0000][1][gc,age       ] GC(52) - age   1:     676144 bytes,     676144 total
[2020-09-10T17:33:35.469+0000][1][gc,age       ] GC(52) - age   2:     341152 bytes,    1017296 total
[2020-09-10T17:33:35.469+0000][1][gc,age       ] GC(52) - age   3:      82904 bytes,    1100200 total
[2020-09-10T17:33:35.469+0000][1][gc,heap      ] GC(52) ParNew: 68741K->1078K(76672K)
[2020-09-10T17:33:35.469+0000][1][gc,heap      ] GC(52) CMS: 48797K->48797K(2011968K)
[2020-09-10T17:33:35.469+0000][1][gc,metaspace ] GC(52) Metaspace: 32389K->32389K(1079296K)
[2020-09-10T17:33:35.469+0000][1][gc           ] GC(52) Pause Young (Allocation Failure) 114M->48M(2039M) 42.101ms
[2020-09-10T17:33:35.469+0000][1][gc,cpu       ] GC(52) User=0.01s Sys=0.00s Real=0.04s
[2020-09-10T17:33:35.470+0000][1][safepoint    ] Safepoint "GenCollectForAllocation", Time since last: 557719089 ns, Reaching safepoint: 128099 ns, At safepoint: 42857571 ns, Total: 42985670 ns
[2020-09-10T17:33:35.864+0000][1][gc,start     ] GC(53) Pause Young (Allocation Failure)
[2020-09-10T17:33:35.864+0000][1][gc,task      ] GC(53) Using 1 workers of 1 for evacuation
[2020-09-10T17:33:35.913+0000][1][gc,age       ] GC(53) Desired survivor size 4358144 bytes, new threshold 6 (max threshold 6)
[2020-09-10T17:33:35.913+0000][1][gc,age       ] GC(53) Age table with threshold 6 (max threshold 6)
[2020-09-10T17:33:35.913+0000][1][gc,age       ] GC(53) - age   1:     313952 bytes,     313952 total
[2020-09-10T17:33:35.913+0000][1][gc,age       ] GC(53) - age   2:     660400 bytes,     974352 total
[2020-09-10T17:33:35.913+0000][1][gc,age       ] GC(53) - age   3:     340416 bytes,    1314768 total
[2020-09-10T17:33:35.913+0000][1][gc,age       ] GC(53) - age   4:      82240 bytes,    1397008 total
[2020-09-10T17:33:35.913+0000][1][gc,heap      ] GC(53) ParNew: 69238K->1439K(76672K)
[2020-09-10T17:33:35.913+0000][1][gc,heap      ] GC(53) CMS: 48797K->48797K(2011968K)
[2020-09-10T17:33:35.913+0000][1][gc,metaspace ] GC(53) Metaspace: 32389K->32389K(1079296K)
[2020-09-10T17:33:35.913+0000][1][gc           ] GC(53) Pause Young (Allocation Failure) 115M->49M(2039M) 49.495ms
[2020-09-10T17:33:35.913+0000][1][gc,cpu       ] GC(53) User=0.01s Sys=0.00s Real=0.05s
[2020-09-10T17:33:35.913+0000][1][safepoint    ] Safepoint "GenCollectForAllocation", Time since last: 393035154 ns, Reaching safepoint: 910594 ns, At safepoint: 49550951 ns, Total: 50461545 ns
[2020-09-10T17:33:36.453+0000][1][gc,start     ] GC(54) Pause Young (Allocation Failure)
[2020-09-10T17:33:36.453+0000][1][gc,task      ] GC(54) Using 1 workers of 1 for evacuation
[2020-09-10T17:33:36.490+0000][1][gc,age       ] GC(54) Desired survivor size 4358144 bytes, new threshold 6 (max threshold 6)
[2020-09-10T17:33:36.490+0000][1][gc,age       ] GC(54) Age table with threshold 6 (max threshold 6)
[2020-09-10T17:33:36.490+0000][1][gc,age       ] GC(54) - age   1:     931264 bytes,     931264 total
[2020-09-10T17:33:36.490+0000][1][gc,age       ] GC(54) - age   2:     302520 bytes,    1233784 total
[2020-09-10T17:33:36.490+0000][1][gc,age       ] GC(54) - age   3:     331736 bytes,    1565520 total
[2020-09-10T17:33:36.490+0000][1][gc,age       ] GC(54) - age   4:     340416 bytes,    1905936 total
[2020-09-10T17:33:36.490+0000][1][gc,age       ] GC(54) - age   5:      82080 bytes,    1988016 total
[2020-09-10T17:33:36.490+0000][1][gc,heap      ] GC(54) ParNew: 69599K->2013K(76672K)
[2020-09-10T17:33:36.490+0000][1][gc,heap      ] GC(54) CMS: 48797K->48797K(2011968K)
[2020-09-10T17:33:36.490+0000][1][gc,metaspace ] GC(54) Metaspace: 32389K->32389K(1079296K)
[2020-09-10T17:33:36.490+0000][1][gc           ] GC(54) Pause Young (Allocation Failure) 115M->49M(2039M) 37.584ms
[2020-09-10T17:33:36.490+0000][1][gc,cpu       ] GC(54) User=0.02s Sys=0.00s Real=0.04s
[2020-09-10T17:33:36.497+0000][1][safepoint    ] Safepoint "GenCollectForAllocation", Time since last: 539362216 ns, Reaching safepoint: 123717 ns, At safepoint: 44362108 ns, Total: 44485825 ns
[2020-09-10T17:33:36.900+0000][1][gc,start     ] GC(55) Pause Young (Allocation Failure)
[2020-09-10T17:33:36.900+0000][1][gc,task      ] GC(55) Using 1 workers of 1 for evacuation
[2020-09-10T17:33:36.938+0000][1][gc,age       ] GC(55) Desired survivor size 4358144 bytes, new threshold 6 (max threshold 6)
[2020-09-10T17:33:36.938+0000][1][gc,age       ] GC(55) Age table with threshold 6 (max threshold 6)
[2020-09-10T17:33:36.938+0000][1][gc,age       ] GC(55) - age   1:     345304 bytes,     345304 total
[2020-09-10T17:33:36.938+0000][1][gc,age       ] GC(55) - age   2:     919504 bytes,    1264808 total
[2020-09-10T17:33:36.938+0000][1][gc,age       ] GC(55) - age   3:     298416 bytes,    1563224 total
[2020-09-10T17:33:36.938+0000][1][gc,age       ] GC(55) - age   4:     331256 bytes,    1894480 total
[2020-09-10T17:33:36.938+0000][1][gc,age       ] GC(55) - age   5:     340288 bytes,    2234768 total
[2020-09-10T17:33:36.938+0000][1][gc,age       ] GC(55) - age   6:      82056 bytes,    2316824 total
[2020-09-10T17:33:36.938+0000][1][gc,heap      ] GC(55) ParNew: 70173K->2359K(76672K)
[2020-09-10T17:33:36.938+0000][1][gc,heap      ] GC(55) CMS: 48797K->48797K(2011968K)
[2020-09-10T17:33:36.938+0000][1][gc,metaspace ] GC(55) Metaspace: 32389K->32389K(1079296K)
[2020-09-10T17:33:36.938+0000][1][gc           ] GC(55) Pause Young (Allocation Failure) 116M->49M(2039M) 37.370ms
[2020-09-10T17:33:36.938+0000][1][gc,cpu       ] GC(55) User=0.01s Sys=0.00s Real=0.03s
[2020-09-10T17:33:36.951+0000][1][safepoint    ] Safepoint "GenCollectForAllocation", Time since last: 403210448 ns, Reaching safepoint: 107365 ns, At safepoint: 50378596 ns, Total: 50485961 ns
[2020-09-10T17:33:37.979+0000][1][safepoint    ] Safepoint "Cleanup", Time since last: 1027977223 ns, Reaching safepoint: 193095 ns, At safepoint: 6270 ns, Total: 199365 ns
[2020-09-10T17:33:38.291+0000][1][safepoint    ] Safepoint "Deoptimize", Time since last: 311633121 ns, Reaching safepoint: 132616 ns, At safepoint: 322760 ns, Total: 455376 ns
[2020-09-10T17:33:38.727+0000][1][safepoint    ] Safepoint "ICBufferFull", Time since last: 435733997 ns, Reaching safepoint: 142317 ns, At safepoint: 18767 ns, Total: 161084 ns
[2020-09-10T17:33:38.904+0000][1][safepoint    ] Safepoint "CollectForMetadataAllocation", Time since last: 176454674 ns, Reaching safepoint: 113708 ns, At safepoint: 113492 ns, Total: 227200 ns
[2020-09-10T17:33:38.970+0000][1][gc,start     ] GC(56) Pause Initial Mark
[2020-09-10T17:33:39.061+0000][1][gc           ] GC(56) Pause Initial Mark 111M->111M(2039M) 91.487ms
[2020-09-10T17:33:39.061+0000][1][gc,cpu       ] GC(56) User=0.02s Sys=0.00s Real=0.09s
[2020-09-10T17:33:39.101+0000][1][safepoint    ] Safepoint "CMS_Initial_Mark", Time since last: 66115062 ns, Reaching safepoint: 35684 ns, At safepoint: 131236485 ns, Total: 131272169 ns
[2020-09-10T17:33:39.111+0000][1][gc           ] GC(56) Concurrent Mark
[2020-09-10T17:33:39.164+0000][1][safepoint    ] Safepoint "CollectForMetadataAllocation", Time since last: 62737034 ns, Reaching safepoint: 39033 ns, At safepoint: 105012 ns, Total: 144045 ns
[2020-09-10T17:33:39.287+0000][1][safepoint    ] Safepoint "CollectForMetadataAllocation", Time since last: 122863917 ns, Reaching safepoint: 64413 ns, At safepoint: 100193 ns, Total: 164606 ns
[2020-09-10T17:33:39.492+0000][1][safepoint    ] Safepoint "CollectForMetadataAllocation", Time since last: 203641673 ns, Reaching safepoint: 1229617 ns, At safepoint: 109799 ns, Total: 1339416 ns
[2020-09-10T17:33:39.637+0000][1][gc           ] GC(56) Concurrent Mark 526.554ms
[2020-09-10T17:33:39.637+0000][1][gc,cpu       ] GC(56) User=0.14s Sys=0.00s Real=0.52s
[2020-09-10T17:33:39.637+0000][1][gc           ] GC(56) Concurrent Preclean
[2020-09-10T17:33:39.680+0000][1][gc           ] GC(56) Concurrent Preclean 43.156ms
[2020-09-10T17:33:39.681+0000][1][gc,cpu       ] GC(56) User=0.01s Sys=0.00s Real=0.05s
[2020-09-10T17:33:39.681+0000][1][gc           ] GC(56) Concurrent Abortable Preclean
[2020-09-10T17:33:39.763+0000][1][safepoint    ] Safepoint "CollectForMetadataAllocation", Time since last: 270860161 ns, Reaching safepoint: 123340 ns, At safepoint: 115935 ns, Total: 239275 ns
[2020-09-10T17:33:39.776+0000][1][gc,start     ] GC(57) Pause Young (Allocation Failure)
[2020-09-10T17:33:39.776+0000][1][gc,task      ] GC(57) Using 1 workers of 1 for evacuation
[2020-09-10T17:33:39.844+0000][1][gc,age       ] GC(57) Desired survivor size 4358144 bytes, new threshold 6 (max threshold 6)
[2020-09-10T17:33:39.844+0000][1][gc,age       ] GC(57) Age table with threshold 6 (max threshold 6)
[2020-09-10T17:33:39.844+0000][1][gc,age       ] GC(57) - age   1:    1224680 bytes,    1224680 total
[2020-09-10T17:33:39.844+0000][1][gc,age       ] GC(57) - age   2:     334104 bytes,    1558784 total
[2020-09-10T17:33:39.844+0000][1][gc,age       ] GC(57) - age   3:     918808 bytes,    2477592 total
[2020-09-10T17:33:39.844+0000][1][gc,age       ] GC(57) - age   4:     297792 bytes,    2775384 total
[2020-09-10T17:33:39.844+0000][1][gc,age       ] GC(57) - age   5:     330848 bytes,    3106232 total
[2020-09-10T17:33:39.844+0000][1][gc,age       ] GC(57) - age   6:     340288 bytes,    3446520 total
[2020-09-10T17:33:39.844+0000][1][gc,heap      ] GC(57) ParNew: 70519K->3471K(76672K)
[2020-09-10T17:33:39.844+0000][1][gc,heap      ] GC(57) CMS: 48797K->48874K(2011968K)
[2020-09-10T17:33:39.845+0000][1][gc,metaspace ] GC(57) Metaspace: 35719K->35719K(1083392K)
[2020-09-10T17:33:39.845+0000][1][gc           ] GC(57) Pause Young (Allocation Failure) 116M->51M(2039M) 68.964ms
[2020-09-10T17:33:39.845+0000][1][gc,cpu       ] GC(57) User=0.02s Sys=0.00s Real=0.07s
[2020-09-10T17:33:39.895+0000][1][safepoint    ] Safepoint "GenCollectForAllocation", Time since last: 12604942 ns, Reaching safepoint: 25538 ns, At safepoint: 119133879 ns, Total: 119159417 ns
[2020-09-10T17:33:40.019+0000][1][safepoint    ] Safepoint "CollectForMetadataAllocation", Time since last: 115997859 ns, Reaching safepoint: 8041365 ns, At safepoint: 146414 ns, Total: 8187779 ns
[2020-09-10T17:33:40.694+0000][1][gc           ] GC(56) Concurrent Abortable Preclean 1013.109ms
[2020-09-10T17:33:40.694+0000][1][gc,cpu       ] GC(56) User=0.25s Sys=0.00s Real=1.01s
[2020-09-10T17:33:40.704+0000][1][gc,start     ] GC(56) Pause Remark
[2020-09-10T17:33:40.806+0000][1][gc           ] GC(56) Pause Remark 94M->94M(2039M) 101.779ms
[2020-09-10T17:33:40.806+0000][1][gc,cpu       ] GC(56) User=0.03s Sys=0.00s Real=0.10s
[2020-09-10T17:33:40.850+0000][1][safepoint    ] Safepoint "CMS_Final_Remark", Time since last: 674843741 ns, Reaching safepoint: 10052874 ns, At safepoint: 145885690 ns, Total: 155938564 ns
[2020-09-10T17:33:40.850+0000][1][gc           ] GC(56) Concurrent Sweep
[2020-09-10T17:33:41.035+0000][1][gc           ] GC(56) Concurrent Sweep 185.372ms
[2020-09-10T17:33:41.035+0000][1][gc,cpu       ] GC(56) User=0.04s Sys=0.00s Real=0.18s
[2020-09-10T17:33:41.035+0000][1][gc           ] GC(56) Concurrent Reset
[2020-09-10T17:33:41.067+0000][1][gc           ] GC(56) Concurrent Reset 31.938ms
[2020-09-10T17:33:41.067+0000][1][gc,cpu       ] GC(56) User=0.01s Sys=0.00s Real=0.04s
[2020-09-10T17:33:41.067+0000][1][gc,heap      ] GC(56) Old: 48797K->47818K(2011968K)
[2020-09-10T17:33:41.443+0000][1][gc,start     ] GC(58) Pause Young (Allocation Failure)
[2020-09-10T17:33:41.443+0000][1][gc,task      ] GC(58) Using 1 workers of 1 for evacuation
[2020-09-10T17:33:41.535+0000][1][gc,age       ] GC(58) Desired survivor size 4358144 bytes, new threshold 6 (max threshold 6)
[2020-09-10T17:33:41.535+0000][1][gc,age       ] GC(58) Age table with threshold 6 (max threshold 6)
[2020-09-10T17:33:41.535+0000][1][gc,age       ] GC(58) - age   1:     322976 bytes,     322976 total
[2020-09-10T17:33:41.535+0000][1][gc,age       ] GC(58) - age   2:    1196432 bytes,    1519408 total
[2020-09-10T17:33:41.535+0000][1][gc,age       ] GC(58) - age   3:     334104 bytes,    1853512 total
[2020-09-10T17:33:41.535+0000][1][gc,age       ] GC(58) - age   4:     918808 bytes,    2772320 total
[2020-09-10T17:33:41.535+0000][1][gc,age       ] GC(58) - age   5:     297792 bytes,    3070112 total
[2020-09-10T17:33:41.535+0000][1][gc,age       ] GC(58) - age   6:     330680 bytes,    3400792 total
[2020-09-10T17:33:41.535+0000][1][gc,heap      ] GC(58) ParNew: 71631K->3450K(76672K)
[2020-09-10T17:33:41.535+0000][1][gc,heap      ] GC(58) CMS: 47818K->48150K(2011968K)
[2020-09-10T17:33:41.535+0000][1][gc,metaspace ] GC(58) Metaspace: 36163K->36163K(1083392K)
[2020-09-10T17:33:41.535+0000][1][gc           ] GC(58) Pause Young (Allocation Failure) 116M->50M(2039M) 91.988ms
[2020-09-10T17:33:41.535+0000][1][gc,cpu       ] GC(58) User=0.03s Sys=0.00s Real=0.09s
[2020-09-10T17:33:41.551+0000][1][safepoint    ] Safepoint "GenCollectForAllocation", Time since last: 593002406 ns, Reaching safepoint: 428759 ns, At safepoint: 107607662 ns, Total: 108036421 ns
[2020-09-10T17:33:42.575+0000][1][safepoint    ] Safepoint "Cleanup", Time since last: 1021007707 ns, Reaching safepoint: 2994238 ns, At safepoint: 7157 ns, Total: 3001395 ns
[2020-09-10T17:33:43.143+0000][1][safepoint    ] Safepoint "RevokeBias", Time since last: 568025400 ns, Reaching safepoint: 138351 ns, At safepoint: 53309 ns, Total: 191660 ns
[2020-09-10T17:33:44.160+0000][1][safepoint    ] Safepoint "Cleanup", Time since last: 1001817395 ns, Reaching safepoint: 15058336 ns, At safepoint: 6836 ns, Total: 15065172 ns
[2020-09-10T17:33:45.165+0000][1][safepoint    ] Safepoint "Cleanup", Time since last: 1004941323 ns, Reaching safepoint: 125968 ns, At safepoint: 9429 ns, Total: 135397 ns
[2020-09-10T17:33:45.303+0000][1][gc,start     ] GC(59) Pause Young (Allocation Failure)
[2020-09-10T17:33:45.303+0000][1][gc,task      ] GC(59) Using 1 workers of 1 for evacuation
[2020-09-10T17:33:45.390+0000][1][gc,age       ] GC(59) Desired survivor size 4358144 bytes, new threshold 5 (max threshold 6)
[2020-09-10T17:33:45.390+0000][1][gc,age       ] GC(59) Age table with threshold 5 (max threshold 6)
[2020-09-10T17:33:45.390+0000][1][gc,age       ] GC(59) - age   1:    2451720 bytes,    2451720 total
[2020-09-10T17:33:45.390+0000][1][gc,age       ] GC(59) - age   2:     277440 bytes,    2729160 total
[2020-09-10T17:33:45.390+0000][1][gc,age       ] GC(59) - age   3:    1193976 bytes,    3923136 total
[2020-09-10T17:33:45.390+0000][1][gc,age       ] GC(59) - age   4:     334104 bytes,    4257240 total
[2020-09-10T17:33:45.390+0000][1][gc,age       ] GC(59) - age   5:     918808 bytes,    5176048 total
[2020-09-10T17:33:45.390+0000][1][gc,age       ] GC(59) - age   6:     297792 bytes,    5473840 total
[2020-09-10T17:33:45.390+0000][1][gc,heap      ] GC(59) ParNew: 71610K->5412K(76672K)
[2020-09-10T17:33:45.390+0000][1][gc,heap      ] GC(59) CMS: 48150K->48473K(2011968K)
[2020-09-10T17:33:45.390+0000][1][gc,metaspace ] GC(59) Metaspace: 40774K->40774K(1087488K)
[2020-09-10T17:33:45.390+0000][1][gc           ] GC(59) Pause Young (Allocation Failure) 116M->52M(2039M) 87.001ms
[2020-09-10T17:33:45.390+0000][1][gc,cpu       ] GC(59) User=0.03s Sys=0.00s Real=0.09s
[2020-09-10T17:33:45.399+0000][1][safepoint    ] Safepoint "GenCollectForAllocation", Time since last: 131923173 ns, Reaching safepoint: 5912792 ns, At safepoint: 95967294 ns, Total: 101880086 ns
[2020-09-10T17:33:46.431+0000][1][safepoint    ] Safepoint "Cleanup", Time since last: 1032606282 ns, Reaching safepoint: 39092 ns, At safepoint: 5173 ns, Total: 44265 ns
[2020-09-10T17:33:47.439+0000][1][safepoint    ] Safepoint "Cleanup", Time since last: 1007326334 ns, Reaching safepoint: 396689 ns, At safepoint: 5748 ns, Total: 402437 ns
[2020-09-10T17:33:48.443+0000][1][safepoint    ] Safepoint "Cleanup", Time since last: 1003600457 ns, Reaching safepoint: 116168 ns, At safepoint: 6868 ns, Total: 123036 ns
[2020-09-10T17:33:49.448+0000][1][safepoint    ] Safepoint "Cleanup", Time since last: 1003876070 ns, Reaching safepoint: 853250 ns, At safepoint: 6316 ns, Total: 859566 ns
[2020-09-10T17:33:50.455+0000][1][safepoint    ] Safepoint "Cleanup", Time since last: 1000103345 ns, Reaching safepoint: 7080980 ns, At safepoint: 15319 ns, Total: 7096299 ns
[2020-09-10T17:33:51.465+0000][1][safepoint    ] Safepoint "Cleanup", Time since last: 1009245316 ns, Reaching safepoint: 1359742 ns, At safepoint: 10343 ns, Total: 1370085 ns
[2020-09-10T17:33:51.811+0000][1][gc,start     ] GC(60) Pause Young (Allocation Failure)
[2020-09-10T17:33:51.811+0000][1][gc,task      ] GC(60) Using 1 workers of 1 for evacuation
[2020-09-10T17:33:51.908+0000][1][gc,age       ] GC(60) Desired survivor size 4358144 bytes, new threshold 2 (max threshold 6)
[2020-09-10T17:33:51.908+0000][1][gc,age       ] GC(60) Age table with threshold 2 (max threshold 6)
[2020-09-10T17:33:51.908+0000][1][gc,age       ] GC(60) - age   1:    2835816 bytes,    2835816 total
[2020-09-10T17:33:51.908+0000][1][gc,age       ] GC(60) - age   2:    2394408 bytes,    5230224 total
[2020-09-10T17:33:51.908+0000][1][gc,age       ] GC(60) - age   3:     277440 bytes,    5507664 total
[2020-09-10T17:33:51.908+0000][1][gc,age       ] GC(60) - age   4:    1193776 bytes,    6701440 total
[2020-09-10T17:33:51.908+0000][1][gc,age       ] GC(60) - age   5:     334104 bytes,    7035544 total
[2020-09-10T17:33:51.908+0000][1][gc,heap      ] GC(60) ParNew: 73572K->8512K(76672K)
[2020-09-10T17:33:51.908+0000][1][gc,heap      ] GC(60) CMS: 48473K->49661K(2011968K)
[2020-09-10T17:33:51.908+0000][1][gc,metaspace ] GC(60) Metaspace: 46859K->46859K(1093632K)
[2020-09-10T17:33:51.908+0000][1][gc           ] GC(60) Pause Young (Allocation Failure) 119M->56M(2039M) 97.614ms
[2020-09-10T17:33:51.908+0000][1][gc,cpu       ] GC(60) User=0.03s Sys=0.00s Real=0.10s
[2020-09-10T17:33:51.931+0000][1][safepoint    ] Safepoint "GenCollectForAllocation", Time since last: 345352778 ns, Reaching safepoint: 129618 ns, At safepoint: 119847467 ns, Total: 119977085 ns
[2020-09-10T17:33:51.948+0000][1][safepoint    ] Safepoint "RevokeBias", Time since last: 17197206 ns, Reaching safepoint: 28288 ns, At safepoint: 22962 ns, Total: 51250 ns
[2020-09-10T17:33:52.630+0000][1][safepoint    ] Safepoint "RevokeBias", Time since last: 681552993 ns, Reaching safepoint: 133844 ns, At safepoint: 43374 ns, Total: 177218 ns
[2020-09-10T17:33:53.187+0000][1][safepoint    ] Safepoint "RevokeBias", Time since last: 557097039 ns, Reaching safepoint: 113382 ns, At safepoint: 8031 ns, Total: 121413 ns
[2020-09-10T17:33:53.187+0000][1][safepoint    ] Safepoint "RevokeBias", Time since last: 123021 ns, Reaching safepoint: 81669 ns, At safepoint: 50830 ns, Total: 132499 ns
[2020-09-10T17:33:53.187+0000][1][safepoint    ] Safepoint "RevokeBias", Time since last: 248123 ns, Reaching safepoint: 82843 ns, At safepoint: 28662 ns, Total: 111505 ns
[2020-09-10T17:33:53.199+0000][1][safepoint    ] Safepoint "RevokeBias", Time since last: 10937662 ns, Reaching safepoint: 434983 ns, At safepoint: 37620 ns, Total: 472603 ns
[2020-09-10T17:33:53.199+0000][1][safepoint    ] Safepoint "RevokeBias", Time since last: 44148 ns, Reaching safepoint: 83552 ns, At safepoint: 27840 ns, Total: 111392 ns
[2020-09-10T17:33:53.199+0000][1][safepoint    ] Safepoint "RevokeBias", Time since last: 32996 ns, Reaching safepoint: 83278 ns, At safepoint: 31400 ns, Total: 114678 ns
[2020-09-10T17:33:53.199+0000][1][safepoint    ] Safepoint "RevokeBias", Time since last: 29635 ns, Reaching safepoint: 80602 ns, At safepoint: 23000 ns, Total: 103602 ns
[2020-09-10T17:33:53.199+0000][1][safepoint    ] Safepoint "RevokeBias", Time since last: 28255 ns, Reaching safepoint: 79895 ns, At safepoint: 20602 ns, Total: 100497 ns
[2020-09-10T17:33:53.200+0000][1][safepoint    ] Safepoint "RevokeBias", Time since last: 27559 ns, Reaching safepoint: 79492 ns, At safepoint: 20697 ns, Total: 100189 ns
[2020-09-10T17:33:53.200+0000][1][safepoint    ] Safepoint "RevokeBias", Time since last: 27002 ns, Reaching safepoint: 79268 ns, At safepoint: 20170 ns, Total: 99438 ns
[2020-09-10T17:33:53.200+0000][1][safepoint    ] Safepoint "RevokeBias", Time since last: 30918 ns, Reaching safepoint: 79163 ns, At safepoint: 20628 ns, Total: 99791 ns
[2020-09-10T17:33:53.200+0000][1][safepoint    ] Safepoint "RevokeBias", Time since last: 27431 ns, Reaching safepoint: 80635 ns, At safepoint: 24742 ns, Total: 105377 ns
[2020-09-10T17:33:53.200+0000][1][safepoint    ] Safepoint "RevokeBias", Time since last: 26906 ns, Reaching safepoint: 80369 ns, At safepoint: 24435 ns, Total: 104804 ns
[2020-09-10T17:33:53.206+0000][1][safepoint    ] Safepoint "RevokeBias", Time since last: 5563545 ns, Reaching safepoint: 114630 ns, At safepoint: 39817 ns, Total: 154447 ns
[2020-09-10T17:33:53.206+0000][1][safepoint    ] Safepoint "RevokeBias", Time since last: 64104 ns, Reaching safepoint: 82249 ns, At safepoint: 27470 ns, Total: 109719 ns
[2020-09-10T17:33:53.206+0000][1][safepoint    ] Safepoint "RevokeBias", Time since last: 30591 ns, Reaching safepoint: 80224 ns, At safepoint: 21311 ns, Total: 101535 ns
[2020-09-10T17:33:53.206+0000][1][safepoint    ] Safepoint "RevokeBias", Time since last: 28508 ns, Reaching safepoint: 80315 ns, At safepoint: 25017 ns, Total: 105332 ns
[2020-09-10T17:33:53.206+0000][1][safepoint    ] Safepoint "RevokeBias", Time since last: 27776 ns, Reaching safepoint: 79209 ns, At safepoint: 20354 ns, Total: 99563 ns
[2020-09-10T17:33:53.207+0000][1][safepoint    ] Safepoint "RevokeBias", Time since last: 27146 ns, Reaching safepoint: 79738 ns, At safepoint: 20668 ns, Total: 100406 ns
[2020-09-10T17:33:53.207+0000][1][safepoint    ] Safepoint "RevokeBias", Time since last: 26833 ns, Reaching safepoint: 79460 ns, At safepoint: 41687 ns, Total: 121147 ns
[2020-09-10T17:33:53.207+0000][1][safepoint    ] Safepoint "RevokeBias", Time since last: 30876 ns, Reaching safepoint: 80620 ns, At safepoint: 24620 ns, Total: 105240 ns
[2020-09-10T17:33:53.207+0000][1][safepoint    ] Safepoint "RevokeBias", Time since last: 27043 ns, Reaching safepoint: 80004 ns, At safepoint: 24246 ns, Total: 104250 ns
[2020-09-10T17:33:53.207+0000][1][safepoint    ] Safepoint "BulkRevokeBias", Time since last: 29240 ns, Reaching safepoint: 82440 ns, At safepoint: 79194 ns, Total: 161634 ns
[2020-09-10T17:33:53.207+0000][1][safepoint    ] Safepoint "RevokeBias", Time since last: 97832 ns, Reaching safepoint: 84890 ns, At safepoint: 30419 ns, Total: 115309 ns
[2020-09-10T17:33:53.207+0000][1][safepoint    ] Safepoint "RevokeBias", Time since last: 39553 ns, Reaching safepoint: 84264 ns, At safepoint: 29054 ns, Total: 113318 ns
[2020-09-10T17:33:53.208+0000][1][safepoint    ] Safepoint "RevokeBias", Time since last: 83214 ns, Reaching safepoint: 84788 ns, At safepoint: 29070 ns, Total: 113858 ns
[2020-09-10T17:33:53.221+0000][1][safepoint    ] Safepoint "RevokeBias", Time since last: 13148655 ns, Reaching safepoint: 106579 ns, At safepoint: 14423 ns, Total: 121002 ns
[2020-09-10T17:33:53.221+0000][1][safepoint    ] Safepoint "RevokeBias", Time since last: 58088 ns, Reaching safepoint: 79767 ns, At safepoint: 9339 ns, Total: 89106 ns
[2020-09-10T17:33:53.221+0000][1][safepoint    ] Safepoint "RevokeBias", Time since last: 43594 ns, Reaching safepoint: 79194 ns, At safepoint: 8236 ns, Total: 87430 ns
[2020-09-10T17:33:53.221+0000][1][safepoint    ] Safepoint "RevokeBias", Time since last: 32888 ns, Reaching safepoint: 78069 ns, At safepoint: 7924 ns, Total: 85993 ns
[2020-09-10T17:33:53.221+0000][1][safepoint    ] Safepoint "RevokeBias", Time since last: 29090 ns, Reaching safepoint: 77946 ns, At safepoint: 7917 ns, Total: 85863 ns
[2020-09-10T17:33:53.222+0000][1][safepoint    ] Safepoint "RevokeBias", Time since last: 28624 ns, Reaching safepoint: 78310 ns, At safepoint: 7974 ns, Total: 86284 ns
[2020-09-10T17:33:53.222+0000][1][safepoint    ] Safepoint "RevokeBias", Time since last: 28832 ns, Reaching safepoint: 77273 ns, At safepoint: 7819 ns, Total: 85092 ns
[2020-09-10T17:33:53.222+0000][1][safepoint    ] Safepoint "RevokeBias", Time since last: 27900 ns, Reaching safepoint: 77199 ns, At safepoint: 7860 ns, Total: 85059 ns
[2020-09-10T17:33:53.222+0000][1][safepoint    ] Safepoint "RevokeBias", Time since last: 28644 ns, Reaching safepoint: 77727 ns, At safepoint: 7851 ns, Total: 85578 ns
[2020-09-10T17:33:53.222+0000][1][safepoint    ] Safepoint "RevokeBias", Time since last: 28064 ns, Reaching safepoint: 78290 ns, At safepoint: 8591 ns, Total: 86881 ns
[2020-09-10T17:33:53.222+0000][1][safepoint    ] Safepoint "RevokeBias", Time since last: 28293 ns, Reaching safepoint: 77941 ns, At safepoint: 8625 ns, Total: 86566 ns
[2020-09-10T17:33:53.222+0000][1][safepoint    ] Safepoint "RevokeBias", Time since last: 28140 ns, Reaching safepoint: 78093 ns, At safepoint: 7960 ns, Total: 86053 ns
[2020-09-10T17:33:53.222+0000][1][safepoint    ] Safepoint "RevokeBias", Time since last: 27951 ns, Reaching safepoint: 77697 ns, At safepoint: 7922 ns, Total: 85619 ns
[2020-09-10T17:33:53.546+0000][1][safepoint    ] Safepoint "RevokeBias", Time since last: 320471840 ns, Reaching safepoint: 3472131 ns, At safepoint: 31025 ns, Total: 3503156 ns
[2020-09-10T17:33:53.555+0000][1][safepoint    ] Safepoint "RevokeBias", Time since last: 8582656 ns, Reaching safepoint: 103495 ns, At safepoint: 29494 ns, Total: 132989 ns
[2020-09-10T17:33:53.555+0000][1][safepoint    ] Safepoint "RevokeBias", Time since last: 70087 ns, Reaching safepoint: 81017 ns, At safepoint: 16743 ns, Total: 97760 ns
[2020-09-10T17:33:53.768+0000][1][safepoint    ] Safepoint "RevokeBias", Time since last: 211583108 ns, Reaching safepoint: 1048248 ns, At safepoint: 37944 ns, Total: 1086192 ns
[2020-09-10T17:33:53.771+0000][1][safepoint    ] Safepoint "RevokeBias", Time since last: 2859974 ns, Reaching safepoint: 100445 ns, At safepoint: 38952 ns, Total: 139397 ns
[2020-09-10T17:33:53.771+0000][1][safepoint    ] Safepoint "RevokeBias", Time since last: 123543 ns, Reaching safepoint: 81521 ns, At safepoint: 42973 ns, Total: 124494 ns
[2020-09-10T17:33:53.778+0000][1][safepoint    ] Safepoint "RevokeBias", Time since last: 7134043 ns, Reaching safepoint: 117248 ns, At safepoint: 38223 ns, Total: 155471 ns
[2020-09-10T17:33:53.779+0000][1][safepoint    ] Safepoint "RevokeBias", Time since last: 505813 ns, Reaching safepoint: 87055 ns, At safepoint: 29329 ns, Total: 116384 ns
[2020-09-10T17:33:53.802+0000][1][safepoint    ] Safepoint "RevokeBias", Time since last: 22366496 ns, Reaching safepoint: 119267 ns, At safepoint: 42012 ns, Total: 161279 ns
[2020-09-10T17:33:53.806+0000][1][safepoint    ] Safepoint "RevokeBias", Time since last: 4172015 ns, Reaching safepoint: 106292 ns, At safepoint: 35323 ns, Total: 141615 ns
[2020-09-10T17:33:53.806+0000][1][safepoint    ] Safepoint "RevokeBias", Time since last: 93238 ns, Reaching safepoint: 83205 ns, At safepoint: 21825 ns, Total: 105030 ns
[2020-09-10T17:33:53.806+0000][1][safepoint    ] Safepoint "RevokeBias", Time since last: 40116 ns, Reaching safepoint: 81044 ns, At safepoint: 19782 ns, Total: 100826 ns
[2020-09-10T17:33:53.807+0000][1][safepoint    ] Safepoint "RevokeBias", Time since last: 179632 ns, Reaching safepoint: 87224 ns, At safepoint: 21363 ns, Total: 108587 ns
[2020-09-10T17:33:53.807+0000][1][safepoint    ] Safepoint "RevokeBias", Time since last: 38979 ns, Reaching safepoint: 95737 ns, At safepoint: 19797 ns, Total: 115534 ns
[2020-09-10T17:33:53.843+0000][1][safepoint    ] Safepoint "RevokeBias", Time since last: 35988903 ns, Reaching safepoint: 245155 ns, At safepoint: 37825 ns, Total: 282980 ns
[2020-09-10T17:33:53.843+0000][1][safepoint    ] Safepoint "RevokeBias", Time since last: 137261 ns, Reaching safepoint: 96074 ns, At safepoint: 45255 ns, Total: 141329 ns
[2020-09-10T17:33:53.843+0000][1][safepoint    ] Safepoint "RevokeBias", Time since last: 56189 ns, Reaching safepoint: 89258 ns, At safepoint: 30353 ns, Total: 119611 ns
[2020-09-10T17:33:53.844+0000][1][safepoint    ] Safepoint "RevokeBias", Time since last: 35883 ns, Reaching safepoint: 83772 ns, At safepoint: 24673 ns, Total: 108445 ns
[2020-09-10T17:33:53.844+0000][1][safepoint    ] Safepoint "RevokeBias", Time since last: 31562 ns, Reaching safepoint: 85612 ns, At safepoint: 27335 ns, Total: 112947 ns
[2020-09-10T17:33:53.844+0000][1][safepoint    ] Safepoint "RevokeBias", Time since last: 32881 ns, Reaching safepoint: 83798 ns, At safepoint: 28021 ns, Total: 111819 ns
[2020-09-10T17:33:53.844+0000][1][safepoint    ] Safepoint "RevokeBias", Time since last: 32905 ns, Reaching safepoint: 85762 ns, At safepoint: 28163 ns, Total: 113925 ns
[2020-09-10T17:33:53.844+0000][1][safepoint    ] Safepoint "BulkRevokeBias", Time since last: 35655 ns, Reaching safepoint: 84493 ns, At safepoint: 89500 ns, Total: 173993 ns
[2020-09-10T17:33:53.845+0000][1][safepoint    ] Safepoint "RevokeBias", Time since last: 198249 ns, Reaching safepoint: 109226 ns, At safepoint: 38480 ns, Total: 147706 ns
[2020-09-10T17:33:53.845+0000][1][safepoint    ] Safepoint "RevokeBias", Time since last: 92113 ns, Reaching safepoint: 83200 ns, At safepoint: 21859 ns, Total: 105059 ns
[2020-09-10T17:33:53.847+0000][1][safepoint    ] Safepoint "RevokeBias", Time since last: 1916232 ns, Reaching safepoint: 92663 ns, At safepoint: 28315 ns, Total: 120978 ns
[2020-09-10T17:33:53.847+0000][1][safepoint    ] Safepoint "RevokeBias", Time since last: 64665 ns, Reaching safepoint: 82552 ns, At safepoint: 25991 ns, Total: 108543 ns
[2020-09-10T17:33:53.847+0000][1][safepoint    ] Safepoint "RevokeBias", Time since last: 67610 ns, Reaching safepoint: 84703 ns, At safepoint: 37576 ns, Total: 122279 ns
[2020-09-10T17:33:53.850+0000][1][safepoint    ] Safepoint "RevokeBias", Time since last: 345070 ns, Reaching safepoint: 2244406 ns, At safepoint: 28586 ns, Total: 2272992 ns
[2020-09-10T17:33:53.850+0000][1][safepoint    ] Safepoint "RevokeBias", Time since last: 147976 ns, Reaching safepoint: 86577 ns, At safepoint: 20861 ns, Total: 107438 ns
[2020-09-10T17:33:53.850+0000][1][safepoint    ] Safepoint "RevokeBias", Time since last: 240829 ns, Reaching safepoint: 84696 ns, At safepoint: 19929 ns, Total: 104625 ns
[2020-09-10T17:33:53.851+0000][1][safepoint    ] Safepoint "RevokeBias", Time since last: 73937 ns, Reaching safepoint: 82795 ns, At safepoint: 21612 ns, Total: 104407 ns
[2020-09-10T17:33:53.865+0000][1][safepoint    ] Safepoint "RevokeBias", Time since last: 14304532 ns, Reaching safepoint: 64696 ns, At safepoint: 40050 ns, Total: 104746 ns
[2020-09-10T17:33:53.865+0000][1][safepoint    ] Safepoint "RevokeBias", Time since last: 104351 ns, Reaching safepoint: 12768 ns, At safepoint: 20676 ns, Total: 33444 ns
[2020-09-10T17:33:53.865+0000][1][safepoint    ] Safepoint "RevokeBias", Time since last: 36596 ns, Reaching safepoint: 11638 ns, At safepoint: 19393 ns, Total: 31031 ns
[2020-09-10T17:33:53.865+0000][1][safepoint    ] Safepoint "RevokeBias", Time since last: 35482 ns, Reaching safepoint: 10325 ns, At safepoint: 25382 ns, Total: 35707 ns
[2020-09-10T17:33:53.879+0000][1][safepoint    ] Safepoint "RevokeBias", Time since last: 13532769 ns, Reaching safepoint: 37864 ns, At safepoint: 35331 ns, Total: 73195 ns
[2020-09-10T17:33:53.879+0000][1][safepoint    ] Safepoint "RevokeBias", Time since last: 146954 ns, Reaching safepoint: 12670 ns, At safepoint: 21962 ns, Total: 34632 ns
[2020-09-10T17:33:53.879+0000][1][safepoint    ] Safepoint "RevokeBias", Time since last: 364896 ns, Reaching safepoint: 12875 ns, At safepoint: 20533 ns, Total: 33408 ns
[2020-09-10T17:33:53.880+0000][1][safepoint    ] Safepoint "RevokeBias", Time since last: 376799 ns, Reaching safepoint: 12625 ns, At safepoint: 19915 ns, Total: 32540 ns
[2020-09-10T17:33:53.880+0000][1][safepoint    ] Safepoint "RevokeBias", Time since last: 78343 ns, Reaching safepoint: 11522 ns, At safepoint: 19533 ns, Total: 31055 ns
[2020-09-10T17:33:53.880+0000][1][safepoint    ] Safepoint "RevokeBias", Time since last: 190521 ns, Reaching safepoint: 12133 ns, At safepoint: 18959 ns, Total: 31092 ns
[2020-09-10T17:33:53.883+0000][1][safepoint    ] Safepoint "Deoptimize", Time since last: 2518730 ns, Reaching safepoint: 103007 ns, At safepoint: 306645 ns, Total: 409652 ns
[2020-09-10T17:33:53.891+0000][1][safepoint    ] Safepoint "RevokeBias", Time since last: 7574621 ns, Reaching safepoint: 120066 ns, At safepoint: 40204 ns, Total: 160270 ns
[2020-09-10T17:33:53.928+0000][1][safepoint    ] Safepoint "RevokeBias", Time since last: 25145943 ns, Reaching safepoint: 11849183 ns, At safepoint: 50773 ns, Total: 11899956 ns
[2020-09-10T17:33:53.929+0000][1][safepoint    ] Safepoint "RevokeBias", Time since last: 768035 ns, Reaching safepoint: 100793 ns, At safepoint: 31985 ns, Total: 132778 ns
[2020-09-10T17:33:53.939+0000][1][safepoint    ] Safepoint "RevokeBias", Time since last: 10139146 ns, Reaching safepoint: 113596 ns, At safepoint: 38967 ns, Total: 152563 ns
[2020-09-10T17:33:53.940+0000][1][safepoint    ] Safepoint "RevokeBias", Time since last: 518097 ns, Reaching safepoint: 82923 ns, At safepoint: 24468 ns, Total: 107391 ns
[2020-09-10T17:33:53.951+0000][1][safepoint    ] Safepoint "RevokeBias", Time since last: 11199028 ns, Reaching safepoint: 85080 ns, At safepoint: 34284 ns, Total: 119364 ns
[2020-09-10T17:33:53.952+0000][1][safepoint    ] Safepoint "RevokeBias", Time since last: 873285 ns, Reaching safepoint: 85128 ns, At safepoint: 24287 ns, Total: 109415 ns
[2020-09-10T17:33:53.953+0000][1][safepoint    ] Safepoint "RevokeBias", Time since last: 591721 ns, Reaching safepoint: 93080 ns, At safepoint: 27210 ns, Total: 120290 ns
[2020-09-10T17:33:53.953+0000][1][safepoint    ] Safepoint "RevokeBias", Time since last: 38430 ns, Reaching safepoint: 84119 ns, At safepoint: 23862 ns, Total: 107981 ns
[2020-09-10T17:33:54.479+0000][1][safepoint    ] Safepoint "RevokeBias", Time since last: 526473982 ns, Reaching safepoint: 131948 ns, At safepoint: 15125 ns, Total: 147073 ns
[2020-09-10T17:33:54.480+0000][1][safepoint    ] Safepoint "RevokeBias", Time since last: 317991 ns, Reaching safepoint: 86340 ns, At safepoint: 8595 ns, Total: 94935 ns
[2020-09-10T17:33:54.480+0000][1][safepoint    ] Safepoint "RevokeBias", Time since last: 332507 ns, Reaching safepoint: 84500 ns, At safepoint: 8293 ns, Total: 92793 ns
[2020-09-10T17:33:54.603+0000][1][safepoint    ] Safepoint "RevokeBias", Time since last: 122514679 ns, Reaching safepoint: 106541 ns, At safepoint: 16188 ns, Total: 122729 ns
[2020-09-10T17:33:54.935+0000][1][gc,start     ] GC(61) Pause Young (Allocation Failure)
[2020-09-10T17:33:54.935+0000][1][gc,task      ] GC(61) Using 1 workers of 1 for evacuation
[2020-09-10T17:33:55.237+0000][1][gc,age       ] GC(61) Desired survivor size 4358144 bytes, new threshold 2 (max threshold 6)
[2020-09-10T17:33:55.238+0000][1][gc,age       ] GC(61) Age table with threshold 2 (max threshold 6)
[2020-09-10T17:33:55.238+0000][1][gc,age       ] GC(61) - age   1:    2348912 bytes,    2348912 total
[2020-09-10T17:33:55.238+0000][1][gc,age       ] GC(61) - age   2:    2572488 bytes,    4921400 total
[2020-09-10T17:33:55.238+0000][1][gc,heap      ] GC(61) ParNew: 76672K->6324K(76672K)
[2020-09-10T17:33:55.238+0000][1][gc,heap      ] GC(61) CMS: 49661K->53861K(2011968K)
[2020-09-10T17:33:55.238+0000][1][gc,metaspace ] GC(61) Metaspace: 52072K->52072K(1097728K)
[2020-09-10T17:33:55.238+0000][1][gc           ] GC(61) Pause Young (Allocation Failure) 123M->58M(2039M) 302.792ms
[2020-09-10T17:33:55.238+0000][1][gc,cpu       ] GC(61) User=0.10s Sys=0.00s Real=0.30s
[2020-09-10T17:33:55.243+0000][1][safepoint    ] Safepoint "GenCollectForAllocation", Time since last: 331726034 ns, Reaching safepoint: 121268 ns, At safepoint: 307808197 ns, Total: 307929465 ns
[2020-09-10T17:33:55.623+0000][1][safepoint    ] Safepoint "RevokeBias", Time since last: 380118981 ns, Reaching safepoint: 408312 ns, At safepoint: 20949 ns, Total: 429261 ns
[2020-09-10T17:33:55.623+0000][1][safepoint    ] Safepoint "BulkRevokeBias", Time since last: 61954 ns, Reaching safepoint: 13134 ns, At safepoint: 49410 ns, Total: 62544 ns
[2020-09-10T17:33:56.631+0000][1][safepoint    ] Safepoint "Cleanup", Time since last: 1006811783 ns, Reaching safepoint: 968096 ns, At safepoint: 7985 ns, Total: 976081 ns
[2020-09-10T17:33:57.636+0000][1][safepoint    ] Safepoint "Cleanup", Time since last: 1003591829 ns, Reaching safepoint: 873344 ns, At safepoint: 6716 ns, Total: 880060 ns
[2020-09-10T17:33:58.461+0000][1][gc,start     ] GC(62) Pause Young (Allocation Failure)
[2020-09-10T17:33:58.461+0000][1][gc,task      ] GC(62) Using 1 workers of 1 for evacuation
[2020-09-10T17:33:58.555+0000][1][gc,age       ] GC(62) Desired survivor size 4358144 bytes, new threshold 6 (max threshold 6)
[2020-09-10T17:33:58.556+0000][1][gc,age       ] GC(62) Age table with threshold 6 (max threshold 6)
[2020-09-10T17:33:58.556+0000][1][gc,age       ] GC(62) - age   1:    1196848 bytes,    1196848 total
[2020-09-10T17:33:58.556+0000][1][gc,age       ] GC(62) - age   2:    2299440 bytes,    3496288 total
[2020-09-10T17:33:58.556+0000][1][gc,heap      ] GC(62) ParNew: 74484K->5185K(76672K)
[2020-09-10T17:33:58.556+0000][1][gc,heap      ] GC(62) CMS: 53861K->56476K(2011968K)
[2020-09-10T17:33:58.556+0000][1][gc,metaspace ] GC(62) Metaspace: 58826K->58826K(1103872K)
[2020-09-10T17:33:58.556+0000][1][gc           ] GC(62) Pause Young (Allocation Failure) 125M->60M(2039M) 94.478ms
[2020-09-10T17:33:58.556+0000][1][gc,cpu       ] GC(62) User=0.03s Sys=0.00s Real=0.09s
[2020-09-10T17:33:58.562+0000][1][safepoint    ] Safepoint "GenCollectForAllocation", Time since last: 825428538 ns, Reaching safepoint: 138937 ns, At safepoint: 101104509 ns, Total: 101243446 ns
[2020-09-10T17:33:59.083+0000][1][safepoint    ] Safepoint "CollectForMetadataAllocation", Time since last: 518313108 ns, Reaching safepoint: 2555323 ns, At safepoint: 96651 ns, Total: 2651974 ns
[2020-09-10T17:33:59.384+0000][1][safepoint    ] Safepoint "CollectForMetadataAllocation", Time since last: 299503323 ns, Reaching safepoint: 938280 ns, At safepoint: 169606 ns, Total: 1107886 ns
[2020-09-10T17:33:59.450+0000][1][safepoint    ] Safepoint "CollectForMetadataAllocation", Time since last: 65543354 ns, Reaching safepoint: 121393 ns, At safepoint: 116154 ns, Total: 237547 ns
[2020-09-10T17:33:59.655+0000][1][safepoint    ] Safepoint "CollectForMetadataAllocation", Time since last: 205131288 ns, Reaching safepoint: 128334 ns, At safepoint: 120766 ns, Total: 249100 ns
[2020-09-10T17:33:59.755+0000][1][safepoint    ] Safepoint "CollectForMetadataAllocation", Time since last: 99720220 ns, Reaching safepoint: 116977 ns, At safepoint: 127330 ns, Total: 244307 ns
[2020-09-10T17:33:59.971+0000][1][safepoint    ] Safepoint "RevokeBias", Time since last: 212268291 ns, Reaching safepoint: 3527955 ns, At safepoint: 48123 ns, Total: 3576078 ns
[2020-09-10T17:33:59.971+0000][1][safepoint    ] Safepoint "RevokeBias", Time since last: 142122 ns, Reaching safepoint: 82254 ns, At safepoint: 22712 ns, Total: 104966 ns
[2020-09-10T17:33:59.971+0000][1][safepoint    ] Safepoint "RevokeBias", Time since last: 104312 ns, Reaching safepoint: 81172 ns, At safepoint: 20744 ns, Total: 101916 ns
[2020-09-10T17:33:59.983+0000][1][safepoint    ] Safepoint "RevokeBias", Time since last: 11976851 ns, Reaching safepoint: 107718 ns, At safepoint: 31163 ns, Total: 138881 ns
[2020-09-10T17:34:00.087+0000][1][safepoint    ] Safepoint "CollectForMetadataAllocation", Time since last: 97584999 ns, Reaching safepoint: 5802743 ns, At safepoint: 133474 ns, Total: 5936217 ns
[2020-09-10T17:34:00.295+0000][1][safepoint    ] Safepoint "CollectForMetadataAllocation", Time since last: 207325262 ns, Reaching safepoint: 524056 ns, At safepoint: 114453 ns, Total: 638509 ns
[2020-09-10T17:34:00.563+0000][1][gc,start     ] GC(63) Pause Initial Mark
[2020-09-10T17:34:00.600+0000][1][gc           ] GC(63) Pause Initial Mark 93M->93M(2039M) 37.650ms
[2020-09-10T17:34:00.600+0000][1][gc,cpu       ] GC(63) User=0.01s Sys=0.00s Real=0.04s
[2020-09-10T17:34:00.622+0000][1][safepoint    ] Safepoint "CMS_Initial_Mark", Time since last: 267305808 ns, Reaching safepoint: 573248 ns, At safepoint: 59625397 ns, Total: 60198645 ns
[2020-09-10T17:34:00.622+0000][1][gc           ] GC(63) Concurrent Mark
[2020-09-10T17:34:00.735+0000][1][safepoint    ] Safepoint "CollectForMetadataAllocation", Time since last: 112096016 ns, Reaching safepoint: 77049 ns, At safepoint: 116071 ns, Total: 193120 ns
[2020-09-10T17:34:00.944+0000][1][safepoint    ] Safepoint "CollectForMetadataAllocation", Time since last: 200104069 ns, Reaching safepoint: 9464841 ns, At safepoint: 137916 ns, Total: 9602757 ns
[2020-09-10T17:34:01.170+0000][1][gc           ] GC(63) Concurrent Mark 548.001ms
[2020-09-10T17:34:01.170+0000][1][gc,cpu       ] GC(63) User=0.18s Sys=0.01s Real=0.55s
[2020-09-10T17:34:01.170+0000][1][gc           ] GC(63) Concurrent Preclean
[2020-09-10T17:34:01.214+0000][1][gc           ] GC(63) Concurrent Preclean 43.623ms
[2020-09-10T17:34:01.214+0000][1][gc,cpu       ] GC(63) User=0.01s Sys=0.00s Real=0.04s
[2020-09-10T17:34:01.214+0000][1][gc           ] GC(63) Concurrent Abortable Preclean
[2020-09-10T17:34:01.400+0000][1][safepoint    ] Safepoint "CollectForMetadataAllocation", Time since last: 442837442 ns, Reaching safepoint: 12773798 ns, At safepoint: 124075 ns, Total: 12897873 ns
[2020-09-10T17:34:01.751+0000][1][safepoint    ] Safepoint "Deoptimize", Time since last: 347508849 ns, Reaching safepoint: 3149785 ns, At safepoint: 350676 ns, Total: 3500461 ns
[2020-09-10T17:34:01.892+0000][1][safepoint    ] Safepoint "CollectForMetadataAllocation", Time since last: 139642060 ns, Reaching safepoint: 1644560 ns, At safepoint: 109569 ns, Total: 1754129 ns
[2020-09-10T17:34:02.147+0000][1][safepoint    ] Safepoint "CollectForMetadataAllocation", Time since last: 242906601 ns, Reaching safepoint: 11375272 ns, At safepoint: 76335 ns, Total: 11451607 ns
[2020-09-10T17:34:02.507+0000][1][safepoint    ] Safepoint "CollectForMetadataAllocation", Time since last: 347868921 ns, Reaching safepoint: 12066988 ns, At safepoint: 75729 ns, Total: 12142717 ns
[2020-09-10T17:34:02.699+0000][1][safepoint    ] Safepoint "CollectForMetadataAllocation", Time since last: 191857592 ns, Reaching safepoint: 114223 ns, At safepoint: 119994 ns, Total: 234217 ns
[2020-09-10T17:34:02.967+0000][1][safepoint    ] Safepoint "RevokeBias", Time since last: 259690029 ns, Reaching safepoint: 8415593 ns, At safepoint: 45388 ns, Total: 8460981 ns
[2020-09-10T17:34:02.991+0000][1][safepoint    ] Safepoint "RevokeBias", Time since last: 7639946 ns, Reaching safepoint: 16102777 ns, At safepoint: 45091 ns, Total: 16147868 ns
[2020-09-10T17:34:03.015+0000][1][safepoint    ] Safepoint "RevokeBias", Time since last: 7999470 ns, Reaching safepoint: 15957412 ns, At safepoint: 44703 ns, Total: 16002115 ns
[2020-09-10T17:34:03.067+0000][1][safepoint    ] Safepoint "CollectForMetadataAllocation", Time since last: 51832455 ns, Reaching safepoint: 112870 ns, At safepoint: 125815 ns, Total: 238685 ns
[2020-09-10T17:34:03.343+0000][1][safepoint    ] Safepoint "CollectForMetadataAllocation", Time since last: 275751153 ns, Reaching safepoint: 65306 ns, At safepoint: 100310 ns, Total: 165616 ns
[2020-09-10T17:34:03.403+0000][1][gc,start     ] GC(64) Pause Young (Allocation Failure)
[2020-09-10T17:34:03.403+0000][1][gc,task      ] GC(64) Using 1 workers of 1 for evacuation
[2020-09-10T17:34:03.576+0000][1][gc,age       ] GC(64) Desired survivor size 4358144 bytes, new threshold 2 (max threshold 6)
[2020-09-10T17:34:03.576+0000][1][gc,age       ] GC(64) Age table with threshold 2 (max threshold 6)
[2020-09-10T17:34:03.576+0000][1][gc,age       ] GC(64) - age   1:    3326336 bytes,    3326336 total
[2020-09-10T17:34:03.576+0000][1][gc,age       ] GC(64) - age   2:    1134592 bytes,    4460928 total
[2020-09-10T17:34:03.576+0000][1][gc,age       ] GC(64) - age   3:    2279680 bytes,    6740608 total
[2020-09-10T17:34:03.576+0000][1][gc,heap      ] GC(64) ParNew: 73345K->7714K(76672K)
[2020-09-10T17:34:03.576+0000][1][gc,heap      ] GC(64) CMS: 56476K->56476K(2011968K)
[2020-09-10T17:34:03.576+0000][1][gc,metaspace ] GC(64) Metaspace: 64908K->64908K(1107968K)
[2020-09-10T17:34:03.576+0000][1][gc           ] GC(64) Pause Young (Allocation Failure) 126M->62M(2039M) 173.543ms
[2020-09-10T17:34:03.576+0000][1][gc,cpu       ] GC(64) User=0.06s Sys=0.00s Real=0.17s
[2020-09-10T17:34:03.591+0000][1][safepoint    ] Safepoint "GenCollectForAllocation", Time since last: 48314929 ns, Reaching safepoint: 11585481 ns, At safepoint: 187908682 ns, Total: 199494163 ns
[2020-09-10T17:34:03.753+0000][1][safepoint    ] Safepoint "CollectForMetadataAllocation", Time since last: 161927776 ns, Reaching safepoint: 60739 ns, At safepoint: 260756 ns, Total: 321495 ns
[2020-09-10T17:34:03.835+0000][1][safepoint    ] Safepoint "CollectForMetadataAllocation", Time since last: 81788985 ns, Reaching safepoint: 57367 ns, At safepoint: 111205 ns, Total: 168572 ns
[2020-09-10T17:34:04.231+0000][1][safepoint    ] Safepoint "CollectForMetadataAllocation", Time since last: 395904674 ns, Reaching safepoint: 63473 ns, At safepoint: 78682 ns, Total: 142155 ns
[2020-09-10T17:34:04.568+0000][1][safepoint    ] Safepoint "CollectForMetadataAllocation", Time since last: 326893819 ns, Reaching safepoint: 10571448 ns, At safepoint: 109926 ns, Total: 10681374 ns
[2020-09-10T17:34:04.787+0000][1][safepoint    ] Safepoint "RevokeBias", Time since last: 218409779 ns, Reaching safepoint: 123919 ns, At safepoint: 14105 ns, Total: 138024 ns
[2020-09-10T17:34:04.845+0000][1][safepoint    ] Safepoint "CollectForMetadataAllocation", Time since last: 58106407 ns, Reaching safepoint: 67328 ns, At safepoint: 112744 ns, Total: 180072 ns
[2020-09-10T17:34:05.026+0000][1][safepoint    ] Safepoint "CollectForMetadataAllocation", Time since last: 180352908 ns, Reaching safepoint: 63089 ns, At safepoint: 114738 ns, Total: 177827 ns
[2020-09-10T17:34:05.235+0000][1][safepoint    ] Safepoint "CollectForMetadataAllocation", Time since last: 208191951 ns, Reaching safepoint: 674593 ns, At safepoint: 126401 ns, Total: 800994 ns
[2020-09-10T17:34:05.499+0000][1][safepoint    ] Safepoint "CollectForMetadataAllocation", Time since last: 251864204 ns, Reaching safepoint: 12031187 ns, At safepoint: 89940 ns, Total: 12121127 ns
[2020-09-10T17:34:05.581+0000][1][safepoint    ] Safepoint "BulkRevokeBias", Time since last: 78274400 ns, Reaching safepoint: 3757989 ns, At safepoint: 57272 ns, Total: 3815261 ns
[2020-09-10T17:34:05.604+0000][1][safepoint    ] Safepoint "CollectForMetadataAllocation", Time since last: 21763367 ns, Reaching safepoint: 1650030 ns, At safepoint: 105415 ns, Total: 1755445 ns
[2020-09-10T17:34:05.746+0000][1][safepoint    ] Safepoint "CollectForMetadataAllocation", Time since last: 141018333 ns, Reaching safepoint: 45570 ns, At safepoint: 97492 ns, Total: 143062 ns
[2020-09-10T17:34:05.832+0000][1][safepoint    ] Safepoint "CollectForMetadataAllocation", Time since last: 86620263 ns, Reaching safepoint: 60337 ns, At safepoint: 117551 ns, Total: 177888 ns
[2020-09-10T17:34:05.870+0000][1][safepoint    ] Safepoint "Deoptimize", Time since last: 35428888 ns, Reaching safepoint: 1945873 ns, At safepoint: 323021 ns, Total: 2268894 ns
[2020-09-10T17:34:05.915+0000][1][safepoint    ] Safepoint "CollectForMetadataAllocation", Time since last: 45067647 ns, Reaching safepoint: 60907 ns, At safepoint: 105189 ns, Total: 166096 ns
[2020-09-10T17:34:05.929+0000][1][safepoint    ] Safepoint "Deoptimize", Time since last: 13706027 ns, Reaching safepoint: 54994 ns, At safepoint: 319365 ns, Total: 374359 ns
[2020-09-10T17:34:06.035+0000][1][safepoint    ] Safepoint "CollectForMetadataAllocation", Time since last: 105775875 ns, Reaching safepoint: 55608 ns, At safepoint: 117877 ns, Total: 173485 ns
[2020-09-10T17:34:06.218+0000][1][safepoint    ] Safepoint "CollectForMetadataAllocation", Time since last: 182222095 ns, Reaching safepoint: 496147 ns, At safepoint: 62238 ns, Total: 558385 ns
[2020-09-10T17:34:06.233+0000][1][gc           ] GC(63) Concurrent Abortable Preclean 5018.626ms
[2020-09-10T17:34:06.233+0000][1][gc,cpu       ] GC(63) User=1.89s Sys=0.03s Real=5.02s
[2020-09-10T17:34:06.247+0000][1][gc,start     ] GC(63) Pause Remark
[2020-09-10T17:34:06.312+0000][1][gc           ] GC(63) Pause Remark 97M->97M(2039M) 65.320ms
[2020-09-10T17:34:06.312+0000][1][gc,cpu       ] GC(63) User=0.03s Sys=0.00s Real=0.06s
[2020-09-10T17:34:06.326+0000][1][safepoint    ] Safepoint "CMS_Final_Remark", Time since last: 24698847 ns, Reaching safepoint: 3858883 ns, At safepoint: 78816437 ns, Total: 82675320 ns
[2020-09-10T17:34:06.326+0000][1][gc           ] GC(63) Concurrent Sweep
[2020-09-10T17:34:06.347+0000][1][safepoint    ] Safepoint "RevokeBias", Time since last: 21158591 ns, Reaching safepoint: 704980 ns, At safepoint: 28369 ns, Total: 733349 ns
[2020-09-10T17:34:06.348+0000][1][safepoint    ] Safepoint "RevokeBias", Time since last: 361010 ns, Reaching safepoint: 20345 ns, At safepoint: 16197 ns, Total: 36542 ns
[2020-09-10T17:34:06.349+0000][1][safepoint    ] Safepoint "RevokeBias", Time since last: 795313 ns, Reaching safepoint: 14281 ns, At safepoint: 15483 ns, Total: 29764 ns
[2020-09-10T17:34:06.349+0000][1][safepoint    ] Safepoint "RevokeBias", Time since last: 601936 ns, Reaching safepoint: 13952 ns, At safepoint: 14720 ns, Total: 28672 ns
[2020-09-10T17:34:06.349+0000][1][safepoint    ] Safepoint "RevokeBias", Time since last: 123297 ns, Reaching safepoint: 10443 ns, At safepoint: 13135 ns, Total: 23578 ns
[2020-09-10T17:34:06.350+0000][1][safepoint    ] Safepoint "RevokeBias", Time since last: 492486 ns, Reaching safepoint: 15060 ns, At safepoint: 14172 ns, Total: 29232 ns
[2020-09-10T17:34:06.350+0000][1][safepoint    ] Safepoint "RevokeBias", Time since last: 36294 ns, Reaching safepoint: 12740 ns, At safepoint: 12526 ns, Total: 25266 ns
[2020-09-10T17:34:06.350+0000][1][safepoint    ] Safepoint "RevokeBias", Time since last: 68869 ns, Reaching safepoint: 12349 ns, At safepoint: 12580 ns, Total: 24929 ns
[2020-09-10T17:34:06.350+0000][1][safepoint    ] Safepoint "RevokeBias", Time since last: 224041 ns, Reaching safepoint: 10450 ns, At safepoint: 12968 ns, Total: 23418 ns
[2020-09-10T17:34:06.350+0000][1][safepoint    ] Safepoint "RevokeBias", Time since last: 138557 ns, Reaching safepoint: 11720 ns, At safepoint: 22412 ns, Total: 34132 ns
[2020-09-10T17:34:06.351+0000][1][safepoint    ] Safepoint "RevokeBias", Time since last: 32371 ns, Reaching safepoint: 13810 ns, At safepoint: 14603 ns, Total: 28413 ns
[2020-09-10T17:34:06.355+0000][1][safepoint    ] Safepoint "RevokeBias", Time since last: 4819081 ns, Reaching safepoint: 27080 ns, At safepoint: 23602 ns, Total: 50682 ns
[2020-09-10T17:34:06.367+0000][1][safepoint    ] Safepoint "RevokeBias", Time since last: 11251574 ns, Reaching safepoint: 60348 ns, At safepoint: 26010 ns, Total: 86358 ns
[2020-09-10T17:34:06.369+0000][1][safepoint    ] Safepoint "RevokeBias", Time since last: 132835 ns, Reaching safepoint: 1715038 ns, At safepoint: 26884 ns, Total: 1741922 ns
[2020-09-10T17:34:06.379+0000][1][safepoint    ] Safepoint "Deoptimize", Time since last: 2436260 ns, Reaching safepoint: 7605651 ns, At safepoint: 322853 ns, Total: 7928504 ns
[2020-09-10T17:34:06.383+0000][1][safepoint    ] Safepoint "RevokeBias", Time since last: 2137955 ns, Reaching safepoint: 1539558 ns, At safepoint: 35649 ns, Total: 1575207 ns
[2020-09-10T17:34:06.384+0000][1][safepoint    ] Safepoint "RevokeBias", Time since last: 351596 ns, Reaching safepoint: 519408 ns, At safepoint: 24510 ns, Total: 543918 ns
[2020-09-10T17:34:06.458+0000][1][gc           ] GC(63) Concurrent Sweep 132.061ms
[2020-09-10T17:34:06.458+0000][1][gc,cpu       ] GC(63) User=0.05s Sys=0.00s Real=0.13s
[2020-09-10T17:34:06.458+0000][1][gc           ] GC(63) Concurrent Reset
[2020-09-10T17:34:06.487+0000][1][safepoint    ] Safepoint "RevokeBias", Time since last: 85295192 ns, Reaching safepoint: 17789370 ns, At safepoint: 32085 ns, Total: 17821455 ns
[2020-09-10T17:34:06.487+0000][1][safepoint    ] Safepoint "RevokeBias", Time since last: 102095 ns, Reaching safepoint: 88193 ns, At safepoint: 17147 ns, Total: 105340 ns
[2020-09-10T17:34:06.487+0000][1][safepoint    ] Safepoint "RevokeBias", Time since last: 39927 ns, Reaching safepoint: 85601 ns, At safepoint: 15817 ns, Total: 101418 ns
[2020-09-10T17:34:06.487+0000][1][safepoint    ] Safepoint "RevokeBias", Time since last: 38132 ns, Reaching safepoint: 85274 ns, At safepoint: 15777 ns, Total: 101051 ns
[2020-09-10T17:34:06.487+0000][1][safepoint    ] Safepoint "RevokeBias", Time since last: 38328 ns, Reaching safepoint: 86553 ns, At safepoint: 20231 ns, Total: 106784 ns
[2020-09-10T17:34:06.488+0000][1][safepoint    ] Safepoint "RevokeBias", Time since last: 42207 ns, Reaching safepoint: 85836 ns, At safepoint: 19671 ns, Total: 105507 ns
[2020-09-10T17:34:06.488+0000][1][safepoint    ] Safepoint "RevokeBias", Time since last: 39971 ns, Reaching safepoint: 85715 ns, At safepoint: 17425 ns, Total: 103140 ns
[2020-09-10T17:34:06.488+0000][1][safepoint    ] Safepoint "RevokeBias", Time since last: 39922 ns, Reaching safepoint: 87237 ns, At safepoint: 17597 ns, Total: 104834 ns
[2020-09-10T17:34:06.495+0000][1][gc           ] GC(63) Concurrent Reset 37.705ms
[2020-09-10T17:34:06.495+0000][1][gc,cpu       ] GC(63) User=0.01s Sys=0.00s Real=0.04s
[2020-09-10T17:34:06.496+0000][1][gc,heap      ] GC(63) Old: 56476K->55526K(2011968K)
[2020-09-10T17:34:07.407+0000][1][safepoint    ] Safepoint "RevokeBias", Time since last: 916099211 ns, Reaching safepoint: 2826669 ns, At safepoint: 36728 ns, Total: 2863397 ns
[2020-09-10T17:34:07.424+0000][1][safepoint    ] Safepoint "RevokeBias", Time since last: 15955431 ns, Reaching safepoint: 1264767 ns, At safepoint: 37349 ns, Total: 1302116 ns
[2020-09-10T17:34:07.424+0000][1][safepoint    ] Safepoint "RevokeBias", Time since last: 128891 ns, Reaching safepoint: 90069 ns, At safepoint: 21661 ns, Total: 111730 ns
[2020-09-10T17:34:07.425+0000][1][safepoint    ] Safepoint "RevokeBias", Time since last: 633028 ns, Reaching safepoint: 332264 ns, At safepoint: 26405 ns, Total: 358669 ns
[2020-09-10T17:34:07.427+0000][1][safepoint    ] Safepoint "RevokeBias", Time since last: 587443 ns, Reaching safepoint: 683823 ns, At safepoint: 28291 ns, Total: 712114 ns
[2020-09-10T17:34:07.435+0000][1][safepoint    ] Safepoint "RevokeBias", Time since last: 8200034 ns, Reaching safepoint: 540318 ns, At safepoint: 29805 ns, Total: 570123 ns
[2020-09-10T17:34:07.447+0000][1][safepoint    ] Safepoint "RevokeBias", Time since last: 1914816 ns, Reaching safepoint: 9974290 ns, At safepoint: 27859 ns, Total: 10002149 ns
[2020-09-10T17:34:07.448+0000][1][safepoint    ] Safepoint "RevokeBias", Time since last: 249382 ns, Reaching safepoint: 92123 ns, At safepoint: 17296 ns, Total: 109419 ns
[2020-09-10T17:34:07.450+0000][1][safepoint    ] Safepoint "RevokeBias", Time since last: 150126 ns, Reaching safepoint: 1999985 ns, At safepoint: 33327 ns, Total: 2033312 ns
[2020-09-10T17:34:07.451+0000][1][safepoint    ] Safepoint "RevokeBias", Time since last: 898649 ns, Reaching safepoint: 105853 ns, At safepoint: 31394 ns, Total: 137247 ns
[2020-09-10T17:34:07.451+0000][1][safepoint    ] Safepoint "RevokeBias", Time since last: 52190 ns, Reaching safepoint: 94386 ns, At safepoint: 21867 ns, Total: 116253 ns
[2020-09-10T17:34:07.451+0000][1][safepoint    ] Safepoint "RevokeBias", Time since last: 69231 ns, Reaching safepoint: 95485 ns, At safepoint: 20536 ns, Total: 116021 ns
[2020-09-10T17:34:07.463+0000][1][safepoint    ] Safepoint "RevokeBias", Time since last: 7556531 ns, Reaching safepoint: 3977698 ns, At safepoint: 42738 ns, Total: 4020436 ns
[2020-09-10T17:34:07.463+0000][1][safepoint    ] Safepoint "RevokeBias", Time since last: 103462 ns, Reaching safepoint: 85718 ns, At safepoint: 23555 ns, Total: 109273 ns
[2020-09-10T17:34:07.464+0000][1][safepoint    ] Safepoint "RevokeBias", Time since last: 708329 ns, Reaching safepoint: 87131 ns, At safepoint: 24930 ns, Total: 112061 ns
[2020-09-10T17:34:07.464+0000][1][safepoint    ] Safepoint "RevokeBias", Time since last: 130211 ns, Reaching safepoint: 91176 ns, At safepoint: 23758 ns, Total: 114934 ns
[2020-09-10T17:34:07.467+0000][1][safepoint    ] Safepoint "RevokeBias", Time since last: 878130 ns, Reaching safepoint: 1799532 ns, At safepoint: 26241 ns, Total: 1825773 ns
[2020-09-10T17:34:07.468+0000][1][safepoint    ] Safepoint "RevokeBias", Time since last: 1585860 ns, Reaching safepoint: 95632 ns, At safepoint: 30318 ns, Total: 125950 ns
[2020-09-10T17:34:07.471+0000][1][safepoint    ] Safepoint "RevokeBias", Time since last: 2229561 ns, Reaching safepoint: 100864 ns, At safepoint: 30411 ns, Total: 131275 ns
[2020-09-10T17:34:07.471+0000][1][safepoint    ] Safepoint "RevokeBias", Time since last: 445586 ns, Reaching safepoint: 93775 ns, At safepoint: 29118 ns, Total: 122893 ns
[2020-09-10T17:34:07.489+0000][1][safepoint    ] Safepoint "RevokeBias", Time since last: 14004328 ns, Reaching safepoint: 3407576 ns, At safepoint: 33779 ns, Total: 3441355 ns
[2020-09-10T17:34:07.500+0000][1][safepoint    ] Safepoint "RevokeBias", Time since last: 10783854 ns, Reaching safepoint: 118634 ns, At safepoint: 19923 ns, Total: 138557 ns
[2020-09-10T17:34:07.501+0000][1][safepoint    ] Safepoint "BulkRevokeBias", Time since last: 1070329 ns, Reaching safepoint: 103023 ns, At safepoint: 95780 ns, Total: 198803 ns
[2020-09-10T17:34:07.507+0000][1][safepoint    ] Safepoint "RevokeBias", Time since last: 1162678 ns, Reaching safepoint: 4574540 ns, At safepoint: 54404 ns, Total: 4628944 ns
[2020-09-10T17:34:07.511+0000][1][safepoint    ] Safepoint "RevokeBias", Time since last: 107224 ns, Reaching safepoint: 3765601 ns, At safepoint: 14504 ns, Total: 3780105 ns
[2020-09-10T17:34:07.511+0000][1][safepoint    ] Safepoint "RevokeBias", Time since last: 407031 ns, Reaching safepoint: 91732 ns, At safepoint: 12706 ns, Total: 104438 ns
[2020-09-10T17:34:07.511+0000][1][safepoint    ] Safepoint "RevokeBias", Time since last: 38222 ns, Reaching safepoint: 89046 ns, At safepoint: 11741 ns, Total: 100787 ns
[2020-09-10T17:34:07.512+0000][1][safepoint    ] Safepoint "RevokeBias", Time since last: 1010724 ns, Reaching safepoint: 92764 ns, At safepoint: 13592 ns, Total: 106356 ns
[2020-09-10T17:34:07.513+0000][1][safepoint    ] Safepoint "RevokeBias", Time since last: 78261 ns, Reaching safepoint: 89824 ns, At safepoint: 12843 ns, Total: 102667 ns
[2020-09-10T17:34:07.513+0000][1][safepoint    ] Safepoint "RevokeBias", Time since last: 50030 ns, Reaching safepoint: 88618 ns, At safepoint: 12516 ns, Total: 101134 ns
[2020-09-10T17:34:07.547+0000][1][safepoint    ] Safepoint "RevokeBias", Time since last: 22616641 ns, Reaching safepoint: 11343789 ns, At safepoint: 31059 ns, Total: 11374848 ns
[2020-09-10T17:34:07.547+0000][1][safepoint    ] Safepoint "RevokeBias", Time since last: 129415 ns, Reaching safepoint: 90388 ns, At safepoint: 12715 ns, Total: 103103 ns
[2020-09-10T17:34:07.548+0000][1][safepoint    ] Safepoint "RevokeBias", Time since last: 500862 ns, Reaching safepoint: 103162 ns, At safepoint: 14995 ns, Total: 118157 ns
[2020-09-10T17:34:07.548+0000][1][safepoint    ] Safepoint "RevokeBias", Time since last: 31959 ns, Reaching safepoint: 144971 ns, At safepoint: 13960 ns, Total: 158931 ns
[2020-09-10T17:34:07.548+0000][1][safepoint    ] Safepoint "RevokeBias", Time since last: 34579 ns, Reaching safepoint: 92071 ns, At safepoint: 13296 ns, Total: 105367 ns
[2020-09-10T17:34:07.567+0000][1][safepoint    ] Safepoint "RevokeBias", Time since last: 15298165 ns, Reaching safepoint: 3441868 ns, At safepoint: 24235 ns, Total: 3466103 ns
[2020-09-10T17:34:07.567+0000][1][safepoint    ] Safepoint "RevokeBias", Time since last: 80851 ns, Reaching safepoint: 99069 ns, At safepoint: 15393 ns, Total: 114462 ns
[2020-09-10T17:34:07.583+0000][1][safepoint    ] Safepoint "RevokeBias", Time since last: 15824405 ns, Reaching safepoint: 104013 ns, At safepoint: 13865 ns, Total: 117878 ns
[2020-09-10T17:34:07.583+0000][1][safepoint    ] Safepoint "RevokeBias", Time since last: 105001 ns, Reaching safepoint: 84675 ns, At safepoint: 9507 ns, Total: 94182 ns
[2020-09-10T17:34:07.583+0000][1][safepoint    ] Safepoint "RevokeBias", Time since last: 51136 ns, Reaching safepoint: 82855 ns, At safepoint: 9457 ns, Total: 92312 ns
[2020-09-10T17:34:07.595+0000][1][safepoint    ] Safepoint "RevokeBias", Time since last: 11463911 ns, Reaching safepoint: 112885 ns, At safepoint: 15618 ns, Total: 128503 ns
[2020-09-10T17:34:07.595+0000][1][safepoint    ] Safepoint "RevokeBias", Time since last: 306396 ns, Reaching safepoint: 89700 ns, At safepoint: 13431 ns, Total: 103131 ns
[2020-09-10T17:34:07.595+0000][1][safepoint    ] Safepoint "RevokeBias", Time since last: 42371 ns, Reaching safepoint: 87394 ns, At safepoint: 11490 ns, Total: 98884 ns
[2020-09-10T17:34:07.599+0000][1][safepoint    ] Safepoint "RevokeBias", Time since last: 3348460 ns, Reaching safepoint: 111806 ns, At safepoint: 16139 ns, Total: 127945 ns
[2020-09-10T17:34:07.599+0000][1][safepoint    ] Safepoint "RevokeBias", Time since last: 90937 ns, Reaching safepoint: 85308 ns, At safepoint: 25272 ns, Total: 110580 ns
[2020-09-10T17:34:07.620+0000][1][safepoint    ] Safepoint "RevokeBias", Time since last: 20818110 ns, Reaching safepoint: 104042 ns, At safepoint: 18837 ns, Total: 122879 ns
[2020-09-10T17:34:07.623+0000][1][safepoint    ] Safepoint "RevokeBias", Time since last: 2718873 ns, Reaching safepoint: 86188 ns, At safepoint: 18562 ns, Total: 104750 ns
[2020-09-10T17:34:07.623+0000][1][safepoint    ] Safepoint "RevokeBias", Time since last: 81209 ns, Reaching safepoint: 13629 ns, At safepoint: 10486 ns, Total: 24115 ns
[2020-09-10T17:34:07.623+0000][1][safepoint    ] Safepoint "RevokeBias", Time since last: 30635 ns, Reaching safepoint: 11897 ns, At safepoint: 9444 ns, Total: 21341 ns
[2020-09-10T17:34:07.667+0000][1][safepoint    ] Safepoint "RevokeBias", Time since last: 43812000 ns, Reaching safepoint: 109387 ns, At safepoint: 15268 ns, Total: 124655 ns
[2020-09-10T17:34:07.672+0000][1][safepoint    ] Safepoint "RevokeBias", Time since last: 5239206 ns, Reaching safepoint: 110793 ns, At safepoint: 13455 ns, Total: 124248 ns
[2020-09-10T17:34:07.673+0000][1][safepoint    ] Safepoint "RevokeBias", Time since last: 205921 ns, Reaching safepoint: 88272 ns, At safepoint: 34763 ns, Total: 123035 ns
[2020-09-10T17:34:07.673+0000][1][safepoint    ] Safepoint "RevokeBias", Time since last: 654396 ns, Reaching safepoint: 84899 ns, At safepoint: 14155 ns, Total: 99054 ns
[2020-09-10T17:34:07.732+0000][1][safepoint    ] Safepoint "RevokeBias", Time since last: 58153160 ns, Reaching safepoint: 915864 ns, At safepoint: 31795 ns, Total: 947659 ns
[2020-09-10T17:34:07.743+0000][1][safepoint    ] Safepoint "RevokeBias", Time since last: 10301309 ns, Reaching safepoint: 126181 ns, At safepoint: 33816 ns, Total: 159997 ns
[2020-09-10T17:34:07.743+0000][1][safepoint    ] Safepoint "RevokeBias", Time since last: 119897 ns, Reaching safepoint: 86328 ns, At safepoint: 54800 ns, Total: 141128 ns
[2020-09-10T17:34:07.746+0000][1][safepoint    ] Safepoint "RevokeBias", Time since last: 2315040 ns, Reaching safepoint: 103678 ns, At safepoint: 27137 ns, Total: 130815 ns
[2020-09-10T17:34:07.746+0000][1][safepoint    ] Safepoint "RevokeBias", Time since last: 44312 ns, Reaching safepoint: 86694 ns, At safepoint: 20063 ns, Total: 106757 ns
[2020-09-10T17:34:07.808+0000][1][safepoint    ] Safepoint "RevokeBias", Time since last: 61097207 ns, Reaching safepoint: 795267 ns, At safepoint: 55686 ns, Total: 850953 ns
[2020-09-10T17:34:07.819+0000][1][safepoint    ] Safepoint "RevokeBias", Time since last: 11119065 ns, Reaching safepoint: 188419 ns, At safepoint: 50556 ns, Total: 238975 ns
[2020-09-10T17:34:07.833+0000][1][safepoint    ] Safepoint "RevokeBias", Time since last: 12809214 ns, Reaching safepoint: 907333 ns, At safepoint: 20226 ns, Total: 927559 ns
[2020-09-10T17:34:07.851+0000][1][gc,start     ] GC(65) Pause Young (Allocation Failure)
[2020-09-10T17:34:07.851+0000][1][gc,task      ] GC(65) Using 1 workers of 1 for evacuation
[2020-09-10T17:34:07.968+0000][1][gc,age       ] GC(65) Desired survivor size 4358144 bytes, new threshold 2 (max threshold 6)
[2020-09-10T17:34:07.968+0000][1][gc,age       ] GC(65) Age table with threshold 2 (max threshold 6)
[2020-09-10T17:34:07.968+0000][1][gc,age       ] GC(65) - age   1:    2159776 bytes,    2159776 total
[2020-09-10T17:34:07.968+0000][1][gc,age       ] GC(65) - age   2:    3257584 bytes,    5417360 total
[2020-09-10T17:34:07.968+0000][1][gc,heap      ] GC(65) ParNew: 60865K->5901K(76672K)
[2020-09-10T17:34:07.968+0000][1][gc,heap      ] GC(65) CMS: 55526K->58876K(2011968K)
[2020-09-10T17:34:07.968+0000][1][gc,metaspace ] GC(65) Metaspace: 71542K->71542K(1116160K)
[2020-09-10T17:34:07.968+0000][1][gc           ] GC(65) Pause Young (Allocation Failure) 113M->63M(2039M) 117.002ms
[2020-09-10T17:34:07.968+0000][1][gc,cpu       ] GC(65) User=0.04s Sys=0.00s Real=0.12s
[2020-09-10T17:34:07.968+0000][1][safepoint    ] Safepoint "GenCollectForAllocation", Time since last: 12398894 ns, Reaching safepoint: 5489471 ns, At safepoint: 117084929 ns, Total: 122574400 ns
[2020-09-10T17:34:07.994+0000][1][safepoint    ] Safepoint "RevokeBias", Time since last: 19856981 ns, Reaching safepoint: 3100073 ns, At safepoint: 3349432 ns, Total: 6449505 ns
[2020-09-10T17:34:07.999+0000][1][safepoint    ] Safepoint "RevokeBias", Time since last: 92753 ns, Reaching safepoint: 4549989 ns, At safepoint: 53849 ns, Total: 4603838 ns
[2020-09-10T17:34:07.999+0000][1][safepoint    ] Safepoint "RevokeBias", Time since last: 81761 ns, Reaching safepoint: 146162 ns, At safepoint: 22279 ns, Total: 168441 ns
[2020-09-10T17:34:07.999+0000][1][safepoint    ] Safepoint "RevokeBias", Time since last: 34444 ns, Reaching safepoint: 93134 ns, At safepoint: 27895 ns, Total: 121029 ns
[2020-09-10T17:34:07.999+0000][1][safepoint    ] Safepoint "RevokeBias", Time since last: 26969 ns, Reaching safepoint: 167656 ns, At safepoint: 24457 ns, Total: 192113 ns
[2020-09-10T17:34:08.003+0000][1][safepoint    ] Safepoint "RevokeBias", Time since last: 641468 ns, Reaching safepoint: 2660933 ns, At safepoint: 141535 ns, Total: 2802468 ns
[2020-09-10T17:34:08.007+0000][1][safepoint    ] Safepoint "RevokeBias", Time since last: 44970 ns, Reaching safepoint: 3831753 ns, At safepoint: 38307 ns, Total: 3870060 ns
[2020-09-10T17:34:08.007+0000][1][safepoint    ] Safepoint "RevokeBias", Time since last: 55597 ns, Reaching safepoint: 94775 ns, At safepoint: 21281 ns, Total: 116056 ns
[2020-09-10T17:34:08.035+0000][1][safepoint    ] Safepoint "RevokeBias", Time since last: 27756664 ns, Reaching safepoint: 589073 ns, At safepoint: 31800 ns, Total: 620873 ns
[2020-09-10T17:34:08.035+0000][1][safepoint    ] Safepoint "RevokeBias", Time since last: 75720 ns, Reaching safepoint: 86388 ns, At safepoint: 27023 ns, Total: 113411 ns
[2020-09-10T17:34:08.123+0000][1][safepoint    ] Safepoint "RevokeBias", Time since last: 83341384 ns, Reaching safepoint: 3918018 ns, At safepoint: 87852 ns, Total: 4005870 ns
[2020-09-10T17:34:08.123+0000][1][safepoint    ] Safepoint "RevokeBias", Time since last: 111102 ns, Reaching safepoint: 98774 ns, At safepoint: 13213 ns, Total: 111987 ns
[2020-09-10T17:34:08.123+0000][1][safepoint    ] Safepoint "RevokeBias", Time since last: 40016 ns, Reaching safepoint: 94281 ns, At safepoint: 12416 ns, Total: 106697 ns
[2020-09-10T17:34:08.123+0000][1][safepoint    ] Safepoint "RevokeBias", Time since last: 62491 ns, Reaching safepoint: 93617 ns, At safepoint: 12272 ns, Total: 105889 ns
[2020-09-10T17:34:08.215+0000][1][safepoint    ] Safepoint "RevokeBias", Time since last: 87860661 ns, Reaching safepoint: 3460465 ns, At safepoint: 64178 ns, Total: 3524643 ns
[2020-09-10T17:34:08.247+0000][1][safepoint    ] Safepoint "BulkRevokeBias", Time since last: 30709134 ns, Reaching safepoint: 1225906 ns, At safepoint: 124647 ns, Total: 1350553 ns
[2020-09-10T17:34:08.268+0000][1][safepoint    ] Safepoint "RevokeBias", Time since last: 15492277 ns, Reaching safepoint: 5490957 ns, At safepoint: 21754 ns, Total: 5512711 ns
[2020-09-10T17:34:08.280+0000][1][safepoint    ] Safepoint "RevokeBias", Time since last: 11195602 ns, Reaching safepoint: 1185692 ns, At safepoint: 21254 ns, Total: 1206946 ns
[2020-09-10T17:34:08.294+0000][1][safepoint    ] Safepoint "RevokeBias", Time since last: 13765379 ns, Reaching safepoint: 124359 ns, At safepoint: 66713 ns, Total: 191072 ns
[2020-09-10T17:34:08.411+0000][1][safepoint    ] Safepoint "RevokeBias", Time since last: 115851536 ns, Reaching safepoint: 656773 ns, At safepoint: 18009 ns, Total: 674782 ns
[2020-09-10T17:34:08.419+0000][1][safepoint    ] Safepoint "RevokeBias", Time since last: 1046565 ns, Reaching safepoint: 6958165 ns, At safepoint: 30413 ns, Total: 6988578 ns
[2020-09-10T17:34:08.420+0000][1][safepoint    ] Safepoint "RevokeBias", Time since last: 805006 ns, Reaching safepoint: 94595 ns, At safepoint: 16476 ns, Total: 111071 ns
[2020-09-10T17:34:08.420+0000][1][safepoint    ] Safepoint "RevokeBias", Time since last: 215953 ns, Reaching safepoint: 89407 ns, At safepoint: 12137 ns, Total: 101544 ns
[2020-09-10T17:34:08.431+0000][1][safepoint    ] Safepoint "RevokeBias", Time since last: 9939095 ns, Reaching safepoint: 785689 ns, At safepoint: 20805 ns, Total: 806494 ns
[2020-09-10T17:34:08.475+0000][1][safepoint    ] Safepoint "RevokeBias", Time since last: 44614086 ns, Reaching safepoint: 110592 ns, At safepoint: 20213 ns, Total: 130805 ns
[2020-09-10T17:34:09.408+0000][1][safepoint    ] Safepoint "RevokeBias", Time since last: 932201052 ns, Reaching safepoint: 37846 ns, At safepoint: 14642 ns, Total: 52488 ns
[2020-09-10T17:34:09.409+0000][1][safepoint    ] Safepoint "RevokeBias", Time since last: 1481286 ns, Reaching safepoint: 23897 ns, At safepoint: 11740 ns, Total: 35637 ns
[2020-09-10T17:34:09.410+0000][1][safepoint    ] Safepoint "RevokeBias", Time since last: 654753 ns, Reaching safepoint: 19117 ns, At safepoint: 13362 ns, Total: 32479 ns
[2020-09-10T17:34:09.411+0000][1][safepoint    ] Safepoint "RevokeBias", Time since last: 664924 ns, Reaching safepoint: 16020 ns, At safepoint: 12631 ns, Total: 28651 ns
[2020-09-10T17:34:09.423+0000][1][safepoint    ] Safepoint "RevokeBias", Time since last: 12188884 ns, Reaching safepoint: 125267 ns, At safepoint: 18440 ns, Total: 143707 ns
[2020-09-10T17:34:09.470+0000][1][safepoint    ] Safepoint "RevokeBias", Time since last: 46783371 ns, Reaching safepoint: 62180 ns, At safepoint: 16210 ns, Total: 78390 ns
[2020-09-10T17:34:09.473+0000][1][safepoint    ] Safepoint "RevokeBias", Time since last: 3295820 ns, Reaching safepoint: 108867 ns, At safepoint: 16841 ns, Total: 125708 ns
[2020-09-10T17:34:10.414+0000][1][safepoint    ] Safepoint "RevokeBias", Time since last: 939176760 ns, Reaching safepoint: 1112349 ns, At safepoint: 21691 ns, Total: 1134040 ns
[2020-09-10T17:34:10.416+0000][1][safepoint    ] Safepoint "RevokeBias", Time since last: 864801 ns, Reaching safepoint: 1092268 ns, At safepoint: 26167 ns, Total: 1118435 ns
[2020-09-10T17:34:10.422+0000][1][safepoint    ] Safepoint "RevokeBias", Time since last: 4045787 ns, Reaching safepoint: 2029355 ns, At safepoint: 39265 ns, Total: 2068620 ns
[2020-09-10T17:34:10.427+0000][1][safepoint    ] Safepoint "RevokeBias", Time since last: 4427902 ns, Reaching safepoint: 630549 ns, At safepoint: 21087 ns, Total: 651636 ns
[2020-09-10T17:34:10.481+0000][1][safepoint    ] Safepoint "RevokeBias", Time since last: 54605706 ns, Reaching safepoint: 119411 ns, At safepoint: 21182 ns, Total: 140593 ns
[2020-09-10T17:34:11.410+0000][1][safepoint    ] Safepoint "RevokeBias", Time since last: 928288365 ns, Reaching safepoint: 35002 ns, At safepoint: 14876 ns, Total: 49878 ns
[2020-09-10T17:34:11.410+0000][1][safepoint    ] Safepoint "RevokeBias", Time since last: 584567 ns, Reaching safepoint: 15841 ns, At safepoint: 13645 ns, Total: 29486 ns
[2020-09-10T17:34:11.415+0000][1][safepoint    ] Safepoint "RevokeBias", Time since last: 347515 ns, Reaching safepoint: 3951214 ns, At safepoint: 28344 ns, Total: 3979558 ns
[2020-09-10T17:34:11.417+0000][1][safepoint    ] Safepoint "RevokeBias", Time since last: 679291 ns, Reaching safepoint: 1770693 ns, At safepoint: 21169 ns, Total: 1791862 ns
[2020-09-10T17:34:11.419+0000][1][safepoint    ] Safepoint "RevokeBias", Time since last: 1590069 ns, Reaching safepoint: 23852 ns, At safepoint: 10797 ns, Total: 34649 ns
[2020-09-10T17:34:11.459+0000][1][safepoint    ] Safepoint "RevokeBias", Time since last: 39857172 ns, Reaching safepoint: 113780 ns, At safepoint: 16449 ns, Total: 130229 ns
[2020-09-10T17:34:11.461+0000][1][safepoint    ] Safepoint "RevokeBias", Time since last: 1745923 ns, Reaching safepoint: 69936 ns, At safepoint: 11315 ns, Total: 81251 ns
[2020-09-10T17:34:12.411+0000][1][safepoint    ] Safepoint "RevokeBias", Time since last: 949833393 ns, Reaching safepoint: 34261 ns, At safepoint: 13903 ns, Total: 48164 ns
[2020-09-10T17:34:12.415+0000][1][safepoint    ] Safepoint "RevokeBias", Time since last: 479846 ns, Reaching safepoint: 3688520 ns, At safepoint: 25416 ns, Total: 3713936 ns
[2020-09-10T17:34:12.415+0000][1][safepoint    ] Safepoint "RevokeBias", Time since last: 386775 ns, Reaching safepoint: 91588 ns, At safepoint: 16320 ns, Total: 107908 ns
[2020-09-10T17:34:12.416+0000][1][safepoint    ] Safepoint "RevokeBias", Time since last: 908845 ns, Reaching safepoint: 90768 ns, At safepoint: 15628 ns, Total: 106396 ns
[2020-09-10T17:34:12.463+0000][1][safepoint    ] Safepoint "RevokeBias", Time since last: 42760832 ns, Reaching safepoint: 3719172 ns, At safepoint: 26104 ns, Total: 3745276 ns
[2020-09-10T17:34:12.464+0000][1][safepoint    ] Safepoint "RevokeBias", Time since last: 936329 ns, Reaching safepoint: 96663 ns, At safepoint: 11224 ns, Total: 107887 ns
[2020-09-10T17:34:13.413+0000][1][safepoint    ] Safepoint "RevokeBias", Time since last: 949081430 ns, Reaching safepoint: 83785 ns, At safepoint: 33534 ns, Total: 117319 ns
[2020-09-10T17:34:13.414+0000][1][safepoint    ] Safepoint "RevokeBias", Time since last: 567469 ns, Reaching safepoint: 44492 ns, At safepoint: 26952 ns, Total: 71444 ns
[2020-09-10T17:34:13.422+0000][1][safepoint    ] Safepoint "RevokeBias", Time since last: 8593195 ns, Reaching safepoint: 32075 ns, At safepoint: 14623 ns, Total: 46698 ns
[2020-09-10T17:34:13.423+0000][1][safepoint    ] Safepoint "RevokeBias", Time since last: 242253 ns, Reaching safepoint: 15448 ns, At safepoint: 9418 ns, Total: 24866 ns
[2020-09-10T17:34:13.424+0000][1][safepoint    ] Safepoint "RevokeBias", Time since last: 1894707 ns, Reaching safepoint: 29586 ns, At safepoint: 13355 ns, Total: 42941 ns
[2020-09-10T17:34:13.427+0000][1][safepoint    ] Safepoint "RevokeBias", Time since last: 2230791 ns, Reaching safepoint: 100503 ns, At safepoint: 14061 ns, Total: 114564 ns
[2020-09-10T17:34:13.464+0000][1][safepoint    ] Safepoint "RevokeBias", Time since last: 37299530 ns, Reaching safepoint: 114739 ns, At safepoint: 22148 ns, Total: 136887 ns
[2020-09-10T17:34:14.413+0000][1][safepoint    ] Safepoint "RevokeBias", Time since last: 948233981 ns, Reaching safepoint: 83201 ns, At safepoint: 33851 ns, Total: 117052 ns
[2020-09-10T17:34:14.415+0000][1][safepoint    ] Safepoint "RevokeBias", Time since last: 2151848 ns, Reaching safepoint: 54742 ns, At safepoint: 28506 ns, Total: 83248 ns
[2020-09-10T17:34:14.423+0000][1][safepoint    ] Safepoint "RevokeBias", Time since last: 7748015 ns, Reaching safepoint: 96192 ns, At safepoint: 21769 ns, Total: 117961 ns
[2020-09-10T17:34:14.435+0000][1][safepoint    ] Safepoint "RevokeBias", Time since last: 12104277 ns, Reaching safepoint: 119201 ns, At safepoint: 39926 ns, Total: 159127 ns
[2020-09-10T17:34:14.463+0000][1][safepoint    ] Safepoint "RevokeBias", Time since last: 24846275 ns, Reaching safepoint: 2877845 ns, At safepoint: 29024 ns, Total: 2906869 ns
[2020-09-10T17:34:15.411+0000][1][safepoint    ] Safepoint "RevokeBias", Time since last: 948514814 ns, Reaching safepoint: 153959 ns, At safepoint: 16598 ns, Total: 170557 ns
[2020-09-10T17:34:15.413+0000][1][safepoint    ] Safepoint "RevokeBias", Time since last: 946160 ns, Reaching safepoint: 139783 ns, At safepoint: 16653 ns, Total: 156436 ns
[2020-09-10T17:34:15.415+0000][1][safepoint    ] Safepoint "RevokeBias", Time since last: 724676 ns, Reaching safepoint: 1369593 ns, At safepoint: 22031 ns, Total: 1391624 ns
[2020-09-10T17:34:15.435+0000][1][safepoint    ] Safepoint "RevokeBias", Time since last: 16119118 ns, Reaching safepoint: 4020291 ns, At safepoint: 25713 ns, Total: 4046004 ns
[2020-09-10T17:34:15.451+0000][1][safepoint    ] Safepoint "RevokeBias", Time since last: 16031292 ns, Reaching safepoint: 117314 ns, At safepoint: 26629 ns, Total: 143943 ns
[2020-09-10T17:34:16.412+0000][1][safepoint    ] Safepoint "BulkRevokeBias", Time since last: 960556619 ns, Reaching safepoint: 37131 ns, At safepoint: 94266 ns, Total: 131397 ns
[2020-09-10T17:34:16.412+0000][1][safepoint    ] Safepoint "RevokeBias", Time since last: 609790 ns, Reaching safepoint: 16169 ns, At safepoint: 79015 ns, Total: 95184 ns
[2020-09-10T17:34:16.415+0000][1][safepoint    ] Safepoint "RevokeBias", Time since last: 2477985 ns, Reaching safepoint: 150628 ns, At safepoint: 17180 ns, Total: 167808 ns
[2020-09-10T17:34:16.422+0000][1][safepoint    ] Safepoint "BulkRevokeBias", Time since last: 6294935 ns, Reaching safepoint: 149828 ns, At safepoint: 132985 ns, Total: 282813 ns
[2020-09-10T17:34:16.447+0000][1][safepoint    ] Safepoint "RevokeBias", Time since last: 25328314 ns, Reaching safepoint: 114514 ns, At safepoint: 114347 ns, Total: 228861 ns
[2020-09-10T17:34:16.448+0000][1][safepoint    ] Safepoint "BulkRevokeBias", Time since last: 781675 ns, Reaching safepoint: 90253 ns, At safepoint: 93980 ns, Total: 184233 ns
[2020-09-10T17:34:17.419+0000][1][safepoint    ] Safepoint "RevokeBias", Time since last: 970099739 ns, Reaching safepoint: 276141 ns, At safepoint: 54802 ns, Total: 330943 ns
[2020-09-10T17:34:17.422+0000][1][safepoint    ] Safepoint "RevokeBias", Time since last: 2786685 ns, Reaching safepoint: 267828 ns, At safepoint: 46570 ns, Total: 314398 ns
[2020-09-10T17:34:17.429+0000][1][safepoint    ] Safepoint "RevokeBias", Time since last: 6257745 ns, Reaching safepoint: 641626 ns, At safepoint: 15775 ns, Total: 657401 ns
[2020-09-10T17:34:17.430+0000][1][safepoint    ] Safepoint "RevokeBias", Time since last: 932657 ns, Reaching safepoint: 137660 ns, At safepoint: 13400 ns, Total: 151060 ns
[2020-09-10T17:34:17.470+0000][1][safepoint    ] Safepoint "RevokeBias", Time since last: 40489975 ns, Reaching safepoint: 118279 ns, At safepoint: 18935 ns, Total: 137214 ns
[2020-09-10T17:34:18.416+0000][1][safepoint    ] Safepoint "RevokeBias", Time since last: 946077019 ns, Reaching safepoint: 35228 ns, At safepoint: 14178 ns, Total: 49406 ns
[2020-09-10T17:34:18.420+0000][1][safepoint    ] Safepoint "RevokeBias", Time since last: 3115418 ns, Reaching safepoint: 154381 ns, At safepoint: 17183 ns, Total: 171564 ns
[2020-09-10T17:34:18.420+0000][1][safepoint    ] Safepoint "RevokeBias", Time since last: 257394 ns, Reaching safepoint: 200349 ns, At safepoint: 11499 ns, Total: 211848 ns
[2020-09-10T17:34:18.423+0000][1][safepoint    ] Safepoint "RevokeBias", Time since last: 3082259 ns, Reaching safepoint: 118065 ns, At safepoint: 17772 ns, Total: 135837 ns
[2020-09-10T17:34:18.424+0000][1][safepoint    ] Safepoint "RevokeBias", Time since last: 76766 ns, Reaching safepoint: 264459 ns, At safepoint: 13848 ns, Total: 278307 ns
[2020-09-10T17:34:18.450+0000][1][safepoint    ] Safepoint "RevokeBias", Time since last: 25642731 ns, Reaching safepoint: 119252 ns, At safepoint: 20360 ns, Total: 139612 ns
[2020-09-10T17:34:19.417+0000][1][safepoint    ] Safepoint "RevokeBias", Time since last: 967129877 ns, Reaching safepoint: 146628 ns, At safepoint: 17494 ns, Total: 164122 ns
[2020-09-10T17:34:19.417+0000][1][safepoint    ] Safepoint "RevokeBias", Time since last: 233017 ns, Reaching safepoint: 119422 ns, At safepoint: 12212 ns, Total: 131634 ns
[2020-09-10T17:34:19.418+0000][1][safepoint    ] Safepoint "RevokeBias", Time since last: 366359 ns, Reaching safepoint: 130245 ns, At safepoint: 12224 ns, Total: 142469 ns
[2020-09-10T17:34:19.421+0000][1][safepoint    ] Safepoint "RevokeBias", Time since last: 626882 ns, Reaching safepoint: 2746454 ns, At safepoint: 27868 ns, Total: 2774322 ns
[2020-09-10T17:34:19.425+0000][1][safepoint    ] Safepoint "RevokeBias", Time since last: 3804605 ns, Reaching safepoint: 151548 ns, At safepoint: 14084 ns, Total: 165632 ns
[2020-09-10T17:34:19.447+0000][1][safepoint    ] Safepoint "RevokeBias", Time since last: 18473400 ns, Reaching safepoint: 3227525 ns, At safepoint: 23713 ns, Total: 3251238 ns
[2020-09-10T17:34:19.453+0000][1][safepoint    ] Safepoint "RevokeBias", Time since last: 4288732 ns, Reaching safepoint: 2141471 ns, At safepoint: 18265 ns, Total: 2159736 ns
[2020-09-10T17:34:20.417+0000][1][safepoint    ] Safepoint "RevokeBias", Time since last: 963722274 ns, Reaching safepoint: 33831 ns, At safepoint: 14659 ns, Total: 48490 ns
[2020-09-10T17:34:20.418+0000][1][safepoint    ] Safepoint "RevokeBias", Time since last: 575570 ns, Reaching safepoint: 16723 ns, At safepoint: 14392 ns, Total: 31115 ns
[2020-09-10T17:34:20.418+0000][1][safepoint    ] Safepoint "RevokeBias", Time since last: 131576 ns, Reaching safepoint: 15756 ns, At safepoint: 8534 ns, Total: 24290 ns
[2020-09-10T17:34:20.418+0000][1][safepoint    ] Safepoint "RevokeBias", Time since last: 544272 ns, Reaching safepoint: 16786 ns, At safepoint: 9099 ns, Total: 25885 ns
[2020-09-10T17:34:20.421+0000][1][safepoint    ] Safepoint "RevokeBias", Time since last: 2658624 ns, Reaching safepoint: 35729 ns, At safepoint: 12716 ns, Total: 48445 ns
[2020-09-10T17:34:20.449+0000][1][safepoint    ] Safepoint "RevokeBias", Time since last: 28269415 ns, Reaching safepoint: 112263 ns, At safepoint: 16861 ns, Total: 129124 ns
[2020-09-10T17:34:21.419+0000][1][safepoint    ] Safepoint "RevokeBias", Time since last: 969462354 ns, Reaching safepoint: 164818 ns, At safepoint: 54288 ns, Total: 219106 ns
[2020-09-10T17:34:21.421+0000][1][safepoint    ] Safepoint "RevokeBias", Time since last: 1570159 ns, Reaching safepoint: 249753 ns, At safepoint: 38312 ns, Total: 288065 ns
[2020-09-10T17:34:21.421+0000][1][safepoint    ] Safepoint "RevokeBias", Time since last: 356551 ns, Reaching safepoint: 128809 ns, At safepoint: 38044 ns, Total: 166853 ns
[2020-09-10T17:34:21.428+0000][1][safepoint    ] Safepoint "RevokeBias", Time since last: 5434884 ns, Reaching safepoint: 587375 ns, At safepoint: 16145 ns, Total: 603520 ns
[2020-09-10T17:34:21.428+0000][1][safepoint    ] Safepoint "RevokeBias", Time since last: 56150 ns, Reaching safepoint: 122548 ns, At safepoint: 12014 ns, Total: 134562 ns
[2020-09-10T17:34:21.453+0000][1][safepoint    ] Safepoint "RevokeBias", Time since last: 24680546 ns, Reaching safepoint: 112132 ns, At safepoint: 16867 ns, Total: 128999 ns
[2020-09-10T17:34:22.422+0000][1][safepoint    ] Safepoint "RevokeBias", Time since last: 969163481 ns, Reaching safepoint: 74267 ns, At safepoint: 33550 ns, Total: 107817 ns
[2020-09-10T17:34:22.423+0000][1][safepoint    ] Safepoint "RevokeBias", Time since last: 802820 ns, Reaching safepoint: 18995 ns, At safepoint: 22649 ns, Total: 41644 ns
[2020-09-10T17:34:22.423+0000][1][safepoint    ] Safepoint "RevokeBias", Time since last: 357576 ns, Reaching safepoint: 18176 ns, At safepoint: 13982 ns, Total: 32158 ns
[2020-09-10T17:34:22.427+0000][1][safepoint    ] Safepoint "RevokeBias", Time since last: 3762292 ns, Reaching safepoint: 42817 ns, At safepoint: 15901 ns, Total: 58718 ns
[2020-09-10T17:34:22.427+0000][1][safepoint    ] Safepoint "RevokeBias", Time since last: 381627 ns, Reaching safepoint: 104368 ns, At safepoint: 13589 ns, Total: 117957 ns
[2020-09-10T17:34:22.458+0000][1][safepoint    ] Safepoint "RevokeBias", Time since last: 29554588 ns, Reaching safepoint: 1111945 ns, At safepoint: 23281 ns, Total: 1135226 ns
[2020-09-10T17:34:23.421+0000][1][safepoint    ] Safepoint "RevokeBias", Time since last: 962749091 ns, Reaching safepoint: 108499 ns, At safepoint: 37222 ns, Total: 145721 ns
[2020-09-10T17:34:23.422+0000][1][safepoint    ] Safepoint "RevokeBias", Time since last: 577789 ns, Reaching safepoint: 49845 ns, At safepoint: 29745 ns, Total: 79590 ns
[2020-09-10T17:34:23.424+0000][1][safepoint    ] Safepoint "RevokeBias", Time since last: 2731280 ns, Reaching safepoint: 37967 ns, At safepoint: 14692 ns, Total: 52659 ns
[2020-09-10T17:34:23.425+0000][1][safepoint    ] Safepoint "RevokeBias", Time since last: 215751 ns, Reaching safepoint: 18348 ns, At safepoint: 10476 ns, Total: 28824 ns
[2020-09-10T17:34:23.426+0000][1][safepoint    ] Safepoint "RevokeBias", Time since last: 1492731 ns, Reaching safepoint: 23916 ns, At safepoint: 10654 ns, Total: 34570 ns
[2020-09-10T17:34:23.435+0000][1][safepoint    ] Safepoint "RevokeBias", Time since last: 8599067 ns, Reaching safepoint: 47250 ns, At safepoint: 17028 ns, Total: 64278 ns
[2020-09-10T17:34:23.447+0000][1][safepoint    ] Safepoint "RevokeBias", Time since last: 10728109 ns, Reaching safepoint: 1177982 ns, At safepoint: 21248 ns, Total: 1199230 ns
[2020-09-10T17:34:23.456+0000][1][safepoint    ] Safepoint "RevokeBias", Time since last: 9260633 ns, Reaching safepoint: 116079 ns, At safepoint: 15224 ns, Total: 131303 ns
[2020-09-10T17:34:24.421+0000][1][safepoint    ] Safepoint "RevokeBias", Time since last: 965144598 ns, Reaching safepoint: 85456 ns, At safepoint: 37994 ns, Total: 123450 ns
[2020-09-10T17:34:24.423+0000][1][safepoint    ] Safepoint "RevokeBias", Time since last: 1292128 ns, Reaching safepoint: 143506 ns, At safepoint: 36798 ns, Total: 180304 ns
[2020-09-10T17:34:24.424+0000][1][safepoint    ] Safepoint "RevokeBias", Time since last: 549046 ns, Reaching safepoint: 506786 ns, At safepoint: 48595 ns, Total: 555381 ns
[2020-09-10T17:34:24.435+0000][1][safepoint    ] Safepoint "RevokeBias", Time since last: 10765030 ns, Reaching safepoint: 124763 ns, At safepoint: 18626 ns, Total: 143389 ns
[2020-09-10T17:34:24.443+0000][1][safepoint    ] Safepoint "RevokeBias", Time since last: 6281712 ns, Reaching safepoint: 1580590 ns, At safepoint: 25370 ns, Total: 1605960 ns
[2020-09-10T17:34:24.453+0000][1][safepoint    ] Safepoint "RevokeBias", Time since last: 10498690 ns, Reaching safepoint: 160716 ns, At safepoint: 22150 ns, Total: 182866 ns
[2020-09-10T17:34:25.419+0000][1][safepoint    ] Safepoint "RevokeBias", Time since last: 965692920 ns, Reaching safepoint: 38026 ns, At safepoint: 16426 ns, Total: 54452 ns
[2020-09-10T17:34:25.420+0000][1][safepoint    ] Safepoint "RevokeBias", Time since last: 538292 ns, Reaching safepoint: 17678 ns, At safepoint: 16101 ns, Total: 33779 ns
[2020-09-10T17:34:25.420+0000][1][safepoint    ] Safepoint "RevokeBias", Time since last: 116527 ns, Reaching safepoint: 16241 ns, At safepoint: 8800 ns, Total: 25041 ns
[2020-09-10T17:34:25.420+0000][1][safepoint    ] Safepoint "RevokeBias", Time since last: 552728 ns, Reaching safepoint: 18290 ns, At safepoint: 9776 ns, Total: 28066 ns
[2020-09-10T17:34:25.425+0000][1][safepoint    ] Safepoint "RevokeBias", Time since last: 4206859 ns, Reaching safepoint: 38313 ns, At safepoint: 16938 ns, Total: 55251 ns
[2020-09-10T17:34:25.448+0000][1][safepoint    ] Safepoint "RevokeBias", Time since last: 23017679 ns, Reaching safepoint: 113180 ns, At safepoint: 24021 ns, Total: 137201 ns
[2020-09-10T17:34:26.421+0000][1][safepoint    ] Safepoint "BulkRevokeBias", Time since last: 973212750 ns, Reaching safepoint: 77836 ns, At safepoint: 265920 ns, Total: 343756 ns
[2020-09-10T17:34:26.423+0000][1][safepoint    ] Safepoint "RevokeBias", Time since last: 1762137 ns, Reaching safepoint: 155647 ns, At safepoint: 39875 ns, Total: 195522 ns
[2020-09-10T17:34:26.430+0000][1][safepoint    ] Safepoint "BulkRevokeBias", Time since last: 5610510 ns, Reaching safepoint: 284723 ns, At safepoint: 286030 ns, Total: 570753 ns
[2020-09-10T17:34:26.435+0000][1][safepoint    ] Safepoint "RevokeBias", Time since last: 5105621 ns, Reaching safepoint: 378089 ns, At safepoint: 31381 ns, Total: 409470 ns
[2020-09-10T17:34:26.441+0000][1][safepoint    ] Safepoint "BulkRevokeBias", Time since last: 4414949 ns, Reaching safepoint: 89005 ns, At safepoint: 1517578 ns, Total: 1606583 ns
[2020-09-10T17:34:26.445+0000][1][safepoint    ] Safepoint "RevokeBias", Time since last: 4031058 ns, Reaching safepoint: 295619 ns, At safepoint: 22085 ns, Total: 317704 ns
[2020-09-10T17:34:26.452+0000][1][safepoint    ] Safepoint "BulkRevokeBias", Time since last: 6192428 ns, Reaching safepoint: 111045 ns, At safepoint: 98727 ns, Total: 209772 ns
[2020-09-10T17:34:26.454+0000][1][safepoint    ] Safepoint "BulkRevokeBias", Time since last: 1815327 ns, Reaching safepoint: 150506 ns, At safepoint: 119166 ns, Total: 269672 ns
[2020-09-10T17:34:27.454+0000][1][safepoint    ] Safepoint "Cleanup", Time since last: 1000178531 ns, Reaching safepoint: 80388 ns, At safepoint: 6992 ns, Total: 87380 ns
[2020-09-10T17:34:28.438+0000][1][gc,start     ] GC(66) Pause Young (Allocation Failure)
[2020-09-10T17:34:28.438+0000][1][gc,task      ] GC(66) Using 1 workers of 1 for evacuation
[2020-09-10T17:34:28.473+0000][1][gc,age       ] GC(66) Desired survivor size 4358144 bytes, new threshold 6 (max threshold 6)
[2020-09-10T17:34:28.473+0000][1][gc,age       ] GC(66) Age table with threshold 6 (max threshold 6)
[2020-09-10T17:34:28.473+0000][1][gc,age       ] GC(66) - age   1:     279232 bytes,     279232 total
[2020-09-10T17:34:28.473+0000][1][gc,age       ] GC(66) - age   2:    2096896 bytes,    2376128 total
[2020-09-10T17:34:28.473+0000][1][gc,heap      ] GC(66) ParNew: 74061K->5443K(76672K)
[2020-09-10T17:34:28.473+0000][1][gc,heap      ] GC(66) CMS: 58876K->94959K(2011968K)
[2020-09-10T17:34:28.473+0000][1][gc,metaspace ] GC(66) Metaspace: 72821K->72821K(1116160K)
[2020-09-10T17:34:28.473+0000][1][gc           ] GC(66) Pause Young (Allocation Failure) 129M->98M(2039M) 35.140ms
[2020-09-10T17:34:28.473+0000][1][gc,cpu       ] GC(66) User=0.03s Sys=0.00s Real=0.04s
[2020-09-10T17:34:28.485+0000][1][safepoint    ] Safepoint "GenCollectForAllocation", Time since last: 983063085 ns, Reaching safepoint: 173667 ns, At safepoint: 47411002 ns, Total: 47584669 ns
[2020-09-10T17:34:29.492+0000][1][safepoint    ] Safepoint "Cleanup", Time since last: 1006600529 ns, Reaching safepoint: 196120 ns, At safepoint: 18553 ns, Total: 214673 ns
[2020-09-10T17:34:30.492+0000][1][safepoint    ] Safepoint "Cleanup", Time since last: 1000201816 ns, Reaching safepoint: 100140 ns, At safepoint: 15676 ns, Total: 115816 ns
[2020-09-10T17:34:31.492+0000][1][safepoint    ] Safepoint "Cleanup", Time since last: 1000213865 ns, Reaching safepoint: 79160 ns, At safepoint: 6638 ns, Total: 85798 ns
[2020-09-10T17:34:32.493+0000][1][safepoint    ] Safepoint "Cleanup", Time since last: 1000142060 ns, Reaching safepoint: 88252 ns, At safepoint: 13542 ns, Total: 101794 ns
[2020-09-10T17:34:33.493+0000][1][safepoint    ] Safepoint "Cleanup", Time since last: 1000213432 ns, Reaching safepoint: 98914 ns, At safepoint: 17691 ns, Total: 116605 ns
[2020-09-10T17:34:34.493+0000][1][safepoint    ] Safepoint "Cleanup", Time since last: 1000235945 ns, Reaching safepoint: 70256 ns, At safepoint: 6005 ns, Total: 76261 ns
[2020-09-10T17:34:35.496+0000][1][safepoint    ] Safepoint "Cleanup", Time since last: 1002857762 ns, Reaching safepoint: 55303 ns, At safepoint: 7801 ns, Total: 63104 ns
[2020-09-10T17:34:36.496+0000][1][safepoint    ] Safepoint "Cleanup", Time since last: 1000201496 ns, Reaching safepoint: 105986 ns, At safepoint: 15168 ns, Total: 121154 ns
[2020-09-10T17:34:37.497+0000][1][safepoint    ] Safepoint "Cleanup", Time since last: 1000195074 ns, Reaching safepoint: 101928 ns, At safepoint: 16718 ns, Total: 118646 ns
[2020-09-10T17:34:38.497+0000][1][safepoint    ] Safepoint "Cleanup", Time since last: 1000197138 ns, Reaching safepoint: 130931 ns, At safepoint: 11676 ns, Total: 142607 ns
[2020-09-10T17:34:39.177+0000][1][safepoint    ] Safepoint "RevokeBias", Time since last: 679509267 ns, Reaching safepoint: 161813 ns, At safepoint: 10357 ns, Total: 172170 ns
[2020-09-10T17:34:39.179+0000][1][safepoint    ] Safepoint "RevokeBias", Time since last: 1889615 ns, Reaching safepoint: 143072 ns, At safepoint: 7565 ns, Total: 150637 ns
[2020-09-10T17:34:39.215+0000][1][safepoint    ] Safepoint "Deoptimize", Time since last: 35660853 ns, Reaching safepoint: 125231 ns, At safepoint: 391903 ns, Total: 517134 ns
[2020-09-10T17:34:39.229+0000][1][safepoint    ] Safepoint "RevokeBias", Time since last: 13532529 ns, Reaching safepoint: 120641 ns, At safepoint: 7814 ns, Total: 128455 ns
[2020-09-10T17:34:39.229+0000][1][safepoint    ] Safepoint "RevokeBias", Time since last: 90576 ns, Reaching safepoint: 20443 ns, At safepoint: 4327 ns, Total: 24770 ns
[2020-09-10T17:34:39.229+0000][1][safepoint    ] Safepoint "RevokeBias", Time since last: 33027 ns, Reaching safepoint: 19693 ns, At safepoint: 3790 ns, Total: 23483 ns
[2020-09-10T17:34:39.229+0000][1][safepoint    ] Safepoint "RevokeBias", Time since last: 390256 ns, Reaching safepoint: 21430 ns, At safepoint: 4458 ns, Total: 25888 ns
[2020-09-10T17:34:39.230+0000][1][safepoint    ] Safepoint "RevokeBias", Time since last: 491509 ns, Reaching safepoint: 18856 ns, At safepoint: 5174 ns, Total: 24030 ns
[2020-09-10T17:34:39.230+0000][1][safepoint    ] Safepoint "RevokeBias", Time since last: 519432 ns, Reaching safepoint: 19375 ns, At safepoint: 17666 ns, Total: 37041 ns
[2020-09-10T17:34:39.247+0000][1][safepoint    ] Safepoint "RevokeBias", Time since last: 16635641 ns, Reaching safepoint: 122460 ns, At safepoint: 8420 ns, Total: 130880 ns
[2020-09-10T17:34:39.248+0000][1][safepoint    ] Safepoint "RevokeBias", Time since last: 298418 ns, Reaching safepoint: 103049 ns, At safepoint: 38351 ns, Total: 141400 ns
[2020-09-10T17:34:39.250+0000][1][safepoint    ] Safepoint "RevokeBias", Time since last: 2268227 ns, Reaching safepoint: 119924 ns, At safepoint: 8050 ns, Total: 127974 ns
[2020-09-10T17:34:39.261+0000][1][safepoint    ] Safepoint "RevokeBias", Time since last: 11074776 ns, Reaching safepoint: 125469 ns, At safepoint: 8931 ns, Total: 134400 ns
[2020-09-10T17:34:39.264+0000][1][safepoint    ] Safepoint "RevokeBias", Time since last: 3006507 ns, Reaching safepoint: 123325 ns, At safepoint: 61652 ns, Total: 184977 ns
[2020-09-10T17:34:39.265+0000][1][safepoint    ] Safepoint "RevokeBias", Time since last: 72827 ns, Reaching safepoint: 102265 ns, At safepoint: 44020 ns, Total: 146285 ns
[2020-09-10T17:34:39.275+0000][1][safepoint    ] Safepoint "RevokeBias", Time since last: 10114388 ns, Reaching safepoint: 129459 ns, At safepoint: 17206 ns, Total: 146665 ns
[2020-09-10T17:34:40.275+0000][1][safepoint    ] Safepoint "Cleanup", Time since last: 1000211365 ns, Reaching safepoint: 91559 ns, At safepoint: 7367 ns, Total: 98926 ns
[2020-09-10T17:34:41.275+0000][1][safepoint    ] Safepoint "Cleanup", Time since last: 1000181700 ns, Reaching safepoint: 96607 ns, At safepoint: 6746 ns, Total: 103353 ns
[2020-09-10T17:34:42.276+0000][1][safepoint    ] Safepoint "Cleanup", Time since last: 1000179188 ns, Reaching safepoint: 123159 ns, At safepoint: 18105 ns, Total: 141264 ns
[2020-09-10T17:34:43.276+0000][1][safepoint    ] Safepoint "Cleanup", Time since last: 1000243199 ns, Reaching safepoint: 76378 ns, At safepoint: 7296 ns, Total: 83674 ns
[2020-09-10T17:34:45.115+0000][1][safepoint    ] Safepoint "Cleanup", Time since last: 1838690452 ns, Reaching safepoint: 194606 ns, At safepoint: 16258 ns, Total: 210864 ns
[2020-09-10T17:34:46.115+0000][1][safepoint    ] Safepoint "Cleanup", Time since last: 1000257351 ns, Reaching safepoint: 93818 ns, At safepoint: 7596 ns, Total: 101414 ns
[2020-09-10T17:34:47.116+0000][1][safepoint    ] Safepoint "Cleanup", Time since last: 1000201372 ns, Reaching safepoint: 96748 ns, At safepoint: 7456 ns, Total: 104204 ns
[2020-09-10T17:34:48.116+0000][1][safepoint    ] Safepoint "Cleanup", Time since last: 1000168439 ns, Reaching safepoint: 135033 ns, At safepoint: 18169 ns, Total: 153202 ns
[2020-09-10T17:34:49.116+0000][1][safepoint    ] Safepoint "Cleanup", Time since last: 1000234348 ns, Reaching safepoint: 96493 ns, At safepoint: 7455 ns, Total: 103948 ns
[2020-09-10T17:34:50.117+0000][1][safepoint    ] Safepoint "Cleanup", Time since last: 1000186477 ns, Reaching safepoint: 119457 ns, At safepoint: 18513 ns, Total: 137970 ns
[2020-09-10T17:34:51.117+0000][1][safepoint    ] Safepoint "Cleanup", Time since last: 1000210705 ns, Reaching safepoint: 99490 ns, At safepoint: 7918 ns, Total: 107408 ns
[2020-09-10T17:34:52.117+0000][1][safepoint    ] Safepoint "Cleanup", Time since last: 1000175990 ns, Reaching safepoint: 95323 ns, At safepoint: 7253 ns, Total: 102576 ns
[2020-09-10T17:34:53.118+0000][1][safepoint    ] Safepoint "Cleanup", Time since last: 1000169483 ns, Reaching safepoint: 134204 ns, At safepoint: 17170 ns, Total: 151374 ns
[2020-09-10T17:34:54.118+0000][1][safepoint    ] Safepoint "Cleanup", Time since last: 1000207160 ns, Reaching safepoint: 92050 ns, At safepoint: 8599 ns, Total: 100649 ns
[2020-09-10T17:34:55.118+0000][1][safepoint    ] Safepoint "Cleanup", Time since last: 1000257205 ns, Reaching safepoint: 122240 ns, At safepoint: 20323 ns, Total: 142563 ns
[2020-09-10T17:34:56.119+0000][1][safepoint    ] Safepoint "Cleanup", Time since last: 1000231418 ns, Reaching safepoint: 123967 ns, At safepoint: 18697 ns, Total: 142664 ns
[2020-09-10T17:34:57.119+0000][1][safepoint    ] Safepoint "Cleanup", Time since last: 1000221556 ns, Reaching safepoint: 131649 ns, At safepoint: 20156 ns, Total: 151805 ns
[2020-09-10T17:34:58.119+0000][1][safepoint    ] Safepoint "Cleanup", Time since last: 1000228452 ns, Reaching safepoint: 122203 ns, At safepoint: 18810 ns, Total: 141013 ns
[2020-09-10T17:34:59.120+0000][1][safepoint    ] Safepoint "Cleanup", Time since last: 1000198503 ns, Reaching safepoint: 98785 ns, At safepoint: 7746 ns, Total: 106531 ns
[2020-09-10T17:35:00.120+0000][1][safepoint    ] Safepoint "Cleanup", Time since last: 1000200032 ns, Reaching safepoint: 93767 ns, At safepoint: 7735 ns, Total: 101502 ns
[2020-09-10T17:35:01.120+0000][1][safepoint    ] Safepoint "Cleanup", Time since last: 1000187086 ns, Reaching safepoint: 86971 ns, At safepoint: 6893 ns, Total: 93864 ns
[2020-09-10T17:35:02.121+0000][1][safepoint    ] Safepoint "Cleanup", Time since last: 1000200119 ns, Reaching safepoint: 80706 ns, At safepoint: 8045 ns, Total: 88751 ns
[2020-09-10T17:35:03.121+0000][1][safepoint    ] Safepoint "Cleanup", Time since last: 1000171521 ns, Reaching safepoint: 91498 ns, At safepoint: 6850 ns, Total: 98348 ns
[2020-09-10T17:35:04.121+0000][1][safepoint    ] Safepoint "Cleanup", Time since last: 1000186297 ns, Reaching safepoint: 86267 ns, At safepoint: 6549 ns, Total: 92816 ns
[2020-09-10T17:35:05.121+0000][1][safepoint    ] Safepoint "Cleanup", Time since last: 1000213388 ns, Reaching safepoint: 85182 ns, At safepoint: 7535 ns, Total: 92717 ns
[2020-09-10T17:35:05.649+0000][1][gc,start     ] GC(67) Pause Young (Allocation Failure)
[2020-09-10T17:35:05.650+0000][1][gc,task      ] GC(67) Using 1 workers of 1 for evacuation
[2020-09-10T17:35:05.669+0000][1][gc,age       ] GC(67) Desired survivor size 4358144 bytes, new threshold 6 (max threshold 6)
[2020-09-10T17:35:05.669+0000][1][gc,age       ] GC(67) Age table with threshold 6 (max threshold 6)
[2020-09-10T17:35:05.669+0000][1][gc,age       ] GC(67) - age   1:     647208 bytes,     647208 total
[2020-09-10T17:35:05.669+0000][1][gc,age       ] GC(67) - age   2:     245880 bytes,     893088 total
[2020-09-10T17:35:05.669+0000][1][gc,age       ] GC(67) - age   3:    2093312 bytes,    2986400 total
[2020-09-10T17:35:05.669+0000][1][gc,heap      ] GC(67) ParNew: 73603K->4461K(76672K)
[2020-09-10T17:35:05.669+0000][1][gc,heap      ] GC(67) CMS: 94959K->94959K(2011968K)
[2020-09-10T17:35:05.669+0000][1][gc,metaspace ] GC(67) Metaspace: 74316K->74316K(1118208K)
[2020-09-10T17:35:05.669+0000][1][gc           ] GC(67) Pause Young (Allocation Failure) 164M->97M(2039M) 19.449ms
[2020-09-10T17:35:05.669+0000][1][gc,cpu       ] GC(67) User=0.02s Sys=0.00s Real=0.02s
[2020-09-10T17:35:05.669+0000][1][safepoint    ] Safepoint "GenCollectForAllocation", Time since last: 527888710 ns, Reaching safepoint: 186952 ns, At safepoint: 19605181 ns, Total: 19792133 ns
[2020-09-10T17:35:06.674+0000][1][safepoint    ] Safepoint "Cleanup", Time since last: 1004733614 ns, Reaching safepoint: 107136 ns, At safepoint: 17353 ns, Total: 124489 ns
[2020-09-10T17:35:07.677+0000][1][safepoint    ] Safepoint "Cleanup", Time since last: 1002787461 ns, Reaching safepoint: 159490 ns, At safepoint: 17009 ns, Total: 176499 ns
[2020-09-10T17:35:08.677+0000][1][safepoint    ] Safepoint "Cleanup", Time since last: 1000197529 ns, Reaching safepoint: 121486 ns, At safepoint: 20547 ns, Total: 142033 ns
[2020-09-10T17:35:09.677+0000][1][safepoint    ] Safepoint "Cleanup", Time since last: 1000167174 ns, Reaching safepoint: 72743 ns, At safepoint: 7625 ns, Total: 80368 ns
[2020-09-10T17:35:10.678+0000][1][safepoint    ] Safepoint "Cleanup", Time since last: 1000109820 ns, Reaching safepoint: 63710 ns, At safepoint: 4922 ns, Total: 68632 ns
[2020-09-10T17:35:11.678+0000][1][safepoint    ] Safepoint "Cleanup", Time since last: 1000169753 ns, Reaching safepoint: 121826 ns, At safepoint: 10908 ns, Total: 132734 ns
[2020-09-10T17:35:12.678+0000][1][safepoint    ] Safepoint "Cleanup", Time since last: 1000199392 ns, Reaching safepoint: 94034 ns, At safepoint: 6976 ns, Total: 101010 ns
[2020-09-10T17:35:13.679+0000][1][safepoint    ] Safepoint "Cleanup", Time since last: 1000410595 ns, Reaching safepoint: 58488 ns, At safepoint: 6006 ns, Total: 64494 ns
[2020-09-10T17:35:14.679+0000][1][safepoint    ] Safepoint "Cleanup", Time since last: 1000106020 ns, Reaching safepoint: 65938 ns, At safepoint: 7536 ns, Total: 73474 ns
[2020-09-10T17:35:15.679+0000][1][safepoint    ] Safepoint "Cleanup", Time since last: 1000166237 ns, Reaching safepoint: 88922 ns, At safepoint: 5866 ns, Total: 94788 ns
[2020-09-10T17:35:16.679+0000][1][safepoint    ] Safepoint "Cleanup", Time since last: 1000175672 ns, Reaching safepoint: 118585 ns, At safepoint: 19027 ns, Total: 137612 ns
[2020-09-10T17:35:17.680+0000][1][safepoint    ] Safepoint "Cleanup", Time since last: 1000174897 ns, Reaching safepoint: 123898 ns, At safepoint: 16888 ns, Total: 140786 ns
[2020-09-10T17:35:18.680+0000][1][safepoint    ] Safepoint "Cleanup", Time since last: 1000156623 ns, Reaching safepoint: 118839 ns, At safepoint: 17608 ns, Total: 136447 ns
[2020-09-10T17:35:19.680+0000][1][safepoint    ] Safepoint "Cleanup", Time since last: 1000178595 ns, Reaching safepoint: 116264 ns, At safepoint: 16354 ns, Total: 132618 ns
[2020-09-10T17:35:20.681+0000][1][safepoint    ] Safepoint "Cleanup", Time since last: 1000218585 ns, Reaching safepoint: 122505 ns, At safepoint: 18362 ns, Total: 140867 ns
[2020-09-10T17:35:21.681+0000][1][safepoint    ] Safepoint "Cleanup", Time since last: 1000175406 ns, Reaching safepoint: 112238 ns, At safepoint: 16421 ns, Total: 128659 ns
[2020-09-10T17:35:22.681+0000][1][safepoint    ] Safepoint "Cleanup", Time since last: 1000158624 ns, Reaching safepoint: 68837 ns, At safepoint: 6940 ns, Total: 75777 ns
[2020-09-10T17:35:23.682+0000][1][safepoint    ] Safepoint "Cleanup", Time since last: 1000165027 ns, Reaching safepoint: 93988 ns, At safepoint: 6338 ns, Total: 100326 ns
[2020-09-10T17:35:24.682+0000][1][safepoint    ] Safepoint "Cleanup", Time since last: 1000149453 ns, Reaching safepoint: 106901 ns, At safepoint: 7474 ns, Total: 114375 ns
[2020-09-10T17:35:25.682+0000][1][safepoint    ] Safepoint "Cleanup", Time since last: 1000164585 ns, Reaching safepoint: 127806 ns, At safepoint: 17036 ns, Total: 144842 ns
[2020-09-10T17:35:26.682+0000][1][safepoint    ] Safepoint "Cleanup", Time since last: 1000271579 ns, Reaching safepoint: 67132 ns, At safepoint: 6852 ns, Total: 73984 ns
[2020-09-10T17:35:27.683+0000][1][safepoint    ] Safepoint "Cleanup", Time since last: 1000184860 ns, Reaching safepoint: 92164 ns, At safepoint: 6467 ns, Total: 98631 ns
[2020-09-10T17:35:28.683+0000][1][safepoint    ] Safepoint "Cleanup", Time since last: 1000171559 ns, Reaching safepoint: 89986 ns, At safepoint: 7609 ns, Total: 97595 ns
[2020-09-10T17:35:29.683+0000][1][safepoint    ] Safepoint "Cleanup", Time since last: 1000159938 ns, Reaching safepoint: 133496 ns, At safepoint: 16211 ns, Total: 149707 ns
[2020-09-10T17:35:30.684+0000][1][safepoint    ] Safepoint "Cleanup", Time since last: 1000207453 ns, Reaching safepoint: 100612 ns, At safepoint: 6749 ns, Total: 107361 ns
[2020-09-10T17:35:31.684+0000][1][safepoint    ] Safepoint "Cleanup", Time since last: 1000178562 ns, Reaching safepoint: 118076 ns, At safepoint: 7108 ns, Total: 125184 ns
[2020-09-10T17:35:32.684+0000][1][safepoint    ] Safepoint "Cleanup", Time since last: 1000181613 ns, Reaching safepoint: 121666 ns, At safepoint: 17641 ns, Total: 139307 ns
[2020-09-10T17:35:33.685+0000][1][safepoint    ] Safepoint "Cleanup", Time since last: 1000216381 ns, Reaching safepoint: 111198 ns, At safepoint: 16692 ns, Total: 127890 ns
[2020-09-10T17:35:34.685+0000][1][safepoint    ] Safepoint "Cleanup", Time since last: 1000262007 ns, Reaching safepoint: 122534 ns, At safepoint: 16983 ns, Total: 139517 ns
[2020-09-10T17:35:35.685+0000][1][safepoint    ] Safepoint "Cleanup", Time since last: 1000232660 ns, Reaching safepoint: 112618 ns, At safepoint: 16465 ns, Total: 129083 ns
[2020-09-10T17:35:36.686+0000][1][safepoint    ] Safepoint "Cleanup", Time since last: 1000223799 ns, Reaching safepoint: 117830 ns, At safepoint: 16641 ns, Total: 134471 ns
[2020-09-10T17:35:37.686+0000][1][safepoint    ] Safepoint "Cleanup", Time since last: 1000344101 ns, Reaching safepoint: 122782 ns, At safepoint: 16006 ns, Total: 138788 ns
[2020-09-10T17:35:38.687+0000][1][safepoint    ] Safepoint "Cleanup", Time since last: 1000293560 ns, Reaching safepoint: 159600 ns, At safepoint: 16842 ns, Total: 176442 ns
[2020-09-10T17:35:39.687+0000][1][safepoint    ] Safepoint "Cleanup", Time since last: 1000213085 ns, Reaching safepoint: 122896 ns, At safepoint: 15996 ns, Total: 138892 ns
[2020-09-10T17:35:40.687+0000][1][safepoint    ] Safepoint "Cleanup", Time since last: 1000209812 ns, Reaching safepoint: 88893 ns, At safepoint: 6853 ns, Total: 95746 ns
[2020-09-10T17:35:41.688+0000][1][safepoint    ] Safepoint "Cleanup", Time since last: 1000172076 ns, Reaching safepoint: 93038 ns, At safepoint: 6277 ns, Total: 99315 ns
[2020-09-10T17:35:42.688+0000][1][safepoint    ] Safepoint "Cleanup", Time since last: 1000176791 ns, Reaching safepoint: 92588 ns, At safepoint: 7464 ns, Total: 100052 ns
[2020-09-10T17:35:43.689+0000][1][safepoint    ] Safepoint "Cleanup", Time since last: 1000914724 ns, Reaching safepoint: 83305 ns, At safepoint: 6902 ns, Total: 90207 ns
[2020-09-10T17:35:44.689+0000][1][safepoint    ] Safepoint "Cleanup", Time since last: 1000181111 ns, Reaching safepoint: 90094 ns, At safepoint: 7722 ns, Total: 97816 ns
[2020-09-10T17:35:45.689+0000][1][safepoint    ] Safepoint "Cleanup", Time since last: 1000179062 ns, Reaching safepoint: 92070 ns, At safepoint: 7274 ns, Total: 99344 ns
[2020-09-10T17:35:46.690+0000][1][safepoint    ] Safepoint "Cleanup", Time since last: 1000192274 ns, Reaching safepoint: 84856 ns, At safepoint: 7314 ns, Total: 92170 ns
[2020-09-10T17:35:47.007+0000][1][gc,start     ] GC(68) Pause Young (Allocation Failure)
[2020-09-10T17:35:47.007+0000][1][gc,task      ] GC(68) Using 1 workers of 1 for evacuation
[2020-09-10T17:35:47.042+0000][1][gc,age       ] GC(68) Desired survivor size 4358144 bytes, new threshold 6 (max threshold 6)
[2020-09-10T17:35:47.042+0000][1][gc,age       ] GC(68) Age table with threshold 6 (max threshold 6)
[2020-09-10T17:35:47.042+0000][1][gc,age       ] GC(68) - age   1:     586656 bytes,     586656 total
[2020-09-10T17:35:47.042+0000][1][gc,age       ] GC(68) - age   2:     616400 bytes,    1203056 total
[2020-09-10T17:35:47.042+0000][1][gc,age       ] GC(68) - age   3:     245880 bytes,    1448936 total
[2020-09-10T17:35:47.042+0000][1][gc,age       ] GC(68) - age   4:    2092480 bytes,    3541416 total
[2020-09-10T17:35:47.042+0000][1][gc,heap      ] GC(68) ParNew: 72621K->5490K(76672K)
[2020-09-10T17:35:47.042+0000][1][gc,heap      ] GC(68) CMS: 94959K->94959K(2011968K)
[2020-09-10T17:35:47.042+0000][1][gc,metaspace ] GC(68) Metaspace: 74708K->74708K(1118208K)
[2020-09-10T17:35:47.042+0000][1][gc           ] GC(68) Pause Young (Allocation Failure) 163M->98M(2039M) 35.423ms
[2020-09-10T17:35:47.042+0000][1][gc,cpu       ] GC(68) User=0.04s Sys=0.00s Real=0.04s
[2020-09-10T17:35:47.051+0000][1][safepoint    ] Safepoint "GenCollectForAllocation", Time since last: 316662629 ns, Reaching safepoint: 143025 ns, At safepoint: 44143325 ns, Total: 44286350 ns
[2020-09-10T17:35:48.055+0000][1][safepoint    ] Safepoint "Cleanup", Time since last: 1004153217 ns, Reaching safepoint: 87740 ns, At safepoint: 9461 ns, Total: 97201 ns
[2020-09-10T17:35:49.056+0000][1][safepoint    ] Safepoint "Cleanup", Time since last: 1000757853 ns, Reaching safepoint: 85884 ns, At safepoint: 5573 ns, Total: 91457 ns
[2020-09-10T17:35:50.056+0000][1][safepoint    ] Safepoint "Cleanup", Time since last: 1000190023 ns, Reaching safepoint: 100767 ns, At safepoint: 7192 ns, Total: 107959 ns
[2020-09-10T17:35:51.056+0000][1][safepoint    ] Safepoint "Cleanup", Time since last: 1000179626 ns, Reaching safepoint: 101843 ns, At safepoint: 5684 ns, Total: 107527 ns
[2020-09-10T17:35:52.057+0000][1][safepoint    ] Safepoint "Cleanup", Time since last: 1000173809 ns, Reaching safepoint: 82659 ns, At safepoint: 6535 ns, Total: 89194 ns
[2020-09-10T17:35:53.057+0000][1][safepoint    ] Safepoint "Cleanup", Time since last: 1000153178 ns, Reaching safepoint: 102362 ns, At safepoint: 5960 ns, Total: 108322 ns
[2020-09-10T17:35:54.058+0000][1][safepoint    ] Safepoint "Cleanup", Time since last: 1001126223 ns, Reaching safepoint: 97766 ns, At safepoint: 7579 ns, Total: 105345 ns
[2020-09-10T17:35:55.058+0000][1][safepoint    ] Safepoint "Cleanup", Time since last: 1000177564 ns, Reaching safepoint: 107753 ns, At safepoint: 6745 ns, Total: 114498 ns
[2020-09-10T17:35:56.059+0000][1][safepoint    ] Safepoint "Cleanup", Time since last: 1000228903 ns, Reaching safepoint: 111005 ns, At safepoint: 16201 ns, Total: 127206 ns
[2020-09-10T17:35:57.060+0000][1][safepoint    ] Safepoint "Cleanup", Time since last: 1001167197 ns, Reaching safepoint: 66321 ns, At safepoint: 7141 ns, Total: 73462 ns
[2020-09-10T17:35:58.060+0000][1][safepoint    ] Safepoint "Cleanup", Time since last: 1000190888 ns, Reaching safepoint: 122862 ns, At safepoint: 18031 ns, Total: 140893 ns
[2020-09-10T17:35:59.062+0000][1][safepoint    ] Safepoint "Cleanup", Time since last: 1001128103 ns, Reaching safepoint: 124603 ns, At safepoint: 15822 ns, Total: 140425 ns
[2020-09-10T17:36:00.062+0000][1][safepoint    ] Safepoint "Cleanup", Time since last: 1000213417 ns, Reaching safepoint: 123440 ns, At safepoint: 16224 ns, Total: 139664 ns
[2020-09-10T17:36:01.062+0000][1][safepoint    ] Safepoint "Cleanup", Time since last: 1000224544 ns, Reaching safepoint: 91706 ns, At safepoint: 6743 ns, Total: 98449 ns
[2020-09-10T17:36:02.063+0000][1][safepoint    ] Safepoint "Cleanup", Time since last: 1000177507 ns, Reaching safepoint: 94880 ns, At safepoint: 6858 ns, Total: 101738 ns
[2020-09-10T17:36:03.063+0000][1][safepoint    ] Safepoint "Cleanup", Time since last: 1000210990 ns, Reaching safepoint: 101933 ns, At safepoint: 6883 ns, Total: 108816 ns
[2020-09-10T17:36:04.064+0000][1][safepoint    ] Safepoint "Cleanup", Time since last: 1000740312 ns, Reaching safepoint: 97121 ns, At safepoint: 7405 ns, Total: 104526 ns
[2020-09-10T17:36:05.064+0000][1][safepoint    ] Safepoint "Cleanup", Time since last: 1000180838 ns, Reaching safepoint: 98910 ns, At safepoint: 5950 ns, Total: 104860 ns
[2020-09-10T17:36:06.064+0000][1][safepoint    ] Safepoint "Cleanup", Time since last: 1000189317 ns, Reaching safepoint: 115579 ns, At safepoint: 18131 ns, Total: 133710 ns
[2020-09-10T17:36:07.065+0000][1][safepoint    ] Safepoint "Cleanup", Time since last: 1000226152 ns, Reaching safepoint: 88051 ns, At safepoint: 6579 ns, Total: 94630 ns
[2020-09-10T17:36:08.065+0000][1][safepoint    ] Safepoint "Cleanup", Time since last: 1000179708 ns, Reaching safepoint: 146440 ns, At safepoint: 17931 ns, Total: 164371 ns
[2020-09-10T17:36:09.066+0000][1][safepoint    ] Safepoint "Cleanup", Time since last: 1001050591 ns, Reaching safepoint: 101987 ns, At safepoint: 6538 ns, Total: 108525 ns
[2020-09-10T17:36:10.066+0000][1][safepoint    ] Safepoint "Cleanup", Time since last: 1000160058 ns, Reaching safepoint: 99166 ns, At safepoint: 7369 ns, Total: 106535 ns
[2020-09-10T17:36:11.067+0000][1][safepoint    ] Safepoint "Cleanup", Time since last: 1000213018 ns, Reaching safepoint: 126517 ns, At safepoint: 16535 ns, Total: 143052 ns
[2020-09-10T17:36:12.067+0000][1][safepoint    ] Safepoint "Cleanup", Time since last: 1000261037 ns, Reaching safepoint: 90088 ns, At safepoint: 6323 ns, Total: 96411 ns
[2020-09-10T17:36:13.067+0000][1][safepoint    ] Safepoint "Cleanup", Time since last: 1000188806 ns, Reaching safepoint: 88483 ns, At safepoint: 6036 ns, Total: 94519 ns
[2020-09-10T17:36:14.068+0000][1][safepoint    ] Safepoint "Cleanup", Time since last: 1000895047 ns, Reaching safepoint: 126156 ns, At safepoint: 17621 ns, Total: 143777 ns
[2020-09-10T17:36:15.069+0000][1][safepoint    ] Safepoint "Cleanup", Time since last: 1000234184 ns, Reaching safepoint: 86105 ns, At safepoint: 6589 ns, Total: 92694 ns
[2020-09-10T17:36:16.069+0000][1][safepoint    ] Safepoint "Cleanup", Time since last: 1000184787 ns, Reaching safepoint: 96026 ns, At safepoint: 7631 ns, Total: 103657 ns
[2020-09-10T17:36:17.069+0000][1][safepoint    ] Safepoint "Cleanup", Time since last: 1000206741 ns, Reaching safepoint: 84819 ns, At safepoint: 6440 ns, Total: 91259 ns
[2020-09-10T17:36:18.070+0000][1][safepoint    ] Safepoint "Cleanup", Time since last: 1000151678 ns, Reaching safepoint: 115191 ns, At safepoint: 18470 ns, Total: 133661 ns
[2020-09-10T17:36:19.071+0000][1][safepoint    ] Safepoint "Cleanup", Time since last: 1001029006 ns, Reaching safepoint: 109027 ns, At safepoint: 16631 ns, Total: 125658 ns
[2020-09-10T17:36:20.071+0000][1][safepoint    ] Safepoint "Cleanup", Time since last: 1000225288 ns, Reaching safepoint: 124596 ns, At safepoint: 18208 ns, Total: 142804 ns
[2020-09-10T17:36:21.072+0000][1][safepoint    ] Safepoint "Cleanup", Time since last: 1000216404 ns, Reaching safepoint: 84068 ns, At safepoint: 6423 ns, Total: 90491 ns
[2020-09-10T17:36:22.072+0000][1][safepoint    ] Safepoint "Cleanup", Time since last: 1000149361 ns, Reaching safepoint: 66018 ns, At safepoint: 7006 ns, Total: 73024 ns
[2020-09-10T17:36:23.072+0000][1][safepoint    ] Safepoint "Cleanup", Time since last: 1000184908 ns, Reaching safepoint: 93778 ns, At safepoint: 6285 ns, Total: 100063 ns
[2020-09-10T17:36:24.073+0000][1][safepoint    ] Safepoint "Cleanup", Time since last: 1000830205 ns, Reaching safepoint: 134579 ns, At safepoint: 18386 ns, Total: 152965 ns
[2020-09-10T17:36:25.073+0000][1][safepoint    ] Safepoint "Cleanup", Time since last: 1000214262 ns, Reaching safepoint: 89097 ns, At safepoint: 6787 ns, Total: 95884 ns
[2020-09-10T17:36:26.074+0000][1][safepoint    ] Safepoint "Cleanup", Time since last: 1000195104 ns, Reaching safepoint: 118913 ns, At safepoint: 18813 ns, Total: 137726 ns
[2020-09-10T17:36:27.074+0000][1][safepoint    ] Safepoint "Cleanup", Time since last: 1000193026 ns, Reaching safepoint: 113299 ns, At safepoint: 6405 ns, Total: 119704 ns
[2020-09-10T17:36:27.467+0000][1][gc,start     ] GC(69) Pause Young (Allocation Failure)
[2020-09-10T17:36:27.467+0000][1][gc,task      ] GC(69) Using 1 workers of 1 for evacuation
[2020-09-10T17:36:27.487+0000][1][gc,age       ] GC(69) Desired survivor size 4358144 bytes, new threshold 6 (max threshold 6)
[2020-09-10T17:36:27.487+0000][1][gc,age       ] GC(69) Age table with threshold 6 (max threshold 6)
[2020-09-10T17:36:27.487+0000][1][gc,age       ] GC(69) - age   1:     131016 bytes,     131016 total
[2020-09-10T17:36:27.487+0000][1][gc,age       ] GC(69) - age   2:      97640 bytes,     228656 total
[2020-09-10T17:36:27.487+0000][1][gc,age       ] GC(69) - age   3:     612280 bytes,     840936 total
[2020-09-10T17:36:27.487+0000][1][gc,age       ] GC(69) - age   4:     245344 bytes,    1086280 total
[2020-09-10T17:36:27.487+0000][1][gc,age       ] GC(69) - age   5:    2092416 bytes,    3178696 total
[2020-09-10T17:36:27.487+0000][1][gc,heap      ] GC(69) ParNew: 73650K->3280K(76672K)
[2020-09-10T17:36:27.487+0000][1][gc,heap      ] GC(69) CMS: 94959K->94959K(2011968K)
[2020-09-10T17:36:27.487+0000][1][gc,metaspace ] GC(69) Metaspace: 75138K->75138K(1118208K)
[2020-09-10T17:36:27.487+0000][1][gc           ] GC(69) Pause Young (Allocation Failure) 164M->95M(2039M) 19.657ms
[2020-09-10T17:36:27.487+0000][1][gc,cpu       ] GC(69) User=0.02s Sys=0.00s Real=0.02s
[2020-09-10T17:36:27.496+0000][1][safepoint    ] Safepoint "GenCollectForAllocation", Time since last: 393252892 ns, Reaching safepoint: 145760 ns, At safepoint: 28703782 ns, Total: 28849542 ns
[2020-09-10T17:36:28.504+0000][1][safepoint    ] Safepoint "Cleanup", Time since last: 1007711100 ns, Reaching safepoint: 87851 ns, At safepoint: 6674 ns, Total: 94525 ns
[2020-09-10T17:36:29.504+0000][1][safepoint    ] Safepoint "Cleanup", Time since last: 1000177555 ns, Reaching safepoint: 95651 ns, At safepoint: 6428 ns, Total: 102079 ns
[2020-09-10T17:36:30.504+0000][1][safepoint    ] Safepoint "Cleanup", Time since last: 1000139121 ns, Reaching safepoint: 106858 ns, At safepoint: 7066 ns, Total: 113924 ns
[2020-09-10T17:36:31.505+0000][1][safepoint    ] Safepoint "Cleanup", Time since last: 1000158100 ns, Reaching safepoint: 96825 ns, At safepoint: 15262 ns, Total: 112087 ns
[2020-09-10T17:36:32.505+0000][1][safepoint    ] Safepoint "Cleanup", Time since last: 1000213782 ns, Reaching safepoint: 101893 ns, At safepoint: 17574 ns, Total: 119467 ns
[2020-09-10T17:36:33.505+0000][1][safepoint    ] Safepoint "Cleanup", Time since last: 1000207439 ns, Reaching safepoint: 87968 ns, At safepoint: 5539 ns, Total: 93507 ns
[2020-09-10T17:36:34.506+0000][1][safepoint    ] Safepoint "Cleanup", Time since last: 1000184881 ns, Reaching safepoint: 89678 ns, At safepoint: 6766 ns, Total: 96444 ns
[2020-09-10T17:36:35.506+0000][1][safepoint    ] Safepoint "Cleanup", Time since last: 1000202664 ns, Reaching safepoint: 78340 ns, At safepoint: 5810 ns, Total: 84150 ns
[2020-09-10T17:36:36.506+0000][1][safepoint    ] Safepoint "Cleanup", Time since last: 1000204067 ns, Reaching safepoint: 82684 ns, At safepoint: 6914 ns, Total: 89598 ns
[2020-09-10T17:36:37.506+0000][1][safepoint    ] Safepoint "Cleanup", Time since last: 1000181706 ns, Reaching safepoint: 86455 ns, At safepoint: 5870 ns, Total: 92325 ns
[2020-09-10T17:36:38.507+0000][1][safepoint    ] Safepoint "Cleanup", Time since last: 1000220029 ns, Reaching safepoint: 85998 ns, At safepoint: 5626 ns, Total: 91624 ns
[2020-09-10T17:36:39.508+0000][1][safepoint    ] Safepoint "Cleanup", Time since last: 1000614709 ns, Reaching safepoint: 418915 ns, At safepoint: 8435 ns, Total: 427350 ns
[2020-09-10T17:36:40.508+0000][1][safepoint    ] Safepoint "Cleanup", Time since last: 1000147466 ns, Reaching safepoint: 90525 ns, At safepoint: 9773 ns, Total: 100298 ns
[2020-09-10T17:36:41.508+0000][1][safepoint    ] Safepoint "Cleanup", Time since last: 1000126206 ns, Reaching safepoint: 104955 ns, At safepoint: 5849 ns, Total: 110804 ns
[2020-09-10T17:36:42.509+0000][1][safepoint    ] Safepoint "Cleanup", Time since last: 1000145612 ns, Reaching safepoint: 107654 ns, At safepoint: 16434 ns, Total: 124088 ns
[2020-09-10T17:36:43.509+0000][1][safepoint    ] Safepoint "Cleanup", Time since last: 1000202726 ns, Reaching safepoint: 87981 ns, At safepoint: 6124 ns, Total: 94105 ns
[2020-09-10T17:36:44.509+0000][1][safepoint    ] Safepoint "Cleanup", Time since last: 1000172881 ns, Reaching safepoint: 82680 ns, At safepoint: 6480 ns, Total: 89160 ns
[2020-09-10T17:36:45.509+0000][1][safepoint    ] Safepoint "Cleanup", Time since last: 1000138067 ns, Reaching safepoint: 84331 ns, At safepoint: 5444 ns, Total: 89775 ns
[2020-09-10T17:36:46.510+0000][1][safepoint    ] Safepoint "Cleanup", Time since last: 1000162522 ns, Reaching safepoint: 96264 ns, At safepoint: 9241 ns, Total: 105505 ns
[2020-09-10T17:36:47.510+0000][1][safepoint    ] Safepoint "Cleanup", Time since last: 1000170891 ns, Reaching safepoint: 120143 ns, At safepoint: 17634 ns, Total: 137777 ns
[2020-09-10T17:36:48.510+0000][1][safepoint    ] Safepoint "Cleanup", Time since last: 1000208304 ns, Reaching safepoint: 108435 ns, At safepoint: 17878 ns, Total: 126313 ns
[2020-09-10T17:36:49.511+0000][1][safepoint    ] Safepoint "Cleanup", Time since last: 1000190172 ns, Reaching safepoint: 84587 ns, At safepoint: 6324 ns, Total: 90911 ns
[2020-09-10T17:36:50.511+0000][1][safepoint    ] Safepoint "Cleanup", Time since last: 1000110055 ns, Reaching safepoint: 59010 ns, At safepoint: 5368 ns, Total: 64378 ns
[2020-09-10T17:36:51.511+0000][1][safepoint    ] Safepoint "Cleanup", Time since last: 1000271847 ns, Reaching safepoint: 116698 ns, At safepoint: 17313 ns, Total: 134011 ns
[2020-09-10T17:36:52.511+0000][1][safepoint    ] Safepoint "Cleanup", Time since last: 1000283760 ns, Reaching safepoint: 55417 ns, At safepoint: 6650 ns, Total: 62067 ns
[2020-09-10T17:36:53.512+0000][1][safepoint    ] Safepoint "Cleanup", Time since last: 1000252582 ns, Reaching safepoint: 114747 ns, At safepoint: 17673 ns, Total: 132420 ns
[2020-09-10T17:36:54.512+0000][1][safepoint    ] Safepoint "Cleanup", Time since last: 1000285924 ns, Reaching safepoint: 46575 ns, At safepoint: 6364 ns, Total: 52939 ns
[2020-09-10T17:36:55.512+0000][1][safepoint    ] Safepoint "Cleanup", Time since last: 1000155790 ns, Reaching safepoint: 84358 ns, At safepoint: 6111 ns, Total: 90469 ns
[2020-09-10T17:36:56.513+0000][1][safepoint    ] Safepoint "Cleanup", Time since last: 1000197783 ns, Reaching safepoint: 59996 ns, At safepoint: 7213 ns, Total: 67209 ns
[2020-09-10T17:36:57.513+0000][1][safepoint    ] Safepoint "Cleanup", Time since last: 1000105176 ns, Reaching safepoint: 55922 ns, At safepoint: 5477 ns, Total: 61399 ns
[2020-09-10T17:36:58.513+0000][1][safepoint    ] Safepoint "Cleanup", Time since last: 1000179823 ns, Reaching safepoint: 81351 ns, At safepoint: 6626 ns, Total: 87977 ns
[2020-09-10T17:36:59.513+0000][1][safepoint    ] Safepoint "Cleanup", Time since last: 1000163738 ns, Reaching safepoint: 77735 ns, At safepoint: 5619 ns, Total: 83354 ns
[2020-09-10T17:37:00.514+0000][1][safepoint    ] Safepoint "Cleanup", Time since last: 1000167242 ns, Reaching safepoint: 75866 ns, At safepoint: 6619 ns, Total: 82485 ns
[2020-09-10T17:37:01.514+0000][1][safepoint    ] Safepoint "Cleanup", Time since last: 1000127425 ns, Reaching safepoint: 103551 ns, At safepoint: 16334 ns, Total: 119885 ns
[2020-09-10T17:37:02.514+0000][1][safepoint    ] Safepoint "Cleanup", Time since last: 1000231776 ns, Reaching safepoint: 111172 ns, At safepoint: 18536 ns, Total: 129708 ns
[2020-09-10T17:37:03.515+0000][1][safepoint    ] Safepoint "Cleanup", Time since last: 1000208252 ns, Reaching safepoint: 109137 ns, At safepoint: 17290 ns, Total: 126427 ns
[2020-09-10T17:37:04.515+0000][1][safepoint    ] Safepoint "Cleanup", Time since last: 1000256804 ns, Reaching safepoint: 113410 ns, At safepoint: 19161 ns, Total: 132571 ns
[2020-09-10T17:37:05.515+0000][1][safepoint    ] Safepoint "Cleanup", Time since last: 1000208016 ns, Reaching safepoint: 95910 ns, At safepoint: 16401 ns, Total: 112311 ns
[2020-09-10T17:37:06.515+0000][1][safepoint    ] Safepoint "Cleanup", Time since last: 1000119828 ns, Reaching safepoint: 52533 ns, At safepoint: 5194 ns, Total: 57727 ns
[2020-09-10T17:37:07.516+0000][1][safepoint    ] Safepoint "Cleanup", Time since last: 1000171168 ns, Reaching safepoint: 90232 ns, At safepoint: 6732 ns, Total: 96964 ns
[2020-09-10T17:37:08.516+0000][1][safepoint    ] Safepoint "Cleanup", Time since last: 1000172497 ns, Reaching safepoint: 80075 ns, At safepoint: 6736 ns, Total: 86811 ns
[2020-09-10T17:37:09.516+0000][1][safepoint    ] Safepoint "Cleanup", Time since last: 1000138860 ns, Reaching safepoint: 97626 ns, At safepoint: 5471 ns, Total: 103097 ns
[2020-09-10T17:37:10.517+0000][1][safepoint    ] Safepoint "Cleanup", Time since last: 1000135331 ns, Reaching safepoint: 134405 ns, At safepoint: 15175 ns, Total: 149580 ns
[2020-09-10T17:37:10.908+0000][1][gc,start     ] GC(70) Pause Young (Allocation Failure)
[2020-09-10T17:37:10.908+0000][1][gc,task      ] GC(70) Using 1 workers of 1 for evacuation
[2020-09-10T17:37:10.929+0000][1][gc,age       ] GC(70) Desired survivor size 4358144 bytes, new threshold 6 (max threshold 6)
[2020-09-10T17:37:10.930+0000][1][gc,age       ] GC(70) Age table with threshold 6 (max threshold 6)
[2020-09-10T17:37:10.930+0000][1][gc,age       ] GC(70) - age   1:      30104 bytes,      30104 total
[2020-09-10T17:37:10.930+0000][1][gc,age       ] GC(70) - age   2:      93208 bytes,     123312 total
[2020-09-10T17:37:10.930+0000][1][gc,age       ] GC(70) - age   3:      97640 bytes,     220952 total
[2020-09-10T17:37:10.930+0000][1][gc,age       ] GC(70) - age   4:     611744 bytes,     832696 total
[2020-09-10T17:37:10.930+0000][1][gc,age       ] GC(70) - age   5:     245312 bytes,    1078008 total
[2020-09-10T17:37:10.930+0000][1][gc,age       ] GC(70) - age   6:    2092416 bytes,    3170424 total
[2020-09-10T17:37:10.930+0000][1][gc,heap      ] GC(70) ParNew: 71440K->3148K(76672K)
[2020-09-10T17:37:10.930+0000][1][gc,heap      ] GC(70) CMS: 94959K->94959K(2011968K)
[2020-09-10T17:37:10.930+0000][1][gc,metaspace ] GC(70) Metaspace: 75320K->75320K(1118208K)
[2020-09-10T17:37:10.930+0000][1][gc           ] GC(70) Pause Young (Allocation Failure) 162M->95M(2039M) 21.298ms
[2020-09-10T17:37:10.930+0000][1][gc,cpu       ] GC(70) User=0.02s Sys=0.00s Real=0.02s
[2020-09-10T17:37:10.935+0000][1][safepoint    ] Safepoint "GenCollectForAllocation", Time since last: 391615353 ns, Reaching safepoint: 171624 ns, At safepoint: 26377429 ns, Total: 26549053 ns
[2020-09-10T17:37:11.937+0000][1][safepoint    ] Safepoint "Cleanup", Time since last: 1002708417 ns, Reaching safepoint: 57427 ns, At safepoint: 5922 ns, Total: 63349 ns
[2020-09-10T17:37:12.938+0000][1][safepoint    ] Safepoint "Cleanup", Time since last: 1000342950 ns, Reaching safepoint: 64914 ns, At safepoint: 5201 ns, Total: 70115 ns
[2020-09-10T17:37:13.939+0000][1][safepoint    ] Safepoint "Cleanup", Time since last: 1000626945 ns, Reaching safepoint: 116687 ns, At safepoint: 16371 ns, Total: 133058 ns
[2020-09-10T17:37:14.939+0000][1][safepoint    ] Safepoint "Cleanup", Time since last: 1000570370 ns, Reaching safepoint: 139286 ns, At safepoint: 14490 ns, Total: 153776 ns
[2020-09-10T17:37:15.940+0000][1][safepoint    ] Safepoint "Cleanup", Time since last: 1000170172 ns, Reaching safepoint: 115328 ns, At safepoint: 15348 ns, Total: 130676 ns
[2020-09-10T17:37:16.940+0000][1][safepoint    ] Safepoint "Cleanup", Time since last: 1000223638 ns, Reaching safepoint: 97475 ns, At safepoint: 5748 ns, Total: 103223 ns
[2020-09-10T17:37:17.940+0000][1][safepoint    ] Safepoint "Cleanup", Time since last: 1000122771 ns, Reaching safepoint: 68008 ns, At safepoint: 7645 ns, Total: 75653 ns
[2020-09-10T17:37:18.941+0000][1][safepoint    ] Safepoint "Cleanup", Time since last: 1000196629 ns, Reaching safepoint: 127312 ns, At safepoint: 17363 ns, Total: 144675 ns
[2020-09-10T17:37:19.941+0000][1][safepoint    ] Safepoint "Cleanup", Time since last: 1000195365 ns, Reaching safepoint: 102660 ns, At safepoint: 7112 ns, Total: 109772 ns
[2020-09-10T17:37:20.941+0000][1][safepoint    ] Safepoint "Cleanup", Time since last: 1000184543 ns, Reaching safepoint: 122678 ns, At safepoint: 18730 ns, Total: 141408 ns
[2020-09-10T17:37:21.942+0000][1][safepoint    ] Safepoint "Cleanup", Time since last: 1000247860 ns, Reaching safepoint: 123730 ns, At safepoint: 18703 ns, Total: 142433 ns
[2020-09-10T17:37:22.942+0000][1][safepoint    ] Safepoint "Cleanup", Time since last: 1000237751 ns, Reaching safepoint: 128205 ns, At safepoint: 16905 ns, Total: 145110 ns
[2020-09-10T17:37:23.942+0000][1][safepoint    ] Safepoint "Cleanup", Time since last: 1000186839 ns, Reaching safepoint: 107640 ns, At safepoint: 16204 ns, Total: 123844 ns
[2020-09-10T17:37:24.943+0000][1][safepoint    ] Safepoint "Cleanup", Time since last: 1000198576 ns, Reaching safepoint: 132982 ns, At safepoint: 15873 ns, Total: 148855 ns
[2020-09-10T17:37:25.943+0000][1][safepoint    ] Safepoint "Cleanup", Time since last: 1000257413 ns, Reaching safepoint: 113902 ns, At safepoint: 16117 ns, Total: 130019 ns
[2020-09-10T17:37:26.943+0000][1][safepoint    ] Safepoint "Cleanup", Time since last: 1000231477 ns, Reaching safepoint: 109270 ns, At safepoint: 15359 ns, Total: 124629 ns
[2020-09-10T17:37:27.945+0000][1][safepoint    ] Safepoint "Cleanup", Time since last: 1000984624 ns, Reaching safepoint: 194510 ns, At safepoint: 17981 ns, Total: 212491 ns
[2020-09-10T17:37:28.945+0000][1][safepoint    ] Safepoint "Cleanup", Time since last: 1000215672 ns, Reaching safepoint: 113310 ns, At safepoint: 16424 ns, Total: 129734 ns
[2020-09-10T17:37:29.945+0000][1][safepoint    ] Safepoint "Cleanup", Time since last: 1000223187 ns, Reaching safepoint: 92132 ns, At safepoint: 7938 ns, Total: 100070 ns
[2020-09-10T17:37:30.945+0000][1][safepoint    ] Safepoint "Cleanup", Time since last: 1000186854 ns, Reaching safepoint: 91072 ns, At safepoint: 6871 ns, Total: 97943 ns
[2020-09-10T17:37:31.946+0000][1][safepoint    ] Safepoint "Cleanup", Time since last: 1000174147 ns, Reaching safepoint: 81945 ns, At safepoint: 8172 ns, Total: 90117 ns
[2020-09-10T17:37:32.947+0000][1][safepoint    ] Safepoint "Cleanup", Time since last: 1000749010 ns, Reaching safepoint: 122885 ns, At safepoint: 17143 ns, Total: 140028 ns
[2020-09-10T17:37:33.947+0000][1][safepoint    ] Safepoint "Cleanup", Time since last: 1000212195 ns, Reaching safepoint: 79981 ns, At safepoint: 6961 ns, Total: 86942 ns
[2020-09-10T17:37:34.947+0000][1][safepoint    ] Safepoint "Cleanup", Time since last: 1000171369 ns, Reaching safepoint: 94649 ns, At safepoint: 6484 ns, Total: 101133 ns
[2020-09-10T17:37:35.947+0000][1][safepoint    ] Safepoint "Cleanup", Time since last: 1000173503 ns, Reaching safepoint: 112597 ns, At safepoint: 8592 ns, Total: 121189 ns
[2020-09-10T17:37:36.948+0000][1][safepoint    ] Safepoint "Cleanup", Time since last: 1000168151 ns, Reaching safepoint: 112579 ns, At safepoint: 15452 ns, Total: 128031 ns
[2020-09-10T17:37:37.949+0000][1][safepoint    ] Safepoint "Cleanup", Time since last: 1001027861 ns, Reaching safepoint: 104180 ns, At safepoint: 7220 ns, Total: 111400 ns
[2020-09-10T17:37:38.949+0000][1][safepoint    ] Safepoint "Cleanup", Time since last: 1000174248 ns, Reaching safepoint: 89665 ns, At safepoint: 7937 ns, Total: 97602 ns
[2020-09-10T17:37:39.949+0000][1][safepoint    ] Safepoint "Cleanup", Time since last: 1000182463 ns, Reaching safepoint: 91395 ns, At safepoint: 7707 ns, Total: 99102 ns
[2020-09-10T17:37:40.950+0000][1][safepoint    ] Safepoint "Cleanup", Time since last: 1000195863 ns, Reaching safepoint: 85965 ns, At safepoint: 7579 ns, Total: 93544 ns
[2020-09-10T17:37:41.950+0000][1][safepoint    ] Safepoint "Cleanup", Time since last: 1000177282 ns, Reaching safepoint: 187792 ns, At safepoint: 7717 ns, Total: 195509 ns
[2020-09-10T17:37:42.951+0000][1][safepoint    ] Safepoint "Cleanup", Time since last: 1000518124 ns, Reaching safepoint: 91398 ns, At safepoint: 7460 ns, Total: 98858 ns
[2020-09-10T17:37:43.953+0000][1][safepoint    ] Safepoint "Cleanup", Time since last: 1002333189 ns, Reaching safepoint: 128621 ns, At safepoint: 18429 ns, Total: 147050 ns
[2020-09-10T17:37:44.955+0000][1][safepoint    ] Safepoint "Cleanup", Time since last: 1001356060 ns, Reaching safepoint: 96086 ns, At safepoint: 5786 ns, Total: 101872 ns
[2020-09-10T17:37:45.955+0000][1][safepoint    ] Safepoint "Cleanup", Time since last: 1000200421 ns, Reaching safepoint: 82590 ns, At safepoint: 8012 ns, Total: 90602 ns
[2020-09-10T17:37:46.955+0000][1][safepoint    ] Safepoint "Cleanup", Time since last: 1000149682 ns, Reaching safepoint: 101062 ns, At safepoint: 7009 ns, Total: 108071 ns
[2020-09-10T17:37:47.956+0000][1][safepoint    ] Safepoint "Cleanup", Time since last: 1000853695 ns, Reaching safepoint: 116457 ns, At safepoint: 18683 ns, Total: 135140 ns
[2020-09-10T17:37:48.957+0000][1][safepoint    ] Safepoint "Cleanup", Time since last: 1000238767 ns, Reaching safepoint: 97551 ns, At safepoint: 7107 ns, Total: 104658 ns
[2020-09-10T17:37:49.957+0000][1][safepoint    ] Safepoint "Cleanup", Time since last: 1000193181 ns, Reaching safepoint: 78862 ns, At safepoint: 8134 ns, Total: 86996 ns
[2020-09-10T17:37:50.957+0000][1][safepoint    ] Safepoint "Cleanup", Time since last: 1000149708 ns, Reaching safepoint: 115853 ns, At safepoint: 16725 ns, Total: 132578 ns
[2020-09-10T17:37:51.958+0000][1][safepoint    ] Safepoint "Cleanup", Time since last: 1000212302 ns, Reaching safepoint: 131876 ns, At safepoint: 17440 ns, Total: 149316 ns
[2020-09-10T17:37:52.959+0000][1][safepoint    ] Safepoint "Cleanup", Time since last: 1001026728 ns, Reaching safepoint: 116697 ns, At safepoint: 5853 ns, Total: 122550 ns
[2020-09-10T17:37:53.959+0000][1][safepoint    ] Safepoint "Cleanup", Time since last: 1000134872 ns, Reaching safepoint: 64741 ns, At safepoint: 6240 ns, Total: 70981 ns
[2020-09-10T17:37:54.493+0000][1][gc,start     ] GC(71) Pause Young (Allocation Failure)
[2020-09-10T17:37:54.493+0000][1][gc,task      ] GC(71) Using 1 workers of 1 for evacuation
[2020-09-10T17:37:54.515+0000][1][gc,age       ] GC(71) Desired survivor size 4358144 bytes, new threshold 6 (max threshold 6)
[2020-09-10T17:37:54.515+0000][1][gc,age       ] GC(71) Age table with threshold 6 (max threshold 6)
[2020-09-10T17:37:54.515+0000][1][gc,age       ] GC(71) - age   1:      49376 bytes,      49376 total
[2020-09-10T17:37:54.515+0000][1][gc,age       ] GC(71) - age   2:       6872 bytes,      56248 total
[2020-09-10T17:37:54.515+0000][1][gc,age       ] GC(71) - age   3:      92504 bytes,     148752 total
[2020-09-10T17:37:54.515+0000][1][gc,age       ] GC(71) - age   4:      97608 bytes,     246360 total
[2020-09-10T17:37:54.515+0000][1][gc,age       ] GC(71) - age   5:     611744 bytes,     858104 total
[2020-09-10T17:37:54.515+0000][1][gc,age       ] GC(71) - age   6:     245312 bytes,    1103416 total
[2020-09-10T17:37:54.515+0000][1][gc,heap      ] GC(71) ParNew: 71308K->3109K(76672K)
[2020-09-10T17:37:54.515+0000][1][gc,heap      ] GC(71) CMS: 94959K->97051K(2011968K)
[2020-09-10T17:37:54.515+0000][1][gc,metaspace ] GC(71) Metaspace: 75494K->75494K(1118208K)
[2020-09-10T17:37:54.515+0000][1][gc           ] GC(71) Pause Young (Allocation Failure) 162M->97M(2039M) 21.845ms
[2020-09-10T17:37:54.515+0000][1][gc,cpu       ] GC(71) User=0.02s Sys=0.00s Real=0.02s
[2020-09-10T17:37:54.519+0000][1][safepoint    ] Safepoint "GenCollectForAllocation", Time since last: 534189658 ns, Reaching safepoint: 152705 ns, At safepoint: 25346930 ns, Total: 25499635 ns
[2020-09-10T17:37:55.522+0000][1][safepoint    ] Safepoint "Cleanup", Time since last: 1003527591 ns, Reaching safepoint: 93214 ns, At safepoint: 5896 ns, Total: 99110 ns
[2020-09-10T17:37:56.522+0000][1][safepoint    ] Safepoint "Cleanup", Time since last: 1000165032 ns, Reaching safepoint: 80261 ns, At safepoint: 11377 ns, Total: 91638 ns
[2020-09-10T17:37:57.523+0000][1][safepoint    ] Safepoint "Cleanup", Time since last: 1000155310 ns, Reaching safepoint: 152663 ns, At safepoint: 14601 ns, Total: 167264 ns
[2020-09-10T17:37:58.523+0000][1][safepoint    ] Safepoint "Cleanup", Time since last: 1000188198 ns, Reaching safepoint: 75754 ns, At safepoint: 12212 ns, Total: 87966 ns
[2020-09-10T17:37:59.523+0000][1][safepoint    ] Safepoint "Cleanup", Time since last: 1000172822 ns, Reaching safepoint: 65083 ns, At safepoint: 8792 ns, Total: 73875 ns
[2020-09-10T17:38:00.524+0000][1][safepoint    ] Safepoint "Cleanup", Time since last: 1000183971 ns, Reaching safepoint: 76614 ns, At safepoint: 9038 ns, Total: 85652 ns
[2020-09-10T17:38:01.524+0000][1][safepoint    ] Safepoint "Cleanup", Time since last: 1000150648 ns, Reaching safepoint: 95378 ns, At safepoint: 6891 ns, Total: 102269 ns
[2020-09-10T17:38:02.524+0000][1][safepoint    ] Safepoint "Cleanup", Time since last: 1000172021 ns, Reaching safepoint: 118736 ns, At safepoint: 18325 ns, Total: 137061 ns
[2020-09-10T17:38:03.525+0000][1][safepoint    ] Safepoint "Cleanup", Time since last: 1000734564 ns, Reaching safepoint: 98717 ns, At safepoint: 15970 ns, Total: 114687 ns
[2020-09-10T17:38:04.525+0000][1][safepoint    ] Safepoint "Cleanup", Time since last: 1000155330 ns, Reaching safepoint: 70940 ns, At safepoint: 10617 ns, Total: 81557 ns
[2020-09-10T17:38:05.525+0000][1][safepoint    ] Safepoint "Cleanup", Time since last: 1000165610 ns, Reaching safepoint: 77764 ns, At safepoint: 11546 ns, Total: 89310 ns
[2020-09-10T17:38:06.526+0000][1][safepoint    ] Safepoint "Cleanup", Time since last: 1000208565 ns, Reaching safepoint: 102502 ns, At safepoint: 15636 ns, Total: 118138 ns
[2020-09-10T17:38:07.526+0000][1][safepoint    ] Safepoint "Cleanup", Time since last: 1000155016 ns, Reaching safepoint: 83843 ns, At safepoint: 11057 ns, Total: 94900 ns
[2020-09-10T17:38:08.526+0000][1][safepoint    ] Safepoint "Cleanup", Time since last: 1000154514 ns, Reaching safepoint: 92158 ns, At safepoint: 5732 ns, Total: 97890 ns
[2020-09-10T17:38:09.526+0000][1][safepoint    ] Safepoint "Cleanup", Time since last: 1000130793 ns, Reaching safepoint: 63693 ns, At safepoint: 5467 ns, Total: 69160 ns
[2020-09-10T17:38:10.527+0000][1][safepoint    ] Safepoint "Cleanup", Time since last: 1000096761 ns, Reaching safepoint: 72483 ns, At safepoint: 6008 ns, Total: 78491 ns
[2020-09-10T17:38:11.527+0000][1][safepoint    ] Safepoint "Cleanup", Time since last: 1000168412 ns, Reaching safepoint: 72594 ns, At safepoint: 11236 ns, Total: 83830 ns
[2020-09-10T17:38:12.527+0000][1][safepoint    ] Safepoint "Cleanup", Time since last: 1000155926 ns, Reaching safepoint: 110417 ns, At safepoint: 5805 ns, Total: 116222 ns
[2020-09-10T17:38:13.527+0000][1][safepoint    ] Safepoint "Cleanup", Time since last: 1000167331 ns, Reaching safepoint: 89485 ns, At safepoint: 7157 ns, Total: 96642 ns
[2020-09-10T17:38:14.528+0000][1][safepoint    ] Safepoint "Cleanup", Time since last: 1000182490 ns, Reaching safepoint: 86497 ns, At safepoint: 6674 ns, Total: 93171 ns
[2020-09-10T17:38:15.528+0000][1][safepoint    ] Safepoint "Cleanup", Time since last: 1000175631 ns, Reaching safepoint: 90308 ns, At safepoint: 7148 ns, Total: 97456 ns
[2020-09-10T17:38:16.528+0000][1][safepoint    ] Safepoint "Cleanup", Time since last: 1000160855 ns, Reaching safepoint: 85345 ns, At safepoint: 6739 ns, Total: 92084 ns
[2020-09-10T17:38:17.529+0000][1][safepoint    ] Safepoint "Cleanup", Time since last: 1000175690 ns, Reaching safepoint: 90583 ns, At safepoint: 6558 ns, Total: 97141 ns
[2020-09-10T17:38:18.529+0000][1][safepoint    ] Safepoint "Cleanup", Time since last: 1000176743 ns, Reaching safepoint: 82875 ns, At safepoint: 6889 ns, Total: 89764 ns
[2020-09-10T17:38:19.529+0000][1][safepoint    ] Safepoint "Cleanup", Time since last: 1000180120 ns, Reaching safepoint: 114015 ns, At safepoint: 17991 ns, Total: 132006 ns
[2020-09-10T17:38:20.529+0000][1][safepoint    ] Safepoint "Cleanup", Time since last: 1000209579 ns, Reaching safepoint: 119384 ns, At safepoint: 18837 ns, Total: 138221 ns
[2020-09-10T17:38:21.530+0000][1][safepoint    ] Safepoint "Cleanup", Time since last: 1000203984 ns, Reaching safepoint: 87491 ns, At safepoint: 13784 ns, Total: 101275 ns
[2020-09-10T17:38:22.533+0000][1][safepoint    ] Safepoint "Cleanup", Time since last: 1002397764 ns, Reaching safepoint: 711123 ns, At safepoint: 10023 ns, Total: 721146 ns
[2020-09-10T17:38:23.533+0000][1][safepoint    ] Safepoint "Cleanup", Time since last: 1000109500 ns, Reaching safepoint: 63033 ns, At safepoint: 6241 ns, Total: 69274 ns
[2020-09-10T17:38:24.533+0000][1][safepoint    ] Safepoint "Cleanup", Time since last: 1000214511 ns, Reaching safepoint: 102572 ns, At safepoint: 17243 ns, Total: 119815 ns
[2020-09-10T17:38:25.534+0000][1][safepoint    ] Safepoint "Cleanup", Time since last: 1000224523 ns, Reaching safepoint: 76757 ns, At safepoint: 7011 ns, Total: 83768 ns
[2020-09-10T17:38:26.534+0000][1][safepoint    ] Safepoint "Cleanup", Time since last: 1000173383 ns, Reaching safepoint: 117801 ns, At safepoint: 17232 ns, Total: 135033 ns
[2020-09-10T17:38:27.534+0000][1][safepoint    ] Safepoint "Cleanup", Time since last: 1000208824 ns, Reaching safepoint: 105828 ns, At safepoint: 16721 ns, Total: 122549 ns
[2020-09-10T17:38:28.535+0000][1][safepoint    ] Safepoint "Cleanup", Time since last: 1000175276 ns, Reaching safepoint: 105202 ns, At safepoint: 16825 ns, Total: 122027 ns
[2020-09-10T17:38:29.535+0000][1][safepoint    ] Safepoint "Cleanup", Time since last: 1000239493 ns, Reaching safepoint: 105505 ns, At safepoint: 17992 ns, Total: 123497 ns
[2020-09-10T17:38:30.535+0000][1][safepoint    ] Safepoint "Cleanup", Time since last: 1000189256 ns, Reaching safepoint: 116311 ns, At safepoint: 17152 ns, Total: 133463 ns
[2020-09-10T17:38:31.536+0000][1][safepoint    ] Safepoint "Cleanup", Time since last: 1000218283 ns, Reaching safepoint: 106655 ns, At safepoint: 17744 ns, Total: 124399 ns
[2020-09-10T17:38:32.536+0000][1][safepoint    ] Safepoint "Cleanup", Time since last: 1000232134 ns, Reaching safepoint: 104236 ns, At safepoint: 17393 ns, Total: 121629 ns
[2020-09-10T17:38:33.536+0000][1][safepoint    ] Safepoint "Cleanup", Time since last: 1000219330 ns, Reaching safepoint: 102678 ns, At safepoint: 17771 ns, Total: 120449 ns
[2020-09-10T17:38:34.537+0000][1][safepoint    ] Safepoint "Cleanup", Time since last: 1000213726 ns, Reaching safepoint: 82208 ns, At safepoint: 7238 ns, Total: 89446 ns
[2020-09-10T17:38:35.537+0000][1][safepoint    ] Safepoint "Cleanup", Time since last: 1000143652 ns, Reaching safepoint: 105060 ns, At safepoint: 6394 ns, Total: 111454 ns
[2020-09-10T17:38:36.085+0000][1][gc,start     ] GC(72) Pause Young (Allocation Failure)
[2020-09-10T17:38:36.085+0000][1][gc,task      ] GC(72) Using 1 workers of 1 for evacuation
[2020-09-10T17:38:36.102+0000][1][gc,age       ] GC(72) Desired survivor size 4358144 bytes, new threshold 6 (max threshold 6)
[2020-09-10T17:38:36.102+0000][1][gc,age       ] GC(72) Age table with threshold 6 (max threshold 6)
[2020-09-10T17:38:36.102+0000][1][gc,age       ] GC(72) - age   1:      46320 bytes,      46320 total
[2020-09-10T17:38:36.102+0000][1][gc,age       ] GC(72) - age   2:       7216 bytes,      53536 total
[2020-09-10T17:38:36.102+0000][1][gc,age       ] GC(72) - age   3:       5672 bytes,      59208 total
[2020-09-10T17:38:36.102+0000][1][gc,age       ] GC(72) - age   4:      92504 bytes,     151712 total
[2020-09-10T17:38:36.102+0000][1][gc,age       ] GC(72) - age   5:      97608 bytes,     249320 total
[2020-09-10T17:38:36.102+0000][1][gc,age       ] GC(72) - age   6:     611744 bytes,     861064 total
[2020-09-10T17:38:36.102+0000][1][gc,heap      ] GC(72) ParNew: 71269K->1046K(76672K)
[2020-09-10T17:38:36.102+0000][1][gc,heap      ] GC(72) CMS: 97051K->97294K(2011968K)
[2020-09-10T17:38:36.102+0000][1][gc,metaspace ] GC(72) Metaspace: 75995K->75995K(1120256K)
[2020-09-10T17:38:36.102+0000][1][gc           ] GC(72) Pause Young (Allocation Failure) 164M->96M(2039M) 17.463ms
[2020-09-10T17:38:36.102+0000][1][gc,cpu       ] GC(72) User=0.01s Sys=0.00s Real=0.02s
[2020-09-10T17:38:36.102+0000][1][safepoint    ] Safepoint "GenCollectForAllocation", Time since last: 547604230 ns, Reaching safepoint: 180819 ns, At safepoint: 17596534 ns, Total: 17777353 ns
[2020-09-10T17:38:37.104+0000][1][safepoint    ] Safepoint "Cleanup", Time since last: 1001498795 ns, Reaching safepoint: 112508 ns, At safepoint: 45157 ns, Total: 157665 ns
[2020-09-10T17:38:38.105+0000][1][safepoint    ] Safepoint "Cleanup", Time since last: 1000448391 ns, Reaching safepoint: 111362 ns, At safepoint: 15429 ns, Total: 126791 ns
[2020-09-10T17:38:39.105+0000][1][safepoint    ] Safepoint "Cleanup", Time since last: 1000291754 ns, Reaching safepoint: 60124 ns, At safepoint: 5996 ns, Total: 66120 ns
[2020-09-10T17:38:40.110+0000][1][safepoint    ] Safepoint "Cleanup", Time since last: 1004731238 ns, Reaching safepoint: 790360 ns, At safepoint: 8956 ns, Total: 799316 ns
[2020-09-10T17:38:41.112+0000][1][safepoint    ] Safepoint "Cleanup", Time since last: 1001365029 ns, Reaching safepoint: 187802 ns, At safepoint: 6617 ns, Total: 194419 ns
[2020-09-10T17:38:42.113+0000][1][safepoint    ] Safepoint "Cleanup", Time since last: 1001290820 ns, Reaching safepoint: 63129 ns, At safepoint: 7193 ns, Total: 70322 ns
[2020-09-10T17:38:43.115+0000][1][safepoint    ] Safepoint "Cleanup", Time since last: 1001294625 ns, Reaching safepoint: 191078 ns, At safepoint: 17654 ns, Total: 208732 ns
[2020-09-10T17:38:44.115+0000][1][safepoint    ] Safepoint "Cleanup", Time since last: 1000209457 ns, Reaching safepoint: 85203 ns, At safepoint: 7753 ns, Total: 92956 ns
[2020-09-10T17:38:45.115+0000][1][safepoint    ] Safepoint "Cleanup", Time since last: 1000130952 ns, Reaching safepoint: 104213 ns, At safepoint: 6622 ns, Total: 110835 ns
[2020-09-10T17:38:46.116+0000][1][safepoint    ] Safepoint "Cleanup", Time since last: 1000172282 ns, Reaching safepoint: 74687 ns, At safepoint: 6958 ns, Total: 81645 ns
[2020-09-10T17:38:47.116+0000][1][safepoint    ] Safepoint "Cleanup", Time since last: 1000189029 ns, Reaching safepoint: 92549 ns, At safepoint: 6758 ns, Total: 99307 ns
[2020-09-10T17:38:48.116+0000][1][safepoint    ] Safepoint "Cleanup", Time since last: 1000143959 ns, Reaching safepoint: 80829 ns, At safepoint: 5698 ns, Total: 86527 ns
[2020-09-10T17:38:49.116+0000][1][safepoint    ] Safepoint "Cleanup", Time since last: 1000182460 ns, Reaching safepoint: 114947 ns, At safepoint: 19108 ns, Total: 134055 ns
[2020-09-10T17:38:50.117+0000][1][safepoint    ] Safepoint "Cleanup", Time since last: 1000223857 ns, Reaching safepoint: 111669 ns, At safepoint: 18055 ns, Total: 129724 ns
[2020-09-10T17:38:51.117+0000][1][safepoint    ] Safepoint "Cleanup", Time since last: 1000173504 ns, Reaching safepoint: 232260 ns, At safepoint: 20340 ns, Total: 252600 ns
[2020-09-10T17:38:52.118+0000][1][safepoint    ] Safepoint "Cleanup", Time since last: 1000214408 ns, Reaching safepoint: 112869 ns, At safepoint: 17323 ns, Total: 130192 ns
[2020-09-10T17:38:52.658+0000][1][safepoint    ] Safepoint "RevokeBias", Time since last: 539663875 ns, Reaching safepoint: 241601 ns, At safepoint: 46854 ns, Total: 288455 ns
[2020-09-10T17:38:53.658+0000][1][safepoint    ] Safepoint "Cleanup", Time since last: 1000234866 ns, Reaching safepoint: 84559 ns, At safepoint: 7640 ns, Total: 92199 ns
[2020-09-10T17:38:54.658+0000][1][safepoint    ] Safepoint "Cleanup", Time since last: 1000155321 ns, Reaching safepoint: 115399 ns, At safepoint: 18024 ns, Total: 133423 ns
[2020-09-10T17:38:55.658+0000][1][safepoint    ] Safepoint "Cleanup", Time since last: 1000201995 ns, Reaching safepoint: 120906 ns, At safepoint: 7743 ns, Total: 128649 ns
[2020-09-10T17:38:56.659+0000][1][safepoint    ] Safepoint "Cleanup", Time since last: 1000183440 ns, Reaching safepoint: 116540 ns, At safepoint: 18737 ns, Total: 135277 ns
[2020-09-10T17:38:57.659+0000][1][safepoint    ] Safepoint "Cleanup", Time since last: 1000221678 ns, Reaching safepoint: 111630 ns, At safepoint: 18890 ns, Total: 130520 ns
[2020-09-10T17:38:58.659+0000][1][safepoint    ] Safepoint "Cleanup", Time since last: 1000180479 ns, Reaching safepoint: 116721 ns, At safepoint: 18506 ns, Total: 135227 ns
[2020-09-10T17:38:59.660+0000][1][safepoint    ] Safepoint "Cleanup", Time since last: 1000214074 ns, Reaching safepoint: 91307 ns, At safepoint: 7195 ns, Total: 98502 ns
[2020-09-10T17:39:00.660+0000][1][safepoint    ] Safepoint "Cleanup", Time since last: 1000259437 ns, Reaching safepoint: 88877 ns, At safepoint: 6893 ns, Total: 95770 ns
[2020-09-10T17:39:01.660+0000][1][safepoint    ] Safepoint "Cleanup", Time since last: 1000188638 ns, Reaching safepoint: 115245 ns, At safepoint: 17416 ns, Total: 132661 ns
[2020-09-10T17:39:02.661+0000][1][safepoint    ] Safepoint "Cleanup", Time since last: 1000133654 ns, Reaching safepoint: 115455 ns, At safepoint: 17868 ns, Total: 133323 ns
[2020-09-10T17:39:03.661+0000][1][safepoint    ] Safepoint "Cleanup", Time since last: 1000230711 ns, Reaching safepoint: 89323 ns, At safepoint: 9400 ns, Total: 98723 ns
[2020-09-10T17:39:04.661+0000][1][safepoint    ] Safepoint "Cleanup", Time since last: 1000182379 ns, Reaching safepoint: 116197 ns, At safepoint: 18673 ns, Total: 134870 ns
[2020-09-10T17:39:05.662+0000][1][safepoint    ] Safepoint "Cleanup", Time since last: 1000235516 ns, Reaching safepoint: 87592 ns, At safepoint: 7143 ns, Total: 94735 ns
[2020-09-10T17:39:06.141+0000][1][safepoint    ] Safepoint "RevokeBias", Time since last: 479295477 ns, Reaching safepoint: 216998 ns, At safepoint: 93207 ns, Total: 310205 ns
[2020-09-10T17:39:07.142+0000][1][safepoint    ] Safepoint "Cleanup", Time since last: 1000210426 ns, Reaching safepoint: 89748 ns, At safepoint: 6955 ns, Total: 96703 ns
[2020-09-10T17:39:08.142+0000][1][safepoint    ] Safepoint "Cleanup", Time since last: 1000191792 ns, Reaching safepoint: 93507 ns, At safepoint: 5970 ns, Total: 99477 ns
[2020-09-10T17:39:09.142+0000][1][safepoint    ] Safepoint "Cleanup", Time since last: 1000188331 ns, Reaching safepoint: 117346 ns, At safepoint: 16872 ns, Total: 134218 ns
[2020-09-10T17:39:10.143+0000][1][safepoint    ] Safepoint "Cleanup", Time since last: 1000197932 ns, Reaching safepoint: 92534 ns, At safepoint: 6700 ns, Total: 99234 ns
[2020-09-10T17:39:11.143+0000][1][safepoint    ] Safepoint "Cleanup", Time since last: 1000231608 ns, Reaching safepoint: 62703 ns, At safepoint: 6022 ns, Total: 68725 ns
[2020-09-10T17:39:12.143+0000][1][safepoint    ] Safepoint "Cleanup", Time since last: 1000162168 ns, Reaching safepoint: 83000 ns, At safepoint: 6508 ns, Total: 89508 ns
[2020-09-10T17:39:13.143+0000][1][safepoint    ] Safepoint "Cleanup", Time since last: 1000172995 ns, Reaching safepoint: 109277 ns, At safepoint: 18346 ns, Total: 127623 ns
[2020-09-10T17:39:14.144+0000][1][safepoint    ] Safepoint "Cleanup", Time since last: 1000223513 ns, Reaching safepoint: 148992 ns, At safepoint: 17507 ns, Total: 166499 ns
[2020-09-10T17:39:15.144+0000][1][safepoint    ] Safepoint "Cleanup", Time since last: 1000198462 ns, Reaching safepoint: 110774 ns, At safepoint: 18392 ns, Total: 129166 ns
[2020-09-10T17:39:16.144+0000][1][safepoint    ] Safepoint "Cleanup", Time since last: 1000254658 ns, Reaching safepoint: 114285 ns, At safepoint: 18158 ns, Total: 132443 ns
[2020-09-10T17:39:17.145+0000][1][safepoint    ] Safepoint "Cleanup", Time since last: 1000190550 ns, Reaching safepoint: 121816 ns, At safepoint: 18229 ns, Total: 140045 ns
[2020-09-10T17:39:18.145+0000][1][safepoint    ] Safepoint "Cleanup", Time since last: 1000214227 ns, Reaching safepoint: 98553 ns, At safepoint: 7211 ns, Total: 105764 ns
[2020-09-10T17:39:19.145+0000][1][safepoint    ] Safepoint "Cleanup", Time since last: 1000174860 ns, Reaching safepoint: 114459 ns, At safepoint: 17591 ns, Total: 132050 ns
[2020-09-10T17:39:20.146+0000][1][safepoint    ] Safepoint "Cleanup", Time since last: 1000208257 ns, Reaching safepoint: 114676 ns, At safepoint: 16755 ns, Total: 131431 ns
[2020-09-10T17:39:21.146+0000][1][safepoint    ] Safepoint "Cleanup", Time since last: 1000216019 ns, Reaching safepoint: 115886 ns, At safepoint: 17350 ns, Total: 133236 ns
[2020-09-10T17:39:21.175+0000][1][gc,start     ] GC(73) Pause Young (Allocation Failure)
[2020-09-10T17:39:21.175+0000][1][gc,task      ] GC(73) Using 1 workers of 1 for evacuation
[2020-09-10T17:39:21.194+0000][1][gc,age       ] GC(73) Desired survivor size 4358144 bytes, new threshold 6 (max threshold 6)
[2020-09-10T17:39:21.194+0000][1][gc,age       ] GC(73) Age table with threshold 6 (max threshold 6)
[2020-09-10T17:39:21.194+0000][1][gc,age       ] GC(73) - age   1:      30088 bytes,      30088 total
[2020-09-10T17:39:21.194+0000][1][gc,age       ] GC(73) - age   2:      22112 bytes,      52200 total
[2020-09-10T17:39:21.194+0000][1][gc,age       ] GC(73) - age   3:       6680 bytes,      58880 total
[2020-09-10T17:39:21.194+0000][1][gc,age       ] GC(73) - age   4:       5672 bytes,      64552 total
[2020-09-10T17:39:21.194+0000][1][gc,age       ] GC(73) - age   5:      92504 bytes,     157056 total
[2020-09-10T17:39:21.194+0000][1][gc,age       ] GC(73) - age   6:      97608 bytes,     254664 total
[2020-09-10T17:39:21.194+0000][1][gc,heap      ] GC(73) ParNew: 69206K->892K(76672K)
[2020-09-10T17:39:21.194+0000][1][gc,heap      ] GC(73) CMS: 97294K->97899K(2011968K)
[2020-09-10T17:39:21.194+0000][1][gc,metaspace ] GC(73) Metaspace: 76018K->76018K(1120256K)
[2020-09-10T17:39:21.194+0000][1][gc           ] GC(73) Pause Young (Allocation Failure) 162M->96M(2039M) 19.493ms
[2020-09-10T17:39:21.194+0000][1][gc,cpu       ] GC(73) User=0.02s Sys=0.00s Real=0.02s
[2020-09-10T17:39:21.194+0000][1][safepoint    ] Safepoint "GenCollectForAllocation", Time since last: 28467225 ns, Reaching safepoint: 165493 ns, At safepoint: 19573257 ns, Total: 19738750 ns
[2020-09-10T17:39:22.198+0000][1][safepoint    ] Safepoint "Cleanup", Time since last: 1003965798 ns, Reaching safepoint: 129363 ns, At safepoint: 50703 ns, Total: 180066 ns
[2020-09-10T17:39:23.199+0000][1][safepoint    ] Safepoint "Cleanup", Time since last: 1000214047 ns, Reaching safepoint: 133286 ns, At safepoint: 17564 ns, Total: 150850 ns
[2020-09-10T17:39:24.199+0000][1][safepoint    ] Safepoint "Cleanup", Time since last: 1000187788 ns, Reaching safepoint: 107385 ns, At safepoint: 7021 ns, Total: 114406 ns
[2020-09-10T17:39:25.199+0000][1][safepoint    ] Safepoint "Cleanup", Time since last: 1000203215 ns, Reaching safepoint: 91995 ns, At safepoint: 6188 ns, Total: 98183 ns
[2020-09-10T17:39:26.200+0000][1][safepoint    ] Safepoint "Cleanup", Time since last: 1000131426 ns, Reaching safepoint: 297540 ns, At safepoint: 17984 ns, Total: 315524 ns
[2020-09-10T17:39:27.200+0000][1][safepoint    ] Safepoint "Cleanup", Time since last: 1000217264 ns, Reaching safepoint: 125315 ns, At safepoint: 15913 ns, Total: 141228 ns
[2020-09-10T17:39:28.201+0000][1][safepoint    ] Safepoint "Cleanup", Time since last: 1000264023 ns, Reaching safepoint: 145407 ns, At safepoint: 19639 ns, Total: 165046 ns
[2020-09-10T17:39:29.201+0000][1][safepoint    ] Safepoint "Cleanup", Time since last: 1000226276 ns, Reaching safepoint: 114599 ns, At safepoint: 15349 ns, Total: 129948 ns
[2020-09-10T17:39:30.201+0000][1][safepoint    ] Safepoint "Cleanup", Time since last: 1000245711 ns, Reaching safepoint: 87399 ns, At safepoint: 7228 ns, Total: 94627 ns
[2020-09-10T17:39:31.202+0000][1][safepoint    ] Safepoint "Cleanup", Time since last: 1000156726 ns, Reaching safepoint: 116594 ns, At safepoint: 14523 ns, Total: 131117 ns
[2020-09-10T17:39:32.202+0000][1][safepoint    ] Safepoint "Cleanup", Time since last: 1000206361 ns, Reaching safepoint: 116891 ns, At safepoint: 17393 ns, Total: 134284 ns
[2020-09-10T17:39:33.202+0000][1][safepoint    ] Safepoint "Cleanup", Time since last: 1000222783 ns, Reaching safepoint: 124820 ns, At safepoint: 17744 ns, Total: 142564 ns
[2020-09-10T17:39:34.203+0000][1][safepoint    ] Safepoint "Cleanup", Time since last: 1000251693 ns, Reaching safepoint: 90862 ns, At safepoint: 6304 ns, Total: 97166 ns
[2020-09-10T17:39:35.203+0000][1][safepoint    ] Safepoint "Cleanup", Time since last: 1000165774 ns, Reaching safepoint: 115835 ns, At safepoint: 17183 ns, Total: 133018 ns
[2020-09-10T17:39:36.203+0000][1][safepoint    ] Safepoint "Cleanup", Time since last: 1000226257 ns, Reaching safepoint: 116327 ns, At safepoint: 17875 ns, Total: 134202 ns
[2020-09-10T17:39:37.204+0000][1][safepoint    ] Safepoint "Cleanup", Time since last: 1000206052 ns, Reaching safepoint: 114573 ns, At safepoint: 17166 ns, Total: 131739 ns
[2020-09-10T17:39:38.204+0000][1][safepoint    ] Safepoint "Cleanup", Time since last: 1000292910 ns, Reaching safepoint: 133400 ns, At safepoint: 17226 ns, Total: 150626 ns
[2020-09-10T17:39:39.205+0000][1][safepoint    ] Safepoint "Cleanup", Time since last: 1000245179 ns, Reaching safepoint: 86906 ns, At safepoint: 6358 ns, Total: 93264 ns
[2020-09-10T17:39:40.205+0000][1][safepoint    ] Safepoint "Cleanup", Time since last: 1000151584 ns, Reaching safepoint: 103333 ns, At safepoint: 6895 ns, Total: 110228 ns
[2020-09-10T17:39:41.205+0000][1][safepoint    ] Safepoint "Cleanup", Time since last: 1000186829 ns, Reaching safepoint: 97514 ns, At safepoint: 5884 ns, Total: 103398 ns
[2020-09-10T17:39:42.205+0000][1][safepoint    ] Safepoint "Cleanup", Time since last: 1000175005 ns, Reaching safepoint: 97310 ns, At safepoint: 6894 ns, Total: 104204 ns
[2020-09-10T17:39:43.206+0000][1][safepoint    ] Safepoint "Cleanup", Time since last: 1000168897 ns, Reaching safepoint: 104934 ns, At safepoint: 14869 ns, Total: 119803 ns
[2020-09-10T17:39:44.206+0000][1][safepoint    ] Safepoint "Cleanup", Time since last: 1000217998 ns, Reaching safepoint: 100806 ns, At safepoint: 6919 ns, Total: 107725 ns
[2020-09-10T17:39:45.206+0000][1][safepoint    ] Safepoint "Cleanup", Time since last: 1000172364 ns, Reaching safepoint: 83783 ns, At safepoint: 6456 ns, Total: 90239 ns
[2020-09-10T17:39:46.207+0000][1][safepoint    ] Safepoint "Cleanup", Time since last: 1000183055 ns, Reaching safepoint: 116768 ns, At safepoint: 18109 ns, Total: 134877 ns
[2020-09-10T17:39:47.207+0000][1][safepoint    ] Safepoint "Cleanup", Time since last: 1000206692 ns, Reaching safepoint: 80358 ns, At safepoint: 6094 ns, Total: 86452 ns
[2020-09-10T17:39:48.207+0000][1][safepoint    ] Safepoint "Cleanup", Time since last: 1000145112 ns, Reaching safepoint: 103480 ns, At safepoint: 7705 ns, Total: 111185 ns
[2020-09-10T17:39:49.207+0000][1][safepoint    ] Safepoint "Cleanup", Time since last: 1000144870 ns, Reaching safepoint: 101005 ns, At safepoint: 5940 ns, Total: 106945 ns
[2020-09-10T17:39:50.208+0000][1][safepoint    ] Safepoint "Cleanup", Time since last: 1000195687 ns, Reaching safepoint: 81025 ns, At safepoint: 6783 ns, Total: 87808 ns
[2020-09-10T17:39:51.208+0000][1][safepoint    ] Safepoint "Cleanup", Time since last: 1000144920 ns, Reaching safepoint: 125896 ns, At safepoint: 16488 ns, Total: 142384 ns
[2020-09-10T17:39:52.208+0000][1][safepoint    ] Safepoint "Cleanup", Time since last: 1000232907 ns, Reaching safepoint: 74541 ns, At safepoint: 6947 ns, Total: 81488 ns
[2020-09-10T17:39:53.208+0000][1][safepoint    ] Safepoint "Cleanup", Time since last: 1000164634 ns, Reaching safepoint: 95905 ns, At safepoint: 6334 ns, Total: 102239 ns
[2020-09-10T17:39:54.209+0000][1][safepoint    ] Safepoint "Cleanup", Time since last: 1000181429 ns, Reaching safepoint: 110406 ns, At safepoint: 17958 ns, Total: 128364 ns
[2020-09-10T17:39:55.209+0000][1][safepoint    ] Safepoint "Cleanup", Time since last: 1000213334 ns, Reaching safepoint: 107697 ns, At safepoint: 17337 ns, Total: 125034 ns
[2020-09-10T17:39:56.209+0000][1][safepoint    ] Safepoint "Cleanup", Time since last: 1000215324 ns, Reaching safepoint: 111649 ns, At safepoint: 7161 ns, Total: 118810 ns
[2020-09-10T17:39:57.210+0000][1][safepoint    ] Safepoint "Cleanup", Time since last: 1000171161 ns, Reaching safepoint: 119251 ns, At safepoint: 18465 ns, Total: 137716 ns
[2020-09-10T17:39:58.211+0000][1][safepoint    ] Safepoint "Cleanup", Time since last: 1000919019 ns, Reaching safepoint: 118633 ns, At safepoint: 17497 ns, Total: 136130 ns
[2020-09-10T17:39:59.211+0000][1][safepoint    ] Safepoint "Cleanup", Time since last: 1000349712 ns, Reaching safepoint: 104249 ns, At safepoint: 17169 ns, Total: 121418 ns
[2020-09-10T17:40:00.212+0000][1][safepoint    ] Safepoint "Cleanup", Time since last: 1000173433 ns, Reaching safepoint: 122640 ns, At safepoint: 8671 ns, Total: 131311 ns
[2020-09-10T17:40:01.212+0000][1][safepoint    ] Safepoint "Cleanup", Time since last: 1000171106 ns, Reaching safepoint: 109461 ns, At safepoint: 17166 ns, Total: 126627 ns
[2020-09-10T17:40:02.212+0000][1][safepoint    ] Safepoint "Cleanup", Time since last: 1000289787 ns, Reaching safepoint: 80402 ns, At safepoint: 7978 ns, Total: 88380 ns
[2020-09-10T17:40:02.541+0000][1][gc,start     ] GC(74) Pause Young (Allocation Failure)
[2020-09-10T17:40:02.541+0000][1][gc,task      ] GC(74) Using 1 workers of 1 for evacuation
[2020-09-10T17:40:02.555+0000][1][gc,age       ] GC(74) Desired survivor size 4358144 bytes, new threshold 6 (max threshold 6)
[2020-09-10T17:40:02.555+0000][1][gc,age       ] GC(74) Age table with threshold 6 (max threshold 6)
[2020-09-10T17:40:02.555+0000][1][gc,age       ] GC(74) - age   1:      23880 bytes,      23880 total
[2020-09-10T17:40:02.555+0000][1][gc,age       ] GC(74) - age   2:       7024 bytes,      30904 total
[2020-09-10T17:40:02.555+0000][1][gc,age       ] GC(74) - age   3:      22112 bytes,      53016 total
[2020-09-10T17:40:02.555+0000][1][gc,age       ] GC(74) - age   4:       6680 bytes,      59696 total
[2020-09-10T17:40:02.555+0000][1][gc,age       ] GC(74) - age   5:       5672 bytes,      65368 total
[2020-09-10T17:40:02.555+0000][1][gc,age       ] GC(74) - age   6:      92504 bytes,     157872 total
[2020-09-10T17:40:02.555+0000][1][gc,heap      ] GC(74) ParNew: 69052K->285K(76672K)
[2020-09-10T17:40:02.555+0000][1][gc,heap      ] GC(74) CMS: 97899K->97995K(2011968K)
[2020-09-10T17:40:02.555+0000][1][gc,metaspace ] GC(74) Metaspace: 76167K->76167K(1120256K)
[2020-09-10T17:40:02.555+0000][1][gc           ] GC(74) Pause Young (Allocation Failure) 163M->95M(2039M) 14.238ms
[2020-09-10T17:40:02.555+0000][1][gc,cpu       ] GC(74) User=0.01s Sys=0.00s Real=0.01s
[2020-09-10T17:40:02.555+0000][1][safepoint    ] Safepoint "GenCollectForAllocation", Time since last: 328219128 ns, Reaching safepoint: 171683 ns, At safepoint: 14419162 ns, Total: 14590845 ns
[2020-09-10T17:40:03.555+0000][1][safepoint    ] Safepoint "Cleanup", Time since last: 1000160047 ns, Reaching safepoint: 115121 ns, At safepoint: 48945 ns, Total: 164066 ns
[2020-09-10T17:40:04.556+0000][1][safepoint    ] Safepoint "Cleanup", Time since last: 1000206022 ns, Reaching safepoint: 78714 ns, At safepoint: 16660 ns, Total: 95374 ns
[2020-09-10T17:40:05.556+0000][1][safepoint    ] Safepoint "Cleanup", Time since last: 1000162833 ns, Reaching safepoint: 65038 ns, At safepoint: 8835 ns, Total: 73873 ns
[2020-09-10T17:40:06.556+0000][1][safepoint    ] Safepoint "Cleanup", Time since last: 1000166207 ns, Reaching safepoint: 79042 ns, At safepoint: 5618 ns, Total: 84660 ns
[2020-09-10T17:40:07.556+0000][1][safepoint    ] Safepoint "Cleanup", Time since last: 1000142449 ns, Reaching safepoint: 93052 ns, At safepoint: 6765 ns, Total: 99817 ns
[2020-09-10T17:40:08.557+0000][1][safepoint    ] Safepoint "Cleanup", Time since last: 1000139519 ns, Reaching safepoint: 93634 ns, At safepoint: 14170 ns, Total: 107804 ns
[2020-09-10T17:40:09.557+0000][1][safepoint    ] Safepoint "Cleanup", Time since last: 1000141940 ns, Reaching safepoint: 164386 ns, At safepoint: 7104 ns, Total: 171490 ns
[2020-09-10T17:40:10.557+0000][1][safepoint    ] Safepoint "Cleanup", Time since last: 1000138041 ns, Reaching safepoint: 104229 ns, At safepoint: 14309 ns, Total: 118538 ns
[2020-09-10T17:40:11.557+0000][1][safepoint    ] Safepoint "Cleanup", Time since last: 1000143187 ns, Reaching safepoint: 50605 ns, At safepoint: 5942 ns, Total: 56547 ns
[2020-09-10T17:40:12.558+0000][1][safepoint    ] Safepoint "Cleanup", Time since last: 1000184264 ns, Reaching safepoint: 80538 ns, At safepoint: 5576 ns, Total: 86114 ns
[2020-09-10T17:40:13.558+0000][1][safepoint    ] Safepoint "Cleanup", Time since last: 1000093559 ns, Reaching safepoint: 60599 ns, At safepoint: 7011 ns, Total: 67610 ns
[2020-09-10T17:40:14.558+0000][1][safepoint    ] Safepoint "Cleanup", Time since last: 1000117121 ns, Reaching safepoint: 53191 ns, At safepoint: 5670 ns, Total: 58861 ns
[2020-09-10T17:40:15.558+0000][1][safepoint    ] Safepoint "Cleanup", Time since last: 1000159667 ns, Reaching safepoint: 101393 ns, At safepoint: 6545 ns, Total: 107938 ns
[2020-09-10T17:40:16.558+0000][1][safepoint    ] Safepoint "Cleanup", Time since last: 1000097072 ns, Reaching safepoint: 55398 ns, At safepoint: 6158 ns, Total: 61556 ns
[2020-09-10T17:40:17.559+0000][1][safepoint    ] Safepoint "Cleanup", Time since last: 1000203465 ns, Reaching safepoint: 72316 ns, At safepoint: 6901 ns, Total: 79217 ns
[2020-09-10T17:40:18.559+0000][1][safepoint    ] Safepoint "Cleanup", Time since last: 1000100471 ns, Reaching safepoint: 58823 ns, At safepoint: 5667 ns, Total: 64490 ns
[2020-09-10T17:40:19.559+0000][1][safepoint    ] Safepoint "Cleanup", Time since last: 1000125352 ns, Reaching safepoint: 85105 ns, At safepoint: 18534 ns, Total: 103639 ns
[2020-09-10T17:40:20.559+0000][1][safepoint    ] Safepoint "Cleanup", Time since last: 1000117687 ns, Reaching safepoint: 90949 ns, At safepoint: 4971 ns, Total: 95920 ns
[2020-09-10T17:40:21.560+0000][1][safepoint    ] Safepoint "Cleanup", Time since last: 1000160601 ns, Reaching safepoint: 84697 ns, At safepoint: 5592 ns, Total: 90289 ns
[2020-09-10T17:40:22.560+0000][1][safepoint    ] Safepoint "Cleanup", Time since last: 1000173899 ns, Reaching safepoint: 79686 ns, At safepoint: 5771 ns, Total: 85457 ns
[2020-09-10T17:40:23.560+0000][1][safepoint    ] Safepoint "Cleanup", Time since last: 1000156951 ns, Reaching safepoint: 74498 ns, At safepoint: 6788 ns, Total: 81286 ns
[2020-09-10T17:40:24.560+0000][1][safepoint    ] Safepoint "Cleanup", Time since last: 1000096837 ns, Reaching safepoint: 57504 ns, At safepoint: 5353 ns, Total: 62857 ns
[2020-09-10T17:40:25.561+0000][1][safepoint    ] Safepoint "Cleanup", Time since last: 1000170448 ns, Reaching safepoint: 78816 ns, At safepoint: 6754 ns, Total: 85570 ns
[2020-09-10T17:40:26.561+0000][1][safepoint    ] Safepoint "Cleanup", Time since last: 1000095720 ns, Reaching safepoint: 56682 ns, At safepoint: 6455 ns, Total: 63137 ns
[2020-09-10T17:40:27.561+0000][1][safepoint    ] Safepoint "Cleanup", Time since last: 1000171465 ns, Reaching safepoint: 81837 ns, At safepoint: 7057 ns, Total: 88894 ns
[2020-09-10T17:40:28.561+0000][1][safepoint    ] Safepoint "Cleanup", Time since last: 1000136785 ns, Reaching safepoint: 102324 ns, At safepoint: 6279 ns, Total: 108603 ns
[2020-09-10T17:40:29.561+0000][1][safepoint    ] Safepoint "Cleanup", Time since last: 1000180990 ns, Reaching safepoint: 80487 ns, At safepoint: 7639 ns, Total: 88126 ns
[2020-09-10T17:40:30.562+0000][1][safepoint    ] Safepoint "Cleanup", Time since last: 1000158065 ns, Reaching safepoint: 89804 ns, At safepoint: 7268 ns, Total: 97072 ns
[2020-09-10T17:40:31.562+0000][1][safepoint    ] Safepoint "Cleanup", Time since last: 1000186128 ns, Reaching safepoint: 80718 ns, At safepoint: 6649 ns, Total: 87367 ns
[2020-09-10T17:40:32.562+0000][1][safepoint    ] Safepoint "Cleanup", Time since last: 1000155566 ns, Reaching safepoint: 77668 ns, At safepoint: 6357 ns, Total: 84025 ns
[2020-09-10T17:40:33.562+0000][1][safepoint    ] Safepoint "Cleanup", Time since last: 1000109266 ns, Reaching safepoint: 48840 ns, At safepoint: 5318 ns, Total: 54158 ns
[2020-09-10T17:40:34.563+0000][1][safepoint    ] Safepoint "Cleanup", Time since last: 1000151138 ns, Reaching safepoint: 114416 ns, At safepoint: 16564 ns, Total: 130980 ns
[2020-09-10T17:40:35.563+0000][1][safepoint    ] Safepoint "Cleanup", Time since last: 1000153905 ns, Reaching safepoint: 94901 ns, At safepoint: 17447 ns, Total: 112348 ns
[2020-09-10T17:40:36.564+0000][1][safepoint    ] Safepoint "Cleanup", Time since last: 1000739149 ns, Reaching safepoint: 57859 ns, At safepoint: 6240 ns, Total: 64099 ns
[2020-09-10T17:40:37.564+0000][1][safepoint    ] Safepoint "Cleanup", Time since last: 1000218280 ns, Reaching safepoint: 57849 ns, At safepoint: 6792 ns, Total: 64641 ns
[2020-09-10T17:40:38.564+0000][1][safepoint    ] Safepoint "Cleanup", Time since last: 1000154581 ns, Reaching safepoint: 93163 ns, At safepoint: 16418 ns, Total: 109581 ns
[2020-09-10T17:40:39.565+0000][1][safepoint    ] Safepoint "Cleanup", Time since last: 1000193156 ns, Reaching safepoint: 90344 ns, At safepoint: 17343 ns, Total: 107687 ns
[2020-09-10T17:40:40.565+0000][1][safepoint    ] Safepoint "Cleanup", Time since last: 1000232625 ns, Reaching safepoint: 77646 ns, At safepoint: 6266 ns, Total: 83912 ns
[2020-09-10T17:40:41.565+0000][1][safepoint    ] Safepoint "Cleanup", Time since last: 1000094372 ns, Reaching safepoint: 57786 ns, At safepoint: 6882 ns, Total: 64668 ns
[2020-09-10T17:40:42.567+0000][1][safepoint    ] Safepoint "Cleanup", Time since last: 1001378709 ns, Reaching safepoint: 131503 ns, At safepoint: 5945 ns, Total: 137448 ns
[2020-09-10T17:40:43.567+0000][1][safepoint    ] Safepoint "Cleanup", Time since last: 1000129694 ns, Reaching safepoint: 61217 ns, At safepoint: 15587 ns, Total: 76804 ns
[2020-09-10T17:40:44.567+0000][1][safepoint    ] Safepoint "Cleanup", Time since last: 1000136793 ns, Reaching safepoint: 86509 ns, At safepoint: 5090 ns, Total: 91599 ns
[2020-09-10T17:40:45.567+0000][1][safepoint    ] Safepoint "Cleanup", Time since last: 1000084813 ns, Reaching safepoint: 177000 ns, At safepoint: 7824 ns, Total: 184824 ns
[2020-09-10T17:40:46.363+0000][1][gc,start     ] GC(75) Pause Young (Allocation Failure)
[2020-09-10T17:40:46.363+0000][1][gc,task      ] GC(75) Using 1 workers of 1 for evacuation
[2020-09-10T17:40:46.378+0000][1][gc,age       ] GC(75) Desired survivor size 4358144 bytes, new threshold 6 (max threshold 6)
[2020-09-10T17:40:46.378+0000][1][gc,age       ] GC(75) Age table with threshold 6 (max threshold 6)
[2020-09-10T17:40:46.378+0000][1][gc,age       ] GC(75) - age   1:      27832 bytes,      27832 total
[2020-09-10T17:40:46.378+0000][1][gc,age       ] GC(75) - age   2:       3008 bytes,      30840 total
[2020-09-10T17:40:46.378+0000][1][gc,age       ] GC(75) - age   3:       5408 bytes,      36248 total
[2020-09-10T17:40:46.378+0000][1][gc,age       ] GC(75) - age   4:      22088 bytes,      58336 total
[2020-09-10T17:40:46.378+0000][1][gc,age       ] GC(75) - age   5:       6680 bytes,      65016 total
[2020-09-10T17:40:46.378+0000][1][gc,age       ] GC(75) - age   6:       5672 bytes,      70688 total
[2020-09-10T17:40:46.378+0000][1][gc,heap      ] GC(75) ParNew: 68445K->129K(76672K)
[2020-09-10T17:40:46.378+0000][1][gc,heap      ] GC(75) CMS: 97995K->98086K(2011968K)
[2020-09-10T17:40:46.378+0000][1][gc,metaspace ] GC(75) Metaspace: 76224K->76224K(1120256K)
[2020-09-10T17:40:46.378+0000][1][gc           ] GC(75) Pause Young (Allocation Failure) 162M->95M(2039M) 14.846ms
[2020-09-10T17:40:46.378+0000][1][gc,cpu       ] GC(75) User=0.01s Sys=0.00s Real=0.01s
[2020-09-10T17:40:46.378+0000][1][safepoint    ] Safepoint "GenCollectForAllocation", Time since last: 795742655 ns, Reaching safepoint: 174031 ns, At safepoint: 14914379 ns, Total: 15088410 ns
[2020-09-10T17:40:47.387+0000][1][safepoint    ] Safepoint "Cleanup", Time since last: 1008609318 ns, Reaching safepoint: 116019 ns, At safepoint: 17410 ns, Total: 133429 ns
[2020-09-10T17:40:48.387+0000][1][safepoint    ] Safepoint "Cleanup", Time since last: 1000184864 ns, Reaching safepoint: 99979 ns, At safepoint: 14633 ns, Total: 114612 ns
[2020-09-10T17:40:49.387+0000][1][safepoint    ] Safepoint "Cleanup", Time since last: 1000180960 ns, Reaching safepoint: 102548 ns, At safepoint: 15683 ns, Total: 118231 ns
[2020-09-10T17:40:50.388+0000][1][safepoint    ] Safepoint "Cleanup", Time since last: 1000155364 ns, Reaching safepoint: 57196 ns, At safepoint: 8318 ns, Total: 65514 ns
[2020-09-10T17:40:51.388+0000][1][safepoint    ] Safepoint "Cleanup", Time since last: 1000111282 ns, Reaching safepoint: 130304 ns, At safepoint: 7392 ns, Total: 137696 ns
[2020-09-10T17:40:52.388+0000][1][safepoint    ] Safepoint "Cleanup", Time since last: 1000171979 ns, Reaching safepoint: 131177 ns, At safepoint: 13497 ns, Total: 144674 ns
[2020-09-10T17:40:53.388+0000][1][safepoint    ] Safepoint "Cleanup", Time since last: 1000154197 ns, Reaching safepoint: 62265 ns, At safepoint: 7087 ns, Total: 69352 ns
[2020-09-10T17:40:54.389+0000][1][safepoint    ] Safepoint "Cleanup", Time since last: 1000143894 ns, Reaching safepoint: 57063 ns, At safepoint: 4960 ns, Total: 62023 ns
[2020-09-10T17:40:55.389+0000][1][safepoint    ] Safepoint "Cleanup", Time since last: 1000226794 ns, Reaching safepoint: 81246 ns, At safepoint: 6959 ns, Total: 88205 ns
[2020-09-10T17:40:56.389+0000][1][safepoint    ] Safepoint "Cleanup", Time since last: 1000118945 ns, Reaching safepoint: 165820 ns, At safepoint: 8901 ns, Total: 174721 ns
[2020-09-10T17:40:57.390+0000][1][safepoint    ] Safepoint "Cleanup", Time since last: 1000176393 ns, Reaching safepoint: 108522 ns, At safepoint: 18065 ns, Total: 126587 ns
[2020-09-10T17:40:58.390+0000][1][safepoint    ] Safepoint "Cleanup", Time since last: 1000229073 ns, Reaching safepoint: 77084 ns, At safepoint: 6453 ns, Total: 83537 ns
[2020-09-10T17:40:59.390+0000][1][safepoint    ] Safepoint "Cleanup", Time since last: 1000187306 ns, Reaching safepoint: 110282 ns, At safepoint: 17871 ns, Total: 128153 ns
[2020-09-10T17:41:00.391+0000][1][safepoint    ] Safepoint "Cleanup", Time since last: 1000227438 ns, Reaching safepoint: 82693 ns, At safepoint: 6188 ns, Total: 88881 ns
[2020-09-10T17:41:01.391+0000][1][safepoint    ] Safepoint "Cleanup", Time since last: 1000154765 ns, Reaching safepoint: 92499 ns, At safepoint: 7223 ns, Total: 99722 ns
[2020-09-10T17:41:02.391+0000][1][safepoint    ] Safepoint "Cleanup", Time since last: 1000193026 ns, Reaching safepoint: 109404 ns, At safepoint: 17216 ns, Total: 126620 ns
[2020-09-10T17:41:03.391+0000][1][safepoint    ] Safepoint "Cleanup", Time since last: 1000166778 ns, Reaching safepoint: 68501 ns, At safepoint: 8377 ns, Total: 76878 ns
[2020-09-10T17:41:04.392+0000][1][safepoint    ] Safepoint "Cleanup", Time since last: 1000179886 ns, Reaching safepoint: 109878 ns, At safepoint: 17096 ns, Total: 126974 ns
[2020-09-10T17:41:05.392+0000][1][safepoint    ] Safepoint "Cleanup", Time since last: 1000230849 ns, Reaching safepoint: 82482 ns, At safepoint: 6889 ns, Total: 89371 ns
[2020-09-10T17:41:06.392+0000][1][safepoint    ] Safepoint "Cleanup", Time since last: 1000191493 ns, Reaching safepoint: 108883 ns, At safepoint: 17400 ns, Total: 126283 ns
[2020-09-10T17:41:07.393+0000][1][safepoint    ] Safepoint "Cleanup", Time since last: 1000221453 ns, Reaching safepoint: 79813 ns, At safepoint: 6531 ns, Total: 86344 ns
[2020-09-10T17:41:08.393+0000][1][safepoint    ] Safepoint "Cleanup", Time since last: 1000137512 ns, Reaching safepoint: 116898 ns, At safepoint: 16395 ns, Total: 133293 ns
[2020-09-10T17:41:09.393+0000][1][safepoint    ] Safepoint "Cleanup", Time since last: 1000217178 ns, Reaching safepoint: 82513 ns, At safepoint: 6292 ns, Total: 88805 ns
[2020-09-10T17:41:10.393+0000][1][safepoint    ] Safepoint "Cleanup", Time since last: 1000127748 ns, Reaching safepoint: 124562 ns, At safepoint: 17898 ns, Total: 142460 ns
[2020-09-10T17:41:11.394+0000][1][safepoint    ] Safepoint "Cleanup", Time since last: 1000187492 ns, Reaching safepoint: 101202 ns, At safepoint: 14831 ns, Total: 116033 ns
[2020-09-10T17:41:12.394+0000][1][safepoint    ] Safepoint "Cleanup", Time since last: 1000165950 ns, Reaching safepoint: 104472 ns, At safepoint: 13444 ns, Total: 117916 ns
[2020-09-10T17:41:13.394+0000][1][safepoint    ] Safepoint "Cleanup", Time since last: 1000215759 ns, Reaching safepoint: 117553 ns, At safepoint: 18729 ns, Total: 136282 ns
[2020-09-10T17:41:14.395+0000][1][safepoint    ] Safepoint "Cleanup", Time since last: 1000258656 ns, Reaching safepoint: 98546 ns, At safepoint: 16401 ns, Total: 114947 ns
[2020-09-10T17:41:15.395+0000][1][safepoint    ] Safepoint "Cleanup", Time since last: 1000215411 ns, Reaching safepoint: 109999 ns, At safepoint: 18191 ns, Total: 128190 ns
[2020-09-10T17:41:16.396+0000][1][safepoint    ] Safepoint "Cleanup", Time since last: 1000216375 ns, Reaching safepoint: 143339 ns, At safepoint: 16621 ns, Total: 159960 ns
[2020-09-10T17:41:17.396+0000][1][safepoint    ] Safepoint "Cleanup", Time since last: 1000199214 ns, Reaching safepoint: 112912 ns, At safepoint: 17767 ns, Total: 130679 ns
[2020-09-10T17:41:18.396+0000][1][safepoint    ] Safepoint "Cleanup", Time since last: 1000231946 ns, Reaching safepoint: 107687 ns, At safepoint: 16625 ns, Total: 124312 ns
[2020-09-10T17:41:19.397+0000][1][safepoint    ] Safepoint "Cleanup", Time since last: 1000250664 ns, Reaching safepoint: 108255 ns, At safepoint: 18135 ns, Total: 126390 ns
[2020-09-10T17:41:20.397+0000][1][safepoint    ] Safepoint "Cleanup", Time since last: 1000196828 ns, Reaching safepoint: 92283 ns, At safepoint: 6552 ns, Total: 98835 ns
[2020-09-10T17:41:21.397+0000][1][safepoint    ] Safepoint "Cleanup", Time since last: 1000143754 ns, Reaching safepoint: 114322 ns, At safepoint: 18352 ns, Total: 132674 ns
[2020-09-10T17:41:22.397+0000][1][safepoint    ] Safepoint "Cleanup", Time since last: 1000225273 ns, Reaching safepoint: 103003 ns, At safepoint: 17290 ns, Total: 120293 ns
[2020-09-10T17:41:23.398+0000][1][safepoint    ] Safepoint "Cleanup", Time since last: 1000244971 ns, Reaching safepoint: 106985 ns, At safepoint: 18148 ns, Total: 125133 ns
[2020-09-10T17:41:24.398+0000][1][safepoint    ] Safepoint "Cleanup", Time since last: 1000222700 ns, Reaching safepoint: 107143 ns, At safepoint: 17135 ns, Total: 124278 ns
[2020-09-10T17:41:25.399+0000][1][safepoint    ] Safepoint "Cleanup", Time since last: 1000236845 ns, Reaching safepoint: 71741 ns, At safepoint: 6960 ns, Total: 78701 ns
[2020-09-10T17:41:26.399+0000][1][safepoint    ] Safepoint "Cleanup", Time since last: 1000187550 ns, Reaching safepoint: 83942 ns, At safepoint: 6594 ns, Total: 90536 ns
[2020-09-10T17:41:27.399+0000][1][safepoint    ] Safepoint "Cleanup", Time since last: 1000196675 ns, Reaching safepoint: 87890 ns, At safepoint: 6603 ns, Total: 94493 ns
[2020-09-10T17:41:28.399+0000][1][safepoint    ] Safepoint "Cleanup", Time since last: 1000182597 ns, Reaching safepoint: 82088 ns, At safepoint: 6489 ns, Total: 88577 ns
[2020-09-10T17:41:29.400+0000][1][safepoint    ] Safepoint "Cleanup", Time since last: 1000169753 ns, Reaching safepoint: 110469 ns, At safepoint: 17561 ns, Total: 128030 ns
[2020-09-10T17:41:29.754+0000][1][gc,start     ] GC(76) Pause Young (Allocation Failure)
[2020-09-10T17:41:29.754+0000][1][gc,task      ] GC(76) Using 1 workers of 1 for evacuation
[2020-09-10T17:41:29.775+0000][1][gc,age       ] GC(76) Desired survivor size 4358144 bytes, new threshold 6 (max threshold 6)
[2020-09-10T17:41:29.775+0000][1][gc,age       ] GC(76) Age table with threshold 6 (max threshold 6)
[2020-09-10T17:41:29.775+0000][1][gc,age       ] GC(76) - age   1:      23840 bytes,      23840 total
[2020-09-10T17:41:29.775+0000][1][gc,age       ] GC(76) - age   2:       4288 bytes,      28128 total
[2020-09-10T17:41:29.775+0000][1][gc,age       ] GC(76) - age   3:       1840 bytes,      29968 total
[2020-09-10T17:41:29.775+0000][1][gc,age       ] GC(76) - age   4:       5408 bytes,      35376 total
[2020-09-10T17:41:29.775+0000][1][gc,age       ] GC(76) - age   5:      22088 bytes,      57464 total
[2020-09-10T17:41:29.775+0000][1][gc,age       ] GC(76) - age   6:       6680 bytes,      64144 total
[2020-09-10T17:41:29.775+0000][1][gc,heap      ] GC(76) ParNew: 68289K->116K(76672K)
[2020-09-10T17:41:29.775+0000][1][gc,heap      ] GC(76) CMS: 98086K->98092K(2011968K)
[2020-09-10T17:41:29.775+0000][1][gc,metaspace ] GC(76) Metaspace: 76245K->76245K(1120256K)
[2020-09-10T17:41:29.775+0000][1][gc           ] GC(76) Pause Young (Allocation Failure) 162M->95M(2039M) 21.195ms
[2020-09-10T17:41:29.775+0000][1][gc,cpu       ] GC(76) User=0.02s Sys=0.00s Real=0.02s
[2020-09-10T17:41:29.775+0000][1][safepoint    ] Safepoint "GenCollectForAllocation", Time since last: 354285505 ns, Reaching safepoint: 122955 ns, At safepoint: 21266420 ns, Total: 21389375 ns
[2020-09-10T17:41:30.776+0000][1][safepoint    ] Safepoint "Cleanup", Time since last: 1000199095 ns, Reaching safepoint: 115093 ns, At safepoint: 54124 ns, Total: 169217 ns
[2020-09-10T17:41:31.776+0000][1][safepoint    ] Safepoint "Cleanup", Time since last: 1000214349 ns, Reaching safepoint: 93783 ns, At safepoint: 6592 ns, Total: 100375 ns
[2020-09-10T17:41:32.776+0000][1][safepoint    ] Safepoint "Cleanup", Time since last: 1000147660 ns, Reaching safepoint: 98799 ns, At safepoint: 6926 ns, Total: 105725 ns
[2020-09-10T17:41:33.777+0000][1][safepoint    ] Safepoint "Cleanup", Time since last: 1000263797 ns, Reaching safepoint: 108389 ns, At safepoint: 18152 ns, Total: 126541 ns
[2020-09-10T17:41:34.777+0000][1][safepoint    ] Safepoint "Cleanup", Time since last: 1000226495 ns, Reaching safepoint: 82187 ns, At safepoint: 9975 ns, Total: 92162 ns
[2020-09-10T17:41:35.777+0000][1][safepoint    ] Safepoint "Cleanup", Time since last: 1000173940 ns, Reaching safepoint: 121596 ns, At safepoint: 16638 ns, Total: 138234 ns
                                                                                                                                                                                                                                                                                                                                                                                                                                                                                                                                                                                                                                                                                                                                                                                                                                                                                                                                                                                                                                                                                                                                                                                                                                                                                                                                                                                                                                                                                                                                                                                                                                                                                                                                                                                                                                                                                                                                                                                                                                                                                                                                                                                                                                                                                                                                                                                                                                                                                                                                                                                                                                                                                                                                                                                                                                                                                                                                                                                                                                                                                                                                                                                                                                                                                                                                                                                                                                                                                                                                                                                                                                                