[2020-09-10T17:08:37.356+0000][1][gc] Using Concurrent Mark Sweep
[2020-09-10T17:08:37.356+0000][1][gc,heap,coops] Heap address: 0x0000000080000000, size: 2048 MB, Compressed Oops mode: 32-bit
[2020-09-10T17:08:37.615+0000][1][safepoint    ] Safepoint "EnableBiasedLocking", Time since last: 230051006 ns, Reaching safepoint: 1111935 ns, At safepoint: 40269 ns, Total: 1152204 ns
[2020-09-10T17:08:37.627+0000][1][safepoint    ] Safepoint "RevokeBias", Time since last: 10905795 ns, Reaching safepoint: 1028942 ns, At safepoint: 41271 ns, Total: 1070213 ns
[2020-09-10T17:08:37.666+0000][1][safepoint    ] Safepoint "Deoptimize", Time since last: 28590565 ns, Reaching safepoint: 10578456 ns, At safepoint: 24993 ns, Total: 10603449 ns
[2020-09-10T17:08:38.357+0000][1][safepoint    ] Safepoint "RevokeBias", Time since last: 691347648 ns, Reaching safepoint: 113545 ns, At safepoint: 28007 ns, Total: 141552 ns
[2020-09-10T17:08:38.399+0000][1][safepoint    ] Safepoint "RevokeBias", Time since last: 39066989 ns, Reaching safepoint: 2225969 ns, At safepoint: 37545 ns, Total: 2263514 ns
[2020-09-10T17:08:38.411+0000][1][safepoint    ] Safepoint "Deoptimize", Time since last: 9341418 ns, Reaching safepoint: 2614504 ns, At safepoint: 41330 ns, Total: 2655834 ns
[2020-09-10T17:08:38.417+0000][1][safepoint    ] Safepoint "Deoptimize", Time since last: 3968805 ns, Reaching safepoint: 2343797 ns, At safepoint: 33004 ns, Total: 2376801 ns
[2020-09-10T17:08:38.657+0000][1][safepoint    ] Safepoint "Deoptimize", Time since last: 238773307 ns, Reaching safepoint: 735947 ns, At safepoint: 37193 ns, Total: 773140 ns
[2020-09-10T17:08:39.675+0000][1][safepoint    ] Safepoint "Cleanup", Time since last: 1018052707 ns, Reaching safepoint: 271046 ns, At safepoint: 5135 ns, Total: 276181 ns
[2020-09-10T17:08:40.685+0000][1][safepoint    ] Safepoint "Cleanup", Time since last: 1009094848 ns, Reaching safepoint: 455506 ns, At safepoint: 5391 ns, Total: 460897 ns
[2020-09-10T17:08:41.159+0000][1][safepoint    ] Safepoint "Deoptimize", Time since last: 474175662 ns, Reaching safepoint: 127250 ns, At safepoint: 65994 ns, Total: 193244 ns
[2020-09-10T17:08:41.532+0000][1][safepoint    ] Safepoint "Deoptimize", Time since last: 372765361 ns, Reaching safepoint: 105504 ns, At safepoint: 60627 ns, Total: 166131 ns
[2020-09-10T17:08:42.539+0000][1][safepoint    ] Safepoint "Cleanup", Time since last: 1006849710 ns, Reaching safepoint: 145079 ns, At safepoint: 7792 ns, Total: 152871 ns
[2020-09-10T17:08:43.433+0000][1][safepoint    ] Safepoint "Deoptimize", Time since last: 890058783 ns, Reaching safepoint: 4166902 ns, At safepoint: 81654 ns, Total: 4248556 ns
[2020-09-10T17:08:44.433+0000][1][safepoint    ] Safepoint "Cleanup", Time since last: 1000106219 ns, Reaching safepoint: 34374 ns, At safepoint: 5096 ns, Total: 39470 ns
[2020-09-10T17:08:45.656+0000][1][safepoint    ] Safepoint "Deoptimize", Time since last: 1222690519 ns, Reaching safepoint: 96256 ns, At safepoint: 78330 ns, Total: 174586 ns
[2020-09-10T17:08:46.663+0000][1][safepoint    ] Safepoint "Cleanup", Time since last: 1006532314 ns, Reaching safepoint: 111553 ns, At safepoint: 6625 ns, Total: 118178 ns
[2020-09-10T17:08:47.607+0000][1][safepoint    ] Safepoint "Deoptimize", Time since last: 943944230 ns, Reaching safepoint: 106294 ns, At safepoint: 98993 ns, Total: 205287 ns
[2020-09-10T17:08:47.607+0000][1][safepoint    ] Safepoint "Deoptimize", Time since last: 184661 ns, Reaching safepoint: 76647 ns, At safepoint: 41575 ns, Total: 118222 ns
[2020-09-10T17:08:47.945+0000][1][safepoint    ] Safepoint "Deoptimize", Time since last: 337080772 ns, Reaching safepoint: 114962 ns, At safepoint: 100993 ns, Total: 215955 ns
[2020-09-10T17:08:47.971+0000][1][safepoint    ] Safepoint "Deoptimize", Time since last: 26482641 ns, Reaching safepoint: 93908 ns, At safepoint: 100275 ns, Total: 194183 ns
[2020-09-10T17:08:48.047+0000][1][safepoint    ] Safepoint "RevokeBias", Time since last: 70270846 ns, Reaching safepoint: 5243610 ns, At safepoint: 54554 ns, Total: 5298164 ns
[2020-09-10T17:08:48.047+0000][1][safepoint    ] Safepoint "RevokeBias", Time since last: 72734 ns, Reaching safepoint: 148292 ns, At safepoint: 28641 ns, Total: 176933 ns
[2020-09-10T17:08:48.047+0000][1][safepoint    ] Safepoint "RevokeBias", Time since last: 91585 ns, Reaching safepoint: 80056 ns, At safepoint: 31666 ns, Total: 111722 ns
[2020-09-10T17:08:48.048+0000][1][safepoint    ] Safepoint "RevokeBias", Time since last: 165672 ns, Reaching safepoint: 79288 ns, At safepoint: 28139 ns, Total: 107427 ns
[2020-09-10T17:08:48.048+0000][1][safepoint    ] Safepoint "RevokeBias", Time since last: 290799 ns, Reaching safepoint: 83142 ns, At safepoint: 26951 ns, Total: 110093 ns
[2020-09-10T17:08:49.052+0000][1][safepoint    ] Safepoint "Cleanup", Time since last: 1002763781 ns, Reaching safepoint: 854326 ns, At safepoint: 6123 ns, Total: 860449 ns
[2020-09-10T17:08:50.063+0000][1][safepoint    ] Safepoint "Cleanup", Time since last: 1000106610 ns, Reaching safepoint: 11095510 ns, At safepoint: 16570 ns, Total: 11112080 ns
[2020-09-10T17:08:50.860+0000][1][gc,start     ] GC(0) Pause Young (Allocation Failure)
[2020-09-10T17:08:50.860+0000][1][gc,task      ] GC(0) Using 1 workers of 1 for evacuation
[2020-09-10T17:08:50.971+0000][1][gc,age       ] GC(0) Desired survivor size 4358144 bytes, new threshold 1 (max threshold 6)
[2020-09-10T17:08:50.971+0000][1][gc,age       ] GC(0) Age table with threshold 1 (max threshold 6)
[2020-09-10T17:08:50.971+0000][1][gc,age       ] GC(0) - age   1:    6385792 bytes,    6385792 total
[2020-09-10T17:08:50.971+0000][1][gc,heap      ] GC(0) ParNew: 68160K->6264K(76672K)
[2020-09-10T17:08:50.971+0000][1][gc,heap      ] GC(0) CMS: 0K->0K(2011968K)
[2020-09-10T17:08:50.971+0000][1][gc,metaspace ] GC(0) Metaspace: 13386K->13386K(1060864K)
[2020-09-10T17:08:50.971+0000][1][gc           ] GC(0) Pause Young (Allocation Failure) 66M->6M(2039M) 111.367ms
[2020-09-10T17:08:50.971+0000][1][gc,cpu       ] GC(0) User=0.02s Sys=0.00s Real=0.11s
[2020-09-10T17:08:50.987+0000][1][safepoint    ] Safepoint "GenCollectForAllocation", Time since last: 796713832 ns, Reaching safepoint: 95493 ns, At safepoint: 127145921 ns, Total: 127241414 ns
[2020-09-10T17:08:51.026+0000][1][safepoint    ] Safepoint "RevokeBias", Time since last: 20136500 ns, Reaching safepoint: 18855547 ns, At safepoint: 27592 ns, Total: 18883139 ns
[2020-09-10T17:08:51.030+0000][1][safepoint    ] Safepoint "RevokeBias", Time since last: 674830 ns, Reaching safepoint: 3983802 ns, At safepoint: 45366 ns, Total: 4029168 ns
[2020-09-10T17:08:51.031+0000][1][safepoint    ] Safepoint "RevokeBias", Time since last: 120072 ns, Reaching safepoint: 100001 ns, At safepoint: 20598 ns, Total: 120599 ns
[2020-09-10T17:08:51.057+0000][1][safepoint    ] Safepoint "RevokeBias", Time since last: 20942996 ns, Reaching safepoint: 5315756 ns, At safepoint: 55223 ns, Total: 5370979 ns
[2020-09-10T17:08:51.059+0000][1][safepoint    ] Safepoint "RevokeBias", Time since last: 108836 ns, Reaching safepoint: 1573545 ns, At safepoint: 28524 ns, Total: 1602069 ns
[2020-09-10T17:08:51.063+0000][1][safepoint    ] Safepoint "RevokeBias", Time since last: 40868 ns, Reaching safepoint: 3941023 ns, At safepoint: 44057 ns, Total: 3985080 ns
[2020-09-10T17:08:51.063+0000][1][safepoint    ] Safepoint "RevokeBias", Time since last: 143927 ns, Reaching safepoint: 280315 ns, At safepoint: 23796 ns, Total: 304111 ns
[2020-09-10T17:08:51.063+0000][1][safepoint    ] Safepoint "RevokeBias", Time since last: 32810 ns, Reaching safepoint: 84366 ns, At safepoint: 33376 ns, Total: 117742 ns
[2020-09-10T17:08:51.067+0000][1][safepoint    ] Safepoint "RevokeBias", Time since last: 36995 ns, Reaching safepoint: 3192093 ns, At safepoint: 39634 ns, Total: 3231727 ns
[2020-09-10T17:08:51.067+0000][1][safepoint    ] Safepoint "RevokeBias", Time since last: 65794 ns, Reaching safepoint: 84719 ns, At safepoint: 29411 ns, Total: 114130 ns
[2020-09-10T17:08:51.067+0000][1][safepoint    ] Safepoint "RevokeBias", Time since last: 47625 ns, Reaching safepoint: 82854 ns, At safepoint: 22081 ns, Total: 104935 ns
[2020-09-10T17:08:51.067+0000][1][safepoint    ] Safepoint "RevokeBias", Time since last: 29377 ns, Reaching safepoint: 83020 ns, At safepoint: 34731 ns, Total: 117751 ns
[2020-09-10T17:08:51.067+0000][1][safepoint    ] Safepoint "RevokeBias", Time since last: 51114 ns, Reaching safepoint: 222064 ns, At safepoint: 28367 ns, Total: 250431 ns
[2020-09-10T17:08:51.068+0000][1][safepoint    ] Safepoint "RevokeBias", Time since last: 29701 ns, Reaching safepoint: 82031 ns, At safepoint: 21170 ns, Total: 103201 ns
[2020-09-10T17:08:51.071+0000][1][safepoint    ] Safepoint "RevokeBias", Time since last: 35775 ns, Reaching safepoint: 3157394 ns, At safepoint: 51779 ns, Total: 3209173 ns
[2020-09-10T17:08:51.071+0000][1][safepoint    ] Safepoint "RevokeBias", Time since last: 61163 ns, Reaching safepoint: 86524 ns, At safepoint: 41926 ns, Total: 128450 ns
[2020-09-10T17:08:51.071+0000][1][safepoint    ] Safepoint "RevokeBias", Time since last: 45136 ns, Reaching safepoint: 92743 ns, At safepoint: 29546 ns, Total: 122289 ns
[2020-09-10T17:08:51.071+0000][1][safepoint    ] Safepoint "RevokeBias", Time since last: 25879 ns, Reaching safepoint: 82328 ns, At safepoint: 29105 ns, Total: 111433 ns
[2020-09-10T17:08:51.071+0000][1][safepoint    ] Safepoint "RevokeBias", Time since last: 31872 ns, Reaching safepoint: 82682 ns, At safepoint: 40419 ns, Total: 123101 ns
[2020-09-10T17:08:51.072+0000][1][safepoint    ] Safepoint "RevokeBias", Time since last: 24868 ns, Reaching safepoint: 82740 ns, At safepoint: 40191 ns, Total: 122931 ns
[2020-09-10T17:08:51.072+0000][1][safepoint    ] Safepoint "RevokeBias", Time since last: 31294 ns, Reaching safepoint: 92729 ns, At safepoint: 38505 ns, Total: 131234 ns
[2020-09-10T17:08:51.072+0000][1][safepoint    ] Safepoint "RevokeBias", Time since last: 24370 ns, Reaching safepoint: 92801 ns, At safepoint: 43453 ns, Total: 136254 ns
[2020-09-10T17:08:51.072+0000][1][safepoint    ] Safepoint "RevokeBias", Time since last: 40378 ns, Reaching safepoint: 83395 ns, At safepoint: 42271 ns, Total: 125666 ns
[2020-09-10T17:08:51.072+0000][1][safepoint    ] Safepoint "RevokeBias", Time since last: 27904 ns, Reaching safepoint: 83376 ns, At safepoint: 41901 ns, Total: 125277 ns
[2020-09-10T17:08:51.072+0000][1][safepoint    ] Safepoint "RevokeBias", Time since last: 53320 ns, Reaching safepoint: 83248 ns, At safepoint: 39288 ns, Total: 122536 ns
[2020-09-10T17:08:51.073+0000][1][safepoint    ] Safepoint "RevokeBias", Time since last: 24238 ns, Reaching safepoint: 82713 ns, At safepoint: 38853 ns, Total: 121566 ns
[2020-09-10T17:08:51.073+0000][1][safepoint    ] Safepoint "RevokeBias", Time since last: 580988 ns, Reaching safepoint: 85082 ns, At safepoint: 42257 ns, Total: 127339 ns
[2020-09-10T17:08:51.075+0000][1][safepoint    ] Safepoint "RevokeBias", Time since last: 26319 ns, Reaching safepoint: 1426286 ns, At safepoint: 48676 ns, Total: 1474962 ns
[2020-09-10T17:08:51.079+0000][1][safepoint    ] Safepoint "RevokeBias", Time since last: 154443 ns, Reaching safepoint: 3789271 ns, At safepoint: 36974 ns, Total: 3826245 ns
[2020-09-10T17:08:51.079+0000][1][safepoint    ] Safepoint "RevokeBias", Time since last: 30692 ns, Reaching safepoint: 85162 ns, At safepoint: 41775 ns, Total: 126937 ns
[2020-09-10T17:08:51.231+0000][1][safepoint    ] Safepoint "RevokeBias", Time since last: 151840962 ns, Reaching safepoint: 435587 ns, At safepoint: 33882 ns, Total: 469469 ns
[2020-09-10T17:08:51.419+0000][1][safepoint    ] Safepoint "Deoptimize", Time since last: 183557603 ns, Reaching safepoint: 3976402 ns, At safepoint: 186692 ns, Total: 4163094 ns
[2020-09-10T17:08:51.625+0000][1][safepoint    ] Safepoint "Deoptimize", Time since last: 205581475 ns, Reaching safepoint: 99047 ns, At safepoint: 121169 ns, Total: 220216 ns
[2020-09-10T17:08:52.625+0000][1][safepoint    ] Safepoint "Cleanup", Time since last: 1000086872 ns, Reaching safepoint: 126227 ns, At safepoint: 6100 ns, Total: 132327 ns
[2020-09-10T17:08:52.703+0000][1][safepoint    ] Safepoint "RevokeBias", Time since last: 78255703 ns, Reaching safepoint: 91895 ns, At safepoint: 30092 ns, Total: 121987 ns
[2020-09-10T17:08:52.940+0000][1][safepoint    ] Safepoint "RevokeBias", Time since last: 231196613 ns, Reaching safepoint: 5282483 ns, At safepoint: 38132 ns, Total: 5320615 ns
[2020-09-10T17:08:53.051+0000][1][safepoint    ] Safepoint "RevokeBias", Time since last: 103866817 ns, Reaching safepoint: 7037592 ns, At safepoint: 47406 ns, Total: 7084998 ns
[2020-09-10T17:08:53.469+0000][1][safepoint    ] Safepoint "RevokeBias", Time since last: 416977323 ns, Reaching safepoint: 1037160 ns, At safepoint: 34345 ns, Total: 1071505 ns
[2020-09-10T17:08:54.203+0000][1][gc,start     ] GC(1) Pause Young (Allocation Failure)
[2020-09-10T17:08:54.203+0000][1][gc,task      ] GC(1) Using 1 workers of 1 for evacuation
[2020-09-10T17:08:54.405+0000][1][gc,age       ] GC(1) Desired survivor size 4358144 bytes, new threshold 6 (max threshold 6)
[2020-09-10T17:08:54.406+0000][1][gc,age       ] GC(1) Age table with threshold 6 (max threshold 6)
[2020-09-10T17:08:54.406+0000][1][gc,age       ] GC(1) - age   1:    1795136 bytes,    1795136 total
[2020-09-10T17:08:54.406+0000][1][gc,heap      ] GC(1) ParNew: 74424K->4156K(76672K)
[2020-09-10T17:08:54.406+0000][1][gc,heap      ] GC(1) CMS: 0K->6755K(2011968K)
[2020-09-10T17:08:54.406+0000][1][gc,metaspace ] GC(1) Metaspace: 15992K->15992K(1064960K)
[2020-09-10T17:08:54.406+0000][1][gc           ] GC(1) Pause Young (Allocation Failure) 72M->10M(2039M) 202.764ms
[2020-09-10T17:08:54.406+0000][1][gc,cpu       ] GC(1) User=0.05s Sys=0.00s Real=0.20s
[2020-09-10T17:08:54.429+0000][1][safepoint    ] Safepoint "GenCollectForAllocation", Time since last: 733882188 ns, Reaching safepoint: 120725 ns, At safepoint: 226382602 ns, Total: 226503327 ns
[2020-09-10T17:08:54.452+0000][1][safepoint    ] Safepoint "BulkRevokeBias", Time since last: 15021770 ns, Reaching safepoint: 96512 ns, At safepoint: 7822353 ns, Total: 7918865 ns
[2020-09-10T17:08:54.452+0000][1][safepoint    ] Safepoint "RevokeBias", Time since last: 119185 ns, Reaching safepoint: 95452 ns, At safepoint: 32518 ns, Total: 127970 ns
[2020-09-10T17:08:54.453+0000][1][safepoint    ] Safepoint "RevokeBias", Time since last: 53398 ns, Reaching safepoint: 78467 ns, At safepoint: 27125 ns, Total: 105592 ns
[2020-09-10T17:08:54.453+0000][1][safepoint    ] Safepoint "RevokeBias", Time since last: 24240 ns, Reaching safepoint: 77350 ns, At safepoint: 27237 ns, Total: 104587 ns
[2020-09-10T17:08:54.453+0000][1][safepoint    ] Safepoint "RevokeBias", Time since last: 28657 ns, Reaching safepoint: 77718 ns, At safepoint: 24268 ns, Total: 101986 ns
[2020-09-10T17:08:54.454+0000][1][safepoint    ] Safepoint "RevokeBias", Time since last: 23088 ns, Reaching safepoint: 1602132 ns, At safepoint: 36698 ns, Total: 1638830 ns
[2020-09-10T17:08:54.462+0000][1][safepoint    ] Safepoint "RevokeBias", Time since last: 44618 ns, Reaching safepoint: 164693 ns, At safepoint: 7015365 ns, Total: 7180058 ns
[2020-09-10T17:08:54.462+0000][1][safepoint    ] Safepoint "RevokeBias", Time since last: 76131 ns, Reaching safepoint: 100413 ns, At safepoint: 45995 ns, Total: 146408 ns
[2020-09-10T17:08:54.462+0000][1][safepoint    ] Safepoint "BulkRevokeBias", Time since last: 52450 ns, Reaching safepoint: 78299 ns, At safepoint: 48949 ns, Total: 127248 ns
[2020-09-10T17:08:54.462+0000][1][safepoint    ] Safepoint "BulkRevokeBias", Time since last: 33622 ns, Reaching safepoint: 77720 ns, At safepoint: 39676 ns, Total: 117396 ns
[2020-09-10T17:08:55.479+0000][1][safepoint    ] Safepoint "Cleanup", Time since last: 1012441828 ns, Reaching safepoint: 4069286 ns, At safepoint: 17409 ns, Total: 4086695 ns
[2020-09-10T17:08:55.915+0000][1][safepoint    ] Safepoint "Deoptimize", Time since last: 432382570 ns, Reaching safepoint: 3546329 ns, At safepoint: 166139 ns, Total: 3712468 ns
[2020-09-10T17:08:56.682+0000][1][safepoint    ] Safepoint "Deoptimize", Time since last: 766464966 ns, Reaching safepoint: 124853 ns, At safepoint: 167867 ns, Total: 292720 ns
[2020-09-10T17:08:57.255+0000][1][gc,start     ] GC(2) Pause Young (Allocation Failure)
[2020-09-10T17:08:57.255+0000][1][gc,task      ] GC(2) Using 1 workers of 1 for evacuation
[2020-09-10T17:08:57.328+0000][1][gc,age       ] GC(2) Desired survivor size 4358144 bytes, new threshold 6 (max threshold 6)
[2020-09-10T17:08:57.328+0000][1][gc,age       ] GC(2) Age table with threshold 6 (max threshold 6)
[2020-09-10T17:08:57.328+0000][1][gc,age       ] GC(2) - age   1:    2728832 bytes,    2728832 total
[2020-09-10T17:08:57.328+0000][1][gc,age       ] GC(2) - age   2:    1592432 bytes,    4321264 total
[2020-09-10T17:08:57.328+0000][1][gc,heap      ] GC(2) ParNew: 72316K->5095K(76672K)
[2020-09-10T17:08:57.328+0000][1][gc,heap      ] GC(2) CMS: 6755K->6755K(2011968K)
[2020-09-10T17:08:57.328+0000][1][gc,metaspace ] GC(2) Metaspace: 19375K->19375K(1067008K)
[2020-09-10T17:08:57.328+0000][1][gc           ] GC(2) Pause Young (Allocation Failure) 77M->11M(2039M) 73.109ms
[2020-09-10T17:08:57.328+0000][1][gc,cpu       ] GC(2) User=0.02s Sys=0.00s Real=0.08s
[2020-09-10T17:08:57.347+0000][1][safepoint    ] Safepoint "GenCollectForAllocation", Time since last: 573086586 ns, Reaching safepoint: 125619 ns, At safepoint: 91855344 ns, Total: 91980963 ns
[2020-09-10T17:08:57.380+0000][1][safepoint    ] Safepoint "RevokeBias", Time since last: 32719641 ns, Reaching safepoint: 97919 ns, At safepoint: 51318 ns, Total: 149237 ns
[2020-09-10T17:08:57.380+0000][1][safepoint    ] Safepoint "RevokeBias", Time since last: 60245 ns, Reaching safepoint: 80742 ns, At safepoint: 35262 ns, Total: 116004 ns
[2020-09-10T17:08:57.380+0000][1][safepoint    ] Safepoint "RevokeBias", Time since last: 42864 ns, Reaching safepoint: 79996 ns, At safepoint: 34857 ns, Total: 114853 ns
[2020-09-10T17:08:57.380+0000][1][safepoint    ] Safepoint "RevokeBias", Time since last: 33808 ns, Reaching safepoint: 80182 ns, At safepoint: 37831 ns, Total: 118013 ns
[2020-09-10T17:08:57.380+0000][1][safepoint    ] Safepoint "RevokeBias", Time since last: 39481 ns, Reaching safepoint: 79901 ns, At safepoint: 53856 ns, Total: 133757 ns
[2020-09-10T17:08:57.380+0000][1][safepoint    ] Safepoint "RevokeBias", Time since last: 42171 ns, Reaching safepoint: 79274 ns, At safepoint: 38208 ns, Total: 117482 ns
[2020-09-10T17:08:57.386+0000][1][safepoint    ] Safepoint "RevokeBias", Time since last: 35933 ns, Reaching safepoint: 78962 ns, At safepoint: 5232377 ns, Total: 5311339 ns
[2020-09-10T17:08:57.386+0000][1][safepoint    ] Safepoint "RevokeBias", Time since last: 90318 ns, Reaching safepoint: 104170 ns, At safepoint: 45394 ns, Total: 149564 ns
[2020-09-10T17:08:57.402+0000][1][safepoint    ] Safepoint "RevokeBias", Time since last: 15636030 ns, Reaching safepoint: 107107 ns, At safepoint: 42259 ns, Total: 149366 ns
[2020-09-10T17:08:57.402+0000][1][safepoint    ] Safepoint "RevokeBias", Time since last: 56801 ns, Reaching safepoint: 78665 ns, At safepoint: 27111 ns, Total: 105776 ns
[2020-09-10T17:08:57.402+0000][1][safepoint    ] Safepoint "RevokeBias", Time since last: 41968 ns, Reaching safepoint: 77678 ns, At safepoint: 25362 ns, Total: 103040 ns
[2020-09-10T17:08:57.402+0000][1][safepoint    ] Safepoint "RevokeBias", Time since last: 23273 ns, Reaching safepoint: 76262 ns, At safepoint: 26371 ns, Total: 102633 ns
[2020-09-10T17:08:57.402+0000][1][safepoint    ] Safepoint "RevokeBias", Time since last: 26642 ns, Reaching safepoint: 76505 ns, At safepoint: 24805 ns, Total: 101310 ns
[2020-09-10T17:08:57.402+0000][1][safepoint    ] Safepoint "RevokeBias", Time since last: 22170 ns, Reaching safepoint: 76347 ns, At safepoint: 24100 ns, Total: 100447 ns
[2020-09-10T17:08:57.403+0000][1][safepoint    ] Safepoint "RevokeBias", Time since last: 649697 ns, Reaching safepoint: 79034 ns, At safepoint: 25783 ns, Total: 104817 ns
[2020-09-10T17:08:57.403+0000][1][safepoint    ] Safepoint "RevokeBias", Time since last: 26174 ns, Reaching safepoint: 77481 ns, At safepoint: 30211 ns, Total: 107692 ns
[2020-09-10T17:08:57.412+0000][1][safepoint    ] Safepoint "RevokeBias", Time since last: 27192 ns, Reaching safepoint: 76975 ns, At safepoint: 8272670 ns, Total: 8349645 ns
[2020-09-10T17:08:57.412+0000][1][safepoint    ] Safepoint "RevokeBias", Time since last: 77994 ns, Reaching safepoint: 106732 ns, At safepoint: 330606 ns, Total: 437338 ns
[2020-09-10T17:08:57.412+0000][1][safepoint    ] Safepoint "RevokeBias", Time since last: 37794 ns, Reaching safepoint: 80466 ns, At safepoint: 25929 ns, Total: 106395 ns
[2020-09-10T17:08:58.391+0000][1][gc,start     ] GC(3) Pause Young (Allocation Failure)
[2020-09-10T17:08:58.391+0000][1][gc,task      ] GC(3) Using 1 workers of 1 for evacuation
[2020-09-10T17:08:58.470+0000][1][gc,age       ] GC(3) Desired survivor size 4358144 bytes, new threshold 3 (max threshold 6)
[2020-09-10T17:08:58.470+0000][1][gc,age       ] GC(3) Age table with threshold 3 (max threshold 6)
[2020-09-10T17:08:58.470+0000][1][gc,age       ] GC(3) - age   1:    1469264 bytes,    1469264 total
[2020-09-10T17:08:58.470+0000][1][gc,age       ] GC(3) - age   2:    2466112 bytes,    3935376 total
[2020-09-10T17:08:58.470+0000][1][gc,age       ] GC(3) - age   3:    1592408 bytes,    5527784 total
[2020-09-10T17:08:58.470+0000][1][gc,heap      ] GC(3) ParNew: 73255K->7168K(76672K)
[2020-09-10T17:08:58.470+0000][1][gc,heap      ] GC(3) CMS: 6755K->6755K(2011968K)
[2020-09-10T17:08:58.470+0000][1][gc,metaspace ] GC(3) Metaspace: 19600K->19600K(1067008K)
[2020-09-10T17:08:58.470+0000][1][gc           ] GC(3) Pause Young (Allocation Failure) 78M->13M(2039M) 78.954ms
[2020-09-10T17:08:58.470+0000][1][gc,cpu       ] GC(3) User=0.02s Sys=0.00s Real=0.08s
[2020-09-10T17:08:58.495+0000][1][safepoint    ] Safepoint "GenCollectForAllocation", Time since last: 978342030 ns, Reaching safepoint: 138713 ns, At safepoint: 103859864 ns, Total: 103998577 ns
[2020-09-10T17:08:58.528+0000][1][safepoint    ] Safepoint "RevokeBias", Time since last: 23989685 ns, Reaching safepoint: 9087814 ns, At safepoint: 548509 ns, Total: 9636323 ns
[2020-09-10T17:08:58.531+0000][1][safepoint    ] Safepoint "RevokeBias", Time since last: 51406 ns, Reaching safepoint: 2296566 ns, At safepoint: 28713 ns, Total: 2325279 ns
[2020-09-10T17:08:58.535+0000][1][safepoint    ] Safepoint "RevokeBias", Time since last: 511743 ns, Reaching safepoint: 3451824 ns, At safepoint: 19083 ns, Total: 3470907 ns
[2020-09-10T17:08:58.539+0000][1][safepoint    ] Safepoint "RevokeBias", Time since last: 35320 ns, Reaching safepoint: 3998222 ns, At safepoint: 46157 ns, Total: 4044379 ns
[2020-09-10T17:08:58.539+0000][1][safepoint    ] Safepoint "RevokeBias", Time since last: 80502 ns, Reaching safepoint: 88203 ns, At safepoint: 24865 ns, Total: 113068 ns
[2020-09-10T17:08:58.539+0000][1][safepoint    ] Safepoint "RevokeBias", Time since last: 31884 ns, Reaching safepoint: 83526 ns, At safepoint: 16759 ns, Total: 100285 ns
[2020-09-10T17:08:59.384+0000][1][safepoint    ] Safepoint "RevokeBias", Time since last: 844553481 ns, Reaching safepoint: 105865 ns, At safepoint: 13767 ns, Total: 119632 ns
[2020-09-10T17:08:59.664+0000][1][gc,start     ] GC(4) Pause Young (Allocation Failure)
[2020-09-10T17:08:59.664+0000][1][gc,task      ] GC(4) Using 1 workers of 1 for evacuation
[2020-09-10T17:08:59.791+0000][1][gc,age       ] GC(4) Desired survivor size 4358144 bytes, new threshold 6 (max threshold 6)
[2020-09-10T17:08:59.791+0000][1][gc,age       ] GC(4) Age table with threshold 6 (max threshold 6)
[2020-09-10T17:08:59.791+0000][1][gc,age       ] GC(4) - age   1:    1238576 bytes,    1238576 total
[2020-09-10T17:08:59.791+0000][1][gc,age       ] GC(4) - age   2:     321736 bytes,    1560312 total
[2020-09-10T17:08:59.791+0000][1][gc,age       ] GC(4) - age   3:    2464680 bytes,    4024992 total
[2020-09-10T17:08:59.819+0000][1][gc,heap      ] GC(4) ParNew: 75328K->4944K(76672K)
[2020-09-10T17:08:59.819+0000][1][gc,heap      ] GC(4) CMS: 6755K->8325K(2011968K)
[2020-09-10T17:08:59.819+0000][1][gc,metaspace ] GC(4) Metaspace: 20151K->20151K(1067008K)
[2020-09-10T17:08:59.819+0000][1][gc           ] GC(4) Pause Young (Allocation Failure) 80M->12M(2039M) 155.178ms
[2020-09-10T17:08:59.819+0000][1][gc,cpu       ] GC(4) User=0.04s Sys=0.00s Real=0.16s
[2020-09-10T17:08:59.819+0000][1][safepoint    ] Safepoint "GenCollectForAllocation", Time since last: 279736843 ns, Reaching safepoint: 104034 ns, At safepoint: 155238072 ns, Total: 155342106 ns
[2020-09-10T17:08:59.871+0000][1][safepoint    ] Safepoint "BulkRevokeBias", Time since last: 31827166 ns, Reaching safepoint: 19999146 ns, At safepoint: 71884 ns, Total: 20071030 ns
[2020-09-10T17:08:59.871+0000][1][safepoint    ] Safepoint "RevokeBias", Time since last: 87463 ns, Reaching safepoint: 81554 ns, At safepoint: 21540 ns, Total: 103094 ns
[2020-09-10T17:08:59.871+0000][1][safepoint    ] Safepoint "RevokeBias", Time since last: 37688 ns, Reaching safepoint: 78584 ns, At safepoint: 19851 ns, Total: 98435 ns
[2020-09-10T17:08:59.871+0000][1][safepoint    ] Safepoint "RevokeBias", Time since last: 26977 ns, Reaching safepoint: 77967 ns, At safepoint: 19867 ns, Total: 97834 ns
[2020-09-10T17:09:00.140+0000][1][safepoint    ] Safepoint "CollectForMetadataAllocation", Time since last: 268080012 ns, Reaching safepoint: 116778 ns, At safepoint: 133534 ns, Total: 250312 ns
[2020-09-10T17:09:00.140+0000][1][safepoint    ] Safepoint "RevokeBias", Time since last: 580257 ns, Reaching safepoint: 80850 ns, At safepoint: 14596 ns, Total: 95446 ns
[2020-09-10T17:09:00.171+0000][1][safepoint    ] Safepoint "Deoptimize", Time since last: 30575482 ns, Reaching safepoint: 113371 ns, At safepoint: 191167 ns, Total: 304538 ns
[2020-09-10T17:09:00.238+0000][1][safepoint    ] Safepoint "RevokeBias", Time since last: 67140577 ns, Reaching safepoint: 106469 ns, At safepoint: 37867 ns, Total: 144336 ns
[2020-09-10T17:09:00.324+0000][1][safepoint    ] Safepoint "RevokeBias", Time since last: 85578345 ns, Reaching safepoint: 99068 ns, At safepoint: 29977 ns, Total: 129045 ns
[2020-09-10T17:09:00.352+0000][1][safepoint    ] Safepoint "RevokeBias", Time since last: 27791208 ns, Reaching safepoint: 96686 ns, At safepoint: 32051 ns, Total: 128737 ns
[2020-09-10T17:09:00.391+0000][1][safepoint    ] Safepoint "RevokeBias", Time since last: 38729719 ns, Reaching safepoint: 105233 ns, At safepoint: 40758 ns, Total: 145991 ns
[2020-09-10T17:09:00.415+0000][1][safepoint    ] Safepoint "RevokeBias", Time since last: 23820079 ns, Reaching safepoint: 107990 ns, At safepoint: 42817 ns, Total: 150807 ns
[2020-09-10T17:09:00.442+0000][1][safepoint    ] Safepoint "RevokeBias", Time since last: 27002830 ns, Reaching safepoint: 108410 ns, At safepoint: 43151 ns, Total: 151561 ns
[2020-09-10T17:09:00.493+0000][1][safepoint    ] Safepoint "RevokeBias", Time since last: 50644131 ns, Reaching safepoint: 93686 ns, At safepoint: 48570 ns, Total: 142256 ns
[2020-09-10T17:09:00.519+0000][1][safepoint    ] Safepoint "RevokeBias", Time since last: 26044578 ns, Reaching safepoint: 95399 ns, At safepoint: 75569 ns, Total: 170968 ns
[2020-09-10T17:09:00.562+0000][1][safepoint    ] Safepoint "Deoptimize", Time since last: 42561309 ns, Reaching safepoint: 115968 ns, At safepoint: 204403 ns, Total: 320371 ns
[2020-09-10T17:09:00.618+0000][1][safepoint    ] Safepoint "RevokeBias", Time since last: 55919672 ns, Reaching safepoint: 110372 ns, At safepoint: 46939 ns, Total: 157311 ns
[2020-09-10T17:09:01.119+0000][1][gc,start     ] GC(5) Pause Young (Allocation Failure)
[2020-09-10T17:09:01.119+0000][1][gc,task      ] GC(5) Using 1 workers of 1 for evacuation
[2020-09-10T17:09:01.196+0000][1][gc,age       ] GC(5) Desired survivor size 4358144 bytes, new threshold 4 (max threshold 6)
[2020-09-10T17:09:01.196+0000][1][gc,age       ] GC(5) Age table with threshold 4 (max threshold 6)
[2020-09-10T17:09:01.196+0000][1][gc,age       ] GC(5) - age   1:    1837088 bytes,    1837088 total
[2020-09-10T17:09:01.196+0000][1][gc,age       ] GC(5) - age   2:    1218216 bytes,    3055304 total
[2020-09-10T17:09:01.196+0000][1][gc,age       ] GC(5) - age   3:     321736 bytes,    3377040 total
[2020-09-10T17:09:01.196+0000][1][gc,age       ] GC(5) - age   4:    2464680 bytes,    5841720 total
[2020-09-10T17:09:01.196+0000][1][gc,heap      ] GC(5) ParNew: 73104K->8368K(76672K)
[2020-09-10T17:09:01.196+0000][1][gc,heap      ] GC(5) CMS: 8325K->8325K(2011968K)
[2020-09-10T17:09:01.196+0000][1][gc,metaspace ] GC(5) Metaspace: 20486K->20486K(1069056K)
[2020-09-10T17:09:01.196+0000][1][gc           ] GC(5) Pause Young (Allocation Failure) 79M->16M(2039M) 76.992ms
[2020-09-10T17:09:01.196+0000][1][gc,cpu       ] GC(5) User=0.02s Sys=0.00s Real=0.07s
[2020-09-10T17:09:01.199+0000][1][safepoint    ] Safepoint "GenCollectForAllocation", Time since last: 497180845 ns, Reaching safepoint: 3587725 ns, At safepoint: 79967167 ns, Total: 83554892 ns
[2020-09-10T17:09:01.243+0000][1][gc,start     ] GC(6) Pause Initial Mark
[2020-09-10T17:09:01.248+0000][1][gc           ] GC(6) Pause Initial Mark 22M->22M(2039M) 5.697ms
[2020-09-10T17:09:01.248+0000][1][gc,cpu       ] GC(6) User=0.01s Sys=0.00s Real=0.01s
[2020-09-10T17:09:01.280+0000][1][safepoint    ] Safepoint "CMS_Initial_Mark", Time since last: 43987565 ns, Reaching safepoint: 34091 ns, At safepoint: 37098289 ns, Total: 37132380 ns
[2020-09-10T17:09:01.280+0000][1][gc           ] GC(6) Concurrent Mark
[2020-09-10T17:09:01.309+0000][1][safepoint    ] Safepoint "RevokeBias", Time since last: 16976126 ns, Reaching safepoint: 12422504 ns, At safepoint: 36126 ns, Total: 12458630 ns
[2020-09-10T17:09:01.309+0000][1][safepoint    ] Safepoint "RevokeBias", Time since last: 65186 ns, Reaching safepoint: 97210 ns, At safepoint: 27235 ns, Total: 124445 ns
[2020-09-10T17:09:01.310+0000][1][safepoint    ] Safepoint "RevokeBias", Time since last: 25618 ns, Reaching safepoint: 76132 ns, At safepoint: 23211 ns, Total: 99343 ns
[2020-09-10T17:09:01.310+0000][1][safepoint    ] Safepoint "RevokeBias", Time since last: 27419 ns, Reaching safepoint: 76469 ns, At safepoint: 21769 ns, Total: 98238 ns
[2020-09-10T17:09:01.310+0000][1][safepoint    ] Safepoint "RevokeBias", Time since last: 22377 ns, Reaching safepoint: 75255 ns, At safepoint: 21557 ns, Total: 96812 ns
[2020-09-10T17:09:01.310+0000][1][safepoint    ] Safepoint "RevokeBias", Time since last: 28735 ns, Reaching safepoint: 75976 ns, At safepoint: 21706 ns, Total: 97682 ns
[2020-09-10T17:09:01.310+0000][1][safepoint    ] Safepoint "RevokeBias", Time since last: 21871 ns, Reaching safepoint: 75743 ns, At safepoint: 21590 ns, Total: 97333 ns
[2020-09-10T17:09:01.429+0000][1][gc           ] GC(6) Concurrent Mark 149.280ms
[2020-09-10T17:09:01.429+0000][1][gc,cpu       ] GC(6) User=0.04s Sys=0.00s Real=0.15s
[2020-09-10T17:09:01.429+0000][1][gc           ] GC(6) Concurrent Preclean
[2020-09-10T17:09:01.476+0000][1][gc           ] GC(6) Concurrent Preclean 46.471ms
[2020-09-10T17:09:01.476+0000][1][gc,cpu       ] GC(6) User=0.01s Sys=0.00s Real=0.04s
[2020-09-10T17:09:01.476+0000][1][gc           ] GC(6) Concurrent Abortable Preclean
[2020-09-10T17:09:01.715+0000][1][safepoint    ] Safepoint "CollectForMetadataAllocation", Time since last: 379192741 ns, Reaching safepoint: 25485565 ns, At safepoint: 133210 ns, Total: 25618775 ns
[2020-09-10T17:09:02.214+0000][1][gc,start     ] GC(7) Pause Young (Allocation Failure)
[2020-09-10T17:09:02.214+0000][1][gc,task      ] GC(7) Using 1 workers of 1 for evacuation
[2020-09-10T17:09:02.247+0000][1][gc           ] GC(6) Concurrent Abortable Preclean 770.903ms
[2020-09-10T17:09:02.247+0000][1][gc,cpu       ] GC(6) User=0.19s Sys=0.00s Real=0.78s
[2020-09-10T17:09:02.352+0000][1][gc,age       ] GC(7) Desired survivor size 4358144 bytes, new threshold 6 (max threshold 6)
[2020-09-10T17:09:02.352+0000][1][gc,age       ] GC(7) Age table with threshold 6 (max threshold 6)
[2020-09-10T17:09:02.352+0000][1][gc,age       ] GC(7) - age   1:     450600 bytes,     450600 total
[2020-09-10T17:09:02.352+0000][1][gc,age       ] GC(7) - age   2:    1587576 bytes,    2038176 total
[2020-09-10T17:09:02.352+0000][1][gc,age       ] GC(7) - age   3:    1217640 bytes,    3255816 total
[2020-09-10T17:09:02.352+0000][1][gc,age       ] GC(7) - age   4:     321736 bytes,    3577552 total
[2020-09-10T17:09:02.352+0000][1][gc,heap      ] GC(7) ParNew: 76528K->5324K(76672K)
[2020-09-10T17:09:02.352+0000][1][gc,heap      ] GC(7) CMS: 8325K->10750K(2011968K)
[2020-09-10T17:09:02.352+0000][1][gc,metaspace ] GC(7) Metaspace: 20573K->20573K(1069056K)
[2020-09-10T17:09:02.352+0000][1][gc           ] GC(7) Pause Young (Allocation Failure) 82M->15M(2039M) 137.745ms
[2020-09-10T17:09:02.352+0000][1][gc,cpu       ] GC(7) User=0.04s Sys=0.00s Real=0.14s
[2020-09-10T17:09:02.383+0000][1][safepoint    ] Safepoint "GenCollectForAllocation", Time since last: 499404591 ns, Reaching safepoint: 97449 ns, At safepoint: 168456092 ns, Total: 168553541 ns
[2020-09-10T17:09:02.403+0000][1][gc,start     ] GC(6) Pause Remark
[2020-09-10T17:09:02.449+0000][1][gc           ] GC(6) Pause Remark 21M->21M(2039M) 45.805ms
[2020-09-10T17:09:02.449+0000][1][gc,cpu       ] GC(6) User=0.01s Sys=0.00s Real=0.05s
[2020-09-10T17:09:02.487+0000][1][safepoint    ] Safepoint "CMS_Final_Remark", Time since last: 20013078 ns, Reaching safepoint: 35538 ns, At safepoint: 83798916 ns, Total: 83834454 ns
[2020-09-10T17:09:02.487+0000][1][gc           ] GC(6) Concurrent Sweep
[2020-09-10T17:09:02.490+0000][1][gc           ] GC(6) Concurrent Sweep 2.948ms
[2020-09-10T17:09:02.490+0000][1][gc,cpu       ] GC(6) User=0.01s Sys=0.00s Real=0.00s
[2020-09-10T17:09:02.490+0000][1][gc           ] GC(6) Concurrent Reset
[2020-09-10T17:09:02.523+0000][1][safepoint    ] Safepoint "BulkRevokeBias", Time since last: 19575800 ns, Reaching safepoint: 16736751 ns, At safepoint: 64318 ns, Total: 16801069 ns
[2020-09-10T17:09:02.525+0000][1][gc           ] GC(6) Concurrent Reset 35.720ms
[2020-09-10T17:09:02.526+0000][1][gc,cpu       ] GC(6) User=0.00s Sys=0.00s Real=0.03s
[2020-09-10T17:09:02.526+0000][1][gc,heap      ] GC(6) Old: 8325K->10748K(2011968K)
[2020-09-10T17:09:02.545+0000][1][safepoint    ] Safepoint "BulkRevokeBias", Time since last: 21736949 ns, Reaching safepoint: 175571 ns, At safepoint: 59332 ns, Total: 234903 ns
[2020-09-10T17:09:03.275+0000][1][gc,start     ] GC(8) Pause Young (Allocation Failure)
[2020-09-10T17:09:03.275+0000][1][gc,task      ] GC(8) Using 1 workers of 1 for evacuation
[2020-09-10T17:09:03.362+0000][1][gc,age       ] GC(8) Desired survivor size 4358144 bytes, new threshold 4 (max threshold 6)
[2020-09-10T17:09:03.362+0000][1][gc,age       ] GC(8) Age table with threshold 4 (max threshold 6)
[2020-09-10T17:09:03.362+0000][1][gc,age       ] GC(8) - age   1:    1611376 bytes,    1611376 total
[2020-09-10T17:09:03.362+0000][1][gc,age       ] GC(8) - age   2:     416952 bytes,    2028328 total
[2020-09-10T17:09:03.362+0000][1][gc,age       ] GC(8) - age   3:    1585520 bytes,    3613848 total
[2020-09-10T17:09:03.362+0000][1][gc,age       ] GC(8) - age   4:    1216952 bytes,    4830800 total
[2020-09-10T17:09:03.362+0000][1][gc,age       ] GC(8) - age   5:     321736 bytes,    5152536 total
[2020-09-10T17:09:03.362+0000][1][gc,heap      ] GC(8) ParNew: 73484K->7902K(76672K)
[2020-09-10T17:09:03.362+0000][1][gc,heap      ] GC(8) CMS: 10748K->10748K(2011968K)
[2020-09-10T17:09:03.362+0000][1][gc,metaspace ] GC(8) Metaspace: 20779K->20779K(1069056K)
[2020-09-10T17:09:03.362+0000][1][gc           ] GC(8) Pause Young (Allocation Failure) 82M->18M(2039M) 87.183ms
[2020-09-10T17:09:03.362+0000][1][gc,cpu       ] GC(8) User=0.02s Sys=0.00s Real=0.09s
[2020-09-10T17:09:03.391+0000][1][safepoint    ] Safepoint "GenCollectForAllocation", Time since last: 729662969 ns, Reaching safepoint: 102174 ns, At safepoint: 115904965 ns, Total: 116007139 ns
[2020-09-10T17:09:04.191+0000][1][gc,start     ] GC(9) Pause Young (Allocation Failure)
[2020-09-10T17:09:04.191+0000][1][gc,task      ] GC(9) Using 1 workers of 1 for evacuation
[2020-09-10T17:09:04.333+0000][1][gc,age       ] GC(9) Desired survivor size 4358144 bytes, new threshold 6 (max threshold 6)
[2020-09-10T17:09:04.333+0000][1][gc,age       ] GC(9) Age table with threshold 6 (max threshold 6)
[2020-09-10T17:09:04.333+0000][1][gc,age       ] GC(9) - age   1:     711456 bytes,     711456 total
[2020-09-10T17:09:04.333+0000][1][gc,age       ] GC(9) - age   2:     851176 bytes,    1562632 total
[2020-09-10T17:09:04.333+0000][1][gc,age       ] GC(9) - age   3:     416952 bytes,    1979584 total
[2020-09-10T17:09:04.333+0000][1][gc,age       ] GC(9) - age   4:    1585440 bytes,    3565024 total
[2020-09-10T17:09:04.333+0000][1][gc,heap      ] GC(9) ParNew: 76062K->4761K(76672K)
[2020-09-10T17:09:04.333+0000][1][gc,heap      ] GC(9) CMS: 10748K->12267K(2011968K)
[2020-09-10T17:09:04.333+0000][1][gc,metaspace ] GC(9) Metaspace: 20978K->20978K(1069056K)
[2020-09-10T17:09:04.333+0000][1][gc           ] GC(9) Pause Young (Allocation Failure) 84M->16M(2039M) 142.354ms
[2020-09-10T17:09:04.333+0000][1][gc,cpu       ] GC(9) User=0.04s Sys=0.00s Real=0.14s
[2020-09-10T17:09:04.343+0000][1][safepoint    ] Safepoint "GenCollectForAllocation", Time since last: 800022687 ns, Reaching safepoint: 105436 ns, At safepoint: 151878452 ns, Total: 151983888 ns
[2020-09-10T17:09:05.119+0000][1][gc,start     ] GC(10) Pause Young (Allocation Failure)
[2020-09-10T17:09:05.119+0000][1][gc,task      ] GC(10) Using 1 workers of 1 for evacuation
[2020-09-10T17:09:05.233+0000][1][gc,age       ] GC(10) Desired survivor size 4358144 bytes, new threshold 6 (max threshold 6)
[2020-09-10T17:09:05.234+0000][1][gc,age       ] GC(10) Age table with threshold 6 (max threshold 6)
[2020-09-10T17:09:05.234+0000][1][gc,age       ] GC(10) - age   1:     538672 bytes,     538672 total
[2020-09-10T17:09:05.234+0000][1][gc,age       ] GC(10) - age   2:     168568 bytes,     707240 total
[2020-09-10T17:09:05.234+0000][1][gc,age       ] GC(10) - age   3:     851176 bytes,    1558416 total
[2020-09-10T17:09:05.234+0000][1][gc,age       ] GC(10) - age   4:     416952 bytes,    1975368 total
[2020-09-10T17:09:05.234+0000][1][gc,age       ] GC(10) - age   5:    1585416 bytes,    3560784 total
[2020-09-10T17:09:05.234+0000][1][gc,heap      ] GC(10) ParNew: 72921K->3801K(76672K)
[2020-09-10T17:09:05.234+0000][1][gc,heap      ] GC(10) CMS: 12267K->12267K(2011968K)
[2020-09-10T17:09:05.234+0000][1][gc,metaspace ] GC(10) Metaspace: 21200K->21200K(1069056K)
[2020-09-10T17:09:05.234+0000][1][gc           ] GC(10) Pause Young (Allocation Failure) 83M->15M(2039M) 114.809ms
[2020-09-10T17:09:05.234+0000][1][gc,cpu       ] GC(10) User=0.03s Sys=0.00s Real=0.11s
[2020-09-10T17:09:05.259+0000][1][safepoint    ] Safepoint "GenCollectForAllocation", Time since last: 775990432 ns, Reaching safepoint: 104185 ns, At safepoint: 139910529 ns, Total: 140014714 ns
[2020-09-10T17:09:06.231+0000][1][gc,start     ] GC(11) Pause Young (Allocation Failure)
[2020-09-10T17:09:06.231+0000][1][gc,task      ] GC(11) Using 1 workers of 1 for evacuation
[2020-09-10T17:09:06.368+0000][1][gc,age       ] GC(11) Desired survivor size 4358144 bytes, new threshold 6 (max threshold 6)
[2020-09-10T17:09:06.368+0000][1][gc,age       ] GC(11) Age table with threshold 6 (max threshold 6)
[2020-09-10T17:09:06.368+0000][1][gc,age       ] GC(11) - age   1:     760664 bytes,     760664 total
[2020-09-10T17:09:06.368+0000][1][gc,age       ] GC(11) - age   2:     513544 bytes,    1274208 total
[2020-09-10T17:09:06.368+0000][1][gc,age       ] GC(11) - age   3:     168368 bytes,    1442576 total
[2020-09-10T17:09:06.368+0000][1][gc,age       ] GC(11) - age   4:     851176 bytes,    2293752 total
[2020-09-10T17:09:06.368+0000][1][gc,age       ] GC(11) - age   5:     416952 bytes,    2710704 total
[2020-09-10T17:09:06.368+0000][1][gc,age       ] GC(11) - age   6:    1584312 bytes,    4295016 total
[2020-09-10T17:09:06.369+0000][1][gc,heap      ] GC(11) ParNew: 71961K->7116K(76672K)
[2020-09-10T17:09:06.369+0000][1][gc,heap      ] GC(11) CMS: 12267K->12267K(2011968K)
[2020-09-10T17:09:06.369+0000][1][gc,metaspace ] GC(11) Metaspace: 21912K->21912K(1069056K)
[2020-09-10T17:09:06.369+0000][1][gc           ] GC(11) Pause Young (Allocation Failure) 82M->18M(2039M) 137.736ms
[2020-09-10T17:09:06.369+0000][1][gc,cpu       ] GC(11) User=0.03s Sys=0.00s Real=0.14s
[2020-09-10T17:09:06.371+0000][1][safepoint    ] Safepoint "GenCollectForAllocation", Time since last: 972007522 ns, Reaching safepoint: 106957 ns, At safepoint: 139925959 ns, Total: 140032916 ns
[2020-09-10T17:09:07.055+0000][1][gc,start     ] GC(12) Pause Young (Allocation Failure)
[2020-09-10T17:09:07.055+0000][1][gc,task      ] GC(12) Using 1 workers of 1 for evacuation
[2020-09-10T17:09:07.144+0000][1][gc,age       ] GC(12) Desired survivor size 4358144 bytes, new threshold 6 (max threshold 6)
[2020-09-10T17:09:07.144+0000][1][gc,age       ] GC(12) Age table with threshold 6 (max threshold 6)
[2020-09-10T17:09:07.144+0000][1][gc,age       ] GC(12) - age   1:     679664 bytes,     679664 total
[2020-09-10T17:09:07.144+0000][1][gc,age       ] GC(12) - age   2:     492648 bytes,    1172312 total
[2020-09-10T17:09:07.144+0000][1][gc,age       ] GC(12) - age   3:     513544 bytes,    1685856 total
[2020-09-10T17:09:07.144+0000][1][gc,age       ] GC(12) - age   4:     168368 bytes,    1854224 total
[2020-09-10T17:09:07.144+0000][1][gc,age       ] GC(12) - age   5:     851176 bytes,    2705400 total
[2020-09-10T17:09:07.144+0000][1][gc,age       ] GC(12) - age   6:     416664 bytes,    3122064 total
[2020-09-10T17:09:07.144+0000][1][gc,heap      ] GC(12) ParNew: 75276K->4924K(76672K)
[2020-09-10T17:09:07.144+0000][1][gc,heap      ] GC(12) CMS: 12267K->13827K(2011968K)
[2020-09-10T17:09:07.144+0000][1][gc,metaspace ] GC(12) Metaspace: 21928K->21928K(1069056K)
[2020-09-10T17:09:07.144+0000][1][gc           ] GC(12) Pause Young (Allocation Failure) 85M->18M(2039M) 88.980ms
[2020-09-10T17:09:07.144+0000][1][gc,cpu       ] GC(12) User=0.02s Sys=0.00s Real=0.09s
[2020-09-10T17:09:07.145+0000][1][safepoint    ] Safepoint "GenCollectForAllocation", Time since last: 683969911 ns, Reaching safepoint: 107944 ns, At safepoint: 90426642 ns, Total: 90534586 ns
[2020-09-10T17:09:07.831+0000][1][gc,start     ] GC(13) Pause Young (Allocation Failure)
[2020-09-10T17:09:07.831+0000][1][gc,task      ] GC(13) Using 1 workers of 1 for evacuation
[2020-09-10T17:09:07.911+0000][1][gc,age       ] GC(13) Desired survivor size 4358144 bytes, new threshold 6 (max threshold 6)
[2020-09-10T17:09:07.911+0000][1][gc,age       ] GC(13) Age table with threshold 6 (max threshold 6)
[2020-09-10T17:09:07.911+0000][1][gc,age       ] GC(13) - age   1:    1052032 bytes,    1052032 total
[2020-09-10T17:09:07.911+0000][1][gc,age       ] GC(13) - age   2:     102776 bytes,    1154808 total
[2020-09-10T17:09:07.911+0000][1][gc,age       ] GC(13) - age   3:     492536 bytes,    1647344 total
[2020-09-10T17:09:07.911+0000][1][gc,age       ] GC(13) - age   4:     513544 bytes,    2160888 total
[2020-09-10T17:09:07.911+0000][1][gc,age       ] GC(13) - age   5:     168368 bytes,    2329256 total
[2020-09-10T17:09:07.911+0000][1][gc,age       ] GC(13) - age   6:     851176 bytes,    3180432 total
[2020-09-10T17:09:07.911+0000][1][gc,heap      ] GC(13) ParNew: 73084K->5804K(76672K)
[2020-09-10T17:09:07.911+0000][1][gc,heap      ] GC(13) CMS: 13827K->14237K(2011968K)
[2020-09-10T17:09:07.911+0000][1][gc,metaspace ] GC(13) Metaspace: 22030K->22030K(1069056K)
[2020-09-10T17:09:07.911+0000][1][gc           ] GC(13) Pause Young (Allocation Failure) 84M->19M(2039M) 80.024ms
[2020-09-10T17:09:07.911+0000][1][gc,cpu       ] GC(13) User=0.02s Sys=0.00s Real=0.08s
[2020-09-10T17:09:07.933+0000][1][safepoint    ] Safepoint "GenCollectForAllocation", Time since last: 685451375 ns, Reaching safepoint: 102639 ns, At safepoint: 101779094 ns, Total: 101881733 ns
[2020-09-10T17:09:08.675+0000][1][gc,start     ] GC(14) Pause Young (Allocation Failure)
[2020-09-10T17:09:08.675+0000][1][gc,task      ] GC(14) Using 1 workers of 1 for evacuation
[2020-09-10T17:09:08.734+0000][1][gc,age       ] GC(14) Desired survivor size 4358144 bytes, new threshold 6 (max threshold 6)
[2020-09-10T17:09:08.734+0000][1][gc,age       ] GC(14) Age table with threshold 6 (max threshold 6)
[2020-09-10T17:09:08.734+0000][1][gc,age       ] GC(14) - age   1:     574344 bytes,     574344 total
[2020-09-10T17:09:08.734+0000][1][gc,age       ] GC(14) - age   2:     101488 bytes,     675832 total
[2020-09-10T17:09:08.734+0000][1][gc,age       ] GC(14) - age   3:     102776 bytes,     778608 total
[2020-09-10T17:09:08.734+0000][1][gc,age       ] GC(14) - age   4:     492536 bytes,    1271144 total
[2020-09-10T17:09:08.734+0000][1][gc,age       ] GC(14) - age   5:     513544 bytes,    1784688 total
[2020-09-10T17:09:08.734+0000][1][gc,age       ] GC(14) - age   6:     168368 bytes,    1953056 total
[2020-09-10T17:09:08.734+0000][1][gc,heap      ] GC(14) ParNew: 73964K->3780K(76672K)
[2020-09-10T17:09:08.734+0000][1][gc,heap      ] GC(14) CMS: 14237K->15075K(2011968K)
[2020-09-10T17:09:08.734+0000][1][gc,metaspace ] GC(14) Metaspace: 22140K->22140K(1069056K)
[2020-09-10T17:09:08.734+0000][1][gc           ] GC(14) Pause Young (Allocation Failure) 86M->18M(2039M) 59.579ms
[2020-09-10T17:09:08.734+0000][1][gc,cpu       ] GC(14) User=0.01s Sys=0.00s Real=0.06s
[2020-09-10T17:09:08.759+0000][1][safepoint    ] Safepoint "GenCollectForAllocation", Time since last: 740195961 ns, Reaching safepoint: 1938283 ns, At safepoint: 83992582 ns, Total: 85930865 ns
[2020-09-10T17:09:09.357+0000][1][gc,start     ] GC(15) Pause Young (Allocation Failure)
[2020-09-10T17:09:09.357+0000][1][gc,task      ] GC(15) Using 1 workers of 1 for evacuation
[2020-09-10T17:09:09.422+0000][1][gc,age       ] GC(15) Desired survivor size 4358144 bytes, new threshold 6 (max threshold 6)
[2020-09-10T17:09:09.422+0000][1][gc,age       ] GC(15) Age table with threshold 6 (max threshold 6)
[2020-09-10T17:09:09.422+0000][1][gc,age       ] GC(15) - age   1:    1744280 bytes,    1744280 total
[2020-09-10T17:09:09.422+0000][1][gc,age       ] GC(15) - age   2:     328944 bytes,    2073224 total
[2020-09-10T17:09:09.422+0000][1][gc,age       ] GC(15) - age   3:     101488 bytes,    2174712 total
[2020-09-10T17:09:09.422+0000][1][gc,age       ] GC(15) - age   4:     102776 bytes,    2277488 total
[2020-09-10T17:09:09.422+0000][1][gc,age       ] GC(15) - age   5:     492536 bytes,    2770024 total
[2020-09-10T17:09:09.422+0000][1][gc,age       ] GC(15) - age   6:     513544 bytes,    3283568 total
[2020-09-10T17:09:09.422+0000][1][gc,heap      ] GC(15) ParNew: 71940K->3563K(76672K)
[2020-09-10T17:09:09.422+0000][1][gc,heap      ] GC(15) CMS: 15075K->15245K(2011968K)
[2020-09-10T17:09:09.422+0000][1][gc,metaspace ] GC(15) Metaspace: 22191K->22191K(1069056K)
[2020-09-10T17:09:09.422+0000][1][gc           ] GC(15) Pause Young (Allocation Failure) 84M->18M(2039M) 64.973ms
[2020-09-10T17:09:09.422+0000][1][gc,cpu       ] GC(15) User=0.02s Sys=0.00s Real=0.07s
[2020-09-10T17:09:09.441+0000][1][safepoint    ] Safepoint "GenCollectForAllocation", Time since last: 598280770 ns, Reaching safepoint: 352182 ns, At safepoint: 83538511 ns, Total: 83890693 ns
[2020-09-10T17:09:09.979+0000][1][safepoint    ] Safepoint "Deoptimize", Time since last: 537706991 ns, Reaching safepoint: 118469 ns, At safepoint: 201889 ns, Total: 320358 ns
[2020-09-10T17:09:10.981+0000][1][safepoint    ] Safepoint "Cleanup", Time since last: 1001756459 ns, Reaching safepoint: 60126 ns, At safepoint: 6632 ns, Total: 66758 ns
[2020-09-10T17:09:11.592+0000][1][safepoint    ] Safepoint "RevokeBias", Time since last: 610529013 ns, Reaching safepoint: 238191 ns, At safepoint: 17190 ns, Total: 255381 ns
[2020-09-10T17:09:11.624+0000][1][gc,start     ] GC(16) Pause Young (Allocation Failure)
[2020-09-10T17:09:11.624+0000][1][gc,task      ] GC(16) Using 1 workers of 1 for evacuation
[2020-09-10T17:09:11.714+0000][1][gc,age       ] GC(16) Desired survivor size 4358144 bytes, new threshold 6 (max threshold 6)
[2020-09-10T17:09:11.714+0000][1][gc,age       ] GC(16) Age table with threshold 6 (max threshold 6)
[2020-09-10T17:09:11.714+0000][1][gc,age       ] GC(16) - age   1:     994352 bytes,     994352 total
[2020-09-10T17:09:11.714+0000][1][gc,age       ] GC(16) - age   2:     139480 bytes,    1133832 total
[2020-09-10T17:09:11.714+0000][1][gc,age       ] GC(16) - age   3:     328880 bytes,    1462712 total
[2020-09-10T17:09:11.714+0000][1][gc,age       ] GC(16) - age   4:     101488 bytes,    1564200 total
[2020-09-10T17:09:11.714+0000][1][gc,age       ] GC(16) - age   5:     102776 bytes,    1666976 total
[2020-09-10T17:09:11.714+0000][1][gc,age       ] GC(16) - age   6:     492384 bytes,    2159360 total
[2020-09-10T17:09:11.714+0000][1][gc,heap      ] GC(16) ParNew: 71723K->2701K(76672K)
[2020-09-10T17:09:11.714+0000][1][gc,heap      ] GC(16) CMS: 15245K->15752K(2011968K)
[2020-09-10T17:09:11.714+0000][1][gc,metaspace ] GC(16) Metaspace: 24534K->24534K(1073152K)
[2020-09-10T17:09:11.714+0000][1][gc           ] GC(16) Pause Young (Allocation Failure) 84M->18M(2039M) 89.500ms
[2020-09-10T17:09:11.714+0000][1][gc,cpu       ] GC(16) User=0.03s Sys=0.00s Real=0.09s
[2020-09-10T17:09:11.733+0000][1][safepoint    ] Safepoint "GenCollectForAllocation", Time since last: 32572837 ns, Reaching safepoint: 99016 ns, At safepoint: 108590366 ns, Total: 108689382 ns
[2020-09-10T17:09:12.359+0000][1][safepoint    ] Safepoint "RevokeBias", Time since last: 625932197 ns, Reaching safepoint: 126013 ns, At safepoint: 21312 ns, Total: 147325 ns
[2020-09-10T17:09:12.359+0000][1][safepoint    ] Safepoint "RevokeBias", Time since last: 76375 ns, Reaching safepoint: 79852 ns, At safepoint: 7854 ns, Total: 87706 ns
[2020-09-10T17:09:12.359+0000][1][safepoint    ] Safepoint "RevokeBias", Time since last: 61554 ns, Reaching safepoint: 78787 ns, At safepoint: 7324 ns, Total: 86111 ns
[2020-09-10T17:09:13.371+0000][1][safepoint    ] Safepoint "Cleanup", Time since last: 1011516327 ns, Reaching safepoint: 121300 ns, At safepoint: 6208 ns, Total: 127508 ns
[2020-09-10T17:09:13.420+0000][1][safepoint    ] Safepoint "Deoptimize", Time since last: 48963695 ns, Reaching safepoint: 99612 ns, At safepoint: 193311 ns, Total: 292923 ns
[2020-09-10T17:09:13.468+0000][1][safepoint    ] Safepoint "Deoptimize", Time since last: 48050400 ns, Reaching safepoint: 107374 ns, At safepoint: 203924 ns, Total: 311298 ns
[2020-09-10T17:09:14.475+0000][1][safepoint    ] Safepoint "Cleanup", Time since last: 1006266256 ns, Reaching safepoint: 245828 ns, At safepoint: 8146 ns, Total: 253974 ns
[2020-09-10T17:09:15.483+0000][1][safepoint    ] Safepoint "Cleanup", Time since last: 1007728166 ns, Reaching safepoint: 111123 ns, At safepoint: 6084 ns, Total: 117207 ns
[2020-09-10T17:09:16.487+0000][1][safepoint    ] Safepoint "Cleanup", Time since last: 1003879130 ns, Reaching safepoint: 694925 ns, At safepoint: 9582 ns, Total: 704507 ns
[2020-09-10T17:09:18.391+0000][1][safepoint    ] Safepoint "Cleanup", Time since last: 1901370476 ns, Reaching safepoint: 1990080 ns, At safepoint: 10320 ns, Total: 2000400 ns
[2020-09-10T17:09:19.027+0000][1][gc,start     ] GC(17) Pause Young (Allocation Failure)
[2020-09-10T17:09:19.027+0000][1][gc,task      ] GC(17) Using 1 workers of 1 for evacuation
[2020-09-10T17:09:19.383+0000][1][gc,age       ] GC(17) Desired survivor size 4358144 bytes, new threshold 1 (max threshold 6)
[2020-09-10T17:09:19.383+0000][1][gc,age       ] GC(17) Age table with threshold 1 (max threshold 6)
[2020-09-10T17:09:19.383+0000][1][gc,age       ] GC(17) - age   1:    7560872 bytes,    7560872 total
[2020-09-10T17:09:19.383+0000][1][gc,age       ] GC(17) - age   2:     510304 bytes,    8071176 total
[2020-09-10T17:09:19.383+0000][1][gc,age       ] GC(17) - age   3:     134280 bytes,    8205456 total
[2020-09-10T17:09:19.383+0000][1][gc,age       ] GC(17) - age   4:     317840 bytes,    8523296 total
[2020-09-10T17:09:19.383+0000][1][gc,age       ] GC(17) - age   5:      93712 bytes,    8617008 total
[2020-09-10T17:09:19.383+0000][1][gc,age       ] GC(17) - age   6:      98904 bytes,    8715912 total
[2020-09-10T17:09:19.383+0000][1][gc,heap      ] GC(17) ParNew: 70861K->8512K(76672K)
[2020-09-10T17:09:19.383+0000][1][gc,heap      ] GC(17) CMS: 15752K->18054K(2011968K)
[2020-09-10T17:09:19.383+0000][1][gc,metaspace ] GC(17) Metaspace: 28814K->28814K(1075200K)
[2020-09-10T17:09:19.383+0000][1][gc           ] GC(17) Pause Young (Allocation Failure) 84M->25M(2039M) 356.046ms
[2020-09-10T17:09:19.383+0000][1][gc,cpu       ] GC(17) User=0.09s Sys=0.00s Real=0.35s
[2020-09-10T17:09:19.384+0000][1][safepoint    ] Safepoint "GenCollectForAllocation", Time since last: 635958984 ns, Reaching safepoint: 108812 ns, At safepoint: 357420267 ns, Total: 357529079 ns
[2020-09-10T17:09:20.414+0000][1][safepoint    ] Safepoint "Cleanup", Time since last: 1029200970 ns, Reaching safepoint: 646165 ns, At safepoint: 7082 ns, Total: 653247 ns
[2020-09-10T17:09:21.414+0000][1][safepoint    ] Safepoint "Cleanup", Time since last: 1000118149 ns, Reaching safepoint: 113815 ns, At safepoint: 6130 ns, Total: 119945 ns
[2020-09-10T17:09:22.423+0000][1][safepoint    ] Safepoint "Cleanup", Time since last: 1008356346 ns, Reaching safepoint: 45625 ns, At safepoint: 9354 ns, Total: 54979 ns
[2020-09-10T17:09:23.427+0000][1][safepoint    ] Safepoint "Cleanup", Time since last: 1003926353 ns, Reaching safepoint: 110564 ns, At safepoint: 6659 ns, Total: 117223 ns
[2020-09-10T17:09:24.456+0000][1][safepoint    ] Safepoint "Cleanup", Time since last: 1011896323 ns, Reaching safepoint: 17108868 ns, At safepoint: 9124 ns, Total: 17117992 ns
[2020-09-10T17:09:24.563+0000][1][gc,start     ] GC(18) Pause Young (Allocation Failure)
[2020-09-10T17:09:24.563+0000][1][gc,task      ] GC(18) Using 1 workers of 1 for evacuation
[2020-09-10T17:09:24.927+0000][1][gc,age       ] GC(18) Desired survivor size 4358144 bytes, new threshold 1 (max threshold 6)
[2020-09-10T17:09:24.927+0000][1][gc,age       ] GC(18) Age table with threshold 1 (max threshold 6)
[2020-09-10T17:09:24.927+0000][1][gc,age       ] GC(18) - age   1:    8128656 bytes,    8128656 total
[2020-09-10T17:09:24.927+0000][1][gc,heap      ] GC(18) ParNew: 76672K->8512K(76672K)
[2020-09-10T17:09:24.927+0000][1][gc,heap      ] GC(18) CMS: 18054K->27193K(2011968K)
[2020-09-10T17:09:24.927+0000][1][gc,metaspace ] GC(18) Metaspace: 29134K->29134K(1077248K)
[2020-09-10T17:09:24.927+0000][1][gc           ] GC(18) Pause Young (Allocation Failure) 92M->34M(2039M) 363.505ms
[2020-09-10T17:09:24.927+0000][1][gc,cpu       ] GC(18) User=0.09s Sys=0.00s Real=0.37s
[2020-09-10T17:09:24.951+0000][1][safepoint    ] Safepoint "GenCollectForAllocation", Time since last: 107423156 ns, Reaching safepoint: 96707 ns, At safepoint: 387408479 ns, Total: 387505186 ns
[2020-09-10T17:09:25.967+0000][1][safepoint    ] Safepoint "Cleanup", Time since last: 1016497171 ns, Reaching safepoint: 115398 ns, At safepoint: 6614 ns, Total: 122012 ns
[2020-09-10T17:09:26.971+0000][1][safepoint    ] Safepoint "Cleanup", Time since last: 1003353433 ns, Reaching safepoint: 34600 ns, At safepoint: 4801 ns, Total: 39401 ns
[2020-09-10T17:09:27.034+0000][1][safepoint    ] Safepoint "RevokeBias", Time since last: 63519387 ns, Reaching safepoint: 110051 ns, At safepoint: 38589 ns, Total: 148640 ns
[2020-09-10T17:09:28.055+0000][1][safepoint    ] Safepoint "Cleanup", Time since last: 1000155373 ns, Reaching safepoint: 20144852 ns, At safepoint: 12423 ns, Total: 20157275 ns
[2020-09-10T17:09:29.055+0000][1][safepoint    ] Safepoint "Cleanup", Time since last: 1000112280 ns, Reaching safepoint: 107063 ns, At safepoint: 6211 ns, Total: 113274 ns
[2020-09-10T17:09:30.054+0000][1][gc,start     ] GC(19) Pause Young (Allocation Failure)
[2020-09-10T17:09:30.054+0000][1][gc,task      ] GC(19) Using 1 workers of 1 for evacuation
[2020-09-10T17:09:30.426+0000][1][gc,age       ] GC(19) Desired survivor size 4358144 bytes, new threshold 1 (max threshold 6)
[2020-09-10T17:09:30.426+0000][1][gc,age       ] GC(19) Age table with threshold 1 (max threshold 6)
[2020-09-10T17:09:30.426+0000][1][gc,age       ] GC(19) - age   1:    8716224 bytes,    8716224 total
[2020-09-10T17:09:30.426+0000][1][gc,heap      ] GC(19) ParNew: 76672K->8512K(76672K)
[2020-09-10T17:09:30.426+0000][1][gc,heap      ] GC(19) CMS: 27193K->35667K(2011968K)
[2020-09-10T17:09:30.426+0000][1][gc,metaspace ] GC(19) Metaspace: 29190K->29190K(1077248K)
[2020-09-10T17:09:30.426+0000][1][gc           ] GC(19) Pause Young (Allocation Failure) 101M->43M(2039M) 371.881ms
[2020-09-10T17:09:30.426+0000][1][gc,cpu       ] GC(19) User=0.09s Sys=0.00s Real=0.37s
[2020-09-10T17:09:30.450+0000][1][safepoint    ] Safepoint "GenCollectForAllocation", Time since last: 999165703 ns, Reaching safepoint: 96558 ns, At safepoint: 395532410 ns, Total: 395628968 ns
[2020-09-10T17:09:31.184+0000][1][safepoint    ] Safepoint "RevokeBias", Time since last: 734404520 ns, Reaching safepoint: 109804 ns, At safepoint: 37221 ns, Total: 147025 ns
[2020-09-10T17:09:32.193+0000][1][safepoint    ] Safepoint "Cleanup", Time since last: 1008180349 ns, Reaching safepoint: 74133 ns, At safepoint: 7255 ns, Total: 81388 ns
[2020-09-10T17:09:33.215+0000][1][safepoint    ] Safepoint "Cleanup", Time since last: 1005344302 ns, Reaching safepoint: 16811278 ns, At safepoint: 14951 ns, Total: 16826229 ns
[2020-09-10T17:09:33.963+0000][1][safepoint    ] Safepoint "Deoptimize", Time since last: 747964601 ns, Reaching safepoint: 109210 ns, At safepoint: 242479 ns, Total: 351689 ns
[2020-09-10T17:09:34.971+0000][1][safepoint    ] Safepoint "Cleanup", Time since last: 1007642924 ns, Reaching safepoint: 142829 ns, At safepoint: 5082 ns, Total: 147911 ns
[2020-09-10T17:09:35.283+0000][1][gc,start     ] GC(20) Pause Young (Allocation Failure)
[2020-09-10T17:09:35.283+0000][1][gc,task      ] GC(20) Using 1 workers of 1 for evacuation
[2020-09-10T17:09:35.536+0000][1][gc,age       ] GC(20) Desired survivor size 4358144 bytes, new threshold 6 (max threshold 6)
[2020-09-10T17:09:35.536+0000][1][gc,age       ] GC(20) Age table with threshold 6 (max threshold 6)
[2020-09-10T17:09:35.536+0000][1][gc,age       ] GC(20) - age   1:    2105400 bytes,    2105400 total
[2020-09-10T17:09:35.536+0000][1][gc,heap      ] GC(20) ParNew: 76672K->8306K(76672K)
[2020-09-10T17:09:35.536+0000][1][gc,heap      ] GC(20) CMS: 35667K->43388K(2011968K)
[2020-09-10T17:09:35.536+0000][1][gc,metaspace ] GC(20) Metaspace: 31608K->31608K(1079296K)
[2020-09-10T17:09:35.536+0000][1][gc           ] GC(20) Pause Young (Allocation Failure) 109M->50M(2039M) 253.597ms
[2020-09-10T17:09:35.536+0000][1][gc,cpu       ] GC(20) User=0.07s Sys=0.00s Real=0.25s
[2020-09-10T17:09:35.563+0000][1][safepoint    ] Safepoint "GenCollectForAllocation", Time since last: 311855152 ns, Reaching safepoint: 113579 ns, At safepoint: 279902512 ns, Total: 280016091 ns
[2020-09-10T17:09:36.581+0000][1][safepoint    ] Safepoint "Cleanup", Time since last: 1017935708 ns, Reaching safepoint: 127446 ns, At safepoint: 4836 ns, Total: 132282 ns
[2020-09-10T17:09:37.047+0000][1][safepoint    ] Safepoint "Deoptimize", Time since last: 465919423 ns, Reaching safepoint: 107513 ns, At safepoint: 279494 ns, Total: 387007 ns
[2020-09-10T17:09:38.068+0000][1][safepoint    ] Safepoint "Cleanup", Time since last: 1007604908 ns, Reaching safepoint: 13506542 ns, At safepoint: 13889 ns, Total: 13520431 ns
[2020-09-10T17:09:39.071+0000][1][gc,start     ] GC(21) Pause Young (Allocation Failure)
[2020-09-10T17:09:39.071+0000][1][gc,task      ] GC(21) Using 1 workers of 1 for evacuation
[2020-09-10T17:09:39.136+0000][1][gc,age       ] GC(21) Desired survivor size 4358144 bytes, new threshold 6 (max threshold 6)
[2020-09-10T17:09:39.136+0000][1][gc,age       ] GC(21) Age table with threshold 6 (max threshold 6)
[2020-09-10T17:09:39.136+0000][1][gc,age       ] GC(21) - age   1:     612952 bytes,     612952 total
[2020-09-10T17:09:39.136+0000][1][gc,age       ] GC(21) - age   2:    1945216 bytes,    2558168 total
[2020-09-10T17:09:39.136+0000][1][gc,heap      ] GC(21) ParNew: 76466K->2590K(76672K)
[2020-09-10T17:09:39.136+0000][1][gc,heap      ] GC(21) CMS: 43388K->43388K(2011968K)
[2020-09-10T17:09:39.136+0000][1][gc,metaspace ] GC(21) Metaspace: 31696K->31696K(1079296K)
[2020-09-10T17:09:39.136+0000][1][gc           ] GC(21) Pause Young (Allocation Failure) 117M->44M(2039M) 65.545ms
[2020-09-10T17:09:39.136+0000][1][gc,cpu       ] GC(21) User=0.02s Sys=0.00s Real=0.06s
[2020-09-10T17:09:39.158+0000][1][safepoint    ] Safepoint "GenCollectForAllocation", Time since last: 1002506360 ns, Reaching safepoint: 115837 ns, At safepoint: 86895247 ns, Total: 87011084 ns
[2020-09-10T17:09:39.975+0000][1][gc,start     ] GC(22) Pause Young (Allocation Failure)
[2020-09-10T17:09:39.975+0000][1][gc,task      ] GC(22) Using 1 workers of 1 for evacuation
[2020-09-10T17:09:40.042+0000][1][gc,age       ] GC(22) Desired survivor size 4358144 bytes, new threshold 6 (max threshold 6)
[2020-09-10T17:09:40.042+0000][1][gc,age       ] GC(22) Age table with threshold 6 (max threshold 6)
[2020-09-10T17:09:40.042+0000][1][gc,age       ] GC(22) - age   1:      33392 bytes,      33392 total
[2020-09-10T17:09:40.042+0000][1][gc,age       ] GC(22) - age   2:     612896 bytes,     646288 total
[2020-09-10T17:09:40.042+0000][1][gc,age       ] GC(22) - age   3:    1945216 bytes,    2591504 total
[2020-09-10T17:09:40.042+0000][1][gc,heap      ] GC(22) ParNew: 70750K->5042K(76672K)
[2020-09-10T17:09:40.042+0000][1][gc,heap      ] GC(22) CMS: 43388K->43388K(2011968K)
[2020-09-10T17:09:40.042+0000][1][gc,metaspace ] GC(22) Metaspace: 31709K->31709K(1079296K)
[2020-09-10T17:09:40.042+0000][1][gc           ] GC(22) Pause Young (Allocation Failure) 111M->47M(2039M) 67.406ms
[2020-09-10T17:09:40.042+0000][1][gc,cpu       ] GC(22) User=0.02s Sys=0.00s Real=0.07s
[2020-09-10T17:09:40.059+0000][1][safepoint    ] Safepoint "GenCollectForAllocation", Time since last: 813553971 ns, Reaching safepoint: 3450852 ns, At safepoint: 84006647 ns, Total: 87457499 ns
[2020-09-10T17:09:40.630+0000][1][gc,start     ] GC(23) Pause Young (Allocation Failure)
[2020-09-10T17:09:40.630+0000][1][gc,task      ] GC(23) Using 1 workers of 1 for evacuation
[2020-09-10T17:09:40.695+0000][1][gc,age       ] GC(23) Desired survivor size 4358144 bytes, new threshold 6 (max threshold 6)
[2020-09-10T17:09:40.695+0000][1][gc,age       ] GC(23) Age table with threshold 6 (max threshold 6)
[2020-09-10T17:09:40.695+0000][1][gc,age       ] GC(23) - age   1:         24 bytes,         24 total
[2020-09-10T17:09:40.695+0000][1][gc,age       ] GC(23) - age   2:      33344 bytes,      33368 total
[2020-09-10T17:09:40.695+0000][1][gc,age       ] GC(23) - age   3:     612896 bytes,     646264 total
[2020-09-10T17:09:40.695+0000][1][gc,age       ] GC(23) - age   4:    1945216 bytes,    2591480 total
[2020-09-10T17:09:40.695+0000][1][gc,heap      ] GC(23) ParNew: 73202K->3158K(76672K)
[2020-09-10T17:09:40.695+0000][1][gc,heap      ] GC(23) CMS: 43388K->43388K(2011968K)
[2020-09-10T17:09:40.695+0000][1][gc,metaspace ] GC(23) Metaspace: 31711K->31711K(1079296K)
[2020-09-10T17:09:40.695+0000][1][gc           ] GC(23) Pause Young (Allocation Failure) 113M->45M(2039M) 65.155ms
[2020-09-10T17:09:40.695+0000][1][gc,cpu       ] GC(23) User=0.02s Sys=0.00s Real=0.06s
[2020-09-10T17:09:40.706+0000][1][safepoint    ] Safepoint "GenCollectForAllocation", Time since last: 567963655 ns, Reaching safepoint: 3346430 ns, At safepoint: 75608344 ns, Total: 78954774 ns
[2020-09-10T17:09:40.773+0000][1][safepoint    ] Safepoint "RevokeBias", Time since last: 66759819 ns, Reaching safepoint: 99039 ns, At safepoint: 29886 ns, Total: 128925 ns
[2020-09-10T17:09:41.339+0000][1][gc,start     ] GC(24) Pause Young (Allocation Failure)
[2020-09-10T17:09:41.339+0000][1][gc,task      ] GC(24) Using 1 workers of 1 for evacuation
[2020-09-10T17:09:41.456+0000][1][gc,age       ] GC(24) Desired survivor size 4358144 bytes, new threshold 6 (max threshold 6)
[2020-09-10T17:09:41.456+0000][1][gc,age       ] GC(24) Age table with threshold 6 (max threshold 6)
[2020-09-10T17:09:41.456+0000][1][gc,age       ] GC(24) - age   1:         24 bytes,         24 total
[2020-09-10T17:09:41.456+0000][1][gc,age       ] GC(24) - age   3:      33344 bytes,      33368 total
[2020-09-10T17:09:41.456+0000][1][gc,age       ] GC(24) - age   4:     612896 bytes,     646264 total
[2020-09-10T17:09:41.456+0000][1][gc,age       ] GC(24) - age   5:    1945216 bytes,    2591480 total
[2020-09-10T17:09:41.456+0000][1][gc,heap      ] GC(24) ParNew: 71318K->4585K(76672K)
[2020-09-10T17:09:41.456+0000][1][gc,heap      ] GC(24) CMS: 43388K->43388K(2011968K)
[2020-09-10T17:09:41.457+0000][1][gc,metaspace ] GC(24) Metaspace: 31711K->31711K(1079296K)
[2020-09-10T17:09:41.457+0000][1][gc           ] GC(24) Pause Young (Allocation Failure) 112M->46M(2039M) 117.672ms
[2020-09-10T17:09:41.457+0000][1][gc,cpu       ] GC(24) User=0.03s Sys=0.00s Real=0.11s
[2020-09-10T17:09:41.483+0000][1][safepoint    ] Safepoint "GenCollectForAllocation", Time since last: 566213750 ns, Reaching safepoint: 104541 ns, At safepoint: 143833393 ns, Total: 143937934 ns
[2020-09-10T17:09:41.959+0000][1][gc,start     ] GC(25) Pause Young (Allocation Failure)
[2020-09-10T17:09:41.959+0000][1][gc,task      ] GC(25) Using 1 workers of 1 for evacuation
[2020-09-10T17:09:42.018+0000][1][gc,age       ] GC(25) Desired survivor size 4358144 bytes, new threshold 6 (max threshold 6)
[2020-09-10T17:09:42.018+0000][1][gc,age       ] GC(25) Age table with threshold 6 (max threshold 6)
[2020-09-10T17:09:42.018+0000][1][gc,age       ] GC(25) - age   1:        232 bytes,        232 total
[2020-09-10T17:09:42.018+0000][1][gc,age       ] GC(25) - age   4:      33344 bytes,      33576 total
[2020-09-10T17:09:42.018+0000][1][gc,age       ] GC(25) - age   5:     612896 bytes,     646472 total
[2020-09-10T17:09:42.018+0000][1][gc,age       ] GC(25) - age   6:    1945216 bytes,    2591688 total
[2020-09-10T17:09:42.018+0000][1][gc,heap      ] GC(25) ParNew: 72745K->3044K(76672K)
[2020-09-10T17:09:42.018+0000][1][gc,heap      ] GC(25) CMS: 43388K->43388K(2011968K)
[2020-09-10T17:09:42.018+0000][1][gc,metaspace ] GC(25) Metaspace: 31712K->31712K(1079296K)
[2020-09-10T17:09:42.018+0000][1][gc           ] GC(25) Pause Young (Allocation Failure) 113M->45M(2039M) 59.312ms
[2020-09-10T17:09:42.018+0000][1][gc,cpu       ] GC(25) User=0.02s Sys=0.00s Real=0.05s
[2020-09-10T17:09:42.045+0000][1][safepoint    ] Safepoint "GenCollectForAllocation", Time since last: 470443220 ns, Reaching safepoint: 5643602 ns, At safepoint: 85826167 ns, Total: 91469769 ns
[2020-09-10T17:09:42.343+0000][1][gc,start     ] GC(26) Pause Young (Allocation Failure)
[2020-09-10T17:09:42.343+0000][1][gc,task      ] GC(26) Using 1 workers of 1 for evacuation
[2020-09-10T17:09:42.418+0000][1][gc,age       ] GC(26) Desired survivor size 4358144 bytes, new threshold 6 (max threshold 6)
[2020-09-10T17:09:42.418+0000][1][gc,age       ] GC(26) Age table with threshold 6 (max threshold 6)
[2020-09-10T17:09:42.418+0000][1][gc,age       ] GC(26) - age   1:        200 bytes,        200 total
[2020-09-10T17:09:42.418+0000][1][gc,age       ] GC(26) - age   5:      33344 bytes,      33544 total
[2020-09-10T17:09:42.418+0000][1][gc,age       ] GC(26) - age   6:     612896 bytes,     646440 total
[2020-09-10T17:09:42.418+0000][1][gc,heap      ] GC(26) ParNew: 71204K->2278K(76672K)
[2020-09-10T17:09:42.418+0000][1][gc,heap      ] GC(26) CMS: 43388K->45305K(2011968K)
[2020-09-10T17:09:42.418+0000][1][gc,metaspace ] GC(26) Metaspace: 31712K->31712K(1079296K)
[2020-09-10T17:09:42.418+0000][1][gc           ] GC(26) Pause Young (Allocation Failure) 111M->46M(2039M) 75.682ms
[2020-09-10T17:09:42.418+0000][1][gc,cpu       ] GC(26) User=0.02s Sys=0.00s Real=0.07s
[2020-09-10T17:09:42.423+0000][1][safepoint    ] Safepoint "GenCollectForAllocation", Time since last: 292762448 ns, Reaching safepoint: 5352871 ns, At safepoint: 80122393 ns, Total: 85475264 ns
[2020-09-10T17:09:42.627+0000][1][gc,start     ] GC(27) Pause Young (Allocation Failure)
[2020-09-10T17:09:42.627+0000][1][gc,task      ] GC(27) Using 1 workers of 1 for evacuation
[2020-09-10T17:09:42.674+0000][1][gc,age       ] GC(27) Desired survivor size 4358144 bytes, new threshold 6 (max threshold 6)
[2020-09-10T17:09:42.674+0000][1][gc,age       ] GC(27) Age table with threshold 6 (max threshold 6)
[2020-09-10T17:09:42.674+0000][1][gc,age       ] GC(27) - age   1:        160 bytes,        160 total
[2020-09-10T17:09:42.674+0000][1][gc,age       ] GC(27) - age   6:      33344 bytes,      33504 total
[2020-09-10T17:09:42.674+0000][1][gc,heap      ] GC(27) ParNew: 70438K->727K(76672K)
[2020-09-10T17:09:42.674+0000][1][gc,heap      ] GC(27) CMS: 45305K->45904K(2011968K)
[2020-09-10T17:09:42.674+0000][1][gc,metaspace ] GC(27) Metaspace: 31712K->31712K(1079296K)
[2020-09-10T17:09:42.674+0000][1][gc           ] GC(27) Pause Young (Allocation Failure) 113M->45M(2039M) 47.208ms
[2020-09-10T17:09:42.674+0000][1][gc,cpu       ] GC(27) User=0.02s Sys=0.00s Real=0.04s
[2020-09-10T17:09:42.686+0000][1][safepoint    ] Safepoint "GenCollectForAllocation", Time since last: 201313399 ns, Reaching safepoint: 2532999 ns, At safepoint: 59072274 ns, Total: 61605273 ns
[2020-09-10T17:09:42.895+0000][1][gc,start     ] GC(28) Pause Young (Allocation Failure)
[2020-09-10T17:09:42.895+0000][1][gc,task      ] GC(28) Using 1 workers of 1 for evacuation
[2020-09-10T17:09:42.946+0000][1][gc,age       ] GC(28) Desired survivor size 4358144 bytes, new threshold 6 (max threshold 6)
[2020-09-10T17:09:42.946+0000][1][gc,age       ] GC(28) Age table with threshold 6 (max threshold 6)
[2020-09-10T17:09:42.946+0000][1][gc,age       ] GC(28) - age   1:        136 bytes,        136 total
[2020-09-10T17:09:42.946+0000][1][gc,heap      ] GC(28) ParNew: 68887K->188K(76672K)
[2020-09-10T17:09:42.946+0000][1][gc,heap      ] GC(28) CMS: 45904K->45937K(2011968K)
[2020-09-10T17:09:42.946+0000][1][gc,metaspace ] GC(28) Metaspace: 31712K->31712K(1079296K)
[2020-09-10T17:09:42.946+0000][1][gc           ] GC(28) Pause Young (Allocation Failure) 112M->45M(2039M) 50.959ms
[2020-09-10T17:09:42.946+0000][1][gc,cpu       ] GC(28) User=0.01s Sys=0.00s Real=0.05s
[2020-09-10T17:09:42.946+0000][1][safepoint    ] Safepoint "GenCollectForAllocation", Time since last: 208956566 ns, Reaching safepoint: 113334 ns, At safepoint: 51015782 ns, Total: 51129116 ns
[2020-09-10T17:09:43.151+0000][1][gc,start     ] GC(29) Pause Young (Allocation Failure)
[2020-09-10T17:09:43.151+0000][1][gc,task      ] GC(29) Using 1 workers of 1 for evacuation
[2020-09-10T17:09:43.193+0000][1][gc,age       ] GC(29) Desired survivor size 4358144 bytes, new threshold 6 (max threshold 6)
[2020-09-10T17:09:43.193+0000][1][gc,age       ] GC(29) Age table with threshold 6 (max threshold 6)
[2020-09-10T17:09:43.193+0000][1][gc,age       ] GC(29) - age   1:        184 bytes,        184 total
[2020-09-10T17:09:43.193+0000][1][gc,age       ] GC(29) - age   2:         72 bytes,        256 total
[2020-09-10T17:09:43.193+0000][1][gc,heap      ] GC(29) ParNew: 68348K->47K(76672K)
[2020-09-10T17:09:43.193+0000][1][gc,heap      ] GC(29) CMS: 45937K->45937K(2011968K)
[2020-09-10T17:09:43.193+0000][1][gc,metaspace ] GC(29) Metaspace: 31712K->31712K(1079296K)
[2020-09-10T17:09:43.193+0000][1][gc           ] GC(29) Pause Young (Allocation Failure) 111M->44M(2039M) 42.108ms
[2020-09-10T17:09:43.193+0000][1][gc,cpu       ] GC(29) User=0.01s Sys=0.00s Real=0.04s
[2020-09-10T17:09:43.195+0000][1][safepoint    ] Safepoint "GenCollectForAllocation", Time since last: 200840630 ns, Reaching safepoint: 4012446 ns, At safepoint: 44007711 ns, Total: 48020157 ns
[2020-09-10T17:09:43.399+0000][1][gc,start     ] GC(30) Pause Young (Allocation Failure)
[2020-09-10T17:09:43.399+0000][1][gc,task      ] GC(30) Using 1 workers of 1 for evacuation
[2020-09-10T17:09:43.438+0000][1][gc,age       ] GC(30) Desired survivor size 4358144 bytes, new threshold 6 (max threshold 6)
[2020-09-10T17:09:43.438+0000][1][gc,age       ] GC(30) Age table with threshold 6 (max threshold 6)
[2020-09-10T17:09:43.438+0000][1][gc,age       ] GC(30) - age   1:        208 bytes,        208 total
[2020-09-10T17:09:43.438+0000][1][gc,age       ] GC(30) - age   3:         72 bytes,        280 total
[2020-09-10T17:09:43.438+0000][1][gc,heap      ] GC(30) ParNew: 68207K->11K(76672K)
[2020-09-10T17:09:43.438+0000][1][gc,heap      ] GC(30) CMS: 45937K->45937K(2011968K)
[2020-09-10T17:09:43.438+0000][1][gc,metaspace ] GC(30) Metaspace: 31712K->31712K(1079296K)
[2020-09-10T17:09:43.438+0000][1][gc           ] GC(30) Pause Young (Allocation Failure) 111M->44M(2039M) 39.284ms
[2020-09-10T17:09:43.438+0000][1][gc,cpu       ] GC(30) User=0.02s Sys=0.00s Real=0.03s
[2020-09-10T17:09:43.447+0000][1][safepoint    ] Safepoint "GenCollectForAllocation", Time since last: 199986057 ns, Reaching safepoint: 4004046 ns, At safepoint: 47990790 ns, Total: 51994836 ns
[2020-09-10T17:09:43.691+0000][1][gc,start     ] GC(31) Pause Young (Allocation Failure)
[2020-09-10T17:09:43.691+0000][1][gc,task      ] GC(31) Using 1 workers of 1 for evacuation
[2020-09-10T17:09:43.731+0000][1][gc,age       ] GC(31) Desired survivor size 4358144 bytes, new threshold 6 (max threshold 6)
[2020-09-10T17:09:43.731+0000][1][gc,age       ] GC(31) Age table with threshold 6 (max threshold 6)
[2020-09-10T17:09:43.731+0000][1][gc,age       ] GC(31) - age   1:        184 bytes,        184 total
[2020-09-10T17:09:43.731+0000][1][gc,age       ] GC(31) - age   4:         72 bytes,        256 total
[2020-09-10T17:09:43.731+0000][1][gc,heap      ] GC(31) ParNew: 68171K->2K(76672K)
[2020-09-10T17:09:43.731+0000][1][gc,heap      ] GC(31) CMS: 45937K->45937K(2011968K)
[2020-09-10T17:09:43.731+0000][1][gc,metaspace ] GC(31) Metaspace: 31712K->31712K(1079296K)
[2020-09-10T17:09:43.731+0000][1][gc           ] GC(31) Pause Young (Allocation Failure) 111M->44M(2039M) 40.518ms
[2020-09-10T17:09:43.731+0000][1][gc,cpu       ] GC(31) User=0.02s Sys=0.00s Real=0.04s
[2020-09-10T17:09:43.731+0000][1][safepoint    ] Safepoint "GenCollectForAllocation", Time since last: 240014975 ns, Reaching safepoint: 3990445 ns, At safepoint: 40575974 ns, Total: 44566419 ns
[2020-09-10T17:09:43.941+0000][1][gc,start     ] GC(32) Pause Young (Allocation Failure)
[2020-09-10T17:09:43.941+0000][1][gc,task      ] GC(32) Using 1 workers of 1 for evacuation
[2020-09-10T17:09:43.989+0000][1][gc,age       ] GC(32) Desired survivor size 4358144 bytes, new threshold 6 (max threshold 6)
[2020-09-10T17:09:43.995+0000][1][gc,age       ] GC(32) Age table with threshold 6 (max threshold 6)
[2020-09-10T17:09:43.995+0000][1][gc,age       ] GC(32) - age   1:         24 bytes,         24 total
[2020-09-10T17:09:43.995+0000][1][gc,age       ] GC(32) - age   5:         72 bytes,         96 total
[2020-09-10T17:09:43.995+0000][1][gc,heap      ] GC(32) ParNew: 68162K->2K(76672K)
[2020-09-10T17:09:43.995+0000][1][gc,heap      ] GC(32) CMS: 45937K->45937K(2011968K)
[2020-09-10T17:09:43.995+0000][1][gc,metaspace ] GC(32) Metaspace: 31712K->31712K(1079296K)
[2020-09-10T17:09:43.995+0000][1][gc           ] GC(32) Pause Young (Allocation Failure) 111M->44M(2039M) 53.780ms
[2020-09-10T17:09:43.995+0000][1][gc,cpu       ] GC(32) User=0.01s Sys=0.00s Real=0.05s
[2020-09-10T17:09:43.995+0000][1][safepoint    ] Safepoint "GenCollectForAllocation", Time since last: 207928145 ns, Reaching safepoint: 1761221 ns, At safepoint: 53838760 ns, Total: 55599981 ns
[2020-09-10T17:09:44.420+0000][1][gc,start     ] GC(33) Pause Young (Allocation Failure)
[2020-09-10T17:09:44.421+0000][1][gc,task      ] GC(33) Using 1 workers of 1 for evacuation
[2020-09-10T17:09:44.481+0000][1][gc,age       ] GC(33) Desired survivor size 4358144 bytes, new threshold 6 (max threshold 6)
[2020-09-10T17:09:44.481+0000][1][gc,age       ] GC(33) Age table with threshold 6 (max threshold 6)
[2020-09-10T17:09:44.481+0000][1][gc,age       ] GC(33) - age   1:    2607512 bytes,    2607512 total
[2020-09-10T17:09:44.481+0000][1][gc,age       ] GC(33) - age   6:         72 bytes,    2607584 total
[2020-09-10T17:09:44.481+0000][1][gc,heap      ] GC(33) ParNew: 67765K->2547K(76672K)
[2020-09-10T17:09:44.481+0000][1][gc,heap      ] GC(33) CMS: 45937K->45937K(2011968K)
[2020-09-10T17:09:44.481+0000][1][gc,metaspace ] GC(33) Metaspace: 31721K->31721K(1079296K)
[2020-09-10T17:09:44.481+0000][1][gc           ] GC(33) Pause Young (Allocation Failure) 111M->47M(2039M) 60.332ms
[2020-09-10T17:09:44.481+0000][1][gc,cpu       ] GC(33) User=0.02s Sys=0.00s Real=0.06s
[2020-09-10T17:09:44.506+0000][1][safepoint    ] Safepoint "GenCollectForAllocation", Time since last: 425547834 ns, Reaching safepoint: 139804 ns, At safepoint: 85346303 ns, Total: 85486107 ns
[2020-09-10T17:09:45.523+0000][1][safepoint    ] Safepoint "Cleanup", Time since last: 1016840631 ns, Reaching safepoint: 111909 ns, At safepoint: 6737 ns, Total: 118646 ns
[2020-09-10T17:09:48.078+0000][1][safepoint    ] Safepoint "RevokeBias", Time since last: 2553746474 ns, Reaching safepoint: 1034438 ns, At safepoint: 60210 ns, Total: 1094648 ns
[2020-09-10T17:09:48.078+0000][1][safepoint    ] Safepoint "RevokeBias", Time since last: 108385 ns, Reaching safepoint: 82870 ns, At safepoint: 42800 ns, Total: 125670 ns
[2020-09-10T17:09:48.078+0000][1][safepoint    ] Safepoint "BulkRevokeBias", Time since last: 46872 ns, Reaching safepoint: 81228 ns, At safepoint: 61750 ns, Total: 142978 ns
[2020-09-10T17:09:48.078+0000][1][safepoint    ] Safepoint "RevokeBias", Time since last: 227388 ns, Reaching safepoint: 82789 ns, At safepoint: 40276 ns, Total: 123065 ns
[2020-09-10T17:09:49.079+0000][1][safepoint    ] Safepoint "Cleanup", Time since last: 1000113824 ns, Reaching safepoint: 117200 ns, At safepoint: 15308 ns, Total: 132508 ns
[2020-09-10T17:09:50.091+0000][1][safepoint    ] Safepoint "Cleanup", Time since last: 1012039012 ns, Reaching safepoint: 116933 ns, At safepoint: 6375 ns, Total: 123308 ns
[2020-09-10T17:09:50.367+0000][1][gc,start     ] GC(34) Pause Young (Allocation Failure)
[2020-09-10T17:09:50.367+0000][1][gc,task      ] GC(34) Using 1 workers of 1 for evacuation
[2020-09-10T17:09:50.429+0000][1][gc,age       ] GC(34) Desired survivor size 4358144 bytes, new threshold 6 (max threshold 6)
[2020-09-10T17:09:50.429+0000][1][gc,age       ] GC(34) Age table with threshold 6 (max threshold 6)
[2020-09-10T17:09:50.429+0000][1][gc,age       ] GC(34) - age   1:     488712 bytes,     488712 total
[2020-09-10T17:09:50.429+0000][1][gc,age       ] GC(34) - age   2:        800 bytes,     489512 total
[2020-09-10T17:09:50.429+0000][1][gc,heap      ] GC(34) ParNew: 70707K->479K(76672K)
[2020-09-10T17:09:50.429+0000][1][gc,heap      ] GC(34) CMS: 45937K->45937K(2011968K)
[2020-09-10T17:09:50.429+0000][1][gc,metaspace ] GC(34) Metaspace: 31733K->31733K(1079296K)
[2020-09-10T17:09:50.429+0000][1][gc           ] GC(34) Pause Young (Allocation Failure) 113M->45M(2039M) 62.506ms
[2020-09-10T17:09:50.429+0000][1][gc,cpu       ] GC(34) User=0.02s Sys=0.00s Real=0.06s
[2020-09-10T17:09:50.455+0000][1][safepoint    ] Safepoint "GenCollectForAllocation", Time since last: 275889193 ns, Reaching safepoint: 109310 ns, At safepoint: 87885208 ns, Total: 87994518 ns
[2020-09-10T17:09:51.879+0000][1][gc,start     ] GC(35) Pause Young (Allocation Failure)
[2020-09-10T17:09:51.879+0000][1][gc,task      ] GC(35) Using 1 workers of 1 for evacuation
[2020-09-10T17:09:51.954+0000][1][gc,age       ] GC(35) Desired survivor size 4358144 bytes, new threshold 6 (max threshold 6)
[2020-09-10T17:09:51.954+0000][1][gc,age       ] GC(35) Age table with threshold 6 (max threshold 6)
[2020-09-10T17:09:51.954+0000][1][gc,age       ] GC(35) - age   1:     814144 bytes,     814144 total
[2020-09-10T17:09:51.954+0000][1][gc,age       ] GC(35) - age   2:     248656 bytes,    1062800 total
[2020-09-10T17:09:51.954+0000][1][gc,age       ] GC(35) - age   3:        800 bytes,    1063600 total
[2020-09-10T17:09:51.954+0000][1][gc,heap      ] GC(35) ParNew: 68639K->1041K(76672K)
[2020-09-10T17:09:51.954+0000][1][gc,heap      ] GC(35) CMS: 45937K->45937K(2011968K)
[2020-09-10T17:09:51.954+0000][1][gc,metaspace ] GC(35) Metaspace: 31733K->31733K(1079296K)
[2020-09-10T17:09:51.954+0000][1][gc           ] GC(35) Pause Young (Allocation Failure) 111M->45M(2039M) 75.376ms
[2020-09-10T17:09:51.954+0000][1][gc,cpu       ] GC(35) User=0.02s Sys=0.00s Real=0.08s
[2020-09-10T17:09:51.983+0000][1][safepoint    ] Safepoint "GenCollectForAllocation", Time since last: 1423778943 ns, Reaching safepoint: 106495 ns, At safepoint: 104114211 ns, Total: 104220706 ns
[2020-09-10T17:09:53.170+0000][1][gc,start     ] GC(36) Pause Young (Allocation Failure)
[2020-09-10T17:09:53.170+0000][1][gc,task      ] GC(36) Using 1 workers of 1 for evacuation
[2020-09-10T17:09:53.230+0000][1][gc,age       ] GC(36) Desired survivor size 4358144 bytes, new threshold 6 (max threshold 6)
[2020-09-10T17:09:53.230+0000][1][gc,age       ] GC(36) Age table with threshold 6 (max threshold 6)
[2020-09-10T17:09:53.230+0000][1][gc,age       ] GC(36) - age   1:     346992 bytes,     346992 total
[2020-09-10T17:09:53.230+0000][1][gc,age       ] GC(36) - age   2:     634368 bytes,     981360 total
[2020-09-10T17:09:53.230+0000][1][gc,age       ] GC(36) - age   3:     247760 bytes,    1229120 total
[2020-09-10T17:09:53.230+0000][1][gc,age       ] GC(36) - age   4:        800 bytes,    1229920 total
[2020-09-10T17:09:53.230+0000][1][gc,heap      ] GC(36) ParNew: 69201K->1202K(76672K)
[2020-09-10T17:09:53.230+0000][1][gc,heap      ] GC(36) CMS: 45937K->45937K(2011968K)
[2020-09-10T17:09:53.230+0000][1][gc,metaspace ] GC(36) Metaspace: 31733K->31733K(1079296K)
[2020-09-10T17:09:53.230+0000][1][gc           ] GC(36) Pause Young (Allocation Failure) 112M->46M(2039M) 60.237ms
[2020-09-10T17:09:53.230+0000][1][gc,cpu       ] GC(36) User=0.02s Sys=0.00s Real=0.06s
[2020-09-10T17:09:53.254+0000][1][safepoint    ] Safepoint "GenCollectForAllocation", Time since last: 1187031724 ns, Reaching safepoint: 103037 ns, At safepoint: 84320165 ns, Total: 84423202 ns
[2020-09-10T17:09:54.501+0000][1][gc,start     ] GC(37) Pause Young (Allocation Failure)
[2020-09-10T17:09:54.501+0000][1][gc,task      ] GC(37) Using 1 workers of 1 for evacuation
[2020-09-10T17:09:54.615+0000][1][gc,age       ] GC(37) Desired survivor size 4358144 bytes, new threshold 6 (max threshold 6)
[2020-09-10T17:09:54.615+0000][1][gc,age       ] GC(37) Age table with threshold 6 (max threshold 6)
[2020-09-10T17:09:54.615+0000][1][gc,age       ] GC(37) - age   1:     622024 bytes,     622024 total
[2020-09-10T17:09:54.615+0000][1][gc,age       ] GC(37) - age   2:     333832 bytes,     955856 total
[2020-09-10T17:09:54.615+0000][1][gc,age       ] GC(37) - age   3:     306448 bytes,    1262304 total
[2020-09-10T17:09:54.615+0000][1][gc,age       ] GC(37) - age   4:     247352 bytes,    1509656 total
[2020-09-10T17:09:54.615+0000][1][gc,age       ] GC(37) - age   5:        800 bytes,    1510456 total
[2020-09-10T17:09:54.615+0000][1][gc,heap      ] GC(37) ParNew: 69362K->1502K(76672K)
[2020-09-10T17:09:54.615+0000][1][gc,heap      ] GC(37) CMS: 45937K->45937K(2011968K)
[2020-09-10T17:09:54.615+0000][1][gc,metaspace ] GC(37) Metaspace: 31734K->31734K(1079296K)
[2020-09-10T17:09:54.615+0000][1][gc           ] GC(37) Pause Young (Allocation Failure) 112M->46M(2039M) 114.499ms
[2020-09-10T17:09:54.615+0000][1][gc,cpu       ] GC(37) User=0.02s Sys=0.00s Real=0.11s
[2020-09-10T17:09:54.615+0000][1][safepoint    ] Safepoint "GenCollectForAllocation", Time since last: 1246672766 ns, Reaching safepoint: 100192 ns, At safepoint: 114562635 ns, Total: 114662827 ns
[2020-09-10T17:09:56.172+0000][1][gc,start     ] GC(38) Pause Young (Allocation Failure)
[2020-09-10T17:09:56.172+0000][1][gc,task      ] GC(38) Using 1 workers of 1 for evacuation
[2020-09-10T17:09:56.229+0000][1][gc,age       ] GC(38) Desired survivor size 4358144 bytes, new threshold 6 (max threshold 6)
[2020-09-10T17:09:56.229+0000][1][gc,age       ] GC(38) Age table with threshold 6 (max threshold 6)
[2020-09-10T17:09:56.229+0000][1][gc,age       ] GC(38) - age   1:     934800 bytes,     934800 total
[2020-09-10T17:09:56.229+0000][1][gc,age       ] GC(38) - age   2:     264872 bytes,    1199672 total
[2020-09-10T17:09:56.229+0000][1][gc,age       ] GC(38) - age   3:     330272 bytes,    1529944 total
[2020-09-10T17:09:56.229+0000][1][gc,age       ] GC(38) - age   4:     306352 bytes,    1836296 total
[2020-09-10T17:09:56.229+0000][1][gc,age       ] GC(38) - age   5:     247272 bytes,    2083568 total
[2020-09-10T17:09:56.229+0000][1][gc,age       ] GC(38) - age   6:        800 bytes,    2084368 total
[2020-09-10T17:09:56.229+0000][1][gc,heap      ] GC(38) ParNew: 69662K->2063K(76672K)
[2020-09-10T17:09:56.229+0000][1][gc,heap      ] GC(38) CMS: 45937K->45937K(2011968K)
[2020-09-10T17:09:56.229+0000][1][gc,metaspace ] GC(38) Metaspace: 31734K->31734K(1079296K)
[2020-09-10T17:09:56.229+0000][1][gc           ] GC(38) Pause Young (Allocation Failure) 112M->46M(2039M) 57.167ms
[2020-09-10T17:09:56.229+0000][1][gc,cpu       ] GC(38) User=0.02s Sys=0.00s Real=0.06s
[2020-09-10T17:09:56.255+0000][1][safepoint    ] Safepoint "GenCollectForAllocation", Time since last: 1556381751 ns, Reaching safepoint: 95618 ns, At safepoint: 82743592 ns, Total: 82839210 ns
[2020-09-10T17:09:57.504+0000][1][safepoint    ] Safepoint "RevokeBias", Time since last: 1248994486 ns, Reaching safepoint: 96010 ns, At safepoint: 23942 ns, Total: 119952 ns
[2020-09-10T17:09:57.686+0000][1][gc,start     ] GC(39) Pause Young (Allocation Failure)
[2020-09-10T17:09:57.686+0000][1][gc,task      ] GC(39) Using 1 workers of 1 for evacuation
[2020-09-10T17:09:57.770+0000][1][gc,age       ] GC(39) Desired survivor size 4358144 bytes, new threshold 6 (max threshold 6)
[2020-09-10T17:09:57.770+0000][1][gc,age       ] GC(39) Age table with threshold 6 (max threshold 6)
[2020-09-10T17:09:57.770+0000][1][gc,age       ] GC(39) - age   1:     544944 bytes,     544944 total
[2020-09-10T17:09:57.770+0000][1][gc,age       ] GC(39) - age   2:     922144 bytes,    1467088 total
[2020-09-10T17:09:57.770+0000][1][gc,age       ] GC(39) - age   3:     263584 bytes,    1730672 total
[2020-09-10T17:09:57.770+0000][1][gc,age       ] GC(39) - age   4:     329640 bytes,    2060312 total
[2020-09-10T17:09:57.770+0000][1][gc,age       ] GC(39) - age   5:     306016 bytes,    2366328 total
[2020-09-10T17:09:57.770+0000][1][gc,age       ] GC(39) - age   6:     244648 bytes,    2610976 total
[2020-09-10T17:09:57.770+0000][1][gc,heap      ] GC(39) ParNew: 70223K->2592K(76672K)
[2020-09-10T17:09:57.770+0000][1][gc,heap      ] GC(39) CMS: 45937K->45937K(2011968K)
[2020-09-10T17:09:57.770+0000][1][gc,metaspace ] GC(39) Metaspace: 31735K->31735K(1079296K)
[2020-09-10T17:09:57.770+0000][1][gc           ] GC(39) Pause Young (Allocation Failure) 113M->47M(2039M) 84.552ms
[2020-09-10T17:09:57.770+0000][1][gc,cpu       ] GC(39) User=0.02s Sys=0.00s Real=0.09s
[2020-09-10T17:09:57.790+0000][1][safepoint    ] Safepoint "GenCollectForAllocation", Time since last: 181706206 ns, Reaching safepoint: 111225 ns, At safepoint: 104518682 ns, Total: 104629907 ns
[2020-09-10T17:09:58.847+0000][1][safepoint    ] Safepoint "Cleanup", Time since last: 1056506548 ns, Reaching safepoint: 118615 ns, At safepoint: 6570 ns, Total: 125185 ns
[2020-09-10T17:09:59.157+0000][1][gc,start     ] GC(40) Pause Young (Allocation Failure)
[2020-09-10T17:09:59.157+0000][1][gc,task      ] GC(40) Using 1 workers of 1 for evacuation
[2020-09-10T17:09:59.198+0000][1][gc,age       ] GC(40) Desired survivor size 4358144 bytes, new threshold 6 (max threshold 6)
[2020-09-10T17:09:59.199+0000][1][gc,age       ] GC(40) Age table with threshold 6 (max threshold 6)
[2020-09-10T17:09:59.199+0000][1][gc,age       ] GC(40) - age   1:     250664 bytes,     250664 total
[2020-09-10T17:09:59.199+0000][1][gc,age       ] GC(40) - age   2:     365160 bytes,     615824 total
[2020-09-10T17:09:59.199+0000][1][gc,age       ] GC(40) - age   3:     922144 bytes,    1537968 total
[2020-09-10T17:09:59.199+0000][1][gc,age       ] GC(40) - age   4:     263584 bytes,    1801552 total
[2020-09-10T17:09:59.199+0000][1][gc,age       ] GC(40) - age   5:     329640 bytes,    2131192 total
[2020-09-10T17:09:59.199+0000][1][gc,age       ] GC(40) - age   6:     306016 bytes,    2437208 total
[2020-09-10T17:09:59.199+0000][1][gc,heap      ] GC(40) ParNew: 70752K->2511K(76672K)
[2020-09-10T17:09:59.199+0000][1][gc,heap      ] GC(40) CMS: 45937K->46176K(2011968K)
[2020-09-10T17:09:59.199+0000][1][gc,metaspace ] GC(40) Metaspace: 31736K->31736K(1079296K)
[2020-09-10T17:09:59.211+0000][1][gc           ] GC(40) Pause Young (Allocation Failure) 113M->47M(2039M) 53.364ms
[2020-09-10T17:09:59.211+0000][1][gc,cpu       ] GC(40) User=0.02s Sys=0.00s Real=0.06s
[2020-09-10T17:09:59.227+0000][1][safepoint    ] Safepoint "GenCollectForAllocation", Time since last: 308040863 ns, Reaching safepoint: 2477669 ns, At safepoint: 69442341 ns, Total: 71920010 ns
[2020-09-10T17:09:59.682+0000][1][gc,start     ] GC(41) Pause Young (Allocation Failure)
[2020-09-10T17:09:59.682+0000][1][gc,task      ] GC(41) Using 1 workers of 1 for evacuation
[2020-09-10T17:09:59.757+0000][1][gc,age       ] GC(41) Desired survivor size 4358144 bytes, new threshold 6 (max threshold 6)
[2020-09-10T17:09:59.757+0000][1][gc,age       ] GC(41) Age table with threshold 6 (max threshold 6)
[2020-09-10T17:09:59.757+0000][1][gc,age       ] GC(41) - age   1:        232 bytes,        232 total
[2020-09-10T17:09:59.757+0000][1][gc,age       ] GC(41) - age   2:     250584 bytes,     250816 total
[2020-09-10T17:09:59.757+0000][1][gc,age       ] GC(41) - age   3:     365160 bytes,     615976 total
[2020-09-10T17:09:59.757+0000][1][gc,age       ] GC(41) - age   4:     922144 bytes,    1538120 total
[2020-09-10T17:09:59.757+0000][1][gc,age       ] GC(41) - age   5:     263584 bytes,    1801704 total
[2020-09-10T17:09:59.757+0000][1][gc,age       ] GC(41) - age   6:     329640 bytes,    2131344 total
[2020-09-10T17:09:59.757+0000][1][gc,heap      ] GC(41) ParNew: 70671K->2746K(76672K)
[2020-09-10T17:09:59.757+0000][1][gc,heap      ] GC(41) CMS: 46176K->46475K(2011968K)
[2020-09-10T17:09:59.757+0000][1][gc,metaspace ] GC(41) Metaspace: 31736K->31736K(1079296K)
[2020-09-10T17:09:59.757+0000][1][gc           ] GC(41) Pause Young (Allocation Failure) 114M->48M(2039M) 75.306ms
[2020-09-10T17:09:59.757+0000][1][gc,cpu       ] GC(41) User=0.02s Sys=0.00s Real=0.07s
[2020-09-10T17:09:59.787+0000][1][safepoint    ] Safepoint "GenCollectForAllocation", Time since last: 455114510 ns, Reaching safepoint: 122240 ns, At safepoint: 104691251 ns, Total: 104813491 ns
[2020-09-10T17:10:00.230+0000][1][gc,start     ] GC(42) Pause Young (Allocation Failure)
[2020-09-10T17:10:00.230+0000][1][gc,task      ] GC(42) Using 1 workers of 1 for evacuation
[2020-09-10T17:10:00.329+0000][1][gc,age       ] GC(42) Desired survivor size 4358144 bytes, new threshold 6 (max threshold 6)
[2020-09-10T17:10:00.329+0000][1][gc,age       ] GC(42) Age table with threshold 6 (max threshold 6)
[2020-09-10T17:10:00.329+0000][1][gc,age       ] GC(42) - age   1:         88 bytes,         88 total
[2020-09-10T17:10:00.329+0000][1][gc,age       ] GC(42) - age   3:     250584 bytes,     250672 total
[2020-09-10T17:10:00.329+0000][1][gc,age       ] GC(42) - age   4:     365160 bytes,     615832 total
[2020-09-10T17:10:00.329+0000][1][gc,age       ] GC(42) - age   5:     922144 bytes,    1537976 total
[2020-09-10T17:10:00.329+0000][1][gc,age       ] GC(42) - age   6:     263584 bytes,    1801560 total
[2020-09-10T17:10:00.329+0000][1][gc,heap      ] GC(42) ParNew: 70906K->1904K(76672K)
[2020-09-10T17:10:00.329+0000][1][gc,heap      ] GC(42) CMS: 46475K->46797K(2011968K)
[2020-09-10T17:10:00.329+0000][1][gc,metaspace ] GC(42) Metaspace: 31736K->31736K(1079296K)
[2020-09-10T17:10:00.329+0000][1][gc           ] GC(42) Pause Young (Allocation Failure) 114M->47M(2039M) 99.026ms
[2020-09-10T17:10:00.329+0000][1][gc,cpu       ] GC(42) User=0.03s Sys=0.00s Real=0.10s
[2020-09-10T17:10:00.343+0000][1][safepoint    ] Safepoint "GenCollectForAllocation", Time since last: 443419198 ns, Reaching safepoint: 105015 ns, At safepoint: 112490044 ns, Total: 112595059 ns
[2020-09-10T17:10:00.819+0000][1][gc,start     ] GC(43) Pause Young (Allocation Failure)
[2020-09-10T17:10:00.819+0000][1][gc,task      ] GC(43) Using 1 workers of 1 for evacuation
[2020-09-10T17:10:00.927+0000][1][gc,age       ] GC(43) Desired survivor size 4358144 bytes, new threshold 6 (max threshold 6)
[2020-09-10T17:10:00.928+0000][1][gc,age       ] GC(43) Age table with threshold 6 (max threshold 6)
[2020-09-10T17:10:00.928+0000][1][gc,age       ] GC(43) - age   1:        160 bytes,        160 total
[2020-09-10T17:10:00.928+0000][1][gc,age       ] GC(43) - age   4:     250584 bytes,     250744 total
[2020-09-10T17:10:00.928+0000][1][gc,age       ] GC(43) - age   5:     365160 bytes,     615904 total
[2020-09-10T17:10:00.928+0000][1][gc,age       ] GC(43) - age   6:     922144 bytes,    1538048 total
[2020-09-10T17:10:00.928+0000][1][gc,heap      ] GC(43) ParNew: 70064K->1795K(76672K)
[2020-09-10T17:10:00.928+0000][1][gc,heap      ] GC(43) CMS: 46797K->47054K(2011968K)
[2020-09-10T17:10:00.928+0000][1][gc,metaspace ] GC(43) Metaspace: 31736K->31736K(1079296K)
[2020-09-10T17:10:00.928+0000][1][gc           ] GC(43) Pause Young (Allocation Failure) 114M->47M(2039M) 108.819ms
[2020-09-10T17:10:00.928+0000][1][gc,cpu       ] GC(43) User=0.02s Sys=0.00s Real=0.11s
[2020-09-10T17:10:00.928+0000][1][safepoint    ] Safepoint "GenCollectForAllocation", Time since last: 476014790 ns, Reaching safepoint: 101876 ns, At safepoint: 108894916 ns, Total: 108996792 ns
[2020-09-10T17:10:01.404+0000][1][gc,start     ] GC(44) Pause Young (Allocation Failure)
[2020-09-10T17:10:01.404+0000][1][gc,task      ] GC(44) Using 1 workers of 1 for evacuation
[2020-09-10T17:10:01.509+0000][1][gc,age       ] GC(44) Desired survivor size 4358144 bytes, new threshold 6 (max threshold 6)
[2020-09-10T17:10:01.509+0000][1][gc,age       ] GC(44) Age table with threshold 6 (max threshold 6)
[2020-09-10T17:10:01.509+0000][1][gc,age       ] GC(44) - age   1:         24 bytes,         24 total
[2020-09-10T17:10:01.509+0000][1][gc,age       ] GC(44) - age   5:     250584 bytes,     250608 total
[2020-09-10T17:10:01.509+0000][1][gc,age       ] GC(44) - age   6:     365160 bytes,     615768 total
[2020-09-10T17:10:01.509+0000][1][gc,heap      ] GC(44) ParNew: 69955K->1575K(76672K)
[2020-09-10T17:10:01.509+0000][1][gc,heap      ] GC(44) CMS: 47054K->47955K(2011968K)
[2020-09-10T17:10:01.509+0000][1][gc,metaspace ] GC(44) Metaspace: 31736K->31736K(1079296K)
[2020-09-10T17:10:01.509+0000][1][gc           ] GC(44) Pause Young (Allocation Failure) 114M->48M(2039M) 104.874ms
[2020-09-10T17:10:01.509+0000][1][gc,cpu       ] GC(44) User=0.03s Sys=0.00s Real=0.11s
[2020-09-10T17:10:01.531+0000][1][safepoint    ] Safepoint "GenCollectForAllocation", Time since last: 476604785 ns, Reaching safepoint: 98025 ns, At safepoint: 126283174 ns, Total: 126381199 ns
[2020-09-10T17:10:01.991+0000][1][gc,start     ] GC(45) Pause Young (Allocation Failure)
[2020-09-10T17:10:01.991+0000][1][gc,task      ] GC(45) Using 1 workers of 1 for evacuation
[2020-09-10T17:10:02.042+0000][1][gc,age       ] GC(45) Desired survivor size 4358144 bytes, new threshold 6 (max threshold 6)
[2020-09-10T17:10:02.042+0000][1][gc,age       ] GC(45) Age table with threshold 6 (max threshold 6)
[2020-09-10T17:10:02.042+0000][1][gc,age       ] GC(45) - age   1:         40 bytes,         40 total
[2020-09-10T17:10:02.042+0000][1][gc,age       ] GC(45) - age   6:     250584 bytes,     250624 total
[2020-09-10T17:10:02.042+0000][1][gc,heap      ] GC(45) ParNew: 69735K->544K(76672K)
[2020-09-10T17:10:02.042+0000][1][gc,heap      ] GC(45) CMS: 47955K->48312K(2011968K)
[2020-09-10T17:10:02.042+0000][1][gc,metaspace ] GC(45) Metaspace: 31736K->31736K(1079296K)
[2020-09-10T17:10:02.042+0000][1][gc           ] GC(45) Pause Young (Allocation Failure) 114M->47M(2039M) 51.288ms
[2020-09-10T17:10:02.042+0000][1][gc,cpu       ] GC(45) User=0.01s Sys=0.00s Real=0.05s
[2020-09-10T17:10:02.083+0000][1][safepoint    ] Safepoint "GenCollectForAllocation", Time since last: 460038597 ns, Reaching safepoint: 63216 ns, At safepoint: 91900049 ns, Total: 91963265 ns
[2020-09-10T17:10:02.488+0000][1][gc,start     ] GC(46) Pause Young (Allocation Failure)
[2020-09-10T17:10:02.488+0000][1][gc,task      ] GC(46) Using 1 workers of 1 for evacuation
[2020-09-10T17:10:02.566+0000][1][gc,age       ] GC(46) Desired survivor size 4358144 bytes, new threshold 6 (max threshold 6)
[2020-09-10T17:10:02.566+0000][1][gc,age       ] GC(46) Age table with threshold 6 (max threshold 6)
[2020-09-10T17:10:02.566+0000][1][gc,age       ] GC(46) - age   1:        248 bytes,        248 total
[2020-09-10T17:10:02.566+0000][1][gc,heap      ] GC(46) ParNew: 68704K->227K(76672K)
[2020-09-10T17:10:02.566+0000][1][gc,heap      ] GC(46) CMS: 48312K->48557K(2011968K)
[2020-09-10T17:10:02.566+0000][1][gc,metaspace ] GC(46) Metaspace: 31736K->31736K(1079296K)
[2020-09-10T17:10:02.566+0000][1][gc           ] GC(46) Pause Young (Allocation Failure) 114M->47M(2039M) 78.393ms
[2020-09-10T17:10:02.566+0000][1][gc,cpu       ] GC(46) User=0.02s Sys=0.00s Real=0.07s
[2020-09-10T17:10:02.595+0000][1][safepoint    ] Safepoint "GenCollectForAllocation", Time since last: 404715442 ns, Reaching safepoint: 98918 ns, At safepoint: 107178250 ns, Total: 107277168 ns
[2020-09-10T17:10:02.991+0000][1][gc,start     ] GC(47) Pause Young (Allocation Failure)
[2020-09-10T17:10:02.991+0000][1][gc,task      ] GC(47) Using 1 workers of 1 for evacuation
[2020-09-10T17:10:03.061+0000][1][gc,age       ] GC(47) Desired survivor size 4358144 bytes, new threshold 6 (max threshold 6)
[2020-09-10T17:10:03.061+0000][1][gc,age       ] GC(47) Age table with threshold 6 (max threshold 6)
[2020-09-10T17:10:03.061+0000][1][gc,age       ] GC(47) - age   1:        200 bytes,        200 total
[2020-09-10T17:10:03.061+0000][1][gc,heap      ] GC(47) ParNew: 68387K->56K(76672K)
[2020-09-10T17:10:03.061+0000][1][gc,heap      ] GC(47) CMS: 48557K->48557K(2011968K)
[2020-09-10T17:10:03.061+0000][1][gc,metaspace ] GC(47) Metaspace: 31736K->31736K(1079296K)
[2020-09-10T17:10:03.061+0000][1][gc           ] GC(47) Pause Young (Allocation Failure) 114M->47M(2039M) 70.628ms
[2020-09-10T17:10:03.061+0000][1][gc,cpu       ] GC(47) User=0.02s Sys=0.00s Real=0.07s
[2020-09-10T17:10:03.079+0000][1][safepoint    ] Safepoint "GenCollectForAllocation", Time since last: 396021152 ns, Reaching safepoint: 103432 ns, At safepoint: 87903260 ns, Total: 88006692 ns
[2020-09-10T17:10:03.491+0000][1][gc,start     ] GC(48) Pause Young (Allocation Failure)
[2020-09-10T17:10:03.491+0000][1][gc,task      ] GC(48) Using 1 workers of 1 for evacuation
[2020-09-10T17:10:03.575+0000][1][gc,age       ] GC(48) Desired survivor size 4358144 bytes, new threshold 6 (max threshold 6)
[2020-09-10T17:10:03.575+0000][1][gc,age       ] GC(48) Age table with threshold 6 (max threshold 6)
[2020-09-10T17:10:03.575+0000][1][gc,age       ] GC(48) - age   1:        224 bytes,        224 total
[2020-09-10T17:10:03.575+0000][1][gc,heap      ] GC(48) ParNew: 68216K->14K(76672K)
[2020-09-10T17:10:03.575+0000][1][gc,heap      ] GC(48) CMS: 48557K->48557K(2011968K)
[2020-09-10T17:10:03.575+0000][1][gc,metaspace ] GC(48) Metaspace: 31736K->31736K(1079296K)
[2020-09-10T17:10:03.575+0000][1][gc           ] GC(48) Pause Young (Allocation Failure) 114M->47M(2039M) 83.793ms
[2020-09-10T17:10:03.575+0000][1][gc,cpu       ] GC(48) User=0.02s Sys=0.00s Real=0.08s
[2020-09-10T17:10:03.591+0000][1][safepoint    ] Safepoint "GenCollectForAllocation", Time since last: 412553068 ns, Reaching safepoint: 96538 ns, At safepoint: 99324777 ns, Total: 99421315 ns
[2020-09-10T17:10:03.991+0000][1][gc,start     ] GC(49) Pause Young (Allocation Failure)
[2020-09-10T17:10:03.991+0000][1][gc,task      ] GC(49) Using 1 workers of 1 for evacuation
[2020-09-10T17:10:04.050+0000][1][gc,age       ] GC(49) Desired survivor size 4358144 bytes, new threshold 6 (max threshold 6)
[2020-09-10T17:10:04.075+0000][1][gc,age       ] GC(49) Age table with threshold 6 (max threshold 6)
[2020-09-10T17:10:04.075+0000][1][gc,age       ] GC(49) - age   1:        112 bytes,        112 total
[2020-09-10T17:10:04.075+0000][1][gc,heap      ] GC(49) ParNew: 68174K->3K(76672K)
[2020-09-10T17:10:04.075+0000][1][gc,heap      ] GC(49) CMS: 48557K->48557K(2011968K)
[2020-09-10T17:10:04.075+0000][1][gc,metaspace ] GC(49) Metaspace: 31736K->31736K(1079296K)
[2020-09-10T17:10:04.075+0000][1][gc           ] GC(49) Pause Young (Allocation Failure) 113M->47M(2039M) 83.878ms
[2020-09-10T17:10:04.075+0000][1][gc,cpu       ] GC(49) User=0.03s Sys=0.00s Real=0.08s
[2020-09-10T17:10:04.075+0000][1][safepoint    ] Safepoint "GenCollectForAllocation", Time since last: 400114576 ns, Reaching safepoint: 112882 ns, At safepoint: 83941840 ns, Total: 84054722 ns
[2020-09-10T17:10:05.103+0000][1][safepoint    ] Safepoint "Cleanup", Time since last: 1018619817 ns, Reaching safepoint: 9219840 ns, At safepoint: 10749 ns, Total: 9230589 ns
[2020-09-10T17:10:06.105+0000][1][safepoint    ] Safepoint "Cleanup", Time since last: 1000107546 ns, Reaching safepoint: 2599922 ns, At safepoint: 8104 ns, Total: 2608026 ns
[2020-09-10T17:10:06.787+0000][1][safepoint    ] Safepoint "ICBufferFull", Time since last: 681338108 ns, Reaching safepoint: 191584 ns, At safepoint: 7673 ns, Total: 199257 ns
[2020-09-10T17:10:06.846+0000][1][gc,start     ] GC(50) Pause Young (Allocation Failure)
[2020-09-10T17:10:06.846+0000][1][gc,task      ] GC(50) Using 1 workers of 1 for evacuation
[2020-09-10T17:10:06.943+0000][1][gc,age       ] GC(50) Desired survivor size 4358144 bytes, new threshold 6 (max threshold 6)
[2020-09-10T17:10:06.943+0000][1][gc,age       ] GC(50) Age table with threshold 6 (max threshold 6)
[2020-09-10T17:10:06.943+0000][1][gc,age       ] GC(50) - age   1:     243872 bytes,     243872 total
[2020-09-10T17:10:06.943+0000][1][gc,heap      ] GC(50) ParNew: 68163K->240K(76672K)
[2020-09-10T17:10:06.943+0000][1][gc,heap      ] GC(50) CMS: 48557K->48557K(2011968K)
[2020-09-10T17:10:06.943+0000][1][gc,metaspace ] GC(50) Metaspace: 31738K->31738K(1079296K)
[2020-09-10T17:10:06.943+0000][1][gc           ] GC(50) Pause Young (Allocation Failure) 113M->47M(2039M) 97.242ms
[2020-09-10T17:10:06.943+0000][1][gc,cpu       ] GC(50) User=0.03s Sys=0.00s Real=0.10s
[2020-09-10T17:10:06.943+0000][1][safepoint    ] Safepoint "GenCollectForAllocation", Time since last: 59041505 ns, Reaching safepoint: 123062 ns, At safepoint: 97304098 ns, Total: 97427160 ns
[2020-09-10T17:10:07.615+0000][1][gc,start     ] GC(51) Pause Young (Allocation Failure)
[2020-09-10T17:10:07.615+0000][1][gc,task      ] GC(51) Using 1 workers of 1 for evacuation
[2020-09-10T17:10:07.667+0000][1][gc,age       ] GC(51) Desired survivor size 4358144 bytes, new threshold 6 (max threshold 6)
[2020-09-10T17:10:07.667+0000][1][gc,age       ] GC(51) Age table with threshold 6 (max threshold 6)
[2020-09-10T17:10:07.667+0000][1][gc,age       ] GC(51) - age   1:     545840 bytes,     545840 total
[2020-09-10T17:10:07.667+0000][1][gc,age       ] GC(51) - age   2:     150904 bytes,     696744 total
[2020-09-10T17:10:07.667+0000][1][gc,heap      ] GC(51) ParNew: 68400K->683K(76672K)
[2020-09-10T17:10:07.667+0000][1][gc,heap      ] GC(51) CMS: 48557K->48557K(2011968K)
[2020-09-10T17:10:07.667+0000][1][gc,metaspace ] GC(51) Metaspace: 31738K->31738K(1079296K)
[2020-09-10T17:10:07.667+0000][1][gc           ] GC(51) Pause Young (Allocation Failure) 114M->48M(2039M) 52.505ms
[2020-09-10T17:10:07.667+0000][1][gc,cpu       ] GC(51) User=0.01s Sys=0.00s Real=0.06s
[2020-09-10T17:10:07.667+0000][1][safepoint    ] Safepoint "GenCollectForAllocation", Time since last: 668157090 ns, Reaching safepoint: 3110740 ns, At safepoint: 52568493 ns, Total: 55679233 ns
[2020-09-10T17:10:08.255+0000][1][gc,start     ] GC(52) Pause Young (Allocation Failure)
[2020-09-10T17:10:08.255+0000][1][gc,task      ] GC(52) Using 1 workers of 1 for evacuation
[2020-09-10T17:10:08.315+0000][1][gc,age       ] GC(52) Desired survivor size 4358144 bytes, new threshold 6 (max threshold 6)
[2020-09-10T17:10:08.315+0000][1][gc,age       ] GC(52) Age table with threshold 6 (max threshold 6)
[2020-09-10T17:10:08.315+0000][1][gc,age       ] GC(52) - age   1:     643456 bytes,     643456 total
[2020-09-10T17:10:08.315+0000][1][gc,age       ] GC(52) - age   2:     373056 bytes,    1016512 total
[2020-09-10T17:10:08.315+0000][1][gc,age       ] GC(52) - age   3:     150168 bytes,    1166680 total
[2020-09-10T17:10:08.315+0000][1][gc,heap      ] GC(52) ParNew: 68843K->1160K(76672K)
[2020-09-10T17:10:08.315+0000][1][gc,heap      ] GC(52) CMS: 48557K->48557K(2011968K)
[2020-09-10T17:10:08.315+0000][1][gc,metaspace ] GC(52) Metaspace: 31738K->31738K(1079296K)
[2020-09-10T17:10:08.315+0000][1][gc           ] GC(52) Pause Young (Allocation Failure) 114M->48M(2039M) 60.594ms
[2020-09-10T17:10:08.315+0000][1][gc,cpu       ] GC(52) User=0.02s Sys=0.00s Real=0.06s
[2020-09-10T17:10:08.331+0000][1][safepoint    ] Safepoint "GenCollectForAllocation", Time since last: 584674067 ns, Reaching safepoint: 2778148 ns, At safepoint: 75999760 ns, Total: 78777908 ns
[2020-09-10T17:10:09.174+0000][1][gc,start     ] GC(53) Pause Young (Allocation Failure)
[2020-09-10T17:10:09.174+0000][1][gc,task      ] GC(53) Using 1 workers of 1 for evacuation
[2020-09-10T17:10:09.202+0000][1][gc,age       ] GC(53) Desired survivor size 4358144 bytes, new threshold 6 (max threshold 6)
[2020-09-10T17:10:09.202+0000][1][gc,age       ] GC(53) Age table with threshold 6 (max threshold 6)
[2020-09-10T17:10:09.202+0000][1][gc,age       ] GC(53) - age   1:     655152 bytes,     655152 total
[2020-09-10T17:10:09.202+0000][1][gc,age       ] GC(53) - age   2:     302112 bytes,     957264 total
[2020-09-10T17:10:09.202+0000][1][gc,age       ] GC(53) - age   3:     372800 bytes,    1330064 total
[2020-09-10T17:10:09.202+0000][1][gc,age       ] GC(53) - age   4:     149584 bytes,    1479648 total
[2020-09-10T17:10:09.202+0000][1][gc,heap      ] GC(53) ParNew: 69320K->1510K(76672K)
[2020-09-10T17:10:09.202+0000][1][gc,heap      ] GC(53) CMS: 48557K->48557K(2011968K)
[2020-09-10T17:10:09.202+0000][1][gc,metaspace ] GC(53) Metaspace: 31738K->31738K(1079296K)
[2020-09-10T17:10:09.202+0000][1][gc           ] GC(53) Pause Young (Allocation Failure) 115M->48M(2039M) 28.264ms
[2020-09-10T17:10:09.202+0000][1][gc,cpu       ] GC(53) User=0.01s Sys=0.00s Real=0.03s
[2020-09-10T17:10:09.219+0000][1][safepoint    ] Safepoint "GenCollectForAllocation", Time since last: 839975001 ns, Reaching safepoint: 2958690 ns, At safepoint: 45079196 ns, Total: 48037886 ns
[2020-09-10T17:10:09.746+0000][1][gc,start     ] GC(54) Pause Young (Allocation Failure)
[2020-09-10T17:10:09.746+0000][1][gc,task      ] GC(54) Using 1 workers of 1 for evacuation
[2020-09-10T17:10:09.789+0000][1][gc,age       ] GC(54) Desired survivor size 4358144 bytes, new threshold 6 (max threshold 6)
[2020-09-10T17:10:09.790+0000][1][gc,age       ] GC(54) Age table with threshold 6 (max threshold 6)
[2020-09-10T17:10:09.790+0000][1][gc,age       ] GC(54) - age   1:     931664 bytes,     931664 total
[2020-09-10T17:10:09.790+0000][1][gc,age       ] GC(54) - age   2:     298952 bytes,    1230616 total
[2020-09-10T17:10:09.790+0000][1][gc,age       ] GC(54) - age   3:     300928 bytes,    1531544 total
[2020-09-10T17:10:09.790+0000][1][gc,age       ] GC(54) - age   4:     372776 bytes,    1904320 total
[2020-09-10T17:10:09.790+0000][1][gc,age       ] GC(54) - age   5:     149424 bytes,    2053744 total
[2020-09-10T17:10:09.790+0000][1][gc,heap      ] GC(54) ParNew: 69670K->2090K(76672K)
[2020-09-10T17:10:09.790+0000][1][gc,heap      ] GC(54) CMS: 48557K->48557K(2011968K)
[2020-09-10T17:10:09.790+0000][1][gc,metaspace ] GC(54) Metaspace: 31738K->31738K(1079296K)
[2020-09-10T17:10:09.790+0000][1][gc           ] GC(54) Pause Young (Allocation Failure) 115M->49M(2039M) 43.827ms
[2020-09-10T17:10:09.790+0000][1][gc,cpu       ] GC(54) User=0.01s Sys=0.00s Real=0.05s
[2020-09-10T17:10:09.790+0000][1][safepoint    ] Safepoint "GenCollectForAllocation", Time since last: 525936043 ns, Reaching safepoint: 1123629 ns, At safepoint: 43891971 ns, Total: 45015600 ns
[2020-09-10T17:10:10.194+0000][1][gc,start     ] GC(55) Pause Young (Allocation Failure)
[2020-09-10T17:10:10.194+0000][1][gc,task      ] GC(55) Using 1 workers of 1 for evacuation
[2020-09-10T17:10:10.237+0000][1][gc,age       ] GC(55) Desired survivor size 4358144 bytes, new threshold 6 (max threshold 6)
[2020-09-10T17:10:10.237+0000][1][gc,age       ] GC(55) Age table with threshold 6 (max threshold 6)
[2020-09-10T17:10:10.237+0000][1][gc,age       ] GC(55) - age   1:     348496 bytes,     348496 total
[2020-09-10T17:10:10.237+0000][1][gc,age       ] GC(55) - age   2:     919264 bytes,    1267760 total
[2020-09-10T17:10:10.237+0000][1][gc,age       ] GC(55) - age   3:     297728 bytes,    1565488 total
[2020-09-10T17:10:10.237+0000][1][gc,age       ] GC(55) - age   4:     297352 bytes,    1862840 total
[2020-09-10T17:10:10.237+0000][1][gc,age       ] GC(55) - age   5:     372384 bytes,    2235224 total
[2020-09-10T17:10:10.237+0000][1][gc,age       ] GC(55) - age   6:     149360 bytes,    2384584 total
[2020-09-10T17:10:10.237+0000][1][gc,heap      ] GC(55) ParNew: 70250K->2522K(76672K)
[2020-09-10T17:10:10.237+0000][1][gc,heap      ] GC(55) CMS: 48557K->48557K(2011968K)
[2020-09-10T17:10:10.237+0000][1][gc,metaspace ] GC(55) Metaspace: 31738K->31738K(1079296K)
[2020-09-10T17:10:10.237+0000][1][gc           ] GC(55) Pause Young (Allocation Failure) 116M->49M(2039M) 43.202ms
[2020-09-10T17:10:10.237+0000][1][gc,cpu       ] GC(55) User=0.01s Sys=0.00s Real=0.04s
[2020-09-10T17:10:10.245+0000][1][safepoint    ] Safepoint "GenCollectForAllocation", Time since last: 402959370 ns, Reaching safepoint: 879801 ns, At safepoint: 51273731 ns, Total: 52153532 ns
[2020-09-10T17:10:11.284+0000][1][safepoint    ] Safepoint "Cleanup", Time since last: 1020150875 ns, Reaching safepoint: 18844369 ns, At safepoint: 10111 ns, Total: 18854480 ns
[2020-09-10T17:10:11.515+0000][1][safepoint    ] Safepoint "Deoptimize", Time since last: 227945971 ns, Reaching safepoint: 3000508 ns, At safepoint: 312232 ns, Total: 3312740 ns
[2020-09-10T17:10:11.947+0000][1][safepoint    ] Safepoint "CollectForMetadataAllocation", Time since last: 430505609 ns, Reaching safepoint: 1265740 ns, At safepoint: 127117 ns, Total: 1392857 ns
[2020-09-10T17:10:12.071+0000][1][safepoint    ] Safepoint "CollectForMetadataAllocation", Time since last: 119040515 ns, Reaching safepoint: 4740902 ns, At safepoint: 146469 ns, Total: 4887371 ns
[2020-09-10T17:10:12.227+0000][1][safepoint    ] Safepoint "CollectForMetadataAllocation", Time since last: 151886842 ns, Reaching safepoint: 3949563 ns, At safepoint: 145582 ns, Total: 4095145 ns
[2020-09-10T17:10:12.255+0000][1][gc,start     ] GC(56) Pause Initial Mark
[2020-09-10T17:10:12.330+0000][1][gc           ] GC(56) Pause Initial Mark 96M->96M(2039M) 75.455ms
[2020-09-10T17:10:12.330+0000][1][gc,cpu       ] GC(56) User=0.02s Sys=0.00s Real=0.08s
[2020-09-10T17:10:12.371+0000][1][safepoint    ] Safepoint "CMS_Initial_Mark", Time since last: 27844825 ns, Reaching safepoint: 100846 ns, At safepoint: 115903462 ns, Total: 116004308 ns
[2020-09-10T17:10:12.371+0000][1][gc           ] GC(56) Concurrent Mark
[2020-09-10T17:10:12.547+0000][1][safepoint    ] Safepoint "CollectForMetadataAllocation", Time since last: 151680117 ns, Reaching safepoint: 24344329 ns, At safepoint: 124037 ns, Total: 24468366 ns
[2020-09-10T17:10:12.743+0000][1][safepoint    ] Safepoint "CollectForMetadataAllocation", Time since last: 195837429 ns, Reaching safepoint: 42539 ns, At safepoint: 127883 ns, Total: 170422 ns
[2020-09-10T17:10:12.951+0000][1][gc           ] GC(56) Concurrent Mark 580.182ms
[2020-09-10T17:10:12.951+0000][1][gc,cpu       ] GC(56) User=0.15s Sys=0.00s Real=0.58s
[2020-09-10T17:10:12.951+0000][1][safepoint    ] Safepoint "CollectForMetadataAllocation", Time since last: 175833398 ns, Reaching safepoint: 32389006 ns, At safepoint: 131126 ns, Total: 32520132 ns
[2020-09-10T17:10:12.967+0000][1][gc           ] GC(56) Concurrent Preclean
[2020-09-10T17:10:12.970+0000][1][gc           ] GC(56) Concurrent Preclean 3.423ms
[2020-09-10T17:10:12.970+0000][1][gc,cpu       ] GC(56) User=0.00s Sys=0.00s Real=0.00s
[2020-09-10T17:10:12.970+0000][1][gc           ] GC(56) Concurrent Abortable Preclean
[2020-09-10T17:10:13.115+0000][1][safepoint    ] Safepoint "CollectForMetadataAllocation", Time since last: 163462251 ns, Reaching safepoint: 104566 ns, At safepoint: 148283 ns, Total: 252849 ns
[2020-09-10T17:10:13.395+0000][1][gc,start     ] GC(57) Pause Young (Allocation Failure)
[2020-09-10T17:10:13.395+0000][1][gc,task      ] GC(57) Using 1 workers of 1 for evacuation
[2020-09-10T17:10:13.429+0000][1][gc           ] GC(56) Concurrent Abortable Preclean 458.933ms
[2020-09-10T17:10:13.429+0000][1][gc,cpu       ] GC(56) User=0.11s Sys=0.00s Real=0.46s
[2020-09-10T17:10:13.537+0000][1][gc,age       ] GC(57) Desired survivor size 4358144 bytes, new threshold 6 (max threshold 6)
[2020-09-10T17:10:13.537+0000][1][gc,age       ] GC(57) Age table with threshold 6 (max threshold 6)
[2020-09-10T17:10:13.537+0000][1][gc,age       ] GC(57) - age   1:    1435680 bytes,    1435680 total
[2020-09-10T17:10:13.537+0000][1][gc,age       ] GC(57) - age   2:     336056 bytes,    1771736 total
[2020-09-10T17:10:13.537+0000][1][gc,age       ] GC(57) - age   3:     918912 bytes,    2690648 total
[2020-09-10T17:10:13.537+0000][1][gc,age       ] GC(57) - age   4:     297624 bytes,    2988272 total
[2020-09-10T17:10:13.537+0000][1][gc,age       ] GC(57) - age   5:     297232 bytes,    3285504 total
[2020-09-10T17:10:13.537+0000][1][gc,age       ] GC(57) - age   6:     372384 bytes,    3657888 total
[2020-09-10T17:10:13.537+0000][1][gc,heap      ] GC(57) ParNew: 70682K->3735K(76672K)
[2020-09-10T17:10:13.537+0000][1][gc,heap      ] GC(57) CMS: 48557K->48700K(2011968K)
[2020-09-10T17:10:13.537+0000][1][gc,metaspace ] GC(57) Metaspace: 35520K->35520K(1083392K)
[2020-09-10T17:10:13.537+0000][1][gc           ] GC(57) Pause Young (Allocation Failure) 116M->51M(2039M) 142.383ms
[2020-09-10T17:10:13.537+0000][1][gc,cpu       ] GC(57) User=0.03s Sys=0.00s Real=0.14s
[2020-09-10T17:10:13.543+0000][1][safepoint    ] Safepoint "GenCollectForAllocation", Time since last: 279749576 ns, Reaching safepoint: 113804 ns, At safepoint: 147895072 ns, Total: 148008876 ns
[2020-09-10T17:10:13.596+0000][1][gc,start     ] GC(56) Pause Remark
[2020-09-10T17:10:13.683+0000][1][gc           ] GC(56) Pause Remark 56M->56M(2039M) 87.134ms
[2020-09-10T17:10:13.683+0000][1][gc,cpu       ] GC(56) User=0.02s Sys=0.00s Real=0.09s
[2020-09-10T17:10:13.699+0000][1][safepoint    ] Safepoint "CMS_Final_Remark", Time since last: 36210188 ns, Reaching safepoint: 16869376 ns, At safepoint: 102896022 ns, Total: 119765398 ns
[2020-09-10T17:10:13.699+0000][1][gc           ] GC(56) Concurrent Sweep
[2020-09-10T17:10:13.814+0000][1][gc           ] GC(56) Concurrent Sweep 115.109ms
[2020-09-10T17:10:13.814+0000][1][gc,cpu       ] GC(56) User=0.03s Sys=0.00s Real=0.11s
[2020-09-10T17:10:13.814+0000][1][gc           ] GC(56) Concurrent Reset
[2020-09-10T17:10:13.853+0000][1][gc           ] GC(56) Concurrent Reset 39.389ms
[2020-09-10T17:10:13.853+0000][1][gc,cpu       ] GC(56) User=0.01s Sys=0.00s Real=0.04s
[2020-09-10T17:10:13.853+0000][1][gc,heap      ] GC(56) Old: 48557K->47624K(2011968K)
[2020-09-10T17:10:14.356+0000][1][gc,start     ] GC(58) Pause Young (Allocation Failure)
[2020-09-10T17:10:14.356+0000][1][gc,task      ] GC(58) Using 1 workers of 1 for evacuation
[2020-09-10T17:10:14.480+0000][1][gc,age       ] GC(58) Desired survivor size 4358144 bytes, new threshold 6 (max threshold 6)
[2020-09-10T17:10:14.480+0000][1][gc,age       ] GC(58) Age table with threshold 6 (max threshold 6)
[2020-09-10T17:10:14.480+0000][1][gc,age       ] GC(58) - age   1:      49464 bytes,      49464 total
[2020-09-10T17:10:14.480+0000][1][gc,age       ] GC(58) - age   2:    1406696 bytes,    1456160 total
[2020-09-10T17:10:14.480+0000][1][gc,age       ] GC(58) - age   3:     336056 bytes,    1792216 total
[2020-09-10T17:10:14.480+0000][1][gc,age       ] GC(58) - age   4:     918912 bytes,    2711128 total
[2020-09-10T17:10:14.480+0000][1][gc,age       ] GC(58) - age   5:     297624 bytes,    3008752 total
[2020-09-10T17:10:14.480+0000][1][gc,age       ] GC(58) - age   6:     297064 bytes,    3305816 total
[2020-09-10T17:10:14.480+0000][1][gc,heap      ] GC(58) ParNew: 71895K->4541K(76672K)
[2020-09-10T17:10:14.480+0000][1][gc,heap      ] GC(58) CMS: 47624K->47988K(2011968K)
[2020-09-10T17:10:14.480+0000][1][gc,metaspace ] GC(58) Metaspace: 35520K->35520K(1083392K)
[2020-09-10T17:10:14.480+0000][1][gc           ] GC(58) Pause Young (Allocation Failure) 116M->51M(2039M) 124.457ms
[2020-09-10T17:10:14.480+0000][1][gc,cpu       ] GC(58) User=0.03s Sys=0.00s Real=0.13s
[2020-09-10T17:10:14.503+0000][1][safepoint    ] Safepoint "GenCollectForAllocation", Time since last: 656512275 ns, Reaching safepoint: 396248 ns, At safepoint: 147126135 ns, Total: 147522383 ns
[2020-09-10T17:10:15.518+0000][1][safepoint    ] Safepoint "Cleanup", Time since last: 1013436353 ns, Reaching safepoint: 1691039 ns, At safepoint: 10607 ns, Total: 1701646 ns
[2020-09-10T17:10:16.287+0000][1][safepoint    ] Safepoint "RevokeBias", Time since last: 769461259 ns, Reaching safepoint: 128645 ns, At safepoint: 34053 ns, Total: 162698 ns
[2020-09-10T17:10:16.499+0000][1][safepoint    ] Safepoint "RevokeBias", Time since last: 208510937 ns, Reaching safepoint: 2766597 ns, At safepoint: 19044 ns, Total: 2785641 ns
[2020-09-10T17:10:17.503+0000][1][safepoint    ] Safepoint "Cleanup", Time since last: 1000653197 ns, Reaching safepoint: 3284048 ns, At safepoint: 8035 ns, Total: 3292083 ns
[2020-09-10T17:10:17.707+0000][1][safepoint    ] Safepoint "RevokeBias", Time since last: 204104763 ns, Reaching safepoint: 117663 ns, At safepoint: 59695 ns, Total: 177358 ns
[2020-09-10T17:10:17.723+0000][1][safepoint    ] Safepoint "Deoptimize", Time since last: 15711170 ns, Reaching safepoint: 106888 ns, At safepoint: 313848 ns, Total: 420736 ns
[2020-09-10T17:10:19.236+0000][1][safepoint    ] Safepoint "Cleanup", Time since last: 1512312589 ns, Reaching safepoint: 358944 ns, At safepoint: 7275 ns, Total: 366219 ns
[2020-09-10T17:10:19.759+0000][1][gc,start     ] GC(59) Pause Young (Allocation Failure)
[2020-09-10T17:10:19.759+0000][1][gc,task      ] GC(59) Using 1 workers of 1 for evacuation
[2020-09-10T17:10:19.856+0000][1][gc,age       ] GC(59) Desired survivor size 4358144 bytes, new threshold 4 (max threshold 6)
[2020-09-10T17:10:19.856+0000][1][gc,age       ] GC(59) Age table with threshold 4 (max threshold 6)
[2020-09-10T17:10:19.856+0000][1][gc,age       ] GC(59) - age   1:    2930392 bytes,    2930392 total
[2020-09-10T17:10:19.856+0000][1][gc,age       ] GC(59) - age   2:      49344 bytes,    2979736 total
[2020-09-10T17:10:19.856+0000][1][gc,age       ] GC(59) - age   3:    1361216 bytes,    4340952 total
[2020-09-10T17:10:19.856+0000][1][gc,age       ] GC(59) - age   4:     336056 bytes,    4677008 total
[2020-09-10T17:10:19.856+0000][1][gc,age       ] GC(59) - age   5:     918912 bytes,    5595920 total
[2020-09-10T17:10:19.856+0000][1][gc,age       ] GC(59) - age   6:     297624 bytes,    5893544 total
[2020-09-10T17:10:19.856+0000][1][gc,heap      ] GC(59) ParNew: 72701K->5977K(76672K)
[2020-09-10T17:10:19.856+0000][1][gc,heap      ] GC(59) CMS: 47988K->48278K(2011968K)
[2020-09-10T17:10:19.856+0000][1][gc,metaspace ] GC(59) Metaspace: 42885K->42885K(1089536K)
[2020-09-10T17:10:19.857+0000][1][gc           ] GC(59) Pause Young (Allocation Failure) 117M->52M(2039M) 97.676ms
[2020-09-10T17:10:19.857+0000][1][gc,cpu       ] GC(59) User=0.03s Sys=0.00s Real=0.09s
[2020-09-10T17:10:19.887+0000][1][safepoint    ] Safepoint "GenCollectForAllocation", Time since last: 522911727 ns, Reaching safepoint: 132826 ns, At safepoint: 127854956 ns, Total: 127987782 ns
[2020-09-10T17:10:20.909+0000][1][safepoint    ] Safepoint "Cleanup", Time since last: 1019970495 ns, Reaching safepoint: 2408657 ns, At safepoint: 12003 ns, Total: 2420660 ns
[2020-09-10T17:10:21.063+0000][1][safepoint    ] Safepoint "RevokeBias", Time since last: 153590419 ns, Reaching safepoint: 108411 ns, At safepoint: 8557 ns, Total: 116968 ns
[2020-09-10T17:10:22.075+0000][1][safepoint    ] Safepoint "Cleanup", Time since last: 1011882939 ns, Reaching safepoint: 123575 ns, At safepoint: 8890 ns, Total: 132465 ns
[2020-09-10T17:10:24.087+0000][1][safepoint    ] Safepoint "Cleanup", Time since last: 2011848366 ns, Reaching safepoint: 119825 ns, At safepoint: 6858 ns, Total: 126683 ns
[2020-09-10T17:10:25.087+0000][1][safepoint    ] Safepoint "Cleanup", Time since last: 1000127588 ns, Reaching safepoint: 124979 ns, At safepoint: 6410 ns, Total: 131389 ns
[2020-09-10T17:10:26.089+0000][1][safepoint    ] Safepoint "Cleanup", Time since last: 1002144942 ns, Reaching safepoint: 142447 ns, At safepoint: 6766 ns, Total: 149213 ns
[2020-09-10T17:10:26.159+0000][1][safepoint    ] Safepoint "RevokeBias", Time since last: 69468376 ns, Reaching safepoint: 41121 ns, At safepoint: 7410 ns, Total: 48531 ns
[2020-09-10T17:10:26.159+0000][1][safepoint    ] Safepoint "RevokeBias", Time since last: 67579 ns, Reaching safepoint: 10497 ns, At safepoint: 3719 ns, Total: 14216 ns
[2020-09-10T17:10:26.159+0000][1][safepoint    ] Safepoint "RevokeBias", Time since last: 298324 ns, Reaching safepoint: 13398 ns, At safepoint: 34589 ns, Total: 47987 ns
[2020-09-10T17:10:26.159+0000][1][safepoint    ] Safepoint "RevokeBias", Time since last: 73474 ns, Reaching safepoint: 13642 ns, At safepoint: 20717 ns, Total: 34359 ns
[2020-09-10T17:10:26.159+0000][1][safepoint    ] Safepoint "RevokeBias", Time since last: 31793 ns, Reaching safepoint: 10702 ns, At safepoint: 19203 ns, Total: 29905 ns
[2020-09-10T17:10:26.160+0000][1][safepoint    ] Safepoint "RevokeBias", Time since last: 50935 ns, Reaching safepoint: 10619 ns, At safepoint: 19013 ns, Total: 29632 ns
[2020-09-10T17:10:26.160+0000][1][safepoint    ] Safepoint "RevokeBias", Time since last: 28556 ns, Reaching safepoint: 10412 ns, At safepoint: 18706 ns, Total: 29118 ns
[2020-09-10T17:10:26.160+0000][1][safepoint    ] Safepoint "RevokeBias", Time since last: 28661 ns, Reaching safepoint: 10320 ns, At safepoint: 18665 ns, Total: 28985 ns
[2020-09-10T17:10:26.160+0000][1][safepoint    ] Safepoint "RevokeBias", Time since last: 28187 ns, Reaching safepoint: 10399 ns, At safepoint: 18580 ns, Total: 28979 ns
[2020-09-10T17:10:26.160+0000][1][safepoint    ] Safepoint "RevokeBias", Time since last: 28005 ns, Reaching safepoint: 10320 ns, At safepoint: 18741 ns, Total: 29061 ns
[2020-09-10T17:10:26.160+0000][1][safepoint    ] Safepoint "RevokeBias", Time since last: 30993 ns, Reaching safepoint: 10331 ns, At safepoint: 18765 ns, Total: 29096 ns
[2020-09-10T17:10:26.160+0000][1][safepoint    ] Safepoint "RevokeBias", Time since last: 27915 ns, Reaching safepoint: 10259 ns, At safepoint: 18419 ns, Total: 28678 ns
[2020-09-10T17:10:26.160+0000][1][safepoint    ] Safepoint "RevokeBias", Time since last: 27735 ns, Reaching safepoint: 10318 ns, At safepoint: 18729 ns, Total: 29047 ns
[2020-09-10T17:10:26.160+0000][1][safepoint    ] Safepoint "RevokeBias", Time since last: 27764 ns, Reaching safepoint: 10269 ns, At safepoint: 18337 ns, Total: 28606 ns
[2020-09-10T17:10:26.160+0000][1][safepoint    ] Safepoint "RevokeBias", Time since last: 27980 ns, Reaching safepoint: 10274 ns, At safepoint: 18413 ns, Total: 28687 ns
[2020-09-10T17:10:26.160+0000][1][safepoint    ] Safepoint "RevokeBias", Time since last: 28575 ns, Reaching safepoint: 10274 ns, At safepoint: 18603 ns, Total: 28877 ns
[2020-09-10T17:10:26.160+0000][1][safepoint    ] Safepoint "RevokeBias", Time since last: 27824 ns, Reaching safepoint: 10208 ns, At safepoint: 18380 ns, Total: 28588 ns
[2020-09-10T17:10:26.160+0000][1][safepoint    ] Safepoint "RevokeBias", Time since last: 27778 ns, Reaching safepoint: 10092 ns, At safepoint: 18287 ns, Total: 28379 ns
[2020-09-10T17:10:26.160+0000][1][safepoint    ] Safepoint "RevokeBias", Time since last: 27733 ns, Reaching safepoint: 10101 ns, At safepoint: 18341 ns, Total: 28442 ns
[2020-09-10T17:10:26.160+0000][1][safepoint    ] Safepoint "RevokeBias", Time since last: 27454 ns, Reaching safepoint: 10205 ns, At safepoint: 18315 ns, Total: 28520 ns
[2020-09-10T17:10:26.160+0000][1][safepoint    ] Safepoint "RevokeBias", Time since last: 29419 ns, Reaching safepoint: 10178 ns, At safepoint: 18336 ns, Total: 28514 ns
[2020-09-10T17:10:26.160+0000][1][safepoint    ] Safepoint "RevokeBias", Time since last: 27418 ns, Reaching safepoint: 10151 ns, At safepoint: 26392 ns, Total: 36543 ns
[2020-09-10T17:10:26.167+0000][1][safepoint    ] Safepoint "BulkRevokeBias", Time since last: 26394 ns, Reaching safepoint: 10148 ns, At safepoint: 6205574 ns, Total: 6215722 ns
[2020-09-10T17:10:26.167+0000][1][safepoint    ] Safepoint "RevokeBias", Time since last: 128436 ns, Reaching safepoint: 49236 ns, At safepoint: 46931 ns, Total: 96167 ns
[2020-09-10T17:10:26.167+0000][1][safepoint    ] Safepoint "RevokeBias", Time since last: 37870 ns, Reaching safepoint: 13561 ns, At safepoint: 26588 ns, Total: 40149 ns
[2020-09-10T17:10:26.167+0000][1][safepoint    ] Safepoint "RevokeBias", Time since last: 77585 ns, Reaching safepoint: 13354 ns, At safepoint: 26235 ns, Total: 39589 ns
[2020-09-10T17:10:26.167+0000][1][safepoint    ] Safepoint "RevokeBias", Time since last: 335400 ns, Reaching safepoint: 14360 ns, At safepoint: 29988 ns, Total: 44348 ns
[2020-09-10T17:10:26.187+0000][1][safepoint    ] Safepoint "RevokeBias", Time since last: 19551735 ns, Reaching safepoint: 106763 ns, At safepoint: 15387 ns, Total: 122150 ns
[2020-09-10T17:10:26.187+0000][1][safepoint    ] Safepoint "RevokeBias", Time since last: 67735 ns, Reaching safepoint: 79283 ns, At safepoint: 9121 ns, Total: 88404 ns
[2020-09-10T17:10:26.187+0000][1][safepoint    ] Safepoint "RevokeBias", Time since last: 49473 ns, Reaching safepoint: 78569 ns, At safepoint: 7997 ns, Total: 86566 ns
[2020-09-10T17:10:26.188+0000][1][safepoint    ] Safepoint "RevokeBias", Time since last: 33734 ns, Reaching safepoint: 77997 ns, At safepoint: 7886 ns, Total: 85883 ns
[2020-09-10T17:10:26.188+0000][1][safepoint    ] Safepoint "RevokeBias", Time since last: 40133 ns, Reaching safepoint: 79633 ns, At safepoint: 8012 ns, Total: 87645 ns
[2020-09-10T17:10:26.188+0000][1][safepoint    ] Safepoint "RevokeBias", Time since last: 31166 ns, Reaching safepoint: 77703 ns, At safepoint: 7717 ns, Total: 85420 ns
[2020-09-10T17:10:26.188+0000][1][safepoint    ] Safepoint "RevokeBias", Time since last: 30255 ns, Reaching safepoint: 77910 ns, At safepoint: 7795 ns, Total: 85705 ns
[2020-09-10T17:10:26.188+0000][1][safepoint    ] Safepoint "RevokeBias", Time since last: 29304 ns, Reaching safepoint: 78374 ns, At safepoint: 7729 ns, Total: 86103 ns
[2020-09-10T17:10:26.188+0000][1][safepoint    ] Safepoint "RevokeBias", Time since last: 29673 ns, Reaching safepoint: 78073 ns, At safepoint: 7729 ns, Total: 85802 ns
[2020-09-10T17:10:26.188+0000][1][safepoint    ] Safepoint "RevokeBias", Time since last: 29713 ns, Reaching safepoint: 77730 ns, At safepoint: 7696 ns, Total: 85426 ns
[2020-09-10T17:10:26.188+0000][1][safepoint    ] Safepoint "RevokeBias", Time since last: 29481 ns, Reaching safepoint: 78490 ns, At safepoint: 7838 ns, Total: 86328 ns
[2020-09-10T17:10:26.188+0000][1][safepoint    ] Safepoint "RevokeBias", Time since last: 28052 ns, Reaching safepoint: 8524 ns, At safepoint: 7063 ns, Total: 15587 ns
[2020-09-10T17:10:26.188+0000][1][safepoint    ] Safepoint "RevokeBias", Time since last: 25516 ns, Reaching safepoint: 8344 ns, At safepoint: 6971 ns, Total: 15315 ns
[2020-09-10T17:10:26.263+0000][1][safepoint    ] Safepoint "RevokeBias", Time since last: 74199959 ns, Reaching safepoint: 111433 ns, At safepoint: 38035 ns, Total: 149468 ns
[2020-09-10T17:10:26.290+0000][1][safepoint    ] Safepoint "RevokeBias", Time since last: 26654549 ns, Reaching safepoint: 106927 ns, At safepoint: 54529 ns, Total: 161456 ns
[2020-09-10T17:10:26.459+0000][1][gc,start     ] GC(60) Pause Young (Allocation Failure)
[2020-09-10T17:10:26.460+0000][1][gc,task      ] GC(60) Using 1 workers of 1 for evacuation
[2020-09-10T17:10:26.576+0000][1][gc,age       ] GC(60) Desired survivor size 4358144 bytes, new threshold 2 (max threshold 6)
[2020-09-10T17:10:26.576+0000][1][gc,age       ] GC(60) Age table with threshold 2 (max threshold 6)
[2020-09-10T17:10:26.576+0000][1][gc,age       ] GC(60) - age   1:    3608704 bytes,    3608704 total
[2020-09-10T17:10:26.576+0000][1][gc,age       ] GC(60) - age   2:    2853920 bytes,    6462624 total
[2020-09-10T17:10:26.576+0000][1][gc,age       ] GC(60) - age   3:      49344 bytes,    6511968 total
[2020-09-10T17:10:26.576+0000][1][gc,age       ] GC(60) - age   4:    1358104 bytes,    7870072 total
[2020-09-10T17:10:26.576+0000][1][gc,heap      ] GC(60) ParNew: 74137K->8512K(76672K)
[2020-09-10T17:10:26.576+0000][1][gc,heap      ] GC(60) CMS: 48278K->49794K(2011968K)
[2020-09-10T17:10:26.576+0000][1][gc,metaspace ] GC(60) Metaspace: 47962K->47962K(1093632K)
[2020-09-10T17:10:26.576+0000][1][gc           ] GC(60) Pause Young (Allocation Failure) 119M->56M(2039M) 116.331ms
[2020-09-10T17:10:26.576+0000][1][gc,cpu       ] GC(60) User=0.03s Sys=0.00s Real=0.11s
[2020-09-10T17:10:26.595+0000][1][safepoint    ] Safepoint "GenCollectForAllocation", Time since last: 169716236 ns, Reaching safepoint: 87480 ns, At safepoint: 135231043 ns, Total: 135318523 ns
[2020-09-10T17:10:26.756+0000][1][safepoint    ] Safepoint "RevokeBias", Time since last: 161303489 ns, Reaching safepoint: 103839 ns, At safepoint: 14852 ns, Total: 118691 ns
[2020-09-10T17:10:26.756+0000][1][safepoint    ] Safepoint "RevokeBias", Time since last: 59402 ns, Reaching safepoint: 79439 ns, At safepoint: 8809 ns, Total: 88248 ns
[2020-09-10T17:10:26.759+0000][1][safepoint    ] Safepoint "RevokeBias", Time since last: 2404559 ns, Reaching safepoint: 88066 ns, At safepoint: 12004 ns, Total: 100070 ns
[2020-09-10T17:10:26.759+0000][1][safepoint    ] Safepoint "RevokeBias", Time since last: 45892 ns, Reaching safepoint: 78401 ns, At safepoint: 8640 ns, Total: 87041 ns
[2020-09-10T17:10:26.759+0000][1][safepoint    ] Safepoint "RevokeBias", Time since last: 30879 ns, Reaching safepoint: 77636 ns, At safepoint: 7778 ns, Total: 85414 ns
[2020-09-10T17:10:27.299+0000][1][safepoint    ] Safepoint "RevokeBias", Time since last: 539172099 ns, Reaching safepoint: 396767 ns, At safepoint: 43537 ns, Total: 440304 ns
[2020-09-10T17:10:27.299+0000][1][safepoint    ] Safepoint "RevokeBias", Time since last: 205521 ns, Reaching safepoint: 85577 ns, At safepoint: 24078 ns, Total: 109655 ns
[2020-09-10T17:10:27.299+0000][1][safepoint    ] Safepoint "RevokeBias", Time since last: 41570 ns, Reaching safepoint: 80799 ns, At safepoint: 20785 ns, Total: 101584 ns
[2020-09-10T17:10:27.535+0000][1][safepoint    ] Safepoint "RevokeBias", Time since last: 235749712 ns, Reaching safepoint: 120335 ns, At safepoint: 34784 ns, Total: 155119 ns
[2020-09-10T17:10:27.535+0000][1][safepoint    ] Safepoint "RevokeBias", Time since last: 100363 ns, Reaching safepoint: 81883 ns, At safepoint: 19732 ns, Total: 101615 ns
[2020-09-10T17:10:27.535+0000][1][safepoint    ] Safepoint "RevokeBias", Time since last: 103183 ns, Reaching safepoint: 83495 ns, At safepoint: 22246 ns, Total: 105741 ns
[2020-09-10T17:10:27.536+0000][1][safepoint    ] Safepoint "RevokeBias", Time since last: 893381 ns, Reaching safepoint: 87385 ns, At safepoint: 22999 ns, Total: 110384 ns
[2020-09-10T17:10:27.540+0000][1][safepoint    ] Safepoint "RevokeBias", Time since last: 331506 ns, Reaching safepoint: 3015379 ns, At safepoint: 33352 ns, Total: 3048731 ns
[2020-09-10T17:10:27.557+0000][1][safepoint    ] Safepoint "RevokeBias", Time since last: 16658086 ns, Reaching safepoint: 174589 ns, At safepoint: 36758 ns, Total: 211347 ns
[2020-09-10T17:10:27.557+0000][1][safepoint    ] Safepoint "RevokeBias", Time since last: 109572 ns, Reaching safepoint: 83703 ns, At safepoint: 25806 ns, Total: 109509 ns
[2020-09-10T17:10:27.557+0000][1][safepoint    ] Safepoint "RevokeBias", Time since last: 147703 ns, Reaching safepoint: 86322 ns, At safepoint: 22759 ns, Total: 109081 ns
[2020-09-10T17:10:27.557+0000][1][safepoint    ] Safepoint "RevokeBias", Time since last: 39317 ns, Reaching safepoint: 82201 ns, At safepoint: 20106 ns, Total: 102307 ns
[2020-09-10T17:10:27.587+0000][1][safepoint    ] Safepoint "RevokeBias", Time since last: 29408908 ns, Reaching safepoint: 296844 ns, At safepoint: 26465 ns, Total: 323309 ns
[2020-09-10T17:10:27.587+0000][1][safepoint    ] Safepoint "RevokeBias", Time since last: 154625 ns, Reaching safepoint: 84269 ns, At safepoint: 17389 ns, Total: 101658 ns
[2020-09-10T17:10:27.587+0000][1][safepoint    ] Safepoint "RevokeBias", Time since last: 33439 ns, Reaching safepoint: 79895 ns, At safepoint: 15431 ns, Total: 95326 ns
[2020-09-10T17:10:27.588+0000][1][safepoint    ] Safepoint "RevokeBias", Time since last: 29987 ns, Reaching safepoint: 79565 ns, At safepoint: 15485 ns, Total: 95050 ns
[2020-09-10T17:10:27.588+0000][1][safepoint    ] Safepoint "RevokeBias", Time since last: 29299 ns, Reaching safepoint: 79867 ns, At safepoint: 17843 ns, Total: 97710 ns
[2020-09-10T17:10:27.588+0000][1][safepoint    ] Safepoint "RevokeBias", Time since last: 39175 ns, Reaching safepoint: 80055 ns, At safepoint: 17097 ns, Total: 97152 ns
[2020-09-10T17:10:27.588+0000][1][safepoint    ] Safepoint "RevokeBias", Time since last: 28490 ns, Reaching safepoint: 79082 ns, At safepoint: 16084 ns, Total: 95166 ns
[2020-09-10T17:10:27.588+0000][1][safepoint    ] Safepoint "BulkRevokeBias", Time since last: 30746 ns, Reaching safepoint: 80599 ns, At safepoint: 69163 ns, Total: 149762 ns
[2020-09-10T17:10:27.588+0000][1][safepoint    ] Safepoint "RevokeBias", Time since last: 98951 ns, Reaching safepoint: 83050 ns, At safepoint: 21717 ns, Total: 104767 ns
[2020-09-10T17:10:27.595+0000][1][safepoint    ] Safepoint "RevokeBias", Time since last: 6494831 ns, Reaching safepoint: 146166 ns, At safepoint: 40755 ns, Total: 186921 ns
[2020-09-10T17:10:27.595+0000][1][safepoint    ] Safepoint "RevokeBias", Time since last: 179599 ns, Reaching safepoint: 85178 ns, At safepoint: 26737 ns, Total: 111915 ns
[2020-09-10T17:10:27.595+0000][1][safepoint    ] Safepoint "RevokeBias", Time since last: 48010 ns, Reaching safepoint: 81462 ns, At safepoint: 24201 ns, Total: 105663 ns
[2020-09-10T17:10:27.596+0000][1][safepoint    ] Safepoint "RevokeBias", Time since last: 58776 ns, Reaching safepoint: 83831 ns, At safepoint: 24325 ns, Total: 108156 ns
[2020-09-10T17:10:27.596+0000][1][safepoint    ] Safepoint "RevokeBias", Time since last: 41361 ns, Reaching safepoint: 83069 ns, At safepoint: 24397 ns, Total: 107466 ns
[2020-09-10T17:10:27.596+0000][1][safepoint    ] Safepoint "RevokeBias", Time since last: 115126 ns, Reaching safepoint: 82048 ns, At safepoint: 24481 ns, Total: 106529 ns
[2020-09-10T17:10:27.596+0000][1][safepoint    ] Safepoint "RevokeBias", Time since last: 228724 ns, Reaching safepoint: 84503 ns, At safepoint: 24596 ns, Total: 109099 ns
[2020-09-10T17:10:27.596+0000][1][safepoint    ] Safepoint "RevokeBias", Time since last: 65377 ns, Reaching safepoint: 82914 ns, At safepoint: 23893 ns, Total: 106807 ns
[2020-09-10T17:10:27.597+0000][1][safepoint    ] Safepoint "RevokeBias", Time since last: 126922 ns, Reaching safepoint: 90404 ns, At safepoint: 34122 ns, Total: 124526 ns
[2020-09-10T17:10:27.597+0000][1][safepoint    ] Safepoint "RevokeBias", Time since last: 45209 ns, Reaching safepoint: 80688 ns, At safepoint: 22263 ns, Total: 102951 ns
[2020-09-10T17:10:27.597+0000][1][safepoint    ] Safepoint "RevokeBias", Time since last: 27945 ns, Reaching safepoint: 79886 ns, At safepoint: 21209 ns, Total: 101095 ns
[2020-09-10T17:10:27.599+0000][1][safepoint    ] Safepoint "RevokeBias", Time since last: 1703763 ns, Reaching safepoint: 96449 ns, At safepoint: 32920 ns, Total: 129369 ns
[2020-09-10T17:10:27.599+0000][1][safepoint    ] Safepoint "RevokeBias", Time since last: 256786 ns, Reaching safepoint: 82862 ns, At safepoint: 24050 ns, Total: 106912 ns
[2020-09-10T17:10:27.599+0000][1][safepoint    ] Safepoint "RevokeBias", Time since last: 118103 ns, Reaching safepoint: 82100 ns, At safepoint: 20196 ns, Total: 102296 ns
[2020-09-10T17:10:27.600+0000][1][safepoint    ] Safepoint "RevokeBias", Time since last: 104776 ns, Reaching safepoint: 81088 ns, At safepoint: 19999 ns, Total: 101087 ns
[2020-09-10T17:10:27.600+0000][1][safepoint    ] Safepoint "RevokeBias", Time since last: 331881 ns, Reaching safepoint: 82625 ns, At safepoint: 21240 ns, Total: 103865 ns
[2020-09-10T17:10:27.608+0000][1][safepoint    ] Safepoint "RevokeBias", Time since last: 7937684 ns, Reaching safepoint: 109275 ns, At safepoint: 34987 ns, Total: 144262 ns
[2020-09-10T17:10:27.608+0000][1][safepoint    ] Safepoint "BulkRevokeBias", Time since last: 300063 ns, Reaching safepoint: 13293 ns, At safepoint: 52966 ns, Total: 66259 ns
[2020-09-10T17:10:27.642+0000][1][safepoint    ] Safepoint "RevokeBias", Time since last: 19411452 ns, Reaching safepoint: 14051492 ns, At safepoint: 39514 ns, Total: 14091006 ns
[2020-09-10T17:10:27.645+0000][1][safepoint    ] Safepoint "RevokeBias", Time since last: 2430008 ns, Reaching safepoint: 153333 ns, At safepoint: 28076 ns, Total: 181409 ns
[2020-09-10T17:10:27.646+0000][1][safepoint    ] Safepoint "RevokeBias", Time since last: 864689 ns, Reaching safepoint: 83951 ns, At safepoint: 20299 ns, Total: 104250 ns
[2020-09-10T17:10:27.652+0000][1][safepoint    ] Safepoint "RevokeBias", Time since last: 6255332 ns, Reaching safepoint: 262125 ns, At safepoint: 39617 ns, Total: 301742 ns
[2020-09-10T17:10:27.652+0000][1][safepoint    ] Safepoint "RevokeBias", Time since last: 69107 ns, Reaching safepoint: 86122 ns, At safepoint: 26204 ns, Total: 112326 ns
[2020-09-10T17:10:27.770+0000][1][safepoint    ] Safepoint "RevokeBias", Time since last: 117623371 ns, Reaching safepoint: 113154 ns, At safepoint: 14688 ns, Total: 127842 ns
[2020-09-10T17:10:28.181+0000][1][safepoint    ] Safepoint "BulkRevokeBias", Time since last: 410838922 ns, Reaching safepoint: 126899 ns, At safepoint: 83957 ns, Total: 210856 ns
[2020-09-10T17:10:29.235+0000][1][gc,start     ] GC(61) Pause Young (Allocation Failure)
[2020-09-10T17:10:29.235+0000][1][gc,task      ] GC(61) Using 1 workers of 1 for evacuation
[2020-09-10T17:10:29.516+0000][1][gc,age       ] GC(61) Desired survivor size 4358144 bytes, new threshold 2 (max threshold 6)
[2020-09-10T17:10:29.516+0000][1][gc,age       ] GC(61) Age table with threshold 2 (max threshold 6)
[2020-09-10T17:10:29.516+0000][1][gc,age       ] GC(61) - age   1:    1232880 bytes,    1232880 total
[2020-09-10T17:10:29.516+0000][1][gc,age       ] GC(61) - age   2:    3548664 bytes,    4781544 total
[2020-09-10T17:10:29.516+0000][1][gc,heap      ] GC(61) ParNew: 76672K->7030K(76672K)
[2020-09-10T17:10:29.516+0000][1][gc,heap      ] GC(61) CMS: 49794K->54053K(2011968K)
[2020-09-10T17:10:29.516+0000][1][gc,metaspace ] GC(61) Metaspace: 52965K->52965K(1097728K)
[2020-09-10T17:10:29.516+0000][1][gc           ] GC(61) Pause Young (Allocation Failure) 123M->59M(2039M) 280.652ms
[2020-09-10T17:10:29.516+0000][1][gc,cpu       ] GC(61) User=0.09s Sys=0.01s Real=0.28s
[2020-09-10T17:10:29.535+0000][1][safepoint    ] Safepoint "GenCollectForAllocation", Time since last: 1053568569 ns, Reaching safepoint: 410967 ns, At safepoint: 299594033 ns, Total: 300005000 ns
[2020-09-10T17:10:30.552+0000][1][safepoint    ] Safepoint "Cleanup", Time since last: 1016058143 ns, Reaching safepoint: 1060576 ns, At safepoint: 6719 ns, Total: 1067295 ns
[2020-09-10T17:10:31.552+0000][1][safepoint    ] Safepoint "Cleanup", Time since last: 1000114439 ns, Reaching safepoint: 433259 ns, At safepoint: 9080 ns, Total: 442339 ns
[2020-09-10T17:10:32.455+0000][1][safepoint    ] Safepoint "CollectForMetadataAllocation", Time since last: 898310932 ns, Reaching safepoint: 4569543 ns, At safepoint: 143321 ns, Total: 4712864 ns
[2020-09-10T17:10:32.639+0000][1][safepoint    ] Safepoint "CollectForMetadataAllocation", Time since last: 183281953 ns, Reaching safepoint: 119424 ns, At safepoint: 135468 ns, Total: 254892 ns
[2020-09-10T17:10:32.878+0000][1][safepoint    ] Safepoint "CollectForMetadataAllocation", Time since last: 238537844 ns, Reaching safepoint: 114201 ns, At safepoint: 107561 ns, Total: 221762 ns
[2020-09-10T17:10:33.000+0000][1][safepoint    ] Safepoint "CollectForMetadataAllocation", Time since last: 120998462 ns, Reaching safepoint: 913145 ns, At safepoint: 114048 ns, Total: 1027193 ns
[2020-09-10T17:10:33.157+0000][1][safepoint    ] Safepoint "CollectForMetadataAllocation", Time since last: 157424769 ns, Reaching safepoint: 101655 ns, At safepoint: 110778 ns, Total: 212433 ns
[2020-09-10T17:10:33.223+0000][1][gc,start     ] GC(62) Pause Young (Allocation Failure)
[2020-09-10T17:10:33.223+0000][1][gc,task      ] GC(62) Using 1 workers of 1 for evacuation
[2020-09-10T17:10:33.432+0000][1][gc,age       ] GC(62) Desired survivor size 4358144 bytes, new threshold 6 (max threshold 6)
[2020-09-10T17:10:33.432+0000][1][gc,age       ] GC(62) Age table with threshold 6 (max threshold 6)
[2020-09-10T17:10:33.432+0000][1][gc,age       ] GC(62) - age   1:    1738320 bytes,    1738320 total
[2020-09-10T17:10:33.432+0000][1][gc,age       ] GC(62) - age   2:    1180488 bytes,    2918808 total
[2020-09-10T17:10:33.432+0000][1][gc,heap      ] GC(62) ParNew: 75190K->5259K(76672K)
[2020-09-10T17:10:33.432+0000][1][gc,heap      ] GC(62) CMS: 54053K->57624K(2011968K)
[2020-09-10T17:10:33.432+0000][1][gc,metaspace ] GC(62) Metaspace: 60533K->60533K(1105920K)
[2020-09-10T17:10:33.432+0000][1][gc           ] GC(62) Pause Young (Allocation Failure) 126M->61M(2039M) 208.755ms
[2020-09-10T17:10:33.432+0000][1][gc,cpu       ] GC(62) User=0.07s Sys=0.00s Real=0.21s
[2020-09-10T17:10:33.447+0000][1][safepoint    ] Safepoint "GenCollectForAllocation", Time since last: 65463177 ns, Reaching safepoint: 117992 ns, At safepoint: 223773399 ns, Total: 223891391 ns
[2020-09-10T17:10:33.463+0000][1][gc,start     ] GC(63) Pause Initial Mark
[2020-09-10T17:10:33.483+0000][1][gc           ] GC(63) Pause Initial Mark 62M->62M(2039M) 19.598ms
[2020-09-10T17:10:33.483+0000][1][gc,cpu       ] GC(63) User=0.01s Sys=0.00s Real=0.02s
[2020-09-10T17:10:33.495+0000][1][safepoint    ] Safepoint "CMS_Initial_Mark", Time since last: 15979227 ns, Reaching safepoint: 518495 ns, At safepoint: 31447668 ns, Total: 31966163 ns
[2020-09-10T17:10:33.495+0000][1][gc           ] GC(63) Concurrent Mark
[2020-09-10T17:10:33.519+0000][1][safepoint    ] Safepoint "CollectForMetadataAllocation", Time since last: 24026284 ns, Reaching safepoint: 579465 ns, At safepoint: 119227 ns, Total: 698692 ns
[2020-09-10T17:10:33.783+0000][1][safepoint    ] Safepoint "CollectForMetadataAllocation", Time since last: 251317331 ns, Reaching safepoint: 12034472 ns, At safepoint: 152119 ns, Total: 12186591 ns
[2020-09-10T17:10:34.046+0000][1][gc           ] GC(63) Concurrent Mark 551.375ms
[2020-09-10T17:10:34.046+0000][1][gc,cpu       ] GC(63) User=0.18s Sys=0.01s Real=0.55s
[2020-09-10T17:10:34.046+0000][1][gc           ] GC(63) Concurrent Preclean
[2020-09-10T17:10:34.089+0000][1][gc           ] GC(63) Concurrent Preclean 43.117ms
[2020-09-10T17:10:34.089+0000][1][gc,cpu       ] GC(63) User=0.01s Sys=0.00s Real=0.05s
[2020-09-10T17:10:34.089+0000][1][gc           ] GC(63) Concurrent Abortable Preclean
[2020-09-10T17:10:34.177+0000][1][safepoint    ] Safepoint "CollectForMetadataAllocation", Time since last: 392897565 ns, Reaching safepoint: 1599795 ns, At safepoint: 114152 ns, Total: 1713947 ns
[2020-09-10T17:10:34.638+0000][1][safepoint    ] Safepoint "CollectForMetadataAllocation", Time since last: 450310060 ns, Reaching safepoint: 10115515 ns, At safepoint: 114873 ns, Total: 10230388 ns
[2020-09-10T17:10:34.999+0000][1][safepoint    ] Safepoint "CollectForMetadataAllocation", Time since last: 360759287 ns, Reaching safepoint: 77899 ns, At safepoint: 129234 ns, Total: 207133 ns
[2020-09-10T17:10:35.315+0000][1][safepoint    ] Safepoint "CollectForMetadataAllocation", Time since last: 316241079 ns, Reaching safepoint: 74164 ns, At safepoint: 105162 ns, Total: 179326 ns
[2020-09-10T17:10:35.780+0000][1][safepoint    ] Safepoint "CollectForMetadataAllocation", Time since last: 451257019 ns, Reaching safepoint: 13630482 ns, At safepoint: 122993 ns, Total: 13753475 ns
[2020-09-10T17:10:36.011+0000][1][safepoint    ] Safepoint "Deoptimize", Time since last: 230278391 ns, Reaching safepoint: 109332 ns, At safepoint: 304535 ns, Total: 413867 ns
[2020-09-10T17:10:36.246+0000][1][safepoint    ] Safepoint "CollectForMetadataAllocation", Time since last: 223598811 ns, Reaching safepoint: 10939170 ns, At safepoint: 72663 ns, Total: 11011833 ns
[2020-09-10T17:10:36.703+0000][1][safepoint    ] Safepoint "CollectForMetadataAllocation", Time since last: 456953661 ns, Reaching safepoint: 127859 ns, At safepoint: 87004 ns, Total: 214863 ns
[2020-09-10T17:10:36.790+0000][1][safepoint    ] Safepoint "RevokeBias", Time since last: 48269826 ns, Reaching safepoint: 38384788 ns, At safepoint: 46606 ns, Total: 38431394 ns
[2020-09-10T17:10:36.791+0000][1][safepoint    ] Safepoint "RevokeBias", Time since last: 1206275 ns, Reaching safepoint: 106485 ns, At safepoint: 40252 ns, Total: 146737 ns
[2020-09-10T17:10:36.791+0000][1][safepoint    ] Safepoint "RevokeBias", Time since last: 42182 ns, Reaching safepoint: 83224 ns, At safepoint: 22983 ns, Total: 106207 ns
[2020-09-10T17:10:36.791+0000][1][safepoint    ] Safepoint "RevokeBias", Time since last: 154336 ns, Reaching safepoint: 84268 ns, At safepoint: 24859 ns, Total: 109127 ns
[2020-09-10T17:10:37.037+0000][1][safepoint    ] Safepoint "CollectForMetadataAllocation", Time since last: 245344951 ns, Reaching safepoint: 121421 ns, At safepoint: 143638 ns, Total: 265059 ns
[2020-09-10T17:10:37.431+0000][1][safepoint    ] Safepoint "CollectForMetadataAllocation", Time since last: 385704825 ns, Reaching safepoint: 8036797 ns, At safepoint: 135992 ns, Total: 8172789 ns
[2020-09-10T17:10:37.679+0000][1][safepoint    ] Safepoint "CollectForMetadataAllocation", Time since last: 239362177 ns, Reaching safepoint: 8570085 ns, At safepoint: 95083 ns, Total: 8665168 ns
[2020-09-10T17:10:37.917+0000][1][safepoint    ] Safepoint "CollectForMetadataAllocation", Time since last: 234174463 ns, Reaching safepoint: 3746234 ns, At safepoint: 111780 ns, Total: 3858014 ns
[2020-09-10T17:10:38.099+0000][1][safepoint    ] Safepoint "CollectForMetadataAllocation", Time since last: 181780500 ns, Reaching safepoint: 128457 ns, At safepoint: 134794 ns, Total: 263251 ns
[2020-09-10T17:10:38.239+0000][1][safepoint    ] Safepoint "CollectForMetadataAllocation", Time since last: 135718997 ns, Reaching safepoint: 4016193 ns, At safepoint: 144347 ns, Total: 4160540 ns
[2020-09-10T17:10:38.392+0000][1][safepoint    ] Safepoint "RevokeBias", Time since last: 152849573 ns, Reaching safepoint: 53058 ns, At safepoint: 10435 ns, Total: 63493 ns
[2020-09-10T17:10:38.392+0000][1][safepoint    ] Safepoint "RevokeBias", Time since last: 281520 ns, Reaching safepoint: 15794 ns, At safepoint: 9208 ns, Total: 25002 ns
[2020-09-10T17:10:38.555+0000][1][safepoint    ] Safepoint "CollectForMetadataAllocation", Time since last: 160452935 ns, Reaching safepoint: 2180650 ns, At safepoint: 113182 ns, Total: 2293832 ns
[2020-09-10T17:10:38.783+0000][1][safepoint    ] Safepoint "CollectForMetadataAllocation", Time since last: 228077726 ns, Reaching safepoint: 45751 ns, At safepoint: 106392 ns, Total: 152143 ns
[2020-09-10T17:10:39.059+0000][1][safepoint    ] Safepoint "CollectForMetadataAllocation", Time since last: 275899743 ns, Reaching safepoint: 133345 ns, At safepoint: 114062 ns, Total: 247407 ns
[2020-09-10T17:10:39.171+0000][1][gc,start     ] GC(64) Pause Young (Allocation Failure)
[2020-09-10T17:10:39.171+0000][1][gc,task      ] GC(64) Using 1 workers of 1 for evacuation
[2020-09-10T17:10:39.182+0000][1][gc           ] GC(63) Concurrent Abortable Preclean 5092.710ms
[2020-09-10T17:10:39.182+0000][1][gc,cpu       ] GC(63) User=1.80s Sys=0.02s Real=5.09s
[2020-09-10T17:10:39.261+0000][1][gc,age       ] GC(64) Desired survivor size 4358144 bytes, new threshold 2 (max threshold 6)
[2020-09-10T17:10:39.261+0000][1][gc,age       ] GC(64) Age table with threshold 2 (max threshold 6)
[2020-09-10T17:10:39.261+0000][1][gc,age       ] GC(64) - age   1:    3329280 bytes,    3329280 total
[2020-09-10T17:10:39.261+0000][1][gc,age       ] GC(64) - age   2:    1575752 bytes,    4905032 total
[2020-09-10T17:10:39.261+0000][1][gc,age       ] GC(64) - age   3:    1149264 bytes,    6054296 total
[2020-09-10T17:10:39.261+0000][1][gc,heap      ] GC(64) ParNew: 73419K->7151K(76672K)
[2020-09-10T17:10:39.261+0000][1][gc,heap      ] GC(64) CMS: 57624K->57624K(2011968K)
[2020-09-10T17:10:39.261+0000][1][gc,metaspace ] GC(64) Metaspace: 66110K->66110K(1110016K)
[2020-09-10T17:10:39.261+0000][1][gc           ] GC(64) Pause Young (Allocation Failure) 127M->63M(2039M) 89.997ms
[2020-09-10T17:10:39.261+0000][1][gc,cpu       ] GC(64) User=0.03s Sys=0.00s Real=0.09s
[2020-09-10T17:10:39.283+0000][1][safepoint    ] Safepoint "GenCollectForAllocation", Time since last: 111556713 ns, Reaching safepoint: 163680 ns, At safepoint: 111881107 ns, Total: 112044787 ns
[2020-09-10T17:10:39.307+0000][1][gc,start     ] GC(63) Pause Remark
[2020-09-10T17:10:39.393+0000][1][gc           ] GC(63) Pause Remark 64M->64M(2039M) 85.700ms
[2020-09-10T17:10:39.393+0000][1][gc,cpu       ] GC(63) User=0.04s Sys=0.00s Real=0.08s
[2020-09-10T17:10:39.420+0000][1][safepoint    ] Safepoint "CMS_Final_Remark", Time since last: 24240139 ns, Reaching safepoint: 78622 ns, At safepoint: 113375978 ns, Total: 113454600 ns
[2020-09-10T17:10:39.429+0000][1][gc           ] GC(63) Concurrent Sweep
[2020-09-10T17:10:39.466+0000][1][safepoint    ] Safepoint "CollectForMetadataAllocation", Time since last: 44388537 ns, Reaching safepoint: 679621 ns, At safepoint: 122224 ns, Total: 801845 ns
[2020-09-10T17:10:39.514+0000][1][gc           ] GC(63) Concurrent Sweep 85.184ms
[2020-09-10T17:10:39.514+0000][1][gc,cpu       ] GC(63) User=0.03s Sys=0.00s Real=0.08s
[2020-09-10T17:10:39.514+0000][1][gc           ] GC(63) Concurrent Reset
[2020-09-10T17:10:39.558+0000][1][gc           ] GC(63) Concurrent Reset 43.986ms
[2020-09-10T17:10:39.558+0000][1][gc,cpu       ] GC(63) User=0.01s Sys=0.00s Real=0.04s
[2020-09-10T17:10:39.558+0000][1][gc,heap      ] GC(63) Old: 57624K->56649K(2011968K)
[2020-09-10T17:10:40.119+0000][1][safepoint    ] Safepoint "Deoptimize", Time since last: 651376970 ns, Reaching safepoint: 1653138 ns, At safepoint: 324704 ns, Total: 1977842 ns
[2020-09-10T17:10:40.167+0000][1][safepoint    ] Safepoint "Deoptimize", Time since last: 47669355 ns, Reaching safepoint: 63267 ns, At safepoint: 317213 ns, Total: 380480 ns
[2020-09-10T17:10:40.448+0000][1][safepoint    ] Safepoint "RevokeBias", Time since last: 280870186 ns, Reaching safepoint: 115701 ns, At safepoint: 23682 ns, Total: 139383 ns
[2020-09-10T17:10:40.448+0000][1][safepoint    ] Safepoint "RevokeBias", Time since last: 368820 ns, Reaching safepoint: 11501 ns, At safepoint: 16681 ns, Total: 28182 ns
[2020-09-10T17:10:40.449+0000][1][safepoint    ] Safepoint "RevokeBias", Time since last: 633871 ns, Reaching safepoint: 81459 ns, At safepoint: 16256 ns, Total: 97715 ns
[2020-09-10T17:10:40.450+0000][1][safepoint    ] Safepoint "RevokeBias", Time since last: 426212 ns, Reaching safepoint: 85696 ns, At safepoint: 16902 ns, Total: 102598 ns
[2020-09-10T17:10:40.450+0000][1][safepoint    ] Safepoint "RevokeBias", Time since last: 41611 ns, Reaching safepoint: 80898 ns, At safepoint: 15321 ns, Total: 96219 ns
[2020-09-10T17:10:40.450+0000][1][safepoint    ] Safepoint "RevokeBias", Time since last: 69886 ns, Reaching safepoint: 83620 ns, At safepoint: 24883 ns, Total: 108503 ns
[2020-09-10T17:10:40.450+0000][1][safepoint    ] Safepoint "RevokeBias", Time since last: 203890 ns, Reaching safepoint: 79852 ns, At safepoint: 15701 ns, Total: 95553 ns
[2020-09-10T17:10:40.451+0000][1][safepoint    ] Safepoint "RevokeBias", Time since last: 142764 ns, Reaching safepoint: 81226 ns, At safepoint: 15581 ns, Total: 96807 ns
[2020-09-10T17:10:40.459+0000][1][safepoint    ] Safepoint "RevokeBias", Time since last: 8073574 ns, Reaching safepoint: 114195 ns, At safepoint: 30986 ns, Total: 145181 ns
[2020-09-10T17:10:40.460+0000][1][safepoint    ] Safepoint "RevokeBias", Time since last: 721065 ns, Reaching safepoint: 82549 ns, At safepoint: 20373 ns, Total: 102922 ns
[2020-09-10T17:10:40.460+0000][1][safepoint    ] Safepoint "RevokeBias", Time since last: 86393 ns, Reaching safepoint: 81252 ns, At safepoint: 17127 ns, Total: 98379 ns
[2020-09-10T17:10:40.467+0000][1][safepoint    ] Safepoint "RevokeBias", Time since last: 6835333 ns, Reaching safepoint: 101501 ns, At safepoint: 27896 ns, Total: 129397 ns
[2020-09-10T17:10:40.467+0000][1][safepoint    ] Safepoint "RevokeBias", Time since last: 111900 ns, Reaching safepoint: 12584 ns, At safepoint: 16919 ns, Total: 29503 ns
[2020-09-10T17:10:40.475+0000][1][safepoint    ] Safepoint "Deoptimize", Time since last: 7751537 ns, Reaching safepoint: 104811 ns, At safepoint: 321343 ns, Total: 426154 ns
[2020-09-10T17:10:40.484+0000][1][safepoint    ] Safepoint "RevokeBias", Time since last: 8108298 ns, Reaching safepoint: 502086 ns, At safepoint: 35017 ns, Total: 537103 ns
[2020-09-10T17:10:40.487+0000][1][safepoint    ] Safepoint "RevokeBias", Time since last: 3324123 ns, Reaching safepoint: 97276 ns, At safepoint: 28231 ns, Total: 125507 ns
[2020-09-10T17:10:40.488+0000][1][safepoint    ] Safepoint "Deoptimize", Time since last: 296269 ns, Reaching safepoint: 82354 ns, At safepoint: 302134 ns, Total: 384488 ns
[2020-09-10T17:10:40.763+0000][1][safepoint    ] Safepoint "RevokeBias", Time since last: 275190293 ns, Reaching safepoint: 59702 ns, At safepoint: 22416 ns, Total: 82118 ns
[2020-09-10T17:10:40.763+0000][1][safepoint    ] Safepoint "RevokeBias", Time since last: 69693 ns, Reaching safepoint: 9657 ns, At safepoint: 13997 ns, Total: 23654 ns
[2020-09-10T17:10:40.763+0000][1][safepoint    ] Safepoint "RevokeBias", Time since last: 35108 ns, Reaching safepoint: 9069 ns, At safepoint: 12556 ns, Total: 21625 ns
[2020-09-10T17:10:40.763+0000][1][safepoint    ] Safepoint "RevokeBias", Time since last: 47741 ns, Reaching safepoint: 9045 ns, At safepoint: 12432 ns, Total: 21477 ns
[2020-09-10T17:10:40.763+0000][1][safepoint    ] Safepoint "RevokeBias", Time since last: 34016 ns, Reaching safepoint: 8867 ns, At safepoint: 12299 ns, Total: 21166 ns
[2020-09-10T17:10:40.763+0000][1][safepoint    ] Safepoint "RevokeBias", Time since last: 35515 ns, Reaching safepoint: 8875 ns, At safepoint: 12335 ns, Total: 21210 ns
[2020-09-10T17:10:40.764+0000][1][safepoint    ] Safepoint "RevokeBias", Time since last: 34380 ns, Reaching safepoint: 8844 ns, At safepoint: 12249 ns, Total: 21093 ns
[2020-09-10T17:10:40.764+0000][1][safepoint    ] Safepoint "RevokeBias", Time since last: 33964 ns, Reaching safepoint: 8745 ns, At safepoint: 12234 ns, Total: 20979 ns
[2020-09-10T17:10:41.483+0000][1][safepoint    ] Safepoint "Deoptimize", Time since last: 719078412 ns, Reaching safepoint: 148607 ns, At safepoint: 321432 ns, Total: 470039 ns
[2020-09-10T17:10:42.043+0000][1][safepoint    ] Safepoint "RevokeBias", Time since last: 559740989 ns, Reaching safepoint: 134297 ns, At safepoint: 44010 ns, Total: 178307 ns
[2020-09-10T17:10:42.054+0000][1][safepoint    ] Safepoint "RevokeBias", Time since last: 10871267 ns, Reaching safepoint: 122929 ns, At safepoint: 33067 ns, Total: 155996 ns
[2020-09-10T17:10:42.055+0000][1][safepoint    ] Safepoint "RevokeBias", Time since last: 185553 ns, Reaching safepoint: 394664 ns, At safepoint: 17584 ns, Total: 412248 ns
[2020-09-10T17:10:42.068+0000][1][safepoint    ] Safepoint "RevokeBias", Time since last: 12853144 ns, Reaching safepoint: 130687 ns, At safepoint: 22815 ns, Total: 153502 ns
[2020-09-10T17:10:42.068+0000][1][safepoint    ] Safepoint "RevokeBias", Time since last: 194274 ns, Reaching safepoint: 87802 ns, At safepoint: 16066 ns, Total: 103868 ns
[2020-09-10T17:10:42.071+0000][1][safepoint    ] Safepoint "RevokeBias", Time since last: 1523445 ns, Reaching safepoint: 1186411 ns, At safepoint: 30218 ns, Total: 1216629 ns
[2020-09-10T17:10:42.073+0000][1][safepoint    ] Safepoint "RevokeBias", Time since last: 257998 ns, Reaching safepoint: 1997059 ns, At safepoint: 20691 ns, Total: 2017750 ns
[2020-09-10T17:10:42.075+0000][1][safepoint    ] Safepoint "RevokeBias", Time since last: 51379 ns, Reaching safepoint: 1642975 ns, At safepoint: 29839 ns, Total: 1672814 ns
[2020-09-10T17:10:42.075+0000][1][safepoint    ] Safepoint "RevokeBias", Time since last: 106279 ns, Reaching safepoint: 92150 ns, At safepoint: 16464 ns, Total: 108614 ns
[2020-09-10T17:10:42.076+0000][1][safepoint    ] Safepoint "RevokeBias", Time since last: 518346 ns, Reaching safepoint: 89928 ns, At safepoint: 22748 ns, Total: 112676 ns
[2020-09-10T17:10:42.076+0000][1][safepoint    ] Safepoint "RevokeBias", Time since last: 155810 ns, Reaching safepoint: 89073 ns, At safepoint: 15519 ns, Total: 104592 ns
[2020-09-10T17:10:42.079+0000][1][safepoint    ] Safepoint "RevokeBias", Time since last: 921207 ns, Reaching safepoint: 1929627 ns, At safepoint: 20653 ns, Total: 1950280 ns
[2020-09-10T17:10:42.085+0000][1][safepoint    ] Safepoint "RevokeBias", Time since last: 1502548 ns, Reaching safepoint: 4561807 ns, At safepoint: 36093 ns, Total: 4597900 ns
[2020-09-10T17:10:42.086+0000][1][safepoint    ] Safepoint "RevokeBias", Time since last: 424470 ns, Reaching safepoint: 837075 ns, At safepoint: 29255 ns, Total: 866330 ns
[2020-09-10T17:10:42.086+0000][1][safepoint    ] Safepoint "RevokeBias", Time since last: 74314 ns, Reaching safepoint: 158163 ns, At safepoint: 16700 ns, Total: 174863 ns
[2020-09-10T17:10:42.087+0000][1][safepoint    ] Safepoint "RevokeBias", Time since last: 55710 ns, Reaching safepoint: 91112 ns, At safepoint: 17305 ns, Total: 108417 ns
[2020-09-10T17:10:42.099+0000][1][safepoint    ] Safepoint "RevokeBias", Time since last: 12711116 ns, Reaching safepoint: 109702 ns, At safepoint: 23905 ns, Total: 133607 ns
[2020-09-10T17:10:42.117+0000][1][safepoint    ] Safepoint "RevokeBias", Time since last: 7906640 ns, Reaching safepoint: 9676092 ns, At safepoint: 30617 ns, Total: 9706709 ns
[2020-09-10T17:10:42.123+0000][1][safepoint    ] Safepoint "RevokeBias", Time since last: 1452318 ns, Reaching safepoint: 4869887 ns, At safepoint: 21893 ns, Total: 4891780 ns
[2020-09-10T17:10:42.124+0000][1][safepoint    ] Safepoint "RevokeBias", Time since last: 914899 ns, Reaching safepoint: 86855 ns, At safepoint: 11054 ns, Total: 97909 ns
[2020-09-10T17:10:42.131+0000][1][safepoint    ] Safepoint "RevokeBias", Time since last: 6336600 ns, Reaching safepoint: 116059 ns, At safepoint: 22373 ns, Total: 138432 ns
[2020-09-10T17:10:42.131+0000][1][safepoint    ] Safepoint "BulkRevokeBias", Time since last: 138408 ns, Reaching safepoint: 83744 ns, At safepoint: 92991 ns, Total: 176735 ns
[2020-09-10T17:10:42.135+0000][1][safepoint    ] Safepoint "RevokeBias", Time since last: 3582852 ns, Reaching safepoint: 118558 ns, At safepoint: 21695 ns, Total: 140253 ns
[2020-09-10T17:10:42.135+0000][1][safepoint    ] Safepoint "RevokeBias", Time since last: 141877 ns, Reaching safepoint: 84846 ns, At safepoint: 13835 ns, Total: 98681 ns
[2020-09-10T17:10:42.135+0000][1][safepoint    ] Safepoint "RevokeBias", Time since last: 298143 ns, Reaching safepoint: 87191 ns, At safepoint: 12072 ns, Total: 99263 ns
[2020-09-10T17:10:42.139+0000][1][safepoint    ] Safepoint "RevokeBias", Time since last: 45533 ns, Reaching safepoint: 3295532 ns, At safepoint: 34743 ns, Total: 3330275 ns
[2020-09-10T17:10:42.143+0000][1][safepoint    ] Safepoint "RevokeBias", Time since last: 550205 ns, Reaching safepoint: 3272005 ns, At safepoint: 21698 ns, Total: 3293703 ns
[2020-09-10T17:10:42.177+0000][1][safepoint    ] Safepoint "RevokeBias", Time since last: 34087324 ns, Reaching safepoint: 127145 ns, At safepoint: 65154 ns, Total: 192299 ns
[2020-09-10T17:10:42.178+0000][1][safepoint    ] Safepoint "RevokeBias", Time since last: 1130845 ns, Reaching safepoint: 92684 ns, At safepoint: 23140 ns, Total: 115824 ns
[2020-09-10T17:10:42.178+0000][1][safepoint    ] Safepoint "RevokeBias", Time since last: 73909 ns, Reaching safepoint: 85319 ns, At safepoint: 20224 ns, Total: 105543 ns
[2020-09-10T17:10:42.183+0000][1][safepoint    ] Safepoint "RevokeBias", Time since last: 44466 ns, Reaching safepoint: 4208813 ns, At safepoint: 26660 ns, Total: 4235473 ns
[2020-09-10T17:10:42.226+0000][1][safepoint    ] Safepoint "RevokeBias", Time since last: 32786657 ns, Reaching safepoint: 10810282 ns, At safepoint: 18440 ns, Total: 10828722 ns
[2020-09-10T17:10:42.227+0000][1][safepoint    ] Safepoint "RevokeBias", Time since last: 167555 ns, Reaching safepoint: 192828 ns, At safepoint: 13688 ns, Total: 206516 ns
[2020-09-10T17:10:42.233+0000][1][safepoint    ] Safepoint "RevokeBias", Time since last: 6115185 ns, Reaching safepoint: 457989 ns, At safepoint: 24505 ns, Total: 482494 ns
[2020-09-10T17:10:42.234+0000][1][safepoint    ] Safepoint "RevokeBias", Time since last: 258498 ns, Reaching safepoint: 87349 ns, At safepoint: 12896 ns, Total: 100245 ns
[2020-09-10T17:10:42.235+0000][1][safepoint    ] Safepoint "RevokeBias", Time since last: 43430 ns, Reaching safepoint: 1004659 ns, At safepoint: 19693 ns, Total: 1024352 ns
[2020-09-10T17:10:42.247+0000][1][safepoint    ] Safepoint "RevokeBias", Time since last: 11013321 ns, Reaching safepoint: 982041 ns, At safepoint: 28185 ns, Total: 1010226 ns
[2020-09-10T17:10:42.251+0000][1][safepoint    ] Safepoint "RevokeBias", Time since last: 124331 ns, Reaching safepoint: 3843986 ns, At safepoint: 20335 ns, Total: 3864321 ns
[2020-09-10T17:10:42.251+0000][1][safepoint    ] Safepoint "RevokeBias", Time since last: 92275 ns, Reaching safepoint: 325458 ns, At safepoint: 15180 ns, Total: 340638 ns
[2020-09-10T17:10:42.255+0000][1][safepoint    ] Safepoint "RevokeBias", Time since last: 318808 ns, Reaching safepoint: 3237985 ns, At safepoint: 51728 ns, Total: 3289713 ns
[2020-09-10T17:10:42.255+0000][1][safepoint    ] Safepoint "RevokeBias", Time since last: 110414 ns, Reaching safepoint: 97200 ns, At safepoint: 15156 ns, Total: 112356 ns
[2020-09-10T17:10:42.256+0000][1][safepoint    ] Safepoint "RevokeBias", Time since last: 721876 ns, Reaching safepoint: 93148 ns, At safepoint: 28511 ns, Total: 121659 ns
[2020-09-10T17:10:42.266+0000][1][safepoint    ] Safepoint "RevokeBias", Time since last: 7785290 ns, Reaching safepoint: 2673645 ns, At safepoint: 21628 ns, Total: 2695273 ns
[2020-09-10T17:10:42.267+0000][1][safepoint    ] Safepoint "RevokeBias", Time since last: 269966 ns, Reaching safepoint: 97186 ns, At safepoint: 38357 ns, Total: 135543 ns
[2020-09-10T17:10:42.268+0000][1][safepoint    ] Safepoint "RevokeBias", Time since last: 57208 ns, Reaching safepoint: 1055393 ns, At safepoint: 15517 ns, Total: 1070910 ns
[2020-09-10T17:10:42.288+0000][1][safepoint    ] Safepoint "RevokeBias", Time since last: 20039182 ns, Reaching safepoint: 114191 ns, At safepoint: 20984 ns, Total: 135175 ns
[2020-09-10T17:10:42.288+0000][1][safepoint    ] Safepoint "RevokeBias", Time since last: 108344 ns, Reaching safepoint: 82336 ns, At safepoint: 12271 ns, Total: 94607 ns
[2020-09-10T17:10:42.290+0000][1][safepoint    ] Safepoint "RevokeBias", Time since last: 1215208 ns, Reaching safepoint: 88670 ns, At safepoint: 14053 ns, Total: 102723 ns
[2020-09-10T17:10:42.295+0000][1][safepoint    ] Safepoint "RevokeBias", Time since last: 5353040 ns, Reaching safepoint: 109026 ns, At safepoint: 20012 ns, Total: 129038 ns
[2020-09-10T17:10:42.355+0000][1][safepoint    ] Safepoint "RevokeBias", Time since last: 55654775 ns, Reaching safepoint: 4061420 ns, At safepoint: 46581 ns, Total: 4108001 ns
[2020-09-10T17:10:42.367+0000][1][safepoint    ] Safepoint "RevokeBias", Time since last: 7891075 ns, Reaching safepoint: 4042163 ns, At safepoint: 44296 ns, Total: 4086459 ns
[2020-09-10T17:10:42.367+0000][1][safepoint    ] Safepoint "BulkRevokeBias", Time since last: 134252 ns, Reaching safepoint: 291415 ns, At safepoint: 136920 ns, Total: 428335 ns
[2020-09-10T17:10:42.371+0000][1][safepoint    ] Safepoint "RevokeBias", Time since last: 2977024 ns, Reaching safepoint: 472532 ns, At safepoint: 28809 ns, Total: 501341 ns
[2020-09-10T17:10:42.371+0000][1][safepoint    ] Safepoint "RevokeBias", Time since last: 64552 ns, Reaching safepoint: 85654 ns, At safepoint: 20000 ns, Total: 105654 ns
[2020-09-10T17:10:42.441+0000][1][safepoint    ] Safepoint "RevokeBias", Time since last: 70220404 ns, Reaching safepoint: 111484 ns, At safepoint: 19026 ns, Total: 130510 ns
[2020-09-10T17:10:42.471+0000][1][safepoint    ] Safepoint "RevokeBias", Time since last: 28896547 ns, Reaching safepoint: 844462 ns, At safepoint: 27428 ns, Total: 871890 ns
[2020-09-10T17:10:42.504+0000][1][gc,start     ] GC(65) Pause Young (Allocation Failure)
[2020-09-10T17:10:42.504+0000][1][gc,task      ] GC(65) Using 1 workers of 1 for evacuation
[2020-09-10T17:10:42.600+0000][1][gc,age       ] GC(65) Desired survivor size 4358144 bytes, new threshold 2 (max threshold 6)
[2020-09-10T17:10:42.600+0000][1][gc,age       ] GC(65) Age table with threshold 2 (max threshold 6)
[2020-09-10T17:10:42.600+0000][1][gc,age       ] GC(65) - age   1:    1604160 bytes,    1604160 total
[2020-09-10T17:10:42.600+0000][1][gc,age       ] GC(65) - age   2:    3262376 bytes,    4866536 total
[2020-09-10T17:10:42.600+0000][1][gc,heap      ] GC(65) ParNew: 65659K->5030K(76672K)
[2020-09-10T17:10:42.600+0000][1][gc,heap      ] GC(65) CMS: 56649K->75761K(2011968K)
[2020-09-10T17:10:42.600+0000][1][gc,metaspace ] GC(65) Metaspace: 71239K->71239K(1114112K)
[2020-09-10T17:10:42.600+0000][1][gc           ] GC(65) Pause Young (Allocation Failure) 119M->78M(2039M) 96.395ms
[2020-09-10T17:10:42.600+0000][1][gc,cpu       ] GC(65) User=0.04s Sys=0.00s Real=0.10s
[2020-09-10T17:10:42.624+0000][1][safepoint    ] Safepoint "GenCollectForAllocation", Time since last: 32365928 ns, Reaching safepoint: 118728 ns, At safepoint: 120522560 ns, Total: 120641288 ns
[2020-09-10T17:10:42.643+0000][1][safepoint    ] Safepoint "RevokeBias", Time since last: 18571741 ns, Reaching safepoint: 118803 ns, At safepoint: 19477 ns, Total: 138280 ns
[2020-09-10T17:10:42.645+0000][1][safepoint    ] Safepoint "RevokeBias", Time since last: 1855556 ns, Reaching safepoint: 103945 ns, At safepoint: 42851 ns, Total: 146796 ns
[2020-09-10T17:10:42.653+0000][1][safepoint    ] Safepoint "RevokeBias", Time since last: 7809853 ns, Reaching safepoint: 109237 ns, At safepoint: 18459 ns, Total: 127696 ns
[2020-09-10T17:10:42.653+0000][1][safepoint    ] Safepoint "RevokeBias", Time since last: 217951 ns, Reaching safepoint: 89535 ns, At safepoint: 13047 ns, Total: 102582 ns
[2020-09-10T17:10:42.653+0000][1][safepoint    ] Safepoint "RevokeBias", Time since last: 62058 ns, Reaching safepoint: 87215 ns, At safepoint: 11582 ns, Total: 98797 ns
[2020-09-10T17:10:42.655+0000][1][safepoint    ] Safepoint "RevokeBias", Time since last: 36119 ns, Reaching safepoint: 1413700 ns, At safepoint: 13045 ns, Total: 1426745 ns
[2020-09-10T17:10:42.655+0000][1][safepoint    ] Safepoint "RevokeBias", Time since last: 217373 ns, Reaching safepoint: 98811 ns, At safepoint: 13746 ns, Total: 112557 ns
[2020-09-10T17:10:42.671+0000][1][safepoint    ] Safepoint "RevokeBias", Time since last: 15646548 ns, Reaching safepoint: 110409 ns, At safepoint: 15730 ns, Total: 126139 ns
[2020-09-10T17:10:42.747+0000][1][safepoint    ] Safepoint "RevokeBias", Time since last: 75874819 ns, Reaching safepoint: 165322 ns, At safepoint: 32632 ns, Total: 197954 ns
[2020-09-10T17:10:42.761+0000][1][safepoint    ] Safepoint "RevokeBias", Time since last: 13793383 ns, Reaching safepoint: 113896 ns, At safepoint: 30749 ns, Total: 144645 ns
[2020-09-10T17:10:42.770+0000][1][safepoint    ] Safepoint "RevokeBias", Time since last: 8892449 ns, Reaching safepoint: 115785 ns, At safepoint: 41145 ns, Total: 156930 ns
[2020-09-10T17:10:42.788+0000][1][safepoint    ] Safepoint "RevokeBias", Time since last: 9931861 ns, Reaching safepoint: 7980636 ns, At safepoint: 48223 ns, Total: 8028859 ns
[2020-09-10T17:10:42.791+0000][1][safepoint    ] Safepoint "RevokeBias", Time since last: 3224938 ns, Reaching safepoint: 104043 ns, At safepoint: 37853 ns, Total: 141896 ns
[2020-09-10T17:10:42.791+0000][1][safepoint    ] Safepoint "RevokeBias", Time since last: 181486 ns, Reaching safepoint: 95948 ns, At safepoint: 31851 ns, Total: 127799 ns
[2020-09-10T17:10:42.792+0000][1][safepoint    ] Safepoint "RevokeBias", Time since last: 245320 ns, Reaching safepoint: 90761 ns, At safepoint: 29026 ns, Total: 119787 ns
[2020-09-10T17:10:42.792+0000][1][safepoint    ] Safepoint "RevokeBias", Time since last: 129692 ns, Reaching safepoint: 87606 ns, At safepoint: 38918 ns, Total: 126524 ns
[2020-09-10T17:10:42.795+0000][1][safepoint    ] Safepoint "RevokeBias", Time since last: 2552242 ns, Reaching safepoint: 94905 ns, At safepoint: 30965 ns, Total: 125870 ns
[2020-09-10T17:10:42.795+0000][1][safepoint    ] Safepoint "RevokeBias", Time since last: 153084 ns, Reaching safepoint: 87554 ns, At safepoint: 25774 ns, Total: 113328 ns
[2020-09-10T17:10:42.795+0000][1][safepoint    ] Safepoint "RevokeBias", Time since last: 262297 ns, Reaching safepoint: 89214 ns, At safepoint: 43727 ns, Total: 132941 ns
[2020-09-10T17:10:42.799+0000][1][safepoint    ] Safepoint "RevokeBias", Time since last: 311288 ns, Reaching safepoint: 2924107 ns, At safepoint: 55663 ns, Total: 2979770 ns
[2020-09-10T17:10:42.799+0000][1][safepoint    ] Safepoint "RevokeBias", Time since last: 313742 ns, Reaching safepoint: 102571 ns, At safepoint: 46559 ns, Total: 149130 ns
[2020-09-10T17:10:42.805+0000][1][safepoint    ] Safepoint "RevokeBias", Time since last: 5943104 ns, Reaching safepoint: 116239 ns, At safepoint: 43718 ns, Total: 159957 ns
[2020-09-10T17:10:42.806+0000][1][safepoint    ] Safepoint "RevokeBias", Time since last: 824053 ns, Reaching safepoint: 98721 ns, At safepoint: 15458 ns, Total: 114179 ns
[2020-09-10T17:10:42.807+0000][1][safepoint    ] Safepoint "RevokeBias", Time since last: 1119292 ns, Reaching safepoint: 93186 ns, At safepoint: 22259 ns, Total: 115445 ns
[2020-09-10T17:10:42.808+0000][1][safepoint    ] Safepoint "RevokeBias", Time since last: 153724 ns, Reaching safepoint: 84183 ns, At safepoint: 20503 ns, Total: 104686 ns
[2020-09-10T17:10:42.811+0000][1][safepoint    ] Safepoint "RevokeBias", Time since last: 3003256 ns, Reaching safepoint: 107256 ns, At safepoint: 16600 ns, Total: 123856 ns
[2020-09-10T17:10:42.813+0000][1][safepoint    ] Safepoint "RevokeBias", Time since last: 1679973 ns, Reaching safepoint: 102700 ns, At safepoint: 15732 ns, Total: 118432 ns
[2020-09-10T17:10:42.813+0000][1][safepoint    ] Safepoint "RevokeBias", Time since last: 66107 ns, Reaching safepoint: 87798 ns, At safepoint: 12075 ns, Total: 99873 ns
[2020-09-10T17:10:42.819+0000][1][safepoint    ] Safepoint "RevokeBias", Time since last: 6218972 ns, Reaching safepoint: 115969 ns, At safepoint: 30197 ns, Total: 146166 ns
[2020-09-10T17:10:42.819+0000][1][safepoint    ] Safepoint "RevokeBias", Time since last: 84938 ns, Reaching safepoint: 96780 ns, At safepoint: 23344 ns, Total: 120124 ns
[2020-09-10T17:10:42.820+0000][1][safepoint    ] Safepoint "RevokeBias", Time since last: 246928 ns, Reaching safepoint: 94543 ns, At safepoint: 21921 ns, Total: 116464 ns
[2020-09-10T17:10:42.827+0000][1][safepoint    ] Safepoint "RevokeBias", Time since last: 7243841 ns, Reaching safepoint: 107318 ns, At safepoint: 29289 ns, Total: 136607 ns
[2020-09-10T17:10:42.827+0000][1][safepoint    ] Safepoint "RevokeBias", Time since last: 144145 ns, Reaching safepoint: 84933 ns, At safepoint: 32871 ns, Total: 117804 ns
[2020-09-10T17:10:42.828+0000][1][safepoint    ] Safepoint "RevokeBias", Time since last: 225202 ns, Reaching safepoint: 83434 ns, At safepoint: 27704 ns, Total: 111138 ns
[2020-09-10T17:10:42.828+0000][1][safepoint    ] Safepoint "RevokeBias", Time since last: 89257 ns, Reaching safepoint: 83152 ns, At safepoint: 27011 ns, Total: 110163 ns
[2020-09-10T17:10:42.828+0000][1][safepoint    ] Safepoint "RevokeBias", Time since last: 198071 ns, Reaching safepoint: 84491 ns, At safepoint: 18703 ns, Total: 103194 ns
[2020-09-10T17:10:42.831+0000][1][safepoint    ] Safepoint "BulkRevokeBias", Time since last: 2430643 ns, Reaching safepoint: 98987 ns, At safepoint: 125545 ns, Total: 224532 ns
[2020-09-10T17:10:42.831+0000][1][safepoint    ] Safepoint "RevokeBias", Time since last: 150438 ns, Reaching safepoint: 90690 ns, At safepoint: 39975 ns, Total: 130665 ns
[2020-09-10T17:10:42.839+0000][1][safepoint    ] Safepoint "BulkRevokeBias", Time since last: 61700 ns, Reaching safepoint: 83586 ns, At safepoint: 7352931 ns, Total: 7436517 ns
[2020-09-10T17:10:42.840+0000][1][safepoint    ] Safepoint "RevokeBias", Time since last: 44068 ns, Reaching safepoint: 108966 ns, At safepoint: 767804 ns, Total: 876770 ns
[2020-09-10T17:10:42.840+0000][1][safepoint    ] Safepoint "RevokeBias", Time since last: 19725 ns, Reaching safepoint: 85153 ns, At safepoint: 20041 ns, Total: 105194 ns
[2020-09-10T17:10:42.840+0000][1][safepoint    ] Safepoint "RevokeBias", Time since last: 160372 ns, Reaching safepoint: 83974 ns, At safepoint: 18191 ns, Total: 102165 ns
[2020-09-10T17:10:42.840+0000][1][safepoint    ] Safepoint "RevokeBias", Time since last: 186363 ns, Reaching safepoint: 84368 ns, At safepoint: 18329 ns, Total: 102697 ns
[2020-09-10T17:10:42.843+0000][1][safepoint    ] Safepoint "RevokeBias", Time since last: 2443162 ns, Reaching safepoint: 97537 ns, At safepoint: 23516 ns, Total: 121053 ns
[2020-09-10T17:10:42.843+0000][1][safepoint    ] Safepoint "RevokeBias", Time since last: 275463 ns, Reaching safepoint: 87030 ns, At safepoint: 19193 ns, Total: 106223 ns
[2020-09-10T17:10:42.843+0000][1][safepoint    ] Safepoint "RevokeBias", Time since last: 62511 ns, Reaching safepoint: 82525 ns, At safepoint: 17947 ns, Total: 100472 ns
[2020-09-10T17:10:42.844+0000][1][safepoint    ] Safepoint "RevokeBias", Time since last: 165810 ns, Reaching safepoint: 83425 ns, At safepoint: 17896 ns, Total: 101321 ns
[2020-09-10T17:10:42.844+0000][1][safepoint    ] Safepoint "RevokeBias", Time since last: 182966 ns, Reaching safepoint: 83370 ns, At safepoint: 17529 ns, Total: 100899 ns
[2020-09-10T17:10:42.847+0000][1][safepoint    ] Safepoint "RevokeBias", Time since last: 3009946 ns, Reaching safepoint: 196460 ns, At safepoint: 24296 ns, Total: 220756 ns
[2020-09-10T17:10:42.847+0000][1][safepoint    ] Safepoint "RevokeBias", Time since last: 114040 ns, Reaching safepoint: 83625 ns, At safepoint: 18637 ns, Total: 102262 ns
[2020-09-10T17:10:42.848+0000][1][safepoint    ] Safepoint "RevokeBias", Time since last: 194141 ns, Reaching safepoint: 83143 ns, At safepoint: 18668 ns, Total: 101811 ns
[2020-09-10T17:10:42.855+0000][1][safepoint    ] Safepoint "RevokeBias", Time since last: 7309500 ns, Reaching safepoint: 32132 ns, At safepoint: 23908 ns, Total: 56040 ns
[2020-09-10T17:10:42.855+0000][1][safepoint    ] Safepoint "RevokeBias", Time since last: 131782 ns, Reaching safepoint: 14003 ns, At safepoint: 17688 ns, Total: 31691 ns
[2020-09-10T17:10:42.855+0000][1][safepoint    ] Safepoint "RevokeBias", Time since last: 114824 ns, Reaching safepoint: 13468 ns, At safepoint: 16048 ns, Total: 29516 ns
[2020-09-10T17:10:42.856+0000][1][safepoint    ] Safepoint "BulkRevokeBias", Time since last: 282348 ns, Reaching safepoint: 13992 ns, At safepoint: 135343 ns, Total: 149335 ns
[2020-09-10T17:10:42.856+0000][1][safepoint    ] Safepoint "RevokeBias", Time since last: 71950 ns, Reaching safepoint: 13198 ns, At safepoint: 16066 ns, Total: 29264 ns
[2020-09-10T17:10:42.856+0000][1][safepoint    ] Safepoint "RevokeBias", Time since last: 131831 ns, Reaching safepoint: 13266 ns, At safepoint: 15605 ns, Total: 28871 ns
[2020-09-10T17:10:42.867+0000][1][safepoint    ] Safepoint "RevokeBias", Time since last: 11214356 ns, Reaching safepoint: 39210 ns, At safepoint: 26000 ns, Total: 65210 ns
[2020-09-10T17:10:42.870+0000][1][safepoint    ] Safepoint "RevokeBias", Time since last: 3029743 ns, Reaching safepoint: 31054 ns, At safepoint: 23960 ns, Total: 55014 ns
[2020-09-10T17:10:42.899+0000][1][safepoint    ] Safepoint "RevokeBias", Time since last: 28365678 ns, Reaching safepoint: 109505 ns, At safepoint: 13537 ns, Total: 123042 ns
[2020-09-10T17:10:42.899+0000][1][safepoint    ] Safepoint "RevokeBias", Time since last: 296075 ns, Reaching safepoint: 84473 ns, At safepoint: 10688 ns, Total: 95161 ns
[2020-09-10T17:10:42.920+0000][1][safepoint    ] Safepoint "RevokeBias", Time since last: 19475553 ns, Reaching safepoint: 712247 ns, At safepoint: 29439 ns, Total: 741686 ns
[2020-09-10T17:10:42.920+0000][1][safepoint    ] Safepoint "RevokeBias", Time since last: 336873 ns, Reaching safepoint: 86689 ns, At safepoint: 20425 ns, Total: 107114 ns
[2020-09-10T17:10:42.940+0000][1][safepoint    ] Safepoint "RevokeBias", Time since last: 19838338 ns, Reaching safepoint: 179169 ns, At safepoint: 20481 ns, Total: 199650 ns
[2020-09-10T17:10:42.940+0000][1][safepoint    ] Safepoint "RevokeBias", Time since last: 71084 ns, Reaching safepoint: 91717 ns, At safepoint: 12667 ns, Total: 104384 ns
[2020-09-10T17:10:42.975+0000][1][safepoint    ] Safepoint "RevokeBias", Time since last: 34856435 ns, Reaching safepoint: 116273 ns, At safepoint: 30537 ns, Total: 146810 ns
[2020-09-10T17:10:43.003+0000][1][safepoint    ] Safepoint "RevokeBias", Time since last: 27611140 ns, Reaching safepoint: 107784 ns, At safepoint: 21362 ns, Total: 129146 ns
[2020-09-10T17:10:43.015+0000][1][safepoint    ] Safepoint "RevokeBias", Time since last: 11779071 ns, Reaching safepoint: 110618 ns, At safepoint: 23399 ns, Total: 134017 ns
[2020-09-10T17:10:43.018+0000][1][safepoint    ] Safepoint "RevokeBias", Time since last: 3548349 ns, Reaching safepoint: 100082 ns, At safepoint: 13844 ns, Total: 113926 ns
[2020-09-10T17:10:43.021+0000][1][safepoint    ] Safepoint "RevokeBias", Time since last: 2337419 ns, Reaching safepoint: 101457 ns, At safepoint: 14768 ns, Total: 116225 ns
[2020-09-10T17:10:43.021+0000][1][safepoint    ] Safepoint "RevokeBias", Time since last: 132338 ns, Reaching safepoint: 83180 ns, At safepoint: 10507 ns, Total: 93687 ns
[2020-09-10T17:10:43.048+0000][1][safepoint    ] Safepoint "RevokeBias", Time since last: 25537105 ns, Reaching safepoint: 847249 ns, At safepoint: 25833 ns, Total: 873082 ns
[2020-09-10T17:10:43.048+0000][1][safepoint    ] Safepoint "RevokeBias", Time since last: 832151 ns, Reaching safepoint: 85587 ns, At safepoint: 11293 ns, Total: 96880 ns
[2020-09-10T17:10:43.056+0000][1][safepoint    ] Safepoint "RevokeBias", Time since last: 7256182 ns, Reaching safepoint: 107112 ns, At safepoint: 15959 ns, Total: 123071 ns
[2020-09-10T17:10:43.056+0000][1][safepoint    ] Safepoint "RevokeBias", Time since last: 182126 ns, Reaching safepoint: 92093 ns, At safepoint: 11477 ns, Total: 103570 ns
[2020-09-10T17:10:43.057+0000][1][safepoint    ] Safepoint "RevokeBias", Time since last: 260663 ns, Reaching safepoint: 83276 ns, At safepoint: 10507 ns, Total: 93783 ns
[2020-09-10T17:10:43.057+0000][1][safepoint    ] Safepoint "RevokeBias", Time since last: 82873 ns, Reaching safepoint: 81808 ns, At safepoint: 10494 ns, Total: 92302 ns
[2020-09-10T17:10:43.059+0000][1][safepoint    ] Safepoint "RevokeBias", Time since last: 1996117 ns, Reaching safepoint: 83458 ns, At safepoint: 9932 ns, Total: 93390 ns
[2020-09-10T17:10:43.059+0000][1][safepoint    ] Safepoint "RevokeBias", Time since last: 251333 ns, Reaching safepoint: 83958 ns, At safepoint: 11850 ns, Total: 95808 ns
[2020-09-10T17:10:43.059+0000][1][safepoint    ] Safepoint "RevokeBias", Time since last: 192803 ns, Reaching safepoint: 84047 ns, At safepoint: 10959 ns, Total: 95006 ns
[2020-09-10T17:10:43.072+0000][1][safepoint    ] Safepoint "BulkRevokeBias", Time since last: 12500887 ns, Reaching safepoint: 117326 ns, At safepoint: 135406 ns, Total: 252732 ns
[2020-09-10T17:10:43.080+0000][1][safepoint    ] Safepoint "RevokeBias", Time since last: 7250012 ns, Reaching safepoint: 111476 ns, At safepoint: 19944 ns, Total: 131420 ns
[2020-09-10T17:10:43.127+0000][1][safepoint    ] Safepoint "RevokeBias", Time since last: 35124045 ns, Reaching safepoint: 105333 ns, At safepoint: 11969669 ns, Total: 12075002 ns
[2020-09-10T17:10:43.247+0000][1][safepoint    ] Safepoint "RevokeBias", Time since last: 119910057 ns, Reaching safepoint: 125997 ns, At safepoint: 22250 ns, Total: 148247 ns
[2020-09-10T17:10:43.247+0000][1][safepoint    ] Safepoint "RevokeBias", Time since last: 81413 ns, Reaching safepoint: 84961 ns, At safepoint: 15492 ns, Total: 100453 ns
[2020-09-10T17:10:44.252+0000][1][safepoint    ] Safepoint "Cleanup", Time since last: 1004872384 ns, Reaching safepoint: 331540 ns, At safepoint: 9868 ns, Total: 341408 ns
[2020-09-10T17:10:44.265+0000][1][safepoint    ] Safepoint "RevokeBias", Time since last: 12565439 ns, Reaching safepoint: 116446 ns, At safepoint: 17425 ns, Total: 133871 ns
[2020-09-10T17:10:44.275+0000][1][safepoint    ] Safepoint "RevokeBias", Time since last: 9383424 ns, Reaching safepoint: 425652 ns, At safepoint: 24737 ns, Total: 450389 ns
[2020-09-10T17:10:44.287+0000][1][safepoint    ] Safepoint "RevokeBias", Time since last: 11937832 ns, Reaching safepoint: 172981 ns, At safepoint: 19900 ns, Total: 192881 ns
[2020-09-10T17:10:44.294+0000][1][safepoint    ] Safepoint "RevokeBias", Time since last: 6331032 ns, Reaching safepoint: 781463 ns, At safepoint: 28898 ns, Total: 810361 ns
[2020-09-10T17:10:44.307+0000][1][safepoint    ] Safepoint "RevokeBias", Time since last: 9112160 ns, Reaching safepoint: 3584272 ns, At safepoint: 36354 ns, Total: 3620626 ns
[2020-09-10T17:10:44.316+0000][1][safepoint    ] Safepoint "RevokeBias", Time since last: 8323244 ns, Reaching safepoint: 583392 ns, At safepoint: 16481 ns, Total: 599873 ns
[2020-09-10T17:10:44.380+0000][1][safepoint    ] Safepoint "RevokeBias", Time since last: 63781688 ns, Reaching safepoint: 129248 ns, At safepoint: 22164 ns, Total: 151412 ns
[2020-09-10T17:10:44.380+0000][1][safepoint    ] Safepoint "RevokeBias", Time since last: 382409 ns, Reaching safepoint: 89065 ns, At safepoint: 13447 ns, Total: 102512 ns
[2020-09-10T17:10:44.380+0000][1][safepoint    ] Safepoint "RevokeBias", Time since last: 220121 ns, Reaching safepoint: 86483 ns, At safepoint: 12179 ns, Total: 98662 ns
[2020-09-10T17:10:44.412+0000][1][safepoint    ] Safepoint "RevokeBias", Time since last: 31954669 ns, Reaching safepoint: 116332 ns, At safepoint: 16899 ns, Total: 133231 ns
[2020-09-10T17:10:44.428+0000][1][safepoint    ] Safepoint "RevokeBias", Time since last: 15269131 ns, Reaching safepoint: 115843 ns, At safepoint: 18469 ns, Total: 134312 ns
[2020-09-10T17:10:44.428+0000][1][safepoint    ] Safepoint "RevokeBias", Time since last: 221909 ns, Reaching safepoint: 97773 ns, At safepoint: 12723 ns, Total: 110496 ns
[2020-09-10T17:10:44.428+0000][1][safepoint    ] Safepoint "RevokeBias", Time since last: 43548 ns, Reaching safepoint: 84779 ns, At safepoint: 10547 ns, Total: 95326 ns
[2020-09-10T17:10:44.429+0000][1][safepoint    ] Safepoint "RevokeBias", Time since last: 139475 ns, Reaching safepoint: 86065 ns, At safepoint: 10711 ns, Total: 96776 ns
[2020-09-10T17:10:44.429+0000][1][safepoint    ] Safepoint "RevokeBias", Time since last: 688173 ns, Reaching safepoint: 88201 ns, At safepoint: 11880 ns, Total: 100081 ns
[2020-09-10T17:10:44.430+0000][1][safepoint    ] Safepoint "RevokeBias", Time since last: 297456 ns, Reaching safepoint: 84852 ns, At safepoint: 11363 ns, Total: 96215 ns
[2020-09-10T17:10:44.439+0000][1][safepoint    ] Safepoint "RevokeBias", Time since last: 8881004 ns, Reaching safepoint: 120338 ns, At safepoint: 18926 ns, Total: 139264 ns
[2020-09-10T17:10:44.439+0000][1][safepoint    ] Safepoint "RevokeBias", Time since last: 97225 ns, Reaching safepoint: 20263 ns, At safepoint: 10891 ns, Total: 31154 ns
[2020-09-10T17:10:44.514+0000][1][safepoint    ] Safepoint "Deoptimize", Time since last: 74875560 ns, Reaching safepoint: 160896 ns, At safepoint: 354533 ns, Total: 515429 ns
[2020-09-10T17:10:44.591+0000][1][safepoint    ] Safepoint "RevokeBias", Time since last: 76409633 ns, Reaching safepoint: 183159 ns, At safepoint: 18275 ns, Total: 201434 ns
[2020-09-10T17:10:44.591+0000][1][safepoint    ] Safepoint "RevokeBias", Time since last: 68198 ns, Reaching safepoint: 146054 ns, At safepoint: 12352 ns, Total: 158406 ns
[2020-09-10T17:10:44.604+0000][1][safepoint    ] Safepoint "RevokeBias", Time since last: 12871341 ns, Reaching safepoint: 129809 ns, At safepoint: 28426 ns, Total: 158235 ns
[2020-09-10T17:10:44.604+0000][1][safepoint    ] Safepoint "RevokeBias", Time since last: 82756 ns, Reaching safepoint: 134722 ns, At safepoint: 13509 ns, Total: 148231 ns
[2020-09-10T17:10:44.605+0000][1][safepoint    ] Safepoint "RevokeBias", Time since last: 41288 ns, Reaching safepoint: 138575 ns, At safepoint: 12028 ns, Total: 150603 ns
[2020-09-10T17:10:44.605+0000][1][safepoint    ] Safepoint "RevokeBias", Time since last: 188236 ns, Reaching safepoint: 140805 ns, At safepoint: 12749 ns, Total: 153554 ns
[2020-09-10T17:10:44.617+0000][1][safepoint    ] Safepoint "RevokeBias", Time since last: 12230159 ns, Reaching safepoint: 111994 ns, At safepoint: 15688 ns, Total: 127682 ns
[2020-09-10T17:10:44.618+0000][1][safepoint    ] Safepoint "RevokeBias", Time since last: 106026 ns, Reaching safepoint: 85732 ns, At safepoint: 11673 ns, Total: 97405 ns
[2020-09-10T17:10:44.618+0000][1][safepoint    ] Safepoint "RevokeBias", Time since last: 422569 ns, Reaching safepoint: 85170 ns, At safepoint: 11680 ns, Total: 96850 ns
[2020-09-10T17:10:44.618+0000][1][safepoint    ] Safepoint "RevokeBias", Time since last: 156867 ns, Reaching safepoint: 86919 ns, At safepoint: 15248 ns, Total: 102167 ns
[2020-09-10T17:10:44.618+0000][1][safepoint    ] Safepoint "RevokeBias", Time since last: 37021 ns, Reaching safepoint: 83590 ns, At safepoint: 11242 ns, Total: 94832 ns
[2020-09-10T17:10:44.619+0000][1][safepoint    ] Safepoint "RevokeBias", Time since last: 30959 ns, Reaching safepoint: 83572 ns, At safepoint: 11831 ns, Total: 95403 ns
[2020-09-10T17:10:44.619+0000][1][safepoint    ] Safepoint "RevokeBias", Time since last: 31900 ns, Reaching safepoint: 77467 ns, At safepoint: 10699 ns, Total: 88166 ns
[2020-09-10T17:10:44.619+0000][1][safepoint    ] Safepoint "RevokeBias", Time since last: 30780 ns, Reaching safepoint: 82678 ns, At safepoint: 10462 ns, Total: 93140 ns
[2020-09-10T17:10:44.619+0000][1][safepoint    ] Safepoint "RevokeBias", Time since last: 44894 ns, Reaching safepoint: 82240 ns, At safepoint: 10240 ns, Total: 92480 ns
[2020-09-10T17:10:44.619+0000][1][safepoint    ] Safepoint "RevokeBias", Time since last: 30467 ns, Reaching safepoint: 81855 ns, At safepoint: 10129 ns, Total: 91984 ns
[2020-09-10T17:10:44.619+0000][1][safepoint    ] Safepoint "RevokeBias", Time since last: 28936 ns, Reaching safepoint: 108907 ns, At safepoint: 12031 ns, Total: 120938 ns
[2020-09-10T17:10:44.883+0000][1][safepoint    ] Safepoint "RevokeBias", Time since last: 263561892 ns, Reaching safepoint: 165595 ns, At safepoint: 19446 ns, Total: 185041 ns
[2020-09-10T17:10:44.883+0000][1][safepoint    ] Safepoint "BulkRevokeBias", Time since last: 74919 ns, Reaching safepoint: 145601 ns, At safepoint: 106309 ns, Total: 251910 ns
[2020-09-10T17:10:44.884+0000][1][safepoint    ] Safepoint "BulkRevokeBias", Time since last: 46157 ns, Reaching safepoint: 140085 ns, At safepoint: 74319 ns, Total: 214404 ns
[2020-09-10T17:10:44.884+0000][1][safepoint    ] Safepoint "RevokeBias", Time since last: 194983 ns, Reaching safepoint: 146627 ns, At safepoint: 13111 ns, Total: 159738 ns
[2020-09-10T17:10:44.918+0000][1][safepoint    ] Safepoint "RevokeBias", Time since last: 34159551 ns, Reaching safepoint: 158441 ns, At safepoint: 16955 ns, Total: 175396 ns
[2020-09-10T17:10:44.927+0000][1][safepoint    ] Safepoint "RevokeBias", Time since last: 8136625 ns, Reaching safepoint: 175839 ns, At safepoint: 18325 ns, Total: 194164 ns
[2020-09-10T17:10:44.927+0000][1][safepoint    ] Safepoint "RevokeBias", Time since last: 89177 ns, Reaching safepoint: 144441 ns, At safepoint: 11798 ns, Total: 156239 ns
[2020-09-10T17:10:44.927+0000][1][safepoint    ] Safepoint "RevokeBias", Time since last: 37038 ns, Reaching safepoint: 141338 ns, At safepoint: 11740 ns, Total: 153078 ns
[2020-09-10T17:10:44.929+0000][1][safepoint    ] Safepoint "RevokeBias", Time since last: 2189563 ns, Reaching safepoint: 152775 ns, At safepoint: 13387 ns, Total: 166162 ns
[2020-09-10T17:10:44.930+0000][1][safepoint    ] Safepoint "RevokeBias", Time since last: 107570 ns, Reaching safepoint: 138807 ns, At safepoint: 11493 ns, Total: 150300 ns
[2020-09-10T17:10:44.958+0000][1][safepoint    ] Safepoint "RevokeBias", Time since last: 28485526 ns, Reaching safepoint: 181678 ns, At safepoint: 22325 ns, Total: 204003 ns
[2020-09-10T17:10:44.959+0000][1][safepoint    ] Safepoint "RevokeBias", Time since last: 970554 ns, Reaching safepoint: 109407 ns, At safepoint: 16674 ns, Total: 126081 ns
[2020-09-10T17:10:44.978+0000][1][safepoint    ] Safepoint "RevokeBias", Time since last: 17989321 ns, Reaching safepoint: 141018 ns, At safepoint: 19703 ns, Total: 160721 ns
[2020-09-10T17:10:45.008+0000][1][safepoint    ] Safepoint "RevokeBias", Time since last: 30344245 ns, Reaching safepoint: 123139 ns, At safepoint: 39237 ns, Total: 162376 ns
[2020-09-10T17:10:45.024+0000][1][safepoint    ] Safepoint "RevokeBias", Time since last: 13401501 ns, Reaching safepoint: 2750203 ns, At safepoint: 33860 ns, Total: 2784063 ns
[2020-09-10T17:10:45.051+0000][1][safepoint    ] Safepoint "RevokeBias", Time since last: 8261467 ns, Reaching safepoint: 18697252 ns, At safepoint: 21115 ns, Total: 18718367 ns
[2020-09-10T17:10:45.067+0000][1][safepoint    ] Safepoint "RevokeBias", Time since last: 14359301 ns, Reaching safepoint: 1124229 ns, At safepoint: 15617 ns, Total: 1139846 ns
[2020-09-10T17:10:45.070+0000][1][safepoint    ] Safepoint "RevokeBias", Time since last: 71529 ns, Reaching safepoint: 3507509 ns, At safepoint: 13784 ns, Total: 3521293 ns
[2020-09-10T17:10:45.071+0000][1][safepoint    ] Safepoint "RevokeBias", Time since last: 118482 ns, Reaching safepoint: 95808 ns, At safepoint: 16057 ns, Total: 111865 ns
[2020-09-10T17:10:45.071+0000][1][safepoint    ] Safepoint "RevokeBias", Time since last: 142624 ns, Reaching safepoint: 372125 ns, At safepoint: 16474 ns, Total: 388599 ns
[2020-09-10T17:10:45.103+0000][1][gc,start     ] GC(66) Pause Young (Allocation Failure)
[2020-09-10T17:10:45.103+0000][1][gc,task      ] GC(66) Using 1 workers of 1 for evacuation
[2020-09-10T17:10:45.210+0000][1][gc,age       ] GC(66) Desired survivor size 4358144 bytes, new threshold 6 (max threshold 6)
[2020-09-10T17:10:45.211+0000][1][gc,age       ] GC(66) Age table with threshold 6 (max threshold 6)
[2020-09-10T17:10:45.211+0000][1][gc,age       ] GC(66) - age   1:    1567136 bytes,    1567136 total
[2020-09-10T17:10:45.211+0000][1][gc,age       ] GC(66) - age   2:    1418320 bytes,    2985456 total
[2020-09-10T17:10:45.211+0000][1][gc,heap      ] GC(66) ParNew: 73190K->4821K(76672K)
[2020-09-10T17:10:45.211+0000][1][gc,heap      ] GC(66) CMS: 75761K->95453K(2011968K)
[2020-09-10T17:10:45.211+0000][1][gc,metaspace ] GC(66) Metaspace: 74112K->74112K(1118208K)
[2020-09-10T17:10:45.211+0000][1][gc           ] GC(66) Pause Young (Allocation Failure) 145M->97M(2039M) 107.771ms
[2020-09-10T17:10:45.211+0000][1][gc,cpu       ] GC(66) User=0.04s Sys=0.00s Real=0.11s
[2020-09-10T17:10:45.233+0000][1][safepoint    ] Safepoint "GenCollectForAllocation", Time since last: 31609701 ns, Reaching safepoint: 130156 ns, At safepoint: 130040614 ns, Total: 130170770 ns
[2020-09-10T17:10:45.261+0000][1][safepoint    ] Safepoint "RevokeBias", Time since last: 12165897 ns, Reaching safepoint: 1683862 ns, At safepoint: 13894844 ns, Total: 15578706 ns
[2020-09-10T17:10:45.662+0000][1][safepoint    ] Safepoint "BulkRevokeBias", Time since last: 400633336 ns, Reaching safepoint: 681981 ns, At safepoint: 150393 ns, Total: 832374 ns
[2020-09-10T17:10:45.669+0000][1][safepoint    ] Safepoint "RevokeBias", Time since last: 4627071 ns, Reaching safepoint: 2282863 ns, At safepoint: 12407 ns, Total: 2295270 ns
[2020-09-10T17:10:45.669+0000][1][safepoint    ] Safepoint "RevokeBias", Time since last: 68550 ns, Reaching safepoint: 94388 ns, At safepoint: 7297 ns, Total: 101685 ns
[2020-09-10T17:10:45.669+0000][1][safepoint    ] Safepoint "RevokeBias", Time since last: 44787 ns, Reaching safepoint: 94693 ns, At safepoint: 7298 ns, Total: 101991 ns
[2020-09-10T17:10:45.739+0000][1][safepoint    ] Safepoint "Deoptimize", Time since last: 69370816 ns, Reaching safepoint: 130120 ns, At safepoint: 336228 ns, Total: 466348 ns
[2020-09-10T17:10:45.764+0000][1][safepoint    ] Safepoint "RevokeBias", Time since last: 24929399 ns, Reaching safepoint: 136790 ns, At safepoint: 28590 ns, Total: 165380 ns
[2020-09-10T17:10:45.851+0000][1][safepoint    ] Safepoint "RevokeBias", Time since last: 86151255 ns, Reaching safepoint: 131287 ns, At safepoint: 9547 ns, Total: 140834 ns
[2020-09-10T17:10:45.855+0000][1][safepoint    ] Safepoint "RevokeBias", Time since last: 4492488 ns, Reaching safepoint: 116662 ns, At safepoint: 8251 ns, Total: 124913 ns
[2020-09-10T17:10:45.856+0000][1][safepoint    ] Safepoint "RevokeBias", Time since last: 925030 ns, Reaching safepoint: 102784 ns, At safepoint: 91216 ns, Total: 194000 ns
[2020-09-10T17:10:45.935+0000][1][safepoint    ] Safepoint "RevokeBias", Time since last: 78144133 ns, Reaching safepoint: 134469 ns, At safepoint: 9543 ns, Total: 144012 ns
[2020-09-10T17:10:46.162+0000][1][safepoint    ] Safepoint "RevokeBias", Time since last: 227597119 ns, Reaching safepoint: 147383 ns, At safepoint: 10784 ns, Total: 158167 ns
[2020-09-10T17:10:46.162+0000][1][safepoint    ] Safepoint "RevokeBias", Time since last: 71895 ns, Reaching safepoint: 97210 ns, At safepoint: 7915 ns, Total: 105125 ns
[2020-09-10T17:10:46.203+0000][1][safepoint    ] Safepoint "RevokeBias", Time since last: 38536307 ns, Reaching safepoint: 2069276 ns, At safepoint: 23501 ns, Total: 2092777 ns
[2020-09-10T17:10:47.120+0000][1][safepoint    ] Safepoint "RevokeBias", Time since last: 916409963 ns, Reaching safepoint: 134848 ns, At safepoint: 17428 ns, Total: 152276 ns
[2020-09-10T17:10:47.120+0000][1][safepoint    ] Safepoint "RevokeBias", Time since last: 379757 ns, Reaching safepoint: 97488 ns, At safepoint: 11835 ns, Total: 109323 ns
[2020-09-10T17:10:47.281+0000][1][safepoint    ] Safepoint "RevokeBias", Time since last: 160348165 ns, Reaching safepoint: 135090 ns, At safepoint: 18745 ns, Total: 153835 ns
[2020-09-10T17:10:47.724+0000][1][safepoint    ] Safepoint "RevokeBias", Time since last: 443691716 ns, Reaching safepoint: 59030 ns, At safepoint: 14356 ns, Total: 73386 ns
[2020-09-10T17:10:48.249+0000][1][safepoint    ] Safepoint "RevokeBias", Time since last: 522239788 ns, Reaching safepoint: 2571332 ns, At safepoint: 22824 ns, Total: 2594156 ns
[2020-09-10T17:10:48.553+0000][1][safepoint    ] Safepoint "RevokeBias", Time since last: 301195512 ns, Reaching safepoint: 2371372 ns, At safepoint: 26987 ns, Total: 2398359 ns
[2020-09-10T17:10:48.747+0000][1][safepoint    ] Safepoint "RevokeBias", Time since last: 193827561 ns, Reaching safepoint: 157914 ns, At safepoint: 16626 ns, Total: 174540 ns
[2020-09-10T17:10:49.104+0000][1][safepoint    ] Safepoint "RevokeBias", Time since last: 355813318 ns, Reaching safepoint: 884197 ns, At safepoint: 11676 ns, Total: 895873 ns
[2020-09-10T17:10:49.105+0000][1][safepoint    ] Safepoint "RevokeBias", Time since last: 402015 ns, Reaching safepoint: 827317 ns, At safepoint: 7814 ns, Total: 835131 ns
[2020-09-10T17:10:49.257+0000][1][safepoint    ] Safepoint "RevokeBias", Time since last: 150579833 ns, Reaching safepoint: 1348993 ns, At safepoint: 18521 ns, Total: 1367514 ns
[2020-09-10T17:10:49.262+0000][1][safepoint    ] Safepoint "RevokeBias", Time since last: 4305870 ns, Reaching safepoint: 688577 ns, At safepoint: 10437 ns, Total: 699014 ns
[2020-09-10T17:10:49.355+0000][1][safepoint    ] Safepoint "RevokeBias", Time since last: 92571706 ns, Reaching safepoint: 374974 ns, At safepoint: 10024 ns, Total: 384998 ns
[2020-09-10T17:10:49.359+0000][1][safepoint    ] Safepoint "RevokeBias", Time since last: 324711 ns, Reaching safepoint: 3669641 ns, At safepoint: 13832 ns, Total: 3683473 ns
[2020-09-10T17:10:49.387+0000][1][safepoint    ] Safepoint "RevokeBias", Time since last: 28076014 ns, Reaching safepoint: 124367 ns, At safepoint: 18227 ns, Total: 142594 ns
[2020-09-10T17:10:49.729+0000][1][safepoint    ] Safepoint "Deoptimize", Time since last: 341440192 ns, Reaching safepoint: 134929 ns, At safepoint: 377988 ns, Total: 512917 ns
[2020-09-10T17:10:49.803+0000][1][safepoint    ] Safepoint "RevokeBias", Time since last: 71171663 ns, Reaching safepoint: 2647764 ns, At safepoint: 22760 ns, Total: 2670524 ns
[2020-09-10T17:10:49.805+0000][1][safepoint    ] Safepoint "RevokeBias", Time since last: 1385583 ns, Reaching safepoint: 1049484 ns, At safepoint: 55706 ns, Total: 1105190 ns
[2020-09-10T17:10:49.806+0000][1][safepoint    ] Safepoint "RevokeBias", Time since last: 166512 ns, Reaching safepoint: 130112 ns, At safepoint: 34707 ns, Total: 164819 ns
[2020-09-10T17:10:49.843+0000][1][safepoint    ] Safepoint "RevokeBias", Time since last: 37684874 ns, Reaching safepoint: 139177 ns, At safepoint: 18906 ns, Total: 158083 ns
[2020-09-10T17:10:49.844+0000][1][safepoint    ] Safepoint "RevokeBias", Time since last: 75792 ns, Reaching safepoint: 88881 ns, At safepoint: 11376 ns, Total: 100257 ns
[2020-09-10T17:10:49.844+0000][1][safepoint    ] Safepoint "RevokeBias", Time since last: 211755 ns, Reaching safepoint: 89322 ns, At safepoint: 10912 ns, Total: 100234 ns
[2020-09-10T17:10:49.844+0000][1][safepoint    ] Safepoint "RevokeBias", Time since last: 59835 ns, Reaching safepoint: 87649 ns, At safepoint: 12848 ns, Total: 100497 ns
[2020-09-10T17:10:50.066+0000][1][safepoint    ] Safepoint "BulkRevokeBias", Time since last: 221375748 ns, Reaching safepoint: 128718 ns, At safepoint: 148386 ns, Total: 277104 ns
[2020-09-10T17:10:50.066+0000][1][safepoint    ] Safepoint "RevokeBias", Time since last: 76698 ns, Reaching safepoint: 94194 ns, At safepoint: 11484 ns, Total: 105678 ns
[2020-09-10T17:10:50.311+0000][1][safepoint    ] Safepoint "RevokeBias", Time since last: 243239678 ns, Reaching safepoint: 1806646 ns, At safepoint: 21744 ns, Total: 1828390 ns
[2020-09-10T17:10:50.332+0000][1][safepoint    ] Safepoint "RevokeBias", Time since last: 19909114 ns, Reaching safepoint: 1054014 ns, At safepoint: 19085 ns, Total: 1073099 ns
[2020-09-10T17:10:50.343+0000][1][safepoint    ] Safepoint "RevokeBias", Time since last: 10319630 ns, Reaching safepoint: 449175 ns, At safepoint: 16908 ns, Total: 466083 ns
[2020-09-10T17:10:50.344+0000][1][safepoint    ] Safepoint "RevokeBias", Time since last: 76600 ns, Reaching safepoint: 1389571 ns, At safepoint: 16093 ns, Total: 1405664 ns
[2020-09-10T17:10:50.345+0000][1][gc,start     ] GC(67) Pause Young (Allocation Failure)
[2020-09-10T17:10:50.345+0000][1][gc,task      ] GC(67) Using 1 workers of 1 for evacuation
[2020-09-10T17:10:50.415+0000][1][gc,age       ] GC(67) Desired survivor size 4358144 bytes, new threshold 3 (max threshold 6)
[2020-09-10T17:10:50.415+0000][1][gc,age       ] GC(67) Age table with threshold 3 (max threshold 6)
[2020-09-10T17:10:50.415+0000][1][gc,age       ] GC(67) - age   1:    1769192 bytes,    1769192 total
[2020-09-10T17:10:50.415+0000][1][gc,age       ] GC(67) - age   2:    1411504 bytes,    3180696 total
[2020-09-10T17:10:50.415+0000][1][gc,age       ] GC(67) - age   3:    1404760 bytes,    4585456 total
[2020-09-10T17:10:50.421+0000][1][gc,heap      ] GC(67) ParNew: 72981K->6784K(76672K)
[2020-09-10T17:10:50.421+0000][1][gc,heap      ] GC(67) CMS: 95453K->95453K(2011968K)
[2020-09-10T17:10:50.421+0000][1][gc,metaspace ] GC(67) Metaspace: 78194K->78194K(1120256K)
[2020-09-10T17:10:50.421+0000][1][gc           ] GC(67) Pause Young (Allocation Failure) 164M->99M(2039M) 76.269ms
[2020-09-10T17:10:50.421+0000][1][gc,cpu       ] GC(67) User=0.03s Sys=0.00s Real=0.08s
[2020-09-10T17:10:50.423+0000][1][safepoint    ] Safepoint "GenCollectForAllocation", Time since last: 308292 ns, Reaching safepoint: 26932 ns, At safepoint: 78513008 ns, Total: 78539940 ns
[2020-09-10T17:10:50.446+0000][1][safepoint    ] Safepoint "RevokeBias", Time since last: 23365477 ns, Reaching safepoint: 53144 ns, At safepoint: 25733 ns, Total: 78877 ns
[2020-09-10T17:10:50.447+0000][1][safepoint    ] Safepoint "RevokeBias", Time since last: 51085 ns, Reaching safepoint: 16376 ns, At safepoint: 16181 ns, Total: 32557 ns
[2020-09-10T17:10:50.487+0000][1][safepoint    ] Safepoint "RevokeBias", Time since last: 37419190 ns, Reaching safepoint: 2722098 ns, At safepoint: 737717 ns, Total: 3459815 ns
[2020-09-10T17:10:50.684+0000][1][safepoint    ] Safepoint "RevokeBias", Time since last: 193464277 ns, Reaching safepoint: 3192323 ns, At safepoint: 30116 ns, Total: 3222439 ns
[2020-09-10T17:10:50.756+0000][1][safepoint    ] Safepoint "RevokeBias", Time since last: 71248283 ns, Reaching safepoint: 147820 ns, At safepoint: 9321 ns, Total: 157141 ns
[2020-09-10T17:10:50.884+0000][1][safepoint    ] Safepoint "RevokeBias", Time since last: 128436984 ns, Reaching safepoint: 132483 ns, At safepoint: 15754 ns, Total: 148237 ns
[2020-09-10T17:10:51.083+0000][1][safepoint    ] Safepoint "RevokeBias", Time since last: 198572314 ns, Reaching safepoint: 145692 ns, At safepoint: 19615 ns, Total: 165307 ns
[2020-09-10T17:10:51.095+0000][1][safepoint    ] Safepoint "RevokeBias", Time since last: 11419528 ns, Reaching safepoint: 271800 ns, At safepoint: 17738 ns, Total: 289538 ns
[2020-09-10T17:10:51.131+0000][1][safepoint    ] Safepoint "Deoptimize", Time since last: 33823318 ns, Reaching safepoint: 2311788 ns, At safepoint: 397682 ns, Total: 2709470 ns
[2020-09-10T17:10:51.167+0000][1][safepoint    ] Safepoint "RevokeBias", Time since last: 32788796 ns, Reaching safepoint: 2816195 ns, At safepoint: 17416 ns, Total: 2833611 ns
[2020-09-10T17:10:51.175+0000][1][safepoint    ] Safepoint "RevokeBias", Time since last: 7944834 ns, Reaching safepoint: 210841 ns, At safepoint: 22565 ns, Total: 233406 ns
[2020-09-10T17:10:51.196+0000][1][safepoint    ] Safepoint "RevokeBias", Time since last: 18502650 ns, Reaching safepoint: 2835481 ns, At safepoint: 24625 ns, Total: 2860106 ns
[2020-09-10T17:10:51.211+0000][1][safepoint    ] Safepoint "RevokeBias", Time since last: 13821728 ns, Reaching safepoint: 394889 ns, At safepoint: 17257 ns, Total: 412146 ns
[2020-09-10T17:10:51.223+0000][1][safepoint    ] Safepoint "RevokeBias", Time since last: 12160526 ns, Reaching safepoint: 122941 ns, At safepoint: 17090 ns, Total: 140031 ns
[2020-09-10T17:10:51.223+0000][1][safepoint    ] Safepoint "RevokeBias", Time since last: 127896 ns, Reaching safepoint: 91008 ns, At safepoint: 11480 ns, Total: 102488 ns
[2020-09-10T17:10:51.224+0000][1][safepoint    ] Safepoint "RevokeBias", Time since last: 377252 ns, Reaching safepoint: 92109 ns, At safepoint: 11244 ns, Total: 103353 ns
[2020-09-10T17:10:51.302+0000][1][safepoint    ] Safepoint "RevokeBias", Time since last: 78748593 ns, Reaching safepoint: 131515 ns, At safepoint: 15597 ns, Total: 147112 ns
[2020-09-10T17:10:51.305+0000][1][safepoint    ] Safepoint "RevokeBias", Time since last: 2163765 ns, Reaching safepoint: 468799 ns, At safepoint: 16252 ns, Total: 485051 ns
[2020-09-10T17:10:51.503+0000][1][safepoint    ] Safepoint "RevokeBias", Time since last: 196087183 ns, Reaching safepoint: 1564455 ns, At safepoint: 20608 ns, Total: 1585063 ns
[2020-09-10T17:10:51.509+0000][1][safepoint    ] Safepoint "RevokeBias", Time since last: 6214840 ns, Reaching safepoint: 127107 ns, At safepoint: 18600 ns, Total: 145707 ns
[2020-09-10T17:10:51.509+0000][1][safepoint    ] Safepoint "RevokeBias", Time since last: 229652 ns, Reaching safepoint: 98391 ns, At safepoint: 12200 ns, Total: 110591 ns
[2020-09-10T17:10:51.510+0000][1][safepoint    ] Safepoint "RevokeBias", Time since last: 72059 ns, Reaching safepoint: 95518 ns, At safepoint: 11365 ns, Total: 106883 ns
[2020-09-10T17:10:51.510+0000][1][safepoint    ] Safepoint "RevokeBias", Time since last: 49655 ns, Reaching safepoint: 95088 ns, At safepoint: 10728 ns, Total: 105816 ns
[2020-09-10T17:10:51.510+0000][1][safepoint    ] Safepoint "RevokeBias", Time since last: 88281 ns, Reaching safepoint: 381620 ns, At safepoint: 11182 ns, Total: 392802 ns
[2020-09-10T17:10:51.511+0000][1][safepoint    ] Safepoint "RevokeBias", Time since last: 164230 ns, Reaching safepoint: 262185 ns, At safepoint: 11325 ns, Total: 273510 ns
[2020-09-10T17:10:51.578+0000][1][safepoint    ] Safepoint "RevokeBias", Time since last: 66249722 ns, Reaching safepoint: 1040455 ns, At safepoint: 37815 ns, Total: 1078270 ns
[2020-09-10T17:10:51.580+0000][1][safepoint    ] Safepoint "RevokeBias", Time since last: 920143 ns, Reaching safepoint: 1054162 ns, At safepoint: 13512 ns, Total: 1067674 ns
[2020-09-10T17:10:51.609+0000][1][safepoint    ] Safepoint "RevokeBias", Time since last: 28123848 ns, Reaching safepoint: 1006321 ns, At safepoint: 18364 ns, Total: 1024685 ns
[2020-09-10T17:10:51.610+0000][1][safepoint    ] Safepoint "RevokeBias", Time since last: 160296 ns, Reaching safepoint: 592664 ns, At safepoint: 14264 ns, Total: 606928 ns
[2020-09-10T17:10:52.610+0000][1][safepoint    ] Safepoint "Cleanup", Time since last: 1000099033 ns, Reaching safepoint: 81533 ns, At safepoint: 18505 ns, Total: 100038 ns
[2020-09-10T17:10:53.610+0000][1][safepoint    ] Safepoint "Cleanup", Time since last: 1000126669 ns, Reaching safepoint: 66545 ns, At safepoint: 8009 ns, Total: 74554 ns
[2020-09-10T17:10:53.829+0000][1][safepoint    ] Safepoint "RevokeBias", Time since last: 218124627 ns, Reaching safepoint: 151308 ns, At safepoint: 16405 ns, Total: 167713 ns
[2020-09-10T17:10:53.829+0000][1][safepoint    ] Safepoint "RevokeBias", Time since last: 75984 ns, Reaching safepoint: 94710 ns, At safepoint: 10902 ns, Total: 105612 ns
[2020-09-10T17:10:54.829+0000][1][safepoint    ] Safepoint "Cleanup", Time since last: 1000091903 ns, Reaching safepoint: 78020 ns, At safepoint: 8229 ns, Total: 86249 ns
[2020-09-10T17:10:55.295+0000][1][safepoint    ] Safepoint "RevokeBias", Time since last: 466198994 ns, Reaching safepoint: 155961 ns, At safepoint: 18852 ns, Total: 174813 ns
[2020-09-10T17:10:55.358+0000][1][safepoint    ] Safepoint "RevokeBias", Time since last: 60201448 ns, Reaching safepoint: 2183001 ns, At safepoint: 24672 ns, Total: 2207673 ns
[2020-09-10T17:10:55.385+0000][1][safepoint    ] Safepoint "RevokeBias", Time since last: 26720555 ns, Reaching safepoint: 170925 ns, At safepoint: 22775 ns, Total: 193700 ns
[2020-09-10T17:10:56.177+0000][1][safepoint    ] Safepoint "RevokeBias", Time since last: 791828153 ns, Reaching safepoint: 148586 ns, At safepoint: 23301 ns, Total: 171887 ns
[2020-09-10T17:10:57.177+0000][1][safepoint    ] Safepoint "Cleanup", Time since last: 1000115506 ns, Reaching safepoint: 68857 ns, At safepoint: 7781 ns, Total: 76638 ns
[2020-09-10T17:10:58.183+0000][1][safepoint    ] Safepoint "Cleanup", Time since last: 1001803070 ns, Reaching safepoint: 4062049 ns, At safepoint: 14970 ns, Total: 4077019 ns
[2020-09-10T17:10:58.206+0000][1][safepoint    ] Safepoint "RevokeBias", Time since last: 22142721 ns, Reaching safepoint: 841566 ns, At safepoint: 13070 ns, Total: 854636 ns
[2020-09-10T17:10:58.291+0000][1][safepoint    ] Safepoint "RevokeBias", Time since last: 80952848 ns, Reaching safepoint: 4060014 ns, At safepoint: 20875 ns, Total: 4080889 ns
[2020-09-10T17:10:58.291+0000][1][safepoint    ] Safepoint "RevokeBias", Time since last: 411551 ns, Reaching safepoint: 121271 ns, At safepoint: 9814 ns, Total: 131085 ns
[2020-09-10T17:10:58.584+0000][1][safepoint    ] Safepoint "RevokeBias", Time since last: 292827749 ns, Reaching safepoint: 152012 ns, At safepoint: 10065 ns, Total: 162077 ns
[2020-09-10T17:10:58.614+0000][1][safepoint    ] Safepoint "RevokeBias", Time since last: 29166123 ns, Reaching safepoint: 175177 ns, At safepoint: 16843 ns, Total: 192020 ns
[2020-09-10T17:10:58.626+0000][1][safepoint    ] Safepoint "RevokeBias", Time since last: 7924685 ns, Reaching safepoint: 4732863 ns, At safepoint: 35821 ns, Total: 4768684 ns
[2020-09-10T17:10:59.047+0000][1][safepoint    ] Safepoint "RevokeBias", Time since last: 419087203 ns, Reaching safepoint: 1278605 ns, At safepoint: 22357 ns, Total: 1300962 ns
[2020-09-10T17:10:59.047+0000][1][safepoint    ] Safepoint "RevokeBias", Time since last: 73687 ns, Reaching safepoint: 102058 ns, At safepoint: 11877 ns, Total: 113935 ns
[2020-09-10T17:10:59.051+0000][1][safepoint    ] Safepoint "RevokeBias", Time since last: 1783700 ns, Reaching safepoint: 1951777 ns, At safepoint: 41585 ns, Total: 1993362 ns
[2020-09-10T17:11:00.051+0000][1][safepoint    ] Safepoint "Cleanup", Time since last: 1000145327 ns, Reaching safepoint: 140152 ns, At safepoint: 19311 ns, Total: 159463 ns
[2020-09-10T17:11:01.051+0000][1][safepoint    ] Safepoint "Cleanup", Time since last: 1000213078 ns, Reaching safepoint: 151080 ns, At safepoint: 19024 ns, Total: 170104 ns
[2020-09-10T17:11:02.052+0000][1][safepoint    ] Safepoint "Cleanup", Time since last: 1000183028 ns, Reaching safepoint: 113813 ns, At safepoint: 8125 ns, Total: 121938 ns
[2020-09-10T17:11:03.052+0000][1][safepoint    ] Safepoint "Cleanup", Time since last: 1000184793 ns, Reaching safepoint: 158433 ns, At safepoint: 20892 ns, Total: 179325 ns
[2020-09-10T17:11:04.052+0000][1][safepoint    ] Safepoint "Cleanup", Time since last: 1000180582 ns, Reaching safepoint: 117343 ns, At safepoint: 8584 ns, Total: 125927 ns
[2020-09-10T17:11:05.053+0000][1][safepoint    ] Safepoint "Cleanup", Time since last: 1000189292 ns, Reaching safepoint: 160682 ns, At safepoint: 23527 ns, Total: 184209 ns
[2020-09-10T17:11:05.314+0000][1][safepoint    ] Safepoint "Deoptimize", Time since last: 260177443 ns, Reaching safepoint: 401691 ns, At safepoint: 492719 ns, Total: 894410 ns
[2020-09-10T17:11:05.333+0000][1][safepoint    ] Safepoint "RevokeBias", Time since last: 18744312 ns, Reaching safepoint: 191821 ns, At safepoint: 21809 ns, Total: 213630 ns
[2020-09-10T17:11:05.357+0000][1][gc,start     ] GC(68) Pause Young (Allocation Failure)
[2020-09-10T17:11:05.357+0000][1][gc,task      ] GC(68) Using 1 workers of 1 for evacuation
[2020-09-10T17:11:05.386+0000][1][gc,age       ] GC(68) Desired survivor size 4358144 bytes, new threshold 6 (max threshold 6)
[2020-09-10T17:11:05.386+0000][1][gc,age       ] GC(68) Age table with threshold 6 (max threshold 6)
[2020-09-10T17:11:05.386+0000][1][gc,age       ] GC(68) - age   1:    1193288 bytes,    1193288 total
[2020-09-10T17:11:05.386+0000][1][gc,age       ] GC(68) - age   2:    1611240 bytes,    2804528 total
[2020-09-10T17:11:05.386+0000][1][gc,age       ] GC(68) - age   3:    1356440 bytes,    4160968 total
[2020-09-10T17:11:05.386+0000][1][gc,heap      ] GC(68) ParNew: 74944K->4206K(76672K)
[2020-09-10T17:11:05.386+0000][1][gc,heap      ] GC(68) CMS: 95453K->96857K(2011968K)
[2020-09-10T17:11:05.386+0000][1][gc,metaspace ] GC(68) Metaspace: 81996K->81996K(1124352K)
[2020-09-10T17:11:05.386+0000][1][gc           ] GC(68) Pause Young (Allocation Failure) 166M->98M(2039M) 29.273ms
[2020-09-10T17:11:05.386+0000][1][gc,cpu       ] GC(68) User=0.02s Sys=0.00s Real=0.03s
[2020-09-10T17:11:05.390+0000][1][safepoint    ] Safepoint "GenCollectForAllocation", Time since last: 24190040 ns, Reaching safepoint: 182768 ns, At safepoint: 33182845 ns, Total: 33365613 ns
[2020-09-10T17:11:05.449+0000][1][safepoint    ] Safepoint "Deoptimize", Time since last: 57858356 ns, Reaching safepoint: 179002 ns, At safepoint: 440132 ns, Total: 619134 ns
[2020-09-10T17:11:05.472+0000][1][safepoint    ] Safepoint "RevokeBias", Time since last: 22513728 ns, Reaching safepoint: 726845 ns, At safepoint: 41175 ns, Total: 768020 ns
[2020-09-10T17:11:05.488+0000][1][safepoint    ] Safepoint "RevokeBias", Time since last: 15575533 ns, Reaching safepoint: 128572 ns, At safepoint: 21527 ns, Total: 150099 ns
[2020-09-10T17:11:05.575+0000][1][safepoint    ] Safepoint "RevokeBias", Time since last: 87009435 ns, Reaching safepoint: 296901 ns, At safepoint: 91743 ns, Total: 388644 ns
[2020-09-10T17:11:05.588+0000][1][safepoint    ] Safepoint "RevokeBias", Time since last: 12677635 ns, Reaching safepoint: 178602 ns, At safepoint: 21899 ns, Total: 200501 ns
[2020-09-10T17:11:05.712+0000][1][safepoint    ] Safepoint "RevokeBias", Time since last: 124176952 ns, Reaching safepoint: 204382 ns, At safepoint: 12167 ns, Total: 216549 ns
[2020-09-10T17:11:05.716+0000][1][safepoint    ] Safepoint "RevokeBias", Time since last: 3059189 ns, Reaching safepoint: 142155 ns, At safepoint: 20715 ns, Total: 162870 ns
[2020-09-10T17:11:05.722+0000][1][safepoint    ] Safepoint "RevokeBias", Time since last: 5813310 ns, Reaching safepoint: 258762 ns, At safepoint: 10640 ns, Total: 269402 ns
[2020-09-10T17:11:05.758+0000][1][safepoint    ] Safepoint "RevokeBias", Time since last: 35925853 ns, Reaching safepoint: 195811 ns, At safepoint: 18873 ns, Total: 214684 ns
[2020-09-10T17:11:05.758+0000][1][safepoint    ] Safepoint "RevokeBias", Time since last: 69091 ns, Reaching safepoint: 154780 ns, At safepoint: 10742 ns, Total: 165522 ns
[2020-09-10T17:11:06.758+0000][1][safepoint    ] Safepoint "Cleanup", Time since last: 1000127997 ns, Reaching safepoint: 159249 ns, At safepoint: 20330 ns, Total: 179579 ns
[2020-09-10T17:11:07.759+0000][1][safepoint    ] Safepoint "Cleanup", Time since last: 1000223970 ns, Reaching safepoint: 91584 ns, At safepoint: 7429 ns, Total: 99013 ns
[2020-09-10T17:11:08.759+0000][1][safepoint    ] Safepoint "Cleanup", Time since last: 1000172451 ns, Reaching safepoint: 134375 ns, At safepoint: 19949 ns, Total: 154324 ns
[2020-09-10T17:11:09.759+0000][1][safepoint    ] Safepoint "Cleanup", Time since last: 1000176248 ns, Reaching safepoint: 151150 ns, At safepoint: 20627 ns, Total: 171777 ns
[2020-09-10T17:11:10.760+0000][1][safepoint    ] Safepoint "Cleanup", Time since last: 1000225757 ns, Reaching safepoint: 144458 ns, At safepoint: 21219 ns, Total: 165677 ns
[2020-09-10T17:11:11.760+0000][1][safepoint    ] Safepoint "Cleanup", Time since last: 1000212524 ns, Reaching safepoint: 138431 ns, At safepoint: 19929 ns, Total: 158360 ns
[2020-09-10T17:11:12.761+0000][1][safepoint    ] Safepoint "Cleanup", Time since last: 1000181598 ns, Reaching safepoint: 132792 ns, At safepoint: 18552 ns, Total: 151344 ns
[2020-09-10T17:11:13.761+0000][1][safepoint    ] Safepoint "Cleanup", Time since last: 1000223109 ns, Reaching safepoint: 125771 ns, At safepoint: 9812 ns, Total: 135583 ns
[2020-09-10T17:11:14.761+0000][1][safepoint    ] Safepoint "Cleanup", Time since last: 1000154856 ns, Reaching safepoint: 102500 ns, At safepoint: 8696 ns, Total: 111196 ns
[2020-09-10T17:11:15.610+0000][1][safepoint    ] Safepoint "BulkRevokeBias", Time since last: 848203988 ns, Reaching safepoint: 165537 ns, At safepoint: 195952 ns, Total: 361489 ns
[2020-09-10T17:11:16.610+0000][1][safepoint    ] Safepoint "Cleanup", Time since last: 1000178574 ns, Reaching safepoint: 161958 ns, At safepoint: 18981 ns, Total: 180939 ns
[2020-09-10T17:11:17.611+0000][1][safepoint    ] Safepoint "Cleanup", Time since last: 1000226053 ns, Reaching safepoint: 153793 ns, At safepoint: 19898 ns, Total: 173691 ns
[2020-09-10T17:11:18.611+0000][1][safepoint    ] Safepoint "Cleanup", Time since last: 1000248397 ns, Reaching safepoint: 149416 ns, At safepoint: 20073 ns, Total: 169489 ns
[2020-09-10T17:11:19.066+0000][1][safepoint    ] Safepoint "RevokeBias", Time since last: 454634246 ns, Reaching safepoint: 191341 ns, At safepoint: 18588 ns, Total: 209929 ns
[2020-09-10T17:11:19.066+0000][1][safepoint    ] Safepoint "RevokeBias", Time since last: 541783 ns, Reaching safepoint: 151516 ns, At safepoint: 13920 ns, Total: 165436 ns
[2020-09-10T17:11:19.318+0000][1][safepoint    ] Safepoint "RevokeBias", Time since last: 251428197 ns, Reaching safepoint: 208418 ns, At safepoint: 20980 ns, Total: 229398 ns
[2020-09-10T17:11:19.320+0000][1][safepoint    ] Safepoint "RevokeBias", Time since last: 1351226 ns, Reaching safepoint: 212979 ns, At safepoint: 19450 ns, Total: 232429 ns
[2020-09-10T17:11:19.322+0000][1][safepoint    ] Safepoint "RevokeBias", Time since last: 2390626 ns, Reaching safepoint: 174381 ns, At safepoint: 15238 ns, Total: 189619 ns
[2020-09-10T17:11:19.323+0000][1][safepoint    ] Safepoint "RevokeBias", Time since last: 71866 ns, Reaching safepoint: 161392 ns, At safepoint: 23489 ns, Total: 184881 ns
[2020-09-10T17:11:19.331+0000][1][safepoint    ] Safepoint "RevokeBias", Time since last: 8365243 ns, Reaching safepoint: 140793 ns, At safepoint: 22429 ns, Total: 163222 ns
[2020-09-10T17:11:19.375+0000][1][safepoint    ] Safepoint "RevokeBias", Time since last: 43991970 ns, Reaching safepoint: 76038 ns, At safepoint: 21787 ns, Total: 97825 ns
[2020-09-10T17:11:20.377+0000][1][safepoint    ] Safepoint "Cleanup", Time since last: 1001188508 ns, Reaching safepoint: 234180 ns, At safepoint: 21139 ns, Total: 255319 ns
[2020-09-10T17:11:21.377+0000][1][safepoint    ] Safepoint "Cleanup", Time since last: 1000220112 ns, Reaching safepoint: 209547 ns, At safepoint: 21974 ns, Total: 231521 ns
[2020-09-10T17:11:22.377+0000][1][safepoint    ] Safepoint "Cleanup", Time since last: 1000210853 ns, Reaching safepoint: 116579 ns, At safepoint: 9717 ns, Total: 126296 ns
[2020-09-10T17:11:23.378+0000][1][safepoint    ] Safepoint "Cleanup", Time since last: 1000186443 ns, Reaching safepoint: 174199 ns, At safepoint: 20504 ns, Total: 194703 ns
[2020-09-10T17:11:24.378+0000][1][safepoint    ] Safepoint "Cleanup", Time since last: 1000218045 ns, Reaching safepoint: 169869 ns, At safepoint: 22796 ns, Total: 192665 ns
[2020-09-10T17:11:25.380+0000][1][safepoint    ] Safepoint "Cleanup", Time since last: 1001077964 ns, Reaching safepoint: 298902 ns, At safepoint: 7935 ns, Total: 306837 ns
[2020-09-10T17:11:26.380+0000][1][safepoint    ] Safepoint "Cleanup", Time since last: 1000174362 ns, Reaching safepoint: 227675 ns, At safepoint: 14066 ns, Total: 241741 ns
[2020-09-10T17:11:27.380+0000][1][safepoint    ] Safepoint "Cleanup", Time since last: 1000221523 ns, Reaching safepoint: 103855 ns, At safepoint: 7814 ns, Total: 111669 ns
[2020-09-10T17:11:28.381+0000][1][safepoint    ] Safepoint "Cleanup", Time since last: 1000117777 ns, Reaching safepoint: 83596 ns, At safepoint: 8237 ns, Total: 91833 ns
[2020-09-10T17:11:29.381+0000][1][safepoint    ] Safepoint "Cleanup", Time since last: 1000196857 ns, Reaching safepoint: 147869 ns, At safepoint: 18399 ns, Total: 166268 ns
[2020-09-10T17:11:30.382+0000][1][safepoint    ] Safepoint "Cleanup", Time since last: 1001299561 ns, Reaching safepoint: 149286 ns, At safepoint: 19101 ns, Total: 168387 ns
[2020-09-10T17:11:31.383+0000][1][safepoint    ] Safepoint "Cleanup", Time since last: 1000219758 ns, Reaching safepoint: 116785 ns, At safepoint: 7556 ns, Total: 124341 ns
[2020-09-10T17:11:32.383+0000][1][safepoint    ] Safepoint "Cleanup", Time since last: 1000174553 ns, Reaching safepoint: 109222 ns, At safepoint: 7292 ns, Total: 116514 ns
[2020-09-10T17:11:33.383+0000][1][safepoint    ] Safepoint "Cleanup", Time since last: 1000156681 ns, Reaching safepoint: 163461 ns, At safepoint: 20634 ns, Total: 184095 ns
[2020-09-10T17:11:34.384+0000][1][safepoint    ] Safepoint "Cleanup", Time since last: 1000240459 ns, Reaching safepoint: 157848 ns, At safepoint: 22104 ns, Total: 179952 ns
[2020-09-10T17:11:35.385+0000][1][safepoint    ] Safepoint "Cleanup", Time since last: 1001111102 ns, Reaching safepoint: 162967 ns, At safepoint: 8701 ns, Total: 171668 ns
[2020-09-10T17:11:36.385+0000][1][safepoint    ] Safepoint "Cleanup", Time since last: 1000179840 ns, Reaching safepoint: 198702 ns, At safepoint: 19986 ns, Total: 218688 ns
[2020-09-10T17:11:37.386+0000][1][safepoint    ] Safepoint "Cleanup", Time since last: 1000180178 ns, Reaching safepoint: 108592 ns, At safepoint: 6434 ns, Total: 115026 ns
[2020-09-10T17:11:38.386+0000][1][safepoint    ] Safepoint "Cleanup", Time since last: 1000167454 ns, Reaching safepoint: 103937 ns, At safepoint: 7501 ns, Total: 111438 ns
[2020-09-10T17:11:39.386+0000][1][safepoint    ] Safepoint "Cleanup", Time since last: 1000189937 ns, Reaching safepoint: 221883 ns, At safepoint: 7562 ns, Total: 229445 ns
[2020-09-10T17:11:40.387+0000][1][safepoint    ] Safepoint "Cleanup", Time since last: 1000596723 ns, Reaching safepoint: 103489 ns, At safepoint: 9756 ns, Total: 113245 ns
[2020-09-10T17:11:41.387+0000][1][safepoint    ] Safepoint "Cleanup", Time since last: 1000184458 ns, Reaching safepoint: 104632 ns, At safepoint: 6875 ns, Total: 111507 ns
[2020-09-10T17:11:42.388+0000][1][safepoint    ] Safepoint "Cleanup", Time since last: 1000196125 ns, Reaching safepoint: 155423 ns, At safepoint: 20540 ns, Total: 175963 ns
[2020-09-10T17:11:43.388+0000][1][safepoint    ] Safepoint "Cleanup", Time since last: 1000231899 ns, Reaching safepoint: 102737 ns, At safepoint: 6773 ns, Total: 109510 ns
[2020-09-10T17:11:44.388+0000][1][safepoint    ] Safepoint "Cleanup", Time since last: 1000147882 ns, Reaching safepoint: 134983 ns, At safepoint: 18298 ns, Total: 153281 ns
[2020-09-10T17:11:44.958+0000][1][gc,start     ] GC(69) Pause Young (Allocation Failure)
[2020-09-10T17:11:44.959+0000][1][gc,task      ] GC(69) Using 1 workers of 1 for evacuation
[2020-09-10T17:11:44.982+0000][1][gc,age       ] GC(69) Desired survivor size 4358144 bytes, new threshold 6 (max threshold 6)
[2020-09-10T17:11:44.982+0000][1][gc,age       ] GC(69) Age table with threshold 6 (max threshold 6)
[2020-09-10T17:11:44.982+0000][1][gc,age       ] GC(69) - age   1:     407304 bytes,     407304 total
[2020-09-10T17:11:44.983+0000][1][gc,age       ] GC(69) - age   2:     939896 bytes,    1347200 total
[2020-09-10T17:11:44.983+0000][1][gc,age       ] GC(69) - age   3:    1609504 bytes,    2956704 total
[2020-09-10T17:11:44.983+0000][1][gc,age       ] GC(69) - age   4:    1355024 bytes,    4311728 total
[2020-09-10T17:11:44.983+0000][1][gc,heap      ] GC(69) ParNew: 72366K->8198K(76672K)
[2020-09-10T17:11:44.983+0000][1][gc,heap      ] GC(69) CMS: 96857K->96857K(2011968K)
[2020-09-10T17:11:44.983+0000][1][gc,metaspace ] GC(69) Metaspace: 83690K->83690K(1126400K)
[2020-09-10T17:11:44.983+0000][1][gc           ] GC(69) Pause Young (Allocation Failure) 165M->102M(2039M) 24.100ms
[2020-09-10T17:11:44.983+0000][1][gc,cpu       ] GC(69) User=0.03s Sys=0.00s Real=0.03s
[2020-09-10T17:11:44.983+0000][1][safepoint    ] Safepoint "GenCollectForAllocation", Time since last: 569799524 ns, Reaching safepoint: 192136 ns, At safepoint: 24202984 ns, Total: 24395120 ns
[2020-09-10T17:11:45.327+0000][1][safepoint    ] Safepoint "RevokeBias", Time since last: 343669841 ns, Reaching safepoint: 168819 ns, At safepoint: 20671 ns, Total: 189490 ns
[2020-09-10T17:11:46.327+0000][1][safepoint    ] Safepoint "Cleanup", Time since last: 1000139591 ns, Reaching safepoint: 197614 ns, At safepoint: 21238 ns, Total: 218852 ns
[2020-09-10T17:11:47.327+0000][1][safepoint    ] Safepoint "Cleanup", Time since last: 1000235972 ns, Reaching safepoint: 117308 ns, At safepoint: 8237 ns, Total: 125545 ns
[2020-09-10T17:11:48.328+0000][1][safepoint    ] Safepoint "Cleanup", Time since last: 1000193873 ns, Reaching safepoint: 175442 ns, At safepoint: 19004 ns, Total: 194446 ns
[2020-09-10T17:11:49.328+0000][1][safepoint    ] Safepoint "Cleanup", Time since last: 1000188434 ns, Reaching safepoint: 119589 ns, At safepoint: 8241 ns, Total: 127830 ns
[2020-09-10T17:11:50.328+0000][1][safepoint    ] Safepoint "Cleanup", Time since last: 1000201480 ns, Reaching safepoint: 211802 ns, At safepoint: 26745 ns, Total: 238547 ns
[2020-09-10T17:11:51.329+0000][1][safepoint    ] Safepoint "Cleanup", Time since last: 1000198671 ns, Reaching safepoint: 171651 ns, At safepoint: 23196 ns, Total: 194847 ns
[2020-09-10T17:11:52.329+0000][1][safepoint    ] Safepoint "Cleanup", Time since last: 1000234069 ns, Reaching safepoint: 122622 ns, At safepoint: 10303 ns, Total: 132925 ns
[2020-09-10T17:11:53.329+0000][1][safepoint    ] Safepoint "Cleanup", Time since last: 1000154187 ns, Reaching safepoint: 155507 ns, At safepoint: 20878 ns, Total: 176385 ns
[2020-09-10T17:11:54.330+0000][1][safepoint    ] Safepoint "Cleanup", Time since last: 1000224625 ns, Reaching safepoint: 110769 ns, At safepoint: 9074 ns, Total: 119843 ns
[2020-09-10T17:11:55.332+0000][1][safepoint    ] Safepoint "Cleanup", Time since last: 1001559934 ns, Reaching safepoint: 203070 ns, At safepoint: 8922 ns, Total: 211992 ns
[2020-09-10T17:11:56.332+0000][1][safepoint    ] Safepoint "Cleanup", Time since last: 1000154498 ns, Reaching safepoint: 229069 ns, At safepoint: 18753 ns, Total: 247822 ns
[2020-09-10T17:11:57.332+0000][1][safepoint    ] Safepoint "Cleanup", Time since last: 1000202933 ns, Reaching safepoint: 129640 ns, At safepoint: 7616 ns, Total: 137256 ns
[2020-09-10T17:11:58.333+0000][1][safepoint    ] Safepoint "Cleanup", Time since last: 1000582856 ns, Reaching safepoint: 259917 ns, At safepoint: 21880 ns, Total: 281797 ns
[2020-09-10T17:11:59.334+0000][1][safepoint    ] Safepoint "Cleanup", Time since last: 1000180766 ns, Reaching safepoint: 154310 ns, At safepoint: 19592 ns, Total: 173902 ns
[2020-09-10T17:12:00.334+0000][1][safepoint    ] Safepoint "Cleanup", Time since last: 1000211200 ns, Reaching safepoint: 110691 ns, At safepoint: 10813 ns, Total: 121504 ns
[2020-09-10T17:12:01.334+0000][1][safepoint    ] Safepoint "Cleanup", Time since last: 1000200769 ns, Reaching safepoint: 109817 ns, At safepoint: 17284 ns, Total: 127101 ns
[2020-09-10T17:12:02.334+0000][1][safepoint    ] Safepoint "Cleanup", Time since last: 1000145391 ns, Reaching safepoint: 75295 ns, At safepoint: 7983 ns, Total: 83278 ns
[2020-09-10T17:12:03.335+0000][1][safepoint    ] Safepoint "Cleanup", Time since last: 1000237355 ns, Reaching safepoint: 88882 ns, At safepoint: 6900 ns, Total: 95782 ns
[2020-09-10T17:12:04.335+0000][1][safepoint    ] Safepoint "Cleanup", Time since last: 1000568770 ns, Reaching safepoint: 79029 ns, At safepoint: 7099 ns, Total: 86128 ns
[2020-09-10T17:12:05.338+0000][1][safepoint    ] Safepoint "Cleanup", Time since last: 1002271630 ns, Reaching safepoint: 169137 ns, At safepoint: 9011 ns, Total: 178148 ns
[2020-09-10T17:12:06.342+0000][1][safepoint    ] Safepoint "Cleanup", Time since last: 1004081373 ns, Reaching safepoint: 197821 ns, At safepoint: 22401 ns, Total: 220222 ns
[2020-09-10T17:12:07.343+0000][1][safepoint    ] Safepoint "Cleanup", Time since last: 1000239038 ns, Reaching safepoint: 143937 ns, At safepoint: 21352 ns, Total: 165289 ns
[2020-09-10T17:12:08.343+0000][1][safepoint    ] Safepoint "Cleanup", Time since last: 1000234979 ns, Reaching safepoint: 144301 ns, At safepoint: 19258 ns, Total: 163559 ns
[2020-09-10T17:12:09.344+0000][1][safepoint    ] Safepoint "Cleanup", Time since last: 1000862860 ns, Reaching safepoint: 152557 ns, At safepoint: 18666 ns, Total: 171223 ns
[2020-09-10T17:12:10.344+0000][1][safepoint    ] Safepoint "Cleanup", Time since last: 1000223166 ns, Reaching safepoint: 145033 ns, At safepoint: 22137 ns, Total: 167170 ns
[2020-09-10T17:12:11.345+0000][1][safepoint    ] Safepoint "Cleanup", Time since last: 1000228808 ns, Reaching safepoint: 145233 ns, At safepoint: 18272 ns, Total: 163505 ns
[2020-09-10T17:12:12.345+0000][1][safepoint    ] Safepoint "Cleanup", Time since last: 1000189508 ns, Reaching safepoint: 156379 ns, At safepoint: 20280 ns, Total: 176659 ns
[2020-09-10T17:12:13.346+0000][1][safepoint    ] Safepoint "Cleanup", Time since last: 1000240593 ns, Reaching safepoint: 108722 ns, At safepoint: 9519 ns, Total: 118241 ns
[2020-09-10T17:12:14.346+0000][1][safepoint    ] Safepoint "Cleanup", Time since last: 1000217054 ns, Reaching safepoint: 105193 ns, At safepoint: 9712 ns, Total: 114905 ns
[2020-09-10T17:12:15.346+0000][1][safepoint    ] Safepoint "Cleanup", Time since last: 1000120440 ns, Reaching safepoint: 269473 ns, At safepoint: 9084 ns, Total: 278557 ns
[2020-09-10T17:12:15.605+0000][1][safepoint    ] Safepoint "RevokeBias", Time since last: 258570556 ns, Reaching safepoint: 85377 ns, At safepoint: 21252 ns, Total: 106629 ns
[2020-09-10T17:12:16.605+0000][1][safepoint    ] Safepoint "Cleanup", Time since last: 1000167379 ns, Reaching safepoint: 125992 ns, At safepoint: 10700 ns, Total: 136692 ns
[2020-09-10T17:12:17.606+0000][1][safepoint    ] Safepoint "Cleanup", Time since last: 1000196312 ns, Reaching safepoint: 147091 ns, At safepoint: 22158 ns, Total: 169249 ns
[2020-09-10T17:12:18.606+0000][1][safepoint    ] Safepoint "Cleanup", Time since last: 1000229931 ns, Reaching safepoint: 176521 ns, At safepoint: 23424 ns, Total: 199945 ns
[2020-09-10T17:12:19.606+0000][1][safepoint    ] Safepoint "Cleanup", Time since last: 1000225874 ns, Reaching safepoint: 179669 ns, At safepoint: 20477 ns, Total: 200146 ns
[2020-09-10T17:12:20.607+0000][1][safepoint    ] Safepoint "Cleanup", Time since last: 1000235166 ns, Reaching safepoint: 105921 ns, At safepoint: 8611 ns, Total: 114532 ns
[2020-09-10T17:12:21.608+0000][1][safepoint    ] Safepoint "Cleanup", Time since last: 1000676790 ns, Reaching safepoint: 169462 ns, At safepoint: 20096 ns, Total: 189558 ns
[2020-09-10T17:12:22.608+0000][1][safepoint    ] Safepoint "Cleanup", Time since last: 1000201001 ns, Reaching safepoint: 128149 ns, At safepoint: 7447 ns, Total: 135596 ns
[2020-09-10T17:12:23.608+0000][1][safepoint    ] Safepoint "Cleanup", Time since last: 1000190044 ns, Reaching safepoint: 144615 ns, At safepoint: 20199 ns, Total: 164814 ns
[2020-09-10T17:12:24.609+0000][1][safepoint    ] Safepoint "Cleanup", Time since last: 1000231133 ns, Reaching safepoint: 99830 ns, At safepoint: 8915 ns, Total: 108745 ns
[2020-09-10T17:12:25.355+0000][1][safepoint    ] Safepoint "RevokeBias", Time since last: 746074790 ns, Reaching safepoint: 189814 ns, At safepoint: 85202 ns, Total: 275016 ns
[2020-09-10T17:12:25.355+0000][1][safepoint    ] Safepoint "RevokeBias", Time since last: 67336 ns, Reaching safepoint: 183912 ns, At safepoint: 57401 ns, Total: 241313 ns
[2020-09-10T17:12:25.590+0000][1][gc,start     ] GC(70) Pause Young (Allocation Failure)
[2020-09-10T17:12:25.590+0000][1][gc,task      ] GC(70) Using 1 workers of 1 for evacuation
[2020-09-10T17:12:25.618+0000][1][gc,age       ] GC(70) Desired survivor size 4358144 bytes, new threshold 6 (max threshold 6)
[2020-09-10T17:12:25.618+0000][1][gc,age       ] GC(70) Age table with threshold 6 (max threshold 6)
[2020-09-10T17:12:25.618+0000][1][gc,age       ] GC(70) - age   1:      67448 bytes,      67448 total
[2020-09-10T17:12:25.618+0000][1][gc,age       ] GC(70) - age   2:     372168 bytes,     439616 total
[2020-09-10T17:12:25.618+0000][1][gc,age       ] GC(70) - age   3:     939720 bytes,    1379336 total
[2020-09-10T17:12:25.618+0000][1][gc,age       ] GC(70) - age   4:    1609504 bytes,    2988840 total
[2020-09-10T17:12:25.618+0000][1][gc,age       ] GC(70) - age   5:    1355024 bytes,    4343864 total
[2020-09-10T17:12:25.618+0000][1][gc,heap      ] GC(70) ParNew: 76358K->5207K(76672K)
[2020-09-10T17:12:25.618+0000][1][gc,heap      ] GC(70) CMS: 96857K->96857K(2011968K)
[2020-09-10T17:12:25.618+0000][1][gc,metaspace ] GC(70) Metaspace: 84311K->84311K(1126400K)
[2020-09-10T17:12:25.618+0000][1][gc           ] GC(70) Pause Young (Allocation Failure) 169M->99M(2039M) 28.032ms
[2020-09-10T17:12:25.618+0000][1][gc,cpu       ] GC(70) User=0.02s Sys=0.00s Real=0.02s
[2020-09-10T17:12:25.618+0000][1][safepoint    ] Safepoint "GenCollectForAllocation", Time since last: 234440323 ns, Reaching safepoint: 192375 ns, At safepoint: 28110891 ns, Total: 28303266 ns
[2020-09-10T17:12:26.623+0000][1][safepoint    ] Safepoint "Cleanup", Time since last: 1004317197 ns, Reaching safepoint: 94901 ns, At safepoint: 7781 ns, Total: 102682 ns
[2020-09-10T17:12:27.623+0000][1][safepoint    ] Safepoint "Cleanup", Time since last: 1000156173 ns, Reaching safepoint: 161738 ns, At safepoint: 21359 ns, Total: 183097 ns
[2020-09-10T17:12:28.623+0000][1][safepoint    ] Safepoint "Cleanup", Time since last: 1000188145 ns, Reaching safepoint: 142019 ns, At safepoint: 19247 ns, Total: 161266 ns
[2020-09-10T17:12:29.624+0000][1][safepoint    ] Safepoint "Cleanup", Time since last: 1000215826 ns, Reaching safepoint: 100612 ns, At safepoint: 7064 ns, Total: 107676 ns
[2020-09-10T17:12:30.624+0000][1][safepoint    ] Safepoint "Cleanup", Time since last: 1000162243 ns, Reaching safepoint: 152162 ns, At safepoint: 19164 ns, Total: 171326 ns
[2020-09-10T17:12:31.624+0000][1][safepoint    ] Safepoint "Cleanup", Time since last: 1000194129 ns, Reaching safepoint: 162981 ns, At safepoint: 18462 ns, Total: 181443 ns
[2020-09-10T17:12:32.627+0000][1][safepoint    ] Safepoint "Cleanup", Time since last: 1002386097 ns, Reaching safepoint: 78951 ns, At safepoint: 9786 ns, Total: 88737 ns
[2020-09-10T17:12:33.628+0000][1][safepoint    ] Safepoint "Cleanup", Time since last: 1001080613 ns, Reaching safepoint: 181236 ns, At safepoint: 10674 ns, Total: 191910 ns
[2020-09-10T17:12:34.628+0000][1][safepoint    ] Safepoint "Cleanup", Time since last: 1000155267 ns, Reaching safepoint: 124224 ns, At safepoint: 7687 ns, Total: 131911 ns
[2020-09-10T17:12:35.629+0000][1][safepoint    ] Safepoint "Cleanup", Time since last: 1000184045 ns, Reaching safepoint: 119895 ns, At safepoint: 7513 ns, Total: 127408 ns
[2020-09-10T17:12:36.630+0000][1][safepoint    ] Safepoint "Cleanup", Time since last: 1000959866 ns, Reaching safepoint: 89169 ns, At safepoint: 8814 ns, Total: 97983 ns
[2020-09-10T17:12:37.630+0000][1][safepoint    ] Safepoint "Cleanup", Time since last: 1000149647 ns, Reaching safepoint: 152517 ns, At safepoint: 20444 ns, Total: 172961 ns
[2020-09-10T17:12:38.599+0000][1][safepoint    ] Safepoint "RevokeBias", Time since last: 968381481 ns, Reaching safepoint: 137129 ns, At safepoint: 9939 ns, Total: 147068 ns
[2020-09-10T17:12:38.599+0000][1][safepoint    ] Safepoint "RevokeBias", Time since last: 95427 ns, Reaching safepoint: 54896 ns, At safepoint: 6123 ns, Total: 61019 ns
[2020-09-10T17:12:38.599+0000][1][safepoint    ] Safepoint "RevokeBias", Time since last: 634130 ns, Reaching safepoint: 128987 ns, At safepoint: 8789 ns, Total: 137776 ns
[2020-09-10T17:12:38.602+0000][1][safepoint    ] Safepoint "RevokeBias", Time since last: 2082850 ns, Reaching safepoint: 753991 ns, At safepoint: 10209 ns, Total: 764200 ns
[2020-09-10T17:12:38.603+0000][1][safepoint    ] Safepoint "RevokeBias", Time since last: 105681 ns, Reaching safepoint: 276984 ns, At safepoint: 7936 ns, Total: 284920 ns
[2020-09-10T17:12:38.603+0000][1][safepoint    ] Safepoint "RevokeBias", Time since last: 42079 ns, Reaching safepoint: 192446 ns, At safepoint: 7451 ns, Total: 199897 ns
[2020-09-10T17:12:38.603+0000][1][safepoint    ] Safepoint "RevokeBias", Time since last: 221841 ns, Reaching safepoint: 143038 ns, At safepoint: 16572 ns, Total: 159610 ns
[2020-09-10T17:12:38.609+0000][1][safepoint    ] Safepoint "RevokeBias", Time since last: 5674085 ns, Reaching safepoint: 188045 ns, At safepoint: 9817 ns, Total: 197862 ns
[2020-09-10T17:12:38.613+0000][1][safepoint    ] Safepoint "RevokeBias", Time since last: 3308662 ns, Reaching safepoint: 212599 ns, At safepoint: 12011 ns, Total: 224610 ns
[2020-09-10T17:12:38.616+0000][1][safepoint    ] Safepoint "RevokeBias", Time since last: 3584680 ns, Reaching safepoint: 139951 ns, At safepoint: 8979 ns, Total: 148930 ns
[2020-09-10T17:12:38.617+0000][1][safepoint    ] Safepoint "RevokeBias", Time since last: 75768 ns, Reaching safepoint: 96847 ns, At safepoint: 6534 ns, Total: 103381 ns
[2020-09-10T17:12:38.617+0000][1][safepoint    ] Safepoint "RevokeBias", Time since last: 48088 ns, Reaching safepoint: 102891 ns, At safepoint: 7349 ns, Total: 110240 ns
[2020-09-10T17:12:38.617+0000][1][safepoint    ] Safepoint "RevokeBias", Time since last: 80972 ns, Reaching safepoint: 161536 ns, At safepoint: 7267 ns, Total: 168803 ns
[2020-09-10T17:12:38.617+0000][1][safepoint    ] Safepoint "RevokeBias", Time since last: 46295 ns, Reaching safepoint: 139596 ns, At safepoint: 6926 ns, Total: 146522 ns
[2020-09-10T17:12:38.618+0000][1][safepoint    ] Safepoint "RevokeBias", Time since last: 173886 ns, Reaching safepoint: 140670 ns, At safepoint: 6951 ns, Total: 147621 ns
[2020-09-10T17:12:38.618+0000][1][safepoint    ] Safepoint "RevokeBias", Time since last: 594889 ns, Reaching safepoint: 176622 ns, At safepoint: 8112 ns, Total: 184734 ns
[2020-09-10T17:12:38.623+0000][1][safepoint    ] Safepoint "RevokeBias", Time since last: 4500054 ns, Reaching safepoint: 137006 ns, At safepoint: 10167 ns, Total: 147173 ns
[2020-09-10T17:12:38.848+0000][1][safepoint    ] Safepoint "RevokeBias", Time since last: 224840147 ns, Reaching safepoint: 135988 ns, At safepoint: 45090 ns, Total: 181078 ns
[2020-09-10T17:12:38.851+0000][1][safepoint    ] Safepoint "RevokeBias", Time since last: 2787327 ns, Reaching safepoint: 119464 ns, At safepoint: 19819 ns, Total: 139283 ns
[2020-09-10T17:12:38.856+0000][1][safepoint    ] Safepoint "RevokeBias", Time since last: 5408062 ns, Reaching safepoint: 66346 ns, At safepoint: 8910 ns, Total: 75256 ns
[2020-09-10T17:12:38.857+0000][1][safepoint    ] Safepoint "RevokeBias", Time since last: 68204 ns, Reaching safepoint: 41029 ns, At safepoint: 5340 ns, Total: 46369 ns
[2020-09-10T17:12:38.857+0000][1][safepoint    ] Safepoint "RevokeBias", Time since last: 45135 ns, Reaching safepoint: 33829 ns, At safepoint: 4982 ns, Total: 38811 ns
[2020-09-10T17:12:38.857+0000][1][safepoint    ] Safepoint "RevokeBias", Time since last: 282239 ns, Reaching safepoint: 37478 ns, At safepoint: 5470 ns, Total: 42948 ns
[2020-09-10T17:12:38.857+0000][1][safepoint    ] Safepoint "RevokeBias", Time since last: 48330 ns, Reaching safepoint: 29100 ns, At safepoint: 4425 ns, Total: 33525 ns
[2020-09-10T17:12:38.858+0000][1][safepoint    ] Safepoint "RevokeBias", Time since last: 465950 ns, Reaching safepoint: 28525 ns, At safepoint: 5017 ns, Total: 33542 ns
[2020-09-10T17:12:38.858+0000][1][safepoint    ] Safepoint "RevokeBias", Time since last: 36525 ns, Reaching safepoint: 25149 ns, At safepoint: 4237 ns, Total: 29386 ns
[2020-09-10T17:12:38.858+0000][1][safepoint    ] Safepoint "RevokeBias", Time since last: 95666 ns, Reaching safepoint: 26434 ns, At safepoint: 4505 ns, Total: 30939 ns
[2020-09-10T17:12:38.858+0000][1][safepoint    ] Safepoint "RevokeBias", Time since last: 31164 ns, Reaching safepoint: 23474 ns, At safepoint: 4196 ns, Total: 27670 ns
[2020-09-10T17:12:38.859+0000][1][safepoint    ] Safepoint "RevokeBias", Time since last: 770568 ns, Reaching safepoint: 151624 ns, At safepoint: 7839 ns, Total: 159463 ns
[2020-09-10T17:12:38.859+0000][1][safepoint    ] Safepoint "RevokeBias", Time since last: 43524 ns, Reaching safepoint: 133749 ns, At safepoint: 6478 ns, Total: 140227 ns
[2020-09-10T17:12:38.859+0000][1][safepoint    ] Safepoint "RevokeBias", Time since last: 37729 ns, Reaching safepoint: 143343 ns, At safepoint: 14133 ns, Total: 157476 ns
[2020-09-10T17:12:38.859+0000][1][safepoint    ] Safepoint "RevokeBias", Time since last: 50928 ns, Reaching safepoint: 148397 ns, At safepoint: 14424 ns, Total: 162821 ns
[2020-09-10T17:12:38.860+0000][1][safepoint    ] Safepoint "RevokeBias", Time since last: 59334 ns, Reaching safepoint: 143047 ns, At safepoint: 13652 ns, Total: 156699 ns
[2020-09-10T17:12:38.860+0000][1][safepoint    ] Safepoint "RevokeBias", Time since last: 68517 ns, Reaching safepoint: 144547 ns, At safepoint: 13495 ns, Total: 158042 ns
[2020-09-10T17:12:38.861+0000][1][safepoint    ] Safepoint "RevokeBias", Time since last: 1135237 ns, Reaching safepoint: 144066 ns, At safepoint: 27391 ns, Total: 171457 ns
[2020-09-10T17:12:38.862+0000][1][safepoint    ] Safepoint "RevokeBias", Time since last: 996850 ns, Reaching safepoint: 148919 ns, At safepoint: 24861 ns, Total: 173780 ns
[2020-09-10T17:12:38.863+0000][1][safepoint    ] Safepoint "RevokeBias", Time since last: 550258 ns, Reaching safepoint: 143305 ns, At safepoint: 25584 ns, Total: 168889 ns
[2020-09-10T17:12:38.864+0000][1][safepoint    ] Safepoint "RevokeBias", Time since last: 462883 ns, Reaching safepoint: 109136 ns, At safepoint: 23946 ns, Total: 133082 ns
[2020-09-10T17:12:38.864+0000][1][safepoint    ] Safepoint "RevokeBias", Time since last: 443511 ns, Reaching safepoint: 144443 ns, At safepoint: 23277 ns, Total: 167720 ns
[2020-09-10T17:12:38.865+0000][1][safepoint    ] Safepoint "RevokeBias", Time since last: 425467 ns, Reaching safepoint: 144001 ns, At safepoint: 23092 ns, Total: 167093 ns
[2020-09-10T17:12:38.865+0000][1][safepoint    ] Safepoint "RevokeBias", Time since last: 406566 ns, Reaching safepoint: 107161 ns, At safepoint: 41795 ns, Total: 148956 ns
[2020-09-10T17:12:38.866+0000][1][safepoint    ] Safepoint "RevokeBias", Time since last: 406308 ns, Reaching safepoint: 139258 ns, At safepoint: 24450 ns, Total: 163708 ns
[2020-09-10T17:12:38.866+0000][1][safepoint    ] Safepoint "RevokeBias", Time since last: 382547 ns, Reaching safepoint: 139455 ns, At safepoint: 22870 ns, Total: 162325 ns
[2020-09-10T17:12:38.867+0000][1][safepoint    ] Safepoint "RevokeBias", Time since last: 464992 ns, Reaching safepoint: 151042 ns, At safepoint: 23078 ns, Total: 174120 ns
[2020-09-10T17:12:38.868+0000][1][safepoint    ] Safepoint "RevokeBias", Time since last: 975576 ns, Reaching safepoint: 143395 ns, At safepoint: 23211 ns, Total: 166606 ns
[2020-09-10T17:12:38.873+0000][1][safepoint    ] Safepoint "RevokeBias", Time since last: 4115887 ns, Reaching safepoint: 183677 ns, At safepoint: 37182 ns, Total: 220859 ns
[2020-09-10T17:12:38.876+0000][1][safepoint    ] Safepoint "RevokeBias", Time since last: 3677926 ns, Reaching safepoint: 185722 ns, At safepoint: 43155 ns, Total: 228877 ns
[2020-09-10T17:12:38.881+0000][1][safepoint    ] Safepoint "RevokeBias", Time since last: 3982830 ns, Reaching safepoint: 284331 ns, At safepoint: 33054 ns, Total: 317385 ns
[2020-09-10T17:12:38.883+0000][1][safepoint    ] Safepoint "RevokeBias", Time since last: 1051821 ns, Reaching safepoint: 157177 ns, At safepoint: 820821 ns, Total: 977998 ns
[2020-09-10T17:12:38.883+0000][1][safepoint    ] Safepoint "RevokeBias", Time since last: 30129 ns, Reaching safepoint: 133034 ns, At safepoint: 28323 ns, Total: 161357 ns
[2020-09-10T17:12:38.889+0000][1][safepoint    ] Safepoint "RevokeBias", Time since last: 4125834 ns, Reaching safepoint: 177410 ns, At safepoint: 2023267 ns, Total: 2200677 ns
[2020-09-10T17:12:38.891+0000][1][safepoint    ] Safepoint "RevokeBias", Time since last: 1142642 ns, Reaching safepoint: 266570 ns, At safepoint: 112948 ns, Total: 379518 ns
[2020-09-10T17:12:38.892+0000][1][safepoint    ] Safepoint "RevokeBias", Time since last: 25478 ns, Reaching safepoint: 140623 ns, At safepoint: 1086291 ns, Total: 1226914 ns
[2020-09-10T17:12:38.893+0000][1][safepoint    ] Safepoint "RevokeBias", Time since last: 51384 ns, Reaching safepoint: 154712 ns, At safepoint: 250528 ns, Total: 405240 ns
[2020-09-10T17:12:38.957+0000][1][safepoint    ] Safepoint "BulkRevokeBias", Time since last: 63717550 ns, Reaching safepoint: 149176 ns, At safepoint: 169703 ns, Total: 318879 ns
[2020-09-10T17:12:38.977+0000][1][safepoint    ] Safepoint "RevokeBias", Time since last: 14017958 ns, Reaching safepoint: 6353778 ns, At safepoint: 13326 ns, Total: 6367104 ns
[2020-09-10T17:12:38.981+0000][1][safepoint    ] Safepoint "RevokeBias", Time since last: 1918900 ns, Reaching safepoint: 2101557 ns, At safepoint: 14736 ns, Total: 2116293 ns
[2020-09-10T17:12:38.991+0000][1][safepoint    ] Safepoint "RevokeBias", Time since last: 4484456 ns, Reaching safepoint: 5342724 ns, At safepoint: 20005 ns, Total: 5362729 ns
[2020-09-10T17:12:38.992+0000][1][safepoint    ] Safepoint "RevokeBias", Time since last: 181715 ns, Reaching safepoint: 535266 ns, At safepoint: 43046 ns, Total: 578312 ns
[2020-09-10T17:12:38.992+0000][1][safepoint    ] Safepoint "RevokeBias", Time since last: 57187 ns, Reaching safepoint: 645062 ns, At safepoint: 30444 ns, Total: 675506 ns
[2020-09-10T17:12:39.013+0000][1][safepoint    ] Safepoint "RevokeBias", Time since last: 20315362 ns, Reaching safepoint: 451604 ns, At safepoint: 32247 ns, Total: 483851 ns
[2020-09-10T17:12:39.013+0000][1][safepoint    ] Safepoint "RevokeBias", Time since last: 68917 ns, Reaching safepoint: 29610 ns, At safepoint: 10053 ns, Total: 39663 ns
[2020-09-10T17:12:39.014+0000][1][safepoint    ] Safepoint "RevokeBias", Time since last: 303828 ns, Reaching safepoint: 26345 ns, At safepoint: 12283 ns, Total: 38628 ns
[2020-09-10T17:12:39.014+0000][1][safepoint    ] Safepoint "RevokeBias", Time since last: 37274 ns, Reaching safepoint: 23747 ns, At safepoint: 9424 ns, Total: 33171 ns
[2020-09-10T17:12:39.014+0000][1][safepoint    ] Safepoint "RevokeBias", Time since last: 38723 ns, Reaching safepoint: 22435 ns, At safepoint: 9500 ns, Total: 31935 ns
[2020-09-10T17:12:39.014+0000][1][safepoint    ] Safepoint "RevokeBias", Time since last: 29550 ns, Reaching safepoint: 22969 ns, At safepoint: 9302 ns, Total: 32271 ns
[2020-09-10T17:12:39.014+0000][1][safepoint    ] Safepoint "RevokeBias", Time since last: 103224 ns, Reaching safepoint: 22688 ns, At safepoint: 9818 ns, Total: 32506 ns
[2020-09-10T17:12:39.014+0000][1][safepoint    ] Safepoint "RevokeBias", Time since last: 51752 ns, Reaching safepoint: 22572 ns, At safepoint: 9550 ns, Total: 32122 ns
[2020-09-10T17:12:39.014+0000][1][safepoint    ] Safepoint "RevokeBias", Time since last: 30720 ns, Reaching safepoint: 22534 ns, At safepoint: 9259 ns, Total: 31793 ns
[2020-09-10T17:12:39.014+0000][1][safepoint    ] Safepoint "RevokeBias", Time since last: 34360 ns, Reaching safepoint: 21815 ns, At safepoint: 9589 ns, Total: 31404 ns
[2020-09-10T17:12:39.014+0000][1][safepoint    ] Safepoint "RevokeBias", Time since last: 39606 ns, Reaching safepoint: 21883 ns, At safepoint: 9251 ns, Total: 31134 ns
[2020-09-10T17:12:39.014+0000][1][safepoint    ] Safepoint "RevokeBias", Time since last: 29253 ns, Reaching safepoint: 22433 ns, At safepoint: 9160 ns, Total: 31593 ns
[2020-09-10T17:12:39.014+0000][1][safepoint    ] Safepoint "RevokeBias", Time since last: 33664 ns, Reaching safepoint: 21806 ns, At safepoint: 9215 ns, Total: 31021 ns
[2020-09-10T17:12:39.017+0000][1][safepoint    ] Safepoint "RevokeBias", Time since last: 2724059 ns, Reaching safepoint: 130383 ns, At safepoint: 18118 ns, Total: 148501 ns
[2020-09-10T17:12:39.017+0000][1][safepoint    ] Safepoint "RevokeBias", Time since last: 93031 ns, Reaching safepoint: 96100 ns, At safepoint: 12854 ns, Total: 108954 ns
[2020-09-10T17:12:39.018+0000][1][safepoint    ] Safepoint "RevokeBias", Time since last: 53481 ns, Reaching safepoint: 93160 ns, At safepoint: 11443 ns, Total: 104603 ns
[2020-09-10T17:12:39.018+0000][1][safepoint    ] Safepoint "RevokeBias", Time since last: 41551 ns, Reaching safepoint: 93120 ns, At safepoint: 11272 ns, Total: 104392 ns
[2020-09-10T17:12:39.020+0000][1][safepoint    ] Safepoint "RevokeBias", Time since last: 1943352 ns, Reaching safepoint: 115849 ns, At safepoint: 17439 ns, Total: 133288 ns
[2020-09-10T17:12:39.020+0000][1][safepoint    ] Safepoint "RevokeBias", Time since last: 62347 ns, Reaching safepoint: 93831 ns, At safepoint: 20684 ns, Total: 114515 ns
[2020-09-10T17:12:39.020+0000][1][safepoint    ] Safepoint "RevokeBias", Time since last: 48499 ns, Reaching safepoint: 96204 ns, At safepoint: 19645 ns, Total: 115849 ns
[2020-09-10T17:12:39.026+0000][1][safepoint    ] Safepoint "RevokeBias", Time since last: 5898716 ns, Reaching safepoint: 134771 ns, At safepoint: 32600 ns, Total: 167371 ns
[2020-09-10T17:12:39.030+0000][1][safepoint    ] Safepoint "RevokeBias", Time since last: 2196096 ns, Reaching safepoint: 2038013 ns, At safepoint: 42787 ns, Total: 2080800 ns
[2020-09-10T17:12:39.080+0000][1][safepoint    ] Safepoint "RevokeBias", Time since last: 39473957 ns, Reaching safepoint: 9923151 ns, At safepoint: 35585 ns, Total: 9958736 ns
[2020-09-10T17:12:39.081+0000][1][safepoint    ] Safepoint "RevokeBias", Time since last: 913736 ns, Reaching safepoint: 121165 ns, At safepoint: 19482 ns, Total: 140647 ns
[2020-09-10T17:12:39.081+0000][1][safepoint    ] Safepoint "RevokeBias", Time since last: 119940 ns, Reaching safepoint: 110635 ns, At safepoint: 15967 ns, Total: 126602 ns
[2020-09-10T17:12:39.081+0000][1][safepoint    ] Safepoint "RevokeBias", Time since last: 57274 ns, Reaching safepoint: 104165 ns, At safepoint: 15081 ns, Total: 119246 ns
[2020-09-10T17:12:39.082+0000][1][safepoint    ] Safepoint "RevokeBias", Time since last: 61986 ns, Reaching safepoint: 104311 ns, At safepoint: 14878 ns, Total: 119189 ns
[2020-09-10T17:12:39.082+0000][1][safepoint    ] Safepoint "RevokeBias", Time since last: 108803 ns, Reaching safepoint: 101739 ns, At safepoint: 14434 ns, Total: 116173 ns
[2020-09-10T17:12:39.087+0000][1][safepoint    ] Safepoint "RevokeBias", Time since last: 5020641 ns, Reaching safepoint: 129502 ns, At safepoint: 22845 ns, Total: 152347 ns
[2020-09-10T17:12:39.095+0000][1][safepoint    ] Safepoint "RevokeBias", Time since last: 7771443 ns, Reaching safepoint: 136961 ns, At safepoint: 12740 ns, Total: 149701 ns
[2020-09-10T17:12:39.107+0000][1][safepoint    ] Safepoint "RevokeBias", Time since last: 10902298 ns, Reaching safepoint: 952814 ns, At safepoint: 32206 ns, Total: 985020 ns
[2020-09-10T17:12:39.115+0000][1][safepoint    ] Safepoint "RevokeBias", Time since last: 8056086 ns, Reaching safepoint: 130380 ns, At safepoint: 35970 ns, Total: 166350 ns
[2020-09-10T17:12:39.136+0000][1][safepoint    ] Safepoint "RevokeBias", Time since last: 21093812 ns, Reaching safepoint: 132528 ns, At safepoint: 8803 ns, Total: 141331 ns
[2020-09-10T17:12:39.152+0000][1][safepoint    ] Safepoint "RevokeBias", Time since last: 15250218 ns, Reaching safepoint: 137813 ns, At safepoint: 10430 ns, Total: 148243 ns
[2020-09-10T17:12:39.223+0000][1][safepoint    ] Safepoint "RevokeBias", Time since last: 71123510 ns, Reaching safepoint: 152066 ns, At safepoint: 12689 ns, Total: 164755 ns
[2020-09-10T17:12:39.232+0000][1][safepoint    ] Safepoint "RevokeBias", Time since last: 8586325 ns, Reaching safepoint: 96607 ns, At safepoint: 9304 ns, Total: 105911 ns
[2020-09-10T17:12:39.232+0000][1][safepoint    ] Safepoint "RevokeBias", Time since last: 90628 ns, Reaching safepoint: 81922 ns, At safepoint: 5584 ns, Total: 87506 ns
[2020-09-10T17:12:39.233+0000][1][safepoint    ] Safepoint "RevokeBias", Time since last: 1116151 ns, Reaching safepoint: 82316 ns, At safepoint: 14616 ns, Total: 96932 ns
[2020-09-10T17:12:39.250+0000][1][safepoint    ] Safepoint "RevokeBias", Time since last: 16993095 ns, Reaching safepoint: 100078 ns, At safepoint: 8664 ns, Total: 108742 ns
[2020-09-10T17:12:39.271+0000][1][gc,heap,exit ] Heap
[2020-09-10T17:12:39.271+0000][1][gc,heap,exit ]  par new generation   total 76672K, used 29718K [0x0000000080000000, 0x0000000085330000, 0x0000000085330000)
[2020-09-10T17:12:39.271+0000][1][gc,heap,exit ]   eden space 68160K,  35% used [0x0000000080000000, 0x00000000817efc20, 0x0000000084290000)
[2020-09-10T17:12:39.271+0000][1][gc,heap,exit ]   from space 8512K,  61% used [0x0000000084290000, 0x00000000847a5e70, 0x0000000084ae0000)
[2020-09-10T17:12:39.271+0000][1][gc,heap,exit ]   to   space 8512K,   0% used [0x0000000084ae0000, 0x0000000084ae0000, 0x0000000085330000)
[2020-09-10T17:12:39.271+0000][1][gc,heap,exit ]  concurrent mark-sweep generation total 2011968K, used 96857K [0x0000000085330000, 0x0000000100000000, 0x0000000100000000)
[2020-09-10T17:12:39.271+0000][1][gc,heap,exit ]  Metaspace       used 84610K, capacity 91270K, committed 91428K, reserved 1126400K
[2020-09-10T17:12:39.271+0000][1][gc,heap,exit ]   class space    used 11326K, capacity 14066K, committed 14164K, reserved 1048576K
