[2020-09-11T15:39:35.512+0000][1][gc] Using Concurrent Mark Sweep
[2020-09-11T15:39:35.512+0000][1][gc,heap,coops] Heap address: 0x0000000080000000, size: 2048 MB, Compressed Oops mode: 32-bit
[2020-09-11T15:39:35.765+0000][1][safepoint    ] Safepoint "EnableBiasedLocking", Time since last: 221425181 ns, Reaching safepoint: 3188894 ns, At safepoint: 38838 ns, Total: 3227732 ns
[2020-09-11T15:39:35.769+0000][1][safepoint    ] Safepoint "RevokeBias", Time since last: 2843143 ns, Reaching safepoint: 1094454 ns, At safepoint: 32290 ns, Total: 1126744 ns
[2020-09-11T15:39:35.817+0000][1][safepoint    ] Safepoint "Deoptimize", Time since last: 47998727 ns, Reaching safepoint: 96774 ns, At safepoint: 22279 ns, Total: 119053 ns
[2020-09-11T15:39:36.310+0000][1][safepoint    ] Safepoint "Deoptimize", Time since last: 491881171 ns, Reaching safepoint: 759746 ns, At safepoint: 33288 ns, Total: 793034 ns
[2020-09-11T15:39:36.317+0000][1][safepoint    ] Safepoint "Deoptimize", Time since last: 1932827 ns, Reaching safepoint: 5253071 ns, At safepoint: 43683 ns, Total: 5296754 ns
[2020-09-11T15:39:36.493+0000][1][safepoint    ] Safepoint "Deoptimize", Time since last: 170045020 ns, Reaching safepoint: 5915919 ns, At safepoint: 45848 ns, Total: 5961767 ns
[2020-09-11T15:39:37.498+0000][1][safepoint    ] Safepoint "Cleanup", Time since last: 1005473720 ns, Reaching safepoint: 132044 ns, At safepoint: 6135 ns, Total: 138179 ns
[2020-09-11T15:39:38.499+0000][1][safepoint    ] Safepoint "Cleanup", Time since last: 1000109459 ns, Reaching safepoint: 122691 ns, At safepoint: 4981 ns, Total: 127672 ns
[2020-09-11T15:39:38.541+0000][1][safepoint    ] Safepoint "Deoptimize", Time since last: 38494660 ns, Reaching safepoint: 3601447 ns, At safepoint: 71935 ns, Total: 3673382 ns
[2020-09-11T15:39:38.829+0000][1][safepoint    ] Safepoint "Deoptimize", Time since last: 284573200 ns, Reaching safepoint: 3365521 ns, At safepoint: 71904 ns, Total: 3437425 ns
[2020-09-11T15:39:39.121+0000][1][safepoint    ] Safepoint "Deoptimize", Time since last: 291192671 ns, Reaching safepoint: 738459 ns, At safepoint: 67732 ns, Total: 806191 ns
[2020-09-11T15:39:40.123+0000][1][safepoint    ] Safepoint "Cleanup", Time since last: 1002053627 ns, Reaching safepoint: 151108 ns, At safepoint: 5788 ns, Total: 156896 ns
[2020-09-11T15:39:41.053+0000][1][safepoint    ] Safepoint "Deoptimize", Time since last: 929726832 ns, Reaching safepoint: 109067 ns, At safepoint: 86306 ns, Total: 195373 ns
[2020-09-11T15:39:42.053+0000][1][safepoint    ] Safepoint "Cleanup", Time since last: 1000102800 ns, Reaching safepoint: 42693 ns, At safepoint: 6495 ns, Total: 49188 ns
[2020-09-11T15:39:43.245+0000][1][safepoint    ] Safepoint "Deoptimize", Time since last: 1191964060 ns, Reaching safepoint: 95757 ns, At safepoint: 83831 ns, Total: 179588 ns
[2020-09-11T15:39:44.248+0000][1][safepoint    ] Safepoint "Cleanup", Time since last: 1000102382 ns, Reaching safepoint: 2218421 ns, At safepoint: 8097 ns, Total: 2226518 ns
[2020-09-11T15:39:45.101+0000][1][safepoint    ] Safepoint "Deoptimize", Time since last: 852690426 ns, Reaching safepoint: 113223 ns, At safepoint: 103612 ns, Total: 216835 ns
[2020-09-11T15:39:45.113+0000][1][safepoint    ] Safepoint "Deoptimize", Time since last: 12382044 ns, Reaching safepoint: 89341 ns, At safepoint: 107474 ns, Total: 196815 ns
[2020-09-11T15:39:45.382+0000][1][safepoint    ] Safepoint "Deoptimize", Time since last: 267660825 ns, Reaching safepoint: 836323 ns, At safepoint: 112575 ns, Total: 948898 ns
[2020-09-11T15:39:45.405+0000][1][safepoint    ] Safepoint "Deoptimize", Time since last: 20509289 ns, Reaching safepoint: 2577154 ns, At safepoint: 110749 ns, Total: 2687903 ns
[2020-09-11T15:39:45.479+0000][1][safepoint    ] Safepoint "RevokeBias", Time since last: 71777388 ns, Reaching safepoint: 2227435 ns, At safepoint: 28649 ns, Total: 2256084 ns
[2020-09-11T15:39:45.479+0000][1][safepoint    ] Safepoint "RevokeBias", Time since last: 394850 ns, Reaching safepoint: 82263 ns, At safepoint: 15277 ns, Total: 97540 ns
[2020-09-11T15:39:45.480+0000][1][safepoint    ] Safepoint "RevokeBias", Time since last: 69984 ns, Reaching safepoint: 78305 ns, At safepoint: 20042 ns, Total: 98347 ns
[2020-09-11T15:39:45.480+0000][1][safepoint    ] Safepoint "RevokeBias", Time since last: 172055 ns, Reaching safepoint: 79716 ns, At safepoint: 20806 ns, Total: 100522 ns
[2020-09-11T15:39:46.489+0000][1][safepoint    ] Safepoint "Cleanup", Time since last: 1000093530 ns, Reaching safepoint: 8868261 ns, At safepoint: 10351 ns, Total: 8878612 ns
[2020-09-11T15:39:47.493+0000][1][safepoint    ] Safepoint "Cleanup", Time since last: 1004327900 ns, Reaching safepoint: 129577 ns, At safepoint: 7374 ns, Total: 136951 ns
[2020-09-11T15:39:48.428+0000][1][gc,start     ] GC(0) Pause Young (Allocation Failure)
[2020-09-11T15:39:48.428+0000][1][gc,task      ] GC(0) Using 1 workers of 1 for evacuation
[2020-09-11T15:39:48.528+0000][1][gc,age       ] GC(0) Desired survivor size 4358144 bytes, new threshold 1 (max threshold 6)
[2020-09-11T15:39:48.528+0000][1][gc,age       ] GC(0) Age table with threshold 1 (max threshold 6)
[2020-09-11T15:39:48.528+0000][1][gc,age       ] GC(0) - age   1:    6421096 bytes,    6421096 total
[2020-09-11T15:39:48.528+0000][1][gc,heap      ] GC(0) ParNew: 68160K->6297K(76672K)
[2020-09-11T15:39:48.528+0000][1][gc,heap      ] GC(0) CMS: 0K->0K(2011968K)
[2020-09-11T15:39:48.528+0000][1][gc,metaspace ] GC(0) Metaspace: 13592K->13592K(1060864K)
[2020-09-11T15:39:48.528+0000][1][gc           ] GC(0) Pause Young (Allocation Failure) 66M->6M(2039M) 100.230ms
[2020-09-11T15:39:48.528+0000][1][gc,cpu       ] GC(0) User=0.03s Sys=0.00s Real=0.10s
[2020-09-11T15:39:48.538+0000][1][safepoint    ] Safepoint "GenCollectForAllocation", Time since last: 932639615 ns, Reaching safepoint: 1565173 ns, At safepoint: 110958998 ns, Total: 112524171 ns
[2020-09-11T15:39:48.581+0000][1][safepoint    ] Safepoint "RevokeBias", Time since last: 42330116 ns, Reaching safepoint: 104125 ns, At safepoint: 55104 ns, Total: 159229 ns
[2020-09-11T15:39:48.639+0000][1][safepoint    ] Safepoint "RevokeBias", Time since last: 57316269 ns, Reaching safepoint: 838804 ns, At safepoint: 40018 ns, Total: 878822 ns
[2020-09-11T15:39:48.649+0000][1][safepoint    ] Safepoint "RevokeBias", Time since last: 9169573 ns, Reaching safepoint: 260252 ns, At safepoint: 43005 ns, Total: 303257 ns
[2020-09-11T15:39:48.649+0000][1][safepoint    ] Safepoint "RevokeBias", Time since last: 45939 ns, Reaching safepoint: 231961 ns, At safepoint: 32382 ns, Total: 264343 ns
[2020-09-11T15:39:48.649+0000][1][safepoint    ] Safepoint "RevokeBias", Time since last: 39710 ns, Reaching safepoint: 79914 ns, At safepoint: 31763 ns, Total: 111677 ns
[2020-09-11T15:39:48.649+0000][1][safepoint    ] Safepoint "RevokeBias", Time since last: 29579 ns, Reaching safepoint: 79999 ns, At safepoint: 27734 ns, Total: 107733 ns
[2020-09-11T15:39:48.649+0000][1][safepoint    ] Safepoint "RevokeBias", Time since last: 36873 ns, Reaching safepoint: 80764 ns, At safepoint: 27054 ns, Total: 107818 ns
[2020-09-11T15:39:48.650+0000][1][safepoint    ] Safepoint "RevokeBias", Time since last: 29275 ns, Reaching safepoint: 78855 ns, At safepoint: 25710 ns, Total: 104565 ns
[2020-09-11T15:39:48.653+0000][1][safepoint    ] Safepoint "RevokeBias", Time since last: 43705 ns, Reaching safepoint: 3222440 ns, At safepoint: 41744 ns, Total: 3264184 ns
[2020-09-11T15:39:48.656+0000][1][safepoint    ] Safepoint "RevokeBias", Time since last: 50434 ns, Reaching safepoint: 3255786 ns, At safepoint: 49324 ns, Total: 3305110 ns
[2020-09-11T15:39:48.656+0000][1][safepoint    ] Safepoint "RevokeBias", Time since last: 80089 ns, Reaching safepoint: 89629 ns, At safepoint: 30001 ns, Total: 119630 ns
[2020-09-11T15:39:48.657+0000][1][safepoint    ] Safepoint "RevokeBias", Time since last: 31072 ns, Reaching safepoint: 82286 ns, At safepoint: 27860 ns, Total: 110146 ns
[2020-09-11T15:39:48.657+0000][1][safepoint    ] Safepoint "RevokeBias", Time since last: 69940 ns, Reaching safepoint: 81392 ns, At safepoint: 32124 ns, Total: 113516 ns
[2020-09-11T15:39:48.657+0000][1][safepoint    ] Safepoint "RevokeBias", Time since last: 48178 ns, Reaching safepoint: 79971 ns, At safepoint: 27356 ns, Total: 107327 ns
[2020-09-11T15:39:48.657+0000][1][safepoint    ] Safepoint "RevokeBias", Time since last: 63028 ns, Reaching safepoint: 81255 ns, At safepoint: 29806 ns, Total: 111061 ns
[2020-09-11T15:39:48.657+0000][1][safepoint    ] Safepoint "RevokeBias", Time since last: 27819 ns, Reaching safepoint: 218394 ns, At safepoint: 33488 ns, Total: 251882 ns
[2020-09-11T15:39:48.658+0000][1][safepoint    ] Safepoint "RevokeBias", Time since last: 181518 ns, Reaching safepoint: 81925 ns, At safepoint: 28663 ns, Total: 110588 ns
[2020-09-11T15:39:48.658+0000][1][safepoint    ] Safepoint "RevokeBias", Time since last: 28700 ns, Reaching safepoint: 747696 ns, At safepoint: 31698 ns, Total: 779394 ns
[2020-09-11T15:39:48.659+0000][1][safepoint    ] Safepoint "RevokeBias", Time since last: 492962 ns, Reaching safepoint: 85868 ns, At safepoint: 27874 ns, Total: 113742 ns
[2020-09-11T15:39:48.659+0000][1][safepoint    ] Safepoint "RevokeBias", Time since last: 30655 ns, Reaching safepoint: 81859 ns, At safepoint: 25727 ns, Total: 107586 ns
[2020-09-11T15:39:48.661+0000][1][safepoint    ] Safepoint "RevokeBias", Time since last: 50260 ns, Reaching safepoint: 1573028 ns, At safepoint: 35709 ns, Total: 1608737 ns
[2020-09-11T15:39:48.661+0000][1][safepoint    ] Safepoint "RevokeBias", Time since last: 41885 ns, Reaching safepoint: 223561 ns, At safepoint: 28246 ns, Total: 251807 ns
[2020-09-11T15:39:48.664+0000][1][safepoint    ] Safepoint "RevokeBias", Time since last: 93874 ns, Reaching safepoint: 2317403 ns, At safepoint: 45209 ns, Total: 2362612 ns
[2020-09-11T15:39:48.664+0000][1][safepoint    ] Safepoint "RevokeBias", Time since last: 34837 ns, Reaching safepoint: 85144 ns, At safepoint: 31680 ns, Total: 116824 ns
[2020-09-11T15:39:48.664+0000][1][safepoint    ] Safepoint "RevokeBias", Time since last: 43169 ns, Reaching safepoint: 81891 ns, At safepoint: 29290 ns, Total: 111181 ns
[2020-09-11T15:39:48.664+0000][1][safepoint    ] Safepoint "RevokeBias", Time since last: 25247 ns, Reaching safepoint: 81256 ns, At safepoint: 28789 ns, Total: 110045 ns
[2020-09-11T15:39:48.664+0000][1][safepoint    ] Safepoint "RevokeBias", Time since last: 37772 ns, Reaching safepoint: 81634 ns, At safepoint: 31013 ns, Total: 112647 ns
[2020-09-11T15:39:48.664+0000][1][safepoint    ] Safepoint "RevokeBias", Time since last: 24345 ns, Reaching safepoint: 80878 ns, At safepoint: 34384 ns, Total: 115262 ns
[2020-09-11T15:39:48.666+0000][1][safepoint    ] Safepoint "RevokeBias", Time since last: 465537 ns, Reaching safepoint: 866453 ns, At safepoint: 46939 ns, Total: 913392 ns
[2020-09-11T15:39:48.667+0000][1][safepoint    ] Safepoint "RevokeBias", Time since last: 33874 ns, Reaching safepoint: 836578 ns, At safepoint: 42777 ns, Total: 879355 ns
[2020-09-11T15:39:48.837+0000][1][safepoint    ] Safepoint "Deoptimize", Time since last: 169701544 ns, Reaching safepoint: 116700 ns, At safepoint: 189404 ns, Total: 306104 ns
[2020-09-11T15:39:49.842+0000][1][safepoint    ] Safepoint "Cleanup", Time since last: 1005246882 ns, Reaching safepoint: 130623 ns, At safepoint: 7122 ns, Total: 137745 ns
[2020-09-11T15:39:50.312+0000][1][safepoint    ] Safepoint "RevokeBias", Time since last: 470214962 ns, Reaching safepoint: 104797 ns, At safepoint: 29691 ns, Total: 134488 ns
[2020-09-11T15:39:51.321+0000][1][safepoint    ] Safepoint "Cleanup", Time since last: 1008471921 ns, Reaching safepoint: 139273 ns, At safepoint: 6699 ns, Total: 145972 ns
[2020-09-11T15:39:52.114+0000][1][safepoint    ] Safepoint "Deoptimize", Time since last: 792482335 ns, Reaching safepoint: 74272 ns, At safepoint: 170105 ns, Total: 244377 ns
[2020-09-11T15:39:52.488+0000][1][gc,start     ] GC(1) Pause Young (Allocation Failure)
[2020-09-11T15:39:52.488+0000][1][gc,task      ] GC(1) Using 1 workers of 1 for evacuation
[2020-09-11T15:39:52.688+0000][1][gc,age       ] GC(1) Desired survivor size 4358144 bytes, new threshold 6 (max threshold 6)
[2020-09-11T15:39:52.688+0000][1][gc,age       ] GC(1) Age table with threshold 6 (max threshold 6)
[2020-09-11T15:39:52.688+0000][1][gc,age       ] GC(1) - age   1:    3263136 bytes,    3263136 total
[2020-09-11T15:39:52.688+0000][1][gc,heap      ] GC(1) ParNew: 74457K->4205K(76672K)
[2020-09-11T15:39:52.688+0000][1][gc,heap      ] GC(1) CMS: 0K->6809K(2011968K)
[2020-09-11T15:39:52.688+0000][1][gc,metaspace ] GC(1) Metaspace: 18060K->18060K(1064960K)
[2020-09-11T15:39:52.689+0000][1][gc           ] GC(1) Pause Young (Allocation Failure) 72M->10M(2039M) 200.644ms
[2020-09-11T15:39:52.689+0000][1][gc,cpu       ] GC(1) User=0.06s Sys=0.00s Real=0.20s
[2020-09-11T15:39:52.713+0000][1][safepoint    ] Safepoint "GenCollectForAllocation", Time since last: 374069978 ns, Reaching safepoint: 113681 ns, At safepoint: 224924069 ns, Total: 225037750 ns
[2020-09-11T15:39:52.757+0000][1][safepoint    ] Safepoint "BulkRevokeBias", Time since last: 42140156 ns, Reaching safepoint: 1901214 ns, At safepoint: 101281 ns, Total: 2002495 ns
[2020-09-11T15:39:52.758+0000][1][safepoint    ] Safepoint "RevokeBias", Time since last: 120874 ns, Reaching safepoint: 480385 ns, At safepoint: 39494 ns, Total: 519879 ns
[2020-09-11T15:39:52.759+0000][1][safepoint    ] Safepoint "RevokeBias", Time since last: 43289 ns, Reaching safepoint: 898714 ns, At safepoint: 40580 ns, Total: 939294 ns
[2020-09-11T15:39:52.759+0000][1][safepoint    ] Safepoint "RevokeBias", Time since last: 37882 ns, Reaching safepoint: 83533 ns, At safepoint: 35229 ns, Total: 118762 ns
[2020-09-11T15:39:52.761+0000][1][safepoint    ] Safepoint "RevokeBias", Time since last: 24996 ns, Reaching safepoint: 1754192 ns, At safepoint: 50141 ns, Total: 1804333 ns
[2020-09-11T15:39:52.761+0000][1][safepoint    ] Safepoint "RevokeBias", Time since last: 45723 ns, Reaching safepoint: 194240 ns, At safepoint: 37757 ns, Total: 231997 ns
[2020-09-11T15:39:52.765+0000][1][safepoint    ] Safepoint "RevokeBias", Time since last: 27574 ns, Reaching safepoint: 3951669 ns, At safepoint: 61659 ns, Total: 4013328 ns
[2020-09-11T15:39:52.765+0000][1][safepoint    ] Safepoint "BulkRevokeBias", Time since last: 56995 ns, Reaching safepoint: 243804 ns, At safepoint: 64336 ns, Total: 308140 ns
[2020-09-11T15:39:52.767+0000][1][safepoint    ] Safepoint "BulkRevokeBias", Time since last: 28104 ns, Reaching safepoint: 1621066 ns, At safepoint: 65277 ns, Total: 1686343 ns
[2020-09-11T15:39:53.109+0000][1][safepoint    ] Safepoint "Deoptimize", Time since last: 339861638 ns, Reaching safepoint: 2015087 ns, At safepoint: 175674 ns, Total: 2190761 ns
[2020-09-11T15:39:53.153+0000][1][safepoint    ] Safepoint "Deoptimize", Time since last: 43791288 ns, Reaching safepoint: 113920 ns, At safepoint: 183595 ns, Total: 297515 ns
[2020-09-11T15:39:53.909+0000][1][safepoint    ] Safepoint "Deoptimize", Time since last: 754234340 ns, Reaching safepoint: 1499441 ns, At safepoint: 190302 ns, Total: 1689743 ns
[2020-09-11T15:39:53.910+0000][1][safepoint    ] Safepoint "RevokeBias", Time since last: 445201 ns, Reaching safepoint: 961125 ns, At safepoint: 45917 ns, Total: 1007042 ns
[2020-09-11T15:39:53.913+0000][1][safepoint    ] Safepoint "Deoptimize", Time since last: 927067 ns, Reaching safepoint: 1401721 ns, At safepoint: 220116 ns, Total: 1621837 ns
[2020-09-11T15:39:54.897+0000][1][gc,start     ] GC(2) Pause Young (Allocation Failure)
[2020-09-11T15:39:54.897+0000][1][gc,task      ] GC(2) Using 1 workers of 1 for evacuation
[2020-09-11T15:39:55.051+0000][1][gc,age       ] GC(2) Desired survivor size 4358144 bytes, new threshold 2 (max threshold 6)
[2020-09-11T15:39:55.051+0000][1][gc,age       ] GC(2) Age table with threshold 2 (max threshold 6)
[2020-09-11T15:39:55.051+0000][1][gc,age       ] GC(2) - age   1:    2947368 bytes,    2947368 total
[2020-09-11T15:39:55.051+0000][1][gc,age       ] GC(2) - age   2:    3142528 bytes,    6089896 total
[2020-09-11T15:39:55.051+0000][1][gc,heap      ] GC(2) ParNew: 72365K->6895K(76672K)
[2020-09-11T15:39:55.051+0000][1][gc,heap      ] GC(2) CMS: 6809K->6809K(2011968K)
[2020-09-11T15:39:55.051+0000][1][gc,metaspace ] GC(2) Metaspace: 20113K->20113K(1067008K)
[2020-09-11T15:39:55.051+0000][1][gc           ] GC(2) Pause Young (Allocation Failure) 77M->13M(2039M) 153.684ms
[2020-09-11T15:39:55.051+0000][1][gc,cpu       ] GC(2) User=0.04s Sys=0.00s Real=0.15s
[2020-09-11T15:39:55.077+0000][1][safepoint    ] Safepoint "GenCollectForAllocation", Time since last: 983774399 ns, Reaching safepoint: 146426 ns, At safepoint: 179836431 ns, Total: 179982857 ns
[2020-09-11T15:39:55.117+0000][1][safepoint    ] Safepoint "RevokeBias", Time since last: 30846578 ns, Reaching safepoint: 9199648 ns, At safepoint: 112050 ns, Total: 9311698 ns
[2020-09-11T15:39:55.117+0000][1][safepoint    ] Safepoint "RevokeBias", Time since last: 98883 ns, Reaching safepoint: 95157 ns, At safepoint: 64651 ns, Total: 159808 ns
[2020-09-11T15:39:55.117+0000][1][safepoint    ] Safepoint "RevokeBias", Time since last: 138622 ns, Reaching safepoint: 81634 ns, At safepoint: 34251 ns, Total: 115885 ns
[2020-09-11T15:39:55.118+0000][1][safepoint    ] Safepoint "RevokeBias", Time since last: 32834 ns, Reaching safepoint: 78912 ns, At safepoint: 33215 ns, Total: 112127 ns
[2020-09-11T15:39:55.118+0000][1][safepoint    ] Safepoint "RevokeBias", Time since last: 30502 ns, Reaching safepoint: 78536 ns, At safepoint: 40693 ns, Total: 119229 ns
[2020-09-11T15:39:55.118+0000][1][safepoint    ] Safepoint "RevokeBias", Time since last: 34369 ns, Reaching safepoint: 78456 ns, At safepoint: 33949 ns, Total: 112405 ns
[2020-09-11T15:39:55.118+0000][1][safepoint    ] Safepoint "RevokeBias", Time since last: 33381 ns, Reaching safepoint: 77952 ns, At safepoint: 33683 ns, Total: 111635 ns
[2020-09-11T15:39:55.158+0000][1][safepoint    ] Safepoint "RevokeBias", Time since last: 28140299 ns, Reaching safepoint: 11704656 ns, At safepoint: 91178 ns, Total: 11795834 ns
[2020-09-11T15:39:56.127+0000][1][gc,start     ] GC(3) Pause Young (Allocation Failure)
[2020-09-11T15:39:56.127+0000][1][gc,task      ] GC(3) Using 1 workers of 1 for evacuation
[2020-09-11T15:39:56.204+0000][1][gc,age       ] GC(3) Desired survivor size 4358144 bytes, new threshold 6 (max threshold 6)
[2020-09-11T15:39:56.204+0000][1][gc,age       ] GC(3) Age table with threshold 6 (max threshold 6)
[2020-09-11T15:39:56.204+0000][1][gc,age       ] GC(3) - age   1:    1088320 bytes,    1088320 total
[2020-09-11T15:39:56.204+0000][1][gc,age       ] GC(3) - age   2:    1136120 bytes,    2224440 total
[2020-09-11T15:39:56.204+0000][1][gc,heap      ] GC(3) ParNew: 75055K->5310K(76672K)
[2020-09-11T15:39:56.204+0000][1][gc,heap      ] GC(3) CMS: 6809K->9903K(2011968K)
[2020-09-11T15:39:56.204+0000][1][gc,metaspace ] GC(3) Metaspace: 20373K->20373K(1067008K)
[2020-09-11T15:39:56.204+0000][1][gc           ] GC(3) Pause Young (Allocation Failure) 79M->14M(2039M) 77.503ms
[2020-09-11T15:39:56.204+0000][1][gc,cpu       ] GC(3) User=0.02s Sys=0.00s Real=0.08s
[2020-09-11T15:39:56.233+0000][1][safepoint    ] Safepoint "GenCollectForAllocation", Time since last: 968724787 ns, Reaching safepoint: 110827 ns, At safepoint: 105995434 ns, Total: 106106261 ns
[2020-09-11T15:39:56.245+0000][1][safepoint    ] Safepoint "RevokeBias", Time since last: 12063302 ns, Reaching safepoint: 81839 ns, At safepoint: 65907 ns, Total: 147746 ns
[2020-09-11T15:39:56.245+0000][1][safepoint    ] Safepoint "RevokeBias", Time since last: 58079 ns, Reaching safepoint: 84367 ns, At safepoint: 34737 ns, Total: 119104 ns
[2020-09-11T15:39:56.245+0000][1][safepoint    ] Safepoint "RevokeBias", Time since last: 44042 ns, Reaching safepoint: 84179 ns, At safepoint: 32762 ns, Total: 116941 ns
[2020-09-11T15:39:56.249+0000][1][safepoint    ] Safepoint "RevokeBias", Time since last: 3434266 ns, Reaching safepoint: 90710 ns, At safepoint: 30908 ns, Total: 121618 ns
[2020-09-11T15:39:56.250+0000][1][safepoint    ] Safepoint "RevokeBias", Time since last: 62029 ns, Reaching safepoint: 1257499 ns, At safepoint: 31399 ns, Total: 1288898 ns
[2020-09-11T15:39:56.253+0000][1][safepoint    ] Safepoint "RevokeBias", Time since last: 43293 ns, Reaching safepoint: 2495253 ns, At safepoint: 32087 ns, Total: 2527340 ns
[2020-09-11T15:39:56.253+0000][1][safepoint    ] Safepoint "RevokeBias", Time since last: 74022 ns, Reaching safepoint: 452465 ns, At safepoint: 25035 ns, Total: 477500 ns
[2020-09-11T15:39:56.254+0000][1][safepoint    ] Safepoint "RevokeBias", Time since last: 33672 ns, Reaching safepoint: 81079 ns, At safepoint: 21452 ns, Total: 102531 ns
[2020-09-11T15:39:56.256+0000][1][safepoint    ] Safepoint "RevokeBias", Time since last: 142684 ns, Reaching safepoint: 1852355 ns, At safepoint: 22685 ns, Total: 1875040 ns
[2020-09-11T15:39:56.701+0000][1][safepoint    ] Safepoint "CollectForMetadataAllocation", Time since last: 444822262 ns, Reaching safepoint: 105407 ns, At safepoint: 124260 ns, Total: 229667 ns
[2020-09-11T15:39:56.795+0000][1][safepoint    ] Safepoint "CollectForMetadataAllocation", Time since last: 94518137 ns, Reaching safepoint: 100635 ns, At safepoint: 111996 ns, Total: 212631 ns
[2020-09-11T15:39:56.941+0000][1][gc,start     ] GC(4) Pause Young (Allocation Failure)
[2020-09-11T15:39:56.941+0000][1][gc,task      ] GC(4) Using 1 workers of 1 for evacuation
[2020-09-11T15:39:57.010+0000][1][gc,age       ] GC(4) Desired survivor size 4358144 bytes, new threshold 6 (max threshold 6)
[2020-09-11T15:39:57.019+0000][1][gc,age       ] GC(4) Age table with threshold 6 (max threshold 6)
[2020-09-11T15:39:57.019+0000][1][gc,age       ] GC(4) - age   1:    2010368 bytes,    2010368 total
[2020-09-11T15:39:57.019+0000][1][gc,age       ] GC(4) - age   2:     351192 bytes,    2361560 total
[2020-09-11T15:39:57.019+0000][1][gc,age       ] GC(4) - age   3:    1136024 bytes,    3497584 total
[2020-09-11T15:39:57.019+0000][1][gc,heap      ] GC(4) ParNew: 73470K->4284K(76672K)
[2020-09-11T15:39:57.019+0000][1][gc,heap      ] GC(4) CMS: 9903K->9903K(2011968K)
[2020-09-11T15:39:57.019+0000][1][gc,metaspace ] GC(4) Metaspace: 20907K->20907K(1069056K)
[2020-09-11T15:39:57.019+0000][1][gc           ] GC(4) Pause Young (Allocation Failure) 81M->13M(2039M) 77.906ms
[2020-09-11T15:39:57.019+0000][1][gc,cpu       ] GC(4) User=0.04s Sys=0.00s Real=0.07s
[2020-09-11T15:39:57.019+0000][1][safepoint    ] Safepoint "GenCollectForAllocation", Time since last: 145570824 ns, Reaching safepoint: 108159 ns, At safepoint: 77954107 ns, Total: 78062266 ns
[2020-09-11T15:39:57.021+0000][1][gc,start     ] GC(5) Pause Initial Mark
[2020-09-11T15:39:57.022+0000][1][gc           ] GC(5) Pause Initial Mark 16M->16M(2039M) 1.774ms
[2020-09-11T15:39:57.022+0000][1][gc,cpu       ] GC(5) User=0.00s Sys=0.00s Real=0.01s
[2020-09-11T15:39:57.029+0000][1][safepoint    ] Safepoint "BulkRevokeBias", Time since last: 1555495 ns, Reaching safepoint: 103390 ns, At safepoint: 8187034 ns, Total: 8290424 ns
[2020-09-11T15:39:57.029+0000][1][gc           ] GC(5) Concurrent Mark
[2020-09-11T15:39:57.051+0000][1][safepoint    ] Safepoint "RevokeBias", Time since last: 8028421 ns, Reaching safepoint: 13863561 ns, At safepoint: 50223 ns, Total: 13913784 ns
[2020-09-11T15:39:57.078+0000][1][safepoint    ] Safepoint "RevokeBias", Time since last: 17493179 ns, Reaching safepoint: 9495022 ns, At safepoint: 29166 ns, Total: 9524188 ns
[2020-09-11T15:39:57.150+0000][1][gc           ] GC(5) Concurrent Mark 120.865ms
[2020-09-11T15:39:57.183+0000][1][gc,cpu       ] GC(5) User=0.08s Sys=0.00s Real=0.16s
[2020-09-11T15:39:57.184+0000][1][safepoint    ] Safepoint "RevokeBias", Time since last: 23082083 ns, Reaching safepoint: 82778549 ns, At safepoint: 30404 ns, Total: 82808953 ns
[2020-09-11T15:39:57.184+0000][1][gc           ] GC(5) Concurrent Preclean
[2020-09-11T15:39:57.198+0000][1][gc           ] GC(5) Concurrent Preclean 14.284ms
[2020-09-11T15:39:57.198+0000][1][gc,cpu       ] GC(5) User=0.01s Sys=0.00s Real=0.01s
[2020-09-11T15:39:57.203+0000][1][safepoint    ] Safepoint "RevokeBias", Time since last: 1164785 ns, Reaching safepoint: 18180610 ns, At safepoint: 49340 ns, Total: 18229950 ns
[2020-09-11T15:39:57.203+0000][1][gc           ] GC(5) Concurrent Abortable Preclean
[2020-09-11T15:39:57.205+0000][1][safepoint    ] Safepoint "RevokeBias", Time since last: 1755788 ns, Reaching safepoint: 99671 ns, At safepoint: 24460 ns, Total: 124131 ns
[2020-09-11T15:39:57.302+0000][1][safepoint    ] Safepoint "RevokeBias", Time since last: 97323580 ns, Reaching safepoint: 101097 ns, At safepoint: 17253 ns, Total: 118350 ns
[2020-09-11T15:39:57.428+0000][1][safepoint    ] Safepoint "Deoptimize", Time since last: 125482594 ns, Reaching safepoint: 141381 ns, At safepoint: 210326 ns, Total: 351707 ns
[2020-09-11T15:39:57.455+0000][1][safepoint    ] Safepoint "CollectForMetadataAllocation", Time since last: 26680849 ns, Reaching safepoint: 110388 ns, At safepoint: 72746 ns, Total: 183134 ns
[2020-09-11T15:39:57.567+0000][1][safepoint    ] Safepoint "Deoptimize", Time since last: 111830224 ns, Reaching safepoint: 105258 ns, At safepoint: 212009 ns, Total: 317267 ns
[2020-09-11T15:39:57.873+0000][1][gc,start     ] GC(6) Pause Young (Allocation Failure)
[2020-09-11T15:39:57.888+0000][1][gc,task      ] GC(6) Using 1 workers of 1 for evacuation
[2020-09-11T15:39:57.931+0000][1][gc,age       ] GC(6) Desired survivor size 4358144 bytes, new threshold 4 (max threshold 6)
[2020-09-11T15:39:57.931+0000][1][gc,age       ] GC(6) Age table with threshold 4 (max threshold 6)
[2020-09-11T15:39:57.931+0000][1][gc,age       ] GC(6) - age   1:    1747408 bytes,    1747408 total
[2020-09-11T15:39:57.931+0000][1][gc,age       ] GC(6) - age   2:    1252184 bytes,    2999592 total
[2020-09-11T15:39:57.931+0000][1][gc,age       ] GC(6) - age   3:     351192 bytes,    3350784 total
[2020-09-11T15:39:57.931+0000][1][gc,age       ] GC(6) - age   4:    1136024 bytes,    4486808 total
[2020-09-11T15:39:57.931+0000][1][gc,heap      ] GC(6) ParNew: 72444K->6194K(76672K)
[2020-09-11T15:39:57.931+0000][1][gc,heap      ] GC(6) CMS: 9903K->9903K(2011968K)
[2020-09-11T15:39:57.931+0000][1][gc,metaspace ] GC(6) Metaspace: 21216K->21216K(1069056K)
[2020-09-11T15:39:57.931+0000][1][gc           ] GC(6) Pause Young (Allocation Failure) 80M->15M(2039M) 57.910ms
[2020-09-11T15:39:57.931+0000][1][gc,cpu       ] GC(6) User=0.05s Sys=0.00s Real=0.05s
[2020-09-11T15:39:57.937+0000][1][safepoint    ] Safepoint "GenCollectForAllocation", Time since last: 305605053 ns, Reaching safepoint: 106486 ns, At safepoint: 63844261 ns, Total: 63950747 ns
[2020-09-11T15:39:57.941+0000][1][safepoint    ] Safepoint "RevokeBias", Time since last: 4671228 ns, Reaching safepoint: 38607 ns, At safepoint: 25060 ns, Total: 63667 ns
[2020-09-11T15:39:57.942+0000][1][safepoint    ] Safepoint "RevokeBias", Time since last: 44366 ns, Reaching safepoint: 9744 ns, At safepoint: 12911 ns, Total: 22655 ns
[2020-09-11T15:39:57.942+0000][1][safepoint    ] Safepoint "RevokeBias", Time since last: 30835 ns, Reaching safepoint: 9026 ns, At safepoint: 11903 ns, Total: 20929 ns
[2020-09-11T15:39:57.942+0000][1][safepoint    ] Safepoint "RevokeBias", Time since last: 21922 ns, Reaching safepoint: 7307 ns, At safepoint: 11619 ns, Total: 18926 ns
[2020-09-11T15:39:57.942+0000][1][safepoint    ] Safepoint "RevokeBias", Time since last: 24579 ns, Reaching safepoint: 7904 ns, At safepoint: 11612 ns, Total: 19516 ns
[2020-09-11T15:39:57.942+0000][1][safepoint    ] Safepoint "RevokeBias", Time since last: 20673 ns, Reaching safepoint: 7120 ns, At safepoint: 11454 ns, Total: 18574 ns
[2020-09-11T15:39:58.135+0000][1][safepoint    ] Safepoint "CollectForMetadataAllocation", Time since last: 192851481 ns, Reaching safepoint: 102340 ns, At safepoint: 104692 ns, Total: 207032 ns
[2020-09-11T15:39:58.190+0000][1][gc,start     ] GC(7) Pause Young (Allocation Failure)
[2020-09-11T15:39:58.190+0000][1][gc,task      ] GC(7) Using 1 workers of 1 for evacuation
[2020-09-11T15:39:58.262+0000][1][gc,age       ] GC(7) Desired survivor size 4358144 bytes, new threshold 6 (max threshold 6)
[2020-09-11T15:39:58.262+0000][1][gc,age       ] GC(7) Age table with threshold 6 (max threshold 6)
[2020-09-11T15:39:58.262+0000][1][gc,age       ] GC(7) - age   1:    1195520 bytes,    1195520 total
[2020-09-11T15:39:58.262+0000][1][gc,age       ] GC(7) - age   2:    1526056 bytes,    2721576 total
[2020-09-11T15:39:58.262+0000][1][gc,age       ] GC(7) - age   3:    1251904 bytes,    3973480 total
[2020-09-11T15:39:58.262+0000][1][gc,age       ] GC(7) - age   4:     351192 bytes,    4324672 total
[2020-09-11T15:39:58.262+0000][1][gc,heap      ] GC(7) ParNew: 74354K->8121K(76672K)
[2020-09-11T15:39:58.262+0000][1][gc,heap      ] GC(7) CMS: 9903K->11022K(2011968K)
[2020-09-11T15:39:58.262+0000][1][gc,metaspace ] GC(7) Metaspace: 21317K->21317K(1069056K)
[2020-09-11T15:39:58.262+0000][1][gc           ] GC(7) Pause Young (Allocation Failure) 82M->18M(2039M) 72.544ms
[2020-09-11T15:39:58.262+0000][1][gc,cpu       ] GC(7) User=0.02s Sys=0.00s Real=0.08s
[2020-09-11T15:39:58.277+0000][1][gc           ] GC(5) Concurrent Abortable Preclean 1074.312ms
[2020-09-11T15:39:58.277+0000][1][gc,cpu       ] GC(5) User=0.94s Sys=0.00s Real=1.07s
[2020-09-11T15:39:58.277+0000][1][safepoint    ] Safepoint "GenCollectForAllocation", Time since last: 49984124 ns, Reaching safepoint: 5154891 ns, At safepoint: 87519949 ns, Total: 92674840 ns
[2020-09-11T15:39:58.293+0000][1][gc,start     ] GC(5) Pause Remark
[2020-09-11T15:39:58.319+0000][1][gc           ] GC(5) Pause Remark 21M->21M(2039M) 25.687ms
[2020-09-11T15:39:58.325+0000][1][gc,cpu       ] GC(5) User=0.01s Sys=0.00s Real=0.03s
[2020-09-11T15:39:58.365+0000][1][safepoint    ] Safepoint "RevokeBias", Time since last: 14467745 ns, Reaching safepoint: 869721 ns, At safepoint: 71988877 ns, Total: 72858598 ns
[2020-09-11T15:39:58.385+0000][1][gc           ] GC(5) Concurrent Sweep
[2020-09-11T15:39:58.388+0000][1][gc           ] GC(5) Concurrent Sweep 3.115ms
[2020-09-11T15:39:58.388+0000][1][gc,cpu       ] GC(5) User=0.00s Sys=0.00s Real=0.00s
[2020-09-11T15:39:58.388+0000][1][gc           ] GC(5) Concurrent Reset
[2020-09-11T15:39:58.411+0000][1][safepoint    ] Safepoint "RevokeBias", Time since last: 36018768 ns, Reaching safepoint: 10046383 ns, At safepoint: 38622 ns, Total: 10085005 ns
[2020-09-11T15:39:58.417+0000][1][safepoint    ] Safepoint "RevokeBias", Time since last: 5903414 ns, Reaching safepoint: 165257 ns, At safepoint: 36020 ns, Total: 201277 ns
[2020-09-11T15:39:58.417+0000][1][safepoint    ] Safepoint "RevokeBias", Time since last: 62702 ns, Reaching safepoint: 80106 ns, At safepoint: 25272 ns, Total: 105378 ns
[2020-09-11T15:39:58.418+0000][1][gc           ] GC(5) Concurrent Reset 29.731ms
[2020-09-11T15:39:58.418+0000][1][gc,cpu       ] GC(5) User=0.01s Sys=0.00s Real=0.03s
[2020-09-11T15:39:58.418+0000][1][gc,heap      ] GC(5) Old: 9903K->11020K(2011968K)
[2020-09-11T15:39:58.865+0000][1][gc,start     ] GC(8) Pause Young (Allocation Failure)
[2020-09-11T15:39:58.865+0000][1][gc,task      ] GC(8) Using 1 workers of 1 for evacuation
[2020-09-11T15:39:58.952+0000][1][gc,age       ] GC(8) Desired survivor size 4358144 bytes, new threshold 4 (max threshold 6)
[2020-09-11T15:39:58.952+0000][1][gc,age       ] GC(8) Age table with threshold 4 (max threshold 6)
[2020-09-11T15:39:58.952+0000][1][gc,age       ] GC(8) - age   1:    1356792 bytes,    1356792 total
[2020-09-11T15:39:58.952+0000][1][gc,age       ] GC(8) - age   2:     445616 bytes,    1802408 total
[2020-09-11T15:39:58.952+0000][1][gc,age       ] GC(8) - age   3:    1524120 bytes,    3326528 total
[2020-09-11T15:39:58.952+0000][1][gc,age       ] GC(8) - age   4:    1250864 bytes,    4577392 total
[2020-09-11T15:39:58.952+0000][1][gc,age       ] GC(8) - age   5:     351192 bytes,    4928584 total
[2020-09-11T15:39:58.952+0000][1][gc,heap      ] GC(8) ParNew: 76281K->5197K(76672K)
[2020-09-11T15:39:58.952+0000][1][gc,heap      ] GC(8) CMS: 11020K->11020K(2011968K)
[2020-09-11T15:39:58.952+0000][1][gc,metaspace ] GC(8) Metaspace: 21496K->21496K(1069056K)
[2020-09-11T15:39:58.952+0000][1][gc           ] GC(8) Pause Young (Allocation Failure) 85M->15M(2039M) 86.945ms
[2020-09-11T15:39:58.952+0000][1][gc,cpu       ] GC(8) User=0.03s Sys=0.00s Real=0.08s
[2020-09-11T15:39:58.971+0000][1][safepoint    ] Safepoint "GenCollectForAllocation", Time since last: 447687478 ns, Reaching safepoint: 109359 ns, At safepoint: 106502878 ns, Total: 106612237 ns
[2020-09-11T15:39:58.990+0000][1][safepoint    ] Safepoint "RevokeBias", Time since last: 17339531 ns, Reaching safepoint: 707982 ns, At safepoint: 25284 ns, Total: 733266 ns
[2020-09-11T15:39:58.990+0000][1][safepoint    ] Safepoint "RevokeBias", Time since last: 62920 ns, Reaching safepoint: 80009 ns, At safepoint: 18770 ns, Total: 98779 ns
[2020-09-11T15:39:58.990+0000][1][safepoint    ] Safepoint "RevokeBias", Time since last: 48758 ns, Reaching safepoint: 77974 ns, At safepoint: 18449 ns, Total: 96423 ns
[2020-09-11T15:39:58.990+0000][1][safepoint    ] Safepoint "RevokeBias", Time since last: 29724 ns, Reaching safepoint: 77304 ns, At safepoint: 19750 ns, Total: 97054 ns
[2020-09-11T15:39:59.629+0000][1][gc,start     ] GC(9) Pause Young (Allocation Failure)
[2020-09-11T15:39:59.629+0000][1][gc,task      ] GC(9) Using 1 workers of 1 for evacuation
[2020-09-11T15:39:59.732+0000][1][gc,age       ] GC(9) Desired survivor size 4358144 bytes, new threshold 4 (max threshold 6)
[2020-09-11T15:39:59.732+0000][1][gc,age       ] GC(9) Age table with threshold 4 (max threshold 6)
[2020-09-11T15:39:59.732+0000][1][gc,age       ] GC(9) - age   1:    2021976 bytes,    2021976 total
[2020-09-11T15:39:59.732+0000][1][gc,age       ] GC(9) - age   2:     829344 bytes,    2851320 total
[2020-09-11T15:39:59.732+0000][1][gc,age       ] GC(9) - age   3:     445536 bytes,    3296856 total
[2020-09-11T15:39:59.732+0000][1][gc,age       ] GC(9) - age   4:    1524120 bytes,    4820976 total
[2020-09-11T15:39:59.732+0000][1][gc,heap      ] GC(9) ParNew: 73357K->8512K(76672K)
[2020-09-11T15:39:59.732+0000][1][gc,heap      ] GC(9) CMS: 11020K->12603K(2011968K)
[2020-09-11T15:39:59.732+0000][1][gc,metaspace ] GC(9) Metaspace: 21590K->21590K(1069056K)
[2020-09-11T15:39:59.732+0000][1][gc           ] GC(9) Pause Young (Allocation Failure) 82M->20M(2039M) 103.522ms
[2020-09-11T15:39:59.732+0000][1][gc,cpu       ] GC(9) User=0.04s Sys=0.00s Real=0.10s
[2020-09-11T15:39:59.752+0000][1][safepoint    ] Safepoint "GenCollectForAllocation", Time since last: 638568911 ns, Reaching safepoint: 109728 ns, At safepoint: 123548227 ns, Total: 123657955 ns
[2020-09-11T15:39:59.769+0000][1][safepoint    ] Safepoint "RevokeBias", Time since last: 13874323 ns, Reaching safepoint: 97517 ns, At safepoint: 2797417 ns, Total: 2894934 ns
[2020-09-11T15:39:59.769+0000][1][safepoint    ] Safepoint "RevokeBias", Time since last: 75003 ns, Reaching safepoint: 100100 ns, At safepoint: 45420 ns, Total: 145520 ns
[2020-09-11T15:39:59.769+0000][1][safepoint    ] Safepoint "RevokeBias", Time since last: 42106 ns, Reaching safepoint: 81943 ns, At safepoint: 45388 ns, Total: 127331 ns
[2020-09-11T15:39:59.769+0000][1][safepoint    ] Safepoint "RevokeBias", Time since last: 24810 ns, Reaching safepoint: 81419 ns, At safepoint: 44313 ns, Total: 125732 ns
[2020-09-11T15:39:59.971+0000][1][safepoint    ] Safepoint "RevokeBias", Time since last: 201696774 ns, Reaching safepoint: 115182 ns, At safepoint: 17878 ns, Total: 133060 ns
[2020-09-11T15:39:59.972+0000][1][safepoint    ] Safepoint "RevokeBias", Time since last: 512388 ns, Reaching safepoint: 85020 ns, At safepoint: 10483 ns, Total: 95503 ns
[2020-09-11T15:40:00.083+0000][1][gc,start     ] GC(10) Pause Young (Allocation Failure)
[2020-09-11T15:40:00.083+0000][1][gc,task      ] GC(10) Using 1 workers of 1 for evacuation
[2020-09-11T15:40:00.110+0000][1][gc,age       ] GC(10) Desired survivor size 4358144 bytes, new threshold 6 (max threshold 6)
[2020-09-11T15:40:00.110+0000][1][gc,age       ] GC(10) Age table with threshold 6 (max threshold 6)
[2020-09-11T15:40:00.110+0000][1][gc,age       ] GC(10) - age   1:    2378112 bytes,    2378112 total
[2020-09-11T15:40:00.110+0000][1][gc,age       ] GC(10) - age   2:     113656 bytes,    2491768 total
[2020-09-11T15:40:00.110+0000][1][gc,age       ] GC(10) - age   3:     829344 bytes,    3321112 total
[2020-09-11T15:40:00.110+0000][1][gc,age       ] GC(10) - age   4:     445512 bytes,    3766624 total
[2020-09-11T15:40:00.110+0000][1][gc,heap      ] GC(10) ParNew: 76672K->5660K(76672K)
[2020-09-11T15:40:00.110+0000][1][gc,heap      ] GC(10) CMS: 12603K->14103K(2011968K)
[2020-09-11T15:40:00.110+0000][1][gc,metaspace ] GC(10) Metaspace: 21736K->21736K(1069056K)
[2020-09-11T15:40:00.110+0000][1][gc           ] GC(10) Pause Young (Allocation Failure) 87M->19M(2039M) 26.876ms
[2020-09-11T15:40:00.110+0000][1][gc,cpu       ] GC(10) User=0.02s Sys=0.00s Real=0.02s
[2020-09-11T15:40:00.117+0000][1][safepoint    ] Safepoint "GenCollectForAllocation", Time since last: 111015253 ns, Reaching safepoint: 129127 ns, At safepoint: 33725203 ns, Total: 33854330 ns
[2020-09-11T15:40:00.121+0000][1][safepoint    ] Safepoint "RevokeBias", Time since last: 3968978 ns, Reaching safepoint: 30360 ns, At safepoint: 59045 ns, Total: 89405 ns
[2020-09-11T15:40:00.121+0000][1][safepoint    ] Safepoint "RevokeBias", Time since last: 47002 ns, Reaching safepoint: 11337 ns, At safepoint: 30321 ns, Total: 41658 ns
[2020-09-11T15:40:00.121+0000][1][safepoint    ] Safepoint "BulkRevokeBias", Time since last: 32797 ns, Reaching safepoint: 10618 ns, At safepoint: 50838 ns, Total: 61456 ns
[2020-09-11T15:40:00.121+0000][1][safepoint    ] Safepoint "BulkRevokeBias", Time since last: 25061 ns, Reaching safepoint: 14525 ns, At safepoint: 44601 ns, Total: 59126 ns
[2020-09-11T15:40:01.060+0000][1][gc,start     ] GC(11) Pause Young (Allocation Failure)
[2020-09-11T15:40:01.060+0000][1][gc,task      ] GC(11) Using 1 workers of 1 for evacuation
[2020-09-11T15:40:01.199+0000][1][gc,age       ] GC(11) Desired survivor size 4358144 bytes, new threshold 6 (max threshold 6)
[2020-09-11T15:40:01.199+0000][1][gc,age       ] GC(11) Age table with threshold 6 (max threshold 6)
[2020-09-11T15:40:01.199+0000][1][gc,age       ] GC(11) - age   1:    1493776 bytes,    1493776 total
[2020-09-11T15:40:01.199+0000][1][gc,age       ] GC(11) - age   2:     403496 bytes,    1897272 total
[2020-09-11T15:40:01.199+0000][1][gc,age       ] GC(11) - age   3:     113552 bytes,    2010824 total
[2020-09-11T15:40:01.199+0000][1][gc,age       ] GC(11) - age   4:     829344 bytes,    2840168 total
[2020-09-11T15:40:01.199+0000][1][gc,age       ] GC(11) - age   5:     445512 bytes,    3285680 total
[2020-09-11T15:40:01.199+0000][1][gc,heap      ] GC(11) ParNew: 73820K->3466K(76672K)
[2020-09-11T15:40:01.199+0000][1][gc,heap      ] GC(11) CMS: 14103K->14103K(2011968K)
[2020-09-11T15:40:01.199+0000][1][gc,metaspace ] GC(11) Metaspace: 22651K->22651K(1071104K)
[2020-09-11T15:40:01.199+0000][1][gc           ] GC(11) Pause Young (Allocation Failure) 85M->17M(2039M) 139.517ms
[2020-09-11T15:40:01.199+0000][1][gc,cpu       ] GC(11) User=0.04s Sys=0.00s Real=0.14s
[2020-09-11T15:40:01.207+0000][1][safepoint    ] Safepoint "GenCollectForAllocation", Time since last: 938601779 ns, Reaching safepoint: 111868 ns, At safepoint: 147405356 ns, Total: 147517224 ns
[2020-09-11T15:40:01.849+0000][1][gc,start     ] GC(12) Pause Young (Allocation Failure)
[2020-09-11T15:40:01.849+0000][1][gc,task      ] GC(12) Using 1 workers of 1 for evacuation
[2020-09-11T15:40:01.910+0000][1][gc,age       ] GC(12) Desired survivor size 4358144 bytes, new threshold 6 (max threshold 6)
[2020-09-11T15:40:01.910+0000][1][gc,age       ] GC(12) Age table with threshold 6 (max threshold 6)
[2020-09-11T15:40:01.910+0000][1][gc,age       ] GC(12) - age   1:     235992 bytes,     235992 total
[2020-09-11T15:40:01.910+0000][1][gc,age       ] GC(12) - age   2:     577928 bytes,     813920 total
[2020-09-11T15:40:01.910+0000][1][gc,age       ] GC(12) - age   3:     403496 bytes,    1217416 total
[2020-09-11T15:40:01.910+0000][1][gc,age       ] GC(12) - age   4:     113448 bytes,    1330864 total
[2020-09-11T15:40:01.910+0000][1][gc,age       ] GC(12) - age   5:     829056 bytes,    2159920 total
[2020-09-11T15:40:01.910+0000][1][gc,age       ] GC(12) - age   6:     445512 bytes,    2605432 total
[2020-09-11T15:40:01.910+0000][1][gc,heap      ] GC(12) ParNew: 71626K->3273K(76672K)
[2020-09-11T15:40:01.910+0000][1][gc,heap      ] GC(12) CMS: 14103K->14103K(2011968K)
[2020-09-11T15:40:01.910+0000][1][gc,metaspace ] GC(12) Metaspace: 22675K->22675K(1071104K)
[2020-09-11T15:40:01.910+0000][1][gc           ] GC(12) Pause Young (Allocation Failure) 83M->16M(2039M) 61.093ms
[2020-09-11T15:40:01.910+0000][1][gc,cpu       ] GC(12) User=0.01s Sys=0.00s Real=0.06s
[2020-09-11T15:40:01.935+0000][1][safepoint    ] Safepoint "GenCollectForAllocation", Time since last: 641433100 ns, Reaching safepoint: 131820 ns, At safepoint: 86218909 ns, Total: 86350729 ns
[2020-09-11T15:40:02.561+0000][1][gc,start     ] GC(13) Pause Young (Allocation Failure)
[2020-09-11T15:40:02.561+0000][1][gc,task      ] GC(13) Using 1 workers of 1 for evacuation
[2020-09-11T15:40:02.722+0000][1][gc,age       ] GC(13) Desired survivor size 4358144 bytes, new threshold 6 (max threshold 6)
[2020-09-11T15:40:02.722+0000][1][gc,age       ] GC(13) Age table with threshold 6 (max threshold 6)
[2020-09-11T15:40:02.722+0000][1][gc,age       ] GC(13) - age   1:    1753960 bytes,    1753960 total
[2020-09-11T15:40:02.722+0000][1][gc,age       ] GC(13) - age   2:     203304 bytes,    1957264 total
[2020-09-11T15:40:02.722+0000][1][gc,age       ] GC(13) - age   3:     577816 bytes,    2535080 total
[2020-09-11T15:40:02.722+0000][1][gc,age       ] GC(13) - age   4:     403496 bytes,    2938576 total
[2020-09-11T15:40:02.722+0000][1][gc,age       ] GC(13) - age   5:     113448 bytes,    3052024 total
[2020-09-11T15:40:02.722+0000][1][gc,age       ] GC(13) - age   6:     829056 bytes,    3881080 total
[2020-09-11T15:40:02.722+0000][1][gc,heap      ] GC(13) ParNew: 71433K->5453K(76672K)
[2020-09-11T15:40:02.722+0000][1][gc,heap      ] GC(13) CMS: 14103K->14542K(2011968K)
[2020-09-11T15:40:02.722+0000][1][gc,metaspace ] GC(13) Metaspace: 22776K->22776K(1071104K)
[2020-09-11T15:40:02.722+0000][1][gc           ] GC(13) Pause Young (Allocation Failure) 83M->19M(2039M) 161.006ms
[2020-09-11T15:40:02.722+0000][1][gc,cpu       ] GC(13) User=0.04s Sys=0.00s Real=0.16s
[2020-09-11T15:40:02.722+0000][1][safepoint    ] Safepoint "GenCollectForAllocation", Time since last: 625758342 ns, Reaching safepoint: 112190 ns, At safepoint: 161064118 ns, Total: 161176308 ns
[2020-09-11T15:40:03.466+0000][1][gc,start     ] GC(14) Pause Young (Allocation Failure)
[2020-09-11T15:40:03.466+0000][1][gc,task      ] GC(14) Using 1 workers of 1 for evacuation
[2020-09-11T15:40:03.586+0000][1][gc,age       ] GC(14) Desired survivor size 4358144 bytes, new threshold 6 (max threshold 6)
[2020-09-11T15:40:03.586+0000][1][gc,age       ] GC(14) Age table with threshold 6 (max threshold 6)
[2020-09-11T15:40:03.586+0000][1][gc,age       ] GC(14) - age   1:    1155672 bytes,    1155672 total
[2020-09-11T15:40:03.586+0000][1][gc,age       ] GC(14) - age   2:     103416 bytes,    1259088 total
[2020-09-11T15:40:03.586+0000][1][gc,age       ] GC(14) - age   3:     203304 bytes,    1462392 total
[2020-09-11T15:40:03.586+0000][1][gc,age       ] GC(14) - age   4:     577816 bytes,    2040208 total
[2020-09-11T15:40:03.586+0000][1][gc,age       ] GC(14) - age   5:     403496 bytes,    2443704 total
[2020-09-11T15:40:03.586+0000][1][gc,age       ] GC(14) - age   6:     113448 bytes,    2557152 total
[2020-09-11T15:40:03.586+0000][1][gc,heap      ] GC(14) ParNew: 73613K->3524K(76672K)
[2020-09-11T15:40:03.586+0000][1][gc,heap      ] GC(14) CMS: 14542K->15358K(2011968K)
[2020-09-11T15:40:03.586+0000][1][gc,metaspace ] GC(14) Metaspace: 22855K->22855K(1071104K)
[2020-09-11T15:40:03.586+0000][1][gc           ] GC(14) Pause Young (Allocation Failure) 86M->18M(2039M) 119.679ms
[2020-09-11T15:40:03.586+0000][1][gc,cpu       ] GC(14) User=0.03s Sys=0.00s Real=0.12s
[2020-09-11T15:40:03.609+0000][1][safepoint    ] Safepoint "GenCollectForAllocation", Time since last: 744274077 ns, Reaching safepoint: 97637 ns, At safepoint: 142450314 ns, Total: 142547951 ns
[2020-09-11T15:40:04.376+0000][1][gc,start     ] GC(15) Pause Young (Allocation Failure)
[2020-09-11T15:40:04.376+0000][1][gc,task      ] GC(15) Using 1 workers of 1 for evacuation
[2020-09-11T15:40:04.508+0000][1][gc,age       ] GC(15) Desired survivor size 4358144 bytes, new threshold 6 (max threshold 6)
[2020-09-11T15:40:04.632+0000][1][gc,age       ] GC(15) Age table with threshold 6 (max threshold 6)
[2020-09-11T15:40:04.632+0000][1][gc,age       ] GC(15) - age   1:    2162408 bytes,    2162408 total
[2020-09-11T15:40:04.632+0000][1][gc,age       ] GC(15) - age   2:     314632 bytes,    2477040 total
[2020-09-11T15:40:04.632+0000][1][gc,age       ] GC(15) - age   3:     103416 bytes,    2580456 total
[2020-09-11T15:40:04.632+0000][1][gc,age       ] GC(15) - age   4:     203304 bytes,    2783760 total
[2020-09-11T15:40:04.632+0000][1][gc,age       ] GC(15) - age   5:     577816 bytes,    3361576 total
[2020-09-11T15:40:04.632+0000][1][gc,age       ] GC(15) - age   6:     403496 bytes,    3765072 total
[2020-09-11T15:40:04.632+0000][1][gc,heap      ] GC(15) ParNew: 71684K->5507K(76672K)
[2020-09-11T15:40:04.632+0000][1][gc,heap      ] GC(15) CMS: 15358K->15472K(2011968K)
[2020-09-11T15:40:04.632+0000][1][gc,metaspace ] GC(15) Metaspace: 22940K->22940K(1071104K)
[2020-09-11T15:40:04.632+0000][1][gc           ] GC(15) Pause Young (Allocation Failure) 85M->20M(2039M) 255.958ms
[2020-09-11T15:40:04.632+0000][1][gc,cpu       ] GC(15) User=0.03s Sys=0.00s Real=0.25s
[2020-09-11T15:40:04.639+0000][1][safepoint    ] Safepoint "GenCollectForAllocation", Time since last: 766975461 ns, Reaching safepoint: 98266 ns, At safepoint: 263561350 ns, Total: 263659616 ns
[2020-09-11T15:40:05.505+0000][1][gc,start     ] GC(16) Pause Young (Allocation Failure)
[2020-09-11T15:40:05.506+0000][1][gc,task      ] GC(16) Using 1 workers of 1 for evacuation
[2020-09-11T15:40:05.695+0000][1][gc,age       ] GC(16) Desired survivor size 4358144 bytes, new threshold 6 (max threshold 6)
[2020-09-11T15:40:05.695+0000][1][gc,age       ] GC(16) Age table with threshold 6 (max threshold 6)
[2020-09-11T15:40:05.695+0000][1][gc,age       ] GC(16) - age   1:    1400720 bytes,    1400720 total
[2020-09-11T15:40:05.695+0000][1][gc,age       ] GC(16) - age   2:     104776 bytes,    1505496 total
[2020-09-11T15:40:05.695+0000][1][gc,age       ] GC(16) - age   3:     314632 bytes,    1820128 total
[2020-09-11T15:40:05.695+0000][1][gc,age       ] GC(16) - age   4:     103416 bytes,    1923544 total
[2020-09-11T15:40:05.695+0000][1][gc,age       ] GC(16) - age   5:     203152 bytes,    2126696 total
[2020-09-11T15:40:05.695+0000][1][gc,age       ] GC(16) - age   6:     577816 bytes,    2704512 total
[2020-09-11T15:40:05.695+0000][1][gc,heap      ] GC(16) ParNew: 73667K->3446K(76672K)
[2020-09-11T15:40:05.695+0000][1][gc,heap      ] GC(16) CMS: 15472K->15871K(2011968K)
[2020-09-11T15:40:05.695+0000][1][gc,metaspace ] GC(16) Metaspace: 22960K->22960K(1071104K)
[2020-09-11T15:40:05.695+0000][1][gc           ] GC(16) Pause Young (Allocation Failure) 87M->18M(2039M) 189.860ms
[2020-09-11T15:40:05.695+0000][1][gc,cpu       ] GC(16) User=0.04s Sys=0.00s Real=0.19s
[2020-09-11T15:40:05.705+0000][1][safepoint    ] Safepoint "GenCollectForAllocation", Time since last: 865965105 ns, Reaching safepoint: 102675 ns, At safepoint: 199489827 ns, Total: 199592502 ns
[2020-09-11T15:40:05.881+0000][1][safepoint    ] Safepoint "Deoptimize", Time since last: 175823494 ns, Reaching safepoint: 108725 ns, At safepoint: 225206 ns, Total: 333931 ns
[2020-09-11T15:40:06.889+0000][1][safepoint    ] Safepoint "Cleanup", Time since last: 1007644187 ns, Reaching safepoint: 529539 ns, At safepoint: 6638 ns, Total: 536177 ns
[2020-09-11T15:40:07.901+0000][1][safepoint    ] Safepoint "Cleanup", Time since last: 1011065063 ns, Reaching safepoint: 552728 ns, At safepoint: 9163 ns, Total: 561891 ns
[2020-09-11T15:40:08.061+0000][1][safepoint    ] Safepoint "RevokeBias", Time since last: 159640322 ns, Reaching safepoint: 105056 ns, At safepoint: 18498 ns, Total: 123554 ns
[2020-09-11T15:40:08.061+0000][1][safepoint    ] Safepoint "RevokeBias", Time since last: 230980 ns, Reaching safepoint: 12683 ns, At safepoint: 8119 ns, Total: 20802 ns
[2020-09-11T15:40:09.061+0000][1][safepoint    ] Safepoint "Cleanup", Time since last: 1000279627 ns, Reaching safepoint: 114206 ns, At safepoint: 6326 ns, Total: 120532 ns
[2020-09-11T15:40:10.006+0000][1][safepoint    ] Safepoint "Deoptimize", Time since last: 944367705 ns, Reaching safepoint: 415748 ns, At safepoint: 231739 ns, Total: 647487 ns
[2020-09-11T15:40:10.156+0000][1][safepoint    ] Safepoint "Deoptimize", Time since last: 147736537 ns, Reaching safepoint: 117434 ns, At safepoint: 1914841 ns, Total: 2032275 ns
[2020-09-11T15:40:11.161+0000][1][safepoint    ] Safepoint "Cleanup", Time since last: 1004640715 ns, Reaching safepoint: 235602 ns, At safepoint: 6885 ns, Total: 242487 ns
[2020-09-11T15:40:12.166+0000][1][safepoint    ] Safepoint "Cleanup", Time since last: 1004650668 ns, Reaching safepoint: 110251 ns, At safepoint: 6121 ns, Total: 116372 ns
[2020-09-11T15:40:13.173+0000][1][safepoint    ] Safepoint "Cleanup", Time since last: 1006990707 ns, Reaching safepoint: 113665 ns, At safepoint: 6509 ns, Total: 120174 ns
[2020-09-11T15:40:14.193+0000][1][safepoint    ] Safepoint "Cleanup", Time since last: 1015825502 ns, Reaching safepoint: 4117841 ns, At safepoint: 12370 ns, Total: 4130211 ns
[2020-09-11T15:40:14.474+0000][1][gc,start     ] GC(17) Pause Young (Allocation Failure)
[2020-09-11T15:40:14.474+0000][1][gc,task      ] GC(17) Using 1 workers of 1 for evacuation
[2020-09-11T15:40:14.798+0000][1][gc,age       ] GC(17) Desired survivor size 4358144 bytes, new threshold 1 (max threshold 6)
[2020-09-11T15:40:14.798+0000][1][gc,age       ] GC(17) Age table with threshold 1 (max threshold 6)
[2020-09-11T15:40:14.798+0000][1][gc,age       ] GC(17) - age   1:    7099200 bytes,    7099200 total
[2020-09-11T15:40:14.798+0000][1][gc,age       ] GC(17) - age   2:     156240 bytes,    7255440 total
[2020-09-11T15:40:14.798+0000][1][gc,age       ] GC(17) - age   3:     104280 bytes,    7359720 total
[2020-09-11T15:40:14.798+0000][1][gc,age       ] GC(17) - age   4:     312368 bytes,    7672088 total
[2020-09-11T15:40:14.798+0000][1][gc,age       ] GC(17) - age   5:     103136 bytes,    7775224 total
[2020-09-11T15:40:14.798+0000][1][gc,age       ] GC(17) - age   6:     203152 bytes,    7978376 total
[2020-09-11T15:40:14.798+0000][1][gc,heap      ] GC(17) ParNew: 71606K->8512K(76672K)
[2020-09-11T15:40:14.798+0000][1][gc,heap      ] GC(17) CMS: 15871K->16443K(2011968K)
[2020-09-11T15:40:14.798+0000][1][gc,metaspace ] GC(17) Metaspace: 29729K->29729K(1077248K)
[2020-09-11T15:40:14.799+0000][1][gc           ] GC(17) Pause Young (Allocation Failure) 85M->24M(2039M) 324.669ms
[2020-09-11T15:40:14.799+0000][1][gc,cpu       ] GC(17) User=0.07s Sys=0.00s Real=0.32s
[2020-09-11T15:40:14.811+0000][1][safepoint    ] Safepoint "GenCollectForAllocation", Time since last: 280862304 ns, Reaching safepoint: 99685 ns, At safepoint: 337130547 ns, Total: 337230232 ns
[2020-09-11T15:40:15.837+0000][1][safepoint    ] Safepoint "Cleanup", Time since last: 1023323134 ns, Reaching safepoint: 2520911 ns, At safepoint: 10807 ns, Total: 2531718 ns
[2020-09-11T15:40:16.848+0000][1][safepoint    ] Safepoint "Cleanup", Time since last: 1010924475 ns, Reaching safepoint: 182579 ns, At safepoint: 6466 ns, Total: 189045 ns
[2020-09-11T15:40:17.848+0000][1][safepoint    ] Safepoint "Cleanup", Time since last: 1000116506 ns, Reaching safepoint: 109104 ns, At safepoint: 6265 ns, Total: 115369 ns
[2020-09-11T15:40:18.873+0000][1][safepoint    ] Safepoint "Cleanup", Time since last: 1012618436 ns, Reaching safepoint: 12037543 ns, At safepoint: 12052 ns, Total: 12049595 ns
[2020-09-11T15:40:19.876+0000][1][safepoint    ] Safepoint "Cleanup", Time since last: 1000101941 ns, Reaching safepoint: 3509550 ns, At safepoint: 10423 ns, Total: 3519973 ns
[2020-09-11T15:40:20.463+0000][1][gc,start     ] GC(18) Pause Young (Allocation Failure)
[2020-09-11T15:40:20.463+0000][1][gc,task      ] GC(18) Using 1 workers of 1 for evacuation
[2020-09-11T15:40:20.676+0000][1][gc,age       ] GC(18) Desired survivor size 4358144 bytes, new threshold 1 (max threshold 6)
[2020-09-11T15:40:20.676+0000][1][gc,age       ] GC(18) Age table with threshold 1 (max threshold 6)
[2020-09-11T15:40:20.676+0000][1][gc,age       ] GC(18) - age   1:    8328952 bytes,    8328952 total
[2020-09-11T15:40:20.676+0000][1][gc,heap      ] GC(18) ParNew: 76672K->8512K(76672K)
[2020-09-11T15:40:20.676+0000][1][gc,heap      ] GC(18) CMS: 16443K->24258K(2011968K)
[2020-09-11T15:40:20.676+0000][1][gc,metaspace ] GC(18) Metaspace: 29876K->29876K(1077248K)
[2020-09-11T15:40:20.676+0000][1][gc           ] GC(18) Pause Young (Allocation Failure) 90M->32M(2039M) 213.333ms
[2020-09-11T15:40:20.676+0000][1][gc,cpu       ] GC(18) User=0.06s Sys=0.00s Real=0.21s
[2020-09-11T15:40:20.698+0000][1][safepoint    ] Safepoint "GenCollectForAllocation", Time since last: 581610013 ns, Reaching safepoint: 4614001 ns, At safepoint: 235779708 ns, Total: 240393709 ns
[2020-09-11T15:40:21.741+0000][1][safepoint    ] Safepoint "Cleanup", Time since last: 1039412998 ns, Reaching safepoint: 2958529 ns, At safepoint: 12563 ns, Total: 2971092 ns
[2020-09-11T15:40:24.699+0000][1][gc,start     ] GC(19) Pause Young (Allocation Failure)
[2020-09-11T15:40:24.699+0000][1][gc,task      ] GC(19) Using 1 workers of 1 for evacuation
[2020-09-11T15:40:24.943+0000][1][gc,age       ] GC(19) Desired survivor size 4358144 bytes, new threshold 1 (max threshold 6)
[2020-09-11T15:40:24.943+0000][1][gc,age       ] GC(19) Age table with threshold 1 (max threshold 6)
[2020-09-11T15:40:24.943+0000][1][gc,age       ] GC(19) - age   1:    8716216 bytes,    8716216 total
[2020-09-11T15:40:24.943+0000][1][gc,heap      ] GC(19) ParNew: 76672K->8512K(76672K)
[2020-09-11T15:40:24.943+0000][1][gc,heap      ] GC(19) CMS: 24258K->32502K(2011968K)
[2020-09-11T15:40:24.943+0000][1][gc,metaspace ] GC(19) Metaspace: 29921K->29921K(1077248K)
[2020-09-11T15:40:24.949+0000][1][gc           ] GC(19) Pause Young (Allocation Failure) 98M->40M(2039M) 249.844ms
[2020-09-11T15:40:24.949+0000][1][gc,cpu       ] GC(19) User=0.10s Sys=0.00s Real=0.25s
[2020-09-11T15:40:24.949+0000][1][safepoint    ] Safepoint "GenCollectForAllocation", Time since last: 2958011795 ns, Reaching safepoint: 104455 ns, At safepoint: 249938018 ns, Total: 250042473 ns
[2020-09-11T15:40:25.793+0000][1][safepoint    ] Safepoint "RevokeBias", Time since last: 843903132 ns, Reaching safepoint: 110249 ns, At safepoint: 36673 ns, Total: 146922 ns
[2020-09-11T15:40:26.509+0000][1][safepoint    ] Safepoint "RevokeBias", Time since last: 715879214 ns, Reaching safepoint: 129208 ns, At safepoint: 46012 ns, Total: 175220 ns
[2020-09-11T15:40:27.606+0000][1][safepoint    ] Safepoint "RevokeBias", Time since last: 1097228557 ns, Reaching safepoint: 169655 ns, At safepoint: 33305 ns, Total: 202960 ns
[2020-09-11T15:40:28.498+0000][1][gc,start     ] GC(20) Pause Young (Allocation Failure)
[2020-09-11T15:40:28.498+0000][1][gc,task      ] GC(20) Using 1 workers of 1 for evacuation
[2020-09-11T15:40:28.642+0000][1][gc,age       ] GC(20) Desired survivor size 4358144 bytes, new threshold 1 (max threshold 6)
[2020-09-11T15:40:28.642+0000][1][gc,age       ] GC(20) Age table with threshold 1 (max threshold 6)
[2020-09-11T15:40:28.642+0000][1][gc,age       ] GC(20) - age   1:    4883728 bytes,    4883728 total
[2020-09-11T15:40:28.642+0000][1][gc,heap      ] GC(20) ParNew: 76672K->8318K(76672K)
[2020-09-11T15:40:28.642+0000][1][gc,heap      ] GC(20) CMS: 32502K->40869K(2011968K)
[2020-09-11T15:40:28.642+0000][1][gc,metaspace ] GC(20) Metaspace: 32154K->32154K(1079296K)
[2020-09-11T15:40:28.642+0000][1][gc           ] GC(20) Pause Young (Allocation Failure) 106M->48M(2039M) 143.652ms
[2020-09-11T15:40:28.642+0000][1][gc,cpu       ] GC(20) User=0.04s Sys=0.00s Real=0.15s
[2020-09-11T15:40:28.649+0000][1][safepoint    ] Safepoint "GenCollectForAllocation", Time since last: 891424134 ns, Reaching safepoint: 101572 ns, At safepoint: 151133727 ns, Total: 151235299 ns
[2020-09-11T15:40:29.076+0000][1][safepoint    ] Safepoint "Deoptimize", Time since last: 426443845 ns, Reaching safepoint: 127211 ns, At safepoint: 272277 ns, Total: 399488 ns
[2020-09-11T15:40:30.092+0000][1][safepoint    ] Safepoint "Cleanup", Time since last: 1002003247 ns, Reaching safepoint: 13622909 ns, At safepoint: 10590 ns, Total: 13633499 ns
[2020-09-11T15:40:31.092+0000][1][safepoint    ] Safepoint "Cleanup", Time since last: 1000640818 ns, Reaching safepoint: 121606 ns, At safepoint: 5324 ns, Total: 126930 ns
[2020-09-11T15:40:31.840+0000][1][safepoint    ] Safepoint "Deoptimize", Time since last: 747416706 ns, Reaching safepoint: 104707 ns, At safepoint: 273459 ns, Total: 378166 ns
[2020-09-11T15:40:32.853+0000][1][safepoint    ] Safepoint "Cleanup", Time since last: 1010527419 ns, Reaching safepoint: 2153477 ns, At safepoint: 9503 ns, Total: 2162980 ns
[2020-09-11T15:40:33.033+0000][1][gc,start     ] GC(21) Pause Young (Allocation Failure)
[2020-09-11T15:40:33.172+0000][1][gc,task      ] GC(21) Using 1 workers of 1 for evacuation
[2020-09-11T15:40:33.308+0000][1][gc,age       ] GC(21) Desired survivor size 4358144 bytes, new threshold 6 (max threshold 6)
[2020-09-11T15:40:33.308+0000][1][gc,age       ] GC(21) Age table with threshold 6 (max threshold 6)
[2020-09-11T15:40:33.308+0000][1][gc,age       ] GC(21) - age   1:     986944 bytes,     986944 total
[2020-09-11T15:40:33.308+0000][1][gc,heap      ] GC(21) ParNew: 76478K->3868K(76672K)
[2020-09-11T15:40:33.308+0000][1][gc,heap      ] GC(21) CMS: 40869K->45564K(2011968K)
[2020-09-11T15:40:33.308+0000][1][gc,metaspace ] GC(21) Metaspace: 32454K->32454K(1079296K)
[2020-09-11T15:40:33.308+0000][1][gc           ] GC(21) Pause Young (Allocation Failure) 114M->48M(2039M) 274.955ms
[2020-09-11T15:40:33.308+0000][1][gc,cpu       ] GC(21) User=0.03s Sys=0.00s Real=0.27s
[2020-09-11T15:40:33.338+0000][1][safepoint    ] Safepoint "GenCollectForAllocation", Time since last: 176028615 ns, Reaching safepoint: 3971540 ns, At safepoint: 305036659 ns, Total: 309008199 ns
[2020-09-11T15:40:34.363+0000][1][safepoint    ] Safepoint "Cleanup", Time since last: 1024909244 ns, Reaching safepoint: 119768 ns, At safepoint: 5902 ns, Total: 125670 ns
[2020-09-11T15:40:34.882+0000][1][gc,start     ] GC(22) Pause Young (Allocation Failure)
[2020-09-11T15:40:34.882+0000][1][gc,task      ] GC(22) Using 1 workers of 1 for evacuation
[2020-09-11T15:40:34.931+0000][1][gc,age       ] GC(22) Desired survivor size 4358144 bytes, new threshold 6 (max threshold 6)
[2020-09-11T15:40:34.931+0000][1][gc,age       ] GC(22) Age table with threshold 6 (max threshold 6)
[2020-09-11T15:40:34.931+0000][1][gc,age       ] GC(22) - age   1:     249504 bytes,     249504 total
[2020-09-11T15:40:34.931+0000][1][gc,age       ] GC(22) - age   2:     438416 bytes,     687920 total
[2020-09-11T15:40:34.931+0000][1][gc,heap      ] GC(22) ParNew: 72028K->1207K(76672K)
[2020-09-11T15:40:34.931+0000][1][gc,heap      ] GC(22) CMS: 45564K->45564K(2011968K)
[2020-09-11T15:40:34.931+0000][1][gc,metaspace ] GC(22) Metaspace: 32466K->32466K(1079296K)
[2020-09-11T15:40:34.931+0000][1][gc           ] GC(22) Pause Young (Allocation Failure) 114M->45M(2039M) 49.259ms
[2020-09-11T15:40:34.931+0000][1][gc,cpu       ] GC(22) User=0.02s Sys=0.00s Real=0.04s
[2020-09-11T15:40:34.949+0000][1][safepoint    ] Safepoint "GenCollectForAllocation", Time since last: 519013921 ns, Reaching safepoint: 107662 ns, At safepoint: 66773822 ns, Total: 66881484 ns
[2020-09-11T15:40:35.558+0000][1][gc,start     ] GC(23) Pause Young (Allocation Failure)
[2020-09-11T15:40:35.558+0000][1][gc,task      ] GC(23) Using 1 workers of 1 for evacuation
[2020-09-11T15:40:35.659+0000][1][gc,age       ] GC(23) Desired survivor size 4358144 bytes, new threshold 6 (max threshold 6)
[2020-09-11T15:40:35.659+0000][1][gc,age       ] GC(23) Age table with threshold 6 (max threshold 6)
[2020-09-11T15:40:35.659+0000][1][gc,age       ] GC(23) - age   1:        208 bytes,        208 total
[2020-09-11T15:40:35.659+0000][1][gc,age       ] GC(23) - age   2:     249432 bytes,     249640 total
[2020-09-11T15:40:35.659+0000][1][gc,age       ] GC(23) - age   3:     438416 bytes,     688056 total
[2020-09-11T15:40:35.659+0000][1][gc,heap      ] GC(23) ParNew: 69367K->1107K(76672K)
[2020-09-11T15:40:35.659+0000][1][gc,heap      ] GC(23) CMS: 45564K->45564K(2011968K)
[2020-09-11T15:40:35.659+0000][1][gc,metaspace ] GC(23) Metaspace: 32467K->32467K(1079296K)
[2020-09-11T15:40:35.660+0000][1][gc           ] GC(23) Pause Young (Allocation Failure) 112M->45M(2039M) 101.602ms
[2020-09-11T15:40:35.660+0000][1][gc,cpu       ] GC(23) User=0.03s Sys=0.00s Real=0.10s
[2020-09-11T15:40:35.666+0000][1][safepoint    ] Safepoint "GenCollectForAllocation", Time since last: 609001121 ns, Reaching safepoint: 108846 ns, At safepoint: 108168085 ns, Total: 108276931 ns
[2020-09-11T15:40:36.189+0000][1][gc,start     ] GC(24) Pause Young (Allocation Failure)
[2020-09-11T15:40:36.189+0000][1][gc,task      ] GC(24) Using 1 workers of 1 for evacuation
[2020-09-11T15:40:36.243+0000][1][gc,age       ] GC(24) Desired survivor size 4358144 bytes, new threshold 6 (max threshold 6)
[2020-09-11T15:40:36.243+0000][1][gc,age       ] GC(24) Age table with threshold 6 (max threshold 6)
[2020-09-11T15:40:36.243+0000][1][gc,age       ] GC(24) - age   1:         96 bytes,         96 total
[2020-09-11T15:40:36.243+0000][1][gc,age       ] GC(24) - age   2:        208 bytes,        304 total
[2020-09-11T15:40:36.243+0000][1][gc,age       ] GC(24) - age   3:     249432 bytes,     249736 total
[2020-09-11T15:40:36.243+0000][1][gc,age       ] GC(24) - age   4:     438416 bytes,     688152 total
[2020-09-11T15:40:36.243+0000][1][gc,heap      ] GC(24) ParNew: 69267K->1284K(76672K)
[2020-09-11T15:40:36.243+0000][1][gc,heap      ] GC(24) CMS: 45564K->45564K(2011968K)
[2020-09-11T15:40:36.243+0000][1][gc,metaspace ] GC(24) Metaspace: 32471K->32471K(1079296K)
[2020-09-11T15:40:36.243+0000][1][gc           ] GC(24) Pause Young (Allocation Failure) 112M->45M(2039M) 53.932ms
[2020-09-11T15:40:36.243+0000][1][gc,cpu       ] GC(24) User=0.01s Sys=0.00s Real=0.06s
[2020-09-11T15:40:36.281+0000][1][safepoint    ] Safepoint "GenCollectForAllocation", Time since last: 521606004 ns, Reaching safepoint: 1127557 ns, At safepoint: 92480645 ns, Total: 93608202 ns
[2020-09-11T15:40:36.697+0000][1][gc,start     ] GC(25) Pause Young (Allocation Failure)
[2020-09-11T15:40:36.697+0000][1][gc,task      ] GC(25) Using 1 workers of 1 for evacuation
[2020-09-11T15:40:36.738+0000][1][gc,age       ] GC(25) Desired survivor size 4358144 bytes, new threshold 6 (max threshold 6)
[2020-09-11T15:40:36.738+0000][1][gc,age       ] GC(25) Age table with threshold 6 (max threshold 6)
[2020-09-11T15:40:36.738+0000][1][gc,age       ] GC(25) - age   1:         88 bytes,         88 total
[2020-09-11T15:40:36.738+0000][1][gc,age       ] GC(25) - age   3:        208 bytes,        296 total
[2020-09-11T15:40:36.738+0000][1][gc,age       ] GC(25) - age   4:     249432 bytes,     249728 total
[2020-09-11T15:40:36.738+0000][1][gc,age       ] GC(25) - age   5:     438416 bytes,     688144 total
[2020-09-11T15:40:36.738+0000][1][gc,heap      ] GC(25) ParNew: 69444K->825K(76672K)
[2020-09-11T15:40:36.738+0000][1][gc,heap      ] GC(25) CMS: 45564K->45564K(2011968K)
[2020-09-11T15:40:36.738+0000][1][gc,metaspace ] GC(25) Metaspace: 32471K->32471K(1079296K)
[2020-09-11T15:40:36.738+0000][1][gc           ] GC(25) Pause Young (Allocation Failure) 112M->45M(2039M) 40.967ms
[2020-09-11T15:40:36.738+0000][1][gc,cpu       ] GC(25) User=0.01s Sys=0.00s Real=0.04s
[2020-09-11T15:40:36.757+0000][1][safepoint    ] Safepoint "GenCollectForAllocation", Time since last: 412538177 ns, Reaching safepoint: 2992024 ns, At safepoint: 59703328 ns, Total: 62695352 ns
[2020-09-11T15:40:37.029+0000][1][gc,start     ] GC(26) Pause Young (Allocation Failure)
[2020-09-11T15:40:37.029+0000][1][gc,task      ] GC(26) Using 1 workers of 1 for evacuation
[2020-09-11T15:40:37.088+0000][1][gc,age       ] GC(26) Desired survivor size 4358144 bytes, new threshold 6 (max threshold 6)
[2020-09-11T15:40:37.088+0000][1][gc,age       ] GC(26) Age table with threshold 6 (max threshold 6)
[2020-09-11T15:40:37.088+0000][1][gc,age       ] GC(26) - age   1:        200 bytes,        200 total
[2020-09-11T15:40:37.088+0000][1][gc,age       ] GC(26) - age   4:        208 bytes,        408 total
[2020-09-11T15:40:37.088+0000][1][gc,age       ] GC(26) - age   5:     249432 bytes,     249840 total
[2020-09-11T15:40:37.088+0000][1][gc,age       ] GC(26) - age   6:     438416 bytes,     688256 total
[2020-09-11T15:40:37.088+0000][1][gc,heap      ] GC(26) ParNew: 68985K->1214K(76672K)
[2020-09-11T15:40:37.088+0000][1][gc,heap      ] GC(26) CMS: 45564K->45564K(2011968K)
[2020-09-11T15:40:37.088+0000][1][gc,metaspace ] GC(26) Metaspace: 32471K->32471K(1079296K)
[2020-09-11T15:40:37.088+0000][1][gc           ] GC(26) Pause Young (Allocation Failure) 111M->45M(2039M) 58.954ms
[2020-09-11T15:40:37.088+0000][1][gc,cpu       ] GC(26) User=0.02s Sys=0.00s Real=0.06s
[2020-09-11T15:40:37.102+0000][1][safepoint    ] Safepoint "GenCollectForAllocation", Time since last: 272279703 ns, Reaching safepoint: 102474 ns, At safepoint: 73209670 ns, Total: 73312144 ns
[2020-09-11T15:40:37.499+0000][1][gc,start     ] GC(27) Pause Young (Allocation Failure)
[2020-09-11T15:40:37.499+0000][1][gc,task      ] GC(27) Using 1 workers of 1 for evacuation
[2020-09-11T15:40:37.579+0000][1][gc,age       ] GC(27) Desired survivor size 4358144 bytes, new threshold 6 (max threshold 6)
[2020-09-11T15:40:37.579+0000][1][gc,age       ] GC(27) Age table with threshold 6 (max threshold 6)
[2020-09-11T15:40:37.579+0000][1][gc,age       ] GC(27) - age   1:        224 bytes,        224 total
[2020-09-11T15:40:37.579+0000][1][gc,age       ] GC(27) - age   5:        208 bytes,        432 total
[2020-09-11T15:40:37.579+0000][1][gc,age       ] GC(27) - age   6:     249432 bytes,     249864 total
[2020-09-11T15:40:37.579+0000][1][gc,heap      ] GC(27) ParNew: 69374K->403K(76672K)
[2020-09-11T15:40:37.579+0000][1][gc,heap      ] GC(27) CMS: 45564K->45993K(2011968K)
[2020-09-11T15:40:37.579+0000][1][gc,metaspace ] GC(27) Metaspace: 32471K->32471K(1079296K)
[2020-09-11T15:40:37.579+0000][1][gc           ] GC(27) Pause Young (Allocation Failure) 112M->45M(2039M) 79.931ms
[2020-09-11T15:40:37.579+0000][1][gc,cpu       ] GC(27) User=0.03s Sys=0.00s Real=0.08s
[2020-09-11T15:40:37.597+0000][1][safepoint    ] Safepoint "GenCollectForAllocation", Time since last: 396873443 ns, Reaching safepoint: 104528 ns, At safepoint: 97725865 ns, Total: 97830393 ns
[2020-09-11T15:40:37.940+0000][1][gc,start     ] GC(28) Pause Young (Allocation Failure)
[2020-09-11T15:40:37.940+0000][1][gc,task      ] GC(28) Using 1 workers of 1 for evacuation
[2020-09-11T15:40:37.976+0000][1][gc,age       ] GC(28) Desired survivor size 4358144 bytes, new threshold 6 (max threshold 6)
[2020-09-11T15:40:37.976+0000][1][gc,age       ] GC(28) Age table with threshold 6 (max threshold 6)
[2020-09-11T15:40:37.976+0000][1][gc,age       ] GC(28) - age   1:        128 bytes,        128 total
[2020-09-11T15:40:37.976+0000][1][gc,age       ] GC(28) - age   6:        208 bytes,        336 total
[2020-09-11T15:40:37.976+0000][1][gc,heap      ] GC(28) ParNew: 68563K->283K(76672K)
[2020-09-11T15:40:37.976+0000][1][gc,heap      ] GC(28) CMS: 45993K->46237K(2011968K)
[2020-09-11T15:40:37.976+0000][1][gc,metaspace ] GC(28) Metaspace: 32471K->32471K(1079296K)
[2020-09-11T15:40:37.976+0000][1][gc           ] GC(28) Pause Young (Allocation Failure) 111M->45M(2039M) 36.279ms
[2020-09-11T15:40:37.976+0000][1][gc,cpu       ] GC(28) User=0.01s Sys=0.00s Real=0.04s
[2020-09-11T15:40:37.993+0000][1][safepoint    ] Safepoint "GenCollectForAllocation", Time since last: 342662300 ns, Reaching safepoint: 345252 ns, At safepoint: 53008628 ns, Total: 53353880 ns
[2020-09-11T15:40:38.181+0000][1][gc,start     ] GC(29) Pause Young (Allocation Failure)
[2020-09-11T15:40:38.181+0000][1][gc,task      ] GC(29) Using 1 workers of 1 for evacuation
[2020-09-11T15:40:38.219+0000][1][gc,age       ] GC(29) Desired survivor size 4358144 bytes, new threshold 6 (max threshold 6)
[2020-09-11T15:40:38.219+0000][1][gc,age       ] GC(29) Age table with threshold 6 (max threshold 6)
[2020-09-11T15:40:38.219+0000][1][gc,age       ] GC(29) - age   1:        200 bytes,        200 total
[2020-09-11T15:40:38.219+0000][1][gc,heap      ] GC(29) ParNew: 68443K->71K(76672K)
[2020-09-11T15:40:38.219+0000][1][gc,heap      ] GC(29) CMS: 46237K->46237K(2011968K)
[2020-09-11T15:40:38.219+0000][1][gc,metaspace ] GC(29) Metaspace: 32471K->32471K(1079296K)
[2020-09-11T15:40:38.219+0000][1][gc           ] GC(29) Pause Young (Allocation Failure) 111M->45M(2039M) 38.688ms
[2020-09-11T15:40:38.220+0000][1][gc,cpu       ] GC(29) User=0.01s Sys=0.00s Real=0.03s
[2020-09-11T15:40:38.225+0000][1][safepoint    ] Safepoint "GenCollectForAllocation", Time since last: 187103570 ns, Reaching safepoint: 867582 ns, At safepoint: 44052770 ns, Total: 44920352 ns
[2020-09-11T15:40:38.385+0000][1][gc,start     ] GC(30) Pause Young (Allocation Failure)
[2020-09-11T15:40:38.385+0000][1][gc,task      ] GC(30) Using 1 workers of 1 for evacuation
[2020-09-11T15:40:38.425+0000][1][gc,age       ] GC(30) Desired survivor size 4358144 bytes, new threshold 6 (max threshold 6)
[2020-09-11T15:40:38.425+0000][1][gc,age       ] GC(30) Age table with threshold 6 (max threshold 6)
[2020-09-11T15:40:38.425+0000][1][gc,age       ] GC(30) - age   1:        208 bytes,        208 total
[2020-09-11T15:40:38.425+0000][1][gc,heap      ] GC(30) ParNew: 68231K->17K(76672K)
[2020-09-11T15:40:38.425+0000][1][gc,heap      ] GC(30) CMS: 46237K->46237K(2011968K)
[2020-09-11T15:40:38.425+0000][1][gc,metaspace ] GC(30) Metaspace: 32471K->32471K(1079296K)
[2020-09-11T15:40:38.425+0000][1][gc           ] GC(30) Pause Young (Allocation Failure) 111M->45M(2039M) 40.083ms
[2020-09-11T15:40:38.425+0000][1][gc,cpu       ] GC(30) User=0.01s Sys=0.00s Real=0.04s
[2020-09-11T15:40:38.425+0000][1][safepoint    ] Safepoint "GenCollectForAllocation", Time since last: 160005150 ns, Reaching safepoint: 102584 ns, At safepoint: 40152690 ns, Total: 40255274 ns
[2020-09-11T15:40:38.588+0000][1][gc,start     ] GC(31) Pause Young (Allocation Failure)
[2020-09-11T15:40:38.588+0000][1][gc,task      ] GC(31) Using 1 workers of 1 for evacuation
[2020-09-11T15:40:38.629+0000][1][gc,age       ] GC(31) Desired survivor size 4358144 bytes, new threshold 6 (max threshold 6)
[2020-09-11T15:40:38.629+0000][1][gc,age       ] GC(31) Age table with threshold 6 (max threshold 6)
[2020-09-11T15:40:38.629+0000][1][gc,age       ] GC(31) - age   1:        232 bytes,        232 total
[2020-09-11T15:40:38.629+0000][1][gc,heap      ] GC(31) ParNew: 68177K->4K(76672K)
[2020-09-11T15:40:38.629+0000][1][gc,heap      ] GC(31) CMS: 46237K->46237K(2011968K)
[2020-09-11T15:40:38.629+0000][1][gc,metaspace ] GC(31) Metaspace: 32471K->32471K(1079296K)
[2020-09-11T15:40:38.629+0000][1][gc           ] GC(31) Pause Young (Allocation Failure) 111M->45M(2039M) 40.722ms
[2020-09-11T15:40:38.629+0000][1][gc,cpu       ] GC(31) User=0.01s Sys=0.00s Real=0.04s
[2020-09-11T15:40:38.629+0000][1][safepoint    ] Safepoint "GenCollectForAllocation", Time since last: 163047690 ns, Reaching safepoint: 104599 ns, At safepoint: 40801008 ns, Total: 40905607 ns
[2020-09-11T15:40:38.785+0000][1][gc,start     ] GC(32) Pause Young (Allocation Failure)
[2020-09-11T15:40:38.785+0000][1][gc,task      ] GC(32) Using 1 workers of 1 for evacuation
[2020-09-11T15:40:38.817+0000][1][gc,age       ] GC(32) Desired survivor size 4358144 bytes, new threshold 6 (max threshold 6)
[2020-09-11T15:40:38.818+0000][1][gc,age       ] GC(32) Age table with threshold 6 (max threshold 6)
[2020-09-11T15:40:38.818+0000][1][gc,age       ] GC(32) - age   1:        200 bytes,        200 total
[2020-09-11T15:40:38.818+0000][1][gc,heap      ] GC(32) ParNew: 68164K->2K(76672K)
[2020-09-11T15:40:38.818+0000][1][gc,heap      ] GC(32) CMS: 46237K->46237K(2011968K)
[2020-09-11T15:40:38.818+0000][1][gc,metaspace ] GC(32) Metaspace: 32471K->32471K(1079296K)
[2020-09-11T15:40:38.818+0000][1][gc           ] GC(32) Pause Young (Allocation Failure) 111M->45M(2039M) 32.627ms
[2020-09-11T15:40:38.818+0000][1][gc,cpu       ] GC(32) User=0.01s Sys=0.00s Real=0.03s
[2020-09-11T15:40:38.818+0000][1][safepoint    ] Safepoint "GenCollectForAllocation", Time since last: 155758083 ns, Reaching safepoint: 120284 ns, At safepoint: 32688352 ns, Total: 32808636 ns
[2020-09-11T15:40:38.929+0000][1][gc,start     ] GC(33) Pause Young (Allocation Failure)
[2020-09-11T15:40:38.929+0000][1][gc,task      ] GC(33) Using 1 workers of 1 for evacuation
[2020-09-11T15:40:38.950+0000][1][gc,age       ] GC(33) Desired survivor size 4358144 bytes, new threshold 6 (max threshold 6)
[2020-09-11T15:40:38.950+0000][1][gc,age       ] GC(33) Age table with threshold 6 (max threshold 6)
[2020-09-11T15:40:38.950+0000][1][gc,age       ] GC(33) - age   1:        216 bytes,        216 total
[2020-09-11T15:40:38.950+0000][1][gc,heap      ] GC(33) ParNew: 68162K->2K(76672K)
[2020-09-11T15:40:38.950+0000][1][gc,heap      ] GC(33) CMS: 46237K->46237K(2011968K)
[2020-09-11T15:40:38.950+0000][1][gc,metaspace ] GC(33) Metaspace: 32471K->32471K(1079296K)
[2020-09-11T15:40:38.950+0000][1][gc           ] GC(33) Pause Young (Allocation Failure) 111M->45M(2039M) 20.716ms
[2020-09-11T15:40:38.950+0000][1][gc,cpu       ] GC(33) User=0.01s Sys=0.00s Real=0.02s
[2020-09-11T15:40:38.953+0000][1][safepoint    ] Safepoint "GenCollectForAllocation", Time since last: 111201048 ns, Reaching safepoint: 115467 ns, At safepoint: 23867595 ns, Total: 23983062 ns
[2020-09-11T15:40:39.963+0000][1][safepoint    ] Safepoint "Cleanup", Time since last: 1010287908 ns, Reaching safepoint: 50644 ns, At safepoint: 6226 ns, Total: 56870 ns
[2020-09-11T15:40:40.342+0000][1][gc,start     ] GC(34) Pause Young (Allocation Failure)
[2020-09-11T15:40:40.342+0000][1][gc,task      ] GC(34) Using 1 workers of 1 for evacuation
[2020-09-11T15:40:40.360+0000][1][gc,age       ] GC(34) Desired survivor size 4358144 bytes, new threshold 6 (max threshold 6)
[2020-09-11T15:40:40.361+0000][1][gc,age       ] GC(34) Age table with threshold 6 (max threshold 6)
[2020-09-11T15:40:40.361+0000][1][gc,age       ] GC(34) - age   1:     276664 bytes,     276664 total
[2020-09-11T15:40:40.361+0000][1][gc,heap      ] GC(34) ParNew: 68162K->271K(76672K)
[2020-09-11T15:40:40.361+0000][1][gc,heap      ] GC(34) CMS: 46237K->46237K(2011968K)
[2020-09-11T15:40:40.361+0000][1][gc,metaspace ] GC(34) Metaspace: 32491K->32491K(1079296K)
[2020-09-11T15:40:40.361+0000][1][gc           ] GC(34) Pause Young (Allocation Failure) 111M->45M(2039M) 18.706ms
[2020-09-11T15:40:40.361+0000][1][gc,cpu       ] GC(34) User=0.02s Sys=0.00s Real=0.01s
[2020-09-11T15:40:40.365+0000][1][safepoint    ] Safepoint "GenCollectForAllocation", Time since last: 378644314 ns, Reaching safepoint: 73577 ns, At safepoint: 22956527 ns, Total: 23030104 ns
[2020-09-11T15:40:41.039+0000][1][gc,start     ] GC(35) Pause Young (Allocation Failure)
[2020-09-11T15:40:41.039+0000][1][gc,task      ] GC(35) Using 1 workers of 1 for evacuation
[2020-09-11T15:40:41.061+0000][1][gc,age       ] GC(35) Desired survivor size 4358144 bytes, new threshold 6 (max threshold 6)
[2020-09-11T15:40:41.061+0000][1][gc,age       ] GC(35) Age table with threshold 6 (max threshold 6)
[2020-09-11T15:40:41.061+0000][1][gc,age       ] GC(35) - age   1:     512248 bytes,     512248 total
[2020-09-11T15:40:41.061+0000][1][gc,age       ] GC(35) - age   2:     182760 bytes,     695008 total
[2020-09-11T15:40:41.061+0000][1][gc,heap      ] GC(35) ParNew: 68431K->681K(76672K)
[2020-09-11T15:40:41.061+0000][1][gc,heap      ] GC(35) CMS: 46237K->46237K(2011968K)
[2020-09-11T15:40:41.061+0000][1][gc,metaspace ] GC(35) Metaspace: 32491K->32491K(1079296K)
[2020-09-11T15:40:41.061+0000][1][gc           ] GC(35) Pause Young (Allocation Failure) 111M->45M(2039M) 21.477ms
[2020-09-11T15:40:41.061+0000][1][gc,cpu       ] GC(35) User=0.02s Sys=0.00s Real=0.02s
[2020-09-11T15:40:41.065+0000][1][safepoint    ] Safepoint "GenCollectForAllocation", Time since last: 674284415 ns, Reaching safepoint: 104692 ns, At safepoint: 25565632 ns, Total: 25670324 ns
[2020-09-11T15:40:41.401+0000][1][gc,start     ] GC(36) Pause Young (Allocation Failure)
[2020-09-11T15:40:41.401+0000][1][gc,task      ] GC(36) Using 1 workers of 1 for evacuation
[2020-09-11T15:40:41.417+0000][1][gc,age       ] GC(36) Desired survivor size 4358144 bytes, new threshold 6 (max threshold 6)
[2020-09-11T15:40:41.417+0000][1][gc,age       ] GC(36) Age table with threshold 6 (max threshold 6)
[2020-09-11T15:40:41.417+0000][1][gc,age       ] GC(36) - age   1:     642272 bytes,     642272 total
[2020-09-11T15:40:41.417+0000][1][gc,age       ] GC(36) - age   2:     340488 bytes,     982760 total
[2020-09-11T15:40:41.417+0000][1][gc,age       ] GC(36) - age   3:     182120 bytes,    1164880 total
[2020-09-11T15:40:41.417+0000][1][gc,heap      ] GC(36) ParNew: 68841K->1138K(76672K)
[2020-09-11T15:40:41.417+0000][1][gc,heap      ] GC(36) CMS: 46237K->46237K(2011968K)
[2020-09-11T15:40:41.417+0000][1][gc,metaspace ] GC(36) Metaspace: 32492K->32492K(1079296K)
[2020-09-11T15:40:41.417+0000][1][gc           ] GC(36) Pause Young (Allocation Failure) 112M->46M(2039M) 16.584ms
[2020-09-11T15:40:41.417+0000][1][gc,cpu       ] GC(36) User=0.01s Sys=0.00s Real=0.01s
[2020-09-11T15:40:41.421+0000][1][safepoint    ] Safepoint "GenCollectForAllocation", Time since last: 335992439 ns, Reaching safepoint: 99307 ns, At safepoint: 19929079 ns, Total: 20028386 ns
[2020-09-11T15:40:42.010+0000][1][gc,start     ] GC(37) Pause Young (Allocation Failure)
[2020-09-11T15:40:42.010+0000][1][gc,task      ] GC(37) Using 1 workers of 1 for evacuation
[2020-09-11T15:40:42.063+0000][1][gc,age       ] GC(37) Desired survivor size 4358144 bytes, new threshold 6 (max threshold 6)
[2020-09-11T15:40:42.063+0000][1][gc,age       ] GC(37) Age table with threshold 6 (max threshold 6)
[2020-09-11T15:40:42.063+0000][1][gc,age       ] GC(37) - age   1:     621696 bytes,     621696 total
[2020-09-11T15:40:42.063+0000][1][gc,age       ] GC(37) - age   2:     301408 bytes,     923104 total
[2020-09-11T15:40:42.063+0000][1][gc,age       ] GC(37) - age   3:     340304 bytes,    1263408 total
[2020-09-11T15:40:42.063+0000][1][gc,age       ] GC(37) - age   4:     181736 bytes,    1445144 total
[2020-09-11T15:40:42.063+0000][1][gc,heap      ] GC(37) ParNew: 69298K->1438K(76672K)
[2020-09-11T15:40:42.063+0000][1][gc,heap      ] GC(37) CMS: 46237K->46237K(2011968K)
[2020-09-11T15:40:42.063+0000][1][gc,metaspace ] GC(37) Metaspace: 32492K->32492K(1079296K)
[2020-09-11T15:40:42.067+0000][1][gc           ] GC(37) Pause Young (Allocation Failure) 112M->46M(2039M) 56.605ms
[2020-09-11T15:40:42.067+0000][1][gc,cpu       ] GC(37) User=0.02s Sys=0.00s Real=0.06s
[2020-09-11T15:40:42.067+0000][1][safepoint    ] Safepoint "GenCollectForAllocation", Time since last: 589516167 ns, Reaching safepoint: 102239 ns, At safepoint: 56691519 ns, Total: 56793758 ns
[2020-09-11T15:40:42.422+0000][1][gc,start     ] GC(38) Pause Young (Allocation Failure)
[2020-09-11T15:40:42.422+0000][1][gc,task      ] GC(38) Using 1 workers of 1 for evacuation
[2020-09-11T15:40:42.442+0000][1][gc,age       ] GC(38) Desired survivor size 4358144 bytes, new threshold 6 (max threshold 6)
[2020-09-11T15:40:42.442+0000][1][gc,age       ] GC(38) Age table with threshold 6 (max threshold 6)
[2020-09-11T15:40:42.442+0000][1][gc,age       ] GC(38) - age   1:     935960 bytes,     935960 total
[2020-09-11T15:40:42.442+0000][1][gc,age       ] GC(38) - age   2:     264672 bytes,    1200632 total
[2020-09-11T15:40:42.442+0000][1][gc,age       ] GC(38) - age   3:     297464 bytes,    1498096 total
[2020-09-11T15:40:42.442+0000][1][gc,age       ] GC(38) - age   4:     340224 bytes,    1838320 total
[2020-09-11T15:40:42.442+0000][1][gc,age       ] GC(38) - age   5:     181632 bytes,    2019952 total
[2020-09-11T15:40:42.442+0000][1][gc,heap      ] GC(38) ParNew: 69598K->2000K(76672K)
[2020-09-11T15:40:42.442+0000][1][gc,heap      ] GC(38) CMS: 46237K->46237K(2011968K)
[2020-09-11T15:40:42.442+0000][1][gc,metaspace ] GC(38) Metaspace: 32492K->32492K(1079296K)
[2020-09-11T15:40:42.442+0000][1][gc           ] GC(38) Pause Young (Allocation Failure) 113M->47M(2039M) 20.485ms
[2020-09-11T15:40:42.442+0000][1][gc,cpu       ] GC(38) User=0.02s Sys=0.00s Real=0.02s
[2020-09-11T15:40:42.444+0000][1][safepoint    ] Safepoint "GenCollectForAllocation", Time since last: 354617413 ns, Reaching safepoint: 112195 ns, At safepoint: 21877660 ns, Total: 21989855 ns
[2020-09-11T15:40:42.610+0000][1][gc,start     ] GC(39) Pause Young (Allocation Failure)
[2020-09-11T15:40:42.610+0000][1][gc,task      ] GC(39) Using 1 workers of 1 for evacuation
[2020-09-11T15:40:42.641+0000][1][gc,age       ] GC(39) Desired survivor size 4358144 bytes, new threshold 6 (max threshold 6)
[2020-09-11T15:40:42.641+0000][1][gc,age       ] GC(39) Age table with threshold 6 (max threshold 6)
[2020-09-11T15:40:42.641+0000][1][gc,age       ] GC(39) - age   1:     344216 bytes,     344216 total
[2020-09-11T15:40:42.641+0000][1][gc,age       ] GC(39) - age   2:     923488 bytes,    1267704 total
[2020-09-11T15:40:42.641+0000][1][gc,age       ] GC(39) - age   3:     263464 bytes,    1531168 total
[2020-09-11T15:40:42.641+0000][1][gc,age       ] GC(39) - age   4:     296976 bytes,    1828144 total
[2020-09-11T15:40:42.641+0000][1][gc,age       ] GC(39) - age   5:     339888 bytes,    2168032 total
[2020-09-11T15:40:42.641+0000][1][gc,age       ] GC(39) - age   6:     181592 bytes,    2349624 total
[2020-09-11T15:40:42.641+0000][1][gc,heap      ] GC(39) ParNew: 70160K->2306K(76672K)
[2020-09-11T15:40:42.641+0000][1][gc,heap      ] GC(39) CMS: 46237K->46237K(2011968K)
[2020-09-11T15:40:42.641+0000][1][gc,metaspace ] GC(39) Metaspace: 32492K->32492K(1079296K)
[2020-09-11T15:40:42.641+0000][1][gc           ] GC(39) Pause Young (Allocation Failure) 113M->47M(2039M) 31.098ms
[2020-09-11T15:40:42.641+0000][1][gc,cpu       ] GC(39) User=0.01s Sys=0.00s Real=0.04s
[2020-09-11T15:40:42.641+0000][1][safepoint    ] Safepoint "GenCollectForAllocation", Time since last: 165587633 ns, Reaching safepoint: 366071 ns, At safepoint: 31155625 ns, Total: 31521696 ns
[2020-09-11T15:40:42.872+0000][1][gc,start     ] GC(40) Pause Young (Allocation Failure)
[2020-09-11T15:40:42.872+0000][1][gc,task      ] GC(40) Using 1 workers of 1 for evacuation
[2020-09-11T15:40:42.886+0000][1][gc,age       ] GC(40) Desired survivor size 4358144 bytes, new threshold 6 (max threshold 6)
[2020-09-11T15:40:42.886+0000][1][gc,age       ] GC(40) Age table with threshold 6 (max threshold 6)
[2020-09-11T15:40:42.886+0000][1][gc,age       ] GC(40) - age   1:     348440 bytes,     348440 total
[2020-09-11T15:40:42.886+0000][1][gc,age       ] GC(40) - age   2:     333824 bytes,     682264 total
[2020-09-11T15:40:42.886+0000][1][gc,age       ] GC(40) - age   3:     923136 bytes,    1605400 total
[2020-09-11T15:40:42.886+0000][1][gc,age       ] GC(40) - age   4:     263232 bytes,    1868632 total
[2020-09-11T15:40:42.886+0000][1][gc,age       ] GC(40) - age   5:     296856 bytes,    2165488 total
[2020-09-11T15:40:42.886+0000][1][gc,age       ] GC(40) - age   6:     339888 bytes,    2505376 total
[2020-09-11T15:40:42.886+0000][1][gc,heap      ] GC(40) ParNew: 70466K->2465K(76672K)
[2020-09-11T15:40:42.886+0000][1][gc,heap      ] GC(40) CMS: 46237K->46412K(2011968K)
[2020-09-11T15:40:42.886+0000][1][gc,metaspace ] GC(40) Metaspace: 32495K->32495K(1079296K)
[2020-09-11T15:40:42.886+0000][1][gc           ] GC(40) Pause Young (Allocation Failure) 113M->47M(2039M) 14.604ms
[2020-09-11T15:40:42.886+0000][1][gc,cpu       ] GC(40) User=0.01s Sys=0.00s Real=0.02s
[2020-09-11T15:40:42.890+0000][1][safepoint    ] Safepoint "GenCollectForAllocation", Time since last: 230900156 ns, Reaching safepoint: 118077 ns, At safepoint: 18185683 ns, Total: 18303760 ns
[2020-09-11T15:40:42.986+0000][1][gc,start     ] GC(41) Pause Young (Allocation Failure)
[2020-09-11T15:40:42.986+0000][1][gc,task      ] GC(41) Using 1 workers of 1 for evacuation
[2020-09-11T15:40:42.998+0000][1][gc,age       ] GC(41) Desired survivor size 4358144 bytes, new threshold 6 (max threshold 6)
[2020-09-11T15:40:42.998+0000][1][gc,age       ] GC(41) Age table with threshold 6 (max threshold 6)
[2020-09-11T15:40:42.998+0000][1][gc,age       ] GC(41) - age   1:        360 bytes,        360 total
[2020-09-11T15:40:42.998+0000][1][gc,age       ] GC(41) - age   2:     348128 bytes,     348488 total
[2020-09-11T15:40:42.998+0000][1][gc,age       ] GC(41) - age   3:     333824 bytes,     682312 total
[2020-09-11T15:40:42.998+0000][1][gc,age       ] GC(41) - age   4:     923136 bytes,    1605448 total
[2020-09-11T15:40:42.998+0000][1][gc,age       ] GC(41) - age   5:     263232 bytes,    1868680 total
[2020-09-11T15:40:42.998+0000][1][gc,age       ] GC(41) - age   6:     296856 bytes,    2165536 total
[2020-09-11T15:40:42.998+0000][1][gc,heap      ] GC(41) ParNew: 70625K->2177K(76672K)
[2020-09-11T15:40:42.998+0000][1][gc,heap      ] GC(41) CMS: 46412K->46744K(2011968K)
[2020-09-11T15:40:42.998+0000][1][gc,metaspace ] GC(41) Metaspace: 32495K->32495K(1079296K)
[2020-09-11T15:40:42.998+0000][1][gc           ] GC(41) Pause Young (Allocation Failure) 114M->47M(2039M) 12.192ms
[2020-09-11T15:40:42.998+0000][1][gc,cpu       ] GC(41) User=0.01s Sys=0.00s Real=0.01s
[2020-09-11T15:40:42.998+0000][1][safepoint    ] Safepoint "GenCollectForAllocation", Time since last: 95928627 ns, Reaching safepoint: 140660 ns, At safepoint: 12247431 ns, Total: 12388091 ns
[2020-09-11T15:40:43.051+0000][1][gc,start     ] GC(42) Pause Young (Allocation Failure)
[2020-09-11T15:40:43.051+0000][1][gc,task      ] GC(42) Using 1 workers of 1 for evacuation
[2020-09-11T15:40:43.063+0000][1][gc,age       ] GC(42) Desired survivor size 4358144 bytes, new threshold 6 (max threshold 6)
[2020-09-11T15:40:43.063+0000][1][gc,age       ] GC(42) Age table with threshold 6 (max threshold 6)
[2020-09-11T15:40:43.063+0000][1][gc,age       ] GC(42) - age   1:         56 bytes,         56 total
[2020-09-11T15:40:43.063+0000][1][gc,age       ] GC(42) - age   2:        160 bytes,        216 total
[2020-09-11T15:40:43.063+0000][1][gc,age       ] GC(42) - age   3:     348128 bytes,     348344 total
[2020-09-11T15:40:43.063+0000][1][gc,age       ] GC(42) - age   4:     333824 bytes,     682168 total
[2020-09-11T15:40:43.063+0000][1][gc,age       ] GC(42) - age   5:     923136 bytes,    1605304 total
[2020-09-11T15:40:43.063+0000][1][gc,age       ] GC(42) - age   6:     263232 bytes,    1868536 total
[2020-09-11T15:40:43.063+0000][1][gc,heap      ] GC(42) ParNew: 70337K->2219K(76672K)
[2020-09-11T15:40:43.063+0000][1][gc,heap      ] GC(42) CMS: 46744K->47034K(2011968K)
[2020-09-11T15:40:43.063+0000][1][gc,metaspace ] GC(42) Metaspace: 32495K->32495K(1079296K)
[2020-09-11T15:40:43.063+0000][1][gc           ] GC(42) Pause Young (Allocation Failure) 114M->48M(2039M) 12.152ms
[2020-09-11T15:40:43.063+0000][1][gc,cpu       ] GC(42) User=0.02s Sys=0.00s Real=0.02s
[2020-09-11T15:40:43.063+0000][1][safepoint    ] Safepoint "GenCollectForAllocation", Time since last: 52588882 ns, Reaching safepoint: 155270 ns, At safepoint: 12216762 ns, Total: 12372032 ns
[2020-09-11T15:40:43.114+0000][1][gc,start     ] GC(43) Pause Young (Allocation Failure)
[2020-09-11T15:40:43.114+0000][1][gc,task      ] GC(43) Using 1 workers of 1 for evacuation
[2020-09-11T15:40:43.126+0000][1][gc,age       ] GC(43) Desired survivor size 4358144 bytes, new threshold 6 (max threshold 6)
[2020-09-11T15:40:43.126+0000][1][gc,age       ] GC(43) Age table with threshold 6 (max threshold 6)
[2020-09-11T15:40:43.126+0000][1][gc,age       ] GC(43) - age   1:        232 bytes,        232 total
[2020-09-11T15:40:43.126+0000][1][gc,age       ] GC(43) - age   3:        160 bytes,        392 total
[2020-09-11T15:40:43.126+0000][1][gc,age       ] GC(43) - age   4:     348128 bytes,     348520 total
[2020-09-11T15:40:43.126+0000][1][gc,age       ] GC(43) - age   5:     333824 bytes,     682344 total
[2020-09-11T15:40:43.126+0000][1][gc,age       ] GC(43) - age   6:     923136 bytes,    1605480 total
[2020-09-11T15:40:43.126+0000][1][gc,heap      ] GC(43) ParNew: 70379K->1646K(76672K)
[2020-09-11T15:40:43.126+0000][1][gc,heap      ] GC(43) CMS: 47034K->47291K(2011968K)
[2020-09-11T15:40:43.126+0000][1][gc,metaspace ] GC(43) Metaspace: 32495K->32495K(1079296K)
[2020-09-11T15:40:43.126+0000][1][gc           ] GC(43) Pause Young (Allocation Failure) 114M->47M(2039M) 12.016ms
[2020-09-11T15:40:43.126+0000][1][gc,cpu       ] GC(43) User=0.02s Sys=0.00s Real=0.01s
[2020-09-11T15:40:43.126+0000][1][safepoint    ] Safepoint "GenCollectForAllocation", Time since last: 50526152 ns, Reaching safepoint: 144722 ns, At safepoint: 12077670 ns, Total: 12222392 ns
[2020-09-11T15:40:43.221+0000][1][gc,start     ] GC(44) Pause Young (Allocation Failure)
[2020-09-11T15:40:43.221+0000][1][gc,task      ] GC(44) Using 1 workers of 1 for evacuation
[2020-09-11T15:40:43.253+0000][1][gc,age       ] GC(44) Desired survivor size 4358144 bytes, new threshold 6 (max threshold 6)
[2020-09-11T15:40:43.253+0000][1][gc,age       ] GC(44) Age table with threshold 6 (max threshold 6)
[2020-09-11T15:40:43.253+0000][1][gc,age       ] GC(44) - age   1:        296 bytes,        296 total
[2020-09-11T15:40:43.253+0000][1][gc,age       ] GC(44) - age   4:        160 bytes,        456 total
[2020-09-11T15:40:43.253+0000][1][gc,age       ] GC(44) - age   5:     348128 bytes,     348584 total
[2020-09-11T15:40:43.253+0000][1][gc,age       ] GC(44) - age   6:     333824 bytes,     682408 total
[2020-09-11T15:40:43.253+0000][1][gc,heap      ] GC(44) ParNew: 69806K->1587K(76672K)
[2020-09-11T15:40:43.253+0000][1][gc,heap      ] GC(44) CMS: 47291K->48192K(2011968K)
[2020-09-11T15:40:43.253+0000][1][gc,metaspace ] GC(44) Metaspace: 32495K->32495K(1079296K)
[2020-09-11T15:40:43.253+0000][1][gc           ] GC(44) Pause Young (Allocation Failure) 114M->48M(2039M) 32.219ms
[2020-09-11T15:40:43.253+0000][1][gc,cpu       ] GC(44) User=0.01s Sys=0.00s Real=0.03s
[2020-09-11T15:40:43.253+0000][1][safepoint    ] Safepoint "GenCollectForAllocation", Time since last: 93024388 ns, Reaching safepoint: 1712003 ns, At safepoint: 32277509 ns, Total: 33989512 ns
[2020-09-11T15:40:43.369+0000][1][gc,start     ] GC(45) Pause Young (Allocation Failure)
[2020-09-11T15:40:43.369+0000][1][gc,task      ] GC(45) Using 1 workers of 1 for evacuation
[2020-09-11T15:40:43.403+0000][1][gc,age       ] GC(45) Desired survivor size 4358144 bytes, new threshold 6 (max threshold 6)
[2020-09-11T15:40:43.403+0000][1][gc,age       ] GC(45) Age table with threshold 6 (max threshold 6)
[2020-09-11T15:40:43.403+0000][1][gc,age       ] GC(45) - age   2:        296 bytes,        296 total
[2020-09-11T15:40:43.403+0000][1][gc,age       ] GC(45) - age   5:        160 bytes,        456 total
[2020-09-11T15:40:43.403+0000][1][gc,age       ] GC(45) - age   6:     348128 bytes,     348584 total
[2020-09-11T15:40:43.403+0000][1][gc,heap      ] GC(45) ParNew: 69747K->646K(76672K)
[2020-09-11T15:40:43.403+0000][1][gc,heap      ] GC(45) CMS: 48192K->48518K(2011968K)
[2020-09-11T15:40:43.403+0000][1][gc,metaspace ] GC(45) Metaspace: 32495K->32495K(1079296K)
[2020-09-11T15:40:43.403+0000][1][gc           ] GC(45) Pause Young (Allocation Failure) 115M->48M(2039M) 34.315ms
[2020-09-11T15:40:43.403+0000][1][gc,cpu       ] GC(45) User=0.01s Sys=0.00s Real=0.04s
[2020-09-11T15:40:43.403+0000][1][safepoint    ] Safepoint "GenCollectForAllocation", Time since last: 112039959 ns, Reaching safepoint: 3408374 ns, At safepoint: 34372493 ns, Total: 37780867 ns
[2020-09-11T15:40:43.529+0000][1][gc,start     ] GC(46) Pause Young (Allocation Failure)
[2020-09-11T15:40:43.529+0000][1][gc,task      ] GC(46) Using 1 workers of 1 for evacuation
[2020-09-11T15:40:43.556+0000][1][gc,age       ] GC(46) Desired survivor size 4358144 bytes, new threshold 6 (max threshold 6)
[2020-09-11T15:40:43.556+0000][1][gc,age       ] GC(46) Age table with threshold 6 (max threshold 6)
[2020-09-11T15:40:43.556+0000][1][gc,age       ] GC(46) - age   1:         40 bytes,         40 total
[2020-09-11T15:40:43.556+0000][1][gc,age       ] GC(46) - age   3:        296 bytes,        336 total
[2020-09-11T15:40:43.556+0000][1][gc,age       ] GC(46) - age   6:        160 bytes,        496 total
[2020-09-11T15:40:43.556+0000][1][gc,heap      ] GC(46) ParNew: 68806K->289K(76672K)
[2020-09-11T15:40:43.556+0000][1][gc,heap      ] GC(46) CMS: 48518K->48859K(2011968K)
[2020-09-11T15:40:43.556+0000][1][gc,metaspace ] GC(46) Metaspace: 32495K->32495K(1079296K)
[2020-09-11T15:40:43.556+0000][1][gc           ] GC(46) Pause Young (Allocation Failure) 114M->47M(2039M) 26.516ms
[2020-09-11T15:40:43.556+0000][1][gc,cpu       ] GC(46) User=0.02s Sys=0.00s Real=0.03s
[2020-09-11T15:40:43.556+0000][1][safepoint    ] Safepoint "GenCollectForAllocation", Time since last: 125906792 ns, Reaching safepoint: 456264 ns, At safepoint: 26599826 ns, Total: 27056090 ns
[2020-09-11T15:40:43.753+0000][1][gc,start     ] GC(47) Pause Young (Allocation Failure)
[2020-09-11T15:40:43.753+0000][1][gc,task      ] GC(47) Using 1 workers of 1 for evacuation
[2020-09-11T15:40:43.781+0000][1][gc,age       ] GC(47) Desired survivor size 4358144 bytes, new threshold 6 (max threshold 6)
[2020-09-11T15:40:43.781+0000][1][gc,age       ] GC(47) Age table with threshold 6 (max threshold 6)
[2020-09-11T15:40:43.781+0000][1][gc,age       ] GC(47) - age   1:        200 bytes,        200 total
[2020-09-11T15:40:43.781+0000][1][gc,age       ] GC(47) - age   4:        296 bytes,        496 total
[2020-09-11T15:40:43.781+0000][1][gc,heap      ] GC(47) ParNew: 68449K->72K(76672K)
[2020-09-11T15:40:43.781+0000][1][gc,heap      ] GC(47) CMS: 48859K->48859K(2011968K)
[2020-09-11T15:40:43.781+0000][1][gc,metaspace ] GC(47) Metaspace: 32495K->32495K(1079296K)
[2020-09-11T15:40:43.781+0000][1][gc           ] GC(47) Pause Young (Allocation Failure) 114M->47M(2039M) 27.891ms
[2020-09-11T15:40:43.781+0000][1][gc,cpu       ] GC(47) User=0.02s Sys=0.00s Real=0.02s
[2020-09-11T15:40:43.781+0000][1][safepoint    ] Safepoint "GenCollectForAllocation", Time since last: 194390089 ns, Reaching safepoint: 2567430 ns, At safepoint: 27971662 ns, Total: 30539092 ns
[2020-09-11T15:40:43.913+0000][1][gc,start     ] GC(48) Pause Young (Allocation Failure)
[2020-09-11T15:40:43.913+0000][1][gc,task      ] GC(48) Using 1 workers of 1 for evacuation
[2020-09-11T15:40:43.932+0000][1][gc,age       ] GC(48) Desired survivor size 4358144 bytes, new threshold 6 (max threshold 6)
[2020-09-11T15:40:43.932+0000][1][gc,age       ] GC(48) Age table with threshold 6 (max threshold 6)
[2020-09-11T15:40:43.932+0000][1][gc,age       ] GC(48) - age   1:        216 bytes,        216 total
[2020-09-11T15:40:43.932+0000][1][gc,age       ] GC(48) - age   5:        296 bytes,        512 total
[2020-09-11T15:40:43.932+0000][1][gc,heap      ] GC(48) ParNew: 68232K->18K(76672K)
[2020-09-11T15:40:43.932+0000][1][gc,heap      ] GC(48) CMS: 48859K->48859K(2011968K)
[2020-09-11T15:40:43.932+0000][1][gc,metaspace ] GC(48) Metaspace: 32495K->32495K(1079296K)
[2020-09-11T15:40:43.932+0000][1][gc           ] GC(48) Pause Young (Allocation Failure) 114M->47M(2039M) 19.566ms
[2020-09-11T15:40:43.932+0000][1][gc,cpu       ] GC(48) User=0.01s Sys=0.00s Real=0.01s
[2020-09-11T15:40:43.932+0000][1][safepoint    ] Safepoint "GenCollectForAllocation", Time since last: 128970816 ns, Reaching safepoint: 3050535 ns, At safepoint: 19633572 ns, Total: 22684107 ns
[2020-09-11T15:40:44.089+0000][1][gc,start     ] GC(49) Pause Young (Allocation Failure)
[2020-09-11T15:40:44.089+0000][1][gc,task      ] GC(49) Using 1 workers of 1 for evacuation
[2020-09-11T15:40:44.125+0000][1][gc,age       ] GC(49) Desired survivor size 4358144 bytes, new threshold 6 (max threshold 6)
[2020-09-11T15:40:44.125+0000][1][gc,age       ] GC(49) Age table with threshold 6 (max threshold 6)
[2020-09-11T15:40:44.125+0000][1][gc,age       ] GC(49) - age   1:         64 bytes,         64 total
[2020-09-11T15:40:44.125+0000][1][gc,age       ] GC(49) - age   6:        296 bytes,        360 total
[2020-09-11T15:40:44.125+0000][1][gc,heap      ] GC(49) ParNew: 68178K->4K(76672K)
[2020-09-11T15:40:44.125+0000][1][gc,heap      ] GC(49) CMS: 48859K->48859K(2011968K)
[2020-09-11T15:40:44.125+0000][1][gc,metaspace ] GC(49) Metaspace: 32495K->32495K(1079296K)
[2020-09-11T15:40:44.125+0000][1][gc           ] GC(49) Pause Young (Allocation Failure) 114M->47M(2039M) 36.573ms
[2020-09-11T15:40:44.126+0000][1][gc,cpu       ] GC(49) User=0.02s Sys=0.00s Real=0.04s
[2020-09-11T15:40:44.126+0000][1][safepoint    ] Safepoint "GenCollectForAllocation", Time since last: 156365822 ns, Reaching safepoint: 104421 ns, At safepoint: 36634564 ns, Total: 36738985 ns
[2020-09-11T15:40:45.168+0000][1][safepoint    ] Safepoint "Cleanup", Time since last: 1023224863 ns, Reaching safepoint: 18991138 ns, At safepoint: 12087 ns, Total: 19003225 ns
[2020-09-11T15:40:45.481+0000][1][safepoint    ] Safepoint "RevokeBias", Time since last: 312635030 ns, Reaching safepoint: 110632 ns, At safepoint: 59498 ns, Total: 170130 ns
[2020-09-11T15:40:45.481+0000][1][safepoint    ] Safepoint "RevokeBias", Time since last: 62387 ns, Reaching safepoint: 135073 ns, At safepoint: 43571 ns, Total: 178644 ns
[2020-09-11T15:40:45.481+0000][1][safepoint    ] Safepoint "RevokeBias", Time since last: 30618 ns, Reaching safepoint: 131277 ns, At safepoint: 64195 ns, Total: 195472 ns
[2020-09-11T15:40:45.481+0000][1][safepoint    ] Safepoint "RevokeBias", Time since last: 29504 ns, Reaching safepoint: 130062 ns, At safepoint: 42194 ns, Total: 172256 ns
[2020-09-11T15:40:45.482+0000][1][safepoint    ] Safepoint "RevokeBias", Time since last: 196820 ns, Reaching safepoint: 129896 ns, At safepoint: 40356 ns, Total: 170252 ns
[2020-09-11T15:40:45.751+0000][1][gc,start     ] GC(50) Pause Young (Allocation Failure)
[2020-09-11T15:40:45.751+0000][1][gc,task      ] GC(50) Using 1 workers of 1 for evacuation
[2020-09-11T15:40:45.774+0000][1][gc,age       ] GC(50) Desired survivor size 4358144 bytes, new threshold 6 (max threshold 6)
[2020-09-11T15:40:45.774+0000][1][gc,age       ] GC(50) Age table with threshold 6 (max threshold 6)
[2020-09-11T15:40:45.774+0000][1][gc,age       ] GC(50) - age   1:     134272 bytes,     134272 total
[2020-09-11T15:40:45.774+0000][1][gc,heap      ] GC(50) ParNew: 68164K->133K(76672K)
[2020-09-11T15:40:45.774+0000][1][gc,heap      ] GC(50) CMS: 48859K->48859K(2011968K)
[2020-09-11T15:40:45.774+0000][1][gc,metaspace ] GC(50) Metaspace: 32497K->32497K(1079296K)
[2020-09-11T15:40:45.774+0000][1][gc           ] GC(50) Pause Young (Allocation Failure) 114M->47M(2039M) 23.341ms
[2020-09-11T15:40:45.774+0000][1][gc,cpu       ] GC(50) User=0.01s Sys=0.00s Real=0.03s
[2020-09-11T15:40:45.786+0000][1][safepoint    ] Safepoint "GenCollectForAllocation", Time since last: 266663903 ns, Reaching safepoint: 2487557 ns, At safepoint: 35622668 ns, Total: 38110225 ns
[2020-09-11T15:40:46.036+0000][1][gc,start     ] GC(51) Pause Young (Allocation Failure)
[2020-09-11T15:40:46.036+0000][1][gc,task      ] GC(51) Using 1 workers of 1 for evacuation
[2020-09-11T15:40:46.048+0000][1][gc,age       ] GC(51) Desired survivor size 4358144 bytes, new threshold 6 (max threshold 6)
[2020-09-11T15:40:46.048+0000][1][gc,age       ] GC(51) Age table with threshold 6 (max threshold 6)
[2020-09-11T15:40:46.048+0000][1][gc,age       ] GC(51) - age   1:     512024 bytes,     512024 total
[2020-09-11T15:40:46.048+0000][1][gc,age       ] GC(51) - age   2:      83864 bytes,     595888 total
[2020-09-11T15:40:46.048+0000][1][gc,heap      ] GC(51) ParNew: 68293K->582K(76672K)
[2020-09-11T15:40:46.048+0000][1][gc,heap      ] GC(51) CMS: 48859K->48859K(2011968K)
[2020-09-11T15:40:46.048+0000][1][gc,metaspace ] GC(51) Metaspace: 32497K->32497K(1079296K)
[2020-09-11T15:40:46.048+0000][1][gc           ] GC(51) Pause Young (Allocation Failure) 114M->48M(2039M) 11.716ms
[2020-09-11T15:40:46.048+0000][1][gc,cpu       ] GC(51) User=0.01s Sys=0.00s Real=0.01s
[2020-09-11T15:40:46.048+0000][1][safepoint    ] Safepoint "GenCollectForAllocation", Time since last: 249512955 ns, Reaching safepoint: 150606 ns, At safepoint: 11781923 ns, Total: 11932529 ns
[2020-09-11T15:40:46.160+0000][1][gc,start     ] GC(52) Pause Young (Allocation Failure)
[2020-09-11T15:40:46.160+0000][1][gc,task      ] GC(52) Using 1 workers of 1 for evacuation
[2020-09-11T15:40:46.172+0000][1][gc,age       ] GC(52) Desired survivor size 4358144 bytes, new threshold 6 (max threshold 6)
[2020-09-11T15:40:46.172+0000][1][gc,age       ] GC(52) Age table with threshold 6 (max threshold 6)
[2020-09-11T15:40:46.172+0000][1][gc,age       ] GC(52) - age   1:     676104 bytes,     676104 total
[2020-09-11T15:40:46.172+0000][1][gc,age       ] GC(52) - age   2:     341152 bytes,    1017256 total
[2020-09-11T15:40:46.172+0000][1][gc,age       ] GC(52) - age   3:      83264 bytes,    1100520 total
[2020-09-11T15:40:46.172+0000][1][gc,heap      ] GC(52) ParNew: 68742K->1080K(76672K)
[2020-09-11T15:40:46.172+0000][1][gc,heap      ] GC(52) CMS: 48859K->48859K(2011968K)
[2020-09-11T15:40:46.172+0000][1][gc,metaspace ] GC(52) Metaspace: 32497K->32497K(1079296K)
[2020-09-11T15:40:46.172+0000][1][gc           ] GC(52) Pause Young (Allocation Failure) 114M->48M(2039M) 11.822ms
[2020-09-11T15:40:46.172+0000][1][gc,cpu       ] GC(52) User=0.02s Sys=0.00s Real=0.01s
[2020-09-11T15:40:46.172+0000][1][safepoint    ] Safepoint "GenCollectForAllocation", Time since last: 111831066 ns, Reaching safepoint: 149500 ns, At safepoint: 11877101 ns, Total: 12026601 ns
[2020-09-11T15:40:46.280+0000][1][gc,start     ] GC(53) Pause Young (Allocation Failure)
[2020-09-11T15:40:46.280+0000][1][gc,task      ] GC(53) Using 1 workers of 1 for evacuation
[2020-09-11T15:40:46.291+0000][1][gc,age       ] GC(53) Desired survivor size 4358144 bytes, new threshold 6 (max threshold 6)
[2020-09-11T15:40:46.291+0000][1][gc,age       ] GC(53) Age table with threshold 6 (max threshold 6)
[2020-09-11T15:40:46.291+0000][1][gc,age       ] GC(53) - age   1:     314896 bytes,     314896 total
[2020-09-11T15:40:46.291+0000][1][gc,age       ] GC(53) - age   2:     660400 bytes,     975296 total
[2020-09-11T15:40:46.291+0000][1][gc,age       ] GC(53) - age   3:     340416 bytes,    1315712 total
[2020-09-11T15:40:46.291+0000][1][gc,age       ] GC(53) - age   4:      82600 bytes,    1398312 total
[2020-09-11T15:40:46.291+0000][1][gc,heap      ] GC(53) ParNew: 69240K->1380K(76672K)
[2020-09-11T15:40:46.291+0000][1][gc,heap      ] GC(53) CMS: 48859K->48859K(2011968K)
[2020-09-11T15:40:46.291+0000][1][gc,metaspace ] GC(53) Metaspace: 32497K->32497K(1079296K)
[2020-09-11T15:40:46.291+0000][1][gc           ] GC(53) Pause Young (Allocation Failure) 115M->49M(2039M) 11.880ms
[2020-09-11T15:40:46.291+0000][1][gc,cpu       ] GC(53) User=0.01s Sys=0.00s Real=0.01s
[2020-09-11T15:40:46.291+0000][1][safepoint    ] Safepoint "GenCollectForAllocation", Time since last: 107653585 ns, Reaching safepoint: 152437 ns, At safepoint: 11946141 ns, Total: 12098578 ns
[2020-09-11T15:40:46.419+0000][1][gc,start     ] GC(54) Pause Young (Allocation Failure)
[2020-09-11T15:40:46.419+0000][1][gc,task      ] GC(54) Using 1 workers of 1 for evacuation
[2020-09-11T15:40:46.432+0000][1][gc,age       ] GC(54) Desired survivor size 4358144 bytes, new threshold 6 (max threshold 6)
[2020-09-11T15:40:46.432+0000][1][gc,age       ] GC(54) Age table with threshold 6 (max threshold 6)
[2020-09-11T15:40:46.432+0000][1][gc,age       ] GC(54) - age   1:     931832 bytes,     931832 total
[2020-09-11T15:40:46.432+0000][1][gc,age       ] GC(54) - age   2:     302520 bytes,    1234352 total
[2020-09-11T15:40:46.432+0000][1][gc,age       ] GC(54) - age   3:     331736 bytes,    1566088 total
[2020-09-11T15:40:46.432+0000][1][gc,age       ] GC(54) - age   4:     340416 bytes,    1906504 total
[2020-09-11T15:40:46.432+0000][1][gc,age       ] GC(54) - age   5:      82440 bytes,    1988944 total
[2020-09-11T15:40:46.432+0000][1][gc,heap      ] GC(54) ParNew: 69540K->2041K(76672K)
[2020-09-11T15:40:46.432+0000][1][gc,heap      ] GC(54) CMS: 48859K->48859K(2011968K)
[2020-09-11T15:40:46.432+0000][1][gc,metaspace ] GC(54) Metaspace: 32497K->32497K(1079296K)
[2020-09-11T15:40:46.432+0000][1][gc           ] GC(54) Pause Young (Allocation Failure) 115M->49M(2039M) 12.844ms
[2020-09-11T15:40:46.432+0000][1][gc,cpu       ] GC(54) User=0.02s Sys=0.00s Real=0.01s
[2020-09-11T15:40:46.432+0000][1][safepoint    ] Safepoint "GenCollectForAllocation", Time since last: 127256981 ns, Reaching safepoint: 153551 ns, At safepoint: 12908661 ns, Total: 13062212 ns
[2020-09-11T15:40:46.536+0000][1][gc,start     ] GC(55) Pause Young (Allocation Failure)
[2020-09-11T15:40:46.536+0000][1][gc,task      ] GC(55) Using 1 workers of 1 for evacuation
[2020-09-11T15:40:46.548+0000][1][gc,age       ] GC(55) Desired survivor size 4358144 bytes, new threshold 6 (max threshold 6)
[2020-09-11T15:40:46.548+0000][1][gc,age       ] GC(55) Age table with threshold 6 (max threshold 6)
[2020-09-11T15:40:46.548+0000][1][gc,age       ] GC(55) - age   1:     345904 bytes,     345904 total
[2020-09-11T15:40:46.548+0000][1][gc,age       ] GC(55) - age   2:     919504 bytes,    1265408 total
[2020-09-11T15:40:46.548+0000][1][gc,age       ] GC(55) - age   3:     298416 bytes,    1563824 total
[2020-09-11T15:40:46.548+0000][1][gc,age       ] GC(55) - age   4:     331256 bytes,    1895080 total
[2020-09-11T15:40:46.548+0000][1][gc,age       ] GC(55) - age   5:     340288 bytes,    2235368 total
[2020-09-11T15:40:46.548+0000][1][gc,age       ] GC(55) - age   6:      82416 bytes,    2317784 total
[2020-09-11T15:40:46.548+0000][1][gc,heap      ] GC(55) ParNew: 70201K->2447K(76672K)
[2020-09-11T15:40:46.548+0000][1][gc,heap      ] GC(55) CMS: 48859K->48859K(2011968K)
[2020-09-11T15:40:46.548+0000][1][gc,metaspace ] GC(55) Metaspace: 32497K->32497K(1079296K)
[2020-09-11T15:40:46.548+0000][1][gc           ] GC(55) Pause Young (Allocation Failure) 116M->50M(2039M) 12.113ms
[2020-09-11T15:40:46.548+0000][1][gc,cpu       ] GC(55) User=0.02s Sys=0.00s Real=0.01s
[2020-09-11T15:40:46.548+0000][1][safepoint    ] Safepoint "GenCollectForAllocation", Time since last: 103967075 ns, Reaching safepoint: 144725 ns, At safepoint: 12168122 ns, Total: 12312847 ns
[2020-09-11T15:40:46.864+0000][1][safepoint    ] Safepoint "Deoptimize", Time since last: 316036883 ns, Reaching safepoint: 105851 ns, At safepoint: 292391 ns, Total: 398242 ns
[2020-09-11T15:40:47.015+0000][1][safepoint    ] Safepoint "CollectForMetadataAllocation", Time since last: 150424870 ns, Reaching safepoint: 178557 ns, At safepoint: 120229 ns, Total: 298786 ns
[2020-09-11T15:40:47.041+0000][1][safepoint    ] Safepoint "CollectForMetadataAllocation", Time since last: 25469204 ns, Reaching safepoint: 160949 ns, At safepoint: 131421 ns, Total: 292370 ns
[2020-09-11T15:40:47.057+0000][1][safepoint    ] Safepoint "CollectForMetadataAllocation", Time since last: 15501499 ns, Reaching safepoint: 142423 ns, At safepoint: 119199 ns, Total: 261622 ns
[2020-09-11T15:40:47.069+0000][1][safepoint    ] Safepoint "CollectForMetadataAllocation", Time since last: 11998303 ns, Reaching safepoint: 52619 ns, At safepoint: 114790 ns, Total: 167409 ns
[2020-09-11T15:40:47.083+0000][1][safepoint    ] Safepoint "CollectForMetadataAllocation", Time since last: 14128356 ns, Reaching safepoint: 120089 ns, At safepoint: 108266 ns, Total: 228355 ns
[2020-09-11T15:40:47.099+0000][1][gc,start     ] GC(56) Pause Young (Allocation Failure)
[2020-09-11T15:40:47.099+0000][1][gc,task      ] GC(56) Using 1 workers of 1 for evacuation
[2020-09-11T15:40:47.117+0000][1][gc,age       ] GC(56) Desired survivor size 4358144 bytes, new threshold 6 (max threshold 6)
[2020-09-11T15:40:47.117+0000][1][gc,age       ] GC(56) Age table with threshold 6 (max threshold 6)
[2020-09-11T15:40:47.117+0000][1][gc,age       ] GC(56) - age   1:    1335792 bytes,    1335792 total
[2020-09-11T15:40:47.117+0000][1][gc,age       ] GC(56) - age   2:     334104 bytes,    1669896 total
[2020-09-11T15:40:47.117+0000][1][gc,age       ] GC(56) - age   3:     918808 bytes,    2588704 total
[2020-09-11T15:40:47.117+0000][1][gc,age       ] GC(56) - age   4:     297792 bytes,    2886496 total
[2020-09-11T15:40:47.117+0000][1][gc,age       ] GC(56) - age   5:     330848 bytes,    3217344 total
[2020-09-11T15:40:47.117+0000][1][gc,age       ] GC(56) - age   6:     340288 bytes,    3557632 total
[2020-09-11T15:40:47.117+0000][1][gc,heap      ] GC(56) ParNew: 70607K->3621K(76672K)
[2020-09-11T15:40:47.117+0000][1][gc,heap      ] GC(56) CMS: 48859K->48937K(2011968K)
[2020-09-11T15:40:47.117+0000][1][gc,metaspace ] GC(56) Metaspace: 36254K->36254K(1083392K)
[2020-09-11T15:40:47.117+0000][1][gc           ] GC(56) Pause Young (Allocation Failure) 116M->51M(2039M) 18.023ms
[2020-09-11T15:40:47.117+0000][1][gc,cpu       ] GC(56) User=0.01s Sys=0.00s Real=0.02s
[2020-09-11T15:40:47.125+0000][1][safepoint    ] Safepoint "GenCollectForAllocation", Time since last: 15943083 ns, Reaching safepoint: 92617 ns, At safepoint: 25587284 ns, Total: 25679901 ns
[2020-09-11T15:40:47.132+0000][1][gc,start     ] GC(57) Pause Initial Mark
[2020-09-11T15:40:47.134+0000][1][gc           ] GC(57) Pause Initial Mark 52M->52M(2039M) 2.095ms
[2020-09-11T15:40:47.134+0000][1][gc,cpu       ] GC(57) User=0.00s Sys=0.00s Real=0.01s
[2020-09-11T15:40:47.140+0000][1][safepoint    ] Safepoint "CMS_Initial_Mark", Time since last: 4264269 ns, Reaching safepoint: 2800352 ns, At safepoint: 8426073 ns, Total: 11226425 ns
[2020-09-11T15:40:47.140+0000][1][gc           ] GC(57) Concurrent Mark
[2020-09-11T15:40:47.301+0000][1][gc           ] GC(57) Concurrent Mark 160.577ms
[2020-09-11T15:40:47.301+0000][1][gc,cpu       ] GC(57) User=0.15s Sys=0.00s Real=0.17s
[2020-09-11T15:40:47.301+0000][1][gc           ] GC(57) Concurrent Preclean
[2020-09-11T15:40:47.304+0000][1][gc           ] GC(57) Concurrent Preclean 2.646ms
[2020-09-11T15:40:47.304+0000][1][gc,cpu       ] GC(57) User=0.00s Sys=0.00s Real=0.00s
[2020-09-11T15:40:47.304+0000][1][gc           ] GC(57) Concurrent Abortable Preclean
[2020-09-11T15:40:47.351+0000][1][gc,start     ] GC(58) Pause Young (Allocation Failure)
[2020-09-11T15:40:47.351+0000][1][gc,task      ] GC(58) Using 1 workers of 1 for evacuation
[2020-09-11T15:40:47.366+0000][1][gc,age       ] GC(58) Desired survivor size 4358144 bytes, new threshold 6 (max threshold 6)
[2020-09-11T15:40:47.366+0000][1][gc,age       ] GC(58) Age table with threshold 6 (max threshold 6)
[2020-09-11T15:40:47.366+0000][1][gc,age       ] GC(58) - age   1:     209664 bytes,     209664 total
[2020-09-11T15:40:47.366+0000][1][gc,age       ] GC(58) - age   2:    1307968 bytes,    1517632 total
[2020-09-11T15:40:47.366+0000][1][gc,age       ] GC(58) - age   3:     334104 bytes,    1851736 total
[2020-09-11T15:40:47.366+0000][1][gc,age       ] GC(58) - age   4:     918808 bytes,    2770544 total
[2020-09-11T15:40:47.366+0000][1][gc,age       ] GC(58) - age   5:     297792 bytes,    3068336 total
[2020-09-11T15:40:47.366+0000][1][gc,age       ] GC(58) - age   6:     330848 bytes,    3399184 total
[2020-09-11T15:40:47.366+0000][1][gc,heap      ] GC(58) ParNew: 71781K->4367K(76672K)
[2020-09-11T15:40:47.366+0000][1][gc,heap      ] GC(58) CMS: 48937K->49269K(2011968K)
[2020-09-11T15:40:47.366+0000][1][gc,metaspace ] GC(58) Metaspace: 36273K->36273K(1083392K)
[2020-09-11T15:40:47.366+0000][1][gc           ] GC(58) Pause Young (Allocation Failure) 117M->52M(2039M) 15.111ms
[2020-09-11T15:40:47.366+0000][1][gc,cpu       ] GC(58) User=0.01s Sys=0.00s Real=0.02s
[2020-09-11T15:40:47.377+0000][1][safepoint    ] Safepoint "GenCollectForAllocation", Time since last: 210089676 ns, Reaching safepoint: 148865 ns, At safepoint: 26150772 ns, Total: 26299637 ns
[2020-09-11T15:40:47.445+0000][1][safepoint    ] Safepoint "CollectForMetadataAllocation", Time since last: 68131689 ns, Reaching safepoint: 108698 ns, At safepoint: 115772 ns, Total: 224470 ns
[2020-09-11T15:40:47.804+0000][1][gc           ] GC(57) Concurrent Abortable Preclean 500.287ms
[2020-09-11T15:40:47.804+0000][1][gc,cpu       ] GC(57) User=0.44s Sys=0.01s Real=0.50s
[2020-09-11T15:40:47.804+0000][1][gc,start     ] GC(57) Pause Remark
[2020-09-11T15:40:47.829+0000][1][gc           ] GC(57) Pause Remark 90M->90M(2039M) 24.346ms
[2020-09-11T15:40:47.829+0000][1][gc,cpu       ] GC(57) User=0.03s Sys=0.00s Real=0.02s
[2020-09-11T15:40:47.839+0000][1][safepoint    ] Safepoint "CMS_Final_Remark", Time since last: 359000103 ns, Reaching safepoint: 133240 ns, At safepoint: 34293198 ns, Total: 34426438 ns
[2020-09-11T15:40:47.839+0000][1][gc           ] GC(57) Concurrent Sweep
[2020-09-11T15:40:47.877+0000][1][gc           ] GC(57) Concurrent Sweep 38.314ms
[2020-09-11T15:40:47.877+0000][1][gc,cpu       ] GC(57) User=0.03s Sys=0.00s Real=0.04s
[2020-09-11T15:40:47.877+0000][1][gc           ] GC(57) Concurrent Reset
[2020-09-11T15:40:47.880+0000][1][gc           ] GC(57) Concurrent Reset 3.270ms
[2020-09-11T15:40:47.880+0000][1][gc,cpu       ] GC(57) User=0.00s Sys=0.00s Real=0.00s
[2020-09-11T15:40:47.880+0000][1][gc,heap      ] GC(57) Old: 48937K->48186K(2011968K)
[2020-09-11T15:40:48.563+0000][1][gc,start     ] GC(59) Pause Young (Allocation Failure)
[2020-09-11T15:40:48.563+0000][1][gc,task      ] GC(59) Using 1 workers of 1 for evacuation
[2020-09-11T15:40:48.587+0000][1][gc,age       ] GC(59) Desired survivor size 4358144 bytes, new threshold 4 (max threshold 6)
[2020-09-11T15:40:48.587+0000][1][gc,age       ] GC(59) Age table with threshold 4 (max threshold 6)
[2020-09-11T15:40:48.587+0000][1][gc,age       ] GC(59) - age   1:    2638808 bytes,    2638808 total
[2020-09-11T15:40:48.587+0000][1][gc,age       ] GC(59) - age   2:     165600 bytes,    2804408 total
[2020-09-11T15:40:48.587+0000][1][gc,age       ] GC(59) - age   3:    1303576 bytes,    4107984 total
[2020-09-11T15:40:48.587+0000][1][gc,age       ] GC(59) - age   4:     334104 bytes,    4442088 total
[2020-09-11T15:40:48.587+0000][1][gc,age       ] GC(59) - age   5:     918808 bytes,    5360896 total
[2020-09-11T15:40:48.587+0000][1][gc,age       ] GC(59) - age   6:     297792 bytes,    5658688 total
[2020-09-11T15:40:48.587+0000][1][gc,heap      ] GC(59) ParNew: 72527K->6071K(76672K)
[2020-09-11T15:40:48.587+0000][1][gc,heap      ] GC(59) CMS: 48186K->48509K(2011968K)
[2020-09-11T15:40:48.587+0000][1][gc,metaspace ] GC(59) Metaspace: 41980K->41980K(1089536K)
[2020-09-11T15:40:48.587+0000][1][gc           ] GC(59) Pause Young (Allocation Failure) 117M->53M(2039M) 24.472ms
[2020-09-11T15:40:48.587+0000][1][gc,cpu       ] GC(59) User=0.03s Sys=0.00s Real=0.02s
[2020-09-11T15:40:48.590+0000][1][safepoint    ] Safepoint "GenCollectForAllocation", Time since last: 723388105 ns, Reaching safepoint: 597735 ns, At safepoint: 27980496 ns, Total: 28578231 ns
[2020-09-11T15:40:49.063+0000][1][safepoint    ] Safepoint "RevokeBias", Time since last: 472584711 ns, Reaching safepoint: 127742 ns, At safepoint: 31738 ns, Total: 159480 ns
[2020-09-11T15:40:49.063+0000][1][safepoint    ] Safepoint "RevokeBias", Time since last: 139446 ns, Reaching safepoint: 81003 ns, At safepoint: 18782 ns, Total: 99785 ns
[2020-09-11T15:40:50.067+0000][1][safepoint    ] Safepoint "Cleanup", Time since last: 1000083972 ns, Reaching safepoint: 3227760 ns, At safepoint: 8419 ns, Total: 3236179 ns
[2020-09-11T15:40:51.067+0000][1][safepoint    ] Safepoint "Cleanup", Time since last: 1000099419 ns, Reaching safepoint: 146045 ns, At safepoint: 5802 ns, Total: 151847 ns
[2020-09-11T15:40:51.693+0000][1][gc,start     ] GC(60) Pause Young (Allocation Failure)
[2020-09-11T15:40:51.693+0000][1][gc,task      ] GC(60) Using 1 workers of 1 for evacuation
[2020-09-11T15:40:51.750+0000][1][gc,age       ] GC(60) Desired survivor size 4358144 bytes, new threshold 2 (max threshold 6)
[2020-09-11T15:40:51.750+0000][1][gc,age       ] GC(60) Age table with threshold 2 (max threshold 6)
[2020-09-11T15:40:51.750+0000][1][gc,age       ] GC(60) - age   1:    2729352 bytes,    2729352 total
[2020-09-11T15:40:51.750+0000][1][gc,age       ] GC(60) - age   2:    2571040 bytes,    5300392 total
[2020-09-11T15:40:51.750+0000][1][gc,age       ] GC(60) - age   3:     165600 bytes,    5465992 total
[2020-09-11T15:40:51.750+0000][1][gc,age       ] GC(60) - age   4:    1301824 bytes,    6767816 total
[2020-09-11T15:40:51.750+0000][1][gc,heap      ] GC(60) ParNew: 74231K->8512K(76672K)
[2020-09-11T15:40:51.750+0000][1][gc,heap      ] GC(60) CMS: 48509K->50023K(2011968K)
[2020-09-11T15:40:51.750+0000][1][gc,metaspace ] GC(60) Metaspace: 47553K->47553K(1093632K)
[2020-09-11T15:40:51.750+0000][1][gc           ] GC(60) Pause Young (Allocation Failure) 119M->57M(2039M) 56.802ms
[2020-09-11T15:40:51.750+0000][1][gc,cpu       ] GC(60) User=0.06s Sys=0.00s Real=0.05s
[2020-09-11T15:40:51.751+0000][1][safepoint    ] Safepoint "GenCollectForAllocation", Time since last: 625701560 ns, Reaching safepoint: 135811 ns, At safepoint: 57637986 ns, Total: 57773797 ns
[2020-09-11T15:40:51.939+0000][1][safepoint    ] Safepoint "RevokeBias", Time since last: 188473767 ns, Reaching safepoint: 124296 ns, At safepoint: 38607 ns, Total: 162903 ns
[2020-09-11T15:40:51.967+0000][1][safepoint    ] Safepoint "RevokeBias", Time since last: 27972044 ns, Reaching safepoint: 98358 ns, At safepoint: 61696 ns, Total: 160054 ns
[2020-09-11T15:40:52.222+0000][1][safepoint    ] Safepoint "RevokeBias", Time since last: 248932413 ns, Reaching safepoint: 5615588 ns, At safepoint: 30069 ns, Total: 5645657 ns
[2020-09-11T15:40:52.222+0000][1][safepoint    ] Safepoint "RevokeBias", Time since last: 78330 ns, Reaching safepoint: 82813 ns, At safepoint: 17708 ns, Total: 100521 ns
[2020-09-11T15:40:52.222+0000][1][safepoint    ] Safepoint "BulkRevokeBias", Time since last: 160260 ns, Reaching safepoint: 82271 ns, At safepoint: 48960 ns, Total: 131231 ns
[2020-09-11T15:40:52.222+0000][1][safepoint    ] Safepoint "RevokeBias", Time since last: 37238 ns, Reaching safepoint: 79707 ns, At safepoint: 16308 ns, Total: 96015 ns
[2020-09-11T15:40:52.309+0000][1][safepoint    ] Safepoint "RevokeBias", Time since last: 85868671 ns, Reaching safepoint: 499573 ns, At safepoint: 30086 ns, Total: 529659 ns
[2020-09-11T15:40:52.310+0000][1][safepoint    ] Safepoint "RevokeBias", Time since last: 579177 ns, Reaching safepoint: 87520 ns, At safepoint: 24173 ns, Total: 111693 ns
[2020-09-11T15:40:52.310+0000][1][safepoint    ] Safepoint "RevokeBias", Time since last: 101230 ns, Reaching safepoint: 82743 ns, At safepoint: 21051 ns, Total: 103794 ns
[2020-09-11T15:40:52.314+0000][1][safepoint    ] Safepoint "RevokeBias", Time since last: 2788960 ns, Reaching safepoint: 1020096 ns, At safepoint: 24564 ns, Total: 1044660 ns
[2020-09-11T15:40:52.315+0000][1][safepoint    ] Safepoint "RevokeBias", Time since last: 824119 ns, Reaching safepoint: 155573 ns, At safepoint: 20563 ns, Total: 176136 ns
[2020-09-11T15:40:52.315+0000][1][safepoint    ] Safepoint "RevokeBias", Time since last: 40970 ns, Reaching safepoint: 80653 ns, At safepoint: 16320 ns, Total: 96973 ns
[2020-09-11T15:40:52.315+0000][1][safepoint    ] Safepoint "RevokeBias", Time since last: 32093 ns, Reaching safepoint: 80259 ns, At safepoint: 15953 ns, Total: 96212 ns
[2020-09-11T15:40:52.315+0000][1][safepoint    ] Safepoint "RevokeBias", Time since last: 31270 ns, Reaching safepoint: 79974 ns, At safepoint: 17562 ns, Total: 97536 ns
[2020-09-11T15:40:52.315+0000][1][safepoint    ] Safepoint "RevokeBias", Time since last: 30295 ns, Reaching safepoint: 79441 ns, At safepoint: 17269 ns, Total: 96710 ns
[2020-09-11T15:40:52.315+0000][1][safepoint    ] Safepoint "RevokeBias", Time since last: 29659 ns, Reaching safepoint: 79480 ns, At safepoint: 16734 ns, Total: 96214 ns
[2020-09-11T15:40:52.315+0000][1][safepoint    ] Safepoint "RevokeBias", Time since last: 38373 ns, Reaching safepoint: 83915 ns, At safepoint: 21227 ns, Total: 105142 ns
[2020-09-11T15:40:52.316+0000][1][safepoint    ] Safepoint "RevokeBias", Time since last: 30873 ns, Reaching safepoint: 81354 ns, At safepoint: 19488 ns, Total: 100842 ns
[2020-09-11T15:40:52.316+0000][1][safepoint    ] Safepoint "RevokeBias", Time since last: 29660 ns, Reaching safepoint: 81966 ns, At safepoint: 25693 ns, Total: 107659 ns
[2020-09-11T15:40:52.316+0000][1][safepoint    ] Safepoint "RevokeBias", Time since last: 30044 ns, Reaching safepoint: 81093 ns, At safepoint: 25587 ns, Total: 106680 ns
[2020-09-11T15:40:52.316+0000][1][safepoint    ] Safepoint "RevokeBias", Time since last: 31517 ns, Reaching safepoint: 81178 ns, At safepoint: 25194 ns, Total: 106372 ns
[2020-09-11T15:40:52.316+0000][1][safepoint    ] Safepoint "RevokeBias", Time since last: 29362 ns, Reaching safepoint: 81440 ns, At safepoint: 25071 ns, Total: 106511 ns
[2020-09-11T15:40:52.316+0000][1][safepoint    ] Safepoint "RevokeBias", Time since last: 58286 ns, Reaching safepoint: 84282 ns, At safepoint: 25187 ns, Total: 109469 ns
[2020-09-11T15:40:52.316+0000][1][safepoint    ] Safepoint "RevokeBias", Time since last: 38094 ns, Reaching safepoint: 82903 ns, At safepoint: 25660 ns, Total: 108563 ns
[2020-09-11T15:40:52.325+0000][1][safepoint    ] Safepoint "RevokeBias", Time since last: 4400741 ns, Reaching safepoint: 4214724 ns, At safepoint: 33403 ns, Total: 4248127 ns
[2020-09-11T15:40:52.325+0000][1][safepoint    ] Safepoint "RevokeBias", Time since last: 108700 ns, Reaching safepoint: 81732 ns, At safepoint: 19031 ns, Total: 100763 ns
[2020-09-11T15:40:52.325+0000][1][safepoint    ] Safepoint "RevokeBias", Time since last: 147091 ns, Reaching safepoint: 82273 ns, At safepoint: 18348 ns, Total: 100621 ns
[2020-09-11T15:40:52.326+0000][1][safepoint    ] Safepoint "RevokeBias", Time since last: 29832 ns, Reaching safepoint: 79541 ns, At safepoint: 17211 ns, Total: 96752 ns
[2020-09-11T15:40:52.326+0000][1][safepoint    ] Safepoint "RevokeBias", Time since last: 27159 ns, Reaching safepoint: 79805 ns, At safepoint: 20245 ns, Total: 100050 ns
[2020-09-11T15:40:52.326+0000][1][safepoint    ] Safepoint "RevokeBias", Time since last: 26661 ns, Reaching safepoint: 79697 ns, At safepoint: 20073 ns, Total: 99770 ns
[2020-09-11T15:40:52.326+0000][1][safepoint    ] Safepoint "RevokeBias", Time since last: 26585 ns, Reaching safepoint: 79504 ns, At safepoint: 19602 ns, Total: 99106 ns
[2020-09-11T15:40:52.326+0000][1][safepoint    ] Safepoint "RevokeBias", Time since last: 26469 ns, Reaching safepoint: 79779 ns, At safepoint: 19375 ns, Total: 99154 ns
[2020-09-11T15:40:52.326+0000][1][safepoint    ] Safepoint "RevokeBias", Time since last: 28607 ns, Reaching safepoint: 78860 ns, At safepoint: 28576 ns, Total: 107436 ns
[2020-09-11T15:40:52.326+0000][1][safepoint    ] Safepoint "BulkRevokeBias", Time since last: 28337 ns, Reaching safepoint: 79847 ns, At safepoint: 60302 ns, Total: 140149 ns
[2020-09-11T15:40:52.327+0000][1][safepoint    ] Safepoint "RevokeBias", Time since last: 51979 ns, Reaching safepoint: 82133 ns, At safepoint: 23209 ns, Total: 105342 ns
[2020-09-11T15:40:52.327+0000][1][safepoint    ] Safepoint "RevokeBias", Time since last: 34252 ns, Reaching safepoint: 80992 ns, At safepoint: 17509 ns, Total: 98501 ns
[2020-09-11T15:40:52.330+0000][1][safepoint    ] Safepoint "RevokeBias", Time since last: 3103005 ns, Reaching safepoint: 93476 ns, At safepoint: 37739 ns, Total: 131215 ns
[2020-09-11T15:40:52.330+0000][1][safepoint    ] Safepoint "RevokeBias", Time since last: 50849 ns, Reaching safepoint: 80870 ns, At safepoint: 12481 ns, Total: 93351 ns
[2020-09-11T15:40:52.330+0000][1][safepoint    ] Safepoint "RevokeBias", Time since last: 30002 ns, Reaching safepoint: 78870 ns, At safepoint: 11668 ns, Total: 90538 ns
[2020-09-11T15:40:52.341+0000][1][safepoint    ] Safepoint "RevokeBias", Time since last: 10759704 ns, Reaching safepoint: 93132 ns, At safepoint: 31280 ns, Total: 124412 ns
[2020-09-11T15:40:52.342+0000][1][safepoint    ] Safepoint "RevokeBias", Time since last: 565899 ns, Reaching safepoint: 13565 ns, At safepoint: 19915 ns, Total: 33480 ns
[2020-09-11T15:40:52.342+0000][1][safepoint    ] Safepoint "RevokeBias", Time since last: 30777 ns, Reaching safepoint: 10279 ns, At safepoint: 16115 ns, Total: 26394 ns
[2020-09-11T15:40:52.342+0000][1][safepoint    ] Safepoint "RevokeBias", Time since last: 25809 ns, Reaching safepoint: 9517 ns, At safepoint: 15001 ns, Total: 24518 ns
[2020-09-11T15:40:52.342+0000][1][safepoint    ] Safepoint "RevokeBias", Time since last: 25008 ns, Reaching safepoint: 9354 ns, At safepoint: 15017 ns, Total: 24371 ns
[2020-09-11T15:40:52.342+0000][1][safepoint    ] Safepoint "RevokeBias", Time since last: 24698 ns, Reaching safepoint: 9357 ns, At safepoint: 14773 ns, Total: 24130 ns
[2020-09-11T15:40:52.342+0000][1][safepoint    ] Safepoint "RevokeBias", Time since last: 24438 ns, Reaching safepoint: 9334 ns, At safepoint: 14883 ns, Total: 24217 ns
[2020-09-11T15:40:52.342+0000][1][safepoint    ] Safepoint "RevokeBias", Time since last: 26021 ns, Reaching safepoint: 9312 ns, At safepoint: 14736 ns, Total: 24048 ns
[2020-09-11T15:40:52.342+0000][1][safepoint    ] Safepoint "RevokeBias", Time since last: 24580 ns, Reaching safepoint: 9341 ns, At safepoint: 14758 ns, Total: 24099 ns
[2020-09-11T15:40:52.342+0000][1][safepoint    ] Safepoint "RevokeBias", Time since last: 24004 ns, Reaching safepoint: 9341 ns, At safepoint: 14691 ns, Total: 24032 ns
[2020-09-11T15:40:52.342+0000][1][safepoint    ] Safepoint "RevokeBias", Time since last: 35990 ns, Reaching safepoint: 9548 ns, At safepoint: 14984 ns, Total: 24532 ns
[2020-09-11T15:40:52.342+0000][1][safepoint    ] Safepoint "RevokeBias", Time since last: 24037 ns, Reaching safepoint: 9259 ns, At safepoint: 14746 ns, Total: 24005 ns
[2020-09-11T15:40:52.342+0000][1][safepoint    ] Safepoint "RevokeBias", Time since last: 23855 ns, Reaching safepoint: 9185 ns, At safepoint: 14804 ns, Total: 23989 ns
[2020-09-11T15:40:52.342+0000][1][safepoint    ] Safepoint "RevokeBias", Time since last: 23680 ns, Reaching safepoint: 9226 ns, At safepoint: 14750 ns, Total: 23976 ns
[2020-09-11T15:40:52.342+0000][1][safepoint    ] Safepoint "RevokeBias", Time since last: 24113 ns, Reaching safepoint: 9245 ns, At safepoint: 14800 ns, Total: 24045 ns
[2020-09-11T15:40:52.342+0000][1][safepoint    ] Safepoint "RevokeBias", Time since last: 23797 ns, Reaching safepoint: 9302 ns, At safepoint: 14757 ns, Total: 24059 ns
[2020-09-11T15:40:52.342+0000][1][safepoint    ] Safepoint "BulkRevokeBias", Time since last: 24221 ns, Reaching safepoint: 9127 ns, At safepoint: 57808 ns, Total: 66935 ns
[2020-09-11T15:40:52.343+0000][1][safepoint    ] Safepoint "RevokeBias", Time since last: 131729 ns, Reaching safepoint: 11808 ns, At safepoint: 20177 ns, Total: 31985 ns
[2020-09-11T15:40:52.345+0000][1][safepoint    ] Safepoint "RevokeBias", Time since last: 2094627 ns, Reaching safepoint: 18019 ns, At safepoint: 31947 ns, Total: 49966 ns
[2020-09-11T15:40:52.345+0000][1][safepoint    ] Safepoint "RevokeBias", Time since last: 52906 ns, Reaching safepoint: 13735 ns, At safepoint: 21927 ns, Total: 35662 ns
[2020-09-11T15:40:52.345+0000][1][safepoint    ] Safepoint "RevokeBias", Time since last: 32050 ns, Reaching safepoint: 12741 ns, At safepoint: 19168 ns, Total: 31909 ns
[2020-09-11T15:40:52.345+0000][1][safepoint    ] Safepoint "RevokeBias", Time since last: 90980 ns, Reaching safepoint: 11932 ns, At safepoint: 19728 ns, Total: 31660 ns
[2020-09-11T15:40:52.346+0000][1][safepoint    ] Safepoint "RevokeBias", Time since last: 859063 ns, Reaching safepoint: 219453 ns, At safepoint: 19466 ns, Total: 238919 ns
[2020-09-11T15:40:52.346+0000][1][safepoint    ] Safepoint "RevokeBias", Time since last: 59835 ns, Reaching safepoint: 114933 ns, At safepoint: 17546 ns, Total: 132479 ns
[2020-09-11T15:40:52.347+0000][1][safepoint    ] Safepoint "RevokeBias", Time since last: 103808 ns, Reaching safepoint: 80770 ns, At safepoint: 14868 ns, Total: 95638 ns
[2020-09-11T15:40:52.347+0000][1][safepoint    ] Safepoint "RevokeBias", Time since last: 38044 ns, Reaching safepoint: 78819 ns, At safepoint: 16416 ns, Total: 95235 ns
[2020-09-11T15:40:52.347+0000][1][safepoint    ] Safepoint "RevokeBias", Time since last: 26160 ns, Reaching safepoint: 76967 ns, At safepoint: 16214 ns, Total: 93181 ns
[2020-09-11T15:40:52.347+0000][1][safepoint    ] Safepoint "RevokeBias", Time since last: 25274 ns, Reaching safepoint: 77527 ns, At safepoint: 15607 ns, Total: 93134 ns
[2020-09-11T15:40:52.347+0000][1][safepoint    ] Safepoint "RevokeBias", Time since last: 183613 ns, Reaching safepoint: 80950 ns, At safepoint: 17519 ns, Total: 98469 ns
[2020-09-11T15:40:52.347+0000][1][safepoint    ] Safepoint "RevokeBias", Time since last: 111948 ns, Reaching safepoint: 80926 ns, At safepoint: 17083 ns, Total: 98009 ns
[2020-09-11T15:40:52.348+0000][1][safepoint    ] Safepoint "RevokeBias", Time since last: 323353 ns, Reaching safepoint: 81474 ns, At safepoint: 18252 ns, Total: 99726 ns
[2020-09-11T15:40:52.348+0000][1][safepoint    ] Safepoint "RevokeBias", Time since last: 366655 ns, Reaching safepoint: 81480 ns, At safepoint: 17224 ns, Total: 98704 ns
[2020-09-11T15:40:52.348+0000][1][safepoint    ] Safepoint "RevokeBias", Time since last: 68316 ns, Reaching safepoint: 80675 ns, At safepoint: 17653 ns, Total: 98328 ns
[2020-09-11T15:40:52.349+0000][1][safepoint    ] Safepoint "RevokeBias", Time since last: 182010 ns, Reaching safepoint: 85881 ns, At safepoint: 17572 ns, Total: 103453 ns
[2020-09-11T15:40:52.361+0000][1][safepoint    ] Safepoint "RevokeBias", Time since last: 12003192 ns, Reaching safepoint: 240033 ns, At safepoint: 38795 ns, Total: 278828 ns
[2020-09-11T15:40:52.362+0000][1][safepoint    ] Safepoint "RevokeBias", Time since last: 546904 ns, Reaching safepoint: 97298 ns, At safepoint: 31225 ns, Total: 128523 ns
[2020-09-11T15:40:52.362+0000][1][safepoint    ] Safepoint "RevokeBias", Time since last: 37445 ns, Reaching safepoint: 86105 ns, At safepoint: 23839 ns, Total: 109944 ns
[2020-09-11T15:40:52.497+0000][1][safepoint    ] Safepoint "RevokeBias", Time since last: 134903856 ns, Reaching safepoint: 110902 ns, At safepoint: 14143 ns, Total: 125045 ns
[2020-09-11T15:40:52.497+0000][1][safepoint    ] Safepoint "RevokeBias", Time since last: 144585 ns, Reaching safepoint: 12679 ns, At safepoint: 7297 ns, Total: 19976 ns
[2020-09-11T15:40:52.497+0000][1][safepoint    ] Safepoint "RevokeBias", Time since last: 158456 ns, Reaching safepoint: 12095 ns, At safepoint: 6870 ns, Total: 18965 ns
[2020-09-11T15:40:52.497+0000][1][safepoint    ] Safepoint "RevokeBias", Time since last: 76968 ns, Reaching safepoint: 11583 ns, At safepoint: 6873 ns, Total: 18456 ns
[2020-09-11T15:40:52.748+0000][1][gc,start     ] GC(61) Pause Young (Allocation Failure)
[2020-09-11T15:40:52.748+0000][1][gc,task      ] GC(61) Using 1 workers of 1 for evacuation
[2020-09-11T15:40:52.843+0000][1][gc,age       ] GC(61) Desired survivor size 4358144 bytes, new threshold 2 (max threshold 6)
[2020-09-11T15:40:52.843+0000][1][gc,age       ] GC(61) Age table with threshold 2 (max threshold 6)
[2020-09-11T15:40:52.843+0000][1][gc,age       ] GC(61) - age   1:    2199912 bytes,    2199912 total
[2020-09-11T15:40:52.843+0000][1][gc,age       ] GC(61) - age   2:    2657032 bytes,    4856944 total
[2020-09-11T15:40:52.843+0000][1][gc,heap      ] GC(61) ParNew: 76672K->6182K(76672K)
[2020-09-11T15:40:52.843+0000][1][gc,heap      ] GC(61) CMS: 50023K->54048K(2011968K)
[2020-09-11T15:40:52.843+0000][1][gc,metaspace ] GC(61) Metaspace: 52483K->52483K(1097728K)
[2020-09-11T15:40:52.843+0000][1][gc           ] GC(61) Pause Young (Allocation Failure) 123M->58M(2039M) 94.389ms
[2020-09-11T15:40:52.843+0000][1][gc,cpu       ] GC(61) User=0.10s Sys=0.00s Real=0.10s
[2020-09-11T15:40:52.843+0000][1][safepoint    ] Safepoint "GenCollectForAllocation", Time since last: 250833661 ns, Reaching safepoint: 104831 ns, At safepoint: 94465999 ns, Total: 94570830 ns
[2020-09-11T15:40:52.898+0000][1][safepoint    ] Safepoint "RevokeBias", Time since last: 55050436 ns, Reaching safepoint: 370702 ns, At safepoint: 15128 ns, Total: 385830 ns
[2020-09-11T15:40:52.898+0000][1][safepoint    ] Safepoint "RevokeBias", Time since last: 56005 ns, Reaching safepoint: 80566 ns, At safepoint: 7484 ns, Total: 88050 ns
[2020-09-11T15:40:53.963+0000][1][safepoint    ] Safepoint "Cleanup", Time since last: 1063817140 ns, Reaching safepoint: 362462 ns, At safepoint: 8197 ns, Total: 370659 ns
[2020-09-11T15:40:54.494+0000][1][safepoint    ] Safepoint "RevokeBias", Time since last: 531319876 ns, Reaching safepoint: 112130 ns, At safepoint: 15111 ns, Total: 127241 ns
[2020-09-11T15:40:54.981+0000][1][gc,start     ] GC(62) Pause Young (Allocation Failure)
[2020-09-11T15:40:54.981+0000][1][gc,task      ] GC(62) Using 1 workers of 1 for evacuation
[2020-09-11T15:40:55.066+0000][1][gc,age       ] GC(62) Desired survivor size 4358144 bytes, new threshold 6 (max threshold 6)
[2020-09-11T15:40:55.066+0000][1][gc,age       ] GC(62) Age table with threshold 6 (max threshold 6)
[2020-09-11T15:40:55.066+0000][1][gc,age       ] GC(62) - age   1:    1611952 bytes,    1611952 total
[2020-09-11T15:40:55.066+0000][1][gc,age       ] GC(62) - age   2:    2162160 bytes,    3774112 total
[2020-09-11T15:40:55.066+0000][1][gc,heap      ] GC(62) ParNew: 74342K->5103K(76672K)
[2020-09-11T15:40:55.066+0000][1][gc,heap      ] GC(62) CMS: 54048K->56751K(2011968K)
[2020-09-11T15:40:55.066+0000][1][gc,metaspace ] GC(62) Metaspace: 60127K->60127K(1103872K)
[2020-09-11T15:40:55.066+0000][1][gc           ] GC(62) Pause Young (Allocation Failure) 125M->60M(2039M) 84.936ms
[2020-09-11T15:40:55.066+0000][1][gc,cpu       ] GC(62) User=0.04s Sys=0.00s Real=0.08s
[2020-09-11T15:40:55.077+0000][1][safepoint    ] Safepoint "GenCollectForAllocation", Time since last: 486818743 ns, Reaching safepoint: 453972 ns, At safepoint: 95542096 ns, Total: 95996068 ns
[2020-09-11T15:40:55.146+0000][1][safepoint    ] Safepoint "RevokeBias", Time since last: 66862881 ns, Reaching safepoint: 1980090 ns, At safepoint: 20714 ns, Total: 2000804 ns
[2020-09-11T15:40:55.149+0000][1][safepoint    ] Safepoint "RevokeBias", Time since last: 66116 ns, Reaching safepoint: 3070339 ns, At safepoint: 15317 ns, Total: 3085656 ns
[2020-09-11T15:40:55.149+0000][1][safepoint    ] Safepoint "RevokeBias", Time since last: 59116 ns, Reaching safepoint: 84201 ns, At safepoint: 10655 ns, Total: 94856 ns
[2020-09-11T15:40:55.149+0000][1][safepoint    ] Safepoint "RevokeBias", Time since last: 43510 ns, Reaching safepoint: 82526 ns, At safepoint: 17859 ns, Total: 100385 ns
[2020-09-11T15:40:55.149+0000][1][safepoint    ] Safepoint "RevokeBias", Time since last: 27256 ns, Reaching safepoint: 82114 ns, At safepoint: 17109 ns, Total: 99223 ns
[2020-09-11T15:40:55.296+0000][1][safepoint    ] Safepoint "CollectForMetadataAllocation", Time since last: 146657399 ns, Reaching safepoint: 140789 ns, At safepoint: 336962 ns, Total: 477751 ns
[2020-09-11T15:40:55.329+0000][1][safepoint    ] Safepoint "CollectForMetadataAllocation", Time since last: 32412092 ns, Reaching safepoint: 116287 ns, At safepoint: 333742 ns, Total: 450029 ns
[2020-09-11T15:40:55.396+0000][1][safepoint    ] Safepoint "RevokeBias", Time since last: 66972052 ns, Reaching safepoint: 117484 ns, At safepoint: 27704 ns, Total: 145188 ns
[2020-09-11T15:40:55.396+0000][1][safepoint    ] Safepoint "RevokeBias", Time since last: 103827 ns, Reaching safepoint: 13798 ns, At safepoint: 19684 ns, Total: 33482 ns
[2020-09-11T15:40:55.397+0000][1][safepoint    ] Safepoint "RevokeBias", Time since last: 93510 ns, Reaching safepoint: 10351 ns, At safepoint: 18279 ns, Total: 28630 ns
[2020-09-11T15:40:55.398+0000][1][safepoint    ] Safepoint "CollectForMetadataAllocation", Time since last: 850784 ns, Reaching safepoint: 96042 ns, At safepoint: 112336 ns, Total: 208378 ns
[2020-09-11T15:40:55.401+0000][1][safepoint    ] Safepoint "RevokeBias", Time since last: 3120231 ns, Reaching safepoint: 91791 ns, At safepoint: 31248 ns, Total: 123039 ns
[2020-09-11T15:40:55.467+0000][1][safepoint    ] Safepoint "CollectForMetadataAllocation", Time since last: 66245152 ns, Reaching safepoint: 157630 ns, At safepoint: 130158 ns, Total: 287788 ns
[2020-09-11T15:40:55.616+0000][1][safepoint    ] Safepoint "CollectForMetadataAllocation", Time since last: 148606925 ns, Reaching safepoint: 164610 ns, At safepoint: 84755 ns, Total: 249365 ns
[2020-09-11T15:40:55.639+0000][1][safepoint    ] Safepoint "CollectForMetadataAllocation", Time since last: 22492126 ns, Reaching safepoint: 150547 ns, At safepoint: 107737 ns, Total: 258284 ns
[2020-09-11T15:40:55.751+0000][1][safepoint    ] Safepoint "RevokeBias", Time since last: 112235897 ns, Reaching safepoint: 110405 ns, At safepoint: 27677 ns, Total: 138082 ns
[2020-09-11T15:40:55.799+0000][1][safepoint    ] Safepoint "CollectForMetadataAllocation", Time since last: 47545578 ns, Reaching safepoint: 110967 ns, At safepoint: 110627 ns, Total: 221594 ns
[2020-09-11T15:40:55.878+0000][1][safepoint    ] Safepoint "Deoptimize", Time since last: 78216314 ns, Reaching safepoint: 123649 ns, At safepoint: 303724 ns, Total: 427373 ns
[2020-09-11T15:40:55.917+0000][1][safepoint    ] Safepoint "CollectForMetadataAllocation", Time since last: 38947784 ns, Reaching safepoint: 113500 ns, At safepoint: 83242 ns, Total: 196742 ns
[2020-09-11T15:40:56.001+0000][1][safepoint    ] Safepoint "CollectForMetadataAllocation", Time since last: 83805654 ns, Reaching safepoint: 110980 ns, At safepoint: 74436 ns, Total: 185416 ns
[2020-09-11T15:40:56.111+0000][1][safepoint    ] Safepoint "RevokeBias", Time since last: 110120981 ns, Reaching safepoint: 118921 ns, At safepoint: 13779 ns, Total: 132700 ns
[2020-09-11T15:40:56.111+0000][1][safepoint    ] Safepoint "RevokeBias", Time since last: 72466 ns, Reaching safepoint: 85605 ns, At safepoint: 9606 ns, Total: 95211 ns
[2020-09-11T15:40:56.112+0000][1][safepoint    ] Safepoint "RevokeBias", Time since last: 159697 ns, Reaching safepoint: 84656 ns, At safepoint: 7984 ns, Total: 92640 ns
[2020-09-11T15:40:56.112+0000][1][safepoint    ] Safepoint "RevokeBias", Time since last: 49610 ns, Reaching safepoint: 83014 ns, At safepoint: 8544 ns, Total: 91558 ns
[2020-09-11T15:40:56.112+0000][1][safepoint    ] Safepoint "RevokeBias", Time since last: 165531 ns, Reaching safepoint: 82604 ns, At safepoint: 8648 ns, Total: 91252 ns
[2020-09-11T15:40:56.120+0000][1][safepoint    ] Safepoint "CollectForMetadataAllocation", Time since last: 7400339 ns, Reaching safepoint: 108364 ns, At safepoint: 69865 ns, Total: 178229 ns
[2020-09-11T15:40:56.180+0000][1][safepoint    ] Safepoint "CollectForMetadataAllocation", Time since last: 60106013 ns, Reaching safepoint: 111448 ns, At safepoint: 118584 ns, Total: 230032 ns
[2020-09-11T15:40:56.352+0000][1][safepoint    ] Safepoint "CollectForMetadataAllocation", Time since last: 172123495 ns, Reaching safepoint: 123508 ns, At safepoint: 88781 ns, Total: 212289 ns
[2020-09-11T15:40:56.399+0000][1][safepoint    ] Safepoint "CollectForMetadataAllocation", Time since last: 46187562 ns, Reaching safepoint: 106257 ns, At safepoint: 113822 ns, Total: 220079 ns
[2020-09-11T15:40:56.433+0000][1][safepoint    ] Safepoint "CollectForMetadataAllocation", Time since last: 34090360 ns, Reaching safepoint: 103194 ns, At safepoint: 119370 ns, Total: 222564 ns
[2020-09-11T15:40:56.483+0000][1][safepoint    ] Safepoint "CollectForMetadataAllocation", Time since last: 49741929 ns, Reaching safepoint: 118571 ns, At safepoint: 87231 ns, Total: 205802 ns
[2020-09-11T15:40:56.573+0000][1][safepoint    ] Safepoint "CollectForMetadataAllocation", Time since last: 89840947 ns, Reaching safepoint: 111123 ns, At safepoint: 127653 ns, Total: 238776 ns
[2020-09-11T15:40:56.625+0000][1][safepoint    ] Safepoint "CollectForMetadataAllocation", Time since last: 51744195 ns, Reaching safepoint: 108139 ns, At safepoint: 126532 ns, Total: 234671 ns
[2020-09-11T15:40:56.708+0000][1][safepoint    ] Safepoint "CollectForMetadataAllocation", Time since last: 82633569 ns, Reaching safepoint: 115465 ns, At safepoint: 134589 ns, Total: 250054 ns
[2020-09-11T15:40:56.729+0000][1][gc,start     ] GC(63) Pause Young (Allocation Failure)
[2020-09-11T15:40:56.729+0000][1][gc,task      ] GC(63) Using 1 workers of 1 for evacuation
[2020-09-11T15:40:56.796+0000][1][gc,age       ] GC(63) Desired survivor size 4358144 bytes, new threshold 2 (max threshold 6)
[2020-09-11T15:40:56.796+0000][1][gc,age       ] GC(63) Age table with threshold 2 (max threshold 6)
[2020-09-11T15:40:56.796+0000][1][gc,age       ] GC(63) - age   1:    3515616 bytes,    3515616 total
[2020-09-11T15:40:56.796+0000][1][gc,age       ] GC(63) - age   2:    1453112 bytes,    4968728 total
[2020-09-11T15:40:56.796+0000][1][gc,age       ] GC(63) - age   3:    2139280 bytes,    7108008 total
[2020-09-11T15:40:56.796+0000][1][gc,heap      ] GC(63) ParNew: 73263K->8079K(76672K)
[2020-09-11T15:40:56.796+0000][1][gc,heap      ] GC(63) CMS: 56751K->56751K(2011968K)
[2020-09-11T15:40:56.796+0000][1][gc,metaspace ] GC(63) Metaspace: 66322K->66322K(1110016K)
[2020-09-11T15:40:56.796+0000][1][gc           ] GC(63) Pause Young (Allocation Failure) 126M->63M(2039M) 66.883ms
[2020-09-11T15:40:56.796+0000][1][gc,cpu       ] GC(63) User=0.06s Sys=0.00s Real=0.07s
[2020-09-11T15:40:56.796+0000][1][safepoint    ] Safepoint "GenCollectForAllocation", Time since last: 20904420 ns, Reaching safepoint: 114361 ns, At safepoint: 67035179 ns, Total: 67149540 ns
[2020-09-11T15:40:56.800+0000][1][gc,start     ] GC(64) Pause Initial Mark
[2020-09-11T15:40:56.814+0000][1][gc           ] GC(64) Pause Initial Mark 64M->64M(2039M) 13.658ms
[2020-09-11T15:40:56.814+0000][1][gc,cpu       ] GC(64) User=0.01s Sys=0.00s Real=0.02s
[2020-09-11T15:40:56.820+0000][1][safepoint    ] Safepoint "CMS_Initial_Mark", Time since last: 4391727 ns, Reaching safepoint: 108054 ns, At safepoint: 19824297 ns, Total: 19932351 ns
[2020-09-11T15:40:56.820+0000][1][gc           ] GC(64) Concurrent Mark
[2020-09-11T15:40:56.849+0000][1][safepoint    ] Safepoint "BulkRevokeBias", Time since last: 25526313 ns, Reaching safepoint: 2985347 ns, At safepoint: 55591 ns, Total: 3040938 ns
[2020-09-11T15:40:56.853+0000][1][safepoint    ] Safepoint "CollectForMetadataAllocation", Time since last: 3696220 ns, Reaching safepoint: 97337 ns, At safepoint: 136515 ns, Total: 233852 ns
[2020-09-11T15:40:56.921+0000][1][safepoint    ] Safepoint "CollectForMetadataAllocation", Time since last: 68013318 ns, Reaching safepoint: 45484 ns, At safepoint: 81330 ns, Total: 126814 ns
[2020-09-11T15:40:56.998+0000][1][gc           ] GC(64) Concurrent Mark 178.083ms
[2020-09-11T15:40:56.998+0000][1][gc,cpu       ] GC(64) User=0.16s Sys=0.01s Real=0.18s
[2020-09-11T15:40:56.998+0000][1][gc           ] GC(64) Concurrent Preclean
[2020-09-11T15:40:57.007+0000][1][safepoint    ] Safepoint "CollectForMetadataAllocation", Time since last: 83079080 ns, Reaching safepoint: 3224580 ns, At safepoint: 118248 ns, Total: 3342828 ns
[2020-09-11T15:40:57.013+0000][1][gc           ] GC(64) Concurrent Preclean 14.294ms
[2020-09-11T15:40:57.013+0000][1][gc,cpu       ] GC(64) User=0.01s Sys=0.00s Real=0.02s
[2020-09-11T15:40:57.013+0000][1][gc           ] GC(64) Concurrent Abortable Preclean
[2020-09-11T15:40:57.042+0000][1][safepoint    ] Safepoint "BulkRevokeBias", Time since last: 34319622 ns, Reaching safepoint: 45385 ns, At safepoint: 59589 ns, Total: 104974 ns
[2020-09-11T15:40:57.061+0000][1][safepoint    ] Safepoint "CollectForMetadataAllocation", Time since last: 16505262 ns, Reaching safepoint: 2562020 ns, At safepoint: 124043 ns, Total: 2686063 ns
[2020-09-11T15:40:57.114+0000][1][safepoint    ] Safepoint "CollectForMetadataAllocation", Time since last: 52968177 ns, Reaching safepoint: 414701 ns, At safepoint: 108926 ns, Total: 523627 ns
[2020-09-11T15:40:57.141+0000][1][safepoint    ] Safepoint "CollectForMetadataAllocation", Time since last: 22353283 ns, Reaching safepoint: 4030826 ns, At safepoint: 126334 ns, Total: 4157160 ns
[2020-09-11T15:40:57.169+0000][1][safepoint    ] Safepoint "Deoptimize", Time since last: 27809762 ns, Reaching safepoint: 42479 ns, At safepoint: 365924 ns, Total: 408403 ns
[2020-09-11T15:40:57.184+0000][1][safepoint    ] Safepoint "CollectForMetadataAllocation", Time since last: 14239832 ns, Reaching safepoint: 43789 ns, At safepoint: 120853 ns, Total: 164642 ns
[2020-09-11T15:40:57.197+0000][1][safepoint    ] Safepoint "Deoptimize", Time since last: 7543270 ns, Reaching safepoint: 5716177 ns, At safepoint: 335267 ns, Total: 6051444 ns
[2020-09-11T15:40:57.257+0000][1][safepoint    ] Safepoint "CollectForMetadataAllocation", Time since last: 59602771 ns, Reaching safepoint: 55075 ns, At safepoint: 113851 ns, Total: 168926 ns
[2020-09-11T15:40:57.329+0000][1][safepoint    ] Safepoint "CollectForMetadataAllocation", Time since last: 70712846 ns, Reaching safepoint: 1166232 ns, At safepoint: 118586 ns, Total: 1284818 ns
[2020-09-11T15:40:57.373+0000][1][safepoint    ] Safepoint "RevokeBias", Time since last: 36974542 ns, Reaching safepoint: 6942838 ns, At safepoint: 31219 ns, Total: 6974057 ns
[2020-09-11T15:40:57.373+0000][1][safepoint    ] Safepoint "RevokeBias", Time since last: 554499 ns, Reaching safepoint: 19365 ns, At safepoint: 21343 ns, Total: 40708 ns
[2020-09-11T15:40:57.374+0000][1][safepoint    ] Safepoint "RevokeBias", Time since last: 800634 ns, Reaching safepoint: 90884 ns, At safepoint: 22947 ns, Total: 113831 ns
[2020-09-11T15:40:57.377+0000][1][safepoint    ] Safepoint "RevokeBias", Time since last: 2873734 ns, Reaching safepoint: 32093 ns, At safepoint: 19276 ns, Total: 51369 ns
[2020-09-11T15:40:57.377+0000][1][safepoint    ] Safepoint "RevokeBias", Time since last: 44297 ns, Reaching safepoint: 12261 ns, At safepoint: 13840 ns, Total: 26101 ns
[2020-09-11T15:40:57.378+0000][1][safepoint    ] Safepoint "RevokeBias", Time since last: 165561 ns, Reaching safepoint: 14123 ns, At safepoint: 13187 ns, Total: 27310 ns
[2020-09-11T15:40:57.378+0000][1][safepoint    ] Safepoint "RevokeBias", Time since last: 156556 ns, Reaching safepoint: 10111 ns, At safepoint: 13318 ns, Total: 23429 ns
[2020-09-11T15:40:57.378+0000][1][safepoint    ] Safepoint "RevokeBias", Time since last: 124707 ns, Reaching safepoint: 11707 ns, At safepoint: 13090 ns, Total: 24797 ns
[2020-09-11T15:40:57.378+0000][1][safepoint    ] Safepoint "RevokeBias", Time since last: 29516 ns, Reaching safepoint: 10415 ns, At safepoint: 12723 ns, Total: 23138 ns
[2020-09-11T15:40:57.378+0000][1][safepoint    ] Safepoint "RevokeBias", Time since last: 394961 ns, Reaching safepoint: 10312 ns, At safepoint: 13312 ns, Total: 23624 ns
[2020-09-11T15:40:57.379+0000][1][safepoint    ] Safepoint "RevokeBias", Time since last: 777013 ns, Reaching safepoint: 86846 ns, At safepoint: 16850 ns, Total: 103696 ns
[2020-09-11T15:40:57.379+0000][1][safepoint    ] Safepoint "RevokeBias", Time since last: 68924 ns, Reaching safepoint: 80275 ns, At safepoint: 15667 ns, Total: 95942 ns
[2020-09-11T15:40:57.382+0000][1][safepoint    ] Safepoint "Deoptimize", Time since last: 2177428 ns, Reaching safepoint: 90980 ns, At safepoint: 317543 ns, Total: 408523 ns
[2020-09-11T15:40:57.429+0000][1][safepoint    ] Safepoint "CollectForMetadataAllocation", Time since last: 42746874 ns, Reaching safepoint: 4121139 ns, At safepoint: 124683 ns, Total: 4245822 ns
[2020-09-11T15:40:57.476+0000][1][safepoint    ] Safepoint "RevokeBias", Time since last: 46213000 ns, Reaching safepoint: 267583 ns, At safepoint: 26409 ns, Total: 293992 ns
[2020-09-11T15:40:57.530+0000][1][safepoint    ] Safepoint "RevokeBias", Time since last: 48356125 ns, Reaching safepoint: 5740195 ns, At safepoint: 33355 ns, Total: 5773550 ns
[2020-09-11T15:40:57.532+0000][1][safepoint    ] Safepoint "RevokeBias", Time since last: 2383697 ns, Reaching safepoint: 138794 ns, At safepoint: 25719 ns, Total: 164513 ns
[2020-09-11T15:40:57.549+0000][1][safepoint    ] Safepoint "RevokeBias", Time since last: 9511545 ns, Reaching safepoint: 7107626 ns, At safepoint: 25542 ns, Total: 7133168 ns
[2020-09-11T15:40:57.692+0000][1][safepoint    ] Safepoint "CollectForMetadataAllocation", Time since last: 143109291 ns, Reaching safepoint: 128735 ns, At safepoint: 127731 ns, Total: 256466 ns
[2020-09-11T15:40:57.797+0000][1][safepoint    ] Safepoint "CollectForMetadataAllocation", Time since last: 104580267 ns, Reaching safepoint: 69497 ns, At safepoint: 112932 ns, Total: 182429 ns
[2020-09-11T15:40:57.881+0000][1][safepoint    ] Safepoint "CollectForMetadataAllocation", Time since last: 83961499 ns, Reaching safepoint: 61322 ns, At safepoint: 87392 ns, Total: 148714 ns
[2020-09-11T15:40:57.931+0000][1][safepoint    ] Safepoint "CollectForMetadataAllocation", Time since last: 49523457 ns, Reaching safepoint: 163320 ns, At safepoint: 119970 ns, Total: 283290 ns
[2020-09-11T15:40:58.012+0000][1][safepoint    ] Safepoint "RevokeBias", Time since last: 80374142 ns, Reaching safepoint: 195350 ns, At safepoint: 59086 ns, Total: 254436 ns
[2020-09-11T15:40:58.012+0000][1][safepoint    ] Safepoint "RevokeBias", Time since last: 184038 ns, Reaching safepoint: 127992 ns, At safepoint: 41034 ns, Total: 169026 ns
[2020-09-11T15:40:58.012+0000][1][safepoint    ] Safepoint "RevokeBias", Time since last: 112994 ns, Reaching safepoint: 117367 ns, At safepoint: 39712 ns, Total: 157079 ns
[2020-09-11T15:40:58.012+0000][1][safepoint    ] Safepoint "RevokeBias", Time since last: 113204 ns, Reaching safepoint: 160163 ns, At safepoint: 38749 ns, Total: 198912 ns
[2020-09-11T15:40:58.013+0000][1][safepoint    ] Safepoint "RevokeBias", Time since last: 105991 ns, Reaching safepoint: 119048 ns, At safepoint: 36454 ns, Total: 155502 ns
[2020-09-11T15:40:58.013+0000][1][safepoint    ] Safepoint "RevokeBias", Time since last: 131202 ns, Reaching safepoint: 140106 ns, At safepoint: 43050 ns, Total: 183156 ns
[2020-09-11T15:40:58.013+0000][1][safepoint    ] Safepoint "RevokeBias", Time since last: 133882 ns, Reaching safepoint: 134252 ns, At safepoint: 42198 ns, Total: 176450 ns
[2020-09-11T15:40:58.014+0000][1][safepoint    ] Safepoint "RevokeBias", Time since last: 100087 ns, Reaching safepoint: 136080 ns, At safepoint: 46010 ns, Total: 182090 ns
[2020-09-11T15:41:02.015+0000][1][safepoint    ] Safepoint "Cleanup", Time since last: 4001009485 ns, Reaching safepoint: 245472 ns, At safepoint: 20420 ns, Total: 265892 ns
[2020-09-11T15:41:02.069+0000][1][safepoint    ] Safepoint "RevokeBias", Time since last: 47284716 ns, Reaching safepoint: 6660982 ns, At safepoint: 17453 ns, Total: 6678435 ns
[2020-09-11T15:41:02.069+0000][1][safepoint    ] Safepoint "RevokeBias", Time since last: 137652 ns, Reaching safepoint: 14580 ns, At safepoint: 10800 ns, Total: 25380 ns
[2020-09-11T15:41:02.114+0000][1][gc           ] GC(64) Concurrent Abortable Preclean 5101.586ms
[2020-09-11T15:41:02.114+0000][1][gc,cpu       ] GC(64) User=2.21s Sys=0.04s Real=5.10s
[2020-09-11T15:41:02.119+0000][1][gc,start     ] GC(64) Pause Remark
[2020-09-11T15:41:02.150+0000][1][gc           ] GC(64) Pause Remark 101M->101M(2039M) 30.412ms
[2020-09-11T15:41:02.150+0000][1][gc,cpu       ] GC(64) User=0.03s Sys=0.00s Real=0.03s
[2020-09-11T15:41:02.156+0000][1][safepoint    ] Safepoint "CMS_Final_Remark", Time since last: 50025229 ns, Reaching safepoint: 34101 ns, At safepoint: 36895084 ns, Total: 36929185 ns
[2020-09-11T15:41:02.156+0000][1][gc           ] GC(64) Concurrent Sweep
[2020-09-11T15:41:02.196+0000][1][gc           ] GC(64) Concurrent Sweep 39.874ms
[2020-09-11T15:41:02.196+0000][1][gc,cpu       ] GC(64) User=0.03s Sys=0.00s Real=0.04s
[2020-09-11T15:41:02.196+0000][1][gc           ] GC(64) Concurrent Reset
[2020-09-11T15:41:02.203+0000][1][gc           ] GC(64) Concurrent Reset 7.309ms
[2020-09-11T15:41:02.203+0000][1][gc,cpu       ] GC(64) User=0.01s Sys=0.00s Real=0.01s
[2020-09-11T15:41:02.203+0000][1][gc,heap      ] GC(64) Old: 56751K->55747K(2011968K)
[2020-09-11T15:41:05.161+0000][1][safepoint    ] Safepoint "Cleanup", Time since last: 3003964868 ns, Reaching safepoint: 627756 ns, At safepoint: 8556 ns, Total: 636312 ns
[2020-09-11T15:41:06.161+0000][1][safepoint    ] Safepoint "Cleanup", Time since last: 1000143958 ns, Reaching safepoint: 95721 ns, At safepoint: 6070 ns, Total: 101791 ns
[2020-09-11T15:41:07.012+0000][1][safepoint    ] Safepoint "RevokeBias", Time since last: 851322359 ns, Reaching safepoint: 173179 ns, At safepoint: 52264 ns, Total: 225443 ns
[2020-09-11T15:41:07.015+0000][1][safepoint    ] Safepoint "RevokeBias", Time since last: 2194690 ns, Reaching safepoint: 147026 ns, At safepoint: 45665 ns, Total: 192691 ns
[2020-09-11T15:41:07.015+0000][1][safepoint    ] Safepoint "RevokeBias", Time since last: 115533 ns, Reaching safepoint: 133344 ns, At safepoint: 26137 ns, Total: 159481 ns
[2020-09-11T15:41:09.692+0000][1][safepoint    ] Safepoint "RevokeBias", Time since last: 2676394937 ns, Reaching safepoint: 117559 ns, At safepoint: 18085 ns, Total: 135644 ns
[2020-09-11T15:41:09.702+0000][1][safepoint    ] Safepoint "RevokeBias", Time since last: 10518733 ns, Reaching safepoint: 136811 ns, At safepoint: 19608 ns, Total: 156419 ns
[2020-09-11T15:41:09.709+0000][1][safepoint    ] Safepoint "RevokeBias", Time since last: 1008626 ns, Reaching safepoint: 5708778 ns, At safepoint: 27209 ns, Total: 5735987 ns
[2020-09-11T15:41:09.717+0000][1][safepoint    ] Safepoint "RevokeBias", Time since last: 371433 ns, Reaching safepoint: 7578894 ns, At safepoint: 44322 ns, Total: 7623216 ns
[2020-09-11T15:41:09.722+0000][1][safepoint    ] Safepoint "RevokeBias", Time since last: 544362 ns, Reaching safepoint: 4107881 ns, At safepoint: 32412 ns, Total: 4140293 ns
[2020-09-11T15:41:09.722+0000][1][safepoint    ] Safepoint "RevokeBias", Time since last: 335561 ns, Reaching safepoint: 88794 ns, At safepoint: 14083 ns, Total: 102877 ns
[2020-09-11T15:41:09.727+0000][1][safepoint    ] Safepoint "RevokeBias", Time since last: 5095900 ns, Reaching safepoint: 103892 ns, At safepoint: 19658 ns, Total: 123550 ns
[2020-09-11T15:41:09.728+0000][1][safepoint    ] Safepoint "RevokeBias", Time since last: 394991 ns, Reaching safepoint: 84286 ns, At safepoint: 13559 ns, Total: 97845 ns
[2020-09-11T15:41:09.739+0000][1][safepoint    ] Safepoint "RevokeBias", Time since last: 8841858 ns, Reaching safepoint: 2156129 ns, At safepoint: 28857 ns, Total: 2184986 ns
[2020-09-11T15:41:09.744+0000][1][safepoint    ] Safepoint "RevokeBias", Time since last: 4757310 ns, Reaching safepoint: 110595 ns, At safepoint: 42097 ns, Total: 152692 ns
[2020-09-11T15:41:09.744+0000][1][safepoint    ] Safepoint "RevokeBias", Time since last: 222430 ns, Reaching safepoint: 90830 ns, At safepoint: 12516 ns, Total: 103346 ns
[2020-09-11T15:41:09.744+0000][1][safepoint    ] Safepoint "RevokeBias", Time since last: 277444 ns, Reaching safepoint: 88213 ns, At safepoint: 11286 ns, Total: 99499 ns
[2020-09-11T15:41:09.745+0000][1][safepoint    ] Safepoint "RevokeBias", Time since last: 36611 ns, Reaching safepoint: 84673 ns, At safepoint: 10409 ns, Total: 95082 ns
[2020-09-11T15:41:09.746+0000][1][safepoint    ] Safepoint "RevokeBias", Time since last: 920349 ns, Reaching safepoint: 90787 ns, At safepoint: 14232 ns, Total: 105019 ns
[2020-09-11T15:41:09.746+0000][1][safepoint    ] Safepoint "RevokeBias", Time since last: 78507 ns, Reaching safepoint: 85712 ns, At safepoint: 12101 ns, Total: 97813 ns
[2020-09-11T15:41:09.746+0000][1][safepoint    ] Safepoint "RevokeBias", Time since last: 44171 ns, Reaching safepoint: 84467 ns, At safepoint: 11857 ns, Total: 96324 ns
[2020-09-11T15:41:09.758+0000][1][safepoint    ] Safepoint "RevokeBias", Time since last: 9374709 ns, Reaching safepoint: 2467674 ns, At safepoint: 18093 ns, Total: 2485767 ns
[2020-09-11T15:41:09.758+0000][1][safepoint    ] Safepoint "RevokeBias", Time since last: 83659 ns, Reaching safepoint: 95297 ns, At safepoint: 12271 ns, Total: 107568 ns
[2020-09-11T15:41:09.758+0000][1][safepoint    ] Safepoint "RevokeBias", Time since last: 402724 ns, Reaching safepoint: 93409 ns, At safepoint: 15100 ns, Total: 108509 ns
[2020-09-11T15:41:09.759+0000][1][safepoint    ] Safepoint "RevokeBias", Time since last: 33541 ns, Reaching safepoint: 86559 ns, At safepoint: 12872 ns, Total: 99431 ns
[2020-09-11T15:41:09.759+0000][1][safepoint    ] Safepoint "RevokeBias", Time since last: 33790 ns, Reaching safepoint: 238264 ns, At safepoint: 13632 ns, Total: 251896 ns
[2020-09-11T15:41:09.761+0000][1][safepoint    ] Safepoint "RevokeBias", Time since last: 2162626 ns, Reaching safepoint: 96371 ns, At safepoint: 16010 ns, Total: 112381 ns
[2020-09-11T15:41:09.761+0000][1][safepoint    ] Safepoint "RevokeBias", Time since last: 52364 ns, Reaching safepoint: 89237 ns, At safepoint: 12378 ns, Total: 101615 ns
[2020-09-11T15:41:09.765+0000][1][safepoint    ] Safepoint "RevokeBias", Time since last: 1875082 ns, Reaching safepoint: 2113750 ns, At safepoint: 18684 ns, Total: 2132434 ns
[2020-09-11T15:41:09.766+0000][1][safepoint    ] Safepoint "RevokeBias", Time since last: 114207 ns, Reaching safepoint: 85248 ns, At safepoint: 10232 ns, Total: 95480 ns
[2020-09-11T15:41:09.766+0000][1][safepoint    ] Safepoint "RevokeBias", Time since last: 51256 ns, Reaching safepoint: 84076 ns, At safepoint: 9211 ns, Total: 93287 ns
[2020-09-11T15:41:09.769+0000][1][safepoint    ] Safepoint "RevokeBias", Time since last: 3346070 ns, Reaching safepoint: 100682 ns, At safepoint: 18733 ns, Total: 119415 ns
[2020-09-11T15:41:09.769+0000][1][safepoint    ] Safepoint "RevokeBias", Time since last: 235580 ns, Reaching safepoint: 91252 ns, At safepoint: 14065 ns, Total: 105317 ns
[2020-09-11T15:41:09.770+0000][1][safepoint    ] Safepoint "RevokeBias", Time since last: 43065 ns, Reaching safepoint: 88308 ns, At safepoint: 12606 ns, Total: 100914 ns
[2020-09-11T15:41:09.770+0000][1][safepoint    ] Safepoint "RevokeBias", Time since last: 623840 ns, Reaching safepoint: 90596 ns, At safepoint: 49208 ns, Total: 139804 ns
[2020-09-11T15:41:09.776+0000][1][safepoint    ] Safepoint "RevokeBias", Time since last: 5401237 ns, Reaching safepoint: 107924 ns, At safepoint: 19577 ns, Total: 127501 ns
[2020-09-11T15:41:09.776+0000][1][safepoint    ] Safepoint "RevokeBias", Time since last: 94404 ns, Reaching safepoint: 85112 ns, At safepoint: 12926 ns, Total: 98038 ns
[2020-09-11T15:41:09.777+0000][1][safepoint    ] Safepoint "RevokeBias", Time since last: 715247 ns, Reaching safepoint: 86780 ns, At safepoint: 11198 ns, Total: 97978 ns
[2020-09-11T15:41:09.777+0000][1][safepoint    ] Safepoint "RevokeBias", Time since last: 55932 ns, Reaching safepoint: 83792 ns, At safepoint: 9734 ns, Total: 93526 ns
[2020-09-11T15:41:09.777+0000][1][safepoint    ] Safepoint "RevokeBias", Time since last: 222196 ns, Reaching safepoint: 85461 ns, At safepoint: 9973 ns, Total: 95434 ns
[2020-09-11T15:41:09.778+0000][1][safepoint    ] Safepoint "RevokeBias", Time since last: 115731 ns, Reaching safepoint: 85327 ns, At safepoint: 12588 ns, Total: 97915 ns
[2020-09-11T15:41:09.778+0000][1][safepoint    ] Safepoint "RevokeBias", Time since last: 31849 ns, Reaching safepoint: 83075 ns, At safepoint: 12306 ns, Total: 95381 ns
[2020-09-11T15:41:09.778+0000][1][safepoint    ] Safepoint "RevokeBias", Time since last: 30530 ns, Reaching safepoint: 83020 ns, At safepoint: 11713 ns, Total: 94733 ns
[2020-09-11T15:41:09.791+0000][1][safepoint    ] Safepoint "RevokeBias", Time since last: 13357969 ns, Reaching safepoint: 113092 ns, At safepoint: 20460 ns, Total: 133552 ns
[2020-09-11T15:41:09.798+0000][1][safepoint    ] Safepoint "RevokeBias", Time since last: 6390583 ns, Reaching safepoint: 108631 ns, At safepoint: 20364 ns, Total: 128995 ns
[2020-09-11T15:41:09.801+0000][1][safepoint    ] Safepoint "RevokeBias", Time since last: 2639439 ns, Reaching safepoint: 806254 ns, At safepoint: 15653 ns, Total: 821907 ns
[2020-09-11T15:41:09.822+0000][1][safepoint    ] Safepoint "RevokeBias", Time since last: 15427836 ns, Reaching safepoint: 5100166 ns, At safepoint: 29082 ns, Total: 5129248 ns
[2020-09-11T15:41:09.825+0000][1][safepoint    ] Safepoint "RevokeBias", Time since last: 3152217 ns, Reaching safepoint: 114747 ns, At safepoint: 15244 ns, Total: 129991 ns
[2020-09-11T15:41:09.825+0000][1][safepoint    ] Safepoint "RevokeBias", Time since last: 93135 ns, Reaching safepoint: 87723 ns, At safepoint: 40578 ns, Total: 128301 ns
[2020-09-11T15:41:09.827+0000][1][safepoint    ] Safepoint "RevokeBias", Time since last: 1808084 ns, Reaching safepoint: 105375 ns, At safepoint: 16433 ns, Total: 121808 ns
[2020-09-11T15:41:09.827+0000][1][safepoint    ] Safepoint "RevokeBias", Time since last: 47182 ns, Reaching safepoint: 90174 ns, At safepoint: 12028 ns, Total: 102202 ns
[2020-09-11T15:41:09.852+0000][1][safepoint    ] Safepoint "RevokeBias", Time since last: 24439621 ns, Reaching safepoint: 292048 ns, At safepoint: 54496 ns, Total: 346544 ns
[2020-09-11T15:41:09.856+0000][1][gc,start     ] GC(65) Pause Young (Allocation Failure)
[2020-09-11T15:41:09.856+0000][1][gc,task      ] GC(65) Using 1 workers of 1 for evacuation
[2020-09-11T15:41:09.942+0000][1][gc,age       ] GC(65) Desired survivor size 4358144 bytes, new threshold 2 (max threshold 6)
[2020-09-11T15:41:09.942+0000][1][gc,age       ] GC(65) Age table with threshold 2 (max threshold 6)
[2020-09-11T15:41:09.942+0000][1][gc,age       ] GC(65) - age   1:    1774848 bytes,    1774848 total
[2020-09-11T15:41:09.942+0000][1][gc,age       ] GC(65) - age   2:    3433976 bytes,    5208824 total
[2020-09-11T15:41:09.942+0000][1][gc,heap      ] GC(65) ParNew: 66706K->6216K(76672K)
[2020-09-11T15:41:09.942+0000][1][gc,heap      ] GC(65) CMS: 55747K->59299K(2011968K)
[2020-09-11T15:41:09.942+0000][1][gc,metaspace ] GC(65) Metaspace: 71915K->71915K(1116160K)
[2020-09-11T15:41:09.942+0000][1][gc           ] GC(65) Pause Young (Allocation Failure) 119M->63M(2039M) 86.702ms
[2020-09-11T15:41:09.942+0000][1][gc,cpu       ] GC(65) User=0.04s Sys=0.00s Real=0.09s
[2020-09-11T15:41:09.957+0000][1][safepoint    ] Safepoint "GenCollectForAllocation", Time since last: 3343118 ns, Reaching safepoint: 103654 ns, At safepoint: 101051631 ns, Total: 101155285 ns
[2020-09-11T15:41:09.962+0000][1][safepoint    ] Safepoint "RevokeBias", Time since last: 5209400 ns, Reaching safepoint: 44417 ns, At safepoint: 29085 ns, Total: 73502 ns
[2020-09-11T15:41:09.962+0000][1][safepoint    ] Safepoint "RevokeBias", Time since last: 78959 ns, Reaching safepoint: 18817 ns, At safepoint: 18379 ns, Total: 37196 ns
[2020-09-11T15:41:09.962+0000][1][safepoint    ] Safepoint "RevokeBias", Time since last: 25349 ns, Reaching safepoint: 17234 ns, At safepoint: 17435 ns, Total: 34669 ns
[2020-09-11T15:41:09.963+0000][1][safepoint    ] Safepoint "RevokeBias", Time since last: 626132 ns, Reaching safepoint: 20157 ns, At safepoint: 23971 ns, Total: 44128 ns
[2020-09-11T15:41:09.963+0000][1][safepoint    ] Safepoint "RevokeBias", Time since last: 26597 ns, Reaching safepoint: 17313 ns, At safepoint: 18461 ns, Total: 35774 ns
[2020-09-11T15:41:09.963+0000][1][safepoint    ] Safepoint "RevokeBias", Time since last: 201577 ns, Reaching safepoint: 19686 ns, At safepoint: 19222 ns, Total: 38908 ns
[2020-09-11T15:41:09.963+0000][1][safepoint    ] Safepoint "RevokeBias", Time since last: 26178 ns, Reaching safepoint: 17391 ns, At safepoint: 17639 ns, Total: 35030 ns
[2020-09-11T15:41:09.963+0000][1][safepoint    ] Safepoint "RevokeBias", Time since last: 22415 ns, Reaching safepoint: 17096 ns, At safepoint: 17602 ns, Total: 34698 ns
[2020-09-11T15:41:09.976+0000][1][safepoint    ] Safepoint "RevokeBias", Time since last: 12137407 ns, Reaching safepoint: 117140 ns, At safepoint: 18535 ns, Total: 135675 ns
[2020-09-11T15:41:09.976+0000][1][safepoint    ] Safepoint "RevokeBias", Time since last: 66763 ns, Reaching safepoint: 89412 ns, At safepoint: 13289 ns, Total: 102701 ns
[2020-09-11T15:41:10.010+0000][1][safepoint    ] Safepoint "RevokeBias", Time since last: 33563165 ns, Reaching safepoint: 124158 ns, At safepoint: 72407 ns, Total: 196565 ns
[2020-09-11T15:41:10.010+0000][1][safepoint    ] Safepoint "RevokeBias", Time since last: 68537 ns, Reaching safepoint: 90708 ns, At safepoint: 11863 ns, Total: 102571 ns
[2020-09-11T15:41:10.010+0000][1][safepoint    ] Safepoint "RevokeBias", Time since last: 36409 ns, Reaching safepoint: 90228 ns, At safepoint: 11181 ns, Total: 101409 ns
[2020-09-11T15:41:10.010+0000][1][safepoint    ] Safepoint "RevokeBias", Time since last: 50936 ns, Reaching safepoint: 91454 ns, At safepoint: 11813 ns, Total: 103267 ns
[2020-09-11T15:41:10.297+0000][1][safepoint    ] Safepoint "RevokeBias", Time since last: 283858070 ns, Reaching safepoint: 2987349 ns, At safepoint: 29315 ns, Total: 3016664 ns
[2020-09-11T15:41:10.319+0000][1][safepoint    ] Safepoint "RevokeBias", Time since last: 19930086 ns, Reaching safepoint: 1770960 ns, At safepoint: 26545 ns, Total: 1797505 ns
[2020-09-11T15:41:10.349+0000][1][safepoint    ] Safepoint "RevokeBias", Time since last: 24186995 ns, Reaching safepoint: 5886366 ns, At safepoint: 57829 ns, Total: 5944195 ns
[2020-09-11T15:41:10.388+0000][1][safepoint    ] Safepoint "Deoptimize", Time since last: 36858913 ns, Reaching safepoint: 1571683 ns, At safepoint: 360401 ns, Total: 1932084 ns
[2020-09-11T15:41:10.401+0000][1][safepoint    ] Safepoint "RevokeBias", Time since last: 13140287 ns, Reaching safepoint: 139695 ns, At safepoint: 38603 ns, Total: 178298 ns
[2020-09-11T15:41:10.686+0000][1][safepoint    ] Safepoint "RevokeBias", Time since last: 284770312 ns, Reaching safepoint: 114411 ns, At safepoint: 17394 ns, Total: 131805 ns
[2020-09-11T15:41:10.801+0000][1][safepoint    ] Safepoint "RevokeBias", Time since last: 115397645 ns, Reaching safepoint: 122329 ns, At safepoint: 20035 ns, Total: 142364 ns
[2020-09-11T15:41:10.813+0000][1][safepoint    ] Safepoint "RevokeBias", Time since last: 11581574 ns, Reaching safepoint: 384027 ns, At safepoint: 21830 ns, Total: 405857 ns
[2020-09-11T15:41:10.817+0000][1][safepoint    ] Safepoint "RevokeBias", Time since last: 3534145 ns, Reaching safepoint: 123380 ns, At safepoint: 22142 ns, Total: 145522 ns
[2020-09-11T15:41:10.817+0000][1][safepoint    ] Safepoint "RevokeBias", Time since last: 122207 ns, Reaching safepoint: 93506 ns, At safepoint: 14950 ns, Total: 108456 ns
[2020-09-11T15:41:10.817+0000][1][safepoint    ] Safepoint "RevokeBias", Time since last: 61941 ns, Reaching safepoint: 90669 ns, At safepoint: 13153 ns, Total: 103822 ns
[2020-09-11T15:41:10.818+0000][1][safepoint    ] Safepoint "RevokeBias", Time since last: 298662 ns, Reaching safepoint: 92550 ns, At safepoint: 37879 ns, Total: 130429 ns
[2020-09-11T15:41:10.818+0000][1][safepoint    ] Safepoint "RevokeBias", Time since last: 502065 ns, Reaching safepoint: 90507 ns, At safepoint: 28175 ns, Total: 118682 ns
[2020-09-11T15:41:10.885+0000][1][safepoint    ] Safepoint "RevokeBias", Time since last: 66019605 ns, Reaching safepoint: 189639 ns, At safepoint: 17000 ns, Total: 206639 ns
[2020-09-11T15:41:10.917+0000][1][safepoint    ] Safepoint "RevokeBias", Time since last: 28948393 ns, Reaching safepoint: 2791504 ns, At safepoint: 177916 ns, Total: 2969420 ns
[2020-09-11T15:41:10.918+0000][1][safepoint    ] Safepoint "RevokeBias", Time since last: 1101243 ns, Reaching safepoint: 396812 ns, At safepoint: 35639 ns, Total: 432451 ns
[2020-09-11T15:41:10.931+0000][1][safepoint    ] Safepoint "RevokeBias", Time since last: 12688575 ns, Reaching safepoint: 131554 ns, At safepoint: 31352 ns, Total: 162906 ns
[2020-09-11T15:41:10.938+0000][1][safepoint    ] Safepoint "RevokeBias", Time since last: 7018422 ns, Reaching safepoint: 241284 ns, At safepoint: 20626 ns, Total: 261910 ns
[2020-09-11T15:41:10.952+0000][1][safepoint    ] Safepoint "RevokeBias", Time since last: 10303996 ns, Reaching safepoint: 3308850 ns, At safepoint: 41442 ns, Total: 3350292 ns
[2020-09-11T15:41:10.954+0000][1][safepoint    ] Safepoint "RevokeBias", Time since last: 1621759 ns, Reaching safepoint: 132246 ns, At safepoint: 50755 ns, Total: 183001 ns
[2020-09-11T15:41:10.956+0000][1][safepoint    ] Safepoint "RevokeBias", Time since last: 1741940 ns, Reaching safepoint: 113023 ns, At safepoint: 14992 ns, Total: 128015 ns
[2020-09-11T15:41:10.957+0000][1][safepoint    ] Safepoint "RevokeBias", Time since last: 1371915 ns, Reaching safepoint: 103665 ns, At safepoint: 14132 ns, Total: 117797 ns
[2020-09-11T15:41:10.957+0000][1][safepoint    ] Safepoint "RevokeBias", Time since last: 182472 ns, Reaching safepoint: 89720 ns, At safepoint: 11297 ns, Total: 101017 ns
[2020-09-11T15:41:10.957+0000][1][safepoint    ] Safepoint "RevokeBias", Time since last: 79727 ns, Reaching safepoint: 87331 ns, At safepoint: 10844 ns, Total: 98175 ns
[2020-09-11T15:41:10.958+0000][1][safepoint    ] Safepoint "RevokeBias", Time since last: 129459 ns, Reaching safepoint: 87371 ns, At safepoint: 11825 ns, Total: 99196 ns
[2020-09-11T15:41:10.958+0000][1][safepoint    ] Safepoint "RevokeBias", Time since last: 74744 ns, Reaching safepoint: 87254 ns, At safepoint: 10406 ns, Total: 97660 ns
[2020-09-11T15:41:10.958+0000][1][safepoint    ] Safepoint "RevokeBias", Time since last: 135604 ns, Reaching safepoint: 90881 ns, At safepoint: 11179 ns, Total: 102060 ns
[2020-09-11T15:41:10.958+0000][1][safepoint    ] Safepoint "RevokeBias", Time since last: 76131 ns, Reaching safepoint: 87506 ns, At safepoint: 11493 ns, Total: 98999 ns
[2020-09-11T15:41:10.959+0000][1][safepoint    ] Safepoint "RevokeBias", Time since last: 126194 ns, Reaching safepoint: 86720 ns, At safepoint: 10909 ns, Total: 97629 ns
[2020-09-11T15:41:10.961+0000][1][safepoint    ] Safepoint "RevokeBias", Time since last: 2254553 ns, Reaching safepoint: 93368 ns, At safepoint: 12353 ns, Total: 105721 ns
[2020-09-11T15:41:10.961+0000][1][safepoint    ] Safepoint "RevokeBias", Time since last: 203356 ns, Reaching safepoint: 88440 ns, At safepoint: 10950 ns, Total: 99390 ns
[2020-09-11T15:41:10.961+0000][1][safepoint    ] Safepoint "RevokeBias", Time since last: 87661 ns, Reaching safepoint: 85672 ns, At safepoint: 10042 ns, Total: 95714 ns
[2020-09-11T15:41:10.962+0000][1][safepoint    ] Safepoint "RevokeBias", Time since last: 119592 ns, Reaching safepoint: 84561 ns, At safepoint: 10141 ns, Total: 94702 ns
[2020-09-11T15:41:10.964+0000][1][safepoint    ] Safepoint "RevokeBias", Time since last: 2087714 ns, Reaching safepoint: 105687 ns, At safepoint: 13582 ns, Total: 119269 ns
[2020-09-11T15:41:10.973+0000][1][safepoint    ] Safepoint "RevokeBias", Time since last: 8988058 ns, Reaching safepoint: 112598 ns, At safepoint: 15172 ns, Total: 127770 ns
[2020-09-11T15:41:10.977+0000][1][safepoint    ] Safepoint "RevokeBias", Time since last: 3763703 ns, Reaching safepoint: 130774 ns, At safepoint: 15043 ns, Total: 145817 ns
[2020-09-11T15:41:10.979+0000][1][safepoint    ] Safepoint "RevokeBias", Time since last: 2518843 ns, Reaching safepoint: 111696 ns, At safepoint: 15662 ns, Total: 127358 ns
[2020-09-11T15:41:10.983+0000][1][safepoint    ] Safepoint "RevokeBias", Time since last: 3006045 ns, Reaching safepoint: 105360 ns, At safepoint: 13788 ns, Total: 119148 ns
[2020-09-11T15:41:10.985+0000][1][safepoint    ] Safepoint "RevokeBias", Time since last: 1819479 ns, Reaching safepoint: 103176 ns, At safepoint: 13843 ns, Total: 117019 ns
[2020-09-11T15:41:10.989+0000][1][safepoint    ] Safepoint "RevokeBias", Time since last: 4309180 ns, Reaching safepoint: 378429 ns, At safepoint: 17938 ns, Total: 396367 ns
[2020-09-11T15:41:11.033+0000][1][safepoint    ] Safepoint "RevokeBias", Time since last: 40257016 ns, Reaching safepoint: 3181607 ns, At safepoint: 21160 ns, Total: 3202767 ns
[2020-09-11T15:41:11.037+0000][1][safepoint    ] Safepoint "RevokeBias", Time since last: 4091319 ns, Reaching safepoint: 110853 ns, At safepoint: 15731 ns, Total: 126584 ns
[2020-09-11T15:41:11.037+0000][1][safepoint    ] Safepoint "RevokeBias", Time since last: 280932 ns, Reaching safepoint: 97132 ns, At safepoint: 12386 ns, Total: 109518 ns
[2020-09-11T15:41:11.038+0000][1][safepoint    ] Safepoint "RevokeBias", Time since last: 122534 ns, Reaching safepoint: 91612 ns, At safepoint: 10838 ns, Total: 102450 ns
[2020-09-11T15:41:11.038+0000][1][safepoint    ] Safepoint "RevokeBias", Time since last: 151976 ns, Reaching safepoint: 90637 ns, At safepoint: 10238 ns, Total: 100875 ns
[2020-09-11T15:41:11.038+0000][1][safepoint    ] Safepoint "RevokeBias", Time since last: 87572 ns, Reaching safepoint: 85253 ns, At safepoint: 10095 ns, Total: 95348 ns
[2020-09-11T15:41:11.041+0000][1][safepoint    ] Safepoint "RevokeBias", Time since last: 151971 ns, Reaching safepoint: 2684793 ns, At safepoint: 15248 ns, Total: 2700041 ns
[2020-09-11T15:41:11.041+0000][1][safepoint    ] Safepoint "RevokeBias", Time since last: 103008 ns, Reaching safepoint: 86640 ns, At safepoint: 10100 ns, Total: 96740 ns
[2020-09-11T15:41:11.041+0000][1][safepoint    ] Safepoint "RevokeBias", Time since last: 170615 ns, Reaching safepoint: 85971 ns, At safepoint: 10703 ns, Total: 96674 ns
[2020-09-11T15:41:11.041+0000][1][safepoint    ] Safepoint "RevokeBias", Time since last: 71557 ns, Reaching safepoint: 85194 ns, At safepoint: 10178 ns, Total: 95372 ns
[2020-09-11T15:41:11.042+0000][1][safepoint    ] Safepoint "RevokeBias", Time since last: 119392 ns, Reaching safepoint: 85872 ns, At safepoint: 10148 ns, Total: 96020 ns
[2020-09-11T15:41:11.042+0000][1][safepoint    ] Safepoint "RevokeBias", Time since last: 72539 ns, Reaching safepoint: 108393 ns, At safepoint: 11452 ns, Total: 119845 ns
[2020-09-11T15:41:11.042+0000][1][safepoint    ] Safepoint "RevokeBias", Time since last: 118113 ns, Reaching safepoint: 85212 ns, At safepoint: 10849 ns, Total: 96061 ns
[2020-09-11T15:41:11.043+0000][1][safepoint    ] Safepoint "RevokeBias", Time since last: 548566 ns, Reaching safepoint: 89686 ns, At safepoint: 11673 ns, Total: 101359 ns
[2020-09-11T15:41:11.051+0000][1][safepoint    ] Safepoint "RevokeBias", Time since last: 7965202 ns, Reaching safepoint: 110213 ns, At safepoint: 15367 ns, Total: 125580 ns
[2020-09-11T15:41:11.051+0000][1][safepoint    ] Safepoint "RevokeBias", Time since last: 453095 ns, Reaching safepoint: 89570 ns, At safepoint: 12049 ns, Total: 101619 ns
[2020-09-11T15:41:11.052+0000][1][safepoint    ] Safepoint "RevokeBias", Time since last: 980260 ns, Reaching safepoint: 95493 ns, At safepoint: 11183 ns, Total: 106676 ns
[2020-09-11T15:41:11.061+0000][1][safepoint    ] Safepoint "RevokeBias", Time since last: 5063302 ns, Reaching safepoint: 3303819 ns, At safepoint: 21127 ns, Total: 3324946 ns
[2020-09-11T15:41:11.064+0000][1][safepoint    ] Safepoint "RevokeBias", Time since last: 3275578 ns, Reaching safepoint: 112236 ns, At safepoint: 15441 ns, Total: 127677 ns
[2020-09-11T15:41:11.165+0000][1][safepoint    ] Safepoint "RevokeBias", Time since last: 99348960 ns, Reaching safepoint: 1215149 ns, At safepoint: 19478 ns, Total: 1234627 ns
[2020-09-11T15:41:11.181+0000][1][safepoint    ] Safepoint "BulkRevokeBias", Time since last: 16240640 ns, Reaching safepoint: 117169 ns, At safepoint: 187491 ns, Total: 304660 ns
[2020-09-11T15:41:11.185+0000][1][safepoint    ] Safepoint "RevokeBias", Time since last: 3433886 ns, Reaching safepoint: 114238 ns, At safepoint: 16412 ns, Total: 130650 ns
[2020-09-11T15:41:11.186+0000][1][safepoint    ] Safepoint "BulkRevokeBias", Time since last: 583508 ns, Reaching safepoint: 89451 ns, At safepoint: 123756 ns, Total: 213207 ns
[2020-09-11T15:41:11.200+0000][1][safepoint    ] Safepoint "RevokeBias", Time since last: 13982258 ns, Reaching safepoint: 116472 ns, At safepoint: 16725 ns, Total: 133197 ns
[2020-09-11T15:41:11.209+0000][1][safepoint    ] Safepoint "RevokeBias", Time since last: 8613051 ns, Reaching safepoint: 114962 ns, At safepoint: 15469 ns, Total: 130431 ns
[2020-09-11T15:41:11.210+0000][1][safepoint    ] Safepoint "BulkRevokeBias", Time since last: 1569522 ns, Reaching safepoint: 107212 ns, At safepoint: 141206 ns, Total: 248418 ns
[2020-09-11T15:41:11.270+0000][1][safepoint    ] Safepoint "RevokeBias", Time since last: 58417649 ns, Reaching safepoint: 714846 ns, At safepoint: 16986 ns, Total: 731832 ns
[2020-09-11T15:41:11.420+0000][1][safepoint    ] Safepoint "RevokeBias", Time since last: 150569903 ns, Reaching safepoint: 133374 ns, At safepoint: 40747 ns, Total: 174121 ns
[2020-09-11T15:41:12.159+0000][1][safepoint    ] Safepoint "RevokeBias", Time since last: 738358888 ns, Reaching safepoint: 128689 ns, At safepoint: 20752 ns, Total: 149441 ns
[2020-09-11T15:41:12.159+0000][1][safepoint    ] Safepoint "RevokeBias", Time since last: 212713 ns, Reaching safepoint: 15629 ns, At safepoint: 8382 ns, Total: 24011 ns
[2020-09-11T15:41:12.159+0000][1][safepoint    ] Safepoint "RevokeBias", Time since last: 212856 ns, Reaching safepoint: 14610 ns, At safepoint: 8207 ns, Total: 22817 ns
[2020-09-11T15:41:12.160+0000][1][safepoint    ] Safepoint "RevokeBias", Time since last: 387175 ns, Reaching safepoint: 15432 ns, At safepoint: 8963 ns, Total: 24395 ns
[2020-09-11T15:41:12.164+0000][1][safepoint    ] Safepoint "RevokeBias", Time since last: 4750573 ns, Reaching safepoint: 40195 ns, At safepoint: 15250 ns, Total: 55445 ns
[2020-09-11T15:41:12.165+0000][1][safepoint    ] Safepoint "RevokeBias", Time since last: 696904 ns, Reaching safepoint: 89104 ns, At safepoint: 13623 ns, Total: 102727 ns
[2020-09-11T15:41:12.166+0000][1][safepoint    ] Safepoint "RevokeBias", Time since last: 214774 ns, Reaching safepoint: 84590 ns, At safepoint: 11667 ns, Total: 96257 ns
[2020-09-11T15:41:12.169+0000][1][safepoint    ] Safepoint "RevokeBias", Time since last: 3180637 ns, Reaching safepoint: 104909 ns, At safepoint: 15082 ns, Total: 119991 ns
[2020-09-11T15:41:12.169+0000][1][safepoint    ] Safepoint "RevokeBias", Time since last: 267087 ns, Reaching safepoint: 85916 ns, At safepoint: 11081 ns, Total: 96997 ns
[2020-09-11T15:41:12.169+0000][1][safepoint    ] Safepoint "RevokeBias", Time since last: 121206 ns, Reaching safepoint: 14552 ns, At safepoint: 8390 ns, Total: 22942 ns
[2020-09-11T15:41:12.170+0000][1][safepoint    ] Safepoint "RevokeBias", Time since last: 99262 ns, Reaching safepoint: 13782 ns, At safepoint: 8119 ns, Total: 21901 ns
[2020-09-11T15:41:12.170+0000][1][safepoint    ] Safepoint "RevokeBias", Time since last: 62276 ns, Reaching safepoint: 13664 ns, At safepoint: 7835 ns, Total: 21499 ns
[2020-09-11T15:41:12.170+0000][1][safepoint    ] Safepoint "RevokeBias", Time since last: 106366 ns, Reaching safepoint: 13962 ns, At safepoint: 8410 ns, Total: 22372 ns
[2020-09-11T15:41:12.170+0000][1][safepoint    ] Safepoint "RevokeBias", Time since last: 117451 ns, Reaching safepoint: 13807 ns, At safepoint: 8148 ns, Total: 21955 ns
[2020-09-11T15:41:12.170+0000][1][safepoint    ] Safepoint "RevokeBias", Time since last: 61098 ns, Reaching safepoint: 13589 ns, At safepoint: 8038 ns, Total: 21627 ns
[2020-09-11T15:41:12.170+0000][1][safepoint    ] Safepoint "RevokeBias", Time since last: 58012 ns, Reaching safepoint: 22915 ns, At safepoint: 8682 ns, Total: 31597 ns
[2020-09-11T15:41:12.170+0000][1][safepoint    ] Safepoint "RevokeBias", Time since last: 112876 ns, Reaching safepoint: 13807 ns, At safepoint: 8258 ns, Total: 22065 ns
[2020-09-11T15:41:12.170+0000][1][safepoint    ] Safepoint "RevokeBias", Time since last: 101279 ns, Reaching safepoint: 13635 ns, At safepoint: 7981 ns, Total: 21616 ns
[2020-09-11T15:41:12.181+0000][1][safepoint    ] Safepoint "RevokeBias", Time since last: 10627773 ns, Reaching safepoint: 56343 ns, At safepoint: 16809 ns, Total: 73152 ns
[2020-09-11T15:41:12.181+0000][1][safepoint    ] Safepoint "RevokeBias", Time since last: 275780 ns, Reaching safepoint: 16455 ns, At safepoint: 9389 ns, Total: 25844 ns
[2020-09-11T15:41:12.181+0000][1][safepoint    ] Safepoint "RevokeBias", Time since last: 66465 ns, Reaching safepoint: 15587 ns, At safepoint: 8761 ns, Total: 24348 ns
[2020-09-11T15:41:12.182+0000][1][safepoint    ] Safepoint "RevokeBias", Time since last: 109891 ns, Reaching safepoint: 15222 ns, At safepoint: 15925 ns, Total: 31147 ns
[2020-09-11T15:41:12.182+0000][1][safepoint    ] Safepoint "RevokeBias", Time since last: 58674 ns, Reaching safepoint: 14579 ns, At safepoint: 15822 ns, Total: 30401 ns
[2020-09-11T15:41:12.182+0000][1][safepoint    ] Safepoint "RevokeBias", Time since last: 102973 ns, Reaching safepoint: 15102 ns, At safepoint: 15221 ns, Total: 30323 ns
[2020-09-11T15:41:12.182+0000][1][safepoint    ] Safepoint "RevokeBias", Time since last: 56411 ns, Reaching safepoint: 14835 ns, At safepoint: 15203 ns, Total: 30038 ns
[2020-09-11T15:41:12.182+0000][1][safepoint    ] Safepoint "RevokeBias", Time since last: 99393 ns, Reaching safepoint: 14794 ns, At safepoint: 15260 ns, Total: 30054 ns
[2020-09-11T15:41:12.182+0000][1][safepoint    ] Safepoint "RevokeBias", Time since last: 58609 ns, Reaching safepoint: 15419 ns, At safepoint: 15216 ns, Total: 30635 ns
[2020-09-11T15:41:12.188+0000][1][safepoint    ] Safepoint "RevokeBias", Time since last: 5480870 ns, Reaching safepoint: 114141 ns, At safepoint: 25020 ns, Total: 139161 ns
[2020-09-11T15:41:12.197+0000][1][safepoint    ] Safepoint "RevokeBias", Time since last: 9239897 ns, Reaching safepoint: 126050 ns, At safepoint: 39356 ns, Total: 165406 ns
[2020-09-11T15:41:12.201+0000][1][safepoint    ] Safepoint "RevokeBias", Time since last: 3693269 ns, Reaching safepoint: 114223 ns, At safepoint: 18749 ns, Total: 132972 ns
[2020-09-11T15:41:12.215+0000][1][safepoint    ] Safepoint "RevokeBias", Time since last: 13666632 ns, Reaching safepoint: 116508 ns, At safepoint: 15541 ns, Total: 132049 ns
[2020-09-11T15:41:12.221+0000][1][safepoint    ] Safepoint "RevokeBias", Time since last: 6140837 ns, Reaching safepoint: 199370 ns, At safepoint: 29630 ns, Total: 229000 ns
[2020-09-11T15:41:12.237+0000][1][safepoint    ] Safepoint "RevokeBias", Time since last: 15349790 ns, Reaching safepoint: 115564 ns, At safepoint: 18597 ns, Total: 134161 ns
[2020-09-11T15:41:12.237+0000][1][safepoint    ] Safepoint "RevokeBias", Time since last: 694010 ns, Reaching safepoint: 91545 ns, At safepoint: 10853 ns, Total: 102398 ns
[2020-09-11T15:41:12.238+0000][1][safepoint    ] Safepoint "RevokeBias", Time since last: 285430 ns, Reaching safepoint: 17349 ns, At safepoint: 8824 ns, Total: 26173 ns
[2020-09-11T15:41:12.256+0000][1][safepoint    ] Safepoint "RevokeBias", Time since last: 17306010 ns, Reaching safepoint: 921222 ns, At safepoint: 15085 ns, Total: 936307 ns
[2020-09-11T15:41:12.397+0000][1][safepoint    ] Safepoint "RevokeBias", Time since last: 138195739 ns, Reaching safepoint: 2688220 ns, At safepoint: 56277 ns, Total: 2744497 ns
[2020-09-11T15:41:12.942+0000][1][gc,start     ] GC(66) Pause Young (Allocation Failure)
[2020-09-11T15:41:12.942+0000][1][gc,task      ] GC(66) Using 1 workers of 1 for evacuation
[2020-09-11T15:41:12.993+0000][1][gc,age       ] GC(66) Desired survivor size 4358144 bytes, new threshold 6 (max threshold 6)
[2020-09-11T15:41:12.993+0000][1][gc,age       ] GC(66) Age table with threshold 6 (max threshold 6)
[2020-09-11T15:41:12.993+0000][1][gc,age       ] GC(66) - age   1:     828504 bytes,     828504 total
[2020-09-11T15:41:12.993+0000][1][gc,age       ] GC(66) - age   2:    1719760 bytes,    2548264 total
[2020-09-11T15:41:12.993+0000][1][gc,heap      ] GC(66) ParNew: 74376K->5369K(76672K)
[2020-09-11T15:41:12.993+0000][1][gc,heap      ] GC(66) CMS: 59299K->95551K(2011968K)
[2020-09-11T15:41:12.993+0000][1][gc,metaspace ] GC(66) Metaspace: 73893K->73893K(1118208K)
[2020-09-11T15:41:12.993+0000][1][gc           ] GC(66) Pause Young (Allocation Failure) 130M->98M(2039M) 50.577ms
[2020-09-11T15:41:12.993+0000][1][gc,cpu       ] GC(66) User=0.03s Sys=0.00s Real=0.05s
[2020-09-11T15:41:13.005+0000][1][safepoint    ] Safepoint "GenCollectForAllocation", Time since last: 545271836 ns, Reaching safepoint: 142354 ns, At safepoint: 62501534 ns, Total: 62643888 ns
[2020-09-11T15:41:13.362+0000][1][safepoint    ] Safepoint "RevokeBias", Time since last: 340014192 ns, Reaching safepoint: 17333531 ns, At safepoint: 23881 ns, Total: 17357412 ns
[2020-09-11T15:41:13.372+0000][1][safepoint    ] Safepoint "RevokeBias", Time since last: 9360030 ns, Reaching safepoint: 132322 ns, At safepoint: 17118 ns, Total: 149440 ns
[2020-09-11T15:41:13.377+0000][1][safepoint    ] Safepoint "RevokeBias", Time since last: 5565640 ns, Reaching safepoint: 112593 ns, At safepoint: 16952 ns, Total: 129545 ns
[2020-09-11T15:41:13.761+0000][1][safepoint    ] Safepoint "RevokeBias", Time since last: 382924289 ns, Reaching safepoint: 931477 ns, At safepoint: 47164 ns, Total: 978641 ns
[2020-09-11T15:41:14.090+0000][1][safepoint    ] Safepoint "RevokeBias", Time since last: 328753737 ns, Reaching safepoint: 130806 ns, At safepoint: 14169 ns, Total: 144975 ns
[2020-09-11T15:41:14.093+0000][1][safepoint    ] Safepoint "BulkRevokeBias", Time since last: 2694249 ns, Reaching safepoint: 115130 ns, At safepoint: 139219 ns, Total: 254349 ns
[2020-09-11T15:41:14.117+0000][1][safepoint    ] Safepoint "RevokeBias", Time since last: 12791555 ns, Reaching safepoint: 11370027 ns, At safepoint: 30948 ns, Total: 11400975 ns
[2020-09-11T15:41:14.118+0000][1][safepoint    ] Safepoint "RevokeBias", Time since last: 651721 ns, Reaching safepoint: 90991 ns, At safepoint: 13187 ns, Total: 104178 ns
[2020-09-11T15:41:14.209+0000][1][safepoint    ] Safepoint "RevokeBias", Time since last: 86816138 ns, Reaching safepoint: 4480178 ns, At safepoint: 32335 ns, Total: 4512513 ns
[2020-09-11T15:41:14.318+0000][1][safepoint    ] Safepoint "RevokeBias", Time since last: 107999838 ns, Reaching safepoint: 194170 ns, At safepoint: 29455 ns, Total: 223625 ns
[2020-09-11T15:41:14.362+0000][1][safepoint    ] Safepoint "RevokeBias", Time since last: 43850506 ns, Reaching safepoint: 110142 ns, At safepoint: 23259 ns, Total: 133401 ns
[2020-09-11T15:41:14.489+0000][1][safepoint    ] Safepoint "RevokeBias", Time since last: 127203833 ns, Reaching safepoint: 458763 ns, At safepoint: 38601 ns, Total: 497364 ns
[2020-09-11T15:41:14.525+0000][1][safepoint    ] Safepoint "RevokeBias", Time since last: 31302987 ns, Reaching safepoint: 117165 ns, At safepoint: 4091381 ns, Total: 4208546 ns
[2020-09-11T15:41:14.630+0000][1][safepoint    ] Safepoint "RevokeBias", Time since last: 104683939 ns, Reaching safepoint: 117496 ns, At safepoint: 27991 ns, Total: 145487 ns
[2020-09-11T15:41:14.702+0000][1][safepoint    ] Safepoint "RevokeBias", Time since last: 72204790 ns, Reaching safepoint: 116479 ns, At safepoint: 29381 ns, Total: 145860 ns
[2020-09-11T15:41:14.849+0000][1][safepoint    ] Safepoint "RevokeBias", Time since last: 146785951 ns, Reaching safepoint: 187966 ns, At safepoint: 34686 ns, Total: 222652 ns
[2020-09-11T15:41:14.858+0000][1][safepoint    ] Safepoint "RevokeBias", Time since last: 2507309 ns, Reaching safepoint: 6220609 ns, At safepoint: 27194 ns, Total: 6247803 ns
[2020-09-11T15:41:14.952+0000][1][safepoint    ] Safepoint "BulkRevokeBias", Time since last: 94040070 ns, Reaching safepoint: 115466 ns, At safepoint: 116436 ns, Total: 231902 ns
[2020-09-11T15:41:15.098+0000][1][safepoint    ] Safepoint "RevokeBias", Time since last: 145973150 ns, Reaching safepoint: 139427 ns, At safepoint: 29448 ns, Total: 168875 ns
[2020-09-11T15:41:15.098+0000][1][safepoint    ] Safepoint "RevokeBias", Time since last: 73243 ns, Reaching safepoint: 89495 ns, At safepoint: 11492 ns, Total: 100987 ns
[2020-09-11T15:41:16.099+0000][1][safepoint    ] Safepoint "Cleanup", Time since last: 1000107629 ns, Reaching safepoint: 309162 ns, At safepoint: 22335 ns, Total: 331497 ns
[2020-09-11T15:41:16.199+0000][1][safepoint    ] Safepoint "RevokeBias", Time since last: 100357014 ns, Reaching safepoint: 48595 ns, At safepoint: 17703 ns, Total: 66298 ns
[2020-09-11T15:41:17.199+0000][1][safepoint    ] Safepoint "Cleanup", Time since last: 1000143301 ns, Reaching safepoint: 89097 ns, At safepoint: 7503 ns, Total: 96600 ns
[2020-09-11T15:41:18.060+0000][1][safepoint    ] Safepoint "RevokeBias", Time since last: 860780109 ns, Reaching safepoint: 127536 ns, At safepoint: 19996 ns, Total: 147532 ns
[2020-09-11T15:41:18.061+0000][1][safepoint    ] Safepoint "RevokeBias", Time since last: 401183 ns, Reaching safepoint: 94670 ns, At safepoint: 13940 ns, Total: 108610 ns
[2020-09-11T15:41:18.061+0000][1][safepoint    ] Safepoint "RevokeBias", Time since last: 213323 ns, Reaching safepoint: 92153 ns, At safepoint: 12711 ns, Total: 104864 ns
[2020-09-11T15:41:19.061+0000][1][safepoint    ] Safepoint "Cleanup", Time since last: 1000086353 ns, Reaching safepoint: 165516 ns, At safepoint: 7374 ns, Total: 172890 ns
[2020-09-11T15:41:19.549+0000][1][safepoint    ] Safepoint "RevokeBias", Time since last: 487321265 ns, Reaching safepoint: 219119 ns, At safepoint: 23983 ns, Total: 243102 ns
[2020-09-11T15:41:19.589+0000][1][safepoint    ] Safepoint "RevokeBias", Time since last: 39770086 ns, Reaching safepoint: 126439 ns, At safepoint: 20256 ns, Total: 146695 ns
[2020-09-11T15:41:19.589+0000][1][safepoint    ] Safepoint "RevokeBias", Time since last: 297827 ns, Reaching safepoint: 21125 ns, At safepoint: 11649 ns, Total: 32774 ns
[2020-09-11T15:41:19.589+0000][1][safepoint    ] Safepoint "RevokeBias", Time since last: 51538 ns, Reaching safepoint: 17825 ns, At safepoint: 13987 ns, Total: 31812 ns
[2020-09-11T15:41:19.590+0000][1][safepoint    ] Safepoint "RevokeBias", Time since last: 178277 ns, Reaching safepoint: 17696 ns, At safepoint: 10233 ns, Total: 27929 ns
[2020-09-11T15:41:19.590+0000][1][safepoint    ] Safepoint "RevokeBias", Time since last: 754434 ns, Reaching safepoint: 20684 ns, At safepoint: 11910 ns, Total: 32594 ns
[2020-09-11T15:41:19.592+0000][1][safepoint    ] Safepoint "RevokeBias", Time since last: 1098967 ns, Reaching safepoint: 94865 ns, At safepoint: 13631 ns, Total: 108496 ns
[2020-09-11T15:41:19.597+0000][1][gc,start     ] GC(67) Pause Young (Allocation Failure)
[2020-09-11T15:41:19.597+0000][1][gc,task      ] GC(67) Using 1 workers of 1 for evacuation
[2020-09-11T15:41:19.621+0000][1][gc,age       ] GC(67) Desired survivor size 4358144 bytes, new threshold 6 (max threshold 6)
[2020-09-11T15:41:19.621+0000][1][gc,age       ] GC(67) Age table with threshold 6 (max threshold 6)
[2020-09-11T15:41:19.621+0000][1][gc,age       ] GC(67) - age   1:    1234712 bytes,    1234712 total
[2020-09-11T15:41:19.621+0000][1][gc,age       ] GC(67) - age   2:     691184 bytes,    1925896 total
[2020-09-11T15:41:19.621+0000][1][gc,age       ] GC(67) - age   3:    1660192 bytes,    3586088 total
[2020-09-11T15:41:19.621+0000][1][gc,heap      ] GC(67) ParNew: 73529K->4550K(76672K)
[2020-09-11T15:41:19.621+0000][1][gc,heap      ] GC(67) CMS: 95551K->95551K(2011968K)
[2020-09-11T15:41:19.621+0000][1][gc,metaspace ] GC(67) Metaspace: 75294K->75294K(1118208K)
[2020-09-11T15:41:19.621+0000][1][gc           ] GC(67) Pause Young (Allocation Failure) 165M->97M(2039M) 24.304ms
[2020-09-11T15:41:19.621+0000][1][gc,cpu       ] GC(67) User=0.03s Sys=0.00s Real=0.03s
[2020-09-11T15:41:19.625+0000][1][safepoint    ] Safepoint "GenCollectForAllocation", Time since last: 5317584 ns, Reaching safepoint: 127179 ns, At safepoint: 27789305 ns, Total: 27916484 ns
[2020-09-11T15:41:19.626+0000][1][safepoint    ] Safepoint "RevokeBias", Time since last: 1013079 ns, Reaching safepoint: 43721 ns, At safepoint: 27339 ns, Total: 71060 ns
[2020-09-11T15:41:19.626+0000][1][safepoint    ] Safepoint "RevokeBias", Time since last: 38904 ns, Reaching safepoint: 21664 ns, At safepoint: 19109 ns, Total: 40773 ns
[2020-09-11T15:41:19.717+0000][1][safepoint    ] Safepoint "Deoptimize", Time since last: 90826517 ns, Reaching safepoint: 118349 ns, At safepoint: 415197 ns, Total: 533546 ns
[2020-09-11T15:41:19.844+0000][1][safepoint    ] Safepoint "RevokeBias", Time since last: 126466107 ns, Reaching safepoint: 181944 ns, At safepoint: 19835 ns, Total: 201779 ns
[2020-09-11T15:41:19.844+0000][1][safepoint    ] Safepoint "RevokeBias", Time since last: 65298 ns, Reaching safepoint: 151282 ns, At safepoint: 15688 ns, Total: 166970 ns
[2020-09-11T15:41:19.852+0000][1][safepoint    ] Safepoint "RevokeBias", Time since last: 8030519 ns, Reaching safepoint: 200222 ns, At safepoint: 47196 ns, Total: 247418 ns
[2020-09-11T15:41:19.853+0000][1][safepoint    ] Safepoint "RevokeBias", Time since last: 122337 ns, Reaching safepoint: 168008 ns, At safepoint: 15033 ns, Total: 183041 ns
[2020-09-11T15:41:19.853+0000][1][safepoint    ] Safepoint "RevokeBias", Time since last: 43195 ns, Reaching safepoint: 152978 ns, At safepoint: 13593 ns, Total: 166571 ns
[2020-09-11T15:41:19.853+0000][1][safepoint    ] Safepoint "RevokeBias", Time since last: 201346 ns, Reaching safepoint: 147099 ns, At safepoint: 13342 ns, Total: 160441 ns
[2020-09-11T15:41:19.878+0000][1][safepoint    ] Safepoint "RevokeBias", Time since last: 24504237 ns, Reaching safepoint: 164671 ns, At safepoint: 22376 ns, Total: 187047 ns
[2020-09-11T15:41:19.878+0000][1][safepoint    ] Safepoint "RevokeBias", Time since last: 113578 ns, Reaching safepoint: 146791 ns, At safepoint: 35903 ns, Total: 182694 ns
[2020-09-11T15:41:20.539+0000][1][safepoint    ] Safepoint "RevokeBias", Time since last: 660116497 ns, Reaching safepoint: 168601 ns, At safepoint: 19242 ns, Total: 187843 ns
[2020-09-11T15:41:20.539+0000][1][safepoint    ] Safepoint "BulkRevokeBias", Time since last: 77421 ns, Reaching safepoint: 144099 ns, At safepoint: 111540 ns, Total: 255639 ns
[2020-09-11T15:41:20.539+0000][1][safepoint    ] Safepoint "BulkRevokeBias", Time since last: 43683 ns, Reaching safepoint: 141066 ns, At safepoint: 79214 ns, Total: 220280 ns
[2020-09-11T15:41:20.540+0000][1][safepoint    ] Safepoint "RevokeBias", Time since last: 158361 ns, Reaching safepoint: 142294 ns, At safepoint: 12788 ns, Total: 155082 ns
[2020-09-11T15:41:20.545+0000][1][safepoint    ] Safepoint "RevokeBias", Time since last: 4916988 ns, Reaching safepoint: 158974 ns, At safepoint: 19240 ns, Total: 178214 ns
[2020-09-11T15:41:20.545+0000][1][safepoint    ] Safepoint "RevokeBias", Time since last: 59793 ns, Reaching safepoint: 66108 ns, At safepoint: 11914 ns, Total: 78022 ns
[2020-09-11T15:41:20.545+0000][1][safepoint    ] Safepoint "RevokeBias", Time since last: 61550 ns, Reaching safepoint: 139372 ns, At safepoint: 9240 ns, Total: 148612 ns
[2020-09-11T15:41:20.564+0000][1][safepoint    ] Safepoint "RevokeBias", Time since last: 18639553 ns, Reaching safepoint: 170056 ns, At safepoint: 17321 ns, Total: 187377 ns
[2020-09-11T15:41:20.574+0000][1][safepoint    ] Safepoint "RevokeBias", Time since last: 9758586 ns, Reaching safepoint: 114528 ns, At safepoint: 16549 ns, Total: 131077 ns
[2020-09-11T15:41:20.589+0000][1][safepoint    ] Safepoint "RevokeBias", Time since last: 14841032 ns, Reaching safepoint: 601356 ns, At safepoint: 18050 ns, Total: 619406 ns
[2020-09-11T15:41:20.593+0000][1][safepoint    ] Safepoint "RevokeBias", Time since last: 4124609 ns, Reaching safepoint: 112547 ns, At safepoint: 16327 ns, Total: 128874 ns
[2020-09-11T15:41:20.596+0000][1][safepoint    ] Safepoint "RevokeBias", Time since last: 2563408 ns, Reaching safepoint: 110876 ns, At safepoint: 15138 ns, Total: 126014 ns
[2020-09-11T15:41:20.605+0000][1][safepoint    ] Safepoint "RevokeBias", Time since last: 8885890 ns, Reaching safepoint: 118886 ns, At safepoint: 16414 ns, Total: 135300 ns
[2020-09-11T15:41:20.621+0000][1][safepoint    ] Safepoint "RevokeBias", Time since last: 15621373 ns, Reaching safepoint: 115571 ns, At safepoint: 14898 ns, Total: 130469 ns
[2020-09-11T15:41:20.629+0000][1][safepoint    ] Safepoint "RevokeBias", Time since last: 7757778 ns, Reaching safepoint: 202590 ns, At safepoint: 16962 ns, Total: 219552 ns
[2020-09-11T15:41:20.639+0000][1][safepoint    ] Safepoint "RevokeBias", Time since last: 10154328 ns, Reaching safepoint: 113710 ns, At safepoint: 17191 ns, Total: 130901 ns
[2020-09-11T15:41:20.702+0000][1][safepoint    ] Safepoint "RevokeBias", Time since last: 62585837 ns, Reaching safepoint: 168647 ns, At safepoint: 18292 ns, Total: 186939 ns
[2020-09-11T15:41:20.710+0000][1][safepoint    ] Safepoint "RevokeBias", Time since last: 7673477 ns, Reaching safepoint: 172602 ns, At safepoint: 17544 ns, Total: 190146 ns
[2020-09-11T15:41:20.710+0000][1][safepoint    ] Safepoint "RevokeBias", Time since last: 112225 ns, Reaching safepoint: 141943 ns, At safepoint: 11613 ns, Total: 153556 ns
[2020-09-11T15:41:20.730+0000][1][safepoint    ] Safepoint "RevokeBias", Time since last: 19283338 ns, Reaching safepoint: 121228 ns, At safepoint: 31522 ns, Total: 152750 ns
[2020-09-11T15:41:20.730+0000][1][safepoint    ] Safepoint "RevokeBias", Time since last: 784137 ns, Reaching safepoint: 95074 ns, At safepoint: 14675 ns, Total: 109749 ns
[2020-09-11T15:41:20.801+0000][1][safepoint    ] Safepoint "RevokeBias", Time since last: 70720406 ns, Reaching safepoint: 162659 ns, At safepoint: 19477 ns, Total: 182136 ns
[2020-09-11T15:41:21.137+0000][1][safepoint    ] Safepoint "RevokeBias", Time since last: 335465144 ns, Reaching safepoint: 140288 ns, At safepoint: 8959 ns, Total: 149247 ns
[2020-09-11T15:41:21.210+0000][1][safepoint    ] Safepoint "RevokeBias", Time since last: 72948458 ns, Reaching safepoint: 115282 ns, At safepoint: 9195 ns, Total: 124477 ns
[2020-09-11T15:41:21.210+0000][1][safepoint    ] Safepoint "RevokeBias", Time since last: 156856 ns, Reaching safepoint: 103531 ns, At safepoint: 6790 ns, Total: 110321 ns
[2020-09-11T15:41:21.336+0000][1][safepoint    ] Safepoint "RevokeBias", Time since last: 126004970 ns, Reaching safepoint: 134049 ns, At safepoint: 9356 ns, Total: 143405 ns
[2020-09-11T15:41:21.337+0000][1][safepoint    ] Safepoint "RevokeBias", Time since last: 306123 ns, Reaching safepoint: 68480 ns, At safepoint: 26944 ns, Total: 95424 ns
[2020-09-11T15:41:21.337+0000][1][safepoint    ] Safepoint "RevokeBias", Time since last: 44441 ns, Reaching safepoint: 89734 ns, At safepoint: 22545 ns, Total: 112279 ns
[2020-09-11T15:41:21.345+0000][1][safepoint    ] Safepoint "RevokeBias", Time since last: 7465262 ns, Reaching safepoint: 259513 ns, At safepoint: 40596 ns, Total: 300109 ns
[2020-09-11T15:41:21.346+0000][1][safepoint    ] Safepoint "RevokeBias", Time since last: 865043 ns, Reaching safepoint: 166706 ns, At safepoint: 15415 ns, Total: 182121 ns
[2020-09-11T15:41:21.346+0000][1][safepoint    ] Safepoint "RevokeBias", Time since last: 74504 ns, Reaching safepoint: 90259 ns, At safepoint: 11831 ns, Total: 102090 ns
[2020-09-11T15:41:21.356+0000][1][safepoint    ] Safepoint "RevokeBias", Time since last: 6502766 ns, Reaching safepoint: 3201970 ns, At safepoint: 18329 ns, Total: 3220299 ns
[2020-09-11T15:41:21.773+0000][1][safepoint    ] Safepoint "RevokeBias", Time since last: 417412889 ns, Reaching safepoint: 117365 ns, At safepoint: 15250 ns, Total: 132615 ns
[2020-09-11T15:41:21.850+0000][1][safepoint    ] Safepoint "RevokeBias", Time since last: 76811349 ns, Reaching safepoint: 112668 ns, At safepoint: 17380 ns, Total: 130048 ns
[2020-09-11T15:41:21.857+0000][1][safepoint    ] Safepoint "RevokeBias", Time since last: 6812729 ns, Reaching safepoint: 194691 ns, At safepoint: 16291 ns, Total: 210982 ns
[2020-09-11T15:41:21.857+0000][1][safepoint    ] Safepoint "RevokeBias", Time since last: 53004 ns, Reaching safepoint: 86623 ns, At safepoint: 10601 ns, Total: 97224 ns
[2020-09-11T15:41:22.077+0000][1][safepoint    ] Safepoint "Deoptimize", Time since last: 219481253 ns, Reaching safepoint: 55946 ns, At safepoint: 455283 ns, Total: 511229 ns
[2020-09-11T15:41:22.159+0000][1][safepoint    ] Safepoint "RevokeBias", Time since last: 81932979 ns, Reaching safepoint: 117047 ns, At safepoint: 19032 ns, Total: 136079 ns
[2020-09-11T15:41:22.160+0000][1][safepoint    ] Safepoint "RevokeBias", Time since last: 56685 ns, Reaching safepoint: 86066 ns, At safepoint: 9013 ns, Total: 95079 ns
[2020-09-11T15:41:22.231+0000][1][safepoint    ] Safepoint "RevokeBias", Time since last: 71493178 ns, Reaching safepoint: 49693 ns, At safepoint: 18322 ns, Total: 68015 ns
[2020-09-11T15:41:22.246+0000][1][safepoint    ] Safepoint "RevokeBias", Time since last: 14935566 ns, Reaching safepoint: 44555 ns, At safepoint: 14595 ns, Total: 59150 ns
[2020-09-11T15:41:22.391+0000][1][gc,start     ] GC(68) Pause Young (Allocation Failure)
[2020-09-11T15:41:22.391+0000][1][gc,task      ] GC(68) Using 1 workers of 1 for evacuation
[2020-09-11T15:41:22.418+0000][1][gc,age       ] GC(68) Desired survivor size 4358144 bytes, new threshold 4 (max threshold 6)
[2020-09-11T15:41:22.418+0000][1][gc,age       ] GC(68) Age table with threshold 4 (max threshold 6)
[2020-09-11T15:41:22.418+0000][1][gc,age       ] GC(68) - age   1:    1698712 bytes,    1698712 total
[2020-09-11T15:41:22.418+0000][1][gc,age       ] GC(68) - age   2:     965448 bytes,    2664160 total
[2020-09-11T15:41:22.418+0000][1][gc,age       ] GC(68) - age   3:     688080 bytes,    3352240 total
[2020-09-11T15:41:22.418+0000][1][gc,age       ] GC(68) - age   4:    1565832 bytes,    4918072 total
[2020-09-11T15:41:22.418+0000][1][gc,heap      ] GC(68) ParNew: 72710K->6390K(76672K)
[2020-09-11T15:41:22.418+0000][1][gc,heap      ] GC(68) CMS: 95551K->95551K(2011968K)
[2020-09-11T15:41:22.418+0000][1][gc,metaspace ] GC(68) Metaspace: 79900K->79900K(1122304K)
[2020-09-11T15:41:22.418+0000][1][gc           ] GC(68) Pause Young (Allocation Failure) 164M->99M(2039M) 26.651ms
[2020-09-11T15:41:22.418+0000][1][gc,cpu       ] GC(68) User=0.03s Sys=0.00s Real=0.03s
[2020-09-11T15:41:22.418+0000][1][safepoint    ] Safepoint "GenCollectForAllocation", Time since last: 144687558 ns, Reaching safepoint: 173548 ns, At safepoint: 26714703 ns, Total: 26888251 ns
[2020-09-11T15:41:22.482+0000][1][safepoint    ] Safepoint "RevokeBias", Time since last: 64255621 ns, Reaching safepoint: 45419 ns, At safepoint: 25292 ns, Total: 70711 ns
[2020-09-11T15:41:22.685+0000][1][safepoint    ] Safepoint "RevokeBias", Time since last: 202775627 ns, Reaching safepoint: 140493 ns, At safepoint: 27597 ns, Total: 168090 ns
[2020-09-11T15:41:22.795+0000][1][safepoint    ] Safepoint "RevokeBias", Time since last: 109518524 ns, Reaching safepoint: 85051 ns, At safepoint: 37137 ns, Total: 122188 ns
[2020-09-11T15:41:22.819+0000][1][safepoint    ] Safepoint "RevokeBias", Time since last: 24551879 ns, Reaching safepoint: 128709 ns, At safepoint: 9188 ns, Total: 137897 ns
[2020-09-11T15:41:23.070+0000][1][safepoint    ] Safepoint "RevokeBias", Time since last: 250333351 ns, Reaching safepoint: 295133 ns, At safepoint: 40536 ns, Total: 335669 ns
[2020-09-11T15:41:23.079+0000][1][safepoint    ] Safepoint "RevokeBias", Time since last: 8844673 ns, Reaching safepoint: 161473 ns, At safepoint: 29506 ns, Total: 190979 ns
[2020-09-11T15:41:23.546+0000][1][safepoint    ] Safepoint "RevokeBias", Time since last: 466470472 ns, Reaching safepoint: 58331 ns, At safepoint: 17384 ns, Total: 75715 ns
[2020-09-11T15:41:23.559+0000][1][safepoint    ] Safepoint "RevokeBias", Time since last: 13696412 ns, Reaching safepoint: 52228 ns, At safepoint: 16879 ns, Total: 69107 ns
[2020-09-11T15:41:23.565+0000][1][safepoint    ] Safepoint "RevokeBias", Time since last: 3129331 ns, Reaching safepoint: 2415911 ns, At safepoint: 30114 ns, Total: 2446025 ns
[2020-09-11T15:41:23.565+0000][1][safepoint    ] Safepoint "RevokeBias", Time since last: 121848 ns, Reaching safepoint: 93284 ns, At safepoint: 10594 ns, Total: 103878 ns
[2020-09-11T15:41:23.566+0000][1][safepoint    ] Safepoint "RevokeBias", Time since last: 453383 ns, Reaching safepoint: 91247 ns, At safepoint: 10531 ns, Total: 101778 ns
[2020-09-11T15:41:23.721+0000][1][safepoint    ] Safepoint "RevokeBias", Time since last: 155178467 ns, Reaching safepoint: 131234 ns, At safepoint: 15987 ns, Total: 147221 ns
[2020-09-11T15:41:23.803+0000][1][safepoint    ] Safepoint "RevokeBias", Time since last: 81879147 ns, Reaching safepoint: 121078 ns, At safepoint: 17045 ns, Total: 138123 ns
[2020-09-11T15:41:23.804+0000][1][safepoint    ] Safepoint "RevokeBias", Time since last: 875904 ns, Reaching safepoint: 98208 ns, At safepoint: 6785 ns, Total: 104993 ns
[2020-09-11T15:41:23.825+0000][1][safepoint    ] Safepoint "RevokeBias", Time since last: 20462994 ns, Reaching safepoint: 58393 ns, At safepoint: 38510 ns, Total: 96903 ns
[2020-09-11T15:41:23.825+0000][1][safepoint    ] Safepoint "RevokeBias", Time since last: 260643 ns, Reaching safepoint: 21447 ns, At safepoint: 22745 ns, Total: 44192 ns
[2020-09-11T15:41:23.825+0000][1][safepoint    ] Safepoint "RevokeBias", Time since last: 51337 ns, Reaching safepoint: 18454 ns, At safepoint: 18946 ns, Total: 37400 ns
[2020-09-11T15:41:23.825+0000][1][safepoint    ] Safepoint "RevokeBias", Time since last: 56937 ns, Reaching safepoint: 18075 ns, At safepoint: 18621 ns, Total: 36696 ns
[2020-09-11T15:41:23.965+0000][1][safepoint    ] Safepoint "RevokeBias", Time since last: 140375078 ns, Reaching safepoint: 57610 ns, At safepoint: 15789 ns, Total: 73399 ns
[2020-09-11T15:41:23.966+0000][1][safepoint    ] Safepoint "RevokeBias", Time since last: 176059 ns, Reaching safepoint: 21060 ns, At safepoint: 12239 ns, Total: 33299 ns
[2020-09-11T15:41:24.078+0000][1][safepoint    ] Safepoint "RevokeBias", Time since last: 111846106 ns, Reaching safepoint: 51858 ns, At safepoint: 18296 ns, Total: 70154 ns
[2020-09-11T15:41:24.285+0000][1][safepoint    ] Safepoint "RevokeBias", Time since last: 207262641 ns, Reaching safepoint: 55504 ns, At safepoint: 41287 ns, Total: 96791 ns
[2020-09-11T15:41:24.376+0000][1][safepoint    ] Safepoint "RevokeBias", Time since last: 90401844 ns, Reaching safepoint: 887907 ns, At safepoint: 38280 ns, Total: 926187 ns
[2020-09-11T15:41:24.388+0000][1][safepoint    ] Safepoint "RevokeBias", Time since last: 5794533 ns, Reaching safepoint: 5736476 ns, At safepoint: 43859 ns, Total: 5780335 ns
[2020-09-11T15:41:24.603+0000][1][safepoint    ] Safepoint "RevokeBias", Time since last: 215019291 ns, Reaching safepoint: 56600 ns, At safepoint: 8471 ns, Total: 65071 ns
[2020-09-11T15:41:24.631+0000][1][safepoint    ] Safepoint "RevokeBias", Time since last: 19275921 ns, Reaching safepoint: 8688352 ns, At safepoint: 17568 ns, Total: 8705920 ns
[2020-09-11T15:41:24.852+0000][1][safepoint    ] Safepoint "RevokeBias", Time since last: 221436511 ns, Reaching safepoint: 47656 ns, At safepoint: 18058 ns, Total: 65714 ns
[2020-09-11T15:41:25.017+0000][1][safepoint    ] Safepoint "RevokeBias", Time since last: 164736155 ns, Reaching safepoint: 128015 ns, At safepoint: 10315 ns, Total: 138330 ns
[2020-09-11T15:41:25.018+0000][1][safepoint    ] Safepoint "RevokeBias", Time since last: 103874 ns, Reaching safepoint: 90840 ns, At safepoint: 5588 ns, Total: 96428 ns
[2020-09-11T15:41:25.024+0000][1][safepoint    ] Safepoint "RevokeBias", Time since last: 1741371 ns, Reaching safepoint: 4983562 ns, At safepoint: 12759 ns, Total: 4996321 ns
[2020-09-11T15:41:25.032+0000][1][safepoint    ] Safepoint "RevokeBias", Time since last: 215152 ns, Reaching safepoint: 7111748 ns, At safepoint: 14766 ns, Total: 7126514 ns
[2020-09-11T15:41:25.036+0000][1][safepoint    ] Safepoint "RevokeBias", Time since last: 3902099 ns, Reaching safepoint: 118957 ns, At safepoint: 8268 ns, Total: 127225 ns
[2020-09-11T15:41:25.053+0000][1][safepoint    ] Safepoint "RevokeBias", Time since last: 16619831 ns, Reaching safepoint: 576151 ns, At safepoint: 12059 ns, Total: 588210 ns
[2020-09-11T15:41:25.053+0000][1][safepoint    ] Safepoint "RevokeBias", Time since last: 128125 ns, Reaching safepoint: 94346 ns, At safepoint: 7309 ns, Total: 101655 ns
[2020-09-11T15:41:25.053+0000][1][safepoint    ] Safepoint "RevokeBias", Time since last: 36716 ns, Reaching safepoint: 93287 ns, At safepoint: 7162 ns, Total: 100449 ns
[2020-09-11T15:41:25.055+0000][1][safepoint    ] Safepoint "RevokeBias", Time since last: 344678 ns, Reaching safepoint: 1230127 ns, At safepoint: 8430 ns, Total: 1238557 ns
[2020-09-11T15:41:25.061+0000][1][safepoint    ] Safepoint "RevokeBias", Time since last: 721081 ns, Reaching safepoint: 5114561 ns, At safepoint: 12722 ns, Total: 5127283 ns
[2020-09-11T15:41:25.077+0000][1][safepoint    ] Safepoint "RevokeBias", Time since last: 1310381 ns, Reaching safepoint: 15045530 ns, At safepoint: 12920 ns, Total: 15058450 ns
[2020-09-11T15:41:25.077+0000][1][safepoint    ] Safepoint "RevokeBias", Time since last: 155260 ns, Reaching safepoint: 94180 ns, At safepoint: 20581 ns, Total: 114761 ns
[2020-09-11T15:41:25.078+0000][1][safepoint    ] Safepoint "RevokeBias", Time since last: 444116 ns, Reaching safepoint: 93562 ns, At safepoint: 7072 ns, Total: 100634 ns
[2020-09-11T15:41:25.078+0000][1][safepoint    ] Safepoint "RevokeBias", Time since last: 85602 ns, Reaching safepoint: 91861 ns, At safepoint: 6264 ns, Total: 98125 ns
[2020-09-11T15:41:25.078+0000][1][safepoint    ] Safepoint "RevokeBias", Time since last: 45173 ns, Reaching safepoint: 91372 ns, At safepoint: 6193 ns, Total: 97565 ns
[2020-09-11T15:41:25.081+0000][1][safepoint    ] Safepoint "RevokeBias", Time since last: 78362 ns, Reaching safepoint: 2600532 ns, At safepoint: 13270 ns, Total: 2613802 ns
[2020-09-11T15:41:25.081+0000][1][safepoint    ] Safepoint "RevokeBias", Time since last: 62314 ns, Reaching safepoint: 94190 ns, At safepoint: 6597 ns, Total: 100787 ns
[2020-09-11T15:41:25.082+0000][1][safepoint    ] Safepoint "RevokeBias", Time since last: 769276 ns, Reaching safepoint: 93466 ns, At safepoint: 6785 ns, Total: 100251 ns
[2020-09-11T15:41:25.084+0000][1][safepoint    ] Safepoint "RevokeBias", Time since last: 569442 ns, Reaching safepoint: 1531355 ns, At safepoint: 9799 ns, Total: 1541154 ns
[2020-09-11T15:41:25.356+0000][1][safepoint    ] Safepoint "RevokeBias", Time since last: 271611938 ns, Reaching safepoint: 77351 ns, At safepoint: 9602 ns, Total: 86953 ns
[2020-09-11T15:41:25.417+0000][1][safepoint    ] Safepoint "RevokeBias", Time since last: 61206828 ns, Reaching safepoint: 53609 ns, At safepoint: 10083 ns, Total: 63692 ns
[2020-09-11T15:41:25.431+0000][1][safepoint    ] Safepoint "RevokeBias", Time since last: 13987128 ns, Reaching safepoint: 140290 ns, At safepoint: 10184 ns, Total: 150474 ns
[2020-09-11T15:41:25.440+0000][1][safepoint    ] Safepoint "RevokeBias", Time since last: 100034 ns, Reaching safepoint: 8542318 ns, At safepoint: 31140 ns, Total: 8573458 ns
[2020-09-11T15:41:25.441+0000][1][safepoint    ] Safepoint "RevokeBias", Time since last: 152041 ns, Reaching safepoint: 998701 ns, At safepoint: 21365 ns, Total: 1020066 ns
[2020-09-11T15:41:25.442+0000][1][safepoint    ] Safepoint "RevokeBias", Time since last: 246361 ns, Reaching safepoint: 1235648 ns, At safepoint: 11681 ns, Total: 1247329 ns
[2020-09-11T15:41:25.444+0000][1][safepoint    ] Safepoint "RevokeBias", Time since last: 994369 ns, Reaching safepoint: 423337 ns, At safepoint: 10660 ns, Total: 433997 ns
[2020-09-11T15:41:25.448+0000][1][safepoint    ] Safepoint "RevokeBias", Time since last: 2481259 ns, Reaching safepoint: 1314425 ns, At safepoint: 15265 ns, Total: 1329690 ns
[2020-09-11T15:41:25.454+0000][1][safepoint    ] Safepoint "RevokeBias", Time since last: 716603 ns, Reaching safepoint: 164324 ns, At safepoint: 5704007 ns, Total: 5868331 ns
[2020-09-11T15:41:25.455+0000][1][safepoint    ] Safepoint "RevokeBias", Time since last: 90305 ns, Reaching safepoint: 617639 ns, At safepoint: 20091 ns, Total: 637730 ns
[2020-09-11T15:41:25.456+0000][1][safepoint    ] Safepoint "RevokeBias", Time since last: 140278 ns, Reaching safepoint: 415126 ns, At safepoint: 16976 ns, Total: 432102 ns
[2020-09-11T15:41:25.456+0000][1][safepoint    ] Safepoint "RevokeBias", Time since last: 65860 ns, Reaching safepoint: 221580 ns, At safepoint: 15972 ns, Total: 237552 ns
[2020-09-11T15:41:25.456+0000][1][safepoint    ] Safepoint "RevokeBias", Time since last: 71620 ns, Reaching safepoint: 231296 ns, At safepoint: 15506 ns, Total: 246802 ns
[2020-09-11T15:41:25.461+0000][1][safepoint    ] Safepoint "RevokeBias", Time since last: 1411274 ns, Reaching safepoint: 3244867 ns, At safepoint: 43290 ns, Total: 3288157 ns
[2020-09-11T15:41:25.465+0000][1][safepoint    ] Safepoint "RevokeBias", Time since last: 565815 ns, Reaching safepoint: 3430940 ns, At safepoint: 502252 ns, Total: 3933192 ns
[2020-09-11T15:41:25.469+0000][1][safepoint    ] Safepoint "RevokeBias", Time since last: 41723 ns, Reaching safepoint: 3392661 ns, At safepoint: 29140 ns, Total: 3421801 ns
[2020-09-11T15:41:25.479+0000][1][safepoint    ] Safepoint "RevokeBias", Time since last: 8567961 ns, Reaching safepoint: 2055597 ns, At safepoint: 32217 ns, Total: 2087814 ns
[2020-09-11T15:41:25.538+0000][1][safepoint    ] Safepoint "RevokeBias", Time since last: 58799997 ns, Reaching safepoint: 126746 ns, At safepoint: 25184 ns, Total: 151930 ns
[2020-09-11T15:41:25.540+0000][1][safepoint    ] Safepoint "RevokeBias", Time since last: 1251374 ns, Reaching safepoint: 101061 ns, At safepoint: 18912 ns, Total: 119973 ns
[2020-09-11T15:41:25.540+0000][1][safepoint    ] Safepoint "RevokeBias", Time since last: 285286 ns, Reaching safepoint: 90405 ns, At safepoint: 12095 ns, Total: 102500 ns
[2020-09-11T15:41:25.546+0000][1][safepoint    ] Safepoint "RevokeBias", Time since last: 6015861 ns, Reaching safepoint: 234207 ns, At safepoint: 21445 ns, Total: 255652 ns
[2020-09-11T15:41:25.547+0000][1][safepoint    ] Safepoint "RevokeBias", Time since last: 312862 ns, Reaching safepoint: 92042 ns, At safepoint: 14147 ns, Total: 106189 ns
[2020-09-11T15:41:25.547+0000][1][safepoint    ] Safepoint "RevokeBias", Time since last: 396872 ns, Reaching safepoint: 90546 ns, At safepoint: 12943 ns, Total: 103489 ns
[2020-09-11T15:41:25.556+0000][1][safepoint    ] Safepoint "RevokeBias", Time since last: 6705390 ns, Reaching safepoint: 1764412 ns, At safepoint: 30890 ns, Total: 1795302 ns
[2020-09-11T15:41:25.559+0000][1][safepoint    ] Safepoint "BulkRevokeBias", Time since last: 812520 ns, Reaching safepoint: 2057554 ns, At safepoint: 159441 ns, Total: 2216995 ns
[2020-09-11T15:41:25.627+0000][1][safepoint    ] Safepoint "RevokeBias", Time since last: 67683923 ns, Reaching safepoint: 129016 ns, At safepoint: 21408 ns, Total: 150424 ns
[2020-09-11T15:41:25.639+0000][1][safepoint    ] Safepoint "RevokeBias", Time since last: 10104717 ns, Reaching safepoint: 2043922 ns, At safepoint: 25656 ns, Total: 2069578 ns
[2020-09-11T15:41:25.709+0000][1][safepoint    ] Safepoint "RevokeBias", Time since last: 66933186 ns, Reaching safepoint: 2973442 ns, At safepoint: 24606 ns, Total: 2998048 ns
[2020-09-11T15:41:25.790+0000][1][safepoint    ] Safepoint "BulkRevokeBias", Time since last: 80605434 ns, Reaching safepoint: 192791 ns, At safepoint: 108793 ns, Total: 301584 ns
[2020-09-11T15:41:25.790+0000][1][safepoint    ] Safepoint "BulkRevokeBias", Time since last: 308510 ns, Reaching safepoint: 88527 ns, At safepoint: 68899 ns, Total: 157426 ns
[2020-09-11T15:41:25.800+0000][1][safepoint    ] Safepoint "RevokeBias", Time since last: 8431828 ns, Reaching safepoint: 1206880 ns, At safepoint: 10381 ns, Total: 1217261 ns
[2020-09-11T15:41:25.803+0000][1][safepoint    ] Safepoint "RevokeBias", Time since last: 1563860 ns, Reaching safepoint: 1397031 ns, At safepoint: 14402 ns, Total: 1411433 ns
[2020-09-11T15:41:25.803+0000][1][safepoint    ] Safepoint "RevokeBias", Time since last: 204535 ns, Reaching safepoint: 86959 ns, At safepoint: 14652 ns, Total: 101611 ns
[2020-09-11T15:41:25.810+0000][1][safepoint    ] Safepoint "RevokeBias", Time since last: 6394756 ns, Reaching safepoint: 521787 ns, At safepoint: 9336 ns, Total: 531123 ns
[2020-09-11T15:41:25.821+0000][1][safepoint    ] Safepoint "RevokeBias", Time since last: 10711372 ns, Reaching safepoint: 117340 ns, At safepoint: 45080 ns, Total: 162420 ns
[2020-09-11T15:41:25.821+0000][1][safepoint    ] Safepoint "RevokeBias", Time since last: 121094 ns, Reaching safepoint: 88636 ns, At safepoint: 26445 ns, Total: 115081 ns
[2020-09-11T15:41:25.828+0000][1][safepoint    ] Safepoint "RevokeBias", Time since last: 6901444 ns, Reaching safepoint: 125880 ns, At safepoint: 16749 ns, Total: 142629 ns
[2020-09-11T15:41:25.829+0000][1][safepoint    ] Safepoint "RevokeBias", Time since last: 52315 ns, Reaching safepoint: 500140 ns, At safepoint: 13154 ns, Total: 513294 ns
[2020-09-11T15:41:25.830+0000][1][safepoint    ] Safepoint "RevokeBias", Time since last: 50313 ns, Reaching safepoint: 851309 ns, At safepoint: 13599 ns, Total: 864908 ns
[2020-09-11T15:41:25.831+0000][1][safepoint    ] Safepoint "RevokeBias", Time since last: 37342 ns, Reaching safepoint: 949331 ns, At safepoint: 16060 ns, Total: 965391 ns
[2020-09-11T15:41:25.831+0000][1][safepoint    ] Safepoint "RevokeBias", Time since last: 53186 ns, Reaching safepoint: 92171 ns, At safepoint: 11625 ns, Total: 103796 ns
[2020-09-11T15:41:25.831+0000][1][safepoint    ] Safepoint "RevokeBias", Time since last: 31492 ns, Reaching safepoint: 90118 ns, At safepoint: 11092 ns, Total: 101210 ns
[2020-09-11T15:41:25.831+0000][1][safepoint    ] Safepoint "RevokeBias", Time since last: 236774 ns, Reaching safepoint: 88406 ns, At safepoint: 15851 ns, Total: 104257 ns
[2020-09-11T15:41:25.833+0000][1][safepoint    ] Safepoint "RevokeBias", Time since last: 55442 ns, Reaching safepoint: 1386315 ns, At safepoint: 16860 ns, Total: 1403175 ns
[2020-09-11T15:41:25.833+0000][1][safepoint    ] Safepoint "RevokeBias", Time since last: 55893 ns, Reaching safepoint: 88489 ns, At safepoint: 11618 ns, Total: 100107 ns
[2020-09-11T15:41:25.836+0000][1][safepoint    ] Safepoint "RevokeBias", Time since last: 383961 ns, Reaching safepoint: 2549818 ns, At safepoint: 25430 ns, Total: 2575248 ns
[2020-09-11T15:41:25.836+0000][1][safepoint    ] Safepoint "RevokeBias", Time since last: 65025 ns, Reaching safepoint: 93293 ns, At safepoint: 11540 ns, Total: 104833 ns
[2020-09-11T15:41:25.836+0000][1][safepoint    ] Safepoint "RevokeBias", Time since last: 32743 ns, Reaching safepoint: 88451 ns, At safepoint: 10858 ns, Total: 99309 ns
[2020-09-11T15:41:25.836+0000][1][safepoint    ] Safepoint "RevokeBias", Time since last: 36752 ns, Reaching safepoint: 88571 ns, At safepoint: 11096 ns, Total: 99667 ns
[2020-09-11T15:41:25.836+0000][1][safepoint    ] Safepoint "RevokeBias", Time since last: 28230 ns, Reaching safepoint: 88685 ns, At safepoint: 10970 ns, Total: 99655 ns
[2020-09-11T15:41:25.837+0000][1][safepoint    ] Safepoint "RevokeBias", Time since last: 69646 ns, Reaching safepoint: 87495 ns, At safepoint: 10778 ns, Total: 98273 ns
[2020-09-11T15:41:25.837+0000][1][safepoint    ] Safepoint "RevokeBias", Time since last: 52402 ns, Reaching safepoint: 81777 ns, At safepoint: 18606 ns, Total: 100383 ns
[2020-09-11T15:41:25.837+0000][1][safepoint    ] Safepoint "RevokeBias", Time since last: 38094 ns, Reaching safepoint: 86112 ns, At safepoint: 17986 ns, Total: 104098 ns
[2020-09-11T15:41:25.841+0000][1][safepoint    ] Safepoint "RevokeBias", Time since last: 324042 ns, Reaching safepoint: 3569126 ns, At safepoint: 48045 ns, Total: 3617171 ns
[2020-09-11T15:41:25.841+0000][1][safepoint    ] Safepoint "RevokeBias", Time since last: 130586 ns, Reaching safepoint: 92845 ns, At safepoint: 18683 ns, Total: 111528 ns
[2020-09-11T15:41:25.841+0000][1][safepoint    ] Safepoint "RevokeBias", Time since last: 40247 ns, Reaching safepoint: 88723 ns, At safepoint: 18450 ns, Total: 107173 ns
[2020-09-11T15:41:25.841+0000][1][safepoint    ] Safepoint "RevokeBias", Time since last: 48448 ns, Reaching safepoint: 89141 ns, At safepoint: 18241 ns, Total: 107382 ns
[2020-09-11T15:41:25.842+0000][1][safepoint    ] Safepoint "RevokeBias", Time since last: 119704 ns, Reaching safepoint: 88556 ns, At safepoint: 18766 ns, Total: 107322 ns
[2020-09-11T15:41:25.842+0000][1][safepoint    ] Safepoint "RevokeBias", Time since last: 49786 ns, Reaching safepoint: 85956 ns, At safepoint: 18383 ns, Total: 104339 ns
[2020-09-11T15:41:25.845+0000][1][safepoint    ] Safepoint "RevokeBias", Time since last: 900841 ns, Reaching safepoint: 2088258 ns, At safepoint: 25859 ns, Total: 2114117 ns
[2020-09-11T15:41:25.846+0000][1][safepoint    ] Safepoint "RevokeBias", Time since last: 1056083 ns, Reaching safepoint: 101814 ns, At safepoint: 302305 ns, Total: 404119 ns
[2020-09-11T15:41:25.847+0000][1][safepoint    ] Safepoint "RevokeBias", Time since last: 47984 ns, Reaching safepoint: 782052 ns, At safepoint: 34547 ns, Total: 816599 ns
[2020-09-11T15:41:25.855+0000][1][safepoint    ] Safepoint "RevokeBias", Time since last: 7376639 ns, Reaching safepoint: 732764 ns, At safepoint: 11541 ns, Total: 744305 ns
[2020-09-11T15:41:25.855+0000][1][safepoint    ] Safepoint "RevokeBias", Time since last: 93421 ns, Reaching safepoint: 90282 ns, At safepoint: 6770 ns, Total: 97052 ns
[2020-09-11T15:41:25.856+0000][1][safepoint    ] Safepoint "RevokeBias", Time since last: 42042 ns, Reaching safepoint: 98108 ns, At safepoint: 6506 ns, Total: 104614 ns
[2020-09-11T15:41:25.858+0000][1][safepoint    ] Safepoint "RevokeBias", Time since last: 573380 ns, Reaching safepoint: 2227168 ns, At safepoint: 20967 ns, Total: 2248135 ns
[2020-09-11T15:41:25.938+0000][1][safepoint    ] Safepoint "RevokeBias", Time since last: 62336127 ns, Reaching safepoint: 17119554 ns, At safepoint: 14005 ns, Total: 17133559 ns
[2020-09-11T15:41:25.938+0000][1][safepoint    ] Safepoint "RevokeBias", Time since last: 111292 ns, Reaching safepoint: 86203 ns, At safepoint: 5708 ns, Total: 91911 ns
[2020-09-11T15:41:25.954+0000][1][safepoint    ] Safepoint "RevokeBias", Time since last: 15633555 ns, Reaching safepoint: 318149 ns, At safepoint: 35375 ns, Total: 353524 ns
[2020-09-11T15:41:26.005+0000][1][safepoint    ] Safepoint "RevokeBias", Time since last: 50674502 ns, Reaching safepoint: 117534 ns, At safepoint: 8284 ns, Total: 125818 ns
[2020-09-11T15:41:26.009+0000][1][safepoint    ] Safepoint "RevokeBias", Time since last: 3884394 ns, Reaching safepoint: 115691 ns, At safepoint: 8835 ns, Total: 124526 ns
[2020-09-11T15:41:26.041+0000][1][safepoint    ] Safepoint "RevokeBias", Time since last: 32154034 ns, Reaching safepoint: 113047 ns, At safepoint: 8580 ns, Total: 121627 ns
[2020-09-11T15:41:26.085+0000][1][safepoint    ] Safepoint "RevokeBias", Time since last: 43457783 ns, Reaching safepoint: 345183 ns, At safepoint: 9806 ns, Total: 354989 ns
[2020-09-11T15:41:26.088+0000][1][safepoint    ] Safepoint "RevokeBias", Time since last: 3218226 ns, Reaching safepoint: 88701 ns, At safepoint: 7051 ns, Total: 95752 ns
[2020-09-11T15:41:26.088+0000][1][safepoint    ] Safepoint "RevokeBias", Time since last: 64529 ns, Reaching safepoint: 80331 ns, At safepoint: 5335 ns, Total: 85666 ns
[2020-09-11T15:41:26.098+0000][1][safepoint    ] Safepoint "RevokeBias", Time since last: 8980526 ns, Reaching safepoint: 93991 ns, At safepoint: 16718 ns, Total: 110709 ns
[2020-09-11T15:41:26.123+0000][1][safepoint    ] Safepoint "RevokeBias", Time since last: 25621844 ns, Reaching safepoint: 169501 ns, At safepoint: 8705 ns, Total: 178206 ns
[2020-09-11T15:41:26.127+0000][1][gc,heap,exit ] Heap
[2020-09-11T15:41:26.127+0000][1][gc,heap,exit ]  par new generation   total 76672K, used 36204K [0x0000000080000000, 0x0000000085330000, 0x0000000085330000)
[2020-09-11T15:41:26.127+0000][1][gc,heap,exit ]   eden space 68160K,  43% used [0x0000000080000000, 0x0000000081d1d758, 0x0000000084290000)
[2020-09-11T15:41:26.127+0000][1][gc,heap,exit ]   from space 8512K,  75% used [0x0000000084290000, 0x00000000848cdb20, 0x0000000084ae0000)
[2020-09-11T15:41:26.127+0000][1][gc,heap,exit ]   to   space 8512K,   0% used [0x0000000084ae0000, 0x0000000084ae0000, 0x0000000085330000)
[2020-09-11T15:41:26.127+0000][1][gc,heap,exit ]  concurrent mark-sweep generation total 2011968K, used 95551K [0x0000000085330000, 0x0000000100000000, 0x0000000100000000)
[2020-09-11T15:41:26.127+0000][1][gc,heap,exit ]  Metaspace       used 81303K, capacity 87508K, committed 87644K, reserved 1124352K
[2020-09-11T15:41:26.127+0000][1][gc,heap,exit ]   class space    used 10895K, capacity 13442K, committed 13488K, reserved 1048576K
