[2020-09-10T17:26:12.495+0000][1][gc] Using Concurrent Mark Sweep
[2020-09-10T17:26:12.495+0000][1][gc,heap,coops] Heap address: 0x0000000080000000, size: 2048 MB, Compressed Oops mode: 32-bit
[2020-09-10T17:26:12.771+0000][1][safepoint    ] Safepoint "EnableBiasedLocking", Time since last: 243615945 ns, Reaching safepoint: 1796185 ns, At safepoint: 41792 ns, Total: 1837977 ns
[2020-09-10T17:26:12.783+0000][1][safepoint    ] Safepoint "RevokeBias", Time since last: 10467393 ns, Reaching safepoint: 1472458 ns, At safepoint: 36575 ns, Total: 1509033 ns
[2020-09-10T17:26:12.823+0000][1][safepoint    ] Safepoint "Deoptimize", Time since last: 37807940 ns, Reaching safepoint: 2156827 ns, At safepoint: 25396 ns, Total: 2182223 ns
[2020-09-10T17:26:13.543+0000][1][safepoint    ] Safepoint "RevokeBias", Time since last: 715981006 ns, Reaching safepoint: 4033178 ns, At safepoint: 43696 ns, Total: 4076874 ns
[2020-09-10T17:26:13.579+0000][1][safepoint    ] Safepoint "Deoptimize", Time since last: 34567230 ns, Reaching safepoint: 1345880 ns, At safepoint: 36741 ns, Total: 1382621 ns
[2020-09-10T17:26:13.589+0000][1][safepoint    ] Safepoint "Deoptimize", Time since last: 8455436 ns, Reaching safepoint: 1650832 ns, At safepoint: 34276 ns, Total: 1685108 ns
[2020-09-10T17:26:13.827+0000][1][safepoint    ] Safepoint "Deoptimize", Time since last: 237882516 ns, Reaching safepoint: 105541 ns, At safepoint: 40092 ns, Total: 145633 ns
[2020-09-10T17:26:14.827+0000][1][safepoint    ] Safepoint "Cleanup", Time since last: 1000106770 ns, Reaching safepoint: 130429 ns, At safepoint: 5504 ns, Total: 135933 ns
[2020-09-10T17:26:15.828+0000][1][safepoint    ] Safepoint "Cleanup", Time since last: 1000110287 ns, Reaching safepoint: 321653 ns, At safepoint: 5370 ns, Total: 327023 ns
[2020-09-10T17:26:16.475+0000][1][safepoint    ] Safepoint "Deoptimize", Time since last: 647569010 ns, Reaching safepoint: 103311 ns, At safepoint: 61233 ns, Total: 164544 ns
[2020-09-10T17:26:16.815+0000][1][safepoint    ] Safepoint "RevokeBias", Time since last: 337151719 ns, Reaching safepoint: 2280020 ns, At safepoint: 42913 ns, Total: 2322933 ns
[2020-09-10T17:26:16.838+0000][1][safepoint    ] Safepoint "Deoptimize", Time since last: 19903745 ns, Reaching safepoint: 3468201 ns, At safepoint: 100502 ns, Total: 3568703 ns
[2020-09-10T17:26:17.859+0000][1][safepoint    ] Safepoint "Cleanup", Time since last: 1000421583 ns, Reaching safepoint: 20077165 ns, At safepoint: 9563 ns, Total: 20086728 ns
[2020-09-10T17:26:18.780+0000][1][safepoint    ] Safepoint "Deoptimize", Time since last: 921418385 ns, Reaching safepoint: 109699 ns, At safepoint: 80323 ns, Total: 190022 ns
[2020-09-10T17:26:19.787+0000][1][safepoint    ] Safepoint "Cleanup", Time since last: 1006385274 ns, Reaching safepoint: 40833 ns, At safepoint: 7777 ns, Total: 48610 ns
[2020-09-10T17:26:21.028+0000][1][safepoint    ] Safepoint "Deoptimize", Time since last: 1240731435 ns, Reaching safepoint: 99261 ns, At safepoint: 90680 ns, Total: 189941 ns
[2020-09-10T17:26:22.031+0000][1][safepoint    ] Safepoint "Cleanup", Time since last: 1002948495 ns, Reaching safepoint: 111917 ns, At safepoint: 5080 ns, Total: 116997 ns
[2020-09-10T17:26:22.919+0000][1][safepoint    ] Safepoint "Deoptimize", Time since last: 888212127 ns, Reaching safepoint: 115189 ns, At safepoint: 104601 ns, Total: 219790 ns
[2020-09-10T17:26:22.919+0000][1][safepoint    ] Safepoint "Deoptimize", Time since last: 131603 ns, Reaching safepoint: 81080 ns, At safepoint: 51143 ns, Total: 132223 ns
[2020-09-10T17:26:23.257+0000][1][safepoint    ] Safepoint "Deoptimize", Time since last: 337535064 ns, Reaching safepoint: 105555 ns, At safepoint: 108583 ns, Total: 214138 ns
[2020-09-10T17:26:23.291+0000][1][safepoint    ] Safepoint "Deoptimize", Time since last: 33476263 ns, Reaching safepoint: 101927 ns, At safepoint: 118893 ns, Total: 220820 ns
[2020-09-10T17:26:23.343+0000][1][safepoint    ] Safepoint "RevokeBias", Time since last: 52146395 ns, Reaching safepoint: 162337 ns, At safepoint: 24269 ns, Total: 186606 ns
[2020-09-10T17:26:23.347+0000][1][safepoint    ] Safepoint "RevokeBias", Time since last: 3451029 ns, Reaching safepoint: 96507 ns, At safepoint: 24931 ns, Total: 121438 ns
[2020-09-10T17:26:23.347+0000][1][safepoint    ] Safepoint "RevokeBias", Time since last: 123018 ns, Reaching safepoint: 76616 ns, At safepoint: 14424 ns, Total: 91040 ns
[2020-09-10T17:26:23.351+0000][1][safepoint    ] Safepoint "RevokeBias", Time since last: 4107078 ns, Reaching safepoint: 98876 ns, At safepoint: 22157 ns, Total: 121033 ns
[2020-09-10T17:26:24.353+0000][1][safepoint    ] Safepoint "Cleanup", Time since last: 1001729075 ns, Reaching safepoint: 118301 ns, At safepoint: 4923 ns, Total: 123224 ns
[2020-09-10T17:26:25.363+0000][1][safepoint    ] Safepoint "Cleanup", Time since last: 1009533238 ns, Reaching safepoint: 125315 ns, At safepoint: 7548 ns, Total: 132863 ns
[2020-09-10T17:26:26.364+0000][1][safepoint    ] Safepoint "Cleanup", Time since last: 1000774916 ns, Reaching safepoint: 116934 ns, At safepoint: 5264 ns, Total: 122198 ns
[2020-09-10T17:26:26.427+0000][1][safepoint    ] Safepoint "RevokeBias", Time since last: 56535599 ns, Reaching safepoint: 6477800 ns, At safepoint: 44613 ns, Total: 6522413 ns
[2020-09-10T17:26:26.531+0000][1][gc,start     ] GC(0) Pause Young (Allocation Failure)
[2020-09-10T17:26:26.531+0000][1][gc,task      ] GC(0) Using 1 workers of 1 for evacuation
[2020-09-10T17:26:26.628+0000][1][gc,age       ] GC(0) Desired survivor size 4358144 bytes, new threshold 1 (max threshold 6)
[2020-09-10T17:26:26.628+0000][1][gc,age       ] GC(0) Age table with threshold 1 (max threshold 6)
[2020-09-10T17:26:26.628+0000][1][gc,age       ] GC(0) - age   1:    6456104 bytes,    6456104 total
[2020-09-10T17:26:26.628+0000][1][gc,heap      ] GC(0) ParNew: 68160K->6333K(76672K)
[2020-09-10T17:26:26.628+0000][1][gc,heap      ] GC(0) CMS: 0K->0K(2011968K)
[2020-09-10T17:26:26.628+0000][1][gc,metaspace ] GC(0) Metaspace: 13782K->13782K(1062912K)
[2020-09-10T17:26:26.628+0000][1][gc           ] GC(0) Pause Young (Allocation Failure) 66M->6M(2039M) 97.306ms
[2020-09-10T17:26:26.628+0000][1][gc,cpu       ] GC(0) User=0.02s Sys=0.00s Real=0.10s
[2020-09-10T17:26:26.628+0000][1][safepoint    ] Safepoint "GenCollectForAllocation", Time since last: 100773227 ns, Reaching safepoint: 3181136 ns, At safepoint: 97577034 ns, Total: 100758170 ns
[2020-09-10T17:26:26.654+0000][1][safepoint    ] Safepoint "RevokeBias", Time since last: 22396258 ns, Reaching safepoint: 2977317 ns, At safepoint: 469418 ns, Total: 3446735 ns
[2020-09-10T17:26:26.655+0000][1][safepoint    ] Safepoint "RevokeBias", Time since last: 128598 ns, Reaching safepoint: 415239 ns, At safepoint: 28071 ns, Total: 443310 ns
[2020-09-10T17:26:26.659+0000][1][safepoint    ] Safepoint "RevokeBias", Time since last: 43628 ns, Reaching safepoint: 4026204 ns, At safepoint: 40392 ns, Total: 4066596 ns
[2020-09-10T17:26:26.659+0000][1][safepoint    ] Safepoint "RevokeBias", Time since last: 48530 ns, Reaching safepoint: 83735 ns, At safepoint: 25218 ns, Total: 108953 ns
[2020-09-10T17:26:26.659+0000][1][safepoint    ] Safepoint "RevokeBias", Time since last: 41166 ns, Reaching safepoint: 81816 ns, At safepoint: 248776 ns, Total: 330592 ns
[2020-09-10T17:26:26.667+0000][1][safepoint    ] Safepoint "RevokeBias", Time since last: 27409 ns, Reaching safepoint: 85457 ns, At safepoint: 7536729 ns, Total: 7622186 ns
[2020-09-10T17:26:26.671+0000][1][safepoint    ] Safepoint "RevokeBias", Time since last: 127022 ns, Reaching safepoint: 3572201 ns, At safepoint: 62986 ns, Total: 3635187 ns
[2020-09-10T17:26:26.675+0000][1][safepoint    ] Safepoint "RevokeBias", Time since last: 232100 ns, Reaching safepoint: 3712541 ns, At safepoint: 744789 ns, Total: 4457330 ns
[2020-09-10T17:26:26.676+0000][1][safepoint    ] Safepoint "RevokeBias", Time since last: 71517 ns, Reaching safepoint: 89185 ns, At safepoint: 38471 ns, Total: 127656 ns
[2020-09-10T17:26:26.687+0000][1][safepoint    ] Safepoint "RevokeBias", Time since last: 218014 ns, Reaching safepoint: 908195 ns, At safepoint: 9930604 ns, Total: 10838799 ns
[2020-09-10T17:26:26.687+0000][1][safepoint    ] Safepoint "RevokeBias", Time since last: 94533 ns, Reaching safepoint: 95350 ns, At safepoint: 36041 ns, Total: 131391 ns
[2020-09-10T17:26:26.688+0000][1][safepoint    ] Safepoint "RevokeBias", Time since last: 43441 ns, Reaching safepoint: 78238 ns, At safepoint: 881661 ns, Total: 959899 ns
[2020-09-10T17:26:26.688+0000][1][safepoint    ] Safepoint "RevokeBias", Time since last: 36970 ns, Reaching safepoint: 82184 ns, At safepoint: 430838 ns, Total: 513022 ns
[2020-09-10T17:26:26.691+0000][1][safepoint    ] Safepoint "RevokeBias", Time since last: 40518 ns, Reaching safepoint: 2190677 ns, At safepoint: 63838 ns, Total: 2254515 ns
[2020-09-10T17:26:26.691+0000][1][safepoint    ] Safepoint "RevokeBias", Time since last: 74998 ns, Reaching safepoint: 428976 ns, At safepoint: 33167 ns, Total: 462143 ns
[2020-09-10T17:26:26.692+0000][1][safepoint    ] Safepoint "RevokeBias", Time since last: 27782 ns, Reaching safepoint: 952676 ns, At safepoint: 46659 ns, Total: 999335 ns
[2020-09-10T17:26:26.692+0000][1][safepoint    ] Safepoint "RevokeBias", Time since last: 40830 ns, Reaching safepoint: 79663 ns, At safepoint: 48475 ns, Total: 128138 ns
[2020-09-10T17:26:26.693+0000][1][safepoint    ] Safepoint "RevokeBias", Time since last: 35683 ns, Reaching safepoint: 77961 ns, At safepoint: 35712 ns, Total: 113673 ns
[2020-09-10T17:26:26.693+0000][1][safepoint    ] Safepoint "RevokeBias", Time since last: 31312 ns, Reaching safepoint: 77653 ns, At safepoint: 35025 ns, Total: 112678 ns
[2020-09-10T17:26:26.693+0000][1][safepoint    ] Safepoint "RevokeBias", Time since last: 24700 ns, Reaching safepoint: 77090 ns, At safepoint: 25024 ns, Total: 102114 ns
[2020-09-10T17:26:26.695+0000][1][safepoint    ] Safepoint "RevokeBias", Time since last: 30801 ns, Reaching safepoint: 1713237 ns, At safepoint: 28574 ns, Total: 1741811 ns
[2020-09-10T17:26:26.699+0000][1][safepoint    ] Safepoint "RevokeBias", Time since last: 27581 ns, Reaching safepoint: 3951116 ns, At safepoint: 44450 ns, Total: 3995566 ns
[2020-09-10T17:26:26.703+0000][1][safepoint    ] Safepoint "RevokeBias", Time since last: 45251 ns, Reaching safepoint: 3935774 ns, At safepoint: 62360 ns, Total: 3998134 ns
[2020-09-10T17:26:26.703+0000][1][safepoint    ] Safepoint "RevokeBias", Time since last: 49744 ns, Reaching safepoint: 86366 ns, At safepoint: 253269 ns, Total: 339635 ns
[2020-09-10T17:26:26.711+0000][1][safepoint    ] Safepoint "RevokeBias", Time since last: 755617 ns, Reaching safepoint: 6782303 ns, At safepoint: 43563 ns, Total: 6825866 ns
[2020-09-10T17:26:26.711+0000][1][safepoint    ] Safepoint "RevokeBias", Time since last: 66079 ns, Reaching safepoint: 79550 ns, At safepoint: 23047 ns, Total: 102597 ns
[2020-09-10T17:26:26.712+0000][1][safepoint    ] Safepoint "RevokeBias", Time since last: 823778 ns, Reaching safepoint: 13749 ns, At safepoint: 28146 ns, Total: 41895 ns
[2020-09-10T17:26:26.712+0000][1][safepoint    ] Safepoint "RevokeBias", Time since last: 31228 ns, Reaching safepoint: 8931 ns, At safepoint: 20618 ns, Total: 29549 ns
[2020-09-10T17:26:26.719+0000][1][safepoint    ] Safepoint "RevokeBias", Time since last: 6854330 ns, Reaching safepoint: 35939 ns, At safepoint: 43067 ns, Total: 79006 ns
[2020-09-10T17:26:26.719+0000][1][safepoint    ] Safepoint "RevokeBias", Time since last: 66157 ns, Reaching safepoint: 9474 ns, At safepoint: 21349 ns, Total: 30823 ns
[2020-09-10T17:26:26.799+0000][1][safepoint    ] Safepoint "Deoptimize", Time since last: 72903535 ns, Reaching safepoint: 6988142 ns, At safepoint: 195053 ns, Total: 7183195 ns
[2020-09-10T17:26:26.991+0000][1][safepoint    ] Safepoint "Deoptimize", Time since last: 191755732 ns, Reaching safepoint: 112627 ns, At safepoint: 139442 ns, Total: 252069 ns
[2020-09-10T17:26:27.995+0000][1][safepoint    ] Safepoint "Cleanup", Time since last: 1003731911 ns, Reaching safepoint: 129592 ns, At safepoint: 7428 ns, Total: 137020 ns
[2020-09-10T17:26:28.137+0000][1][safepoint    ] Safepoint "RevokeBias", Time since last: 139934773 ns, Reaching safepoint: 2361745 ns, At safepoint: 41035 ns, Total: 2402780 ns
[2020-09-10T17:26:28.381+0000][1][safepoint    ] Safepoint "RevokeBias", Time since last: 244224071 ns, Reaching safepoint: 96704 ns, At safepoint: 25584 ns, Total: 122288 ns
[2020-09-10T17:26:28.509+0000][1][safepoint    ] Safepoint "RevokeBias", Time since last: 121177718 ns, Reaching safepoint: 6042194 ns, At safepoint: 43281 ns, Total: 6085475 ns
[2020-09-10T17:26:28.635+0000][1][safepoint    ] Safepoint "RevokeBias", Time since last: 121992468 ns, Reaching safepoint: 3939262 ns, At safepoint: 48344 ns, Total: 3987606 ns
[2020-09-10T17:26:28.924+0000][1][safepoint    ] Safepoint "RevokeBias", Time since last: 289429193 ns, Reaching safepoint: 100438 ns, At safepoint: 31687 ns, Total: 132125 ns
[2020-09-10T17:26:29.636+0000][1][gc,start     ] GC(1) Pause Young (Allocation Failure)
[2020-09-10T17:26:29.636+0000][1][gc,task      ] GC(1) Using 1 workers of 1 for evacuation
[2020-09-10T17:26:29.844+0000][1][gc,age       ] GC(1) Desired survivor size 4358144 bytes, new threshold 6 (max threshold 6)
[2020-09-10T17:26:29.844+0000][1][gc,age       ] GC(1) Age table with threshold 6 (max threshold 6)
[2020-09-10T17:26:29.844+0000][1][gc,age       ] GC(1) - age   1:    2081832 bytes,    2081832 total
[2020-09-10T17:26:29.844+0000][1][gc,heap      ] GC(1) ParNew: 74493K->4251K(76672K)
[2020-09-10T17:26:29.844+0000][1][gc,heap      ] GC(1) CMS: 0K->6849K(2011968K)
[2020-09-10T17:26:29.844+0000][1][gc,metaspace ] GC(1) Metaspace: 15955K->15955K(1062912K)
[2020-09-10T17:26:29.844+0000][1][gc           ] GC(1) Pause Young (Allocation Failure) 72M->10M(2039M) 208.075ms
[2020-09-10T17:26:29.844+0000][1][gc,cpu       ] GC(1) User=0.05s Sys=0.00s Real=0.21s
[2020-09-10T17:26:29.879+0000][1][safepoint    ] Safepoint "GenCollectForAllocation", Time since last: 711678815 ns, Reaching safepoint: 118693 ns, At safepoint: 242596626 ns, Total: 242715319 ns
[2020-09-10T17:26:29.890+0000][1][safepoint    ] Safepoint "BulkRevokeBias", Time since last: 11434040 ns, Reaching safepoint: 95589 ns, At safepoint: 59731 ns, Total: 155320 ns
[2020-09-10T17:26:29.893+0000][1][safepoint    ] Safepoint "RevokeBias", Time since last: 2520960 ns, Reaching safepoint: 87432 ns, At safepoint: 27538 ns, Total: 114970 ns
[2020-09-10T17:26:29.893+0000][1][safepoint    ] Safepoint "RevokeBias", Time since last: 74762 ns, Reaching safepoint: 77813 ns, At safepoint: 22100 ns, Total: 99913 ns
[2020-09-10T17:26:29.893+0000][1][safepoint    ] Safepoint "RevokeBias", Time since last: 30095 ns, Reaching safepoint: 76477 ns, At safepoint: 13740 ns, Total: 90217 ns
[2020-09-10T17:26:29.893+0000][1][safepoint    ] Safepoint "RevokeBias", Time since last: 33572 ns, Reaching safepoint: 76193 ns, At safepoint: 13878 ns, Total: 90071 ns
[2020-09-10T17:26:29.893+0000][1][safepoint    ] Safepoint "RevokeBias", Time since last: 28834 ns, Reaching safepoint: 77002 ns, At safepoint: 20676 ns, Total: 97678 ns
[2020-09-10T17:26:29.894+0000][1][safepoint    ] Safepoint "RevokeBias", Time since last: 33566 ns, Reaching safepoint: 80947 ns, At safepoint: 17901 ns, Total: 98848 ns
[2020-09-10T17:26:29.903+0000][1][safepoint    ] Safepoint "RevokeBias", Time since last: 9083735 ns, Reaching safepoint: 99672 ns, At safepoint: 32113 ns, Total: 131785 ns
[2020-09-10T17:26:29.903+0000][1][safepoint    ] Safepoint "BulkRevokeBias", Time since last: 83036 ns, Reaching safepoint: 76935 ns, At safepoint: 42167 ns, Total: 119102 ns
[2020-09-10T17:26:29.903+0000][1][safepoint    ] Safepoint "BulkRevokeBias", Time since last: 29318 ns, Reaching safepoint: 75869 ns, At safepoint: 33010 ns, Total: 108879 ns
[2020-09-10T17:26:30.910+0000][1][safepoint    ] Safepoint "Cleanup", Time since last: 1006450988 ns, Reaching safepoint: 213651 ns, At safepoint: 6812 ns, Total: 220463 ns
[2020-09-10T17:26:31.319+0000][1][safepoint    ] Safepoint "Deoptimize", Time since last: 404868030 ns, Reaching safepoint: 4012300 ns, At safepoint: 173309 ns, Total: 4185609 ns
[2020-09-10T17:26:32.119+0000][1][safepoint    ] Safepoint "Deoptimize", Time since last: 798943459 ns, Reaching safepoint: 890605 ns, At safepoint: 174013 ns, Total: 1064618 ns
[2020-09-10T17:26:32.159+0000][1][safepoint    ] Safepoint "Deoptimize", Time since last: 39541154 ns, Reaching safepoint: 259488 ns, At safepoint: 171825 ns, Total: 431313 ns
[2020-09-10T17:26:33.176+0000][1][safepoint    ] Safepoint "Cleanup", Time since last: 1007826770 ns, Reaching safepoint: 9107037 ns, At safepoint: 10948 ns, Total: 9117985 ns
[2020-09-10T17:26:33.411+0000][1][safepoint    ] Safepoint "Deoptimize", Time since last: 234888217 ns, Reaching safepoint: 129976 ns, At safepoint: 181823 ns, Total: 311799 ns
[2020-09-10T17:26:33.412+0000][1][safepoint    ] Safepoint "RevokeBias", Time since last: 601943 ns, Reaching safepoint: 86772 ns, At safepoint: 43979 ns, Total: 130751 ns
[2020-09-10T17:26:33.415+0000][1][safepoint    ] Safepoint "Deoptimize", Time since last: 1002573 ns, Reaching safepoint: 1915693 ns, At safepoint: 171697 ns, Total: 2087390 ns
[2020-09-10T17:26:34.441+0000][1][gc,start     ] GC(2) Pause Young (Allocation Failure)
[2020-09-10T17:26:34.442+0000][1][gc,task      ] GC(2) Using 1 workers of 1 for evacuation
[2020-09-10T17:26:34.511+0000][1][gc,age       ] GC(2) Desired survivor size 4358144 bytes, new threshold 2 (max threshold 6)
[2020-09-10T17:26:34.511+0000][1][gc,age       ] GC(2) Age table with threshold 2 (max threshold 6)
[2020-09-10T17:26:34.511+0000][1][gc,age       ] GC(2) - age   1:    3516880 bytes,    3516880 total
[2020-09-10T17:26:34.511+0000][1][gc,age       ] GC(2) - age   2:    1524816 bytes,    5041696 total
[2020-09-10T17:26:34.511+0000][1][gc,heap      ] GC(2) ParNew: 72411K->5489K(76672K)
[2020-09-10T17:26:34.511+0000][1][gc,heap      ] GC(2) CMS: 6849K->6849K(2011968K)
[2020-09-10T17:26:34.511+0000][1][gc,metaspace ] GC(2) Metaspace: 20037K->20037K(1067008K)
[2020-09-10T17:26:34.523+0000][1][gc           ] GC(2) Pause Young (Allocation Failure) 77M->12M(2039M) 81.306ms
[2020-09-10T17:26:34.523+0000][1][gc,cpu       ] GC(2) User=0.03s Sys=0.00s Real=0.08s
[2020-09-10T17:26:34.539+0000][1][safepoint    ] Safepoint "GenCollectForAllocation", Time since last: 1026478856 ns, Reaching safepoint: 139876 ns, At safepoint: 97245645 ns, Total: 97385521 ns
[2020-09-10T17:26:34.579+0000][1][safepoint    ] Safepoint "RevokeBias", Time since last: 34097587 ns, Reaching safepoint: 5942453 ns, At safepoint: 62336 ns, Total: 6004789 ns
[2020-09-10T17:26:34.583+0000][1][safepoint    ] Safepoint "RevokeBias", Time since last: 100079 ns, Reaching safepoint: 3785464 ns, At safepoint: 50729 ns, Total: 3836193 ns
[2020-09-10T17:26:34.587+0000][1][safepoint    ] Safepoint "RevokeBias", Time since last: 99479 ns, Reaching safepoint: 3842750 ns, At safepoint: 46374 ns, Total: 3889124 ns
[2020-09-10T17:26:34.587+0000][1][safepoint    ] Safepoint "RevokeBias", Time since last: 68828 ns, Reaching safepoint: 87946 ns, At safepoint: 31742 ns, Total: 119688 ns
[2020-09-10T17:26:34.587+0000][1][safepoint    ] Safepoint "RevokeBias", Time since last: 55206 ns, Reaching safepoint: 86956 ns, At safepoint: 42129 ns, Total: 129085 ns
[2020-09-10T17:26:34.587+0000][1][safepoint    ] Safepoint "RevokeBias", Time since last: 43021 ns, Reaching safepoint: 86555 ns, At safepoint: 44207 ns, Total: 130762 ns
[2020-09-10T17:26:34.587+0000][1][safepoint    ] Safepoint "RevokeBias", Time since last: 43866 ns, Reaching safepoint: 86639 ns, At safepoint: 39278 ns, Total: 125917 ns
[2020-09-10T17:26:34.588+0000][1][safepoint    ] Safepoint "RevokeBias", Time since last: 38158 ns, Reaching safepoint: 86706 ns, At safepoint: 39249 ns, Total: 125955 ns
[2020-09-10T17:26:34.588+0000][1][safepoint    ] Safepoint "RevokeBias", Time since last: 42411 ns, Reaching safepoint: 86349 ns, At safepoint: 48031 ns, Total: 134380 ns
[2020-09-10T17:26:34.588+0000][1][safepoint    ] Safepoint "RevokeBias", Time since last: 35179 ns, Reaching safepoint: 84936 ns, At safepoint: 37126 ns, Total: 122062 ns
[2020-09-10T17:26:34.589+0000][1][safepoint    ] Safepoint "RevokeBias", Time since last: 40450 ns, Reaching safepoint: 84899 ns, At safepoint: 712923 ns, Total: 797822 ns
[2020-09-10T17:26:34.589+0000][1][safepoint    ] Safepoint "RevokeBias", Time since last: 39747 ns, Reaching safepoint: 86431 ns, At safepoint: 482170 ns, Total: 568601 ns
[2020-09-10T17:26:34.591+0000][1][safepoint    ] Safepoint "RevokeBias", Time since last: 55639 ns, Reaching safepoint: 1240441 ns, At safepoint: 80309 ns, Total: 1320750 ns
[2020-09-10T17:26:34.595+0000][1][safepoint    ] Safepoint "RevokeBias", Time since last: 54824 ns, Reaching safepoint: 3881705 ns, At safepoint: 75597 ns, Total: 3957302 ns
[2020-09-10T17:26:34.619+0000][1][safepoint    ] Safepoint "RevokeBias", Time since last: 23909964 ns, Reaching safepoint: 108193 ns, At safepoint: 37714 ns, Total: 145907 ns
[2020-09-10T17:26:34.619+0000][1][safepoint    ] Safepoint "RevokeBias", Time since last: 66433 ns, Reaching safepoint: 79216 ns, At safepoint: 23124 ns, Total: 102340 ns
[2020-09-10T17:26:34.619+0000][1][safepoint    ] Safepoint "RevokeBias", Time since last: 47655 ns, Reaching safepoint: 78663 ns, At safepoint: 23046 ns, Total: 101709 ns
[2020-09-10T17:26:35.603+0000][1][gc,start     ] GC(3) Pause Young (Allocation Failure)
[2020-09-10T17:26:35.603+0000][1][gc,task      ] GC(3) Using 1 workers of 1 for evacuation
[2020-09-10T17:26:35.698+0000][1][gc,age       ] GC(3) Desired survivor size 4358144 bytes, new threshold 2 (max threshold 6)
[2020-09-10T17:26:35.698+0000][1][gc,age       ] GC(3) Age table with threshold 2 (max threshold 6)
[2020-09-10T17:26:35.698+0000][1][gc,age       ] GC(3) - age   1:    1639088 bytes,    1639088 total
[2020-09-10T17:26:35.698+0000][1][gc,age       ] GC(3) - age   2:    2729344 bytes,    4368432 total
[2020-09-10T17:26:35.698+0000][1][gc,heap      ] GC(3) ParNew: 73649K->8278K(76672K)
[2020-09-10T17:26:35.698+0000][1][gc,heap      ] GC(3) CMS: 6849K->8351K(2011968K)
[2020-09-10T17:26:35.698+0000][1][gc,metaspace ] GC(3) Metaspace: 20278K->20278K(1067008K)
[2020-09-10T17:26:35.698+0000][1][gc           ] GC(3) Pause Young (Allocation Failure) 78M->16M(2039M) 94.919ms
[2020-09-10T17:26:35.698+0000][1][gc,cpu       ] GC(3) User=0.03s Sys=0.00s Real=0.09s
[2020-09-10T17:26:35.727+0000][1][safepoint    ] Safepoint "GenCollectForAllocation", Time since last: 983550298 ns, Reaching safepoint: 121552 ns, At safepoint: 123903300 ns, Total: 124024852 ns
[2020-09-10T17:26:35.742+0000][1][safepoint    ] Safepoint "RevokeBias", Time since last: 15279730 ns, Reaching safepoint: 119544 ns, At safepoint: 37856 ns, Total: 157400 ns
[2020-09-10T17:26:35.742+0000][1][safepoint    ] Safepoint "RevokeBias", Time since last: 61819 ns, Reaching safepoint: 84151 ns, At safepoint: 30870 ns, Total: 115021 ns
[2020-09-10T17:26:35.742+0000][1][safepoint    ] Safepoint "RevokeBias", Time since last: 42190 ns, Reaching safepoint: 83564 ns, At safepoint: 28055 ns, Total: 111619 ns
[2020-09-10T17:26:35.743+0000][1][safepoint    ] Safepoint "RevokeBias", Time since last: 30684 ns, Reaching safepoint: 82817 ns, At safepoint: 26639 ns, Total: 109456 ns
[2020-09-10T17:26:35.743+0000][1][safepoint    ] Safepoint "RevokeBias", Time since last: 53003 ns, Reaching safepoint: 84870 ns, At safepoint: 27308 ns, Total: 112178 ns
[2020-09-10T17:26:35.743+0000][1][safepoint    ] Safepoint "RevokeBias", Time since last: 29793 ns, Reaching safepoint: 82583 ns, At safepoint: 26601 ns, Total: 109184 ns
[2020-09-10T17:26:36.596+0000][1][safepoint    ] Safepoint "CollectForMetadataAllocation", Time since last: 853160168 ns, Reaching safepoint: 115814 ns, At safepoint: 116738 ns, Total: 232552 ns
[2020-09-10T17:26:36.771+0000][1][safepoint    ] Safepoint "CollectForMetadataAllocation", Time since last: 174381182 ns, Reaching safepoint: 120875 ns, At safepoint: 133640 ns, Total: 254515 ns
[2020-09-10T17:26:36.980+0000][1][gc,start     ] GC(4) Pause Young (Allocation Failure)
[2020-09-10T17:26:36.980+0000][1][gc,task      ] GC(4) Using 1 workers of 1 for evacuation
[2020-09-10T17:26:37.069+0000][1][gc,age       ] GC(4) Desired survivor size 4358144 bytes, new threshold 6 (max threshold 6)
[2020-09-10T17:26:37.069+0000][1][gc,age       ] GC(4) Age table with threshold 6 (max threshold 6)
[2020-09-10T17:26:37.069+0000][1][gc,age       ] GC(4) - age   1:    1432264 bytes,    1432264 total
[2020-09-10T17:26:37.069+0000][1][gc,age       ] GC(4) - age   2:     319408 bytes,    1751672 total
[2020-09-10T17:26:37.069+0000][1][gc,heap      ] GC(4) ParNew: 76438K->2634K(76672K)
[2020-09-10T17:26:37.069+0000][1][gc,heap      ] GC(4) CMS: 8351K->11037K(2011968K)
[2020-09-10T17:26:37.069+0000][1][gc,metaspace ] GC(4) Metaspace: 20809K->20809K(1069056K)
[2020-09-10T17:26:37.069+0000][1][gc           ] GC(4) Pause Young (Allocation Failure) 82M->13M(2039M) 89.003ms
[2020-09-10T17:26:37.069+0000][1][gc,cpu       ] GC(4) User=0.03s Sys=0.00s Real=0.09s
[2020-09-10T17:26:37.095+0000][1][safepoint    ] Safepoint "GenCollectForAllocation", Time since last: 209341802 ns, Reaching safepoint: 106327 ns, At safepoint: 114287259 ns, Total: 114393586 ns
[2020-09-10T17:26:37.111+0000][1][gc,start     ] GC(5) Pause Initial Mark
[2020-09-10T17:26:37.113+0000][1][gc           ] GC(5) Pause Initial Mark 18M->18M(2039M) 1.776ms
[2020-09-10T17:26:37.113+0000][1][gc,cpu       ] GC(5) User=0.00s Sys=0.00s Real=0.00s
[2020-09-10T17:26:37.143+0000][1][safepoint    ] Safepoint "BulkRevokeBias", Time since last: 16095838 ns, Reaching safepoint: 96799 ns, At safepoint: 31788899 ns, Total: 31885698 ns
[2020-09-10T17:26:37.143+0000][1][gc           ] GC(5) Concurrent Mark
[2020-09-10T17:26:37.178+0000][1][safepoint    ] Safepoint "RevokeBias", Time since last: 20022886 ns, Reaching safepoint: 14898974 ns, At safepoint: 30321 ns, Total: 14929295 ns
[2020-09-10T17:26:37.206+0000][1][safepoint    ] Safepoint "RevokeBias", Time since last: 686106 ns, Reaching safepoint: 27787261 ns, At safepoint: 36310 ns, Total: 27823571 ns
[2020-09-10T17:26:37.211+0000][1][safepoint    ] Safepoint "RevokeBias", Time since last: 3000863 ns, Reaching safepoint: 1546225 ns, At safepoint: 33565 ns, Total: 1579790 ns
[2020-09-10T17:26:37.211+0000][1][safepoint    ] Safepoint "RevokeBias", Time since last: 92148 ns, Reaching safepoint: 79498 ns, At safepoint: 17493 ns, Total: 96991 ns
[2020-09-10T17:26:37.211+0000][1][safepoint    ] Safepoint "RevokeBias", Time since last: 27411 ns, Reaching safepoint: 78335 ns, At safepoint: 17260 ns, Total: 95595 ns
[2020-09-10T17:26:37.341+0000][1][gc           ] GC(5) Concurrent Mark 198.634ms
[2020-09-10T17:26:37.341+0000][1][gc,cpu       ] GC(5) User=0.05s Sys=0.00s Real=0.20s
[2020-09-10T17:26:37.341+0000][1][gc           ] GC(5) Concurrent Preclean
[2020-09-10T17:26:37.386+0000][1][gc           ] GC(5) Concurrent Preclean 44.517ms
[2020-09-10T17:26:37.386+0000][1][gc,cpu       ] GC(5) User=0.02s Sys=0.00s Real=0.04s
[2020-09-10T17:26:37.386+0000][1][gc           ] GC(5) Concurrent Abortable Preclean
[2020-09-10T17:26:37.827+0000][1][safepoint    ] Safepoint "Deoptimize", Time since last: 615597553 ns, Reaching safepoint: 146607 ns, At safepoint: 209970 ns, Total: 356577 ns
[2020-09-10T17:26:37.888+0000][1][safepoint    ] Safepoint "CollectForMetadataAllocation", Time since last: 60787819 ns, Reaching safepoint: 99982 ns, At safepoint: 71671 ns, Total: 171653 ns
[2020-09-10T17:26:37.955+0000][1][safepoint    ] Safepoint "RevokeBias", Time since last: 44825060 ns, Reaching safepoint: 21944382 ns, At safepoint: 36810 ns, Total: 21981192 ns
[2020-09-10T17:26:38.056+0000][1][safepoint    ] Safepoint "RevokeBias", Time since last: 101433617 ns, Reaching safepoint: 98993 ns, At safepoint: 28895 ns, Total: 127888 ns
[2020-09-10T17:26:38.107+0000][1][safepoint    ] Safepoint "RevokeBias", Time since last: 50385649 ns, Reaching safepoint: 618782 ns, At safepoint: 36280 ns, Total: 655062 ns
[2020-09-10T17:26:38.147+0000][1][safepoint    ] Safepoint "RevokeBias", Time since last: 39338541 ns, Reaching safepoint: 111902 ns, At safepoint: 51806 ns, Total: 163708 ns
[2020-09-10T17:26:38.191+0000][1][safepoint    ] Safepoint "RevokeBias", Time since last: 43821948 ns, Reaching safepoint: 106550 ns, At safepoint: 38303 ns, Total: 144853 ns
[2020-09-10T17:26:38.254+0000][1][safepoint    ] Safepoint "RevokeBias", Time since last: 27596434 ns, Reaching safepoint: 35191640 ns, At safepoint: 36712 ns, Total: 35228352 ns
[2020-09-10T17:26:38.303+0000][1][safepoint    ] Safepoint "RevokeBias", Time since last: 49027281 ns, Reaching safepoint: 105556 ns, At safepoint: 39899 ns, Total: 145455 ns
[2020-09-10T17:26:38.353+0000][1][safepoint    ] Safepoint "RevokeBias", Time since last: 50009701 ns, Reaching safepoint: 108545 ns, At safepoint: 39985 ns, Total: 148530 ns
[2020-09-10T17:26:38.415+0000][1][safepoint    ] Safepoint "Deoptimize", Time since last: 48939335 ns, Reaching safepoint: 12822490 ns, At safepoint: 227681 ns, Total: 13050171 ns
[2020-09-10T17:26:38.464+0000][1][safepoint    ] Safepoint "RevokeBias", Time since last: 48993786 ns, Reaching safepoint: 103366 ns, At safepoint: 27591 ns, Total: 130957 ns
[2020-09-10T17:26:38.690+0000][1][gc,start     ] GC(6) Pause Young (Allocation Failure)
[2020-09-10T17:26:38.690+0000][1][gc,task      ] GC(6) Using 1 workers of 1 for evacuation
[2020-09-10T17:26:38.760+0000][1][gc           ] GC(5) Concurrent Abortable Preclean 1374.306ms
[2020-09-10T17:26:38.760+0000][1][gc,cpu       ] GC(5) User=0.34s Sys=0.00s Real=1.38s
[2020-09-10T17:26:38.819+0000][1][gc,age       ] GC(6) Desired survivor size 4358144 bytes, new threshold 6 (max threshold 6)
[2020-09-10T17:26:38.819+0000][1][gc,age       ] GC(6) Age table with threshold 6 (max threshold 6)
[2020-09-10T17:26:38.819+0000][1][gc,age       ] GC(6) - age   1:    2305576 bytes,    2305576 total
[2020-09-10T17:26:38.819+0000][1][gc,age       ] GC(6) - age   2:    1252520 bytes,    3558096 total
[2020-09-10T17:26:38.819+0000][1][gc,age       ] GC(6) - age   3:     319408 bytes,    3877504 total
[2020-09-10T17:26:38.819+0000][1][gc,heap      ] GC(6) ParNew: 70794K->3883K(76672K)
[2020-09-10T17:26:38.819+0000][1][gc,heap      ] GC(6) CMS: 11037K->11037K(2011968K)
[2020-09-10T17:26:38.819+0000][1][gc,metaspace ] GC(6) Metaspace: 21125K->21125K(1069056K)
[2020-09-10T17:26:38.850+0000][1][gc           ] GC(6) Pause Young (Allocation Failure) 79M->14M(2039M) 160.198ms
[2020-09-10T17:26:38.850+0000][1][gc,cpu       ] GC(6) User=0.04s Sys=0.00s Real=0.16s
[2020-09-10T17:26:38.850+0000][1][safepoint    ] Safepoint "GenCollectForAllocation", Time since last: 225553719 ns, Reaching safepoint: 110763 ns, At safepoint: 160299643 ns, Total: 160410406 ns
[2020-09-10T17:26:38.864+0000][1][gc,start     ] GC(5) Pause Remark
[2020-09-10T17:26:38.924+0000][1][gc           ] GC(5) Pause Remark 18M->18M(2039M) 60.452ms
[2020-09-10T17:26:38.924+0000][1][gc,cpu       ] GC(5) User=0.02s Sys=0.00s Real=0.06s
[2020-09-10T17:26:38.943+0000][1][safepoint    ] Safepoint "CMS_Final_Remark", Time since last: 13439693 ns, Reaching safepoint: 94020 ns, At safepoint: 78969171 ns, Total: 79063191 ns
[2020-09-10T17:26:38.943+0000][1][gc           ] GC(5) Concurrent Sweep
[2020-09-10T17:26:38.946+0000][1][gc           ] GC(5) Concurrent Sweep 3.083ms
[2020-09-10T17:26:38.946+0000][1][gc,cpu       ] GC(5) User=0.00s Sys=0.00s Real=0.00s
[2020-09-10T17:26:38.946+0000][1][gc           ] GC(5) Concurrent Reset
[2020-09-10T17:26:38.971+0000][1][safepoint    ] Safepoint "RevokeBias", Time since last: 20110421 ns, Reaching safepoint: 8513753 ns, At safepoint: 88946 ns, Total: 8602699 ns
[2020-09-10T17:26:38.971+0000][1][safepoint    ] Safepoint "RevokeBias", Time since last: 85077 ns, Reaching safepoint: 78503 ns, At safepoint: 16820 ns, Total: 95323 ns
[2020-09-10T17:26:38.972+0000][1][safepoint    ] Safepoint "RevokeBias", Time since last: 27418 ns, Reaching safepoint: 77206 ns, At safepoint: 16384 ns, Total: 93590 ns
[2020-09-10T17:26:38.972+0000][1][safepoint    ] Safepoint "RevokeBias", Time since last: 31150 ns, Reaching safepoint: 76794 ns, At safepoint: 16953 ns, Total: 93747 ns
[2020-09-10T17:26:38.972+0000][1][safepoint    ] Safepoint "RevokeBias", Time since last: 25220 ns, Reaching safepoint: 76751 ns, At safepoint: 47230 ns, Total: 123981 ns
[2020-09-10T17:26:39.015+0000][1][gc           ] GC(5) Concurrent Reset 69.033ms
[2020-09-10T17:26:39.015+0000][1][gc,cpu       ] GC(5) User=0.02s Sys=0.00s Real=0.07s
[2020-09-10T17:26:39.015+0000][1][gc,heap      ] GC(5) Old: 11037K->11035K(2011968K)
[2020-09-10T17:26:39.096+0000][1][safepoint    ] Safepoint "RevokeBias", Time since last: 123990100 ns, Reaching safepoint: 94724 ns, At safepoint: 28495 ns, Total: 123219 ns
[2020-09-10T17:26:39.123+0000][1][safepoint    ] Safepoint "RevokeBias", Time since last: 26715502 ns, Reaching safepoint: 97389 ns, At safepoint: 46696 ns, Total: 144085 ns
[2020-09-10T17:26:39.759+0000][1][gc,start     ] GC(7) Pause Young (Allocation Failure)
[2020-09-10T17:26:39.759+0000][1][gc,task      ] GC(7) Using 1 workers of 1 for evacuation
[2020-09-10T17:26:39.880+0000][1][gc,age       ] GC(7) Desired survivor size 4358144 bytes, new threshold 6 (max threshold 6)
[2020-09-10T17:26:39.880+0000][1][gc,age       ] GC(7) Age table with threshold 6 (max threshold 6)
[2020-09-10T17:26:39.880+0000][1][gc,age       ] GC(7) - age   1:     882512 bytes,     882512 total
[2020-09-10T17:26:39.880+0000][1][gc,age       ] GC(7) - age   2:    1525912 bytes,    2408424 total
[2020-09-10T17:26:39.880+0000][1][gc,age       ] GC(7) - age   3:    1251976 bytes,    3660400 total
[2020-09-10T17:26:39.880+0000][1][gc,age       ] GC(7) - age   4:     319408 bytes,    3979808 total
[2020-09-10T17:26:39.880+0000][1][gc,heap      ] GC(7) ParNew: 72043K->6650K(76672K)
[2020-09-10T17:26:39.880+0000][1][gc,heap      ] GC(7) CMS: 11035K->11035K(2011968K)
[2020-09-10T17:26:39.880+0000][1][gc,metaspace ] GC(7) Metaspace: 21203K->21203K(1069056K)
[2020-09-10T17:26:39.880+0000][1][gc           ] GC(7) Pause Young (Allocation Failure) 81M->17M(2039M) 121.654ms
[2020-09-10T17:26:39.880+0000][1][gc,cpu       ] GC(7) User=0.03s Sys=0.01s Real=0.12s
[2020-09-10T17:26:39.887+0000][1][safepoint    ] Safepoint "GenCollectForAllocation", Time since last: 635874098 ns, Reaching safepoint: 114210 ns, At safepoint: 128413163 ns, Total: 128527373 ns
[2020-09-10T17:26:39.915+0000][1][safepoint    ] Safepoint "RevokeBias", Time since last: 27458537 ns, Reaching safepoint: 109319 ns, At safepoint: 29310 ns, Total: 138629 ns
[2020-09-10T17:26:39.927+0000][1][safepoint    ] Safepoint "RevokeBias", Time since last: 11857472 ns, Reaching safepoint: 102469 ns, At safepoint: 32476 ns, Total: 134945 ns
[2020-09-10T17:26:39.930+0000][1][safepoint    ] Safepoint "RevokeBias", Time since last: 103568 ns, Reaching safepoint: 3377590 ns, At safepoint: 49549 ns, Total: 3427139 ns
[2020-09-10T17:26:39.931+0000][1][safepoint    ] Safepoint "BulkRevokeBias", Time since last: 46619 ns, Reaching safepoint: 85405 ns, At safepoint: 46358 ns, Total: 131763 ns
[2020-09-10T17:26:40.727+0000][1][gc,start     ] GC(8) Pause Young (Allocation Failure)
[2020-09-10T17:26:40.727+0000][1][gc,task      ] GC(8) Using 1 workers of 1 for evacuation
[2020-09-10T17:26:40.851+0000][1][gc,age       ] GC(8) Desired survivor size 4358144 bytes, new threshold 4 (max threshold 6)
[2020-09-10T17:26:40.851+0000][1][gc,age       ] GC(8) Age table with threshold 4 (max threshold 6)
[2020-09-10T17:26:40.871+0000][1][gc,age       ] GC(8) - age   1:    1725888 bytes,    1725888 total
[2020-09-10T17:26:40.871+0000][1][gc,age       ] GC(8) - age   2:     445936 bytes,    2171824 total
[2020-09-10T17:26:40.871+0000][1][gc,age       ] GC(8) - age   3:    1523976 bytes,    3695800 total
[2020-09-10T17:26:40.871+0000][1][gc,age       ] GC(8) - age   4:    1251320 bytes,    4947120 total
[2020-09-10T17:26:40.871+0000][1][gc,age       ] GC(8) - age   5:     319408 bytes,    5266528 total
[2020-09-10T17:26:40.871+0000][1][gc,heap      ] GC(8) ParNew: 74810K->6866K(76672K)
[2020-09-10T17:26:40.871+0000][1][gc,heap      ] GC(8) CMS: 11035K->11035K(2011968K)
[2020-09-10T17:26:40.871+0000][1][gc,metaspace ] GC(8) Metaspace: 21389K->21389K(1069056K)
[2020-09-10T17:26:40.871+0000][1][gc           ] GC(8) Pause Young (Allocation Failure) 83M->17M(2039M) 143.982ms
[2020-09-10T17:26:40.871+0000][1][gc,cpu       ] GC(8) User=0.03s Sys=0.00s Real=0.14s
[2020-09-10T17:26:40.871+0000][1][safepoint    ] Safepoint "GenCollectForAllocation", Time since last: 796188462 ns, Reaching safepoint: 108218 ns, At safepoint: 144052888 ns, Total: 144161106 ns
[2020-09-10T17:26:40.887+0000][1][safepoint    ] Safepoint "BulkRevokeBias", Time since last: 15856570 ns, Reaching safepoint: 100190 ns, At safepoint: 77208 ns, Total: 177398 ns
[2020-09-10T17:26:41.643+0000][1][gc,start     ] GC(9) Pause Young (Allocation Failure)
[2020-09-10T17:26:41.643+0000][1][gc,task      ] GC(9) Using 1 workers of 1 for evacuation
[2020-09-10T17:26:41.718+0000][1][gc,age       ] GC(9) Desired survivor size 4358144 bytes, new threshold 6 (max threshold 6)
[2020-09-10T17:26:41.718+0000][1][gc,age       ] GC(9) Age table with threshold 6 (max threshold 6)
[2020-09-10T17:26:41.718+0000][1][gc,age       ] GC(9) - age   1:     183096 bytes,     183096 total
[2020-09-10T17:26:41.718+0000][1][gc,age       ] GC(9) - age   2:     829104 bytes,    1012200 total
[2020-09-10T17:26:41.718+0000][1][gc,age       ] GC(9) - age   3:     445856 bytes,    1458056 total
[2020-09-10T17:26:41.718+0000][1][gc,age       ] GC(9) - age   4:    1523976 bytes,    2982032 total
[2020-09-10T17:26:41.718+0000][1][gc,heap      ] GC(9) ParNew: 75026K->4429K(76672K)
[2020-09-10T17:26:41.718+0000][1][gc,heap      ] GC(9) CMS: 11035K->12586K(2011968K)
[2020-09-10T17:26:41.718+0000][1][gc,metaspace ] GC(9) Metaspace: 21514K->21514K(1069056K)
[2020-09-10T17:26:41.718+0000][1][gc           ] GC(9) Pause Young (Allocation Failure) 84M->16M(2039M) 75.316ms
[2020-09-10T17:26:41.718+0000][1][gc,cpu       ] GC(9) User=0.01s Sys=0.00s Real=0.07s
[2020-09-10T17:26:41.736+0000][1][safepoint    ] Safepoint "GenCollectForAllocation", Time since last: 755307332 ns, Reaching safepoint: 472038 ns, At safepoint: 93445613 ns, Total: 93917651 ns
[2020-09-10T17:26:42.490+0000][1][gc,start     ] GC(10) Pause Young (Allocation Failure)
[2020-09-10T17:26:42.490+0000][1][gc,task      ] GC(10) Using 1 workers of 1 for evacuation
[2020-09-10T17:26:42.568+0000][1][gc,age       ] GC(10) Desired survivor size 4358144 bytes, new threshold 6 (max threshold 6)
[2020-09-10T17:26:42.568+0000][1][gc,age       ] GC(10) Age table with threshold 6 (max threshold 6)
[2020-09-10T17:26:42.568+0000][1][gc,age       ] GC(10) - age   1:     451312 bytes,     451312 total
[2020-09-10T17:26:42.568+0000][1][gc,age       ] GC(10) - age   2:     146808 bytes,     598120 total
[2020-09-10T17:26:42.568+0000][1][gc,age       ] GC(10) - age   3:     829104 bytes,    1427224 total
[2020-09-10T17:26:42.568+0000][1][gc,age       ] GC(10) - age   4:     445832 bytes,    1873056 total
[2020-09-10T17:26:42.568+0000][1][gc,age       ] GC(10) - age   5:    1523952 bytes,    3397008 total
[2020-09-10T17:26:42.568+0000][1][gc,heap      ] GC(10) ParNew: 72589K->6582K(76672K)
[2020-09-10T17:26:42.568+0000][1][gc,heap      ] GC(10) CMS: 12586K->12586K(2011968K)
[2020-09-10T17:26:42.568+0000][1][gc,metaspace ] GC(10) Metaspace: 21651K->21651K(1069056K)
[2020-09-10T17:26:42.568+0000][1][gc           ] GC(10) Pause Young (Allocation Failure) 83M->18M(2039M) 78.311ms
[2020-09-10T17:26:42.568+0000][1][gc,cpu       ] GC(10) User=0.01s Sys=0.00s Real=0.08s
[2020-09-10T17:26:42.585+0000][1][safepoint    ] Safepoint "GenCollectForAllocation", Time since last: 753321501 ns, Reaching safepoint: 103548 ns, At safepoint: 95063217 ns, Total: 95166765 ns
[2020-09-10T17:26:43.624+0000][1][safepoint    ] Safepoint "Cleanup", Time since last: 1038066174 ns, Reaching safepoint: 854756 ns, At safepoint: 6733 ns, Total: 861489 ns
[2020-09-10T17:26:43.731+0000][1][gc,start     ] GC(11) Pause Young (Allocation Failure)
[2020-09-10T17:26:43.731+0000][1][gc,task      ] GC(11) Using 1 workers of 1 for evacuation
[2020-09-10T17:26:43.887+0000][1][gc,age       ] GC(11) Desired survivor size 4358144 bytes, new threshold 6 (max threshold 6)
[2020-09-10T17:26:43.887+0000][1][gc,age       ] GC(11) Age table with threshold 6 (max threshold 6)
[2020-09-10T17:26:43.887+0000][1][gc,age       ] GC(11) - age   1:    2365768 bytes,    2365768 total
[2020-09-10T17:26:43.887+0000][1][gc,age       ] GC(11) - age   2:     403256 bytes,    2769024 total
[2020-09-10T17:26:43.887+0000][1][gc,age       ] GC(11) - age   3:     146808 bytes,    2915832 total
[2020-09-10T17:26:43.887+0000][1][gc,age       ] GC(11) - age   4:     829104 bytes,    3744936 total
[2020-09-10T17:26:43.887+0000][1][gc,age       ] GC(11) - age   5:     445832 bytes,    4190768 total
[2020-09-10T17:26:43.887+0000][1][gc,age       ] GC(11) - age   6:    1523664 bytes,    5714432 total
[2020-09-10T17:26:43.887+0000][1][gc,heap      ] GC(11) ParNew: 74742K->6200K(76672K)
[2020-09-10T17:26:43.887+0000][1][gc,heap      ] GC(11) CMS: 12586K->12586K(2011968K)
[2020-09-10T17:26:43.887+0000][1][gc,metaspace ] GC(11) Metaspace: 22558K->22558K(1071104K)
[2020-09-10T17:26:43.887+0000][1][gc           ] GC(11) Pause Young (Allocation Failure) 85M->18M(2039M) 156.405ms
[2020-09-10T17:26:43.887+0000][1][gc,cpu       ] GC(11) User=0.04s Sys=0.00s Real=0.16s
[2020-09-10T17:26:43.891+0000][1][safepoint    ] Safepoint "GenCollectForAllocation", Time since last: 107146754 ns, Reaching safepoint: 108937 ns, At safepoint: 159881176 ns, Total: 159990113 ns
[2020-09-10T17:26:44.527+0000][1][gc,start     ] GC(12) Pause Young (Allocation Failure)
[2020-09-10T17:26:44.527+0000][1][gc,task      ] GC(12) Using 1 workers of 1 for evacuation
[2020-09-10T17:26:44.670+0000][1][gc,age       ] GC(12) Desired survivor size 4358144 bytes, new threshold 6 (max threshold 6)
[2020-09-10T17:26:44.670+0000][1][gc,age       ] GC(12) Age table with threshold 6 (max threshold 6)
[2020-09-10T17:26:44.670+0000][1][gc,age       ] GC(12) - age   1:     875776 bytes,     875776 total
[2020-09-10T17:26:44.670+0000][1][gc,age       ] GC(12) - age   2:     543800 bytes,    1419576 total
[2020-09-10T17:26:44.670+0000][1][gc,age       ] GC(12) - age   3:     403256 bytes,    1822832 total
[2020-09-10T17:26:44.670+0000][1][gc,age       ] GC(12) - age   4:     146704 bytes,    1969536 total
[2020-09-10T17:26:44.670+0000][1][gc,age       ] GC(12) - age   5:     828960 bytes,    2798496 total
[2020-09-10T17:26:44.670+0000][1][gc,age       ] GC(12) - age   6:     445688 bytes,    3244184 total
[2020-09-10T17:26:44.670+0000][1][gc,heap      ] GC(12) ParNew: 74360K->4702K(76672K)
[2020-09-10T17:26:44.670+0000][1][gc,heap      ] GC(12) CMS: 12586K->14086K(2011968K)
[2020-09-10T17:26:44.670+0000][1][gc,metaspace ] GC(12) Metaspace: 22579K->22579K(1071104K)
[2020-09-10T17:26:44.670+0000][1][gc           ] GC(12) Pause Young (Allocation Failure) 84M->18M(2039M) 143.416ms
[2020-09-10T17:26:44.670+0000][1][gc,cpu       ] GC(12) User=0.04s Sys=0.00s Real=0.14s
[2020-09-10T17:26:44.703+0000][1][safepoint    ] Safepoint "GenCollectForAllocation", Time since last: 636023923 ns, Reaching safepoint: 115490 ns, At safepoint: 175860115 ns, Total: 175975605 ns
[2020-09-10T17:26:45.337+0000][1][gc,start     ] GC(13) Pause Young (Allocation Failure)
[2020-09-10T17:26:45.337+0000][1][gc,task      ] GC(13) Using 1 workers of 1 for evacuation
[2020-09-10T17:26:45.450+0000][1][gc,age       ] GC(13) Desired survivor size 4358144 bytes, new threshold 6 (max threshold 6)
[2020-09-10T17:26:45.450+0000][1][gc,age       ] GC(13) Age table with threshold 6 (max threshold 6)
[2020-09-10T17:26:45.450+0000][1][gc,age       ] GC(13) - age   1:     115952 bytes,     115952 total
[2020-09-10T17:26:45.450+0000][1][gc,age       ] GC(13) - age   2:     207488 bytes,     323440 total
[2020-09-10T17:26:45.450+0000][1][gc,age       ] GC(13) - age   3:     543688 bytes,     867128 total
[2020-09-10T17:26:45.450+0000][1][gc,age       ] GC(13) - age   4:     403256 bytes,    1270384 total
[2020-09-10T17:26:45.450+0000][1][gc,age       ] GC(13) - age   5:     146704 bytes,    1417088 total
[2020-09-10T17:26:45.450+0000][1][gc,age       ] GC(13) - age   6:     828960 bytes,    2246048 total
[2020-09-10T17:26:45.450+0000][1][gc,heap      ] GC(13) ParNew: 72862K->3551K(76672K)
[2020-09-10T17:26:45.450+0000][1][gc,heap      ] GC(13) CMS: 14086K->14525K(2011968K)
[2020-09-10T17:26:45.450+0000][1][gc,metaspace ] GC(13) Metaspace: 22594K->22594K(1071104K)
[2020-09-10T17:26:45.450+0000][1][gc           ] GC(13) Pause Young (Allocation Failure) 84M->17M(2039M) 113.689ms
[2020-09-10T17:26:45.450+0000][1][gc,cpu       ] GC(13) User=0.03s Sys=0.00s Real=0.12s
[2020-09-10T17:26:45.467+0000][1][safepoint    ] Safepoint "GenCollectForAllocation", Time since last: 633881492 ns, Reaching safepoint: 112841 ns, At safepoint: 129997997 ns, Total: 130110838 ns
[2020-09-10T17:26:46.239+0000][1][gc,start     ] GC(14) Pause Young (Allocation Failure)
[2020-09-10T17:26:46.239+0000][1][gc,task      ] GC(14) Using 1 workers of 1 for evacuation
[2020-09-10T17:26:46.376+0000][1][gc,age       ] GC(14) Desired survivor size 4358144 bytes, new threshold 6 (max threshold 6)
[2020-09-10T17:26:46.376+0000][1][gc,age       ] GC(14) Age table with threshold 6 (max threshold 6)
[2020-09-10T17:26:46.376+0000][1][gc,age       ] GC(14) - age   1:    1088040 bytes,    1088040 total
[2020-09-10T17:26:46.376+0000][1][gc,age       ] GC(14) - age   2:      87304 bytes,    1175344 total
[2020-09-10T17:26:46.376+0000][1][gc,age       ] GC(14) - age   3:     207488 bytes,    1382832 total
[2020-09-10T17:26:46.376+0000][1][gc,age       ] GC(14) - age   4:     543688 bytes,    1926520 total
[2020-09-10T17:26:46.376+0000][1][gc,age       ] GC(14) - age   5:     403256 bytes,    2329776 total
[2020-09-10T17:26:46.376+0000][1][gc,age       ] GC(14) - age   6:     146704 bytes,    2476480 total
[2020-09-10T17:26:46.376+0000][1][gc,heap      ] GC(14) ParNew: 71711K->2532K(76672K)
[2020-09-10T17:26:46.376+0000][1][gc,heap      ] GC(14) CMS: 14525K->15341K(2011968K)
[2020-09-10T17:26:46.376+0000][1][gc,metaspace ] GC(14) Metaspace: 22762K->22762K(1071104K)
[2020-09-10T17:26:46.376+0000][1][gc           ] GC(14) Pause Young (Allocation Failure) 84M->17M(2039M) 137.511ms
[2020-09-10T17:26:46.376+0000][1][gc,cpu       ] GC(14) User=0.04s Sys=0.00s Real=0.13s
[2020-09-10T17:26:46.380+0000][1][safepoint    ] Safepoint "GenCollectForAllocation", Time since last: 772012856 ns, Reaching safepoint: 112014 ns, At safepoint: 141510807 ns, Total: 141622821 ns
[2020-09-10T17:26:47.079+0000][1][gc,start     ] GC(15) Pause Young (Allocation Failure)
[2020-09-10T17:26:47.079+0000][1][gc,task      ] GC(15) Using 1 workers of 1 for evacuation
[2020-09-10T17:26:47.182+0000][1][gc,age       ] GC(15) Desired survivor size 4358144 bytes, new threshold 6 (max threshold 6)
[2020-09-10T17:26:47.182+0000][1][gc,age       ] GC(15) Age table with threshold 6 (max threshold 6)
[2020-09-10T17:26:47.182+0000][1][gc,age       ] GC(15) - age   1:     779208 bytes,     779208 total
[2020-09-10T17:26:47.182+0000][1][gc,age       ] GC(15) - age   2:     327608 bytes,    1106816 total
[2020-09-10T17:26:47.182+0000][1][gc,age       ] GC(15) - age   3:      87304 bytes,    1194120 total
[2020-09-10T17:26:47.182+0000][1][gc,age       ] GC(15) - age   4:     207488 bytes,    1401608 total
[2020-09-10T17:26:47.182+0000][1][gc,age       ] GC(15) - age   5:     543688 bytes,    1945296 total
[2020-09-10T17:26:47.182+0000][1][gc,age       ] GC(15) - age   6:     403256 bytes,    2348552 total
[2020-09-10T17:26:47.182+0000][1][gc,heap      ] GC(15) ParNew: 70692K->2447K(76672K)
[2020-09-10T17:26:47.182+0000][1][gc,heap      ] GC(15) CMS: 15341K->15489K(2011968K)
[2020-09-10T17:26:47.182+0000][1][gc,metaspace ] GC(15) Metaspace: 22850K->22850K(1071104K)
[2020-09-10T17:26:47.182+0000][1][gc           ] GC(15) Pause Young (Allocation Failure) 84M->17M(2039M) 102.942ms
[2020-09-10T17:26:47.182+0000][1][gc,cpu       ] GC(15) User=0.03s Sys=0.00s Real=0.10s
[2020-09-10T17:26:47.207+0000][1][safepoint    ] Safepoint "GenCollectForAllocation", Time since last: 698389368 ns, Reaching safepoint: 109058 ns, At safepoint: 127879214 ns, Total: 127988272 ns
[2020-09-10T17:26:47.756+0000][1][gc,start     ] GC(16) Pause Young (Allocation Failure)
[2020-09-10T17:26:47.756+0000][1][gc,task      ] GC(16) Using 1 workers of 1 for evacuation
[2020-09-10T17:26:47.843+0000][1][gc,age       ] GC(16) Desired survivor size 4358144 bytes, new threshold 6 (max threshold 6)
[2020-09-10T17:26:47.843+0000][1][gc,age       ] GC(16) Age table with threshold 6 (max threshold 6)
[2020-09-10T17:26:47.843+0000][1][gc,age       ] GC(16) - age   1:    2034736 bytes,    2034736 total
[2020-09-10T17:26:47.843+0000][1][gc,age       ] GC(16) - age   2:     188448 bytes,    2223184 total
[2020-09-10T17:26:47.843+0000][1][gc,age       ] GC(16) - age   3:     327608 bytes,    2550792 total
[2020-09-10T17:26:47.843+0000][1][gc,age       ] GC(16) - age   4:      87304 bytes,    2638096 total
[2020-09-10T17:26:47.843+0000][1][gc,age       ] GC(16) - age   5:     207336 bytes,    2845432 total
[2020-09-10T17:26:47.843+0000][1][gc,age       ] GC(16) - age   6:     543688 bytes,    3389120 total
[2020-09-10T17:26:47.843+0000][1][gc,heap      ] GC(16) ParNew: 70607K->4663K(76672K)
[2020-09-10T17:26:47.843+0000][1][gc,heap      ] GC(16) CMS: 15489K->15887K(2011968K)
[2020-09-10T17:26:47.843+0000][1][gc,metaspace ] GC(16) Metaspace: 22867K->22867K(1071104K)
[2020-09-10T17:26:47.843+0000][1][gc           ] GC(16) Pause Young (Allocation Failure) 84M->20M(2039M) 86.722ms
[2020-09-10T17:26:47.843+0000][1][gc,cpu       ] GC(16) User=0.02s Sys=0.00s Real=0.09s
[2020-09-10T17:26:47.855+0000][1][safepoint    ] Safepoint "GenCollectForAllocation", Time since last: 549429055 ns, Reaching safepoint: 120192 ns, At safepoint: 98466647 ns, Total: 98586839 ns
[2020-09-10T17:26:47.944+0000][1][safepoint    ] Safepoint "Deoptimize", Time since last: 88836169 ns, Reaching safepoint: 106554 ns, At safepoint: 213841 ns, Total: 320395 ns
[2020-09-10T17:26:48.954+0000][1][safepoint    ] Safepoint "Cleanup", Time since last: 1010089784 ns, Reaching safepoint: 132793 ns, At safepoint: 6104 ns, Total: 138897 ns
[2020-09-10T17:26:49.739+0000][1][safepoint    ] Safepoint "RevokeBias", Time since last: 768521624 ns, Reaching safepoint: 16233191 ns, At safepoint: 43170 ns, Total: 16276361 ns
[2020-09-10T17:26:49.755+0000][1][safepoint    ] Safepoint "RevokeBias", Time since last: 15831213 ns, Reaching safepoint: 37185 ns, At safepoint: 27443 ns, Total: 64628 ns
[2020-09-10T17:26:50.776+0000][1][safepoint    ] Safepoint "Cleanup", Time since last: 1003899442 ns, Reaching safepoint: 17375184 ns, At safepoint: 8112 ns, Total: 17383296 ns
[2020-09-10T17:26:51.403+0000][1][safepoint    ] Safepoint "Deoptimize", Time since last: 626629688 ns, Reaching safepoint: 115134 ns, At safepoint: 213730 ns, Total: 328864 ns
[2020-09-10T17:26:51.455+0000][1][safepoint    ] Safepoint "RevokeBias", Time since last: 51662173 ns, Reaching safepoint: 105141 ns, At safepoint: 38898 ns, Total: 144039 ns
[2020-09-10T17:26:51.539+0000][1][safepoint    ] Safepoint "Deoptimize", Time since last: 83868166 ns, Reaching safepoint: 100797 ns, At safepoint: 215523 ns, Total: 316320 ns
[2020-09-10T17:26:52.541+0000][1][safepoint    ] Safepoint "Cleanup", Time since last: 1000112738 ns, Reaching safepoint: 2256503 ns, At safepoint: 10877 ns, Total: 2267380 ns
[2020-09-10T17:26:53.155+0000][1][safepoint    ] Safepoint "RevokeBias", Time since last: 613042261 ns, Reaching safepoint: 117222 ns, At safepoint: 51784 ns, Total: 169006 ns
[2020-09-10T17:26:53.886+0000][1][safepoint    ] Safepoint "RevokeBias", Time since last: 728550915 ns, Reaching safepoint: 2691962 ns, At safepoint: 63767 ns, Total: 2755729 ns
[2020-09-10T17:26:54.887+0000][1][safepoint    ] Safepoint "Cleanup", Time since last: 1000141686 ns, Reaching safepoint: 835062 ns, At safepoint: 6522 ns, Total: 841584 ns
[2020-09-10T17:26:55.612+0000][1][gc,start     ] GC(17) Pause Young (Allocation Failure)
[2020-09-10T17:26:55.612+0000][1][gc,task      ] GC(17) Using 1 workers of 1 for evacuation
[2020-09-10T17:26:55.785+0000][1][gc,age       ] GC(17) Desired survivor size 4358144 bytes, new threshold 1 (max threshold 6)
[2020-09-10T17:26:55.785+0000][1][gc,age       ] GC(17) Age table with threshold 1 (max threshold 6)
[2020-09-10T17:26:55.785+0000][1][gc,age       ] GC(17) - age   1:    7841352 bytes,    7841352 total
[2020-09-10T17:26:55.785+0000][1][gc,age       ] GC(17) - age   2:      73080 bytes,    7914432 total
[2020-09-10T17:26:55.785+0000][1][gc,age       ] GC(17) - age   3:     186032 bytes,    8100464 total
[2020-09-10T17:26:55.785+0000][1][gc,age       ] GC(17) - age   4:     321384 bytes,    8421848 total
[2020-09-10T17:26:55.785+0000][1][gc,age       ] GC(17) - age   5:      87112 bytes,    8508960 total
[2020-09-10T17:26:55.785+0000][1][gc,age       ] GC(17) - age   6:     207128 bytes,    8716088 total
[2020-09-10T17:26:55.785+0000][1][gc,heap      ] GC(17) ParNew: 72823K->8512K(76672K)
[2020-09-10T17:26:55.785+0000][1][gc,heap      ] GC(17) CMS: 15887K->16720K(2011968K)
[2020-09-10T17:26:55.785+0000][1][gc,metaspace ] GC(17) Metaspace: 29672K->29672K(1077248K)
[2020-09-10T17:26:55.786+0000][1][gc           ] GC(17) Pause Young (Allocation Failure) 86M->24M(2039M) 173.600ms
[2020-09-10T17:26:55.786+0000][1][gc,cpu       ] GC(17) User=0.05s Sys=0.00s Real=0.17s
[2020-09-10T17:26:55.811+0000][1][safepoint    ] Safepoint "GenCollectForAllocation", Time since last: 724822731 ns, Reaching safepoint: 172192 ns, At safepoint: 198689534 ns, Total: 198861726 ns
[2020-09-10T17:26:56.835+0000][1][safepoint    ] Safepoint "Cleanup", Time since last: 1024109667 ns, Reaching safepoint: 122873 ns, At safepoint: 7571 ns, Total: 130444 ns
[2020-09-10T17:26:57.843+0000][1][safepoint    ] Safepoint "Cleanup", Time since last: 1007842350 ns, Reaching safepoint: 106864 ns, At safepoint: 5046 ns, Total: 111910 ns
[2020-09-10T17:26:58.847+0000][1][safepoint    ] Safepoint "Cleanup", Time since last: 1003885560 ns, Reaching safepoint: 116574 ns, At safepoint: 6291 ns, Total: 122865 ns
[2020-09-10T17:26:59.862+0000][1][safepoint    ] Safepoint "Cleanup", Time since last: 1011899256 ns, Reaching safepoint: 3041950 ns, At safepoint: 13891 ns, Total: 3055841 ns
[2020-09-10T17:27:00.875+0000][1][safepoint    ] Safepoint "Cleanup", Time since last: 1008929952 ns, Reaching safepoint: 4061381 ns, At safepoint: 15072 ns, Total: 4076453 ns
[2020-09-10T17:27:01.555+0000][1][gc,start     ] GC(18) Pause Young (Allocation Failure)
[2020-09-10T17:27:01.555+0000][1][gc,task      ] GC(18) Using 1 workers of 1 for evacuation
[2020-09-10T17:27:01.971+0000][1][gc,age       ] GC(18) Desired survivor size 4358144 bytes, new threshold 1 (max threshold 6)
[2020-09-10T17:27:01.971+0000][1][gc,age       ] GC(18) Age table with threshold 1 (max threshold 6)
[2020-09-10T17:27:01.971+0000][1][gc,age       ] GC(18) - age   1:    8133232 bytes,    8133232 total
[2020-09-10T17:27:01.972+0000][1][gc,heap      ] GC(18) ParNew: 76672K->8512K(76672K)
[2020-09-10T17:27:01.972+0000][1][gc,heap      ] GC(18) CMS: 16720K->25564K(2011968K)
[2020-09-10T17:27:01.972+0000][1][gc,metaspace ] GC(18) Metaspace: 29818K->29818K(1077248K)
[2020-09-10T17:27:01.972+0000][1][gc           ] GC(18) Pause Young (Allocation Failure) 91M->33M(2039M) 416.766ms
[2020-09-10T17:27:01.972+0000][1][gc,cpu       ] GC(18) User=0.10s Sys=0.00s Real=0.42s
[2020-09-10T17:27:01.984+0000][1][safepoint    ] Safepoint "GenCollectForAllocation", Time since last: 679944617 ns, Reaching safepoint: 109970 ns, At safepoint: 429378982 ns, Total: 429488952 ns
[2020-09-10T17:27:03.027+0000][1][safepoint    ] Safepoint "Cleanup", Time since last: 1042418528 ns, Reaching safepoint: 72620 ns, At safepoint: 5290 ns, Total: 77910 ns
[2020-09-10T17:27:05.045+0000][1][safepoint    ] Safepoint "Cleanup", Time since last: 2007077632 ns, Reaching safepoint: 11038830 ns, At safepoint: 12898 ns, Total: 11051728 ns
[2020-09-10T17:27:06.791+0000][1][gc,start     ] GC(19) Pause Young (Allocation Failure)
[2020-09-10T17:27:06.791+0000][1][gc,task      ] GC(19) Using 1 workers of 1 for evacuation
[2020-09-10T17:27:06.974+0000][1][gc,age       ] GC(19) Desired survivor size 4358144 bytes, new threshold 1 (max threshold 6)
[2020-09-10T17:27:06.974+0000][1][gc,age       ] GC(19) Age table with threshold 1 (max threshold 6)
[2020-09-10T17:27:06.974+0000][1][gc,age       ] GC(19) - age   1:    8313864 bytes,    8313864 total
[2020-09-10T17:27:06.974+0000][1][gc,heap      ] GC(19) ParNew: 76672K->8512K(76672K)
[2020-09-10T17:27:06.974+0000][1][gc,heap      ] GC(19) CMS: 25564K->33511K(2011968K)
[2020-09-10T17:27:06.974+0000][1][gc,metaspace ] GC(19) Metaspace: 29859K->29859K(1077248K)
[2020-09-10T17:27:06.974+0000][1][gc           ] GC(19) Pause Young (Allocation Failure) 99M->41M(2039M) 183.394ms
[2020-09-10T17:27:06.974+0000][1][gc,cpu       ] GC(19) User=0.05s Sys=0.00s Real=0.18s
[2020-09-10T17:27:07.007+0000][1][safepoint    ] Safepoint "GenCollectForAllocation", Time since last: 1741876223 ns, Reaching safepoint: 4011206 ns, At safepoint: 216006419 ns, Total: 220017625 ns
[2020-09-10T17:27:08.031+0000][1][safepoint    ] Safepoint "Cleanup", Time since last: 1023968590 ns, Reaching safepoint: 112115 ns, At safepoint: 6355 ns, Total: 118470 ns
[2020-09-10T17:27:08.753+0000][1][safepoint    ] Safepoint "RevokeBias", Time since last: 721918130 ns, Reaching safepoint: 95909 ns, At safepoint: 44907 ns, Total: 140816 ns
[2020-09-10T17:27:09.763+0000][1][safepoint    ] Safepoint "Cleanup", Time since last: 1009837151 ns, Reaching safepoint: 210678 ns, At safepoint: 6510 ns, Total: 217188 ns
[2020-09-10T17:27:10.783+0000][1][safepoint    ] Safepoint "Cleanup", Time since last: 1000119954 ns, Reaching safepoint: 19706067 ns, At safepoint: 14844 ns, Total: 19720911 ns
[2020-09-10T17:27:10.943+0000][1][gc,start     ] GC(20) Pause Young (Allocation Failure)
[2020-09-10T17:27:10.943+0000][1][gc,task      ] GC(20) Using 1 workers of 1 for evacuation
[2020-09-10T17:27:11.099+0000][1][gc,age       ] GC(20) Desired survivor size 4358144 bytes, new threshold 1 (max threshold 6)
[2020-09-10T17:27:11.099+0000][1][gc,age       ] GC(20) Age table with threshold 1 (max threshold 6)
[2020-09-10T17:27:11.099+0000][1][gc,age       ] GC(20) - age   1:    4492976 bytes,    4492976 total
[2020-09-10T17:27:11.099+0000][1][gc,heap      ] GC(20) ParNew: 76672K->8025K(76672K)
[2020-09-10T17:27:11.099+0000][1][gc,heap      ] GC(20) CMS: 33511K->41131K(2011968K)
[2020-09-10T17:27:11.099+0000][1][gc,metaspace ] GC(20) Metaspace: 32083K->32083K(1079296K)
[2020-09-10T17:27:11.099+0000][1][gc           ] GC(20) Pause Young (Allocation Failure) 107M->48M(2039M) 156.478ms
[2020-09-10T17:27:11.099+0000][1][gc,cpu       ] GC(20) User=0.04s Sys=0.00s Real=0.16s
[2020-09-10T17:27:11.114+0000][1][safepoint    ] Safepoint "GenCollectForAllocation", Time since last: 155943115 ns, Reaching safepoint: 4025526 ns, At safepoint: 171479407 ns, Total: 175504933 ns
[2020-09-10T17:27:11.759+0000][1][safepoint    ] Safepoint "Deoptimize", Time since last: 642582090 ns, Reaching safepoint: 1915340 ns, At safepoint: 299060 ns, Total: 2214400 ns
[2020-09-10T17:27:12.768+0000][1][safepoint    ] Safepoint "Cleanup", Time since last: 1007690815 ns, Reaching safepoint: 1686650 ns, At safepoint: 11880 ns, Total: 1698530 ns
[2020-09-10T17:27:13.770+0000][1][safepoint    ] Safepoint "Cleanup", Time since last: 1001776202 ns, Reaching safepoint: 144141 ns, At safepoint: 5578 ns, Total: 149719 ns
[2020-09-10T17:27:14.555+0000][1][safepoint    ] Safepoint "Deoptimize", Time since last: 784790381 ns, Reaching safepoint: 111878 ns, At safepoint: 276041 ns, Total: 387919 ns
[2020-09-10T17:27:15.557+0000][1][safepoint    ] Safepoint "Cleanup", Time since last: 1000986888 ns, Reaching safepoint: 120282 ns, At safepoint: 6000 ns, Total: 126282 ns
[2020-09-10T17:27:15.719+0000][1][gc,start     ] GC(21) Pause Young (Allocation Failure)
[2020-09-10T17:27:15.719+0000][1][gc,task      ] GC(21) Using 1 workers of 1 for evacuation
[2020-09-10T17:27:15.818+0000][1][gc,age       ] GC(21) Desired survivor size 4358144 bytes, new threshold 6 (max threshold 6)
[2020-09-10T17:27:15.818+0000][1][gc,age       ] GC(21) Age table with threshold 6 (max threshold 6)
[2020-09-10T17:27:15.818+0000][1][gc,age       ] GC(21) - age   1:     947984 bytes,     947984 total
[2020-09-10T17:27:15.818+0000][1][gc,heap      ] GC(21) ParNew: 76185K->3651K(76672K)
[2020-09-10T17:27:15.818+0000][1][gc,heap      ] GC(21) CMS: 41131K->45445K(2011968K)
[2020-09-10T17:27:15.818+0000][1][gc,metaspace ] GC(21) Metaspace: 32386K->32386K(1079296K)
[2020-09-10T17:27:15.818+0000][1][gc           ] GC(21) Pause Young (Allocation Failure) 114M->47M(2039M) 99.153ms
[2020-09-10T17:27:15.818+0000][1][gc,cpu       ] GC(21) User=0.02s Sys=0.00s Real=0.09s
[2020-09-10T17:27:15.842+0000][1][safepoint    ] Safepoint "GenCollectForAllocation", Time since last: 162122554 ns, Reaching safepoint: 105811 ns, At safepoint: 122801612 ns, Total: 122907423 ns
[2020-09-10T17:27:16.895+0000][1][safepoint    ] Safepoint "Cleanup", Time since last: 1035657837 ns, Reaching safepoint: 17419901 ns, At safepoint: 11174 ns, Total: 17431075 ns
[2020-09-10T17:27:16.955+0000][1][gc,start     ] GC(22) Pause Young (Allocation Failure)
[2020-09-10T17:27:16.955+0000][1][gc,task      ] GC(22) Using 1 workers of 1 for evacuation
[2020-09-10T17:27:17.038+0000][1][gc,age       ] GC(22) Desired survivor size 4358144 bytes, new threshold 6 (max threshold 6)
[2020-09-10T17:27:17.038+0000][1][gc,age       ] GC(22) Age table with threshold 6 (max threshold 6)
[2020-09-10T17:27:17.038+0000][1][gc,age       ] GC(22) - age   1:     250088 bytes,     250088 total
[2020-09-10T17:27:17.038+0000][1][gc,age       ] GC(22) - age   2:     440552 bytes,     690640 total
[2020-09-10T17:27:17.038+0000][1][gc,heap      ] GC(22) ParNew: 71811K->1144K(76672K)
[2020-09-10T17:27:17.038+0000][1][gc,heap      ] GC(22) CMS: 45445K->45445K(2011968K)
[2020-09-10T17:27:17.038+0000][1][gc,metaspace ] GC(22) Metaspace: 32399K->32399K(1079296K)
[2020-09-10T17:27:17.038+0000][1][gc           ] GC(22) Pause Young (Allocation Failure) 114M->45M(2039M) 83.415ms
[2020-09-10T17:27:17.038+0000][1][gc,cpu       ] GC(22) User=0.02s Sys=0.00s Real=0.08s
[2020-09-10T17:27:17.065+0000][1][safepoint    ] Safepoint "GenCollectForAllocation", Time since last: 59965127 ns, Reaching safepoint: 109702 ns, At safepoint: 110483759 ns, Total: 110593461 ns
[2020-09-10T17:27:17.647+0000][1][gc,start     ] GC(23) Pause Young (Allocation Failure)
[2020-09-10T17:27:17.647+0000][1][gc,task      ] GC(23) Using 1 workers of 1 for evacuation
[2020-09-10T17:27:17.736+0000][1][gc,age       ] GC(23) Desired survivor size 4358144 bytes, new threshold 6 (max threshold 6)
[2020-09-10T17:27:17.736+0000][1][gc,age       ] GC(23) Age table with threshold 6 (max threshold 6)
[2020-09-10T17:27:17.736+0000][1][gc,age       ] GC(23) - age   1:        152 bytes,        152 total
[2020-09-10T17:27:17.736+0000][1][gc,age       ] GC(23) - age   2:     249936 bytes,     250088 total
[2020-09-10T17:27:17.736+0000][1][gc,age       ] GC(23) - age   3:     440552 bytes,     690640 total
[2020-09-10T17:27:17.736+0000][1][gc,heap      ] GC(23) ParNew: 69304K->1078K(76672K)
[2020-09-10T17:27:17.736+0000][1][gc,heap      ] GC(23) CMS: 45445K->45445K(2011968K)
[2020-09-10T17:27:17.736+0000][1][gc,metaspace ] GC(23) Metaspace: 32400K->32400K(1079296K)
[2020-09-10T17:27:17.736+0000][1][gc           ] GC(23) Pause Young (Allocation Failure) 112M->45M(2039M) 89.557ms
[2020-09-10T17:27:17.736+0000][1][gc,cpu       ] GC(23) User=0.02s Sys=0.00s Real=0.08s
[2020-09-10T17:27:17.759+0000][1][safepoint    ] Safepoint "GenCollectForAllocation", Time since last: 581424160 ns, Reaching safepoint: 114014 ns, At safepoint: 111884728 ns, Total: 111998742 ns
[2020-09-10T17:27:18.275+0000][1][gc,start     ] GC(24) Pause Young (Allocation Failure)
[2020-09-10T17:27:18.275+0000][1][gc,task      ] GC(24) Using 1 workers of 1 for evacuation
[2020-09-10T17:27:18.368+0000][1][gc,age       ] GC(24) Desired survivor size 4358144 bytes, new threshold 6 (max threshold 6)
[2020-09-10T17:27:18.368+0000][1][gc,age       ] GC(24) Age table with threshold 6 (max threshold 6)
[2020-09-10T17:27:18.368+0000][1][gc,age       ] GC(24) - age   1:        208 bytes,        208 total
[2020-09-10T17:27:18.368+0000][1][gc,age       ] GC(24) - age   3:     249936 bytes,     250144 total
[2020-09-10T17:27:18.368+0000][1][gc,age       ] GC(24) - age   4:     440552 bytes,     690696 total
[2020-09-10T17:27:18.368+0000][1][gc,heap      ] GC(24) ParNew: 69238K->1281K(76672K)
[2020-09-10T17:27:18.368+0000][1][gc,heap      ] GC(24) CMS: 45445K->45445K(2011968K)
[2020-09-10T17:27:18.368+0000][1][gc,metaspace ] GC(24) Metaspace: 32402K->32402K(1079296K)
[2020-09-10T17:27:18.375+0000][1][gc           ] GC(24) Pause Young (Allocation Failure) 111M->45M(2039M) 99.881ms
[2020-09-10T17:27:18.375+0000][1][gc,cpu       ] GC(24) User=0.03s Sys=0.00s Real=0.10s
[2020-09-10T17:27:18.395+0000][1][safepoint    ] Safepoint "GenCollectForAllocation", Time since last: 516031684 ns, Reaching safepoint: 107722 ns, At safepoint: 119850497 ns, Total: 119958219 ns
[2020-09-10T17:27:18.879+0000][1][gc,start     ] GC(25) Pause Young (Allocation Failure)
[2020-09-10T17:27:18.879+0000][1][gc,task      ] GC(25) Using 1 workers of 1 for evacuation
[2020-09-10T17:27:18.937+0000][1][gc,age       ] GC(25) Desired survivor size 4358144 bytes, new threshold 6 (max threshold 6)
[2020-09-10T17:27:18.937+0000][1][gc,age       ] GC(25) Age table with threshold 6 (max threshold 6)
[2020-09-10T17:27:18.937+0000][1][gc,age       ] GC(25) - age   1:         48 bytes,         48 total
[2020-09-10T17:27:18.937+0000][1][gc,age       ] GC(25) - age   4:     249936 bytes,     249984 total
[2020-09-10T17:27:18.937+0000][1][gc,age       ] GC(25) - age   5:     440552 bytes,     690536 total
[2020-09-10T17:27:18.937+0000][1][gc,heap      ] GC(25) ParNew: 69441K->826K(76672K)
[2020-09-10T17:27:18.937+0000][1][gc,heap      ] GC(25) CMS: 45445K->45445K(2011968K)
[2020-09-10T17:27:18.937+0000][1][gc,metaspace ] GC(25) Metaspace: 32402K->32402K(1079296K)
[2020-09-10T17:27:18.937+0000][1][gc           ] GC(25) Pause Young (Allocation Failure) 112M->45M(2039M) 58.034ms
[2020-09-10T17:27:18.937+0000][1][gc,cpu       ] GC(25) User=0.02s Sys=0.00s Real=0.05s
[2020-09-10T17:27:18.952+0000][1][safepoint    ] Safepoint "GenCollectForAllocation", Time since last: 484057096 ns, Reaching safepoint: 104453 ns, At safepoint: 73445123 ns, Total: 73549576 ns
[2020-09-10T17:27:19.211+0000][1][gc,start     ] GC(26) Pause Young (Allocation Failure)
[2020-09-10T17:27:19.211+0000][1][gc,task      ] GC(26) Using 1 workers of 1 for evacuation
[2020-09-10T17:27:19.255+0000][1][gc,age       ] GC(26) Desired survivor size 4358144 bytes, new threshold 6 (max threshold 6)
[2020-09-10T17:27:19.267+0000][1][gc,age       ] GC(26) Age table with threshold 6 (max threshold 6)
[2020-09-10T17:27:19.267+0000][1][gc,age       ] GC(26) - age   1:        224 bytes,        224 total
[2020-09-10T17:27:19.267+0000][1][gc,age       ] GC(26) - age   5:     249936 bytes,     250160 total
[2020-09-10T17:27:19.267+0000][1][gc,age       ] GC(26) - age   6:     440552 bytes,     690712 total
[2020-09-10T17:27:19.267+0000][1][gc,heap      ] GC(26) ParNew: 68986K->1218K(76672K)
[2020-09-10T17:27:19.267+0000][1][gc,heap      ] GC(26) CMS: 45445K->45445K(2011968K)
[2020-09-10T17:27:19.267+0000][1][gc,metaspace ] GC(26) Metaspace: 32402K->32402K(1079296K)
[2020-09-10T17:27:19.267+0000][1][gc           ] GC(26) Pause Young (Allocation Failure) 111M->45M(2039M) 56.121ms
[2020-09-10T17:27:19.267+0000][1][gc,cpu       ] GC(26) User=0.01s Sys=0.01s Real=0.06s
[2020-09-10T17:27:19.267+0000][1][safepoint    ] Safepoint "GenCollectForAllocation", Time since last: 256167752 ns, Reaching safepoint: 2226568 ns, At safepoint: 56198230 ns, Total: 58424798 ns
[2020-09-10T17:27:19.499+0000][1][gc,start     ] GC(27) Pause Young (Allocation Failure)
[2020-09-10T17:27:19.499+0000][1][gc,task      ] GC(27) Using 1 workers of 1 for evacuation
[2020-09-10T17:27:19.541+0000][1][gc,age       ] GC(27) Desired survivor size 4358144 bytes, new threshold 6 (max threshold 6)
[2020-09-10T17:27:19.541+0000][1][gc,age       ] GC(27) Age table with threshold 6 (max threshold 6)
[2020-09-10T17:27:19.541+0000][1][gc,age       ] GC(27) - age   1:         24 bytes,         24 total
[2020-09-10T17:27:19.541+0000][1][gc,age       ] GC(27) - age   6:     249936 bytes,     249960 total
[2020-09-10T17:27:19.541+0000][1][gc,heap      ] GC(27) ParNew: 69378K->405K(76672K)
[2020-09-10T17:27:19.541+0000][1][gc,heap      ] GC(27) CMS: 45445K->45876K(2011968K)
[2020-09-10T17:27:19.541+0000][1][gc,metaspace ] GC(27) Metaspace: 32402K->32402K(1079296K)
[2020-09-10T17:27:19.541+0000][1][gc           ] GC(27) Pause Young (Allocation Failure) 112M->45M(2039M) 41.935ms
[2020-09-10T17:27:19.541+0000][1][gc,cpu       ] GC(27) User=0.01s Sys=0.00s Real=0.04s
[2020-09-10T17:27:19.541+0000][1][safepoint    ] Safepoint "GenCollectForAllocation", Time since last: 228141889 ns, Reaching safepoint: 3678339 ns, At safepoint: 42023851 ns, Total: 45702190 ns
[2020-09-10T17:27:19.773+0000][1][gc,start     ] GC(28) Pause Young (Allocation Failure)
[2020-09-10T17:27:19.773+0000][1][gc,task      ] GC(28) Using 1 workers of 1 for evacuation
[2020-09-10T17:27:19.823+0000][1][gc,age       ] GC(28) Desired survivor size 4358144 bytes, new threshold 6 (max threshold 6)
[2020-09-10T17:27:19.823+0000][1][gc,age       ] GC(28) Age table with threshold 6 (max threshold 6)
[2020-09-10T17:27:19.823+0000][1][gc,age       ] GC(28) - age   1:        144 bytes,        144 total
[2020-09-10T17:27:19.823+0000][1][gc,heap      ] GC(28) ParNew: 68565K->284K(76672K)
[2020-09-10T17:27:19.823+0000][1][gc,heap      ] GC(28) CMS: 45876K->46120K(2011968K)
[2020-09-10T17:27:19.823+0000][1][gc,metaspace ] GC(28) Metaspace: 32402K->32402K(1079296K)
[2020-09-10T17:27:19.823+0000][1][gc           ] GC(28) Pause Young (Allocation Failure) 111M->45M(2039M) 50.103ms
[2020-09-10T17:27:19.823+0000][1][gc,cpu       ] GC(28) User=0.01s Sys=0.00s Real=0.05s
[2020-09-10T17:27:19.823+0000][1][safepoint    ] Safepoint "GenCollectForAllocation", Time since last: 229960152 ns, Reaching safepoint: 2098509 ns, At safepoint: 50187547 ns, Total: 52286056 ns
[2020-09-10T17:27:20.044+0000][1][gc,start     ] GC(29) Pause Young (Allocation Failure)
[2020-09-10T17:27:20.044+0000][1][gc,task      ] GC(29) Using 1 workers of 1 for evacuation
[2020-09-10T17:27:20.092+0000][1][gc,age       ] GC(29) Desired survivor size 4358144 bytes, new threshold 6 (max threshold 6)
[2020-09-10T17:27:20.092+0000][1][gc,age       ] GC(29) Age table with threshold 6 (max threshold 6)
[2020-09-10T17:27:20.092+0000][1][gc,age       ] GC(29) - age   1:        152 bytes,        152 total
[2020-09-10T17:27:20.092+0000][1][gc,age       ] GC(29) - age   2:         72 bytes,        224 total
[2020-09-10T17:27:20.092+0000][1][gc,heap      ] GC(29) ParNew: 68444K->71K(76672K)
[2020-09-10T17:27:20.092+0000][1][gc,heap      ] GC(29) CMS: 46120K->46120K(2011968K)
[2020-09-10T17:27:20.092+0000][1][gc,metaspace ] GC(29) Metaspace: 32402K->32402K(1079296K)
[2020-09-10T17:27:20.092+0000][1][gc           ] GC(29) Pause Young (Allocation Failure) 111M->45M(2039M) 47.819ms
[2020-09-10T17:27:20.092+0000][1][gc,cpu       ] GC(29) User=0.02s Sys=0.00s Real=0.05s
[2020-09-10T17:27:20.092+0000][1][safepoint    ] Safepoint "GenCollectForAllocation", Time since last: 219719266 ns, Reaching safepoint: 1192363 ns, At safepoint: 47882301 ns, Total: 49074664 ns
[2020-09-10T17:27:20.314+0000][1][gc,start     ] GC(30) Pause Young (Allocation Failure)
[2020-09-10T17:27:20.314+0000][1][gc,task      ] GC(30) Using 1 workers of 1 for evacuation
[2020-09-10T17:27:20.367+0000][1][gc,age       ] GC(30) Desired survivor size 4358144 bytes, new threshold 6 (max threshold 6)
[2020-09-10T17:27:20.367+0000][1][gc,age       ] GC(30) Age table with threshold 6 (max threshold 6)
[2020-09-10T17:27:20.367+0000][1][gc,age       ] GC(30) - age   1:        176 bytes,        176 total
[2020-09-10T17:27:20.367+0000][1][gc,age       ] GC(30) - age   3:         72 bytes,        248 total
[2020-09-10T17:27:20.367+0000][1][gc,heap      ] GC(30) ParNew: 68231K->17K(76672K)
[2020-09-10T17:27:20.367+0000][1][gc,heap      ] GC(30) CMS: 46120K->46120K(2011968K)
[2020-09-10T17:27:20.367+0000][1][gc,metaspace ] GC(30) Metaspace: 32402K->32402K(1079296K)
[2020-09-10T17:27:20.367+0000][1][gc           ] GC(30) Pause Young (Allocation Failure) 111M->45M(2039M) 52.801ms
[2020-09-10T17:27:20.367+0000][1][gc,cpu       ] GC(30) User=0.01s Sys=0.00s Real=0.06s
[2020-09-10T17:27:20.367+0000][1][safepoint    ] Safepoint "GenCollectForAllocation", Time since last: 222236885 ns, Reaching safepoint: 110675 ns, At safepoint: 52863739 ns, Total: 52974414 ns
[2020-09-10T17:27:20.591+0000][1][gc,start     ] GC(31) Pause Young (Allocation Failure)
[2020-09-10T17:27:20.591+0000][1][gc,task      ] GC(31) Using 1 workers of 1 for evacuation
[2020-09-10T17:27:20.634+0000][1][gc,age       ] GC(31) Desired survivor size 4358144 bytes, new threshold 6 (max threshold 6)
[2020-09-10T17:27:20.635+0000][1][gc,age       ] GC(31) Age table with threshold 6 (max threshold 6)
[2020-09-10T17:27:20.635+0000][1][gc,age       ] GC(31) - age   1:        160 bytes,        160 total
[2020-09-10T17:27:20.635+0000][1][gc,age       ] GC(31) - age   4:         72 bytes,        232 total
[2020-09-10T17:27:20.635+0000][1][gc,heap      ] GC(31) ParNew: 68177K->4K(76672K)
[2020-09-10T17:27:20.635+0000][1][gc,heap      ] GC(31) CMS: 46120K->46120K(2011968K)
[2020-09-10T17:27:20.635+0000][1][gc,metaspace ] GC(31) Metaspace: 32402K->32402K(1079296K)
[2020-09-10T17:27:20.635+0000][1][gc           ] GC(31) Pause Young (Allocation Failure) 111M->45M(2039M) 43.917ms
[2020-09-10T17:27:20.641+0000][1][gc,cpu       ] GC(31) User=0.01s Sys=0.00s Real=0.04s
[2020-09-10T17:27:20.641+0000][1][safepoint    ] Safepoint "GenCollectForAllocation", Time since last: 222313131 ns, Reaching safepoint: 1393944 ns, At safepoint: 50332145 ns, Total: 51726089 ns
[2020-09-10T17:27:20.872+0000][1][gc,start     ] GC(32) Pause Young (Allocation Failure)
[2020-09-10T17:27:20.872+0000][1][gc,task      ] GC(32) Using 1 workers of 1 for evacuation
[2020-09-10T17:27:20.914+0000][1][gc,age       ] GC(32) Desired survivor size 4358144 bytes, new threshold 6 (max threshold 6)
[2020-09-10T17:27:20.914+0000][1][gc,age       ] GC(32) Age table with threshold 6 (max threshold 6)
[2020-09-10T17:27:20.914+0000][1][gc,age       ] GC(32) - age   1:        208 bytes,        208 total
[2020-09-10T17:27:20.914+0000][1][gc,age       ] GC(32) - age   5:         72 bytes,        280 total
[2020-09-10T17:27:20.914+0000][1][gc,heap      ] GC(32) ParNew: 68164K->2K(76672K)
[2020-09-10T17:27:20.914+0000][1][gc,heap      ] GC(32) CMS: 46120K->46120K(2011968K)
[2020-09-10T17:27:20.914+0000][1][gc,metaspace ] GC(32) Metaspace: 32402K->32402K(1079296K)
[2020-09-10T17:27:20.914+0000][1][gc           ] GC(32) Pause Young (Allocation Failure) 111M->45M(2039M) 41.681ms
[2020-09-10T17:27:20.914+0000][1][gc,cpu       ] GC(32) User=0.02s Sys=0.00s Real=0.04s
[2020-09-10T17:27:20.919+0000][1][safepoint    ] Safepoint "GenCollectForAllocation", Time since last: 229668047 ns, Reaching safepoint: 1381959 ns, At safepoint: 46631237 ns, Total: 48013196 ns
[2020-09-10T17:27:21.141+0000][1][gc,start     ] GC(33) Pause Young (Allocation Failure)
[2020-09-10T17:27:21.141+0000][1][gc,task      ] GC(33) Using 1 workers of 1 for evacuation
[2020-09-10T17:27:21.185+0000][1][gc,age       ] GC(33) Desired survivor size 4358144 bytes, new threshold 6 (max threshold 6)
[2020-09-10T17:27:21.185+0000][1][gc,age       ] GC(33) Age table with threshold 6 (max threshold 6)
[2020-09-10T17:27:21.185+0000][1][gc,age       ] GC(33) - age   1:        232 bytes,        232 total
[2020-09-10T17:27:21.185+0000][1][gc,age       ] GC(33) - age   6:         72 bytes,        304 total
[2020-09-10T17:27:21.185+0000][1][gc,heap      ] GC(33) ParNew: 68162K->2K(76672K)
[2020-09-10T17:27:21.185+0000][1][gc,heap      ] GC(33) CMS: 46120K->46120K(2011968K)
[2020-09-10T17:27:21.185+0000][1][gc,metaspace ] GC(33) Metaspace: 32402K->32402K(1079296K)
[2020-09-10T17:27:21.185+0000][1][gc           ] GC(33) Pause Young (Allocation Failure) 111M->45M(2039M) 44.153ms
[2020-09-10T17:27:21.185+0000][1][gc,cpu       ] GC(33) User=0.01s Sys=0.00s Real=0.04s
[2020-09-10T17:27:21.187+0000][1][safepoint    ] Safepoint "GenCollectForAllocation", Time since last: 219984051 ns, Reaching safepoint: 2112681 ns, At safepoint: 45890025 ns, Total: 48002706 ns
[2020-09-10T17:27:22.227+0000][1][safepoint    ] Safepoint "Cleanup", Time since last: 1039989947 ns, Reaching safepoint: 127003 ns, At safepoint: 5521 ns, Total: 132524 ns
[2020-09-10T17:27:23.355+0000][1][safepoint    ] Safepoint "RevokeBias", Time since last: 1127905256 ns, Reaching safepoint: 101083 ns, At safepoint: 49964 ns, Total: 151047 ns
[2020-09-10T17:27:23.355+0000][1][safepoint    ] Safepoint "RevokeBias", Time since last: 81374 ns, Reaching safepoint: 80087 ns, At safepoint: 32583 ns, Total: 112670 ns
[2020-09-10T17:27:23.355+0000][1][safepoint    ] Safepoint "RevokeBias", Time since last: 34392 ns, Reaching safepoint: 80125 ns, At safepoint: 31204 ns, Total: 111329 ns
[2020-09-10T17:27:23.355+0000][1][safepoint    ] Safepoint "RevokeBias", Time since last: 29894 ns, Reaching safepoint: 78460 ns, At safepoint: 30198 ns, Total: 108658 ns
[2020-09-10T17:27:23.356+0000][1][safepoint    ] Safepoint "RevokeBias", Time since last: 200262 ns, Reaching safepoint: 80450 ns, At safepoint: 31261 ns, Total: 111711 ns
[2020-09-10T17:27:24.371+0000][1][safepoint    ] Safepoint "Cleanup", Time since last: 1013355774 ns, Reaching safepoint: 1685471 ns, At safepoint: 7527 ns, Total: 1692998 ns
[2020-09-10T17:27:25.371+0000][1][safepoint    ] Safepoint "Cleanup", Time since last: 1000111097 ns, Reaching safepoint: 113248 ns, At safepoint: 5670 ns, Total: 118918 ns
[2020-09-10T17:27:25.823+0000][1][gc,start     ] GC(34) Pause Young (Allocation Failure)
[2020-09-10T17:27:25.823+0000][1][gc,task      ] GC(34) Using 1 workers of 1 for evacuation
[2020-09-10T17:27:25.898+0000][1][gc,age       ] GC(34) Desired survivor size 4358144 bytes, new threshold 6 (max threshold 6)
[2020-09-10T17:27:25.898+0000][1][gc,age       ] GC(34) Age table with threshold 6 (max threshold 6)
[2020-09-10T17:27:25.898+0000][1][gc,age       ] GC(34) - age   1:     242064 bytes,     242064 total
[2020-09-10T17:27:25.898+0000][1][gc,heap      ] GC(34) ParNew: 68162K->237K(76672K)
[2020-09-10T17:27:25.898+0000][1][gc,heap      ] GC(34) CMS: 46120K->46120K(2011968K)
[2020-09-10T17:27:25.898+0000][1][gc,metaspace ] GC(34) Metaspace: 32424K->32424K(1079296K)
[2020-09-10T17:27:25.898+0000][1][gc           ] GC(34) Pause Young (Allocation Failure) 111M->45M(2039M) 74.822ms
[2020-09-10T17:27:25.898+0000][1][gc,cpu       ] GC(34) User=0.02s Sys=0.00s Real=0.07s
[2020-09-10T17:27:25.919+0000][1][safepoint    ] Safepoint "GenCollectForAllocation", Time since last: 451761502 ns, Reaching safepoint: 108803 ns, At safepoint: 95877968 ns, Total: 95986771 ns
[2020-09-10T17:27:27.343+0000][1][gc,start     ] GC(35) Pause Young (Allocation Failure)
[2020-09-10T17:27:27.343+0000][1][gc,task      ] GC(35) Using 1 workers of 1 for evacuation
[2020-09-10T17:27:27.390+0000][1][gc,age       ] GC(35) Desired survivor size 4358144 bytes, new threshold 6 (max threshold 6)
[2020-09-10T17:27:27.390+0000][1][gc,age       ] GC(35) Age table with threshold 6 (max threshold 6)
[2020-09-10T17:27:27.390+0000][1][gc,age       ] GC(35) - age   1:     511848 bytes,     511848 total
[2020-09-10T17:27:27.390+0000][1][gc,age       ] GC(35) - age   2:     150200 bytes,     662048 total
[2020-09-10T17:27:27.390+0000][1][gc,heap      ] GC(35) ParNew: 68397K->647K(76672K)
[2020-09-10T17:27:27.390+0000][1][gc,heap      ] GC(35) CMS: 46120K->46120K(2011968K)
[2020-09-10T17:27:27.390+0000][1][gc,metaspace ] GC(35) Metaspace: 32424K->32424K(1079296K)
[2020-09-10T17:27:27.390+0000][1][gc           ] GC(35) Pause Young (Allocation Failure) 111M->45M(2039M) 47.571ms
[2020-09-10T17:27:27.390+0000][1][gc,cpu       ] GC(35) User=0.02s Sys=0.00s Real=0.05s
[2020-09-10T17:27:27.417+0000][1][safepoint    ] Safepoint "GenCollectForAllocation", Time since last: 1423995748 ns, Reaching safepoint: 100914 ns, At safepoint: 73804879 ns, Total: 73905793 ns
[2020-09-10T17:27:28.617+0000][1][gc,start     ] GC(36) Pause Young (Allocation Failure)
[2020-09-10T17:27:28.617+0000][1][gc,task      ] GC(36) Using 1 workers of 1 for evacuation
[2020-09-10T17:27:28.664+0000][1][gc,age       ] GC(36) Desired survivor size 4358144 bytes, new threshold 6 (max threshold 6)
[2020-09-10T17:27:28.664+0000][1][gc,age       ] GC(36) Age table with threshold 6 (max threshold 6)
[2020-09-10T17:27:28.664+0000][1][gc,age       ] GC(36) - age   1:     643000 bytes,     643000 total
[2020-09-10T17:27:28.664+0000][1][gc,age       ] GC(36) - age   2:     340184 bytes,     983184 total
[2020-09-10T17:27:28.664+0000][1][gc,age       ] GC(36) - age   3:     149616 bytes,    1132800 total
[2020-09-10T17:27:28.664+0000][1][gc,heap      ] GC(36) ParNew: 68807K->1122K(76672K)
[2020-09-10T17:27:28.664+0000][1][gc,heap      ] GC(36) CMS: 46120K->46120K(2011968K)
[2020-09-10T17:27:28.664+0000][1][gc,metaspace ] GC(36) Metaspace: 32425K->32425K(1079296K)
[2020-09-10T17:27:28.664+0000][1][gc           ] GC(36) Pause Young (Allocation Failure) 112M->46M(2039M) 46.412ms
[2020-09-10T17:27:28.664+0000][1][gc,cpu       ] GC(36) User=0.01s Sys=0.00s Real=0.05s
[2020-09-10T17:27:28.683+0000][1][safepoint    ] Safepoint "GenCollectForAllocation", Time since last: 1200571802 ns, Reaching safepoint: 110232 ns, At safepoint: 65447479 ns, Total: 65557711 ns
[2020-09-10T17:27:29.707+0000][1][safepoint    ] Safepoint "Cleanup", Time since last: 1022050453 ns, Reaching safepoint: 1970182 ns, At safepoint: 15338 ns, Total: 1985520 ns
[2020-09-10T17:27:29.707+0000][1][gc,start     ] GC(37) Pause Young (Allocation Failure)
[2020-09-10T17:27:29.707+0000][1][gc,task      ] GC(37) Using 1 workers of 1 for evacuation
[2020-09-10T17:27:29.756+0000][1][gc,age       ] GC(37) Desired survivor size 4358144 bytes, new threshold 6 (max threshold 6)
[2020-09-10T17:27:29.756+0000][1][gc,age       ] GC(37) Age table with threshold 6 (max threshold 6)
[2020-09-10T17:27:29.756+0000][1][gc,age       ] GC(37) - age   1:     655168 bytes,     655168 total
[2020-09-10T17:27:29.756+0000][1][gc,age       ] GC(37) - age   2:     301560 bytes,     956728 total
[2020-09-10T17:27:29.756+0000][1][gc,age       ] GC(37) - age   3:     340056 bytes,    1296784 total
[2020-09-10T17:27:29.756+0000][1][gc,age       ] GC(37) - age   4:     149232 bytes,    1446016 total
[2020-09-10T17:27:29.756+0000][1][gc,heap      ] GC(37) ParNew: 69282K->1475K(76672K)
[2020-09-10T17:27:29.756+0000][1][gc,heap      ] GC(37) CMS: 46120K->46120K(2011968K)
[2020-09-10T17:27:29.756+0000][1][gc,metaspace ] GC(37) Metaspace: 32425K->32425K(1079296K)
[2020-09-10T17:27:29.756+0000][1][gc           ] GC(37) Pause Young (Allocation Failure) 112M->46M(2039M) 48.745ms
[2020-09-10T17:27:29.756+0000][1][gc,cpu       ] GC(37) User=0.02s Sys=0.00s Real=0.04s
[2020-09-10T17:27:29.774+0000][1][safepoint    ] Safepoint "GenCollectForAllocation", Time since last: 378052 ns, Reaching safepoint: 86771 ns, At safepoint: 67228050 ns, Total: 67314821 ns
[2020-09-10T17:27:30.760+0000][1][gc,start     ] GC(38) Pause Young (Allocation Failure)
[2020-09-10T17:27:30.760+0000][1][gc,task      ] GC(38) Using 1 workers of 1 for evacuation
[2020-09-10T17:27:30.836+0000][1][gc,age       ] GC(38) Desired survivor size 4358144 bytes, new threshold 6 (max threshold 6)
[2020-09-10T17:27:30.836+0000][1][gc,age       ] GC(38) Age table with threshold 6 (max threshold 6)
[2020-09-10T17:27:30.836+0000][1][gc,age       ] GC(38) - age   1:     935136 bytes,     935136 total
[2020-09-10T17:27:30.836+0000][1][gc,age       ] GC(38) - age   2:     297400 bytes,    1232536 total
[2020-09-10T17:27:30.836+0000][1][gc,age       ] GC(38) - age   3:     297400 bytes,    1529936 total
[2020-09-10T17:27:30.836+0000][1][gc,age       ] GC(38) - age   4:     339976 bytes,    1869912 total
[2020-09-10T17:27:30.836+0000][1][gc,age       ] GC(38) - age   5:     149128 bytes,    2019040 total
[2020-09-10T17:27:30.836+0000][1][gc,heap      ] GC(38) ParNew: 69635K->2055K(76672K)
[2020-09-10T17:27:30.836+0000][1][gc,heap      ] GC(38) CMS: 46120K->46120K(2011968K)
[2020-09-10T17:27:30.837+0000][1][gc,metaspace ] GC(38) Metaspace: 32425K->32425K(1079296K)
[2020-09-10T17:27:30.837+0000][1][gc           ] GC(38) Pause Young (Allocation Failure) 113M->47M(2039M) 76.985ms
[2020-09-10T17:27:30.837+0000][1][gc,cpu       ] GC(38) User=0.02s Sys=0.00s Real=0.07s
[2020-09-10T17:27:30.863+0000][1][safepoint    ] Safepoint "GenCollectForAllocation", Time since last: 984991597 ns, Reaching safepoint: 101940 ns, At safepoint: 103155594 ns, Total: 103257534 ns
[2020-09-10T17:27:31.655+0000][1][gc,start     ] GC(39) Pause Young (Allocation Failure)
[2020-09-10T17:27:31.655+0000][1][gc,task      ] GC(39) Using 1 workers of 1 for evacuation
[2020-09-10T17:27:31.759+0000][1][gc,age       ] GC(39) Desired survivor size 4358144 bytes, new threshold 6 (max threshold 6)
[2020-09-10T17:27:31.759+0000][1][gc,age       ] GC(39) Age table with threshold 6 (max threshold 6)
[2020-09-10T17:27:31.759+0000][1][gc,age       ] GC(39) - age   1:     312200 bytes,     312200 total
[2020-09-10T17:27:31.760+0000][1][gc,age       ] GC(39) - age   2:     922680 bytes,    1234880 total
[2020-09-10T17:27:31.760+0000][1][gc,age       ] GC(39) - age   3:     296328 bytes,    1531208 total
[2020-09-10T17:27:31.760+0000][1][gc,age       ] GC(39) - age   4:     296896 bytes,    1828104 total
[2020-09-10T17:27:31.760+0000][1][gc,age       ] GC(39) - age   5:     339640 bytes,    2167744 total
[2020-09-10T17:27:31.760+0000][1][gc,age       ] GC(39) - age   6:     149088 bytes,    2316832 total
[2020-09-10T17:27:31.760+0000][1][gc,heap      ] GC(39) ParNew: 70215K->2436K(76672K)
[2020-09-10T17:27:31.760+0000][1][gc,heap      ] GC(39) CMS: 46120K->46120K(2011968K)
[2020-09-10T17:27:31.760+0000][1][gc,metaspace ] GC(39) Metaspace: 32425K->32425K(1079296K)
[2020-09-10T17:27:31.760+0000][1][gc           ] GC(39) Pause Young (Allocation Failure) 113M->47M(2039M) 104.923ms
[2020-09-10T17:27:31.760+0000][1][gc,cpu       ] GC(39) User=0.03s Sys=0.00s Real=0.11s
[2020-09-10T17:27:31.760+0000][1][safepoint    ] Safepoint "GenCollectForAllocation", Time since last: 791926554 ns, Reaching safepoint: 47407 ns, At safepoint: 105000056 ns, Total: 105047463 ns
[2020-09-10T17:27:31.883+0000][1][safepoint    ] Safepoint "RevokeBias", Time since last: 123629875 ns, Reaching safepoint: 96839 ns, At safepoint: 28197 ns, Total: 125036 ns
[2020-09-10T17:27:32.895+0000][1][safepoint    ] Safepoint "Cleanup", Time since last: 1007263817 ns, Reaching safepoint: 4028647 ns, At safepoint: 12750 ns, Total: 4041397 ns
[2020-09-10T17:27:33.161+0000][1][gc,start     ] GC(40) Pause Young (Allocation Failure)
[2020-09-10T17:27:33.161+0000][1][gc,task      ] GC(40) Using 1 workers of 1 for evacuation
[2020-09-10T17:27:33.221+0000][1][gc,age       ] GC(40) Desired survivor size 4358144 bytes, new threshold 6 (max threshold 6)
[2020-09-10T17:27:33.223+0000][1][gc,age       ] GC(40) Age table with threshold 6 (max threshold 6)
[2020-09-10T17:27:33.223+0000][1][gc,age       ] GC(40) - age   1:     381192 bytes,     381192 total
[2020-09-10T17:27:33.223+0000][1][gc,age       ] GC(40) - age   2:     300720 bytes,     681912 total
[2020-09-10T17:27:33.223+0000][1][gc,age       ] GC(40) - age   3:     922112 bytes,    1604024 total
[2020-09-10T17:27:33.223+0000][1][gc,age       ] GC(40) - age   4:     296096 bytes,    1900120 total
[2020-09-10T17:27:33.223+0000][1][gc,age       ] GC(40) - age   5:     296776 bytes,    2196896 total
[2020-09-10T17:27:33.223+0000][1][gc,age       ] GC(40) - age   6:     339640 bytes,    2536536 total
[2020-09-10T17:27:33.223+0000][1][gc,heap      ] GC(40) ParNew: 70596K->2497K(76672K)
[2020-09-10T17:27:33.223+0000][1][gc,heap      ] GC(40) CMS: 46120K->46263K(2011968K)
[2020-09-10T17:27:33.223+0000][1][gc,metaspace ] GC(40) Metaspace: 32427K->32427K(1079296K)
[2020-09-10T17:27:33.223+0000][1][gc           ] GC(40) Pause Young (Allocation Failure) 113M->47M(2039M) 62.077ms
[2020-09-10T17:27:33.223+0000][1][gc,cpu       ] GC(40) User=0.02s Sys=0.00s Real=0.06s
[2020-09-10T17:27:33.243+0000][1][safepoint    ] Safepoint "GenCollectForAllocation", Time since last: 265864149 ns, Reaching safepoint: 104749 ns, At safepoint: 82004908 ns, Total: 82109657 ns
[2020-09-10T17:27:33.637+0000][1][gc,start     ] GC(41) Pause Young (Allocation Failure)
[2020-09-10T17:27:33.637+0000][1][gc,task      ] GC(41) Using 1 workers of 1 for evacuation
[2020-09-10T17:27:33.707+0000][1][gc,age       ] GC(41) Desired survivor size 4358144 bytes, new threshold 6 (max threshold 6)
[2020-09-10T17:27:33.707+0000][1][gc,age       ] GC(41) Age table with threshold 6 (max threshold 6)
[2020-09-10T17:27:33.707+0000][1][gc,age       ] GC(41) - age   1:        384 bytes,        384 total
[2020-09-10T17:27:33.707+0000][1][gc,age       ] GC(41) - age   2:     380920 bytes,     381304 total
[2020-09-10T17:27:33.707+0000][1][gc,age       ] GC(41) - age   3:     300720 bytes,     682024 total
[2020-09-10T17:27:33.707+0000][1][gc,age       ] GC(41) - age   4:     922112 bytes,    1604136 total
[2020-09-10T17:27:33.707+0000][1][gc,age       ] GC(41) - age   5:     296096 bytes,    1900232 total
[2020-09-10T17:27:33.707+0000][1][gc,age       ] GC(41) - age   6:     296776 bytes,    2197008 total
[2020-09-10T17:27:33.707+0000][1][gc,heap      ] GC(41) ParNew: 70657K->2518K(76672K)
[2020-09-10T17:27:33.707+0000][1][gc,heap      ] GC(41) CMS: 46263K->46595K(2011968K)
[2020-09-10T17:27:33.707+0000][1][gc,metaspace ] GC(41) Metaspace: 32427K->32427K(1079296K)
[2020-09-10T17:27:33.707+0000][1][gc           ] GC(41) Pause Young (Allocation Failure) 114M->47M(2039M) 70.470ms
[2020-09-10T17:27:33.707+0000][1][gc,cpu       ] GC(41) User=0.01s Sys=0.00s Real=0.08s
[2020-09-10T17:27:33.708+0000][1][safepoint    ] Safepoint "GenCollectForAllocation", Time since last: 393839100 ns, Reaching safepoint: 100088 ns, At safepoint: 71188501 ns, Total: 71288589 ns
[2020-09-10T17:27:33.911+0000][1][gc,start     ] GC(42) Pause Young (Allocation Failure)
[2020-09-10T17:27:33.911+0000][1][gc,task      ] GC(42) Using 1 workers of 1 for evacuation
[2020-09-10T17:27:33.958+0000][1][gc,age       ] GC(42) Desired survivor size 4358144 bytes, new threshold 6 (max threshold 6)
[2020-09-10T17:27:33.958+0000][1][gc,age       ] GC(42) Age table with threshold 6 (max threshold 6)
[2020-09-10T17:27:33.958+0000][1][gc,age       ] GC(42) - age   1:        224 bytes,        224 total
[2020-09-10T17:27:33.958+0000][1][gc,age       ] GC(42) - age   2:        160 bytes,        384 total
[2020-09-10T17:27:33.958+0000][1][gc,age       ] GC(42) - age   3:     380920 bytes,     381304 total
[2020-09-10T17:27:33.958+0000][1][gc,age       ] GC(42) - age   4:     300720 bytes,     682024 total
[2020-09-10T17:27:33.958+0000][1][gc,age       ] GC(42) - age   5:     922112 bytes,    1604136 total
[2020-09-10T17:27:33.958+0000][1][gc,age       ] GC(42) - age   6:     296096 bytes,    1900232 total
[2020-09-10T17:27:33.958+0000][1][gc,heap      ] GC(42) ParNew: 70678K->2879K(76672K)
[2020-09-10T17:27:33.958+0000][1][gc,heap      ] GC(42) CMS: 46595K->46885K(2011968K)
[2020-09-10T17:27:33.958+0000][1][gc,metaspace ] GC(42) Metaspace: 32427K->32427K(1079296K)
[2020-09-10T17:27:33.958+0000][1][gc           ] GC(42) Pause Young (Allocation Failure) 114M->48M(2039M) 47.159ms
[2020-09-10T17:27:33.958+0000][1][gc,cpu       ] GC(42) User=0.02s Sys=0.00s Real=0.04s
[2020-09-10T17:27:33.958+0000][1][safepoint    ] Safepoint "GenCollectForAllocation", Time since last: 199785579 ns, Reaching safepoint: 3065089 ns, At safepoint: 47216780 ns, Total: 50281869 ns
[2020-09-10T17:27:34.156+0000][1][gc,start     ] GC(43) Pause Young (Allocation Failure)
[2020-09-10T17:27:34.156+0000][1][gc,task      ] GC(43) Using 1 workers of 1 for evacuation
[2020-09-10T17:27:34.204+0000][1][gc,age       ] GC(43) Desired survivor size 4358144 bytes, new threshold 6 (max threshold 6)
[2020-09-10T17:27:34.204+0000][1][gc,age       ] GC(43) Age table with threshold 6 (max threshold 6)
[2020-09-10T17:27:34.204+0000][1][gc,age       ] GC(43) - age   1:        200 bytes,        200 total
[2020-09-10T17:27:34.204+0000][1][gc,age       ] GC(43) - age   3:        160 bytes,        360 total
[2020-09-10T17:27:34.204+0000][1][gc,age       ] GC(43) - age   4:     380920 bytes,     381280 total
[2020-09-10T17:27:34.204+0000][1][gc,age       ] GC(43) - age   5:     300720 bytes,     682000 total
[2020-09-10T17:27:34.204+0000][1][gc,age       ] GC(43) - age   6:     922112 bytes,    1604112 total
[2020-09-10T17:27:34.204+0000][1][gc,heap      ] GC(43) ParNew: 71039K->2228K(76672K)
[2020-09-10T17:27:34.204+0000][1][gc,heap      ] GC(43) CMS: 46885K->47174K(2011968K)
[2020-09-10T17:27:34.204+0000][1][gc,metaspace ] GC(43) Metaspace: 32427K->32427K(1079296K)
[2020-09-10T17:27:34.204+0000][1][gc           ] GC(43) Pause Young (Allocation Failure) 115M->48M(2039M) 48.447ms
[2020-09-10T17:27:34.204+0000][1][gc,cpu       ] GC(43) User=0.01s Sys=0.00s Real=0.05s
[2020-09-10T17:27:34.204+0000][1][safepoint    ] Safepoint "GenCollectForAllocation", Time since last: 197602579 ns, Reaching safepoint: 104972 ns, At safepoint: 48510399 ns, Total: 48615371 ns
[2020-09-10T17:27:34.413+0000][1][gc,start     ] GC(44) Pause Young (Allocation Failure)
[2020-09-10T17:27:34.413+0000][1][gc,task      ] GC(44) Using 1 workers of 1 for evacuation
[2020-09-10T17:27:34.460+0000][1][gc,age       ] GC(44) Desired survivor size 4358144 bytes, new threshold 6 (max threshold 6)
[2020-09-10T17:27:34.460+0000][1][gc,age       ] GC(44) Age table with threshold 6 (max threshold 6)
[2020-09-10T17:27:34.460+0000][1][gc,age       ] GC(44) - age   1:        168 bytes,        168 total
[2020-09-10T17:27:34.460+0000][1][gc,age       ] GC(44) - age   4:        160 bytes,        328 total
[2020-09-10T17:27:34.460+0000][1][gc,age       ] GC(44) - age   5:     380920 bytes,     381248 total
[2020-09-10T17:27:34.460+0000][1][gc,age       ] GC(44) - age   6:     300720 bytes,     681968 total
[2020-09-10T17:27:34.460+0000][1][gc,heap      ] GC(44) ParNew: 70388K->1060K(76672K)
[2020-09-10T17:27:34.460+0000][1][gc,heap      ] GC(44) CMS: 47174K->48074K(2011968K)
[2020-09-10T17:27:34.460+0000][1][gc,metaspace ] GC(44) Metaspace: 32427K->32427K(1079296K)
[2020-09-10T17:27:34.460+0000][1][gc           ] GC(44) Pause Young (Allocation Failure) 114M->47M(2039M) 47.498ms
[2020-09-10T17:27:34.460+0000][1][gc,cpu       ] GC(44) User=0.01s Sys=0.00s Real=0.05s
[2020-09-10T17:27:34.460+0000][1][safepoint    ] Safepoint "GenCollectForAllocation", Time since last: 202591527 ns, Reaching safepoint: 5888247 ns, At safepoint: 47582692 ns, Total: 53470939 ns
[2020-09-10T17:27:34.660+0000][1][gc,start     ] GC(45) Pause Young (Allocation Failure)
[2020-09-10T17:27:34.660+0000][1][gc,task      ] GC(45) Using 1 workers of 1 for evacuation
[2020-09-10T17:27:34.718+0000][1][gc,age       ] GC(45) Desired survivor size 4358144 bytes, new threshold 6 (max threshold 6)
[2020-09-10T17:27:34.718+0000][1][gc,age       ] GC(45) Age table with threshold 6 (max threshold 6)
[2020-09-10T17:27:34.718+0000][1][gc,age       ] GC(45) - age   1:        200 bytes,        200 total
[2020-09-10T17:27:34.718+0000][1][gc,age       ] GC(45) - age   5:        160 bytes,        360 total
[2020-09-10T17:27:34.718+0000][1][gc,age       ] GC(45) - age   6:     380920 bytes,     381280 total
[2020-09-10T17:27:34.718+0000][1][gc,heap      ] GC(45) ParNew: 69220K->529K(76672K)
[2020-09-10T17:27:34.718+0000][1][gc,heap      ] GC(45) CMS: 48074K->48368K(2011968K)
[2020-09-10T17:27:34.718+0000][1][gc,metaspace ] GC(45) Metaspace: 32427K->32427K(1079296K)
[2020-09-10T17:27:34.718+0000][1][gc           ] GC(45) Pause Young (Allocation Failure) 114M->47M(2039M) 58.093ms
[2020-09-10T17:27:34.718+0000][1][gc,cpu       ] GC(45) User=0.01s Sys=0.00s Real=0.05s
[2020-09-10T17:27:34.718+0000][1][safepoint    ] Safepoint "GenCollectForAllocation", Time since last: 195209222 ns, Reaching safepoint: 4887778 ns, At safepoint: 58178300 ns, Total: 63066078 ns
[2020-09-10T17:27:34.934+0000][1][gc,start     ] GC(46) Pause Young (Allocation Failure)
[2020-09-10T17:27:34.934+0000][1][gc,task      ] GC(46) Using 1 workers of 1 for evacuation
[2020-09-10T17:27:34.972+0000][1][gc,age       ] GC(46) Desired survivor size 4358144 bytes, new threshold 6 (max threshold 6)
[2020-09-10T17:27:34.972+0000][1][gc,age       ] GC(46) Age table with threshold 6 (max threshold 6)
[2020-09-10T17:27:34.972+0000][1][gc,age       ] GC(46) - age   1:        200 bytes,        200 total
[2020-09-10T17:27:34.972+0000][1][gc,age       ] GC(46) - age   6:        160 bytes,        360 total
[2020-09-10T17:27:34.972+0000][1][gc,heap      ] GC(46) ParNew: 68689K->411K(76672K)
[2020-09-10T17:27:34.973+0000][1][gc,heap      ] GC(46) CMS: 48368K->48740K(2011968K)
[2020-09-10T17:27:34.973+0000][1][gc,metaspace ] GC(46) Metaspace: 32427K->32427K(1079296K)
[2020-09-10T17:27:34.973+0000][1][gc           ] GC(46) Pause Young (Allocation Failure) 114M->48M(2039M) 38.582ms
[2020-09-10T17:27:34.973+0000][1][gc,cpu       ] GC(46) User=0.01s Sys=0.00s Real=0.04s
[2020-09-10T17:27:34.983+0000][1][safepoint    ] Safepoint "GenCollectForAllocation", Time since last: 208257562 ns, Reaching safepoint: 7249357 ns, At safepoint: 48772387 ns, Total: 56021744 ns
[2020-09-10T17:27:35.184+0000][1][gc,start     ] GC(47) Pause Young (Allocation Failure)
[2020-09-10T17:27:35.184+0000][1][gc,task      ] GC(47) Using 1 workers of 1 for evacuation
[2020-09-10T17:27:35.232+0000][1][gc,age       ] GC(47) Desired survivor size 4358144 bytes, new threshold 6 (max threshold 6)
[2020-09-10T17:27:35.232+0000][1][gc,age       ] GC(47) Age table with threshold 6 (max threshold 6)
[2020-09-10T17:27:35.232+0000][1][gc,age       ] GC(47) - age   1:         24 bytes,         24 total
[2020-09-10T17:27:35.232+0000][1][gc,heap      ] GC(47) ParNew: 68571K->102K(76672K)
[2020-09-10T17:27:35.232+0000][1][gc,heap      ] GC(47) CMS: 48740K->48741K(2011968K)
[2020-09-10T17:27:35.232+0000][1][gc,metaspace ] GC(47) Metaspace: 32427K->32427K(1079296K)
[2020-09-10T17:27:35.232+0000][1][gc           ] GC(47) Pause Young (Allocation Failure) 114M->47M(2039M) 48.847ms
[2020-09-10T17:27:35.232+0000][1][gc,cpu       ] GC(47) User=0.01s Sys=0.00s Real=0.05s
[2020-09-10T17:27:35.232+0000][1][safepoint    ] Safepoint "GenCollectForAllocation", Time since last: 199953191 ns, Reaching safepoint: 808197 ns, At safepoint: 48910283 ns, Total: 49718480 ns
[2020-09-10T17:27:35.443+0000][1][gc,start     ] GC(48) Pause Young (Allocation Failure)
[2020-09-10T17:27:35.443+0000][1][gc,task      ] GC(48) Using 1 workers of 1 for evacuation
[2020-09-10T17:27:35.489+0000][1][gc,age       ] GC(48) Desired survivor size 4358144 bytes, new threshold 6 (max threshold 6)
[2020-09-10T17:27:35.489+0000][1][gc,age       ] GC(48) Age table with threshold 6 (max threshold 6)
[2020-09-10T17:27:35.489+0000][1][gc,age       ] GC(48) - age   1:         80 bytes,         80 total
[2020-09-10T17:27:35.489+0000][1][gc,heap      ] GC(48) ParNew: 68262K->25K(76672K)
[2020-09-10T17:27:35.489+0000][1][gc,heap      ] GC(48) CMS: 48741K->48741K(2011968K)
[2020-09-10T17:27:35.489+0000][1][gc,metaspace ] GC(48) Metaspace: 32427K->32427K(1079296K)
[2020-09-10T17:27:35.489+0000][1][gc           ] GC(48) Pause Young (Allocation Failure) 114M->47M(2039M) 46.179ms
[2020-09-10T17:27:35.489+0000][1][gc,cpu       ] GC(48) User=0.02s Sys=0.00s Real=0.05s
[2020-09-10T17:27:35.489+0000][1][safepoint    ] Safepoint "GenCollectForAllocation", Time since last: 206262501 ns, Reaching safepoint: 4016240 ns, At safepoint: 46243952 ns, Total: 50260192 ns
[2020-09-10T17:27:35.695+0000][1][gc,start     ] GC(49) Pause Young (Allocation Failure)
[2020-09-10T17:27:35.695+0000][1][gc,task      ] GC(49) Using 1 workers of 1 for evacuation
[2020-09-10T17:27:35.743+0000][1][gc,age       ] GC(49) Desired survivor size 4358144 bytes, new threshold 6 (max threshold 6)
[2020-09-10T17:27:35.743+0000][1][gc,age       ] GC(49) Age table with threshold 6 (max threshold 6)
[2020-09-10T17:27:35.743+0000][1][gc,age       ] GC(49) - age   1:        144 bytes,        144 total
[2020-09-10T17:27:35.743+0000][1][gc,heap      ] GC(49) ParNew: 68185K->6K(76672K)
[2020-09-10T17:27:35.743+0000][1][gc,heap      ] GC(49) CMS: 48741K->48741K(2011968K)
[2020-09-10T17:27:35.743+0000][1][gc,metaspace ] GC(49) Metaspace: 32427K->32427K(1079296K)
[2020-09-10T17:27:35.743+0000][1][gc           ] GC(49) Pause Young (Allocation Failure) 114M->47M(2039M) 48.579ms
[2020-09-10T17:27:35.743+0000][1][gc,cpu       ] GC(49) User=0.02s Sys=0.00s Real=0.05s
[2020-09-10T17:27:35.743+0000][1][safepoint    ] Safepoint "GenCollectForAllocation", Time since last: 203175165 ns, Reaching safepoint: 2630293 ns, At safepoint: 48652052 ns, Total: 51282345 ns
[2020-09-10T17:27:36.771+0000][1][safepoint    ] Safepoint "Cleanup", Time since last: 1023296705 ns, Reaching safepoint: 4023986 ns, At safepoint: 8093 ns, Total: 4032079 ns
[2020-09-10T17:27:37.781+0000][1][safepoint    ] Safepoint "Cleanup", Time since last: 1010055236 ns, Reaching safepoint: 113782 ns, At safepoint: 5931 ns, Total: 119713 ns
[2020-09-10T17:27:37.979+0000][1][safepoint    ] Safepoint "ICBufferFull", Time since last: 197793473 ns, Reaching safepoint: 210583 ns, At safepoint: 8005 ns, Total: 218588 ns
[2020-09-10T17:27:37.987+0000][1][gc,start     ] GC(50) Pause Young (Allocation Failure)
[2020-09-10T17:27:37.987+0000][1][gc,task      ] GC(50) Using 1 workers of 1 for evacuation
[2020-09-10T17:27:38.039+0000][1][gc,age       ] GC(50) Desired survivor size 4358144 bytes, new threshold 6 (max threshold 6)
[2020-09-10T17:27:38.039+0000][1][gc,age       ] GC(50) Age table with threshold 6 (max threshold 6)
[2020-09-10T17:27:38.039+0000][1][gc,age       ] GC(50) - age   1:      97200 bytes,      97200 total
[2020-09-10T17:27:38.039+0000][1][gc,heap      ] GC(50) ParNew: 68166K->97K(76672K)
[2020-09-10T17:27:38.039+0000][1][gc,heap      ] GC(50) CMS: 48741K->48741K(2011968K)
[2020-09-10T17:27:38.039+0000][1][gc,metaspace ] GC(50) Metaspace: 32428K->32428K(1079296K)
[2020-09-10T17:27:38.040+0000][1][gc           ] GC(50) Pause Young (Allocation Failure) 114M->47M(2039M) 52.895ms
[2020-09-10T17:27:38.040+0000][1][gc,cpu       ] GC(50) User=0.01s Sys=0.00s Real=0.06s
[2020-09-10T17:27:38.051+0000][1][safepoint    ] Safepoint "GenCollectForAllocation", Time since last: 7556369 ns, Reaching safepoint: 147989 ns, At safepoint: 64085032 ns, Total: 64233021 ns
[2020-09-10T17:27:38.957+0000][1][gc,start     ] GC(51) Pause Young (Allocation Failure)
[2020-09-10T17:27:38.957+0000][1][gc,task      ] GC(51) Using 1 workers of 1 for evacuation
[2020-09-10T17:27:39.047+0000][1][gc,age       ] GC(51) Desired survivor size 4358144 bytes, new threshold 6 (max threshold 6)
[2020-09-10T17:27:39.048+0000][1][gc,age       ] GC(51) Age table with threshold 6 (max threshold 6)
[2020-09-10T17:27:39.048+0000][1][gc,age       ] GC(51) - age   1:     545472 bytes,     545472 total
[2020-09-10T17:27:39.048+0000][1][gc,age       ] GC(51) - age   2:      49824 bytes,     595296 total
[2020-09-10T17:27:39.048+0000][1][gc,heap      ] GC(51) ParNew: 68257K->600K(76672K)
[2020-09-10T17:27:39.048+0000][1][gc,heap      ] GC(51) CMS: 48741K->48741K(2011968K)
[2020-09-10T17:27:39.048+0000][1][gc,metaspace ] GC(51) Metaspace: 32428K->32428K(1079296K)
[2020-09-10T17:27:39.048+0000][1][gc           ] GC(51) Pause Young (Allocation Failure) 114M->48M(2039M) 90.706ms
[2020-09-10T17:27:39.048+0000][1][gc,cpu       ] GC(51) User=0.02s Sys=0.00s Real=0.10s
[2020-09-10T17:27:39.048+0000][1][safepoint    ] Safepoint "GenCollectForAllocation", Time since last: 906104672 ns, Reaching safepoint: 108429 ns, At safepoint: 90771131 ns, Total: 90879560 ns
[2020-09-10T17:27:39.728+0000][1][gc,start     ] GC(52) Pause Young (Allocation Failure)
[2020-09-10T17:27:39.728+0000][1][gc,task      ] GC(52) Using 1 workers of 1 for evacuation
[2020-09-10T17:27:39.781+0000][1][gc,age       ] GC(52) Desired survivor size 4358144 bytes, new threshold 6 (max threshold 6)
[2020-09-10T17:27:39.781+0000][1][gc,age       ] GC(52) Age table with threshold 6 (max threshold 6)
[2020-09-10T17:27:39.781+0000][1][gc,age       ] GC(52) - age   1:     645032 bytes,     645032 total
[2020-09-10T17:27:39.781+0000][1][gc,age       ] GC(52) - age   2:     374056 bytes,    1019088 total
[2020-09-10T17:27:39.781+0000][1][gc,age       ] GC(52) - age   3:      49072 bytes,    1068160 total
[2020-09-10T17:27:39.781+0000][1][gc,heap      ] GC(52) ParNew: 68760K->1070K(76672K)
[2020-09-10T17:27:39.781+0000][1][gc,heap      ] GC(52) CMS: 48741K->48741K(2011968K)
[2020-09-10T17:27:39.781+0000][1][gc,metaspace ] GC(52) Metaspace: 32428K->32428K(1079296K)
[2020-09-10T17:27:39.781+0000][1][gc           ] GC(52) Pause Young (Allocation Failure) 114M->48M(2039M) 52.937ms
[2020-09-10T17:27:39.781+0000][1][gc,cpu       ] GC(52) User=0.02s Sys=0.00s Real=0.05s
[2020-09-10T17:27:39.781+0000][1][safepoint    ] Safepoint "GenCollectForAllocation", Time since last: 674714098 ns, Reaching safepoint: 6008505 ns, At safepoint: 52992176 ns, Total: 59000681 ns
[2020-09-10T17:27:40.200+0000][1][gc,start     ] GC(53) Pause Young (Allocation Failure)
[2020-09-10T17:27:40.201+0000][1][gc,task      ] GC(53) Using 1 workers of 1 for evacuation
[2020-09-10T17:27:40.259+0000][1][gc,age       ] GC(53) Desired survivor size 4358144 bytes, new threshold 6 (max threshold 6)
[2020-09-10T17:27:40.259+0000][1][gc,age       ] GC(53) Age table with threshold 6 (max threshold 6)
[2020-09-10T17:27:40.259+0000][1][gc,age       ] GC(53) - age   1:     348528 bytes,     348528 total
[2020-09-10T17:27:40.259+0000][1][gc,age       ] GC(53) - age   2:     628144 bytes,     976672 total
[2020-09-10T17:27:40.259+0000][1][gc,age       ] GC(53) - age   3:     373384 bytes,    1350056 total
[2020-09-10T17:27:40.259+0000][1][gc,age       ] GC(53) - age   4:      48592 bytes,    1398648 total
[2020-09-10T17:27:40.259+0000][1][gc,heap      ] GC(53) ParNew: 69230K->1392K(76672K)
[2020-09-10T17:27:40.259+0000][1][gc,heap      ] GC(53) CMS: 48741K->48741K(2011968K)
[2020-09-10T17:27:40.259+0000][1][gc,metaspace ] GC(53) Metaspace: 32428K->32428K(1079296K)
[2020-09-10T17:27:40.259+0000][1][gc           ] GC(53) Pause Young (Allocation Failure) 115M->48M(2039M) 58.399ms
[2020-09-10T17:27:40.259+0000][1][gc,cpu       ] GC(53) User=0.01s Sys=0.00s Real=0.06s
[2020-09-10T17:27:40.259+0000][1][safepoint    ] Safepoint "GenCollectForAllocation", Time since last: 415912142 ns, Reaching safepoint: 3103521 ns, At safepoint: 58476190 ns, Total: 61579711 ns
[2020-09-10T17:27:40.819+0000][1][gc,start     ] GC(54) Pause Young (Allocation Failure)
[2020-09-10T17:27:40.819+0000][1][gc,task      ] GC(54) Using 1 workers of 1 for evacuation
[2020-09-10T17:27:40.871+0000][1][gc,age       ] GC(54) Desired survivor size 4358144 bytes, new threshold 6 (max threshold 6)
[2020-09-10T17:27:40.871+0000][1][gc,age       ] GC(54) Age table with threshold 6 (max threshold 6)
[2020-09-10T17:27:40.871+0000][1][gc,age       ] GC(54) - age   1:     930696 bytes,     930696 total
[2020-09-10T17:27:40.871+0000][1][gc,age       ] GC(54) - age   2:     335720 bytes,    1266416 total
[2020-09-10T17:27:40.871+0000][1][gc,age       ] GC(54) - age   3:     299792 bytes,    1566208 total
[2020-09-10T17:27:40.871+0000][1][gc,age       ] GC(54) - age   4:     373248 bytes,    1939456 total
[2020-09-10T17:27:40.871+0000][1][gc,age       ] GC(54) - age   5:      48592 bytes,    1988048 total
[2020-09-10T17:27:40.871+0000][1][gc,heap      ] GC(54) ParNew: 69552K->2024K(76672K)
[2020-09-10T17:27:40.871+0000][1][gc,heap      ] GC(54) CMS: 48741K->48741K(2011968K)
[2020-09-10T17:27:40.871+0000][1][gc,metaspace ] GC(54) Metaspace: 32428K->32428K(1079296K)
[2020-09-10T17:27:40.871+0000][1][gc           ] GC(54) Pause Young (Allocation Failure) 115M->49M(2039M) 52.622ms
[2020-09-10T17:27:40.871+0000][1][gc,cpu       ] GC(54) User=0.02s Sys=0.00s Real=0.05s
[2020-09-10T17:27:40.871+0000][1][safepoint    ] Safepoint "GenCollectForAllocation", Time since last: 551806288 ns, Reaching safepoint: 8018918 ns, At safepoint: 52684106 ns, Total: 60703024 ns
[2020-09-10T17:27:41.563+0000][1][gc,start     ] GC(55) Pause Young (Allocation Failure)
[2020-09-10T17:27:41.563+0000][1][gc,task      ] GC(55) Using 1 workers of 1 for evacuation
[2020-09-10T17:27:41.610+0000][1][gc,age       ] GC(55) Desired survivor size 4358144 bytes, new threshold 6 (max threshold 6)
[2020-09-10T17:27:41.610+0000][1][gc,age       ] GC(55) Age table with threshold 6 (max threshold 6)
[2020-09-10T17:27:41.610+0000][1][gc,age       ] GC(55) - age   1:     346832 bytes,     346832 total
[2020-09-10T17:27:41.610+0000][1][gc,age       ] GC(55) - age   2:     918848 bytes,    1265680 total
[2020-09-10T17:27:41.610+0000][1][gc,age       ] GC(55) - age   3:     331200 bytes,    1596880 total
[2020-09-10T17:27:41.610+0000][1][gc,age       ] GC(55) - age   4:     299152 bytes,    1896032 total
[2020-09-10T17:27:41.610+0000][1][gc,age       ] GC(55) - age   5:     373096 bytes,    2269128 total
[2020-09-10T17:27:41.610+0000][1][gc,age       ] GC(55) - age   6:      48568 bytes,    2317696 total
[2020-09-10T17:27:41.610+0000][1][gc,heap      ] GC(55) ParNew: 70184K->2314K(76672K)
[2020-09-10T17:27:41.610+0000][1][gc,heap      ] GC(55) CMS: 48741K->48741K(2011968K)
[2020-09-10T17:27:41.610+0000][1][gc,metaspace ] GC(55) Metaspace: 32428K->32428K(1079296K)
[2020-09-10T17:27:41.610+0000][1][gc           ] GC(55) Pause Young (Allocation Failure) 116M->49M(2039M) 47.394ms
[2020-09-10T17:27:41.610+0000][1][gc,cpu       ] GC(55) User=0.01s Sys=0.00s Real=0.05s
[2020-09-10T17:27:41.647+0000][1][safepoint    ] Safepoint "GenCollectForAllocation", Time since last: 688180279 ns, Reaching safepoint: 3135239 ns, At safepoint: 84012339 ns, Total: 87147578 ns
[2020-09-10T17:27:41.951+0000][1][safepoint    ] Safepoint "RevokeBias", Time since last: 303976889 ns, Reaching safepoint: 105055 ns, At safepoint: 8001 ns, Total: 113056 ns
[2020-09-10T17:27:42.972+0000][1][safepoint    ] Safepoint "Cleanup", Time since last: 1007592432 ns, Reaching safepoint: 13371624 ns, At safepoint: 8684 ns, Total: 13380308 ns
[2020-09-10T17:27:43.017+0000][1][safepoint    ] Safepoint "Deoptimize", Time since last: 44725390 ns, Reaching safepoint: 102843 ns, At safepoint: 314665 ns, Total: 417508 ns
[2020-09-10T17:27:43.334+0000][1][safepoint    ] Safepoint "CollectForMetadataAllocation", Time since last: 316655481 ns, Reaching safepoint: 127620 ns, At safepoint: 99483 ns, Total: 227103 ns
[2020-09-10T17:27:43.459+0000][1][safepoint    ] Safepoint "CollectForMetadataAllocation", Time since last: 125122745 ns, Reaching safepoint: 103821 ns, At safepoint: 129643 ns, Total: 233464 ns
[2020-09-10T17:27:43.615+0000][1][safepoint    ] Safepoint "CollectForMetadataAllocation", Time since last: 155542656 ns, Reaching safepoint: 108715 ns, At safepoint: 133802 ns, Total: 242517 ns
[2020-09-10T17:27:43.656+0000][1][gc,start     ] GC(56) Pause Initial Mark
[2020-09-10T17:27:43.832+0000][1][gc           ] GC(56) Pause Initial Mark 113M->113M(2039M) 154.391ms
[2020-09-10T17:27:43.832+0000][1][gc,cpu       ] GC(56) User=0.04s Sys=0.00s Real=0.18s
[2020-09-10T17:27:43.863+0000][1][safepoint    ] Safepoint "CMS_Initial_Mark", Time since last: 41180665 ns, Reaching safepoint: 101790 ns, At safepoint: 206482145 ns, Total: 206583935 ns
[2020-09-10T17:27:43.863+0000][1][gc           ] GC(56) Concurrent Mark
[2020-09-10T17:27:44.149+0000][1][safepoint    ] Safepoint "CollectForMetadataAllocation", Time since last: 286083709 ns, Reaching safepoint: 52879 ns, At safepoint: 116813 ns, Total: 169692 ns
[2020-09-10T17:27:44.242+0000][1][gc,start     ] GC(57) Pause Young (Allocation Failure)
[2020-09-10T17:27:44.242+0000][1][gc,task      ] GC(57) Using 1 workers of 1 for evacuation
[2020-09-10T17:27:44.345+0000][1][gc,age       ] GC(57) Desired survivor size 4358144 bytes, new threshold 6 (max threshold 6)
[2020-09-10T17:27:44.345+0000][1][gc,age       ] GC(57) Age table with threshold 6 (max threshold 6)
[2020-09-10T17:27:44.345+0000][1][gc,age       ] GC(57) - age   1:    1224280 bytes,    1224280 total
[2020-09-10T17:27:44.345+0000][1][gc,age       ] GC(57) - age   2:     334408 bytes,    1558688 total
[2020-09-10T17:27:44.345+0000][1][gc,age       ] GC(57) - age   3:     918504 bytes,    2477192 total
[2020-09-10T17:27:44.345+0000][1][gc,age       ] GC(57) - age   4:     330576 bytes,    2807768 total
[2020-09-10T17:27:44.345+0000][1][gc,age       ] GC(57) - age   5:     298744 bytes,    3106512 total
[2020-09-10T17:27:44.345+0000][1][gc,age       ] GC(57) - age   6:     373096 bytes,    3479608 total
[2020-09-10T17:27:44.345+0000][1][gc,heap      ] GC(57) ParNew: 70474K->3462K(76672K)
[2020-09-10T17:27:44.345+0000][1][gc,heap      ] GC(57) CMS: 48741K->48785K(2011968K)
[2020-09-10T17:27:44.345+0000][1][gc,metaspace ] GC(57) Metaspace: 35345K->35345K(1081344K)
[2020-09-10T17:27:44.345+0000][1][gc           ] GC(57) Pause Young (Allocation Failure) 116M->51M(2039M) 103.866ms
[2020-09-10T17:27:44.345+0000][1][gc,cpu       ] GC(57) User=0.02s Sys=0.00s Real=0.10s
[2020-09-10T17:27:44.391+0000][1][safepoint    ] Safepoint "GenCollectForAllocation", Time since last: 92474556 ns, Reaching safepoint: 53978 ns, At safepoint: 149185112 ns, Total: 149239090 ns
[2020-09-10T17:27:44.514+0000][1][gc           ] GC(56) Concurrent Mark 650.840ms
[2020-09-10T17:27:44.514+0000][1][gc,cpu       ] GC(56) User=0.16s Sys=0.00s Real=0.65s
[2020-09-10T17:27:44.539+0000][1][safepoint    ] Safepoint "CollectForMetadataAllocation", Time since last: 70741462 ns, Reaching safepoint: 77311355 ns, At safepoint: 160862 ns, Total: 77472217 ns
[2020-09-10T17:27:44.539+0000][1][gc           ] GC(56) Concurrent Preclean
[2020-09-10T17:27:44.556+0000][1][gc           ] GC(56) Concurrent Preclean 17.146ms
[2020-09-10T17:27:44.556+0000][1][gc,cpu       ] GC(56) User=0.00s Sys=0.00s Real=0.01s
[2020-09-10T17:27:44.583+0000][1][gc,start     ] GC(56) Pause Remark
[2020-09-10T17:27:44.615+0000][1][gc           ] GC(56) Pause Remark 53M->53M(2039M) 32.620ms
[2020-09-10T17:27:44.615+0000][1][gc,cpu       ] GC(56) User=0.01s Sys=0.00s Real=0.03s
[2020-09-10T17:27:44.651+0000][1][safepoint    ] Safepoint "CMS_Final_Remark", Time since last: 39790298 ns, Reaching safepoint: 4040916 ns, At safepoint: 67935532 ns, Total: 71976448 ns
[2020-09-10T17:27:44.651+0000][1][gc           ] GC(56) Concurrent Sweep
[2020-09-10T17:27:44.759+0000][1][safepoint    ] Safepoint "CollectForMetadataAllocation", Time since last: 80050729 ns, Reaching safepoint: 28348113 ns, At safepoint: 9387 ns, Total: 28357500 ns
[2020-09-10T17:27:44.760+0000][1][safepoint    ] Safepoint "CollectForMetadataAllocation", Time since last: 641286 ns, Reaching safepoint: 23615 ns, At safepoint: 111033 ns, Total: 134648 ns
[2020-09-10T17:27:44.793+0000][1][gc           ] GC(56) Concurrent Sweep 141.892ms
[2020-09-10T17:27:44.793+0000][1][gc,cpu       ] GC(56) User=0.03s Sys=0.00s Real=0.14s
[2020-09-10T17:27:44.793+0000][1][gc           ] GC(56) Concurrent Reset
[2020-09-10T17:27:44.816+0000][1][gc           ] GC(56) Concurrent Reset 23.318ms
[2020-09-10T17:27:44.816+0000][1][gc,cpu       ] GC(56) User=0.01s Sys=0.00s Real=0.02s
[2020-09-10T17:27:44.816+0000][1][gc,heap      ] GC(56) Old: 48741K->47722K(2011968K)
[2020-09-10T17:27:45.663+0000][1][gc,start     ] GC(58) Pause Young (Allocation Failure)
[2020-09-10T17:27:45.663+0000][1][gc,task      ] GC(58) Using 1 workers of 1 for evacuation
[2020-09-10T17:27:45.729+0000][1][gc,age       ] GC(58) Desired survivor size 4358144 bytes, new threshold 6 (max threshold 6)
[2020-09-10T17:27:45.729+0000][1][gc,age       ] GC(58) Age table with threshold 6 (max threshold 6)
[2020-09-10T17:27:45.729+0000][1][gc,age       ] GC(58) - age   1:     378624 bytes,     378624 total
[2020-09-10T17:27:45.729+0000][1][gc,age       ] GC(58) - age   2:    1137808 bytes,    1516432 total
[2020-09-10T17:27:45.729+0000][1][gc,age       ] GC(58) - age   3:     334408 bytes,    1850840 total
[2020-09-10T17:27:45.729+0000][1][gc,age       ] GC(58) - age   4:     918504 bytes,    2769344 total
[2020-09-10T17:27:45.729+0000][1][gc,age       ] GC(58) - age   5:     330576 bytes,    3099920 total
[2020-09-10T17:27:45.729+0000][1][gc,age       ] GC(58) - age   6:     298576 bytes,    3398496 total
[2020-09-10T17:27:45.729+0000][1][gc,heap      ] GC(58) ParNew: 71622K->3361K(76672K)
[2020-09-10T17:27:45.729+0000][1][gc,heap      ] GC(58) CMS: 47722K->48086K(2011968K)
[2020-09-10T17:27:45.729+0000][1][gc,metaspace ] GC(58) Metaspace: 36163K->36163K(1083392K)
[2020-09-10T17:27:45.729+0000][1][gc           ] GC(58) Pause Young (Allocation Failure) 116M->50M(2039M) 66.104ms
[2020-09-10T17:27:45.729+0000][1][gc,cpu       ] GC(58) User=0.02s Sys=0.00s Real=0.07s
[2020-09-10T17:27:45.755+0000][1][safepoint    ] Safepoint "GenCollectForAllocation", Time since last: 901822346 ns, Reaching safepoint: 1044315 ns, At safepoint: 91987721 ns, Total: 93032036 ns
[2020-09-10T17:27:46.779+0000][1][safepoint    ] Safepoint "Cleanup", Time since last: 1019980382 ns, Reaching safepoint: 4043166 ns, At safepoint: 23848 ns, Total: 4067014 ns
[2020-09-10T17:27:47.761+0000][1][safepoint    ] Safepoint "RevokeBias", Time since last: 982557330 ns, Reaching safepoint: 124917 ns, At safepoint: 39336 ns, Total: 164253 ns
[2020-09-10T17:27:48.768+0000][1][safepoint    ] Safepoint "Cleanup", Time since last: 1005216725 ns, Reaching safepoint: 998724 ns, At safepoint: 8496 ns, Total: 1007220 ns
[2020-09-10T17:27:49.775+0000][1][safepoint    ] Safepoint "Cleanup", Time since last: 1005141672 ns, Reaching safepoint: 1887793 ns, At safepoint: 11165 ns, Total: 1898958 ns
[2020-09-10T17:27:49.975+0000][1][gc,start     ] GC(59) Pause Young (Allocation Failure)
[2020-09-10T17:27:49.975+0000][1][gc,task      ] GC(59) Using 1 workers of 1 for evacuation
[2020-09-10T17:27:50.067+0000][1][gc,age       ] GC(59) Desired survivor size 4358144 bytes, new threshold 5 (max threshold 6)
[2020-09-10T17:27:50.067+0000][1][gc,age       ] GC(59) Age table with threshold 5 (max threshold 6)
[2020-09-10T17:27:50.067+0000][1][gc,age       ] GC(59) - age   1:    2408592 bytes,    2408592 total
[2020-09-10T17:27:50.067+0000][1][gc,age       ] GC(59) - age   2:     332744 bytes,    2741336 total
[2020-09-10T17:27:50.067+0000][1][gc,age       ] GC(59) - age   3:    1135752 bytes,    3877088 total
[2020-09-10T17:27:50.067+0000][1][gc,age       ] GC(59) - age   4:     334408 bytes,    4211496 total
[2020-09-10T17:27:50.067+0000][1][gc,age       ] GC(59) - age   5:     918504 bytes,    5130000 total
[2020-09-10T17:27:50.067+0000][1][gc,age       ] GC(59) - age   6:     330576 bytes,    5460576 total
[2020-09-10T17:27:50.068+0000][1][gc,heap      ] GC(59) ParNew: 71521K->6627K(76672K)
[2020-09-10T17:27:50.068+0000][1][gc,heap      ] GC(59) CMS: 48086K->48378K(2011968K)
[2020-09-10T17:27:50.068+0000][1][gc,metaspace ] GC(59) Metaspace: 40537K->40537K(1087488K)
[2020-09-10T17:27:50.068+0000][1][gc           ] GC(59) Pause Young (Allocation Failure) 116M->53M(2039M) 92.432ms
[2020-09-10T17:27:50.068+0000][1][gc,cpu       ] GC(59) User=0.02s Sys=0.00s Real=0.10s
[2020-09-10T17:27:50.079+0000][1][safepoint    ] Safepoint "GenCollectForAllocation", Time since last: 200284396 ns, Reaching safepoint: 99188 ns, At safepoint: 104027647 ns, Total: 104126835 ns
[2020-09-10T17:27:51.119+0000][1][safepoint    ] Safepoint "Cleanup", Time since last: 1039540783 ns, Reaching safepoint: 239378 ns, At safepoint: 5492 ns, Total: 244870 ns
[2020-09-10T17:27:52.131+0000][1][safepoint    ] Safepoint "Cleanup", Time since last: 1000114886 ns, Reaching safepoint: 11656494 ns, At safepoint: 12194 ns, Total: 11668688 ns
[2020-09-10T17:27:53.131+0000][1][safepoint    ] Safepoint "Cleanup", Time since last: 1000118716 ns, Reaching safepoint: 138820 ns, At safepoint: 15431 ns, Total: 154251 ns
[2020-09-10T17:27:57.136+0000][1][safepoint    ] Safepoint "Cleanup", Time since last: 4003784656 ns, Reaching safepoint: 787969 ns, At safepoint: 5958 ns, Total: 793927 ns
[2020-09-10T17:27:57.730+0000][1][safepoint    ] Safepoint "RevokeBias", Time since last: 583816652 ns, Reaching safepoint: 10458933 ns, At safepoint: 73456 ns, Total: 10532389 ns
[2020-09-10T17:27:57.730+0000][1][safepoint    ] Safepoint "RevokeBias", Time since last: 357864 ns, Reaching safepoint: 84182 ns, At safepoint: 34518 ns, Total: 118700 ns
[2020-09-10T17:27:57.731+0000][1][safepoint    ] Safepoint "RevokeBias", Time since last: 275771 ns, Reaching safepoint: 83925 ns, At safepoint: 32728 ns, Total: 116653 ns
[2020-09-10T17:27:57.739+0000][1][safepoint    ] Safepoint "RevokeBias", Time since last: 35793 ns, Reaching safepoint: 7854593 ns, At safepoint: 44456 ns, Total: 7899049 ns
[2020-09-10T17:27:57.759+0000][1][safepoint    ] Safepoint "RevokeBias", Time since last: 13140139 ns, Reaching safepoint: 6844026 ns, At safepoint: 52251 ns, Total: 6896277 ns
[2020-09-10T17:27:57.759+0000][1][safepoint    ] Safepoint "RevokeBias", Time since last: 76347 ns, Reaching safepoint: 82524 ns, At safepoint: 29613 ns, Total: 112137 ns
[2020-09-10T17:27:57.759+0000][1][safepoint    ] Safepoint "RevokeBias", Time since last: 32643 ns, Reaching safepoint: 89831 ns, At safepoint: 39877 ns, Total: 129708 ns
[2020-09-10T17:27:57.759+0000][1][safepoint    ] Safepoint "RevokeBias", Time since last: 31401 ns, Reaching safepoint: 80216 ns, At safepoint: 32415 ns, Total: 112631 ns
[2020-09-10T17:27:57.759+0000][1][safepoint    ] Safepoint "RevokeBias", Time since last: 47649 ns, Reaching safepoint: 79913 ns, At safepoint: 31901 ns, Total: 111814 ns
[2020-09-10T17:27:57.760+0000][1][safepoint    ] Safepoint "RevokeBias", Time since last: 34636 ns, Reaching safepoint: 79297 ns, At safepoint: 31026 ns, Total: 110323 ns
[2020-09-10T17:27:57.760+0000][1][safepoint    ] Safepoint "RevokeBias", Time since last: 30395 ns, Reaching safepoint: 79068 ns, At safepoint: 31178 ns, Total: 110246 ns
[2020-09-10T17:27:57.760+0000][1][safepoint    ] Safepoint "RevokeBias", Time since last: 29685 ns, Reaching safepoint: 78999 ns, At safepoint: 30805 ns, Total: 109804 ns
[2020-09-10T17:27:57.760+0000][1][safepoint    ] Safepoint "RevokeBias", Time since last: 29821 ns, Reaching safepoint: 78901 ns, At safepoint: 30870 ns, Total: 109771 ns
[2020-09-10T17:27:57.760+0000][1][safepoint    ] Safepoint "RevokeBias", Time since last: 29551 ns, Reaching safepoint: 78646 ns, At safepoint: 31605 ns, Total: 110251 ns
[2020-09-10T17:27:57.760+0000][1][safepoint    ] Safepoint "RevokeBias", Time since last: 29757 ns, Reaching safepoint: 78692 ns, At safepoint: 31064 ns, Total: 109756 ns
[2020-09-10T17:27:57.760+0000][1][safepoint    ] Safepoint "RevokeBias", Time since last: 29550 ns, Reaching safepoint: 78653 ns, At safepoint: 30925 ns, Total: 109578 ns
[2020-09-10T17:27:57.761+0000][1][safepoint    ] Safepoint "RevokeBias", Time since last: 29782 ns, Reaching safepoint: 78651 ns, At safepoint: 30708 ns, Total: 109359 ns
[2020-09-10T17:27:57.761+0000][1][safepoint    ] Safepoint "RevokeBias", Time since last: 29645 ns, Reaching safepoint: 78498 ns, At safepoint: 30762 ns, Total: 109260 ns
[2020-09-10T17:27:57.763+0000][1][safepoint    ] Safepoint "RevokeBias", Time since last: 2021302 ns, Reaching safepoint: 92413 ns, At safepoint: 40744 ns, Total: 133157 ns
[2020-09-10T17:27:57.763+0000][1][safepoint    ] Safepoint "RevokeBias", Time since last: 49235 ns, Reaching safepoint: 81727 ns, At safepoint: 34345 ns, Total: 116072 ns
[2020-09-10T17:27:57.763+0000][1][safepoint    ] Safepoint "RevokeBias", Time since last: 33616 ns, Reaching safepoint: 80727 ns, At safepoint: 33088 ns, Total: 113815 ns
[2020-09-10T17:27:57.763+0000][1][safepoint    ] Safepoint "BulkRevokeBias", Time since last: 35054 ns, Reaching safepoint: 79960 ns, At safepoint: 71059 ns, Total: 151019 ns
[2020-09-10T17:27:57.764+0000][1][safepoint    ] Safepoint "RevokeBias", Time since last: 137032 ns, Reaching safepoint: 83248 ns, At safepoint: 35282 ns, Total: 118530 ns
[2020-09-10T17:27:57.764+0000][1][safepoint    ] Safepoint "RevokeBias", Time since last: 50824 ns, Reaching safepoint: 81165 ns, At safepoint: 32415 ns, Total: 113580 ns
[2020-09-10T17:27:57.764+0000][1][safepoint    ] Safepoint "RevokeBias", Time since last: 138854 ns, Reaching safepoint: 82124 ns, At safepoint: 33124 ns, Total: 115248 ns
[2020-09-10T17:27:57.771+0000][1][safepoint    ] Safepoint "RevokeBias", Time since last: 6679834 ns, Reaching safepoint: 108935 ns, At safepoint: 47381 ns, Total: 156316 ns
[2020-09-10T17:27:58.671+0000][1][safepoint    ] Safepoint "RevokeBias", Time since last: 899845572 ns, Reaching safepoint: 136504 ns, At safepoint: 17023 ns, Total: 153527 ns
[2020-09-10T17:27:58.671+0000][1][safepoint    ] Safepoint "RevokeBias", Time since last: 67055 ns, Reaching safepoint: 100333 ns, At safepoint: 12172 ns, Total: 112505 ns
[2020-09-10T17:27:58.671+0000][1][safepoint    ] Safepoint "RevokeBias", Time since last: 45627 ns, Reaching safepoint: 101825 ns, At safepoint: 12083 ns, Total: 113908 ns
[2020-09-10T17:27:58.671+0000][1][safepoint    ] Safepoint "RevokeBias", Time since last: 44934 ns, Reaching safepoint: 91340 ns, At safepoint: 11085 ns, Total: 102425 ns
[2020-09-10T17:27:58.671+0000][1][safepoint    ] Safepoint "RevokeBias", Time since last: 39039 ns, Reaching safepoint: 89146 ns, At safepoint: 10922 ns, Total: 100068 ns
[2020-09-10T17:27:58.672+0000][1][safepoint    ] Safepoint "RevokeBias", Time since last: 55475 ns, Reaching safepoint: 88102 ns, At safepoint: 10580 ns, Total: 98682 ns
[2020-09-10T17:27:58.672+0000][1][safepoint    ] Safepoint "RevokeBias", Time since last: 37343 ns, Reaching safepoint: 86377 ns, At safepoint: 10357 ns, Total: 96734 ns
[2020-09-10T17:27:58.672+0000][1][safepoint    ] Safepoint "RevokeBias", Time since last: 35637 ns, Reaching safepoint: 86730 ns, At safepoint: 10123 ns, Total: 96853 ns
[2020-09-10T17:27:58.672+0000][1][safepoint    ] Safepoint "RevokeBias", Time since last: 36239 ns, Reaching safepoint: 86389 ns, At safepoint: 10037 ns, Total: 96426 ns
[2020-09-10T17:27:58.672+0000][1][safepoint    ] Safepoint "RevokeBias", Time since last: 36213 ns, Reaching safepoint: 86290 ns, At safepoint: 9825 ns, Total: 96115 ns
[2020-09-10T17:27:58.672+0000][1][safepoint    ] Safepoint "RevokeBias", Time since last: 35234 ns, Reaching safepoint: 86445 ns, At safepoint: 10280 ns, Total: 96725 ns
[2020-09-10T17:27:58.672+0000][1][safepoint    ] Safepoint "RevokeBias", Time since last: 34899 ns, Reaching safepoint: 85830 ns, At safepoint: 9694 ns, Total: 95524 ns
[2020-09-10T17:27:58.673+0000][1][safepoint    ] Safepoint "RevokeBias", Time since last: 34974 ns, Reaching safepoint: 85402 ns, At safepoint: 10282 ns, Total: 95684 ns
[2020-09-10T17:27:59.681+0000][1][safepoint    ] Safepoint "Cleanup", Time since last: 1006142999 ns, Reaching safepoint: 1918135 ns, At safepoint: 8449 ns, Total: 1926584 ns
[2020-09-10T17:28:00.683+0000][1][safepoint    ] Safepoint "Cleanup", Time since last: 1002082633 ns, Reaching safepoint: 141875 ns, At safepoint: 7138 ns, Total: 149013 ns
[2020-09-10T17:28:00.859+0000][1][gc,start     ] GC(60) Pause Young (Allocation Failure)
[2020-09-10T17:28:00.859+0000][1][gc,task      ] GC(60) Using 1 workers of 1 for evacuation
[2020-09-10T17:28:00.971+0000][1][gc,age       ] GC(60) Desired survivor size 4358144 bytes, new threshold 2 (max threshold 6)
[2020-09-10T17:28:00.971+0000][1][gc,age       ] GC(60) Age table with threshold 2 (max threshold 6)
[2020-09-10T17:28:00.971+0000][1][gc,age       ] GC(60) - age   1:    2668656 bytes,    2668656 total
[2020-09-10T17:28:00.971+0000][1][gc,age       ] GC(60) - age   2:    2351536 bytes,    5020192 total
[2020-09-10T17:28:00.971+0000][1][gc,age       ] GC(60) - age   3:     332696 bytes,    5352888 total
[2020-09-10T17:28:00.971+0000][1][gc,age       ] GC(60) - age   4:    1135600 bytes,    6488488 total
[2020-09-10T17:28:00.971+0000][1][gc,age       ] GC(60) - age   5:     334408 bytes,    6822896 total
[2020-09-10T17:28:00.971+0000][1][gc,heap      ] GC(60) ParNew: 74787K->8512K(76672K)
[2020-09-10T17:28:00.971+0000][1][gc,heap      ] GC(60) CMS: 48378K->49597K(2011968K)
[2020-09-10T17:28:00.971+0000][1][gc,metaspace ] GC(60) Metaspace: 46863K->46863K(1093632K)
[2020-09-10T17:28:00.971+0000][1][gc           ] GC(60) Pause Young (Allocation Failure) 120M->56M(2039M) 112.476ms
[2020-09-10T17:28:00.971+0000][1][gc,cpu       ] GC(60) User=0.04s Sys=0.00s Real=0.11s
[2020-09-10T17:28:00.982+0000][1][safepoint    ] Safepoint "GenCollectForAllocation", Time since last: 176006271 ns, Reaching safepoint: 116302 ns, At safepoint: 122562652 ns, Total: 122678954 ns
[2020-09-10T17:28:00.983+0000][1][safepoint    ] Safepoint "RevokeBias", Time since last: 1647099 ns, Reaching safepoint: 32899 ns, At safepoint: 22629 ns, Total: 55528 ns
[2020-09-10T17:28:00.983+0000][1][safepoint    ] Safepoint "RevokeBias", Time since last: 36191 ns, Reaching safepoint: 10121 ns, At safepoint: 15951 ns, Total: 26072 ns
[2020-09-10T17:28:00.995+0000][1][safepoint    ] Safepoint "RevokeBias", Time since last: 11425193 ns, Reaching safepoint: 35891 ns, At safepoint: 27111 ns, Total: 63002 ns
[2020-09-10T17:28:01.841+0000][1][safepoint    ] Safepoint "RevokeBias", Time since last: 846521108 ns, Reaching safepoint: 131058 ns, At safepoint: 33253 ns, Total: 164311 ns
[2020-09-10T17:28:01.842+0000][1][safepoint    ] Safepoint "RevokeBias", Time since last: 553072 ns, Reaching safepoint: 80632 ns, At safepoint: 30117 ns, Total: 110749 ns
[2020-09-10T17:28:01.863+0000][1][safepoint    ] Safepoint "RevokeBias", Time since last: 21132120 ns, Reaching safepoint: 98966 ns, At safepoint: 39979 ns, Total: 138945 ns
[2020-09-10T17:28:01.867+0000][1][safepoint    ] Safepoint "RevokeBias", Time since last: 3293708 ns, Reaching safepoint: 32475 ns, At safepoint: 38089 ns, Total: 70564 ns
[2020-09-10T17:28:01.879+0000][1][safepoint    ] Safepoint "RevokeBias", Time since last: 11926022 ns, Reaching safepoint: 33519 ns, At safepoint: 37542 ns, Total: 71061 ns
[2020-09-10T17:28:02.744+0000][1][safepoint    ] Safepoint "RevokeBias", Time since last: 864873086 ns, Reaching safepoint: 650702 ns, At safepoint: 45812 ns, Total: 696514 ns
[2020-09-10T17:28:02.745+0000][1][safepoint    ] Safepoint "RevokeBias", Time since last: 187972 ns, Reaching safepoint: 85652 ns, At safepoint: 27181 ns, Total: 112833 ns
[2020-09-10T17:28:02.745+0000][1][safepoint    ] Safepoint "RevokeBias", Time since last: 42616 ns, Reaching safepoint: 81895 ns, At safepoint: 22273 ns, Total: 104168 ns
[2020-09-10T17:28:02.999+0000][1][safepoint    ] Safepoint "RevokeBias", Time since last: 254061119 ns, Reaching safepoint: 113770 ns, At safepoint: 37276 ns, Total: 151046 ns
[2020-09-10T17:28:03.003+0000][1][safepoint    ] Safepoint "RevokeBias", Time since last: 434466 ns, Reaching safepoint: 3294526 ns, At safepoint: 49856 ns, Total: 3344382 ns
[2020-09-10T17:28:03.003+0000][1][safepoint    ] Safepoint "RevokeBias", Time since last: 191331 ns, Reaching safepoint: 85623 ns, At safepoint: 24220 ns, Total: 109843 ns
[2020-09-10T17:28:03.004+0000][1][safepoint    ] Safepoint "RevokeBias", Time since last: 936120 ns, Reaching safepoint: 87277 ns, At safepoint: 24580 ns, Total: 111857 ns
[2020-09-10T17:28:03.005+0000][1][safepoint    ] Safepoint "RevokeBias", Time since last: 335271 ns, Reaching safepoint: 84134 ns, At safepoint: 26508 ns, Total: 110642 ns
[2020-09-10T17:28:03.007+0000][1][safepoint    ] Safepoint "RevokeBias", Time since last: 2381719 ns, Reaching safepoint: 92008 ns, At safepoint: 28965 ns, Total: 120973 ns
[2020-09-10T17:28:03.012+0000][1][safepoint    ] Safepoint "RevokeBias", Time since last: 5241860 ns, Reaching safepoint: 119616 ns, At safepoint: 34558 ns, Total: 154174 ns
[2020-09-10T17:28:03.013+0000][1][safepoint    ] Safepoint "RevokeBias", Time since last: 116270 ns, Reaching safepoint: 82573 ns, At safepoint: 20431 ns, Total: 103004 ns
[2020-09-10T17:28:03.015+0000][1][safepoint    ] Safepoint "RevokeBias", Time since last: 1995009 ns, Reaching safepoint: 87971 ns, At safepoint: 30116 ns, Total: 118087 ns
[2020-09-10T17:28:03.015+0000][1][safepoint    ] Safepoint "RevokeBias", Time since last: 50984 ns, Reaching safepoint: 83098 ns, At safepoint: 24049 ns, Total: 107147 ns
[2020-09-10T17:28:03.055+0000][1][safepoint    ] Safepoint "RevokeBias", Time since last: 39459581 ns, Reaching safepoint: 110639 ns, At safepoint: 50320 ns, Total: 160959 ns
[2020-09-10T17:28:03.056+0000][1][safepoint    ] Safepoint "RevokeBias", Time since last: 1119634 ns, Reaching safepoint: 86918 ns, At safepoint: 22589 ns, Total: 109507 ns
[2020-09-10T17:28:03.063+0000][1][safepoint    ] Safepoint "RevokeBias", Time since last: 6937402 ns, Reaching safepoint: 115552 ns, At safepoint: 37195 ns, Total: 152747 ns
[2020-09-10T17:28:03.063+0000][1][safepoint    ] Safepoint "RevokeBias", Time since last: 53019 ns, Reaching safepoint: 82166 ns, At safepoint: 21779 ns, Total: 103945 ns
[2020-09-10T17:28:03.063+0000][1][safepoint    ] Safepoint "RevokeBias", Time since last: 32106 ns, Reaching safepoint: 81417 ns, At safepoint: 19372 ns, Total: 100789 ns
[2020-09-10T17:28:03.063+0000][1][safepoint    ] Safepoint "RevokeBias", Time since last: 30144 ns, Reaching safepoint: 82251 ns, At safepoint: 23709 ns, Total: 105960 ns
[2020-09-10T17:28:03.063+0000][1][safepoint    ] Safepoint "RevokeBias", Time since last: 30647 ns, Reaching safepoint: 80306 ns, At safepoint: 18880 ns, Total: 99186 ns
[2020-09-10T17:28:03.064+0000][1][safepoint    ] Safepoint "BulkRevokeBias", Time since last: 31901 ns, Reaching safepoint: 80632 ns, At safepoint: 66628 ns, Total: 147260 ns
[2020-09-10T17:28:03.064+0000][1][safepoint    ] Safepoint "RevokeBias", Time since last: 175289 ns, Reaching safepoint: 82146 ns, At safepoint: 20374 ns, Total: 102520 ns
[2020-09-10T17:28:03.071+0000][1][safepoint    ] Safepoint "BulkRevokeBias", Time since last: 62015 ns, Reaching safepoint: 6733281 ns, At safepoint: 92998 ns, Total: 6826279 ns
[2020-09-10T17:28:03.071+0000][1][safepoint    ] Safepoint "RevokeBias", Time since last: 194655 ns, Reaching safepoint: 87409 ns, At safepoint: 29183 ns, Total: 116592 ns
[2020-09-10T17:28:03.071+0000][1][safepoint    ] Safepoint "RevokeBias", Time since last: 53751 ns, Reaching safepoint: 83684 ns, At safepoint: 20928 ns, Total: 104612 ns
[2020-09-10T17:28:03.071+0000][1][safepoint    ] Safepoint "RevokeBias", Time since last: 71443 ns, Reaching safepoint: 83520 ns, At safepoint: 21123 ns, Total: 104643 ns
[2020-09-10T17:28:03.072+0000][1][safepoint    ] Safepoint "RevokeBias", Time since last: 42574 ns, Reaching safepoint: 82110 ns, At safepoint: 19745 ns, Total: 101855 ns
[2020-09-10T17:28:03.072+0000][1][safepoint    ] Safepoint "RevokeBias", Time since last: 111915 ns, Reaching safepoint: 82143 ns, At safepoint: 20627 ns, Total: 102770 ns
[2020-09-10T17:28:03.072+0000][1][safepoint    ] Safepoint "RevokeBias", Time since last: 233731 ns, Reaching safepoint: 85558 ns, At safepoint: 27029 ns, Total: 112587 ns
[2020-09-10T17:28:03.072+0000][1][safepoint    ] Safepoint "RevokeBias", Time since last: 70599 ns, Reaching safepoint: 82397 ns, At safepoint: 20107 ns, Total: 102504 ns
[2020-09-10T17:28:03.073+0000][1][safepoint    ] Safepoint "RevokeBias", Time since last: 117448 ns, Reaching safepoint: 84253 ns, At safepoint: 24748 ns, Total: 109001 ns
[2020-09-10T17:28:03.073+0000][1][safepoint    ] Safepoint "RevokeBias", Time since last: 45851 ns, Reaching safepoint: 81514 ns, At safepoint: 23261 ns, Total: 104775 ns
[2020-09-10T17:28:03.073+0000][1][safepoint    ] Safepoint "RevokeBias", Time since last: 30232 ns, Reaching safepoint: 80697 ns, At safepoint: 21155 ns, Total: 101852 ns
[2020-09-10T17:28:03.073+0000][1][safepoint    ] Safepoint "RevokeBias", Time since last: 28568 ns, Reaching safepoint: 46110 ns, At safepoint: 18681 ns, Total: 64791 ns
[2020-09-10T17:28:03.073+0000][1][safepoint    ] Safepoint "RevokeBias", Time since last: 193953 ns, Reaching safepoint: 90944 ns, At safepoint: 29026 ns, Total: 119970 ns
[2020-09-10T17:28:03.075+0000][1][safepoint    ] Safepoint "RevokeBias", Time since last: 1533166 ns, Reaching safepoint: 88586 ns, At safepoint: 25479 ns, Total: 114065 ns
[2020-09-10T17:28:03.076+0000][1][safepoint    ] Safepoint "RevokeBias", Time since last: 1062806 ns, Reaching safepoint: 17441 ns, At safepoint: 22611 ns, Total: 40052 ns
[2020-09-10T17:28:03.081+0000][1][safepoint    ] Safepoint "RevokeBias", Time since last: 4804417 ns, Reaching safepoint: 47325 ns, At safepoint: 36644 ns, Total: 83969 ns
[2020-09-10T17:28:03.082+0000][1][safepoint    ] Safepoint "RevokeBias", Time since last: 672972 ns, Reaching safepoint: 15750 ns, At safepoint: 32493 ns, Total: 48243 ns
[2020-09-10T17:28:03.082+0000][1][safepoint    ] Safepoint "BulkRevokeBias", Time since last: 85144 ns, Reaching safepoint: 12484 ns, At safepoint: 66824 ns, Total: 79308 ns
[2020-09-10T17:28:03.128+0000][1][safepoint    ] Safepoint "RevokeBias", Time since last: 44252789 ns, Reaching safepoint: 2144646 ns, At safepoint: 26601 ns, Total: 2171247 ns
[2020-09-10T17:28:03.129+0000][1][safepoint    ] Safepoint "RevokeBias", Time since last: 671757 ns, Reaching safepoint: 92702 ns, At safepoint: 20138 ns, Total: 112840 ns
[2020-09-10T17:28:03.129+0000][1][safepoint    ] Safepoint "RevokeBias", Time since last: 37394 ns, Reaching safepoint: 81922 ns, At safepoint: 15706 ns, Total: 97628 ns
[2020-09-10T17:28:03.239+0000][1][safepoint    ] Safepoint "RevokeBias", Time since last: 109600242 ns, Reaching safepoint: 106294 ns, At safepoint: 14585 ns, Total: 120879 ns
[2020-09-10T17:28:03.625+0000][1][safepoint    ] Safepoint "RevokeBias", Time since last: 385724793 ns, Reaching safepoint: 119181 ns, At safepoint: 12986 ns, Total: 132167 ns
[2020-09-10T17:28:03.627+0000][1][safepoint    ] Safepoint "RevokeBias", Time since last: 1999713 ns, Reaching safepoint: 97010 ns, At safepoint: 10860 ns, Total: 107870 ns
[2020-09-10T17:28:04.027+0000][1][gc,start     ] GC(61) Pause Young (Allocation Failure)
[2020-09-10T17:28:04.027+0000][1][gc,task      ] GC(61) Using 1 workers of 1 for evacuation
[2020-09-10T17:28:04.339+0000][1][gc,age       ] GC(61) Desired survivor size 4358144 bytes, new threshold 2 (max threshold 6)
[2020-09-10T17:28:04.339+0000][1][gc,age       ] GC(61) Age table with threshold 2 (max threshold 6)
[2020-09-10T17:28:04.339+0000][1][gc,age       ] GC(61) - age   1:    2374656 bytes,    2374656 total
[2020-09-10T17:28:04.339+0000][1][gc,age       ] GC(61) - age   2:    2589976 bytes,    4964632 total
[2020-09-10T17:28:04.339+0000][1][gc,heap      ] GC(61) ParNew: 76672K->6135K(76672K)
[2020-09-10T17:28:04.339+0000][1][gc,heap      ] GC(61) CMS: 49597K->53730K(2011968K)
[2020-09-10T17:28:04.339+0000][1][gc,metaspace ] GC(61) Metaspace: 52029K->52029K(1097728K)
[2020-09-10T17:28:04.339+0000][1][gc           ] GC(61) Pause Young (Allocation Failure) 123M->58M(2039M) 312.325ms
[2020-09-10T17:28:04.339+0000][1][gc,cpu       ] GC(61) User=0.11s Sys=0.00s Real=0.31s
[2020-09-10T17:28:04.339+0000][1][safepoint    ] Safepoint "GenCollectForAllocation", Time since last: 399907052 ns, Reaching safepoint: 120099 ns, At safepoint: 312501710 ns, Total: 312621809 ns
[2020-09-10T17:28:05.877+0000][1][safepoint    ] Safepoint "Cleanup", Time since last: 1535371079 ns, Reaching safepoint: 2519130 ns, At safepoint: 14723 ns, Total: 2533853 ns
[2020-09-10T17:28:06.390+0000][1][safepoint    ] Safepoint "RevokeBias", Time since last: 510027741 ns, Reaching safepoint: 2966802 ns, At safepoint: 19008 ns, Total: 2985810 ns
[2020-09-10T17:28:07.395+0000][1][safepoint    ] Safepoint "Cleanup", Time since last: 1004311376 ns, Reaching safepoint: 144922 ns, At safepoint: 6321 ns, Total: 151243 ns
[2020-09-10T17:28:07.753+0000][1][gc,start     ] GC(62) Pause Young (Allocation Failure)
[2020-09-10T17:28:07.753+0000][1][gc,task      ] GC(62) Using 1 workers of 1 for evacuation
[2020-09-10T17:28:07.850+0000][1][gc,age       ] GC(62) Desired survivor size 4358144 bytes, new threshold 6 (max threshold 6)
[2020-09-10T17:28:07.850+0000][1][gc,age       ] GC(62) Age table with threshold 6 (max threshold 6)
[2020-09-10T17:28:07.850+0000][1][gc,age       ] GC(62) - age   1:    1212336 bytes,    1212336 total
[2020-09-10T17:28:07.850+0000][1][gc,age       ] GC(62) - age   2:    2329640 bytes,    3541976 total
[2020-09-10T17:28:07.851+0000][1][gc,heap      ] GC(62) ParNew: 74295K->5169K(76672K)
[2020-09-10T17:28:07.851+0000][1][gc,heap      ] GC(62) CMS: 53730K->56363K(2011968K)
[2020-09-10T17:28:07.851+0000][1][gc,metaspace ] GC(62) Metaspace: 58780K->58780K(1103872K)
[2020-09-10T17:28:07.851+0000][1][gc           ] GC(62) Pause Young (Allocation Failure) 125M->60M(2039M) 97.645ms
[2020-09-10T17:28:07.851+0000][1][gc,cpu       ] GC(62) User=0.04s Sys=0.00s Real=0.10s
[2020-09-10T17:28:07.854+0000][1][safepoint    ] Safepoint "GenCollectForAllocation", Time since last: 358090128 ns, Reaching safepoint: 125172 ns, At safepoint: 100610052 ns, Total: 100735224 ns
[2020-09-10T17:28:08.188+0000][1][safepoint    ] Safepoint "CollectForMetadataAllocation", Time since last: 333175021 ns, Reaching safepoint: 448857 ns, At safepoint: 416568 ns, Total: 865425 ns
[2020-09-10T17:28:08.387+0000][1][safepoint    ] Safepoint "CollectForMetadataAllocation", Time since last: 199127421 ns, Reaching safepoint: 118812 ns, At safepoint: 132400 ns, Total: 251212 ns
[2020-09-10T17:28:08.651+0000][1][safepoint    ] Safepoint "CollectForMetadataAllocation", Time since last: 263746406 ns, Reaching safepoint: 400238 ns, At safepoint: 127692 ns, Total: 527930 ns
[2020-09-10T17:28:08.756+0000][1][safepoint    ] Safepoint "CollectForMetadataAllocation", Time since last: 103091687 ns, Reaching safepoint: 1898675 ns, At safepoint: 137316 ns, Total: 2035991 ns
[2020-09-10T17:28:08.929+0000][1][safepoint    ] Safepoint "CollectForMetadataAllocation", Time since last: 172167862 ns, Reaching safepoint: 123843 ns, At safepoint: 114609 ns, Total: 238452 ns
[2020-09-10T17:28:09.071+0000][1][safepoint    ] Safepoint "CollectForMetadataAllocation", Time since last: 141970424 ns, Reaching safepoint: 120419 ns, At safepoint: 125795 ns, Total: 246214 ns
[2020-09-10T17:28:09.260+0000][1][safepoint    ] Safepoint "CollectForMetadataAllocation", Time since last: 188809673 ns, Reaching safepoint: 117802 ns, At safepoint: 83861 ns, Total: 201663 ns
[2020-09-10T17:28:09.379+0000][1][safepoint    ] Safepoint "RevokeBias", Time since last: 115668673 ns, Reaching safepoint: 3071285 ns, At safepoint: 37789 ns, Total: 3109074 ns
[2020-09-10T17:28:09.379+0000][1][safepoint    ] Safepoint "RevokeBias", Time since last: 171984 ns, Reaching safepoint: 81110 ns, At safepoint: 19975 ns, Total: 101085 ns
[2020-09-10T17:28:09.379+0000][1][safepoint    ] Safepoint "RevokeBias", Time since last: 101097 ns, Reaching safepoint: 80140 ns, At safepoint: 18928 ns, Total: 99068 ns
[2020-09-10T17:28:09.389+0000][1][safepoint    ] Safepoint "RevokeBias", Time since last: 9561331 ns, Reaching safepoint: 104317 ns, At safepoint: 35404 ns, Total: 139721 ns
[2020-09-10T17:28:09.527+0000][1][safepoint    ] Safepoint "CollectForMetadataAllocation", Time since last: 138071811 ns, Reaching safepoint: 112702 ns, At safepoint: 140597 ns, Total: 253299 ns
[2020-09-10T17:28:09.817+0000][1][safepoint    ] Safepoint "CollectForMetadataAllocation", Time since last: 289380032 ns, Reaching safepoint: 120298 ns, At safepoint: 140832 ns, Total: 261130 ns
[2020-09-10T17:28:09.859+0000][1][gc,start     ] GC(63) Pause Initial Mark
[2020-09-10T17:28:09.889+0000][1][gc           ] GC(63) Pause Initial Mark 90M->90M(2039M) 30.635ms
[2020-09-10T17:28:09.890+0000][1][gc,cpu       ] GC(63) User=0.02s Sys=0.00s Real=0.03s
[2020-09-10T17:28:09.931+0000][1][safepoint    ] Safepoint "CMS_Initial_Mark", Time since last: 40900790 ns, Reaching safepoint: 1034493 ns, At safepoint: 71857169 ns, Total: 72891662 ns
[2020-09-10T17:28:09.931+0000][1][gc           ] GC(63) Concurrent Mark
[2020-09-10T17:28:10.452+0000][1][gc           ] GC(63) Concurrent Mark 520.966ms
[2020-09-10T17:28:10.452+0000][1][gc,cpu       ] GC(63) User=0.17s Sys=0.00s Real=0.52s
[2020-09-10T17:28:10.457+0000][1][safepoint    ] Safepoint "CollectForMetadataAllocation", Time since last: 496008479 ns, Reaching safepoint: 30128060 ns, At safepoint: 149120 ns, Total: 30277180 ns
[2020-09-10T17:28:10.464+0000][1][gc           ] GC(63) Concurrent Preclean
[2020-09-10T17:28:10.484+0000][1][gc           ] GC(63) Concurrent Preclean 20.409ms
[2020-09-10T17:28:10.484+0000][1][gc,cpu       ] GC(63) User=0.01s Sys=0.00s Real=0.02s
[2020-09-10T17:28:10.484+0000][1][gc           ] GC(63) Concurrent Abortable Preclean
[2020-09-10T17:28:10.919+0000][1][safepoint    ] Safepoint "RevokeBias", Time since last: 448971665 ns, Reaching safepoint: 12939451 ns, At safepoint: 11645 ns, Total: 12951096 ns
[2020-09-10T17:28:11.038+0000][1][safepoint    ] Safepoint "CollectForMetadataAllocation", Time since last: 119311486 ns, Reaching safepoint: 112329 ns, At safepoint: 115658 ns, Total: 227987 ns
[2020-09-10T17:28:11.383+0000][1][safepoint    ] Safepoint "CollectForMetadataAllocation", Time since last: 338364753 ns, Reaching safepoint: 5923403 ns, At safepoint: 122047 ns, Total: 6045450 ns
[2020-09-10T17:28:11.458+0000][1][safepoint    ] Safepoint "Deoptimize", Time since last: 70740199 ns, Reaching safepoint: 4423955 ns, At safepoint: 320788 ns, Total: 4744743 ns
[2020-09-10T17:28:11.800+0000][1][safepoint    ] Safepoint "CollectForMetadataAllocation", Time since last: 341720701 ns, Reaching safepoint: 119582 ns, At safepoint: 129633 ns, Total: 249215 ns
[2020-09-10T17:28:12.156+0000][1][safepoint    ] Safepoint "CollectForMetadataAllocation", Time since last: 355652092 ns, Reaching safepoint: 84810 ns, At safepoint: 111907 ns, Total: 196717 ns
[2020-09-10T17:28:12.208+0000][1][safepoint    ] Safepoint "RevokeBias", Time since last: 38669772 ns, Reaching safepoint: 13461209 ns, At safepoint: 41830 ns, Total: 13503039 ns
[2020-09-10T17:28:12.235+0000][1][safepoint    ] Safepoint "RevokeBias", Time since last: 6638394 ns, Reaching safepoint: 19799667 ns, At safepoint: 53862 ns, Total: 19853529 ns
[2020-09-10T17:28:12.261+0000][1][safepoint    ] Safepoint "RevokeBias", Time since last: 15887863 ns, Reaching safepoint: 10014688 ns, At safepoint: 39240 ns, Total: 10053928 ns
[2020-09-10T17:28:12.261+0000][1][safepoint    ] Safepoint "RevokeBias", Time since last: 199557 ns, Reaching safepoint: 89514 ns, At safepoint: 31456 ns, Total: 120970 ns
[2020-09-10T17:28:12.427+0000][1][safepoint    ] Safepoint "RevokeBias", Time since last: 157607381 ns, Reaching safepoint: 8076723 ns, At safepoint: 14727 ns, Total: 8091450 ns
[2020-09-10T17:28:12.427+0000][1][safepoint    ] Safepoint "RevokeBias", Time since last: 152158 ns, Reaching safepoint: 77398 ns, At safepoint: 8135 ns, Total: 85533 ns
[2020-09-10T17:28:12.500+0000][1][safepoint    ] Safepoint "CollectForMetadataAllocation", Time since last: 72331871 ns, Reaching safepoint: 84244 ns, At safepoint: 112107 ns, Total: 196351 ns
[2020-09-10T17:28:12.914+0000][1][safepoint    ] Safepoint "CollectForMetadataAllocation", Time since last: 414289698 ns, Reaching safepoint: 115489 ns, At safepoint: 120910 ns, Total: 236399 ns
[2020-09-10T17:28:13.175+0000][1][safepoint    ] Safepoint "CollectForMetadataAllocation", Time since last: 260597436 ns, Reaching safepoint: 71695 ns, At safepoint: 71859 ns, Total: 143554 ns
[2020-09-10T17:28:13.256+0000][1][gc,start     ] GC(64) Pause Young (Allocation Failure)
[2020-09-10T17:28:13.256+0000][1][gc,task      ] GC(64) Using 1 workers of 1 for evacuation
[2020-09-10T17:28:13.321+0000][1][gc,age       ] GC(64) Desired survivor size 4358144 bytes, new threshold 2 (max threshold 6)
[2020-09-10T17:28:13.321+0000][1][gc,age       ] GC(64) Age table with threshold 2 (max threshold 6)
[2020-09-10T17:28:13.321+0000][1][gc,age       ] GC(64) - age   1:    3286320 bytes,    3286320 total
[2020-09-10T17:28:13.321+0000][1][gc,age       ] GC(64) - age   2:    1137416 bytes,    4423736 total
[2020-09-10T17:28:13.321+0000][1][gc,age       ] GC(64) - age   3:    2314184 bytes,    6737920 total
[2020-09-10T17:28:13.321+0000][1][gc,heap      ] GC(64) ParNew: 73329K->7773K(76672K)
[2020-09-10T17:28:13.321+0000][1][gc,heap      ] GC(64) CMS: 56363K->56363K(2011968K)
[2020-09-10T17:28:13.321+0000][1][gc,metaspace ] GC(64) Metaspace: 64821K->64821K(1107968K)
[2020-09-10T17:28:13.321+0000][1][gc           ] GC(64) Pause Young (Allocation Failure) 126M->62M(2039M) 65.331ms
[2020-09-10T17:28:13.321+0000][1][gc,cpu       ] GC(64) User=0.03s Sys=0.00s Real=0.07s
[2020-09-10T17:28:13.343+0000][1][safepoint    ] Safepoint "GenCollectForAllocation", Time since last: 80843660 ns, Reaching safepoint: 222083 ns, At safepoint: 86792755 ns, Total: 87014838 ns
[2020-09-10T17:28:13.423+0000][1][safepoint    ] Safepoint "CollectForMetadataAllocation", Time since last: 80113078 ns, Reaching safepoint: 53019 ns, At safepoint: 130939 ns, Total: 183958 ns
[2020-09-10T17:28:13.579+0000][1][safepoint    ] Safepoint "CollectForMetadataAllocation", Time since last: 155719877 ns, Reaching safepoint: 49543 ns, At safepoint: 135746 ns, Total: 185289 ns
[2020-09-10T17:28:13.748+0000][1][safepoint    ] Safepoint "CollectForMetadataAllocation", Time since last: 167926489 ns, Reaching safepoint: 1247123 ns, At safepoint: 125667 ns, Total: 1372790 ns
[2020-09-10T17:28:13.765+0000][1][safepoint    ] Safepoint "CollectForMetadataAllocation", Time since last: 14557095 ns, Reaching safepoint: 2086646 ns, At safepoint: 11334 ns, Total: 2097980 ns
[2020-09-10T17:28:13.875+0000][1][safepoint    ] Safepoint "RevokeBias", Time since last: 98835276 ns, Reaching safepoint: 11131595 ns, At safepoint: 14709 ns, Total: 11146304 ns
[2020-09-10T17:28:13.875+0000][1][safepoint    ] Safepoint "RevokeBias", Time since last: 490410 ns, Reaching safepoint: 87383 ns, At safepoint: 11286 ns, Total: 98669 ns
[2020-09-10T17:28:14.044+0000][1][safepoint    ] Safepoint "CollectForMetadataAllocation", Time since last: 168576628 ns, Reaching safepoint: 107210 ns, At safepoint: 117090 ns, Total: 224300 ns
[2020-09-10T17:28:14.319+0000][1][safepoint    ] Safepoint "CollectForMetadataAllocation", Time since last: 274364007 ns, Reaching safepoint: 64841 ns, At safepoint: 151345 ns, Total: 216186 ns
[2020-09-10T17:28:14.509+0000][1][safepoint    ] Safepoint "CollectForMetadataAllocation", Time since last: 189841498 ns, Reaching safepoint: 45779 ns, At safepoint: 111557 ns, Total: 157336 ns
[2020-09-10T17:28:14.738+0000][1][safepoint    ] Safepoint "RevokeBias", Time since last: 212763968 ns, Reaching safepoint: 16559120 ns, At safepoint: 23571 ns, Total: 16582691 ns
[2020-09-10T17:28:14.738+0000][1][safepoint    ] Safepoint "RevokeBias", Time since last: 99712 ns, Reaching safepoint: 86905 ns, At safepoint: 8280 ns, Total: 95185 ns
[2020-09-10T17:28:14.827+0000][1][safepoint    ] Safepoint "CollectForMetadataAllocation", Time since last: 87419170 ns, Reaching safepoint: 996189 ns, At safepoint: 127295 ns, Total: 1123484 ns
[2020-09-10T17:28:14.950+0000][1][safepoint    ] Safepoint "CollectForMetadataAllocation", Time since last: 123372677 ns, Reaching safepoint: 51762 ns, At safepoint: 141028 ns, Total: 192790 ns
[2020-09-10T17:28:15.267+0000][1][safepoint    ] Safepoint "CollectForMetadataAllocation", Time since last: 312252506 ns, Reaching safepoint: 4015671 ns, At safepoint: 140508 ns, Total: 4156179 ns
[2020-09-10T17:28:15.443+0000][1][safepoint    ] Safepoint "CollectForMetadataAllocation", Time since last: 158475147 ns, Reaching safepoint: 17442130 ns, At safepoint: 145576 ns, Total: 17587706 ns
[2020-09-10T17:28:15.489+0000][1][gc           ] GC(63) Concurrent Abortable Preclean 5004.642ms
[2020-09-10T17:28:15.489+0000][1][gc,cpu       ] GC(63) User=1.79s Sys=0.04s Real=5.01s
[2020-09-10T17:28:15.513+0000][1][gc,start     ] GC(63) Pause Remark
[2020-09-10T17:28:15.580+0000][1][gc           ] GC(63) Pause Remark 91M->91M(2039M) 67.041ms
[2020-09-10T17:28:15.580+0000][1][gc,cpu       ] GC(63) User=0.02s Sys=0.00s Real=0.07s
[2020-09-10T17:28:15.607+0000][1][safepoint    ] Safepoint "CMS_Final_Remark", Time since last: 67584742 ns, Reaching safepoint: 2285049 ns, At safepoint: 93915556 ns, Total: 96200605 ns
[2020-09-10T17:28:15.607+0000][1][gc           ] GC(63) Concurrent Sweep
[2020-09-10T17:28:15.691+0000][1][safepoint    ] Safepoint "CollectForMetadataAllocation", Time since last: 71852651 ns, Reaching safepoint: 12888085 ns, At safepoint: 10329 ns, Total: 12898414 ns
[2020-09-10T17:28:15.692+0000][1][safepoint    ] Safepoint "CollectForMetadataAllocation", Time since last: 217703 ns, Reaching safepoint: 13595 ns, At safepoint: 80460 ns, Total: 94055 ns
[2020-09-10T17:28:15.733+0000][1][safepoint    ] Safepoint "CollectForMetadataAllocation", Time since last: 40955816 ns, Reaching safepoint: 194117 ns, At safepoint: 136295 ns, Total: 330412 ns
[2020-09-10T17:28:15.735+0000][1][gc           ] GC(63) Concurrent Sweep 127.803ms
[2020-09-10T17:28:15.735+0000][1][gc,cpu       ] GC(63) User=0.04s Sys=0.00s Real=0.12s
[2020-09-10T17:28:15.735+0000][1][gc           ] GC(63) Concurrent Reset
[2020-09-10T17:28:15.762+0000][1][gc           ] GC(63) Concurrent Reset 27.118ms
[2020-09-10T17:28:15.762+0000][1][gc,cpu       ] GC(63) User=0.01s Sys=0.00s Real=0.03s
[2020-09-10T17:28:15.762+0000][1][gc,heap      ] GC(63) Old: 56363K->55404K(2011968K)
[2020-09-10T17:28:15.775+0000][1][safepoint    ] Safepoint "Deoptimize", Time since last: 40047470 ns, Reaching safepoint: 1626084 ns, At safepoint: 344784 ns, Total: 1970868 ns
[2020-09-10T17:28:15.827+0000][1][safepoint    ] Safepoint "Deoptimize", Time since last: 48320496 ns, Reaching safepoint: 3320516 ns, At safepoint: 341067 ns, Total: 3661583 ns
[2020-09-10T17:28:16.131+0000][1][safepoint    ] Safepoint "RevokeBias", Time since last: 303917803 ns, Reaching safepoint: 110214 ns, At safepoint: 22714 ns, Total: 132928 ns
[2020-09-10T17:28:16.132+0000][1][safepoint    ] Safepoint "RevokeBias", Time since last: 379538 ns, Reaching safepoint: 81213 ns, At safepoint: 16915 ns, Total: 98128 ns
[2020-09-10T17:28:16.132+0000][1][safepoint    ] Safepoint "RevokeBias", Time since last: 761092 ns, Reaching safepoint: 81717 ns, At safepoint: 16406 ns, Total: 98123 ns
[2020-09-10T17:28:16.133+0000][1][safepoint    ] Safepoint "RevokeBias", Time since last: 449503 ns, Reaching safepoint: 86489 ns, At safepoint: 17150 ns, Total: 103639 ns
[2020-09-10T17:28:16.135+0000][1][safepoint    ] Safepoint "RevokeBias", Time since last: 44630 ns, Reaching safepoint: 1703911 ns, At safepoint: 29364 ns, Total: 1733275 ns
[2020-09-10T17:28:16.135+0000][1][safepoint    ] Safepoint "RevokeBias", Time since last: 111818 ns, Reaching safepoint: 86682 ns, At safepoint: 18703 ns, Total: 105385 ns
[2020-09-10T17:28:16.135+0000][1][safepoint    ] Safepoint "RevokeBias", Time since last: 328296 ns, Reaching safepoint: 82564 ns, At safepoint: 17727 ns, Total: 100291 ns
[2020-09-10T17:28:16.136+0000][1][safepoint    ] Safepoint "RevokeBias", Time since last: 205378 ns, Reaching safepoint: 84738 ns, At safepoint: 17028 ns, Total: 101766 ns
[2020-09-10T17:28:16.141+0000][1][safepoint    ] Safepoint "RevokeBias", Time since last: 43666 ns, Reaching safepoint: 5091888 ns, At safepoint: 30291 ns, Total: 5122179 ns
[2020-09-10T17:28:16.142+0000][1][safepoint    ] Safepoint "RevokeBias", Time since last: 666727 ns, Reaching safepoint: 94695 ns, At safepoint: 21319 ns, Total: 116014 ns
[2020-09-10T17:28:16.145+0000][1][safepoint    ] Safepoint "RevokeBias", Time since last: 3594839 ns, Reaching safepoint: 130024 ns, At safepoint: 26734 ns, Total: 156758 ns
[2020-09-10T17:28:16.148+0000][1][safepoint    ] Safepoint "RevokeBias", Time since last: 2341963 ns, Reaching safepoint: 100166 ns, At safepoint: 27294 ns, Total: 127460 ns
[2020-09-10T17:28:16.148+0000][1][safepoint    ] Safepoint "RevokeBias", Time since last: 78585 ns, Reaching safepoint: 83412 ns, At safepoint: 18107 ns, Total: 101519 ns
[2020-09-10T17:28:16.148+0000][1][safepoint    ] Safepoint "RevokeBias", Time since last: 44085 ns, Reaching safepoint: 83879 ns, At safepoint: 16943 ns, Total: 100822 ns
[2020-09-10T17:28:16.148+0000][1][safepoint    ] Safepoint "RevokeBias", Time since last: 50048 ns, Reaching safepoint: 83943 ns, At safepoint: 20757 ns, Total: 104700 ns
[2020-09-10T17:28:16.148+0000][1][safepoint    ] Safepoint "RevokeBias", Time since last: 49403 ns, Reaching safepoint: 82974 ns, At safepoint: 18014 ns, Total: 100988 ns
[2020-09-10T17:28:16.154+0000][1][safepoint    ] Safepoint "RevokeBias", Time since last: 55576 ns, Reaching safepoint: 5335306 ns, At safepoint: 31451 ns, Total: 5366757 ns
[2020-09-10T17:28:16.154+0000][1][safepoint    ] Safepoint "RevokeBias", Time since last: 110930 ns, Reaching safepoint: 86570 ns, At safepoint: 19108 ns, Total: 105678 ns
[2020-09-10T17:28:16.167+0000][1][safepoint    ] Safepoint "Deoptimize", Time since last: 12563227 ns, Reaching safepoint: 115924 ns, At safepoint: 338112 ns, Total: 454036 ns
[2020-09-10T17:28:16.179+0000][1][safepoint    ] Safepoint "RevokeBias", Time since last: 12081208 ns, Reaching safepoint: 113777 ns, At safepoint: 33614 ns, Total: 147391 ns
[2020-09-10T17:28:16.180+0000][1][safepoint    ] Safepoint "RevokeBias", Time since last: 553296 ns, Reaching safepoint: 85332 ns, At safepoint: 22317 ns, Total: 107649 ns
[2020-09-10T17:28:16.180+0000][1][safepoint    ] Safepoint "BulkRevokeBias", Time since last: 150405 ns, Reaching safepoint: 84257 ns, At safepoint: 59334 ns, Total: 143591 ns
[2020-09-10T17:28:16.225+0000][1][safepoint    ] Safepoint "RevokeBias", Time since last: 44493591 ns, Reaching safepoint: 103533 ns, At safepoint: 21803 ns, Total: 125336 ns
[2020-09-10T17:28:16.225+0000][1][safepoint    ] Safepoint "RevokeBias", Time since last: 445735 ns, Reaching safepoint: 82475 ns, At safepoint: 16104 ns, Total: 98579 ns
[2020-09-10T17:28:16.226+0000][1][safepoint    ] Safepoint "RevokeBias", Time since last: 42282 ns, Reaching safepoint: 90080 ns, At safepoint: 19901 ns, Total: 109981 ns
[2020-09-10T17:28:16.226+0000][1][safepoint    ] Safepoint "RevokeBias", Time since last: 51057 ns, Reaching safepoint: 79992 ns, At safepoint: 21452 ns, Total: 101444 ns
[2020-09-10T17:28:16.226+0000][1][safepoint    ] Safepoint "RevokeBias", Time since last: 38637 ns, Reaching safepoint: 78389 ns, At safepoint: 13572 ns, Total: 91961 ns
[2020-09-10T17:28:16.226+0000][1][safepoint    ] Safepoint "RevokeBias", Time since last: 40438 ns, Reaching safepoint: 78267 ns, At safepoint: 13345 ns, Total: 91612 ns
[2020-09-10T17:28:16.226+0000][1][safepoint    ] Safepoint "RevokeBias", Time since last: 38516 ns, Reaching safepoint: 80795 ns, At safepoint: 19474 ns, Total: 100269 ns
[2020-09-10T17:28:16.226+0000][1][safepoint    ] Safepoint "RevokeBias", Time since last: 40454 ns, Reaching safepoint: 79533 ns, At safepoint: 12700 ns, Total: 92233 ns
[2020-09-10T17:28:17.303+0000][1][safepoint    ] Safepoint "Cleanup", Time since last: 1076387972 ns, Reaching safepoint: 169982 ns, At safepoint: 6380 ns, Total: 176362 ns
[2020-09-10T17:28:17.515+0000][1][safepoint    ] Safepoint "RevokeBias", Time since last: 211091543 ns, Reaching safepoint: 720196 ns, At safepoint: 40015 ns, Total: 760211 ns
[2020-09-10T17:28:17.531+0000][1][safepoint    ] Safepoint "RevokeBias", Time since last: 12341011 ns, Reaching safepoint: 3588677 ns, At safepoint: 31600 ns, Total: 3620277 ns
[2020-09-10T17:28:17.535+0000][1][safepoint    ] Safepoint "RevokeBias", Time since last: 600420 ns, Reaching safepoint: 3392278 ns, At safepoint: 30001 ns, Total: 3422279 ns
[2020-09-10T17:28:17.535+0000][1][safepoint    ] Safepoint "RevokeBias", Time since last: 182947 ns, Reaching safepoint: 168507 ns, At safepoint: 40834 ns, Total: 209341 ns
[2020-09-10T17:28:17.535+0000][1][safepoint    ] Safepoint "RevokeBias", Time since last: 174243 ns, Reaching safepoint: 95292 ns, At safepoint: 32373 ns, Total: 127665 ns
[2020-09-10T17:28:17.536+0000][1][safepoint    ] Safepoint "RevokeBias", Time since last: 40211 ns, Reaching safepoint: 117530 ns, At safepoint: 31519 ns, Total: 149049 ns
[2020-09-10T17:28:17.543+0000][1][safepoint    ] Safepoint "RevokeBias", Time since last: 2074163 ns, Reaching safepoint: 5037631 ns, At safepoint: 35364 ns, Total: 5072995 ns
[2020-09-10T17:28:17.548+0000][1][safepoint    ] Safepoint "RevokeBias", Time since last: 5429184 ns, Reaching safepoint: 207416 ns, At safepoint: 21614 ns, Total: 229030 ns
[2020-09-10T17:28:17.559+0000][1][safepoint    ] Safepoint "RevokeBias", Time since last: 6408225 ns, Reaching safepoint: 3865826 ns, At safepoint: 26406 ns, Total: 3892232 ns
[2020-09-10T17:28:17.563+0000][1][safepoint    ] Safepoint "RevokeBias", Time since last: 999457 ns, Reaching safepoint: 3007416 ns, At safepoint: 44431 ns, Total: 3051847 ns
[2020-09-10T17:28:17.567+0000][1][safepoint    ] Safepoint "RevokeBias", Time since last: 3062852 ns, Reaching safepoint: 856293 ns, At safepoint: 23960 ns, Total: 880253 ns
[2020-09-10T17:28:17.571+0000][1][safepoint    ] Safepoint "RevokeBias", Time since last: 360870 ns, Reaching safepoint: 3648759 ns, At safepoint: 44593 ns, Total: 3693352 ns
[2020-09-10T17:28:17.575+0000][1][safepoint    ] Safepoint "RevokeBias", Time since last: 177627 ns, Reaching safepoint: 3793786 ns, At safepoint: 32851 ns, Total: 3826637 ns
[2020-09-10T17:28:17.575+0000][1][safepoint    ] Safepoint "RevokeBias", Time since last: 393768 ns, Reaching safepoint: 95985 ns, At safepoint: 13491 ns, Total: 109476 ns
[2020-09-10T17:28:17.575+0000][1][safepoint    ] Safepoint "RevokeBias", Time since last: 48299 ns, Reaching safepoint: 92136 ns, At safepoint: 12894 ns, Total: 105030 ns
[2020-09-10T17:28:17.576+0000][1][safepoint    ] Safepoint "RevokeBias", Time since last: 309805 ns, Reaching safepoint: 93574 ns, At safepoint: 13036 ns, Total: 106610 ns
[2020-09-10T17:28:17.576+0000][1][safepoint    ] Safepoint "RevokeBias", Time since last: 40056 ns, Reaching safepoint: 89959 ns, At safepoint: 13092 ns, Total: 103051 ns
[2020-09-10T17:28:17.577+0000][1][safepoint    ] Safepoint "RevokeBias", Time since last: 962983 ns, Reaching safepoint: 412411 ns, At safepoint: 13975 ns, Total: 426386 ns
[2020-09-10T17:28:17.578+0000][1][safepoint    ] Safepoint "RevokeBias", Time since last: 96310 ns, Reaching safepoint: 552496 ns, At safepoint: 13271 ns, Total: 565767 ns
[2020-09-10T17:28:17.583+0000][1][safepoint    ] Safepoint "RevokeBias", Time since last: 54984 ns, Reaching safepoint: 4581061 ns, At safepoint: 21749 ns, Total: 4602810 ns
[2020-09-10T17:28:17.614+0000][1][safepoint    ] Safepoint "RevokeBias", Time since last: 23966882 ns, Reaching safepoint: 7381930 ns, At safepoint: 53434 ns, Total: 7435364 ns
[2020-09-10T17:28:17.615+0000][1][safepoint    ] Safepoint "RevokeBias", Time since last: 291160 ns, Reaching safepoint: 86937 ns, At safepoint: 24777 ns, Total: 111714 ns
[2020-09-10T17:28:17.667+0000][1][safepoint    ] Safepoint "RevokeBias", Time since last: 52230521 ns, Reaching safepoint: 144148 ns, At safepoint: 71423 ns, Total: 215571 ns
[2020-09-10T17:28:17.667+0000][1][safepoint    ] Safepoint "RevokeBias", Time since last: 212852 ns, Reaching safepoint: 94192 ns, At safepoint: 45810 ns, Total: 140002 ns
[2020-09-10T17:28:17.668+0000][1][safepoint    ] Safepoint "RevokeBias", Time since last: 94462 ns, Reaching safepoint: 94396 ns, At safepoint: 31198 ns, Total: 125594 ns
[2020-09-10T17:28:17.692+0000][1][safepoint    ] Safepoint "RevokeBias", Time since last: 24186596 ns, Reaching safepoint: 133201 ns, At safepoint: 64677 ns, Total: 197878 ns
[2020-09-10T17:28:17.692+0000][1][safepoint    ] Safepoint "RevokeBias", Time since last: 234619 ns, Reaching safepoint: 95913 ns, At safepoint: 22258 ns, Total: 118171 ns
[2020-09-10T17:28:17.702+0000][1][safepoint    ] Safepoint "RevokeBias", Time since last: 8096432 ns, Reaching safepoint: 1667006 ns, At safepoint: 59386 ns, Total: 1726392 ns
[2020-09-10T17:28:17.727+0000][1][safepoint    ] Safepoint "RevokeBias", Time since last: 24737233 ns, Reaching safepoint: 121838 ns, At safepoint: 17826 ns, Total: 139664 ns
[2020-09-10T17:28:17.727+0000][1][safepoint    ] Safepoint "RevokeBias", Time since last: 305746 ns, Reaching safepoint: 89285 ns, At safepoint: 14252 ns, Total: 103537 ns
[2020-09-10T17:28:17.728+0000][1][safepoint    ] Safepoint "RevokeBias", Time since last: 44118 ns, Reaching safepoint: 85803 ns, At safepoint: 11862 ns, Total: 97665 ns
[2020-09-10T17:28:17.735+0000][1][safepoint    ] Safepoint "RevokeBias", Time since last: 7423942 ns, Reaching safepoint: 106701 ns, At safepoint: 23240 ns, Total: 129941 ns
[2020-09-10T17:28:17.735+0000][1][safepoint    ] Safepoint "RevokeBias", Time since last: 80463 ns, Reaching safepoint: 13079 ns, At safepoint: 14354 ns, Total: 27433 ns
[2020-09-10T17:28:17.735+0000][1][safepoint    ] Safepoint "RevokeBias", Time since last: 73189 ns, Reaching safepoint: 80550 ns, At safepoint: 11239 ns, Total: 91789 ns
[2020-09-10T17:28:17.736+0000][1][safepoint    ] Safepoint "RevokeBias", Time since last: 786986 ns, Reaching safepoint: 86619 ns, At safepoint: 11910 ns, Total: 98529 ns
[2020-09-10T17:28:17.736+0000][1][safepoint    ] Safepoint "RevokeBias", Time since last: 37107 ns, Reaching safepoint: 82772 ns, At safepoint: 15109 ns, Total: 97881 ns
[2020-09-10T17:28:17.739+0000][1][safepoint    ] Safepoint "RevokeBias", Time since last: 34502 ns, Reaching safepoint: 2281707 ns, At safepoint: 22352 ns, Total: 2304059 ns
[2020-09-10T17:28:17.752+0000][1][safepoint    ] Safepoint "BulkRevokeBias", Time since last: 12107874 ns, Reaching safepoint: 1274192 ns, At safepoint: 126040 ns, Total: 1400232 ns
[2020-09-10T17:28:17.819+0000][1][safepoint    ] Safepoint "RevokeBias", Time since last: 47089137 ns, Reaching safepoint: 36856 ns, At safepoint: 19682836 ns, Total: 19719692 ns
[2020-09-10T17:28:17.820+0000][1][safepoint    ] Safepoint "RevokeBias", Time since last: 62666 ns, Reaching safepoint: 1011787 ns, At safepoint: 30986 ns, Total: 1042773 ns
[2020-09-10T17:28:17.843+0000][1][safepoint    ] Safepoint "RevokeBias", Time since last: 22546861 ns, Reaching safepoint: 130128 ns, At safepoint: 51784 ns, Total: 181912 ns
[2020-09-10T17:28:17.843+0000][1][safepoint    ] Safepoint "RevokeBias", Time since last: 69265 ns, Reaching safepoint: 92987 ns, At safepoint: 13763 ns, Total: 106750 ns
[2020-09-10T17:28:17.871+0000][1][safepoint    ] Safepoint "RevokeBias", Time since last: 23714025 ns, Reaching safepoint: 3993010 ns, At safepoint: 31607 ns, Total: 4024617 ns
[2020-09-10T17:28:17.923+0000][1][safepoint    ] Safepoint "RevokeBias", Time since last: 48084260 ns, Reaching safepoint: 3861381 ns, At safepoint: 59910 ns, Total: 3921291 ns
[2020-09-10T17:28:17.947+0000][1][safepoint    ] Safepoint "RevokeBias", Time since last: 23910933 ns, Reaching safepoint: 122702 ns, At safepoint: 21529 ns, Total: 144231 ns
[2020-09-10T17:28:17.958+0000][1][gc,start     ] GC(65) Pause Young (Allocation Failure)
[2020-09-10T17:28:17.958+0000][1][gc,task      ] GC(65) Using 1 workers of 1 for evacuation
[2020-09-10T17:28:18.103+0000][1][gc,age       ] GC(65) Desired survivor size 4358144 bytes, new threshold 2 (max threshold 6)
[2020-09-10T17:28:18.103+0000][1][gc,age       ] GC(65) Age table with threshold 2 (max threshold 6)
[2020-09-10T17:28:18.103+0000][1][gc,age       ] GC(65) - age   1:    2362976 bytes,    2362976 total
[2020-09-10T17:28:18.103+0000][1][gc,age       ] GC(65) - age   2:    3224944 bytes,    5587920 total
[2020-09-10T17:28:18.103+0000][1][gc,heap      ] GC(65) ParNew: 66708K->5906K(76672K)
[2020-09-10T17:28:18.103+0000][1][gc,heap      ] GC(65) CMS: 55404K->58797K(2011968K)
[2020-09-10T17:28:18.103+0000][1][gc,metaspace ] GC(65) Metaspace: 71807K->71807K(1116160K)
[2020-09-10T17:28:18.103+0000][1][gc           ] GC(65) Pause Young (Allocation Failure) 119M->63M(2039M) 144.840ms
[2020-09-10T17:28:18.103+0000][1][gc,cpu       ] GC(65) User=0.04s Sys=0.00s Real=0.15s
[2020-09-10T17:28:18.120+0000][1][safepoint    ] Safepoint "GenCollectForAllocation", Time since last: 11115348 ns, Reaching safepoint: 112999 ns, At safepoint: 162434137 ns, Total: 162547136 ns
[2020-09-10T17:28:18.144+0000][1][safepoint    ] Safepoint "RevokeBias", Time since last: 23478773 ns, Reaching safepoint: 39126 ns, At safepoint: 30128 ns, Total: 69254 ns
[2020-09-10T17:28:18.144+0000][1][safepoint    ] Safepoint "RevokeBias", Time since last: 65997 ns, Reaching safepoint: 16495 ns, At safepoint: 18561 ns, Total: 35056 ns
[2020-09-10T17:28:18.144+0000][1][safepoint    ] Safepoint "RevokeBias", Time since last: 26493 ns, Reaching safepoint: 15466 ns, At safepoint: 17150 ns, Total: 32616 ns
[2020-09-10T17:28:18.144+0000][1][safepoint    ] Safepoint "RevokeBias", Time since last: 25282 ns, Reaching safepoint: 15148 ns, At safepoint: 16845 ns, Total: 31993 ns
[2020-09-10T17:28:18.144+0000][1][safepoint    ] Safepoint "RevokeBias", Time since last: 23244 ns, Reaching safepoint: 14747 ns, At safepoint: 16528 ns, Total: 31275 ns
[2020-09-10T17:28:18.145+0000][1][safepoint    ] Safepoint "RevokeBias", Time since last: 163783 ns, Reaching safepoint: 17266 ns, At safepoint: 18165 ns, Total: 35431 ns
[2020-09-10T17:28:18.145+0000][1][safepoint    ] Safepoint "RevokeBias", Time since last: 27007 ns, Reaching safepoint: 15291 ns, At safepoint: 16782 ns, Total: 32073 ns
[2020-09-10T17:28:18.145+0000][1][safepoint    ] Safepoint "RevokeBias", Time since last: 24157 ns, Reaching safepoint: 15096 ns, At safepoint: 26856 ns, Total: 41952 ns
[2020-09-10T17:28:18.174+0000][1][safepoint    ] Safepoint "RevokeBias", Time since last: 26071380 ns, Reaching safepoint: 2855780 ns, At safepoint: 40230 ns, Total: 2896010 ns
[2020-09-10T17:28:18.278+0000][1][safepoint    ] Safepoint "RevokeBias", Time since last: 103943032 ns, Reaching safepoint: 168685 ns, At safepoint: 20041 ns, Total: 188726 ns
[2020-09-10T17:28:18.278+0000][1][safepoint    ] Safepoint "RevokeBias", Time since last: 71079 ns, Reaching safepoint: 88121 ns, At safepoint: 11171 ns, Total: 99292 ns
[2020-09-10T17:28:18.278+0000][1][safepoint    ] Safepoint "RevokeBias", Time since last: 36099 ns, Reaching safepoint: 86761 ns, At safepoint: 10288 ns, Total: 97049 ns
[2020-09-10T17:28:18.278+0000][1][safepoint    ] Safepoint "RevokeBias", Time since last: 53548 ns, Reaching safepoint: 86534 ns, At safepoint: 10597 ns, Total: 97131 ns
[2020-09-10T17:28:18.387+0000][1][safepoint    ] Safepoint "RevokeBias", Time since last: 109136774 ns, Reaching safepoint: 121560 ns, At safepoint: 18417 ns, Total: 139977 ns
[2020-09-10T17:28:18.395+0000][1][safepoint    ] Safepoint "RevokeBias", Time since last: 1323462 ns, Reaching safepoint: 5954189 ns, At safepoint: 35361 ns, Total: 5989550 ns
[2020-09-10T17:28:18.401+0000][1][safepoint    ] Safepoint "RevokeBias", Time since last: 6310231 ns, Reaching safepoint: 313260 ns, At safepoint: 37244 ns, Total: 350504 ns
[2020-09-10T17:28:18.510+0000][1][safepoint    ] Safepoint "RevokeBias", Time since last: 108564356 ns, Reaching safepoint: 35361 ns, At safepoint: 14641 ns, Total: 50002 ns
[2020-09-10T17:28:18.510+0000][1][safepoint    ] Safepoint "RevokeBias", Time since last: 260536 ns, Reaching safepoint: 14102 ns, At safepoint: 8915 ns, Total: 23017 ns
[2020-09-10T17:28:18.518+0000][1][safepoint    ] Safepoint "RevokeBias", Time since last: 7175420 ns, Reaching safepoint: 34573 ns, At safepoint: 14305 ns, Total: 48878 ns
[2020-09-10T17:28:18.519+0000][1][safepoint    ] Safepoint "RevokeBias", Time since last: 1023999 ns, Reaching safepoint: 93188 ns, At safepoint: 23635 ns, Total: 116823 ns
[2020-09-10T17:28:18.520+0000][1][safepoint    ] Safepoint "RevokeBias", Time since last: 844202 ns, Reaching safepoint: 555024 ns, At safepoint: 14778 ns, Total: 569802 ns
[2020-09-10T17:28:18.563+0000][1][safepoint    ] Safepoint "RevokeBias", Time since last: 42555446 ns, Reaching safepoint: 118919 ns, At safepoint: 15102 ns, Total: 134021 ns
[2020-09-10T17:28:18.567+0000][1][safepoint    ] Safepoint "RevokeBias", Time since last: 3875574 ns, Reaching safepoint: 108416 ns, At safepoint: 13653 ns, Total: 122069 ns
[2020-09-10T17:28:19.508+0000][1][safepoint    ] Safepoint "RevokeBias", Time since last: 941605217 ns, Reaching safepoint: 38623 ns, At safepoint: 14949 ns, Total: 53572 ns
[2020-09-10T17:28:19.510+0000][1][safepoint    ] Safepoint "RevokeBias", Time since last: 1807685 ns, Reaching safepoint: 29279 ns, At safepoint: 15856 ns, Total: 45135 ns
[2020-09-10T17:28:19.515+0000][1][safepoint    ] Safepoint "RevokeBias", Time since last: 4502536 ns, Reaching safepoint: 37124 ns, At safepoint: 20662 ns, Total: 57786 ns
[2020-09-10T17:28:19.516+0000][1][safepoint    ] Safepoint "RevokeBias", Time since last: 987083 ns, Reaching safepoint: 17711 ns, At safepoint: 13508 ns, Total: 31219 ns
[2020-09-10T17:28:19.557+0000][1][safepoint    ] Safepoint "RevokeBias", Time since last: 41523741 ns, Reaching safepoint: 51216 ns, At safepoint: 16380 ns, Total: 67596 ns
[2020-09-10T17:28:19.563+0000][1][safepoint    ] Safepoint "RevokeBias", Time since last: 5515096 ns, Reaching safepoint: 37219 ns, At safepoint: 14211 ns, Total: 51430 ns
[2020-09-10T17:28:20.510+0000][1][safepoint    ] Safepoint "RevokeBias", Time since last: 946711367 ns, Reaching safepoint: 36362 ns, At safepoint: 14220 ns, Total: 50582 ns
[2020-09-10T17:28:20.510+0000][1][safepoint    ] Safepoint "RevokeBias", Time since last: 661389 ns, Reaching safepoint: 14793 ns, At safepoint: 13704 ns, Total: 28497 ns
[2020-09-10T17:28:20.513+0000][1][safepoint    ] Safepoint "RevokeBias", Time since last: 277248 ns, Reaching safepoint: 2311395 ns, At safepoint: 18374 ns, Total: 2329769 ns
[2020-09-10T17:28:20.515+0000][1][safepoint    ] Safepoint "RevokeBias", Time since last: 595188 ns, Reaching safepoint: 981229 ns, At safepoint: 16253 ns, Total: 997482 ns
[2020-09-10T17:28:20.515+0000][1][safepoint    ] Safepoint "RevokeBias", Time since last: 419568 ns, Reaching safepoint: 126345 ns, At safepoint: 20925 ns, Total: 147270 ns
[2020-09-10T17:28:20.554+0000][1][safepoint    ] Safepoint "RevokeBias", Time since last: 39067743 ns, Reaching safepoint: 109465 ns, At safepoint: 22969 ns, Total: 132434 ns
[2020-09-10T17:28:21.510+0000][1][safepoint    ] Safepoint "RevokeBias", Time since last: 955825780 ns, Reaching safepoint: 113326 ns, At safepoint: 20236 ns, Total: 133562 ns
[2020-09-10T17:28:21.511+0000][1][safepoint    ] Safepoint "RevokeBias", Time since last: 867796 ns, Reaching safepoint: 97598 ns, At safepoint: 14855 ns, Total: 112453 ns
[2020-09-10T17:28:21.513+0000][1][safepoint    ] Safepoint "RevokeBias", Time since last: 214958 ns, Reaching safepoint: 1267793 ns, At safepoint: 18386 ns, Total: 1286179 ns
[2020-09-10T17:28:21.517+0000][1][safepoint    ] Safepoint "RevokeBias", Time since last: 3339210 ns, Reaching safepoint: 1139156 ns, At safepoint: 21055 ns, Total: 1160211 ns
[2020-09-10T17:28:21.518+0000][1][safepoint    ] Safepoint "RevokeBias", Time since last: 661762 ns, Reaching safepoint: 107535 ns, At safepoint: 16077 ns, Total: 123612 ns
[2020-09-10T17:28:21.519+0000][1][safepoint    ] Safepoint "RevokeBias", Time since last: 73215 ns, Reaching safepoint: 410418 ns, At safepoint: 15825 ns, Total: 426243 ns
[2020-09-10T17:28:21.562+0000][1][safepoint    ] Safepoint "RevokeBias", Time since last: 43200626 ns, Reaching safepoint: 113495 ns, At safepoint: 16203 ns, Total: 129698 ns
[2020-09-10T17:28:21.584+0000][1][safepoint    ] Safepoint "RevokeBias", Time since last: 19889975 ns, Reaching safepoint: 1712180 ns, At safepoint: 21230 ns, Total: 1733410 ns
[2020-09-10T17:28:22.511+0000][1][safepoint    ] Safepoint "RevokeBias", Time since last: 926995472 ns, Reaching safepoint: 37140 ns, At safepoint: 17237 ns, Total: 54377 ns
[2020-09-10T17:28:22.512+0000][1][safepoint    ] Safepoint "RevokeBias", Time since last: 804908 ns, Reaching safepoint: 26841 ns, At safepoint: 17745 ns, Total: 44586 ns
[2020-09-10T17:28:22.512+0000][1][safepoint    ] Safepoint "RevokeBias", Time since last: 718450 ns, Reaching safepoint: 25236 ns, At safepoint: 17006 ns, Total: 42242 ns
[2020-09-10T17:28:22.522+0000][1][safepoint    ] Safepoint "RevokeBias", Time since last: 8738165 ns, Reaching safepoint: 898526 ns, At safepoint: 24313 ns, Total: 922839 ns
[2020-09-10T17:28:22.542+0000][1][safepoint    ] Safepoint "RevokeBias", Time since last: 18018933 ns, Reaching safepoint: 2347544 ns, At safepoint: 21098 ns, Total: 2368642 ns
[2020-09-10T17:28:22.563+0000][1][safepoint    ] Safepoint "RevokeBias", Time since last: 20865466 ns, Reaching safepoint: 37719 ns, At safepoint: 15040 ns, Total: 52759 ns
[2020-09-10T17:28:23.511+0000][1][safepoint    ] Safepoint "RevokeBias", Time since last: 947490439 ns, Reaching safepoint: 153003 ns, At safepoint: 19257 ns, Total: 172260 ns
[2020-09-10T17:28:23.512+0000][1][safepoint    ] Safepoint "RevokeBias", Time since last: 591199 ns, Reaching safepoint: 131518 ns, At safepoint: 15726 ns, Total: 147244 ns
[2020-09-10T17:28:23.514+0000][1][safepoint    ] Safepoint "RevokeBias", Time since last: 2381828 ns, Reaching safepoint: 148188 ns, At safepoint: 15336 ns, Total: 163524 ns
[2020-09-10T17:28:23.516+0000][1][safepoint    ] Safepoint "RevokeBias", Time since last: 1929607 ns, Reaching safepoint: 149228 ns, At safepoint: 15332 ns, Total: 164560 ns
[2020-09-10T17:28:23.519+0000][1][safepoint    ] Safepoint "RevokeBias", Time since last: 2375753 ns, Reaching safepoint: 145010 ns, At safepoint: 15591 ns, Total: 160601 ns
[2020-09-10T17:28:23.558+0000][1][safepoint    ] Safepoint "RevokeBias", Time since last: 38335197 ns, Reaching safepoint: 314788 ns, At safepoint: 24568 ns, Total: 339356 ns
[2020-09-10T17:28:24.513+0000][1][safepoint    ] Safepoint "RevokeBias", Time since last: 955018647 ns, Reaching safepoint: 161039 ns, At safepoint: 41031 ns, Total: 202070 ns
[2020-09-10T17:28:24.515+0000][1][safepoint    ] Safepoint "RevokeBias", Time since last: 2208097 ns, Reaching safepoint: 233335 ns, At safepoint: 35635 ns, Total: 268970 ns
[2020-09-10T17:28:24.519+0000][1][safepoint    ] Safepoint "RevokeBias", Time since last: 3312738 ns, Reaching safepoint: 166866 ns, At safepoint: 54960 ns, Total: 221826 ns
[2020-09-10T17:28:24.522+0000][1][safepoint    ] Safepoint "RevokeBias", Time since last: 3549842 ns, Reaching safepoint: 107802 ns, At safepoint: 16834 ns, Total: 124636 ns
[2020-09-10T17:28:24.552+0000][1][safepoint    ] Safepoint "RevokeBias", Time since last: 29272470 ns, Reaching safepoint: 781735 ns, At safepoint: 14684 ns, Total: 796419 ns
[2020-09-10T17:28:24.563+0000][1][safepoint    ] Safepoint "RevokeBias", Time since last: 8461842 ns, Reaching safepoint: 1726689 ns, At safepoint: 18263 ns, Total: 1744952 ns
[2020-09-10T17:28:25.513+0000][1][safepoint    ] Safepoint "RevokeBias", Time since last: 950184742 ns, Reaching safepoint: 176532 ns, At safepoint: 41916 ns, Total: 218448 ns
[2020-09-10T17:28:25.515+0000][1][safepoint    ] Safepoint "RevokeBias", Time since last: 1422685 ns, Reaching safepoint: 273190 ns, At safepoint: 36193 ns, Total: 309383 ns
[2020-09-10T17:28:25.516+0000][1][safepoint    ] Safepoint "RevokeBias", Time since last: 732517 ns, Reaching safepoint: 153075 ns, At safepoint: 42698 ns, Total: 195773 ns
[2020-09-10T17:28:25.522+0000][1][safepoint    ] Safepoint "RevokeBias", Time since last: 6340624 ns, Reaching safepoint: 114442 ns, At safepoint: 16315 ns, Total: 130757 ns
[2020-09-10T17:28:25.530+0000][1][safepoint    ] Safepoint "RevokeBias", Time since last: 7601150 ns, Reaching safepoint: 121878 ns, At safepoint: 18559 ns, Total: 140437 ns
[2020-09-10T17:28:25.555+0000][1][safepoint    ] Safepoint "RevokeBias", Time since last: 22067904 ns, Reaching safepoint: 2653100 ns, At safepoint: 22651 ns, Total: 2675751 ns
[2020-09-10T17:28:26.514+0000][1][safepoint    ] Safepoint "BulkRevokeBias", Time since last: 958613072 ns, Reaching safepoint: 75212 ns, At safepoint: 219227 ns, Total: 294439 ns
[2020-09-10T17:28:26.516+0000][1][safepoint    ] Safepoint "RevokeBias", Time since last: 1712051 ns, Reaching safepoint: 43838 ns, At safepoint: 205097 ns, Total: 248935 ns
[2020-09-10T17:28:26.522+0000][1][safepoint    ] Safepoint "RevokeBias", Time since last: 6674380 ns, Reaching safepoint: 34326 ns, At safepoint: 13778 ns, Total: 48104 ns
[2020-09-10T17:28:26.523+0000][1][safepoint    ] Safepoint "RevokeBias", Time since last: 130355 ns, Reaching safepoint: 128805 ns, At safepoint: 12169 ns, Total: 140974 ns
[2020-09-10T17:28:26.551+0000][1][safepoint    ] Safepoint "RevokeBias", Time since last: 26447824 ns, Reaching safepoint: 1665970 ns, At safepoint: 113090 ns, Total: 1779060 ns
[2020-09-10T17:28:26.553+0000][1][safepoint    ] Safepoint "BulkRevokeBias", Time since last: 790775 ns, Reaching safepoint: 1426425 ns, At safepoint: 116634 ns, Total: 1543059 ns
[2020-09-10T17:28:27.515+0000][1][safepoint    ] Safepoint "RevokeBias", Time since last: 961901362 ns, Reaching safepoint: 34919 ns, At safepoint: 15352 ns, Total: 50271 ns
[2020-09-10T17:28:27.515+0000][1][safepoint    ] Safepoint "RevokeBias", Time since last: 253240 ns, Reaching safepoint: 25323 ns, At safepoint: 11596 ns, Total: 36919 ns
[2020-09-10T17:28:27.517+0000][1][safepoint    ] Safepoint "BulkRevokeBias", Time since last: 1779816 ns, Reaching safepoint: 27328 ns, At safepoint: 104180 ns, Total: 131508 ns
[2020-09-10T17:28:27.543+0000][1][safepoint    ] Safepoint "RevokeBias", Time since last: 20645342 ns, Reaching safepoint: 4745579 ns, At safepoint: 25896 ns, Total: 4771475 ns
[2020-09-10T17:28:27.544+0000][1][safepoint    ] Safepoint "RevokeBias", Time since last: 1123951 ns, Reaching safepoint: 168238 ns, At safepoint: 18327 ns, Total: 186565 ns
[2020-09-10T17:28:27.547+0000][1][safepoint    ] Safepoint "RevokeBias", Time since last: 3299659 ns, Reaching safepoint: 102186 ns, At safepoint: 33192 ns, Total: 135378 ns
[2020-09-10T17:28:27.580+0000][1][safepoint    ] Safepoint "RevokeBias", Time since last: 32217329 ns, Reaching safepoint: 145150 ns, At safepoint: 17734 ns, Total: 162884 ns
[2020-09-10T17:28:28.516+0000][1][safepoint    ] Safepoint "RevokeBias", Time since last: 935640342 ns, Reaching safepoint: 36249 ns, At safepoint: 13911 ns, Total: 50160 ns
[2020-09-10T17:28:28.517+0000][1][safepoint    ] Safepoint "RevokeBias", Time since last: 1346291 ns, Reaching safepoint: 26939 ns, At safepoint: 42548 ns, Total: 69487 ns
[2020-09-10T17:28:28.517+0000][1][safepoint    ] Safepoint "RevokeBias", Time since last: 191769 ns, Reaching safepoint: 20893 ns, At safepoint: 10007 ns, Total: 30900 ns
[2020-09-10T17:28:28.522+0000][1][safepoint    ] Safepoint "RevokeBias", Time since last: 4863542 ns, Reaching safepoint: 36675 ns, At safepoint: 15512 ns, Total: 52187 ns
[2020-09-10T17:28:28.523+0000][1][safepoint    ] Safepoint "RevokeBias", Time since last: 594252 ns, Reaching safepoint: 99924 ns, At safepoint: 12540 ns, Total: 112464 ns
[2020-09-10T17:28:28.551+0000][1][safepoint    ] Safepoint "RevokeBias", Time since last: 28383527 ns, Reaching safepoint: 107282 ns, At safepoint: 20780 ns, Total: 128062 ns
[2020-09-10T17:28:29.516+0000][1][safepoint    ] Safepoint "RevokeBias", Time since last: 964472130 ns, Reaching safepoint: 152883 ns, At safepoint: 20486 ns, Total: 173369 ns
[2020-09-10T17:28:29.517+0000][1][safepoint    ] Safepoint "RevokeBias", Time since last: 756697 ns, Reaching safepoint: 141462 ns, At safepoint: 18500 ns, Total: 159962 ns
[2020-09-10T17:28:29.519+0000][1][safepoint    ] Safepoint "RevokeBias", Time since last: 717322 ns, Reaching safepoint: 1336571 ns, At safepoint: 23313 ns, Total: 1359884 ns
[2020-09-10T17:28:29.530+0000][1][safepoint    ] Safepoint "RevokeBias", Time since last: 6907165 ns, Reaching safepoint: 4434502 ns, At safepoint: 23720 ns, Total: 4458222 ns
[2020-09-10T17:28:29.548+0000][1][safepoint    ] Safepoint "RevokeBias", Time since last: 17091026 ns, Reaching safepoint: 105624 ns, At safepoint: 20044 ns, Total: 125668 ns
[2020-09-10T17:28:30.517+0000][1][safepoint    ] Safepoint "RevokeBias", Time since last: 969378066 ns, Reaching safepoint: 34709 ns, At safepoint: 13792 ns, Total: 48501 ns
[2020-09-10T17:28:30.518+0000][1][safepoint    ] Safepoint "RevokeBias", Time since last: 553904 ns, Reaching safepoint: 14575 ns, At safepoint: 12926 ns, Total: 27501 ns
[2020-09-10T17:28:30.522+0000][1][safepoint    ] Safepoint "RevokeBias", Time since last: 4247911 ns, Reaching safepoint: 34191 ns, At safepoint: 14146 ns, Total: 48337 ns
[2020-09-10T17:28:30.524+0000][1][safepoint    ] Safepoint "RevokeBias", Time since last: 2265563 ns, Reaching safepoint: 34264 ns, At safepoint: 12783 ns, Total: 47047 ns
[2020-09-10T17:28:30.526+0000][1][safepoint    ] Safepoint "RevokeBias", Time since last: 2060587 ns, Reaching safepoint: 110488 ns, At safepoint: 15948 ns, Total: 126436 ns
[2020-09-10T17:28:30.544+0000][1][safepoint    ] Safepoint "RevokeBias", Time since last: 17648204 ns, Reaching safepoint: 181041 ns, At safepoint: 20327 ns, Total: 201368 ns
[2020-09-10T17:28:31.518+0000][1][safepoint    ] Safepoint "RevokeBias", Time since last: 973566559 ns, Reaching safepoint: 172576 ns, At safepoint: 41065 ns, Total: 213641 ns
[2020-09-10T17:28:31.519+0000][1][safepoint    ] Safepoint "RevokeBias", Time since last: 784874 ns, Reaching safepoint: 235380 ns, At safepoint: 33256 ns, Total: 268636 ns
[2020-09-10T17:28:31.520+0000][1][safepoint    ] Safepoint "RevokeBias", Time since last: 880070 ns, Reaching safepoint: 152359 ns, At safepoint: 33948 ns, Total: 186307 ns
[2020-09-10T17:28:31.524+0000][1][safepoint    ] Safepoint "RevokeBias", Time since last: 3604639 ns, Reaching safepoint: 116445 ns, At safepoint: 16573 ns, Total: 133018 ns
[2020-09-10T17:28:31.525+0000][1][safepoint    ] Safepoint "RevokeBias", Time since last: 1480091 ns, Reaching safepoint: 140232 ns, At safepoint: 14984 ns, Total: 155216 ns
[2020-09-10T17:28:31.528+0000][1][safepoint    ] Safepoint "RevokeBias", Time since last: 2695949 ns, Reaching safepoint: 148752 ns, At safepoint: 14766 ns, Total: 163518 ns
[2020-09-10T17:28:31.554+0000][1][safepoint    ] Safepoint "RevokeBias", Time since last: 23806400 ns, Reaching safepoint: 1407462 ns, At safepoint: 21347 ns, Total: 1428809 ns
[2020-09-10T17:28:32.520+0000][1][safepoint    ] Safepoint "RevokeBias", Time since last: 966326377 ns, Reaching safepoint: 179191 ns, At safepoint: 42127 ns, Total: 221318 ns
[2020-09-10T17:28:32.521+0000][1][safepoint    ] Safepoint "RevokeBias", Time since last: 688700 ns, Reaching safepoint: 242563 ns, At safepoint: 45100 ns, Total: 287663 ns
[2020-09-10T17:28:32.524+0000][1][safepoint    ] Safepoint "RevokeBias", Time since last: 2999143 ns, Reaching safepoint: 147688 ns, At safepoint: 16273 ns, Total: 163961 ns
[2020-09-10T17:28:32.526+0000][1][safepoint    ] Safepoint "RevokeBias", Time since last: 1756831 ns, Reaching safepoint: 146601 ns, At safepoint: 17285 ns, Total: 163886 ns
[2020-09-10T17:28:32.527+0000][1][safepoint    ] Safepoint "RevokeBias", Time since last: 628784 ns, Reaching safepoint: 111700 ns, At safepoint: 14043 ns, Total: 125743 ns
[2020-09-10T17:28:32.554+0000][1][safepoint    ] Safepoint "RevokeBias", Time since last: 24863374 ns, Reaching safepoint: 2578829 ns, At safepoint: 24903 ns, Total: 2603732 ns
[2020-09-10T17:28:33.520+0000][1][safepoint    ] Safepoint "RevokeBias", Time since last: 965176153 ns, Reaching safepoint: 168620 ns, At safepoint: 42214 ns, Total: 210834 ns
[2020-09-10T17:28:33.521+0000][1][safepoint    ] Safepoint "RevokeBias", Time since last: 520714 ns, Reaching safepoint: 238595 ns, At safepoint: 45431 ns, Total: 284026 ns
[2020-09-10T17:28:33.524+0000][1][safepoint    ] Safepoint "RevokeBias", Time since last: 3162597 ns, Reaching safepoint: 145568 ns, At safepoint: 16791 ns, Total: 162359 ns
[2020-09-10T17:28:33.528+0000][1][safepoint    ] Safepoint "RevokeBias", Time since last: 3586653 ns, Reaching safepoint: 156295 ns, At safepoint: 16167 ns, Total: 172462 ns
[2020-09-10T17:28:33.539+0000][1][safepoint    ] Safepoint "RevokeBias", Time since last: 11095688 ns, Reaching safepoint: 125586 ns, At safepoint: 20880 ns, Total: 146466 ns
[2020-09-10T17:28:33.553+0000][1][safepoint    ] Safepoint "RevokeBias", Time since last: 14345281 ns, Reaching safepoint: 113238 ns, At safepoint: 19887 ns, Total: 133125 ns
[2020-09-10T17:28:34.520+0000][1][safepoint    ] Safepoint "RevokeBias", Time since last: 966416470 ns, Reaching safepoint: 171801 ns, At safepoint: 45724 ns, Total: 217525 ns
[2020-09-10T17:28:34.521+0000][1][safepoint    ] Safepoint "RevokeBias", Time since last: 708713 ns, Reaching safepoint: 243486 ns, At safepoint: 38007 ns, Total: 281493 ns
[2020-09-10T17:28:34.524+0000][1][safepoint    ] Safepoint "RevokeBias", Time since last: 2362711 ns, Reaching safepoint: 138070 ns, At safepoint: 14768 ns, Total: 152838 ns
[2020-09-10T17:28:34.524+0000][1][safepoint    ] Safepoint "RevokeBias", Time since last: 183055 ns, Reaching safepoint: 94733 ns, At safepoint: 12769 ns, Total: 107502 ns
[2020-09-10T17:28:34.526+0000][1][safepoint    ] Safepoint "RevokeBias", Time since last: 2001679 ns, Reaching safepoint: 149268 ns, At safepoint: 17660 ns, Total: 166928 ns
[2020-09-10T17:28:34.527+0000][1][safepoint    ] Safepoint "RevokeBias", Time since last: 1225926 ns, Reaching safepoint: 131576 ns, At safepoint: 14307 ns, Total: 145883 ns
[2020-09-10T17:28:34.544+0000][1][safepoint    ] Safepoint "RevokeBias", Time since last: 16099511 ns, Reaching safepoint: 150064 ns, At safepoint: 22320 ns, Total: 172384 ns
[2020-09-10T17:28:35.519+0000][1][safepoint    ] Safepoint "RevokeBias", Time since last: 974755944 ns, Reaching safepoint: 158667 ns, At safepoint: 24703 ns, Total: 183370 ns
[2020-09-10T17:28:35.519+0000][1][safepoint    ] Safepoint "RevokeBias", Time since last: 332901 ns, Reaching safepoint: 131138 ns, At safepoint: 16747 ns, Total: 147885 ns
[2020-09-10T17:28:35.525+0000][1][safepoint    ] Safepoint "RevokeBias", Time since last: 5511950 ns, Reaching safepoint: 131616 ns, At safepoint: 21807 ns, Total: 153423 ns
[2020-09-10T17:28:35.525+0000][1][safepoint    ] Safepoint "RevokeBias", Time since last: 415234 ns, Reaching safepoint: 133189 ns, At safepoint: 15861 ns, Total: 149050 ns
[2020-09-10T17:28:35.546+0000][1][safepoint    ] Safepoint "RevokeBias", Time since last: 20083205 ns, Reaching safepoint: 156383 ns, At safepoint: 23415 ns, Total: 179798 ns
[2020-09-10T17:28:36.518+0000][1][safepoint    ] Safepoint "BulkRevokeBias", Time since last: 972810035 ns, Reaching safepoint: 38199 ns, At safepoint: 103936 ns, Total: 142135 ns
[2020-09-10T17:28:36.519+0000][1][safepoint    ] Safepoint "RevokeBias", Time since last: 701161 ns, Reaching safepoint: 22093 ns, At safepoint: 98648 ns, Total: 120741 ns
[2020-09-10T17:28:36.525+0000][1][safepoint    ] Safepoint "RevokeBias", Time since last: 5614548 ns, Reaching safepoint: 45702 ns, At safepoint: 18914 ns, Total: 64616 ns
[2020-09-10T17:28:36.525+0000][1][safepoint    ] Safepoint "RevokeBias", Time since last: 75541 ns, Reaching safepoint: 18646 ns, At safepoint: 11055 ns, Total: 29701 ns
[2020-09-10T17:28:36.555+0000][1][safepoint    ] Safepoint "RevokeBias", Time since last: 26545362 ns, Reaching safepoint: 3066533 ns, At safepoint: 131353 ns, Total: 3197886 ns
[2020-09-10T17:28:36.563+0000][1][safepoint    ] Safepoint "BulkRevokeBias", Time since last: 8333917 ns, Reaching safepoint: 120322 ns, At safepoint: 134828 ns, Total: 255150 ns
[2020-09-10T17:28:37.531+0000][1][safepoint    ] Safepoint "RevokeBias", Time since last: 967429958 ns, Reaching safepoint: 129313 ns, At safepoint: 24229 ns, Total: 153542 ns
[2020-09-10T17:28:38.528+0000][1][safepoint    ] Safepoint "BulkRevokeBias", Time since last: 996607306 ns, Reaching safepoint: 49943 ns, At safepoint: 128369 ns, Total: 178312 ns
[2020-09-10T17:28:38.535+0000][1][gc,start     ] GC(66) Pause Young (Allocation Failure)
[2020-09-10T17:28:38.535+0000][1][gc,task      ] GC(66) Using 1 workers of 1 for evacuation
[2020-09-10T17:28:38.572+0000][1][gc,age       ] GC(66) Desired survivor size 4358144 bytes, new threshold 6 (max threshold 6)
[2020-09-10T17:28:38.572+0000][1][gc,age       ] GC(66) Age table with threshold 6 (max threshold 6)
[2020-09-10T17:28:38.572+0000][1][gc,age       ] GC(66) - age   1:     233400 bytes,     233400 total
[2020-09-10T17:28:38.572+0000][1][gc,age       ] GC(66) - age   2:    2297664 bytes,    2531064 total
[2020-09-10T17:28:38.572+0000][1][gc,heap      ] GC(66) ParNew: 74066K->5569K(76672K)
[2020-09-10T17:28:38.572+0000][1][gc,heap      ] GC(66) CMS: 58797K->94849K(2011968K)
[2020-09-10T17:28:38.572+0000][1][gc,metaspace ] GC(66) Metaspace: 73122K->73122K(1116160K)
[2020-09-10T17:28:38.572+0000][1][gc           ] GC(66) Pause Young (Allocation Failure) 129M->98M(2039M) 36.919ms
[2020-09-10T17:28:38.572+0000][1][gc,cpu       ] GC(66) User=0.04s Sys=0.00s Real=0.04s
[2020-09-10T17:28:38.577+0000][1][safepoint    ] Safepoint "GenCollectForAllocation", Time since last: 7498550 ns, Reaching safepoint: 128809 ns, At safepoint: 42080148 ns, Total: 42208957 ns
[2020-09-10T17:28:39.585+0000][1][safepoint    ] Safepoint "Cleanup", Time since last: 1007190492 ns, Reaching safepoint: 101038 ns, At safepoint: 17978 ns, Total: 119016 ns
[2020-09-10T17:28:40.585+0000][1][safepoint    ] Safepoint "Cleanup", Time since last: 1000208362 ns, Reaching safepoint: 84872 ns, At safepoint: 6390 ns, Total: 91262 ns
[2020-09-10T17:28:41.585+0000][1][safepoint    ] Safepoint "Cleanup", Time since last: 1000152634 ns, Reaching safepoint: 94287 ns, At safepoint: 6779 ns, Total: 101066 ns
[2020-09-10T17:28:42.586+0000][1][safepoint    ] Safepoint "Cleanup", Time since last: 1000160654 ns, Reaching safepoint: 106341 ns, At safepoint: 16701 ns, Total: 123042 ns
[2020-09-10T17:28:43.586+0000][1][safepoint    ] Safepoint "Cleanup", Time since last: 1000216805 ns, Reaching safepoint: 145347 ns, At safepoint: 18108 ns, Total: 163455 ns
[2020-09-10T17:28:44.586+0000][1][safepoint    ] Safepoint "Cleanup", Time since last: 1000208311 ns, Reaching safepoint: 104210 ns, At safepoint: 16705 ns, Total: 120915 ns
[2020-09-10T17:28:46.588+0000][1][safepoint    ] Safepoint "Cleanup", Time since last: 2001934445 ns, Reaching safepoint: 108145 ns, At safepoint: 16638 ns, Total: 124783 ns
[2020-09-10T17:28:47.589+0000][1][safepoint    ] Safepoint "Cleanup", Time since last: 1000171844 ns, Reaching safepoint: 124445 ns, At safepoint: 16932 ns, Total: 141377 ns
[2020-09-10T17:28:48.159+0000][1][safepoint    ] Safepoint "RevokeBias", Time since last: 570151891 ns, Reaching safepoint: 168343 ns, At safepoint: 9116 ns, Total: 177459 ns
[2020-09-10T17:28:48.160+0000][1][safepoint    ] Safepoint "RevokeBias", Time since last: 946865 ns, Reaching safepoint: 197701 ns, At safepoint: 7760 ns, Total: 205461 ns
[2020-09-10T17:28:48.196+0000][1][safepoint    ] Safepoint "Deoptimize", Time since last: 35542403 ns, Reaching safepoint: 128582 ns, At safepoint: 376641 ns, Total: 505223 ns
[2020-09-10T17:28:48.206+0000][1][safepoint    ] Safepoint "RevokeBias", Time since last: 9587797 ns, Reaching safepoint: 125055 ns, At safepoint: 8328 ns, Total: 133383 ns
[2020-09-10T17:28:48.206+0000][1][safepoint    ] Safepoint "RevokeBias", Time since last: 100125 ns, Reaching safepoint: 106960 ns, At safepoint: 5720 ns, Total: 112680 ns
[2020-09-10T17:28:48.206+0000][1][safepoint    ] Safepoint "RevokeBias", Time since last: 52038 ns, Reaching safepoint: 99043 ns, At safepoint: 5608 ns, Total: 104651 ns
[2020-09-10T17:28:48.211+0000][1][safepoint    ] Safepoint "RevokeBias", Time since last: 4597998 ns, Reaching safepoint: 107216 ns, At safepoint: 6516 ns, Total: 113732 ns
[2020-09-10T17:28:48.212+0000][1][safepoint    ] Safepoint "RevokeBias", Time since last: 966822 ns, Reaching safepoint: 27601 ns, At safepoint: 6391 ns, Total: 33992 ns
[2020-09-10T17:28:48.213+0000][1][safepoint    ] Safepoint "RevokeBias", Time since last: 916686 ns, Reaching safepoint: 22461 ns, At safepoint: 17931 ns, Total: 40392 ns
[2020-09-10T17:28:48.231+0000][1][safepoint    ] Safepoint "RevokeBias", Time since last: 17648833 ns, Reaching safepoint: 123861 ns, At safepoint: 8753 ns, Total: 132614 ns
[2020-09-10T17:28:48.231+0000][1][safepoint    ] Safepoint "RevokeBias", Time since last: 337615 ns, Reaching safepoint: 94123 ns, At safepoint: 33467 ns, Total: 127590 ns
[2020-09-10T17:28:48.236+0000][1][safepoint    ] Safepoint "RevokeBias", Time since last: 3576025 ns, Reaching safepoint: 998450 ns, At safepoint: 8421 ns, Total: 1006871 ns
[2020-09-10T17:28:48.243+0000][1][safepoint    ] Safepoint "RevokeBias", Time since last: 6879234 ns, Reaching safepoint: 454923 ns, At safepoint: 8571 ns, Total: 463494 ns
[2020-09-10T17:28:48.247+0000][1][safepoint    ] Safepoint "RevokeBias", Time since last: 3481512 ns, Reaching safepoint: 136657 ns, At safepoint: 64855 ns, Total: 201512 ns
[2020-09-10T17:28:48.259+0000][1][safepoint    ] Safepoint "RevokeBias", Time since last: 11803101 ns, Reaching safepoint: 142141 ns, At safepoint: 95757 ns, Total: 237898 ns
[2020-09-10T17:28:49.259+0000][1][safepoint    ] Safepoint "Cleanup", Time since last: 1000149317 ns, Reaching safepoint: 107814 ns, At safepoint: 7767 ns, Total: 115581 ns
[2020-09-10T17:28:51.260+0000][1][safepoint    ] Safepoint "Cleanup", Time since last: 2000330328 ns, Reaching safepoint: 102939 ns, At safepoint: 8818 ns, Total: 111757 ns
[2020-09-10T17:28:54.260+0000][1][safepoint    ] Safepoint "Cleanup", Time since last: 3000461965 ns, Reaching safepoint: 105276 ns, At safepoint: 8161 ns, Total: 113437 ns
[2020-09-10T17:28:55.260+0000][1][safepoint    ] Safepoint "Cleanup", Time since last: 1000187579 ns, Reaching safepoint: 99108 ns, At safepoint: 8689 ns, Total: 107797 ns
[2020-09-10T17:28:56.261+0000][1][safepoint    ] Safepoint "Cleanup", Time since last: 1000217405 ns, Reaching safepoint: 129300 ns, At safepoint: 19501 ns, Total: 148801 ns
[2020-09-10T17:28:57.261+0000][1][safepoint    ] Safepoint "Cleanup", Time since last: 1000246236 ns, Reaching safepoint: 100741 ns, At safepoint: 7698 ns, Total: 108439 ns
[2020-09-10T17:28:58.261+0000][1][safepoint    ] Safepoint "Cleanup", Time since last: 1000147402 ns, Reaching safepoint: 109654 ns, At safepoint: 7677 ns, Total: 117331 ns
[2020-09-10T17:28:59.262+0000][1][safepoint    ] Safepoint "Cleanup", Time since last: 1000205231 ns, Reaching safepoint: 122146 ns, At safepoint: 17220 ns, Total: 139366 ns
[2020-09-10T17:29:00.262+0000][1][safepoint    ] Safepoint "Cleanup", Time since last: 1000227572 ns, Reaching safepoint: 118839 ns, At safepoint: 17276 ns, Total: 136115 ns
[2020-09-10T17:29:01.263+0000][1][safepoint    ] Safepoint "Cleanup", Time since last: 1000225647 ns, Reaching safepoint: 121572 ns, At safepoint: 18088 ns, Total: 139660 ns
[2020-09-10T17:29:02.263+0000][1][safepoint    ] Safepoint "Cleanup", Time since last: 1000246792 ns, Reaching safepoint: 102039 ns, At safepoint: 8256 ns, Total: 110295 ns
[2020-09-10T17:29:03.263+0000][1][safepoint    ] Safepoint "Cleanup", Time since last: 1000188452 ns, Reaching safepoint: 118248 ns, At safepoint: 16896 ns, Total: 135144 ns
[2020-09-10T17:29:04.264+0000][1][safepoint    ] Safepoint "Cleanup", Time since last: 1000207370 ns, Reaching safepoint: 114600 ns, At safepoint: 6812 ns, Total: 121412 ns
[2020-09-10T17:29:05.264+0000][1][safepoint    ] Safepoint "Cleanup", Time since last: 1000175835 ns, Reaching safepoint: 111549 ns, At safepoint: 18412 ns, Total: 129961 ns
[2020-09-10T17:29:05.865+0000][1][safepoint    ] Safepoint "RevokeBias", Time since last: 600519580 ns, Reaching safepoint: 178085 ns, At safepoint: 16423 ns, Total: 194508 ns
[2020-09-10T17:29:06.865+0000][1][safepoint    ] Safepoint "Cleanup", Time since last: 1000167468 ns, Reaching safepoint: 144805 ns, At safepoint: 26244 ns, Total: 171049 ns
[2020-09-10T17:29:07.865+0000][1][safepoint    ] Safepoint "Cleanup", Time since last: 1000246254 ns, Reaching safepoint: 126995 ns, At safepoint: 19181 ns, Total: 146176 ns
[2020-09-10T17:29:08.866+0000][1][safepoint    ] Safepoint "Cleanup", Time since last: 1000235760 ns, Reaching safepoint: 138598 ns, At safepoint: 21008 ns, Total: 159606 ns
[2020-09-10T17:29:09.866+0000][1][safepoint    ] Safepoint "Cleanup", Time since last: 1000241656 ns, Reaching safepoint: 109355 ns, At safepoint: 9912 ns, Total: 119267 ns
[2020-09-10T17:29:10.866+0000][1][safepoint    ] Safepoint "Cleanup", Time since last: 1000189514 ns, Reaching safepoint: 91299 ns, At safepoint: 9265 ns, Total: 100564 ns
[2020-09-10T17:29:11.867+0000][1][safepoint    ] Safepoint "Cleanup", Time since last: 1000201906 ns, Reaching safepoint: 107936 ns, At safepoint: 7706 ns, Total: 115642 ns
[2020-09-10T17:29:13.867+0000][1][safepoint    ] Safepoint "Cleanup", Time since last: 2000379057 ns, Reaching safepoint: 125413 ns, At safepoint: 9329 ns, Total: 134742 ns
[2020-09-10T17:29:14.868+0000][1][safepoint    ] Safepoint "Cleanup", Time since last: 1000188208 ns, Reaching safepoint: 144181 ns, At safepoint: 19906 ns, Total: 164087 ns
[2020-09-10T17:29:15.376+0000][1][gc,start     ] GC(67) Pause Young (Allocation Failure)
[2020-09-10T17:29:15.376+0000][1][gc,task      ] GC(67) Using 1 workers of 1 for evacuation
[2020-09-10T17:29:15.400+0000][1][gc,age       ] GC(67) Desired survivor size 4358144 bytes, new threshold 6 (max threshold 6)
[2020-09-10T17:29:15.401+0000][1][gc,age       ] GC(67) Age table with threshold 6 (max threshold 6)
[2020-09-10T17:29:15.401+0000][1][gc,age       ] GC(67) - age   1:     645304 bytes,     645304 total
[2020-09-10T17:29:15.401+0000][1][gc,age       ] GC(67) - age   2:     196624 bytes,     841928 total
[2020-09-10T17:29:15.401+0000][1][gc,age       ] GC(67) - age   3:    2294256 bytes,    3136184 total
[2020-09-10T17:29:15.401+0000][1][gc,heap      ] GC(67) ParNew: 73729K->4638K(76672K)
[2020-09-10T17:29:15.401+0000][1][gc,heap      ] GC(67) CMS: 94849K->94849K(2011968K)
[2020-09-10T17:29:15.401+0000][1][gc,metaspace ] GC(67) Metaspace: 74576K->74576K(1118208K)
[2020-09-10T17:29:15.401+0000][1][gc           ] GC(67) Pause Young (Allocation Failure) 164M->97M(2039M) 24.841ms
[2020-09-10T17:29:15.401+0000][1][gc,cpu       ] GC(67) User=0.02s Sys=0.00s Real=0.03s
[2020-09-10T17:29:15.401+0000][1][safepoint    ] Safepoint "GenCollectForAllocation", Time since last: 508038327 ns, Reaching safepoint: 180418 ns, At safepoint: 24971232 ns, Total: 25151650 ns
[2020-09-10T17:29:16.403+0000][1][safepoint    ] Safepoint "Cleanup", Time since last: 1002229622 ns, Reaching safepoint: 120914 ns, At safepoint: 15606 ns, Total: 136520 ns
[2020-09-10T17:29:17.404+0000][1][safepoint    ] Safepoint "Cleanup", Time since last: 1000934207 ns, Reaching safepoint: 115332 ns, At safepoint: 15188 ns, Total: 130520 ns
[2020-09-10T17:29:18.406+0000][1][safepoint    ] Safepoint "Cleanup", Time since last: 1001089581 ns, Reaching safepoint: 875214 ns, At safepoint: 8512 ns, Total: 883726 ns
[2020-09-10T17:29:19.408+0000][1][safepoint    ] Safepoint "Cleanup", Time since last: 1001709736 ns, Reaching safepoint: 203995 ns, At safepoint: 19648 ns, Total: 223643 ns
[2020-09-10T17:29:20.409+0000][1][safepoint    ] Safepoint "Cleanup", Time since last: 1000301377 ns, Reaching safepoint: 145504 ns, At safepoint: 8465 ns, Total: 153969 ns
[2020-09-10T17:29:21.409+0000][1][safepoint    ] Safepoint "Cleanup", Time since last: 1000163734 ns, Reaching safepoint: 137595 ns, At safepoint: 16167 ns, Total: 153762 ns
[2020-09-10T17:29:22.409+0000][1][safepoint    ] Safepoint "Cleanup", Time since last: 1000236720 ns, Reaching safepoint: 118649 ns, At safepoint: 17971 ns, Total: 136620 ns
[2020-09-10T17:29:23.410+0000][1][safepoint    ] Safepoint "Cleanup", Time since last: 1000226240 ns, Reaching safepoint: 98349 ns, At safepoint: 6336 ns, Total: 104685 ns
[2020-09-10T17:29:24.410+0000][1][safepoint    ] Safepoint "Cleanup", Time since last: 1000173774 ns, Reaching safepoint: 125334 ns, At safepoint: 16965 ns, Total: 142299 ns
[2020-09-10T17:29:25.410+0000][1][safepoint    ] Safepoint "Cleanup", Time since last: 1000149237 ns, Reaching safepoint: 138536 ns, At safepoint: 7197 ns, Total: 145733 ns
[2020-09-10T17:29:26.410+0000][1][safepoint    ] Safepoint "Cleanup", Time since last: 1000147317 ns, Reaching safepoint: 138351 ns, At safepoint: 16511 ns, Total: 154862 ns
[2020-09-10T17:29:27.411+0000][1][safepoint    ] Safepoint "Cleanup", Time since last: 1000224484 ns, Reaching safepoint: 131689 ns, At safepoint: 17336 ns, Total: 149025 ns
[2020-09-10T17:29:28.411+0000][1][safepoint    ] Safepoint "Cleanup", Time since last: 1000177362 ns, Reaching safepoint: 135183 ns, At safepoint: 18195 ns, Total: 153378 ns
[2020-09-10T17:29:29.412+0000][1][safepoint    ] Safepoint "Cleanup", Time since last: 1000260130 ns, Reaching safepoint: 124307 ns, At safepoint: 6442 ns, Total: 130749 ns
[2020-09-10T17:29:31.412+0000][1][safepoint    ] Safepoint "Cleanup", Time since last: 2000362266 ns, Reaching safepoint: 137282 ns, At safepoint: 17386 ns, Total: 154668 ns
[2020-09-10T17:29:32.412+0000][1][safepoint    ] Safepoint "Cleanup", Time since last: 1000234063 ns, Reaching safepoint: 92416 ns, At safepoint: 6904 ns, Total: 99320 ns
[2020-09-10T17:29:33.413+0000][1][safepoint    ] Safepoint "Cleanup", Time since last: 1000181225 ns, Reaching safepoint: 97116 ns, At safepoint: 6291 ns, Total: 103407 ns
[2020-09-10T17:29:36.413+0000][1][safepoint    ] Safepoint "Cleanup", Time since last: 3000456265 ns, Reaching safepoint: 130660 ns, At safepoint: 17941 ns, Total: 148601 ns
[2020-09-10T17:29:38.414+0000][1][safepoint    ] Safepoint "Cleanup", Time since last: 2000299874 ns, Reaching safepoint: 111681 ns, At safepoint: 7351 ns, Total: 119032 ns
[2020-09-10T17:29:39.414+0000][1][safepoint    ] Safepoint "Cleanup", Time since last: 1000152874 ns, Reaching safepoint: 131743 ns, At safepoint: 8498 ns, Total: 140241 ns
[2020-09-10T17:29:40.414+0000][1][safepoint    ] Safepoint "Cleanup", Time since last: 1000150056 ns, Reaching safepoint: 132511 ns, At safepoint: 18068 ns, Total: 150579 ns
[2020-09-10T17:29:41.415+0000][1][safepoint    ] Safepoint "Cleanup", Time since last: 1000197869 ns, Reaching safepoint: 197657 ns, At safepoint: 15419 ns, Total: 213076 ns
[2020-09-10T17:29:42.415+0000][1][safepoint    ] Safepoint "Cleanup", Time since last: 1000185246 ns, Reaching safepoint: 129177 ns, At safepoint: 15405 ns, Total: 144582 ns
[2020-09-10T17:29:46.416+0000][1][safepoint    ] Safepoint "Cleanup", Time since last: 4000556096 ns, Reaching safepoint: 147973 ns, At safepoint: 19174 ns, Total: 167147 ns
[2020-09-10T17:29:47.416+0000][1][safepoint    ] Safepoint "Cleanup", Time since last: 1000226834 ns, Reaching safepoint: 88653 ns, At safepoint: 6656 ns, Total: 95309 ns
[2020-09-10T17:29:48.416+0000][1][safepoint    ] Safepoint "Cleanup", Time since last: 1000156444 ns, Reaching safepoint: 184426 ns, At safepoint: 26798 ns, Total: 211224 ns
[2020-09-10T17:29:50.417+0000][1][safepoint    ] Safepoint "Cleanup", Time since last: 2000395985 ns, Reaching safepoint: 91800 ns, At safepoint: 7228 ns, Total: 99028 ns
[2020-09-10T17:29:51.417+0000][1][safepoint    ] Safepoint "Cleanup", Time since last: 1000183661 ns, Reaching safepoint: 98954 ns, At safepoint: 6854 ns, Total: 105808 ns
[2020-09-10T17:29:52.418+0000][1][safepoint    ] Safepoint "Cleanup", Time since last: 1000266001 ns, Reaching safepoint: 121021 ns, At safepoint: 18723 ns, Total: 139744 ns
[2020-09-10T17:29:53.418+0000][1][safepoint    ] Safepoint "Cleanup", Time since last: 1000204201 ns, Reaching safepoint: 106698 ns, At safepoint: 6360 ns, Total: 113058 ns
[2020-09-10T17:29:54.418+0000][1][safepoint    ] Safepoint "Cleanup", Time since last: 1000196990 ns, Reaching safepoint: 94891 ns, At safepoint: 7570 ns, Total: 102461 ns
[2020-09-10T17:29:57.419+0000][1][safepoint    ] Safepoint "Cleanup", Time since last: 3000478747 ns, Reaching safepoint: 114708 ns, At safepoint: 6818 ns, Total: 121526 ns
[2020-09-10T17:29:58.419+0000][1][safepoint    ] Safepoint "Cleanup", Time since last: 1000140996 ns, Reaching safepoint: 130536 ns, At safepoint: 18703 ns, Total: 149239 ns
[2020-09-10T17:30:00.420+0000][1][safepoint    ] Safepoint "Cleanup", Time since last: 2000355126 ns, Reaching safepoint: 145037 ns, At safepoint: 13634 ns, Total: 158671 ns
[2020-09-10T17:30:00.495+0000][1][gc,start     ] GC(68) Pause Young (Allocation Failure)
[2020-09-10T17:30:00.495+0000][1][gc,task      ] GC(68) Using 1 workers of 1 for evacuation
[2020-09-10T17:30:00.521+0000][1][gc,age       ] GC(68) Desired survivor size 4358144 bytes, new threshold 6 (max threshold 6)
[2020-09-10T17:30:00.521+0000][1][gc,age       ] GC(68) Age table with threshold 6 (max threshold 6)
[2020-09-10T17:30:00.521+0000][1][gc,age       ] GC(68) - age   1:      49744 bytes,      49744 total
[2020-09-10T17:30:00.521+0000][1][gc,age       ] GC(68) - age   2:     615800 bytes,     665544 total
[2020-09-10T17:30:00.521+0000][1][gc,age       ] GC(68) - age   3:     196088 bytes,     861632 total
[2020-09-10T17:30:00.521+0000][1][gc,age       ] GC(68) - age   4:    2293712 bytes,    3155344 total
[2020-09-10T17:30:00.521+0000][1][gc,heap      ] GC(68) ParNew: 72798K->5753K(76672K)
[2020-09-10T17:30:00.521+0000][1][gc,heap      ] GC(68) CMS: 94849K->94849K(2011968K)
[2020-09-10T17:30:00.521+0000][1][gc,metaspace ] GC(68) Metaspace: 74927K->74927K(1118208K)
[2020-09-10T17:30:00.521+0000][1][gc           ] GC(68) Pause Young (Allocation Failure) 163M->98M(2039M) 25.937ms
[2020-09-10T17:30:00.521+0000][1][gc,cpu       ] GC(68) User=0.02s Sys=0.00s Real=0.03s
[2020-09-10T17:30:00.521+0000][1][safepoint    ] Safepoint "GenCollectForAllocation", Time since last: 75405865 ns, Reaching safepoint: 214248 ns, At safepoint: 26016978 ns, Total: 26231226 ns
[2020-09-10T17:30:01.526+0000][1][safepoint    ] Safepoint "Cleanup", Time since last: 1004858526 ns, Reaching safepoint: 132925 ns, At safepoint: 13144 ns, Total: 146069 ns
[2020-09-10T17:30:02.527+0000][1][safepoint    ] Safepoint "Cleanup", Time since last: 1000777672 ns, Reaching safepoint: 128368 ns, At safepoint: 13725 ns, Total: 142093 ns
[2020-09-10T17:30:03.528+0000][1][safepoint    ] Safepoint "Cleanup", Time since last: 1000342084 ns, Reaching safepoint: 61450 ns, At safepoint: 5247 ns, Total: 66697 ns
[2020-09-10T17:30:05.528+0000][1][safepoint    ] Safepoint "Cleanup", Time since last: 2000503017 ns, Reaching safepoint: 323091 ns, At safepoint: 22866 ns, Total: 345957 ns
[2020-09-10T17:30:06.529+0000][1][safepoint    ] Safepoint "Cleanup", Time since last: 1000226329 ns, Reaching safepoint: 122838 ns, At safepoint: 16775 ns, Total: 139613 ns
[2020-09-10T17:30:08.529+0000][1][safepoint    ] Safepoint "Cleanup", Time since last: 2000357864 ns, Reaching safepoint: 129674 ns, At safepoint: 16254 ns, Total: 145928 ns
[2020-09-10T17:30:11.530+0000][1][safepoint    ] Safepoint "Cleanup", Time since last: 3000504735 ns, Reaching safepoint: 107487 ns, At safepoint: 7513 ns, Total: 115000 ns
[2020-09-10T17:30:12.530+0000][1][safepoint    ] Safepoint "Cleanup", Time since last: 1000187076 ns, Reaching safepoint: 124860 ns, At safepoint: 18015 ns, Total: 142875 ns
[2020-09-10T17:30:14.531+0000][1][safepoint    ] Safepoint "Cleanup", Time since last: 2000385445 ns, Reaching safepoint: 72600 ns, At safepoint: 5569 ns, Total: 78169 ns
[2020-09-10T17:30:16.531+0000][1][safepoint    ] Safepoint "Cleanup", Time since last: 2000358807 ns, Reaching safepoint: 135939 ns, At safepoint: 18392 ns, Total: 154331 ns
[2020-09-10T17:30:18.532+0000][1][safepoint    ] Safepoint "Cleanup", Time since last: 2000349125 ns, Reaching safepoint: 99375 ns, At safepoint: 6544 ns, Total: 105919 ns
[2020-09-10T17:30:19.532+0000][1][safepoint    ] Safepoint "Cleanup", Time since last: 1000142975 ns, Reaching safepoint: 124489 ns, At safepoint: 14464 ns, Total: 138953 ns
[2020-09-10T17:30:20.532+0000][1][safepoint    ] Safepoint "Cleanup", Time since last: 1000221084 ns, Reaching safepoint: 89194 ns, At safepoint: 7024 ns, Total: 96218 ns
[2020-09-10T17:30:21.533+0000][1][safepoint    ] Safepoint "Cleanup", Time since last: 1000201094 ns, Reaching safepoint: 90535 ns, At safepoint: 6973 ns, Total: 97508 ns
[2020-09-10T17:30:22.533+0000][1][safepoint    ] Safepoint "Cleanup", Time since last: 1000183824 ns, Reaching safepoint: 88874 ns, At safepoint: 6255 ns, Total: 95129 ns
[2020-09-10T17:30:23.533+0000][1][safepoint    ] Safepoint "Cleanup", Time since last: 1000180943 ns, Reaching safepoint: 141131 ns, At safepoint: 20129 ns, Total: 161260 ns
[2020-09-10T17:30:24.534+0000][1][safepoint    ] Safepoint "Cleanup", Time since last: 1000194946 ns, Reaching safepoint: 102913 ns, At safepoint: 6164 ns, Total: 109077 ns
[2020-09-10T17:30:25.534+0000][1][safepoint    ] Safepoint "Cleanup", Time since last: 1000186996 ns, Reaching safepoint: 150435 ns, At safepoint: 18713 ns, Total: 169148 ns
[2020-09-10T17:30:26.534+0000][1][safepoint    ] Safepoint "Cleanup", Time since last: 1000209933 ns, Reaching safepoint: 96196 ns, At safepoint: 6948 ns, Total: 103144 ns
[2020-09-10T17:30:27.535+0000][1][safepoint    ] Safepoint "Cleanup", Time since last: 1000191928 ns, Reaching safepoint: 92262 ns, At safepoint: 6958 ns, Total: 99220 ns
[2020-09-10T17:30:28.535+0000][1][safepoint    ] Safepoint "Cleanup", Time since last: 1000178003 ns, Reaching safepoint: 88523 ns, At safepoint: 7024 ns, Total: 95547 ns
[2020-09-10T17:30:29.535+0000][1][safepoint    ] Safepoint "Cleanup", Time since last: 1000150240 ns, Reaching safepoint: 128308 ns, At safepoint: 17600 ns, Total: 145908 ns
[2020-09-10T17:30:30.536+0000][1][safepoint    ] Safepoint "Cleanup", Time since last: 1000230798 ns, Reaching safepoint: 151986 ns, At safepoint: 19518 ns, Total: 171504 ns
[2020-09-10T17:30:31.536+0000][1][safepoint    ] Safepoint "Cleanup", Time since last: 1000204313 ns, Reaching safepoint: 118412 ns, At safepoint: 18118 ns, Total: 136530 ns
[2020-09-10T17:30:32.536+0000][1][safepoint    ] Safepoint "Cleanup", Time since last: 1000226499 ns, Reaching safepoint: 116240 ns, At safepoint: 17571 ns, Total: 133811 ns
[2020-09-10T17:30:33.537+0000][1][safepoint    ] Safepoint "Cleanup", Time since last: 1000195771 ns, Reaching safepoint: 105114 ns, At safepoint: 8120 ns, Total: 113234 ns
[2020-09-10T17:30:34.537+0000][1][safepoint    ] Safepoint "Cleanup", Time since last: 1000169343 ns, Reaching safepoint: 100382 ns, At safepoint: 7267 ns, Total: 107649 ns
[2020-09-10T17:30:35.537+0000][1][safepoint    ] Safepoint "Cleanup", Time since last: 1000201210 ns, Reaching safepoint: 119233 ns, At safepoint: 18980 ns, Total: 138213 ns
[2020-09-10T17:30:36.537+0000][1][safepoint    ] Safepoint "Cleanup", Time since last: 1000217594 ns, Reaching safepoint: 97550 ns, At safepoint: 6464 ns, Total: 104014 ns
[2020-09-10T17:30:37.538+0000][1][safepoint    ] Safepoint "Cleanup", Time since last: 1000620575 ns, Reaching safepoint: 56970 ns, At safepoint: 5535 ns, Total: 62505 ns
[2020-09-10T17:30:38.538+0000][1][safepoint    ] Safepoint "Cleanup", Time since last: 1000171883 ns, Reaching safepoint: 87800 ns, At safepoint: 6255 ns, Total: 94055 ns
[2020-09-10T17:30:39.539+0000][1][safepoint    ] Safepoint "Cleanup", Time since last: 1000216649 ns, Reaching safepoint: 97191 ns, At safepoint: 6492 ns, Total: 103683 ns
[2020-09-10T17:30:40.539+0000][1][safepoint    ] Safepoint "Cleanup", Time since last: 1000205002 ns, Reaching safepoint: 114890 ns, At safepoint: 17420 ns, Total: 132310 ns
[2020-09-10T17:30:41.539+0000][1][safepoint    ] Safepoint "Cleanup", Time since last: 1000225266 ns, Reaching safepoint: 133447 ns, At safepoint: 18298 ns, Total: 151745 ns
[2020-09-10T17:30:42.540+0000][1][safepoint    ] Safepoint "Cleanup", Time since last: 1000187118 ns, Reaching safepoint: 116795 ns, At safepoint: 15295 ns, Total: 132090 ns
[2020-09-10T17:30:42.608+0000][1][gc,start     ] GC(69) Pause Young (Allocation Failure)
[2020-09-10T17:30:42.608+0000][1][gc,task      ] GC(69) Using 1 workers of 1 for evacuation
[2020-09-10T17:30:42.628+0000][1][gc,age       ] GC(69) Desired survivor size 4358144 bytes, new threshold 6 (max threshold 6)
[2020-09-10T17:30:42.628+0000][1][gc,age       ] GC(69) Age table with threshold 6 (max threshold 6)
[2020-09-10T17:30:42.628+0000][1][gc,age       ] GC(69) - age   1:      39248 bytes,      39248 total
[2020-09-10T17:30:42.628+0000][1][gc,age       ] GC(69) - age   2:      26864 bytes,      66112 total
[2020-09-10T17:30:42.628+0000][1][gc,age       ] GC(69) - age   3:     615480 bytes,     681592 total
[2020-09-10T17:30:42.628+0000][1][gc,age       ] GC(69) - age   4:     196088 bytes,     877680 total
[2020-09-10T17:30:42.628+0000][1][gc,age       ] GC(69) - age   5:    2293712 bytes,    3171392 total
[2020-09-10T17:30:42.628+0000][1][gc,heap      ] GC(69) ParNew: 73913K->3749K(76672K)
[2020-09-10T17:30:42.628+0000][1][gc,heap      ] GC(69) CMS: 94849K->94849K(2011968K)
[2020-09-10T17:30:42.628+0000][1][gc,metaspace ] GC(69) Metaspace: 75227K->75227K(1118208K)
[2020-09-10T17:30:42.628+0000][1][gc           ] GC(69) Pause Young (Allocation Failure) 164M->96M(2039M) 20.214ms
[2020-09-10T17:30:42.628+0000][1][gc,cpu       ] GC(69) User=0.02s Sys=0.00s Real=0.02s
[2020-09-10T17:30:42.628+0000][1][safepoint    ] Safepoint "GenCollectForAllocation", Time since last: 68042316 ns, Reaching safepoint: 181567 ns, At safepoint: 20478243 ns, Total: 20659810 ns
[2020-09-10T17:30:43.640+0000][1][safepoint    ] Safepoint "Cleanup", Time since last: 1011059915 ns, Reaching safepoint: 107056 ns, At safepoint: 42073 ns, Total: 149129 ns
[2020-09-10T17:30:44.640+0000][1][safepoint    ] Safepoint "Cleanup", Time since last: 1000217227 ns, Reaching safepoint: 114950 ns, At safepoint: 16147 ns, Total: 131097 ns
[2020-09-10T17:30:45.642+0000][1][safepoint    ] Safepoint "Cleanup", Time since last: 1001956888 ns, Reaching safepoint: 108639 ns, At safepoint: 17203 ns, Total: 125842 ns
[2020-09-10T17:30:46.642+0000][1][safepoint    ] Safepoint "Cleanup", Time since last: 1000202773 ns, Reaching safepoint: 91619 ns, At safepoint: 6005 ns, Total: 97624 ns
[2020-09-10T17:30:47.643+0000][1][safepoint    ] Safepoint "Cleanup", Time since last: 1000139049 ns, Reaching safepoint: 73904 ns, At safepoint: 8509 ns, Total: 82413 ns
[2020-09-10T17:30:48.647+0000][1][safepoint    ] Safepoint "Cleanup", Time since last: 1004048384 ns, Reaching safepoint: 60750 ns, At safepoint: 7254 ns, Total: 68004 ns
[2020-09-10T17:30:49.653+0000][1][safepoint    ] Safepoint "Cleanup", Time since last: 1006155972 ns, Reaching safepoint: 65660 ns, At safepoint: 7715 ns, Total: 73375 ns
[2020-09-10T17:30:49.972+0000][1][safepoint    ] Safepoint "RevokeBias", Time since last: 318304497 ns, Reaching safepoint: 246686 ns, At safepoint: 7490 ns, Total: 254176 ns
[2020-09-10T17:30:49.974+0000][1][safepoint    ] Safepoint "RevokeBias", Time since last: 74975 ns, Reaching safepoint: 2447975 ns, At safepoint: 18085 ns, Total: 2466060 ns
[2020-09-10T17:30:49.977+0000][1][safepoint    ] Safepoint "RevokeBias", Time since last: 320864 ns, Reaching safepoint: 2162919 ns, At safepoint: 12884 ns, Total: 2175803 ns
[2020-09-10T17:30:49.979+0000][1][safepoint    ] Safepoint "RevokeBias", Time since last: 431343 ns, Reaching safepoint: 2268731 ns, At safepoint: 15665 ns, Total: 2284396 ns
[2020-09-10T17:30:49.980+0000][1][safepoint    ] Safepoint "RevokeBias", Time since last: 265758 ns, Reaching safepoint: 328713 ns, At safepoint: 9132 ns, Total: 337845 ns
[2020-09-10T17:30:49.983+0000][1][safepoint    ] Safepoint "RevokeBias", Time since last: 516275 ns, Reaching safepoint: 2167140 ns, At safepoint: 14395 ns, Total: 2181535 ns
[2020-09-10T17:30:49.997+0000][1][safepoint    ] Safepoint "RevokeBias", Time since last: 14254240 ns, Reaching safepoint: 118379 ns, At safepoint: 7730 ns, Total: 126109 ns
[2020-09-10T17:30:49.997+0000][1][safepoint    ] Safepoint "RevokeBias", Time since last: 81421 ns, Reaching safepoint: 89337 ns, At safepoint: 5373 ns, Total: 94710 ns
[2020-09-10T17:30:49.997+0000][1][safepoint    ] Safepoint "RevokeBias", Time since last: 35627 ns, Reaching safepoint: 87253 ns, At safepoint: 4941 ns, Total: 92194 ns
[2020-09-10T17:30:50.006+0000][1][safepoint    ] Safepoint "RevokeBias", Time since last: 8226177 ns, Reaching safepoint: 296999 ns, At safepoint: 9307 ns, Total: 306306 ns
[2020-09-10T17:30:50.019+0000][1][safepoint    ] Safepoint "RevokeBias", Time since last: 10099576 ns, Reaching safepoint: 2826294 ns, At safepoint: 12381 ns, Total: 2838675 ns
[2020-09-10T17:30:50.023+0000][1][safepoint    ] Safepoint "RevokeBias", Time since last: 626631 ns, Reaching safepoint: 3418156 ns, At safepoint: 7594 ns, Total: 3425750 ns
[2020-09-10T17:30:50.023+0000][1][safepoint    ] Safepoint "RevokeBias", Time since last: 57588 ns, Reaching safepoint: 94816 ns, At safepoint: 6808 ns, Total: 101624 ns
[2020-09-10T17:30:50.023+0000][1][safepoint    ] Safepoint "RevokeBias", Time since last: 50003 ns, Reaching safepoint: 92787 ns, At safepoint: 8077 ns, Total: 100864 ns
[2020-09-10T17:30:50.023+0000][1][safepoint    ] Safepoint "RevokeBias", Time since last: 92684 ns, Reaching safepoint: 92375 ns, At safepoint: 7401 ns, Total: 99776 ns
[2020-09-10T17:30:50.023+0000][1][safepoint    ] Safepoint "RevokeBias", Time since last: 40599 ns, Reaching safepoint: 91583 ns, At safepoint: 7399 ns, Total: 98982 ns
[2020-09-10T17:30:50.027+0000][1][safepoint    ] Safepoint "RevokeBias", Time since last: 595050 ns, Reaching safepoint: 2656005 ns, At safepoint: 9221 ns, Total: 2665226 ns
[2020-09-10T17:30:50.028+0000][1][safepoint    ] Safepoint "RevokeBias", Time since last: 709837 ns, Reaching safepoint: 124763 ns, At safepoint: 6498 ns, Total: 131261 ns
[2020-09-10T17:30:50.202+0000][1][safepoint    ] Safepoint "RevokeBias", Time since last: 174727439 ns, Reaching safepoint: 57853 ns, At safepoint: 9107 ns, Total: 66960 ns
[2020-09-10T17:30:50.203+0000][1][safepoint    ] Safepoint "RevokeBias", Time since last: 543297 ns, Reaching safepoint: 120426 ns, At safepoint: 7946 ns, Total: 128372 ns
[2020-09-10T17:30:50.205+0000][1][safepoint    ] Safepoint "RevokeBias", Time since last: 2362182 ns, Reaching safepoint: 44452 ns, At safepoint: 6186 ns, Total: 50638 ns
[2020-09-10T17:30:50.205+0000][1][safepoint    ] Safepoint "RevokeBias", Time since last: 58001 ns, Reaching safepoint: 24898 ns, At safepoint: 4591 ns, Total: 29489 ns
[2020-09-10T17:30:50.206+0000][1][safepoint    ] Safepoint "RevokeBias", Time since last: 40992 ns, Reaching safepoint: 20414 ns, At safepoint: 5129 ns, Total: 25543 ns
[2020-09-10T17:30:50.206+0000][1][safepoint    ] Safepoint "RevokeBias", Time since last: 102525 ns, Reaching safepoint: 24966 ns, At safepoint: 4747 ns, Total: 29713 ns
[2020-09-10T17:30:50.206+0000][1][safepoint    ] Safepoint "RevokeBias", Time since last: 366883 ns, Reaching safepoint: 21297 ns, At safepoint: 4602 ns, Total: 25899 ns
[2020-09-10T17:30:50.211+0000][1][safepoint    ] Safepoint "RevokeBias", Time since last: 3774133 ns, Reaching safepoint: 882240 ns, At safepoint: 9921 ns, Total: 892161 ns
[2020-09-10T17:30:50.215+0000][1][safepoint    ] Safepoint "RevokeBias", Time since last: 55160 ns, Reaching safepoint: 3887822 ns, At safepoint: 9109 ns, Total: 3896931 ns
[2020-09-10T17:30:50.215+0000][1][safepoint    ] Safepoint "RevokeBias", Time since last: 56928 ns, Reaching safepoint: 709010 ns, At safepoint: 7344 ns, Total: 716354 ns
[2020-09-10T17:30:50.216+0000][1][safepoint    ] Safepoint "RevokeBias", Time since last: 132018 ns, Reaching safepoint: 104040 ns, At safepoint: 6816 ns, Total: 110856 ns
[2020-09-10T17:30:50.216+0000][1][safepoint    ] Safepoint "RevokeBias", Time since last: 57419 ns, Reaching safepoint: 98485 ns, At safepoint: 6183 ns, Total: 104668 ns
[2020-09-10T17:30:50.219+0000][1][safepoint    ] Safepoint "RevokeBias", Time since last: 806268 ns, Reaching safepoint: 2002430 ns, At safepoint: 8397 ns, Total: 2010827 ns
[2020-09-10T17:30:50.220+0000][1][safepoint    ] Safepoint "RevokeBias", Time since last: 63372 ns, Reaching safepoint: 817395 ns, At safepoint: 8018 ns, Total: 825413 ns
[2020-09-10T17:30:50.220+0000][1][safepoint    ] Safepoint "RevokeBias", Time since last: 72178 ns, Reaching safepoint: 286572 ns, At safepoint: 6770 ns, Total: 293342 ns
[2020-09-10T17:30:50.220+0000][1][safepoint    ] Safepoint "RevokeBias", Time since last: 74907 ns, Reaching safepoint: 95171 ns, At safepoint: 6351 ns, Total: 101522 ns
[2020-09-10T17:30:50.220+0000][1][safepoint    ] Safepoint "RevokeBias", Time since last: 71305 ns, Reaching safepoint: 95284 ns, At safepoint: 6527 ns, Total: 101811 ns
[2020-09-10T17:30:50.221+0000][1][safepoint    ] Safepoint "RevokeBias", Time since last: 77577 ns, Reaching safepoint: 138717 ns, At safepoint: 6257 ns, Total: 144974 ns
[2020-09-10T17:30:50.222+0000][1][safepoint    ] Safepoint "RevokeBias", Time since last: 465389 ns, Reaching safepoint: 552288 ns, At safepoint: 6744 ns, Total: 559032 ns
[2020-09-10T17:30:50.222+0000][1][safepoint    ] Safepoint "RevokeBias", Time since last: 336195 ns, Reaching safepoint: 169968 ns, At safepoint: 7327 ns, Total: 177295 ns
[2020-09-10T17:30:50.237+0000][1][safepoint    ] Safepoint "BulkRevokeBias", Time since last: 9589058 ns, Reaching safepoint: 4993052 ns, At safepoint: 108961 ns, Total: 5102013 ns
[2020-09-10T17:30:50.327+0000][1][safepoint    ] Safepoint "RevokeBias", Time since last: 85917236 ns, Reaching safepoint: 4121711 ns, At safepoint: 18256 ns, Total: 4139967 ns
[2020-09-10T17:30:50.331+0000][1][safepoint    ] Safepoint "RevokeBias", Time since last: 103068 ns, Reaching safepoint: 3800601 ns, At safepoint: 8244 ns, Total: 3808845 ns
[2020-09-10T17:30:50.331+0000][1][safepoint    ] Safepoint "RevokeBias", Time since last: 52421 ns, Reaching safepoint: 93112 ns, At safepoint: 6894 ns, Total: 100006 ns
[2020-09-10T17:30:50.331+0000][1][safepoint    ] Safepoint "RevokeBias", Time since last: 420823 ns, Reaching safepoint: 94468 ns, At safepoint: 7053 ns, Total: 101521 ns
[2020-09-10T17:30:50.332+0000][1][safepoint    ] Safepoint "RevokeBias", Time since last: 691198 ns, Reaching safepoint: 91616 ns, At safepoint: 7482 ns, Total: 99098 ns
[2020-09-10T17:30:50.335+0000][1][safepoint    ] Safepoint "RevokeBias", Time since last: 1639822 ns, Reaching safepoint: 857131 ns, At safepoint: 7889 ns, Total: 865020 ns
[2020-09-10T17:30:50.343+0000][1][safepoint    ] Safepoint "RevokeBias", Time since last: 6647810 ns, Reaching safepoint: 1360494 ns, At safepoint: 8821 ns, Total: 1369315 ns
[2020-09-10T17:30:50.344+0000][1][safepoint    ] Safepoint "RevokeBias", Time since last: 376397 ns, Reaching safepoint: 495509 ns, At safepoint: 9015 ns, Total: 504524 ns
[2020-09-10T17:30:50.353+0000][1][safepoint    ] Safepoint "RevokeBias", Time since last: 7535936 ns, Reaching safepoint: 1543619 ns, At safepoint: 10106 ns, Total: 1553725 ns
[2020-09-10T17:30:50.353+0000][1][safepoint    ] Safepoint "RevokeBias", Time since last: 140612 ns, Reaching safepoint: 86737 ns, At safepoint: 5820 ns, Total: 92557 ns
[2020-09-10T17:30:50.353+0000][1][safepoint    ] Safepoint "RevokeBias", Time since last: 99791 ns, Reaching safepoint: 85281 ns, At safepoint: 5961 ns, Total: 91242 ns
[2020-09-10T17:30:50.353+0000][1][safepoint    ] Safepoint "RevokeBias", Time since last: 58732 ns, Reaching safepoint: 83203 ns, At safepoint: 5781 ns, Total: 88984 ns
[2020-09-10T17:30:50.363+0000][1][safepoint    ] Safepoint "RevokeBias", Time since last: 8930665 ns, Reaching safepoint: 312185 ns, At safepoint: 21552 ns, Total: 333737 ns
[2020-09-10T17:30:50.363+0000][1][safepoint    ] Safepoint "RevokeBias", Time since last: 350826 ns, Reaching safepoint: 326432 ns, At safepoint: 6400 ns, Total: 332832 ns
[2020-09-10T17:30:50.376+0000][1][safepoint    ] Safepoint "RevokeBias", Time since last: 12228917 ns, Reaching safepoint: 630227 ns, At safepoint: 9755 ns, Total: 639982 ns
[2020-09-10T17:30:50.400+0000][1][gc,heap,exit ] Heap
[2020-09-10T17:30:50.400+0000][1][gc,heap,exit ]  par new generation   total 76672K, used 19516K [0x0000000080000000, 0x0000000085330000, 0x0000000085330000)
[2020-09-10T17:30:50.400+0000][1][gc,heap,exit ]   eden space 68160K,  23% used [0x0000000080000000, 0x0000000080f65ac0, 0x0000000084290000)
[2020-09-10T17:30:50.400+0000][1][gc,heap,exit ]   from space 8512K,  44% used [0x0000000084ae0000, 0x0000000084e895d0, 0x0000000085330000)
[2020-09-10T17:30:50.400+0000][1][gc,heap,exit ]   to   space 8512K,   0% used [0x0000000084290000, 0x0000000084290000, 0x0000000084ae0000)
[2020-09-10T17:30:50.400+0000][1][gc,heap,exit ]  concurrent mark-sweep generation total 2011968K, used 94849K [0x0000000085330000, 0x0000000100000000, 0x0000000100000000)
[2020-09-10T17:30:50.400+0000][1][gc,heap,exit ]  Metaspace       used 75387K, capacity 81288K, committed 81536K, reserved 1118208K
[2020-09-10T17:30:50.400+0000][1][gc,heap,exit ]   class space    used 10063K, capacity 12474K, committed 12588K, reserved 1048576K
