[2020-09-11T14:50:06.962+0000][1][gc] Using Concurrent Mark Sweep
[2020-09-11T14:50:06.962+0000][1][gc,heap,coops] Heap address: 0x0000000080000000, size: 2048 MB, Compressed Oops mode: 32-bit
[2020-09-11T14:50:07.020+0000][1][safepoint    ] Safepoint "EnableBiasedLocking", Time since last: 47920382 ns, Reaching safepoint: 139726 ns, At safepoint: 36524 ns, Total: 176250 ns
[2020-09-11T14:50:07.026+0000][1][safepoint    ] Safepoint "RevokeBias", Time since last: 5915077 ns, Reaching safepoint: 100926 ns, At safepoint: 31449 ns, Total: 132375 ns
[2020-09-11T14:50:07.037+0000][1][safepoint    ] Safepoint "Deoptimize", Time since last: 10873995 ns, Reaching safepoint: 133011 ns, At safepoint: 28397 ns, Total: 161408 ns
[2020-09-11T14:50:07.194+0000][1][safepoint    ] Safepoint "Deoptimize", Time since last: 156804203 ns, Reaching safepoint: 140958 ns, At safepoint: 29958 ns, Total: 170916 ns
[2020-09-11T14:50:07.196+0000][1][safepoint    ] Safepoint "Deoptimize", Time since last: 1752118 ns, Reaching safepoint: 131097 ns, At safepoint: 28315 ns, Total: 159412 ns
[2020-09-11T14:50:07.249+0000][1][safepoint    ] Safepoint "Deoptimize", Time since last: 52783832 ns, Reaching safepoint: 142014 ns, At safepoint: 40516 ns, Total: 182530 ns
[2020-09-11T14:50:07.777+0000][1][safepoint    ] Safepoint "Deoptimize", Time since last: 527782544 ns, Reaching safepoint: 135066 ns, At safepoint: 68295 ns, Total: 203361 ns
[2020-09-11T14:50:07.846+0000][1][safepoint    ] Safepoint "Deoptimize", Time since last: 68541547 ns, Reaching safepoint: 134585 ns, At safepoint: 75801 ns, Total: 210386 ns
[2020-09-11T14:50:07.930+0000][1][safepoint    ] Safepoint "Deoptimize", Time since last: 83958905 ns, Reaching safepoint: 172882 ns, At safepoint: 75662 ns, Total: 248544 ns
[2020-09-11T14:50:08.372+0000][1][safepoint    ] Safepoint "Deoptimize", Time since last: 442294777 ns, Reaching safepoint: 127039 ns, At safepoint: 85383 ns, Total: 212422 ns
[2020-09-11T14:50:08.929+0000][1][safepoint    ] Safepoint "Deoptimize", Time since last: 556222910 ns, Reaching safepoint: 103116 ns, At safepoint: 89444 ns, Total: 192560 ns
[2020-09-11T14:50:09.381+0000][1][safepoint    ] Safepoint "Deoptimize", Time since last: 452102925 ns, Reaching safepoint: 115435 ns, At safepoint: 110407 ns, Total: 225842 ns
[2020-09-11T14:50:09.382+0000][1][safepoint    ] Safepoint "Deoptimize", Time since last: 732574 ns, Reaching safepoint: 81776 ns, At safepoint: 101473 ns, Total: 183249 ns
[2020-09-11T14:50:09.456+0000][1][safepoint    ] Safepoint "Deoptimize", Time since last: 74183132 ns, Reaching safepoint: 102826 ns, At safepoint: 114808 ns, Total: 217634 ns
[2020-09-11T14:50:09.464+0000][1][safepoint    ] Safepoint "Deoptimize", Time since last: 6973359 ns, Reaching safepoint: 94183 ns, At safepoint: 120288 ns, Total: 214471 ns
[2020-09-11T14:50:09.477+0000][1][safepoint    ] Safepoint "RevokeBias", Time since last: 12774484 ns, Reaching safepoint: 99233 ns, At safepoint: 29455 ns, Total: 128688 ns
[2020-09-11T14:50:09.483+0000][1][safepoint    ] Safepoint "RevokeBias", Time since last: 5871111 ns, Reaching safepoint: 376642 ns, At safepoint: 21920 ns, Total: 398562 ns
[2020-09-11T14:50:09.483+0000][1][safepoint    ] Safepoint "RevokeBias", Time since last: 88071 ns, Reaching safepoint: 119972 ns, At safepoint: 17572 ns, Total: 137544 ns
[2020-09-11T14:50:09.484+0000][1][safepoint    ] Safepoint "RevokeBias", Time since last: 132562 ns, Reaching safepoint: 728169 ns, At safepoint: 19995 ns, Total: 748164 ns
[2020-09-11T14:50:09.484+0000][1][safepoint    ] Safepoint "RevokeBias", Time since last: 327218 ns, Reaching safepoint: 91481 ns, At safepoint: 20638 ns, Total: 112119 ns
[2020-09-11T14:50:10.280+0000][1][gc,start     ] GC(0) Pause Young (Allocation Failure)
[2020-09-11T14:50:10.280+0000][1][gc,task      ] GC(0) Using 1 workers of 1 for evacuation
[2020-09-11T14:50:10.307+0000][1][gc,age       ] GC(0) Desired survivor size 4358144 bytes, new threshold 1 (max threshold 6)
[2020-09-11T14:50:10.307+0000][1][gc,age       ] GC(0) Age table with threshold 1 (max threshold 6)
[2020-09-11T14:50:10.307+0000][1][gc,age       ] GC(0) - age   1:    6440256 bytes,    6440256 total
[2020-09-11T14:50:10.308+0000][1][gc,heap      ] GC(0) ParNew: 68160K->6320K(76672K)
[2020-09-11T14:50:10.308+0000][1][gc,heap      ] GC(0) CMS: 0K->0K(2011968K)
[2020-09-11T14:50:10.308+0000][1][gc,metaspace ] GC(0) Metaspace: 13632K->13632K(1060864K)
[2020-09-11T14:50:10.308+0000][1][gc           ] GC(0) Pause Young (Allocation Failure) 66M->6M(2039M) 27.307ms
[2020-09-11T14:50:10.308+0000][1][gc,cpu       ] GC(0) User=0.02s Sys=0.00s Real=0.03s
[2020-09-11T14:50:10.311+0000][1][safepoint    ] Safepoint "GenCollectForAllocation", Time since last: 795702188 ns, Reaching safepoint: 209465 ns, At safepoint: 31081803 ns, Total: 31291268 ns
[2020-09-11T14:50:10.318+0000][1][safepoint    ] Safepoint "RevokeBias", Time since last: 6205069 ns, Reaching safepoint: 99522 ns, At safepoint: 45721 ns, Total: 145243 ns
[2020-09-11T14:50:10.318+0000][1][safepoint    ] Safepoint "RevokeBias", Time since last: 92751 ns, Reaching safepoint: 91805 ns, At safepoint: 26760 ns, Total: 118565 ns
[2020-09-11T14:50:10.318+0000][1][safepoint    ] Safepoint "RevokeBias", Time since last: 49594 ns, Reaching safepoint: 203047 ns, At safepoint: 35923 ns, Total: 238970 ns
[2020-09-11T14:50:10.318+0000][1][safepoint    ] Safepoint "RevokeBias", Time since last: 36561 ns, Reaching safepoint: 152937 ns, At safepoint: 27227 ns, Total: 180164 ns
[2020-09-11T14:50:10.319+0000][1][safepoint    ] Safepoint "RevokeBias", Time since last: 35440 ns, Reaching safepoint: 117618 ns, At safepoint: 26252 ns, Total: 143870 ns
[2020-09-11T14:50:10.319+0000][1][safepoint    ] Safepoint "RevokeBias", Time since last: 24540 ns, Reaching safepoint: 126416 ns, At safepoint: 24144 ns, Total: 150560 ns
[2020-09-11T14:50:10.319+0000][1][safepoint    ] Safepoint "RevokeBias", Time since last: 30310 ns, Reaching safepoint: 120524 ns, At safepoint: 26859 ns, Total: 147383 ns
[2020-09-11T14:50:10.320+0000][1][safepoint    ] Safepoint "RevokeBias", Time since last: 481403 ns, Reaching safepoint: 127369 ns, At safepoint: 27368 ns, Total: 154737 ns
[2020-09-11T14:50:10.320+0000][1][safepoint    ] Safepoint "RevokeBias", Time since last: 33574 ns, Reaching safepoint: 128160 ns, At safepoint: 24055 ns, Total: 152215 ns
[2020-09-11T14:50:10.320+0000][1][safepoint    ] Safepoint "RevokeBias", Time since last: 22524 ns, Reaching safepoint: 114672 ns, At safepoint: 37985 ns, Total: 152657 ns
[2020-09-11T14:50:10.320+0000][1][safepoint    ] Safepoint "RevokeBias", Time since last: 28128 ns, Reaching safepoint: 232251 ns, At safepoint: 23451 ns, Total: 255702 ns
[2020-09-11T14:50:10.320+0000][1][safepoint    ] Safepoint "RevokeBias", Time since last: 23561 ns, Reaching safepoint: 114573 ns, At safepoint: 34417 ns, Total: 148990 ns
[2020-09-11T14:50:10.321+0000][1][safepoint    ] Safepoint "RevokeBias", Time since last: 28164 ns, Reaching safepoint: 124262 ns, At safepoint: 866566 ns, Total: 990828 ns
[2020-09-11T14:50:10.322+0000][1][safepoint    ] Safepoint "RevokeBias", Time since last: 28053 ns, Reaching safepoint: 83368 ns, At safepoint: 44588 ns, Total: 127956 ns
[2020-09-11T14:50:10.322+0000][1][safepoint    ] Safepoint "RevokeBias", Time since last: 58502 ns, Reaching safepoint: 82978 ns, At safepoint: 26426 ns, Total: 109404 ns
[2020-09-11T14:50:10.324+0000][1][safepoint    ] Safepoint "RevokeBias", Time since last: 23729 ns, Reaching safepoint: 2119055 ns, At safepoint: 21191 ns, Total: 2140246 ns
[2020-09-11T14:50:10.324+0000][1][safepoint    ] Safepoint "RevokeBias", Time since last: 184921 ns, Reaching safepoint: 79812 ns, At safepoint: 18018 ns, Total: 97830 ns
[2020-09-11T14:50:10.324+0000][1][safepoint    ] Safepoint "RevokeBias", Time since last: 29601 ns, Reaching safepoint: 119834 ns, At safepoint: 32744 ns, Total: 152578 ns
[2020-09-11T14:50:10.338+0000][1][safepoint    ] Safepoint "RevokeBias", Time since last: 13165961 ns, Reaching safepoint: 41350 ns, At safepoint: 46511 ns, Total: 87861 ns
[2020-09-11T14:50:10.338+0000][1][safepoint    ] Safepoint "RevokeBias", Time since last: 53624 ns, Reaching safepoint: 14012 ns, At safepoint: 31030 ns, Total: 45042 ns
[2020-09-11T14:50:10.338+0000][1][safepoint    ] Safepoint "RevokeBias", Time since last: 72493 ns, Reaching safepoint: 12585 ns, At safepoint: 29586 ns, Total: 42171 ns
[2020-09-11T14:50:10.338+0000][1][safepoint    ] Safepoint "RevokeBias", Time since last: 23621 ns, Reaching safepoint: 9536 ns, At safepoint: 26711 ns, Total: 36247 ns
[2020-09-11T14:50:10.338+0000][1][safepoint    ] Safepoint "RevokeBias", Time since last: 86961 ns, Reaching safepoint: 9708 ns, At safepoint: 26583 ns, Total: 36291 ns
[2020-09-11T14:50:10.339+0000][1][safepoint    ] Safepoint "RevokeBias", Time since last: 21926 ns, Reaching safepoint: 8445 ns, At safepoint: 1372846 ns, Total: 1381291 ns
[2020-09-11T14:50:10.339+0000][1][safepoint    ] Safepoint "RevokeBias", Time since last: 43874 ns, Reaching safepoint: 12263 ns, At safepoint: 33104 ns, Total: 45367 ns
[2020-09-11T14:50:10.340+0000][1][safepoint    ] Safepoint "RevokeBias", Time since last: 23143 ns, Reaching safepoint: 9330 ns, At safepoint: 28818 ns, Total: 38148 ns
[2020-09-11T14:50:10.340+0000][1][safepoint    ] Safepoint "RevokeBias", Time since last: 33587 ns, Reaching safepoint: 9361 ns, At safepoint: 26476 ns, Total: 35837 ns
[2020-09-11T14:50:10.340+0000][1][safepoint    ] Safepoint "RevokeBias", Time since last: 21572 ns, Reaching safepoint: 8357 ns, At safepoint: 24592 ns, Total: 32949 ns
[2020-09-11T14:50:10.341+0000][1][safepoint    ] Safepoint "RevokeBias", Time since last: 1173252 ns, Reaching safepoint: 12560 ns, At safepoint: 30370 ns, Total: 42930 ns
[2020-09-11T14:50:10.341+0000][1][safepoint    ] Safepoint "RevokeBias", Time since last: 28238 ns, Reaching safepoint: 8578 ns, At safepoint: 24554 ns, Total: 33132 ns
[2020-09-11T14:50:10.383+0000][1][safepoint    ] Safepoint "Deoptimize", Time since last: 41429992 ns, Reaching safepoint: 146379 ns, At safepoint: 184606 ns, Total: 330985 ns
[2020-09-11T14:50:10.730+0000][1][safepoint    ] Safepoint "RevokeBias", Time since last: 347283191 ns, Reaching safepoint: 124684 ns, At safepoint: 32966 ns, Total: 157650 ns
[2020-09-11T14:50:11.219+0000][1][safepoint    ] Safepoint "Deoptimize", Time since last: 488755081 ns, Reaching safepoint: 136424 ns, At safepoint: 170308 ns, Total: 306732 ns
[2020-09-11T14:50:11.407+0000][1][gc,start     ] GC(1) Pause Young (Allocation Failure)
[2020-09-11T14:50:11.407+0000][1][gc,task      ] GC(1) Using 1 workers of 1 for evacuation
[2020-09-11T14:50:11.457+0000][1][gc,age       ] GC(1) Desired survivor size 4358144 bytes, new threshold 6 (max threshold 6)
[2020-09-11T14:50:11.457+0000][1][gc,age       ] GC(1) Age table with threshold 6 (max threshold 6)
[2020-09-11T14:50:11.457+0000][1][gc,age       ] GC(1) - age   1:    3847224 bytes,    3847224 total
[2020-09-11T14:50:11.457+0000][1][gc,heap      ] GC(1) ParNew: 74480K->4208K(76672K)
[2020-09-11T14:50:11.457+0000][1][gc,heap      ] GC(1) CMS: 0K->6833K(2011968K)
[2020-09-11T14:50:11.457+0000][1][gc,metaspace ] GC(1) Metaspace: 18821K->18821K(1067008K)
[2020-09-11T14:50:11.457+0000][1][gc           ] GC(1) Pause Young (Allocation Failure) 72M->10M(2039M) 50.468ms
[2020-09-11T14:50:11.457+0000][1][gc,cpu       ] GC(1) User=0.05s Sys=0.00s Real=0.05s
[2020-09-11T14:50:11.457+0000][1][safepoint    ] Safepoint "GenCollectForAllocation", Time since last: 187488537 ns, Reaching safepoint: 166061 ns, At safepoint: 50532150 ns, Total: 50698211 ns
[2020-09-11T14:50:11.461+0000][1][safepoint    ] Safepoint "BulkRevokeBias", Time since last: 3531535 ns, Reaching safepoint: 98590 ns, At safepoint: 96381 ns, Total: 194971 ns
[2020-09-11T14:50:11.461+0000][1][safepoint    ] Safepoint "RevokeBias", Time since last: 77858 ns, Reaching safepoint: 129591 ns, At safepoint: 36914 ns, Total: 166505 ns
[2020-09-11T14:50:11.462+0000][1][safepoint    ] Safepoint "RevokeBias", Time since last: 37738 ns, Reaching safepoint: 131663 ns, At safepoint: 34317 ns, Total: 165980 ns
[2020-09-11T14:50:11.463+0000][1][safepoint    ] Safepoint "RevokeBias", Time since last: 30777 ns, Reaching safepoint: 127288 ns, At safepoint: 855749 ns, Total: 983037 ns
[2020-09-11T14:50:11.463+0000][1][safepoint    ] Safepoint "RevokeBias", Time since last: 39689 ns, Reaching safepoint: 136630 ns, At safepoint: 401510 ns, Total: 538140 ns
[2020-09-11T14:50:11.463+0000][1][safepoint    ] Safepoint "RevokeBias", Time since last: 47088 ns, Reaching safepoint: 129823 ns, At safepoint: 96045 ns, Total: 225868 ns
[2020-09-11T14:50:11.464+0000][1][safepoint    ] Safepoint "RevokeBias", Time since last: 26851 ns, Reaching safepoint: 137107 ns, At safepoint: 60136 ns, Total: 197243 ns
[2020-09-11T14:50:11.464+0000][1][safepoint    ] Safepoint "BulkRevokeBias", Time since last: 30373 ns, Reaching safepoint: 130580 ns, At safepoint: 89463 ns, Total: 220043 ns
[2020-09-11T14:50:11.464+0000][1][safepoint    ] Safepoint "BulkRevokeBias", Time since last: 23888 ns, Reaching safepoint: 132321 ns, At safepoint: 79653 ns, Total: 211974 ns
[2020-09-11T14:50:11.474+0000][1][safepoint    ] Safepoint "Deoptimize", Time since last: 9852176 ns, Reaching safepoint: 145487 ns, At safepoint: 217478 ns, Total: 362965 ns
[2020-09-11T14:50:11.484+0000][1][safepoint    ] Safepoint "Deoptimize", Time since last: 9598230 ns, Reaching safepoint: 146288 ns, At safepoint: 190821 ns, Total: 337109 ns
[2020-09-11T14:50:11.758+0000][1][safepoint    ] Safepoint "Deoptimize", Time since last: 273204685 ns, Reaching safepoint: 160701 ns, At safepoint: 185806 ns, Total: 346507 ns
[2020-09-11T14:50:11.758+0000][1][safepoint    ] Safepoint "RevokeBias", Time since last: 414537 ns, Reaching safepoint: 138819 ns, At safepoint: 39204 ns, Total: 178023 ns
[2020-09-11T14:50:11.760+0000][1][safepoint    ] Safepoint "Deoptimize", Time since last: 841734 ns, Reaching safepoint: 147533 ns, At safepoint: 183526 ns, Total: 331059 ns
[2020-09-11T14:50:12.160+0000][1][gc,start     ] GC(2) Pause Young (Allocation Failure)
[2020-09-11T14:50:12.160+0000][1][gc,task      ] GC(2) Using 1 workers of 1 for evacuation
[2020-09-11T14:50:12.196+0000][1][gc,age       ] GC(2) Desired survivor size 4358144 bytes, new threshold 6 (max threshold 6)
[2020-09-11T14:50:12.196+0000][1][gc,age       ] GC(2) Age table with threshold 6 (max threshold 6)
[2020-09-11T14:50:12.196+0000][1][gc,age       ] GC(2) - age   1:     485824 bytes,     485824 total
[2020-09-11T14:50:12.196+0000][1][gc,age       ] GC(2) - age   2:    3805968 bytes,    4291792 total
[2020-09-11T14:50:12.196+0000][1][gc,heap      ] GC(2) ParNew: 72368K->7753K(76672K)
[2020-09-11T14:50:12.196+0000][1][gc,heap      ] GC(2) CMS: 6833K->6833K(2011968K)
[2020-09-11T14:50:12.196+0000][1][gc,metaspace ] GC(2) Metaspace: 20081K->20081K(1067008K)
[2020-09-11T14:50:12.196+0000][1][gc           ] GC(2) Pause Young (Allocation Failure) 77M->14M(2039M) 36.363ms
[2020-09-11T14:50:12.196+0000][1][gc,cpu       ] GC(2) User=0.03s Sys=0.00s Real=0.04s
[2020-09-11T14:50:12.196+0000][1][safepoint    ] Safepoint "GenCollectForAllocation", Time since last: 399779615 ns, Reaching safepoint: 132455 ns, At safepoint: 36422357 ns, Total: 36554812 ns
[2020-09-11T14:50:12.208+0000][1][safepoint    ] Safepoint "RevokeBias", Time since last: 11453701 ns, Reaching safepoint: 102525 ns, At safepoint: 50511 ns, Total: 153036 ns
[2020-09-11T14:50:12.209+0000][1][safepoint    ] Safepoint "RevokeBias", Time since last: 958723 ns, Reaching safepoint: 83864 ns, At safepoint: 25816 ns, Total: 109680 ns
[2020-09-11T14:50:12.209+0000][1][safepoint    ] Safepoint "RevokeBias", Time since last: 114944 ns, Reaching safepoint: 79243 ns, At safepoint: 15973 ns, Total: 95216 ns
[2020-09-11T14:50:12.209+0000][1][safepoint    ] Safepoint "RevokeBias", Time since last: 32267 ns, Reaching safepoint: 78718 ns, At safepoint: 25645 ns, Total: 104363 ns
[2020-09-11T14:50:12.209+0000][1][safepoint    ] Safepoint "RevokeBias", Time since last: 30530 ns, Reaching safepoint: 78575 ns, At safepoint: 25350 ns, Total: 103925 ns
[2020-09-11T14:50:12.210+0000][1][safepoint    ] Safepoint "RevokeBias", Time since last: 341251 ns, Reaching safepoint: 82518 ns, At safepoint: 18302 ns, Total: 100820 ns
[2020-09-11T14:50:12.212+0000][1][safepoint    ] Safepoint "RevokeBias", Time since last: 1882232 ns, Reaching safepoint: 88871 ns, At safepoint: 23224 ns, Total: 112095 ns
[2020-09-11T14:50:12.212+0000][1][safepoint    ] Safepoint "RevokeBias", Time since last: 59984 ns, Reaching safepoint: 78766 ns, At safepoint: 16796 ns, Total: 95562 ns
[2020-09-11T14:50:12.456+0000][1][gc,start     ] GC(3) Pause Young (Allocation Failure)
[2020-09-11T14:50:12.456+0000][1][gc,task      ] GC(3) Using 1 workers of 1 for evacuation
[2020-09-11T14:50:12.486+0000][1][gc,age       ] GC(3) Desired survivor size 4358144 bytes, new threshold 3 (max threshold 6)
[2020-09-11T14:50:12.486+0000][1][gc,age       ] GC(3) Age table with threshold 3 (max threshold 6)
[2020-09-11T14:50:12.486+0000][1][gc,age       ] GC(3) - age   1:    2027216 bytes,    2027216 total
[2020-09-11T14:50:12.486+0000][1][gc,age       ] GC(3) - age   2:     458152 bytes,    2485368 total
[2020-09-11T14:50:12.486+0000][1][gc,age       ] GC(3) - age   3:    3799672 bytes,    6285040 total
[2020-09-11T14:50:12.486+0000][1][gc,heap      ] GC(3) ParNew: 75913K->7602K(76672K)
[2020-09-11T14:50:12.486+0000][1][gc,heap      ] GC(3) CMS: 6833K->6833K(2011968K)
[2020-09-11T14:50:12.486+0000][1][gc,metaspace ] GC(3) Metaspace: 20335K->20335K(1067008K)
[2020-09-11T14:50:12.486+0000][1][gc           ] GC(3) Pause Young (Allocation Failure) 80M->14M(2039M) 30.276ms
[2020-09-11T14:50:12.486+0000][1][gc,cpu       ] GC(3) User=0.03s Sys=0.00s Real=0.03s
[2020-09-11T14:50:12.491+0000][1][safepoint    ] Safepoint "GenCollectForAllocation", Time since last: 243706526 ns, Reaching safepoint: 124773 ns, At safepoint: 35722139 ns, Total: 35846912 ns
[2020-09-11T14:50:12.495+0000][1][safepoint    ] Safepoint "RevokeBias", Time since last: 3691921 ns, Reaching safepoint: 209829 ns, At safepoint: 27595 ns, Total: 237424 ns
[2020-09-11T14:50:12.496+0000][1][safepoint    ] Safepoint "RevokeBias", Time since last: 562799 ns, Reaching safepoint: 119787 ns, At safepoint: 24576 ns, Total: 144363 ns
[2020-09-11T14:50:12.496+0000][1][safepoint    ] Safepoint "RevokeBias", Time since last: 40852 ns, Reaching safepoint: 123163 ns, At safepoint: 23019 ns, Total: 146182 ns
[2020-09-11T14:50:12.496+0000][1][safepoint    ] Safepoint "RevokeBias", Time since last: 28955 ns, Reaching safepoint: 131406 ns, At safepoint: 25608 ns, Total: 157014 ns
[2020-09-11T14:50:12.496+0000][1][safepoint    ] Safepoint "RevokeBias", Time since last: 36619 ns, Reaching safepoint: 126643 ns, At safepoint: 30307 ns, Total: 156950 ns
[2020-09-11T14:50:12.497+0000][1][safepoint    ] Safepoint "RevokeBias", Time since last: 23550 ns, Reaching safepoint: 125926 ns, At safepoint: 22112 ns, Total: 148038 ns
[2020-09-11T14:50:12.498+0000][1][safepoint    ] Safepoint "RevokeBias", Time since last: 278976 ns, Reaching safepoint: 120090 ns, At safepoint: 541454 ns, Total: 661544 ns
[2020-09-11T14:50:12.498+0000][1][safepoint    ] Safepoint "RevokeBias", Time since last: 30800 ns, Reaching safepoint: 123497 ns, At safepoint: 368682 ns, Total: 492179 ns
[2020-09-11T14:50:12.672+0000][1][safepoint    ] Safepoint "CollectForMetadataAllocation", Time since last: 173328461 ns, Reaching safepoint: 115838 ns, At safepoint: 130681 ns, Total: 246519 ns
[2020-09-11T14:50:12.720+0000][1][safepoint    ] Safepoint "CollectForMetadataAllocation", Time since last: 47748836 ns, Reaching safepoint: 110295 ns, At safepoint: 122385 ns, Total: 232680 ns
[2020-09-11T14:50:12.744+0000][1][safepoint    ] Safepoint "RevokeBias", Time since last: 23754949 ns, Reaching safepoint: 105980 ns, At safepoint: 15635 ns, Total: 121615 ns
[2020-09-11T14:50:12.784+0000][1][gc,start     ] GC(4) Pause Young (Allocation Failure)
[2020-09-11T14:50:12.784+0000][1][gc,task      ] GC(4) Using 1 workers of 1 for evacuation
[2020-09-11T14:50:12.805+0000][1][gc,age       ] GC(4) Desired survivor size 4358144 bytes, new threshold 6 (max threshold 6)
[2020-09-11T14:50:12.805+0000][1][gc,age       ] GC(4) Age table with threshold 6 (max threshold 6)
[2020-09-11T14:50:12.805+0000][1][gc,age       ] GC(4) - age   1:    1760200 bytes,    1760200 total
[2020-09-11T14:50:12.805+0000][1][gc,age       ] GC(4) - age   2:     344616 bytes,    2104816 total
[2020-09-11T14:50:12.805+0000][1][gc,age       ] GC(4) - age   3:     458056 bytes,    2562872 total
[2020-09-11T14:50:12.805+0000][1][gc,heap      ] GC(4) ParNew: 75762K->5236K(76672K)
[2020-09-11T14:50:12.805+0000][1][gc,heap      ] GC(4) CMS: 6833K->10573K(2011968K)
[2020-09-11T14:50:12.805+0000][1][gc,metaspace ] GC(4) Metaspace: 20894K->20894K(1069056K)
[2020-09-11T14:50:12.805+0000][1][gc           ] GC(4) Pause Young (Allocation Failure) 80M->15M(2039M) 20.491ms
[2020-09-11T14:50:12.805+0000][1][gc,cpu       ] GC(4) User=0.02s Sys=0.00s Real=0.02s
[2020-09-11T14:50:12.811+0000][1][safepoint    ] Safepoint "GenCollectForAllocation", Time since last: 40651732 ns, Reaching safepoint: 91526 ns, At safepoint: 27147333 ns, Total: 27238859 ns
[2020-09-11T14:50:12.815+0000][1][gc,start     ] GC(5) Pause Initial Mark
[2020-09-11T14:50:12.817+0000][1][gc           ] GC(5) Pause Initial Mark 20M->20M(2039M) 1.939ms
[2020-09-11T14:50:12.817+0000][1][gc,cpu       ] GC(5) User=0.00s Sys=0.00s Real=0.01s
[2020-09-11T14:50:12.823+0000][1][safepoint    ] Safepoint "CMS_Initial_Mark", Time since last: 3470616 ns, Reaching safepoint: 98328 ns, At safepoint: 8438719 ns, Total: 8537047 ns
[2020-09-11T14:50:12.824+0000][1][gc           ] GC(5) Concurrent Mark
[2020-09-11T14:50:12.848+0000][1][safepoint    ] Safepoint "RevokeBias", Time since last: 3970463 ns, Reaching safepoint: 20082789 ns, At safepoint: 39473 ns, Total: 20122262 ns
[2020-09-11T14:50:12.849+0000][1][safepoint    ] Safepoint "RevokeBias", Time since last: 1640098 ns, Reaching safepoint: 131217 ns, At safepoint: 28467 ns, Total: 159684 ns
[2020-09-11T14:50:12.849+0000][1][safepoint    ] Safepoint "RevokeBias", Time since last: 31380 ns, Reaching safepoint: 83567 ns, At safepoint: 24763 ns, Total: 108330 ns
[2020-09-11T14:50:12.850+0000][1][safepoint    ] Safepoint "RevokeBias", Time since last: 29363 ns, Reaching safepoint: 122209 ns, At safepoint: 21630 ns, Total: 143839 ns
[2020-09-11T14:50:12.850+0000][1][safepoint    ] Safepoint "RevokeBias", Time since last: 23821 ns, Reaching safepoint: 78688 ns, At safepoint: 23489 ns, Total: 102177 ns
[2020-09-11T14:50:12.886+0000][1][gc           ] GC(5) Concurrent Mark 62.657ms
[2020-09-11T14:50:12.886+0000][1][gc,cpu       ] GC(5) User=0.05s Sys=0.01s Real=0.06s
[2020-09-11T14:50:12.886+0000][1][gc           ] GC(5) Concurrent Preclean
[2020-09-11T14:50:12.893+0000][1][gc           ] GC(5) Concurrent Preclean 6.360ms
[2020-09-11T14:50:12.893+0000][1][gc,cpu       ] GC(5) User=0.00s Sys=0.00s Real=0.00s
[2020-09-11T14:50:12.893+0000][1][gc           ] GC(5) Concurrent Abortable Preclean
[2020-09-11T14:50:12.985+0000][1][safepoint    ] Safepoint "RevokeBias", Time since last: 134682522 ns, Reaching safepoint: 104380 ns, At safepoint: 16293 ns, Total: 120673 ns
[2020-09-11T14:50:12.996+0000][1][safepoint    ] Safepoint "Deoptimize", Time since last: 6826227 ns, Reaching safepoint: 4079013 ns, At safepoint: 211676 ns, Total: 4290689 ns
[2020-09-11T14:50:13.012+0000][1][safepoint    ] Safepoint "CollectForMetadataAllocation", Time since last: 11740771 ns, Reaching safepoint: 4193383 ns, At safepoint: 71472 ns, Total: 4264855 ns
[2020-09-11T14:50:13.015+0000][1][safepoint    ] Safepoint "RevokeBias", Time since last: 3275746 ns, Reaching safepoint: 95279 ns, At safepoint: 27146 ns, Total: 122425 ns
[2020-09-11T14:50:13.050+0000][1][safepoint    ] Safepoint "RevokeBias", Time since last: 34390841 ns, Reaching safepoint: 91373 ns, At safepoint: 30979 ns, Total: 122352 ns
[2020-09-11T14:50:13.068+0000][1][safepoint    ] Safepoint "RevokeBias", Time since last: 13969182 ns, Reaching safepoint: 3895180 ns, At safepoint: 36231 ns, Total: 3931411 ns
[2020-09-11T14:50:13.075+0000][1][safepoint    ] Safepoint "RevokeBias", Time since last: 7280261 ns, Reaching safepoint: 97503 ns, At safepoint: 31768 ns, Total: 129271 ns
[2020-09-11T14:50:13.087+0000][1][safepoint    ] Safepoint "RevokeBias", Time since last: 9961836 ns, Reaching safepoint: 2562163 ns, At safepoint: 32011 ns, Total: 2594174 ns
[2020-09-11T14:50:13.093+0000][1][safepoint    ] Safepoint "RevokeBias", Time since last: 5188156 ns, Reaching safepoint: 32380 ns, At safepoint: 25389 ns, Total: 57769 ns
[2020-09-11T14:50:13.117+0000][1][safepoint    ] Safepoint "RevokeBias", Time since last: 23798619 ns, Reaching safepoint: 92357 ns, At safepoint: 29989 ns, Total: 122346 ns
[2020-09-11T14:50:13.132+0000][1][safepoint    ] Safepoint "Deoptimize", Time since last: 10779679 ns, Reaching safepoint: 4074295 ns, At safepoint: 219267 ns, Total: 4293562 ns
[2020-09-11T14:50:13.147+0000][1][safepoint    ] Safepoint "RevokeBias", Time since last: 15255659 ns, Reaching safepoint: 103751 ns, At safepoint: 30721 ns, Total: 134472 ns
[2020-09-11T14:50:13.200+0000][1][gc,start     ] GC(6) Pause Young (Allocation Failure)
[2020-09-11T14:50:13.200+0000][1][gc,task      ] GC(6) Using 1 workers of 1 for evacuation
[2020-09-11T14:50:13.230+0000][1][gc,age       ] GC(6) Desired survivor size 4358144 bytes, new threshold 4 (max threshold 6)
[2020-09-11T14:50:13.230+0000][1][gc,age       ] GC(6) Age table with threshold 4 (max threshold 6)
[2020-09-11T14:50:13.230+0000][1][gc,age       ] GC(6) - age   1:    2314176 bytes,    2314176 total
[2020-09-11T14:50:13.230+0000][1][gc,age       ] GC(6) - age   2:    1253016 bytes,    3567192 total
[2020-09-11T14:50:13.230+0000][1][gc,age       ] GC(6) - age   3:     344616 bytes,    3911808 total
[2020-09-11T14:50:13.230+0000][1][gc,age       ] GC(6) - age   4:     458056 bytes,    4369864 total
[2020-09-11T14:50:13.230+0000][1][gc,heap      ] GC(6) ParNew: 73396K->4495K(76672K)
[2020-09-11T14:50:13.230+0000][1][gc,heap      ] GC(6) CMS: 10573K->10573K(2011968K)
[2020-09-11T14:50:13.230+0000][1][gc,metaspace ] GC(6) Metaspace: 21213K->21213K(1069056K)
[2020-09-11T14:50:13.230+0000][1][gc           ] GC(6) Pause Young (Allocation Failure) 82M->14M(2039M) 30.791ms
[2020-09-11T14:50:13.230+0000][1][gc,cpu       ] GC(6) User=0.03s Sys=0.00s Real=0.03s
[2020-09-11T14:50:13.239+0000][1][safepoint    ] Safepoint "GenCollectForAllocation", Time since last: 52340960 ns, Reaching safepoint: 114551 ns, At safepoint: 39831129 ns, Total: 39945680 ns
[2020-09-11T14:50:13.247+0000][1][safepoint    ] Safepoint "RevokeBias", Time since last: 3810019 ns, Reaching safepoint: 4130087 ns, At safepoint: 44867 ns, Total: 4174954 ns
[2020-09-11T14:50:13.248+0000][1][safepoint    ] Safepoint "RevokeBias", Time since last: 79322 ns, Reaching safepoint: 79125 ns, At safepoint: 30476 ns, Total: 109601 ns
[2020-09-11T14:50:13.248+0000][1][safepoint    ] Safepoint "RevokeBias", Time since last: 37531 ns, Reaching safepoint: 77681 ns, At safepoint: 28561 ns, Total: 106242 ns
[2020-09-11T14:50:13.248+0000][1][safepoint    ] Safepoint "RevokeBias", Time since last: 23140 ns, Reaching safepoint: 77270 ns, At safepoint: 28846 ns, Total: 106116 ns
[2020-09-11T14:50:13.248+0000][1][safepoint    ] Safepoint "RevokeBias", Time since last: 26382 ns, Reaching safepoint: 77292 ns, At safepoint: 28790 ns, Total: 106082 ns
[2020-09-11T14:50:13.248+0000][1][safepoint    ] Safepoint "RevokeBias", Time since last: 22490 ns, Reaching safepoint: 76562 ns, At safepoint: 27123 ns, Total: 103685 ns
[2020-09-11T14:50:13.295+0000][1][safepoint    ] Safepoint "RevokeBias", Time since last: 47332191 ns, Reaching safepoint: 45581 ns, At safepoint: 28631 ns, Total: 74212 ns
[2020-09-11T14:50:13.304+0000][1][safepoint    ] Safepoint "RevokeBias", Time since last: 7945353 ns, Reaching safepoint: 52249 ns, At safepoint: 32465 ns, Total: 84714 ns
[2020-09-11T14:50:13.401+0000][1][safepoint    ] Safepoint "RevokeBias", Time since last: 97828370 ns, Reaching safepoint: 96260 ns, At safepoint: 27664 ns, Total: 123924 ns
[2020-09-11T14:50:13.424+0000][1][safepoint    ] Safepoint "RevokeBias", Time since last: 18619072 ns, Reaching safepoint: 3380773 ns, At safepoint: 34298 ns, Total: 3415071 ns
[2020-09-11T14:50:13.437+0000][1][safepoint    ] Safepoint "CollectForMetadataAllocation", Time since last: 13768352 ns, Reaching safepoint: 98344 ns, At safepoint: 107713 ns, Total: 206057 ns
[2020-09-11T14:50:13.438+0000][1][gc           ] GC(5) Concurrent Abortable Preclean 544.902ms
[2020-09-11T14:50:13.438+0000][1][gc,cpu       ] GC(5) User=0.53s Sys=0.00s Real=0.55s
[2020-09-11T14:50:13.438+0000][1][gc,start     ] GC(5) Pause Remark
[2020-09-11T14:50:13.484+0000][1][gc           ] GC(5) Pause Remark 66M->66M(2039M) 45.833ms
[2020-09-11T14:50:13.484+0000][1][gc,cpu       ] GC(5) User=0.05s Sys=0.00s Real=0.05s
[2020-09-11T14:50:13.487+0000][1][safepoint    ] Safepoint "CMS_Final_Remark", Time since last: 88455 ns, Reaching safepoint: 79698 ns, At safepoint: 49673573 ns, Total: 49753271 ns
[2020-09-11T14:50:13.487+0000][1][gc           ] GC(5) Concurrent Sweep
[2020-09-11T14:50:13.490+0000][1][gc           ] GC(5) Concurrent Sweep 2.866ms
[2020-09-11T14:50:13.490+0000][1][gc,cpu       ] GC(5) User=0.01s Sys=0.00s Real=0.00s
[2020-09-11T14:50:13.490+0000][1][gc           ] GC(5) Concurrent Reset
[2020-09-11T14:50:13.498+0000][1][gc           ] GC(5) Concurrent Reset 7.259ms
[2020-09-11T14:50:13.498+0000][1][gc,cpu       ] GC(5) User=0.00s Sys=0.00s Real=0.01s
[2020-09-11T14:50:13.498+0000][1][gc,heap      ] GC(5) Old: 10573K->10572K(2011968K)
[2020-09-11T14:50:13.532+0000][1][gc,start     ] GC(7) Pause Young (Allocation Failure)
[2020-09-11T14:50:13.532+0000][1][gc,task      ] GC(7) Using 1 workers of 1 for evacuation
[2020-09-11T14:50:13.553+0000][1][gc,age       ] GC(7) Desired survivor size 4358144 bytes, new threshold 6 (max threshold 6)
[2020-09-11T14:50:13.553+0000][1][gc,age       ] GC(7) Age table with threshold 6 (max threshold 6)
[2020-09-11T14:50:13.553+0000][1][gc,age       ] GC(7) - age   1:     965088 bytes,     965088 total
[2020-09-11T14:50:13.553+0000][1][gc,age       ] GC(7) - age   2:    1525888 bytes,    2490976 total
[2020-09-11T14:50:13.553+0000][1][gc,age       ] GC(7) - age   3:    1252472 bytes,    3743448 total
[2020-09-11T14:50:13.553+0000][1][gc,age       ] GC(7) - age   4:     344616 bytes,    4088064 total
[2020-09-11T14:50:13.553+0000][1][gc,heap      ] GC(7) ParNew: 72655K->7525K(76672K)
[2020-09-11T14:50:13.553+0000][1][gc,heap      ] GC(7) CMS: 10572K->11023K(2011968K)
[2020-09-11T14:50:13.553+0000][1][gc,metaspace ] GC(7) Metaspace: 21310K->21310K(1069056K)
[2020-09-11T14:50:13.553+0000][1][gc           ] GC(7) Pause Young (Allocation Failure) 81M->18M(2039M) 21.486ms
[2020-09-11T14:50:13.553+0000][1][gc,cpu       ] GC(7) User=0.02s Sys=0.00s Real=0.02s
[2020-09-11T14:50:13.557+0000][1][safepoint    ] Safepoint "GenCollectForAllocation", Time since last: 44113578 ns, Reaching safepoint: 384510 ns, At safepoint: 25547918 ns, Total: 25932428 ns
[2020-09-11T14:50:13.562+0000][1][safepoint    ] Safepoint "RevokeBias", Time since last: 3992877 ns, Reaching safepoint: 103278 ns, At safepoint: 44923 ns, Total: 148201 ns
[2020-09-11T14:50:13.562+0000][1][safepoint    ] Safepoint "RevokeBias", Time since last: 43162 ns, Reaching safepoint: 109467 ns, At safepoint: 19307 ns, Total: 128774 ns
[2020-09-11T14:50:13.562+0000][1][safepoint    ] Safepoint "RevokeBias", Time since last: 33187 ns, Reaching safepoint: 124845 ns, At safepoint: 29941 ns, Total: 154786 ns
[2020-09-11T14:50:13.562+0000][1][safepoint    ] Safepoint "RevokeBias", Time since last: 22889 ns, Reaching safepoint: 137014 ns, At safepoint: 31661 ns, Total: 168675 ns
[2020-09-11T14:50:13.577+0000][1][safepoint    ] Safepoint "RevokeBias", Time since last: 14555603 ns, Reaching safepoint: 92535 ns, At safepoint: 36414 ns, Total: 128949 ns
[2020-09-11T14:50:13.585+0000][1][safepoint    ] Safepoint "RevokeBias", Time since last: 8343552 ns, Reaching safepoint: 93719 ns, At safepoint: 30395 ns, Total: 124114 ns
[2020-09-11T14:50:13.591+0000][1][safepoint    ] Safepoint "RevokeBias", Time since last: 5799318 ns, Reaching safepoint: 93267 ns, At safepoint: 29082 ns, Total: 122349 ns
[2020-09-11T14:50:13.767+0000][1][gc,start     ] GC(8) Pause Young (Allocation Failure)
[2020-09-11T14:50:13.767+0000][1][gc,task      ] GC(8) Using 1 workers of 1 for evacuation
[2020-09-11T14:50:13.791+0000][1][gc,age       ] GC(8) Desired survivor size 4358144 bytes, new threshold 4 (max threshold 6)
[2020-09-11T14:50:13.791+0000][1][gc,age       ] GC(8) Age table with threshold 4 (max threshold 6)
[2020-09-11T14:50:13.791+0000][1][gc,age       ] GC(8) - age   1:    2129472 bytes,    2129472 total
[2020-09-11T14:50:13.791+0000][1][gc,age       ] GC(8) - age   2:     445720 bytes,    2575192 total
[2020-09-11T14:50:13.791+0000][1][gc,age       ] GC(8) - age   3:    1523952 bytes,    4099144 total
[2020-09-11T14:50:13.791+0000][1][gc,age       ] GC(8) - age   4:    1251816 bytes,    5350960 total
[2020-09-11T14:50:13.791+0000][1][gc,age       ] GC(8) - age   5:     344616 bytes,    5695576 total
[2020-09-11T14:50:13.791+0000][1][gc,heap      ] GC(8) ParNew: 75685K->7313K(76672K)
[2020-09-11T14:50:13.791+0000][1][gc,heap      ] GC(8) CMS: 11023K->11023K(2011968K)
[2020-09-11T14:50:13.791+0000][1][gc,metaspace ] GC(8) Metaspace: 21489K->21489K(1069056K)
[2020-09-11T14:50:13.791+0000][1][gc           ] GC(8) Pause Young (Allocation Failure) 84M->17M(2039M) 24.381ms
[2020-09-11T14:50:13.791+0000][1][gc,cpu       ] GC(8) User=0.03s Sys=0.00s Real=0.02s
[2020-09-11T14:50:13.799+0000][1][safepoint    ] Safepoint "GenCollectForAllocation", Time since last: 175630633 ns, Reaching safepoint: 92072 ns, At safepoint: 32558518 ns, Total: 32650590 ns
[2020-09-11T14:50:13.804+0000][1][safepoint    ] Safepoint "RevokeBias", Time since last: 4057781 ns, Reaching safepoint: 93324 ns, At safepoint: 30083 ns, Total: 123407 ns
[2020-09-11T14:50:13.806+0000][1][safepoint    ] Safepoint "RevokeBias", Time since last: 2051530 ns, Reaching safepoint: 91862 ns, At safepoint: 33194 ns, Total: 125056 ns
[2020-09-11T14:50:13.806+0000][1][safepoint    ] Safepoint "RevokeBias", Time since last: 62598 ns, Reaching safepoint: 79195 ns, At safepoint: 26529 ns, Total: 105724 ns
[2020-09-11T14:50:13.806+0000][1][safepoint    ] Safepoint "RevokeBias", Time since last: 28289 ns, Reaching safepoint: 77837 ns, At safepoint: 26008 ns, Total: 103845 ns
[2020-09-11T14:50:13.974+0000][1][gc,start     ] GC(9) Pause Young (Allocation Failure)
[2020-09-11T14:50:13.974+0000][1][gc,task      ] GC(9) Using 1 workers of 1 for evacuation
[2020-09-11T14:50:13.994+0000][1][gc,age       ] GC(9) Desired survivor size 4358144 bytes, new threshold 6 (max threshold 6)
[2020-09-11T14:50:13.994+0000][1][gc,age       ] GC(9) Age table with threshold 6 (max threshold 6)
[2020-09-11T14:50:13.994+0000][1][gc,age       ] GC(9) - age   1:     375560 bytes,     375560 total
[2020-09-11T14:50:13.994+0000][1][gc,age       ] GC(9) - age   2:     829168 bytes,    1204728 total
[2020-09-11T14:50:13.994+0000][1][gc,age       ] GC(9) - age   3:     445640 bytes,    1650368 total
[2020-09-11T14:50:13.994+0000][1][gc,age       ] GC(9) - age   4:    1523952 bytes,    3174320 total
[2020-09-11T14:50:13.994+0000][1][gc,heap      ] GC(9) ParNew: 75473K->4780K(76672K)
[2020-09-11T14:50:13.994+0000][1][gc,heap      ] GC(9) CMS: 11023K->12600K(2011968K)
[2020-09-11T14:50:13.994+0000][1][gc,metaspace ] GC(9) Metaspace: 21604K->21604K(1069056K)
[2020-09-11T14:50:13.994+0000][1][gc           ] GC(9) Pause Young (Allocation Failure) 84M->16M(2039M) 19.399ms
[2020-09-11T14:50:13.994+0000][1][gc,cpu       ] GC(9) User=0.02s Sys=0.00s Real=0.02s
[2020-09-11T14:50:13.999+0000][1][safepoint    ] Safepoint "GenCollectForAllocation", Time since last: 168029455 ns, Reaching safepoint: 106302 ns, At safepoint: 25216429 ns, Total: 25322731 ns
[2020-09-11T14:50:14.004+0000][1][safepoint    ] Safepoint "RevokeBias", Time since last: 4046446 ns, Reaching safepoint: 93691 ns, At safepoint: 25687 ns, Total: 119378 ns
[2020-09-11T14:50:14.004+0000][1][safepoint    ] Safepoint "RevokeBias", Time since last: 52937 ns, Reaching safepoint: 77354 ns, At safepoint: 17325 ns, Total: 94679 ns
[2020-09-11T14:50:14.004+0000][1][safepoint    ] Safepoint "RevokeBias", Time since last: 32725 ns, Reaching safepoint: 76676 ns, At safepoint: 18187 ns, Total: 94863 ns
[2020-09-11T14:50:14.004+0000][1][safepoint    ] Safepoint "RevokeBias", Time since last: 26606 ns, Reaching safepoint: 75433 ns, At safepoint: 17272 ns, Total: 92705 ns
[2020-09-11T14:50:14.004+0000][1][safepoint    ] Safepoint "RevokeBias", Time since last: 41406 ns, Reaching safepoint: 75768 ns, At safepoint: 16116 ns, Total: 91884 ns
[2020-09-11T14:50:14.004+0000][1][safepoint    ] Safepoint "RevokeBias", Time since last: 25541 ns, Reaching safepoint: 75371 ns, At safepoint: 16060 ns, Total: 91431 ns
[2020-09-11T14:50:14.044+0000][1][safepoint    ] Safepoint "RevokeBias", Time since last: 39194086 ns, Reaching safepoint: 111914 ns, At safepoint: 19308 ns, Total: 131222 ns
[2020-09-11T14:50:14.044+0000][1][safepoint    ] Safepoint "RevokeBias", Time since last: 510708 ns, Reaching safepoint: 12189 ns, At safepoint: 8946 ns, Total: 21135 ns
[2020-09-11T14:50:14.172+0000][1][gc,start     ] GC(10) Pause Young (Allocation Failure)
[2020-09-11T14:50:14.172+0000][1][gc,task      ] GC(10) Using 1 workers of 1 for evacuation
[2020-09-11T14:50:14.188+0000][1][gc,age       ] GC(10) Desired survivor size 4358144 bytes, new threshold 6 (max threshold 6)
[2020-09-11T14:50:14.188+0000][1][gc,age       ] GC(10) Age table with threshold 6 (max threshold 6)
[2020-09-11T14:50:14.188+0000][1][gc,age       ] GC(10) - age   1:     674712 bytes,     674712 total
[2020-09-11T14:50:14.188+0000][1][gc,age       ] GC(10) - age   2:     146816 bytes,     821528 total
[2020-09-11T14:50:14.188+0000][1][gc,age       ] GC(10) - age   3:     829168 bytes,    1650696 total
[2020-09-11T14:50:14.188+0000][1][gc,age       ] GC(10) - age   4:     445616 bytes,    2096312 total
[2020-09-11T14:50:14.188+0000][1][gc,age       ] GC(10) - age   5:    1523952 bytes,    3620264 total
[2020-09-11T14:50:14.188+0000][1][gc,heap      ] GC(10) ParNew: 72940K->7040K(76672K)
[2020-09-11T14:50:14.188+0000][1][gc,heap      ] GC(10) CMS: 12600K->12600K(2011968K)
[2020-09-11T14:50:14.188+0000][1][gc,metaspace ] GC(10) Metaspace: 21741K->21741K(1069056K)
[2020-09-11T14:50:14.188+0000][1][gc           ] GC(10) Pause Young (Allocation Failure) 83M->19M(2039M) 16.915ms
[2020-09-11T14:50:14.188+0000][1][gc,cpu       ] GC(10) User=0.01s Sys=0.00s Real=0.02s
[2020-09-11T14:50:14.195+0000][1][safepoint    ] Safepoint "GenCollectForAllocation", Time since last: 127335450 ns, Reaching safepoint: 106109 ns, At safepoint: 23886059 ns, Total: 23992168 ns
[2020-09-11T14:50:14.200+0000][1][safepoint    ] Safepoint "BulkRevokeBias", Time since last: 4051681 ns, Reaching safepoint: 95207 ns, At safepoint: 56920 ns, Total: 152127 ns
[2020-09-11T14:50:14.204+0000][1][safepoint    ] Safepoint "BulkRevokeBias", Time since last: 3787518 ns, Reaching safepoint: 767477 ns, At safepoint: 52312 ns, Total: 819789 ns
[2020-09-11T14:50:14.469+0000][1][gc,start     ] GC(11) Pause Young (Allocation Failure)
[2020-09-11T14:50:14.469+0000][1][gc,task      ] GC(11) Using 1 workers of 1 for evacuation
[2020-09-11T14:50:14.507+0000][1][gc,age       ] GC(11) Desired survivor size 4358144 bytes, new threshold 6 (max threshold 6)
[2020-09-11T14:50:14.507+0000][1][gc,age       ] GC(11) Age table with threshold 6 (max threshold 6)
[2020-09-11T14:50:14.507+0000][1][gc,age       ] GC(11) - age   1:    2433104 bytes,    2433104 total
[2020-09-11T14:50:14.507+0000][1][gc,age       ] GC(11) - age   2:     402816 bytes,    2835920 total
[2020-09-11T14:50:14.507+0000][1][gc,age       ] GC(11) - age   3:     146816 bytes,    2982736 total
[2020-09-11T14:50:14.507+0000][1][gc,age       ] GC(11) - age   4:     829168 bytes,    3811904 total
[2020-09-11T14:50:14.507+0000][1][gc,age       ] GC(11) - age   5:     445616 bytes,    4257520 total
[2020-09-11T14:50:14.511+0000][1][gc,age       ] GC(11) - age   6:    1523640 bytes,    5781160 total
[2020-09-11T14:50:14.511+0000][1][gc,heap      ] GC(11) ParNew: 75200K->6617K(76672K)
[2020-09-11T14:50:14.511+0000][1][gc,heap      ] GC(11) CMS: 12600K->12600K(2011968K)
[2020-09-11T14:50:14.511+0000][1][gc,metaspace ] GC(11) Metaspace: 22644K->22644K(1071104K)
[2020-09-11T14:50:14.511+0000][1][gc           ] GC(11) Pause Young (Allocation Failure) 85M->18M(2039M) 41.732ms
[2020-09-11T14:50:14.511+0000][1][gc,cpu       ] GC(11) User=0.04s Sys=0.00s Real=0.04s
[2020-09-11T14:50:14.511+0000][1][safepoint    ] Safepoint "GenCollectForAllocation", Time since last: 264650881 ns, Reaching safepoint: 101466 ns, At safepoint: 41802909 ns, Total: 41904375 ns
[2020-09-11T14:50:14.665+0000][1][gc,start     ] GC(12) Pause Young (Allocation Failure)
[2020-09-11T14:50:14.665+0000][1][gc,task      ] GC(12) Using 1 workers of 1 for evacuation
[2020-09-11T14:50:14.698+0000][1][gc,age       ] GC(12) Desired survivor size 4358144 bytes, new threshold 6 (max threshold 6)
[2020-09-11T14:50:14.698+0000][1][gc,age       ] GC(12) Age table with threshold 6 (max threshold 6)
[2020-09-11T14:50:14.698+0000][1][gc,age       ] GC(12) - age   1:     962144 bytes,     962144 total
[2020-09-11T14:50:14.698+0000][1][gc,age       ] GC(12) - age   2:     544184 bytes,    1506328 total
[2020-09-11T14:50:14.698+0000][1][gc,age       ] GC(12) - age   3:     402816 bytes,    1909144 total
[2020-09-11T14:50:14.698+0000][1][gc,age       ] GC(12) - age   4:     146712 bytes,    2055856 total
[2020-09-11T14:50:14.698+0000][1][gc,age       ] GC(12) - age   5:     829024 bytes,    2884880 total
[2020-09-11T14:50:14.698+0000][1][gc,age       ] GC(12) - age   6:     445472 bytes,    3330352 total
[2020-09-11T14:50:14.699+0000][1][gc,heap      ] GC(12) ParNew: 74777K->4785K(76672K)
[2020-09-11T14:50:14.699+0000][1][gc,heap      ] GC(12) CMS: 12600K->14100K(2011968K)
[2020-09-11T14:50:14.699+0000][1][gc,metaspace ] GC(12) Metaspace: 22668K->22668K(1071104K)
[2020-09-11T14:50:14.699+0000][1][gc           ] GC(12) Pause Young (Allocation Failure) 85M->18M(2039M) 33.782ms
[2020-09-11T14:50:14.699+0000][1][gc,cpu       ] GC(12) User=0.04s Sys=0.00s Real=0.03s
[2020-09-11T14:50:14.703+0000][1][safepoint    ] Safepoint "GenCollectForAllocation", Time since last: 153856352 ns, Reaching safepoint: 97886 ns, At safepoint: 38702294 ns, Total: 38800180 ns
[2020-09-11T14:50:14.856+0000][1][gc,start     ] GC(13) Pause Young (Allocation Failure)
[2020-09-11T14:50:14.856+0000][1][gc,task      ] GC(13) Using 1 workers of 1 for evacuation
[2020-09-11T14:50:14.882+0000][1][gc,age       ] GC(13) Desired survivor size 4358144 bytes, new threshold 6 (max threshold 6)
[2020-09-11T14:50:14.882+0000][1][gc,age       ] GC(13) Age table with threshold 6 (max threshold 6)
[2020-09-11T14:50:14.882+0000][1][gc,age       ] GC(13) - age   1:     128560 bytes,     128560 total
[2020-09-11T14:50:14.882+0000][1][gc,age       ] GC(13) - age   2:     203656 bytes,     332216 total
[2020-09-11T14:50:14.882+0000][1][gc,age       ] GC(13) - age   3:     544072 bytes,     876288 total
[2020-09-11T14:50:14.882+0000][1][gc,age       ] GC(13) - age   4:     402816 bytes,    1279104 total
[2020-09-11T14:50:14.882+0000][1][gc,age       ] GC(13) - age   5:     146712 bytes,    1425816 total
[2020-09-11T14:50:14.882+0000][1][gc,age       ] GC(13) - age   6:     829024 bytes,    2254840 total
[2020-09-11T14:50:14.882+0000][1][gc,heap      ] GC(13) ParNew: 72945K->3635K(76672K)
[2020-09-11T14:50:14.882+0000][1][gc,heap      ] GC(13) CMS: 14100K->14539K(2011968K)
[2020-09-11T14:50:14.882+0000][1][gc,metaspace ] GC(13) Metaspace: 22768K->22768K(1071104K)
[2020-09-11T14:50:14.882+0000][1][gc           ] GC(13) Pause Young (Allocation Failure) 85M->17M(2039M) 26.904ms
[2020-09-11T14:50:14.882+0000][1][gc,cpu       ] GC(13) User=0.03s Sys=0.00s Real=0.02s
[2020-09-11T14:50:14.887+0000][1][safepoint    ] Safepoint "GenCollectForAllocation", Time since last: 151960932 ns, Reaching safepoint: 114922 ns, At safepoint: 31876194 ns, Total: 31991116 ns
[2020-09-11T14:50:15.050+0000][1][gc,start     ] GC(14) Pause Young (Allocation Failure)
[2020-09-11T14:50:15.050+0000][1][gc,task      ] GC(14) Using 1 workers of 1 for evacuation
[2020-09-11T14:50:15.067+0000][1][gc,age       ] GC(14) Desired survivor size 4358144 bytes, new threshold 6 (max threshold 6)
[2020-09-11T14:50:15.067+0000][1][gc,age       ] GC(14) Age table with threshold 6 (max threshold 6)
[2020-09-11T14:50:15.067+0000][1][gc,age       ] GC(14) - age   1:    1068144 bytes,    1068144 total
[2020-09-11T14:50:15.067+0000][1][gc,age       ] GC(14) - age   2:     110080 bytes,    1178224 total
[2020-09-11T14:50:15.067+0000][1][gc,age       ] GC(14) - age   3:     203656 bytes,    1381880 total
[2020-09-11T14:50:15.067+0000][1][gc,age       ] GC(14) - age   4:     544072 bytes,    1925952 total
[2020-09-11T14:50:15.067+0000][1][gc,age       ] GC(14) - age   5:     402816 bytes,    2328768 total
[2020-09-11T14:50:15.067+0000][1][gc,age       ] GC(14) - age   6:     146712 bytes,    2475480 total
[2020-09-11T14:50:15.067+0000][1][gc,heap      ] GC(14) ParNew: 71795K->2560K(76672K)
[2020-09-11T14:50:15.067+0000][1][gc,heap      ] GC(14) CMS: 14539K->15354K(2011968K)
[2020-09-11T14:50:15.067+0000][1][gc,metaspace ] GC(14) Metaspace: 22846K->22846K(1071104K)
[2020-09-11T14:50:15.067+0000][1][gc           ] GC(14) Pause Young (Allocation Failure) 84M->17M(2039M) 16.556ms
[2020-09-11T14:50:15.067+0000][1][gc,cpu       ] GC(14) User=0.01s Sys=0.00s Real=0.02s
[2020-09-11T14:50:15.070+0000][1][safepoint    ] Safepoint "GenCollectForAllocation", Time since last: 162659482 ns, Reaching safepoint: 143096 ns, At safepoint: 19787305 ns, Total: 19930401 ns
[2020-09-11T14:50:15.232+0000][1][gc,start     ] GC(15) Pause Young (Allocation Failure)
[2020-09-11T14:50:15.232+0000][1][gc,task      ] GC(15) Using 1 workers of 1 for evacuation
[2020-09-11T14:50:15.249+0000][1][gc,age       ] GC(15) Desired survivor size 4358144 bytes, new threshold 6 (max threshold 6)
[2020-09-11T14:50:15.249+0000][1][gc,age       ] GC(15) Age table with threshold 6 (max threshold 6)
[2020-09-11T14:50:15.249+0000][1][gc,age       ] GC(15) - age   1:     938480 bytes,     938480 total
[2020-09-11T14:50:15.249+0000][1][gc,age       ] GC(15) - age   2:     308496 bytes,    1246976 total
[2020-09-11T14:50:15.249+0000][1][gc,age       ] GC(15) - age   3:     110080 bytes,    1357056 total
[2020-09-11T14:50:15.249+0000][1][gc,age       ] GC(15) - age   4:     203656 bytes,    1560712 total
[2020-09-11T14:50:15.249+0000][1][gc,age       ] GC(15) - age   5:     544072 bytes,    2104784 total
[2020-09-11T14:50:15.249+0000][1][gc,age       ] GC(15) - age   6:     402816 bytes,    2507600 total
[2020-09-11T14:50:15.249+0000][1][gc,heap      ] GC(15) ParNew: 70720K->2453K(76672K)
[2020-09-11T14:50:15.249+0000][1][gc,heap      ] GC(15) CMS: 15354K->15502K(2011968K)
[2020-09-11T14:50:15.249+0000][1][gc,metaspace ] GC(15) Metaspace: 22934K->22934K(1071104K)
[2020-09-11T14:50:15.249+0000][1][gc           ] GC(15) Pause Young (Allocation Failure) 84M->17M(2039M) 17.794ms
[2020-09-11T14:50:15.249+0000][1][gc,cpu       ] GC(15) User=0.02s Sys=0.00s Real=0.02s
[2020-09-11T14:50:15.255+0000][1][safepoint    ] Safepoint "GenCollectForAllocation", Time since last: 161416850 ns, Reaching safepoint: 105692 ns, At safepoint: 23899789 ns, Total: 24005481 ns
[2020-09-11T14:50:15.386+0000][1][gc,start     ] GC(16) Pause Young (Allocation Failure)
[2020-09-11T14:50:15.386+0000][1][gc,task      ] GC(16) Using 1 workers of 1 for evacuation
[2020-09-11T14:50:15.405+0000][1][gc,age       ] GC(16) Desired survivor size 4358144 bytes, new threshold 6 (max threshold 6)
[2020-09-11T14:50:15.405+0000][1][gc,age       ] GC(16) Age table with threshold 6 (max threshold 6)
[2020-09-11T14:50:15.405+0000][1][gc,age       ] GC(16) - age   1:    2118872 bytes,    2118872 total
[2020-09-11T14:50:15.405+0000][1][gc,age       ] GC(16) - age   2:     191608 bytes,    2310480 total
[2020-09-11T14:50:15.405+0000][1][gc,age       ] GC(16) - age   3:     308496 bytes,    2618976 total
[2020-09-11T14:50:15.405+0000][1][gc,age       ] GC(16) - age   4:     110080 bytes,    2729056 total
[2020-09-11T14:50:15.405+0000][1][gc,age       ] GC(16) - age   5:     203504 bytes,    2932560 total
[2020-09-11T14:50:15.405+0000][1][gc,age       ] GC(16) - age   6:     544072 bytes,    3476632 total
[2020-09-11T14:50:15.405+0000][1][gc,heap      ] GC(16) ParNew: 70613K->4899K(76672K)
[2020-09-11T14:50:15.405+0000][1][gc,heap      ] GC(16) CMS: 15502K->15900K(2011968K)
[2020-09-11T14:50:15.405+0000][1][gc,metaspace ] GC(16) Metaspace: 22950K->22950K(1071104K)
[2020-09-11T14:50:15.405+0000][1][gc           ] GC(16) Pause Young (Allocation Failure) 84M->20M(2039M) 18.982ms
[2020-09-11T14:50:15.405+0000][1][gc,cpu       ] GC(16) User=0.02s Sys=0.00s Real=0.02s
[2020-09-11T14:50:15.411+0000][1][safepoint    ] Safepoint "GenCollectForAllocation", Time since last: 130401468 ns, Reaching safepoint: 144614 ns, At safepoint: 25452946 ns, Total: 25597560 ns
[2020-09-11T14:50:15.454+0000][1][safepoint    ] Safepoint "Deoptimize", Time since last: 41726247 ns, Reaching safepoint: 150891 ns, At safepoint: 232478 ns, Total: 383369 ns
[2020-09-11T14:50:15.865+0000][1][safepoint    ] Safepoint "RevokeBias", Time since last: 411084730 ns, Reaching safepoint: 278526 ns, At safepoint: 17170 ns, Total: 295696 ns
[2020-09-11T14:50:16.262+0000][1][safepoint    ] Safepoint "Deoptimize", Time since last: 396497138 ns, Reaching safepoint: 119184 ns, At safepoint: 214807 ns, Total: 333991 ns
[2020-09-11T14:50:16.262+0000][1][safepoint    ] Safepoint "Deoptimize", Time since last: 344444 ns, Reaching safepoint: 82352 ns, At safepoint: 164237 ns, Total: 246589 ns
[2020-09-11T14:50:16.294+0000][1][safepoint    ] Safepoint "Deoptimize", Time since last: 30919683 ns, Reaching safepoint: 101940 ns, At safepoint: 217419 ns, Total: 319359 ns
[2020-09-11T14:50:16.636+0000][1][safepoint    ] Safepoint "RevokeBias", Time since last: 341840776 ns, Reaching safepoint: 245991 ns, At safepoint: 36884 ns, Total: 282875 ns
[2020-09-11T14:50:17.394+0000][1][gc,start     ] GC(17) Pause Young (Allocation Failure)
[2020-09-11T14:50:17.394+0000][1][gc,task      ] GC(17) Using 1 workers of 1 for evacuation
[2020-09-11T14:50:17.445+0000][1][gc,age       ] GC(17) Desired survivor size 4358144 bytes, new threshold 1 (max threshold 6)
[2020-09-11T14:50:17.445+0000][1][gc,age       ] GC(17) Age table with threshold 1 (max threshold 6)
[2020-09-11T14:50:17.445+0000][1][gc,age       ] GC(17) - age   1:    7733296 bytes,    7733296 total
[2020-09-11T14:50:17.445+0000][1][gc,age       ] GC(17) - age   2:      73088 bytes,    7806384 total
[2020-09-11T14:50:17.445+0000][1][gc,age       ] GC(17) - age   3:     191112 bytes,    7997496 total
[2020-09-11T14:50:17.445+0000][1][gc,age       ] GC(17) - age   4:     306200 bytes,    8303696 total
[2020-09-11T14:50:17.445+0000][1][gc,age       ] GC(17) - age   5:     109800 bytes,    8413496 total
[2020-09-11T14:50:17.445+0000][1][gc,age       ] GC(17) - age   6:     203504 bytes,    8617000 total
[2020-09-11T14:50:17.445+0000][1][gc,heap      ] GC(17) ParNew: 73059K->8512K(76672K)
[2020-09-11T14:50:17.445+0000][1][gc,heap      ] GC(17) CMS: 15900K->16438K(2011968K)
[2020-09-11T14:50:17.445+0000][1][gc,metaspace ] GC(17) Metaspace: 29679K->29679K(1077248K)
[2020-09-11T14:50:17.445+0000][1][gc           ] GC(17) Pause Young (Allocation Failure) 86M->24M(2039M) 51.390ms
[2020-09-11T14:50:17.445+0000][1][gc,cpu       ] GC(17) User=0.04s Sys=0.00s Real=0.06s
[2020-09-11T14:50:17.455+0000][1][safepoint    ] Safepoint "GenCollectForAllocation", Time since last: 758090001 ns, Reaching safepoint: 129463 ns, At safepoint: 61485085 ns, Total: 61614548 ns
[2020-09-11T14:50:18.460+0000][1][safepoint    ] Safepoint "Cleanup", Time since last: 1004377880 ns, Reaching safepoint: 119556 ns, At safepoint: 6805 ns, Total: 126361 ns
[2020-09-11T14:50:18.709+0000][1][gc,start     ] GC(18) Pause Young (Allocation Failure)
[2020-09-11T14:50:18.709+0000][1][gc,task      ] GC(18) Using 1 workers of 1 for evacuation
[2020-09-11T14:50:18.772+0000][1][gc,age       ] GC(18) Desired survivor size 4358144 bytes, new threshold 1 (max threshold 6)
[2020-09-11T14:50:18.772+0000][1][gc,age       ] GC(18) Age table with threshold 1 (max threshold 6)
[2020-09-11T14:50:18.772+0000][1][gc,age       ] GC(18) - age   1:    8716248 bytes,    8716248 total
[2020-09-11T14:50:18.772+0000][1][gc,heap      ] GC(18) ParNew: 76672K->8512K(76672K)
[2020-09-11T14:50:18.772+0000][1][gc,heap      ] GC(18) CMS: 16438K->25818K(2011968K)
[2020-09-11T14:50:18.772+0000][1][gc,metaspace ] GC(18) Metaspace: 29771K->29771K(1077248K)
[2020-09-11T14:50:18.772+0000][1][gc           ] GC(18) Pause Young (Allocation Failure) 90M->33M(2039M) 62.914ms
[2020-09-11T14:50:18.772+0000][1][gc,cpu       ] GC(18) User=0.06s Sys=0.00s Real=0.06s
[2020-09-11T14:50:18.777+0000][1][safepoint    ] Safepoint "GenCollectForAllocation", Time since last: 249261247 ns, Reaching safepoint: 104007 ns, At safepoint: 67625408 ns, Total: 67729415 ns
[2020-09-11T14:50:19.783+0000][1][safepoint    ] Safepoint "Cleanup", Time since last: 1003615639 ns, Reaching safepoint: 2122822 ns, At safepoint: 7352 ns, Total: 2130174 ns
[2020-09-11T14:50:19.812+0000][1][gc,start     ] GC(19) Pause Young (Allocation Failure)
[2020-09-11T14:50:19.812+0000][1][gc,task      ] GC(19) Using 1 workers of 1 for evacuation
[2020-09-11T14:50:19.861+0000][1][gc,age       ] GC(19) Desired survivor size 4358144 bytes, new threshold 1 (max threshold 6)
[2020-09-11T14:50:19.861+0000][1][gc,age       ] GC(19) Age table with threshold 1 (max threshold 6)
[2020-09-11T14:50:19.861+0000][1][gc,age       ] GC(19) - age   1:    8476520 bytes,    8476520 total
[2020-09-11T14:50:19.861+0000][1][gc,heap      ] GC(19) ParNew: 76672K->8512K(76672K)
[2020-09-11T14:50:19.861+0000][1][gc,heap      ] GC(19) CMS: 25818K->34315K(2011968K)
[2020-09-11T14:50:19.861+0000][1][gc,metaspace ] GC(19) Metaspace: 29922K->29922K(1077248K)
[2020-09-11T14:50:19.862+0000][1][gc           ] GC(19) Pause Young (Allocation Failure) 100M->41M(2039M) 49.979ms
[2020-09-11T14:50:19.862+0000][1][gc,cpu       ] GC(19) User=0.05s Sys=0.00s Real=0.05s
[2020-09-11T14:50:19.866+0000][1][safepoint    ] Safepoint "GenCollectForAllocation", Time since last: 28779118 ns, Reaching safepoint: 102554 ns, At safepoint: 54936069 ns, Total: 55038623 ns
[2020-09-11T14:50:20.161+0000][1][safepoint    ] Safepoint "RevokeBias", Time since last: 294423690 ns, Reaching safepoint: 119520 ns, At safepoint: 35942 ns, Total: 155462 ns
[2020-09-11T14:50:20.714+0000][1][gc,start     ] GC(20) Pause Young (Allocation Failure)
[2020-09-11T14:50:20.714+0000][1][gc,task      ] GC(20) Using 1 workers of 1 for evacuation
[2020-09-11T14:50:20.753+0000][1][gc,age       ] GC(20) Desired survivor size 4358144 bytes, new threshold 6 (max threshold 6)
[2020-09-11T14:50:20.753+0000][1][gc,age       ] GC(20) Age table with threshold 6 (max threshold 6)
[2020-09-11T14:50:20.754+0000][1][gc,age       ] GC(20) - age   1:    3712432 bytes,    3712432 total
[2020-09-11T14:50:20.754+0000][1][gc,heap      ] GC(20) ParNew: 76672K->8248K(76672K)
[2020-09-11T14:50:20.754+0000][1][gc,heap      ] GC(20) CMS: 34315K->41969K(2011968K)
[2020-09-11T14:50:20.754+0000][1][gc,metaspace ] GC(20) Metaspace: 32122K->32122K(1079296K)
[2020-09-11T14:50:20.754+0000][1][gc           ] GC(20) Pause Young (Allocation Failure) 108M->49M(2039M) 39.721ms
[2020-09-11T14:50:20.754+0000][1][gc,cpu       ] GC(20) User=0.04s Sys=0.00s Real=0.04s
[2020-09-11T14:50:20.759+0000][1][safepoint    ] Safepoint "GenCollectForAllocation", Time since last: 552673379 ns, Reaching safepoint: 130128 ns, At safepoint: 45581716 ns, Total: 45711844 ns
[2020-09-11T14:50:20.872+0000][1][safepoint    ] Safepoint "Deoptimize", Time since last: 112375198 ns, Reaching safepoint: 166208 ns, At safepoint: 289896 ns, Total: 456104 ns
[2020-09-11T14:50:21.484+0000][1][safepoint    ] Safepoint "RevokeBias", Time since last: 611324529 ns, Reaching safepoint: 121800 ns, At safepoint: 20457 ns, Total: 142257 ns
[2020-09-11T14:50:21.488+0000][1][safepoint    ] Safepoint "Deoptimize", Time since last: 3699077 ns, Reaching safepoint: 92740 ns, At safepoint: 276938 ns, Total: 369678 ns
[2020-09-11T14:50:21.776+0000][1][gc,start     ] GC(21) Pause Young (Allocation Failure)
[2020-09-11T14:50:21.776+0000][1][gc,task      ] GC(21) Using 1 workers of 1 for evacuation
[2020-09-11T14:50:21.814+0000][1][gc,age       ] GC(21) Desired survivor size 4358144 bytes, new threshold 2 (max threshold 6)
[2020-09-11T14:50:21.814+0000][1][gc,age       ] GC(21) Age table with threshold 2 (max threshold 6)
[2020-09-11T14:50:21.814+0000][1][gc,age       ] GC(21) - age   1:    1099096 bytes,    1099096 total
[2020-09-11T14:50:21.814+0000][1][gc,age       ] GC(21) - age   2:    3619072 bytes,    4718168 total
[2020-09-11T14:50:21.814+0000][1][gc,heap      ] GC(21) ParNew: 76408K->6843K(76672K)
[2020-09-11T14:50:21.814+0000][1][gc,heap      ] GC(21) CMS: 41969K->41969K(2011968K)
[2020-09-11T14:50:21.814+0000][1][gc,metaspace ] GC(21) Metaspace: 32426K->32426K(1079296K)
[2020-09-11T14:50:21.814+0000][1][gc           ] GC(21) Pause Young (Allocation Failure) 115M->47M(2039M) 38.431ms
[2020-09-11T14:50:21.814+0000][1][gc,cpu       ] GC(21) User=0.04s Sys=0.00s Real=0.03s
[2020-09-11T14:50:21.819+0000][1][safepoint    ] Safepoint "GenCollectForAllocation", Time since last: 287966048 ns, Reaching safepoint: 110245 ns, At safepoint: 43552213 ns, Total: 43662458 ns
[2020-09-11T14:50:22.104+0000][1][gc,start     ] GC(22) Pause Young (Allocation Failure)
[2020-09-11T14:50:22.104+0000][1][gc,task      ] GC(22) Using 1 workers of 1 for evacuation
[2020-09-11T14:50:22.128+0000][1][gc,age       ] GC(22) Desired survivor size 4358144 bytes, new threshold 6 (max threshold 6)
[2020-09-11T14:50:22.128+0000][1][gc,age       ] GC(22) Age table with threshold 6 (max threshold 6)
[2020-09-11T14:50:22.128+0000][1][gc,age       ] GC(22) - age   1:     249480 bytes,     249480 total
[2020-09-11T14:50:22.128+0000][1][gc,age       ] GC(22) - age   2:     439728 bytes,     689208 total
[2020-09-11T14:50:22.128+0000][1][gc,heap      ] GC(22) ParNew: 75003K->4311K(76672K)
[2020-09-11T14:50:22.128+0000][1][gc,heap      ] GC(22) CMS: 41969K->45520K(2011968K)
[2020-09-11T14:50:22.128+0000][1][gc,metaspace ] GC(22) Metaspace: 32436K->32436K(1079296K)
[2020-09-11T14:50:22.128+0000][1][gc           ] GC(22) Pause Young (Allocation Failure) 114M->48M(2039M) 24.821ms
[2020-09-11T14:50:22.128+0000][1][gc,cpu       ] GC(22) User=0.03s Sys=0.00s Real=0.02s
[2020-09-11T14:50:22.132+0000][1][safepoint    ] Safepoint "GenCollectForAllocation", Time since last: 283998215 ns, Reaching safepoint: 110994 ns, At safepoint: 28659516 ns, Total: 28770510 ns
[2020-09-11T14:50:22.276+0000][1][gc,start     ] GC(23) Pause Young (Allocation Failure)
[2020-09-11T14:50:22.276+0000][1][gc,task      ] GC(23) Using 1 workers of 1 for evacuation
[2020-09-11T14:50:22.289+0000][1][gc,age       ] GC(23) Desired survivor size 4358144 bytes, new threshold 6 (max threshold 6)
[2020-09-11T14:50:22.289+0000][1][gc,age       ] GC(23) Age table with threshold 6 (max threshold 6)
[2020-09-11T14:50:22.289+0000][1][gc,age       ] GC(23) - age   1:        152 bytes,        152 total
[2020-09-11T14:50:22.289+0000][1][gc,age       ] GC(23) - age   2:     249432 bytes,     249584 total
[2020-09-11T14:50:22.289+0000][1][gc,age       ] GC(23) - age   3:     439728 bytes,     689312 total
[2020-09-11T14:50:22.289+0000][1][gc,heap      ] GC(23) ParNew: 72471K->1203K(76672K)
[2020-09-11T14:50:22.289+0000][1][gc,heap      ] GC(23) CMS: 45520K->45520K(2011968K)
[2020-09-11T14:50:22.289+0000][1][gc,metaspace ] GC(23) Metaspace: 32438K->32438K(1079296K)
[2020-09-11T14:50:22.289+0000][1][gc           ] GC(23) Pause Young (Allocation Failure) 115M->45M(2039M) 12.574ms
[2020-09-11T14:50:22.289+0000][1][gc,cpu       ] GC(23) User=0.01s Sys=0.00s Real=0.01s
[2020-09-11T14:50:22.292+0000][1][safepoint    ] Safepoint "GenCollectForAllocation", Time since last: 144124538 ns, Reaching safepoint: 112387 ns, At safepoint: 15747552 ns, Total: 15859939 ns
[2020-09-11T14:50:22.432+0000][1][gc,start     ] GC(24) Pause Young (Allocation Failure)
[2020-09-11T14:50:22.432+0000][1][gc,task      ] GC(24) Using 1 workers of 1 for evacuation
[2020-09-11T14:50:22.455+0000][1][gc,age       ] GC(24) Desired survivor size 4358144 bytes, new threshold 6 (max threshold 6)
[2020-09-11T14:50:22.455+0000][1][gc,age       ] GC(24) Age table with threshold 6 (max threshold 6)
[2020-09-11T14:50:22.455+0000][1][gc,age       ] GC(24) - age   1:        216 bytes,        216 total
[2020-09-11T14:50:22.455+0000][1][gc,age       ] GC(24) - age   3:     249432 bytes,     249648 total
[2020-09-11T14:50:22.455+0000][1][gc,age       ] GC(24) - age   4:     439728 bytes,     689376 total
[2020-09-11T14:50:22.455+0000][1][gc,heap      ] GC(24) ParNew: 69363K->1106K(76672K)
[2020-09-11T14:50:22.455+0000][1][gc,heap      ] GC(24) CMS: 45520K->45520K(2011968K)
[2020-09-11T14:50:22.455+0000][1][gc,metaspace ] GC(24) Metaspace: 32441K->32441K(1079296K)
[2020-09-11T14:50:22.455+0000][1][gc           ] GC(24) Pause Young (Allocation Failure) 112M->45M(2039M) 23.468ms
[2020-09-11T14:50:22.455+0000][1][gc,cpu       ] GC(24) User=0.02s Sys=0.01s Real=0.03s
[2020-09-11T14:50:22.458+0000][1][safepoint    ] Safepoint "GenCollectForAllocation", Time since last: 139724734 ns, Reaching safepoint: 99329 ns, At safepoint: 26121022 ns, Total: 26220351 ns
[2020-09-11T14:50:22.576+0000][1][gc,start     ] GC(25) Pause Young (Allocation Failure)
[2020-09-11T14:50:22.576+0000][1][gc,task      ] GC(25) Using 1 workers of 1 for evacuation
[2020-09-11T14:50:22.591+0000][1][gc,age       ] GC(25) Desired survivor size 4358144 bytes, new threshold 6 (max threshold 6)
[2020-09-11T14:50:22.591+0000][1][gc,age       ] GC(25) Age table with threshold 6 (max threshold 6)
[2020-09-11T14:50:22.591+0000][1][gc,age       ] GC(25) - age   1:         96 bytes,         96 total
[2020-09-11T14:50:22.591+0000][1][gc,age       ] GC(25) - age   4:     249432 bytes,     249528 total
[2020-09-11T14:50:22.591+0000][1][gc,age       ] GC(25) - age   5:     439728 bytes,     689256 total
[2020-09-11T14:50:22.591+0000][1][gc,heap      ] GC(25) ParNew: 69266K->1286K(76672K)
[2020-09-11T14:50:22.591+0000][1][gc,heap      ] GC(25) CMS: 45520K->45520K(2011968K)
[2020-09-11T14:50:22.591+0000][1][gc,metaspace ] GC(25) Metaspace: 32441K->32441K(1079296K)
[2020-09-11T14:50:22.591+0000][1][gc           ] GC(25) Pause Young (Allocation Failure) 112M->45M(2039M) 15.140ms
[2020-09-11T14:50:22.591+0000][1][gc,cpu       ] GC(25) User=0.01s Sys=0.00s Real=0.01s
[2020-09-11T14:50:22.595+0000][1][safepoint    ] Safepoint "GenCollectForAllocation", Time since last: 117314833 ns, Reaching safepoint: 97718 ns, At safepoint: 19429381 ns, Total: 19527099 ns
[2020-09-11T14:50:22.709+0000][1][gc,start     ] GC(26) Pause Young (Allocation Failure)
[2020-09-11T14:50:22.709+0000][1][gc,task      ] GC(26) Using 1 workers of 1 for evacuation
[2020-09-11T14:50:22.723+0000][1][gc,age       ] GC(26) Desired survivor size 4358144 bytes, new threshold 6 (max threshold 6)
[2020-09-11T14:50:22.724+0000][1][gc,age       ] GC(26) Age table with threshold 6 (max threshold 6)
[2020-09-11T14:50:22.724+0000][1][gc,age       ] GC(26) - age   1:         40 bytes,         40 total
[2020-09-11T14:50:22.724+0000][1][gc,age       ] GC(26) - age   5:     249432 bytes,     249472 total
[2020-09-11T14:50:22.724+0000][1][gc,age       ] GC(26) - age   6:     439728 bytes,     689200 total
[2020-09-11T14:50:22.724+0000][1][gc,heap      ] GC(26) ParNew: 69446K->826K(76672K)
[2020-09-11T14:50:22.724+0000][1][gc,heap      ] GC(26) CMS: 45520K->45520K(2011968K)
[2020-09-11T14:50:22.724+0000][1][gc,metaspace ] GC(26) Metaspace: 32441K->32441K(1079296K)
[2020-09-11T14:50:22.724+0000][1][gc           ] GC(26) Pause Young (Allocation Failure) 112M->45M(2039M) 14.941ms
[2020-09-11T14:50:22.724+0000][1][gc,cpu       ] GC(26) User=0.01s Sys=0.00s Real=0.02s
[2020-09-11T14:50:22.727+0000][1][safepoint    ] Safepoint "GenCollectForAllocation", Time since last: 113587726 ns, Reaching safepoint: 96001 ns, At safepoint: 18774450 ns, Total: 18870451 ns
[2020-09-11T14:50:22.848+0000][1][gc,start     ] GC(27) Pause Young (Allocation Failure)
[2020-09-11T14:50:22.848+0000][1][gc,task      ] GC(27) Using 1 workers of 1 for evacuation
[2020-09-11T14:50:22.874+0000][1][gc,age       ] GC(27) Desired survivor size 4358144 bytes, new threshold 6 (max threshold 6)
[2020-09-11T14:50:22.874+0000][1][gc,age       ] GC(27) Age table with threshold 6 (max threshold 6)
[2020-09-11T14:50:22.874+0000][1][gc,age       ] GC(27) - age   1:        208 bytes,        208 total
[2020-09-11T14:50:22.874+0000][1][gc,age       ] GC(27) - age   6:     249432 bytes,     249640 total
[2020-09-11T14:50:22.874+0000][1][gc,heap      ] GC(27) ParNew: 68986K->608K(76672K)
[2020-09-11T14:50:22.874+0000][1][gc,heap      ] GC(27) CMS: 45520K->45950K(2011968K)
[2020-09-11T14:50:22.874+0000][1][gc,metaspace ] GC(27) Metaspace: 32441K->32441K(1079296K)
[2020-09-11T14:50:22.874+0000][1][gc           ] GC(27) Pause Young (Allocation Failure) 111M->45M(2039M) 26.501ms
[2020-09-11T14:50:22.874+0000][1][gc,cpu       ] GC(27) User=0.03s Sys=0.00s Real=0.02s
[2020-09-11T14:50:22.874+0000][1][safepoint    ] Safepoint "GenCollectForAllocation", Time since last: 120012655 ns, Reaching safepoint: 100911 ns, At safepoint: 26591351 ns, Total: 26692262 ns
[2020-09-11T14:50:22.989+0000][1][gc,start     ] GC(28) Pause Young (Allocation Failure)
[2020-09-11T14:50:22.989+0000][1][gc,task      ] GC(28) Using 1 workers of 1 for evacuation
[2020-09-11T14:50:23.004+0000][1][gc,age       ] GC(28) Desired survivor size 4358144 bytes, new threshold 6 (max threshold 6)
[2020-09-11T14:50:23.004+0000][1][gc,age       ] GC(28) Age table with threshold 6 (max threshold 6)
[2020-09-11T14:50:23.004+0000][1][gc,age       ] GC(28) - age   1:        240 bytes,        240 total
[2020-09-11T14:50:23.004+0000][1][gc,heap      ] GC(28) ParNew: 68768K->243K(76672K)
[2020-09-11T14:50:23.004+0000][1][gc,heap      ] GC(28) CMS: 45950K->46194K(2011968K)
[2020-09-11T14:50:23.004+0000][1][gc,metaspace ] GC(28) Metaspace: 32441K->32441K(1079296K)
[2020-09-11T14:50:23.004+0000][1][gc           ] GC(28) Pause Young (Allocation Failure) 112M->45M(2039M) 15.895ms
[2020-09-11T14:50:23.004+0000][1][gc,cpu       ] GC(28) User=0.02s Sys=0.00s Real=0.02s
[2020-09-11T14:50:23.009+0000][1][safepoint    ] Safepoint "GenCollectForAllocation", Time since last: 114359409 ns, Reaching safepoint: 97524 ns, At safepoint: 20511793 ns, Total: 20609317 ns
[2020-09-11T14:50:23.077+0000][1][gc,start     ] GC(29) Pause Young (Allocation Failure)
[2020-09-11T14:50:23.077+0000][1][gc,task      ] GC(29) Using 1 workers of 1 for evacuation
[2020-09-11T14:50:23.089+0000][1][gc,age       ] GC(29) Desired survivor size 4358144 bytes, new threshold 6 (max threshold 6)
[2020-09-11T14:50:23.089+0000][1][gc,age       ] GC(29) Age table with threshold 6 (max threshold 6)
[2020-09-11T14:50:23.089+0000][1][gc,age       ] GC(29) - age   1:        224 bytes,        224 total
[2020-09-11T14:50:23.089+0000][1][gc,age       ] GC(29) - age   2:         72 bytes,        296 total
[2020-09-11T14:50:23.089+0000][1][gc,heap      ] GC(29) ParNew: 68403K->60K(76672K)
[2020-09-11T14:50:23.089+0000][1][gc,heap      ] GC(29) CMS: 46194K->46194K(2011968K)
[2020-09-11T14:50:23.089+0000][1][gc,metaspace ] GC(29) Metaspace: 32441K->32441K(1079296K)
[2020-09-11T14:50:23.089+0000][1][gc           ] GC(29) Pause Young (Allocation Failure) 111M->45M(2039M) 11.653ms
[2020-09-11T14:50:23.089+0000][1][gc,cpu       ] GC(29) User=0.01s Sys=0.00s Real=0.01s
[2020-09-11T14:50:23.089+0000][1][safepoint    ] Safepoint "GenCollectForAllocation", Time since last: 67906394 ns, Reaching safepoint: 152761 ns, At safepoint: 11710831 ns, Total: 11863592 ns
[2020-09-11T14:50:23.145+0000][1][gc,start     ] GC(30) Pause Young (Allocation Failure)
[2020-09-11T14:50:23.145+0000][1][gc,task      ] GC(30) Using 1 workers of 1 for evacuation
[2020-09-11T14:50:23.156+0000][1][gc,age       ] GC(30) Desired survivor size 4358144 bytes, new threshold 6 (max threshold 6)
[2020-09-11T14:50:23.156+0000][1][gc,age       ] GC(30) Age table with threshold 6 (max threshold 6)
[2020-09-11T14:50:23.156+0000][1][gc,age       ] GC(30) - age   1:        224 bytes,        224 total
[2020-09-11T14:50:23.156+0000][1][gc,age       ] GC(30) - age   3:         72 bytes,        296 total
[2020-09-11T14:50:23.156+0000][1][gc,heap      ] GC(30) ParNew: 68220K->15K(76672K)
[2020-09-11T14:50:23.156+0000][1][gc,heap      ] GC(30) CMS: 46194K->46194K(2011968K)
[2020-09-11T14:50:23.156+0000][1][gc,metaspace ] GC(30) Metaspace: 32441K->32441K(1079296K)
[2020-09-11T14:50:23.156+0000][1][gc           ] GC(30) Pause Young (Allocation Failure) 111M->45M(2039M) 11.537ms
[2020-09-11T14:50:23.156+0000][1][gc,cpu       ] GC(30) User=0.01s Sys=0.00s Real=0.01s
[2020-09-11T14:50:23.156+0000][1][safepoint    ] Safepoint "GenCollectForAllocation", Time since last: 55758626 ns, Reaching safepoint: 143495 ns, At safepoint: 11601439 ns, Total: 11744934 ns
[2020-09-11T14:50:23.215+0000][1][gc,start     ] GC(31) Pause Young (Allocation Failure)
[2020-09-11T14:50:23.215+0000][1][gc,task      ] GC(31) Using 1 workers of 1 for evacuation
[2020-09-11T14:50:23.226+0000][1][gc,age       ] GC(31) Desired survivor size 4358144 bytes, new threshold 6 (max threshold 6)
[2020-09-11T14:50:23.226+0000][1][gc,age       ] GC(31) Age table with threshold 6 (max threshold 6)
[2020-09-11T14:50:23.226+0000][1][gc,age       ] GC(31) - age   1:        152 bytes,        152 total
[2020-09-11T14:50:23.226+0000][1][gc,age       ] GC(31) - age   4:         72 bytes,        224 total
[2020-09-11T14:50:23.226+0000][1][gc,heap      ] GC(31) ParNew: 68175K->3K(76672K)
[2020-09-11T14:50:23.226+0000][1][gc,heap      ] GC(31) CMS: 46194K->46194K(2011968K)
[2020-09-11T14:50:23.226+0000][1][gc,metaspace ] GC(31) Metaspace: 32441K->32441K(1079296K)
[2020-09-11T14:50:23.226+0000][1][gc           ] GC(31) Pause Young (Allocation Failure) 111M->45M(2039M) 11.602ms
[2020-09-11T14:50:23.226+0000][1][gc,cpu       ] GC(31) User=0.01s Sys=0.00s Real=0.02s
[2020-09-11T14:50:23.226+0000][1][safepoint    ] Safepoint "GenCollectForAllocation", Time since last: 58168831 ns, Reaching safepoint: 147835 ns, At safepoint: 11667611 ns, Total: 11815446 ns
[2020-09-11T14:50:23.284+0000][1][gc,start     ] GC(32) Pause Young (Allocation Failure)
[2020-09-11T14:50:23.284+0000][1][gc,task      ] GC(32) Using 1 workers of 1 for evacuation
[2020-09-11T14:50:23.296+0000][1][gc,age       ] GC(32) Desired survivor size 4358144 bytes, new threshold 6 (max threshold 6)
[2020-09-11T14:50:23.296+0000][1][gc,age       ] GC(32) Age table with threshold 6 (max threshold 6)
[2020-09-11T14:50:23.296+0000][1][gc,age       ] GC(32) - age   1:         88 bytes,         88 total
[2020-09-11T14:50:23.296+0000][1][gc,age       ] GC(32) - age   5:         72 bytes,        160 total
[2020-09-11T14:50:23.296+0000][1][gc,heap      ] GC(32) ParNew: 68163K->2K(76672K)
[2020-09-11T14:50:23.296+0000][1][gc,heap      ] GC(32) CMS: 46194K->46194K(2011968K)
[2020-09-11T14:50:23.296+0000][1][gc,metaspace ] GC(32) Metaspace: 32441K->32441K(1079296K)
[2020-09-11T14:50:23.296+0000][1][gc           ] GC(32) Pause Young (Allocation Failure) 111M->45M(2039M) 12.219ms
[2020-09-11T14:50:23.296+0000][1][gc,cpu       ] GC(32) User=0.01s Sys=0.00s Real=0.01s
[2020-09-11T14:50:23.296+0000][1][safepoint    ] Safepoint "GenCollectForAllocation", Time since last: 57561886 ns, Reaching safepoint: 110922 ns, At safepoint: 12274087 ns, Total: 12385009 ns
[2020-09-11T14:50:23.354+0000][1][gc,start     ] GC(33) Pause Young (Allocation Failure)
[2020-09-11T14:50:23.354+0000][1][gc,task      ] GC(33) Using 1 workers of 1 for evacuation
[2020-09-11T14:50:23.368+0000][1][gc,age       ] GC(33) Desired survivor size 4358144 bytes, new threshold 6 (max threshold 6)
[2020-09-11T14:50:23.368+0000][1][gc,age       ] GC(33) Age table with threshold 6 (max threshold 6)
[2020-09-11T14:50:23.368+0000][1][gc,age       ] GC(33) - age   1:         64 bytes,         64 total
[2020-09-11T14:50:23.368+0000][1][gc,age       ] GC(33) - age   6:         72 bytes,        136 total
[2020-09-11T14:50:23.368+0000][1][gc,heap      ] GC(33) ParNew: 68162K->2K(76672K)
[2020-09-11T14:50:23.368+0000][1][gc,heap      ] GC(33) CMS: 46194K->46194K(2011968K)
[2020-09-11T14:50:23.368+0000][1][gc,metaspace ] GC(33) Metaspace: 32441K->32441K(1079296K)
[2020-09-11T14:50:23.368+0000][1][gc           ] GC(33) Pause Young (Allocation Failure) 111M->45M(2039M) 14.073ms
[2020-09-11T14:50:23.368+0000][1][gc,cpu       ] GC(33) User=0.02s Sys=0.00s Real=0.02s
[2020-09-11T14:50:23.368+0000][1][safepoint    ] Safepoint "GenCollectForAllocation", Time since last: 57345830 ns, Reaching safepoint: 160258 ns, At safepoint: 14137057 ns, Total: 14297315 ns
[2020-09-11T14:50:24.381+0000][1][safepoint    ] Safepoint "Cleanup", Time since last: 1006406093 ns, Reaching safepoint: 6398017 ns, At safepoint: 9067 ns, Total: 6407084 ns
[2020-09-11T14:50:24.614+0000][1][gc,start     ] GC(34) Pause Young (Allocation Failure)
[2020-09-11T14:50:24.614+0000][1][gc,task      ] GC(34) Using 1 workers of 1 for evacuation
[2020-09-11T14:50:24.629+0000][1][gc,age       ] GC(34) Desired survivor size 4358144 bytes, new threshold 6 (max threshold 6)
[2020-09-11T14:50:24.629+0000][1][gc,age       ] GC(34) Age table with threshold 6 (max threshold 6)
[2020-09-11T14:50:24.629+0000][1][gc,age       ] GC(34) - age   1:     308472 bytes,     308472 total
[2020-09-11T14:50:24.629+0000][1][gc,heap      ] GC(34) ParNew: 68162K->303K(76672K)
[2020-09-11T14:50:24.629+0000][1][gc,heap      ] GC(34) CMS: 46194K->46194K(2011968K)
[2020-09-11T14:50:24.629+0000][1][gc,metaspace ] GC(34) Metaspace: 32461K->32461K(1079296K)
[2020-09-11T14:50:24.629+0000][1][gc           ] GC(34) Pause Young (Allocation Failure) 111M->45M(2039M) 14.602ms
[2020-09-11T14:50:24.629+0000][1][gc,cpu       ] GC(34) User=0.02s Sys=0.00s Real=0.02s
[2020-09-11T14:50:24.635+0000][1][safepoint    ] Safepoint "GenCollectForAllocation", Time since last: 233301815 ns, Reaching safepoint: 100771 ns, At safepoint: 21266618 ns, Total: 21367389 ns
[2020-09-11T14:50:25.029+0000][1][gc,start     ] GC(35) Pause Young (Allocation Failure)
[2020-09-11T14:50:25.029+0000][1][gc,task      ] GC(35) Using 1 workers of 1 for evacuation
[2020-09-11T14:50:25.041+0000][1][gc,age       ] GC(35) Desired survivor size 4358144 bytes, new threshold 6 (max threshold 6)
[2020-09-11T14:50:25.041+0000][1][gc,age       ] GC(35) Age table with threshold 6 (max threshold 6)
[2020-09-11T14:50:25.041+0000][1][gc,age       ] GC(35) - age   1:     478224 bytes,     478224 total
[2020-09-11T14:50:25.041+0000][1][gc,age       ] GC(35) - age   2:     216856 bytes,     695080 total
[2020-09-11T14:50:25.041+0000][1][gc,heap      ] GC(35) ParNew: 68463K->700K(76672K)
[2020-09-11T14:50:25.041+0000][1][gc,heap      ] GC(35) CMS: 46194K->46194K(2011968K)
[2020-09-11T14:50:25.041+0000][1][gc,metaspace ] GC(35) Metaspace: 32461K->32461K(1079296K)
[2020-09-11T14:50:25.041+0000][1][gc           ] GC(35) Pause Young (Allocation Failure) 111M->45M(2039M) 12.222ms
[2020-09-11T14:50:25.041+0000][1][gc,cpu       ] GC(35) User=0.01s Sys=0.00s Real=0.01s
[2020-09-11T14:50:25.045+0000][1][safepoint    ] Safepoint "GenCollectForAllocation", Time since last: 393172456 ns, Reaching safepoint: 118845 ns, At safepoint: 16279666 ns, Total: 16398511 ns
[2020-09-11T14:50:25.333+0000][1][gc,start     ] GC(36) Pause Young (Allocation Failure)
[2020-09-11T14:50:25.333+0000][1][gc,task      ] GC(36) Using 1 workers of 1 for evacuation
[2020-09-11T14:50:25.349+0000][1][gc,age       ] GC(36) Desired survivor size 4358144 bytes, new threshold 6 (max threshold 6)
[2020-09-11T14:50:25.349+0000][1][gc,age       ] GC(36) Age table with threshold 6 (max threshold 6)
[2020-09-11T14:50:25.349+0000][1][gc,age       ] GC(36) - age   1:     641464 bytes,     641464 total
[2020-09-11T14:50:25.349+0000][1][gc,age       ] GC(36) - age   2:     307016 bytes,     948480 total
[2020-09-11T14:50:25.349+0000][1][gc,age       ] GC(36) - age   3:     216136 bytes,    1164616 total
[2020-09-11T14:50:25.349+0000][1][gc,heap      ] GC(36) ParNew: 68860K->1177K(76672K)
[2020-09-11T14:50:25.349+0000][1][gc,heap      ] GC(36) CMS: 46194K->46194K(2011968K)
[2020-09-11T14:50:25.349+0000][1][gc,metaspace ] GC(36) Metaspace: 32462K->32462K(1079296K)
[2020-09-11T14:50:25.349+0000][1][gc           ] GC(36) Pause Young (Allocation Failure) 112M->46M(2039M) 16.323ms
[2020-09-11T14:50:25.349+0000][1][gc,cpu       ] GC(36) User=0.01s Sys=0.00s Real=0.02s
[2020-09-11T14:50:25.355+0000][1][safepoint    ] Safepoint "GenCollectForAllocation", Time since last: 287807230 ns, Reaching safepoint: 103464 ns, At safepoint: 22521410 ns, Total: 22624874 ns
[2020-09-11T14:50:25.608+0000][1][gc,start     ] GC(37) Pause Young (Allocation Failure)
[2020-09-11T14:50:25.623+0000][1][gc,task      ] GC(37) Using 1 workers of 1 for evacuation
[2020-09-11T14:50:25.637+0000][1][gc,age       ] GC(37) Desired survivor size 4358144 bytes, new threshold 6 (max threshold 6)
[2020-09-11T14:50:25.637+0000][1][gc,age       ] GC(37) Age table with threshold 6 (max threshold 6)
[2020-09-11T14:50:25.637+0000][1][gc,age       ] GC(37) - age   1:     653960 bytes,     653960 total
[2020-09-11T14:50:25.637+0000][1][gc,age       ] GC(37) - age   2:     301336 bytes,     955296 total
[2020-09-11T14:50:25.637+0000][1][gc,age       ] GC(37) - age   3:     306832 bytes,    1262128 total
[2020-09-11T14:50:25.637+0000][1][gc,age       ] GC(37) - age   4:     215832 bytes,    1477960 total
[2020-09-11T14:50:25.637+0000][1][gc,heap      ] GC(37) ParNew: 69337K->1443K(76672K)
[2020-09-11T14:50:25.637+0000][1][gc,heap      ] GC(37) CMS: 46194K->46194K(2011968K)
[2020-09-11T14:50:25.637+0000][1][gc,metaspace ] GC(37) Metaspace: 32463K->32463K(1079296K)
[2020-09-11T14:50:25.637+0000][1][gc           ] GC(37) Pause Young (Allocation Failure) 112M->46M(2039M) 29.841ms
[2020-09-11T14:50:25.637+0000][1][gc,cpu       ] GC(37) User=0.02s Sys=0.00s Real=0.03s
[2020-09-11T14:50:25.643+0000][1][safepoint    ] Safepoint "GenCollectForAllocation", Time since last: 251999325 ns, Reaching safepoint: 107724 ns, At safepoint: 35880788 ns, Total: 35988512 ns
[2020-09-11T14:50:25.859+0000][1][gc,start     ] GC(38) Pause Young (Allocation Failure)
[2020-09-11T14:50:25.859+0000][1][gc,task      ] GC(38) Using 1 workers of 1 for evacuation
[2020-09-11T14:50:25.871+0000][1][gc,age       ] GC(38) Desired survivor size 4358144 bytes, new threshold 6 (max threshold 6)
[2020-09-11T14:50:25.871+0000][1][gc,age       ] GC(38) Age table with threshold 6 (max threshold 6)
[2020-09-11T14:50:25.871+0000][1][gc,age       ] GC(38) - age   1:     935592 bytes,     935592 total
[2020-09-11T14:50:25.871+0000][1][gc,age       ] GC(38) - age   2:     297432 bytes,    1233024 total
[2020-09-11T14:50:25.871+0000][1][gc,age       ] GC(38) - age   3:     297464 bytes,    1530488 total
[2020-09-11T14:50:25.871+0000][1][gc,age       ] GC(38) - age   4:     306752 bytes,    1837240 total
[2020-09-11T14:50:25.871+0000][1][gc,age       ] GC(38) - age   5:     215728 bytes,    2052968 total
[2020-09-11T14:50:25.871+0000][1][gc,heap      ] GC(38) ParNew: 69603K->2005K(76672K)
[2020-09-11T14:50:25.871+0000][1][gc,heap      ] GC(38) CMS: 46194K->46194K(2011968K)
[2020-09-11T14:50:25.871+0000][1][gc,metaspace ] GC(38) Metaspace: 32463K->32463K(1079296K)
[2020-09-11T14:50:25.871+0000][1][gc           ] GC(38) Pause Young (Allocation Failure) 113M->47M(2039M) 12.031ms
[2020-09-11T14:50:25.871+0000][1][gc,cpu       ] GC(38) User=0.01s Sys=0.00s Real=0.01s
[2020-09-11T14:50:25.872+0000][1][safepoint    ] Safepoint "GenCollectForAllocation", Time since last: 215206761 ns, Reaching safepoint: 133544 ns, At safepoint: 13085666 ns, Total: 13219210 ns
[2020-09-11T14:50:25.974+0000][1][gc,start     ] GC(39) Pause Young (Allocation Failure)
[2020-09-11T14:50:25.974+0000][1][gc,task      ] GC(39) Using 1 workers of 1 for evacuation
[2020-09-11T14:50:25.986+0000][1][gc,age       ] GC(39) Desired survivor size 4358144 bytes, new threshold 6 (max threshold 6)
[2020-09-11T14:50:25.986+0000][1][gc,age       ] GC(39) Age table with threshold 6 (max threshold 6)
[2020-09-11T14:50:25.986+0000][1][gc,age       ] GC(39) - age   1:     313224 bytes,     313224 total
[2020-09-11T14:50:25.986+0000][1][gc,age       ] GC(39) - age   2:     922448 bytes,    1235672 total
[2020-09-11T14:50:25.986+0000][1][gc,age       ] GC(39) - age   3:     296120 bytes,    1531792 total
[2020-09-11T14:50:25.986+0000][1][gc,age       ] GC(39) - age   4:     296856 bytes,    1828648 total
[2020-09-11T14:50:25.986+0000][1][gc,age       ] GC(39) - age   5:     306416 bytes,    2135064 total
[2020-09-11T14:50:25.986+0000][1][gc,age       ] GC(39) - age   6:     215688 bytes,    2350752 total
[2020-09-11T14:50:25.986+0000][1][gc,heap      ] GC(39) ParNew: 70165K->2337K(76672K)
[2020-09-11T14:50:25.986+0000][1][gc,heap      ] GC(39) CMS: 46194K->46194K(2011968K)
[2020-09-11T14:50:25.986+0000][1][gc,metaspace ] GC(39) Metaspace: 32463K->32463K(1079296K)
[2020-09-11T14:50:25.986+0000][1][gc           ] GC(39) Pause Young (Allocation Failure) 113M->47M(2039M) 12.442ms
[2020-09-11T14:50:25.986+0000][1][gc,cpu       ] GC(39) User=0.01s Sys=0.00s Real=0.02s
[2020-09-11T14:50:25.986+0000][1][safepoint    ] Safepoint "GenCollectForAllocation", Time since last: 102010220 ns, Reaching safepoint: 140596 ns, At safepoint: 12502782 ns, Total: 12643378 ns
[2020-09-11T14:50:25.991+0000][1][safepoint    ] Safepoint "RevokeBias", Time since last: 4600880 ns, Reaching safepoint: 142711 ns, At safepoint: 39124 ns, Total: 181835 ns
[2020-09-11T14:50:26.269+0000][1][gc,start     ] GC(40) Pause Young (Allocation Failure)
[2020-09-11T14:50:26.269+0000][1][gc,task      ] GC(40) Using 1 workers of 1 for evacuation
[2020-09-11T14:50:26.281+0000][1][gc,age       ] GC(40) Desired survivor size 4358144 bytes, new threshold 6 (max threshold 6)
[2020-09-11T14:50:26.281+0000][1][gc,age       ] GC(40) Age table with threshold 6 (max threshold 6)
[2020-09-11T14:50:26.281+0000][1][gc,age       ] GC(40) - age   1:     342848 bytes,     342848 total
[2020-09-11T14:50:26.281+0000][1][gc,age       ] GC(40) - age   2:     306376 bytes,     649224 total
[2020-09-11T14:50:26.281+0000][1][gc,age       ] GC(40) - age   3:     922448 bytes,    1571672 total
[2020-09-11T14:50:26.281+0000][1][gc,age       ] GC(40) - age   4:     296016 bytes,    1867688 total
[2020-09-11T14:50:26.281+0000][1][gc,age       ] GC(40) - age   5:     296856 bytes,    2164544 total
[2020-09-11T14:50:26.281+0000][1][gc,age       ] GC(40) - age   6:     306416 bytes,    2470960 total
[2020-09-11T14:50:26.281+0000][1][gc,heap      ] GC(40) ParNew: 70497K->2422K(76672K)
[2020-09-11T14:50:26.281+0000][1][gc,heap      ] GC(40) CMS: 46194K->46402K(2011968K)
[2020-09-11T14:50:26.281+0000][1][gc,metaspace ] GC(40) Metaspace: 32466K->32466K(1079296K)
[2020-09-11T14:50:26.281+0000][1][gc           ] GC(40) Pause Young (Allocation Failure) 113M->47M(2039M) 11.576ms
[2020-09-11T14:50:26.281+0000][1][gc,cpu       ] GC(40) User=0.02s Sys=0.00s Real=0.01s
[2020-09-11T14:50:26.285+0000][1][safepoint    ] Safepoint "GenCollectForAllocation", Time since last: 277911096 ns, Reaching safepoint: 167876 ns, At safepoint: 15860262 ns, Total: 16028138 ns
[2020-09-11T14:50:26.342+0000][1][gc,start     ] GC(41) Pause Young (Allocation Failure)
[2020-09-11T14:50:26.342+0000][1][gc,task      ] GC(41) Using 1 workers of 1 for evacuation
[2020-09-11T14:50:26.355+0000][1][gc,age       ] GC(41) Desired survivor size 4358144 bytes, new threshold 6 (max threshold 6)
[2020-09-11T14:50:26.355+0000][1][gc,age       ] GC(41) Age table with threshold 6 (max threshold 6)
[2020-09-11T14:50:26.355+0000][1][gc,age       ] GC(41) - age   1:        360 bytes,        360 total
[2020-09-11T14:50:26.355+0000][1][gc,age       ] GC(41) - age   2:     342568 bytes,     342928 total
[2020-09-11T14:50:26.355+0000][1][gc,age       ] GC(41) - age   3:     306376 bytes,     649304 total
[2020-09-11T14:50:26.355+0000][1][gc,age       ] GC(41) - age   4:     922448 bytes,    1571752 total
[2020-09-11T14:50:26.355+0000][1][gc,age       ] GC(41) - age   5:     296016 bytes,    1867768 total
[2020-09-11T14:50:26.355+0000][1][gc,age       ] GC(41) - age   6:     296856 bytes,    2164624 total
[2020-09-11T14:50:26.355+0000][1][gc,heap      ] GC(41) ParNew: 70582K->2178K(76672K)
[2020-09-11T14:50:26.355+0000][1][gc,heap      ] GC(41) CMS: 46402K->46701K(2011968K)
[2020-09-11T14:50:26.355+0000][1][gc,metaspace ] GC(41) Metaspace: 32466K->32466K(1079296K)
[2020-09-11T14:50:26.355+0000][1][gc           ] GC(41) Pause Young (Allocation Failure) 114M->47M(2039M) 13.450ms
[2020-09-11T14:50:26.356+0000][1][gc,cpu       ] GC(41) User=0.01s Sys=0.00s Real=0.02s
[2020-09-11T14:50:26.356+0000][1][safepoint    ] Safepoint "GenCollectForAllocation", Time since last: 56677501 ns, Reaching safepoint: 141112 ns, At safepoint: 13509792 ns, Total: 13650904 ns
[2020-09-11T14:50:26.423+0000][1][gc,start     ] GC(42) Pause Young (Allocation Failure)
[2020-09-11T14:50:26.423+0000][1][gc,task      ] GC(42) Using 1 workers of 1 for evacuation
[2020-09-11T14:50:26.435+0000][1][gc,age       ] GC(42) Desired survivor size 4358144 bytes, new threshold 6 (max threshold 6)
[2020-09-11T14:50:26.435+0000][1][gc,age       ] GC(42) Age table with threshold 6 (max threshold 6)
[2020-09-11T14:50:26.435+0000][1][gc,age       ] GC(42) - age   1:         24 bytes,         24 total
[2020-09-11T14:50:26.435+0000][1][gc,age       ] GC(42) - age   2:        160 bytes,        184 total
[2020-09-11T14:50:26.435+0000][1][gc,age       ] GC(42) - age   3:     342568 bytes,     342752 total
[2020-09-11T14:50:26.435+0000][1][gc,age       ] GC(42) - age   4:     306376 bytes,     649128 total
[2020-09-11T14:50:26.435+0000][1][gc,age       ] GC(42) - age   5:     922448 bytes,    1571576 total
[2020-09-11T14:50:26.435+0000][1][gc,age       ] GC(42) - age   6:     296016 bytes,    1867592 total
[2020-09-11T14:50:26.435+0000][1][gc,heap      ] GC(42) ParNew: 70338K->1827K(76672K)
[2020-09-11T14:50:26.435+0000][1][gc,heap      ] GC(42) CMS: 46701K->46991K(2011968K)
[2020-09-11T14:50:26.435+0000][1][gc,metaspace ] GC(42) Metaspace: 32466K->32466K(1079296K)
[2020-09-11T14:50:26.435+0000][1][gc           ] GC(42) Pause Young (Allocation Failure) 114M->47M(2039M) 12.046ms
[2020-09-11T14:50:26.435+0000][1][gc,cpu       ] GC(42) User=0.01s Sys=0.00s Real=0.01s
[2020-09-11T14:50:26.436+0000][1][safepoint    ] Safepoint "GenCollectForAllocation", Time since last: 67727211 ns, Reaching safepoint: 147109 ns, At safepoint: 12108467 ns, Total: 12255576 ns
[2020-09-11T14:50:26.491+0000][1][gc,start     ] GC(43) Pause Young (Allocation Failure)
[2020-09-11T14:50:26.491+0000][1][gc,task      ] GC(43) Using 1 workers of 1 for evacuation
[2020-09-11T14:50:26.503+0000][1][gc,age       ] GC(43) Desired survivor size 4358144 bytes, new threshold 6 (max threshold 6)
[2020-09-11T14:50:26.504+0000][1][gc,age       ] GC(43) Age table with threshold 6 (max threshold 6)
[2020-09-11T14:50:26.504+0000][1][gc,age       ] GC(43) - age   3:        160 bytes,        160 total
[2020-09-11T14:50:26.504+0000][1][gc,age       ] GC(43) - age   4:     342568 bytes,     342728 total
[2020-09-11T14:50:26.504+0000][1][gc,age       ] GC(43) - age   5:     306376 bytes,     649104 total
[2020-09-11T14:50:26.504+0000][1][gc,age       ] GC(43) - age   6:     922448 bytes,    1571552 total
[2020-09-11T14:50:26.504+0000][1][gc,heap      ] GC(43) ParNew: 69987K->1735K(76672K)
[2020-09-11T14:50:26.504+0000][1][gc,heap      ] GC(43) CMS: 46991K->47280K(2011968K)
[2020-09-11T14:50:26.504+0000][1][gc,metaspace ] GC(43) Metaspace: 32466K->32466K(1079296K)
[2020-09-11T14:50:26.504+0000][1][gc           ] GC(43) Pause Young (Allocation Failure) 114M->47M(2039M) 12.183ms
[2020-09-11T14:50:26.504+0000][1][gc,cpu       ] GC(43) User=0.01s Sys=0.00s Real=0.02s
[2020-09-11T14:50:26.504+0000][1][safepoint    ] Safepoint "GenCollectForAllocation", Time since last: 55731265 ns, Reaching safepoint: 160855 ns, At safepoint: 12244055 ns, Total: 12404910 ns
[2020-09-11T14:50:26.558+0000][1][gc,start     ] GC(44) Pause Young (Allocation Failure)
[2020-09-11T14:50:26.558+0000][1][gc,task      ] GC(44) Using 1 workers of 1 for evacuation
[2020-09-11T14:50:26.571+0000][1][gc,age       ] GC(44) Desired survivor size 4358144 bytes, new threshold 6 (max threshold 6)
[2020-09-11T14:50:26.571+0000][1][gc,age       ] GC(44) Age table with threshold 6 (max threshold 6)
[2020-09-11T14:50:26.571+0000][1][gc,age       ] GC(44) - age   1:        224 bytes,        224 total
[2020-09-11T14:50:26.571+0000][1][gc,age       ] GC(44) - age   4:        160 bytes,        384 total
[2020-09-11T14:50:26.571+0000][1][gc,age       ] GC(44) - age   5:     342568 bytes,     342952 total
[2020-09-11T14:50:26.571+0000][1][gc,age       ] GC(44) - age   6:     306376 bytes,     649328 total
[2020-09-11T14:50:26.571+0000][1][gc,heap      ] GC(44) ParNew: 69895K->680K(76672K)
[2020-09-11T14:50:26.571+0000][1][gc,heap      ] GC(44) CMS: 47280K->48181K(2011968K)
[2020-09-11T14:50:26.571+0000][1][gc,metaspace ] GC(44) Metaspace: 32466K->32466K(1079296K)
[2020-09-11T14:50:26.571+0000][1][gc           ] GC(44) Pause Young (Allocation Failure) 114M->47M(2039M) 13.153ms
[2020-09-11T14:50:26.571+0000][1][gc,cpu       ] GC(44) User=0.02s Sys=0.00s Real=0.01s
[2020-09-11T14:50:26.571+0000][1][safepoint    ] Safepoint "GenCollectForAllocation", Time since last: 54447742 ns, Reaching safepoint: 147767 ns, At safepoint: 13218399 ns, Total: 13366166 ns
[2020-09-11T14:50:26.626+0000][1][gc,start     ] GC(45) Pause Young (Allocation Failure)
[2020-09-11T14:50:26.627+0000][1][gc,task      ] GC(45) Using 1 workers of 1 for evacuation
[2020-09-11T14:50:26.639+0000][1][gc,age       ] GC(45) Desired survivor size 4358144 bytes, new threshold 6 (max threshold 6)
[2020-09-11T14:50:26.639+0000][1][gc,age       ] GC(45) Age table with threshold 6 (max threshold 6)
[2020-09-11T14:50:26.639+0000][1][gc,age       ] GC(45) - age   1:        184 bytes,        184 total
[2020-09-11T14:50:26.639+0000][1][gc,age       ] GC(45) - age   5:        160 bytes,        344 total
[2020-09-11T14:50:26.639+0000][1][gc,age       ] GC(45) - age   6:     342568 bytes,     342912 total
[2020-09-11T14:50:26.639+0000][1][gc,heap      ] GC(45) ParNew: 68840K->560K(76672K)
[2020-09-11T14:50:26.639+0000][1][gc,heap      ] GC(45) CMS: 48181K->48480K(2011968K)
[2020-09-11T14:50:26.639+0000][1][gc,metaspace ] GC(45) Metaspace: 32466K->32466K(1079296K)
[2020-09-11T14:50:26.639+0000][1][gc           ] GC(45) Pause Young (Allocation Failure) 114M->47M(2039M) 12.974ms
[2020-09-11T14:50:26.639+0000][1][gc,cpu       ] GC(45) User=0.01s Sys=0.00s Real=0.01s
[2020-09-11T14:50:26.639+0000][1][safepoint    ] Safepoint "GenCollectForAllocation", Time since last: 54817300 ns, Reaching safepoint: 148769 ns, At safepoint: 13039610 ns, Total: 13188379 ns
[2020-09-11T14:50:26.694+0000][1][gc,start     ] GC(46) Pause Young (Allocation Failure)
[2020-09-11T14:50:26.694+0000][1][gc,task      ] GC(46) Using 1 workers of 1 for evacuation
[2020-09-11T14:50:26.706+0000][1][gc,age       ] GC(46) Desired survivor size 4358144 bytes, new threshold 6 (max threshold 6)
[2020-09-11T14:50:26.706+0000][1][gc,age       ] GC(46) Age table with threshold 6 (max threshold 6)
[2020-09-11T14:50:26.706+0000][1][gc,age       ] GC(46) - age   1:        232 bytes,        232 total
[2020-09-11T14:50:26.706+0000][1][gc,age       ] GC(46) - age   6:        160 bytes,        392 total
[2020-09-11T14:50:26.707+0000][1][gc,heap      ] GC(46) ParNew: 68720K->265K(76672K)
[2020-09-11T14:50:26.707+0000][1][gc,heap      ] GC(46) CMS: 48480K->48815K(2011968K)
[2020-09-11T14:50:26.707+0000][1][gc,metaspace ] GC(46) Metaspace: 32466K->32466K(1079296K)
[2020-09-11T14:50:26.707+0000][1][gc           ] GC(46) Pause Young (Allocation Failure) 114M->47M(2039M) 12.183ms
[2020-09-11T14:50:26.707+0000][1][gc,cpu       ] GC(46) User=0.01s Sys=0.00s Real=0.02s
[2020-09-11T14:50:26.707+0000][1][safepoint    ] Safepoint "GenCollectForAllocation", Time since last: 54742808 ns, Reaching safepoint: 147446 ns, At safepoint: 12250118 ns, Total: 12397564 ns
[2020-09-11T14:50:26.791+0000][1][gc,start     ] GC(47) Pause Young (Allocation Failure)
[2020-09-11T14:50:26.791+0000][1][gc,task      ] GC(47) Using 1 workers of 1 for evacuation
[2020-09-11T14:50:26.810+0000][1][gc,age       ] GC(47) Desired survivor size 4358144 bytes, new threshold 6 (max threshold 6)
[2020-09-11T14:50:26.810+0000][1][gc,age       ] GC(47) Age table with threshold 6 (max threshold 6)
[2020-09-11T14:50:26.810+0000][1][gc,heap      ] GC(47) ParNew: 68425K->0K(76672K)
[2020-09-11T14:50:26.810+0000][1][gc,heap      ] GC(47) CMS: 48815K->48815K(2011968K)
[2020-09-11T14:50:26.810+0000][1][gc,metaspace ] GC(47) Metaspace: 32466K->32466K(1079296K)
[2020-09-11T14:50:26.810+0000][1][gc           ] GC(47) Pause Young (Allocation Failure) 114M->47M(2039M) 18.307ms
[2020-09-11T14:50:26.810+0000][1][gc,cpu       ] GC(47) User=0.02s Sys=0.00s Real=0.02s
[2020-09-11T14:50:26.815+0000][1][safepoint    ] Safepoint "GenCollectForAllocation", Time since last: 81799398 ns, Reaching safepoint: 3002182 ns, At safepoint: 24076816 ns, Total: 27078998 ns
[2020-09-11T14:50:26.892+0000][1][gc,start     ] GC(48) Pause Young (Allocation Failure)
[2020-09-11T14:50:26.892+0000][1][gc,task      ] GC(48) Using 1 workers of 1 for evacuation
[2020-09-11T14:50:26.903+0000][1][gc,age       ] GC(48) Desired survivor size 4358144 bytes, new threshold 6 (max threshold 6)
[2020-09-11T14:50:26.903+0000][1][gc,age       ] GC(48) Age table with threshold 6 (max threshold 6)
[2020-09-11T14:50:26.903+0000][1][gc,heap      ] GC(48) ParNew: 68160K->0K(76672K)
[2020-09-11T14:50:26.903+0000][1][gc,heap      ] GC(48) CMS: 48815K->48815K(2011968K)
[2020-09-11T14:50:26.903+0000][1][gc,metaspace ] GC(48) Metaspace: 32466K->32466K(1079296K)
[2020-09-11T14:50:26.903+0000][1][gc           ] GC(48) Pause Young (Allocation Failure) 114M->47M(2039M) 11.813ms
[2020-09-11T14:50:26.903+0000][1][gc,cpu       ] GC(48) User=0.01s Sys=0.00s Real=0.01s
[2020-09-11T14:50:26.903+0000][1][safepoint    ] Safepoint "GenCollectForAllocation", Time since last: 75876086 ns, Reaching safepoint: 156802 ns, At safepoint: 11880829 ns, Total: 12037631 ns
[2020-09-11T14:50:26.958+0000][1][gc,start     ] GC(49) Pause Young (Allocation Failure)
[2020-09-11T14:50:26.958+0000][1][gc,task      ] GC(49) Using 1 workers of 1 for evacuation
[2020-09-11T14:50:26.970+0000][1][gc,age       ] GC(49) Desired survivor size 4358144 bytes, new threshold 6 (max threshold 6)
[2020-09-11T14:50:26.970+0000][1][gc,age       ] GC(49) Age table with threshold 6 (max threshold 6)
[2020-09-11T14:50:26.970+0000][1][gc,age       ] GC(49) - age   1:        168 bytes,        168 total
[2020-09-11T14:50:26.970+0000][1][gc,heap      ] GC(49) ParNew: 68160K->4K(76672K)
[2020-09-11T14:50:26.970+0000][1][gc,heap      ] GC(49) CMS: 48815K->48815K(2011968K)
[2020-09-11T14:50:26.970+0000][1][gc,metaspace ] GC(49) Metaspace: 32466K->32466K(1079296K)
[2020-09-11T14:50:26.970+0000][1][gc           ] GC(49) Pause Young (Allocation Failure) 114M->47M(2039M) 11.918ms
[2020-09-11T14:50:26.970+0000][1][gc,cpu       ] GC(49) User=0.01s Sys=0.00s Real=0.01s
[2020-09-11T14:50:26.970+0000][1][safepoint    ] Safepoint "GenCollectForAllocation", Time since last: 54340260 ns, Reaching safepoint: 145319 ns, At safepoint: 11979291 ns, Total: 12124610 ns
[2020-09-11T14:50:27.548+0000][1][gc,start     ] GC(50) Pause Young (Allocation Failure)
[2020-09-11T14:50:27.548+0000][1][gc,task      ] GC(50) Using 1 workers of 1 for evacuation
[2020-09-11T14:50:27.568+0000][1][gc,age       ] GC(50) Desired survivor size 4358144 bytes, new threshold 6 (max threshold 6)
[2020-09-11T14:50:27.568+0000][1][gc,age       ] GC(50) Age table with threshold 6 (max threshold 6)
[2020-09-11T14:50:27.568+0000][1][gc,age       ] GC(50) - age   1:     201864 bytes,     201864 total
[2020-09-11T14:50:27.568+0000][1][gc,heap      ] GC(50) ParNew: 68164K->199K(76672K)
[2020-09-11T14:50:27.568+0000][1][gc,heap      ] GC(50) CMS: 48815K->48815K(2011968K)
[2020-09-11T14:50:27.568+0000][1][gc,metaspace ] GC(50) Metaspace: 32468K->32468K(1079296K)
[2020-09-11T14:50:27.568+0000][1][gc           ] GC(50) Pause Young (Allocation Failure) 114M->47M(2039M) 20.470ms
[2020-09-11T14:50:27.568+0000][1][gc,cpu       ] GC(50) User=0.02s Sys=0.00s Real=0.02s
[2020-09-11T14:50:27.571+0000][1][safepoint    ] Safepoint "GenCollectForAllocation", Time since last: 577993373 ns, Reaching safepoint: 111326 ns, At safepoint: 23443093 ns, Total: 23554419 ns
[2020-09-11T14:50:27.774+0000][1][gc,start     ] GC(51) Pause Young (Allocation Failure)
[2020-09-11T14:50:27.775+0000][1][gc,task      ] GC(51) Using 1 workers of 1 for evacuation
[2020-09-11T14:50:27.787+0000][1][gc,age       ] GC(51) Desired survivor size 4358144 bytes, new threshold 6 (max threshold 6)
[2020-09-11T14:50:27.787+0000][1][gc,age       ] GC(51) Age table with threshold 6 (max threshold 6)
[2020-09-11T14:50:27.787+0000][1][gc,age       ] GC(51) - age   1:     545216 bytes,     545216 total
[2020-09-11T14:50:27.787+0000][1][gc,age       ] GC(51) - age   2:     116680 bytes,     661896 total
[2020-09-11T14:50:27.787+0000][1][gc,heap      ] GC(51) ParNew: 68359K->668K(76672K)
[2020-09-11T14:50:27.787+0000][1][gc,heap      ] GC(51) CMS: 48815K->48815K(2011968K)
[2020-09-11T14:50:27.787+0000][1][gc,metaspace ] GC(51) Metaspace: 32468K->32468K(1079296K)
[2020-09-11T14:50:27.787+0000][1][gc           ] GC(51) Pause Young (Allocation Failure) 114M->48M(2039M) 12.733ms
[2020-09-11T14:50:27.787+0000][1][gc,cpu       ] GC(51) User=0.02s Sys=0.00s Real=0.02s
[2020-09-11T14:50:27.787+0000][1][safepoint    ] Safepoint "GenCollectForAllocation", Time since last: 202981050 ns, Reaching safepoint: 57521 ns, At safepoint: 12789735 ns, Total: 12847256 ns
[2020-09-11T14:50:27.923+0000][1][gc,start     ] GC(52) Pause Young (Allocation Failure)
[2020-09-11T14:50:27.923+0000][1][gc,task      ] GC(52) Using 1 workers of 1 for evacuation
[2020-09-11T14:50:27.935+0000][1][gc,age       ] GC(52) Desired survivor size 4358144 bytes, new threshold 6 (max threshold 6)
[2020-09-11T14:50:27.935+0000][1][gc,age       ] GC(52) Age table with threshold 6 (max threshold 6)
[2020-09-11T14:50:27.935+0000][1][gc,age       ] GC(52) - age   1:     643928 bytes,     643928 total
[2020-09-11T14:50:27.935+0000][1][gc,age       ] GC(52) - age   2:     374432 bytes,    1018360 total
[2020-09-11T14:50:27.935+0000][1][gc,age       ] GC(52) - age   3:     116056 bytes,    1134416 total
[2020-09-11T14:50:27.935+0000][1][gc,heap      ] GC(52) ParNew: 68828K->1113K(76672K)
[2020-09-11T14:50:27.935+0000][1][gc,heap      ] GC(52) CMS: 48815K->48815K(2011968K)
[2020-09-11T14:50:27.935+0000][1][gc,metaspace ] GC(52) Metaspace: 32468K->32468K(1079296K)
[2020-09-11T14:50:27.935+0000][1][gc           ] GC(52) Pause Young (Allocation Failure) 114M->48M(2039M) 12.013ms
[2020-09-11T14:50:27.935+0000][1][gc,cpu       ] GC(52) User=0.01s Sys=0.00s Real=0.01s
[2020-09-11T14:50:27.935+0000][1][safepoint    ] Safepoint "GenCollectForAllocation", Time since last: 135584421 ns, Reaching safepoint: 153761 ns, At safepoint: 12080199 ns, Total: 12233960 ns
[2020-09-11T14:50:28.036+0000][1][gc,start     ] GC(53) Pause Young (Allocation Failure)
[2020-09-11T14:50:28.036+0000][1][gc,task      ] GC(53) Using 1 workers of 1 for evacuation
[2020-09-11T14:50:28.048+0000][1][gc,age       ] GC(53) Desired survivor size 4358144 bytes, new threshold 6 (max threshold 6)
[2020-09-11T14:50:28.048+0000][1][gc,age       ] GC(53) Age table with threshold 6 (max threshold 6)
[2020-09-11T14:50:28.048+0000][1][gc,age       ] GC(53) - age   1:     654584 bytes,     654584 total
[2020-09-11T14:50:28.048+0000][1][gc,age       ] GC(53) - age   2:     302408 bytes,     956992 total
[2020-09-11T14:50:28.048+0000][1][gc,age       ] GC(53) - age   3:     373696 bytes,    1330688 total
[2020-09-11T14:50:28.048+0000][1][gc,age       ] GC(53) - age   4:     115416 bytes,    1446104 total
[2020-09-11T14:50:28.048+0000][1][gc,heap      ] GC(53) ParNew: 69273K->1489K(76672K)
[2020-09-11T14:50:28.048+0000][1][gc,heap      ] GC(53) CMS: 48815K->48815K(2011968K)
[2020-09-11T14:50:28.048+0000][1][gc,metaspace ] GC(53) Metaspace: 32468K->32468K(1079296K)
[2020-09-11T14:50:28.048+0000][1][gc           ] GC(53) Pause Young (Allocation Failure) 115M->49M(2039M) 12.200ms
[2020-09-11T14:50:28.048+0000][1][gc,cpu       ] GC(53) User=0.01s Sys=0.00s Real=0.01s
[2020-09-11T14:50:28.048+0000][1][safepoint    ] Safepoint "GenCollectForAllocation", Time since last: 100986752 ns, Reaching safepoint: 148626 ns, At safepoint: 12258879 ns, Total: 12407505 ns
[2020-09-11T14:50:28.183+0000][1][gc,start     ] GC(54) Pause Young (Allocation Failure)
[2020-09-11T14:50:28.183+0000][1][gc,task      ] GC(54) Using 1 workers of 1 for evacuation
[2020-09-11T14:50:28.195+0000][1][gc,age       ] GC(54) Desired survivor size 4358144 bytes, new threshold 6 (max threshold 6)
[2020-09-11T14:50:28.195+0000][1][gc,age       ] GC(54) Age table with threshold 6 (max threshold 6)
[2020-09-11T14:50:28.195+0000][1][gc,age       ] GC(54) - age   1:     930952 bytes,     930952 total
[2020-09-11T14:50:28.195+0000][1][gc,age       ] GC(54) - age   2:     298784 bytes,    1229736 total
[2020-09-11T14:50:28.195+0000][1][gc,age       ] GC(54) - age   3:     301456 bytes,    1531192 total
[2020-09-11T14:50:28.195+0000][1][gc,age       ] GC(54) - age   4:     373672 bytes,    1904864 total
[2020-09-11T14:50:28.195+0000][1][gc,age       ] GC(54) - age   5:     115256 bytes,    2020120 total
[2020-09-11T14:50:28.195+0000][1][gc,heap      ] GC(54) ParNew: 69649K->2023K(76672K)
[2020-09-11T14:50:28.195+0000][1][gc,heap      ] GC(54) CMS: 48815K->48815K(2011968K)
[2020-09-11T14:50:28.195+0000][1][gc,metaspace ] GC(54) Metaspace: 32468K->32468K(1079296K)
[2020-09-11T14:50:28.195+0000][1][gc           ] GC(54) Pause Young (Allocation Failure) 115M->49M(2039M) 12.446ms
[2020-09-11T14:50:28.195+0000][1][gc,cpu       ] GC(54) User=0.01s Sys=0.00s Real=0.01s
[2020-09-11T14:50:28.195+0000][1][safepoint    ] Safepoint "GenCollectForAllocation", Time since last: 133959286 ns, Reaching safepoint: 150290 ns, At safepoint: 12512387 ns, Total: 12662677 ns
[2020-09-11T14:50:28.291+0000][1][gc,start     ] GC(55) Pause Young (Allocation Failure)
[2020-09-11T14:50:28.291+0000][1][gc,task      ] GC(55) Using 1 workers of 1 for evacuation
[2020-09-11T14:50:28.303+0000][1][gc,age       ] GC(55) Desired survivor size 4358144 bytes, new threshold 6 (max threshold 6)
[2020-09-11T14:50:28.303+0000][1][gc,age       ] GC(55) Age table with threshold 6 (max threshold 6)
[2020-09-11T14:50:28.303+0000][1][gc,age       ] GC(55) - age   1:     347384 bytes,     347384 total
[2020-09-11T14:50:28.303+0000][1][gc,age       ] GC(55) - age   2:     919416 bytes,    1266800 total
[2020-09-11T14:50:28.303+0000][1][gc,age       ] GC(55) - age   3:     297936 bytes,    1564736 total
[2020-09-11T14:50:28.303+0000][1][gc,age       ] GC(55) - age   4:     297696 bytes,    1862432 total
[2020-09-11T14:50:28.303+0000][1][gc,age       ] GC(55) - age   5:     373440 bytes,    2235872 total
[2020-09-11T14:50:28.303+0000][1][gc,age       ] GC(55) - age   6:     115232 bytes,    2351104 total
[2020-09-11T14:50:28.303+0000][1][gc,heap      ] GC(55) ParNew: 70183K->2296K(76672K)
[2020-09-11T14:50:28.303+0000][1][gc,heap      ] GC(55) CMS: 48815K->48815K(2011968K)
[2020-09-11T14:50:28.303+0000][1][gc,metaspace ] GC(55) Metaspace: 32468K->32468K(1079296K)
[2020-09-11T14:50:28.303+0000][1][gc           ] GC(55) Pause Young (Allocation Failure) 116M->49M(2039M) 12.400ms
[2020-09-11T14:50:28.303+0000][1][gc,cpu       ] GC(55) User=0.01s Sys=0.00s Real=0.01s
[2020-09-11T14:50:28.303+0000][1][safepoint    ] Safepoint "GenCollectForAllocation", Time since last: 95537303 ns, Reaching safepoint: 159989 ns, At safepoint: 12463960 ns, Total: 12623949 ns
[2020-09-11T14:50:28.586+0000][1][safepoint    ] Safepoint "Deoptimize", Time since last: 281901616 ns, Reaching safepoint: 140731 ns, At safepoint: 382022 ns, Total: 522753 ns
[2020-09-11T14:50:28.619+0000][1][safepoint    ] Safepoint "ICBufferFull", Time since last: 31815763 ns, Reaching safepoint: 218092 ns, At safepoint: 1711479 ns, Total: 1929571 ns
[2020-09-11T14:50:28.747+0000][1][safepoint    ] Safepoint "CollectForMetadataAllocation", Time since last: 127584082 ns, Reaching safepoint: 168984 ns, At safepoint: 115569 ns, Total: 284553 ns
[2020-09-11T14:50:28.772+0000][1][safepoint    ] Safepoint "CollectForMetadataAllocation", Time since last: 24222365 ns, Reaching safepoint: 151924 ns, At safepoint: 125487 ns, Total: 277411 ns
[2020-09-11T14:50:28.791+0000][1][safepoint    ] Safepoint "CollectForMetadataAllocation", Time since last: 19079369 ns, Reaching safepoint: 140354 ns, At safepoint: 112866 ns, Total: 253220 ns
[2020-09-11T14:50:28.804+0000][1][safepoint    ] Safepoint "CollectForMetadataAllocation", Time since last: 12220984 ns, Reaching safepoint: 94832 ns, At safepoint: 133095 ns, Total: 227927 ns
[2020-09-11T14:50:28.820+0000][1][safepoint    ] Safepoint "CollectForMetadataAllocation", Time since last: 16023931 ns, Reaching safepoint: 144631 ns, At safepoint: 112920 ns, Total: 257551 ns
[2020-09-11T14:50:28.869+0000][1][gc,start     ] GC(56) Pause Young (Allocation Failure)
[2020-09-11T14:50:28.869+0000][1][gc,task      ] GC(56) Using 1 workers of 1 for evacuation
[2020-09-11T14:50:28.891+0000][1][gc,age       ] GC(56) Desired survivor size 4358144 bytes, new threshold 6 (max threshold 6)
[2020-09-11T14:50:28.891+0000][1][gc,age       ] GC(56) Age table with threshold 6 (max threshold 6)
[2020-09-11T14:50:28.891+0000][1][gc,age       ] GC(56) - age   1:    1463760 bytes,    1463760 total
[2020-09-11T14:50:28.891+0000][1][gc,age       ] GC(56) - age   2:     335000 bytes,    1798760 total
[2020-09-11T14:50:28.891+0000][1][gc,age       ] GC(56) - age   3:     918936 bytes,    2717696 total
[2020-09-11T14:50:28.891+0000][1][gc,age       ] GC(56) - age   4:     297520 bytes,    3015216 total
[2020-09-11T14:50:28.891+0000][1][gc,age       ] GC(56) - age   5:     297576 bytes,    3312792 total
[2020-09-11T14:50:28.891+0000][1][gc,age       ] GC(56) - age   6:     373440 bytes,    3686232 total
[2020-09-11T14:50:28.891+0000][1][gc,heap      ] GC(56) ParNew: 70456K->3670K(76672K)
[2020-09-11T14:50:28.891+0000][1][gc,heap      ] GC(56) CMS: 48815K->48925K(2011968K)
[2020-09-11T14:50:28.891+0000][1][gc,metaspace ] GC(56) Metaspace: 36244K->36244K(1083392K)
[2020-09-11T14:50:28.891+0000][1][gc           ] GC(56) Pause Young (Allocation Failure) 116M->51M(2039M) 22.294ms
[2020-09-11T14:50:28.891+0000][1][gc,cpu       ] GC(56) User=0.02s Sys=0.00s Real=0.02s
[2020-09-11T14:50:28.895+0000][1][safepoint    ] Safepoint "GenCollectForAllocation", Time since last: 48918168 ns, Reaching safepoint: 109467 ns, At safepoint: 26581935 ns, Total: 26691402 ns
[2020-09-11T14:50:28.902+0000][1][gc,start     ] GC(57) Pause Initial Mark
[2020-09-11T14:50:28.904+0000][1][gc           ] GC(57) Pause Initial Mark 54M->54M(2039M) 2.158ms
[2020-09-11T14:50:28.904+0000][1][gc,cpu       ] GC(57) User=0.01s Sys=0.00s Real=0.01s
[2020-09-11T14:50:28.909+0000][1][safepoint    ] Safepoint "CMS_Initial_Mark", Time since last: 6428002 ns, Reaching safepoint: 101780 ns, At safepoint: 6805992 ns, Total: 6907772 ns
[2020-09-11T14:50:28.909+0000][1][gc           ] GC(57) Concurrent Mark
[2020-09-11T14:50:29.043+0000][1][gc           ] GC(57) Concurrent Mark 134.334ms
[2020-09-11T14:50:29.043+0000][1][gc,cpu       ] GC(57) User=0.13s Sys=0.00s Real=0.13s
[2020-09-11T14:50:29.043+0000][1][gc           ] GC(57) Concurrent Preclean
[2020-09-11T14:50:29.060+0000][1][gc           ] GC(57) Concurrent Preclean 16.790ms
[2020-09-11T14:50:29.060+0000][1][gc,cpu       ] GC(57) User=0.02s Sys=0.00s Real=0.02s
[2020-09-11T14:50:29.060+0000][1][gc           ] GC(57) Concurrent Abortable Preclean
[2020-09-11T14:50:29.148+0000][1][gc,start     ] GC(58) Pause Young (Allocation Failure)
[2020-09-11T14:50:29.148+0000][1][gc,task      ] GC(58) Using 1 workers of 1 for evacuation
[2020-09-11T14:50:29.165+0000][1][gc,age       ] GC(58) Desired survivor size 4358144 bytes, new threshold 6 (max threshold 6)
[2020-09-11T14:50:29.165+0000][1][gc,age       ] GC(58) Age table with threshold 6 (max threshold 6)
[2020-09-11T14:50:29.165+0000][1][gc,age       ] GC(58) - age   1:      53048 bytes,      53048 total
[2020-09-11T14:50:29.165+0000][1][gc,age       ] GC(58) - age   2:    1435872 bytes,    1488920 total
[2020-09-11T14:50:29.165+0000][1][gc,age       ] GC(58) - age   3:     335000 bytes,    1823920 total
[2020-09-11T14:50:29.165+0000][1][gc,age       ] GC(58) - age   4:     918936 bytes,    2742856 total
[2020-09-11T14:50:29.165+0000][1][gc,age       ] GC(58) - age   5:     297520 bytes,    3040376 total
[2020-09-11T14:50:29.165+0000][1][gc,age       ] GC(58) - age   6:     297576 bytes,    3337952 total
[2020-09-11T14:50:29.165+0000][1][gc,heap      ] GC(58) ParNew: 71830K->3789K(76672K)
[2020-09-11T14:50:29.165+0000][1][gc,heap      ] GC(58) CMS: 48925K->49290K(2011968K)
[2020-09-11T14:50:29.165+0000][1][gc,metaspace ] GC(58) Metaspace: 36244K->36244K(1083392K)
[2020-09-11T14:50:29.165+0000][1][gc           ] GC(58) Pause Young (Allocation Failure) 117M->51M(2039M) 17.561ms
[2020-09-11T14:50:29.165+0000][1][gc,cpu       ] GC(58) User=0.02s Sys=0.00s Real=0.02s
[2020-09-11T14:50:29.175+0000][1][safepoint    ] Safepoint "GenCollectForAllocation", Time since last: 238630686 ns, Reaching safepoint: 99194 ns, At safepoint: 27868673 ns, Total: 27967867 ns
[2020-09-11T14:50:29.254+0000][1][safepoint    ] Safepoint "CollectForMetadataAllocation", Time since last: 78173786 ns, Reaching safepoint: 110791 ns, At safepoint: 128888 ns, Total: 239679 ns
[2020-09-11T14:50:29.622+0000][1][safepoint    ] Safepoint "RevokeBias", Time since last: 367549073 ns, Reaching safepoint: 124545 ns, At safepoint: 39108 ns, Total: 163653 ns
[2020-09-11T14:50:29.652+0000][1][safepoint    ] Safepoint "CollectForMetadataAllocation", Time since last: 22614094 ns, Reaching safepoint: 7305439 ns, At safepoint: 120485 ns, Total: 7425924 ns
[2020-09-11T14:50:29.652+0000][1][safepoint    ] Safepoint "CollectForMetadataAllocation", Time since last: 683569 ns, Reaching safepoint: 85256 ns, At safepoint: 5897 ns, Total: 91153 ns
[2020-09-11T14:50:29.711+0000][1][safepoint    ] Safepoint "CollectForMetadataAllocation", Time since last: 58339102 ns, Reaching safepoint: 145150 ns, At safepoint: 117505 ns, Total: 262655 ns
[2020-09-11T14:50:29.740+0000][1][gc           ] GC(57) Concurrent Abortable Preclean 680.076ms
[2020-09-11T14:50:29.740+0000][1][gc,cpu       ] GC(57) User=0.65s Sys=0.00s Real=0.68s
[2020-09-11T14:50:29.740+0000][1][gc,start     ] GC(57) Pause Remark
[2020-09-11T14:50:29.764+0000][1][gc           ] GC(57) Pause Remark 86M->86M(2039M) 23.234ms
[2020-09-11T14:50:29.764+0000][1][gc,cpu       ] GC(57) User=0.03s Sys=0.00s Real=0.03s
[2020-09-11T14:50:29.772+0000][1][safepoint    ] Safepoint "CMS_Final_Remark", Time since last: 29328195 ns, Reaching safepoint: 97760 ns, At safepoint: 31723270 ns, Total: 31821030 ns
[2020-09-11T14:50:29.772+0000][1][gc           ] GC(57) Concurrent Sweep
[2020-09-11T14:50:29.801+0000][1][gc           ] GC(57) Concurrent Sweep 28.622ms
[2020-09-11T14:50:29.801+0000][1][gc,cpu       ] GC(57) User=0.02s Sys=0.00s Real=0.03s
[2020-09-11T14:50:29.801+0000][1][safepoint    ] Safepoint "CollectForMetadataAllocation", Time since last: 28776797 ns, Reaching safepoint: 387050 ns, At safepoint: 82459 ns, Total: 469509 ns
[2020-09-11T14:50:29.808+0000][1][gc           ] GC(57) Concurrent Reset
[2020-09-11T14:50:29.811+0000][1][gc           ] GC(57) Concurrent Reset 3.266ms
[2020-09-11T14:50:29.818+0000][1][gc,cpu       ] GC(57) User=0.01s Sys=0.01s Real=0.01s
[2020-09-11T14:50:29.818+0000][1][gc,heap      ] GC(57) Old: 48925K->48208K(2011968K)
[2020-09-11T14:50:30.427+0000][1][gc,start     ] GC(59) Pause Young (Allocation Failure)
[2020-09-11T14:50:30.427+0000][1][gc,task      ] GC(59) Using 1 workers of 1 for evacuation
[2020-09-11T14:50:30.452+0000][1][gc,age       ] GC(59) Desired survivor size 4358144 bytes, new threshold 4 (max threshold 6)
[2020-09-11T14:50:30.452+0000][1][gc,age       ] GC(59) Age table with threshold 4 (max threshold 6)
[2020-09-11T14:50:30.452+0000][1][gc,age       ] GC(59) - age   1:    2840384 bytes,    2840384 total
[2020-09-11T14:50:30.452+0000][1][gc,age       ] GC(59) - age   2:      52752 bytes,    2893136 total
[2020-09-11T14:50:30.452+0000][1][gc,age       ] GC(59) - age   3:    1389736 bytes,    4282872 total
[2020-09-11T14:50:30.452+0000][1][gc,age       ] GC(59) - age   4:     335000 bytes,    4617872 total
[2020-09-11T14:50:30.452+0000][1][gc,age       ] GC(59) - age   5:     918936 bytes,    5536808 total
[2020-09-11T14:50:30.452+0000][1][gc,age       ] GC(59) - age   6:     297520 bytes,    5834328 total
[2020-09-11T14:50:30.452+0000][1][gc,heap      ] GC(59) ParNew: 71949K->6601K(76672K)
[2020-09-11T14:50:30.452+0000][1][gc,heap      ] GC(59) CMS: 48208K->48499K(2011968K)
[2020-09-11T14:50:30.453+0000][1][gc,metaspace ] GC(59) Metaspace: 43130K->43130K(1089536K)
[2020-09-11T14:50:30.453+0000][1][gc           ] GC(59) Pause Young (Allocation Failure) 117M->53M(2039M) 25.231ms
[2020-09-11T14:50:30.453+0000][1][gc,cpu       ] GC(59) User=0.02s Sys=0.01s Real=0.02s
[2020-09-11T14:50:30.453+0000][1][safepoint    ] Safepoint "GenCollectForAllocation", Time since last: 625765145 ns, Reaching safepoint: 195130 ns, At safepoint: 25310967 ns, Total: 25506097 ns
[2020-09-11T14:50:30.800+0000][1][safepoint    ] Safepoint "RevokeBias", Time since last: 347200697 ns, Reaching safepoint: 128337 ns, At safepoint: 28329 ns, Total: 156666 ns
[2020-09-11T14:50:30.801+0000][1][safepoint    ] Safepoint "RevokeBias", Time since last: 1071705 ns, Reaching safepoint: 213634 ns, At safepoint: 59235 ns, Total: 272869 ns
[2020-09-11T14:50:31.802+0000][1][safepoint    ] Safepoint "Cleanup", Time since last: 1000092872 ns, Reaching safepoint: 117298 ns, At safepoint: 6556 ns, Total: 123854 ns
[2020-09-11T14:50:32.802+0000][1][safepoint    ] Safepoint "Cleanup", Time since last: 1000115114 ns, Reaching safepoint: 106084 ns, At safepoint: 7031 ns, Total: 113115 ns
[2020-09-11T14:50:33.304+0000][1][gc,start     ] GC(60) Pause Young (Allocation Failure)
[2020-09-11T14:50:33.304+0000][1][gc,task      ] GC(60) Using 1 workers of 1 for evacuation
[2020-09-11T14:50:33.363+0000][1][gc,age       ] GC(60) Desired survivor size 4358144 bytes, new threshold 2 (max threshold 6)
[2020-09-11T14:50:33.363+0000][1][gc,age       ] GC(60) Age table with threshold 2 (max threshold 6)
[2020-09-11T14:50:33.363+0000][1][gc,age       ] GC(60) - age   1:    2739216 bytes,    2739216 total
[2020-09-11T14:50:33.364+0000][1][gc,age       ] GC(60) - age   2:    2765528 bytes,    5504744 total
[2020-09-11T14:50:33.364+0000][1][gc,age       ] GC(60) - age   3:      52752 bytes,    5557496 total
[2020-09-11T14:50:33.364+0000][1][gc,age       ] GC(60) - age   4:    1388016 bytes,    6945512 total
[2020-09-11T14:50:33.364+0000][1][gc,heap      ] GC(60) ParNew: 74761K->8512K(76672K)
[2020-09-11T14:50:33.364+0000][1][gc,heap      ] GC(60) CMS: 48499K->50014K(2011968K)
[2020-09-11T14:50:33.364+0000][1][gc,metaspace ] GC(60) Metaspace: 48077K->48077K(1093632K)
[2020-09-11T14:50:33.364+0000][1][gc           ] GC(60) Pause Young (Allocation Failure) 120M->57M(2039M) 59.430ms
[2020-09-11T14:50:33.364+0000][1][gc,cpu       ] GC(60) User=0.06s Sys=0.00s Real=0.06s
[2020-09-11T14:50:33.364+0000][1][safepoint    ] Safepoint "GenCollectForAllocation", Time since last: 502254531 ns, Reaching safepoint: 144903 ns, At safepoint: 59489671 ns, Total: 59634574 ns
[2020-09-11T14:50:33.384+0000][1][safepoint    ] Safepoint "RevokeBias", Time since last: 19769493 ns, Reaching safepoint: 100687 ns, At safepoint: 32179 ns, Total: 132866 ns
[2020-09-11T14:50:33.392+0000][1][safepoint    ] Safepoint "RevokeBias", Time since last: 7869801 ns, Reaching safepoint: 97934 ns, At safepoint: 31915 ns, Total: 129849 ns
[2020-09-11T14:50:33.418+0000][1][safepoint    ] Safepoint "RevokeBias", Time since last: 25928392 ns, Reaching safepoint: 98710 ns, At safepoint: 41320 ns, Total: 140030 ns
[2020-09-11T14:50:33.656+0000][1][safepoint    ] Safepoint "RevokeBias", Time since last: 237921688 ns, Reaching safepoint: 419492 ns, At safepoint: 26499 ns, Total: 445991 ns
[2020-09-11T14:50:33.656+0000][1][safepoint    ] Safepoint "RevokeBias", Time since last: 62258 ns, Reaching safepoint: 82117 ns, At safepoint: 20317 ns, Total: 102434 ns
[2020-09-11T14:50:33.656+0000][1][safepoint    ] Safepoint "RevokeBias", Time since last: 176278 ns, Reaching safepoint: 81805 ns, At safepoint: 19001 ns, Total: 100806 ns
[2020-09-11T14:50:33.657+0000][1][safepoint    ] Safepoint "RevokeBias", Time since last: 35785 ns, Reaching safepoint: 80052 ns, At safepoint: 20334 ns, Total: 100386 ns
[2020-09-11T14:50:33.724+0000][1][safepoint    ] Safepoint "RevokeBias", Time since last: 66967815 ns, Reaching safepoint: 111739 ns, At safepoint: 37388 ns, Total: 149127 ns
[2020-09-11T14:50:33.724+0000][1][safepoint    ] Safepoint "RevokeBias", Time since last: 81302 ns, Reaching safepoint: 158832 ns, At safepoint: 25135 ns, Total: 183967 ns
[2020-09-11T14:50:33.724+0000][1][safepoint    ] Safepoint "RevokeBias", Time since last: 91892 ns, Reaching safepoint: 116503 ns, At safepoint: 22546 ns, Total: 139049 ns
[2020-09-11T14:50:33.727+0000][1][safepoint    ] Safepoint "BulkRevokeBias", Time since last: 2563371 ns, Reaching safepoint: 137201 ns, At safepoint: 74448 ns, Total: 211649 ns
[2020-09-11T14:50:33.728+0000][1][safepoint    ] Safepoint "RevokeBias", Time since last: 387912 ns, Reaching safepoint: 159857 ns, At safepoint: 25799 ns, Total: 185656 ns
[2020-09-11T14:50:33.732+0000][1][safepoint    ] Safepoint "RevokeBias", Time since last: 3908022 ns, Reaching safepoint: 99180 ns, At safepoint: 34346 ns, Total: 133526 ns
[2020-09-11T14:50:33.732+0000][1][safepoint    ] Safepoint "RevokeBias", Time since last: 58574 ns, Reaching safepoint: 88703 ns, At safepoint: 25644 ns, Total: 114347 ns
[2020-09-11T14:50:33.732+0000][1][safepoint    ] Safepoint "RevokeBias", Time since last: 34744 ns, Reaching safepoint: 85719 ns, At safepoint: 24524 ns, Total: 110243 ns
[2020-09-11T14:50:33.732+0000][1][safepoint    ] Safepoint "RevokeBias", Time since last: 32330 ns, Reaching safepoint: 83813 ns, At safepoint: 23511 ns, Total: 107324 ns
[2020-09-11T14:50:33.732+0000][1][safepoint    ] Safepoint "RevokeBias", Time since last: 30601 ns, Reaching safepoint: 83985 ns, At safepoint: 23073 ns, Total: 107058 ns
[2020-09-11T14:50:33.737+0000][1][safepoint    ] Safepoint "RevokeBias", Time since last: 4438136 ns, Reaching safepoint: 30499 ns, At safepoint: 36869 ns, Total: 67368 ns
[2020-09-11T14:50:33.737+0000][1][safepoint    ] Safepoint "RevokeBias", Time since last: 51817 ns, Reaching safepoint: 17325 ns, At safepoint: 23983 ns, Total: 41308 ns
[2020-09-11T14:50:33.737+0000][1][safepoint    ] Safepoint "RevokeBias", Time since last: 30081 ns, Reaching safepoint: 14700 ns, At safepoint: 21516 ns, Total: 36216 ns
[2020-09-11T14:50:33.737+0000][1][safepoint    ] Safepoint "RevokeBias", Time since last: 26808 ns, Reaching safepoint: 13026 ns, At safepoint: 35615 ns, Total: 48641 ns
[2020-09-11T14:50:33.737+0000][1][safepoint    ] Safepoint "RevokeBias", Time since last: 27847 ns, Reaching safepoint: 12998 ns, At safepoint: 20739 ns, Total: 33737 ns
[2020-09-11T14:50:33.737+0000][1][safepoint    ] Safepoint "RevokeBias", Time since last: 27986 ns, Reaching safepoint: 12234 ns, At safepoint: 20653 ns, Total: 32887 ns
[2020-09-11T14:50:33.737+0000][1][safepoint    ] Safepoint "RevokeBias", Time since last: 25322 ns, Reaching safepoint: 11853 ns, At safepoint: 20046 ns, Total: 31899 ns
[2020-09-11T14:50:33.737+0000][1][safepoint    ] Safepoint "RevokeBias", Time since last: 53421 ns, Reaching safepoint: 15198 ns, At safepoint: 20724 ns, Total: 35922 ns
[2020-09-11T14:50:33.737+0000][1][safepoint    ] Safepoint "RevokeBias", Time since last: 32867 ns, Reaching safepoint: 13326 ns, At safepoint: 20410 ns, Total: 33736 ns
[2020-09-11T14:50:33.738+0000][1][safepoint    ] Safepoint "RevokeBias", Time since last: 530069 ns, Reaching safepoint: 14205 ns, At safepoint: 22570 ns, Total: 36775 ns
[2020-09-11T14:50:33.738+0000][1][safepoint    ] Safepoint "RevokeBias", Time since last: 56986 ns, Reaching safepoint: 22052 ns, At safepoint: 22653 ns, Total: 44705 ns
[2020-09-11T14:50:33.738+0000][1][safepoint    ] Safepoint "RevokeBias", Time since last: 122810 ns, Reaching safepoint: 13968 ns, At safepoint: 22702 ns, Total: 36670 ns
[2020-09-11T14:50:33.738+0000][1][safepoint    ] Safepoint "RevokeBias", Time since last: 30723 ns, Reaching safepoint: 12462 ns, At safepoint: 21161 ns, Total: 33623 ns
[2020-09-11T14:50:33.738+0000][1][safepoint    ] Safepoint "RevokeBias", Time since last: 27058 ns, Reaching safepoint: 11690 ns, At safepoint: 20731 ns, Total: 32421 ns
[2020-09-11T14:50:33.738+0000][1][safepoint    ] Safepoint "RevokeBias", Time since last: 26687 ns, Reaching safepoint: 11587 ns, At safepoint: 20730 ns, Total: 32317 ns
[2020-09-11T14:50:33.738+0000][1][safepoint    ] Safepoint "RevokeBias", Time since last: 26386 ns, Reaching safepoint: 11621 ns, At safepoint: 28904 ns, Total: 40525 ns
[2020-09-11T14:50:33.738+0000][1][safepoint    ] Safepoint "RevokeBias", Time since last: 23653 ns, Reaching safepoint: 11731 ns, At safepoint: 28446 ns, Total: 40177 ns
[2020-09-11T14:50:33.738+0000][1][safepoint    ] Safepoint "RevokeBias", Time since last: 36072 ns, Reaching safepoint: 11793 ns, At safepoint: 28508 ns, Total: 40301 ns
[2020-09-11T14:50:33.739+0000][1][safepoint    ] Safepoint "BulkRevokeBias", Time since last: 22476 ns, Reaching safepoint: 11547 ns, At safepoint: 73932 ns, Total: 85479 ns
[2020-09-11T14:50:33.739+0000][1][safepoint    ] Safepoint "RevokeBias", Time since last: 42410 ns, Reaching safepoint: 14860 ns, At safepoint: 32662 ns, Total: 47522 ns
[2020-09-11T14:50:33.739+0000][1][safepoint    ] Safepoint "RevokeBias", Time since last: 28704 ns, Reaching safepoint: 12746 ns, At safepoint: 29975 ns, Total: 42721 ns
[2020-09-11T14:50:33.744+0000][1][safepoint    ] Safepoint "RevokeBias", Time since last: 5605462 ns, Reaching safepoint: 104663 ns, At safepoint: 45078 ns, Total: 149741 ns
[2020-09-11T14:50:33.745+0000][1][safepoint    ] Safepoint "RevokeBias", Time since last: 82103 ns, Reaching safepoint: 92867 ns, At safepoint: 35311 ns, Total: 128178 ns
[2020-09-11T14:50:33.745+0000][1][safepoint    ] Safepoint "RevokeBias", Time since last: 39704 ns, Reaching safepoint: 86296 ns, At safepoint: 31387 ns, Total: 117683 ns
[2020-09-11T14:50:33.745+0000][1][safepoint    ] Safepoint "RevokeBias", Time since last: 56418 ns, Reaching safepoint: 88614 ns, At safepoint: 28946 ns, Total: 117560 ns
[2020-09-11T14:50:33.745+0000][1][safepoint    ] Safepoint "RevokeBias", Time since last: 38077 ns, Reaching safepoint: 85354 ns, At safepoint: 28979 ns, Total: 114333 ns
[2020-09-11T14:50:33.745+0000][1][safepoint    ] Safepoint "RevokeBias", Time since last: 104786 ns, Reaching safepoint: 83213 ns, At safepoint: 27173 ns, Total: 110386 ns
[2020-09-11T14:50:33.746+0000][1][safepoint    ] Safepoint "RevokeBias", Time since last: 502863 ns, Reaching safepoint: 85423 ns, At safepoint: 18624 ns, Total: 104047 ns
[2020-09-11T14:50:33.746+0000][1][safepoint    ] Safepoint "RevokeBias", Time since last: 33995 ns, Reaching safepoint: 81609 ns, At safepoint: 16551 ns, Total: 98160 ns
[2020-09-11T14:50:33.746+0000][1][safepoint    ] Safepoint "RevokeBias", Time since last: 29898 ns, Reaching safepoint: 81046 ns, At safepoint: 16218 ns, Total: 97264 ns
[2020-09-11T14:50:33.746+0000][1][safepoint    ] Safepoint "RevokeBias", Time since last: 29576 ns, Reaching safepoint: 81012 ns, At safepoint: 15504 ns, Total: 96516 ns
[2020-09-11T14:50:33.746+0000][1][safepoint    ] Safepoint "RevokeBias", Time since last: 30392 ns, Reaching safepoint: 80816 ns, At safepoint: 16410 ns, Total: 97226 ns
[2020-09-11T14:50:33.747+0000][1][safepoint    ] Safepoint "RevokeBias", Time since last: 28758 ns, Reaching safepoint: 80068 ns, At safepoint: 15347 ns, Total: 95415 ns
[2020-09-11T14:50:33.747+0000][1][safepoint    ] Safepoint "RevokeBias", Time since last: 28780 ns, Reaching safepoint: 80204 ns, At safepoint: 15458 ns, Total: 95662 ns
[2020-09-11T14:50:33.747+0000][1][safepoint    ] Safepoint "RevokeBias", Time since last: 27995 ns, Reaching safepoint: 89270 ns, At safepoint: 28449 ns, Total: 117719 ns
[2020-09-11T14:50:33.747+0000][1][safepoint    ] Safepoint "RevokeBias", Time since last: 30807 ns, Reaching safepoint: 81826 ns, At safepoint: 15967 ns, Total: 97793 ns
[2020-09-11T14:50:33.747+0000][1][safepoint    ] Safepoint "RevokeBias", Time since last: 28982 ns, Reaching safepoint: 80376 ns, At safepoint: 14902 ns, Total: 95278 ns
[2020-09-11T14:50:33.747+0000][1][safepoint    ] Safepoint "RevokeBias", Time since last: 29811 ns, Reaching safepoint: 79973 ns, At safepoint: 14890 ns, Total: 94863 ns
[2020-09-11T14:50:33.747+0000][1][safepoint    ] Safepoint "RevokeBias", Time since last: 28010 ns, Reaching safepoint: 96699 ns, At safepoint: 14701 ns, Total: 111400 ns
[2020-09-11T14:50:33.748+0000][1][safepoint    ] Safepoint "RevokeBias", Time since last: 29432 ns, Reaching safepoint: 80720 ns, At safepoint: 15663 ns, Total: 96383 ns
[2020-09-11T14:50:33.748+0000][1][safepoint    ] Safepoint "RevokeBias", Time since last: 28732 ns, Reaching safepoint: 79045 ns, At safepoint: 14800 ns, Total: 93845 ns
[2020-09-11T14:50:33.748+0000][1][safepoint    ] Safepoint "RevokeBias", Time since last: 38676 ns, Reaching safepoint: 79476 ns, At safepoint: 14719 ns, Total: 94195 ns
[2020-09-11T14:50:33.748+0000][1][safepoint    ] Safepoint "RevokeBias", Time since last: 27942 ns, Reaching safepoint: 79027 ns, At safepoint: 14529 ns, Total: 93556 ns
[2020-09-11T14:50:33.748+0000][1][safepoint    ] Safepoint "RevokeBias", Time since last: 27955 ns, Reaching safepoint: 78669 ns, At safepoint: 14160 ns, Total: 92829 ns
[2020-09-11T14:50:33.748+0000][1][safepoint    ] Safepoint "RevokeBias", Time since last: 27352 ns, Reaching safepoint: 78682 ns, At safepoint: 14401 ns, Total: 93083 ns
[2020-09-11T14:50:33.748+0000][1][safepoint    ] Safepoint "BulkRevokeBias", Time since last: 27564 ns, Reaching safepoint: 78877 ns, At safepoint: 72318 ns, Total: 151195 ns
[2020-09-11T14:50:33.750+0000][1][safepoint    ] Safepoint "RevokeBias", Time since last: 1611581 ns, Reaching safepoint: 286505 ns, At safepoint: 24709 ns, Total: 311214 ns
[2020-09-11T14:50:33.750+0000][1][safepoint    ] Safepoint "RevokeBias", Time since last: 60370 ns, Reaching safepoint: 83459 ns, At safepoint: 25254 ns, Total: 108713 ns
[2020-09-11T14:50:33.751+0000][1][safepoint    ] Safepoint "RevokeBias", Time since last: 113868 ns, Reaching safepoint: 83852 ns, At safepoint: 25564 ns, Total: 109416 ns
[2020-09-11T14:50:33.751+0000][1][safepoint    ] Safepoint "RevokeBias", Time since last: 42151 ns, Reaching safepoint: 80335 ns, At safepoint: 23472 ns, Total: 103807 ns
[2020-09-11T14:50:33.751+0000][1][safepoint    ] Safepoint "RevokeBias", Time since last: 27362 ns, Reaching safepoint: 79330 ns, At safepoint: 22575 ns, Total: 101905 ns
[2020-09-11T14:50:33.751+0000][1][safepoint    ] Safepoint "RevokeBias", Time since last: 26173 ns, Reaching safepoint: 79034 ns, At safepoint: 22598 ns, Total: 101632 ns
[2020-09-11T14:50:33.751+0000][1][safepoint    ] Safepoint "RevokeBias", Time since last: 187368 ns, Reaching safepoint: 81486 ns, At safepoint: 22794 ns, Total: 104280 ns
[2020-09-11T14:50:33.752+0000][1][safepoint    ] Safepoint "RevokeBias", Time since last: 109763 ns, Reaching safepoint: 81327 ns, At safepoint: 28616 ns, Total: 109943 ns
[2020-09-11T14:50:33.752+0000][1][safepoint    ] Safepoint "RevokeBias", Time since last: 89365 ns, Reaching safepoint: 81039 ns, At safepoint: 28194 ns, Total: 109233 ns
[2020-09-11T14:50:33.752+0000][1][safepoint    ] Safepoint "RevokeBias", Time since last: 258681 ns, Reaching safepoint: 81711 ns, At safepoint: 28109 ns, Total: 109820 ns
[2020-09-11T14:50:33.753+0000][1][safepoint    ] Safepoint "BulkRevokeBias", Time since last: 407572 ns, Reaching safepoint: 82052 ns, At safepoint: 66526 ns, Total: 148578 ns
[2020-09-11T14:50:33.764+0000][1][safepoint    ] Safepoint "RevokeBias", Time since last: 10175388 ns, Reaching safepoint: 896317 ns, At safepoint: 38664 ns, Total: 934981 ns
[2020-09-11T14:50:33.765+0000][1][safepoint    ] Safepoint "RevokeBias", Time since last: 619278 ns, Reaching safepoint: 104788 ns, At safepoint: 34089 ns, Total: 138877 ns
[2020-09-11T14:50:33.765+0000][1][safepoint    ] Safepoint "RevokeBias", Time since last: 43862 ns, Reaching safepoint: 90635 ns, At safepoint: 25494 ns, Total: 116129 ns
[2020-09-11T14:50:33.800+0000][1][safepoint    ] Safepoint "RevokeBias", Time since last: 35158341 ns, Reaching safepoint: 105481 ns, At safepoint: 13276 ns, Total: 118757 ns
[2020-09-11T14:50:33.920+0000][1][safepoint    ] Safepoint "RevokeBias", Time since last: 119402130 ns, Reaching safepoint: 124893 ns, At safepoint: 16491 ns, Total: 141384 ns
[2020-09-11T14:50:33.920+0000][1][safepoint    ] Safepoint "RevokeBias", Time since last: 161402 ns, Reaching safepoint: 83483 ns, At safepoint: 8246 ns, Total: 91729 ns
[2020-09-11T14:50:33.920+0000][1][safepoint    ] Safepoint "RevokeBias", Time since last: 176353 ns, Reaching safepoint: 82621 ns, At safepoint: 8047 ns, Total: 90668 ns
[2020-09-11T14:50:33.920+0000][1][safepoint    ] Safepoint "RevokeBias", Time since last: 67326 ns, Reaching safepoint: 81843 ns, At safepoint: 8071 ns, Total: 89914 ns
[2020-09-11T14:50:34.166+0000][1][gc,start     ] GC(61) Pause Young (Allocation Failure)
[2020-09-11T14:50:34.166+0000][1][gc,task      ] GC(61) Using 1 workers of 1 for evacuation
[2020-09-11T14:50:34.213+0000][1][gc,age       ] GC(61) Desired survivor size 4358144 bytes, new threshold 2 (max threshold 6)
[2020-09-11T14:50:34.213+0000][1][gc,age       ] GC(61) Age table with threshold 2 (max threshold 6)
[2020-09-11T14:50:34.213+0000][1][gc,age       ] GC(61) - age   1:    2089072 bytes,    2089072 total
[2020-09-11T14:50:34.213+0000][1][gc,age       ] GC(61) - age   2:    2637352 bytes,    4726424 total
[2020-09-11T14:50:34.213+0000][1][gc,heap      ] GC(61) ParNew: 76672K->6292K(76672K)
[2020-09-11T14:50:34.214+0000][1][gc,heap      ] GC(61) CMS: 50014K->54207K(2011968K)
[2020-09-11T14:50:34.214+0000][1][gc,metaspace ] GC(61) Metaspace: 52842K->52842K(1097728K)
[2020-09-11T14:50:34.214+0000][1][gc           ] GC(61) Pause Young (Allocation Failure) 123M->59M(2039M) 47.884ms
[2020-09-11T14:50:34.214+0000][1][gc,cpu       ] GC(61) User=0.04s Sys=0.00s Real=0.04s
[2020-09-11T14:50:34.219+0000][1][safepoint    ] Safepoint "GenCollectForAllocation", Time since last: 245072847 ns, Reaching safepoint: 359886 ns, At safepoint: 53796896 ns, Total: 54156782 ns
[2020-09-11T14:50:34.223+0000][1][safepoint    ] Safepoint "RevokeBias", Time since last: 3044806 ns, Reaching safepoint: 26209 ns, At safepoint: 21813 ns, Total: 48022 ns
[2020-09-11T14:50:34.228+0000][1][safepoint    ] Safepoint "RevokeBias", Time since last: 4891684 ns, Reaching safepoint: 140987 ns, At safepoint: 13592 ns, Total: 154579 ns
[2020-09-11T14:50:34.408+0000][1][safepoint    ] Safepoint "RevokeBias", Time since last: 179827325 ns, Reaching safepoint: 110678 ns, At safepoint: 15590 ns, Total: 126268 ns
[2020-09-11T14:50:34.637+0000][1][safepoint    ] Safepoint "RevokeBias", Time since last: 226911354 ns, Reaching safepoint: 2371950 ns, At safepoint: 52546 ns, Total: 2424496 ns
[2020-09-11T14:50:35.378+0000][1][gc,start     ] GC(62) Pause Young (Allocation Failure)
[2020-09-11T14:50:35.378+0000][1][gc,task      ] GC(62) Using 1 workers of 1 for evacuation
[2020-09-11T14:50:35.410+0000][1][gc,age       ] GC(62) Desired survivor size 4358144 bytes, new threshold 6 (max threshold 6)
[2020-09-11T14:50:35.410+0000][1][gc,age       ] GC(62) Age table with threshold 6 (max threshold 6)
[2020-09-11T14:50:35.410+0000][1][gc,age       ] GC(62) - age   1:    1849912 bytes,    1849912 total
[2020-09-11T14:50:35.410+0000][1][gc,age       ] GC(62) - age   2:    2058472 bytes,    3908384 total
[2020-09-11T14:50:35.410+0000][1][gc,heap      ] GC(62) ParNew: 74452K->5034K(76672K)
[2020-09-11T14:50:35.410+0000][1][gc,heap      ] GC(62) CMS: 54207K->56888K(2011968K)
[2020-09-11T14:50:35.410+0000][1][gc,metaspace ] GC(62) Metaspace: 61019K->61019K(1105920K)
[2020-09-11T14:50:35.410+0000][1][gc           ] GC(62) Pause Young (Allocation Failure) 125M->60M(2039M) 32.493ms
[2020-09-11T14:50:35.411+0000][1][gc,cpu       ] GC(62) User=0.03s Sys=0.00s Real=0.03s
[2020-09-11T14:50:35.422+0000][1][safepoint    ] Safepoint "GenCollectForAllocation", Time since last: 740098439 ns, Reaching safepoint: 1016769 ns, At safepoint: 44086609 ns, Total: 45103378 ns
[2020-09-11T14:50:35.518+0000][1][safepoint    ] Safepoint "RevokeBias", Time since last: 96183604 ns, Reaching safepoint: 124592 ns, At safepoint: 28772 ns, Total: 153364 ns
[2020-09-11T14:50:35.519+0000][1][safepoint    ] Safepoint "RevokeBias", Time since last: 107370 ns, Reaching safepoint: 16604 ns, At safepoint: 19280 ns, Total: 35884 ns
[2020-09-11T14:50:35.519+0000][1][safepoint    ] Safepoint "RevokeBias", Time since last: 110514 ns, Reaching safepoint: 14419 ns, At safepoint: 18516 ns, Total: 32935 ns
[2020-09-11T14:50:35.521+0000][1][safepoint    ] Safepoint "RevokeBias", Time since last: 1797142 ns, Reaching safepoint: 90592 ns, At safepoint: 13064 ns, Total: 103656 ns
[2020-09-11T14:50:35.521+0000][1][safepoint    ] Safepoint "RevokeBias", Time since last: 53362 ns, Reaching safepoint: 83317 ns, At safepoint: 9920 ns, Total: 93237 ns
[2020-09-11T14:50:35.521+0000][1][safepoint    ] Safepoint "RevokeBias", Time since last: 44743 ns, Reaching safepoint: 81240 ns, At safepoint: 9605 ns, Total: 90845 ns
[2020-09-11T14:50:35.521+0000][1][safepoint    ] Safepoint "RevokeBias", Time since last: 31584 ns, Reaching safepoint: 79992 ns, At safepoint: 8507 ns, Total: 88499 ns
[2020-09-11T14:50:35.522+0000][1][safepoint    ] Safepoint "RevokeBias", Time since last: 755957 ns, Reaching safepoint: 81449 ns, At safepoint: 22896 ns, Total: 104345 ns
[2020-09-11T14:50:35.745+0000][1][safepoint    ] Safepoint "CollectForMetadataAllocation", Time since last: 222506145 ns, Reaching safepoint: 177798 ns, At safepoint: 122612 ns, Total: 300410 ns
[2020-09-11T14:50:35.770+0000][1][safepoint    ] Safepoint "CollectForMetadataAllocation", Time since last: 25478113 ns, Reaching safepoint: 156988 ns, At safepoint: 112347 ns, Total: 269335 ns
[2020-09-11T14:50:35.796+0000][1][safepoint    ] Safepoint "RevokeBias", Time since last: 25822907 ns, Reaching safepoint: 162962 ns, At safepoint: 72333 ns, Total: 235295 ns
[2020-09-11T14:50:35.872+0000][1][safepoint    ] Safepoint "RevokeBias", Time since last: 75238801 ns, Reaching safepoint: 115949 ns, At safepoint: 14332 ns, Total: 130281 ns
[2020-09-11T14:50:35.905+0000][1][safepoint    ] Safepoint "CollectForMetadataAllocation", Time since last: 32947560 ns, Reaching safepoint: 111078 ns, At safepoint: 109633 ns, Total: 220711 ns
[2020-09-11T14:50:36.053+0000][1][safepoint    ] Safepoint "Deoptimize", Time since last: 147218803 ns, Reaching safepoint: 109772 ns, At safepoint: 323202 ns, Total: 432974 ns
[2020-09-11T14:50:36.060+0000][1][safepoint    ] Safepoint "CollectForMetadataAllocation", Time since last: 6758095 ns, Reaching safepoint: 101950 ns, At safepoint: 118364 ns, Total: 220314 ns
[2020-09-11T14:50:36.123+0000][1][safepoint    ] Safepoint "CollectForMetadataAllocation", Time since last: 62658057 ns, Reaching safepoint: 107999 ns, At safepoint: 107395 ns, Total: 215394 ns
[2020-09-11T14:50:36.224+0000][1][safepoint    ] Safepoint "CollectForMetadataAllocation", Time since last: 100899777 ns, Reaching safepoint: 124481 ns, At safepoint: 127190 ns, Total: 251671 ns
[2020-09-11T14:50:36.274+0000][1][safepoint    ] Safepoint "RevokeBias", Time since last: 49717139 ns, Reaching safepoint: 116885 ns, At safepoint: 13831 ns, Total: 130716 ns
[2020-09-11T14:50:36.274+0000][1][safepoint    ] Safepoint "RevokeBias", Time since last: 92392 ns, Reaching safepoint: 83409 ns, At safepoint: 9691 ns, Total: 93100 ns
[2020-09-11T14:50:36.274+0000][1][safepoint    ] Safepoint "RevokeBias", Time since last: 182069 ns, Reaching safepoint: 84806 ns, At safepoint: 9657 ns, Total: 94463 ns
[2020-09-11T14:50:36.274+0000][1][safepoint    ] Safepoint "RevokeBias", Time since last: 155557 ns, Reaching safepoint: 82831 ns, At safepoint: 8223 ns, Total: 91054 ns
[2020-09-11T14:50:36.274+0000][1][safepoint    ] Safepoint "BulkRevokeBias", Time since last: 82377 ns, Reaching safepoint: 80912 ns, At safepoint: 76832 ns, Total: 157744 ns
[2020-09-11T14:50:36.337+0000][1][safepoint    ] Safepoint "CollectForMetadataAllocation", Time since last: 62658044 ns, Reaching safepoint: 103136 ns, At safepoint: 116020 ns, Total: 219156 ns
[2020-09-11T14:50:36.458+0000][1][safepoint    ] Safepoint "CollectForMetadataAllocation", Time since last: 120199807 ns, Reaching safepoint: 133515 ns, At safepoint: 133458 ns, Total: 266973 ns
[2020-09-11T14:50:36.528+0000][1][safepoint    ] Safepoint "CollectForMetadataAllocation", Time since last: 69638632 ns, Reaching safepoint: 111443 ns, At safepoint: 76026 ns, Total: 187469 ns
[2020-09-11T14:50:36.565+0000][1][safepoint    ] Safepoint "CollectForMetadataAllocation", Time since last: 36663231 ns, Reaching safepoint: 155664 ns, At safepoint: 128185 ns, Total: 283849 ns
[2020-09-11T14:50:36.607+0000][1][safepoint    ] Safepoint "CollectForMetadataAllocation", Time since last: 42030814 ns, Reaching safepoint: 103882 ns, At safepoint: 112067 ns, Total: 215949 ns
[2020-09-11T14:50:36.668+0000][1][safepoint    ] Safepoint "RevokeBias", Time since last: 60584069 ns, Reaching safepoint: 103588 ns, At safepoint: 13826 ns, Total: 117414 ns
[2020-09-11T14:50:36.668+0000][1][safepoint    ] Safepoint "RevokeBias", Time since last: 272735 ns, Reaching safepoint: 80967 ns, At safepoint: 8992 ns, Total: 89959 ns
[2020-09-11T14:50:36.698+0000][1][safepoint    ] Safepoint "CollectForMetadataAllocation", Time since last: 29851593 ns, Reaching safepoint: 99369 ns, At safepoint: 74787 ns, Total: 174156 ns
[2020-09-11T14:50:36.742+0000][1][safepoint    ] Safepoint "CollectForMetadataAllocation", Time since last: 43615696 ns, Reaching safepoint: 102814 ns, At safepoint: 113418 ns, Total: 216232 ns
[2020-09-11T14:50:36.778+0000][1][safepoint    ] Safepoint "CollectForMetadataAllocation", Time since last: 36110857 ns, Reaching safepoint: 102221 ns, At safepoint: 105329 ns, Total: 207550 ns
[2020-09-11T14:50:36.840+0000][1][safepoint    ] Safepoint "CollectForMetadataAllocation", Time since last: 61281174 ns, Reaching safepoint: 84486 ns, At safepoint: 114299 ns, Total: 198785 ns
[2020-09-11T14:50:36.861+0000][1][safepoint    ] Safepoint "CollectForMetadataAllocation", Time since last: 20783690 ns, Reaching safepoint: 104836 ns, At safepoint: 103668 ns, Total: 208504 ns
[2020-09-11T14:50:36.879+0000][1][gc,start     ] GC(63) Pause Young (Allocation Failure)
[2020-09-11T14:50:36.879+0000][1][gc,task      ] GC(63) Using 1 workers of 1 for evacuation
[2020-09-11T14:50:36.952+0000][1][gc,age       ] GC(63) Desired survivor size 4358144 bytes, new threshold 2 (max threshold 6)
[2020-09-11T14:50:36.952+0000][1][gc,age       ] GC(63) Age table with threshold 2 (max threshold 6)
[2020-09-11T14:50:36.952+0000][1][gc,age       ] GC(63) - age   1:    3452072 bytes,    3452072 total
[2020-09-11T14:50:36.952+0000][1][gc,age       ] GC(63) - age   2:    1639512 bytes,    5091584 total
[2020-09-11T14:50:36.952+0000][1][gc,age       ] GC(63) - age   3:    2016680 bytes,    7108264 total
[2020-09-11T14:50:36.952+0000][1][gc,heap      ] GC(63) ParNew: 73194K->8242K(76672K)
[2020-09-11T14:50:36.952+0000][1][gc,heap      ] GC(63) CMS: 56888K->56888K(2011968K)
[2020-09-11T14:50:36.952+0000][1][gc,metaspace ] GC(63) Metaspace: 66768K->66768K(1110016K)
[2020-09-11T14:50:36.952+0000][1][gc           ] GC(63) Pause Young (Allocation Failure) 127M->63M(2039M) 73.120ms
[2020-09-11T14:50:36.952+0000][1][gc,cpu       ] GC(63) User=0.07s Sys=0.00s Real=0.07s
[2020-09-11T14:50:36.952+0000][1][safepoint    ] Safepoint "GenCollectForAllocation", Time since last: 18351274 ns, Reaching safepoint: 108651 ns, At safepoint: 73238302 ns, Total: 73346953 ns
[2020-09-11T14:50:36.957+0000][1][gc,start     ] GC(64) Pause Initial Mark
[2020-09-11T14:50:36.971+0000][1][gc           ] GC(64) Pause Initial Mark 64M->64M(2039M) 14.108ms
[2020-09-11T14:50:36.971+0000][1][gc,cpu       ] GC(64) User=0.02s Sys=0.00s Real=0.01s
[2020-09-11T14:50:36.978+0000][1][safepoint    ] Safepoint "CMS_Initial_Mark", Time since last: 4755976 ns, Reaching safepoint: 97320 ns, At safepoint: 20845590 ns, Total: 20942910 ns
[2020-09-11T14:50:36.978+0000][1][gc           ] GC(64) Concurrent Mark
[2020-09-11T14:50:37.020+0000][1][safepoint    ] Safepoint "CollectForMetadataAllocation", Time since last: 40337666 ns, Reaching safepoint: 1240648 ns, At safepoint: 125721 ns, Total: 1366369 ns
[2020-09-11T14:50:37.082+0000][1][safepoint    ] Safepoint "RevokeBias", Time since last: 59366674 ns, Reaching safepoint: 3345721 ns, At safepoint: 14896 ns, Total: 3360617 ns
[2020-09-11T14:50:37.101+0000][1][safepoint    ] Safepoint "CollectForMetadataAllocation", Time since last: 18541958 ns, Reaching safepoint: 44870 ns, At safepoint: 123334 ns, Total: 168204 ns
[2020-09-11T14:50:37.153+0000][1][gc           ] GC(64) Concurrent Mark 174.735ms
[2020-09-11T14:50:37.153+0000][1][gc,cpu       ] GC(64) User=0.17s Sys=0.01s Real=0.17s
[2020-09-11T14:50:37.153+0000][1][safepoint    ] Safepoint "CollectForMetadataAllocation", Time since last: 51259477 ns, Reaching safepoint: 477515 ns, At safepoint: 125403 ns, Total: 602918 ns
[2020-09-11T14:50:37.156+0000][1][gc           ] GC(64) Concurrent Preclean
[2020-09-11T14:50:37.159+0000][1][gc           ] GC(64) Concurrent Preclean 3.059ms
[2020-09-11T14:50:37.159+0000][1][gc,cpu       ] GC(64) User=0.01s Sys=0.00s Real=0.00s
[2020-09-11T14:50:37.159+0000][1][gc           ] GC(64) Concurrent Abortable Preclean
[2020-09-11T14:50:37.179+0000][1][safepoint    ] Safepoint "CollectForMetadataAllocation", Time since last: 22459438 ns, Reaching safepoint: 3188959 ns, At safepoint: 131475 ns, Total: 3320434 ns
[2020-09-11T14:50:37.200+0000][1][safepoint    ] Safepoint "CollectForMetadataAllocation", Time since last: 17349121 ns, Reaching safepoint: 3401738 ns, At safepoint: 124301 ns, Total: 3526039 ns
[2020-09-11T14:50:37.212+0000][1][safepoint    ] Safepoint "Deoptimize", Time since last: 8677005 ns, Reaching safepoint: 3190826 ns, At safepoint: 336406 ns, Total: 3527232 ns
[2020-09-11T14:50:37.237+0000][1][safepoint    ] Safepoint "Deoptimize", Time since last: 19607228 ns, Reaching safepoint: 4792011 ns, At safepoint: 353721 ns, Total: 5145732 ns
[2020-09-11T14:50:37.238+0000][1][safepoint    ] Safepoint "CollectForMetadataAllocation", Time since last: 1545948 ns, Reaching safepoint: 93707 ns, At safepoint: 116341 ns, Total: 210048 ns
[2020-09-11T14:50:37.336+0000][1][safepoint    ] Safepoint "CollectForMetadataAllocation", Time since last: 94727129 ns, Reaching safepoint: 2448941 ns, At safepoint: 136714 ns, Total: 2585655 ns
[2020-09-11T14:50:37.375+0000][1][safepoint    ] Safepoint "RevokeBias", Time since last: 39600452 ns, Reaching safepoint: 49566 ns, At safepoint: 18479 ns, Total: 68045 ns
[2020-09-11T14:50:37.376+0000][1][safepoint    ] Safepoint "RevokeBias", Time since last: 377836 ns, Reaching safepoint: 80609 ns, At safepoint: 16787 ns, Total: 97396 ns
[2020-09-11T14:50:37.383+0000][1][safepoint    ] Safepoint "RevokeBias", Time since last: 3093460 ns, Reaching safepoint: 3965403 ns, At safepoint: 25693 ns, Total: 3991096 ns
[2020-09-11T14:50:37.384+0000][1][safepoint    ] Safepoint "RevokeBias", Time since last: 651019 ns, Reaching safepoint: 88896 ns, At safepoint: 19867 ns, Total: 108763 ns
[2020-09-11T14:50:37.384+0000][1][safepoint    ] Safepoint "RevokeBias", Time since last: 42608 ns, Reaching safepoint: 13107 ns, At safepoint: 13035 ns, Total: 26142 ns
[2020-09-11T14:50:37.384+0000][1][safepoint    ] Safepoint "RevokeBias", Time since last: 163270 ns, Reaching safepoint: 13552 ns, At safepoint: 13249 ns, Total: 26801 ns
[2020-09-11T14:50:37.384+0000][1][safepoint    ] Safepoint "RevokeBias", Time since last: 177267 ns, Reaching safepoint: 10118 ns, At safepoint: 13084 ns, Total: 23202 ns
[2020-09-11T14:50:37.384+0000][1][safepoint    ] Safepoint "RevokeBias", Time since last: 124514 ns, Reaching safepoint: 12324 ns, At safepoint: 13035 ns, Total: 25359 ns
[2020-09-11T14:50:37.384+0000][1][safepoint    ] Safepoint "RevokeBias", Time since last: 30925 ns, Reaching safepoint: 10963 ns, At safepoint: 12577 ns, Total: 23540 ns
[2020-09-11T14:50:37.385+0000][1][safepoint    ] Safepoint "RevokeBias", Time since last: 406842 ns, Reaching safepoint: 10545 ns, At safepoint: 13070 ns, Total: 23615 ns
[2020-09-11T14:50:37.395+0000][1][safepoint    ] Safepoint "RevokeBias", Time since last: 4607195 ns, Reaching safepoint: 6132301 ns, At safepoint: 24147 ns, Total: 6156448 ns
[2020-09-11T14:50:37.396+0000][1][safepoint    ] Safepoint "RevokeBias", Time since last: 124487 ns, Reaching safepoint: 11517 ns, At safepoint: 14508 ns, Total: 26025 ns
[2020-09-11T14:50:37.396+0000][1][safepoint    ] Safepoint "CollectForMetadataAllocation", Time since last: 323074 ns, Reaching safepoint: 10907 ns, At safepoint: 120211 ns, Total: 131118 ns
[2020-09-11T14:50:37.399+0000][1][safepoint    ] Safepoint "Deoptimize", Time since last: 2979323 ns, Reaching safepoint: 101994 ns, At safepoint: 335040 ns, Total: 437034 ns
[2020-09-11T14:50:37.516+0000][1][safepoint    ] Safepoint "CollectForMetadataAllocation", Time since last: 113030037 ns, Reaching safepoint: 2960201 ns, At safepoint: 115403 ns, Total: 3075604 ns
[2020-09-11T14:50:37.608+0000][1][safepoint    ] Safepoint "CollectForMetadataAllocation", Time since last: 91832577 ns, Reaching safepoint: 113295 ns, At safepoint: 121095 ns, Total: 234390 ns
[2020-09-11T14:50:37.683+0000][1][safepoint    ] Safepoint "CollectForMetadataAllocation", Time since last: 71996448 ns, Reaching safepoint: 3683218 ns, At safepoint: 126891 ns, Total: 3810109 ns
[2020-09-11T14:50:37.687+0000][1][safepoint    ] Safepoint "CollectForMetadataAllocation", Time since last: 2932297 ns, Reaching safepoint: 98185 ns, At safepoint: 6472 ns, Total: 104657 ns
[2020-09-11T14:50:37.764+0000][1][safepoint    ] Safepoint "CollectForMetadataAllocation", Time since last: 76947881 ns, Reaching safepoint: 120852 ns, At safepoint: 130236 ns, Total: 251088 ns
[2020-09-11T14:50:37.827+0000][1][safepoint    ] Safepoint "RevokeBias", Time since last: 53881479 ns, Reaching safepoint: 9026635 ns, At safepoint: 22535 ns, Total: 9049170 ns
[2020-09-11T14:50:37.828+0000][1][safepoint    ] Safepoint "RevokeBias", Time since last: 809060 ns, Reaching safepoint: 91907 ns, At safepoint: 16858 ns, Total: 108765 ns
[2020-09-11T14:50:37.829+0000][1][safepoint    ] Safepoint "CollectForMetadataAllocation", Time since last: 966344 ns, Reaching safepoint: 92222 ns, At safepoint: 72530 ns, Total: 164752 ns
[2020-09-11T14:50:37.842+0000][1][safepoint    ] Safepoint "RevokeBias", Time since last: 11131101 ns, Reaching safepoint: 2392704 ns, At safepoint: 23603 ns, Total: 2416307 ns
[2020-09-11T14:50:37.844+0000][1][safepoint    ] Safepoint "RevokeBias", Time since last: 957112 ns, Reaching safepoint: 1276601 ns, At safepoint: 23162 ns, Total: 1299763 ns
[2020-09-11T14:50:37.849+0000][1][safepoint    ] Safepoint "RevokeBias", Time since last: 2595751 ns, Reaching safepoint: 1855340 ns, At safepoint: 28875 ns, Total: 1884215 ns
[2020-09-11T14:50:37.849+0000][1][safepoint    ] Safepoint "RevokeBias", Time since last: 218614 ns, Reaching safepoint: 86951 ns, At safepoint: 12308 ns, Total: 99259 ns
[2020-09-11T14:50:37.857+0000][1][safepoint    ] Safepoint "RevokeBias", Time since last: 6235616 ns, Reaching safepoint: 1165340 ns, At safepoint: 18445 ns, Total: 1183785 ns
[2020-09-11T14:50:37.858+0000][1][safepoint    ] Safepoint "RevokeBias", Time since last: 1072218 ns, Reaching safepoint: 90414 ns, At safepoint: 13889 ns, Total: 104303 ns
[2020-09-11T14:50:37.858+0000][1][safepoint    ] Safepoint "RevokeBias", Time since last: 389777 ns, Reaching safepoint: 83056 ns, At safepoint: 11911 ns, Total: 94967 ns
[2020-09-11T14:50:37.872+0000][1][safepoint    ] Safepoint "RevokeBias", Time since last: 9435059 ns, Reaching safepoint: 4515294 ns, At safepoint: 14396 ns, Total: 4529690 ns
[2020-09-11T14:50:37.874+0000][1][safepoint    ] Safepoint "RevokeBias", Time since last: 1832795 ns, Reaching safepoint: 100204 ns, At safepoint: 15174 ns, Total: 115378 ns
[2020-09-11T14:50:37.874+0000][1][safepoint    ] Safepoint "RevokeBias", Time since last: 69330 ns, Reaching safepoint: 84557 ns, At safepoint: 12742 ns, Total: 97299 ns
[2020-09-11T14:50:37.875+0000][1][safepoint    ] Safepoint "RevokeBias", Time since last: 228619 ns, Reaching safepoint: 90026 ns, At safepoint: 15265 ns, Total: 105291 ns
[2020-09-11T14:50:37.875+0000][1][safepoint    ] Safepoint "RevokeBias", Time since last: 37784 ns, Reaching safepoint: 85849 ns, At safepoint: 11259 ns, Total: 97108 ns
[2020-09-11T14:50:37.875+0000][1][safepoint    ] Safepoint "RevokeBias", Time since last: 308548 ns, Reaching safepoint: 88206 ns, At safepoint: 15037 ns, Total: 103243 ns
[2020-09-11T14:50:37.876+0000][1][safepoint    ] Safepoint "RevokeBias", Time since last: 110203 ns, Reaching safepoint: 85706 ns, At safepoint: 9822 ns, Total: 95528 ns
[2020-09-11T14:50:37.876+0000][1][safepoint    ] Safepoint "RevokeBias", Time since last: 323407 ns, Reaching safepoint: 87680 ns, At safepoint: 33402 ns, Total: 121082 ns
[2020-09-11T14:50:37.876+0000][1][safepoint    ] Safepoint "RevokeBias", Time since last: 157810 ns, Reaching safepoint: 88105 ns, At safepoint: 10804 ns, Total: 98909 ns
[2020-09-11T14:50:37.884+0000][1][safepoint    ] Safepoint "RevokeBias", Time since last: 3248741 ns, Reaching safepoint: 4022537 ns, At safepoint: 20017 ns, Total: 4042554 ns
[2020-09-11T14:50:37.884+0000][1][safepoint    ] Safepoint "RevokeBias", Time since last: 181097 ns, Reaching safepoint: 16743 ns, At safepoint: 9487 ns, Total: 26230 ns
[2020-09-11T14:50:37.884+0000][1][safepoint    ] Safepoint "RevokeBias", Time since last: 69988 ns, Reaching safepoint: 17004 ns, At safepoint: 9024 ns, Total: 26028 ns
[2020-09-11T14:50:37.893+0000][1][safepoint    ] Safepoint "RevokeBias", Time since last: 5588382 ns, Reaching safepoint: 3152404 ns, At safepoint: 16478 ns, Total: 3168882 ns
[2020-09-11T14:50:37.893+0000][1][safepoint    ] Safepoint "RevokeBias", Time since last: 579581 ns, Reaching safepoint: 92432 ns, At safepoint: 12012 ns, Total: 104444 ns
[2020-09-11T14:50:37.894+0000][1][safepoint    ] Safepoint "RevokeBias", Time since last: 398247 ns, Reaching safepoint: 92892 ns, At safepoint: 13738 ns, Total: 106630 ns
[2020-09-11T14:50:37.896+0000][1][safepoint    ] Safepoint "RevokeBias", Time since last: 1638357 ns, Reaching safepoint: 80517 ns, At safepoint: 12817 ns, Total: 93334 ns
[2020-09-11T14:50:37.896+0000][1][safepoint    ] Safepoint "RevokeBias", Time since last: 33044 ns, Reaching safepoint: 16990 ns, At safepoint: 8106 ns, Total: 25096 ns
[2020-09-11T14:50:37.904+0000][1][safepoint    ] Safepoint "RevokeBias", Time since last: 3848950 ns, Reaching safepoint: 4092124 ns, At safepoint: 26610 ns, Total: 4118734 ns
[2020-09-11T14:50:37.904+0000][1][safepoint    ] Safepoint "RevokeBias", Time since last: 115772 ns, Reaching safepoint: 17201 ns, At safepoint: 6477 ns, Total: 23678 ns
[2020-09-11T14:50:37.904+0000][1][safepoint    ] Safepoint "RevokeBias", Time since last: 302583 ns, Reaching safepoint: 18746 ns, At safepoint: 36810 ns, Total: 55556 ns
[2020-09-11T14:50:37.904+0000][1][safepoint    ] Safepoint "RevokeBias", Time since last: 67583 ns, Reaching safepoint: 92383 ns, At safepoint: 10922 ns, Total: 103305 ns
[2020-09-11T14:50:37.916+0000][1][safepoint    ] Safepoint "RevokeBias", Time since last: 7212330 ns, Reaching safepoint: 5003763 ns, At safepoint: 19558 ns, Total: 5023321 ns
[2020-09-11T14:50:37.917+0000][1][safepoint    ] Safepoint "RevokeBias", Time since last: 337994 ns, Reaching safepoint: 22189 ns, At safepoint: 10608 ns, Total: 32797 ns
[2020-09-11T14:50:37.917+0000][1][safepoint    ] Safepoint "RevokeBias", Time since last: 44303 ns, Reaching safepoint: 17657 ns, At safepoint: 9439 ns, Total: 27096 ns
[2020-09-11T14:50:37.922+0000][1][safepoint    ] Safepoint "CollectForMetadataAllocation", Time since last: 4461349 ns, Reaching safepoint: 101015 ns, At safepoint: 95858 ns, Total: 196873 ns
[2020-09-11T14:50:37.922+0000][1][safepoint    ] Safepoint "RevokeBias", Time since last: 471704 ns, Reaching safepoint: 17707 ns, At safepoint: 9912 ns, Total: 27619 ns
[2020-09-11T14:50:37.922+0000][1][safepoint    ] Safepoint "RevokeBias", Time since last: 58998 ns, Reaching safepoint: 84294 ns, At safepoint: 12156 ns, Total: 96450 ns
[2020-09-11T14:50:37.923+0000][1][safepoint    ] Safepoint "RevokeBias", Time since last: 610380 ns, Reaching safepoint: 86795 ns, At safepoint: 12703 ns, Total: 99498 ns
[2020-09-11T14:50:37.923+0000][1][safepoint    ] Safepoint "RevokeBias", Time since last: 30278 ns, Reaching safepoint: 83023 ns, At safepoint: 12835 ns, Total: 95858 ns
[2020-09-11T14:50:37.923+0000][1][safepoint    ] Safepoint "RevokeBias", Time since last: 27766 ns, Reaching safepoint: 82705 ns, At safepoint: 10968 ns, Total: 93673 ns
[2020-09-11T14:50:37.927+0000][1][safepoint    ] Safepoint "RevokeBias", Time since last: 2894906 ns, Reaching safepoint: 1195921 ns, At safepoint: 13747 ns, Total: 1209668 ns
[2020-09-11T14:50:37.927+0000][1][safepoint    ] Safepoint "RevokeBias", Time since last: 71829 ns, Reaching safepoint: 89580 ns, At safepoint: 11818 ns, Total: 101398 ns
[2020-09-11T14:50:37.928+0000][1][safepoint    ] Safepoint "RevokeBias", Time since last: 236167 ns, Reaching safepoint: 88339 ns, At safepoint: 10592 ns, Total: 98931 ns
[2020-09-11T14:50:37.940+0000][1][safepoint    ] Safepoint "RevokeBias", Time since last: 11651668 ns, Reaching safepoint: 133424 ns, At safepoint: 46736 ns, Total: 180160 ns
[2020-09-11T14:50:37.942+0000][1][safepoint    ] Safepoint "RevokeBias", Time since last: 2330952 ns, Reaching safepoint: 106172 ns, At safepoint: 12570 ns, Total: 118742 ns
[2020-09-11T14:50:37.960+0000][1][safepoint    ] Safepoint "BulkRevokeBias", Time since last: 10961619 ns, Reaching safepoint: 6472273 ns, At safepoint: 142687 ns, Total: 6614960 ns
[2020-09-11T14:50:37.965+0000][1][safepoint    ] Safepoint "RevokeBias", Time since last: 5283824 ns, Reaching safepoint: 45759 ns, At safepoint: 13392 ns, Total: 59151 ns
[2020-09-11T14:50:37.967+0000][1][safepoint    ] Safepoint "RevokeBias", Time since last: 2036786 ns, Reaching safepoint: 112566 ns, At safepoint: 13211 ns, Total: 125777 ns
[2020-09-11T14:50:37.970+0000][1][safepoint    ] Safepoint "RevokeBias", Time since last: 2769009 ns, Reaching safepoint: 38842 ns, At safepoint: 12708 ns, Total: 51550 ns
[2020-09-11T14:50:37.972+0000][1][safepoint    ] Safepoint "RevokeBias", Time since last: 1854951 ns, Reaching safepoint: 98984 ns, At safepoint: 12818 ns, Total: 111802 ns
[2020-09-11T14:50:37.975+0000][1][safepoint    ] Safepoint "RevokeBias", Time since last: 2608143 ns, Reaching safepoint: 106035 ns, At safepoint: 38130 ns, Total: 144165 ns
[2020-09-11T14:50:37.978+0000][1][safepoint    ] Safepoint "RevokeBias", Time since last: 3470815 ns, Reaching safepoint: 107950 ns, At safepoint: 18937 ns, Total: 126887 ns
[2020-09-11T14:50:37.978+0000][1][safepoint    ] Safepoint "RevokeBias", Time since last: 41942 ns, Reaching safepoint: 86797 ns, At safepoint: 12221 ns, Total: 99018 ns
[2020-09-11T14:50:37.990+0000][1][safepoint    ] Safepoint "CollectForMetadataAllocation", Time since last: 5101729 ns, Reaching safepoint: 6179076 ns, At safepoint: 129258 ns, Total: 6308334 ns
[2020-09-11T14:50:38.012+0000][1][safepoint    ] Safepoint "CollectForMetadataAllocation", Time since last: 18745009 ns, Reaching safepoint: 2949105 ns, At safepoint: 166804 ns, Total: 3115909 ns
[2020-09-11T14:50:38.020+0000][1][safepoint    ] Safepoint "RevokeBias", Time since last: 3622110 ns, Reaching safepoint: 4212547 ns, At safepoint: 19083 ns, Total: 4231630 ns
[2020-09-11T14:50:38.033+0000][1][safepoint    ] Safepoint "RevokeBias", Time since last: 13000329 ns, Reaching safepoint: 68552 ns, At safepoint: 17971 ns, Total: 86523 ns
[2020-09-11T14:50:38.033+0000][1][safepoint    ] Safepoint "RevokeBias", Time since last: 91184 ns, Reaching safepoint: 93474 ns, At safepoint: 11239 ns, Total: 104713 ns
[2020-09-11T14:50:38.033+0000][1][safepoint    ] Safepoint "RevokeBias", Time since last: 28145 ns, Reaching safepoint: 85239 ns, At safepoint: 10371 ns, Total: 95610 ns
[2020-09-11T14:50:38.033+0000][1][safepoint    ] Safepoint "RevokeBias", Time since last: 27030 ns, Reaching safepoint: 84779 ns, At safepoint: 10256 ns, Total: 95035 ns
[2020-09-11T14:50:38.033+0000][1][safepoint    ] Safepoint "RevokeBias", Time since last: 24882 ns, Reaching safepoint: 84604 ns, At safepoint: 10321 ns, Total: 94925 ns
[2020-09-11T14:50:38.033+0000][1][safepoint    ] Safepoint "RevokeBias", Time since last: 200505 ns, Reaching safepoint: 87197 ns, At safepoint: 10422 ns, Total: 97619 ns
[2020-09-11T14:50:38.034+0000][1][safepoint    ] Safepoint "RevokeBias", Time since last: 28196 ns, Reaching safepoint: 84716 ns, At safepoint: 10358 ns, Total: 95074 ns
[2020-09-11T14:50:38.034+0000][1][safepoint    ] Safepoint "RevokeBias", Time since last: 24991 ns, Reaching safepoint: 84928 ns, At safepoint: 10039 ns, Total: 94967 ns
[2020-09-11T14:50:38.048+0000][1][safepoint    ] Safepoint "RevokeBias", Time since last: 8013330 ns, Reaching safepoint: 5775979 ns, At safepoint: 19653 ns, Total: 5795632 ns
[2020-09-11T14:50:38.049+0000][1][safepoint    ] Safepoint "RevokeBias", Time since last: 1336402 ns, Reaching safepoint: 366920 ns, At safepoint: 15703 ns, Total: 382623 ns
[2020-09-11T14:50:38.052+0000][1][safepoint    ] Safepoint "CollectForMetadataAllocation", Time since last: 2166511 ns, Reaching safepoint: 34109 ns, At safepoint: 110038 ns, Total: 144147 ns
[2020-09-11T14:50:38.052+0000][1][safepoint    ] Safepoint "RevokeBias", Time since last: 42813 ns, Reaching safepoint: 17178 ns, At safepoint: 8582 ns, Total: 25760 ns
[2020-09-11T14:50:38.052+0000][1][safepoint    ] Safepoint "RevokeBias", Time since last: 30987 ns, Reaching safepoint: 16109 ns, At safepoint: 8028 ns, Total: 24137 ns
[2020-09-11T14:50:38.052+0000][1][safepoint    ] Safepoint "RevokeBias", Time since last: 29737 ns, Reaching safepoint: 15960 ns, At safepoint: 8031 ns, Total: 23991 ns
[2020-09-11T14:50:38.052+0000][1][safepoint    ] Safepoint "RevokeBias", Time since last: 31670 ns, Reaching safepoint: 15747 ns, At safepoint: 8003 ns, Total: 23750 ns
[2020-09-11T14:50:38.052+0000][1][safepoint    ] Safepoint "RevokeBias", Time since last: 30351 ns, Reaching safepoint: 15745 ns, At safepoint: 7985 ns, Total: 23730 ns
[2020-09-11T14:50:38.052+0000][1][safepoint    ] Safepoint "RevokeBias", Time since last: 30048 ns, Reaching safepoint: 15686 ns, At safepoint: 7942 ns, Total: 23628 ns
[2020-09-11T14:50:38.076+0000][1][safepoint    ] Safepoint "CollectForMetadataAllocation", Time since last: 18587984 ns, Reaching safepoint: 5011439 ns, At safepoint: 129548 ns, Total: 5140987 ns
[2020-09-11T14:50:38.088+0000][1][safepoint    ] Safepoint "RevokeBias", Time since last: 12718933 ns, Reaching safepoint: 62917 ns, At safepoint: 13749 ns, Total: 76666 ns
[2020-09-11T14:50:38.088+0000][1][safepoint    ] Safepoint "RevokeBias", Time since last: 49592 ns, Reaching safepoint: 19028 ns, At safepoint: 8397 ns, Total: 27425 ns
[2020-09-11T14:50:38.089+0000][1][safepoint    ] Safepoint "RevokeBias", Time since last: 27734 ns, Reaching safepoint: 18628 ns, At safepoint: 8096 ns, Total: 26724 ns
[2020-09-11T14:50:38.089+0000][1][safepoint    ] Safepoint "RevokeBias", Time since last: 40638 ns, Reaching safepoint: 18827 ns, At safepoint: 8152 ns, Total: 26979 ns
[2020-09-11T14:50:38.092+0000][1][safepoint    ] Safepoint "CollectForMetadataAllocation", Time since last: 3278889 ns, Reaching safepoint: 116981 ns, At safepoint: 113584 ns, Total: 230565 ns
[2020-09-11T14:50:38.346+0000][1][gc,start     ] GC(65) Pause Young (Allocation Failure)
[2020-09-11T14:50:38.346+0000][1][gc,task      ] GC(65) Using 1 workers of 1 for evacuation
[2020-09-11T14:50:38.516+0000][1][gc,age       ] GC(65) Desired survivor size 4358144 bytes, new threshold 2 (max threshold 6)
[2020-09-11T14:50:38.516+0000][1][gc,age       ] GC(65) Age table with threshold 2 (max threshold 6)
[2020-09-11T14:50:38.516+0000][1][gc,age       ] GC(65) - age   1:    1509032 bytes,    1509032 total
[2020-09-11T14:50:38.516+0000][1][gc,age       ] GC(65) - age   2:    3383992 bytes,    4893024 total
[2020-09-11T14:50:38.516+0000][1][gc,heap      ] GC(65) ParNew: 76402K->6236K(76672K)
[2020-09-11T14:50:38.516+0000][1][gc,heap      ] GC(65) CMS: 56888K->93313K(2011968K)
[2020-09-11T14:50:38.516+0000][1][gc,metaspace ] GC(65) Metaspace: 72880K->72880K(1116160K)
[2020-09-11T14:50:38.516+0000][1][gc           ] GC(65) Pause Young (Allocation Failure) 130M->97M(2039M) 170.819ms
[2020-09-11T14:50:38.516+0000][1][gc,cpu       ] GC(65) User=0.09s Sys=0.00s Real=0.17s
[2020-09-11T14:50:38.527+0000][1][safepoint    ] Safepoint "GenCollectForAllocation", Time since last: 241490447 ns, Reaching safepoint: 11969331 ns, At safepoint: 181884949 ns, Total: 193854280 ns
[2020-09-11T14:50:38.532+0000][1][safepoint    ] Safepoint "CollectForMetadataAllocation", Time since last: 617688 ns, Reaching safepoint: 3399363 ns, At safepoint: 122471 ns, Total: 3521834 ns
[2020-09-11T14:50:38.533+0000][1][safepoint    ] Safepoint "CollectForMetadataAllocation", Time since last: 1295556 ns, Reaching safepoint: 108570 ns, At safepoint: 8070 ns, Total: 116640 ns
[2020-09-11T14:50:38.550+0000][1][safepoint    ] Safepoint "RevokeBias", Time since last: 16890954 ns, Reaching safepoint: 57123 ns, At safepoint: 16616 ns, Total: 73739 ns
[2020-09-11T14:50:38.563+0000][1][safepoint    ] Safepoint "RevokeBias", Time since last: 11909598 ns, Reaching safepoint: 970438 ns, At safepoint: 12293 ns, Total: 982731 ns
[2020-09-11T14:50:38.572+0000][1][safepoint    ] Safepoint "Deoptimize", Time since last: 8535023 ns, Reaching safepoint: 57503 ns, At safepoint: 369726 ns, Total: 427229 ns
[2020-09-11T14:50:38.573+0000][1][safepoint    ] Safepoint "RevokeBias", Time since last: 721180 ns, Reaching safepoint: 96704 ns, At safepoint: 27046 ns, Total: 123750 ns
[2020-09-11T14:50:38.743+0000][1][safepoint    ] Safepoint "CollectForMetadataAllocation", Time since last: 170419838 ns, Reaching safepoint: 122854 ns, At safepoint: 76430 ns, Total: 199284 ns
[2020-09-11T14:50:38.750+0000][1][safepoint    ] Safepoint "RevokeBias", Time since last: 4370521 ns, Reaching safepoint: 1998798 ns, At safepoint: 20546 ns, Total: 2019344 ns
[2020-09-11T14:50:38.751+0000][1][safepoint    ] Safepoint "RevokeBias", Time since last: 1215733 ns, Reaching safepoint: 102908 ns, At safepoint: 36784 ns, Total: 139692 ns
[2020-09-11T14:50:38.755+0000][1][safepoint    ] Safepoint "RevokeBias", Time since last: 3700470 ns, Reaching safepoint: 104485 ns, At safepoint: 20243 ns, Total: 124728 ns
[2020-09-11T14:50:38.756+0000][1][safepoint    ] Safepoint "RevokeBias", Time since last: 640465 ns, Reaching safepoint: 104042 ns, At safepoint: 17987 ns, Total: 122029 ns
[2020-09-11T14:50:38.756+0000][1][safepoint    ] Safepoint "RevokeBias", Time since last: 68931 ns, Reaching safepoint: 98637 ns, At safepoint: 15884 ns, Total: 114521 ns
[2020-09-11T14:50:38.756+0000][1][safepoint    ] Safepoint "RevokeBias", Time since last: 262028 ns, Reaching safepoint: 99140 ns, At safepoint: 15216 ns, Total: 114356 ns
[2020-09-11T14:50:38.757+0000][1][safepoint    ] Safepoint "RevokeBias", Time since last: 240812 ns, Reaching safepoint: 96155 ns, At safepoint: 14463 ns, Total: 110618 ns
[2020-09-11T14:50:38.790+0000][1][safepoint    ] Safepoint "RevokeBias", Time since last: 31501801 ns, Reaching safepoint: 1921285 ns, At safepoint: 20781 ns, Total: 1942066 ns
[2020-09-11T14:50:38.808+0000][1][safepoint    ] Safepoint "RevokeBias", Time since last: 13264095 ns, Reaching safepoint: 4276123 ns, At safepoint: 15415 ns, Total: 4291538 ns
[2020-09-11T14:50:38.827+0000][1][safepoint    ] Safepoint "RevokeBias", Time since last: 17150561 ns, Reaching safepoint: 2378734 ns, At safepoint: 24390 ns, Total: 2403124 ns
[2020-09-11T14:50:38.836+0000][1][safepoint    ] Safepoint "RevokeBias", Time since last: 5345636 ns, Reaching safepoint: 3275929 ns, At safepoint: 18858 ns, Total: 3294787 ns
[2020-09-11T14:50:38.837+0000][1][safepoint    ] Safepoint "RevokeBias", Time since last: 965966 ns, Reaching safepoint: 687189 ns, At safepoint: 33329 ns, Total: 720518 ns
[2020-09-11T14:50:38.843+0000][1][safepoint    ] Safepoint "RevokeBias", Time since last: 2563437 ns, Reaching safepoint: 2537114 ns, At safepoint: 17783 ns, Total: 2554897 ns
[2020-09-11T14:50:38.843+0000][1][safepoint    ] Safepoint "RevokeBias", Time since last: 124950 ns, Reaching safepoint: 107264 ns, At safepoint: 13595 ns, Total: 120859 ns
[2020-09-11T14:50:38.843+0000][1][safepoint    ] Safepoint "RevokeBias", Time since last: 189825 ns, Reaching safepoint: 109280 ns, At safepoint: 13441 ns, Total: 122721 ns
[2020-09-11T14:50:38.843+0000][1][safepoint    ] Safepoint "RevokeBias", Time since last: 87733 ns, Reaching safepoint: 130149 ns, At safepoint: 12675 ns, Total: 142824 ns
[2020-09-11T14:50:38.859+0000][1][safepoint    ] Safepoint "RevokeBias", Time since last: 5050753 ns, Reaching safepoint: 10302382 ns, At safepoint: 16396 ns, Total: 10318778 ns
[2020-09-11T14:50:38.860+0000][1][safepoint    ] Safepoint "RevokeBias", Time since last: 1175898 ns, Reaching safepoint: 104496 ns, At safepoint: 12525 ns, Total: 117021 ns
[2020-09-11T14:50:38.860+0000][1][safepoint    ] Safepoint "RevokeBias", Time since last: 233922 ns, Reaching safepoint: 96385 ns, At safepoint: 12086 ns, Total: 108471 ns
[2020-09-11T14:50:38.861+0000][1][safepoint    ] Safepoint "RevokeBias", Time since last: 311357 ns, Reaching safepoint: 94334 ns, At safepoint: 11091 ns, Total: 105425 ns
[2020-09-11T14:50:38.863+0000][1][safepoint    ] Safepoint "RevokeBias", Time since last: 381594 ns, Reaching safepoint: 1379040 ns, At safepoint: 19218 ns, Total: 1398258 ns
[2020-09-11T14:50:38.864+0000][1][safepoint    ] Safepoint "RevokeBias", Time since last: 974612 ns, Reaching safepoint: 105233 ns, At safepoint: 11862 ns, Total: 117095 ns
[2020-09-11T14:50:38.864+0000][1][safepoint    ] Safepoint "RevokeBias", Time since last: 201926 ns, Reaching safepoint: 92700 ns, At safepoint: 11322 ns, Total: 104022 ns
[2020-09-11T14:50:38.864+0000][1][safepoint    ] Safepoint "RevokeBias", Time since last: 83066 ns, Reaching safepoint: 91140 ns, At safepoint: 10089 ns, Total: 101229 ns
[2020-09-11T14:50:38.864+0000][1][safepoint    ] Safepoint "RevokeBias", Time since last: 134351 ns, Reaching safepoint: 89424 ns, At safepoint: 10068 ns, Total: 99492 ns
[2020-09-11T14:50:38.880+0000][1][safepoint    ] Safepoint "RevokeBias", Time since last: 5388214 ns, Reaching safepoint: 9796010 ns, At safepoint: 17403 ns, Total: 9813413 ns
[2020-09-11T14:50:38.884+0000][1][safepoint    ] Safepoint "RevokeBias", Time since last: 4156375 ns, Reaching safepoint: 106362 ns, At safepoint: 12967 ns, Total: 119329 ns
[2020-09-11T14:50:38.892+0000][1][safepoint    ] Safepoint "RevokeBias", Time since last: 7731005 ns, Reaching safepoint: 125999 ns, At safepoint: 15231 ns, Total: 141230 ns
[2020-09-11T14:50:38.894+0000][1][safepoint    ] Safepoint "RevokeBias", Time since last: 1834756 ns, Reaching safepoint: 105704 ns, At safepoint: 12727 ns, Total: 118431 ns
[2020-09-11T14:50:38.894+0000][1][safepoint    ] Safepoint "RevokeBias", Time since last: 211720 ns, Reaching safepoint: 85405 ns, At safepoint: 9822 ns, Total: 95227 ns
[2020-09-11T14:50:38.894+0000][1][safepoint    ] Safepoint "RevokeBias", Time since last: 118583 ns, Reaching safepoint: 84145 ns, At safepoint: 12047 ns, Total: 96192 ns
[2020-09-11T14:50:38.900+0000][1][safepoint    ] Safepoint "RevokeBias", Time since last: 5700543 ns, Reaching safepoint: 109263 ns, At safepoint: 14392 ns, Total: 123655 ns
[2020-09-11T14:50:38.900+0000][1][safepoint    ] Safepoint "RevokeBias", Time since last: 171669 ns, Reaching safepoint: 86081 ns, At safepoint: 11640 ns, Total: 97721 ns
[2020-09-11T14:50:38.901+0000][1][safepoint    ] Safepoint "RevokeBias", Time since last: 211470 ns, Reaching safepoint: 85136 ns, At safepoint: 10631 ns, Total: 95767 ns
[2020-09-11T14:50:38.901+0000][1][safepoint    ] Safepoint "RevokeBias", Time since last: 103021 ns, Reaching safepoint: 85269 ns, At safepoint: 13148 ns, Total: 98417 ns
[2020-09-11T14:50:38.902+0000][1][safepoint    ] Safepoint "RevokeBias", Time since last: 889088 ns, Reaching safepoint: 87431 ns, At safepoint: 10825 ns, Total: 98256 ns
[2020-09-11T14:50:38.902+0000][1][safepoint    ] Safepoint "RevokeBias", Time since last: 86554 ns, Reaching safepoint: 84030 ns, At safepoint: 9735 ns, Total: 93765 ns
[2020-09-11T14:50:38.909+0000][1][safepoint    ] Safepoint "RevokeBias", Time since last: 5491401 ns, Reaching safepoint: 1796034 ns, At safepoint: 16578 ns, Total: 1812612 ns
[2020-09-11T14:50:38.910+0000][1][safepoint    ] Safepoint "RevokeBias", Time since last: 167505 ns, Reaching safepoint: 88533 ns, At safepoint: 10133 ns, Total: 98666 ns
[2020-09-11T14:50:38.910+0000][1][safepoint    ] Safepoint "RevokeBias", Time since last: 614081 ns, Reaching safepoint: 95579 ns, At safepoint: 10761 ns, Total: 106340 ns
[2020-09-11T14:50:38.919+0000][1][safepoint    ] Safepoint "RevokeBias", Time since last: 8428691 ns, Reaching safepoint: 779403 ns, At safepoint: 16452 ns, Total: 795855 ns
[2020-09-11T14:50:38.929+0000][1][safepoint    ] Safepoint "RevokeBias", Time since last: 8761347 ns, Reaching safepoint: 921154 ns, At safepoint: 15606 ns, Total: 936760 ns
[2020-09-11T14:50:38.963+0000][1][safepoint    ] Safepoint "RevokeBias", Time since last: 9565704 ns, Reaching safepoint: 23923718 ns, At safepoint: 14110 ns, Total: 23937828 ns
[2020-09-11T14:50:38.963+0000][1][safepoint    ] Safepoint "RevokeBias", Time since last: 655221 ns, Reaching safepoint: 94718 ns, At safepoint: 13802 ns, Total: 108520 ns
[2020-09-11T14:50:39.000+0000][1][safepoint    ] Safepoint "RevokeBias", Time since last: 23977069 ns, Reaching safepoint: 12128753 ns, At safepoint: 17013 ns, Total: 12145766 ns
[2020-09-11T14:50:39.009+0000][1][safepoint    ] Safepoint "RevokeBias", Time since last: 8458354 ns, Reaching safepoint: 947632 ns, At safepoint: 16921 ns, Total: 964553 ns
[2020-09-11T14:50:39.243+0000][1][safepoint    ] Safepoint "RevokeBias", Time since last: 226446359 ns, Reaching safepoint: 7527993 ns, At safepoint: 32914 ns, Total: 7560907 ns
[2020-09-11T14:50:39.252+0000][1][safepoint    ] Safepoint "RevokeBias", Time since last: 8574761 ns, Reaching safepoint: 95943 ns, At safepoint: 11994 ns, Total: 107937 ns
[2020-09-11T14:50:39.252+0000][1][safepoint    ] Safepoint "BulkRevokeBias", Time since last: 207157 ns, Reaching safepoint: 86454 ns, At safepoint: 140097 ns, Total: 226551 ns
[2020-09-11T14:50:39.256+0000][1][safepoint    ] Safepoint "RevokeBias", Time since last: 3313714 ns, Reaching safepoint: 104178 ns, At safepoint: 13897 ns, Total: 118075 ns
[2020-09-11T14:50:39.259+0000][1][safepoint    ] Safepoint "BulkRevokeBias", Time since last: 3188724 ns, Reaching safepoint: 101756 ns, At safepoint: 141281 ns, Total: 243037 ns
[2020-09-11T14:50:39.290+0000][1][safepoint    ] Safepoint "RevokeBias", Time since last: 30989083 ns, Reaching safepoint: 259373 ns, At safepoint: 25930 ns, Total: 285303 ns
[2020-09-11T14:50:39.292+0000][1][safepoint    ] Safepoint "RevokeBias", Time since last: 1636863 ns, Reaching safepoint: 100747 ns, At safepoint: 13727 ns, Total: 114474 ns
[2020-09-11T14:50:39.295+0000][1][safepoint    ] Safepoint "BulkRevokeBias", Time since last: 2723510 ns, Reaching safepoint: 107584 ns, At safepoint: 150005 ns, Total: 257589 ns
[2020-09-11T14:50:39.661+0000][1][safepoint    ] Safepoint "CollectForMetadataAllocation", Time since last: 333448619 ns, Reaching safepoint: 32119658 ns, At safepoint: 151392 ns, Total: 32271050 ns
[2020-09-11T14:50:39.833+0000][1][safepoint    ] Safepoint "RevokeBias", Time since last: 156852584 ns, Reaching safepoint: 15732417 ns, At safepoint: 18576 ns, Total: 15750993 ns
[2020-09-11T14:50:40.144+0000][1][safepoint    ] Safepoint "RevokeBias", Time since last: 290312002 ns, Reaching safepoint: 20455573 ns, At safepoint: 14848 ns, Total: 20470421 ns
[2020-09-11T14:50:40.144+0000][1][safepoint    ] Safepoint "RevokeBias", Time since last: 223815 ns, Reaching safepoint: 88083 ns, At safepoint: 10130 ns, Total: 98213 ns
[2020-09-11T14:50:40.145+0000][1][safepoint    ] Safepoint "RevokeBias", Time since last: 207693 ns, Reaching safepoint: 85886 ns, At safepoint: 11174 ns, Total: 97060 ns
[2020-09-11T14:50:40.150+0000][1][safepoint    ] Safepoint "RevokeBias", Time since last: 5584490 ns, Reaching safepoint: 131707 ns, At safepoint: 16370 ns, Total: 148077 ns
[2020-09-11T14:50:40.152+0000][1][safepoint    ] Safepoint "RevokeBias", Time since last: 972220 ns, Reaching safepoint: 413090 ns, At safepoint: 14679 ns, Total: 427769 ns
[2020-09-11T14:50:40.152+0000][1][safepoint    ] Safepoint "RevokeBias", Time since last: 102131 ns, Reaching safepoint: 86778 ns, At safepoint: 11385 ns, Total: 98163 ns
[2020-09-11T14:50:40.152+0000][1][safepoint    ] Safepoint "RevokeBias", Time since last: 162093 ns, Reaching safepoint: 86920 ns, At safepoint: 10598 ns, Total: 97518 ns
[2020-09-11T14:50:40.152+0000][1][safepoint    ] Safepoint "RevokeBias", Time since last: 73940 ns, Reaching safepoint: 86630 ns, At safepoint: 10618 ns, Total: 97248 ns
[2020-09-11T14:50:40.153+0000][1][safepoint    ] Safepoint "RevokeBias", Time since last: 114951 ns, Reaching safepoint: 88576 ns, At safepoint: 11407 ns, Total: 99983 ns
[2020-09-11T14:50:40.153+0000][1][safepoint    ] Safepoint "RevokeBias", Time since last: 68111 ns, Reaching safepoint: 88421 ns, At safepoint: 10617 ns, Total: 99038 ns
[2020-09-11T14:50:40.153+0000][1][safepoint    ] Safepoint "RevokeBias", Time since last: 123975 ns, Reaching safepoint: 87358 ns, At safepoint: 12042 ns, Total: 99400 ns
[2020-09-11T14:50:40.153+0000][1][safepoint    ] Safepoint "RevokeBias", Time since last: 65810 ns, Reaching safepoint: 234381 ns, At safepoint: 12107 ns, Total: 246488 ns
[2020-09-11T14:50:40.156+0000][1][safepoint    ] Safepoint "RevokeBias", Time since last: 112461 ns, Reaching safepoint: 2074764 ns, At safepoint: 18810 ns, Total: 2093574 ns
[2020-09-11T14:50:40.179+0000][1][safepoint    ] Safepoint "RevokeBias", Time since last: 9601954 ns, Reaching safepoint: 14172384 ns, At safepoint: 40267 ns, Total: 14212651 ns
[2020-09-11T14:50:40.212+0000][1][safepoint    ] Safepoint "RevokeBias", Time since last: 10594335 ns, Reaching safepoint: 21666847 ns, At safepoint: 18340 ns, Total: 21685187 ns
[2020-09-11T14:50:40.228+0000][1][safepoint    ] Safepoint "RevokeBias", Time since last: 7404544 ns, Reaching safepoint: 8525538 ns, At safepoint: 17302 ns, Total: 8542840 ns
[2020-09-11T14:50:40.229+0000][1][safepoint    ] Safepoint "RevokeBias", Time since last: 1416326 ns, Reaching safepoint: 109481 ns, At safepoint: 12456 ns, Total: 121937 ns
[2020-09-11T14:50:40.231+0000][1][safepoint    ] Safepoint "RevokeBias", Time since last: 1617171 ns, Reaching safepoint: 103398 ns, At safepoint: 14045 ns, Total: 117443 ns
[2020-09-11T14:50:40.234+0000][1][safepoint    ] Safepoint "RevokeBias", Time since last: 2833920 ns, Reaching safepoint: 108861 ns, At safepoint: 13638 ns, Total: 122499 ns
[2020-09-11T14:50:40.570+0000][1][safepoint    ] Safepoint "RevokeBias", Time since last: 335590901 ns, Reaching safepoint: 454148 ns, At safepoint: 17473 ns, Total: 471621 ns
[2020-09-11T14:50:40.600+0000][1][safepoint    ] Safepoint "RevokeBias", Time since last: 14648912 ns, Reaching safepoint: 14958532 ns, At safepoint: 19535 ns, Total: 14978067 ns
[2020-09-11T14:50:40.600+0000][1][safepoint    ] Safepoint "RevokeBias", Time since last: 167385 ns, Reaching safepoint: 102781 ns, At safepoint: 15346 ns, Total: 118127 ns
[2020-09-11T14:50:40.600+0000][1][safepoint    ] Safepoint "RevokeBias", Time since last: 526926 ns, Reaching safepoint: 101461 ns, At safepoint: 14140 ns, Total: 115601 ns
[2020-09-11T14:50:40.601+0000][1][safepoint    ] Safepoint "RevokeBias", Time since last: 107442 ns, Reaching safepoint: 95967 ns, At safepoint: 12730 ns, Total: 108697 ns
[2020-09-11T14:50:40.603+0000][1][safepoint    ] Safepoint "RevokeBias", Time since last: 447300 ns, Reaching safepoint: 2292181 ns, At safepoint: 17329 ns, Total: 2309510 ns
[2020-09-11T14:50:40.604+0000][1][safepoint    ] Safepoint "RevokeBias", Time since last: 117163 ns, Reaching safepoint: 95828 ns, At safepoint: 12927 ns, Total: 108755 ns
[2020-09-11T14:50:40.604+0000][1][safepoint    ] Safepoint "RevokeBias", Time since last: 170266 ns, Reaching safepoint: 96002 ns, At safepoint: 12302 ns, Total: 108304 ns
[2020-09-11T14:50:40.604+0000][1][safepoint    ] Safepoint "RevokeBias", Time since last: 84611 ns, Reaching safepoint: 92017 ns, At safepoint: 11193 ns, Total: 103210 ns
[2020-09-11T14:50:40.604+0000][1][safepoint    ] Safepoint "RevokeBias", Time since last: 144719 ns, Reaching safepoint: 92255 ns, At safepoint: 11288 ns, Total: 103543 ns
[2020-09-11T14:50:40.605+0000][1][safepoint    ] Safepoint "RevokeBias", Time since last: 79898 ns, Reaching safepoint: 88844 ns, At safepoint: 11456 ns, Total: 100300 ns
[2020-09-11T14:50:40.605+0000][1][safepoint    ] Safepoint "RevokeBias", Time since last: 135358 ns, Reaching safepoint: 90186 ns, At safepoint: 11395 ns, Total: 101581 ns
[2020-09-11T14:50:40.605+0000][1][safepoint    ] Safepoint "RevokeBias", Time since last: 75681 ns, Reaching safepoint: 88173 ns, At safepoint: 11150 ns, Total: 99323 ns
[2020-09-11T14:50:40.605+0000][1][safepoint    ] Safepoint "RevokeBias", Time since last: 126455 ns, Reaching safepoint: 89711 ns, At safepoint: 11029 ns, Total: 100740 ns
[2020-09-11T14:50:40.615+0000][1][safepoint    ] Safepoint "RevokeBias", Time since last: 2652464 ns, Reaching safepoint: 7102564 ns, At safepoint: 23373 ns, Total: 7125937 ns
[2020-09-11T14:50:40.660+0000][1][safepoint    ] Safepoint "RevokeBias", Time since last: 23996478 ns, Reaching safepoint: 20560559 ns, At safepoint: 16540 ns, Total: 20577099 ns
[2020-09-11T14:50:40.661+0000][1][safepoint    ] Safepoint "RevokeBias", Time since last: 1178124 ns, Reaching safepoint: 98521 ns, At safepoint: 13028 ns, Total: 111549 ns
[2020-09-11T14:50:40.662+0000][1][safepoint    ] Safepoint "RevokeBias", Time since last: 587697 ns, Reaching safepoint: 92310 ns, At safepoint: 12135 ns, Total: 104445 ns
[2020-09-11T14:50:40.662+0000][1][safepoint    ] Safepoint "RevokeBias", Time since last: 372907 ns, Reaching safepoint: 93487 ns, At safepoint: 11428 ns, Total: 104915 ns
[2020-09-11T14:50:40.665+0000][1][safepoint    ] Safepoint "RevokeBias", Time since last: 1903656 ns, Reaching safepoint: 837278 ns, At safepoint: 13554 ns, Total: 850832 ns
[2020-09-11T14:50:40.668+0000][1][safepoint    ] Safepoint "RevokeBias", Time since last: 3034861 ns, Reaching safepoint: 104823 ns, At safepoint: 14557 ns, Total: 119380 ns
[2020-09-11T14:50:40.692+0000][1][safepoint    ] Safepoint "RevokeBias", Time since last: 17056723 ns, Reaching safepoint: 7229127 ns, At safepoint: 20321 ns, Total: 7249448 ns
[2020-09-11T14:50:41.109+0000][1][safepoint    ] Safepoint "RevokeBias", Time since last: 403171513 ns, Reaching safepoint: 13128747 ns, At safepoint: 21936 ns, Total: 13150683 ns
[2020-09-11T14:50:41.509+0000][1][safepoint    ] Safepoint "RevokeBias", Time since last: 381010485 ns, Reaching safepoint: 18952319 ns, At safepoint: 52691 ns, Total: 19005010 ns
[2020-09-11T14:50:41.520+0000][1][safepoint    ] Safepoint "RevokeBias", Time since last: 4986294 ns, Reaching safepoint: 6405321 ns, At safepoint: 17766 ns, Total: 6423087 ns
[2020-09-11T14:50:41.616+0000][1][safepoint    ] Safepoint "CollectForMetadataAllocation", Time since last: 95455694 ns, Reaching safepoint: 124135 ns, At safepoint: 135003 ns, Total: 259138 ns
[2020-09-11T14:50:41.923+0000][1][gc           ] GC(64) Concurrent Abortable Preclean 4764.658ms
[2020-09-11T14:50:41.923+0000][1][gc,cpu       ] GC(64) User=2.86s Sys=0.05s Real=4.76s
[2020-09-11T14:50:41.924+0000][1][gc,start     ] GC(64) Pause Remark
[2020-09-11T14:50:41.986+0000][1][gc           ] GC(64) Pause Remark 132M->132M(2039M) 61.594ms
[2020-09-11T14:50:41.986+0000][1][gc,cpu       ] GC(64) User=0.06s Sys=0.00s Real=0.06s
[2020-09-11T14:50:42.012+0000][1][safepoint    ] Safepoint "CMS_Final_Remark", Time since last: 307644154 ns, Reaching safepoint: 696982 ns, At safepoint: 88347354 ns, Total: 89044336 ns
[2020-09-11T14:50:42.031+0000][1][gc           ] GC(64) Concurrent Sweep
[2020-09-11T14:50:42.035+0000][1][safepoint    ] Safepoint "RevokeBias", Time since last: 46590 ns, Reaching safepoint: 7780003 ns, At safepoint: 15216499 ns, Total: 22996502 ns
[2020-09-11T14:50:42.039+0000][1][safepoint    ] Safepoint "RevokeBias", Time since last: 68611 ns, Reaching safepoint: 3271583 ns, At safepoint: 19681 ns, Total: 3291264 ns
[2020-09-11T14:50:42.067+0000][1][safepoint    ] Safepoint "RevokeBias", Time since last: 16620226 ns, Reaching safepoint: 11619815 ns, At safepoint: 22317 ns, Total: 11642132 ns
[2020-09-11T14:50:42.071+0000][1][safepoint    ] Safepoint "RevokeBias", Time since last: 4172187 ns, Reaching safepoint: 212619 ns, At safepoint: 19292 ns, Total: 231911 ns
[2020-09-11T14:50:42.091+0000][1][safepoint    ] Safepoint "RevokeBias", Time since last: 8074563 ns, Reaching safepoint: 11778017 ns, At safepoint: 93655 ns, Total: 11871672 ns
[2020-09-11T14:50:42.093+0000][1][safepoint    ] Safepoint "RevokeBias", Time since last: 1239823 ns, Reaching safepoint: 92880 ns, At safepoint: 12936 ns, Total: 105816 ns
[2020-09-11T14:50:42.100+0000][1][safepoint    ] Safepoint "BulkRevokeBias", Time since last: 6744795 ns, Reaching safepoint: 134832 ns, At safepoint: 184532 ns, Total: 319364 ns
[2020-09-11T14:50:42.116+0000][1][gc           ] GC(64) Concurrent Sweep 85.039ms
[2020-09-11T14:50:42.117+0000][1][gc,cpu       ] GC(64) User=0.07s Sys=0.01s Real=0.09s
[2020-09-11T14:50:42.117+0000][1][gc           ] GC(64) Concurrent Reset
[2020-09-11T14:50:42.127+0000][1][gc           ] GC(64) Concurrent Reset 10.627ms
[2020-09-11T14:50:42.127+0000][1][gc,cpu       ] GC(64) User=0.01s Sys=0.00s Real=0.01s
[2020-09-11T14:50:42.127+0000][1][gc,heap      ] GC(64) Old: 56888K->92299K(2011968K)
[2020-09-11T14:50:42.145+0000][1][safepoint    ] Safepoint "RevokeBias", Time since last: 45305314 ns, Reaching safepoint: 111735 ns, At safepoint: 19911 ns, Total: 131646 ns
[2020-09-11T14:50:42.208+0000][1][safepoint    ] Safepoint "RevokeBias", Time since last: 62744454 ns, Reaching safepoint: 261940 ns, At safepoint: 34836 ns, Total: 296776 ns
[2020-09-11T14:50:42.268+0000][1][safepoint    ] Safepoint "RevokeBias", Time since last: 59584140 ns, Reaching safepoint: 114875 ns, At safepoint: 47359 ns, Total: 162234 ns
[2020-09-11T14:50:42.398+0000][1][safepoint    ] Safepoint "RevokeBias", Time since last: 129220156 ns, Reaching safepoint: 598138 ns, At safepoint: 51790 ns, Total: 649928 ns
[2020-09-11T14:50:42.402+0000][1][safepoint    ] Safepoint "RevokeBias", Time since last: 4423012 ns, Reaching safepoint: 115856 ns, At safepoint: 33244 ns, Total: 149100 ns
[2020-09-11T14:50:42.481+0000][1][safepoint    ] Safepoint "RevokeBias", Time since last: 78199950 ns, Reaching safepoint: 109897 ns, At safepoint: 19758 ns, Total: 129655 ns
[2020-09-11T14:50:42.552+0000][1][safepoint    ] Safepoint "RevokeBias", Time since last: 70808483 ns, Reaching safepoint: 117256 ns, At safepoint: 37289 ns, Total: 154545 ns
[2020-09-11T14:50:42.748+0000][1][safepoint    ] Safepoint "RevokeBias", Time since last: 195649316 ns, Reaching safepoint: 816068 ns, At safepoint: 54367 ns, Total: 870435 ns
[2020-09-11T14:50:42.752+0000][1][safepoint    ] Safepoint "BulkRevokeBias", Time since last: 679614 ns, Reaching safepoint: 2845044 ns, At safepoint: 167413 ns, Total: 3012457 ns
[2020-09-11T14:50:43.014+0000][1][safepoint    ] Safepoint "RevokeBias", Time since last: 261452667 ns, Reaching safepoint: 144072 ns, At safepoint: 17490 ns, Total: 161562 ns
[2020-09-11T14:50:43.014+0000][1][safepoint    ] Safepoint "RevokeBias", Time since last: 83909 ns, Reaching safepoint: 89975 ns, At safepoint: 11581 ns, Total: 101556 ns
[2020-09-11T14:50:43.419+0000][1][safepoint    ] Safepoint "RevokeBias", Time since last: 405017729 ns, Reaching safepoint: 153314 ns, At safepoint: 19122 ns, Total: 172436 ns
[2020-09-11T14:50:43.420+0000][1][safepoint    ] Safepoint "RevokeBias", Time since last: 390266 ns, Reaching safepoint: 127465 ns, At safepoint: 14934 ns, Total: 142399 ns
[2020-09-11T14:50:43.428+0000][1][safepoint    ] Safepoint "RevokeBias", Time since last: 7748260 ns, Reaching safepoint: 258452 ns, At safepoint: 21793 ns, Total: 280245 ns
[2020-09-11T14:50:43.489+0000][1][gc,start     ] GC(66) Pause Young (Allocation Failure)
[2020-09-11T14:50:43.489+0000][1][gc,task      ] GC(66) Using 1 workers of 1 for evacuation
[2020-09-11T14:50:43.573+0000][1][gc,age       ] GC(66) Desired survivor size 4358144 bytes, new threshold 6 (max threshold 6)
[2020-09-11T14:50:43.573+0000][1][gc,age       ] GC(66) Age table with threshold 6 (max threshold 6)
[2020-09-11T14:50:43.573+0000][1][gc,age       ] GC(66) - age   1:    1652064 bytes,    1652064 total
[2020-09-11T14:50:43.573+0000][1][gc,age       ] GC(66) - age   2:    1391200 bytes,    3043264 total
[2020-09-11T14:50:43.573+0000][1][gc,heap      ] GC(66) ParNew: 74396K->5142K(76672K)
[2020-09-11T14:50:43.573+0000][1][gc,heap      ] GC(66) CMS: 92299K->95726K(2011968K)
[2020-09-11T14:50:43.573+0000][1][gc,metaspace ] GC(66) Metaspace: 74597K->74597K(1118208K)
[2020-09-11T14:50:43.574+0000][1][gc           ] GC(66) Pause Young (Allocation Failure) 162M->98M(2039M) 84.931ms
[2020-09-11T14:50:43.574+0000][1][gc,cpu       ] GC(66) User=0.06s Sys=0.00s Real=0.08s
[2020-09-11T14:50:43.606+0000][1][safepoint    ] Safepoint "GenCollectForAllocation", Time since last: 52813279 ns, Reaching safepoint: 8231046 ns, At safepoint: 117022343 ns, Total: 125253389 ns
[2020-09-11T14:50:43.620+0000][1][safepoint    ] Safepoint "RevokeBias", Time since last: 1483391 ns, Reaching safepoint: 1108530 ns, At safepoint: 11330913 ns, Total: 12439443 ns
[2020-09-11T14:50:43.620+0000][1][safepoint    ] Safepoint "RevokeBias", Time since last: 102226 ns, Reaching safepoint: 132066 ns, At safepoint: 28299 ns, Total: 160365 ns
[2020-09-11T14:50:43.823+0000][1][safepoint    ] Safepoint "RevokeBias", Time since last: 202569427 ns, Reaching safepoint: 880094 ns, At safepoint: 21676 ns, Total: 901770 ns
[2020-09-11T14:50:43.916+0000][1][safepoint    ] Safepoint "RevokeBias", Time since last: 92179759 ns, Reaching safepoint: 141523 ns, At safepoint: 21498 ns, Total: 163021 ns
[2020-09-11T14:50:43.932+0000][1][safepoint    ] Safepoint "RevokeBias", Time since last: 13665667 ns, Reaching safepoint: 2879429 ns, At safepoint: 23102 ns, Total: 2902531 ns
[2020-09-11T14:50:43.932+0000][1][safepoint    ] Safepoint "RevokeBias", Time since last: 88562 ns, Reaching safepoint: 94774 ns, At safepoint: 12294 ns, Total: 107068 ns
[2020-09-11T14:50:43.933+0000][1][safepoint    ] Safepoint "RevokeBias", Time since last: 211386 ns, Reaching safepoint: 94084 ns, At safepoint: 12261 ns, Total: 106345 ns
[2020-09-11T14:50:43.942+0000][1][safepoint    ] Safepoint "RevokeBias", Time since last: 9630658 ns, Reaching safepoint: 132209 ns, At safepoint: 21420 ns, Total: 153629 ns
[2020-09-11T14:50:43.944+0000][1][safepoint    ] Safepoint "RevokeBias", Time since last: 1733478 ns, Reaching safepoint: 111816 ns, At safepoint: 15133 ns, Total: 126949 ns
[2020-09-11T14:50:44.016+0000][1][safepoint    ] Safepoint "RevokeBias", Time since last: 71578464 ns, Reaching safepoint: 125546 ns, At safepoint: 21353 ns, Total: 146899 ns
[2020-09-11T14:50:44.016+0000][1][safepoint    ] Safepoint "RevokeBias", Time since last: 94950 ns, Reaching safepoint: 100768 ns, At safepoint: 13334 ns, Total: 114102 ns
[2020-09-11T14:50:44.185+0000][1][safepoint    ] Safepoint "RevokeBias", Time since last: 168312888 ns, Reaching safepoint: 329032 ns, At safepoint: 21674 ns, Total: 350706 ns
[2020-09-11T14:50:44.435+0000][1][safepoint    ] Safepoint "Deoptimize", Time since last: 249305732 ns, Reaching safepoint: 149681 ns, At safepoint: 391665 ns, Total: 541346 ns
[2020-09-11T14:50:44.748+0000][1][safepoint    ] Safepoint "RevokeBias", Time since last: 313011906 ns, Reaching safepoint: 140357 ns, At safepoint: 17901 ns, Total: 158258 ns
[2020-09-11T14:50:44.748+0000][1][safepoint    ] Safepoint "RevokeBias", Time since last: 75661 ns, Reaching safepoint: 19308 ns, At safepoint: 11195 ns, Total: 30503 ns
[2020-09-11T14:50:44.760+0000][1][safepoint    ] Safepoint "RevokeBias", Time since last: 11901404 ns, Reaching safepoint: 112682 ns, At safepoint: 17440 ns, Total: 130122 ns
[2020-09-11T14:50:44.760+0000][1][safepoint    ] Safepoint "RevokeBias", Time since last: 76659 ns, Reaching safepoint: 93481 ns, At safepoint: 13051 ns, Total: 106532 ns
[2020-09-11T14:50:44.760+0000][1][safepoint    ] Safepoint "RevokeBias", Time since last: 46472 ns, Reaching safepoint: 89015 ns, At safepoint: 10986 ns, Total: 100001 ns
[2020-09-11T14:50:44.761+0000][1][safepoint    ] Safepoint "RevokeBias", Time since last: 189625 ns, Reaching safepoint: 87545 ns, At safepoint: 10629 ns, Total: 98174 ns
[2020-09-11T14:50:44.772+0000][1][safepoint    ] Safepoint "RevokeBias", Time since last: 11116961 ns, Reaching safepoint: 109025 ns, At safepoint: 16614 ns, Total: 125639 ns
[2020-09-11T14:50:44.772+0000][1][safepoint    ] Safepoint "RevokeBias", Time since last: 102244 ns, Reaching safepoint: 86221 ns, At safepoint: 11926 ns, Total: 98147 ns
[2020-09-11T14:50:45.608+0000][1][safepoint    ] Safepoint "RevokeBias", Time since last: 835658658 ns, Reaching safepoint: 176441 ns, At safepoint: 17922 ns, Total: 194363 ns
[2020-09-11T14:50:45.608+0000][1][safepoint    ] Safepoint "BulkRevokeBias", Time since last: 104011 ns, Reaching safepoint: 143672 ns, At safepoint: 127719 ns, Total: 271391 ns
[2020-09-11T14:50:45.609+0000][1][safepoint    ] Safepoint "BulkRevokeBias", Time since last: 70855 ns, Reaching safepoint: 141430 ns, At safepoint: 114465 ns, Total: 255895 ns
[2020-09-11T14:50:45.609+0000][1][safepoint    ] Safepoint "RevokeBias", Time since last: 227028 ns, Reaching safepoint: 102651 ns, At safepoint: 13477 ns, Total: 116128 ns
[2020-09-11T14:50:45.620+0000][1][safepoint    ] Safepoint "RevokeBias", Time since last: 10375183 ns, Reaching safepoint: 118306 ns, At safepoint: 18923 ns, Total: 137229 ns
[2020-09-11T14:50:45.620+0000][1][safepoint    ] Safepoint "RevokeBias", Time since last: 61430 ns, Reaching safepoint: 96970 ns, At safepoint: 13053 ns, Total: 110023 ns
[2020-09-11T14:50:45.620+0000][1][safepoint    ] Safepoint "RevokeBias", Time since last: 102889 ns, Reaching safepoint: 94997 ns, At safepoint: 9979 ns, Total: 104976 ns
[2020-09-11T14:50:45.630+0000][1][safepoint    ] Safepoint "RevokeBias", Time since last: 10364722 ns, Reaching safepoint: 121884 ns, At safepoint: 15584 ns, Total: 137468 ns
[2020-09-11T14:50:45.644+0000][1][safepoint    ] Safepoint "RevokeBias", Time since last: 13119792 ns, Reaching safepoint: 116959 ns, At safepoint: 16287 ns, Total: 133246 ns
[2020-09-11T14:50:45.648+0000][1][safepoint    ] Safepoint "RevokeBias", Time since last: 3726906 ns, Reaching safepoint: 116350 ns, At safepoint: 14777 ns, Total: 131127 ns
[2020-09-11T14:50:45.651+0000][1][safepoint    ] Safepoint "RevokeBias", Time since last: 3799440 ns, Reaching safepoint: 88200 ns, At safepoint: 15675 ns, Total: 103875 ns
[2020-09-11T14:50:45.656+0000][1][safepoint    ] Safepoint "RevokeBias", Time since last: 3977843 ns, Reaching safepoint: 112958 ns, At safepoint: 15682 ns, Total: 128640 ns
[2020-09-11T14:50:45.752+0000][1][safepoint    ] Safepoint "RevokeBias", Time since last: 95853156 ns, Reaching safepoint: 139074 ns, At safepoint: 20770 ns, Total: 159844 ns
[2020-09-11T14:50:45.766+0000][1][safepoint    ] Safepoint "RevokeBias", Time since last: 14256764 ns, Reaching safepoint: 124398 ns, At safepoint: 17339 ns, Total: 141737 ns
[2020-09-11T14:50:45.766+0000][1][safepoint    ] Safepoint "RevokeBias", Time since last: 136645 ns, Reaching safepoint: 99483 ns, At safepoint: 13293 ns, Total: 112776 ns
[2020-09-11T14:50:45.783+0000][1][safepoint    ] Safepoint "RevokeBias", Time since last: 16252658 ns, Reaching safepoint: 166607 ns, At safepoint: 18669 ns, Total: 185276 ns
[2020-09-11T14:50:45.785+0000][1][safepoint    ] Safepoint "RevokeBias", Time since last: 2082565 ns, Reaching safepoint: 156004 ns, At safepoint: 18824 ns, Total: 174828 ns
[2020-09-11T14:50:45.789+0000][1][safepoint    ] Safepoint "RevokeBias", Time since last: 3493463 ns, Reaching safepoint: 120056 ns, At safepoint: 16476 ns, Total: 136532 ns
[2020-09-11T14:50:45.825+0000][1][safepoint    ] Safepoint "RevokeBias", Time since last: 36175016 ns, Reaching safepoint: 120454 ns, At safepoint: 18288 ns, Total: 138742 ns
[2020-09-11T14:50:45.853+0000][1][safepoint    ] Safepoint "RevokeBias", Time since last: 21355912 ns, Reaching safepoint: 7128045 ns, At safepoint: 21834 ns, Total: 7149879 ns
[2020-09-11T14:50:46.060+0000][1][safepoint    ] Safepoint "RevokeBias", Time since last: 206876733 ns, Reaching safepoint: 140367 ns, At safepoint: 9196 ns, Total: 149563 ns
[2020-09-11T14:50:46.155+0000][1][safepoint    ] Safepoint "RevokeBias", Time since last: 94482244 ns, Reaching safepoint: 120596 ns, At safepoint: 9433 ns, Total: 130029 ns
[2020-09-11T14:50:46.155+0000][1][safepoint    ] Safepoint "RevokeBias", Time since last: 361711 ns, Reaching safepoint: 68748 ns, At safepoint: 6474 ns, Total: 75222 ns
[2020-09-11T14:50:46.232+0000][1][safepoint    ] Safepoint "RevokeBias", Time since last: 76830718 ns, Reaching safepoint: 123958 ns, At safepoint: 8320 ns, Total: 132278 ns
[2020-09-11T14:50:46.233+0000][1][safepoint    ] Safepoint "RevokeBias", Time since last: 200272 ns, Reaching safepoint: 21251 ns, At safepoint: 5017 ns, Total: 26268 ns
[2020-09-11T14:50:46.392+0000][1][gc,start     ] GC(67) Pause Young (Allocation Failure)
[2020-09-11T14:50:46.392+0000][1][gc,task      ] GC(67) Using 1 workers of 1 for evacuation
[2020-09-11T14:50:46.418+0000][1][gc,age       ] GC(67) Desired survivor size 4358144 bytes, new threshold 3 (max threshold 6)
[2020-09-11T14:50:46.418+0000][1][gc,age       ] GC(67) Age table with threshold 3 (max threshold 6)
[2020-09-11T14:50:46.418+0000][1][gc,age       ] GC(67) - age   1:    2022248 bytes,    2022248 total
[2020-09-11T14:50:46.418+0000][1][gc,age       ] GC(67) - age   2:    1396808 bytes,    3419056 total
[2020-09-11T14:50:46.418+0000][1][gc,age       ] GC(67) - age   3:    1363784 bytes,    4782840 total
[2020-09-11T14:50:46.418+0000][1][gc,heap      ] GC(67) ParNew: 73302K->4800K(76672K)
[2020-09-11T14:50:46.418+0000][1][gc,heap      ] GC(67) CMS: 95726K->95726K(2011968K)
[2020-09-11T14:50:46.418+0000][1][gc,metaspace ] GC(67) Metaspace: 78995K->78995K(1122304K)
[2020-09-11T14:50:46.418+0000][1][gc           ] GC(67) Pause Young (Allocation Failure) 165M->98M(2039M) 26.296ms
[2020-09-11T14:50:46.418+0000][1][gc,cpu       ] GC(67) User=0.03s Sys=0.00s Real=0.03s
[2020-09-11T14:50:46.431+0000][1][safepoint    ] Safepoint "GenCollectForAllocation", Time since last: 158788132 ns, Reaching safepoint: 137924 ns, At safepoint: 39868868 ns, Total: 40006792 ns
[2020-09-11T14:50:46.433+0000][1][safepoint    ] Safepoint "RevokeBias", Time since last: 1014451 ns, Reaching safepoint: 39569 ns, At safepoint: 29890 ns, Total: 69459 ns
[2020-09-11T14:50:46.434+0000][1][safepoint    ] Safepoint "RevokeBias", Time since last: 964700 ns, Reaching safepoint: 30151 ns, At safepoint: 25547 ns, Total: 55698 ns
[2020-09-11T14:50:46.434+0000][1][safepoint    ] Safepoint "RevokeBias", Time since last: 501238 ns, Reaching safepoint: 19931 ns, At safepoint: 19977 ns, Total: 39908 ns
[2020-09-11T14:50:46.452+0000][1][safepoint    ] Safepoint "RevokeBias", Time since last: 17486089 ns, Reaching safepoint: 54676 ns, At safepoint: 20659 ns, Total: 75335 ns
[2020-09-11T14:50:46.452+0000][1][safepoint    ] Safepoint "RevokeBias", Time since last: 385588 ns, Reaching safepoint: 17797 ns, At safepoint: 21333 ns, Total: 39130 ns
[2020-09-11T14:50:46.452+0000][1][safepoint    ] Safepoint "RevokeBias", Time since last: 31249 ns, Reaching safepoint: 15057 ns, At safepoint: 16433 ns, Total: 31490 ns
[2020-09-11T14:50:46.462+0000][1][safepoint    ] Safepoint "RevokeBias", Time since last: 9736025 ns, Reaching safepoint: 39162 ns, At safepoint: 26135 ns, Total: 65297 ns
[2020-09-11T14:50:46.498+0000][1][safepoint    ] Safepoint "RevokeBias", Time since last: 35841925 ns, Reaching safepoint: 115586 ns, At safepoint: 13375 ns, Total: 128961 ns
[2020-09-11T14:50:46.527+0000][1][safepoint    ] Safepoint "Deoptimize", Time since last: 28504553 ns, Reaching safepoint: 171630 ns, At safepoint: 453585 ns, Total: 625215 ns
[2020-09-11T14:50:46.588+0000][1][safepoint    ] Safepoint "RevokeBias", Time since last: 61109624 ns, Reaching safepoint: 114342 ns, At safepoint: 15752 ns, Total: 130094 ns
[2020-09-11T14:50:46.593+0000][1][safepoint    ] Safepoint "RevokeBias", Time since last: 4490857 ns, Reaching safepoint: 114200 ns, At safepoint: 17131 ns, Total: 131331 ns
[2020-09-11T14:50:46.741+0000][1][safepoint    ] Safepoint "RevokeBias", Time since last: 147879857 ns, Reaching safepoint: 633500 ns, At safepoint: 19938 ns, Total: 653438 ns
[2020-09-11T14:50:46.759+0000][1][safepoint    ] Safepoint "RevokeBias", Time since last: 17411065 ns, Reaching safepoint: 165374 ns, At safepoint: 9457 ns, Total: 174831 ns
[2020-09-11T14:50:46.771+0000][1][safepoint    ] Safepoint "RevokeBias", Time since last: 12355417 ns, Reaching safepoint: 84829 ns, At safepoint: 15475 ns, Total: 100304 ns
[2020-09-11T14:50:46.778+0000][1][safepoint    ] Safepoint "RevokeBias", Time since last: 6026500 ns, Reaching safepoint: 161025 ns, At safepoint: 15749 ns, Total: 176774 ns
[2020-09-11T14:50:46.782+0000][1][safepoint    ] Safepoint "RevokeBias", Time since last: 4284112 ns, Reaching safepoint: 156627 ns, At safepoint: 16576 ns, Total: 173203 ns
[2020-09-11T14:50:46.782+0000][1][safepoint    ] Safepoint "RevokeBias", Time since last: 91851 ns, Reaching safepoint: 139235 ns, At safepoint: 11885 ns, Total: 151120 ns
[2020-09-11T14:50:46.783+0000][1][safepoint    ] Safepoint "RevokeBias", Time since last: 360161 ns, Reaching safepoint: 140852 ns, At safepoint: 11373 ns, Total: 152225 ns
[2020-09-11T14:50:46.828+0000][1][safepoint    ] Safepoint "RevokeBias", Time since last: 44586661 ns, Reaching safepoint: 116707 ns, At safepoint: 14329 ns, Total: 131036 ns
[2020-09-11T14:50:46.828+0000][1][safepoint    ] Safepoint "RevokeBias", Time since last: 429562 ns, Reaching safepoint: 92732 ns, At safepoint: 11653 ns, Total: 104385 ns
[2020-09-11T14:50:46.829+0000][1][safepoint    ] Safepoint "RevokeBias", Time since last: 749312 ns, Reaching safepoint: 100075 ns, At safepoint: 6485 ns, Total: 106560 ns
[2020-09-11T14:50:46.944+0000][1][safepoint    ] Safepoint "RevokeBias", Time since last: 114464322 ns, Reaching safepoint: 136751 ns, At safepoint: 19015 ns, Total: 155766 ns
[2020-09-11T14:50:46.959+0000][1][safepoint    ] Safepoint "RevokeBias", Time since last: 15052679 ns, Reaching safepoint: 120037 ns, At safepoint: 16572 ns, Total: 136609 ns
[2020-09-11T14:50:46.959+0000][1][safepoint    ] Safepoint "RevokeBias", Time since last: 152602 ns, Reaching safepoint: 86807 ns, At safepoint: 10529 ns, Total: 97336 ns
[2020-09-11T14:50:47.096+0000][1][safepoint    ] Safepoint "RevokeBias", Time since last: 134445760 ns, Reaching safepoint: 2136853 ns, At safepoint: 27603 ns, Total: 2164456 ns
[2020-09-11T14:50:47.119+0000][1][safepoint    ] Safepoint "RevokeBias", Time since last: 19778930 ns, Reaching safepoint: 3905505 ns, At safepoint: 22194 ns, Total: 3927699 ns
[2020-09-11T14:50:47.120+0000][1][safepoint    ] Safepoint "RevokeBias", Time since last: 175540 ns, Reaching safepoint: 91598 ns, At safepoint: 62927 ns, Total: 154525 ns
[2020-09-11T14:50:47.120+0000][1][safepoint    ] Safepoint "RevokeBias", Time since last: 195969 ns, Reaching safepoint: 159151 ns, At safepoint: 13271 ns, Total: 172422 ns
[2020-09-11T14:50:47.124+0000][1][safepoint    ] Safepoint "RevokeBias", Time since last: 3428452 ns, Reaching safepoint: 193348 ns, At safepoint: 17475 ns, Total: 210823 ns
[2020-09-11T14:50:47.124+0000][1][safepoint    ] Safepoint "RevokeBias", Time since last: 309048 ns, Reaching safepoint: 92969 ns, At safepoint: 12690 ns, Total: 105659 ns
[2020-09-11T14:50:47.124+0000][1][safepoint    ] Safepoint "RevokeBias", Time since last: 85849 ns, Reaching safepoint: 88197 ns, At safepoint: 12381 ns, Total: 100578 ns
[2020-09-11T14:50:47.145+0000][1][safepoint    ] Safepoint "RevokeBias", Time since last: 20329251 ns, Reaching safepoint: 120242 ns, At safepoint: 14808 ns, Total: 135050 ns
[2020-09-11T14:50:47.157+0000][1][safepoint    ] Safepoint "RevokeBias", Time since last: 12270287 ns, Reaching safepoint: 113659 ns, At safepoint: 15919 ns, Total: 129578 ns
[2020-09-11T14:50:47.160+0000][1][safepoint    ] Safepoint "RevokeBias", Time since last: 3081809 ns, Reaching safepoint: 108656 ns, At safepoint: 14200 ns, Total: 122856 ns
[2020-09-11T14:50:47.161+0000][1][safepoint    ] Safepoint "RevokeBias", Time since last: 210720 ns, Reaching safepoint: 89160 ns, At safepoint: 11126 ns, Total: 100286 ns
[2020-09-11T14:50:47.161+0000][1][safepoint    ] Safepoint "RevokeBias", Time since last: 52119 ns, Reaching safepoint: 86841 ns, At safepoint: 12028 ns, Total: 98869 ns
[2020-09-11T14:50:47.161+0000][1][safepoint    ] Safepoint "RevokeBias", Time since last: 60511 ns, Reaching safepoint: 86883 ns, At safepoint: 11112 ns, Total: 97995 ns
[2020-09-11T14:50:47.176+0000][1][safepoint    ] Safepoint "RevokeBias", Time since last: 15151374 ns, Reaching safepoint: 170680 ns, At safepoint: 15771 ns, Total: 186451 ns
[2020-09-11T14:50:47.177+0000][1][safepoint    ] Safepoint "RevokeBias", Time since last: 133577 ns, Reaching safepoint: 201656 ns, At safepoint: 12701 ns, Total: 214357 ns
[2020-09-11T14:50:47.320+0000][1][safepoint    ] Safepoint "RevokeBias", Time since last: 142945553 ns, Reaching safepoint: 53896 ns, At safepoint: 15267 ns, Total: 69163 ns
[2020-09-11T14:50:47.449+0000][1][safepoint    ] Safepoint "RevokeBias", Time since last: 129315309 ns, Reaching safepoint: 58580 ns, At safepoint: 18700 ns, Total: 77280 ns
[2020-09-11T14:50:47.449+0000][1][safepoint    ] Safepoint "RevokeBias", Time since last: 69622 ns, Reaching safepoint: 16334 ns, At safepoint: 10504 ns, Total: 26838 ns
[2020-09-11T14:50:47.459+0000][1][safepoint    ] Safepoint "RevokeBias", Time since last: 9508700 ns, Reaching safepoint: 46215 ns, At safepoint: 17258 ns, Total: 63473 ns
[2020-09-11T14:50:47.491+0000][1][safepoint    ] Safepoint "RevokeBias", Time since last: 32265860 ns, Reaching safepoint: 48105 ns, At safepoint: 17884 ns, Total: 65989 ns
[2020-09-11T14:50:47.517+0000][1][safepoint    ] Safepoint "RevokeBias", Time since last: 25491286 ns, Reaching safepoint: 157175 ns, At safepoint: 14474 ns, Total: 171649 ns
[2020-09-11T14:50:47.525+0000][1][safepoint    ] Safepoint "RevokeBias", Time since last: 7771286 ns, Reaching safepoint: 42715 ns, At safepoint: 18402 ns, Total: 61117 ns
[2020-09-11T14:50:47.551+0000][1][safepoint    ] Safepoint "RevokeBias", Time since last: 26398757 ns, Reaching safepoint: 174893 ns, At safepoint: 18862 ns, Total: 193755 ns
[2020-09-11T14:50:47.565+0000][1][safepoint    ] Safepoint "RevokeBias", Time since last: 13353878 ns, Reaching safepoint: 136040 ns, At safepoint: 48121 ns, Total: 184161 ns
[2020-09-11T14:50:47.573+0000][1][safepoint    ] Safepoint "RevokeBias", Time since last: 8475750 ns, Reaching safepoint: 166887 ns, At safepoint: 19594 ns, Total: 186481 ns
[2020-09-11T14:50:47.574+0000][1][safepoint    ] Safepoint "RevokeBias", Time since last: 237285 ns, Reaching safepoint: 153923 ns, At safepoint: 14208 ns, Total: 168131 ns
[2020-09-11T14:50:47.574+0000][1][safepoint    ] Safepoint "RevokeBias", Time since last: 61319 ns, Reaching safepoint: 146557 ns, At safepoint: 12363 ns, Total: 158920 ns
[2020-09-11T14:50:47.574+0000][1][safepoint    ] Safepoint "RevokeBias", Time since last: 69342 ns, Reaching safepoint: 22206 ns, At safepoint: 10723 ns, Total: 32929 ns
[2020-09-11T14:50:47.578+0000][1][safepoint    ] Safepoint "RevokeBias", Time since last: 3570132 ns, Reaching safepoint: 161976 ns, At safepoint: 15768 ns, Total: 177744 ns
[2020-09-11T14:50:47.578+0000][1][safepoint    ] Safepoint "RevokeBias", Time since last: 142924 ns, Reaching safepoint: 145426 ns, At safepoint: 39443 ns, Total: 184869 ns
[2020-09-11T14:50:47.630+0000][1][safepoint    ] Safepoint "RevokeBias", Time since last: 51791912 ns, Reaching safepoint: 469009 ns, At safepoint: 42454 ns, Total: 511463 ns
[2020-09-11T14:50:47.640+0000][1][safepoint    ] Safepoint "RevokeBias", Time since last: 9729867 ns, Reaching safepoint: 115892 ns, At safepoint: 39104 ns, Total: 154996 ns
[2020-09-11T14:50:47.642+0000][1][safepoint    ] Safepoint "RevokeBias", Time since last: 1888946 ns, Reaching safepoint: 128913 ns, At safepoint: 36985 ns, Total: 165898 ns
[2020-09-11T14:50:47.717+0000][1][safepoint    ] Safepoint "RevokeBias", Time since last: 74222245 ns, Reaching safepoint: 134405 ns, At safepoint: 18204 ns, Total: 152609 ns
[2020-09-11T14:50:47.747+0000][1][safepoint    ] Safepoint "RevokeBias", Time since last: 30500995 ns, Reaching safepoint: 160545 ns, At safepoint: 13594 ns, Total: 174139 ns
[2020-09-11T14:50:47.797+0000][1][safepoint    ] Safepoint "RevokeBias", Time since last: 49606808 ns, Reaching safepoint: 125526 ns, At safepoint: 19434 ns, Total: 144960 ns
[2020-09-11T14:50:47.819+0000][1][safepoint    ] Safepoint "RevokeBias", Time since last: 20107887 ns, Reaching safepoint: 2136016 ns, At safepoint: 24086 ns, Total: 2160102 ns
[2020-09-11T14:50:47.827+0000][1][safepoint    ] Safepoint "RevokeBias", Time since last: 5542406 ns, Reaching safepoint: 2426653 ns, At safepoint: 25641 ns, Total: 2452294 ns
[2020-09-11T14:50:47.828+0000][1][safepoint    ] Safepoint "RevokeBias", Time since last: 253882 ns, Reaching safepoint: 110908 ns, At safepoint: 16961 ns, Total: 127869 ns
[2020-09-11T14:50:47.828+0000][1][safepoint    ] Safepoint "RevokeBias", Time since last: 62520 ns, Reaching safepoint: 101535 ns, At safepoint: 14530 ns, Total: 116065 ns
[2020-09-11T14:50:47.828+0000][1][safepoint    ] Safepoint "RevokeBias", Time since last: 84702 ns, Reaching safepoint: 97807 ns, At safepoint: 12969 ns, Total: 110776 ns
[2020-09-11T14:50:47.836+0000][1][safepoint    ] Safepoint "RevokeBias", Time since last: 7864821 ns, Reaching safepoint: 45844 ns, At safepoint: 15080 ns, Total: 60924 ns
[2020-09-11T14:50:47.836+0000][1][safepoint    ] Safepoint "RevokeBias", Time since last: 183115 ns, Reaching safepoint: 33886 ns, At safepoint: 14672 ns, Total: 48558 ns
[2020-09-11T14:50:48.067+0000][1][safepoint    ] Safepoint "RevokeBias", Time since last: 230526124 ns, Reaching safepoint: 53457 ns, At safepoint: 15229 ns, Total: 68686 ns
[2020-09-11T14:50:48.389+0000][1][safepoint    ] Safepoint "RevokeBias", Time since last: 321639705 ns, Reaching safepoint: 60178 ns, At safepoint: 15248 ns, Total: 75426 ns
[2020-09-11T14:50:49.389+0000][1][safepoint    ] Safepoint "Cleanup", Time since last: 1000169735 ns, Reaching safepoint: 99514 ns, At safepoint: 7100 ns, Total: 106614 ns
[2020-09-11T14:50:50.389+0000][1][safepoint    ] Safepoint "Cleanup", Time since last: 1000181217 ns, Reaching safepoint: 96270 ns, At safepoint: 8392 ns, Total: 104662 ns
[2020-09-11T14:50:50.813+0000][1][safepoint    ] Safepoint "RevokeBias", Time since last: 423150441 ns, Reaching safepoint: 101292 ns, At safepoint: 42578 ns, Total: 143870 ns
[2020-09-11T14:50:50.813+0000][1][safepoint    ] Safepoint "RevokeBias", Time since last: 182128 ns, Reaching safepoint: 51238 ns, At safepoint: 27463 ns, Total: 78701 ns
[2020-09-11T14:50:50.813+0000][1][safepoint    ] Safepoint "RevokeBias", Time since last: 103224 ns, Reaching safepoint: 48748 ns, At safepoint: 25375 ns, Total: 74123 ns
[2020-09-11T14:50:50.813+0000][1][safepoint    ] Safepoint "RevokeBias", Time since last: 96238 ns, Reaching safepoint: 48247 ns, At safepoint: 24814 ns, Total: 73061 ns
[2020-09-11T14:50:51.813+0000][1][safepoint    ] Safepoint "Cleanup", Time since last: 1000171237 ns, Reaching safepoint: 83645 ns, At safepoint: 7280 ns, Total: 90925 ns
[2020-09-11T14:50:52.814+0000][1][safepoint    ] Safepoint "Cleanup", Time since last: 1000241968 ns, Reaching safepoint: 125291 ns, At safepoint: 19375 ns, Total: 144666 ns
[2020-09-11T14:50:53.814+0000][1][safepoint    ] Safepoint "Cleanup", Time since last: 1000184417 ns, Reaching safepoint: 105103 ns, At safepoint: 7060 ns, Total: 112163 ns
[2020-09-11T14:50:54.814+0000][1][safepoint    ] Safepoint "Cleanup", Time since last: 1000148076 ns, Reaching safepoint: 181883 ns, At safepoint: 6726 ns, Total: 188609 ns
[2020-09-11T14:50:55.815+0000][1][safepoint    ] Safepoint "Cleanup", Time since last: 1000194731 ns, Reaching safepoint: 114410 ns, At safepoint: 17620 ns, Total: 132030 ns
[2020-09-11T14:50:56.799+0000][1][safepoint    ] Safepoint "RevokeBias", Time since last: 981669371 ns, Reaching safepoint: 2302905 ns, At safepoint: 24138 ns, Total: 2327043 ns
[2020-09-11T14:50:56.807+0000][1][safepoint    ] Safepoint "RevokeBias", Time since last: 7276134 ns, Reaching safepoint: 1411022 ns, At safepoint: 23922 ns, Total: 1434944 ns
[2020-09-11T14:50:57.234+0000][1][safepoint    ] Safepoint "RevokeBias", Time since last: 424249741 ns, Reaching safepoint: 2244309 ns, At safepoint: 14414 ns, Total: 2258723 ns
[2020-09-11T14:50:57.238+0000][1][gc,start     ] GC(68) Pause Young (Allocation Failure)
[2020-09-11T14:50:57.238+0000][1][gc,task      ] GC(68) Using 1 workers of 1 for evacuation
[2020-09-11T14:50:57.265+0000][1][gc,age       ] GC(68) Desired survivor size 4358144 bytes, new threshold 6 (max threshold 6)
[2020-09-11T14:50:57.265+0000][1][gc,age       ] GC(68) Age table with threshold 6 (max threshold 6)
[2020-09-11T14:50:57.265+0000][1][gc,age       ] GC(68) - age   1:     962224 bytes,     962224 total
[2020-09-11T14:50:57.265+0000][1][gc,age       ] GC(68) - age   2:    1867504 bytes,    2829728 total
[2020-09-11T14:50:57.265+0000][1][gc,age       ] GC(68) - age   3:    1331360 bytes,    4161088 total
[2020-09-11T14:50:57.265+0000][1][gc,heap      ] GC(68) ParNew: 72960K->4103K(76672K)
[2020-09-11T14:50:57.265+0000][1][gc,heap      ] GC(68) CMS: 95726K->97090K(2011968K)
[2020-09-11T14:50:57.265+0000][1][gc,metaspace ] GC(68) Metaspace: 81020K->81020K(1124352K)
[2020-09-11T14:50:57.265+0000][1][gc           ] GC(68) Pause Young (Allocation Failure) 164M->98M(2039M) 27.458ms
[2020-09-11T14:50:57.265+0000][1][gc,cpu       ] GC(68) User=0.03s Sys=0.00s Real=0.03s
[2020-09-11T14:50:57.265+0000][1][safepoint    ] Safepoint "GenCollectForAllocation", Time since last: 2807469 ns, Reaching safepoint: 823019 ns, At safepoint: 27703889 ns, Total: 28526908 ns
[2020-09-11T14:50:58.267+0000][1][safepoint    ] Safepoint "Cleanup", Time since last: 1001870823 ns, Reaching safepoint: 91806 ns, At safepoint: 6558 ns, Total: 98364 ns
[2020-09-11T14:50:59.268+0000][1][safepoint    ] Safepoint "Cleanup", Time since last: 1000126984 ns, Reaching safepoint: 110012 ns, At safepoint: 5880 ns, Total: 115892 ns
[2020-09-11T14:51:00.268+0000][1][safepoint    ] Safepoint "Cleanup", Time since last: 1000263368 ns, Reaching safepoint: 280099 ns, At safepoint: 17686 ns, Total: 297785 ns
[2020-09-11T14:51:01.268+0000][1][safepoint    ] Safepoint "Cleanup", Time since last: 1000139633 ns, Reaching safepoint: 96339 ns, At safepoint: 5489 ns, Total: 101828 ns
[2020-09-11T14:51:02.269+0000][1][safepoint    ] Safepoint "Cleanup", Time since last: 1000119611 ns, Reaching safepoint: 105223 ns, At safepoint: 6161 ns, Total: 111384 ns
[2020-09-11T14:51:03.269+0000][1][safepoint    ] Safepoint "Cleanup", Time since last: 1000115974 ns, Reaching safepoint: 100135 ns, At safepoint: 5271 ns, Total: 105406 ns
[2020-09-11T14:51:04.269+0000][1][safepoint    ] Safepoint "Cleanup", Time since last: 1000116734 ns, Reaching safepoint: 97862 ns, At safepoint: 6093 ns, Total: 103955 ns
[2020-09-11T14:51:05.269+0000][1][safepoint    ] Safepoint "Cleanup", Time since last: 1000093840 ns, Reaching safepoint: 56670 ns, At safepoint: 5718 ns, Total: 62388 ns
[2020-09-11T14:51:06.270+0000][1][safepoint    ] Safepoint "Cleanup", Time since last: 1000902627 ns, Reaching safepoint: 58791 ns, At safepoint: 5818 ns, Total: 64609 ns
[2020-09-11T14:51:07.270+0000][1][safepoint    ] Safepoint "Cleanup", Time since last: 1000084097 ns, Reaching safepoint: 65713 ns, At safepoint: 7182 ns, Total: 72895 ns
[2020-09-11T14:51:08.271+0000][1][safepoint    ] Safepoint "Cleanup", Time since last: 1000496429 ns, Reaching safepoint: 97684 ns, At safepoint: 14443 ns, Total: 112127 ns
[2020-09-11T14:51:09.271+0000][1][safepoint    ] Safepoint "Cleanup", Time since last: 1000170997 ns, Reaching safepoint: 53171 ns, At safepoint: 5439 ns, Total: 58610 ns
[2020-09-11T14:51:09.485+0000][1][safepoint    ] Safepoint "RevokeBias", Time since last: 213745375 ns, Reaching safepoint: 51558 ns, At safepoint: 8213 ns, Total: 59771 ns
[2020-09-11T14:51:10.485+0000][1][safepoint    ] Safepoint "Cleanup", Time since last: 1000173717 ns, Reaching safepoint: 150409 ns, At safepoint: 17186 ns, Total: 167595 ns
[2020-09-11T14:51:11.486+0000][1][safepoint    ] Safepoint "Cleanup", Time since last: 1000198968 ns, Reaching safepoint: 90344 ns, At safepoint: 7548 ns, Total: 97892 ns
[2020-09-11T14:51:12.486+0000][1][safepoint    ] Safepoint "Cleanup", Time since last: 1000182422 ns, Reaching safepoint: 88860 ns, At safepoint: 7159 ns, Total: 96019 ns
[2020-09-11T14:51:13.486+0000][1][safepoint    ] Safepoint "Cleanup", Time since last: 1000192851 ns, Reaching safepoint: 101808 ns, At safepoint: 6813 ns, Total: 108621 ns
[2020-09-11T14:51:14.486+0000][1][safepoint    ] Safepoint "Cleanup", Time since last: 1000234571 ns, Reaching safepoint: 76068 ns, At safepoint: 6887 ns, Total: 82955 ns
[2020-09-11T14:51:15.487+0000][1][safepoint    ] Safepoint "Cleanup", Time since last: 1000158263 ns, Reaching safepoint: 101795 ns, At safepoint: 7084 ns, Total: 108879 ns
[2020-09-11T14:51:16.086+0000][1][safepoint    ] Safepoint "RevokeBias", Time since last: 598682619 ns, Reaching safepoint: 138125 ns, At safepoint: 17667 ns, Total: 155792 ns
[2020-09-11T14:51:16.096+0000][1][safepoint    ] Safepoint "RevokeBias", Time since last: 9985298 ns, Reaching safepoint: 131068 ns, At safepoint: 27955 ns, Total: 159023 ns
[2020-09-11T14:51:16.096+0000][1][safepoint    ] Safepoint "RevokeBias", Time since last: 470824 ns, Reaching safepoint: 97009 ns, At safepoint: 22661 ns, Total: 119670 ns
[2020-09-11T14:51:16.312+0000][1][safepoint    ] Safepoint "RevokeBias", Time since last: 215488636 ns, Reaching safepoint: 63828 ns, At safepoint: 18160 ns, Total: 81988 ns
[2020-09-11T14:51:16.312+0000][1][safepoint    ] Safepoint "RevokeBias", Time since last: 136145 ns, Reaching safepoint: 20567 ns, At safepoint: 26538 ns, Total: 47105 ns
[2020-09-11T14:51:16.331+0000][1][safepoint    ] Safepoint "RevokeBias", Time since last: 18379332 ns, Reaching safepoint: 143900 ns, At safepoint: 21673 ns, Total: 165573 ns
[2020-09-11T14:51:17.067+0000][1][safepoint    ] Safepoint "RevokeBias", Time since last: 736389290 ns, Reaching safepoint: 103858 ns, At safepoint: 34185 ns, Total: 138043 ns
[2020-09-11T14:51:17.067+0000][1][safepoint    ] Safepoint "RevokeBias", Time since last: 239891 ns, Reaching safepoint: 85015 ns, At safepoint: 25923 ns, Total: 110938 ns
[2020-09-11T14:51:17.388+0000][1][safepoint    ] Safepoint "RevokeBias", Time since last: 320559818 ns, Reaching safepoint: 87356 ns, At safepoint: 21311 ns, Total: 108667 ns
[2020-09-11T14:51:18.388+0000][1][safepoint    ] Safepoint "Cleanup", Time since last: 1000215393 ns, Reaching safepoint: 91074 ns, At safepoint: 8166 ns, Total: 99240 ns
[2020-09-11T14:51:19.389+0000][1][safepoint    ] Safepoint "Cleanup", Time since last: 1000194992 ns, Reaching safepoint: 98407 ns, At safepoint: 6882 ns, Total: 105289 ns
[2020-09-11T14:51:20.389+0000][1][safepoint    ] Safepoint "Cleanup", Time since last: 1000140772 ns, Reaching safepoint: 104541 ns, At safepoint: 6694 ns, Total: 111235 ns
[2020-09-11T14:51:21.389+0000][1][safepoint    ] Safepoint "Cleanup", Time since last: 1000256004 ns, Reaching safepoint: 57469 ns, At safepoint: 6731 ns, Total: 64200 ns
[2020-09-11T14:51:22.390+0000][1][safepoint    ] Safepoint "Cleanup", Time since last: 1000992759 ns, Reaching safepoint: 56352 ns, At safepoint: 6119 ns, Total: 62471 ns
[2020-09-11T14:51:24.224+0000][1][safepoint    ] Safepoint "Cleanup", Time since last: 1833092487 ns, Reaching safepoint: 127363 ns, At safepoint: 7021 ns, Total: 134384 ns
[2020-09-11T14:51:25.224+0000][1][safepoint    ] Safepoint "Cleanup", Time since last: 1000117233 ns, Reaching safepoint: 81798 ns, At safepoint: 5841 ns, Total: 87639 ns
[2020-09-11T14:51:26.226+0000][1][safepoint    ] Safepoint "Cleanup", Time since last: 1001805029 ns, Reaching safepoint: 158500 ns, At safepoint: 8136 ns, Total: 166636 ns
[2020-09-11T14:51:26.835+0000][1][safepoint    ] Safepoint "RevokeBias", Time since last: 607427838 ns, Reaching safepoint: 1272813 ns, At safepoint: 29928 ns, Total: 1302741 ns
[2020-09-11T14:51:26.836+0000][1][safepoint    ] Safepoint "RevokeBias", Time since last: 235074 ns, Reaching safepoint: 902339 ns, At safepoint: 20604 ns, Total: 922943 ns
[2020-09-11T14:51:27.224+0000][1][safepoint    ] Safepoint "RevokeBias", Time since last: 387967419 ns, Reaching safepoint: 255393 ns, At safepoint: 48107 ns, Total: 303500 ns
[2020-09-11T14:51:28.226+0000][1][safepoint    ] Safepoint "Cleanup", Time since last: 1001967122 ns, Reaching safepoint: 76738 ns, At safepoint: 7258 ns, Total: 83996 ns
[2020-09-11T14:51:29.226+0000][1][safepoint    ] Safepoint "Cleanup", Time since last: 1000177941 ns, Reaching safepoint: 120991 ns, At safepoint: 17030 ns, Total: 138021 ns
[2020-09-11T14:51:30.227+0000][1][safepoint    ] Safepoint "Cleanup", Time since last: 1000205130 ns, Reaching safepoint: 93310 ns, At safepoint: 7426 ns, Total: 100736 ns
[2020-09-11T14:51:30.230+0000][1][safepoint    ] Safepoint "RevokeBias", Time since last: 3686175 ns, Reaching safepoint: 58307 ns, At safepoint: 19714 ns, Total: 78021 ns
[2020-09-11T14:51:31.231+0000][1][safepoint    ] Safepoint "Cleanup", Time since last: 1000115146 ns, Reaching safepoint: 77574 ns, At safepoint: 7403 ns, Total: 84977 ns
[2020-09-11T14:51:32.231+0000][1][safepoint    ] Safepoint "Cleanup", Time since last: 1000192756 ns, Reaching safepoint: 111288 ns, At safepoint: 17217 ns, Total: 128505 ns
[2020-09-11T14:51:33.231+0000][1][safepoint    ] Safepoint "Cleanup", Time since last: 1000226381 ns, Reaching safepoint: 124987 ns, At safepoint: 17323 ns, Total: 142310 ns
[2020-09-11T14:51:33.414+0000][1][safepoint    ] Safepoint "RevokeBias", Time since last: 177303531 ns, Reaching safepoint: 5228790 ns, At safepoint: 19427 ns, Total: 5248217 ns
[2020-09-11T14:51:34.414+0000][1][safepoint    ] Safepoint "Cleanup", Time since last: 1000168316 ns, Reaching safepoint: 139597 ns, At safepoint: 38291 ns, Total: 177888 ns
[2020-09-11T14:51:35.415+0000][1][safepoint    ] Safepoint "Cleanup", Time since last: 1000209790 ns, Reaching safepoint: 130771 ns, At safepoint: 18352 ns, Total: 149123 ns
[2020-09-11T14:51:36.415+0000][1][safepoint    ] Safepoint "Cleanup", Time since last: 1000187460 ns, Reaching safepoint: 129069 ns, At safepoint: 17273 ns, Total: 146342 ns
[2020-09-11T14:51:37.415+0000][1][safepoint    ] Safepoint "Cleanup", Time since last: 1000238686 ns, Reaching safepoint: 79230 ns, At safepoint: 7562 ns, Total: 86792 ns
[2020-09-11T14:51:38.415+0000][1][safepoint    ] Safepoint "Cleanup", Time since last: 1000171567 ns, Reaching safepoint: 115786 ns, At safepoint: 7559 ns, Total: 123345 ns
[2020-09-11T14:51:39.416+0000][1][safepoint    ] Safepoint "Cleanup", Time since last: 1000135373 ns, Reaching safepoint: 74563 ns, At safepoint: 6477 ns, Total: 81040 ns
[2020-09-11T14:51:40.416+0000][1][safepoint    ] Safepoint "Cleanup", Time since last: 1000142973 ns, Reaching safepoint: 102252 ns, At safepoint: 6901 ns, Total: 109153 ns
[2020-09-11T14:51:41.417+0000][1][safepoint    ] Safepoint "Cleanup", Time since last: 1000243739 ns, Reaching safepoint: 276091 ns, At safepoint: 21366 ns, Total: 297457 ns
[2020-09-11T14:51:42.417+0000][1][safepoint    ] Safepoint "Cleanup", Time since last: 1000230160 ns, Reaching safepoint: 103893 ns, At safepoint: 8103 ns, Total: 111996 ns
[2020-09-11T14:51:43.417+0000][1][safepoint    ] Safepoint "Cleanup", Time since last: 1000208829 ns, Reaching safepoint: 93165 ns, At safepoint: 8097 ns, Total: 101262 ns
[2020-09-11T14:51:44.417+0000][1][safepoint    ] Safepoint "Cleanup", Time since last: 1000193784 ns, Reaching safepoint: 92718 ns, At safepoint: 8309 ns, Total: 101027 ns
[2020-09-11T14:51:45.418+0000][1][safepoint    ] Safepoint "Cleanup", Time since last: 1000189510 ns, Reaching safepoint: 100351 ns, At safepoint: 8462 ns, Total: 108813 ns
[2020-09-11T14:51:46.418+0000][1][safepoint    ] Safepoint "Cleanup", Time since last: 1000184587 ns, Reaching safepoint: 104389 ns, At safepoint: 7728 ns, Total: 112117 ns
[2020-09-11T14:51:47.418+0000][1][safepoint    ] Safepoint "Cleanup", Time since last: 1000201225 ns, Reaching safepoint: 126194 ns, At safepoint: 16935 ns, Total: 143129 ns
[2020-09-11T14:51:48.419+0000][1][safepoint    ] Safepoint "Cleanup", Time since last: 1000223837 ns, Reaching safepoint: 97976 ns, At safepoint: 8136 ns, Total: 106112 ns
[2020-09-11T14:51:49.419+0000][1][safepoint    ] Safepoint "Cleanup", Time since last: 1000190225 ns, Reaching safepoint: 94738 ns, At safepoint: 7766 ns, Total: 102504 ns
[2020-09-11T14:51:50.419+0000][1][safepoint    ] Safepoint "Cleanup", Time since last: 1000205282 ns, Reaching safepoint: 102831 ns, At safepoint: 7701 ns, Total: 110532 ns
[2020-09-11T14:51:51.420+0000][1][safepoint    ] Safepoint "Cleanup", Time since last: 1000143036 ns, Reaching safepoint: 72085 ns, At safepoint: 7318 ns, Total: 79403 ns
[2020-09-11T14:51:52.420+0000][1][safepoint    ] Safepoint "Cleanup", Time since last: 1000127260 ns, Reaching safepoint: 66350 ns, At safepoint: 7675 ns, Total: 74025 ns
[2020-09-11T14:51:53.420+0000][1][safepoint    ] Safepoint "Cleanup", Time since last: 1000118669 ns, Reaching safepoint: 74077 ns, At safepoint: 8231 ns, Total: 82308 ns
[2020-09-11T14:51:54.420+0000][1][safepoint    ] Safepoint "Cleanup", Time since last: 1000185791 ns, Reaching safepoint: 136493 ns, At safepoint: 18677 ns, Total: 155170 ns
[2020-09-11T14:51:55.421+0000][1][safepoint    ] Safepoint "Cleanup", Time since last: 1000272928 ns, Reaching safepoint: 102625 ns, At safepoint: 7658 ns, Total: 110283 ns
[2020-09-11T14:51:56.421+0000][1][safepoint    ] Safepoint "Cleanup", Time since last: 1000202461 ns, Reaching safepoint: 96784 ns, At safepoint: 7727 ns, Total: 104511 ns
[2020-09-11T14:51:57.421+0000][1][safepoint    ] Safepoint "Cleanup", Time since last: 1000205632 ns, Reaching safepoint: 98155 ns, At safepoint: 8146 ns, Total: 106301 ns
[2020-09-11T14:51:58.422+0000][1][safepoint    ] Safepoint "Cleanup", Time since last: 1000163685 ns, Reaching safepoint: 130446 ns, At safepoint: 19646 ns, Total: 150092 ns
[2020-09-11T14:51:59.422+0000][1][safepoint    ] Safepoint "Cleanup", Time since last: 1000217698 ns, Reaching safepoint: 98455 ns, At safepoint: 8649 ns, Total: 107104 ns
[2020-09-11T14:52:00.422+0000][1][safepoint    ] Safepoint "Cleanup", Time since last: 1000193031 ns, Reaching safepoint: 97095 ns, At safepoint: 8831 ns, Total: 105926 ns
[2020-09-11T14:52:01.423+0000][1][safepoint    ] Safepoint "Cleanup", Time since last: 1000191060 ns, Reaching safepoint: 92235 ns, At safepoint: 7871 ns, Total: 100106 ns
[2020-09-11T14:52:02.242+0000][1][gc,start     ] GC(69) Pause Young (Allocation Failure)
[2020-09-11T14:52:02.242+0000][1][gc,task      ] GC(69) Using 1 workers of 1 for evacuation
[2020-09-11T14:52:02.264+0000][1][gc,age       ] GC(69) Desired survivor size 4358144 bytes, new threshold 6 (max threshold 6)
[2020-09-11T14:52:02.264+0000][1][gc,age       ] GC(69) Age table with threshold 6 (max threshold 6)
[2020-09-11T14:52:02.264+0000][1][gc,age       ] GC(69) - age   1:     197408 bytes,     197408 total
[2020-09-11T14:52:02.264+0000][1][gc,age       ] GC(69) - age   2:     923128 bytes,    1120536 total
[2020-09-11T14:52:02.264+0000][1][gc,age       ] GC(69) - age   3:    1865048 bytes,    2985584 total
[2020-09-11T14:52:02.264+0000][1][gc,age       ] GC(69) - age   4:    1326096 bytes,    4311680 total
[2020-09-11T14:52:02.264+0000][1][gc,heap      ] GC(69) ParNew: 72263K->8146K(76672K)
[2020-09-11T14:52:02.264+0000][1][gc,heap      ] GC(69) CMS: 97090K->97090K(2011968K)
[2020-09-11T14:52:02.264+0000][1][gc,metaspace ] GC(69) Metaspace: 81947K->81947K(1124352K)
[2020-09-11T14:52:02.264+0000][1][gc           ] GC(69) Pause Young (Allocation Failure) 165M->102M(2039M) 22.519ms
[2020-09-11T14:52:02.264+0000][1][gc,cpu       ] GC(69) User=0.03s Sys=0.00s Real=0.03s
[2020-09-11T14:52:02.264+0000][1][safepoint    ] Safepoint "GenCollectForAllocation", Time since last: 819146185 ns, Reaching safepoint: 176707 ns, At safepoint: 22578572 ns, Total: 22755279 ns
[2020-09-11T14:52:03.267+0000][1][safepoint    ] Safepoint "Cleanup", Time since last: 1002021169 ns, Reaching safepoint: 96816 ns, At safepoint: 40256 ns, Total: 137072 ns
[2020-09-11T14:52:04.267+0000][1][safepoint    ] Safepoint "Cleanup", Time since last: 1000187332 ns, Reaching safepoint: 174924 ns, At safepoint: 14977 ns, Total: 189901 ns
[2020-09-11T14:52:05.267+0000][1][safepoint    ] Safepoint "Cleanup", Time since last: 1000088610 ns, Reaching safepoint: 166258 ns, At safepoint: 16832 ns, Total: 183090 ns
[2020-09-11T14:52:06.268+0000][1][safepoint    ] Safepoint "Cleanup", Time since last: 1000223043 ns, Reaching safepoint: 142120 ns, At safepoint: 14102 ns, Total: 156222 ns
[2020-09-11T14:52:07.268+0000][1][safepoint    ] Safepoint "Cleanup", Time since last: 1000122907 ns, Reaching safepoint: 162613 ns, At safepoint: 7036 ns, Total: 169649 ns
[2020-09-11T14:52:08.268+0000][1][safepoint    ] Safepoint "Cleanup", Time since last: 1000173909 ns, Reaching safepoint: 118990 ns, At safepoint: 15649 ns, Total: 134639 ns
[2020-09-11T14:52:09.269+0000][1][safepoint    ] Safepoint "Cleanup", Time since last: 1000205664 ns, Reaching safepoint: 100665 ns, At safepoint: 16294 ns, Total: 116959 ns
[2020-09-11T14:52:10.269+0000][1][safepoint    ] Safepoint "Cleanup", Time since last: 1000189659 ns, Reaching safepoint: 100270 ns, At safepoint: 15292 ns, Total: 115562 ns
[2020-09-11T14:52:11.269+0000][1][safepoint    ] Safepoint "Cleanup", Time since last: 1000231551 ns, Reaching safepoint: 75083 ns, At safepoint: 6226 ns, Total: 81309 ns
[2020-09-11T14:52:12.269+0000][1][safepoint    ] Safepoint "Cleanup", Time since last: 1000115474 ns, Reaching safepoint: 121539 ns, At safepoint: 6017 ns, Total: 127556 ns
[2020-09-11T14:52:13.270+0000][1][safepoint    ] Safepoint "Cleanup", Time since last: 1000152171 ns, Reaching safepoint: 105238 ns, At safepoint: 16391 ns, Total: 121629 ns
[2020-09-11T14:52:14.270+0000][1][safepoint    ] Safepoint "Cleanup", Time since last: 1000218349 ns, Reaching safepoint: 99849 ns, At safepoint: 15315 ns, Total: 115164 ns
[2020-09-11T14:52:15.270+0000][1][safepoint    ] Safepoint "Cleanup", Time since last: 1000203441 ns, Reaching safepoint: 80280 ns, At safepoint: 6205 ns, Total: 86485 ns
[2020-09-11T14:52:16.271+0000][1][safepoint    ] Safepoint "Cleanup", Time since last: 1000127576 ns, Reaching safepoint: 119053 ns, At safepoint: 14079 ns, Total: 133132 ns
[2020-09-11T14:52:17.271+0000][1][safepoint    ] Safepoint "Cleanup", Time since last: 1000149356 ns, Reaching safepoint: 59182 ns, At safepoint: 6046 ns, Total: 65228 ns
[2020-09-11T14:52:18.271+0000][1][safepoint    ] Safepoint "Cleanup", Time since last: 1000176262 ns, Reaching safepoint: 76128 ns, At safepoint: 5690 ns, Total: 81818 ns
[2020-09-11T14:52:19.271+0000][1][safepoint    ] Safepoint "Cleanup", Time since last: 1000149048 ns, Reaching safepoint: 105856 ns, At safepoint: 16334 ns, Total: 122190 ns
[2020-09-11T14:52:20.272+0000][1][safepoint    ] Safepoint "Cleanup", Time since last: 1000159084 ns, Reaching safepoint: 103855 ns, At safepoint: 13929 ns, Total: 117784 ns
[2020-09-11T14:52:21.272+0000][1][safepoint    ] Safepoint "Cleanup", Time since last: 1000211896 ns, Reaching safepoint: 116210 ns, At safepoint: 16745 ns, Total: 132955 ns
[2020-09-11T14:52:22.272+0000][1][safepoint    ] Safepoint "Cleanup", Time since last: 1000215432 ns, Reaching safepoint: 73739 ns, At safepoint: 6001 ns, Total: 79740 ns
[2020-09-11T14:52:23.273+0000][1][safepoint    ] Safepoint "Cleanup", Time since last: 1000194506 ns, Reaching safepoint: 83946 ns, At safepoint: 6268 ns, Total: 90214 ns
[2020-09-11T14:52:24.273+0000][1][safepoint    ] Safepoint "Cleanup", Time since last: 1000130041 ns, Reaching safepoint: 119307 ns, At safepoint: 16007 ns, Total: 135314 ns
[2020-09-11T14:52:25.273+0000][1][safepoint    ] Safepoint "Cleanup", Time since last: 1000196331 ns, Reaching safepoint: 119361 ns, At safepoint: 17069 ns, Total: 136430 ns
[2020-09-11T14:52:26.273+0000][1][safepoint    ] Safepoint "Cleanup", Time since last: 1000186258 ns, Reaching safepoint: 94716 ns, At safepoint: 6149 ns, Total: 100865 ns
[2020-09-11T14:52:27.274+0000][1][safepoint    ] Safepoint "Cleanup", Time since last: 1000157832 ns, Reaching safepoint: 142617 ns, At safepoint: 16331 ns, Total: 158948 ns
[2020-09-11T14:52:28.274+0000][1][safepoint    ] Safepoint "Cleanup", Time since last: 1000197231 ns, Reaching safepoint: 106411 ns, At safepoint: 15502 ns, Total: 121913 ns
[2020-09-11T14:52:29.274+0000][1][safepoint    ] Safepoint "Cleanup", Time since last: 1000224684 ns, Reaching safepoint: 129945 ns, At safepoint: 18736 ns, Total: 148681 ns
[2020-09-11T14:52:30.275+0000][1][safepoint    ] Safepoint "Cleanup", Time since last: 1000190299 ns, Reaching safepoint: 130927 ns, At safepoint: 16100 ns, Total: 147027 ns
[2020-09-11T14:52:31.275+0000][1][safepoint    ] Safepoint "Cleanup", Time since last: 1000204297 ns, Reaching safepoint: 110617 ns, At safepoint: 16762 ns, Total: 127379 ns
[2020-09-11T14:52:32.275+0000][1][safepoint    ] Safepoint "Cleanup", Time since last: 1000167513 ns, Reaching safepoint: 102959 ns, At safepoint: 14059 ns, Total: 117018 ns
[2020-09-11T14:52:33.276+0000][1][safepoint    ] Safepoint "Cleanup", Time since last: 1000157205 ns, Reaching safepoint: 79912 ns, At safepoint: 7052 ns, Total: 86964 ns
[2020-09-11T14:52:34.276+0000][1][safepoint    ] Safepoint "Cleanup", Time since last: 1000126930 ns, Reaching safepoint: 96941 ns, At safepoint: 6100 ns, Total: 103041 ns
[2020-09-11T14:52:35.276+0000][1][safepoint    ] Safepoint "Cleanup", Time since last: 1000127266 ns, Reaching safepoint: 108085 ns, At safepoint: 7383 ns, Total: 115468 ns
[2020-09-11T14:52:36.276+0000][1][safepoint    ] Safepoint "Cleanup", Time since last: 1000142679 ns, Reaching safepoint: 96188 ns, At safepoint: 6037 ns, Total: 102225 ns
[2020-09-11T14:52:37.277+0000][1][safepoint    ] Safepoint "Cleanup", Time since last: 1000158430 ns, Reaching safepoint: 108671 ns, At safepoint: 7024 ns, Total: 115695 ns
[2020-09-11T14:52:38.277+0000][1][safepoint    ] Safepoint "Cleanup", Time since last: 1000129525 ns, Reaching safepoint: 94025 ns, At safepoint: 5761 ns, Total: 99786 ns
[2020-09-11T14:52:39.277+0000][1][safepoint    ] Safepoint "Cleanup", Time since last: 1000130614 ns, Reaching safepoint: 105629 ns, At safepoint: 6949 ns, Total: 112578 ns
[2020-09-11T14:52:40.277+0000][1][safepoint    ] Safepoint "Cleanup", Time since last: 1000151219 ns, Reaching safepoint: 91778 ns, At safepoint: 5964 ns, Total: 97742 ns
[2020-09-11T14:52:41.278+0000][1][safepoint    ] Safepoint "Cleanup", Time since last: 1000171215 ns, Reaching safepoint: 82579 ns, At safepoint: 6371 ns, Total: 88950 ns
[2020-09-11T14:52:42.278+0000][1][safepoint    ] Safepoint "Cleanup", Time since last: 1000177506 ns, Reaching safepoint: 96488 ns, At safepoint: 6534 ns, Total: 103022 ns
[2020-09-11T14:52:43.278+0000][1][safepoint    ] Safepoint "Cleanup", Time since last: 1000153180 ns, Reaching safepoint: 110219 ns, At safepoint: 6975 ns, Total: 117194 ns
[2020-09-11T14:52:44.278+0000][1][safepoint    ] Safepoint "Cleanup", Time since last: 1000191938 ns, Reaching safepoint: 118966 ns, At safepoint: 17440 ns, Total: 136406 ns
[2020-09-11T14:52:45.279+0000][1][safepoint    ] Safepoint "Cleanup", Time since last: 1000182209 ns, Reaching safepoint: 108610 ns, At safepoint: 6420 ns, Total: 115030 ns
[2020-09-11T14:52:46.280+0000][1][safepoint    ] Safepoint "Cleanup", Time since last: 1000751935 ns, Reaching safepoint: 105807 ns, At safepoint: 6801 ns, Total: 112608 ns
[2020-09-11T14:52:47.280+0000][1][safepoint    ] Safepoint "Cleanup", Time since last: 1000183506 ns, Reaching safepoint: 114089 ns, At safepoint: 17848 ns, Total: 131937 ns
[2020-09-11T14:52:48.280+0000][1][safepoint    ] Safepoint "Cleanup", Time since last: 1000183406 ns, Reaching safepoint: 108479 ns, At safepoint: 14677 ns, Total: 123156 ns
[2020-09-11T14:52:49.281+0000][1][safepoint    ] Safepoint "Cleanup", Time since last: 1000210647 ns, Reaching safepoint: 93661 ns, At safepoint: 7489 ns, Total: 101150 ns
[2020-09-11T14:52:50.281+0000][1][safepoint    ] Safepoint "Cleanup", Time since last: 1000149756 ns, Reaching safepoint: 64444 ns, At safepoint: 5460 ns, Total: 69904 ns
[2020-09-11T14:52:51.282+0000][1][safepoint    ] Safepoint "Cleanup", Time since last: 1000805284 ns, Reaching safepoint: 97422 ns, At safepoint: 7367 ns, Total: 104789 ns
[2020-09-11T14:52:52.282+0000][1][safepoint    ] Safepoint "Cleanup", Time since last: 1000201195 ns, Reaching safepoint: 113374 ns, At safepoint: 16631 ns, Total: 130005 ns
[2020-09-11T14:52:53.282+0000][1][safepoint    ] Safepoint "Cleanup", Time since last: 1000176327 ns, Reaching safepoint: 113931 ns, At safepoint: 16953 ns, Total: 130884 ns
[2020-09-11T14:52:54.283+0000][1][safepoint    ] Safepoint "Cleanup", Time since last: 1000182866 ns, Reaching safepoint: 108509 ns, At safepoint: 6656 ns, Total: 115165 ns
[2020-09-11T14:52:55.283+0000][1][safepoint    ] Safepoint "Cleanup", Time since last: 1000167658 ns, Reaching safepoint: 113397 ns, At safepoint: 17253 ns, Total: 130650 ns
[2020-09-11T14:52:56.284+0000][1][safepoint    ] Safepoint "Cleanup", Time since last: 1000814565 ns, Reaching safepoint: 105770 ns, At safepoint: 6838 ns, Total: 112608 ns
[2020-09-11T14:52:57.284+0000][1][safepoint    ] Safepoint "Cleanup", Time since last: 1000155837 ns, Reaching safepoint: 130021 ns, At safepoint: 18072 ns, Total: 148093 ns
[2020-09-11T14:52:58.284+0000][1][safepoint    ] Safepoint "Cleanup", Time since last: 1000203166 ns, Reaching safepoint: 114665 ns, At safepoint: 7529 ns, Total: 122194 ns
[2020-09-11T14:52:59.285+0000][1][safepoint    ] Safepoint "Cleanup", Time since last: 1000164837 ns, Reaching safepoint: 71602 ns, At safepoint: 7799 ns, Total: 79401 ns
[2020-09-11T14:53:00.285+0000][1][safepoint    ] Safepoint "Cleanup", Time since last: 1000130606 ns, Reaching safepoint: 117195 ns, At safepoint: 7360 ns, Total: 124555 ns
[2020-09-11T14:53:01.286+0000][1][safepoint    ] Safepoint "Cleanup", Time since last: 1000844154 ns, Reaching safepoint: 103132 ns, At safepoint: 6572 ns, Total: 109704 ns
[2020-09-11T14:53:02.286+0000][1][safepoint    ] Safepoint "Cleanup", Time since last: 1000207980 ns, Reaching safepoint: 115371 ns, At safepoint: 17781 ns, Total: 133152 ns
[2020-09-11T14:53:03.292+0000][1][safepoint    ] Safepoint "Cleanup", Time since last: 1005177607 ns, Reaching safepoint: 87333 ns, At safepoint: 7346 ns, Total: 94679 ns
[2020-09-11T14:53:04.292+0000][1][safepoint    ] Safepoint "Cleanup", Time since last: 1000144843 ns, Reaching safepoint: 125568 ns, At safepoint: 17871 ns, Total: 143439 ns
[2020-09-11T14:53:05.292+0000][1][safepoint    ] Safepoint "Cleanup", Time since last: 1000217514 ns, Reaching safepoint: 115472 ns, At safepoint: 18255 ns, Total: 133727 ns
[2020-09-11T14:53:06.293+0000][1][safepoint    ] Safepoint "Cleanup", Time since last: 1001064266 ns, Reaching safepoint: 83800 ns, At safepoint: 6688 ns, Total: 90488 ns
[2020-09-11T14:53:07.294+0000][1][safepoint    ] Safepoint "Cleanup", Time since last: 1000201399 ns, Reaching safepoint: 146760 ns, At safepoint: 19331 ns, Total: 166091 ns
[2020-09-11T14:53:08.294+0000][1][safepoint    ] Safepoint "Cleanup", Time since last: 1000210650 ns, Reaching safepoint: 124823 ns, At safepoint: 17654 ns, Total: 142477 ns
[2020-09-11T14:53:09.294+0000][1][safepoint    ] Safepoint "Cleanup", Time since last: 1000223502 ns, Reaching safepoint: 113498 ns, At safepoint: 17049 ns, Total: 130547 ns
[2020-09-11T14:53:10.295+0000][1][safepoint    ] Safepoint "Cleanup", Time since last: 1000220924 ns, Reaching safepoint: 122692 ns, At safepoint: 17550 ns, Total: 140242 ns
[2020-09-11T14:53:11.311+0000][1][safepoint    ] Safepoint "Cleanup", Time since last: 1016367616 ns, Reaching safepoint: 114887 ns, At safepoint: 18115 ns, Total: 133002 ns
[2020-09-11T14:53:12.312+0000][1][safepoint    ] Safepoint "Cleanup", Time since last: 1000186194 ns, Reaching safepoint: 106408 ns, At safepoint: 7565 ns, Total: 113973 ns
[2020-09-11T14:53:13.312+0000][1][safepoint    ] Safepoint "Cleanup", Time since last: 1000171789 ns, Reaching safepoint: 96512 ns, At safepoint: 7594 ns, Total: 104106 ns
[2020-09-11T14:53:14.312+0000][1][safepoint    ] Safepoint "Cleanup", Time since last: 1000150121 ns, Reaching safepoint: 102672 ns, At safepoint: 6996 ns, Total: 109668 ns
[2020-09-11T14:53:15.312+0000][1][safepoint    ] Safepoint "Cleanup", Time since last: 1000175896 ns, Reaching safepoint: 86330 ns, At safepoint: 7075 ns, Total: 93405 ns
[2020-09-11T14:53:16.313+0000][1][safepoint    ] Safepoint "Cleanup", Time since last: 1000703625 ns, Reaching safepoint: 128853 ns, At safepoint: 17607 ns, Total: 146460 ns
[2020-09-11T14:53:17.314+0000][1][safepoint    ] Safepoint "Cleanup", Time since last: 1000191107 ns, Reaching safepoint: 124800 ns, At safepoint: 16955 ns, Total: 141755 ns
[2020-09-11T14:53:18.314+0000][1][safepoint    ] Safepoint "Cleanup", Time since last: 1000210411 ns, Reaching safepoint: 111289 ns, At safepoint: 8008 ns, Total: 119297 ns
[2020-09-11T14:53:19.314+0000][1][safepoint    ] Safepoint "Cleanup", Time since last: 1000159080 ns, Reaching safepoint: 117910 ns, At safepoint: 17604 ns, Total: 135514 ns
[2020-09-11T14:53:20.315+0000][1][safepoint    ] Safepoint "Cleanup", Time since last: 1000188235 ns, Reaching safepoint: 117727 ns, At safepoint: 17911 ns, Total: 135638 ns
[2020-09-11T14:53:21.316+0000][1][safepoint    ] Safepoint "Cleanup", Time since last: 1001136630 ns, Reaching safepoint: 116895 ns, At safepoint: 16985 ns, Total: 133880 ns
[2020-09-11T14:53:22.316+0000][1][safepoint    ] Safepoint "Cleanup", Time since last: 1000280883 ns, Reaching safepoint: 139077 ns, At safepoint: 18890 ns, Total: 157967 ns
[2020-09-11T14:53:22.368+0000][1][gc,start     ] GC(70) Pause Young (Allocation Failure)
[2020-09-11T14:53:22.368+0000][1][gc,task      ] GC(70) Using 1 workers of 1 for evacuation
[2020-09-11T14:53:22.392+0000][1][gc,age       ] GC(70) Desired survivor size 4358144 bytes, new threshold 6 (max threshold 6)
[2020-09-11T14:53:22.392+0000][1][gc,age       ] GC(70) Age table with threshold 6 (max threshold 6)
[2020-09-11T14:53:22.392+0000][1][gc,age       ] GC(70) - age   1:      29816 bytes,      29816 total
[2020-09-11T14:53:22.392+0000][1][gc,age       ] GC(70) - age   2:     167704 bytes,     197520 total
[2020-09-11T14:53:22.392+0000][1][gc,age       ] GC(70) - age   3:     920648 bytes,    1118168 total
[2020-09-11T14:53:22.392+0000][1][gc,age       ] GC(70) - age   4:    1865048 bytes,    2983216 total
[2020-09-11T14:53:22.393+0000][1][gc,age       ] GC(70) - age   5:    1326096 bytes,    4309312 total
[2020-09-11T14:53:22.393+0000][1][gc,heap      ] GC(70) ParNew: 76306K->5194K(76672K)
[2020-09-11T14:53:22.393+0000][1][gc,heap      ] GC(70) CMS: 97090K->97090K(2011968K)
[2020-09-11T14:53:22.393+0000][1][gc,metaspace ] GC(70) Metaspace: 82097K->82097K(1124352K)
[2020-09-11T14:53:22.393+0000][1][gc           ] GC(70) Pause Young (Allocation Failure) 169M->99M(2039M) 24.269ms
[2020-09-11T14:53:22.393+0000][1][gc,cpu       ] GC(70) User=0.02s Sys=0.00s Real=0.02s
[2020-09-11T14:53:22.393+0000][1][safepoint    ] Safepoint "GenCollectForAllocation", Time since last: 51718904 ns, Reaching safepoint: 349008 ns, At safepoint: 24347615 ns, Total: 24696623 ns
[2020-09-11T14:53:23.397+0000][1][safepoint    ] Safepoint "Cleanup", Time since last: 1004760532 ns, Reaching safepoint: 60972 ns, At safepoint: 5670 ns, Total: 66642 ns
[2020-09-11T14:53:24.398+0000][1][safepoint    ] Safepoint "Cleanup", Time since last: 1000502666 ns, Reaching safepoint: 52914 ns, At safepoint: 5682 ns, Total: 58596 ns
[2020-09-11T14:53:25.398+0000][1][safepoint    ] Safepoint "Cleanup", Time since last: 1000108243 ns, Reaching safepoint: 188437 ns, At safepoint: 6880 ns, Total: 195317 ns
[2020-09-11T14:53:26.399+0000][1][safepoint    ] Safepoint "Cleanup", Time since last: 1000635748 ns, Reaching safepoint: 118342 ns, At safepoint: 16705 ns, Total: 135047 ns
[2020-09-11T14:53:27.399+0000][1][safepoint    ] Safepoint "Cleanup", Time since last: 1000157738 ns, Reaching safepoint: 195121 ns, At safepoint: 6950 ns, Total: 202071 ns
[2020-09-11T14:53:28.400+0000][1][safepoint    ] Safepoint "Cleanup", Time since last: 1000190043 ns, Reaching safepoint: 104829 ns, At safepoint: 7077 ns, Total: 111906 ns
[2020-09-11T14:53:29.400+0000][1][safepoint    ] Safepoint "Cleanup", Time since last: 1000148542 ns, Reaching safepoint: 163422 ns, At safepoint: 18228 ns, Total: 181650 ns
[2020-09-11T14:53:30.400+0000][1][safepoint    ] Safepoint "Cleanup", Time since last: 1000186278 ns, Reaching safepoint: 119271 ns, At safepoint: 16898 ns, Total: 136169 ns
[2020-09-11T14:53:31.402+0000][1][safepoint    ] Safepoint "Cleanup", Time since last: 1001301958 ns, Reaching safepoint: 114313 ns, At safepoint: 7203 ns, Total: 121516 ns
[2020-09-11T14:53:32.402+0000][1][safepoint    ] Safepoint "Cleanup", Time since last: 1000120492 ns, Reaching safepoint: 54996 ns, At safepoint: 5722 ns, Total: 60718 ns
[2020-09-11T14:53:33.402+0000][1][safepoint    ] Safepoint "Cleanup", Time since last: 1000174247 ns, Reaching safepoint: 105437 ns, At safepoint: 8474 ns, Total: 113911 ns
[2020-09-11T14:53:34.403+0000][1][safepoint    ] Safepoint "Cleanup", Time since last: 1000194426 ns, Reaching safepoint: 120055 ns, At safepoint: 17530 ns, Total: 137585 ns
[2020-09-11T14:53:35.403+0000][1][safepoint    ] Safepoint "Cleanup", Time since last: 1000265015 ns, Reaching safepoint: 98954 ns, At safepoint: 7995 ns, Total: 106949 ns
[2020-09-11T14:53:36.404+0000][1][safepoint    ] Safepoint "Cleanup", Time since last: 1000889394 ns, Reaching safepoint: 92914 ns, At safepoint: 7362 ns, Total: 100276 ns
[2020-09-11T14:53:37.404+0000][1][safepoint    ] Safepoint "Cleanup", Time since last: 1000223662 ns, Reaching safepoint: 96092 ns, At safepoint: 7803 ns, Total: 103895 ns
[2020-09-11T14:53:38.405+0000][1][safepoint    ] Safepoint "Cleanup", Time since last: 1000146650 ns, Reaching safepoint: 109817 ns, At safepoint: 6255 ns, Total: 116072 ns
[2020-09-11T14:53:39.405+0000][1][safepoint    ] Safepoint "Cleanup", Time since last: 1000173346 ns, Reaching safepoint: 116537 ns, At safepoint: 17387 ns, Total: 133924 ns
[2020-09-11T14:53:40.405+0000][1][safepoint    ] Safepoint "Cleanup", Time since last: 1000234273 ns, Reaching safepoint: 93704 ns, At safepoint: 7320 ns, Total: 101024 ns
[2020-09-11T14:53:41.406+0000][1][safepoint    ] Safepoint "Cleanup", Time since last: 1000806718 ns, Reaching safepoint: 118228 ns, At safepoint: 18366 ns, Total: 136594 ns
[2020-09-11T14:53:42.406+0000][1][safepoint    ] Safepoint "Cleanup", Time since last: 1000224285 ns, Reaching safepoint: 89038 ns, At safepoint: 7209 ns, Total: 96247 ns
[2020-09-11T14:53:43.407+0000][1][safepoint    ] Safepoint "Cleanup", Time since last: 1000210897 ns, Reaching safepoint: 98207 ns, At safepoint: 7998 ns, Total: 106205 ns
[2020-09-11T14:53:44.407+0000][1][safepoint    ] Safepoint "Cleanup", Time since last: 1000171741 ns, Reaching safepoint: 77527 ns, At safepoint: 7314 ns, Total: 84841 ns
[2020-09-11T14:53:45.407+0000][1][safepoint    ] Safepoint "Cleanup", Time since last: 1000194474 ns, Reaching safepoint: 85964 ns, At safepoint: 8478 ns, Total: 94442 ns
[2020-09-11T14:53:46.408+0000][1][safepoint    ] Safepoint "Cleanup", Time since last: 1000737774 ns, Reaching safepoint: 126282 ns, At safepoint: 6786 ns, Total: 133068 ns
[2020-09-11T14:53:47.408+0000][1][safepoint    ] Safepoint "Cleanup", Time since last: 1000154503 ns, Reaching safepoint: 101280 ns, At safepoint: 7584 ns, Total: 108864 ns
[2020-09-11T14:53:48.409+0000][1][safepoint    ] Safepoint "Cleanup", Time since last: 1000195289 ns, Reaching safepoint: 93100 ns, At safepoint: 7105 ns, Total: 100205 ns
[2020-09-11T14:53:49.409+0000][1][safepoint    ] Safepoint "Cleanup", Time since last: 1000151433 ns, Reaching safepoint: 119270 ns, At safepoint: 17320 ns, Total: 136590 ns
[2020-09-11T14:53:50.409+0000][1][safepoint    ] Safepoint "Cleanup", Time since last: 1000230190 ns, Reaching safepoint: 117530 ns, At safepoint: 16668 ns, Total: 134198 ns
[2020-09-11T14:53:51.411+0000][1][safepoint    ] Safepoint "Cleanup", Time since last: 1001248364 ns, Reaching safepoint: 136744 ns, At safepoint: 17884 ns, Total: 154628 ns
[2020-09-11T14:53:52.411+0000][1][safepoint    ] Safepoint "Cleanup", Time since last: 1000227416 ns, Reaching safepoint: 129103 ns, At safepoint: 18042 ns, Total: 147145 ns
[2020-09-11T14:53:53.412+0000][1][safepoint    ] Safepoint "Cleanup", Time since last: 1000246012 ns, Reaching safepoint: 92330 ns, At safepoint: 8244 ns, Total: 100574 ns
[2020-09-11T14:53:54.412+0000][1][safepoint    ] Safepoint "Cleanup", Time since last: 1000178160 ns, Reaching safepoint: 131940 ns, At safepoint: 18232 ns, Total: 150172 ns
[2020-09-11T14:53:55.412+0000][1][safepoint    ] Safepoint "Cleanup", Time since last: 1000228482 ns, Reaching safepoint: 118980 ns, At safepoint: 18576 ns, Total: 137556 ns
[2020-09-11T14:53:56.413+0000][1][safepoint    ] Safepoint "Cleanup", Time since last: 1000921286 ns, Reaching safepoint: 120049 ns, At safepoint: 17189 ns, Total: 137238 ns
[2020-09-11T14:53:57.414+0000][1][safepoint    ] Safepoint "Cleanup", Time since last: 1000229640 ns, Reaching safepoint: 132371 ns, At safepoint: 17136 ns, Total: 149507 ns
[2020-09-11T14:53:58.414+0000][1][safepoint    ] Safepoint "Cleanup", Time since last: 1000242997 ns, Reaching safepoint: 91873 ns, At safepoint: 7130 ns, Total: 99003 ns
[2020-09-11T14:53:59.414+0000][1][safepoint    ] Safepoint "Cleanup", Time since last: 1000154711 ns, Reaching safepoint: 130035 ns, At safepoint: 7574 ns, Total: 137609 ns
[2020-09-11T14:54:00.415+0000][1][safepoint    ] Safepoint "Cleanup", Time since last: 1000176489 ns, Reaching safepoint: 117861 ns, At safepoint: 16992 ns, Total: 134853 ns
[2020-09-11T14:54:01.416+0000][1][safepoint    ] Safepoint "Cleanup", Time since last: 1001120497 ns, Reaching safepoint: 67173 ns, At safepoint: 7192 ns, Total: 74365 ns
[2020-09-11T14:54:02.416+0000][1][safepoint    ] Safepoint "Cleanup", Time since last: 1000184881 ns, Reaching safepoint: 126390 ns, At safepoint: 17570 ns, Total: 143960 ns
[2020-09-11T14:54:03.417+0000][1][safepoint    ] Safepoint "Cleanup", Time since last: 1000222822 ns, Reaching safepoint: 121449 ns, At safepoint: 18369 ns, Total: 139818 ns
[2020-09-11T14:54:04.417+0000][1][safepoint    ] Safepoint "Cleanup", Time since last: 1000232890 ns, Reaching safepoint: 90487 ns, At safepoint: 7079 ns, Total: 97566 ns
[2020-09-11T14:54:05.417+0000][1][safepoint    ] Safepoint "Cleanup", Time since last: 1000198397 ns, Reaching safepoint: 119561 ns, At safepoint: 17574 ns, Total: 137135 ns
[2020-09-11T14:54:06.418+0000][1][safepoint    ] Safepoint "Cleanup", Time since last: 1001146436 ns, Reaching safepoint: 119046 ns, At safepoint: 17253 ns, Total: 136299 ns
[2020-09-11T14:54:07.419+0000][1][safepoint    ] Safepoint "Cleanup", Time since last: 1000224918 ns, Reaching safepoint: 119694 ns, At safepoint: 18516 ns, Total: 138210 ns
[2020-09-11T14:54:08.419+0000][1][safepoint    ] Safepoint "Cleanup", Time since last: 1000182320 ns, Reaching safepoint: 114596 ns, At safepoint: 15249 ns, Total: 129845 ns
[2020-09-11T14:54:09.419+0000][1][safepoint    ] Safepoint "Cleanup", Time since last: 1000220449 ns, Reaching safepoint: 91363 ns, At safepoint: 7711 ns, Total: 99074 ns
[2020-09-11T14:54:10.420+0000][1][safepoint    ] Safepoint "Cleanup", Time since last: 1000148956 ns, Reaching safepoint: 114945 ns, At safepoint: 7201 ns, Total: 122146 ns
[2020-09-11T14:54:11.421+0000][1][safepoint    ] Safepoint "Cleanup", Time since last: 1000694209 ns, Reaching safepoint: 146149 ns, At safepoint: 19622 ns, Total: 165771 ns
[2020-09-11T14:54:12.421+0000][1][safepoint    ] Safepoint "Cleanup", Time since last: 1000205657 ns, Reaching safepoint: 119261 ns, At safepoint: 17954 ns, Total: 137215 ns
[2020-09-11T14:54:13.421+0000][1][safepoint    ] Safepoint "Cleanup", Time since last: 1000240734 ns, Reaching safepoint: 88925 ns, At safepoint: 8430 ns, Total: 97355 ns
[2020-09-11T14:54:14.422+0000][1][safepoint    ] Safepoint "Cleanup", Time since last: 1000155998 ns, Reaching safepoint: 105741 ns, At safepoint: 7535 ns, Total: 113276 ns
[2020-09-11T14:54:15.422+0000][1][safepoint    ] Safepoint "Cleanup", Time since last: 1000167493 ns, Reaching safepoint: 130901 ns, At safepoint: 18208 ns, Total: 149109 ns
[2020-09-11T14:54:16.455+0000][1][safepoint    ] Safepoint "Cleanup", Time since last: 1032770561 ns, Reaching safepoint: 133593 ns, At safepoint: 17854 ns, Total: 151447 ns
[2020-09-11T14:54:17.455+0000][1][safepoint    ] Safepoint "Cleanup", Time since last: 1000231522 ns, Reaching safepoint: 113664 ns, At safepoint: 17163 ns, Total: 130827 ns
[2020-09-11T14:54:18.456+0000][1][safepoint    ] Safepoint "Cleanup", Time since last: 1000192654 ns, Reaching safepoint: 143041 ns, At safepoint: 16478 ns, Total: 159519 ns
[2020-09-11T14:54:19.456+0000][1][safepoint    ] Safepoint "Cleanup", Time since last: 1000216991 ns, Reaching safepoint: 117419 ns, At safepoint: 17266 ns, Total: 134685 ns
[2020-09-11T14:54:20.456+0000][1][safepoint    ] Safepoint "Cleanup", Time since last: 1000232840 ns, Reaching safepoint: 88087 ns, At safepoint: 7029 ns, Total: 95116 ns
[2020-09-11T14:54:21.457+0000][1][safepoint    ] Safepoint "Cleanup", Time since last: 1000844457 ns, Reaching safepoint: 92677 ns, At safepoint: 7416 ns, Total: 100093 ns
[2020-09-11T14:54:22.457+0000][1][safepoint    ] Safepoint "Cleanup", Time since last: 1000172755 ns, Reaching safepoint: 127095 ns, At safepoint: 17971 ns, Total: 145066 ns
[2020-09-11T14:54:23.458+0000][1][safepoint    ] Safepoint "Cleanup", Time since last: 1000228153 ns, Reaching safepoint: 89842 ns, At safepoint: 7840 ns, Total: 97682 ns
[2020-09-11T14:54:24.458+0000][1][safepoint    ] Safepoint "Cleanup", Time since last: 1000207278 ns, Reaching safepoint: 118031 ns, At safepoint: 17584 ns, Total: 135615 ns
[2020-09-11T14:54:25.458+0000][1][safepoint    ] Safepoint "Cleanup", Time since last: 1000220251 ns, Reaching safepoint: 118883 ns, At safepoint: 17366 ns, Total: 136249 ns
[2020-09-11T14:54:26.460+0000][1][safepoint    ] Safepoint "Cleanup", Time since last: 1000912172 ns, Reaching safepoint: 155354 ns, At safepoint: 15646 ns, Total: 171000 ns
[2020-09-11T14:54:27.460+0000][1][safepoint    ] Safepoint "Cleanup", Time since last: 1000224643 ns, Reaching safepoint: 98405 ns, At safepoint: 7553 ns, Total: 105958 ns
[2020-09-11T14:54:28.460+0000][1][safepoint    ] Safepoint "Cleanup", Time since last: 1000170718 ns, Reaching safepoint: 106177 ns, At safepoint: 7594 ns, Total: 113771 ns
[2020-09-11T14:54:29.460+0000][1][safepoint    ] Safepoint "Cleanup", Time since last: 1000192929 ns, Reaching safepoint: 91566 ns, At safepoint: 7825 ns, Total: 99391 ns
[2020-09-11T14:54:30.461+0000][1][safepoint    ] Safepoint "Cleanup", Time since last: 1000178838 ns, Reaching safepoint: 222958 ns, At safepoint: 8694 ns, Total: 231652 ns
[2020-09-11T14:54:31.462+0000][1][safepoint    ] Safepoint "Cleanup", Time since last: 1000627489 ns, Reaching safepoint: 117853 ns, At safepoint: 16796 ns, Total: 134649 ns
[2020-09-11T14:54:32.462+0000][1][safepoint    ] Safepoint "Cleanup", Time since last: 1000235873 ns, Reaching safepoint: 130944 ns, At safepoint: 18966 ns, Total: 149910 ns
[2020-09-11T14:54:33.462+0000][1][safepoint    ] Safepoint "Cleanup", Time since last: 1000182997 ns, Reaching safepoint: 123416 ns, At safepoint: 15332 ns, Total: 138748 ns
[2020-09-11T14:54:34.463+0000][1][safepoint    ] Safepoint "Cleanup", Time since last: 1000167883 ns, Reaching safepoint: 110999 ns, At safepoint: 16598 ns, Total: 127597 ns
[2020-09-11T14:54:35.463+0000][1][safepoint    ] Safepoint "Cleanup", Time since last: 1000184936 ns, Reaching safepoint: 117165 ns, At safepoint: 16237 ns, Total: 133402 ns
[2020-09-11T14:54:36.464+0000][1][safepoint    ] Safepoint "Cleanup", Time since last: 1001057128 ns, Reaching safepoint: 131445 ns, At safepoint: 7538 ns, Total: 138983 ns
[2020-09-11T14:54:37.464+0000][1][safepoint    ] Safepoint "Cleanup", Time since last: 1000135294 ns, Reaching safepoint: 120256 ns, At safepoint: 20431 ns, Total: 140687 ns
[2020-09-11T14:54:37.523+0000][1][gc,start     ] GC(71) Pause Young (Allocation Failure)
[2020-09-11T14:54:37.523+0000][1][gc,task      ] GC(71) Using 1 workers of 1 for evacuation
[2020-09-11T14:54:37.546+0000][1][gc,age       ] GC(71) Desired survivor size 4358144 bytes, new threshold 6 (max threshold 6)
[2020-09-11T14:54:37.546+0000][1][gc,age       ] GC(71) Age table with threshold 6 (max threshold 6)
[2020-09-11T14:54:37.546+0000][1][gc,age       ] GC(71) - age   1:      34040 bytes,      34040 total
[2020-09-11T14:54:37.546+0000][1][gc,age       ] GC(71) - age   2:       5120 bytes,      39160 total
[2020-09-11T14:54:37.546+0000][1][gc,age       ] GC(71) - age   3:     166432 bytes,     205592 total
[2020-09-11T14:54:37.546+0000][1][gc,age       ] GC(71) - age   4:     920648 bytes,    1126240 total
[2020-09-11T14:54:37.546+0000][1][gc,age       ] GC(71) - age   5:    1865048 bytes,    2991288 total
[2020-09-11T14:54:37.546+0000][1][gc,age       ] GC(71) - age   6:    1326096 bytes,    4317384 total
[2020-09-11T14:54:37.546+0000][1][gc,heap      ] GC(71) ParNew: 73354K->7611K(76672K)
[2020-09-11T14:54:37.546+0000][1][gc,heap      ] GC(71) CMS: 97090K->97090K(2011968K)
[2020-09-11T14:54:37.546+0000][1][gc,metaspace ] GC(71) Metaspace: 82334K->82334K(1124352K)
[2020-09-11T14:54:37.546+0000][1][gc           ] GC(71) Pause Young (Allocation Failure) 166M->102M(2039M) 23.031ms
[2020-09-11T14:54:37.546+0000][1][gc,cpu       ] GC(71) User=0.02s Sys=0.00s Real=0.03s
[2020-09-11T14:54:37.546+0000][1][safepoint    ] Safepoint "GenCollectForAllocation", Time since last: 58269134 ns, Reaching safepoint: 211224 ns, At safepoint: 23109264 ns, Total: 23320488 ns
[2020-09-11T14:54:38.548+0000][1][safepoint    ] Safepoint "Cleanup", Time since last: 1002258781 ns, Reaching safepoint: 106899 ns, At safepoint: 39223 ns, Total: 146122 ns
[2020-09-11T14:54:39.549+0000][1][safepoint    ] Safepoint "Cleanup", Time since last: 1000288958 ns, Reaching safepoint: 218268 ns, At safepoint: 42400 ns, Total: 260668 ns
[2020-09-11T14:54:40.550+0000][1][safepoint    ] Safepoint "Cleanup", Time since last: 1000501989 ns, Reaching safepoint: 181230 ns, At safepoint: 17161 ns, Total: 198391 ns
[2020-09-11T14:54:41.551+0000][1][safepoint    ] Safepoint "Cleanup", Time since last: 1000874253 ns, Reaching safepoint: 168206 ns, At safepoint: 46911 ns, Total: 215117 ns
[2020-09-11T14:54:42.551+0000][1][safepoint    ] Safepoint "Cleanup", Time since last: 1000176508 ns, Reaching safepoint: 323196 ns, At safepoint: 21683 ns, Total: 344879 ns
[2020-09-11T14:54:43.552+0000][1][safepoint    ] Safepoint "Cleanup", Time since last: 1000235532 ns, Reaching safepoint: 63797 ns, At safepoint: 6369 ns, Total: 70166 ns
[2020-09-11T14:54:44.552+0000][1][safepoint    ] Safepoint "Cleanup", Time since last: 1000183976 ns, Reaching safepoint: 116334 ns, At safepoint: 17169 ns, Total: 133503 ns
[2020-09-11T14:54:45.552+0000][1][safepoint    ] Safepoint "Cleanup", Time since last: 1000217670 ns, Reaching safepoint: 114516 ns, At safepoint: 16652 ns, Total: 131168 ns
[2020-09-11T14:54:46.554+0000][1][safepoint    ] Safepoint "Cleanup", Time since last: 1001198814 ns, Reaching safepoint: 116645 ns, At safepoint: 17470 ns, Total: 134115 ns
[2020-09-11T14:54:47.554+0000][1][safepoint    ] Safepoint "Cleanup", Time since last: 1000221873 ns, Reaching safepoint: 124058 ns, At safepoint: 16635 ns, Total: 140693 ns
[2020-09-11T14:54:48.554+0000][1][safepoint    ] Safepoint "Cleanup", Time since last: 1000232607 ns, Reaching safepoint: 123764 ns, At safepoint: 17277 ns, Total: 141041 ns
[2020-09-11T14:54:49.555+0000][1][safepoint    ] Safepoint "Cleanup", Time since last: 1000231357 ns, Reaching safepoint: 113811 ns, At safepoint: 17120 ns, Total: 130931 ns
[2020-09-11T14:54:50.555+0000][1][safepoint    ] Safepoint "Cleanup", Time since last: 1000209424 ns, Reaching safepoint: 127937 ns, At safepoint: 16786 ns, Total: 144723 ns
[2020-09-11T14:54:51.556+0000][1][safepoint    ] Safepoint "Cleanup", Time since last: 1000936655 ns, Reaching safepoint: 114322 ns, At safepoint: 14176 ns, Total: 128498 ns
[2020-09-11T14:54:52.556+0000][1][safepoint    ] Safepoint "Cleanup", Time since last: 1000234534 ns, Reaching safepoint: 116922 ns, At safepoint: 16655 ns, Total: 133577 ns
[2020-09-11T14:54:52.573+0000][1][safepoint    ] Safepoint "RevokeBias", Time since last: 16015250 ns, Reaching safepoint: 165246 ns, At safepoint: 76088 ns, Total: 241334 ns
[2020-09-11T14:54:53.573+0000][1][safepoint    ] Safepoint "Cleanup", Time since last: 1000152134 ns, Reaching safepoint: 63807 ns, At safepoint: 6979 ns, Total: 70786 ns
[2020-09-11T14:54:54.573+0000][1][safepoint    ] Safepoint "Cleanup", Time since last: 1000214681 ns, Reaching safepoint: 89890 ns, At safepoint: 7573 ns, Total: 97463 ns
[2020-09-11T14:54:55.574+0000][1][safepoint    ] Safepoint "Cleanup", Time since last: 1000140878 ns, Reaching safepoint: 103414 ns, At safepoint: 5786 ns, Total: 109200 ns
[2020-09-11T14:54:56.574+0000][1][safepoint    ] Safepoint "Cleanup", Time since last: 1000811727 ns, Reaching safepoint: 91607 ns, At safepoint: 8087 ns, Total: 99694 ns
[2020-09-11T14:54:57.575+0000][1][safepoint    ] Safepoint "Cleanup", Time since last: 1000204450 ns, Reaching safepoint: 110790 ns, At safepoint: 7634 ns, Total: 118424 ns
[2020-09-11T14:54:58.575+0000][1][safepoint    ] Safepoint "Cleanup", Time since last: 1000152198 ns, Reaching safepoint: 103272 ns, At safepoint: 16711 ns, Total: 119983 ns
[2020-09-11T14:54:59.575+0000][1][safepoint    ] Safepoint "Cleanup", Time since last: 1000199882 ns, Reaching safepoint: 111950 ns, At safepoint: 17951 ns, Total: 129901 ns
[2020-09-11T14:55:00.576+0000][1][safepoint    ] Safepoint "Cleanup", Time since last: 1000239905 ns, Reaching safepoint: 98818 ns, At safepoint: 8263 ns, Total: 107081 ns
[2020-09-11T14:55:01.577+0000][1][safepoint    ] Safepoint "Cleanup", Time since last: 1000683878 ns, Reaching safepoint: 131561 ns, At safepoint: 7012 ns, Total: 138573 ns
[2020-09-11T14:55:02.577+0000][1][safepoint    ] Safepoint "Cleanup", Time since last: 1000140593 ns, Reaching safepoint: 84399 ns, At safepoint: 10607 ns, Total: 95006 ns
[2020-09-11T14:55:03.577+0000][1][safepoint    ] Safepoint "Cleanup", Time since last: 1000217807 ns, Reaching safepoint: 82961 ns, At safepoint: 6348 ns, Total: 89309 ns
[2020-09-11T14:55:04.577+0000][1][safepoint    ] Safepoint "Cleanup", Time since last: 1000140395 ns, Reaching safepoint: 59847 ns, At safepoint: 7083 ns, Total: 66930 ns
[2020-09-11T14:55:05.578+0000][1][safepoint    ] Safepoint "Cleanup", Time since last: 1000179642 ns, Reaching safepoint: 116498 ns, At safepoint: 17176 ns, Total: 133674 ns
[2020-09-11T14:55:06.579+0000][1][safepoint    ] Safepoint "Cleanup", Time since last: 1001007549 ns, Reaching safepoint: 117727 ns, At safepoint: 17484 ns, Total: 135211 ns
[2020-09-11T14:55:07.579+0000][1][safepoint    ] Safepoint "Cleanup", Time since last: 1000237076 ns, Reaching safepoint: 114914 ns, At safepoint: 17099 ns, Total: 132013 ns
[2020-09-11T14:55:08.579+0000][1][safepoint    ] Safepoint "Cleanup", Time since last: 1000208832 ns, Reaching safepoint: 106903 ns, At safepoint: 6621 ns, Total: 113524 ns
[2020-09-11T14:55:09.580+0000][1][safepoint    ] Safepoint "Cleanup", Time since last: 1000180847 ns, Reaching safepoint: 114974 ns, At safepoint: 16481 ns, Total: 131455 ns
[2020-09-11T14:55:10.580+0000][1][safepoint    ] Safepoint "Cleanup", Time since last: 1000221679 ns, Reaching safepoint: 118034 ns, At safepoint: 17237 ns, Total: 135271 ns
[2020-09-11T14:55:11.581+0000][1][safepoint    ] Safepoint "Cleanup", Time since last: 1001068703 ns, Reaching safepoint: 116307 ns, At safepoint: 16347 ns, Total: 132654 ns
[2020-09-11T14:55:12.582+0000][1][safepoint    ] Safepoint "Cleanup", Time since last: 1000231644 ns, Reaching safepoint: 95627 ns, At safepoint: 7576 ns, Total: 103203 ns
[2020-09-11T14:55:13.582+0000][1][safepoint    ] Safepoint "Cleanup", Time since last: 1000173475 ns, Reaching safepoint: 98510 ns, At safepoint: 6802 ns, Total: 105312 ns
[2020-09-11T14:55:14.582+0000][1][safepoint    ] Safepoint "Cleanup", Time since last: 1000137047 ns, Reaching safepoint: 124619 ns, At safepoint: 16525 ns, Total: 141144 ns
[2020-09-11T14:55:15.582+0000][1][safepoint    ] Safepoint "Cleanup", Time since last: 1000218098 ns, Reaching safepoint: 87546 ns, At safepoint: 7164 ns, Total: 94710 ns
[2020-09-11T14:55:16.583+0000][1][safepoint    ] Safepoint "Cleanup", Time since last: 1000783073 ns, Reaching safepoint: 176335 ns, At safepoint: 15242 ns, Total: 191577 ns
[2020-09-11T14:55:17.584+0000][1][safepoint    ] Safepoint "Cleanup", Time since last: 1000245861 ns, Reaching safepoint: 91405 ns, At safepoint: 6450 ns, Total: 97855 ns
[2020-09-11T14:55:18.584+0000][1][safepoint    ] Safepoint "Cleanup", Time since last: 1000179861 ns, Reaching safepoint: 116898 ns, At safepoint: 17313 ns, Total: 134211 ns
[2020-09-11T14:55:19.584+0000][1][safepoint    ] Safepoint "Cleanup", Time since last: 1000224491 ns, Reaching safepoint: 126845 ns, At safepoint: 17313 ns, Total: 144158 ns
[2020-09-11T14:55:20.585+0000][1][safepoint    ] Safepoint "Cleanup", Time since last: 1000207090 ns, Reaching safepoint: 98495 ns, At safepoint: 7277 ns, Total: 105772 ns
[2020-09-11T14:55:21.586+0000][1][safepoint    ] Safepoint "Cleanup", Time since last: 1000941885 ns, Reaching safepoint: 90609 ns, At safepoint: 6888 ns, Total: 97497 ns
[2020-09-11T14:55:22.586+0000][1][safepoint    ] Safepoint "Cleanup", Time since last: 1000205989 ns, Reaching safepoint: 97876 ns, At safepoint: 6662 ns, Total: 104538 ns
[2020-09-11T14:55:23.586+0000][1][safepoint    ] Safepoint "Cleanup", Time since last: 1000169666 ns, Reaching safepoint: 116917 ns, At safepoint: 6952 ns, Total: 123869 ns
[2020-09-11T14:55:24.587+0000][1][safepoint    ] Safepoint "Cleanup", Time since last: 1000205014 ns, Reaching safepoint: 80322 ns, At safepoint: 7166 ns, Total: 87488 ns
[2020-09-11T14:55:25.587+0000][1][safepoint    ] Safepoint "Cleanup", Time since last: 1000204609 ns, Reaching safepoint: 89519 ns, At safepoint: 6930 ns, Total: 96449 ns
[2020-09-11T14:55:26.604+0000][1][safepoint    ] Safepoint "Cleanup", Time since last: 1016467978 ns, Reaching safepoint: 97177 ns, At safepoint: 6740 ns, Total: 103917 ns
[2020-09-11T14:55:27.604+0000][1][safepoint    ] Safepoint "Cleanup", Time since last: 1000181837 ns, Reaching safepoint: 90011 ns, At safepoint: 6817 ns, Total: 96828 ns
[2020-09-11T14:55:28.604+0000][1][safepoint    ] Safepoint "Cleanup", Time since last: 1000176428 ns, Reaching safepoint: 126347 ns, At safepoint: 17440 ns, Total: 143787 ns
[2020-09-11T14:55:29.605+0000][1][safepoint    ] Safepoint "Cleanup", Time since last: 1000212569 ns, Reaching safepoint: 92901 ns, At safepoint: 5792 ns, Total: 98693 ns
[2020-09-11T14:55:30.605+0000][1][safepoint    ] Safepoint "Cleanup", Time since last: 1000161385 ns, Reaching safepoint: 90459 ns, At safepoint: 7648 ns, Total: 98107 ns
[2020-09-11T14:55:31.606+0000][1][safepoint    ] Safepoint "Cleanup", Time since last: 1000934578 ns, Reaching safepoint: 80109 ns, At safepoint: 6750 ns, Total: 86859 ns
[2020-09-11T14:55:32.606+0000][1][safepoint    ] Safepoint "Cleanup", Time since last: 1000186945 ns, Reaching safepoint: 119197 ns, At safepoint: 16391 ns, Total: 135588 ns
[2020-09-11T14:55:33.606+0000][1][safepoint    ] Safepoint "Cleanup", Time since last: 1000223188 ns, Reaching safepoint: 92548 ns, At safepoint: 7036 ns, Total: 99584 ns
[2020-09-11T14:55:34.607+0000][1][safepoint    ] Safepoint "Cleanup", Time since last: 1000213831 ns, Reaching safepoint: 78886 ns, At safepoint: 7474 ns, Total: 86360 ns
[2020-09-11T14:55:35.607+0000][1][safepoint    ] Safepoint "Cleanup", Time since last: 1000128711 ns, Reaching safepoint: 104509 ns, At safepoint: 6553 ns, Total: 111062 ns
[2020-09-11T14:55:36.608+0000][1][safepoint    ] Safepoint "Cleanup", Time since last: 1000768412 ns, Reaching safepoint: 126216 ns, At safepoint: 18389 ns, Total: 144605 ns
[2020-09-11T14:55:37.608+0000][1][safepoint    ] Safepoint "Cleanup", Time since last: 1000207148 ns, Reaching safepoint: 91853 ns, At safepoint: 6330 ns, Total: 98183 ns
[2020-09-11T14:55:38.608+0000][1][safepoint    ] Safepoint "Cleanup", Time since last: 1000170539 ns, Reaching safepoint: 99430 ns, At safepoint: 7659 ns, Total: 107089 ns
[2020-09-11T14:55:39.609+0000][1][safepoint    ] Safepoint "Cleanup", Time since last: 1000175300 ns, Reaching safepoint: 84807 ns, At safepoint: 5770 ns, Total: 90577 ns
[2020-09-11T14:55:40.609+0000][1][safepoint    ] Safepoint "Cleanup", Time since last: 1000130626 ns, Reaching safepoint: 119601 ns, At safepoint: 16782 ns, Total: 136383 ns
[2020-09-11T14:55:41.610+0000][1][safepoint    ] Safepoint "Cleanup", Time since last: 1000907698 ns, Reaching safepoint: 130376 ns, At safepoint: 17771 ns, Total: 148147 ns
[2020-09-11T14:55:42.610+0000][1][safepoint    ] Safepoint "Cleanup", Time since last: 1000213983 ns, Reaching safepoint: 116070 ns, At safepoint: 16838 ns, Total: 132908 ns
[2020-09-11T14:55:43.611+0000][1][safepoint    ] Safepoint "Cleanup", Time since last: 1000276789 ns, Reaching safepoint: 79360 ns, At safepoint: 6571 ns, Total: 85931 ns
[2020-09-11T14:55:44.611+0000][1][safepoint    ] Safepoint "Cleanup", Time since last: 1000186997 ns, Reaching safepoint: 123323 ns, At safepoint: 17063 ns, Total: 140386 ns
[2020-09-11T14:55:45.611+0000][1][safepoint    ] Safepoint "Cleanup", Time since last: 1000226153 ns, Reaching safepoint: 93669 ns, At safepoint: 5213 ns, Total: 98882 ns
[2020-09-11T14:55:46.612+0000][1][safepoint    ] Safepoint "Cleanup", Time since last: 1000765661 ns, Reaching safepoint: 92580 ns, At safepoint: 6677 ns, Total: 99257 ns
[2020-09-11T14:55:47.613+0000][1][safepoint    ] Safepoint "Cleanup", Time since last: 1000157475 ns, Reaching safepoint: 95609 ns, At safepoint: 6675 ns, Total: 102284 ns
[2020-09-11T14:55:48.613+0000][1][safepoint    ] Safepoint "Cleanup", Time since last: 1000193176 ns, Reaching safepoint: 89516 ns, At safepoint: 6852 ns, Total: 96368 ns
[2020-09-11T14:55:49.613+0000][1][safepoint    ] Safepoint "Cleanup", Time since last: 1000182437 ns, Reaching safepoint: 127146 ns, At safepoint: 17172 ns, Total: 144318 ns
[2020-09-11T14:55:50.614+0000][1][safepoint    ] Safepoint "Cleanup", Time since last: 1000214067 ns, Reaching safepoint: 134478 ns, At safepoint: 18115 ns, Total: 152593 ns
[2020-09-11T14:55:50.849+0000][1][safepoint    ] Safepoint "RevokeBias", Time since last: 234123283 ns, Reaching safepoint: 991296 ns, At safepoint: 9679 ns, Total: 1000975 ns
[2020-09-11T14:55:50.852+0000][1][safepoint    ] Safepoint "RevokeBias", Time since last: 2618503 ns, Reaching safepoint: 311802 ns, At safepoint: 36088 ns, Total: 347890 ns
[2020-09-11T14:55:50.856+0000][1][safepoint    ] Safepoint "RevokeBias", Time since last: 3789891 ns, Reaching safepoint: 134568 ns, At safepoint: 21793 ns, Total: 156361 ns
[2020-09-11T14:55:50.858+0000][1][safepoint    ] Safepoint "RevokeBias", Time since last: 2241245 ns, Reaching safepoint: 284769 ns, At safepoint: 19104 ns, Total: 303873 ns
[2020-09-11T14:55:50.860+0000][1][safepoint    ] Safepoint "RevokeBias", Time since last: 1286041 ns, Reaching safepoint: 158172 ns, At safepoint: 16455 ns, Total: 174627 ns
[2020-09-11T14:55:50.860+0000][1][safepoint    ] Safepoint "RevokeBias", Time since last: 177802 ns, Reaching safepoint: 147881 ns, At safepoint: 13227 ns, Total: 161108 ns
[2020-09-11T14:55:51.860+0000][1][safepoint    ] Safepoint "Cleanup", Time since last: 1000153257 ns, Reaching safepoint: 107306 ns, At safepoint: 16966 ns, Total: 124272 ns
[2020-09-11T14:55:52.667+0000][1][gc,start     ] GC(72) Pause Young (Allocation Failure)
[2020-09-11T14:55:52.667+0000][1][gc,task      ] GC(72) Using 1 workers of 1 for evacuation
[2020-09-11T14:55:52.691+0000][1][gc,age       ] GC(72) Desired survivor size 4358144 bytes, new threshold 6 (max threshold 6)
[2020-09-11T14:55:52.691+0000][1][gc,age       ] GC(72) Age table with threshold 6 (max threshold 6)
[2020-09-11T14:55:52.691+0000][1][gc,age       ] GC(72) - age   1:      52800 bytes,      52800 total
[2020-09-11T14:55:52.691+0000][1][gc,age       ] GC(72) - age   2:       8136 bytes,      60936 total
[2020-09-11T14:55:52.691+0000][1][gc,age       ] GC(72) - age   3:       5120 bytes,      66056 total
[2020-09-11T14:55:52.691+0000][1][gc,age       ] GC(72) - age   4:     161888 bytes,     227944 total
[2020-09-11T14:55:52.691+0000][1][gc,age       ] GC(72) - age   5:     920584 bytes,    1148528 total
[2020-09-11T14:55:52.691+0000][1][gc,age       ] GC(72) - age   6:    1865048 bytes,    3013576 total
[2020-09-11T14:55:52.691+0000][1][gc,heap      ] GC(72) ParNew: 75771K->5064K(76672K)
[2020-09-11T14:55:52.691+0000][1][gc,heap      ] GC(72) CMS: 97090K->98411K(2011968K)
[2020-09-11T14:55:52.691+0000][1][gc,metaspace ] GC(72) Metaspace: 82476K->82476K(1124352K)
[2020-09-11T14:55:52.692+0000][1][gc           ] GC(72) Pause Young (Allocation Failure) 168M->101M(2039M) 24.925ms
[2020-09-11T14:55:52.692+0000][1][gc,cpu       ] GC(72) User=0.03s Sys=0.00s Real=0.02s
[2020-09-11T14:55:52.692+0000][1][safepoint    ] Safepoint "GenCollectForAllocation", Time since last: 806206065 ns, Reaching safepoint: 175282 ns, At safepoint: 24983668 ns, Total: 25158950 ns
[2020-09-11T14:55:53.693+0000][1][safepoint    ] Safepoint "Cleanup", Time since last: 1001549722 ns, Reaching safepoint: 106959 ns, At safepoint: 40657 ns, Total: 147616 ns
[2020-09-11T14:55:54.694+0000][1][safepoint    ] Safepoint "Cleanup", Time since last: 1000184675 ns, Reaching safepoint: 79396 ns, At safepoint: 14528 ns, Total: 93924 ns
[2020-09-11T14:55:55.694+0000][1][safepoint    ] Safepoint "Cleanup", Time since last: 1000121172 ns, Reaching safepoint: 179689 ns, At safepoint: 16663 ns, Total: 196352 ns
[2020-09-11T14:55:56.695+0000][1][safepoint    ] Safepoint "Cleanup", Time since last: 1000796722 ns, Reaching safepoint: 95052 ns, At safepoint: 14417 ns, Total: 109469 ns
[2020-09-11T14:55:57.695+0000][1][safepoint    ] Safepoint "Cleanup", Time since last: 1000148128 ns, Reaching safepoint: 126103 ns, At safepoint: 15255 ns, Total: 141358 ns
[2020-09-11T14:55:58.695+0000][1][safepoint    ] Safepoint "Cleanup", Time since last: 1000209055 ns, Reaching safepoint: 90391 ns, At safepoint: 7490 ns, Total: 97881 ns
[2020-09-11T14:55:59.696+0000][1][safepoint    ] Safepoint "Cleanup", Time since last: 1000209783 ns, Reaching safepoint: 65602 ns, At safepoint: 6843 ns, Total: 72445 ns
[2020-09-11T14:56:00.696+0000][1][safepoint    ] Safepoint "Cleanup", Time since last: 1000126644 ns, Reaching safepoint: 120043 ns, At safepoint: 14834 ns, Total: 134877 ns
[2020-09-11T14:56:01.697+0000][1][safepoint    ] Safepoint "Cleanup", Time since last: 1001185901 ns, Reaching safepoint: 95615 ns, At safepoint: 7853 ns, Total: 103468 ns
[2020-09-11T14:56:02.698+0000][1][safepoint    ] Safepoint "Cleanup", Time since last: 1000189493 ns, Reaching safepoint: 108633 ns, At safepoint: 6659 ns, Total: 115292 ns
[2020-09-11T14:56:03.698+0000][1][safepoint    ] Safepoint "Cleanup", Time since last: 1000178160 ns, Reaching safepoint: 98124 ns, At safepoint: 7203 ns, Total: 105327 ns
[2020-09-11T14:56:04.698+0000][1][safepoint    ] Safepoint "Cleanup", Time since last: 1000180043 ns, Reaching safepoint: 142804 ns, At safepoint: 17440 ns, Total: 160244 ns
[2020-09-11T14:56:05.698+0000][1][safepoint    ] Safepoint "Cleanup", Time since last: 1000204344 ns, Reaching safepoint: 118977 ns, At safepoint: 17787 ns, Total: 136764 ns
[2020-09-11T14:56:06.700+0000][1][safepoint    ] Safepoint "Cleanup", Time since last: 1001157734 ns, Reaching safepoint: 102766 ns, At safepoint: 7365 ns, Total: 110131 ns
[2020-09-11T14:56:07.700+0000][1][safepoint    ] Safepoint "Cleanup", Time since last: 1000142766 ns, Reaching safepoint: 122274 ns, At safepoint: 16886 ns, Total: 139160 ns
[2020-09-11T14:56:08.700+0000][1][safepoint    ] Safepoint "Cleanup", Time since last: 1000181672 ns, Reaching safepoint: 119134 ns, At safepoint: 15355 ns, Total: 134489 ns
[2020-09-11T14:56:09.701+0000][1][safepoint    ] Safepoint "Cleanup", Time since last: 1000180534 ns, Reaching safepoint: 122047 ns, At safepoint: 16885 ns, Total: 138932 ns
[2020-09-11T14:56:10.701+0000][1][safepoint    ] Safepoint "Cleanup", Time since last: 1000171313 ns, Reaching safepoint: 121819 ns, At safepoint: 17828 ns, Total: 139647 ns
[2020-09-11T14:56:11.704+0000][1][safepoint    ] Safepoint "Cleanup", Time since last: 1002443988 ns, Reaching safepoint: 131765 ns, At safepoint: 16712 ns, Total: 148477 ns
[2020-09-11T14:56:12.704+0000][1][safepoint    ] Safepoint "Cleanup", Time since last: 1000194173 ns, Reaching safepoint: 115811 ns, At safepoint: 6294 ns, Total: 122105 ns
[2020-09-11T14:56:13.704+0000][1][safepoint    ] Safepoint "Cleanup", Time since last: 1000188235 ns, Reaching safepoint: 89359 ns, At safepoint: 7861 ns, Total: 97220 ns
[2020-09-11T14:56:14.704+0000][1][safepoint    ] Safepoint "Cleanup", Time since last: 1000143198 ns, Reaching safepoint: 124343 ns, At safepoint: 5684 ns, Total: 130027 ns
[2020-09-11T14:56:15.705+0000][1][safepoint    ] Safepoint "Cleanup", Time since last: 1000131250 ns, Reaching safepoint: 105820 ns, At safepoint: 6538 ns, Total: 112358 ns
[2020-09-11T14:56:16.706+0000][1][safepoint    ] Safepoint "Cleanup", Time since last: 1000925035 ns, Reaching safepoint: 86565 ns, At safepoint: 6100 ns, Total: 92665 ns
[2020-09-11T14:56:17.706+0000][1][safepoint    ] Safepoint "Cleanup", Time since last: 1000169922 ns, Reaching safepoint: 110384 ns, At safepoint: 7619 ns, Total: 118003 ns
[2020-09-11T14:56:18.706+0000][1][safepoint    ] Safepoint "Cleanup", Time since last: 1000161544 ns, Reaching safepoint: 95426 ns, At safepoint: 5856 ns, Total: 101282 ns
[2020-09-11T14:56:19.707+0000][1][safepoint    ] Safepoint "Cleanup", Time since last: 1000181054 ns, Reaching safepoint: 90727 ns, At safepoint: 7338 ns, Total: 98065 ns
[2020-09-11T14:56:20.713+0000][1][safepoint    ] Safepoint "Cleanup", Time since last: 1000796003 ns, Reaching safepoint: 5242096 ns, At safepoint: 11052 ns, Total: 5253148 ns
[2020-09-11T14:56:20.872+0000][1][safepoint    ] Safepoint "RevokeBias", Time since last: 158936717 ns, Reaching safepoint: 166171 ns, At safepoint: 19500 ns, Total: 185671 ns
[2020-09-11T14:56:20.872+0000][1][safepoint    ] Safepoint "RevokeBias", Time since last: 60080 ns, Reaching safepoint: 92438 ns, At safepoint: 11083 ns, Total: 103521 ns
[2020-09-11T14:56:20.872+0000][1][safepoint    ] Safepoint "RevokeBias", Time since last: 44315 ns, Reaching safepoint: 90032 ns, At safepoint: 10510 ns, Total: 100542 ns
[2020-09-11T14:56:20.872+0000][1][safepoint    ] Safepoint "RevokeBias", Time since last: 31021 ns, Reaching safepoint: 92568 ns, At safepoint: 10414 ns, Total: 102982 ns
[2020-09-11T14:56:20.872+0000][1][safepoint    ] Safepoint "RevokeBias", Time since last: 46640 ns, Reaching safepoint: 89866 ns, At safepoint: 9920 ns, Total: 99786 ns
[2020-09-11T14:56:20.872+0000][1][safepoint    ] Safepoint "RevokeBias", Time since last: 29589 ns, Reaching safepoint: 90519 ns, At safepoint: 12086 ns, Total: 102605 ns
[2020-09-11T14:56:20.873+0000][1][safepoint    ] Safepoint "RevokeBias", Time since last: 106048 ns, Reaching safepoint: 88829 ns, At safepoint: 10846 ns, Total: 99675 ns
[2020-09-11T14:56:20.873+0000][1][safepoint    ] Safepoint "RevokeBias", Time since last: 49571 ns, Reaching safepoint: 88878 ns, At safepoint: 10733 ns, Total: 99611 ns
[2020-09-11T14:56:20.873+0000][1][safepoint    ] Safepoint "RevokeBias", Time since last: 39381 ns, Reaching safepoint: 88215 ns, At safepoint: 9706 ns, Total: 97921 ns
[2020-09-11T14:56:20.873+0000][1][safepoint    ] Safepoint "RevokeBias", Time since last: 259970 ns, Reaching safepoint: 91664 ns, At safepoint: 10568 ns, Total: 102232 ns
[2020-09-11T14:56:20.876+0000][1][safepoint    ] Safepoint "RevokeBias", Time since last: 2823583 ns, Reaching safepoint: 84664 ns, At safepoint: 18226 ns, Total: 102890 ns
[2020-09-11T14:56:20.876+0000][1][safepoint    ] Safepoint "RevokeBias", Time since last: 93454 ns, Reaching safepoint: 92826 ns, At safepoint: 11727 ns, Total: 104553 ns
[2020-09-11T14:56:20.877+0000][1][safepoint    ] Safepoint "RevokeBias", Time since last: 108194 ns, Reaching safepoint: 89079 ns, At safepoint: 10312 ns, Total: 99391 ns
[2020-09-11T14:56:20.904+0000][1][safepoint    ] Safepoint "RevokeBias", Time since last: 27242040 ns, Reaching safepoint: 205779 ns, At safepoint: 29128 ns, Total: 234907 ns
[2020-09-11T14:56:21.904+0000][1][safepoint    ] Safepoint "Cleanup", Time since last: 1000192973 ns, Reaching safepoint: 90744 ns, At safepoint: 6492 ns, Total: 97236 ns
[2020-09-11T14:56:22.905+0000][1][safepoint    ] Safepoint "Cleanup", Time since last: 1000122693 ns, Reaching safepoint: 131782 ns, At safepoint: 16916 ns, Total: 148698 ns
[2020-09-11T14:56:23.905+0000][1][safepoint    ] Safepoint "Cleanup", Time since last: 1000217399 ns, Reaching safepoint: 117426 ns, At safepoint: 16244 ns, Total: 133670 ns
[2020-09-11T14:56:24.905+0000][1][safepoint    ] Safepoint "Cleanup", Time since last: 1000229550 ns, Reaching safepoint: 83408 ns, At safepoint: 6290 ns, Total: 89698 ns
[2020-09-11T14:56:25.906+0000][1][safepoint    ] Safepoint "Cleanup", Time since last: 1000178383 ns, Reaching safepoint: 92186 ns, At safepoint: 6444 ns, Total: 98630 ns
[2020-09-11T14:56:26.906+0000][1][safepoint    ] Safepoint "Cleanup", Time since last: 1000164759 ns, Reaching safepoint: 91033 ns, At safepoint: 6657 ns, Total: 97690 ns
[2020-09-11T14:56:27.906+0000][1][safepoint    ] Safepoint "Cleanup", Time since last: 1000187545 ns, Reaching safepoint: 137660 ns, At safepoint: 18058 ns, Total: 155718 ns
[2020-09-11T14:56:28.907+0000][1][safepoint    ] Safepoint "Cleanup", Time since last: 1000213202 ns, Reaching safepoint: 90654 ns, At safepoint: 7804 ns, Total: 98458 ns
[2020-09-11T14:56:29.907+0000][1][safepoint    ] Safepoint "Cleanup", Time since last: 1000177504 ns, Reaching safepoint: 107086 ns, At safepoint: 17287 ns, Total: 124373 ns
[2020-09-11T14:56:30.907+0000][1][safepoint    ] Safepoint "Cleanup", Time since last: 1000173475 ns, Reaching safepoint: 126511 ns, At safepoint: 15502 ns, Total: 142013 ns
[2020-09-11T14:56:31.909+0000][1][safepoint    ] Safepoint "Cleanup", Time since last: 1001231292 ns, Reaching safepoint: 136908 ns, At safepoint: 15235 ns, Total: 152143 ns
[2020-09-11T14:56:32.909+0000][1][safepoint    ] Safepoint "Cleanup", Time since last: 1000229262 ns, Reaching safepoint: 119598 ns, At safepoint: 17450 ns, Total: 137048 ns
[2020-09-11T14:56:33.909+0000][1][safepoint    ] Safepoint "Cleanup", Time since last: 1000197984 ns, Reaching safepoint: 113444 ns, At safepoint: 15960 ns, Total: 129404 ns
[2020-09-11T14:56:34.910+0000][1][safepoint    ] Safepoint "Cleanup", Time since last: 1000215175 ns, Reaching safepoint: 122024 ns, At safepoint: 20026 ns, Total: 142050 ns
[2020-09-11T14:56:35.910+0000][1][safepoint    ] Safepoint "Cleanup", Time since last: 1000170602 ns, Reaching safepoint: 70102 ns, At safepoint: 6952 ns, Total: 77054 ns
[2020-09-11T14:56:36.910+0000][1][safepoint    ] Safepoint "Cleanup", Time since last: 1000170869 ns, Reaching safepoint: 56173 ns, At safepoint: 7212 ns, Total: 63385 ns
[2020-09-11T14:56:37.910+0000][1][safepoint    ] Safepoint "Cleanup", Time since last: 1000161007 ns, Reaching safepoint: 104375 ns, At safepoint: 7153 ns, Total: 111528 ns
[2020-09-11T14:56:38.911+0000][1][safepoint    ] Safepoint "Cleanup", Time since last: 1000956625 ns, Reaching safepoint: 161882 ns, At safepoint: 16317 ns, Total: 178199 ns
[2020-09-11T14:56:39.912+0000][1][safepoint    ] Safepoint "Cleanup", Time since last: 1000229633 ns, Reaching safepoint: 123851 ns, At safepoint: 18689 ns, Total: 142540 ns
[2020-09-11T14:56:40.912+0000][1][safepoint    ] Safepoint "Cleanup", Time since last: 1000226738 ns, Reaching safepoint: 122635 ns, At safepoint: 17634 ns, Total: 140269 ns
[2020-09-11T14:56:41.912+0000][1][safepoint    ] Safepoint "Cleanup", Time since last: 1000165684 ns, Reaching safepoint: 59759 ns, At safepoint: 6876 ns, Total: 66635 ns
[2020-09-11T14:56:42.913+0000][1][safepoint    ] Safepoint "Cleanup", Time since last: 1000124895 ns, Reaching safepoint: 111460 ns, At safepoint: 8600 ns, Total: 120060 ns
[2020-09-11T14:56:43.913+0000][1][safepoint    ] Safepoint "Cleanup", Time since last: 1000141018 ns, Reaching safepoint: 114329 ns, At safepoint: 14838 ns, Total: 129167 ns
[2020-09-11T14:56:44.913+0000][1][safepoint    ] Safepoint "Cleanup", Time since last: 1000135892 ns, Reaching safepoint: 62476 ns, At safepoint: 7075 ns, Total: 69551 ns
[2020-09-11T14:56:45.913+0000][1][safepoint    ] Safepoint "Cleanup", Time since last: 1000143409 ns, Reaching safepoint: 64085 ns, At safepoint: 7826 ns, Total: 71911 ns
[2020-09-11T14:56:46.914+0000][1][safepoint    ] Safepoint "Cleanup", Time since last: 1000193374 ns, Reaching safepoint: 155637 ns, At safepoint: 22405 ns, Total: 178042 ns
[2020-09-11T14:56:47.914+0000][1][safepoint    ] Safepoint "Cleanup", Time since last: 1000239691 ns, Reaching safepoint: 155430 ns, At safepoint: 21750 ns, Total: 177180 ns
[2020-09-11T14:56:48.915+0000][1][safepoint    ] Safepoint "Cleanup", Time since last: 1000246834 ns, Reaching safepoint: 180107 ns, At safepoint: 17677 ns, Total: 197784 ns
[2020-09-11T14:56:49.915+0000][1][safepoint    ] Safepoint "Cleanup", Time since last: 1000157424 ns, Reaching safepoint: 69084 ns, At safepoint: 8089 ns, Total: 77173 ns
[2020-09-11T14:56:50.916+0000][1][safepoint    ] Safepoint "Cleanup", Time since last: 1000762600 ns, Reaching safepoint: 99433 ns, At safepoint: 8533 ns, Total: 107966 ns
[2020-09-11T14:56:51.916+0000][1][safepoint    ] Safepoint "Cleanup", Time since last: 1000153922 ns, Reaching safepoint: 128742 ns, At safepoint: 18038 ns, Total: 146780 ns
[2020-09-11T14:56:52.916+0000][1][safepoint    ] Safepoint "Cleanup", Time since last: 1000224336 ns, Reaching safepoint: 115769 ns, At safepoint: 17938 ns, Total: 133707 ns
[2020-09-11T14:56:53.917+0000][1][safepoint    ] Safepoint "Cleanup", Time since last: 1000201783 ns, Reaching safepoint: 93334 ns, At safepoint: 7034 ns, Total: 100368 ns
[2020-09-11T14:56:54.917+0000][1][safepoint    ] Safepoint "Cleanup", Time since last: 1000224090 ns, Reaching safepoint: 113013 ns, At safepoint: 17500 ns, Total: 130513 ns
[2020-09-11T14:56:55.918+0000][1][safepoint    ] Safepoint "Cleanup", Time since last: 1001287903 ns, Reaching safepoint: 117660 ns, At safepoint: 16358 ns, Total: 134018 ns
[2020-09-11T14:56:56.919+0000][1][safepoint    ] Safepoint "Cleanup", Time since last: 1000210115 ns, Reaching safepoint: 91240 ns, At safepoint: 7462 ns, Total: 98702 ns
[2020-09-11T14:56:57.919+0000][1][safepoint    ] Safepoint "Cleanup", Time since last: 1000199083 ns, Reaching safepoint: 89574 ns, At safepoint: 6546 ns, Total: 96120 ns
[2020-09-11T14:56:58.919+0000][1][safepoint    ] Safepoint "Cleanup", Time since last: 1000189356 ns, Reaching safepoint: 88092 ns, At safepoint: 7064 ns, Total: 95156 ns
[2020-09-11T14:56:59.920+0000][1][safepoint    ] Safepoint "Cleanup", Time since last: 1000183625 ns, Reaching safepoint: 76045 ns, At safepoint: 7318 ns, Total: 83363 ns
[2020-09-11T14:57:00.920+0000][1][safepoint    ] Safepoint "Cleanup", Time since last: 1000747913 ns, Reaching safepoint: 93021 ns, At safepoint: 6627 ns, Total: 99648 ns
[2020-09-11T14:57:01.921+0000][1][safepoint    ] Safepoint "Cleanup", Time since last: 1000158299 ns, Reaching safepoint: 119521 ns, At safepoint: 16989 ns, Total: 136510 ns
[2020-09-11T14:57:02.921+0000][1][safepoint    ] Safepoint "Cleanup", Time since last: 1000199931 ns, Reaching safepoint: 113651 ns, At safepoint: 17015 ns, Total: 130666 ns
[2020-09-11T14:57:03.921+0000][1][safepoint    ] Safepoint "Cleanup", Time since last: 1000175326 ns, Reaching safepoint: 116534 ns, At safepoint: 16518 ns, Total: 133052 ns
[2020-09-11T14:57:04.922+0000][1][safepoint    ] Safepoint "Cleanup", Time since last: 1000166543 ns, Reaching safepoint: 118983 ns, At safepoint: 16117 ns, Total: 135100 ns
[2020-09-11T14:57:05.923+0000][1][safepoint    ] Safepoint "Cleanup", Time since last: 1000864713 ns, Reaching safepoint: 105863 ns, At safepoint: 15876 ns, Total: 121739 ns
[2020-09-11T14:57:06.923+0000][1][safepoint    ] Safepoint "Cleanup", Time since last: 1000209915 ns, Reaching safepoint: 114412 ns, At safepoint: 17033 ns, Total: 131445 ns
[2020-09-11T14:57:07.801+0000][1][gc,start     ] GC(73) Pause Young (Allocation Failure)
[2020-09-11T14:57:07.801+0000][1][gc,task      ] GC(73) Using 1 workers of 1 for evacuation
[2020-09-11T14:57:07.827+0000][1][gc,age       ] GC(73) Desired survivor size 4358144 bytes, new threshold 6 (max threshold 6)
[2020-09-11T14:57:07.827+0000][1][gc,age       ] GC(73) Age table with threshold 6 (max threshold 6)
[2020-09-11T14:57:07.827+0000][1][gc,age       ] GC(73) - age   1:      60096 bytes,      60096 total
[2020-09-11T14:57:07.827+0000][1][gc,age       ] GC(73) - age   2:      27792 bytes,      87888 total
[2020-09-11T14:57:07.827+0000][1][gc,age       ] GC(73) - age   3:       8104 bytes,      95992 total
[2020-09-11T14:57:07.827+0000][1][gc,age       ] GC(73) - age   4:       5120 bytes,     101112 total
[2020-09-11T14:57:07.827+0000][1][gc,age       ] GC(73) - age   5:     161480 bytes,     262592 total
[2020-09-11T14:57:07.827+0000][1][gc,age       ] GC(73) - age   6:     866584 bytes,    1129176 total
[2020-09-11T14:57:07.827+0000][1][gc,heap      ] GC(73) ParNew: 73224K->1736K(76672K)
[2020-09-11T14:57:07.827+0000][1][gc,heap      ] GC(73) CMS: 98411K->99916K(2011968K)
[2020-09-11T14:57:07.827+0000][1][gc,metaspace ] GC(73) Metaspace: 82621K->82621K(1126400K)
[2020-09-11T14:57:07.827+0000][1][gc           ] GC(73) Pause Young (Allocation Failure) 167M->99M(2039M) 26.199ms
[2020-09-11T14:57:07.827+0000][1][gc,cpu       ] GC(73) User=0.03s Sys=0.00s Real=0.03s
[2020-09-11T14:57:07.827+0000][1][safepoint    ] Safepoint "GenCollectForAllocation", Time since last: 877878205 ns, Reaching safepoint: 224989 ns, At safepoint: 26305250 ns, Total: 26530239 ns
[2020-09-11T14:57:08.837+0000][1][safepoint    ] Safepoint "Cleanup", Time since last: 1009072583 ns, Reaching safepoint: 61530 ns, At safepoint: 4998 ns, Total: 66528 ns
[2020-09-11T14:57:09.837+0000][1][safepoint    ] Safepoint "Cleanup", Time since last: 1000654906 ns, Reaching safepoint: 227448 ns, At safepoint: 16528 ns, Total: 243976 ns
[2020-09-11T14:57:10.838+0000][1][safepoint    ] Safepoint "Cleanup", Time since last: 1000181003 ns, Reaching safepoint: 104682 ns, At safepoint: 6255 ns, Total: 110937 ns
[2020-09-11T14:57:11.838+0000][1][safepoint    ] Safepoint "Cleanup", Time since last: 1000130803 ns, Reaching safepoint: 128144 ns, At safepoint: 13414 ns, Total: 141558 ns
[2020-09-11T14:57:12.838+0000][1][safepoint    ] Safepoint "Cleanup", Time since last: 1000178621 ns, Reaching safepoint: 214221 ns, At safepoint: 18102 ns, Total: 232323 ns
[2020-09-11T14:57:13.839+0000][1][safepoint    ] Safepoint "Cleanup", Time since last: 1000208412 ns, Reaching safepoint: 108883 ns, At safepoint: 6636 ns, Total: 115519 ns
[2020-09-11T14:57:14.839+0000][1][safepoint    ] Safepoint "Cleanup", Time since last: 1000142232 ns, Reaching safepoint: 137847 ns, At safepoint: 17443 ns, Total: 155290 ns
[2020-09-11T14:57:15.839+0000][1][safepoint    ] Safepoint "Cleanup", Time since last: 1000216613 ns, Reaching safepoint: 117687 ns, At safepoint: 76890 ns, Total: 194577 ns
[2020-09-11T14:57:16.840+0000][1][safepoint    ] Safepoint "Cleanup", Time since last: 1000220089 ns, Reaching safepoint: 134301 ns, At safepoint: 17604 ns, Total: 151905 ns
[2020-09-11T14:57:17.840+0000][1][safepoint    ] Safepoint "Cleanup", Time since last: 1000227185 ns, Reaching safepoint: 94767 ns, At safepoint: 6842 ns, Total: 101609 ns
[2020-09-11T14:57:18.840+0000][1][safepoint    ] Safepoint "Cleanup", Time since last: 1000112237 ns, Reaching safepoint: 67886 ns, At safepoint: 7408 ns, Total: 75294 ns
[2020-09-11T14:57:19.055+0000][1][safepoint    ] Safepoint "RevokeBias", Time since last: 214395292 ns, Reaching safepoint: 745826 ns, At safepoint: 23970 ns, Total: 769796 ns
[2020-09-11T14:57:20.056+0000][1][safepoint    ] Safepoint "Cleanup", Time since last: 1000163740 ns, Reaching safepoint: 124262 ns, At safepoint: 16217 ns, Total: 140479 ns
[2020-09-11T14:57:21.056+0000][1][safepoint    ] Safepoint "Cleanup", Time since last: 1000191477 ns, Reaching safepoint: 108686 ns, At safepoint: 16341 ns, Total: 125027 ns
[2020-09-11T14:57:22.056+0000][1][safepoint    ] Safepoint "Cleanup", Time since last: 1000201523 ns, Reaching safepoint: 108556 ns, At safepoint: 16578 ns, Total: 125134 ns
[2020-09-11T14:57:23.057+0000][1][safepoint    ] Safepoint "Cleanup", Time since last: 1000215932 ns, Reaching safepoint: 114168 ns, At safepoint: 16966 ns, Total: 131134 ns
[2020-09-11T14:57:24.057+0000][1][safepoint    ] Safepoint "Cleanup", Time since last: 1000161036 ns, Reaching safepoint: 100042 ns, At safepoint: 6455 ns, Total: 106497 ns
[2020-09-11T14:57:25.057+0000][1][safepoint    ] Safepoint "Cleanup", Time since last: 1000161105 ns, Reaching safepoint: 86883 ns, At safepoint: 6529 ns, Total: 93412 ns
[2020-09-11T14:57:26.058+0000][1][safepoint    ] Safepoint "Cleanup", Time since last: 1000156788 ns, Reaching safepoint: 116838 ns, At safepoint: 17554 ns, Total: 134392 ns
[2020-09-11T14:57:27.059+0000][1][safepoint    ] Safepoint "Cleanup", Time since last: 1000412040 ns, Reaching safepoint: 1454242 ns, At safepoint: 10403 ns, Total: 1464645 ns
[2020-09-11T14:57:28.060+0000][1][safepoint    ] Safepoint "Cleanup", Time since last: 1000180451 ns, Reaching safepoint: 88322 ns, At safepoint: 6486 ns, Total: 94808 ns
[2020-09-11T14:57:29.060+0000][1][safepoint    ] Safepoint "Cleanup", Time since last: 1000130203 ns, Reaching safepoint: 116758 ns, At safepoint: 16290 ns, Total: 133048 ns
[2020-09-11T14:57:30.060+0000][1][safepoint    ] Safepoint "Cleanup", Time since last: 1000185108 ns, Reaching safepoint: 90018 ns, At safepoint: 6363 ns, Total: 96381 ns
[2020-09-11T14:57:31.061+0000][1][safepoint    ] Safepoint "Cleanup", Time since last: 1000131041 ns, Reaching safepoint: 115291 ns, At safepoint: 16658 ns, Total: 131949 ns
[2020-09-11T14:57:32.061+0000][1][safepoint    ] Safepoint "Cleanup", Time since last: 1000131138 ns, Reaching safepoint: 64508 ns, At safepoint: 8341 ns, Total: 72849 ns
[2020-09-11T14:57:33.061+0000][1][safepoint    ] Safepoint "Cleanup", Time since last: 1000139410 ns, Reaching safepoint: 124693 ns, At safepoint: 13682 ns, Total: 138375 ns
[2020-09-11T14:57:34.061+0000][1][safepoint    ] Safepoint "Cleanup", Time since last: 1000123768 ns, Reaching safepoint: 63932 ns, At safepoint: 8008 ns, Total: 71940 ns
[2020-09-11T14:57:35.061+0000][1][safepoint    ] Safepoint "Cleanup", Time since last: 1000113866 ns, Reaching safepoint: 68253 ns, At safepoint: 7352 ns, Total: 75605 ns
[2020-09-11T14:57:36.062+0000][1][safepoint    ] Safepoint "Cleanup", Time since last: 1000117305 ns, Reaching safepoint: 67488 ns, At safepoint: 7260 ns, Total: 74748 ns
[2020-09-11T14:57:37.062+0000][1][safepoint    ] Safepoint "Cleanup", Time since last: 1000204949 ns, Reaching safepoint: 85908 ns, At safepoint: 7142 ns, Total: 93050 ns
[2020-09-11T14:57:38.062+0000][1][safepoint    ] Safepoint "Cleanup", Time since last: 1000118872 ns, Reaching safepoint: 73116 ns, At safepoint: 7001 ns, Total: 80117 ns
[2020-09-11T14:57:39.062+0000][1][safepoint    ] Safepoint "Cleanup", Time since last: 1000116083 ns, Reaching safepoint: 71600 ns, At safepoint: 6929 ns, Total: 78529 ns
[2020-09-11T14:57:40.064+0000][1][safepoint    ] Safepoint "Cleanup", Time since last: 1001794350 ns, Reaching safepoint: 72365 ns, At safepoint: 5333 ns, Total: 77698 ns
[2020-09-11T14:57:41.064+0000][1][safepoint    ] Safepoint "Cleanup", Time since last: 1000112301 ns, Reaching safepoint: 76140 ns, At safepoint: 8827 ns, Total: 84967 ns
[2020-09-11T14:57:42.065+0000][1][safepoint    ] Safepoint "Cleanup", Time since last: 1000125563 ns, Reaching safepoint: 67793 ns, At safepoint: 8540 ns, Total: 76333 ns
[2020-09-11T14:57:43.065+0000][1][safepoint    ] Safepoint "Cleanup", Time since last: 1000117453 ns, Reaching safepoint: 66558 ns, At safepoint: 9045 ns, Total: 75603 ns
[2020-09-11T14:57:43.546+0000][1][safepoint    ] Safepoint "RevokeBias", Time since last: 480482748 ns, Reaching safepoint: 198984 ns, At safepoint: 50880 ns, Total: 249864 ns
[2020-09-11T14:57:43.568+0000][1][safepoint    ] Safepoint "RevokeBias", Time since last: 22254525 ns, Reaching safepoint: 187690 ns, At safepoint: 32626 ns, Total: 220316 ns
[2020-09-11T14:57:43.568+0000][1][safepoint    ] Safepoint "RevokeBias", Time since last: 65829 ns, Reaching safepoint: 147723 ns, At safepoint: 20134 ns, Total: 167857 ns
[2020-09-11T14:57:43.598+0000][1][safepoint    ] Safepoint "RevokeBias", Time since last: 29780068 ns, Reaching safepoint: 133626 ns, At safepoint: 15137 ns, Total: 148763 ns
[2020-09-11T14:57:43.614+0000][1][safepoint    ] Safepoint "RevokeBias", Time since last: 13471586 ns, Reaching safepoint: 1870274 ns, At safepoint: 12300 ns, Total: 1882574 ns
[2020-09-11T14:57:43.676+0000][1][safepoint    ] Safepoint "RevokeBias", Time since last: 61917084 ns, Reaching safepoint: 149609 ns, At safepoint: 12503 ns, Total: 162112 ns
[2020-09-11T14:57:43.679+0000][1][safepoint    ] Safepoint "RevokeBias", Time since last: 2799592 ns, Reaching safepoint: 131010 ns, At safepoint: 16803 ns, Total: 147813 ns
[2020-09-11T14:57:44.060+0000][1][safepoint    ] Safepoint "RevokeBias", Time since last: 381702507 ns, Reaching safepoint: 115255 ns, At safepoint: 19991 ns, Total: 135246 ns
[2020-09-11T14:57:44.080+0000][1][safepoint    ] Safepoint "RevokeBias", Time since last: 15046552 ns, Reaching safepoint: 4075081 ns, At safepoint: 16477 ns, Total: 4091558 ns
[2020-09-11T14:57:44.092+0000][1][safepoint    ] Safepoint "RevokeBias", Time since last: 7923433 ns, Reaching safepoint: 4065724 ns, At safepoint: 29698 ns, Total: 4095422 ns
[2020-09-11T14:57:44.094+0000][1][safepoint    ] Safepoint "RevokeBias", Time since last: 493876 ns, Reaching safepoint: 1676085 ns, At safepoint: 22310 ns, Total: 1698395 ns
[2020-09-11T14:57:44.095+0000][1][safepoint    ] Safepoint "RevokeBias", Time since last: 777262 ns, Reaching safepoint: 317671 ns, At safepoint: 15626 ns, Total: 333297 ns
[2020-09-11T14:57:44.095+0000][1][safepoint    ] Safepoint "RevokeBias", Time since last: 49413 ns, Reaching safepoint: 249303 ns, At safepoint: 12700 ns, Total: 262003 ns
[2020-09-11T14:57:44.096+0000][1][safepoint    ] Safepoint "RevokeBias", Time since last: 81366 ns, Reaching safepoint: 277860 ns, At safepoint: 12612 ns, Total: 290472 ns
[2020-09-11T14:57:44.228+0000][1][safepoint    ] Safepoint "RevokeBias", Time since last: 131956140 ns, Reaching safepoint: 618800 ns, At safepoint: 11140 ns, Total: 629940 ns
[2020-09-11T14:57:44.262+0000][1][safepoint    ] Safepoint "RevokeBias", Time since last: 32899913 ns, Reaching safepoint: 604043 ns, At safepoint: 32694 ns, Total: 636737 ns
[2020-09-11T14:57:44.263+0000][1][safepoint    ] Safepoint "RevokeBias", Time since last: 62575 ns, Reaching safepoint: 1752999 ns, At safepoint: 38205 ns, Total: 1791204 ns
[2020-09-11T14:57:44.264+0000][1][safepoint    ] Safepoint "RevokeBias", Time since last: 110039 ns, Reaching safepoint: 97180 ns, At safepoint: 26990 ns, Total: 124170 ns
[2020-09-11T14:57:44.268+0000][1][safepoint    ] Safepoint "RevokeBias", Time since last: 4106433 ns, Reaching safepoint: 139187 ns, At safepoint: 41494 ns, Total: 180681 ns
[2020-09-11T14:57:44.268+0000][1][safepoint    ] Safepoint "RevokeBias", Time since last: 64931 ns, Reaching safepoint: 97683 ns, At safepoint: 28132 ns, Total: 125815 ns
[2020-09-11T14:57:44.303+0000][1][safepoint    ] Safepoint "RevokeBias", Time since last: 34603290 ns, Reaching safepoint: 147744 ns, At safepoint: 40122 ns, Total: 187866 ns
[2020-09-11T14:57:44.444+0000][1][safepoint    ] Safepoint "RevokeBias", Time since last: 140893342 ns, Reaching safepoint: 60690 ns, At safepoint: 20626 ns, Total: 81316 ns
[2020-09-11T14:57:44.444+0000][1][safepoint    ] Safepoint "RevokeBias", Time since last: 246184 ns, Reaching safepoint: 25038 ns, At safepoint: 12479 ns, Total: 37517 ns
[2020-09-11T14:57:44.560+0000][1][safepoint    ] Safepoint "RevokeBias", Time since last: 115293424 ns, Reaching safepoint: 70436 ns, At safepoint: 18389 ns, Total: 88825 ns
[2020-09-11T14:57:44.576+0000][1][safepoint    ] Safepoint "RevokeBias", Time since last: 16293232 ns, Reaching safepoint: 54068 ns, At safepoint: 19763 ns, Total: 73831 ns
[2020-09-11T14:57:44.580+0000][1][safepoint    ] Safepoint "RevokeBias", Time since last: 1065996 ns, Reaching safepoint: 31561 ns, At safepoint: 2727720 ns, Total: 2759281 ns
[2020-09-11T14:57:44.628+0000][1][safepoint    ] Safepoint "RevokeBias", Time since last: 48190925 ns, Reaching safepoint: 207620 ns, At safepoint: 42056 ns, Total: 249676 ns
[2020-09-11T14:57:44.698+0000][1][safepoint    ] Safepoint "RevokeBias", Time since last: 69595077 ns, Reaching safepoint: 279219 ns, At safepoint: 22199 ns, Total: 301418 ns
[2020-09-11T14:57:44.700+0000][1][safepoint    ] Safepoint "RevokeBias", Time since last: 1251014 ns, Reaching safepoint: 119205 ns, At safepoint: 39898 ns, Total: 159103 ns
[2020-09-11T14:57:44.850+0000][1][safepoint    ] Safepoint "RevokeBias", Time since last: 149936484 ns, Reaching safepoint: 658921 ns, At safepoint: 45950 ns, Total: 704871 ns
[2020-09-11T14:57:45.516+0000][1][safepoint    ] Safepoint "RevokeBias", Time since last: 665355560 ns, Reaching safepoint: 80071 ns, At safepoint: 20084 ns, Total: 100155 ns
[2020-09-11T14:57:45.869+0000][1][safepoint    ] Safepoint "RevokeBias", Time since last: 352877130 ns, Reaching safepoint: 80827 ns, At safepoint: 19939 ns, Total: 100766 ns
[2020-09-11T14:57:46.869+0000][1][safepoint    ] Safepoint "Cleanup", Time since last: 1000113455 ns, Reaching safepoint: 71688 ns, At safepoint: 6592 ns, Total: 78280 ns
[2020-09-11T14:57:47.869+0000][1][safepoint    ] Safepoint "Cleanup", Time since last: 1000113391 ns, Reaching safepoint: 67309 ns, At safepoint: 8182 ns, Total: 75491 ns
[2020-09-11T14:57:48.869+0000][1][safepoint    ] Safepoint "Cleanup", Time since last: 1000113275 ns, Reaching safepoint: 67462 ns, At safepoint: 8290 ns, Total: 75752 ns
[2020-09-11T14:57:49.344+0000][1][gc,start     ] GC(74) Pause Young (Allocation Failure)
[2020-09-11T14:57:49.345+0000][1][gc,task      ] GC(74) Using 1 workers of 1 for evacuation
[2020-09-11T14:57:49.440+0000][1][gc,age       ] GC(74) Desired survivor size 4358144 bytes, new threshold 6 (max threshold 6)
[2020-09-11T14:57:49.440+0000][1][gc,age       ] GC(74) Age table with threshold 6 (max threshold 6)
[2020-09-11T14:57:49.440+0000][1][gc,age       ] GC(74) - age   1:     568288 bytes,     568288 total
[2020-09-11T14:57:49.440+0000][1][gc,age       ] GC(74) - age   2:      31888 bytes,     600176 total
[2020-09-11T14:57:49.440+0000][1][gc,age       ] GC(74) - age   3:      26552 bytes,     626728 total
[2020-09-11T14:57:49.440+0000][1][gc,age       ] GC(74) - age   4:       8104 bytes,     634832 total
[2020-09-11T14:57:49.440+0000][1][gc,age       ] GC(74) - age   5:       3880 bytes,     638712 total
[2020-09-11T14:57:49.440+0000][1][gc,age       ] GC(74) - age   6:     161184 bytes,     799896 total
[2020-09-11T14:57:49.440+0000][1][gc,heap      ] GC(74) ParNew: 69896K->1261K(76672K)
[2020-09-11T14:57:49.440+0000][1][gc,heap      ] GC(74) CMS: 99916K->100694K(2011968K)
[2020-09-11T14:57:49.440+0000][1][gc,metaspace ] GC(74) Metaspace: 83153K->83153K(1126400K)
[2020-09-11T14:57:49.440+0000][1][gc           ] GC(74) Pause Young (Allocation Failure) 165M->99M(2039M) 96.716ms
[2020-09-11T14:57:49.440+0000][1][gc,cpu       ] GC(74) User=0.02s Sys=0.00s Real=0.09s
[2020-09-11T14:57:49.450+0000][1][safepoint    ] Safepoint "GenCollectForAllocation", Time since last: 474369033 ns, Reaching safepoint: 73807 ns, At safepoint: 106696689 ns, Total: 106770496 ns
[2020-09-11T14:57:49.492+0000][1][safepoint    ] Safepoint "RevokeBias", Time since last: 39231393 ns, Reaching safepoint: 1868942 ns, At safepoint: 45333 ns, Total: 1914275 ns
[2020-09-11T14:57:49.595+0000][1][safepoint    ] Safepoint "RevokeBias", Time since last: 102513190 ns, Reaching safepoint: 1459107 ns, At safepoint: 21724 ns, Total: 1480831 ns
[2020-09-11T14:57:49.683+0000][1][safepoint    ] Safepoint "RevokeBias", Time since last: 84221514 ns, Reaching safepoint: 3752138 ns, At safepoint: 24488 ns, Total: 3776626 ns
[2020-09-11T14:57:49.909+0000][1][safepoint    ] Safepoint "RevokeBias", Time since last: 225641738 ns, Reaching safepoint: 59643 ns, At safepoint: 19948 ns, Total: 79591 ns
[2020-09-11T14:57:49.909+0000][1][safepoint    ] Safepoint "RevokeBias", Time since last: 79966 ns, Reaching safepoint: 22059 ns, At safepoint: 11724 ns, Total: 33783 ns
[2020-09-11T14:57:49.909+0000][1][safepoint    ] Safepoint "RevokeBias", Time since last: 82443 ns, Reaching safepoint: 24361 ns, At safepoint: 9507 ns, Total: 33868 ns
[2020-09-11T14:57:49.910+0000][1][safepoint    ] Safepoint "RevokeBias", Time since last: 34769 ns, Reaching safepoint: 31946 ns, At safepoint: 9308 ns, Total: 41254 ns
[2020-09-11T14:57:49.910+0000][1][safepoint    ] Safepoint "RevokeBias", Time since last: 51198 ns, Reaching safepoint: 21382 ns, At safepoint: 9133 ns, Total: 30515 ns
[2020-09-11T14:57:49.920+0000][1][safepoint    ] Safepoint "RevokeBias", Time since last: 6605131 ns, Reaching safepoint: 3300164 ns, At safepoint: 32874 ns, Total: 3333038 ns
[2020-09-11T14:57:49.921+0000][1][safepoint    ] Safepoint "RevokeBias", Time since last: 429770 ns, Reaching safepoint: 1197469 ns, At safepoint: 19972 ns, Total: 1217441 ns
[2020-09-11T14:57:49.931+0000][1][safepoint    ] Safepoint "RevokeBias", Time since last: 9150636 ns, Reaching safepoint: 145331 ns, At safepoint: 18069 ns, Total: 163400 ns
[2020-09-11T14:57:49.931+0000][1][safepoint    ] Safepoint "RevokeBias", Time since last: 63097 ns, Reaching safepoint: 102103 ns, At safepoint: 13226 ns, Total: 115329 ns
[2020-09-11T14:57:49.931+0000][1][safepoint    ] Safepoint "RevokeBias", Time since last: 49791 ns, Reaching safepoint: 100384 ns, At safepoint: 12062 ns, Total: 112446 ns
[2020-09-11T14:57:49.931+0000][1][safepoint    ] Safepoint "RevokeBias", Time since last: 76117 ns, Reaching safepoint: 101321 ns, At safepoint: 12286 ns, Total: 113607 ns
[2020-09-11T14:57:49.940+0000][1][safepoint    ] Safepoint "RevokeBias", Time since last: 4029619 ns, Reaching safepoint: 4398604 ns, At safepoint: 42197 ns, Total: 4440801 ns
[2020-09-11T14:57:49.943+0000][1][safepoint    ] Safepoint "RevokeBias", Time since last: 105124 ns, Reaching safepoint: 3049905 ns, At safepoint: 77085 ns, Total: 3126990 ns
[2020-09-11T14:57:50.034+0000][1][safepoint    ] Safepoint "RevokeBias", Time since last: 91381186 ns, Reaching safepoint: 56660 ns, At safepoint: 27873 ns, Total: 84533 ns
[2020-09-11T14:57:50.034+0000][1][safepoint    ] Safepoint "BulkRevokeBias", Time since last: 71314 ns, Reaching safepoint: 22959 ns, At safepoint: 148855 ns, Total: 171814 ns
[2020-09-11T14:57:50.088+0000][1][safepoint    ] Safepoint "RevokeBias", Time since last: 53185301 ns, Reaching safepoint: 143980 ns, At safepoint: 20409 ns, Total: 164389 ns
[2020-09-11T14:57:50.093+0000][1][safepoint    ] Safepoint "RevokeBias", Time since last: 4652354 ns, Reaching safepoint: 58746 ns, At safepoint: 19630 ns, Total: 78376 ns
[2020-09-11T14:57:50.093+0000][1][safepoint    ] Safepoint "RevokeBias", Time since last: 83680 ns, Reaching safepoint: 21577 ns, At safepoint: 18457 ns, Total: 40034 ns
[2020-09-11T14:57:50.108+0000][1][safepoint    ] Safepoint "RevokeBias", Time since last: 14654117 ns, Reaching safepoint: 170193 ns, At safepoint: 89732 ns, Total: 259925 ns
[2020-09-11T14:57:50.495+0000][1][safepoint    ] Safepoint "RevokeBias", Time since last: 387663654 ns, Reaching safepoint: 71969 ns, At safepoint: 18410 ns, Total: 90379 ns
[2020-09-11T14:57:50.869+0000][1][safepoint    ] Safepoint "RevokeBias", Time since last: 373629603 ns, Reaching safepoint: 59817 ns, At safepoint: 20061 ns, Total: 79878 ns
[2020-09-11T14:57:51.869+0000][1][safepoint    ] Safepoint "Cleanup", Time since last: 1000117078 ns, Reaching safepoint: 63496 ns, At safepoint: 5921 ns, Total: 69417 ns
[2020-09-11T14:57:52.869+0000][1][safepoint    ] Safepoint "Cleanup", Time since last: 1000109069 ns, Reaching safepoint: 80434 ns, At safepoint: 7138 ns, Total: 87572 ns
[2020-09-11T14:57:53.870+0000][1][safepoint    ] Safepoint "Cleanup", Time since last: 1000099321 ns, Reaching safepoint: 78827 ns, At safepoint: 6467 ns, Total: 85294 ns
[2020-09-11T14:57:54.870+0000][1][safepoint    ] Safepoint "Cleanup", Time since last: 1000107379 ns, Reaching safepoint: 69219 ns, At safepoint: 8822 ns, Total: 78041 ns
[2020-09-11T14:57:55.870+0000][1][safepoint    ] Safepoint "Cleanup", Time since last: 1000112431 ns, Reaching safepoint: 70995 ns, At safepoint: 6993 ns, Total: 77988 ns
[2020-09-11T14:57:56.576+0000][1][safepoint    ] Safepoint "RevokeBias", Time since last: 701847482 ns, Reaching safepoint: 3674137 ns, At safepoint: 31953 ns, Total: 3706090 ns
[2020-09-11T14:57:56.588+0000][1][safepoint    ] Safepoint "Deoptimize", Time since last: 6256832 ns, Reaching safepoint: 5689098 ns, At safepoint: 753153 ns, Total: 6442251 ns
[2020-09-11T14:57:56.762+0000][1][safepoint    ] Safepoint "RevokeBias", Time since last: 165295661 ns, Reaching safepoint: 8750478 ns, At safepoint: 32986 ns, Total: 8783464 ns
[2020-09-11T14:57:56.805+0000][1][safepoint    ] Safepoint "BulkRevokeBias", Time since last: 41509487 ns, Reaching safepoint: 363016 ns, At safepoint: 484873 ns, Total: 847889 ns
[2020-09-11T14:57:56.837+0000][1][safepoint    ] Safepoint "RevokeBias", Time since last: 32368148 ns, Reaching safepoint: 183490 ns, At safepoint: 106625 ns, Total: 290115 ns
[2020-09-11T14:57:56.876+0000][1][safepoint    ] Safepoint "RevokeBias", Time since last: 18828122 ns, Reaching safepoint: 19369785 ns, At safepoint: 17907 ns, Total: 19387692 ns
[2020-09-11T14:57:56.879+0000][1][safepoint    ] Safepoint "RevokeBias", Time since last: 461256 ns, Reaching safepoint: 3483975 ns, At safepoint: 18517 ns, Total: 3502492 ns
[2020-09-11T14:57:56.882+0000][1][safepoint    ] Safepoint "BulkRevokeBias", Time since last: 1036731 ns, Reaching safepoint: 1359945 ns, At safepoint: 191490 ns, Total: 1551435 ns
[2020-09-11T14:57:56.945+0000][1][safepoint    ] Safepoint "RevokeBias", Time since last: 63017618 ns, Reaching safepoint: 258008 ns, At safepoint: 10937 ns, Total: 268945 ns
[2020-09-11T14:57:56.948+0000][1][safepoint    ] Safepoint "RevokeBias", Time since last: 2108545 ns, Reaching safepoint: 143955 ns, At safepoint: 8735 ns, Total: 152690 ns
[2020-09-11T14:57:56.948+0000][1][safepoint    ] Safepoint "RevokeBias", Time since last: 55887 ns, Reaching safepoint: 105026 ns, At safepoint: 7062 ns, Total: 112088 ns
[2020-09-11T14:57:57.088+0000][1][safepoint    ] Safepoint "RevokeBias", Time since last: 139523779 ns, Reaching safepoint: 173918 ns, At safepoint: 22080 ns, Total: 195998 ns
[2020-09-11T14:57:57.092+0000][1][safepoint    ] Safepoint "RevokeBias", Time since last: 4242994 ns, Reaching safepoint: 239529 ns, At safepoint: 20831 ns, Total: 260360 ns
[2020-09-11T14:57:57.838+0000][1][safepoint    ] Safepoint "RevokeBias", Time since last: 745392788 ns, Reaching safepoint: 158573 ns, At safepoint: 23280 ns, Total: 181853 ns
[2020-09-11T14:57:57.873+0000][1][safepoint    ] Safepoint "RevokeBias", Time since last: 29853795 ns, Reaching safepoint: 5081793 ns, At safepoint: 28722 ns, Total: 5110515 ns
[2020-09-11T14:57:57.884+0000][1][safepoint    ] Safepoint "RevokeBias", Time since last: 7389301 ns, Reaching safepoint: 3547157 ns, At safepoint: 31868 ns, Total: 3579025 ns
[2020-09-11T14:57:58.016+0000][1][safepoint    ] Safepoint "RevokeBias", Time since last: 131891404 ns, Reaching safepoint: 137292 ns, At safepoint: 20109 ns, Total: 157401 ns
[2020-09-11T14:57:58.112+0000][1][safepoint    ] Safepoint "RevokeBias", Time since last: 95869847 ns, Reaching safepoint: 148253 ns, At safepoint: 22438 ns, Total: 170691 ns
[2020-09-11T14:57:58.113+0000][1][safepoint    ] Safepoint "RevokeBias", Time since last: 1228447 ns, Reaching safepoint: 101364 ns, At safepoint: 12533 ns, Total: 113897 ns
[2020-09-11T14:57:58.152+0000][1][safepoint    ] Safepoint "RevokeBias", Time since last: 39017730 ns, Reaching safepoint: 140775 ns, At safepoint: 19002 ns, Total: 159777 ns
[2020-09-11T14:57:58.428+0000][1][safepoint    ] Safepoint "RevokeBias", Time since last: 267856666 ns, Reaching safepoint: 7505135 ns, At safepoint: 33301 ns, Total: 7538436 ns
[2020-09-11T14:57:58.582+0000][1][safepoint    ] Safepoint "RevokeBias", Time since last: 154651428 ns, Reaching safepoint: 66036 ns, At safepoint: 20464 ns, Total: 86500 ns
[2020-09-11T14:57:58.582+0000][1][safepoint    ] Safepoint "RevokeBias", Time since last: 151222 ns, Reaching safepoint: 24606 ns, At safepoint: 11453 ns, Total: 36059 ns
[2020-09-11T14:57:58.589+0000][1][safepoint    ] Safepoint "RevokeBias", Time since last: 6065440 ns, Reaching safepoint: 131011 ns, At safepoint: 19494 ns, Total: 150505 ns
[2020-09-11T14:57:58.638+0000][1][safepoint    ] Safepoint "Deoptimize", Time since last: 48805047 ns, Reaching safepoint: 150770 ns, At safepoint: 617958 ns, Total: 768728 ns
[2020-09-11T14:57:58.645+0000][1][safepoint    ] Safepoint "Deoptimize", Time since last: 985875 ns, Reaching safepoint: 49305 ns, At safepoint: 5749547 ns, Total: 5798852 ns
[2020-09-11T14:57:58.772+0000][1][safepoint    ] Safepoint "RevokeBias", Time since last: 126383331 ns, Reaching safepoint: 151095 ns, At safepoint: 329879 ns, Total: 480974 ns
[2020-09-11T14:57:58.784+0000][1][safepoint    ] Safepoint "RevokeBias", Time since last: 11981647 ns, Reaching safepoint: 143957 ns, At safepoint: 19945 ns, Total: 163902 ns
[2020-09-11T14:57:58.784+0000][1][safepoint    ] Safepoint "RevokeBias", Time since last: 197498 ns, Reaching safepoint: 101105 ns, At safepoint: 12633 ns, Total: 113738 ns
[2020-09-11T14:57:58.785+0000][1][safepoint    ] Safepoint "RevokeBias", Time since last: 56707 ns, Reaching safepoint: 96335 ns, At safepoint: 11231 ns, Total: 107566 ns
[2020-09-11T14:57:58.820+0000][1][safepoint    ] Safepoint "Deoptimize", Time since last: 34902221 ns, Reaching safepoint: 134606 ns, At safepoint: 613479 ns, Total: 748085 ns
[2020-09-11T14:57:58.920+0000][1][gc,start     ] GC(75) Pause Young (Allocation Failure)
[2020-09-11T14:57:58.920+0000][1][gc,task      ] GC(75) Using 1 workers of 1 for evacuation
[2020-09-11T14:57:58.999+0000][1][gc,age       ] GC(75) Desired survivor size 4358144 bytes, new threshold 3 (max threshold 6)
[2020-09-11T14:57:58.999+0000][1][gc,age       ] GC(75) Age table with threshold 3 (max threshold 6)
[2020-09-11T14:57:58.999+0000][1][gc,age       ] GC(75) - age   1:    3957120 bytes,    3957120 total
[2020-09-11T14:57:58.999+0000][1][gc,age       ] GC(75) - age   2:     389912 bytes,    4347032 total
[2020-09-11T14:57:58.999+0000][1][gc,age       ] GC(75) - age   3:      25568 bytes,    4372600 total
[2020-09-11T14:57:58.999+0000][1][gc,age       ] GC(75) - age   4:      25312 bytes,    4397912 total
[2020-09-11T14:57:58.999+0000][1][gc,age       ] GC(75) - age   5:       8104 bytes,    4406016 total
[2020-09-11T14:57:58.999+0000][1][gc,age       ] GC(75) - age   6:       3880 bytes,    4409896 total
[2020-09-11T14:57:58.999+0000][1][gc,heap      ] GC(75) ParNew: 69421K->4879K(76672K)
[2020-09-11T14:57:58.999+0000][1][gc,heap      ] GC(75) CMS: 100694K->100853K(2011968K)
[2020-09-11T14:57:58.999+0000][1][gc,metaspace ] GC(75) Metaspace: 86940K->86940K(1128448K)
[2020-09-11T14:57:58.999+0000][1][gc           ] GC(75) Pause Young (Allocation Failure) 166M->103M(2039M) 79.384ms
[2020-09-11T14:57:58.999+0000][1][gc,cpu       ] GC(75) User=0.02s Sys=0.00s Real=0.08s
[2020-09-11T14:57:59.011+0000][1][safepoint    ] Safepoint "GenCollectForAllocation", Time since last: 99543038 ns, Reaching safepoint: 148357 ns, At safepoint: 91581747 ns, Total: 91730104 ns
[2020-09-11T14:57:59.043+0000][1][safepoint    ] Safepoint "RevokeBias", Time since last: 30798826 ns, Reaching safepoint: 1224804 ns, At safepoint: 24560 ns, Total: 1249364 ns
[2020-09-11T14:57:59.045+0000][1][safepoint    ] Safepoint "RevokeBias", Time since last: 231293 ns, Reaching safepoint: 1331413 ns, At safepoint: 15906 ns, Total: 1347319 ns
[2020-09-11T14:57:59.072+0000][1][safepoint    ] Safepoint "Deoptimize", Time since last: 26539873 ns, Reaching safepoint: 148785 ns, At safepoint: 643650 ns, Total: 792435 ns
[2020-09-11T14:57:59.114+0000][1][safepoint    ] Safepoint "Deoptimize", Time since last: 39350565 ns, Reaching safepoint: 1809345 ns, At safepoint: 650011 ns, Total: 2459356 ns
[2020-09-11T14:57:59.198+0000][1][safepoint    ] Safepoint "RevokeBias", Time since last: 83313823 ns, Reaching safepoint: 142143 ns, At safepoint: 31856 ns, Total: 173999 ns
[2020-09-11T14:57:59.199+0000][1][safepoint    ] Safepoint "RevokeBias", Time since last: 807860 ns, Reaching safepoint: 107112 ns, At safepoint: 22017 ns, Total: 129129 ns
[2020-09-11T14:57:59.212+0000][1][safepoint    ] Safepoint "RevokeBias", Time since last: 12980391 ns, Reaching safepoint: 132755 ns, At safepoint: 20093 ns, Total: 152848 ns
[2020-09-11T14:57:59.467+0000][1][safepoint    ] Safepoint "RevokeBias", Time since last: 255080975 ns, Reaching safepoint: 72542 ns, At safepoint: 23567 ns, Total: 96109 ns
[2020-09-11T14:57:59.467+0000][1][safepoint    ] Safepoint "RevokeBias", Time since last: 101403 ns, Reaching safepoint: 29770 ns, At safepoint: 11740 ns, Total: 41510 ns
[2020-09-11T14:57:59.473+0000][1][safepoint    ] Safepoint "RevokeBias", Time since last: 5343884 ns, Reaching safepoint: 74734 ns, At safepoint: 19160 ns, Total: 93894 ns
[2020-09-11T14:57:59.478+0000][1][safepoint    ] Safepoint "RevokeBias", Time since last: 5299565 ns, Reaching safepoint: 166971 ns, At safepoint: 20262 ns, Total: 187233 ns
[2020-09-11T14:58:00.478+0000][1][safepoint    ] Safepoint "Cleanup", Time since last: 1000119592 ns, Reaching safepoint: 86784 ns, At safepoint: 7346 ns, Total: 94130 ns
[2020-09-11T14:58:01.478+0000][1][safepoint    ] Safepoint "Cleanup", Time since last: 1000106999 ns, Reaching safepoint: 92893 ns, At safepoint: 7008 ns, Total: 99901 ns
[2020-09-11T14:58:02.215+0000][1][safepoint    ] Safepoint "RevokeBias", Time since last: 735925469 ns, Reaching safepoint: 1111076 ns, At safepoint: 24629 ns, Total: 1135705 ns
[2020-09-11T14:58:02.230+0000][1][safepoint    ] Safepoint "RevokeBias", Time since last: 12010510 ns, Reaching safepoint: 2304089 ns, At safepoint: 30826 ns, Total: 2334915 ns
[2020-09-11T14:58:02.231+0000][1][safepoint    ] Safepoint "RevokeBias", Time since last: 1089408 ns, Reaching safepoint: 518332 ns, At safepoint: 19013 ns, Total: 537345 ns
[2020-09-11T14:58:02.232+0000][1][safepoint    ] Safepoint "RevokeBias", Time since last: 144716 ns, Reaching safepoint: 621487 ns, At safepoint: 14927 ns, Total: 636414 ns
[2020-09-11T14:58:02.234+0000][1][safepoint    ] Safepoint "RevokeBias", Time since last: 58495 ns, Reaching safepoint: 1737670 ns, At safepoint: 18196 ns, Total: 1755866 ns
[2020-09-11T14:58:02.297+0000][1][safepoint    ] Safepoint "RevokeBias", Time since last: 62775097 ns, Reaching safepoint: 145455 ns, At safepoint: 20260 ns, Total: 165715 ns
[2020-09-11T14:58:02.329+0000][1][safepoint    ] Safepoint "Deoptimize", Time since last: 30859728 ns, Reaching safepoint: 145921 ns, At safepoint: 634720 ns, Total: 780641 ns
[2020-09-11T14:58:02.390+0000][1][safepoint    ] Safepoint "RevokeBias", Time since last: 60618649 ns, Reaching safepoint: 226489 ns, At safepoint: 21212 ns, Total: 247701 ns
[2020-09-11T14:58:02.449+0000][1][safepoint    ] Safepoint "RevokeBias", Time since last: 58185128 ns, Reaching safepoint: 1585802 ns, At safepoint: 37573 ns, Total: 1623375 ns
[2020-09-11T14:58:03.262+0000][1][safepoint    ] Safepoint "RevokeBias", Time since last: 812367637 ns, Reaching safepoint: 66965 ns, At safepoint: 19728 ns, Total: 86693 ns
[2020-09-11T14:58:03.262+0000][1][safepoint    ] Safepoint "RevokeBias", Time since last: 65824 ns, Reaching safepoint: 25111 ns, At safepoint: 11087 ns, Total: 36198 ns
[2020-09-11T14:58:03.351+0000][1][safepoint    ] Safepoint "RevokeBias", Time since last: 88720867 ns, Reaching safepoint: 714193 ns, At safepoint: 18509 ns, Total: 732702 ns
[2020-09-11T14:58:03.754+0000][1][safepoint    ] Safepoint "RevokeBias", Time since last: 402861151 ns, Reaching safepoint: 149710 ns, At safepoint: 21116 ns, Total: 170826 ns
[2020-09-11T14:58:03.776+0000][1][safepoint    ] Safepoint "RevokeBias", Time since last: 21132375 ns, Reaching safepoint: 151022 ns, At safepoint: 22194 ns, Total: 173216 ns
[2020-09-11T14:58:04.776+0000][1][safepoint    ] Safepoint "Cleanup", Time since last: 1000108404 ns, Reaching safepoint: 77487 ns, At safepoint: 6903 ns, Total: 84390 ns
[2020-09-11T14:58:05.246+0000][1][safepoint    ] Safepoint "RevokeBias", Time since last: 470354013 ns, Reaching safepoint: 159084 ns, At safepoint: 24636 ns, Total: 183720 ns
[2020-09-11T14:58:05.548+0000][1][safepoint    ] Safepoint "RevokeBias", Time since last: 301133125 ns, Reaching safepoint: 187848 ns, At safepoint: 23115 ns, Total: 210963 ns
[2020-09-11T14:58:06.459+0000][1][safepoint    ] Safepoint "RevokeBias", Time since last: 911449759 ns, Reaching safepoint: 67845 ns, At safepoint: 21375 ns, Total: 89220 ns
[2020-09-11T14:58:06.466+0000][1][safepoint    ] Safepoint "RevokeBias", Time since last: 6095931 ns, Reaching safepoint: 147479 ns, At safepoint: 21504 ns, Total: 168983 ns
[2020-09-11T14:58:06.470+0000][1][safepoint    ] Safepoint "RevokeBias", Time since last: 1477556 ns, Reaching safepoint: 2475624 ns, At safepoint: 26120 ns, Total: 2501744 ns
[2020-09-11T14:58:06.470+0000][1][safepoint    ] Safepoint "RevokeBias", Time since last: 177784 ns, Reaching safepoint: 109532 ns, At safepoint: 13923 ns, Total: 123455 ns
[2020-09-11T14:58:06.470+0000][1][safepoint    ] Safepoint "RevokeBias", Time since last: 51898 ns, Reaching safepoint: 101624 ns, At safepoint: 13199 ns, Total: 114823 ns
[2020-09-11T14:58:06.493+0000][1][safepoint    ] Safepoint "RevokeBias", Time since last: 22185472 ns, Reaching safepoint: 934766 ns, At safepoint: 22198 ns, Total: 956964 ns
[2020-09-11T14:58:06.552+0000][1][safepoint    ] Safepoint "RevokeBias", Time since last: 59132989 ns, Reaching safepoint: 168662 ns, At safepoint: 37493 ns, Total: 206155 ns
[2020-09-11T14:58:06.553+0000][1][safepoint    ] Safepoint "RevokeBias", Time since last: 601632 ns, Reaching safepoint: 125882 ns, At safepoint: 18520 ns, Total: 144402 ns
[2020-09-11T14:58:06.577+0000][1][safepoint    ] Safepoint "RevokeBias", Time since last: 23490441 ns, Reaching safepoint: 80887 ns, At safepoint: 20486 ns, Total: 101373 ns
[2020-09-11T14:58:06.579+0000][1][safepoint    ] Safepoint "RevokeBias", Time since last: 2282377 ns, Reaching safepoint: 84361 ns, At safepoint: 20848 ns, Total: 105209 ns
[2020-09-11T14:58:06.579+0000][1][safepoint    ] Safepoint "RevokeBias", Time since last: 55616 ns, Reaching safepoint: 36018 ns, At safepoint: 11263 ns, Total: 47281 ns
[2020-09-11T14:58:06.580+0000][1][safepoint    ] Safepoint "RevokeBias", Time since last: 275802 ns, Reaching safepoint: 39062 ns, At safepoint: 11008 ns, Total: 50070 ns
[2020-09-11T14:58:07.566+0000][1][safepoint    ] Safepoint "RevokeBias", Time since last: 986096391 ns, Reaching safepoint: 71155 ns, At safepoint: 19123 ns, Total: 90278 ns
[2020-09-11T14:58:07.582+0000][1][safepoint    ] Safepoint "RevokeBias", Time since last: 15982264 ns, Reaching safepoint: 140095 ns, At safepoint: 18650 ns, Total: 158745 ns
[2020-09-11T14:58:07.582+0000][1][safepoint    ] Safepoint "RevokeBias", Time since last: 249051 ns, Reaching safepoint: 96862 ns, At safepoint: 11387 ns, Total: 108249 ns
[2020-09-11T14:58:07.583+0000][1][safepoint    ] Safepoint "RevokeBias", Time since last: 116416 ns, Reaching safepoint: 102039 ns, At safepoint: 11957 ns, Total: 113996 ns
[2020-09-11T14:58:07.583+0000][1][safepoint    ] Safepoint "RevokeBias", Time since last: 50132 ns, Reaching safepoint: 97119 ns, At safepoint: 11161 ns, Total: 108280 ns
[2020-09-11T14:58:07.631+0000][1][safepoint    ] Safepoint "RevokeBias", Time since last: 45721503 ns, Reaching safepoint: 2746148 ns, At safepoint: 26447 ns, Total: 2772595 ns
[2020-09-11T14:58:07.723+0000][1][safepoint    ] Safepoint "RevokeBias", Time since last: 88449001 ns, Reaching safepoint: 2909961 ns, At safepoint: 41871 ns, Total: 2951832 ns
[2020-09-11T14:58:07.736+0000][1][safepoint    ] Safepoint "RevokeBias", Time since last: 9478607 ns, Reaching safepoint: 3392414 ns, At safepoint: 31226 ns, Total: 3423640 ns
[2020-09-11T14:58:07.740+0000][1][safepoint    ] Safepoint "RevokeBias", Time since last: 4427804 ns, Reaching safepoint: 171371 ns, At safepoint: 38124 ns, Total: 209495 ns
[2020-09-11T14:58:07.763+0000][1][safepoint    ] Safepoint "RevokeBias", Time since last: 15197514 ns, Reaching safepoint: 7349845 ns, At safepoint: 44664 ns, Total: 7394509 ns
[2020-09-11T14:58:07.763+0000][1][safepoint    ] Safepoint "RevokeBias", Time since last: 94298 ns, Reaching safepoint: 124435 ns, At safepoint: 20228 ns, Total: 144663 ns
[2020-09-11T14:58:07.763+0000][1][safepoint    ] Safepoint "RevokeBias", Time since last: 41058 ns, Reaching safepoint: 119189 ns, At safepoint: 20631 ns, Total: 139820 ns
[2020-09-11T14:58:07.763+0000][1][safepoint    ] Safepoint "RevokeBias", Time since last: 32015 ns, Reaching safepoint: 127057 ns, At safepoint: 115888 ns, Total: 242945 ns
[2020-09-11T14:58:08.390+0000][1][safepoint    ] Safepoint "RevokeBias", Time since last: 626501967 ns, Reaching safepoint: 89776 ns, At safepoint: 23852 ns, Total: 113628 ns
[2020-09-11T14:58:08.786+0000][1][safepoint    ] Safepoint "BulkRevokeBias", Time since last: 396143228 ns, Reaching safepoint: 74144 ns, At safepoint: 184172 ns, Total: 258316 ns
[2020-09-11T14:58:08.796+0000][1][safepoint    ] Safepoint "RevokeBias", Time since last: 6858042 ns, Reaching safepoint: 2192835 ns, At safepoint: 27739 ns, Total: 2220574 ns
[2020-09-11T14:58:08.800+0000][1][safepoint    ] Safepoint "RevokeBias", Time since last: 234575 ns, Reaching safepoint: 3758825 ns, At safepoint: 33364 ns, Total: 3792189 ns
[2020-09-11T14:58:08.800+0000][1][safepoint    ] Safepoint "RevokeBias", Time since last: 191241 ns, Reaching safepoint: 107222 ns, At safepoint: 13645 ns, Total: 120867 ns
[2020-09-11T14:58:08.800+0000][1][safepoint    ] Safepoint "RevokeBias", Time since last: 53609 ns, Reaching safepoint: 99516 ns, At safepoint: 11998 ns, Total: 111514 ns
[2020-09-11T14:58:08.826+0000][1][safepoint    ] Safepoint "RevokeBias", Time since last: 26011440 ns, Reaching safepoint: 139675 ns, At safepoint: 19516 ns, Total: 159191 ns
[2020-09-11T14:58:08.888+0000][1][gc,start     ] GC(76) Pause Young (Allocation Failure)
[2020-09-11T14:58:08.888+0000][1][gc,task      ] GC(76) Using 1 workers of 1 for evacuation
[2020-09-11T14:58:08.929+0000][1][gc,age       ] GC(76) Desired survivor size 4358144 bytes, new threshold 2 (max threshold 6)
[2020-09-11T14:58:08.929+0000][1][gc,age       ] GC(76) Age table with threshold 2 (max threshold 6)
[2020-09-11T14:58:08.929+0000][1][gc,age       ] GC(76) - age   1:    1032496 bytes,    1032496 total
[2020-09-11T14:58:08.929+0000][1][gc,age       ] GC(76) - age   2:    3735728 bytes,    4768224 total
[2020-09-11T14:58:08.929+0000][1][gc,age       ] GC(76) - age   3:     378584 bytes,    5146808 total
[2020-09-11T14:58:08.929+0000][1][gc,heap      ] GC(76) ParNew: 73039K->5822K(76672K)
[2020-09-11T14:58:08.929+0000][1][gc,heap      ] GC(76) CMS: 100853K->100912K(2011968K)
[2020-09-11T14:58:08.929+0000][1][gc,metaspace ] GC(76) Metaspace: 88400K->88400K(1130496K)
[2020-09-11T14:58:08.929+0000][1][gc           ] GC(76) Pause Young (Allocation Failure) 169M->104M(2039M) 41.837ms
[2020-09-11T14:58:08.929+0000][1][gc,cpu       ] GC(76) User=0.02s Sys=0.00s Real=0.04s
[2020-09-11T14:58:08.930+0000][1][safepoint    ] Safepoint "GenCollectForAllocation", Time since last: 58192364 ns, Reaching safepoint: 3095929 ns, At safepoint: 42559097 ns, Total: 45655026 ns
[2020-09-11T14:58:08.938+0000][1][safepoint    ] Safepoint "RevokeBias", Time since last: 7792789 ns, Reaching safepoint: 65213 ns, At safepoint: 37855 ns, Total: 103068 ns
[2020-09-11T14:58:08.940+0000][1][safepoint    ] Safepoint "RevokeBias", Time since last: 1552112 ns, Reaching safepoint: 58829 ns, At safepoint: 30899 ns, Total: 89728 ns
[2020-09-11T14:58:09.946+0000][1][safepoint    ] Safepoint "Cleanup", Time since last: 1006705668 ns, Reaching safepoint: 110936 ns, At safepoint: 18400 ns, Total: 129336 ns
[2020-09-11T14:58:10.124+0000][1][safepoint    ] Safepoint "RevokeBias", Time since last: 177554977 ns, Reaching safepoint: 64092 ns, At safepoint: 29287 ns, Total: 93379 ns
[2020-09-11T14:58:10.124+0000][1][safepoint    ] Safepoint "RevokeBias", Time since last: 55127 ns, Reaching safepoint: 24583 ns, At safepoint: 18268 ns, Total: 42851 ns
[2020-09-11T14:58:10.124+0000][1][safepoint    ] Safepoint "RevokeBias", Time since last: 26665 ns, Reaching safepoint: 23132 ns, At safepoint: 17208 ns, Total: 40340 ns
[2020-09-11T14:58:10.124+0000][1][safepoint    ] Safepoint "RevokeBias", Time since last: 25433 ns, Reaching safepoint: 26903 ns, At safepoint: 21783 ns, Total: 48686 ns
[2020-09-11T14:58:10.124+0000][1][safepoint    ] Safepoint "RevokeBias", Time since last: 26747 ns, Reaching safepoint: 23412 ns, At safepoint: 16447 ns, Total: 39859 ns
[2020-09-11T14:58:11.140+0000][1][safepoint    ] Safepoint "Cleanup", Time since last: 1015215508 ns, Reaching safepoint: 113284 ns, At safepoint: 8078 ns, Total: 121362 ns
[2020-09-11T14:58:12.140+0000][1][safepoint    ] Safepoint "Cleanup", Time since last: 1000152695 ns, Reaching safepoint: 110562 ns, At safepoint: 7221 ns, Total: 117783 ns
[2020-09-11T14:58:12.688+0000][1][safepoint    ] Safepoint "RevokeBias", Time since last: 547993663 ns, Reaching safepoint: 144676 ns, At safepoint: 21262 ns, Total: 165938 ns
[2020-09-11T14:58:13.552+0000][1][safepoint    ] Safepoint "RevokeBias", Time since last: 864181290 ns, Reaching safepoint: 71642 ns, At safepoint: 22992 ns, Total: 94634 ns
[2020-09-11T14:58:14.553+0000][1][safepoint    ] Safepoint "Cleanup", Time since last: 1000168273 ns, Reaching safepoint: 110105 ns, At safepoint: 8295 ns, Total: 118400 ns
[2020-09-11T14:58:15.553+0000][1][safepoint    ] Safepoint "Cleanup", Time since last: 1000177430 ns, Reaching safepoint: 101794 ns, At safepoint: 8231 ns, Total: 110025 ns
[2020-09-11T14:58:16.553+0000][1][safepoint    ] Safepoint "Cleanup", Time since last: 1000114125 ns, Reaching safepoint: 84442 ns, At safepoint: 7136 ns, Total: 91578 ns
[2020-09-11T14:58:17.553+0000][1][safepoint    ] Safepoint "Cleanup", Time since last: 1000176953 ns, Reaching safepoint: 96428 ns, At safepoint: 9471 ns, Total: 105899 ns
[2020-09-11T14:58:18.554+0000][1][safepoint    ] Safepoint "Cleanup", Time since last: 1000175595 ns, Reaching safepoint: 98847 ns, At safepoint: 8149 ns, Total: 106996 ns
[2020-09-11T14:58:19.496+0000][1][safepoint    ] Safepoint "RevokeBias", Time since last: 941581926 ns, Reaching safepoint: 197796 ns, At safepoint: 21300 ns, Total: 219096 ns
[2020-09-11T14:58:19.496+0000][1][safepoint    ] Safepoint "RevokeBias", Time since last: 252803 ns, Reaching safepoint: 148397 ns, At safepoint: 12300 ns, Total: 160697 ns
[2020-09-11T14:58:20.496+0000][1][safepoint    ] Safepoint "Cleanup", Time since last: 1000171473 ns, Reaching safepoint: 115975 ns, At safepoint: 7940 ns, Total: 123915 ns
[2020-09-11T14:58:21.497+0000][1][safepoint    ] Safepoint "Cleanup", Time since last: 1000172293 ns, Reaching safepoint: 154621 ns, At safepoint: 18149 ns, Total: 172770 ns
[2020-09-11T14:58:22.497+0000][1][safepoint    ] Safepoint "Cleanup", Time since last: 1000192858 ns, Reaching safepoint: 165877 ns, At safepoint: 18042 ns, Total: 183919 ns
[2020-09-11T14:58:23.497+0000][1][safepoint    ] Safepoint "Cleanup", Time since last: 1000234854 ns, Reaching safepoint: 102814 ns, At safepoint: 7357 ns, Total: 110171 ns
[2020-09-11T14:58:24.498+0000][1][safepoint    ] Safepoint "Cleanup", Time since last: 1000187659 ns, Reaching safepoint: 98779 ns, At safepoint: 7866 ns, Total: 106645 ns
[2020-09-11T14:58:25.499+0000][1][safepoint    ] Safepoint "Cleanup", Time since last: 1000971819 ns, Reaching safepoint: 106791 ns, At safepoint: 8029 ns, Total: 114820 ns
[2020-09-11T14:58:26.499+0000][1][safepoint    ] Safepoint "Cleanup", Time since last: 1000174660 ns, Reaching safepoint: 105270 ns, At safepoint: 8338 ns, Total: 113608 ns
[2020-09-11T14:58:27.499+0000][1][safepoint    ] Safepoint "Cleanup", Time since last: 1000187640 ns, Reaching safepoint: 161875 ns, At safepoint: 18278 ns, Total: 180153 ns
[2020-09-11T14:58:28.500+0000][1][safepoint    ] Safepoint "Cleanup", Time since last: 1000259224 ns, Reaching safepoint: 96789 ns, At safepoint: 7139 ns, Total: 103928 ns
[2020-09-11T14:58:29.500+0000][1][safepoint    ] Safepoint "Cleanup", Time since last: 1000126976 ns, Reaching safepoint: 163724 ns, At safepoint: 7614 ns, Total: 171338 ns
[2020-09-11T14:58:30.500+0000][1][safepoint    ] Safepoint "Cleanup", Time since last: 1000223251 ns, Reaching safepoint: 98825 ns, At safepoint: 7575 ns, Total: 106400 ns
[2020-09-11T14:58:31.501+0000][1][safepoint    ] Safepoint "Cleanup", Time since last: 1000165776 ns, Reaching safepoint: 106777 ns, At safepoint: 6909 ns, Total: 113686 ns
[2020-09-11T14:58:32.502+0000][1][safepoint    ] Safepoint "Cleanup", Time since last: 1001085702 ns, Reaching safepoint: 153660 ns, At safepoint: 7551 ns, Total: 161211 ns
[2020-09-11T14:58:33.502+0000][1][safepoint    ] Safepoint "Cleanup", Time since last: 1000189294 ns, Reaching safepoint: 162947 ns, At safepoint: 16966 ns, Total: 179913 ns
[2020-09-11T14:58:34.503+0000][1][safepoint    ] Safepoint "Cleanup", Time since last: 1000206799 ns, Reaching safepoint: 152246 ns, At safepoint: 17203 ns, Total: 169449 ns
[2020-09-11T14:58:35.503+0000][1][safepoint    ] Safepoint "Cleanup", Time since last: 1000198873 ns, Reaching safepoint: 135695 ns, At safepoint: 16301 ns, Total: 151996 ns
[2020-09-11T14:58:36.503+0000][1][safepoint    ] Safepoint "Cleanup", Time since last: 1000186466 ns, Reaching safepoint: 134566 ns, At safepoint: 17072 ns, Total: 151638 ns
[2020-09-11T14:58:37.504+0000][1][safepoint    ] Safepoint "Cleanup", Time since last: 1000224342 ns, Reaching safepoint: 141695 ns, At safepoint: 18266 ns, Total: 159961 ns
[2020-09-11T14:58:38.504+0000][1][safepoint    ] Safepoint "Cleanup", Time since last: 1000221923 ns, Reaching safepoint: 141636 ns, At safepoint: 18445 ns, Total: 160081 ns
[2020-09-11T14:58:39.504+0000][1][safepoint    ] Safepoint "Cleanup", Time since last: 1000222556 ns, Reaching safepoint: 136286 ns, At safepoint: 16872 ns, Total: 153158 ns
[2020-09-11T14:58:40.505+0000][1][safepoint    ] Safepoint "Cleanup", Time since last: 1000214713 ns, Reaching safepoint: 131281 ns, At safepoint: 18148 ns, Total: 149429 ns
[2020-09-11T14:58:41.505+0000][1][safepoint    ] Safepoint "Cleanup", Time since last: 1000208933 ns, Reaching safepoint: 117552 ns, At safepoint: 7734 ns, Total: 125286 ns
[2020-09-11T14:58:42.506+0000][1][safepoint    ] Safepoint "Cleanup", Time since last: 1000171742 ns, Reaching safepoint: 153523 ns, At safepoint: 11413 ns, Total: 164936 ns
[2020-09-11T14:58:43.506+0000][1][safepoint    ] Safepoint "Cleanup", Time since last: 1000300185 ns, Reaching safepoint: 112642 ns, At safepoint: 7775 ns, Total: 120417 ns
[2020-09-11T14:58:44.506+0000][1][safepoint    ] Safepoint "Cleanup", Time since last: 1000187699 ns, Reaching safepoint: 106129 ns, At safepoint: 7853 ns, Total: 113982 ns
[2020-09-11T14:58:45.507+0000][1][safepoint    ] Safepoint "Cleanup", Time since last: 1000178712 ns, Reaching safepoint: 147418 ns, At safepoint: 18202 ns, Total: 165620 ns
[2020-09-11T14:58:46.507+0000][1][safepoint    ] Safepoint "Cleanup", Time since last: 1000215840 ns, Reaching safepoint: 142845 ns, At safepoint: 16751 ns, Total: 159596 ns
[2020-09-11T14:58:47.507+0000][1][safepoint    ] Safepoint "Cleanup", Time since last: 1000202542 ns, Reaching safepoint: 135424 ns, At safepoint: 16929 ns, Total: 152353 ns
[2020-09-11T14:58:48.508+0000][1][safepoint    ] Safepoint "Cleanup", Time since last: 1000215972 ns, Reaching safepoint: 155113 ns, At safepoint: 16768 ns, Total: 171881 ns
[2020-09-11T14:58:49.508+0000][1][safepoint    ] Safepoint "Cleanup", Time since last: 1000192762 ns, Reaching safepoint: 121412 ns, At safepoint: 7356 ns, Total: 128768 ns
[2020-09-11T14:58:50.508+0000][1][safepoint    ] Safepoint "Cleanup", Time since last: 1000135538 ns, Reaching safepoint: 118940 ns, At safepoint: 7951 ns, Total: 126891 ns
[2020-09-11T14:58:51.509+0000][1][safepoint    ] Safepoint "Cleanup", Time since last: 1000184995 ns, Reaching safepoint: 108993 ns, At safepoint: 7767 ns, Total: 116760 ns
[2020-09-11T14:58:52.510+0000][1][safepoint    ] Safepoint "Cleanup", Time since last: 1001211536 ns, Reaching safepoint: 180674 ns, At safepoint: 9329 ns, Total: 190003 ns
[2020-09-11T14:58:53.510+0000][1][safepoint    ] Safepoint "Cleanup", Time since last: 1000166563 ns, Reaching safepoint: 124289 ns, At safepoint: 7736 ns, Total: 132025 ns
[2020-09-11T14:58:54.511+0000][1][safepoint    ] Safepoint "Cleanup", Time since last: 1000177618 ns, Reaching safepoint: 115480 ns, At safepoint: 8781 ns, Total: 124261 ns
[2020-09-11T14:58:55.511+0000][1][safepoint    ] Safepoint "Cleanup", Time since last: 1000185671 ns, Reaching safepoint: 105711 ns, At safepoint: 8285 ns, Total: 113996 ns
[2020-09-11T14:58:56.511+0000][1][safepoint    ] Safepoint "Cleanup", Time since last: 1000144132 ns, Reaching safepoint: 171003 ns, At safepoint: 18074 ns, Total: 189077 ns
[2020-09-11T14:58:57.512+0000][1][safepoint    ] Safepoint "Cleanup", Time since last: 1000238941 ns, Reaching safepoint: 111199 ns, At safepoint: 7585 ns, Total: 118784 ns
[2020-09-11T14:58:58.512+0000][1][safepoint    ] Safepoint "Cleanup", Time since last: 1000237595 ns, Reaching safepoint: 90975 ns, At safepoint: 8789 ns, Total: 99764 ns
[2020-09-11T14:58:59.512+0000][1][safepoint    ] Safepoint "Cleanup", Time since last: 1000125221 ns, Reaching safepoint: 85442 ns, At safepoint: 7534 ns, Total: 92976 ns
[2020-09-11T14:59:00.512+0000][1][safepoint    ] Safepoint "Cleanup", Time since last: 1000192706 ns, Reaching safepoint: 106728 ns, At safepoint: 8165 ns, Total: 114893 ns
[2020-09-11T14:59:01.513+0000][1][safepoint    ] Safepoint "Cleanup", Time since last: 1000150075 ns, Reaching safepoint: 160946 ns, At safepoint: 18044 ns, Total: 178990 ns
[2020-09-11T14:59:02.513+0000][1][safepoint    ] Safepoint "Cleanup", Time since last: 1000239006 ns, Reaching safepoint: 162366 ns, At safepoint: 19408 ns, Total: 181774 ns
[2020-09-11T14:59:03.514+0000][1][safepoint    ] Safepoint "Cleanup", Time since last: 1000244421 ns, Reaching safepoint: 175980 ns, At safepoint: 18099 ns, Total: 194079 ns
[2020-09-11T14:59:04.514+0000][1][safepoint    ] Safepoint "Cleanup", Time since last: 1000251689 ns, Reaching safepoint: 100302 ns, At safepoint: 9140 ns, Total: 109442 ns
[2020-09-11T14:59:05.514+0000][1][safepoint    ] Safepoint "Cleanup", Time since last: 1000209897 ns, Reaching safepoint: 116206 ns, At safepoint: 8392 ns, Total: 124598 ns
[2020-09-11T14:59:06.515+0000][1][safepoint    ] Safepoint "Cleanup", Time since last: 1000207477 ns, Reaching safepoint: 101634 ns, At safepoint: 8085 ns, Total: 109719 ns
[2020-09-11T14:59:07.515+0000][1][safepoint    ] Safepoint "Cleanup", Time since last: 1000198133 ns, Reaching safepoint: 147662 ns, At safepoint: 19000 ns, Total: 166662 ns
[2020-09-11T14:59:07.996+0000][1][gc,start     ] GC(77) Pause Young (Allocation Failure)
[2020-09-11T14:59:07.996+0000][1][gc,task      ] GC(77) Using 1 workers of 1 for evacuation
[2020-09-11T14:59:08.018+0000][1][gc,age       ] GC(77) Desired survivor size 4358144 bytes, new threshold 6 (max threshold 6)
[2020-09-11T14:59:08.018+0000][1][gc,age       ] GC(77) Age table with threshold 6 (max threshold 6)
[2020-09-11T14:59:08.018+0000][1][gc,age       ] GC(77) - age   1:     171736 bytes,     171736 total
[2020-09-11T14:59:08.018+0000][1][gc,age       ] GC(77) - age   2:     938200 bytes,    1109936 total
[2020-09-11T14:59:08.018+0000][1][gc,heap      ] GC(77) ParNew: 73982K->2593K(76672K)
[2020-09-11T14:59:08.018+0000][1][gc,heap      ] GC(77) CMS: 100912K->104959K(2011968K)
[2020-09-11T14:59:08.018+0000][1][gc,metaspace ] GC(77) Metaspace: 88716K->88716K(1130496K)
[2020-09-11T14:59:08.018+0000][1][gc           ] GC(77) Pause Young (Allocation Failure) 170M->105M(2039M) 22.600ms
[2020-09-11T14:59:08.018+0000][1][gc,cpu       ] GC(77) User=0.02s Sys=0.00s Real=0.02s
[2020-09-11T14:59:08.018+0000][1][safepoint    ] Safepoint "GenCollectForAllocation", Time since last: 480624424 ns, Reaching safepoint: 193595 ns, At safepoint: 22674787 ns, Total: 22868382 ns
[2020-09-11T14:59:09.022+0000][1][safepoint    ] Safepoint "Cleanup", Time since last: 1003430616 ns, Reaching safepoint: 112796 ns, At safepoint: 8217 ns, Total: 121013 ns
[2020-09-11T14:59:10.022+0000][1][safepoint    ] Safepoint "Cleanup", Time since last: 1000145135 ns, Reaching safepoint: 99527 ns, At safepoint: 7353 ns, Total: 106880 ns
[2020-09-11T14:59:11.023+0000][1][safepoint    ] Safepoint "Cleanup", Time since last: 1000193606 ns, Reaching safepoint: 122325 ns, At safepoint: 7106 ns, Total: 129431 ns
[2020-09-11T14:59:12.023+0000][1][safepoint    ] Safepoint "Cleanup", Time since last: 1000178837 ns, Reaching safepoint: 140680 ns, At safepoint: 17958 ns, Total: 158638 ns
[2020-09-11T14:59:13.023+0000][1][safepoint    ] Safepoint "Cleanup", Time since last: 1000152773 ns, Reaching safepoint: 148985 ns, At safepoint: 7819 ns, Total: 156804 ns
[2020-09-11T14:59:14.024+0000][1][safepoint    ] Safepoint "Cleanup", Time since last: 1000175151 ns, Reaching safepoint: 135768 ns, At safepoint: 16365 ns, Total: 152133 ns
[2020-09-11T14:59:15.024+0000][1][safepoint    ] Safepoint "Cleanup", Time since last: 1000223794 ns, Reaching safepoint: 142056 ns, At safepoint: 17673 ns, Total: 159729 ns
[2020-09-11T14:59:16.024+0000][1][safepoint    ] Safepoint "Cleanup", Time since last: 1000230817 ns, Reaching safepoint: 139343 ns, At safepoint: 16441 ns, Total: 155784 ns
[2020-09-11T14:59:17.025+0000][1][safepoint    ] Safepoint "Cleanup", Time since last: 1000231296 ns, Reaching safepoint: 176612 ns, At safepoint: 18299 ns, Total: 194911 ns
[2020-09-11T14:59:18.025+0000][1][safepoint    ] Safepoint "Cleanup", Time since last: 1000221748 ns, Reaching safepoint: 138825 ns, At safepoint: 16739 ns, Total: 155564 ns
[2020-09-11T14:59:19.026+0000][1][safepoint    ] Safepoint "Cleanup", Time since last: 1000230550 ns, Reaching safepoint: 101413 ns, At safepoint: 7761 ns, Total: 109174 ns
[2020-09-11T14:59:20.026+0000][1][safepoint    ] Safepoint "Cleanup", Time since last: 1000187253 ns, Reaching safepoint: 102035 ns, At safepoint: 7700 ns, Total: 109735 ns
[2020-09-11T14:59:21.026+0000][1][safepoint    ] Safepoint "Cleanup", Time since last: 1000190414 ns, Reaching safepoint: 104301 ns, At safepoint: 8357 ns, Total: 112658 ns
[2020-09-11T14:59:22.026+0000][1][safepoint    ] Safepoint "Cleanup", Time since last: 1000189540 ns, Reaching safepoint: 107467 ns, At safepoint: 7968 ns, Total: 115435 ns
[2020-09-11T14:59:23.027+0000][1][safepoint    ] Safepoint "Cleanup", Time since last: 1000187143 ns, Reaching safepoint: 158514 ns, At safepoint: 18085 ns, Total: 176599 ns
[2020-09-11T14:59:24.027+0000][1][safepoint    ] Safepoint "Cleanup", Time since last: 1000226383 ns, Reaching safepoint: 142056 ns, At safepoint: 17631 ns, Total: 159687 ns
[2020-09-11T14:59:25.028+0000][1][safepoint    ] Safepoint "Cleanup", Time since last: 1000257045 ns, Reaching safepoint: 101997 ns, At safepoint: 7564 ns, Total: 109561 ns
[2020-09-11T14:59:26.028+0000][1][safepoint    ] Safepoint "Cleanup", Time since last: 1000175925 ns, Reaching safepoint: 153930 ns, At safepoint: 18065 ns, Total: 171995 ns
[2020-09-11T14:59:27.028+0000][1][safepoint    ] Safepoint "Cleanup", Time since last: 1000237942 ns, Reaching safepoint: 142825 ns, At safepoint: 17817 ns, Total: 160642 ns
[2020-09-11T14:59:28.029+0000][1][safepoint    ] Safepoint "Cleanup", Time since last: 1000161380 ns, Reaching safepoint: 80376 ns, At safepoint: 8388 ns, Total: 88764 ns
[2020-09-11T14:59:29.029+0000][1][safepoint    ] Safepoint "Cleanup", Time since last: 1000193649 ns, Reaching safepoint: 113161 ns, At safepoint: 8207 ns, Total: 121368 ns
[2020-09-11T14:59:30.029+0000][1][safepoint    ] Safepoint "Cleanup", Time since last: 1000143688 ns, Reaching safepoint: 143970 ns, At safepoint: 18513 ns, Total: 162483 ns
[2020-09-11T14:59:31.030+0000][1][safepoint    ] Safepoint "Cleanup", Time since last: 1000225344 ns, Reaching safepoint: 148147 ns, At safepoint: 19207 ns, Total: 167354 ns
[2020-09-11T14:59:32.030+0000][1][safepoint    ] Safepoint "Cleanup", Time since last: 1000179016 ns, Reaching safepoint: 130372 ns, At safepoint: 6426 ns, Total: 136798 ns
[2020-09-11T14:59:33.030+0000][1][safepoint    ] Safepoint "Cleanup", Time since last: 1000206684 ns, Reaching safepoint: 105913 ns, At safepoint: 8329 ns, Total: 114242 ns
[2020-09-11T14:59:34.031+0000][1][safepoint    ] Safepoint "Cleanup", Time since last: 1000195478 ns, Reaching safepoint: 144415 ns, At safepoint: 18837 ns, Total: 163252 ns
[2020-09-11T14:59:35.032+0000][1][safepoint    ] Safepoint "Cleanup", Time since last: 1001151060 ns, Reaching safepoint: 155029 ns, At safepoint: 18810 ns, Total: 173839 ns
[2020-09-11T14:59:36.032+0000][1][safepoint    ] Safepoint "Cleanup", Time since last: 1000221231 ns, Reaching safepoint: 113613 ns, At safepoint: 7359 ns, Total: 120972 ns
[2020-09-11T14:59:37.032+0000][1][safepoint    ] Safepoint "Cleanup", Time since last: 1000191368 ns, Reaching safepoint: 100151 ns, At safepoint: 8016 ns, Total: 108167 ns
[2020-09-11T14:59:38.033+0000][1][safepoint    ] Safepoint "Cleanup", Time since last: 1000186664 ns, Reaching safepoint: 115353 ns, At safepoint: 7573 ns, Total: 122926 ns
[2020-09-11T14:59:39.033+0000][1][safepoint    ] Safepoint "Cleanup", Time since last: 1000244543 ns, Reaching safepoint: 108119 ns, At safepoint: 7791 ns, Total: 115910 ns
[2020-09-11T14:59:40.034+0000][1][safepoint    ] Safepoint "Cleanup", Time since last: 1000838641 ns, Reaching safepoint: 91956 ns, At safepoint: 6738 ns, Total: 98694 ns
[2020-09-11T14:59:41.034+0000][1][safepoint    ] Safepoint "Cleanup", Time since last: 1000183978 ns, Reaching safepoint: 103704 ns, At safepoint: 7906 ns, Total: 111610 ns
[2020-09-11T14:59:42.035+0000][1][safepoint    ] Safepoint "Cleanup", Time since last: 1000181687 ns, Reaching safepoint: 136958 ns, At safepoint: 17778 ns, Total: 154736 ns
[2020-09-11T14:59:43.035+0000][1][safepoint    ] Safepoint "Cleanup", Time since last: 1000216613 ns, Reaching safepoint: 149430 ns, At safepoint: 18893 ns, Total: 168323 ns
[2020-09-11T14:59:44.036+0000][1][safepoint    ] Safepoint "Cleanup", Time since last: 1000206267 ns, Reaching safepoint: 170438 ns, At safepoint: 16638 ns, Total: 187076 ns
[2020-09-11T14:59:45.037+0000][1][safepoint    ] Safepoint "Cleanup", Time since last: 1001114205 ns, Reaching safepoint: 103834 ns, At safepoint: 7733 ns, Total: 111567 ns
[2020-09-11T14:59:46.037+0000][1][safepoint    ] Safepoint "Cleanup", Time since last: 1000200589 ns, Reaching safepoint: 118748 ns, At safepoint: 7973 ns, Total: 126721 ns
[2020-09-11T14:59:47.037+0000][1][safepoint    ] Safepoint "Cleanup", Time since last: 1000178615 ns, Reaching safepoint: 152690 ns, At safepoint: 17507 ns, Total: 170197 ns
[2020-09-11T14:59:48.038+0000][1][safepoint    ] Safepoint "Cleanup", Time since last: 1000210517 ns, Reaching safepoint: 136206 ns, At safepoint: 16712 ns, Total: 152918 ns
[2020-09-11T14:59:49.038+0000][1][safepoint    ] Safepoint "Cleanup", Time since last: 1000210103 ns, Reaching safepoint: 100915 ns, At safepoint: 7677 ns, Total: 108592 ns
[2020-09-11T14:59:50.039+0000][1][safepoint    ] Safepoint "Cleanup", Time since last: 1000935284 ns, Reaching safepoint: 150816 ns, At safepoint: 17494 ns, Total: 168310 ns
[2020-09-11T14:59:51.039+0000][1][safepoint    ] Safepoint "Cleanup", Time since last: 1000176150 ns, Reaching safepoint: 90037 ns, At safepoint: 7374 ns, Total: 97411 ns
[2020-09-11T14:59:52.040+0000][1][safepoint    ] Safepoint "Cleanup", Time since last: 1000134639 ns, Reaching safepoint: 119820 ns, At safepoint: 8123 ns, Total: 127943 ns
[2020-09-11T14:59:53.040+0000][1][safepoint    ] Safepoint "Cleanup", Time since last: 1000145150 ns, Reaching safepoint: 143697 ns, At safepoint: 17564 ns, Total: 161261 ns
[2020-09-11T14:59:54.041+0000][1][safepoint    ] Safepoint "Cleanup", Time since last: 1000213117 ns, Reaching safepoint: 237640 ns, At safepoint: 8677 ns, Total: 246317 ns
[2020-09-11T14:59:55.041+0000][1][safepoint    ] Safepoint "Cleanup", Time since last: 1000782027 ns, Reaching safepoint: 100123 ns, At safepoint: 8170 ns, Total: 108293 ns
[2020-09-11T14:59:56.042+0000][1][safepoint    ] Safepoint "Cleanup", Time since last: 1000120058 ns, Reaching safepoint: 80152 ns, At safepoint: 7077 ns, Total: 87229 ns
[2020-09-11T14:59:57.042+0000][1][safepoint    ] Safepoint "Cleanup", Time since last: 1000133912 ns, Reaching safepoint: 174664 ns, At safepoint: 15656 ns, Total: 190320 ns
[2020-09-11T14:59:58.042+0000][1][safepoint    ] Safepoint "Cleanup", Time since last: 1000239576 ns, Reaching safepoint: 101137 ns, At safepoint: 6338 ns, Total: 107475 ns
[2020-09-11T14:59:59.043+0000][1][safepoint    ] Safepoint "Cleanup", Time since last: 1000141019 ns, Reaching safepoint: 129498 ns, At safepoint: 8078 ns, Total: 137576 ns
[2020-09-11T15:00:00.044+0000][1][safepoint    ] Safepoint "Cleanup", Time since last: 1001044266 ns, Reaching safepoint: 135988 ns, At safepoint: 16328 ns, Total: 152316 ns
[2020-09-11T15:00:01.044+0000][1][safepoint    ] Safepoint "Cleanup", Time since last: 1000209789 ns, Reaching safepoint: 95418 ns, At safepoint: 7675 ns, Total: 103093 ns
[2020-09-11T15:00:02.044+0000][1][safepoint    ] Safepoint "Cleanup", Time since last: 1000109413 ns, Reaching safepoint: 83362 ns, At safepoint: 7160 ns, Total: 90522 ns
[2020-09-11T15:00:03.045+0000][1][safepoint    ] Safepoint "Cleanup", Time since last: 1000195975 ns, Reaching safepoint: 145574 ns, At safepoint: 16946 ns, Total: 162520 ns
[2020-09-11T15:00:04.045+0000][1][safepoint    ] Safepoint "Cleanup", Time since last: 1000165227 ns, Reaching safepoint: 142133 ns, At safepoint: 15115 ns, Total: 157248 ns
[2020-09-11T15:00:05.046+0000][1][safepoint    ] Safepoint "Cleanup", Time since last: 1000868653 ns, Reaching safepoint: 142808 ns, At safepoint: 16057 ns, Total: 158865 ns
[2020-09-11T15:00:06.046+0000][1][safepoint    ] Safepoint "Cleanup", Time since last: 1000187819 ns, Reaching safepoint: 140493 ns, At safepoint: 17453 ns, Total: 157946 ns
[2020-09-11T15:00:07.047+0000][1][safepoint    ] Safepoint "Cleanup", Time since last: 1000227289 ns, Reaching safepoint: 147676 ns, At safepoint: 19892 ns, Total: 167568 ns
[2020-09-11T15:00:08.047+0000][1][safepoint    ] Safepoint "Cleanup", Time since last: 1000202928 ns, Reaching safepoint: 74209 ns, At safepoint: 6909 ns, Total: 81118 ns
[2020-09-11T15:00:09.047+0000][1][safepoint    ] Safepoint "Cleanup", Time since last: 1000157787 ns, Reaching safepoint: 132119 ns, At safepoint: 6904 ns, Total: 139023 ns
[2020-09-11T15:00:10.048+0000][1][safepoint    ] Safepoint "Cleanup", Time since last: 1000792627 ns, Reaching safepoint: 102699 ns, At safepoint: 7592 ns, Total: 110291 ns
[2020-09-11T15:00:11.048+0000][1][safepoint    ] Safepoint "Cleanup", Time since last: 1000157864 ns, Reaching safepoint: 117773 ns, At safepoint: 8515 ns, Total: 126288 ns
[2020-09-11T15:00:12.049+0000][1][safepoint    ] Safepoint "Cleanup", Time since last: 1000179823 ns, Reaching safepoint: 144021 ns, At safepoint: 18459 ns, Total: 162480 ns
[2020-09-11T15:00:13.049+0000][1][safepoint    ] Safepoint "Cleanup", Time since last: 1000232039 ns, Reaching safepoint: 105733 ns, At safepoint: 7369 ns, Total: 113102 ns
[2020-09-11T15:00:14.049+0000][1][safepoint    ] Safepoint "Cleanup", Time since last: 1000143661 ns, Reaching safepoint: 152671 ns, At safepoint: 17276 ns, Total: 169947 ns
[2020-09-11T15:00:15.051+0000][1][safepoint    ] Safepoint "Cleanup", Time since last: 1001058449 ns, Reaching safepoint: 142420 ns, At safepoint: 17784 ns, Total: 160204 ns
[2020-09-11T15:00:16.051+0000][1][safepoint    ] Safepoint "Cleanup", Time since last: 1000214015 ns, Reaching safepoint: 144642 ns, At safepoint: 18011 ns, Total: 162653 ns
[2020-09-11T15:00:17.052+0000][1][safepoint    ] Safepoint "Cleanup", Time since last: 1000214364 ns, Reaching safepoint: 193434 ns, At safepoint: 16745 ns, Total: 210179 ns
[2020-09-11T15:00:18.052+0000][1][safepoint    ] Safepoint "Cleanup", Time since last: 1000185508 ns, Reaching safepoint: 163973 ns, At safepoint: 17196 ns, Total: 181169 ns
[2020-09-11T15:00:18.119+0000][1][gc,start     ] GC(78) Pause Young (Allocation Failure)
[2020-09-11T15:00:18.119+0000][1][gc,task      ] GC(78) Using 1 workers of 1 for evacuation
[2020-09-11T15:00:18.138+0000][1][gc,age       ] GC(78) Desired survivor size 4358144 bytes, new threshold 6 (max threshold 6)
[2020-09-11T15:00:18.138+0000][1][gc,age       ] GC(78) Age table with threshold 6 (max threshold 6)
[2020-09-11T15:00:18.138+0000][1][gc,age       ] GC(78) - age   1:      40792 bytes,      40792 total
[2020-09-11T15:00:18.138+0000][1][gc,age       ] GC(78) - age   2:     136064 bytes,     176856 total
[2020-09-11T15:00:18.139+0000][1][gc,age       ] GC(78) - age   3:     938200 bytes,    1115056 total
[2020-09-11T15:00:18.139+0000][1][gc,heap      ] GC(78) ParNew: 70753K->2109K(76672K)
[2020-09-11T15:00:18.139+0000][1][gc,heap      ] GC(78) CMS: 104959K->104959K(2011968K)
[2020-09-11T15:00:18.139+0000][1][gc,metaspace ] GC(78) Metaspace: 88802K->88802K(1130496K)
[2020-09-11T15:00:18.139+0000][1][gc           ] GC(78) Pause Young (Allocation Failure) 171M->104M(2039M) 19.412ms
[2020-09-11T15:00:18.139+0000][1][gc,cpu       ] GC(78) User=0.02s Sys=0.00s Real=0.02s
[2020-09-11T15:00:18.139+0000][1][safepoint    ] Safepoint "GenCollectForAllocation", Time since last: 67026526 ns, Reaching safepoint: 247214 ns, At safepoint: 19489095 ns, Total: 19736309 ns
[2020-09-11T15:00:19.142+0000][1][safepoint    ] Safepoint "Cleanup", Time since last: 1003298196 ns, Reaching safepoint: 108057 ns, At safepoint: 21092 ns, Total: 129149 ns
[2020-09-11T15:00:20.143+0000][1][safepoint    ] Safepoint "Cleanup", Time since last: 1000580328 ns, Reaching safepoint: 194984 ns, At safepoint: 15343 ns, Total: 210327 ns
[2020-09-11T15:00:21.143+0000][1][safepoint    ] Safepoint "Cleanup", Time since last: 1000202593 ns, Reaching safepoint: 145909 ns, At safepoint: 51882 ns, Total: 197791 ns
[2020-09-11T15:00:22.144+0000][1][safepoint    ] Safepoint "Cleanup", Time since last: 1000227904 ns, Reaching safepoint: 105340 ns, At safepoint: 6484 ns, Total: 111824 ns
[2020-09-11T15:00:23.144+0000][1][safepoint    ] Safepoint "Cleanup", Time since last: 1000128204 ns, Reaching safepoint: 246366 ns, At safepoint: 7760 ns, Total: 254126 ns
[2020-09-11T15:00:24.144+0000][1][safepoint    ] Safepoint "Cleanup", Time since last: 1000240926 ns, Reaching safepoint: 141712 ns, At safepoint: 16598 ns, Total: 158310 ns
[2020-09-11T15:00:25.146+0000][1][safepoint    ] Safepoint "Cleanup", Time since last: 1001128567 ns, Reaching safepoint: 146747 ns, At safepoint: 18630 ns, Total: 165377 ns
[2020-09-11T15:00:26.146+0000][1][safepoint    ] Safepoint "Cleanup", Time since last: 1000241847 ns, Reaching safepoint: 105442 ns, At safepoint: 6633 ns, Total: 112075 ns
[2020-09-11T15:00:27.146+0000][1][safepoint    ] Safepoint "Cleanup", Time since last: 1000123610 ns, Reaching safepoint: 86827 ns, At safepoint: 8822 ns, Total: 95649 ns
[2020-09-11T15:00:28.147+0000][1][safepoint    ] Safepoint "Cleanup", Time since last: 1000216901 ns, Reaching safepoint: 107329 ns, At safepoint: 6481 ns, Total: 113810 ns
[2020-09-11T15:00:29.147+0000][1][safepoint    ] Safepoint "Cleanup", Time since last: 1000170771 ns, Reaching safepoint: 106929 ns, At safepoint: 7419 ns, Total: 114348 ns
[2020-09-11T15:00:30.148+0000][1][safepoint    ] Safepoint "Cleanup", Time since last: 1000968060 ns, Reaching safepoint: 154237 ns, At safepoint: 14734 ns, Total: 168971 ns
[2020-09-11T15:00:31.148+0000][1][safepoint    ] Safepoint "Cleanup", Time since last: 1000221048 ns, Reaching safepoint: 110903 ns, At safepoint: 7701 ns, Total: 118604 ns
[2020-09-11T15:00:32.149+0000][1][safepoint    ] Safepoint "Cleanup", Time since last: 1000148304 ns, Reaching safepoint: 117881 ns, At safepoint: 6340 ns, Total: 124221 ns
[2020-09-11T15:00:33.149+0000][1][safepoint    ] Safepoint "Cleanup", Time since last: 1000172250 ns, Reaching safepoint: 114835 ns, At safepoint: 8429 ns, Total: 123264 ns
[2020-09-11T15:00:34.149+0000][1][safepoint    ] Safepoint "Cleanup", Time since last: 1000186865 ns, Reaching safepoint: 97175 ns, At safepoint: 6549 ns, Total: 103724 ns
[2020-09-11T15:00:35.150+0000][1][safepoint    ] Safepoint "Cleanup", Time since last: 1000870166 ns, Reaching safepoint: 141077 ns, At safepoint: 17935 ns, Total: 159012 ns
[2020-09-11T15:00:36.151+0000][1][safepoint    ] Safepoint "Cleanup", Time since last: 1000220809 ns, Reaching safepoint: 102444 ns, At safepoint: 7601 ns, Total: 110045 ns
[2020-09-11T15:00:37.151+0000][1][safepoint    ] Safepoint "Cleanup", Time since last: 1000197885 ns, Reaching safepoint: 109568 ns, At safepoint: 7408 ns, Total: 116976 ns
[2020-09-11T15:00:38.151+0000][1][safepoint    ] Safepoint "Cleanup", Time since last: 1000175257 ns, Reaching safepoint: 107017 ns, At safepoint: 6553 ns, Total: 113570 ns
[2020-09-11T15:00:39.151+0000][1][safepoint    ] Safepoint "Cleanup", Time since last: 1000180692 ns, Reaching safepoint: 117863 ns, At safepoint: 7195 ns, Total: 125058 ns
[2020-09-11T15:00:40.152+0000][1][safepoint    ] Safepoint "Cleanup", Time since last: 1000833436 ns, Reaching safepoint: 97091 ns, At safepoint: 7834 ns, Total: 104925 ns
[2020-09-11T15:00:41.153+0000][1][safepoint    ] Safepoint "Cleanup", Time since last: 1000200742 ns, Reaching safepoint: 109828 ns, At safepoint: 8631 ns, Total: 118459 ns
[2020-09-11T15:00:42.153+0000][1][safepoint    ] Safepoint "Cleanup", Time since last: 1000150952 ns, Reaching safepoint: 119165 ns, At safepoint: 6947 ns, Total: 126112 ns
[2020-09-11T15:00:43.153+0000][1][safepoint    ] Safepoint "Cleanup", Time since last: 1000171730 ns, Reaching safepoint: 146709 ns, At safepoint: 8597 ns, Total: 155306 ns
[2020-09-11T15:00:44.154+0000][1][safepoint    ] Safepoint "Cleanup", Time since last: 1000187289 ns, Reaching safepoint: 142668 ns, At safepoint: 17807 ns, Total: 160475 ns
[2020-09-11T15:00:45.155+0000][1][safepoint    ] Safepoint "Cleanup", Time since last: 1001138002 ns, Reaching safepoint: 109060 ns, At safepoint: 7940 ns, Total: 117000 ns
[2020-09-11T15:00:46.155+0000][1][safepoint    ] Safepoint "Cleanup", Time since last: 1000140637 ns, Reaching safepoint: 119801 ns, At safepoint: 7203 ns, Total: 127004 ns
[2020-09-11T15:00:46.312+0000][1][safepoint    ] Safepoint "RevokeBias", Time since last: 156565269 ns, Reaching safepoint: 69469 ns, At safepoint: 22024 ns, Total: 91493 ns
[2020-09-11T15:00:47.067+0000][1][safepoint    ] Safepoint "RevokeBias", Time since last: 755077936 ns, Reaching safepoint: 138912 ns, At safepoint: 43383 ns, Total: 182295 ns
[2020-09-11T15:00:47.388+0000][1][safepoint    ] Safepoint "RevokeBias", Time since last: 320923376 ns, Reaching safepoint: 199194 ns, At safepoint: 20082 ns, Total: 219276 ns
[2020-09-11T15:00:48.389+0000][1][safepoint    ] Safepoint "Cleanup", Time since last: 1000180665 ns, Reaching safepoint: 107291 ns, At safepoint: 8700 ns, Total: 115991 ns
[2020-09-11T15:00:49.389+0000][1][safepoint    ] Safepoint "Cleanup", Time since last: 1000186162 ns, Reaching safepoint: 118657 ns, At safepoint: 8655 ns, Total: 127312 ns
[2020-09-11T15:00:50.389+0000][1][safepoint    ] Safepoint "Cleanup", Time since last: 1000157908 ns, Reaching safepoint: 151340 ns, At safepoint: 18329 ns, Total: 169669 ns
[2020-09-11T15:00:51.390+0000][1][safepoint    ] Safepoint "Cleanup", Time since last: 1000206734 ns, Reaching safepoint: 118652 ns, At safepoint: 9018 ns, Total: 127670 ns
[2020-09-11T15:00:52.390+0000][1][safepoint    ] Safepoint "Cleanup", Time since last: 1000186367 ns, Reaching safepoint: 113132 ns, At safepoint: 8508 ns, Total: 121640 ns
[2020-09-11T15:00:53.390+0000][1][safepoint    ] Safepoint "Cleanup", Time since last: 1000145933 ns, Reaching safepoint: 75921 ns, At safepoint: 6418 ns, Total: 82339 ns
[2020-09-11T15:00:54.390+0000][1][safepoint    ] Safepoint "Cleanup", Time since last: 1000171018 ns, Reaching safepoint: 149753 ns, At safepoint: 18486 ns, Total: 168239 ns
[2020-09-11T15:00:55.392+0000][1][safepoint    ] Safepoint "Cleanup", Time since last: 1001081505 ns, Reaching safepoint: 120001 ns, At safepoint: 7945 ns, Total: 127946 ns
[2020-09-11T15:00:56.394+0000][1][safepoint    ] Safepoint "Cleanup", Time since last: 1000973069 ns, Reaching safepoint: 1752233 ns, At safepoint: 12273 ns, Total: 1764506 ns
[2020-09-11T15:00:57.395+0000][1][safepoint    ] Safepoint "Cleanup", Time since last: 1000197435 ns, Reaching safepoint: 154618 ns, At safepoint: 18506 ns, Total: 173124 ns
[2020-09-11T15:00:58.395+0000][1][safepoint    ] Safepoint "Cleanup", Time since last: 1000179610 ns, Reaching safepoint: 148040 ns, At safepoint: 18302 ns, Total: 166342 ns
[2020-09-11T15:00:59.396+0000][1][safepoint    ] Safepoint "Cleanup", Time since last: 1000308227 ns, Reaching safepoint: 182168 ns, At safepoint: 18529 ns, Total: 200697 ns
[2020-09-11T15:01:00.398+0000][1][safepoint    ] Safepoint "Cleanup", Time since last: 1002158474 ns, Reaching safepoint: 144378 ns, At safepoint: 16087 ns, Total: 160465 ns
[2020-09-11T15:01:01.398+0000][1][safepoint    ] Safepoint "Cleanup", Time since last: 1000191854 ns, Reaching safepoint: 122630 ns, At safepoint: 7127 ns, Total: 129757 ns
[2020-09-11T15:01:02.398+0000][1][safepoint    ] Safepoint "Cleanup", Time since last: 1000155953 ns, Reaching safepoint: 105689 ns, At safepoint: 7384 ns, Total: 113073 ns
[2020-09-11T15:01:03.400+0000][1][safepoint    ] Safepoint "Cleanup", Time since last: 1000933216 ns, Reaching safepoint: 82926 ns, At safepoint: 7940 ns, Total: 90866 ns
[2020-09-11T15:01:04.400+0000][1][safepoint    ] Safepoint "Cleanup", Time since last: 1000145901 ns, Reaching safepoint: 128744 ns, At safepoint: 8170 ns, Total: 136914 ns
[2020-09-11T15:01:05.401+0000][1][safepoint    ] Safepoint "Cleanup", Time since last: 1000756853 ns, Reaching safepoint: 111373 ns, At safepoint: 8214 ns, Total: 119587 ns
[2020-09-11T15:01:06.401+0000][1][safepoint    ] Safepoint "Cleanup", Time since last: 1000138636 ns, Reaching safepoint: 147712 ns, At safepoint: 17490 ns, Total: 165202 ns
[2020-09-11T15:01:07.401+0000][1][safepoint    ] Safepoint "Cleanup", Time since last: 1000217638 ns, Reaching safepoint: 146586 ns, At safepoint: 18165 ns, Total: 164751 ns
[2020-09-11T15:01:08.404+0000][1][safepoint    ] Safepoint "Cleanup", Time since last: 1002286518 ns, Reaching safepoint: 143523 ns, At safepoint: 17149 ns, Total: 160672 ns
[2020-09-11T15:01:09.404+0000][1][safepoint    ] Safepoint "Cleanup", Time since last: 1000236018 ns, Reaching safepoint: 113374 ns, At safepoint: 7645 ns, Total: 121019 ns
[2020-09-11T15:01:10.405+0000][1][safepoint    ] Safepoint "Cleanup", Time since last: 1000938563 ns, Reaching safepoint: 152092 ns, At safepoint: 18857 ns, Total: 170949 ns
[2020-09-11T15:01:11.406+0000][1][safepoint    ] Safepoint "Cleanup", Time since last: 1000239933 ns, Reaching safepoint: 114042 ns, At safepoint: 8837 ns, Total: 122879 ns
[2020-09-11T15:01:12.406+0000][1][safepoint    ] Safepoint "Cleanup", Time since last: 1000199328 ns, Reaching safepoint: 101588 ns, At safepoint: 8965 ns, Total: 110553 ns
[2020-09-11T15:01:13.406+0000][1][safepoint    ] Safepoint "Cleanup", Time since last: 1000198649 ns, Reaching safepoint: 111301 ns, At safepoint: 9019 ns, Total: 120320 ns
[2020-09-11T15:01:14.407+0000][1][safepoint    ] Safepoint "Cleanup", Time since last: 1000186346 ns, Reaching safepoint: 104833 ns, At safepoint: 8537 ns, Total: 113370 ns
[2020-09-11T15:01:15.408+0000][1][safepoint    ] Safepoint "Cleanup", Time since last: 1000856168 ns, Reaching safepoint: 105439 ns, At safepoint: 8079 ns, Total: 113518 ns
[2020-09-11T15:01:16.408+0000][1][safepoint    ] Safepoint "Cleanup", Time since last: 1000198741 ns, Reaching safepoint: 105726 ns, At safepoint: 8283 ns, Total: 114009 ns
[2020-09-11T15:01:17.408+0000][1][safepoint    ] Safepoint "Cleanup", Time since last: 1000195114 ns, Reaching safepoint: 102862 ns, At safepoint: 7194 ns, Total: 110056 ns
[2020-09-11T15:01:18.408+0000][1][safepoint    ] Safepoint "Cleanup", Time since last: 1000186389 ns, Reaching safepoint: 148938 ns, At safepoint: 19081 ns, Total: 168019 ns
[2020-09-11T15:01:19.409+0000][1][safepoint    ] Safepoint "Cleanup", Time since last: 1000243743 ns, Reaching safepoint: 105782 ns, At safepoint: 8442 ns, Total: 114224 ns
[2020-09-11T15:01:20.410+0000][1][safepoint    ] Safepoint "Cleanup", Time since last: 1000810197 ns, Reaching safepoint: 117828 ns, At safepoint: 8823 ns, Total: 126651 ns
[2020-09-11T15:01:21.410+0000][1][safepoint    ] Safepoint "Cleanup", Time since last: 1000153275 ns, Reaching safepoint: 158490 ns, At safepoint: 17380 ns, Total: 175870 ns
[2020-09-11T15:01:22.410+0000][1][safepoint    ] Safepoint "Cleanup", Time since last: 1000232095 ns, Reaching safepoint: 103317 ns, At safepoint: 8312 ns, Total: 111629 ns
[2020-09-11T15:01:23.411+0000][1][safepoint    ] Safepoint "Cleanup", Time since last: 1000182067 ns, Reaching safepoint: 149737 ns, At safepoint: 18659 ns, Total: 168396 ns
[2020-09-11T15:01:24.411+0000][1][safepoint    ] Safepoint "Cleanup", Time since last: 1000276363 ns, Reaching safepoint: 82083 ns, At safepoint: 8122 ns, Total: 90205 ns
[2020-09-11T15:01:25.412+0000][1][safepoint    ] Safepoint "Cleanup", Time since last: 1000697221 ns, Reaching safepoint: 256682 ns, At safepoint: 20240 ns, Total: 276922 ns
[2020-09-11T15:01:26.413+0000][1][safepoint    ] Safepoint "Cleanup", Time since last: 1000239818 ns, Reaching safepoint: 105306 ns, At safepoint: 7461 ns, Total: 112767 ns
[2020-09-11T15:01:27.413+0000][1][safepoint    ] Safepoint "Cleanup", Time since last: 1000149562 ns, Reaching safepoint: 143974 ns, At safepoint: 17226 ns, Total: 161200 ns
[2020-09-11T15:01:28.235+0000][1][gc,start     ] GC(79) Pause Young (Allocation Failure)
[2020-09-11T15:01:28.235+0000][1][gc,task      ] GC(79) Using 1 workers of 1 for evacuation
[2020-09-11T15:01:28.252+0000][1][gc,age       ] GC(79) Desired survivor size 4358144 bytes, new threshold 6 (max threshold 6)
[2020-09-11T15:01:28.252+0000][1][gc,age       ] GC(79) Age table with threshold 6 (max threshold 6)
[2020-09-11T15:01:28.252+0000][1][gc,age       ] GC(79) - age   1:      37224 bytes,      37224 total
[2020-09-11T15:01:28.252+0000][1][gc,age       ] GC(79) - age   2:       7920 bytes,      45144 total
[2020-09-11T15:01:28.252+0000][1][gc,age       ] GC(79) - age   3:     134560 bytes,     179704 total
[2020-09-11T15:01:28.252+0000][1][gc,age       ] GC(79) - age   4:     938200 bytes,    1117904 total
[2020-09-11T15:01:28.252+0000][1][gc,heap      ] GC(79) ParNew: 70269K->1344K(76672K)
[2020-09-11T15:01:28.252+0000][1][gc,heap      ] GC(79) CMS: 104959K->104959K(2011968K)
[2020-09-11T15:01:28.252+0000][1][gc,metaspace ] GC(79) Metaspace: 88859K->88859K(1130496K)
[2020-09-11T15:01:28.252+0000][1][gc           ] GC(79) Pause Young (Allocation Failure) 171M->103M(2039M) 17.465ms
[2020-09-11T15:01:28.252+0000][1][gc,cpu       ] GC(79) User=0.02s Sys=0.00s Real=0.02s
[2020-09-11T15:01:28.253+0000][1][safepoint    ] Safepoint "GenCollectForAllocation", Time since last: 821903728 ns, Reaching safepoint: 244986 ns, At safepoint: 17543535 ns, Total: 17788521 ns
[2020-09-11T15:01:29.255+0000][1][safepoint    ] Safepoint "Cleanup", Time since last: 1002860425 ns, Reaching safepoint: 75846 ns, At safepoint: 15121 ns, Total: 90967 ns
[2020-09-11T15:01:30.256+0000][1][safepoint    ] Safepoint "Cleanup", Time since last: 1000410464 ns, Reaching safepoint: 258884 ns, At safepoint: 44358 ns, Total: 303242 ns
[2020-09-11T15:01:31.257+0000][1][safepoint    ] Safepoint "Cleanup", Time since last: 1000175124 ns, Reaching safepoint: 334651 ns, At safepoint: 46644 ns, Total: 381295 ns
[2020-09-11T15:01:32.257+0000][1][safepoint    ] Safepoint "Cleanup", Time since last: 1000182634 ns, Reaching safepoint: 118885 ns, At safepoint: 16050 ns, Total: 134935 ns
[2020-09-11T15:01:33.257+0000][1][safepoint    ] Safepoint "Cleanup", Time since last: 1000134828 ns, Reaching safepoint: 241341 ns, At safepoint: 20363 ns, Total: 261704 ns
[2020-09-11T15:01:34.258+0000][1][safepoint    ] Safepoint "Cleanup", Time since last: 1000186894 ns, Reaching safepoint: 144832 ns, At safepoint: 17072 ns, Total: 161904 ns
[2020-09-11T15:01:35.258+0000][1][safepoint    ] Safepoint "Cleanup", Time since last: 1000189755 ns, Reaching safepoint: 141912 ns, At safepoint: 15856 ns, Total: 157768 ns
[2020-09-11T15:01:35.672+0000][1][safepoint    ] Safepoint "ICBufferFull", Time since last: 413138970 ns, Reaching safepoint: 376301 ns, At safepoint: 9100 ns, Total: 385401 ns
[2020-09-11T15:01:37.458+0000][1][safepoint    ] Safepoint "Cleanup", Time since last: 1786301938 ns, Reaching safepoint: 147062 ns, At safepoint: 7822 ns, Total: 154884 ns
[2020-09-11T15:01:38.458+0000][1][safepoint    ] Safepoint "Cleanup", Time since last: 1000096777 ns, Reaching safepoint: 79532 ns, At safepoint: 7905 ns, Total: 87437 ns
[2020-09-11T15:01:39.459+0000][1][safepoint    ] Safepoint "Cleanup", Time since last: 1000252433 ns, Reaching safepoint: 141813 ns, At safepoint: 17800 ns, Total: 159613 ns
[2020-09-11T15:01:40.459+0000][1][safepoint    ] Safepoint "Cleanup", Time since last: 1000200860 ns, Reaching safepoint: 140853 ns, At safepoint: 18102 ns, Total: 158955 ns
[2020-09-11T15:01:41.459+0000][1][safepoint    ] Safepoint "Cleanup", Time since last: 1000215519 ns, Reaching safepoint: 104234 ns, At safepoint: 7613 ns, Total: 111847 ns
[2020-09-11T15:01:42.460+0000][1][safepoint    ] Safepoint "Cleanup", Time since last: 1000179101 ns, Reaching safepoint: 108584 ns, At safepoint: 7312 ns, Total: 115896 ns
[2020-09-11T15:01:43.464+0000][1][safepoint    ] Safepoint "Cleanup", Time since last: 1003740267 ns, Reaching safepoint: 75894 ns, At safepoint: 7644 ns, Total: 83538 ns
[2020-09-11T15:01:44.464+0000][1][safepoint    ] Safepoint "Cleanup", Time since last: 1000186292 ns, Reaching safepoint: 101233 ns, At safepoint: 8362 ns, Total: 109595 ns
[2020-09-11T15:01:45.464+0000][1][safepoint    ] Safepoint "Cleanup", Time since last: 1000157225 ns, Reaching safepoint: 126446 ns, At safepoint: 8518 ns, Total: 134964 ns
[2020-09-11T15:01:46.464+0000][1][safepoint    ] Safepoint "Cleanup", Time since last: 1000210598 ns, Reaching safepoint: 96412 ns, At safepoint: 7885 ns, Total: 104297 ns
[2020-09-11T15:01:47.465+0000][1][safepoint    ] Safepoint "Cleanup", Time since last: 1000201242 ns, Reaching safepoint: 141518 ns, At safepoint: 18579 ns, Total: 160097 ns
[2020-09-11T15:01:48.468+0000][1][safepoint    ] Safepoint "Cleanup", Time since last: 1002659348 ns, Reaching safepoint: 145581 ns, At safepoint: 18486 ns, Total: 164067 ns
[2020-09-11T15:01:49.468+0000][1][safepoint    ] Safepoint "Cleanup", Time since last: 1000220162 ns, Reaching safepoint: 148638 ns, At safepoint: 18723 ns, Total: 167361 ns
[2020-09-11T15:01:50.468+0000][1][safepoint    ] Safepoint "Cleanup", Time since last: 1000287062 ns, Reaching safepoint: 107601 ns, At safepoint: 8065 ns, Total: 115666 ns
[2020-09-11T15:01:51.469+0000][1][safepoint    ] Safepoint "Cleanup", Time since last: 1000187645 ns, Reaching safepoint: 111842 ns, At safepoint: 8421 ns, Total: 120263 ns
[2020-09-11T15:01:52.469+0000][1][safepoint    ] Safepoint "Cleanup", Time since last: 1000151278 ns, Reaching safepoint: 150957 ns, At safepoint: 19718 ns, Total: 170675 ns
[2020-09-11T15:01:53.469+0000][1][safepoint    ] Safepoint "Cleanup", Time since last: 1000190076 ns, Reaching safepoint: 156626 ns, At safepoint: 18586 ns, Total: 175212 ns
[2020-09-11T15:01:54.470+0000][1][safepoint    ] Safepoint "Cleanup", Time since last: 1000183054 ns, Reaching safepoint: 155600 ns, At safepoint: 18252 ns, Total: 173852 ns
[2020-09-11T15:01:55.470+0000][1][safepoint    ] Safepoint "Cleanup", Time since last: 1000186086 ns, Reaching safepoint: 145547 ns, At safepoint: 18169 ns, Total: 163716 ns
[2020-09-11T15:01:56.471+0000][1][safepoint    ] Safepoint "Cleanup", Time since last: 1000875129 ns, Reaching safepoint: 119257 ns, At safepoint: 7897 ns, Total: 127154 ns
[2020-09-11T15:01:57.472+0000][1][safepoint    ] Safepoint "Cleanup", Time since last: 1000202440 ns, Reaching safepoint: 184416 ns, At safepoint: 19047 ns, Total: 203463 ns
[2020-09-11T15:01:58.472+0000][1][safepoint    ] Safepoint "Cleanup", Time since last: 1000183719 ns, Reaching safepoint: 160158 ns, At safepoint: 19641 ns, Total: 179799 ns
[2020-09-11T15:01:59.472+0000][1][safepoint    ] Safepoint "Cleanup", Time since last: 1000256124 ns, Reaching safepoint: 90071 ns, At safepoint: 8926 ns, Total: 98997 ns
[2020-09-11T15:02:00.473+0000][1][safepoint    ] Safepoint "Cleanup", Time since last: 1000182236 ns, Reaching safepoint: 112503 ns, At safepoint: 8701 ns, Total: 121204 ns
[2020-09-11T15:02:01.485+0000][1][safepoint    ] Safepoint "Cleanup", Time since last: 1011993504 ns, Reaching safepoint: 101529 ns, At safepoint: 8214 ns, Total: 109743 ns
[2020-09-11T15:02:02.485+0000][1][safepoint    ] Safepoint "Cleanup", Time since last: 1000149267 ns, Reaching safepoint: 153855 ns, At safepoint: 8480 ns, Total: 162335 ns
[2020-09-11T15:02:03.485+0000][1][safepoint    ] Safepoint "Cleanup", Time since last: 1000179116 ns, Reaching safepoint: 111283 ns, At safepoint: 7740 ns, Total: 119023 ns
[2020-09-11T15:02:04.486+0000][1][safepoint    ] Safepoint "Cleanup", Time since last: 1000190591 ns, Reaching safepoint: 103942 ns, At safepoint: 7806 ns, Total: 111748 ns
[2020-09-11T15:02:05.486+0000][1][safepoint    ] Safepoint "Cleanup", Time since last: 1000213569 ns, Reaching safepoint: 107574 ns, At safepoint: 7840 ns, Total: 115414 ns
[2020-09-11T15:02:06.487+0000][1][safepoint    ] Safepoint "Cleanup", Time since last: 1001022849 ns, Reaching safepoint: 146887 ns, At safepoint: 19023 ns, Total: 165910 ns
[2020-09-11T15:02:07.488+0000][1][safepoint    ] Safepoint "Cleanup", Time since last: 1000256146 ns, Reaching safepoint: 179555 ns, At safepoint: 18205 ns, Total: 197760 ns
[2020-09-11T15:02:08.488+0000][1][safepoint    ] Safepoint "Cleanup", Time since last: 1000224617 ns, Reaching safepoint: 144255 ns, At safepoint: 18455 ns, Total: 162710 ns
[2020-09-11T15:02:09.488+0000][1][safepoint    ] Safepoint "Cleanup", Time since last: 1000234366 ns, Reaching safepoint: 147037 ns, At safepoint: 18813 ns, Total: 165850 ns
[2020-09-11T15:02:10.489+0000][1][safepoint    ] Safepoint "Cleanup", Time since last: 1000234216 ns, Reaching safepoint: 147248 ns, At safepoint: 18499 ns, Total: 165747 ns
[2020-09-11T15:02:11.490+0000][1][safepoint    ] Safepoint "Cleanup", Time since last: 1000948789 ns, Reaching safepoint: 107107 ns, At safepoint: 8116 ns, Total: 115223 ns
[2020-09-11T15:02:12.490+0000][1][safepoint    ] Safepoint "Cleanup", Time since last: 1000194093 ns, Reaching safepoint: 99478 ns, At safepoint: 8339 ns, Total: 107817 ns
[2020-09-11T15:02:13.490+0000][1][safepoint    ] Safepoint "Cleanup", Time since last: 1000192003 ns, Reaching safepoint: 109463 ns, At safepoint: 8250 ns, Total: 117713 ns
[2020-09-11T15:02:14.491+0000][1][safepoint    ] Safepoint "Cleanup", Time since last: 1000188413 ns, Reaching safepoint: 108976 ns, At safepoint: 7949 ns, Total: 116925 ns
[2020-09-11T15:02:15.491+0000][1][safepoint    ] Safepoint "Cleanup", Time since last: 1000204630 ns, Reaching safepoint: 147799 ns, At safepoint: 18105 ns, Total: 165904 ns
[2020-09-11T15:02:16.492+0000][1][safepoint    ] Safepoint "Cleanup", Time since last: 1000928879 ns, Reaching safepoint: 148691 ns, At safepoint: 18833 ns, Total: 167524 ns
[2020-09-11T15:02:17.493+0000][1][safepoint    ] Safepoint "Cleanup", Time since last: 1000224121 ns, Reaching safepoint: 141094 ns, At safepoint: 19000 ns, Total: 160094 ns
[2020-09-11T15:02:18.493+0000][1][safepoint    ] Safepoint "Cleanup", Time since last: 1000200052 ns, Reaching safepoint: 109977 ns, At safepoint: 7138 ns, Total: 117115 ns
[2020-09-11T15:02:19.493+0000][1][safepoint    ] Safepoint "Cleanup", Time since last: 1000198611 ns, Reaching safepoint: 105209 ns, At safepoint: 8104 ns, Total: 113313 ns
[2020-09-11T15:02:20.493+0000][1][safepoint    ] Safepoint "Cleanup", Time since last: 1000153856 ns, Reaching safepoint: 118882 ns, At safepoint: 8042 ns, Total: 126924 ns
[2020-09-11T15:02:21.494+0000][1][safepoint    ] Safepoint "Cleanup", Time since last: 1000740405 ns, Reaching safepoint: 102156 ns, At safepoint: 8140 ns, Total: 110296 ns
[2020-09-11T15:02:22.495+0000][1][safepoint    ] Safepoint "Cleanup", Time since last: 1000189926 ns, Reaching safepoint: 126449 ns, At safepoint: 8242 ns, Total: 134691 ns
[2020-09-11T15:02:23.495+0000][1][safepoint    ] Safepoint "Cleanup", Time since last: 1000176152 ns, Reaching safepoint: 113590 ns, At safepoint: 8153 ns, Total: 121743 ns
[2020-09-11T15:02:24.495+0000][1][safepoint    ] Safepoint "Cleanup", Time since last: 1000187324 ns, Reaching safepoint: 160746 ns, At safepoint: 19885 ns, Total: 180631 ns
[2020-09-11T15:02:25.496+0000][1][safepoint    ] Safepoint "Cleanup", Time since last: 1000257901 ns, Reaching safepoint: 112241 ns, At safepoint: 7826 ns, Total: 120067 ns
[2020-09-11T15:02:26.497+0000][1][safepoint    ] Safepoint "Cleanup", Time since last: 1000901783 ns, Reaching safepoint: 104483 ns, At safepoint: 8452 ns, Total: 112935 ns
[2020-09-11T15:02:27.497+0000][1][safepoint    ] Safepoint "Cleanup", Time since last: 1000149106 ns, Reaching safepoint: 120348 ns, At safepoint: 7630 ns, Total: 127978 ns
[2020-09-11T15:02:28.497+0000][1][safepoint    ] Safepoint "Cleanup", Time since last: 1000186935 ns, Reaching safepoint: 104020 ns, At safepoint: 8697 ns, Total: 112717 ns
[2020-09-11T15:02:29.498+0000][1][safepoint    ] Safepoint "Cleanup", Time since last: 1000187830 ns, Reaching safepoint: 110491 ns, At safepoint: 8767 ns, Total: 119258 ns
[2020-09-11T15:02:30.498+0000][1][safepoint    ] Safepoint "Cleanup", Time since last: 1000194752 ns, Reaching safepoint: 132274 ns, At safepoint: 8779 ns, Total: 141053 ns
[2020-09-11T15:02:31.499+0000][1][safepoint    ] Safepoint "Cleanup", Time since last: 1000952860 ns, Reaching safepoint: 102657 ns, At safepoint: 7246 ns, Total: 109903 ns
[2020-09-11T15:02:32.499+0000][1][safepoint    ] Safepoint "Cleanup", Time since last: 1000178050 ns, Reaching safepoint: 147124 ns, At safepoint: 146787 ns, Total: 293911 ns
[2020-09-11T15:02:33.500+0000][1][safepoint    ] Safepoint "Cleanup", Time since last: 1000190064 ns, Reaching safepoint: 105733 ns, At safepoint: 7502 ns, Total: 113235 ns
[2020-09-11T15:02:34.500+0000][1][safepoint    ] Safepoint "Cleanup", Time since last: 1000224514 ns, Reaching safepoint: 104927 ns, At safepoint: 7748 ns, Total: 112675 ns
[2020-09-11T15:02:35.500+0000][1][safepoint    ] Safepoint "Cleanup", Time since last: 1000205236 ns, Reaching safepoint: 146974 ns, At safepoint: 19237 ns, Total: 166211 ns
[2020-09-11T15:02:36.502+0000][1][safepoint    ] Safepoint "Cleanup", Time since last: 1001135924 ns, Reaching safepoint: 78038 ns, At safepoint: 8011 ns, Total: 86049 ns
[2020-09-11T15:02:37.502+0000][1][safepoint    ] Safepoint "Cleanup", Time since last: 1000195848 ns, Reaching safepoint: 105070 ns, At safepoint: 7745 ns, Total: 112815 ns
[2020-09-11T15:02:38.360+0000][1][gc,start     ] GC(80) Pause Young (Allocation Failure)
[2020-09-11T15:02:38.360+0000][1][gc,task      ] GC(80) Using 1 workers of 1 for evacuation
[2020-09-11T15:02:38.377+0000][1][gc,age       ] GC(80) Desired survivor size 4358144 bytes, new threshold 6 (max threshold 6)
[2020-09-11T15:02:38.377+0000][1][gc,age       ] GC(80) Age table with threshold 6 (max threshold 6)
[2020-09-11T15:02:38.377+0000][1][gc,age       ] GC(80) - age   1:      37224 bytes,      37224 total
[2020-09-11T15:02:38.377+0000][1][gc,age       ] GC(80) - age   2:       6576 bytes,      43800 total
[2020-09-11T15:02:38.377+0000][1][gc,age       ] GC(80) - age   3:       6680 bytes,      50480 total
[2020-09-11T15:02:38.377+0000][1][gc,age       ] GC(80) - age   4:     134560 bytes,     185040 total
[2020-09-11T15:02:38.377+0000][1][gc,age       ] GC(80) - age   5:     938200 bytes,    1123240 total
[2020-09-11T15:02:38.377+0000][1][gc,heap      ] GC(80) ParNew: 69504K->1973K(76672K)
[2020-09-11T15:02:38.377+0000][1][gc,heap      ] GC(80) CMS: 104959K->104959K(2011968K)
[2020-09-11T15:02:38.377+0000][1][gc,metaspace ] GC(80) Metaspace: 88944K->88944K(1130496K)
[2020-09-11T15:02:38.377+0000][1][gc           ] GC(80) Pause Young (Allocation Failure) 170M->104M(2039M) 17.146ms
[2020-09-11T15:02:38.377+0000][1][gc,cpu       ] GC(80) User=0.02s Sys=0.00s Real=0.02s
[2020-09-11T15:02:38.377+0000][1][safepoint    ] Safepoint "GenCollectForAllocation", Time since last: 857568467 ns, Reaching safepoint: 194148 ns, At safepoint: 17214424 ns, Total: 17408572 ns
[2020-09-11T15:02:39.381+0000][1][safepoint    ] Safepoint "Cleanup", Time since last: 1003929635 ns, Reaching safepoint: 83710 ns, At safepoint: 9028 ns, Total: 92738 ns
[2020-09-11T15:02:40.381+0000][1][safepoint    ] Safepoint "Cleanup", Time since last: 1000197232 ns, Reaching safepoint: 91101 ns, At safepoint: 9672 ns, Total: 100773 ns
[2020-09-11T15:02:41.383+0000][1][safepoint    ] Safepoint "Cleanup", Time since last: 1001210386 ns, Reaching safepoint: 85106 ns, At safepoint: 9461 ns, Total: 94567 ns
[2020-09-11T15:02:42.383+0000][1][safepoint    ] Safepoint "Cleanup", Time since last: 1000240770 ns, Reaching safepoint: 116797 ns, At safepoint: 8404 ns, Total: 125201 ns
[2020-09-11T15:02:43.383+0000][1][safepoint    ] Safepoint "Cleanup", Time since last: 1000120074 ns, Reaching safepoint: 155174 ns, At safepoint: 8315 ns, Total: 163489 ns
[2020-09-11T15:02:44.383+0000][1][safepoint    ] Safepoint "Cleanup", Time since last: 1000121791 ns, Reaching safepoint: 99233 ns, At safepoint: 6753 ns, Total: 105986 ns
[2020-09-11T15:02:45.384+0000][1][safepoint    ] Safepoint "Cleanup", Time since last: 1000180243 ns, Reaching safepoint: 107175 ns, At safepoint: 9021 ns, Total: 116196 ns
[2020-09-11T15:02:46.373+0000][1][safepoint    ] Safepoint "RevokeBias", Time since last: 984608636 ns, Reaching safepoint: 4508308 ns, At safepoint: 38822 ns, Total: 4547130 ns
[2020-09-11T15:02:46.393+0000][1][safepoint    ] Safepoint "RevokeBias", Time since last: 20334717 ns, Reaching safepoint: 156192 ns, At safepoint: 20462 ns, Total: 176654 ns
[2020-09-11T15:02:46.395+0000][1][safepoint    ] Safepoint "RevokeBias", Time since last: 1043764 ns, Reaching safepoint: 1000064 ns, At safepoint: 17254 ns, Total: 1017318 ns
[2020-09-11T15:02:47.396+0000][1][safepoint    ] Safepoint "Cleanup", Time since last: 1000164568 ns, Reaching safepoint: 132124 ns, At safepoint: 16284 ns, Total: 148408 ns
[2020-09-11T15:02:48.396+0000][1][safepoint    ] Safepoint "Cleanup", Time since last: 1000315643 ns, Reaching safepoint: 79324 ns, At safepoint: 7338 ns, Total: 86662 ns
[2020-09-11T15:02:49.396+0000][1][safepoint    ] Safepoint "Cleanup", Time since last: 1000139346 ns, Reaching safepoint: 138097 ns, At safepoint: 16915 ns, Total: 155012 ns
[2020-09-11T15:02:50.397+0000][1][safepoint    ] Safepoint "Cleanup", Time since last: 1000225356 ns, Reaching safepoint: 99091 ns, At safepoint: 7184 ns, Total: 106275 ns
[2020-09-11T15:02:50.893+0000][1][safepoint    ] Safepoint "RevokeBias", Time since last: 495591433 ns, Reaching safepoint: 266321 ns, At safepoint: 45207 ns, Total: 311528 ns
[2020-09-11T15:02:50.893+0000][1][safepoint    ] Safepoint "RevokeBias", Time since last: 389193 ns, Reaching safepoint: 222020 ns, At safepoint: 33279 ns, Total: 255299 ns
[2020-09-11T15:02:50.897+0000][1][safepoint    ] Safepoint "RevokeBias", Time since last: 3328616 ns, Reaching safepoint: 260110 ns, At safepoint: 41024 ns, Total: 301134 ns
[2020-09-11T15:02:50.897+0000][1][safepoint    ] Safepoint "RevokeBias", Time since last: 183000 ns, Reaching safepoint: 222905 ns, At safepoint: 34560 ns, Total: 257465 ns
[2020-09-11T15:02:50.898+0000][1][safepoint    ] Safepoint "RevokeBias", Time since last: 124736 ns, Reaching safepoint: 202070 ns, At safepoint: 30995 ns, Total: 233065 ns
[2020-09-11T15:02:50.898+0000][1][safepoint    ] Safepoint "RevokeBias", Time since last: 100193 ns, Reaching safepoint: 214305 ns, At safepoint: 55942 ns, Total: 270247 ns
[2020-09-11T15:02:50.899+0000][1][safepoint    ] Safepoint "RevokeBias", Time since last: 356262 ns, Reaching safepoint: 156749 ns, At safepoint: 18820 ns, Total: 175569 ns
[2020-09-11T15:02:51.395+0000][1][safepoint    ] Safepoint "RevokeBias", Time since last: 496661697 ns, Reaching safepoint: 80780 ns, At safepoint: 18868 ns, Total: 99648 ns
[2020-09-11T15:02:51.396+0000][1][safepoint    ] Safepoint "RevokeBias", Time since last: 781719 ns, Reaching safepoint: 34666 ns, At safepoint: 12601 ns, Total: 47267 ns
[2020-09-11T15:02:52.397+0000][1][safepoint    ] Safepoint "Cleanup", Time since last: 1000119360 ns, Reaching safepoint: 129501 ns, At safepoint: 14470 ns, Total: 143971 ns
[2020-09-11T15:02:53.397+0000][1][safepoint    ] Safepoint "Cleanup", Time since last: 1000170764 ns, Reaching safepoint: 287840 ns, At safepoint: 18637 ns, Total: 306477 ns
[2020-09-11T15:02:54.397+0000][1][safepoint    ] Safepoint "Cleanup", Time since last: 1000210956 ns, Reaching safepoint: 147843 ns, At safepoint: 19187 ns, Total: 167030 ns
[2020-09-11T15:02:55.398+0000][1][safepoint    ] Safepoint "Cleanup", Time since last: 1000240226 ns, Reaching safepoint: 103629 ns, At safepoint: 8998 ns, Total: 112627 ns
[2020-09-11T15:02:56.398+0000][1][safepoint    ] Safepoint "Cleanup", Time since last: 1000184648 ns, Reaching safepoint: 105079 ns, At safepoint: 7593 ns, Total: 112672 ns
[2020-09-11T15:02:57.398+0000][1][safepoint    ] Safepoint "Cleanup", Time since last: 1000184073 ns, Reaching safepoint: 106326 ns, At safepoint: 7016 ns, Total: 113342 ns
[2020-09-11T15:02:58.399+0000][1][safepoint    ] Safepoint "Cleanup", Time since last: 1000176601 ns, Reaching safepoint: 120156 ns, At safepoint: 9524 ns, Total: 129680 ns
[2020-09-11T15:02:59.399+0000][1][safepoint    ] Safepoint "Cleanup", Time since last: 1000162343 ns, Reaching safepoint: 146202 ns, At safepoint: 18780 ns, Total: 164982 ns
[2020-09-11T15:03:00.399+0000][1][safepoint    ] Safepoint "Cleanup", Time since last: 1000193250 ns, Reaching safepoint: 145334 ns, At safepoint: 17964 ns, Total: 163298 ns
[2020-09-11T15:03:01.400+0000][1][safepoint    ] Safepoint "Cleanup", Time since last: 1000314144 ns, Reaching safepoint: 103893 ns, At safepoint: 8423 ns, Total: 112316 ns
[2020-09-11T15:03:02.400+0000][1][safepoint    ] Safepoint "Cleanup", Time since last: 1000191155 ns, Reaching safepoint: 144081 ns, At safepoint: 18913 ns, Total: 162994 ns
[2020-09-11T15:03:03.400+0000][1][safepoint    ] Safepoint "Cleanup", Time since last: 1000237642 ns, Reaching safepoint: 105873 ns, At safepoint: 9058 ns, Total: 114931 ns
[2020-09-11T15:03:04.401+0000][1][safepoint    ] Safepoint "Cleanup", Time since last: 1000188238 ns, Reaching safepoint: 152263 ns, At safepoint: 19945 ns, Total: 172208 ns
[2020-09-11T15:03:05.401+0000][1][safepoint    ] Safepoint "Cleanup", Time since last: 1000241372 ns, Reaching safepoint: 159783 ns, At safepoint: 19923 ns, Total: 179706 ns
[2020-09-11T15:03:06.402+0000][1][safepoint    ] Safepoint "Cleanup", Time since last: 1000270641 ns, Reaching safepoint: 105486 ns, At safepoint: 7887 ns, Total: 113373 ns
[2020-09-11T15:03:07.402+0000][1][safepoint    ] Safepoint "Cleanup", Time since last: 1000191984 ns, Reaching safepoint: 142691 ns, At safepoint: 19331 ns, Total: 162022 ns
[2020-09-11T15:03:08.402+0000][1][safepoint    ] Safepoint "Cleanup", Time since last: 1000261032 ns, Reaching safepoint: 142815 ns, At safepoint: 18582 ns, Total: 161397 ns
[2020-09-11T15:03:09.403+0000][1][safepoint    ] Safepoint "Cleanup", Time since last: 1000222932 ns, Reaching safepoint: 95455 ns, At safepoint: 8847 ns, Total: 104302 ns
[2020-09-11T15:03:10.403+0000][1][safepoint    ] Safepoint "Cleanup", Time since last: 1000206158 ns, Reaching safepoint: 113516 ns, At safepoint: 6160 ns, Total: 119676 ns
[2020-09-11T15:03:10.903+0000][1][safepoint    ] Safepoint "RevokeBias", Time since last: 499472923 ns, Reaching safepoint: 250599 ns, At safepoint: 18743 ns, Total: 269342 ns
[2020-09-11T15:03:10.904+0000][1][safepoint    ] Safepoint "RevokeBias", Time since last: 62041 ns, Reaching safepoint: 662954 ns, At safepoint: 16385 ns, Total: 679339 ns
[2020-09-11T15:03:10.932+0000][1][safepoint    ] Safepoint "RevokeBias", Time since last: 23398273 ns, Reaching safepoint: 4534048 ns, At safepoint: 27958 ns, Total: 4562006 ns
[2020-09-11T15:03:10.932+0000][1][safepoint    ] Safepoint "RevokeBias", Time since last: 163312 ns, Reaching safepoint: 103713 ns, At safepoint: 14003 ns, Total: 117716 ns
[2020-09-11T15:03:10.932+0000][1][safepoint    ] Safepoint "RevokeBias", Time since last: 59734 ns, Reaching safepoint: 100177 ns, At safepoint: 11680 ns, Total: 111857 ns
[2020-09-11T15:03:10.933+0000][1][safepoint    ] Safepoint "RevokeBias", Time since last: 756688 ns, Reaching safepoint: 102088 ns, At safepoint: 13570 ns, Total: 115658 ns
[2020-09-11T15:03:10.933+0000][1][safepoint    ] Safepoint "RevokeBias", Time since last: 97834 ns, Reaching safepoint: 101502 ns, At safepoint: 11967 ns, Total: 113469 ns
[2020-09-11T15:03:10.933+0000][1][safepoint    ] Safepoint "RevokeBias", Time since last: 100193 ns, Reaching safepoint: 99998 ns, At safepoint: 10777 ns, Total: 110775 ns
[2020-09-11T15:03:10.934+0000][1][safepoint    ] Safepoint "RevokeBias", Time since last: 121521 ns, Reaching safepoint: 103073 ns, At safepoint: 10678 ns, Total: 113751 ns
[2020-09-11T15:03:10.934+0000][1][safepoint    ] Safepoint "RevokeBias", Time since last: 31650 ns, Reaching safepoint: 99803 ns, At safepoint: 10155 ns, Total: 109958 ns
[2020-09-11T15:03:10.935+0000][1][safepoint    ] Safepoint "BulkRevokeBias", Time since last: 790585 ns, Reaching safepoint: 106074 ns, At safepoint: 181409 ns, Total: 287483 ns
[2020-09-11T15:03:10.949+0000][1][safepoint    ] Safepoint "RevokeBias", Time since last: 14039868 ns, Reaching safepoint: 151055 ns, At safepoint: 47979 ns, Total: 199034 ns
[2020-09-11T15:03:10.950+0000][1][safepoint    ] Safepoint "RevokeBias", Time since last: 304706 ns, Reaching safepoint: 246724 ns, At safepoint: 14043 ns, Total: 260767 ns
[2020-09-11T15:03:11.950+0000][1][safepoint    ] Safepoint "Cleanup", Time since last: 1000178110 ns, Reaching safepoint: 89113 ns, At safepoint: 7114 ns, Total: 96227 ns
[2020-09-11T15:03:12.579+0000][1][safepoint    ] Safepoint "RevokeBias", Time since last: 629405754 ns, Reaching safepoint: 205402 ns, At safepoint: 20992 ns, Total: 226394 ns
[2020-09-11T15:03:12.580+0000][1][safepoint    ] Safepoint "RevokeBias", Time since last: 63236 ns, Reaching safepoint: 124403 ns, At safepoint: 13788 ns, Total: 138191 ns
[2020-09-11T15:03:13.580+0000][1][safepoint    ] Safepoint "Cleanup", Time since last: 1000155794 ns, Reaching safepoint: 145881 ns, At safepoint: 17871 ns, Total: 163752 ns
[2020-09-11T15:03:14.580+0000][1][safepoint    ] Safepoint "Cleanup", Time since last: 1000208582 ns, Reaching safepoint: 95785 ns, At safepoint: 11140 ns, Total: 106925 ns
[2020-09-11T15:03:15.581+0000][1][safepoint    ] Safepoint "Cleanup", Time since last: 1000186591 ns, Reaching safepoint: 105461 ns, At safepoint: 7742 ns, Total: 113203 ns
[2020-09-11T15:03:16.581+0000][1][safepoint    ] Safepoint "Cleanup", Time since last: 1000196618 ns, Reaching safepoint: 98431 ns, At safepoint: 7952 ns, Total: 106383 ns
[2020-09-11T15:03:17.581+0000][1][safepoint    ] Safepoint "Cleanup", Time since last: 1000193541 ns, Reaching safepoint: 106668 ns, At safepoint: 9007 ns, Total: 115675 ns
[2020-09-11T15:03:18.581+0000][1][safepoint    ] Safepoint "Cleanup", Time since last: 1000150465 ns, Reaching safepoint: 106717 ns, At safepoint: 7422 ns, Total: 114139 ns
[2020-09-11T15:03:19.582+0000][1][safepoint    ] Safepoint "Cleanup", Time since last: 1000175856 ns, Reaching safepoint: 126443 ns, At safepoint: 17560 ns, Total: 144003 ns
[2020-09-11T15:03:20.582+0000][1][safepoint    ] Safepoint "Cleanup", Time since last: 1000210606 ns, Reaching safepoint: 99941 ns, At safepoint: 7535 ns, Total: 107476 ns
[2020-09-11T15:03:21.582+0000][1][safepoint    ] Safepoint "Cleanup", Time since last: 1000174019 ns, Reaching safepoint: 143870 ns, At safepoint: 18717 ns, Total: 162587 ns
[2020-09-11T15:03:22.583+0000][1][safepoint    ] Safepoint "Cleanup", Time since last: 1000834209 ns, Reaching safepoint: 87550 ns, At safepoint: 7173 ns, Total: 94723 ns
[2020-09-11T15:03:23.584+0000][1][safepoint    ] Safepoint "Cleanup", Time since last: 1000174447 ns, Reaching safepoint: 120272 ns, At safepoint: 16481 ns, Total: 136753 ns
[2020-09-11T15:03:24.584+0000][1][safepoint    ] Safepoint "Cleanup", Time since last: 1000190475 ns, Reaching safepoint: 135258 ns, At safepoint: 17991 ns, Total: 153249 ns
[2020-09-11T15:03:25.584+0000][1][safepoint    ] Safepoint "Cleanup", Time since last: 1000257614 ns, Reaching safepoint: 98504 ns, At safepoint: 7319 ns, Total: 105823 ns
[2020-09-11T15:03:26.585+0000][1][safepoint    ] Safepoint "Cleanup", Time since last: 1000179391 ns, Reaching safepoint: 95211 ns, At safepoint: 7215 ns, Total: 102426 ns
[2020-09-11T15:03:27.586+0000][1][safepoint    ] Safepoint "Cleanup", Time since last: 1000879664 ns, Reaching safepoint: 144863 ns, At safepoint: 18145 ns, Total: 163008 ns
[2020-09-11T15:03:28.586+0000][1][safepoint    ] Safepoint "Cleanup", Time since last: 1000229134 ns, Reaching safepoint: 90768 ns, At safepoint: 7727 ns, Total: 98495 ns
[2020-09-11T15:03:29.586+0000][1][safepoint    ] Safepoint "Cleanup", Time since last: 1000145294 ns, Reaching safepoint: 126233 ns, At safepoint: 7532 ns, Total: 133765 ns
[2020-09-11T15:03:30.587+0000][1][safepoint    ] Safepoint "Cleanup", Time since last: 1000192016 ns, Reaching safepoint: 98720 ns, At safepoint: 7611 ns, Total: 106331 ns
[2020-09-11T15:03:31.587+0000][1][safepoint    ] Safepoint "Cleanup", Time since last: 1000173798 ns, Reaching safepoint: 134759 ns, At safepoint: 17774 ns, Total: 152533 ns
[2020-09-11T15:03:32.588+0000][1][safepoint    ] Safepoint "Cleanup", Time since last: 1001105058 ns, Reaching safepoint: 77764 ns, At safepoint: 6350 ns, Total: 84114 ns
[2020-09-11T15:03:33.450+0000][1][gc,start     ] GC(81) Pause Young (Allocation Failure)
[2020-09-11T15:03:33.450+0000][1][gc,task      ] GC(81) Using 1 workers of 1 for evacuation
[2020-09-11T15:03:33.467+0000][1][gc,age       ] GC(81) Desired survivor size 4358144 bytes, new threshold 6 (max threshold 6)
[2020-09-11T15:03:33.467+0000][1][gc,age       ] GC(81) Age table with threshold 6 (max threshold 6)
[2020-09-11T15:03:33.467+0000][1][gc,age       ] GC(81) - age   1:     112560 bytes,     112560 total
[2020-09-11T15:03:33.467+0000][1][gc,age       ] GC(81) - age   2:       4048 bytes,     116608 total
[2020-09-11T15:03:33.467+0000][1][gc,age       ] GC(81) - age   3:       5216 bytes,     121824 total
[2020-09-11T15:03:33.467+0000][1][gc,age       ] GC(81) - age   4:       6680 bytes,     128504 total
[2020-09-11T15:03:33.467+0000][1][gc,age       ] GC(81) - age   5:     129416 bytes,     257920 total
[2020-09-11T15:03:33.467+0000][1][gc,age       ] GC(81) - age   6:     467272 bytes,     725192 total
[2020-09-11T15:03:33.467+0000][1][gc,heap      ] GC(81) ParNew: 70133K->1316K(76672K)
[2020-09-11T15:03:33.467+0000][1][gc,heap      ] GC(81) CMS: 104959K->104959K(2011968K)
[2020-09-11T15:03:33.467+0000][1][gc,metaspace ] GC(81) Metaspace: 89069K->89069K(1130496K)
[2020-09-11T15:03:33.467+0000][1][gc           ] GC(81) Pause Young (Allocation Failure) 170M->103M(2039M) 16.668ms
[2020-09-11T15:03:33.467+0000][1][gc,cpu       ] GC(81) User=0.02s Sys=0.00s Real=0.02s
[2020-09-11T15:03:33.467+0000][1][safepoint    ] Safepoint "GenCollectForAllocation", Time since last: 861819840 ns, Reaching safepoint: 194511 ns, At safepoint: 16743632 ns, Total: 16938143 ns
[2020-09-11T15:03:34.471+0000][1][safepoint    ] Safepoint "Cleanup", Time since last: 1003700892 ns, Reaching safepoint: 136380 ns, At safepoint: 51959 ns, Total: 188339 ns
[2020-09-11T15:03:35.471+0000][1][safepoint    ] Safepoint "Cleanup", Time since last: 1000419370 ns, Reaching safepoint: 176636 ns, At safepoint: 66469 ns, Total: 243105 ns
[2020-09-11T15:03:36.472+0000][1][safepoint    ] Safepoint "Cleanup", Time since last: 1000194670 ns, Reaching safepoint: 152163 ns, At safepoint: 18288 ns, Total: 170451 ns
[2020-09-11T15:03:37.472+0000][1][safepoint    ] Safepoint "Cleanup", Time since last: 1000178017 ns, Reaching safepoint: 137339 ns, At safepoint: 15315 ns, Total: 152654 ns
[2020-09-11T15:03:38.472+0000][1][safepoint    ] Safepoint "Cleanup", Time since last: 1000157223 ns, Reaching safepoint: 185177 ns, At safepoint: 8401 ns, Total: 193578 ns
[2020-09-11T15:03:39.473+0000][1][safepoint    ] Safepoint "Cleanup", Time since last: 1000184616 ns, Reaching safepoint: 114661 ns, At safepoint: 6090 ns, Total: 120751 ns
[2020-09-11T15:03:40.473+0000][1][safepoint    ] Safepoint "Cleanup", Time since last: 1000182264 ns, Reaching safepoint: 141207 ns, At safepoint: 19335 ns, Total: 160542 ns
[2020-09-11T15:03:41.473+0000][1][safepoint    ] Safepoint "Cleanup", Time since last: 1000213442 ns, Reaching safepoint: 138214 ns, At safepoint: 17146 ns, Total: 155360 ns
[2020-09-11T15:03:42.474+0000][1][safepoint    ] Safepoint "Cleanup", Time since last: 1000233709 ns, Reaching safepoint: 161621 ns, At safepoint: 20968 ns, Total: 182589 ns
[2020-09-11T15:03:43.476+0000][1][safepoint    ] Safepoint "Cleanup", Time since last: 1001530531 ns, Reaching safepoint: 226700 ns, At safepoint: 17684 ns, Total: 244384 ns
[2020-09-11T15:03:44.476+0000][1][safepoint    ] Safepoint "Cleanup", Time since last: 1000205138 ns, Reaching safepoint: 138528 ns, At safepoint: 18713 ns, Total: 157241 ns
[2020-09-11T15:03:45.476+0000][1][safepoint    ] Safepoint "Cleanup", Time since last: 1000213632 ns, Reaching safepoint: 146319 ns, At safepoint: 18152 ns, Total: 164471 ns
[2020-09-11T15:03:46.477+0000][1][safepoint    ] Safepoint "Cleanup", Time since last: 1000225181 ns, Reaching safepoint: 101238 ns, At safepoint: 8184 ns, Total: 109422 ns
[2020-09-11T15:03:47.477+0000][1][safepoint    ] Safepoint "Cleanup", Time since last: 1000131814 ns, Reaching safepoint: 77699 ns, At safepoint: 9784 ns, Total: 87483 ns
[2020-09-11T15:03:48.478+0000][1][safepoint    ] Safepoint "Cleanup", Time since last: 1000784631 ns, Reaching safepoint: 147606 ns, At safepoint: 18599 ns, Total: 166205 ns
[2020-09-11T15:03:49.478+0000][1][safepoint    ] Safepoint "Cleanup", Time since last: 1000220759 ns, Reaching safepoint: 94271 ns, At safepoint: 7355 ns, Total: 101626 ns
[2020-09-11T15:03:50.479+0000][1][safepoint    ] Safepoint "Cleanup", Time since last: 1000172568 ns, Reaching safepoint: 110169 ns, At safepoint: 7590 ns, Total: 117759 ns
[2020-09-11T15:03:51.479+0000][1][safepoint    ] Safepoint "Cleanup", Time since last: 1000188095 ns, Reaching safepoint: 96585 ns, At safepoint: 8006 ns, Total: 104591 ns
[2020-09-11T15:03:52.479+0000][1][safepoint    ] Safepoint "Cleanup", Time since last: 1000181887 ns, Reaching safepoint: 96086 ns, At safepoint: 7975 ns, Total: 104061 ns
[2020-09-11T15:03:53.480+0000][1][safepoint    ] Safepoint "Cleanup", Time since last: 1000790227 ns, Reaching safepoint: 163665 ns, At safepoint: 18540 ns, Total: 182205 ns
[2020-09-11T15:03:54.480+0000][1][safepoint    ] Safepoint "Cleanup", Time since last: 1000218082 ns, Reaching safepoint: 114442 ns, At safepoint: 13525 ns, Total: 127967 ns
[2020-09-11T15:03:55.481+0000][1][safepoint    ] Safepoint "Cleanup", Time since last: 1000210091 ns, Reaching safepoint: 138493 ns, At safepoint: 8310 ns, Total: 146803 ns
[2020-09-11T15:03:56.481+0000][1][safepoint    ] Safepoint "Cleanup", Time since last: 1000168303 ns, Reaching safepoint: 98916 ns, At safepoint: 8223 ns, Total: 107139 ns
[2020-09-11T15:03:57.481+0000][1][safepoint    ] Safepoint "Cleanup", Time since last: 1000116578 ns, Reaching safepoint: 78494 ns, At safepoint: 7319 ns, Total: 85813 ns
[2020-09-11T15:03:58.482+0000][1][safepoint    ] Safepoint "Cleanup", Time since last: 1000747079 ns, Reaching safepoint: 100164 ns, At safepoint: 7931 ns, Total: 108095 ns
[2020-09-11T15:03:59.482+0000][1][safepoint    ] Safepoint "Cleanup", Time since last: 1000190608 ns, Reaching safepoint: 111760 ns, At safepoint: 8383 ns, Total: 120143 ns
[2020-09-11T15:04:00.483+0000][1][safepoint    ] Safepoint "Cleanup", Time since last: 1000177402 ns, Reaching safepoint: 100610 ns, At safepoint: 8257 ns, Total: 108867 ns
[2020-09-11T15:04:01.483+0000][1][safepoint    ] Safepoint "Cleanup", Time since last: 1000151521 ns, Reaching safepoint: 138946 ns, At safepoint: 16781 ns, Total: 155727 ns
[2020-09-11T15:04:02.483+0000][1][safepoint    ] Safepoint "Cleanup", Time since last: 1000192515 ns, Reaching safepoint: 142972 ns, At safepoint: 41498 ns, Total: 184470 ns
[2020-09-11T15:04:03.485+0000][1][safepoint    ] Safepoint "Cleanup", Time since last: 1001213924 ns, Reaching safepoint: 103813 ns, At safepoint: 7674 ns, Total: 111487 ns
[2020-09-11T15:04:04.485+0000][1][safepoint    ] Safepoint "Cleanup", Time since last: 1000150546 ns, Reaching safepoint: 138702 ns, At safepoint: 17169 ns, Total: 155871 ns
[2020-09-11T15:04:05.485+0000][1][safepoint    ] Safepoint "Cleanup", Time since last: 1000190587 ns, Reaching safepoint: 83625 ns, At safepoint: 7997 ns, Total: 91622 ns
[2020-09-11T15:04:06.486+0000][1][safepoint    ] Safepoint "Cleanup", Time since last: 1000134830 ns, Reaching safepoint: 76439 ns, At safepoint: 9511 ns, Total: 85950 ns
[2020-09-11T15:04:07.486+0000][1][safepoint    ] Safepoint "Cleanup", Time since last: 1000139138 ns, Reaching safepoint: 116864 ns, At safepoint: 7238 ns, Total: 124102 ns
[2020-09-11T15:04:08.487+0000][1][safepoint    ] Safepoint "Cleanup", Time since last: 1000898126 ns, Reaching safepoint: 90272 ns, At safepoint: 8795 ns, Total: 99067 ns
[2020-09-11T15:04:09.487+0000][1][safepoint    ] Safepoint "Cleanup", Time since last: 1000186580 ns, Reaching safepoint: 99305 ns, At safepoint: 7302 ns, Total: 106607 ns
[2020-09-11T15:04:10.487+0000][1][safepoint    ] Safepoint "Cleanup", Time since last: 1000183981 ns, Reaching safepoint: 175576 ns, At safepoint: 18038 ns, Total: 193614 ns
[2020-09-11T15:04:11.488+0000][1][safepoint    ] Safepoint "Cleanup", Time since last: 1000237684 ns, Reaching safepoint: 137943 ns, At safepoint: 18179 ns, Total: 156122 ns
[2020-09-11T15:04:12.488+0000][1][safepoint    ] Safepoint "Cleanup", Time since last: 1000201777 ns, Reaching safepoint: 115713 ns, At safepoint: 13473 ns, Total: 129186 ns
[2020-09-11T15:04:13.489+0000][1][safepoint    ] Safepoint "Cleanup", Time since last: 1000894139 ns, Reaching safepoint: 145732 ns, At safepoint: 18081 ns, Total: 163813 ns
[2020-09-11T15:04:14.490+0000][1][safepoint    ] Safepoint "Cleanup", Time since last: 1000203791 ns, Reaching safepoint: 140082 ns, At safepoint: 18709 ns, Total: 158791 ns
[2020-09-11T15:04:15.490+0000][1][safepoint    ] Safepoint "Cleanup", Time since last: 1000219369 ns, Reaching safepoint: 108635 ns, At safepoint: 6436 ns, Total: 115071 ns
[2020-09-11T15:04:16.490+0000][1][safepoint    ] Safepoint "Cleanup", Time since last: 1000172693 ns, Reaching safepoint: 129882 ns, At safepoint: 17343 ns, Total: 147225 ns
[2020-09-11T15:04:17.491+0000][1][safepoint    ] Safepoint "Cleanup", Time since last: 1000213689 ns, Reaching safepoint: 107757 ns, At safepoint: 7797 ns, Total: 115554 ns
[2020-09-11T15:04:18.492+0000][1][safepoint    ] Safepoint "Cleanup", Time since last: 1000952821 ns, Reaching safepoint: 133797 ns, At safepoint: 17183 ns, Total: 150980 ns
[2020-09-11T15:04:19.492+0000][1][safepoint    ] Safepoint "Cleanup", Time since last: 1000159921 ns, Reaching safepoint: 137136 ns, At safepoint: 6715 ns, Total: 143851 ns
[2020-09-11T15:04:20.492+0000][1][safepoint    ] Safepoint "Cleanup", Time since last: 1000150526 ns, Reaching safepoint: 107497 ns, At safepoint: 6465 ns, Total: 113962 ns
[2020-09-11T15:04:21.493+0000][1][safepoint    ] Safepoint "Cleanup", Time since last: 1000164814 ns, Reaching safepoint: 139026 ns, At safepoint: 18148 ns, Total: 157174 ns
[2020-09-11T15:04:22.493+0000][1][safepoint    ] Safepoint "Cleanup", Time since last: 1000241830 ns, Reaching safepoint: 129123 ns, At safepoint: 17344 ns, Total: 146467 ns
[2020-09-11T15:04:23.494+0000][1][safepoint    ] Safepoint "Cleanup", Time since last: 1001041329 ns, Reaching safepoint: 140396 ns, At safepoint: 17944 ns, Total: 158340 ns
[2020-09-11T15:04:24.495+0000][1][safepoint    ] Safepoint "Cleanup", Time since last: 1000233416 ns, Reaching safepoint: 98885 ns, At safepoint: 8135 ns, Total: 107020 ns
[2020-09-11T15:04:25.495+0000][1][safepoint    ] Safepoint "Cleanup", Time since last: 1000233788 ns, Reaching safepoint: 104320 ns, At safepoint: 5476 ns, Total: 109796 ns
[2020-09-11T15:04:26.495+0000][1][safepoint    ] Safepoint "Cleanup", Time since last: 1000160429 ns, Reaching safepoint: 101174 ns, At safepoint: 7934 ns, Total: 109108 ns
[2020-09-11T15:04:27.495+0000][1][safepoint    ] Safepoint "Cleanup", Time since last: 1000154431 ns, Reaching safepoint: 112108 ns, At safepoint: 9422 ns, Total: 121530 ns
[2020-09-11T15:04:28.496+0000][1][safepoint    ] Safepoint "Cleanup", Time since last: 1000856766 ns, Reaching safepoint: 131763 ns, At safepoint: 17202 ns, Total: 148965 ns
[2020-09-11T15:04:29.497+0000][1][safepoint    ] Safepoint "Cleanup", Time since last: 1000167774 ns, Reaching safepoint: 139857 ns, At safepoint: 18082 ns, Total: 157939 ns
[2020-09-11T15:04:30.497+0000][1][safepoint    ] Safepoint "Cleanup", Time since last: 1000241902 ns, Reaching safepoint: 141157 ns, At safepoint: 18429 ns, Total: 159586 ns
[2020-09-11T15:04:31.498+0000][1][safepoint    ] Safepoint "Cleanup", Time since last: 1000242524 ns, Reaching safepoint: 141285 ns, At safepoint: 18455 ns, Total: 159740 ns
[2020-09-11T15:04:32.498+0000][1][safepoint    ] Safepoint "Cleanup", Time since last: 1000220290 ns, Reaching safepoint: 138862 ns, At safepoint: 18135 ns, Total: 156997 ns
[2020-09-11T15:04:33.499+0000][1][safepoint    ] Safepoint "Cleanup", Time since last: 1001195147 ns, Reaching safepoint: 110049 ns, At safepoint: 7083 ns, Total: 117132 ns
[2020-09-11T15:04:34.500+0000][1][safepoint    ] Safepoint "Cleanup", Time since last: 1000172167 ns, Reaching safepoint: 142253 ns, At safepoint: 16558 ns, Total: 158811 ns
[2020-09-11T15:04:35.500+0000][1][safepoint    ] Safepoint "Cleanup", Time since last: 1000193021 ns, Reaching safepoint: 126034 ns, At safepoint: 7574 ns, Total: 133608 ns
[2020-09-11T15:04:36.500+0000][1][safepoint    ] Safepoint "Cleanup", Time since last: 1000184617 ns, Reaching safepoint: 104232 ns, At safepoint: 8329 ns, Total: 112561 ns
[2020-09-11T15:04:37.500+0000][1][safepoint    ] Safepoint "Cleanup", Time since last: 1000181203 ns, Reaching safepoint: 101632 ns, At safepoint: 7643 ns, Total: 109275 ns
[2020-09-11T15:04:38.502+0000][1][safepoint    ] Safepoint "Cleanup", Time since last: 1000887711 ns, Reaching safepoint: 164440 ns, At safepoint: 18914 ns, Total: 183354 ns
[2020-09-11T15:04:39.502+0000][1][safepoint    ] Safepoint "Cleanup", Time since last: 1000214544 ns, Reaching safepoint: 106878 ns, At safepoint: 7208 ns, Total: 114086 ns
[2020-09-11T15:04:40.502+0000][1][safepoint    ] Safepoint "Cleanup", Time since last: 1000136933 ns, Reaching safepoint: 151558 ns, At safepoint: 18015 ns, Total: 169573 ns
[2020-09-11T15:04:41.503+0000][1][safepoint    ] Safepoint "Cleanup", Time since last: 1000261829 ns, Reaching safepoint: 115043 ns, At safepoint: 9467 ns, Total: 124510 ns
[2020-09-11T15:04:42.503+0000][1][safepoint    ] Safepoint "Cleanup", Time since last: 1000213620 ns, Reaching safepoint: 139968 ns, At safepoint: 18820 ns, Total: 158788 ns
[2020-09-11T15:04:43.504+0000][1][safepoint    ] Safepoint "Cleanup", Time since last: 1000897341 ns, Reaching safepoint: 146794 ns, At safepoint: 19327 ns, Total: 166121 ns
[2020-09-11T15:04:43.573+0000][1][gc,start     ] GC(82) Pause Young (Allocation Failure)
[2020-09-11T15:04:43.573+0000][1][gc,task      ] GC(82) Using 1 workers of 1 for evacuation
[2020-09-11T15:04:43.590+0000][1][gc,age       ] GC(82) Desired survivor size 4358144 bytes, new threshold 6 (max threshold 6)
[2020-09-11T15:04:43.590+0000][1][gc,age       ] GC(82) Age table with threshold 6 (max threshold 6)
[2020-09-11T15:04:43.590+0000][1][gc,age       ] GC(82) - age   1:      52856 bytes,      52856 total
[2020-09-11T15:04:43.590+0000][1][gc,age       ] GC(82) - age   2:      83480 bytes,     136336 total
[2020-09-11T15:04:43.590+0000][1][gc,age       ] GC(82) - age   3:       3760 bytes,     140096 total
[2020-09-11T15:04:43.590+0000][1][gc,age       ] GC(82) - age   4:       3976 bytes,     144072 total
[2020-09-11T15:04:43.590+0000][1][gc,age       ] GC(82) - age   5:       6680 bytes,     150752 total
[2020-09-11T15:04:43.590+0000][1][gc,age       ] GC(82) - age   6:     129416 bytes,     280168 total
[2020-09-11T15:04:43.590+0000][1][gc,heap      ] GC(82) ParNew: 69476K->430K(76672K)
[2020-09-11T15:04:43.590+0000][1][gc,heap      ] GC(82) CMS: 104959K->105429K(2011968K)
[2020-09-11T15:04:43.590+0000][1][gc,metaspace ] GC(82) Metaspace: 89178K->89178K(1130496K)
[2020-09-11T15:04:43.590+0000][1][gc           ] GC(82) Pause Young (Allocation Failure) 170M->103M(2039M) 16.750ms
[2020-09-11T15:04:43.590+0000][1][gc,cpu       ] GC(82) User=0.02s Sys=0.00s Real=0.02s
[2020-09-11T15:04:43.590+0000][1][safepoint    ] Safepoint "GenCollectForAllocation", Time since last: 68932151 ns, Reaching safepoint: 186138 ns, At safepoint: 16814326 ns, Total: 17000464 ns
[2020-09-11T15:04:44.593+0000][1][safepoint    ] Safepoint "Cleanup", Time since last: 1002774921 ns, Reaching safepoint: 64368 ns, At safepoint: 16113 ns, Total: 80481 ns
[2020-09-11T15:04:45.593+0000][1][safepoint    ] Safepoint "Cleanup", Time since last: 1000274179 ns, Reaching safepoint: 65391 ns, At safepoint: 13131 ns, Total: 78522 ns
[2020-09-11T15:04:46.593+0000][1][safepoint    ] Safepoint "Cleanup", Time since last: 1000108820 ns, Reaching safepoint: 186582 ns, At safepoint: 18208 ns, Total: 204790 ns
[2020-09-11T15:04:47.594+0000][1][safepoint    ] Safepoint "Cleanup", Time since last: 1000128790 ns, Reaching safepoint: 186610 ns, At safepoint: 14746 ns, Total: 201356 ns
[2020-09-11T15:04:48.595+0000][1][safepoint    ] Safepoint "Cleanup", Time since last: 1000783214 ns, Reaching safepoint: 185783 ns, At safepoint: 7681 ns, Total: 193464 ns
[2020-09-11T15:04:49.595+0000][1][safepoint    ] Safepoint "Cleanup", Time since last: 1000183751 ns, Reaching safepoint: 95780 ns, At safepoint: 7122 ns, Total: 102902 ns
[2020-09-11T15:04:50.595+0000][1][safepoint    ] Safepoint "Cleanup", Time since last: 1000186531 ns, Reaching safepoint: 96289 ns, At safepoint: 8411 ns, Total: 104700 ns
[2020-09-11T15:04:51.596+0000][1][safepoint    ] Safepoint "Cleanup", Time since last: 1000141313 ns, Reaching safepoint: 136092 ns, At safepoint: 17210 ns, Total: 153302 ns
[2020-09-11T15:04:52.596+0000][1][safepoint    ] Safepoint "Cleanup", Time since last: 1000150917 ns, Reaching safepoint: 78130 ns, At safepoint: 7039 ns, Total: 85169 ns
[2020-09-11T15:04:53.597+0000][1][safepoint    ] Safepoint "Cleanup", Time since last: 1000652878 ns, Reaching safepoint: 148214 ns, At safepoint: 16912 ns, Total: 165126 ns
[2020-09-11T15:04:54.597+0000][1][safepoint    ] Safepoint "Cleanup", Time since last: 1000220914 ns, Reaching safepoint: 137655 ns, At safepoint: 18429 ns, Total: 156084 ns
[2020-09-11T15:04:55.597+0000][1][safepoint    ] Safepoint "Cleanup", Time since last: 1000208210 ns, Reaching safepoint: 101198 ns, At safepoint: 7625 ns, Total: 108823 ns
[2020-09-11T15:04:56.598+0000][1][safepoint    ] Safepoint "Cleanup", Time since last: 1000196779 ns, Reaching safepoint: 98073 ns, At safepoint: 8462 ns, Total: 106535 ns
[2020-09-11T15:04:57.598+0000][1][safepoint    ] Safepoint "Cleanup", Time since last: 1000190157 ns, Reaching safepoint: 149363 ns, At safepoint: 19485 ns, Total: 168848 ns
[2020-09-11T15:04:58.599+0000][1][safepoint    ] Safepoint "Cleanup", Time since last: 1001011665 ns, Reaching safepoint: 138000 ns, At safepoint: 18272 ns, Total: 156272 ns
[2020-09-11T15:04:59.600+0000][1][safepoint    ] Safepoint "Cleanup", Time since last: 1000186881 ns, Reaching safepoint: 139073 ns, At safepoint: 17062 ns, Total: 156135 ns
[2020-09-11T15:05:00.600+0000][1][safepoint    ] Safepoint "Cleanup", Time since last: 1000237537 ns, Reaching safepoint: 98726 ns, At safepoint: 7778 ns, Total: 106504 ns
[2020-09-11T15:05:01.600+0000][1][safepoint    ] Safepoint "Cleanup", Time since last: 1000170984 ns, Reaching safepoint: 146927 ns, At safepoint: 19652 ns, Total: 166579 ns
[2020-09-11T15:05:02.601+0000][1][safepoint    ] Safepoint "Cleanup", Time since last: 1000246735 ns, Reaching safepoint: 84671 ns, At safepoint: 6912 ns, Total: 91583 ns
[2020-09-11T15:05:03.601+0000][1][safepoint    ] Safepoint "Cleanup", Time since last: 1000661349 ns, Reaching safepoint: 134481 ns, At safepoint: 18182 ns, Total: 152663 ns
[2020-09-11T15:05:04.602+0000][1][safepoint    ] Safepoint "Cleanup", Time since last: 1000230295 ns, Reaching safepoint: 97187 ns, At safepoint: 8357 ns, Total: 105544 ns
[2020-09-11T15:05:05.602+0000][1][safepoint    ] Safepoint "Cleanup", Time since last: 1000148883 ns, Reaching safepoint: 112831 ns, At safepoint: 8719 ns, Total: 121550 ns
[2020-09-11T15:05:06.602+0000][1][safepoint    ] Safepoint "Cleanup", Time since last: 1000144461 ns, Reaching safepoint: 135849 ns, At safepoint: 9433 ns, Total: 145282 ns
[2020-09-11T15:05:07.603+0000][1][safepoint    ] Safepoint "Cleanup", Time since last: 1000201262 ns, Reaching safepoint: 162179 ns, At safepoint: 16121 ns, Total: 178300 ns
[2020-09-11T15:05:08.604+0000][1][safepoint    ] Safepoint "Cleanup", Time since last: 1001113968 ns, Reaching safepoint: 101675 ns, At safepoint: 7409 ns, Total: 109084 ns
[2020-09-11T15:05:09.604+0000][1][safepoint    ] Safepoint "Cleanup", Time since last: 1000182344 ns, Reaching safepoint: 104518 ns, At safepoint: 6768 ns, Total: 111286 ns
[2020-09-11T15:05:10.604+0000][1][safepoint    ] Safepoint "Cleanup", Time since last: 1000132647 ns, Reaching safepoint: 121884 ns, At safepoint: 14556 ns, Total: 136440 ns
[2020-09-11T15:05:11.605+0000][1][safepoint    ] Safepoint "Cleanup", Time since last: 1000175845 ns, Reaching safepoint: 100563 ns, At safepoint: 7289 ns, Total: 107852 ns
[2020-09-11T15:05:12.605+0000][1][safepoint    ] Safepoint "Cleanup", Time since last: 1000113591 ns, Reaching safepoint: 71373 ns, At safepoint: 7343 ns, Total: 78716 ns
[2020-09-11T15:05:13.606+0000][1][safepoint    ] Safepoint "Cleanup", Time since last: 1000736440 ns, Reaching safepoint: 135100 ns, At safepoint: 18325 ns, Total: 153425 ns
[2020-09-11T15:05:14.606+0000][1][safepoint    ] Safepoint "Cleanup", Time since last: 1000222840 ns, Reaching safepoint: 100902 ns, At safepoint: 7536 ns, Total: 108438 ns
[2020-09-11T15:05:15.607+0000][1][safepoint    ] Safepoint "Cleanup", Time since last: 1000283273 ns, Reaching safepoint: 91290 ns, At safepoint: 8870 ns, Total: 100160 ns
[2020-09-11T15:05:16.608+0000][1][safepoint    ] Safepoint "Cleanup", Time since last: 1001142549 ns, Reaching safepoint: 82628 ns, At safepoint: 8709 ns, Total: 91337 ns
[2020-09-11T15:05:17.608+0000][1][safepoint    ] Safepoint "Cleanup", Time since last: 1000549176 ns, Reaching safepoint: 67823 ns, At safepoint: 7379 ns, Total: 75202 ns
[2020-09-11T15:05:18.609+0000][1][safepoint    ] Safepoint "Cleanup", Time since last: 1000773397 ns, Reaching safepoint: 75854 ns, At safepoint: 7157 ns, Total: 83011 ns
[2020-09-11T15:05:19.612+0000][1][safepoint    ] Safepoint "Cleanup", Time since last: 1002740197 ns, Reaching safepoint: 148110 ns, At safepoint: 16719 ns, Total: 164829 ns
[2020-09-11T15:05:20.612+0000][1][safepoint    ] Safepoint "Cleanup", Time since last: 1000198050 ns, Reaching safepoint: 71752 ns, At safepoint: 6300 ns, Total: 78052 ns
[2020-09-11T15:05:21.613+0000][1][safepoint    ] Safepoint "Cleanup", Time since last: 1000143142 ns, Reaching safepoint: 172462 ns, At safepoint: 18643 ns, Total: 191105 ns
[2020-09-11T15:05:22.614+0000][1][safepoint    ] Safepoint "Cleanup", Time since last: 1000876495 ns, Reaching safepoint: 75707 ns, At safepoint: 6680 ns, Total: 82387 ns
[2020-09-11T15:05:23.614+0000][1][safepoint    ] Safepoint "Cleanup", Time since last: 1000610884 ns, Reaching safepoint: 76832 ns, At safepoint: 7604 ns, Total: 84436 ns
[2020-09-11T15:05:24.615+0000][1][safepoint    ] Safepoint "Cleanup", Time since last: 1000202643 ns, Reaching safepoint: 104688 ns, At safepoint: 7186 ns, Total: 111874 ns
[2020-09-11T15:05:25.615+0000][1][safepoint    ] Safepoint "Cleanup", Time since last: 1000187159 ns, Reaching safepoint: 104289 ns, At safepoint: 7203 ns, Total: 111492 ns
[2020-09-11T15:05:26.615+0000][1][safepoint    ] Safepoint "Cleanup", Time since last: 1000161917 ns, Reaching safepoint: 107777 ns, At safepoint: 7620 ns, Total: 115397 ns
[2020-09-11T15:05:27.616+0000][1][safepoint    ] Safepoint "Cleanup", Time since last: 1000158234 ns, Reaching safepoint: 92715 ns, At safepoint: 6797 ns, Total: 99512 ns
[2020-09-11T15:05:28.616+0000][1][safepoint    ] Safepoint "Cleanup", Time since last: 1000778492 ns, Reaching safepoint: 103167 ns, At safepoint: 7706 ns, Total: 110873 ns
[2020-09-11T15:05:29.617+0000][1][safepoint    ] Safepoint "Cleanup", Time since last: 1000175916 ns, Reaching safepoint: 138100 ns, At safepoint: 19040 ns, Total: 157140 ns
[2020-09-11T15:05:30.617+0000][1][safepoint    ] Safepoint "Cleanup", Time since last: 1000249051 ns, Reaching safepoint: 134519 ns, At safepoint: 18165 ns, Total: 152684 ns
[2020-09-11T15:05:31.618+0000][1][safepoint    ] Safepoint "Cleanup", Time since last: 1000231694 ns, Reaching safepoint: 137112 ns, At safepoint: 18028 ns, Total: 155140 ns
[2020-09-11T15:05:32.618+0000][1][safepoint    ] Safepoint "Cleanup", Time since last: 1000152934 ns, Reaching safepoint: 69042 ns, At safepoint: 6833 ns, Total: 75875 ns
[2020-09-11T15:05:33.619+0000][1][safepoint    ] Safepoint "Cleanup", Time since last: 1000664124 ns, Reaching safepoint: 135458 ns, At safepoint: 17296 ns, Total: 152754 ns
[2020-09-11T15:05:34.619+0000][1][safepoint    ] Safepoint "Cleanup", Time since last: 1000234668 ns, Reaching safepoint: 95762 ns, At safepoint: 7177 ns, Total: 102939 ns
[2020-09-11T15:05:35.619+0000][1][safepoint    ] Safepoint "Cleanup", Time since last: 1000196372 ns, Reaching safepoint: 137038 ns, At safepoint: 18302 ns, Total: 155340 ns
[2020-09-11T15:05:36.620+0000][1][safepoint    ] Safepoint "Cleanup", Time since last: 1000240320 ns, Reaching safepoint: 98047 ns, At safepoint: 8391 ns, Total: 106438 ns
[2020-09-11T15:05:37.620+0000][1][safepoint    ] Safepoint "Cleanup", Time since last: 1000140946 ns, Reaching safepoint: 113868 ns, At safepoint: 6963 ns, Total: 120831 ns
[2020-09-11T15:05:38.621+0000][1][safepoint    ] Safepoint "Cleanup", Time since last: 1000876758 ns, Reaching safepoint: 138668 ns, At safepoint: 17340 ns, Total: 156008 ns
[2020-09-11T15:05:39.621+0000][1][safepoint    ] Safepoint "Cleanup", Time since last: 1000207506 ns, Reaching safepoint: 137091 ns, At safepoint: 16778 ns, Total: 153869 ns
[2020-09-11T15:05:40.622+0000][1][safepoint    ] Safepoint "Cleanup", Time since last: 1000224684 ns, Reaching safepoint: 139938 ns, At safepoint: 16481 ns, Total: 156419 ns
[2020-09-11T15:05:41.622+0000][1][safepoint    ] Safepoint "Cleanup", Time since last: 1000225869 ns, Reaching safepoint: 136142 ns, At safepoint: 17547 ns, Total: 153689 ns
[2020-09-11T15:05:42.623+0000][1][safepoint    ] Safepoint "Cleanup", Time since last: 1000972820 ns, Reaching safepoint: 88383 ns, At safepoint: 6764 ns, Total: 95147 ns
[2020-09-11T15:05:43.624+0000][1][safepoint    ] Safepoint "Cleanup", Time since last: 1000747695 ns, Reaching safepoint: 101088 ns, At safepoint: 6728 ns, Total: 107816 ns
[2020-09-11T15:05:44.624+0000][1][safepoint    ] Safepoint "Cleanup", Time since last: 1000179243 ns, Reaching safepoint: 130479 ns, At safepoint: 16404 ns, Total: 146883 ns
[2020-09-11T15:05:45.625+0000][1][safepoint    ] Safepoint "Cleanup", Time since last: 1000193609 ns, Reaching safepoint: 107904 ns, At safepoint: 7449 ns, Total: 115353 ns
[2020-09-11T15:05:46.625+0000][1][safepoint    ] Safepoint "Cleanup", Time since last: 1000205693 ns, Reaching safepoint: 104975 ns, At safepoint: 7454 ns, Total: 112429 ns
[2020-09-11T15:05:47.625+0000][1][safepoint    ] Safepoint "Cleanup", Time since last: 1000180129 ns, Reaching safepoint: 129577 ns, At safepoint: 16956 ns, Total: 146533 ns
[2020-09-11T15:05:48.627+0000][1][safepoint    ] Safepoint "Cleanup", Time since last: 1001112563 ns, Reaching safepoint: 100710 ns, At safepoint: 8017 ns, Total: 108727 ns
[2020-09-11T15:05:49.627+0000][1][safepoint    ] Safepoint "Cleanup", Time since last: 1000191713 ns, Reaching safepoint: 96281 ns, At safepoint: 6958 ns, Total: 103239 ns
[2020-09-11T15:05:50.627+0000][1][safepoint    ] Safepoint "Cleanup", Time since last: 1000121146 ns, Reaching safepoint: 73154 ns, At safepoint: 7056 ns, Total: 80210 ns
[2020-09-11T15:05:51.627+0000][1][safepoint    ] Safepoint "Cleanup", Time since last: 1000187955 ns, Reaching safepoint: 136647 ns, At safepoint: 18105 ns, Total: 154752 ns
[2020-09-11T15:05:52.628+0000][1][safepoint    ] Safepoint "Cleanup", Time since last: 1000179474 ns, Reaching safepoint: 90073 ns, At safepoint: 8705 ns, Total: 98778 ns
[2020-09-11T15:05:53.628+0000][1][safepoint    ] Safepoint "Cleanup", Time since last: 1000681026 ns, Reaching safepoint: 97358 ns, At safepoint: 8332 ns, Total: 105690 ns
[2020-09-11T15:05:53.687+0000][1][gc,start     ] GC(83) Pause Young (Allocation Failure)
[2020-09-11T15:05:53.687+0000][1][gc,task      ] GC(83) Using 1 workers of 1 for evacuation
[2020-09-11T15:05:53.703+0000][1][gc,age       ] GC(83) Desired survivor size 4358144 bytes, new threshold 6 (max threshold 6)
[2020-09-11T15:05:53.703+0000][1][gc,age       ] GC(83) Age table with threshold 6 (max threshold 6)
[2020-09-11T15:05:53.703+0000][1][gc,age       ] GC(83) - age   1:      35920 bytes,      35920 total
[2020-09-11T15:05:53.703+0000][1][gc,age       ] GC(83) - age   2:      21296 bytes,      57216 total
[2020-09-11T15:05:53.703+0000][1][gc,age       ] GC(83) - age   3:      83480 bytes,     140696 total
[2020-09-11T15:05:53.703+0000][1][gc,age       ] GC(83) - age   4:       2520 bytes,     143216 total
[2020-09-11T15:05:53.703+0000][1][gc,age       ] GC(83) - age   5:       3976 bytes,     147192 total
[2020-09-11T15:05:53.703+0000][1][gc,age       ] GC(83) - age   6:       6680 bytes,     153872 total
[2020-09-11T15:05:53.703+0000][1][gc,heap      ] GC(83) ParNew: 68590K->312K(76672K)
[2020-09-11T15:05:53.703+0000][1][gc,heap      ] GC(83) CMS: 105429K->105562K(2011968K)
[2020-09-11T15:05:53.703+0000][1][gc,metaspace ] GC(83) Metaspace: 89223K->89223K(1130496K)
[2020-09-11T15:05:53.703+0000][1][gc           ] GC(83) Pause Young (Allocation Failure) 169M->103M(2039M) 15.767ms
[2020-09-11T15:05:53.703+0000][1][gc,cpu       ] GC(83) User=0.01s Sys=0.00s Real=0.01s
[2020-09-11T15:05:53.703+0000][1][safepoint    ] Safepoint "GenCollectForAllocation", Time since last: 58607808 ns, Reaching safepoint: 185658 ns, At safepoint: 15841099 ns, Total: 16026757 ns
[2020-09-11T15:05:54.705+0000][1][safepoint    ] Safepoint "Cleanup", Time since last: 1001596515 ns, Reaching safepoint: 63638 ns, At safepoint: 16512 ns, Total: 80150 ns
[2020-09-11T15:05:55.705+0000][1][safepoint    ] Safepoint "Cleanup", Time since last: 1000293482 ns, Reaching safepoint: 133272 ns, At safepoint: 12653 ns, Total: 145925 ns
[2020-09-11T15:05:56.706+0000][1][safepoint    ] Safepoint "Cleanup", Time since last: 1000146916 ns, Reaching safepoint: 184228 ns, At safepoint: 7424 ns, Total: 191652 ns
[2020-09-11T15:05:57.706+0000][1][safepoint    ] Safepoint "Cleanup", Time since last: 1000431522 ns, Reaching safepoint: 158513 ns, At safepoint: 13505 ns, Total: 172018 ns
[2020-09-11T15:05:58.707+0000][1][safepoint    ] Safepoint "Cleanup", Time since last: 1001068800 ns, Reaching safepoint: 130680 ns, At safepoint: 16491 ns, Total: 147171 ns
[2020-09-11T15:05:59.708+0000][1][safepoint    ] Safepoint "Cleanup", Time since last: 1000270293 ns, Reaching safepoint: 100753 ns, At safepoint: 6891 ns, Total: 107644 ns
[2020-09-11T15:06:00.708+0000][1][safepoint    ] Safepoint "Cleanup", Time since last: 1000197828 ns, Reaching safepoint: 140068 ns, At safepoint: 18532 ns, Total: 158600 ns
[2020-09-11T15:06:01.708+0000][1][safepoint    ] Safepoint "Cleanup", Time since last: 1000217651 ns, Reaching safepoint: 154448 ns, At safepoint: 16892 ns, Total: 171340 ns
[2020-09-11T15:06:02.709+0000][1][safepoint    ] Safepoint "Cleanup", Time since last: 1000184714 ns, Reaching safepoint: 151862 ns, At safepoint: 18389 ns, Total: 170251 ns
[2020-09-11T15:06:03.710+0000][1][safepoint    ] Safepoint "Cleanup", Time since last: 1000949391 ns, Reaching safepoint: 134118 ns, At safepoint: 17066 ns, Total: 151184 ns
[2020-09-11T15:06:04.710+0000][1][safepoint    ] Safepoint "Cleanup", Time since last: 1000243029 ns, Reaching safepoint: 137616 ns, At safepoint: 18880 ns, Total: 156496 ns
[2020-09-11T15:06:05.711+0000][1][safepoint    ] Safepoint "Cleanup", Time since last: 1000172260 ns, Reaching safepoint: 133442 ns, At safepoint: 14551 ns, Total: 147993 ns
[2020-09-11T15:06:06.711+0000][1][safepoint    ] Safepoint "Cleanup", Time since last: 1000221602 ns, Reaching safepoint: 136296 ns, At safepoint: 17517 ns, Total: 153813 ns
[2020-09-11T15:06:07.711+0000][1][safepoint    ] Safepoint "Cleanup", Time since last: 1000228349 ns, Reaching safepoint: 241049 ns, At safepoint: 6682 ns, Total: 247731 ns
[2020-09-11T15:06:08.713+0000][1][safepoint    ] Safepoint "Cleanup", Time since last: 1000938123 ns, Reaching safepoint: 102324 ns, At safepoint: 7921 ns, Total: 110245 ns
[2020-09-11T15:06:09.713+0000][1][safepoint    ] Safepoint "Cleanup", Time since last: 1000199657 ns, Reaching safepoint: 98253 ns, At safepoint: 6823 ns, Total: 105076 ns
[2020-09-11T15:06:10.713+0000][1][safepoint    ] Safepoint "Cleanup", Time since last: 1000192418 ns, Reaching safepoint: 106899 ns, At safepoint: 7407 ns, Total: 114306 ns
[2020-09-11T15:06:11.713+0000][1][safepoint    ] Safepoint "Cleanup", Time since last: 1000189767 ns, Reaching safepoint: 101948 ns, At safepoint: 7421 ns, Total: 109369 ns
[2020-09-11T15:06:12.714+0000][1][safepoint    ] Safepoint "Cleanup", Time since last: 1000140905 ns, Reaching safepoint: 142724 ns, At safepoint: 17717 ns, Total: 160441 ns
[2020-09-11T15:06:13.715+0000][1][safepoint    ] Safepoint "Cleanup", Time since last: 1001107764 ns, Reaching safepoint: 136076 ns, At safepoint: 17867 ns, Total: 153943 ns
[2020-09-11T15:06:14.715+0000][1][safepoint    ] Safepoint "Cleanup", Time since last: 1000185864 ns, Reaching safepoint: 116998 ns, At safepoint: 9970 ns, Total: 126968 ns
[2020-09-11T15:06:15.716+0000][1][safepoint    ] Safepoint "Cleanup", Time since last: 1000169242 ns, Reaching safepoint: 104801 ns, At safepoint: 7245 ns, Total: 112046 ns
[2020-09-11T15:06:16.716+0000][1][safepoint    ] Safepoint "Cleanup", Time since last: 1000201566 ns, Reaching safepoint: 107188 ns, At safepoint: 9150 ns, Total: 116338 ns
[2020-09-11T15:06:17.716+0000][1][safepoint    ] Safepoint "Cleanup", Time since last: 1000176484 ns, Reaching safepoint: 135912 ns, At safepoint: 18472 ns, Total: 154384 ns
[2020-09-11T15:06:18.717+0000][1][safepoint    ] Safepoint "Cleanup", Time since last: 1001066287 ns, Reaching safepoint: 138000 ns, At safepoint: 15947 ns, Total: 153947 ns
[2020-09-11T15:06:19.718+0000][1][safepoint    ] Safepoint "Cleanup", Time since last: 1000203521 ns, Reaching safepoint: 100379 ns, At safepoint: 6626 ns, Total: 107005 ns
[2020-09-11T15:06:20.718+0000][1][safepoint    ] Safepoint "Cleanup", Time since last: 1000188345 ns, Reaching safepoint: 139106 ns, At safepoint: 18202 ns, Total: 157308 ns
[2020-09-11T15:06:21.719+0000][1][safepoint    ] Safepoint "Cleanup", Time since last: 1000241177 ns, Reaching safepoint: 190002 ns, At safepoint: 20434 ns, Total: 210436 ns
[2020-09-11T15:06:22.719+0000][1][safepoint    ] Safepoint "Cleanup", Time since last: 1000224066 ns, Reaching safepoint: 153442 ns, At safepoint: 18730 ns, Total: 172172 ns
[2020-09-11T15:06:23.720+0000][1][safepoint    ] Safepoint "Cleanup", Time since last: 1000888862 ns, Reaching safepoint: 129193 ns, At safepoint: 16050 ns, Total: 145243 ns
[2020-09-11T15:06:24.720+0000][1][safepoint    ] Safepoint "Cleanup", Time since last: 1000213534 ns, Reaching safepoint: 130072 ns, At safepoint: 17941 ns, Total: 148013 ns
[2020-09-11T15:06:25.721+0000][1][safepoint    ] Safepoint "Cleanup", Time since last: 1000220366 ns, Reaching safepoint: 138581 ns, At safepoint: 18065 ns, Total: 156646 ns
[2020-09-11T15:06:26.721+0000][1][safepoint    ] Safepoint "Cleanup", Time since last: 1000239510 ns, Reaching safepoint: 99459 ns, At safepoint: 8496 ns, Total: 107955 ns
[2020-09-11T15:06:27.721+0000][1][safepoint    ] Safepoint "Cleanup", Time since last: 1000175333 ns, Reaching safepoint: 136994 ns, At safepoint: 18192 ns, Total: 155186 ns
[2020-09-11T15:06:28.723+0000][1][safepoint    ] Safepoint "Cleanup", Time since last: 1001150761 ns, Reaching safepoint: 135644 ns, At safepoint: 7983 ns, Total: 143627 ns
[2020-09-11T15:06:29.723+0000][1][safepoint    ] Safepoint "Cleanup", Time since last: 1000163722 ns, Reaching safepoint: 101618 ns, At safepoint: 7697 ns, Total: 109315 ns
[2020-09-11T15:06:30.723+0000][1][safepoint    ] Safepoint "Cleanup", Time since last: 1000183214 ns, Reaching safepoint: 138290 ns, At safepoint: 18235 ns, Total: 156525 ns
[2020-09-11T15:06:31.724+0000][1][safepoint    ] Safepoint "Cleanup", Time since last: 1000249739 ns, Reaching safepoint: 137369 ns, At safepoint: 18148 ns, Total: 155517 ns
[2020-09-11T15:06:32.725+0000][1][safepoint    ] Safepoint "Cleanup", Time since last: 1000861054 ns, Reaching safepoint: 172716 ns, At safepoint: 21383 ns, Total: 194099 ns
[2020-09-11T15:06:33.726+0000][1][safepoint    ] Safepoint "Cleanup", Time since last: 1001340783 ns, Reaching safepoint: 148474 ns, At safepoint: 16431 ns, Total: 164905 ns
[2020-09-11T15:06:34.727+0000][1][safepoint    ] Safepoint "Cleanup", Time since last: 1000354996 ns, Reaching safepoint: 80160 ns, At safepoint: 7229 ns, Total: 87389 ns
[2020-09-11T15:06:35.728+0000][1][safepoint    ] Safepoint "Cleanup", Time since last: 1001675643 ns, Reaching safepoint: 72901 ns, At safepoint: 6572 ns, Total: 79473 ns
[2020-09-11T15:06:36.730+0000][1][safepoint    ] Safepoint "Cleanup", Time since last: 1001339508 ns, Reaching safepoint: 249441 ns, At safepoint: 25945 ns, Total: 275386 ns
[2020-09-11T15:06:37.730+0000][1][safepoint    ] Safepoint "Cleanup", Time since last: 1000197280 ns, Reaching safepoint: 115249 ns, At safepoint: 7653 ns, Total: 122902 ns
[2020-09-11T15:06:38.731+0000][1][safepoint    ] Safepoint "Cleanup", Time since last: 1000157467 ns, Reaching safepoint: 104970 ns, At safepoint: 9182 ns, Total: 114152 ns
[2020-09-11T15:06:39.731+0000][1][safepoint    ] Safepoint "Cleanup", Time since last: 1000157307 ns, Reaching safepoint: 105017 ns, At safepoint: 7254 ns, Total: 112271 ns
[2020-09-11T15:06:40.731+0000][1][safepoint    ] Safepoint "Cleanup", Time since last: 1000157527 ns, Reaching safepoint: 104538 ns, At safepoint: 7736 ns, Total: 112274 ns
[2020-09-11T15:06:41.731+0000][1][safepoint    ] Safepoint "Cleanup", Time since last: 1000114281 ns, Reaching safepoint: 78043 ns, At safepoint: 6166 ns, Total: 84209 ns
[2020-09-11T15:06:42.732+0000][1][safepoint    ] Safepoint "Cleanup", Time since last: 1000108877 ns, Reaching safepoint: 71613 ns, At safepoint: 7496 ns, Total: 79109 ns
[2020-09-11T15:06:43.732+0000][1][safepoint    ] Safepoint "Cleanup", Time since last: 1000141238 ns, Reaching safepoint: 115242 ns, At safepoint: 6559 ns, Total: 121801 ns
[2020-09-11T15:06:44.732+0000][1][safepoint    ] Safepoint "Cleanup", Time since last: 1000141029 ns, Reaching safepoint: 139784 ns, At safepoint: 17684 ns, Total: 157468 ns
[2020-09-11T15:06:45.733+0000][1][safepoint    ] Safepoint "Cleanup", Time since last: 1000216186 ns, Reaching safepoint: 109053 ns, At safepoint: 7258 ns, Total: 116311 ns
[2020-09-11T15:06:46.733+0000][1][safepoint    ] Safepoint "Cleanup", Time since last: 1000154089 ns, Reaching safepoint: 145617 ns, At safepoint: 18603 ns, Total: 164220 ns
[2020-09-11T15:06:47.733+0000][1][safepoint    ] Safepoint "Cleanup", Time since last: 1000195631 ns, Reaching safepoint: 105388 ns, At safepoint: 7276 ns, Total: 112664 ns
[2020-09-11T15:06:48.733+0000][1][safepoint    ] Safepoint "Cleanup", Time since last: 1000144486 ns, Reaching safepoint: 146493 ns, At safepoint: 19425 ns, Total: 165918 ns
[2020-09-11T15:06:49.734+0000][1][safepoint    ] Safepoint "Cleanup", Time since last: 1000212028 ns, Reaching safepoint: 142637 ns, At safepoint: 17891 ns, Total: 160528 ns
[2020-09-11T15:06:50.734+0000][1][safepoint    ] Safepoint "Cleanup", Time since last: 1000193171 ns, Reaching safepoint: 137452 ns, At safepoint: 19174 ns, Total: 156626 ns
[2020-09-11T15:06:51.734+0000][1][safepoint    ] Safepoint "Cleanup", Time since last: 1000180107 ns, Reaching safepoint: 117061 ns, At safepoint: 7063 ns, Total: 124124 ns
[2020-09-11T15:06:52.735+0000][1][safepoint    ] Safepoint "Cleanup", Time since last: 1000944699 ns, Reaching safepoint: 72253 ns, At safepoint: 6425 ns, Total: 78678 ns
[2020-09-11T15:06:53.736+0000][1][safepoint    ] Safepoint "Cleanup", Time since last: 1000144246 ns, Reaching safepoint: 114953 ns, At safepoint: 8449 ns, Total: 123402 ns
[2020-09-11T15:06:54.736+0000][1][safepoint    ] Safepoint "Cleanup", Time since last: 1000139141 ns, Reaching safepoint: 118510 ns, At safepoint: 7195 ns, Total: 125705 ns
[2020-09-11T15:06:55.920+0000][1][safepoint    ] Safepoint "Cleanup", Time since last: 1183405185 ns, Reaching safepoint: 197551 ns, At safepoint: 7063 ns, Total: 204614 ns
[2020-09-11T15:06:56.920+0000][1][safepoint    ] Safepoint "Cleanup", Time since last: 1000146404 ns, Reaching safepoint: 151224 ns, At safepoint: 18980 ns, Total: 170204 ns
[2020-09-11T15:06:57.920+0000][1][safepoint    ] Safepoint "Cleanup", Time since last: 1000214145 ns, Reaching safepoint: 135859 ns, At safepoint: 18145 ns, Total: 154004 ns
[2020-09-11T15:06:58.921+0000][1][safepoint    ] Safepoint "Cleanup", Time since last: 1000234041 ns, Reaching safepoint: 149086 ns, At safepoint: 18716 ns, Total: 167802 ns
[2020-09-11T15:06:59.921+0000][1][safepoint    ] Safepoint "Cleanup", Time since last: 1000204545 ns, Reaching safepoint: 125725 ns, At safepoint: 18149 ns, Total: 143874 ns
[2020-09-11T15:07:00.921+0000][1][safepoint    ] Safepoint "Cleanup", Time since last: 1000179894 ns, Reaching safepoint: 60621 ns, At safepoint: 7224 ns, Total: 67845 ns
[2020-09-11T15:07:01.922+0000][1][safepoint    ] Safepoint "Cleanup", Time since last: 1000185967 ns, Reaching safepoint: 161130 ns, At safepoint: 21235 ns, Total: 182365 ns
[2020-09-11T15:07:02.922+0000][1][safepoint    ] Safepoint "Cleanup", Time since last: 1000148934 ns, Reaching safepoint: 72489 ns, At safepoint: 6440 ns, Total: 78929 ns
[2020-09-11T15:07:03.816+0000][1][gc,start     ] GC(84) Pause Young (Allocation Failure)
[2020-09-11T15:07:03.816+0000][1][gc,task      ] GC(84) Using 1 workers of 1 for evacuation
[2020-09-11T15:07:03.829+0000][1][gc,age       ] GC(84) Desired survivor size 4358144 bytes, new threshold 6 (max threshold 6)
[2020-09-11T15:07:03.829+0000][1][gc,age       ] GC(84) Age table with threshold 6 (max threshold 6)
[2020-09-11T15:07:03.829+0000][1][gc,age       ] GC(84) - age   1:      36328 bytes,      36328 total
[2020-09-11T15:07:03.829+0000][1][gc,age       ] GC(84) - age   2:       5536 bytes,      41864 total
[2020-09-11T15:07:03.829+0000][1][gc,age       ] GC(84) - age   3:      21176 bytes,      63040 total
[2020-09-11T15:07:03.829+0000][1][gc,age       ] GC(84) - age   4:      81000 bytes,     144040 total
[2020-09-11T15:07:03.829+0000][1][gc,age       ] GC(84) - age   5:       2520 bytes,     146560 total
[2020-09-11T15:07:03.829+0000][1][gc,age       ] GC(84) - age   6:       3976 bytes,     150536 total
[2020-09-11T15:07:03.829+0000][1][gc,heap      ] GC(84) ParNew: 68472K->269K(76672K)
[2020-09-11T15:07:03.829+0000][1][gc,heap      ] GC(84) CMS: 105562K->105569K(2011968K)
[2020-09-11T15:07:03.829+0000][1][gc,metaspace ] GC(84) Metaspace: 89321K->89321K(1132544K)
[2020-09-11T15:07:03.829+0000][1][gc           ] GC(84) Pause Young (Allocation Failure) 169M->103M(2039M) 13.009ms
[2020-09-11T15:07:03.829+0000][1][gc,cpu       ] GC(84) User=0.01s Sys=0.00s Real=0.01s
[2020-09-11T15:07:03.829+0000][1][safepoint    ] Safepoint "GenCollectForAllocation", Time since last: 893710991 ns, Reaching safepoint: 187976 ns, At safepoint: 13077483 ns, Total: 13265459 ns
[2020-09-11T15:07:04.830+0000][1][safepoint    ] Safepoint "Cleanup", Time since last: 1001162221 ns, Reaching safepoint: 83141 ns, At safepoint: 17135 ns, Total: 100276 ns
[2020-09-11T15:07:05.830+0000][1][safepoint    ] Safepoint "Cleanup", Time since last: 1000137468 ns, Reaching safepoint: 63050 ns, At safepoint: 12630 ns, Total: 75680 ns
[2020-09-11T15:07:06.831+0000][1][safepoint    ] Safepoint "Cleanup", Time since last: 1000268180 ns, Reaching safepoint: 68046 ns, At safepoint: 17464 ns, Total: 85510 ns
[2020-09-11T15:07:07.336+0000][1][safepoint    ] Safepoint "RevokeBias", Time since last: 504801424 ns, Reaching safepoint: 68819 ns, At safepoint: 32208 ns, Total: 101027 ns
[2020-09-11T15:07:07.336+0000][1][safepoint    ] Safepoint "RevokeBias", Time since last: 54735 ns, Reaching safepoint: 65628 ns, At safepoint: 20253 ns, Total: 85881 ns
[2020-09-11T15:07:08.344+0000][1][safepoint    ] Safepoint "Cleanup", Time since last: 1008491375 ns, Reaching safepoint: 101762 ns, At safepoint: 6690 ns, Total: 108452 ns
[2020-09-11T15:07:09.345+0000][1][safepoint    ] Safepoint "Cleanup", Time since last: 1000169120 ns, Reaching safepoint: 128204 ns, At safepoint: 17403 ns, Total: 145607 ns
[2020-09-11T15:07:10.346+0000][1][safepoint    ] Safepoint "Cleanup", Time since last: 1001014482 ns, Reaching safepoint: 90127 ns, At safepoint: 6938 ns, Total: 97065 ns
[2020-09-11T15:07:11.346+0000][1][safepoint    ] Safepoint "Cleanup", Time since last: 1000191781 ns, Reaching safepoint: 114981 ns, At safepoint: 7444 ns, Total: 122425 ns
[2020-09-11T15:07:12.346+0000][1][safepoint    ] Safepoint "Cleanup", Time since last: 1000193056 ns, Reaching safepoint: 92879 ns, At safepoint: 7186 ns, Total: 100065 ns
[2020-09-11T15:07:13.347+0000][1][safepoint    ] Safepoint "Cleanup", Time since last: 1000142922 ns, Reaching safepoint: 158664 ns, At safepoint: 17677 ns, Total: 176341 ns
[2020-09-11T15:07:14.347+0000][1][safepoint    ] Safepoint "Cleanup", Time since last: 1000188293 ns, Reaching safepoint: 71468 ns, At safepoint: 6723 ns, Total: 78191 ns
[2020-09-11T15:07:15.347+0000][1][safepoint    ] Safepoint "Cleanup", Time since last: 1000159305 ns, Reaching safepoint: 105764 ns, At safepoint: 7121 ns, Total: 112885 ns
[2020-09-11T15:07:16.348+0000][1][safepoint    ] Safepoint "Cleanup", Time since last: 1000850572 ns, Reaching safepoint: 148818 ns, At safepoint: 7493 ns, Total: 156311 ns
[2020-09-11T15:07:17.349+0000][1][safepoint    ] Safepoint "Cleanup", Time since last: 1000180890 ns, Reaching safepoint: 133342 ns, At safepoint: 17450 ns, Total: 150792 ns
[2020-09-11T15:07:18.349+0000][1][safepoint    ] Safepoint "Cleanup", Time since last: 1000220319 ns, Reaching safepoint: 99406 ns, At safepoint: 7196 ns, Total: 106602 ns
[2020-09-11T15:07:19.349+0000][1][safepoint    ] Safepoint "Cleanup", Time since last: 1000177039 ns, Reaching safepoint: 126908 ns, At safepoint: 17607 ns, Total: 144515 ns
[2020-09-11T15:07:20.350+0000][1][safepoint    ] Safepoint "Cleanup", Time since last: 1000223808 ns, Reaching safepoint: 108892 ns, At safepoint: 7691 ns, Total: 116583 ns
[2020-09-11T15:07:21.350+0000][1][safepoint    ] Safepoint "Cleanup", Time since last: 1000183665 ns, Reaching safepoint: 99133 ns, At safepoint: 7018 ns, Total: 106151 ns
[2020-09-11T15:07:22.350+0000][1][safepoint    ] Safepoint "Cleanup", Time since last: 1000200356 ns, Reaching safepoint: 99250 ns, At safepoint: 7374 ns, Total: 106624 ns
[2020-09-11T15:07:23.350+0000][1][safepoint    ] Safepoint "Cleanup", Time since last: 1000195632 ns, Reaching safepoint: 107787 ns, At safepoint: 7634 ns, Total: 115421 ns
[2020-09-11T15:07:24.351+0000][1][safepoint    ] Safepoint "Cleanup", Time since last: 1000164526 ns, Reaching safepoint: 103765 ns, At safepoint: 7732 ns, Total: 111497 ns
[2020-09-11T15:07:25.351+0000][1][safepoint    ] Safepoint "Cleanup", Time since last: 1000178173 ns, Reaching safepoint: 138277 ns, At safepoint: 17560 ns, Total: 155837 ns
[2020-09-11T15:07:26.363+0000][1][safepoint    ] Safepoint "Cleanup", Time since last: 1011811399 ns, Reaching safepoint: 130046 ns, At safepoint: 7394 ns, Total: 137440 ns
[2020-09-11T15:07:27.363+0000][1][safepoint    ] Safepoint "Cleanup", Time since last: 1000193634 ns, Reaching safepoint: 178259 ns, At safepoint: 18679 ns, Total: 196938 ns
[2020-09-11T15:07:28.364+0000][1][safepoint    ] Safepoint "Cleanup", Time since last: 1000214368 ns, Reaching safepoint: 105390 ns, At safepoint: 7261 ns, Total: 112651 ns
[2020-09-11T15:07:29.364+0000][1][safepoint    ] Safepoint "Cleanup", Time since last: 1000147323 ns, Reaching safepoint: 136296 ns, At safepoint: 17239 ns, Total: 153535 ns
[2020-09-11T15:07:30.364+0000][1][safepoint    ] Safepoint "Cleanup", Time since last: 1000221046 ns, Reaching safepoint: 101975 ns, At safepoint: 8151 ns, Total: 110126 ns
[2020-09-11T15:07:31.365+0000][1][safepoint    ] Safepoint "Cleanup", Time since last: 1000208026 ns, Reaching safepoint: 83907 ns, At safepoint: 6871 ns, Total: 90778 ns
[2020-09-11T15:07:32.365+0000][1][safepoint    ] Safepoint "Cleanup", Time since last: 1000143968 ns, Reaching safepoint: 171189 ns, At safepoint: 16030 ns, Total: 187219 ns
[2020-09-11T15:07:33.365+0000][1][safepoint    ] Safepoint "Cleanup", Time since last: 1000216679 ns, Reaching safepoint: 166288 ns, At safepoint: 18393 ns, Total: 184681 ns
[2020-09-11T15:07:34.366+0000][1][safepoint    ] Safepoint "Cleanup", Time since last: 1000203280 ns, Reaching safepoint: 88881 ns, At safepoint: 6816 ns, Total: 95697 ns
[2020-09-11T15:07:35.366+0000][1][safepoint    ] Safepoint "Cleanup", Time since last: 1000148221 ns, Reaching safepoint: 113274 ns, At safepoint: 7919 ns, Total: 121193 ns
[2020-09-11T15:07:36.367+0000][1][safepoint    ] Safepoint "Cleanup", Time since last: 1000858560 ns, Reaching safepoint: 136791 ns, At safepoint: 18519 ns, Total: 155310 ns
[2020-09-11T15:07:37.367+0000][1][safepoint    ] Safepoint "Cleanup", Time since last: 1000388939 ns, Reaching safepoint: 75293 ns, At safepoint: 6763 ns, Total: 82056 ns
[2020-09-11T15:07:38.368+0000][1][safepoint    ] Safepoint "Cleanup", Time since last: 1000203842 ns, Reaching safepoint: 93466 ns, At safepoint: 7417 ns, Total: 100883 ns
[2020-09-11T15:07:39.368+0000][1][safepoint    ] Safepoint "Cleanup", Time since last: 1000140174 ns, Reaching safepoint: 138896 ns, At safepoint: 17908 ns, Total: 156804 ns
[2020-09-11T15:07:40.368+0000][1][safepoint    ] Safepoint "Cleanup", Time since last: 1000239709 ns, Reaching safepoint: 136423 ns, At safepoint: 18663 ns, Total: 155086 ns
[2020-09-11T15:07:41.370+0000][1][safepoint    ] Safepoint "Cleanup", Time since last: 1000955233 ns, Reaching safepoint: 69332 ns, At safepoint: 6311 ns, Total: 75643 ns
[2020-09-11T15:07:42.370+0000][1][safepoint    ] Safepoint "Cleanup", Time since last: 1000170381 ns, Reaching safepoint: 102041 ns, At safepoint: 8137 ns, Total: 110178 ns
[2020-09-11T15:07:43.370+0000][1][safepoint    ] Safepoint "Cleanup", Time since last: 1000139206 ns, Reaching safepoint: 133884 ns, At safepoint: 17965 ns, Total: 151849 ns
[2020-09-11T15:07:43.553+0000][1][safepoint    ] Safepoint "RevokeBias", Time since last: 182285283 ns, Reaching safepoint: 139483 ns, At safepoint: 42184 ns, Total: 181667 ns
[2020-09-11T15:07:44.553+0000][1][safepoint    ] Safepoint "Cleanup", Time since last: 1000483852 ns, Reaching safepoint: 135948 ns, At safepoint: 17133 ns, Total: 153081 ns
[2020-09-11T15:07:45.554+0000][1][safepoint    ] Safepoint "Cleanup", Time since last: 1000343557 ns, Reaching safepoint: 101929 ns, At safepoint: 7751 ns, Total: 109680 ns
[2020-09-11T15:07:46.555+0000][1][safepoint    ] Safepoint "Cleanup", Time since last: 1000821022 ns, Reaching safepoint: 138785 ns, At safepoint: 19027 ns, Total: 157812 ns
[2020-09-11T15:07:47.555+0000][1][safepoint    ] Safepoint "Cleanup", Time since last: 1000240535 ns, Reaching safepoint: 141802 ns, At safepoint: 20423 ns, Total: 162225 ns
[2020-09-11T15:07:48.555+0000][1][safepoint    ] Safepoint "Cleanup", Time since last: 1000225341 ns, Reaching safepoint: 166886 ns, At safepoint: 17637 ns, Total: 184523 ns
[2020-09-11T15:07:49.496+0000][1][safepoint    ] Safepoint "RevokeBias", Time since last: 939905312 ns, Reaching safepoint: 218194 ns, At safepoint: 44806 ns, Total: 263000 ns
[2020-09-11T15:07:49.496+0000][1][safepoint    ] Safepoint "RevokeBias", Time since last: 338320 ns, Reaching safepoint: 197620 ns, At safepoint: 35886 ns, Total: 233506 ns
[2020-09-11T15:07:49.497+0000][1][safepoint    ] Safepoint "RevokeBias", Time since last: 158079 ns, Reaching safepoint: 253566 ns, At safepoint: 32441 ns, Total: 286007 ns
[2020-09-11T15:07:49.497+0000][1][safepoint    ] Safepoint "RevokeBias", Time since last: 149309 ns, Reaching safepoint: 205415 ns, At safepoint: 34699 ns, Total: 240114 ns
[2020-09-11T15:07:50.497+0000][1][safepoint    ] Safepoint "Cleanup", Time since last: 1000151200 ns, Reaching safepoint: 152103 ns, At safepoint: 19418 ns, Total: 171521 ns
[2020-09-11T15:07:51.498+0000][1][safepoint    ] Safepoint "Cleanup", Time since last: 1000245966 ns, Reaching safepoint: 92357 ns, At safepoint: 8203 ns, Total: 100560 ns
[2020-09-11T15:07:52.498+0000][1][safepoint    ] Safepoint "Cleanup", Time since last: 1000143975 ns, Reaching safepoint: 113928 ns, At safepoint: 7646 ns, Total: 121574 ns
[2020-09-11T15:07:53.498+0000][1][safepoint    ] Safepoint "Cleanup", Time since last: 1000183726 ns, Reaching safepoint: 103326 ns, At safepoint: 7505 ns, Total: 110831 ns
[2020-09-11T15:07:54.499+0000][1][safepoint    ] Safepoint "Cleanup", Time since last: 1000153187 ns, Reaching safepoint: 114048 ns, At safepoint: 7240 ns, Total: 121288 ns
[2020-09-11T15:07:55.499+0000][1][safepoint    ] Safepoint "Cleanup", Time since last: 1000156201 ns, Reaching safepoint: 112140 ns, At safepoint: 7096 ns, Total: 119236 ns
[2020-09-11T15:07:56.499+0000][1][safepoint    ] Safepoint "Cleanup", Time since last: 1000199265 ns, Reaching safepoint: 96297 ns, At safepoint: 8354 ns, Total: 104651 ns
[2020-09-11T15:07:57.499+0000][1][safepoint    ] Safepoint "Cleanup", Time since last: 1000190813 ns, Reaching safepoint: 165370 ns, At safepoint: 17801 ns, Total: 183171 ns
[2020-09-11T15:07:58.500+0000][1][safepoint    ] Safepoint "Cleanup", Time since last: 1000247969 ns, Reaching safepoint: 137235 ns, At safepoint: 17523 ns, Total: 154758 ns
[2020-09-11T15:07:59.500+0000][1][safepoint    ] Safepoint "Cleanup", Time since last: 1000298488 ns, Reaching safepoint: 88248 ns, At safepoint: 9207 ns, Total: 97455 ns
[2020-09-11T15:08:00.501+0000][1][safepoint    ] Safepoint "Cleanup", Time since last: 1000217319 ns, Reaching safepoint: 126651 ns, At safepoint: 8676 ns, Total: 135327 ns
[2020-09-11T15:08:01.501+0000][1][safepoint    ] Safepoint "Cleanup", Time since last: 1000282183 ns, Reaching safepoint: 108584 ns, At safepoint: 22158 ns, Total: 130742 ns
[2020-09-11T15:08:02.501+0000][1][safepoint    ] Safepoint "Cleanup", Time since last: 1000236928 ns, Reaching safepoint: 126020 ns, At safepoint: 8772 ns, Total: 134792 ns
[2020-09-11T15:08:03.502+0000][1][safepoint    ] Safepoint "Cleanup", Time since last: 1000156052 ns, Reaching safepoint: 115501 ns, At safepoint: 7566 ns, Total: 123067 ns
[2020-09-11T15:08:04.502+0000][1][safepoint    ] Safepoint "Cleanup", Time since last: 1000216726 ns, Reaching safepoint: 139072 ns, At safepoint: 17721 ns, Total: 156793 ns
[2020-09-11T15:08:05.502+0000][1][safepoint    ] Safepoint "Cleanup", Time since last: 1000233480 ns, Reaching safepoint: 136373 ns, At safepoint: 17474 ns, Total: 153847 ns
[2020-09-11T15:08:06.503+0000][1][safepoint    ] Safepoint "Cleanup", Time since last: 1000186256 ns, Reaching safepoint: 232016 ns, At safepoint: 16104 ns, Total: 248120 ns
[2020-09-11T15:08:07.504+0000][1][safepoint    ] Safepoint "Cleanup", Time since last: 1001001481 ns, Reaching safepoint: 153860 ns, At safepoint: 18071 ns, Total: 171931 ns
[2020-09-11T15:08:08.504+0000][1][safepoint    ] Safepoint "Cleanup", Time since last: 1000189433 ns, Reaching safepoint: 136971 ns, At safepoint: 17163 ns, Total: 154134 ns
[2020-09-11T15:08:09.505+0000][1][safepoint    ] Safepoint "Cleanup", Time since last: 1000247779 ns, Reaching safepoint: 138689 ns, At safepoint: 17804 ns, Total: 156493 ns
[2020-09-11T15:08:10.505+0000][1][safepoint    ] Safepoint "Cleanup", Time since last: 1000231115 ns, Reaching safepoint: 148310 ns, At safepoint: 17921 ns, Total: 166231 ns
[2020-09-11T15:08:11.506+0000][1][safepoint    ] Safepoint "Cleanup", Time since last: 1000228310 ns, Reaching safepoint: 161992 ns, At safepoint: 19007 ns, Total: 180999 ns
[2020-09-11T15:08:12.507+0000][1][safepoint    ] Safepoint "Cleanup", Time since last: 1000928670 ns, Reaching safepoint: 102592 ns, At safepoint: 7620 ns, Total: 110212 ns
[2020-09-11T15:08:13.507+0000][1][safepoint    ] Safepoint "Cleanup", Time since last: 1000196139 ns, Reaching safepoint: 102262 ns, At safepoint: 7283 ns, Total: 109545 ns
[2020-09-11T15:08:13.939+0000][1][gc,start     ] GC(85) Pause Young (Allocation Failure)
[2020-09-11T15:08:13.939+0000][1][gc,task      ] GC(85) Using 1 workers of 1 for evacuation
[2020-09-11T15:08:13.952+0000][1][gc,age       ] GC(85) Desired survivor size 4358144 bytes, new threshold 6 (max threshold 6)
[2020-09-11T15:08:13.952+0000][1][gc,age       ] GC(85) Age table with threshold 6 (max threshold 6)
[2020-09-11T15:08:13.952+0000][1][gc,age       ] GC(85) - age   1:      34976 bytes,      34976 total
[2020-09-11T15:08:13.952+0000][1][gc,age       ] GC(85) - age   2:       5792 bytes,      40768 total
[2020-09-11T15:08:13.952+0000][1][gc,age       ] GC(85) - age   3:       3056 bytes,      43824 total
[2020-09-11T15:08:13.952+0000][1][gc,age       ] GC(85) - age   4:      21176 bytes,      65000 total
[2020-09-11T15:08:13.952+0000][1][gc,age       ] GC(85) - age   5:      81000 bytes,     146000 total
[2020-09-11T15:08:13.952+0000][1][gc,age       ] GC(85) - age   6:       2520 bytes,     148520 total
[2020-09-11T15:08:13.952+0000][1][gc,heap      ] GC(85) ParNew: 68429K->177K(76672K)
[2020-09-11T15:08:13.952+0000][1][gc,heap      ] GC(85) CMS: 105569K->105572K(2011968K)
[2020-09-11T15:08:13.952+0000][1][gc,metaspace ] GC(85) Metaspace: 89372K->89372K(1132544K)
[2020-09-11T15:08:13.952+0000][1][gc           ] GC(85) Pause Young (Allocation Failure) 169M->103M(2039M) 13.020ms
[2020-09-11T15:08:13.952+0000][1][gc,cpu       ] GC(85) User=0.02s Sys=0.00s Real=0.01s
[2020-09-11T15:08:13.952+0000][1][safepoint    ] Safepoint "GenCollectForAllocation", Time since last: 431631814 ns, Reaching safepoint: 200831 ns, At safepoint: 13091027 ns, Total: 13291858 ns
[2020-09-11T15:08:14.953+0000][1][safepoint    ] Safepoint "Cleanup", Time since last: 1000822629 ns, Reaching safepoint: 62081 ns, At safepoint: 15849 ns, Total: 77930 ns
[2020-09-11T15:08:15.954+0000][1][safepoint    ] Safepoint "Cleanup", Time since last: 1000645724 ns, Reaching safepoint: 138665 ns, At safepoint: 37142 ns, Total: 175807 ns
[2020-09-11T15:08:16.954+0000][1][safepoint    ] Safepoint "Cleanup", Time since last: 1000212576 ns, Reaching safepoint: 235601 ns, At safepoint: 44973 ns, Total: 280574 ns
[2020-09-11T15:08:17.955+0000][1][safepoint    ] Safepoint "Cleanup", Time since last: 1000924350 ns, Reaching safepoint: 108458 ns, At safepoint: 14565 ns, Total: 123023 ns
[2020-09-11T15:08:18.955+0000][1][safepoint    ] Safepoint "Cleanup", Time since last: 1000112370 ns, Reaching safepoint: 196013 ns, At safepoint: 7255 ns, Total: 203268 ns
[2020-09-11T15:08:19.956+0000][1][safepoint    ] Safepoint "Cleanup", Time since last: 1000155265 ns, Reaching safepoint: 117516 ns, At safepoint: 6856 ns, Total: 124372 ns
[2020-09-11T15:08:20.956+0000][1][safepoint    ] Safepoint "Cleanup", Time since last: 1000175499 ns, Reaching safepoint: 93171 ns, At safepoint: 7664 ns, Total: 100835 ns
[2020-09-11T15:08:21.956+0000][1][safepoint    ] Safepoint "Cleanup", Time since last: 1000140503 ns, Reaching safepoint: 137265 ns, At safepoint: 15700 ns, Total: 152965 ns
[2020-09-11T15:08:22.964+0000][1][safepoint    ] Safepoint "Cleanup", Time since last: 1008014523 ns, Reaching safepoint: 118894 ns, At safepoint: 6783 ns, Total: 125677 ns
[2020-09-11T15:08:23.965+0000][1][safepoint    ] Safepoint "Cleanup", Time since last: 1000130202 ns, Reaching safepoint: 236736 ns, At safepoint: 19194 ns, Total: 255930 ns
[2020-09-11T15:08:24.965+0000][1][safepoint    ] Safepoint "Cleanup", Time since last: 1000217739 ns, Reaching safepoint: 153368 ns, At safepoint: 15874 ns, Total: 169242 ns
[2020-09-11T15:08:25.966+0000][1][safepoint    ] Safepoint "Cleanup", Time since last: 1000219162 ns, Reaching safepoint: 102917 ns, At safepoint: 7895 ns, Total: 110812 ns
[2020-09-11T15:08:26.966+0000][1][safepoint    ] Safepoint "Cleanup", Time since last: 1000183292 ns, Reaching safepoint: 141766 ns, At safepoint: 17881 ns, Total: 159647 ns
[2020-09-11T15:08:27.967+0000][1][safepoint    ] Safepoint "Cleanup", Time since last: 1000917652 ns, Reaching safepoint: 107229 ns, At safepoint: 7067 ns, Total: 114296 ns
[2020-09-11T15:08:28.967+0000][1][safepoint    ] Safepoint "Cleanup", Time since last: 1000173067 ns, Reaching safepoint: 105100 ns, At safepoint: 7599 ns, Total: 112699 ns
[2020-09-11T15:08:29.967+0000][1][safepoint    ] Safepoint "Cleanup", Time since last: 1000166980 ns, Reaching safepoint: 121722 ns, At safepoint: 7604 ns, Total: 129326 ns
[2020-09-11T15:08:30.968+0000][1][safepoint    ] Safepoint "Cleanup", Time since last: 1000242322 ns, Reaching safepoint: 71227 ns, At safepoint: 7000 ns, Total: 78227 ns
[2020-09-11T15:08:31.968+0000][1][safepoint    ] Safepoint "Cleanup", Time since last: 1000143148 ns, Reaching safepoint: 117104 ns, At safepoint: 7000 ns, Total: 124104 ns
[2020-09-11T15:08:32.969+0000][1][safepoint    ] Safepoint "Cleanup", Time since last: 1000947718 ns, Reaching safepoint: 137212 ns, At safepoint: 17460 ns, Total: 154672 ns
[2020-09-11T15:08:33.970+0000][1][safepoint    ] Safepoint "Cleanup", Time since last: 1000216830 ns, Reaching safepoint: 102999 ns, At safepoint: 6572 ns, Total: 109571 ns
[2020-09-11T15:08:34.970+0000][1][safepoint    ] Safepoint "Cleanup", Time since last: 1000124641 ns, Reaching safepoint: 71335 ns, At safepoint: 7748 ns, Total: 79083 ns
[2020-09-11T15:08:35.970+0000][1][safepoint    ] Safepoint "Cleanup", Time since last: 1000203299 ns, Reaching safepoint: 76149 ns, At safepoint: 6459 ns, Total: 82608 ns
[2020-09-11T15:08:36.970+0000][1][safepoint    ] Safepoint "Cleanup", Time since last: 1000195272 ns, Reaching safepoint: 252605 ns, At safepoint: 8381 ns, Total: 260986 ns
[2020-09-11T15:08:37.971+0000][1][safepoint    ] Safepoint "Cleanup", Time since last: 1000813613 ns, Reaching safepoint: 191242 ns, At safepoint: 18867 ns, Total: 210109 ns
[2020-09-11T15:08:38.972+0000][1][safepoint    ] Safepoint "Cleanup", Time since last: 1000201838 ns, Reaching safepoint: 171634 ns, At safepoint: 8762 ns, Total: 180396 ns
[2020-09-11T15:08:39.972+0000][1][safepoint    ] Safepoint "Cleanup", Time since last: 1000189824 ns, Reaching safepoint: 104691 ns, At safepoint: 7850 ns, Total: 112541 ns
[2020-09-11T15:08:40.973+0000][1][safepoint    ] Safepoint "Cleanup", Time since last: 1000181592 ns, Reaching safepoint: 137415 ns, At safepoint: 18195 ns, Total: 155610 ns
[2020-09-11T15:08:41.973+0000][1][safepoint    ] Safepoint "Cleanup", Time since last: 1000235294 ns, Reaching safepoint: 142317 ns, At safepoint: 18883 ns, Total: 161200 ns
[2020-09-11T15:08:42.974+0000][1][safepoint    ] Safepoint "Cleanup", Time since last: 1000936131 ns, Reaching safepoint: 106410 ns, At safepoint: 8388 ns, Total: 114798 ns
[2020-09-11T15:08:43.974+0000][1][safepoint    ] Safepoint "Cleanup", Time since last: 1000209274 ns, Reaching safepoint: 127179 ns, At safepoint: 8029 ns, Total: 135208 ns
[2020-09-11T15:08:44.975+0000][1][safepoint    ] Safepoint "Cleanup", Time since last: 1000162457 ns, Reaching safepoint: 114450 ns, At safepoint: 8275 ns, Total: 122725 ns
[2020-09-11T15:08:45.975+0000][1][safepoint    ] Safepoint "Cleanup", Time since last: 1000162725 ns, Reaching safepoint: 138642 ns, At safepoint: 16528 ns, Total: 155170 ns
[2020-09-11T15:08:46.975+0000][1][safepoint    ] Safepoint "Cleanup", Time since last: 1000230168 ns, Reaching safepoint: 110870 ns, At safepoint: 8211 ns, Total: 119081 ns
[2020-09-11T15:08:47.976+0000][1][safepoint    ] Safepoint "Cleanup", Time since last: 1000801198 ns, Reaching safepoint: 141498 ns, At safepoint: 19254 ns, Total: 160752 ns
[2020-09-11T15:08:48.977+0000][1][safepoint    ] Safepoint "Cleanup", Time since last: 1000227475 ns, Reaching safepoint: 141461 ns, At safepoint: 18372 ns, Total: 159833 ns
[2020-09-11T15:08:49.977+0000][1][safepoint    ] Safepoint "Cleanup", Time since last: 1000210687 ns, Reaching safepoint: 139691 ns, At safepoint: 18860 ns, Total: 158551 ns
[2020-09-11T15:08:50.977+0000][1][safepoint    ] Safepoint "Cleanup", Time since last: 1000240420 ns, Reaching safepoint: 139393 ns, At safepoint: 18679 ns, Total: 158072 ns
[2020-09-11T15:08:51.978+0000][1][safepoint    ] Safepoint "Cleanup", Time since last: 1000192547 ns, Reaching safepoint: 138778 ns, At safepoint: 17276 ns, Total: 156054 ns
[2020-09-11T15:08:52.979+0000][1][safepoint    ] Safepoint "Cleanup", Time since last: 1001109471 ns, Reaching safepoint: 99578 ns, At safepoint: 8162 ns, Total: 107740 ns
[2020-09-11T15:08:53.979+0000][1][safepoint    ] Safepoint "Cleanup", Time since last: 1000179370 ns, Reaching safepoint: 137643 ns, At safepoint: 18108 ns, Total: 155751 ns
[2020-09-11T15:08:54.980+0000][1][safepoint    ] Safepoint "Cleanup", Time since last: 1000248529 ns, Reaching safepoint: 102412 ns, At safepoint: 7968 ns, Total: 110380 ns
[2020-09-11T15:08:55.980+0000][1][safepoint    ] Safepoint "Cleanup", Time since last: 1000211556 ns, Reaching safepoint: 102138 ns, At safepoint: 7908 ns, Total: 110046 ns
[2020-09-11T15:08:56.980+0000][1][safepoint    ] Safepoint "Cleanup", Time since last: 1000166038 ns, Reaching safepoint: 122797 ns, At safepoint: 8071 ns, Total: 130868 ns
[2020-09-11T15:08:57.981+0000][1][safepoint    ] Safepoint "Cleanup", Time since last: 1000747920 ns, Reaching safepoint: 89353 ns, At safepoint: 7511 ns, Total: 96864 ns
[2020-09-11T15:08:58.981+0000][1][safepoint    ] Safepoint "Cleanup", Time since last: 1000177358 ns, Reaching safepoint: 104170 ns, At safepoint: 8023 ns, Total: 112193 ns
[2020-09-11T15:08:59.982+0000][1][safepoint    ] Safepoint "Cleanup", Time since last: 1000203270 ns, Reaching safepoint: 100462 ns, At safepoint: 7856 ns, Total: 108318 ns
[2020-09-11T15:09:00.982+0000][1][safepoint    ] Safepoint "Cleanup", Time since last: 1000204401 ns, Reaching safepoint: 100411 ns, At safepoint: 8450 ns, Total: 108861 ns
[2020-09-11T15:09:01.982+0000][1][safepoint    ] Safepoint "Cleanup", Time since last: 1000198660 ns, Reaching safepoint: 97227 ns, At safepoint: 7559 ns, Total: 104786 ns
[2020-09-11T15:09:02.983+0000][1][safepoint    ] Safepoint "Cleanup", Time since last: 1000994580 ns, Reaching safepoint: 162831 ns, At safepoint: 18044 ns, Total: 180875 ns
[2020-09-11T15:09:03.984+0000][1][safepoint    ] Safepoint "Cleanup", Time since last: 1000243088 ns, Reaching safepoint: 100652 ns, At safepoint: 7912 ns, Total: 108564 ns
[2020-09-11T15:09:04.984+0000][1][safepoint    ] Safepoint "Cleanup", Time since last: 1000183152 ns, Reaching safepoint: 102838 ns, At safepoint: 7942 ns, Total: 110780 ns
[2020-09-11T15:09:05.984+0000][1][safepoint    ] Safepoint "Cleanup", Time since last: 1000202844 ns, Reaching safepoint: 97647 ns, At safepoint: 8735 ns, Total: 106382 ns
[2020-09-11T15:09:06.985+0000][1][safepoint    ] Safepoint "Cleanup", Time since last: 1000151519 ns, Reaching safepoint: 118508 ns, At safepoint: 8587 ns, Total: 127095 ns
[2020-09-11T15:09:07.986+0000][1][safepoint    ] Safepoint "Cleanup", Time since last: 1000999877 ns, Reaching safepoint: 98817 ns, At safepoint: 7810 ns, Total: 106627 ns
[2020-09-11T15:09:08.986+0000][1][safepoint    ] Safepoint "Cleanup", Time since last: 1000197597 ns, Reaching safepoint: 110053 ns, At safepoint: 7917 ns, Total: 117970 ns
[2020-09-11T15:09:09.986+0000][1][safepoint    ] Safepoint "Cleanup", Time since last: 1000174508 ns, Reaching safepoint: 104870 ns, At safepoint: 8669 ns, Total: 113539 ns
[2020-09-11T15:09:10.987+0000][1][safepoint    ] Safepoint "Cleanup", Time since last: 1000179112 ns, Reaching safepoint: 105089 ns, At safepoint: 7762 ns, Total: 112851 ns
[2020-09-11T15:09:11.987+0000][1][safepoint    ] Safepoint "Cleanup", Time since last: 1000179355 ns, Reaching safepoint: 138929 ns, At safepoint: 18780 ns, Total: 157709 ns
[2020-09-11T15:09:12.988+0000][1][safepoint    ] Safepoint "Cleanup", Time since last: 1001108636 ns, Reaching safepoint: 148123 ns, At safepoint: 23407 ns, Total: 171530 ns
[2020-09-11T15:09:13.989+0000][1][safepoint    ] Safepoint "Cleanup", Time since last: 1000234612 ns, Reaching safepoint: 148615 ns, At safepoint: 18893 ns, Total: 167508 ns
[2020-09-11T15:09:14.989+0000][1][safepoint    ] Safepoint "Cleanup", Time since last: 1000246274 ns, Reaching safepoint: 139801 ns, At safepoint: 18632 ns, Total: 158433 ns
[2020-09-11T15:09:15.990+0000][1][safepoint    ] Safepoint "Cleanup", Time since last: 1000278452 ns, Reaching safepoint: 91112 ns, At safepoint: 8224 ns, Total: 99336 ns
[2020-09-11T15:09:16.990+0000][1][safepoint    ] Safepoint "Cleanup", Time since last: 1000169796 ns, Reaching safepoint: 128852 ns, At safepoint: 7881 ns, Total: 136733 ns
[2020-09-11T15:09:17.991+0000][1][safepoint    ] Safepoint "Cleanup", Time since last: 1000717752 ns, Reaching safepoint: 101734 ns, At safepoint: 8282 ns, Total: 110016 ns
[2020-09-11T15:09:18.991+0000][1][safepoint    ] Safepoint "Cleanup", Time since last: 1000191332 ns, Reaching safepoint: 104299 ns, At safepoint: 7822 ns, Total: 112121 ns
[2020-09-11T15:09:19.991+0000][1][safepoint    ] Safepoint "Cleanup", Time since last: 1000178435 ns, Reaching safepoint: 163927 ns, At safepoint: 19304 ns, Total: 183231 ns
[2020-09-11T15:09:20.992+0000][1][safepoint    ] Safepoint "Cleanup", Time since last: 1000226253 ns, Reaching safepoint: 140887 ns, At safepoint: 17780 ns, Total: 158667 ns
[2020-09-11T15:09:21.992+0000][1][safepoint    ] Safepoint "Cleanup", Time since last: 1000236556 ns, Reaching safepoint: 149867 ns, At safepoint: 18719 ns, Total: 168586 ns
[2020-09-11T15:09:22.993+0000][1][safepoint    ] Safepoint "Cleanup", Time since last: 1001087885 ns, Reaching safepoint: 139887 ns, At safepoint: 18957 ns, Total: 158844 ns
[2020-09-11T15:09:23.994+0000][1][safepoint    ] Safepoint "Cleanup", Time since last: 1000251582 ns, Reaching safepoint: 151795 ns, At safepoint: 18940 ns, Total: 170735 ns
[2020-09-11T15:09:24.994+0000][1][safepoint    ] Safepoint "Cleanup", Time since last: 1000197432 ns, Reaching safepoint: 138645 ns, At safepoint: 17443 ns, Total: 156088 ns
[2020-09-11T15:09:25.994+0000][1][safepoint    ] Safepoint "Cleanup", Time since last: 1000255918 ns, Reaching safepoint: 102868 ns, At safepoint: 7832 ns, Total: 110700 ns
[2020-09-11T15:09:26.995+0000][1][safepoint    ] Safepoint "Cleanup", Time since last: 1000184829 ns, Reaching safepoint: 106862 ns, At safepoint: 8211 ns, Total: 115073 ns
[2020-09-11T15:09:27.248+0000][1][gc,start     ] GC(86) Pause Young (Allocation Failure)
[2020-09-11T15:09:27.248+0000][1][gc,task      ] GC(86) Using 1 workers of 1 for evacuation
[2020-09-11T15:09:27.261+0000][1][gc,age       ] GC(86) Desired survivor size 4358144 bytes, new threshold 6 (max threshold 6)
[2020-09-11T15:09:27.261+0000][1][gc,age       ] GC(86) Age table with threshold 6 (max threshold 6)
[2020-09-11T15:09:27.261+0000][1][gc,age       ] GC(86) - age   1:      37384 bytes,      37384 total
[2020-09-11T15:09:27.262+0000][1][gc,age       ] GC(86) - age   2:       5088 bytes,      42472 total
[2020-09-11T15:09:27.262+0000][1][gc,age       ] GC(86) - age   3:       5792 bytes,      48264 total
[2020-09-11T15:09:27.262+0000][1][gc,age       ] GC(86) - age   4:       3056 bytes,      51320 total
[2020-09-11T15:09:27.262+0000][1][gc,age       ] GC(86) - age   5:      21176 bytes,      72496 total
[2020-09-11T15:09:27.262+0000][1][gc,age       ] GC(86) - age   6:      80904 bytes,     153400 total
[2020-09-11T15:09:27.262+0000][1][gc,heap      ] GC(86) ParNew: 68337K->261K(76672K)
[2020-09-11T15:09:27.262+0000][1][gc,heap      ] GC(86) CMS: 105572K->105575K(2011968K)
[2020-09-11T15:09:27.262+0000][1][gc,metaspace ] GC(86) Metaspace: 89439K->89439K(1132544K)
[2020-09-11T15:09:27.262+0000][1][gc           ] GC(86) Pause Young (Allocation Failure) 169M->103M(2039M) 13.226ms
[2020-09-11T15:09:27.262+0000][1][gc,cpu       ] GC(86) User=0.02s Sys=0.00s Real=0.01s
[2020-09-11T15:09:27.262+0000][1][safepoint    ] Safepoint "GenCollectForAllocation", Time since last: 253497311 ns, Reaching safepoint: 78204 ns, At safepoint: 13286951 ns, Total: 13365155 ns
[2020-09-11T15:09:28.263+0000][1][safepoint    ] Safepoint "Cleanup", Time since last: 1000682274 ns, Reaching safepoint: 151581 ns, At safepoint: 45582 ns, Total: 197163 ns
[2020-09-11T15:09:29.263+0000][1][safepoint    ] Safepoint "Cleanup", Time since last: 1000169422 ns, Reaching safepoint: 86845 ns, At safepoint: 6595 ns, Total: 93440 ns
[2020-09-11T15:09:30.263+0000][1][safepoint    ] Safepoint "Cleanup", Time since last: 1000148992 ns, Reaching safepoint: 104897 ns, At safepoint: 5687 ns, Total: 110584 ns
[2020-09-11T15:09:31.263+0000][1][safepoint    ] Safepoint "Cleanup", Time since last: 1000158875 ns, Reaching safepoint: 124743 ns, At safepoint: 16234 ns, Total: 140977 ns
[2020-09-11T15:09:32.264+0000][1][safepoint    ] Safepoint "Cleanup", Time since last: 1000240485 ns, Reaching safepoint: 93273 ns, At safepoint: 6827 ns, Total: 100100 ns
[2020-09-11T15:09:33.264+0000][1][safepoint    ] Safepoint "Cleanup", Time since last: 1000155019 ns, Reaching safepoint: 124495 ns, At safepoint: 16248 ns, Total: 140743 ns
[2020-09-11T15:09:34.264+0000][1][safepoint    ] Safepoint "Cleanup", Time since last: 1000187839 ns, Reaching safepoint: 136290 ns, At safepoint: 18492 ns, Total: 154782 ns
[2020-09-11T15:09:35.265+0000][1][safepoint    ] Safepoint "Cleanup", Time since last: 1000226057 ns, Reaching safepoint: 120744 ns, At safepoint: 16264 ns, Total: 137008 ns
[2020-09-11T15:09:36.265+0000][1][safepoint    ] Safepoint "Cleanup", Time since last: 1000243634 ns, Reaching safepoint: 136771 ns, At safepoint: 17269 ns, Total: 154040 ns
[2020-09-11T15:09:37.265+0000][1][safepoint    ] Safepoint "Cleanup", Time since last: 1000222376 ns, Reaching safepoint: 97485 ns, At safepoint: 6684 ns, Total: 104169 ns
[2020-09-11T15:09:38.266+0000][1][safepoint    ] Safepoint "Cleanup", Time since last: 1000864366 ns, Reaching safepoint: 73089 ns, At safepoint: 6717 ns, Total: 79806 ns
[2020-09-11T15:09:39.267+0000][1][safepoint    ] Safepoint "Cleanup", Time since last: 1000198127 ns, Reaching safepoint: 99695 ns, At safepoint: 6541 ns, Total: 106236 ns
[2020-09-11T15:09:40.267+0000][1][safepoint    ] Safepoint "Cleanup", Time since last: 1000176577 ns, Reaching safepoint: 132418 ns, At safepoint: 17166 ns, Total: 149584 ns
[2020-09-11T15:09:41.267+0000][1][safepoint    ] Safepoint "Cleanup", Time since last: 1000238385 ns, Reaching safepoint: 179095 ns, At safepoint: 15876 ns, Total: 194971 ns
[2020-09-11T15:09:42.268+0000][1][safepoint    ] Safepoint "Cleanup", Time since last: 1000243410 ns, Reaching safepoint: 136523 ns, At safepoint: 17637 ns, Total: 154160 ns
[2020-09-11T15:09:43.269+0000][1][safepoint    ] Safepoint "Cleanup", Time since last: 1001085125 ns, Reaching safepoint: 133981 ns, At safepoint: 15943 ns, Total: 149924 ns
[2020-09-11T15:09:44.269+0000][1][safepoint    ] Safepoint "Cleanup", Time since last: 1000221445 ns, Reaching safepoint: 103637 ns, At safepoint: 7809 ns, Total: 111446 ns
[2020-09-11T15:09:45.270+0000][1][safepoint    ] Safepoint "Cleanup", Time since last: 1000201814 ns, Reaching safepoint: 91994 ns, At safepoint: 6582 ns, Total: 98576 ns
[2020-09-11T15:09:46.270+0000][1][safepoint    ] Safepoint "Cleanup", Time since last: 1000190064 ns, Reaching safepoint: 89436 ns, At safepoint: 7531 ns, Total: 96967 ns
[2020-09-11T15:09:47.270+0000][1][safepoint    ] Safepoint "Cleanup", Time since last: 1000190545 ns, Reaching safepoint: 114963 ns, At safepoint: 15830 ns, Total: 130793 ns
[2020-09-11T15:09:48.271+0000][1][safepoint    ] Safepoint "Cleanup", Time since last: 1000814318 ns, Reaching safepoint: 126928 ns, At safepoint: 17434 ns, Total: 144362 ns
[2020-09-11T15:09:49.272+0000][1][safepoint    ] Safepoint "Cleanup", Time since last: 1000213203 ns, Reaching safepoint: 133633 ns, At safepoint: 16806 ns, Total: 150439 ns
[2020-09-11T15:09:50.272+0000][1][safepoint    ] Safepoint "Cleanup", Time since last: 1000238646 ns, Reaching safepoint: 139376 ns, At safepoint: 17063 ns, Total: 156439 ns
[2020-09-11T15:09:51.272+0000][1][safepoint    ] Safepoint "Cleanup", Time since last: 1000201254 ns, Reaching safepoint: 130850 ns, At safepoint: 17009 ns, Total: 147859 ns
[2020-09-11T15:09:52.273+0000][1][safepoint    ] Safepoint "Cleanup", Time since last: 1000191750 ns, Reaching safepoint: 132781 ns, At safepoint: 16525 ns, Total: 149306 ns
[2020-09-11T15:09:53.274+0000][1][safepoint    ] Safepoint "Cleanup", Time since last: 1001270666 ns, Reaching safepoint: 140154 ns, At safepoint: 15506 ns, Total: 155660 ns
[2020-09-11T15:09:54.274+0000][1][safepoint    ] Safepoint "Cleanup", Time since last: 1000217978 ns, Reaching safepoint: 103098 ns, At safepoint: 7264 ns, Total: 110362 ns
[2020-09-11T15:09:55.275+0000][1][safepoint    ] Safepoint "Cleanup", Time since last: 1000166030 ns, Reaching safepoint: 126811 ns, At safepoint: 16601 ns, Total: 143412 ns
[2020-09-11T15:09:56.275+0000][1][safepoint    ] Safepoint "Cleanup", Time since last: 1000238295 ns, Reaching safepoint: 137258 ns, At safepoint: 17561 ns, Total: 154819 ns
[2020-09-11T15:09:57.276+0000][1][safepoint    ] Safepoint "Cleanup", Time since last: 1000245559 ns, Reaching safepoint: 88504 ns, At safepoint: 7110 ns, Total: 95614 ns
[2020-09-11T15:09:58.276+0000][1][safepoint    ] Safepoint "Cleanup", Time since last: 1000740086 ns, Reaching safepoint: 128576 ns, At safepoint: 16264 ns, Total: 144840 ns
[2020-09-11T15:09:59.277+0000][1][safepoint    ] Safepoint "Cleanup", Time since last: 1000146505 ns, Reaching safepoint: 152981 ns, At safepoint: 17794 ns, Total: 170775 ns
[2020-09-11T15:10:00.277+0000][1][safepoint    ] Safepoint "Cleanup", Time since last: 1000194783 ns, Reaching safepoint: 102620 ns, At safepoint: 7416 ns, Total: 110036 ns
[2020-09-11T15:10:01.277+0000][1][safepoint    ] Safepoint "Cleanup", Time since last: 1000189459 ns, Reaching safepoint: 89632 ns, At safepoint: 6442 ns, Total: 96074 ns
[2020-09-11T15:10:02.278+0000][1][safepoint    ] Safepoint "Cleanup", Time since last: 1000179841 ns, Reaching safepoint: 135795 ns, At safepoint: 17493 ns, Total: 153288 ns
[2020-09-11T15:10:03.279+0000][1][safepoint    ] Safepoint "Cleanup", Time since last: 1001026525 ns, Reaching safepoint: 128067 ns, At safepoint: 15836 ns, Total: 143903 ns
[2020-09-11T15:10:04.279+0000][1][safepoint    ] Safepoint "Cleanup", Time since last: 1000225076 ns, Reaching safepoint: 123741 ns, At safepoint: 17403 ns, Total: 141144 ns
[2020-09-11T15:10:05.280+0000][1][safepoint    ] Safepoint "Cleanup", Time since last: 1000293212 ns, Reaching safepoint: 65923 ns, At safepoint: 5847 ns, Total: 71770 ns
[2020-09-11T15:10:06.280+0000][1][safepoint    ] Safepoint "Cleanup", Time since last: 1000180463 ns, Reaching safepoint: 126122 ns, At safepoint: 17457 ns, Total: 143579 ns
[2020-09-11T15:10:07.280+0000][1][safepoint    ] Safepoint "Cleanup", Time since last: 1000226271 ns, Reaching safepoint: 126520 ns, At safepoint: 16445 ns, Total: 142965 ns
[2020-09-11T15:10:08.281+0000][1][safepoint    ] Safepoint "Cleanup", Time since last: 1000895725 ns, Reaching safepoint: 97105 ns, At safepoint: 7145 ns, Total: 104250 ns
[2020-09-11T15:10:09.282+0000][1][safepoint    ] Safepoint "Cleanup", Time since last: 1000197343 ns, Reaching safepoint: 128218 ns, At safepoint: 16565 ns, Total: 144783 ns
[2020-09-11T15:10:10.282+0000][1][safepoint    ] Safepoint "Cleanup", Time since last: 1000220077 ns, Reaching safepoint: 123677 ns, At safepoint: 17480 ns, Total: 141157 ns
[2020-09-11T15:10:11.282+0000][1][safepoint    ] Safepoint "Cleanup", Time since last: 1000226052 ns, Reaching safepoint: 130165 ns, At safepoint: 17313 ns, Total: 147478 ns
[2020-09-11T15:10:12.283+0000][1][safepoint    ] Safepoint "Cleanup", Time since last: 1000229181 ns, Reaching safepoint: 134241 ns, At safepoint: 17193 ns, Total: 151434 ns
[2020-09-11T15:10:13.284+0000][1][safepoint    ] Safepoint "Cleanup", Time since last: 1000944446 ns, Reaching safepoint: 126453 ns, At safepoint: 16715 ns, Total: 143168 ns
[2020-09-11T15:10:14.284+0000][1][safepoint    ] Safepoint "Cleanup", Time since last: 1000225309 ns, Reaching safepoint: 106793 ns, At safepoint: 6899 ns, Total: 113692 ns
[2020-09-11T15:10:15.285+0000][1][safepoint    ] Safepoint "Cleanup", Time since last: 1000331706 ns, Reaching safepoint: 84945 ns, At safepoint: 18102 ns, Total: 103047 ns
[2020-09-11T15:10:16.285+0000][1][safepoint    ] Safepoint "Cleanup", Time since last: 1000172083 ns, Reaching safepoint: 126540 ns, At safepoint: 16973 ns, Total: 143513 ns
[2020-09-11T15:10:17.285+0000][1][safepoint    ] Safepoint "Cleanup", Time since last: 1000187059 ns, Reaching safepoint: 124106 ns, At safepoint: 6109 ns, Total: 130215 ns
[2020-09-11T15:10:18.286+0000][1][safepoint    ] Safepoint "Cleanup", Time since last: 1000820268 ns, Reaching safepoint: 91293 ns, At safepoint: 7427 ns, Total: 98720 ns
[2020-09-11T15:10:19.286+0000][1][safepoint    ] Safepoint "Cleanup", Time since last: 1000181083 ns, Reaching safepoint: 167358 ns, At safepoint: 16962 ns, Total: 184320 ns
[2020-09-11T15:10:20.287+0000][1][safepoint    ] Safepoint "Cleanup", Time since last: 1000181368 ns, Reaching safepoint: 132744 ns, At safepoint: 17541 ns, Total: 150285 ns
[2020-09-11T15:10:21.287+0000][1][safepoint    ] Safepoint "Cleanup", Time since last: 1000231920 ns, Reaching safepoint: 94119 ns, At safepoint: 6977 ns, Total: 101096 ns
[2020-09-11T15:10:22.287+0000][1][safepoint    ] Safepoint "Cleanup", Time since last: 1000204268 ns, Reaching safepoint: 100670 ns, At safepoint: 6786 ns, Total: 107456 ns
[2020-09-11T15:10:23.288+0000][1][safepoint    ] Safepoint "Cleanup", Time since last: 1000883255 ns, Reaching safepoint: 130614 ns, At safepoint: 16624 ns, Total: 147238 ns
[2020-09-11T15:10:24.289+0000][1][safepoint    ] Safepoint "Cleanup", Time since last: 1000210148 ns, Reaching safepoint: 94126 ns, At safepoint: 7504 ns, Total: 101630 ns
[2020-09-11T15:10:25.289+0000][1][safepoint    ] Safepoint "Cleanup", Time since last: 1000199540 ns, Reaching safepoint: 99021 ns, At safepoint: 6380 ns, Total: 105401 ns
[2020-09-11T15:10:26.289+0000][1][safepoint    ] Safepoint "Cleanup", Time since last: 1000151730 ns, Reaching safepoint: 113285 ns, At safepoint: 7186 ns, Total: 120471 ns
[2020-09-11T15:10:27.290+0000][1][safepoint    ] Safepoint "Cleanup", Time since last: 1000254595 ns, Reaching safepoint: 138675 ns, At safepoint: 18953 ns, Total: 157628 ns
[2020-09-11T15:10:28.291+0000][1][safepoint    ] Safepoint "Cleanup", Time since last: 1001139988 ns, Reaching safepoint: 127817 ns, At safepoint: 17838 ns, Total: 145655 ns
[2020-09-11T15:10:29.292+0000][1][safepoint    ] Safepoint "Cleanup", Time since last: 1000229627 ns, Reaching safepoint: 163685 ns, At safepoint: 38041 ns, Total: 201726 ns
[2020-09-11T15:10:30.292+0000][1][safepoint    ] Safepoint "Cleanup", Time since last: 1000164024 ns, Reaching safepoint: 71995 ns, At safepoint: 7024 ns, Total: 79019 ns
[2020-09-11T15:10:31.292+0000][1][safepoint    ] Safepoint "Cleanup", Time since last: 1000161978 ns, Reaching safepoint: 107834 ns, At safepoint: 6664 ns, Total: 114498 ns
[2020-09-11T15:10:32.292+0000][1][safepoint    ] Safepoint "Cleanup", Time since last: 1000179785 ns, Reaching safepoint: 139293 ns, At safepoint: 18112 ns, Total: 157405 ns
[2020-09-11T15:10:33.294+0000][1][safepoint    ] Safepoint "Cleanup", Time since last: 1001022992 ns, Reaching safepoint: 127616 ns, At safepoint: 16481 ns, Total: 144097 ns
[2020-09-11T15:10:34.294+0000][1][safepoint    ] Safepoint "Cleanup", Time since last: 1000281954 ns, Reaching safepoint: 66614 ns, At safepoint: 7318 ns, Total: 73932 ns
[2020-09-11T15:10:35.294+0000][1][safepoint    ] Safepoint "Cleanup", Time since last: 1000174219 ns, Reaching safepoint: 101443 ns, At safepoint: 6858 ns, Total: 108301 ns
[2020-09-11T15:10:36.294+0000][1][safepoint    ] Safepoint "Cleanup", Time since last: 1000178878 ns, Reaching safepoint: 128158 ns, At safepoint: 17724 ns, Total: 145882 ns
[2020-09-11T15:10:37.295+0000][1][safepoint    ] Safepoint "Cleanup", Time since last: 1000218961 ns, Reaching safepoint: 103332 ns, At safepoint: 8564 ns, Total: 111896 ns
[2020-09-11T15:10:38.296+0000][1][safepoint    ] Safepoint "Cleanup", Time since last: 1000752002 ns, Reaching safepoint: 149503 ns, At safepoint: 18335 ns, Total: 167838 ns
[2020-09-11T15:10:39.153+0000][1][gc,start     ] GC(87) Pause Young (Allocation Failure)
[2020-09-11T15:10:39.153+0000][1][gc,task      ] GC(87) Using 1 workers of 1 for evacuation
[2020-09-11T15:10:39.167+0000][1][gc,age       ] GC(87) Desired survivor size 4358144 bytes, new threshold 6 (max threshold 6)
[2020-09-11T15:10:39.167+0000][1][gc,age       ] GC(87) Age table with threshold 6 (max threshold 6)
[2020-09-11T15:10:39.167+0000][1][gc,age       ] GC(87) - age   1:      42768 bytes,      42768 total
[2020-09-11T15:10:39.167+0000][1][gc,age       ] GC(87) - age   2:       4696 bytes,      47464 total
[2020-09-11T15:10:39.167+0000][1][gc,age       ] GC(87) - age   3:       5088 bytes,      52552 total
[2020-09-11T15:10:39.167+0000][1][gc,age       ] GC(87) - age   4:       4432 bytes,      56984 total
[2020-09-11T15:10:39.167+0000][1][gc,age       ] GC(87) - age   5:       3056 bytes,      60040 total
[2020-09-11T15:10:39.167+0000][1][gc,age       ] GC(87) - age   6:      21176 bytes,      81216 total
[2020-09-11T15:10:39.167+0000][1][gc,heap      ] GC(87) ParNew: 68421K->88K(76672K)
[2020-09-11T15:10:39.167+0000][1][gc,heap      ] GC(87) CMS: 105575K->105655K(2011968K)
[2020-09-11T15:10:39.167+0000][1][gc,metaspace ] GC(87) Metaspace: 89510K->89510K(1132544K)
[2020-09-11T15:10:39.167+0000][1][gc           ] GC(87) Pause Young (Allocation Failure) 169M->103M(2039M) 14.174ms
[2020-09-11T15:10:39.167+0000][1][gc,cpu       ] GC(87) User=0.01s Sys=0.00s Real=0.02s
[2020-09-11T15:10:39.167+0000][1][safepoint    ] Safepoint "GenCollectForAllocation", Time since last: 857124850 ns, Reaching safepoint: 191557 ns, At safepoint: 14244905 ns, Total: 14436462 ns
[2020-09-11T15:10:40.171+0000][1][safepoint    ] Safepoint "Cleanup", Time since last: 1003680439 ns, Reaching safepoint: 238343 ns, At safepoint: 46634 ns, Total: 284977 ns
[2020-09-11T15:10:41.172+0000][1][safepoint    ] Safepoint "Cleanup", Time since last: 1000243662 ns, Reaching safepoint: 236793 ns, At safepoint: 43156 ns, Total: 279949 ns
[2020-09-11T15:10:42.172+0000][1][safepoint    ] Safepoint "Cleanup", Time since last: 1000224384 ns, Reaching safepoint: 109784 ns, At safepoint: 17779 ns, Total: 127563 ns
[2020-09-11T15:10:43.173+0000][1][safepoint    ] Safepoint "Cleanup", Time since last: 1000127487 ns, Reaching safepoint: 326128 ns, At safepoint: 16748 ns, Total: 342876 ns
[2020-09-11T15:10:44.173+0000][1][safepoint    ] Safepoint "Cleanup", Time since last: 1000153344 ns, Reaching safepoint: 210216 ns, At safepoint: 7264 ns, Total: 217480 ns
[2020-09-11T15:10:45.173+0000][1][safepoint    ] Safepoint "Cleanup", Time since last: 1000190892 ns, Reaching safepoint: 138331 ns, At safepoint: 17006 ns, Total: 155337 ns
[2020-09-11T15:10:46.174+0000][1][safepoint    ] Safepoint "Cleanup", Time since last: 1000226302 ns, Reaching safepoint: 137378 ns, At safepoint: 18118 ns, Total: 155496 ns
[2020-09-11T15:10:47.174+0000][1][safepoint    ] Safepoint "Cleanup", Time since last: 1000288262 ns, Reaching safepoint: 100608 ns, At safepoint: 7309 ns, Total: 107917 ns
[2020-09-11T15:10:48.174+0000][1][safepoint    ] Safepoint "Cleanup", Time since last: 1000185456 ns, Reaching safepoint: 135517 ns, At safepoint: 17698 ns, Total: 153215 ns
[2020-09-11T15:10:49.176+0000][1][safepoint    ] Safepoint "Cleanup", Time since last: 1000986339 ns, Reaching safepoint: 112151 ns, At safepoint: 6497 ns, Total: 118648 ns
[2020-09-11T15:10:50.176+0000][1][safepoint    ] Safepoint "Cleanup", Time since last: 1000197367 ns, Reaching safepoint: 139106 ns, At safepoint: 18128 ns, Total: 157234 ns
[2020-09-11T15:10:51.176+0000][1][safepoint    ] Safepoint "Cleanup", Time since last: 1000216596 ns, Reaching safepoint: 137682 ns, At safepoint: 18399 ns, Total: 156081 ns
[2020-09-11T15:10:52.177+0000][1][safepoint    ] Safepoint "Cleanup", Time since last: 1000224852 ns, Reaching safepoint: 139069 ns, At safepoint: 19021 ns, Total: 158090 ns
[2020-09-11T15:10:53.177+0000][1][safepoint    ] Safepoint "Cleanup", Time since last: 1000238076 ns, Reaching safepoint: 138481 ns, At safepoint: 18622 ns, Total: 157103 ns
[2020-09-11T15:10:54.178+0000][1][safepoint    ] Safepoint "Cleanup", Time since last: 1001102448 ns, Reaching safepoint: 169031 ns, At safepoint: 20835 ns, Total: 189866 ns
[2020-09-11T15:10:55.179+0000][1][safepoint    ] Safepoint "Cleanup", Time since last: 1000214161 ns, Reaching safepoint: 139677 ns, At safepoint: 17387 ns, Total: 157064 ns
[2020-09-11T15:10:56.179+0000][1][safepoint    ] Safepoint "Cleanup", Time since last: 1000252387 ns, Reaching safepoint: 99338 ns, At safepoint: 7978 ns, Total: 107316 ns
[2020-09-11T15:10:57.179+0000][1][safepoint    ] Safepoint "Cleanup", Time since last: 1000145664 ns, Reaching safepoint: 136640 ns, At safepoint: 16361 ns, Total: 153001 ns
[2020-09-11T15:10:58.180+0000][1][safepoint    ] Safepoint "Cleanup", Time since last: 1000251811 ns, Reaching safepoint: 135170 ns, At safepoint: 17450 ns, Total: 152620 ns
[2020-09-11T15:10:59.181+0000][1][safepoint    ] Safepoint "Cleanup", Time since last: 1001141977 ns, Reaching safepoint: 135672 ns, At safepoint: 17192 ns, Total: 152864 ns
[2020-09-11T15:11:00.182+0000][1][safepoint    ] Safepoint "Cleanup", Time since last: 1000249062 ns, Reaching safepoint: 151902 ns, At safepoint: 18513 ns, Total: 170415 ns
[2020-09-11T15:11:01.182+0000][1][safepoint    ] Safepoint "Cleanup", Time since last: 1000198152 ns, Reaching safepoint: 139199 ns, At safepoint: 16585 ns, Total: 155784 ns
[2020-09-11T15:11:02.182+0000][1][safepoint    ] Safepoint "Cleanup", Time since last: 1000201266 ns, Reaching safepoint: 112792 ns, At safepoint: 8226 ns, Total: 121018 ns
[2020-09-11T15:11:03.183+0000][1][safepoint    ] Safepoint "Cleanup", Time since last: 1000204995 ns, Reaching safepoint: 123102 ns, At safepoint: 7048 ns, Total: 130150 ns
[2020-09-11T15:11:04.183+0000][1][safepoint    ] Safepoint "Cleanup", Time since last: 1000777004 ns, Reaching safepoint: 190082 ns, At safepoint: 17016 ns, Total: 207098 ns
[2020-09-11T15:11:05.184+0000][1][safepoint    ] Safepoint "Cleanup", Time since last: 1000233733 ns, Reaching safepoint: 139193 ns, At safepoint: 16665 ns, Total: 155858 ns
[2020-09-11T15:11:06.184+0000][1][safepoint    ] Safepoint "Cleanup", Time since last: 1000239858 ns, Reaching safepoint: 138407 ns, At safepoint: 18379 ns, Total: 156786 ns
[2020-09-11T15:11:07.185+0000][1][safepoint    ] Safepoint "Cleanup", Time since last: 1000260466 ns, Reaching safepoint: 91728 ns, At safepoint: 7226 ns, Total: 98954 ns
[2020-09-11T15:11:08.185+0000][1][safepoint    ] Safepoint "Cleanup", Time since last: 1000146967 ns, Reaching safepoint: 137172 ns, At safepoint: 16862 ns, Total: 154034 ns
[2020-09-11T15:11:09.186+0000][1][safepoint    ] Safepoint "Cleanup", Time since last: 1001115817 ns, Reaching safepoint: 111818 ns, At safepoint: 7196 ns, Total: 119014 ns
[2020-09-11T15:11:10.186+0000][1][safepoint    ] Safepoint "Cleanup", Time since last: 1000195507 ns, Reaching safepoint: 103661 ns, At safepoint: 7730 ns, Total: 111391 ns
[2020-09-11T15:11:11.187+0000][1][safepoint    ] Safepoint "Cleanup", Time since last: 1000162978 ns, Reaching safepoint: 142908 ns, At safepoint: 17367 ns, Total: 160275 ns
[2020-09-11T15:11:12.187+0000][1][safepoint    ] Safepoint "Cleanup", Time since last: 1000182824 ns, Reaching safepoint: 134469 ns, At safepoint: 17867 ns, Total: 152336 ns
[2020-09-11T15:11:13.188+0000][1][safepoint    ] Safepoint "Cleanup", Time since last: 1000219228 ns, Reaching safepoint: 175997 ns, At safepoint: 16301 ns, Total: 192298 ns
[2020-09-11T15:11:14.189+0000][1][safepoint    ] Safepoint "Cleanup", Time since last: 1001199726 ns, Reaching safepoint: 101701 ns, At safepoint: 7620 ns, Total: 109321 ns
[2020-09-11T15:11:15.189+0000][1][safepoint    ] Safepoint "Cleanup", Time since last: 1000180692 ns, Reaching safepoint: 101758 ns, At safepoint: 6879 ns, Total: 108637 ns
[2020-09-11T15:11:16.190+0000][1][safepoint    ] Safepoint "Cleanup", Time since last: 1000193778 ns, Reaching safepoint: 138541 ns, At safepoint: 17945 ns, Total: 156486 ns
[2020-09-11T15:11:17.190+0000][1][safepoint    ] Safepoint "Cleanup", Time since last: 1000235248 ns, Reaching safepoint: 134923 ns, At safepoint: 17677 ns, Total: 152600 ns
[2020-09-11T15:11:18.190+0000][1][safepoint    ] Safepoint "Cleanup", Time since last: 1000238736 ns, Reaching safepoint: 100161 ns, At safepoint: 7133 ns, Total: 107294 ns
[2020-09-11T15:11:19.191+0000][1][safepoint    ] Safepoint "Cleanup", Time since last: 1000771406 ns, Reaching safepoint: 91481 ns, At safepoint: 6806 ns, Total: 98287 ns
[2020-09-11T15:11:20.191+0000][1][safepoint    ] Safepoint "Cleanup", Time since last: 1000181000 ns, Reaching safepoint: 116304 ns, At safepoint: 6756 ns, Total: 123060 ns
[2020-09-11T15:11:21.192+0000][1][safepoint    ] Safepoint "Cleanup", Time since last: 1000150580 ns, Reaching safepoint: 89887 ns, At safepoint: 7304 ns, Total: 97191 ns
[2020-09-11T15:11:22.192+0000][1][safepoint    ] Safepoint "Cleanup", Time since last: 1000140719 ns, Reaching safepoint: 139407 ns, At safepoint: 17914 ns, Total: 157321 ns
[2020-09-11T15:11:23.192+0000][1][safepoint    ] Safepoint "Cleanup", Time since last: 1000191098 ns, Reaching safepoint: 157051 ns, At safepoint: 18108 ns, Total: 175159 ns
[2020-09-11T15:11:24.193+0000][1][safepoint    ] Safepoint "Cleanup", Time since last: 1000940892 ns, Reaching safepoint: 151184 ns, At safepoint: 18659 ns, Total: 169843 ns
[2020-09-11T15:11:25.194+0000][1][safepoint    ] Safepoint "Cleanup", Time since last: 1000209493 ns, Reaching safepoint: 100777 ns, At safepoint: 7083 ns, Total: 107860 ns
[2020-09-11T15:11:26.194+0000][1][safepoint    ] Safepoint "Cleanup", Time since last: 1000177985 ns, Reaching safepoint: 384099 ns, At safepoint: 18712 ns, Total: 402811 ns
[2020-09-11T15:11:27.195+0000][1][safepoint    ] Safepoint "Cleanup", Time since last: 1000216131 ns, Reaching safepoint: 104415 ns, At safepoint: 6318 ns, Total: 110733 ns
[2020-09-11T15:11:28.195+0000][1][safepoint    ] Safepoint "Cleanup", Time since last: 1000139979 ns, Reaching safepoint: 119120 ns, At safepoint: 7547 ns, Total: 126667 ns
[2020-09-11T15:11:29.196+0000][1][safepoint    ] Safepoint "Cleanup", Time since last: 1000742652 ns, Reaching safepoint: 137302 ns, At safepoint: 17202 ns, Total: 154504 ns
[2020-09-11T15:11:30.196+0000][1][safepoint    ] Safepoint "Cleanup", Time since last: 1000233105 ns, Reaching safepoint: 140235 ns, At safepoint: 17711 ns, Total: 157946 ns
[2020-09-11T15:11:31.197+0000][1][safepoint    ] Safepoint "Cleanup", Time since last: 1000230464 ns, Reaching safepoint: 95113 ns, At safepoint: 7145 ns, Total: 102258 ns
[2020-09-11T15:11:32.197+0000][1][safepoint    ] Safepoint "Cleanup", Time since last: 1000196199 ns, Reaching safepoint: 138685 ns, At safepoint: 18218 ns, Total: 156903 ns
[2020-09-11T15:11:33.552+0000][1][safepoint    ] Safepoint "Cleanup", Time since last: 1354666502 ns, Reaching safepoint: 118169 ns, At safepoint: 8040 ns, Total: 126209 ns
[2020-09-11T15:11:34.553+0000][1][safepoint    ] Safepoint "Cleanup", Time since last: 1000874424 ns, Reaching safepoint: 96468 ns, At safepoint: 7502 ns, Total: 103970 ns
[2020-09-11T15:11:35.553+0000][1][safepoint    ] Safepoint "Cleanup", Time since last: 1000200775 ns, Reaching safepoint: 100612 ns, At safepoint: 7250 ns, Total: 107862 ns
[2020-09-11T15:11:36.553+0000][1][safepoint    ] Safepoint "Cleanup", Time since last: 1000175484 ns, Reaching safepoint: 104835 ns, At safepoint: 8354 ns, Total: 113189 ns
[2020-09-11T15:11:37.554+0000][1][safepoint    ] Safepoint "Cleanup", Time since last: 1000167183 ns, Reaching safepoint: 140509 ns, At safepoint: 17834 ns, Total: 158343 ns
[2020-09-11T15:11:38.554+0000][1][safepoint    ] Safepoint "Cleanup", Time since last: 1000247097 ns, Reaching safepoint: 135909 ns, At safepoint: 18008 ns, Total: 153917 ns
[2020-09-11T15:11:39.555+0000][1][safepoint    ] Safepoint "Cleanup", Time since last: 1001041153 ns, Reaching safepoint: 135800 ns, At safepoint: 17644 ns, Total: 153444 ns
[2020-09-11T15:11:40.556+0000][1][safepoint    ] Safepoint "Cleanup", Time since last: 1000226883 ns, Reaching safepoint: 101539 ns, At safepoint: 7291 ns, Total: 108830 ns
[2020-09-11T15:11:41.556+0000][1][safepoint    ] Safepoint "Cleanup", Time since last: 1000123081 ns, Reaching safepoint: 74618 ns, At safepoint: 7287 ns, Total: 81905 ns
[2020-09-11T15:11:42.556+0000][1][safepoint    ] Safepoint "Cleanup", Time since last: 1000168777 ns, Reaching safepoint: 118864 ns, At safepoint: 9860 ns, Total: 128724 ns
[2020-09-11T15:11:43.556+0000][1][safepoint    ] Safepoint "Cleanup", Time since last: 1000191850 ns, Reaching safepoint: 137691 ns, At safepoint: 8713 ns, Total: 146404 ns
[2020-09-11T15:11:44.557+0000][1][safepoint    ] Safepoint "Cleanup", Time since last: 1000747383 ns, Reaching safepoint: 72349 ns, At safepoint: 6118 ns, Total: 78467 ns
[2020-09-11T15:11:45.557+0000][1][safepoint    ] Safepoint "Cleanup", Time since last: 1000192071 ns, Reaching safepoint: 97043 ns, At safepoint: 7988 ns, Total: 105031 ns
[2020-09-11T15:11:46.558+0000][1][safepoint    ] Safepoint "Cleanup", Time since last: 1000146478 ns, Reaching safepoint: 156102 ns, At safepoint: 19150 ns, Total: 175252 ns
[2020-09-11T15:11:47.558+0000][1][safepoint    ] Safepoint "Cleanup", Time since last: 1000182562 ns, Reaching safepoint: 138074 ns, At safepoint: 17159 ns, Total: 155233 ns
[2020-09-11T15:11:48.560+0000][1][safepoint    ] Safepoint "Cleanup", Time since last: 1001505145 ns, Reaching safepoint: 193751 ns, At safepoint: 18954 ns, Total: 212705 ns
[2020-09-11T15:11:49.257+0000][1][gc,start     ] GC(88) Pause Young (Allocation Failure)
[2020-09-11T15:11:49.257+0000][1][gc,task      ] GC(88) Using 1 workers of 1 for evacuation
[2020-09-11T15:11:49.271+0000][1][gc,age       ] GC(88) Desired survivor size 4358144 bytes, new threshold 6 (max threshold 6)
[2020-09-11T15:11:49.271+0000][1][gc,age       ] GC(88) Age table with threshold 6 (max threshold 6)
[2020-09-11T15:11:49.271+0000][1][gc,age       ] GC(88) - age   1:      33760 bytes,      33760 total
[2020-09-11T15:11:49.271+0000][1][gc,age       ] GC(88) - age   2:      12432 bytes,      46192 total
[2020-09-11T15:11:49.271+0000][1][gc,age       ] GC(88) - age   3:       4696 bytes,      50888 total
[2020-09-11T15:11:49.271+0000][1][gc,age       ] GC(88) - age   4:       3848 bytes,      54736 total
[2020-09-11T15:11:49.271+0000][1][gc,age       ] GC(88) - age   5:       4432 bytes,      59168 total
[2020-09-11T15:11:49.271+0000][1][gc,age       ] GC(88) - age   6:       3056 bytes,      62224 total
[2020-09-11T15:11:49.271+0000][1][gc,heap      ] GC(88) ParNew: 68248K->81K(76672K)
[2020-09-11T15:11:49.271+0000][1][gc,heap      ] GC(88) CMS: 105655K->105676K(2011968K)
[2020-09-11T15:11:49.271+0000][1][gc,metaspace ] GC(88) Metaspace: 89594K->89594K(1132544K)
[2020-09-11T15:11:49.271+0000][1][gc           ] GC(88) Pause Young (Allocation Failure) 169M->103M(2039M) 13.990ms
[2020-09-11T15:11:49.271+0000][1][gc,cpu       ] GC(88) User=0.01s Sys=0.00s Real=0.01s
[2020-09-11T15:11:49.271+0000][1][safepoint    ] Safepoint "GenCollectForAllocation", Time since last: 697220202 ns, Reaching safepoint: 191114 ns, At safepoint: 14084291 ns, Total: 14275405 ns
[2020-09-11T15:11:50.274+0000][1][safepoint    ] Safepoint "Cleanup", Time since last: 1002316133 ns, Reaching safepoint: 144836 ns, At safepoint: 41282 ns, Total: 186118 ns
[2020-09-11T15:11:51.274+0000][1][safepoint    ] Safepoint "Cleanup", Time since last: 1000244682 ns, Reaching safepoint: 169716 ns, At safepoint: 13514 ns, Total: 183230 ns
[2020-09-11T15:11:52.275+0000][1][safepoint    ] Safepoint "Cleanup", Time since last: 1000191127 ns, Reaching safepoint: 233850 ns, At safepoint: 18001 ns, Total: 251851 ns
[2020-09-11T15:11:53.275+0000][1][safepoint    ] Safepoint "Cleanup", Time since last: 1000199824 ns, Reaching safepoint: 222430 ns, At safepoint: 18950 ns, Total: 241380 ns
[2020-09-11T15:11:54.276+0000][1][safepoint    ] Safepoint "Cleanup", Time since last: 1000165601 ns, Reaching safepoint: 337969 ns, At safepoint: 21068 ns, Total: 359037 ns
[2020-09-11T15:11:55.276+0000][1][safepoint    ] Safepoint "Cleanup", Time since last: 1000229192 ns, Reaching safepoint: 135244 ns, At safepoint: 19033 ns, Total: 154277 ns
[2020-09-11T15:11:56.276+0000][1][safepoint    ] Safepoint "Cleanup", Time since last: 1000209795 ns, Reaching safepoint: 108474 ns, At safepoint: 8014 ns, Total: 116488 ns
[2020-09-11T15:11:57.277+0000][1][safepoint    ] Safepoint "Cleanup", Time since last: 1000177547 ns, Reaching safepoint: 135524 ns, At safepoint: 15896 ns, Total: 151420 ns
[2020-09-11T15:11:58.277+0000][1][safepoint    ] Safepoint "Cleanup", Time since last: 1000184728 ns, Reaching safepoint: 133243 ns, At safepoint: 16698 ns, Total: 149941 ns
[2020-09-11T15:11:59.277+0000][1][safepoint    ] Safepoint "Cleanup", Time since last: 1000177799 ns, Reaching safepoint: 134167 ns, At safepoint: 16415 ns, Total: 150582 ns
[2020-09-11T15:12:00.278+0000][1][safepoint    ] Safepoint "Cleanup", Time since last: 1000194723 ns, Reaching safepoint: 110902 ns, At safepoint: 6109 ns, Total: 117011 ns
[2020-09-11T15:12:01.278+0000][1][safepoint    ] Safepoint "Cleanup", Time since last: 1000173942 ns, Reaching safepoint: 102613 ns, At safepoint: 6812 ns, Total: 109425 ns
[2020-09-11T15:12:02.278+0000][1][safepoint    ] Safepoint "Cleanup", Time since last: 1000182810 ns, Reaching safepoint: 137068 ns, At safepoint: 18252 ns, Total: 155320 ns
[2020-09-11T15:12:03.279+0000][1][safepoint    ] Safepoint "Cleanup", Time since last: 1000233208 ns, Reaching safepoint: 99985 ns, At safepoint: 6788 ns, Total: 106773 ns
[2020-09-11T15:12:04.279+0000][1][safepoint    ] Safepoint "Cleanup", Time since last: 1000204029 ns, Reaching safepoint: 95168 ns, At safepoint: 7829 ns, Total: 102997 ns
[2020-09-11T15:12:05.279+0000][1][safepoint    ] Safepoint "Cleanup", Time since last: 1000200069 ns, Reaching safepoint: 145143 ns, At safepoint: 18439 ns, Total: 163582 ns
[2020-09-11T15:12:06.280+0000][1][safepoint    ] Safepoint "Cleanup", Time since last: 1000211169 ns, Reaching safepoint: 143289 ns, At safepoint: 18272 ns, Total: 161561 ns
[2020-09-11T15:12:07.280+0000][1][safepoint    ] Safepoint "Cleanup", Time since last: 1000182945 ns, Reaching safepoint: 118917 ns, At safepoint: 5950 ns, Total: 124867 ns
[2020-09-11T15:12:08.280+0000][1][safepoint    ] Safepoint "Cleanup", Time since last: 1000167643 ns, Reaching safepoint: 139166 ns, At safepoint: 18222 ns, Total: 157388 ns
[2020-09-11T15:12:09.281+0000][1][safepoint    ] Safepoint "Cleanup", Time since last: 1000216402 ns, Reaching safepoint: 100001 ns, At safepoint: 6847 ns, Total: 106848 ns
[2020-09-11T15:12:10.281+0000][1][safepoint    ] Safepoint "Cleanup", Time since last: 1000145553 ns, Reaching safepoint: 120586 ns, At safepoint: 7137 ns, Total: 127723 ns
[2020-09-11T15:12:11.281+0000][1][safepoint    ] Safepoint "Cleanup", Time since last: 1000139062 ns, Reaching safepoint: 118022 ns, At safepoint: 6793 ns, Total: 124815 ns
[2020-09-11T15:12:12.282+0000][1][safepoint    ] Safepoint "Cleanup", Time since last: 1000178365 ns, Reaching safepoint: 136931 ns, At safepoint: 18235 ns, Total: 155166 ns
[2020-09-11T15:12:13.282+0000][1][safepoint    ] Safepoint "Cleanup", Time since last: 1000212484 ns, Reaching safepoint: 126092 ns, At safepoint: 15840 ns, Total: 141932 ns
[2020-09-11T15:12:14.282+0000][1][safepoint    ] Safepoint "Cleanup", Time since last: 1000185636 ns, Reaching safepoint: 139347 ns, At safepoint: 17319 ns, Total: 156666 ns
[2020-09-11T15:12:15.283+0000][1][safepoint    ] Safepoint "Cleanup", Time since last: 1000217066 ns, Reaching safepoint: 138017 ns, At safepoint: 17263 ns, Total: 155280 ns
[2020-09-11T15:12:16.283+0000][1][safepoint    ] Safepoint "Cleanup", Time since last: 1000228835 ns, Reaching safepoint: 136680 ns, At safepoint: 18008 ns, Total: 154688 ns
[2020-09-11T15:12:17.283+0000][1][safepoint    ] Safepoint "Cleanup", Time since last: 1000177680 ns, Reaching safepoint: 132230 ns, At safepoint: 15342 ns, Total: 147572 ns
[2020-09-11T15:12:18.284+0000][1][safepoint    ] Safepoint "Cleanup", Time since last: 1000172087 ns, Reaching safepoint: 134192 ns, At safepoint: 16240 ns, Total: 150432 ns
[2020-09-11T15:12:19.284+0000][1][safepoint    ] Safepoint "Cleanup", Time since last: 1000170229 ns, Reaching safepoint: 134732 ns, At safepoint: 14801 ns, Total: 149533 ns
[2020-09-11T15:12:20.285+0000][1][safepoint    ] Safepoint "Cleanup", Time since last: 1001041841 ns, Reaching safepoint: 144642 ns, At safepoint: 17287 ns, Total: 161929 ns
[2020-09-11T15:12:21.286+0000][1][safepoint    ] Safepoint "Cleanup", Time since last: 1000222285 ns, Reaching safepoint: 135752 ns, At safepoint: 17199 ns, Total: 152951 ns
[2020-09-11T15:12:22.286+0000][1][safepoint    ] Safepoint "Cleanup", Time since last: 1000221106 ns, Reaching safepoint: 169395 ns, At safepoint: 17941 ns, Total: 187336 ns
[2020-09-11T15:12:23.286+0000][1][safepoint    ] Safepoint "Cleanup", Time since last: 1000194197 ns, Reaching safepoint: 107290 ns, At safepoint: 6576 ns, Total: 113866 ns
[2020-09-11T15:12:24.287+0000][1][safepoint    ] Safepoint "Cleanup", Time since last: 1000148024 ns, Reaching safepoint: 136710 ns, At safepoint: 17310 ns, Total: 154020 ns
[2020-09-11T15:12:25.288+0000][1][safepoint    ] Safepoint "Cleanup", Time since last: 1000993997 ns, Reaching safepoint: 104011 ns, At safepoint: 6797 ns, Total: 110808 ns
[2020-09-11T15:12:26.288+0000][1][safepoint    ] Safepoint "Cleanup", Time since last: 1000189543 ns, Reaching safepoint: 94389 ns, At safepoint: 7271 ns, Total: 101660 ns
[2020-09-11T15:12:27.288+0000][1][safepoint    ] Safepoint "Cleanup", Time since last: 1000132803 ns, Reaching safepoint: 135170 ns, At safepoint: 14723 ns, Total: 149893 ns
[2020-09-11T15:12:28.289+0000][1][safepoint    ] Safepoint "Cleanup", Time since last: 1000212901 ns, Reaching safepoint: 104801 ns, At safepoint: 7910 ns, Total: 112711 ns
[2020-09-11T15:12:29.289+0000][1][safepoint    ] Safepoint "Cleanup", Time since last: 1000168955 ns, Reaching safepoint: 136493 ns, At safepoint: 17186 ns, Total: 153679 ns
[2020-09-11T15:12:30.290+0000][1][safepoint    ] Safepoint "Cleanup", Time since last: 1000943992 ns, Reaching safepoint: 96004 ns, At safepoint: 7163 ns, Total: 103167 ns
[2020-09-11T15:12:31.290+0000][1][safepoint    ] Safepoint "Cleanup", Time since last: 1000182630 ns, Reaching safepoint: 93240 ns, At safepoint: 6783 ns, Total: 100023 ns
[2020-09-11T15:12:32.290+0000][1][safepoint    ] Safepoint "Cleanup", Time since last: 1000106988 ns, Reaching safepoint: 70282 ns, At safepoint: 6825 ns, Total: 77107 ns
[2020-09-11T15:12:33.291+0000][1][safepoint    ] Safepoint "Cleanup", Time since last: 1000174293 ns, Reaching safepoint: 134235 ns, At safepoint: 17103 ns, Total: 151338 ns
[2020-09-11T15:12:34.291+0000][1][safepoint    ] Safepoint "Cleanup", Time since last: 1000280040 ns, Reaching safepoint: 139039 ns, At safepoint: 17152 ns, Total: 156191 ns
[2020-09-11T15:12:35.292+0000][1][safepoint    ] Safepoint "Cleanup", Time since last: 1000940703 ns, Reaching safepoint: 136069 ns, At safepoint: 16341 ns, Total: 152410 ns
[2020-09-11T15:12:36.293+0000][1][safepoint    ] Safepoint "Cleanup", Time since last: 1000221657 ns, Reaching safepoint: 162069 ns, At safepoint: 19889 ns, Total: 181958 ns
[2020-09-11T15:12:37.293+0000][1][safepoint    ] Safepoint "Cleanup", Time since last: 1000206664 ns, Reaching safepoint: 133934 ns, At safepoint: 15797 ns, Total: 149731 ns
[2020-09-11T15:12:38.293+0000][1][safepoint    ] Safepoint "Cleanup", Time since last: 1000164854 ns, Reaching safepoint: 76349 ns, At safepoint: 6276 ns, Total: 82625 ns
[2020-09-11T15:12:39.294+0000][1][safepoint    ] Safepoint "Cleanup", Time since last: 1000169034 ns, Reaching safepoint: 105899 ns, At safepoint: 6571 ns, Total: 112470 ns
[2020-09-11T15:12:40.294+0000][1][safepoint    ] Safepoint "Cleanup", Time since last: 1000771302 ns, Reaching safepoint: 100680 ns, At safepoint: 7114 ns, Total: 107794 ns
[2020-09-11T15:12:41.295+0000][1][safepoint    ] Safepoint "Cleanup", Time since last: 1000141059 ns, Reaching safepoint: 138181 ns, At safepoint: 17406 ns, Total: 155587 ns
[2020-09-11T15:12:42.295+0000][1][safepoint    ] Safepoint "Cleanup", Time since last: 1000221180 ns, Reaching safepoint: 151542 ns, At safepoint: 18425 ns, Total: 169967 ns
[2020-09-11T15:12:43.296+0000][1][safepoint    ] Safepoint "Cleanup", Time since last: 1000243396 ns, Reaching safepoint: 175125 ns, At safepoint: 16995 ns, Total: 192120 ns
[2020-09-11T15:12:44.296+0000][1][safepoint    ] Safepoint "Cleanup", Time since last: 1000185956 ns, Reaching safepoint: 112864 ns, At safepoint: 7483 ns, Total: 120347 ns
[2020-09-11T15:12:45.297+0000][1][safepoint    ] Safepoint "Cleanup", Time since last: 1000931281 ns, Reaching safepoint: 138732 ns, At safepoint: 16852 ns, Total: 155584 ns
[2020-09-11T15:12:46.297+0000][1][safepoint    ] Safepoint "Cleanup", Time since last: 1000222063 ns, Reaching safepoint: 137415 ns, At safepoint: 17835 ns, Total: 155250 ns
[2020-09-11T15:12:47.298+0000][1][safepoint    ] Safepoint "Cleanup", Time since last: 1000183514 ns, Reaching safepoint: 77864 ns, At safepoint: 8505 ns, Total: 86369 ns
[2020-09-11T15:12:48.298+0000][1][safepoint    ] Safepoint "Cleanup", Time since last: 1000185563 ns, Reaching safepoint: 139236 ns, At safepoint: 17290 ns, Total: 156526 ns
[2020-09-11T15:12:49.298+0000][1][safepoint    ] Safepoint "Cleanup", Time since last: 1000209818 ns, Reaching safepoint: 136937 ns, At safepoint: 16635 ns, Total: 153572 ns
[2020-09-11T15:12:50.299+0000][1][safepoint    ] Safepoint "Cleanup", Time since last: 1000919872 ns, Reaching safepoint: 138030 ns, At safepoint: 16104 ns, Total: 154134 ns
[2020-09-11T15:12:51.300+0000][1][safepoint    ] Safepoint "Cleanup", Time since last: 1000466138 ns, Reaching safepoint: 105535 ns, At safepoint: 7747 ns, Total: 113282 ns
[2020-09-11T15:12:52.300+0000][1][safepoint    ] Safepoint "Cleanup", Time since last: 1000181426 ns, Reaching safepoint: 100548 ns, At safepoint: 7674 ns, Total: 108222 ns
[2020-09-11T15:12:53.301+0000][1][safepoint    ] Safepoint "Cleanup", Time since last: 1000172607 ns, Reaching safepoint: 137482 ns, At safepoint: 17143 ns, Total: 154625 ns
[2020-09-11T15:12:54.301+0000][1][safepoint    ] Safepoint "Cleanup", Time since last: 1000150627 ns, Reaching safepoint: 80757 ns, At safepoint: 7498 ns, Total: 88255 ns
[2020-09-11T15:12:55.302+0000][1][safepoint    ] Safepoint "Cleanup", Time since last: 1000653804 ns, Reaching safepoint: 96638 ns, At safepoint: 7227 ns, Total: 103865 ns
[2020-09-11T15:12:56.302+0000][1][safepoint    ] Safepoint "Cleanup", Time since last: 1000175464 ns, Reaching safepoint: 101437 ns, At safepoint: 7775 ns, Total: 109212 ns
[2020-09-11T15:12:57.302+0000][1][safepoint    ] Safepoint "Cleanup", Time since last: 1000148551 ns, Reaching safepoint: 114128 ns, At safepoint: 8055 ns, Total: 122183 ns
[2020-09-11T15:12:58.302+0000][1][safepoint    ] Safepoint "Cleanup", Time since last: 1000172638 ns, Reaching safepoint: 151330 ns, At safepoint: 18139 ns, Total: 169469 ns
[2020-09-11T15:12:59.303+0000][1][safepoint    ] Safepoint "Cleanup", Time since last: 1000224470 ns, Reaching safepoint: 137091 ns, At safepoint: 17627 ns, Total: 154718 ns
[2020-09-11T15:12:59.378+0000][1][gc,start     ] GC(89) Pause Young (Allocation Failure)
[2020-09-11T15:12:59.378+0000][1][gc,task      ] GC(89) Using 1 workers of 1 for evacuation
[2020-09-11T15:12:59.391+0000][1][gc,age       ] GC(89) Desired survivor size 4358144 bytes, new threshold 6 (max threshold 6)
[2020-09-11T15:12:59.391+0000][1][gc,age       ] GC(89) Age table with threshold 6 (max threshold 6)
[2020-09-11T15:12:59.391+0000][1][gc,age       ] GC(89) - age   1:      32600 bytes,      32600 total
[2020-09-11T15:12:59.391+0000][1][gc,age       ] GC(89) - age   2:       5184 bytes,      37784 total
[2020-09-11T15:12:59.391+0000][1][gc,age       ] GC(89) - age   3:      12432 bytes,      50216 total
[2020-09-11T15:12:59.391+0000][1][gc,age       ] GC(89) - age   4:       4696 bytes,      54912 total
[2020-09-11T15:12:59.392+0000][1][gc,age       ] GC(89) - age   5:       3848 bytes,      58760 total
[2020-09-11T15:12:59.392+0000][1][gc,age       ] GC(89) - age   6:       3192 bytes,      61952 total
[2020-09-11T15:12:59.392+0000][1][gc,heap      ] GC(89) ParNew: 68241K->66K(76672K)
[2020-09-11T15:12:59.392+0000][1][gc,heap      ] GC(89) CMS: 105676K->105679K(2011968K)
[2020-09-11T15:12:59.392+0000][1][gc,metaspace ] GC(89) Metaspace: 89631K->89631K(1132544K)
[2020-09-11T15:12:59.392+0000][1][gc           ] GC(89) Pause Young (Allocation Failure) 169M->103M(2039M) 14.052ms
[2020-09-11T15:12:59.392+0000][1][gc,cpu       ] GC(89) User=0.02s Sys=0.00s Real=0.01s
[2020-09-11T15:12:59.392+0000][1][safepoint    ] Safepoint "GenCollectForAllocation", Time since last: 74499471 ns, Reaching safepoint: 180898 ns, At safepoint: 14213675 ns, Total: 14394573 ns
[2020-09-11T15:13:00.392+0000][1][safepoint    ] Safepoint "Cleanup", Time since last: 1000335794 ns, Reaching safepoint: 121583 ns, At safepoint: 39290 ns, Total: 160873 ns
[2020-09-11T15:13:01.392+0000][1][safepoint    ] Safepoint "Cleanup", Time since last: 1000164946 ns, Reaching safepoint: 84939 ns, At safepoint: 13977 ns, Total: 98916 ns
[2020-09-11T15:13:02.393+0000][1][safepoint    ] Safepoint "Cleanup", Time since last: 1000150006 ns, Reaching safepoint: 124218 ns, At safepoint: 40500 ns, Total: 164718 ns
[2020-09-11T15:13:03.393+0000][1][safepoint    ] Safepoint "Cleanup", Time since last: 1000179200 ns, Reaching safepoint: 81507 ns, At safepoint: 5389 ns, Total: 86896 ns
[2020-09-11T15:13:04.393+0000][1][safepoint    ] Safepoint "Cleanup", Time since last: 1000143714 ns, Reaching safepoint: 106216 ns, At safepoint: 5846 ns, Total: 112062 ns
[2020-09-11T15:13:05.394+0000][1][safepoint    ] Safepoint "Cleanup", Time since last: 1000818472 ns, Reaching safepoint: 126309 ns, At safepoint: 14985 ns, Total: 141294 ns
[2020-09-11T15:13:06.395+0000][1][safepoint    ] Safepoint "Cleanup", Time since last: 1000144178 ns, Reaching safepoint: 68353 ns, At safepoint: 6654 ns, Total: 75007 ns
[2020-09-11T15:13:07.395+0000][1][safepoint    ] Safepoint "Cleanup", Time since last: 1000142939 ns, Reaching safepoint: 126376 ns, At safepoint: 14654 ns, Total: 141030 ns
[2020-09-11T15:13:08.395+0000][1][safepoint    ] Safepoint "Cleanup", Time since last: 1000179237 ns, Reaching safepoint: 128793 ns, At safepoint: 15358 ns, Total: 144151 ns
[2020-09-11T15:13:09.395+0000][1][safepoint    ] Safepoint "Cleanup", Time since last: 1000191260 ns, Reaching safepoint: 61708 ns, At safepoint: 4670 ns, Total: 66378 ns
[2020-09-11T15:13:10.396+0000][1][safepoint    ] Safepoint "Cleanup", Time since last: 1000831588 ns, Reaching safepoint: 92443 ns, At safepoint: 10221 ns, Total: 102664 ns
[2020-09-11T15:13:11.397+0000][1][safepoint    ] Safepoint "Cleanup", Time since last: 1000156604 ns, Reaching safepoint: 82587 ns, At safepoint: 9575 ns, Total: 92162 ns
[2020-09-11T15:13:12.397+0000][1][safepoint    ] Safepoint "Cleanup", Time since last: 1000156814 ns, Reaching safepoint: 127925 ns, At safepoint: 11488 ns, Total: 139413 ns
[2020-09-11T15:13:13.397+0000][1][safepoint    ] Safepoint "Cleanup", Time since last: 1000162045 ns, Reaching safepoint: 89390 ns, At safepoint: 9875 ns, Total: 99265 ns
[2020-09-11T15:13:14.397+0000][1][safepoint    ] Safepoint "Cleanup", Time since last: 1000163108 ns, Reaching safepoint: 84121 ns, At safepoint: 9412 ns, Total: 93533 ns
[2020-09-11T15:13:15.398+0000][1][safepoint    ] Safepoint "Cleanup", Time since last: 1000944544 ns, Reaching safepoint: 144041 ns, At safepoint: 23487 ns, Total: 167528 ns
[2020-09-11T15:13:16.399+0000][1][safepoint    ] Safepoint "Cleanup", Time since last: 1000188747 ns, Reaching safepoint: 122815 ns, At safepoint: 7059 ns, Total: 129874 ns
[2020-09-11T15:13:17.399+0000][1][safepoint    ] Safepoint "Cleanup", Time since last: 1000144420 ns, Reaching safepoint: 122456 ns, At safepoint: 7027 ns, Total: 129483 ns
[2020-09-11T15:13:18.399+0000][1][safepoint    ] Safepoint "Cleanup", Time since last: 1000186812 ns, Reaching safepoint: 161224 ns, At safepoint: 16023 ns, Total: 177247 ns
[2020-09-11T15:13:19.400+0000][1][safepoint    ] Safepoint "Cleanup", Time since last: 1000176646 ns, Reaching safepoint: 242022 ns, At safepoint: 19305 ns, Total: 261327 ns
[2020-09-11T15:13:20.401+0000][1][safepoint    ] Safepoint "Cleanup", Time since last: 1001016728 ns, Reaching safepoint: 141845 ns, At safepoint: 17958 ns, Total: 159803 ns
[2020-09-11T15:13:21.401+0000][1][safepoint    ] Safepoint "Cleanup", Time since last: 1000185000 ns, Reaching safepoint: 141739 ns, At safepoint: 16220 ns, Total: 157959 ns
[2020-09-11T15:13:22.402+0000][1][safepoint    ] Safepoint "Cleanup", Time since last: 1000196218 ns, Reaching safepoint: 129572 ns, At safepoint: 7304 ns, Total: 136876 ns
[2020-09-11T15:13:23.402+0000][1][safepoint    ] Safepoint "Cleanup", Time since last: 1000149183 ns, Reaching safepoint: 145069 ns, At safepoint: 16448 ns, Total: 161517 ns
[2020-09-11T15:13:24.402+0000][1][safepoint    ] Safepoint "Cleanup", Time since last: 1000224021 ns, Reaching safepoint: 105540 ns, At safepoint: 8196 ns, Total: 113736 ns
[2020-09-11T15:13:25.403+0000][1][safepoint    ] Safepoint "Cleanup", Time since last: 1000779937 ns, Reaching safepoint: 120894 ns, At safepoint: 7707 ns, Total: 128601 ns
[2020-09-11T15:13:26.404+0000][1][safepoint    ] Safepoint "Cleanup", Time since last: 1000130126 ns, Reaching safepoint: 105512 ns, At safepoint: 10708 ns, Total: 116220 ns
[2020-09-11T15:13:27.405+0000][1][safepoint    ] Safepoint "Cleanup", Time since last: 1001126436 ns, Reaching safepoint: 140813 ns, At safepoint: 16067 ns, Total: 156880 ns
[2020-09-11T15:13:28.405+0000][1][safepoint    ] Safepoint "Cleanup", Time since last: 1000209771 ns, Reaching safepoint: 142835 ns, At safepoint: 18783 ns, Total: 161618 ns
[2020-09-11T15:13:29.406+0000][1][safepoint    ] Safepoint "Cleanup", Time since last: 1000221046 ns, Reaching safepoint: 145952 ns, At safepoint: 18158 ns, Total: 164110 ns
[2020-09-11T15:13:30.407+0000][1][safepoint    ] Safepoint "Cleanup", Time since last: 1000896813 ns, Reaching safepoint: 151016 ns, At safepoint: 36822 ns, Total: 187838 ns
[2020-09-11T15:13:31.407+0000][1][safepoint    ] Safepoint "Cleanup", Time since last: 1000232628 ns, Reaching safepoint: 103759 ns, At safepoint: 9028 ns, Total: 112787 ns
[2020-09-11T15:13:32.407+0000][1][safepoint    ] Safepoint "Cleanup", Time since last: 1000138498 ns, Reaching safepoint: 143028 ns, At safepoint: 14927 ns, Total: 157955 ns
[2020-09-11T15:13:33.408+0000][1][safepoint    ] Safepoint "Cleanup", Time since last: 1000176375 ns, Reaching safepoint: 127995 ns, At safepoint: 7757 ns, Total: 135752 ns
[2020-09-11T15:13:34.408+0000][1][safepoint    ] Safepoint "Cleanup", Time since last: 1000145046 ns, Reaching safepoint: 142891 ns, At safepoint: 17183 ns, Total: 160074 ns
[2020-09-11T15:13:35.409+0000][1][safepoint    ] Safepoint "Cleanup", Time since last: 1000955952 ns, Reaching safepoint: 118783 ns, At safepoint: 7815 ns, Total: 126598 ns
[2020-09-11T15:13:36.409+0000][1][safepoint    ] Safepoint "Cleanup", Time since last: 1000191445 ns, Reaching safepoint: 101863 ns, At safepoint: 8446 ns, Total: 110309 ns
[2020-09-11T15:13:37.410+0000][1][safepoint    ] Safepoint "Cleanup", Time since last: 1000188725 ns, Reaching safepoint: 99726 ns, At safepoint: 8009 ns, Total: 107735 ns
[2020-09-11T15:13:38.410+0000][1][safepoint    ] Safepoint "Cleanup", Time since last: 1000193142 ns, Reaching safepoint: 103650 ns, At safepoint: 8430 ns, Total: 112080 ns
[2020-09-11T15:13:39.410+0000][1][safepoint    ] Safepoint "Cleanup", Time since last: 1000142038 ns, Reaching safepoint: 121054 ns, At safepoint: 7564 ns, Total: 128618 ns
[2020-09-11T15:13:40.411+0000][1][safepoint    ] Safepoint "Cleanup", Time since last: 1000728665 ns, Reaching safepoint: 121142 ns, At safepoint: 7085 ns, Total: 128227 ns
[2020-09-11T15:13:41.411+0000][1][safepoint    ] Safepoint "Cleanup", Time since last: 1000140967 ns, Reaching safepoint: 85449 ns, At safepoint: 7634 ns, Total: 93083 ns
[2020-09-11T15:13:42.412+0000][1][safepoint    ] Safepoint "Cleanup", Time since last: 1000173537 ns, Reaching safepoint: 132116 ns, At safepoint: 15500 ns, Total: 147616 ns
[2020-09-11T15:13:43.412+0000][1][safepoint    ] Safepoint "Cleanup", Time since last: 1000209057 ns, Reaching safepoint: 76732 ns, At safepoint: 8086 ns, Total: 84818 ns
[2020-09-11T15:13:44.412+0000][1][safepoint    ] Safepoint "Cleanup", Time since last: 1000185241 ns, Reaching safepoint: 160821 ns, At safepoint: 8991 ns, Total: 169812 ns
[2020-09-11T15:13:45.413+0000][1][safepoint    ] Safepoint "Cleanup", Time since last: 1000868025 ns, Reaching safepoint: 142834 ns, At safepoint: 17888 ns, Total: 160722 ns
[2020-09-11T15:13:46.414+0000][1][safepoint    ] Safepoint "Cleanup", Time since last: 1000192679 ns, Reaching safepoint: 118514 ns, At safepoint: 8515 ns, Total: 127029 ns
[2020-09-11T15:13:47.414+0000][1][safepoint    ] Safepoint "Cleanup", Time since last: 1000142810 ns, Reaching safepoint: 118845 ns, At safepoint: 7256 ns, Total: 126101 ns
[2020-09-11T15:13:48.414+0000][1][safepoint    ] Safepoint "Cleanup", Time since last: 1000133484 ns, Reaching safepoint: 143569 ns, At safepoint: 17310 ns, Total: 160879 ns
[2020-09-11T15:13:49.414+0000][1][safepoint    ] Safepoint "Cleanup", Time since last: 1000194224 ns, Reaching safepoint: 116642 ns, At safepoint: 8556 ns, Total: 125198 ns
[2020-09-11T15:13:50.415+0000][1][safepoint    ] Safepoint "Cleanup", Time since last: 1000818412 ns, Reaching safepoint: 173217 ns, At safepoint: 17587 ns, Total: 190804 ns
[2020-09-11T15:13:51.416+0000][1][safepoint    ] Safepoint "Cleanup", Time since last: 1000225432 ns, Reaching safepoint: 139644 ns, At safepoint: 18636 ns, Total: 158280 ns
[2020-09-11T15:13:52.416+0000][1][safepoint    ] Safepoint "Cleanup", Time since last: 1000217637 ns, Reaching safepoint: 108593 ns, At safepoint: 7661 ns, Total: 116254 ns
[2020-09-11T15:13:53.417+0000][1][safepoint    ] Safepoint "Cleanup", Time since last: 1000170620 ns, Reaching safepoint: 139367 ns, At safepoint: 18769 ns, Total: 158136 ns
[2020-09-11T15:13:54.417+0000][1][safepoint    ] Safepoint "Cleanup", Time since last: 1000151422 ns, Reaching safepoint: 192295 ns, At safepoint: 7981 ns, Total: 200276 ns
[2020-09-11T15:13:55.418+0000][1][safepoint    ] Safepoint "Cleanup", Time since last: 1000566437 ns, Reaching safepoint: 99074 ns, At safepoint: 8018 ns, Total: 107092 ns
[2020-09-11T15:13:56.418+0000][1][safepoint    ] Safepoint "Cleanup", Time since last: 1000198319 ns, Reaching safepoint: 110610 ns, At safepoint: 8304 ns, Total: 118914 ns
[2020-09-11T15:13:57.418+0000][1][safepoint    ] Safepoint "Cleanup", Time since last: 1000149261 ns, Reaching safepoint: 134218 ns, At safepoint: 16164 ns, Total: 150382 ns
[2020-09-11T15:13:58.419+0000][1][safepoint    ] Safepoint "Cleanup", Time since last: 1000232486 ns, Reaching safepoint: 148764 ns, At safepoint: 19609 ns, Total: 168373 ns
[2020-09-11T15:13:59.419+0000][1][safepoint    ] Safepoint "Cleanup", Time since last: 1000239406 ns, Reaching safepoint: 141575 ns, At safepoint: 18977 ns, Total: 160552 ns
[2020-09-11T15:14:00.439+0000][1][safepoint    ] Safepoint "Cleanup", Time since last: 1019912539 ns, Reaching safepoint: 151485 ns, At safepoint: 18472 ns, Total: 169957 ns
[2020-09-11T15:14:01.439+0000][1][safepoint    ] Safepoint "Cleanup", Time since last: 1000171369 ns, Reaching safepoint: 76832 ns, At safepoint: 8081 ns, Total: 84913 ns
[2020-09-11T15:14:02.440+0000][1][safepoint    ] Safepoint "Cleanup", Time since last: 1000120071 ns, Reaching safepoint: 137255 ns, At safepoint: 17323 ns, Total: 154578 ns
[2020-09-11T15:14:03.440+0000][1][safepoint    ] Safepoint "Cleanup", Time since last: 1000218990 ns, Reaching safepoint: 118825 ns, At safepoint: 9343 ns, Total: 128168 ns
[2020-09-11T15:14:04.440+0000][1][safepoint    ] Safepoint "Cleanup", Time since last: 1000137118 ns, Reaching safepoint: 95233 ns, At safepoint: 9528 ns, Total: 104761 ns
[2020-09-11T15:14:05.441+0000][1][safepoint    ] Safepoint "Cleanup", Time since last: 1000907219 ns, Reaching safepoint: 141945 ns, At safepoint: 18784 ns, Total: 160729 ns
[2020-09-11T15:14:06.442+0000][1][safepoint    ] Safepoint "Cleanup", Time since last: 1000236623 ns, Reaching safepoint: 143730 ns, At safepoint: 18435 ns, Total: 162165 ns
[2020-09-11T15:14:07.442+0000][1][safepoint    ] Safepoint "Cleanup", Time since last: 1000239888 ns, Reaching safepoint: 106631 ns, At safepoint: 8159 ns, Total: 114790 ns
[2020-09-11T15:14:08.442+0000][1][safepoint    ] Safepoint "Cleanup", Time since last: 1000194479 ns, Reaching safepoint: 141465 ns, At safepoint: 18038 ns, Total: 159503 ns
[2020-09-11T15:14:09.443+0000][1][safepoint    ] Safepoint "Cleanup", Time since last: 1000187724 ns, Reaching safepoint: 142434 ns, At safepoint: 17109 ns, Total: 159543 ns
[2020-09-11T15:14:10.444+0000][1][safepoint    ] Safepoint "Cleanup", Time since last: 1000863692 ns, Reaching safepoint: 99777 ns, At safepoint: 8314 ns, Total: 108091 ns
[2020-09-11T15:14:11.444+0000][1][safepoint    ] Safepoint "Cleanup", Time since last: 1000092838 ns, Reaching safepoint: 142948 ns, At safepoint: 16722 ns, Total: 159670 ns
[2020-09-11T15:14:12.444+0000][1][safepoint    ] Safepoint "Cleanup", Time since last: 1000233606 ns, Reaching safepoint: 152066 ns, At safepoint: 18098 ns, Total: 170164 ns
[2020-09-11T15:14:13.445+0000][1][safepoint    ] Safepoint "Cleanup", Time since last: 1000215201 ns, Reaching safepoint: 133132 ns, At safepoint: 17838 ns, Total: 150970 ns
[2020-09-11T15:14:14.445+0000][1][safepoint    ] Safepoint "Cleanup", Time since last: 1000236284 ns, Reaching safepoint: 139062 ns, At safepoint: 17394 ns, Total: 156456 ns
[2020-09-11T15:14:14.461+0000][1][gc,start     ] GC(90) Pause Young (Allocation Failure)
[2020-09-11T15:14:14.461+0000][1][gc,task      ] GC(90) Using 1 workers of 1 for evacuation
[2020-09-11T15:14:14.479+0000][1][gc,age       ] GC(90) Desired survivor size 4358144 bytes, new threshold 6 (max threshold 6)
[2020-09-11T15:14:14.479+0000][1][gc,age       ] GC(90) Age table with threshold 6 (max threshold 6)
[2020-09-11T15:14:14.479+0000][1][gc,age       ] GC(90) - age   1:      34416 bytes,      34416 total
[2020-09-11T15:14:14.479+0000][1][gc,age       ] GC(90) - age   2:       4328 bytes,      38744 total
[2020-09-11T15:14:14.479+0000][1][gc,age       ] GC(90) - age   3:       3944 bytes,      42688 total
[2020-09-11T15:14:14.479+0000][1][gc,age       ] GC(90) - age   4:      11192 bytes,      53880 total
[2020-09-11T15:14:14.479+0000][1][gc,age       ] GC(90) - age   5:       4696 bytes,      58576 total
[2020-09-11T15:14:14.479+0000][1][gc,age       ] GC(90) - age   6:       3848 bytes,      62424 total
[2020-09-11T15:14:14.479+0000][1][gc,heap      ] GC(90) ParNew: 68226K->61K(76672K)
[2020-09-11T15:14:14.479+0000][1][gc,heap      ] GC(90) CMS: 105679K->105682K(2011968K)
[2020-09-11T15:14:14.479+0000][1][gc,metaspace ] GC(90) Metaspace: 89653K->89653K(1132544K)
[2020-09-11T15:14:14.479+0000][1][gc           ] GC(90) Pause Young (Allocation Failure) 169M->103M(2039M) 18.320ms
[2020-09-11T15:14:14.479+0000][1][gc,cpu       ] GC(90) User=0.02s Sys=0.00s Real=0.02s
[2020-09-11T15:14:14.479+0000][1][safepoint    ] Safepoint "GenCollectForAllocation", Time since last: 15652069 ns, Reaching safepoint: 199451 ns, At safepoint: 18398923 ns, Total: 18598374 ns
[2020-09-11T15:14:15.483+0000][1][safepoint    ] Safepoint "Cleanup", Time since last: 1002971218 ns, Reaching safepoint: 138897 ns, At safepoint: 115183 ns, Total: 254080 ns
[2020-09-11T15:14:16.483+0000][1][safepoint    ] Safepoint "Cleanup", Time since last: 1000138328 ns, Reaching safepoint: 188678 ns, At safepoint: 14728 ns, Total: 203406 ns
[2020-09-11T15:14:17.483+0000][1][safepoint    ] Safepoint "Cleanup", Time since last: 1000110599 ns, Reaching safepoint: 185821 ns, At safepoint: 18669 ns, Total: 204490 ns
[2020-09-11T15:14:18.484+0000][1][safepoint    ] Safepoint "Cleanup", Time since last: 1000137342 ns, Reaching safepoint: 185794 ns, At safepoint: 15092 ns, Total: 200886 ns
[2020-09-11T15:14:19.484+0000][1][safepoint    ] Safepoint "Cleanup", Time since last: 1000129660 ns, Reaching safepoint: 230579 ns, At safepoint: 19014 ns, Total: 249593 ns
[2020-09-11T15:14:20.485+0000][1][safepoint    ] Safepoint "Cleanup", Time since last: 1000940070 ns, Reaching safepoint: 138331 ns, At safepoint: 17283 ns, Total: 155614 ns
[2020-09-11T15:14:21.485+0000][1][safepoint    ] Safepoint "Cleanup", Time since last: 1000183709 ns, Reaching safepoint: 140375 ns, At safepoint: 17945 ns, Total: 158320 ns
[2020-09-11T15:14:22.486+0000][1][safepoint    ] Safepoint "Cleanup", Time since last: 1000219321 ns, Reaching safepoint: 102292 ns, At safepoint: 6901 ns, Total: 109193 ns
[2020-09-11T15:14:23.486+0000][1][safepoint    ] Safepoint "Cleanup", Time since last: 1000173656 ns, Reaching safepoint: 104474 ns, At safepoint: 8280 ns, Total: 112754 ns
[2020-09-11T15:14:24.487+0000][1][safepoint    ] Safepoint "Cleanup", Time since last: 1000142629 ns, Reaching safepoint: 430120 ns, At safepoint: 16992 ns, Total: 447112 ns
[2020-09-11T15:14:25.487+0000][1][safepoint    ] Safepoint "Cleanup", Time since last: 1000712816 ns, Reaching safepoint: 168493 ns, At safepoint: 17574 ns, Total: 186067 ns
[2020-09-11T15:14:26.488+0000][1][safepoint    ] Safepoint "Cleanup", Time since last: 1000240404 ns, Reaching safepoint: 102349 ns, At safepoint: 7477 ns, Total: 109826 ns
[2020-09-11T15:14:27.488+0000][1][safepoint    ] Safepoint "Cleanup", Time since last: 1000190577 ns, Reaching safepoint: 151802 ns, At safepoint: 19294 ns, Total: 171096 ns
[2020-09-11T15:14:28.489+0000][1][safepoint    ] Safepoint "Cleanup", Time since last: 1000237635 ns, Reaching safepoint: 136192 ns, At safepoint: 18386 ns, Total: 154578 ns
[2020-09-11T15:14:29.489+0000][1][safepoint    ] Safepoint "Cleanup", Time since last: 1000229713 ns, Reaching safepoint: 141061 ns, At safepoint: 18439 ns, Total: 159500 ns
[2020-09-11T15:14:30.490+0000][1][safepoint    ] Safepoint "Cleanup", Time since last: 1001153488 ns, Reaching safepoint: 137215 ns, At safepoint: 17804 ns, Total: 155019 ns
[2020-09-11T15:14:31.491+0000][1][safepoint    ] Safepoint "Cleanup", Time since last: 1000228285 ns, Reaching safepoint: 141711 ns, At safepoint: 18439 ns, Total: 160150 ns
[2020-09-11T15:14:32.491+0000][1][safepoint    ] Safepoint "Cleanup", Time since last: 1000229720 ns, Reaching safepoint: 98270 ns, At safepoint: 7319 ns, Total: 105589 ns
[2020-09-11T15:14:33.492+0000][1][safepoint    ] Safepoint "Cleanup", Time since last: 1000678433 ns, Reaching safepoint: 137185 ns, At safepoint: 15134 ns, Total: 152319 ns
[2020-09-11T15:14:34.492+0000][1][safepoint    ] Safepoint "Cleanup", Time since last: 1000204477 ns, Reaching safepoint: 103446 ns, At safepoint: 7128 ns, Total: 110574 ns
[2020-09-11T15:14:35.493+0000][1][safepoint    ] Safepoint "Cleanup", Time since last: 1000854432 ns, Reaching safepoint: 102290 ns, At safepoint: 7957 ns, Total: 110247 ns
[2020-09-11T15:14:36.493+0000][1][safepoint    ] Safepoint "Cleanup", Time since last: 1000186015 ns, Reaching safepoint: 99345 ns, At safepoint: 7281 ns, Total: 106626 ns
[2020-09-11T15:14:37.494+0000][1][safepoint    ] Safepoint "Cleanup", Time since last: 1000196656 ns, Reaching safepoint: 100154 ns, At safepoint: 7830 ns, Total: 107984 ns
[2020-09-11T15:14:38.494+0000][1][safepoint    ] Safepoint "Cleanup", Time since last: 1000107048 ns, Reaching safepoint: 67789 ns, At safepoint: 6024 ns, Total: 73813 ns
[2020-09-11T15:14:39.494+0000][1][safepoint    ] Safepoint "Cleanup", Time since last: 1000193997 ns, Reaching safepoint: 139677 ns, At safepoint: 18860 ns, Total: 158537 ns
[2020-09-11T15:14:40.495+0000][1][safepoint    ] Safepoint "Cleanup", Time since last: 1001053747 ns, Reaching safepoint: 165863 ns, At safepoint: 16572 ns, Total: 182435 ns
[2020-09-11T15:14:41.496+0000][1][safepoint    ] Safepoint "Cleanup", Time since last: 1000238120 ns, Reaching safepoint: 140259 ns, At safepoint: 18456 ns, Total: 158715 ns
[2020-09-11T15:14:42.496+0000][1][safepoint    ] Safepoint "Cleanup", Time since last: 1000222012 ns, Reaching safepoint: 137576 ns, At safepoint: 17887 ns, Total: 155463 ns
[2020-09-11T15:14:43.497+0000][1][safepoint    ] Safepoint "Cleanup", Time since last: 1000208544 ns, Reaching safepoint: 105750 ns, At safepoint: 8104 ns, Total: 113854 ns
[2020-09-11T15:14:44.497+0000][1][safepoint    ] Safepoint "Cleanup", Time since last: 1000194692 ns, Reaching safepoint: 135742 ns, At safepoint: 17473 ns, Total: 153215 ns
[2020-09-11T15:14:45.498+0000][1][safepoint    ] Safepoint "Cleanup", Time since last: 1001174238 ns, Reaching safepoint: 134970 ns, At safepoint: 18052 ns, Total: 153022 ns
[2020-09-11T15:14:46.499+0000][1][safepoint    ] Safepoint "Cleanup", Time since last: 1000228342 ns, Reaching safepoint: 144749 ns, At safepoint: 17483 ns, Total: 162232 ns
[2020-09-11T15:14:47.499+0000][1][safepoint    ] Safepoint "Cleanup", Time since last: 1000284143 ns, Reaching safepoint: 86591 ns, At safepoint: 7710 ns, Total: 94301 ns
[2020-09-11T15:14:48.499+0000][1][safepoint    ] Safepoint "Cleanup", Time since last: 1000168039 ns, Reaching safepoint: 101408 ns, At safepoint: 7734 ns, Total: 109142 ns
[2020-09-11T15:14:49.500+0000][1][safepoint    ] Safepoint "Cleanup", Time since last: 1000186163 ns, Reaching safepoint: 100678 ns, At safepoint: 7823 ns, Total: 108501 ns
[2020-09-11T15:14:50.530+0000][1][safepoint    ] Safepoint "Cleanup", Time since last: 1030262914 ns, Reaching safepoint: 100063 ns, At safepoint: 7152 ns, Total: 107215 ns
[2020-09-11T15:14:51.530+0000][1][safepoint    ] Safepoint "Cleanup", Time since last: 1000195341 ns, Reaching safepoint: 107468 ns, At safepoint: 7237 ns, Total: 114705 ns
[2020-09-11T15:14:52.531+0000][1][safepoint    ] Safepoint "Cleanup", Time since last: 1000197510 ns, Reaching safepoint: 98065 ns, At safepoint: 7300 ns, Total: 105365 ns
[2020-09-11T15:14:53.531+0000][1][safepoint    ] Safepoint "Cleanup", Time since last: 1000169933 ns, Reaching safepoint: 145711 ns, At safepoint: 18139 ns, Total: 163850 ns
[2020-09-11T15:14:54.531+0000][1][safepoint    ] Safepoint "Cleanup", Time since last: 1000223938 ns, Reaching safepoint: 138324 ns, At safepoint: 18005 ns, Total: 156329 ns
[2020-09-11T15:14:55.532+0000][1][safepoint    ] Safepoint "Cleanup", Time since last: 1001041425 ns, Reaching safepoint: 104096 ns, At safepoint: 7131 ns, Total: 111227 ns
[2020-09-11T15:14:56.533+0000][1][safepoint    ] Safepoint "Cleanup", Time since last: 1000195710 ns, Reaching safepoint: 96980 ns, At safepoint: 7012 ns, Total: 103992 ns
[2020-09-11T15:14:57.533+0000][1][safepoint    ] Safepoint "Cleanup", Time since last: 1000187530 ns, Reaching safepoint: 108626 ns, At safepoint: 7631 ns, Total: 116257 ns
[2020-09-11T15:14:58.533+0000][1][safepoint    ] Safepoint "Cleanup", Time since last: 1000179209 ns, Reaching safepoint: 144555 ns, At safepoint: 17440 ns, Total: 161995 ns
[2020-09-11T15:14:59.534+0000][1][safepoint    ] Safepoint "Cleanup", Time since last: 1000229725 ns, Reaching safepoint: 136246 ns, At safepoint: 18282 ns, Total: 154528 ns
[2020-09-11T15:15:00.536+0000][1][safepoint    ] Safepoint "Cleanup", Time since last: 1002074016 ns, Reaching safepoint: 145414 ns, At safepoint: 19164 ns, Total: 164578 ns
[2020-09-11T15:15:01.536+0000][1][safepoint    ] Safepoint "Cleanup", Time since last: 1000220981 ns, Reaching safepoint: 99068 ns, At safepoint: 7662 ns, Total: 106730 ns
[2020-09-11T15:15:02.537+0000][1][safepoint    ] Safepoint "Cleanup", Time since last: 1000186613 ns, Reaching safepoint: 99879 ns, At safepoint: 7049 ns, Total: 106928 ns
[2020-09-11T15:15:03.537+0000][1][safepoint    ] Safepoint "Cleanup", Time since last: 1000196282 ns, Reaching safepoint: 226290 ns, At safepoint: 17744 ns, Total: 244034 ns
[2020-09-11T15:15:04.537+0000][1][safepoint    ] Safepoint "Cleanup", Time since last: 1000176885 ns, Reaching safepoint: 133650 ns, At safepoint: 16344 ns, Total: 149994 ns
[2020-09-11T15:15:05.539+0000][1][safepoint    ] Safepoint "Cleanup", Time since last: 1000981427 ns, Reaching safepoint: 128862 ns, At safepoint: 16655 ns, Total: 145517 ns
[2020-09-11T15:15:06.539+0000][1][safepoint    ] Safepoint "Cleanup", Time since last: 1000210744 ns, Reaching safepoint: 132200 ns, At safepoint: 17132 ns, Total: 149332 ns
[2020-09-11T15:15:07.539+0000][1][safepoint    ] Safepoint "Cleanup", Time since last: 1000222387 ns, Reaching safepoint: 132584 ns, At safepoint: 17694 ns, Total: 150278 ns
[2020-09-11T15:15:08.540+0000][1][safepoint    ] Safepoint "Cleanup", Time since last: 1000227646 ns, Reaching safepoint: 136005 ns, At safepoint: 17928 ns, Total: 153933 ns
[2020-09-11T15:15:09.540+0000][1][safepoint    ] Safepoint "Cleanup", Time since last: 1000228131 ns, Reaching safepoint: 95839 ns, At safepoint: 7678 ns, Total: 103517 ns
[2020-09-11T15:15:10.541+0000][1][safepoint    ] Safepoint "Cleanup", Time since last: 1000807477 ns, Reaching safepoint: 136754 ns, At safepoint: 17196 ns, Total: 153950 ns
[2020-09-11T15:15:11.541+0000][1][safepoint    ] Safepoint "Cleanup", Time since last: 1000220508 ns, Reaching safepoint: 136446 ns, At safepoint: 17972 ns, Total: 154418 ns
[2020-09-11T15:15:12.542+0000][1][safepoint    ] Safepoint "Cleanup", Time since last: 1000257362 ns, Reaching safepoint: 95335 ns, At safepoint: 7428 ns, Total: 102763 ns
[2020-09-11T15:15:13.542+0000][1][safepoint    ] Safepoint "Cleanup", Time since last: 1000180298 ns, Reaching safepoint: 135862 ns, At safepoint: 17387 ns, Total: 153249 ns
[2020-09-11T15:15:14.542+0000][1][safepoint    ] Safepoint "Cleanup", Time since last: 1000217888 ns, Reaching safepoint: 99991 ns, At safepoint: 7132 ns, Total: 107123 ns
[2020-09-11T15:15:15.543+0000][1][safepoint    ] Safepoint "Cleanup", Time since last: 1000890747 ns, Reaching safepoint: 102990 ns, At safepoint: 7313 ns, Total: 110303 ns
[2020-09-11T15:15:16.544+0000][1][safepoint    ] Safepoint "Cleanup", Time since last: 1000185252 ns, Reaching safepoint: 101149 ns, At safepoint: 6949 ns, Total: 108098 ns
[2020-09-11T15:15:17.544+0000][1][safepoint    ] Safepoint "Cleanup", Time since last: 1000183980 ns, Reaching safepoint: 97645 ns, At safepoint: 7715 ns, Total: 105360 ns
[2020-09-11T15:15:18.544+0000][1][safepoint    ] Safepoint "Cleanup", Time since last: 1000200724 ns, Reaching safepoint: 132735 ns, At safepoint: 17403 ns, Total: 150138 ns
[2020-09-11T15:15:19.545+0000][1][safepoint    ] Safepoint "Cleanup", Time since last: 1000239375 ns, Reaching safepoint: 129708 ns, At safepoint: 16771 ns, Total: 146479 ns
[2020-09-11T15:15:20.546+0000][1][safepoint    ] Safepoint "Cleanup", Time since last: 1001055821 ns, Reaching safepoint: 141581 ns, At safepoint: 19806 ns, Total: 161387 ns
[2020-09-11T15:15:21.546+0000][1][safepoint    ] Safepoint "Cleanup", Time since last: 1000216622 ns, Reaching safepoint: 99595 ns, At safepoint: 7065 ns, Total: 106660 ns
[2020-09-11T15:15:22.547+0000][1][safepoint    ] Safepoint "Cleanup", Time since last: 1000238973 ns, Reaching safepoint: 89734 ns, At safepoint: 7024 ns, Total: 96758 ns
[2020-09-11T15:15:23.547+0000][1][safepoint    ] Safepoint "Cleanup", Time since last: 1000170455 ns, Reaching safepoint: 147983 ns, At safepoint: 18191 ns, Total: 166174 ns
[2020-09-11T15:15:24.547+0000][1][safepoint    ] Safepoint "Cleanup", Time since last: 1000148200 ns, Reaching safepoint: 76929 ns, At safepoint: 6625 ns, Total: 83554 ns
[2020-09-11T15:15:24.580+0000][1][gc,start     ] GC(91) Pause Young (Allocation Failure)
[2020-09-11T15:15:24.580+0000][1][gc,task      ] GC(91) Using 1 workers of 1 for evacuation
[2020-09-11T15:15:24.594+0000][1][gc,age       ] GC(91) Desired survivor size 4358144 bytes, new threshold 6 (max threshold 6)
[2020-09-11T15:15:24.594+0000][1][gc,age       ] GC(91) Age table with threshold 6 (max threshold 6)
[2020-09-11T15:15:24.594+0000][1][gc,age       ] GC(91) - age   1:      30336 bytes,      30336 total
[2020-09-11T15:15:24.594+0000][1][gc,age       ] GC(91) - age   2:       3616 bytes,      33952 total
[2020-09-11T15:15:24.594+0000][1][gc,age       ] GC(91) - age   3:       4328 bytes,      38280 total
[2020-09-11T15:15:24.594+0000][1][gc,age       ] GC(91) - age   4:       3944 bytes,      42224 total
[2020-09-11T15:15:24.594+0000][1][gc,age       ] GC(91) - age   5:      11192 bytes,      53416 total
[2020-09-11T15:15:24.594+0000][1][gc,age       ] GC(91) - age   6:       4696 bytes,      58112 total
[2020-09-11T15:15:24.594+0000][1][gc,heap      ] GC(91) ParNew: 68221K->61K(76672K)
[2020-09-11T15:15:24.594+0000][1][gc,heap      ] GC(91) CMS: 105682K->105686K(2011968K)
[2020-09-11T15:15:24.594+0000][1][gc,metaspace ] GC(91) Metaspace: 89685K->89685K(1132544K)
[2020-09-11T15:15:24.594+0000][1][gc           ] GC(91) Pause Young (Allocation Failure) 169M->103M(2039M) 14.066ms
[2020-09-11T15:15:24.594+0000][1][gc,cpu       ] GC(91) User=0.02s Sys=0.00s Real=0.01s
[2020-09-11T15:15:24.594+0000][1][safepoint    ] Safepoint "GenCollectForAllocation", Time since last: 33071973 ns, Reaching safepoint: 188002 ns, At safepoint: 14136916 ns, Total: 14324918 ns
[2020-09-11T15:15:25.597+0000][1][safepoint    ] Safepoint "Cleanup", Time since last: 1002271115 ns, Reaching safepoint: 125839 ns, At safepoint: 39384 ns, Total: 165223 ns
[2020-09-11T15:15:26.597+0000][1][safepoint    ] Safepoint "Cleanup", Time since last: 1000187393 ns, Reaching safepoint: 103340 ns, At safepoint: 14699 ns, Total: 118039 ns
[2020-09-11T15:15:27.597+0000][1][safepoint    ] Safepoint "Cleanup", Time since last: 1000139820 ns, Reaching safepoint: 103109 ns, At safepoint: 16262 ns, Total: 119371 ns
[2020-09-11T15:15:28.598+0000][1][safepoint    ] Safepoint "Cleanup", Time since last: 1000188568 ns, Reaching safepoint: 233642 ns, At safepoint: 43056 ns, Total: 276698 ns
[2020-09-11T15:15:29.598+0000][1][safepoint    ] Safepoint "Cleanup", Time since last: 1000179772 ns, Reaching safepoint: 262245 ns, At safepoint: 21229 ns, Total: 283474 ns
[2020-09-11T15:15:30.600+0000][1][safepoint    ] Safepoint "Cleanup", Time since last: 1001001318 ns, Reaching safepoint: 127683 ns, At safepoint: 17577 ns, Total: 145260 ns
[2020-09-11T15:15:31.600+0000][1][safepoint    ] Safepoint "Cleanup", Time since last: 1000231808 ns, Reaching safepoint: 126818 ns, At safepoint: 17022 ns, Total: 143840 ns
[2020-09-11T15:15:32.600+0000][1][safepoint    ] Safepoint "Cleanup", Time since last: 1000145631 ns, Reaching safepoint: 94246 ns, At safepoint: 5817 ns, Total: 100063 ns
[2020-09-11T15:15:33.600+0000][1][safepoint    ] Safepoint "Cleanup", Time since last: 1000100324 ns, Reaching safepoint: 69290 ns, At safepoint: 5766 ns, Total: 75056 ns
[2020-09-11T15:15:34.601+0000][1][safepoint    ] Safepoint "Cleanup", Time since last: 1000114599 ns, Reaching safepoint: 102337 ns, At safepoint: 6507 ns, Total: 108844 ns
[2020-09-11T15:15:35.601+0000][1][safepoint    ] Safepoint "Cleanup", Time since last: 1000796246 ns, Reaching safepoint: 96747 ns, At safepoint: 7532 ns, Total: 104279 ns
[2020-09-11T15:15:36.602+0000][1][safepoint    ] Safepoint "Cleanup", Time since last: 1000175795 ns, Reaching safepoint: 130760 ns, At safepoint: 17086 ns, Total: 147846 ns
[2020-09-11T15:15:37.602+0000][1][safepoint    ] Safepoint "Cleanup", Time since last: 1000236860 ns, Reaching safepoint: 94975 ns, At safepoint: 8064 ns, Total: 103039 ns
[2020-09-11T15:15:38.602+0000][1][safepoint    ] Safepoint "Cleanup", Time since last: 1000193774 ns, Reaching safepoint: 87600 ns, At safepoint: 7081 ns, Total: 94681 ns
[2020-09-11T15:15:39.603+0000][1][safepoint    ] Safepoint "Cleanup", Time since last: 1000177734 ns, Reaching safepoint: 140192 ns, At safepoint: 18008 ns, Total: 158200 ns
[2020-09-11T15:15:40.604+0000][1][safepoint    ] Safepoint "Cleanup", Time since last: 1000961357 ns, Reaching safepoint: 111606 ns, At safepoint: 6401 ns, Total: 118007 ns
[2020-09-11T15:15:41.604+0000][1][safepoint    ] Safepoint "Cleanup", Time since last: 1000184993 ns, Reaching safepoint: 95333 ns, At safepoint: 7146 ns, Total: 102479 ns
[2020-09-11T15:15:42.605+0000][1][safepoint    ] Safepoint "Cleanup", Time since last: 1000473130 ns, Reaching safepoint: 88251 ns, At safepoint: 6268 ns, Total: 94519 ns
[2020-09-11T15:15:43.605+0000][1][safepoint    ] Safepoint "Cleanup", Time since last: 1000186898 ns, Reaching safepoint: 125134 ns, At safepoint: 17280 ns, Total: 142414 ns
[2020-09-11T15:15:44.605+0000][1][safepoint    ] Safepoint "Cleanup", Time since last: 1000207484 ns, Reaching safepoint: 163225 ns, At safepoint: 19217 ns, Total: 182442 ns
[2020-09-11T15:15:45.607+0000][1][safepoint    ] Safepoint "Cleanup", Time since last: 1001282788 ns, Reaching safepoint: 134281 ns, At safepoint: 17864 ns, Total: 152145 ns
[2020-09-11T15:15:46.607+0000][1][safepoint    ] Safepoint "Cleanup", Time since last: 1000215303 ns, Reaching safepoint: 131883 ns, At safepoint: 16969 ns, Total: 148852 ns
[2020-09-11T15:15:47.608+0000][1][safepoint    ] Safepoint "Cleanup", Time since last: 1000311229 ns, Reaching safepoint: 68882 ns, At safepoint: 6876 ns, Total: 75758 ns
[2020-09-11T15:15:48.608+0000][1][safepoint    ] Safepoint "Cleanup", Time since last: 1000146064 ns, Reaching safepoint: 132792 ns, At safepoint: 16832 ns, Total: 149624 ns
[2020-09-11T15:15:49.608+0000][1][safepoint    ] Safepoint "Cleanup", Time since last: 1000186324 ns, Reaching safepoint: 111229 ns, At safepoint: 7057 ns, Total: 118286 ns
[2020-09-11T15:15:50.609+0000][1][safepoint    ] Safepoint "Cleanup", Time since last: 1000726400 ns, Reaching safepoint: 81613 ns, At safepoint: 5919 ns, Total: 87532 ns
[2020-09-11T15:15:51.609+0000][1][safepoint    ] Safepoint "Cleanup", Time since last: 1000156815 ns, Reaching safepoint: 112517 ns, At safepoint: 7810 ns, Total: 120327 ns
[2020-09-11T15:15:52.609+0000][1][safepoint    ] Safepoint "Cleanup", Time since last: 1000115674 ns, Reaching safepoint: 72911 ns, At safepoint: 6534 ns, Total: 79445 ns
[2020-09-11T15:15:53.610+0000][1][safepoint    ] Safepoint "Cleanup", Time since last: 1000179237 ns, Reaching safepoint: 89824 ns, At safepoint: 6627 ns, Total: 96451 ns
[2020-09-11T15:15:54.610+0000][1][safepoint    ] Safepoint "Cleanup", Time since last: 1000153261 ns, Reaching safepoint: 104483 ns, At safepoint: 7724 ns, Total: 112207 ns
[2020-09-11T15:15:55.611+0000][1][safepoint    ] Safepoint "Cleanup", Time since last: 1000874661 ns, Reaching safepoint: 76727 ns, At safepoint: 6962 ns, Total: 83689 ns
[2020-09-11T15:15:56.611+0000][1][safepoint    ] Safepoint "Cleanup", Time since last: 1000134073 ns, Reaching safepoint: 117574 ns, At safepoint: 5859 ns, Total: 123433 ns
[2020-09-11T15:15:57.612+0000][1][safepoint    ] Safepoint "Cleanup", Time since last: 1000177839 ns, Reaching safepoint: 106885 ns, At safepoint: 6989 ns, Total: 113874 ns
[2020-09-11T15:15:58.612+0000][1][safepoint    ] Safepoint "Cleanup", Time since last: 1000182154 ns, Reaching safepoint: 134011 ns, At safepoint: 17466 ns, Total: 151477 ns
[2020-09-11T15:15:59.612+0000][1][safepoint    ] Safepoint "Cleanup", Time since last: 1000186334 ns, Reaching safepoint: 136122 ns, At safepoint: 18299 ns, Total: 154421 ns
[2020-09-11T15:16:00.613+0000][1][safepoint    ] Safepoint "Cleanup", Time since last: 1001131323 ns, Reaching safepoint: 92737 ns, At safepoint: 7034 ns, Total: 99771 ns
[2020-09-11T15:16:01.614+0000][1][safepoint    ] Safepoint "Cleanup", Time since last: 1000169965 ns, Reaching safepoint: 131916 ns, At safepoint: 17661 ns, Total: 149577 ns
[2020-09-11T15:16:02.614+0000][1][safepoint    ] Safepoint "Cleanup", Time since last: 1000156874 ns, Reaching safepoint: 70024 ns, At safepoint: 6898 ns, Total: 76922 ns
[2020-09-11T15:16:03.614+0000][1][safepoint    ] Safepoint "Cleanup", Time since last: 1000188185 ns, Reaching safepoint: 134495 ns, At safepoint: 17136 ns, Total: 151631 ns
[2020-09-11T15:16:04.615+0000][1][safepoint    ] Safepoint "Cleanup", Time since last: 1000222112 ns, Reaching safepoint: 135839 ns, At safepoint: 17446 ns, Total: 153285 ns
[2020-09-11T15:16:05.633+0000][1][safepoint    ] Safepoint "Cleanup", Time since last: 1018053932 ns, Reaching safepoint: 94620 ns, At safepoint: 7414 ns, Total: 102034 ns
[2020-09-11T15:16:06.633+0000][1][safepoint    ] Safepoint "Cleanup", Time since last: 1000182426 ns, Reaching safepoint: 99214 ns, At safepoint: 6865 ns, Total: 106079 ns
[2020-09-11T15:16:07.633+0000][1][safepoint    ] Safepoint "Cleanup", Time since last: 1000167041 ns, Reaching safepoint: 130042 ns, At safepoint: 17396 ns, Total: 147438 ns
[2020-09-11T15:16:08.634+0000][1][safepoint    ] Safepoint "Cleanup", Time since last: 1000227062 ns, Reaching safepoint: 126514 ns, At safepoint: 16848 ns, Total: 143362 ns
[2020-09-11T15:16:09.634+0000][1][safepoint    ] Safepoint "Cleanup", Time since last: 1000228900 ns, Reaching safepoint: 147392 ns, At safepoint: 18970 ns, Total: 166362 ns
[2020-09-11T15:16:10.635+0000][1][safepoint    ] Safepoint "Cleanup", Time since last: 1001011921 ns, Reaching safepoint: 93361 ns, At safepoint: 7375 ns, Total: 100736 ns
[2020-09-11T15:16:11.636+0000][1][safepoint    ] Safepoint "Cleanup", Time since last: 1000154104 ns, Reaching safepoint: 124413 ns, At safepoint: 7558 ns, Total: 131971 ns
[2020-09-11T15:16:12.636+0000][1][safepoint    ] Safepoint "Cleanup", Time since last: 1000118356 ns, Reaching safepoint: 73546 ns, At safepoint: 6551 ns, Total: 80097 ns
[2020-09-11T15:16:13.636+0000][1][safepoint    ] Safepoint "Cleanup", Time since last: 1000173894 ns, Reaching safepoint: 121245 ns, At safepoint: 16792 ns, Total: 138037 ns
[2020-09-11T15:16:14.636+0000][1][safepoint    ] Safepoint "Cleanup", Time since last: 1000187914 ns, Reaching safepoint: 134091 ns, At safepoint: 16899 ns, Total: 150990 ns
[2020-09-11T15:16:15.638+0000][1][safepoint    ] Safepoint "Cleanup", Time since last: 1001213407 ns, Reaching safepoint: 129888 ns, At safepoint: 17821 ns, Total: 147709 ns
[2020-09-11T15:16:16.638+0000][1][safepoint    ] Safepoint "Cleanup", Time since last: 1000217916 ns, Reaching safepoint: 140469 ns, At safepoint: 17647 ns, Total: 158116 ns
[2020-09-11T15:16:17.639+0000][1][safepoint    ] Safepoint "Cleanup", Time since last: 1000224337 ns, Reaching safepoint: 97166 ns, At safepoint: 7618 ns, Total: 104784 ns
[2020-09-11T15:16:18.639+0000][1][safepoint    ] Safepoint "Cleanup", Time since last: 1000195396 ns, Reaching safepoint: 97471 ns, At safepoint: 7449 ns, Total: 104920 ns
[2020-09-11T15:16:19.639+0000][1][safepoint    ] Safepoint "Cleanup", Time since last: 1000175976 ns, Reaching safepoint: 136614 ns, At safepoint: 17229 ns, Total: 153843 ns
[2020-09-11T15:16:20.640+0000][1][safepoint    ] Safepoint "Cleanup", Time since last: 1001004641 ns, Reaching safepoint: 69903 ns, At safepoint: 5454 ns, Total: 75357 ns
[2020-09-11T15:16:21.641+0000][1][safepoint    ] Safepoint "Cleanup", Time since last: 1000184417 ns, Reaching safepoint: 95825 ns, At safepoint: 8068 ns, Total: 103893 ns
[2020-09-11T15:16:22.641+0000][1][safepoint    ] Safepoint "Cleanup", Time since last: 1000115816 ns, Reaching safepoint: 71235 ns, At safepoint: 6846 ns, Total: 78081 ns
[2020-09-11T15:16:23.641+0000][1][safepoint    ] Safepoint "Cleanup", Time since last: 1000197179 ns, Reaching safepoint: 129841 ns, At safepoint: 18282 ns, Total: 148123 ns
[2020-09-11T15:16:24.641+0000][1][safepoint    ] Safepoint "Cleanup", Time since last: 1000147577 ns, Reaching safepoint: 69020 ns, At safepoint: 6225 ns, Total: 75245 ns
[2020-09-11T15:16:25.642+0000][1][safepoint    ] Safepoint "Cleanup", Time since last: 1000794703 ns, Reaching safepoint: 131872 ns, At safepoint: 17801 ns, Total: 149673 ns
[2020-09-11T15:16:26.643+0000][1][safepoint    ] Safepoint "Cleanup", Time since last: 1000217825 ns, Reaching safepoint: 128235 ns, At safepoint: 17440 ns, Total: 145675 ns
[2020-09-11T15:16:27.643+0000][1][safepoint    ] Safepoint "Cleanup", Time since last: 1000248756 ns, Reaching safepoint: 92662 ns, At safepoint: 6819 ns, Total: 99481 ns
[2020-09-11T15:16:28.643+0000][1][safepoint    ] Safepoint "Cleanup", Time since last: 1000204324 ns, Reaching safepoint: 97549 ns, At safepoint: 6473 ns, Total: 104022 ns
[2020-09-11T15:16:29.644+0000][1][safepoint    ] Safepoint "Cleanup", Time since last: 1000171171 ns, Reaching safepoint: 131833 ns, At safepoint: 17203 ns, Total: 149036 ns
[2020-09-11T15:16:30.645+0000][1][safepoint    ] Safepoint "Cleanup", Time since last: 1000968785 ns, Reaching safepoint: 130636 ns, At safepoint: 17450 ns, Total: 148086 ns
[2020-09-11T15:16:31.645+0000][1][safepoint    ] Safepoint "Cleanup", Time since last: 1000155691 ns, Reaching safepoint: 106431 ns, At safepoint: 7742 ns, Total: 114173 ns
[2020-09-11T15:16:32.645+0000][1][safepoint    ] Safepoint "Cleanup", Time since last: 1000110345 ns, Reaching safepoint: 69441 ns, At safepoint: 6061 ns, Total: 75502 ns
[2020-09-11T15:16:33.645+0000][1][safepoint    ] Safepoint "Cleanup", Time since last: 1000194563 ns, Reaching safepoint: 96156 ns, At safepoint: 6477 ns, Total: 102633 ns
[2020-09-11T15:16:34.646+0000][1][safepoint    ] Safepoint "Cleanup", Time since last: 1000167787 ns, Reaching safepoint: 85914 ns, At safepoint: 7208 ns, Total: 93122 ns
[2020-09-11T15:16:34.705+0000][1][gc,start     ] GC(92) Pause Young (Allocation Failure)
[2020-09-11T15:16:34.705+0000][1][gc,task      ] GC(92) Using 1 workers of 1 for evacuation
[2020-09-11T15:16:34.718+0000][1][gc,age       ] GC(92) Desired survivor size 4358144 bytes, new threshold 6 (max threshold 6)
[2020-09-11T15:16:34.718+0000][1][gc,age       ] GC(92) Age table with threshold 6 (max threshold 6)
[2020-09-11T15:16:34.718+0000][1][gc,age       ] GC(92) - age   1:      39880 bytes,      39880 total
[2020-09-11T15:16:34.718+0000][1][gc,age       ] GC(92) - age   2:        736 bytes,      40616 total
[2020-09-11T15:16:34.718+0000][1][gc,age       ] GC(92) - age   3:       2256 bytes,      42872 total
[2020-09-11T15:16:34.718+0000][1][gc,age       ] GC(92) - age   4:       4328 bytes,      47200 total
[2020-09-11T15:16:34.718+0000][1][gc,age       ] GC(92) - age   5:       3944 bytes,      51144 total
[2020-09-11T15:16:34.718+0000][1][gc,age       ] GC(92) - age   6:      11192 bytes,      62336 total
[2020-09-11T15:16:34.718+0000][1][gc,heap      ] GC(92) ParNew: 68221K->115K(76672K)
[2020-09-11T15:16:34.718+0000][1][gc,heap      ] GC(92) CMS: 105686K->105690K(2011968K)
[2020-09-11T15:16:34.718+0000][1][gc,metaspace ] GC(92) Metaspace: 89742K->89742K(1132544K)
[2020-09-11T15:16:34.718+0000][1][gc           ] GC(92) Pause Young (Allocation Failure) 169M->103M(2039M) 13.566ms
[2020-09-11T15:16:34.718+0000][1][gc,cpu       ] GC(92) User=0.01s Sys=0.00s Real=0.01s
[2020-09-11T15:16:34.718+0000][1][safepoint    ] Safepoint "GenCollectForAllocation", Time since last: 58817845 ns, Reaching safepoint: 177402 ns, At safepoint: 13635652 ns, Total: 13813054 ns
[2020-09-11T15:16:35.721+0000][1][safepoint    ] Safepoint "Cleanup", Time since last: 1002550964 ns, Reaching safepoint: 58619 ns, At safepoint: 14629 ns, Total: 73248 ns
[2020-09-11T15:16:36.721+0000][1][safepoint    ] Safepoint "Cleanup", Time since last: 1000260548 ns, Reaching safepoint: 70713 ns, At safepoint: 13254 ns, Total: 83967 ns
[2020-09-11T15:16:37.722+0000][1][safepoint    ] Safepoint "Cleanup", Time since last: 1000133858 ns, Reaching safepoint: 176708 ns, At safepoint: 17048 ns, Total: 193756 ns
[2020-09-11T15:16:38.722+0000][1][safepoint    ] Safepoint "Cleanup", Time since last: 1000110854 ns, Reaching safepoint: 249980 ns, At safepoint: 45184 ns, Total: 295164 ns
[2020-09-11T15:16:39.722+0000][1][safepoint    ] Safepoint "Cleanup", Time since last: 1000125350 ns, Reaching safepoint: 181540 ns, At safepoint: 7794 ns, Total: 189334 ns
[2020-09-11T15:16:40.723+0000][1][safepoint    ] Safepoint "Cleanup", Time since last: 1000151677 ns, Reaching safepoint: 100649 ns, At safepoint: 5917 ns, Total: 106566 ns
[2020-09-11T15:16:41.723+0000][1][safepoint    ] Safepoint "Cleanup", Time since last: 1000181356 ns, Reaching safepoint: 86608 ns, At safepoint: 7072 ns, Total: 93680 ns
[2020-09-11T15:16:42.723+0000][1][safepoint    ] Safepoint "Cleanup", Time since last: 1000121903 ns, Reaching safepoint: 71891 ns, At safepoint: 6847 ns, Total: 78738 ns
[2020-09-11T15:16:43.723+0000][1][safepoint    ] Safepoint "Cleanup", Time since last: 1000167087 ns, Reaching safepoint: 105226 ns, At safepoint: 33586 ns, Total: 138812 ns
[2020-09-11T15:16:44.724+0000][1][safepoint    ] Safepoint "Cleanup", Time since last: 1000124151 ns, Reaching safepoint: 126189 ns, At safepoint: 13427 ns, Total: 139616 ns
[2020-09-11T15:16:45.725+0000][1][safepoint    ] Safepoint "Cleanup", Time since last: 1000793092 ns, Reaching safepoint: 166312 ns, At safepoint: 7890 ns, Total: 174202 ns
[2020-09-11T15:16:46.725+0000][1][safepoint    ] Safepoint "Cleanup", Time since last: 1000182622 ns, Reaching safepoint: 92321 ns, At safepoint: 6442 ns, Total: 98763 ns
[2020-09-11T15:16:47.725+0000][1][safepoint    ] Safepoint "Cleanup", Time since last: 1000180078 ns, Reaching safepoint: 96624 ns, At safepoint: 7021 ns, Total: 103645 ns
[2020-09-11T15:16:48.725+0000][1][safepoint    ] Safepoint "Cleanup", Time since last: 1000131995 ns, Reaching safepoint: 123640 ns, At safepoint: 15666 ns, Total: 139306 ns
[2020-09-11T15:16:49.726+0000][1][safepoint    ] Safepoint "Cleanup", Time since last: 1000208413 ns, Reaching safepoint: 93221 ns, At safepoint: 6594 ns, Total: 99815 ns
[2020-09-11T15:16:50.726+0000][1][safepoint    ] Safepoint "Cleanup", Time since last: 1000115905 ns, Reaching safepoint: 117949 ns, At safepoint: 5540 ns, Total: 123489 ns
[2020-09-11T15:16:51.726+0000][1][safepoint    ] Safepoint "Cleanup", Time since last: 1000132059 ns, Reaching safepoint: 112197 ns, At safepoint: 6962 ns, Total: 119159 ns
[2020-09-11T15:16:52.727+0000][1][safepoint    ] Safepoint "Cleanup", Time since last: 1000195501 ns, Reaching safepoint: 149062 ns, At safepoint: 18549 ns, Total: 167611 ns
[2020-09-11T15:16:53.727+0000][1][safepoint    ] Safepoint "Cleanup", Time since last: 1000210793 ns, Reaching safepoint: 109217 ns, At safepoint: 6711 ns, Total: 115928 ns
[2020-09-11T15:16:54.727+0000][1][safepoint    ] Safepoint "Cleanup", Time since last: 1000158473 ns, Reaching safepoint: 135504 ns, At safepoint: 18202 ns, Total: 153706 ns
[2020-09-11T15:16:55.728+0000][1][safepoint    ] Safepoint "Cleanup", Time since last: 1000221267 ns, Reaching safepoint: 124121 ns, At safepoint: 16698 ns, Total: 140819 ns
[2020-09-11T15:16:56.728+0000][1][safepoint    ] Safepoint "Cleanup", Time since last: 1000191047 ns, Reaching safepoint: 123971 ns, At safepoint: 16581 ns, Total: 140552 ns
[2020-09-11T15:16:57.728+0000][1][safepoint    ] Safepoint "Cleanup", Time since last: 1000217411 ns, Reaching safepoint: 82345 ns, At safepoint: 6868 ns, Total: 89213 ns
[2020-09-11T15:16:58.729+0000][1][safepoint    ] Safepoint "Cleanup", Time since last: 1000190368 ns, Reaching safepoint: 99266 ns, At safepoint: 6257 ns, Total: 105523 ns
[2020-09-11T15:16:59.729+0000][1][safepoint    ] Safepoint "Cleanup", Time since last: 1000152894 ns, Reaching safepoint: 102954 ns, At safepoint: 6568 ns, Total: 109522 ns
[2020-09-11T15:17:00.729+0000][1][safepoint    ] Safepoint "Cleanup", Time since last: 1000119917 ns, Reaching safepoint: 125267 ns, At safepoint: 14460 ns, Total: 139727 ns
[2020-09-11T15:17:01.729+0000][1][safepoint    ] Safepoint "Cleanup", Time since last: 1000163985 ns, Reaching safepoint: 91696 ns, At safepoint: 7015 ns, Total: 98711 ns
[2020-09-11T15:17:02.730+0000][1][safepoint    ] Safepoint "Cleanup", Time since last: 1000169849 ns, Reaching safepoint: 115308 ns, At safepoint: 7357 ns, Total: 122665 ns
[2020-09-11T15:17:03.730+0000][1][safepoint    ] Safepoint "Cleanup", Time since last: 1000190583 ns, Reaching safepoint: 91849 ns, At safepoint: 6869 ns, Total: 98718 ns
[2020-09-11T15:17:04.730+0000][1][safepoint    ] Safepoint "Cleanup", Time since last: 1000131608 ns, Reaching safepoint: 109434 ns, At safepoint: 6294 ns, Total: 115728 ns
[2020-09-11T15:17:05.730+0000][1][safepoint    ] Safepoint "Cleanup", Time since last: 1000124726 ns, Reaching safepoint: 122032 ns, At safepoint: 7578 ns, Total: 129610 ns
[2020-09-11T15:17:06.731+0000][1][safepoint    ] Safepoint "Cleanup", Time since last: 1000138128 ns, Reaching safepoint: 159510 ns, At safepoint: 8220 ns, Total: 167730 ns
[2020-09-11T15:17:07.731+0000][1][safepoint    ] Safepoint "Cleanup", Time since last: 1000186980 ns, Reaching safepoint: 87961 ns, At safepoint: 7173 ns, Total: 95134 ns
[2020-09-11T15:17:08.731+0000][1][safepoint    ] Safepoint "Cleanup", Time since last: 1000152288 ns, Reaching safepoint: 134645 ns, At safepoint: 14714 ns, Total: 149359 ns
[2020-09-11T15:17:09.732+0000][1][safepoint    ] Safepoint "Cleanup", Time since last: 1000293122 ns, Reaching safepoint: 136155 ns, At safepoint: 17641 ns, Total: 153796 ns
[2020-09-11T15:17:10.732+0000][1][safepoint    ] Safepoint "Cleanup", Time since last: 1000184655 ns, Reaching safepoint: 129779 ns, At safepoint: 8502 ns, Total: 138281 ns
[2020-09-11T15:17:11.733+0000][1][safepoint    ] Safepoint "Cleanup", Time since last: 1000692935 ns, Reaching safepoint: 124648 ns, At safepoint: 7959 ns, Total: 132607 ns
[2020-09-11T15:17:12.733+0000][1][safepoint    ] Safepoint "Cleanup", Time since last: 1000156347 ns, Reaching safepoint: 109584 ns, At safepoint: 7735 ns, Total: 117319 ns
[2020-09-11T15:17:13.733+0000][1][safepoint    ] Safepoint "Cleanup", Time since last: 1000165213 ns, Reaching safepoint: 106245 ns, At safepoint: 7175 ns, Total: 113420 ns
[2020-09-11T15:17:14.734+0000][1][safepoint    ] Safepoint "Cleanup", Time since last: 1000143627 ns, Reaching safepoint: 110560 ns, At safepoint: 7064 ns, Total: 117624 ns
[2020-09-11T15:17:15.734+0000][1][safepoint    ] Safepoint "Cleanup", Time since last: 1000150419 ns, Reaching safepoint: 112382 ns, At safepoint: 8176 ns, Total: 120558 ns
[2020-09-11T15:17:16.735+0000][1][safepoint    ] Safepoint "Cleanup", Time since last: 1000740508 ns, Reaching safepoint: 120552 ns, At safepoint: 8525 ns, Total: 129077 ns
[2020-09-11T15:17:17.735+0000][1][safepoint    ] Safepoint "Cleanup", Time since last: 1000160615 ns, Reaching safepoint: 114173 ns, At safepoint: 8523 ns, Total: 122696 ns
[2020-09-11T15:17:18.735+0000][1][safepoint    ] Safepoint "Cleanup", Time since last: 1000160016 ns, Reaching safepoint: 118220 ns, At safepoint: 6968 ns, Total: 125188 ns
[2020-09-11T15:17:19.736+0000][1][safepoint    ] Safepoint "Cleanup", Time since last: 1000149196 ns, Reaching safepoint: 110450 ns, At safepoint: 7657 ns, Total: 118107 ns
[2020-09-11T15:17:20.736+0000][1][safepoint    ] Safepoint "Cleanup", Time since last: 1000150667 ns, Reaching safepoint: 109666 ns, At safepoint: 6761 ns, Total: 116427 ns
[2020-09-11T15:17:21.737+0000][1][safepoint    ] Safepoint "Cleanup", Time since last: 1000717807 ns, Reaching safepoint: 66575 ns, At safepoint: 5920 ns, Total: 72495 ns
[2020-09-11T15:17:22.737+0000][1][safepoint    ] Safepoint "Cleanup", Time since last: 1000109535 ns, Reaching safepoint: 73529 ns, At safepoint: 6923 ns, Total: 80452 ns
[2020-09-11T15:17:23.737+0000][1][safepoint    ] Safepoint "Cleanup", Time since last: 1000135814 ns, Reaching safepoint: 116577 ns, At safepoint: 7204 ns, Total: 123781 ns
[2020-09-11T15:17:24.737+0000][1][safepoint    ] Safepoint "Cleanup", Time since last: 1000105269 ns, Reaching safepoint: 70616 ns, At safepoint: 6160 ns, Total: 76776 ns
[2020-09-11T15:17:25.738+0000][1][safepoint    ] Safepoint "Cleanup", Time since last: 1000137539 ns, Reaching safepoint: 141214 ns, At safepoint: 16113 ns, Total: 157327 ns
[2020-09-11T15:17:26.739+0000][1][safepoint    ] Safepoint "Cleanup", Time since last: 1000992289 ns, Reaching safepoint: 112718 ns, At safepoint: 6686 ns, Total: 119404 ns
[2020-09-11T15:17:27.739+0000][1][safepoint    ] Safepoint "Cleanup", Time since last: 1000144310 ns, Reaching safepoint: 143035 ns, At safepoint: 15809 ns, Total: 158844 ns
[2020-09-11T15:17:28.739+0000][1][safepoint    ] Safepoint "Cleanup", Time since last: 1000191039 ns, Reaching safepoint: 126766 ns, At safepoint: 5848 ns, Total: 132614 ns
[2020-09-11T15:17:29.740+0000][1][safepoint    ] Safepoint "Cleanup", Time since last: 1000156635 ns, Reaching safepoint: 115671 ns, At safepoint: 6828 ns, Total: 122499 ns
[2020-09-11T15:17:30.740+0000][1][safepoint    ] Safepoint "Cleanup", Time since last: 1000174587 ns, Reaching safepoint: 132824 ns, At safepoint: 17250 ns, Total: 150074 ns
[2020-09-11T15:17:31.741+0000][1][safepoint    ] Safepoint "Cleanup", Time since last: 1001085353 ns, Reaching safepoint: 105912 ns, At safepoint: 7690 ns, Total: 113602 ns
[2020-09-11T15:17:32.741+0000][1][safepoint    ] Safepoint "Cleanup", Time since last: 1000109862 ns, Reaching safepoint: 77828 ns, At safepoint: 8044 ns, Total: 85872 ns
[2020-09-11T15:17:33.742+0000][1][safepoint    ] Safepoint "Cleanup", Time since last: 1000175432 ns, Reaching safepoint: 98999 ns, At safepoint: 7193 ns, Total: 106192 ns
[2020-09-11T15:17:34.742+0000][1][safepoint    ] Safepoint "Cleanup", Time since last: 1000161802 ns, Reaching safepoint: 131775 ns, At safepoint: 16849 ns, Total: 148624 ns
[2020-09-11T15:17:35.742+0000][1][safepoint    ] Safepoint "Cleanup", Time since last: 1000183672 ns, Reaching safepoint: 111897 ns, At safepoint: 7535 ns, Total: 119432 ns
[2020-09-11T15:17:36.743+0000][1][safepoint    ] Safepoint "Cleanup", Time since last: 1000775709 ns, Reaching safepoint: 133379 ns, At safepoint: 15405 ns, Total: 148784 ns
[2020-09-11T15:17:37.744+0000][1][safepoint    ] Safepoint "Cleanup", Time since last: 1000220074 ns, Reaching safepoint: 106399 ns, At safepoint: 8662 ns, Total: 115061 ns
[2020-09-11T15:17:38.744+0000][1][safepoint    ] Safepoint "Cleanup", Time since last: 1000140908 ns, Reaching safepoint: 130362 ns, At safepoint: 14974 ns, Total: 145336 ns
[2020-09-11T15:17:39.744+0000][1][safepoint    ] Safepoint "Cleanup", Time since last: 1000214920 ns, Reaching safepoint: 92370 ns, At safepoint: 7466 ns, Total: 99836 ns
[2020-09-11T15:17:40.744+0000][1][safepoint    ] Safepoint "Cleanup", Time since last: 1000173003 ns, Reaching safepoint: 102345 ns, At safepoint: 7056 ns, Total: 109401 ns
[2020-09-11T15:17:41.745+0000][1][safepoint    ] Safepoint "Cleanup", Time since last: 1000757200 ns, Reaching safepoint: 138220 ns, At safepoint: 18115 ns, Total: 156335 ns
[2020-09-11T15:17:42.746+0000][1][safepoint    ] Safepoint "Cleanup", Time since last: 1000205766 ns, Reaching safepoint: 152881 ns, At safepoint: 22645 ns, Total: 175526 ns
[2020-09-11T15:17:43.746+0000][1][safepoint    ] Safepoint "Cleanup", Time since last: 1000216252 ns, Reaching safepoint: 133406 ns, At safepoint: 18148 ns, Total: 151554 ns
[2020-09-11T15:17:44.747+0000][1][safepoint    ] Safepoint "Cleanup", Time since last: 1000229359 ns, Reaching safepoint: 132728 ns, At safepoint: 16621 ns, Total: 149349 ns
[2020-09-11T15:17:44.804+0000][1][gc,start     ] GC(93) Pause Young (Allocation Failure)
[2020-09-11T15:17:44.804+0000][1][gc,task      ] GC(93) Using 1 workers of 1 for evacuation
[2020-09-11T15:17:44.817+0000][1][gc,age       ] GC(93) Desired survivor size 4358144 bytes, new threshold 6 (max threshold 6)
[2020-09-11T15:17:44.817+0000][1][gc,age       ] GC(93) Age table with threshold 6 (max threshold 6)
[2020-09-11T15:17:44.817+0000][1][gc,age       ] GC(93) - age   1:      33056 bytes,      33056 total
[2020-09-11T15:17:44.817+0000][1][gc,age       ] GC(93) - age   2:       7968 bytes,      41024 total
[2020-09-11T15:17:44.817+0000][1][gc,age       ] GC(93) - age   3:        736 bytes,      41760 total
[2020-09-11T15:17:44.817+0000][1][gc,age       ] GC(93) - age   4:       2256 bytes,      44016 total
[2020-09-11T15:17:44.817+0000][1][gc,age       ] GC(93) - age   5:       4328 bytes,      48344 total
[2020-09-11T15:17:44.817+0000][1][gc,age       ] GC(93) - age   6:       3944 bytes,      52288 total
[2020-09-11T15:17:44.817+0000][1][gc,heap      ] GC(93) ParNew: 68275K->74K(76672K)
[2020-09-11T15:17:44.817+0000][1][gc,heap      ] GC(93) CMS: 105690K->105701K(2011968K)
[2020-09-11T15:17:44.817+0000][1][gc,metaspace ] GC(93) Metaspace: 89780K->89780K(1132544K)
[2020-09-11T15:17:44.817+0000][1][gc           ] GC(93) Pause Young (Allocation Failure) 169M->103M(2039M) 13.481ms
[2020-09-11T15:17:44.817+0000][1][gc,cpu       ] GC(93) User=0.02s Sys=0.00s Real=0.01s
[2020-09-11T15:17:44.817+0000][1][safepoint    ] Safepoint "GenCollectForAllocation", Time since last: 56808116 ns, Reaching safepoint: 219827 ns, At safepoint: 13620630 ns, Total: 13840457 ns
[2020-09-11T15:17:45.819+0000][1][safepoint    ] Safepoint "Cleanup", Time since last: 1001261759 ns, Reaching safepoint: 67178 ns, At safepoint: 14662 ns, Total: 81840 ns
[2020-09-11T15:17:46.820+0000][1][safepoint    ] Safepoint "Cleanup", Time since last: 1000936793 ns, Reaching safepoint: 126594 ns, At safepoint: 36948 ns, Total: 163542 ns
[2020-09-11T15:17:47.820+0000][1][safepoint    ] Safepoint "Cleanup", Time since last: 1000231157 ns, Reaching safepoint: 90588 ns, At safepoint: 19250 ns, Total: 109838 ns
[2020-09-11T15:17:48.820+0000][1][safepoint    ] Safepoint "Cleanup", Time since last: 1000181019 ns, Reaching safepoint: 92366 ns, At safepoint: 16995 ns, Total: 109361 ns
[2020-09-11T15:17:49.821+0000][1][safepoint    ] Safepoint "Cleanup", Time since last: 1000105395 ns, Reaching safepoint: 191073 ns, At safepoint: 8032 ns, Total: 199105 ns
[2020-09-11T15:17:50.821+0000][1][safepoint    ] Safepoint "Cleanup", Time since last: 1000137497 ns, Reaching safepoint: 119047 ns, At safepoint: 7310 ns, Total: 126357 ns
[2020-09-11T15:17:51.822+0000][1][safepoint    ] Safepoint "Cleanup", Time since last: 1000707730 ns, Reaching safepoint: 137274 ns, At safepoint: 16668 ns, Total: 153942 ns
[2020-09-11T15:17:52.822+0000][1][safepoint    ] Safepoint "Cleanup", Time since last: 1000212652 ns, Reaching safepoint: 107772 ns, At safepoint: 7075 ns, Total: 114847 ns
[2020-09-11T15:17:53.822+0000][1][safepoint    ] Safepoint "Cleanup", Time since last: 1000183536 ns, Reaching safepoint: 108470 ns, At safepoint: 7155 ns, Total: 115625 ns
[2020-09-11T15:17:54.823+0000][1][safepoint    ] Safepoint "Cleanup", Time since last: 1000127933 ns, Reaching safepoint: 368475 ns, At safepoint: 18001 ns, Total: 386476 ns
[2020-09-11T15:17:55.823+0000][1][safepoint    ] Safepoint "Cleanup", Time since last: 1000222925 ns, Reaching safepoint: 101796 ns, At safepoint: 7582 ns, Total: 109378 ns
[2020-09-11T15:17:56.824+0000][1][safepoint    ] Safepoint "Cleanup", Time since last: 1000825442 ns, Reaching safepoint: 118061 ns, At safepoint: 7463 ns, Total: 125524 ns
[2020-09-11T15:17:57.824+0000][1][safepoint    ] Safepoint "Cleanup", Time since last: 1000192126 ns, Reaching safepoint: 99258 ns, At safepoint: 7891 ns, Total: 107149 ns
[2020-09-11T15:17:58.825+0000][1][safepoint    ] Safepoint "Cleanup", Time since last: 1000170837 ns, Reaching safepoint: 105722 ns, At safepoint: 7271 ns, Total: 112993 ns
[2020-09-11T15:17:59.825+0000][1][safepoint    ] Safepoint "Cleanup", Time since last: 1000152418 ns, Reaching safepoint: 137592 ns, At safepoint: 18342 ns, Total: 155934 ns
[2020-09-11T15:18:00.825+0000][1][safepoint    ] Safepoint "Cleanup", Time since last: 1000225680 ns, Reaching safepoint: 135263 ns, At safepoint: 17614 ns, Total: 152877 ns
[2020-09-11T15:18:01.827+0000][1][safepoint    ] Safepoint "Cleanup", Time since last: 1001136993 ns, Reaching safepoint: 133593 ns, At safepoint: 17149 ns, Total: 150742 ns
[2020-09-11T15:18:02.827+0000][1][safepoint    ] Safepoint "Cleanup", Time since last: 1000181671 ns, Reaching safepoint: 132907 ns, At safepoint: 17113 ns, Total: 150020 ns
[2020-09-11T15:18:03.827+0000][1][safepoint    ] Safepoint "Cleanup", Time since last: 1000220813 ns, Reaching safepoint: 255168 ns, At safepoint: 19418 ns, Total: 274586 ns
[2020-09-11T15:18:04.828+0000][1][safepoint    ] Safepoint "Cleanup", Time since last: 1000221196 ns, Reaching safepoint: 131381 ns, At safepoint: 16173 ns, Total: 147554 ns
[2020-09-11T15:18:05.828+0000][1][safepoint    ] Safepoint "Cleanup", Time since last: 1000235790 ns, Reaching safepoint: 95580 ns, At safepoint: 7953 ns, Total: 103533 ns
[2020-09-11T15:18:06.829+0000][1][safepoint    ] Safepoint "Cleanup", Time since last: 1000951941 ns, Reaching safepoint: 93452 ns, At safepoint: 7302 ns, Total: 100754 ns
[2020-09-11T15:18:07.830+0000][1][safepoint    ] Safepoint "Cleanup", Time since last: 1000186614 ns, Reaching safepoint: 131863 ns, At safepoint: 17540 ns, Total: 149403 ns
[2020-09-11T15:18:08.830+0000][1][safepoint    ] Safepoint "Cleanup", Time since last: 1000207536 ns, Reaching safepoint: 103722 ns, At safepoint: 6585 ns, Total: 110307 ns
[2020-09-11T15:18:09.830+0000][1][safepoint    ] Safepoint "Cleanup", Time since last: 1000206119 ns, Reaching safepoint: 100960 ns, At safepoint: 7620 ns, Total: 108580 ns
[2020-09-11T15:18:10.831+0000][1][safepoint    ] Safepoint "Cleanup", Time since last: 1000207365 ns, Reaching safepoint: 93551 ns, At safepoint: 6749 ns, Total: 100300 ns
[2020-09-11T15:18:11.832+0000][1][safepoint    ] Safepoint "Cleanup", Time since last: 1000859958 ns, Reaching safepoint: 185646 ns, At safepoint: 16514 ns, Total: 202160 ns
[2020-09-11T15:18:12.832+0000][1][safepoint    ] Safepoint "Cleanup", Time since last: 1000181630 ns, Reaching safepoint: 120150 ns, At safepoint: 7160 ns, Total: 127310 ns
[2020-09-11T15:18:13.832+0000][1][safepoint    ] Safepoint "Cleanup", Time since last: 1000114895 ns, Reaching safepoint: 68820 ns, At safepoint: 6308 ns, Total: 75128 ns
[2020-09-11T15:18:14.832+0000][1][safepoint    ] Safepoint "Cleanup", Time since last: 1000196142 ns, Reaching safepoint: 134237 ns, At safepoint: 16505 ns, Total: 150742 ns
[2020-09-11T15:18:15.833+0000][1][safepoint    ] Safepoint "Cleanup", Time since last: 1000257974 ns, Reaching safepoint: 80234 ns, At safepoint: 8030 ns, Total: 88264 ns
[2020-09-11T15:18:16.834+0000][1][safepoint    ] Safepoint "Cleanup", Time since last: 1000940017 ns, Reaching safepoint: 136883 ns, At safepoint: 16896 ns, Total: 153779 ns
[2020-09-11T15:18:17.834+0000][1][safepoint    ] Safepoint "Cleanup", Time since last: 1000241647 ns, Reaching safepoint: 132113 ns, At safepoint: 17584 ns, Total: 149697 ns
[2020-09-11T15:18:18.835+0000][1][safepoint    ] Safepoint "Cleanup", Time since last: 1000230591 ns, Reaching safepoint: 175189 ns, At safepoint: 19802 ns, Total: 194991 ns
[2020-09-11T15:18:19.835+0000][1][safepoint    ] Safepoint "Cleanup", Time since last: 1000216880 ns, Reaching safepoint: 131619 ns, At safepoint: 17065 ns, Total: 148684 ns
[2020-09-11T15:18:20.835+0000][1][safepoint    ] Safepoint "Cleanup", Time since last: 1000221143 ns, Reaching safepoint: 96276 ns, At safepoint: 6793 ns, Total: 103069 ns
[2020-09-11T15:18:21.836+0000][1][safepoint    ] Safepoint "Cleanup", Time since last: 1000782731 ns, Reaching safepoint: 94924 ns, At safepoint: 7240 ns, Total: 102164 ns
[2020-09-11T15:18:22.837+0000][1][safepoint    ] Safepoint "Cleanup", Time since last: 1000141230 ns, Reaching safepoint: 139995 ns, At safepoint: 16464 ns, Total: 156459 ns
[2020-09-11T15:18:23.837+0000][1][safepoint    ] Safepoint "Cleanup", Time since last: 1000235381 ns, Reaching safepoint: 129160 ns, At safepoint: 17426 ns, Total: 146586 ns
[2020-09-11T15:18:24.837+0000][1][safepoint    ] Safepoint "Cleanup", Time since last: 1000185591 ns, Reaching safepoint: 116042 ns, At safepoint: 6442 ns, Total: 122484 ns
[2020-09-11T15:18:25.838+0000][1][safepoint    ] Safepoint "Cleanup", Time since last: 1000155762 ns, Reaching safepoint: 104814 ns, At safepoint: 8039 ns, Total: 112853 ns
[2020-09-11T15:18:26.838+0000][1][safepoint    ] Safepoint "Cleanup", Time since last: 1000788758 ns, Reaching safepoint: 98834 ns, At safepoint: 7352 ns, Total: 106186 ns
[2020-09-11T15:18:27.839+0000][1][safepoint    ] Safepoint "Cleanup", Time since last: 1000189165 ns, Reaching safepoint: 134766 ns, At safepoint: 18325 ns, Total: 153091 ns
[2020-09-11T15:18:28.839+0000][1][safepoint    ] Safepoint "Cleanup", Time since last: 1000220014 ns, Reaching safepoint: 98631 ns, At safepoint: 6994 ns, Total: 105625 ns
[2020-09-11T15:18:29.839+0000][1][safepoint    ] Safepoint "Cleanup", Time since last: 1000197477 ns, Reaching safepoint: 162212 ns, At safepoint: 16632 ns, Total: 178844 ns
[2020-09-11T15:18:30.840+0000][1][safepoint    ] Safepoint "Cleanup", Time since last: 1000228314 ns, Reaching safepoint: 161213 ns, At safepoint: 20564 ns, Total: 181777 ns
[2020-09-11T15:18:31.841+0000][1][safepoint    ] Safepoint "Cleanup", Time since last: 1001320081 ns, Reaching safepoint: 133730 ns, At safepoint: 18386 ns, Total: 152116 ns
[2020-09-11T15:18:33.668+0000][1][safepoint    ] Safepoint "Cleanup", Time since last: 1826926278 ns, Reaching safepoint: 89093 ns, At safepoint: 7421 ns, Total: 96514 ns
[2020-09-11T15:18:34.669+0000][1][safepoint    ] Safepoint "Cleanup", Time since last: 1000122213 ns, Reaching safepoint: 74778 ns, At safepoint: 8351 ns, Total: 83129 ns
[2020-09-11T15:18:35.669+0000][1][safepoint    ] Safepoint "Cleanup", Time since last: 1000187235 ns, Reaching safepoint: 97934 ns, At safepoint: 8399 ns, Total: 106333 ns
[2020-09-11T15:18:36.669+0000][1][safepoint    ] Safepoint "Cleanup", Time since last: 1000140047 ns, Reaching safepoint: 136309 ns, At safepoint: 18035 ns, Total: 154344 ns
[2020-09-11T15:18:37.670+0000][1][safepoint    ] Safepoint "Cleanup", Time since last: 1000245169 ns, Reaching safepoint: 137318 ns, At safepoint: 18573 ns, Total: 155891 ns
[2020-09-11T15:18:38.670+0000][1][safepoint    ] Safepoint "Cleanup", Time since last: 1000230408 ns, Reaching safepoint: 133600 ns, At safepoint: 18359 ns, Total: 151959 ns
[2020-09-11T15:18:39.670+0000][1][safepoint    ] Safepoint "Cleanup", Time since last: 1000242064 ns, Reaching safepoint: 132246 ns, At safepoint: 17577 ns, Total: 149823 ns
[2020-09-11T15:18:40.671+0000][1][safepoint    ] Safepoint "Cleanup", Time since last: 1000231771 ns, Reaching safepoint: 134127 ns, At safepoint: 17560 ns, Total: 151687 ns
[2020-09-11T15:18:41.671+0000][1][safepoint    ] Safepoint "Cleanup", Time since last: 1000244111 ns, Reaching safepoint: 98688 ns, At safepoint: 7212 ns, Total: 105900 ns
[2020-09-11T15:18:42.672+0000][1][safepoint    ] Safepoint "Cleanup", Time since last: 1000721420 ns, Reaching safepoint: 77777 ns, At safepoint: 6270 ns, Total: 84047 ns
[2020-09-11T15:18:43.672+0000][1][safepoint    ] Safepoint "Cleanup", Time since last: 1000176218 ns, Reaching safepoint: 68447 ns, At safepoint: 7322 ns, Total: 75769 ns
[2020-09-11T15:18:44.672+0000][1][safepoint    ] Safepoint "Cleanup", Time since last: 1000194431 ns, Reaching safepoint: 103555 ns, At safepoint: 6920 ns, Total: 110475 ns
[2020-09-11T15:18:45.673+0000][1][safepoint    ] Safepoint "Cleanup", Time since last: 1000172592 ns, Reaching safepoint: 104436 ns, At safepoint: 7048 ns, Total: 111484 ns
[2020-09-11T15:18:46.673+0000][1][safepoint    ] Safepoint "Cleanup", Time since last: 1000169418 ns, Reaching safepoint: 149216 ns, At safepoint: 16765 ns, Total: 165981 ns
[2020-09-11T15:18:47.725+0000][1][safepoint    ] Safepoint "Cleanup", Time since last: 1051990805 ns, Reaching safepoint: 94932 ns, At safepoint: 7685 ns, Total: 102617 ns
[2020-09-11T15:18:48.725+0000][1][safepoint    ] Safepoint "Cleanup", Time since last: 1000172833 ns, Reaching safepoint: 123960 ns, At safepoint: 7997 ns, Total: 131957 ns
[2020-09-11T15:18:49.726+0000][1][safepoint    ] Safepoint "Cleanup", Time since last: 1000141363 ns, Reaching safepoint: 117016 ns, At safepoint: 7215 ns, Total: 124231 ns
[2020-09-11T15:18:50.726+0000][1][safepoint    ] Safepoint "Cleanup", Time since last: 1000215255 ns, Reaching safepoint: 134636 ns, At safepoint: 16551 ns, Total: 151187 ns
[2020-09-11T15:18:51.726+0000][1][safepoint    ] Safepoint "Cleanup", Time since last: 1000220985 ns, Reaching safepoint: 107081 ns, At safepoint: 7539 ns, Total: 114620 ns
[2020-09-11T15:18:52.728+0000][1][safepoint    ] Safepoint "Cleanup", Time since last: 1001017175 ns, Reaching safepoint: 153305 ns, At safepoint: 18449 ns, Total: 171754 ns
[2020-09-11T15:18:53.728+0000][1][safepoint    ] Safepoint "Cleanup", Time since last: 1000222260 ns, Reaching safepoint: 134445 ns, At safepoint: 17263 ns, Total: 151708 ns
[2020-09-11T15:18:54.728+0000][1][safepoint    ] Safepoint "Cleanup", Time since last: 1000227332 ns, Reaching safepoint: 127849 ns, At safepoint: 17173 ns, Total: 145022 ns
[2020-09-11T15:18:55.729+0000][1][safepoint    ] Safepoint "Cleanup", Time since last: 1000255576 ns, Reaching safepoint: 160064 ns, At safepoint: 17620 ns, Total: 177684 ns
[2020-09-11T15:18:56.729+0000][1][safepoint    ] Safepoint "Cleanup", Time since last: 1000199260 ns, Reaching safepoint: 137141 ns, At safepoint: 18259 ns, Total: 155400 ns
[2020-09-11T15:18:57.730+0000][1][safepoint    ] Safepoint "Cleanup", Time since last: 1001135417 ns, Reaching safepoint: 134672 ns, At safepoint: 17159 ns, Total: 151831 ns
[2020-09-11T15:18:58.731+0000][1][safepoint    ] Safepoint "Cleanup", Time since last: 1000187232 ns, Reaching safepoint: 178431 ns, At safepoint: 19793 ns, Total: 198224 ns
[2020-09-11T15:18:59.731+0000][1][safepoint    ] Safepoint "Cleanup", Time since last: 1000258600 ns, Reaching safepoint: 97522 ns, At safepoint: 7246 ns, Total: 104768 ns
[2020-09-11T15:18:59.928+0000][1][gc,start     ] GC(94) Pause Young (Allocation Failure)
[2020-09-11T15:18:59.928+0000][1][gc,task      ] GC(94) Using 1 workers of 1 for evacuation
[2020-09-11T15:18:59.941+0000][1][gc,age       ] GC(94) Desired survivor size 4358144 bytes, new threshold 6 (max threshold 6)
[2020-09-11T15:18:59.941+0000][1][gc,age       ] GC(94) Age table with threshold 6 (max threshold 6)
[2020-09-11T15:18:59.941+0000][1][gc,age       ] GC(94) - age   1:      31720 bytes,      31720 total
[2020-09-11T15:18:59.941+0000][1][gc,age       ] GC(94) - age   2:       2912 bytes,      34632 total
[2020-09-11T15:18:59.941+0000][1][gc,age       ] GC(94) - age   3:       5488 bytes,      40120 total
[2020-09-11T15:18:59.941+0000][1][gc,age       ] GC(94) - age   4:        736 bytes,      40856 total
[2020-09-11T15:18:59.941+0000][1][gc,age       ] GC(94) - age   5:       2256 bytes,      43112 total
[2020-09-11T15:18:59.941+0000][1][gc,age       ] GC(94) - age   6:       4328 bytes,      47440 total
[2020-09-11T15:18:59.941+0000][1][gc,heap      ] GC(94) ParNew: 68234K->47K(76672K)
[2020-09-11T15:18:59.941+0000][1][gc,heap      ] GC(94) CMS: 105701K->105705K(2011968K)
[2020-09-11T15:18:59.941+0000][1][gc,metaspace ] GC(94) Metaspace: 89813K->89813K(1132544K)
[2020-09-11T15:18:59.941+0000][1][gc           ] GC(94) Pause Young (Allocation Failure) 169M->103M(2039M) 13.100ms
[2020-09-11T15:18:59.941+0000][1][gc,cpu       ] GC(94) User=0.02s Sys=0.00s Real=0.01s
[2020-09-11T15:18:59.941+0000][1][safepoint    ] Safepoint "GenCollectForAllocation", Time since last: 196257428 ns, Reaching safepoint: 190947 ns, At safepoint: 13163409 ns, Total: 13354356 ns
[2020-09-11T15:19:00.945+0000][1][safepoint    ] Safepoint "Cleanup", Time since last: 1004041545 ns, Reaching safepoint: 75795 ns, At safepoint: 21397 ns, Total: 97192 ns
[2020-09-11T15:19:01.945+0000][1][safepoint    ] Safepoint "Cleanup", Time since last: 1000194222 ns, Reaching safepoint: 164941 ns, At safepoint: 45775 ns, Total: 210716 ns
[2020-09-11T15:19:02.946+0000][1][safepoint    ] Safepoint "Cleanup", Time since last: 1000237222 ns, Reaching safepoint: 159903 ns, At safepoint: 52534 ns, Total: 212437 ns
[2020-09-11T15:19:03.946+0000][1][safepoint    ] Safepoint "Cleanup", Time since last: 1000215077 ns, Reaching safepoint: 105677 ns, At safepoint: 7819 ns, Total: 113496 ns
[2020-09-11T15:19:04.946+0000][1][safepoint    ] Safepoint "Cleanup", Time since last: 1000108353 ns, Reaching safepoint: 88562 ns, At safepoint: 8178 ns, Total: 96740 ns
[2020-09-11T15:19:05.947+0000][1][safepoint    ] Safepoint "Cleanup", Time since last: 1000171520 ns, Reaching safepoint: 136152 ns, At safepoint: 18974 ns, Total: 155126 ns
[2020-09-11T15:19:06.947+0000][1][safepoint    ] Safepoint "Cleanup", Time since last: 1000229439 ns, Reaching safepoint: 140459 ns, At safepoint: 17099 ns, Total: 157558 ns
[2020-09-11T15:19:07.948+0000][1][safepoint    ] Safepoint "Cleanup", Time since last: 1000294982 ns, Reaching safepoint: 163575 ns, At safepoint: 16521 ns, Total: 180096 ns
[2020-09-11T15:19:08.948+0000][1][safepoint    ] Safepoint "Cleanup", Time since last: 1000285241 ns, Reaching safepoint: 137930 ns, At safepoint: 16424 ns, Total: 154354 ns
[2020-09-11T15:19:09.948+0000][1][safepoint    ] Safepoint "Cleanup", Time since last: 1000300499 ns, Reaching safepoint: 75861 ns, At safepoint: 6758 ns, Total: 82619 ns
[2020-09-11T15:19:10.949+0000][1][safepoint    ] Safepoint "Cleanup", Time since last: 1000168012 ns, Reaching safepoint: 139650 ns, At safepoint: 17523 ns, Total: 157173 ns
[2020-09-11T15:19:11.949+0000][1][safepoint    ] Safepoint "Cleanup", Time since last: 1000217757 ns, Reaching safepoint: 98955 ns, At safepoint: 7614 ns, Total: 106569 ns
[2020-09-11T15:19:12.949+0000][1][safepoint    ] Safepoint "Cleanup", Time since last: 1000184153 ns, Reaching safepoint: 108337 ns, At safepoint: 7675 ns, Total: 116012 ns
[2020-09-11T15:19:13.950+0000][1][safepoint    ] Safepoint "Cleanup", Time since last: 1000259355 ns, Reaching safepoint: 140358 ns, At safepoint: 16615 ns, Total: 156973 ns
[2020-09-11T15:19:14.950+0000][1][safepoint    ] Safepoint "Cleanup", Time since last: 1000260852 ns, Reaching safepoint: 135701 ns, At safepoint: 16111 ns, Total: 151812 ns
[2020-09-11T15:19:15.950+0000][1][safepoint    ] Safepoint "Cleanup", Time since last: 1000308482 ns, Reaching safepoint: 82447 ns, At safepoint: 6531 ns, Total: 88978 ns
[2020-09-11T15:19:16.951+0000][1][safepoint    ] Safepoint "Cleanup", Time since last: 1000126145 ns, Reaching safepoint: 81441 ns, At safepoint: 7193 ns, Total: 88634 ns
[2020-09-11T15:19:17.951+0000][1][safepoint    ] Safepoint "Cleanup", Time since last: 1000174890 ns, Reaching safepoint: 101923 ns, At safepoint: 9233 ns, Total: 111156 ns
[2020-09-11T15:19:18.951+0000][1][safepoint    ] Safepoint "Cleanup", Time since last: 1000168869 ns, Reaching safepoint: 106404 ns, At safepoint: 8732 ns, Total: 115136 ns
[2020-09-11T15:19:19.952+0000][1][safepoint    ] Safepoint "Cleanup", Time since last: 1000180938 ns, Reaching safepoint: 143428 ns, At safepoint: 17437 ns, Total: 160865 ns
[2020-09-11T15:19:20.952+0000][1][safepoint    ] Safepoint "Cleanup", Time since last: 1000240223 ns, Reaching safepoint: 144889 ns, At safepoint: 19418 ns, Total: 164307 ns
[2020-09-11T15:19:21.952+0000][1][safepoint    ] Safepoint "Cleanup", Time since last: 1000248074 ns, Reaching safepoint: 142226 ns, At safepoint: 17824 ns, Total: 160050 ns
[2020-09-11T15:19:22.954+0000][1][safepoint    ] Safepoint "Cleanup", Time since last: 1001432471 ns, Reaching safepoint: 100611 ns, At safepoint: 7243 ns, Total: 107854 ns
[2020-09-11T15:19:23.954+0000][1][safepoint    ] Safepoint "Cleanup", Time since last: 1000175681 ns, Reaching safepoint: 102667 ns, At safepoint: 7015 ns, Total: 109682 ns
[2020-09-11T15:19:24.954+0000][1][safepoint    ] Safepoint "Cleanup", Time since last: 1000114974 ns, Reaching safepoint: 76873 ns, At safepoint: 7320 ns, Total: 84193 ns
[2020-09-11T15:19:25.955+0000][1][safepoint    ] Safepoint "Cleanup", Time since last: 1000165765 ns, Reaching safepoint: 142574 ns, At safepoint: 17049 ns, Total: 159623 ns
[2020-09-11T15:19:26.955+0000][1][safepoint    ] Safepoint "Cleanup", Time since last: 1000243626 ns, Reaching safepoint: 108301 ns, At safepoint: 7713 ns, Total: 116014 ns
[2020-09-11T15:19:27.956+0000][1][safepoint    ] Safepoint "Cleanup", Time since last: 1000845011 ns, Reaching safepoint: 157568 ns, At safepoint: 15879 ns, Total: 173447 ns
[2020-09-11T15:19:28.956+0000][1][safepoint    ] Safepoint "Cleanup", Time since last: 1000166963 ns, Reaching safepoint: 142617 ns, At safepoint: 16959 ns, Total: 159576 ns
[2020-09-11T15:19:29.957+0000][1][safepoint    ] Safepoint "Cleanup", Time since last: 1000197760 ns, Reaching safepoint: 139055 ns, At safepoint: 18666 ns, Total: 157721 ns
[2020-09-11T15:19:30.957+0000][1][safepoint    ] Safepoint "Cleanup", Time since last: 1000214891 ns, Reaching safepoint: 105937 ns, At safepoint: 8022 ns, Total: 113959 ns
[2020-09-11T15:19:31.958+0000][1][safepoint    ] Safepoint "Cleanup", Time since last: 1000219964 ns, Reaching safepoint: 104826 ns, At safepoint: 6239 ns, Total: 111065 ns
[2020-09-11T15:19:32.958+0000][1][safepoint    ] Safepoint "Cleanup", Time since last: 1000804884 ns, Reaching safepoint: 147388 ns, At safepoint: 15800 ns, Total: 163188 ns
[2020-09-11T15:19:33.959+0000][1][safepoint    ] Safepoint "Cleanup", Time since last: 1000212691 ns, Reaching safepoint: 111352 ns, At safepoint: 7267 ns, Total: 118619 ns
[2020-09-11T15:19:34.959+0000][1][safepoint    ] Safepoint "Cleanup", Time since last: 1000180956 ns, Reaching safepoint: 102453 ns, At safepoint: 7423 ns, Total: 109876 ns
[2020-09-11T15:19:35.959+0000][1][safepoint    ] Safepoint "Cleanup", Time since last: 1000177800 ns, Reaching safepoint: 98843 ns, At safepoint: 7273 ns, Total: 106116 ns
[2020-09-11T15:19:36.960+0000][1][safepoint    ] Safepoint "Cleanup", Time since last: 1000211506 ns, Reaching safepoint: 143322 ns, At safepoint: 18686 ns, Total: 162008 ns
[2020-09-11T15:19:37.961+0000][1][safepoint    ] Safepoint "Cleanup", Time since last: 1001078397 ns, Reaching safepoint: 129423 ns, At safepoint: 17878 ns, Total: 147301 ns
[2020-09-11T15:19:38.961+0000][1][safepoint    ] Safepoint "Cleanup", Time since last: 1000137984 ns, Reaching safepoint: 72407 ns, At safepoint: 7381 ns, Total: 79788 ns
[2020-09-11T15:19:39.961+0000][1][safepoint    ] Safepoint "Cleanup", Time since last: 1000168333 ns, Reaching safepoint: 102532 ns, At safepoint: 7369 ns, Total: 109901 ns
[2020-09-11T15:19:40.962+0000][1][safepoint    ] Safepoint "Cleanup", Time since last: 1000172323 ns, Reaching safepoint: 103766 ns, At safepoint: 7822 ns, Total: 111588 ns
[2020-09-11T15:19:41.962+0000][1][safepoint    ] Safepoint "Cleanup", Time since last: 1000202652 ns, Reaching safepoint: 102043 ns, At safepoint: 6688 ns, Total: 108731 ns
[2020-09-11T15:19:42.963+0000][1][safepoint    ] Safepoint "Cleanup", Time since last: 1000835931 ns, Reaching safepoint: 102738 ns, At safepoint: 7358 ns, Total: 110096 ns
[2020-09-11T15:19:43.963+0000][1][safepoint    ] Safepoint "Cleanup", Time since last: 1000179089 ns, Reaching safepoint: 139977 ns, At safepoint: 16455 ns, Total: 156432 ns
[2020-09-11T15:19:44.964+0000][1][safepoint    ] Safepoint "Cleanup", Time since last: 1000309983 ns, Reaching safepoint: 119149 ns, At safepoint: 8304 ns, Total: 127453 ns
[2020-09-11T15:19:45.964+0000][1][safepoint    ] Safepoint "Cleanup", Time since last: 1000158889 ns, Reaching safepoint: 127567 ns, At safepoint: 6484 ns, Total: 134051 ns
[2020-09-11T15:19:46.964+0000][1][safepoint    ] Safepoint "Cleanup", Time since last: 1000150832 ns, Reaching safepoint: 140378 ns, At safepoint: 16515 ns, Total: 156893 ns
[2020-09-11T15:19:47.965+0000][1][safepoint    ] Safepoint "Cleanup", Time since last: 1000234667 ns, Reaching safepoint: 142330 ns, At safepoint: 17330 ns, Total: 159660 ns
[2020-09-11T15:19:48.965+0000][1][safepoint    ] Safepoint "Cleanup", Time since last: 1000215880 ns, Reaching safepoint: 110635 ns, At safepoint: 8241 ns, Total: 118876 ns
[2020-09-11T15:19:49.965+0000][1][safepoint    ] Safepoint "Cleanup", Time since last: 1000148239 ns, Reaching safepoint: 110903 ns, At safepoint: 6759 ns, Total: 117662 ns
[2020-09-11T15:19:50.966+0000][1][safepoint    ] Safepoint "Cleanup", Time since last: 1000141695 ns, Reaching safepoint: 121505 ns, At safepoint: 8020 ns, Total: 129525 ns
[2020-09-11T15:19:51.966+0000][1][safepoint    ] Safepoint "Cleanup", Time since last: 1000154488 ns, Reaching safepoint: 142951 ns, At safepoint: 17965 ns, Total: 160916 ns
[2020-09-11T15:19:52.966+0000][1][safepoint    ] Safepoint "Cleanup", Time since last: 1000218856 ns, Reaching safepoint: 141227 ns, At safepoint: 18496 ns, Total: 159723 ns
[2020-09-11T15:19:53.967+0000][1][safepoint    ] Safepoint "Cleanup", Time since last: 1000246999 ns, Reaching safepoint: 139192 ns, At safepoint: 18196 ns, Total: 157388 ns
[2020-09-11T15:19:54.968+0000][1][safepoint    ] Safepoint "Cleanup", Time since last: 1001055704 ns, Reaching safepoint: 74315 ns, At safepoint: 7020 ns, Total: 81335 ns
[2020-09-11T15:19:55.968+0000][1][safepoint    ] Safepoint "Cleanup", Time since last: 1000279848 ns, Reaching safepoint: 138645 ns, At safepoint: 17867 ns, Total: 156512 ns
[2020-09-11T15:19:56.969+0000][1][safepoint    ] Safepoint "Cleanup", Time since last: 1000273414 ns, Reaching safepoint: 134782 ns, At safepoint: 17337 ns, Total: 152119 ns
[2020-09-11T15:19:57.969+0000][1][safepoint    ] Safepoint "Cleanup", Time since last: 1000239689 ns, Reaching safepoint: 204168 ns, At safepoint: 19521 ns, Total: 223689 ns
[2020-09-11T15:19:58.969+0000][1][safepoint    ] Safepoint "Cleanup", Time since last: 1000137786 ns, Reaching safepoint: 70348 ns, At safepoint: 7917 ns, Total: 78265 ns
[2020-09-11T15:19:59.970+0000][1][safepoint    ] Safepoint "Cleanup", Time since last: 1000741820 ns, Reaching safepoint: 98962 ns, At safepoint: 7477 ns, Total: 106439 ns
[2020-09-11T15:20:00.971+0000][1][safepoint    ] Safepoint "Cleanup", Time since last: 1000177302 ns, Reaching safepoint: 136169 ns, At safepoint: 18128 ns, Total: 154297 ns
[2020-09-11T15:20:01.971+0000][1][safepoint    ] Safepoint "Cleanup", Time since last: 1000226244 ns, Reaching safepoint: 104576 ns, At safepoint: 6820 ns, Total: 111396 ns
[2020-09-11T15:20:02.971+0000][1][safepoint    ] Safepoint "Cleanup", Time since last: 1000145433 ns, Reaching safepoint: 123250 ns, At safepoint: 7215 ns, Total: 130465 ns
[2020-09-11T15:20:03.971+0000][1][safepoint    ] Safepoint "Cleanup", Time since last: 1000138564 ns, Reaching safepoint: 79675 ns, At safepoint: 6024 ns, Total: 85699 ns
[2020-09-11T15:20:04.973+0000][1][safepoint    ] Safepoint "Cleanup", Time since last: 1000997738 ns, Reaching safepoint: 139750 ns, At safepoint: 18015 ns, Total: 157765 ns
[2020-09-11T15:20:05.973+0000][1][safepoint    ] Safepoint "Cleanup", Time since last: 1000226307 ns, Reaching safepoint: 134498 ns, At safepoint: 17747 ns, Total: 152245 ns
[2020-09-11T15:20:06.973+0000][1][safepoint    ] Safepoint "Cleanup", Time since last: 1000190792 ns, Reaching safepoint: 116797 ns, At safepoint: 6891 ns, Total: 123688 ns
[2020-09-11T15:20:07.974+0000][1][safepoint    ] Safepoint "Cleanup", Time since last: 1000178992 ns, Reaching safepoint: 104718 ns, At safepoint: 7568 ns, Total: 112286 ns
[2020-09-11T15:20:08.974+0000][1][safepoint    ] Safepoint "Cleanup", Time since last: 1000180500 ns, Reaching safepoint: 140482 ns, At safepoint: 18309 ns, Total: 158791 ns
[2020-09-11T15:20:09.975+0000][1][safepoint    ] Safepoint "Cleanup", Time since last: 1000986478 ns, Reaching safepoint: 120115 ns, At safepoint: 7101 ns, Total: 127216 ns
[2020-09-11T15:20:10.037+0000][1][gc,start     ] GC(95) Pause Young (Allocation Failure)
[2020-09-11T15:20:10.037+0000][1][gc,task      ] GC(95) Using 1 workers of 1 for evacuation
[2020-09-11T15:20:10.049+0000][1][gc,age       ] GC(95) Desired survivor size 4358144 bytes, new threshold 6 (max threshold 6)
[2020-09-11T15:20:10.050+0000][1][gc,age       ] GC(95) Age table with threshold 6 (max threshold 6)
[2020-09-11T15:20:10.050+0000][1][gc,age       ] GC(95) - age   1:      35272 bytes,      35272 total
[2020-09-11T15:20:10.050+0000][1][gc,age       ] GC(95) - age   2:       1832 bytes,      37104 total
[2020-09-11T15:20:10.050+0000][1][gc,age       ] GC(95) - age   3:       1672 bytes,      38776 total
[2020-09-11T15:20:10.050+0000][1][gc,age       ] GC(95) - age   4:       5488 bytes,      44264 total
[2020-09-11T15:20:10.050+0000][1][gc,age       ] GC(95) - age   5:        736 bytes,      45000 total
[2020-09-11T15:20:10.050+0000][1][gc,age       ] GC(95) - age   6:       2256 bytes,      47256 total
[2020-09-11T15:20:10.050+0000][1][gc,heap      ] GC(95) ParNew: 68207K->46K(76672K)
[2020-09-11T15:20:10.050+0000][1][gc,heap      ] GC(95) CMS: 105705K->105708K(2011968K)
[2020-09-11T15:20:10.050+0000][1][gc,metaspace ] GC(95) Metaspace: 89842K->89842K(1132544K)
[2020-09-11T15:20:10.050+0000][1][gc           ] GC(95) Pause Young (Allocation Failure) 169M->103M(2039M) 12.920ms
[2020-09-11T15:20:10.050+0000][1][gc,cpu       ] GC(95) User=0.01s Sys=0.00s Real=0.01s
[2020-09-11T15:20:10.050+0000][1][safepoint    ] Safepoint "GenCollectForAllocation", Time since last: 61503613 ns, Reaching safepoint: 173985 ns, At safepoint: 12988562 ns, Total: 13162547 ns
[2020-09-11T15:20:11.052+0000][1][safepoint    ] Safepoint "Cleanup", Time since last: 1001959489 ns, Reaching safepoint: 74244 ns, At safepoint: 7716 ns, Total: 81960 ns
[2020-09-11T15:20:12.052+0000][1][safepoint    ] Safepoint "Cleanup", Time since last: 1000170808 ns, Reaching safepoint: 169485 ns, At safepoint: 15910 ns, Total: 185395 ns
[2020-09-11T15:20:13.053+0000][1][safepoint    ] Safepoint "Cleanup", Time since last: 1000212466 ns, Reaching safepoint: 161090 ns, At safepoint: 17948 ns, Total: 179038 ns
[2020-09-11T15:20:14.053+0000][1][safepoint    ] Safepoint "Cleanup", Time since last: 1000234063 ns, Reaching safepoint: 137973 ns, At safepoint: 16361 ns, Total: 154334 ns
[2020-09-11T15:20:15.054+0000][1][safepoint    ] Safepoint "Cleanup", Time since last: 1001107406 ns, Reaching safepoint: 69232 ns, At safepoint: 6717 ns, Total: 75949 ns
[2020-09-11T15:20:16.054+0000][1][safepoint    ] Safepoint "Cleanup", Time since last: 1000167057 ns, Reaching safepoint: 106850 ns, At safepoint: 7172 ns, Total: 114022 ns
[2020-09-11T15:20:17.055+0000][1][safepoint    ] Safepoint "Cleanup", Time since last: 1000183918 ns, Reaching safepoint: 100731 ns, At safepoint: 7809 ns, Total: 108540 ns
[2020-09-11T15:20:18.055+0000][1][safepoint    ] Safepoint "Cleanup", Time since last: 1000168943 ns, Reaching safepoint: 128070 ns, At safepoint: 16882 ns, Total: 144952 ns
[2020-09-11T15:20:19.055+0000][1][safepoint    ] Safepoint "Cleanup", Time since last: 1000209385 ns, Reaching safepoint: 139032 ns, At safepoint: 18326 ns, Total: 157358 ns
[2020-09-11T15:20:20.057+0000][1][safepoint    ] Safepoint "Cleanup", Time since last: 1001049560 ns, Reaching safepoint: 129664 ns, At safepoint: 14523 ns, Total: 144187 ns
[2020-09-11T15:20:21.057+0000][1][safepoint    ] Safepoint "Cleanup", Time since last: 1000176407 ns, Reaching safepoint: 137004 ns, At safepoint: 16828 ns, Total: 153832 ns
[2020-09-11T15:20:22.057+0000][1][safepoint    ] Safepoint "Cleanup", Time since last: 1000216730 ns, Reaching safepoint: 138975 ns, At safepoint: 16501 ns, Total: 155476 ns
[2020-09-11T15:20:23.058+0000][1][safepoint    ] Safepoint "Cleanup", Time since last: 1000232590 ns, Reaching safepoint: 150114 ns, At safepoint: 17741 ns, Total: 167855 ns
[2020-09-11T15:20:24.058+0000][1][safepoint    ] Safepoint "Cleanup", Time since last: 1000248601 ns, Reaching safepoint: 136302 ns, At safepoint: 17450 ns, Total: 153752 ns
[2020-09-11T15:20:25.059+0000][1][safepoint    ] Safepoint "Cleanup", Time since last: 1001204002 ns, Reaching safepoint: 95288 ns, At safepoint: 7967 ns, Total: 103255 ns
[2020-09-11T15:20:26.060+0000][1][safepoint    ] Safepoint "Cleanup", Time since last: 1000194125 ns, Reaching safepoint: 135677 ns, At safepoint: 16889 ns, Total: 152566 ns
[2020-09-11T15:20:27.060+0000][1][safepoint    ] Safepoint "Cleanup", Time since last: 1000185143 ns, Reaching safepoint: 122314 ns, At safepoint: 8539 ns, Total: 130853 ns
[2020-09-11T15:20:28.060+0000][1][safepoint    ] Safepoint "Cleanup", Time since last: 1000146797 ns, Reaching safepoint: 134338 ns, At safepoint: 16461 ns, Total: 150799 ns
[2020-09-11T15:20:29.061+0000][1][safepoint    ] Safepoint "Cleanup", Time since last: 1000213174 ns, Reaching safepoint: 97564 ns, At safepoint: 7598 ns, Total: 105162 ns
[2020-09-11T15:20:30.062+0000][1][safepoint    ] Safepoint "Cleanup", Time since last: 1000811666 ns, Reaching safepoint: 128786 ns, At safepoint: 16975 ns, Total: 145761 ns
[2020-09-11T15:20:31.062+0000][1][safepoint    ] Safepoint "Cleanup", Time since last: 1000203747 ns, Reaching safepoint: 119886 ns, At safepoint: 7337 ns, Total: 127223 ns
[2020-09-11T15:20:32.062+0000][1][safepoint    ] Safepoint "Cleanup", Time since last: 1000160454 ns, Reaching safepoint: 137421 ns, At safepoint: 17450 ns, Total: 154871 ns
[2020-09-11T15:20:33.063+0000][1][safepoint    ] Safepoint "Cleanup", Time since last: 1000235075 ns, Reaching safepoint: 145734 ns, At safepoint: 18472 ns, Total: 164206 ns
[2020-09-11T15:20:34.063+0000][1][safepoint    ] Safepoint "Cleanup", Time since last: 1000218001 ns, Reaching safepoint: 135007 ns, At safepoint: 17627 ns, Total: 152634 ns
[2020-09-11T15:20:35.064+0000][1][safepoint    ] Safepoint "Cleanup", Time since last: 1001092068 ns, Reaching safepoint: 132087 ns, At safepoint: 17440 ns, Total: 149527 ns
[2020-09-11T15:20:36.065+0000][1][safepoint    ] Safepoint "Cleanup", Time since last: 1000180908 ns, Reaching safepoint: 113385 ns, At safepoint: 6634 ns, Total: 120019 ns
[2020-09-11T15:20:37.065+0000][1][safepoint    ] Safepoint "Cleanup", Time since last: 1000171559 ns, Reaching safepoint: 100905 ns, At safepoint: 7978 ns, Total: 108883 ns
[2020-09-11T15:20:38.065+0000][1][safepoint    ] Safepoint "Cleanup", Time since last: 1000196312 ns, Reaching safepoint: 104350 ns, At safepoint: 7499 ns, Total: 111849 ns
[2020-09-11T15:20:39.065+0000][1][safepoint    ] Safepoint "Cleanup", Time since last: 1000163373 ns, Reaching safepoint: 133924 ns, At safepoint: 17643 ns, Total: 151567 ns
[2020-09-11T15:20:40.067+0000][1][safepoint    ] Safepoint "Cleanup", Time since last: 1001115509 ns, Reaching safepoint: 137101 ns, At safepoint: 16996 ns, Total: 154097 ns
[2020-09-11T15:20:41.067+0000][1][safepoint    ] Safepoint "Cleanup", Time since last: 1000220974 ns, Reaching safepoint: 98946 ns, At safepoint: 7732 ns, Total: 106678 ns
[2020-09-11T15:20:42.067+0000][1][safepoint    ] Safepoint "Cleanup", Time since last: 1000182019 ns, Reaching safepoint: 119895 ns, At safepoint: 7372 ns, Total: 127267 ns
[2020-09-11T15:20:43.068+0000][1][safepoint    ] Safepoint "Cleanup", Time since last: 1000186023 ns, Reaching safepoint: 95009 ns, At safepoint: 8114 ns, Total: 103123 ns
[2020-09-11T15:20:44.068+0000][1][safepoint    ] Safepoint "Cleanup", Time since last: 1000199206 ns, Reaching safepoint: 103834 ns, At safepoint: 6838 ns, Total: 110672 ns
[2020-09-11T15:20:45.069+0000][1][safepoint    ] Safepoint "Cleanup", Time since last: 1000845874 ns, Reaching safepoint: 103463 ns, At safepoint: 7463 ns, Total: 110926 ns
[2020-09-11T15:20:46.069+0000][1][safepoint    ] Safepoint "Cleanup", Time since last: 1000196163 ns, Reaching safepoint: 131088 ns, At safepoint: 17476 ns, Total: 148564 ns
[2020-09-11T15:20:47.070+0000][1][safepoint    ] Safepoint "Cleanup", Time since last: 1000221572 ns, Reaching safepoint: 97649 ns, At safepoint: 6741 ns, Total: 104390 ns
[2020-09-11T15:20:48.070+0000][1][safepoint    ] Safepoint "Cleanup", Time since last: 1000158427 ns, Reaching safepoint: 107269 ns, At safepoint: 6786 ns, Total: 114055 ns
[2020-09-11T15:20:49.070+0000][1][safepoint    ] Safepoint "Cleanup", Time since last: 1000147840 ns, Reaching safepoint: 113974 ns, At safepoint: 6983 ns, Total: 120957 ns
[2020-09-11T15:20:50.071+0000][1][safepoint    ] Safepoint "Cleanup", Time since last: 1000777892 ns, Reaching safepoint: 141775 ns, At safepoint: 16431 ns, Total: 158206 ns
[2020-09-11T15:20:51.071+0000][1][safepoint    ] Safepoint "Cleanup", Time since last: 1000223625 ns, Reaching safepoint: 97643 ns, At safepoint: 7329 ns, Total: 104972 ns
[2020-09-11T15:20:52.072+0000][1][safepoint    ] Safepoint "Cleanup", Time since last: 1000205416 ns, Reaching safepoint: 97682 ns, At safepoint: 6800 ns, Total: 104482 ns
[2020-09-11T15:20:53.072+0000][1][safepoint    ] Safepoint "Cleanup", Time since last: 1000179684 ns, Reaching safepoint: 140449 ns, At safepoint: 18024 ns, Total: 158473 ns
[2020-09-11T15:20:54.072+0000][1][safepoint    ] Safepoint "Cleanup", Time since last: 1000150464 ns, Reaching safepoint: 73067 ns, At safepoint: 7012 ns, Total: 80079 ns
[2020-09-11T15:20:55.073+0000][1][safepoint    ] Safepoint "Cleanup", Time since last: 1000629523 ns, Reaching safepoint: 88771 ns, At safepoint: 8724 ns, Total: 97495 ns
[2020-09-11T15:20:56.073+0000][1][safepoint    ] Safepoint "Cleanup", Time since last: 1000194668 ns, Reaching safepoint: 135096 ns, At safepoint: 17965 ns, Total: 153061 ns
[2020-09-11T15:20:57.074+0000][1][safepoint    ] Safepoint "Cleanup", Time since last: 1000247929 ns, Reaching safepoint: 115845 ns, At safepoint: 8188 ns, Total: 124033 ns
[2020-09-11T15:20:58.074+0000][1][safepoint    ] Safepoint "Cleanup", Time since last: 1000151294 ns, Reaching safepoint: 135985 ns, At safepoint: 16768 ns, Total: 152753 ns
[2020-09-11T15:20:59.074+0000][1][safepoint    ] Safepoint "Cleanup", Time since last: 1000243674 ns, Reaching safepoint: 132561 ns, At safepoint: 18181 ns, Total: 150742 ns
[2020-09-11T15:21:00.075+0000][1][safepoint    ] Safepoint "Cleanup", Time since last: 1000210855 ns, Reaching safepoint: 133235 ns, At safepoint: 17080 ns, Total: 150315 ns
[2020-09-11T15:21:01.075+0000][1][safepoint    ] Safepoint "Cleanup", Time since last: 1000214220 ns, Reaching safepoint: 147652 ns, At safepoint: 18422 ns, Total: 166074 ns
[2020-09-11T15:21:02.075+0000][1][safepoint    ] Safepoint "Cleanup", Time since last: 1000226467 ns, Reaching safepoint: 101180 ns, At safepoint: 6766 ns, Total: 107946 ns
[2020-09-11T15:21:03.076+0000][1][safepoint    ] Safepoint "Cleanup", Time since last: 1000173034 ns, Reaching safepoint: 105299 ns, At safepoint: 7943 ns, Total: 113242 ns
[2020-09-11T15:21:04.076+0000][1][safepoint    ] Safepoint "Cleanup", Time since last: 1000184193 ns, Reaching safepoint: 96766 ns, At safepoint: 6727 ns, Total: 103493 ns
[2020-09-11T15:21:05.076+0000][1][safepoint    ] Safepoint "Cleanup", Time since last: 1000191271 ns, Reaching safepoint: 97972 ns, At safepoint: 7481 ns, Total: 105453 ns
[2020-09-11T15:21:06.077+0000][1][safepoint    ] Safepoint "Cleanup", Time since last: 1000198216 ns, Reaching safepoint: 95404 ns, At safepoint: 7254 ns, Total: 102658 ns
[2020-09-11T15:21:07.077+0000][1][safepoint    ] Safepoint "Cleanup", Time since last: 1000178738 ns, Reaching safepoint: 126590 ns, At safepoint: 16869 ns, Total: 143459 ns
[2020-09-11T15:21:08.077+0000][1][safepoint    ] Safepoint "Cleanup", Time since last: 1000201329 ns, Reaching safepoint: 134208 ns, At safepoint: 17380 ns, Total: 151588 ns
[2020-09-11T15:21:09.078+0000][1][safepoint    ] Safepoint "Cleanup", Time since last: 1000202066 ns, Reaching safepoint: 103097 ns, At safepoint: 6968 ns, Total: 110065 ns
[2020-09-11T15:21:10.078+0000][1][safepoint    ] Safepoint "Cleanup", Time since last: 1000197838 ns, Reaching safepoint: 132090 ns, At safepoint: 17550 ns, Total: 149640 ns
[2020-09-11T15:21:11.078+0000][1][safepoint    ] Safepoint "Cleanup", Time since last: 1000236274 ns, Reaching safepoint: 136784 ns, At safepoint: 17710 ns, Total: 154494 ns
[2020-09-11T15:21:12.079+0000][1][safepoint    ] Safepoint "Cleanup", Time since last: 1000215812 ns, Reaching safepoint: 135197 ns, At safepoint: 17837 ns, Total: 153034 ns
[2020-09-11T15:21:13.079+0000][1][safepoint    ] Safepoint "Cleanup", Time since last: 1000229500 ns, Reaching safepoint: 99768 ns, At safepoint: 8344 ns, Total: 108112 ns
[2020-09-11T15:21:14.079+0000][1][safepoint    ] Safepoint "Cleanup", Time since last: 1000186356 ns, Reaching safepoint: 189936 ns, At safepoint: 15141 ns, Total: 205077 ns
[2020-09-11T15:21:15.080+0000][1][safepoint    ] Safepoint "Cleanup", Time since last: 1000213825 ns, Reaching safepoint: 103287 ns, At safepoint: 7674 ns, Total: 110961 ns
[2020-09-11T15:21:16.080+0000][1][safepoint    ] Safepoint "Cleanup", Time since last: 1000174510 ns, Reaching safepoint: 101657 ns, At safepoint: 6618 ns, Total: 108275 ns
[2020-09-11T15:21:17.080+0000][1][safepoint    ] Safepoint "Cleanup", Time since last: 1000187108 ns, Reaching safepoint: 134986 ns, At safepoint: 18255 ns, Total: 153241 ns
[2020-09-11T15:21:18.081+0000][1][safepoint    ] Safepoint "Cleanup", Time since last: 1000222722 ns, Reaching safepoint: 137940 ns, At safepoint: 17517 ns, Total: 155457 ns
[2020-09-11T15:21:19.081+0000][1][safepoint    ] Safepoint "Cleanup", Time since last: 1000211831 ns, Reaching safepoint: 100073 ns, At safepoint: 8063 ns, Total: 108136 ns
[2020-09-11T15:21:20.082+0000][1][safepoint    ] Safepoint "Cleanup", Time since last: 1001013702 ns, Reaching safepoint: 134929 ns, At safepoint: 17874 ns, Total: 152803 ns
[2020-09-11T15:21:20.158+0000][1][gc,start     ] GC(96) Pause Young (Allocation Failure)
[2020-09-11T15:21:20.158+0000][1][gc,task      ] GC(96) Using 1 workers of 1 for evacuation
[2020-09-11T15:21:20.171+0000][1][gc,age       ] GC(96) Desired survivor size 4358144 bytes, new threshold 6 (max threshold 6)
[2020-09-11T15:21:20.171+0000][1][gc,age       ] GC(96) Age table with threshold 6 (max threshold 6)
[2020-09-11T15:21:20.171+0000][1][gc,age       ] GC(96) - age   1:      32048 bytes,      32048 total
[2020-09-11T15:21:20.171+0000][1][gc,age       ] GC(96) - age   2:       5136 bytes,      37184 total
[2020-09-11T15:21:20.171+0000][1][gc,age       ] GC(96) - age   3:        568 bytes,      37752 total
[2020-09-11T15:21:20.171+0000][1][gc,age       ] GC(96) - age   4:       1672 bytes,      39424 total
[2020-09-11T15:21:20.171+0000][1][gc,age       ] GC(96) - age   5:       5488 bytes,      44912 total
[2020-09-11T15:21:20.171+0000][1][gc,age       ] GC(96) - age   6:        736 bytes,      45648 total
[2020-09-11T15:21:20.171+0000][1][gc,heap      ] GC(96) ParNew: 68206K->46K(76672K)
[2020-09-11T15:21:20.171+0000][1][gc,heap      ] GC(96) CMS: 105708K->105710K(2011968K)
[2020-09-11T15:21:20.171+0000][1][gc,metaspace ] GC(96) Metaspace: 89847K->89847K(1132544K)
[2020-09-11T15:21:20.171+0000][1][gc           ] GC(96) Pause Young (Allocation Failure) 169M->103M(2039M) 13.281ms
[2020-09-11T15:21:20.171+0000][1][gc,cpu       ] GC(96) User=0.01s Sys=0.00s Real=0.01s
[2020-09-11T15:21:20.171+0000][1][safepoint    ] Safepoint "GenCollectForAllocation", Time since last: 75129721 ns, Reaching safepoint: 174534 ns, At safepoint: 13375209 ns, Total: 13549743 ns
[2020-09-11T15:21:21.171+0000][1][safepoint    ] Safepoint "Cleanup", Time since last: 1000259261 ns, Reaching safepoint: 63142 ns, At safepoint: 16386 ns, Total: 79528 ns
[2020-09-11T15:21:22.172+0000][1][safepoint    ] Safepoint "Cleanup", Time since last: 1000131538 ns, Reaching safepoint: 63841 ns, At safepoint: 14063 ns, Total: 77904 ns
[2020-09-11T15:21:23.172+0000][1][safepoint    ] Safepoint "Cleanup", Time since last: 1000165024 ns, Reaching safepoint: 123677 ns, At safepoint: 39350 ns, Total: 163027 ns
[2020-09-11T15:21:24.172+0000][1][safepoint    ] Safepoint "Cleanup", Time since last: 1000172356 ns, Reaching safepoint: 128173 ns, At safepoint: 14024 ns, Total: 142197 ns
[2020-09-11T15:21:25.172+0000][1][safepoint    ] Safepoint "Cleanup", Time since last: 1000137685 ns, Reaching safepoint: 84085 ns, At safepoint: 8752 ns, Total: 92837 ns
[2020-09-11T15:21:26.173+0000][1][safepoint    ] Safepoint "Cleanup", Time since last: 1000149024 ns, Reaching safepoint: 126263 ns, At safepoint: 13037 ns, Total: 139300 ns
[2020-09-11T15:21:27.173+0000][1][safepoint    ] Safepoint "Cleanup", Time since last: 1000143322 ns, Reaching safepoint: 115878 ns, At safepoint: 6619 ns, Total: 122497 ns
[2020-09-11T15:21:28.173+0000][1][safepoint    ] Safepoint "Cleanup", Time since last: 1000139565 ns, Reaching safepoint: 116360 ns, At safepoint: 6346 ns, Total: 122706 ns
[2020-09-11T15:21:29.174+0000][1][safepoint    ] Safepoint "Cleanup", Time since last: 1001068516 ns, Reaching safepoint: 74755 ns, At safepoint: 6917 ns, Total: 81672 ns
[2020-09-11T15:21:30.175+0000][1][safepoint    ] Safepoint "Cleanup", Time since last: 1000191031 ns, Reaching safepoint: 114406 ns, At safepoint: 6515 ns, Total: 120921 ns
[2020-09-11T15:21:31.175+0000][1][safepoint    ] Safepoint "Cleanup", Time since last: 1000168119 ns, Reaching safepoint: 93029 ns, At safepoint: 7695 ns, Total: 100724 ns
[2020-09-11T15:21:32.175+0000][1][safepoint    ] Safepoint "Cleanup", Time since last: 1000145891 ns, Reaching safepoint: 108084 ns, At safepoint: 6334 ns, Total: 114418 ns
[2020-09-11T15:21:32.774+0000][1][safepoint    ] Safepoint "RevokeBias", Time since last: 598582196 ns, Reaching safepoint: 74290 ns, At safepoint: 17508 ns, Total: 91798 ns
[2020-09-11T15:21:32.850+0000][1][safepoint    ] Safepoint "RevokeBias", Time since last: 75684527 ns, Reaching safepoint: 162470 ns, At safepoint: 16192 ns, Total: 178662 ns
[2020-09-11T15:21:32.871+0000][1][safepoint    ] Safepoint "RevokeBias", Time since last: 21389342 ns, Reaching safepoint: 193120 ns, At safepoint: 16824 ns, Total: 209944 ns
[2020-09-11T15:21:32.966+0000][1][safepoint    ] Safepoint "RevokeBias", Time since last: 94564497 ns, Reaching safepoint: 223329 ns, At safepoint: 21736 ns, Total: 245065 ns
[2020-09-11T15:21:32.980+0000][1][safepoint    ] Safepoint "RevokeBias", Time since last: 9547016 ns, Reaching safepoint: 3922558 ns, At safepoint: 31103 ns, Total: 3953661 ns
[2020-09-11T15:21:32.993+0000][1][safepoint    ] Safepoint "RevokeBias", Time since last: 12413578 ns, Reaching safepoint: 742441 ns, At safepoint: 48861 ns, Total: 791302 ns
[2020-09-11T15:21:33.012+0000][1][safepoint    ] Safepoint "RevokeBias", Time since last: 14799614 ns, Reaching safepoint: 3896774 ns, At safepoint: 30380 ns, Total: 3927154 ns
[2020-09-11T15:21:33.043+0000][1][safepoint    ] Safepoint "RevokeBias", Time since last: 31520360 ns, Reaching safepoint: 184542 ns, At safepoint: 23553 ns, Total: 208095 ns
[2020-09-11T15:21:33.044+0000][1][safepoint    ] Safepoint "RevokeBias", Time since last: 540104 ns, Reaching safepoint: 375581 ns, At safepoint: 16881 ns, Total: 392462 ns
[2020-09-11T15:21:33.047+0000][1][safepoint    ] Safepoint "RevokeBias", Time since last: 3031501 ns, Reaching safepoint: 231625 ns, At safepoint: 16961 ns, Total: 248586 ns
[2020-09-11T15:21:33.052+0000][1][safepoint    ] Safepoint "RevokeBias", Time since last: 3050628 ns, Reaching safepoint: 675838 ns, At safepoint: 651377 ns, Total: 1327215 ns
[2020-09-11T15:21:33.052+0000][1][safepoint    ] Safepoint "RevokeBias", Time since last: 151978 ns, Reaching safepoint: 158788 ns, At safepoint: 17109 ns, Total: 175897 ns
[2020-09-11T15:21:33.053+0000][1][safepoint    ] Safepoint "RevokeBias", Time since last: 110725 ns, Reaching safepoint: 452163 ns, At safepoint: 15716 ns, Total: 467879 ns
[2020-09-11T15:21:33.053+0000][1][safepoint    ] Safepoint "RevokeBias", Time since last: 46239 ns, Reaching safepoint: 117417 ns, At safepoint: 13689 ns, Total: 131106 ns
[2020-09-11T15:21:33.053+0000][1][safepoint    ] Safepoint "RevokeBias", Time since last: 80264 ns, Reaching safepoint: 416145 ns, At safepoint: 14731 ns, Total: 430876 ns
[2020-09-11T15:21:33.055+0000][1][safepoint    ] Safepoint "RevokeBias", Time since last: 612995 ns, Reaching safepoint: 954071 ns, At safepoint: 188677 ns, Total: 1142748 ns
[2020-09-11T15:21:33.062+0000][1][safepoint    ] Safepoint "RevokeBias", Time since last: 6341107 ns, Reaching safepoint: 793246 ns, At safepoint: 24773 ns, Total: 818019 ns
[2020-09-11T15:21:33.063+0000][1][safepoint    ] Safepoint "RevokeBias", Time since last: 616426 ns, Reaching safepoint: 195506 ns, At safepoint: 207380 ns, Total: 402886 ns
[2020-09-11T15:21:33.100+0000][1][safepoint    ] Safepoint "RevokeBias", Time since last: 32196689 ns, Reaching safepoint: 3876543 ns, At safepoint: 29954 ns, Total: 3906497 ns
[2020-09-11T15:21:33.101+0000][1][safepoint    ] Safepoint "RevokeBias", Time since last: 1162132 ns, Reaching safepoint: 122031 ns, At safepoint: 15563 ns, Total: 137594 ns
[2020-09-11T15:21:33.112+0000][1][safepoint    ] Safepoint "RevokeBias", Time since last: 10616673 ns, Reaching safepoint: 158706 ns, At safepoint: 24386 ns, Total: 183092 ns
[2020-09-11T15:21:33.112+0000][1][safepoint    ] Safepoint "RevokeBias", Time since last: 114536 ns, Reaching safepoint: 101624 ns, At safepoint: 13334 ns, Total: 114958 ns
[2020-09-11T15:21:33.154+0000][1][safepoint    ] Safepoint "RevokeBias", Time since last: 41978601 ns, Reaching safepoint: 140093 ns, At safepoint: 17972 ns, Total: 158065 ns
[2020-09-11T15:21:33.154+0000][1][safepoint    ] Safepoint "RevokeBias", Time since last: 113736 ns, Reaching safepoint: 97945 ns, At safepoint: 12268 ns, Total: 110213 ns
[2020-09-11T15:21:33.171+0000][1][safepoint    ] Safepoint "RevokeBias", Time since last: 17132247 ns, Reaching safepoint: 122316 ns, At safepoint: 19837 ns, Total: 142153 ns
[2020-09-11T15:21:33.185+0000][1][safepoint    ] Safepoint "RevokeBias", Time since last: 12930071 ns, Reaching safepoint: 145864 ns, At safepoint: 17754 ns, Total: 163618 ns
[2020-09-11T15:21:33.221+0000][1][safepoint    ] Safepoint "RevokeBias", Time since last: 36596230 ns, Reaching safepoint: 76602 ns, At safepoint: 18122 ns, Total: 94724 ns
[2020-09-11T15:21:33.222+0000][1][safepoint    ] Safepoint "RevokeBias", Time since last: 361144 ns, Reaching safepoint: 29463 ns, At safepoint: 12341 ns, Total: 41804 ns
[2020-09-11T15:21:33.244+0000][1][safepoint    ] Safepoint "RevokeBias", Time since last: 22074061 ns, Reaching safepoint: 62985 ns, At safepoint: 14538 ns, Total: 77523 ns
[2020-09-11T15:21:33.244+0000][1][safepoint    ] Safepoint "RevokeBias", Time since last: 60565 ns, Reaching safepoint: 26610 ns, At safepoint: 10588 ns, Total: 37198 ns
[2020-09-11T15:21:33.244+0000][1][safepoint    ] Safepoint "RevokeBias", Time since last: 39816 ns, Reaching safepoint: 25869 ns, At safepoint: 9575 ns, Total: 35444 ns
[2020-09-11T15:21:33.258+0000][1][safepoint    ] Safepoint "RevokeBias", Time since last: 13884517 ns, Reaching safepoint: 155022 ns, At safepoint: 19670 ns, Total: 174692 ns
[2020-09-11T15:21:33.258+0000][1][safepoint    ] Safepoint "RevokeBias", Time since last: 64497 ns, Reaching safepoint: 104449 ns, At safepoint: 12389 ns, Total: 116838 ns
[2020-09-11T15:21:33.484+0000][1][safepoint    ] Safepoint "RevokeBias", Time since last: 225512094 ns, Reaching safepoint: 65586 ns, At safepoint: 19548 ns, Total: 85134 ns
[2020-09-11T15:21:33.484+0000][1][safepoint    ] Safepoint "RevokeBias", Time since last: 216667 ns, Reaching safepoint: 32217 ns, At safepoint: 11935 ns, Total: 44152 ns
[2020-09-11T15:21:33.484+0000][1][safepoint    ] Safepoint "RevokeBias", Time since last: 90032 ns, Reaching safepoint: 30722 ns, At safepoint: 10877 ns, Total: 41599 ns
[2020-09-11T15:21:33.486+0000][1][safepoint    ] Safepoint "RevokeBias", Time since last: 1640167 ns, Reaching safepoint: 41839 ns, At safepoint: 13815 ns, Total: 55654 ns
[2020-09-11T15:21:33.492+0000][1][safepoint    ] Safepoint "RevokeBias", Time since last: 5732051 ns, Reaching safepoint: 153866 ns, At safepoint: 20780 ns, Total: 174646 ns
[2020-09-11T15:21:33.568+0000][1][safepoint    ] Safepoint "RevokeBias", Time since last: 75875654 ns, Reaching safepoint: 68523 ns, At safepoint: 19410 ns, Total: 87933 ns
[2020-09-11T15:21:33.801+0000][1][safepoint    ] Safepoint "RevokeBias", Time since last: 233121067 ns, Reaching safepoint: 62659 ns, At safepoint: 15362 ns, Total: 78021 ns
[2020-09-11T15:21:33.802+0000][1][safepoint    ] Safepoint "RevokeBias", Time since last: 613647 ns, Reaching safepoint: 29895 ns, At safepoint: 12765 ns, Total: 42660 ns
[2020-09-11T15:21:33.833+0000][1][safepoint    ] Safepoint "RevokeBias", Time since last: 31331500 ns, Reaching safepoint: 68548 ns, At safepoint: 19856 ns, Total: 88404 ns
[2020-09-11T15:21:33.833+0000][1][safepoint    ] Safepoint "RevokeBias", Time since last: 129284 ns, Reaching safepoint: 29640 ns, At safepoint: 11390 ns, Total: 41030 ns
[2020-09-11T15:21:34.834+0000][1][safepoint    ] Safepoint "Cleanup", Time since last: 1000150075 ns, Reaching safepoint: 136864 ns, At safepoint: 17243 ns, Total: 154107 ns
[2020-09-11T15:21:35.834+0000][1][safepoint    ] Safepoint "Cleanup", Time since last: 1000187883 ns, Reaching safepoint: 126463 ns, At safepoint: 15990 ns, Total: 142453 ns
[2020-09-11T15:21:36.834+0000][1][safepoint    ] Safepoint "Cleanup", Time since last: 1000179692 ns, Reaching safepoint: 133138 ns, At safepoint: 17584 ns, Total: 150722 ns
[2020-09-11T15:21:37.037+0000][1][safepoint    ] Safepoint "RevokeBias", Time since last: 202360996 ns, Reaching safepoint: 66077 ns, At safepoint: 19018 ns, Total: 85095 ns
[2020-09-11T15:21:37.037+0000][1][safepoint    ] Safepoint "RevokeBias", Time since last: 73738 ns, Reaching safepoint: 28471 ns, At safepoint: 10805 ns, Total: 39276 ns
[2020-09-11T15:21:37.153+0000][1][safepoint    ] Safepoint "RevokeBias", Time since last: 116241145 ns, Reaching safepoint: 140154 ns, At safepoint: 17207 ns, Total: 157361 ns
[2020-09-11T15:21:37.153+0000][1][safepoint    ] Safepoint "RevokeBias", Time since last: 133045 ns, Reaching safepoint: 27262 ns, At safepoint: 10455 ns, Total: 37717 ns
[2020-09-11T15:21:37.205+0000][1][gc,start     ] GC(97) Pause Young (Allocation Failure)
[2020-09-11T15:21:37.205+0000][1][gc,task      ] GC(97) Using 1 workers of 1 for evacuation
[2020-09-11T15:21:37.270+0000][1][gc,age       ] GC(97) Desired survivor size 4358144 bytes, new threshold 6 (max threshold 6)
[2020-09-11T15:21:37.270+0000][1][gc,age       ] GC(97) Age table with threshold 6 (max threshold 6)
[2020-09-11T15:21:37.270+0000][1][gc,age       ] GC(97) - age   1:     566688 bytes,     566688 total
[2020-09-11T15:21:37.270+0000][1][gc,age       ] GC(97) - age   2:       9424 bytes,     576112 total
[2020-09-11T15:21:37.270+0000][1][gc,age       ] GC(97) - age   3:       2656 bytes,     578768 total
[2020-09-11T15:21:37.270+0000][1][gc,age       ] GC(97) - age   4:        568 bytes,     579336 total
[2020-09-11T15:21:37.270+0000][1][gc,age       ] GC(97) - age   5:       1672 bytes,     581008 total
[2020-09-11T15:21:37.270+0000][1][gc,age       ] GC(97) - age   6:       5488 bytes,     586496 total
[2020-09-11T15:21:37.270+0000][1][gc,heap      ] GC(97) ParNew: 68204K->590K(76672K)
[2020-09-11T15:21:37.270+0000][1][gc,heap      ] GC(97) CMS: 105710K->105711K(2011968K)
[2020-09-11T15:21:37.270+0000][1][gc,metaspace ] GC(97) Metaspace: 90155K->90155K(1132544K)
[2020-09-11T15:21:37.270+0000][1][gc           ] GC(97) Pause Young (Allocation Failure) 169M->103M(2039M) 65.264ms
[2020-09-11T15:21:37.270+0000][1][gc,cpu       ] GC(97) User=0.02s Sys=0.00s Real=0.06s
[2020-09-11T15:21:37.291+0000][1][safepoint    ] Safepoint "GenCollectForAllocation", Time since last: 50328657 ns, Reaching safepoint: 1177857 ns, At safepoint: 86631689 ns, Total: 87809546 ns
[2020-09-11T15:21:37.345+0000][1][safepoint    ] Safepoint "RevokeBias", Time since last: 53450278 ns, Reaching safepoint: 236363 ns, At safepoint: 27426 ns, Total: 263789 ns
[2020-09-11T15:21:37.353+0000][1][safepoint    ] Safepoint "RevokeBias", Time since last: 7388522 ns, Reaching safepoint: 154213 ns, At safepoint: 22273 ns, Total: 176486 ns
[2020-09-11T15:21:37.353+0000][1][safepoint    ] Safepoint "RevokeBias", Time since last: 114217 ns, Reaching safepoint: 103286 ns, At safepoint: 14398 ns, Total: 117684 ns
[2020-09-11T15:21:37.353+0000][1][safepoint    ] Safepoint "RevokeBias", Time since last: 180003 ns, Reaching safepoint: 103667 ns, At safepoint: 14346 ns, Total: 118013 ns
[2020-09-11T15:21:37.356+0000][1][safepoint    ] Safepoint "RevokeBias", Time since last: 2237507 ns, Reaching safepoint: 115512 ns, At safepoint: 16973 ns, Total: 132485 ns
[2020-09-11T15:21:37.356+0000][1][safepoint    ] Safepoint "RevokeBias", Time since last: 43040 ns, Reaching safepoint: 111055 ns, At safepoint: 15264 ns, Total: 126319 ns
[2020-09-11T15:21:37.356+0000][1][safepoint    ] Safepoint "RevokeBias", Time since last: 33082 ns, Reaching safepoint: 244586 ns, At safepoint: 13533 ns, Total: 258119 ns
[2020-09-11T15:21:37.356+0000][1][safepoint    ] Safepoint "RevokeBias", Time since last: 59774 ns, Reaching safepoint: 99550 ns, At safepoint: 12115 ns, Total: 111665 ns
[2020-09-11T15:21:37.356+0000][1][safepoint    ] Safepoint "RevokeBias", Time since last: 33983 ns, Reaching safepoint: 99506 ns, At safepoint: 11615 ns, Total: 111121 ns
[2020-09-11T15:21:37.360+0000][1][safepoint    ] Safepoint "RevokeBias", Time since last: 3042100 ns, Reaching safepoint: 147987 ns, At safepoint: 17677 ns, Total: 165664 ns
[2020-09-11T15:21:37.360+0000][1][safepoint    ] Safepoint "RevokeBias", Time since last: 350530 ns, Reaching safepoint: 103962 ns, At safepoint: 13333 ns, Total: 117295 ns
[2020-09-11T15:21:37.440+0000][1][safepoint    ] Safepoint "RevokeBias", Time since last: 79365113 ns, Reaching safepoint: 184079 ns, At safepoint: 22595 ns, Total: 206674 ns
[2020-09-11T15:21:37.524+0000][1][safepoint    ] Safepoint "RevokeBias", Time since last: 84314596 ns, Reaching safepoint: 75757 ns, At safepoint: 19533 ns, Total: 95290 ns
[2020-09-11T15:21:37.524+0000][1][safepoint    ] Safepoint "RevokeBias", Time since last: 68263 ns, Reaching safepoint: 26559 ns, At safepoint: 11399 ns, Total: 37958 ns
[2020-09-11T15:21:37.547+0000][1][safepoint    ] Safepoint "Deoptimize", Time since last: 17692334 ns, Reaching safepoint: 175733 ns, At safepoint: 5382793 ns, Total: 5558526 ns
[2020-09-11T15:21:37.844+0000][1][safepoint    ] Safepoint "RevokeBias", Time since last: 296581875 ns, Reaching safepoint: 158004 ns, At safepoint: 20782 ns, Total: 178786 ns
[2020-09-11T15:21:38.414+0000][1][safepoint    ] Safepoint "RevokeBias", Time since last: 569970444 ns, Reaching safepoint: 83335 ns, At safepoint: 18882 ns, Total: 102217 ns
[2020-09-11T15:21:38.414+0000][1][safepoint    ] Safepoint "RevokeBias", Time since last: 76206 ns, Reaching safepoint: 33877 ns, At safepoint: 10388 ns, Total: 44265 ns
[2020-09-11T15:21:38.706+0000][1][safepoint    ] Safepoint "RevokeBias", Time since last: 291708970 ns, Reaching safepoint: 171396 ns, At safepoint: 9773 ns, Total: 181169 ns
[2020-09-11T15:21:38.707+0000][1][safepoint    ] Safepoint "RevokeBias", Time since last: 288168 ns, Reaching safepoint: 110438 ns, At safepoint: 6698 ns, Total: 117136 ns
[2020-09-11T15:21:39.070+0000][1][safepoint    ] Safepoint "RevokeBias", Time since last: 363519221 ns, Reaching safepoint: 153876 ns, At safepoint: 21470 ns, Total: 175346 ns
[2020-09-11T15:21:39.812+0000][1][safepoint    ] Safepoint "Deoptimize", Time since last: 738548350 ns, Reaching safepoint: 152997 ns, At safepoint: 2490200 ns, Total: 2643197 ns
[2020-09-11T15:21:39.871+0000][1][safepoint    ] Safepoint "RevokeBias", Time since last: 59102005 ns, Reaching safepoint: 160687 ns, At safepoint: 23611 ns, Total: 184298 ns
[2020-09-11T15:21:40.871+0000][1][safepoint    ] Safepoint "Cleanup", Time since last: 1000126616 ns, Reaching safepoint: 102110 ns, At safepoint: 10506 ns, Total: 112616 ns
[2020-09-11T15:21:41.871+0000][1][safepoint    ] Safepoint "Cleanup", Time since last: 1000174944 ns, Reaching safepoint: 103820 ns, At safepoint: 7925 ns, Total: 111745 ns
[2020-09-11T15:21:42.634+0000][1][safepoint    ] Safepoint "RevokeBias", Time since last: 762433755 ns, Reaching safepoint: 82586 ns, At safepoint: 19452 ns, Total: 102038 ns
[2020-09-11T15:21:42.810+0000][1][safepoint    ] Safepoint "RevokeBias", Time since last: 176108714 ns, Reaching safepoint: 65784 ns, At safepoint: 20150 ns, Total: 85934 ns
[2020-09-11T15:21:42.817+0000][1][safepoint    ] Safepoint "RevokeBias", Time since last: 6607261 ns, Reaching safepoint: 181933 ns, At safepoint: 20228 ns, Total: 202161 ns
[2020-09-11T15:21:42.817+0000][1][safepoint    ] Safepoint "RevokeBias", Time since last: 173219 ns, Reaching safepoint: 150612 ns, At safepoint: 12406 ns, Total: 163018 ns
[2020-09-11T15:21:42.818+0000][1][safepoint    ] Safepoint "RevokeBias", Time since last: 106493 ns, Reaching safepoint: 154894 ns, At safepoint: 11634 ns, Total: 166528 ns
[2020-09-11T15:21:42.818+0000][1][safepoint    ] Safepoint "RevokeBias", Time since last: 49675 ns, Reaching safepoint: 151187 ns, At safepoint: 11165 ns, Total: 162352 ns
[2020-09-11T15:21:42.831+0000][1][safepoint    ] Safepoint "RevokeBias", Time since last: 13484243 ns, Reaching safepoint: 217811 ns, At safepoint: 20952 ns, Total: 238763 ns
[2020-09-11T15:21:42.832+0000][1][safepoint    ] Safepoint "RevokeBias", Time since last: 134844 ns, Reaching safepoint: 162236 ns, At safepoint: 16007 ns, Total: 178243 ns
[2020-09-11T15:21:42.843+0000][1][safepoint    ] Safepoint "RevokeBias", Time since last: 11428436 ns, Reaching safepoint: 146579 ns, At safepoint: 19972 ns, Total: 166551 ns
[2020-09-11T15:21:42.844+0000][1][safepoint    ] Safepoint "RevokeBias", Time since last: 602369 ns, Reaching safepoint: 120807 ns, At safepoint: 14810 ns, Total: 135617 ns
[2020-09-11T15:21:43.844+0000][1][safepoint    ] Safepoint "Cleanup", Time since last: 1000125894 ns, Reaching safepoint: 123078 ns, At safepoint: 7469 ns, Total: 130547 ns
[2020-09-11T15:21:44.845+0000][1][safepoint    ] Safepoint "Cleanup", Time since last: 1000181603 ns, Reaching safepoint: 90380 ns, At safepoint: 7165 ns, Total: 97545 ns
[2020-09-11T15:21:45.845+0000][1][safepoint    ] Safepoint "Cleanup", Time since last: 1000163779 ns, Reaching safepoint: 95344 ns, At safepoint: 7186 ns, Total: 102530 ns
[2020-09-11T15:21:46.845+0000][1][safepoint    ] Safepoint "Cleanup", Time since last: 1000212600 ns, Reaching safepoint: 94693 ns, At safepoint: 7419 ns, Total: 102112 ns
[2020-09-11T15:21:47.038+0000][1][safepoint    ] Safepoint "BulkRevokeBias", Time since last: 192621455 ns, Reaching safepoint: 70599 ns, At safepoint: 165747 ns, Total: 236346 ns
[2020-09-11T15:21:47.039+0000][1][safepoint    ] Safepoint "RevokeBias", Time since last: 1197179 ns, Reaching safepoint: 43735 ns, At safepoint: 13499 ns, Total: 57234 ns
[2020-09-11T15:21:48.040+0000][1][safepoint    ] Safepoint "Cleanup", Time since last: 1000151168 ns, Reaching safepoint: 201515 ns, At safepoint: 18780 ns, Total: 220295 ns
[2020-09-11T15:21:49.040+0000][1][safepoint    ] Safepoint "Cleanup", Time since last: 1000231903 ns, Reaching safepoint: 92712 ns, At safepoint: 7562 ns, Total: 100274 ns
[2020-09-11T15:21:50.040+0000][1][safepoint    ] Safepoint "Cleanup", Time since last: 1000190197 ns, Reaching safepoint: 105281 ns, At safepoint: 7847 ns, Total: 113128 ns
[2020-09-11T15:21:50.276+0000][1][safepoint    ] Safepoint "RevokeBias", Time since last: 235608930 ns, Reaching safepoint: 68700 ns, At safepoint: 19231 ns, Total: 87931 ns
[2020-09-11T15:21:50.276+0000][1][safepoint    ] Safepoint "RevokeBias", Time since last: 267519 ns, Reaching safepoint: 26573 ns, At safepoint: 11388 ns, Total: 37961 ns
[2020-09-11T15:21:50.277+0000][1][safepoint    ] Safepoint "RevokeBias", Time since last: 536378 ns, Reaching safepoint: 27130 ns, At safepoint: 11070 ns, Total: 38200 ns
[2020-09-11T15:21:50.312+0000][1][safepoint    ] Safepoint "RevokeBias", Time since last: 34328274 ns, Reaching safepoint: 367608 ns, At safepoint: 21671 ns, Total: 389279 ns
[2020-09-11T15:21:50.315+0000][1][safepoint    ] Safepoint "RevokeBias", Time since last: 158259 ns, Reaching safepoint: 2894246 ns, At safepoint: 18016 ns, Total: 2912262 ns
[2020-09-11T15:21:51.225+0000][1][safepoint    ] Safepoint "Deoptimize", Time since last: 909848634 ns, Reaching safepoint: 167349 ns, At safepoint: 770894 ns, Total: 938243 ns
[2020-09-11T15:21:52.226+0000][1][safepoint    ] Safepoint "Cleanup", Time since last: 1000187851 ns, Reaching safepoint: 122598 ns, At safepoint: 7264 ns, Total: 129862 ns
[2020-09-11T15:21:52.636+0000][1][safepoint    ] Safepoint "RevokeBias", Time since last: 409847615 ns, Reaching safepoint: 83598 ns, At safepoint: 23804 ns, Total: 107402 ns
[2020-09-11T15:21:52.847+0000][1][safepoint    ] Safepoint "RevokeBias", Time since last: 211304222 ns, Reaching safepoint: 61413 ns, At safepoint: 19620 ns, Total: 81033 ns
[2020-09-11T15:21:52.852+0000][1][gc,start     ] GC(98) Pause Young (Allocation Failure)
[2020-09-11T15:21:52.852+0000][1][gc,task      ] GC(98) Using 1 workers of 1 for evacuation
[2020-09-11T15:21:52.868+0000][1][gc,age       ] GC(98) Desired survivor size 4358144 bytes, new threshold 6 (max threshold 6)
[2020-09-11T15:21:52.868+0000][1][gc,age       ] GC(98) Age table with threshold 6 (max threshold 6)
[2020-09-11T15:21:52.868+0000][1][gc,age       ] GC(98) - age   1:    1751752 bytes,    1751752 total
[2020-09-11T15:21:52.868+0000][1][gc,age       ] GC(98) - age   2:     382008 bytes,    2133760 total
[2020-09-11T15:21:52.868+0000][1][gc,age       ] GC(98) - age   3:       3072 bytes,    2136832 total
[2020-09-11T15:21:52.868+0000][1][gc,age       ] GC(98) - age   4:       2656 bytes,    2139488 total
[2020-09-11T15:21:52.868+0000][1][gc,age       ] GC(98) - age   5:        568 bytes,    2140056 total
[2020-09-11T15:21:52.868+0000][1][gc,age       ] GC(98) - age   6:       1552 bytes,    2141608 total
[2020-09-11T15:21:52.868+0000][1][gc,heap      ] GC(98) ParNew: 68740K->2214K(76672K)
[2020-09-11T15:21:52.868+0000][1][gc,heap      ] GC(98) CMS: 105711K->105716K(2011968K)
[2020-09-11T15:21:52.868+0000][1][gc,metaspace ] GC(98) Metaspace: 91133K->91133K(1132544K)
[2020-09-11T15:21:52.868+0000][1][gc           ] GC(98) Pause Young (Allocation Failure) 170M->105M(2039M) 16.160ms
[2020-09-11T15:21:52.868+0000][1][gc,cpu       ] GC(98) User=0.02s Sys=0.00s Real=0.02s
[2020-09-11T15:21:52.870+0000][1][safepoint    ] Safepoint "GenCollectForAllocation", Time since last: 4261598 ns, Reaching safepoint: 171240 ns, At safepoint: 18033217 ns, Total: 18204457 ns
[2020-09-11T15:21:52.874+0000][1][safepoint    ] Safepoint "RevokeBias", Time since last: 3795521 ns, Reaching safepoint: 61591 ns, At safepoint: 29424 ns, Total: 91015 ns
[2020-09-11T15:21:52.874+0000][1][safepoint    ] Safepoint "RevokeBias", Time since last: 138897 ns, Reaching safepoint: 25817 ns, At safepoint: 19212 ns, Total: 45029 ns
[2020-09-11T15:21:52.874+0000][1][safepoint    ] Safepoint "RevokeBias", Time since last: 83834 ns, Reaching safepoint: 30253 ns, At safepoint: 18626 ns, Total: 48879 ns
[2020-09-11T15:21:52.874+0000][1][safepoint    ] Safepoint "RevokeBias", Time since last: 38815 ns, Reaching safepoint: 25973 ns, At safepoint: 17491 ns, Total: 43464 ns
[2020-09-11T15:21:52.881+0000][1][safepoint    ] Safepoint "RevokeBias", Time since last: 6973254 ns, Reaching safepoint: 181563 ns, At safepoint: 20028 ns, Total: 201591 ns
[2020-09-11T15:21:53.881+0000][1][safepoint    ] Safepoint "Cleanup", Time since last: 1000125869 ns, Reaching safepoint: 135736 ns, At safepoint: 7111 ns, Total: 142847 ns
[2020-09-11T15:21:54.882+0000][1][safepoint    ] Safepoint "Cleanup", Time since last: 1000165908 ns, Reaching safepoint: 124934 ns, At safepoint: 15946 ns, Total: 140880 ns
[2020-09-11T15:21:55.882+0000][1][safepoint    ] Safepoint "Cleanup", Time since last: 1000200423 ns, Reaching safepoint: 96006 ns, At safepoint: 7481 ns, Total: 103487 ns
[2020-09-11T15:21:56.882+0000][1][safepoint    ] Safepoint "Cleanup", Time since last: 1000191678 ns, Reaching safepoint: 104272 ns, At safepoint: 6592 ns, Total: 110864 ns
[2020-09-11T15:21:57.040+0000][1][safepoint    ] Safepoint "RevokeBias", Time since last: 157166321 ns, Reaching safepoint: 166399 ns, At safepoint: 19175 ns, Total: 185574 ns
[2020-09-11T15:21:58.040+0000][1][safepoint    ] Safepoint "Cleanup", Time since last: 1000132410 ns, Reaching safepoint: 96342 ns, At safepoint: 7408 ns, Total: 103750 ns
[2020-09-11T15:21:59.040+0000][1][safepoint    ] Safepoint "Cleanup", Time since last: 1000176372 ns, Reaching safepoint: 135585 ns, At safepoint: 19254 ns, Total: 154839 ns
[2020-09-11T15:22:00.040+0000][1][safepoint    ] Safepoint "Cleanup", Time since last: 1000125351 ns, Reaching safepoint: 153332 ns, At safepoint: 8782 ns, Total: 162114 ns
[2020-09-11T15:22:01.041+0000][1][safepoint    ] Safepoint "Cleanup", Time since last: 1000139350 ns, Reaching safepoint: 118293 ns, At safepoint: 8238 ns, Total: 126531 ns
[2020-09-11T15:22:01.626+0000][1][safepoint    ] Safepoint "RevokeBias", Time since last: 585236308 ns, Reaching safepoint: 237665 ns, At safepoint: 20586 ns, Total: 258251 ns
[2020-09-11T15:22:01.626+0000][1][safepoint    ] Safepoint "RevokeBias", Time since last: 60985 ns, Reaching safepoint: 133929 ns, At safepoint: 12539 ns, Total: 146468 ns
[2020-09-11T15:22:01.627+0000][1][safepoint    ] Safepoint "RevokeBias", Time since last: 31180 ns, Reaching safepoint: 113514 ns, At safepoint: 11298 ns, Total: 124812 ns
[2020-09-11T15:22:01.646+0000][1][safepoint    ] Safepoint "RevokeBias", Time since last: 10913518 ns, Reaching safepoint: 8335617 ns, At safepoint: 27172 ns, Total: 8362789 ns
[2020-09-11T15:22:02.646+0000][1][safepoint    ] Safepoint "Cleanup", Time since last: 1000115793 ns, Reaching safepoint: 86934 ns, At safepoint: 7061 ns, Total: 93995 ns
[2020-09-11T15:22:02.648+0000][1][safepoint    ] Safepoint "RevokeBias", Time since last: 1993086 ns, Reaching safepoint: 62255 ns, At safepoint: 22036 ns, Total: 84291 ns
[2020-09-11T15:22:02.800+0000][1][safepoint    ] Safepoint "RevokeBias", Time since last: 151970151 ns, Reaching safepoint: 124816 ns, At safepoint: 54548 ns, Total: 179364 ns
[2020-09-11T15:22:02.890+0000][1][safepoint    ] Safepoint "RevokeBias", Time since last: 89733019 ns, Reaching safepoint: 246746 ns, At safepoint: 45655 ns, Total: 292401 ns
[2020-09-11T15:22:02.907+0000][1][safepoint    ] Safepoint "RevokeBias", Time since last: 15977539 ns, Reaching safepoint: 183692 ns, At safepoint: 20360 ns, Total: 204052 ns
[2020-09-11T15:22:02.907+0000][1][safepoint    ] Safepoint "RevokeBias", Time since last: 193254 ns, Reaching safepoint: 151042 ns, At safepoint: 12100 ns, Total: 163142 ns
[2020-09-11T15:22:02.907+0000][1][safepoint    ] Safepoint "RevokeBias", Time since last: 93333 ns, Reaching safepoint: 153136 ns, At safepoint: 11992 ns, Total: 165128 ns
[2020-09-11T15:22:02.907+0000][1][safepoint    ] Safepoint "RevokeBias", Time since last: 48621 ns, Reaching safepoint: 148760 ns, At safepoint: 11326 ns, Total: 160086 ns
[2020-09-11T15:22:02.921+0000][1][safepoint    ] Safepoint "RevokeBias", Time since last: 13307642 ns, Reaching safepoint: 131771 ns, At safepoint: 21093 ns, Total: 152864 ns
[2020-09-11T15:22:03.921+0000][1][safepoint    ] Safepoint "Cleanup", Time since last: 1000163451 ns, Reaching safepoint: 151410 ns, At safepoint: 17784 ns, Total: 169194 ns
[2020-09-11T15:22:04.921+0000][1][safepoint    ] Safepoint "Cleanup", Time since last: 1000248318 ns, Reaching safepoint: 95005 ns, At safepoint: 6646 ns, Total: 101651 ns
[2020-09-11T15:22:05.922+0000][1][safepoint    ] Safepoint "Cleanup", Time since last: 1000182216 ns, Reaching safepoint: 352328 ns, At safepoint: 19679 ns, Total: 372007 ns
[2020-09-11T15:22:06.922+0000][1][safepoint    ] Safepoint "Cleanup", Time since last: 1000230326 ns, Reaching safepoint: 101069 ns, At safepoint: 7638 ns, Total: 108707 ns
[2020-09-11T15:22:07.040+0000][1][safepoint    ] Safepoint "RevokeBias", Time since last: 117027540 ns, Reaching safepoint: 190772 ns, At safepoint: 28617 ns, Total: 219389 ns
[2020-09-11T15:22:08.040+0000][1][safepoint    ] Safepoint "Cleanup", Time since last: 1000116540 ns, Reaching safepoint: 92465 ns, At safepoint: 7519 ns, Total: 99984 ns
[2020-09-11T15:22:09.040+0000][1][safepoint    ] Safepoint "Cleanup", Time since last: 1000177963 ns, Reaching safepoint: 157858 ns, At safepoint: 17664 ns, Total: 175522 ns
[2020-09-11T15:22:10.040+0000][1][safepoint    ] Safepoint "Cleanup", Time since last: 1000212283 ns, Reaching safepoint: 92286 ns, At safepoint: 6934 ns, Total: 99220 ns
[2020-09-11T15:22:11.041+0000][1][safepoint    ] Safepoint "Cleanup", Time since last: 1000182457 ns, Reaching safepoint: 89103 ns, At safepoint: 6692 ns, Total: 95795 ns
[2020-09-11T15:22:12.042+0000][1][safepoint    ] Safepoint "Cleanup", Time since last: 1001138056 ns, Reaching safepoint: 89137 ns, At safepoint: 7205 ns, Total: 96342 ns
[2020-09-11T15:22:12.074+0000][1][safepoint    ] Safepoint "RevokeBias", Time since last: 32262510 ns, Reaching safepoint: 179815 ns, At safepoint: 18402 ns, Total: 198217 ns
[2020-09-11T15:22:12.075+0000][1][safepoint    ] Safepoint "RevokeBias", Time since last: 58283 ns, Reaching safepoint: 114851 ns, At safepoint: 22240 ns, Total: 137091 ns
[2020-09-11T15:22:12.075+0000][1][safepoint    ] Safepoint "BulkRevokeBias", Time since last: 42703 ns, Reaching safepoint: 115263 ns, At safepoint: 364854 ns, Total: 480117 ns
[2020-09-11T15:22:12.132+0000][1][safepoint    ] Safepoint "RevokeBias", Time since last: 56623744 ns, Reaching safepoint: 82462 ns, At safepoint: 20287 ns, Total: 102749 ns
[2020-09-11T15:22:12.132+0000][1][safepoint    ] Safepoint "RevokeBias", Time since last: 55776 ns, Reaching safepoint: 23888 ns, At safepoint: 10865 ns, Total: 34753 ns
[2020-09-11T15:22:12.652+0000][1][safepoint    ] Safepoint "RevokeBias", Time since last: 519900044 ns, Reaching safepoint: 82975 ns, At safepoint: 21664 ns, Total: 104639 ns
[2020-09-11T15:22:12.931+0000][1][safepoint    ] Safepoint "RevokeBias", Time since last: 278813697 ns, Reaching safepoint: 129811 ns, At safepoint: 44890 ns, Total: 174701 ns
[2020-09-11T15:22:12.934+0000][1][gc,start     ] GC(99) Pause Young (Allocation Failure)
[2020-09-11T15:22:12.935+0000][1][gc,task      ] GC(99) Using 1 workers of 1 for evacuation
[2020-09-11T15:22:12.954+0000][1][gc,age       ] GC(99) Desired survivor size 4358144 bytes, new threshold 6 (max threshold 6)
[2020-09-11T15:22:12.954+0000][1][gc,age       ] GC(99) Age table with threshold 6 (max threshold 6)
[2020-09-11T15:22:12.954+0000][1][gc,age       ] GC(99) - age   1:    2145304 bytes,    2145304 total
[2020-09-11T15:22:12.954+0000][1][gc,age       ] GC(99) - age   2:     316504 bytes,    2461808 total
[2020-09-11T15:22:12.954+0000][1][gc,age       ] GC(99) - age   3:     378080 bytes,    2839888 total
[2020-09-11T15:22:12.954+0000][1][gc,age       ] GC(99) - age   4:       3072 bytes,    2842960 total
[2020-09-11T15:22:12.954+0000][1][gc,age       ] GC(99) - age   5:       2656 bytes,    2845616 total
[2020-09-11T15:22:12.954+0000][1][gc,age       ] GC(99) - age   6:        568 bytes,    2846184 total
[2020-09-11T15:22:12.954+0000][1][gc,heap      ] GC(99) ParNew: 70360K->3321K(76672K)
[2020-09-11T15:22:12.954+0000][1][gc,heap      ] GC(99) CMS: 105716K->105718K(2011968K)
[2020-09-11T15:22:12.954+0000][1][gc,metaspace ] GC(99) Metaspace: 91232K->91232K(1132544K)
[2020-09-11T15:22:12.954+0000][1][gc           ] GC(99) Pause Young (Allocation Failure) 171M->106M(2039M) 19.750ms
[2020-09-11T15:22:12.954+0000][1][gc,cpu       ] GC(99) User=0.02s Sys=0.00s Real=0.02s
[2020-09-11T15:22:12.954+0000][1][safepoint    ] Safepoint "GenCollectForAllocation", Time since last: 3145685 ns, Reaching safepoint: 229784 ns, At safepoint: 19873101 ns, Total: 20102885 ns
[2020-09-11T15:22:12.962+0000][1][safepoint    ] Safepoint "BulkRevokeBias", Time since last: 7048652 ns, Reaching safepoint: 176438 ns, At safepoint: 284676 ns, Total: 461114 ns
[2020-09-11T15:22:12.962+0000][1][safepoint    ] Safepoint "RevokeBias", Time since last: 205849 ns, Reaching safepoint: 40197 ns, At safepoint: 20171 ns, Total: 60368 ns
[2020-09-11T15:22:12.962+0000][1][safepoint    ] Safepoint "RevokeBias", Time since last: 40399 ns, Reaching safepoint: 25666 ns, At safepoint: 18520 ns, Total: 44186 ns
[2020-09-11T15:22:12.970+0000][1][safepoint    ] Safepoint "RevokeBias", Time since last: 7686144 ns, Reaching safepoint: 182851 ns, At safepoint: 19471 ns, Total: 202322 ns
[2020-09-11T15:22:13.970+0000][1][safepoint    ] Safepoint "Cleanup", Time since last: 1000161485 ns, Reaching safepoint: 140873 ns, At safepoint: 16725 ns, Total: 157598 ns
[2020-09-11T15:22:14.971+0000][1][safepoint    ] Safepoint "Cleanup", Time since last: 1000228332 ns, Reaching safepoint: 97596 ns, At safepoint: 6979 ns, Total: 104575 ns
[2020-09-11T15:22:15.971+0000][1][safepoint    ] Safepoint "Cleanup", Time since last: 1000154855 ns, Reaching safepoint: 129413 ns, At safepoint: 16258 ns, Total: 145671 ns
[2020-09-11T15:22:16.971+0000][1][safepoint    ] Safepoint "Cleanup", Time since last: 1000146476 ns, Reaching safepoint: 70965 ns, At safepoint: 6281 ns, Total: 77246 ns
[2020-09-11T15:22:17.043+0000][1][safepoint    ] Safepoint "RevokeBias", Time since last: 70057246 ns, Reaching safepoint: 1446461 ns, At safepoint: 26210 ns, Total: 1472671 ns
[2020-09-11T15:22:18.043+0000][1][safepoint    ] Safepoint "Cleanup", Time since last: 1000125791 ns, Reaching safepoint: 94327 ns, At safepoint: 7450 ns, Total: 101777 ns
[2020-09-11T15:22:19.043+0000][1][safepoint    ] Safepoint "Cleanup", Time since last: 1000099139 ns, Reaching safepoint: 72448 ns, At safepoint: 7835 ns, Total: 80283 ns
[2020-09-11T15:22:20.043+0000][1][safepoint    ] Safepoint "Cleanup", Time since last: 1000170732 ns, Reaching safepoint: 119387 ns, At safepoint: 6657 ns, Total: 126044 ns
[2020-09-11T15:22:21.044+0000][1][safepoint    ] Safepoint "Cleanup", Time since last: 1000121310 ns, Reaching safepoint: 87064 ns, At safepoint: 7426 ns, Total: 94490 ns
[2020-09-11T15:22:22.044+0000][1][safepoint    ] Safepoint "Cleanup", Time since last: 1000145165 ns, Reaching safepoint: 113798 ns, At safepoint: 6431 ns, Total: 120229 ns
[2020-09-11T15:22:22.488+0000][1][safepoint    ] Safepoint "RevokeBias", Time since last: 443886226 ns, Reaching safepoint: 184061 ns, At safepoint: 25516 ns, Total: 209577 ns
[2020-09-11T15:22:22.488+0000][1][safepoint    ] Safepoint "RevokeBias", Time since last: 59229 ns, Reaching safepoint: 113898 ns, At safepoint: 13216 ns, Total: 127114 ns
[2020-09-11T15:22:22.488+0000][1][safepoint    ] Safepoint "RevokeBias", Time since last: 44598 ns, Reaching safepoint: 112971 ns, At safepoint: 11474 ns, Total: 124445 ns
[2020-09-11T15:22:22.488+0000][1][safepoint    ] Safepoint "RevokeBias", Time since last: 28998 ns, Reaching safepoint: 112338 ns, At safepoint: 12588 ns, Total: 124926 ns
[2020-09-11T15:22:22.489+0000][1][safepoint    ] Safepoint "RevokeBias", Time since last: 29276 ns, Reaching safepoint: 111862 ns, At safepoint: 12208 ns, Total: 124070 ns
[2020-09-11T15:22:22.520+0000][1][safepoint    ] Safepoint "RevokeBias", Time since last: 27625359 ns, Reaching safepoint: 3410060 ns, At safepoint: 27295 ns, Total: 3437355 ns
[2020-09-11T15:22:22.664+0000][1][safepoint    ] Safepoint "RevokeBias", Time since last: 143764296 ns, Reaching safepoint: 86805 ns, At safepoint: 21877 ns, Total: 108682 ns
[2020-09-11T15:22:22.980+0000][1][safepoint    ] Safepoint "RevokeBias", Time since last: 316564211 ns, Reaching safepoint: 236315 ns, At safepoint: 44856 ns, Total: 281171 ns
[2020-09-11T15:22:22.994+0000][1][safepoint    ] Safepoint "RevokeBias", Time since last: 13207514 ns, Reaching safepoint: 181535 ns, At safepoint: 19537 ns, Total: 201072 ns
[2020-09-11T15:22:22.995+0000][1][safepoint    ] Safepoint "RevokeBias", Time since last: 519475 ns, Reaching safepoint: 151382 ns, At safepoint: 13028 ns, Total: 164410 ns
[2020-09-11T15:22:22.995+0000][1][safepoint    ] Safepoint "RevokeBias", Time since last: 97790 ns, Reaching safepoint: 155304 ns, At safepoint: 11625 ns, Total: 166929 ns
[2020-09-11T15:22:22.995+0000][1][safepoint    ] Safepoint "RevokeBias", Time since last: 45689 ns, Reaching safepoint: 146544 ns, At safepoint: 11513 ns, Total: 158057 ns
[2020-09-11T15:22:23.003+0000][1][safepoint    ] Safepoint "RevokeBias", Time since last: 8235850 ns, Reaching safepoint: 212535 ns, At safepoint: 21739 ns, Total: 234274 ns
[2020-09-11T15:22:24.004+0000][1][safepoint    ] Safepoint "Cleanup", Time since last: 1000192538 ns, Reaching safepoint: 101748 ns, At safepoint: 7645 ns, Total: 109393 ns
[2020-09-11T15:22:25.004+0000][1][safepoint    ] Safepoint "Cleanup", Time since last: 1000195604 ns, Reaching safepoint: 135110 ns, At safepoint: 17303 ns, Total: 152413 ns
[2020-09-11T15:22:26.004+0000][1][safepoint    ] Safepoint "Cleanup", Time since last: 1000193355 ns, Reaching safepoint: 134475 ns, At safepoint: 17958 ns, Total: 152433 ns
[2020-09-11T15:22:27.005+0000][1][safepoint    ] Safepoint "Cleanup", Time since last: 1000156968 ns, Reaching safepoint: 73372 ns, At safepoint: 6488 ns, Total: 79860 ns
[2020-09-11T15:22:27.040+0000][1][safepoint    ] Safepoint "RevokeBias", Time since last: 35536251 ns, Reaching safepoint: 185358 ns, At safepoint: 19542 ns, Total: 204900 ns
[2020-09-11T15:22:28.041+0000][1][safepoint    ] Safepoint "Cleanup", Time since last: 1000114483 ns, Reaching safepoint: 83213 ns, At safepoint: 6373 ns, Total: 89586 ns
[2020-09-11T15:22:29.041+0000][1][safepoint    ] Safepoint "Cleanup", Time since last: 1000195802 ns, Reaching safepoint: 131552 ns, At safepoint: 16571 ns, Total: 148123 ns
[2020-09-11T15:22:30.041+0000][1][safepoint    ] Safepoint "Cleanup", Time since last: 1000256850 ns, Reaching safepoint: 91364 ns, At safepoint: 7191 ns, Total: 98555 ns
[2020-09-11T15:22:30.230+0000][1][gc,start     ] GC(100) Pause Young (Allocation Failure)
[2020-09-11T15:22:30.230+0000][1][gc,task      ] GC(100) Using 1 workers of 1 for evacuation
[2020-09-11T15:22:30.246+0000][1][gc,age       ] GC(100) Desired survivor size 4358144 bytes, new threshold 6 (max threshold 6)
[2020-09-11T15:22:30.246+0000][1][gc,age       ] GC(100) Age table with threshold 6 (max threshold 6)
[2020-09-11T15:22:30.246+0000][1][gc,age       ] GC(100) - age   1:     153928 bytes,     153928 total
[2020-09-11T15:22:30.246+0000][1][gc,age       ] GC(100) - age   2:     129232 bytes,     283160 total
[2020-09-11T15:22:30.246+0000][1][gc,age       ] GC(100) - age   3:     308760 bytes,     591920 total
[2020-09-11T15:22:30.246+0000][1][gc,age       ] GC(100) - age   4:     378080 bytes,     970000 total
[2020-09-11T15:22:30.246+0000][1][gc,age       ] GC(100) - age   5:       1832 bytes,     971832 total
[2020-09-11T15:22:30.246+0000][1][gc,age       ] GC(100) - age   6:       2656 bytes,     974488 total
[2020-09-11T15:22:30.246+0000][1][gc,heap      ] GC(100) ParNew: 71481K->2499K(76672K)
[2020-09-11T15:22:30.246+0000][1][gc,heap      ] GC(100) CMS: 105718K->105718K(2011968K)
[2020-09-11T15:22:30.246+0000][1][gc,metaspace ] GC(100) Metaspace: 91347K->91347K(1134592K)
[2020-09-11T15:22:30.246+0000][1][gc           ] GC(100) Pause Young (Allocation Failure) 173M->105M(2039M) 16.610ms
[2020-09-11T15:22:30.246+0000][1][gc,cpu       ] GC(100) User=0.01s Sys=0.00s Real=0.02s
[2020-09-11T15:22:30.246+0000][1][safepoint    ] Safepoint "GenCollectForAllocation", Time since last: 187962655 ns, Reaching safepoint: 236071 ns, At safepoint: 16690890 ns, Total: 16926961 ns
[2020-09-11T15:22:31.249+0000][1][safepoint    ] Safepoint "Cleanup", Time since last: 1003056712 ns, Reaching safepoint: 159072 ns, At safepoint: 42564 ns, Total: 201636 ns
[2020-09-11T15:22:32.250+0000][1][safepoint    ] Safepoint "Cleanup", Time since last: 1000194913 ns, Reaching safepoint: 119458 ns, At safepoint: 12979 ns, Total: 132437 ns
[2020-09-11T15:22:32.627+0000][1][safepoint    ] Safepoint "RevokeBias", Time since last: 377016404 ns, Reaching safepoint: 82651 ns, At safepoint: 21019 ns, Total: 103670 ns
[2020-09-11T15:22:32.912+0000][1][safepoint    ] Safepoint "RevokeBias", Time since last: 284498097 ns, Reaching safepoint: 70375 ns, At safepoint: 18629 ns, Total: 89004 ns
[2020-09-11T15:22:32.912+0000][1][safepoint    ] Safepoint "RevokeBias", Time since last: 80638 ns, Reaching safepoint: 24812 ns, At safepoint: 10600 ns, Total: 35412 ns
[2020-09-11T15:22:32.912+0000][1][safepoint    ] Safepoint "RevokeBias", Time since last: 29631 ns, Reaching safepoint: 22841 ns, At safepoint: 9077 ns, Total: 31918 ns
[2020-09-11T15:22:32.912+0000][1][safepoint    ] Safepoint "RevokeBias", Time since last: 27284 ns, Reaching safepoint: 22182 ns, At safepoint: 8978 ns, Total: 31160 ns
[2020-09-11T15:22:32.912+0000][1][safepoint    ] Safepoint "RevokeBias", Time since last: 26239 ns, Reaching safepoint: 22010 ns, At safepoint: 8974 ns, Total: 30984 ns
[2020-09-11T15:22:32.912+0000][1][safepoint    ] Safepoint "RevokeBias", Time since last: 26510 ns, Reaching safepoint: 21880 ns, At safepoint: 8766 ns, Total: 30646 ns
[2020-09-11T15:22:32.919+0000][1][safepoint    ] Safepoint "RevokeBias", Time since last: 6377045 ns, Reaching safepoint: 642813 ns, At safepoint: 20703 ns, Total: 663516 ns
[2020-09-11T15:22:33.011+0000][1][safepoint    ] Safepoint "RevokeBias", Time since last: 91897057 ns, Reaching safepoint: 63856 ns, At safepoint: 22470 ns, Total: 86326 ns
[2020-09-11T15:22:33.043+0000][1][safepoint    ] Safepoint "RevokeBias", Time since last: 29926447 ns, Reaching safepoint: 2638361 ns, At safepoint: 23048 ns, Total: 2661409 ns
[2020-09-11T15:22:33.049+0000][1][safepoint    ] Safepoint "RevokeBias", Time since last: 4132155 ns, Reaching safepoint: 1169664 ns, At safepoint: 25858 ns, Total: 1195522 ns
[2020-09-11T15:22:33.050+0000][1][safepoint    ] Safepoint "RevokeBias", Time since last: 179402 ns, Reaching safepoint: 1108458 ns, At safepoint: 21393 ns, Total: 1129851 ns
[2020-09-11T15:22:33.051+0000][1][safepoint    ] Safepoint "RevokeBias", Time since last: 85774 ns, Reaching safepoint: 1248698 ns, At safepoint: 19170 ns, Total: 1267868 ns
[2020-09-11T15:22:33.088+0000][1][safepoint    ] Safepoint "RevokeBias", Time since last: 31947775 ns, Reaching safepoint: 4175429 ns, At safepoint: 28079 ns, Total: 4203508 ns
[2020-09-11T15:22:34.088+0000][1][safepoint    ] Safepoint "Cleanup", Time since last: 1000146305 ns, Reaching safepoint: 141872 ns, At safepoint: 16614 ns, Total: 158486 ns
[2020-09-11T15:22:35.088+0000][1][safepoint    ] Safepoint "Cleanup", Time since last: 1000239366 ns, Reaching safepoint: 98700 ns, At safepoint: 7201 ns, Total: 105901 ns
[2020-09-11T15:22:36.089+0000][1][safepoint    ] Safepoint "Cleanup", Time since last: 1000183773 ns, Reaching safepoint: 134833 ns, At safepoint: 18552 ns, Total: 153385 ns
[2020-09-11T15:22:37.040+0000][1][safepoint    ] Safepoint "RevokeBias", Time since last: 951143705 ns, Reaching safepoint: 146019 ns, At safepoint: 21747 ns, Total: 167766 ns
[2020-09-11T15:22:38.040+0000][1][safepoint    ] Safepoint "Cleanup", Time since last: 1000174647 ns, Reaching safepoint: 125535 ns, At safepoint: 7879 ns, Total: 133414 ns
[2020-09-11T15:22:39.041+0000][1][safepoint    ] Safepoint "Cleanup", Time since last: 1000184582 ns, Reaching safepoint: 97757 ns, At safepoint: 16273 ns, Total: 114030 ns
[2020-09-11T15:22:40.041+0000][1][safepoint    ] Safepoint "Cleanup", Time since last: 1000179108 ns, Reaching safepoint: 106159 ns, At safepoint: 7460 ns, Total: 113619 ns
[2020-09-11T15:22:41.041+0000][1][safepoint    ] Safepoint "Cleanup", Time since last: 1000196996 ns, Reaching safepoint: 97489 ns, At safepoint: 7464 ns, Total: 104953 ns
[2020-09-11T15:22:42.041+0000][1][safepoint    ] Safepoint "Cleanup", Time since last: 1000170091 ns, Reaching safepoint: 148377 ns, At safepoint: 18258 ns, Total: 166635 ns
[2020-09-11T15:22:42.616+0000][1][safepoint    ] Safepoint "RevokeBias", Time since last: 574357074 ns, Reaching safepoint: 86366 ns, At safepoint: 22284 ns, Total: 108650 ns
[2020-09-11T15:22:43.125+0000][1][safepoint    ] Safepoint "RevokeBias", Time since last: 509227079 ns, Reaching safepoint: 65391 ns, At safepoint: 21179 ns, Total: 86570 ns
[2020-09-11T15:22:43.131+0000][1][safepoint    ] Safepoint "RevokeBias", Time since last: 6031794 ns, Reaching safepoint: 188215 ns, At safepoint: 19304 ns, Total: 207519 ns
[2020-09-11T15:22:43.133+0000][1][safepoint    ] Safepoint "RevokeBias", Time since last: 888288 ns, Reaching safepoint: 153101 ns, At safepoint: 29101 ns, Total: 182202 ns
[2020-09-11T15:22:43.133+0000][1][safepoint    ] Safepoint "RevokeBias", Time since last: 137515 ns, Reaching safepoint: 152531 ns, At safepoint: 13170 ns, Total: 165701 ns
[2020-09-11T15:22:43.133+0000][1][safepoint    ] Safepoint "RevokeBias", Time since last: 49227 ns, Reaching safepoint: 148175 ns, At safepoint: 11881 ns, Total: 160056 ns
[2020-09-11T15:22:43.140+0000][1][safepoint    ] Safepoint "RevokeBias", Time since last: 6482714 ns, Reaching safepoint: 180351 ns, At safepoint: 22661 ns, Total: 203012 ns
[2020-09-11T15:22:43.338+0000][1][safepoint    ] Safepoint "RevokeBias", Time since last: 197745884 ns, Reaching safepoint: 179426 ns, At safepoint: 20404 ns, Total: 199830 ns
[2020-09-11T15:22:43.338+0000][1][safepoint    ] Safepoint "RevokeBias", Time since last: 60723 ns, Reaching safepoint: 114783 ns, At safepoint: 13051 ns, Total: 127834 ns
[2020-09-11T15:22:43.338+0000][1][safepoint    ] Safepoint "RevokeBias", Time since last: 34359 ns, Reaching safepoint: 114188 ns, At safepoint: 11512 ns, Total: 125700 ns
[2020-09-11T15:22:43.338+0000][1][safepoint    ] Safepoint "RevokeBias", Time since last: 30516 ns, Reaching safepoint: 111954 ns, At safepoint: 11603 ns, Total: 123557 ns
[2020-09-11T15:22:43.338+0000][1][safepoint    ] Safepoint "RevokeBias", Time since last: 30347 ns, Reaching safepoint: 112592 ns, At safepoint: 11427 ns, Total: 124019 ns
[2020-09-11T15:22:43.339+0000][1][safepoint    ] Safepoint "RevokeBias", Time since last: 29567 ns, Reaching safepoint: 112075 ns, At safepoint: 11068 ns, Total: 123143 ns
[2020-09-11T15:22:43.339+0000][1][safepoint    ] Safepoint "RevokeBias", Time since last: 29706 ns, Reaching safepoint: 111470 ns, At safepoint: 11154 ns, Total: 122624 ns
[2020-09-11T15:22:43.339+0000][1][safepoint    ] Safepoint "RevokeBias", Time since last: 29374 ns, Reaching safepoint: 110877 ns, At safepoint: 11227 ns, Total: 122104 ns
[2020-09-11T15:22:43.376+0000][1][safepoint    ] Safepoint "RevokeBias", Time since last: 32688014 ns, Reaching safepoint: 3983135 ns, At safepoint: 42146 ns, Total: 4025281 ns
[2020-09-11T15:22:43.377+0000][1][safepoint    ] Safepoint "RevokeBias", Time since last: 945262 ns, Reaching safepoint: 326890 ns, At safepoint: 16235 ns, Total: 343125 ns
[2020-09-11T15:22:44.377+0000][1][safepoint    ] Safepoint "Cleanup", Time since last: 1000138802 ns, Reaching safepoint: 160351 ns, At safepoint: 17126 ns, Total: 177477 ns
[2020-09-11T15:22:45.261+0000][1][gc,start     ] GC(101) Pause Young (Allocation Failure)
[2020-09-11T15:22:45.261+0000][1][gc,task      ] GC(101) Using 1 workers of 1 for evacuation
[2020-09-11T15:22:45.277+0000][1][gc,age       ] GC(101) Desired survivor size 4358144 bytes, new threshold 6 (max threshold 6)
[2020-09-11T15:22:45.277+0000][1][gc,age       ] GC(101) Age table with threshold 6 (max threshold 6)
[2020-09-11T15:22:45.277+0000][1][gc,age       ] GC(101) - age   1:     168624 bytes,     168624 total
[2020-09-11T15:22:45.277+0000][1][gc,age       ] GC(101) - age   2:     116216 bytes,     284840 total
[2020-09-11T15:22:45.277+0000][1][gc,age       ] GC(101) - age   3:     109104 bytes,     393944 total
[2020-09-11T15:22:45.277+0000][1][gc,age       ] GC(101) - age   4:     297624 bytes,     691568 total
[2020-09-11T15:22:45.277+0000][1][gc,age       ] GC(101) - age   5:     376536 bytes,    1068104 total
[2020-09-11T15:22:45.277+0000][1][gc,age       ] GC(101) - age   6:       1832 bytes,    1069936 total
[2020-09-11T15:22:45.277+0000][1][gc,heap      ] GC(101) ParNew: 70659K->1725K(76672K)
[2020-09-11T15:22:45.277+0000][1][gc,heap      ] GC(101) CMS: 105718K->105721K(2011968K)
[2020-09-11T15:22:45.277+0000][1][gc,metaspace ] GC(101) Metaspace: 91436K->91436K(1134592K)
[2020-09-11T15:22:45.277+0000][1][gc           ] GC(101) Pause Young (Allocation Failure) 172M->104M(2039M) 16.162ms
[2020-09-11T15:22:45.277+0000][1][gc,cpu       ] GC(101) User=0.01s Sys=0.00s Real=0.02s
[2020-09-11T15:22:45.277+0000][1][safepoint    ] Safepoint "GenCollectForAllocation", Time since last: 883547773 ns, Reaching safepoint: 240549 ns, At safepoint: 16236087 ns, Total: 16476636 ns
[2020-09-11T15:22:46.280+0000][1][safepoint    ] Safepoint "Cleanup", Time since last: 1002807537 ns, Reaching safepoint: 125057 ns, At safepoint: 40339 ns, Total: 165396 ns
[2020-09-11T15:22:47.040+0000][1][safepoint    ] Safepoint "RevokeBias", Time since last: 759859135 ns, Reaching safepoint: 78562 ns, At safepoint: 30842 ns, Total: 109404 ns
[2020-09-11T15:22:48.050+0000][1][safepoint    ] Safepoint "Cleanup", Time since last: 1009814849 ns, Reaching safepoint: 80023 ns, At safepoint: 7199 ns, Total: 87222 ns
[2020-09-11T15:22:49.050+0000][1][safepoint    ] Safepoint "Cleanup", Time since last: 1000212160 ns, Reaching safepoint: 95704 ns, At safepoint: 7680 ns, Total: 103384 ns
[2020-09-11T15:22:50.051+0000][1][safepoint    ] Safepoint "Cleanup", Time since last: 1000180834 ns, Reaching safepoint: 95329 ns, At safepoint: 7119 ns, Total: 102448 ns
[2020-09-11T15:22:51.051+0000][1][safepoint    ] Safepoint "Cleanup", Time since last: 1000174913 ns, Reaching safepoint: 98000 ns, At safepoint: 7583 ns, Total: 105583 ns
[2020-09-11T15:22:52.051+0000][1][safepoint    ] Safepoint "Cleanup", Time since last: 1000177903 ns, Reaching safepoint: 135879 ns, At safepoint: 16902 ns, Total: 152781 ns
[2020-09-11T15:22:52.614+0000][1][safepoint    ] Safepoint "RevokeBias", Time since last: 563109756 ns, Reaching safepoint: 84248 ns, At safepoint: 21585 ns, Total: 105833 ns
[2020-09-11T15:22:53.148+0000][1][safepoint    ] Safepoint "RevokeBias", Time since last: 533783078 ns, Reaching safepoint: 128224 ns, At safepoint: 46604 ns, Total: 174828 ns
[2020-09-11T15:22:53.159+0000][1][safepoint    ] Safepoint "RevokeBias", Time since last: 10172133 ns, Reaching safepoint: 187627 ns, At safepoint: 19258 ns, Total: 206885 ns
[2020-09-11T15:22:53.159+0000][1][safepoint    ] Safepoint "RevokeBias", Time since last: 152795 ns, Reaching safepoint: 148844 ns, At safepoint: 11463 ns, Total: 160307 ns
[2020-09-11T15:22:53.159+0000][1][safepoint    ] Safepoint "RevokeBias", Time since last: 117239 ns, Reaching safepoint: 153176 ns, At safepoint: 11332 ns, Total: 164508 ns
[2020-09-11T15:22:53.160+0000][1][safepoint    ] Safepoint "RevokeBias", Time since last: 66209 ns, Reaching safepoint: 149729 ns, At safepoint: 10975 ns, Total: 160704 ns
[2020-09-11T15:22:53.170+0000][1][safepoint    ] Safepoint "RevokeBias", Time since last: 9849301 ns, Reaching safepoint: 178198 ns, At safepoint: 18895 ns, Total: 197093 ns
[2020-09-11T15:22:54.170+0000][1][safepoint    ] Safepoint "Cleanup", Time since last: 1000130339 ns, Reaching safepoint: 144408 ns, At safepoint: 17887 ns, Total: 162295 ns
[2020-09-11T15:22:55.170+0000][1][safepoint    ] Safepoint "Cleanup", Time since last: 1000178219 ns, Reaching safepoint: 129534 ns, At safepoint: 6994 ns, Total: 136528 ns
[2020-09-11T15:22:56.171+0000][1][safepoint    ] Safepoint "Cleanup", Time since last: 1000192565 ns, Reaching safepoint: 135931 ns, At safepoint: 18389 ns, Total: 154320 ns
[2020-09-11T15:22:57.040+0000][1][safepoint    ] Safepoint "RevokeBias", Time since last: 869708587 ns, Reaching safepoint: 185002 ns, At safepoint: 21736 ns, Total: 206738 ns
[2020-09-11T15:22:58.041+0000][1][safepoint    ] Safepoint "Cleanup", Time since last: 1000113055 ns, Reaching safepoint: 76056 ns, At safepoint: 6296 ns, Total: 82352 ns
[2020-09-11T15:22:59.041+0000][1][safepoint    ] Safepoint "Cleanup", Time since last: 1000131172 ns, Reaching safepoint: 141766 ns, At safepoint: 18111 ns, Total: 159877 ns
[2020-09-11T15:23:00.041+0000][1][safepoint    ] Safepoint "Cleanup", Time since last: 1000226153 ns, Reaching safepoint: 94963 ns, At safepoint: 6762 ns, Total: 101725 ns
[2020-09-11T15:23:01.042+0000][1][safepoint    ] Safepoint "Cleanup", Time since last: 1000123911 ns, Reaching safepoint: 139610 ns, At safepoint: 17597 ns, Total: 157207 ns
[2020-09-11T15:23:02.042+0000][1][safepoint    ] Safepoint "Cleanup", Time since last: 1000182001 ns, Reaching safepoint: 173862 ns, At safepoint: 17671 ns, Total: 191533 ns
[2020-09-11T15:23:02.632+0000][1][safepoint    ] Safepoint "RevokeBias", Time since last: 589881141 ns, Reaching safepoint: 80187 ns, At safepoint: 20198 ns, Total: 100385 ns
[2020-09-11T15:23:03.182+0000][1][safepoint    ] Safepoint "RevokeBias", Time since last: 550211602 ns, Reaching safepoint: 243592 ns, At safepoint: 46183 ns, Total: 289775 ns
[2020-09-11T15:23:03.193+0000][1][gc,start     ] GC(102) Pause Young (Allocation Failure)
[2020-09-11T15:23:03.193+0000][1][gc,task      ] GC(102) Using 1 workers of 1 for evacuation
[2020-09-11T15:23:03.209+0000][1][gc,age       ] GC(102) Desired survivor size 4358144 bytes, new threshold 6 (max threshold 6)
[2020-09-11T15:23:03.209+0000][1][gc,age       ] GC(102) Age table with threshold 6 (max threshold 6)
[2020-09-11T15:23:03.209+0000][1][gc,age       ] GC(102) - age   1:    1444584 bytes,    1444584 total
[2020-09-11T15:23:03.209+0000][1][gc,age       ] GC(102) - age   2:     123528 bytes,    1568112 total
[2020-09-11T15:23:03.209+0000][1][gc,age       ] GC(102) - age   3:     107048 bytes,    1675160 total
[2020-09-11T15:23:03.209+0000][1][gc,age       ] GC(102) - age   4:     109104 bytes,    1784264 total
[2020-09-11T15:23:03.209+0000][1][gc,age       ] GC(102) - age   5:     295144 bytes,    2079408 total
[2020-09-11T15:23:03.209+0000][1][gc,age       ] GC(102) - age   6:     376536 bytes,    2455944 total
[2020-09-11T15:23:03.209+0000][1][gc,heap      ] GC(102) ParNew: 69680K->2998K(76672K)
[2020-09-11T15:23:03.209+0000][1][gc,heap      ] GC(102) CMS: 105721K->105723K(2011968K)
[2020-09-11T15:23:03.209+0000][1][gc,metaspace ] GC(102) Metaspace: 91499K->91499K(1134592K)
[2020-09-11T15:23:03.209+0000][1][gc           ] GC(102) Pause Young (Allocation Failure) 171M->106M(2039M) 16.371ms
[2020-09-11T15:23:03.209+0000][1][gc,cpu       ] GC(102) User=0.01s Sys=0.00s Real=0.02s
[2020-09-11T15:23:03.211+0000][1][safepoint    ] Safepoint "GenCollectForAllocation", Time since last: 10448172 ns, Reaching safepoint: 192320 ns, At safepoint: 18056124 ns, Total: 18248444 ns
[2020-09-11T15:23:03.215+0000][1][safepoint    ] Safepoint "RevokeBias", Time since last: 3621952 ns, Reaching safepoint: 182541 ns, At safepoint: 102321 ns, Total: 284862 ns
[2020-09-11T15:23:03.215+0000][1][safepoint    ] Safepoint "RevokeBias", Time since last: 143631 ns, Reaching safepoint: 25901 ns, At safepoint: 142888 ns, Total: 168789 ns
[2020-09-11T15:23:03.216+0000][1][safepoint    ] Safepoint "BulkRevokeBias", Time since last: 120799 ns, Reaching safepoint: 141343 ns, At safepoint: 270103 ns, Total: 411446 ns
[2020-09-11T15:23:03.229+0000][1][safepoint    ] Safepoint "RevokeBias", Time since last: 12880756 ns, Reaching safepoint: 132656 ns, At safepoint: 22164 ns, Total: 154820 ns
[2020-09-11T15:23:04.229+0000][1][safepoint    ] Safepoint "Cleanup", Time since last: 1000158359 ns, Reaching safepoint: 111838 ns, At safepoint: 7756 ns, Total: 119594 ns
[2020-09-11T15:23:04.644+0000][1][safepoint    ] Safepoint "RevokeBias", Time since last: 415116495 ns, Reaching safepoint: 65924 ns, At safepoint: 19299 ns, Total: 85223 ns
[2020-09-11T15:23:04.645+0000][1][safepoint    ] Safepoint "RevokeBias", Time since last: 60010 ns, Reaching safepoint: 23842 ns, At safepoint: 10155 ns, Total: 33997 ns
[2020-09-11T15:23:04.645+0000][1][safepoint    ] Safepoint "RevokeBias", Time since last: 28012 ns, Reaching safepoint: 22684 ns, At safepoint: 8742 ns, Total: 31426 ns
[2020-09-11T15:23:04.645+0000][1][safepoint    ] Safepoint "RevokeBias", Time since last: 26233 ns, Reaching safepoint: 22167 ns, At safepoint: 8489 ns, Total: 30656 ns
[2020-09-11T15:23:04.645+0000][1][safepoint    ] Safepoint "RevokeBias", Time since last: 25951 ns, Reaching safepoint: 21624 ns, At safepoint: 8361 ns, Total: 29985 ns
[2020-09-11T15:23:04.645+0000][1][safepoint    ] Safepoint "RevokeBias", Time since last: 25473 ns, Reaching safepoint: 21329 ns, At safepoint: 8263 ns, Total: 29592 ns
[2020-09-11T15:23:04.645+0000][1][safepoint    ] Safepoint "BulkRevokeBias", Time since last: 25857 ns, Reaching safepoint: 21509 ns, At safepoint: 149799 ns, Total: 171308 ns
[2020-09-11T15:23:04.661+0000][1][safepoint    ] Safepoint "RevokeBias", Time since last: 14308848 ns, Reaching safepoint: 1751953 ns, At safepoint: 74268 ns, Total: 1826221 ns
[2020-09-11T15:23:04.664+0000][1][safepoint    ] Safepoint "RevokeBias", Time since last: 65046 ns, Reaching safepoint: 2380672 ns, At safepoint: 54154 ns, Total: 2434826 ns
[2020-09-11T15:23:04.664+0000][1][safepoint    ] Safepoint "RevokeBias", Time since last: 54353 ns, Reaching safepoint: 718793 ns, At safepoint: 40414 ns, Total: 759207 ns
[2020-09-11T15:23:04.665+0000][1][safepoint    ] Safepoint "RevokeBias", Time since last: 36498 ns, Reaching safepoint: 116864 ns, At safepoint: 27332 ns, Total: 144196 ns
[2020-09-11T15:23:05.665+0000][1][safepoint    ] Safepoint "Cleanup", Time since last: 1000123850 ns, Reaching safepoint: 145484 ns, At safepoint: 17710 ns, Total: 163194 ns
[2020-09-11T15:23:06.665+0000][1][safepoint    ] Safepoint "Cleanup", Time since last: 1000208068 ns, Reaching safepoint: 139330 ns, At safepoint: 19070 ns, Total: 158400 ns
[2020-09-11T15:23:07.041+0000][1][safepoint    ] Safepoint "BulkRevokeBias", Time since last: 375613241 ns, Reaching safepoint: 146856 ns, At safepoint: 200775 ns, Total: 347631 ns
[2020-09-11T15:23:07.154+0000][1][safepoint    ] Safepoint "RevokeBias", Time since last: 112670090 ns, Reaching safepoint: 85448 ns, At safepoint: 21305 ns, Total: 106753 ns
[2020-09-11T15:23:08.154+0000][1][safepoint    ] Safepoint "Cleanup", Time since last: 1000128350 ns, Reaching safepoint: 70891 ns, At safepoint: 7281 ns, Total: 78172 ns
[2020-09-11T15:23:09.155+0000][1][safepoint    ] Safepoint "Cleanup", Time since last: 1000266219 ns, Reaching safepoint: 148614 ns, At safepoint: 18533 ns, Total: 167147 ns
[2020-09-11T15:23:10.155+0000][1][safepoint    ] Safepoint "Cleanup", Time since last: 1000220035 ns, Reaching safepoint: 94739 ns, At safepoint: 7259 ns, Total: 101998 ns
[2020-09-11T15:23:11.155+0000][1][safepoint    ] Safepoint "Cleanup", Time since last: 1000178320 ns, Reaching safepoint: 98569 ns, At safepoint: 7541 ns, Total: 106110 ns
[2020-09-11T15:23:12.156+0000][1][safepoint    ] Safepoint "Cleanup", Time since last: 1000168944 ns, Reaching safepoint: 178295 ns, At safepoint: 15786 ns, Total: 194081 ns
[2020-09-11T15:23:12.625+0000][1][safepoint    ] Safepoint "RevokeBias", Time since last: 469725460 ns, Reaching safepoint: 78758 ns, At safepoint: 21210 ns, Total: 99968 ns
[2020-09-11T15:23:13.242+0000][1][safepoint    ] Safepoint "RevokeBias", Time since last: 616199621 ns, Reaching safepoint: 237138 ns, At safepoint: 45490 ns, Total: 282628 ns
[2020-09-11T15:23:13.257+0000][1][safepoint    ] Safepoint "RevokeBias", Time since last: 14470495 ns, Reaching safepoint: 144721 ns, At safepoint: 20293 ns, Total: 165014 ns
[2020-09-11T15:23:13.257+0000][1][safepoint    ] Safepoint "RevokeBias", Time since last: 157577 ns, Reaching safepoint: 147294 ns, At safepoint: 13368 ns, Total: 160662 ns
[2020-09-11T15:23:13.257+0000][1][safepoint    ] Safepoint "RevokeBias", Time since last: 422356 ns, Reaching safepoint: 142685 ns, At safepoint: 14118 ns, Total: 156803 ns
[2020-09-11T15:23:13.258+0000][1][safepoint    ] Safepoint "RevokeBias", Time since last: 58562 ns, Reaching safepoint: 147970 ns, At safepoint: 12579 ns, Total: 160549 ns
[2020-09-11T15:23:13.265+0000][1][safepoint    ] Safepoint "RevokeBias", Time since last: 7187796 ns, Reaching safepoint: 183227 ns, At safepoint: 19314 ns, Total: 202541 ns
[2020-09-11T15:23:13.272+0000][1][safepoint    ] Safepoint "RevokeBias", Time since last: 6825779 ns, Reaching safepoint: 181879 ns, At safepoint: 17941 ns, Total: 199820 ns
[2020-09-11T15:23:13.272+0000][1][safepoint    ] Safepoint "RevokeBias", Time since last: 69746 ns, Reaching safepoint: 146548 ns, At safepoint: 11916 ns, Total: 158464 ns
[2020-09-11T15:23:13.275+0000][1][safepoint    ] Safepoint "RevokeBias", Time since last: 2207294 ns, Reaching safepoint: 160171 ns, At safepoint: 12725 ns, Total: 172896 ns
[2020-09-11T15:23:13.275+0000][1][safepoint    ] Safepoint "RevokeBias", Time since last: 332278 ns, Reaching safepoint: 156346 ns, At safepoint: 11071 ns, Total: 167417 ns
[2020-09-11T15:23:13.281+0000][1][safepoint    ] Safepoint "RevokeBias", Time since last: 4547795 ns, Reaching safepoint: 853851 ns, At safepoint: 21000 ns, Total: 874851 ns
[2020-09-11T15:23:13.306+0000][1][safepoint    ] Safepoint "Deoptimize", Time since last: 24550308 ns, Reaching safepoint: 149900 ns, At safepoint: 942914 ns, Total: 1092814 ns
[2020-09-11T15:23:13.424+0000][1][gc,start     ] GC(103) Pause Young (Allocation Failure)
[2020-09-11T15:23:13.424+0000][1][gc,task      ] GC(103) Using 1 workers of 1 for evacuation
[2020-09-11T15:23:13.464+0000][1][gc,age       ] GC(103) Desired survivor size 4358144 bytes, new threshold 6 (max threshold 6)
[2020-09-11T15:23:13.464+0000][1][gc,age       ] GC(103) Age table with threshold 6 (max threshold 6)
[2020-09-11T15:23:13.464+0000][1][gc,age       ] GC(103) - age   1:     262984 bytes,     262984 total
[2020-09-11T15:23:13.464+0000][1][gc,age       ] GC(103) - age   2:      73736 bytes,     336720 total
[2020-09-11T15:23:13.464+0000][1][gc,age       ] GC(103) - age   3:     116024 bytes,     452744 total
[2020-09-11T15:23:13.464+0000][1][gc,age       ] GC(103) - age   4:     106896 bytes,     559640 total
[2020-09-11T15:23:13.464+0000][1][gc,age       ] GC(103) - age   5:     109104 bytes,     668744 total
[2020-09-11T15:23:13.464+0000][1][gc,age       ] GC(103) - age   6:     295024 bytes,     963768 total
[2020-09-11T15:23:13.464+0000][1][gc,heap      ] GC(103) ParNew: 71158K->2048K(76672K)
[2020-09-11T15:23:13.464+0000][1][gc,heap      ] GC(103) CMS: 105723K->106103K(2011968K)
[2020-09-11T15:23:13.464+0000][1][gc,metaspace ] GC(103) Metaspace: 91853K->91853K(1134592K)
[2020-09-11T15:23:13.464+0000][1][gc           ] GC(103) Pause Young (Allocation Failure) 172M->105M(2039M) 40.504ms
[2020-09-11T15:23:13.464+0000][1][gc,cpu       ] GC(103) User=0.02s Sys=0.00s Real=0.04s
[2020-09-11T15:23:13.467+0000][1][safepoint    ] Safepoint "GenCollectForAllocation", Time since last: 116356516 ns, Reaching safepoint: 923726 ns, At safepoint: 43941427 ns, Total: 44865153 ns
[2020-09-11T15:23:13.471+0000][1][safepoint    ] Safepoint "Deoptimize", Time since last: 1252080 ns, Reaching safepoint: 66199 ns, At safepoint: 2670482 ns, Total: 2736681 ns
[2020-09-11T15:23:13.484+0000][1][safepoint    ] Safepoint "Deoptimize", Time since last: 12150801 ns, Reaching safepoint: 65134 ns, At safepoint: 813485 ns, Total: 878619 ns
[2020-09-11T15:23:14.273+0000][1][safepoint    ] Safepoint "RevokeBias", Time since last: 788193897 ns, Reaching safepoint: 137291 ns, At safepoint: 49490 ns, Total: 186781 ns
[2020-09-11T15:23:14.287+0000][1][safepoint    ] Safepoint "RevokeBias", Time since last: 13804156 ns, Reaching safepoint: 189674 ns, At safepoint: 19025 ns, Total: 208699 ns
[2020-09-11T15:23:14.287+0000][1][safepoint    ] Safepoint "RevokeBias", Time since last: 122081 ns, Reaching safepoint: 149258 ns, At safepoint: 11794 ns, Total: 161052 ns
[2020-09-11T15:23:15.062+0000][1][safepoint    ] Safepoint "RevokeBias", Time since last: 775031965 ns, Reaching safepoint: 310473 ns, At safepoint: 23039 ns, Total: 333512 ns
[2020-09-11T15:23:15.063+0000][1][safepoint    ] Safepoint "RevokeBias", Time since last: 62916 ns, Reaching safepoint: 115192 ns, At safepoint: 14613 ns, Total: 129805 ns
[2020-09-11T15:23:15.068+0000][1][safepoint    ] Safepoint "RevokeBias", Time since last: 2514913 ns, Reaching safepoint: 2281854 ns, At safepoint: 30974 ns, Total: 2312828 ns
[2020-09-11T15:23:15.071+0000][1][safepoint    ] Safepoint "RevokeBias", Time since last: 654224 ns, Reaching safepoint: 3305100 ns, At safepoint: 18672 ns, Total: 3323772 ns
[2020-09-11T15:23:15.072+0000][1][safepoint    ] Safepoint "RevokeBias", Time since last: 235542 ns, Reaching safepoint: 108649 ns, At safepoint: 13431 ns, Total: 122080 ns
[2020-09-11T15:23:16.072+0000][1][safepoint    ] Safepoint "Cleanup", Time since last: 1000188253 ns, Reaching safepoint: 94595 ns, At safepoint: 6634 ns, Total: 101229 ns
[2020-09-11T15:23:17.052+0000][1][safepoint    ] Safepoint "RevokeBias", Time since last: 975328752 ns, Reaching safepoint: 4037150 ns, At safepoint: 26459 ns, Total: 4063609 ns
[2020-09-11T15:23:18.053+0000][1][safepoint    ] Safepoint "Cleanup", Time since last: 1000963182 ns, Reaching safepoint: 78384 ns, At safepoint: 7131 ns, Total: 85515 ns
[2020-09-11T15:23:19.053+0000][1][safepoint    ] Safepoint "Cleanup", Time since last: 1000140788 ns, Reaching safepoint: 133643 ns, At safepoint: 15853 ns, Total: 149496 ns
[2020-09-11T15:23:20.053+0000][1][safepoint    ] Safepoint "Cleanup", Time since last: 1000209105 ns, Reaching safepoint: 108154 ns, At safepoint: 7370 ns, Total: 115524 ns
[2020-09-11T15:23:21.053+0000][1][safepoint    ] Safepoint "Cleanup", Time since last: 1000177068 ns, Reaching safepoint: 97685 ns, At safepoint: 7756 ns, Total: 105441 ns
[2020-09-11T15:23:22.054+0000][1][safepoint    ] Safepoint "Cleanup", Time since last: 1000171692 ns, Reaching safepoint: 96315 ns, At safepoint: 8061 ns, Total: 104376 ns
[2020-09-11T15:23:22.628+0000][1][safepoint    ] Safepoint "RevokeBias", Time since last: 573660405 ns, Reaching safepoint: 84034 ns, At safepoint: 21286 ns, Total: 105320 ns
[2020-09-11T15:23:23.293+0000][1][safepoint    ] Safepoint "RevokeBias", Time since last: 665622416 ns, Reaching safepoint: 185868 ns, At safepoint: 22900 ns, Total: 208768 ns
[2020-09-11T15:23:23.302+0000][1][safepoint    ] Safepoint "RevokeBias", Time since last: 8914028 ns, Reaching safepoint: 153818 ns, At safepoint: 24493 ns, Total: 178311 ns
[2020-09-11T15:23:23.303+0000][1][safepoint    ] Safepoint "RevokeBias", Time since last: 698779 ns, Reaching safepoint: 149443 ns, At safepoint: 15927 ns, Total: 165370 ns
[2020-09-11T15:23:23.304+0000][1][safepoint    ] Safepoint "RevokeBias", Time since last: 131144 ns, Reaching safepoint: 154230 ns, At safepoint: 14597 ns, Total: 168827 ns
[2020-09-11T15:23:23.305+0000][1][safepoint    ] Safepoint "RevokeBias", Time since last: 51938 ns, Reaching safepoint: 969791 ns, At safepoint: 19399 ns, Total: 989190 ns
[2020-09-11T15:23:23.311+0000][1][safepoint    ] Safepoint "RevokeBias", Time since last: 6087456 ns, Reaching safepoint: 179275 ns, At safepoint: 22271 ns, Total: 201546 ns
[2020-09-11T15:23:24.311+0000][1][safepoint    ] Safepoint "Cleanup", Time since last: 1000181869 ns, Reaching safepoint: 105741 ns, At safepoint: 7210 ns, Total: 112951 ns
[2020-09-11T15:23:25.312+0000][1][safepoint    ] Safepoint "Cleanup", Time since last: 1000252525 ns, Reaching safepoint: 71953 ns, At safepoint: 6989 ns, Total: 78942 ns
[2020-09-11T15:23:25.446+0000][1][safepoint    ] Safepoint "RevokeBias", Time since last: 134078311 ns, Reaching safepoint: 68512 ns, At safepoint: 20618 ns, Total: 89130 ns
[2020-09-11T15:23:25.446+0000][1][safepoint    ] Safepoint "RevokeBias", Time since last: 61513 ns, Reaching safepoint: 24127 ns, At safepoint: 10563 ns, Total: 34690 ns
[2020-09-11T15:23:25.446+0000][1][safepoint    ] Safepoint "RevokeBias", Time since last: 31344 ns, Reaching safepoint: 23137 ns, At safepoint: 9102 ns, Total: 32239 ns
[2020-09-11T15:23:25.456+0000][1][safepoint    ] Safepoint "RevokeBias", Time since last: 9536609 ns, Reaching safepoint: 147348 ns, At safepoint: 22207 ns, Total: 169555 ns
[2020-09-11T15:23:26.456+0000][1][safepoint    ] Safepoint "Cleanup", Time since last: 1000177265 ns, Reaching safepoint: 99821 ns, At safepoint: 6983 ns, Total: 106804 ns
[2020-09-11T15:23:27.041+0000][1][safepoint    ] Safepoint "RevokeBias", Time since last: 584749581 ns, Reaching safepoint: 146013 ns, At safepoint: 20582 ns, Total: 166595 ns
[2020-09-11T15:23:28.041+0000][1][safepoint    ] Safepoint "Cleanup", Time since last: 1000210765 ns, Reaching safepoint: 105156 ns, At safepoint: 7166 ns, Total: 112322 ns
[2020-09-11T15:23:29.041+0000][1][safepoint    ] Safepoint "Cleanup", Time since last: 1000183106 ns, Reaching safepoint: 135117 ns, At safepoint: 18168 ns, Total: 153285 ns
[2020-09-11T15:23:30.042+0000][1][safepoint    ] Safepoint "Cleanup", Time since last: 1000262455 ns, Reaching safepoint: 94832 ns, At safepoint: 7543 ns, Total: 102375 ns
[2020-09-11T15:23:31.042+0000][1][safepoint    ] Safepoint "Cleanup", Time since last: 1000145522 ns, Reaching safepoint: 133887 ns, At safepoint: 17881 ns, Total: 151768 ns
[2020-09-11T15:23:32.042+0000][1][safepoint    ] Safepoint "Cleanup", Time since last: 1000236832 ns, Reaching safepoint: 113307 ns, At safepoint: 7788 ns, Total: 121095 ns
[2020-09-11T15:23:32.662+0000][1][safepoint    ] Safepoint "BulkRevokeBias", Time since last: 619558556 ns, Reaching safepoint: 85944 ns, At safepoint: 190651 ns, Total: 276595 ns
[2020-09-11T15:23:33.322+0000][1][safepoint    ] Safepoint "RevokeBias", Time since last: 659774545 ns, Reaching safepoint: 65986 ns, At safepoint: 21078 ns, Total: 87064 ns
[2020-09-11T15:23:33.323+0000][1][gc,start     ] GC(104) Pause Young (Allocation Failure)
[2020-09-11T15:23:33.323+0000][1][gc,task      ] GC(104) Using 1 workers of 1 for evacuation
[2020-09-11T15:23:33.339+0000][1][gc,age       ] GC(104) Desired survivor size 4358144 bytes, new threshold 6 (max threshold 6)
[2020-09-11T15:23:33.339+0000][1][gc,age       ] GC(104) Age table with threshold 6 (max threshold 6)
[2020-09-11T15:23:33.339+0000][1][gc,age       ] GC(104) - age   1:    2159216 bytes,    2159216 total
[2020-09-11T15:23:33.339+0000][1][gc,age       ] GC(104) - age   2:      42600 bytes,    2201816 total
[2020-09-11T15:23:33.339+0000][1][gc,age       ] GC(104) - age   3:       3056 bytes,    2204872 total
[2020-09-11T15:23:33.339+0000][1][gc,age       ] GC(104) - age   4:      15208 bytes,    2220080 total
[2020-09-11T15:23:33.339+0000][1][gc,age       ] GC(104) - age   5:       3760 bytes,    2223840 total
[2020-09-11T15:23:33.339+0000][1][gc,age       ] GC(104) - age   6:       7424 bytes,    2231264 total
[2020-09-11T15:23:33.339+0000][1][gc,heap      ] GC(104) ParNew: 69705K->2595K(76672K)
[2020-09-11T15:23:33.339+0000][1][gc,heap      ] GC(104) CMS: 106103K->106359K(2011968K)
[2020-09-11T15:23:33.339+0000][1][gc,metaspace ] GC(104) Metaspace: 91973K->91973K(1134592K)
[2020-09-11T15:23:33.339+0000][1][gc           ] GC(104) Pause Young (Allocation Failure) 171M->106M(2039M) 16.315ms
[2020-09-11T15:23:33.340+0000][1][gc,cpu       ] GC(104) User=0.01s Sys=0.00s Real=0.02s
[2020-09-11T15:23:33.345+0000][1][safepoint    ] Safepoint "GenCollectForAllocation", Time since last: 821171 ns, Reaching safepoint: 173753 ns, At safepoint: 21405061 ns, Total: 21578814 ns
[2020-09-11T15:23:33.353+0000][1][safepoint    ] Safepoint "RevokeBias", Time since last: 8018140 ns, Reaching safepoint: 330076 ns, At safepoint: 23215 ns, Total: 353291 ns
[2020-09-11T15:23:33.353+0000][1][safepoint    ] Safepoint "RevokeBias", Time since last: 141045 ns, Reaching safepoint: 172864 ns, At safepoint: 13868 ns, Total: 186732 ns
[2020-09-11T15:23:33.354+0000][1][safepoint    ] Safepoint "RevokeBias", Time since last: 100520 ns, Reaching safepoint: 144047 ns, At safepoint: 14444 ns, Total: 158491 ns
[2020-09-11T15:23:33.354+0000][1][safepoint    ] Safepoint "RevokeBias", Time since last: 52774 ns, Reaching safepoint: 240421 ns, At safepoint: 14075 ns, Total: 254496 ns
[2020-09-11T15:23:33.360+0000][1][safepoint    ] Safepoint "RevokeBias", Time since last: 6089279 ns, Reaching safepoint: 179667 ns, At safepoint: 21403 ns, Total: 201070 ns
[2020-09-11T15:23:34.360+0000][1][safepoint    ] Safepoint "Cleanup", Time since last: 1000126055 ns, Reaching safepoint: 118743 ns, At safepoint: 6963 ns, Total: 125706 ns
[2020-09-11T15:23:35.361+0000][1][safepoint    ] Safepoint "Cleanup", Time since last: 1000209518 ns, Reaching safepoint: 72573 ns, At safepoint: 6444 ns, Total: 79017 ns
[2020-09-11T15:23:35.849+0000][1][safepoint    ] Safepoint "RevokeBias", Time since last: 488232217 ns, Reaching safepoint: 190230 ns, At safepoint: 20236 ns, Total: 210466 ns
[2020-09-11T15:23:35.849+0000][1][safepoint    ] Safepoint "RevokeBias", Time since last: 64116 ns, Reaching safepoint: 114633 ns, At safepoint: 12709 ns, Total: 127342 ns
[2020-09-11T15:23:35.849+0000][1][safepoint    ] Safepoint "RevokeBias", Time since last: 32095 ns, Reaching safepoint: 113692 ns, At safepoint: 11339 ns, Total: 125031 ns
[2020-09-11T15:23:35.850+0000][1][safepoint    ] Safepoint "RevokeBias", Time since last: 30605 ns, Reaching safepoint: 112587 ns, At safepoint: 11127 ns, Total: 123714 ns
[2020-09-11T15:23:35.865+0000][1][safepoint    ] Safepoint "RevokeBias", Time since last: 9522911 ns, Reaching safepoint: 6249778 ns, At safepoint: 30115 ns, Total: 6279893 ns
[2020-09-11T15:23:36.866+0000][1][safepoint    ] Safepoint "Cleanup", Time since last: 1000179938 ns, Reaching safepoint: 111070 ns, At safepoint: 6707 ns, Total: 117777 ns
[2020-09-11T15:23:37.041+0000][1][safepoint    ] Safepoint "RevokeBias", Time since last: 175162592 ns, Reaching safepoint: 150056 ns, At safepoint: 21367 ns, Total: 171423 ns
[2020-09-11T15:23:38.041+0000][1][safepoint    ] Safepoint "Cleanup", Time since last: 1000157962 ns, Reaching safepoint: 147174 ns, At safepoint: 17189 ns, Total: 164363 ns
[2020-09-11T15:23:42.042+0000][1][safepoint    ] Safepoint "Cleanup", Time since last: 4000584301 ns, Reaching safepoint: 106905 ns, At safepoint: 7797 ns, Total: 114702 ns
[2020-09-11T15:23:42.612+0000][1][safepoint    ] Safepoint "RevokeBias", Time since last: 569851341 ns, Reaching safepoint: 86537 ns, At safepoint: 21433 ns, Total: 107970 ns
[2020-09-11T15:23:43.371+0000][1][safepoint    ] Safepoint "RevokeBias", Time since last: 758719373 ns, Reaching safepoint: 65177 ns, At safepoint: 20367 ns, Total: 85544 ns
[2020-09-11T15:23:43.376+0000][1][safepoint    ] Safepoint "RevokeBias", Time since last: 5301886 ns, Reaching safepoint: 234231 ns, At safepoint: 19926 ns, Total: 254157 ns
[2020-09-11T15:23:43.377+0000][1][safepoint    ] Safepoint "RevokeBias", Time since last: 360373 ns, Reaching safepoint: 151280 ns, At safepoint: 11936 ns, Total: 163216 ns
[2020-09-11T15:23:43.377+0000][1][safepoint    ] Safepoint "RevokeBias", Time since last: 101350 ns, Reaching safepoint: 154618 ns, At safepoint: 11084 ns, Total: 165702 ns
[2020-09-11T15:23:43.377+0000][1][safepoint    ] Safepoint "RevokeBias", Time since last: 46569 ns, Reaching safepoint: 146882 ns, At safepoint: 10708 ns, Total: 157590 ns
[2020-09-11T15:23:43.382+0000][1][safepoint    ] Safepoint "RevokeBias", Time since last: 4523246 ns, Reaching safepoint: 168171 ns, At safepoint: 19756 ns, Total: 187927 ns
[2020-09-11T15:23:44.382+0000][1][safepoint    ] Safepoint "Cleanup", Time since last: 1000146959 ns, Reaching safepoint: 110396 ns, At safepoint: 7090 ns, Total: 117486 ns
[2020-09-11T15:23:46.257+0000][1][safepoint    ] Safepoint "RevokeBias", Time since last: 1874156940 ns, Reaching safepoint: 65992 ns, At safepoint: 19271 ns, Total: 85263 ns
[2020-09-11T15:23:46.257+0000][1][safepoint    ] Safepoint "RevokeBias", Time since last: 578395 ns, Reaching safepoint: 37437 ns, At safepoint: 12237 ns, Total: 49674 ns
[2020-09-11T15:23:46.257+0000][1][safepoint    ] Safepoint "RevokeBias", Time since last: 34276 ns, Reaching safepoint: 23523 ns, At safepoint: 9080 ns, Total: 32603 ns
[2020-09-11T15:23:46.257+0000][1][safepoint    ] Safepoint "RevokeBias", Time since last: 26931 ns, Reaching safepoint: 22084 ns, At safepoint: 8806 ns, Total: 30890 ns
[2020-09-11T15:23:46.257+0000][1][safepoint    ] Safepoint "RevokeBias", Time since last: 25485 ns, Reaching safepoint: 22146 ns, At safepoint: 8569 ns, Total: 30715 ns
[2020-09-11T15:23:46.276+0000][1][safepoint    ] Safepoint "RevokeBias", Time since last: 16562047 ns, Reaching safepoint: 1507790 ns, At safepoint: 24489 ns, Total: 1532279 ns
[2020-09-11T15:23:47.041+0000][1][safepoint    ] Safepoint "RevokeBias", Time since last: 765342772 ns, Reaching safepoint: 152746 ns, At safepoint: 21593 ns, Total: 174339 ns
[2020-09-11T15:23:48.041+0000][1][safepoint    ] Safepoint "Cleanup", Time since last: 1000175482 ns, Reaching safepoint: 161246 ns, At safepoint: 17974 ns, Total: 179220 ns
[2020-09-11T15:23:50.362+0000][1][gc,start     ] GC(105) Pause Young (Allocation Failure)
[2020-09-11T15:23:50.362+0000][1][gc,task      ] GC(105) Using 1 workers of 1 for evacuation
[2020-09-11T15:23:50.378+0000][1][gc,age       ] GC(105) Desired survivor size 4358144 bytes, new threshold 6 (max threshold 6)
[2020-09-11T15:23:50.378+0000][1][gc,age       ] GC(105) Age table with threshold 6 (max threshold 6)
[2020-09-11T15:23:50.378+0000][1][gc,age       ] GC(105) - age   1:     167808 bytes,     167808 total
[2020-09-11T15:23:50.378+0000][1][gc,age       ] GC(105) - age   2:     133584 bytes,     301392 total
[2020-09-11T15:23:50.378+0000][1][gc,age       ] GC(105) - age   3:      32608 bytes,     334000 total
[2020-09-11T15:23:50.378+0000][1][gc,age       ] GC(105) - age   4:       2672 bytes,     336672 total
[2020-09-11T15:23:50.378+0000][1][gc,age       ] GC(105) - age   5:      10224 bytes,     346896 total
[2020-09-11T15:23:50.378+0000][1][gc,age       ] GC(105) - age   6:       3504 bytes,     350400 total
[2020-09-11T15:23:50.378+0000][1][gc,heap      ] GC(105) ParNew: 70755K->1850K(76672K)
[2020-09-11T15:23:50.378+0000][1][gc,heap      ] GC(105) CMS: 106359K->106366K(2011968K)
[2020-09-11T15:23:50.378+0000][1][gc,metaspace ] GC(105) Metaspace: 92078K->92078K(1134592K)
[2020-09-11T15:23:50.378+0000][1][gc           ] GC(105) Pause Young (Allocation Failure) 172M->105M(2039M) 16.323ms
[2020-09-11T15:23:50.378+0000][1][gc,cpu       ] GC(105) User=0.01s Sys=0.00s Real=0.02s
[2020-09-11T15:23:50.379+0000][1][safepoint    ] Safepoint "GenCollectForAllocation", Time since last: 2320552742 ns, Reaching safepoint: 191629 ns, At safepoint: 16418323 ns, Total: 16609952 ns
[2020-09-11T15:23:51.382+0000][1][safepoint    ] Safepoint "Cleanup", Time since last: 1003698984 ns, Reaching safepoint: 99285 ns, At safepoint: 6985 ns, Total: 106270 ns
[2020-09-11T15:23:52.383+0000][1][safepoint    ] Safepoint "Cleanup", Time since last: 1000174166 ns, Reaching safepoint: 160795 ns, At safepoint: 14881 ns, Total: 175676 ns
[2020-09-11T15:23:52.630+0000][1][safepoint    ] Safepoint "RevokeBias", Time since last: 247169023 ns, Reaching safepoint: 85388 ns, At safepoint: 21799 ns, Total: 107187 ns
[2020-09-11T15:23:53.392+0000][1][safepoint    ] Safepoint "RevokeBias", Time since last: 761347541 ns, Reaching safepoint: 169880 ns, At safepoint: 46674 ns, Total: 216554 ns
[2020-09-11T15:23:53.407+0000][1][safepoint    ] Safepoint "RevokeBias", Time since last: 15193759 ns, Reaching safepoint: 137757 ns, At safepoint: 23446 ns, Total: 161203 ns
[2020-09-11T15:23:53.407+0000][1][safepoint    ] Safepoint "RevokeBias", Time since last: 159343 ns, Reaching safepoint: 94485 ns, At safepoint: 12817 ns, Total: 107302 ns
[2020-09-11T15:23:53.407+0000][1][safepoint    ] Safepoint "RevokeBias", Time since last: 100714 ns, Reaching safepoint: 99919 ns, At safepoint: 60039 ns, Total: 159958 ns
[2020-09-11T15:23:53.408+0000][1][safepoint    ] Safepoint "RevokeBias", Time since last: 61112 ns, Reaching safepoint: 95613 ns, At safepoint: 11368 ns, Total: 106981 ns
[2020-09-11T15:23:53.417+0000][1][safepoint    ] Safepoint "BulkRevokeBias", Time since last: 9161238 ns, Reaching safepoint: 177448 ns, At safepoint: 168846 ns, Total: 346294 ns
[2020-09-11T15:23:53.418+0000][1][safepoint    ] Safepoint "BulkRevokeBias", Time since last: 919599 ns, Reaching safepoint: 150596 ns, At safepoint: 129434 ns, Total: 280030 ns
[2020-09-11T15:23:54.419+0000][1][safepoint    ] Safepoint "Cleanup", Time since last: 1000210157 ns, Reaching safepoint: 88848 ns, At safepoint: 9595 ns, Total: 98443 ns
[2020-09-11T15:23:55.419+0000][1][safepoint    ] Safepoint "Cleanup", Time since last: 1000240582 ns, Reaching safepoint: 81737 ns, At safepoint: 8829 ns, Total: 90566 ns
[2020-09-11T15:23:56.419+0000][1][safepoint    ] Safepoint "Cleanup", Time since last: 1000151223 ns, Reaching safepoint: 140850 ns, At safepoint: 16802 ns, Total: 157652 ns
[2020-09-11T15:23:56.800+0000][1][safepoint    ] Safepoint "RevokeBias", Time since last: 380740757 ns, Reaching safepoint: 210210 ns, At safepoint: 20508 ns, Total: 230718 ns
[2020-09-11T15:23:56.800+0000][1][safepoint    ] Safepoint "RevokeBias", Time since last: 59200 ns, Reaching safepoint: 114784 ns, At safepoint: 13382 ns, Total: 128166 ns
[2020-09-11T15:23:56.801+0000][1][safepoint    ] Safepoint "RevokeBias", Time since last: 31528 ns, Reaching safepoint: 122277 ns, At safepoint: 11910 ns, Total: 134187 ns
[2020-09-11T15:23:56.801+0000][1][safepoint    ] Safepoint "RevokeBias", Time since last: 30490 ns, Reaching safepoint: 113724 ns, At safepoint: 12578 ns, Total: 126302 ns
[2020-09-11T15:23:56.801+0000][1][safepoint    ] Safepoint "RevokeBias", Time since last: 30083 ns, Reaching safepoint: 112783 ns, At safepoint: 11448 ns, Total: 124231 ns
[2020-09-11T15:23:56.801+0000][1][safepoint    ] Safepoint "BulkRevokeBias", Time since last: 29763 ns, Reaching safepoint: 112488 ns, At safepoint: 343556 ns, Total: 456044 ns
[2020-09-11T15:23:56.829+0000][1][safepoint    ] Safepoint "RevokeBias", Time since last: 27146533 ns, Reaching safepoint: 82291 ns, At safepoint: 21893 ns, Total: 104184 ns
[2020-09-11T15:23:57.041+0000][1][safepoint    ] Safepoint "RevokeBias", Time since last: 212483615 ns, Reaching safepoint: 77557 ns, At safepoint: 19662 ns, Total: 97219 ns
[2020-09-11T15:23:58.041+0000][1][safepoint    ] Safepoint "Cleanup", Time since last: 1000131819 ns, Reaching safepoint: 80816 ns, At safepoint: 7283 ns, Total: 88099 ns
[2020-09-11T15:23:59.042+0000][1][safepoint    ] Safepoint "Cleanup", Time since last: 1000132661 ns, Reaching safepoint: 135491 ns, At safepoint: 14553 ns, Total: 150044 ns
[2020-09-11T15:24:00.789+0000][1][safepoint    ] Safepoint "Cleanup", Time since last: 1746637613 ns, Reaching safepoint: 158670 ns, At safepoint: 7598 ns, Total: 166268 ns
[2020-09-11T15:24:01.789+0000][1][safepoint    ] Safepoint "Cleanup", Time since last: 1000190933 ns, Reaching safepoint: 104542 ns, At safepoint: 8203 ns, Total: 112745 ns
[2020-09-11T15:24:02.616+0000][1][safepoint    ] Safepoint "RevokeBias", Time since last: 827234689 ns, Reaching safepoint: 187557 ns, At safepoint: 22773 ns, Total: 210330 ns
[2020-09-11T15:24:03.424+0000][1][safepoint    ] Safepoint "RevokeBias", Time since last: 807660594 ns, Reaching safepoint: 92154 ns, At safepoint: 22401 ns, Total: 114555 ns
[2020-09-11T15:24:03.431+0000][1][safepoint    ] Safepoint "RevokeBias", Time since last: 7051864 ns, Reaching safepoint: 174923 ns, At safepoint: 20385 ns, Total: 195308 ns
[2020-09-11T15:24:03.432+0000][1][safepoint    ] Safepoint "RevokeBias", Time since last: 149469 ns, Reaching safepoint: 144079 ns, At safepoint: 13124 ns, Total: 157203 ns
[2020-09-11T15:24:03.432+0000][1][safepoint    ] Safepoint "RevokeBias", Time since last: 150778 ns, Reaching safepoint: 147417 ns, At safepoint: 12208 ns, Total: 159625 ns
[2020-09-11T15:24:03.432+0000][1][safepoint    ] Safepoint "RevokeBias", Time since last: 45465 ns, Reaching safepoint: 143946 ns, At safepoint: 12577 ns, Total: 156523 ns
[2020-09-11T15:24:03.437+0000][1][safepoint    ] Safepoint "RevokeBias", Time since last: 5059964 ns, Reaching safepoint: 173163 ns, At safepoint: 19522 ns, Total: 192685 ns
[2020-09-11T15:24:03.439+0000][1][gc,start     ] GC(106) Pause Young (Allocation Failure)
[2020-09-11T15:24:03.439+0000][1][gc,task      ] GC(106) Using 1 workers of 1 for evacuation
[2020-09-11T15:24:03.453+0000][1][gc,age       ] GC(106) Desired survivor size 4358144 bytes, new threshold 6 (max threshold 6)
[2020-09-11T15:24:03.453+0000][1][gc,age       ] GC(106) Age table with threshold 6 (max threshold 6)
[2020-09-11T15:24:03.453+0000][1][gc,age       ] GC(106) - age   1:     117824 bytes,     117824 total
[2020-09-11T15:24:03.453+0000][1][gc,age       ] GC(106) - age   2:     132176 bytes,     250000 total
[2020-09-11T15:24:03.453+0000][1][gc,age       ] GC(106) - age   3:     124768 bytes,     374768 total
[2020-09-11T15:24:03.453+0000][1][gc,age       ] GC(106) - age   4:      32608 bytes,     407376 total
[2020-09-11T15:24:03.453+0000][1][gc,age       ] GC(106) - age   5:       1400 bytes,     408776 total
[2020-09-11T15:24:03.453+0000][1][gc,age       ] GC(106) - age   6:      10192 bytes,     418968 total
[2020-09-11T15:24:03.453+0000][1][gc,heap      ] GC(106) ParNew: 70010K->526K(76672K)
[2020-09-11T15:24:03.453+0000][1][gc,heap      ] GC(106) CMS: 106366K->106370K(2011968K)
[2020-09-11T15:24:03.453+0000][1][gc,metaspace ] GC(106) Metaspace: 92156K->92156K(1134592K)
[2020-09-11T15:24:03.453+0000][1][gc           ] GC(106) Pause Young (Allocation Failure) 172M->104M(2039M) 14.537ms
[2020-09-11T15:24:03.453+0000][1][gc,cpu       ] GC(106) User=0.02s Sys=0.00s Real=0.01s
[2020-09-11T15:24:03.453+0000][1][safepoint    ] Safepoint "GenCollectForAllocation", Time since last: 1262418 ns, Reaching safepoint: 155469 ns, At safepoint: 14605178 ns, Total: 14760647 ns
[2020-09-11T15:24:04.457+0000][1][safepoint    ] Safepoint "Cleanup", Time since last: 1003383084 ns, Reaching safepoint: 140904 ns, At safepoint: 50913 ns, Total: 191817 ns
[2020-09-11T15:24:05.457+0000][1][safepoint    ] Safepoint "Cleanup", Time since last: 1000223948 ns, Reaching safepoint: 97149 ns, At safepoint: 16742 ns, Total: 113891 ns
[2020-09-11T15:24:06.458+0000][1][safepoint    ] Safepoint "Cleanup", Time since last: 1000183206 ns, Reaching safepoint: 109280 ns, At safepoint: 7208 ns, Total: 116488 ns
[2020-09-11T15:24:07.043+0000][1][safepoint    ] Safepoint "RevokeBias", Time since last: 585363598 ns, Reaching safepoint: 245968 ns, At safepoint: 45945 ns, Total: 291913 ns
[2020-09-11T15:24:07.227+0000][1][safepoint    ] Safepoint "RevokeBias", Time since last: 183284893 ns, Reaching safepoint: 194651 ns, At safepoint: 20686 ns, Total: 215337 ns
[2020-09-11T15:24:07.227+0000][1][safepoint    ] Safepoint "RevokeBias", Time since last: 61857 ns, Reaching safepoint: 116390 ns, At safepoint: 13361 ns, Total: 129751 ns
[2020-09-11T15:24:07.227+0000][1][safepoint    ] Safepoint "RevokeBias", Time since last: 31836 ns, Reaching safepoint: 113773 ns, At safepoint: 11715 ns, Total: 125488 ns
[2020-09-11T15:24:07.227+0000][1][safepoint    ] Safepoint "RevokeBias", Time since last: 30625 ns, Reaching safepoint: 112689 ns, At safepoint: 11439 ns, Total: 124128 ns
[2020-09-11T15:24:07.227+0000][1][safepoint    ] Safepoint "RevokeBias", Time since last: 29770 ns, Reaching safepoint: 134304 ns, At safepoint: 11518 ns, Total: 145822 ns
[2020-09-11T15:24:07.228+0000][1][safepoint    ] Safepoint "RevokeBias", Time since last: 30940 ns, Reaching safepoint: 111639 ns, At safepoint: 11805 ns, Total: 123444 ns
[2020-09-11T15:24:07.228+0000][1][safepoint    ] Safepoint "RevokeBias", Time since last: 29373 ns, Reaching safepoint: 111635 ns, At safepoint: 11279 ns, Total: 122914 ns
[2020-09-11T15:24:07.246+0000][1][safepoint    ] Safepoint "RevokeBias", Time since last: 17196562 ns, Reaching safepoint: 933174 ns, At safepoint: 22883 ns, Total: 956057 ns
[2020-09-11T15:24:08.246+0000][1][safepoint    ] Safepoint "Cleanup", Time since last: 1000170555 ns, Reaching safepoint: 111357 ns, At safepoint: 7777 ns, Total: 119134 ns
[2020-09-11T15:24:09.247+0000][1][safepoint    ] Safepoint "Cleanup", Time since last: 1000186919 ns, Reaching safepoint: 134428 ns, At safepoint: 18092 ns, Total: 152520 ns
[2020-09-11T15:24:10.247+0000][1][safepoint    ] Safepoint "Cleanup", Time since last: 1000218885 ns, Reaching safepoint: 132420 ns, At safepoint: 17467 ns, Total: 149887 ns
[2020-09-11T15:24:11.247+0000][1][safepoint    ] Safepoint "Cleanup", Time since last: 1000203736 ns, Reaching safepoint: 146286 ns, At safepoint: 19187 ns, Total: 165473 ns
[2020-09-11T15:24:12.248+0000][1][safepoint    ] Safepoint "Cleanup", Time since last: 1000184743 ns, Reaching safepoint: 134178 ns, At safepoint: 17771 ns, Total: 151949 ns
[2020-09-11T15:24:12.614+0000][1][safepoint    ] Safepoint "RevokeBias", Time since last: 366699868 ns, Reaching safepoint: 79359 ns, At safepoint: 21783 ns, Total: 101142 ns
[2020-09-11T15:24:13.458+0000][1][safepoint    ] Safepoint "RevokeBias", Time since last: 843455448 ns, Reaching safepoint: 191672 ns, At safepoint: 21094 ns, Total: 212766 ns
[2020-09-11T15:24:13.468+0000][1][safepoint    ] Safepoint "RevokeBias", Time since last: 9403735 ns, Reaching safepoint: 182062 ns, At safepoint: 20056 ns, Total: 202118 ns
[2020-09-11T15:24:13.468+0000][1][safepoint    ] Safepoint "BulkRevokeBias", Time since last: 130977 ns, Reaching safepoint: 145817 ns, At safepoint: 174352 ns, Total: 320169 ns
[2020-09-11T15:24:13.468+0000][1][safepoint    ] Safepoint "RevokeBias", Time since last: 93059 ns, Reaching safepoint: 154004 ns, At safepoint: 12018 ns, Total: 166022 ns
[2020-09-11T15:24:13.469+0000][1][safepoint    ] Safepoint "RevokeBias", Time since last: 45997 ns, Reaching safepoint: 143750 ns, At safepoint: 13411 ns, Total: 157161 ns
[2020-09-11T15:24:13.476+0000][1][safepoint    ] Safepoint "RevokeBias", Time since last: 7572515 ns, Reaching safepoint: 135344 ns, At safepoint: 21841 ns, Total: 157185 ns
[2020-09-11T15:24:14.477+0000][1][safepoint    ] Safepoint "Cleanup", Time since last: 1000165937 ns, Reaching safepoint: 93627 ns, At safepoint: 7563 ns, Total: 101190 ns
[2020-09-11T15:24:15.477+0000][1][safepoint    ] Safepoint "Cleanup", Time since last: 1000117310 ns, Reaching safepoint: 122636 ns, At safepoint: 5585 ns, Total: 128221 ns
[2020-09-11T15:24:16.477+0000][1][safepoint    ] Safepoint "Cleanup", Time since last: 1000160556 ns, Reaching safepoint: 104564 ns, At safepoint: 7093 ns, Total: 111657 ns
[2020-09-11T15:24:17.042+0000][1][safepoint    ] Safepoint "RevokeBias", Time since last: 564543387 ns, Reaching safepoint: 74051 ns, At safepoint: 20551 ns, Total: 94602 ns
[2020-09-11T15:24:17.680+0000][1][safepoint    ] Safepoint "RevokeBias", Time since last: 637745271 ns, Reaching safepoint: 142412 ns, At safepoint: 21095 ns, Total: 163507 ns
[2020-09-11T15:24:17.682+0000][1][safepoint    ] Safepoint "RevokeBias", Time since last: 1057420 ns, Reaching safepoint: 1182590 ns, At safepoint: 25623 ns, Total: 1208213 ns
[2020-09-11T15:24:17.682+0000][1][safepoint    ] Safepoint "RevokeBias", Time since last: 72446 ns, Reaching safepoint: 101480 ns, At safepoint: 13031 ns, Total: 114511 ns
[2020-09-11T15:24:17.682+0000][1][safepoint    ] Safepoint "RevokeBias", Time since last: 32123 ns, Reaching safepoint: 97822 ns, At safepoint: 11722 ns, Total: 109544 ns
[2020-09-11T15:24:17.682+0000][1][safepoint    ] Safepoint "RevokeBias", Time since last: 30926 ns, Reaching safepoint: 97091 ns, At safepoint: 12953 ns, Total: 110044 ns
[2020-09-11T15:24:17.682+0000][1][safepoint    ] Safepoint "RevokeBias", Time since last: 29873 ns, Reaching safepoint: 96618 ns, At safepoint: 12404 ns, Total: 109022 ns
[2020-09-11T15:24:17.683+0000][1][safepoint    ] Safepoint "RevokeBias", Time since last: 44367 ns, Reaching safepoint: 96614 ns, At safepoint: 12359 ns, Total: 108973 ns
[2020-09-11T15:24:17.683+0000][1][safepoint    ] Safepoint "RevokeBias", Time since last: 29633 ns, Reaching safepoint: 158769 ns, At safepoint: 10943 ns, Total: 169712 ns
[2020-09-11T15:24:17.689+0000][1][safepoint    ] Safepoint "BulkRevokeBias", Time since last: 2480188 ns, Reaching safepoint: 3232170 ns, At safepoint: 179150 ns, Total: 3411320 ns
[2020-09-11T15:24:18.689+0000][1][safepoint    ] Safepoint "Cleanup", Time since last: 1000172353 ns, Reaching safepoint: 142430 ns, At safepoint: 16915 ns, Total: 159345 ns
[2020-09-11T15:24:19.689+0000][1][safepoint    ] Safepoint "Cleanup", Time since last: 1000189653 ns, Reaching safepoint: 130723 ns, At safepoint: 15232 ns, Total: 145955 ns
[2020-09-11T15:24:20.690+0000][1][safepoint    ] Safepoint "Cleanup", Time since last: 1000219202 ns, Reaching safepoint: 126316 ns, At safepoint: 17217 ns, Total: 143533 ns
[2020-09-11T15:24:21.690+0000][1][safepoint    ] Safepoint "Cleanup", Time since last: 1000251944 ns, Reaching safepoint: 146950 ns, At safepoint: 19007 ns, Total: 165957 ns
[2020-09-11T15:24:22.615+0000][1][safepoint    ] Safepoint "RevokeBias", Time since last: 924707473 ns, Reaching safepoint: 82357 ns, At safepoint: 23343 ns, Total: 105700 ns
[2020-09-11T15:24:23.489+0000][1][gc,start     ] GC(107) Pause Young (Allocation Failure)
[2020-09-11T15:24:23.490+0000][1][gc,task      ] GC(107) Using 1 workers of 1 for evacuation
[2020-09-11T15:24:23.508+0000][1][gc,age       ] GC(107) Desired survivor size 4358144 bytes, new threshold 6 (max threshold 6)
[2020-09-11T15:24:23.508+0000][1][gc,age       ] GC(107) Age table with threshold 6 (max threshold 6)
[2020-09-11T15:24:23.508+0000][1][gc,age       ] GC(107) - age   1:    2204512 bytes,    2204512 total
[2020-09-11T15:24:23.508+0000][1][gc,age       ] GC(107) - age   2:      75216 bytes,    2279728 total
[2020-09-11T15:24:23.508+0000][1][gc,age       ] GC(107) - age   3:     118984 bytes,    2398712 total
[2020-09-11T15:24:23.508+0000][1][gc,age       ] GC(107) - age   4:     123480 bytes,    2522192 total
[2020-09-11T15:24:23.508+0000][1][gc,age       ] GC(107) - age   5:      32608 bytes,    2554800 total
[2020-09-11T15:24:23.508+0000][1][gc,age       ] GC(107) - age   6:       1400 bytes,    2556200 total
[2020-09-11T15:24:23.508+0000][1][gc,heap      ] GC(107) ParNew: 68454K->2704K(76672K)
[2020-09-11T15:24:23.508+0000][1][gc,heap      ] GC(107) CMS: 106370K->106380K(2011968K)
[2020-09-11T15:24:23.508+0000][1][gc,metaspace ] GC(107) Metaspace: 92265K->92265K(1134592K)
[2020-09-11T15:24:23.508+0000][1][gc           ] GC(107) Pause Young (Allocation Failure) 170M->106M(2039M) 18.754ms
[2020-09-11T15:24:23.508+0000][1][gc,cpu       ] GC(107) User=0.02s Sys=0.00s Real=0.02s
[2020-09-11T15:24:23.508+0000][1][safepoint    ] Safepoint "GenCollectForAllocation", Time since last: 874099051 ns, Reaching safepoint: 249619 ns, At safepoint: 18842553 ns, Total: 19092172 ns
[2020-09-11T15:24:23.512+0000][1][safepoint    ] Safepoint "RevokeBias", Time since last: 3970510 ns, Reaching safepoint: 82138 ns, At safepoint: 32697 ns, Total: 114835 ns
[2020-09-11T15:24:23.512+0000][1][safepoint    ] Safepoint "RevokeBias", Time since last: 134556 ns, Reaching safepoint: 45869 ns, At safepoint: 24081 ns, Total: 69950 ns
[2020-09-11T15:24:23.513+0000][1][safepoint    ] Safepoint "RevokeBias", Time since last: 94287 ns, Reaching safepoint: 44437 ns, At safepoint: 21837 ns, Total: 66274 ns
[2020-09-11T15:24:23.513+0000][1][safepoint    ] Safepoint "RevokeBias", Time since last: 41520 ns, Reaching safepoint: 34620 ns, At safepoint: 19654 ns, Total: 54274 ns
[2020-09-11T15:24:23.525+0000][1][safepoint    ] Safepoint "RevokeBias", Time since last: 12236067 ns, Reaching safepoint: 180991 ns, At safepoint: 31806 ns, Total: 212797 ns
[2020-09-11T15:24:24.526+0000][1][safepoint    ] Safepoint "Cleanup", Time since last: 1000189241 ns, Reaching safepoint: 140459 ns, At safepoint: 17664 ns, Total: 158123 ns
[2020-09-11T15:24:25.526+0000][1][safepoint    ] Safepoint "Cleanup", Time since last: 1000264908 ns, Reaching safepoint: 93382 ns, At safepoint: 6681 ns, Total: 100063 ns
[2020-09-11T15:24:26.526+0000][1][safepoint    ] Safepoint "Cleanup", Time since last: 1000183067 ns, Reaching safepoint: 96113 ns, At safepoint: 7598 ns, Total: 103711 ns
[2020-09-11T15:24:27.048+0000][1][safepoint    ] Safepoint "RevokeBias", Time since last: 520002866 ns, Reaching safepoint: 1808964 ns, At safepoint: 21125 ns, Total: 1830089 ns
[2020-09-11T15:24:28.049+0000][1][safepoint    ] Safepoint "Cleanup", Time since last: 1000770188 ns, Reaching safepoint: 95490 ns, At safepoint: 6768 ns, Total: 102258 ns
[2020-09-11T15:24:29.049+0000][1][safepoint    ] Safepoint "Cleanup", Time since last: 1000174856 ns, Reaching safepoint: 170103 ns, At safepoint: 17704 ns, Total: 187807 ns
[2020-09-11T15:24:32.620+0000][1][safepoint    ] Safepoint "RevokeBias", Time since last: 3570348965 ns, Reaching safepoint: 74652 ns, At safepoint: 23004 ns, Total: 97656 ns
[2020-09-11T15:24:33.544+0000][1][safepoint    ] Safepoint "RevokeBias", Time since last: 923705805 ns, Reaching safepoint: 139240 ns, At safepoint: 18719 ns, Total: 157959 ns
[2020-09-11T15:24:33.544+0000][1][safepoint    ] Safepoint "RevokeBias", Time since last: 139434 ns, Reaching safepoint: 24755 ns, At safepoint: 10119 ns, Total: 34874 ns
[2020-09-11T15:24:33.544+0000][1][safepoint    ] Safepoint "RevokeBias", Time since last: 96863 ns, Reaching safepoint: 30013 ns, At safepoint: 10126 ns, Total: 40139 ns
[2020-09-11T15:24:33.544+0000][1][safepoint    ] Safepoint "RevokeBias", Time since last: 42633 ns, Reaching safepoint: 24973 ns, At safepoint: 9593 ns, Total: 34566 ns
[2020-09-11T15:24:33.553+0000][1][safepoint    ] Safepoint "RevokeBias", Time since last: 8522887 ns, Reaching safepoint: 146263 ns, At safepoint: 20948 ns, Total: 167211 ns
[2020-09-11T15:24:34.553+0000][1][safepoint    ] Safepoint "Cleanup", Time since last: 1000167617 ns, Reaching safepoint: 179261 ns, At safepoint: 17310 ns, Total: 196571 ns
[2020-09-11T15:24:36.553+0000][1][safepoint    ] Safepoint "Cleanup", Time since last: 2000349829 ns, Reaching safepoint: 111219 ns, At safepoint: 7325 ns, Total: 118544 ns
[2020-09-11T15:24:37.042+0000][1][safepoint    ] Safepoint "RevokeBias", Time since last: 488537702 ns, Reaching safepoint: 191992 ns, At safepoint: 20740 ns, Total: 212732 ns
[2020-09-11T15:24:38.746+0000][1][gc,start     ] GC(108) Pause Young (Allocation Failure)
[2020-09-11T15:24:38.746+0000][1][gc,task      ] GC(108) Using 1 workers of 1 for evacuation
[2020-09-11T15:24:38.796+0000][1][gc,age       ] GC(108) Desired survivor size 4358144 bytes, new threshold 6 (max threshold 6)
[2020-09-11T15:24:38.796+0000][1][gc,age       ] GC(108) Age table with threshold 6 (max threshold 6)
[2020-09-11T15:24:38.796+0000][1][gc,age       ] GC(108) - age   1:     202992 bytes,     202992 total
[2020-09-11T15:24:38.796+0000][1][gc,age       ] GC(108) - age   2:     115048 bytes,     318040 total
[2020-09-11T15:24:38.796+0000][1][gc,age       ] GC(108) - age   3:      66856 bytes,     384896 total
[2020-09-11T15:24:38.796+0000][1][gc,age       ] GC(108) - age   4:     112136 bytes,     497032 total
[2020-09-11T15:24:38.796+0000][1][gc,age       ] GC(108) - age   5:     122240 bytes,     619272 total
[2020-09-11T15:24:38.796+0000][1][gc,age       ] GC(108) - age   6:      32608 bytes,     651880 total
[2020-09-11T15:24:38.796+0000][1][gc,heap      ] GC(108) ParNew: 70860K->1597K(76672K)
[2020-09-11T15:24:38.796+0000][1][gc,heap      ] GC(108) CMS: 106380K->106381K(2011968K)
[2020-09-11T15:24:38.796+0000][1][gc,metaspace ] GC(108) Metaspace: 92353K->92353K(1134592K)
[2020-09-11T15:24:38.796+0000][1][gc           ] GC(108) Pause Young (Allocation Failure) 173M->105M(2039M) 49.590ms
[2020-09-11T15:24:38.796+0000][1][gc,cpu       ] GC(108) User=0.02s Sys=0.00s Real=0.05s
[2020-09-11T15:24:38.805+0000][1][safepoint    ] Safepoint "GenCollectForAllocation", Time since last: 1702115479 ns, Reaching safepoint: 1764774 ns, At safepoint: 59111944 ns, Total: 60876718 ns
[2020-09-11T15:24:39.806+0000][1][safepoint    ] Safepoint "Cleanup", Time since last: 1000478269 ns, Reaching safepoint: 105610 ns, At safepoint: 19400 ns, Total: 125010 ns
[2020-09-11T15:24:40.806+0000][1][safepoint    ] Safepoint "Cleanup", Time since last: 1000119520 ns, Reaching safepoint: 137028 ns, At safepoint: 15522 ns, Total: 152550 ns
[2020-09-11T15:24:42.619+0000][1][safepoint    ] Safepoint "RevokeBias", Time since last: 1812967874 ns, Reaching safepoint: 88719 ns, At safepoint: 20810 ns, Total: 109529 ns
[2020-09-11T15:24:43.565+0000][1][safepoint    ] Safepoint "RevokeBias", Time since last: 945898823 ns, Reaching safepoint: 147173 ns, At safepoint: 24278 ns, Total: 171451 ns
[2020-09-11T15:24:43.566+0000][1][safepoint    ] Safepoint "RevokeBias", Time since last: 149603 ns, Reaching safepoint: 147182 ns, At safepoint: 12693 ns, Total: 159875 ns
[2020-09-11T15:24:43.566+0000][1][safepoint    ] Safepoint "RevokeBias", Time since last: 108149 ns, Reaching safepoint: 151793 ns, At safepoint: 12214 ns, Total: 164007 ns
[2020-09-11T15:24:43.566+0000][1][safepoint    ] Safepoint "RevokeBias", Time since last: 47563 ns, Reaching safepoint: 144231 ns, At safepoint: 11846 ns, Total: 156077 ns
[2020-09-11T15:24:43.574+0000][1][safepoint    ] Safepoint "RevokeBias", Time since last: 7749871 ns, Reaching safepoint: 174603 ns, At safepoint: 20119 ns, Total: 194722 ns
[2020-09-11T15:24:43.580+0000][1][safepoint    ] Safepoint "RevokeBias", Time since last: 6069725 ns, Reaching safepoint: 220087 ns, At safepoint: 19605 ns, Total: 239692 ns
[2020-09-11T15:24:43.581+0000][1][safepoint    ] Safepoint "RevokeBias", Time since last: 303764 ns, Reaching safepoint: 183404 ns, At safepoint: 15046 ns, Total: 198450 ns
[2020-09-11T15:24:43.581+0000][1][safepoint    ] Safepoint "RevokeBias", Time since last: 200641 ns, Reaching safepoint: 158919 ns, At safepoint: 11575 ns, Total: 170494 ns
[2020-09-11T15:24:44.579+0000][1][safepoint    ] Safepoint "RevokeBias", Time since last: 997446747 ns, Reaching safepoint: 110304 ns, At safepoint: 7687 ns, Total: 117991 ns
[2020-09-11T15:24:44.585+0000][1][safepoint    ] Safepoint "RevokeBias", Time since last: 5872989 ns, Reaching safepoint: 146909 ns, At safepoint: 27639 ns, Total: 174548 ns
[2020-09-11T15:24:45.585+0000][1][safepoint    ] Safepoint "Cleanup", Time since last: 1000164337 ns, Reaching safepoint: 137842 ns, At safepoint: 19218 ns, Total: 157060 ns
[2020-09-11T15:24:47.048+0000][1][safepoint    ] Safepoint "RevokeBias", Time since last: 1462515418 ns, Reaching safepoint: 256354 ns, At safepoint: 44850 ns, Total: 301204 ns
[2020-09-11T15:24:49.260+0000][1][gc,start     ] GC(109) Pause Young (Allocation Failure)
[2020-09-11T15:24:49.260+0000][1][gc,task      ] GC(109) Using 1 workers of 1 for evacuation
[2020-09-11T15:24:49.290+0000][1][gc,age       ] GC(109) Desired survivor size 4358144 bytes, new threshold 6 (max threshold 6)
[2020-09-11T15:24:49.290+0000][1][gc,age       ] GC(109) Age table with threshold 6 (max threshold 6)
[2020-09-11T15:24:49.290+0000][1][gc,age       ] GC(109) - age   1:      97968 bytes,      97968 total
[2020-09-11T15:24:49.290+0000][1][gc,age       ] GC(109) - age   2:      22496 bytes,     120464 total
[2020-09-11T15:24:49.290+0000][1][gc,age       ] GC(109) - age   3:       8832 bytes,     129296 total
[2020-09-11T15:24:49.290+0000][1][gc,age       ] GC(109) - age   4:      10376 bytes,     139672 total
[2020-09-11T15:24:49.290+0000][1][gc,age       ] GC(109) - age   5:      10424 bytes,     150096 total
[2020-09-11T15:24:49.290+0000][1][gc,age       ] GC(109) - age   6:      71280 bytes,     221376 total
[2020-09-11T15:24:49.290+0000][1][gc,heap      ] GC(109) ParNew: 69757K->558K(76672K)
[2020-09-11T15:24:49.290+0000][1][gc,heap      ] GC(109) CMS: 106381K->106414K(2011968K)
[2020-09-11T15:24:49.290+0000][1][gc,metaspace ] GC(109) Metaspace: 92431K->92431K(1134592K)
[2020-09-11T15:24:49.290+0000][1][gc           ] GC(109) Pause Young (Allocation Failure) 172M->104M(2039M) 30.482ms
[2020-09-11T15:24:49.290+0000][1][gc,cpu       ] GC(109) User=0.01s Sys=0.00s Real=0.03s
[2020-09-11T15:24:49.290+0000][1][safepoint    ] Safepoint "GenCollectForAllocation", Time since last: 2211576225 ns, Reaching safepoint: 77335 ns, At safepoint: 30571566 ns, Total: 30648901 ns
[2020-09-11T15:24:50.291+0000][1][safepoint    ] Safepoint "Cleanup", Time since last: 1000974176 ns, Reaching safepoint: 143676 ns, At safepoint: 54235 ns, Total: 197911 ns
[2020-09-11T15:24:52.620+0000][1][safepoint    ] Safepoint "RevokeBias", Time since last: 2328930741 ns, Reaching safepoint: 80823 ns, At safepoint: 22030 ns, Total: 102853 ns
[2020-09-11T15:24:53.604+0000][1][safepoint    ] Safepoint "RevokeBias", Time since last: 983555073 ns, Reaching safepoint: 152855 ns, At safepoint: 27677 ns, Total: 180532 ns
[2020-09-11T15:24:53.604+0000][1][safepoint    ] Safepoint "RevokeBias", Time since last: 185518 ns, Reaching safepoint: 125514 ns, At safepoint: 18509 ns, Total: 144023 ns
[2020-09-11T15:24:53.605+0000][1][safepoint    ] Safepoint "RevokeBias", Time since last: 405069 ns, Reaching safepoint: 128309 ns, At safepoint: 17969 ns, Total: 146278 ns
[2020-09-11T15:24:53.605+0000][1][safepoint    ] Safepoint "RevokeBias", Time since last: 86448 ns, Reaching safepoint: 119099 ns, At safepoint: 15828 ns, Total: 134927 ns
[2020-09-11T15:24:53.622+0000][1][safepoint    ] Safepoint "RevokeBias", Time since last: 16710475 ns, Reaching safepoint: 185450 ns, At safepoint: 22647 ns, Total: 208097 ns
[2020-09-11T15:24:54.622+0000][1][safepoint    ] Safepoint "Cleanup", Time since last: 1000167657 ns, Reaching safepoint: 130983 ns, At safepoint: 20120 ns, Total: 151103 ns
[2020-09-11T15:24:56.623+0000][1][safepoint    ] Safepoint "Cleanup", Time since last: 2000350385 ns, Reaching safepoint: 134378 ns, At safepoint: 18717 ns, Total: 153095 ns
[2020-09-11T15:24:57.054+0000][1][safepoint    ] Safepoint "RevokeBias", Time since last: 430467575 ns, Reaching safepoint: 998112 ns, At safepoint: 50646 ns, Total: 1048758 ns
[2020-09-11T15:24:58.055+0000][1][safepoint    ] Safepoint "Cleanup", Time since last: 1000167453 ns, Reaching safepoint: 89817 ns, At safepoint: 8170 ns, Total: 97987 ns
[2020-09-11T15:24:59.943+0000][1][safepoint    ] Safepoint "RevokeBias", Time since last: 1887113522 ns, Reaching safepoint: 924991 ns, At safepoint: 21824 ns, Total: 946815 ns
[2020-09-11T15:24:59.985+0000][1][safepoint    ] Safepoint "BulkRevokeBias", Time since last: 40800024 ns, Reaching safepoint: 1597430 ns, At safepoint: 240427 ns, Total: 1837857 ns
[2020-09-11T15:25:00.986+0000][1][safepoint    ] Safepoint "Cleanup", Time since last: 1000172000 ns, Reaching safepoint: 116946 ns, At safepoint: 6784 ns, Total: 123730 ns
[2020-09-11T15:25:02.621+0000][1][safepoint    ] Safepoint "RevokeBias", Time since last: 1635104949 ns, Reaching safepoint: 69728 ns, At safepoint: 19386 ns, Total: 89114 ns
[2020-09-11T15:25:02.640+0000][1][safepoint    ] Safepoint "RevokeBias", Time since last: 18901133 ns, Reaching safepoint: 468450 ns, At safepoint: 23240 ns, Total: 491690 ns
[2020-09-11T15:25:02.641+0000][1][safepoint    ] Safepoint "RevokeBias", Time since last: 139400 ns, Reaching safepoint: 1020478 ns, At safepoint: 15789 ns, Total: 1036267 ns
[2020-09-11T15:25:02.642+0000][1][safepoint    ] Safepoint "RevokeBias", Time since last: 110552 ns, Reaching safepoint: 216298 ns, At safepoint: 13310 ns, Total: 229608 ns
[2020-09-11T15:25:02.642+0000][1][safepoint    ] Safepoint "BulkRevokeBias", Time since last: 47147 ns, Reaching safepoint: 99708 ns, At safepoint: 175261 ns, Total: 274969 ns
[2020-09-11T15:25:02.651+0000][1][safepoint    ] Safepoint "RevokeBias", Time since last: 8068257 ns, Reaching safepoint: 1105644 ns, At safepoint: 24530 ns, Total: 1130174 ns
[2020-09-11T15:25:03.652+0000][1][safepoint    ] Safepoint "Cleanup", Time since last: 1000159510 ns, Reaching safepoint: 101732 ns, At safepoint: 7604 ns, Total: 109336 ns
[2020-09-11T15:25:05.405+0000][1][gc,start     ] GC(110) Pause Young (Allocation Failure)
[2020-09-11T15:25:05.405+0000][1][gc,task      ] GC(110) Using 1 workers of 1 for evacuation
[2020-09-11T15:25:05.428+0000][1][gc,age       ] GC(110) Desired survivor size 4358144 bytes, new threshold 6 (max threshold 6)
[2020-09-11T15:25:05.428+0000][1][gc,age       ] GC(110) Age table with threshold 6 (max threshold 6)
[2020-09-11T15:25:05.428+0000][1][gc,age       ] GC(110) - age   1:     149176 bytes,     149176 total
[2020-09-11T15:25:05.428+0000][1][gc,age       ] GC(110) - age   2:      69496 bytes,     218672 total
[2020-09-11T15:25:05.428+0000][1][gc,age       ] GC(110) - age   3:      11240 bytes,     229912 total
[2020-09-11T15:25:05.428+0000][1][gc,age       ] GC(110) - age   4:       5888 bytes,     235800 total
[2020-09-11T15:25:05.428+0000][1][gc,age       ] GC(110) - age   5:       8648 bytes,     244448 total
[2020-09-11T15:25:05.428+0000][1][gc,age       ] GC(110) - age   6:      10232 bytes,     254680 total
[2020-09-11T15:25:05.428+0000][1][gc,heap      ] GC(110) ParNew: 68718K->387K(76672K)
[2020-09-11T15:25:05.428+0000][1][gc,heap      ] GC(110) CMS: 106414K->106484K(2011968K)
[2020-09-11T15:25:05.428+0000][1][gc,metaspace ] GC(110) Metaspace: 92496K->92496K(1134592K)
[2020-09-11T15:25:05.428+0000][1][gc           ] GC(110) Pause Young (Allocation Failure) 171M->104M(2039M) 22.691ms
[2020-09-11T15:25:05.428+0000][1][gc,cpu       ] GC(110) User=0.02s Sys=0.00s Real=0.02s
[2020-09-11T15:25:05.429+0000][1][safepoint    ] Safepoint "GenCollectForAllocation", Time since last: 1753402958 ns, Reaching safepoint: 154898 ns, At safepoint: 23834241 ns, Total: 23989139 ns
[2020-09-11T15:25:07.043+0000][1][safepoint    ] Safepoint "RevokeBias", Time since last: 1613836050 ns, Reaching safepoint: 193316 ns, At safepoint: 22189 ns, Total: 215505 ns
[2020-09-11T15:25:08.043+0000][1][safepoint    ] Safepoint "Cleanup", Time since last: 1000141372 ns, Reaching safepoint: 78008 ns, At safepoint: 8719 ns, Total: 86727 ns
[2020-09-11T15:25:09.044+0000][1][safepoint    ] Safepoint "Cleanup", Time since last: 1000158169 ns, Reaching safepoint: 108989 ns, At safepoint: 8262 ns, Total: 117251 ns
[2020-09-11T15:25:10.044+0000][1][safepoint    ] Safepoint "Cleanup", Time since last: 1000194427 ns, Reaching safepoint: 105673 ns, At safepoint: 7822 ns, Total: 113495 ns
[2020-09-11T15:25:10.431+0000][1][safepoint    ] Safepoint "RevokeBias", Time since last: 385134037 ns, Reaching safepoint: 1812190 ns, At safepoint: 28758 ns, Total: 1840948 ns
[2020-09-11T15:25:11.431+0000][1][safepoint    ] Safepoint "Cleanup", Time since last: 1000169793 ns, Reaching safepoint: 116524 ns, At safepoint: 8462 ns, Total: 124986 ns
[2020-09-11T15:25:12.431+0000][1][safepoint    ] Safepoint "Cleanup", Time since last: 1000200111 ns, Reaching safepoint: 126714 ns, At safepoint: 8112 ns, Total: 134826 ns
[2020-09-11T15:25:12.626+0000][1][safepoint    ] Safepoint "RevokeBias", Time since last: 194760394 ns, Reaching safepoint: 81113 ns, At safepoint: 23937 ns, Total: 105050 ns
[2020-09-11T15:25:12.668+0000][1][safepoint    ] Safepoint "RevokeBias", Time since last: 39130447 ns, Reaching safepoint: 2066901 ns, At safepoint: 32143 ns, Total: 2099044 ns
[2020-09-11T15:25:12.668+0000][1][safepoint    ] Safepoint "RevokeBias", Time since last: 187846 ns, Reaching safepoint: 103888 ns, At safepoint: 14249 ns, Total: 118137 ns
[2020-09-11T15:25:12.668+0000][1][safepoint    ] Safepoint "RevokeBias", Time since last: 137305 ns, Reaching safepoint: 106148 ns, At safepoint: 12312 ns, Total: 118460 ns
[2020-09-11T15:25:12.668+0000][1][safepoint    ] Safepoint "RevokeBias", Time since last: 53371 ns, Reaching safepoint: 99394 ns, At safepoint: 12055 ns, Total: 111449 ns
[2020-09-11T15:25:12.679+0000][1][safepoint    ] Safepoint "RevokeBias", Time since last: 10977147 ns, Reaching safepoint: 174058 ns, At safepoint: 22250 ns, Total: 196308 ns
[2020-09-11T15:25:13.680+0000][1][safepoint    ] Safepoint "Cleanup", Time since last: 1000123407 ns, Reaching safepoint: 139610 ns, At safepoint: 19325 ns, Total: 158935 ns
[2020-09-11T15:25:14.680+0000][1][safepoint    ] Safepoint "Cleanup", Time since last: 1000191872 ns, Reaching safepoint: 138186 ns, At safepoint: 19552 ns, Total: 157738 ns
[2020-09-11T15:25:15.680+0000][1][safepoint    ] Safepoint "Cleanup", Time since last: 1000191598 ns, Reaching safepoint: 122503 ns, At safepoint: 8137 ns, Total: 130640 ns
[2020-09-11T15:25:16.681+0000][1][safepoint    ] Safepoint "Cleanup", Time since last: 1000180057 ns, Reaching safepoint: 91605 ns, At safepoint: 7464 ns, Total: 99069 ns
[2020-09-11T15:25:17.060+0000][1][safepoint    ] Safepoint "RevokeBias", Time since last: 379112010 ns, Reaching safepoint: 147440 ns, At safepoint: 19478 ns, Total: 166918 ns
[2020-09-11T15:25:18.060+0000][1][safepoint    ] Safepoint "Cleanup", Time since last: 1000173479 ns, Reaching safepoint: 110790 ns, At safepoint: 8572 ns, Total: 119362 ns
[2020-09-11T15:25:19.061+0000][1][safepoint    ] Safepoint "Cleanup", Time since last: 1000187819 ns, Reaching safepoint: 92929 ns, At safepoint: 8104 ns, Total: 101033 ns
[2020-09-11T15:25:20.061+0000][1][safepoint    ] Safepoint "Cleanup", Time since last: 1000180042 ns, Reaching safepoint: 94937 ns, At safepoint: 8176 ns, Total: 103113 ns
[2020-09-11T15:25:21.061+0000][1][safepoint    ] Safepoint "Cleanup", Time since last: 1000184280 ns, Reaching safepoint: 154190 ns, At safepoint: 20788 ns, Total: 174978 ns
[2020-09-11T15:25:22.061+0000][1][safepoint    ] Safepoint "Cleanup", Time since last: 1000189781 ns, Reaching safepoint: 115136 ns, At safepoint: 8264 ns, Total: 123400 ns
[2020-09-11T15:25:22.611+0000][1][safepoint    ] Safepoint "RevokeBias", Time since last: 549393557 ns, Reaching safepoint: 154276 ns, At safepoint: 23711 ns, Total: 177987 ns
[2020-09-11T15:25:22.693+0000][1][gc,start     ] GC(111) Pause Young (Allocation Failure)
[2020-09-11T15:25:22.693+0000][1][gc,task      ] GC(111) Using 1 workers of 1 for evacuation
[2020-09-11T15:25:22.708+0000][1][gc,age       ] GC(111) Desired survivor size 4358144 bytes, new threshold 6 (max threshold 6)
[2020-09-11T15:25:22.708+0000][1][gc,age       ] GC(111) Age table with threshold 6 (max threshold 6)
[2020-09-11T15:25:22.708+0000][1][gc,age       ] GC(111) - age   1:    1486976 bytes,    1486976 total
[2020-09-11T15:25:22.708+0000][1][gc,age       ] GC(111) - age   2:     112800 bytes,    1599776 total
[2020-09-11T15:25:22.708+0000][1][gc,age       ] GC(111) - age   3:      62016 bytes,    1661792 total
[2020-09-11T15:25:22.708+0000][1][gc,age       ] GC(111) - age   4:       7232 bytes,    1669024 total
[2020-09-11T15:25:22.708+0000][1][gc,age       ] GC(111) - age   5:       4648 bytes,    1673672 total
[2020-09-11T15:25:22.708+0000][1][gc,age       ] GC(111) - age   6:       8552 bytes,    1682224 total
[2020-09-11T15:25:22.708+0000][1][gc,heap      ] GC(111) ParNew: 68547K->1797K(76672K)
[2020-09-11T15:25:22.708+0000][1][gc,heap      ] GC(111) CMS: 106484K->106494K(2011968K)
[2020-09-11T15:25:22.708+0000][1][gc,metaspace ] GC(111) Metaspace: 92670K->92670K(1134592K)
[2020-09-11T15:25:22.708+0000][1][gc           ] GC(111) Pause Young (Allocation Failure) 170M->105M(2039M) 15.153ms
[2020-09-11T15:25:22.708+0000][1][gc,cpu       ] GC(111) User=0.01s Sys=0.00s Real=0.02s
[2020-09-11T15:25:22.708+0000][1][safepoint    ] Safepoint "GenCollectForAllocation", Time since last: 81935517 ns, Reaching safepoint: 161046 ns, At safepoint: 15233432 ns, Total: 15394478 ns
[2020-09-11T15:25:22.711+0000][1][safepoint    ] Safepoint "RevokeBias", Time since last: 2185337 ns, Reaching safepoint: 69121 ns, At safepoint: 35951 ns, Total: 105072 ns
[2020-09-11T15:25:22.711+0000][1][safepoint    ] Safepoint "RevokeBias", Time since last: 127706 ns, Reaching safepoint: 47346 ns, At safepoint: 25008 ns, Total: 72354 ns
[2020-09-11T15:25:22.711+0000][1][safepoint    ] Safepoint "RevokeBias", Time since last: 98129 ns, Reaching safepoint: 43810 ns, At safepoint: 22166 ns, Total: 65976 ns
[2020-09-11T15:25:22.711+0000][1][safepoint    ] Safepoint "RevokeBias", Time since last: 40724 ns, Reaching safepoint: 35375 ns, At safepoint: 20205 ns, Total: 55580 ns
[2020-09-11T15:25:22.716+0000][1][safepoint    ] Safepoint "RevokeBias", Time since last: 4571021 ns, Reaching safepoint: 179348 ns, At safepoint: 21594 ns, Total: 200942 ns
[2020-09-11T15:25:23.716+0000][1][safepoint    ] Safepoint "Cleanup", Time since last: 1000155862 ns, Reaching safepoint: 101006 ns, At safepoint: 8378 ns, Total: 109384 ns
[2020-09-11T15:25:24.716+0000][1][safepoint    ] Safepoint "Cleanup", Time since last: 1000167011 ns, Reaching safepoint: 98793 ns, At safepoint: 7424 ns, Total: 106217 ns
[2020-09-11T15:25:25.717+0000][1][safepoint    ] Safepoint "Cleanup", Time since last: 1000115017 ns, Reaching safepoint: 70352 ns, At safepoint: 7739 ns, Total: 78091 ns
[2020-09-11T15:25:26.717+0000][1][safepoint    ] Safepoint "Cleanup", Time since last: 1000176993 ns, Reaching safepoint: 95993 ns, At safepoint: 7495 ns, Total: 103488 ns
[2020-09-11T15:25:27.044+0000][1][safepoint    ] Safepoint "RevokeBias", Time since last: 326349972 ns, Reaching safepoint: 204849 ns, At safepoint: 22685 ns, Total: 227534 ns
[2020-09-11T15:25:28.044+0000][1][safepoint    ] Safepoint "Cleanup", Time since last: 1000115334 ns, Reaching safepoint: 82673 ns, At safepoint: 7675 ns, Total: 90348 ns
[2020-09-11T15:25:29.044+0000][1][safepoint    ] Safepoint "Cleanup", Time since last: 1000111441 ns, Reaching safepoint: 139777 ns, At safepoint: 20724 ns, Total: 160501 ns
[2020-09-11T15:25:30.044+0000][1][safepoint    ] Safepoint "Cleanup", Time since last: 1000230222 ns, Reaching safepoint: 96104 ns, At safepoint: 8764 ns, Total: 104868 ns
[2020-09-11T15:25:31.045+0000][1][safepoint    ] Safepoint "Cleanup", Time since last: 1000124791 ns, Reaching safepoint: 73068 ns, At safepoint: 8873 ns, Total: 81941 ns
[2020-09-11T15:25:32.045+0000][1][safepoint    ] Safepoint "Cleanup", Time since last: 1000179452 ns, Reaching safepoint: 160264 ns, At safepoint: 21456 ns, Total: 181720 ns
[2020-09-11T15:25:32.609+0000][1][safepoint    ] Safepoint "RevokeBias", Time since last: 564408515 ns, Reaching safepoint: 82606 ns, At safepoint: 23459 ns, Total: 106065 ns
[2020-09-11T15:25:32.737+0000][1][safepoint    ] Safepoint "RevokeBias", Time since last: 127034426 ns, Reaching safepoint: 180069 ns, At safepoint: 23061 ns, Total: 203130 ns
[2020-09-11T15:25:32.737+0000][1][safepoint    ] Safepoint "RevokeBias", Time since last: 149776 ns, Reaching safepoint: 146865 ns, At safepoint: 14447 ns, Total: 161312 ns
[2020-09-11T15:25:32.737+0000][1][safepoint    ] Safepoint "RevokeBias", Time since last: 93629 ns, Reaching safepoint: 153472 ns, At safepoint: 13271 ns, Total: 166743 ns
[2020-09-11T15:25:32.737+0000][1][safepoint    ] Safepoint "RevokeBias", Time since last: 82434 ns, Reaching safepoint: 145753 ns, At safepoint: 14396 ns, Total: 160149 ns
[2020-09-11T15:25:32.746+0000][1][safepoint    ] Safepoint "RevokeBias", Time since last: 8815785 ns, Reaching safepoint: 174567 ns, At safepoint: 20366 ns, Total: 194933 ns
[2020-09-11T15:25:33.747+0000][1][safepoint    ] Safepoint "Cleanup", Time since last: 1000180338 ns, Reaching safepoint: 98007 ns, At safepoint: 8173 ns, Total: 106180 ns
[2020-09-11T15:25:34.747+0000][1][safepoint    ] Safepoint "Cleanup", Time since last: 1000177549 ns, Reaching safepoint: 94725 ns, At safepoint: 7314 ns, Total: 102039 ns
[2020-09-11T15:25:35.747+0000][1][safepoint    ] Safepoint "Cleanup", Time since last: 1000203105 ns, Reaching safepoint: 110267 ns, At safepoint: 8015 ns, Total: 118282 ns
[2020-09-11T15:25:36.748+0000][1][safepoint    ] Safepoint "Cleanup", Time since last: 1000176013 ns, Reaching safepoint: 106002 ns, At safepoint: 7310 ns, Total: 113312 ns
[2020-09-11T15:25:37.044+0000][1][safepoint    ] Safepoint "RevokeBias", Time since last: 296358649 ns, Reaching safepoint: 77714 ns, At safepoint: 20909 ns, Total: 98623 ns
[2020-09-11T15:25:38.044+0000][1][safepoint    ] Safepoint "Cleanup", Time since last: 1000165059 ns, Reaching safepoint: 98673 ns, At safepoint: 8149 ns, Total: 106822 ns
[2020-09-11T15:25:39.045+0000][1][safepoint    ] Safepoint "Cleanup", Time since last: 1000238323 ns, Reaching safepoint: 69369 ns, At safepoint: 7254 ns, Total: 76623 ns
[2020-09-11T15:25:40.045+0000][1][safepoint    ] Safepoint "Cleanup", Time since last: 1000183435 ns, Reaching safepoint: 141678 ns, At safepoint: 18646 ns, Total: 160324 ns
[2020-09-11T15:25:40.521+0000][1][gc,start     ] GC(112) Pause Young (Allocation Failure)
[2020-09-11T15:25:40.522+0000][1][gc,task      ] GC(112) Using 1 workers of 1 for evacuation
[2020-09-11T15:25:40.535+0000][1][gc,age       ] GC(112) Desired survivor size 4358144 bytes, new threshold 6 (max threshold 6)
[2020-09-11T15:25:40.535+0000][1][gc,age       ] GC(112) Age table with threshold 6 (max threshold 6)
[2020-09-11T15:25:40.535+0000][1][gc,age       ] GC(112) - age   1:     148744 bytes,     148744 total
[2020-09-11T15:25:40.535+0000][1][gc,age       ] GC(112) - age   2:      67288 bytes,     216032 total
[2020-09-11T15:25:40.535+0000][1][gc,age       ] GC(112) - age   3:     104608 bytes,     320640 total
[2020-09-11T15:25:40.535+0000][1][gc,age       ] GC(112) - age   4:      60472 bytes,     381112 total
[2020-09-11T15:25:40.535+0000][1][gc,age       ] GC(112) - age   5:       4896 bytes,     386008 total
[2020-09-11T15:25:40.535+0000][1][gc,age       ] GC(112) - age   6:       3408 bytes,     389416 total
[2020-09-11T15:25:40.535+0000][1][gc,heap      ] GC(112) ParNew: 69957K->1000K(76672K)
[2020-09-11T15:25:40.535+0000][1][gc,heap      ] GC(112) CMS: 106494K->106502K(2011968K)
[2020-09-11T15:25:40.535+0000][1][gc,metaspace ] GC(112) Metaspace: 92704K->92704K(1134592K)
[2020-09-11T15:25:40.535+0000][1][gc           ] GC(112) Pause Young (Allocation Failure) 172M->104M(2039M) 13.978ms
[2020-09-11T15:25:40.535+0000][1][gc,cpu       ] GC(112) User=0.01s Sys=0.00s Real=0.02s
[2020-09-11T15:25:40.535+0000][1][safepoint    ] Safepoint "GenCollectForAllocation", Time since last: 476130343 ns, Reaching safepoint: 299457 ns, At safepoint: 14043038 ns, Total: 14342495 ns
[2020-09-11T15:25:41.537+0000][1][safepoint    ] Safepoint "Cleanup", Time since last: 1001834465 ns, Reaching safepoint: 76982 ns, At safepoint: 6499 ns, Total: 83481 ns
[2020-09-11T15:25:42.538+0000][1][safepoint    ] Safepoint "Cleanup", Time since last: 1000200230 ns, Reaching safepoint: 187463 ns, At safepoint: 6967 ns, Total: 194430 ns
[2020-09-11T15:25:42.607+0000][1][safepoint    ] Safepoint "RevokeBias", Time since last: 69099958 ns, Reaching safepoint: 78306 ns, At safepoint: 22362 ns, Total: 100668 ns
[2020-09-11T15:25:42.758+0000][1][safepoint    ] Safepoint "RevokeBias", Time since last: 150921582 ns, Reaching safepoint: 246035 ns, At safepoint: 22478 ns, Total: 268513 ns
[2020-09-11T15:25:42.759+0000][1][safepoint    ] Safepoint "RevokeBias", Time since last: 154317 ns, Reaching safepoint: 148274 ns, At safepoint: 14173 ns, Total: 162447 ns
[2020-09-11T15:25:42.759+0000][1][safepoint    ] Safepoint "RevokeBias", Time since last: 106360 ns, Reaching safepoint: 153215 ns, At safepoint: 13649 ns, Total: 166864 ns
[2020-09-11T15:25:42.759+0000][1][safepoint    ] Safepoint "RevokeBias", Time since last: 50385 ns, Reaching safepoint: 146498 ns, At safepoint: 14343 ns, Total: 160841 ns
[2020-09-11T15:25:42.768+0000][1][safepoint    ] Safepoint "RevokeBias", Time since last: 9017092 ns, Reaching safepoint: 172817 ns, At safepoint: 25249 ns, Total: 198066 ns
[2020-09-11T15:25:43.768+0000][1][safepoint    ] Safepoint "Cleanup", Time since last: 1000164739 ns, Reaching safepoint: 100837 ns, At safepoint: 7943 ns, Total: 108780 ns
[2020-09-11T15:25:44.769+0000][1][safepoint    ] Safepoint "Cleanup", Time since last: 1000185504 ns, Reaching safepoint: 84788 ns, At safepoint: 8337 ns, Total: 93125 ns
[2020-09-11T15:25:45.769+0000][1][safepoint    ] Safepoint "Cleanup", Time since last: 1000165124 ns, Reaching safepoint: 174647 ns, At safepoint: 21803 ns, Total: 196450 ns
[2020-09-11T15:25:46.769+0000][1][safepoint    ] Safepoint "Cleanup", Time since last: 1000218840 ns, Reaching safepoint: 93320 ns, At safepoint: 7906 ns, Total: 101226 ns
[2020-09-11T15:25:47.044+0000][1][safepoint    ] Safepoint "RevokeBias", Time since last: 274270828 ns, Reaching safepoint: 147270 ns, At safepoint: 22004 ns, Total: 169274 ns
[2020-09-11T15:25:48.044+0000][1][safepoint    ] Safepoint "Cleanup", Time since last: 1000141735 ns, Reaching safepoint: 81499 ns, At safepoint: 8480 ns, Total: 89979 ns
[2020-09-11T15:25:49.044+0000][1][safepoint    ] Safepoint "Cleanup", Time since last: 1000203626 ns, Reaching safepoint: 135845 ns, At safepoint: 19829 ns, Total: 155674 ns
[2020-09-11T15:25:50.045+0000][1][safepoint    ] Safepoint "Cleanup", Time since last: 1000224154 ns, Reaching safepoint: 99231 ns, At safepoint: 8543 ns, Total: 107774 ns
[2020-09-11T15:25:51.045+0000][1][safepoint    ] Safepoint "Cleanup", Time since last: 1000152040 ns, Reaching safepoint: 111333 ns, At safepoint: 8425 ns, Total: 119758 ns
[2020-09-11T15:25:52.045+0000][1][safepoint    ] Safepoint "Cleanup", Time since last: 1000143754 ns, Reaching safepoint: 145688 ns, At safepoint: 17393 ns, Total: 163081 ns
[2020-09-11T15:25:52.611+0000][1][safepoint    ] Safepoint "RevokeBias", Time since last: 565345903 ns, Reaching safepoint: 208375 ns, At safepoint: 23161 ns, Total: 231536 ns
[2020-09-11T15:25:52.791+0000][1][safepoint    ] Safepoint "RevokeBias", Time since last: 179951216 ns, Reaching safepoint: 140847 ns, At safepoint: 19684 ns, Total: 160531 ns
[2020-09-11T15:25:52.791+0000][1][safepoint    ] Safepoint "RevokeBias", Time since last: 142148 ns, Reaching safepoint: 94915 ns, At safepoint: 11824 ns, Total: 106739 ns
[2020-09-11T15:25:52.792+0000][1][safepoint    ] Safepoint "RevokeBias", Time since last: 146467 ns, Reaching safepoint: 102149 ns, At safepoint: 11863 ns, Total: 114012 ns
[2020-09-11T15:25:52.792+0000][1][safepoint    ] Safepoint "RevokeBias", Time since last: 47820 ns, Reaching safepoint: 96959 ns, At safepoint: 11724 ns, Total: 108683 ns
[2020-09-11T15:25:52.804+0000][1][safepoint    ] Safepoint "RevokeBias", Time since last: 12578432 ns, Reaching safepoint: 137773 ns, At safepoint: 20434 ns, Total: 158207 ns
[2020-09-11T15:25:53.509+0000][1][gc,start     ] GC(113) Pause Young (Allocation Failure)
[2020-09-11T15:25:53.509+0000][1][gc,task      ] GC(113) Using 1 workers of 1 for evacuation
[2020-09-11T15:25:53.523+0000][1][gc,age       ] GC(113) Desired survivor size 4358144 bytes, new threshold 6 (max threshold 6)
[2020-09-11T15:25:53.523+0000][1][gc,age       ] GC(113) Age table with threshold 6 (max threshold 6)
[2020-09-11T15:25:53.523+0000][1][gc,age       ] GC(113) - age   1:     159376 bytes,     159376 total
[2020-09-11T15:25:53.523+0000][1][gc,age       ] GC(113) - age   2:     114120 bytes,     273496 total
[2020-09-11T15:25:53.523+0000][1][gc,age       ] GC(113) - age   3:      55608 bytes,     329104 total
[2020-09-11T15:25:53.523+0000][1][gc,age       ] GC(113) - age   4:     104608 bytes,     433712 total
[2020-09-11T15:25:53.523+0000][1][gc,age       ] GC(113) - age   5:      59232 bytes,     492944 total
[2020-09-11T15:25:53.523+0000][1][gc,age       ] GC(113) - age   6:       4672 bytes,     497616 total
[2020-09-11T15:25:53.523+0000][1][gc,heap      ] GC(113) ParNew: 69160K->690K(76672K)
[2020-09-11T15:25:53.523+0000][1][gc,heap      ] GC(113) CMS: 106502K->106506K(2011968K)
[2020-09-11T15:25:53.523+0000][1][gc,metaspace ] GC(113) Metaspace: 92757K->92757K(1134592K)
[2020-09-11T15:25:53.523+0000][1][gc           ] GC(113) Pause Young (Allocation Failure) 171M->104M(2039M) 14.095ms
[2020-09-11T15:25:53.523+0000][1][gc,cpu       ] GC(113) User=0.01s Sys=0.00s Real=0.01s
[2020-09-11T15:25:53.524+0000][1][safepoint    ] Safepoint "GenCollectForAllocation", Time since last: 704664721 ns, Reaching safepoint: 74589 ns, At safepoint: 14722525 ns, Total: 14797114 ns
[2020-09-11T15:25:57.046+0000][1][safepoint    ] Safepoint "RevokeBias", Time since last: 3521604335 ns, Reaching safepoint: 269441 ns, At safepoint: 50031 ns, Total: 319472 ns
[2020-09-11T15:25:58.046+0000][1][safepoint    ] Safepoint "Cleanup", Time since last: 1000239390 ns, Reaching safepoint: 159643 ns, At safepoint: 22304 ns, Total: 181947 ns
[2020-09-11T15:26:01.047+0000][1][safepoint    ] Safepoint "Cleanup", Time since last: 3000515249 ns, Reaching safepoint: 163184 ns, At safepoint: 21516 ns, Total: 184700 ns
[2020-09-11T15:26:02.622+0000][1][safepoint    ] Safepoint "RevokeBias", Time since last: 1574964052 ns, Reaching safepoint: 86047 ns, At safepoint: 21972 ns, Total: 108019 ns
[2020-09-11T15:26:02.828+0000][1][safepoint    ] Safepoint "RevokeBias", Time since last: 204682044 ns, Reaching safepoint: 983277 ns, At safepoint: 23191 ns, Total: 1006468 ns
[2020-09-11T15:26:02.828+0000][1][safepoint    ] Safepoint "RevokeBias", Time since last: 292498 ns, Reaching safepoint: 148975 ns, At safepoint: 14698 ns, Total: 163673 ns
[2020-09-11T15:26:02.828+0000][1][safepoint    ] Safepoint "RevokeBias", Time since last: 112699 ns, Reaching safepoint: 146071 ns, At safepoint: 14053 ns, Total: 160124 ns
[2020-09-11T15:26:02.829+0000][1][safepoint    ] Safepoint "RevokeBias", Time since last: 48640 ns, Reaching safepoint: 148323 ns, At safepoint: 13439 ns, Total: 161762 ns
[2020-09-11T15:26:02.833+0000][1][safepoint    ] Safepoint "RevokeBias", Time since last: 4184873 ns, Reaching safepoint: 141286 ns, At safepoint: 21259 ns, Total: 162545 ns
[2020-09-11T15:26:03.833+0000][1][safepoint    ] Safepoint "Cleanup", Time since last: 1000180442 ns, Reaching safepoint: 105987 ns, At safepoint: 8612 ns, Total: 114599 ns
[2020-09-11T15:26:06.834+0000][1][safepoint    ] Safepoint "Cleanup", Time since last: 3000457722 ns, Reaching safepoint: 120028 ns, At safepoint: 8110 ns, Total: 128138 ns
[2020-09-11T15:26:07.044+0000][1][safepoint    ] Safepoint "RevokeBias", Time since last: 210254676 ns, Reaching safepoint: 195236 ns, At safepoint: 46161 ns, Total: 241397 ns
[2020-09-11T15:26:12.637+0000][1][safepoint    ] Safepoint "RevokeBias", Time since last: 5592484943 ns, Reaching safepoint: 98093 ns, At safepoint: 23032 ns, Total: 121125 ns
[2020-09-11T15:26:12.843+0000][1][gc,start     ] GC(114) Pause Young (Allocation Failure)
[2020-09-11T15:26:12.843+0000][1][gc,task      ] GC(114) Using 1 workers of 1 for evacuation
[2020-09-11T15:26:12.858+0000][1][gc,age       ] GC(114) Desired survivor size 4358144 bytes, new threshold 6 (max threshold 6)
[2020-09-11T15:26:12.858+0000][1][gc,age       ] GC(114) Age table with threshold 6 (max threshold 6)
[2020-09-11T15:26:12.858+0000][1][gc,age       ] GC(114) - age   1:    1892072 bytes,    1892072 total
[2020-09-11T15:26:12.858+0000][1][gc,age       ] GC(114) - age   2:     120400 bytes,    2012472 total
[2020-09-11T15:26:12.858+0000][1][gc,age       ] GC(114) - age   3:     103584 bytes,    2116056 total
[2020-09-11T15:26:12.858+0000][1][gc,age       ] GC(114) - age   4:      55608 bytes,    2171664 total
[2020-09-11T15:26:12.858+0000][1][gc,age       ] GC(114) - age   5:     103368 bytes,    2275032 total
[2020-09-11T15:26:12.858+0000][1][gc,age       ] GC(114) - age   6:      59232 bytes,    2334264 total
[2020-09-11T15:26:12.858+0000][1][gc,heap      ] GC(114) ParNew: 68753K->2704K(76672K)
[2020-09-11T15:26:12.858+0000][1][gc,heap      ] GC(114) CMS: 106506K->106510K(2011968K)
[2020-09-11T15:26:12.858+0000][1][gc,metaspace ] GC(114) Metaspace: 92803K->92803K(1134592K)
[2020-09-11T15:26:12.858+0000][1][gc           ] GC(114) Pause Young (Allocation Failure) 171M->106M(2039M) 15.086ms
[2020-09-11T15:26:12.858+0000][1][gc,cpu       ] GC(114) User=0.02s Sys=0.00s Real=0.02s
[2020-09-11T15:26:12.858+0000][1][safepoint    ] Safepoint "GenCollectForAllocation", Time since last: 205459114 ns, Reaching safepoint: 184497 ns, At safepoint: 15162235 ns, Total: 15346732 ns
[2020-09-11T15:26:12.864+0000][1][safepoint    ] Safepoint "RevokeBias", Time since last: 6401708 ns, Reaching safepoint: 62198 ns, At safepoint: 34566 ns, Total: 96764 ns
[2020-09-11T15:26:12.865+0000][1][safepoint    ] Safepoint "BulkRevokeBias", Time since last: 132428 ns, Reaching safepoint: 25824 ns, At safepoint: 173504 ns, Total: 199328 ns
[2020-09-11T15:26:12.865+0000][1][safepoint    ] Safepoint "RevokeBias", Time since last: 134172 ns, Reaching safepoint: 31952 ns, At safepoint: 19037 ns, Total: 50989 ns
[2020-09-11T15:26:12.865+0000][1][safepoint    ] Safepoint "RevokeBias", Time since last: 39327 ns, Reaching safepoint: 26007 ns, At safepoint: 18338 ns, Total: 44345 ns
[2020-09-11T15:26:12.873+0000][1][safepoint    ] Safepoint "RevokeBias", Time since last: 7623199 ns, Reaching safepoint: 131368 ns, At safepoint: 20640 ns, Total: 152008 ns
[2020-09-11T15:26:12.880+0000][1][safepoint    ] Safepoint "RevokeBias", Time since last: 7383934 ns, Reaching safepoint: 187128 ns, At safepoint: 22055 ns, Total: 209183 ns
[2020-09-11T15:26:12.884+0000][1][safepoint    ] Safepoint "RevokeBias", Time since last: 3118009 ns, Reaching safepoint: 124124 ns, At safepoint: 15110 ns, Total: 139234 ns
[2020-09-11T15:26:12.884+0000][1][safepoint    ] Safepoint "RevokeBias", Time since last: 125936 ns, Reaching safepoint: 42135 ns, At safepoint: 12069 ns, Total: 54204 ns
[2020-09-11T15:26:13.882+0000][1][safepoint    ] Safepoint "RevokeBias", Time since last: 997785423 ns, Reaching safepoint: 107635 ns, At safepoint: 8978 ns, Total: 116613 ns
[2020-09-11T15:26:13.888+0000][1][safepoint    ] Safepoint "RevokeBias", Time since last: 5885386 ns, Reaching safepoint: 140287 ns, At safepoint: 8474 ns, Total: 148761 ns
[2020-09-11T15:26:14.888+0000][1][safepoint    ] Safepoint "Cleanup", Time since last: 1000189198 ns, Reaching safepoint: 110640 ns, At safepoint: 7085 ns, Total: 117725 ns
[2020-09-11T15:26:17.048+0000][1][safepoint    ] Safepoint "RevokeBias", Time since last: 2159926735 ns, Reaching safepoint: 191226 ns, At safepoint: 20345 ns, Total: 211571 ns
[2020-09-11T15:26:18.048+0000][1][safepoint    ] Safepoint "Cleanup", Time since last: 1000191503 ns, Reaching safepoint: 105537 ns, At safepoint: 9175 ns, Total: 114712 ns
[2020-09-11T15:26:22.621+0000][1][safepoint    ] Safepoint "RevokeBias", Time since last: 4572741485 ns, Reaching safepoint: 73896 ns, At safepoint: 21329 ns, Total: 95225 ns
[2020-09-11T15:26:22.867+0000][1][safepoint    ] Safepoint "RevokeBias", Time since last: 244393824 ns, Reaching safepoint: 852494 ns, At safepoint: 23949 ns, Total: 876443 ns
[2020-09-11T15:26:22.868+0000][1][safepoint    ] Safepoint "RevokeBias", Time since last: 154224 ns, Reaching safepoint: 1530029 ns, At safepoint: 23383 ns, Total: 1553412 ns
[2020-09-11T15:26:22.904+0000][1][gc,start     ] GC(115) Pause Young (Allocation Failure)
[2020-09-11T15:26:22.904+0000][1][gc,task      ] GC(115) Using 1 workers of 1 for evacuation
[2020-09-11T15:26:22.942+0000][1][gc,age       ] GC(115) Desired survivor size 4358144 bytes, new threshold 6 (max threshold 6)
[2020-09-11T15:26:22.942+0000][1][gc,age       ] GC(115) Age table with threshold 6 (max threshold 6)
[2020-09-11T15:26:22.942+0000][1][gc,age       ] GC(115) - age   1:    1756984 bytes,    1756984 total
[2020-09-11T15:26:22.942+0000][1][gc,age       ] GC(115) - age   2:      21680 bytes,    1778664 total
[2020-09-11T15:26:22.942+0000][1][gc,age       ] GC(115) - age   3:      11672 bytes,    1790336 total
[2020-09-11T15:26:22.942+0000][1][gc,age       ] GC(115) - age   4:       2352 bytes,    1792688 total
[2020-09-11T15:26:22.942+0000][1][gc,age       ] GC(115) - age   5:       4760 bytes,    1797448 total
[2020-09-11T15:26:22.942+0000][1][gc,age       ] GC(115) - age   6:       3128 bytes,    1800576 total
[2020-09-11T15:26:22.942+0000][1][gc,heap      ] GC(115) ParNew: 70799K->1822K(76672K)
[2020-09-11T15:26:22.942+0000][1][gc,heap      ] GC(115) CMS: 106510K->106569K(2011968K)
[2020-09-11T15:26:22.942+0000][1][gc,metaspace ] GC(115) Metaspace: 92925K->92925K(1134592K)
[2020-09-11T15:26:22.942+0000][1][gc           ] GC(115) Pause Young (Allocation Failure) 173M->105M(2039M) 38.850ms
[2020-09-11T15:26:22.943+0000][1][gc,cpu       ] GC(115) User=0.01s Sys=0.00s Real=0.03s
[2020-09-11T15:26:22.943+0000][1][safepoint    ] Safepoint "GenCollectForAllocation", Time since last: 30843397 ns, Reaching safepoint: 4544664 ns, At safepoint: 39675380 ns, Total: 44220044 ns
[2020-09-11T15:26:22.950+0000][1][safepoint    ] Safepoint "RevokeBias", Time since last: 6144200 ns, Reaching safepoint: 142757 ns, At safepoint: 36288 ns, Total: 179045 ns
[2020-09-11T15:26:22.950+0000][1][safepoint    ] Safepoint "RevokeBias", Time since last: 128665 ns, Reaching safepoint: 25250 ns, At safepoint: 20207 ns, Total: 45457 ns
[2020-09-11T15:26:22.950+0000][1][safepoint    ] Safepoint "RevokeBias", Time since last: 85902 ns, Reaching safepoint: 30676 ns, At safepoint: 18863 ns, Total: 49539 ns
[2020-09-11T15:26:22.950+0000][1][safepoint    ] Safepoint "RevokeBias", Time since last: 37091 ns, Reaching safepoint: 25557 ns, At safepoint: 17999 ns, Total: 43556 ns
[2020-09-11T15:26:22.965+0000][1][safepoint    ] Safepoint "RevokeBias", Time since last: 13682974 ns, Reaching safepoint: 1324154 ns, At safepoint: 26124 ns, Total: 1350278 ns
[2020-09-11T15:26:24.966+0000][1][safepoint    ] Safepoint "Cleanup", Time since last: 2000410311 ns, Reaching safepoint: 145443 ns, At safepoint: 16184 ns, Total: 161627 ns
[2020-09-11T15:26:27.045+0000][1][safepoint    ] Safepoint "BulkRevokeBias", Time since last: 2079032745 ns, Reaching safepoint: 197540 ns, At safepoint: 201974 ns, Total: 399514 ns
[2020-09-11T15:26:27.148+0000][1][safepoint    ] Safepoint "RevokeBias", Time since last: 97812654 ns, Reaching safepoint: 4648574 ns, At safepoint: 71388 ns, Total: 4719962 ns
[2020-09-11T15:26:31.148+0000][1][safepoint    ] Safepoint "Cleanup", Time since last: 4000554292 ns, Reaching safepoint: 129798 ns, At safepoint: 19083 ns, Total: 148881 ns
[2020-09-11T15:26:32.617+0000][1][safepoint    ] Safepoint "RevokeBias", Time since last: 1468517213 ns, Reaching safepoint: 85141 ns, At safepoint: 21331 ns, Total: 106472 ns
[2020-09-11T15:26:32.979+0000][1][safepoint    ] Safepoint "RevokeBias", Time since last: 361785969 ns, Reaching safepoint: 183017 ns, At safepoint: 22401 ns, Total: 205418 ns
[2020-09-11T15:26:32.979+0000][1][safepoint    ] Safepoint "RevokeBias", Time since last: 141570 ns, Reaching safepoint: 148909 ns, At safepoint: 13242 ns, Total: 162151 ns
[2020-09-11T15:26:32.979+0000][1][safepoint    ] Safepoint "RevokeBias", Time since last: 128992 ns, Reaching safepoint: 129991 ns, At safepoint: 11803 ns, Total: 141794 ns
[2020-09-11T15:26:32.980+0000][1][safepoint    ] Safepoint "RevokeBias", Time since last: 46097 ns, Reaching safepoint: 149879 ns, At safepoint: 11455 ns, Total: 161334 ns
[2020-09-11T15:26:32.983+0000][1][safepoint    ] Safepoint "RevokeBias", Time since last: 3543579 ns, Reaching safepoint: 192830 ns, At safepoint: 19213 ns, Total: 212043 ns
[2020-09-11T15:26:33.984+0000][1][safepoint    ] Safepoint "Cleanup", Time since last: 1000161898 ns, Reaching safepoint: 161146 ns, At safepoint: 20127 ns, Total: 181273 ns
[2020-09-11T15:26:37.049+0000][1][safepoint    ] Safepoint "RevokeBias", Time since last: 3064800029 ns, Reaching safepoint: 258606 ns, At safepoint: 47179 ns, Total: 305785 ns
[2020-09-11T15:26:38.049+0000][1][safepoint    ] Safepoint "Cleanup", Time since last: 1000230634 ns, Reaching safepoint: 104770 ns, At safepoint: 8287 ns, Total: 113057 ns
[2020-09-11T15:26:40.608+0000][1][gc,start     ] GC(116) Pause Young (Allocation Failure)
[2020-09-11T15:26:40.608+0000][1][gc,task      ] GC(116) Using 1 workers of 1 for evacuation
[2020-09-11T15:26:40.623+0000][1][gc,age       ] GC(116) Desired survivor size 4358144 bytes, new threshold 6 (max threshold 6)
[2020-09-11T15:26:40.623+0000][1][gc,age       ] GC(116) Age table with threshold 6 (max threshold 6)
[2020-09-11T15:26:40.623+0000][1][gc,age       ] GC(116) - age   1:     153696 bytes,     153696 total
[2020-09-11T15:26:40.623+0000][1][gc,age       ] GC(116) - age   2:      72264 bytes,     225960 total
[2020-09-11T15:26:40.623+0000][1][gc,age       ] GC(116) - age   3:       4672 bytes,     230632 total
[2020-09-11T15:26:40.623+0000][1][gc,age       ] GC(116) - age   4:       4984 bytes,     235616 total
[2020-09-11T15:26:40.623+0000][1][gc,age       ] GC(116) - age   5:       1760 bytes,     237376 total
[2020-09-11T15:26:40.623+0000][1][gc,age       ] GC(116) - age   6:       3392 bytes,     240768 total
[2020-09-11T15:26:40.623+0000][1][gc,heap      ] GC(116) ParNew: 69982K->1774K(76672K)
[2020-09-11T15:26:40.623+0000][1][gc,heap      ] GC(116) CMS: 106569K->106572K(2011968K)
[2020-09-11T15:26:40.623+0000][1][gc,metaspace ] GC(116) Metaspace: 92956K->92956K(1134592K)
[2020-09-11T15:26:40.623+0000][1][gc           ] GC(116) Pause Young (Allocation Failure) 172M->105M(2039M) 15.071ms
[2020-09-11T15:26:40.623+0000][1][gc,cpu       ] GC(116) User=0.01s Sys=0.00s Real=0.01s
[2020-09-11T15:26:40.624+0000][1][safepoint    ] Safepoint "GenCollectForAllocation", Time since last: 2558860986 ns, Reaching safepoint: 188023 ns, At safepoint: 15681828 ns, Total: 15869851 ns
[2020-09-11T15:26:42.611+0000][1][safepoint    ] Safepoint "RevokeBias", Time since last: 1986864383 ns, Reaching safepoint: 81827 ns, At safepoint: 35836 ns, Total: 117663 ns
[2020-09-11T15:26:42.998+0000][1][safepoint    ] Safepoint "RevokeBias", Time since last: 386719384 ns, Reaching safepoint: 244998 ns, At safepoint: 50289 ns, Total: 295287 ns
[2020-09-11T15:26:42.998+0000][1][safepoint    ] Safepoint "RevokeBias", Time since last: 231776 ns, Reaching safepoint: 150703 ns, At safepoint: 12761 ns, Total: 163464 ns
[2020-09-11T15:26:42.999+0000][1][safepoint    ] Safepoint "RevokeBias", Time since last: 91448 ns, Reaching safepoint: 152962 ns, At safepoint: 11856 ns, Total: 164818 ns
[2020-09-11T15:26:42.999+0000][1][safepoint    ] Safepoint "RevokeBias", Time since last: 44314 ns, Reaching safepoint: 149827 ns, At safepoint: 11957 ns, Total: 161784 ns
[2020-09-11T15:26:43.005+0000][1][safepoint    ] Safepoint "RevokeBias", Time since last: 5776166 ns, Reaching safepoint: 177711 ns, At safepoint: 20308 ns, Total: 198019 ns
[2020-09-11T15:26:44.005+0000][1][safepoint    ] Safepoint "Cleanup", Time since last: 1000165077 ns, Reaching safepoint: 156987 ns, At safepoint: 20263 ns, Total: 177250 ns
[2020-09-11T15:26:46.006+0000][1][safepoint    ] Safepoint "Cleanup", Time since last: 2000381937 ns, Reaching safepoint: 120795 ns, At safepoint: 8540 ns, Total: 129335 ns
[2020-09-11T15:26:47.047+0000][1][safepoint    ] Safepoint "RevokeBias", Time since last: 1041140957 ns, Reaching safepoint: 163553 ns, At safepoint: 23781 ns, Total: 187334 ns
[2020-09-11T15:26:48.047+0000][1][safepoint    ] Safepoint "Cleanup", Time since last: 1000189620 ns, Reaching safepoint: 153425 ns, At safepoint: 19521 ns, Total: 172946 ns
[2020-09-11T15:26:50.048+0000][1][safepoint    ] Safepoint "Cleanup", Time since last: 2000455219 ns, Reaching safepoint: 105151 ns, At safepoint: 8106 ns, Total: 113257 ns
[2020-09-11T15:26:52.615+0000][1][safepoint    ] Safepoint "RevokeBias", Time since last: 2567274325 ns, Reaching safepoint: 81228 ns, At safepoint: 22723 ns, Total: 103951 ns
[2020-09-11T15:26:53.019+0000][1][safepoint    ] Safepoint "RevokeBias", Time since last: 403896867 ns, Reaching safepoint: 162675 ns, At safepoint: 23802 ns, Total: 186477 ns
[2020-09-11T15:26:53.020+0000][1][safepoint    ] Safepoint "RevokeBias", Time since last: 186562 ns, Reaching safepoint: 151368 ns, At safepoint: 13132 ns, Total: 164500 ns
[2020-09-11T15:26:53.020+0000][1][safepoint    ] Safepoint "RevokeBias", Time since last: 96997 ns, Reaching safepoint: 156426 ns, At safepoint: 11744 ns, Total: 168170 ns
[2020-09-11T15:26:53.020+0000][1][safepoint    ] Safepoint "RevokeBias", Time since last: 47610 ns, Reaching safepoint: 150232 ns, At safepoint: 11693 ns, Total: 161925 ns
[2020-09-11T15:26:53.024+0000][1][safepoint    ] Safepoint "RevokeBias", Time since last: 3096817 ns, Reaching safepoint: 272631 ns, At safepoint: 21171 ns, Total: 293802 ns
[2020-09-11T15:26:54.024+0000][1][safepoint    ] Safepoint "Cleanup", Time since last: 1000098543 ns, Reaching safepoint: 79581 ns, At safepoint: 7675 ns, Total: 87256 ns
[2020-09-11T15:26:55.024+0000][1][safepoint    ] Safepoint "Cleanup", Time since last: 1000147362 ns, Reaching safepoint: 123925 ns, At safepoint: 8181 ns, Total: 132106 ns
[2020-09-11T15:26:55.646+0000][1][gc,start     ] GC(117) Pause Young (Allocation Failure)
[2020-09-11T15:26:55.646+0000][1][gc,task      ] GC(117) Using 1 workers of 1 for evacuation
[2020-09-11T15:26:55.661+0000][1][gc,age       ] GC(117) Desired survivor size 4358144 bytes, new threshold 6 (max threshold 6)
[2020-09-11T15:26:55.662+0000][1][gc,age       ] GC(117) Age table with threshold 6 (max threshold 6)
[2020-09-11T15:26:55.662+0000][1][gc,age       ] GC(117) - age   1:     161544 bytes,     161544 total
[2020-09-11T15:26:55.662+0000][1][gc,age       ] GC(117) - age   2:     116688 bytes,     278232 total
[2020-09-11T15:26:55.662+0000][1][gc,age       ] GC(117) - age   3:      63304 bytes,     341536 total
[2020-09-11T15:26:55.662+0000][1][gc,age       ] GC(117) - age   4:       2192 bytes,     343728 total
[2020-09-11T15:26:55.662+0000][1][gc,age       ] GC(117) - age   5:       3744 bytes,     347472 total
[2020-09-11T15:26:55.662+0000][1][gc,age       ] GC(117) - age   6:       1760 bytes,     349232 total
[2020-09-11T15:26:55.662+0000][1][gc,heap      ] GC(117) ParNew: 69934K->487K(76672K)
[2020-09-11T15:26:55.662+0000][1][gc,heap      ] GC(117) CMS: 106572K->106575K(2011968K)
[2020-09-11T15:26:55.662+0000][1][gc,metaspace ] GC(117) Metaspace: 92996K->92996K(1134592K)
[2020-09-11T15:26:55.662+0000][1][gc           ] GC(117) Pause Young (Allocation Failure) 172M->104M(2039M) 15.920ms
[2020-09-11T15:26:55.662+0000][1][gc,cpu       ] GC(117) User=0.02s Sys=0.00s Real=0.01s
[2020-09-11T15:26:55.662+0000][1][safepoint    ] Safepoint "GenCollectForAllocation", Time since last: 621378837 ns, Reaching safepoint: 242767 ns, At safepoint: 16034319 ns, Total: 16277086 ns
[2020-09-11T15:26:57.050+0000][1][safepoint    ] Safepoint "RevokeBias", Time since last: 1387972889 ns, Reaching safepoint: 400435 ns, At safepoint: 99241 ns, Total: 499676 ns
[2020-09-11T15:26:58.051+0000][1][safepoint    ] Safepoint "Cleanup", Time since last: 1000214388 ns, Reaching safepoint: 119186 ns, At safepoint: 8180 ns, Total: 127366 ns
[2020-09-11T15:26:59.051+0000][1][safepoint    ] Safepoint "Cleanup", Time since last: 1000173515 ns, Reaching safepoint: 101052 ns, At safepoint: 7892 ns, Total: 108944 ns
[2020-09-11T15:27:00.051+0000][1][safepoint    ] Safepoint "Cleanup", Time since last: 1000121866 ns, Reaching safepoint: 72580 ns, At safepoint: 7578 ns, Total: 80158 ns
[2020-09-11T15:27:01.051+0000][1][safepoint    ] Safepoint "Cleanup", Time since last: 1000163982 ns, Reaching safepoint: 75710 ns, At safepoint: 7927 ns, Total: 83637 ns
[2020-09-11T15:27:02.052+0000][1][safepoint    ] Safepoint "Cleanup", Time since last: 1000165205 ns, Reaching safepoint: 109805 ns, At safepoint: 7978 ns, Total: 117783 ns
[2020-09-11T15:27:02.614+0000][1][safepoint    ] Safepoint "RevokeBias", Time since last: 562528558 ns, Reaching safepoint: 156764 ns, At safepoint: 24590 ns, Total: 181354 ns
[2020-09-11T15:27:03.037+0000][1][safepoint    ] Safepoint "RevokeBias", Time since last: 422481552 ns, Reaching safepoint: 246876 ns, At safepoint: 47639 ns, Total: 294515 ns
[2020-09-11T15:27:03.038+0000][1][safepoint    ] Safepoint "RevokeBias", Time since last: 358833 ns, Reaching safepoint: 197059 ns, At safepoint: 39948 ns, Total: 237007 ns
[2020-09-11T15:27:03.038+0000][1][safepoint    ] Safepoint "RevokeBias", Time since last: 282645 ns, Reaching safepoint: 190660 ns, At safepoint: 35709 ns, Total: 226369 ns
[2020-09-11T15:27:03.039+0000][1][safepoint    ] Safepoint "BulkRevokeBias", Time since last: 144475 ns, Reaching safepoint: 179699 ns, At safepoint: 319582 ns, Total: 499281 ns
[2020-09-11T15:27:03.043+0000][1][safepoint    ] Safepoint "RevokeBias", Time since last: 4479419 ns, Reaching safepoint: 199496 ns, At safepoint: 20623 ns, Total: 220119 ns
[2020-09-11T15:27:04.044+0000][1][safepoint    ] Safepoint "Cleanup", Time since last: 1000135986 ns, Reaching safepoint: 138598 ns, At safepoint: 19909 ns, Total: 158507 ns
[2020-09-11T15:27:05.044+0000][1][safepoint    ] Safepoint "Cleanup", Time since last: 1000198478 ns, Reaching safepoint: 107543 ns, At safepoint: 9425 ns, Total: 116968 ns
[2020-09-11T15:27:06.044+0000][1][safepoint    ] Safepoint "Cleanup", Time since last: 1000179255 ns, Reaching safepoint: 96323 ns, At safepoint: 8048 ns, Total: 104371 ns
[2020-09-11T15:27:07.045+0000][1][safepoint    ] Safepoint "Cleanup", Time since last: 1000340022 ns, Reaching safepoint: 191925 ns, At safepoint: 7791 ns, Total: 199716 ns
[2020-09-11T15:27:07.046+0000][1][safepoint    ] Safepoint "RevokeBias", Time since last: 860288 ns, Reaching safepoint: 155930 ns, At safepoint: 20178 ns, Total: 176108 ns
[2020-09-11T15:27:08.046+0000][1][safepoint    ] Safepoint "Cleanup", Time since last: 1000112826 ns, Reaching safepoint: 84245 ns, At safepoint: 8676 ns, Total: 92921 ns
[2020-09-11T15:27:09.046+0000][1][safepoint    ] Safepoint "Cleanup", Time since last: 1000206929 ns, Reaching safepoint: 101256 ns, At safepoint: 8162 ns, Total: 109418 ns
[2020-09-11T15:27:10.047+0000][1][safepoint    ] Safepoint "Cleanup", Time since last: 1000190676 ns, Reaching safepoint: 96807 ns, At safepoint: 8490 ns, Total: 105297 ns
[2020-09-11T15:27:11.047+0000][1][safepoint    ] Safepoint "Cleanup", Time since last: 1000187133 ns, Reaching safepoint: 93797 ns, At safepoint: 8290 ns, Total: 102087 ns
[2020-09-11T15:27:12.047+0000][1][safepoint    ] Safepoint "Cleanup", Time since last: 1000200976 ns, Reaching safepoint: 91067 ns, At safepoint: 8332 ns, Total: 99399 ns
[2020-09-11T15:27:12.609+0000][1][safepoint    ] Safepoint "BulkRevokeBias", Time since last: 561417714 ns, Reaching safepoint: 101479 ns, At safepoint: 194291 ns, Total: 295770 ns
[2020-09-11T15:27:13.065+0000][1][gc,start     ] GC(118) Pause Young (Allocation Failure)
[2020-09-11T15:27:13.065+0000][1][gc,task      ] GC(118) Using 1 workers of 1 for evacuation
[2020-09-11T15:27:13.082+0000][1][gc,age       ] GC(118) Desired survivor size 4358144 bytes, new threshold 6 (max threshold 6)
[2020-09-11T15:27:13.082+0000][1][gc,age       ] GC(118) Age table with threshold 6 (max threshold 6)
[2020-09-11T15:27:13.082+0000][1][gc,age       ] GC(118) - age   1:    1466120 bytes,    1466120 total
[2020-09-11T15:27:13.082+0000][1][gc,age       ] GC(118) - age   2:     119960 bytes,    1586080 total
[2020-09-11T15:27:13.082+0000][1][gc,age       ] GC(118) - age   3:     107568 bytes,    1693648 total
[2020-09-11T15:27:13.082+0000][1][gc,age       ] GC(118) - age   4:      63304 bytes,    1756952 total
[2020-09-11T15:27:13.082+0000][1][gc,age       ] GC(118) - age   5:       2160 bytes,    1759112 total
[2020-09-11T15:27:13.082+0000][1][gc,age       ] GC(118) - age   6:       2472 bytes,    1761584 total
[2020-09-11T15:27:13.082+0000][1][gc,heap      ] GC(118) ParNew: 68647K->1888K(76672K)
[2020-09-11T15:27:13.082+0000][1][gc,heap      ] GC(118) CMS: 106575K->106577K(2011968K)
[2020-09-11T15:27:13.082+0000][1][gc,metaspace ] GC(118) Metaspace: 93041K->93041K(1134592K)
[2020-09-11T15:27:13.082+0000][1][gc           ] GC(118) Pause Young (Allocation Failure) 171M->105M(2039M) 16.833ms
[2020-09-11T15:27:13.082+0000][1][gc,cpu       ] GC(118) User=0.02s Sys=0.00s Real=0.01s
[2020-09-11T15:27:13.082+0000][1][safepoint    ] Safepoint "GenCollectForAllocation", Time since last: 455609188 ns, Reaching safepoint: 260177 ns, At safepoint: 16932343 ns, Total: 17192520 ns
[2020-09-11T15:27:13.085+0000][1][safepoint    ] Safepoint "RevokeBias", Time since last: 2541589 ns, Reaching safepoint: 62539 ns, At safepoint: 129554 ns, Total: 192093 ns
[2020-09-11T15:27:13.085+0000][1][safepoint    ] Safepoint "RevokeBias", Time since last: 139698 ns, Reaching safepoint: 26226 ns, At safepoint: 35973 ns, Total: 62199 ns
[2020-09-11T15:27:13.085+0000][1][safepoint    ] Safepoint "RevokeBias", Time since last: 124630 ns, Reaching safepoint: 31566 ns, At safepoint: 19325 ns, Total: 50891 ns
[2020-09-11T15:27:13.085+0000][1][safepoint    ] Safepoint "RevokeBias", Time since last: 43601 ns, Reaching safepoint: 25687 ns, At safepoint: 18496 ns, Total: 44183 ns
[2020-09-11T15:27:13.096+0000][1][safepoint    ] Safepoint "RevokeBias", Time since last: 10364351 ns, Reaching safepoint: 133534 ns, At safepoint: 21314 ns, Total: 154848 ns
[2020-09-11T15:27:13.097+0000][1][safepoint    ] Safepoint "BulkRevokeBias", Time since last: 1001461 ns, Reaching safepoint: 119795 ns, At safepoint: 212803 ns, Total: 332598 ns
[2020-09-11T15:27:14.097+0000][1][safepoint    ] Safepoint "Cleanup", Time since last: 1000169406 ns, Reaching safepoint: 135632 ns, At safepoint: 20440 ns, Total: 156072 ns
[2020-09-11T15:27:15.098+0000][1][safepoint    ] Safepoint "Cleanup", Time since last: 1000221579 ns, Reaching safepoint: 144873 ns, At safepoint: 20209 ns, Total: 165082 ns
[2020-09-11T15:27:16.098+0000][1][safepoint    ] Safepoint "Cleanup", Time since last: 1000185879 ns, Reaching safepoint: 134979 ns, At safepoint: 18129 ns, Total: 153108 ns
[2020-09-11T15:27:17.059+0000][1][safepoint    ] Safepoint "RevokeBias", Time since last: 960907567 ns, Reaching safepoint: 227381 ns, At safepoint: 22480 ns, Total: 249861 ns
[2020-09-11T15:27:18.060+0000][1][safepoint    ] Safepoint "Cleanup", Time since last: 1000192525 ns, Reaching safepoint: 213917 ns, At safepoint: 19011 ns, Total: 232928 ns
[2020-09-11T15:27:19.060+0000][1][safepoint    ] Safepoint "Cleanup", Time since last: 1000241755 ns, Reaching safepoint: 131428 ns, At safepoint: 19522 ns, Total: 150950 ns
[2020-09-11T15:27:20.060+0000][1][safepoint    ] Safepoint "Cleanup", Time since last: 1000215125 ns, Reaching safepoint: 127829 ns, At safepoint: 18944 ns, Total: 146773 ns
[2020-09-11T15:27:21.061+0000][1][safepoint    ] Safepoint "Cleanup", Time since last: 1000246930 ns, Reaching safepoint: 97139 ns, At safepoint: 8385 ns, Total: 105524 ns
[2020-09-11T15:27:22.061+0000][1][safepoint    ] Safepoint "Cleanup", Time since last: 1000189464 ns, Reaching safepoint: 137983 ns, At safepoint: 18529 ns, Total: 156512 ns
[2020-09-11T15:27:22.620+0000][1][safepoint    ] Safepoint "RevokeBias", Time since last: 559194615 ns, Reaching safepoint: 153987 ns, At safepoint: 23547 ns, Total: 177534 ns
[2020-09-11T15:27:23.111+0000][1][safepoint    ] Safepoint "RevokeBias", Time since last: 490104725 ns, Reaching safepoint: 184241 ns, At safepoint: 22745 ns, Total: 206986 ns
[2020-09-11T15:27:23.111+0000][1][safepoint    ] Safepoint "RevokeBias", Time since last: 142262 ns, Reaching safepoint: 149744 ns, At safepoint: 12812 ns, Total: 162556 ns
[2020-09-11T15:27:23.111+0000][1][safepoint    ] Safepoint "RevokeBias", Time since last: 114491 ns, Reaching safepoint: 155386 ns, At safepoint: 11769 ns, Total: 167155 ns
[2020-09-11T15:27:23.111+0000][1][safepoint    ] Safepoint "RevokeBias", Time since last: 47719 ns, Reaching safepoint: 153242 ns, At safepoint: 11291 ns, Total: 164533 ns
[2020-09-11T15:27:23.115+0000][1][safepoint    ] Safepoint "RevokeBias", Time since last: 2971322 ns, Reaching safepoint: 166934 ns, At safepoint: 19184 ns, Total: 186118 ns
[2020-09-11T15:27:24.115+0000][1][safepoint    ] Safepoint "Cleanup", Time since last: 1000164703 ns, Reaching safepoint: 104292 ns, At safepoint: 8090 ns, Total: 112382 ns
[2020-09-11T15:27:27.048+0000][1][safepoint    ] Safepoint "RevokeBias", Time since last: 2932525209 ns, Reaching safepoint: 277199 ns, At safepoint: 47151 ns, Total: 324350 ns
[2020-09-11T15:27:28.048+0000][1][safepoint    ] Safepoint "Cleanup", Time since last: 1000239518 ns, Reaching safepoint: 161009 ns, At safepoint: 18941 ns, Total: 179950 ns
[2020-09-11T15:27:30.049+0000][1][safepoint    ] Safepoint "Cleanup", Time since last: 2000346325 ns, Reaching safepoint: 98575 ns, At safepoint: 9578 ns, Total: 108153 ns
[2020-09-11T15:27:30.706+0000][1][gc,start     ] GC(119) Pause Young (Allocation Failure)
[2020-09-11T15:27:30.706+0000][1][gc,task      ] GC(119) Using 1 workers of 1 for evacuation
[2020-09-11T15:27:30.722+0000][1][gc,age       ] GC(119) Desired survivor size 4358144 bytes, new threshold 6 (max threshold 6)
[2020-09-11T15:27:30.722+0000][1][gc,age       ] GC(119) Age table with threshold 6 (max threshold 6)
[2020-09-11T15:27:30.722+0000][1][gc,age       ] GC(119) - age   1:     160328 bytes,     160328 total
[2020-09-11T15:27:30.722+0000][1][gc,age       ] GC(119) - age   2:      68928 bytes,     229256 total
[2020-09-11T15:27:30.722+0000][1][gc,age       ] GC(119) - age   3:     111920 bytes,     341176 total
[2020-09-11T15:27:30.722+0000][1][gc,age       ] GC(119) - age   4:     107568 bytes,     448744 total
[2020-09-11T15:27:30.722+0000][1][gc,age       ] GC(119) - age   5:      62064 bytes,     510808 total
[2020-09-11T15:27:30.722+0000][1][gc,age       ] GC(119) - age   6:       2160 bytes,     512968 total
[2020-09-11T15:27:30.722+0000][1][gc,heap      ] GC(119) ParNew: 70048K->1384K(76672K)
[2020-09-11T15:27:30.722+0000][1][gc,heap      ] GC(119) CMS: 106577K->106579K(2011968K)
[2020-09-11T15:27:30.722+0000][1][gc,metaspace ] GC(119) Metaspace: 93124K->93124K(1134592K)
[2020-09-11T15:27:30.722+0000][1][gc           ] GC(119) Pause Young (Allocation Failure) 172M->105M(2039M) 16.039ms
[2020-09-11T15:27:30.722+0000][1][gc,cpu       ] GC(119) User=0.02s Sys=0.00s Real=0.01s
[2020-09-11T15:27:30.722+0000][1][safepoint    ] Safepoint "GenCollectForAllocation", Time since last: 657425687 ns, Reaching safepoint: 244594 ns, At safepoint: 16125841 ns, Total: 16370435 ns
[2020-09-11T15:27:32.613+0000][1][safepoint    ] Safepoint "RevokeBias", Time since last: 1890389241 ns, Reaching safepoint: 77972 ns, At safepoint: 35426 ns, Total: 113398 ns
[2020-09-11T15:27:33.155+0000][1][safepoint    ] Safepoint "RevokeBias", Time since last: 542093690 ns, Reaching safepoint: 186507 ns, At safepoint: 32114 ns, Total: 218621 ns
[2020-09-11T15:27:33.156+0000][1][safepoint    ] Safepoint "RevokeBias", Time since last: 174971 ns, Reaching safepoint: 152160 ns, At safepoint: 20620 ns, Total: 172780 ns
[2020-09-11T15:27:33.156+0000][1][safepoint    ] Safepoint "RevokeBias", Time since last: 99005 ns, Reaching safepoint: 153705 ns, At safepoint: 19471 ns, Total: 173176 ns
[2020-09-11T15:27:33.156+0000][1][safepoint    ] Safepoint "RevokeBias", Time since last: 44034 ns, Reaching safepoint: 149324 ns, At safepoint: 18589 ns, Total: 167913 ns
[2020-09-11T15:27:33.160+0000][1][safepoint    ] Safepoint "BulkRevokeBias", Time since last: 4054672 ns, Reaching safepoint: 174545 ns, At safepoint: 177863 ns, Total: 352408 ns
[2020-09-11T15:27:37.048+0000][1][safepoint    ] Safepoint "RevokeBias", Time since last: 3886920429 ns, Reaching safepoint: 85839 ns, At safepoint: 21939 ns, Total: 107778 ns
[2020-09-11T15:27:38.048+0000][1][safepoint    ] Safepoint "Cleanup", Time since last: 1000187891 ns, Reaching safepoint: 174604 ns, At safepoint: 21292 ns, Total: 195896 ns
[2020-09-11T15:27:42.623+0000][1][safepoint    ] Safepoint "RevokeBias", Time since last: 4575306201 ns, Reaching safepoint: 84179 ns, At safepoint: 22943 ns, Total: 107122 ns
[2020-09-11T15:27:43.170+0000][1][safepoint    ] Safepoint "RevokeBias", Time since last: 546145371 ns, Reaching safepoint: 198215 ns, At safepoint: 24891 ns, Total: 223106 ns
[2020-09-11T15:27:43.170+0000][1][safepoint    ] Safepoint "RevokeBias", Time since last: 150815 ns, Reaching safepoint: 150255 ns, At safepoint: 13541 ns, Total: 163796 ns
[2020-09-11T15:27:43.170+0000][1][safepoint    ] Safepoint "RevokeBias", Time since last: 100506 ns, Reaching safepoint: 156657 ns, At safepoint: 12090 ns, Total: 168747 ns
[2020-09-11T15:27:43.170+0000][1][safepoint    ] Safepoint "RevokeBias", Time since last: 49925 ns, Reaching safepoint: 150571 ns, At safepoint: 11700 ns, Total: 162271 ns
[2020-09-11T15:27:43.172+0000][1][gc,start     ] GC(120) Pause Young (Allocation Failure)
[2020-09-11T15:27:43.172+0000][1][gc,task      ] GC(120) Using 1 workers of 1 for evacuation
[2020-09-11T15:27:43.187+0000][1][gc,age       ] GC(120) Desired survivor size 4358144 bytes, new threshold 6 (max threshold 6)
[2020-09-11T15:27:43.187+0000][1][gc,age       ] GC(120) Age table with threshold 6 (max threshold 6)
[2020-09-11T15:27:43.187+0000][1][gc,age       ] GC(120) - age   1:     357840 bytes,     357840 total
[2020-09-11T15:27:43.187+0000][1][gc,age       ] GC(120) - age   2:     119456 bytes,     477296 total
[2020-09-11T15:27:43.187+0000][1][gc,age       ] GC(120) - age   3:      53792 bytes,     531088 total
[2020-09-11T15:27:43.187+0000][1][gc,age       ] GC(120) - age   4:     105264 bytes,     636352 total
[2020-09-11T15:27:43.187+0000][1][gc,age       ] GC(120) - age   5:     103984 bytes,     740336 total
[2020-09-11T15:27:43.187+0000][1][gc,age       ] GC(120) - age   6:      60824 bytes,     801160 total
[2020-09-11T15:27:43.187+0000][1][gc,heap      ] GC(120) ParNew: 69544K->942K(76672K)
[2020-09-11T15:27:43.187+0000][1][gc,heap      ] GC(120) CMS: 106579K->106581K(2011968K)
[2020-09-11T15:27:43.187+0000][1][gc,metaspace ] GC(120) Metaspace: 93135K->93135K(1134592K)
[2020-09-11T15:27:43.187+0000][1][gc           ] GC(120) Pause Young (Allocation Failure) 171M->105M(2039M) 15.166ms
[2020-09-11T15:27:43.187+0000][1][gc,cpu       ] GC(120) User=0.01s Sys=0.00s Real=0.02s
[2020-09-11T15:27:43.187+0000][1][safepoint    ] Safepoint "GenCollectForAllocation", Time since last: 1516716 ns, Reaching safepoint: 161121 ns, At safepoint: 15252601 ns, Total: 15413722 ns
[2020-09-11T15:27:43.190+0000][1][safepoint    ] Safepoint "RevokeBias", Time since last: 2560184 ns, Reaching safepoint: 57022 ns, At safepoint: 29708 ns, Total: 86730 ns
[2020-09-11T15:27:43.195+0000][1][safepoint    ] Safepoint "RevokeBias", Time since last: 4645948 ns, Reaching safepoint: 170900 ns, At safepoint: 23923 ns, Total: 194823 ns
[2020-09-11T15:27:43.196+0000][1][safepoint    ] Safepoint "RevokeBias", Time since last: 765998 ns, Reaching safepoint: 178381 ns, At safepoint: 15540 ns, Total: 193921 ns
[2020-09-11T15:27:43.196+0000][1][safepoint    ] Safepoint "RevokeBias", Time since last: 135014 ns, Reaching safepoint: 159491 ns, At safepoint: 13684 ns, Total: 173175 ns
[2020-09-11T15:27:44.195+0000][1][safepoint    ] Safepoint "RevokeBias", Time since last: 998761267 ns, Reaching safepoint: 89283 ns, At safepoint: 8780 ns, Total: 98063 ns
[2020-09-11T15:27:44.199+0000][1][safepoint    ] Safepoint "RevokeBias", Time since last: 3274485 ns, Reaching safepoint: 196334 ns, At safepoint: 10257 ns, Total: 206591 ns
[2020-09-11T15:27:45.199+0000][1][safepoint    ] Safepoint "Cleanup", Time since last: 1000136010 ns, Reaching safepoint: 141241 ns, At safepoint: 17370 ns, Total: 158611 ns
[2020-09-11T15:27:46.199+0000][1][safepoint    ] Safepoint "Cleanup", Time since last: 1000203577 ns, Reaching safepoint: 167451 ns, At safepoint: 19408 ns, Total: 186859 ns
[2020-09-11T15:27:46.855+0000][1][safepoint    ] Safepoint "RevokeBias", Time since last: 656130161 ns, Reaching safepoint: 158115 ns, At safepoint: 20263 ns, Total: 178378 ns
[2020-09-11T15:27:46.858+0000][1][safepoint    ] Safepoint "RevokeBias", Time since last: 415581 ns, Reaching safepoint: 2023502 ns, At safepoint: 27109 ns, Total: 2050611 ns
[2020-09-11T15:27:47.048+0000][1][safepoint    ] Safepoint "RevokeBias", Time since last: 189285446 ns, Reaching safepoint: 236513 ns, At safepoint: 21915 ns, Total: 258428 ns
[2020-09-11T15:27:51.048+0000][1][safepoint    ] Safepoint "Cleanup", Time since last: 4000598282 ns, Reaching safepoint: 79519 ns, At safepoint: 8595 ns, Total: 88114 ns
[2020-09-11T15:27:52.642+0000][1][safepoint    ] Safepoint "RevokeBias", Time since last: 1593662089 ns, Reaching safepoint: 80751 ns, At safepoint: 20926 ns, Total: 101677 ns
[2020-09-11T15:27:53.221+0000][1][safepoint    ] Safepoint "RevokeBias", Time since last: 578521452 ns, Reaching safepoint: 182325 ns, At safepoint: 22222 ns, Total: 204547 ns
[2020-09-11T15:27:53.224+0000][1][safepoint    ] Safepoint "RevokeBias", Time since last: 3369369 ns, Reaching safepoint: 191715 ns, At safepoint: 22766 ns, Total: 214481 ns
[2020-09-11T15:27:53.225+0000][1][safepoint    ] Safepoint "RevokeBias", Time since last: 140715 ns, Reaching safepoint: 157114 ns, At safepoint: 13704 ns, Total: 170818 ns
[2020-09-11T15:27:53.225+0000][1][safepoint    ] Safepoint "RevokeBias", Time since last: 58120 ns, Reaching safepoint: 152206 ns, At safepoint: 12251 ns, Total: 164457 ns
[2020-09-11T15:27:53.228+0000][1][gc,start     ] GC(121) Pause Young (Allocation Failure)
[2020-09-11T15:27:53.228+0000][1][gc,task      ] GC(121) Using 1 workers of 1 for evacuation
[2020-09-11T15:27:53.242+0000][1][gc,age       ] GC(121) Desired survivor size 4358144 bytes, new threshold 6 (max threshold 6)
[2020-09-11T15:27:53.243+0000][1][gc,age       ] GC(121) Age table with threshold 6 (max threshold 6)
[2020-09-11T15:27:53.243+0000][1][gc,age       ] GC(121) - age   1:     357512 bytes,     357512 total
[2020-09-11T15:27:53.243+0000][1][gc,age       ] GC(121) - age   2:      19096 bytes,     376608 total
[2020-09-11T15:27:53.243+0000][1][gc,age       ] GC(121) - age   3:       6472 bytes,     383080 total
[2020-09-11T15:27:53.243+0000][1][gc,age       ] GC(121) - age   4:       1520 bytes,     384600 total
[2020-09-11T15:27:53.243+0000][1][gc,age       ] GC(121) - age   5:       4072 bytes,     388672 total
[2020-09-11T15:27:53.243+0000][1][gc,age       ] GC(121) - age   6:       3128 bytes,     391800 total
[2020-09-11T15:27:53.243+0000][1][gc,heap      ] GC(121) ParNew: 69102K->704K(76672K)
[2020-09-11T15:27:53.243+0000][1][gc,heap      ] GC(121) CMS: 106581K->106641K(2011968K)
[2020-09-11T15:27:53.243+0000][1][gc,metaspace ] GC(121) Metaspace: 93171K->93171K(1134592K)
[2020-09-11T15:27:53.243+0000][1][gc           ] GC(121) Pause Young (Allocation Failure) 171M->104M(2039M) 14.242ms
[2020-09-11T15:27:53.243+0000][1][gc,cpu       ] GC(121) User=0.01s Sys=0.00s Real=0.01s
[2020-09-11T15:27:53.243+0000][1][safepoint    ] Safepoint "GenCollectForAllocation", Time since last: 3409943 ns, Reaching safepoint: 180544 ns, At safepoint: 14338009 ns, Total: 14518553 ns
[2020-09-11T15:27:53.245+0000][1][safepoint    ] Safepoint "RevokeBias", Time since last: 2239863 ns, Reaching safepoint: 56755 ns, At safepoint: 31944 ns, Total: 88699 ns
[2020-09-11T15:27:57.049+0000][1][safepoint    ] Safepoint "RevokeBias", Time since last: 3803160788 ns, Reaching safepoint: 262662 ns, At safepoint: 50015 ns, Total: 312677 ns
[2020-09-11T15:27:58.049+0000][1][safepoint    ] Safepoint "Cleanup", Time since last: 1000232657 ns, Reaching safepoint: 161911 ns, At safepoint: 18904 ns, Total: 180815 ns
[2020-09-11T15:28:02.609+0000][1][safepoint    ] Safepoint "RevokeBias", Time since last: 4560065847 ns, Reaching safepoint: 78952 ns, At safepoint: 23453 ns, Total: 102405 ns
[2020-09-11T15:28:03.264+0000][1][safepoint    ] Safepoint "RevokeBias", Time since last: 654771725 ns, Reaching safepoint: 265525 ns, At safepoint: 23344 ns, Total: 288869 ns
[2020-09-11T15:28:03.264+0000][1][safepoint    ] Safepoint "RevokeBias", Time since last: 151815 ns, Reaching safepoint: 150307 ns, At safepoint: 12856 ns, Total: 163163 ns
[2020-09-11T15:28:03.265+0000][1][safepoint    ] Safepoint "RevokeBias", Time since last: 120136 ns, Reaching safepoint: 153718 ns, At safepoint: 12228 ns, Total: 165946 ns
[2020-09-11T15:28:03.265+0000][1][safepoint    ] Safepoint "RevokeBias", Time since last: 52854 ns, Reaching safepoint: 151027 ns, At safepoint: 11474 ns, Total: 162501 ns
[2020-09-11T15:28:03.268+0000][1][safepoint    ] Safepoint "RevokeBias", Time since last: 3171386 ns, Reaching safepoint: 168619 ns, At safepoint: 19314 ns, Total: 187933 ns
[2020-09-11T15:28:07.049+0000][1][safepoint    ] Safepoint "RevokeBias", Time since last: 3780172202 ns, Reaching safepoint: 266505 ns, At safepoint: 48929 ns, Total: 315434 ns
[2020-09-11T15:28:08.049+0000][1][safepoint    ] Safepoint "Cleanup", Time since last: 1000172011 ns, Reaching safepoint: 81075 ns, At safepoint: 7844 ns, Total: 88919 ns
[2020-09-11T15:28:11.050+0000][1][safepoint    ] Safepoint "Cleanup", Time since last: 3000449807 ns, Reaching safepoint: 147361 ns, At safepoint: 17594 ns, Total: 164955 ns
[2020-09-11T15:28:12.613+0000][1][safepoint    ] Safepoint "RevokeBias", Time since last: 1562830406 ns, Reaching safepoint: 81656 ns, At safepoint: 21898 ns, Total: 103554 ns
[2020-09-11T15:28:13.278+0000][1][gc,start     ] GC(122) Pause Young (Allocation Failure)
[2020-09-11T15:28:13.279+0000][1][gc,task      ] GC(122) Using 1 workers of 1 for evacuation
[2020-09-11T15:28:13.293+0000][1][gc,age       ] GC(122) Desired survivor size 4358144 bytes, new threshold 6 (max threshold 6)
[2020-09-11T15:28:13.293+0000][1][gc,age       ] GC(122) Age table with threshold 6 (max threshold 6)
[2020-09-11T15:28:13.293+0000][1][gc,age       ] GC(122) - age   1:    1658448 bytes,    1658448 total
[2020-09-11T15:28:13.293+0000][1][gc,age       ] GC(122) - age   2:      76312 bytes,    1734760 total
[2020-09-11T15:28:13.293+0000][1][gc,age       ] GC(122) - age   3:       6400 bytes,    1741160 total
[2020-09-11T15:28:13.293+0000][1][gc,age       ] GC(122) - age   4:       5040 bytes,    1746200 total
[2020-09-11T15:28:13.293+0000][1][gc,age       ] GC(122) - age   5:       1328 bytes,    1747528 total
[2020-09-11T15:28:13.293+0000][1][gc,age       ] GC(122) - age   6:       2800 bytes,    1750328 total
[2020-09-11T15:28:13.293+0000][1][gc,heap      ] GC(122) ParNew: 68611K->2014K(76672K)
[2020-09-11T15:28:13.293+0000][1][gc,heap      ] GC(122) CMS: 106641K->106644K(2011968K)
[2020-09-11T15:28:13.293+0000][1][gc,metaspace ] GC(122) Metaspace: 93214K->93214K(1134592K)
[2020-09-11T15:28:13.293+0000][1][gc           ] GC(122) Pause Young (Allocation Failure) 171M->106M(2039M) 14.772ms
[2020-09-11T15:28:13.293+0000][1][gc,cpu       ] GC(122) User=0.01s Sys=0.00s Real=0.01s
[2020-09-11T15:28:13.293+0000][1][safepoint    ] Safepoint "GenCollectForAllocation", Time since last: 665446160 ns, Reaching safepoint: 281542 ns, At safepoint: 14859693 ns, Total: 15141235 ns
[2020-09-11T15:28:13.295+0000][1][safepoint    ] Safepoint "RevokeBias", Time since last: 1779861 ns, Reaching safepoint: 62703 ns, At safepoint: 35232 ns, Total: 97935 ns
[2020-09-11T15:28:13.295+0000][1][safepoint    ] Safepoint "BulkRevokeBias", Time since last: 125341 ns, Reaching safepoint: 24423 ns, At safepoint: 228816 ns, Total: 253239 ns
[2020-09-11T15:28:13.296+0000][1][safepoint    ] Safepoint "RevokeBias", Time since last: 90080 ns, Reaching safepoint: 30639 ns, At safepoint: 19208 ns, Total: 49847 ns
[2020-09-11T15:28:13.296+0000][1][safepoint    ] Safepoint "RevokeBias", Time since last: 38741 ns, Reaching safepoint: 24788 ns, At safepoint: 17705 ns, Total: 42493 ns
[2020-09-11T15:28:13.301+0000][1][safepoint    ] Safepoint "RevokeBias", Time since last: 5262786 ns, Reaching safepoint: 174369 ns, At safepoint: 31756 ns, Total: 206125 ns
[2020-09-11T15:28:17.053+0000][1][safepoint    ] Safepoint "RevokeBias", Time since last: 3751868222 ns, Reaching safepoint: 200442 ns, At safepoint: 21948 ns, Total: 222390 ns
[2020-09-11T15:28:18.053+0000][1][safepoint    ] Safepoint "Cleanup", Time since last: 1000128936 ns, Reaching safepoint: 77034 ns, At safepoint: 8765 ns, Total: 85799 ns
[2020-09-11T15:28:20.054+0000][1][safepoint    ] Safepoint "Cleanup", Time since last: 2000345900 ns, Reaching safepoint: 103831 ns, At safepoint: 8484 ns, Total: 112315 ns
[2020-09-11T15:28:22.616+0000][1][safepoint    ] Safepoint "RevokeBias", Time since last: 2561412153 ns, Reaching safepoint: 127037 ns, At safepoint: 23232 ns, Total: 150269 ns
[2020-09-11T15:28:23.317+0000][1][safepoint    ] Safepoint "RevokeBias", Time since last: 700848195 ns, Reaching safepoint: 178227 ns, At safepoint: 21595 ns, Total: 199822 ns
[2020-09-11T15:28:23.317+0000][1][safepoint    ] Safepoint "RevokeBias", Time since last: 140959 ns, Reaching safepoint: 145104 ns, At safepoint: 13333 ns, Total: 158437 ns
[2020-09-11T15:28:23.317+0000][1][safepoint    ] Safepoint "RevokeBias", Time since last: 95289 ns, Reaching safepoint: 154680 ns, At safepoint: 11876 ns, Total: 166556 ns
[2020-09-11T15:28:23.317+0000][1][safepoint    ] Safepoint "RevokeBias", Time since last: 47085 ns, Reaching safepoint: 148857 ns, At safepoint: 10935 ns, Total: 159792 ns
[2020-09-11T15:28:23.321+0000][1][safepoint    ] Safepoint "RevokeBias", Time since last: 3042618 ns, Reaching safepoint: 164590 ns, At safepoint: 19091 ns, Total: 183681 ns
[2020-09-11T15:28:24.321+0000][1][safepoint    ] Safepoint "Cleanup", Time since last: 1000122035 ns, Reaching safepoint: 131458 ns, At safepoint: 7844 ns, Total: 139302 ns
[2020-09-11T15:28:27.048+0000][1][safepoint    ] Safepoint "RevokeBias", Time since last: 2726801022 ns, Reaching safepoint: 191562 ns, At safepoint: 23254 ns, Total: 214816 ns
[2020-09-11T15:28:28.048+0000][1][safepoint    ] Safepoint "Cleanup", Time since last: 1000187536 ns, Reaching safepoint: 105003 ns, At safepoint: 9738 ns, Total: 114741 ns
[2020-09-11T15:28:29.048+0000][1][safepoint    ] Safepoint "Cleanup", Time since last: 1000133852 ns, Reaching safepoint: 94346 ns, At safepoint: 10282 ns, Total: 104628 ns
[2020-09-11T15:28:30.783+0000][1][gc,start     ] GC(123) Pause Young (Allocation Failure)
[2020-09-11T15:28:30.783+0000][1][gc,task      ] GC(123) Using 1 workers of 1 for evacuation
[2020-09-11T15:28:30.798+0000][1][gc,age       ] GC(123) Desired survivor size 4358144 bytes, new threshold 6 (max threshold 6)
[2020-09-11T15:28:30.798+0000][1][gc,age       ] GC(123) Age table with threshold 6 (max threshold 6)
[2020-09-11T15:28:30.798+0000][1][gc,age       ] GC(123) - age   1:     160864 bytes,     160864 total
[2020-09-11T15:28:30.799+0000][1][gc,age       ] GC(123) - age   2:     121680 bytes,     282544 total
[2020-09-11T15:28:30.799+0000][1][gc,age       ] GC(123) - age   3:      68560 bytes,     351104 total
[2020-09-11T15:28:30.799+0000][1][gc,age       ] GC(123) - age   4:       6400 bytes,     357504 total
[2020-09-11T15:28:30.799+0000][1][gc,age       ] GC(123) - age   5:       3768 bytes,     361272 total
[2020-09-11T15:28:30.799+0000][1][gc,age       ] GC(123) - age   6:       1328 bytes,     362600 total
[2020-09-11T15:28:30.799+0000][1][gc,heap      ] GC(123) ParNew: 70174K->1049K(76672K)
[2020-09-11T15:28:30.799+0000][1][gc,heap      ] GC(123) CMS: 106644K->106647K(2011968K)
[2020-09-11T15:28:30.799+0000][1][gc,metaspace ] GC(123) Metaspace: 93259K->93259K(1134592K)
[2020-09-11T15:28:30.799+0000][1][gc           ] GC(123) Pause Young (Allocation Failure) 172M->105M(2039M) 15.723ms
[2020-09-11T15:28:30.799+0000][1][gc,cpu       ] GC(123) User=0.01s Sys=0.00s Real=0.02s
[2020-09-11T15:28:30.802+0000][1][safepoint    ] Safepoint "GenCollectForAllocation", Time since last: 1734306910 ns, Reaching safepoint: 188997 ns, At safepoint: 19003649 ns, Total: 19192646 ns
[2020-09-11T15:28:32.617+0000][1][safepoint    ] Safepoint "RevokeBias", Time since last: 1814591386 ns, Reaching safepoint: 86772 ns, At safepoint: 33636 ns, Total: 120408 ns
[2020-09-11T15:28:33.332+0000][1][safepoint    ] Safepoint "RevokeBias", Time since last: 714981320 ns, Reaching safepoint: 182976 ns, At safepoint: 23057 ns, Total: 206033 ns
[2020-09-11T15:28:33.332+0000][1][safepoint    ] Safepoint "RevokeBias", Time since last: 146953 ns, Reaching safepoint: 145130 ns, At safepoint: 13153 ns, Total: 158283 ns
[2020-09-11T15:28:33.332+0000][1][safepoint    ] Safepoint "RevokeBias", Time since last: 94744 ns, Reaching safepoint: 155540 ns, At safepoint: 11768 ns, Total: 167308 ns
[2020-09-11T15:28:33.333+0000][1][safepoint    ] Safepoint "RevokeBias", Time since last: 47634 ns, Reaching safepoint: 149037 ns, At safepoint: 10959 ns, Total: 159996 ns
[2020-09-11T15:28:33.343+0000][1][safepoint    ] Safepoint "RevokeBias", Time since last: 10182835 ns, Reaching safepoint: 133252 ns, At safepoint: 20480 ns, Total: 153732 ns
[2020-09-11T15:28:37.051+0000][1][safepoint    ] Safepoint "RevokeBias", Time since last: 3708085327 ns, Reaching safepoint: 359801 ns, At safepoint: 36690 ns, Total: 396491 ns
[2020-09-11T15:28:38.052+0000][1][safepoint    ] Safepoint "Cleanup", Time since last: 1000304760 ns, Reaching safepoint: 158420 ns, At safepoint: 23326 ns, Total: 181746 ns
[2020-09-11T15:28:42.624+0000][1][safepoint    ] Safepoint "RevokeBias", Time since last: 4572523295 ns, Reaching safepoint: 85828 ns, At safepoint: 26240 ns, Total: 112068 ns
[2020-09-11T15:28:43.357+0000][1][safepoint    ] Safepoint "RevokeBias", Time since last: 732624105 ns, Reaching safepoint: 250695 ns, At safepoint: 49546 ns, Total: 300241 ns
[2020-09-11T15:28:43.358+0000][1][safepoint    ] Safepoint "RevokeBias", Time since last: 395063 ns, Reaching safepoint: 182469 ns, At safepoint: 36504 ns, Total: 218973 ns
[2020-09-11T15:28:43.359+0000][1][safepoint    ] Safepoint "RevokeBias", Time since last: 263086 ns, Reaching safepoint: 190156 ns, At safepoint: 34306 ns, Total: 224462 ns
[2020-09-11T15:28:43.359+0000][1][safepoint    ] Safepoint "RevokeBias", Time since last: 145126 ns, Reaching safepoint: 178951 ns, At safepoint: 33065 ns, Total: 212016 ns
[2020-09-11T15:28:43.364+0000][1][safepoint    ] Safepoint "RevokeBias", Time since last: 4553314 ns, Reaching safepoint: 162343 ns, At safepoint: 18079 ns, Total: 180422 ns
[2020-09-11T15:28:44.364+0000][1][safepoint    ] Safepoint "Cleanup", Time since last: 1000169153 ns, Reaching safepoint: 142423 ns, At safepoint: 20447 ns, Total: 162870 ns
[2020-09-11T15:29:29.844+0000][1][gc,start     ] GC(124) Pause Young (Allocation Failure)
[2020-09-11T15:29:33.215+0000][1][gc,task      ] GC(124) Using 1 workers of 1 for evacuation
[2020-09-11T15:30:01.178+0000][1][gc,age       ] GC(124) Desired survivor size 4358144 bytes, new threshold 6 (max threshold 6)
[2020-09-11T15:30:01.180+0000][1][gc,age       ] GC(124) Age table with threshold 6 (max threshold 6)
[2020-09-11T15:30:01.180+0000][1][gc,age       ] GC(124) - age   1:     148520 bytes,     148520 total
[2020-09-11T15:30:01.180+0000][1][gc,age       ] GC(124) - age   2:     117832 bytes,     266352 total
[2020-09-11T15:30:01.180+0000][1][gc,age       ] GC(124) - age   3:     103488 bytes,     369840 total
[2020-09-11T15:30:01.180+0000][1][gc,age       ] GC(124) - age   4:      65264 bytes,     435104 total
[2020-09-11T15:30:01.180+0000][1][gc,age       ] GC(124) - age   5:       2848 bytes,     437952 total
[2020-09-11T15:30:01.180+0000][1][gc,age       ] GC(124) - age   6:       2528 bytes,     440480 total
[2020-09-11T15:30:01.181+0000][1][gc,heap      ] GC(124) ParNew: 69209K->701K(76672K)
[2020-09-11T15:30:01.190+0000][1][gc,heap      ] GC(124) CMS: 106647K->106648K(2011968K)
[2020-09-11T15:30:01.190+0000][1][gc,metaspace ] GC(124) Metaspace: 93309K->93309K(1134592K)
[2020-09-11T15:30:01.303+0000][1][gc           ] GC(124) Pause Young (Allocation Failure) 171M->104M(2039M) 31459.255ms
[2020-09-11T15:30:01.303+0000][1][gc,cpu       ] GC(124) User=2.70s Sys=0.15s Real=31.46s
[2020-09-11T15:30:01.639+0000][1][safepoint    ] Safepoint "GenCollectForAllocation", Time since last: 35819115657 ns, Reaching safepoint: 9498317879 ns, At safepoint: 31960012782 ns, Total: 41458330661 ns
[2020-09-11T15:30:31.104+0000][1][safepoint    ] Safepoint "Cleanup", Time since last: 28292883616 ns, Reaching safepoint: 1075378295 ns, At safepoint: 96876869 ns, Total: 1172255164 ns
[2020-09-11T15:30:37.767+0000][1][safepoint    ] Safepoint "Cleanup", Time since last: 6662631713 ns, Reaching safepoint: 239302 ns, At safepoint: 14864 ns, Total: 254166 ns
[2020-09-11T15:30:44.233+0000][1][safepoint    ] Safepoint "Cleanup", Time since last: 3363642786 ns, Reaching safepoint: 2694157305 ns, At safepoint: 408759295 ns, Total: 3102916600 ns
[2020-09-11T15:30:45.736+0000][1][safepoint    ] Safepoint "RevokeBias", Time since last: 768833596 ns, Reaching safepoint: 591254133 ns, At safepoint: 142857879 ns, Total: 734112012 ns
[2020-09-11T15:30:46.440+0000][1][safepoint    ] Safepoint "RevokeBias", Time since last: 333724592 ns, Reaching safepoint: 358625327 ns, At safepoint: 11112436 ns, Total: 369737763 ns
[2020-09-11T15:30:46.959+0000][1][safepoint    ] Safepoint "RevokeBias", Time since last: 88124340 ns, Reaching safepoint: 392176471 ns, At safepoint: 39184306 ns, Total: 431360777 ns
[2020-09-11T15:30:48.473+0000][1][safepoint    ] Safepoint "RevokeBias", Time since last: 833901149 ns, Reaching safepoint: 358618141 ns, At safepoint: 321444563 ns, Total: 680062704 ns
[2020-09-11T15:30:49.049+0000][1][safepoint    ] Safepoint "RevokeBias", Time since last: 564731439 ns, Reaching safepoint: 11346792 ns, At safepoint: 70153 ns, Total: 11416945 ns
[2020-09-11T15:30:50.774+0000][1][safepoint    ] Safepoint "Cleanup", Time since last: 1022552498 ns, Reaching safepoint: 390035819 ns, At safepoint: 311921664 ns, Total: 701957483 ns
[2020-09-11T15:30:52.522+0000][1][safepoint    ] Safepoint "Cleanup", Time since last: 1156394259 ns, Reaching safepoint: 268321901 ns, At safepoint: 323674544 ns, Total: 591996445 ns
[2020-09-11T15:30:54.768+0000][1][safepoint    ] Safepoint "Cleanup", Time since last: 1007217265 ns, Reaching safepoint: 580523258 ns, At safepoint: 658139148 ns, Total: 1238662406 ns
[2020-09-11T15:30:56.570+0000][1][safepoint    ] Safepoint "Cleanup", Time since last: 1028817263 ns, Reaching safepoint: 260180968 ns, At safepoint: 512713311 ns, Total: 772894279 ns
[2020-09-11T15:30:58.609+0000][1][safepoint    ] Safepoint "Cleanup", Time since last: 1097061343 ns, Reaching safepoint: 326897242 ns, At safepoint: 614804772 ns, Total: 941702014 ns
[2020-09-11T15:31:00.575+0000][1][safepoint    ] Safepoint "Cleanup", Time since last: 1049645174 ns, Reaching safepoint: 500928008 ns, At safepoint: 415561316 ns, Total: 916489324 ns
[2020-09-11T15:31:01.623+0000][1][safepoint    ] Safepoint "Cleanup", Time since last: 1048252056 ns, Reaching safepoint: 508070 ns, At safepoint: 17101 ns, Total: 525171 ns
[2020-09-11T15:31:03.912+0000][1][safepoint    ] Safepoint "Cleanup", Time since last: 1581482427 ns, Reaching safepoint: 230040014 ns, At safepoint: 477040263 ns, Total: 707080277 ns
[2020-09-11T15:31:04.996+0000][1][safepoint    ] Safepoint "Cleanup", Time since last: 1083235124 ns, Reaching safepoint: 625635 ns, At safepoint: 37683 ns, Total: 663318 ns
[2020-09-11T15:31:07.510+0000][1][safepoint    ] Safepoint "Cleanup", Time since last: 1473450703 ns, Reaching safepoint: 555870329 ns, At safepoint: 484652178 ns, Total: 1040522507 ns
[2020-09-11T15:31:09.033+0000][1][safepoint    ] Safepoint "Cleanup", Time since last: 1075018590 ns, Reaching safepoint: 448264876 ns, At safepoint: 43877 ns, Total: 448308753 ns
[2020-09-11T15:31:11.000+0000][1][safepoint    ] Safepoint "Cleanup", Time since last: 1197348505 ns, Reaching safepoint: 769257011 ns, At safepoint: 61658 ns, Total: 769318669 ns
[2020-09-11T15:31:12.362+0000][1][safepoint    ] Safepoint "Cleanup", Time since last: 1188063328 ns, Reaching safepoint: 173631578 ns, At safepoint: 54176 ns, Total: 173685754 ns
[2020-09-11T15:31:13.632+0000][1][safepoint    ] Safepoint "Cleanup", Time since last: 1269592652 ns, Reaching safepoint: 957165 ns, At safepoint: 41206 ns, Total: 998371 ns
[2020-09-11T15:31:14.730+0000][1][safepoint    ] Safepoint "Cleanup", Time since last: 1096532640 ns, Reaching safepoint: 718267 ns, At safepoint: 42225 ns, Total: 760492 ns
[2020-09-11T15:31:16.020+0000][1][safepoint    ] Safepoint "Cleanup", Time since last: 1119355159 ns, Reaching safepoint: 171436678 ns, At safepoint: 27968 ns, Total: 171464646 ns
[2020-09-11T15:31:20.717+0000][1][safepoint    ] Safepoint "RevokeBias", Time since last: 4694046456 ns, Reaching safepoint: 2561699 ns, At safepoint: 61210 ns, Total: 2622909 ns
[2020-09-11T15:31:21.567+0000][1][safepoint    ] Safepoint "RevokeBias", Time since last: 849941432 ns, Reaching safepoint: 198544 ns, At safepoint: 34620 ns, Total: 233164 ns
[2020-09-11T15:31:22.525+0000][1][safepoint    ] Safepoint "RevokeBias", Time since last: 957194264 ns, Reaching safepoint: 464554 ns, At safepoint: 60796 ns, Total: 525350 ns
[2020-09-11T15:31:23.636+0000][1][safepoint    ] Safepoint "Cleanup", Time since last: 1110529931 ns, Reaching safepoint: 494397 ns, At safepoint: 33448 ns, Total: 527845 ns
[2020-09-11T15:31:25.248+0000][1][safepoint    ] Safepoint "Cleanup", Time since last: 1172390041 ns, Reaching safepoint: 316481606 ns, At safepoint: 122831792 ns, Total: 439313398 ns
[2020-09-11T15:31:26.515+0000][1][safepoint    ] Safepoint "Cleanup", Time since last: 1070956210 ns, Reaching safepoint: 196583086 ns, At safepoint: 56912 ns, Total: 196639998 ns
[2020-09-11T15:31:27.881+0000][1][safepoint    ] Safepoint "Cleanup", Time since last: 1255984401 ns, Reaching safepoint: 21410894 ns, At safepoint: 88442236 ns, Total: 109853130 ns
[2020-09-11T15:31:29.175+0000][1][safepoint    ] Safepoint "Cleanup", Time since last: 1021826435 ns, Reaching safepoint: 16114486 ns, At safepoint: 256292348 ns, Total: 272406834 ns
[2020-09-11T15:31:30.263+0000][1][safepoint    ] Safepoint "Cleanup", Time since last: 1084231071 ns, Reaching safepoint: 3549482 ns, At safepoint: 13885 ns, Total: 3563367 ns
[2020-09-11T15:31:31.534+0000][1][safepoint    ] Safepoint "Cleanup", Time since last: 1078352832 ns, Reaching safepoint: 22284077 ns, At safepoint: 170414672 ns, Total: 192698749 ns
[2020-09-11T15:31:32.773+0000][1][safepoint    ] Safepoint "Cleanup", Time since last: 1047706357 ns, Reaching safepoint: 190718310 ns, At safepoint: 17319 ns, Total: 190735629 ns
[2020-09-11T15:31:33.710+0000][1][safepoint    ] Safepoint "RevokeBias", Time since last: 936638852 ns, Reaching safepoint: 280863 ns, At safepoint: 50349 ns, Total: 331212 ns
[2020-09-11T15:31:33.851+0000][1][safepoint    ] Safepoint "RevokeBias", Time since last: 36315384 ns, Reaching safepoint: 104496997 ns, At safepoint: 71191 ns, Total: 104568188 ns
[2020-09-11T15:31:34.878+0000][1][safepoint    ] Safepoint "Cleanup", Time since last: 1001478911 ns, Reaching safepoint: 26166633 ns, At safepoint: 31301 ns, Total: 26197934 ns
[2020-09-11T15:31:35.927+0000][1][safepoint    ] Safepoint "Cleanup", Time since last: 1048746407 ns, Reaching safepoint: 168698 ns, At safepoint: 20681 ns, Total: 189379 ns
[2020-09-11T15:31:36.959+0000][1][safepoint    ] Safepoint "Cleanup", Time since last: 1031109175 ns, Reaching safepoint: 371026 ns, At safepoint: 22589 ns, Total: 393615 ns
[2020-09-11T15:31:37.968+0000][1][safepoint    ] Safepoint "Cleanup", Time since last: 1008744205 ns, Reaching safepoint: 158616 ns, At safepoint: 23080 ns, Total: 181696 ns
[2020-09-11T15:31:38.972+0000][1][safepoint    ] Safepoint "Cleanup", Time since last: 1004478794 ns, Reaching safepoint: 157287 ns, At safepoint: 27991 ns, Total: 185278 ns
[2020-09-11T15:31:39.993+0000][1][safepoint    ] Safepoint "Cleanup", Time since last: 1020458036 ns, Reaching safepoint: 217626 ns, At safepoint: 26558 ns, Total: 244184 ns
[2020-09-11T15:31:40.994+0000][1][safepoint    ] Safepoint "Cleanup", Time since last: 1000520704 ns, Reaching safepoint: 78389 ns, At safepoint: 9234 ns, Total: 87623 ns
[2020-09-11T15:31:41.996+0000][1][safepoint    ] Safepoint "Cleanup", Time since last: 1002674446 ns, Reaching safepoint: 83802 ns, At safepoint: 8562 ns, Total: 92364 ns
[2020-09-11T15:31:43.060+0000][1][safepoint    ] Safepoint "Cleanup", Time since last: 1063466418 ns, Reaching safepoint: 498111 ns, At safepoint: 32381 ns, Total: 530492 ns
[2020-09-11T15:31:44.157+0000][1][safepoint    ] Safepoint "Cleanup", Time since last: 1071734573 ns, Reaching safepoint: 24966011 ns, At safepoint: 35949 ns, Total: 25001960 ns
[2020-09-11T15:31:45.174+0000][1][safepoint    ] Safepoint "Cleanup", Time since last: 1016300288 ns, Reaching safepoint: 163844 ns, At safepoint: 21397 ns, Total: 185241 ns
[2020-09-11T15:31:46.176+0000][1][safepoint    ] Safepoint "Cleanup", Time since last: 1001884921 ns, Reaching safepoint: 106154 ns, At safepoint: 9313 ns, Total: 115467 ns
[2020-09-11T15:31:47.178+0000][1][safepoint    ] Safepoint "Cleanup", Time since last: 1002294447 ns, Reaching safepoint: 163357 ns, At safepoint: 20826 ns, Total: 184183 ns
[2020-09-11T15:31:48.197+0000][1][safepoint    ] Safepoint "Cleanup", Time since last: 1019045930 ns, Reaching safepoint: 270570 ns, At safepoint: 23769 ns, Total: 294339 ns
[2020-09-11T15:31:49.021+0000][1][safepoint    ] Safepoint "RevokeBias", Time since last: 646537338 ns, Reaching safepoint: 176592060 ns, At safepoint: 269238 ns, Total: 176861298 ns
[2020-09-11T15:31:50.047+0000][1][safepoint    ] Safepoint "Cleanup", Time since last: 1026494217 ns, Reaching safepoint: 85801 ns, At safepoint: 9335 ns, Total: 95136 ns
[2020-09-11T15:31:51.059+0000][1][safepoint    ] Safepoint "Cleanup", Time since last: 1011982662 ns, Reaching safepoint: 81067 ns, At safepoint: 8563 ns, Total: 89630 ns
[2020-09-11T15:31:52.261+0000][1][safepoint    ] Safepoint "Cleanup", Time since last: 1201425775 ns, Reaching safepoint: 421386 ns, At safepoint: 35633 ns, Total: 457019 ns
[2020-09-11T15:31:53.725+0000][1][safepoint    ] Safepoint "Cleanup", Time since last: 1037178240 ns, Reaching safepoint: 236017972 ns, At safepoint: 190057953 ns, Total: 426075925 ns
[2020-09-11T15:31:55.014+0000][1][safepoint    ] Safepoint "Cleanup", Time since last: 1000926446 ns, Reaching safepoint: 219510898 ns, At safepoint: 69013953 ns, Total: 288524851 ns
[2020-09-11T15:31:56.082+0000][1][safepoint    ] Safepoint "Cleanup", Time since last: 1067727334 ns, Reaching safepoint: 169073 ns, At safepoint: 28022 ns, Total: 197095 ns
[2020-09-11T15:31:57.105+0000][1][safepoint    ] Safepoint "Cleanup", Time since last: 1022706794 ns, Reaching safepoint: 86958 ns, At safepoint: 8365 ns, Total: 95323 ns
[2020-09-11T15:31:58.156+0000][1][safepoint    ] Safepoint "Cleanup", Time since last: 1051375619 ns, Reaching safepoint: 83850 ns, At safepoint: 7286 ns, Total: 91136 ns
[2020-09-11T15:31:59.158+0000][1][safepoint    ] Safepoint "Cleanup", Time since last: 1001346582 ns, Reaching safepoint: 156970 ns, At safepoint: 19339 ns, Total: 176309 ns
[2020-09-11T15:32:00.163+0000][1][safepoint    ] Safepoint "Cleanup", Time since last: 1004901334 ns, Reaching safepoint: 358127 ns, At safepoint: 25864 ns, Total: 383991 ns
[2020-09-11T15:32:01.203+0000][1][safepoint    ] Safepoint "Cleanup", Time since last: 1040094128 ns, Reaching safepoint: 158985 ns, At safepoint: 22326 ns, Total: 181311 ns
[2020-09-11T15:32:02.220+0000][1][safepoint    ] Safepoint "Cleanup", Time since last: 1017104495 ns, Reaching safepoint: 104569 ns, At safepoint: 9592 ns, Total: 114161 ns
[2020-09-11T15:32:03.236+0000][1][safepoint    ] Safepoint "Cleanup", Time since last: 1015563774 ns, Reaching safepoint: 151782 ns, At safepoint: 21324 ns, Total: 173106 ns
[2020-09-11T15:32:04.244+0000][1][safepoint    ] Safepoint "Cleanup", Time since last: 1007867296 ns, Reaching safepoint: 156142 ns, At safepoint: 20736 ns, Total: 176878 ns
[2020-09-11T15:32:05.246+0000][1][safepoint    ] Safepoint "Cleanup", Time since last: 1001214289 ns, Reaching safepoint: 74769 ns, At safepoint: 7489 ns, Total: 82258 ns
[2020-09-11T15:32:06.260+0000][1][safepoint    ] Safepoint "Cleanup", Time since last: 1014065099 ns, Reaching safepoint: 158815 ns, At safepoint: 22477 ns, Total: 181292 ns
[2020-09-11T15:32:07.284+0000][1][safepoint    ] Safepoint "Cleanup", Time since last: 1009669002 ns, Reaching safepoint: 14398612 ns, At safepoint: 27268 ns, Total: 14425880 ns
[2020-09-11T15:32:08.903+0000][1][safepoint    ] Safepoint "Cleanup", Time since last: 1139951722 ns, Reaching safepoint: 198742028 ns, At safepoint: 280136514 ns, Total: 478878542 ns
[2020-09-11T15:32:10.004+0000][1][safepoint    ] Safepoint "Cleanup", Time since last: 1092744356 ns, Reaching safepoint: 8568525 ns, At safepoint: 17128 ns, Total: 8585653 ns
[2020-09-11T15:32:11.009+0000][1][safepoint    ] Safepoint "Cleanup", Time since last: 1004789166 ns, Reaching safepoint: 326424 ns, At safepoint: 27234 ns, Total: 353658 ns
[2020-09-11T15:32:12.011+0000][1][safepoint    ] Safepoint "Cleanup", Time since last: 1001358711 ns, Reaching safepoint: 193647 ns, At safepoint: 24542 ns, Total: 218189 ns
[2020-09-11T15:32:13.014+0000][1][safepoint    ] Safepoint "Cleanup", Time since last: 1003200105 ns, Reaching safepoint: 98300 ns, At safepoint: 10012 ns, Total: 108312 ns
[2020-09-11T15:32:14.093+0000][1][safepoint    ] Safepoint "Cleanup", Time since last: 1078822374 ns, Reaching safepoint: 166838 ns, At safepoint: 22199 ns, Total: 189037 ns
[2020-09-11T15:32:15.121+0000][1][safepoint    ] Safepoint "Cleanup", Time since last: 1027423824 ns, Reaching safepoint: 211507 ns, At safepoint: 133790 ns, Total: 345297 ns
[2020-09-11T15:32:15.748+0000][1][gc,start     ] GC(125) Pause Young (Allocation Failure)
[2020-09-11T15:32:15.748+0000][1][gc,task      ] GC(125) Using 1 workers of 1 for evacuation
[2020-09-11T15:32:17.110+0000][1][gc,age       ] GC(125) Desired survivor size 4358144 bytes, new threshold 6 (max threshold 6)
[2020-09-11T15:32:17.111+0000][1][gc,age       ] GC(125) Age table with threshold 6 (max threshold 6)
[2020-09-11T15:32:17.111+0000][1][gc,age       ] GC(125) - age   1:    2337544 bytes,    2337544 total
[2020-09-11T15:32:17.111+0000][1][gc,age       ] GC(125) - age   2:     119096 bytes,    2456640 total
[2020-09-11T15:32:17.111+0000][1][gc,age       ] GC(125) - age   3:     109264 bytes,    2565904 total
[2020-09-11T15:32:17.111+0000][1][gc,age       ] GC(125) - age   4:     103488 bytes,    2669392 total
[2020-09-11T15:32:17.111+0000][1][gc,age       ] GC(125) - age   5:      62784 bytes,    2732176 total
[2020-09-11T15:32:17.111+0000][1][gc,age       ] GC(125) - age   6:       2816 bytes,    2734992 total
[2020-09-11T15:32:17.111+0000][1][gc,heap      ] GC(125) ParNew: 68861K->2872K(76672K)
[2020-09-11T15:32:17.111+0000][1][gc,heap      ] GC(125) CMS: 106648K->106651K(2011968K)
[2020-09-11T15:32:17.111+0000][1][gc,metaspace ] GC(125) Metaspace: 93334K->93334K(1134592K)
[2020-09-11T15:32:17.111+0000][1][gc           ] GC(125) Pause Young (Allocation Failure) 171M->106M(2039M) 1362.781ms
[2020-09-11T15:32:17.111+0000][1][gc,cpu       ] GC(125) User=0.10s Sys=0.00s Real=1.36s
[2020-09-11T15:32:17.516+0000][1][safepoint    ] Safepoint "GenCollectForAllocation", Time since last: 618093996 ns, Reaching safepoint: 9174665 ns, At safepoint: 1768274059 ns, Total: 1777448724 ns
[2020-09-11T15:32:18.528+0000][1][safepoint    ] Safepoint "Cleanup", Time since last: 1011208985 ns, Reaching safepoint: 160804 ns, At safepoint: 18889 ns, Total: 179693 ns
[2020-09-11T15:32:19.588+0000][1][safepoint    ] Safepoint "Cleanup", Time since last: 1059580553 ns, Reaching safepoint: 150147 ns, At safepoint: 31458 ns, Total: 181605 ns
[2020-09-11T15:32:20.662+0000][1][safepoint    ] Safepoint "Cleanup", Time since last: 1074148653 ns, Reaching safepoint: 164675 ns, At safepoint: 10275 ns, Total: 174950 ns
[2020-09-11T15:32:21.673+0000][1][safepoint    ] Safepoint "Cleanup", Time since last: 1010837199 ns, Reaching safepoint: 202508 ns, At safepoint: 23513 ns, Total: 226021 ns
[2020-09-11T15:32:22.690+0000][1][safepoint    ] Safepoint "Cleanup", Time since last: 1016530088 ns, Reaching safepoint: 81053 ns, At safepoint: 8321 ns, Total: 89374 ns
[2020-09-11T15:32:23.754+0000][1][safepoint    ] Safepoint "Cleanup", Time since last: 1064574189 ns, Reaching safepoint: 165006 ns, At safepoint: 31518 ns, Total: 196524 ns
[2020-09-11T15:32:24.756+0000][1][safepoint    ] Safepoint "Cleanup", Time since last: 1001536414 ns, Reaching safepoint: 150849 ns, At safepoint: 21628 ns, Total: 172477 ns
[2020-09-11T15:32:25.764+0000][1][safepoint    ] Safepoint "Cleanup", Time since last: 1008121513 ns, Reaching safepoint: 155850 ns, At safepoint: 20055 ns, Total: 175905 ns
[2020-09-11T15:32:26.794+0000][1][safepoint    ] Safepoint "Cleanup", Time since last: 1029798346 ns, Reaching safepoint: 90079 ns, At safepoint: 8985 ns, Total: 99064 ns
[2020-09-11T15:32:27.811+0000][1][safepoint    ] Safepoint "Cleanup", Time since last: 1016398964 ns, Reaching safepoint: 102847 ns, At safepoint: 8817 ns, Total: 111664 ns
[2020-09-11T15:32:28.820+0000][1][safepoint    ] Safepoint "Cleanup", Time since last: 1009442923 ns, Reaching safepoint: 80654 ns, At safepoint: 7784 ns, Total: 88438 ns
[2020-09-11T15:32:29.036+0000][1][safepoint    ] Safepoint "RevokeBias", Time since last: 214455614 ns, Reaching safepoint: 803760 ns, At safepoint: 28214 ns, Total: 831974 ns
[2020-09-11T15:32:29.761+0000][1][safepoint    ] Safepoint "RevokeBias", Time since last: 724889239 ns, Reaching safepoint: 173422 ns, At safepoint: 26477 ns, Total: 199899 ns
[2020-09-11T15:32:30.465+0000][1][safepoint    ] Safepoint "RevokeBias", Time since last: 704246783 ns, Reaching safepoint: 94133 ns, At safepoint: 25008 ns, Total: 119141 ns
[2020-09-11T15:32:31.552+0000][1][safepoint    ] Safepoint "Cleanup", Time since last: 1076476532 ns, Reaching safepoint: 2720398 ns, At safepoint: 7930862 ns, Total: 10651260 ns
[2020-09-11T15:32:32.562+0000][1][safepoint    ] Safepoint "Cleanup", Time since last: 1010119598 ns, Reaching safepoint: 85507 ns, At safepoint: 21018 ns, Total: 106525 ns
[2020-09-11T15:32:33.373+0000][1][safepoint    ] Safepoint "RevokeBias", Time since last: 810746185 ns, Reaching safepoint: 218402 ns, At safepoint: 101852 ns, Total: 320254 ns
[2020-09-11T15:32:34.381+0000][1][safepoint    ] Safepoint "Cleanup", Time since last: 1007744201 ns, Reaching safepoint: 90658 ns, At safepoint: 22204 ns, Total: 112862 ns
[2020-09-11T15:32:35.389+0000][1][safepoint    ] Safepoint "Cleanup", Time since last: 1007594262 ns, Reaching safepoint: 158353 ns, At safepoint: 25467 ns, Total: 183820 ns
[2020-09-11T15:32:36.407+0000][1][safepoint    ] Safepoint "Cleanup", Time since last: 1017794471 ns, Reaching safepoint: 156101 ns, At safepoint: 24572 ns, Total: 180673 ns
[2020-09-11T15:32:37.416+0000][1][safepoint    ] Safepoint "Cleanup", Time since last: 1008848013 ns, Reaching safepoint: 179190 ns, At safepoint: 29467 ns, Total: 208657 ns
[2020-09-11T15:32:38.523+0000][1][safepoint    ] Safepoint "Cleanup", Time since last: 1106564930 ns, Reaching safepoint: 108714 ns, At safepoint: 10708 ns, Total: 119422 ns
[2020-09-11T15:32:39.551+0000][1][safepoint    ] Safepoint "Cleanup", Time since last: 1028155126 ns, Reaching safepoint: 88068 ns, At safepoint: 8737 ns, Total: 96805 ns
[2020-09-11T15:32:40.562+0000][1][safepoint    ] Safepoint "Cleanup", Time since last: 1011186973 ns, Reaching safepoint: 150109 ns, At safepoint: 21729 ns, Total: 171838 ns
[2020-09-11T15:32:41.629+0000][1][safepoint    ] Safepoint "Cleanup", Time since last: 1065964670 ns, Reaching safepoint: 121831 ns, At safepoint: 10239 ns, Total: 132070 ns
[2020-09-11T15:32:42.762+0000][1][safepoint    ] Safepoint "Cleanup", Time since last: 1133238214 ns, Reaching safepoint: 708277 ns, At safepoint: 32928 ns, Total: 741205 ns
[2020-09-11T15:32:43.468+0000][1][safepoint    ] Safepoint "RevokeBias", Time since last: 705464196 ns, Reaching safepoint: 167010 ns, At safepoint: 52509 ns, Total: 219519 ns
[2020-09-11T15:32:44.562+0000][1][safepoint    ] Safepoint "Cleanup", Time since last: 1093162846 ns, Reaching safepoint: 444192 ns, At safepoint: 25548 ns, Total: 469740 ns
[2020-09-11T15:32:45.700+0000][1][safepoint    ] Safepoint "Cleanup", Time since last: 1024398011 ns, Reaching safepoint: 104258188 ns, At safepoint: 9725605 ns, Total: 113983793 ns
[2020-09-11T15:32:46.711+0000][1][safepoint    ] Safepoint "Cleanup", Time since last: 1010838207 ns, Reaching safepoint: 196014 ns, At safepoint: 9220 ns, Total: 205234 ns
[2020-09-11T15:32:47.723+0000][1][safepoint    ] Safepoint "Cleanup", Time since last: 1011686061 ns, Reaching safepoint: 94799 ns, At safepoint: 9252 ns, Total: 104051 ns
[2020-09-11T15:32:48.751+0000][1][safepoint    ] Safepoint "Cleanup", Time since last: 1027939824 ns, Reaching safepoint: 90429 ns, At safepoint: 23457 ns, Total: 113886 ns
[2020-09-11T15:32:49.756+0000][1][safepoint    ] Safepoint "Cleanup", Time since last: 1004517076 ns, Reaching safepoint: 166493 ns, At safepoint: 21498 ns, Total: 187991 ns
[2020-09-11T15:32:50.794+0000][1][safepoint    ] Safepoint "Cleanup", Time since last: 1033356041 ns, Reaching safepoint: 5223380 ns, At safepoint: 42029 ns, Total: 5265409 ns
[2020-09-11T15:32:50.915+0000][1][safepoint    ] Safepoint "RevokeBias", Time since last: 120311441 ns, Reaching safepoint: 177836 ns, At safepoint: 31333 ns, Total: 209169 ns
[2020-09-11T15:32:51.922+0000][1][safepoint    ] Safepoint "Cleanup", Time since last: 1006726436 ns, Reaching safepoint: 253824 ns, At safepoint: 9014 ns, Total: 262838 ns
[2020-09-11T15:32:52.933+0000][1][safepoint    ] Safepoint "Cleanup", Time since last: 1011345843 ns, Reaching safepoint: 155745 ns, At safepoint: 19581 ns, Total: 175326 ns
[2020-09-11T15:32:53.934+0000][1][safepoint    ] Safepoint "Cleanup", Time since last: 1000198518 ns, Reaching safepoint: 161398 ns, At safepoint: 21038 ns, Total: 182436 ns
[2020-09-11T15:32:54.959+0000][1][safepoint    ] Safepoint "Cleanup", Time since last: 1024774590 ns, Reaching safepoint: 152755 ns, At safepoint: 22340 ns, Total: 175095 ns
[2020-09-11T15:32:56.042+0000][1][safepoint    ] Safepoint "Cleanup", Time since last: 1083158761 ns, Reaching safepoint: 170562 ns, At safepoint: 22862 ns, Total: 193424 ns
[2020-09-11T15:32:57.123+0000][1][safepoint    ] Safepoint "Cleanup", Time since last: 1080607935 ns, Reaching safepoint: 156684 ns, At safepoint: 26814 ns, Total: 183498 ns
[2020-09-11T15:32:58.123+0000][1][safepoint    ] Safepoint "Cleanup", Time since last: 1000219854 ns, Reaching safepoint: 119680 ns, At safepoint: 10019 ns, Total: 129699 ns
[2020-09-11T15:32:59.124+0000][1][safepoint    ] Safepoint "Cleanup", Time since last: 1000205070 ns, Reaching safepoint: 161388 ns, At safepoint: 22621 ns, Total: 184009 ns
[2020-09-11T15:33:00.217+0000][1][safepoint    ] Safepoint "Cleanup", Time since last: 1092969218 ns, Reaching safepoint: 203010 ns, At safepoint: 10743 ns, Total: 213753 ns
[2020-09-11T15:33:00.474+0000][1][safepoint    ] Safepoint "RevokeBias", Time since last: 257176913 ns, Reaching safepoint: 101421 ns, At safepoint: 26899 ns, Total: 128320 ns
[2020-09-11T15:33:01.494+0000][1][safepoint    ] Safepoint "Cleanup", Time since last: 1019863027 ns, Reaching safepoint: 156711 ns, At safepoint: 17777 ns, Total: 174488 ns
[2020-09-11T15:33:02.495+0000][1][safepoint    ] Safepoint "Cleanup", Time since last: 1000224757 ns, Reaching safepoint: 319051 ns, At safepoint: 24642 ns, Total: 343693 ns
[2020-09-11T15:33:03.507+0000][1][safepoint    ] Safepoint "Cleanup", Time since last: 1012295855 ns, Reaching safepoint: 177201 ns, At safepoint: 19320 ns, Total: 196521 ns
[2020-09-11T15:33:04.508+0000][1][safepoint    ] Safepoint "Cleanup", Time since last: 1000290606 ns, Reaching safepoint: 130605 ns, At safepoint: 11506 ns, Total: 142111 ns
[2020-09-11T15:33:05.511+0000][1][safepoint    ] Safepoint "Cleanup", Time since last: 1003109263 ns, Reaching safepoint: 87380 ns, At safepoint: 8251 ns, Total: 95631 ns
[2020-09-11T15:33:06.511+0000][1][safepoint    ] Safepoint "Cleanup", Time since last: 1000298266 ns, Reaching safepoint: 93941 ns, At safepoint: 9742 ns, Total: 103683 ns
[2020-09-11T15:33:07.512+0000][1][safepoint    ] Safepoint "Cleanup", Time since last: 1000160471 ns, Reaching safepoint: 100361 ns, At safepoint: 8588 ns, Total: 108949 ns
[2020-09-11T15:33:08.512+0000][1][safepoint    ] Safepoint "Cleanup", Time since last: 1000170211 ns, Reaching safepoint: 126214 ns, At safepoint: 9594 ns, Total: 135808 ns
[2020-09-11T15:33:09.512+0000][1][safepoint    ] Safepoint "Cleanup", Time since last: 1000121151 ns, Reaching safepoint: 82879 ns, At safepoint: 6749 ns, Total: 89628 ns
[2020-09-11T15:33:09.781+0000][1][safepoint    ] Safepoint "RevokeBias", Time since last: 268600504 ns, Reaching safepoint: 508998 ns, At safepoint: 53140 ns, Total: 562138 ns
[2020-09-11T15:33:09.784+0000][1][safepoint    ] Safepoint "RevokeBias", Time since last: 2828742 ns, Reaching safepoint: 278634 ns, At safepoint: 40896 ns, Total: 319530 ns
[2020-09-11T15:33:09.826+0000][1][safepoint    ] Safepoint "RevokeBias", Time since last: 41792009 ns, Reaching safepoint: 223396 ns, At safepoint: 24816 ns, Total: 248212 ns
[2020-09-11T15:33:09.827+0000][1][safepoint    ] Safepoint "RevokeBias", Time since last: 115739 ns, Reaching safepoint: 171157 ns, At safepoint: 15142 ns, Total: 186299 ns
[2020-09-11T15:33:09.827+0000][1][safepoint    ] Safepoint "RevokeBias", Time since last: 54175 ns, Reaching safepoint: 165249 ns, At safepoint: 14009 ns, Total: 179258 ns
[2020-09-11T15:33:09.827+0000][1][safepoint    ] Safepoint "RevokeBias", Time since last: 112564 ns, Reaching safepoint: 167970 ns, At safepoint: 13975 ns, Total: 181945 ns
[2020-09-11T15:33:09.839+0000][1][safepoint    ] Safepoint "RevokeBias", Time since last: 866388 ns, Reaching safepoint: 11332246 ns, At safepoint: 26839 ns, Total: 11359085 ns
[2020-09-11T15:33:09.840+0000][1][safepoint    ] Safepoint "RevokeBias", Time since last: 53995 ns, Reaching safepoint: 42945 ns, At safepoint: 22379 ns, Total: 65324 ns
[2020-09-11T15:33:09.840+0000][1][safepoint    ] Safepoint "RevokeBias", Time since last: 32888 ns, Reaching safepoint: 40945 ns, At safepoint: 21047 ns, Total: 61992 ns
[2020-09-11T15:33:09.840+0000][1][safepoint    ] Safepoint "RevokeBias", Time since last: 39776 ns, Reaching safepoint: 41255 ns, At safepoint: 21282 ns, Total: 62537 ns
[2020-09-11T15:33:09.840+0000][1][safepoint    ] Safepoint "RevokeBias", Time since last: 61050 ns, Reaching safepoint: 41047 ns, At safepoint: 21478 ns, Total: 62525 ns
[2020-09-11T15:33:09.840+0000][1][safepoint    ] Safepoint "RevokeBias", Time since last: 128007 ns, Reaching safepoint: 46047 ns, At safepoint: 22534 ns, Total: 68581 ns
[2020-09-11T15:33:09.840+0000][1][safepoint    ] Safepoint "RevokeBias", Time since last: 98867 ns, Reaching safepoint: 41362 ns, At safepoint: 21965 ns, Total: 63327 ns
[2020-09-11T15:33:09.840+0000][1][safepoint    ] Safepoint "RevokeBias", Time since last: 51679 ns, Reaching safepoint: 41327 ns, At safepoint: 21346 ns, Total: 62673 ns
[2020-09-11T15:33:09.842+0000][1][safepoint    ] Safepoint "RevokeBias", Time since last: 1024619 ns, Reaching safepoint: 129662 ns, At safepoint: 68025 ns, Total: 197687 ns
[2020-09-11T15:33:09.842+0000][1][safepoint    ] Safepoint "RevokeBias", Time since last: 153144 ns, Reaching safepoint: 113474 ns, At safepoint: 60871 ns, Total: 174345 ns
[2020-09-11T15:33:09.842+0000][1][safepoint    ] Safepoint "RevokeBias", Time since last: 322717 ns, Reaching safepoint: 115804 ns, At safepoint: 60099 ns, Total: 175903 ns
[2020-09-11T15:33:09.843+0000][1][safepoint    ] Safepoint "RevokeBias", Time since last: 157103 ns, Reaching safepoint: 416693 ns, At safepoint: 61711 ns, Total: 478404 ns
[2020-09-11T15:33:09.844+0000][1][safepoint    ] Safepoint "RevokeBias", Time since last: 222498 ns, Reaching safepoint: 716796 ns, At safepoint: 65640 ns, Total: 782436 ns
[2020-09-11T15:33:09.844+0000][1][safepoint    ] Safepoint "RevokeBias", Time since last: 253854 ns, Reaching safepoint: 110278 ns, At safepoint: 59205 ns, Total: 169483 ns
[2020-09-11T15:33:09.845+0000][1][safepoint    ] Safepoint "RevokeBias", Time since last: 336301 ns, Reaching safepoint: 116535 ns, At safepoint: 70739 ns, Total: 187274 ns
[2020-09-11T15:33:09.858+0000][1][safepoint    ] Safepoint "RevokeBias", Time since last: 12828906 ns, Reaching safepoint: 235987 ns, At safepoint: 36620 ns, Total: 272607 ns
[2020-09-11T15:33:10.166+0000][1][gc,start     ] GC(126) Pause Young (Allocation Failure)
[2020-09-11T15:33:10.166+0000][1][gc,task      ] GC(126) Using 1 workers of 1 for evacuation
[2020-09-11T15:33:10.186+0000][1][gc,age       ] GC(126) Desired survivor size 4358144 bytes, new threshold 6 (max threshold 6)
[2020-09-11T15:33:10.186+0000][1][gc,age       ] GC(126) Age table with threshold 6 (max threshold 6)
[2020-09-11T15:33:10.186+0000][1][gc,age       ] GC(126) - age   1:     176296 bytes,     176296 total
[2020-09-11T15:33:10.186+0000][1][gc,age       ] GC(126) - age   2:     107192 bytes,     283488 total
[2020-09-11T15:33:10.186+0000][1][gc,age       ] GC(126) - age   3:       4616 bytes,     288104 total
[2020-09-11T15:33:10.186+0000][1][gc,age       ] GC(126) - age   4:       4552 bytes,     292656 total
[2020-09-11T15:33:10.186+0000][1][gc,age       ] GC(126) - age   5:       3480 bytes,     296136 total
[2020-09-11T15:33:10.186+0000][1][gc,age       ] GC(126) - age   6:       6432 bytes,     302568 total
[2020-09-11T15:33:10.186+0000][1][gc,heap      ] GC(126) ParNew: 71026K->2105K(76672K)
[2020-09-11T15:33:10.186+0000][1][gc,heap      ] GC(126) CMS: 106651K->106653K(2011968K)
[2020-09-11T15:33:10.186+0000][1][gc,metaspace ] GC(126) Metaspace: 93438K->93438K(1134592K)
[2020-09-11T15:33:10.186+0000][1][gc           ] GC(126) Pause Young (Allocation Failure) 173M->106M(2039M) 20.498ms
[2020-09-11T15:33:10.186+0000][1][gc,cpu       ] GC(126) User=0.02s Sys=0.00s Real=0.02s
[2020-09-11T15:33:10.197+0000][1][safepoint    ] Safepoint "GenCollectForAllocation", Time since last: 307503759 ns, Reaching safepoint: 325036 ns, At safepoint: 31444126 ns, Total: 31769162 ns
[2020-09-11T15:33:10.305+0000][1][safepoint    ] Safepoint "RevokeBias", Time since last: 107529780 ns, Reaching safepoint: 251508 ns, At safepoint: 25276 ns, Total: 276784 ns
[2020-09-11T15:33:10.347+0000][1][safepoint    ] Safepoint "RevokeBias", Time since last: 41610415 ns, Reaching safepoint: 415827 ns, At safepoint: 51283 ns, Total: 467110 ns
[2020-09-11T15:33:11.348+0000][1][safepoint    ] Safepoint "Cleanup", Time since last: 1000286527 ns, Reaching safepoint: 97008 ns, At safepoint: 8635 ns, Total: 105643 ns
[2020-09-11T15:33:12.460+0000][1][safepoint    ] Safepoint "Cleanup", Time since last: 1112587314 ns, Reaching safepoint: 130706 ns, At safepoint: 11664 ns, Total: 142370 ns
[2020-09-11T15:33:13.509+0000][1][safepoint    ] Safepoint "Cleanup", Time since last: 1048100876 ns, Reaching safepoint: 93451 ns, At safepoint: 7768 ns, Total: 101219 ns
[2020-09-11T15:33:14.532+0000][1][safepoint    ] Safepoint "Cleanup", Time since last: 1022990893 ns, Reaching safepoint: 89488 ns, At safepoint: 8142 ns, Total: 97630 ns
[2020-09-11T15:33:15.555+0000][1][safepoint    ] Safepoint "Cleanup", Time since last: 1022690933 ns, Reaching safepoint: 159914 ns, At safepoint: 17873 ns, Total: 177787 ns
[2020-09-11T15:33:16.555+0000][1][safepoint    ] Safepoint "Cleanup", Time since last: 1000171323 ns, Reaching safepoint: 76115 ns, At safepoint: 8292 ns, Total: 84407 ns
[2020-09-11T15:33:17.648+0000][1][safepoint    ] Safepoint "Cleanup", Time since last: 1092454253 ns, Reaching safepoint: 269399 ns, At safepoint: 21342 ns, Total: 290741 ns
[2020-09-11T15:33:18.705+0000][1][safepoint    ] Safepoint "Cleanup", Time since last: 1057256618 ns, Reaching safepoint: 102348 ns, At safepoint: 14601 ns, Total: 116949 ns
[2020-09-11T15:33:20.017+0000][1][safepoint    ] Safepoint "Cleanup", Time since last: 1311907438 ns, Reaching safepoint: 166956 ns, At safepoint: 20767 ns, Total: 187723 ns
[2020-09-11T15:33:21.036+0000][1][safepoint    ] Safepoint "Cleanup", Time since last: 1018453400 ns, Reaching safepoint: 185663 ns, At safepoint: 19742 ns, Total: 205405 ns
[2020-09-11T15:33:22.036+0000][1][safepoint    ] Safepoint "Cleanup", Time since last: 1000211261 ns, Reaching safepoint: 251406 ns, At safepoint: 22873 ns, Total: 274279 ns
[2020-09-11T15:33:23.048+0000][1][safepoint    ] Safepoint "Cleanup", Time since last: 1012054861 ns, Reaching safepoint: 184252 ns, At safepoint: 29996 ns, Total: 214248 ns
[2020-09-11T15:33:24.049+0000][1][safepoint    ] Safepoint "Cleanup", Time since last: 1000353588 ns, Reaching safepoint: 93499 ns, At safepoint: 8988 ns, Total: 102487 ns
[2020-09-11T15:33:30.318+0000][1][safepoint    ] Safepoint "Cleanup", Time since last: 6268722725 ns, Reaching safepoint: 154135 ns, At safepoint: 20502 ns, Total: 174637 ns
[2020-09-11T15:33:32.413+0000][1][safepoint    ] Safepoint "Cleanup", Time since last: 2094589436 ns, Reaching safepoint: 158184 ns, At safepoint: 12500 ns, Total: 170684 ns
[2020-09-11T15:33:33.609+0000][1][safepoint    ] Safepoint "Cleanup", Time since last: 1196363803 ns, Reaching safepoint: 174706 ns, At safepoint: 19453 ns, Total: 194159 ns
[2020-09-11T15:33:42.867+0000][1][safepoint    ] Safepoint "Cleanup", Time since last: 9257326987 ns, Reaching safepoint: 232454 ns, At safepoint: 19179 ns, Total: 251633 ns
[2020-09-11T15:33:45.393+0000][1][safepoint    ] Safepoint "Cleanup", Time since last: 2525817858 ns, Reaching safepoint: 149252 ns, At safepoint: 16733 ns, Total: 165985 ns
[2020-09-11T15:33:46.419+0000][1][safepoint    ] Safepoint "Cleanup", Time since last: 1026537307 ns, Reaching safepoint: 106287 ns, At safepoint: 11006 ns, Total: 117293 ns
[2020-09-11T15:33:47.588+0000][1][safepoint    ] Safepoint "Cleanup", Time since last: 1168764938 ns, Reaching safepoint: 87766 ns, At safepoint: 8520 ns, Total: 96286 ns
[2020-09-11T15:33:48.612+0000][1][safepoint    ] Safepoint "Cleanup", Time since last: 1023474582 ns, Reaching safepoint: 159105 ns, At safepoint: 20569 ns, Total: 179674 ns
[2020-09-11T15:33:49.634+0000][1][safepoint    ] Safepoint "Cleanup", Time since last: 1022150017 ns, Reaching safepoint: 145097 ns, At safepoint: 17145 ns, Total: 162242 ns
[2020-09-11T15:33:50.637+0000][1][safepoint    ] Safepoint "Cleanup", Time since last: 1002384843 ns, Reaching safepoint: 79259 ns, At safepoint: 8183 ns, Total: 87442 ns
[2020-09-11T15:33:51.658+0000][1][safepoint    ] Safepoint "Cleanup", Time since last: 1021373906 ns, Reaching safepoint: 83980 ns, At safepoint: 7615 ns, Total: 91595 ns
[2020-09-11T15:33:52.929+0000][1][safepoint    ] Safepoint "Cleanup", Time since last: 1271007083 ns, Reaching safepoint: 149611 ns, At safepoint: 19680 ns, Total: 169291 ns
[2020-09-11T15:33:54.133+0000][1][safepoint    ] Safepoint "Cleanup", Time since last: 1203886825 ns, Reaching safepoint: 93421 ns, At safepoint: 9085 ns, Total: 102506 ns
[2020-09-11T15:33:55.137+0000][1][safepoint    ] Safepoint "Cleanup", Time since last: 1003310406 ns, Reaching safepoint: 162652 ns, At safepoint: 170487 ns, Total: 333139 ns
[2020-09-11T15:33:56.149+0000][1][safepoint    ] Safepoint "Cleanup", Time since last: 1011906253 ns, Reaching safepoint: 91321 ns, At safepoint: 11755 ns, Total: 103076 ns
[2020-09-11T15:33:57.165+0000][1][safepoint    ] Safepoint "Cleanup", Time since last: 1015589122 ns, Reaching safepoint: 94006 ns, At safepoint: 9561 ns, Total: 103567 ns
[2020-09-11T15:33:58.167+0000][1][safepoint    ] Safepoint "Cleanup", Time since last: 1001906485 ns, Reaching safepoint: 158554 ns, At safepoint: 21728 ns, Total: 180282 ns
[2020-09-11T15:33:59.176+0000][1][safepoint    ] Safepoint "Cleanup", Time since last: 1009675371 ns, Reaching safepoint: 82998 ns, At safepoint: 9137 ns, Total: 92135 ns
[2020-09-11T15:33:59.470+0000][1][gc,start     ] GC(127) Pause Young (Allocation Failure)
[2020-09-11T15:33:59.470+0000][1][gc,task      ] GC(127) Using 1 workers of 1 for evacuation
[2020-09-11T15:33:59.550+0000][1][gc,age       ] GC(127) Desired survivor size 4358144 bytes, new threshold 6 (max threshold 6)
[2020-09-11T15:33:59.550+0000][1][gc,age       ] GC(127) Age table with threshold 6 (max threshold 6)
[2020-09-11T15:33:59.550+0000][1][gc,age       ] GC(127) - age   1:     215768 bytes,     215768 total
[2020-09-11T15:33:59.550+0000][1][gc,age       ] GC(127) - age   2:      93976 bytes,     309744 total
[2020-09-11T15:33:59.550+0000][1][gc,age       ] GC(127) - age   3:     105072 bytes,     414816 total
[2020-09-11T15:33:59.550+0000][1][gc,age       ] GC(127) - age   4:       2040 bytes,     416856 total
[2020-09-11T15:33:59.550+0000][1][gc,age       ] GC(127) - age   5:       4552 bytes,     421408 total
[2020-09-11T15:33:59.550+0000][1][gc,age       ] GC(127) - age   6:       3480 bytes,     424888 total
[2020-09-11T15:33:59.550+0000][1][gc,heap      ] GC(127) ParNew: 70265K->581K(76672K)
[2020-09-11T15:33:59.550+0000][1][gc,heap      ] GC(127) CMS: 106653K->106660K(2011968K)
[2020-09-11T15:33:59.550+0000][1][gc,metaspace ] GC(127) Metaspace: 93553K->93553K(1136640K)
[2020-09-11T15:33:59.550+0000][1][gc           ] GC(127) Pause Young (Allocation Failure) 172M->104M(2039M) 80.318ms
[2020-09-11T15:33:59.550+0000][1][gc,cpu       ] GC(127) User=0.02s Sys=0.00s Real=0.08s
[2020-09-11T15:33:59.550+0000][1][safepoint    ] Safepoint "GenCollectForAllocation", Time since last: 293010189 ns, Reaching safepoint: 507485 ns, At safepoint: 80398024 ns, Total: 80905509 ns
[2020-09-11T15:34:00.560+0000][1][safepoint    ] Safepoint "Cleanup", Time since last: 1009385881 ns, Reaching safepoint: 80000 ns, At safepoint: 22590 ns, Total: 102590 ns
[2020-09-11T15:34:01.560+0000][1][safepoint    ] Safepoint "Cleanup", Time since last: 1000191628 ns, Reaching safepoint: 106905 ns, At safepoint: 18989 ns, Total: 125894 ns
[2020-09-11T15:34:02.561+0000][1][safepoint    ] Safepoint "Cleanup", Time since last: 1000198911 ns, Reaching safepoint: 168508 ns, At safepoint: 20438 ns, Total: 188946 ns
[2020-09-11T15:34:05.387+0000][1][safepoint    ] Safepoint "Cleanup", Time since last: 1000216090 ns, Reaching safepoint: 1825981814 ns, At safepoint: 21922 ns, Total: 1826003736 ns
[2020-09-11T15:34:06.438+0000][1][safepoint    ] Safepoint "Cleanup", Time since last: 1050649954 ns, Reaching safepoint: 271789 ns, At safepoint: 9954 ns, Total: 281743 ns
[2020-09-11T15:34:07.450+0000][1][safepoint    ] Safepoint "Cleanup", Time since last: 1011864196 ns, Reaching safepoint: 149608 ns, At safepoint: 22159 ns, Total: 171767 ns
[2020-09-11T15:34:08.475+0000][1][safepoint    ] Safepoint "Cleanup", Time since last: 1025340081 ns, Reaching safepoint: 162185 ns, At safepoint: 23873 ns, Total: 186058 ns
[2020-09-11T15:34:09.296+0000][1][safepoint    ] Safepoint "Deoptimize", Time since last: 818078351 ns, Reaching safepoint: 1345773 ns, At safepoint: 1113898 ns, Total: 2459671 ns
[2020-09-11T15:34:09.452+0000][1][safepoint    ] Safepoint "RevokeBias", Time since last: 154747354 ns, Reaching safepoint: 1002903 ns, At safepoint: 32719 ns, Total: 1035622 ns
[2020-09-11T15:34:09.468+0000][1][safepoint    ] Safepoint "RevokeBias", Time since last: 15869249 ns, Reaching safepoint: 160347 ns, At safepoint: 10470 ns, Total: 170817 ns
[2020-09-11T15:34:09.494+0000][1][safepoint    ] Safepoint "RevokeBias", Time since last: 24196880 ns, Reaching safepoint: 2281758 ns, At safepoint: 33107 ns, Total: 2314865 ns
[2020-09-11T15:34:09.499+0000][1][safepoint    ] Safepoint "RevokeBias", Time since last: 4894773 ns, Reaching safepoint: 154148 ns, At safepoint: 33484 ns, Total: 187632 ns
[2020-09-11T15:34:09.501+0000][1][safepoint    ] Safepoint "RevokeBias", Time since last: 1132109 ns, Reaching safepoint: 136092 ns, At safepoint: 17543 ns, Total: 153635 ns
[2020-09-11T15:34:09.506+0000][1][safepoint    ] Safepoint "RevokeBias", Time since last: 5307815 ns, Reaching safepoint: 145394 ns, At safepoint: 20590 ns, Total: 165984 ns
[2020-09-11T15:34:09.539+0000][1][safepoint    ] Safepoint "RevokeBias", Time since last: 10555449 ns, Reaching safepoint: 22682541 ns, At safepoint: 15575 ns, Total: 22698116 ns
[2020-09-11T15:34:09.542+0000][1][safepoint    ] Safepoint "RevokeBias", Time since last: 665113 ns, Reaching safepoint: 1696814 ns, At safepoint: 34026 ns, Total: 1730840 ns
[2020-09-11T15:34:09.555+0000][1][safepoint    ] Safepoint "RevokeBias", Time since last: 619100 ns, Reaching safepoint: 13030270 ns, At safepoint: 37447 ns, Total: 13067717 ns
[2020-09-11T15:34:09.556+0000][1][safepoint    ] Safepoint "RevokeBias", Time since last: 691729 ns, Reaching safepoint: 127775 ns, At safepoint: 11105 ns, Total: 138880 ns
[2020-09-11T15:34:09.582+0000][1][safepoint    ] Safepoint "RevokeBias", Time since last: 24717442 ns, Reaching safepoint: 788456 ns, At safepoint: 33636 ns, Total: 822092 ns
[2020-09-11T15:34:09.583+0000][1][safepoint    ] Safepoint "RevokeBias", Time since last: 874954 ns, Reaching safepoint: 122745 ns, At safepoint: 9568 ns, Total: 132313 ns
[2020-09-11T15:34:09.583+0000][1][safepoint    ] Safepoint "RevokeBias", Time since last: 141663 ns, Reaching safepoint: 526430 ns, At safepoint: 9177 ns, Total: 535607 ns
[2020-09-11T15:34:09.587+0000][1][safepoint    ] Safepoint "RevokeBias", Time since last: 3851802 ns, Reaching safepoint: 217215 ns, At safepoint: 19053 ns, Total: 236268 ns
[2020-09-11T15:34:09.588+0000][1][safepoint    ] Safepoint "RevokeBias", Time since last: 411693 ns, Reaching safepoint: 109004 ns, At safepoint: 8276 ns, Total: 117280 ns
[2020-09-11T15:34:09.588+0000][1][safepoint    ] Safepoint "RevokeBias", Time since last: 265491 ns, Reaching safepoint: 105530 ns, At safepoint: 14545 ns, Total: 120075 ns
[2020-09-11T15:34:09.597+0000][1][safepoint    ] Safepoint "RevokeBias", Time since last: 8102883 ns, Reaching safepoint: 246784 ns, At safepoint: 93144 ns, Total: 339928 ns
[2020-09-11T15:34:09.778+0000][1][safepoint    ] Safepoint "RevokeBias", Time since last: 180873061 ns, Reaching safepoint: 84634 ns, At safepoint: 33927 ns, Total: 118561 ns
[2020-09-11T15:34:09.778+0000][1][safepoint    ] Safepoint "RevokeBias", Time since last: 378545 ns, Reaching safepoint: 42616 ns, At safepoint: 12945 ns, Total: 55561 ns
[2020-09-11T15:34:10.298+0000][1][safepoint    ] Safepoint "BulkRevokeBias", Time since last: 683338 ns, Reaching safepoint: 116872 ns, At safepoint: 519255040 ns, Total: 519371912 ns
[2020-09-11T15:34:10.546+0000][1][safepoint    ] Safepoint "RevokeBias", Time since last: 243472810 ns, Reaching safepoint: 4595739 ns, At safepoint: 27266 ns, Total: 4623005 ns
[2020-09-11T15:34:10.549+0000][1][safepoint    ] Safepoint "RevokeBias", Time since last: 2696934 ns, Reaching safepoint: 149116 ns, At safepoint: 23162 ns, Total: 172278 ns
[2020-09-11T15:34:10.550+0000][1][safepoint    ] Safepoint "RevokeBias", Time since last: 990228 ns, Reaching safepoint: 52305 ns, At safepoint: 22745 ns, Total: 75050 ns
[2020-09-11T15:34:10.559+0000][1][safepoint    ] Safepoint "RevokeBias", Time since last: 8837764 ns, Reaching safepoint: 148889 ns, At safepoint: 20068 ns, Total: 168957 ns
[2020-09-11T15:34:10.560+0000][1][safepoint    ] Safepoint "RevokeBias", Time since last: 314474 ns, Reaching safepoint: 110608 ns, At safepoint: 15387 ns, Total: 125995 ns
[2020-09-11T15:34:10.561+0000][1][safepoint    ] Safepoint "RevokeBias", Time since last: 824156 ns, Reaching safepoint: 109379 ns, At safepoint: 13842 ns, Total: 123221 ns
[2020-09-11T15:34:10.566+0000][1][safepoint    ] Safepoint "RevokeBias", Time since last: 4691732 ns, Reaching safepoint: 121751 ns, At safepoint: 14207 ns, Total: 135958 ns
[2020-09-11T15:34:11.568+0000][1][safepoint    ] Safepoint "Cleanup", Time since last: 1002121769 ns, Reaching safepoint: 183538 ns, At safepoint: 17153 ns, Total: 200691 ns
[2020-09-11T15:34:11.573+0000][1][safepoint    ] Safepoint "RevokeBias", Time since last: 4906310 ns, Reaching safepoint: 86819 ns, At safepoint: 19780 ns, Total: 106599 ns
[2020-09-11T15:34:11.598+0000][1][safepoint    ] Safepoint "RevokeBias", Time since last: 25286914 ns, Reaching safepoint: 181913 ns, At safepoint: 43666 ns, Total: 225579 ns
[2020-09-11T15:34:11.601+0000][1][safepoint    ] Safepoint "RevokeBias", Time since last: 2389994 ns, Reaching safepoint: 317042 ns, At safepoint: 24818 ns, Total: 341860 ns
[2020-09-11T15:34:11.602+0000][1][safepoint    ] Safepoint "RevokeBias", Time since last: 452729 ns, Reaching safepoint: 132751 ns, At safepoint: 20581 ns, Total: 153332 ns
[2020-09-11T15:34:12.210+0000][1][safepoint    ] Safepoint "RevokeBias", Time since last: 607682762 ns, Reaching safepoint: 709768 ns, At safepoint: 45771 ns, Total: 755539 ns
[2020-09-11T15:34:12.212+0000][1][safepoint    ] Safepoint "RevokeBias", Time since last: 1493415 ns, Reaching safepoint: 264888 ns, At safepoint: 36642 ns, Total: 301530 ns
[2020-09-11T15:34:12.215+0000][1][safepoint    ] Safepoint "RevokeBias", Time since last: 3000355 ns, Reaching safepoint: 325511 ns, At safepoint: 60258 ns, Total: 385769 ns
[2020-09-11T15:34:12.220+0000][1][safepoint    ] Safepoint "RevokeBias", Time since last: 821532 ns, Reaching safepoint: 3665942 ns, At safepoint: 63261 ns, Total: 3729203 ns
[2020-09-11T15:34:12.221+0000][1][safepoint    ] Safepoint "RevokeBias", Time since last: 652628 ns, Reaching safepoint: 125151 ns, At safepoint: 86483 ns, Total: 211634 ns
[2020-09-11T15:34:12.222+0000][1][safepoint    ] Safepoint "BulkRevokeBias", Time since last: 580513 ns, Reaching safepoint: 211246 ns, At safepoint: 355701 ns, Total: 566947 ns
[2020-09-11T15:34:12.277+0000][1][safepoint    ] Safepoint "RevokeBias", Time since last: 53945283 ns, Reaching safepoint: 1073585 ns, At safepoint: 33256 ns, Total: 1106841 ns
[2020-09-11T15:34:12.282+0000][1][safepoint    ] Safepoint "RevokeBias", Time since last: 3709132 ns, Reaching safepoint: 870742 ns, At safepoint: 27681 ns, Total: 898423 ns
[2020-09-11T15:34:12.285+0000][1][safepoint    ] Safepoint "RevokeBias", Time since last: 152022 ns, Reaching safepoint: 3122627 ns, At safepoint: 28029 ns, Total: 3150656 ns
[2020-09-11T15:34:12.285+0000][1][safepoint    ] Safepoint "RevokeBias", Time since last: 309944 ns, Reaching safepoint: 119204 ns, At safepoint: 21509 ns, Total: 140713 ns
[2020-09-11T15:34:12.286+0000][1][safepoint    ] Safepoint "RevokeBias", Time since last: 260742 ns, Reaching safepoint: 258577 ns, At safepoint: 20067 ns, Total: 278644 ns
[2020-09-11T15:34:12.286+0000][1][safepoint    ] Safepoint "RevokeBias", Time since last: 258893 ns, Reaching safepoint: 110892 ns, At safepoint: 19059 ns, Total: 129951 ns
[2020-09-11T15:34:12.287+0000][1][safepoint    ] Safepoint "RevokeBias", Time since last: 143844 ns, Reaching safepoint: 818070 ns, At safepoint: 17782 ns, Total: 835852 ns
[2020-09-11T15:34:12.385+0000][1][safepoint    ] Safepoint "RevokeBias", Time since last: 97029251 ns, Reaching safepoint: 581996 ns, At safepoint: 60529 ns, Total: 642525 ns
[2020-09-11T15:34:12.414+0000][1][safepoint    ] Safepoint "BulkRevokeBias", Time since last: 5487736 ns, Reaching safepoint: 23290486 ns, At safepoint: 672024 ns, Total: 23962510 ns
[2020-09-11T15:34:12.419+0000][1][safepoint    ] Safepoint "RevokeBias", Time since last: 4114483 ns, Reaching safepoint: 225968 ns, At safepoint: 59488 ns, Total: 285456 ns
[2020-09-11T15:34:12.420+0000][1][safepoint    ] Safepoint "RevokeBias", Time since last: 272483 ns, Reaching safepoint: 412434 ns, At safepoint: 561714 ns, Total: 974148 ns
[2020-09-11T15:34:12.422+0000][1][safepoint    ] Safepoint "RevokeBias", Time since last: 57359 ns, Reaching safepoint: 156102 ns, At safepoint: 2088127 ns, Total: 2244229 ns
[2020-09-11T15:34:12.429+0000][1][safepoint    ] Safepoint "RevokeBias", Time since last: 3561400 ns, Reaching safepoint: 2994381 ns, At safepoint: 58994 ns, Total: 3053375 ns
[2020-09-11T15:34:12.429+0000][1][safepoint    ] Safepoint "RevokeBias", Time since last: 98372 ns, Reaching safepoint: 113018 ns, At safepoint: 23535 ns, Total: 136553 ns
[2020-09-11T15:34:12.452+0000][1][safepoint    ] Safepoint "RevokeBias", Time since last: 22406163 ns, Reaching safepoint: 716984 ns, At safepoint: 88862 ns, Total: 805846 ns
[2020-09-11T15:34:12.524+0000][1][safepoint    ] Safepoint "RevokeBias", Time since last: 3270185 ns, Reaching safepoint: 1088830 ns, At safepoint: 67695728 ns, Total: 68784558 ns
[2020-09-11T15:34:12.539+0000][1][safepoint    ] Safepoint "RevokeBias", Time since last: 14203054 ns, Reaching safepoint: 179902 ns, At safepoint: 22702 ns, Total: 202604 ns
[2020-09-11T15:34:12.551+0000][1][safepoint    ] Safepoint "RevokeBias", Time since last: 8499067 ns, Reaching safepoint: 3653884 ns, At safepoint: 26652 ns, Total: 3680536 ns
[2020-09-11T15:34:12.589+0000][1][safepoint    ] Safepoint "RevokeBias", Time since last: 37567020 ns, Reaching safepoint: 77670 ns, At safepoint: 22740 ns, Total: 100410 ns
[2020-09-11T15:34:13.591+0000][1][safepoint    ] Safepoint "RevokeBias", Time since last: 1000052445 ns, Reaching safepoint: 1785811 ns, At safepoint: 38310 ns, Total: 1824121 ns
[2020-09-11T15:34:13.661+0000][1][safepoint    ] Safepoint "RevokeBias", Time since last: 69645362 ns, Reaching safepoint: 585661 ns, At safepoint: 86082 ns, Total: 671743 ns
[2020-09-11T15:34:14.639+0000][1][safepoint    ] Safepoint "RevokeBias", Time since last: 978077165 ns, Reaching safepoint: 168595 ns, At safepoint: 23976 ns, Total: 192571 ns
[2020-09-11T15:34:14.644+0000][1][safepoint    ] Safepoint "RevokeBias", Time since last: 4876640 ns, Reaching safepoint: 146094 ns, At safepoint: 19261 ns, Total: 165355 ns
[2020-09-11T15:34:15.648+0000][1][safepoint    ] Safepoint "Cleanup", Time since last: 1003265816 ns, Reaching safepoint: 79789 ns, At safepoint: 8537 ns, Total: 88326 ns
[2020-09-11T15:34:15.653+0000][1][safepoint    ] Safepoint "RevokeBias", Time since last: 3649381 ns, Reaching safepoint: 1735483 ns, At safepoint: 28586 ns, Total: 1764069 ns
[2020-09-11T15:34:15.657+0000][1][safepoint    ] Safepoint "RevokeBias", Time since last: 471782 ns, Reaching safepoint: 3557615 ns, At safepoint: 30743 ns, Total: 3588358 ns
[2020-09-11T15:34:15.658+0000][1][safepoint    ] Safepoint "RevokeBias", Time since last: 989774 ns, Reaching safepoint: 144712 ns, At safepoint: 16107 ns, Total: 160819 ns
[2020-09-11T15:34:16.656+0000][1][safepoint    ] Safepoint "RevokeBias", Time since last: 997521108 ns, Reaching safepoint: 162610 ns, At safepoint: 25895 ns, Total: 188505 ns
[2020-09-11T15:34:16.661+0000][1][safepoint    ] Safepoint "RevokeBias", Time since last: 1808236 ns, Reaching safepoint: 3231615 ns, At safepoint: 29915 ns, Total: 3261530 ns
[2020-09-11T15:34:16.662+0000][1][safepoint    ] Safepoint "RevokeBias", Time since last: 1238114 ns, Reaching safepoint: 148922 ns, At safepoint: 18669 ns, Total: 167591 ns
[2020-09-11T15:34:17.716+0000][1][safepoint    ] Safepoint "Cleanup", Time since last: 1053797871 ns, Reaching safepoint: 157506 ns, At safepoint: 20438 ns, Total: 177944 ns
[2020-09-11T15:34:17.733+0000][1][safepoint    ] Safepoint "RevokeBias", Time since last: 16560596 ns, Reaching safepoint: 161740 ns, At safepoint: 23447 ns, Total: 185187 ns
[2020-09-11T15:34:17.734+0000][1][safepoint    ] Safepoint "BulkRevokeBias", Time since last: 330897 ns, Reaching safepoint: 106320 ns, At safepoint: 217269 ns, Total: 323589 ns
[2020-09-11T15:34:18.764+0000][1][safepoint    ] Safepoint "Cleanup", Time since last: 1029756442 ns, Reaching safepoint: 173480 ns, At safepoint: 24330 ns, Total: 197810 ns
[2020-09-11T15:34:18.774+0000][1][safepoint    ] Safepoint "RevokeBias", Time since last: 10445682 ns, Reaching safepoint: 75121 ns, At safepoint: 24734 ns, Total: 99855 ns
[2020-09-11T15:34:18.779+0000][1][safepoint    ] Safepoint "RevokeBias", Time since last: 3030678 ns, Reaching safepoint: 1360936 ns, At safepoint: 24137 ns, Total: 1385073 ns
[2020-09-11T15:34:19.815+0000][1][safepoint    ] Safepoint "Cleanup", Time since last: 1036200864 ns, Reaching safepoint: 92731 ns, At safepoint: 8851 ns, Total: 101582 ns
[2020-09-11T15:34:19.858+0000][1][safepoint    ] Safepoint "RevokeBias", Time since last: 41846723 ns, Reaching safepoint: 1075388 ns, At safepoint: 22827 ns, Total: 1098215 ns
[2020-09-11T15:34:19.861+0000][1][safepoint    ] Safepoint "RevokeBias", Time since last: 1140580 ns, Reaching safepoint: 1827950 ns, At safepoint: 25037 ns, Total: 1852987 ns
[2020-09-11T15:34:19.863+0000][1][safepoint    ] Safepoint "RevokeBias", Time since last: 1604661 ns, Reaching safepoint: 655914 ns, At safepoint: 19928 ns, Total: 675842 ns
[2020-09-11T15:34:20.835+0000][1][safepoint    ] Safepoint "RevokeBias", Time since last: 971490830 ns, Reaching safepoint: 417329 ns, At safepoint: 29202 ns, Total: 446531 ns
[2020-09-11T15:34:20.857+0000][1][safepoint    ] Safepoint "RevokeBias", Time since last: 21694543 ns, Reaching safepoint: 158504 ns, At safepoint: 56219 ns, Total: 214723 ns
[2020-09-11T15:34:21.839+0000][1][safepoint    ] Safepoint "RevokeBias", Time since last: 981525981 ns, Reaching safepoint: 424785 ns, At safepoint: 20311 ns, Total: 445096 ns
[2020-09-11T15:34:21.840+0000][1][safepoint    ] Safepoint "RevokeBias", Time since last: 588736 ns, Reaching safepoint: 194624 ns, At safepoint: 17196 ns, Total: 211820 ns
[2020-09-11T15:34:21.841+0000][1][safepoint    ] Safepoint "RevokeBias", Time since last: 1083065 ns, Reaching safepoint: 124616 ns, At safepoint: 16966 ns, Total: 141582 ns
[2020-09-11T15:34:22.588+0000][1][safepoint    ] Safepoint "RevokeBias", Time since last: 746170978 ns, Reaching safepoint: 676479 ns, At safepoint: 54317 ns, Total: 730796 ns
[2020-09-11T15:34:22.609+0000][1][safepoint    ] Safepoint "RevokeBias", Time since last: 20621884 ns, Reaching safepoint: 266042 ns, At safepoint: 83455 ns, Total: 349497 ns
[2020-09-11T15:34:22.611+0000][1][safepoint    ] Safepoint "RevokeBias", Time since last: 2187192 ns, Reaching safepoint: 220096 ns, At safepoint: 56849 ns, Total: 276945 ns
[2020-09-11T15:34:22.669+0000][1][safepoint    ] Safepoint "RevokeBias", Time since last: 56745767 ns, Reaching safepoint: 542442 ns, At safepoint: 223226 ns, Total: 765668 ns
[2020-09-11T15:34:22.672+0000][1][safepoint    ] Safepoint "BulkRevokeBias", Time since last: 1193033 ns, Reaching safepoint: 215805 ns, At safepoint: 1461866 ns, Total: 1677671 ns
[2020-09-11T15:34:22.783+0000][1][safepoint    ] Safepoint "RevokeBias", Time since last: 103682398 ns, Reaching safepoint: 7900659 ns, At safepoint: 56559 ns, Total: 7957218 ns
[2020-09-11T15:34:22.820+0000][1][safepoint    ] Safepoint "RevokeBias", Time since last: 36485191 ns, Reaching safepoint: 253303 ns, At safepoint: 115483 ns, Total: 368786 ns
[2020-09-11T15:34:22.821+0000][1][safepoint    ] Safepoint "RevokeBias", Time since last: 165383 ns, Reaching safepoint: 203603 ns, At safepoint: 93746 ns, Total: 297349 ns
[2020-09-11T15:34:22.821+0000][1][safepoint    ] Safepoint "RevokeBias", Time since last: 143366 ns, Reaching safepoint: 186282 ns, At safepoint: 120889 ns, Total: 307171 ns
[2020-09-11T15:34:22.830+0000][1][safepoint    ] Safepoint "RevokeBias", Time since last: 8735061 ns, Reaching safepoint: 142373 ns, At safepoint: 34711 ns, Total: 177084 ns
[2020-09-11T15:34:22.833+0000][1][safepoint    ] Safepoint "RevokeBias", Time since last: 76755 ns, Reaching safepoint: 3013012 ns, At safepoint: 30088 ns, Total: 3043100 ns
[2020-09-11T15:34:22.833+0000][1][safepoint    ] Safepoint "RevokeBias", Time since last: 44329 ns, Reaching safepoint: 113059 ns, At safepoint: 36138 ns, Total: 149197 ns
[2020-09-11T15:34:22.861+0000][1][safepoint    ] Safepoint "RevokeBias", Time since last: 27880327 ns, Reaching safepoint: 155670 ns, At safepoint: 18571 ns, Total: 174241 ns
[2020-09-11T15:34:23.874+0000][1][safepoint    ] Safepoint "Cleanup", Time since last: 1012666429 ns, Reaching safepoint: 353082 ns, At safepoint: 23419 ns, Total: 376501 ns
[2020-09-11T15:34:24.968+0000][1][safepoint    ] Safepoint "Cleanup", Time since last: 1046718775 ns, Reaching safepoint: 46289577 ns, At safepoint: 37321 ns, Total: 46326898 ns
[2020-09-11T15:34:25.997+0000][1][safepoint    ] Safepoint "Cleanup", Time since last: 1029375803 ns, Reaching safepoint: 105627 ns, At safepoint: 8993 ns, Total: 114620 ns
[2020-09-11T15:34:27.002+0000][1][safepoint    ] Safepoint "Cleanup", Time since last: 1004763432 ns, Reaching safepoint: 181742 ns, At safepoint: 22205 ns, Total: 203947 ns
[2020-09-11T15:34:28.002+0000][1][safepoint    ] Safepoint "Cleanup", Time since last: 1000242228 ns, Reaching safepoint: 214688 ns, At safepoint: 20889 ns, Total: 235577 ns
[2020-09-11T15:34:29.003+0000][1][safepoint    ] Safepoint "Cleanup", Time since last: 1000160109 ns, Reaching safepoint: 162403 ns, At safepoint: 9563 ns, Total: 171966 ns
[2020-09-11T15:34:30.003+0000][1][safepoint    ] Safepoint "Cleanup", Time since last: 1000202935 ns, Reaching safepoint: 135996 ns, At safepoint: 9083 ns, Total: 145079 ns
[2020-09-11T15:34:31.095+0000][1][safepoint    ] Safepoint "Cleanup", Time since last: 1091742031 ns, Reaching safepoint: 97088 ns, At safepoint: 10327 ns, Total: 107415 ns
[2020-09-11T15:34:32.095+0000][1][safepoint    ] Safepoint "Cleanup", Time since last: 1000183683 ns, Reaching safepoint: 175546 ns, At safepoint: 41871 ns, Total: 217417 ns
[2020-09-11T15:34:33.096+0000][1][safepoint    ] Safepoint "Cleanup", Time since last: 1000206401 ns, Reaching safepoint: 172529 ns, At safepoint: 22362 ns, Total: 194891 ns
[2020-09-11T15:34:34.096+0000][1][safepoint    ] Safepoint "Cleanup", Time since last: 1000208672 ns, Reaching safepoint: 167874 ns, At safepoint: 21614 ns, Total: 189488 ns
[2020-09-11T15:34:35.097+0000][1][safepoint    ] Safepoint "Cleanup", Time since last: 1000206531 ns, Reaching safepoint: 122503 ns, At safepoint: 10527 ns, Total: 133030 ns
[2020-09-11T15:34:36.097+0000][1][safepoint    ] Safepoint "Cleanup", Time since last: 1000155058 ns, Reaching safepoint: 199454 ns, At safepoint: 21357 ns, Total: 220811 ns
[2020-09-11T15:34:37.129+0000][1][safepoint    ] Safepoint "Cleanup", Time since last: 1032096973 ns, Reaching safepoint: 121256 ns, At safepoint: 8148 ns, Total: 129404 ns
[2020-09-11T15:34:38.130+0000][1][safepoint    ] Safepoint "Cleanup", Time since last: 1000366920 ns, Reaching safepoint: 156681 ns, At safepoint: 20461 ns, Total: 177142 ns
[2020-09-11T15:34:39.130+0000][1][safepoint    ] Safepoint "Cleanup", Time since last: 1000183364 ns, Reaching safepoint: 139522 ns, At safepoint: 9114 ns, Total: 148636 ns
[2020-09-11T15:34:40.130+0000][1][safepoint    ] Safepoint "Cleanup", Time since last: 1000139163 ns, Reaching safepoint: 126487 ns, At safepoint: 8198 ns, Total: 134685 ns
[2020-09-11T15:34:41.131+0000][1][safepoint    ] Safepoint "Cleanup", Time since last: 1000146458 ns, Reaching safepoint: 159116 ns, At safepoint: 17401 ns, Total: 176517 ns
[2020-09-11T15:34:42.135+0000][1][safepoint    ] Safepoint "Cleanup", Time since last: 1004216944 ns, Reaching safepoint: 130777 ns, At safepoint: 7955 ns, Total: 138732 ns
[2020-09-11T15:34:43.135+0000][1][safepoint    ] Safepoint "Cleanup", Time since last: 1000132737 ns, Reaching safepoint: 145408 ns, At safepoint: 16795 ns, Total: 162203 ns
[2020-09-11T15:34:44.136+0000][1][safepoint    ] Safepoint "Cleanup", Time since last: 1000169125 ns, Reaching safepoint: 150373 ns, At safepoint: 16521 ns, Total: 166894 ns
[2020-09-11T15:34:45.136+0000][1][safepoint    ] Safepoint "Cleanup", Time since last: 1000257143 ns, Reaching safepoint: 143915 ns, At safepoint: 15055 ns, Total: 158970 ns
[2020-09-11T15:34:46.136+0000][1][safepoint    ] Safepoint "Cleanup", Time since last: 1000189152 ns, Reaching safepoint: 119617 ns, At safepoint: 5942 ns, Total: 125559 ns
[2020-09-11T15:34:47.144+0000][1][safepoint    ] Safepoint "Cleanup", Time since last: 1007618618 ns, Reaching safepoint: 165787 ns, At safepoint: 7258 ns, Total: 173045 ns
[2020-09-11T15:34:48.145+0000][1][safepoint    ] Safepoint "Cleanup", Time since last: 1000201891 ns, Reaching safepoint: 214690 ns, At safepoint: 9790 ns, Total: 224480 ns
[2020-09-11T15:34:49.145+0000][1][safepoint    ] Safepoint "Cleanup", Time since last: 1000219077 ns, Reaching safepoint: 114300 ns, At safepoint: 7316 ns, Total: 121616 ns
[2020-09-11T15:34:50.145+0000][1][safepoint    ] Safepoint "Cleanup", Time since last: 1000173054 ns, Reaching safepoint: 144866 ns, At safepoint: 14601 ns, Total: 159467 ns
[2020-09-11T15:34:51.146+0000][1][safepoint    ] Safepoint "Cleanup", Time since last: 1000253491 ns, Reaching safepoint: 149166 ns, At safepoint: 14931 ns, Total: 164097 ns
[2020-09-11T15:34:52.154+0000][1][safepoint    ] Safepoint "Cleanup", Time since last: 1008057368 ns, Reaching safepoint: 148698 ns, At safepoint: 18660 ns, Total: 167358 ns
[2020-09-11T15:34:52.591+0000][1][safepoint    ] Safepoint "RevokeBias", Time since last: 437441007 ns, Reaching safepoint: 193699 ns, At safepoint: 19145 ns, Total: 212844 ns
[2020-09-11T15:34:52.592+0000][1][safepoint    ] Safepoint "RevokeBias", Time since last: 106868 ns, Reaching safepoint: 110145 ns, At safepoint: 33669 ns, Total: 143814 ns
[2020-09-11T15:34:52.592+0000][1][safepoint    ] Safepoint "RevokeBias", Time since last: 44690 ns, Reaching safepoint: 140185 ns, At safepoint: 33105 ns, Total: 173290 ns
[2020-09-11T15:34:52.592+0000][1][safepoint    ] Safepoint "RevokeBias", Time since last: 77112 ns, Reaching safepoint: 143626 ns, At safepoint: 12706 ns, Total: 156332 ns
[2020-09-11T15:34:53.593+0000][1][safepoint    ] Safepoint "Cleanup", Time since last: 1000155211 ns, Reaching safepoint: 145900 ns, At safepoint: 9309 ns, Total: 155209 ns
[2020-09-11T15:34:54.593+0000][1][safepoint    ] Safepoint "Cleanup", Time since last: 1000165967 ns, Reaching safepoint: 202075 ns, At safepoint: 19428 ns, Total: 221503 ns
[2020-09-11T15:34:55.004+0000][1][gc,start     ] GC(128) Pause Young (Allocation Failure)
[2020-09-11T15:34:55.004+0000][1][gc,task      ] GC(128) Using 1 workers of 1 for evacuation
[2020-09-11T15:34:55.019+0000][1][gc,age       ] GC(128) Desired survivor size 4358144 bytes, new threshold 6 (max threshold 6)
[2020-09-11T15:34:55.019+0000][1][gc,age       ] GC(128) Age table with threshold 6 (max threshold 6)
[2020-09-11T15:34:55.019+0000][1][gc,age       ] GC(128) - age   1:     243248 bytes,     243248 total
[2020-09-11T15:34:55.019+0000][1][gc,age       ] GC(128) - age   2:     180512 bytes,     423760 total
[2020-09-11T15:34:55.019+0000][1][gc,age       ] GC(128) - age   3:      82200 bytes,     505960 total
[2020-09-11T15:34:55.019+0000][1][gc,age       ] GC(128) - age   4:     101264 bytes,     607224 total
[2020-09-11T15:34:55.019+0000][1][gc,age       ] GC(128) - age   5:       2040 bytes,     609264 total
[2020-09-11T15:34:55.019+0000][1][gc,age       ] GC(128) - age   6:       4552 bytes,     613816 total
[2020-09-11T15:34:55.019+0000][1][gc,heap      ] GC(128) ParNew: 68741K->913K(76672K)
[2020-09-11T15:34:55.019+0000][1][gc,heap      ] GC(128) CMS: 106660K->106663K(2011968K)
[2020-09-11T15:34:55.019+0000][1][gc,metaspace ] GC(128) Metaspace: 93781K->93781K(1136640K)
[2020-09-11T15:34:55.019+0000][1][gc           ] GC(128) Pause Young (Allocation Failure) 171M->105M(2039M) 15.457ms
[2020-09-11T15:34:55.019+0000][1][gc,cpu       ] GC(128) User=0.01s Sys=0.00s Real=0.01s
[2020-09-11T15:34:55.019+0000][1][safepoint    ] Safepoint "GenCollectForAllocation", Time since last: 410741116 ns, Reaching safepoint: 286242 ns, At safepoint: 15529192 ns, Total: 15815434 ns
[2020-09-11T15:34:56.022+0000][1][safepoint    ] Safepoint "Cleanup", Time since last: 1002382722 ns, Reaching safepoint: 130022 ns, At safepoint: 23973 ns, Total: 153995 ns
[2020-09-11T15:34:57.022+0000][1][safepoint    ] Safepoint "Cleanup", Time since last: 1000144276 ns, Reaching safepoint: 155847 ns, At safepoint: 14934 ns, Total: 170781 ns
[2020-09-11T15:34:58.023+0000][1][safepoint    ] Safepoint "Cleanup", Time since last: 1000179752 ns, Reaching safepoint: 120100 ns, At safepoint: 21415 ns, Total: 141515 ns
[2020-09-11T15:34:59.023+0000][1][safepoint    ] Safepoint "Cleanup", Time since last: 1000144382 ns, Reaching safepoint: 130340 ns, At safepoint: 16695 ns, Total: 147035 ns
[2020-09-11T15:35:00.023+0000][1][safepoint    ] Safepoint "Cleanup", Time since last: 1000115038 ns, Reaching safepoint: 214443 ns, At safepoint: 8463 ns, Total: 222906 ns
[2020-09-11T15:35:01.024+0000][1][safepoint    ] Safepoint "Cleanup", Time since last: 1000133755 ns, Reaching safepoint: 160130 ns, At safepoint: 25186 ns, Total: 185316 ns
[2020-09-11T15:35:02.024+0000][1][safepoint    ] Safepoint "Cleanup", Time since last: 1000212983 ns, Reaching safepoint: 162456 ns, At safepoint: 18773 ns, Total: 181229 ns
[2020-09-11T15:35:03.024+0000][1][safepoint    ] Safepoint "Cleanup", Time since last: 1000186921 ns, Reaching safepoint: 175125 ns, At safepoint: 22983 ns, Total: 198108 ns
[2020-09-11T15:35:04.025+0000][1][safepoint    ] Safepoint "Cleanup", Time since last: 1000203363 ns, Reaching safepoint: 170124 ns, At safepoint: 73794 ns, Total: 243918 ns
[2020-09-11T15:35:04.351+0000][1][safepoint    ] Safepoint "RevokeBias", Time since last: 325720862 ns, Reaching safepoint: 266310 ns, At safepoint: 49030 ns, Total: 315340 ns
[2020-09-11T15:35:04.351+0000][1][safepoint    ] Safepoint "RevokeBias", Time since last: 194550 ns, Reaching safepoint: 309248 ns, At safepoint: 69710 ns, Total: 378958 ns
[2020-09-11T15:35:04.352+0000][1][safepoint    ] Safepoint "RevokeBias", Time since last: 51019 ns, Reaching safepoint: 144414 ns, At safepoint: 34110 ns, Total: 178524 ns
[2020-09-11T15:35:04.352+0000][1][safepoint    ] Safepoint "RevokeBias", Time since last: 36401 ns, Reaching safepoint: 144828 ns, At safepoint: 39764 ns, Total: 184592 ns
[2020-09-11T15:35:04.352+0000][1][safepoint    ] Safepoint "RevokeBias", Time since last: 72275 ns, Reaching safepoint: 142724 ns, At safepoint: 19504 ns, Total: 162228 ns
[2020-09-11T15:35:05.352+0000][1][safepoint    ] Safepoint "Cleanup", Time since last: 1000120373 ns, Reaching safepoint: 121360 ns, At safepoint: 7235 ns, Total: 128595 ns
[2020-09-11T15:35:05.660+0000][1][safepoint    ] Safepoint "RevokeBias", Time since last: 307465298 ns, Reaching safepoint: 262294 ns, At safepoint: 49544 ns, Total: 311838 ns
[2020-09-11T15:35:05.661+0000][1][safepoint    ] Safepoint "RevokeBias", Time since last: 191717 ns, Reaching safepoint: 299984 ns, At safepoint: 80800 ns, Total: 380784 ns
[2020-09-11T15:35:05.661+0000][1][safepoint    ] Safepoint "RevokeBias", Time since last: 153488 ns, Reaching safepoint: 368442 ns, At safepoint: 146008 ns, Total: 514450 ns
[2020-09-11T15:35:05.665+0000][1][safepoint    ] Safepoint "RevokeBias", Time since last: 96055 ns, Reaching safepoint: 283212 ns, At safepoint: 3295645 ns, Total: 3578857 ns
[2020-09-11T15:35:05.666+0000][1][safepoint    ] Safepoint "RevokeBias", Time since last: 228168 ns, Reaching safepoint: 325730 ns, At safepoint: 158627 ns, Total: 484357 ns
[2020-09-11T15:35:05.666+0000][1][safepoint    ] Safepoint "RevokeBias", Time since last: 250038 ns, Reaching safepoint: 309727 ns, At safepoint: 100275 ns, Total: 410002 ns
[2020-09-11T15:35:05.667+0000][1][safepoint    ] Safepoint "RevokeBias", Time since last: 91712 ns, Reaching safepoint: 339983 ns, At safepoint: 122704 ns, Total: 462687 ns
[2020-09-11T15:35:06.669+0000][1][safepoint    ] Safepoint "Cleanup", Time since last: 1001976344 ns, Reaching safepoint: 105267 ns, At safepoint: 7955 ns, Total: 113222 ns
[2020-09-11T15:35:07.669+0000][1][safepoint    ] Safepoint "Cleanup", Time since last: 1000219208 ns, Reaching safepoint: 125330 ns, At safepoint: 8149 ns, Total: 133479 ns
[2020-09-11T15:35:08.670+0000][1][safepoint    ] Safepoint "Cleanup", Time since last: 1000178638 ns, Reaching safepoint: 166181 ns, At safepoint: 19418 ns, Total: 185599 ns
[2020-09-11T15:35:09.670+0000][1][safepoint    ] Safepoint "Cleanup", Time since last: 1000214706 ns, Reaching safepoint: 158246 ns, At safepoint: 19906 ns, Total: 178152 ns
[2020-09-11T15:35:10.671+0000][1][safepoint    ] Safepoint "Cleanup", Time since last: 1000194615 ns, Reaching safepoint: 160080 ns, At safepoint: 17644 ns, Total: 177724 ns
[2020-09-11T15:35:11.671+0000][1][safepoint    ] Safepoint "Cleanup", Time since last: 1000191009 ns, Reaching safepoint: 167454 ns, At safepoint: 17845 ns, Total: 185299 ns
[2020-09-11T15:35:12.671+0000][1][safepoint    ] Safepoint "Cleanup", Time since last: 1000194943 ns, Reaching safepoint: 167894 ns, At safepoint: 18169 ns, Total: 186063 ns
[2020-09-11T15:35:13.672+0000][1][safepoint    ] Safepoint "Cleanup", Time since last: 1000216075 ns, Reaching safepoint: 152359 ns, At safepoint: 33664 ns, Total: 186023 ns
[2020-09-11T15:35:14.672+0000][1][safepoint    ] Safepoint "Cleanup", Time since last: 1000191573 ns, Reaching safepoint: 165769 ns, At safepoint: 17724 ns, Total: 183493 ns
[2020-09-11T15:35:15.672+0000][1][safepoint    ] Safepoint "Cleanup", Time since last: 1000155305 ns, Reaching safepoint: 203147 ns, At safepoint: 9799 ns, Total: 212946 ns
[2020-09-11T15:35:16.635+0000][1][safepoint    ] Safepoint "RevokeBias", Time since last: 962400793 ns, Reaching safepoint: 80135 ns, At safepoint: 17797 ns, Total: 97932 ns
[2020-09-11T15:35:16.635+0000][1][safepoint    ] Safepoint "RevokeBias", Time since last: 83553 ns, Reaching safepoint: 29817 ns, At safepoint: 14325 ns, Total: 44142 ns
[2020-09-11T15:35:16.635+0000][1][safepoint    ] Safepoint "RevokeBias", Time since last: 35171 ns, Reaching safepoint: 28014 ns, At safepoint: 11135 ns, Total: 39149 ns
[2020-09-11T15:35:16.635+0000][1][safepoint    ] Safepoint "RevokeBias", Time since last: 29292 ns, Reaching safepoint: 26826 ns, At safepoint: 9808 ns, Total: 36634 ns
[2020-09-11T15:35:16.635+0000][1][safepoint    ] Safepoint "RevokeBias", Time since last: 68974 ns, Reaching safepoint: 28363 ns, At safepoint: 8669 ns, Total: 37032 ns
[2020-09-11T15:35:17.636+0000][1][safepoint    ] Safepoint "Cleanup", Time since last: 1000111264 ns, Reaching safepoint: 136815 ns, At safepoint: 8082 ns, Total: 144897 ns
[2020-09-11T15:35:17.947+0000][1][safepoint    ] Safepoint "BulkRevokeBias", Time since last: 311022271 ns, Reaching safepoint: 199174 ns, At safepoint: 247139 ns, Total: 446313 ns
[2020-09-11T15:35:17.947+0000][1][safepoint    ] Safepoint "RevokeBias", Time since last: 105398 ns, Reaching safepoint: 116235 ns, At safepoint: 38966 ns, Total: 155201 ns
[2020-09-11T15:35:17.948+0000][1][safepoint    ] Safepoint "RevokeBias", Time since last: 44523 ns, Reaching safepoint: 141538 ns, At safepoint: 54958 ns, Total: 196496 ns
[2020-09-11T15:35:17.948+0000][1][safepoint    ] Safepoint "RevokeBias", Time since last: 38844 ns, Reaching safepoint: 145638 ns, At safepoint: 52338 ns, Total: 197976 ns
[2020-09-11T15:35:17.948+0000][1][safepoint    ] Safepoint "RevokeBias", Time since last: 118799 ns, Reaching safepoint: 141513 ns, At safepoint: 15081 ns, Total: 156594 ns
[2020-09-11T15:35:18.948+0000][1][safepoint    ] Safepoint "Cleanup", Time since last: 1000127695 ns, Reaching safepoint: 168856 ns, At safepoint: 17724 ns, Total: 186580 ns
[2020-09-11T15:35:19.949+0000][1][safepoint    ] Safepoint "Cleanup", Time since last: 1000198990 ns, Reaching safepoint: 164109 ns, At safepoint: 16869 ns, Total: 180978 ns
[2020-09-11T15:35:20.949+0000][1][safepoint    ] Safepoint "Cleanup", Time since last: 1000174960 ns, Reaching safepoint: 78704 ns, At safepoint: 6460 ns, Total: 85164 ns
[2020-09-11T15:35:21.949+0000][1][safepoint    ] Safepoint "Cleanup", Time since last: 1000143093 ns, Reaching safepoint: 188321 ns, At safepoint: 19418 ns, Total: 207739 ns
[2020-09-11T15:35:22.950+0000][1][safepoint    ] Safepoint "Cleanup", Time since last: 1000215745 ns, Reaching safepoint: 169353 ns, At safepoint: 17347 ns, Total: 186700 ns
[2020-09-11T15:35:23.962+0000][1][safepoint    ] Safepoint "Cleanup", Time since last: 1012029941 ns, Reaching safepoint: 166144 ns, At safepoint: 19742 ns, Total: 185886 ns
[2020-09-11T15:35:24.962+0000][1][safepoint    ] Safepoint "Cleanup", Time since last: 1000237463 ns, Reaching safepoint: 116065 ns, At safepoint: 8160 ns, Total: 124225 ns
[2020-09-11T15:35:25.963+0000][1][safepoint    ] Safepoint "Cleanup", Time since last: 1000182172 ns, Reaching safepoint: 109796 ns, At safepoint: 7186 ns, Total: 116982 ns
[2020-09-11T15:35:26.963+0000][1][safepoint    ] Safepoint "Cleanup", Time since last: 1000184219 ns, Reaching safepoint: 166397 ns, At safepoint: 19258 ns, Total: 185655 ns
[2020-09-11T15:35:27.964+0000][1][safepoint    ] Safepoint "Cleanup", Time since last: 1000151720 ns, Reaching safepoint: 377402 ns, At safepoint: 9431 ns, Total: 386833 ns
[2020-09-11T15:35:28.922+0000][1][safepoint    ] Safepoint "RevokeBias", Time since last: 958389983 ns, Reaching safepoint: 86683 ns, At safepoint: 24947 ns, Total: 111630 ns
[2020-09-11T15:35:28.922+0000][1][safepoint    ] Safepoint "RevokeBias", Time since last: 65519 ns, Reaching safepoint: 30545 ns, At safepoint: 12764 ns, Total: 43309 ns
[2020-09-11T15:35:28.922+0000][1][safepoint    ] Safepoint "RevokeBias", Time since last: 31817 ns, Reaching safepoint: 29232 ns, At safepoint: 10908 ns, Total: 40140 ns
[2020-09-11T15:35:29.923+0000][1][safepoint    ] Safepoint "Cleanup", Time since last: 1000183806 ns, Reaching safepoint: 101963 ns, At safepoint: 7982 ns, Total: 109945 ns
[2020-09-11T15:35:30.951+0000][1][safepoint    ] Safepoint "Cleanup", Time since last: 1000157346 ns, Reaching safepoint: 28359864 ns, At safepoint: 10120 ns, Total: 28369984 ns
[2020-09-11T15:35:31.037+0000][1][safepoint    ] Safepoint "RevokeBias", Time since last: 85502921 ns, Reaching safepoint: 313339 ns, At safepoint: 170720 ns, Total: 484059 ns
[2020-09-11T15:35:31.038+0000][1][safepoint    ] Safepoint "RevokeBias", Time since last: 190626 ns, Reaching safepoint: 213481 ns, At safepoint: 109970 ns, Total: 323451 ns
[2020-09-11T15:35:31.039+0000][1][safepoint    ] Safepoint "RevokeBias", Time since last: 122890 ns, Reaching safepoint: 225717 ns, At safepoint: 757840 ns, Total: 983557 ns
[2020-09-11T15:35:31.039+0000][1][safepoint    ] Safepoint "RevokeBias", Time since last: 125252 ns, Reaching safepoint: 115496 ns, At safepoint: 42850 ns, Total: 158346 ns
[2020-09-11T15:35:31.039+0000][1][safepoint    ] Safepoint "RevokeBias", Time since last: 57989 ns, Reaching safepoint: 111083 ns, At safepoint: 21204 ns, Total: 132287 ns
[2020-09-11T15:35:32.039+0000][1][safepoint    ] Safepoint "Cleanup", Time since last: 1000149331 ns, Reaching safepoint: 73956 ns, At safepoint: 7114 ns, Total: 81070 ns
[2020-09-11T15:35:33.040+0000][1][safepoint    ] Safepoint "Cleanup", Time since last: 1000131328 ns, Reaching safepoint: 121601 ns, At safepoint: 11157 ns, Total: 132758 ns
[2020-09-11T15:35:34.071+0000][1][safepoint    ] Safepoint "Cleanup", Time since last: 1031361517 ns, Reaching safepoint: 162745 ns, At safepoint: 17503 ns, Total: 180248 ns
[2020-09-11T15:35:35.071+0000][1][safepoint    ] Safepoint "Cleanup", Time since last: 1000189961 ns, Reaching safepoint: 122718 ns, At safepoint: 6626 ns, Total: 129344 ns
[2020-09-11T15:35:36.072+0000][1][safepoint    ] Safepoint "Cleanup", Time since last: 1000147894 ns, Reaching safepoint: 131104 ns, At safepoint: 7979 ns, Total: 139083 ns
[2020-09-11T15:35:37.072+0000][1][safepoint    ] Safepoint "Cleanup", Time since last: 1000189483 ns, Reaching safepoint: 166884 ns, At safepoint: 19886 ns, Total: 186770 ns
[2020-09-11T15:35:38.073+0000][1][safepoint    ] Safepoint "Cleanup", Time since last: 1000187348 ns, Reaching safepoint: 155899 ns, At safepoint: 18817 ns, Total: 174716 ns
[2020-09-11T15:35:39.077+0000][1][safepoint    ] Safepoint "Cleanup", Time since last: 1004311250 ns, Reaching safepoint: 116742 ns, At safepoint: 9681 ns, Total: 126423 ns
[2020-09-11T15:35:40.077+0000][1][safepoint    ] Safepoint "Cleanup", Time since last: 1000170931 ns, Reaching safepoint: 122611 ns, At safepoint: 8902 ns, Total: 131513 ns
[2020-09-11T15:35:41.078+0000][1][safepoint    ] Safepoint "Cleanup", Time since last: 1000169175 ns, Reaching safepoint: 118033 ns, At safepoint: 8397 ns, Total: 126430 ns
[2020-09-11T15:35:41.181+0000][1][safepoint    ] Safepoint "RevokeBias", Time since last: 103133630 ns, Reaching safepoint: 384341 ns, At safepoint: 50439 ns, Total: 434780 ns
[2020-09-11T15:35:41.182+0000][1][safepoint    ] Safepoint "RevokeBias", Time since last: 200712 ns, Reaching safepoint: 287388 ns, At safepoint: 78955 ns, Total: 366343 ns
[2020-09-11T15:35:41.182+0000][1][safepoint    ] Safepoint "RevokeBias", Time since last: 110411 ns, Reaching safepoint: 285751 ns, At safepoint: 103445 ns, Total: 389196 ns
[2020-09-11T15:35:41.183+0000][1][safepoint    ] Safepoint "RevokeBias", Time since last: 98333 ns, Reaching safepoint: 278958 ns, At safepoint: 120568 ns, Total: 399526 ns
[2020-09-11T15:35:41.183+0000][1][safepoint    ] Safepoint "RevokeBias", Time since last: 204218 ns, Reaching safepoint: 145136 ns, At safepoint: 20700 ns, Total: 165836 ns
[2020-09-11T15:35:41.214+0000][1][safepoint    ] Safepoint "RevokeBias", Time since last: 30050417 ns, Reaching safepoint: 646163 ns, At safepoint: 53554 ns, Total: 699717 ns
[2020-09-11T15:35:41.214+0000][1][safepoint    ] Safepoint "RevokeBias", Time since last: 172650 ns, Reaching safepoint: 193970 ns, At safepoint: 103769 ns, Total: 297739 ns
[2020-09-11T15:35:41.215+0000][1][safepoint    ] Safepoint "RevokeBias", Time since last: 92823 ns, Reaching safepoint: 286687 ns, At safepoint: 123153 ns, Total: 409840 ns
[2020-09-11T15:35:41.215+0000][1][safepoint    ] Safepoint "RevokeBias", Time since last: 86609 ns, Reaching safepoint: 282814 ns, At safepoint: 114571 ns, Total: 397385 ns
[2020-09-11T15:35:41.216+0000][1][safepoint    ] Safepoint "RevokeBias", Time since last: 171163 ns, Reaching safepoint: 480730 ns, At safepoint: 59744 ns, Total: 540474 ns
[2020-09-11T15:35:42.203+0000][1][safepoint    ] Safepoint "RevokeBias", Time since last: 986931617 ns, Reaching safepoint: 275331 ns, At safepoint: 46911 ns, Total: 322242 ns
[2020-09-11T15:35:42.204+0000][1][safepoint    ] Safepoint "RevokeBias", Time since last: 192890 ns, Reaching safepoint: 289657 ns, At safepoint: 80695 ns, Total: 370352 ns
[2020-09-11T15:35:42.204+0000][1][safepoint    ] Safepoint "RevokeBias", Time since last: 110769 ns, Reaching safepoint: 324979 ns, At safepoint: 54586 ns, Total: 379565 ns
[2020-09-11T15:35:42.205+0000][1][safepoint    ] Safepoint "RevokeBias", Time since last: 275542 ns, Reaching safepoint: 325198 ns, At safepoint: 97067 ns, Total: 422265 ns
[2020-09-11T15:35:42.206+0000][1][safepoint    ] Safepoint "RevokeBias", Time since last: 196709 ns, Reaching safepoint: 283927 ns, At safepoint: 61124 ns, Total: 345051 ns
[2020-09-11T15:35:43.206+0000][1][safepoint    ] Safepoint "Cleanup", Time since last: 1000157756 ns, Reaching safepoint: 116134 ns, At safepoint: 6845 ns, Total: 122979 ns
[2020-09-11T15:35:44.209+0000][1][safepoint    ] Safepoint "Cleanup", Time since last: 1003107673 ns, Reaching safepoint: 103458 ns, At safepoint: 7492 ns, Total: 110950 ns
[2020-09-11T15:35:45.209+0000][1][safepoint    ] Safepoint "Cleanup", Time since last: 1000281303 ns, Reaching safepoint: 68088 ns, At safepoint: 5603 ns, Total: 73691 ns
[2020-09-11T15:35:46.210+0000][1][safepoint    ] Safepoint "Cleanup", Time since last: 1000173177 ns, Reaching safepoint: 146289 ns, At safepoint: 17093 ns, Total: 163382 ns
[2020-09-11T15:35:47.210+0000][1][safepoint    ] Safepoint "Cleanup", Time since last: 1000184003 ns, Reaching safepoint: 122320 ns, At safepoint: 5907 ns, Total: 128227 ns
[2020-09-11T15:35:48.210+0000][1][safepoint    ] Safepoint "Cleanup", Time since last: 1000167106 ns, Reaching safepoint: 155260 ns, At safepoint: 17604 ns, Total: 172864 ns
[2020-09-11T15:35:49.246+0000][1][safepoint    ] Safepoint "Cleanup", Time since last: 1035948343 ns, Reaching safepoint: 152998 ns, At safepoint: 18169 ns, Total: 171167 ns
[2020-09-11T15:35:50.247+0000][1][safepoint    ] Safepoint "Cleanup", Time since last: 1000205094 ns, Reaching safepoint: 115566 ns, At safepoint: 6609 ns, Total: 122175 ns
[2020-09-11T15:35:51.247+0000][1][safepoint    ] Safepoint "Cleanup", Time since last: 1000162538 ns, Reaching safepoint: 109760 ns, At safepoint: 7705 ns, Total: 117465 ns
[2020-09-11T15:35:52.247+0000][1][safepoint    ] Safepoint "Cleanup", Time since last: 1000147497 ns, Reaching safepoint: 127511 ns, At safepoint: 6434 ns, Total: 133945 ns
[2020-09-11T15:35:53.211+0000][1][safepoint    ] Safepoint "RevokeBias", Time since last: 963601433 ns, Reaching safepoint: 258216 ns, At safepoint: 47329 ns, Total: 305545 ns
[2020-09-11T15:35:53.239+0000][1][safepoint    ] Safepoint "RevokeBias", Time since last: 27718228 ns, Reaching safepoint: 135362 ns, At safepoint: 52578 ns, Total: 187940 ns
[2020-09-11T15:35:53.240+0000][1][safepoint    ] Safepoint "BulkRevokeBias", Time since last: 234208 ns, Reaching safepoint: 92569 ns, At safepoint: 515268 ns, Total: 607837 ns
[2020-09-11T15:35:53.240+0000][1][safepoint    ] Safepoint "RevokeBias", Time since last: 122238 ns, Reaching safepoint: 91266 ns, At safepoint: 68103 ns, Total: 159369 ns
[2020-09-11T15:35:53.244+0000][1][safepoint    ] Safepoint "RevokeBias", Time since last: 3547467 ns, Reaching safepoint: 161941 ns, At safepoint: 18302 ns, Total: 180243 ns
[2020-09-11T15:35:53.247+0000][1][safepoint    ] Safepoint "RevokeBias", Time since last: 2918406 ns, Reaching safepoint: 187973 ns, At safepoint: 49420 ns, Total: 237393 ns
[2020-09-11T15:35:53.254+0000][1][safepoint    ] Safepoint "RevokeBias", Time since last: 6335516 ns, Reaching safepoint: 156943 ns, At safepoint: 18286 ns, Total: 175229 ns
[2020-09-11T15:35:54.254+0000][1][safepoint    ] Safepoint "Cleanup", Time since last: 1000179121 ns, Reaching safepoint: 150072 ns, At safepoint: 18125 ns, Total: 168197 ns
[2020-09-11T15:35:54.494+0000][1][safepoint    ] Safepoint "RevokeBias", Time since last: 238775347 ns, Reaching safepoint: 705692 ns, At safepoint: 48335 ns, Total: 754027 ns
[2020-09-11T15:35:54.494+0000][1][safepoint    ] Safepoint "RevokeBias", Time since last: 72772 ns, Reaching safepoint: 252057 ns, At safepoint: 28836 ns, Total: 280893 ns
[2020-09-11T15:35:54.494+0000][1][safepoint    ] Safepoint "RevokeBias", Time since last: 42236 ns, Reaching safepoint: 143020 ns, At safepoint: 35963 ns, Total: 178983 ns
[2020-09-11T15:35:55.094+0000][1][gc,start     ] GC(129) Pause Young (Allocation Failure)
[2020-09-11T15:35:55.094+0000][1][gc,task      ] GC(129) Using 1 workers of 1 for evacuation
[2020-09-11T15:35:55.109+0000][1][gc,age       ] GC(129) Desired survivor size 4358144 bytes, new threshold 6 (max threshold 6)
[2020-09-11T15:35:55.109+0000][1][gc,age       ] GC(129) Age table with threshold 6 (max threshold 6)
[2020-09-11T15:35:55.109+0000][1][gc,age       ] GC(129) - age   1:     363360 bytes,     363360 total
[2020-09-11T15:35:55.109+0000][1][gc,age       ] GC(129) - age   2:     211608 bytes,     574968 total
[2020-09-11T15:35:55.109+0000][1][gc,age       ] GC(129) - age   3:     178416 bytes,     753384 total
[2020-09-11T15:35:55.109+0000][1][gc,age       ] GC(129) - age   4:      82080 bytes,     835464 total
[2020-09-11T15:35:55.109+0000][1][gc,age       ] GC(129) - age   5:     101264 bytes,     936728 total
[2020-09-11T15:35:55.109+0000][1][gc,age       ] GC(129) - age   6:       2040 bytes,     938768 total
[2020-09-11T15:35:55.109+0000][1][gc,heap      ] GC(129) ParNew: 69073K->1127K(76672K)
[2020-09-11T15:35:55.109+0000][1][gc,heap      ] GC(129) CMS: 106663K->106668K(2011968K)
[2020-09-11T15:35:55.109+0000][1][gc,metaspace ] GC(129) Metaspace: 93971K->93971K(1136640K)
[2020-09-11T15:35:55.109+0000][1][gc           ] GC(129) Pause Young (Allocation Failure) 171M->105M(2039M) 15.300ms
[2020-09-11T15:35:55.109+0000][1][gc,cpu       ] GC(129) User=0.01s Sys=0.00s Real=0.01s
[2020-09-11T15:35:55.109+0000][1][safepoint    ] Safepoint "GenCollectForAllocation", Time since last: 599487453 ns, Reaching safepoint: 206792 ns, At safepoint: 15388816 ns, Total: 15595608 ns
[2020-09-11T15:35:56.111+0000][1][safepoint    ] Safepoint "Cleanup", Time since last: 1001770730 ns, Reaching safepoint: 173322 ns, At safepoint: 55213 ns, Total: 228535 ns
[2020-09-11T15:35:57.112+0000][1][safepoint    ] Safepoint "Cleanup", Time since last: 1000189662 ns, Reaching safepoint: 155233 ns, At safepoint: 21098 ns, Total: 176331 ns
[2020-09-11T15:35:58.112+0000][1][safepoint    ] Safepoint "Cleanup", Time since last: 1000139387 ns, Reaching safepoint: 135967 ns, At safepoint: 23983 ns, Total: 159950 ns
[2020-09-11T15:35:59.112+0000][1][safepoint    ] Safepoint "Cleanup", Time since last: 1000169650 ns, Reaching safepoint: 166977 ns, At safepoint: 47276 ns, Total: 214253 ns
[2020-09-11T15:36:00.222+0000][1][safepoint    ] Safepoint "Cleanup", Time since last: 1109414830 ns, Reaching safepoint: 149774 ns, At safepoint: 18262 ns, Total: 168036 ns
[2020-09-11T15:36:01.222+0000][1][safepoint    ] Safepoint "Cleanup", Time since last: 1000188674 ns, Reaching safepoint: 145143 ns, At safepoint: 17584 ns, Total: 162727 ns
[2020-09-11T15:36:02.223+0000][1][safepoint    ] Safepoint "Cleanup", Time since last: 1000180271 ns, Reaching safepoint: 145692 ns, At safepoint: 15919 ns, Total: 161611 ns
[2020-09-11T15:36:03.223+0000][1][safepoint    ] Safepoint "Cleanup", Time since last: 1000183640 ns, Reaching safepoint: 148374 ns, At safepoint: 16672 ns, Total: 165046 ns
[2020-09-11T15:36:04.223+0000][1][safepoint    ] Safepoint "Cleanup", Time since last: 1000262889 ns, Reaching safepoint: 97556 ns, At safepoint: 6248 ns, Total: 103804 ns
[2020-09-11T15:36:05.212+0000][1][safepoint    ] Safepoint "RevokeBias", Time since last: 988110217 ns, Reaching safepoint: 161456 ns, At safepoint: 25450 ns, Total: 186906 ns
[2020-09-11T15:36:05.213+0000][1][safepoint    ] Safepoint "RevokeBias", Time since last: 1286937 ns, Reaching safepoint: 126571 ns, At safepoint: 48672 ns, Total: 175243 ns
[2020-09-11T15:36:05.213+0000][1][safepoint    ] Safepoint "RevokeBias", Time since last: 167037 ns, Reaching safepoint: 112697 ns, At safepoint: 59715 ns, Total: 172412 ns
[2020-09-11T15:36:05.214+0000][1][safepoint    ] Safepoint "RevokeBias", Time since last: 43363 ns, Reaching safepoint: 116881 ns, At safepoint: 58212 ns, Total: 175093 ns
[2020-09-11T15:36:05.214+0000][1][safepoint    ] Safepoint "RevokeBias", Time since last: 105896 ns, Reaching safepoint: 106337 ns, At safepoint: 15105 ns, Total: 121442 ns
[2020-09-11T15:36:06.214+0000][1][safepoint    ] Safepoint "Cleanup", Time since last: 1000112145 ns, Reaching safepoint: 154819 ns, At safepoint: 16260 ns, Total: 171079 ns
[2020-09-11T15:36:06.778+0000][1][safepoint    ] Safepoint "RevokeBias", Time since last: 563575264 ns, Reaching safepoint: 202240 ns, At safepoint: 21649 ns, Total: 223889 ns
[2020-09-11T15:36:06.778+0000][1][safepoint    ] Safepoint "RevokeBias", Time since last: 85993 ns, Reaching safepoint: 148929 ns, At safepoint: 33087 ns, Total: 182016 ns
[2020-09-11T15:36:06.778+0000][1][safepoint    ] Safepoint "RevokeBias", Time since last: 40825 ns, Reaching safepoint: 183327 ns, At safepoint: 51328 ns, Total: 234655 ns
[2020-09-11T15:36:06.779+0000][1][safepoint    ] Safepoint "RevokeBias", Time since last: 119357 ns, Reaching safepoint: 143238 ns, At safepoint: 31777 ns, Total: 175015 ns
[2020-09-11T15:36:06.783+0000][1][safepoint    ] Safepoint "RevokeBias", Time since last: 3612311 ns, Reaching safepoint: 174641 ns, At safepoint: 18609 ns, Total: 193250 ns
[2020-09-11T15:36:07.783+0000][1][safepoint    ] Safepoint "Cleanup", Time since last: 1000132419 ns, Reaching safepoint: 162336 ns, At safepoint: 17497 ns, Total: 179833 ns
[2020-09-11T15:36:08.783+0000][1][safepoint    ] Safepoint "Cleanup", Time since last: 1000197475 ns, Reaching safepoint: 167581 ns, At safepoint: 18790 ns, Total: 186371 ns
[2020-09-11T15:36:09.784+0000][1][safepoint    ] Safepoint "Cleanup", Time since last: 1000299862 ns, Reaching safepoint: 178744 ns, At safepoint: 20784 ns, Total: 199528 ns
[2020-09-11T15:36:10.784+0000][1][safepoint    ] Safepoint "Cleanup", Time since last: 1000225670 ns, Reaching safepoint: 164133 ns, At safepoint: 19311 ns, Total: 183444 ns
[2020-09-11T15:36:11.785+0000][1][safepoint    ] Safepoint "Cleanup", Time since last: 1000218294 ns, Reaching safepoint: 152951 ns, At safepoint: 19652 ns, Total: 172603 ns
[2020-09-11T15:36:12.785+0000][1][safepoint    ] Safepoint "Cleanup", Time since last: 1000202890 ns, Reaching safepoint: 193608 ns, At safepoint: 23527 ns, Total: 217135 ns
[2020-09-11T15:36:13.785+0000][1][safepoint    ] Safepoint "Cleanup", Time since last: 1000186773 ns, Reaching safepoint: 163729 ns, At safepoint: 18947 ns, Total: 182676 ns
[2020-09-11T15:36:14.786+0000][1][safepoint    ] Safepoint "Cleanup", Time since last: 1000201593 ns, Reaching safepoint: 163552 ns, At safepoint: 18770 ns, Total: 182322 ns
[2020-09-11T15:36:15.815+0000][1][safepoint    ] Safepoint "Cleanup", Time since last: 1028856865 ns, Reaching safepoint: 162643 ns, At safepoint: 16912 ns, Total: 179555 ns
[2020-09-11T15:36:16.815+0000][1][safepoint    ] Safepoint "Cleanup", Time since last: 1000262841 ns, Reaching safepoint: 106039 ns, At safepoint: 9235 ns, Total: 115274 ns
[2020-09-11T15:36:17.212+0000][1][safepoint    ] Safepoint "RevokeBias", Time since last: 396249344 ns, Reaching safepoint: 209818 ns, At safepoint: 58753 ns, Total: 268571 ns
[2020-09-11T15:36:17.212+0000][1][safepoint    ] Safepoint "RevokeBias", Time since last: 79935 ns, Reaching safepoint: 147441 ns, At safepoint: 39157 ns, Total: 186598 ns
[2020-09-11T15:36:17.212+0000][1][safepoint    ] Safepoint "BulkRevokeBias", Time since last: 45642 ns, Reaching safepoint: 148979 ns, At safepoint: 275794 ns, Total: 424773 ns
[2020-09-11T15:36:17.213+0000][1][safepoint    ] Safepoint "BulkRevokeBias", Time since last: 121661 ns, Reaching safepoint: 144463 ns, At safepoint: 203340 ns, Total: 347803 ns
[2020-09-11T15:36:17.213+0000][1][safepoint    ] Safepoint "RevokeBias", Time since last: 57287 ns, Reaching safepoint: 147112 ns, At safepoint: 20476 ns, Total: 167588 ns
[2020-09-11T15:36:17.949+0000][1][safepoint    ] Safepoint "RevokeBias", Time since last: 736012544 ns, Reaching safepoint: 150440 ns, At safepoint: 10061 ns, Total: 160501 ns
[2020-09-11T15:36:17.949+0000][1][safepoint    ] Safepoint "RevokeBias", Time since last: 97447 ns, Reaching safepoint: 104119 ns, At safepoint: 6716 ns, Total: 110835 ns
[2020-09-11T15:36:17.950+0000][1][safepoint    ] Safepoint "RevokeBias", Time since last: 646857 ns, Reaching safepoint: 130297 ns, At safepoint: 8521 ns, Total: 138818 ns
[2020-09-11T15:36:17.952+0000][1][safepoint    ] Safepoint "RevokeBias", Time since last: 1026686 ns, Reaching safepoint: 528205 ns, At safepoint: 8621 ns, Total: 536826 ns
[2020-09-11T15:36:17.952+0000][1][safepoint    ] Safepoint "RevokeBias", Time since last: 75113 ns, Reaching safepoint: 179876 ns, At safepoint: 7096 ns, Total: 186972 ns
[2020-09-11T15:36:17.952+0000][1][safepoint    ] Safepoint "RevokeBias", Time since last: 38842 ns, Reaching safepoint: 263518 ns, At safepoint: 7281 ns, Total: 270799 ns
[2020-09-11T15:36:17.953+0000][1][safepoint    ] Safepoint "RevokeBias", Time since last: 359767 ns, Reaching safepoint: 386317 ns, At safepoint: 29109 ns, Total: 415426 ns
[2020-09-11T15:36:17.954+0000][1][safepoint    ] Safepoint "RevokeBias", Time since last: 1079561 ns, Reaching safepoint: 125614 ns, At safepoint: 8180 ns, Total: 133794 ns
[2020-09-11T15:36:17.955+0000][1][safepoint    ] Safepoint "RevokeBias", Time since last: 385916 ns, Reaching safepoint: 422356 ns, At safepoint: 9281 ns, Total: 431637 ns
[2020-09-11T15:36:17.956+0000][1][safepoint    ] Safepoint "RevokeBias", Time since last: 202672 ns, Reaching safepoint: 144838 ns, At safepoint: 6976 ns, Total: 151814 ns
[2020-09-11T15:36:17.956+0000][1][safepoint    ] Safepoint "RevokeBias", Time since last: 284583 ns, Reaching safepoint: 149767 ns, At safepoint: 5910 ns, Total: 155677 ns
[2020-09-11T15:36:17.956+0000][1][safepoint    ] Safepoint "RevokeBias", Time since last: 189171 ns, Reaching safepoint: 143267 ns, At safepoint: 13011 ns, Total: 156278 ns
[2020-09-11T15:36:17.957+0000][1][safepoint    ] Safepoint "RevokeBias", Time since last: 167634 ns, Reaching safepoint: 147471 ns, At safepoint: 6417 ns, Total: 153888 ns
[2020-09-11T15:36:17.957+0000][1][safepoint    ] Safepoint "RevokeBias", Time since last: 44298 ns, Reaching safepoint: 172620 ns, At safepoint: 6337 ns, Total: 178957 ns
[2020-09-11T15:36:17.957+0000][1][safepoint    ] Safepoint "RevokeBias", Time since last: 44343 ns, Reaching safepoint: 150798 ns, At safepoint: 6059 ns, Total: 156857 ns
[2020-09-11T15:36:17.957+0000][1][safepoint    ] Safepoint "RevokeBias", Time since last: 71548 ns, Reaching safepoint: 149442 ns, At safepoint: 6064 ns, Total: 155506 ns
[2020-09-11T15:36:17.957+0000][1][safepoint    ] Safepoint "RevokeBias", Time since last: 34346 ns, Reaching safepoint: 143572 ns, At safepoint: 6084 ns, Total: 149656 ns
[2020-09-11T15:36:17.958+0000][1][safepoint    ] Safepoint "RevokeBias", Time since last: 862030 ns, Reaching safepoint: 147002 ns, At safepoint: 6625 ns, Total: 153627 ns
[2020-09-11T15:36:17.959+0000][1][safepoint    ] Safepoint "RevokeBias", Time since last: 553088 ns, Reaching safepoint: 155385 ns, At safepoint: 6557 ns, Total: 161942 ns
[2020-09-11T15:36:18.399+0000][1][safepoint    ] Safepoint "RevokeBias", Time since last: 440180081 ns, Reaching safepoint: 80409 ns, At safepoint: 8405 ns, Total: 88814 ns
[2020-09-11T15:36:18.400+0000][1][safepoint    ] Safepoint "BulkRevokeBias", Time since last: 455923 ns, Reaching safepoint: 40059 ns, At safepoint: 196650 ns, Total: 236709 ns
[2020-09-11T15:36:18.420+0000][1][safepoint    ] Safepoint "RevokeBias", Time since last: 19827091 ns, Reaching safepoint: 33393 ns, At safepoint: 5428 ns, Total: 38821 ns
[2020-09-11T15:36:18.420+0000][1][safepoint    ] Safepoint "RevokeBias", Time since last: 40056 ns, Reaching safepoint: 25051 ns, At safepoint: 12384 ns, Total: 37435 ns
[2020-09-11T15:36:18.420+0000][1][safepoint    ] Safepoint "RevokeBias", Time since last: 26597 ns, Reaching safepoint: 24831 ns, At safepoint: 11561 ns, Total: 36392 ns
[2020-09-11T15:36:18.420+0000][1][safepoint    ] Safepoint "RevokeBias", Time since last: 93950 ns, Reaching safepoint: 28095 ns, At safepoint: 12455 ns, Total: 40550 ns
[2020-09-11T15:36:18.420+0000][1][safepoint    ] Safepoint "RevokeBias", Time since last: 26117 ns, Reaching safepoint: 24703 ns, At safepoint: 11550 ns, Total: 36253 ns
[2020-09-11T15:36:18.423+0000][1][safepoint    ] Safepoint "RevokeBias", Time since last: 2504818 ns, Reaching safepoint: 138288 ns, At safepoint: 7797 ns, Total: 146085 ns
[2020-09-11T15:36:18.423+0000][1][safepoint    ] Safepoint "RevokeBias", Time since last: 56594 ns, Reaching safepoint: 26404 ns, At safepoint: 4769 ns, Total: 31173 ns
[2020-09-11T15:36:18.423+0000][1][safepoint    ] Safepoint "RevokeBias", Time since last: 34838 ns, Reaching safepoint: 25784 ns, At safepoint: 4532 ns, Total: 30316 ns
[2020-09-11T15:36:18.423+0000][1][safepoint    ] Safepoint "RevokeBias", Time since last: 46994 ns, Reaching safepoint: 26743 ns, At safepoint: 4848 ns, Total: 31591 ns
[2020-09-11T15:36:18.423+0000][1][safepoint    ] Safepoint "RevokeBias", Time since last: 49014 ns, Reaching safepoint: 26842 ns, At safepoint: 4697 ns, Total: 31539 ns
[2020-09-11T15:36:18.423+0000][1][safepoint    ] Safepoint "RevokeBias", Time since last: 44663 ns, Reaching safepoint: 26012 ns, At safepoint: 4690 ns, Total: 30702 ns
[2020-09-11T15:36:18.956+0000][1][safepoint    ] Safepoint "RevokeBias", Time since last: 531969676 ns, Reaching safepoint: 155203 ns, At safepoint: 20938 ns, Total: 176141 ns
[2020-09-11T15:36:19.067+0000][1][safepoint    ] Safepoint "RevokeBias", Time since last: 111621469 ns, Reaching safepoint: 201594 ns, At safepoint: 22794 ns, Total: 224388 ns
[2020-09-11T15:36:19.068+0000][1][safepoint    ] Safepoint "RevokeBias", Time since last: 520328 ns, Reaching safepoint: 148828 ns, At safepoint: 32599 ns, Total: 181427 ns
[2020-09-11T15:36:19.069+0000][1][safepoint    ] Safepoint "RevokeBias", Time since last: 670950 ns, Reaching safepoint: 122916 ns, At safepoint: 39058 ns, Total: 161974 ns
[2020-09-11T15:36:19.069+0000][1][safepoint    ] Safepoint "RevokeBias", Time since last: 128426 ns, Reaching safepoint: 147175 ns, At safepoint: 33599 ns, Total: 180774 ns
[2020-09-11T15:36:19.069+0000][1][safepoint    ] Safepoint "RevokeBias", Time since last: 78921 ns, Reaching safepoint: 143450 ns, At safepoint: 15286 ns, Total: 158736 ns
[2020-09-11T15:36:19.070+0000][1][safepoint    ] Safepoint "RevokeBias", Time since last: 649873 ns, Reaching safepoint: 111233 ns, At safepoint: 18360 ns, Total: 129593 ns
[2020-09-11T15:36:19.078+0000][1][safepoint    ] Safepoint "BulkRevokeBias", Time since last: 7616583 ns, Reaching safepoint: 138119 ns, At safepoint: 194243 ns, Total: 332362 ns
[2020-09-11T15:36:19.085+0000][1][safepoint    ] Safepoint "RevokeBias", Time since last: 6846192 ns, Reaching safepoint: 157668 ns, At safepoint: 9328 ns, Total: 166996 ns
[2020-09-11T15:36:19.087+0000][1][safepoint    ] Safepoint "RevokeBias", Time since last: 369362 ns, Reaching safepoint: 1213763 ns, At safepoint: 8933 ns, Total: 1222696 ns
[2020-09-11T15:36:19.088+0000][1][safepoint    ] Safepoint "RevokeBias", Time since last: 746484 ns, Reaching safepoint: 858587 ns, At safepoint: 19480 ns, Total: 878067 ns
[2020-09-11T15:36:19.089+0000][1][safepoint    ] Safepoint "RevokeBias", Time since last: 167516 ns, Reaching safepoint: 547408 ns, At safepoint: 16102 ns, Total: 563510 ns
[2020-09-11T15:36:19.089+0000][1][safepoint    ] Safepoint "RevokeBias", Time since last: 155418 ns, Reaching safepoint: 143567 ns, At safepoint: 14268 ns, Total: 157835 ns
[2020-09-11T15:36:19.090+0000][1][safepoint    ] Safepoint "RevokeBias", Time since last: 377494 ns, Reaching safepoint: 113820 ns, At safepoint: 19909 ns, Total: 133729 ns
[2020-09-11T15:36:19.091+0000][1][safepoint    ] Safepoint "RevokeBias", Time since last: 557460 ns, Reaching safepoint: 111188 ns, At safepoint: 18423 ns, Total: 129611 ns
[2020-09-11T15:36:19.092+0000][1][safepoint    ] Safepoint "RevokeBias", Time since last: 1263435 ns, Reaching safepoint: 160636 ns, At safepoint: 9359 ns, Total: 169995 ns
[2020-09-11T15:36:19.092+0000][1][safepoint    ] Safepoint "RevokeBias", Time since last: 194478 ns, Reaching safepoint: 110175 ns, At safepoint: 8534 ns, Total: 118709 ns
[2020-09-11T15:36:19.093+0000][1][safepoint    ] Safepoint "RevokeBias", Time since last: 205674 ns, Reaching safepoint: 157329 ns, At safepoint: 8172 ns, Total: 165501 ns
[2020-09-11T15:36:19.096+0000][1][safepoint    ] Safepoint "RevokeBias", Time since last: 2782181 ns, Reaching safepoint: 204534 ns, At safepoint: 10526 ns, Total: 215060 ns
[2020-09-11T15:36:19.096+0000][1][safepoint    ] Safepoint "RevokeBias", Time since last: 170970 ns, Reaching safepoint: 99148 ns, At safepoint: 16532 ns, Total: 115680 ns
[2020-09-11T15:36:19.097+0000][1][safepoint    ] Safepoint "RevokeBias", Time since last: 410206 ns, Reaching safepoint: 106040 ns, At safepoint: 14806 ns, Total: 120846 ns
[2020-09-11T15:36:19.097+0000][1][safepoint    ] Safepoint "RevokeBias", Time since last: 454516 ns, Reaching safepoint: 145965 ns, At safepoint: 14680 ns, Total: 160645 ns
[2020-09-11T15:36:19.098+0000][1][safepoint    ] Safepoint "RevokeBias", Time since last: 506326 ns, Reaching safepoint: 117405 ns, At safepoint: 14413 ns, Total: 131818 ns
[2020-09-11T15:36:19.098+0000][1][safepoint    ] Safepoint "RevokeBias", Time since last: 41183 ns, Reaching safepoint: 98471 ns, At safepoint: 14183 ns, Total: 112654 ns
[2020-09-11T15:36:19.098+0000][1][safepoint    ] Safepoint "RevokeBias", Time since last: 353846 ns, Reaching safepoint: 101822 ns, At safepoint: 13686 ns, Total: 115508 ns
[2020-09-11T15:36:19.099+0000][1][safepoint    ] Safepoint "RevokeBias", Time since last: 72810 ns, Reaching safepoint: 106024 ns, At safepoint: 14431 ns, Total: 120455 ns
[2020-09-11T15:36:19.099+0000][1][safepoint    ] Safepoint "RevokeBias", Time since last: 73927 ns, Reaching safepoint: 105589 ns, At safepoint: 12913 ns, Total: 118502 ns
[2020-09-11T15:36:19.100+0000][1][safepoint    ] Safepoint "RevokeBias", Time since last: 822546 ns, Reaching safepoint: 147515 ns, At safepoint: 8377 ns, Total: 155892 ns
[2020-09-11T15:36:19.100+0000][1][safepoint    ] Safepoint "RevokeBias", Time since last: 242775 ns, Reaching safepoint: 149903 ns, At safepoint: 14285 ns, Total: 164188 ns
[2020-09-11T15:36:19.100+0000][1][safepoint    ] Safepoint "RevokeBias", Time since last: 47917 ns, Reaching safepoint: 146782 ns, At safepoint: 13425 ns, Total: 160207 ns
[2020-09-11T15:36:19.101+0000][1][safepoint    ] Safepoint "RevokeBias", Time since last: 40577 ns, Reaching safepoint: 145378 ns, At safepoint: 12405 ns, Total: 157783 ns
[2020-09-11T15:36:19.101+0000][1][safepoint    ] Safepoint "RevokeBias", Time since last: 274046 ns, Reaching safepoint: 149728 ns, At safepoint: 14054 ns, Total: 163782 ns
[2020-09-11T15:36:19.101+0000][1][safepoint    ] Safepoint "RevokeBias", Time since last: 73290 ns, Reaching safepoint: 173679 ns, At safepoint: 13033 ns, Total: 186712 ns
[2020-09-11T15:36:19.105+0000][1][safepoint    ] Safepoint "RevokeBias", Time since last: 3882877 ns, Reaching safepoint: 170422 ns, At safepoint: 36853 ns, Total: 207275 ns
[2020-09-11T15:36:19.106+0000][1][safepoint    ] Safepoint "RevokeBias", Time since last: 248357 ns, Reaching safepoint: 123287 ns, At safepoint: 30887 ns, Total: 154174 ns
[2020-09-11T15:36:19.107+0000][1][safepoint    ] Safepoint "RevokeBias", Time since last: 1117775 ns, Reaching safepoint: 240934 ns, At safepoint: 23460 ns, Total: 264394 ns
[2020-09-11T15:36:19.112+0000][1][safepoint    ] Safepoint "RevokeBias", Time since last: 4381957 ns, Reaching safepoint: 187509 ns, At safepoint: 9632 ns, Total: 197141 ns
[2020-09-11T15:36:19.112+0000][1][safepoint    ] Safepoint "RevokeBias", Time since last: 463740 ns, Reaching safepoint: 177954 ns, At safepoint: 7135 ns, Total: 185089 ns
[2020-09-11T15:36:19.122+0000][1][safepoint    ] Safepoint "RevokeBias", Time since last: 9000785 ns, Reaching safepoint: 177087 ns, At safepoint: 11839 ns, Total: 188926 ns
[2020-09-11T15:36:19.126+0000][1][safepoint    ] Safepoint "RevokeBias", Time since last: 3861951 ns, Reaching safepoint: 396765 ns, At safepoint: 9036 ns, Total: 405801 ns
[2020-09-11T15:36:19.129+0000][1][safepoint    ] Safepoint "RevokeBias", Time since last: 2586363 ns, Reaching safepoint: 312491 ns, At safepoint: 19973 ns, Total: 332464 ns
[2020-09-11T15:36:19.168+0000][1][gc,heap,exit ] Heap
[2020-09-11T15:36:19.169+0000][1][gc,heap,exit ]  par new generation   total 76672K, used 32432K [0x0000000080000000, 0x0000000085330000, 0x0000000085330000)
[2020-09-11T15:36:19.169+0000][1][gc,heap,exit ]   eden space 68160K,  45% used [0x0000000080000000, 0x0000000081e923f8, 0x0000000084290000)
[2020-09-11T15:36:19.169+0000][1][gc,heap,exit ]   from space 8512K,  13% used [0x0000000084ae0000, 0x0000000084bf9de0, 0x0000000085330000)
[2020-09-11T15:36:19.169+0000][1][gc,heap,exit ]   to   space 8512K,   0% used [0x0000000084290000, 0x0000000084290000, 0x0000000084ae0000)
[2020-09-11T15:36:19.169+0000][1][gc,heap,exit ]  concurrent mark-sweep generation total 2011968K, used 106668K [0x0000000085330000, 0x0000000100000000, 0x0000000100000000)
[2020-09-11T15:36:19.169+0000][1][gc,heap,exit ]  Metaspace       used 94242K, capacity 101151K, committed 101276K, reserved 1136640K
[2020-09-11T15:36:19.169+0000][1][gc,heap,exit ]   class space    used 12087K, capacity 14923K, committed 15012K, reserved 1048576K
