[2020-09-11T14:41:46.618+0000][1][gc] Using Concurrent Mark Sweep
[2020-09-11T14:41:46.618+0000][1][gc,heap,coops] Heap address: 0x0000000080000000, size: 2048 MB, Compressed Oops mode: 32-bit
[2020-09-11T14:41:46.703+0000][1][safepoint    ] Safepoint "EnableBiasedLocking", Time since last: 76557053 ns, Reaching safepoint: 139325 ns, At safepoint: 36620 ns, Total: 175945 ns
[2020-09-11T14:41:46.709+0000][1][safepoint    ] Safepoint "RevokeBias", Time since last: 5895964 ns, Reaching safepoint: 135809 ns, At safepoint: 32303 ns, Total: 168112 ns
[2020-09-11T14:41:46.720+0000][1][safepoint    ] Safepoint "Deoptimize", Time since last: 10994196 ns, Reaching safepoint: 135881 ns, At safepoint: 19508 ns, Total: 155389 ns
[2020-09-11T14:41:46.881+0000][1][safepoint    ] Safepoint "Deoptimize", Time since last: 160697309 ns, Reaching safepoint: 160938 ns, At safepoint: 28613 ns, Total: 189551 ns
[2020-09-11T14:41:46.882+0000][1][safepoint    ] Safepoint "Deoptimize", Time since last: 948988 ns, Reaching safepoint: 131500 ns, At safepoint: 26582 ns, Total: 158082 ns
[2020-09-11T14:41:46.934+0000][1][safepoint    ] Safepoint "Deoptimize", Time since last: 51300276 ns, Reaching safepoint: 140815 ns, At safepoint: 34597 ns, Total: 175412 ns
[2020-09-11T14:41:47.473+0000][1][safepoint    ] Safepoint "Deoptimize", Time since last: 539322698 ns, Reaching safepoint: 138905 ns, At safepoint: 57840 ns, Total: 196745 ns
[2020-09-11T14:41:47.547+0000][1][safepoint    ] Safepoint "Deoptimize", Time since last: 73797201 ns, Reaching safepoint: 132932 ns, At safepoint: 61626 ns, Total: 194558 ns
[2020-09-11T14:41:47.624+0000][1][safepoint    ] Safepoint "Deoptimize", Time since last: 76194065 ns, Reaching safepoint: 104280 ns, At safepoint: 69081 ns, Total: 173361 ns
[2020-09-11T14:41:48.084+0000][1][safepoint    ] Safepoint "Deoptimize", Time since last: 460269067 ns, Reaching safepoint: 126527 ns, At safepoint: 78382 ns, Total: 204909 ns
[2020-09-11T14:41:48.641+0000][1][safepoint    ] Safepoint "Deoptimize", Time since last: 556911336 ns, Reaching safepoint: 103900 ns, At safepoint: 84033 ns, Total: 187933 ns
[2020-09-11T14:41:49.122+0000][1][safepoint    ] Safepoint "Deoptimize", Time since last: 481011928 ns, Reaching safepoint: 115187 ns, At safepoint: 102078 ns, Total: 217265 ns
[2020-09-11T14:41:49.123+0000][1][safepoint    ] Safepoint "Deoptimize", Time since last: 133383 ns, Reaching safepoint: 81368 ns, At safepoint: 88970 ns, Total: 170338 ns
[2020-09-11T14:41:49.183+0000][1][safepoint    ] Safepoint "Deoptimize", Time since last: 60284470 ns, Reaching safepoint: 152085 ns, At safepoint: 110396 ns, Total: 262481 ns
[2020-09-11T14:41:49.186+0000][1][safepoint    ] Safepoint "Deoptimize", Time since last: 2323815 ns, Reaching safepoint: 138990 ns, At safepoint: 119764 ns, Total: 258754 ns
[2020-09-11T14:41:49.206+0000][1][safepoint    ] Safepoint "RevokeBias", Time since last: 20244290 ns, Reaching safepoint: 143229 ns, At safepoint: 38855 ns, Total: 182084 ns
[2020-09-11T14:41:49.208+0000][1][safepoint    ] Safepoint "RevokeBias", Time since last: 1322280 ns, Reaching safepoint: 381956 ns, At safepoint: 19227 ns, Total: 401183 ns
[2020-09-11T14:41:49.208+0000][1][safepoint    ] Safepoint "RevokeBias", Time since last: 44509 ns, Reaching safepoint: 115787 ns, At safepoint: 22403 ns, Total: 138190 ns
[2020-09-11T14:41:49.209+0000][1][safepoint    ] Safepoint "RevokeBias", Time since last: 64531 ns, Reaching safepoint: 261340 ns, At safepoint: 23149 ns, Total: 284489 ns
[2020-09-11T14:41:49.209+0000][1][safepoint    ] Safepoint "RevokeBias", Time since last: 134938 ns, Reaching safepoint: 86361 ns, At safepoint: 23239 ns, Total: 109600 ns
[2020-09-11T14:41:49.209+0000][1][safepoint    ] Safepoint "RevokeBias", Time since last: 289884 ns, Reaching safepoint: 125671 ns, At safepoint: 21955 ns, Total: 147626 ns
[2020-09-11T14:41:49.425+0000][1][safepoint    ] Safepoint "RevokeBias", Time since last: 215231065 ns, Reaching safepoint: 113445 ns, At safepoint: 15930 ns, Total: 129375 ns
[2020-09-11T14:41:49.856+0000][1][gc,start     ] GC(0) Pause Young (Allocation Failure)
[2020-09-11T14:41:49.856+0000][1][gc,task      ] GC(0) Using 1 workers of 1 for evacuation
[2020-09-11T14:41:49.900+0000][1][gc,age       ] GC(0) Desired survivor size 4358144 bytes, new threshold 1 (max threshold 6)
[2020-09-11T14:41:49.900+0000][1][gc,age       ] GC(0) Age table with threshold 1 (max threshold 6)
[2020-09-11T14:41:49.900+0000][1][gc,age       ] GC(0) - age   1:    6323000 bytes,    6323000 total
[2020-09-11T14:41:49.900+0000][1][gc,heap      ] GC(0) ParNew: 68160K->6201K(76672K)
[2020-09-11T14:41:49.900+0000][1][gc,heap      ] GC(0) CMS: 0K->0K(2011968K)
[2020-09-11T14:41:49.900+0000][1][gc,metaspace ] GC(0) Metaspace: 13312K->13312K(1060864K)
[2020-09-11T14:41:49.900+0000][1][gc           ] GC(0) Pause Young (Allocation Failure) 66M->6M(2039M) 44.157ms
[2020-09-11T14:41:49.900+0000][1][gc,cpu       ] GC(0) User=0.03s Sys=0.00s Real=0.04s
[2020-09-11T14:41:49.907+0000][1][safepoint    ] Safepoint "GenCollectForAllocation", Time since last: 430871557 ns, Reaching safepoint: 128823 ns, At safepoint: 51897841 ns, Total: 52026664 ns
[2020-09-11T14:41:49.912+0000][1][safepoint    ] Safepoint "RevokeBias", Time since last: 4453977 ns, Reaching safepoint: 97747 ns, At safepoint: 54855 ns, Total: 152602 ns
[2020-09-11T14:41:49.912+0000][1][safepoint    ] Safepoint "RevokeBias", Time since last: 77120 ns, Reaching safepoint: 129000 ns, At safepoint: 32448 ns, Total: 161448 ns
[2020-09-11T14:41:49.912+0000][1][safepoint    ] Safepoint "RevokeBias", Time since last: 31212 ns, Reaching safepoint: 91974 ns, At safepoint: 32980 ns, Total: 124954 ns
[2020-09-11T14:41:49.913+0000][1][safepoint    ] Safepoint "RevokeBias", Time since last: 24232 ns, Reaching safepoint: 124508 ns, At safepoint: 33368 ns, Total: 157876 ns
[2020-09-11T14:41:49.914+0000][1][safepoint    ] Safepoint "RevokeBias", Time since last: 29533 ns, Reaching safepoint: 1229847 ns, At safepoint: 38049 ns, Total: 1267896 ns
[2020-09-11T14:41:49.914+0000][1][safepoint    ] Safepoint "RevokeBias", Time since last: 27380 ns, Reaching safepoint: 122761 ns, At safepoint: 31813 ns, Total: 154574 ns
[2020-09-11T14:41:49.914+0000][1][safepoint    ] Safepoint "RevokeBias", Time since last: 31141 ns, Reaching safepoint: 121749 ns, At safepoint: 30217 ns, Total: 151966 ns
[2020-09-11T14:41:49.914+0000][1][safepoint    ] Safepoint "RevokeBias", Time since last: 23982 ns, Reaching safepoint: 125798 ns, At safepoint: 28632 ns, Total: 154430 ns
[2020-09-11T14:41:49.915+0000][1][safepoint    ] Safepoint "RevokeBias", Time since last: 28675 ns, Reaching safepoint: 84876 ns, At safepoint: 821247 ns, Total: 906123 ns
[2020-09-11T14:41:49.916+0000][1][safepoint    ] Safepoint "RevokeBias", Time since last: 30031 ns, Reaching safepoint: 262298 ns, At safepoint: 43849 ns, Total: 306147 ns
[2020-09-11T14:41:49.916+0000][1][safepoint    ] Safepoint "RevokeBias", Time since last: 49475 ns, Reaching safepoint: 85737 ns, At safepoint: 35522 ns, Total: 121259 ns
[2020-09-11T14:41:49.916+0000][1][safepoint    ] Safepoint "RevokeBias", Time since last: 23998 ns, Reaching safepoint: 123920 ns, At safepoint: 32403 ns, Total: 156323 ns
[2020-09-11T14:41:49.916+0000][1][safepoint    ] Safepoint "RevokeBias", Time since last: 28688 ns, Reaching safepoint: 79321 ns, At safepoint: 29839 ns, Total: 109160 ns
[2020-09-11T14:41:49.919+0000][1][safepoint    ] Safepoint "RevokeBias", Time since last: 22610 ns, Reaching safepoint: 78597 ns, At safepoint: 3074870 ns, Total: 3153467 ns
[2020-09-11T14:41:49.923+0000][1][safepoint    ] Safepoint "RevokeBias", Time since last: 140446 ns, Reaching safepoint: 3164476 ns, At safepoint: 23232 ns, Total: 3187708 ns
[2020-09-11T14:41:49.924+0000][1][safepoint    ] Safepoint "RevokeBias", Time since last: 682067 ns, Reaching safepoint: 315593 ns, At safepoint: 23485 ns, Total: 339078 ns
[2020-09-11T14:41:49.924+0000][1][safepoint    ] Safepoint "RevokeBias", Time since last: 78327 ns, Reaching safepoint: 78271 ns, At safepoint: 16487 ns, Total: 94758 ns
[2020-09-11T14:41:49.924+0000][1][safepoint    ] Safepoint "RevokeBias", Time since last: 28090 ns, Reaching safepoint: 76160 ns, At safepoint: 16867 ns, Total: 93027 ns
[2020-09-11T14:41:49.924+0000][1][safepoint    ] Safepoint "RevokeBias", Time since last: 47211 ns, Reaching safepoint: 76514 ns, At safepoint: 14087 ns, Total: 90601 ns
[2020-09-11T14:41:49.924+0000][1][safepoint    ] Safepoint "RevokeBias", Time since last: 26684 ns, Reaching safepoint: 75894 ns, At safepoint: 13618 ns, Total: 89512 ns
[2020-09-11T14:41:49.924+0000][1][safepoint    ] Safepoint "RevokeBias", Time since last: 32611 ns, Reaching safepoint: 76639 ns, At safepoint: 13569 ns, Total: 90208 ns
[2020-09-11T14:41:49.925+0000][1][safepoint    ] Safepoint "RevokeBias", Time since last: 25793 ns, Reaching safepoint: 76169 ns, At safepoint: 17673 ns, Total: 93842 ns
[2020-09-11T14:41:49.925+0000][1][safepoint    ] Safepoint "RevokeBias", Time since last: 39246 ns, Reaching safepoint: 177246 ns, At safepoint: 16526 ns, Total: 193772 ns
[2020-09-11T14:41:49.925+0000][1][safepoint    ] Safepoint "RevokeBias", Time since last: 27814 ns, Reaching safepoint: 77040 ns, At safepoint: 15427 ns, Total: 92467 ns
[2020-09-11T14:41:49.925+0000][1][safepoint    ] Safepoint "RevokeBias", Time since last: 33268 ns, Reaching safepoint: 77618 ns, At safepoint: 16564 ns, Total: 94182 ns
[2020-09-11T14:41:49.925+0000][1][safepoint    ] Safepoint "RevokeBias", Time since last: 26542 ns, Reaching safepoint: 76370 ns, At safepoint: 15037 ns, Total: 91407 ns
[2020-09-11T14:41:49.925+0000][1][safepoint    ] Safepoint "RevokeBias", Time since last: 218532 ns, Reaching safepoint: 78154 ns, At safepoint: 18374 ns, Total: 96528 ns
[2020-09-11T14:41:49.926+0000][1][safepoint    ] Safepoint "RevokeBias", Time since last: 27315 ns, Reaching safepoint: 76376 ns, At safepoint: 16651 ns, Total: 93027 ns
[2020-09-11T14:41:49.926+0000][1][safepoint    ] Safepoint "RevokeBias", Time since last: 40492 ns, Reaching safepoint: 76431 ns, At safepoint: 16657 ns, Total: 93088 ns
[2020-09-11T14:41:49.926+0000][1][safepoint    ] Safepoint "RevokeBias", Time since last: 26912 ns, Reaching safepoint: 75174 ns, At safepoint: 13608 ns, Total: 88782 ns
[2020-09-11T14:41:49.945+0000][1][safepoint    ] Safepoint "RevokeBias", Time since last: 19405828 ns, Reaching safepoint: 108170 ns, At safepoint: 13876 ns, Total: 122046 ns
[2020-09-11T14:41:49.956+0000][1][safepoint    ] Safepoint "RevokeBias", Time since last: 10060275 ns, Reaching safepoint: 99991 ns, At safepoint: 15380 ns, Total: 115371 ns
[2020-09-11T14:41:50.041+0000][1][safepoint    ] Safepoint "Deoptimize", Time since last: 85228021 ns, Reaching safepoint: 144222 ns, At safepoint: 167732 ns, Total: 311954 ns
[2020-09-11T14:41:50.421+0000][1][safepoint    ] Safepoint "RevokeBias", Time since last: 379567417 ns, Reaching safepoint: 121842 ns, At safepoint: 31562 ns, Total: 153404 ns
[2020-09-11T14:41:50.907+0000][1][safepoint    ] Safepoint "Deoptimize", Time since last: 485484165 ns, Reaching safepoint: 184012 ns, At safepoint: 163838 ns, Total: 347850 ns
[2020-09-11T14:41:51.027+0000][1][gc,start     ] GC(1) Pause Young (Allocation Failure)
[2020-09-11T14:41:51.027+0000][1][gc,task      ] GC(1) Using 1 workers of 1 for evacuation
[2020-09-11T14:41:51.077+0000][1][gc,age       ] GC(1) Desired survivor size 4358144 bytes, new threshold 6 (max threshold 6)
[2020-09-11T14:41:51.077+0000][1][gc,age       ] GC(1) Age table with threshold 6 (max threshold 6)
[2020-09-11T14:41:51.077+0000][1][gc,age       ] GC(1) - age   1:    3882376 bytes,    3882376 total
[2020-09-11T14:41:51.077+0000][1][gc,heap      ] GC(1) ParNew: 74361K->4076K(76672K)
[2020-09-11T14:41:51.077+0000][1][gc,heap      ] GC(1) CMS: 0K->6623K(2011968K)
[2020-09-11T14:41:51.077+0000][1][gc,metaspace ] GC(1) Metaspace: 18101K->18101K(1064960K)
[2020-09-11T14:41:51.077+0000][1][gc           ] GC(1) Pause Young (Allocation Failure) 72M->10M(2039M) 49.590ms
[2020-09-11T14:41:51.077+0000][1][gc,cpu       ] GC(1) User=0.05s Sys=0.00s Real=0.05s
[2020-09-11T14:41:51.078+0000][1][safepoint    ] Safepoint "GenCollectForAllocation", Time since last: 120563973 ns, Reaching safepoint: 154555 ns, At safepoint: 51004913 ns, Total: 51159468 ns
[2020-09-11T14:41:51.089+0000][1][safepoint    ] Safepoint "BulkRevokeBias", Time since last: 9052676 ns, Reaching safepoint: 107470 ns, At safepoint: 1421013 ns, Total: 1528483 ns
[2020-09-11T14:41:51.089+0000][1][safepoint    ] Safepoint "RevokeBias", Time since last: 123895 ns, Reaching safepoint: 93755 ns, At safepoint: 46642 ns, Total: 140397 ns
[2020-09-11T14:41:51.092+0000][1][safepoint    ] Safepoint "RevokeBias", Time since last: 2209445 ns, Reaching safepoint: 262444 ns, At safepoint: 50563 ns, Total: 313007 ns
[2020-09-11T14:41:51.092+0000][1][safepoint    ] Safepoint "RevokeBias", Time since last: 52599 ns, Reaching safepoint: 87050 ns, At safepoint: 80569 ns, Total: 167619 ns
[2020-09-11T14:41:51.092+0000][1][safepoint    ] Safepoint "RevokeBias", Time since last: 37374 ns, Reaching safepoint: 206652 ns, At safepoint: 44546 ns, Total: 251198 ns
[2020-09-11T14:41:51.092+0000][1][safepoint    ] Safepoint "RevokeBias", Time since last: 41235 ns, Reaching safepoint: 126760 ns, At safepoint: 40389 ns, Total: 167149 ns
[2020-09-11T14:41:51.093+0000][1][safepoint    ] Safepoint "RevokeBias", Time since last: 29257 ns, Reaching safepoint: 173679 ns, At safepoint: 41648 ns, Total: 215327 ns
[2020-09-11T14:41:51.093+0000][1][safepoint    ] Safepoint "BulkRevokeBias", Time since last: 36318 ns, Reaching safepoint: 122799 ns, At safepoint: 55335 ns, Total: 178134 ns
[2020-09-11T14:41:51.093+0000][1][safepoint    ] Safepoint "BulkRevokeBias", Time since last: 27628 ns, Reaching safepoint: 120311 ns, At safepoint: 56160 ns, Total: 176471 ns
[2020-09-11T14:41:51.154+0000][1][safepoint    ] Safepoint "Deoptimize", Time since last: 61054347 ns, Reaching safepoint: 107720 ns, At safepoint: 165640 ns, Total: 273360 ns
[2020-09-11T14:41:51.167+0000][1][safepoint    ] Safepoint "Deoptimize", Time since last: 12278816 ns, Reaching safepoint: 149756 ns, At safepoint: 168323 ns, Total: 318079 ns
[2020-09-11T14:41:51.426+0000][1][safepoint    ] Safepoint "Deoptimize", Time since last: 258711113 ns, Reaching safepoint: 154122 ns, At safepoint: 165920 ns, Total: 320042 ns
[2020-09-11T14:41:51.427+0000][1][safepoint    ] Safepoint "RevokeBias", Time since last: 395670 ns, Reaching safepoint: 134843 ns, At safepoint: 39611 ns, Total: 174454 ns
[2020-09-11T14:41:51.428+0000][1][safepoint    ] Safepoint "Deoptimize", Time since last: 848415 ns, Reaching safepoint: 135956 ns, At safepoint: 101811 ns, Total: 237767 ns
[2020-09-11T14:41:51.876+0000][1][gc,start     ] GC(2) Pause Young (Allocation Failure)
[2020-09-11T14:41:51.876+0000][1][gc,task      ] GC(2) Using 1 workers of 1 for evacuation
[2020-09-11T14:41:51.901+0000][1][gc,age       ] GC(2) Desired survivor size 4358144 bytes, new threshold 2 (max threshold 6)
[2020-09-11T14:41:51.901+0000][1][gc,age       ] GC(2) Age table with threshold 2 (max threshold 6)
[2020-09-11T14:41:51.901+0000][1][gc,age       ] GC(2) - age   1:    2759304 bytes,    2759304 total
[2020-09-11T14:41:51.901+0000][1][gc,age       ] GC(2) - age   2:    3685472 bytes,    6444776 total
[2020-09-11T14:41:51.901+0000][1][gc,heap      ] GC(2) ParNew: 72236K->7738K(76672K)
[2020-09-11T14:41:51.901+0000][1][gc,heap      ] GC(2) CMS: 6623K->6623K(2011968K)
[2020-09-11T14:41:51.901+0000][1][gc,metaspace ] GC(2) Metaspace: 20105K->20105K(1067008K)
[2020-09-11T14:41:51.901+0000][1][gc           ] GC(2) Pause Young (Allocation Failure) 77M->14M(2039M) 24.999ms
[2020-09-11T14:41:51.901+0000][1][gc,cpu       ] GC(2) User=0.02s Sys=0.00s Real=0.02s
[2020-09-11T14:41:51.907+0000][1][safepoint    ] Safepoint "GenCollectForAllocation", Time since last: 448592214 ns, Reaching safepoint: 123185 ns, At safepoint: 30675062 ns, Total: 30798247 ns
[2020-09-11T14:41:51.916+0000][1][safepoint    ] Safepoint "RevokeBias", Time since last: 8315434 ns, Reaching safepoint: 106537 ns, At safepoint: 61714 ns, Total: 168251 ns
[2020-09-11T14:41:51.916+0000][1][safepoint    ] Safepoint "RevokeBias", Time since last: 76788 ns, Reaching safepoint: 82693 ns, At safepoint: 50294 ns, Total: 132987 ns
[2020-09-11T14:41:51.916+0000][1][safepoint    ] Safepoint "RevokeBias", Time since last: 81803 ns, Reaching safepoint: 80547 ns, At safepoint: 29335 ns, Total: 109882 ns
[2020-09-11T14:41:51.916+0000][1][safepoint    ] Safepoint "RevokeBias", Time since last: 33734 ns, Reaching safepoint: 79886 ns, At safepoint: 26484 ns, Total: 106370 ns
[2020-09-11T14:41:51.916+0000][1][safepoint    ] Safepoint "RevokeBias", Time since last: 33049 ns, Reaching safepoint: 79116 ns, At safepoint: 27662 ns, Total: 106778 ns
[2020-09-11T14:41:51.918+0000][1][safepoint    ] Safepoint "RevokeBias", Time since last: 1932205 ns, Reaching safepoint: 91244 ns, At safepoint: 35263 ns, Total: 126507 ns
[2020-09-11T14:41:52.368+0000][1][gc,start     ] GC(3) Pause Young (Allocation Failure)
[2020-09-11T14:41:52.368+0000][1][gc,task      ] GC(3) Using 1 workers of 1 for evacuation
[2020-09-11T14:41:52.418+0000][1][gc,age       ] GC(3) Desired survivor size 4358144 bytes, new threshold 6 (max threshold 6)
[2020-09-11T14:41:52.418+0000][1][gc,age       ] GC(3) Age table with threshold 6 (max threshold 6)
[2020-09-11T14:41:52.418+0000][1][gc,age       ] GC(3) - age   1:    1475712 bytes,    1475712 total
[2020-09-11T14:41:52.418+0000][1][gc,age       ] GC(3) - age   2:     773344 bytes,    2249056 total
[2020-09-11T14:41:52.418+0000][1][gc,heap      ] GC(3) ParNew: 75898K->5676K(76672K)
[2020-09-11T14:41:52.418+0000][1][gc,heap      ] GC(3) CMS: 6623K->10251K(2011968K)
[2020-09-11T14:41:52.418+0000][1][gc,metaspace ] GC(3) Metaspace: 20351K->20351K(1067008K)
[2020-09-11T14:41:52.418+0000][1][gc           ] GC(3) Pause Young (Allocation Failure) 80M->15M(2039M) 50.184ms
[2020-09-11T14:41:52.418+0000][1][gc,cpu       ] GC(3) User=0.02s Sys=0.00s Real=0.05s
[2020-09-11T14:41:52.431+0000][1][safepoint    ] Safepoint "GenCollectForAllocation", Time since last: 449129743 ns, Reaching safepoint: 151220 ns, At safepoint: 63828027 ns, Total: 63979247 ns
[2020-09-11T14:41:52.442+0000][1][safepoint    ] Safepoint "RevokeBias", Time since last: 10072582 ns, Reaching safepoint: 97928 ns, At safepoint: 28987 ns, Total: 126915 ns
[2020-09-11T14:41:52.448+0000][1][safepoint    ] Safepoint "RevokeBias", Time since last: 5823126 ns, Reaching safepoint: 232455 ns, At safepoint: 31338 ns, Total: 263793 ns
[2020-09-11T14:41:52.448+0000][1][safepoint    ] Safepoint "RevokeBias", Time since last: 70058 ns, Reaching safepoint: 159393 ns, At safepoint: 20079 ns, Total: 179472 ns
[2020-09-11T14:41:52.448+0000][1][safepoint    ] Safepoint "RevokeBias", Time since last: 35255 ns, Reaching safepoint: 81649 ns, At safepoint: 23042 ns, Total: 104691 ns
[2020-09-11T14:41:52.448+0000][1][safepoint    ] Safepoint "RevokeBias", Time since last: 40088 ns, Reaching safepoint: 79701 ns, At safepoint: 21958 ns, Total: 101659 ns
[2020-09-11T14:41:52.448+0000][1][safepoint    ] Safepoint "RevokeBias", Time since last: 27224 ns, Reaching safepoint: 78334 ns, At safepoint: 24291 ns, Total: 102625 ns
[2020-09-11T14:41:52.449+0000][1][safepoint    ] Safepoint "RevokeBias", Time since last: 32648 ns, Reaching safepoint: 79044 ns, At safepoint: 23616 ns, Total: 102660 ns
[2020-09-11T14:41:52.449+0000][1][safepoint    ] Safepoint "RevokeBias", Time since last: 26844 ns, Reaching safepoint: 76159 ns, At safepoint: 24501 ns, Total: 100660 ns
[2020-09-11T14:41:52.865+0000][1][safepoint    ] Safepoint "CollectForMetadataAllocation", Time since last: 415839389 ns, Reaching safepoint: 118060 ns, At safepoint: 140795 ns, Total: 258855 ns
[2020-09-11T14:41:52.982+0000][1][safepoint    ] Safepoint "CollectForMetadataAllocation", Time since last: 115352974 ns, Reaching safepoint: 2126985 ns, At safepoint: 116041 ns, Total: 2243026 ns
[2020-09-11T14:41:53.000+0000][1][safepoint    ] Safepoint "CollectForMetadataAllocation", Time since last: 17148012 ns, Reaching safepoint: 104272 ns, At safepoint: 14017 ns, Total: 118289 ns
[2020-09-11T14:41:53.072+0000][1][gc,start     ] GC(4) Pause Young (Allocation Failure)
[2020-09-11T14:41:53.072+0000][1][gc,task      ] GC(4) Using 1 workers of 1 for evacuation
[2020-09-11T14:41:53.104+0000][1][gc,age       ] GC(4) Desired survivor size 4358144 bytes, new threshold 6 (max threshold 6)
[2020-09-11T14:41:53.104+0000][1][gc,age       ] GC(4) Age table with threshold 6 (max threshold 6)
[2020-09-11T14:41:53.104+0000][1][gc,age       ] GC(4) - age   1:    2083080 bytes,    2083080 total
[2020-09-11T14:41:53.104+0000][1][gc,age       ] GC(4) - age   2:     351560 bytes,    2434640 total
[2020-09-11T14:41:53.104+0000][1][gc,age       ] GC(4) - age   3:     773248 bytes,    3207888 total
[2020-09-11T14:41:53.104+0000][1][gc,heap      ] GC(4) ParNew: 73836K->3936K(76672K)
[2020-09-11T14:41:53.104+0000][1][gc,heap      ] GC(4) CMS: 10251K->10251K(2011968K)
[2020-09-11T14:41:53.104+0000][1][gc,metaspace ] GC(4) Metaspace: 20907K->20907K(1069056K)
[2020-09-11T14:41:53.104+0000][1][gc           ] GC(4) Pause Young (Allocation Failure) 82M->13M(2039M) 32.567ms
[2020-09-11T14:41:53.104+0000][1][gc,cpu       ] GC(4) User=0.03s Sys=0.00s Real=0.04s
[2020-09-11T14:41:53.104+0000][1][safepoint    ] Safepoint "GenCollectForAllocation", Time since last: 71816435 ns, Reaching safepoint: 99098 ns, At safepoint: 32626692 ns, Total: 32725790 ns
[2020-09-11T14:41:53.110+0000][1][gc,start     ] GC(5) Pause Initial Mark
[2020-09-11T14:41:53.113+0000][1][gc           ] GC(5) Pause Initial Mark 19M->19M(2039M) 2.603ms
[2020-09-11T14:41:53.113+0000][1][gc,cpu       ] GC(5) User=0.00s Sys=0.00s Real=0.00s
[2020-09-11T14:41:53.115+0000][1][safepoint    ] Safepoint "BulkRevokeBias", Time since last: 5628590 ns, Reaching safepoint: 97130 ns, At safepoint: 5492547 ns, Total: 5589677 ns
[2020-09-11T14:41:53.115+0000][1][gc           ] GC(5) Concurrent Mark
[2020-09-11T14:41:53.126+0000][1][safepoint    ] Safepoint "RevokeBias", Time since last: 4089209 ns, Reaching safepoint: 6274318 ns, At safepoint: 23400 ns, Total: 6297718 ns
[2020-09-11T14:41:53.126+0000][1][safepoint    ] Safepoint "RevokeBias", Time since last: 62332 ns, Reaching safepoint: 78833 ns, At safepoint: 20949 ns, Total: 99782 ns
[2020-09-11T14:41:53.128+0000][1][safepoint    ] Safepoint "RevokeBias", Time since last: 1449767 ns, Reaching safepoint: 124261 ns, At safepoint: 27410 ns, Total: 151671 ns
[2020-09-11T14:41:53.128+0000][1][safepoint    ] Safepoint "RevokeBias", Time since last: 43241 ns, Reaching safepoint: 79020 ns, At safepoint: 23248 ns, Total: 102268 ns
[2020-09-11T14:41:53.128+0000][1][safepoint    ] Safepoint "RevokeBias", Time since last: 24743 ns, Reaching safepoint: 77505 ns, At safepoint: 22199 ns, Total: 99704 ns
[2020-09-11T14:41:53.173+0000][1][gc           ] GC(5) Concurrent Mark 57.284ms
[2020-09-11T14:41:53.173+0000][1][gc,cpu       ] GC(5) User=0.05s Sys=0.00s Real=0.05s
[2020-09-11T14:41:53.173+0000][1][gc           ] GC(5) Concurrent Preclean
[2020-09-11T14:41:53.175+0000][1][gc           ] GC(5) Concurrent Preclean 2.380ms
[2020-09-11T14:41:53.175+0000][1][gc,cpu       ] GC(5) User=0.00s Sys=0.00s Real=0.00s
[2020-09-11T14:41:53.175+0000][1][gc           ] GC(5) Concurrent Abortable Preclean
[2020-09-11T14:41:53.276+0000][1][safepoint    ] Safepoint "RevokeBias", Time since last: 147631325 ns, Reaching safepoint: 104390 ns, At safepoint: 12676 ns, Total: 117066 ns
[2020-09-11T14:41:53.284+0000][1][safepoint    ] Safepoint "RevokeBias", Time since last: 3886705 ns, Reaching safepoint: 4115033 ns, At safepoint: 9078 ns, Total: 4124111 ns
[2020-09-11T14:41:53.287+0000][1][safepoint    ] Safepoint "Deoptimize", Time since last: 2769477 ns, Reaching safepoint: 93859 ns, At safepoint: 189453 ns, Total: 283312 ns
[2020-09-11T14:41:53.292+0000][1][safepoint    ] Safepoint "CollectForMetadataAllocation", Time since last: 5466742 ns, Reaching safepoint: 253911 ns, At safepoint: 102983 ns, Total: 356894 ns
[2020-09-11T14:41:53.311+0000][1][safepoint    ] Safepoint "RevokeBias", Time since last: 18985144 ns, Reaching safepoint: 39708 ns, At safepoint: 28285 ns, Total: 67993 ns
[2020-09-11T14:41:53.349+0000][1][safepoint    ] Safepoint "RevokeBias", Time since last: 29349995 ns, Reaching safepoint: 8268569 ns, At safepoint: 37141 ns, Total: 8305710 ns
[2020-09-11T14:41:53.352+0000][1][safepoint    ] Safepoint "RevokeBias", Time since last: 2940153 ns, Reaching safepoint: 81976 ns, At safepoint: 24259 ns, Total: 106235 ns
[2020-09-11T14:41:53.360+0000][1][safepoint    ] Safepoint "RevokeBias", Time since last: 7239538 ns, Reaching safepoint: 162862 ns, At safepoint: 35216 ns, Total: 198078 ns
[2020-09-11T14:41:53.371+0000][1][safepoint    ] Safepoint "RevokeBias", Time since last: 11804665 ns, Reaching safepoint: 45314 ns, At safepoint: 30169 ns, Total: 75483 ns
[2020-09-11T14:41:53.385+0000][1][safepoint    ] Safepoint "RevokeBias", Time since last: 7909538 ns, Reaching safepoint: 5666680 ns, At safepoint: 37550 ns, Total: 5704230 ns
[2020-09-11T14:41:53.387+0000][1][safepoint    ] Safepoint "RevokeBias", Time since last: 2067121 ns, Reaching safepoint: 86159 ns, At safepoint: 24004 ns, Total: 110163 ns
[2020-09-11T14:41:53.395+0000][1][safepoint    ] Safepoint "RevokeBias", Time since last: 4108745 ns, Reaching safepoint: 4062163 ns, At safepoint: 33823 ns, Total: 4095986 ns
[2020-09-11T14:41:53.419+0000][1][safepoint    ] Safepoint "RevokeBias", Time since last: 18959271 ns, Reaching safepoint: 5003594 ns, At safepoint: 36246 ns, Total: 5039840 ns
[2020-09-11T14:41:53.422+0000][1][safepoint    ] Safepoint "RevokeBias", Time since last: 2441776 ns, Reaching safepoint: 87525 ns, At safepoint: 26482 ns, Total: 114007 ns
[2020-09-11T14:41:53.435+0000][1][safepoint    ] Safepoint "Deoptimize", Time since last: 12948177 ns, Reaching safepoint: 41862 ns, At safepoint: 193558 ns, Total: 235420 ns
[2020-09-11T14:41:53.494+0000][1][gc,start     ] GC(6) Pause Young (Allocation Failure)
[2020-09-11T14:41:53.494+0000][1][gc,task      ] GC(6) Using 1 workers of 1 for evacuation
[2020-09-11T14:41:53.517+0000][1][gc,age       ] GC(6) Desired survivor size 4358144 bytes, new threshold 4 (max threshold 6)
[2020-09-11T14:41:53.517+0000][1][gc,age       ] GC(6) Age table with threshold 4 (max threshold 6)
[2020-09-11T14:41:53.517+0000][1][gc,age       ] GC(6) - age   1:    2098976 bytes,    2098976 total
[2020-09-11T14:41:53.517+0000][1][gc,age       ] GC(6) - age   2:    1252856 bytes,    3351832 total
[2020-09-11T14:41:53.517+0000][1][gc,age       ] GC(6) - age   3:     351560 bytes,    3703392 total
[2020-09-11T14:41:53.517+0000][1][gc,age       ] GC(6) - age   4:     773248 bytes,    4476640 total
[2020-09-11T14:41:53.517+0000][1][gc,heap      ] GC(6) ParNew: 72096K->5683K(76672K)
[2020-09-11T14:41:53.517+0000][1][gc,heap      ] GC(6) CMS: 10251K->10251K(2011968K)
[2020-09-11T14:41:53.517+0000][1][gc,metaspace ] GC(6) Metaspace: 21227K->21227K(1069056K)
[2020-09-11T14:41:53.517+0000][1][gc           ] GC(6) Pause Young (Allocation Failure) 80M->15M(2039M) 22.753ms
[2020-09-11T14:41:53.517+0000][1][gc,cpu       ] GC(6) User=0.02s Sys=0.00s Real=0.03s
[2020-09-11T14:41:53.527+0000][1][safepoint    ] Safepoint "GenCollectForAllocation", Time since last: 58911659 ns, Reaching safepoint: 105662 ns, At safepoint: 33135936 ns, Total: 33241598 ns
[2020-09-11T14:41:53.538+0000][1][safepoint    ] Safepoint "RevokeBias", Time since last: 3351164 ns, Reaching safepoint: 6852611 ns, At safepoint: 63104 ns, Total: 6915715 ns
[2020-09-11T14:41:53.538+0000][1][safepoint    ] Safepoint "RevokeBias", Time since last: 58987 ns, Reaching safepoint: 126868 ns, At safepoint: 19945 ns, Total: 146813 ns
[2020-09-11T14:41:53.538+0000][1][safepoint    ] Safepoint "RevokeBias", Time since last: 42329 ns, Reaching safepoint: 126961 ns, At safepoint: 19654 ns, Total: 146615 ns
[2020-09-11T14:41:53.538+0000][1][safepoint    ] Safepoint "RevokeBias", Time since last: 24290 ns, Reaching safepoint: 123607 ns, At safepoint: 19055 ns, Total: 142662 ns
[2020-09-11T14:41:53.538+0000][1][safepoint    ] Safepoint "RevokeBias", Time since last: 28666 ns, Reaching safepoint: 123996 ns, At safepoint: 18581 ns, Total: 142577 ns
[2020-09-11T14:41:53.539+0000][1][safepoint    ] Safepoint "RevokeBias", Time since last: 22974 ns, Reaching safepoint: 115667 ns, At safepoint: 30032 ns, Total: 145699 ns
[2020-09-11T14:41:53.583+0000][1][safepoint    ] Safepoint "RevokeBias", Time since last: 34389072 ns, Reaching safepoint: 10496613 ns, At safepoint: 34092 ns, Total: 10530705 ns
[2020-09-11T14:41:53.588+0000][1][safepoint    ] Safepoint "RevokeBias", Time since last: 4700714 ns, Reaching safepoint: 95525 ns, At safepoint: 28923 ns, Total: 124448 ns
[2020-09-11T14:41:53.595+0000][1][safepoint    ] Safepoint "RevokeBias", Time since last: 6021280 ns, Reaching safepoint: 1119143 ns, At safepoint: 26346 ns, Total: 1145489 ns
[2020-09-11T14:41:53.693+0000][1][safepoint    ] Safepoint "RevokeBias", Time since last: 97895024 ns, Reaching safepoint: 95455 ns, At safepoint: 29985 ns, Total: 125440 ns
[2020-09-11T14:41:53.694+0000][1][gc           ] GC(5) Concurrent Abortable Preclean 518.302ms
[2020-09-11T14:41:53.694+0000][1][gc,cpu       ] GC(5) User=0.51s Sys=0.01s Real=0.52s
[2020-09-11T14:41:53.694+0000][1][gc,start     ] GC(5) Pause Remark
[2020-09-11T14:41:53.737+0000][1][gc           ] GC(5) Pause Remark 68M->68M(2039M) 43.167ms
[2020-09-11T14:41:53.737+0000][1][gc,cpu       ] GC(5) User=0.04s Sys=0.00s Real=0.05s
[2020-09-11T14:41:53.739+0000][1][safepoint    ] Safepoint "CMS_Final_Remark", Time since last: 70180 ns, Reaching safepoint: 7657 ns, At safepoint: 45288115 ns, Total: 45295772 ns
[2020-09-11T14:41:53.739+0000][1][gc           ] GC(5) Concurrent Sweep
[2020-09-11T14:41:53.742+0000][1][gc           ] GC(5) Concurrent Sweep 2.842ms
[2020-09-11T14:41:53.742+0000][1][gc,cpu       ] GC(5) User=0.00s Sys=0.00s Real=0.00s
[2020-09-11T14:41:53.742+0000][1][gc           ] GC(5) Concurrent Reset
[2020-09-11T14:41:53.744+0000][1][safepoint    ] Safepoint "RevokeBias", Time since last: 4594816 ns, Reaching safepoint: 412582 ns, At safepoint: 35353 ns, Total: 447935 ns
[2020-09-11T14:41:53.749+0000][1][gc           ] GC(5) Concurrent Reset 7.235ms
[2020-09-11T14:41:53.749+0000][1][gc,cpu       ] GC(5) User=0.01s Sys=0.00s Real=0.01s
[2020-09-11T14:41:53.749+0000][1][gc,heap      ] GC(5) Old: 10251K->10249K(2011968K)
[2020-09-11T14:41:53.796+0000][1][gc,start     ] GC(7) Pause Young (Allocation Failure)
[2020-09-11T14:41:53.796+0000][1][gc,task      ] GC(7) Using 1 workers of 1 for evacuation
[2020-09-11T14:41:53.829+0000][1][gc,age       ] GC(7) Desired survivor size 4358144 bytes, new threshold 6 (max threshold 6)
[2020-09-11T14:41:53.829+0000][1][gc,age       ] GC(7) Age table with threshold 6 (max threshold 6)
[2020-09-11T14:41:53.829+0000][1][gc,age       ] GC(7) - age   1:     477760 bytes,     477760 total
[2020-09-11T14:41:53.829+0000][1][gc,age       ] GC(7) - age   2:    1526008 bytes,    2003768 total
[2020-09-11T14:41:53.829+0000][1][gc,age       ] GC(7) - age   3:    1252248 bytes,    3256016 total
[2020-09-11T14:41:53.829+0000][1][gc,age       ] GC(7) - age   4:     351560 bytes,    3607576 total
[2020-09-11T14:41:53.829+0000][1][gc,heap      ] GC(7) ParNew: 73843K->3989K(76672K)
[2020-09-11T14:41:53.829+0000][1][gc,heap      ] GC(7) CMS: 10249K->11011K(2011968K)
[2020-09-11T14:41:53.829+0000][1][gc,metaspace ] GC(7) Metaspace: 21316K->21316K(1069056K)
[2020-09-11T14:41:53.829+0000][1][gc           ] GC(7) Pause Young (Allocation Failure) 82M->14M(2039M) 33.404ms
[2020-09-11T14:41:53.829+0000][1][gc,cpu       ] GC(7) User=0.03s Sys=0.00s Real=0.03s
[2020-09-11T14:41:53.835+0000][1][safepoint    ] Safepoint "GenCollectForAllocation", Time since last: 51530893 ns, Reaching safepoint: 105976 ns, At safepoint: 39901903 ns, Total: 40007879 ns
[2020-09-11T14:41:53.840+0000][1][safepoint    ] Safepoint "RevokeBias", Time since last: 4045067 ns, Reaching safepoint: 93637 ns, At safepoint: 29635 ns, Total: 123272 ns
[2020-09-11T14:41:53.840+0000][1][safepoint    ] Safepoint "RevokeBias", Time since last: 53569 ns, Reaching safepoint: 407233 ns, At safepoint: 23342 ns, Total: 430575 ns
[2020-09-11T14:41:53.840+0000][1][safepoint    ] Safepoint "RevokeBias", Time since last: 52504 ns, Reaching safepoint: 78176 ns, At safepoint: 17906 ns, Total: 96082 ns
[2020-09-11T14:41:53.840+0000][1][safepoint    ] Safepoint "RevokeBias", Time since last: 26961 ns, Reaching safepoint: 76261 ns, At safepoint: 16922 ns, Total: 93183 ns
[2020-09-11T14:41:53.860+0000][1][safepoint    ] Safepoint "RevokeBias", Time since last: 19072666 ns, Reaching safepoint: 93254 ns, At safepoint: 32600 ns, Total: 125854 ns
[2020-09-11T14:41:53.868+0000][1][safepoint    ] Safepoint "RevokeBias", Time since last: 7995845 ns, Reaching safepoint: 92396 ns, At safepoint: 28463 ns, Total: 120859 ns
[2020-09-11T14:41:53.960+0000][1][safepoint    ] Safepoint "RevokeBias", Time since last: 92419345 ns, Reaching safepoint: 98686 ns, At safepoint: 35066 ns, Total: 133752 ns
[2020-09-11T14:41:53.972+0000][1][safepoint    ] Safepoint "RevokeBias", Time since last: 11187442 ns, Reaching safepoint: 92134 ns, At safepoint: 75113 ns, Total: 167247 ns
[2020-09-11T14:41:54.036+0000][1][gc,start     ] GC(8) Pause Young (Allocation Failure)
[2020-09-11T14:41:54.036+0000][1][gc,task      ] GC(8) Using 1 workers of 1 for evacuation
[2020-09-11T14:41:54.053+0000][1][gc,age       ] GC(8) Desired survivor size 4358144 bytes, new threshold 4 (max threshold 6)
[2020-09-11T14:41:54.053+0000][1][gc,age       ] GC(8) Age table with threshold 4 (max threshold 6)
[2020-09-11T14:41:54.053+0000][1][gc,age       ] GC(8) - age   1:    1506304 bytes,    1506304 total
[2020-09-11T14:41:54.053+0000][1][gc,age       ] GC(8) - age   2:     445896 bytes,    1952200 total
[2020-09-11T14:41:54.053+0000][1][gc,age       ] GC(8) - age   3:    1524072 bytes,    3476272 total
[2020-09-11T14:41:54.053+0000][1][gc,age       ] GC(8) - age   4:    1251592 bytes,    4727864 total
[2020-09-11T14:41:54.053+0000][1][gc,age       ] GC(8) - age   5:     351560 bytes,    5079424 total
[2020-09-11T14:41:54.054+0000][1][gc,heap      ] GC(8) ParNew: 72149K->7279K(76672K)
[2020-09-11T14:41:54.054+0000][1][gc,heap      ] GC(8) CMS: 11011K->11011K(2011968K)
[2020-09-11T14:41:54.054+0000][1][gc,metaspace ] GC(8) Metaspace: 21501K->21501K(1069056K)
[2020-09-11T14:41:54.054+0000][1][gc           ] GC(8) Pause Young (Allocation Failure) 81M->17M(2039M) 18.008ms
[2020-09-11T14:41:54.054+0000][1][gc,cpu       ] GC(8) User=0.02s Sys=0.00s Real=0.01s
[2020-09-11T14:41:54.059+0000][1][safepoint    ] Safepoint "GenCollectForAllocation", Time since last: 63846194 ns, Reaching safepoint: 98458 ns, At safepoint: 23886983 ns, Total: 23985441 ns
[2020-09-11T14:41:54.064+0000][1][safepoint    ] Safepoint "RevokeBias", Time since last: 4606775 ns, Reaching safepoint: 94056 ns, At safepoint: 28297 ns, Total: 122353 ns
[2020-09-11T14:41:54.064+0000][1][safepoint    ] Safepoint "RevokeBias", Time since last: 49095 ns, Reaching safepoint: 77911 ns, At safepoint: 16852 ns, Total: 94763 ns
[2020-09-11T14:41:54.064+0000][1][safepoint    ] Safepoint "RevokeBias", Time since last: 38563 ns, Reaching safepoint: 77048 ns, At safepoint: 17823 ns, Total: 94871 ns
[2020-09-11T14:41:54.065+0000][1][safepoint    ] Safepoint "RevokeBias", Time since last: 27008 ns, Reaching safepoint: 75633 ns, At safepoint: 16413 ns, Total: 92046 ns
[2020-09-11T14:41:54.073+0000][1][safepoint    ] Safepoint "RevokeBias", Time since last: 8775356 ns, Reaching safepoint: 93076 ns, At safepoint: 45300 ns, Total: 138376 ns
[2020-09-11T14:41:54.088+0000][1][safepoint    ] Safepoint "RevokeBias", Time since last: 13967112 ns, Reaching safepoint: 89184 ns, At safepoint: 33751 ns, Total: 122935 ns
[2020-09-11T14:41:54.092+0000][1][safepoint    ] Safepoint "RevokeBias", Time since last: 4118500 ns, Reaching safepoint: 88165 ns, At safepoint: 29161 ns, Total: 117326 ns
[2020-09-11T14:41:54.229+0000][1][gc,start     ] GC(9) Pause Young (Allocation Failure)
[2020-09-11T14:41:54.229+0000][1][gc,task      ] GC(9) Using 1 workers of 1 for evacuation
[2020-09-11T14:41:54.252+0000][1][gc,age       ] GC(9) Desired survivor size 4358144 bytes, new threshold 4 (max threshold 6)
[2020-09-11T14:41:54.252+0000][1][gc,age       ] GC(9) Age table with threshold 4 (max threshold 6)
[2020-09-11T14:41:54.252+0000][1][gc,age       ] GC(9) - age   1:    2111200 bytes,    2111200 total
[2020-09-11T14:41:54.252+0000][1][gc,age       ] GC(9) - age   2:     829168 bytes,    2940368 total
[2020-09-11T14:41:54.252+0000][1][gc,age       ] GC(9) - age   3:     445816 bytes,    3386184 total
[2020-09-11T14:41:54.252+0000][1][gc,age       ] GC(9) - age   4:    1524072 bytes,    4910256 total
[2020-09-11T14:41:54.252+0000][1][gc,heap      ] GC(9) ParNew: 75439K->8512K(76672K)
[2020-09-11T14:41:54.252+0000][1][gc,heap      ] GC(9) CMS: 11011K->12595K(2011968K)
[2020-09-11T14:41:54.252+0000][1][gc,metaspace ] GC(9) Metaspace: 21597K->21597K(1069056K)
[2020-09-11T14:41:54.252+0000][1][gc           ] GC(9) Pause Young (Allocation Failure) 84M->20M(2039M) 23.254ms
[2020-09-11T14:41:54.252+0000][1][gc,cpu       ] GC(9) User=0.02s Sys=0.00s Real=0.02s
[2020-09-11T14:41:54.255+0000][1][safepoint    ] Safepoint "GenCollectForAllocation", Time since last: 136844039 ns, Reaching safepoint: 104939 ns, At safepoint: 26765643 ns, Total: 26870582 ns
[2020-09-11T14:41:54.263+0000][1][safepoint    ] Safepoint "RevokeBias", Time since last: 5400379 ns, Reaching safepoint: 2190086 ns, At safepoint: 54525 ns, Total: 2244611 ns
[2020-09-11T14:41:54.263+0000][1][safepoint    ] Safepoint "RevokeBias", Time since last: 51831 ns, Reaching safepoint: 120447 ns, At safepoint: 33523 ns, Total: 153970 ns
[2020-09-11T14:41:54.264+0000][1][safepoint    ] Safepoint "RevokeBias", Time since last: 60186 ns, Reaching safepoint: 79405 ns, At safepoint: 31974 ns, Total: 111379 ns
[2020-09-11T14:41:54.264+0000][1][safepoint    ] Safepoint "RevokeBias", Time since last: 24837 ns, Reaching safepoint: 77515 ns, At safepoint: 27560 ns, Total: 105075 ns
[2020-09-11T14:41:54.328+0000][1][safepoint    ] Safepoint "RevokeBias", Time since last: 63764776 ns, Reaching safepoint: 104442 ns, At safepoint: 12668 ns, Total: 117110 ns
[2020-09-11T14:41:54.328+0000][1][safepoint    ] Safepoint "RevokeBias", Time since last: 435478 ns, Reaching safepoint: 11566 ns, At safepoint: 7508 ns, Total: 19074 ns
[2020-09-11T14:41:54.441+0000][1][gc,start     ] GC(10) Pause Young (Allocation Failure)
[2020-09-11T14:41:54.441+0000][1][gc,task      ] GC(10) Using 1 workers of 1 for evacuation
[2020-09-11T14:41:54.461+0000][1][gc,age       ] GC(10) Desired survivor size 4358144 bytes, new threshold 6 (max threshold 6)
[2020-09-11T14:41:54.461+0000][1][gc,age       ] GC(10) Age table with threshold 6 (max threshold 6)
[2020-09-11T14:41:54.461+0000][1][gc,age       ] GC(10) - age   1:     428104 bytes,     428104 total
[2020-09-11T14:41:54.461+0000][1][gc,age       ] GC(10) - age   2:     112912 bytes,     541016 total
[2020-09-11T14:41:54.461+0000][1][gc,age       ] GC(10) - age   3:     829168 bytes,    1370184 total
[2020-09-11T14:41:54.461+0000][1][gc,age       ] GC(10) - age   4:     445792 bytes,    1815976 total
[2020-09-11T14:41:54.461+0000][1][gc,heap      ] GC(10) ParNew: 76672K->2955K(76672K)
[2020-09-11T14:41:54.461+0000][1][gc,heap      ] GC(10) CMS: 12595K->14095K(2011968K)
[2020-09-11T14:41:54.461+0000][1][gc,metaspace ] GC(10) Metaspace: 21733K->21733K(1069056K)
[2020-09-11T14:41:54.461+0000][1][gc           ] GC(10) Pause Young (Allocation Failure) 87M->16M(2039M) 20.142ms
[2020-09-11T14:41:54.461+0000][1][gc,cpu       ] GC(10) User=0.02s Sys=0.00s Real=0.02s
[2020-09-11T14:41:54.466+0000][1][safepoint    ] Safepoint "GenCollectForAllocation", Time since last: 112830435 ns, Reaching safepoint: 105901 ns, At safepoint: 25467871 ns, Total: 25573772 ns
[2020-09-11T14:41:54.471+0000][1][safepoint    ] Safepoint "RevokeBias", Time since last: 4944912 ns, Reaching safepoint: 94618 ns, At safepoint: 26324 ns, Total: 120942 ns
[2020-09-11T14:41:54.472+0000][1][safepoint    ] Safepoint "RevokeBias", Time since last: 419203 ns, Reaching safepoint: 81413 ns, At safepoint: 24459 ns, Total: 105872 ns
[2020-09-11T14:41:54.472+0000][1][safepoint    ] Safepoint "BulkRevokeBias", Time since last: 42519 ns, Reaching safepoint: 76500 ns, At safepoint: 35150 ns, Total: 111650 ns
[2020-09-11T14:41:54.472+0000][1][safepoint    ] Safepoint "BulkRevokeBias", Time since last: 26815 ns, Reaching safepoint: 75233 ns, At safepoint: 26280 ns, Total: 101513 ns
[2020-09-11T14:41:54.754+0000][1][gc,start     ] GC(11) Pause Young (Allocation Failure)
[2020-09-11T14:41:54.754+0000][1][gc,task      ] GC(11) Using 1 workers of 1 for evacuation
[2020-09-11T14:41:54.789+0000][1][gc,age       ] GC(11) Desired survivor size 4358144 bytes, new threshold 6 (max threshold 6)
[2020-09-11T14:41:54.789+0000][1][gc,age       ] GC(11) Age table with threshold 6 (max threshold 6)
[2020-09-11T14:41:54.789+0000][1][gc,age       ] GC(11) - age   1:    1710760 bytes,    1710760 total
[2020-09-11T14:41:54.789+0000][1][gc,age       ] GC(11) - age   2:     405352 bytes,    2116112 total
[2020-09-11T14:41:54.789+0000][1][gc,age       ] GC(11) - age   3:     112808 bytes,    2228920 total
[2020-09-11T14:41:54.789+0000][1][gc,age       ] GC(11) - age   4:     829168 bytes,    3058088 total
[2020-09-11T14:41:54.789+0000][1][gc,age       ] GC(11) - age   5:     445792 bytes,    3503880 total
[2020-09-11T14:41:54.789+0000][1][gc,heap      ] GC(11) ParNew: 71115K->4211K(76672K)
[2020-09-11T14:41:54.789+0000][1][gc,heap      ] GC(11) CMS: 14095K->14095K(2011968K)
[2020-09-11T14:41:54.789+0000][1][gc,metaspace ] GC(11) Metaspace: 22650K->22650K(1071104K)
[2020-09-11T14:41:54.789+0000][1][gc           ] GC(11) Pause Young (Allocation Failure) 83M->17M(2039M) 35.159ms
[2020-09-11T14:41:54.789+0000][1][gc,cpu       ] GC(11) User=0.04s Sys=0.00s Real=0.04s
[2020-09-11T14:41:54.789+0000][1][safepoint    ] Safepoint "GenCollectForAllocation", Time since last: 281602821 ns, Reaching safepoint: 101050 ns, At safepoint: 35221974 ns, Total: 35323024 ns
[2020-09-11T14:41:54.957+0000][1][gc,start     ] GC(12) Pause Young (Allocation Failure)
[2020-09-11T14:41:54.957+0000][1][gc,task      ] GC(12) Using 1 workers of 1 for evacuation
[2020-09-11T14:41:54.987+0000][1][gc,age       ] GC(12) Desired survivor size 4358144 bytes, new threshold 6 (max threshold 6)
[2020-09-11T14:41:54.987+0000][1][gc,age       ] GC(12) Age table with threshold 6 (max threshold 6)
[2020-09-11T14:41:54.987+0000][1][gc,age       ] GC(12) - age   1:     461936 bytes,     461936 total
[2020-09-11T14:41:54.987+0000][1][gc,age       ] GC(12) - age   2:     575888 bytes,    1037824 total
[2020-09-11T14:41:54.987+0000][1][gc,age       ] GC(12) - age   3:     405352 bytes,    1443176 total
[2020-09-11T14:41:54.987+0000][1][gc,age       ] GC(12) - age   4:     112704 bytes,    1555880 total
[2020-09-11T14:41:54.987+0000][1][gc,age       ] GC(12) - age   5:     829024 bytes,    2384904 total
[2020-09-11T14:41:54.987+0000][1][gc,age       ] GC(12) - age   6:     445648 bytes,    2830552 total
[2020-09-11T14:41:54.988+0000][1][gc,heap      ] GC(12) ParNew: 72371K->2917K(76672K)
[2020-09-11T14:41:54.988+0000][1][gc,heap      ] GC(12) CMS: 14095K->14095K(2011968K)
[2020-09-11T14:41:54.988+0000][1][gc,metaspace ] GC(12) Metaspace: 22678K->22678K(1071104K)
[2020-09-11T14:41:54.988+0000][1][gc           ] GC(12) Pause Young (Allocation Failure) 84M->16M(2039M) 30.831ms
[2020-09-11T14:41:54.988+0000][1][gc,cpu       ] GC(12) User=0.03s Sys=0.00s Real=0.03s
[2020-09-11T14:41:54.988+0000][1][safepoint    ] Safepoint "GenCollectForAllocation", Time since last: 167438907 ns, Reaching safepoint: 98237 ns, At safepoint: 30889979 ns, Total: 30988216 ns
[2020-09-11T14:41:55.140+0000][1][gc,start     ] GC(13) Pause Young (Allocation Failure)
[2020-09-11T14:41:55.140+0000][1][gc,task      ] GC(13) Using 1 workers of 1 for evacuation
[2020-09-11T14:41:55.176+0000][1][gc,age       ] GC(13) Desired survivor size 4358144 bytes, new threshold 6 (max threshold 6)
[2020-09-11T14:41:55.176+0000][1][gc,age       ] GC(13) Age table with threshold 6 (max threshold 6)
[2020-09-11T14:41:55.176+0000][1][gc,age       ] GC(13) - age   1:    1823632 bytes,    1823632 total
[2020-09-11T14:41:55.176+0000][1][gc,age       ] GC(13) - age   2:     203440 bytes,    2027072 total
[2020-09-11T14:41:55.176+0000][1][gc,age       ] GC(13) - age   3:     575776 bytes,    2602848 total
[2020-09-11T14:41:55.176+0000][1][gc,age       ] GC(13) - age   4:     405352 bytes,    3008200 total
[2020-09-11T14:41:55.176+0000][1][gc,age       ] GC(13) - age   5:     112704 bytes,    3120904 total
[2020-09-11T14:41:55.176+0000][1][gc,age       ] GC(13) - age   6:     829024 bytes,    3949928 total
[2020-09-11T14:41:55.176+0000][1][gc,heap      ] GC(13) ParNew: 71077K->5604K(76672K)
[2020-09-11T14:41:55.176+0000][1][gc,heap      ] GC(13) CMS: 14095K->14534K(2011968K)
[2020-09-11T14:41:55.176+0000][1][gc,metaspace ] GC(13) Metaspace: 22779K->22779K(1071104K)
[2020-09-11T14:41:55.176+0000][1][gc           ] GC(13) Pause Young (Allocation Failure) 83M->19M(2039M) 36.247ms
[2020-09-11T14:41:55.176+0000][1][gc,cpu       ] GC(13) User=0.03s Sys=0.00s Real=0.04s
[2020-09-11T14:41:55.179+0000][1][safepoint    ] Safepoint "GenCollectForAllocation", Time since last: 152112294 ns, Reaching safepoint: 96887 ns, At safepoint: 39603618 ns, Total: 39700505 ns
[2020-09-11T14:41:55.356+0000][1][gc,start     ] GC(14) Pause Young (Allocation Failure)
[2020-09-11T14:41:55.356+0000][1][gc,task      ] GC(14) Using 1 workers of 1 for evacuation
[2020-09-11T14:41:55.381+0000][1][gc,age       ] GC(14) Desired survivor size 4358144 bytes, new threshold 6 (max threshold 6)
[2020-09-11T14:41:55.381+0000][1][gc,age       ] GC(14) Age table with threshold 6 (max threshold 6)
[2020-09-11T14:41:55.381+0000][1][gc,age       ] GC(14) - age   1:    1241384 bytes,    1241384 total
[2020-09-11T14:41:55.381+0000][1][gc,age       ] GC(14) - age   2:     103416 bytes,    1344800 total
[2020-09-11T14:41:55.381+0000][1][gc,age       ] GC(14) - age   3:     203440 bytes,    1548240 total
[2020-09-11T14:41:55.381+0000][1][gc,age       ] GC(14) - age   4:     575776 bytes,    2124016 total
[2020-09-11T14:41:55.381+0000][1][gc,age       ] GC(14) - age   5:     405352 bytes,    2529368 total
[2020-09-11T14:41:55.381+0000][1][gc,age       ] GC(14) - age   6:     112704 bytes,    2642072 total
[2020-09-11T14:41:55.381+0000][1][gc,heap      ] GC(14) ParNew: 73764K->3593K(76672K)
[2020-09-11T14:41:55.381+0000][1][gc,heap      ] GC(14) CMS: 14534K->15350K(2011968K)
[2020-09-11T14:41:55.381+0000][1][gc,metaspace ] GC(14) Metaspace: 22859K->22859K(1071104K)
[2020-09-11T14:41:55.381+0000][1][gc           ] GC(14) Pause Young (Allocation Failure) 86M->18M(2039M) 25.591ms
[2020-09-11T14:41:55.381+0000][1][gc,cpu       ] GC(14) User=0.03s Sys=0.00s Real=0.02s
[2020-09-11T14:41:55.387+0000][1][safepoint    ] Safepoint "GenCollectForAllocation", Time since last: 176156242 ns, Reaching safepoint: 101442 ns, At safepoint: 31748237 ns, Total: 31849679 ns
[2020-09-11T14:41:55.539+0000][1][gc,start     ] GC(15) Pause Young (Allocation Failure)
[2020-09-11T14:41:55.539+0000][1][gc,task      ] GC(15) Using 1 workers of 1 for evacuation
[2020-09-11T14:41:55.557+0000][1][gc,age       ] GC(15) Desired survivor size 4358144 bytes, new threshold 6 (max threshold 6)
[2020-09-11T14:41:55.557+0000][1][gc,age       ] GC(15) Age table with threshold 6 (max threshold 6)
[2020-09-11T14:41:55.557+0000][1][gc,age       ] GC(15) - age   1:    2150632 bytes,    2150632 total
[2020-09-11T14:41:55.557+0000][1][gc,age       ] GC(15) - age   2:     314632 bytes,    2465264 total
[2020-09-11T14:41:55.557+0000][1][gc,age       ] GC(15) - age   3:     103416 bytes,    2568680 total
[2020-09-11T14:41:55.557+0000][1][gc,age       ] GC(15) - age   4:     203440 bytes,    2772120 total
[2020-09-11T14:41:55.557+0000][1][gc,age       ] GC(15) - age   5:     575776 bytes,    3347896 total
[2020-09-11T14:41:55.557+0000][1][gc,age       ] GC(15) - age   6:     405352 bytes,    3753248 total
[2020-09-11T14:41:55.557+0000][1][gc,heap      ] GC(15) ParNew: 71753K->5667K(76672K)
[2020-09-11T14:41:55.557+0000][1][gc,heap      ] GC(15) CMS: 15350K->15463K(2011968K)
[2020-09-11T14:41:55.557+0000][1][gc,metaspace ] GC(15) Metaspace: 22944K->22944K(1071104K)
[2020-09-11T14:41:55.557+0000][1][gc           ] GC(15) Pause Young (Allocation Failure) 85M->20M(2039M) 18.478ms
[2020-09-11T14:41:55.557+0000][1][gc,cpu       ] GC(15) User=0.02s Sys=0.00s Real=0.02s
[2020-09-11T14:41:55.562+0000][1][safepoint    ] Safepoint "GenCollectForAllocation", Time since last: 150917956 ns, Reaching safepoint: 148199 ns, At safepoint: 23575751 ns, Total: 23723950 ns
[2020-09-11T14:41:55.706+0000][1][gc,start     ] GC(16) Pause Young (Allocation Failure)
[2020-09-11T14:41:55.706+0000][1][gc,task      ] GC(16) Using 1 workers of 1 for evacuation
[2020-09-11T14:41:55.730+0000][1][gc,age       ] GC(16) Desired survivor size 4358144 bytes, new threshold 6 (max threshold 6)
[2020-09-11T14:41:55.730+0000][1][gc,age       ] GC(16) Age table with threshold 6 (max threshold 6)
[2020-09-11T14:41:55.730+0000][1][gc,age       ] GC(16) - age   1:    1432280 bytes,    1432280 total
[2020-09-11T14:41:55.730+0000][1][gc,age       ] GC(16) - age   2:     105064 bytes,    1537344 total
[2020-09-11T14:41:55.730+0000][1][gc,age       ] GC(16) - age   3:     314632 bytes,    1851976 total
[2020-09-11T14:41:55.730+0000][1][gc,age       ] GC(16) - age   4:     103416 bytes,    1955392 total
[2020-09-11T14:41:55.730+0000][1][gc,age       ] GC(16) - age   5:     203288 bytes,    2158680 total
[2020-09-11T14:41:55.730+0000][1][gc,age       ] GC(16) - age   6:     575776 bytes,    2734456 total
[2020-09-11T14:41:55.730+0000][1][gc,heap      ] GC(16) ParNew: 73827K->3457K(76672K)
[2020-09-11T14:41:55.730+0000][1][gc,heap      ] GC(16) CMS: 15463K->15864K(2011968K)
[2020-09-11T14:41:55.730+0000][1][gc,metaspace ] GC(16) Metaspace: 22963K->22963K(1071104K)
[2020-09-11T14:41:55.730+0000][1][gc           ] GC(16) Pause Young (Allocation Failure) 87M->18M(2039M) 24.623ms
[2020-09-11T14:41:55.730+0000][1][gc,cpu       ] GC(16) User=0.03s Sys=0.00s Real=0.02s
[2020-09-11T14:41:55.734+0000][1][safepoint    ] Safepoint "GenCollectForAllocation", Time since last: 143399658 ns, Reaching safepoint: 102720 ns, At safepoint: 28133514 ns, Total: 28236234 ns
[2020-09-11T14:41:56.147+0000][1][safepoint    ] Safepoint "RevokeBias", Time since last: 413195954 ns, Reaching safepoint: 275148 ns, At safepoint: 14927 ns, Total: 290075 ns
[2020-09-11T14:41:56.147+0000][1][safepoint    ] Safepoint "RevokeBias", Time since last: 159755 ns, Reaching safepoint: 62830 ns, At safepoint: 9046 ns, Total: 71876 ns
[2020-09-11T14:41:56.567+0000][1][safepoint    ] Safepoint "Deoptimize", Time since last: 419487388 ns, Reaching safepoint: 131216 ns, At safepoint: 234013 ns, Total: 365229 ns
[2020-09-11T14:41:57.479+0000][1][gc,start     ] GC(17) Pause Young (Allocation Failure)
[2020-09-11T14:41:57.479+0000][1][gc,task      ] GC(17) Using 1 workers of 1 for evacuation
[2020-09-11T14:41:57.529+0000][1][gc,age       ] GC(17) Desired survivor size 4358144 bytes, new threshold 1 (max threshold 6)
[2020-09-11T14:41:57.529+0000][1][gc,age       ] GC(17) Age table with threshold 1 (max threshold 6)
[2020-09-11T14:41:57.529+0000][1][gc,age       ] GC(17) - age   1:    7699792 bytes,    7699792 total
[2020-09-11T14:41:57.529+0000][1][gc,age       ] GC(17) - age   2:     159568 bytes,    7859360 total
[2020-09-11T14:41:57.530+0000][1][gc,age       ] GC(17) - age   3:     104696 bytes,    7964056 total
[2020-09-11T14:41:57.530+0000][1][gc,age       ] GC(17) - age   4:     314568 bytes,    8278624 total
[2020-09-11T14:41:57.530+0000][1][gc,age       ] GC(17) - age   5:     103200 bytes,    8381824 total
[2020-09-11T14:41:57.530+0000][1][gc,age       ] GC(17) - age   6:     203288 bytes,    8585112 total
[2020-09-11T14:41:57.530+0000][1][gc,heap      ] GC(17) ParNew: 71617K->8512K(76672K)
[2020-09-11T14:41:57.530+0000][1][gc,heap      ] GC(17) CMS: 15864K->16434K(2011968K)
[2020-09-11T14:41:57.530+0000][1][gc,metaspace ] GC(17) Metaspace: 29536K->29536K(1077248K)
[2020-09-11T14:41:57.530+0000][1][gc           ] GC(17) Pause Young (Allocation Failure) 85M->24M(2039M) 50.498ms
[2020-09-11T14:41:57.530+0000][1][gc,cpu       ] GC(17) User=0.04s Sys=0.00s Real=0.05s
[2020-09-11T14:41:57.538+0000][1][safepoint    ] Safepoint "GenCollectForAllocation", Time since last: 911502562 ns, Reaching safepoint: 293616 ns, At safepoint: 58979271 ns, Total: 59272887 ns
[2020-09-11T14:41:58.544+0000][1][safepoint    ] Safepoint "Cleanup", Time since last: 1005410825 ns, Reaching safepoint: 133137 ns, At safepoint: 6184 ns, Total: 139321 ns
[2020-09-11T14:41:58.988+0000][1][gc,start     ] GC(18) Pause Young (Allocation Failure)
[2020-09-11T14:41:58.988+0000][1][gc,task      ] GC(18) Using 1 workers of 1 for evacuation
[2020-09-11T14:41:59.101+0000][1][gc,age       ] GC(18) Desired survivor size 4358144 bytes, new threshold 1 (max threshold 6)
[2020-09-11T14:41:59.101+0000][1][gc,age       ] GC(18) Age table with threshold 1 (max threshold 6)
[2020-09-11T14:41:59.101+0000][1][gc,age       ] GC(18) - age   1:    8716216 bytes,    8716216 total
[2020-09-11T14:41:59.101+0000][1][gc,heap      ] GC(18) ParNew: 76672K->8512K(76672K)
[2020-09-11T14:41:59.101+0000][1][gc,heap      ] GC(18) CMS: 16434K->24917K(2011968K)
[2020-09-11T14:41:59.101+0000][1][gc,metaspace ] GC(18) Metaspace: 29735K->29735K(1077248K)
[2020-09-11T14:41:59.101+0000][1][gc           ] GC(18) Pause Young (Allocation Failure) 90M->32M(2039M) 113.677ms
[2020-09-11T14:41:59.101+0000][1][gc,cpu       ] GC(18) User=0.11s Sys=0.00s Real=0.11s
[2020-09-11T14:41:59.103+0000][1][safepoint    ] Safepoint "GenCollectForAllocation", Time since last: 443944435 ns, Reaching safepoint: 104668 ns, At safepoint: 115134761 ns, Total: 115239429 ns
[2020-09-11T14:42:00.108+0000][1][safepoint    ] Safepoint "Cleanup", Time since last: 1004751794 ns, Reaching safepoint: 109882 ns, At safepoint: 6387 ns, Total: 116269 ns
[2020-09-11T14:42:00.294+0000][1][gc,start     ] GC(19) Pause Young (Allocation Failure)
[2020-09-11T14:42:00.294+0000][1][gc,task      ] GC(19) Using 1 workers of 1 for evacuation
[2020-09-11T14:42:00.342+0000][1][gc,age       ] GC(19) Desired survivor size 4358144 bytes, new threshold 1 (max threshold 6)
[2020-09-11T14:42:00.342+0000][1][gc,age       ] GC(19) Age table with threshold 1 (max threshold 6)
[2020-09-11T14:42:00.342+0000][1][gc,age       ] GC(19) - age   1:    8600408 bytes,    8600408 total
[2020-09-11T14:42:00.342+0000][1][gc,heap      ] GC(19) ParNew: 76672K->8512K(76672K)
[2020-09-11T14:42:00.342+0000][1][gc,heap      ] GC(19) CMS: 24917K->33560K(2011968K)
[2020-09-11T14:42:00.342+0000][1][gc,metaspace ] GC(19) Metaspace: 29763K->29763K(1077248K)
[2020-09-11T14:42:00.342+0000][1][gc           ] GC(19) Pause Young (Allocation Failure) 99M->41M(2039M) 47.555ms
[2020-09-11T14:42:00.342+0000][1][gc,cpu       ] GC(19) User=0.05s Sys=0.00s Real=0.05s
[2020-09-11T14:42:00.347+0000][1][safepoint    ] Safepoint "GenCollectForAllocation", Time since last: 186481496 ns, Reaching safepoint: 108627 ns, At safepoint: 53205324 ns, Total: 53313951 ns
[2020-09-11T14:42:01.352+0000][1][safepoint    ] Safepoint "Cleanup", Time since last: 1004033796 ns, Reaching safepoint: 555489 ns, At safepoint: 7011 ns, Total: 562500 ns
[2020-09-11T14:42:01.393+0000][1][gc,start     ] GC(20) Pause Young (Allocation Failure)
[2020-09-11T14:42:01.393+0000][1][gc,task      ] GC(20) Using 1 workers of 1 for evacuation
[2020-09-11T14:42:01.472+0000][1][gc,age       ] GC(20) Desired survivor size 4358144 bytes, new threshold 1 (max threshold 6)
[2020-09-11T14:42:01.472+0000][1][gc,age       ] GC(20) Age table with threshold 1 (max threshold 6)
[2020-09-11T14:42:01.472+0000][1][gc,age       ] GC(20) - age   1:    4525616 bytes,    4525616 total
[2020-09-11T14:42:01.472+0000][1][gc,heap      ] GC(20) ParNew: 76672K->8332K(76672K)
[2020-09-11T14:42:01.472+0000][1][gc,heap      ] GC(20) CMS: 33560K->41194K(2011968K)
[2020-09-11T14:42:01.472+0000][1][gc,metaspace ] GC(20) Metaspace: 32114K->32114K(1079296K)
[2020-09-11T14:42:01.472+0000][1][gc           ] GC(20) Pause Young (Allocation Failure) 107M->48M(2039M) 78.864ms
[2020-09-11T14:42:01.472+0000][1][gc,cpu       ] GC(20) User=0.08s Sys=0.00s Real=0.08s
[2020-09-11T14:42:01.475+0000][1][safepoint    ] Safepoint "GenCollectForAllocation", Time since last: 40860935 ns, Reaching safepoint: 96032 ns, At safepoint: 82426285 ns, Total: 82522317 ns
[2020-09-11T14:42:01.652+0000][1][safepoint    ] Safepoint "Deoptimize", Time since last: 175981277 ns, Reaching safepoint: 105848 ns, At safepoint: 270985 ns, Total: 376833 ns
[2020-09-11T14:42:02.310+0000][1][safepoint    ] Safepoint "Deoptimize", Time since last: 657547873 ns, Reaching safepoint: 151055 ns, At safepoint: 273888 ns, Total: 424943 ns
[2020-09-11T14:42:02.532+0000][1][gc,start     ] GC(21) Pause Young (Allocation Failure)
[2020-09-11T14:42:02.532+0000][1][gc,task      ] GC(21) Using 1 workers of 1 for evacuation
[2020-09-11T14:42:02.557+0000][1][gc,age       ] GC(21) Desired survivor size 4358144 bytes, new threshold 6 (max threshold 6)
[2020-09-11T14:42:02.557+0000][1][gc,age       ] GC(21) Age table with threshold 6 (max threshold 6)
[2020-09-11T14:42:02.557+0000][1][gc,age       ] GC(21) - age   1:     925096 bytes,     925096 total
[2020-09-11T14:42:02.557+0000][1][gc,heap      ] GC(21) ParNew: 76492K->3740K(76672K)
[2020-09-11T14:42:02.557+0000][1][gc,heap      ] GC(21) CMS: 41194K->45540K(2011968K)
[2020-09-11T14:42:02.557+0000][1][gc,metaspace ] GC(21) Metaspace: 32420K->32420K(1079296K)
[2020-09-11T14:42:02.557+0000][1][gc           ] GC(21) Pause Young (Allocation Failure) 114M->48M(2039M) 25.141ms
[2020-09-11T14:42:02.557+0000][1][gc,cpu       ] GC(21) User=0.03s Sys=0.00s Real=0.03s
[2020-09-11T14:42:02.561+0000][1][safepoint    ] Safepoint "GenCollectForAllocation", Time since last: 222286477 ns, Reaching safepoint: 145352 ns, At safepoint: 28511741 ns, Total: 28657093 ns
[2020-09-11T14:42:02.881+0000][1][gc,start     ] GC(22) Pause Young (Allocation Failure)
[2020-09-11T14:42:02.881+0000][1][gc,task      ] GC(22) Using 1 workers of 1 for evacuation
[2020-09-11T14:42:02.905+0000][1][gc,age       ] GC(22) Desired survivor size 4358144 bytes, new threshold 6 (max threshold 6)
[2020-09-11T14:42:02.905+0000][1][gc,age       ] GC(22) Age table with threshold 6 (max threshold 6)
[2020-09-11T14:42:02.905+0000][1][gc,age       ] GC(22) - age   1:     249664 bytes,     249664 total
[2020-09-11T14:42:02.905+0000][1][gc,age       ] GC(22) - age   2:     438896 bytes,     688560 total
[2020-09-11T14:42:02.905+0000][1][gc,heap      ] GC(22) ParNew: 71900K->1160K(76672K)
[2020-09-11T14:42:02.905+0000][1][gc,heap      ] GC(22) CMS: 45540K->45540K(2011968K)
[2020-09-11T14:42:02.905+0000][1][gc,metaspace ] GC(22) Metaspace: 32433K->32433K(1079296K)
[2020-09-11T14:42:02.905+0000][1][gc           ] GC(22) Pause Young (Allocation Failure) 114M->45M(2039M) 24.537ms
[2020-09-11T14:42:02.905+0000][1][gc,cpu       ] GC(22) User=0.02s Sys=0.00s Real=0.03s
[2020-09-11T14:42:02.910+0000][1][safepoint    ] Safepoint "GenCollectForAllocation", Time since last: 319034057 ns, Reaching safepoint: 1101177 ns, At safepoint: 28779642 ns, Total: 29880819 ns
[2020-09-11T14:42:03.139+0000][1][gc,start     ] GC(23) Pause Young (Allocation Failure)
[2020-09-11T14:42:03.139+0000][1][gc,task      ] GC(23) Using 1 workers of 1 for evacuation
[2020-09-11T14:42:03.154+0000][1][gc,age       ] GC(23) Desired survivor size 4358144 bytes, new threshold 6 (max threshold 6)
[2020-09-11T14:42:03.154+0000][1][gc,age       ] GC(23) Age table with threshold 6 (max threshold 6)
[2020-09-11T14:42:03.154+0000][1][gc,age       ] GC(23) - age   1:        224 bytes,        224 total
[2020-09-11T14:42:03.154+0000][1][gc,age       ] GC(23) - age   2:     249432 bytes,     249656 total
[2020-09-11T14:42:03.154+0000][1][gc,age       ] GC(23) - age   3:     438896 bytes,     688552 total
[2020-09-11T14:42:03.154+0000][1][gc,heap      ] GC(23) ParNew: 69320K->1084K(76672K)
[2020-09-11T14:42:03.154+0000][1][gc,heap      ] GC(23) CMS: 45540K->45540K(2011968K)
[2020-09-11T14:42:03.154+0000][1][gc,metaspace ] GC(23) Metaspace: 32434K->32434K(1079296K)
[2020-09-11T14:42:03.154+0000][1][gc           ] GC(23) Pause Young (Allocation Failure) 112M->45M(2039M) 15.477ms
[2020-09-11T14:42:03.155+0000][1][gc,cpu       ] GC(23) User=0.02s Sys=0.00s Real=0.01s
[2020-09-11T14:42:03.158+0000][1][safepoint    ] Safepoint "GenCollectForAllocation", Time since last: 229287634 ns, Reaching safepoint: 102137 ns, At safepoint: 18845275 ns, Total: 18947412 ns
[2020-09-11T14:42:03.380+0000][1][gc,start     ] GC(24) Pause Young (Allocation Failure)
[2020-09-11T14:42:03.380+0000][1][gc,task      ] GC(24) Using 1 workers of 1 for evacuation
[2020-09-11T14:42:03.402+0000][1][gc,age       ] GC(24) Desired survivor size 4358144 bytes, new threshold 6 (max threshold 6)
[2020-09-11T14:42:03.402+0000][1][gc,age       ] GC(24) Age table with threshold 6 (max threshold 6)
[2020-09-11T14:42:03.402+0000][1][gc,age       ] GC(24) - age   1:        248 bytes,        248 total
[2020-09-11T14:42:03.402+0000][1][gc,age       ] GC(24) - age   3:     249432 bytes,     249680 total
[2020-09-11T14:42:03.402+0000][1][gc,age       ] GC(24) - age   4:     438896 bytes,     688576 total
[2020-09-11T14:42:03.402+0000][1][gc,heap      ] GC(24) ParNew: 69244K->1279K(76672K)
[2020-09-11T14:42:03.402+0000][1][gc,heap      ] GC(24) CMS: 45540K->45540K(2011968K)
[2020-09-11T14:42:03.402+0000][1][gc,metaspace ] GC(24) Metaspace: 32435K->32435K(1079296K)
[2020-09-11T14:42:03.402+0000][1][gc           ] GC(24) Pause Young (Allocation Failure) 112M->45M(2039M) 21.869ms
[2020-09-11T14:42:03.402+0000][1][gc,cpu       ] GC(24) User=0.02s Sys=0.00s Real=0.02s
[2020-09-11T14:42:03.407+0000][1][safepoint    ] Safepoint "GenCollectForAllocation", Time since last: 222284791 ns, Reaching safepoint: 107871 ns, At safepoint: 27121024 ns, Total: 27228895 ns
[2020-09-11T14:42:03.515+0000][1][gc,start     ] GC(25) Pause Young (Allocation Failure)
[2020-09-11T14:42:03.515+0000][1][gc,task      ] GC(25) Using 1 workers of 1 for evacuation
[2020-09-11T14:42:03.528+0000][1][gc,age       ] GC(25) Desired survivor size 4358144 bytes, new threshold 6 (max threshold 6)
[2020-09-11T14:42:03.528+0000][1][gc,age       ] GC(25) Age table with threshold 6 (max threshold 6)
[2020-09-11T14:42:03.528+0000][1][gc,age       ] GC(25) - age   1:         24 bytes,         24 total
[2020-09-11T14:42:03.528+0000][1][gc,age       ] GC(25) - age   4:     249432 bytes,     249456 total
[2020-09-11T14:42:03.528+0000][1][gc,age       ] GC(25) - age   5:     438896 bytes,     688352 total
[2020-09-11T14:42:03.528+0000][1][gc,heap      ] GC(25) ParNew: 69439K->824K(76672K)
[2020-09-11T14:42:03.528+0000][1][gc,heap      ] GC(25) CMS: 45540K->45540K(2011968K)
[2020-09-11T14:42:03.528+0000][1][gc,metaspace ] GC(25) Metaspace: 32437K->32437K(1079296K)
[2020-09-11T14:42:03.528+0000][1][gc           ] GC(25) Pause Young (Allocation Failure) 112M->45M(2039M) 13.634ms
[2020-09-11T14:42:03.528+0000][1][gc,cpu       ] GC(25) User=0.02s Sys=0.00s Real=0.02s
[2020-09-11T14:42:03.529+0000][1][safepoint    ] Safepoint "GenCollectForAllocation", Time since last: 107138546 ns, Reaching safepoint: 140562 ns, At safepoint: 14435452 ns, Total: 14576014 ns
[2020-09-11T14:42:03.582+0000][1][gc,start     ] GC(26) Pause Young (Allocation Failure)
[2020-09-11T14:42:03.582+0000][1][gc,task      ] GC(26) Using 1 workers of 1 for evacuation
[2020-09-11T14:42:03.595+0000][1][gc,age       ] GC(26) Desired survivor size 4358144 bytes, new threshold 6 (max threshold 6)
[2020-09-11T14:42:03.595+0000][1][gc,age       ] GC(26) Age table with threshold 6 (max threshold 6)
[2020-09-11T14:42:03.595+0000][1][gc,age       ] GC(26) - age   1:         64 bytes,         64 total
[2020-09-11T14:42:03.595+0000][1][gc,age       ] GC(26) - age   5:     249432 bytes,     249496 total
[2020-09-11T14:42:03.595+0000][1][gc,age       ] GC(26) - age   6:     438896 bytes,     688392 total
[2020-09-11T14:42:03.595+0000][1][gc,heap      ] GC(26) ParNew: 68984K->1214K(76672K)
[2020-09-11T14:42:03.595+0000][1][gc,heap      ] GC(26) CMS: 45540K->45540K(2011968K)
[2020-09-11T14:42:03.595+0000][1][gc,metaspace ] GC(26) Metaspace: 32437K->32437K(1079296K)
[2020-09-11T14:42:03.595+0000][1][gc           ] GC(26) Pause Young (Allocation Failure) 111M->45M(2039M) 13.862ms
[2020-09-11T14:42:03.595+0000][1][gc,cpu       ] GC(26) User=0.01s Sys=0.00s Real=0.02s
[2020-09-11T14:42:03.595+0000][1][safepoint    ] Safepoint "GenCollectForAllocation", Time since last: 52285534 ns, Reaching safepoint: 150580 ns, At safepoint: 13920981 ns, Total: 14071561 ns
[2020-09-11T14:42:03.632+0000][1][gc,start     ] GC(27) Pause Young (Allocation Failure)
[2020-09-11T14:42:03.632+0000][1][gc,task      ] GC(27) Using 1 workers of 1 for evacuation
[2020-09-11T14:42:03.646+0000][1][gc,age       ] GC(27) Desired survivor size 4358144 bytes, new threshold 6 (max threshold 6)
[2020-09-11T14:42:03.646+0000][1][gc,age       ] GC(27) Age table with threshold 6 (max threshold 6)
[2020-09-11T14:42:03.646+0000][1][gc,age       ] GC(27) - age   1:        224 bytes,        224 total
[2020-09-11T14:42:03.646+0000][1][gc,age       ] GC(27) - age   6:     249432 bytes,     249656 total
[2020-09-11T14:42:03.646+0000][1][gc,heap      ] GC(27) ParNew: 69374K->403K(76672K)
[2020-09-11T14:42:03.646+0000][1][gc,heap      ] GC(27) CMS: 45540K->45969K(2011968K)
[2020-09-11T14:42:03.646+0000][1][gc,metaspace ] GC(27) Metaspace: 32437K->32437K(1079296K)
[2020-09-11T14:42:03.646+0000][1][gc           ] GC(27) Pause Young (Allocation Failure) 112M->45M(2039M) 13.697ms
[2020-09-11T14:42:03.646+0000][1][gc,cpu       ] GC(27) User=0.01s Sys=0.00s Real=0.02s
[2020-09-11T14:42:03.646+0000][1][safepoint    ] Safepoint "GenCollectForAllocation", Time since last: 36744874 ns, Reaching safepoint: 149456 ns, At safepoint: 13756930 ns, Total: 13906386 ns
[2020-09-11T14:42:03.696+0000][1][gc,start     ] GC(28) Pause Young (Allocation Failure)
[2020-09-11T14:42:03.696+0000][1][gc,task      ] GC(28) Using 1 workers of 1 for evacuation
[2020-09-11T14:42:03.707+0000][1][gc,age       ] GC(28) Desired survivor size 4358144 bytes, new threshold 6 (max threshold 6)
[2020-09-11T14:42:03.707+0000][1][gc,age       ] GC(28) Age table with threshold 6 (max threshold 6)
[2020-09-11T14:42:03.707+0000][1][gc,age       ] GC(28) - age   1:        256 bytes,        256 total
[2020-09-11T14:42:03.707+0000][1][gc,heap      ] GC(28) ParNew: 68563K->283K(76672K)
[2020-09-11T14:42:03.707+0000][1][gc,heap      ] GC(28) CMS: 45969K->46213K(2011968K)
[2020-09-11T14:42:03.707+0000][1][gc,metaspace ] GC(28) Metaspace: 32437K->32437K(1079296K)
[2020-09-11T14:42:03.707+0000][1][gc           ] GC(28) Pause Young (Allocation Failure) 111M->45M(2039M) 10.541ms
[2020-09-11T14:42:03.707+0000][1][gc,cpu       ] GC(28) User=0.01s Sys=0.00s Real=0.01s
[2020-09-11T14:42:03.707+0000][1][safepoint    ] Safepoint "GenCollectForAllocation", Time since last: 50004119 ns, Reaching safepoint: 144440 ns, At safepoint: 10605196 ns, Total: 10749636 ns
[2020-09-11T14:42:03.742+0000][1][gc,start     ] GC(29) Pause Young (Allocation Failure)
[2020-09-11T14:42:03.742+0000][1][gc,task      ] GC(29) Using 1 workers of 1 for evacuation
[2020-09-11T14:42:03.753+0000][1][gc,age       ] GC(29) Desired survivor size 4358144 bytes, new threshold 6 (max threshold 6)
[2020-09-11T14:42:03.753+0000][1][gc,age       ] GC(29) Age table with threshold 6 (max threshold 6)
[2020-09-11T14:42:03.753+0000][1][gc,age       ] GC(29) - age   2:         72 bytes,         72 total
[2020-09-11T14:42:03.753+0000][1][gc,heap      ] GC(29) ParNew: 68443K->71K(76672K)
[2020-09-11T14:42:03.753+0000][1][gc,heap      ] GC(29) CMS: 46213K->46213K(2011968K)
[2020-09-11T14:42:03.753+0000][1][gc,metaspace ] GC(29) Metaspace: 32437K->32437K(1079296K)
[2020-09-11T14:42:03.753+0000][1][gc           ] GC(29) Pause Young (Allocation Failure) 111M->45M(2039M) 11.168ms
[2020-09-11T14:42:03.753+0000][1][gc,cpu       ] GC(29) User=0.01s Sys=0.00s Real=0.01s
[2020-09-11T14:42:03.753+0000][1][safepoint    ] Safepoint "GenCollectForAllocation", Time since last: 35214793 ns, Reaching safepoint: 147857 ns, At safepoint: 11229315 ns, Total: 11377172 ns
[2020-09-11T14:42:03.790+0000][1][gc,start     ] GC(30) Pause Young (Allocation Failure)
[2020-09-11T14:42:03.790+0000][1][gc,task      ] GC(30) Using 1 workers of 1 for evacuation
[2020-09-11T14:42:03.801+0000][1][gc,age       ] GC(30) Desired survivor size 4358144 bytes, new threshold 6 (max threshold 6)
[2020-09-11T14:42:03.801+0000][1][gc,age       ] GC(30) Age table with threshold 6 (max threshold 6)
[2020-09-11T14:42:03.801+0000][1][gc,age       ] GC(30) - age   1:        168 bytes,        168 total
[2020-09-11T14:42:03.801+0000][1][gc,age       ] GC(30) - age   3:         72 bytes,        240 total
[2020-09-11T14:42:03.801+0000][1][gc,heap      ] GC(30) ParNew: 68231K->17K(76672K)
[2020-09-11T14:42:03.801+0000][1][gc,heap      ] GC(30) CMS: 46213K->46213K(2011968K)
[2020-09-11T14:42:03.801+0000][1][gc,metaspace ] GC(30) Metaspace: 32437K->32437K(1079296K)
[2020-09-11T14:42:03.801+0000][1][gc           ] GC(30) Pause Young (Allocation Failure) 111M->45M(2039M) 11.262ms
[2020-09-11T14:42:03.801+0000][1][gc,cpu       ] GC(30) User=0.02s Sys=0.00s Real=0.01s
[2020-09-11T14:42:03.801+0000][1][safepoint    ] Safepoint "GenCollectForAllocation", Time since last: 35937445 ns, Reaching safepoint: 149408 ns, At safepoint: 11321849 ns, Total: 11471257 ns
[2020-09-11T14:42:03.841+0000][1][gc,start     ] GC(31) Pause Young (Allocation Failure)
[2020-09-11T14:42:03.841+0000][1][gc,task      ] GC(31) Using 1 workers of 1 for evacuation
[2020-09-11T14:42:03.852+0000][1][gc,age       ] GC(31) Desired survivor size 4358144 bytes, new threshold 6 (max threshold 6)
[2020-09-11T14:42:03.852+0000][1][gc,age       ] GC(31) Age table with threshold 6 (max threshold 6)
[2020-09-11T14:42:03.852+0000][1][gc,age       ] GC(31) - age   1:         88 bytes,         88 total
[2020-09-11T14:42:03.852+0000][1][gc,age       ] GC(31) - age   4:         72 bytes,        160 total
[2020-09-11T14:42:03.852+0000][1][gc,heap      ] GC(31) ParNew: 68177K->4K(76672K)
[2020-09-11T14:42:03.852+0000][1][gc,heap      ] GC(31) CMS: 46213K->46213K(2011968K)
[2020-09-11T14:42:03.852+0000][1][gc,metaspace ] GC(31) Metaspace: 32437K->32437K(1079296K)
[2020-09-11T14:42:03.852+0000][1][gc           ] GC(31) Pause Young (Allocation Failure) 111M->45M(2039M) 11.644ms
[2020-09-11T14:42:03.852+0000][1][gc,cpu       ] GC(31) User=0.02s Sys=0.00s Real=0.01s
[2020-09-11T14:42:03.852+0000][1][safepoint    ] Safepoint "GenCollectForAllocation", Time since last: 39606595 ns, Reaching safepoint: 149656 ns, At safepoint: 11703641 ns, Total: 11853297 ns
[2020-09-11T14:42:03.893+0000][1][gc,start     ] GC(32) Pause Young (Allocation Failure)
[2020-09-11T14:42:03.893+0000][1][gc,task      ] GC(32) Using 1 workers of 1 for evacuation
[2020-09-11T14:42:03.905+0000][1][gc,age       ] GC(32) Desired survivor size 4358144 bytes, new threshold 6 (max threshold 6)
[2020-09-11T14:42:03.905+0000][1][gc,age       ] GC(32) Age table with threshold 6 (max threshold 6)
[2020-09-11T14:42:03.905+0000][1][gc,age       ] GC(32) - age   1:         64 bytes,         64 total
[2020-09-11T14:42:03.905+0000][1][gc,age       ] GC(32) - age   5:         72 bytes,        136 total
[2020-09-11T14:42:03.905+0000][1][gc,heap      ] GC(32) ParNew: 68164K->2K(76672K)
[2020-09-11T14:42:03.905+0000][1][gc,heap      ] GC(32) CMS: 46213K->46213K(2011968K)
[2020-09-11T14:42:03.905+0000][1][gc,metaspace ] GC(32) Metaspace: 32437K->32437K(1079296K)
[2020-09-11T14:42:03.905+0000][1][gc           ] GC(32) Pause Young (Allocation Failure) 111M->45M(2039M) 12.206ms
[2020-09-11T14:42:03.905+0000][1][gc,cpu       ] GC(32) User=0.01s Sys=0.00s Real=0.02s
[2020-09-11T14:42:03.905+0000][1][safepoint    ] Safepoint "GenCollectForAllocation", Time since last: 40581193 ns, Reaching safepoint: 145105 ns, At safepoint: 12278507 ns, Total: 12423612 ns
[2020-09-11T14:42:03.941+0000][1][gc,start     ] GC(33) Pause Young (Allocation Failure)
[2020-09-11T14:42:03.941+0000][1][gc,task      ] GC(33) Using 1 workers of 1 for evacuation
[2020-09-11T14:42:03.952+0000][1][gc,age       ] GC(33) Desired survivor size 4358144 bytes, new threshold 6 (max threshold 6)
[2020-09-11T14:42:03.952+0000][1][gc,age       ] GC(33) Age table with threshold 6 (max threshold 6)
[2020-09-11T14:42:03.952+0000][1][gc,age       ] GC(33) - age   1:         96 bytes,         96 total
[2020-09-11T14:42:03.952+0000][1][gc,age       ] GC(33) - age   6:         72 bytes,        168 total
[2020-09-11T14:42:03.952+0000][1][gc,heap      ] GC(33) ParNew: 68162K->2K(76672K)
[2020-09-11T14:42:03.952+0000][1][gc,heap      ] GC(33) CMS: 46213K->46213K(2011968K)
[2020-09-11T14:42:03.952+0000][1][gc,metaspace ] GC(33) Metaspace: 32437K->32437K(1079296K)
[2020-09-11T14:42:03.953+0000][1][gc           ] GC(33) Pause Young (Allocation Failure) 111M->45M(2039M) 11.504ms
[2020-09-11T14:42:03.953+0000][1][gc,cpu       ] GC(33) User=0.01s Sys=0.00s Real=0.01s
[2020-09-11T14:42:03.953+0000][1][safepoint    ] Safepoint "GenCollectForAllocation", Time since last: 35534684 ns, Reaching safepoint: 149352 ns, At safepoint: 11577774 ns, Total: 11727126 ns
[2020-09-11T14:42:04.960+0000][1][safepoint    ] Safepoint "Cleanup", Time since last: 1006901806 ns, Reaching safepoint: 131862 ns, At safepoint: 6757 ns, Total: 138619 ns
[2020-09-11T14:42:05.443+0000][1][gc,start     ] GC(34) Pause Young (Allocation Failure)
[2020-09-11T14:42:05.443+0000][1][gc,task      ] GC(34) Using 1 workers of 1 for evacuation
[2020-09-11T14:42:05.455+0000][1][gc,age       ] GC(34) Desired survivor size 4358144 bytes, new threshold 6 (max threshold 6)
[2020-09-11T14:42:05.455+0000][1][gc,age       ] GC(34) Age table with threshold 6 (max threshold 6)
[2020-09-11T14:42:05.455+0000][1][gc,age       ] GC(34) - age   1:     243152 bytes,     243152 total
[2020-09-11T14:42:05.455+0000][1][gc,heap      ] GC(34) ParNew: 68162K->239K(76672K)
[2020-09-11T14:42:05.455+0000][1][gc,heap      ] GC(34) CMS: 46213K->46213K(2011968K)
[2020-09-11T14:42:05.455+0000][1][gc,metaspace ] GC(34) Metaspace: 32457K->32457K(1079296K)
[2020-09-11T14:42:05.455+0000][1][gc           ] GC(34) Pause Young (Allocation Failure) 111M->45M(2039M) 12.548ms
[2020-09-11T14:42:05.455+0000][1][gc,cpu       ] GC(34) User=0.02s Sys=0.00s Real=0.02s
[2020-09-11T14:42:05.459+0000][1][safepoint    ] Safepoint "GenCollectForAllocation", Time since last: 483102022 ns, Reaching safepoint: 102664 ns, At safepoint: 16603523 ns, Total: 16706187 ns
[2020-09-11T14:42:05.863+0000][1][gc,start     ] GC(35) Pause Young (Allocation Failure)
[2020-09-11T14:42:05.863+0000][1][gc,task      ] GC(35) Using 1 workers of 1 for evacuation
[2020-09-11T14:42:05.875+0000][1][gc,age       ] GC(35) Desired survivor size 4358144 bytes, new threshold 6 (max threshold 6)
[2020-09-11T14:42:05.875+0000][1][gc,age       ] GC(35) Age table with threshold 6 (max threshold 6)
[2020-09-11T14:42:05.875+0000][1][gc,age       ] GC(35) - age   1:     511584 bytes,     511584 total
[2020-09-11T14:42:05.875+0000][1][gc,age       ] GC(35) - age   2:     150632 bytes,     662216 total
[2020-09-11T14:42:05.875+0000][1][gc,heap      ] GC(35) ParNew: 68399K->648K(76672K)
[2020-09-11T14:42:05.875+0000][1][gc,heap      ] GC(35) CMS: 46213K->46213K(2011968K)
[2020-09-11T14:42:05.875+0000][1][gc,metaspace ] GC(35) Metaspace: 32457K->32457K(1079296K)
[2020-09-11T14:42:05.875+0000][1][gc           ] GC(35) Pause Young (Allocation Failure) 111M->45M(2039M) 12.081ms
[2020-09-11T14:42:05.875+0000][1][gc,cpu       ] GC(35) User=0.01s Sys=0.00s Real=0.01s
[2020-09-11T14:42:05.879+0000][1][safepoint    ] Safepoint "GenCollectForAllocation", Time since last: 402986015 ns, Reaching safepoint: 134771 ns, At safepoint: 16879294 ns, Total: 17014065 ns
[2020-09-11T14:42:06.272+0000][1][gc,start     ] GC(36) Pause Young (Allocation Failure)
[2020-09-11T14:42:06.272+0000][1][gc,task      ] GC(36) Using 1 workers of 1 for evacuation
[2020-09-11T14:42:06.292+0000][1][gc,age       ] GC(36) Desired survivor size 4358144 bytes, new threshold 6 (max threshold 6)
[2020-09-11T14:42:06.292+0000][1][gc,age       ] GC(36) Age table with threshold 6 (max threshold 6)
[2020-09-11T14:42:06.292+0000][1][gc,age       ] GC(36) - age   1:     675720 bytes,     675720 total
[2020-09-11T14:42:06.292+0000][1][gc,age       ] GC(36) - age   2:     340568 bytes,    1016288 total
[2020-09-11T14:42:06.292+0000][1][gc,age       ] GC(36) - age   3:     150048 bytes,    1166336 total
[2020-09-11T14:42:06.292+0000][1][gc,heap      ] GC(36) ParNew: 68808K->1146K(76672K)
[2020-09-11T14:42:06.292+0000][1][gc,heap      ] GC(36) CMS: 46213K->46213K(2011968K)
[2020-09-11T14:42:06.292+0000][1][gc,metaspace ] GC(36) Metaspace: 32458K->32458K(1079296K)
[2020-09-11T14:42:06.292+0000][1][gc           ] GC(36) Pause Young (Allocation Failure) 112M->46M(2039M) 20.753ms
[2020-09-11T14:42:06.292+0000][1][gc,cpu       ] GC(36) User=0.02s Sys=0.00s Real=0.02s
[2020-09-11T14:42:06.294+0000][1][safepoint    ] Safepoint "GenCollectForAllocation", Time since last: 391984636 ns, Reaching safepoint: 106224 ns, At safepoint: 22395602 ns, Total: 22501826 ns
[2020-09-11T14:42:06.528+0000][1][gc,start     ] GC(37) Pause Young (Allocation Failure)
[2020-09-11T14:42:06.528+0000][1][gc,task      ] GC(37) Using 1 workers of 1 for evacuation
[2020-09-11T14:42:06.549+0000][1][gc,age       ] GC(37) Desired survivor size 4358144 bytes, new threshold 6 (max threshold 6)
[2020-09-11T14:42:06.549+0000][1][gc,age       ] GC(37) Age table with threshold 6 (max threshold 6)
[2020-09-11T14:42:06.549+0000][1][gc,age       ] GC(37) - age   1:     622272 bytes,     622272 total
[2020-09-11T14:42:06.549+0000][1][gc,age       ] GC(37) - age   2:     334456 bytes,     956728 total
[2020-09-11T14:42:06.549+0000][1][gc,age       ] GC(37) - age   3:     340384 bytes,    1297112 total
[2020-09-11T14:42:06.549+0000][1][gc,age       ] GC(37) - age   4:     149664 bytes,    1446776 total
[2020-09-11T14:42:06.549+0000][1][gc,heap      ] GC(37) ParNew: 69306K->1428K(76672K)
[2020-09-11T14:42:06.549+0000][1][gc,heap      ] GC(37) CMS: 46213K->46213K(2011968K)
[2020-09-11T14:42:06.549+0000][1][gc,metaspace ] GC(37) Metaspace: 32459K->32459K(1079296K)
[2020-09-11T14:42:06.549+0000][1][gc           ] GC(37) Pause Young (Allocation Failure) 112M->46M(2039M) 21.936ms
[2020-09-11T14:42:06.549+0000][1][gc,cpu       ] GC(37) User=0.02s Sys=0.00s Real=0.02s
[2020-09-11T14:42:06.550+0000][1][safepoint    ] Safepoint "GenCollectForAllocation", Time since last: 233506117 ns, Reaching safepoint: 102774 ns, At safepoint: 22408371 ns, Total: 22511145 ns
[2020-09-11T14:42:06.745+0000][1][gc,start     ] GC(38) Pause Young (Allocation Failure)
[2020-09-11T14:42:06.745+0000][1][gc,task      ] GC(38) Using 1 workers of 1 for evacuation
[2020-09-11T14:42:06.757+0000][1][gc,age       ] GC(38) Desired survivor size 4358144 bytes, new threshold 6 (max threshold 6)
[2020-09-11T14:42:06.757+0000][1][gc,age       ] GC(38) Age table with threshold 6 (max threshold 6)
[2020-09-11T14:42:06.757+0000][1][gc,age       ] GC(38) - age   1:     935064 bytes,     935064 total
[2020-09-11T14:42:06.757+0000][1][gc,age       ] GC(38) - age   2:     264672 bytes,    1199736 total
[2020-09-11T14:42:06.757+0000][1][gc,age       ] GC(38) - age   3:     330536 bytes,    1530272 total
[2020-09-11T14:42:06.757+0000][1][gc,age       ] GC(38) - age   4:     340304 bytes,    1870576 total
[2020-09-11T14:42:06.757+0000][1][gc,age       ] GC(38) - age   5:     149560 bytes,    2020136 total
[2020-09-11T14:42:06.757+0000][1][gc,heap      ] GC(38) ParNew: 69588K->2032K(76672K)
[2020-09-11T14:42:06.757+0000][1][gc,heap      ] GC(38) CMS: 46213K->46213K(2011968K)
[2020-09-11T14:42:06.757+0000][1][gc,metaspace ] GC(38) Metaspace: 32459K->32459K(1079296K)
[2020-09-11T14:42:06.757+0000][1][gc           ] GC(38) Pause Young (Allocation Failure) 113M->47M(2039M) 12.103ms
[2020-09-11T14:42:06.757+0000][1][gc,cpu       ] GC(38) User=0.01s Sys=0.00s Real=0.01s
[2020-09-11T14:42:06.757+0000][1][safepoint    ] Safepoint "GenCollectForAllocation", Time since last: 195024513 ns, Reaching safepoint: 150979 ns, At safepoint: 12162929 ns, Total: 12313908 ns
[2020-09-11T14:42:06.879+0000][1][gc,start     ] GC(39) Pause Young (Allocation Failure)
[2020-09-11T14:42:06.879+0000][1][gc,task      ] GC(39) Using 1 workers of 1 for evacuation
[2020-09-11T14:42:06.894+0000][1][gc,age       ] GC(39) Desired survivor size 4358144 bytes, new threshold 6 (max threshold 6)
[2020-09-11T14:42:06.894+0000][1][gc,age       ] GC(39) Age table with threshold 6 (max threshold 6)
[2020-09-11T14:42:06.894+0000][1][gc,age       ] GC(39) - age   1:     310600 bytes,     310600 total
[2020-09-11T14:42:06.894+0000][1][gc,age       ] GC(39) - age   2:     922856 bytes,    1233456 total
[2020-09-11T14:42:06.894+0000][1][gc,age       ] GC(39) - age   3:     263464 bytes,    1496920 total
[2020-09-11T14:42:06.894+0000][1][gc,age       ] GC(39) - age   4:     330024 bytes,    1826944 total
[2020-09-11T14:42:06.894+0000][1][gc,age       ] GC(39) - age   5:     339968 bytes,    2166912 total
[2020-09-11T14:42:06.894+0000][1][gc,age       ] GC(39) - age   6:     149520 bytes,    2316432 total
[2020-09-11T14:42:06.895+0000][1][gc,heap      ] GC(39) ParNew: 70192K->2354K(76672K)
[2020-09-11T14:42:06.895+0000][1][gc,heap      ] GC(39) CMS: 46213K->46213K(2011968K)
[2020-09-11T14:42:06.895+0000][1][gc,metaspace ] GC(39) Metaspace: 32459K->32459K(1079296K)
[2020-09-11T14:42:06.895+0000][1][gc           ] GC(39) Pause Young (Allocation Failure) 113M->47M(2039M) 15.728ms
[2020-09-11T14:42:06.895+0000][1][gc,cpu       ] GC(39) User=0.02s Sys=0.00s Real=0.01s
[2020-09-11T14:42:06.895+0000][1][safepoint    ] Safepoint "GenCollectForAllocation", Time since last: 121425652 ns, Reaching safepoint: 141390 ns, At safepoint: 15782133 ns, Total: 15923523 ns
[2020-09-11T14:42:06.910+0000][1][safepoint    ] Safepoint "RevokeBias", Time since last: 15598237 ns, Reaching safepoint: 143959 ns, At safepoint: 25369 ns, Total: 169328 ns
[2020-09-11T14:42:07.091+0000][1][gc,start     ] GC(40) Pause Young (Allocation Failure)
[2020-09-11T14:42:07.091+0000][1][gc,task      ] GC(40) Using 1 workers of 1 for evacuation
[2020-09-11T14:42:07.104+0000][1][gc,age       ] GC(40) Desired survivor size 4358144 bytes, new threshold 6 (max threshold 6)
[2020-09-11T14:42:07.104+0000][1][gc,age       ] GC(40) Age table with threshold 6 (max threshold 6)
[2020-09-11T14:42:07.104+0000][1][gc,age       ] GC(40) - age   1:     381016 bytes,     381016 total
[2020-09-11T14:42:07.104+0000][1][gc,age       ] GC(40) - age   2:     300704 bytes,     681720 total
[2020-09-11T14:42:07.104+0000][1][gc,age       ] GC(40) - age   3:     922288 bytes,    1604008 total
[2020-09-11T14:42:07.104+0000][1][gc,age       ] GC(40) - age   4:     263232 bytes,    1867240 total
[2020-09-11T14:42:07.104+0000][1][gc,age       ] GC(40) - age   5:     329904 bytes,    2197144 total
[2020-09-11T14:42:07.104+0000][1][gc,age       ] GC(40) - age   6:     339968 bytes,    2537112 total
[2020-09-11T14:42:07.104+0000][1][gc,heap      ] GC(40) ParNew: 70514K->2585K(76672K)
[2020-09-11T14:42:07.104+0000][1][gc,heap      ] GC(40) CMS: 46213K->46356K(2011968K)
[2020-09-11T14:42:07.104+0000][1][gc,metaspace ] GC(40) Metaspace: 32462K->32462K(1079296K)
[2020-09-11T14:42:07.104+0000][1][gc           ] GC(40) Pause Young (Allocation Failure) 113M->47M(2039M) 13.320ms
[2020-09-11T14:42:07.104+0000][1][gc,cpu       ] GC(40) User=0.02s Sys=0.00s Real=0.02s
[2020-09-11T14:42:07.107+0000][1][safepoint    ] Safepoint "GenCollectForAllocation", Time since last: 180266141 ns, Reaching safepoint: 155918 ns, At safepoint: 16626541 ns, Total: 16782459 ns
[2020-09-11T14:42:07.236+0000][1][gc,start     ] GC(41) Pause Young (Allocation Failure)
[2020-09-11T14:42:07.236+0000][1][gc,task      ] GC(41) Using 1 workers of 1 for evacuation
[2020-09-11T14:42:07.248+0000][1][gc,age       ] GC(41) Desired survivor size 4358144 bytes, new threshold 6 (max threshold 6)
[2020-09-11T14:42:07.248+0000][1][gc,age       ] GC(41) Age table with threshold 6 (max threshold 6)
[2020-09-11T14:42:07.248+0000][1][gc,age       ] GC(41) - age   1:        360 bytes,        360 total
[2020-09-11T14:42:07.248+0000][1][gc,age       ] GC(41) - age   2:     380928 bytes,     381288 total
[2020-09-11T14:42:07.248+0000][1][gc,age       ] GC(41) - age   3:     300704 bytes,     681992 total
[2020-09-11T14:42:07.248+0000][1][gc,age       ] GC(41) - age   4:     922288 bytes,    1604280 total
[2020-09-11T14:42:07.248+0000][1][gc,age       ] GC(41) - age   5:     263232 bytes,    1867512 total
[2020-09-11T14:42:07.248+0000][1][gc,age       ] GC(41) - age   6:     329904 bytes,    2197416 total
[2020-09-11T14:42:07.248+0000][1][gc,heap      ] GC(41) ParNew: 70745K->2512K(76672K)
[2020-09-11T14:42:07.248+0000][1][gc,heap      ] GC(41) CMS: 46356K->46688K(2011968K)
[2020-09-11T14:42:07.248+0000][1][gc,metaspace ] GC(41) Metaspace: 32462K->32462K(1079296K)
[2020-09-11T14:42:07.248+0000][1][gc           ] GC(41) Pause Young (Allocation Failure) 114M->48M(2039M) 12.151ms
[2020-09-11T14:42:07.248+0000][1][gc,cpu       ] GC(41) User=0.01s Sys=0.00s Real=0.01s
[2020-09-11T14:42:07.255+0000][1][safepoint    ] Safepoint "GenCollectForAllocation", Time since last: 128002033 ns, Reaching safepoint: 102468 ns, At safepoint: 19904328 ns, Total: 20006796 ns
[2020-09-11T14:42:07.376+0000][1][gc,start     ] GC(42) Pause Young (Allocation Failure)
[2020-09-11T14:42:07.376+0000][1][gc,task      ] GC(42) Using 1 workers of 1 for evacuation
[2020-09-11T14:42:07.400+0000][1][gc,age       ] GC(42) Desired survivor size 4358144 bytes, new threshold 6 (max threshold 6)
[2020-09-11T14:42:07.400+0000][1][gc,age       ] GC(42) Age table with threshold 6 (max threshold 6)
[2020-09-11T14:42:07.400+0000][1][gc,age       ] GC(42) - age   1:         80 bytes,         80 total
[2020-09-11T14:42:07.400+0000][1][gc,age       ] GC(42) - age   2:        160 bytes,        240 total
[2020-09-11T14:42:07.400+0000][1][gc,age       ] GC(42) - age   3:     380928 bytes,     381168 total
[2020-09-11T14:42:07.400+0000][1][gc,age       ] GC(42) - age   4:     300704 bytes,     681872 total
[2020-09-11T14:42:07.400+0000][1][gc,age       ] GC(42) - age   5:     922288 bytes,    1604160 total
[2020-09-11T14:42:07.400+0000][1][gc,age       ] GC(42) - age   6:     263232 bytes,    1867392 total
[2020-09-11T14:42:07.401+0000][1][gc,heap      ] GC(42) ParNew: 70672K->2879K(76672K)
[2020-09-11T14:42:07.401+0000][1][gc,heap      ] GC(42) CMS: 46688K->47011K(2011968K)
[2020-09-11T14:42:07.401+0000][1][gc,metaspace ] GC(42) Metaspace: 32462K->32462K(1079296K)
[2020-09-11T14:42:07.401+0000][1][gc           ] GC(42) Pause Young (Allocation Failure) 114M->48M(2039M) 24.301ms
[2020-09-11T14:42:07.401+0000][1][gc,cpu       ] GC(42) User=0.02s Sys=0.00s Real=0.02s
[2020-09-11T14:42:07.401+0000][1][safepoint    ] Safepoint "GenCollectForAllocation", Time since last: 120699451 ns, Reaching safepoint: 97351 ns, At safepoint: 24361020 ns, Total: 24458371 ns
[2020-09-11T14:42:07.521+0000][1][gc,start     ] GC(43) Pause Young (Allocation Failure)
[2020-09-11T14:42:07.521+0000][1][gc,task      ] GC(43) Using 1 workers of 1 for evacuation
[2020-09-11T14:42:07.543+0000][1][gc,age       ] GC(43) Desired survivor size 4358144 bytes, new threshold 6 (max threshold 6)
[2020-09-11T14:42:07.543+0000][1][gc,age       ] GC(43) Age table with threshold 6 (max threshold 6)
[2020-09-11T14:42:07.543+0000][1][gc,age       ] GC(43) - age   1:        216 bytes,        216 total
[2020-09-11T14:42:07.544+0000][1][gc,age       ] GC(43) - age   3:        160 bytes,        376 total
[2020-09-11T14:42:07.544+0000][1][gc,age       ] GC(43) - age   4:     380928 bytes,     381304 total
[2020-09-11T14:42:07.544+0000][1][gc,age       ] GC(43) - age   5:     300704 bytes,     682008 total
[2020-09-11T14:42:07.544+0000][1][gc,age       ] GC(43) - age   6:     922288 bytes,    1604296 total
[2020-09-11T14:42:07.544+0000][1][gc,heap      ] GC(43) ParNew: 71039K->2204K(76672K)
[2020-09-11T14:42:07.544+0000][1][gc,heap      ] GC(43) CMS: 47011K->47268K(2011968K)
[2020-09-11T14:42:07.544+0000][1][gc,metaspace ] GC(43) Metaspace: 32462K->32462K(1079296K)
[2020-09-11T14:42:07.544+0000][1][gc           ] GC(43) Pause Young (Allocation Failure) 115M->48M(2039M) 23.030ms
[2020-09-11T14:42:07.544+0000][1][gc,cpu       ] GC(43) User=0.02s Sys=0.00s Real=0.03s
[2020-09-11T14:42:07.544+0000][1][safepoint    ] Safepoint "GenCollectForAllocation", Time since last: 119856840 ns, Reaching safepoint: 96202 ns, At safepoint: 23084141 ns, Total: 23180343 ns
[2020-09-11T14:42:07.670+0000][1][gc,start     ] GC(44) Pause Young (Allocation Failure)
[2020-09-11T14:42:07.670+0000][1][gc,task      ] GC(44) Using 1 workers of 1 for evacuation
[2020-09-11T14:42:07.696+0000][1][gc,age       ] GC(44) Desired survivor size 4358144 bytes, new threshold 6 (max threshold 6)
[2020-09-11T14:42:07.696+0000][1][gc,age       ] GC(44) Age table with threshold 6 (max threshold 6)
[2020-09-11T14:42:07.696+0000][1][gc,age       ] GC(44) - age   1:         24 bytes,         24 total
[2020-09-11T14:42:07.696+0000][1][gc,age       ] GC(44) - age   4:        160 bytes,        184 total
[2020-09-11T14:42:07.696+0000][1][gc,age       ] GC(44) - age   5:     380928 bytes,     381112 total
[2020-09-11T14:42:07.696+0000][1][gc,age       ] GC(44) - age   6:     300704 bytes,     681816 total
[2020-09-11T14:42:07.696+0000][1][gc,heap      ] GC(44) ParNew: 70364K->936K(76672K)
[2020-09-11T14:42:07.696+0000][1][gc,heap      ] GC(44) CMS: 47268K->48168K(2011968K)
[2020-09-11T14:42:07.696+0000][1][gc,metaspace ] GC(44) Metaspace: 32462K->32462K(1079296K)
[2020-09-11T14:42:07.696+0000][1][gc           ] GC(44) Pause Young (Allocation Failure) 114M->47M(2039M) 26.101ms
[2020-09-11T14:42:07.696+0000][1][gc,cpu       ] GC(44) User=0.02s Sys=0.01s Real=0.03s
[2020-09-11T14:42:07.696+0000][1][safepoint    ] Safepoint "GenCollectForAllocation", Time since last: 126452730 ns, Reaching safepoint: 96432 ns, At safepoint: 26154641 ns, Total: 26251073 ns
[2020-09-11T14:42:07.820+0000][1][gc,start     ] GC(45) Pause Young (Allocation Failure)
[2020-09-11T14:42:07.820+0000][1][gc,task      ] GC(45) Using 1 workers of 1 for evacuation
[2020-09-11T14:42:07.841+0000][1][gc,age       ] GC(45) Desired survivor size 4358144 bytes, new threshold 6 (max threshold 6)
[2020-09-11T14:42:07.841+0000][1][gc,age       ] GC(45) Age table with threshold 6 (max threshold 6)
[2020-09-11T14:42:07.841+0000][1][gc,age       ] GC(45) - age   1:         64 bytes,         64 total
[2020-09-11T14:42:07.841+0000][1][gc,age       ] GC(45) - age   5:        160 bytes,        224 total
[2020-09-11T14:42:07.841+0000][1][gc,age       ] GC(45) - age   6:     380928 bytes,     381152 total
[2020-09-11T14:42:07.841+0000][1][gc,heap      ] GC(45) ParNew: 69096K->616K(76672K)
[2020-09-11T14:42:07.841+0000][1][gc,heap      ] GC(45) CMS: 48168K->48462K(2011968K)
[2020-09-11T14:42:07.841+0000][1][gc,metaspace ] GC(45) Metaspace: 32462K->32462K(1079296K)
[2020-09-11T14:42:07.841+0000][1][gc           ] GC(45) Pause Young (Allocation Failure) 114M->47M(2039M) 20.943ms
[2020-09-11T14:42:07.841+0000][1][gc,cpu       ] GC(45) User=0.02s Sys=0.00s Real=0.02s
[2020-09-11T14:42:07.846+0000][1][safepoint    ] Safepoint "GenCollectForAllocation", Time since last: 123987240 ns, Reaching safepoint: 95071 ns, At safepoint: 25400476 ns, Total: 25495547 ns
[2020-09-11T14:42:07.984+0000][1][gc,start     ] GC(46) Pause Young (Allocation Failure)
[2020-09-11T14:42:07.984+0000][1][gc,task      ] GC(46) Using 1 workers of 1 for evacuation
[2020-09-11T14:42:08.008+0000][1][gc,age       ] GC(46) Desired survivor size 4358144 bytes, new threshold 6 (max threshold 6)
[2020-09-11T14:42:08.008+0000][1][gc,age       ] GC(46) Age table with threshold 6 (max threshold 6)
[2020-09-11T14:42:08.008+0000][1][gc,age       ] GC(46) - age   1:        184 bytes,        184 total
[2020-09-11T14:42:08.008+0000][1][gc,age       ] GC(46) - age   6:        160 bytes,        344 total
[2020-09-11T14:42:08.008+0000][1][gc,heap      ] GC(46) ParNew: 68776K->433K(76672K)
[2020-09-11T14:42:08.008+0000][1][gc,heap      ] GC(46) CMS: 48462K->48834K(2011968K)
[2020-09-11T14:42:08.008+0000][1][gc,metaspace ] GC(46) Metaspace: 32462K->32462K(1079296K)
[2020-09-11T14:42:08.008+0000][1][gc           ] GC(46) Pause Young (Allocation Failure) 114M->48M(2039M) 23.473ms
[2020-09-11T14:42:08.008+0000][1][gc,cpu       ] GC(46) User=0.02s Sys=0.00s Real=0.02s
[2020-09-11T14:42:08.008+0000][1][safepoint    ] Safepoint "GenCollectForAllocation", Time since last: 138308432 ns, Reaching safepoint: 104426 ns, At safepoint: 23534013 ns, Total: 23638439 ns
[2020-09-11T14:42:08.120+0000][1][gc,start     ] GC(47) Pause Young (Allocation Failure)
[2020-09-11T14:42:08.120+0000][1][gc,task      ] GC(47) Using 1 workers of 1 for evacuation
[2020-09-11T14:42:08.139+0000][1][gc,age       ] GC(47) Desired survivor size 4358144 bytes, new threshold 6 (max threshold 6)
[2020-09-11T14:42:08.143+0000][1][gc,age       ] GC(47) Age table with threshold 6 (max threshold 6)
[2020-09-11T14:42:08.144+0000][1][gc,age       ] GC(47) - age   1:         24 bytes,         24 total
[2020-09-11T14:42:08.144+0000][1][gc,heap      ] GC(47) ParNew: 68593K->108K(76672K)
[2020-09-11T14:42:08.144+0000][1][gc,heap      ] GC(47) CMS: 48834K->48835K(2011968K)
[2020-09-11T14:42:08.144+0000][1][gc,metaspace ] GC(47) Metaspace: 32462K->32462K(1079296K)
[2020-09-11T14:42:08.144+0000][1][gc           ] GC(47) Pause Young (Allocation Failure) 114M->47M(2039M) 24.067ms
[2020-09-11T14:42:08.144+0000][1][gc,cpu       ] GC(47) User=0.02s Sys=0.00s Real=0.03s
[2020-09-11T14:42:08.144+0000][1][safepoint    ] Safepoint "GenCollectForAllocation", Time since last: 111651609 ns, Reaching safepoint: 98547 ns, At safepoint: 24128176 ns, Total: 24226723 ns
[2020-09-11T14:42:08.272+0000][1][gc,start     ] GC(48) Pause Young (Allocation Failure)
[2020-09-11T14:42:08.272+0000][1][gc,task      ] GC(48) Using 1 workers of 1 for evacuation
[2020-09-11T14:42:08.291+0000][1][gc,age       ] GC(48) Desired survivor size 4358144 bytes, new threshold 6 (max threshold 6)
[2020-09-11T14:42:08.291+0000][1][gc,age       ] GC(48) Age table with threshold 6 (max threshold 6)
[2020-09-11T14:42:08.291+0000][1][gc,age       ] GC(48) - age   1:         96 bytes,         96 total
[2020-09-11T14:42:08.291+0000][1][gc,heap      ] GC(48) ParNew: 68268K->27K(76672K)
[2020-09-11T14:42:08.291+0000][1][gc,heap      ] GC(48) CMS: 48835K->48835K(2011968K)
[2020-09-11T14:42:08.291+0000][1][gc,metaspace ] GC(48) Metaspace: 32462K->32462K(1079296K)
[2020-09-11T14:42:08.291+0000][1][gc           ] GC(48) Pause Young (Allocation Failure) 114M->47M(2039M) 18.522ms
[2020-09-11T14:42:08.291+0000][1][gc,cpu       ] GC(48) User=0.02s Sys=0.00s Real=0.02s
[2020-09-11T14:42:08.294+0000][1][safepoint    ] Safepoint "GenCollectForAllocation", Time since last: 128569856 ns, Reaching safepoint: 98892 ns, At safepoint: 21770083 ns, Total: 21868975 ns
[2020-09-11T14:42:08.408+0000][1][gc,start     ] GC(49) Pause Young (Allocation Failure)
[2020-09-11T14:42:08.408+0000][1][gc,task      ] GC(49) Using 1 workers of 1 for evacuation
[2020-09-11T14:42:08.427+0000][1][gc,age       ] GC(49) Desired survivor size 4358144 bytes, new threshold 6 (max threshold 6)
[2020-09-11T14:42:08.427+0000][1][gc,age       ] GC(49) Age table with threshold 6 (max threshold 6)
[2020-09-11T14:42:08.427+0000][1][gc,age       ] GC(49) - age   1:         48 bytes,         48 total
[2020-09-11T14:42:08.427+0000][1][gc,heap      ] GC(49) ParNew: 68187K->6K(76672K)
[2020-09-11T14:42:08.427+0000][1][gc,heap      ] GC(49) CMS: 48835K->48835K(2011968K)
[2020-09-11T14:42:08.427+0000][1][gc,metaspace ] GC(49) Metaspace: 32462K->32462K(1079296K)
[2020-09-11T14:42:08.427+0000][1][gc           ] GC(49) Pause Young (Allocation Failure) 114M->47M(2039M) 19.315ms
[2020-09-11T14:42:08.427+0000][1][gc,cpu       ] GC(49) User=0.02s Sys=0.00s Real=0.02s
[2020-09-11T14:42:08.431+0000][1][safepoint    ] Safepoint "GenCollectForAllocation", Time since last: 113331118 ns, Reaching safepoint: 100158 ns, At safepoint: 23919709 ns, Total: 24019867 ns
[2020-09-11T14:42:09.264+0000][1][gc,start     ] GC(50) Pause Young (Allocation Failure)
[2020-09-11T14:42:09.264+0000][1][gc,task      ] GC(50) Using 1 workers of 1 for evacuation
[2020-09-11T14:42:09.281+0000][1][gc,age       ] GC(50) Desired survivor size 4358144 bytes, new threshold 6 (max threshold 6)
[2020-09-11T14:42:09.281+0000][1][gc,age       ] GC(50) Age table with threshold 6 (max threshold 6)
[2020-09-11T14:42:09.281+0000][1][gc,age       ] GC(50) - age   1:     133840 bytes,     133840 total
[2020-09-11T14:42:09.281+0000][1][gc,heap      ] GC(50) ParNew: 68166K->131K(76672K)
[2020-09-11T14:42:09.282+0000][1][gc,heap      ] GC(50) CMS: 48835K->48835K(2011968K)
[2020-09-11T14:42:09.282+0000][1][gc,metaspace ] GC(50) Metaspace: 32464K->32464K(1079296K)
[2020-09-11T14:42:09.282+0000][1][gc           ] GC(50) Pause Young (Allocation Failure) 114M->47M(2039M) 17.123ms
[2020-09-11T14:42:09.282+0000][1][gc,cpu       ] GC(50) User=0.01s Sys=0.00s Real=0.01s
[2020-09-11T14:42:09.285+0000][1][safepoint    ] Safepoint "GenCollectForAllocation", Time since last: 832828689 ns, Reaching safepoint: 138563 ns, At safepoint: 20557286 ns, Total: 20695849 ns
[2020-09-11T14:42:09.393+0000][1][gc,start     ] GC(51) Pause Young (Allocation Failure)
[2020-09-11T14:42:09.393+0000][1][gc,task      ] GC(51) Using 1 workers of 1 for evacuation
[2020-09-11T14:42:09.405+0000][1][gc,age       ] GC(51) Desired survivor size 4358144 bytes, new threshold 6 (max threshold 6)
[2020-09-11T14:42:09.405+0000][1][gc,age       ] GC(51) Age table with threshold 6 (max threshold 6)
[2020-09-11T14:42:09.405+0000][1][gc,age       ] GC(51) - age   1:     511336 bytes,     511336 total
[2020-09-11T14:42:09.405+0000][1][gc,age       ] GC(51) - age   2:      83664 bytes,     595000 total
[2020-09-11T14:42:09.405+0000][1][gc,heap      ] GC(51) ParNew: 68291K->581K(76672K)
[2020-09-11T14:42:09.405+0000][1][gc,heap      ] GC(51) CMS: 48835K->48835K(2011968K)
[2020-09-11T14:42:09.405+0000][1][gc,metaspace ] GC(51) Metaspace: 32464K->32464K(1079296K)
[2020-09-11T14:42:09.405+0000][1][gc           ] GC(51) Pause Young (Allocation Failure) 114M->48M(2039M) 12.216ms
[2020-09-11T14:42:09.405+0000][1][gc,cpu       ] GC(51) User=0.01s Sys=0.00s Real=0.02s
[2020-09-11T14:42:09.405+0000][1][safepoint    ] Safepoint "GenCollectForAllocation", Time since last: 107521353 ns, Reaching safepoint: 149703 ns, At safepoint: 12273770 ns, Total: 12423473 ns
[2020-09-11T14:42:09.517+0000][1][gc,start     ] GC(52) Pause Young (Allocation Failure)
[2020-09-11T14:42:09.517+0000][1][gc,task      ] GC(52) Using 1 workers of 1 for evacuation
[2020-09-11T14:42:09.530+0000][1][gc,age       ] GC(52) Desired survivor size 4358144 bytes, new threshold 6 (max threshold 6)
[2020-09-11T14:42:09.530+0000][1][gc,age       ] GC(52) Age table with threshold 6 (max threshold 6)
[2020-09-11T14:42:09.530+0000][1][gc,age       ] GC(52) - age   1:     676880 bytes,     676880 total
[2020-09-11T14:42:09.530+0000][1][gc,age       ] GC(52) - age   2:     340304 bytes,    1017184 total
[2020-09-11T14:42:09.530+0000][1][gc,age       ] GC(52) - age   3:      82888 bytes,    1100072 total
[2020-09-11T14:42:09.530+0000][1][gc,heap      ] GC(52) ParNew: 68741K->1078K(76672K)
[2020-09-11T14:42:09.530+0000][1][gc,heap      ] GC(52) CMS: 48835K->48835K(2011968K)
[2020-09-11T14:42:09.530+0000][1][gc,metaspace ] GC(52) Metaspace: 32464K->32464K(1079296K)
[2020-09-11T14:42:09.530+0000][1][gc           ] GC(52) Pause Young (Allocation Failure) 114M->48M(2039M) 12.521ms
[2020-09-11T14:42:09.530+0000][1][gc,cpu       ] GC(52) User=0.01s Sys=0.00s Real=0.01s
[2020-09-11T14:42:09.530+0000][1][safepoint    ] Safepoint "GenCollectForAllocation", Time since last: 112299900 ns, Reaching safepoint: 142723 ns, At safepoint: 12593144 ns, Total: 12735867 ns
[2020-09-11T14:42:09.633+0000][1][gc,start     ] GC(53) Pause Young (Allocation Failure)
[2020-09-11T14:42:09.633+0000][1][gc,task      ] GC(53) Using 1 workers of 1 for evacuation
[2020-09-11T14:42:09.645+0000][1][gc,age       ] GC(53) Desired survivor size 4358144 bytes, new threshold 6 (max threshold 6)
[2020-09-11T14:42:09.645+0000][1][gc,age       ] GC(53) Age table with threshold 6 (max threshold 6)
[2020-09-11T14:42:09.645+0000][1][gc,age       ] GC(53) - age   1:     314640 bytes,     314640 total
[2020-09-11T14:42:09.645+0000][1][gc,age       ] GC(53) - age   2:     661000 bytes,     975640 total
[2020-09-11T14:42:09.645+0000][1][gc,age       ] GC(53) - age   3:     339816 bytes,    1315456 total
[2020-09-11T14:42:09.645+0000][1][gc,age       ] GC(53) - age   4:      82224 bytes,    1397680 total
[2020-09-11T14:42:09.645+0000][1][gc,heap      ] GC(53) ParNew: 69238K->1411K(76672K)
[2020-09-11T14:42:09.645+0000][1][gc,heap      ] GC(53) CMS: 48835K->48835K(2011968K)
[2020-09-11T14:42:09.645+0000][1][gc,metaspace ] GC(53) Metaspace: 32464K->32464K(1079296K)
[2020-09-11T14:42:09.645+0000][1][gc           ] GC(53) Pause Young (Allocation Failure) 115M->49M(2039M) 11.901ms
[2020-09-11T14:42:09.645+0000][1][gc,cpu       ] GC(53) User=0.01s Sys=0.00s Real=0.02s
[2020-09-11T14:42:09.645+0000][1][safepoint    ] Safepoint "GenCollectForAllocation", Time since last: 102904878 ns, Reaching safepoint: 149729 ns, At safepoint: 11975906 ns, Total: 12125635 ns
[2020-09-11T14:42:09.785+0000][1][gc,start     ] GC(54) Pause Young (Allocation Failure)
[2020-09-11T14:42:09.785+0000][1][gc,task      ] GC(54) Using 1 workers of 1 for evacuation
[2020-09-11T14:42:09.797+0000][1][gc,age       ] GC(54) Desired survivor size 4358144 bytes, new threshold 6 (max threshold 6)
[2020-09-11T14:42:09.797+0000][1][gc,age       ] GC(54) Age table with threshold 6 (max threshold 6)
[2020-09-11T14:42:09.797+0000][1][gc,age       ] GC(54) - age   1:     929936 bytes,     929936 total
[2020-09-11T14:42:09.797+0000][1][gc,age       ] GC(54) - age   2:     302384 bytes,    1232320 total
[2020-09-11T14:42:09.797+0000][1][gc,age       ] GC(54) - age   3:     332336 bytes,    1564656 total
[2020-09-11T14:42:09.797+0000][1][gc,age       ] GC(54) - age   4:     339816 bytes,    1904472 total
[2020-09-11T14:42:09.797+0000][1][gc,age       ] GC(54) - age   5:      82088 bytes,    1986560 total
[2020-09-11T14:42:09.797+0000][1][gc,heap      ] GC(54) ParNew: 69571K->1999K(76672K)
[2020-09-11T14:42:09.797+0000][1][gc,heap      ] GC(54) CMS: 48835K->48835K(2011968K)
[2020-09-11T14:42:09.797+0000][1][gc,metaspace ] GC(54) Metaspace: 32464K->32464K(1079296K)
[2020-09-11T14:42:09.798+0000][1][gc           ] GC(54) Pause Young (Allocation Failure) 115M->49M(2039M) 12.264ms
[2020-09-11T14:42:09.798+0000][1][gc,cpu       ] GC(54) User=0.01s Sys=0.00s Real=0.01s
[2020-09-11T14:42:09.798+0000][1][safepoint    ] Safepoint "GenCollectForAllocation", Time since last: 140114833 ns, Reaching safepoint: 153621 ns, At safepoint: 12318417 ns, Total: 12472038 ns
[2020-09-11T14:42:10.008+0000][1][gc,start     ] GC(55) Pause Young (Allocation Failure)
[2020-09-11T14:42:10.008+0000][1][gc,task      ] GC(55) Using 1 workers of 1 for evacuation
[2020-09-11T14:42:10.021+0000][1][gc,age       ] GC(55) Desired survivor size 4358144 bytes, new threshold 6 (max threshold 6)
[2020-09-11T14:42:10.021+0000][1][gc,age       ] GC(55) Age table with threshold 6 (max threshold 6)
[2020-09-11T14:42:10.021+0000][1][gc,age       ] GC(55) - age   1:     346816 bytes,     346816 total
[2020-09-11T14:42:10.021+0000][1][gc,age       ] GC(55) - age   2:     919256 bytes,    1266072 total
[2020-09-11T14:42:10.021+0000][1][gc,age       ] GC(55) - age   3:     298416 bytes,    1564488 total
[2020-09-11T14:42:10.021+0000][1][gc,age       ] GC(55) - age   4:     331856 bytes,    1896344 total
[2020-09-11T14:42:10.021+0000][1][gc,age       ] GC(55) - age   5:     339688 bytes,    2236032 total
[2020-09-11T14:42:10.021+0000][1][gc,age       ] GC(55) - age   6:      82040 bytes,    2318072 total
[2020-09-11T14:42:10.021+0000][1][gc,heap      ] GC(55) ParNew: 70159K->2389K(76672K)
[2020-09-11T14:42:10.021+0000][1][gc,heap      ] GC(55) CMS: 48835K->48835K(2011968K)
[2020-09-11T14:42:10.021+0000][1][gc,metaspace ] GC(55) Metaspace: 32464K->32464K(1079296K)
[2020-09-11T14:42:10.021+0000][1][gc           ] GC(55) Pause Young (Allocation Failure) 116M->50M(2039M) 13.312ms
[2020-09-11T14:42:10.021+0000][1][gc,cpu       ] GC(55) User=0.01s Sys=0.00s Real=0.01s
[2020-09-11T14:42:10.021+0000][1][safepoint    ] Safepoint "GenCollectForAllocation", Time since last: 209868048 ns, Reaching safepoint: 114770 ns, At safepoint: 13872155 ns, Total: 13986925 ns
[2020-09-11T14:42:10.392+0000][1][safepoint    ] Safepoint "Deoptimize", Time since last: 369732262 ns, Reaching safepoint: 126763 ns, At safepoint: 343028 ns, Total: 469791 ns
[2020-09-11T14:42:10.524+0000][1][safepoint    ] Safepoint "CollectForMetadataAllocation", Time since last: 131842823 ns, Reaching safepoint: 156099 ns, At safepoint: 134122 ns, Total: 290221 ns
[2020-09-11T14:42:10.566+0000][1][safepoint    ] Safepoint "CollectForMetadataAllocation", Time since last: 41752810 ns, Reaching safepoint: 98206 ns, At safepoint: 122564 ns, Total: 220770 ns
[2020-09-11T14:42:10.584+0000][1][safepoint    ] Safepoint "CollectForMetadataAllocation", Time since last: 17727859 ns, Reaching safepoint: 95776 ns, At safepoint: 128872 ns, Total: 224648 ns
[2020-09-11T14:42:10.612+0000][1][safepoint    ] Safepoint "CollectForMetadataAllocation", Time since last: 28212953 ns, Reaching safepoint: 97450 ns, At safepoint: 114327 ns, Total: 211777 ns
[2020-09-11T14:42:10.657+0000][1][safepoint    ] Safepoint "CollectForMetadataAllocation", Time since last: 44761849 ns, Reaching safepoint: 94320 ns, At safepoint: 124452 ns, Total: 218772 ns
[2020-09-11T14:42:10.688+0000][1][safepoint    ] Safepoint "CollectForMetadataAllocation", Time since last: 31025561 ns, Reaching safepoint: 96661 ns, At safepoint: 121697 ns, Total: 218358 ns
[2020-09-11T14:42:10.691+0000][1][gc,start     ] GC(56) Pause Young (Allocation Failure)
[2020-09-11T14:42:10.691+0000][1][gc,task      ] GC(56) Using 1 workers of 1 for evacuation
[2020-09-11T14:42:10.721+0000][1][gc,age       ] GC(56) Desired survivor size 4358144 bytes, new threshold 6 (max threshold 6)
[2020-09-11T14:42:10.721+0000][1][gc,age       ] GC(56) Age table with threshold 6 (max threshold 6)
[2020-09-11T14:42:10.721+0000][1][gc,age       ] GC(56) - age   1:    1326824 bytes,    1326824 total
[2020-09-11T14:42:10.721+0000][1][gc,age       ] GC(56) - age   2:     334328 bytes,    1661152 total
[2020-09-11T14:42:10.721+0000][1][gc,age       ] GC(56) - age   3:     918584 bytes,    2579736 total
[2020-09-11T14:42:10.721+0000][1][gc,age       ] GC(56) - age   4:     297792 bytes,    2877528 total
[2020-09-11T14:42:10.721+0000][1][gc,age       ] GC(56) - age   5:     331448 bytes,    3208976 total
[2020-09-11T14:42:10.721+0000][1][gc,age       ] GC(56) - age   6:     339688 bytes,    3548664 total
[2020-09-11T14:42:10.721+0000][1][gc,heap      ] GC(56) ParNew: 70549K->3547K(76672K)
[2020-09-11T14:42:10.721+0000][1][gc,heap      ] GC(56) CMS: 48835K->48912K(2011968K)
[2020-09-11T14:42:10.721+0000][1][gc,metaspace ] GC(56) Metaspace: 36097K->36097K(1083392K)
[2020-09-11T14:42:10.721+0000][1][gc           ] GC(56) Pause Young (Allocation Failure) 116M->51M(2039M) 30.254ms
[2020-09-11T14:42:10.721+0000][1][gc,cpu       ] GC(56) User=0.03s Sys=0.00s Real=0.03s
[2020-09-11T14:42:10.726+0000][1][safepoint    ] Safepoint "GenCollectForAllocation", Time since last: 2657158 ns, Reaching safepoint: 93587 ns, At safepoint: 35085298 ns, Total: 35178885 ns
[2020-09-11T14:42:10.730+0000][1][gc,start     ] GC(57) Pause Initial Mark
[2020-09-11T14:42:10.732+0000][1][gc           ] GC(57) Pause Initial Mark 52M->52M(2039M) 1.631ms
[2020-09-11T14:42:10.732+0000][1][gc,cpu       ] GC(57) User=0.00s Sys=0.00s Real=0.00s
[2020-09-11T14:42:10.735+0000][1][safepoint    ] Safepoint "CMS_Initial_Mark", Time since last: 3799334 ns, Reaching safepoint: 91140 ns, At safepoint: 5367820 ns, Total: 5458960 ns
[2020-09-11T14:42:10.735+0000][1][gc           ] GC(57) Concurrent Mark
[2020-09-11T14:42:10.886+0000][1][gc           ] GC(57) Concurrent Mark 150.564ms
[2020-09-11T14:42:10.886+0000][1][gc,cpu       ] GC(57) User=0.14s Sys=0.01s Real=0.15s
[2020-09-11T14:42:10.886+0000][1][gc           ] GC(57) Concurrent Preclean
[2020-09-11T14:42:10.901+0000][1][gc           ] GC(57) Concurrent Preclean 14.464ms
[2020-09-11T14:42:10.905+0000][1][gc,cpu       ] GC(57) User=0.01s Sys=0.00s Real=0.01s
[2020-09-11T14:42:10.905+0000][1][gc           ] GC(57) Concurrent Abortable Preclean
[2020-09-11T14:42:10.972+0000][1][gc,start     ] GC(58) Pause Young (Allocation Failure)
[2020-09-11T14:42:10.972+0000][1][gc,task      ] GC(58) Using 1 workers of 1 for evacuation
[2020-09-11T14:42:10.988+0000][1][gc,age       ] GC(58) Desired survivor size 4358144 bytes, new threshold 6 (max threshold 6)
[2020-09-11T14:42:10.988+0000][1][gc,age       ] GC(58) Age table with threshold 6 (max threshold 6)
[2020-09-11T14:42:10.988+0000][1][gc,age       ] GC(58) - age   1:     249864 bytes,     249864 total
[2020-09-11T14:42:10.988+0000][1][gc,age       ] GC(58) - age   2:    1266512 bytes,    1516376 total
[2020-09-11T14:42:10.988+0000][1][gc,age       ] GC(58) - age   3:     334328 bytes,    1850704 total
[2020-09-11T14:42:10.988+0000][1][gc,age       ] GC(58) - age   4:     918584 bytes,    2769288 total
[2020-09-11T14:42:10.988+0000][1][gc,age       ] GC(58) - age   5:     297792 bytes,    3067080 total
[2020-09-11T14:42:10.988+0000][1][gc,age       ] GC(58) - age   6:     331448 bytes,    3398528 total
[2020-09-11T14:42:10.988+0000][1][gc,heap      ] GC(58) ParNew: 71707K->3463K(76672K)
[2020-09-11T14:42:10.988+0000][1][gc,heap      ] GC(58) CMS: 48912K->49244K(2011968K)
[2020-09-11T14:42:10.988+0000][1][gc,metaspace ] GC(58) Metaspace: 36238K->36238K(1083392K)
[2020-09-11T14:42:10.988+0000][1][gc           ] GC(58) Pause Young (Allocation Failure) 117M->51M(2039M) 16.020ms
[2020-09-11T14:42:10.988+0000][1][gc,cpu       ] GC(58) User=0.02s Sys=0.00s Real=0.02s
[2020-09-11T14:42:10.995+0000][1][safepoint    ] Safepoint "GenCollectForAllocation", Time since last: 236105983 ns, Reaching safepoint: 159259 ns, At safepoint: 23724329 ns, Total: 23883588 ns
[2020-09-11T14:42:11.081+0000][1][safepoint    ] Safepoint "CollectForMetadataAllocation", Time since last: 85402738 ns, Reaching safepoint: 83687 ns, At safepoint: 113608 ns, Total: 197295 ns
[2020-09-11T14:42:11.096+0000][1][safepoint    ] Safepoint "RevokeBias", Time since last: 15398842 ns, Reaching safepoint: 43828 ns, At safepoint: 19237 ns, Total: 63065 ns
[2020-09-11T14:42:11.396+0000][1][safepoint    ] Safepoint "CollectForMetadataAllocation", Time since last: 298948073 ns, Reaching safepoint: 75789 ns, At safepoint: 123685 ns, Total: 199474 ns
[2020-09-11T14:42:11.400+0000][1][gc           ] GC(57) Concurrent Abortable Preclean 495.626ms
[2020-09-11T14:42:11.400+0000][1][gc,cpu       ] GC(57) User=0.46s Sys=0.01s Real=0.49s
[2020-09-11T14:42:11.402+0000][1][gc,start     ] GC(57) Pause Remark
[2020-09-11T14:42:11.424+0000][1][gc           ] GC(57) Pause Remark 90M->90M(2039M) 22.440ms
[2020-09-11T14:42:11.424+0000][1][gc,cpu       ] GC(57) User=0.03s Sys=0.00s Real=0.03s
[2020-09-11T14:42:11.431+0000][1][safepoint    ] Safepoint "CMS_Final_Remark", Time since last: 5932141 ns, Reaching safepoint: 101220 ns, At safepoint: 29795965 ns, Total: 29897185 ns
[2020-09-11T14:42:11.432+0000][1][gc           ] GC(57) Concurrent Sweep
[2020-09-11T14:42:11.464+0000][1][gc           ] GC(57) Concurrent Sweep 32.629ms
[2020-09-11T14:42:11.464+0000][1][gc,cpu       ] GC(57) User=0.04s Sys=0.00s Real=0.04s
[2020-09-11T14:42:11.464+0000][1][gc           ] GC(57) Concurrent Reset
[2020-09-11T14:42:11.478+0000][1][gc           ] GC(57) Concurrent Reset 14.029ms
[2020-09-11T14:42:11.478+0000][1][gc,cpu       ] GC(57) User=0.01s Sys=0.00s Real=0.01s
[2020-09-11T14:42:11.478+0000][1][gc,heap      ] GC(57) Old: 48912K->48161K(2011968K)
[2020-09-11T14:42:11.484+0000][1][safepoint    ] Safepoint "RevokeBias", Time since last: 51999496 ns, Reaching safepoint: 381240 ns, At safepoint: 41821 ns, Total: 423061 ns
[2020-09-11T14:42:12.133+0000][1][gc,start     ] GC(59) Pause Young (Allocation Failure)
[2020-09-11T14:42:12.133+0000][1][gc,task      ] GC(59) Using 1 workers of 1 for evacuation
[2020-09-11T14:42:12.157+0000][1][gc,age       ] GC(59) Desired survivor size 4358144 bytes, new threshold 4 (max threshold 6)
[2020-09-11T14:42:12.157+0000][1][gc,age       ] GC(59) Age table with threshold 4 (max threshold 6)
[2020-09-11T14:42:12.157+0000][1][gc,age       ] GC(59) - age   1:    2617480 bytes,    2617480 total
[2020-09-11T14:42:12.157+0000][1][gc,age       ] GC(59) - age   2:     205744 bytes,    2823224 total
[2020-09-11T14:42:12.157+0000][1][gc,age       ] GC(59) - age   3:    1262248 bytes,    4085472 total
[2020-09-11T14:42:12.157+0000][1][gc,age       ] GC(59) - age   4:     334328 bytes,    4419800 total
[2020-09-11T14:42:12.157+0000][1][gc,age       ] GC(59) - age   5:     918584 bytes,    5338384 total
[2020-09-11T14:42:12.157+0000][1][gc,age       ] GC(59) - age   6:     297792 bytes,    5636176 total
[2020-09-11T14:42:12.157+0000][1][gc,heap      ] GC(59) ParNew: 71623K->6653K(76672K)
[2020-09-11T14:42:12.157+0000][1][gc,heap      ] GC(59) CMS: 48161K->48484K(2011968K)
[2020-09-11T14:42:12.157+0000][1][gc,metaspace ] GC(59) Metaspace: 41762K->41762K(1087488K)
[2020-09-11T14:42:12.157+0000][1][gc           ] GC(59) Pause Young (Allocation Failure) 116M->53M(2039M) 23.332ms
[2020-09-11T14:42:12.157+0000][1][gc,cpu       ] GC(59) User=0.02s Sys=0.00s Real=0.03s
[2020-09-11T14:42:12.163+0000][1][safepoint    ] Safepoint "GenCollectForAllocation", Time since last: 649425699 ns, Reaching safepoint: 129330 ns, At safepoint: 29990487 ns, Total: 30119817 ns
[2020-09-11T14:42:12.704+0000][1][safepoint    ] Safepoint "RevokeBias", Time since last: 540139617 ns, Reaching safepoint: 155821 ns, At safepoint: 69860 ns, Total: 225681 ns
[2020-09-11T14:42:12.708+0000][1][safepoint    ] Safepoint "RevokeBias", Time since last: 3743905 ns, Reaching safepoint: 90722 ns, At safepoint: 29915 ns, Total: 120637 ns
[2020-09-11T14:42:13.708+0000][1][safepoint    ] Safepoint "Cleanup", Time since last: 1000094802 ns, Reaching safepoint: 122859 ns, At safepoint: 7230 ns, Total: 130089 ns
[2020-09-11T14:42:15.412+0000][1][gc,start     ] GC(60) Pause Young (Allocation Failure)
[2020-09-11T14:42:15.412+0000][1][gc,task      ] GC(60) Using 1 workers of 1 for evacuation
[2020-09-11T14:42:15.440+0000][1][gc,age       ] GC(60) Desired survivor size 4358144 bytes, new threshold 2 (max threshold 6)
[2020-09-11T14:42:15.440+0000][1][gc,age       ] GC(60) Age table with threshold 2 (max threshold 6)
[2020-09-11T14:42:15.440+0000][1][gc,age       ] GC(60) - age   1:    2741184 bytes,    2741184 total
[2020-09-11T14:42:15.440+0000][1][gc,age       ] GC(60) - age   2:    2550184 bytes,    5291368 total
[2020-09-11T14:42:15.440+0000][1][gc,age       ] GC(60) - age   3:     205648 bytes,    5497016 total
[2020-09-11T14:42:15.440+0000][1][gc,age       ] GC(60) - age   4:    1260592 bytes,    6757608 total
[2020-09-11T14:42:15.440+0000][1][gc,heap      ] GC(60) ParNew: 74813K->8512K(76672K)
[2020-09-11T14:42:15.440+0000][1][gc,heap      ] GC(60) CMS: 48484K->49999K(2011968K)
[2020-09-11T14:42:15.440+0000][1][gc,metaspace ] GC(60) Metaspace: 47523K->47523K(1093632K)
[2020-09-11T14:42:15.440+0000][1][gc           ] GC(60) Pause Young (Allocation Failure) 120M->57M(2039M) 28.851ms
[2020-09-11T14:42:15.440+0000][1][gc,cpu       ] GC(60) User=0.03s Sys=0.00s Real=0.03s
[2020-09-11T14:42:15.447+0000][1][safepoint    ] Safepoint "GenCollectForAllocation", Time since last: 1703556124 ns, Reaching safepoint: 170390 ns, At safepoint: 35844088 ns, Total: 36014478 ns
[2020-09-11T14:42:15.552+0000][1][safepoint    ] Safepoint "RevokeBias", Time since last: 104832083 ns, Reaching safepoint: 107695 ns, At safepoint: 28334 ns, Total: 136029 ns
[2020-09-11T14:42:15.558+0000][1][safepoint    ] Safepoint "RevokeBias", Time since last: 5826012 ns, Reaching safepoint: 96132 ns, At safepoint: 30466 ns, Total: 126598 ns
[2020-09-11T14:42:15.588+0000][1][safepoint    ] Safepoint "RevokeBias", Time since last: 29056709 ns, Reaching safepoint: 99610 ns, At safepoint: 46064 ns, Total: 145674 ns
[2020-09-11T14:42:15.830+0000][1][safepoint    ] Safepoint "RevokeBias", Time since last: 241630595 ns, Reaching safepoint: 349688 ns, At safepoint: 26867 ns, Total: 376555 ns
[2020-09-11T14:42:15.832+0000][1][safepoint    ] Safepoint "RevokeBias", Time since last: 1992043 ns, Reaching safepoint: 92994 ns, At safepoint: 26838 ns, Total: 119832 ns
[2020-09-11T14:42:15.832+0000][1][safepoint    ] Safepoint "BulkRevokeBias", Time since last: 151902 ns, Reaching safepoint: 84031 ns, At safepoint: 59638 ns, Total: 143669 ns
[2020-09-11T14:42:15.832+0000][1][safepoint    ] Safepoint "RevokeBias", Time since last: 38906 ns, Reaching safepoint: 81207 ns, At safepoint: 20609 ns, Total: 101816 ns
[2020-09-11T14:42:15.907+0000][1][safepoint    ] Safepoint "RevokeBias", Time since last: 74491230 ns, Reaching safepoint: 825008 ns, At safepoint: 30140 ns, Total: 855148 ns
[2020-09-11T14:42:15.908+0000][1][safepoint    ] Safepoint "RevokeBias", Time since last: 709477 ns, Reaching safepoint: 87931 ns, At safepoint: 24891 ns, Total: 112822 ns
[2020-09-11T14:42:15.909+0000][1][safepoint    ] Safepoint "RevokeBias", Time since last: 109714 ns, Reaching safepoint: 1063364 ns, At safepoint: 32039 ns, Total: 1095403 ns
[2020-09-11T14:42:15.910+0000][1][safepoint    ] Safepoint "RevokeBias", Time since last: 747908 ns, Reaching safepoint: 85183 ns, At safepoint: 24696 ns, Total: 109879 ns
[2020-09-11T14:42:15.912+0000][1][safepoint    ] Safepoint "RevokeBias", Time since last: 1199389 ns, Reaching safepoint: 109272 ns, At safepoint: 29455 ns, Total: 138727 ns
[2020-09-11T14:42:15.912+0000][1][safepoint    ] Safepoint "RevokeBias", Time since last: 46491 ns, Reaching safepoint: 80792 ns, At safepoint: 19748 ns, Total: 100540 ns
[2020-09-11T14:42:15.912+0000][1][safepoint    ] Safepoint "RevokeBias", Time since last: 30674 ns, Reaching safepoint: 79853 ns, At safepoint: 18269 ns, Total: 98122 ns
[2020-09-11T14:42:15.912+0000][1][safepoint    ] Safepoint "RevokeBias", Time since last: 29190 ns, Reaching safepoint: 79738 ns, At safepoint: 18158 ns, Total: 97896 ns
[2020-09-11T14:42:15.912+0000][1][safepoint    ] Safepoint "RevokeBias", Time since last: 28571 ns, Reaching safepoint: 81798 ns, At safepoint: 25221 ns, Total: 107019 ns
[2020-09-11T14:42:15.912+0000][1][safepoint    ] Safepoint "RevokeBias", Time since last: 28313 ns, Reaching safepoint: 80484 ns, At safepoint: 23393 ns, Total: 103877 ns
[2020-09-11T14:42:15.912+0000][1][safepoint    ] Safepoint "RevokeBias", Time since last: 31165 ns, Reaching safepoint: 79745 ns, At safepoint: 18964 ns, Total: 98709 ns
[2020-09-11T14:42:15.913+0000][1][safepoint    ] Safepoint "RevokeBias", Time since last: 28162 ns, Reaching safepoint: 79135 ns, At safepoint: 18831 ns, Total: 97966 ns
[2020-09-11T14:42:15.913+0000][1][safepoint    ] Safepoint "RevokeBias", Time since last: 27351 ns, Reaching safepoint: 79621 ns, At safepoint: 18782 ns, Total: 98403 ns
[2020-09-11T14:42:15.913+0000][1][safepoint    ] Safepoint "RevokeBias", Time since last: 27727 ns, Reaching safepoint: 79920 ns, At safepoint: 19400 ns, Total: 99320 ns
[2020-09-11T14:42:15.913+0000][1][safepoint    ] Safepoint "RevokeBias", Time since last: 27893 ns, Reaching safepoint: 80363 ns, At safepoint: 24408 ns, Total: 104771 ns
[2020-09-11T14:42:15.913+0000][1][safepoint    ] Safepoint "RevokeBias", Time since last: 26124 ns, Reaching safepoint: 79276 ns, At safepoint: 18943 ns, Total: 98219 ns
[2020-09-11T14:42:15.913+0000][1][safepoint    ] Safepoint "RevokeBias", Time since last: 63971 ns, Reaching safepoint: 62644 ns, At safepoint: 23847 ns, Total: 86491 ns
[2020-09-11T14:42:15.913+0000][1][safepoint    ] Safepoint "RevokeBias", Time since last: 38189 ns, Reaching safepoint: 82436 ns, At safepoint: 22513 ns, Total: 104949 ns
[2020-09-11T14:42:15.914+0000][1][safepoint    ] Safepoint "RevokeBias", Time since last: 496924 ns, Reaching safepoint: 82012 ns, At safepoint: 21836 ns, Total: 103848 ns
[2020-09-11T14:42:15.914+0000][1][safepoint    ] Safepoint "RevokeBias", Time since last: 61982 ns, Reaching safepoint: 79622 ns, At safepoint: 18442 ns, Total: 98064 ns
[2020-09-11T14:42:15.914+0000][1][safepoint    ] Safepoint "RevokeBias", Time since last: 121294 ns, Reaching safepoint: 80294 ns, At safepoint: 19047 ns, Total: 99341 ns
[2020-09-11T14:42:15.915+0000][1][safepoint    ] Safepoint "RevokeBias", Time since last: 30851 ns, Reaching safepoint: 78649 ns, At safepoint: 17794 ns, Total: 96443 ns
[2020-09-11T14:42:15.915+0000][1][safepoint    ] Safepoint "RevokeBias", Time since last: 38535 ns, Reaching safepoint: 81191 ns, At safepoint: 22793 ns, Total: 103984 ns
[2020-09-11T14:42:15.915+0000][1][safepoint    ] Safepoint "RevokeBias", Time since last: 29425 ns, Reaching safepoint: 79752 ns, At safepoint: 18871 ns, Total: 98623 ns
[2020-09-11T14:42:15.915+0000][1][safepoint    ] Safepoint "RevokeBias", Time since last: 29212 ns, Reaching safepoint: 80405 ns, At safepoint: 19267 ns, Total: 99672 ns
[2020-09-11T14:42:15.915+0000][1][safepoint    ] Safepoint "RevokeBias", Time since last: 29200 ns, Reaching safepoint: 80164 ns, At safepoint: 18864 ns, Total: 99028 ns
[2020-09-11T14:42:15.915+0000][1][safepoint    ] Safepoint "RevokeBias", Time since last: 41200 ns, Reaching safepoint: 82195 ns, At safepoint: 25686 ns, Total: 107881 ns
[2020-09-11T14:42:15.915+0000][1][safepoint    ] Safepoint "BulkRevokeBias", Time since last: 27314 ns, Reaching safepoint: 81414 ns, At safepoint: 91076 ns, Total: 172490 ns
[2020-09-11T14:42:15.916+0000][1][safepoint    ] Safepoint "RevokeBias", Time since last: 47918 ns, Reaching safepoint: 82892 ns, At safepoint: 24183 ns, Total: 107075 ns
[2020-09-11T14:42:15.916+0000][1][safepoint    ] Safepoint "RevokeBias", Time since last: 34476 ns, Reaching safepoint: 82801 ns, At safepoint: 20415 ns, Total: 103216 ns
[2020-09-11T14:42:15.924+0000][1][safepoint    ] Safepoint "RevokeBias", Time since last: 7710491 ns, Reaching safepoint: 103071 ns, At safepoint: 59509 ns, Total: 162580 ns
[2020-09-11T14:42:15.924+0000][1][safepoint    ] Safepoint "RevokeBias", Time since last: 68544 ns, Reaching safepoint: 12341 ns, At safepoint: 11278 ns, Total: 23619 ns
[2020-09-11T14:42:15.924+0000][1][safepoint    ] Safepoint "RevokeBias", Time since last: 26471 ns, Reaching safepoint: 10789 ns, At safepoint: 10409 ns, Total: 21198 ns
[2020-09-11T14:42:15.929+0000][1][safepoint    ] Safepoint "RevokeBias", Time since last: 5038270 ns, Reaching safepoint: 98192 ns, At safepoint: 29991 ns, Total: 128183 ns
[2020-09-11T14:42:15.929+0000][1][safepoint    ] Safepoint "RevokeBias", Time since last: 51873 ns, Reaching safepoint: 80852 ns, At safepoint: 19712 ns, Total: 100564 ns
[2020-09-11T14:42:15.929+0000][1][safepoint    ] Safepoint "RevokeBias", Time since last: 27996 ns, Reaching safepoint: 79382 ns, At safepoint: 17607 ns, Total: 96989 ns
[2020-09-11T14:42:15.929+0000][1][safepoint    ] Safepoint "RevokeBias", Time since last: 26164 ns, Reaching safepoint: 80242 ns, At safepoint: 20313 ns, Total: 100555 ns
[2020-09-11T14:42:15.929+0000][1][safepoint    ] Safepoint "RevokeBias", Time since last: 26152 ns, Reaching safepoint: 79345 ns, At safepoint: 17786 ns, Total: 97131 ns
[2020-09-11T14:42:15.930+0000][1][safepoint    ] Safepoint "RevokeBias", Time since last: 25447 ns, Reaching safepoint: 80379 ns, At safepoint: 22438 ns, Total: 102817 ns
[2020-09-11T14:42:15.930+0000][1][safepoint    ] Safepoint "RevokeBias", Time since last: 36348 ns, Reaching safepoint: 81575 ns, At safepoint: 24056 ns, Total: 105631 ns
[2020-09-11T14:42:15.930+0000][1][safepoint    ] Safepoint "RevokeBias", Time since last: 28075 ns, Reaching safepoint: 81121 ns, At safepoint: 23632 ns, Total: 104753 ns
[2020-09-11T14:42:15.930+0000][1][safepoint    ] Safepoint "RevokeBias", Time since last: 27064 ns, Reaching safepoint: 81235 ns, At safepoint: 23214 ns, Total: 104449 ns
[2020-09-11T14:42:15.930+0000][1][safepoint    ] Safepoint "RevokeBias", Time since last: 26828 ns, Reaching safepoint: 81263 ns, At safepoint: 23121 ns, Total: 104384 ns
[2020-09-11T14:42:15.930+0000][1][safepoint    ] Safepoint "RevokeBias", Time since last: 27001 ns, Reaching safepoint: 81588 ns, At safepoint: 23512 ns, Total: 105100 ns
[2020-09-11T14:42:15.930+0000][1][safepoint    ] Safepoint "RevokeBias", Time since last: 26960 ns, Reaching safepoint: 81682 ns, At safepoint: 31379 ns, Total: 113061 ns
[2020-09-11T14:42:15.930+0000][1][safepoint    ] Safepoint "RevokeBias", Time since last: 26917 ns, Reaching safepoint: 81392 ns, At safepoint: 28179 ns, Total: 109571 ns
[2020-09-11T14:42:15.931+0000][1][safepoint    ] Safepoint "RevokeBias", Time since last: 26801 ns, Reaching safepoint: 81613 ns, At safepoint: 27944 ns, Total: 109557 ns
[2020-09-11T14:42:15.931+0000][1][safepoint    ] Safepoint "RevokeBias", Time since last: 26986 ns, Reaching safepoint: 81375 ns, At safepoint: 27804 ns, Total: 109179 ns
[2020-09-11T14:42:15.931+0000][1][safepoint    ] Safepoint "RevokeBias", Time since last: 26800 ns, Reaching safepoint: 81495 ns, At safepoint: 27140 ns, Total: 108635 ns
[2020-09-11T14:42:15.931+0000][1][safepoint    ] Safepoint "BulkRevokeBias", Time since last: 27283 ns, Reaching safepoint: 81111 ns, At safepoint: 71618 ns, Total: 152729 ns
[2020-09-11T14:42:15.931+0000][1][safepoint    ] Safepoint "RevokeBias", Time since last: 149689 ns, Reaching safepoint: 82542 ns, At safepoint: 25553 ns, Total: 108095 ns
[2020-09-11T14:42:15.931+0000][1][safepoint    ] Safepoint "RevokeBias", Time since last: 44142 ns, Reaching safepoint: 40917 ns, At safepoint: 22907 ns, Total: 63824 ns
[2020-09-11T14:42:15.932+0000][1][safepoint    ] Safepoint "RevokeBias", Time since last: 56397 ns, Reaching safepoint: 94616 ns, At safepoint: 29008 ns, Total: 123624 ns
[2020-09-11T14:42:15.932+0000][1][safepoint    ] Safepoint "RevokeBias", Time since last: 37225 ns, Reaching safepoint: 83726 ns, At safepoint: 28104 ns, Total: 111830 ns
[2020-09-11T14:42:15.932+0000][1][safepoint    ] Safepoint "RevokeBias", Time since last: 111232 ns, Reaching safepoint: 83451 ns, At safepoint: 27962 ns, Total: 111413 ns
[2020-09-11T14:42:15.932+0000][1][safepoint    ] Safepoint "RevokeBias", Time since last: 206947 ns, Reaching safepoint: 84918 ns, At safepoint: 25322 ns, Total: 110240 ns
[2020-09-11T14:42:15.932+0000][1][safepoint    ] Safepoint "RevokeBias", Time since last: 59096 ns, Reaching safepoint: 82795 ns, At safepoint: 23512 ns, Total: 106307 ns
[2020-09-11T14:42:15.933+0000][1][safepoint    ] Safepoint "RevokeBias", Time since last: 120212 ns, Reaching safepoint: 83562 ns, At safepoint: 23963 ns, Total: 107525 ns
[2020-09-11T14:42:15.933+0000][1][safepoint    ] Safepoint "RevokeBias", Time since last: 42723 ns, Reaching safepoint: 82189 ns, At safepoint: 28320 ns, Total: 110509 ns
[2020-09-11T14:42:15.933+0000][1][safepoint    ] Safepoint "RevokeBias", Time since last: 28306 ns, Reaching safepoint: 81285 ns, At safepoint: 27944 ns, Total: 109229 ns
[2020-09-11T14:42:15.933+0000][1][safepoint    ] Safepoint "RevokeBias", Time since last: 27027 ns, Reaching safepoint: 80764 ns, At safepoint: 27251 ns, Total: 108015 ns
[2020-09-11T14:42:15.933+0000][1][safepoint    ] Safepoint "RevokeBias", Time since last: 199515 ns, Reaching safepoint: 82394 ns, At safepoint: 29064 ns, Total: 111458 ns
[2020-09-11T14:42:15.934+0000][1][safepoint    ] Safepoint "RevokeBias", Time since last: 99780 ns, Reaching safepoint: 81857 ns, At safepoint: 28334 ns, Total: 110191 ns
[2020-09-11T14:42:15.934+0000][1][safepoint    ] Safepoint "RevokeBias", Time since last: 97395 ns, Reaching safepoint: 81488 ns, At safepoint: 28246 ns, Total: 109734 ns
[2020-09-11T14:42:15.934+0000][1][safepoint    ] Safepoint "RevokeBias", Time since last: 261969 ns, Reaching safepoint: 82600 ns, At safepoint: 25984 ns, Total: 108584 ns
[2020-09-11T14:42:15.935+0000][1][safepoint    ] Safepoint "BulkRevokeBias", Time since last: 359340 ns, Reaching safepoint: 82501 ns, At safepoint: 59513 ns, Total: 142014 ns
[2020-09-11T14:42:15.944+0000][1][safepoint    ] Safepoint "RevokeBias", Time since last: 8688068 ns, Reaching safepoint: 101642 ns, At safepoint: 41671 ns, Total: 143313 ns
[2020-09-11T14:42:15.944+0000][1][safepoint    ] Safepoint "RevokeBias", Time since last: 632200 ns, Reaching safepoint: 94982 ns, At safepoint: 33801 ns, Total: 128783 ns
[2020-09-11T14:42:15.944+0000][1][safepoint    ] Safepoint "RevokeBias", Time since last: 35801 ns, Reaching safepoint: 84716 ns, At safepoint: 27425 ns, Total: 112141 ns
[2020-09-11T14:42:15.980+0000][1][safepoint    ] Safepoint "RevokeBias", Time since last: 35461491 ns, Reaching safepoint: 103279 ns, At safepoint: 12701 ns, Total: 115980 ns
[2020-09-11T14:42:16.092+0000][1][safepoint    ] Safepoint "RevokeBias", Time since last: 111384234 ns, Reaching safepoint: 115504 ns, At safepoint: 33054 ns, Total: 148558 ns
[2020-09-11T14:42:16.092+0000][1][safepoint    ] Safepoint "RevokeBias", Time since last: 157416 ns, Reaching safepoint: 83052 ns, At safepoint: 8195 ns, Total: 91247 ns
[2020-09-11T14:42:16.092+0000][1][safepoint    ] Safepoint "RevokeBias", Time since last: 162936 ns, Reaching safepoint: 188500 ns, At safepoint: 8532 ns, Total: 197032 ns
[2020-09-11T14:42:16.092+0000][1][safepoint    ] Safepoint "RevokeBias", Time since last: 52335 ns, Reaching safepoint: 80986 ns, At safepoint: 7392 ns, Total: 88378 ns
[2020-09-11T14:42:16.291+0000][1][gc,start     ] GC(61) Pause Young (Allocation Failure)
[2020-09-11T14:42:16.291+0000][1][gc,task      ] GC(61) Using 1 workers of 1 for evacuation
[2020-09-11T14:42:16.378+0000][1][gc,age       ] GC(61) Desired survivor size 4358144 bytes, new threshold 2 (max threshold 6)
[2020-09-11T14:42:16.378+0000][1][gc,age       ] GC(61) Age table with threshold 2 (max threshold 6)
[2020-09-11T14:42:16.378+0000][1][gc,age       ] GC(61) - age   1:    2198392 bytes,    2198392 total
[2020-09-11T14:42:16.378+0000][1][gc,age       ] GC(61) - age   2:    2670528 bytes,    4868920 total
[2020-09-11T14:42:16.378+0000][1][gc,heap      ] GC(61) ParNew: 76672K->6120K(76672K)
[2020-09-11T14:42:16.378+0000][1][gc,heap      ] GC(61) CMS: 49999K->54001K(2011968K)
[2020-09-11T14:42:16.378+0000][1][gc,metaspace ] GC(61) Metaspace: 52498K->52498K(1097728K)
[2020-09-11T14:42:16.378+0000][1][gc           ] GC(61) Pause Young (Allocation Failure) 123M->58M(2039M) 87.510ms
[2020-09-11T14:42:16.378+0000][1][gc,cpu       ] GC(61) User=0.09s Sys=0.00s Real=0.09s
[2020-09-11T14:42:16.383+0000][1][safepoint    ] Safepoint "GenCollectForAllocation", Time since last: 198385201 ns, Reaching safepoint: 106276 ns, At safepoint: 92129782 ns, Total: 92236058 ns
[2020-09-11T14:42:16.424+0000][1][safepoint    ] Safepoint "RevokeBias", Time since last: 40473777 ns, Reaching safepoint: 382897 ns, At safepoint: 15861 ns, Total: 398758 ns
[2020-09-11T14:42:16.424+0000][1][safepoint    ] Safepoint "RevokeBias", Time since last: 73227 ns, Reaching safepoint: 80606 ns, At safepoint: 7539 ns, Total: 88145 ns
[2020-09-11T14:42:17.231+0000][1][safepoint    ] Safepoint "RevokeBias", Time since last: 806711174 ns, Reaching safepoint: 512334 ns, At safepoint: 36608 ns, Total: 548942 ns
[2020-09-11T14:42:17.544+0000][1][gc,start     ] GC(62) Pause Young (Allocation Failure)
[2020-09-11T14:42:17.544+0000][1][gc,task      ] GC(62) Using 1 workers of 1 for evacuation
[2020-09-11T14:42:17.577+0000][1][gc,age       ] GC(62) Desired survivor size 4358144 bytes, new threshold 6 (max threshold 6)
[2020-09-11T14:42:17.577+0000][1][gc,age       ] GC(62) Age table with threshold 6 (max threshold 6)
[2020-09-11T14:42:17.577+0000][1][gc,age       ] GC(62) - age   1:    1591992 bytes,    1591992 total
[2020-09-11T14:42:17.577+0000][1][gc,age       ] GC(62) - age   2:    2159728 bytes,    3751720 total
[2020-09-11T14:42:17.577+0000][1][gc,heap      ] GC(62) ParNew: 74280K->5096K(76672K)
[2020-09-11T14:42:17.577+0000][1][gc,heap      ] GC(62) CMS: 54001K->56717K(2011968K)
[2020-09-11T14:42:17.577+0000][1][gc,metaspace ] GC(62) Metaspace: 60129K->60129K(1103872K)
[2020-09-11T14:42:17.577+0000][1][gc           ] GC(62) Pause Young (Allocation Failure) 125M->60M(2039M) 33.512ms
[2020-09-11T14:42:17.577+0000][1][gc,cpu       ] GC(62) User=0.04s Sys=0.00s Real=0.03s
[2020-09-11T14:42:17.583+0000][1][safepoint    ] Safepoint "GenCollectForAllocation", Time since last: 312190301 ns, Reaching safepoint: 491360 ns, At safepoint: 39538759 ns, Total: 40030119 ns
[2020-09-11T14:42:17.625+0000][1][safepoint    ] Safepoint "RevokeBias", Time since last: 40349320 ns, Reaching safepoint: 857473 ns, At safepoint: 16829 ns, Total: 874302 ns
[2020-09-11T14:42:17.625+0000][1][safepoint    ] Safepoint "RevokeBias", Time since last: 60589 ns, Reaching safepoint: 11801 ns, At safepoint: 8376 ns, Total: 20177 ns
[2020-09-11T14:42:17.625+0000][1][safepoint    ] Safepoint "RevokeBias", Time since last: 28726 ns, Reaching safepoint: 8771 ns, At safepoint: 7276 ns, Total: 16047 ns
[2020-09-11T14:42:17.625+0000][1][safepoint    ] Safepoint "RevokeBias", Time since last: 37702 ns, Reaching safepoint: 8641 ns, At safepoint: 7200 ns, Total: 15841 ns
[2020-09-11T14:42:17.708+0000][1][safepoint    ] Safepoint "CollectForMetadataAllocation", Time since last: 82570335 ns, Reaching safepoint: 119362 ns, At safepoint: 203185 ns, Total: 322547 ns
[2020-09-11T14:42:17.784+0000][1][safepoint    ] Safepoint "CollectForMetadataAllocation", Time since last: 75670973 ns, Reaching safepoint: 150817 ns, At safepoint: 119182 ns, Total: 269999 ns
[2020-09-11T14:42:17.787+0000][1][safepoint    ] Safepoint "RevokeBias", Time since last: 2951503 ns, Reaching safepoint: 146710 ns, At safepoint: 24537 ns, Total: 171247 ns
[2020-09-11T14:42:17.787+0000][1][safepoint    ] Safepoint "RevokeBias", Time since last: 92146 ns, Reaching safepoint: 139608 ns, At safepoint: 19434 ns, Total: 159042 ns
[2020-09-11T14:42:17.787+0000][1][safepoint    ] Safepoint "RevokeBias", Time since last: 96480 ns, Reaching safepoint: 137556 ns, At safepoint: 19101 ns, Total: 156657 ns
[2020-09-11T14:42:17.790+0000][1][safepoint    ] Safepoint "RevokeBias", Time since last: 2454121 ns, Reaching safepoint: 138751 ns, At safepoint: 24041 ns, Total: 162792 ns
[2020-09-11T14:42:17.847+0000][1][safepoint    ] Safepoint "CollectForMetadataAllocation", Time since last: 56632888 ns, Reaching safepoint: 112952 ns, At safepoint: 123781 ns, Total: 236733 ns
[2020-09-11T14:42:17.940+0000][1][safepoint    ] Safepoint "CollectForMetadataAllocation", Time since last: 93421458 ns, Reaching safepoint: 118226 ns, At safepoint: 122230 ns, Total: 240456 ns
[2020-09-11T14:42:18.024+0000][1][safepoint    ] Safepoint "CollectForMetadataAllocation", Time since last: 83318196 ns, Reaching safepoint: 165100 ns, At safepoint: 135459 ns, Total: 300559 ns
[2020-09-11T14:42:18.128+0000][1][safepoint    ] Safepoint "RevokeBias", Time since last: 103341415 ns, Reaching safepoint: 121111 ns, At safepoint: 15017 ns, Total: 136128 ns
[2020-09-11T14:42:18.175+0000][1][safepoint    ] Safepoint "CollectForMetadataAllocation", Time since last: 46723070 ns, Reaching safepoint: 112449 ns, At safepoint: 116851 ns, Total: 229300 ns
[2020-09-11T14:42:18.253+0000][1][safepoint    ] Safepoint "Deoptimize", Time since last: 78319446 ns, Reaching safepoint: 107290 ns, At safepoint: 307122 ns, Total: 414412 ns
[2020-09-11T14:42:18.264+0000][1][safepoint    ] Safepoint "CollectForMetadataAllocation", Time since last: 10170384 ns, Reaching safepoint: 104456 ns, At safepoint: 127487 ns, Total: 231943 ns
[2020-09-11T14:42:18.350+0000][1][safepoint    ] Safepoint "CollectForMetadataAllocation", Time since last: 86636662 ns, Reaching safepoint: 115275 ns, At safepoint: 74397 ns, Total: 189672 ns
[2020-09-11T14:42:18.444+0000][1][safepoint    ] Safepoint "CollectForMetadataAllocation", Time since last: 92946814 ns, Reaching safepoint: 110376 ns, At safepoint: 130263 ns, Total: 240639 ns
[2020-09-11T14:42:18.489+0000][1][safepoint    ] Safepoint "RevokeBias", Time since last: 45398888 ns, Reaching safepoint: 120236 ns, At safepoint: 14716 ns, Total: 134952 ns
[2020-09-11T14:42:18.490+0000][1][safepoint    ] Safepoint "RevokeBias", Time since last: 336584 ns, Reaching safepoint: 26967 ns, At safepoint: 10870 ns, Total: 37837 ns
[2020-09-11T14:42:18.490+0000][1][safepoint    ] Safepoint "RevokeBias", Time since last: 66206 ns, Reaching safepoint: 17329 ns, At safepoint: 7906 ns, Total: 25235 ns
[2020-09-11T14:42:18.490+0000][1][safepoint    ] Safepoint "RevokeBias", Time since last: 97540 ns, Reaching safepoint: 15501 ns, At safepoint: 7194 ns, Total: 22695 ns
[2020-09-11T14:42:18.490+0000][1][safepoint    ] Safepoint "BulkRevokeBias", Time since last: 90948 ns, Reaching safepoint: 14681 ns, At safepoint: 76811 ns, Total: 91492 ns
[2020-09-11T14:42:18.547+0000][1][safepoint    ] Safepoint "CollectForMetadataAllocation", Time since last: 56907169 ns, Reaching safepoint: 113977 ns, At safepoint: 90264 ns, Total: 204241 ns
[2020-09-11T14:42:18.647+0000][1][safepoint    ] Safepoint "CollectForMetadataAllocation", Time since last: 99294395 ns, Reaching safepoint: 158758 ns, At safepoint: 138686 ns, Total: 297444 ns
[2020-09-11T14:42:18.716+0000][1][safepoint    ] Safepoint "CollectForMetadataAllocation", Time since last: 68674852 ns, Reaching safepoint: 106124 ns, At safepoint: 77756 ns, Total: 183880 ns
[2020-09-11T14:42:18.750+0000][1][safepoint    ] Safepoint "CollectForMetadataAllocation", Time since last: 34004078 ns, Reaching safepoint: 108336 ns, At safepoint: 131098 ns, Total: 239434 ns
[2020-09-11T14:42:18.796+0000][1][safepoint    ] Safepoint "CollectForMetadataAllocation", Time since last: 45792123 ns, Reaching safepoint: 101248 ns, At safepoint: 110717 ns, Total: 211965 ns
[2020-09-11T14:42:18.868+0000][1][safepoint    ] Safepoint "RevokeBias", Time since last: 71649450 ns, Reaching safepoint: 107868 ns, At safepoint: 14913 ns, Total: 122781 ns
[2020-09-11T14:42:18.868+0000][1][safepoint    ] Safepoint "RevokeBias", Time since last: 311781 ns, Reaching safepoint: 83790 ns, At safepoint: 10606 ns, Total: 94396 ns
[2020-09-11T14:42:18.873+0000][1][safepoint    ] Safepoint "CollectForMetadataAllocation", Time since last: 5306712 ns, Reaching safepoint: 99749 ns, At safepoint: 109692 ns, Total: 209441 ns
[2020-09-11T14:42:18.924+0000][1][safepoint    ] Safepoint "CollectForMetadataAllocation", Time since last: 49945534 ns, Reaching safepoint: 102552 ns, At safepoint: 125428 ns, Total: 227980 ns
[2020-09-11T14:42:18.976+0000][1][safepoint    ] Safepoint "CollectForMetadataAllocation", Time since last: 51782513 ns, Reaching safepoint: 109655 ns, At safepoint: 130767 ns, Total: 240422 ns
[2020-09-11T14:42:19.012+0000][1][gc,start     ] GC(63) Pause Young (Allocation Failure)
[2020-09-11T14:42:19.012+0000][1][gc,task      ] GC(63) Using 1 workers of 1 for evacuation
[2020-09-11T14:42:19.050+0000][1][gc,age       ] GC(63) Desired survivor size 4358144 bytes, new threshold 2 (max threshold 6)
[2020-09-11T14:42:19.050+0000][1][gc,age       ] GC(63) Age table with threshold 2 (max threshold 6)
[2020-09-11T14:42:19.050+0000][1][gc,age       ] GC(63) - age   1:    3478440 bytes,    3478440 total
[2020-09-11T14:42:19.050+0000][1][gc,age       ] GC(63) - age   2:    1405024 bytes,    4883464 total
[2020-09-11T14:42:19.050+0000][1][gc,age       ] GC(63) - age   3:    2147072 bytes,    7030536 total
[2020-09-11T14:42:19.050+0000][1][gc,heap      ] GC(63) ParNew: 73256K->8043K(76672K)
[2020-09-11T14:42:19.050+0000][1][gc,heap      ] GC(63) CMS: 56717K->56717K(2011968K)
[2020-09-11T14:42:19.050+0000][1][gc,metaspace ] GC(63) Metaspace: 66296K->66296K(1110016K)
[2020-09-11T14:42:19.050+0000][1][gc           ] GC(63) Pause Young (Allocation Failure) 126M->63M(2039M) 38.720ms
[2020-09-11T14:42:19.050+0000][1][gc,cpu       ] GC(63) User=0.04s Sys=0.00s Real=0.04s
[2020-09-11T14:42:19.055+0000][1][safepoint    ] Safepoint "GenCollectForAllocation", Time since last: 35850209 ns, Reaching safepoint: 106723 ns, At safepoint: 42888494 ns, Total: 42995217 ns
[2020-09-11T14:42:19.055+0000][1][gc,start     ] GC(64) Pause Initial Mark
[2020-09-11T14:42:19.063+0000][1][gc           ] GC(64) Pause Initial Mark 64M->64M(2039M) 7.183ms
[2020-09-11T14:42:19.063+0000][1][gc,cpu       ] GC(64) User=0.01s Sys=0.00s Real=0.01s
[2020-09-11T14:42:19.071+0000][1][safepoint    ] Safepoint "CMS_Initial_Mark", Time since last: 692151 ns, Reaching safepoint: 149761 ns, At safepoint: 16055189 ns, Total: 16204950 ns
[2020-09-11T14:42:19.071+0000][1][gc           ] GC(64) Concurrent Mark
[2020-09-11T14:42:19.119+0000][1][safepoint    ] Safepoint "CollectForMetadataAllocation", Time since last: 40979312 ns, Reaching safepoint: 6297582 ns, At safepoint: 133961 ns, Total: 6431543 ns
[2020-09-11T14:42:19.180+0000][1][safepoint    ] Safepoint "CollectForMetadataAllocation", Time since last: 60604654 ns, Reaching safepoint: 56017 ns, At safepoint: 135425 ns, Total: 191442 ns
[2020-09-11T14:42:19.249+0000][1][gc           ] GC(64) Concurrent Mark 177.589ms
[2020-09-11T14:42:19.249+0000][1][gc,cpu       ] GC(64) User=0.17s Sys=0.00s Real=0.18s
[2020-09-11T14:42:19.249+0000][1][gc           ] GC(64) Concurrent Preclean
[2020-09-11T14:42:19.254+0000][1][gc           ] GC(64) Concurrent Preclean 5.276ms
[2020-09-11T14:42:19.254+0000][1][gc,cpu       ] GC(64) User=0.01s Sys=0.00s Real=0.00s
[2020-09-11T14:42:19.254+0000][1][gc           ] GC(64) Concurrent Abortable Preclean
[2020-09-11T14:42:19.274+0000][1][safepoint    ] Safepoint "CollectForMetadataAllocation", Time since last: 92636553 ns, Reaching safepoint: 1740353 ns, At safepoint: 117177 ns, Total: 1857530 ns
[2020-09-11T14:42:19.352+0000][1][safepoint    ] Safepoint "RevokeBias", Time since last: 77664612 ns, Reaching safepoint: 69834 ns, At safepoint: 11613 ns, Total: 81447 ns
[2020-09-11T14:42:19.360+0000][1][safepoint    ] Safepoint "CollectForMetadataAllocation", Time since last: 7569938 ns, Reaching safepoint: 48728 ns, At safepoint: 122214 ns, Total: 170942 ns
[2020-09-11T14:42:19.420+0000][1][safepoint    ] Safepoint "CollectForMetadataAllocation", Time since last: 59845915 ns, Reaching safepoint: 45654 ns, At safepoint: 120592 ns, Total: 166246 ns
[2020-09-11T14:42:19.450+0000][1][safepoint    ] Safepoint "CollectForMetadataAllocation", Time since last: 30032140 ns, Reaching safepoint: 53575 ns, At safepoint: 100262 ns, Total: 153837 ns
[2020-09-11T14:42:19.469+0000][1][safepoint    ] Safepoint "CollectForMetadataAllocation", Time since last: 19442322 ns, Reaching safepoint: 51457 ns, At safepoint: 83625 ns, Total: 135082 ns
[2020-09-11T14:42:19.483+0000][1][safepoint    ] Safepoint "Deoptimize", Time since last: 12946040 ns, Reaching safepoint: 48610 ns, At safepoint: 331889 ns, Total: 380499 ns
[2020-09-11T14:42:19.508+0000][1][safepoint    ] Safepoint "Deoptimize", Time since last: 24729237 ns, Reaching safepoint: 58107 ns, At safepoint: 349349 ns, Total: 407456 ns
[2020-09-11T14:42:19.513+0000][1][safepoint    ] Safepoint "CollectForMetadataAllocation", Time since last: 3569374 ns, Reaching safepoint: 1714620 ns, At safepoint: 118125 ns, Total: 1832745 ns
[2020-09-11T14:42:19.562+0000][1][safepoint    ] Safepoint "CollectForMetadataAllocation", Time since last: 48207044 ns, Reaching safepoint: 151533 ns, At safepoint: 142613 ns, Total: 294146 ns
[2020-09-11T14:42:19.635+0000][1][safepoint    ] Safepoint "RevokeBias", Time since last: 73676761 ns, Reaching safepoint: 48419 ns, At safepoint: 18355 ns, Total: 66774 ns
[2020-09-11T14:42:19.636+0000][1][safepoint    ] Safepoint "RevokeBias", Time since last: 376941 ns, Reaching safepoint: 82620 ns, At safepoint: 19061 ns, Total: 101681 ns
[2020-09-11T14:42:19.637+0000][1][safepoint    ] Safepoint "RevokeBias", Time since last: 721197 ns, Reaching safepoint: 80841 ns, At safepoint: 18090 ns, Total: 98931 ns
[2020-09-11T14:42:19.638+0000][1][safepoint    ] Safepoint "RevokeBias", Time since last: 907107 ns, Reaching safepoint: 100226 ns, At safepoint: 18575 ns, Total: 118801 ns
[2020-09-11T14:42:19.643+0000][1][safepoint    ] Safepoint "RevokeBias", Time since last: 1596397 ns, Reaching safepoint: 4026614 ns, At safepoint: 14219 ns, Total: 4040833 ns
[2020-09-11T14:42:19.644+0000][1][safepoint    ] Safepoint "RevokeBias", Time since last: 185332 ns, Reaching safepoint: 95494 ns, At safepoint: 16659 ns, Total: 112153 ns
[2020-09-11T14:42:19.644+0000][1][safepoint    ] Safepoint "RevokeBias", Time since last: 210592 ns, Reaching safepoint: 10374 ns, At safepoint: 13440 ns, Total: 23814 ns
[2020-09-11T14:42:19.644+0000][1][safepoint    ] Safepoint "RevokeBias", Time since last: 178456 ns, Reaching safepoint: 13599 ns, At safepoint: 13323 ns, Total: 26922 ns
[2020-09-11T14:42:19.650+0000][1][safepoint    ] Safepoint "RevokeBias", Time since last: 3232659 ns, Reaching safepoint: 2547250 ns, At safepoint: 14812 ns, Total: 2562062 ns
[2020-09-11T14:42:19.650+0000][1][safepoint    ] Safepoint "CollectForMetadataAllocation", Time since last: 153287 ns, Reaching safepoint: 12472 ns, At safepoint: 126999 ns, Total: 139471 ns
[2020-09-11T14:42:19.651+0000][1][safepoint    ] Safepoint "RevokeBias", Time since last: 462876 ns, Reaching safepoint: 10615 ns, At safepoint: 15473 ns, Total: 26088 ns
[2020-09-11T14:42:19.652+0000][1][safepoint    ] Safepoint "RevokeBias", Time since last: 843443 ns, Reaching safepoint: 96285 ns, At safepoint: 17763 ns, Total: 114048 ns
[2020-09-11T14:42:19.652+0000][1][safepoint    ] Safepoint "RevokeBias", Time since last: 67526 ns, Reaching safepoint: 11228 ns, At safepoint: 13103 ns, Total: 24331 ns
[2020-09-11T14:42:19.658+0000][1][safepoint    ] Safepoint "Deoptimize", Time since last: 4990523 ns, Reaching safepoint: 1128677 ns, At safepoint: 308992 ns, Total: 1437669 ns
[2020-09-11T14:42:19.660+0000][1][safepoint    ] Safepoint "Deoptimize", Time since last: 1696657 ns, Reaching safepoint: 134294 ns, At safepoint: 295564 ns, Total: 429858 ns
[2020-09-11T14:42:19.696+0000][1][safepoint    ] Safepoint "CollectForMetadataAllocation", Time since last: 35045279 ns, Reaching safepoint: 52635 ns, At safepoint: 113151 ns, Total: 165786 ns
[2020-09-11T14:42:19.818+0000][1][safepoint    ] Safepoint "CollectForMetadataAllocation", Time since last: 122577002 ns, Reaching safepoint: 157666 ns, At safepoint: 82756 ns, Total: 240422 ns
[2020-09-11T14:42:19.908+0000][1][safepoint    ] Safepoint "CollectForMetadataAllocation", Time since last: 89092782 ns, Reaching safepoint: 236640 ns, At safepoint: 121598 ns, Total: 358238 ns
[2020-09-11T14:42:19.911+0000][1][safepoint    ] Safepoint "CollectForMetadataAllocation", Time since last: 2802659 ns, Reaching safepoint: 147674 ns, At safepoint: 7715 ns, Total: 155389 ns
[2020-09-11T14:42:19.995+0000][1][safepoint    ] Safepoint "CollectForMetadataAllocation", Time since last: 83561142 ns, Reaching safepoint: 190736 ns, At safepoint: 112599 ns, Total: 303335 ns
[2020-09-11T14:42:20.048+0000][1][safepoint    ] Safepoint "RevokeBias", Time since last: 52933366 ns, Reaching safepoint: 241967 ns, At safepoint: 29846 ns, Total: 271813 ns
[2020-09-11T14:42:20.048+0000][1][safepoint    ] Safepoint "RevokeBias", Time since last: 69047 ns, Reaching safepoint: 132370 ns, At safepoint: 24748 ns, Total: 157118 ns
[2020-09-11T14:42:20.056+0000][1][safepoint    ] Safepoint "CollectForMetadataAllocation", Time since last: 7311075 ns, Reaching safepoint: 480084 ns, At safepoint: 106044 ns, Total: 586128 ns
[2020-09-11T14:42:20.059+0000][1][safepoint    ] Safepoint "CollectForMetadataAllocation", Time since last: 988036 ns, Reaching safepoint: 2335316 ns, At safepoint: 26398 ns, Total: 2361714 ns
[2020-09-11T14:42:20.060+0000][1][safepoint    ] Safepoint "CollectForMetadataAllocation", Time since last: 202377 ns, Reaching safepoint: 134021 ns, At safepoint: 9529 ns, Total: 143550 ns
[2020-09-11T14:42:20.060+0000][1][safepoint    ] Safepoint "CollectForMetadataAllocation", Time since last: 63129 ns, Reaching safepoint: 94032 ns, At safepoint: 10537 ns, Total: 104569 ns
[2020-09-11T14:42:20.064+0000][1][safepoint    ] Safepoint "RevokeBias", Time since last: 3568121 ns, Reaching safepoint: 293011 ns, At safepoint: 52354 ns, Total: 345365 ns
[2020-09-11T14:42:20.064+0000][1][safepoint    ] Safepoint "RevokeBias", Time since last: 215969 ns, Reaching safepoint: 195530 ns, At safepoint: 24503 ns, Total: 220033 ns
[2020-09-11T14:42:20.065+0000][1][safepoint    ] Safepoint "RevokeBias", Time since last: 227671 ns, Reaching safepoint: 98210 ns, At safepoint: 15642 ns, Total: 113852 ns
[2020-09-11T14:42:20.065+0000][1][safepoint    ] Safepoint "RevokeBias", Time since last: 33478 ns, Reaching safepoint: 130940 ns, At safepoint: 14582 ns, Total: 145522 ns
[2020-09-11T14:42:20.067+0000][1][safepoint    ] Safepoint "RevokeBias", Time since last: 2315352 ns, Reaching safepoint: 136329 ns, At safepoint: 17521 ns, Total: 153850 ns
[2020-09-11T14:42:20.069+0000][1][safepoint    ] Safepoint "RevokeBias", Time since last: 1915545 ns, Reaching safepoint: 143099 ns, At safepoint: 15526 ns, Total: 158625 ns
[2020-09-11T14:42:20.076+0000][1][safepoint    ] Safepoint "RevokeBias", Time since last: 6500254 ns, Reaching safepoint: 682126 ns, At safepoint: 19354 ns, Total: 701480 ns
[2020-09-11T14:42:20.079+0000][1][safepoint    ] Safepoint "RevokeBias", Time since last: 1957585 ns, Reaching safepoint: 236851 ns, At safepoint: 19990 ns, Total: 256841 ns
[2020-09-11T14:42:20.081+0000][1][safepoint    ] Safepoint "RevokeBias", Time since last: 1769905 ns, Reaching safepoint: 140305 ns, At safepoint: 13479 ns, Total: 153784 ns
[2020-09-11T14:42:20.081+0000][1][safepoint    ] Safepoint "RevokeBias", Time since last: 211824 ns, Reaching safepoint: 102479 ns, At safepoint: 18354 ns, Total: 120833 ns
[2020-09-11T14:42:20.084+0000][1][safepoint    ] Safepoint "RevokeBias", Time since last: 2466008 ns, Reaching safepoint: 170750 ns, At safepoint: 31069 ns, Total: 201819 ns
[2020-09-11T14:42:20.084+0000][1][safepoint    ] Safepoint "RevokeBias", Time since last: 133210 ns, Reaching safepoint: 134986 ns, At safepoint: 14396 ns, Total: 149382 ns
[2020-09-11T14:42:20.084+0000][1][safepoint    ] Safepoint "RevokeBias", Time since last: 275732 ns, Reaching safepoint: 141248 ns, At safepoint: 14671 ns, Total: 155919 ns
[2020-09-11T14:42:20.084+0000][1][safepoint    ] Safepoint "RevokeBias", Time since last: 33065 ns, Reaching safepoint: 129127 ns, At safepoint: 13498 ns, Total: 142625 ns
[2020-09-11T14:42:20.085+0000][1][safepoint    ] Safepoint "RevokeBias", Time since last: 291605 ns, Reaching safepoint: 134465 ns, At safepoint: 13355 ns, Total: 147820 ns
[2020-09-11T14:42:20.085+0000][1][safepoint    ] Safepoint "RevokeBias", Time since last: 30416 ns, Reaching safepoint: 128246 ns, At safepoint: 12925 ns, Total: 141171 ns
[2020-09-11T14:42:20.087+0000][1][safepoint    ] Safepoint "RevokeBias", Time since last: 2049592 ns, Reaching safepoint: 146395 ns, At safepoint: 15646 ns, Total: 162041 ns
[2020-09-11T14:42:20.088+0000][1][safepoint    ] Safepoint "RevokeBias", Time since last: 100796 ns, Reaching safepoint: 140750 ns, At safepoint: 13748 ns, Total: 154498 ns
[2020-09-11T14:42:20.088+0000][1][safepoint    ] Safepoint "RevokeBias", Time since last: 50695 ns, Reaching safepoint: 132687 ns, At safepoint: 12463 ns, Total: 145150 ns
[2020-09-11T14:42:20.094+0000][1][safepoint    ] Safepoint "RevokeBias", Time since last: 5214922 ns, Reaching safepoint: 1381955 ns, At safepoint: 15899 ns, Total: 1397854 ns
[2020-09-11T14:42:20.102+0000][1][safepoint    ] Safepoint "RevokeBias", Time since last: 5797200 ns, Reaching safepoint: 1442616 ns, At safepoint: 197545 ns, Total: 1640161 ns
[2020-09-11T14:42:20.102+0000][1][safepoint    ] Safepoint "RevokeBias", Time since last: 70714 ns, Reaching safepoint: 112853 ns, At safepoint: 28525 ns, Total: 141378 ns
[2020-09-11T14:42:20.104+0000][1][safepoint    ] Safepoint "RevokeBias", Time since last: 1373065 ns, Reaching safepoint: 296783 ns, At safepoint: 22887 ns, Total: 319670 ns
[2020-09-11T14:42:20.104+0000][1][safepoint    ] Safepoint "RevokeBias", Time since last: 43865 ns, Reaching safepoint: 279889 ns, At safepoint: 18569 ns, Total: 298458 ns
[2020-09-11T14:42:20.130+0000][1][safepoint    ] Safepoint "RevokeBias", Time since last: 19335101 ns, Reaching safepoint: 6346056 ns, At safepoint: 34110 ns, Total: 6380166 ns
[2020-09-11T14:42:20.132+0000][1][safepoint    ] Safepoint "BulkRevokeBias", Time since last: 1932254 ns, Reaching safepoint: 145650 ns, At safepoint: 118666 ns, Total: 264316 ns
[2020-09-11T14:42:20.132+0000][1][safepoint    ] Safepoint "RevokeBias", Time since last: 67503 ns, Reaching safepoint: 139484 ns, At safepoint: 12120 ns, Total: 151604 ns
[2020-09-11T14:42:20.133+0000][1][safepoint    ] Safepoint "RevokeBias", Time since last: 884328 ns, Reaching safepoint: 151876 ns, At safepoint: 16157 ns, Total: 168033 ns
[2020-09-11T14:42:20.133+0000][1][safepoint    ] Safepoint "RevokeBias", Time since last: 37649 ns, Reaching safepoint: 145757 ns, At safepoint: 13781 ns, Total: 159538 ns
[2020-09-11T14:42:20.151+0000][1][safepoint    ] Safepoint "RevokeBias", Time since last: 9949159 ns, Reaching safepoint: 8059307 ns, At safepoint: 20055 ns, Total: 8079362 ns
[2020-09-11T14:42:20.152+0000][1][safepoint    ] Safepoint "RevokeBias", Time since last: 367430 ns, Reaching safepoint: 35566 ns, At safepoint: 46146 ns, Total: 81712 ns
[2020-09-11T14:42:20.152+0000][1][safepoint    ] Safepoint "RevokeBias", Time since last: 54168 ns, Reaching safepoint: 27026 ns, At safepoint: 13255 ns, Total: 40281 ns
[2020-09-11T14:42:20.155+0000][1][safepoint    ] Safepoint "RevokeBias", Time since last: 2645742 ns, Reaching safepoint: 96398 ns, At safepoint: 15583 ns, Total: 111981 ns
[2020-09-11T14:42:20.163+0000][1][safepoint    ] Safepoint "RevokeBias", Time since last: 4616940 ns, Reaching safepoint: 4046509 ns, At safepoint: 18140 ns, Total: 4064649 ns
[2020-09-11T14:42:20.164+0000][1][safepoint    ] Safepoint "RevokeBias", Time since last: 381552 ns, Reaching safepoint: 26193 ns, At safepoint: 11840 ns, Total: 38033 ns
[2020-09-11T14:42:20.165+0000][1][safepoint    ] Safepoint "RevokeBias", Time since last: 667020 ns, Reaching safepoint: 26851 ns, At safepoint: 9121 ns, Total: 35972 ns
[2020-09-11T14:42:20.165+0000][1][safepoint    ] Safepoint "RevokeBias", Time since last: 166456 ns, Reaching safepoint: 23161 ns, At safepoint: 12250 ns, Total: 35411 ns
[2020-09-11T14:42:20.165+0000][1][safepoint    ] Safepoint "RevokeBias", Time since last: 88915 ns, Reaching safepoint: 20944 ns, At safepoint: 10621 ns, Total: 31565 ns
[2020-09-11T14:42:20.165+0000][1][safepoint    ] Safepoint "RevokeBias", Time since last: 29702 ns, Reaching safepoint: 17068 ns, At safepoint: 9703 ns, Total: 26771 ns
[2020-09-11T14:42:20.170+0000][1][safepoint    ] Safepoint "CollectForMetadataAllocation", Time since last: 5226741 ns, Reaching safepoint: 102322 ns, At safepoint: 71539 ns, Total: 173861 ns
[2020-09-11T14:42:20.185+0000][1][safepoint    ] Safepoint "RevokeBias", Time since last: 14290712 ns, Reaching safepoint: 54006 ns, At safepoint: 17258 ns, Total: 71264 ns
[2020-09-11T14:42:20.185+0000][1][safepoint    ] Safepoint "RevokeBias", Time since last: 529968 ns, Reaching safepoint: 101991 ns, At safepoint: 13554 ns, Total: 115545 ns
[2020-09-11T14:42:20.186+0000][1][safepoint    ] Safepoint "RevokeBias", Time since last: 544162 ns, Reaching safepoint: 98421 ns, At safepoint: 11665 ns, Total: 110086 ns
[2020-09-11T14:42:20.315+0000][1][safepoint    ] Safepoint "RevokeBias", Time since last: 128800801 ns, Reaching safepoint: 77064 ns, At safepoint: 44001 ns, Total: 121065 ns
[2020-09-11T14:42:20.320+0000][1][safepoint    ] Safepoint "RevokeBias", Time since last: 4527641 ns, Reaching safepoint: 78887 ns, At safepoint: 28593 ns, Total: 107480 ns
[2020-09-11T14:42:20.320+0000][1][safepoint    ] Safepoint "RevokeBias", Time since last: 102571 ns, Reaching safepoint: 39013 ns, At safepoint: 25054 ns, Total: 64067 ns
[2020-09-11T14:42:20.320+0000][1][safepoint    ] Safepoint "RevokeBias", Time since last: 88697 ns, Reaching safepoint: 38515 ns, At safepoint: 23982 ns, Total: 62497 ns
[2020-09-11T14:42:20.320+0000][1][safepoint    ] Safepoint "RevokeBias", Time since last: 87274 ns, Reaching safepoint: 38358 ns, At safepoint: 23978 ns, Total: 62336 ns
[2020-09-11T14:42:20.320+0000][1][safepoint    ] Safepoint "RevokeBias", Time since last: 93965 ns, Reaching safepoint: 38532 ns, At safepoint: 24002 ns, Total: 62534 ns
[2020-09-11T14:42:20.320+0000][1][safepoint    ] Safepoint "RevokeBias", Time since last: 90411 ns, Reaching safepoint: 38354 ns, At safepoint: 24019 ns, Total: 62373 ns
[2020-09-11T14:42:20.321+0000][1][safepoint    ] Safepoint "RevokeBias", Time since last: 88256 ns, Reaching safepoint: 38481 ns, At safepoint: 23644 ns, Total: 62125 ns
[2020-09-11T14:42:21.045+0000][1][safepoint    ] Safepoint "RevokeBias", Time since last: 724762801 ns, Reaching safepoint: 74060 ns, At safepoint: 32134 ns, Total: 106194 ns
[2020-09-11T14:42:22.047+0000][1][safepoint    ] Safepoint "Cleanup", Time since last: 1001067905 ns, Reaching safepoint: 152554 ns, At safepoint: 7582 ns, Total: 160136 ns
[2020-09-11T14:42:23.047+0000][1][safepoint    ] Safepoint "Cleanup", Time since last: 1000733615 ns, Reaching safepoint: 99732 ns, At safepoint: 11754 ns, Total: 111486 ns
[2020-09-11T14:42:23.120+0000][1][safepoint    ] Safepoint "RevokeBias", Time since last: 72078979 ns, Reaching safepoint: 191760 ns, At safepoint: 35842 ns, Total: 227602 ns
[2020-09-11T14:42:23.122+0000][1][safepoint    ] Safepoint "RevokeBias", Time since last: 1760165 ns, Reaching safepoint: 88917 ns, At safepoint: 20871 ns, Total: 109788 ns
[2020-09-11T14:42:23.133+0000][1][safepoint    ] Safepoint "RevokeBias", Time since last: 11561040 ns, Reaching safepoint: 265559 ns, At safepoint: 9881 ns, Total: 275440 ns
[2020-09-11T14:42:23.134+0000][1][safepoint    ] Safepoint "RevokeBias", Time since last: 188805 ns, Reaching safepoint: 15701 ns, At safepoint: 6760 ns, Total: 22461 ns
[2020-09-11T14:42:24.051+0000][1][safepoint    ] Safepoint "RevokeBias", Time since last: 915564056 ns, Reaching safepoint: 1661008 ns, At safepoint: 14277 ns, Total: 1675285 ns
[2020-09-11T14:42:24.051+0000][1][safepoint    ] Safepoint "RevokeBias", Time since last: 382792 ns, Reaching safepoint: 16841 ns, At safepoint: 10060 ns, Total: 26901 ns
[2020-09-11T14:42:24.052+0000][1][safepoint    ] Safepoint "RevokeBias", Time since last: 146876 ns, Reaching safepoint: 102002 ns, At safepoint: 11125 ns, Total: 113127 ns
[2020-09-11T14:42:24.052+0000][1][safepoint    ] Safepoint "RevokeBias", Time since last: 176908 ns, Reaching safepoint: 114215 ns, At safepoint: 10093 ns, Total: 124308 ns
[2020-09-11T14:42:24.053+0000][1][safepoint    ] Safepoint "RevokeBias", Time since last: 1187167 ns, Reaching safepoint: 132450 ns, At safepoint: 12126 ns, Total: 144576 ns
[2020-09-11T14:42:24.053+0000][1][safepoint    ] Safepoint "RevokeBias", Time since last: 77083 ns, Reaching safepoint: 128740 ns, At safepoint: 10441 ns, Total: 139181 ns
[2020-09-11T14:42:24.054+0000][1][safepoint    ] Safepoint "RevokeBias", Time since last: 174110 ns, Reaching safepoint: 129735 ns, At safepoint: 11337 ns, Total: 141072 ns
[2020-09-11T14:42:24.054+0000][1][safepoint    ] Safepoint "RevokeBias", Time since last: 499182 ns, Reaching safepoint: 123828 ns, At safepoint: 10890 ns, Total: 134718 ns
[2020-09-11T14:42:24.055+0000][1][safepoint    ] Safepoint "RevokeBias", Time since last: 937936 ns, Reaching safepoint: 130161 ns, At safepoint: 12012 ns, Total: 142173 ns
[2020-09-11T14:42:24.056+0000][1][safepoint    ] Safepoint "RevokeBias", Time since last: 342253 ns, Reaching safepoint: 99319 ns, At safepoint: 11290 ns, Total: 110609 ns
[2020-09-11T14:42:24.424+0000][1][gc           ] GC(64) Concurrent Abortable Preclean 5169.102ms
[2020-09-11T14:42:24.424+0000][1][gc,cpu       ] GC(64) User=2.44s Sys=0.03s Real=5.18s
[2020-09-11T14:42:24.424+0000][1][gc,start     ] GC(64) Pause Remark
[2020-09-11T14:42:24.467+0000][1][gc           ] GC(64) Pause Remark 104M->104M(2039M) 43.641ms
[2020-09-11T14:42:24.467+0000][1][gc,cpu       ] GC(64) User=0.05s Sys=0.00s Real=0.04s
[2020-09-11T14:42:24.473+0000][1][safepoint    ] Safepoint "CMS_Final_Remark", Time since last: 367741061 ns, Reaching safepoint: 54499 ns, At safepoint: 48799540 ns, Total: 48854039 ns
[2020-09-11T14:42:24.473+0000][1][gc           ] GC(64) Concurrent Sweep
[2020-09-11T14:42:24.489+0000][1][gc           ] GC(64) Concurrent Sweep 16.451ms
[2020-09-11T14:42:24.489+0000][1][gc,cpu       ] GC(64) User=0.02s Sys=0.00s Real=0.02s
[2020-09-11T14:42:24.489+0000][1][gc           ] GC(64) Concurrent Reset
[2020-09-11T14:42:24.492+0000][1][gc           ] GC(64) Concurrent Reset 3.350ms
[2020-09-11T14:42:24.493+0000][1][gc,cpu       ] GC(64) User=0.00s Sys=0.00s Real=0.00s
[2020-09-11T14:42:24.493+0000][1][gc,heap      ] GC(64) Old: 56717K->55723K(2011968K)
[2020-09-11T14:42:25.481+0000][1][safepoint    ] Safepoint "Cleanup", Time since last: 1006998052 ns, Reaching safepoint: 1423663 ns, At safepoint: 23798 ns, Total: 1447461 ns
[2020-09-11T14:42:25.658+0000][1][safepoint    ] Safepoint "RevokeBias", Time since last: 177315008 ns, Reaching safepoint: 74882 ns, At safepoint: 43419 ns, Total: 118301 ns
[2020-09-11T14:42:25.659+0000][1][safepoint    ] Safepoint "RevokeBias", Time since last: 116324 ns, Reaching safepoint: 45922 ns, At safepoint: 25826 ns, Total: 71748 ns
[2020-09-11T14:42:26.659+0000][1][safepoint    ] Safepoint "Cleanup", Time since last: 1000753185 ns, Reaching safepoint: 85405 ns, At safepoint: 6600 ns, Total: 92005 ns
[2020-09-11T14:42:27.049+0000][1][safepoint    ] Safepoint "RevokeBias", Time since last: 389742615 ns, Reaching safepoint: 37486 ns, At safepoint: 15384 ns, Total: 52870 ns
[2020-09-11T14:42:27.050+0000][1][safepoint    ] Safepoint "RevokeBias", Time since last: 436389 ns, Reaching safepoint: 18289 ns, At safepoint: 10103 ns, Total: 28392 ns
[2020-09-11T14:42:27.050+0000][1][safepoint    ] Safepoint "RevokeBias", Time since last: 556180 ns, Reaching safepoint: 15300 ns, At safepoint: 8866 ns, Total: 24166 ns
[2020-09-11T14:42:27.050+0000][1][safepoint    ] Safepoint "RevokeBias", Time since last: 129644 ns, Reaching safepoint: 15698 ns, At safepoint: 8221 ns, Total: 23919 ns
[2020-09-11T14:42:28.053+0000][1][safepoint    ] Safepoint "Cleanup", Time since last: 1002414576 ns, Reaching safepoint: 271900 ns, At safepoint: 28132 ns, Total: 300032 ns
[2020-09-11T14:42:28.055+0000][1][safepoint    ] Safepoint "RevokeBias", Time since last: 1121232 ns, Reaching safepoint: 230679 ns, At safepoint: 49089 ns, Total: 279768 ns
[2020-09-11T14:42:28.057+0000][1][safepoint    ] Safepoint "RevokeBias", Time since last: 1730664 ns, Reaching safepoint: 235427 ns, At safepoint: 44502 ns, Total: 279929 ns
[2020-09-11T14:42:28.057+0000][1][safepoint    ] Safepoint "RevokeBias", Time since last: 371462 ns, Reaching safepoint: 239560 ns, At safepoint: 43907 ns, Total: 283467 ns
[2020-09-11T14:42:28.058+0000][1][safepoint    ] Safepoint "RevokeBias", Time since last: 666626 ns, Reaching safepoint: 233131 ns, At safepoint: 40888 ns, Total: 274019 ns
[2020-09-11T14:42:28.061+0000][1][safepoint    ] Safepoint "RevokeBias", Time since last: 2480310 ns, Reaching safepoint: 157347 ns, At safepoint: 67285 ns, Total: 224632 ns
[2020-09-11T14:42:28.062+0000][1][safepoint    ] Safepoint "RevokeBias", Time since last: 1357924 ns, Reaching safepoint: 135730 ns, At safepoint: 21546 ns, Total: 157276 ns
[2020-09-11T14:42:29.063+0000][1][safepoint    ] Safepoint "Cleanup", Time since last: 1000161313 ns, Reaching safepoint: 63751 ns, At safepoint: 6764 ns, Total: 70515 ns
[2020-09-11T14:42:30.063+0000][1][safepoint    ] Safepoint "Cleanup", Time since last: 1000101110 ns, Reaching safepoint: 677668 ns, At safepoint: 7469 ns, Total: 685137 ns
[2020-09-11T14:42:31.056+0000][1][safepoint    ] Safepoint "RevokeBias", Time since last: 992452867 ns, Reaching safepoint: 208429 ns, At safepoint: 40085 ns, Total: 248514 ns
[2020-09-11T14:42:31.058+0000][1][safepoint    ] Safepoint "RevokeBias", Time since last: 1241809 ns, Reaching safepoint: 154985 ns, At safepoint: 31282 ns, Total: 186267 ns
[2020-09-11T14:42:31.060+0000][1][safepoint    ] Safepoint "RevokeBias", Time since last: 1855229 ns, Reaching safepoint: 213126 ns, At safepoint: 35672 ns, Total: 248798 ns
[2020-09-11T14:42:31.062+0000][1][safepoint    ] Safepoint "RevokeBias", Time since last: 2170198 ns, Reaching safepoint: 146416 ns, At safepoint: 35197 ns, Total: 181613 ns
[2020-09-11T14:42:32.058+0000][1][safepoint    ] Safepoint "RevokeBias", Time since last: 996142476 ns, Reaching safepoint: 171052 ns, At safepoint: 40523 ns, Total: 211575 ns
[2020-09-11T14:42:32.060+0000][1][safepoint    ] Safepoint "RevokeBias", Time since last: 1194126 ns, Reaching safepoint: 140439 ns, At safepoint: 45130 ns, Total: 185569 ns
[2020-09-11T14:42:32.060+0000][1][safepoint    ] Safepoint "RevokeBias", Time since last: 373457 ns, Reaching safepoint: 216447 ns, At safepoint: 33042 ns, Total: 249489 ns
[2020-09-11T14:42:32.061+0000][1][safepoint    ] Safepoint "RevokeBias", Time since last: 342573 ns, Reaching safepoint: 152159 ns, At safepoint: 43506 ns, Total: 195665 ns
[2020-09-11T14:42:32.062+0000][1][safepoint    ] Safepoint "RevokeBias", Time since last: 742380 ns, Reaching safepoint: 237328 ns, At safepoint: 47108 ns, Total: 284436 ns
[2020-09-11T14:42:32.063+0000][1][safepoint    ] Safepoint "RevokeBias", Time since last: 880581 ns, Reaching safepoint: 133760 ns, At safepoint: 15655 ns, Total: 149415 ns
[2020-09-11T14:42:32.064+0000][1][safepoint    ] Safepoint "RevokeBias", Time since last: 772687 ns, Reaching safepoint: 333454 ns, At safepoint: 18001 ns, Total: 351455 ns
[2020-09-11T14:42:32.064+0000][1][safepoint    ] Safepoint "RevokeBias", Time since last: 312699 ns, Reaching safepoint: 122870 ns, At safepoint: 26377 ns, Total: 149247 ns
[2020-09-11T14:42:33.065+0000][1][safepoint    ] Safepoint "Cleanup", Time since last: 1000141577 ns, Reaching safepoint: 83711 ns, At safepoint: 6654 ns, Total: 90365 ns
[2020-09-11T14:42:34.065+0000][1][safepoint    ] Safepoint "Cleanup", Time since last: 1000172477 ns, Reaching safepoint: 82506 ns, At safepoint: 17036 ns, Total: 99542 ns
[2020-09-11T14:42:35.059+0000][1][safepoint    ] Safepoint "RevokeBias", Time since last: 993398744 ns, Reaching safepoint: 126837 ns, At safepoint: 17274 ns, Total: 144111 ns
[2020-09-11T14:42:35.060+0000][1][safepoint    ] Safepoint "RevokeBias", Time since last: 970240 ns, Reaching safepoint: 90683 ns, At safepoint: 13969 ns, Total: 104652 ns
[2020-09-11T14:42:35.061+0000][1][safepoint    ] Safepoint "RevokeBias", Time since last: 1525695 ns, Reaching safepoint: 96151 ns, At safepoint: 15751 ns, Total: 111902 ns
[2020-09-11T14:42:35.062+0000][1][safepoint    ] Safepoint "RevokeBias", Time since last: 401914 ns, Reaching safepoint: 128642 ns, At safepoint: 13109 ns, Total: 141751 ns
[2020-09-11T14:42:36.055+0000][1][safepoint    ] Safepoint "RevokeBias", Time since last: 993282690 ns, Reaching safepoint: 145509 ns, At safepoint: 23864 ns, Total: 169373 ns
[2020-09-11T14:42:36.056+0000][1][safepoint    ] Safepoint "RevokeBias", Time since last: 627751 ns, Reaching safepoint: 97145 ns, At safepoint: 18098 ns, Total: 115243 ns
[2020-09-11T14:42:36.058+0000][1][safepoint    ] Safepoint "BulkRevokeBias", Time since last: 1268969 ns, Reaching safepoint: 140455 ns, At safepoint: 123934 ns, Total: 264389 ns
[2020-09-11T14:42:36.058+0000][1][safepoint    ] Safepoint "BulkRevokeBias", Time since last: 341676 ns, Reaching safepoint: 131342 ns, At safepoint: 93614 ns, Total: 224956 ns
[2020-09-11T14:42:36.059+0000][1][safepoint    ] Safepoint "RevokeBias", Time since last: 750751 ns, Reaching safepoint: 135178 ns, At safepoint: 16030 ns, Total: 151208 ns
[2020-09-11T14:42:36.060+0000][1][safepoint    ] Safepoint "BulkRevokeBias", Time since last: 600159 ns, Reaching safepoint: 133057 ns, At safepoint: 111658 ns, Total: 244715 ns
[2020-09-11T14:42:37.060+0000][1][safepoint    ] Safepoint "Cleanup", Time since last: 1000146040 ns, Reaching safepoint: 78843 ns, At safepoint: 7344 ns, Total: 86187 ns
[2020-09-11T14:42:38.060+0000][1][safepoint    ] Safepoint "Cleanup", Time since last: 1000178299 ns, Reaching safepoint: 71659 ns, At safepoint: 6613 ns, Total: 78272 ns
[2020-09-11T14:42:39.057+0000][1][safepoint    ] Safepoint "RevokeBias", Time since last: 996741585 ns, Reaching safepoint: 196542 ns, At safepoint: 49891 ns, Total: 246433 ns
[2020-09-11T14:42:39.059+0000][1][safepoint    ] Safepoint "RevokeBias", Time since last: 1190861 ns, Reaching safepoint: 245775 ns, At safepoint: 36190 ns, Total: 281965 ns
[2020-09-11T14:42:39.060+0000][1][safepoint    ] Safepoint "RevokeBias", Time since last: 1090550 ns, Reaching safepoint: 157946 ns, At safepoint: 34977 ns, Total: 192923 ns
[2020-09-11T14:42:39.062+0000][1][safepoint    ] Safepoint "BulkRevokeBias", Time since last: 1180764 ns, Reaching safepoint: 143824 ns, At safepoint: 328816 ns, Total: 472640 ns
[2020-09-11T14:42:40.060+0000][1][safepoint    ] Safepoint "RevokeBias", Time since last: 997517686 ns, Reaching safepoint: 229672 ns, At safepoint: 58387 ns, Total: 288059 ns
[2020-09-11T14:42:40.061+0000][1][safepoint    ] Safepoint "RevokeBias", Time since last: 1592891 ns, Reaching safepoint: 171682 ns, At safepoint: 48778 ns, Total: 220460 ns
[2020-09-11T14:42:40.062+0000][1][safepoint    ] Safepoint "RevokeBias", Time since last: 385784 ns, Reaching safepoint: 239260 ns, At safepoint: 44966 ns, Total: 284226 ns
[2020-09-11T14:42:40.063+0000][1][safepoint    ] Safepoint "RevokeBias", Time since last: 469922 ns, Reaching safepoint: 137755 ns, At safepoint: 15722 ns, Total: 153477 ns
[2020-09-11T14:42:40.067+0000][1][safepoint    ] Safepoint "RevokeBias", Time since last: 3828159 ns, Reaching safepoint: 247995 ns, At safepoint: 20165 ns, Total: 268160 ns
[2020-09-11T14:42:40.067+0000][1][safepoint    ] Safepoint "RevokeBias", Time since last: 81005 ns, Reaching safepoint: 87273 ns, At safepoint: 13875 ns, Total: 101148 ns
[2020-09-11T14:42:40.068+0000][1][safepoint    ] Safepoint "RevokeBias", Time since last: 485690 ns, Reaching safepoint: 88382 ns, At safepoint: 13105 ns, Total: 101487 ns
[2020-09-11T14:42:40.069+0000][1][safepoint    ] Safepoint "RevokeBias", Time since last: 1564475 ns, Reaching safepoint: 98899 ns, At safepoint: 14914 ns, Total: 113813 ns
[2020-09-11T14:42:41.069+0000][1][safepoint    ] Safepoint "Cleanup", Time since last: 1000160555 ns, Reaching safepoint: 92005 ns, At safepoint: 16986 ns, Total: 108991 ns
[2020-09-11T14:42:42.070+0000][1][safepoint    ] Safepoint "Cleanup", Time since last: 1000226838 ns, Reaching safepoint: 83883 ns, At safepoint: 16802 ns, Total: 100685 ns
[2020-09-11T14:42:43.058+0000][1][safepoint    ] Safepoint "RevokeBias", Time since last: 988294286 ns, Reaching safepoint: 39928 ns, At safepoint: 17597 ns, Total: 57525 ns
[2020-09-11T14:42:43.059+0000][1][safepoint    ] Safepoint "RevokeBias", Time since last: 511855 ns, Reaching safepoint: 21354 ns, At safepoint: 11522 ns, Total: 32876 ns
[2020-09-11T14:42:43.059+0000][1][safepoint    ] Safepoint "RevokeBias", Time since last: 605595 ns, Reaching safepoint: 21500 ns, At safepoint: 12554 ns, Total: 34054 ns
[2020-09-11T14:42:43.062+0000][1][safepoint    ] Safepoint "RevokeBias", Time since last: 2216135 ns, Reaching safepoint: 36044 ns, At safepoint: 15332 ns, Total: 51376 ns
[2020-09-11T14:42:44.060+0000][1][safepoint    ] Safepoint "RevokeBias", Time since last: 998588203 ns, Reaching safepoint: 84314 ns, At safepoint: 52671 ns, Total: 136985 ns
[2020-09-11T14:42:44.063+0000][1][safepoint    ] Safepoint "RevokeBias", Time since last: 2274028 ns, Reaching safepoint: 23718 ns, At safepoint: 15828 ns, Total: 39546 ns
[2020-09-11T14:42:44.063+0000][1][safepoint    ] Safepoint "RevokeBias", Time since last: 83437 ns, Reaching safepoint: 18388 ns, At safepoint: 9320 ns, Total: 27708 ns
[2020-09-11T14:42:44.063+0000][1][safepoint    ] Safepoint "RevokeBias", Time since last: 64447 ns, Reaching safepoint: 18012 ns, At safepoint: 9083 ns, Total: 27095 ns
[2020-09-11T14:42:44.063+0000][1][safepoint    ] Safepoint "RevokeBias", Time since last: 114362 ns, Reaching safepoint: 18225 ns, At safepoint: 9245 ns, Total: 27470 ns
[2020-09-11T14:42:44.064+0000][1][safepoint    ] Safepoint "RevokeBias", Time since last: 527652 ns, Reaching safepoint: 97597 ns, At safepoint: 12757 ns, Total: 110354 ns
[2020-09-11T14:42:44.064+0000][1][safepoint    ] Safepoint "RevokeBias", Time since last: 309538 ns, Reaching safepoint: 135643 ns, At safepoint: 12010 ns, Total: 147653 ns
[2020-09-11T14:42:44.064+0000][1][safepoint    ] Safepoint "RevokeBias", Time since last: 35624 ns, Reaching safepoint: 137613 ns, At safepoint: 11581 ns, Total: 149194 ns
[2020-09-11T14:42:44.065+0000][1][safepoint    ] Safepoint "RevokeBias", Time since last: 316552 ns, Reaching safepoint: 133670 ns, At safepoint: 12602 ns, Total: 146272 ns
[2020-09-11T14:42:44.065+0000][1][safepoint    ] Safepoint "RevokeBias", Time since last: 277584 ns, Reaching safepoint: 139934 ns, At safepoint: 12158 ns, Total: 152092 ns
[2020-09-11T14:42:45.452+0000][1][safepoint    ] Safepoint "Cleanup", Time since last: 1386404269 ns, Reaching safepoint: 147271 ns, At safepoint: 18042 ns, Total: 165313 ns
[2020-09-11T14:42:46.452+0000][1][safepoint    ] Safepoint "Cleanup", Time since last: 1000216976 ns, Reaching safepoint: 72901 ns, At safepoint: 7638 ns, Total: 80539 ns
[2020-09-11T14:42:47.060+0000][1][safepoint    ] Safepoint "RevokeBias", Time since last: 607498524 ns, Reaching safepoint: 42068 ns, At safepoint: 19573 ns, Total: 61641 ns
[2020-09-11T14:42:47.060+0000][1][safepoint    ] Safepoint "RevokeBias", Time since last: 587941 ns, Reaching safepoint: 22442 ns, At safepoint: 13991 ns, Total: 36433 ns
[2020-09-11T14:42:47.061+0000][1][safepoint    ] Safepoint "RevokeBias", Time since last: 1230864 ns, Reaching safepoint: 24854 ns, At safepoint: 14354 ns, Total: 39208 ns
[2020-09-11T14:42:47.063+0000][1][safepoint    ] Safepoint "RevokeBias", Time since last: 1479056 ns, Reaching safepoint: 32144 ns, At safepoint: 15773 ns, Total: 47917 ns
[2020-09-11T14:42:48.060+0000][1][safepoint    ] Safepoint "RevokeBias", Time since last: 996400860 ns, Reaching safepoint: 162264 ns, At safepoint: 27387 ns, Total: 189651 ns
[2020-09-11T14:42:48.061+0000][1][safepoint    ] Safepoint "RevokeBias", Time since last: 863095 ns, Reaching safepoint: 109330 ns, At safepoint: 17949 ns, Total: 127279 ns
[2020-09-11T14:42:48.061+0000][1][safepoint    ] Safepoint "RevokeBias", Time since last: 116955 ns, Reaching safepoint: 138904 ns, At safepoint: 15384 ns, Total: 154288 ns
[2020-09-11T14:42:48.061+0000][1][safepoint    ] Safepoint "RevokeBias", Time since last: 210214 ns, Reaching safepoint: 129639 ns, At safepoint: 17548 ns, Total: 147187 ns
[2020-09-11T14:42:48.062+0000][1][safepoint    ] Safepoint "RevokeBias", Time since last: 692317 ns, Reaching safepoint: 136854 ns, At safepoint: 17441 ns, Total: 154295 ns
[2020-09-11T14:42:48.063+0000][1][safepoint    ] Safepoint "RevokeBias", Time since last: 572807 ns, Reaching safepoint: 171372 ns, At safepoint: 16772 ns, Total: 188144 ns
[2020-09-11T14:42:49.063+0000][1][safepoint    ] Safepoint "Cleanup", Time since last: 1000121619 ns, Reaching safepoint: 95431 ns, At safepoint: 6028 ns, Total: 101459 ns
[2020-09-11T14:42:49.210+0000][1][safepoint    ] Safepoint "RevokeBias", Time since last: 146612767 ns, Reaching safepoint: 34598 ns, At safepoint: 18286 ns, Total: 52884 ns
[2020-09-11T14:42:50.092+0000][1][safepoint    ] Safepoint "RevokeBias", Time since last: 881726207 ns, Reaching safepoint: 128951 ns, At safepoint: 27425 ns, Total: 156376 ns
[2020-09-11T14:42:50.092+0000][1][safepoint    ] Safepoint "RevokeBias", Time since last: 304406 ns, Reaching safepoint: 23295 ns, At safepoint: 17659 ns, Total: 40954 ns
[2020-09-11T14:42:50.099+0000][1][gc,start     ] GC(65) Pause Young (Allocation Failure)
[2020-09-11T14:42:50.099+0000][1][gc,task      ] GC(65) Using 1 workers of 1 for evacuation
[2020-09-11T14:42:50.144+0000][1][gc,age       ] GC(65) Desired survivor size 4358144 bytes, new threshold 2 (max threshold 6)
[2020-09-11T14:42:50.144+0000][1][gc,age       ] GC(65) Age table with threshold 2 (max threshold 6)
[2020-09-11T14:42:50.144+0000][1][gc,age       ] GC(65) - age   1:    1553200 bytes,    1553200 total
[2020-09-11T14:42:50.144+0000][1][gc,age       ] GC(65) - age   2:    3397016 bytes,    4950216 total
[2020-09-11T14:42:50.144+0000][1][gc,heap      ] GC(65) ParNew: 76203K->6154K(76672K)
[2020-09-11T14:42:50.144+0000][1][gc,heap      ] GC(65) CMS: 55723K->59202K(2011968K)
[2020-09-11T14:42:50.144+0000][1][gc,metaspace ] GC(65) Metaspace: 71427K->71427K(1116160K)
[2020-09-11T14:42:50.144+0000][1][gc           ] GC(65) Pause Young (Allocation Failure) 128M->63M(2039M) 44.846ms
[2020-09-11T14:42:50.144+0000][1][gc,cpu       ] GC(65) User=0.04s Sys=0.00s Real=0.05s
[2020-09-11T14:42:50.148+0000][1][safepoint    ] Safepoint "GenCollectForAllocation", Time since last: 6795378 ns, Reaching safepoint: 114516 ns, At safepoint: 49536891 ns, Total: 49651407 ns
[2020-09-11T14:42:51.060+0000][1][safepoint    ] Safepoint "RevokeBias", Time since last: 911915934 ns, Reaching safepoint: 176387 ns, At safepoint: 21039 ns, Total: 197426 ns
[2020-09-11T14:42:51.061+0000][1][safepoint    ] Safepoint "RevokeBias", Time since last: 463799 ns, Reaching safepoint: 141356 ns, At safepoint: 13152 ns, Total: 154508 ns
[2020-09-11T14:42:51.062+0000][1][safepoint    ] Safepoint "RevokeBias", Time since last: 339909 ns, Reaching safepoint: 145119 ns, At safepoint: 13162 ns, Total: 158281 ns
[2020-09-11T14:42:51.062+0000][1][safepoint    ] Safepoint "RevokeBias", Time since last: 550259 ns, Reaching safepoint: 139604 ns, At safepoint: 15615 ns, Total: 155219 ns
[2020-09-11T14:42:52.064+0000][1][safepoint    ] Safepoint "RevokeBias", Time since last: 1001068594 ns, Reaching safepoint: 210691 ns, At safepoint: 47342 ns, Total: 258033 ns
[2020-09-11T14:42:52.065+0000][1][safepoint    ] Safepoint "RevokeBias", Time since last: 1476149 ns, Reaching safepoint: 262697 ns, At safepoint: 53380 ns, Total: 316077 ns
[2020-09-11T14:42:52.066+0000][1][safepoint    ] Safepoint "RevokeBias", Time since last: 502785 ns, Reaching safepoint: 248752 ns, At safepoint: 75370 ns, Total: 324122 ns
[2020-09-11T14:42:52.067+0000][1][safepoint    ] Safepoint "RevokeBias", Time since last: 485602 ns, Reaching safepoint: 145605 ns, At safepoint: 72363 ns, Total: 217968 ns
[2020-09-11T14:42:52.069+0000][1][safepoint    ] Safepoint "RevokeBias", Time since last: 1874235 ns, Reaching safepoint: 248875 ns, At safepoint: 80461 ns, Total: 329336 ns
[2020-09-11T14:42:52.070+0000][1][safepoint    ] Safepoint "RevokeBias", Time since last: 914943 ns, Reaching safepoint: 249574 ns, At safepoint: 63349 ns, Total: 312923 ns
[2020-09-11T14:42:52.076+0000][1][safepoint    ] Safepoint "RevokeBias", Time since last: 5270101 ns, Reaching safepoint: 151871 ns, At safepoint: 31983 ns, Total: 183854 ns
[2020-09-11T14:42:53.076+0000][1][safepoint    ] Safepoint "Cleanup", Time since last: 1000126827 ns, Reaching safepoint: 104938 ns, At safepoint: 17290 ns, Total: 122228 ns
[2020-09-11T14:42:54.076+0000][1][safepoint    ] Safepoint "Cleanup", Time since last: 1000175999 ns, Reaching safepoint: 106879 ns, At safepoint: 16972 ns, Total: 123851 ns
[2020-09-11T14:42:55.062+0000][1][safepoint    ] Safepoint "RevokeBias", Time since last: 985776089 ns, Reaching safepoint: 167096 ns, At safepoint: 20757 ns, Total: 187853 ns
[2020-09-11T14:42:55.063+0000][1][safepoint    ] Safepoint "RevokeBias", Time since last: 749795 ns, Reaching safepoint: 147385 ns, At safepoint: 15553 ns, Total: 162938 ns
[2020-09-11T14:42:55.064+0000][1][safepoint    ] Safepoint "RevokeBias", Time since last: 620845 ns, Reaching safepoint: 148274 ns, At safepoint: 14910 ns, Total: 163184 ns
[2020-09-11T14:42:55.070+0000][1][safepoint    ] Safepoint "RevokeBias", Time since last: 3590363 ns, Reaching safepoint: 2272056 ns, At safepoint: 22352 ns, Total: 2294408 ns
[2020-09-11T14:42:56.062+0000][1][safepoint    ] Safepoint "RevokeBias", Time since last: 992014375 ns, Reaching safepoint: 39870 ns, At safepoint: 124108 ns, Total: 163978 ns
[2020-09-11T14:42:56.063+0000][1][safepoint    ] Safepoint "RevokeBias", Time since last: 903894 ns, Reaching safepoint: 24048 ns, At safepoint: 103602 ns, Total: 127650 ns
[2020-09-11T14:42:56.064+0000][1][safepoint    ] Safepoint "RevokeBias", Time since last: 980151 ns, Reaching safepoint: 26599 ns, At safepoint: 111431 ns, Total: 138030 ns
[2020-09-11T14:42:57.064+0000][1][safepoint    ] Safepoint "Cleanup", Time since last: 1000087793 ns, Reaching safepoint: 126452 ns, At safepoint: 6227 ns, Total: 132679 ns
[2020-09-11T14:42:58.067+0000][1][safepoint    ] Safepoint "Cleanup", Time since last: 1002824281 ns, Reaching safepoint: 132922 ns, At safepoint: 12987 ns, Total: 145909 ns
[2020-09-11T14:42:59.063+0000][1][safepoint    ] Safepoint "RevokeBias", Time since last: 995261882 ns, Reaching safepoint: 232441 ns, At safepoint: 50061 ns, Total: 282502 ns
[2020-09-11T14:42:59.065+0000][1][safepoint    ] Safepoint "RevokeBias", Time since last: 1209591 ns, Reaching safepoint: 252390 ns, At safepoint: 37934 ns, Total: 290324 ns
[2020-09-11T14:42:59.066+0000][1][safepoint    ] Safepoint "RevokeBias", Time since last: 919967 ns, Reaching safepoint: 164893 ns, At safepoint: 36440 ns, Total: 201333 ns
[2020-09-11T14:42:59.067+0000][1][safepoint    ] Safepoint "BulkRevokeBias", Time since last: 912922 ns, Reaching safepoint: 162540 ns, At safepoint: 398272 ns, Total: 560812 ns
[2020-09-11T14:43:00.067+0000][1][safepoint    ] Safepoint "Cleanup", Time since last: 1000201986 ns, Reaching safepoint: 166416 ns, At safepoint: 15375 ns, Total: 181791 ns
[2020-09-11T14:43:01.068+0000][1][safepoint    ] Safepoint "Cleanup", Time since last: 1000217682 ns, Reaching safepoint: 84547 ns, At safepoint: 6672 ns, Total: 91219 ns
[2020-09-11T14:43:02.068+0000][1][safepoint    ] Safepoint "Cleanup", Time since last: 1000187077 ns, Reaching safepoint: 75805 ns, At safepoint: 6857 ns, Total: 82662 ns
[2020-09-11T14:43:03.068+0000][1][safepoint    ] Safepoint "Cleanup", Time since last: 1000162652 ns, Reaching safepoint: 84695 ns, At safepoint: 7203 ns, Total: 91898 ns
[2020-09-11T14:43:04.069+0000][1][safepoint    ] Safepoint "Cleanup", Time since last: 1000149467 ns, Reaching safepoint: 116682 ns, At safepoint: 17022 ns, Total: 133704 ns
[2020-09-11T14:43:05.069+0000][1][safepoint    ] Safepoint "Cleanup", Time since last: 1000235352 ns, Reaching safepoint: 93246 ns, At safepoint: 7169 ns, Total: 100415 ns
[2020-09-11T14:43:06.069+0000][1][safepoint    ] Safepoint "Cleanup", Time since last: 1000128857 ns, Reaching safepoint: 99910 ns, At safepoint: 13922 ns, Total: 113832 ns
[2020-09-11T14:43:07.069+0000][1][safepoint    ] Safepoint "Cleanup", Time since last: 1000168853 ns, Reaching safepoint: 112348 ns, At safepoint: 5757 ns, Total: 118105 ns
[2020-09-11T14:43:08.070+0000][1][safepoint    ] Safepoint "Cleanup", Time since last: 1000140733 ns, Reaching safepoint: 113654 ns, At safepoint: 17083 ns, Total: 130737 ns
[2020-09-11T14:43:09.070+0000][1][safepoint    ] Safepoint "Cleanup", Time since last: 1000170929 ns, Reaching safepoint: 102209 ns, At safepoint: 6281 ns, Total: 108490 ns
[2020-09-11T14:43:10.070+0000][1][safepoint    ] Safepoint "Cleanup", Time since last: 1000169538 ns, Reaching safepoint: 89480 ns, At safepoint: 6922 ns, Total: 96402 ns
[2020-09-11T14:43:11.071+0000][1][safepoint    ] Safepoint "Cleanup", Time since last: 1000138193 ns, Reaching safepoint: 103129 ns, At safepoint: 7233 ns, Total: 110362 ns
[2020-09-11T14:43:12.071+0000][1][safepoint    ] Safepoint "Cleanup", Time since last: 1000175262 ns, Reaching safepoint: 87509 ns, At safepoint: 6858 ns, Total: 94367 ns
[2020-09-11T14:43:13.071+0000][1][safepoint    ] Safepoint "Cleanup", Time since last: 1000173088 ns, Reaching safepoint: 102472 ns, At safepoint: 17016 ns, Total: 119488 ns
[2020-09-11T14:43:14.071+0000][1][safepoint    ] Safepoint "Cleanup", Time since last: 1000224929 ns, Reaching safepoint: 155454 ns, At safepoint: 15255 ns, Total: 170709 ns
[2020-09-11T14:43:15.072+0000][1][safepoint    ] Safepoint "Cleanup", Time since last: 1000183047 ns, Reaching safepoint: 116060 ns, At safepoint: 16748 ns, Total: 132808 ns
[2020-09-11T14:43:16.072+0000][1][safepoint    ] Safepoint "Cleanup", Time since last: 1000181686 ns, Reaching safepoint: 115506 ns, At safepoint: 17450 ns, Total: 132956 ns
[2020-09-11T14:43:17.072+0000][1][safepoint    ] Safepoint "Cleanup", Time since last: 1000212403 ns, Reaching safepoint: 94647 ns, At safepoint: 7183 ns, Total: 101830 ns
[2020-09-11T14:43:18.073+0000][1][safepoint    ] Safepoint "Cleanup", Time since last: 1000182178 ns, Reaching safepoint: 112776 ns, At safepoint: 17690 ns, Total: 130466 ns
[2020-09-11T14:43:19.073+0000][1][safepoint    ] Safepoint "Cleanup", Time since last: 1000182504 ns, Reaching safepoint: 103708 ns, At safepoint: 6843 ns, Total: 110551 ns
[2020-09-11T14:43:20.073+0000][1][safepoint    ] Safepoint "Cleanup", Time since last: 1000163165 ns, Reaching safepoint: 113277 ns, At safepoint: 17647 ns, Total: 130924 ns
[2020-09-11T14:43:21.074+0000][1][safepoint    ] Safepoint "Cleanup", Time since last: 1000227433 ns, Reaching safepoint: 122558 ns, At safepoint: 21412 ns, Total: 143970 ns
[2020-09-11T14:43:22.074+0000][1][safepoint    ] Safepoint "Cleanup", Time since last: 1000164200 ns, Reaching safepoint: 116458 ns, At safepoint: 6910 ns, Total: 123368 ns
[2020-09-11T14:43:23.074+0000][1][safepoint    ] Safepoint "Cleanup", Time since last: 1000179767 ns, Reaching safepoint: 88052 ns, At safepoint: 7010 ns, Total: 95062 ns
[2020-09-11T14:43:24.075+0000][1][safepoint    ] Safepoint "Cleanup", Time since last: 1000183597 ns, Reaching safepoint: 85248 ns, At safepoint: 7014 ns, Total: 92262 ns
[2020-09-11T14:43:25.075+0000][1][safepoint    ] Safepoint "Cleanup", Time since last: 1000172613 ns, Reaching safepoint: 121089 ns, At safepoint: 17974 ns, Total: 139063 ns
[2020-09-11T14:43:26.075+0000][1][safepoint    ] Safepoint "Cleanup", Time since last: 1000245962 ns, Reaching safepoint: 87893 ns, At safepoint: 7361 ns, Total: 95254 ns
[2020-09-11T14:43:27.075+0000][1][safepoint    ] Safepoint "Cleanup", Time since last: 1000144384 ns, Reaching safepoint: 141225 ns, At safepoint: 15619 ns, Total: 156844 ns
[2020-09-11T14:43:28.076+0000][1][safepoint    ] Safepoint "Cleanup", Time since last: 1000230130 ns, Reaching safepoint: 85305 ns, At safepoint: 15342 ns, Total: 100647 ns
[2020-09-11T14:43:29.076+0000][1][safepoint    ] Safepoint "Cleanup", Time since last: 1000170938 ns, Reaching safepoint: 57789 ns, At safepoint: 7195 ns, Total: 64984 ns
[2020-09-11T14:43:30.076+0000][1][safepoint    ] Safepoint "Cleanup", Time since last: 1000195645 ns, Reaching safepoint: 108536 ns, At safepoint: 16227 ns, Total: 124763 ns
[2020-09-11T14:43:31.078+0000][1][safepoint    ] Safepoint "Cleanup", Time since last: 1001118984 ns, Reaching safepoint: 302943 ns, At safepoint: 23905 ns, Total: 326848 ns
[2020-09-11T14:43:32.079+0000][1][safepoint    ] Safepoint "Cleanup", Time since last: 1000671568 ns, Reaching safepoint: 201603 ns, At safepoint: 20801 ns, Total: 222404 ns
[2020-09-11T14:43:33.079+0000][1][safepoint    ] Safepoint "Cleanup", Time since last: 1000249590 ns, Reaching safepoint: 218462 ns, At safepoint: 17236 ns, Total: 235698 ns
[2020-09-11T14:43:34.080+0000][1][safepoint    ] Safepoint "Cleanup", Time since last: 1000162352 ns, Reaching safepoint: 243199 ns, At safepoint: 16254 ns, Total: 259453 ns
[2020-09-11T14:43:35.080+0000][1][safepoint    ] Safepoint "Cleanup", Time since last: 1000182525 ns, Reaching safepoint: 214556 ns, At safepoint: 19241 ns, Total: 233797 ns
[2020-09-11T14:43:36.086+0000][1][safepoint    ] Safepoint "Cleanup", Time since last: 1005737689 ns, Reaching safepoint: 107433 ns, At safepoint: 16933 ns, Total: 124366 ns
[2020-09-11T14:43:37.086+0000][1][safepoint    ] Safepoint "Cleanup", Time since last: 1000174904 ns, Reaching safepoint: 102357 ns, At safepoint: 7346 ns, Total: 109703 ns
[2020-09-11T14:43:38.087+0000][1][safepoint    ] Safepoint "Cleanup", Time since last: 1000523593 ns, Reaching safepoint: 209017 ns, At safepoint: 19461 ns, Total: 228478 ns
[2020-09-11T14:43:39.087+0000][1][safepoint    ] Safepoint "Cleanup", Time since last: 1000173390 ns, Reaching safepoint: 104768 ns, At safepoint: 6411 ns, Total: 111179 ns
[2020-09-11T14:43:40.087+0000][1][safepoint    ] Safepoint "Cleanup", Time since last: 1000199467 ns, Reaching safepoint: 60756 ns, At safepoint: 6192 ns, Total: 66948 ns
[2020-09-11T14:43:41.088+0000][1][safepoint    ] Safepoint "Cleanup", Time since last: 1000137123 ns, Reaching safepoint: 123752 ns, At safepoint: 7544 ns, Total: 131296 ns
[2020-09-11T14:43:42.088+0000][1][safepoint    ] Safepoint "Cleanup", Time since last: 1000229505 ns, Reaching safepoint: 354688 ns, At safepoint: 23217 ns, Total: 377905 ns
[2020-09-11T14:43:43.089+0000][1][safepoint    ] Safepoint "Cleanup", Time since last: 1000200863 ns, Reaching safepoint: 232758 ns, At safepoint: 19027 ns, Total: 251785 ns
[2020-09-11T14:43:44.089+0000][1][safepoint    ] Safepoint "Cleanup", Time since last: 1000317893 ns, Reaching safepoint: 100310 ns, At safepoint: 13632 ns, Total: 113942 ns
[2020-09-11T14:43:45.090+0000][1][safepoint    ] Safepoint "Cleanup", Time since last: 1000182725 ns, Reaching safepoint: 133729 ns, At safepoint: 8229 ns, Total: 141958 ns
[2020-09-11T14:43:46.091+0000][1][safepoint    ] Safepoint "Cleanup", Time since last: 1001065013 ns, Reaching safepoint: 136676 ns, At safepoint: 9238 ns, Total: 145914 ns
[2020-09-11T14:43:47.092+0000][1][safepoint    ] Safepoint "Cleanup", Time since last: 1000796083 ns, Reaching safepoint: 53025 ns, At safepoint: 7361 ns, Total: 60386 ns
[2020-09-11T14:43:48.092+0000][1][safepoint    ] Safepoint "Cleanup", Time since last: 1000109855 ns, Reaching safepoint: 63795 ns, At safepoint: 7254 ns, Total: 71049 ns
[2020-09-11T14:43:49.094+0000][1][safepoint    ] Safepoint "Cleanup", Time since last: 1000722148 ns, Reaching safepoint: 1474284 ns, At safepoint: 23264 ns, Total: 1497548 ns
[2020-09-11T14:43:50.097+0000][1][safepoint    ] Safepoint "Cleanup", Time since last: 1001957335 ns, Reaching safepoint: 1024658 ns, At safepoint: 11706 ns, Total: 1036364 ns
[2020-09-11T14:43:51.097+0000][1][safepoint    ] Safepoint "Cleanup", Time since last: 1000209596 ns, Reaching safepoint: 61920 ns, At safepoint: 6611 ns, Total: 68531 ns
[2020-09-11T14:43:52.099+0000][1][safepoint    ] Safepoint "Cleanup", Time since last: 1001226841 ns, Reaching safepoint: 88394 ns, At safepoint: 7418 ns, Total: 95812 ns
[2020-09-11T14:43:53.102+0000][1][safepoint    ] Safepoint "Cleanup", Time since last: 1002974082 ns, Reaching safepoint: 114189 ns, At safepoint: 15422 ns, Total: 129611 ns
[2020-09-11T14:43:54.105+0000][1][safepoint    ] Safepoint "Cleanup", Time since last: 1002836550 ns, Reaching safepoint: 254442 ns, At safepoint: 6800 ns, Total: 261242 ns
[2020-09-11T14:43:55.110+0000][1][safepoint    ] Safepoint "Cleanup", Time since last: 1005082504 ns, Reaching safepoint: 152367 ns, At safepoint: 13808 ns, Total: 166175 ns
[2020-09-11T14:43:56.113+0000][1][safepoint    ] Safepoint "Cleanup", Time since last: 1003186910 ns, Reaching safepoint: 113565 ns, At safepoint: 15626 ns, Total: 129191 ns
[2020-09-11T14:43:57.117+0000][1][safepoint    ] Safepoint "Cleanup", Time since last: 1003347227 ns, Reaching safepoint: 157803 ns, At safepoint: 15141 ns, Total: 172944 ns
[2020-09-11T14:43:58.120+0000][1][safepoint    ] Safepoint "Cleanup", Time since last: 1002501423 ns, Reaching safepoint: 117424 ns, At safepoint: 17483 ns, Total: 134907 ns
[2020-09-11T14:43:59.120+0000][1][safepoint    ] Safepoint "Cleanup", Time since last: 1000207752 ns, Reaching safepoint: 106257 ns, At safepoint: 16264 ns, Total: 122521 ns
[2020-09-11T14:44:00.120+0000][1][safepoint    ] Safepoint "Cleanup", Time since last: 1000149134 ns, Reaching safepoint: 141094 ns, At safepoint: 8108 ns, Total: 149202 ns
[2020-09-11T14:44:01.120+0000][1][safepoint    ] Safepoint "Cleanup", Time since last: 1000168400 ns, Reaching safepoint: 81131 ns, At safepoint: 6672 ns, Total: 87803 ns
[2020-09-11T14:44:02.121+0000][1][safepoint    ] Safepoint "Cleanup", Time since last: 1000128836 ns, Reaching safepoint: 105814 ns, At safepoint: 5829 ns, Total: 111643 ns
[2020-09-11T14:44:03.122+0000][1][safepoint    ] Safepoint "Cleanup", Time since last: 1001115202 ns, Reaching safepoint: 107350 ns, At safepoint: 16772 ns, Total: 124122 ns
[2020-09-11T14:44:04.122+0000][1][safepoint    ] Safepoint "Cleanup", Time since last: 1000219207 ns, Reaching safepoint: 102008 ns, At safepoint: 16972 ns, Total: 118980 ns
[2020-09-11T14:44:04.561+0000][1][gc,start     ] GC(66) Pause Young (Allocation Failure)
[2020-09-11T14:44:04.561+0000][1][gc,task      ] GC(66) Using 1 workers of 1 for evacuation
[2020-09-11T14:44:04.593+0000][1][gc,age       ] GC(66) Desired survivor size 4358144 bytes, new threshold 6 (max threshold 6)
[2020-09-11T14:44:04.593+0000][1][gc,age       ] GC(66) Age table with threshold 6 (max threshold 6)
[2020-09-11T14:44:04.593+0000][1][gc,age       ] GC(66) - age   1:     111712 bytes,     111712 total
[2020-09-11T14:44:04.593+0000][1][gc,age       ] GC(66) - age   2:    1491272 bytes,    1602984 total
[2020-09-11T14:44:04.593+0000][1][gc,heap      ] GC(66) ParNew: 74314K->5164K(76672K)
[2020-09-11T14:44:04.593+0000][1][gc,heap      ] GC(66) CMS: 59202K->62650K(2011968K)
[2020-09-11T14:44:04.593+0000][1][gc,metaspace ] GC(66) Metaspace: 71713K->71713K(1116160K)
[2020-09-11T14:44:04.593+0000][1][gc           ] GC(66) Pause Young (Allocation Failure) 130M->66M(2039M) 31.798ms
[2020-09-11T14:44:04.593+0000][1][gc,cpu       ] GC(66) User=0.03s Sys=0.00s Real=0.03s
[2020-09-11T14:44:04.593+0000][1][safepoint    ] Safepoint "GenCollectForAllocation", Time since last: 438353808 ns, Reaching safepoint: 225177 ns, At safepoint: 31876142 ns, Total: 32101319 ns
[2020-09-11T14:44:05.601+0000][1][safepoint    ] Safepoint "Cleanup", Time since last: 1007846434 ns, Reaching safepoint: 68024 ns, At safepoint: 5961 ns, Total: 73985 ns
[2020-09-11T14:44:06.601+0000][1][safepoint    ] Safepoint "Cleanup", Time since last: 1000231549 ns, Reaching safepoint: 125197 ns, At safepoint: 35325 ns, Total: 160522 ns
[2020-09-11T14:44:07.601+0000][1][safepoint    ] Safepoint "Cleanup", Time since last: 1000149857 ns, Reaching safepoint: 119504 ns, At safepoint: 16171 ns, Total: 135675 ns
[2020-09-11T14:44:08.602+0000][1][safepoint    ] Safepoint "Cleanup", Time since last: 1000218685 ns, Reaching safepoint: 55910 ns, At safepoint: 4948 ns, Total: 60858 ns
[2020-09-11T14:44:09.602+0000][1][safepoint    ] Safepoint "Cleanup", Time since last: 1000116277 ns, Reaching safepoint: 326577 ns, At safepoint: 17807 ns, Total: 344384 ns
[2020-09-11T14:44:10.602+0000][1][safepoint    ] Safepoint "Cleanup", Time since last: 1000155796 ns, Reaching safepoint: 127887 ns, At safepoint: 15358 ns, Total: 143245 ns
[2020-09-11T14:44:11.603+0000][1][safepoint    ] Safepoint "Cleanup", Time since last: 1000125812 ns, Reaching safepoint: 109438 ns, At safepoint: 16020 ns, Total: 125458 ns
[2020-09-11T14:44:12.603+0000][1][safepoint    ] Safepoint "Cleanup", Time since last: 1000194572 ns, Reaching safepoint: 86305 ns, At safepoint: 5474 ns, Total: 91779 ns
[2020-09-11T14:44:13.603+0000][1][safepoint    ] Safepoint "Cleanup", Time since last: 1000157327 ns, Reaching safepoint: 128846 ns, At safepoint: 18002 ns, Total: 146848 ns
[2020-09-11T14:44:14.604+0000][1][safepoint    ] Safepoint "Cleanup", Time since last: 1000216465 ns, Reaching safepoint: 91429 ns, At safepoint: 5605 ns, Total: 97034 ns
[2020-09-11T14:44:15.604+0000][1][safepoint    ] Safepoint "Cleanup", Time since last: 1000146869 ns, Reaching safepoint: 102389 ns, At safepoint: 16585 ns, Total: 118974 ns
[2020-09-11T14:44:16.604+0000][1][safepoint    ] Safepoint "Cleanup", Time since last: 1000193418 ns, Reaching safepoint: 117777 ns, At safepoint: 17424 ns, Total: 135201 ns
[2020-09-11T14:44:17.604+0000][1][safepoint    ] Safepoint "Cleanup", Time since last: 1000220373 ns, Reaching safepoint: 113233 ns, At safepoint: 17073 ns, Total: 130306 ns
[2020-09-11T14:44:18.605+0000][1][safepoint    ] Safepoint "Cleanup", Time since last: 1000189091 ns, Reaching safepoint: 119502 ns, At safepoint: 16611 ns, Total: 136113 ns
[2020-09-11T14:44:19.605+0000][1][safepoint    ] Safepoint "Cleanup", Time since last: 1000195484 ns, Reaching safepoint: 91765 ns, At safepoint: 7481 ns, Total: 99246 ns
[2020-09-11T14:44:20.605+0000][1][safepoint    ] Safepoint "Cleanup", Time since last: 1000203077 ns, Reaching safepoint: 70872 ns, At safepoint: 5061 ns, Total: 75933 ns
[2020-09-11T14:44:21.606+0000][1][safepoint    ] Safepoint "Cleanup", Time since last: 1000167045 ns, Reaching safepoint: 101159 ns, At safepoint: 16043 ns, Total: 117202 ns
[2020-09-11T14:44:22.606+0000][1][safepoint    ] Safepoint "Cleanup", Time since last: 1000189063 ns, Reaching safepoint: 134993 ns, At safepoint: 10378 ns, Total: 145371 ns
[2020-09-11T14:44:23.606+0000][1][safepoint    ] Safepoint "Cleanup", Time since last: 1000191334 ns, Reaching safepoint: 110631 ns, At safepoint: 16501 ns, Total: 127132 ns
[2020-09-11T14:44:24.607+0000][1][safepoint    ] Safepoint "Cleanup", Time since last: 1000250821 ns, Reaching safepoint: 109004 ns, At safepoint: 14760 ns, Total: 123764 ns
[2020-09-11T14:44:25.607+0000][1][safepoint    ] Safepoint "Cleanup", Time since last: 1000198306 ns, Reaching safepoint: 118649 ns, At safepoint: 17203 ns, Total: 135852 ns
[2020-09-11T14:44:26.607+0000][1][safepoint    ] Safepoint "Cleanup", Time since last: 1000198350 ns, Reaching safepoint: 125247 ns, At safepoint: 17487 ns, Total: 142734 ns
[2020-09-11T14:44:27.608+0000][1][safepoint    ] Safepoint "Cleanup", Time since last: 1000263168 ns, Reaching safepoint: 103797 ns, At safepoint: 6636 ns, Total: 110433 ns
[2020-09-11T14:44:28.608+0000][1][safepoint    ] Safepoint "Cleanup", Time since last: 1000155953 ns, Reaching safepoint: 110434 ns, At safepoint: 15308 ns, Total: 125742 ns
[2020-09-11T14:44:29.608+0000][1][safepoint    ] Safepoint "Cleanup", Time since last: 1000192700 ns, Reaching safepoint: 89034 ns, At safepoint: 6198 ns, Total: 95232 ns
[2020-09-11T14:44:30.609+0000][1][safepoint    ] Safepoint "Cleanup", Time since last: 1000162232 ns, Reaching safepoint: 117536 ns, At safepoint: 16652 ns, Total: 134188 ns
[2020-09-11T14:44:31.609+0000][1][safepoint    ] Safepoint "Cleanup", Time since last: 1000182791 ns, Reaching safepoint: 114306 ns, At safepoint: 5930 ns, Total: 120236 ns
[2020-09-11T14:44:32.609+0000][1][safepoint    ] Safepoint "Cleanup", Time since last: 1000164086 ns, Reaching safepoint: 89882 ns, At safepoint: 6323 ns, Total: 96205 ns
[2020-09-11T14:44:33.609+0000][1][safepoint    ] Safepoint "Cleanup", Time since last: 1000164227 ns, Reaching safepoint: 92898 ns, At safepoint: 7123 ns, Total: 100021 ns
[2020-09-11T14:44:34.610+0000][1][safepoint    ] Safepoint "Cleanup", Time since last: 1000871785 ns, Reaching safepoint: 93521 ns, At safepoint: 5879 ns, Total: 99400 ns
[2020-09-11T14:44:35.611+0000][1][safepoint    ] Safepoint "Cleanup", Time since last: 1000154831 ns, Reaching safepoint: 107106 ns, At safepoint: 16167 ns, Total: 123273 ns
[2020-09-11T14:44:36.611+0000][1][safepoint    ] Safepoint "Cleanup", Time since last: 1000224878 ns, Reaching safepoint: 84834 ns, At safepoint: 5547 ns, Total: 90381 ns
[2020-09-11T14:44:37.611+0000][1][safepoint    ] Safepoint "Cleanup", Time since last: 1000164871 ns, Reaching safepoint: 110731 ns, At safepoint: 16802 ns, Total: 127533 ns
[2020-09-11T14:44:38.612+0000][1][safepoint    ] Safepoint "Cleanup", Time since last: 1000190400 ns, Reaching safepoint: 109512 ns, At safepoint: 15292 ns, Total: 124804 ns
[2020-09-11T14:44:39.613+0000][1][safepoint    ] Safepoint "Cleanup", Time since last: 1001131992 ns, Reaching safepoint: 83018 ns, At safepoint: 7145 ns, Total: 90163 ns
[2020-09-11T14:44:40.613+0000][1][safepoint    ] Safepoint "Cleanup", Time since last: 1000177105 ns, Reaching safepoint: 85131 ns, At safepoint: 5906 ns, Total: 91037 ns
[2020-09-11T14:44:41.613+0000][1][safepoint    ] Safepoint "Cleanup", Time since last: 1000206776 ns, Reaching safepoint: 65253 ns, At safepoint: 7508 ns, Total: 72761 ns
[2020-09-11T14:44:42.614+0000][1][safepoint    ] Safepoint "Cleanup", Time since last: 1000173841 ns, Reaching safepoint: 98791 ns, At safepoint: 7266 ns, Total: 106057 ns
[2020-09-11T14:44:43.614+0000][1][safepoint    ] Safepoint "Cleanup", Time since last: 1000172175 ns, Reaching safepoint: 86651 ns, At safepoint: 6982 ns, Total: 93633 ns
[2020-09-11T14:44:44.683+0000][1][safepoint    ] Safepoint "Cleanup", Time since last: 1069453075 ns, Reaching safepoint: 90413 ns, At safepoint: 6691 ns, Total: 97104 ns
[2020-09-11T14:44:45.684+0000][1][safepoint    ] Safepoint "Cleanup", Time since last: 1000187233 ns, Reaching safepoint: 76155 ns, At safepoint: 7486 ns, Total: 83641 ns
[2020-09-11T14:44:46.684+0000][1][safepoint    ] Safepoint "Cleanup", Time since last: 1000138167 ns, Reaching safepoint: 112379 ns, At safepoint: 15996 ns, Total: 128375 ns
[2020-09-11T14:44:47.684+0000][1][safepoint    ] Safepoint "Cleanup", Time since last: 1000197315 ns, Reaching safepoint: 105011 ns, At safepoint: 16926 ns, Total: 121937 ns
[2020-09-11T14:44:48.685+0000][1][safepoint    ] Safepoint "Cleanup", Time since last: 1000211660 ns, Reaching safepoint: 109963 ns, At safepoint: 16751 ns, Total: 126714 ns
[2020-09-11T14:44:49.686+0000][1][safepoint    ] Safepoint "Cleanup", Time since last: 1000985684 ns, Reaching safepoint: 109281 ns, At safepoint: 17985 ns, Total: 127266 ns
[2020-09-11T14:44:50.686+0000][1][safepoint    ] Safepoint "Cleanup", Time since last: 1000181906 ns, Reaching safepoint: 121439 ns, At safepoint: 16444 ns, Total: 137883 ns
[2020-09-11T14:44:51.686+0000][1][safepoint    ] Safepoint "Cleanup", Time since last: 1000233276 ns, Reaching safepoint: 109325 ns, At safepoint: 32374 ns, Total: 141699 ns
[2020-09-11T14:44:52.687+0000][1][safepoint    ] Safepoint "Cleanup", Time since last: 1000222649 ns, Reaching safepoint: 83354 ns, At safepoint: 6699 ns, Total: 90053 ns
[2020-09-11T14:44:53.687+0000][1][safepoint    ] Safepoint "Cleanup", Time since last: 1000204963 ns, Reaching safepoint: 185724 ns, At safepoint: 7781 ns, Total: 193505 ns
[2020-09-11T14:44:54.688+0000][1][safepoint    ] Safepoint "Cleanup", Time since last: 1000655524 ns, Reaching safepoint: 83142 ns, At safepoint: 7901 ns, Total: 91043 ns
[2020-09-11T14:44:55.688+0000][1][safepoint    ] Safepoint "Cleanup", Time since last: 1000196824 ns, Reaching safepoint: 111426 ns, At safepoint: 17721 ns, Total: 129147 ns
[2020-09-11T14:44:56.689+0000][1][safepoint    ] Safepoint "Cleanup", Time since last: 1000178458 ns, Reaching safepoint: 107990 ns, At safepoint: 6050 ns, Total: 114040 ns
[2020-09-11T14:44:57.689+0000][1][safepoint    ] Safepoint "Cleanup", Time since last: 1000194944 ns, Reaching safepoint: 118496 ns, At safepoint: 17901 ns, Total: 136397 ns
[2020-09-11T14:44:58.689+0000][1][safepoint    ] Safepoint "Cleanup", Time since last: 1000226599 ns, Reaching safepoint: 116484 ns, At safepoint: 15198 ns, Total: 131682 ns
[2020-09-11T14:44:59.690+0000][1][safepoint    ] Safepoint "Cleanup", Time since last: 1000984925 ns, Reaching safepoint: 116137 ns, At safepoint: 17203 ns, Total: 133340 ns
[2020-09-11T14:45:00.691+0000][1][safepoint    ] Safepoint "Cleanup", Time since last: 1000232721 ns, Reaching safepoint: 89602 ns, At safepoint: 6319 ns, Total: 95921 ns
[2020-09-11T14:45:01.691+0000][1][safepoint    ] Safepoint "Cleanup", Time since last: 1000208537 ns, Reaching safepoint: 111289 ns, At safepoint: 17500 ns, Total: 128789 ns
[2020-09-11T14:45:02.691+0000][1][safepoint    ] Safepoint "Cleanup", Time since last: 1000153839 ns, Reaching safepoint: 64932 ns, At safepoint: 6612 ns, Total: 71544 ns
[2020-09-11T14:45:03.692+0000][1][safepoint    ] Safepoint "Cleanup", Time since last: 1000181927 ns, Reaching safepoint: 119475 ns, At safepoint: 18275 ns, Total: 137750 ns
[2020-09-11T14:45:04.693+0000][1][safepoint    ] Safepoint "Cleanup", Time since last: 1001169192 ns, Reaching safepoint: 89909 ns, At safepoint: 7479 ns, Total: 97388 ns
[2020-09-11T14:45:05.693+0000][1][safepoint    ] Safepoint "Cleanup", Time since last: 1000182313 ns, Reaching safepoint: 88654 ns, At safepoint: 7486 ns, Total: 96140 ns
[2020-09-11T14:45:06.693+0000][1][safepoint    ] Safepoint "Cleanup", Time since last: 1000150622 ns, Reaching safepoint: 103374 ns, At safepoint: 7003 ns, Total: 110377 ns
[2020-09-11T14:45:07.694+0000][1][safepoint    ] Safepoint "Cleanup", Time since last: 1000178730 ns, Reaching safepoint: 85052 ns, At safepoint: 7214 ns, Total: 92266 ns
[2020-09-11T14:45:08.694+0000][1][safepoint    ] Safepoint "Cleanup", Time since last: 1000122704 ns, Reaching safepoint: 107317 ns, At safepoint: 13715 ns, Total: 121032 ns
[2020-09-11T14:45:09.695+0000][1][safepoint    ] Safepoint "Cleanup", Time since last: 1001022741 ns, Reaching safepoint: 98897 ns, At safepoint: 5991 ns, Total: 104888 ns
[2020-09-11T14:45:10.695+0000][1][safepoint    ] Safepoint "Cleanup", Time since last: 1000168746 ns, Reaching safepoint: 124256 ns, At safepoint: 18118 ns, Total: 142374 ns
[2020-09-11T14:45:11.696+0000][1][safepoint    ] Safepoint "Cleanup", Time since last: 1000252186 ns, Reaching safepoint: 118783 ns, At safepoint: 15873 ns, Total: 134656 ns
[2020-09-11T14:45:12.696+0000][1][safepoint    ] Safepoint "Cleanup", Time since last: 1000182976 ns, Reaching safepoint: 109348 ns, At safepoint: 15642 ns, Total: 124990 ns
[2020-09-11T14:45:13.697+0000][1][safepoint    ] Safepoint "Cleanup", Time since last: 1000491456 ns, Reaching safepoint: 115128 ns, At safepoint: 14560 ns, Total: 129688 ns
[2020-09-11T14:45:14.699+0000][1][safepoint    ] Safepoint "Cleanup", Time since last: 1000136377 ns, Reaching safepoint: 2705348 ns, At safepoint: 14299 ns, Total: 2719647 ns
[2020-09-11T14:45:15.700+0000][1][safepoint    ] Safepoint "Cleanup", Time since last: 1000142823 ns, Reaching safepoint: 118916 ns, At safepoint: 15576 ns, Total: 134492 ns
[2020-09-11T14:45:16.700+0000][1][safepoint    ] Safepoint "Cleanup", Time since last: 1000216111 ns, Reaching safepoint: 112040 ns, At safepoint: 15630 ns, Total: 127670 ns
[2020-09-11T14:45:17.700+0000][1][safepoint    ] Safepoint "Cleanup", Time since last: 1000158322 ns, Reaching safepoint: 112482 ns, At safepoint: 13374 ns, Total: 125856 ns
[2020-09-11T14:45:18.701+0000][1][safepoint    ] Safepoint "Cleanup", Time since last: 1000196521 ns, Reaching safepoint: 122525 ns, At safepoint: 17310 ns, Total: 139835 ns
[2020-09-11T14:45:19.701+0000][1][safepoint    ] Safepoint "Cleanup", Time since last: 1000206222 ns, Reaching safepoint: 124473 ns, At safepoint: 16791 ns, Total: 141264 ns
[2020-09-11T14:45:19.716+0000][1][gc,start     ] GC(67) Pause Young (Allocation Failure)
[2020-09-11T14:45:19.716+0000][1][gc,task      ] GC(67) Using 1 workers of 1 for evacuation
[2020-09-11T14:45:19.734+0000][1][gc,age       ] GC(67) Desired survivor size 4358144 bytes, new threshold 6 (max threshold 6)
[2020-09-11T14:45:19.734+0000][1][gc,age       ] GC(67) Age table with threshold 6 (max threshold 6)
[2020-09-11T14:45:19.734+0000][1][gc,age       ] GC(67) - age   1:      33672 bytes,      33672 total
[2020-09-11T14:45:19.734+0000][1][gc,age       ] GC(67) - age   2:      83344 bytes,     117016 total
[2020-09-11T14:45:19.734+0000][1][gc,age       ] GC(67) - age   3:    1491272 bytes,    1608288 total
[2020-09-11T14:45:19.734+0000][1][gc,heap      ] GC(67) ParNew: 73324K->1682K(76672K)
[2020-09-11T14:45:19.734+0000][1][gc,heap      ] GC(67) CMS: 62650K->62650K(2011968K)
[2020-09-11T14:45:19.734+0000][1][gc,metaspace ] GC(67) Metaspace: 71868K->71868K(1116160K)
[2020-09-11T14:45:19.734+0000][1][gc           ] GC(67) Pause Young (Allocation Failure) 132M->62M(2039M) 18.445ms
[2020-09-11T14:45:19.734+0000][1][gc,cpu       ] GC(67) User=0.02s Sys=0.00s Real=0.01s
[2020-09-11T14:45:19.737+0000][1][safepoint    ] Safepoint "GenCollectForAllocation", Time since last: 14383315 ns, Reaching safepoint: 227065 ns, At safepoint: 21178265 ns, Total: 21405330 ns
[2020-09-11T14:45:20.740+0000][1][safepoint    ] Safepoint "Cleanup", Time since last: 1003289975 ns, Reaching safepoint: 115956 ns, At safepoint: 17500 ns, Total: 133456 ns
[2020-09-11T14:45:21.741+0000][1][safepoint    ] Safepoint "Cleanup", Time since last: 1000176324 ns, Reaching safepoint: 119568 ns, At safepoint: 15168 ns, Total: 134736 ns
[2020-09-11T14:45:22.741+0000][1][safepoint    ] Safepoint "Cleanup", Time since last: 1000230312 ns, Reaching safepoint: 98622 ns, At safepoint: 7203 ns, Total: 105825 ns
[2020-09-11T14:45:23.741+0000][1][safepoint    ] Safepoint "Cleanup", Time since last: 1000163274 ns, Reaching safepoint: 119051 ns, At safepoint: 16377 ns, Total: 135428 ns
[2020-09-11T14:45:24.742+0000][1][safepoint    ] Safepoint "Cleanup", Time since last: 1000144778 ns, Reaching safepoint: 191417 ns, At safepoint: 7918 ns, Total: 199335 ns
[2020-09-11T14:45:25.742+0000][1][safepoint    ] Safepoint "Cleanup", Time since last: 1000164207 ns, Reaching safepoint: 109371 ns, At safepoint: 16401 ns, Total: 125772 ns
[2020-09-11T14:45:26.742+0000][1][safepoint    ] Safepoint "Cleanup", Time since last: 1000233403 ns, Reaching safepoint: 128656 ns, At safepoint: 18015 ns, Total: 146671 ns
[2020-09-11T14:45:27.744+0000][1][safepoint    ] Safepoint "Cleanup", Time since last: 1001174322 ns, Reaching safepoint: 87498 ns, At safepoint: 6302 ns, Total: 93800 ns
[2020-09-11T14:45:28.744+0000][1][safepoint    ] Safepoint "Cleanup", Time since last: 1000187484 ns, Reaching safepoint: 78793 ns, At safepoint: 6926 ns, Total: 85719 ns
[2020-09-11T14:45:29.744+0000][1][safepoint    ] Safepoint "Cleanup", Time since last: 1000199953 ns, Reaching safepoint: 100261 ns, At safepoint: 6368 ns, Total: 106629 ns
[2020-09-11T14:45:30.744+0000][1][safepoint    ] Safepoint "Cleanup", Time since last: 1000192826 ns, Reaching safepoint: 96525 ns, At safepoint: 7976 ns, Total: 104501 ns
[2020-09-11T14:45:31.745+0000][1][safepoint    ] Safepoint "Cleanup", Time since last: 1000183231 ns, Reaching safepoint: 87490 ns, At safepoint: 6431 ns, Total: 93921 ns
[2020-09-11T14:45:32.746+0000][1][safepoint    ] Safepoint "Cleanup", Time since last: 1000745455 ns, Reaching safepoint: 117032 ns, At safepoint: 17540 ns, Total: 134572 ns
[2020-09-11T14:45:33.746+0000][1][safepoint    ] Safepoint "Cleanup", Time since last: 1000185220 ns, Reaching safepoint: 118723 ns, At safepoint: 16100 ns, Total: 134823 ns
[2020-09-11T14:45:34.746+0000][1][safepoint    ] Safepoint "Cleanup", Time since last: 1000208123 ns, Reaching safepoint: 99338 ns, At safepoint: 7211 ns, Total: 106549 ns
[2020-09-11T14:45:35.747+0000][1][safepoint    ] Safepoint "Cleanup", Time since last: 1000183285 ns, Reaching safepoint: 129638 ns, At safepoint: 16621 ns, Total: 146259 ns
[2020-09-11T14:45:36.747+0000][1][safepoint    ] Safepoint "Cleanup", Time since last: 1000180328 ns, Reaching safepoint: 111466 ns, At safepoint: 7695 ns, Total: 119161 ns
[2020-09-11T14:45:37.748+0000][1][safepoint    ] Safepoint "Cleanup", Time since last: 1000751219 ns, Reaching safepoint: 113571 ns, At safepoint: 15820 ns, Total: 129391 ns
[2020-09-11T14:45:38.748+0000][1][safepoint    ] Safepoint "Cleanup", Time since last: 1000250924 ns, Reaching safepoint: 106667 ns, At safepoint: 8473 ns, Total: 115140 ns
[2020-09-11T14:45:39.748+0000][1][safepoint    ] Safepoint "Cleanup", Time since last: 1000143708 ns, Reaching safepoint: 123153 ns, At safepoint: 25224 ns, Total: 148377 ns
[2020-09-11T14:45:40.749+0000][1][safepoint    ] Safepoint "Cleanup", Time since last: 1000138851 ns, Reaching safepoint: 148645 ns, At safepoint: 18823 ns, Total: 167468 ns
[2020-09-11T14:45:41.749+0000][1][safepoint    ] Safepoint "Cleanup", Time since last: 1000176919 ns, Reaching safepoint: 102259 ns, At safepoint: 6069 ns, Total: 108328 ns
[2020-09-11T14:45:42.750+0000][1][safepoint    ] Safepoint "Cleanup", Time since last: 1000700592 ns, Reaching safepoint: 107311 ns, At safepoint: 7202 ns, Total: 114513 ns
[2020-09-11T14:45:43.750+0000][1][safepoint    ] Safepoint "Cleanup", Time since last: 1000175283 ns, Reaching safepoint: 90792 ns, At safepoint: 5862 ns, Total: 96654 ns
[2020-09-11T14:45:44.750+0000][1][safepoint    ] Safepoint "Cleanup", Time since last: 1000171038 ns, Reaching safepoint: 90731 ns, At safepoint: 6518 ns, Total: 97249 ns
[2020-09-11T14:45:45.751+0000][1][safepoint    ] Safepoint "Cleanup", Time since last: 1000166517 ns, Reaching safepoint: 115583 ns, At safepoint: 8407 ns, Total: 123990 ns
[2020-09-11T14:45:46.751+0000][1][safepoint    ] Safepoint "Cleanup", Time since last: 1000174764 ns, Reaching safepoint: 85741 ns, At safepoint: 7056 ns, Total: 92797 ns
[2020-09-11T14:45:47.752+0000][1][safepoint    ] Safepoint "Cleanup", Time since last: 1000846094 ns, Reaching safepoint: 84082 ns, At safepoint: 6186 ns, Total: 90268 ns
[2020-09-11T14:45:48.753+0000][1][safepoint    ] Safepoint "Cleanup", Time since last: 1001230536 ns, Reaching safepoint: 123914 ns, At safepoint: 16358 ns, Total: 140272 ns
[2020-09-11T14:45:49.753+0000][1][safepoint    ] Safepoint "Cleanup", Time since last: 1000208129 ns, Reaching safepoint: 88705 ns, At safepoint: 6131 ns, Total: 94836 ns
[2020-09-11T14:45:50.754+0000][1][safepoint    ] Safepoint "Cleanup", Time since last: 1000162067 ns, Reaching safepoint: 132856 ns, At safepoint: 17326 ns, Total: 150182 ns
[2020-09-11T14:45:51.754+0000][1][safepoint    ] Safepoint "Cleanup", Time since last: 1000176485 ns, Reaching safepoint: 119000 ns, At safepoint: 14811 ns, Total: 133811 ns
[2020-09-11T14:45:52.755+0000][1][safepoint    ] Safepoint "Cleanup", Time since last: 1000929720 ns, Reaching safepoint: 113059 ns, At safepoint: 17658 ns, Total: 130717 ns
[2020-09-11T14:45:53.755+0000][1][safepoint    ] Safepoint "Cleanup", Time since last: 1000203097 ns, Reaching safepoint: 100766 ns, At safepoint: 5335 ns, Total: 106101 ns
[2020-09-11T14:45:54.756+0000][1][safepoint    ] Safepoint "Cleanup", Time since last: 1000197271 ns, Reaching safepoint: 88351 ns, At safepoint: 7324 ns, Total: 95675 ns
[2020-09-11T14:45:55.756+0000][1][safepoint    ] Safepoint "Cleanup", Time since last: 1000177296 ns, Reaching safepoint: 90604 ns, At safepoint: 6524 ns, Total: 97128 ns
[2020-09-11T14:45:56.756+0000][1][safepoint    ] Safepoint "Cleanup", Time since last: 1000163648 ns, Reaching safepoint: 121617 ns, At safepoint: 17547 ns, Total: 139164 ns
[2020-09-11T14:45:57.757+0000][1][safepoint    ] Safepoint "Cleanup", Time since last: 1000994230 ns, Reaching safepoint: 112425 ns, At safepoint: 16091 ns, Total: 128516 ns
[2020-09-11T14:45:58.758+0000][1][safepoint    ] Safepoint "Cleanup", Time since last: 1000255491 ns, Reaching safepoint: 107167 ns, At safepoint: 16548 ns, Total: 123715 ns
[2020-09-11T14:45:59.758+0000][1][safepoint    ] Safepoint "Cleanup", Time since last: 1000215830 ns, Reaching safepoint: 119310 ns, At safepoint: 16244 ns, Total: 135554 ns
[2020-09-11T14:46:00.759+0000][1][safepoint    ] Safepoint "Cleanup", Time since last: 1000230469 ns, Reaching safepoint: 118860 ns, At safepoint: 17594 ns, Total: 136454 ns
[2020-09-11T14:46:01.759+0000][1][safepoint    ] Safepoint "Cleanup", Time since last: 1000246704 ns, Reaching safepoint: 93382 ns, At safepoint: 6327 ns, Total: 99709 ns
[2020-09-11T14:46:02.760+0000][1][safepoint    ] Safepoint "Cleanup", Time since last: 1000839812 ns, Reaching safepoint: 77150 ns, At safepoint: 6823 ns, Total: 83973 ns
[2020-09-11T14:46:03.760+0000][1][safepoint    ] Safepoint "Cleanup", Time since last: 1000161837 ns, Reaching safepoint: 114804 ns, At safepoint: 15773 ns, Total: 130577 ns
[2020-09-11T14:46:04.760+0000][1][safepoint    ] Safepoint "Cleanup", Time since last: 1000222505 ns, Reaching safepoint: 112826 ns, At safepoint: 17076 ns, Total: 129902 ns
[2020-09-11T14:46:05.761+0000][1][safepoint    ] Safepoint "Cleanup", Time since last: 1000215639 ns, Reaching safepoint: 114980 ns, At safepoint: 15653 ns, Total: 130633 ns
[2020-09-11T14:46:06.761+0000][1][safepoint    ] Safepoint "Cleanup", Time since last: 1000188668 ns, Reaching safepoint: 113111 ns, At safepoint: 6299 ns, Total: 119410 ns
[2020-09-11T14:46:07.762+0000][1][safepoint    ] Safepoint "Cleanup", Time since last: 1000883412 ns, Reaching safepoint: 111492 ns, At safepoint: 17370 ns, Total: 128862 ns
[2020-09-11T14:46:08.762+0000][1][safepoint    ] Safepoint "Cleanup", Time since last: 1000222911 ns, Reaching safepoint: 113301 ns, At safepoint: 16982 ns, Total: 130283 ns
[2020-09-11T14:46:09.763+0000][1][safepoint    ] Safepoint "Cleanup", Time since last: 1000195132 ns, Reaching safepoint: 122087 ns, At safepoint: 15709 ns, Total: 137796 ns
[2020-09-11T14:46:10.763+0000][1][safepoint    ] Safepoint "Cleanup", Time since last: 1000196565 ns, Reaching safepoint: 126518 ns, At safepoint: 17453 ns, Total: 143971 ns
[2020-09-11T14:46:11.764+0000][1][safepoint    ] Safepoint "Cleanup", Time since last: 1000207857 ns, Reaching safepoint: 159803 ns, At safepoint: 14206 ns, Total: 174009 ns
[2020-09-11T14:46:12.765+0000][1][safepoint    ] Safepoint "Cleanup", Time since last: 1001080602 ns, Reaching safepoint: 135070 ns, At safepoint: 15125 ns, Total: 150195 ns
[2020-09-11T14:46:13.765+0000][1][safepoint    ] Safepoint "Cleanup", Time since last: 1000237077 ns, Reaching safepoint: 83110 ns, At safepoint: 6237 ns, Total: 89347 ns
[2020-09-11T14:46:14.765+0000][1][safepoint    ] Safepoint "Cleanup", Time since last: 1000176625 ns, Reaching safepoint: 118889 ns, At safepoint: 17073 ns, Total: 135962 ns
[2020-09-11T14:46:15.766+0000][1][safepoint    ] Safepoint "Cleanup", Time since last: 1000239393 ns, Reaching safepoint: 115666 ns, At safepoint: 16414 ns, Total: 132080 ns
[2020-09-11T14:46:16.766+0000][1][safepoint    ] Safepoint "Cleanup", Time since last: 1000266722 ns, Reaching safepoint: 70484 ns, At safepoint: 6023 ns, Total: 76507 ns
[2020-09-11T14:46:17.767+0000][1][safepoint    ] Safepoint "Cleanup", Time since last: 1000836063 ns, Reaching safepoint: 86581 ns, At safepoint: 5966 ns, Total: 92547 ns
[2020-09-11T14:46:18.767+0000][1][safepoint    ] Safepoint "Cleanup", Time since last: 1000198061 ns, Reaching safepoint: 109692 ns, At safepoint: 16521 ns, Total: 126213 ns
[2020-09-11T14:46:19.768+0000][1][safepoint    ] Safepoint "Cleanup", Time since last: 1000263604 ns, Reaching safepoint: 89719 ns, At safepoint: 5998 ns, Total: 95717 ns
[2020-09-11T14:46:20.768+0000][1][safepoint    ] Safepoint "Cleanup", Time since last: 1000175442 ns, Reaching safepoint: 134148 ns, At safepoint: 18252 ns, Total: 152400 ns
[2020-09-11T14:46:21.768+0000][1][safepoint    ] Safepoint "Cleanup", Time since last: 1000227695 ns, Reaching safepoint: 92042 ns, At safepoint: 5926 ns, Total: 97968 ns
[2020-09-11T14:46:22.769+0000][1][safepoint    ] Safepoint "Cleanup", Time since last: 1000860740 ns, Reaching safepoint: 128157 ns, At safepoint: 17136 ns, Total: 145293 ns
[2020-09-11T14:46:23.770+0000][1][safepoint    ] Safepoint "Cleanup", Time since last: 1000204288 ns, Reaching safepoint: 116231 ns, At safepoint: 16183 ns, Total: 132414 ns
[2020-09-11T14:46:24.770+0000][1][safepoint    ] Safepoint "Cleanup", Time since last: 1000238396 ns, Reaching safepoint: 85807 ns, At safepoint: 6894 ns, Total: 92701 ns
[2020-09-11T14:46:26.164+0000][1][safepoint    ] Safepoint "Cleanup", Time since last: 1393472330 ns, Reaching safepoint: 110595 ns, At safepoint: 7962 ns, Total: 118557 ns
[2020-09-11T14:46:27.164+0000][1][safepoint    ] Safepoint "Cleanup", Time since last: 1000133751 ns, Reaching safepoint: 107524 ns, At safepoint: 16822 ns, Total: 124346 ns
[2020-09-11T14:46:28.164+0000][1][safepoint    ] Safepoint "Cleanup", Time since last: 1000215525 ns, Reaching safepoint: 83828 ns, At safepoint: 7318 ns, Total: 91146 ns
[2020-09-11T14:46:29.164+0000][1][safepoint    ] Safepoint "Cleanup", Time since last: 1000178500 ns, Reaching safepoint: 84574 ns, At safepoint: 7063 ns, Total: 91637 ns
[2020-09-11T14:46:30.148+0000][1][gc,start     ] GC(68) Pause Young (Allocation Failure)
[2020-09-11T14:46:30.148+0000][1][gc,task      ] GC(68) Using 1 workers of 1 for evacuation
[2020-09-11T14:46:30.166+0000][1][gc,age       ] GC(68) Desired survivor size 4358144 bytes, new threshold 6 (max threshold 6)
[2020-09-11T14:46:30.166+0000][1][gc,age       ] GC(68) Age table with threshold 6 (max threshold 6)
[2020-09-11T14:46:30.166+0000][1][gc,age       ] GC(68) - age   1:      28680 bytes,      28680 total
[2020-09-11T14:46:30.166+0000][1][gc,age       ] GC(68) - age   2:       6088 bytes,      34768 total
[2020-09-11T14:46:30.166+0000][1][gc,age       ] GC(68) - age   3:      82808 bytes,     117576 total
[2020-09-11T14:46:30.166+0000][1][gc,age       ] GC(68) - age   4:    1491272 bytes,    1608848 total
[2020-09-11T14:46:30.166+0000][1][gc,heap      ] GC(68) ParNew: 69842K->1598K(76672K)
[2020-09-11T14:46:30.166+0000][1][gc,heap      ] GC(68) CMS: 62650K->62650K(2011968K)
[2020-09-11T14:46:30.166+0000][1][gc,metaspace ] GC(68) Metaspace: 71978K->71978K(1116160K)
[2020-09-11T14:46:30.166+0000][1][gc           ] GC(68) Pause Young (Allocation Failure) 129M->62M(2039M) 17.719ms
[2020-09-11T14:46:30.166+0000][1][gc,cpu       ] GC(68) User=0.02s Sys=0.00s Real=0.02s
[2020-09-11T14:46:30.170+0000][1][safepoint    ] Safepoint "GenCollectForAllocation", Time since last: 983166191 ns, Reaching safepoint: 346005 ns, At safepoint: 22121633 ns, Total: 22467638 ns
[2020-09-11T14:46:31.171+0000][1][safepoint    ] Safepoint "Cleanup", Time since last: 1001130747 ns, Reaching safepoint: 107022 ns, At safepoint: 17079 ns, Total: 124101 ns
[2020-09-11T14:46:32.173+0000][1][safepoint    ] Safepoint "Cleanup", Time since last: 1001530180 ns, Reaching safepoint: 102102 ns, At safepoint: 16060 ns, Total: 118162 ns
[2020-09-11T14:46:33.173+0000][1][safepoint    ] Safepoint "Cleanup", Time since last: 1000205285 ns, Reaching safepoint: 107611 ns, At safepoint: 16397 ns, Total: 124008 ns
[2020-09-11T14:46:34.174+0000][1][safepoint    ] Safepoint "Cleanup", Time since last: 1000209517 ns, Reaching safepoint: 118071 ns, At safepoint: 15937 ns, Total: 134008 ns
[2020-09-11T14:46:35.174+0000][1][safepoint    ] Safepoint "Cleanup", Time since last: 1000215254 ns, Reaching safepoint: 108756 ns, At safepoint: 16782 ns, Total: 125538 ns
[2020-09-11T14:46:36.174+0000][1][safepoint    ] Safepoint "Cleanup", Time since last: 1000218872 ns, Reaching safepoint: 102311 ns, At safepoint: 15192 ns, Total: 117503 ns
[2020-09-11T14:46:37.175+0000][1][safepoint    ] Safepoint "Cleanup", Time since last: 1000210791 ns, Reaching safepoint: 86544 ns, At safepoint: 6620 ns, Total: 93164 ns
[2020-09-11T14:46:38.175+0000][1][safepoint    ] Safepoint "Cleanup", Time since last: 1000163961 ns, Reaching safepoint: 101572 ns, At safepoint: 5900 ns, Total: 107472 ns
[2020-09-11T14:46:39.175+0000][1][safepoint    ] Safepoint "Cleanup", Time since last: 1000188147 ns, Reaching safepoint: 71617 ns, At safepoint: 6881 ns, Total: 78498 ns
[2020-09-11T14:46:40.176+0000][1][safepoint    ] Safepoint "Cleanup", Time since last: 1000153319 ns, Reaching safepoint: 161664 ns, At safepoint: 14527 ns, Total: 176191 ns
[2020-09-11T14:46:41.176+0000][1][safepoint    ] Safepoint "Cleanup", Time since last: 1000207490 ns, Reaching safepoint: 123821 ns, At safepoint: 19084 ns, Total: 142905 ns
[2020-09-11T14:46:42.176+0000][1][safepoint    ] Safepoint "Cleanup", Time since last: 1000209845 ns, Reaching safepoint: 108379 ns, At safepoint: 15258 ns, Total: 123637 ns
[2020-09-11T14:46:43.177+0000][1][safepoint    ] Safepoint "Cleanup", Time since last: 1000215514 ns, Reaching safepoint: 93835 ns, At safepoint: 7486 ns, Total: 101321 ns
[2020-09-11T14:46:44.177+0000][1][safepoint    ] Safepoint "Cleanup", Time since last: 1000175306 ns, Reaching safepoint: 80848 ns, At safepoint: 5590 ns, Total: 86438 ns
[2020-09-11T14:46:45.177+0000][1][safepoint    ] Safepoint "Cleanup", Time since last: 1000165230 ns, Reaching safepoint: 87833 ns, At safepoint: 6534 ns, Total: 94367 ns
[2020-09-11T14:46:46.177+0000][1][safepoint    ] Safepoint "Cleanup", Time since last: 1000164406 ns, Reaching safepoint: 95867 ns, At safepoint: 7082 ns, Total: 102949 ns
[2020-09-11T14:46:47.178+0000][1][safepoint    ] Safepoint "Cleanup", Time since last: 1000177653 ns, Reaching safepoint: 103745 ns, At safepoint: 16895 ns, Total: 120640 ns
[2020-09-11T14:46:48.178+0000][1][safepoint    ] Safepoint "Cleanup", Time since last: 1000207169 ns, Reaching safepoint: 98099 ns, At safepoint: 15518 ns, Total: 113617 ns
[2020-09-11T14:46:49.178+0000][1][safepoint    ] Safepoint "Cleanup", Time since last: 1000198986 ns, Reaching safepoint: 90559 ns, At safepoint: 6892 ns, Total: 97451 ns
[2020-09-11T14:46:50.179+0000][1][safepoint    ] Safepoint "Cleanup", Time since last: 1000161162 ns, Reaching safepoint: 105345 ns, At safepoint: 16137 ns, Total: 121482 ns
[2020-09-11T14:46:51.179+0000][1][safepoint    ] Safepoint "Cleanup", Time since last: 1000163805 ns, Reaching safepoint: 108629 ns, At safepoint: 17029 ns, Total: 125658 ns
[2020-09-11T14:46:52.179+0000][1][safepoint    ] Safepoint "Cleanup", Time since last: 1000202222 ns, Reaching safepoint: 80032 ns, At safepoint: 5967 ns, Total: 85999 ns
[2020-09-11T14:46:53.179+0000][1][safepoint    ] Safepoint "Cleanup", Time since last: 1000173074 ns, Reaching safepoint: 83353 ns, At safepoint: 6696 ns, Total: 90049 ns
[2020-09-11T14:46:54.180+0000][1][safepoint    ] Safepoint "Cleanup", Time since last: 1000122246 ns, Reaching safepoint: 104099 ns, At safepoint: 15332 ns, Total: 119431 ns
[2020-09-11T14:46:55.180+0000][1][safepoint    ] Safepoint "Cleanup", Time since last: 1000213616 ns, Reaching safepoint: 104720 ns, At safepoint: 17103 ns, Total: 121823 ns
[2020-09-11T14:46:56.180+0000][1][safepoint    ] Safepoint "Cleanup", Time since last: 1000196707 ns, Reaching safepoint: 104224 ns, At safepoint: 6386 ns, Total: 110610 ns
[2020-09-11T14:46:57.181+0000][1][safepoint    ] Safepoint "Cleanup", Time since last: 1000147015 ns, Reaching safepoint: 97922 ns, At safepoint: 18021 ns, Total: 115943 ns
[2020-09-11T14:46:58.181+0000][1][safepoint    ] Safepoint "Cleanup", Time since last: 1000202101 ns, Reaching safepoint: 101199 ns, At safepoint: 15319 ns, Total: 116518 ns
[2020-09-11T14:46:59.181+0000][1][safepoint    ] Safepoint "Cleanup", Time since last: 1000210724 ns, Reaching safepoint: 101657 ns, At safepoint: 16187 ns, Total: 117844 ns
[2020-09-11T14:47:00.181+0000][1][safepoint    ] Safepoint "Cleanup", Time since last: 1000165829 ns, Reaching safepoint: 102238 ns, At safepoint: 15873 ns, Total: 118111 ns
[2020-09-11T14:47:01.182+0000][1][safepoint    ] Safepoint "Cleanup", Time since last: 1000195616 ns, Reaching safepoint: 101336 ns, At safepoint: 16561 ns, Total: 117897 ns
[2020-09-11T14:47:02.182+0000][1][safepoint    ] Safepoint "Cleanup", Time since last: 1000222254 ns, Reaching safepoint: 112328 ns, At safepoint: 16173 ns, Total: 128501 ns
[2020-09-11T14:47:03.182+0000][1][safepoint    ] Safepoint "Cleanup", Time since last: 1000245166 ns, Reaching safepoint: 109568 ns, At safepoint: 16806 ns, Total: 126374 ns
[2020-09-11T14:47:04.183+0000][1][safepoint    ] Safepoint "Cleanup", Time since last: 1000162637 ns, Reaching safepoint: 99997 ns, At safepoint: 14674 ns, Total: 114671 ns
[2020-09-11T14:47:05.183+0000][1][safepoint    ] Safepoint "Cleanup", Time since last: 1000213790 ns, Reaching safepoint: 102488 ns, At safepoint: 16819 ns, Total: 119307 ns
[2020-09-11T14:47:06.184+0000][1][safepoint    ] Safepoint "Cleanup", Time since last: 1000223040 ns, Reaching safepoint: 171675 ns, At safepoint: 13788 ns, Total: 185463 ns
[2020-09-11T14:47:07.184+0000][1][safepoint    ] Safepoint "Cleanup", Time since last: 1000218373 ns, Reaching safepoint: 102054 ns, At safepoint: 16709 ns, Total: 118763 ns
[2020-09-11T14:47:08.184+0000][1][safepoint    ] Safepoint "Cleanup", Time since last: 1000223317 ns, Reaching safepoint: 74889 ns, At safepoint: 5611 ns, Total: 80500 ns
[2020-09-11T14:47:09.184+0000][1][safepoint    ] Safepoint "Cleanup", Time since last: 1000173481 ns, Reaching safepoint: 97364 ns, At safepoint: 16715 ns, Total: 114079 ns
[2020-09-11T14:47:10.185+0000][1][safepoint    ] Safepoint "Cleanup", Time since last: 1000170459 ns, Reaching safepoint: 102262 ns, At safepoint: 13477 ns, Total: 115739 ns
[2020-09-11T14:47:11.185+0000][1][safepoint    ] Safepoint "Cleanup", Time since last: 1000191019 ns, Reaching safepoint: 108479 ns, At safepoint: 17159 ns, Total: 125638 ns
[2020-09-11T14:47:12.185+0000][1][safepoint    ] Safepoint "Cleanup", Time since last: 1000222468 ns, Reaching safepoint: 78366 ns, At safepoint: 6050 ns, Total: 84416 ns
[2020-09-11T14:47:13.186+0000][1][safepoint    ] Safepoint "Cleanup", Time since last: 1000153294 ns, Reaching safepoint: 105542 ns, At safepoint: 17277 ns, Total: 122819 ns
[2020-09-11T14:47:14.186+0000][1][safepoint    ] Safepoint "Cleanup", Time since last: 1000198550 ns, Reaching safepoint: 90412 ns, At safepoint: 6616 ns, Total: 97028 ns
[2020-09-11T14:47:15.186+0000][1][safepoint    ] Safepoint "Cleanup", Time since last: 1000104349 ns, Reaching safepoint: 72399 ns, At safepoint: 7073 ns, Total: 79472 ns
[2020-09-11T14:47:16.186+0000][1][safepoint    ] Safepoint "Cleanup", Time since last: 1000223215 ns, Reaching safepoint: 59215 ns, At safepoint: 4758 ns, Total: 63973 ns
[2020-09-11T14:47:17.187+0000][1][safepoint    ] Safepoint "Cleanup", Time since last: 1000188209 ns, Reaching safepoint: 105298 ns, At safepoint: 16962 ns, Total: 122260 ns
[2020-09-11T14:47:18.187+0000][1][safepoint    ] Safepoint "Cleanup", Time since last: 1000206557 ns, Reaching safepoint: 86151 ns, At safepoint: 6201 ns, Total: 92352 ns
[2020-09-11T14:47:19.187+0000][1][safepoint    ] Safepoint "Cleanup", Time since last: 1000186962 ns, Reaching safepoint: 76049 ns, At safepoint: 6708 ns, Total: 82757 ns
[2020-09-11T14:47:19.933+0000][1][safepoint    ] Safepoint "RevokeBias", Time since last: 745370792 ns, Reaching safepoint: 178133 ns, At safepoint: 32063 ns, Total: 210196 ns
[2020-09-11T14:47:20.933+0000][1][safepoint    ] Safepoint "Cleanup", Time since last: 1000165598 ns, Reaching safepoint: 134402 ns, At safepoint: 19926 ns, Total: 154328 ns
[2020-09-11T14:47:21.934+0000][1][safepoint    ] Safepoint "Cleanup", Time since last: 1000214174 ns, Reaching safepoint: 114346 ns, At safepoint: 16975 ns, Total: 131321 ns
[2020-09-11T14:47:22.934+0000][1][safepoint    ] Safepoint "Cleanup", Time since last: 1000225825 ns, Reaching safepoint: 125929 ns, At safepoint: 17674 ns, Total: 143603 ns
[2020-09-11T14:47:23.934+0000][1][safepoint    ] Safepoint "Cleanup", Time since last: 1000242675 ns, Reaching safepoint: 92152 ns, At safepoint: 8566 ns, Total: 100718 ns
[2020-09-11T14:47:24.935+0000][1][safepoint    ] Safepoint "Cleanup", Time since last: 1000211658 ns, Reaching safepoint: 86780 ns, At safepoint: 7197 ns, Total: 93977 ns
[2020-09-11T14:47:25.935+0000][1][safepoint    ] Safepoint "Cleanup", Time since last: 1000178295 ns, Reaching safepoint: 117837 ns, At safepoint: 17908 ns, Total: 135745 ns
[2020-09-11T14:47:26.935+0000][1][safepoint    ] Safepoint "Cleanup", Time since last: 1000272353 ns, Reaching safepoint: 110043 ns, At safepoint: 7707 ns, Total: 117750 ns
[2020-09-11T14:47:27.936+0000][1][safepoint    ] Safepoint "Cleanup", Time since last: 1000188033 ns, Reaching safepoint: 106474 ns, At safepoint: 17471 ns, Total: 123945 ns
[2020-09-11T14:47:28.936+0000][1][safepoint    ] Safepoint "Cleanup", Time since last: 1000180474 ns, Reaching safepoint: 116785 ns, At safepoint: 26140 ns, Total: 142925 ns
[2020-09-11T14:47:29.936+0000][1][safepoint    ] Safepoint "Cleanup", Time since last: 1000214752 ns, Reaching safepoint: 96539 ns, At safepoint: 7603 ns, Total: 104142 ns
[2020-09-11T14:47:30.936+0000][1][safepoint    ] Safepoint "Cleanup", Time since last: 1000142418 ns, Reaching safepoint: 108756 ns, At safepoint: 7331 ns, Total: 116087 ns
[2020-09-11T14:47:31.940+0000][1][safepoint    ] Safepoint "Cleanup", Time since last: 1003717516 ns, Reaching safepoint: 96866 ns, At safepoint: 7786 ns, Total: 104652 ns
[2020-09-11T14:47:32.941+0000][1][safepoint    ] Safepoint "Cleanup", Time since last: 1000172568 ns, Reaching safepoint: 117363 ns, At safepoint: 17246 ns, Total: 134609 ns
[2020-09-11T14:47:33.941+0000][1][safepoint    ] Safepoint "Cleanup", Time since last: 1000177520 ns, Reaching safepoint: 114380 ns, At safepoint: 15255 ns, Total: 129635 ns
[2020-09-11T14:47:34.941+0000][1][safepoint    ] Safepoint "Cleanup", Time since last: 1000217812 ns, Reaching safepoint: 124038 ns, At safepoint: 17841 ns, Total: 141879 ns
[2020-09-11T14:47:35.941+0000][1][safepoint    ] Safepoint "Cleanup", Time since last: 1000146654 ns, Reaching safepoint: 60555 ns, At safepoint: 6818 ns, Total: 67373 ns
[2020-09-11T14:47:36.942+0000][1][safepoint    ] Safepoint "Cleanup", Time since last: 1000728050 ns, Reaching safepoint: 88993 ns, At safepoint: 7511 ns, Total: 96504 ns
[2020-09-11T14:47:37.943+0000][1][safepoint    ] Safepoint "Cleanup", Time since last: 1000185330 ns, Reaching safepoint: 135157 ns, At safepoint: 18288 ns, Total: 153445 ns
[2020-09-11T14:47:38.943+0000][1][safepoint    ] Safepoint "Cleanup", Time since last: 1000216925 ns, Reaching safepoint: 115856 ns, At safepoint: 18045 ns, Total: 133901 ns
[2020-09-11T14:47:39.943+0000][1][safepoint    ] Safepoint "Cleanup", Time since last: 1000225132 ns, Reaching safepoint: 117086 ns, At safepoint: 17323 ns, Total: 134409 ns
[2020-09-11T14:47:40.944+0000][1][safepoint    ] Safepoint "Cleanup", Time since last: 1000258144 ns, Reaching safepoint: 134469 ns, At safepoint: 18045 ns, Total: 152514 ns
[2020-09-11T14:47:41.945+0000][1][safepoint    ] Safepoint "Cleanup", Time since last: 1001043930 ns, Reaching safepoint: 198837 ns, At safepoint: 19291 ns, Total: 218128 ns
[2020-09-11T14:47:42.945+0000][1][safepoint    ] Safepoint "Cleanup", Time since last: 1000177603 ns, Reaching safepoint: 113969 ns, At safepoint: 17259 ns, Total: 131228 ns
[2020-09-11T14:47:43.946+0000][1][safepoint    ] Safepoint "Cleanup", Time since last: 1000224883 ns, Reaching safepoint: 86568 ns, At safepoint: 7221 ns, Total: 93789 ns
[2020-09-11T14:47:44.946+0000][1][safepoint    ] Safepoint "Cleanup", Time since last: 1000177461 ns, Reaching safepoint: 126026 ns, At safepoint: 18035 ns, Total: 144061 ns
[2020-09-11T14:47:44.984+0000][1][gc,start     ] GC(69) Pause Young (Allocation Failure)
[2020-09-11T14:47:44.984+0000][1][gc,task      ] GC(69) Using 1 workers of 1 for evacuation
[2020-09-11T14:47:45.001+0000][1][gc,age       ] GC(69) Desired survivor size 4358144 bytes, new threshold 6 (max threshold 6)
[2020-09-11T14:47:45.001+0000][1][gc,age       ] GC(69) Age table with threshold 6 (max threshold 6)
[2020-09-11T14:47:45.001+0000][1][gc,age       ] GC(69) - age   1:      18312 bytes,      18312 total
[2020-09-11T14:47:45.001+0000][1][gc,age       ] GC(69) - age   2:       2816 bytes,      21128 total
[2020-09-11T14:47:45.001+0000][1][gc,age       ] GC(69) - age   3:       5016 bytes,      26144 total
[2020-09-11T14:47:45.001+0000][1][gc,age       ] GC(69) - age   4:      82808 bytes,     108952 total
[2020-09-11T14:47:45.001+0000][1][gc,age       ] GC(69) - age   5:    1490912 bytes,    1599864 total
[2020-09-11T14:47:45.001+0000][1][gc,heap      ] GC(69) ParNew: 69758K->1577K(76672K)
[2020-09-11T14:47:45.001+0000][1][gc,heap      ] GC(69) CMS: 62650K->62650K(2011968K)
[2020-09-11T14:47:45.001+0000][1][gc,metaspace ] GC(69) Metaspace: 72112K->72112K(1116160K)
[2020-09-11T14:47:45.001+0000][1][gc           ] GC(69) Pause Young (Allocation Failure) 129M->62M(2039M) 17.490ms
[2020-09-11T14:47:45.001+0000][1][gc,cpu       ] GC(69) User=0.02s Sys=0.00s Real=0.01s
[2020-09-11T14:47:45.001+0000][1][safepoint    ] Safepoint "GenCollectForAllocation", Time since last: 37647218 ns, Reaching safepoint: 177718 ns, At safepoint: 17557768 ns, Total: 17735486 ns
[2020-09-11T14:47:46.003+0000][1][safepoint    ] Safepoint "Cleanup", Time since last: 1001891551 ns, Reaching safepoint: 106528 ns, At safepoint: 44506 ns, Total: 151034 ns
[2020-09-11T14:47:47.005+0000][1][safepoint    ] Safepoint "Cleanup", Time since last: 1001008750 ns, Reaching safepoint: 110751 ns, At safepoint: 41425 ns, Total: 152176 ns
[2020-09-11T14:47:48.005+0000][1][safepoint    ] Safepoint "Cleanup", Time since last: 1000171846 ns, Reaching safepoint: 107617 ns, At safepoint: 46982 ns, Total: 154599 ns
[2020-09-11T14:47:49.005+0000][1][safepoint    ] Safepoint "Cleanup", Time since last: 1000181034 ns, Reaching safepoint: 101127 ns, At safepoint: 15942 ns, Total: 117069 ns
[2020-09-11T14:47:50.005+0000][1][safepoint    ] Safepoint "Cleanup", Time since last: 1000108121 ns, Reaching safepoint: 181385 ns, At safepoint: 7835 ns, Total: 189220 ns
[2020-09-11T14:47:51.006+0000][1][safepoint    ] Safepoint "Cleanup", Time since last: 1000177356 ns, Reaching safepoint: 85930 ns, At safepoint: 6628 ns, Total: 92558 ns
[2020-09-11T14:47:52.006+0000][1][safepoint    ] Safepoint "Cleanup", Time since last: 1000179883 ns, Reaching safepoint: 98987 ns, At safepoint: 6957 ns, Total: 105944 ns
[2020-09-11T14:47:53.007+0000][1][safepoint    ] Safepoint "Cleanup", Time since last: 1000788059 ns, Reaching safepoint: 116026 ns, At safepoint: 16471 ns, Total: 132497 ns
[2020-09-11T14:47:54.007+0000][1][safepoint    ] Safepoint "Cleanup", Time since last: 1000209694 ns, Reaching safepoint: 115218 ns, At safepoint: 17985 ns, Total: 133203 ns
[2020-09-11T14:47:55.011+0000][1][safepoint    ] Safepoint "Cleanup", Time since last: 1002857339 ns, Reaching safepoint: 417726 ns, At safepoint: 17971 ns, Total: 435697 ns
[2020-09-11T14:47:56.011+0000][1][safepoint    ] Safepoint "Cleanup", Time since last: 1000194734 ns, Reaching safepoint: 115646 ns, At safepoint: 17015 ns, Total: 132661 ns
[2020-09-11T14:47:57.011+0000][1][safepoint    ] Safepoint "Cleanup", Time since last: 1000223674 ns, Reaching safepoint: 101247 ns, At safepoint: 6465 ns, Total: 107712 ns
[2020-09-11T14:47:58.012+0000][1][safepoint    ] Safepoint "Cleanup", Time since last: 1000738485 ns, Reaching safepoint: 115881 ns, At safepoint: 7492 ns, Total: 123373 ns
[2020-09-11T14:47:59.013+0000][1][safepoint    ] Safepoint "Cleanup", Time since last: 1000306674 ns, Reaching safepoint: 118756 ns, At safepoint: 15894 ns, Total: 134650 ns
[2020-09-11T14:48:00.013+0000][1][safepoint    ] Safepoint "Cleanup", Time since last: 1000221023 ns, Reaching safepoint: 82010 ns, At safepoint: 7623 ns, Total: 89633 ns
[2020-09-11T14:48:01.013+0000][1][safepoint    ] Safepoint "Cleanup", Time since last: 1000180029 ns, Reaching safepoint: 97953 ns, At safepoint: 6183 ns, Total: 104136 ns
[2020-09-11T14:48:02.013+0000][1][safepoint    ] Safepoint "Cleanup", Time since last: 1000185837 ns, Reaching safepoint: 81084 ns, At safepoint: 8699 ns, Total: 89783 ns
[2020-09-11T14:48:03.029+0000][1][safepoint    ] Safepoint "Cleanup", Time since last: 1015442527 ns, Reaching safepoint: 84007 ns, At safepoint: 6537 ns, Total: 90544 ns
[2020-09-11T14:48:04.029+0000][1][safepoint    ] Safepoint "Cleanup", Time since last: 1000140982 ns, Reaching safepoint: 103839 ns, At safepoint: 17222 ns, Total: 121061 ns
[2020-09-11T14:48:05.030+0000][1][safepoint    ] Safepoint "Cleanup", Time since last: 1000196011 ns, Reaching safepoint: 212098 ns, At safepoint: 18736 ns, Total: 230834 ns
[2020-09-11T14:48:06.030+0000][1][safepoint    ] Safepoint "Cleanup", Time since last: 1000180809 ns, Reaching safepoint: 108419 ns, At safepoint: 17096 ns, Total: 125515 ns
[2020-09-11T14:48:07.030+0000][1][safepoint    ] Safepoint "Cleanup", Time since last: 1000198994 ns, Reaching safepoint: 93663 ns, At safepoint: 6789 ns, Total: 100452 ns
[2020-09-11T14:48:08.031+0000][1][safepoint    ] Safepoint "Cleanup", Time since last: 1000697098 ns, Reaching safepoint: 108819 ns, At safepoint: 7158 ns, Total: 115977 ns
[2020-09-11T14:48:09.031+0000][1][safepoint    ] Safepoint "Cleanup", Time since last: 1000169133 ns, Reaching safepoint: 107854 ns, At safepoint: 16969 ns, Total: 124823 ns
[2020-09-11T14:48:10.032+0000][1][safepoint    ] Safepoint "Cleanup", Time since last: 1000281136 ns, Reaching safepoint: 79266 ns, At safepoint: 7452 ns, Total: 86718 ns
[2020-09-11T14:48:11.032+0000][1][safepoint    ] Safepoint "Cleanup", Time since last: 1000177332 ns, Reaching safepoint: 118234 ns, At safepoint: 17136 ns, Total: 135370 ns
[2020-09-11T14:48:12.032+0000][1][safepoint    ] Safepoint "Cleanup", Time since last: 1000214243 ns, Reaching safepoint: 108810 ns, At safepoint: 18445 ns, Total: 127255 ns
[2020-09-11T14:48:13.034+0000][1][safepoint    ] Safepoint "Cleanup", Time since last: 1001222436 ns, Reaching safepoint: 90121 ns, At safepoint: 6456 ns, Total: 96577 ns
[2020-09-11T14:48:14.034+0000][1][safepoint    ] Safepoint "Cleanup", Time since last: 1000174626 ns, Reaching safepoint: 107280 ns, At safepoint: 17921 ns, Total: 125201 ns
[2020-09-11T14:48:15.034+0000][1][safepoint    ] Safepoint "Cleanup", Time since last: 1000232853 ns, Reaching safepoint: 108142 ns, At safepoint: 16287 ns, Total: 124429 ns
[2020-09-11T14:48:16.035+0000][1][safepoint    ] Safepoint "Cleanup", Time since last: 1000222485 ns, Reaching safepoint: 106565 ns, At safepoint: 18018 ns, Total: 124583 ns
[2020-09-11T14:48:17.035+0000][1][safepoint    ] Safepoint "Cleanup", Time since last: 1000197226 ns, Reaching safepoint: 106381 ns, At safepoint: 15920 ns, Total: 122301 ns
[2020-09-11T14:48:18.035+0000][1][safepoint    ] Safepoint "Cleanup", Time since last: 1000172333 ns, Reaching safepoint: 117734 ns, At safepoint: 15759 ns, Total: 133493 ns
[2020-09-11T14:48:19.036+0000][1][safepoint    ] Safepoint "Cleanup", Time since last: 1000353254 ns, Reaching safepoint: 117169 ns, At safepoint: 16204 ns, Total: 133373 ns
[2020-09-11T14:48:20.036+0000][1][safepoint    ] Safepoint "Cleanup", Time since last: 1000217292 ns, Reaching safepoint: 110090 ns, At safepoint: 18018 ns, Total: 128108 ns
[2020-09-11T14:48:21.036+0000][1][safepoint    ] Safepoint "Cleanup", Time since last: 1000221358 ns, Reaching safepoint: 94457 ns, At safepoint: 7072 ns, Total: 101529 ns
[2020-09-11T14:48:22.037+0000][1][safepoint    ] Safepoint "Cleanup", Time since last: 1000182341 ns, Reaching safepoint: 85994 ns, At safepoint: 6724 ns, Total: 92718 ns
[2020-09-11T14:48:23.037+0000][1][safepoint    ] Safepoint "Cleanup", Time since last: 1000180933 ns, Reaching safepoint: 84458 ns, At safepoint: 6312 ns, Total: 90770 ns
[2020-09-11T14:48:24.037+0000][1][safepoint    ] Safepoint "Cleanup", Time since last: 1000175043 ns, Reaching safepoint: 108424 ns, At safepoint: 7285 ns, Total: 115709 ns
[2020-09-11T14:48:25.038+0000][1][safepoint    ] Safepoint "Cleanup", Time since last: 1000198074 ns, Reaching safepoint: 87658 ns, At safepoint: 6405 ns, Total: 94063 ns
[2020-09-11T14:48:26.039+0000][1][safepoint    ] Safepoint "Cleanup", Time since last: 1001022905 ns, Reaching safepoint: 85908 ns, At safepoint: 7324 ns, Total: 93232 ns
[2020-09-11T14:48:27.039+0000][1][safepoint    ] Safepoint "Cleanup", Time since last: 1000197081 ns, Reaching safepoint: 108041 ns, At safepoint: 16792 ns, Total: 124833 ns
[2020-09-11T14:48:28.039+0000][1][safepoint    ] Safepoint "Cleanup", Time since last: 1000254957 ns, Reaching safepoint: 134710 ns, At safepoint: 16314 ns, Total: 151024 ns
[2020-09-11T14:48:29.040+0000][1][safepoint    ] Safepoint "Cleanup", Time since last: 1000221642 ns, Reaching safepoint: 84188 ns, At safepoint: 6463 ns, Total: 90651 ns
[2020-09-11T14:48:30.040+0000][1][safepoint    ] Safepoint "Cleanup", Time since last: 1000178464 ns, Reaching safepoint: 108960 ns, At safepoint: 17380 ns, Total: 126340 ns
[2020-09-11T14:48:31.041+0000][1][safepoint    ] Safepoint "Cleanup", Time since last: 1001155869 ns, Reaching safepoint: 129323 ns, At safepoint: 16916 ns, Total: 146239 ns
[2020-09-11T14:48:32.042+0000][1][safepoint    ] Safepoint "Cleanup", Time since last: 1000232994 ns, Reaching safepoint: 108470 ns, At safepoint: 17937 ns, Total: 126407 ns
[2020-09-11T14:48:33.042+0000][1][safepoint    ] Safepoint "Cleanup", Time since last: 1000230510 ns, Reaching safepoint: 106912 ns, At safepoint: 16678 ns, Total: 123590 ns
[2020-09-11T14:48:34.042+0000][1][safepoint    ] Safepoint "Cleanup", Time since last: 1000182722 ns, Reaching safepoint: 108388 ns, At safepoint: 15690 ns, Total: 124078 ns
[2020-09-11T14:48:35.043+0000][1][safepoint    ] Safepoint "Cleanup", Time since last: 1000219458 ns, Reaching safepoint: 56216 ns, At safepoint: 6303 ns, Total: 62519 ns
[2020-09-11T14:48:36.044+0000][1][safepoint    ] Safepoint "Cleanup", Time since last: 1000967685 ns, Reaching safepoint: 78325 ns, At safepoint: 7522 ns, Total: 85847 ns
[2020-09-11T14:48:37.044+0000][1][safepoint    ] Safepoint "Cleanup", Time since last: 1000144467 ns, Reaching safepoint: 192702 ns, At safepoint: 17691 ns, Total: 210393 ns
[2020-09-11T14:48:38.044+0000][1][safepoint    ] Safepoint "Cleanup", Time since last: 1000209457 ns, Reaching safepoint: 115512 ns, At safepoint: 18092 ns, Total: 133604 ns
[2020-09-11T14:48:39.045+0000][1][safepoint    ] Safepoint "Cleanup", Time since last: 1000176724 ns, Reaching safepoint: 108723 ns, At safepoint: 16822 ns, Total: 125545 ns
[2020-09-11T14:48:40.045+0000][1][safepoint    ] Safepoint "Cleanup", Time since last: 1000183000 ns, Reaching safepoint: 107383 ns, At safepoint: 16989 ns, Total: 124372 ns
[2020-09-11T14:48:41.046+0000][1][safepoint    ] Safepoint "Cleanup", Time since last: 1000851269 ns, Reaching safepoint: 91260 ns, At safepoint: 6460 ns, Total: 97720 ns
[2020-09-11T14:48:42.046+0000][1][safepoint    ] Safepoint "Cleanup", Time since last: 1000191708 ns, Reaching safepoint: 93327 ns, At safepoint: 7310 ns, Total: 100637 ns
[2020-09-11T14:48:43.047+0000][1][safepoint    ] Safepoint "Cleanup", Time since last: 1000191971 ns, Reaching safepoint: 103367 ns, At safepoint: 15823 ns, Total: 119190 ns
[2020-09-11T14:48:44.047+0000][1][safepoint    ] Safepoint "Cleanup", Time since last: 1000217063 ns, Reaching safepoint: 83149 ns, At safepoint: 7085 ns, Total: 90234 ns
[2020-09-11T14:48:45.047+0000][1][safepoint    ] Safepoint "Cleanup", Time since last: 1000193618 ns, Reaching safepoint: 118937 ns, At safepoint: 15967 ns, Total: 134904 ns
[2020-09-11T14:48:46.048+0000][1][safepoint    ] Safepoint "Cleanup", Time since last: 1000957169 ns, Reaching safepoint: 114292 ns, At safepoint: 17581 ns, Total: 131873 ns
[2020-09-11T14:48:47.049+0000][1][safepoint    ] Safepoint "Cleanup", Time since last: 1000211722 ns, Reaching safepoint: 85956 ns, At safepoint: 6685 ns, Total: 92641 ns
[2020-09-11T14:48:48.049+0000][1][safepoint    ] Safepoint "Cleanup", Time since last: 1000135304 ns, Reaching safepoint: 109085 ns, At safepoint: 6362 ns, Total: 115447 ns
[2020-09-11T14:48:49.049+0000][1][safepoint    ] Safepoint "Cleanup", Time since last: 1000172505 ns, Reaching safepoint: 105920 ns, At safepoint: 16147 ns, Total: 122067 ns
[2020-09-11T14:48:50.050+0000][1][safepoint    ] Safepoint "Cleanup", Time since last: 1000233891 ns, Reaching safepoint: 108366 ns, At safepoint: 16728 ns, Total: 125094 ns
[2020-09-11T14:48:51.051+0000][1][safepoint    ] Safepoint "Cleanup", Time since last: 1001044805 ns, Reaching safepoint: 86020 ns, At safepoint: 6273 ns, Total: 92293 ns
[2020-09-11T14:48:52.051+0000][1][safepoint    ] Safepoint "Cleanup", Time since last: 1000188311 ns, Reaching safepoint: 108061 ns, At safepoint: 17340 ns, Total: 125401 ns
[2020-09-11T14:48:53.051+0000][1][safepoint    ] Safepoint "Cleanup", Time since last: 1000214260 ns, Reaching safepoint: 109057 ns, At safepoint: 16535 ns, Total: 125592 ns
[2020-09-11T14:48:54.052+0000][1][safepoint    ] Safepoint "Cleanup", Time since last: 1000206239 ns, Reaching safepoint: 132281 ns, At safepoint: 17306 ns, Total: 149587 ns
[2020-09-11T14:48:55.052+0000][1][safepoint    ] Safepoint "Cleanup", Time since last: 1000216495 ns, Reaching safepoint: 87808 ns, At safepoint: 5918 ns, Total: 93726 ns
[2020-09-11T14:48:56.052+0000][1][safepoint    ] Safepoint "Cleanup", Time since last: 1000169716 ns, Reaching safepoint: 91029 ns, At safepoint: 7422 ns, Total: 98451 ns
[2020-09-11T14:48:57.053+0000][1][safepoint    ] Safepoint "Cleanup", Time since last: 1000142345 ns, Reaching safepoint: 115575 ns, At safepoint: 15867 ns, Total: 131442 ns
[2020-09-11T14:48:58.053+0000][1][safepoint    ] Safepoint "Cleanup", Time since last: 1000222828 ns, Reaching safepoint: 79136 ns, At safepoint: 8062 ns, Total: 87198 ns
[2020-09-11T14:48:59.053+0000][1][safepoint    ] Safepoint "Cleanup", Time since last: 1000105199 ns, Reaching safepoint: 66174 ns, At safepoint: 9759 ns, Total: 75933 ns
[2020-09-11T14:49:00.053+0000][1][safepoint    ] Safepoint "Cleanup", Time since last: 1000163587 ns, Reaching safepoint: 109715 ns, At safepoint: 16562 ns, Total: 126277 ns
[2020-09-11T14:49:00.135+0000][1][gc,start     ] GC(70) Pause Young (Allocation Failure)
[2020-09-11T14:49:00.135+0000][1][gc,task      ] GC(70) Using 1 workers of 1 for evacuation
[2020-09-11T14:49:00.152+0000][1][gc,age       ] GC(70) Desired survivor size 4358144 bytes, new threshold 6 (max threshold 6)
[2020-09-11T14:49:00.152+0000][1][gc,age       ] GC(70) Age table with threshold 6 (max threshold 6)
[2020-09-11T14:49:00.152+0000][1][gc,age       ] GC(70) - age   1:      20120 bytes,      20120 total
[2020-09-11T14:49:00.152+0000][1][gc,age       ] GC(70) - age   2:       5384 bytes,      25504 total
[2020-09-11T14:49:00.152+0000][1][gc,age       ] GC(70) - age   3:       2816 bytes,      28320 total
[2020-09-11T14:49:00.152+0000][1][gc,age       ] GC(70) - age   4:       5016 bytes,      33336 total
[2020-09-11T14:49:00.152+0000][1][gc,age       ] GC(70) - age   5:      82808 bytes,     116144 total
[2020-09-11T14:49:00.152+0000][1][gc,age       ] GC(70) - age   6:    1490912 bytes,    1607056 total
[2020-09-11T14:49:00.152+0000][1][gc,heap      ] GC(70) ParNew: 69737K->3132K(76672K)
[2020-09-11T14:49:00.152+0000][1][gc,heap      ] GC(70) CMS: 62650K->62650K(2011968K)
[2020-09-11T14:49:00.152+0000][1][gc,metaspace ] GC(70) Metaspace: 72220K->72220K(1116160K)
[2020-09-11T14:49:00.152+0000][1][gc           ] GC(70) Pause Young (Allocation Failure) 129M->64M(2039M) 16.863ms
[2020-09-11T14:49:00.152+0000][1][gc,cpu       ] GC(70) User=0.01s Sys=0.00s Real=0.02s
[2020-09-11T14:49:00.152+0000][1][safepoint    ] Safepoint "GenCollectForAllocation", Time since last: 81767709 ns, Reaching safepoint: 176106 ns, At safepoint: 16948465 ns, Total: 17124571 ns
[2020-09-11T14:49:01.159+0000][1][safepoint    ] Safepoint "Cleanup", Time since last: 1006502072 ns, Reaching safepoint: 53966 ns, At safepoint: 6772 ns, Total: 60738 ns
[2020-09-11T14:49:02.159+0000][1][safepoint    ] Safepoint "Cleanup", Time since last: 1000196072 ns, Reaching safepoint: 101469 ns, At safepoint: 16655 ns, Total: 118124 ns
[2020-09-11T14:49:03.159+0000][1][safepoint    ] Safepoint "Cleanup", Time since last: 1000224852 ns, Reaching safepoint: 75919 ns, At safepoint: 7004 ns, Total: 82923 ns
[2020-09-11T14:49:04.160+0000][1][safepoint    ] Safepoint "Cleanup", Time since last: 1000155559 ns, Reaching safepoint: 95823 ns, At safepoint: 5794 ns, Total: 101617 ns
[2020-09-11T14:49:05.161+0000][1][safepoint    ] Safepoint "Cleanup", Time since last: 1001221927 ns, Reaching safepoint: 84862 ns, At safepoint: 7716 ns, Total: 92578 ns
[2020-09-11T14:49:06.161+0000][1][safepoint    ] Safepoint "Cleanup", Time since last: 1000154680 ns, Reaching safepoint: 102475 ns, At safepoint: 14854 ns, Total: 117329 ns
[2020-09-11T14:49:07.162+0000][1][safepoint    ] Safepoint "Cleanup", Time since last: 1000222271 ns, Reaching safepoint: 87990 ns, At safepoint: 7095 ns, Total: 95085 ns
[2020-09-11T14:49:08.162+0000][1][safepoint    ] Safepoint "Cleanup", Time since last: 1000137091 ns, Reaching safepoint: 98427 ns, At safepoint: 6202 ns, Total: 104629 ns
[2020-09-11T14:49:09.162+0000][1][safepoint    ] Safepoint "Cleanup", Time since last: 1000132647 ns, Reaching safepoint: 90655 ns, At safepoint: 14123 ns, Total: 104778 ns
[2020-09-11T14:49:10.163+0000][1][safepoint    ] Safepoint "Cleanup", Time since last: 1000846066 ns, Reaching safepoint: 319513 ns, At safepoint: 21102 ns, Total: 340615 ns
[2020-09-11T14:49:11.164+0000][1][safepoint    ] Safepoint "Cleanup", Time since last: 1000230401 ns, Reaching safepoint: 118949 ns, At safepoint: 15880 ns, Total: 134829 ns
[2020-09-11T14:49:12.164+0000][1][safepoint    ] Safepoint "Cleanup", Time since last: 1000177970 ns, Reaching safepoint: 108250 ns, At safepoint: 5608 ns, Total: 113858 ns
[2020-09-11T14:49:13.164+0000][1][safepoint    ] Safepoint "Cleanup", Time since last: 1000173505 ns, Reaching safepoint: 116430 ns, At safepoint: 17086 ns, Total: 133516 ns
[2020-09-11T14:49:14.164+0000][1][safepoint    ] Safepoint "Cleanup", Time since last: 1000227587 ns, Reaching safepoint: 79156 ns, At safepoint: 6595 ns, Total: 85751 ns
[2020-09-11T14:49:15.165+0000][1][safepoint    ] Safepoint "Cleanup", Time since last: 1000776433 ns, Reaching safepoint: 89938 ns, At safepoint: 7126 ns, Total: 97064 ns
[2020-09-11T14:49:16.166+0000][1][safepoint    ] Safepoint "Cleanup", Time since last: 1000198160 ns, Reaching safepoint: 89786 ns, At safepoint: 6587 ns, Total: 96373 ns
[2020-09-11T14:49:17.166+0000][1][safepoint    ] Safepoint "Cleanup", Time since last: 1000161622 ns, Reaching safepoint: 89977 ns, At safepoint: 6422 ns, Total: 96399 ns
[2020-09-11T14:49:18.166+0000][1][safepoint    ] Safepoint "Cleanup", Time since last: 1000176889 ns, Reaching safepoint: 82328 ns, At safepoint: 5551 ns, Total: 87879 ns
[2020-09-11T14:49:19.166+0000][1][safepoint    ] Safepoint "Cleanup", Time since last: 1000117794 ns, Reaching safepoint: 103265 ns, At safepoint: 6064 ns, Total: 109329 ns
[2020-09-11T14:49:20.167+0000][1][safepoint    ] Safepoint "Cleanup", Time since last: 1000758447 ns, Reaching safepoint: 106531 ns, At safepoint: 14093 ns, Total: 120624 ns
[2020-09-11T14:49:21.168+0000][1][safepoint    ] Safepoint "Cleanup", Time since last: 1000196768 ns, Reaching safepoint: 108807 ns, At safepoint: 17570 ns, Total: 126377 ns
[2020-09-11T14:49:22.168+0000][1][safepoint    ] Safepoint "Cleanup", Time since last: 1000242634 ns, Reaching safepoint: 83536 ns, At safepoint: 5441 ns, Total: 88977 ns
[2020-09-11T14:49:23.168+0000][1][safepoint    ] Safepoint "Cleanup", Time since last: 1000157680 ns, Reaching safepoint: 109274 ns, At safepoint: 17240 ns, Total: 126514 ns
[2020-09-11T14:49:24.169+0000][1][safepoint    ] Safepoint "Cleanup", Time since last: 1000209884 ns, Reaching safepoint: 97166 ns, At safepoint: 14898 ns, Total: 112064 ns
[2020-09-11T14:49:25.170+0000][1][safepoint    ] Safepoint "Cleanup", Time since last: 1001033145 ns, Reaching safepoint: 107107 ns, At safepoint: 6558 ns, Total: 113665 ns
[2020-09-11T14:49:26.170+0000][1][safepoint    ] Safepoint "Cleanup", Time since last: 1000112474 ns, Reaching safepoint: 104909 ns, At safepoint: 6020 ns, Total: 110929 ns
[2020-09-11T14:49:27.170+0000][1][safepoint    ] Safepoint "Cleanup", Time since last: 1000142725 ns, Reaching safepoint: 94808 ns, At safepoint: 6691 ns, Total: 101499 ns
[2020-09-11T14:49:28.170+0000][1][safepoint    ] Safepoint "Cleanup", Time since last: 1000144540 ns, Reaching safepoint: 98978 ns, At safepoint: 14242 ns, Total: 113220 ns
[2020-09-11T14:49:29.171+0000][1][safepoint    ] Safepoint "Cleanup", Time since last: 1000206998 ns, Reaching safepoint: 111048 ns, At safepoint: 17367 ns, Total: 128415 ns
[2020-09-11T14:49:30.172+0000][1][safepoint    ] Safepoint "Cleanup", Time since last: 1001181122 ns, Reaching safepoint: 98516 ns, At safepoint: 6391 ns, Total: 104907 ns
[2020-09-11T14:49:31.172+0000][1][safepoint    ] Safepoint "Cleanup", Time since last: 1000198861 ns, Reaching safepoint: 94367 ns, At safepoint: 7398 ns, Total: 101765 ns
[2020-09-11T14:49:32.173+0000][1][safepoint    ] Safepoint "Cleanup", Time since last: 1000191460 ns, Reaching safepoint: 80882 ns, At safepoint: 7864 ns, Total: 88746 ns
[2020-09-11T14:49:33.173+0000][1][safepoint    ] Safepoint "Cleanup", Time since last: 1000182914 ns, Reaching safepoint: 101513 ns, At safepoint: 16431 ns, Total: 117944 ns
[2020-09-11T14:49:34.173+0000][1][safepoint    ] Safepoint "Cleanup", Time since last: 1000166241 ns, Reaching safepoint: 110514 ns, At safepoint: 17985 ns, Total: 128499 ns
[2020-09-11T14:49:35.174+0000][1][safepoint    ] Safepoint "Cleanup", Time since last: 1001207630 ns, Reaching safepoint: 59815 ns, At safepoint: 7185 ns, Total: 67000 ns
[2020-09-11T14:49:36.175+0000][1][safepoint    ] Safepoint "Cleanup", Time since last: 1000144105 ns, Reaching safepoint: 100765 ns, At safepoint: 16337 ns, Total: 117102 ns
[2020-09-11T14:49:37.175+0000][1][safepoint    ] Safepoint "Cleanup", Time since last: 1000158904 ns, Reaching safepoint: 59923 ns, At safepoint: 7796 ns, Total: 67719 ns
[2020-09-11T14:49:37.668+0000][1][safepoint    ] Safepoint "RevokeBias", Time since last: 493120760 ns, Reaching safepoint: 129087 ns, At safepoint: 8691 ns, Total: 137778 ns
[2020-09-11T14:49:37.668+0000][1][safepoint    ] Safepoint "RevokeBias", Time since last: 103969 ns, Reaching safepoint: 90059 ns, At safepoint: 5459 ns, Total: 95518 ns
[2020-09-11T14:49:37.669+0000][1][safepoint    ] Safepoint "RevokeBias", Time since last: 259761 ns, Reaching safepoint: 158295 ns, At safepoint: 7419 ns, Total: 165714 ns
[2020-09-11T14:49:37.669+0000][1][safepoint    ] Safepoint "RevokeBias", Time since last: 368063 ns, Reaching safepoint: 113835 ns, At safepoint: 6884 ns, Total: 120719 ns
[2020-09-11T14:49:37.670+0000][1][safepoint    ] Safepoint "RevokeBias", Time since last: 92912 ns, Reaching safepoint: 181554 ns, At safepoint: 5798 ns, Total: 187352 ns
[2020-09-11T14:49:37.670+0000][1][safepoint    ] Safepoint "RevokeBias", Time since last: 198540 ns, Reaching safepoint: 95168 ns, At safepoint: 5532 ns, Total: 100700 ns
[2020-09-11T14:49:37.671+0000][1][safepoint    ] Safepoint "RevokeBias", Time since last: 417328 ns, Reaching safepoint: 316271 ns, At safepoint: 6137 ns, Total: 322408 ns
[2020-09-11T14:49:37.671+0000][1][safepoint    ] Safepoint "RevokeBias", Time since last: 72473 ns, Reaching safepoint: 168793 ns, At safepoint: 5688 ns, Total: 174481 ns
[2020-09-11T14:49:37.671+0000][1][safepoint    ] Safepoint "RevokeBias", Time since last: 35949 ns, Reaching safepoint: 90207 ns, At safepoint: 5490 ns, Total: 95697 ns
[2020-09-11T14:49:37.672+0000][1][safepoint    ] Safepoint "RevokeBias", Time since last: 814981 ns, Reaching safepoint: 104353 ns, At safepoint: 6734 ns, Total: 111087 ns
[2020-09-11T14:49:37.674+0000][1][safepoint    ] Safepoint "RevokeBias", Time since last: 1463741 ns, Reaching safepoint: 395224 ns, At safepoint: 8830 ns, Total: 404054 ns
[2020-09-11T14:49:37.674+0000][1][safepoint    ] Safepoint "RevokeBias", Time since last: 350960 ns, Reaching safepoint: 146138 ns, At safepoint: 5399 ns, Total: 151537 ns
[2020-09-11T14:49:37.675+0000][1][safepoint    ] Safepoint "RevokeBias", Time since last: 186571 ns, Reaching safepoint: 167774 ns, At safepoint: 18585 ns, Total: 186359 ns
[2020-09-11T14:49:37.675+0000][1][safepoint    ] Safepoint "RevokeBias", Time since last: 174199 ns, Reaching safepoint: 136517 ns, At safepoint: 5874 ns, Total: 142391 ns
[2020-09-11T14:49:37.675+0000][1][safepoint    ] Safepoint "RevokeBias", Time since last: 45793 ns, Reaching safepoint: 143932 ns, At safepoint: 5772 ns, Total: 149704 ns
[2020-09-11T14:49:37.675+0000][1][safepoint    ] Safepoint "RevokeBias", Time since last: 41662 ns, Reaching safepoint: 209051 ns, At safepoint: 6241 ns, Total: 215292 ns
[2020-09-11T14:49:37.676+0000][1][safepoint    ] Safepoint "RevokeBias", Time since last: 89023 ns, Reaching safepoint: 154468 ns, At safepoint: 5837 ns, Total: 160305 ns
[2020-09-11T14:49:37.676+0000][1][safepoint    ] Safepoint "RevokeBias", Time since last: 36212 ns, Reaching safepoint: 133866 ns, At safepoint: 5577 ns, Total: 139443 ns
[2020-09-11T14:49:37.677+0000][1][safepoint    ] Safepoint "RevokeBias", Time since last: 924633 ns, Reaching safepoint: 135461 ns, At safepoint: 6277 ns, Total: 141738 ns
[2020-09-11T14:49:37.679+0000][1][safepoint    ] Safepoint "RevokeBias", Time since last: 1463015 ns, Reaching safepoint: 145462 ns, At safepoint: 8215 ns, Total: 153677 ns
[2020-09-11T14:49:38.075+0000][1][safepoint    ] Safepoint "RevokeBias", Time since last: 396534482 ns, Reaching safepoint: 62080 ns, At safepoint: 8911 ns, Total: 70991 ns
[2020-09-11T14:49:38.082+0000][1][safepoint    ] Safepoint "RevokeBias", Time since last: 4334535 ns, Reaching safepoint: 2431537 ns, At safepoint: 28622 ns, Total: 2460159 ns
[2020-09-11T14:49:38.082+0000][1][safepoint    ] Safepoint "RevokeBias", Time since last: 246012 ns, Reaching safepoint: 150405 ns, At safepoint: 22221 ns, Total: 172626 ns
[2020-09-11T14:49:38.083+0000][1][safepoint    ] Safepoint "RevokeBias", Time since last: 124102 ns, Reaching safepoint: 238177 ns, At safepoint: 20744 ns, Total: 258921 ns
[2020-09-11T14:49:38.083+0000][1][safepoint    ] Safepoint "RevokeBias", Time since last: 138856 ns, Reaching safepoint: 151845 ns, At safepoint: 19899 ns, Total: 171744 ns
[2020-09-11T14:49:38.084+0000][1][safepoint    ] Safepoint "RevokeBias", Time since last: 218823 ns, Reaching safepoint: 260388 ns, At safepoint: 19251 ns, Total: 279639 ns
[2020-09-11T14:49:38.084+0000][1][safepoint    ] Safepoint "RevokeBias", Time since last: 228464 ns, Reaching safepoint: 149848 ns, At safepoint: 42060 ns, Total: 191908 ns
[2020-09-11T14:49:38.084+0000][1][safepoint    ] Safepoint "RevokeBias", Time since last: 83665 ns, Reaching safepoint: 144405 ns, At safepoint: 40339 ns, Total: 184744 ns
[2020-09-11T14:49:38.086+0000][1][safepoint    ] Safepoint "RevokeBias", Time since last: 1464755 ns, Reaching safepoint: 135310 ns, At safepoint: 15280 ns, Total: 150590 ns
[2020-09-11T14:49:38.086+0000][1][safepoint    ] Safepoint "RevokeBias", Time since last: 387409 ns, Reaching safepoint: 159425 ns, At safepoint: 14496 ns, Total: 173921 ns
[2020-09-11T14:49:38.087+0000][1][safepoint    ] Safepoint "RevokeBias", Time since last: 35571 ns, Reaching safepoint: 134681 ns, At safepoint: 13473 ns, Total: 148154 ns
[2020-09-11T14:49:38.087+0000][1][safepoint    ] Safepoint "RevokeBias", Time since last: 57390 ns, Reaching safepoint: 134913 ns, At safepoint: 13134 ns, Total: 148047 ns
[2020-09-11T14:49:38.087+0000][1][safepoint    ] Safepoint "RevokeBias", Time since last: 49813 ns, Reaching safepoint: 138914 ns, At safepoint: 12832 ns, Total: 151746 ns
[2020-09-11T14:49:38.087+0000][1][safepoint    ] Safepoint "RevokeBias", Time since last: 59797 ns, Reaching safepoint: 138170 ns, At safepoint: 12714 ns, Total: 150884 ns
[2020-09-11T14:49:38.087+0000][1][safepoint    ] Safepoint "RevokeBias", Time since last: 34044 ns, Reaching safepoint: 15668 ns, At safepoint: 10981 ns, Total: 26649 ns
[2020-09-11T14:49:38.088+0000][1][safepoint    ] Safepoint "RevokeBias", Time since last: 446962 ns, Reaching safepoint: 134280 ns, At safepoint: 14048 ns, Total: 148328 ns
[2020-09-11T14:49:38.088+0000][1][safepoint    ] Safepoint "RevokeBias", Time since last: 316021 ns, Reaching safepoint: 17024 ns, At safepoint: 20962 ns, Total: 37986 ns
[2020-09-11T14:49:38.089+0000][1][safepoint    ] Safepoint "RevokeBias", Time since last: 350697 ns, Reaching safepoint: 132511 ns, At safepoint: 13406 ns, Total: 145917 ns
[2020-09-11T14:49:38.099+0000][1][safepoint    ] Safepoint "RevokeBias", Time since last: 6656168 ns, Reaching safepoint: 119213 ns, At safepoint: 3890062 ns, Total: 4009275 ns
[2020-09-11T14:49:38.101+0000][1][safepoint    ] Safepoint "BulkRevokeBias", Time since last: 773394 ns, Reaching safepoint: 459979 ns, At safepoint: 84641 ns, Total: 544620 ns
[2020-09-11T14:49:38.120+0000][1][safepoint    ] Safepoint "RevokeBias", Time since last: 19119095 ns, Reaching safepoint: 117937 ns, At safepoint: 8772 ns, Total: 126709 ns
[2020-09-11T14:49:38.120+0000][1][safepoint    ] Safepoint "RevokeBias", Time since last: 85949 ns, Reaching safepoint: 17644 ns, At safepoint: 4225 ns, Total: 21869 ns
[2020-09-11T14:49:38.120+0000][1][safepoint    ] Safepoint "RevokeBias", Time since last: 34248 ns, Reaching safepoint: 15587 ns, At safepoint: 3967 ns, Total: 19554 ns
[2020-09-11T14:49:38.121+0000][1][safepoint    ] Safepoint "RevokeBias", Time since last: 393993 ns, Reaching safepoint: 19523 ns, At safepoint: 4285 ns, Total: 23808 ns
[2020-09-11T14:49:38.121+0000][1][safepoint    ] Safepoint "RevokeBias", Time since last: 555022 ns, Reaching safepoint: 95808 ns, At safepoint: 6236 ns, Total: 102044 ns
[2020-09-11T14:49:38.122+0000][1][safepoint    ] Safepoint "RevokeBias", Time since last: 501185 ns, Reaching safepoint: 86383 ns, At safepoint: 5677 ns, Total: 92060 ns
[2020-09-11T14:49:38.124+0000][1][safepoint    ] Safepoint "RevokeBias", Time since last: 1800076 ns, Reaching safepoint: 90810 ns, At safepoint: 6444 ns, Total: 97254 ns
[2020-09-11T14:49:38.126+0000][1][safepoint    ] Safepoint "BulkRevokeBias", Time since last: 1783818 ns, Reaching safepoint: 95177 ns, At safepoint: 64430 ns, Total: 159607 ns
[2020-09-11T14:49:38.129+0000][1][safepoint    ] Safepoint "RevokeBias", Time since last: 3133490 ns, Reaching safepoint: 90189 ns, At safepoint: 6450 ns, Total: 96639 ns
[2020-09-11T14:49:38.129+0000][1][safepoint    ] Safepoint "RevokeBias", Time since last: 116814 ns, Reaching safepoint: 78306 ns, At safepoint: 4639 ns, Total: 82945 ns
[2020-09-11T14:49:38.129+0000][1][safepoint    ] Safepoint "RevokeBias", Time since last: 81248 ns, Reaching safepoint: 89896 ns, At safepoint: 4877 ns, Total: 94773 ns
[2020-09-11T14:49:38.129+0000][1][safepoint    ] Safepoint "RevokeBias", Time since last: 55891 ns, Reaching safepoint: 76664 ns, At safepoint: 4380 ns, Total: 81044 ns
[2020-09-11T14:49:38.131+0000][1][safepoint    ] Safepoint "RevokeBias", Time since last: 1149859 ns, Reaching safepoint: 83220 ns, At safepoint: 14102 ns, Total: 97322 ns
[2020-09-11T14:49:38.134+0000][1][safepoint    ] Safepoint "RevokeBias", Time since last: 3506262 ns, Reaching safepoint: 137596 ns, At safepoint: 8263 ns, Total: 145859 ns
[2020-09-11T14:49:38.137+0000][1][safepoint    ] Safepoint "RevokeBias", Time since last: 2804810 ns, Reaching safepoint: 93834 ns, At safepoint: 6849 ns, Total: 100683 ns
[2020-09-11T14:49:38.139+0000][1][gc,heap,exit ] Heap
[2020-09-11T14:49:38.139+0000][1][gc,heap,exit ]  par new generation   total 76672K, used 43942K [0x0000000080000000, 0x0000000085330000, 0x0000000085330000)
[2020-09-11T14:49:38.139+0000][1][gc,heap,exit ]   eden space 68160K,  59% used [0x0000000080000000, 0x00000000827da608, 0x0000000084290000)
[2020-09-11T14:49:38.139+0000][1][gc,heap,exit ]   from space 8512K,  36% used [0x0000000084290000, 0x000000008459f230, 0x0000000084ae0000)
[2020-09-11T14:49:38.139+0000][1][gc,heap,exit ]   to   space 8512K,   0% used [0x0000000084ae0000, 0x0000000084ae0000, 0x0000000085330000)
[2020-09-11T14:49:38.139+0000][1][gc,heap,exit ]  concurrent mark-sweep generation total 2011968K, used 62650K [0x0000000085330000, 0x0000000100000000, 0x0000000100000000)
[2020-09-11T14:49:38.139+0000][1][gc,heap,exit ]  Metaspace       used 72381K, capacity 78192K, committed 78328K, reserved 1116160K
[2020-09-11T14:49:38.139+0000][1][gc,heap,exit ]   class space    used 9666K, capacity 12057K, committed 12176K, reserved 1048576K
