[2020-09-10T17:19:23.143+0000][1][gc] Using Concurrent Mark Sweep
[2020-09-10T17:19:23.143+0000][1][gc,heap,coops] Heap address: 0x0000000080000000, size: 2048 MB, Compressed Oops mode: 32-bit
[2020-09-10T17:19:23.396+0000][1][safepoint    ] Safepoint "EnableBiasedLocking", Time since last: 221209325 ns, Reaching safepoint: 4463285 ns, At safepoint: 43746 ns, Total: 4507031 ns
[2020-09-10T17:19:23.423+0000][1][safepoint    ] Safepoint "RevokeBias", Time since last: 25545619 ns, Reaching safepoint: 699501 ns, At safepoint: 40038 ns, Total: 739539 ns
[2020-09-10T17:19:23.447+0000][1][safepoint    ] Safepoint "Deoptimize", Time since last: 21855122 ns, Reaching safepoint: 2482078 ns, At safepoint: 23694 ns, Total: 2505772 ns
[2020-09-10T17:19:24.166+0000][1][safepoint    ] Safepoint "Deoptimize", Time since last: 715867310 ns, Reaching safepoint: 2529743 ns, At safepoint: 31293 ns, Total: 2561036 ns
[2020-09-10T17:19:24.177+0000][1][safepoint    ] Safepoint "Deoptimize", Time since last: 9694109 ns, Reaching safepoint: 1740433 ns, At safepoint: 31295 ns, Total: 1771728 ns
[2020-09-10T17:19:24.423+0000][1][safepoint    ] Safepoint "Deoptimize", Time since last: 243139084 ns, Reaching safepoint: 2573050 ns, At safepoint: 39793 ns, Total: 2612843 ns
[2020-09-10T17:19:25.427+0000][1][safepoint    ] Safepoint "Cleanup", Time since last: 1003951451 ns, Reaching safepoint: 190674 ns, At safepoint: 6068 ns, Total: 196742 ns
[2020-09-10T17:19:26.436+0000][1][safepoint    ] Safepoint "Cleanup", Time since last: 1003781961 ns, Reaching safepoint: 5809281 ns, At safepoint: 10272 ns, Total: 5819553 ns
[2020-09-10T17:19:26.638+0000][1][safepoint    ] Safepoint "Deoptimize", Time since last: 198608010 ns, Reaching safepoint: 2606779 ns, At safepoint: 71575 ns, Total: 2678354 ns
[2020-09-10T17:19:26.975+0000][1][safepoint    ] Safepoint "Deoptimize", Time since last: 337128274 ns, Reaching safepoint: 99217 ns, At safepoint: 61179 ns, Total: 160396 ns
[2020-09-10T17:19:27.363+0000][1][safepoint    ] Safepoint "Deoptimize", Time since last: 380642765 ns, Reaching safepoint: 7108425 ns, At safepoint: 78567 ns, Total: 7186992 ns
[2020-09-10T17:19:28.375+0000][1][safepoint    ] Safepoint "Cleanup", Time since last: 1011810583 ns, Reaching safepoint: 112889 ns, At safepoint: 15572 ns, Total: 128461 ns
[2020-09-10T17:19:29.379+0000][1][safepoint    ] Safepoint "Cleanup", Time since last: 1003860118 ns, Reaching safepoint: 133177 ns, At safepoint: 6200 ns, Total: 139377 ns
[2020-09-10T17:19:29.546+0000][1][safepoint    ] Safepoint "Deoptimize", Time since last: 167140379 ns, Reaching safepoint: 96171 ns, At safepoint: 79333 ns, Total: 175504 ns
[2020-09-10T17:19:30.560+0000][1][safepoint    ] Safepoint "Cleanup", Time since last: 1000107870 ns, Reaching safepoint: 13532993 ns, At safepoint: 8571 ns, Total: 13541564 ns
[2020-09-10T17:19:31.735+0000][1][safepoint    ] Safepoint "Deoptimize", Time since last: 1174893541 ns, Reaching safepoint: 108290 ns, At safepoint: 93132 ns, Total: 201422 ns
[2020-09-10T17:19:32.735+0000][1][safepoint    ] Safepoint "Cleanup", Time since last: 1000104989 ns, Reaching safepoint: 109367 ns, At safepoint: 5862 ns, Total: 115229 ns
[2020-09-10T17:19:33.623+0000][1][safepoint    ] Safepoint "Deoptimize", Time since last: 887650049 ns, Reaching safepoint: 129170 ns, At safepoint: 106114 ns, Total: 235284 ns
[2020-09-10T17:19:33.633+0000][1][safepoint    ] Safepoint "Deoptimize", Time since last: 9407245 ns, Reaching safepoint: 99350 ns, At safepoint: 105540 ns, Total: 204890 ns
[2020-09-10T17:19:33.956+0000][1][safepoint    ] Safepoint "Deoptimize", Time since last: 322725343 ns, Reaching safepoint: 1045780 ns, At safepoint: 111618 ns, Total: 1157398 ns
[2020-09-10T17:19:33.973+0000][1][safepoint    ] Safepoint "Deoptimize", Time since last: 14395693 ns, Reaching safepoint: 1760343 ns, At safepoint: 108556 ns, Total: 1868899 ns
[2020-09-10T17:19:34.053+0000][1][safepoint    ] Safepoint "RevokeBias", Time since last: 80304072 ns, Reaching safepoint: 96133 ns, At safepoint: 27919 ns, Total: 124052 ns
[2020-09-10T17:19:34.056+0000][1][safepoint    ] Safepoint "RevokeBias", Time since last: 347691 ns, Reaching safepoint: 2366176 ns, At safepoint: 28626 ns, Total: 2394802 ns
[2020-09-10T17:19:34.056+0000][1][safepoint    ] Safepoint "RevokeBias", Time since last: 113906 ns, Reaching safepoint: 80808 ns, At safepoint: 20731 ns, Total: 101539 ns
[2020-09-10T17:19:34.071+0000][1][safepoint    ] Safepoint "RevokeBias", Time since last: 14564751 ns, Reaching safepoint: 114973 ns, At safepoint: 63169 ns, Total: 178142 ns
[2020-09-10T17:19:35.085+0000][1][safepoint    ] Safepoint "Cleanup", Time since last: 1000115911 ns, Reaching safepoint: 13871458 ns, At safepoint: 8396 ns, Total: 13879854 ns
[2020-09-10T17:19:36.085+0000][1][safepoint    ] Safepoint "Cleanup", Time since last: 1000134303 ns, Reaching safepoint: 455370 ns, At safepoint: 6687 ns, Total: 462057 ns
[2020-09-10T17:19:36.686+0000][1][gc,start     ] GC(0) Pause Young (Allocation Failure)
[2020-09-10T17:19:36.686+0000][1][gc,task      ] GC(0) Using 1 workers of 1 for evacuation
[2020-09-10T17:19:36.770+0000][1][gc,age       ] GC(0) Desired survivor size 4358144 bytes, new threshold 1 (max threshold 6)
[2020-09-10T17:19:36.770+0000][1][gc,age       ] GC(0) Age table with threshold 1 (max threshold 6)
[2020-09-10T17:19:36.770+0000][1][gc,age       ] GC(0) - age   1:    6365440 bytes,    6365440 total
[2020-09-10T17:19:36.770+0000][1][gc,heap      ] GC(0) ParNew: 68160K->6241K(76672K)
[2020-09-10T17:19:36.770+0000][1][gc,heap      ] GC(0) CMS: 0K->0K(2011968K)
[2020-09-10T17:19:36.770+0000][1][gc,metaspace ] GC(0) Metaspace: 13354K->13354K(1060864K)
[2020-09-10T17:19:36.770+0000][1][gc           ] GC(0) Pause Young (Allocation Failure) 66M->6M(2039M) 83.776ms
[2020-09-10T17:19:36.770+0000][1][gc,cpu       ] GC(0) User=0.02s Sys=0.00s Real=0.09s
[2020-09-10T17:19:36.799+0000][1][safepoint    ] Safepoint "GenCollectForAllocation", Time since last: 597451762 ns, Reaching safepoint: 3340084 ns, At safepoint: 112437396 ns, Total: 115777480 ns
[2020-09-10T17:19:36.830+0000][1][safepoint    ] Safepoint "RevokeBias", Time since last: 31087573 ns, Reaching safepoint: 35939 ns, At safepoint: 52520 ns, Total: 88459 ns
[2020-09-10T17:19:36.843+0000][1][safepoint    ] Safepoint "RevokeBias", Time since last: 10724838 ns, Reaching safepoint: 2094790 ns, At safepoint: 37558 ns, Total: 2132348 ns
[2020-09-10T17:19:36.843+0000][1][safepoint    ] Safepoint "RevokeBias", Time since last: 91205 ns, Reaching safepoint: 80089 ns, At safepoint: 29120 ns, Total: 109209 ns
[2020-09-10T17:19:36.843+0000][1][safepoint    ] Safepoint "RevokeBias", Time since last: 31993 ns, Reaching safepoint: 78626 ns, At safepoint: 16032 ns, Total: 94658 ns
[2020-09-10T17:19:36.844+0000][1][safepoint    ] Safepoint "RevokeBias", Time since last: 34488 ns, Reaching safepoint: 497448 ns, At safepoint: 16999 ns, Total: 514447 ns
[2020-09-10T17:19:36.847+0000][1][safepoint    ] Safepoint "RevokeBias", Time since last: 52778 ns, Reaching safepoint: 3039109 ns, At safepoint: 34010 ns, Total: 3073119 ns
[2020-09-10T17:19:36.847+0000][1][safepoint    ] Safepoint "RevokeBias", Time since last: 83731 ns, Reaching safepoint: 78975 ns, At safepoint: 16891 ns, Total: 95866 ns
[2020-09-10T17:19:36.847+0000][1][safepoint    ] Safepoint "RevokeBias", Time since last: 39018 ns, Reaching safepoint: 76732 ns, At safepoint: 14188 ns, Total: 90920 ns
[2020-09-10T17:19:36.847+0000][1][safepoint    ] Safepoint "RevokeBias", Time since last: 58958 ns, Reaching safepoint: 77943 ns, At safepoint: 19080 ns, Total: 97023 ns
[2020-09-10T17:19:36.847+0000][1][safepoint    ] Safepoint "RevokeBias", Time since last: 26945 ns, Reaching safepoint: 80377 ns, At safepoint: 17345 ns, Total: 97722 ns
[2020-09-10T17:19:36.847+0000][1][safepoint    ] Safepoint "RevokeBias", Time since last: 34050 ns, Reaching safepoint: 78825 ns, At safepoint: 16714 ns, Total: 95539 ns
[2020-09-10T17:19:36.848+0000][1][safepoint    ] Safepoint "RevokeBias", Time since last: 27194 ns, Reaching safepoint: 106102 ns, At safepoint: 19291 ns, Total: 125393 ns
[2020-09-10T17:19:36.848+0000][1][safepoint    ] Safepoint "RevokeBias", Time since last: 43225 ns, Reaching safepoint: 579951 ns, At safepoint: 29882 ns, Total: 609833 ns
[2020-09-10T17:19:36.849+0000][1][safepoint    ] Safepoint "RevokeBias", Time since last: 41691 ns, Reaching safepoint: 1070889 ns, At safepoint: 29014 ns, Total: 1099903 ns
[2020-09-10T17:19:36.851+0000][1][safepoint    ] Safepoint "RevokeBias", Time since last: 46622 ns, Reaching safepoint: 1226261 ns, At safepoint: 21486 ns, Total: 1247747 ns
[2020-09-10T17:19:36.851+0000][1][safepoint    ] Safepoint "RevokeBias", Time since last: 36881 ns, Reaching safepoint: 411041 ns, At safepoint: 22716 ns, Total: 433757 ns
[2020-09-10T17:19:36.852+0000][1][safepoint    ] Safepoint "RevokeBias", Time since last: 46287 ns, Reaching safepoint: 974003 ns, At safepoint: 22153 ns, Total: 996156 ns
[2020-09-10T17:19:36.852+0000][1][safepoint    ] Safepoint "RevokeBias", Time since last: 36051 ns, Reaching safepoint: 100156 ns, At safepoint: 20976 ns, Total: 121132 ns
[2020-09-10T17:19:36.853+0000][1][safepoint    ] Safepoint "RevokeBias", Time since last: 44940 ns, Reaching safepoint: 179243 ns, At safepoint: 20143 ns, Total: 199386 ns
[2020-09-10T17:19:36.853+0000][1][safepoint    ] Safepoint "RevokeBias", Time since last: 36325 ns, Reaching safepoint: 165922 ns, At safepoint: 27064 ns, Total: 192986 ns
[2020-09-10T17:19:36.853+0000][1][safepoint    ] Safepoint "RevokeBias", Time since last: 37161 ns, Reaching safepoint: 164509 ns, At safepoint: 26913 ns, Total: 191422 ns
[2020-09-10T17:19:36.853+0000][1][safepoint    ] Safepoint "RevokeBias", Time since last: 29358 ns, Reaching safepoint: 120786 ns, At safepoint: 18404 ns, Total: 139190 ns
[2020-09-10T17:19:36.853+0000][1][safepoint    ] Safepoint "RevokeBias", Time since last: 42548 ns, Reaching safepoint: 206091 ns, At safepoint: 17409 ns, Total: 223500 ns
[2020-09-10T17:19:36.855+0000][1][safepoint    ] Safepoint "RevokeBias", Time since last: 35615 ns, Reaching safepoint: 1132042 ns, At safepoint: 20779 ns, Total: 1152821 ns
[2020-09-10T17:19:36.855+0000][1][safepoint    ] Safepoint "RevokeBias", Time since last: 67107 ns, Reaching safepoint: 140860 ns, At safepoint: 26764 ns, Total: 167624 ns
[2020-09-10T17:19:36.859+0000][1][safepoint    ] Safepoint "RevokeBias", Time since last: 46958 ns, Reaching safepoint: 3710435 ns, At safepoint: 40871 ns, Total: 3751306 ns
[2020-09-10T17:19:36.863+0000][1][safepoint    ] Safepoint "RevokeBias", Time since last: 560851 ns, Reaching safepoint: 3440545 ns, At safepoint: 45250 ns, Total: 3485795 ns
[2020-09-10T17:19:36.866+0000][1][safepoint    ] Safepoint "RevokeBias", Time since last: 55677 ns, Reaching safepoint: 3469269 ns, At safepoint: 38679 ns, Total: 3507948 ns
[2020-09-10T17:19:36.867+0000][1][safepoint    ] Safepoint "RevokeBias", Time since last: 169559 ns, Reaching safepoint: 86823 ns, At safepoint: 29887 ns, Total: 116710 ns
[2020-09-10T17:19:36.867+0000][1][safepoint    ] Safepoint "RevokeBias", Time since last: 42903 ns, Reaching safepoint: 84056 ns, At safepoint: 28990 ns, Total: 113046 ns
[2020-09-10T17:19:37.098+0000][1][safepoint    ] Safepoint "RevokeBias", Time since last: 225348067 ns, Reaching safepoint: 5496844 ns, At safepoint: 41800 ns, Total: 5538644 ns
[2020-09-10T17:19:37.263+0000][1][safepoint    ] Safepoint "Deoptimize", Time since last: 162780803 ns, Reaching safepoint: 2242033 ns, At safepoint: 166380 ns, Total: 2408413 ns
[2020-09-10T17:19:37.463+0000][1][safepoint    ] Safepoint "Deoptimize", Time since last: 197933143 ns, Reaching safepoint: 1915238 ns, At safepoint: 136974 ns, Total: 2052212 ns
[2020-09-10T17:19:38.473+0000][1][safepoint    ] Safepoint "Cleanup", Time since last: 1010447683 ns, Reaching safepoint: 162298 ns, At safepoint: 6902 ns, Total: 169200 ns
[2020-09-10T17:19:38.599+0000][1][safepoint    ] Safepoint "RevokeBias", Time since last: 125147089 ns, Reaching safepoint: 87701 ns, At safepoint: 37139 ns, Total: 124840 ns
[2020-09-10T17:19:38.823+0000][1][safepoint    ] Safepoint "RevokeBias", Time since last: 224100485 ns, Reaching safepoint: 102107 ns, At safepoint: 33528 ns, Total: 135635 ns
[2020-09-10T17:19:38.951+0000][1][safepoint    ] Safepoint "RevokeBias", Time since last: 127719711 ns, Reaching safepoint: 97071 ns, At safepoint: 31303 ns, Total: 128374 ns
[2020-09-10T17:19:39.408+0000][1][safepoint    ] Safepoint "RevokeBias", Time since last: 456806523 ns, Reaching safepoint: 95898 ns, At safepoint: 33914 ns, Total: 129812 ns
[2020-09-10T17:19:39.841+0000][1][safepoint    ] Safepoint "RevokeBias", Time since last: 433216830 ns, Reaching safepoint: 110204 ns, At safepoint: 37495 ns, Total: 147699 ns
[2020-09-10T17:19:39.869+0000][1][safepoint    ] Safepoint "RevokeBias", Time since last: 27882731 ns, Reaching safepoint: 110311 ns, At safepoint: 36873 ns, Total: 147184 ns
[2020-09-10T17:19:40.073+0000][1][gc,start     ] GC(1) Pause Young (Allocation Failure)
[2020-09-10T17:19:40.073+0000][1][gc,task      ] GC(1) Using 1 workers of 1 for evacuation
[2020-09-10T17:19:40.301+0000][1][gc,age       ] GC(1) Desired survivor size 4358144 bytes, new threshold 6 (max threshold 6)
[2020-09-10T17:19:40.301+0000][1][gc,age       ] GC(1) Age table with threshold 6 (max threshold 6)
[2020-09-10T17:19:40.301+0000][1][gc,age       ] GC(1) - age   1:    1805648 bytes,    1805648 total
[2020-09-10T17:19:40.301+0000][1][gc,heap      ] GC(1) ParNew: 74401K->4134K(76672K)
[2020-09-10T17:19:40.301+0000][1][gc,heap      ] GC(1) CMS: 0K->6733K(2011968K)
[2020-09-10T17:19:40.301+0000][1][gc,metaspace ] GC(1) Metaspace: 15994K->15994K(1064960K)
[2020-09-10T17:19:40.301+0000][1][gc           ] GC(1) Pause Young (Allocation Failure) 72M->10M(2039M) 228.623ms
[2020-09-10T17:19:40.301+0000][1][gc,cpu       ] GC(1) User=0.05s Sys=0.00s Real=0.23s
[2020-09-10T17:19:40.324+0000][1][safepoint    ] Safepoint "GenCollectForAllocation", Time since last: 203553375 ns, Reaching safepoint: 109162 ns, At safepoint: 251359965 ns, Total: 251469127 ns
[2020-09-10T17:19:40.351+0000][1][safepoint    ] Safepoint "BulkRevokeBias", Time since last: 26809400 ns, Reaching safepoint: 114420 ns, At safepoint: 103480 ns, Total: 217900 ns
[2020-09-10T17:19:40.352+0000][1][safepoint    ] Safepoint "RevokeBias", Time since last: 95501 ns, Reaching safepoint: 263696 ns, At safepoint: 34012 ns, Total: 297708 ns
[2020-09-10T17:19:40.352+0000][1][safepoint    ] Safepoint "RevokeBias", Time since last: 60324 ns, Reaching safepoint: 230152 ns, At safepoint: 33010 ns, Total: 263162 ns
[2020-09-10T17:19:40.352+0000][1][safepoint    ] Safepoint "RevokeBias", Time since last: 31478 ns, Reaching safepoint: 94371 ns, At safepoint: 52659 ns, Total: 147030 ns
[2020-09-10T17:19:40.353+0000][1][safepoint    ] Safepoint "RevokeBias", Time since last: 32309 ns, Reaching safepoint: 720847 ns, At safepoint: 47797 ns, Total: 768644 ns
[2020-09-10T17:19:40.354+0000][1][safepoint    ] Safepoint "RevokeBias", Time since last: 30423 ns, Reaching safepoint: 1058776 ns, At safepoint: 46961 ns, Total: 1105737 ns
[2020-09-10T17:19:40.355+0000][1][safepoint    ] Safepoint "RevokeBias", Time since last: 42407 ns, Reaching safepoint: 609768 ns, At safepoint: 46152 ns, Total: 655920 ns
[2020-09-10T17:19:40.355+0000][1][safepoint    ] Safepoint "RevokeBias", Time since last: 31569 ns, Reaching safepoint: 84337 ns, At safepoint: 39967 ns, Total: 124304 ns
[2020-09-10T17:19:40.355+0000][1][safepoint    ] Safepoint "BulkRevokeBias", Time since last: 32546 ns, Reaching safepoint: 85854 ns, At safepoint: 82376 ns, Total: 168230 ns
[2020-09-10T17:19:40.355+0000][1][safepoint    ] Safepoint "BulkRevokeBias", Time since last: 26368 ns, Reaching safepoint: 84858 ns, At safepoint: 55394 ns, Total: 140252 ns
[2020-09-10T17:19:40.708+0000][1][safepoint    ] Safepoint "RevokeBias", Time since last: 352130159 ns, Reaching safepoint: 99549 ns, At safepoint: 32037 ns, Total: 131586 ns
[2020-09-10T17:19:40.863+0000][1][safepoint    ] Safepoint "RevokeBias", Time since last: 155203895 ns, Reaching safepoint: 103612 ns, At safepoint: 35695 ns, Total: 139307 ns
[2020-09-10T17:19:40.874+0000][1][safepoint    ] Safepoint "RevokeBias", Time since last: 11029028 ns, Reaching safepoint: 106187 ns, At safepoint: 37676 ns, Total: 143863 ns
[2020-09-10T17:19:41.876+0000][1][safepoint    ] Safepoint "Deoptimize", Time since last: 1000675525 ns, Reaching safepoint: 652974 ns, At safepoint: 163282 ns, Total: 816256 ns
[2020-09-10T17:19:42.695+0000][1][safepoint    ] Safepoint "Deoptimize", Time since last: 818955715 ns, Reaching safepoint: 127922 ns, At safepoint: 192398 ns, Total: 320320 ns
[2020-09-10T17:19:42.770+0000][1][safepoint    ] Safepoint "Deoptimize", Time since last: 74427414 ns, Reaching safepoint: 424999 ns, At safepoint: 181348 ns, Total: 606347 ns
[2020-09-10T17:19:43.771+0000][1][safepoint    ] Safepoint "Cleanup", Time since last: 1000142858 ns, Reaching safepoint: 729936 ns, At safepoint: 9324 ns, Total: 739260 ns
[2020-09-10T17:19:44.175+0000][1][safepoint    ] Safepoint "Deoptimize", Time since last: 401005643 ns, Reaching safepoint: 3013821 ns, At safepoint: 179638 ns, Total: 3193459 ns
[2020-09-10T17:19:44.179+0000][1][safepoint    ] Safepoint "RevokeBias", Time since last: 577111 ns, Reaching safepoint: 3228159 ns, At safepoint: 55068 ns, Total: 3283227 ns
[2020-09-10T17:19:44.180+0000][1][safepoint    ] Safepoint "Deoptimize", Time since last: 999419 ns, Reaching safepoint: 470401 ns, At safepoint: 188759 ns, Total: 659160 ns
[2020-09-10T17:19:45.191+0000][1][safepoint    ] Safepoint "Cleanup", Time since last: 1006790796 ns, Reaching safepoint: 3491937 ns, At safepoint: 11742 ns, Total: 3503679 ns
[2020-09-10T17:19:45.238+0000][1][gc,start     ] GC(2) Pause Young (Allocation Failure)
[2020-09-10T17:19:45.238+0000][1][gc,task      ] GC(2) Using 1 workers of 1 for evacuation
[2020-09-10T17:19:45.308+0000][1][gc,age       ] GC(2) Desired survivor size 4358144 bytes, new threshold 2 (max threshold 6)
[2020-09-10T17:19:45.308+0000][1][gc,age       ] GC(2) Age table with threshold 2 (max threshold 6)
[2020-09-10T17:19:45.308+0000][1][gc,age       ] GC(2) - age   1:    3042560 bytes,    3042560 total
[2020-09-10T17:19:45.308+0000][1][gc,age       ] GC(2) - age   2:    1611808 bytes,    4654368 total
[2020-09-10T17:19:45.308+0000][1][gc,heap      ] GC(2) ParNew: 72294K->5097K(76672K)
[2020-09-10T17:19:45.308+0000][1][gc,heap      ] GC(2) CMS: 6733K->6733K(2011968K)
[2020-09-10T17:19:45.308+0000][1][gc,metaspace ] GC(2) Metaspace: 20104K->20104K(1067008K)
[2020-09-10T17:19:45.308+0000][1][gc           ] GC(2) Pause Young (Allocation Failure) 77M->11M(2039M) 70.407ms
[2020-09-10T17:19:45.308+0000][1][gc,cpu       ] GC(2) User=0.02s Sys=0.00s Real=0.08s
[2020-09-10T17:19:45.335+0000][1][safepoint    ] Safepoint "GenCollectForAllocation", Time since last: 45102406 ns, Reaching safepoint: 1835970 ns, At safepoint: 97034564 ns, Total: 98870534 ns
[2020-09-10T17:19:45.359+0000][1][safepoint    ] Safepoint "RevokeBias", Time since last: 19800839 ns, Reaching safepoint: 109634 ns, At safepoint: 4087892 ns, Total: 4197526 ns
[2020-09-10T17:19:45.359+0000][1][safepoint    ] Safepoint "RevokeBias", Time since last: 79777 ns, Reaching safepoint: 99462 ns, At safepoint: 52998 ns, Total: 152460 ns
[2020-09-10T17:19:45.359+0000][1][safepoint    ] Safepoint "RevokeBias", Time since last: 52640 ns, Reaching safepoint: 80318 ns, At safepoint: 28872 ns, Total: 109190 ns
[2020-09-10T17:19:45.367+0000][1][safepoint    ] Safepoint "RevokeBias", Time since last: 31990 ns, Reaching safepoint: 7605137 ns, At safepoint: 61367 ns, Total: 7666504 ns
[2020-09-10T17:19:45.370+0000][1][safepoint    ] Safepoint "RevokeBias", Time since last: 101841 ns, Reaching safepoint: 2615797 ns, At safepoint: 46284 ns, Total: 2662081 ns
[2020-09-10T17:19:45.370+0000][1][safepoint    ] Safepoint "RevokeBias", Time since last: 53968 ns, Reaching safepoint: 85328 ns, At safepoint: 32058 ns, Total: 117386 ns
[2020-09-10T17:19:45.370+0000][1][safepoint    ] Safepoint "RevokeBias", Time since last: 50366 ns, Reaching safepoint: 86875 ns, At safepoint: 51082 ns, Total: 137957 ns
[2020-09-10T17:19:45.386+0000][1][safepoint    ] Safepoint "RevokeBias", Time since last: 34518 ns, Reaching safepoint: 11016623 ns, At safepoint: 5538231 ns, Total: 16554854 ns
[2020-09-10T17:19:45.387+0000][1][safepoint    ] Safepoint "RevokeBias", Time since last: 102567 ns, Reaching safepoint: 87497 ns, At safepoint: 35569 ns, Total: 123066 ns
[2020-09-10T17:19:45.387+0000][1][safepoint    ] Safepoint "RevokeBias", Time since last: 38657 ns, Reaching safepoint: 80800 ns, At safepoint: 30725 ns, Total: 111525 ns
[2020-09-10T17:19:45.387+0000][1][safepoint    ] Safepoint "RevokeBias", Time since last: 41252 ns, Reaching safepoint: 79489 ns, At safepoint: 31166 ns, Total: 110655 ns
[2020-09-10T17:19:45.387+0000][1][safepoint    ] Safepoint "RevokeBias", Time since last: 35677 ns, Reaching safepoint: 79172 ns, At safepoint: 42544 ns, Total: 121716 ns
[2020-09-10T17:19:45.423+0000][1][safepoint    ] Safepoint "RevokeBias", Time since last: 35515732 ns, Reaching safepoint: 110338 ns, At safepoint: 96468 ns, Total: 206806 ns
[2020-09-10T17:19:45.437+0000][1][safepoint    ] Safepoint "RevokeBias", Time since last: 11776338 ns, Reaching safepoint: 2115635 ns, At safepoint: 31116 ns, Total: 2146751 ns
[2020-09-10T17:19:45.439+0000][1][safepoint    ] Safepoint "RevokeBias", Time since last: 176542 ns, Reaching safepoint: 1669938 ns, At safepoint: 28627 ns, Total: 1698565 ns
[2020-09-10T17:19:45.439+0000][1][safepoint    ] Safepoint "RevokeBias", Time since last: 49548 ns, Reaching safepoint: 87284 ns, At safepoint: 28497 ns, Total: 115781 ns
[2020-09-10T17:19:45.439+0000][1][safepoint    ] Safepoint "RevokeBias", Time since last: 39421 ns, Reaching safepoint: 79601 ns, At safepoint: 19466 ns, Total: 99067 ns
[2020-09-10T17:19:46.507+0000][1][gc,start     ] GC(3) Pause Young (Allocation Failure)
[2020-09-10T17:19:46.507+0000][1][gc,task      ] GC(3) Using 1 workers of 1 for evacuation
[2020-09-10T17:19:46.589+0000][1][gc,age       ] GC(3) Desired survivor size 4358144 bytes, new threshold 6 (max threshold 6)
[2020-09-10T17:19:46.589+0000][1][gc,age       ] GC(3) Age table with threshold 6 (max threshold 6)
[2020-09-10T17:19:46.589+0000][1][gc,age       ] GC(3) - age   1:     998448 bytes,     998448 total
[2020-09-10T17:19:46.589+0000][1][gc,age       ] GC(3) - age   2:    2766400 bytes,    3764848 total
[2020-09-10T17:19:46.589+0000][1][gc,heap      ] GC(3) ParNew: 73257K->3822K(76672K)
[2020-09-10T17:19:46.589+0000][1][gc,heap      ] GC(3) CMS: 6733K->8322K(2011968K)
[2020-09-10T17:19:46.589+0000][1][gc,metaspace ] GC(3) Metaspace: 20348K->20348K(1067008K)
[2020-09-10T17:19:46.589+0000][1][gc           ] GC(3) Pause Young (Allocation Failure) 78M->11M(2039M) 82.367ms
[2020-09-10T17:19:46.589+0000][1][gc,cpu       ] GC(3) User=0.02s Sys=0.00s Real=0.08s
[2020-09-10T17:19:46.615+0000][1][safepoint    ] Safepoint "GenCollectForAllocation", Time since last: 1067605341 ns, Reaching safepoint: 105642 ns, At safepoint: 108067026 ns, Total: 108172668 ns
[2020-09-10T17:19:46.653+0000][1][safepoint    ] Safepoint "RevokeBias", Time since last: 35915684 ns, Reaching safepoint: 2504514 ns, At safepoint: 44800 ns, Total: 2549314 ns
[2020-09-10T17:19:46.659+0000][1][safepoint    ] Safepoint "RevokeBias", Time since last: 1431598 ns, Reaching safepoint: 4018444 ns, At safepoint: 47738 ns, Total: 4066182 ns
[2020-09-10T17:19:46.663+0000][1][safepoint    ] Safepoint "RevokeBias", Time since last: 82914 ns, Reaching safepoint: 3882680 ns, At safepoint: 49137 ns, Total: 3931817 ns
[2020-09-10T17:19:46.667+0000][1][safepoint    ] Safepoint "RevokeBias", Time since last: 64215 ns, Reaching safepoint: 3849630 ns, At safepoint: 37544 ns, Total: 3887174 ns
[2020-09-10T17:19:46.667+0000][1][safepoint    ] Safepoint "RevokeBias", Time since last: 56733 ns, Reaching safepoint: 83091 ns, At safepoint: 29534 ns, Total: 112625 ns
[2020-09-10T17:19:46.667+0000][1][safepoint    ] Safepoint "RevokeBias", Time since last: 33596 ns, Reaching safepoint: 86189 ns, At safepoint: 32939 ns, Total: 119128 ns
[2020-09-10T17:19:47.465+0000][1][safepoint    ] Safepoint "CollectForMetadataAllocation", Time since last: 797543209 ns, Reaching safepoint: 113213 ns, At safepoint: 77588 ns, Total: 190801 ns
[2020-09-10T17:19:47.771+0000][1][safepoint    ] Safepoint "CollectForMetadataAllocation", Time since last: 305927727 ns, Reaching safepoint: 113038 ns, At safepoint: 133883 ns, Total: 246921 ns
[2020-09-10T17:19:47.879+0000][1][gc,start     ] GC(4) Pause Young (Allocation Failure)
[2020-09-10T17:19:47.879+0000][1][gc,task      ] GC(4) Using 1 workers of 1 for evacuation
[2020-09-10T17:19:47.981+0000][1][gc,age       ] GC(4) Desired survivor size 4358144 bytes, new threshold 3 (max threshold 6)
[2020-09-10T17:19:47.981+0000][1][gc,age       ] GC(4) Age table with threshold 3 (max threshold 6)
[2020-09-10T17:19:47.981+0000][1][gc,age       ] GC(4) - age   1:    1814936 bytes,    1814936 total
[2020-09-10T17:19:47.981+0000][1][gc,age       ] GC(4) - age   2:     319360 bytes,    2134296 total
[2020-09-10T17:19:47.981+0000][1][gc,age       ] GC(4) - age   3:    2765048 bytes,    4899344 total
[2020-09-10T17:19:47.981+0000][1][gc,heap      ] GC(4) ParNew: 71982K->7426K(76672K)
[2020-09-10T17:19:47.981+0000][1][gc,heap      ] GC(4) CMS: 8322K->8322K(2011968K)
[2020-09-10T17:19:47.981+0000][1][gc,metaspace ] GC(4) Metaspace: 20881K->20881K(1069056K)
[2020-09-10T17:19:47.981+0000][1][gc           ] GC(4) Pause Young (Allocation Failure) 78M->15M(2039M) 102.108ms
[2020-09-10T17:19:47.981+0000][1][gc,cpu       ] GC(4) User=0.03s Sys=0.00s Real=0.10s
[2020-09-10T17:19:48.003+0000][1][safepoint    ] Safepoint "GenCollectForAllocation", Time since last: 108102694 ns, Reaching safepoint: 104034 ns, At safepoint: 123538442 ns, Total: 123642476 ns
[2020-09-10T17:19:48.036+0000][1][gc,start     ] GC(5) Pause Initial Mark
[2020-09-10T17:19:48.039+0000][1][gc           ] GC(5) Pause Initial Mark 20M->20M(2039M) 2.778ms
[2020-09-10T17:19:48.051+0000][1][gc,cpu       ] GC(5) User=0.00s Sys=0.00s Real=0.02s
[2020-09-10T17:19:48.071+0000][1][safepoint    ] Safepoint "BulkRevokeBias", Time since last: 17522083 ns, Reaching safepoint: 15561175 ns, At safepoint: 34890359 ns, Total: 50451534 ns
[2020-09-10T17:19:48.071+0000][1][gc           ] GC(5) Concurrent Mark
[2020-09-10T17:19:48.107+0000][1][safepoint    ] Safepoint "RevokeBias", Time since last: 16065795 ns, Reaching safepoint: 20084372 ns, At safepoint: 98250 ns, Total: 20182622 ns
[2020-09-10T17:19:48.119+0000][1][safepoint    ] Safepoint "RevokeBias", Time since last: 11810004 ns, Reaching safepoint: 117047 ns, At safepoint: 34252 ns, Total: 151299 ns
[2020-09-10T17:19:48.123+0000][1][safepoint    ] Safepoint "RevokeBias", Time since last: 3812279 ns, Reaching safepoint: 94868 ns, At safepoint: 26439 ns, Total: 121307 ns
[2020-09-10T17:19:48.123+0000][1][safepoint    ] Safepoint "RevokeBias", Time since last: 50271 ns, Reaching safepoint: 79576 ns, At safepoint: 27063 ns, Total: 106639 ns
[2020-09-10T17:19:48.123+0000][1][safepoint    ] Safepoint "RevokeBias", Time since last: 25758 ns, Reaching safepoint: 78698 ns, At safepoint: 27331 ns, Total: 106029 ns
[2020-09-10T17:19:48.228+0000][1][gc           ] GC(5) Concurrent Mark 157.149ms
[2020-09-10T17:19:48.228+0000][1][gc,cpu       ] GC(5) User=0.04s Sys=0.00s Real=0.16s
[2020-09-10T17:19:48.228+0000][1][gc           ] GC(5) Concurrent Preclean
[2020-09-10T17:19:48.230+0000][1][gc           ] GC(5) Concurrent Preclean 2.361ms
[2020-09-10T17:19:48.230+0000][1][gc,cpu       ] GC(5) User=0.00s Sys=0.00s Real=0.00s
[2020-09-10T17:19:48.230+0000][1][gc           ] GC(5) Concurrent Abortable Preclean
[2020-09-10T17:19:48.787+0000][1][safepoint    ] Safepoint "CollectForMetadataAllocation", Time since last: 661213627 ns, Reaching safepoint: 2400189 ns, At safepoint: 135275 ns, Total: 2535464 ns
[2020-09-10T17:19:48.835+0000][1][safepoint    ] Safepoint "Deoptimize", Time since last: 47868657 ns, Reaching safepoint: 57053 ns, At safepoint: 205120 ns, Total: 262173 ns
[2020-09-10T17:19:48.969+0000][1][safepoint    ] Safepoint "RevokeBias", Time since last: 129423617 ns, Reaching safepoint: 4833981 ns, At safepoint: 34630 ns, Total: 4868611 ns
[2020-09-10T17:19:49.071+0000][1][safepoint    ] Safepoint "RevokeBias", Time since last: 102070853 ns, Reaching safepoint: 106214 ns, At safepoint: 42655 ns, Total: 148869 ns
[2020-09-10T17:19:49.137+0000][1][safepoint    ] Safepoint "RevokeBias", Time since last: 65276556 ns, Reaching safepoint: 46795 ns, At safepoint: 37109 ns, Total: 83904 ns
[2020-09-10T17:19:49.191+0000][1][safepoint    ] Safepoint "RevokeBias", Time since last: 53849963 ns, Reaching safepoint: 50755 ns, At safepoint: 37921 ns, Total: 88676 ns
[2020-09-10T17:19:49.250+0000][1][safepoint    ] Safepoint "RevokeBias", Time since last: 43891968 ns, Reaching safepoint: 15092070 ns, At safepoint: 35826 ns, Total: 15127896 ns
[2020-09-10T17:19:49.261+0000][1][safepoint    ] Safepoint "RevokeBias", Time since last: 10663717 ns, Reaching safepoint: 101383 ns, At safepoint: 36407 ns, Total: 137790 ns
[2020-09-10T17:19:49.371+0000][1][safepoint    ] Safepoint "RevokeBias", Time since last: 110120962 ns, Reaching safepoint: 44270 ns, At safepoint: 69197 ns, Total: 113467 ns
[2020-09-10T17:19:49.373+0000][1][safepoint    ] Safepoint "RevokeBias", Time since last: 2251866 ns, Reaching safepoint: 85243 ns, At safepoint: 26125 ns, Total: 111368 ns
[2020-09-10T17:19:49.439+0000][1][safepoint    ] Safepoint "Deoptimize", Time since last: 65476006 ns, Reaching safepoint: 109021 ns, At safepoint: 209856 ns, Total: 318877 ns
[2020-09-10T17:19:49.528+0000][1][safepoint    ] Safepoint "RevokeBias", Time since last: 71685070 ns, Reaching safepoint: 17055632 ns, At safepoint: 36236 ns, Total: 17091868 ns
[2020-09-10T17:19:49.678+0000][1][gc,start     ] GC(6) Pause Young (Allocation Failure)
[2020-09-10T17:19:49.678+0000][1][gc,task      ] GC(6) Using 1 workers of 1 for evacuation
[2020-09-10T17:19:49.753+0000][1][gc           ] GC(5) Concurrent Abortable Preclean 1522.380ms
[2020-09-10T17:19:49.753+0000][1][gc,cpu       ] GC(5) User=0.35s Sys=0.02s Real=1.52s
[2020-09-10T17:19:49.850+0000][1][gc,age       ] GC(6) Desired survivor size 4358144 bytes, new threshold 6 (max threshold 6)
[2020-09-10T17:19:49.850+0000][1][gc,age       ] GC(6) Age table with threshold 6 (max threshold 6)
[2020-09-10T17:19:49.850+0000][1][gc,age       ] GC(6) - age   1:    2309168 bytes,    2309168 total
[2020-09-10T17:19:49.850+0000][1][gc,age       ] GC(6) - age   2:    1251968 bytes,    3561136 total
[2020-09-10T17:19:49.850+0000][1][gc,age       ] GC(6) - age   3:     319360 bytes,    3880496 total
[2020-09-10T17:19:49.850+0000][1][gc,heap      ] GC(6) ParNew: 75586K->4516K(76672K)
[2020-09-10T17:19:49.850+0000][1][gc,heap      ] GC(6) CMS: 8322K->11044K(2011968K)
[2020-09-10T17:19:49.850+0000][1][gc,metaspace ] GC(6) Metaspace: 21195K->21195K(1069056K)
[2020-09-10T17:19:49.850+0000][1][gc           ] GC(6) Pause Young (Allocation Failure) 81M->15M(2039M) 172.163ms
[2020-09-10T17:19:49.850+0000][1][gc,cpu       ] GC(6) User=0.04s Sys=0.00s Real=0.18s
[2020-09-10T17:19:49.871+0000][1][safepoint    ] Safepoint "GenCollectForAllocation", Time since last: 150226313 ns, Reaching safepoint: 104024 ns, At safepoint: 192581889 ns, Total: 192685913 ns
[2020-09-10T17:19:49.891+0000][1][gc,start     ] GC(5) Pause Remark
[2020-09-10T17:19:49.967+0000][1][gc           ] GC(5) Pause Remark 17M->17M(2039M) 76.354ms
[2020-09-10T17:19:49.967+0000][1][gc,cpu       ] GC(5) User=0.02s Sys=0.00s Real=0.08s
[2020-09-10T17:19:49.993+0000][1][safepoint    ] Safepoint "CMS_Final_Remark", Time since last: 5406902 ns, Reaching safepoint: 14804458 ns, At safepoint: 102011353 ns, Total: 116815811 ns
[2020-09-10T17:19:49.993+0000][1][gc           ] GC(5) Concurrent Sweep
[2020-09-10T17:19:49.998+0000][1][gc           ] GC(5) Concurrent Sweep 4.975ms
[2020-09-10T17:19:49.998+0000][1][gc,cpu       ] GC(5) User=0.01s Sys=0.00s Real=0.00s
[2020-09-10T17:19:49.998+0000][1][gc           ] GC(5) Concurrent Reset
[2020-09-10T17:19:50.023+0000][1][safepoint    ] Safepoint "RevokeBias", Time since last: 17772410 ns, Reaching safepoint: 12336389 ns, At safepoint: 91894 ns, Total: 12428283 ns
[2020-09-10T17:19:50.026+0000][1][gc           ] GC(5) Concurrent Reset 27.707ms
[2020-09-10T17:19:50.026+0000][1][gc,cpu       ] GC(5) User=0.00s Sys=0.00s Real=0.03s
[2020-09-10T17:19:50.026+0000][1][gc,heap      ] GC(5) Old: 8322K->11043K(2011968K)
[2020-09-10T17:19:50.038+0000][1][safepoint    ] Safepoint "RevokeBias", Time since last: 14534651 ns, Reaching safepoint: 101551 ns, At safepoint: 34788 ns, Total: 136339 ns
[2020-09-10T17:19:50.038+0000][1][safepoint    ] Safepoint "RevokeBias", Time since last: 51151 ns, Reaching safepoint: 79745 ns, At safepoint: 71564 ns, Total: 151309 ns
[2020-09-10T17:19:50.038+0000][1][safepoint    ] Safepoint "RevokeBias", Time since last: 29466 ns, Reaching safepoint: 78955 ns, At safepoint: 42064 ns, Total: 121019 ns
[2020-09-10T17:19:50.038+0000][1][safepoint    ] Safepoint "RevokeBias", Time since last: 24159 ns, Reaching safepoint: 77189 ns, At safepoint: 56406 ns, Total: 133595 ns
[2020-09-10T17:19:50.253+0000][1][safepoint    ] Safepoint "RevokeBias", Time since last: 214668668 ns, Reaching safepoint: 39140 ns, At safepoint: 67237 ns, Total: 106377 ns
[2020-09-10T17:19:50.259+0000][1][safepoint    ] Safepoint "RevokeBias", Time since last: 1528244 ns, Reaching safepoint: 12126 ns, At safepoint: 4083131 ns, Total: 4095257 ns
[2020-09-10T17:19:50.599+0000][1][safepoint    ] Safepoint "RevokeBias", Time since last: 340034120 ns, Reaching safepoint: 112768 ns, At safepoint: 32612 ns, Total: 145380 ns
[2020-09-10T17:19:50.648+0000][1][safepoint    ] Safepoint "RevokeBias", Time since last: 48773437 ns, Reaching safepoint: 93306 ns, At safepoint: 30556 ns, Total: 123862 ns
[2020-09-10T17:19:50.831+0000][1][gc,start     ] GC(7) Pause Young (Allocation Failure)
[2020-09-10T17:19:50.831+0000][1][gc,task      ] GC(7) Using 1 workers of 1 for evacuation
[2020-09-10T17:19:50.896+0000][1][gc,age       ] GC(7) Desired survivor size 4358144 bytes, new threshold 6 (max threshold 6)
[2020-09-10T17:19:50.896+0000][1][gc,age       ] GC(7) Age table with threshold 6 (max threshold 6)
[2020-09-10T17:19:50.896+0000][1][gc,age       ] GC(7) - age   1:    1150816 bytes,    1150816 total
[2020-09-10T17:19:50.896+0000][1][gc,age       ] GC(7) - age   2:    1525944 bytes,    2676760 total
[2020-09-10T17:19:50.896+0000][1][gc,age       ] GC(7) - age   3:    1251424 bytes,    3928184 total
[2020-09-10T17:19:50.896+0000][1][gc,age       ] GC(7) - age   4:     319360 bytes,    4247544 total
[2020-09-10T17:19:50.896+0000][1][gc,heap      ] GC(7) ParNew: 72676K->7942K(76672K)
[2020-09-10T17:19:50.896+0000][1][gc,heap      ] GC(7) CMS: 11043K->11043K(2011968K)
[2020-09-10T17:19:50.896+0000][1][gc,metaspace ] GC(7) Metaspace: 21272K->21272K(1069056K)
[2020-09-10T17:19:50.896+0000][1][gc           ] GC(7) Pause Young (Allocation Failure) 81M->18M(2039M) 65.573ms
[2020-09-10T17:19:50.896+0000][1][gc,cpu       ] GC(7) User=0.02s Sys=0.00s Real=0.06s
[2020-09-10T17:19:50.902+0000][1][safepoint    ] Safepoint "GenCollectForAllocation", Time since last: 178916846 ns, Reaching safepoint: 4023047 ns, At safepoint: 71540919 ns, Total: 75563966 ns
[2020-09-10T17:19:50.935+0000][1][safepoint    ] Safepoint "RevokeBias", Time since last: 32427338 ns, Reaching safepoint: 111655 ns, At safepoint: 68258 ns, Total: 179913 ns
[2020-09-10T17:19:50.935+0000][1][safepoint    ] Safepoint "RevokeBias", Time since last: 53318 ns, Reaching safepoint: 82926 ns, At safepoint: 47626 ns, Total: 130552 ns
[2020-09-10T17:19:50.935+0000][1][safepoint    ] Safepoint "RevokeBias", Time since last: 43399 ns, Reaching safepoint: 82121 ns, At safepoint: 44222 ns, Total: 126343 ns
[2020-09-10T17:19:50.935+0000][1][safepoint    ] Safepoint "BulkRevokeBias", Time since last: 24487 ns, Reaching safepoint: 80684 ns, At safepoint: 67720 ns, Total: 148404 ns
[2020-09-10T17:19:51.699+0000][1][gc,start     ] GC(8) Pause Young (Allocation Failure)
[2020-09-10T17:19:51.699+0000][1][gc,task      ] GC(8) Using 1 workers of 1 for evacuation
[2020-09-10T17:19:51.763+0000][1][gc,age       ] GC(8) Desired survivor size 4358144 bytes, new threshold 5 (max threshold 6)
[2020-09-10T17:19:51.763+0000][1][gc,age       ] GC(8) Age table with threshold 5 (max threshold 6)
[2020-09-10T17:19:51.763+0000][1][gc,age       ] GC(8) - age   1:     830392 bytes,     830392 total
[2020-09-10T17:19:51.763+0000][1][gc,age       ] GC(8) - age   2:     447280 bytes,    1277672 total
[2020-09-10T17:19:51.763+0000][1][gc,age       ] GC(8) - age   3:    1524008 bytes,    2801680 total
[2020-09-10T17:19:51.763+0000][1][gc,age       ] GC(8) - age   4:    1250768 bytes,    4052448 total
[2020-09-10T17:19:51.763+0000][1][gc,age       ] GC(8) - age   5:     319360 bytes,    4371808 total
[2020-09-10T17:19:51.763+0000][1][gc,heap      ] GC(8) ParNew: 76102K->5096K(76672K)
[2020-09-10T17:19:51.763+0000][1][gc,heap      ] GC(8) CMS: 11043K->11043K(2011968K)
[2020-09-10T17:19:51.763+0000][1][gc,metaspace ] GC(8) Metaspace: 21442K->21442K(1069056K)
[2020-09-10T17:19:51.763+0000][1][gc           ] GC(8) Pause Young (Allocation Failure) 85M->15M(2039M) 64.695ms
[2020-09-10T17:19:51.763+0000][1][gc,cpu       ] GC(8) User=0.02s Sys=0.01s Real=0.06s
[2020-09-10T17:19:51.783+0000][1][safepoint    ] Safepoint "GenCollectForAllocation", Time since last: 755293398 ns, Reaching safepoint: 8043829 ns, At safepoint: 83969772 ns, Total: 92013601 ns
[2020-09-10T17:19:51.812+0000][1][safepoint    ] Safepoint "BulkRevokeBias", Time since last: 17467717 ns, Reaching safepoint: 11615312 ns, At safepoint: 56214 ns, Total: 11671526 ns
[2020-09-10T17:19:52.520+0000][1][gc,start     ] GC(9) Pause Young (Allocation Failure)
[2020-09-10T17:19:52.520+0000][1][gc,task      ] GC(9) Using 1 workers of 1 for evacuation
[2020-09-10T17:19:52.611+0000][1][gc,age       ] GC(9) Desired survivor size 4358144 bytes, new threshold 5 (max threshold 6)
[2020-09-10T17:19:52.612+0000][1][gc,age       ] GC(9) Age table with threshold 5 (max threshold 6)
[2020-09-10T17:19:52.612+0000][1][gc,age       ] GC(9) - age   1:    1527888 bytes,    1527888 total
[2020-09-10T17:19:52.612+0000][1][gc,age       ] GC(9) - age   2:     813392 bytes,    2341280 total
[2020-09-10T17:19:52.612+0000][1][gc,age       ] GC(9) - age   3:     447200 bytes,    2788480 total
[2020-09-10T17:19:52.612+0000][1][gc,age       ] GC(9) - age   4:    1524008 bytes,    4312488 total
[2020-09-10T17:19:52.612+0000][1][gc,age       ] GC(9) - age   5:    1250768 bytes,    5563256 total
[2020-09-10T17:19:52.612+0000][1][gc,heap      ] GC(9) ParNew: 73256K->7678K(76672K)
[2020-09-10T17:19:52.612+0000][1][gc,heap      ] GC(9) CMS: 11043K->11359K(2011968K)
[2020-09-10T17:19:52.612+0000][1][gc,metaspace ] GC(9) Metaspace: 21568K->21568K(1069056K)
[2020-09-10T17:19:52.612+0000][1][gc           ] GC(9) Pause Young (Allocation Failure) 82M->18M(2039M) 91.818ms
[2020-09-10T17:19:52.612+0000][1][gc,cpu       ] GC(9) User=0.02s Sys=0.00s Real=0.09s
[2020-09-10T17:19:52.637+0000][1][safepoint    ] Safepoint "GenCollectForAllocation", Time since last: 708397697 ns, Reaching safepoint: 101345 ns, At safepoint: 116473140 ns, Total: 116574485 ns
[2020-09-10T17:19:53.379+0000][1][gc,start     ] GC(10) Pause Young (Allocation Failure)
[2020-09-10T17:19:53.379+0000][1][gc,task      ] GC(10) Using 1 workers of 1 for evacuation
[2020-09-10T17:19:53.545+0000][1][gc,age       ] GC(10) Desired survivor size 4358144 bytes, new threshold 5 (max threshold 6)
[2020-09-10T17:19:53.545+0000][1][gc,age       ] GC(10) Age table with threshold 5 (max threshold 6)
[2020-09-10T17:19:53.545+0000][1][gc,age       ] GC(10) - age   1:    2022408 bytes,    2022408 total
[2020-09-10T17:19:53.545+0000][1][gc,age       ] GC(10) - age   2:     128776 bytes,    2151184 total
[2020-09-10T17:19:53.545+0000][1][gc,age       ] GC(10) - age   3:     813392 bytes,    2964576 total
[2020-09-10T17:19:53.545+0000][1][gc,age       ] GC(10) - age   4:     447200 bytes,    3411776 total
[2020-09-10T17:19:53.545+0000][1][gc,age       ] GC(10) - age   5:    1523984 bytes,    4935760 total
[2020-09-10T17:19:53.545+0000][1][gc,heap      ] GC(10) ParNew: 75838K->5034K(76672K)
[2020-09-10T17:19:53.545+0000][1][gc,heap      ] GC(10) CMS: 11359K->12594K(2011968K)
[2020-09-10T17:19:53.545+0000][1][gc,metaspace ] GC(10) Metaspace: 21721K->21721K(1069056K)
[2020-09-10T17:19:53.545+0000][1][gc           ] GC(10) Pause Young (Allocation Failure) 85M->17M(2039M) 166.062ms
[2020-09-10T17:19:53.545+0000][1][gc,cpu       ] GC(10) User=0.04s Sys=0.00s Real=0.16s
[2020-09-10T17:19:53.554+0000][1][safepoint    ] Safepoint "GenCollectForAllocation", Time since last: 741901237 ns, Reaching safepoint: 113563 ns, At safepoint: 175037667 ns, Total: 175151230 ns
[2020-09-10T17:19:54.581+0000][1][safepoint    ] Safepoint "Cleanup", Time since last: 1026738813 ns, Reaching safepoint: 116168 ns, At safepoint: 6616 ns, Total: 122784 ns
[2020-09-10T17:19:54.749+0000][1][gc,start     ] GC(11) Pause Young (Allocation Failure)
[2020-09-10T17:19:54.749+0000][1][gc,task      ] GC(11) Using 1 workers of 1 for evacuation
[2020-09-10T17:19:54.859+0000][1][gc,age       ] GC(11) Desired survivor size 4358144 bytes, new threshold 6 (max threshold 6)
[2020-09-10T17:19:54.859+0000][1][gc,age       ] GC(11) Age table with threshold 6 (max threshold 6)
[2020-09-10T17:19:54.871+0000][1][gc,age       ] GC(11) - age   1:    1097648 bytes,    1097648 total
[2020-09-10T17:19:54.871+0000][1][gc,age       ] GC(11) - age   2:     146392 bytes,    1244040 total
[2020-09-10T17:19:54.871+0000][1][gc,age       ] GC(11) - age   3:     128776 bytes,    1372816 total
[2020-09-10T17:19:54.871+0000][1][gc,age       ] GC(11) - age   4:     813392 bytes,    2186208 total
[2020-09-10T17:19:54.871+0000][1][gc,age       ] GC(11) - age   5:     447176 bytes,    2633384 total
[2020-09-10T17:19:54.871+0000][1][gc,heap      ] GC(11) ParNew: 73194K->4873K(76672K)
[2020-09-10T17:19:54.871+0000][1][gc,heap      ] GC(11) CMS: 12594K->14093K(2011968K)
[2020-09-10T17:19:54.871+0000][1][gc,metaspace ] GC(11) Metaspace: 22633K->22633K(1071104K)
[2020-09-10T17:19:54.871+0000][1][gc           ] GC(11) Pause Young (Allocation Failure) 83M->18M(2039M) 121.860ms
[2020-09-10T17:19:54.871+0000][1][gc,cpu       ] GC(11) User=0.03s Sys=0.00s Real=0.12s
[2020-09-10T17:19:54.879+0000][1][safepoint    ] Safepoint "GenCollectForAllocation", Time since last: 168130702 ns, Reaching safepoint: 90572 ns, At safepoint: 129751709 ns, Total: 129842281 ns
[2020-09-10T17:19:55.499+0000][1][gc,start     ] GC(12) Pause Young (Allocation Failure)
[2020-09-10T17:19:55.499+0000][1][gc,task      ] GC(12) Using 1 workers of 1 for evacuation
[2020-09-10T17:19:55.564+0000][1][gc,age       ] GC(12) Desired survivor size 4358144 bytes, new threshold 6 (max threshold 6)
[2020-09-10T17:19:55.564+0000][1][gc,age       ] GC(12) Age table with threshold 6 (max threshold 6)
[2020-09-10T17:19:55.564+0000][1][gc,age       ] GC(12) - age   1:    1128624 bytes,    1128624 total
[2020-09-10T17:19:55.564+0000][1][gc,age       ] GC(12) - age   2:     835176 bytes,    1963800 total
[2020-09-10T17:19:55.564+0000][1][gc,age       ] GC(12) - age   3:     146392 bytes,    2110192 total
[2020-09-10T17:19:55.564+0000][1][gc,age       ] GC(12) - age   4:     128672 bytes,    2238864 total
[2020-09-10T17:19:55.564+0000][1][gc,age       ] GC(12) - age   5:     813104 bytes,    3051968 total
[2020-09-10T17:19:55.564+0000][1][gc,age       ] GC(12) - age   6:     447176 bytes,    3499144 total
[2020-09-10T17:19:55.564+0000][1][gc,heap      ] GC(12) ParNew: 73033K->4365K(76672K)
[2020-09-10T17:19:55.564+0000][1][gc,heap      ] GC(12) CMS: 14093K->14093K(2011968K)
[2020-09-10T17:19:55.564+0000][1][gc,metaspace ] GC(12) Metaspace: 22655K->22655K(1071104K)
[2020-09-10T17:19:55.564+0000][1][gc           ] GC(12) Pause Young (Allocation Failure) 85M->18M(2039M) 65.432ms
[2020-09-10T17:19:55.564+0000][1][gc,cpu       ] GC(12) User=0.02s Sys=0.00s Real=0.06s
[2020-09-10T17:19:55.583+0000][1][safepoint    ] Safepoint "GenCollectForAllocation", Time since last: 620082723 ns, Reaching safepoint: 104438 ns, At safepoint: 83830599 ns, Total: 83935037 ns
[2020-09-10T17:19:56.147+0000][1][gc,start     ] GC(13) Pause Young (Allocation Failure)
[2020-09-10T17:19:56.147+0000][1][gc,task      ] GC(13) Using 1 workers of 1 for evacuation
[2020-09-10T17:19:56.246+0000][1][gc,age       ] GC(13) Desired survivor size 4358144 bytes, new threshold 6 (max threshold 6)
[2020-09-10T17:19:56.246+0000][1][gc,age       ] GC(13) Age table with threshold 6 (max threshold 6)
[2020-09-10T17:19:56.246+0000][1][gc,age       ] GC(13) - age   1:     682640 bytes,     682640 total
[2020-09-10T17:19:56.246+0000][1][gc,age       ] GC(13) - age   2:     207104 bytes,     889744 total
[2020-09-10T17:19:56.246+0000][1][gc,age       ] GC(13) - age   3:     835064 bytes,    1724808 total
[2020-09-10T17:19:56.246+0000][1][gc,age       ] GC(13) - age   4:     146392 bytes,    1871200 total
[2020-09-10T17:19:56.246+0000][1][gc,age       ] GC(13) - age   5:     128672 bytes,    1999872 total
[2020-09-10T17:19:56.246+0000][1][gc,age       ] GC(13) - age   6:     813104 bytes,    2812976 total
[2020-09-10T17:19:56.246+0000][1][gc,heap      ] GC(13) ParNew: 72525K->3108K(76672K)
[2020-09-10T17:19:56.246+0000][1][gc,heap      ] GC(13) CMS: 14093K->14534K(2011968K)
[2020-09-10T17:19:56.246+0000][1][gc,metaspace ] GC(13) Metaspace: 22667K->22667K(1071104K)
[2020-09-10T17:19:56.246+0000][1][gc           ] GC(13) Pause Young (Allocation Failure) 84M->17M(2039M) 99.375ms
[2020-09-10T17:19:56.246+0000][1][gc,cpu       ] GC(13) User=0.03s Sys=0.00s Real=0.09s
[2020-09-10T17:19:56.284+0000][1][safepoint    ] Safepoint "GenCollectForAllocation", Time since last: 563971374 ns, Reaching safepoint: 103942 ns, At safepoint: 137216669 ns, Total: 137320611 ns
[2020-09-10T17:19:57.035+0000][1][gc,start     ] GC(14) Pause Young (Allocation Failure)
[2020-09-10T17:19:57.035+0000][1][gc,task      ] GC(14) Using 1 workers of 1 for evacuation
[2020-09-10T17:19:57.104+0000][1][gc,age       ] GC(14) Desired survivor size 4358144 bytes, new threshold 6 (max threshold 6)
[2020-09-10T17:19:57.104+0000][1][gc,age       ] GC(14) Age table with threshold 6 (max threshold 6)
[2020-09-10T17:19:57.104+0000][1][gc,age       ] GC(14) - age   1:     342280 bytes,     342280 total
[2020-09-10T17:19:57.104+0000][1][gc,age       ] GC(14) - age   2:      67232 bytes,     409512 total
[2020-09-10T17:19:57.104+0000][1][gc,age       ] GC(14) - age   3:     207104 bytes,     616616 total
[2020-09-10T17:19:57.104+0000][1][gc,age       ] GC(14) - age   4:     835064 bytes,    1451680 total
[2020-09-10T17:19:57.104+0000][1][gc,age       ] GC(14) - age   5:     146392 bytes,    1598072 total
[2020-09-10T17:19:57.104+0000][1][gc,age       ] GC(14) - age   6:     128672 bytes,    1726744 total
[2020-09-10T17:19:57.104+0000][1][gc,heap      ] GC(14) ParNew: 71268K->2837K(76672K)
[2020-09-10T17:19:57.104+0000][1][gc,heap      ] GC(14) CMS: 14534K->15334K(2011968K)
[2020-09-10T17:19:57.104+0000][1][gc,metaspace ] GC(14) Metaspace: 22830K->22830K(1071104K)
[2020-09-10T17:19:57.104+0000][1][gc           ] GC(14) Pause Young (Allocation Failure) 83M->17M(2039M) 69.206ms
[2020-09-10T17:19:57.104+0000][1][gc,cpu       ] GC(14) User=0.01s Sys=0.00s Real=0.07s
[2020-09-10T17:19:57.127+0000][1][safepoint    ] Safepoint "GenCollectForAllocation", Time since last: 750700527 ns, Reaching safepoint: 119678 ns, At safepoint: 92279886 ns, Total: 92399564 ns
[2020-09-10T17:19:57.774+0000][1][gc,start     ] GC(15) Pause Young (Allocation Failure)
[2020-09-10T17:19:57.774+0000][1][gc,task      ] GC(15) Using 1 workers of 1 for evacuation
[2020-09-10T17:19:57.849+0000][1][gc,age       ] GC(15) Desired survivor size 4358144 bytes, new threshold 6 (max threshold 6)
[2020-09-10T17:19:57.849+0000][1][gc,age       ] GC(15) Age table with threshold 6 (max threshold 6)
[2020-09-10T17:19:57.849+0000][1][gc,age       ] GC(15) - age   1:    1237728 bytes,    1237728 total
[2020-09-10T17:19:57.849+0000][1][gc,age       ] GC(15) - age   2:     321816 bytes,    1559544 total
[2020-09-10T17:19:57.849+0000][1][gc,age       ] GC(15) - age   3:      67232 bytes,    1626776 total
[2020-09-10T17:19:57.849+0000][1][gc,age       ] GC(15) - age   4:     207104 bytes,    1833880 total
[2020-09-10T17:19:57.850+0000][1][gc,age       ] GC(15) - age   5:     835064 bytes,    2668944 total
[2020-09-10T17:19:57.850+0000][1][gc,age       ] GC(15) - age   6:     146392 bytes,    2815336 total
[2020-09-10T17:19:57.850+0000][1][gc,heap      ] GC(15) ParNew: 70997K->4025K(76672K)
[2020-09-10T17:19:57.850+0000][1][gc,heap      ] GC(15) CMS: 15334K->15463K(2011968K)
[2020-09-10T17:19:57.850+0000][1][gc,metaspace ] GC(15) Metaspace: 22919K->22919K(1071104K)
[2020-09-10T17:19:57.850+0000][1][gc           ] GC(15) Pause Young (Allocation Failure) 84M->19M(2039M) 75.806ms
[2020-09-10T17:19:57.850+0000][1][gc,cpu       ] GC(15) User=0.02s Sys=0.00s Real=0.08s
[2020-09-10T17:19:57.871+0000][1][safepoint    ] Safepoint "GenCollectForAllocation", Time since last: 646587892 ns, Reaching safepoint: 106908 ns, At safepoint: 96882620 ns, Total: 96989528 ns
[2020-09-10T17:19:58.475+0000][1][gc,start     ] GC(16) Pause Young (Allocation Failure)
[2020-09-10T17:19:58.475+0000][1][gc,task      ] GC(16) Using 1 workers of 1 for evacuation
[2020-09-10T17:19:58.537+0000][1][gc,age       ] GC(16) Desired survivor size 4358144 bytes, new threshold 6 (max threshold 6)
[2020-09-10T17:19:58.537+0000][1][gc,age       ] GC(16) Age table with threshold 6 (max threshold 6)
[2020-09-10T17:19:58.537+0000][1][gc,age       ] GC(16) - age   1:     355496 bytes,     355496 total
[2020-09-10T17:19:58.537+0000][1][gc,age       ] GC(16) - age   2:     133720 bytes,     489216 total
[2020-09-10T17:19:58.537+0000][1][gc,age       ] GC(16) - age   3:     321816 bytes,     811032 total
[2020-09-10T17:19:58.537+0000][1][gc,age       ] GC(16) - age   4:      67232 bytes,     878264 total
[2020-09-10T17:19:58.537+0000][1][gc,age       ] GC(16) - age   5:     206952 bytes,    1085216 total
[2020-09-10T17:19:58.537+0000][1][gc,age       ] GC(16) - age   6:     835064 bytes,    1920280 total
[2020-09-10T17:19:58.537+0000][1][gc,heap      ] GC(16) ParNew: 72185K->2397K(76672K)
[2020-09-10T17:19:58.537+0000][1][gc,heap      ] GC(16) CMS: 15463K->15611K(2011968K)
[2020-09-10T17:19:58.537+0000][1][gc,metaspace ] GC(16) Metaspace: 22939K->22939K(1071104K)
[2020-09-10T17:19:58.537+0000][1][gc           ] GC(16) Pause Young (Allocation Failure) 85M->17M(2039M) 62.537ms
[2020-09-10T17:19:58.537+0000][1][gc,cpu       ] GC(16) User=0.02s Sys=0.00s Real=0.06s
[2020-09-10T17:19:58.563+0000][1][safepoint    ] Safepoint "GenCollectForAllocation", Time since last: 603825820 ns, Reaching safepoint: 187462 ns, At safepoint: 88018797 ns, Total: 88206259 ns
[2020-09-10T17:19:58.738+0000][1][safepoint    ] Safepoint "Deoptimize", Time since last: 174899318 ns, Reaching safepoint: 107940 ns, At safepoint: 195690 ns, Total: 303630 ns
[2020-09-10T17:19:59.877+0000][1][safepoint    ] Safepoint "Cleanup", Time since last: 1138876465 ns, Reaching safepoint: 129065 ns, At safepoint: 7314 ns, Total: 136379 ns
[2020-09-10T17:20:00.412+0000][1][safepoint    ] Safepoint "RevokeBias", Time since last: 535110410 ns, Reaching safepoint: 231185 ns, At safepoint: 18614 ns, Total: 249799 ns
[2020-09-10T17:20:00.413+0000][1][safepoint    ] Safepoint "RevokeBias", Time since last: 141092 ns, Reaching safepoint: 79731 ns, At safepoint: 9724 ns, Total: 89455 ns
[2020-09-10T17:20:00.426+0000][1][safepoint    ] Safepoint "RevokeBias", Time since last: 13574485 ns, Reaching safepoint: 104873 ns, At safepoint: 38197 ns, Total: 143070 ns
[2020-09-10T17:20:01.435+0000][1][safepoint    ] Safepoint "Cleanup", Time since last: 1008461904 ns, Reaching safepoint: 400876 ns, At safepoint: 7253 ns, Total: 408129 ns
[2020-09-10T17:20:02.077+0000][1][safepoint    ] Safepoint "Deoptimize", Time since last: 641971433 ns, Reaching safepoint: 110381 ns, At safepoint: 197640 ns, Total: 308021 ns
[2020-09-10T17:20:02.231+0000][1][safepoint    ] Safepoint "Deoptimize", Time since last: 152911423 ns, Reaching safepoint: 103469 ns, At safepoint: 202590 ns, Total: 306059 ns
[2020-09-10T17:20:03.231+0000][1][safepoint    ] Safepoint "Cleanup", Time since last: 1000139445 ns, Reaching safepoint: 302134 ns, At safepoint: 7272 ns, Total: 309406 ns
[2020-09-10T17:20:04.235+0000][1][safepoint    ] Safepoint "Cleanup", Time since last: 1003006928 ns, Reaching safepoint: 627147 ns, At safepoint: 8611 ns, Total: 635758 ns
[2020-09-10T17:20:04.284+0000][1][safepoint    ] Safepoint "RevokeBias", Time since last: 49438621 ns, Reaching safepoint: 97583 ns, At safepoint: 38164 ns, Total: 135747 ns
[2020-09-10T17:20:04.882+0000][1][gc,start     ] GC(17) Pause Young (Allocation Failure)
[2020-09-10T17:20:04.882+0000][1][gc,task      ] GC(17) Using 1 workers of 1 for evacuation
[2020-09-10T17:20:05.135+0000][1][gc,age       ] GC(17) Desired survivor size 4358144 bytes, new threshold 1 (max threshold 6)
[2020-09-10T17:20:05.135+0000][1][gc,age       ] GC(17) Age table with threshold 1 (max threshold 6)
[2020-09-10T17:20:05.135+0000][1][gc,age       ] GC(17) - age   1:    6077952 bytes,    6077952 total
[2020-09-10T17:20:05.135+0000][1][gc,age       ] GC(17) - age   2:     156640 bytes,    6234592 total
[2020-09-10T17:20:05.135+0000][1][gc,age       ] GC(17) - age   3:     133224 bytes,    6367816 total
[2020-09-10T17:20:05.135+0000][1][gc,age       ] GC(17) - age   4:     319272 bytes,    6687088 total
[2020-09-10T17:20:05.135+0000][1][gc,age       ] GC(17) - age   5:      67232 bytes,    6754320 total
[2020-09-10T17:20:05.135+0000][1][gc,age       ] GC(17) - age   6:     206952 bytes,    6961272 total
[2020-09-10T17:20:05.135+0000][1][gc,heap      ] GC(17) ParNew: 70557K->8023K(76672K)
[2020-09-10T17:20:05.135+0000][1][gc,heap      ] GC(17) CMS: 15611K->16432K(2011968K)
[2020-09-10T17:20:05.135+0000][1][gc,metaspace ] GC(17) Metaspace: 29668K->29668K(1077248K)
[2020-09-10T17:20:05.135+0000][1][gc           ] GC(17) Pause Young (Allocation Failure) 84M->23M(2039M) 253.656ms
[2020-09-10T17:20:05.135+0000][1][gc,cpu       ] GC(17) User=0.06s Sys=0.00s Real=0.25s
[2020-09-10T17:20:05.159+0000][1][safepoint    ] Safepoint "GenCollectForAllocation", Time since last: 597242558 ns, Reaching safepoint: 113620 ns, At safepoint: 277107515 ns, Total: 277221135 ns
[2020-09-10T17:20:06.204+0000][1][safepoint    ] Safepoint "Cleanup", Time since last: 1027938183 ns, Reaching safepoint: 17148270 ns, At safepoint: 9906 ns, Total: 17158176 ns
[2020-09-10T17:20:07.207+0000][1][safepoint    ] Safepoint "Cleanup", Time since last: 1000119868 ns, Reaching safepoint: 2767350 ns, At safepoint: 12329 ns, Total: 2779679 ns
[2020-09-10T17:20:08.224+0000][1][safepoint    ] Safepoint "Cleanup", Time since last: 1011943696 ns, Reaching safepoint: 5088494 ns, At safepoint: 13058 ns, Total: 5101552 ns
[2020-09-10T17:20:09.247+0000][1][safepoint    ] Safepoint "Cleanup", Time since last: 1021107500 ns, Reaching safepoint: 2464946 ns, At safepoint: 9390 ns, Total: 2474336 ns
[2020-09-10T17:20:10.263+0000][1][safepoint    ] Safepoint "Cleanup", Time since last: 1000107711 ns, Reaching safepoint: 15252880 ns, At safepoint: 10374 ns, Total: 15263254 ns
[2020-09-10T17:20:11.271+0000][1][safepoint    ] Safepoint "Cleanup", Time since last: 1007964026 ns, Reaching safepoint: 114989 ns, At safepoint: 6927 ns, Total: 121916 ns
[2020-09-10T17:20:11.383+0000][1][gc,start     ] GC(18) Pause Young (Allocation Failure)
[2020-09-10T17:20:11.383+0000][1][gc,task      ] GC(18) Using 1 workers of 1 for evacuation
[2020-09-10T17:20:11.625+0000][1][gc,age       ] GC(18) Desired survivor size 4358144 bytes, new threshold 1 (max threshold 6)
[2020-09-10T17:20:11.625+0000][1][gc,age       ] GC(18) Age table with threshold 1 (max threshold 6)
[2020-09-10T17:20:11.625+0000][1][gc,age       ] GC(18) - age   1:    8137728 bytes,    8137728 total
[2020-09-10T17:20:11.625+0000][1][gc,heap      ] GC(18) ParNew: 76183K->8512K(76672K)
[2020-09-10T17:20:11.625+0000][1][gc,heap      ] GC(18) CMS: 16432K->23359K(2011968K)
[2020-09-10T17:20:11.625+0000][1][gc,metaspace ] GC(18) Metaspace: 29704K->29704K(1077248K)
[2020-09-10T17:20:11.625+0000][1][gc           ] GC(18) Pause Young (Allocation Failure) 90M->31M(2039M) 241.821ms
[2020-09-10T17:20:11.625+0000][1][gc,cpu       ] GC(18) User=0.06s Sys=0.00s Real=0.24s
[2020-09-10T17:20:11.655+0000][1][safepoint    ] Safepoint "GenCollectForAllocation", Time since last: 111871271 ns, Reaching safepoint: 104061 ns, At safepoint: 271778850 ns, Total: 271882911 ns
[2020-09-10T17:20:13.698+0000][1][safepoint    ] Safepoint "Cleanup", Time since last: 2043182138 ns, Reaching safepoint: 597788 ns, At safepoint: 9053 ns, Total: 606841 ns
[2020-09-10T17:20:14.707+0000][1][safepoint    ] Safepoint "Cleanup", Time since last: 1000127434 ns, Reaching safepoint: 8203338 ns, At safepoint: 12248 ns, Total: 8215586 ns
[2020-09-10T17:20:15.711+0000][1][safepoint    ] Safepoint "Cleanup", Time since last: 1000105093 ns, Reaching safepoint: 3897178 ns, At safepoint: 13100 ns, Total: 3910278 ns
[2020-09-10T17:20:15.915+0000][1][gc,start     ] GC(19) Pause Young (Allocation Failure)
[2020-09-10T17:20:15.915+0000][1][gc,task      ] GC(19) Using 1 workers of 1 for evacuation
[2020-09-10T17:20:16.134+0000][1][gc,age       ] GC(19) Desired survivor size 4358144 bytes, new threshold 1 (max threshold 6)
[2020-09-10T17:20:16.134+0000][1][gc,age       ] GC(19) Age table with threshold 1 (max threshold 6)
[2020-09-10T17:20:16.134+0000][1][gc,age       ] GC(19) - age   1:    8716240 bytes,    8716240 total
[2020-09-10T17:20:16.134+0000][1][gc,heap      ] GC(19) ParNew: 76672K->8512K(76672K)
[2020-09-10T17:20:16.134+0000][1][gc,heap      ] GC(19) CMS: 23359K->32678K(2011968K)
[2020-09-10T17:20:16.134+0000][1][gc,metaspace ] GC(19) Metaspace: 29770K->29770K(1077248K)
[2020-09-10T17:20:16.134+0000][1][gc           ] GC(19) Pause Young (Allocation Failure) 97M->40M(2039M) 218.978ms
[2020-09-10T17:20:16.134+0000][1][gc,cpu       ] GC(19) User=0.05s Sys=0.00s Real=0.22s
[2020-09-10T17:20:16.163+0000][1][safepoint    ] Safepoint "GenCollectForAllocation", Time since last: 203968180 ns, Reaching safepoint: 107180 ns, At safepoint: 247929683 ns, Total: 248036863 ns
[2020-09-10T17:20:17.212+0000][1][safepoint    ] Safepoint "Cleanup", Time since last: 1031970210 ns, Reaching safepoint: 17160155 ns, At safepoint: 9798 ns, Total: 17169953 ns
[2020-09-10T17:20:18.213+0000][1][safepoint    ] Safepoint "Cleanup", Time since last: 1001280570 ns, Reaching safepoint: 191662 ns, At safepoint: 6589 ns, Total: 198251 ns
[2020-09-10T17:20:19.223+0000][1][safepoint    ] Safepoint "Cleanup", Time since last: 1009353919 ns, Reaching safepoint: 142199 ns, At safepoint: 7150 ns, Total: 149349 ns
[2020-09-10T17:20:20.228+0000][1][safepoint    ] Safepoint "Cleanup", Time since last: 1005440892 ns, Reaching safepoint: 116754 ns, At safepoint: 6309 ns, Total: 123063 ns
[2020-09-10T17:20:20.255+0000][1][gc,start     ] GC(20) Pause Young (Allocation Failure)
[2020-09-10T17:20:20.255+0000][1][gc,task      ] GC(20) Using 1 workers of 1 for evacuation
[2020-09-10T17:20:20.441+0000][1][gc,age       ] GC(20) Desired survivor size 4358144 bytes, new threshold 1 (max threshold 6)
[2020-09-10T17:20:20.442+0000][1][gc,age       ] GC(20) Age table with threshold 1 (max threshold 6)
[2020-09-10T17:20:20.442+0000][1][gc,age       ] GC(20) - age   1:    5327304 bytes,    5327304 total
[2020-09-10T17:20:20.442+0000][1][gc,heap      ] GC(20) ParNew: 76672K->8224K(76672K)
[2020-09-10T17:20:20.442+0000][1][gc,heap      ] GC(20) CMS: 32678K->40476K(2011968K)
[2020-09-10T17:20:20.442+0000][1][gc,metaspace ] GC(20) Metaspace: 32114K->32114K(1079296K)
[2020-09-10T17:20:20.442+0000][1][gc           ] GC(20) Pause Young (Allocation Failure) 106M->47M(2039M) 186.788ms
[2020-09-10T17:20:20.442+0000][1][gc,cpu       ] GC(20) User=0.05s Sys=0.00s Real=0.19s
[2020-09-10T17:20:20.468+0000][1][safepoint    ] Safepoint "GenCollectForAllocation", Time since last: 26310759 ns, Reaching safepoint: 98349 ns, At safepoint: 213182026 ns, Total: 213280375 ns
[2020-09-10T17:20:21.177+0000][1][safepoint    ] Safepoint "Deoptimize", Time since last: 709058809 ns, Reaching safepoint: 123202 ns, At safepoint: 261421 ns, Total: 384623 ns
[2020-09-10T17:20:22.192+0000][1][safepoint    ] Safepoint "Cleanup", Time since last: 1009226165 ns, Reaching safepoint: 5131137 ns, At safepoint: 9484 ns, Total: 5140621 ns
[2020-09-10T17:20:23.199+0000][1][safepoint    ] Safepoint "Cleanup", Time since last: 1006860040 ns, Reaching safepoint: 116451 ns, At safepoint: 6337 ns, Total: 122788 ns
[2020-09-10T17:20:24.083+0000][1][safepoint    ] Safepoint "Deoptimize", Time since last: 883943350 ns, Reaching safepoint: 115932 ns, At safepoint: 275542 ns, Total: 391474 ns
[2020-09-10T17:20:25.093+0000][1][safepoint    ] Safepoint "Cleanup", Time since last: 1008583263 ns, Reaching safepoint: 965354 ns, At safepoint: 8288 ns, Total: 973642 ns
[2020-09-10T17:20:25.201+0000][1][gc,start     ] GC(21) Pause Young (Allocation Failure)
[2020-09-10T17:20:25.201+0000][1][gc,task      ] GC(21) Using 1 workers of 1 for evacuation
[2020-09-10T17:20:25.406+0000][1][gc,age       ] GC(21) Desired survivor size 4358144 bytes, new threshold 6 (max threshold 6)
[2020-09-10T17:20:25.406+0000][1][gc,age       ] GC(21) Age table with threshold 6 (max threshold 6)
[2020-09-10T17:20:25.406+0000][1][gc,age       ] GC(21) - age   1:     859936 bytes,     859936 total
[2020-09-10T17:20:25.406+0000][1][gc,heap      ] GC(21) ParNew: 76384K->5957K(76672K)
[2020-09-10T17:20:25.406+0000][1][gc,heap      ] GC(21) CMS: 40476K->45605K(2011968K)
[2020-09-10T17:20:25.406+0000][1][gc,metaspace ] GC(21) Metaspace: 32413K->32413K(1079296K)
[2020-09-10T17:20:25.406+0000][1][gc           ] GC(21) Pause Young (Allocation Failure) 114M->50M(2039M) 205.151ms
[2020-09-10T17:20:25.406+0000][1][gc,cpu       ] GC(21) User=0.05s Sys=0.00s Real=0.20s
[2020-09-10T17:20:25.423+0000][1][safepoint    ] Safepoint "GenCollectForAllocation", Time since last: 108039149 ns, Reaching safepoint: 95887 ns, At safepoint: 221893916 ns, Total: 221989803 ns
[2020-09-10T17:20:26.446+0000][1][safepoint    ] Safepoint "Cleanup", Time since last: 1022826505 ns, Reaching safepoint: 117149 ns, At safepoint: 6255 ns, Total: 123404 ns
[2020-09-10T17:20:26.716+0000][1][gc,start     ] GC(22) Pause Young (Allocation Failure)
[2020-09-10T17:20:26.716+0000][1][gc,task      ] GC(22) Using 1 workers of 1 for evacuation
[2020-09-10T17:20:26.775+0000][1][gc,age       ] GC(22) Desired survivor size 4358144 bytes, new threshold 6 (max threshold 6)
[2020-09-10T17:20:26.775+0000][1][gc,age       ] GC(22) Age table with threshold 6 (max threshold 6)
[2020-09-10T17:20:26.775+0000][1][gc,age       ] GC(22) - age   1:     250168 bytes,     250168 total
[2020-09-10T17:20:26.775+0000][1][gc,age       ] GC(22) - age   2:     438120 bytes,     688288 total
[2020-09-10T17:20:26.775+0000][1][gc,heap      ] GC(22) ParNew: 74117K->1646K(76672K)
[2020-09-10T17:20:26.777+0000][1][gc,heap      ] GC(22) CMS: 45605K->45605K(2011968K)
[2020-09-10T17:20:26.777+0000][1][gc,metaspace ] GC(22) Metaspace: 32417K->32417K(1079296K)
[2020-09-10T17:20:26.777+0000][1][gc           ] GC(22) Pause Young (Allocation Failure) 116M->46M(2039M) 61.143ms
[2020-09-10T17:20:26.777+0000][1][gc,cpu       ] GC(22) User=0.02s Sys=0.00s Real=0.06s
[2020-09-10T17:20:26.827+0000][1][safepoint    ] Safepoint "GenCollectForAllocation", Time since last: 269949677 ns, Reaching safepoint: 97455 ns, At safepoint: 110995099 ns, Total: 111092554 ns
[2020-09-10T17:20:27.683+0000][1][gc,start     ] GC(23) Pause Young (Allocation Failure)
[2020-09-10T17:20:27.683+0000][1][gc,task      ] GC(23) Using 1 workers of 1 for evacuation
[2020-09-10T17:20:27.728+0000][1][gc,age       ] GC(23) Desired survivor size 4358144 bytes, new threshold 6 (max threshold 6)
[2020-09-10T17:20:27.728+0000][1][gc,age       ] GC(23) Age table with threshold 6 (max threshold 6)
[2020-09-10T17:20:27.728+0000][1][gc,age       ] GC(23) - age   1:        296 bytes,        296 total
[2020-09-10T17:20:27.728+0000][1][gc,age       ] GC(23) - age   2:     250120 bytes,     250416 total
[2020-09-10T17:20:27.728+0000][1][gc,age       ] GC(23) - age   3:     438120 bytes,     688536 total
[2020-09-10T17:20:27.728+0000][1][gc,heap      ] GC(23) ParNew: 69806K->1327K(76672K)
[2020-09-10T17:20:27.728+0000][1][gc,heap      ] GC(23) CMS: 45605K->45605K(2011968K)
[2020-09-10T17:20:27.728+0000][1][gc,metaspace ] GC(23) Metaspace: 32423K->32423K(1079296K)
[2020-09-10T17:20:27.728+0000][1][gc           ] GC(23) Pause Young (Allocation Failure) 112M->45M(2039M) 44.963ms
[2020-09-10T17:20:27.728+0000][1][gc,cpu       ] GC(23) User=0.02s Sys=0.00s Real=0.05s
[2020-09-10T17:20:27.749+0000][1][safepoint    ] Safepoint "GenCollectForAllocation", Time since last: 855998910 ns, Reaching safepoint: 118799 ns, At safepoint: 65964080 ns, Total: 66082879 ns
[2020-09-10T17:20:28.267+0000][1][gc,start     ] GC(24) Pause Young (Allocation Failure)
[2020-09-10T17:20:28.267+0000][1][gc,task      ] GC(24) Using 1 workers of 1 for evacuation
[2020-09-10T17:20:28.350+0000][1][gc,age       ] GC(24) Desired survivor size 4358144 bytes, new threshold 6 (max threshold 6)
[2020-09-10T17:20:28.350+0000][1][gc,age       ] GC(24) Age table with threshold 6 (max threshold 6)
[2020-09-10T17:20:28.350+0000][1][gc,age       ] GC(24) - age   1:         72 bytes,         72 total
[2020-09-10T17:20:28.350+0000][1][gc,age       ] GC(24) - age   2:         56 bytes,        128 total
[2020-09-10T17:20:28.350+0000][1][gc,age       ] GC(24) - age   3:     250120 bytes,     250248 total
[2020-09-10T17:20:28.350+0000][1][gc,age       ] GC(24) - age   4:     438120 bytes,     688368 total
[2020-09-10T17:20:28.350+0000][1][gc,heap      ] GC(24) ParNew: 69487K->836K(76672K)
[2020-09-10T17:20:28.350+0000][1][gc,heap      ] GC(24) CMS: 45605K->45605K(2011968K)
[2020-09-10T17:20:28.350+0000][1][gc,metaspace ] GC(24) Metaspace: 32429K->32429K(1079296K)
[2020-09-10T17:20:28.350+0000][1][gc           ] GC(24) Pause Young (Allocation Failure) 112M->45M(2039M) 83.668ms
[2020-09-10T17:20:28.350+0000][1][gc,cpu       ] GC(24) User=0.02s Sys=0.00s Real=0.08s
[2020-09-10T17:20:28.376+0000][1][safepoint    ] Safepoint "GenCollectForAllocation", Time since last: 517919571 ns, Reaching safepoint: 60769 ns, At safepoint: 109538379 ns, Total: 109599148 ns
[2020-09-10T17:20:28.863+0000][1][gc,start     ] GC(25) Pause Young (Allocation Failure)
[2020-09-10T17:20:28.863+0000][1][gc,task      ] GC(25) Using 1 workers of 1 for evacuation
[2020-09-10T17:20:28.944+0000][1][gc,age       ] GC(25) Desired survivor size 4358144 bytes, new threshold 6 (max threshold 6)
[2020-09-10T17:20:28.944+0000][1][gc,age       ] GC(25) Age table with threshold 6 (max threshold 6)
[2020-09-10T17:20:28.944+0000][1][gc,age       ] GC(25) - age   1:         64 bytes,         64 total
[2020-09-10T17:20:28.944+0000][1][gc,age       ] GC(25) - age   3:         56 bytes,        120 total
[2020-09-10T17:20:28.944+0000][1][gc,age       ] GC(25) - age   4:     250120 bytes,     250240 total
[2020-09-10T17:20:28.944+0000][1][gc,age       ] GC(25) - age   5:     438120 bytes,     688360 total
[2020-09-10T17:20:28.944+0000][1][gc,heap      ] GC(25) ParNew: 68996K->1217K(76672K)
[2020-09-10T17:20:28.944+0000][1][gc,heap      ] GC(25) CMS: 45605K->45605K(2011968K)
[2020-09-10T17:20:28.944+0000][1][gc,metaspace ] GC(25) Metaspace: 32429K->32429K(1079296K)
[2020-09-10T17:20:28.944+0000][1][gc           ] GC(25) Pause Young (Allocation Failure) 111M->45M(2039M) 81.058ms
[2020-09-10T17:20:28.944+0000][1][gc,cpu       ] GC(25) User=0.02s Sys=0.00s Real=0.08s
[2020-09-10T17:20:28.967+0000][1][safepoint    ] Safepoint "GenCollectForAllocation", Time since last: 486387452 ns, Reaching safepoint: 102269 ns, At safepoint: 103891310 ns, Total: 103993579 ns
[2020-09-10T17:20:29.409+0000][1][gc,start     ] GC(26) Pause Young (Allocation Failure)
[2020-09-10T17:20:29.409+0000][1][gc,task      ] GC(26) Using 1 workers of 1 for evacuation
[2020-09-10T17:20:29.450+0000][1][gc,age       ] GC(26) Desired survivor size 4358144 bytes, new threshold 6 (max threshold 6)
[2020-09-10T17:20:29.450+0000][1][gc,age       ] GC(26) Age table with threshold 6 (max threshold 6)
[2020-09-10T17:20:29.450+0000][1][gc,age       ] GC(26) - age   1:        216 bytes,        216 total
[2020-09-10T17:20:29.450+0000][1][gc,age       ] GC(26) - age   4:         56 bytes,        272 total
[2020-09-10T17:20:29.450+0000][1][gc,age       ] GC(26) - age   5:     250120 bytes,     250392 total
[2020-09-10T17:20:29.450+0000][1][gc,age       ] GC(26) - age   6:     438120 bytes,     688512 total
[2020-09-10T17:20:29.450+0000][1][gc,heap      ] GC(26) ParNew: 69377K->808K(76672K)
[2020-09-10T17:20:29.450+0000][1][gc,heap      ] GC(26) CMS: 45605K->45605K(2011968K)
[2020-09-10T17:20:29.450+0000][1][gc,metaspace ] GC(26) Metaspace: 32429K->32429K(1079296K)
[2020-09-10T17:20:29.451+0000][1][gc           ] GC(26) Pause Young (Allocation Failure) 112M->45M(2039M) 41.690ms
[2020-09-10T17:20:29.451+0000][1][gc,cpu       ] GC(26) User=0.01s Sys=0.00s Real=0.04s
[2020-09-10T17:20:29.478+0000][1][safepoint    ] Safepoint "GenCollectForAllocation", Time since last: 440026164 ns, Reaching safepoint: 2113364 ns, At safepoint: 69003288 ns, Total: 71116652 ns
[2020-09-10T17:20:29.735+0000][1][gc,start     ] GC(27) Pause Young (Allocation Failure)
[2020-09-10T17:20:29.735+0000][1][gc,task      ] GC(27) Using 1 workers of 1 for evacuation
[2020-09-10T17:20:29.789+0000][1][gc,age       ] GC(27) Desired survivor size 4358144 bytes, new threshold 6 (max threshold 6)
[2020-09-10T17:20:29.789+0000][1][gc,age       ] GC(27) Age table with threshold 6 (max threshold 6)
[2020-09-10T17:20:29.789+0000][1][gc,age       ] GC(27) - age   1:         24 bytes,         24 total
[2020-09-10T17:20:29.789+0000][1][gc,age       ] GC(27) - age   5:         56 bytes,         80 total
[2020-09-10T17:20:29.789+0000][1][gc,age       ] GC(27) - age   6:     250120 bytes,     250200 total
[2020-09-10T17:20:29.789+0000][1][gc,heap      ] GC(27) ParNew: 68968K->605K(76672K)
[2020-09-10T17:20:29.789+0000][1][gc,heap      ] GC(27) CMS: 45605K->46034K(2011968K)
[2020-09-10T17:20:29.789+0000][1][gc,metaspace ] GC(27) Metaspace: 32429K->32429K(1079296K)
[2020-09-10T17:20:29.789+0000][1][gc           ] GC(27) Pause Young (Allocation Failure) 111M->45M(2039M) 54.687ms
[2020-09-10T17:20:29.789+0000][1][gc,cpu       ] GC(27) User=0.01s Sys=0.00s Real=0.06s
[2020-09-10T17:20:29.789+0000][1][safepoint    ] Safepoint "GenCollectForAllocation", Time since last: 256185143 ns, Reaching safepoint: 675952 ns, At safepoint: 54765579 ns, Total: 55441531 ns
[2020-09-10T17:20:29.999+0000][1][gc,start     ] GC(28) Pause Young (Allocation Failure)
[2020-09-10T17:20:29.999+0000][1][gc,task      ] GC(28) Using 1 workers of 1 for evacuation
[2020-09-10T17:20:30.042+0000][1][gc,age       ] GC(28) Desired survivor size 4358144 bytes, new threshold 6 (max threshold 6)
[2020-09-10T17:20:30.042+0000][1][gc,age       ] GC(28) Age table with threshold 6 (max threshold 6)
[2020-09-10T17:20:30.042+0000][1][gc,age       ] GC(28) - age   1:        200 bytes,        200 total
[2020-09-10T17:20:30.042+0000][1][gc,age       ] GC(28) - age   6:         56 bytes,        256 total
[2020-09-10T17:20:30.042+0000][1][gc,heap      ] GC(28) ParNew: 68765K->242K(76672K)
[2020-09-10T17:20:30.042+0000][1][gc,heap      ] GC(28) CMS: 46034K->46278K(2011968K)
[2020-09-10T17:20:30.042+0000][1][gc,metaspace ] GC(28) Metaspace: 32429K->32429K(1079296K)
[2020-09-10T17:20:30.042+0000][1][gc           ] GC(28) Pause Young (Allocation Failure) 112M->45M(2039M) 43.313ms
[2020-09-10T17:20:30.042+0000][1][gc,cpu       ] GC(28) User=0.01s Sys=0.00s Real=0.04s
[2020-09-10T17:20:30.051+0000][1][safepoint    ] Safepoint "GenCollectForAllocation", Time since last: 206377907 ns, Reaching safepoint: 2854254 ns, At safepoint: 52006595 ns, Total: 54860849 ns
[2020-09-10T17:20:30.273+0000][1][gc,start     ] GC(29) Pause Young (Allocation Failure)
[2020-09-10T17:20:30.273+0000][1][gc,task      ] GC(29) Using 1 workers of 1 for evacuation
[2020-09-10T17:20:30.323+0000][1][gc,age       ] GC(29) Desired survivor size 4358144 bytes, new threshold 6 (max threshold 6)
[2020-09-10T17:20:30.323+0000][1][gc,age       ] GC(29) Age table with threshold 6 (max threshold 6)
[2020-09-10T17:20:30.323+0000][1][gc,age       ] GC(29) - age   1:        216 bytes,        216 total
[2020-09-10T17:20:30.323+0000][1][gc,heap      ] GC(29) ParNew: 68402K->60K(76672K)
[2020-09-10T17:20:30.323+0000][1][gc,heap      ] GC(29) CMS: 46278K->46278K(2011968K)
[2020-09-10T17:20:30.323+0000][1][gc,metaspace ] GC(29) Metaspace: 32429K->32429K(1079296K)
[2020-09-10T17:20:30.323+0000][1][gc           ] GC(29) Pause Young (Allocation Failure) 111M->45M(2039M) 49.540ms
[2020-09-10T17:20:30.323+0000][1][gc,cpu       ] GC(29) User=0.02s Sys=0.00s Real=0.05s
[2020-09-10T17:20:30.323+0000][1][safepoint    ] Safepoint "GenCollectForAllocation", Time since last: 220425964 ns, Reaching safepoint: 2075021 ns, At safepoint: 49613587 ns, Total: 51688608 ns
[2020-09-10T17:20:30.522+0000][1][gc,start     ] GC(30) Pause Young (Allocation Failure)
[2020-09-10T17:20:30.522+0000][1][gc,task      ] GC(30) Using 1 workers of 1 for evacuation
[2020-09-10T17:20:30.568+0000][1][gc,age       ] GC(30) Desired survivor size 4358144 bytes, new threshold 6 (max threshold 6)
[2020-09-10T17:20:30.568+0000][1][gc,age       ] GC(30) Age table with threshold 6 (max threshold 6)
[2020-09-10T17:20:30.568+0000][1][gc,age       ] GC(30) - age   1:        232 bytes,        232 total
[2020-09-10T17:20:30.568+0000][1][gc,age       ] GC(30) - age   2:         72 bytes,        304 total
[2020-09-10T17:20:30.569+0000][1][gc,heap      ] GC(30) ParNew: 68220K->15K(76672K)
[2020-09-10T17:20:30.569+0000][1][gc,heap      ] GC(30) CMS: 46278K->46278K(2011968K)
[2020-09-10T17:20:30.569+0000][1][gc,metaspace ] GC(30) Metaspace: 32429K->32429K(1079296K)
[2020-09-10T17:20:30.569+0000][1][gc           ] GC(30) Pause Young (Allocation Failure) 111M->45M(2039M) 46.344ms
[2020-09-10T17:20:30.569+0000][1][gc,cpu       ] GC(30) User=0.02s Sys=0.00s Real=0.05s
[2020-09-10T17:20:30.571+0000][1][safepoint    ] Safepoint "GenCollectForAllocation", Time since last: 197148363 ns, Reaching safepoint: 2255619 ns, At safepoint: 48474905 ns, Total: 50730524 ns
[2020-09-10T17:20:30.778+0000][1][gc,start     ] GC(31) Pause Young (Allocation Failure)
[2020-09-10T17:20:30.778+0000][1][gc,task      ] GC(31) Using 1 workers of 1 for evacuation
[2020-09-10T17:20:30.831+0000][1][gc,age       ] GC(31) Desired survivor size 4358144 bytes, new threshold 6 (max threshold 6)
[2020-09-10T17:20:30.831+0000][1][gc,age       ] GC(31) Age table with threshold 6 (max threshold 6)
[2020-09-10T17:20:30.831+0000][1][gc,age       ] GC(31) - age   1:        184 bytes,        184 total
[2020-09-10T17:20:30.831+0000][1][gc,age       ] GC(31) - age   3:         72 bytes,        256 total
[2020-09-10T17:20:30.831+0000][1][gc,heap      ] GC(31) ParNew: 68175K->3K(76672K)
[2020-09-10T17:20:30.831+0000][1][gc,heap      ] GC(31) CMS: 46278K->46278K(2011968K)
[2020-09-10T17:20:30.831+0000][1][gc,metaspace ] GC(31) Metaspace: 32429K->32429K(1079296K)
[2020-09-10T17:20:30.831+0000][1][gc           ] GC(31) Pause Young (Allocation Failure) 111M->45M(2039M) 53.385ms
[2020-09-10T17:20:30.831+0000][1][gc,cpu       ] GC(31) User=0.01s Sys=0.00s Real=0.06s
[2020-09-10T17:20:30.831+0000][1][safepoint    ] Safepoint "GenCollectForAllocation", Time since last: 200916743 ns, Reaching safepoint: 6002857 ns, At safepoint: 53473649 ns, Total: 59476506 ns
[2020-09-10T17:20:31.055+0000][1][gc,start     ] GC(32) Pause Young (Allocation Failure)
[2020-09-10T17:20:31.055+0000][1][gc,task      ] GC(32) Using 1 workers of 1 for evacuation
[2020-09-10T17:20:31.099+0000][1][gc,age       ] GC(32) Desired survivor size 4358144 bytes, new threshold 6 (max threshold 6)
[2020-09-10T17:20:31.099+0000][1][gc,age       ] GC(32) Age table with threshold 6 (max threshold 6)
[2020-09-10T17:20:31.099+0000][1][gc,age       ] GC(32) - age   1:        280 bytes,        280 total
[2020-09-10T17:20:31.101+0000][1][gc,age       ] GC(32) - age   4:         72 bytes,        352 total
[2020-09-10T17:20:31.101+0000][1][gc,heap      ] GC(32) ParNew: 68163K->2K(76672K)
[2020-09-10T17:20:31.101+0000][1][gc,heap      ] GC(32) CMS: 46278K->46278K(2011968K)
[2020-09-10T17:20:31.101+0000][1][gc,metaspace ] GC(32) Metaspace: 32429K->32429K(1079296K)
[2020-09-10T17:20:31.101+0000][1][gc           ] GC(32) Pause Young (Allocation Failure) 111M->45M(2039M) 46.165ms
[2020-09-10T17:20:31.101+0000][1][gc,cpu       ] GC(32) User=0.02s Sys=0.00s Real=0.05s
[2020-09-10T17:20:31.101+0000][1][safepoint    ] Safepoint "GenCollectForAllocation", Time since last: 219886971 ns, Reaching safepoint: 3730129 ns, At safepoint: 46225619 ns, Total: 49955748 ns
[2020-09-10T17:20:31.303+0000][1][gc,start     ] GC(33) Pause Young (Allocation Failure)
[2020-09-10T17:20:31.303+0000][1][gc,task      ] GC(33) Using 1 workers of 1 for evacuation
[2020-09-10T17:20:31.345+0000][1][gc,age       ] GC(33) Desired survivor size 4358144 bytes, new threshold 6 (max threshold 6)
[2020-09-10T17:20:31.345+0000][1][gc,age       ] GC(33) Age table with threshold 6 (max threshold 6)
[2020-09-10T17:20:31.345+0000][1][gc,age       ] GC(33) - age   1:        176 bytes,        176 total
[2020-09-10T17:20:31.345+0000][1][gc,age       ] GC(33) - age   2:        208 bytes,        384 total
[2020-09-10T17:20:31.345+0000][1][gc,age       ] GC(33) - age   5:         72 bytes,        456 total
[2020-09-10T17:20:31.345+0000][1][gc,heap      ] GC(33) ParNew: 68162K->2K(76672K)
[2020-09-10T17:20:31.345+0000][1][gc,heap      ] GC(33) CMS: 46278K->46278K(2011968K)
[2020-09-10T17:20:31.345+0000][1][gc,metaspace ] GC(33) Metaspace: 32429K->32429K(1079296K)
[2020-09-10T17:20:31.345+0000][1][gc           ] GC(33) Pause Young (Allocation Failure) 111M->45M(2039M) 42.687ms
[2020-09-10T17:20:31.345+0000][1][gc,cpu       ] GC(33) User=0.01s Sys=0.00s Real=0.04s
[2020-09-10T17:20:31.351+0000][1][safepoint    ] Safepoint "GenCollectForAllocation", Time since last: 198881675 ns, Reaching safepoint: 2882252 ns, At safepoint: 47997746 ns, Total: 50879998 ns
[2020-09-10T17:20:32.379+0000][1][safepoint    ] Safepoint "Cleanup", Time since last: 1023988380 ns, Reaching safepoint: 4029347 ns, At safepoint: 11323 ns, Total: 4040670 ns
[2020-09-10T17:20:34.078+0000][1][safepoint    ] Safepoint "RevokeBias", Time since last: 1698795221 ns, Reaching safepoint: 103822 ns, At safepoint: 56433 ns, Total: 160255 ns
[2020-09-10T17:20:34.083+0000][1][safepoint    ] Safepoint "BulkRevokeBias", Time since last: 5034443 ns, Reaching safepoint: 99013 ns, At safepoint: 79802 ns, Total: 178815 ns
[2020-09-10T17:20:34.083+0000][1][safepoint    ] Safepoint "RevokeBias", Time since last: 236479 ns, Reaching safepoint: 82409 ns, At safepoint: 40150 ns, Total: 122559 ns
[2020-09-10T17:20:35.083+0000][1][safepoint    ] Safepoint "Cleanup", Time since last: 1000084616 ns, Reaching safepoint: 39765 ns, At safepoint: 6542 ns, Total: 46307 ns
[2020-09-10T17:20:35.775+0000][1][gc,start     ] GC(34) Pause Young (Allocation Failure)
[2020-09-10T17:20:35.775+0000][1][gc,task      ] GC(34) Using 1 workers of 1 for evacuation
[2020-09-10T17:20:35.836+0000][1][gc,age       ] GC(34) Desired survivor size 4358144 bytes, new threshold 6 (max threshold 6)
[2020-09-10T17:20:35.836+0000][1][gc,age       ] GC(34) Age table with threshold 6 (max threshold 6)
[2020-09-10T17:20:35.836+0000][1][gc,age       ] GC(34) - age   1:     206728 bytes,     206728 total
[2020-09-10T17:20:35.836+0000][1][gc,age       ] GC(34) - age   3:        208 bytes,     206936 total
[2020-09-10T17:20:35.836+0000][1][gc,age       ] GC(34) - age   6:         72 bytes,     207008 total
[2020-09-10T17:20:35.836+0000][1][gc,heap      ] GC(34) ParNew: 68162K->204K(76672K)
[2020-09-10T17:20:35.836+0000][1][gc,heap      ] GC(34) CMS: 46278K->46278K(2011968K)
[2020-09-10T17:20:35.836+0000][1][gc,metaspace ] GC(34) Metaspace: 32453K->32453K(1079296K)
[2020-09-10T17:20:35.836+0000][1][gc           ] GC(34) Pause Young (Allocation Failure) 111M->45M(2039M) 61.011ms
[2020-09-10T17:20:35.836+0000][1][gc,cpu       ] GC(34) User=0.01s Sys=0.00s Real=0.06s
[2020-09-10T17:20:35.867+0000][1][safepoint    ] Safepoint "GenCollectForAllocation", Time since last: 691337523 ns, Reaching safepoint: 105400 ns, At safepoint: 91892559 ns, Total: 91997959 ns
[2020-09-10T17:20:36.881+0000][1][safepoint    ] Safepoint "Cleanup", Time since last: 1014070570 ns, Reaching safepoint: 38397 ns, At safepoint: 7081 ns, Total: 45478 ns
[2020-09-10T17:20:37.411+0000][1][gc,start     ] GC(35) Pause Young (Allocation Failure)
[2020-09-10T17:20:37.411+0000][1][gc,task      ] GC(35) Using 1 workers of 1 for evacuation
[2020-09-10T17:20:37.472+0000][1][gc,age       ] GC(35) Desired survivor size 4358144 bytes, new threshold 6 (max threshold 6)
[2020-09-10T17:20:37.472+0000][1][gc,age       ] GC(35) Age table with threshold 6 (max threshold 6)
[2020-09-10T17:20:37.472+0000][1][gc,age       ] GC(35) - age   1:     511960 bytes,     511960 total
[2020-09-10T17:20:37.472+0000][1][gc,age       ] GC(35) - age   2:     118448 bytes,     630408 total
[2020-09-10T17:20:37.472+0000][1][gc,age       ] GC(35) - age   4:        208 bytes,     630616 total
[2020-09-10T17:20:37.472+0000][1][gc,heap      ] GC(35) ParNew: 68364K->616K(76672K)
[2020-09-10T17:20:37.472+0000][1][gc,heap      ] GC(35) CMS: 46278K->46278K(2011968K)
[2020-09-10T17:20:37.472+0000][1][gc,metaspace ] GC(35) Metaspace: 32453K->32453K(1079296K)
[2020-09-10T17:20:37.472+0000][1][gc           ] GC(35) Pause Young (Allocation Failure) 111M->45M(2039M) 60.995ms
[2020-09-10T17:20:37.472+0000][1][gc,cpu       ] GC(35) User=0.02s Sys=0.00s Real=0.06s
[2020-09-10T17:20:37.492+0000][1][safepoint    ] Safepoint "GenCollectForAllocation", Time since last: 529989671 ns, Reaching safepoint: 100554 ns, At safepoint: 81099855 ns, Total: 81200409 ns
[2020-09-10T17:20:39.195+0000][1][gc,start     ] GC(36) Pause Young (Allocation Failure)
[2020-09-10T17:20:39.195+0000][1][gc,task      ] GC(36) Using 1 workers of 1 for evacuation
[2020-09-10T17:20:39.237+0000][1][gc,age       ] GC(36) Desired survivor size 4358144 bytes, new threshold 6 (max threshold 6)
[2020-09-10T17:20:39.237+0000][1][gc,age       ] GC(36) Age table with threshold 6 (max threshold 6)
[2020-09-10T17:20:39.237+0000][1][gc,age       ] GC(36) - age   1:     642976 bytes,     642976 total
[2020-09-10T17:20:39.237+0000][1][gc,age       ] GC(36) - age   2:     339744 bytes,     982720 total
[2020-09-10T17:20:39.237+0000][1][gc,age       ] GC(36) - age   3:     117992 bytes,    1100712 total
[2020-09-10T17:20:39.237+0000][1][gc,age       ] GC(36) - age   5:        208 bytes,    1100920 total
[2020-09-10T17:20:39.237+0000][1][gc,heap      ] GC(36) ParNew: 68776K->1107K(76672K)
[2020-09-10T17:20:39.237+0000][1][gc,heap      ] GC(36) CMS: 46278K->46278K(2011968K)
[2020-09-10T17:20:39.237+0000][1][gc,metaspace ] GC(36) Metaspace: 32454K->32454K(1079296K)
[2020-09-10T17:20:39.237+0000][1][gc           ] GC(36) Pause Young (Allocation Failure) 112M->46M(2039M) 42.043ms
[2020-09-10T17:20:39.237+0000][1][gc,cpu       ] GC(36) User=0.01s Sys=0.00s Real=0.04s
[2020-09-10T17:20:39.267+0000][1][safepoint    ] Safepoint "GenCollectForAllocation", Time since last: 1702688486 ns, Reaching safepoint: 101789 ns, At safepoint: 71908115 ns, Total: 72009904 ns
[2020-09-10T17:20:40.295+0000][1][safepoint    ] Safepoint "Cleanup", Time since last: 1027963985 ns, Reaching safepoint: 110566 ns, At safepoint: 6644 ns, Total: 117210 ns
[2020-09-10T17:20:40.791+0000][1][gc,start     ] GC(37) Pause Young (Allocation Failure)
[2020-09-10T17:20:40.791+0000][1][gc,task      ] GC(37) Using 1 workers of 1 for evacuation
[2020-09-10T17:20:40.864+0000][1][gc,age       ] GC(37) Desired survivor size 4358144 bytes, new threshold 6 (max threshold 6)
[2020-09-10T17:20:40.864+0000][1][gc,age       ] GC(37) Age table with threshold 6 (max threshold 6)
[2020-09-10T17:20:40.864+0000][1][gc,age       ] GC(37) - age   1:     310160 bytes,     310160 total
[2020-09-10T17:20:40.864+0000][1][gc,age       ] GC(37) - age   2:     629504 bytes,     939664 total
[2020-09-10T17:20:40.864+0000][1][gc,age       ] GC(37) - age   3:     339616 bytes,    1279280 total
[2020-09-10T17:20:40.865+0000][1][gc,age       ] GC(37) - age   4:     117608 bytes,    1396888 total
[2020-09-10T17:20:40.865+0000][1][gc,age       ] GC(37) - age   6:        208 bytes,    1397096 total
[2020-09-10T17:20:40.865+0000][1][gc,heap      ] GC(37) ParNew: 69267K->1385K(76672K)
[2020-09-10T17:20:40.865+0000][1][gc,heap      ] GC(37) CMS: 46278K->46278K(2011968K)
[2020-09-10T17:20:40.865+0000][1][gc,metaspace ] GC(37) Metaspace: 32454K->32454K(1079296K)
[2020-09-10T17:20:40.865+0000][1][gc           ] GC(37) Pause Young (Allocation Failure) 112M->46M(2039M) 73.183ms
[2020-09-10T17:20:40.865+0000][1][gc,cpu       ] GC(37) User=0.02s Sys=0.00s Real=0.07s
[2020-09-10T17:20:40.883+0000][1][safepoint    ] Safepoint "GenCollectForAllocation", Time since last: 496499435 ns, Reaching safepoint: 92958 ns, At safepoint: 91380140 ns, Total: 91473098 ns
[2020-09-10T17:20:41.899+0000][1][safepoint    ] Safepoint "Cleanup", Time since last: 1016008073 ns, Reaching safepoint: 190860 ns, At safepoint: 8123 ns, Total: 198983 ns
[2020-09-10T17:20:41.941+0000][1][gc,start     ] GC(38) Pause Young (Allocation Failure)
[2020-09-10T17:20:41.941+0000][1][gc,task      ] GC(38) Using 1 workers of 1 for evacuation
[2020-09-10T17:20:41.995+0000][1][gc,age       ] GC(38) Desired survivor size 4358144 bytes, new threshold 6 (max threshold 6)
[2020-09-10T17:20:41.995+0000][1][gc,age       ] GC(38) Age table with threshold 6 (max threshold 6)
[2020-09-10T17:20:41.995+0000][1][gc,age       ] GC(38) - age   1:     931744 bytes,     931744 total
[2020-09-10T17:20:41.995+0000][1][gc,age       ] GC(38) - age   2:     298256 bytes,    1230000 total
[2020-09-10T17:20:41.995+0000][1][gc,age       ] GC(38) - age   3:     300456 bytes,    1530456 total
[2020-09-10T17:20:41.995+0000][1][gc,age       ] GC(38) - age   4:     339616 bytes,    1870072 total
[2020-09-10T17:20:41.995+0000][1][gc,age       ] GC(38) - age   5:     117504 bytes,    1987576 total
[2020-09-10T17:20:41.995+0000][1][gc,heap      ] GC(38) ParNew: 69545K->1994K(76672K)
[2020-09-10T17:20:41.995+0000][1][gc,heap      ] GC(38) CMS: 46278K->46278K(2011968K)
[2020-09-10T17:20:41.995+0000][1][gc,metaspace ] GC(38) Metaspace: 32454K->32454K(1079296K)
[2020-09-10T17:20:41.995+0000][1][gc           ] GC(38) Pause Young (Allocation Failure) 113M->47M(2039M) 54.025ms
[2020-09-10T17:20:41.995+0000][1][gc,cpu       ] GC(38) User=0.01s Sys=0.00s Real=0.05s
[2020-09-10T17:20:41.995+0000][1][safepoint    ] Safepoint "GenCollectForAllocation", Time since last: 37807351 ns, Reaching safepoint: 4423653 ns, At safepoint: 54088414 ns, Total: 58512067 ns
[2020-09-10T17:20:42.695+0000][1][gc,start     ] GC(39) Pause Young (Allocation Failure)
[2020-09-10T17:20:42.695+0000][1][gc,task      ] GC(39) Using 1 workers of 1 for evacuation
[2020-09-10T17:20:42.745+0000][1][gc,age       ] GC(39) Desired survivor size 4358144 bytes, new threshold 6 (max threshold 6)
[2020-09-10T17:20:42.745+0000][1][gc,age       ] GC(39) Age table with threshold 6 (max threshold 6)
[2020-09-10T17:20:42.745+0000][1][gc,age       ] GC(39) - age   1:     314504 bytes,     314504 total
[2020-09-10T17:20:42.745+0000][1][gc,age       ] GC(39) - age   2:     919312 bytes,    1233816 total
[2020-09-10T17:20:42.745+0000][1][gc,age       ] GC(39) - age   3:     296904 bytes,    1530720 total
[2020-09-10T17:20:42.745+0000][1][gc,age       ] GC(39) - age   4:     296944 bytes,    1827664 total
[2020-09-10T17:20:42.745+0000][1][gc,age       ] GC(39) - age   5:     339360 bytes,    2167024 total
[2020-09-10T17:20:42.745+0000][1][gc,age       ] GC(39) - age   6:     117464 bytes,    2284488 total
[2020-09-10T17:20:42.745+0000][1][gc,heap      ] GC(39) ParNew: 70154K->2305K(76672K)
[2020-09-10T17:20:42.745+0000][1][gc,heap      ] GC(39) CMS: 46278K->46278K(2011968K)
[2020-09-10T17:20:42.745+0000][1][gc,metaspace ] GC(39) Metaspace: 32454K->32454K(1079296K)
[2020-09-10T17:20:42.745+0000][1][gc           ] GC(39) Pause Young (Allocation Failure) 113M->47M(2039M) 50.449ms
[2020-09-10T17:20:42.745+0000][1][gc,cpu       ] GC(39) User=0.01s Sys=0.00s Real=0.05s
[2020-09-10T17:20:42.745+0000][1][safepoint    ] Safepoint "GenCollectForAllocation", Time since last: 699398936 ns, Reaching safepoint: 111391 ns, At safepoint: 50527261 ns, Total: 50638652 ns
[2020-09-10T17:20:42.873+0000][1][safepoint    ] Safepoint "RevokeBias", Time since last: 127315916 ns, Reaching safepoint: 95472 ns, At safepoint: 24199 ns, Total: 119671 ns
[2020-09-10T17:20:43.552+0000][1][gc,start     ] GC(40) Pause Young (Allocation Failure)
[2020-09-10T17:20:43.552+0000][1][gc,task      ] GC(40) Using 1 workers of 1 for evacuation
[2020-09-10T17:20:43.604+0000][1][gc,age       ] GC(40) Desired survivor size 4358144 bytes, new threshold 6 (max threshold 6)
[2020-09-10T17:20:43.605+0000][1][gc,age       ] GC(40) Age table with threshold 6 (max threshold 6)
[2020-09-10T17:20:43.605+0000][1][gc,age       ] GC(40) - age   1:     415664 bytes,     415664 total
[2020-09-10T17:20:43.605+0000][1][gc,age       ] GC(40) - age   2:     302608 bytes,     718272 total
[2020-09-10T17:20:43.605+0000][1][gc,age       ] GC(40) - age   3:     918744 bytes,    1637016 total
[2020-09-10T17:20:43.605+0000][1][gc,age       ] GC(40) - age   4:     296672 bytes,    1933688 total
[2020-09-10T17:20:43.605+0000][1][gc,age       ] GC(40) - age   5:     296824 bytes,    2230512 total
[2020-09-10T17:20:43.605+0000][1][gc,age       ] GC(40) - age   6:     339360 bytes,    2569872 total
[2020-09-10T17:20:43.605+0000][1][gc,heap      ] GC(40) ParNew: 70465K->2562K(76672K)
[2020-09-10T17:20:43.605+0000][1][gc,heap      ] GC(40) CMS: 46278K->46391K(2011968K)
[2020-09-10T17:20:43.605+0000][1][gc,metaspace ] GC(40) Metaspace: 32458K->32458K(1079296K)
[2020-09-10T17:20:43.605+0000][1][gc           ] GC(40) Pause Young (Allocation Failure) 114M->47M(2039M) 52.991ms
[2020-09-10T17:20:43.605+0000][1][gc,cpu       ] GC(40) User=0.01s Sys=0.00s Real=0.05s
[2020-09-10T17:20:43.623+0000][1][safepoint    ] Safepoint "GenCollectForAllocation", Time since last: 677921828 ns, Reaching safepoint: 1353360 ns, At safepoint: 70643585 ns, Total: 71996945 ns
[2020-09-10T17:20:44.033+0000][1][gc,start     ] GC(41) Pause Young (Allocation Failure)
[2020-09-10T17:20:44.033+0000][1][gc,task      ] GC(41) Using 1 workers of 1 for evacuation
[2020-09-10T17:20:44.123+0000][1][gc,age       ] GC(41) Desired survivor size 4358144 bytes, new threshold 6 (max threshold 6)
[2020-09-10T17:20:44.123+0000][1][gc,age       ] GC(41) Age table with threshold 6 (max threshold 6)
[2020-09-10T17:20:44.123+0000][1][gc,age       ] GC(41) - age   1:        232 bytes,        232 total
[2020-09-10T17:20:44.123+0000][1][gc,age       ] GC(41) - age   2:     415400 bytes,     415632 total
[2020-09-10T17:20:44.123+0000][1][gc,age       ] GC(41) - age   3:     302608 bytes,     718240 total
[2020-09-10T17:20:44.123+0000][1][gc,age       ] GC(41) - age   4:     918744 bytes,    1636984 total
[2020-09-10T17:20:44.123+0000][1][gc,age       ] GC(41) - age   5:     296672 bytes,    1933656 total
[2020-09-10T17:20:44.123+0000][1][gc,age       ] GC(41) - age   6:     296824 bytes,    2230480 total
[2020-09-10T17:20:44.123+0000][1][gc,heap      ] GC(41) ParNew: 70722K->2244K(76672K)
[2020-09-10T17:20:44.123+0000][1][gc,heap      ] GC(41) CMS: 46391K->46722K(2011968K)
[2020-09-10T17:20:44.123+0000][1][gc,metaspace ] GC(41) Metaspace: 32458K->32458K(1079296K)
[2020-09-10T17:20:44.123+0000][1][gc           ] GC(41) Pause Young (Allocation Failure) 114M->47M(2039M) 90.082ms
[2020-09-10T17:20:44.123+0000][1][gc,cpu       ] GC(41) User=0.02s Sys=0.00s Real=0.09s
[2020-09-10T17:20:44.123+0000][1][safepoint    ] Safepoint "GenCollectForAllocation", Time since last: 410551230 ns, Reaching safepoint: 105148 ns, At safepoint: 90142720 ns, Total: 90247868 ns
[2020-09-10T17:20:44.536+0000][1][gc,start     ] GC(42) Pause Young (Allocation Failure)
[2020-09-10T17:20:44.536+0000][1][gc,task      ] GC(42) Using 1 workers of 1 for evacuation
[2020-09-10T17:20:44.637+0000][1][gc,age       ] GC(42) Desired survivor size 4358144 bytes, new threshold 6 (max threshold 6)
[2020-09-10T17:20:44.637+0000][1][gc,age       ] GC(42) Age table with threshold 6 (max threshold 6)
[2020-09-10T17:20:44.637+0000][1][gc,age       ] GC(42) - age   1:        192 bytes,        192 total
[2020-09-10T17:20:44.637+0000][1][gc,age       ] GC(42) - age   2:        160 bytes,        352 total
[2020-09-10T17:20:44.637+0000][1][gc,age       ] GC(42) - age   3:     415400 bytes,     415752 total
[2020-09-10T17:20:44.637+0000][1][gc,age       ] GC(42) - age   4:     302608 bytes,     718360 total
[2020-09-10T17:20:44.637+0000][1][gc,age       ] GC(42) - age   5:     918744 bytes,    1637104 total
[2020-09-10T17:20:44.637+0000][1][gc,age       ] GC(42) - age   6:     296672 bytes,    1933776 total
[2020-09-10T17:20:44.637+0000][1][gc,heap      ] GC(42) ParNew: 70404K->1901K(76672K)
[2020-09-10T17:20:44.637+0000][1][gc,heap      ] GC(42) CMS: 46722K->47012K(2011968K)
[2020-09-10T17:20:44.637+0000][1][gc,metaspace ] GC(42) Metaspace: 32458K->32458K(1079296K)
[2020-09-10T17:20:44.637+0000][1][gc           ] GC(42) Pause Young (Allocation Failure) 114M->47M(2039M) 101.528ms
[2020-09-10T17:20:44.637+0000][1][gc,cpu       ] GC(42) User=0.03s Sys=0.00s Real=0.10s
[2020-09-10T17:20:44.643+0000][1][safepoint    ] Safepoint "GenCollectForAllocation", Time since last: 407196443 ns, Reaching safepoint: 5106166 ns, At safepoint: 106934307 ns, Total: 112040473 ns
[2020-09-10T17:20:45.047+0000][1][gc,start     ] GC(43) Pause Young (Allocation Failure)
[2020-09-10T17:20:45.047+0000][1][gc,task      ] GC(43) Using 1 workers of 1 for evacuation
[2020-09-10T17:20:45.130+0000][1][gc,age       ] GC(43) Desired survivor size 4358144 bytes, new threshold 6 (max threshold 6)
[2020-09-10T17:20:45.130+0000][1][gc,age       ] GC(43) Age table with threshold 6 (max threshold 6)
[2020-09-10T17:20:45.130+0000][1][gc,age       ] GC(43) - age   1:        152 bytes,        152 total
[2020-09-10T17:20:45.130+0000][1][gc,age       ] GC(43) - age   3:        160 bytes,        312 total
[2020-09-10T17:20:45.130+0000][1][gc,age       ] GC(43) - age   4:     415400 bytes,     415712 total
[2020-09-10T17:20:45.130+0000][1][gc,age       ] GC(43) - age   5:     302608 bytes,     718320 total
[2020-09-10T17:20:45.130+0000][1][gc,age       ] GC(43) - age   6:     918744 bytes,    1637064 total
[2020-09-10T17:20:45.130+0000][1][gc,heap      ] GC(43) ParNew: 70061K->1627K(76672K)
[2020-09-10T17:20:45.130+0000][1][gc,heap      ] GC(43) CMS: 47012K->47302K(2011968K)
[2020-09-10T17:20:45.130+0000][1][gc,metaspace ] GC(43) Metaspace: 32458K->32458K(1079296K)
[2020-09-10T17:20:45.130+0000][1][gc           ] GC(43) Pause Young (Allocation Failure) 114M->47M(2039M) 83.387ms
[2020-09-10T17:20:45.130+0000][1][gc,cpu       ] GC(43) User=0.02s Sys=0.00s Real=0.08s
[2020-09-10T17:20:45.159+0000][1][safepoint    ] Safepoint "GenCollectForAllocation", Time since last: 403955383 ns, Reaching safepoint: 104142 ns, At safepoint: 111924295 ns, Total: 112028437 ns
[2020-09-10T17:20:45.561+0000][1][gc,start     ] GC(44) Pause Young (Allocation Failure)
[2020-09-10T17:20:45.561+0000][1][gc,task      ] GC(44) Using 1 workers of 1 for evacuation
[2020-09-10T17:20:45.651+0000][1][gc,age       ] GC(44) Desired survivor size 4358144 bytes, new threshold 6 (max threshold 6)
[2020-09-10T17:20:45.651+0000][1][gc,age       ] GC(44) Age table with threshold 6 (max threshold 6)
[2020-09-10T17:20:45.651+0000][1][gc,age       ] GC(44) - age   1:         72 bytes,         72 total
[2020-09-10T17:20:45.651+0000][1][gc,age       ] GC(44) - age   4:        160 bytes,        232 total
[2020-09-10T17:20:45.651+0000][1][gc,age       ] GC(44) - age   5:     415400 bytes,     415632 total
[2020-09-10T17:20:45.651+0000][1][gc,age       ] GC(44) - age   6:     302608 bytes,     718240 total
[2020-09-10T17:20:45.651+0000][1][gc,heap      ] GC(44) ParNew: 69787K->814K(76672K)
[2020-09-10T17:20:45.651+0000][1][gc,heap      ] GC(44) CMS: 47302K->48199K(2011968K)
[2020-09-10T17:20:45.651+0000][1][gc,metaspace ] GC(44) Metaspace: 32458K->32458K(1079296K)
[2020-09-10T17:20:45.651+0000][1][gc           ] GC(44) Pause Young (Allocation Failure) 114M->47M(2039M) 90.009ms
[2020-09-10T17:20:45.651+0000][1][gc,cpu       ] GC(44) User=0.03s Sys=0.00s Real=0.09s
[2020-09-10T17:20:45.670+0000][1][safepoint    ] Safepoint "GenCollectForAllocation", Time since last: 402529206 ns, Reaching safepoint: 103262 ns, At safepoint: 108894607 ns, Total: 108997869 ns
[2020-09-10T17:20:46.052+0000][1][gc,start     ] GC(45) Pause Young (Allocation Failure)
[2020-09-10T17:20:46.052+0000][1][gc,task      ] GC(45) Using 1 workers of 1 for evacuation
[2020-09-10T17:20:46.114+0000][1][gc,age       ] GC(45) Desired survivor size 4358144 bytes, new threshold 6 (max threshold 6)
[2020-09-10T17:20:46.114+0000][1][gc,age       ] GC(45) Age table with threshold 6 (max threshold 6)
[2020-09-10T17:20:46.114+0000][1][gc,age       ] GC(45) - age   5:        160 bytes,        160 total
[2020-09-10T17:20:46.114+0000][1][gc,age       ] GC(45) - age   6:     415400 bytes,     415560 total
[2020-09-10T17:20:46.114+0000][1][gc,heap      ] GC(45) ParNew: 68974K->729K(76672K)
[2020-09-10T17:20:46.114+0000][1][gc,heap      ] GC(45) CMS: 48199K->48494K(2011968K)
[2020-09-10T17:20:46.114+0000][1][gc,metaspace ] GC(45) Metaspace: 32458K->32458K(1079296K)
[2020-09-10T17:20:46.114+0000][1][gc           ] GC(45) Pause Young (Allocation Failure) 114M->48M(2039M) 62.704ms
[2020-09-10T17:20:46.114+0000][1][gc,cpu       ] GC(45) User=0.02s Sys=0.00s Real=0.06s
[2020-09-10T17:20:46.146+0000][1][safepoint    ] Safepoint "GenCollectForAllocation", Time since last: 381340148 ns, Reaching safepoint: 98267 ns, At safepoint: 94814624 ns, Total: 94912891 ns
[2020-09-10T17:20:46.547+0000][1][gc,start     ] GC(46) Pause Young (Allocation Failure)
[2020-09-10T17:20:46.547+0000][1][gc,task      ] GC(46) Using 1 workers of 1 for evacuation
[2020-09-10T17:20:46.608+0000][1][gc,age       ] GC(46) Desired survivor size 4358144 bytes, new threshold 6 (max threshold 6)
[2020-09-10T17:20:46.608+0000][1][gc,age       ] GC(46) Age table with threshold 6 (max threshold 6)
[2020-09-10T17:20:46.608+0000][1][gc,age       ] GC(46) - age   1:        152 bytes,        152 total
[2020-09-10T17:20:46.608+0000][1][gc,age       ] GC(46) - age   6:        160 bytes,        312 total
[2020-09-10T17:20:46.608+0000][1][gc,heap      ] GC(46) ParNew: 68889K->334K(76672K)
[2020-09-10T17:20:46.608+0000][1][gc,heap      ] GC(46) CMS: 48494K->48900K(2011968K)
[2020-09-10T17:20:46.608+0000][1][gc,metaspace ] GC(46) Metaspace: 32458K->32458K(1079296K)
[2020-09-10T17:20:46.608+0000][1][gc           ] GC(46) Pause Young (Allocation Failure) 114M->48M(2039M) 61.007ms
[2020-09-10T17:20:46.608+0000][1][gc,cpu       ] GC(46) User=0.01s Sys=0.00s Real=0.06s
[2020-09-10T17:20:46.619+0000][1][safepoint    ] Safepoint "GenCollectForAllocation", Time since last: 400200508 ns, Reaching safepoint: 103148 ns, At safepoint: 71900817 ns, Total: 72003965 ns
[2020-09-10T17:20:47.027+0000][1][gc,start     ] GC(47) Pause Young (Allocation Failure)
[2020-09-10T17:20:47.027+0000][1][gc,task      ] GC(47) Using 1 workers of 1 for evacuation
[2020-09-10T17:20:47.066+0000][1][gc,age       ] GC(47) Desired survivor size 4358144 bytes, new threshold 6 (max threshold 6)
[2020-09-10T17:20:47.066+0000][1][gc,age       ] GC(47) Age table with threshold 6 (max threshold 6)
[2020-09-10T17:20:47.066+0000][1][gc,age       ] GC(47) - age   1:        160 bytes,        160 total
[2020-09-10T17:20:47.067+0000][1][gc,heap      ] GC(47) ParNew: 68494K->83K(76672K)
[2020-09-10T17:20:47.067+0000][1][gc,heap      ] GC(47) CMS: 48900K->48901K(2011968K)
[2020-09-10T17:20:47.067+0000][1][gc,metaspace ] GC(47) Metaspace: 32458K->32458K(1079296K)
[2020-09-10T17:20:47.067+0000][1][gc           ] GC(47) Pause Young (Allocation Failure) 114M->47M(2039M) 39.867ms
[2020-09-10T17:20:47.067+0000][1][gc,cpu       ] GC(47) User=0.02s Sys=0.00s Real=0.03s
[2020-09-10T17:20:47.099+0000][1][safepoint    ] Safepoint "GenCollectForAllocation", Time since last: 407581601 ns, Reaching safepoint: 418243 ns, At safepoint: 72009797 ns, Total: 72428040 ns
[2020-09-10T17:20:47.493+0000][1][gc,start     ] GC(48) Pause Young (Allocation Failure)
[2020-09-10T17:20:47.493+0000][1][gc,task      ] GC(48) Using 1 workers of 1 for evacuation
[2020-09-10T17:20:47.546+0000][1][gc,age       ] GC(48) Desired survivor size 4358144 bytes, new threshold 6 (max threshold 6)
[2020-09-10T17:20:47.546+0000][1][gc,age       ] GC(48) Age table with threshold 6 (max threshold 6)
[2020-09-10T17:20:47.546+0000][1][gc,age       ] GC(48) - age   1:        144 bytes,        144 total
[2020-09-10T17:20:47.546+0000][1][gc,heap      ] GC(48) ParNew: 68243K->20K(76672K)
[2020-09-10T17:20:47.546+0000][1][gc,heap      ] GC(48) CMS: 48901K->48901K(2011968K)
[2020-09-10T17:20:47.546+0000][1][gc,metaspace ] GC(48) Metaspace: 32458K->32458K(1079296K)
[2020-09-10T17:20:47.546+0000][1][gc           ] GC(48) Pause Young (Allocation Failure) 114M->47M(2039M) 52.267ms
[2020-09-10T17:20:47.546+0000][1][gc,cpu       ] GC(48) User=0.01s Sys=0.00s Real=0.05s
[2020-09-10T17:20:47.579+0000][1][safepoint    ] Safepoint "GenCollectForAllocation", Time since last: 394587865 ns, Reaching safepoint: 97795 ns, At safepoint: 85297674 ns, Total: 85395469 ns
[2020-09-10T17:20:47.979+0000][1][gc,start     ] GC(49) Pause Young (Allocation Failure)
[2020-09-10T17:20:47.979+0000][1][gc,task      ] GC(49) Using 1 workers of 1 for evacuation
[2020-09-10T17:20:48.073+0000][1][gc,age       ] GC(49) Desired survivor size 4358144 bytes, new threshold 6 (max threshold 6)
[2020-09-10T17:20:48.073+0000][1][gc,age       ] GC(49) Age table with threshold 6 (max threshold 6)
[2020-09-10T17:20:48.073+0000][1][gc,age       ] GC(49) - age   1:         96 bytes,         96 total
[2020-09-10T17:20:48.073+0000][1][gc,heap      ] GC(49) ParNew: 68180K->5K(76672K)
[2020-09-10T17:20:48.073+0000][1][gc,heap      ] GC(49) CMS: 48901K->48901K(2011968K)
[2020-09-10T17:20:48.073+0000][1][gc,metaspace ] GC(49) Metaspace: 32458K->32458K(1079296K)
[2020-09-10T17:20:48.073+0000][1][gc           ] GC(49) Pause Young (Allocation Failure) 114M->47M(2039M) 93.978ms
[2020-09-10T17:20:48.073+0000][1][gc,cpu       ] GC(49) User=0.02s Sys=0.00s Real=0.09s
[2020-09-10T17:20:48.075+0000][1][safepoint    ] Safepoint "GenCollectForAllocation", Time since last: 399915304 ns, Reaching safepoint: 85472 ns, At safepoint: 96024693 ns, Total: 96110165 ns
[2020-09-10T17:20:48.791+0000][1][gc,start     ] GC(50) Pause Young (Allocation Failure)
[2020-09-10T17:20:48.791+0000][1][gc,task      ] GC(50) Using 1 workers of 1 for evacuation
[2020-09-10T17:20:48.897+0000][1][gc,age       ] GC(50) Desired survivor size 4358144 bytes, new threshold 1 (max threshold 6)
[2020-09-10T17:20:48.897+0000][1][gc,age       ] GC(50) Age table with threshold 1 (max threshold 6)
[2020-09-10T17:20:48.897+0000][1][gc,age       ] GC(50) - age   1:    8701384 bytes,    8701384 total
[2020-09-10T17:20:48.897+0000][1][gc,heap      ] GC(50) ParNew: 66671K->8498K(76672K)
[2020-09-10T17:20:48.897+0000][1][gc,heap      ] GC(50) CMS: 48901K->50565K(2011968K)
[2020-09-10T17:20:48.897+0000][1][gc,metaspace ] GC(50) Metaspace: 32458K->32458K(1079296K)
[2020-09-10T17:20:48.897+0000][1][gc           ] GC(50) Pause Young (Allocation Failure) 112M->57M(2039M) 106.292ms
[2020-09-10T17:20:48.897+0000][1][gc,cpu       ] GC(50) User=0.02s Sys=0.00s Real=0.10s
[2020-09-10T17:20:48.897+0000][1][safepoint    ] Safepoint "GenCollectForAllocation", Time since last: 715980851 ns, Reaching safepoint: 110941 ns, At safepoint: 106383022 ns, Total: 106493963 ns
[2020-09-10T17:20:50.929+0000][1][safepoint    ] Safepoint "Cleanup", Time since last: 2027216147 ns, Reaching safepoint: 4688926 ns, At safepoint: 12687 ns, Total: 4701613 ns
[2020-09-10T17:20:51.146+0000][1][gc,start     ] GC(51) Pause Young (Allocation Failure)
[2020-09-10T17:20:51.147+0000][1][gc,task      ] GC(51) Using 1 workers of 1 for evacuation
[2020-09-10T17:20:51.198+0000][1][gc,age       ] GC(51) Desired survivor size 4358144 bytes, new threshold 6 (max threshold 6)
[2020-09-10T17:20:51.198+0000][1][gc,age       ] GC(51) Age table with threshold 6 (max threshold 6)
[2020-09-10T17:20:51.198+0000][1][gc,age       ] GC(51) - age   1:     528848 bytes,     528848 total
[2020-09-10T17:20:51.198+0000][1][gc,heap      ] GC(51) ParNew: 76658K->518K(76672K)
[2020-09-10T17:20:51.198+0000][1][gc,heap      ] GC(51) CMS: 50565K->50565K(2011968K)
[2020-09-10T17:20:51.198+0000][1][gc,metaspace ] GC(51) Metaspace: 32459K->32459K(1079296K)
[2020-09-10T17:20:51.198+0000][1][gc           ] GC(51) Pause Young (Allocation Failure) 124M->49M(2039M) 51.783ms
[2020-09-10T17:20:51.198+0000][1][gc,cpu       ] GC(51) User=0.02s Sys=0.00s Real=0.05s
[2020-09-10T17:20:51.199+0000][1][safepoint    ] Safepoint "GenCollectForAllocation", Time since last: 215605632 ns, Reaching safepoint: 1725956 ns, At safepoint: 52240586 ns, Total: 53966542 ns
[2020-09-10T17:20:51.648+0000][1][gc,start     ] GC(52) Pause Young (Allocation Failure)
[2020-09-10T17:20:51.648+0000][1][gc,task      ] GC(52) Using 1 workers of 1 for evacuation
[2020-09-10T17:20:51.704+0000][1][gc,age       ] GC(52) Desired survivor size 4358144 bytes, new threshold 6 (max threshold 6)
[2020-09-10T17:20:51.704+0000][1][gc,age       ] GC(52) Age table with threshold 6 (max threshold 6)
[2020-09-10T17:20:51.704+0000][1][gc,age       ] GC(52) - age   1:     676256 bytes,     676256 total
[2020-09-10T17:20:51.704+0000][1][gc,age       ] GC(52) - age   2:     358256 bytes,    1034512 total
[2020-09-10T17:20:51.704+0000][1][gc,heap      ] GC(52) ParNew: 68678K->1012K(76672K)
[2020-09-10T17:20:51.704+0000][1][gc,heap      ] GC(52) CMS: 50565K->50565K(2011968K)
[2020-09-10T17:20:51.704+0000][1][gc,metaspace ] GC(52) Metaspace: 32459K->32459K(1079296K)
[2020-09-10T17:20:51.704+0000][1][gc           ] GC(52) Pause Young (Allocation Failure) 116M->50M(2039M) 56.177ms
[2020-09-10T17:20:51.704+0000][1][gc,cpu       ] GC(52) User=0.01s Sys=0.00s Real=0.05s
[2020-09-10T17:20:51.704+0000][1][safepoint    ] Safepoint "GenCollectForAllocation", Time since last: 448672233 ns, Reaching safepoint: 249224 ns, At safepoint: 56241654 ns, Total: 56490878 ns
[2020-09-10T17:20:52.083+0000][1][gc,start     ] GC(53) Pause Young (Allocation Failure)
[2020-09-10T17:20:52.083+0000][1][gc,task      ] GC(53) Using 1 workers of 1 for evacuation
[2020-09-10T17:20:52.135+0000][1][gc,age       ] GC(53) Desired survivor size 4358144 bytes, new threshold 6 (max threshold 6)
[2020-09-10T17:20:52.135+0000][1][gc,age       ] GC(53) Age table with threshold 6 (max threshold 6)
[2020-09-10T17:20:52.135+0000][1][gc,age       ] GC(53) - age   1:     348760 bytes,     348760 total
[2020-09-10T17:20:52.135+0000][1][gc,age       ] GC(53) - age   2:     659160 bytes,    1007920 total
[2020-09-10T17:20:52.135+0000][1][gc,age       ] GC(53) - age   3:     356448 bytes,    1364368 total
[2020-09-10T17:20:52.135+0000][1][gc,heap      ] GC(53) ParNew: 69172K->1360K(76672K)
[2020-09-10T17:20:52.135+0000][1][gc,heap      ] GC(53) CMS: 50565K->50565K(2011968K)
[2020-09-10T17:20:52.135+0000][1][gc,metaspace ] GC(53) Metaspace: 32459K->32459K(1079296K)
[2020-09-10T17:20:52.135+0000][1][gc           ] GC(53) Pause Young (Allocation Failure) 116M->50M(2039M) 52.319ms
[2020-09-10T17:20:52.135+0000][1][gc,cpu       ] GC(53) User=0.02s Sys=0.00s Real=0.05s
[2020-09-10T17:20:52.135+0000][1][safepoint    ] Safepoint "GenCollectForAllocation", Time since last: 375527559 ns, Reaching safepoint: 3350230 ns, At safepoint: 52384902 ns, Total: 55735132 ns
[2020-09-10T17:20:52.667+0000][1][gc,start     ] GC(54) Pause Young (Allocation Failure)
[2020-09-10T17:20:52.667+0000][1][gc,task      ] GC(54) Using 1 workers of 1 for evacuation
[2020-09-10T17:20:52.719+0000][1][gc,age       ] GC(54) Desired survivor size 4358144 bytes, new threshold 6 (max threshold 6)
[2020-09-10T17:20:52.719+0000][1][gc,age       ] GC(54) Age table with threshold 6 (max threshold 6)
[2020-09-10T17:20:52.719+0000][1][gc,age       ] GC(54) - age   1:     930456 bytes,     930456 total
[2020-09-10T17:20:52.719+0000][1][gc,age       ] GC(54) - age   2:     337008 bytes,    1267464 total
[2020-09-10T17:20:52.719+0000][1][gc,age       ] GC(54) - age   3:     331328 bytes,    1598792 total
[2020-09-10T17:20:52.719+0000][1][gc,age       ] GC(54) - age   4:     356288 bytes,    1955080 total
[2020-09-10T17:20:52.719+0000][1][gc,heap      ] GC(54) ParNew: 69520K->2004K(76672K)
[2020-09-10T17:20:52.719+0000][1][gc,heap      ] GC(54) CMS: 50565K->50565K(2011968K)
[2020-09-10T17:20:52.719+0000][1][gc,metaspace ] GC(54) Metaspace: 32459K->32459K(1079296K)
[2020-09-10T17:20:52.719+0000][1][gc           ] GC(54) Pause Young (Allocation Failure) 117M->51M(2039M) 52.265ms
[2020-09-10T17:20:52.719+0000][1][gc,cpu       ] GC(54) User=0.02s Sys=0.00s Real=0.05s
[2020-09-10T17:20:52.719+0000][1][safepoint    ] Safepoint "GenCollectForAllocation", Time since last: 531588485 ns, Reaching safepoint: 121903 ns, At safepoint: 52338051 ns, Total: 52459954 ns
[2020-09-10T17:20:53.127+0000][1][gc,start     ] GC(55) Pause Young (Allocation Failure)
[2020-09-10T17:20:53.127+0000][1][gc,task      ] GC(55) Using 1 workers of 1 for evacuation
[2020-09-10T17:20:53.181+0000][1][gc,age       ] GC(55) Desired survivor size 4358144 bytes, new threshold 6 (max threshold 6)
[2020-09-10T17:20:53.181+0000][1][gc,age       ] GC(55) Age table with threshold 6 (max threshold 6)
[2020-09-10T17:20:53.181+0000][1][gc,age       ] GC(55) - age   1:     313464 bytes,     313464 total
[2020-09-10T17:20:53.181+0000][1][gc,age       ] GC(55) - age   2:     918848 bytes,    1232312 total
[2020-09-10T17:20:53.181+0000][1][gc,age       ] GC(55) - age   3:     332104 bytes,    1564416 total
[2020-09-10T17:20:53.181+0000][1][gc,age       ] GC(55) - age   4:     331232 bytes,    1895648 total
[2020-09-10T17:20:53.181+0000][1][gc,age       ] GC(55) - age   5:     356112 bytes,    2251760 total
[2020-09-10T17:20:53.181+0000][1][gc,heap      ] GC(55) ParNew: 70164K->2314K(76672K)
[2020-09-10T17:20:53.181+0000][1][gc,heap      ] GC(55) CMS: 50565K->50565K(2011968K)
[2020-09-10T17:20:53.181+0000][1][gc,metaspace ] GC(55) Metaspace: 32459K->32459K(1079296K)
[2020-09-10T17:20:53.181+0000][1][gc           ] GC(55) Pause Young (Allocation Failure) 117M->51M(2039M) 54.288ms
[2020-09-10T17:20:53.181+0000][1][gc,cpu       ] GC(55) User=0.01s Sys=0.00s Real=0.05s
[2020-09-10T17:20:53.181+0000][1][safepoint    ] Safepoint "GenCollectForAllocation", Time since last: 401193615 ns, Reaching safepoint: 6368288 ns, At safepoint: 54367844 ns, Total: 60736132 ns
[2020-09-10T17:20:53.908+0000][1][safepoint    ] Safepoint "ICBufferFull", Time since last: 726827311 ns, Reaching safepoint: 322756 ns, At safepoint: 8659 ns, Total: 331415 ns
[2020-09-10T17:20:54.595+0000][1][safepoint    ] Safepoint "Deoptimize", Time since last: 686453229 ns, Reaching safepoint: 157517 ns, At safepoint: 302571 ns, Total: 460088 ns
[2020-09-10T17:20:54.768+0000][1][gc,start     ] GC(56) Pause Young (Allocation Failure)
[2020-09-10T17:20:54.768+0000][1][gc,task      ] GC(56) Using 1 workers of 1 for evacuation
[2020-09-10T17:20:54.844+0000][1][gc,age       ] GC(56) Desired survivor size 4358144 bytes, new threshold 6 (max threshold 6)
[2020-09-10T17:20:54.844+0000][1][gc,age       ] GC(56) Age table with threshold 6 (max threshold 6)
[2020-09-10T17:20:54.844+0000][1][gc,age       ] GC(56) - age   1:     924928 bytes,     924928 total
[2020-09-10T17:20:54.844+0000][1][gc,age       ] GC(56) - age   2:     301160 bytes,    1226088 total
[2020-09-10T17:20:54.844+0000][1][gc,age       ] GC(56) - age   3:     918504 bytes,    2144592 total
[2020-09-10T17:20:54.844+0000][1][gc,age       ] GC(56) - age   4:     331360 bytes,    2475952 total
[2020-09-10T17:20:54.844+0000][1][gc,age       ] GC(56) - age   5:     330944 bytes,    2806896 total
[2020-09-10T17:20:54.844+0000][1][gc,age       ] GC(56) - age   6:     353456 bytes,    3160352 total
[2020-09-10T17:20:54.844+0000][1][gc,heap      ] GC(56) ParNew: 70474K->3326K(76672K)
[2020-09-10T17:20:54.844+0000][1][gc,heap      ] GC(56) CMS: 50565K->50565K(2011968K)
[2020-09-10T17:20:54.844+0000][1][gc,metaspace ] GC(56) Metaspace: 34076K->34076K(1081344K)
[2020-09-10T17:20:54.844+0000][1][gc           ] GC(56) Pause Young (Allocation Failure) 118M->52M(2039M) 75.561ms
[2020-09-10T17:20:54.844+0000][1][gc,cpu       ] GC(56) User=0.02s Sys=0.00s Real=0.07s
[2020-09-10T17:20:54.874+0000][1][safepoint    ] Safepoint "GenCollectForAllocation", Time since last: 172871424 ns, Reaching safepoint: 107766 ns, At safepoint: 106179006 ns, Total: 106286772 ns
[2020-09-10T17:20:55.160+0000][1][safepoint    ] Safepoint "CollectForMetadataAllocation", Time since last: 285785386 ns, Reaching safepoint: 112695 ns, At safepoint: 129497 ns, Total: 242192 ns
[2020-09-10T17:20:55.314+0000][1][safepoint    ] Safepoint "CollectForMetadataAllocation", Time since last: 153037991 ns, Reaching safepoint: 112944 ns, At safepoint: 130668 ns, Total: 243612 ns
[2020-09-10T17:20:55.531+0000][1][safepoint    ] Safepoint "CollectForMetadataAllocation", Time since last: 217431548 ns, Reaching safepoint: 100170 ns, At safepoint: 118759 ns, Total: 218929 ns
[2020-09-10T17:20:55.687+0000][1][safepoint    ] Safepoint "CollectForMetadataAllocation", Time since last: 155427826 ns, Reaching safepoint: 104212 ns, At safepoint: 132579 ns, Total: 236791 ns
[2020-09-10T17:20:55.782+0000][1][safepoint    ] Safepoint "CollectForMetadataAllocation", Time since last: 94424718 ns, Reaching safepoint: 103831 ns, At safepoint: 114133 ns, Total: 217964 ns
[2020-09-10T17:20:55.931+0000][1][safepoint    ] Safepoint "CollectForMetadataAllocation", Time since last: 149120975 ns, Reaching safepoint: 98362 ns, At safepoint: 84939 ns, Total: 183301 ns
[2020-09-10T17:20:56.572+0000][1][gc,start     ] GC(57) Pause Young (Allocation Failure)
[2020-09-10T17:20:56.572+0000][1][gc,task      ] GC(57) Using 1 workers of 1 for evacuation
[2020-09-10T17:20:56.660+0000][1][gc,age       ] GC(57) Desired survivor size 4358144 bytes, new threshold 6 (max threshold 6)
[2020-09-10T17:20:56.660+0000][1][gc,age       ] GC(57) Age table with threshold 6 (max threshold 6)
[2020-09-10T17:20:56.660+0000][1][gc,age       ] GC(57) - age   1:     679160 bytes,     679160 total
[2020-09-10T17:20:56.660+0000][1][gc,age       ] GC(57) - age   2:     903352 bytes,    1582512 total
[2020-09-10T17:20:56.660+0000][1][gc,age       ] GC(57) - age   3:     301160 bytes,    1883672 total
[2020-09-10T17:20:56.660+0000][1][gc,age       ] GC(57) - age   4:     918504 bytes,    2802176 total
[2020-09-10T17:20:56.660+0000][1][gc,age       ] GC(57) - age   5:     331360 bytes,    3133536 total
[2020-09-10T17:20:56.660+0000][1][gc,age       ] GC(57) - age   6:     330944 bytes,    3464480 total
[2020-09-10T17:20:56.660+0000][1][gc,heap      ] GC(57) ParNew: 71486K->3573K(76672K)
[2020-09-10T17:20:56.660+0000][1][gc,heap      ] GC(57) CMS: 50565K->50911K(2011968K)
[2020-09-10T17:20:56.660+0000][1][gc,metaspace ] GC(57) Metaspace: 36237K->36237K(1083392K)
[2020-09-10T17:20:56.660+0000][1][gc           ] GC(57) Pause Young (Allocation Failure) 119M->53M(2039M) 88.052ms
[2020-09-10T17:20:56.660+0000][1][gc,cpu       ] GC(57) User=0.02s Sys=0.00s Real=0.09s
[2020-09-10T17:20:56.673+0000][1][safepoint    ] Safepoint "GenCollectForAllocation", Time since last: 640795965 ns, Reaching safepoint: 114701 ns, At safepoint: 100997452 ns, Total: 101112153 ns
[2020-09-10T17:20:56.695+0000][1][gc,start     ] GC(58) Pause Initial Mark
[2020-09-10T17:20:56.698+0000][1][gc           ] GC(58) Pause Initial Mark 58M->58M(2039M) 3.110ms
[2020-09-10T17:20:56.698+0000][1][gc,cpu       ] GC(58) User=0.00s Sys=0.00s Real=0.00s
[2020-09-10T17:20:56.751+0000][1][safepoint    ] Safepoint "CMS_Initial_Mark", Time since last: 21888292 ns, Reaching safepoint: 99122 ns, At safepoint: 55901588 ns, Total: 56000710 ns
[2020-09-10T17:20:56.751+0000][1][gc           ] GC(58) Concurrent Mark
[2020-09-10T17:20:57.187+0000][1][safepoint    ] Safepoint "CollectForMetadataAllocation", Time since last: 436069053 ns, Reaching safepoint: 61225 ns, At safepoint: 119559 ns, Total: 180784 ns
[2020-09-10T17:20:57.407+0000][1][gc           ] GC(58) Concurrent Mark 656.534ms
[2020-09-10T17:20:57.407+0000][1][gc,cpu       ] GC(58) User=0.17s Sys=0.00s Real=0.66s
[2020-09-10T17:20:57.407+0000][1][gc           ] GC(58) Concurrent Preclean
[2020-09-10T17:20:57.413+0000][1][gc           ] GC(58) Concurrent Preclean 5.948ms
[2020-09-10T17:20:57.413+0000][1][gc,cpu       ] GC(58) User=0.00s Sys=0.00s Real=0.00s
[2020-09-10T17:20:57.413+0000][1][gc           ] GC(58) Concurrent Abortable Preclean
[2020-09-10T17:20:58.187+0000][1][safepoint    ] Safepoint "Cleanup", Time since last: 1000107466 ns, Reaching safepoint: 116609 ns, At safepoint: 6331 ns, Total: 122940 ns
[2020-09-10T17:20:58.623+0000][1][safepoint    ] Safepoint "CollectForMetadataAllocation", Time since last: 431530224 ns, Reaching safepoint: 4057273 ns, At safepoint: 143100 ns, Total: 4200373 ns
[2020-09-10T17:20:58.881+0000][1][safepoint    ] Safepoint "RevokeBias", Time since last: 254200071 ns, Reaching safepoint: 4083036 ns, At safepoint: 39896 ns, Total: 4122932 ns
[2020-09-10T17:20:59.139+0000][1][safepoint    ] Safepoint "CollectForMetadataAllocation", Time since last: 257471299 ns, Reaching safepoint: 181246 ns, At safepoint: 125122 ns, Total: 306368 ns
[2020-09-10T17:20:59.367+0000][1][safepoint    ] Safepoint "CollectForMetadataAllocation", Time since last: 225285084 ns, Reaching safepoint: 2436094 ns, At safepoint: 95482 ns, Total: 2531576 ns
[2020-09-10T17:20:59.739+0000][1][safepoint    ] Safepoint "CollectForMetadataAllocation", Time since last: 372400791 ns, Reaching safepoint: 116605 ns, At safepoint: 77531 ns, Total: 194136 ns
[2020-09-10T17:20:59.847+0000][1][safepoint    ] Safepoint "CollectForMetadataAllocation", Time since last: 107747372 ns, Reaching safepoint: 100573 ns, At safepoint: 126014 ns, Total: 226587 ns
[2020-09-10T17:20:59.971+0000][1][safepoint    ] Safepoint "CollectForMetadataAllocation", Time since last: 119833334 ns, Reaching safepoint: 3496405 ns, At safepoint: 128099 ns, Total: 3624504 ns
[2020-09-10T17:21:00.191+0000][1][safepoint    ] Safepoint "CollectForMetadataAllocation", Time since last: 215856675 ns, Reaching safepoint: 4066391 ns, At safepoint: 126988 ns, Total: 4193379 ns
[2020-09-10T17:21:00.328+0000][1][safepoint    ] Safepoint "CollectForMetadataAllocation", Time since last: 136822309 ns, Reaching safepoint: 107562 ns, At safepoint: 123880 ns, Total: 231442 ns
[2020-09-10T17:21:00.426+0000][1][gc,start     ] GC(59) Pause Young (Allocation Failure)
[2020-09-10T17:21:00.426+0000][1][gc,task      ] GC(59) Using 1 workers of 1 for evacuation
[2020-09-10T17:21:00.502+0000][1][gc,age       ] GC(59) Desired survivor size 4358144 bytes, new threshold 5 (max threshold 6)
[2020-09-10T17:21:00.502+0000][1][gc,age       ] GC(59) Age table with threshold 5 (max threshold 6)
[2020-09-10T17:21:00.502+0000][1][gc,age       ] GC(59) - age   1:    2012880 bytes,    2012880 total
[2020-09-10T17:21:00.502+0000][1][gc,age       ] GC(59) - age   2:     626944 bytes,    2639824 total
[2020-09-10T17:21:00.502+0000][1][gc,age       ] GC(59) - age   3:     902872 bytes,    3542696 total
[2020-09-10T17:21:00.502+0000][1][gc,age       ] GC(59) - age   4:     301160 bytes,    3843856 total
[2020-09-10T17:21:00.502+0000][1][gc,age       ] GC(59) - age   5:     918504 bytes,    4762360 total
[2020-09-10T17:21:00.502+0000][1][gc,age       ] GC(59) - age   6:     331360 bytes,    5093720 total
[2020-09-10T17:21:00.502+0000][1][gc,heap      ] GC(59) ParNew: 71733K->5521K(76672K)
[2020-09-10T17:21:00.502+0000][1][gc,heap      ] GC(59) CMS: 50911K->51234K(2011968K)
[2020-09-10T17:21:00.502+0000][1][gc,metaspace ] GC(59) Metaspace: 38936K->38936K(1085440K)
[2020-09-10T17:21:00.502+0000][1][gc           ] GC(59) Pause Young (Allocation Failure) 119M->55M(2039M) 76.595ms
[2020-09-10T17:21:00.502+0000][1][gc,cpu       ] GC(59) User=0.03s Sys=0.00s Real=0.08s
[2020-09-10T17:21:00.531+0000][1][safepoint    ] Safepoint "GenCollectForAllocation", Time since last: 97780509 ns, Reaching safepoint: 43564 ns, At safepoint: 104912419 ns, Total: 104955983 ns
[2020-09-10T17:21:00.683+0000][1][safepoint    ] Safepoint "CollectForMetadataAllocation", Time since last: 136172405 ns, Reaching safepoint: 16446520 ns, At safepoint: 116303 ns, Total: 16562823 ns
[2020-09-10T17:21:00.879+0000][1][safepoint    ] Safepoint "CollectForMetadataAllocation", Time since last: 177376114 ns, Reaching safepoint: 17965950 ns, At safepoint: 127218 ns, Total: 18093168 ns
[2020-09-10T17:21:01.117+0000][1][safepoint    ] Safepoint "CollectForMetadataAllocation", Time since last: 237885757 ns, Reaching safepoint: 105058 ns, At safepoint: 114338 ns, Total: 219396 ns
[2020-09-10T17:21:01.540+0000][1][safepoint    ] Safepoint "CollectForMetadataAllocation", Time since last: 422362024 ns, Reaching safepoint: 68347 ns, At safepoint: 120089 ns, Total: 188436 ns
[2020-09-10T17:21:01.688+0000][1][safepoint    ] Safepoint "CollectForMetadataAllocation", Time since last: 131943915 ns, Reaching safepoint: 16094258 ns, At safepoint: 125703 ns, Total: 16219961 ns
[2020-09-10T17:21:01.932+0000][1][safepoint    ] Safepoint "CollectForMetadataAllocation", Time since last: 228043674 ns, Reaching safepoint: 15992472 ns, At safepoint: 66438 ns, Total: 16058910 ns
[2020-09-10T17:21:02.259+0000][1][safepoint    ] Safepoint "CollectForMetadataAllocation", Time since last: 326896809 ns, Reaching safepoint: 106103 ns, At safepoint: 127601 ns, Total: 233704 ns
[2020-09-10T17:21:02.469+0000][1][gc           ] GC(58) Concurrent Abortable Preclean 5055.550ms
[2020-09-10T17:21:02.469+0000][1][gc,cpu       ] GC(58) User=1.24s Sys=0.02s Real=5.06s
[2020-09-10T17:21:02.499+0000][1][gc,start     ] GC(58) Pause Remark
[2020-09-10T17:21:02.534+0000][1][gc           ] GC(58) Pause Remark 69M->69M(2039M) 35.646ms
[2020-09-10T17:21:02.535+0000][1][gc,cpu       ] GC(58) User=0.01s Sys=0.00s Real=0.03s
[2020-09-10T17:21:02.579+0000][1][safepoint    ] Safepoint "CMS_Final_Remark", Time since last: 239784413 ns, Reaching safepoint: 118763 ns, At safepoint: 79875247 ns, Total: 79994010 ns
[2020-09-10T17:21:02.579+0000][1][gc           ] GC(58) Concurrent Sweep
[2020-09-10T17:21:02.631+0000][1][safepoint    ] Safepoint "CollectForMetadataAllocation", Time since last: 50095278 ns, Reaching safepoint: 2606540 ns, At safepoint: 20563 ns, Total: 2627103 ns
[2020-09-10T17:21:02.643+0000][1][safepoint    ] Safepoint "CollectForMetadataAllocation", Time since last: 11281036 ns, Reaching safepoint: 398644 ns, At safepoint: 130805 ns, Total: 529449 ns
[2020-09-10T17:21:02.723+0000][1][gc           ] GC(58) Concurrent Sweep 144.621ms
[2020-09-10T17:21:02.723+0000][1][gc,cpu       ] GC(58) User=0.04s Sys=0.00s Real=0.14s
[2020-09-10T17:21:02.723+0000][1][gc           ] GC(58) Concurrent Reset
[2020-09-10T17:21:02.771+0000][1][gc           ] GC(58) Concurrent Reset 47.303ms
[2020-09-10T17:21:02.771+0000][1][gc,cpu       ] GC(58) User=0.01s Sys=0.00s Real=0.05s
[2020-09-10T17:21:02.771+0000][1][gc,heap      ] GC(58) Old: 50911K->48486K(2011968K)
[2020-09-10T17:21:04.655+0000][1][safepoint    ] Safepoint "Cleanup", Time since last: 2011452246 ns, Reaching safepoint: 42545 ns, At safepoint: 7951 ns, Total: 50496 ns
[2020-09-10T17:21:05.657+0000][1][safepoint    ] Safepoint "Cleanup", Time since last: 1001411777 ns, Reaching safepoint: 1098174 ns, At safepoint: 6282 ns, Total: 1104456 ns
[2020-09-10T17:21:09.705+0000][1][safepoint    ] Safepoint "RevokeBias", Time since last: 4048092124 ns, Reaching safepoint: 101714 ns, At safepoint: 7878 ns, Total: 109592 ns
[2020-09-10T17:21:09.706+0000][1][safepoint    ] Safepoint "RevokeBias", Time since last: 305861 ns, Reaching safepoint: 83251 ns, At safepoint: 47336 ns, Total: 130587 ns
[2020-09-10T17:21:09.706+0000][1][safepoint    ] Safepoint "RevokeBias", Time since last: 62795 ns, Reaching safepoint: 82939 ns, At safepoint: 33630 ns, Total: 116569 ns
[2020-09-10T17:21:09.706+0000][1][safepoint    ] Safepoint "RevokeBias", Time since last: 30609 ns, Reaching safepoint: 78371 ns, At safepoint: 20721 ns, Total: 99092 ns
[2020-09-10T17:21:09.706+0000][1][safepoint    ] Safepoint "RevokeBias", Time since last: 31137 ns, Reaching safepoint: 79265 ns, At safepoint: 31770 ns, Total: 111035 ns
[2020-09-10T17:21:09.706+0000][1][safepoint    ] Safepoint "RevokeBias", Time since last: 27104 ns, Reaching safepoint: 79084 ns, At safepoint: 31470 ns, Total: 110554 ns
[2020-09-10T17:21:09.707+0000][1][safepoint    ] Safepoint "RevokeBias", Time since last: 27431 ns, Reaching safepoint: 77857 ns, At safepoint: 22132 ns, Total: 99989 ns
[2020-09-10T17:21:09.707+0000][1][safepoint    ] Safepoint "RevokeBias", Time since last: 37169 ns, Reaching safepoint: 78219 ns, At safepoint: 31969 ns, Total: 110188 ns
[2020-09-10T17:21:09.707+0000][1][safepoint    ] Safepoint "RevokeBias", Time since last: 28117 ns, Reaching safepoint: 78631 ns, At safepoint: 32040 ns, Total: 110671 ns
[2020-09-10T17:21:09.707+0000][1][safepoint    ] Safepoint "RevokeBias", Time since last: 31552 ns, Reaching safepoint: 77538 ns, At safepoint: 19995 ns, Total: 97533 ns
[2020-09-10T17:21:09.707+0000][1][safepoint    ] Safepoint "RevokeBias", Time since last: 26566 ns, Reaching safepoint: 78078 ns, At safepoint: 31294 ns, Total: 109372 ns
[2020-09-10T17:21:09.707+0000][1][safepoint    ] Safepoint "RevokeBias", Time since last: 40277 ns, Reaching safepoint: 78455 ns, At safepoint: 31306 ns, Total: 109761 ns
[2020-09-10T17:21:09.707+0000][1][safepoint    ] Safepoint "RevokeBias", Time since last: 27282 ns, Reaching safepoint: 77449 ns, At safepoint: 19783 ns, Total: 97232 ns
[2020-09-10T17:21:09.708+0000][1][safepoint    ] Safepoint "RevokeBias", Time since last: 26174 ns, Reaching safepoint: 86882 ns, At safepoint: 43095 ns, Total: 129977 ns
[2020-09-10T17:21:09.708+0000][1][safepoint    ] Safepoint "RevokeBias", Time since last: 27283 ns, Reaching safepoint: 78526 ns, At safepoint: 31322 ns, Total: 109848 ns
[2020-09-10T17:21:09.708+0000][1][safepoint    ] Safepoint "RevokeBias", Time since last: 26739 ns, Reaching safepoint: 77123 ns, At safepoint: 19851 ns, Total: 96974 ns
[2020-09-10T17:21:09.708+0000][1][safepoint    ] Safepoint "RevokeBias", Time since last: 25987 ns, Reaching safepoint: 78793 ns, At safepoint: 31438 ns, Total: 110231 ns
[2020-09-10T17:21:09.708+0000][1][safepoint    ] Safepoint "RevokeBias", Time since last: 26701 ns, Reaching safepoint: 77760 ns, At safepoint: 31022 ns, Total: 108782 ns
[2020-09-10T17:21:09.708+0000][1][safepoint    ] Safepoint "RevokeBias", Time since last: 25787 ns, Reaching safepoint: 77158 ns, At safepoint: 19757 ns, Total: 96915 ns
[2020-09-10T17:21:09.708+0000][1][safepoint    ] Safepoint "RevokeBias", Time since last: 27559 ns, Reaching safepoint: 77198 ns, At safepoint: 21281 ns, Total: 98479 ns
[2020-09-10T17:21:09.708+0000][1][safepoint    ] Safepoint "RevokeBias", Time since last: 25765 ns, Reaching safepoint: 78274 ns, At safepoint: 31642 ns, Total: 109916 ns
[2020-09-10T17:21:09.711+0000][1][safepoint    ] Safepoint "BulkRevokeBias", Time since last: 2167709 ns, Reaching safepoint: 84179 ns, At safepoint: 72650 ns, Total: 156829 ns
[2020-09-10T17:21:09.713+0000][1][safepoint    ] Safepoint "RevokeBias", Time since last: 2511604 ns, Reaching safepoint: 101727 ns, At safepoint: 44739 ns, Total: 146466 ns
[2020-09-10T17:21:09.714+0000][1][safepoint    ] Safepoint "RevokeBias", Time since last: 64679 ns, Reaching safepoint: 84498 ns, At safepoint: 34229 ns, Total: 118727 ns
[2020-09-10T17:21:09.714+0000][1][safepoint    ] Safepoint "RevokeBias", Time since last: 104757 ns, Reaching safepoint: 82601 ns, At safepoint: 21090 ns, Total: 103691 ns
[2020-09-10T17:21:10.885+0000][1][safepoint    ] Safepoint "Cleanup", Time since last: 1170794990 ns, Reaching safepoint: 107855 ns, At safepoint: 7343 ns, Total: 115198 ns
[2020-09-10T17:21:11.891+0000][1][safepoint    ] Safepoint "Cleanup", Time since last: 1005883229 ns, Reaching safepoint: 321377 ns, At safepoint: 7521 ns, Total: 328898 ns
[2020-09-10T17:21:12.187+0000][1][safepoint    ] Safepoint "RevokeBias", Time since last: 292910847 ns, Reaching safepoint: 2795826 ns, At safepoint: 19055 ns, Total: 2814881 ns
[2020-09-10T17:21:12.187+0000][1][safepoint    ] Safepoint "RevokeBias", Time since last: 70495 ns, Reaching safepoint: 84997 ns, At safepoint: 10211 ns, Total: 95208 ns
[2020-09-10T17:21:12.187+0000][1][safepoint    ] Safepoint "RevokeBias", Time since last: 34103 ns, Reaching safepoint: 83911 ns, At safepoint: 9315 ns, Total: 93226 ns
[2020-09-10T17:21:12.187+0000][1][safepoint    ] Safepoint "RevokeBias", Time since last: 37959 ns, Reaching safepoint: 84391 ns, At safepoint: 9305 ns, Total: 93696 ns
[2020-09-10T17:21:12.187+0000][1][safepoint    ] Safepoint "RevokeBias", Time since last: 32264 ns, Reaching safepoint: 84383 ns, At safepoint: 9395 ns, Total: 93778 ns
[2020-09-10T17:21:12.187+0000][1][safepoint    ] Safepoint "RevokeBias", Time since last: 31720 ns, Reaching safepoint: 84146 ns, At safepoint: 9519 ns, Total: 93665 ns
[2020-09-10T17:21:12.188+0000][1][safepoint    ] Safepoint "RevokeBias", Time since last: 32058 ns, Reaching safepoint: 84148 ns, At safepoint: 9356 ns, Total: 93504 ns
[2020-09-10T17:21:12.188+0000][1][safepoint    ] Safepoint "RevokeBias", Time since last: 31909 ns, Reaching safepoint: 84086 ns, At safepoint: 9297 ns, Total: 93383 ns
[2020-09-10T17:21:12.188+0000][1][safepoint    ] Safepoint "RevokeBias", Time since last: 47414 ns, Reaching safepoint: 83868 ns, At safepoint: 9267 ns, Total: 93135 ns
[2020-09-10T17:21:12.188+0000][1][safepoint    ] Safepoint "RevokeBias", Time since last: 31869 ns, Reaching safepoint: 84935 ns, At safepoint: 9637 ns, Total: 94572 ns
[2020-09-10T17:21:12.191+0000][1][safepoint    ] Safepoint "RevokeBias", Time since last: 32100 ns, Reaching safepoint: 2736755 ns, At safepoint: 17366 ns, Total: 2754121 ns
[2020-09-10T17:21:12.191+0000][1][safepoint    ] Safepoint "RevokeBias", Time since last: 53951 ns, Reaching safepoint: 84455 ns, At safepoint: 10467 ns, Total: 94922 ns
[2020-09-10T17:21:12.191+0000][1][safepoint    ] Safepoint "RevokeBias", Time since last: 34257 ns, Reaching safepoint: 83093 ns, At safepoint: 9726 ns, Total: 92819 ns
[2020-09-10T17:21:13.327+0000][1][safepoint    ] Safepoint "Cleanup", Time since last: 1126004336 ns, Reaching safepoint: 9721422 ns, At safepoint: 16935 ns, Total: 9738357 ns
[2020-09-10T17:21:13.653+0000][1][gc,start     ] GC(60) Pause Young (Allocation Failure)
[2020-09-10T17:21:13.653+0000][1][gc,task      ] GC(60) Using 1 workers of 1 for evacuation
[2020-09-10T17:21:13.813+0000][1][gc,age       ] GC(60) Desired survivor size 4358144 bytes, new threshold 2 (max threshold 6)
[2020-09-10T17:21:13.813+0000][1][gc,age       ] GC(60) Age table with threshold 2 (max threshold 6)
[2020-09-10T17:21:13.813+0000][1][gc,age       ] GC(60) - age   1:    2612040 bytes,    2612040 total
[2020-09-10T17:21:13.813+0000][1][gc,age       ] GC(60) - age   2:    1949592 bytes,    4561632 total
[2020-09-10T17:21:13.813+0000][1][gc,age       ] GC(60) - age   3:     626520 bytes,    5188152 total
[2020-09-10T17:21:13.813+0000][1][gc,age       ] GC(60) - age   4:     900904 bytes,    6089056 total
[2020-09-10T17:21:13.813+0000][1][gc,age       ] GC(60) - age   5:     301160 bytes,    6390216 total
[2020-09-10T17:21:13.813+0000][1][gc,heap      ] GC(60) ParNew: 73681K->8512K(76672K)
[2020-09-10T17:21:13.813+0000][1][gc,heap      ] GC(60) CMS: 48486K->49707K(2011968K)
[2020-09-10T17:21:13.813+0000][1][gc,metaspace ] GC(60) Metaspace: 46581K->46581K(1093632K)
[2020-09-10T17:21:13.813+0000][1][gc           ] GC(60) Pause Young (Allocation Failure) 119M->56M(2039M) 159.747ms
[2020-09-10T17:21:13.813+0000][1][gc,cpu       ] GC(60) User=0.05s Sys=0.00s Real=0.16s
[2020-09-10T17:21:13.831+0000][1][safepoint    ] Safepoint "GenCollectForAllocation", Time since last: 326037162 ns, Reaching safepoint: 124266 ns, At safepoint: 177790708 ns, Total: 177914974 ns
[2020-09-10T17:21:14.231+0000][1][safepoint    ] Safepoint "RevokeBias", Time since last: 396609049 ns, Reaching safepoint: 3427646 ns, At safepoint: 20427 ns, Total: 3448073 ns
[2020-09-10T17:21:14.231+0000][1][safepoint    ] Safepoint "RevokeBias", Time since last: 83358 ns, Reaching safepoint: 84966 ns, At safepoint: 11467 ns, Total: 96433 ns
[2020-09-10T17:21:14.231+0000][1][safepoint    ] Safepoint "RevokeBias", Time since last: 35112 ns, Reaching safepoint: 85306 ns, At safepoint: 11188 ns, Total: 96494 ns
[2020-09-10T17:21:14.231+0000][1][safepoint    ] Safepoint "RevokeBias", Time since last: 44197 ns, Reaching safepoint: 85621 ns, At safepoint: 10448 ns, Total: 96069 ns
[2020-09-10T17:21:14.231+0000][1][safepoint    ] Safepoint "RevokeBias", Time since last: 35646 ns, Reaching safepoint: 83932 ns, At safepoint: 10234 ns, Total: 94166 ns
[2020-09-10T17:21:14.231+0000][1][safepoint    ] Safepoint "RevokeBias", Time since last: 33269 ns, Reaching safepoint: 82999 ns, At safepoint: 9833 ns, Total: 92832 ns
[2020-09-10T17:21:14.232+0000][1][safepoint    ] Safepoint "RevokeBias", Time since last: 33460 ns, Reaching safepoint: 84034 ns, At safepoint: 9930 ns, Total: 93964 ns
[2020-09-10T17:21:15.176+0000][1][safepoint    ] Safepoint "RevokeBias", Time since last: 943935568 ns, Reaching safepoint: 125073 ns, At safepoint: 36989 ns, Total: 162062 ns
[2020-09-10T17:21:15.201+0000][1][safepoint    ] Safepoint "RevokeBias", Time since last: 24734997 ns, Reaching safepoint: 98638 ns, At safepoint: 40644 ns, Total: 139282 ns
[2020-09-10T17:21:15.201+0000][1][safepoint    ] Safepoint "RevokeBias", Time since last: 241309 ns, Reaching safepoint: 79349 ns, At safepoint: 22218 ns, Total: 101567 ns
[2020-09-10T17:21:15.211+0000][1][safepoint    ] Safepoint "RevokeBias", Time since last: 10004503 ns, Reaching safepoint: 102486 ns, At safepoint: 35683 ns, Total: 138169 ns
[2020-09-10T17:21:15.291+0000][1][safepoint    ] Safepoint "RevokeBias", Time since last: 79651226 ns, Reaching safepoint: 108309 ns, At safepoint: 45678 ns, Total: 153987 ns
[2020-09-10T17:21:15.451+0000][1][safepoint    ] Safepoint "RevokeBias", Time since last: 159838722 ns, Reaching safepoint: 119792 ns, At safepoint: 48489 ns, Total: 168281 ns
[2020-09-10T17:21:16.066+0000][1][safepoint    ] Safepoint "RevokeBias", Time since last: 602732770 ns, Reaching safepoint: 12434270 ns, At safepoint: 35939 ns, Total: 12470209 ns
[2020-09-10T17:21:16.066+0000][1][safepoint    ] Safepoint "RevokeBias", Time since last: 235705 ns, Reaching safepoint: 84548 ns, At safepoint: 18160 ns, Total: 102708 ns
[2020-09-10T17:21:16.067+0000][1][safepoint    ] Safepoint "RevokeBias", Time since last: 40374 ns, Reaching safepoint: 80081 ns, At safepoint: 15647 ns, Total: 95728 ns
[2020-09-10T17:21:16.291+0000][1][safepoint    ] Safepoint "RevokeBias", Time since last: 224310966 ns, Reaching safepoint: 110477 ns, At safepoint: 40198 ns, Total: 150675 ns
[2020-09-10T17:21:16.291+0000][1][safepoint    ] Safepoint "RevokeBias", Time since last: 97735 ns, Reaching safepoint: 82308 ns, At safepoint: 27559 ns, Total: 109867 ns
[2020-09-10T17:21:16.291+0000][1][safepoint    ] Safepoint "RevokeBias", Time since last: 98161 ns, Reaching safepoint: 82016 ns, At safepoint: 24225 ns, Total: 106241 ns
[2020-09-10T17:21:16.292+0000][1][safepoint    ] Safepoint "RevokeBias", Time since last: 875070 ns, Reaching safepoint: 84720 ns, At safepoint: 18854 ns, Total: 103574 ns
[2020-09-10T17:21:16.299+0000][1][safepoint    ] Safepoint "RevokeBias", Time since last: 6318037 ns, Reaching safepoint: 110288 ns, At safepoint: 37375 ns, Total: 147663 ns
[2020-09-10T17:21:16.303+0000][1][safepoint    ] Safepoint "RevokeBias", Time since last: 3855642 ns, Reaching safepoint: 113081 ns, At safepoint: 42415 ns, Total: 155496 ns
[2020-09-10T17:21:16.323+0000][1][safepoint    ] Safepoint "RevokeBias", Time since last: 19845057 ns, Reaching safepoint: 113476 ns, At safepoint: 37134 ns, Total: 150610 ns
[2020-09-10T17:21:16.323+0000][1][safepoint    ] Safepoint "RevokeBias", Time since last: 135093 ns, Reaching safepoint: 13619 ns, At safepoint: 20090 ns, Total: 33709 ns
[2020-09-10T17:21:16.323+0000][1][safepoint    ] Safepoint "RevokeBias", Time since last: 248916 ns, Reaching safepoint: 16408 ns, At safepoint: 28127 ns, Total: 44535 ns
[2020-09-10T17:21:16.323+0000][1][safepoint    ] Safepoint "RevokeBias", Time since last: 44213 ns, Reaching safepoint: 13701 ns, At safepoint: 22286 ns, Total: 35987 ns
[2020-09-10T17:21:16.359+0000][1][safepoint    ] Safepoint "RevokeBias", Time since last: 35310362 ns, Reaching safepoint: 112069 ns, At safepoint: 34135 ns, Total: 146204 ns
[2020-09-10T17:21:16.360+0000][1][safepoint    ] Safepoint "RevokeBias", Time since last: 645452 ns, Reaching safepoint: 92058 ns, At safepoint: 25054 ns, Total: 117112 ns
[2020-09-10T17:21:16.360+0000][1][safepoint    ] Safepoint "RevokeBias", Time since last: 34884 ns, Reaching safepoint: 102276 ns, At safepoint: 22586 ns, Total: 124862 ns
[2020-09-10T17:21:16.360+0000][1][safepoint    ] Safepoint "RevokeBias", Time since last: 39631 ns, Reaching safepoint: 81263 ns, At safepoint: 18840 ns, Total: 100103 ns
[2020-09-10T17:21:16.360+0000][1][safepoint    ] Safepoint "RevokeBias", Time since last: 27496 ns, Reaching safepoint: 81527 ns, At safepoint: 22729 ns, Total: 104256 ns
[2020-09-10T17:21:16.360+0000][1][safepoint    ] Safepoint "RevokeBias", Time since last: 27318 ns, Reaching safepoint: 80285 ns, At safepoint: 18566 ns, Total: 98851 ns
[2020-09-10T17:21:16.360+0000][1][safepoint    ] Safepoint "RevokeBias", Time since last: 37888 ns, Reaching safepoint: 80357 ns, At safepoint: 18854 ns, Total: 99211 ns
[2020-09-10T17:21:16.360+0000][1][safepoint    ] Safepoint "BulkRevokeBias", Time since last: 29138 ns, Reaching safepoint: 80196 ns, At safepoint: 64626 ns, Total: 144822 ns
[2020-09-10T17:21:16.361+0000][1][safepoint    ] Safepoint "RevokeBias", Time since last: 101014 ns, Reaching safepoint: 84312 ns, At safepoint: 26402 ns, Total: 110714 ns
[2020-09-10T17:21:16.363+0000][1][safepoint    ] Safepoint "RevokeBias", Time since last: 58380 ns, Reaching safepoint: 1934167 ns, At safepoint: 39149 ns, Total: 1973316 ns
[2020-09-10T17:21:16.363+0000][1][safepoint    ] Safepoint "RevokeBias", Time since last: 103533 ns, Reaching safepoint: 83894 ns, At safepoint: 21249 ns, Total: 105143 ns
[2020-09-10T17:21:16.363+0000][1][safepoint    ] Safepoint "RevokeBias", Time since last: 46365 ns, Reaching safepoint: 81015 ns, At safepoint: 20032 ns, Total: 101047 ns
[2020-09-10T17:21:16.363+0000][1][safepoint    ] Safepoint "RevokeBias", Time since last: 59976 ns, Reaching safepoint: 82816 ns, At safepoint: 19523 ns, Total: 102339 ns
[2020-09-10T17:21:16.363+0000][1][safepoint    ] Safepoint "RevokeBias", Time since last: 38841 ns, Reaching safepoint: 83388 ns, At safepoint: 20034 ns, Total: 103422 ns
[2020-09-10T17:21:16.364+0000][1][safepoint    ] Safepoint "RevokeBias", Time since last: 112020 ns, Reaching safepoint: 82621 ns, At safepoint: 25420 ns, Total: 108041 ns
[2020-09-10T17:21:16.370+0000][1][safepoint    ] Safepoint "RevokeBias", Time since last: 6602755 ns, Reaching safepoint: 41893 ns, At safepoint: 34364 ns, Total: 76257 ns
[2020-09-10T17:21:16.370+0000][1][safepoint    ] Safepoint "RevokeBias", Time since last: 126483 ns, Reaching safepoint: 14161 ns, At safepoint: 19937 ns, Total: 34098 ns
[2020-09-10T17:21:16.371+0000][1][safepoint    ] Safepoint "RevokeBias", Time since last: 227058 ns, Reaching safepoint: 85562 ns, At safepoint: 17334 ns, Total: 102896 ns
[2020-09-10T17:21:16.395+0000][1][safepoint    ] Safepoint "RevokeBias", Time since last: 14476232 ns, Reaching safepoint: 9451258 ns, At safepoint: 35335 ns, Total: 9486593 ns
[2020-09-10T17:21:16.395+0000][1][safepoint    ] Safepoint "RevokeBias", Time since last: 69349 ns, Reaching safepoint: 83852 ns, At safepoint: 23957 ns, Total: 107809 ns
[2020-09-10T17:21:16.395+0000][1][safepoint    ] Safepoint "RevokeBias", Time since last: 29992 ns, Reaching safepoint: 81779 ns, At safepoint: 19479 ns, Total: 101258 ns
[2020-09-10T17:21:16.395+0000][1][safepoint    ] Safepoint "RevokeBias", Time since last: 227689 ns, Reaching safepoint: 85154 ns, At safepoint: 19314 ns, Total: 104468 ns
[2020-09-10T17:21:16.396+0000][1][safepoint    ] Safepoint "RevokeBias", Time since last: 144942 ns, Reaching safepoint: 83723 ns, At safepoint: 22149 ns, Total: 105872 ns
[2020-09-10T17:21:16.396+0000][1][safepoint    ] Safepoint "RevokeBias", Time since last: 379855 ns, Reaching safepoint: 84434 ns, At safepoint: 24201 ns, Total: 108635 ns
[2020-09-10T17:21:16.399+0000][1][safepoint    ] Safepoint "BulkRevokeBias", Time since last: 2559161 ns, Reaching safepoint: 100007 ns, At safepoint: 70912 ns, Total: 170919 ns
[2020-09-10T17:21:16.399+0000][1][safepoint    ] Safepoint "RevokeBias", Time since last: 350138 ns, Reaching safepoint: 87775 ns, At safepoint: 25257 ns, Total: 113032 ns
[2020-09-10T17:21:16.403+0000][1][safepoint    ] Safepoint "RevokeBias", Time since last: 3459807 ns, Reaching safepoint: 93337 ns, At safepoint: 31125 ns, Total: 124462 ns
[2020-09-10T17:21:16.403+0000][1][safepoint    ] Safepoint "BulkRevokeBias", Time since last: 319082 ns, Reaching safepoint: 84625 ns, At safepoint: 61479 ns, Total: 146104 ns
[2020-09-10T17:21:16.441+0000][1][safepoint    ] Safepoint "RevokeBias", Time since last: 35370947 ns, Reaching safepoint: 2116037 ns, At safepoint: 41638 ns, Total: 2157675 ns
[2020-09-10T17:21:16.447+0000][1][safepoint    ] Safepoint "RevokeBias", Time since last: 6464469 ns, Reaching safepoint: 113091 ns, At safepoint: 37176 ns, Total: 150267 ns
[2020-09-10T17:21:16.448+0000][1][safepoint    ] Safepoint "RevokeBias", Time since last: 64203 ns, Reaching safepoint: 84853 ns, At safepoint: 23526 ns, Total: 108379 ns
[2020-09-10T17:21:16.457+0000][1][safepoint    ] Safepoint "RevokeBias", Time since last: 8719022 ns, Reaching safepoint: 109006 ns, At safepoint: 14777 ns, Total: 123783 ns
[2020-09-10T17:21:16.919+0000][1][safepoint    ] Safepoint "RevokeBias", Time since last: 462182651 ns, Reaching safepoint: 131324 ns, At safepoint: 15649 ns, Total: 146973 ns
[2020-09-10T17:21:16.919+0000][1][safepoint    ] Safepoint "RevokeBias", Time since last: 305886 ns, Reaching safepoint: 84900 ns, At safepoint: 59777 ns, Total: 144677 ns
[2020-09-10T17:21:16.920+0000][1][safepoint    ] Safepoint "RevokeBias", Time since last: 560140 ns, Reaching safepoint: 86018 ns, At safepoint: 8835 ns, Total: 94853 ns
[2020-09-10T17:21:16.999+0000][1][gc,start     ] GC(61) Pause Young (Allocation Failure)
[2020-09-10T17:21:16.999+0000][1][gc,task      ] GC(61) Using 1 workers of 1 for evacuation
[2020-09-10T17:21:17.276+0000][1][gc,age       ] GC(61) Desired survivor size 4358144 bytes, new threshold 2 (max threshold 6)
[2020-09-10T17:21:17.276+0000][1][gc,age       ] GC(61) Age table with threshold 2 (max threshold 6)
[2020-09-10T17:21:17.276+0000][1][gc,age       ] GC(61) - age   1:    2848816 bytes,    2848816 total
[2020-09-10T17:21:17.276+0000][1][gc,age       ] GC(61) - age   2:    2381128 bytes,    5229944 total
[2020-09-10T17:21:17.276+0000][1][gc,heap      ] GC(61) ParNew: 76672K->5785K(76672K)
[2020-09-10T17:21:17.276+0000][1][gc,heap      ] GC(61) CMS: 49707K->53466K(2011968K)
[2020-09-10T17:21:17.276+0000][1][gc,metaspace ] GC(61) Metaspace: 51505K->51505K(1097728K)
[2020-09-10T17:21:17.276+0000][1][gc           ] GC(61) Pause Young (Allocation Failure) 123M->57M(2039M) 276.853ms
[2020-09-10T17:21:17.276+0000][1][gc,cpu       ] GC(61) User=0.10s Sys=0.00s Real=0.27s
[2020-09-10T17:21:17.283+0000][1][safepoint    ] Safepoint "GenCollectForAllocation", Time since last: 79168546 ns, Reaching safepoint: 108319 ns, At safepoint: 283471078 ns, Total: 283579397 ns
[2020-09-10T17:21:17.435+0000][1][safepoint    ] Safepoint "RevokeBias", Time since last: 151991219 ns, Reaching safepoint: 118079 ns, At safepoint: 45249 ns, Total: 163328 ns
[2020-09-10T17:21:19.123+0000][1][safepoint    ] Safepoint "Cleanup", Time since last: 1675820712 ns, Reaching safepoint: 12191080 ns, At safepoint: 13131 ns, Total: 12204211 ns
[2020-09-10T17:21:20.119+0000][1][gc,start     ] GC(62) Pause Young (Allocation Failure)
[2020-09-10T17:21:20.119+0000][1][gc,task      ] GC(62) Using 1 workers of 1 for evacuation
[2020-09-10T17:21:20.183+0000][1][gc,age       ] GC(62) Desired survivor size 4358144 bytes, new threshold 6 (max threshold 6)
[2020-09-10T17:21:20.183+0000][1][gc,age       ] GC(62) Age table with threshold 6 (max threshold 6)
[2020-09-10T17:21:20.183+0000][1][gc,age       ] GC(62) - age   1:    1042960 bytes,    1042960 total
[2020-09-10T17:21:20.183+0000][1][gc,age       ] GC(62) - age   2:    2806424 bytes,    3849384 total
[2020-09-10T17:21:20.183+0000][1][gc,heap      ] GC(62) ParNew: 73945K->5276K(76672K)
[2020-09-10T17:21:20.183+0000][1][gc,heap      ] GC(62) CMS: 53466K->55885K(2011968K)
[2020-09-10T17:21:20.183+0000][1][gc,metaspace ] GC(62) Metaspace: 57161K->57161K(1101824K)
[2020-09-10T17:21:20.183+0000][1][gc           ] GC(62) Pause Young (Allocation Failure) 124M->59M(2039M) 64.297ms
[2020-09-10T17:21:20.183+0000][1][gc,cpu       ] GC(62) User=0.03s Sys=0.00s Real=0.06s
[2020-09-10T17:21:20.183+0000][1][safepoint    ] Safepoint "GenCollectForAllocation", Time since last: 991800631 ns, Reaching safepoint: 4021331 ns, At safepoint: 64386558 ns, Total: 68407889 ns
[2020-09-10T17:21:21.208+0000][1][safepoint    ] Safepoint "Cleanup", Time since last: 1023597002 ns, Reaching safepoint: 1310032 ns, At safepoint: 12055 ns, Total: 1322087 ns
[2020-09-10T17:21:21.611+0000][1][safepoint    ] Safepoint "RevokeBias", Time since last: 402686470 ns, Reaching safepoint: 147569 ns, At safepoint: 38140 ns, Total: 185709 ns
[2020-09-10T17:21:21.611+0000][1][safepoint    ] Safepoint "RevokeBias", Time since last: 120806 ns, Reaching safepoint: 81523 ns, At safepoint: 20395 ns, Total: 101918 ns
[2020-09-10T17:21:21.611+0000][1][safepoint    ] Safepoint "RevokeBias", Time since last: 118823 ns, Reaching safepoint: 81714 ns, At safepoint: 22163 ns, Total: 103877 ns
[2020-09-10T17:21:21.633+0000][1][safepoint    ] Safepoint "RevokeBias", Time since last: 21451951 ns, Reaching safepoint: 100768 ns, At safepoint: 33899 ns, Total: 134667 ns
[2020-09-10T17:21:22.279+0000][1][safepoint    ] Safepoint "RevokeBias", Time since last: 645768179 ns, Reaching safepoint: 121337 ns, At safepoint: 14963 ns, Total: 136300 ns
[2020-09-10T17:21:22.603+0000][1][safepoint    ] Safepoint "Deoptimize", Time since last: 323865098 ns, Reaching safepoint: 115976 ns, At safepoint: 321279 ns, Total: 437255 ns
[2020-09-10T17:21:23.204+0000][1][safepoint    ] Safepoint "RevokeBias", Time since last: 600851878 ns, Reaching safepoint: 116596 ns, At safepoint: 14157 ns, Total: 130753 ns
[2020-09-10T17:21:23.204+0000][1][safepoint    ] Safepoint "RevokeBias", Time since last: 79800 ns, Reaching safepoint: 84426 ns, At safepoint: 9235 ns, Total: 93661 ns
[2020-09-10T17:21:23.211+0000][1][safepoint    ] Safepoint "RevokeBias", Time since last: 109390 ns, Reaching safepoint: 6342712 ns, At safepoint: 23321 ns, Total: 6366033 ns
[2020-09-10T17:21:23.555+0000][1][gc,start     ] GC(63) Pause Young (Allocation Failure)
[2020-09-10T17:21:23.555+0000][1][gc,task      ] GC(63) Using 1 workers of 1 for evacuation
[2020-09-10T17:21:23.657+0000][1][gc,age       ] GC(63) Desired survivor size 4358144 bytes, new threshold 2 (max threshold 6)
[2020-09-10T17:21:23.657+0000][1][gc,age       ] GC(63) Age table with threshold 2 (max threshold 6)
[2020-09-10T17:21:23.657+0000][1][gc,age       ] GC(63) - age   1:    3403384 bytes,    3403384 total
[2020-09-10T17:21:23.657+0000][1][gc,age       ] GC(63) - age   2:     984648 bytes,    4388032 total
[2020-09-10T17:21:23.658+0000][1][gc,age       ] GC(63) - age   3:    2789472 bytes,    7177504 total
[2020-09-10T17:21:23.658+0000][1][gc,heap      ] GC(63) ParNew: 73436K->8277K(76672K)
[2020-09-10T17:21:23.658+0000][1][gc,heap      ] GC(63) CMS: 55885K->55885K(2011968K)
[2020-09-10T17:21:23.658+0000][1][gc,metaspace ] GC(63) Metaspace: 64160K->64160K(1107968K)
[2020-09-10T17:21:23.658+0000][1][gc           ] GC(63) Pause Young (Allocation Failure) 126M->62M(2039M) 102.846ms
[2020-09-10T17:21:23.658+0000][1][gc,cpu       ] GC(63) User=0.04s Sys=0.00s Real=0.10s
[2020-09-10T17:21:23.662+0000][1][safepoint    ] Safepoint "GenCollectForAllocation", Time since last: 343065351 ns, Reaching safepoint: 905523 ns, At safepoint: 106815882 ns, Total: 107721405 ns
[2020-09-10T17:21:24.675+0000][1][safepoint    ] Safepoint "Cleanup", Time since last: 1012298184 ns, Reaching safepoint: 882115 ns, At safepoint: 9699 ns, Total: 891814 ns
[2020-09-10T17:21:24.727+0000][1][safepoint    ] Safepoint "RevokeBias", Time since last: 51972822 ns, Reaching safepoint: 118802 ns, At safepoint: 18150 ns, Total: 136952 ns
[2020-09-10T17:21:25.210+0000][1][safepoint    ] Safepoint "RevokeBias", Time since last: 482910240 ns, Reaching safepoint: 675927 ns, At safepoint: 16939 ns, Total: 692866 ns
[2020-09-10T17:21:25.527+0000][1][safepoint    ] Safepoint "RevokeBias", Time since last: 305904613 ns, Reaching safepoint: 10354580 ns, At safepoint: 51027 ns, Total: 10405607 ns
[2020-09-10T17:21:25.527+0000][1][safepoint    ] Safepoint "RevokeBias", Time since last: 212295 ns, Reaching safepoint: 85127 ns, At safepoint: 21683 ns, Total: 106810 ns
[2020-09-10T17:21:25.527+0000][1][safepoint    ] Safepoint "RevokeBias", Time since last: 40140 ns, Reaching safepoint: 83032 ns, At safepoint: 19356 ns, Total: 102388 ns
[2020-09-10T17:21:25.527+0000][1][safepoint    ] Safepoint "RevokeBias", Time since last: 177243 ns, Reaching safepoint: 84717 ns, At safepoint: 31111 ns, Total: 115828 ns
[2020-09-10T17:21:25.883+0000][1][safepoint    ] Safepoint "Deoptimize", Time since last: 355168828 ns, Reaching safepoint: 114566 ns, At safepoint: 324246 ns, Total: 438812 ns
[2020-09-10T17:21:25.947+0000][1][safepoint    ] Safepoint "Deoptimize", Time since last: 59566144 ns, Reaching safepoint: 4024711 ns, At safepoint: 374581 ns, Total: 4399292 ns
[2020-09-10T17:21:26.135+0000][1][safepoint    ] Safepoint "CollectForMetadataAllocation", Time since last: 183601184 ns, Reaching safepoint: 4062460 ns, At safepoint: 142568 ns, Total: 4205028 ns
[2020-09-10T17:21:26.203+0000][1][safepoint    ] Safepoint "RevokeBias", Time since last: 68079095 ns, Reaching safepoint: 108624 ns, At safepoint: 22067 ns, Total: 130691 ns
[2020-09-10T17:21:26.206+0000][1][safepoint    ] Safepoint "RevokeBias", Time since last: 2722728 ns, Reaching safepoint: 88188 ns, At safepoint: 20760 ns, Total: 108948 ns
[2020-09-10T17:21:26.207+0000][1][safepoint    ] Safepoint "RevokeBias", Time since last: 793049 ns, Reaching safepoint: 82827 ns, At safepoint: 19289 ns, Total: 102116 ns
[2020-09-10T17:21:26.215+0000][1][safepoint    ] Safepoint "RevokeBias", Time since last: 7849265 ns, Reaching safepoint: 100822 ns, At safepoint: 24311 ns, Total: 125133 ns
[2020-09-10T17:21:26.215+0000][1][safepoint    ] Safepoint "RevokeBias", Time since last: 62880 ns, Reaching safepoint: 83005 ns, At safepoint: 16643 ns, Total: 99648 ns
[2020-09-10T17:21:26.215+0000][1][safepoint    ] Safepoint "RevokeBias", Time since last: 84491 ns, Reaching safepoint: 83284 ns, At safepoint: 15693 ns, Total: 98977 ns
[2020-09-10T17:21:26.217+0000][1][safepoint    ] Safepoint "RevokeBias", Time since last: 1734815 ns, Reaching safepoint: 81189 ns, At safepoint: 19085 ns, Total: 100274 ns
[2020-09-10T17:21:26.217+0000][1][safepoint    ] Safepoint "RevokeBias", Time since last: 231212 ns, Reaching safepoint: 82831 ns, At safepoint: 17452 ns, Total: 100283 ns
[2020-09-10T17:21:26.217+0000][1][safepoint    ] Safepoint "RevokeBias", Time since last: 38320 ns, Reaching safepoint: 82862 ns, At safepoint: 16539 ns, Total: 99401 ns
[2020-09-10T17:21:26.223+0000][1][safepoint    ] Safepoint "RevokeBias", Time since last: 5229224 ns, Reaching safepoint: 95623 ns, At safepoint: 24575 ns, Total: 120198 ns
[2020-09-10T17:21:26.223+0000][1][safepoint    ] Safepoint "RevokeBias", Time since last: 136284 ns, Reaching safepoint: 84086 ns, At safepoint: 19195 ns, Total: 103281 ns
[2020-09-10T17:21:26.239+0000][1][safepoint    ] Safepoint "RevokeBias", Time since last: 15637149 ns, Reaching safepoint: 104464 ns, At safepoint: 24251 ns, Total: 128715 ns
[2020-09-10T17:21:26.239+0000][1][safepoint    ] Safepoint "RevokeBias", Time since last: 119733 ns, Reaching safepoint: 11886 ns, At safepoint: 15846 ns, Total: 27732 ns
[2020-09-10T17:21:26.243+0000][1][safepoint    ] Safepoint "RevokeBias", Time since last: 3724877 ns, Reaching safepoint: 96116 ns, At safepoint: 332588 ns, Total: 428704 ns
[2020-09-10T17:21:26.258+0000][1][safepoint    ] Safepoint "RevokeBias", Time since last: 9980174 ns, Reaching safepoint: 4585818 ns, At safepoint: 38624 ns, Total: 4624442 ns
[2020-09-10T17:21:26.285+0000][1][safepoint    ] Safepoint "CollectForMetadataAllocation", Time since last: 27091170 ns, Reaching safepoint: 27563 ns, At safepoint: 131759 ns, Total: 159322 ns
[2020-09-10T17:21:26.556+0000][1][safepoint    ] Safepoint "RevokeBias", Time since last: 269716955 ns, Reaching safepoint: 1781982 ns, At safepoint: 40353 ns, Total: 1822335 ns
[2020-09-10T17:21:26.559+0000][1][safepoint    ] Safepoint "RevokeBias", Time since last: 86245 ns, Reaching safepoint: 2097400 ns, At safepoint: 27610 ns, Total: 2125010 ns
[2020-09-10T17:21:26.559+0000][1][safepoint    ] Safepoint "RevokeBias", Time since last: 44718 ns, Reaching safepoint: 345804 ns, At safepoint: 23880 ns, Total: 369684 ns
[2020-09-10T17:21:26.559+0000][1][safepoint    ] Safepoint "RevokeBias", Time since last: 40755 ns, Reaching safepoint: 85330 ns, At safepoint: 21451 ns, Total: 106781 ns
[2020-09-10T17:21:26.563+0000][1][safepoint    ] Safepoint "RevokeBias", Time since last: 38775 ns, Reaching safepoint: 3372520 ns, At safepoint: 23758 ns, Total: 3396278 ns
[2020-09-10T17:21:26.563+0000][1][safepoint    ] Safepoint "RevokeBias", Time since last: 62119 ns, Reaching safepoint: 86778 ns, At safepoint: 29653 ns, Total: 116431 ns
[2020-09-10T17:21:26.563+0000][1][safepoint    ] Safepoint "RevokeBias", Time since last: 40075 ns, Reaching safepoint: 95349 ns, At safepoint: 39936 ns, Total: 135285 ns
[2020-09-10T17:21:26.563+0000][1][safepoint    ] Safepoint "RevokeBias", Time since last: 40666 ns, Reaching safepoint: 86009 ns, At safepoint: 28887 ns, Total: 114896 ns
[2020-09-10T17:21:26.615+0000][1][safepoint    ] Safepoint "CollectForMetadataAllocation", Time since last: 48342979 ns, Reaching safepoint: 3151880 ns, At safepoint: 131266 ns, Total: 3283146 ns
[2020-09-10T17:21:26.913+0000][1][safepoint    ] Safepoint "CollectForMetadataAllocation", Time since last: 297772340 ns, Reaching safepoint: 129522 ns, At safepoint: 110954 ns, Total: 240476 ns
[2020-09-10T17:21:27.035+0000][1][safepoint    ] Safepoint "CollectForMetadataAllocation", Time since last: 113839957 ns, Reaching safepoint: 8023985 ns, At safepoint: 154865 ns, Total: 8178850 ns
[2020-09-10T17:21:27.135+0000][1][safepoint    ] Safepoint "CollectForMetadataAllocation", Time since last: 99826414 ns, Reaching safepoint: 112782 ns, At safepoint: 132996 ns, Total: 245778 ns
[2020-09-10T17:21:27.452+0000][1][safepoint    ] Safepoint "CollectForMetadataAllocation", Time since last: 317043368 ns, Reaching safepoint: 132870 ns, At safepoint: 124688 ns, Total: 257558 ns
[2020-09-10T17:21:27.602+0000][1][safepoint    ] Safepoint "RevokeBias", Time since last: 149247067 ns, Reaching safepoint: 109751 ns, At safepoint: 18154 ns, Total: 127905 ns
[2020-09-10T17:21:27.602+0000][1][safepoint    ] Safepoint "RevokeBias", Time since last: 517785 ns, Reaching safepoint: 89227 ns, At safepoint: 13082 ns, Total: 102309 ns
[2020-09-10T17:21:27.611+0000][1][safepoint    ] Safepoint "RevokeBias", Time since last: 8488015 ns, Reaching safepoint: 99899 ns, At safepoint: 14449 ns, Total: 114348 ns
[2020-09-10T17:21:27.621+0000][1][safepoint    ] Safepoint "CollectForMetadataAllocation", Time since last: 1853064 ns, Reaching safepoint: 8049617 ns, At safepoint: 112361 ns, Total: 8161978 ns
[2020-09-10T17:21:27.638+0000][1][safepoint    ] Safepoint "RevokeBias", Time since last: 4052824 ns, Reaching safepoint: 13137615 ns, At safepoint: 30194 ns, Total: 13167809 ns
[2020-09-10T17:21:27.638+0000][1][safepoint    ] Safepoint "RevokeBias", Time since last: 204422 ns, Reaching safepoint: 90674 ns, At safepoint: 42862 ns, Total: 133536 ns
[2020-09-10T17:21:27.639+0000][1][safepoint    ] Safepoint "RevokeBias", Time since last: 202109 ns, Reaching safepoint: 127889 ns, At safepoint: 22093 ns, Total: 149982 ns
[2020-09-10T17:21:27.639+0000][1][safepoint    ] Safepoint "RevokeBias", Time since last: 181516 ns, Reaching safepoint: 99429 ns, At safepoint: 26148 ns, Total: 125577 ns
[2020-09-10T17:21:27.639+0000][1][safepoint    ] Safepoint "RevokeBias", Time since last: 49746 ns, Reaching safepoint: 87483 ns, At safepoint: 21232 ns, Total: 108715 ns
[2020-09-10T17:21:27.639+0000][1][safepoint    ] Safepoint "RevokeBias", Time since last: 64084 ns, Reaching safepoint: 86978 ns, At safepoint: 19632 ns, Total: 106610 ns
[2020-09-10T17:21:27.643+0000][1][safepoint    ] Safepoint "BulkRevokeBias", Time since last: 3319138 ns, Reaching safepoint: 88695 ns, At safepoint: 89647 ns, Total: 178342 ns
[2020-09-10T17:21:27.645+0000][1][safepoint    ] Safepoint "RevokeBias", Time since last: 1622504 ns, Reaching safepoint: 97378 ns, At safepoint: 18926 ns, Total: 116304 ns
[2020-09-10T17:21:27.651+0000][1][safepoint    ] Safepoint "RevokeBias", Time since last: 6337676 ns, Reaching safepoint: 111729 ns, At safepoint: 32824 ns, Total: 144553 ns
[2020-09-10T17:21:27.667+0000][1][safepoint    ] Safepoint "RevokeBias", Time since last: 4421078 ns, Reaching safepoint: 11259121 ns, At safepoint: 26992 ns, Total: 11286113 ns
[2020-09-10T17:21:27.669+0000][1][safepoint    ] Safepoint "RevokeBias", Time since last: 1836273 ns, Reaching safepoint: 96503 ns, At safepoint: 20518 ns, Total: 117021 ns
[2020-09-10T17:21:27.673+0000][1][safepoint    ] Safepoint "RevokeBias", Time since last: 4056825 ns, Reaching safepoint: 51242 ns, At safepoint: 16282 ns, Total: 67524 ns
[2020-09-10T17:21:27.673+0000][1][safepoint    ] Safepoint "RevokeBias", Time since last: 449987 ns, Reaching safepoint: 86168 ns, At safepoint: 24406 ns, Total: 110574 ns
[2020-09-10T17:21:27.674+0000][1][safepoint    ] Safepoint "RevokeBias", Time since last: 103675 ns, Reaching safepoint: 83874 ns, At safepoint: 21258 ns, Total: 105132 ns
[2020-09-10T17:21:27.674+0000][1][safepoint    ] Safepoint "RevokeBias", Time since last: 329131 ns, Reaching safepoint: 87626 ns, At safepoint: 30788 ns, Total: 118414 ns
[2020-09-10T17:21:27.674+0000][1][safepoint    ] Safepoint "RevokeBias", Time since last: 48318 ns, Reaching safepoint: 85940 ns, At safepoint: 10924 ns, Total: 96864 ns
[2020-09-10T17:21:27.675+0000][1][safepoint    ] Safepoint "RevokeBias", Time since last: 286742 ns, Reaching safepoint: 95734 ns, At safepoint: 11508 ns, Total: 107242 ns
[2020-09-10T17:21:27.675+0000][1][safepoint    ] Safepoint "RevokeBias", Time since last: 36744 ns, Reaching safepoint: 84007 ns, At safepoint: 10914 ns, Total: 94921 ns
[2020-09-10T17:21:27.679+0000][1][gc,start     ] GC(64) Pause Initial Mark
[2020-09-10T17:21:27.789+0000][1][gc           ] GC(64) Pause Initial Mark 125M->125M(2039M) 110.345ms
[2020-09-10T17:21:27.789+0000][1][gc,cpu       ] GC(64) User=0.05s Sys=0.00s Real=0.11s
[2020-09-10T17:21:27.789+0000][1][safepoint    ] Safepoint "RevokeBias", Time since last: 3940522 ns, Reaching safepoint: 89036 ns, At safepoint: 110454994 ns, Total: 110544030 ns
[2020-09-10T17:21:27.789+0000][1][gc           ] GC(64) Concurrent Mark
[2020-09-10T17:21:27.805+0000][1][safepoint    ] Safepoint "RevokeBias", Time since last: 9522544 ns, Reaching safepoint: 6122638 ns, At safepoint: 18307 ns, Total: 6140945 ns
[2020-09-10T17:21:27.805+0000][1][safepoint    ] Safepoint "RevokeBias", Time since last: 94987 ns, Reaching safepoint: 16792 ns, At safepoint: 9996 ns, Total: 26788 ns
[2020-09-10T17:21:27.809+0000][1][safepoint    ] Safepoint "RevokeBias", Time since last: 3931475 ns, Reaching safepoint: 114561 ns, At safepoint: 31717 ns, Total: 146278 ns
[2020-09-10T17:21:27.820+0000][1][safepoint    ] Safepoint "RevokeBias", Time since last: 10407109 ns, Reaching safepoint: 146294 ns, At safepoint: 24985 ns, Total: 171279 ns
[2020-09-10T17:21:27.823+0000][1][safepoint    ] Safepoint "RevokeBias", Time since last: 3301911 ns, Reaching safepoint: 103916 ns, At safepoint: 24213 ns, Total: 128129 ns
[2020-09-10T17:21:27.826+0000][1][safepoint    ] Safepoint "RevokeBias", Time since last: 174174 ns, Reaching safepoint: 2362328 ns, At safepoint: 27876 ns, Total: 2390204 ns
[2020-09-10T17:21:27.838+0000][1][safepoint    ] Safepoint "RevokeBias", Time since last: 12576919 ns, Reaching safepoint: 118767 ns, At safepoint: 19866 ns, Total: 138633 ns
[2020-09-10T17:21:27.843+0000][1][safepoint    ] Safepoint "RevokeBias", Time since last: 4296912 ns, Reaching safepoint: 118321 ns, At safepoint: 35324 ns, Total: 153645 ns
[2020-09-10T17:21:27.843+0000][1][safepoint    ] Safepoint "RevokeBias", Time since last: 65697 ns, Reaching safepoint: 86094 ns, At safepoint: 12651 ns, Total: 98745 ns
[2020-09-10T17:21:27.843+0000][1][safepoint    ] Safepoint "RevokeBias", Time since last: 41215 ns, Reaching safepoint: 88746 ns, At safepoint: 11418 ns, Total: 100164 ns
[2020-09-10T17:21:27.868+0000][1][safepoint    ] Safepoint "RevokeBias", Time since last: 19782259 ns, Reaching safepoint: 4432450 ns, At safepoint: 278085 ns, Total: 4710535 ns
[2020-09-10T17:21:27.880+0000][1][safepoint    ] Safepoint "RevokeBias", Time since last: 6506917 ns, Reaching safepoint: 5597971 ns, At safepoint: 20398 ns, Total: 5618369 ns
[2020-09-10T17:21:27.880+0000][1][safepoint    ] Safepoint "RevokeBias", Time since last: 143291 ns, Reaching safepoint: 93121 ns, At safepoint: 30652 ns, Total: 123773 ns
[2020-09-10T17:21:27.887+0000][1][safepoint    ] Safepoint "RevokeBias", Time since last: 6914717 ns, Reaching safepoint: 106928 ns, At safepoint: 38101 ns, Total: 145029 ns
[2020-09-10T17:21:27.913+0000][1][safepoint    ] Safepoint "RevokeBias", Time since last: 25850250 ns, Reaching safepoint: 66735 ns, At safepoint: 17363 ns, Total: 84098 ns
[2020-09-10T17:21:27.913+0000][1][safepoint    ] Safepoint "RevokeBias", Time since last: 315834 ns, Reaching safepoint: 18574 ns, At safepoint: 11432 ns, Total: 30006 ns
[2020-09-10T17:21:27.913+0000][1][safepoint    ] Safepoint "RevokeBias", Time since last: 38011 ns, Reaching safepoint: 16380 ns, At safepoint: 8722 ns, Total: 25102 ns
[2020-09-10T17:21:27.939+0000][1][safepoint    ] Safepoint "RevokeBias", Time since last: 19297129 ns, Reaching safepoint: 5937842 ns, At safepoint: 27199 ns, Total: 5965041 ns
[2020-09-10T17:21:27.940+0000][1][safepoint    ] Safepoint "RevokeBias", Time since last: 905550 ns, Reaching safepoint: 87759 ns, At safepoint: 17971 ns, Total: 105730 ns
[2020-09-10T17:21:27.940+0000][1][safepoint    ] Safepoint "RevokeBias", Time since last: 75890 ns, Reaching safepoint: 14162 ns, At safepoint: 8310 ns, Total: 22472 ns
[2020-09-10T17:21:27.940+0000][1][safepoint    ] Safepoint "RevokeBias", Time since last: 28171 ns, Reaching safepoint: 12009 ns, At safepoint: 7842 ns, Total: 19851 ns
[2020-09-10T17:21:27.948+0000][1][safepoint    ] Safepoint "BulkRevokeBias", Time since last: 7454804 ns, Reaching safepoint: 113119 ns, At safepoint: 125821 ns, Total: 238940 ns
[2020-09-10T17:21:27.975+0000][1][safepoint    ] Safepoint "CollectForMetadataAllocation", Time since last: 27601103 ns, Reaching safepoint: 49374 ns, At safepoint: 120659 ns, Total: 170033 ns
[2020-09-10T17:21:28.047+0000][1][safepoint    ] Safepoint "RevokeBias", Time since last: 59323988 ns, Reaching safepoint: 12034027 ns, At safepoint: 20690 ns, Total: 12054717 ns
[2020-09-10T17:21:28.116+0000][1][safepoint    ] Safepoint "RevokeBias", Time since last: 55284783 ns, Reaching safepoint: 14225009 ns, At safepoint: 18946 ns, Total: 14243955 ns
[2020-09-10T17:21:28.127+0000][1][safepoint    ] Safepoint "RevokeBias", Time since last: 10446495 ns, Reaching safepoint: 116831 ns, At safepoint: 16132 ns, Total: 132963 ns
[2020-09-10T17:21:28.155+0000][1][safepoint    ] Safepoint "RevokeBias", Time since last: 20459620 ns, Reaching safepoint: 7390325 ns, At safepoint: 20703 ns, Total: 7411028 ns
[2020-09-10T17:21:28.155+0000][1][safepoint    ] Safepoint "RevokeBias", Time since last: 76388 ns, Reaching safepoint: 88699 ns, At safepoint: 12326 ns, Total: 101025 ns
[2020-09-10T17:21:28.171+0000][1][safepoint    ] Safepoint "CollectForMetadataAllocation", Time since last: 15801026 ns, Reaching safepoint: 119635 ns, At safepoint: 127614 ns, Total: 247249 ns
[2020-09-10T17:21:28.217+0000][1][gc,start     ] GC(65) Pause Young (Allocation Failure)
[2020-09-10T17:21:28.217+0000][1][gc,task      ] GC(65) Using 1 workers of 1 for evacuation
[2020-09-10T17:21:28.354+0000][1][gc,age       ] GC(65) Desired survivor size 4358144 bytes, new threshold 2 (max threshold 6)
[2020-09-10T17:21:28.354+0000][1][gc,age       ] GC(65) Age table with threshold 2 (max threshold 6)
[2020-09-10T17:21:28.354+0000][1][gc,age       ] GC(65) - age   1:    2670288 bytes,    2670288 total
[2020-09-10T17:21:28.354+0000][1][gc,age       ] GC(65) - age   2:    3015336 bytes,    5685624 total
[2020-09-10T17:21:28.354+0000][1][gc,heap      ] GC(65) ParNew: 76437K->6291K(76672K)
[2020-09-10T17:21:28.354+0000][1][gc,heap      ] GC(65) CMS: 55885K->59634K(2011968K)
[2020-09-10T17:21:28.354+0000][1][gc,metaspace ] GC(65) Metaspace: 71810K->71810K(1116160K)
[2020-09-10T17:21:28.354+0000][1][gc           ] GC(65) Pause Young (Allocation Failure) 129M->64M(2039M) 137.011ms
[2020-09-10T17:21:28.354+0000][1][gc,cpu       ] GC(65) User=0.04s Sys=0.00s Real=0.14s
[2020-09-10T17:21:28.399+0000][1][safepoint    ] Safepoint "GenCollectForAllocation", Time since last: 37882918 ns, Reaching safepoint: 8113588 ns, At safepoint: 181760559 ns, Total: 189874147 ns
[2020-09-10T17:21:28.419+0000][1][safepoint    ] Safepoint "RevokeBias", Time since last: 12045259 ns, Reaching safepoint: 7740399 ns, At safepoint: 56763 ns, Total: 7797162 ns
[2020-09-10T17:21:28.459+0000][1][safepoint    ] Safepoint "RevokeBias", Time since last: 40126169 ns, Reaching safepoint: 132372 ns, At safepoint: 17069 ns, Total: 149441 ns
[2020-09-10T17:21:28.459+0000][1][safepoint    ] Safepoint "RevokeBias", Time since last: 87544 ns, Reaching safepoint: 87124 ns, At safepoint: 11185 ns, Total: 98309 ns
[2020-09-10T17:21:28.459+0000][1][safepoint    ] Safepoint "RevokeBias", Time since last: 27243 ns, Reaching safepoint: 15153 ns, At safepoint: 8053 ns, Total: 23206 ns
[2020-09-10T17:21:28.459+0000][1][safepoint    ] Safepoint "RevokeBias", Time since last: 24160 ns, Reaching safepoint: 14958 ns, At safepoint: 8013 ns, Total: 22971 ns
[2020-09-10T17:21:28.459+0000][1][safepoint    ] Safepoint "RevokeBias", Time since last: 22192 ns, Reaching safepoint: 14792 ns, At safepoint: 7879 ns, Total: 22671 ns
[2020-09-10T17:21:28.459+0000][1][safepoint    ] Safepoint "RevokeBias", Time since last: 213735 ns, Reaching safepoint: 17199 ns, At safepoint: 8821 ns, Total: 26020 ns
[2020-09-10T17:21:28.459+0000][1][safepoint    ] Safepoint "RevokeBias", Time since last: 26071 ns, Reaching safepoint: 15092 ns, At safepoint: 7987 ns, Total: 23079 ns
[2020-09-10T17:21:28.459+0000][1][safepoint    ] Safepoint "RevokeBias", Time since last: 22513 ns, Reaching safepoint: 14973 ns, At safepoint: 7977 ns, Total: 22950 ns
[2020-09-10T17:21:28.467+0000][1][safepoint    ] Safepoint "RevokeBias", Time since last: 7178178 ns, Reaching safepoint: 261350 ns, At safepoint: 18037 ns, Total: 279387 ns
[2020-09-10T17:21:28.491+0000][1][safepoint    ] Safepoint "CollectForMetadataAllocation", Time since last: 14524319 ns, Reaching safepoint: 9394074 ns, At safepoint: 83973 ns, Total: 9478047 ns
[2020-09-10T17:21:28.545+0000][1][gc           ] GC(64) Concurrent Mark 755.908ms
[2020-09-10T17:21:28.545+0000][1][gc,cpu       ] GC(64) User=0.26s Sys=0.01s Real=0.75s
[2020-09-10T17:21:28.546+0000][1][safepoint    ] Safepoint "CollectForMetadataAllocation", Time since last: 41215648 ns, Reaching safepoint: 13270510 ns, At safepoint: 121333 ns, Total: 13391843 ns
[2020-09-10T17:21:28.575+0000][1][gc           ] GC(64) Concurrent Preclean
[2020-09-10T17:21:28.587+0000][1][safepoint    ] Safepoint "RevokeBias", Time since last: 38153270 ns, Reaching safepoint: 3044597 ns, At safepoint: 22937 ns, Total: 3067534 ns
[2020-09-10T17:21:28.591+0000][1][safepoint    ] Safepoint "RevokeBias", Time since last: 4527019 ns, Reaching safepoint: 22342 ns, At safepoint: 11129 ns, Total: 33471 ns
[2020-09-10T17:21:28.591+0000][1][safepoint    ] Safepoint "RevokeBias", Time since last: 34809 ns, Reaching safepoint: 18137 ns, At safepoint: 8293 ns, Total: 26430 ns
[2020-09-10T17:21:28.591+0000][1][safepoint    ] Safepoint "RevokeBias", Time since last: 43486 ns, Reaching safepoint: 18067 ns, At safepoint: 8379 ns, Total: 26446 ns
[2020-09-10T17:21:28.599+0000][1][gc           ] GC(64) Concurrent Preclean 23.839ms
[2020-09-10T17:21:28.599+0000][1][gc,cpu       ] GC(64) User=0.01s Sys=0.00s Real=0.03s
[2020-09-10T17:21:28.599+0000][1][safepoint    ] Safepoint "RevokeBias", Time since last: 7670111 ns, Reaching safepoint: 112366 ns, At safepoint: 14882 ns, Total: 127248 ns
[2020-09-10T17:21:28.600+0000][1][safepoint    ] Safepoint "CollectForMetadataAllocation", Time since last: 605194 ns, Reaching safepoint: 96099 ns, At safepoint: 127832 ns, Total: 223931 ns
[2020-09-10T17:21:28.616+0000][1][gc           ] GC(64) Concurrent Abortable Preclean
[2020-09-10T17:21:28.710+0000][1][safepoint    ] Safepoint "RevokeBias", Time since last: 109767239 ns, Reaching safepoint: 64449 ns, At safepoint: 13658 ns, Total: 78107 ns
[2020-09-10T17:21:28.730+0000][1][safepoint    ] Safepoint "RevokeBias", Time since last: 20233039 ns, Reaching safepoint: 72894 ns, At safepoint: 14179 ns, Total: 87073 ns
[2020-09-10T17:21:28.740+0000][1][safepoint    ] Safepoint "RevokeBias", Time since last: 8789763 ns, Reaching safepoint: 1361303 ns, At safepoint: 11627 ns, Total: 1372930 ns
[2020-09-10T17:21:29.601+0000][1][safepoint    ] Safepoint "RevokeBias", Time since last: 860190070 ns, Reaching safepoint: 33196 ns, At safepoint: 15519 ns, Total: 48715 ns
[2020-09-10T17:21:29.601+0000][1][safepoint    ] Safepoint "RevokeBias", Time since last: 686319 ns, Reaching safepoint: 15889 ns, At safepoint: 12190 ns, Total: 28079 ns
[2020-09-10T17:21:29.603+0000][1][safepoint    ] Safepoint "RevokeBias", Time since last: 1624014 ns, Reaching safepoint: 25017 ns, At safepoint: 9311 ns, Total: 34328 ns
[2020-09-10T17:21:29.604+0000][1][safepoint    ] Safepoint "RevokeBias", Time since last: 469885 ns, Reaching safepoint: 16642 ns, At safepoint: 8259 ns, Total: 24901 ns
[2020-09-10T17:21:29.607+0000][1][safepoint    ] Safepoint "RevokeBias", Time since last: 3067310 ns, Reaching safepoint: 107836 ns, At safepoint: 13891 ns, Total: 121727 ns
[2020-09-10T17:21:29.651+0000][1][safepoint    ] Safepoint "RevokeBias", Time since last: 41480386 ns, Reaching safepoint: 2512034 ns, At safepoint: 29987 ns, Total: 2542021 ns
[2020-09-10T17:21:30.619+0000][1][safepoint    ] Safepoint "RevokeBias", Time since last: 963619495 ns, Reaching safepoint: 4453091 ns, At safepoint: 29521 ns, Total: 4482612 ns
[2020-09-10T17:21:30.629+0000][1][safepoint    ] Safepoint "RevokeBias", Time since last: 9182977 ns, Reaching safepoint: 1445182 ns, At safepoint: 24988 ns, Total: 1470170 ns
[2020-09-10T17:21:30.631+0000][1][safepoint    ] Safepoint "RevokeBias", Time since last: 205812 ns, Reaching safepoint: 995634 ns, At safepoint: 16584 ns, Total: 1012218 ns
[2020-09-10T17:21:30.632+0000][1][safepoint    ] Safepoint "RevokeBias", Time since last: 956307 ns, Reaching safepoint: 92401 ns, At safepoint: 15428 ns, Total: 107829 ns
[2020-09-10T17:21:30.715+0000][1][safepoint    ] Safepoint "RevokeBias", Time since last: 74929279 ns, Reaching safepoint: 8037436 ns, At safepoint: 16850 ns, Total: 8054286 ns
[2020-09-10T17:21:31.623+0000][1][safepoint    ] Safepoint "RevokeBias", Time since last: 906553385 ns, Reaching safepoint: 1266301 ns, At safepoint: 15037 ns, Total: 1281338 ns
[2020-09-10T17:21:31.627+0000][1][safepoint    ] Safepoint "RevokeBias", Time since last: 4351777 ns, Reaching safepoint: 33732 ns, At safepoint: 16534 ns, Total: 50266 ns
[2020-09-10T17:21:31.628+0000][1][safepoint    ] Safepoint "RevokeBias", Time since last: 644267 ns, Reaching safepoint: 17405 ns, At safepoint: 8555 ns, Total: 25960 ns
[2020-09-10T17:21:31.628+0000][1][safepoint    ] Safepoint "RevokeBias", Time since last: 383631 ns, Reaching safepoint: 16605 ns, At safepoint: 7678 ns, Total: 24283 ns
[2020-09-10T17:21:31.689+0000][1][safepoint    ] Safepoint "RevokeBias", Time since last: 59255906 ns, Reaching safepoint: 2019689 ns, At safepoint: 28049 ns, Total: 2047738 ns
[2020-09-10T17:21:32.628+0000][1][safepoint    ] Safepoint "RevokeBias", Time since last: 933309069 ns, Reaching safepoint: 5030306 ns, At safepoint: 15171 ns, Total: 5045477 ns
[2020-09-10T17:21:32.628+0000][1][safepoint    ] Safepoint "RevokeBias", Time since last: 376632 ns, Reaching safepoint: 15316 ns, At safepoint: 10327 ns, Total: 25643 ns
[2020-09-10T17:21:32.634+0000][1][safepoint    ] Safepoint "RevokeBias", Time since last: 6326090 ns, Reaching safepoint: 38453 ns, At safepoint: 12715 ns, Total: 51168 ns
[2020-09-10T17:21:32.635+0000][1][safepoint    ] Safepoint "RevokeBias", Time since last: 71722 ns, Reaching safepoint: 15024 ns, At safepoint: 7785 ns, Total: 22809 ns
[2020-09-10T17:21:32.692+0000][1][safepoint    ] Safepoint "RevokeBias", Time since last: 56754780 ns, Reaching safepoint: 64407 ns, At safepoint: 129863 ns, Total: 194270 ns
[2020-09-10T17:21:33.624+0000][1][safepoint    ] Safepoint "RevokeBias", Time since last: 932457147 ns, Reaching safepoint: 119617 ns, At safepoint: 18615 ns, Total: 138232 ns
[2020-09-10T17:21:33.625+0000][1][safepoint    ] Safepoint "RevokeBias", Time since last: 579204 ns, Reaching safepoint: 126859 ns, At safepoint: 17197 ns, Total: 144056 ns
[2020-09-10T17:21:33.628+0000][1][safepoint    ] Safepoint "RevokeBias", Time since last: 2820466 ns, Reaching safepoint: 115936 ns, At safepoint: 16288 ns, Total: 132224 ns
[2020-09-10T17:21:33.630+0000][1][safepoint    ] Safepoint "RevokeBias", Time since last: 1116227 ns, Reaching safepoint: 632056 ns, At safepoint: 15955 ns, Total: 648011 ns
[2020-09-10T17:21:33.631+0000][1][safepoint    ] Safepoint "RevokeBias", Time since last: 1113705 ns, Reaching safepoint: 106441 ns, At safepoint: 14006 ns, Total: 120447 ns
[2020-09-10T17:21:33.671+0000][1][safepoint    ] Safepoint "RevokeBias", Time since last: 34803481 ns, Reaching safepoint: 5129517 ns, At safepoint: 16059 ns, Total: 5145576 ns
[2020-09-10T17:21:33.735+0000][1][gc           ] GC(64) Concurrent Abortable Preclean 5118.115ms
[2020-09-10T17:21:33.735+0000][1][gc,cpu       ] GC(64) User=1.34s Sys=0.01s Real=5.12s
[2020-09-10T17:21:33.735+0000][1][gc,start     ] GC(64) Pause Remark
[2020-09-10T17:21:33.755+0000][1][gc           ] GC(64) Pause Remark 108M->108M(2039M) 20.038ms
[2020-09-10T17:21:33.755+0000][1][gc,cpu       ] GC(64) User=0.02s Sys=0.00s Real=0.02s
[2020-09-10T17:21:33.755+0000][1][safepoint    ] Safepoint "CMS_Final_Remark", Time since last: 64268234 ns, Reaching safepoint: 43534 ns, At safepoint: 20127350 ns, Total: 20170884 ns
[2020-09-10T17:21:33.755+0000][1][gc           ] GC(64) Concurrent Sweep
[2020-09-10T17:21:33.772+0000][1][gc           ] GC(64) Concurrent Sweep 16.490ms
[2020-09-10T17:21:33.772+0000][1][gc,cpu       ] GC(64) User=0.02s Sys=0.00s Real=0.02s
[2020-09-10T17:21:33.772+0000][1][gc           ] GC(64) Concurrent Reset
[2020-09-10T17:21:33.775+0000][1][gc           ] GC(64) Concurrent Reset 3.310ms
[2020-09-10T17:21:33.775+0000][1][gc,cpu       ] GC(64) User=0.00s Sys=0.00s Real=0.00s
[2020-09-10T17:21:33.775+0000][1][gc,heap      ] GC(64) Old: 55885K->58612K(2011968K)
[2020-09-10T17:21:34.625+0000][1][safepoint    ] Safepoint "RevokeBias", Time since last: 869337531 ns, Reaching safepoint: 789107 ns, At safepoint: 21294 ns, Total: 810401 ns
[2020-09-10T17:21:34.626+0000][1][safepoint    ] Safepoint "RevokeBias", Time since last: 820952 ns, Reaching safepoint: 134637 ns, At safepoint: 16949 ns, Total: 151586 ns
[2020-09-10T17:21:34.629+0000][1][safepoint    ] Safepoint "RevokeBias", Time since last: 2061727 ns, Reaching safepoint: 115786 ns, At safepoint: 20295 ns, Total: 136081 ns
[2020-09-10T17:21:34.639+0000][1][safepoint    ] Safepoint "RevokeBias", Time since last: 9292295 ns, Reaching safepoint: 888809 ns, At safepoint: 23806 ns, Total: 912615 ns
[2020-09-10T17:21:34.667+0000][1][safepoint    ] Safepoint "RevokeBias", Time since last: 25683731 ns, Reaching safepoint: 2291744 ns, At safepoint: 24852 ns, Total: 2316596 ns
[2020-09-10T17:21:34.669+0000][1][safepoint    ] Safepoint "RevokeBias", Time since last: 1833687 ns, Reaching safepoint: 100883 ns, At safepoint: 11796 ns, Total: 112679 ns
[2020-09-10T17:21:35.632+0000][1][safepoint    ] Safepoint "RevokeBias", Time since last: 962760287 ns, Reaching safepoint: 109380 ns, At safepoint: 16870 ns, Total: 126250 ns
[2020-09-10T17:21:35.633+0000][1][safepoint    ] Safepoint "RevokeBias", Time since last: 975945 ns, Reaching safepoint: 94457 ns, At safepoint: 16803 ns, Total: 111260 ns
[2020-09-10T17:21:35.636+0000][1][safepoint    ] Safepoint "RevokeBias", Time since last: 2767077 ns, Reaching safepoint: 102387 ns, At safepoint: 16028 ns, Total: 118415 ns
[2020-09-10T17:21:35.637+0000][1][safepoint    ] Safepoint "RevokeBias", Time since last: 1538257 ns, Reaching safepoint: 99789 ns, At safepoint: 14641 ns, Total: 114430 ns
[2020-09-10T17:21:35.639+0000][1][safepoint    ] Safepoint "RevokeBias", Time since last: 1516749 ns, Reaching safepoint: 102348 ns, At safepoint: 14758 ns, Total: 117106 ns
[2020-09-10T17:21:35.664+0000][1][safepoint    ] Safepoint "RevokeBias", Time since last: 22612077 ns, Reaching safepoint: 2540532 ns, At safepoint: 24815 ns, Total: 2565347 ns
[2020-09-10T17:21:36.636+0000][1][safepoint    ] Safepoint "RevokeBias", Time since last: 971629607 ns, Reaching safepoint: 244668 ns, At safepoint: 44282 ns, Total: 288950 ns
[2020-09-10T17:21:36.637+0000][1][safepoint    ] Safepoint "RevokeBias", Time since last: 507828 ns, Reaching safepoint: 318381 ns, At safepoint: 38174 ns, Total: 356555 ns
[2020-09-10T17:21:36.637+0000][1][safepoint    ] Safepoint "RevokeBias", Time since last: 192899 ns, Reaching safepoint: 127466 ns, At safepoint: 47536 ns, Total: 175002 ns
[2020-09-10T17:21:36.638+0000][1][safepoint    ] Safepoint "RevokeBias", Time since last: 390325 ns, Reaching safepoint: 221188 ns, At safepoint: 58665 ns, Total: 279853 ns
[2020-09-10T17:21:36.642+0000][1][safepoint    ] Safepoint "RevokeBias", Time since last: 4365113 ns, Reaching safepoint: 124040 ns, At safepoint: 18028 ns, Total: 142068 ns
[2020-09-10T17:21:36.650+0000][1][safepoint    ] Safepoint "RevokeBias", Time since last: 7338456 ns, Reaching safepoint: 124010 ns, At safepoint: 18360 ns, Total: 142370 ns
[2020-09-10T17:21:36.670+0000][1][safepoint    ] Safepoint "RevokeBias", Time since last: 17378811 ns, Reaching safepoint: 2766291 ns, At safepoint: 21883 ns, Total: 2788174 ns
[2020-09-10T17:21:36.671+0000][1][safepoint    ] Safepoint "RevokeBias", Time since last: 1003205 ns, Reaching safepoint: 97809 ns, At safepoint: 13345 ns, Total: 111154 ns
[2020-09-10T17:21:37.639+0000][1][safepoint    ] Safepoint "BulkRevokeBias", Time since last: 967445671 ns, Reaching safepoint: 207376 ns, At safepoint: 235784 ns, Total: 443160 ns
[2020-09-10T17:21:37.640+0000][1][safepoint    ] Safepoint "BulkRevokeBias", Time since last: 822240 ns, Reaching safepoint: 151741 ns, At safepoint: 208175 ns, Total: 359916 ns
[2020-09-10T17:21:37.644+0000][1][safepoint    ] Safepoint "BulkRevokeBias", Time since last: 3826285 ns, Reaching safepoint: 146732 ns, At safepoint: 119333 ns, Total: 266065 ns
[2020-09-10T17:21:37.683+0000][1][safepoint    ] Safepoint "RevokeBias", Time since last: 36001014 ns, Reaching safepoint: 2456318 ns, At safepoint: 115779 ns, Total: 2572097 ns
[2020-09-10T17:21:37.687+0000][1][safepoint    ] Safepoint "BulkRevokeBias", Time since last: 838742 ns, Reaching safepoint: 3046115 ns, At safepoint: 134752 ns, Total: 3180867 ns
[2020-09-10T17:21:38.640+0000][1][safepoint    ] Safepoint "RevokeBias", Time since last: 952962449 ns, Reaching safepoint: 259626 ns, At safepoint: 44349 ns, Total: 303975 ns
[2020-09-10T17:21:38.641+0000][1][safepoint    ] Safepoint "RevokeBias", Time since last: 456762 ns, Reaching safepoint: 120412 ns, At safepoint: 12762 ns, Total: 133174 ns
[2020-09-10T17:21:38.642+0000][1][safepoint    ] Safepoint "RevokeBias", Time since last: 1548874 ns, Reaching safepoint: 138388 ns, At safepoint: 24017 ns, Total: 162405 ns
[2020-09-10T17:21:38.643+0000][1][safepoint    ] Safepoint "RevokeBias", Time since last: 185226 ns, Reaching safepoint: 72359 ns, At safepoint: 12767 ns, Total: 85126 ns
[2020-09-10T17:21:38.646+0000][1][safepoint    ] Safepoint "RevokeBias", Time since last: 2822598 ns, Reaching safepoint: 117961 ns, At safepoint: 17000 ns, Total: 134961 ns
[2020-09-10T17:21:38.647+0000][1][safepoint    ] Safepoint "RevokeBias", Time since last: 1054910 ns, Reaching safepoint: 136972 ns, At safepoint: 15071 ns, Total: 152043 ns
[2020-09-10T17:21:38.670+0000][1][safepoint    ] Safepoint "RevokeBias", Time since last: 23251039 ns, Reaching safepoint: 110274 ns, At safepoint: 22079 ns, Total: 132353 ns
[2020-09-10T17:21:39.641+0000][1][safepoint    ] Safepoint "RevokeBias", Time since last: 970573021 ns, Reaching safepoint: 165647 ns, At safepoint: 48087 ns, Total: 213734 ns
[2020-09-10T17:21:39.643+0000][1][safepoint    ] Safepoint "RevokeBias", Time since last: 1496573 ns, Reaching safepoint: 312995 ns, At safepoint: 51147 ns, Total: 364142 ns
[2020-09-10T17:21:39.649+0000][1][safepoint    ] Safepoint "RevokeBias", Time since last: 5457580 ns, Reaching safepoint: 249104 ns, At safepoint: 44225 ns, Total: 293329 ns
[2020-09-10T17:21:39.652+0000][1][safepoint    ] Safepoint "RevokeBias", Time since last: 3422527 ns, Reaching safepoint: 116340 ns, At safepoint: 20378 ns, Total: 136718 ns
[2020-09-10T17:21:39.662+0000][1][safepoint    ] Safepoint "RevokeBias", Time since last: 6683056 ns, Reaching safepoint: 3039282 ns, At safepoint: 26486 ns, Total: 3065768 ns
[2020-09-10T17:21:39.691+0000][1][safepoint    ] Safepoint "RevokeBias", Time since last: 28745160 ns, Reaching safepoint: 113999 ns, At safepoint: 24748 ns, Total: 138747 ns
[2020-09-10T17:21:40.656+0000][1][safepoint    ] Safepoint "RevokeBias", Time since last: 964731018 ns, Reaching safepoint: 151137 ns, At safepoint: 23665 ns, Total: 174802 ns
[2020-09-10T17:21:40.656+0000][1][safepoint    ] Safepoint "RevokeBias", Time since last: 315573 ns, Reaching safepoint: 88487 ns, At safepoint: 16064 ns, Total: 104551 ns
[2020-09-10T17:21:40.661+0000][1][safepoint    ] Safepoint "RevokeBias", Time since last: 4766296 ns, Reaching safepoint: 113466 ns, At safepoint: 20068 ns, Total: 133534 ns
[2020-09-10T17:21:40.661+0000][1][safepoint    ] Safepoint "RevokeBias", Time since last: 82012 ns, Reaching safepoint: 93416 ns, At safepoint: 12832 ns, Total: 106248 ns
[2020-09-10T17:21:40.683+0000][1][safepoint    ] Safepoint "RevokeBias", Time since last: 21474792 ns, Reaching safepoint: 125871 ns, At safepoint: 25710 ns, Total: 151581 ns
[2020-09-10T17:21:40.693+0000][1][safepoint    ] Safepoint "RevokeBias", Time since last: 7828170 ns, Reaching safepoint: 2595028 ns, At safepoint: 25390 ns, Total: 2620418 ns
[2020-09-10T17:21:41.658+0000][1][safepoint    ] Safepoint "RevokeBias", Time since last: 964414853 ns, Reaching safepoint: 163388 ns, At safepoint: 60876 ns, Total: 224264 ns
[2020-09-10T17:21:41.659+0000][1][safepoint    ] Safepoint "RevokeBias", Time since last: 870564 ns, Reaching safepoint: 163359 ns, At safepoint: 39764 ns, Total: 203123 ns
[2020-09-10T17:21:41.660+0000][1][safepoint    ] Safepoint "RevokeBias", Time since last: 241424 ns, Reaching safepoint: 254591 ns, At safepoint: 36687 ns, Total: 291278 ns
[2020-09-10T17:21:41.667+0000][1][safepoint    ] Safepoint "RevokeBias", Time since last: 7521196 ns, Reaching safepoint: 150587 ns, At safepoint: 20010 ns, Total: 170597 ns
[2020-09-10T17:21:41.674+0000][1][safepoint    ] Safepoint "RevokeBias", Time since last: 7021884 ns, Reaching safepoint: 131247 ns, At safepoint: 21868 ns, Total: 153115 ns
[2020-09-10T17:21:41.684+0000][1][safepoint    ] Safepoint "RevokeBias", Time since last: 9311949 ns, Reaching safepoint: 153829 ns, At safepoint: 22175 ns, Total: 176004 ns
[2020-09-10T17:21:42.657+0000][1][safepoint    ] Safepoint "RevokeBias", Time since last: 972585956 ns, Reaching safepoint: 39188 ns, At safepoint: 18599 ns, Total: 57787 ns
[2020-09-10T17:21:42.657+0000][1][safepoint    ] Safepoint "RevokeBias", Time since last: 567084 ns, Reaching safepoint: 19297 ns, At safepoint: 16460 ns, Total: 35757 ns
[2020-09-10T17:21:42.657+0000][1][safepoint    ] Safepoint "RevokeBias", Time since last: 126052 ns, Reaching safepoint: 16908 ns, At safepoint: 10247 ns, Total: 27155 ns
[2020-09-10T17:21:42.663+0000][1][safepoint    ] Safepoint "RevokeBias", Time since last: 5326030 ns, Reaching safepoint: 75904 ns, At safepoint: 20444 ns, Total: 96348 ns
[2020-09-10T17:21:42.663+0000][1][safepoint    ] Safepoint "RevokeBias", Time since last: 373171 ns, Reaching safepoint: 103093 ns, At safepoint: 15430 ns, Total: 118523 ns
[2020-09-10T17:21:42.684+0000][1][safepoint    ] Safepoint "RevokeBias", Time since last: 20518495 ns, Reaching safepoint: 106099 ns, At safepoint: 23196 ns, Total: 129295 ns
[2020-09-10T17:21:43.657+0000][1][safepoint    ] Safepoint "RevokeBias", Time since last: 973173198 ns, Reaching safepoint: 289974 ns, At safepoint: 20777 ns, Total: 310751 ns
[2020-09-10T17:21:43.658+0000][1][safepoint    ] Safepoint "RevokeBias", Time since last: 93479 ns, Reaching safepoint: 130304 ns, At safepoint: 13588 ns, Total: 143892 ns
[2020-09-10T17:21:43.658+0000][1][safepoint    ] Safepoint "RevokeBias", Time since last: 221971 ns, Reaching safepoint: 131363 ns, At safepoint: 13605 ns, Total: 144968 ns
[2020-09-10T17:21:43.658+0000][1][safepoint    ] Safepoint "RevokeBias", Time since last: 130411 ns, Reaching safepoint: 135517 ns, At safepoint: 12811 ns, Total: 148328 ns
[2020-09-10T17:21:43.663+0000][1][safepoint    ] Safepoint "RevokeBias", Time since last: 4476199 ns, Reaching safepoint: 158672 ns, At safepoint: 21227 ns, Total: 179899 ns
[2020-09-10T17:21:43.663+0000][1][safepoint    ] Safepoint "RevokeBias", Time since last: 61458 ns, Reaching safepoint: 133588 ns, At safepoint: 13254 ns, Total: 146842 ns
[2020-09-10T17:21:43.682+0000][1][safepoint    ] Safepoint "RevokeBias", Time since last: 18861816 ns, Reaching safepoint: 119669 ns, At safepoint: 24627 ns, Total: 144296 ns
[2020-09-10T17:21:44.657+0000][1][safepoint    ] Safepoint "RevokeBias", Time since last: 974906461 ns, Reaching safepoint: 33840 ns, At safepoint: 16779 ns, Total: 50619 ns
[2020-09-10T17:21:44.658+0000][1][safepoint    ] Safepoint "RevokeBias", Time since last: 546656 ns, Reaching safepoint: 18003 ns, At safepoint: 15635 ns, Total: 33638 ns
[2020-09-10T17:21:44.658+0000][1][safepoint    ] Safepoint "RevokeBias", Time since last: 125440 ns, Reaching safepoint: 16258 ns, At safepoint: 9686 ns, Total: 25944 ns
[2020-09-10T17:21:44.665+0000][1][safepoint    ] Safepoint "RevokeBias", Time since last: 6784822 ns, Reaching safepoint: 45346 ns, At safepoint: 19660 ns, Total: 65006 ns
[2020-09-10T17:21:44.670+0000][1][safepoint    ] Safepoint "RevokeBias", Time since last: 2290901 ns, Reaching safepoint: 3277663 ns, At safepoint: 21021 ns, Total: 3298684 ns
[2020-09-10T17:21:44.682+0000][1][safepoint    ] Safepoint "RevokeBias", Time since last: 11640566 ns, Reaching safepoint: 124890 ns, At safepoint: 21623 ns, Total: 146513 ns
[2020-09-10T17:21:44.694+0000][1][safepoint    ] Safepoint "RevokeBias", Time since last: 8661236 ns, Reaching safepoint: 3504995 ns, At safepoint: 24797 ns, Total: 3529792 ns
[2020-09-10T17:21:45.664+0000][1][safepoint    ] Safepoint "RevokeBias", Time since last: 969803919 ns, Reaching safepoint: 111319 ns, At safepoint: 18595 ns, Total: 129914 ns
[2020-09-10T17:21:45.665+0000][1][safepoint    ] Safepoint "RevokeBias", Time since last: 540168 ns, Reaching safepoint: 88737 ns, At safepoint: 18392 ns, Total: 107129 ns
[2020-09-10T17:21:45.670+0000][1][safepoint    ] Safepoint "RevokeBias", Time since last: 4728273 ns, Reaching safepoint: 111176 ns, At safepoint: 20209 ns, Total: 131385 ns
[2020-09-10T17:21:45.672+0000][1][safepoint    ] Safepoint "RevokeBias", Time since last: 2408500 ns, Reaching safepoint: 107892 ns, At safepoint: 18565 ns, Total: 126457 ns
[2020-09-10T17:21:45.678+0000][1][safepoint    ] Safepoint "RevokeBias", Time since last: 5810805 ns, Reaching safepoint: 120676 ns, At safepoint: 21008 ns, Total: 141684 ns
[2020-09-10T17:21:45.692+0000][1][safepoint    ] Safepoint "RevokeBias", Time since last: 13851539 ns, Reaching safepoint: 120304 ns, At safepoint: 25933 ns, Total: 146237 ns
[2020-09-10T17:21:46.668+0000][1][safepoint    ] Safepoint "RevokeBias", Time since last: 975540068 ns, Reaching safepoint: 171737 ns, At safepoint: 51589 ns, Total: 223326 ns
[2020-09-10T17:21:46.668+0000][1][safepoint    ] Safepoint "RevokeBias", Time since last: 172195 ns, Reaching safepoint: 172202 ns, At safepoint: 42116 ns, Total: 214318 ns
[2020-09-10T17:21:46.669+0000][1][safepoint    ] Safepoint "RevokeBias", Time since last: 487966 ns, Reaching safepoint: 151769 ns, At safepoint: 40823 ns, Total: 192592 ns
[2020-09-10T17:21:46.670+0000][1][safepoint    ] Safepoint "RevokeBias", Time since last: 397977 ns, Reaching safepoint: 152349 ns, At safepoint: 39608 ns, Total: 191957 ns
[2020-09-10T17:21:46.676+0000][1][safepoint    ] Safepoint "RevokeBias", Time since last: 6448198 ns, Reaching safepoint: 154557 ns, At safepoint: 25339 ns, Total: 179896 ns
[2020-09-10T17:21:46.683+0000][1][safepoint    ] Safepoint "RevokeBias", Time since last: 6626193 ns, Reaching safepoint: 129050 ns, At safepoint: 23882 ns, Total: 152932 ns
[2020-09-10T17:21:46.700+0000][1][safepoint    ] Safepoint "RevokeBias", Time since last: 16682850 ns, Reaching safepoint: 158004 ns, At safepoint: 23861 ns, Total: 181865 ns
[2020-09-10T17:21:47.665+0000][1][safepoint    ] Safepoint "BulkRevokeBias", Time since last: 965377852 ns, Reaching safepoint: 39289 ns, At safepoint: 114535 ns, Total: 153824 ns
[2020-09-10T17:21:47.666+0000][1][safepoint    ] Safepoint "BulkRevokeBias", Time since last: 384194 ns, Reaching safepoint: 30845 ns, At safepoint: 105602 ns, Total: 136447 ns
[2020-09-10T17:21:47.671+0000][1][safepoint    ] Safepoint "RevokeBias", Time since last: 4703442 ns, Reaching safepoint: 111146 ns, At safepoint: 18138 ns, Total: 129284 ns
[2020-09-10T17:21:47.672+0000][1][safepoint    ] Safepoint "BulkRevokeBias", Time since last: 755950 ns, Reaching safepoint: 154390 ns, At safepoint: 171979 ns, Total: 326369 ns
[2020-09-10T17:21:47.695+0000][1][safepoint    ] Safepoint "RevokeBias", Time since last: 22881520 ns, Reaching safepoint: 114100 ns, At safepoint: 121917 ns, Total: 236017 ns
[2020-09-10T17:21:47.697+0000][1][safepoint    ] Safepoint "BulkRevokeBias", Time since last: 1736404 ns, Reaching safepoint: 101993 ns, At safepoint: 114418 ns, Total: 216411 ns
[2020-09-10T17:21:48.697+0000][1][safepoint    ] Safepoint "Cleanup", Time since last: 1000093134 ns, Reaching safepoint: 130425 ns, At safepoint: 8052 ns, Total: 138477 ns
[2020-09-10T17:21:49.670+0000][1][gc,start     ] GC(66) Pause Young (Allocation Failure)
[2020-09-10T17:21:49.670+0000][1][gc,task      ] GC(66) Using 1 workers of 1 for evacuation
[2020-09-10T17:21:49.707+0000][1][gc,age       ] GC(66) Desired survivor size 4358144 bytes, new threshold 6 (max threshold 6)
[2020-09-10T17:21:49.707+0000][1][gc,age       ] GC(66) Age table with threshold 6 (max threshold 6)
[2020-09-10T17:21:49.707+0000][1][gc,age       ] GC(66) - age   1:     417424 bytes,     417424 total
[2020-09-10T17:21:49.707+0000][1][gc,age       ] GC(66) - age   2:    2589632 bytes,    3007056 total
[2020-09-10T17:21:49.707+0000][1][gc,heap      ] GC(66) ParNew: 74451K->5737K(76672K)
[2020-09-10T17:21:49.707+0000][1][gc,heap      ] GC(66) CMS: 58612K->94439K(2011968K)
[2020-09-10T17:21:49.707+0000][1][gc,metaspace ] GC(66) Metaspace: 73184K->73184K(1116160K)
[2020-09-10T17:21:49.707+0000][1][gc           ] GC(66) Pause Young (Allocation Failure) 129M->97M(2039M) 37.741ms
[2020-09-10T17:21:49.707+0000][1][gc,cpu       ] GC(66) User=0.03s Sys=0.00s Real=0.04s
[2020-09-10T17:21:49.720+0000][1][safepoint    ] Safepoint "GenCollectForAllocation", Time since last: 972512370 ns, Reaching safepoint: 39509 ns, At safepoint: 50465753 ns, Total: 50505262 ns
[2020-09-10T17:21:50.730+0000][1][safepoint    ] Safepoint "Cleanup", Time since last: 1009402492 ns, Reaching safepoint: 92151 ns, At safepoint: 14995 ns, Total: 107146 ns
[2020-09-10T17:21:51.730+0000][1][safepoint    ] Safepoint "Cleanup", Time since last: 1000179967 ns, Reaching safepoint: 107283 ns, At safepoint: 17350 ns, Total: 124633 ns
[2020-09-10T17:21:52.730+0000][1][safepoint    ] Safepoint "Cleanup", Time since last: 1000250715 ns, Reaching safepoint: 70796 ns, At safepoint: 7088 ns, Total: 77884 ns
[2020-09-10T17:21:53.731+0000][1][safepoint    ] Safepoint "Cleanup", Time since last: 1000162706 ns, Reaching safepoint: 81759 ns, At safepoint: 6613 ns, Total: 88372 ns
[2020-09-10T17:21:54.731+0000][1][safepoint    ] Safepoint "Cleanup", Time since last: 1000171985 ns, Reaching safepoint: 93700 ns, At safepoint: 6928 ns, Total: 100628 ns
[2020-09-10T17:21:55.731+0000][1][safepoint    ] Safepoint "Cleanup", Time since last: 1000169284 ns, Reaching safepoint: 96305 ns, At safepoint: 16852 ns, Total: 113157 ns
[2020-09-10T17:21:56.731+0000][1][safepoint    ] Safepoint "Cleanup", Time since last: 1000209444 ns, Reaching safepoint: 98369 ns, At safepoint: 16989 ns, Total: 115358 ns
[2020-09-10T17:21:57.732+0000][1][safepoint    ] Safepoint "Cleanup", Time since last: 1000217270 ns, Reaching safepoint: 126344 ns, At safepoint: 19775 ns, Total: 146119 ns
[2020-09-10T17:21:58.336+0000][1][safepoint    ] Safepoint "RevokeBias", Time since last: 603902578 ns, Reaching safepoint: 162967 ns, At safepoint: 11572 ns, Total: 174539 ns
[2020-09-10T17:21:58.337+0000][1][safepoint    ] Safepoint "RevokeBias", Time since last: 665732 ns, Reaching safepoint: 166398 ns, At safepoint: 8167 ns, Total: 174565 ns
[2020-09-10T17:21:58.360+0000][1][safepoint    ] Safepoint "Deoptimize", Time since last: 22784622 ns, Reaching safepoint: 170657 ns, At safepoint: 455357 ns, Total: 626014 ns
[2020-09-10T17:21:58.369+0000][1][safepoint    ] Safepoint "RevokeBias", Time since last: 8948272 ns, Reaching safepoint: 170626 ns, At safepoint: 10508 ns, Total: 181134 ns
[2020-09-10T17:21:58.369+0000][1][safepoint    ] Safepoint "RevokeBias", Time since last: 111877 ns, Reaching safepoint: 156370 ns, At safepoint: 6639 ns, Total: 163009 ns
[2020-09-10T17:21:58.370+0000][1][safepoint    ] Safepoint "RevokeBias", Time since last: 45561 ns, Reaching safepoint: 151537 ns, At safepoint: 5640 ns, Total: 157177 ns
[2020-09-10T17:21:58.370+0000][1][safepoint    ] Safepoint "RevokeBias", Time since last: 477743 ns, Reaching safepoint: 152618 ns, At safepoint: 6609 ns, Total: 159227 ns
[2020-09-10T17:21:58.371+0000][1][safepoint    ] Safepoint "RevokeBias", Time since last: 551450 ns, Reaching safepoint: 114771 ns, At safepoint: 7194 ns, Total: 121965 ns
[2020-09-10T17:21:58.372+0000][1][safepoint    ] Safepoint "RevokeBias", Time since last: 1284785 ns, Reaching safepoint: 143747 ns, At safepoint: 15194 ns, Total: 158941 ns
[2020-09-10T17:21:58.376+0000][1][safepoint    ] Safepoint "RevokeBias", Time since last: 3507093 ns, Reaching safepoint: 130238 ns, At safepoint: 14996 ns, Total: 145234 ns
[2020-09-10T17:21:58.387+0000][1][safepoint    ] Safepoint "RevokeBias", Time since last: 11037517 ns, Reaching safepoint: 174392 ns, At safepoint: 9095 ns, Total: 183487 ns
[2020-09-10T17:21:58.388+0000][1][safepoint    ] Safepoint "RevokeBias", Time since last: 286329 ns, Reaching safepoint: 146670 ns, At safepoint: 6559 ns, Total: 153229 ns
[2020-09-10T17:21:58.397+0000][1][safepoint    ] Safepoint "RevokeBias", Time since last: 9349787 ns, Reaching safepoint: 170798 ns, At safepoint: 59437 ns, Total: 230235 ns
[2020-09-10T17:21:58.404+0000][1][safepoint    ] Safepoint "RevokeBias", Time since last: 6223913 ns, Reaching safepoint: 128050 ns, At safepoint: 71294 ns, Total: 199344 ns
[2020-09-10T17:21:58.405+0000][1][safepoint    ] Safepoint "RevokeBias", Time since last: 1150198 ns, Reaching safepoint: 112387 ns, At safepoint: 7375 ns, Total: 119762 ns
[2020-09-10T17:21:58.407+0000][1][safepoint    ] Safepoint "RevokeBias", Time since last: 1689164 ns, Reaching safepoint: 668201 ns, At safepoint: 58273 ns, Total: 726474 ns
[2020-09-10T17:21:58.409+0000][1][safepoint    ] Safepoint "RevokeBias", Time since last: 899991 ns, Reaching safepoint: 172965 ns, At safepoint: 7175 ns, Total: 180140 ns
[2020-09-10T17:21:58.426+0000][1][safepoint    ] Safepoint "RevokeBias", Time since last: 14906645 ns, Reaching safepoint: 2221612 ns, At safepoint: 76382 ns, Total: 2297994 ns
[2020-09-10T17:21:59.426+0000][1][safepoint    ] Safepoint "Cleanup", Time since last: 1000171625 ns, Reaching safepoint: 118416 ns, At safepoint: 15870 ns, Total: 134286 ns
[2020-09-10T17:22:00.426+0000][1][safepoint    ] Safepoint "Cleanup", Time since last: 1000160383 ns, Reaching safepoint: 118381 ns, At safepoint: 7109 ns, Total: 125490 ns
[2020-09-10T17:22:01.427+0000][1][safepoint    ] Safepoint "Cleanup", Time since last: 1000167744 ns, Reaching safepoint: 87324 ns, At safepoint: 7914 ns, Total: 95238 ns
[2020-09-10T17:22:02.427+0000][1][safepoint    ] Safepoint "Cleanup", Time since last: 1000116097 ns, Reaching safepoint: 71456 ns, At safepoint: 9426 ns, Total: 80882 ns
[2020-09-10T17:22:03.427+0000][1][safepoint    ] Safepoint "Cleanup", Time since last: 1000193930 ns, Reaching safepoint: 98025 ns, At safepoint: 19114 ns, Total: 117139 ns
[2020-09-10T17:22:04.427+0000][1][safepoint    ] Safepoint "Cleanup", Time since last: 1000205120 ns, Reaching safepoint: 94468 ns, At safepoint: 7804 ns, Total: 102272 ns
[2020-09-10T17:22:05.428+0000][1][safepoint    ] Safepoint "Cleanup", Time since last: 1000175484 ns, Reaching safepoint: 120911 ns, At safepoint: 19825 ns, Total: 140736 ns
[2020-09-10T17:22:06.428+0000][1][safepoint    ] Safepoint "Cleanup", Time since last: 1000237151 ns, Reaching safepoint: 139938 ns, At safepoint: 17934 ns, Total: 157872 ns
[2020-09-10T17:22:07.428+0000][1][safepoint    ] Safepoint "Cleanup", Time since last: 1000211718 ns, Reaching safepoint: 97658 ns, At safepoint: 7576 ns, Total: 105234 ns
[2020-09-10T17:22:08.429+0000][1][safepoint    ] Safepoint "Cleanup", Time since last: 1000171958 ns, Reaching safepoint: 97577 ns, At safepoint: 7353 ns, Total: 104930 ns
[2020-09-10T17:22:09.429+0000][1][safepoint    ] Safepoint "Cleanup", Time since last: 1000168967 ns, Reaching safepoint: 124396 ns, At safepoint: 17527 ns, Total: 141923 ns
[2020-09-10T17:22:10.429+0000][1][safepoint    ] Safepoint "Cleanup", Time since last: 1000186652 ns, Reaching safepoint: 97245 ns, At safepoint: 7382 ns, Total: 104627 ns
[2020-09-10T17:22:11.430+0000][1][safepoint    ] Safepoint "Cleanup", Time since last: 1000819493 ns, Reaching safepoint: 90966 ns, At safepoint: 7824 ns, Total: 98790 ns
[2020-09-10T17:22:12.430+0000][1][safepoint    ] Safepoint "Cleanup", Time since last: 1000177929 ns, Reaching safepoint: 90506 ns, At safepoint: 8016 ns, Total: 98522 ns
[2020-09-10T17:22:13.431+0000][1][safepoint    ] Safepoint "Cleanup", Time since last: 1000190569 ns, Reaching safepoint: 111556 ns, At safepoint: 19154 ns, Total: 130710 ns
[2020-09-10T17:22:13.513+0000][1][safepoint    ] Safepoint "RevokeBias", Time since last: 81843919 ns, Reaching safepoint: 135973 ns, At safepoint: 16918 ns, Total: 152891 ns
[2020-09-10T17:22:14.513+0000][1][safepoint    ] Safepoint "Cleanup", Time since last: 1000176798 ns, Reaching safepoint: 112642 ns, At safepoint: 20109 ns, Total: 132751 ns
[2020-09-10T17:22:15.513+0000][1][safepoint    ] Safepoint "Cleanup", Time since last: 1000244841 ns, Reaching safepoint: 86873 ns, At safepoint: 8114 ns, Total: 94987 ns
[2020-09-10T17:22:16.534+0000][1][safepoint    ] Safepoint "Cleanup", Time since last: 1020049609 ns, Reaching safepoint: 76740 ns, At safepoint: 8146 ns, Total: 84886 ns
[2020-09-10T17:22:17.534+0000][1][safepoint    ] Safepoint "Cleanup", Time since last: 1000172038 ns, Reaching safepoint: 84008 ns, At safepoint: 7684 ns, Total: 91692 ns
[2020-09-10T17:22:18.534+0000][1][safepoint    ] Safepoint "Cleanup", Time since last: 1000180025 ns, Reaching safepoint: 90798 ns, At safepoint: 7869 ns, Total: 98667 ns
[2020-09-10T17:22:19.534+0000][1][safepoint    ] Safepoint "Cleanup", Time since last: 1000160641 ns, Reaching safepoint: 97745 ns, At safepoint: 7708 ns, Total: 105453 ns
[2020-09-10T17:22:20.535+0000][1][safepoint    ] Safepoint "Cleanup", Time since last: 1000179512 ns, Reaching safepoint: 84304 ns, At safepoint: 6361 ns, Total: 90665 ns
[2020-09-10T17:22:21.536+0000][1][safepoint    ] Safepoint "Cleanup", Time since last: 1000769314 ns, Reaching safepoint: 131832 ns, At safepoint: 22001 ns, Total: 153833 ns
[2020-09-10T17:22:22.536+0000][1][safepoint    ] Safepoint "Cleanup", Time since last: 1000155064 ns, Reaching safepoint: 65435 ns, At safepoint: 7979 ns, Total: 73414 ns
[2020-09-10T17:22:23.536+0000][1][safepoint    ] Safepoint "Cleanup", Time since last: 1000173081 ns, Reaching safepoint: 89838 ns, At safepoint: 7316 ns, Total: 97154 ns
[2020-09-10T17:22:24.536+0000][1][safepoint    ] Safepoint "Cleanup", Time since last: 1000179686 ns, Reaching safepoint: 128157 ns, At safepoint: 19020 ns, Total: 147177 ns
[2020-09-10T17:22:25.537+0000][1][safepoint    ] Safepoint "Cleanup", Time since last: 1000204031 ns, Reaching safepoint: 121480 ns, At safepoint: 7702 ns, Total: 129182 ns
[2020-09-10T17:22:25.736+0000][1][gc,start     ] GC(67) Pause Young (Allocation Failure)
[2020-09-10T17:22:25.736+0000][1][gc,task      ] GC(67) Using 1 workers of 1 for evacuation
[2020-09-10T17:22:25.758+0000][1][gc,age       ] GC(67) Desired survivor size 4358144 bytes, new threshold 6 (max threshold 6)
[2020-09-10T17:22:25.759+0000][1][gc,age       ] GC(67) Age table with threshold 6 (max threshold 6)
[2020-09-10T17:22:25.759+0000][1][gc,age       ] GC(67) - age   1:     655720 bytes,     655720 total
[2020-09-10T17:22:25.759+0000][1][gc,age       ] GC(67) - age   2:     383912 bytes,    1039632 total
[2020-09-10T17:22:25.759+0000][1][gc,age       ] GC(67) - age   3:    2586008 bytes,    3625640 total
[2020-09-10T17:22:25.759+0000][1][gc,heap      ] GC(67) ParNew: 73897K->5071K(76672K)
[2020-09-10T17:22:25.759+0000][1][gc,heap      ] GC(67) CMS: 94439K->94439K(2011968K)
[2020-09-10T17:22:25.759+0000][1][gc,metaspace ] GC(67) Metaspace: 74555K->74555K(1118208K)
[2020-09-10T17:22:25.759+0000][1][gc           ] GC(67) Pause Young (Allocation Failure) 164M->97M(2039M) 22.293ms
[2020-09-10T17:22:25.759+0000][1][gc,cpu       ] GC(67) User=0.02s Sys=0.00s Real=0.03s
[2020-09-10T17:22:25.759+0000][1][safepoint    ] Safepoint "GenCollectForAllocation", Time since last: 199381958 ns, Reaching safepoint: 178777 ns, At safepoint: 22462010 ns, Total: 22640787 ns
[2020-09-10T17:22:26.799+0000][1][safepoint    ] Safepoint "Cleanup", Time since last: 1039879617 ns, Reaching safepoint: 150190 ns, At safepoint: 7400 ns, Total: 157590 ns
[2020-09-10T17:22:27.799+0000][1][safepoint    ] Safepoint "Cleanup", Time since last: 1000100985 ns, Reaching safepoint: 53855 ns, At safepoint: 5868 ns, Total: 59723 ns
[2020-09-10T17:22:28.799+0000][1][safepoint    ] Safepoint "Cleanup", Time since last: 1000130398 ns, Reaching safepoint: 132582 ns, At safepoint: 7022 ns, Total: 139604 ns
[2020-09-10T17:22:29.800+0000][1][safepoint    ] Safepoint "Cleanup", Time since last: 1000168401 ns, Reaching safepoint: 79114 ns, At safepoint: 7911 ns, Total: 87025 ns
[2020-09-10T17:22:30.800+0000][1][safepoint    ] Safepoint "Cleanup", Time since last: 1000105740 ns, Reaching safepoint: 53651 ns, At safepoint: 6912 ns, Total: 60563 ns
[2020-09-10T17:22:31.800+0000][1][safepoint    ] Safepoint "Cleanup", Time since last: 1000099133 ns, Reaching safepoint: 51234 ns, At safepoint: 5868 ns, Total: 57102 ns
[2020-09-10T17:22:32.800+0000][1][safepoint    ] Safepoint "Cleanup", Time since last: 1000165133 ns, Reaching safepoint: 88544 ns, At safepoint: 5811 ns, Total: 94355 ns
[2020-09-10T17:22:33.800+0000][1][safepoint    ] Safepoint "Cleanup", Time since last: 1000135643 ns, Reaching safepoint: 106368 ns, At safepoint: 6466 ns, Total: 112834 ns
[2020-09-10T17:22:34.800+0000][1][safepoint    ] Safepoint "Cleanup", Time since last: 1000103486 ns, Reaching safepoint: 50263 ns, At safepoint: 6221 ns, Total: 56484 ns
[2020-09-10T17:22:35.801+0000][1][safepoint    ] Safepoint "Cleanup", Time since last: 1000095959 ns, Reaching safepoint: 130199 ns, At safepoint: 7685 ns, Total: 137884 ns
[2020-09-10T17:22:36.801+0000][1][safepoint    ] Safepoint "Cleanup", Time since last: 1000142994 ns, Reaching safepoint: 93855 ns, At safepoint: 8152 ns, Total: 102007 ns
[2020-09-10T17:22:37.801+0000][1][safepoint    ] Safepoint "Cleanup", Time since last: 1000148015 ns, Reaching safepoint: 98137 ns, At safepoint: 6581 ns, Total: 104718 ns
[2020-09-10T17:22:38.803+0000][1][safepoint    ] Safepoint "Cleanup", Time since last: 1000110479 ns, Reaching safepoint: 1373215 ns, At safepoint: 10839 ns, Total: 1384054 ns
[2020-09-10T17:22:39.803+0000][1][safepoint    ] Safepoint "Cleanup", Time since last: 1000104323 ns, Reaching safepoint: 130614 ns, At safepoint: 6184 ns, Total: 136798 ns
[2020-09-10T17:22:40.805+0000][1][safepoint    ] Safepoint "Cleanup", Time since last: 1001841215 ns, Reaching safepoint: 333276 ns, At safepoint: 10848 ns, Total: 344124 ns
[2020-09-10T17:22:41.808+0000][1][safepoint    ] Safepoint "Cleanup", Time since last: 1001330343 ns, Reaching safepoint: 1162110 ns, At safepoint: 12578 ns, Total: 1174688 ns
[2020-09-10T17:22:42.808+0000][1][safepoint    ] Safepoint "Cleanup", Time since last: 1000505290 ns, Reaching safepoint: 230862 ns, At safepoint: 14279 ns, Total: 245141 ns
[2020-09-10T17:22:43.809+0000][1][safepoint    ] Safepoint "Cleanup", Time since last: 1000094523 ns, Reaching safepoint: 143725 ns, At safepoint: 7329 ns, Total: 151054 ns
[2020-09-10T17:22:44.814+0000][1][safepoint    ] Safepoint "Cleanup", Time since last: 1005273635 ns, Reaching safepoint: 102707 ns, At safepoint: 11036 ns, Total: 113743 ns
[2020-09-10T17:22:45.817+0000][1][safepoint    ] Safepoint "Cleanup", Time since last: 1000625386 ns, Reaching safepoint: 2063911 ns, At safepoint: 18079 ns, Total: 2081990 ns
[2020-09-10T17:22:46.833+0000][1][safepoint    ] Safepoint "Cleanup", Time since last: 1015537001 ns, Reaching safepoint: 216665 ns, At safepoint: 19220 ns, Total: 235885 ns
[2020-09-10T17:22:47.833+0000][1][safepoint    ] Safepoint "Cleanup", Time since last: 1000194002 ns, Reaching safepoint: 110410 ns, At safepoint: 19098 ns, Total: 129508 ns
[2020-09-10T17:22:48.833+0000][1][safepoint    ] Safepoint "Cleanup", Time since last: 1000196050 ns, Reaching safepoint: 119959 ns, At safepoint: 7989 ns, Total: 127948 ns
[2020-09-10T17:22:49.833+0000][1][safepoint    ] Safepoint "Cleanup", Time since last: 1000152938 ns, Reaching safepoint: 67430 ns, At safepoint: 9084 ns, Total: 76514 ns
[2020-09-10T17:22:50.834+0000][1][safepoint    ] Safepoint "Cleanup", Time since last: 1000191698 ns, Reaching safepoint: 77639 ns, At safepoint: 7127 ns, Total: 84766 ns
[2020-09-10T17:22:51.836+0000][1][safepoint    ] Safepoint "Cleanup", Time since last: 1001935240 ns, Reaching safepoint: 132132 ns, At safepoint: 8191 ns, Total: 140323 ns
[2020-09-10T17:22:52.839+0000][1][safepoint    ] Safepoint "Cleanup", Time since last: 1003025865 ns, Reaching safepoint: 76676 ns, At safepoint: 6915 ns, Total: 83591 ns
[2020-09-10T17:22:53.839+0000][1][safepoint    ] Safepoint "Cleanup", Time since last: 1000101873 ns, Reaching safepoint: 159328 ns, At safepoint: 8239 ns, Total: 167567 ns
[2020-09-10T17:22:54.841+0000][1][safepoint    ] Safepoint "Cleanup", Time since last: 1001446452 ns, Reaching safepoint: 76386 ns, At safepoint: 7299 ns, Total: 83685 ns
[2020-09-10T17:22:55.841+0000][1][safepoint    ] Safepoint "Cleanup", Time since last: 1000099850 ns, Reaching safepoint: 169676 ns, At safepoint: 8689 ns, Total: 178365 ns
[2020-09-10T17:22:56.843+0000][1][safepoint    ] Safepoint "Cleanup", Time since last: 1000093549 ns, Reaching safepoint: 1679988 ns, At safepoint: 14333 ns, Total: 1694321 ns
[2020-09-10T17:22:57.843+0000][1][safepoint    ] Safepoint "Cleanup", Time since last: 1000100816 ns, Reaching safepoint: 60316 ns, At safepoint: 6622 ns, Total: 66938 ns
[2020-09-10T17:22:58.847+0000][1][safepoint    ] Safepoint "Cleanup", Time since last: 1003779227 ns, Reaching safepoint: 81439 ns, At safepoint: 8639 ns, Total: 90078 ns
[2020-09-10T17:22:59.847+0000][1][safepoint    ] Safepoint "Cleanup", Time since last: 1000133322 ns, Reaching safepoint: 78928 ns, At safepoint: 7546 ns, Total: 86474 ns
[2020-09-10T17:23:00.847+0000][1][safepoint    ] Safepoint "Cleanup", Time since last: 1000102810 ns, Reaching safepoint: 223713 ns, At safepoint: 11245 ns, Total: 234958 ns
[2020-09-10T17:23:01.848+0000][1][safepoint    ] Safepoint "Cleanup", Time since last: 1000101137 ns, Reaching safepoint: 146395 ns, At safepoint: 8494 ns, Total: 154889 ns
[2020-09-10T17:23:02.850+0000][1][safepoint    ] Safepoint "Cleanup", Time since last: 1000105533 ns, Reaching safepoint: 2021386 ns, At safepoint: 13598 ns, Total: 2034984 ns
[2020-09-10T17:23:03.853+0000][1][safepoint    ] Safepoint "Cleanup", Time since last: 1002869394 ns, Reaching safepoint: 179936 ns, At safepoint: 11972 ns, Total: 191908 ns
[2020-09-10T17:23:04.853+0000][1][safepoint    ] Safepoint "Cleanup", Time since last: 1000142890 ns, Reaching safepoint: 96486 ns, At safepoint: 6722 ns, Total: 103208 ns
[2020-09-10T17:23:05.853+0000][1][safepoint    ] Safepoint "Cleanup", Time since last: 1000290707 ns, Reaching safepoint: 155722 ns, At safepoint: 11220 ns, Total: 166942 ns
[2020-09-10T17:23:06.858+0000][1][safepoint    ] Safepoint "Cleanup", Time since last: 1004533999 ns, Reaching safepoint: 71605 ns, At safepoint: 7111 ns, Total: 78716 ns
[2020-09-10T17:23:07.860+0000][1][safepoint    ] Safepoint "Cleanup", Time since last: 1001437121 ns, Reaching safepoint: 125892 ns, At safepoint: 17523 ns, Total: 143415 ns
[2020-09-10T17:23:08.860+0000][1][safepoint    ] Safepoint "Cleanup", Time since last: 1000174551 ns, Reaching safepoint: 146024 ns, At safepoint: 7882 ns, Total: 153906 ns
[2020-09-10T17:23:09.863+0000][1][safepoint    ] Safepoint "Cleanup", Time since last: 1003132734 ns, Reaching safepoint: 138059 ns, At safepoint: 9315 ns, Total: 147374 ns
[2020-09-10T17:23:10.850+0000][1][gc,start     ] GC(68) Pause Young (Allocation Failure)
[2020-09-10T17:23:10.850+0000][1][gc,task      ] GC(68) Using 1 workers of 1 for evacuation
[2020-09-10T17:23:10.874+0000][1][gc,age       ] GC(68) Desired survivor size 4358144 bytes, new threshold 6 (max threshold 6)
[2020-09-10T17:23:10.874+0000][1][gc,age       ] GC(68) Age table with threshold 6 (max threshold 6)
[2020-09-10T17:23:10.874+0000][1][gc,age       ] GC(68) - age   1:      35016 bytes,      35016 total
[2020-09-10T17:23:10.874+0000][1][gc,age       ] GC(68) - age   2:     626096 bytes,     661112 total
[2020-09-10T17:23:10.874+0000][1][gc,age       ] GC(68) - age   3:     383912 bytes,    1045024 total
[2020-09-10T17:23:10.874+0000][1][gc,age       ] GC(68) - age   4:    2585392 bytes,    3630416 total
[2020-09-10T17:23:10.874+0000][1][gc,heap      ] GC(68) ParNew: 73231K->6578K(76672K)
[2020-09-10T17:23:10.874+0000][1][gc,heap      ] GC(68) CMS: 94439K->94439K(2011968K)
[2020-09-10T17:23:10.874+0000][1][gc,metaspace ] GC(68) Metaspace: 74957K->74957K(1118208K)
[2020-09-10T17:23:10.874+0000][1][gc           ] GC(68) Pause Young (Allocation Failure) 163M->98M(2039M) 24.005ms
[2020-09-10T17:23:10.874+0000][1][gc,cpu       ] GC(68) User=0.02s Sys=0.00s Real=0.02s
[2020-09-10T17:23:10.874+0000][1][safepoint    ] Safepoint "GenCollectForAllocation", Time since last: 986349432 ns, Reaching safepoint: 223409 ns, At safepoint: 24094887 ns, Total: 24318296 ns
[2020-09-10T17:23:11.899+0000][1][safepoint    ] Safepoint "Cleanup", Time since last: 1024820277 ns, Reaching safepoint: 62202 ns, At safepoint: 6500 ns, Total: 68702 ns
[2020-09-10T17:23:12.899+0000][1][safepoint    ] Safepoint "Cleanup", Time since last: 1000101657 ns, Reaching safepoint: 52855 ns, At safepoint: 6637 ns, Total: 59492 ns
[2020-09-10T17:23:13.900+0000][1][safepoint    ] Safepoint "Cleanup", Time since last: 1000093998 ns, Reaching safepoint: 880550 ns, At safepoint: 11253 ns, Total: 891803 ns
[2020-09-10T17:23:14.900+0000][1][safepoint    ] Safepoint "Cleanup", Time since last: 1000103717 ns, Reaching safepoint: 56498 ns, At safepoint: 6256 ns, Total: 62754 ns
[2020-09-10T17:23:15.901+0000][1][safepoint    ] Safepoint "Cleanup", Time since last: 1000247851 ns, Reaching safepoint: 151709 ns, At safepoint: 8420 ns, Total: 160129 ns
[2020-09-10T17:23:16.903+0000][1][safepoint    ] Safepoint "Cleanup", Time since last: 1002113885 ns, Reaching safepoint: 164516 ns, At safepoint: 8437 ns, Total: 172953 ns
[2020-09-10T17:23:17.903+0000][1][safepoint    ] Safepoint "Cleanup", Time since last: 1000120536 ns, Reaching safepoint: 128251 ns, At safepoint: 15211 ns, Total: 143462 ns
[2020-09-10T17:23:18.904+0000][1][safepoint    ] Safepoint "Cleanup", Time since last: 1000367090 ns, Reaching safepoint: 149376 ns, At safepoint: 8492 ns, Total: 157868 ns
[2020-09-10T17:23:19.907+0000][1][safepoint    ] Safepoint "Cleanup", Time since last: 1003031134 ns, Reaching safepoint: 150832 ns, At safepoint: 8664 ns, Total: 159496 ns
[2020-09-10T17:23:20.907+0000][1][safepoint    ] Safepoint "Cleanup", Time since last: 1000098007 ns, Reaching safepoint: 124687 ns, At safepoint: 6880 ns, Total: 131567 ns
[2020-09-10T17:23:21.907+0000][1][safepoint    ] Safepoint "Cleanup", Time since last: 1000135689 ns, Reaching safepoint: 60102 ns, At safepoint: 6621 ns, Total: 66723 ns
[2020-09-10T17:23:22.908+0000][1][safepoint    ] Safepoint "Cleanup", Time since last: 1000393798 ns, Reaching safepoint: 75739 ns, At safepoint: 7681 ns, Total: 83420 ns
[2020-09-10T17:23:23.908+0000][1][safepoint    ] Safepoint "Cleanup", Time since last: 1000094372 ns, Reaching safepoint: 165181 ns, At safepoint: 8179 ns, Total: 173360 ns
[2020-09-10T17:23:24.908+0000][1][safepoint    ] Safepoint "Cleanup", Time since last: 1000096650 ns, Reaching safepoint: 281203 ns, At safepoint: 7366 ns, Total: 288569 ns
[2020-09-10T17:23:25.909+0000][1][safepoint    ] Safepoint "Cleanup", Time since last: 1000111018 ns, Reaching safepoint: 139352 ns, At safepoint: 9844 ns, Total: 149196 ns
[2020-09-10T17:23:26.911+0000][1][safepoint    ] Safepoint "Cleanup", Time since last: 1002020535 ns, Reaching safepoint: 767612 ns, At safepoint: 11629 ns, Total: 779241 ns
[2020-09-10T17:23:27.913+0000][1][safepoint    ] Safepoint "Cleanup", Time since last: 1000875926 ns, Reaching safepoint: 176264 ns, At safepoint: 11021 ns, Total: 187285 ns
[2020-09-10T17:23:28.914+0000][1][safepoint    ] Safepoint "Cleanup", Time since last: 1001440949 ns, Reaching safepoint: 150540 ns, At safepoint: 9493 ns, Total: 160033 ns
[2020-09-10T17:23:29.915+0000][1][safepoint    ] Safepoint "Cleanup", Time since last: 1000547286 ns, Reaching safepoint: 78782 ns, At safepoint: 8851 ns, Total: 87633 ns
[2020-09-10T17:23:30.918+0000][1][safepoint    ] Safepoint "Cleanup", Time since last: 1002598969 ns, Reaching safepoint: 521534 ns, At safepoint: 14923 ns, Total: 536457 ns
[2020-09-10T17:23:31.923+0000][1][safepoint    ] Safepoint "Cleanup", Time since last: 1004794739 ns, Reaching safepoint: 80870 ns, At safepoint: 10291 ns, Total: 91161 ns
[2020-09-10T17:23:32.927+0000][1][safepoint    ] Safepoint "Cleanup", Time since last: 1003894650 ns, Reaching safepoint: 156381 ns, At safepoint: 10377 ns, Total: 166758 ns
[2020-09-10T17:23:33.930+0000][1][safepoint    ] Safepoint "Cleanup", Time since last: 1000099448 ns, Reaching safepoint: 3305676 ns, At safepoint: 15709 ns, Total: 3321385 ns
[2020-09-10T17:23:34.932+0000][1][safepoint    ] Safepoint "Cleanup", Time since last: 1001987225 ns, Reaching safepoint: 88720 ns, At safepoint: 9341 ns, Total: 98061 ns
[2020-09-10T17:23:35.936+0000][1][safepoint    ] Safepoint "Cleanup", Time since last: 1002399608 ns, Reaching safepoint: 1198046 ns, At safepoint: 12313 ns, Total: 1210359 ns
[2020-09-10T17:23:36.936+0000][1][safepoint    ] Safepoint "Cleanup", Time since last: 1000258224 ns, Reaching safepoint: 55274 ns, At safepoint: 6561 ns, Total: 61835 ns
[2020-09-10T17:23:37.937+0000][1][safepoint    ] Safepoint "Cleanup", Time since last: 1000159287 ns, Reaching safepoint: 85704 ns, At safepoint: 7569 ns, Total: 93273 ns
[2020-09-10T17:23:38.939+0000][1][safepoint    ] Safepoint "Cleanup", Time since last: 1000102920 ns, Reaching safepoint: 2089910 ns, At safepoint: 11320 ns, Total: 2101230 ns
[2020-09-10T17:23:39.939+0000][1][safepoint    ] Safepoint "Cleanup", Time since last: 1000139916 ns, Reaching safepoint: 69800 ns, At safepoint: 6794 ns, Total: 76594 ns
[2020-09-10T17:23:40.939+0000][1][safepoint    ] Safepoint "Cleanup", Time since last: 1000100645 ns, Reaching safepoint: 375700 ns, At safepoint: 43959 ns, Total: 419659 ns
[2020-09-10T17:23:41.940+0000][1][safepoint    ] Safepoint "Cleanup", Time since last: 1000094480 ns, Reaching safepoint: 46942 ns, At safepoint: 5412 ns, Total: 52354 ns
[2020-09-10T17:23:42.943+0000][1][safepoint    ] Safepoint "Cleanup", Time since last: 1000099897 ns, Reaching safepoint: 3037597 ns, At safepoint: 13310 ns, Total: 3050907 ns
[2020-09-10T17:23:43.943+0000][1][safepoint    ] Safepoint "Cleanup", Time since last: 1000410974 ns, Reaching safepoint: 138567 ns, At safepoint: 14726 ns, Total: 153293 ns
[2020-09-10T17:23:44.944+0000][1][safepoint    ] Safepoint "Cleanup", Time since last: 1000128593 ns, Reaching safepoint: 107970 ns, At safepoint: 6813 ns, Total: 114783 ns
[2020-09-10T17:23:45.946+0000][1][safepoint    ] Safepoint "Cleanup", Time since last: 1002266496 ns, Reaching safepoint: 176214 ns, At safepoint: 10283 ns, Total: 186497 ns
[2020-09-10T17:23:46.948+0000][1][safepoint    ] Safepoint "Cleanup", Time since last: 1001735763 ns, Reaching safepoint: 161881 ns, At safepoint: 8798 ns, Total: 170679 ns
[2020-09-10T17:23:47.950+0000][1][safepoint    ] Safepoint "Cleanup", Time since last: 1001673473 ns, Reaching safepoint: 163540 ns, At safepoint: 9052 ns, Total: 172592 ns
[2020-09-10T17:23:48.950+0000][1][safepoint    ] Safepoint "Cleanup", Time since last: 1000107445 ns, Reaching safepoint: 207512 ns, At safepoint: 9356 ns, Total: 216868 ns
[2020-09-10T17:23:49.950+0000][1][safepoint    ] Safepoint "Cleanup", Time since last: 1000101300 ns, Reaching safepoint: 153609 ns, At safepoint: 7604 ns, Total: 161213 ns
[2020-09-10T17:23:50.952+0000][1][safepoint    ] Safepoint "Cleanup", Time since last: 1001739547 ns, Reaching safepoint: 160667 ns, At safepoint: 8676 ns, Total: 169343 ns
[2020-09-10T17:23:51.953+0000][1][safepoint    ] Safepoint "Cleanup", Time since last: 1000119554 ns, Reaching safepoint: 293217 ns, At safepoint: 21987 ns, Total: 315204 ns
[2020-09-10T17:23:51.956+0000][1][gc,start     ] GC(69) Pause Young (Allocation Failure)
[2020-09-10T17:23:51.956+0000][1][gc,task      ] GC(69) Using 1 workers of 1 for evacuation
[2020-09-10T17:23:51.979+0000][1][gc,age       ] GC(69) Desired survivor size 4358144 bytes, new threshold 6 (max threshold 6)
[2020-09-10T17:23:51.979+0000][1][gc,age       ] GC(69) Age table with threshold 6 (max threshold 6)
[2020-09-10T17:23:51.979+0000][1][gc,age       ] GC(69) - age   1:      40352 bytes,      40352 total
[2020-09-10T17:23:51.979+0000][1][gc,age       ] GC(69) - age   2:      12816 bytes,      53168 total
[2020-09-10T17:23:51.979+0000][1][gc,age       ] GC(69) - age   3:     625240 bytes,     678408 total
[2020-09-10T17:23:51.979+0000][1][gc,age       ] GC(69) - age   4:     383912 bytes,    1062320 total
[2020-09-10T17:23:51.979+0000][1][gc,age       ] GC(69) - age   5:    2585392 bytes,    3647712 total
[2020-09-10T17:23:51.979+0000][1][gc,heap      ] GC(69) ParNew: 74738K->4303K(76672K)
[2020-09-10T17:23:51.979+0000][1][gc,heap      ] GC(69) CMS: 94439K->94439K(2011968K)
[2020-09-10T17:23:51.979+0000][1][gc,metaspace ] GC(69) Metaspace: 75232K->75232K(1118208K)
[2020-09-10T17:23:51.979+0000][1][gc           ] GC(69) Pause Young (Allocation Failure) 165M->96M(2039M) 23.041ms
[2020-09-10T17:23:51.979+0000][1][gc,cpu       ] GC(69) User=0.03s Sys=0.00s Real=0.03s
[2020-09-10T17:23:51.984+0000][1][safepoint    ] Safepoint "GenCollectForAllocation", Time since last: 3227433 ns, Reaching safepoint: 135996 ns, At safepoint: 27756682 ns, Total: 27892678 ns
[2020-09-10T17:23:52.988+0000][1][safepoint    ] Safepoint "Cleanup", Time since last: 1004293418 ns, Reaching safepoint: 122735 ns, At safepoint: 20564 ns, Total: 143299 ns
[2020-09-10T17:23:53.989+0000][1][safepoint    ] Safepoint "Cleanup", Time since last: 1000220338 ns, Reaching safepoint: 113978 ns, At safepoint: 45334 ns, Total: 159312 ns
[2020-09-10T17:23:54.989+0000][1][safepoint    ] Safepoint "Cleanup", Time since last: 1000232760 ns, Reaching safepoint: 84921 ns, At safepoint: 7553 ns, Total: 92474 ns
[2020-09-10T17:23:55.989+0000][1][safepoint    ] Safepoint "Cleanup", Time since last: 1000171265 ns, Reaching safepoint: 99012 ns, At safepoint: 6814 ns, Total: 105826 ns
[2020-09-10T17:23:56.990+0000][1][safepoint    ] Safepoint "Cleanup", Time since last: 1000197255 ns, Reaching safepoint: 105156 ns, At safepoint: 7795 ns, Total: 112951 ns
[2020-09-10T17:23:57.990+0000][1][safepoint    ] Safepoint "Cleanup", Time since last: 1000163690 ns, Reaching safepoint: 85853 ns, At safepoint: 6597 ns, Total: 92450 ns
[2020-09-10T17:23:58.990+0000][1][safepoint    ] Safepoint "Cleanup", Time since last: 1000199783 ns, Reaching safepoint: 89732 ns, At safepoint: 7386 ns, Total: 97118 ns
[2020-09-10T17:23:59.990+0000][1][safepoint    ] Safepoint "Cleanup", Time since last: 1000104161 ns, Reaching safepoint: 59304 ns, At safepoint: 6542 ns, Total: 65846 ns
[2020-09-10T17:24:00.991+0000][1][safepoint    ] Safepoint "Cleanup", Time since last: 1000195337 ns, Reaching safepoint: 76758 ns, At safepoint: 7449 ns, Total: 84207 ns
[2020-09-10T17:24:01.991+0000][1][safepoint    ] Safepoint "Cleanup", Time since last: 1000170101 ns, Reaching safepoint: 111042 ns, At safepoint: 15757 ns, Total: 126799 ns
[2020-09-10T17:24:02.991+0000][1][safepoint    ] Safepoint "Cleanup", Time since last: 1000169637 ns, Reaching safepoint: 97846 ns, At safepoint: 7711 ns, Total: 105557 ns
[2020-09-10T17:24:03.991+0000][1][safepoint    ] Safepoint "Cleanup", Time since last: 1000137002 ns, Reaching safepoint: 109001 ns, At safepoint: 14125 ns, Total: 123126 ns
[2020-09-10T17:24:04.992+0000][1][safepoint    ] Safepoint "Cleanup", Time since last: 1000199548 ns, Reaching safepoint: 103838 ns, At safepoint: 17854 ns, Total: 121692 ns
[2020-09-10T17:24:05.992+0000][1][safepoint    ] Safepoint "Cleanup", Time since last: 1000145578 ns, Reaching safepoint: 51603 ns, At safepoint: 6942 ns, Total: 58545 ns
[2020-09-10T17:24:06.992+0000][1][safepoint    ] Safepoint "Cleanup", Time since last: 1000107414 ns, Reaching safepoint: 134549 ns, At safepoint: 8124 ns, Total: 142673 ns
[2020-09-10T17:24:07.992+0000][1][safepoint    ] Safepoint "Cleanup", Time since last: 1000099840 ns, Reaching safepoint: 50278 ns, At safepoint: 5622 ns, Total: 55900 ns
[2020-09-10T17:24:08.993+0000][1][safepoint    ] Safepoint "Cleanup", Time since last: 1000097800 ns, Reaching safepoint: 950289 ns, At safepoint: 8190 ns, Total: 958479 ns
[2020-09-10T17:24:09.994+0000][1][safepoint    ] Safepoint "Cleanup", Time since last: 1000107107 ns, Reaching safepoint: 60437 ns, At safepoint: 6892 ns, Total: 67329 ns
[2020-09-10T17:24:10.999+0000][1][safepoint    ] Safepoint "Cleanup", Time since last: 1005219748 ns, Reaching safepoint: 295944 ns, At safepoint: 12261 ns, Total: 308205 ns
[2020-09-10T17:24:12.002+0000][1][safepoint    ] Safepoint "Cleanup", Time since last: 1001718052 ns, Reaching safepoint: 1637424 ns, At safepoint: 13936 ns, Total: 1651360 ns
[2020-09-10T17:24:13.004+0000][1][safepoint    ] Safepoint "Cleanup", Time since last: 1000274587 ns, Reaching safepoint: 1340670 ns, At safepoint: 11138 ns, Total: 1351808 ns
[2020-09-10T17:24:14.007+0000][1][safepoint    ] Safepoint "Cleanup", Time since last: 1002622825 ns, Reaching safepoint: 99238 ns, At safepoint: 8727 ns, Total: 107965 ns
[2020-09-10T17:24:15.009+0000][1][safepoint    ] Safepoint "Cleanup", Time since last: 1001609362 ns, Reaching safepoint: 164559 ns, At safepoint: 9562 ns, Total: 174121 ns
[2020-09-10T17:24:16.009+0000][1][safepoint    ] Safepoint "Cleanup", Time since last: 1000401818 ns, Reaching safepoint: 165412 ns, At safepoint: 11044 ns, Total: 176456 ns
[2020-09-10T17:24:17.010+0000][1][safepoint    ] Safepoint "Cleanup", Time since last: 1000867004 ns, Reaching safepoint: 82286 ns, At safepoint: 7581 ns, Total: 89867 ns
[2020-09-10T17:24:18.011+0000][1][safepoint    ] Safepoint "Cleanup", Time since last: 1000230752 ns, Reaching safepoint: 151150 ns, At safepoint: 10044 ns, Total: 161194 ns
[2020-09-10T17:24:19.011+0000][1][safepoint    ] Safepoint "Cleanup", Time since last: 1000081582 ns, Reaching safepoint: 257286 ns, At safepoint: 7084 ns, Total: 264370 ns
[2020-09-10T17:24:20.011+0000][1][safepoint    ] Safepoint "Cleanup", Time since last: 1000084923 ns, Reaching safepoint: 174089 ns, At safepoint: 8620 ns, Total: 182709 ns
[2020-09-10T17:24:21.012+0000][1][safepoint    ] Safepoint "Cleanup", Time since last: 1000623585 ns, Reaching safepoint: 186650 ns, At safepoint: 9753 ns, Total: 196403 ns
[2020-09-10T17:24:22.013+0000][1][safepoint    ] Safepoint "Cleanup", Time since last: 1000644121 ns, Reaching safepoint: 359431 ns, At safepoint: 27386 ns, Total: 386817 ns
[2020-09-10T17:24:23.018+0000][1][safepoint    ] Safepoint "Cleanup", Time since last: 1000710716 ns, Reaching safepoint: 3922390 ns, At safepoint: 13894 ns, Total: 3936284 ns
[2020-09-10T17:24:24.019+0000][1][safepoint    ] Safepoint "Cleanup", Time since last: 1001045390 ns, Reaching safepoint: 148973 ns, At safepoint: 11619 ns, Total: 160592 ns
[2020-09-10T17:24:25.020+0000][1][safepoint    ] Safepoint "Cleanup", Time since last: 1000096326 ns, Reaching safepoint: 1195697 ns, At safepoint: 10767 ns, Total: 1206464 ns
[2020-09-10T17:24:26.020+0000][1][safepoint    ] Safepoint "Cleanup", Time since last: 1000092918 ns, Reaching safepoint: 167610 ns, At safepoint: 6640 ns, Total: 174250 ns
[2020-09-10T17:24:27.021+0000][1][safepoint    ] Safepoint "Cleanup", Time since last: 1000154267 ns, Reaching safepoint: 142621 ns, At safepoint: 14209 ns, Total: 156830 ns
[2020-09-10T17:24:28.022+0000][1][safepoint    ] Safepoint "Cleanup", Time since last: 1000930415 ns, Reaching safepoint: 96751 ns, At safepoint: 7802 ns, Total: 104553 ns
[2020-09-10T17:24:29.023+0000][1][safepoint    ] Safepoint "Cleanup", Time since last: 1000967068 ns, Reaching safepoint: 120991 ns, At safepoint: 16471 ns, Total: 137462 ns
[2020-09-10T17:24:30.023+0000][1][safepoint    ] Safepoint "Cleanup", Time since last: 1000235713 ns, Reaching safepoint: 332065 ns, At safepoint: 21189 ns, Total: 353254 ns
[2020-09-10T17:24:31.024+0000][1][safepoint    ] Safepoint "Cleanup", Time since last: 1000190138 ns, Reaching safepoint: 308735 ns, At safepoint: 18710 ns, Total: 327445 ns
[2020-09-10T17:24:32.024+0000][1][safepoint    ] Safepoint "Cleanup", Time since last: 1000207817 ns, Reaching safepoint: 124155 ns, At safepoint: 21212 ns, Total: 145367 ns
[2020-09-10T17:24:33.025+0000][1][safepoint    ] Safepoint "Cleanup", Time since last: 1001046211 ns, Reaching safepoint: 85850 ns, At safepoint: 8479 ns, Total: 94329 ns
[2020-09-10T17:24:34.026+0000][1][safepoint    ] Safepoint "Cleanup", Time since last: 1000165934 ns, Reaching safepoint: 93503 ns, At safepoint: 8390 ns, Total: 101893 ns
[2020-09-10T17:24:35.026+0000][1][safepoint    ] Safepoint "Cleanup", Time since last: 1000183728 ns, Reaching safepoint: 130536 ns, At safepoint: 20139 ns, Total: 150675 ns
[2020-09-10T17:24:36.026+0000][1][safepoint    ] Safepoint "Cleanup", Time since last: 1000219307 ns, Reaching safepoint: 138341 ns, At safepoint: 26571 ns, Total: 164912 ns
[2020-09-10T17:24:36.037+0000][1][gc,start     ] GC(70) Pause Young (Allocation Failure)
[2020-09-10T17:24:36.037+0000][1][gc,task      ] GC(70) Using 1 workers of 1 for evacuation
[2020-09-10T17:24:36.059+0000][1][gc,age       ] GC(70) Desired survivor size 4358144 bytes, new threshold 6 (max threshold 6)
[2020-09-10T17:24:36.059+0000][1][gc,age       ] GC(70) Age table with threshold 6 (max threshold 6)
[2020-09-10T17:24:36.059+0000][1][gc,age       ] GC(70) - age   1:      46248 bytes,      46248 total
[2020-09-10T17:24:36.059+0000][1][gc,age       ] GC(70) - age   2:       5048 bytes,      51296 total
[2020-09-10T17:24:36.059+0000][1][gc,age       ] GC(70) - age   3:      11744 bytes,      63040 total
[2020-09-10T17:24:36.059+0000][1][gc,age       ] GC(70) - age   4:     625208 bytes,     688248 total
[2020-09-10T17:24:36.059+0000][1][gc,age       ] GC(70) - age   5:     383912 bytes,    1072160 total
[2020-09-10T17:24:36.059+0000][1][gc,age       ] GC(70) - age   6:    2585392 bytes,    3657552 total
[2020-09-10T17:24:36.059+0000][1][gc,heap      ] GC(70) ParNew: 72463K->6419K(76672K)
[2020-09-10T17:24:36.059+0000][1][gc,heap      ] GC(70) CMS: 94439K->94439K(2011968K)
[2020-09-10T17:24:36.059+0000][1][gc,metaspace ] GC(70) Metaspace: 75374K->75374K(1118208K)
[2020-09-10T17:24:36.059+0000][1][gc           ] GC(70) Pause Young (Allocation Failure) 162M->98M(2039M) 22.269ms
[2020-09-10T17:24:36.059+0000][1][gc,cpu       ] GC(70) User=0.01s Sys=0.01s Real=0.03s
[2020-09-10T17:24:36.059+0000][1][safepoint    ] Safepoint "GenCollectForAllocation", Time since last: 9882712 ns, Reaching safepoint: 175331 ns, At safepoint: 22431362 ns, Total: 22606693 ns
[2020-09-10T17:24:37.078+0000][1][safepoint    ] Safepoint "Cleanup", Time since last: 1019247476 ns, Reaching safepoint: 58377 ns, At safepoint: 6358 ns, Total: 64735 ns
[2020-09-10T17:24:38.078+0000][1][safepoint    ] Safepoint "Cleanup", Time since last: 1000102830 ns, Reaching safepoint: 57234 ns, At safepoint: 6755 ns, Total: 63989 ns
[2020-09-10T17:24:39.080+0000][1][safepoint    ] Safepoint "Cleanup", Time since last: 1001102648 ns, Reaching safepoint: 87026 ns, At safepoint: 8526 ns, Total: 95552 ns
[2020-09-10T17:24:40.082+0000][1][safepoint    ] Safepoint "Cleanup", Time since last: 1001456317 ns, Reaching safepoint: 519841 ns, At safepoint: 9697 ns, Total: 529538 ns
[2020-09-10T17:24:41.082+0000][1][safepoint    ] Safepoint "Cleanup", Time since last: 1000148728 ns, Reaching safepoint: 213648 ns, At safepoint: 11877 ns, Total: 225525 ns
[2020-09-10T17:24:42.085+0000][1][safepoint    ] Safepoint "Cleanup", Time since last: 1002541058 ns, Reaching safepoint: 158902 ns, At safepoint: 9946 ns, Total: 168848 ns
[2020-09-10T17:24:43.085+0000][1][safepoint    ] Safepoint "Cleanup", Time since last: 1000125617 ns, Reaching safepoint: 423438 ns, At safepoint: 25535 ns, Total: 448973 ns
[2020-09-10T17:24:44.088+0000][1][safepoint    ] Safepoint "Cleanup", Time since last: 1001441738 ns, Reaching safepoint: 927925 ns, At safepoint: 10441 ns, Total: 938366 ns
[2020-09-10T17:24:45.088+0000][1][safepoint    ] Safepoint "Cleanup", Time since last: 1000140435 ns, Reaching safepoint: 92732 ns, At safepoint: 6767 ns, Total: 99499 ns
[2020-09-10T17:24:46.089+0000][1][safepoint    ] Safepoint "Cleanup", Time since last: 1000517935 ns, Reaching safepoint: 165298 ns, At safepoint: 10540 ns, Total: 175838 ns
[2020-09-10T17:24:47.089+0000][1][safepoint    ] Safepoint "Cleanup", Time since last: 1000111878 ns, Reaching safepoint: 68088 ns, At safepoint: 7049 ns, Total: 75137 ns
[2020-09-10T17:24:48.090+0000][1][safepoint    ] Safepoint "Cleanup", Time since last: 1001444990 ns, Reaching safepoint: 272502 ns, At safepoint: 10946 ns, Total: 283448 ns
[2020-09-10T17:24:49.091+0000][1][safepoint    ] Safepoint "Cleanup", Time since last: 1000184467 ns, Reaching safepoint: 70225 ns, At safepoint: 7706 ns, Total: 77931 ns
[2020-09-10T17:24:50.095+0000][1][safepoint    ] Safepoint "Cleanup", Time since last: 1003928035 ns, Reaching safepoint: 90988 ns, At safepoint: 9590 ns, Total: 100578 ns
[2020-09-10T17:24:51.098+0000][1][safepoint    ] Safepoint "Cleanup", Time since last: 1003025243 ns, Reaching safepoint: 153074 ns, At safepoint: 10153 ns, Total: 163227 ns
[2020-09-10T17:24:52.098+0000][1][safepoint    ] Safepoint "Cleanup", Time since last: 1000139954 ns, Reaching safepoint: 176034 ns, At safepoint: 10233 ns, Total: 186267 ns
[2020-09-10T17:24:53.102+0000][1][safepoint    ] Safepoint "Cleanup", Time since last: 1001684512 ns, Reaching safepoint: 1947063 ns, At safepoint: 9658 ns, Total: 1956721 ns
[2020-09-10T17:24:54.102+0000][1][safepoint    ] Safepoint "Cleanup", Time since last: 1000095644 ns, Reaching safepoint: 143007 ns, At safepoint: 7499 ns, Total: 150506 ns
[2020-09-10T17:24:55.102+0000][1][safepoint    ] Safepoint "Cleanup", Time since last: 1000112692 ns, Reaching safepoint: 78247 ns, At safepoint: 8398 ns, Total: 86645 ns
[2020-09-10T17:24:56.105+0000][1][safepoint    ] Safepoint "Cleanup", Time since last: 1002443469 ns, Reaching safepoint: 169360 ns, At safepoint: 10610 ns, Total: 179970 ns
[2020-09-10T17:24:57.107+0000][1][safepoint    ] Safepoint "Cleanup", Time since last: 1001806861 ns, Reaching safepoint: 178179 ns, At safepoint: 9372 ns, Total: 187551 ns
[2020-09-10T17:24:58.111+0000][1][safepoint    ] Safepoint "Cleanup", Time since last: 1003707416 ns, Reaching safepoint: 445254 ns, At safepoint: 11292 ns, Total: 456546 ns
[2020-09-10T17:24:59.113+0000][1][safepoint    ] Safepoint "Cleanup", Time since last: 1001290540 ns, Reaching safepoint: 281510 ns, At safepoint: 10531 ns, Total: 292041 ns
[2020-09-10T17:25:00.113+0000][1][safepoint    ] Safepoint "Cleanup", Time since last: 1000163699 ns, Reaching safepoint: 89044 ns, At safepoint: 8004 ns, Total: 97048 ns
[2020-09-10T17:25:01.113+0000][1][safepoint    ] Safepoint "Cleanup", Time since last: 1000337900 ns, Reaching safepoint: 136437 ns, At safepoint: 8806 ns, Total: 145243 ns
[2020-09-10T17:25:02.117+0000][1][safepoint    ] Safepoint "Cleanup", Time since last: 1002232651 ns, Reaching safepoint: 867698 ns, At safepoint: 9806 ns, Total: 877504 ns
[2020-09-10T17:25:03.117+0000][1][safepoint    ] Safepoint "Cleanup", Time since last: 1000084735 ns, Reaching safepoint: 181206 ns, At safepoint: 7333 ns, Total: 188539 ns
[2020-09-10T17:25:04.117+0000][1][safepoint    ] Safepoint "Cleanup", Time since last: 1000082673 ns, Reaching safepoint: 45188 ns, At safepoint: 5570 ns, Total: 50758 ns
[2020-09-10T17:25:05.117+0000][1][safepoint    ] Safepoint "Cleanup", Time since last: 1000306077 ns, Reaching safepoint: 109735 ns, At safepoint: 16729 ns, Total: 126464 ns
[2020-09-10T17:25:06.118+0000][1][safepoint    ] Safepoint "Cleanup", Time since last: 1000139869 ns, Reaching safepoint: 179317 ns, At safepoint: 7172 ns, Total: 186489 ns
[2020-09-10T17:25:07.118+0000][1][safepoint    ] Safepoint "Cleanup", Time since last: 1000150069 ns, Reaching safepoint: 100595 ns, At safepoint: 7910 ns, Total: 108505 ns
[2020-09-10T17:25:08.121+0000][1][safepoint    ] Safepoint "Cleanup", Time since last: 1002572359 ns, Reaching safepoint: 165566 ns, At safepoint: 7709 ns, Total: 173275 ns
[2020-09-10T17:25:09.122+0000][1][safepoint    ] Safepoint "Cleanup", Time since last: 1000690830 ns, Reaching safepoint: 230625 ns, At safepoint: 20928 ns, Total: 251553 ns
[2020-09-10T17:25:10.124+0000][1][safepoint    ] Safepoint "Cleanup", Time since last: 1001635737 ns, Reaching safepoint: 532913 ns, At safepoint: 7176 ns, Total: 540089 ns
[2020-09-10T17:25:11.124+0000][1][safepoint    ] Safepoint "Cleanup", Time since last: 1000081854 ns, Reaching safepoint: 168758 ns, At safepoint: 6595 ns, Total: 175353 ns
[2020-09-10T17:25:12.124+0000][1][safepoint    ] Safepoint "Cleanup", Time since last: 1000126157 ns, Reaching safepoint: 93584 ns, At safepoint: 6095 ns, Total: 99679 ns
[2020-09-10T17:25:13.125+0000][1][safepoint    ] Safepoint "Cleanup", Time since last: 1000465244 ns, Reaching safepoint: 129751 ns, At safepoint: 15365 ns, Total: 145116 ns
[2020-09-10T17:25:14.125+0000][1][safepoint    ] Safepoint "Cleanup", Time since last: 1000239874 ns, Reaching safepoint: 95777 ns, At safepoint: 7431 ns, Total: 103208 ns
[2020-09-10T17:25:15.126+0000][1][safepoint    ] Safepoint "Cleanup", Time since last: 1000182288 ns, Reaching safepoint: 115575 ns, At safepoint: 19288 ns, Total: 134863 ns
[2020-09-10T17:25:16.126+0000][1][safepoint    ] Safepoint "Cleanup", Time since last: 1000178515 ns, Reaching safepoint: 169816 ns, At safepoint: 7433 ns, Total: 177249 ns
[2020-09-10T17:25:17.126+0000][1][safepoint    ] Safepoint "Cleanup", Time since last: 1000177965 ns, Reaching safepoint: 82735 ns, At safepoint: 8464 ns, Total: 91199 ns
[2020-09-10T17:25:18.127+0000][1][safepoint    ] Safepoint "Cleanup", Time since last: 1000756128 ns, Reaching safepoint: 123758 ns, At safepoint: 18596 ns, Total: 142354 ns
[2020-09-10T17:25:19.127+0000][1][safepoint    ] Safepoint "Cleanup", Time since last: 1000218920 ns, Reaching safepoint: 91623 ns, At safepoint: 8068 ns, Total: 99691 ns
[2020-09-10T17:25:20.128+0000][1][safepoint    ] Safepoint "Cleanup", Time since last: 1000174260 ns, Reaching safepoint: 89697 ns, At safepoint: 7434 ns, Total: 97131 ns
[2020-09-10T17:25:20.144+0000][1][gc,start     ] GC(71) Pause Young (Allocation Failure)
[2020-09-10T17:25:20.144+0000][1][gc,task      ] GC(71) Using 1 workers of 1 for evacuation
[2020-09-10T17:25:20.168+0000][1][gc,age       ] GC(71) Desired survivor size 4358144 bytes, new threshold 6 (max threshold 6)
[2020-09-10T17:25:20.168+0000][1][gc,age       ] GC(71) Age table with threshold 6 (max threshold 6)
[2020-09-10T17:25:20.168+0000][1][gc,age       ] GC(71) - age   1:      43392 bytes,      43392 total
[2020-09-10T17:25:20.168+0000][1][gc,age       ] GC(71) - age   2:      24128 bytes,      67520 total
[2020-09-10T17:25:20.168+0000][1][gc,age       ] GC(71) - age   3:       4512 bytes,      72032 total
[2020-09-10T17:25:20.168+0000][1][gc,age       ] GC(71) - age   4:      11744 bytes,      83776 total
[2020-09-10T17:25:20.168+0000][1][gc,age       ] GC(71) - age   5:     625208 bytes,     708984 total
[2020-09-10T17:25:20.168+0000][1][gc,age       ] GC(71) - age   6:     383912 bytes,    1092896 total
[2020-09-10T17:25:20.168+0000][1][gc,heap      ] GC(71) ParNew: 74579K->2141K(76672K)
[2020-09-10T17:25:20.168+0000][1][gc,heap      ] GC(71) CMS: 94439K->97040K(2011968K)
[2020-09-10T17:25:20.168+0000][1][gc,metaspace ] GC(71) Metaspace: 75551K->75551K(1118208K)
[2020-09-10T17:25:20.168+0000][1][gc           ] GC(71) Pause Young (Allocation Failure) 165M->96M(2039M) 24.940ms
[2020-09-10T17:25:20.168+0000][1][gc,cpu       ] GC(71) User=0.02s Sys=0.00s Real=0.03s
[2020-09-10T17:25:20.170+0000][1][safepoint    ] Safepoint "GenCollectForAllocation", Time since last: 15584923 ns, Reaching safepoint: 190950 ns, At safepoint: 26047806 ns, Total: 26238756 ns
[2020-09-10T17:25:21.170+0000][1][safepoint    ] Safepoint "Cleanup", Time since last: 1000185007 ns, Reaching safepoint: 49060 ns, At safepoint: 5992 ns, Total: 55052 ns
[2020-09-10T17:25:22.170+0000][1][safepoint    ] Safepoint "Cleanup", Time since last: 1000133461 ns, Reaching safepoint: 118155 ns, At safepoint: 15432 ns, Total: 133587 ns
[2020-09-10T17:25:23.170+0000][1][safepoint    ] Safepoint "Cleanup", Time since last: 1000223885 ns, Reaching safepoint: 134665 ns, At safepoint: 15526 ns, Total: 150191 ns
[2020-09-10T17:25:24.171+0000][1][safepoint    ] Safepoint "Cleanup", Time since last: 1000222682 ns, Reaching safepoint: 98950 ns, At safepoint: 35478 ns, Total: 134428 ns
[2020-09-10T17:25:25.171+0000][1][safepoint    ] Safepoint "Cleanup", Time since last: 1000178278 ns, Reaching safepoint: 117822 ns, At safepoint: 6759 ns, Total: 124581 ns
[2020-09-10T17:25:26.171+0000][1][safepoint    ] Safepoint "Cleanup", Time since last: 1000186257 ns, Reaching safepoint: 83998 ns, At safepoint: 7314 ns, Total: 91312 ns
[2020-09-10T17:25:27.101+0000][1][safepoint    ] Safepoint "RevokeBias", Time since last: 929586958 ns, Reaching safepoint: 456881 ns, At safepoint: 16044 ns, Total: 472925 ns
[2020-09-10T17:25:27.102+0000][1][safepoint    ] Safepoint "RevokeBias", Time since last: 95769 ns, Reaching safepoint: 178211 ns, At safepoint: 6614 ns, Total: 184825 ns
[2020-09-10T17:25:27.104+0000][1][safepoint    ] Safepoint "RevokeBias", Time since last: 655581 ns, Reaching safepoint: 1806211 ns, At safepoint: 12792 ns, Total: 1819003 ns
[2020-09-10T17:25:27.105+0000][1][safepoint    ] Safepoint "RevokeBias", Time since last: 647006 ns, Reaching safepoint: 372158 ns, At safepoint: 10008 ns, Total: 382166 ns
[2020-09-10T17:25:27.106+0000][1][safepoint    ] Safepoint "RevokeBias", Time since last: 979763 ns, Reaching safepoint: 177938 ns, At safepoint: 7968 ns, Total: 185906 ns
[2020-09-10T17:25:27.107+0000][1][safepoint    ] Safepoint "RevokeBias", Time since last: 225638 ns, Reaching safepoint: 397846 ns, At safepoint: 7240 ns, Total: 405086 ns
[2020-09-10T17:25:27.123+0000][1][safepoint    ] Safepoint "RevokeBias", Time since last: 15781835 ns, Reaching safepoint: 234129 ns, At safepoint: 8761 ns, Total: 242890 ns
[2020-09-10T17:25:27.127+0000][1][safepoint    ] Safepoint "RevokeBias", Time since last: 99686 ns, Reaching safepoint: 3861109 ns, At safepoint: 10095 ns, Total: 3871204 ns
[2020-09-10T17:25:27.127+0000][1][safepoint    ] Safepoint "RevokeBias", Time since last: 55871 ns, Reaching safepoint: 148844 ns, At safepoint: 7578 ns, Total: 156422 ns
[2020-09-10T17:25:27.131+0000][1][safepoint    ] Safepoint "RevokeBias", Time since last: 2668344 ns, Reaching safepoint: 1271650 ns, At safepoint: 13161 ns, Total: 1284811 ns
[2020-09-10T17:25:27.135+0000][1][safepoint    ] Safepoint "RevokeBias", Time since last: 1325582 ns, Reaching safepoint: 2196451 ns, At safepoint: 14020 ns, Total: 2210471 ns
[2020-09-10T17:25:27.135+0000][1][safepoint    ] Safepoint "RevokeBias", Time since last: 486131 ns, Reaching safepoint: 99988 ns, At safepoint: 7794 ns, Total: 107782 ns
[2020-09-10T17:25:27.136+0000][1][safepoint    ] Safepoint "RevokeBias", Time since last: 130483 ns, Reaching safepoint: 96616 ns, At safepoint: 7341 ns, Total: 103957 ns
[2020-09-10T17:25:27.136+0000][1][safepoint    ] Safepoint "RevokeBias", Time since last: 51866 ns, Reaching safepoint: 94590 ns, At safepoint: 7085 ns, Total: 101675 ns
[2020-09-10T17:25:27.136+0000][1][safepoint    ] Safepoint "RevokeBias", Time since last: 91150 ns, Reaching safepoint: 96154 ns, At safepoint: 7297 ns, Total: 103451 ns
[2020-09-10T17:25:27.136+0000][1][safepoint    ] Safepoint "RevokeBias", Time since last: 43495 ns, Reaching safepoint: 94340 ns, At safepoint: 7100 ns, Total: 101440 ns
[2020-09-10T17:25:27.137+0000][1][safepoint    ] Safepoint "RevokeBias", Time since last: 639290 ns, Reaching safepoint: 583599 ns, At safepoint: 8388 ns, Total: 591987 ns
[2020-09-10T17:25:27.139+0000][1][safepoint    ] Safepoint "RevokeBias", Time since last: 1120315 ns, Reaching safepoint: 300913 ns, At safepoint: 8142 ns, Total: 309055 ns
[2020-09-10T17:25:27.142+0000][1][safepoint    ] Safepoint "RevokeBias", Time since last: 881174 ns, Reaching safepoint: 2083887 ns, At safepoint: 12939 ns, Total: 2096826 ns
[2020-09-10T17:25:27.523+0000][1][safepoint    ] Safepoint "RevokeBias", Time since last: 380775133 ns, Reaching safepoint: 46655 ns, At safepoint: 7338 ns, Total: 53993 ns
[2020-09-10T17:25:27.523+0000][1][safepoint    ] Safepoint "RevokeBias", Time since last: 422312 ns, Reaching safepoint: 98281 ns, At safepoint: 6471 ns, Total: 104752 ns
[2020-09-10T17:25:27.525+0000][1][safepoint    ] Safepoint "RevokeBias", Time since last: 1478244 ns, Reaching safepoint: 31917 ns, At safepoint: 5645 ns, Total: 37562 ns
[2020-09-10T17:25:27.525+0000][1][safepoint    ] Safepoint "RevokeBias", Time since last: 48515 ns, Reaching safepoint: 17439 ns, At safepoint: 4322 ns, Total: 21761 ns
[2020-09-10T17:25:27.525+0000][1][safepoint    ] Safepoint "RevokeBias", Time since last: 34681 ns, Reaching safepoint: 16637 ns, At safepoint: 3983 ns, Total: 20620 ns
[2020-09-10T17:25:27.525+0000][1][safepoint    ] Safepoint "RevokeBias", Time since last: 88591 ns, Reaching safepoint: 28454 ns, At safepoint: 5466 ns, Total: 33920 ns
[2020-09-10T17:25:27.525+0000][1][safepoint    ] Safepoint "RevokeBias", Time since last: 238419 ns, Reaching safepoint: 17941 ns, At safepoint: 4396 ns, Total: 22337 ns
[2020-09-10T17:25:27.531+0000][1][safepoint    ] Safepoint "RevokeBias", Time since last: 695586 ns, Reaching safepoint: 5158813 ns, At safepoint: 13006 ns, Total: 5171819 ns
[2020-09-10T17:25:27.531+0000][1][safepoint    ] Safepoint "RevokeBias", Time since last: 63207 ns, Reaching safepoint: 237711 ns, At safepoint: 7453 ns, Total: 245164 ns
[2020-09-10T17:25:27.531+0000][1][safepoint    ] Safepoint "RevokeBias", Time since last: 45937 ns, Reaching safepoint: 170410 ns, At safepoint: 7488 ns, Total: 177898 ns
[2020-09-10T17:25:27.532+0000][1][safepoint    ] Safepoint "RevokeBias", Time since last: 123647 ns, Reaching safepoint: 179489 ns, At safepoint: 7729 ns, Total: 187218 ns
[2020-09-10T17:25:27.532+0000][1][safepoint    ] Safepoint "RevokeBias", Time since last: 46830 ns, Reaching safepoint: 181480 ns, At safepoint: 6502 ns, Total: 187982 ns
[2020-09-10T17:25:27.539+0000][1][safepoint    ] Safepoint "RevokeBias", Time since last: 5521789 ns, Reaching safepoint: 1193690 ns, At safepoint: 15407 ns, Total: 1209097 ns
[2020-09-10T17:25:27.539+0000][1][safepoint    ] Safepoint "RevokeBias", Time since last: 59918 ns, Reaching safepoint: 172611 ns, At safepoint: 6933 ns, Total: 179544 ns
[2020-09-10T17:25:27.540+0000][1][safepoint    ] Safepoint "RevokeBias", Time since last: 51432 ns, Reaching safepoint: 560830 ns, At safepoint: 7323 ns, Total: 568153 ns
[2020-09-10T17:25:27.543+0000][1][safepoint    ] Safepoint "RevokeBias", Time since last: 74039 ns, Reaching safepoint: 3007095 ns, At safepoint: 8087 ns, Total: 3015182 ns
[2020-09-10T17:25:27.543+0000][1][safepoint    ] Safepoint "RevokeBias", Time since last: 87932 ns, Reaching safepoint: 96028 ns, At safepoint: 6232 ns, Total: 102260 ns
[2020-09-10T17:25:27.543+0000][1][safepoint    ] Safepoint "RevokeBias", Time since last: 78663 ns, Reaching safepoint: 407564 ns, At safepoint: 6604 ns, Total: 414168 ns
[2020-09-10T17:25:27.545+0000][1][safepoint    ] Safepoint "RevokeBias", Time since last: 469904 ns, Reaching safepoint: 1631893 ns, At safepoint: 6350 ns, Total: 1638243 ns
[2020-09-10T17:25:27.547+0000][1][safepoint    ] Safepoint "RevokeBias", Time since last: 378865 ns, Reaching safepoint: 813755 ns, At safepoint: 6919 ns, Total: 820674 ns
[2020-09-10T17:25:27.564+0000][1][safepoint    ] Safepoint "BulkRevokeBias", Time since last: 16817971 ns, Reaching safepoint: 785013 ns, At safepoint: 91062 ns, Total: 876075 ns
[2020-09-10T17:25:27.631+0000][1][safepoint    ] Safepoint "RevokeBias", Time since last: 64947444 ns, Reaching safepoint: 1373442 ns, At safepoint: 9038 ns, Total: 1382480 ns
[2020-09-10T17:25:27.631+0000][1][safepoint    ] Safepoint "RevokeBias", Time since last: 87927 ns, Reaching safepoint: 598159 ns, At safepoint: 7168 ns, Total: 605327 ns
[2020-09-10T17:25:27.632+0000][1][safepoint    ] Safepoint "RevokeBias", Time since last: 56891 ns, Reaching safepoint: 426899 ns, At safepoint: 6830 ns, Total: 433729 ns
[2020-09-10T17:25:27.633+0000][1][safepoint    ] Safepoint "RevokeBias", Time since last: 403608 ns, Reaching safepoint: 582762 ns, At safepoint: 6668 ns, Total: 589430 ns
[2020-09-10T17:25:27.639+0000][1][safepoint    ] Safepoint "RevokeBias", Time since last: 627569 ns, Reaching safepoint: 5205790 ns, At safepoint: 17464 ns, Total: 5223254 ns
[2020-09-10T17:25:27.640+0000][1][safepoint    ] Safepoint "RevokeBias", Time since last: 864074 ns, Reaching safepoint: 408250 ns, At safepoint: 7580 ns, Total: 415830 ns
[2020-09-10T17:25:27.670+0000][1][safepoint    ] Safepoint "RevokeBias", Time since last: 27504880 ns, Reaching safepoint: 2502010 ns, At safepoint: 14657 ns, Total: 2516667 ns
[2020-09-10T17:25:27.675+0000][1][safepoint    ] Safepoint "RevokeBias", Time since last: 1717272 ns, Reaching safepoint: 2923639 ns, At safepoint: 10138 ns, Total: 2933777 ns
[2020-09-10T17:25:27.683+0000][1][safepoint    ] Safepoint "RevokeBias", Time since last: 4521151 ns, Reaching safepoint: 3498991 ns, At safepoint: 15673 ns, Total: 3514664 ns
[2020-09-10T17:25:27.687+0000][1][safepoint    ] Safepoint "RevokeBias", Time since last: 167874 ns, Reaching safepoint: 3776311 ns, At safepoint: 5872 ns, Total: 3782183 ns
[2020-09-10T17:25:27.687+0000][1][safepoint    ] Safepoint "RevokeBias", Time since last: 110568 ns, Reaching safepoint: 87038 ns, At safepoint: 6314 ns, Total: 93352 ns
[2020-09-10T17:25:27.687+0000][1][safepoint    ] Safepoint "RevokeBias", Time since last: 66862 ns, Reaching safepoint: 82920 ns, At safepoint: 6272 ns, Total: 89192 ns
[2020-09-10T17:25:27.707+0000][1][safepoint    ] Safepoint "RevokeBias", Time since last: 19744911 ns, Reaching safepoint: 111581 ns, At safepoint: 23805 ns, Total: 135386 ns
[2020-09-10T17:25:27.718+0000][1][safepoint    ] Safepoint "RevokeBias", Time since last: 10536222 ns, Reaching safepoint: 110850 ns, At safepoint: 9639 ns, Total: 120489 ns
[2020-09-10T17:25:27.730+0000][1][safepoint    ] Safepoint "RevokeBias", Time since last: 12184565 ns, Reaching safepoint: 105383 ns, At safepoint: 8394 ns, Total: 113777 ns
[2020-09-10T17:25:27.745+0000][1][gc,heap,exit ] Heap
[2020-09-10T17:25:27.745+0000][1][gc,heap,exit ]  par new generation   total 76672K, used 20637K [0x0000000080000000, 0x0000000085330000, 0x0000000085330000)
[2020-09-10T17:25:27.745+0000][1][gc,heap,exit ]   eden space 68160K,  27% used [0x0000000080000000, 0x000000008120fd38, 0x0000000084290000)
[2020-09-10T17:25:27.745+0000][1][gc,heap,exit ]   from space 8512K,  25% used [0x0000000084ae0000, 0x0000000084cf7758, 0x0000000085330000)
[2020-09-10T17:25:27.745+0000][1][gc,heap,exit ]   to   space 8512K,   0% used [0x0000000084290000, 0x0000000084290000, 0x0000000084ae0000)
[2020-09-10T17:25:27.745+0000][1][gc,heap,exit ]  concurrent mark-sweep generation total 2011968K, used 97040K [0x0000000085330000, 0x0000000100000000, 0x0000000100000000)
[2020-09-10T17:25:27.745+0000][1][gc,heap,exit ]  Metaspace       used 75748K, capacity 81629K, committed 81772K, reserved 1118208K
[2020-09-10T17:25:27.745+0000][1][gc,heap,exit ]   class space    used 10065K, capacity 12477K, committed 12536K, reserved 1048576K
