[2020-09-11T14:22:29.411+0000][1][gc] Using Concurrent Mark Sweep
[2020-09-11T14:22:29.411+0000][1][gc,heap,coops] Heap address: 0x00000000e0000000, size: 512 MB, Compressed Oops mode: 32-bit
[2020-09-11T14:22:29.684+0000][1][safepoint    ] Safepoint "EnableBiasedLocking", Time since last: 240474007 ns, Reaching safepoint: 7485568 ns, At safepoint: 47227 ns, Total: 7532795 ns
[2020-09-11T14:22:29.695+0000][1][safepoint    ] Safepoint "RevokeBias", Time since last: 11021072 ns, Reaching safepoint: 893605 ns, At safepoint: 39543 ns, Total: 933148 ns
[2020-09-11T14:22:29.760+0000][1][safepoint    ] Safepoint "Deoptimize", Time since last: 64752767 ns, Reaching safepoint: 99008 ns, At safepoint: 23779 ns, Total: 122787 ns
[2020-09-11T14:22:30.463+0000][1][safepoint    ] Safepoint "RevokeBias", Time since last: 702407370 ns, Reaching safepoint: 694209 ns, At safepoint: 35756 ns, Total: 729965 ns
[2020-09-11T14:22:30.516+0000][1][safepoint    ] Safepoint "RevokeBias", Time since last: 48607144 ns, Reaching safepoint: 3379706 ns, At safepoint: 41711 ns, Total: 3421417 ns
[2020-09-11T14:22:30.519+0000][1][safepoint    ] Safepoint "Deoptimize", Time since last: 1722623 ns, Reaching safepoint: 2202961 ns, At safepoint: 37197 ns, Total: 2240158 ns
[2020-09-11T14:22:30.530+0000][1][safepoint    ] Safepoint "Deoptimize", Time since last: 7377576 ns, Reaching safepoint: 3343608 ns, At safepoint: 47984 ns, Total: 3391592 ns
[2020-09-11T14:22:30.795+0000][1][safepoint    ] Safepoint "Deoptimize", Time since last: 263834045 ns, Reaching safepoint: 1352943 ns, At safepoint: 41434 ns, Total: 1394377 ns
[2020-09-11T14:22:31.799+0000][1][safepoint    ] Safepoint "Cleanup", Time since last: 1003074441 ns, Reaching safepoint: 929634 ns, At safepoint: 6666 ns, Total: 936300 ns
[2020-09-11T14:22:32.801+0000][1][safepoint    ] Safepoint "Cleanup", Time since last: 1001321852 ns, Reaching safepoint: 118197 ns, At safepoint: 4909 ns, Total: 123106 ns
[2020-09-11T14:22:33.088+0000][1][safepoint    ] Safepoint "Deoptimize", Time since last: 287269400 ns, Reaching safepoint: 107499 ns, At safepoint: 69650 ns, Total: 177149 ns
[2020-09-11T14:22:33.388+0000][1][safepoint    ] Safepoint "Deoptimize", Time since last: 299868241 ns, Reaching safepoint: 96189 ns, At safepoint: 66698 ns, Total: 162887 ns
[2020-09-11T14:22:33.713+0000][1][safepoint    ] Safepoint "Deoptimize", Time since last: 320542917 ns, Reaching safepoint: 4330208 ns, At safepoint: 78044 ns, Total: 4408252 ns
[2020-09-11T14:22:34.720+0000][1][safepoint    ] Safepoint "Cleanup", Time since last: 1006071163 ns, Reaching safepoint: 118672 ns, At safepoint: 5137 ns, Total: 123809 ns
[2020-09-11T14:22:35.705+0000][1][safepoint    ] Safepoint "Deoptimize", Time since last: 985615195 ns, Reaching safepoint: 122676 ns, At safepoint: 91512 ns, Total: 214188 ns
[2020-09-11T14:22:36.715+0000][1][safepoint    ] Safepoint "Cleanup", Time since last: 1010044945 ns, Reaching safepoint: 41956 ns, At safepoint: 7080 ns, Total: 49036 ns
[2020-09-11T14:22:37.948+0000][1][safepoint    ] Safepoint "Deoptimize", Time since last: 1232668926 ns, Reaching safepoint: 97665 ns, At safepoint: 89564 ns, Total: 187229 ns
[2020-09-11T14:22:38.954+0000][1][safepoint    ] Safepoint "Cleanup", Time since last: 1003097050 ns, Reaching safepoint: 2648615 ns, At safepoint: 7271 ns, Total: 2655886 ns
[2020-09-11T14:22:39.909+0000][1][safepoint    ] Safepoint "Deoptimize", Time since last: 954762200 ns, Reaching safepoint: 109382 ns, At safepoint: 107708 ns, Total: 217090 ns
[2020-09-11T14:22:39.930+0000][1][safepoint    ] Safepoint "Deoptimize", Time since last: 20884708 ns, Reaching safepoint: 18838 ns, At safepoint: 115660 ns, Total: 134498 ns
[2020-09-11T14:22:40.238+0000][1][safepoint    ] Safepoint "Deoptimize", Time since last: 301742995 ns, Reaching safepoint: 5750270 ns, At safepoint: 121577 ns, Total: 5871847 ns
[2020-09-11T14:22:40.256+0000][1][safepoint    ] Safepoint "Deoptimize", Time since last: 14799843 ns, Reaching safepoint: 2950451 ns, At safepoint: 122044 ns, Total: 3072495 ns
[2020-09-11T14:22:40.324+0000][1][safepoint    ] Safepoint "RevokeBias", Time since last: 68394006 ns, Reaching safepoint: 96109 ns, At safepoint: 24352 ns, Total: 120461 ns
[2020-09-11T14:22:40.325+0000][1][safepoint    ] Safepoint "RevokeBias", Time since last: 422170 ns, Reaching safepoint: 78292 ns, At safepoint: 16002 ns, Total: 94294 ns
[2020-09-11T14:22:40.325+0000][1][safepoint    ] Safepoint "RevokeBias", Time since last: 59495 ns, Reaching safepoint: 76605 ns, At safepoint: 13807 ns, Total: 90412 ns
[2020-09-11T14:22:40.332+0000][1][safepoint    ] Safepoint "RevokeBias", Time since last: 7097778 ns, Reaching safepoint: 93763 ns, At safepoint: 26817 ns, Total: 120580 ns
[2020-09-11T14:22:40.816+0000][1][safepoint    ] Safepoint "RevokeBias", Time since last: 478116260 ns, Reaching safepoint: 5421050 ns, At safepoint: 18484 ns, Total: 5439534 ns
[2020-09-11T14:22:41.823+0000][1][safepoint    ] Safepoint "Cleanup", Time since last: 1007368977 ns, Reaching safepoint: 576678 ns, At safepoint: 9124 ns, Total: 585802 ns
[2020-09-11T14:22:42.824+0000][1][safepoint    ] Safepoint "Cleanup", Time since last: 1000107216 ns, Reaching safepoint: 183477 ns, At safepoint: 5969 ns, Total: 189446 ns
[2020-09-11T14:22:42.920+0000][1][gc,start     ] GC(0) Pause Young (Allocation Failure)
[2020-09-11T14:22:42.920+0000][1][gc,task      ] GC(0) Using 1 workers of 1 for evacuation
[2020-09-11T14:22:42.979+0000][1][gc,age       ] GC(0) Desired survivor size 4358144 bytes, new threshold 1 (max threshold 6)
[2020-09-11T14:22:42.979+0000][1][gc,age       ] GC(0) Age table with threshold 1 (max threshold 6)
[2020-09-11T14:22:42.979+0000][1][gc,age       ] GC(0) - age   1:    6433704 bytes,    6433704 total
[2020-09-11T14:22:42.979+0000][1][gc,heap      ] GC(0) ParNew: 68160K->6310K(76672K)
[2020-09-11T14:22:42.979+0000][1][gc,heap      ] GC(0) CMS: 0K->0K(439104K)
[2020-09-11T14:22:42.979+0000][1][gc,metaspace ] GC(0) Metaspace: 13619K->13619K(1060864K)
[2020-09-11T14:22:42.979+0000][1][gc           ] GC(0) Pause Young (Allocation Failure) 66M->6M(503M) 59.579ms
[2020-09-11T14:22:42.979+0000][1][gc,cpu       ] GC(0) User=0.02s Sys=0.00s Real=0.06s
[2020-09-11T14:22:42.991+0000][1][safepoint    ] Safepoint "GenCollectForAllocation", Time since last: 95808059 ns, Reaching safepoint: 99078 ns, At safepoint: 71748548 ns, Total: 71847626 ns
[2020-09-11T14:22:43.047+0000][1][safepoint    ] Safepoint "RevokeBias", Time since last: 39848452 ns, Reaching safepoint: 130603 ns, At safepoint: 16014781 ns, Total: 16145384 ns
[2020-09-11T14:22:43.048+0000][1][safepoint    ] Safepoint "RevokeBias", Time since last: 151087 ns, Reaching safepoint: 91433 ns, At safepoint: 28771 ns, Total: 120204 ns
[2020-09-11T14:22:43.048+0000][1][safepoint    ] Safepoint "RevokeBias", Time since last: 175206 ns, Reaching safepoint: 79762 ns, At safepoint: 20180 ns, Total: 99942 ns
[2020-09-11T14:22:43.068+0000][1][safepoint    ] Safepoint "RevokeBias", Time since last: 19471982 ns, Reaching safepoint: 239644 ns, At safepoint: 21180 ns, Total: 260824 ns
[2020-09-11T14:22:43.068+0000][1][safepoint    ] Safepoint "RevokeBias", Time since last: 87646 ns, Reaching safepoint: 87408 ns, At safepoint: 16058 ns, Total: 103466 ns
[2020-09-11T14:22:43.068+0000][1][safepoint    ] Safepoint "RevokeBias", Time since last: 41409 ns, Reaching safepoint: 75938 ns, At safepoint: 13137 ns, Total: 89075 ns
[2020-09-11T14:22:43.068+0000][1][safepoint    ] Safepoint "RevokeBias", Time since last: 36407 ns, Reaching safepoint: 77328 ns, At safepoint: 13818 ns, Total: 91146 ns
[2020-09-11T14:22:43.068+0000][1][safepoint    ] Safepoint "RevokeBias", Time since last: 29360 ns, Reaching safepoint: 76710 ns, At safepoint: 16338 ns, Total: 93048 ns
[2020-09-11T14:22:43.068+0000][1][safepoint    ] Safepoint "RevokeBias", Time since last: 49629 ns, Reaching safepoint: 76636 ns, At safepoint: 13225 ns, Total: 89861 ns
[2020-09-11T14:22:43.069+0000][1][safepoint    ] Safepoint "RevokeBias", Time since last: 28795 ns, Reaching safepoint: 75489 ns, At safepoint: 12790 ns, Total: 88279 ns
[2020-09-11T14:22:43.071+0000][1][safepoint    ] Safepoint "RevokeBias", Time since last: 34440 ns, Reaching safepoint: 2852618 ns, At safepoint: 15080 ns, Total: 2867698 ns
[2020-09-11T14:22:43.075+0000][1][safepoint    ] Safepoint "RevokeBias", Time since last: 53478 ns, Reaching safepoint: 3147983 ns, At safepoint: 24122 ns, Total: 3172105 ns
[2020-09-11T14:22:43.075+0000][1][safepoint    ] Safepoint "RevokeBias", Time since last: 108276 ns, Reaching safepoint: 82506 ns, At safepoint: 14797 ns, Total: 97303 ns
[2020-09-11T14:22:43.075+0000][1][safepoint    ] Safepoint "RevokeBias", Time since last: 31108 ns, Reaching safepoint: 77005 ns, At safepoint: 15936 ns, Total: 92941 ns
[2020-09-11T14:22:43.075+0000][1][safepoint    ] Safepoint "RevokeBias", Time since last: 49273 ns, Reaching safepoint: 76790 ns, At safepoint: 13111 ns, Total: 89901 ns
[2020-09-11T14:22:43.075+0000][1][safepoint    ] Safepoint "RevokeBias", Time since last: 29439 ns, Reaching safepoint: 76235 ns, At safepoint: 12756 ns, Total: 88991 ns
[2020-09-11T14:22:43.076+0000][1][safepoint    ] Safepoint "RevokeBias", Time since last: 206950 ns, Reaching safepoint: 76971 ns, At safepoint: 13089 ns, Total: 90060 ns
[2020-09-11T14:22:43.076+0000][1][safepoint    ] Safepoint "RevokeBias", Time since last: 31917 ns, Reaching safepoint: 75236 ns, At safepoint: 12326 ns, Total: 87562 ns
[2020-09-11T14:22:43.076+0000][1][safepoint    ] Safepoint "RevokeBias", Time since last: 37119 ns, Reaching safepoint: 75897 ns, At safepoint: 11798 ns, Total: 87695 ns
[2020-09-11T14:22:43.076+0000][1][safepoint    ] Safepoint "RevokeBias", Time since last: 28418 ns, Reaching safepoint: 75779 ns, At safepoint: 12067 ns, Total: 87846 ns
[2020-09-11T14:22:43.076+0000][1][safepoint    ] Safepoint "RevokeBias", Time since last: 47928 ns, Reaching safepoint: 349652 ns, At safepoint: 12573 ns, Total: 362225 ns
[2020-09-11T14:22:43.076+0000][1][safepoint    ] Safepoint "RevokeBias", Time since last: 30450 ns, Reaching safepoint: 76000 ns, At safepoint: 12895 ns, Total: 88895 ns
[2020-09-11T14:22:43.077+0000][1][safepoint    ] Safepoint "RevokeBias", Time since last: 92855 ns, Reaching safepoint: 76397 ns, At safepoint: 12871 ns, Total: 89268 ns
[2020-09-11T14:22:43.077+0000][1][safepoint    ] Safepoint "RevokeBias", Time since last: 28685 ns, Reaching safepoint: 76560 ns, At safepoint: 14498 ns, Total: 91058 ns
[2020-09-11T14:22:43.077+0000][1][safepoint    ] Safepoint "RevokeBias", Time since last: 38767 ns, Reaching safepoint: 77255 ns, At safepoint: 24709 ns, Total: 101964 ns
[2020-09-11T14:22:43.077+0000][1][safepoint    ] Safepoint "RevokeBias", Time since last: 30576 ns, Reaching safepoint: 76476 ns, At safepoint: 13766 ns, Total: 90242 ns
[2020-09-11T14:22:43.084+0000][1][safepoint    ] Safepoint "RevokeBias", Time since last: 6464548 ns, Reaching safepoint: 93739 ns, At safepoint: 21801 ns, Total: 115540 ns
[2020-09-11T14:22:43.084+0000][1][safepoint    ] Safepoint "RevokeBias", Time since last: 53170 ns, Reaching safepoint: 76946 ns, At safepoint: 14017 ns, Total: 90963 ns
[2020-09-11T14:22:43.084+0000][1][safepoint    ] Safepoint "RevokeBias", Time since last: 108042 ns, Reaching safepoint: 76597 ns, At safepoint: 13284 ns, Total: 89881 ns
[2020-09-11T14:22:43.084+0000][1][safepoint    ] Safepoint "RevokeBias", Time since last: 29238 ns, Reaching safepoint: 75604 ns, At safepoint: 12719 ns, Total: 88323 ns
[2020-09-11T14:22:43.250+0000][1][safepoint    ] Safepoint "Deoptimize", Time since last: 164358265 ns, Reaching safepoint: 1452325 ns, At safepoint: 203748 ns, Total: 1656073 ns
[2020-09-11T14:22:44.250+0000][1][safepoint    ] Safepoint "Cleanup", Time since last: 1000131418 ns, Reaching safepoint: 55512 ns, At safepoint: 5264 ns, Total: 60776 ns
[2020-09-11T14:22:44.887+0000][1][safepoint    ] Safepoint "RevokeBias", Time since last: 633216851 ns, Reaching safepoint: 4000784 ns, At safepoint: 46249 ns, Total: 4047033 ns
[2020-09-11T14:22:45.895+0000][1][safepoint    ] Safepoint "Cleanup", Time since last: 1003921024 ns, Reaching safepoint: 4057356 ns, At safepoint: 14542 ns, Total: 4071898 ns
[2020-09-11T14:22:46.720+0000][1][safepoint    ] Safepoint "Deoptimize", Time since last: 819608149 ns, Reaching safepoint: 4373193 ns, At safepoint: 178797 ns, Total: 4551990 ns
[2020-09-11T14:22:47.324+0000][1][gc,start     ] GC(1) Pause Young (Allocation Failure)
[2020-09-11T14:22:47.324+0000][1][gc,task      ] GC(1) Using 1 workers of 1 for evacuation
[2020-09-11T14:22:47.482+0000][1][gc,age       ] GC(1) Desired survivor size 4358144 bytes, new threshold 6 (max threshold 6)
[2020-09-11T14:22:47.482+0000][1][gc,age       ] GC(1) Age table with threshold 6 (max threshold 6)
[2020-09-11T14:22:47.482+0000][1][gc,age       ] GC(1) - age   1:    3775424 bytes,    3775424 total
[2020-09-11T14:22:47.482+0000][1][gc,heap      ] GC(1) ParNew: 74470K->4228K(76672K)
[2020-09-11T14:22:47.482+0000][1][gc,heap      ] GC(1) CMS: 0K->6824K(439104K)
[2020-09-11T14:22:47.482+0000][1][gc,metaspace ] GC(1) Metaspace: 18150K->18150K(1064960K)
[2020-09-11T14:22:47.482+0000][1][gc           ] GC(1) Pause Young (Allocation Failure) 72M->10M(503M) 158.458ms
[2020-09-11T14:22:47.482+0000][1][gc,cpu       ] GC(1) User=0.04s Sys=0.00s Real=0.15s
[2020-09-11T14:22:47.488+0000][1][safepoint    ] Safepoint "GenCollectForAllocation", Time since last: 604238629 ns, Reaching safepoint: 117098 ns, At safepoint: 164485318 ns, Total: 164602416 ns
[2020-09-11T14:22:47.546+0000][1][safepoint    ] Safepoint "BulkRevokeBias", Time since last: 57608856 ns, Reaching safepoint: 106776 ns, At safepoint: 100863 ns, Total: 207639 ns
[2020-09-11T14:22:47.547+0000][1][safepoint    ] Safepoint "RevokeBias", Time since last: 108036 ns, Reaching safepoint: 111372 ns, At safepoint: 30313 ns, Total: 141685 ns
[2020-09-11T14:22:47.547+0000][1][safepoint    ] Safepoint "RevokeBias", Time since last: 42057 ns, Reaching safepoint: 78355 ns, At safepoint: 34443 ns, Total: 112798 ns
[2020-09-11T14:22:47.547+0000][1][safepoint    ] Safepoint "RevokeBias", Time since last: 31362 ns, Reaching safepoint: 152688 ns, At safepoint: 31480 ns, Total: 184168 ns
[2020-09-11T14:22:47.547+0000][1][safepoint    ] Safepoint "RevokeBias", Time since last: 26927 ns, Reaching safepoint: 79142 ns, At safepoint: 44560 ns, Total: 123702 ns
[2020-09-11T14:22:47.551+0000][1][safepoint    ] Safepoint "RevokeBias", Time since last: 31764 ns, Reaching safepoint: 4328294 ns, At safepoint: 47211 ns, Total: 4375505 ns
[2020-09-11T14:22:47.555+0000][1][safepoint    ] Safepoint "RevokeBias", Time since last: 68878 ns, Reaching safepoint: 3882563 ns, At safepoint: 46207 ns, Total: 3928770 ns
[2020-09-11T14:22:47.556+0000][1][safepoint    ] Safepoint "BulkRevokeBias", Time since last: 85030 ns, Reaching safepoint: 83334 ns, At safepoint: 50039 ns, Total: 133373 ns
[2020-09-11T14:22:47.556+0000][1][safepoint    ] Safepoint "BulkRevokeBias", Time since last: 31348 ns, Reaching safepoint: 80366 ns, At safepoint: 36366 ns, Total: 116732 ns
[2020-09-11T14:22:47.710+0000][1][safepoint    ] Safepoint "Deoptimize", Time since last: 153838722 ns, Reaching safepoint: 114710 ns, At safepoint: 187634 ns, Total: 302344 ns
[2020-09-11T14:22:47.768+0000][1][safepoint    ] Safepoint "Deoptimize", Time since last: 52956693 ns, Reaching safepoint: 4989049 ns, At safepoint: 187830 ns, Total: 5176879 ns
[2020-09-11T14:22:48.776+0000][1][safepoint    ] Safepoint "Cleanup", Time since last: 1007445859 ns, Reaching safepoint: 115587 ns, At safepoint: 5285 ns, Total: 120872 ns
[2020-09-11T14:22:48.936+0000][1][safepoint    ] Safepoint "Deoptimize", Time since last: 155741660 ns, Reaching safepoint: 4012604 ns, At safepoint: 192753 ns, Total: 4205357 ns
[2020-09-11T14:22:48.938+0000][1][safepoint    ] Safepoint "RevokeBias", Time since last: 561850 ns, Reaching safepoint: 1487775 ns, At safepoint: 46493 ns, Total: 1534268 ns
[2020-09-11T14:22:48.940+0000][1][safepoint    ] Safepoint "Deoptimize", Time since last: 951926 ns, Reaching safepoint: 738828 ns, At safepoint: 185071 ns, Total: 923899 ns
[2020-09-11T14:22:49.951+0000][1][safepoint    ] Safepoint "Cleanup", Time since last: 1007804278 ns, Reaching safepoint: 4029439 ns, At safepoint: 10656 ns, Total: 4040095 ns
[2020-09-11T14:22:50.602+0000][1][gc,start     ] GC(2) Pause Young (Allocation Failure)
[2020-09-11T14:22:50.602+0000][1][gc,task      ] GC(2) Using 1 workers of 1 for evacuation
[2020-09-11T14:22:50.698+0000][1][gc,age       ] GC(2) Desired survivor size 4358144 bytes, new threshold 2 (max threshold 6)
[2020-09-11T14:22:50.698+0000][1][gc,age       ] GC(2) Age table with threshold 2 (max threshold 6)
[2020-09-11T14:22:50.698+0000][1][gc,age       ] GC(2) - age   1:    2678464 bytes,    2678464 total
[2020-09-11T14:22:50.698+0000][1][gc,age       ] GC(2) - age   2:    3581424 bytes,    6259888 total
[2020-09-11T14:22:50.698+0000][1][gc,heap      ] GC(2) ParNew: 72388K->7657K(76672K)
[2020-09-11T14:22:50.698+0000][1][gc,heap      ] GC(2) CMS: 6824K->6824K(439104K)
[2020-09-11T14:22:50.698+0000][1][gc,metaspace ] GC(2) Metaspace: 20055K->20055K(1067008K)
[2020-09-11T14:22:50.698+0000][1][gc           ] GC(2) Pause Young (Allocation Failure) 77M->14M(503M) 95.827ms
[2020-09-11T14:22:50.698+0000][1][gc,cpu       ] GC(2) User=0.02s Sys=0.00s Real=0.10s
[2020-09-11T14:22:50.698+0000][1][safepoint    ] Safepoint "GenCollectForAllocation", Time since last: 650701995 ns, Reaching safepoint: 120285 ns, At safepoint: 95880970 ns, Total: 96001255 ns
[2020-09-11T14:22:50.738+0000][1][safepoint    ] Safepoint "RevokeBias", Time since last: 39589603 ns, Reaching safepoint: 106248 ns, At safepoint: 69106 ns, Total: 175354 ns
[2020-09-11T14:22:50.738+0000][1][safepoint    ] Safepoint "RevokeBias", Time since last: 389350 ns, Reaching safepoint: 83371 ns, At safepoint: 55306 ns, Total: 138677 ns
[2020-09-11T14:22:50.739+0000][1][safepoint    ] Safepoint "RevokeBias", Time since last: 76365 ns, Reaching safepoint: 81344 ns, At safepoint: 33568 ns, Total: 114912 ns
[2020-09-11T14:22:50.739+0000][1][safepoint    ] Safepoint "RevokeBias", Time since last: 33932 ns, Reaching safepoint: 79508 ns, At safepoint: 29505 ns, Total: 109013 ns
[2020-09-11T14:22:50.739+0000][1][safepoint    ] Safepoint "RevokeBias", Time since last: 32775 ns, Reaching safepoint: 79583 ns, At safepoint: 29949 ns, Total: 109532 ns
[2020-09-11T14:22:50.739+0000][1][safepoint    ] Safepoint "RevokeBias", Time since last: 38455 ns, Reaching safepoint: 78856 ns, At safepoint: 38840 ns, Total: 117696 ns
[2020-09-11T14:22:50.739+0000][1][safepoint    ] Safepoint "RevokeBias", Time since last: 56118 ns, Reaching safepoint: 277837 ns, At safepoint: 31258 ns, Total: 309095 ns
[2020-09-11T14:22:50.780+0000][1][safepoint    ] Safepoint "RevokeBias", Time since last: 40000488 ns, Reaching safepoint: 769659 ns, At safepoint: 25579 ns, Total: 795238 ns
[2020-09-11T14:22:51.788+0000][1][safepoint    ] Safepoint "Cleanup", Time since last: 1007166920 ns, Reaching safepoint: 720944 ns, At safepoint: 8787 ns, Total: 729731 ns
[2020-09-11T14:22:51.859+0000][1][gc,start     ] GC(3) Pause Young (Allocation Failure)
[2020-09-11T14:22:51.859+0000][1][gc,task      ] GC(3) Using 1 workers of 1 for evacuation
[2020-09-11T14:22:51.920+0000][1][gc,age       ] GC(3) Desired survivor size 4358144 bytes, new threshold 6 (max threshold 6)
[2020-09-11T14:22:51.920+0000][1][gc,age       ] GC(3) Age table with threshold 6 (max threshold 6)
[2020-09-11T14:22:51.920+0000][1][gc,age       ] GC(3) - age   1:    1746136 bytes,    1746136 total
[2020-09-11T14:22:51.920+0000][1][gc,age       ] GC(3) - age   2:     659712 bytes,    2405848 total
[2020-09-11T14:22:51.920+0000][1][gc,heap      ] GC(3) ParNew: 75817K->5530K(76672K)
[2020-09-11T14:22:51.920+0000][1][gc,heap      ] GC(3) CMS: 6824K->10350K(439104K)
[2020-09-11T14:22:51.920+0000][1][gc,metaspace ] GC(3) Metaspace: 20318K->20318K(1067008K)
[2020-09-11T14:22:51.920+0000][1][gc           ] GC(3) Pause Young (Allocation Failure) 80M->15M(503M) 61.113ms
[2020-09-11T14:22:51.920+0000][1][gc,cpu       ] GC(3) User=0.01s Sys=0.00s Real=0.06s
[2020-09-11T14:22:51.921+0000][1][safepoint    ] Safepoint "GenCollectForAllocation", Time since last: 70831237 ns, Reaching safepoint: 99793 ns, At safepoint: 61496945 ns, Total: 61596738 ns
[2020-09-11T14:22:51.971+0000][1][safepoint    ] Safepoint "RevokeBias", Time since last: 46921708 ns, Reaching safepoint: 3088826 ns, At safepoint: 41756 ns, Total: 3130582 ns
[2020-09-11T14:22:51.971+0000][1][safepoint    ] Safepoint "RevokeBias", Time since last: 523546 ns, Reaching safepoint: 86797 ns, At safepoint: 26654 ns, Total: 113451 ns
[2020-09-11T14:22:51.971+0000][1][safepoint    ] Safepoint "RevokeBias", Time since last: 54076 ns, Reaching safepoint: 90788 ns, At safepoint: 24750 ns, Total: 115538 ns
[2020-09-11T14:22:51.975+0000][1][safepoint    ] Safepoint "RevokeBias", Time since last: 31124 ns, Reaching safepoint: 2057151 ns, At safepoint: 1912741 ns, Total: 3969892 ns
[2020-09-11T14:22:51.976+0000][1][safepoint    ] Safepoint "RevokeBias", Time since last: 65812 ns, Reaching safepoint: 926381 ns, At safepoint: 47207 ns, Total: 973588 ns
[2020-09-11T14:22:51.979+0000][1][safepoint    ] Safepoint "RevokeBias", Time since last: 35583 ns, Reaching safepoint: 2924761 ns, At safepoint: 50976 ns, Total: 2975737 ns
[2020-09-11T14:22:51.984+0000][1][safepoint    ] Safepoint "RevokeBias", Time since last: 62372 ns, Reaching safepoint: 3915013 ns, At safepoint: 69171 ns, Total: 3984184 ns
[2020-09-11T14:22:51.984+0000][1][safepoint    ] Safepoint "RevokeBias", Time since last: 63168 ns, Reaching safepoint: 83119 ns, At safepoint: 36439 ns, Total: 119558 ns
[2020-09-11T14:22:51.987+0000][1][safepoint    ] Safepoint "RevokeBias", Time since last: 158695 ns, Reaching safepoint: 3559557 ns, At safepoint: 47457 ns, Total: 3607014 ns
[2020-09-11T14:22:52.712+0000][1][safepoint    ] Safepoint "CollectForMetadataAllocation", Time since last: 724022642 ns, Reaching safepoint: 111553 ns, At safepoint: 132110 ns, Total: 243663 ns
[2020-09-11T14:22:52.921+0000][1][safepoint    ] Safepoint "CollectForMetadataAllocation", Time since last: 208221696 ns, Reaching safepoint: 580598 ns, At safepoint: 115184 ns, Total: 695782 ns
[2020-09-11T14:22:53.166+0000][1][gc,start     ] GC(4) Pause Young (Allocation Failure)
[2020-09-11T14:22:53.166+0000][1][gc,task      ] GC(4) Using 1 workers of 1 for evacuation
[2020-09-11T14:22:53.183+0000][1][gc,age       ] GC(4) Desired survivor size 4358144 bytes, new threshold 6 (max threshold 6)
[2020-09-11T14:22:53.183+0000][1][gc,age       ] GC(4) Age table with threshold 6 (max threshold 6)
[2020-09-11T14:22:53.183+0000][1][gc,age       ] GC(4) - age   1:    1457992 bytes,    1457992 total
[2020-09-11T14:22:53.183+0000][1][gc,age       ] GC(4) - age   2:     351752 bytes,    1809744 total
[2020-09-11T14:22:53.183+0000][1][gc,age       ] GC(4) - age   3:     659616 bytes,    2469360 total
[2020-09-11T14:22:53.183+0000][1][gc,heap      ] GC(4) ParNew: 73690K->4527K(76672K)
[2020-09-11T14:22:53.183+0000][1][gc,heap      ] GC(4) CMS: 10350K->10350K(439104K)
[2020-09-11T14:22:53.183+0000][1][gc,metaspace ] GC(4) Metaspace: 20850K->20850K(1069056K)
[2020-09-11T14:22:53.183+0000][1][gc           ] GC(4) Pause Young (Allocation Failure) 82M->14M(503M) 17.230ms
[2020-09-11T14:22:53.183+0000][1][gc,cpu       ] GC(4) User=0.00s Sys=0.00s Real=0.01s
[2020-09-11T14:22:53.208+0000][1][safepoint    ] Safepoint "GenCollectForAllocation", Time since last: 244797061 ns, Reaching safepoint: 77039 ns, At safepoint: 41963342 ns, Total: 42040381 ns
[2020-09-11T14:22:53.220+0000][1][gc,start     ] GC(5) Pause Initial Mark
[2020-09-11T14:22:53.222+0000][1][gc           ] GC(5) Pause Initial Mark 19M->19M(503M) 1.892ms
[2020-09-11T14:22:53.222+0000][1][gc,cpu       ] GC(5) User=0.00s Sys=0.00s Real=0.00s
[2020-09-11T14:22:53.257+0000][1][safepoint    ] Safepoint "BulkRevokeBias", Time since last: 12029047 ns, Reaching safepoint: 90559 ns, At safepoint: 37811997 ns, Total: 37902556 ns
[2020-09-11T14:22:53.257+0000][1][gc           ] GC(5) Concurrent Mark
[2020-09-11T14:22:53.300+0000][1][safepoint    ] Safepoint "RevokeBias", Time since last: 10438207 ns, Reaching safepoint: 31674007 ns, At safepoint: 83759 ns, Total: 31757766 ns
[2020-09-11T14:22:53.341+0000][1][safepoint    ] Safepoint "RevokeBias", Time since last: 15832258 ns, Reaching safepoint: 25972195 ns, At safepoint: 34024 ns, Total: 26006219 ns
[2020-09-11T14:22:53.368+0000][1][gc           ] GC(5) Concurrent Mark 110.383ms
[2020-09-11T14:22:53.368+0000][1][gc,cpu       ] GC(5) User=0.03s Sys=0.00s Real=0.11s
[2020-09-11T14:22:53.387+0000][1][safepoint    ] Safepoint "RevokeBias", Time since last: 9991524 ns, Reaching safepoint: 35626175 ns, At safepoint: 33494 ns, Total: 35659669 ns
[2020-09-11T14:22:53.387+0000][1][gc           ] GC(5) Concurrent Preclean
[2020-09-11T14:22:53.388+0000][1][gc           ] GC(5) Concurrent Preclean 0.677ms
[2020-09-11T14:22:53.388+0000][1][gc,cpu       ] GC(5) User=0.00s Sys=0.00s Real=0.00s
[2020-09-11T14:22:53.388+0000][1][safepoint    ] Safepoint "RevokeBias", Time since last: 320040 ns, Reaching safepoint: 526827 ns, At safepoint: 18444 ns, Total: 545271 ns
[2020-09-11T14:22:53.388+0000][1][safepoint    ] Safepoint "RevokeBias", Time since last: 27489 ns, Reaching safepoint: 77601 ns, At safepoint: 17761 ns, Total: 95362 ns
[2020-09-11T14:22:53.388+0000][1][gc           ] GC(5) Concurrent Abortable Preclean
[2020-09-11T14:22:53.924+0000][1][safepoint    ] Safepoint "RevokeBias", Time since last: 535323620 ns, Reaching safepoint: 116677 ns, At safepoint: 15880 ns, Total: 132557 ns
[2020-09-11T14:22:53.964+0000][1][safepoint    ] Safepoint "Deoptimize", Time since last: 23889670 ns, Reaching safepoint: 16056585 ns, At safepoint: 214674 ns, Total: 16271259 ns
[2020-09-11T14:22:54.020+0000][1][safepoint    ] Safepoint "CollectForMetadataAllocation", Time since last: 55652119 ns, Reaching safepoint: 101991 ns, At safepoint: 75170 ns, Total: 177161 ns
[2020-09-11T14:22:54.476+0000][1][safepoint    ] Safepoint "Deoptimize", Time since last: 455882830 ns, Reaching safepoint: 114011 ns, At safepoint: 217921 ns, Total: 331932 ns
[2020-09-11T14:22:54.750+0000][1][gc,start     ] GC(6) Pause Young (Allocation Failure)
[2020-09-11T14:22:54.750+0000][1][gc,task      ] GC(6) Using 1 workers of 1 for evacuation
[2020-09-11T14:22:54.803+0000][1][gc,age       ] GC(6) Desired survivor size 4358144 bytes, new threshold 4 (max threshold 6)
[2020-09-11T14:22:54.803+0000][1][gc,age       ] GC(6) Age table with threshold 4 (max threshold 6)
[2020-09-11T14:22:54.803+0000][1][gc,age       ] GC(6) - age   1:    2306656 bytes,    2306656 total
[2020-09-11T14:22:54.803+0000][1][gc,age       ] GC(6) - age   2:    1253896 bytes,    3560552 total
[2020-09-11T14:22:54.803+0000][1][gc,age       ] GC(6) - age   3:     351752 bytes,    3912304 total
[2020-09-11T14:22:54.803+0000][1][gc,age       ] GC(6) - age   4:     659616 bytes,    4571920 total
[2020-09-11T14:22:54.803+0000][1][gc,heap      ] GC(6) ParNew: 72687K->5880K(76672K)
[2020-09-11T14:22:54.803+0000][1][gc,heap      ] GC(6) CMS: 10350K->10350K(439104K)
[2020-09-11T14:22:54.803+0000][1][gc,metaspace ] GC(6) Metaspace: 21156K->21156K(1069056K)
[2020-09-11T14:22:54.803+0000][1][gc           ] GC(6) Pause Young (Allocation Failure) 81M->15M(503M) 53.096ms
[2020-09-11T14:22:54.803+0000][1][gc,cpu       ] GC(6) User=0.02s Sys=0.00s Real=0.05s
[2020-09-11T14:22:54.841+0000][1][safepoint    ] Safepoint "GenCollectForAllocation", Time since last: 273677059 ns, Reaching safepoint: 109649 ns, At safepoint: 91037556 ns, Total: 91147205 ns
[2020-09-11T14:22:54.859+0000][1][safepoint    ] Safepoint "RevokeBias", Time since last: 15154154 ns, Reaching safepoint: 3000606 ns, At safepoint: 208288 ns, Total: 3208894 ns
[2020-09-11T14:22:54.869+0000][1][safepoint    ] Safepoint "RevokeBias", Time since last: 53412 ns, Reaching safepoint: 9494973 ns, At safepoint: 23169 ns, Total: 9518142 ns
[2020-09-11T14:22:54.869+0000][1][safepoint    ] Safepoint "RevokeBias", Time since last: 90274 ns, Reaching safepoint: 79291 ns, At safepoint: 20244 ns, Total: 99535 ns
[2020-09-11T14:22:54.869+0000][1][safepoint    ] Safepoint "RevokeBias", Time since last: 27647 ns, Reaching safepoint: 76375 ns, At safepoint: 16814 ns, Total: 93189 ns
[2020-09-11T14:22:54.871+0000][1][safepoint    ] Safepoint "RevokeBias", Time since last: 31162 ns, Reaching safepoint: 2566727 ns, At safepoint: 28137 ns, Total: 2594864 ns
[2020-09-11T14:22:54.872+0000][1][safepoint    ] Safepoint "RevokeBias", Time since last: 71157 ns, Reaching safepoint: 77135 ns, At safepoint: 16011 ns, Total: 93146 ns
[2020-09-11T14:22:55.639+0000][1][gc           ] GC(5) Concurrent Abortable Preclean 2251.262ms
[2020-09-11T14:22:55.639+0000][1][gc,cpu       ] GC(5) User=0.56s Sys=0.00s Real=2.25s
[2020-09-11T14:22:55.640+0000][1][gc,start     ] GC(5) Pause Remark
[2020-09-11T14:22:55.785+0000][1][gc           ] GC(5) Pause Remark 67M->67M(503M) 145.033ms
[2020-09-11T14:22:55.785+0000][1][gc,cpu       ] GC(5) User=0.03s Sys=0.00s Real=0.15s
[2020-09-11T14:22:55.831+0000][1][safepoint    ] Safepoint "CMS_Final_Remark", Time since last: 767866295 ns, Reaching safepoint: 104956 ns, At safepoint: 191823115 ns, Total: 191928071 ns
[2020-09-11T14:22:55.832+0000][1][gc           ] GC(5) Concurrent Sweep
[2020-09-11T14:22:55.834+0000][1][gc           ] GC(5) Concurrent Sweep 2.560ms
[2020-09-11T14:22:55.834+0000][1][gc,cpu       ] GC(5) User=0.00s Sys=0.01s Real=0.00s
[2020-09-11T14:22:55.834+0000][1][gc           ] GC(5) Concurrent Reset
[2020-09-11T14:22:55.835+0000][1][gc           ] GC(5) Concurrent Reset 0.644ms
[2020-09-11T14:22:55.835+0000][1][gc,cpu       ] GC(5) User=0.01s Sys=0.00s Real=0.00s
[2020-09-11T14:22:55.835+0000][1][gc,heap      ] GC(5) Old: 10350K->10348K(439104K)
[2020-09-11T14:22:56.050+0000][1][gc,start     ] GC(7) Pause Young (Allocation Failure)
[2020-09-11T14:22:56.050+0000][1][gc,task      ] GC(7) Using 1 workers of 1 for evacuation
[2020-09-11T14:22:56.095+0000][1][gc,age       ] GC(7) Desired survivor size 4358144 bytes, new threshold 6 (max threshold 6)
[2020-09-11T14:22:56.095+0000][1][gc,age       ] GC(7) Age table with threshold 6 (max threshold 6)
[2020-09-11T14:22:56.095+0000][1][gc,age       ] GC(7) - age   1:     885176 bytes,     885176 total
[2020-09-11T14:22:56.095+0000][1][gc,age       ] GC(7) - age   2:    1525888 bytes,    2411064 total
[2020-09-11T14:22:56.095+0000][1][gc,age       ] GC(7) - age   3:    1253288 bytes,    3664352 total
[2020-09-11T14:22:56.095+0000][1][gc,age       ] GC(7) - age   4:     351752 bytes,    4016104 total
[2020-09-11T14:22:56.095+0000][1][gc,heap      ] GC(7) ParNew: 74040K->7432K(76672K)
[2020-09-11T14:22:56.095+0000][1][gc,heap      ] GC(7) CMS: 10348K->10998K(439104K)
[2020-09-11T14:22:56.095+0000][1][gc,metaspace ] GC(7) Metaspace: 21258K->21258K(1069056K)
[2020-09-11T14:22:56.095+0000][1][gc           ] GC(7) Pause Young (Allocation Failure) 82M->17M(503M) 44.814ms
[2020-09-11T14:22:56.095+0000][1][gc,cpu       ] GC(7) User=0.01s Sys=0.00s Real=0.04s
[2020-09-11T14:22:56.107+0000][1][safepoint    ] Safepoint "GenCollectForAllocation", Time since last: 218447478 ns, Reaching safepoint: 386135 ns, At safepoint: 57177310 ns, Total: 57563445 ns
[2020-09-11T14:22:56.135+0000][1][safepoint    ] Safepoint "RevokeBias", Time since last: 17708732 ns, Reaching safepoint: 2301165 ns, At safepoint: 8001710 ns, Total: 10302875 ns
[2020-09-11T14:22:56.136+0000][1][safepoint    ] Safepoint "RevokeBias", Time since last: 66487 ns, Reaching safepoint: 95365 ns, At safepoint: 32540 ns, Total: 127905 ns
[2020-09-11T14:22:56.136+0000][1][safepoint    ] Safepoint "RevokeBias", Time since last: 47145 ns, Reaching safepoint: 77975 ns, At safepoint: 26916 ns, Total: 104891 ns
[2020-09-11T14:22:56.136+0000][1][safepoint    ] Safepoint "RevokeBias", Time since last: 25050 ns, Reaching safepoint: 75986 ns, At safepoint: 24723 ns, Total: 100709 ns
[2020-09-11T14:22:56.982+0000][1][gc,start     ] GC(8) Pause Young (Allocation Failure)
[2020-09-11T14:22:56.987+0000][1][gc,task      ] GC(8) Using 1 workers of 1 for evacuation
[2020-09-11T14:22:57.037+0000][1][gc,age       ] GC(8) Desired survivor size 4358144 bytes, new threshold 4 (max threshold 6)
[2020-09-11T14:22:57.037+0000][1][gc,age       ] GC(8) Age table with threshold 4 (max threshold 6)
[2020-09-11T14:22:57.037+0000][1][gc,age       ] GC(8) - age   1:    1698384 bytes,    1698384 total
[2020-09-11T14:22:57.037+0000][1][gc,age       ] GC(8) - age   2:     445824 bytes,    2144208 total
[2020-09-11T14:22:57.037+0000][1][gc,age       ] GC(8) - age   3:    1523952 bytes,    3668160 total
[2020-09-11T14:22:57.037+0000][1][gc,age       ] GC(8) - age   4:    1252632 bytes,    4920792 total
[2020-09-11T14:22:57.037+0000][1][gc,age       ] GC(8) - age   5:     351752 bytes,    5272544 total
[2020-09-11T14:22:57.037+0000][1][gc,heap      ] GC(8) ParNew: 75592K->7199K(76672K)
[2020-09-11T14:22:57.037+0000][1][gc,heap      ] GC(8) CMS: 10998K->10998K(439104K)
[2020-09-11T14:22:57.037+0000][1][gc,metaspace ] GC(8) Metaspace: 21440K->21440K(1069056K)
[2020-09-11T14:22:57.037+0000][1][gc           ] GC(8) Pause Young (Allocation Failure) 84M->17M(503M) 54.575ms
[2020-09-11T14:22:57.037+0000][1][gc,cpu       ] GC(8) User=0.01s Sys=0.00s Real=0.06s
[2020-09-11T14:22:57.059+0000][1][safepoint    ] Safepoint "GenCollectForAllocation", Time since last: 846199720 ns, Reaching safepoint: 106039 ns, At safepoint: 77232313 ns, Total: 77338352 ns
[2020-09-11T14:22:57.072+0000][1][safepoint    ] Safepoint "RevokeBias", Time since last: 12052702 ns, Reaching safepoint: 98264 ns, At safepoint: 26706 ns, Total: 124970 ns
[2020-09-11T14:22:57.072+0000][1][safepoint    ] Safepoint "RevokeBias", Time since last: 61870 ns, Reaching safepoint: 77379 ns, At safepoint: 17608 ns, Total: 94987 ns
[2020-09-11T14:22:57.072+0000][1][safepoint    ] Safepoint "RevokeBias", Time since last: 40454 ns, Reaching safepoint: 76171 ns, At safepoint: 16414 ns, Total: 92585 ns
[2020-09-11T14:22:57.072+0000][1][safepoint    ] Safepoint "RevokeBias", Time since last: 28557 ns, Reaching safepoint: 75627 ns, At safepoint: 16028 ns, Total: 91655 ns
[2020-09-11T14:22:57.797+0000][1][gc,start     ] GC(9) Pause Young (Allocation Failure)
[2020-09-11T14:22:57.797+0000][1][gc,task      ] GC(9) Using 1 workers of 1 for evacuation
[2020-09-11T14:22:57.829+0000][1][gc,age       ] GC(9) Desired survivor size 4358144 bytes, new threshold 6 (max threshold 6)
[2020-09-11T14:22:57.829+0000][1][gc,age       ] GC(9) Age table with threshold 6 (max threshold 6)
[2020-09-11T14:22:57.829+0000][1][gc,age       ] GC(9) - age   1:     161744 bytes,     161744 total
[2020-09-11T14:22:57.829+0000][1][gc,age       ] GC(9) - age   2:     830912 bytes,     992656 total
[2020-09-11T14:22:57.829+0000][1][gc,age       ] GC(9) - age   3:     445744 bytes,    1438400 total
[2020-09-11T14:22:57.829+0000][1][gc,age       ] GC(9) - age   4:    1523952 bytes,    2962352 total
[2020-09-11T14:22:57.829+0000][1][gc,heap      ] GC(9) ParNew: 75359K->4461K(76672K)
[2020-09-11T14:22:57.829+0000][1][gc,heap      ] GC(9) CMS: 10998K->12583K(439104K)
[2020-09-11T14:22:57.829+0000][1][gc,metaspace ] GC(9) Metaspace: 21549K->21549K(1069056K)
[2020-09-11T14:22:57.829+0000][1][gc           ] GC(9) Pause Young (Allocation Failure) 84M->16M(503M) 32.340ms
[2020-09-11T14:22:57.829+0000][1][gc,cpu       ] GC(9) User=0.01s Sys=0.00s Real=0.03s
[2020-09-11T14:22:57.846+0000][1][safepoint    ] Safepoint "GenCollectForAllocation", Time since last: 724716653 ns, Reaching safepoint: 103310 ns, At safepoint: 48785547 ns, Total: 48888857 ns
[2020-09-11T14:22:57.873+0000][1][safepoint    ] Safepoint "RevokeBias", Time since last: 13334901 ns, Reaching safepoint: 13536025 ns, At safepoint: 43128 ns, Total: 13579153 ns
[2020-09-11T14:22:57.873+0000][1][safepoint    ] Safepoint "RevokeBias", Time since last: 77393 ns, Reaching safepoint: 81291 ns, At safepoint: 24524 ns, Total: 105815 ns
[2020-09-11T14:22:57.873+0000][1][safepoint    ] Safepoint "RevokeBias", Time since last: 51968 ns, Reaching safepoint: 78239 ns, At safepoint: 24172 ns, Total: 102411 ns
[2020-09-11T14:22:57.873+0000][1][safepoint    ] Safepoint "RevokeBias", Time since last: 29887 ns, Reaching safepoint: 77027 ns, At safepoint: 22549 ns, Total: 99576 ns
[2020-09-11T14:22:57.873+0000][1][safepoint    ] Safepoint "RevokeBias", Time since last: 34916 ns, Reaching safepoint: 78352 ns, At safepoint: 24157 ns, Total: 102509 ns
[2020-09-11T14:22:57.873+0000][1][safepoint    ] Safepoint "RevokeBias", Time since last: 28797 ns, Reaching safepoint: 78241 ns, At safepoint: 22698 ns, Total: 100939 ns
[2020-09-11T14:22:58.010+0000][1][safepoint    ] Safepoint "RevokeBias", Time since last: 136569322 ns, Reaching safepoint: 107950 ns, At safepoint: 16663 ns, Total: 124613 ns
[2020-09-11T14:22:58.011+0000][1][safepoint    ] Safepoint "RevokeBias", Time since last: 474351 ns, Reaching safepoint: 83381 ns, At safepoint: 9424 ns, Total: 92805 ns
[2020-09-11T14:22:58.411+0000][1][gc,start     ] GC(10) Pause Young (Allocation Failure)
[2020-09-11T14:22:58.411+0000][1][gc,task      ] GC(10) Using 1 workers of 1 for evacuation
[2020-09-11T14:22:58.441+0000][1][gc,age       ] GC(10) Desired survivor size 4358144 bytes, new threshold 6 (max threshold 6)
[2020-09-11T14:22:58.441+0000][1][gc,age       ] GC(10) Age table with threshold 6 (max threshold 6)
[2020-09-11T14:22:58.441+0000][1][gc,age       ] GC(10) - age   1:     617608 bytes,     617608 total
[2020-09-11T14:22:58.441+0000][1][gc,age       ] GC(10) - age   2:     144456 bytes,     762064 total
[2020-09-11T14:22:58.441+0000][1][gc,age       ] GC(10) - age   3:     830912 bytes,    1592976 total
[2020-09-11T14:22:58.441+0000][1][gc,age       ] GC(10) - age   4:     445720 bytes,    2038696 total
[2020-09-11T14:22:58.441+0000][1][gc,age       ] GC(10) - age   5:    1523952 bytes,    3562648 total
[2020-09-11T14:22:58.441+0000][1][gc,heap      ] GC(10) ParNew: 72621K->6570K(76672K)
[2020-09-11T14:22:58.441+0000][1][gc,heap      ] GC(10) CMS: 12583K->12583K(439104K)
[2020-09-11T14:22:58.441+0000][1][gc,metaspace ] GC(10) Metaspace: 21689K->21689K(1069056K)
[2020-09-11T14:22:58.442+0000][1][gc           ] GC(10) Pause Young (Allocation Failure) 83M->18M(503M) 30.596ms
[2020-09-11T14:22:58.442+0000][1][gc,cpu       ] GC(10) User=0.01s Sys=0.00s Real=0.03s
[2020-09-11T14:22:58.443+0000][1][safepoint    ] Safepoint "GenCollectForAllocation", Time since last: 400261973 ns, Reaching safepoint: 98649 ns, At safepoint: 32517026 ns, Total: 32615675 ns
[2020-09-11T14:22:58.467+0000][1][safepoint    ] Safepoint "BulkRevokeBias", Time since last: 12065425 ns, Reaching safepoint: 37054 ns, At safepoint: 11879391 ns, Total: 11916445 ns
[2020-09-11T14:22:58.468+0000][1][safepoint    ] Safepoint "BulkRevokeBias", Time since last: 67789 ns, Reaching safepoint: 33440 ns, At safepoint: 61413 ns, Total: 94853 ns
[2020-09-11T14:22:59.307+0000][1][gc,start     ] GC(11) Pause Young (Allocation Failure)
[2020-09-11T14:22:59.307+0000][1][gc,task      ] GC(11) Using 1 workers of 1 for evacuation
[2020-09-11T14:22:59.366+0000][1][gc,age       ] GC(11) Desired survivor size 4358144 bytes, new threshold 6 (max threshold 6)
[2020-09-11T14:22:59.366+0000][1][gc,age       ] GC(11) Age table with threshold 6 (max threshold 6)
[2020-09-11T14:22:59.366+0000][1][gc,age       ] GC(11) - age   1:    2340392 bytes,    2340392 total
[2020-09-11T14:22:59.366+0000][1][gc,age       ] GC(11) - age   2:     405016 bytes,    2745408 total
[2020-09-11T14:22:59.366+0000][1][gc,age       ] GC(11) - age   3:     144456 bytes,    2889864 total
[2020-09-11T14:22:59.366+0000][1][gc,age       ] GC(11) - age   4:     830912 bytes,    3720776 total
[2020-09-11T14:22:59.366+0000][1][gc,age       ] GC(11) - age   5:     445720 bytes,    4166496 total
[2020-09-11T14:22:59.366+0000][1][gc,age       ] GC(11) - age   6:    1523640 bytes,    5690136 total
[2020-09-11T14:22:59.366+0000][1][gc,heap      ] GC(11) ParNew: 74730K->6377K(76672K)
[2020-09-11T14:22:59.366+0000][1][gc,heap      ] GC(11) CMS: 12583K->12583K(439104K)
[2020-09-11T14:22:59.366+0000][1][gc,metaspace ] GC(11) Metaspace: 22595K->22595K(1071104K)
[2020-09-11T14:22:59.366+0000][1][gc           ] GC(11) Pause Young (Allocation Failure) 85M->18M(503M) 59.220ms
[2020-09-11T14:22:59.366+0000][1][gc,cpu       ] GC(11) User=0.02s Sys=0.00s Real=0.06s
[2020-09-11T14:22:59.371+0000][1][safepoint    ] Safepoint "GenCollectForAllocation", Time since last: 838732324 ns, Reaching safepoint: 176654 ns, At safepoint: 64936161 ns, Total: 65112815 ns
[2020-09-11T14:22:59.864+0000][1][gc,start     ] GC(12) Pause Young (Allocation Failure)
[2020-09-11T14:22:59.864+0000][1][gc,task      ] GC(12) Using 1 workers of 1 for evacuation
[2020-09-11T14:22:59.906+0000][1][gc,age       ] GC(12) Desired survivor size 4358144 bytes, new threshold 6 (max threshold 6)
[2020-09-11T14:22:59.906+0000][1][gc,age       ] GC(12) Age table with threshold 6 (max threshold 6)
[2020-09-11T14:22:59.906+0000][1][gc,age       ] GC(12) - age   1:     775232 bytes,     775232 total
[2020-09-11T14:22:59.906+0000][1][gc,age       ] GC(12) - age   2:     544368 bytes,    1319600 total
[2020-09-11T14:22:59.906+0000][1][gc,age       ] GC(12) - age   3:     405016 bytes,    1724616 total
[2020-09-11T14:22:59.906+0000][1][gc,age       ] GC(12) - age   4:     144352 bytes,    1868968 total
[2020-09-11T14:22:59.906+0000][1][gc,age       ] GC(12) - age   5:     830768 bytes,    2699736 total
[2020-09-11T14:22:59.906+0000][1][gc,age       ] GC(12) - age   6:     445576 bytes,    3145312 total
[2020-09-11T14:22:59.906+0000][1][gc,heap      ] GC(12) ParNew: 74537K->4699K(76672K)
[2020-09-11T14:22:59.906+0000][1][gc,heap      ] GC(12) CMS: 12583K->14083K(439104K)
[2020-09-11T14:22:59.906+0000][1][gc,metaspace ] GC(12) Metaspace: 22623K->22623K(1071104K)
[2020-09-11T14:22:59.906+0000][1][gc           ] GC(12) Pause Young (Allocation Failure) 85M->18M(503M) 42.498ms
[2020-09-11T14:22:59.906+0000][1][gc,cpu       ] GC(12) User=0.01s Sys=0.00s Real=0.04s
[2020-09-11T14:22:59.923+0000][1][safepoint    ] Safepoint "GenCollectForAllocation", Time since last: 492296834 ns, Reaching safepoint: 106576 ns, At safepoint: 59626899 ns, Total: 59733475 ns
[2020-09-11T14:23:00.372+0000][1][gc,start     ] GC(13) Pause Young (Allocation Failure)
[2020-09-11T14:23:00.372+0000][1][gc,task      ] GC(13) Using 1 workers of 1 for evacuation
[2020-09-11T14:23:00.419+0000][1][gc,age       ] GC(13) Desired survivor size 4358144 bytes, new threshold 6 (max threshold 6)
[2020-09-11T14:23:00.419+0000][1][gc,age       ] GC(13) Age table with threshold 6 (max threshold 6)
[2020-09-11T14:23:00.419+0000][1][gc,age       ] GC(13) - age   1:    2095352 bytes,    2095352 total
[2020-09-11T14:23:00.419+0000][1][gc,age       ] GC(13) - age   2:     203304 bytes,    2298656 total
[2020-09-11T14:23:00.419+0000][1][gc,age       ] GC(13) - age   3:     544256 bytes,    2842912 total
[2020-09-11T14:23:00.419+0000][1][gc,age       ] GC(13) - age   4:     405016 bytes,    3247928 total
[2020-09-11T14:23:00.419+0000][1][gc,age       ] GC(13) - age   5:     144352 bytes,    3392280 total
[2020-09-11T14:23:00.419+0000][1][gc,age       ] GC(13) - age   6:     830768 bytes,    4223048 total
[2020-09-11T14:23:00.419+0000][1][gc,heap      ] GC(13) ParNew: 72841K->6956K(76672K)
[2020-09-11T14:23:00.419+0000][1][gc,heap      ] GC(13) CMS: 14083K->14522K(439104K)
[2020-09-11T14:23:00.419+0000][1][gc,metaspace ] GC(13) Metaspace: 22722K->22722K(1071104K)
[2020-09-11T14:23:00.419+0000][1][gc           ] GC(13) Pause Young (Allocation Failure) 84M->20M(503M) 47.555ms
[2020-09-11T14:23:00.419+0000][1][gc,cpu       ] GC(13) User=0.02s Sys=0.00s Real=0.05s
[2020-09-11T14:23:00.423+0000][1][safepoint    ] Safepoint "GenCollectForAllocation", Time since last: 448010055 ns, Reaching safepoint: 106444 ns, At safepoint: 51138800 ns, Total: 51245244 ns
[2020-09-11T14:23:00.932+0000][1][gc,start     ] GC(14) Pause Young (Allocation Failure)
[2020-09-11T14:23:00.932+0000][1][gc,task      ] GC(14) Using 1 workers of 1 for evacuation
[2020-09-11T14:23:00.962+0000][1][gc,age       ] GC(14) Desired survivor size 4358144 bytes, new threshold 6 (max threshold 6)
[2020-09-11T14:23:00.962+0000][1][gc,age       ] GC(14) Age table with threshold 6 (max threshold 6)
[2020-09-11T14:23:00.962+0000][1][gc,age       ] GC(14) - age   1:    1071576 bytes,    1071576 total
[2020-09-11T14:23:00.962+0000][1][gc,age       ] GC(14) - age   2:     103768 bytes,    1175344 total
[2020-09-11T14:23:00.962+0000][1][gc,age       ] GC(14) - age   3:     203304 bytes,    1378648 total
[2020-09-11T14:23:00.962+0000][1][gc,age       ] GC(14) - age   4:     544256 bytes,    1922904 total
[2020-09-11T14:23:00.962+0000][1][gc,age       ] GC(14) - age   5:     405016 bytes,    2327920 total
[2020-09-11T14:23:00.962+0000][1][gc,age       ] GC(14) - age   6:     144352 bytes,    2472272 total
[2020-09-11T14:23:00.962+0000][1][gc,heap      ] GC(14) ParNew: 75110K->2416K(76672K)
[2020-09-11T14:23:00.962+0000][1][gc,heap      ] GC(14) CMS: 14522K->15339K(439104K)
[2020-09-11T14:23:00.962+0000][1][gc,metaspace ] GC(14) Metaspace: 22801K->22801K(1071104K)
[2020-09-11T14:23:00.962+0000][1][gc           ] GC(14) Pause Young (Allocation Failure) 87M->17M(503M) 29.845ms
[2020-09-11T14:23:00.962+0000][1][gc,cpu       ] GC(14) User=0.01s Sys=0.00s Real=0.03s
[2020-09-11T14:23:00.975+0000][1][safepoint    ] Safepoint "GenCollectForAllocation", Time since last: 509492400 ns, Reaching safepoint: 108361 ns, At safepoint: 43113395 ns, Total: 43221756 ns
[2020-09-11T14:23:01.484+0000][1][gc,start     ] GC(15) Pause Young (Allocation Failure)
[2020-09-11T14:23:01.484+0000][1][gc,task      ] GC(15) Using 1 workers of 1 for evacuation
[2020-09-11T14:23:01.510+0000][1][gc,age       ] GC(15) Desired survivor size 4358144 bytes, new threshold 6 (max threshold 6)
[2020-09-11T14:23:01.510+0000][1][gc,age       ] GC(15) Age table with threshold 6 (max threshold 6)
[2020-09-11T14:23:01.510+0000][1][gc,age       ] GC(15) - age   1:     598976 bytes,     598976 total
[2020-09-11T14:23:01.510+0000][1][gc,age       ] GC(15) - age   2:     314680 bytes,     913656 total
[2020-09-11T14:23:01.510+0000][1][gc,age       ] GC(15) - age   3:     103768 bytes,    1017424 total
[2020-09-11T14:23:01.510+0000][1][gc,age       ] GC(15) - age   4:     203304 bytes,    1220728 total
[2020-09-11T14:23:01.510+0000][1][gc,age       ] GC(15) - age   5:     544256 bytes,    1764984 total
[2020-09-11T14:23:01.510+0000][1][gc,age       ] GC(15) - age   6:     405016 bytes,    2170000 total
[2020-09-11T14:23:01.510+0000][1][gc,heap      ] GC(15) ParNew: 70576K->2414K(76672K)
[2020-09-11T14:23:01.510+0000][1][gc,heap      ] GC(15) CMS: 15339K->15485K(439104K)
[2020-09-11T14:23:01.510+0000][1][gc,metaspace ] GC(15) Metaspace: 22892K->22892K(1071104K)
[2020-09-11T14:23:01.510+0000][1][gc           ] GC(15) Pause Young (Allocation Failure) 83M->17M(503M) 26.253ms
[2020-09-11T14:23:01.510+0000][1][gc,cpu       ] GC(15) User=0.01s Sys=0.00s Real=0.02s
[2020-09-11T14:23:01.515+0000][1][safepoint    ] Safepoint "GenCollectForAllocation", Time since last: 508002659 ns, Reaching safepoint: 103483 ns, At safepoint: 31915860 ns, Total: 32019343 ns
[2020-09-11T14:23:01.897+0000][1][gc,start     ] GC(16) Pause Young (Allocation Failure)
[2020-09-11T14:23:01.897+0000][1][gc,task      ] GC(16) Using 1 workers of 1 for evacuation
[2020-09-11T14:23:01.944+0000][1][gc,age       ] GC(16) Desired survivor size 4358144 bytes, new threshold 6 (max threshold 6)
[2020-09-11T14:23:01.944+0000][1][gc,age       ] GC(16) Age table with threshold 6 (max threshold 6)
[2020-09-11T14:23:01.944+0000][1][gc,age       ] GC(16) - age   1:    1899472 bytes,    1899472 total
[2020-09-11T14:23:01.944+0000][1][gc,age       ] GC(16) - age   2:     189088 bytes,    2088560 total
[2020-09-11T14:23:01.944+0000][1][gc,age       ] GC(16) - age   3:     314680 bytes,    2403240 total
[2020-09-11T14:23:01.944+0000][1][gc,age       ] GC(16) - age   4:     103768 bytes,    2507008 total
[2020-09-11T14:23:01.944+0000][1][gc,age       ] GC(16) - age   5:     203152 bytes,    2710160 total
[2020-09-11T14:23:01.944+0000][1][gc,age       ] GC(16) - age   6:     544256 bytes,    3254416 total
[2020-09-11T14:23:01.944+0000][1][gc,heap      ] GC(16) ParNew: 70574K->4386K(76672K)
[2020-09-11T14:23:01.944+0000][1][gc,heap      ] GC(16) CMS: 15485K->15885K(439104K)
[2020-09-11T14:23:01.944+0000][1][gc,metaspace ] GC(16) Metaspace: 22908K->22908K(1071104K)
[2020-09-11T14:23:01.944+0000][1][gc           ] GC(16) Pause Young (Allocation Failure) 84M->19M(503M) 46.921ms
[2020-09-11T14:23:01.944+0000][1][gc,cpu       ] GC(16) User=0.01s Sys=0.00s Real=0.05s
[2020-09-11T14:23:01.955+0000][1][safepoint    ] Safepoint "GenCollectForAllocation", Time since last: 381467019 ns, Reaching safepoint: 106540 ns, At safepoint: 58439751 ns, Total: 58546291 ns
[2020-09-11T14:23:02.016+0000][1][safepoint    ] Safepoint "Deoptimize", Time since last: 59974177 ns, Reaching safepoint: 102416 ns, At safepoint: 218773 ns, Total: 321189 ns
[2020-09-11T14:23:03.022+0000][1][safepoint    ] Safepoint "Cleanup", Time since last: 1005909659 ns, Reaching safepoint: 589558 ns, At safepoint: 9873 ns, Total: 599431 ns
[2020-09-11T14:23:03.306+0000][1][safepoint    ] Safepoint "RevokeBias", Time since last: 278432455 ns, Reaching safepoint: 4926237 ns, At safepoint: 21398 ns, Total: 4947635 ns
[2020-09-11T14:23:03.324+0000][1][safepoint    ] Safepoint "RevokeBias", Time since last: 18017713 ns, Reaching safepoint: 101165 ns, At safepoint: 13235 ns, Total: 114400 ns
[2020-09-11T14:23:04.324+0000][1][safepoint    ] Safepoint "Cleanup", Time since last: 1000108279 ns, Reaching safepoint: 203924 ns, At safepoint: 7010 ns, Total: 210934 ns
[2020-09-11T14:23:04.439+0000][1][safepoint    ] Safepoint "Deoptimize", Time since last: 114288024 ns, Reaching safepoint: 118233 ns, At safepoint: 232481 ns, Total: 350714 ns
[2020-09-11T14:23:04.544+0000][1][safepoint    ] Safepoint "Deoptimize", Time since last: 104695418 ns, Reaching safepoint: 114369 ns, At safepoint: 234836 ns, Total: 349205 ns
[2020-09-11T14:23:05.558+0000][1][safepoint    ] Safepoint "Cleanup", Time since last: 1003646195 ns, Reaching safepoint: 10275270 ns, At safepoint: 14447 ns, Total: 10289717 ns
[2020-09-11T14:23:06.561+0000][1][safepoint    ] Safepoint "Cleanup", Time since last: 1003131062 ns, Reaching safepoint: 125312 ns, At safepoint: 5516 ns, Total: 130828 ns
[2020-09-11T14:23:07.568+0000][1][safepoint    ] Safepoint "Cleanup", Time since last: 1006433353 ns, Reaching safepoint: 103142 ns, At safepoint: 5578 ns, Total: 108720 ns
[2020-09-11T14:23:07.838+0000][1][gc,start     ] GC(17) Pause Young (Allocation Failure)
[2020-09-11T14:23:07.838+0000][1][gc,task      ] GC(17) Using 1 workers of 1 for evacuation
[2020-09-11T14:23:07.919+0000][1][gc,age       ] GC(17) Desired survivor size 4358144 bytes, new threshold 1 (max threshold 6)
[2020-09-11T14:23:07.919+0000][1][gc,age       ] GC(17) Age table with threshold 1 (max threshold 6)
[2020-09-11T14:23:07.919+0000][1][gc,age       ] GC(17) - age   1:    7627688 bytes,    7627688 total
[2020-09-11T14:23:07.920+0000][1][gc,age       ] GC(17) - age   2:      73504 bytes,    7701192 total
[2020-09-11T14:23:07.920+0000][1][gc,age       ] GC(17) - age   3:     188560 bytes,    7889752 total
[2020-09-11T14:23:07.920+0000][1][gc,age       ] GC(17) - age   4:     314584 bytes,    8204336 total
[2020-09-11T14:23:07.920+0000][1][gc,age       ] GC(17) - age   5:     103488 bytes,    8307824 total
[2020-09-11T14:23:07.920+0000][1][gc,age       ] GC(17) - age   6:     203152 bytes,    8510976 total
[2020-09-11T14:23:07.920+0000][1][gc,heap      ] GC(17) ParNew: 72546K->8512K(76672K)
[2020-09-11T14:23:07.920+0000][1][gc,heap      ] GC(17) CMS: 15885K->16423K(439104K)
[2020-09-11T14:23:07.920+0000][1][gc,metaspace ] GC(17) Metaspace: 29672K->29672K(1077248K)
[2020-09-11T14:23:07.920+0000][1][gc           ] GC(17) Pause Young (Allocation Failure) 86M->24M(503M) 81.816ms
[2020-09-11T14:23:07.920+0000][1][gc,cpu       ] GC(17) User=0.02s Sys=0.00s Real=0.08s
[2020-09-11T14:23:07.933+0000][1][safepoint    ] Safepoint "GenCollectForAllocation", Time since last: 264486992 ns, Reaching safepoint: 5797262 ns, At safepoint: 95085572 ns, Total: 100882834 ns
[2020-09-11T14:23:08.962+0000][1][safepoint    ] Safepoint "Cleanup", Time since last: 1028689616 ns, Reaching safepoint: 309347 ns, At safepoint: 6257 ns, Total: 315604 ns
[2020-09-11T14:23:09.964+0000][1][safepoint    ] Safepoint "Cleanup", Time since last: 1001521814 ns, Reaching safepoint: 125240 ns, At safepoint: 6016 ns, Total: 131256 ns
[2020-09-11T14:23:10.968+0000][1][safepoint    ] Safepoint "Cleanup", Time since last: 1003896653 ns, Reaching safepoint: 110029 ns, At safepoint: 6219 ns, Total: 116248 ns
[2020-09-11T14:23:11.982+0000][1][safepoint    ] Safepoint "Cleanup", Time since last: 1001712614 ns, Reaching safepoint: 12297173 ns, At safepoint: 8427 ns, Total: 12305600 ns
[2020-09-11T14:23:12.344+0000][1][gc,start     ] GC(18) Pause Young (Allocation Failure)
[2020-09-11T14:23:12.344+0000][1][gc,task      ] GC(18) Using 1 workers of 1 for evacuation
[2020-09-11T14:23:12.490+0000][1][gc,age       ] GC(18) Desired survivor size 4358144 bytes, new threshold 1 (max threshold 6)
[2020-09-11T14:23:12.491+0000][1][gc,age       ] GC(18) Age table with threshold 1 (max threshold 6)
[2020-09-11T14:23:12.491+0000][1][gc,age       ] GC(18) - age   1:    8141368 bytes,    8141368 total
[2020-09-11T14:23:12.491+0000][1][gc,heap      ] GC(18) ParNew: 76672K->8512K(76672K)
[2020-09-11T14:23:12.491+0000][1][gc,heap      ] GC(18) CMS: 16423K->25148K(439104K)
[2020-09-11T14:23:12.491+0000][1][gc,metaspace ] GC(18) Metaspace: 29829K->29829K(1077248K)
[2020-09-11T14:23:12.491+0000][1][gc           ] GC(18) Pause Young (Allocation Failure) 90M->32M(503M) 147.580ms
[2020-09-11T14:23:12.491+0000][1][gc,cpu       ] GC(18) User=0.05s Sys=0.00s Real=0.14s
[2020-09-11T14:23:12.508+0000][1][safepoint    ] Safepoint "GenCollectForAllocation", Time since last: 361983490 ns, Reaching safepoint: 106236 ns, At safepoint: 163866263 ns, Total: 163972499 ns
[2020-09-11T14:23:13.524+0000][1][safepoint    ] Safepoint "Cleanup", Time since last: 1015888725 ns, Reaching safepoint: 105768 ns, At safepoint: 6008 ns, Total: 111776 ns
[2020-09-11T14:23:14.434+0000][1][safepoint    ] Safepoint "RevokeBias", Time since last: 910095632 ns, Reaching safepoint: 100384 ns, At safepoint: 40023 ns, Total: 140407 ns
[2020-09-11T14:23:15.440+0000][1][safepoint    ] Safepoint "Cleanup", Time since last: 1005652094 ns, Reaching safepoint: 114036 ns, At safepoint: 5748 ns, Total: 119784 ns
[2020-09-11T14:23:16.082+0000][1][gc,start     ] GC(19) Pause Young (Allocation Failure)
[2020-09-11T14:23:16.082+0000][1][gc,task      ] GC(19) Using 1 workers of 1 for evacuation
[2020-09-11T14:23:16.191+0000][1][gc,age       ] GC(19) Desired survivor size 4358144 bytes, new threshold 1 (max threshold 6)
[2020-09-11T14:23:16.191+0000][1][gc,age       ] GC(19) Age table with threshold 1 (max threshold 6)
[2020-09-11T14:23:16.191+0000][1][gc,age       ] GC(19) - age   1:    8716232 bytes,    8716232 total
[2020-09-11T14:23:16.191+0000][1][gc,heap      ] GC(19) ParNew: 76672K->8512K(76672K)
[2020-09-11T14:23:16.191+0000][1][gc,heap      ] GC(19) CMS: 25148K->33681K(439104K)
[2020-09-11T14:23:16.191+0000][1][gc,metaspace ] GC(19) Metaspace: 29894K->29894K(1077248K)
[2020-09-11T14:23:16.191+0000][1][gc           ] GC(19) Pause Young (Allocation Failure) 99M->41M(503M) 108.584ms
[2020-09-11T14:23:16.191+0000][1][gc,cpu       ] GC(19) User=0.04s Sys=0.00s Real=0.11s
[2020-09-11T14:23:16.211+0000][1][safepoint    ] Safepoint "GenCollectForAllocation", Time since last: 637623155 ns, Reaching safepoint: 4927951 ns, At safepoint: 129401019 ns, Total: 134328970 ns
[2020-09-11T14:23:17.230+0000][1][safepoint    ] Safepoint "Cleanup", Time since last: 1018003043 ns, Reaching safepoint: 850490 ns, At safepoint: 5887 ns, Total: 856377 ns
[2020-09-11T14:23:17.590+0000][1][safepoint    ] Safepoint "RevokeBias", Time since last: 359181095 ns, Reaching safepoint: 108711 ns, At safepoint: 37575 ns, Total: 146286 ns
[2020-09-11T14:23:18.522+0000][1][safepoint    ] Safepoint "RevokeBias", Time since last: 931955805 ns, Reaching safepoint: 148620 ns, At safepoint: 37603 ns, Total: 186223 ns
[2020-09-11T14:23:19.284+0000][1][gc,start     ] GC(20) Pause Young (Allocation Failure)
[2020-09-11T14:23:19.284+0000][1][gc,task      ] GC(20) Using 1 workers of 1 for evacuation
[2020-09-11T14:23:19.375+0000][1][gc,age       ] GC(20) Desired survivor size 4358144 bytes, new threshold 6 (max threshold 6)
[2020-09-11T14:23:19.385+0000][1][gc,age       ] GC(20) Age table with threshold 6 (max threshold 6)
[2020-09-11T14:23:19.385+0000][1][gc,age       ] GC(20) - age   1:    3706064 bytes,    3706064 total
[2020-09-11T14:23:19.385+0000][1][gc,heap      ] GC(20) ParNew: 76671K->8310K(76672K)
[2020-09-11T14:23:19.385+0000][1][gc,heap      ] GC(20) CMS: 33681K->41983K(439104K)
[2020-09-11T14:23:19.385+0000][1][gc,metaspace ] GC(20) Metaspace: 32112K->32112K(1079296K)
[2020-09-11T14:23:19.385+0000][1][gc           ] GC(20) Pause Young (Allocation Failure) 107M->49M(503M) 101.197ms
[2020-09-11T14:23:19.385+0000][1][gc,cpu       ] GC(20) User=0.03s Sys=0.00s Real=0.10s
[2020-09-11T14:23:19.407+0000][1][safepoint    ] Safepoint "GenCollectForAllocation", Time since last: 761585735 ns, Reaching safepoint: 101255 ns, At safepoint: 123936866 ns, Total: 124038121 ns
[2020-09-11T14:23:19.830+0000][1][safepoint    ] Safepoint "Deoptimize", Time since last: 422049044 ns, Reaching safepoint: 134725 ns, At safepoint: 286581 ns, Total: 421306 ns
[2020-09-11T14:23:20.832+0000][1][safepoint    ] Safepoint "Cleanup", Time since last: 1001489214 ns, Reaching safepoint: 884352 ns, At safepoint: 5953 ns, Total: 890305 ns
[2020-09-11T14:23:21.844+0000][1][safepoint    ] Safepoint "Cleanup", Time since last: 1003109253 ns, Reaching safepoint: 8878846 ns, At safepoint: 7344 ns, Total: 8886190 ns
[2020-09-11T14:23:21.910+0000][1][safepoint    ] Safepoint "Deoptimize", Time since last: 65333926 ns, Reaching safepoint: 105587 ns, At safepoint: 308692 ns, Total: 414279 ns
[2020-09-11T14:23:22.524+0000][1][gc,start     ] GC(21) Pause Young (Allocation Failure)
[2020-09-11T14:23:22.524+0000][1][gc,task      ] GC(21) Using 1 workers of 1 for evacuation
[2020-09-11T14:23:22.567+0000][1][gc,age       ] GC(21) Desired survivor size 4358144 bytes, new threshold 2 (max threshold 6)
[2020-09-11T14:23:22.587+0000][1][gc,age       ] GC(21) Age table with threshold 2 (max threshold 6)
[2020-09-11T14:23:22.587+0000][1][gc,age       ] GC(21) - age   1:    1037056 bytes,    1037056 total
[2020-09-11T14:23:22.587+0000][1][gc,age       ] GC(21) - age   2:    3612608 bytes,    4649664 total
[2020-09-11T14:23:22.587+0000][1][gc,heap      ] GC(21) ParNew: 76470K->6869K(76672K)
[2020-09-11T14:23:22.588+0000][1][gc,heap      ] GC(21) CMS: 41983K->41983K(439104K)
[2020-09-11T14:23:22.588+0000][1][gc,metaspace ] GC(21) Metaspace: 32416K->32416K(1079296K)
[2020-09-11T14:23:22.588+0000][1][gc           ] GC(21) Pause Young (Allocation Failure) 115M->47M(503M) 63.326ms
[2020-09-11T14:23:22.588+0000][1][gc,cpu       ] GC(21) User=0.02s Sys=0.00s Real=0.06s
[2020-09-11T14:23:22.588+0000][1][safepoint    ] Safepoint "GenCollectForAllocation", Time since last: 614062261 ns, Reaching safepoint: 106207 ns, At safepoint: 63384838 ns, Total: 63491045 ns
[2020-09-11T14:23:23.280+0000][1][gc,start     ] GC(22) Pause Young (Allocation Failure)
[2020-09-11T14:23:23.280+0000][1][gc,task      ] GC(22) Using 1 workers of 1 for evacuation
[2020-09-11T14:23:23.316+0000][1][gc,age       ] GC(22) Desired survivor size 4358144 bytes, new threshold 6 (max threshold 6)
[2020-09-11T14:23:23.316+0000][1][gc,age       ] GC(22) Age table with threshold 6 (max threshold 6)
[2020-09-11T14:23:23.316+0000][1][gc,age       ] GC(22) - age   1:     249632 bytes,     249632 total
[2020-09-11T14:23:23.316+0000][1][gc,age       ] GC(22) - age   2:     439848 bytes,     689480 total
[2020-09-11T14:23:23.316+0000][1][gc,heap      ] GC(22) ParNew: 75029K->4264K(76672K)
[2020-09-11T14:23:23.316+0000][1][gc,heap      ] GC(22) CMS: 41983K->45527K(439104K)
[2020-09-11T14:23:23.316+0000][1][gc,metaspace ] GC(22) Metaspace: 32429K->32429K(1079296K)
[2020-09-11T14:23:23.316+0000][1][gc           ] GC(22) Pause Young (Allocation Failure) 114M->48M(503M) 36.335ms
[2020-09-11T14:23:23.316+0000][1][gc,cpu       ] GC(22) User=0.01s Sys=0.00s Real=0.04s
[2020-09-11T14:23:23.327+0000][1][safepoint    ] Safepoint "GenCollectForAllocation", Time since last: 691836777 ns, Reaching safepoint: 126667 ns, At safepoint: 47595908 ns, Total: 47722575 ns
[2020-09-11T14:23:23.724+0000][1][gc,start     ] GC(23) Pause Young (Allocation Failure)
[2020-09-11T14:23:23.724+0000][1][gc,task      ] GC(23) Using 1 workers of 1 for evacuation
[2020-09-11T14:23:23.727+0000][1][gc,age       ] GC(23) Desired survivor size 4358144 bytes, new threshold 6 (max threshold 6)
[2020-09-11T14:23:23.727+0000][1][gc,age       ] GC(23) Age table with threshold 6 (max threshold 6)
[2020-09-11T14:23:23.727+0000][1][gc,age       ] GC(23) - age   1:         48 bytes,         48 total
[2020-09-11T14:23:23.727+0000][1][gc,age       ] GC(23) - age   2:     249432 bytes,     249480 total
[2020-09-11T14:23:23.727+0000][1][gc,age       ] GC(23) - age   3:     439848 bytes,     689328 total
[2020-09-11T14:23:23.727+0000][1][gc,heap      ] GC(23) ParNew: 72424K->1192K(76672K)
[2020-09-11T14:23:23.727+0000][1][gc,heap      ] GC(23) CMS: 45527K->45527K(439104K)
[2020-09-11T14:23:23.727+0000][1][gc,metaspace ] GC(23) Metaspace: 32429K->32429K(1079296K)
[2020-09-11T14:23:23.727+0000][1][gc           ] GC(23) Pause Young (Allocation Failure) 115M->45M(503M) 2.910ms
[2020-09-11T14:23:23.727+0000][1][gc,cpu       ] GC(23) User=0.00s Sys=0.00s Real=0.00s
[2020-09-11T14:23:23.727+0000][1][safepoint    ] Safepoint "GenCollectForAllocation", Time since last: 396921784 ns, Reaching safepoint: 109493 ns, At safepoint: 2985468 ns, Total: 3094961 ns
[2020-09-11T14:23:24.140+0000][1][gc,start     ] GC(24) Pause Young (Allocation Failure)
[2020-09-11T14:23:24.140+0000][1][gc,task      ] GC(24) Using 1 workers of 1 for evacuation
[2020-09-11T14:23:24.142+0000][1][gc,age       ] GC(24) Desired survivor size 4358144 bytes, new threshold 6 (max threshold 6)
[2020-09-11T14:23:24.142+0000][1][gc,age       ] GC(24) Age table with threshold 6 (max threshold 6)
[2020-09-11T14:23:24.142+0000][1][gc,age       ] GC(24) - age   1:        152 bytes,        152 total
[2020-09-11T14:23:24.142+0000][1][gc,age       ] GC(24) - age   3:     249432 bytes,     249584 total
[2020-09-11T14:23:24.142+0000][1][gc,age       ] GC(24) - age   4:     439848 bytes,     689432 total
[2020-09-11T14:23:24.142+0000][1][gc,heap      ] GC(24) ParNew: 69352K->1101K(76672K)
[2020-09-11T14:23:24.142+0000][1][gc,heap      ] GC(24) CMS: 45527K->45527K(439104K)
[2020-09-11T14:23:24.142+0000][1][gc,metaspace ] GC(24) Metaspace: 32432K->32432K(1079296K)
[2020-09-11T14:23:24.142+0000][1][gc           ] GC(24) Pause Young (Allocation Failure) 112M->45M(503M) 2.807ms
[2020-09-11T14:23:24.142+0000][1][gc,cpu       ] GC(24) User=0.01s Sys=0.00s Real=0.00s
[2020-09-11T14:23:24.145+0000][1][safepoint    ] Safepoint "GenCollectForAllocation", Time since last: 412287755 ns, Reaching safepoint: 108745 ns, At safepoint: 5823459 ns, Total: 5932204 ns
[2020-09-11T14:23:24.508+0000][1][gc,start     ] GC(25) Pause Young (Allocation Failure)
[2020-09-11T14:23:24.508+0000][1][gc,task      ] GC(25) Using 1 workers of 1 for evacuation
[2020-09-11T14:23:24.510+0000][1][gc,age       ] GC(25) Desired survivor size 4358144 bytes, new threshold 6 (max threshold 6)
[2020-09-11T14:23:24.510+0000][1][gc,age       ] GC(25) Age table with threshold 6 (max threshold 6)
[2020-09-11T14:23:24.510+0000][1][gc,age       ] GC(25) - age   1:         72 bytes,         72 total
[2020-09-11T14:23:24.510+0000][1][gc,age       ] GC(25) - age   4:     249432 bytes,     249504 total
[2020-09-11T14:23:24.510+0000][1][gc,age       ] GC(25) - age   5:     439848 bytes,     689352 total
[2020-09-11T14:23:24.510+0000][1][gc,heap      ] GC(25) ParNew: 69261K->1285K(76672K)
[2020-09-11T14:23:24.510+0000][1][gc,heap      ] GC(25) CMS: 45527K->45527K(439104K)
[2020-09-11T14:23:24.510+0000][1][gc,metaspace ] GC(25) Metaspace: 32432K->32432K(1079296K)
[2020-09-11T14:23:24.510+0000][1][gc           ] GC(25) Pause Young (Allocation Failure) 112M->45M(503M) 2.858ms
[2020-09-11T14:23:24.510+0000][1][gc,cpu       ] GC(25) User=0.00s Sys=0.00s Real=0.00s
[2020-09-11T14:23:24.519+0000][1][safepoint    ] Safepoint "GenCollectForAllocation", Time since last: 362042259 ns, Reaching safepoint: 104172 ns, At safepoint: 11881325 ns, Total: 11985497 ns
[2020-09-11T14:23:24.872+0000][1][gc,start     ] GC(26) Pause Young (Allocation Failure)
[2020-09-11T14:23:24.872+0000][1][gc,task      ] GC(26) Using 1 workers of 1 for evacuation
[2020-09-11T14:23:24.874+0000][1][gc,age       ] GC(26) Desired survivor size 4358144 bytes, new threshold 6 (max threshold 6)
[2020-09-11T14:23:24.874+0000][1][gc,age       ] GC(26) Age table with threshold 6 (max threshold 6)
[2020-09-11T14:23:24.874+0000][1][gc,age       ] GC(26) - age   1:        184 bytes,        184 total
[2020-09-11T14:23:24.874+0000][1][gc,age       ] GC(26) - age   5:     249432 bytes,     249616 total
[2020-09-11T14:23:24.874+0000][1][gc,age       ] GC(26) - age   6:     439848 bytes,     689464 total
[2020-09-11T14:23:24.874+0000][1][gc,heap      ] GC(26) ParNew: 69445K->826K(76672K)
[2020-09-11T14:23:24.874+0000][1][gc,heap      ] GC(26) CMS: 45527K->45527K(439104K)
[2020-09-11T14:23:24.874+0000][1][gc,metaspace ] GC(26) Metaspace: 32432K->32432K(1079296K)
[2020-09-11T14:23:24.874+0000][1][gc           ] GC(26) Pause Young (Allocation Failure) 112M->45M(503M) 2.930ms
[2020-09-11T14:23:24.874+0000][1][gc,cpu       ] GC(26) User=0.00s Sys=0.00s Real=0.00s
[2020-09-11T14:23:24.895+0000][1][safepoint    ] Safepoint "GenCollectForAllocation", Time since last: 351999182 ns, Reaching safepoint: 100769 ns, At safepoint: 23903719 ns, Total: 24004488 ns
[2020-09-11T14:23:25.234+0000][1][gc,start     ] GC(27) Pause Young (Allocation Failure)
[2020-09-11T14:23:25.234+0000][1][gc,task      ] GC(27) Using 1 workers of 1 for evacuation
[2020-09-11T14:23:25.243+0000][1][gc,age       ] GC(27) Desired survivor size 4358144 bytes, new threshold 6 (max threshold 6)
[2020-09-11T14:23:25.243+0000][1][gc,age       ] GC(27) Age table with threshold 6 (max threshold 6)
[2020-09-11T14:23:25.243+0000][1][gc,age       ] GC(27) - age   1:        232 bytes,        232 total
[2020-09-11T14:23:25.243+0000][1][gc,age       ] GC(27) - age   6:     249432 bytes,     249664 total
[2020-09-11T14:23:25.243+0000][1][gc,heap      ] GC(27) ParNew: 68986K->608K(76672K)
[2020-09-11T14:23:25.243+0000][1][gc,heap      ] GC(27) CMS: 45527K->45958K(439104K)
[2020-09-11T14:23:25.243+0000][1][gc,metaspace ] GC(27) Metaspace: 32432K->32432K(1079296K)
[2020-09-11T14:23:25.243+0000][1][gc           ] GC(27) Pause Young (Allocation Failure) 111M->45M(503M) 9.206ms
[2020-09-11T14:23:25.243+0000][1][gc,cpu       ] GC(27) User=0.00s Sys=0.00s Real=0.01s
[2020-09-11T14:23:25.245+0000][1][safepoint    ] Safepoint "GenCollectForAllocation", Time since last: 338136182 ns, Reaching safepoint: 105362 ns, At safepoint: 11331664 ns, Total: 11437026 ns
[2020-09-11T14:23:25.603+0000][1][gc,start     ] GC(28) Pause Young (Allocation Failure)
[2020-09-11T14:23:25.603+0000][1][gc,task      ] GC(28) Using 1 workers of 1 for evacuation
[2020-09-11T14:23:25.606+0000][1][gc,age       ] GC(28) Desired survivor size 4358144 bytes, new threshold 6 (max threshold 6)
[2020-09-11T14:23:25.606+0000][1][gc,age       ] GC(28) Age table with threshold 6 (max threshold 6)
[2020-09-11T14:23:25.606+0000][1][gc,age       ] GC(28) - age   1:        200 bytes,        200 total
[2020-09-11T14:23:25.606+0000][1][gc,heap      ] GC(28) ParNew: 68768K->243K(76672K)
[2020-09-11T14:23:25.606+0000][1][gc,heap      ] GC(28) CMS: 45958K->46201K(439104K)
[2020-09-11T14:23:25.606+0000][1][gc,metaspace ] GC(28) Metaspace: 32432K->32432K(1079296K)
[2020-09-11T14:23:25.606+0000][1][gc           ] GC(28) Pause Young (Allocation Failure) 112M->45M(503M) 2.604ms
[2020-09-11T14:23:25.606+0000][1][gc,cpu       ] GC(28) User=0.01s Sys=0.00s Real=0.00s
[2020-09-11T14:23:25.614+0000][1][safepoint    ] Safepoint "GenCollectForAllocation", Time since last: 357616642 ns, Reaching safepoint: 826091 ns, At safepoint: 10771423 ns, Total: 11597514 ns
[2020-09-11T14:23:25.793+0000][1][gc,start     ] GC(29) Pause Young (Allocation Failure)
[2020-09-11T14:23:25.793+0000][1][gc,task      ] GC(29) Using 1 workers of 1 for evacuation
[2020-09-11T14:23:25.799+0000][1][gc,age       ] GC(29) Desired survivor size 4358144 bytes, new threshold 6 (max threshold 6)
[2020-09-11T14:23:25.799+0000][1][gc,age       ] GC(29) Age table with threshold 6 (max threshold 6)
[2020-09-11T14:23:25.799+0000][1][gc,age       ] GC(29) - age   1:        224 bytes,        224 total
[2020-09-11T14:23:25.800+0000][1][gc,heap      ] GC(29) ParNew: 68403K->60K(76672K)
[2020-09-11T14:23:25.800+0000][1][gc,heap      ] GC(29) CMS: 46201K->46201K(439104K)
[2020-09-11T14:23:25.800+0000][1][gc,metaspace ] GC(29) Metaspace: 32432K->32432K(1079296K)
[2020-09-11T14:23:25.800+0000][1][gc           ] GC(29) Pause Young (Allocation Failure) 111M->45M(503M) 6.543ms
[2020-09-11T14:23:25.800+0000][1][gc,cpu       ] GC(29) User=0.00s Sys=0.00s Real=0.01s
[2020-09-11T14:23:25.800+0000][1][safepoint    ] Safepoint "GenCollectForAllocation", Time since last: 178699530 ns, Reaching safepoint: 107035 ns, At safepoint: 6596502 ns, Total: 6703537 ns
[2020-09-11T14:23:25.979+0000][1][gc,start     ] GC(30) Pause Young (Allocation Failure)
[2020-09-11T14:23:25.980+0000][1][gc,task      ] GC(30) Using 1 workers of 1 for evacuation
[2020-09-11T14:23:25.982+0000][1][gc,age       ] GC(30) Desired survivor size 4358144 bytes, new threshold 6 (max threshold 6)
[2020-09-11T14:23:25.982+0000][1][gc,age       ] GC(30) Age table with threshold 6 (max threshold 6)
[2020-09-11T14:23:25.982+0000][1][gc,age       ] GC(30) - age   1:        224 bytes,        224 total
[2020-09-11T14:23:25.982+0000][1][gc,heap      ] GC(30) ParNew: 68220K->15K(76672K)
[2020-09-11T14:23:25.982+0000][1][gc,heap      ] GC(30) CMS: 46201K->46201K(439104K)
[2020-09-11T14:23:25.982+0000][1][gc,metaspace ] GC(30) Metaspace: 32432K->32432K(1079296K)
[2020-09-11T14:23:25.982+0000][1][gc           ] GC(30) Pause Young (Allocation Failure) 111M->45M(503M) 2.616ms
[2020-09-11T14:23:25.982+0000][1][gc,cpu       ] GC(30) User=0.00s Sys=0.00s Real=0.00s
[2020-09-11T14:23:25.982+0000][1][safepoint    ] Safepoint "GenCollectForAllocation", Time since last: 176407662 ns, Reaching safepoint: 3425871 ns, At safepoint: 2670544 ns, Total: 6096415 ns
[2020-09-11T14:23:26.167+0000][1][gc,start     ] GC(31) Pause Young (Allocation Failure)
[2020-09-11T14:23:26.168+0000][1][gc,task      ] GC(31) Using 1 workers of 1 for evacuation
[2020-09-11T14:23:26.170+0000][1][gc,age       ] GC(31) Desired survivor size 4358144 bytes, new threshold 6 (max threshold 6)
[2020-09-11T14:23:26.170+0000][1][gc,age       ] GC(31) Age table with threshold 6 (max threshold 6)
[2020-09-11T14:23:26.170+0000][1][gc,age       ] GC(31) - age   1:        176 bytes,        176 total
[2020-09-11T14:23:26.170+0000][1][gc,heap      ] GC(31) ParNew: 68175K->3K(76672K)
[2020-09-11T14:23:26.170+0000][1][gc,heap      ] GC(31) CMS: 46201K->46201K(439104K)
[2020-09-11T14:23:26.170+0000][1][gc,metaspace ] GC(31) Metaspace: 32432K->32432K(1079296K)
[2020-09-11T14:23:26.170+0000][1][gc           ] GC(31) Pause Young (Allocation Failure) 111M->45M(503M) 2.636ms
[2020-09-11T14:23:26.170+0000][1][gc,cpu       ] GC(31) User=0.00s Sys=0.00s Real=0.00s
[2020-09-11T14:23:26.174+0000][1][safepoint    ] Safepoint "GenCollectForAllocation", Time since last: 180551199 ns, Reaching safepoint: 4783852 ns, At safepoint: 6066954 ns, Total: 10850806 ns
[2020-09-11T14:23:26.359+0000][1][gc,start     ] GC(32) Pause Young (Allocation Failure)
[2020-09-11T14:23:26.360+0000][1][gc,task      ] GC(32) Using 1 workers of 1 for evacuation
[2020-09-11T14:23:26.362+0000][1][gc,age       ] GC(32) Desired survivor size 4358144 bytes, new threshold 6 (max threshold 6)
[2020-09-11T14:23:26.362+0000][1][gc,age       ] GC(32) Age table with threshold 6 (max threshold 6)
[2020-09-11T14:23:26.362+0000][1][gc,age       ] GC(32) - age   1:        200 bytes,        200 total
[2020-09-11T14:23:26.362+0000][1][gc,heap      ] GC(32) ParNew: 68163K->2K(76672K)
[2020-09-11T14:23:26.362+0000][1][gc,heap      ] GC(32) CMS: 46201K->46201K(439104K)
[2020-09-11T14:23:26.362+0000][1][gc,metaspace ] GC(32) Metaspace: 32432K->32432K(1079296K)
[2020-09-11T14:23:26.362+0000][1][gc           ] GC(32) Pause Young (Allocation Failure) 111M->45M(503M) 2.550ms
[2020-09-11T14:23:26.362+0000][1][gc,cpu       ] GC(32) User=0.00s Sys=0.00s Real=0.00s
[2020-09-11T14:23:26.362+0000][1][safepoint    ] Safepoint "GenCollectForAllocation", Time since last: 181922142 ns, Reaching safepoint: 3999253 ns, At safepoint: 2609483 ns, Total: 6608736 ns
[2020-09-11T14:23:26.545+0000][1][gc,start     ] GC(33) Pause Young (Allocation Failure)
[2020-09-11T14:23:26.545+0000][1][gc,task      ] GC(33) Using 1 workers of 1 for evacuation
[2020-09-11T14:23:26.549+0000][1][gc,age       ] GC(33) Desired survivor size 4358144 bytes, new threshold 6 (max threshold 6)
[2020-09-11T14:23:26.549+0000][1][gc,age       ] GC(33) Age table with threshold 6 (max threshold 6)
[2020-09-11T14:23:26.549+0000][1][gc,age       ] GC(33) - age   1:        232 bytes,        232 total
[2020-09-11T14:23:26.549+0000][1][gc,heap      ] GC(33) ParNew: 68162K->2K(76672K)
[2020-09-11T14:23:26.549+0000][1][gc,heap      ] GC(33) CMS: 46201K->46201K(439104K)
[2020-09-11T14:23:26.549+0000][1][gc,metaspace ] GC(33) Metaspace: 32432K->32432K(1079296K)
[2020-09-11T14:23:26.549+0000][1][gc           ] GC(33) Pause Young (Allocation Failure) 111M->45M(503M) 4.264ms
[2020-09-11T14:23:26.549+0000][1][gc,cpu       ] GC(33) User=0.00s Sys=0.00s Real=0.00s
[2020-09-11T14:23:26.549+0000][1][safepoint    ] Safepoint "GenCollectForAllocation", Time since last: 182921490 ns, Reaching safepoint: 104115 ns, At safepoint: 4321124 ns, Total: 4425239 ns
[2020-09-11T14:23:27.555+0000][1][safepoint    ] Safepoint "Cleanup", Time since last: 1002009527 ns, Reaching safepoint: 4062154 ns, At safepoint: 15055 ns, Total: 4077209 ns
[2020-09-11T14:23:30.560+0000][1][safepoint    ] Safepoint "Cleanup", Time since last: 3003954380 ns, Reaching safepoint: 155094 ns, At safepoint: 5976 ns, Total: 161070 ns
[2020-09-11T14:23:31.284+0000][1][gc,start     ] GC(34) Pause Young (Allocation Failure)
[2020-09-11T14:23:31.284+0000][1][gc,task      ] GC(34) Using 1 workers of 1 for evacuation
[2020-09-11T14:23:31.286+0000][1][gc,age       ] GC(34) Desired survivor size 4358144 bytes, new threshold 6 (max threshold 6)
[2020-09-11T14:23:31.286+0000][1][gc,age       ] GC(34) Age table with threshold 6 (max threshold 6)
[2020-09-11T14:23:31.286+0000][1][gc,age       ] GC(34) - age   1:     276440 bytes,     276440 total
[2020-09-11T14:23:31.286+0000][1][gc,heap      ] GC(34) ParNew: 68162K->272K(76672K)
[2020-09-11T14:23:31.286+0000][1][gc,heap      ] GC(34) CMS: 46201K->46201K(439104K)
[2020-09-11T14:23:31.286+0000][1][gc,metaspace ] GC(34) Metaspace: 32452K->32452K(1079296K)
[2020-09-11T14:23:31.286+0000][1][gc           ] GC(34) Pause Young (Allocation Failure) 111M->45M(503M) 2.743ms
[2020-09-11T14:23:31.286+0000][1][gc,cpu       ] GC(34) User=0.01s Sys=0.00s Real=0.00s
[2020-09-11T14:23:31.291+0000][1][safepoint    ] Safepoint "GenCollectForAllocation", Time since last: 723844742 ns, Reaching safepoint: 81747 ns, At safepoint: 7948054 ns, Total: 8029801 ns
[2020-09-11T14:23:32.308+0000][1][safepoint    ] Safepoint "Cleanup", Time since last: 1015952300 ns, Reaching safepoint: 103833 ns, At safepoint: 5600 ns, Total: 109433 ns
[2020-09-11T14:23:32.384+0000][1][gc,start     ] GC(35) Pause Young (Allocation Failure)
[2020-09-11T14:23:32.384+0000][1][gc,task      ] GC(35) Using 1 workers of 1 for evacuation
[2020-09-11T14:23:32.386+0000][1][gc,age       ] GC(35) Desired survivor size 4358144 bytes, new threshold 6 (max threshold 6)
[2020-09-11T14:23:32.386+0000][1][gc,age       ] GC(35) Age table with threshold 6 (max threshold 6)
[2020-09-11T14:23:32.386+0000][1][gc,age       ] GC(35) - age   1:     510584 bytes,     510584 total
[2020-09-11T14:23:32.386+0000][1][gc,age       ] GC(35) - age   2:     183544 bytes,     694128 total
[2020-09-11T14:23:32.386+0000][1][gc,heap      ] GC(35) ParNew: 68432K->683K(76672K)
[2020-09-11T14:23:32.386+0000][1][gc,heap      ] GC(35) CMS: 46201K->46201K(439104K)
[2020-09-11T14:23:32.387+0000][1][gc,metaspace ] GC(35) Metaspace: 32452K->32452K(1079296K)
[2020-09-11T14:23:32.387+0000][1][gc           ] GC(35) Pause Young (Allocation Failure) 111M->45M(503M) 2.818ms
[2020-09-11T14:23:32.387+0000][1][gc,cpu       ] GC(35) User=0.00s Sys=0.00s Real=0.00s
[2020-09-11T14:23:32.395+0000][1][safepoint    ] Safepoint "GenCollectForAllocation", Time since last: 76075385 ns, Reaching safepoint: 98608 ns, At safepoint: 11708837 ns, Total: 11807445 ns
[2020-09-11T14:23:33.332+0000][1][gc,start     ] GC(36) Pause Young (Allocation Failure)
[2020-09-11T14:23:33.332+0000][1][gc,task      ] GC(36) Using 1 workers of 1 for evacuation
[2020-09-11T14:23:33.335+0000][1][gc,age       ] GC(36) Desired survivor size 4358144 bytes, new threshold 6 (max threshold 6)
[2020-09-11T14:23:33.335+0000][1][gc,age       ] GC(36) Age table with threshold 6 (max threshold 6)
[2020-09-11T14:23:33.335+0000][1][gc,age       ] GC(36) - age   1:     642264 bytes,     642264 total
[2020-09-11T14:23:33.335+0000][1][gc,age       ] GC(36) - age   2:     339656 bytes,     981920 total
[2020-09-11T14:23:33.335+0000][1][gc,age       ] GC(36) - age   3:     182824 bytes,    1164744 total
[2020-09-11T14:23:33.335+0000][1][gc,heap      ] GC(36) ParNew: 68843K->1178K(76672K)
[2020-09-11T14:23:33.335+0000][1][gc,heap      ] GC(36) CMS: 46201K->46201K(439104K)
[2020-09-11T14:23:33.335+0000][1][gc,metaspace ] GC(36) Metaspace: 32453K->32453K(1079296K)
[2020-09-11T14:23:33.335+0000][1][gc           ] GC(36) Pause Young (Allocation Failure) 112M->46M(503M) 3.115ms
[2020-09-11T14:23:33.335+0000][1][gc,cpu       ] GC(36) User=0.01s Sys=0.00s Real=0.00s
[2020-09-11T14:23:33.353+0000][1][safepoint    ] Safepoint "GenCollectForAllocation", Time since last: 936008618 ns, Reaching safepoint: 103074 ns, At safepoint: 21943254 ns, Total: 22046328 ns
[2020-09-11T14:23:34.128+0000][1][gc,start     ] GC(37) Pause Young (Allocation Failure)
[2020-09-11T14:23:34.128+0000][1][gc,task      ] GC(37) Using 1 workers of 1 for evacuation
[2020-09-11T14:23:34.131+0000][1][gc,age       ] GC(37) Desired survivor size 4358144 bytes, new threshold 6 (max threshold 6)
[2020-09-11T14:23:34.131+0000][1][gc,age       ] GC(37) Age table with threshold 6 (max threshold 6)
[2020-09-11T14:23:34.131+0000][1][gc,age       ] GC(37) - age   1:     621312 bytes,     621312 total
[2020-09-11T14:23:34.131+0000][1][gc,age       ] GC(37) - age   2:     301488 bytes,     922800 total
[2020-09-11T14:23:34.131+0000][1][gc,age       ] GC(37) - age   3:     339472 bytes,    1262272 total
[2020-09-11T14:23:34.131+0000][1][gc,age       ] GC(37) - age   4:     182520 bytes,    1444792 total
[2020-09-11T14:23:34.131+0000][1][gc,heap      ] GC(37) ParNew: 69338K->1438K(76672K)
[2020-09-11T14:23:34.131+0000][1][gc,heap      ] GC(37) CMS: 46201K->46201K(439104K)
[2020-09-11T14:23:34.131+0000][1][gc,metaspace ] GC(37) Metaspace: 32454K->32454K(1079296K)
[2020-09-11T14:23:34.131+0000][1][gc           ] GC(37) Pause Young (Allocation Failure) 112M->46M(503M) 3.010ms
[2020-09-11T14:23:34.131+0000][1][gc,cpu       ] GC(37) User=0.00s Sys=0.00s Real=0.00s
[2020-09-11T14:23:34.147+0000][1][safepoint    ] Safepoint "GenCollectForAllocation", Time since last: 774037019 ns, Reaching safepoint: 101931 ns, At safepoint: 19815617 ns, Total: 19917548 ns
[2020-09-11T14:23:34.424+0000][1][safepoint    ] Safepoint "RevokeBias", Time since last: 275989135 ns, Reaching safepoint: 100707 ns, At safepoint: 38233 ns, Total: 138940 ns
[2020-09-11T14:23:35.100+0000][1][gc,start     ] GC(38) Pause Young (Allocation Failure)
[2020-09-11T14:23:35.100+0000][1][gc,task      ] GC(38) Using 1 workers of 1 for evacuation
[2020-09-11T14:23:35.103+0000][1][gc,age       ] GC(38) Desired survivor size 4358144 bytes, new threshold 6 (max threshold 6)
[2020-09-11T14:23:35.103+0000][1][gc,age       ] GC(38) Age table with threshold 6 (max threshold 6)
[2020-09-11T14:23:35.103+0000][1][gc,age       ] GC(38) - age   1:     968288 bytes,     968288 total
[2020-09-11T14:23:35.103+0000][1][gc,age       ] GC(38) - age   2:     264672 bytes,    1232960 total
[2020-09-11T14:23:35.103+0000][1][gc,age       ] GC(38) - age   3:     297464 bytes,    1530424 total
[2020-09-11T14:23:35.103+0000][1][gc,age       ] GC(38) - age   4:     339392 bytes,    1869816 total
[2020-09-11T14:23:35.103+0000][1][gc,age       ] GC(38) - age   5:     182416 bytes,    2052232 total
[2020-09-11T14:23:35.103+0000][1][gc,heap      ] GC(38) ParNew: 69598K->2063K(76672K)
[2020-09-11T14:23:35.103+0000][1][gc,heap      ] GC(38) CMS: 46201K->46201K(439104K)
[2020-09-11T14:23:35.103+0000][1][gc,metaspace ] GC(38) Metaspace: 32454K->32454K(1079296K)
[2020-09-11T14:23:35.103+0000][1][gc           ] GC(38) Pause Young (Allocation Failure) 113M->47M(503M) 3.135ms
[2020-09-11T14:23:35.103+0000][1][gc,cpu       ] GC(38) User=0.00s Sys=0.00s Real=0.00s
[2020-09-11T14:23:35.123+0000][1][safepoint    ] Safepoint "GenCollectForAllocation", Time since last: 675890191 ns, Reaching safepoint: 102849 ns, At safepoint: 23905289 ns, Total: 24008138 ns
[2020-09-11T14:23:35.797+0000][1][gc,start     ] GC(39) Pause Young (Allocation Failure)
[2020-09-11T14:23:35.797+0000][1][gc,task      ] GC(39) Using 1 workers of 1 for evacuation
[2020-09-11T14:23:35.807+0000][1][gc,age       ] GC(39) Desired survivor size 4358144 bytes, new threshold 6 (max threshold 6)
[2020-09-11T14:23:35.807+0000][1][gc,age       ] GC(39) Age table with threshold 6 (max threshold 6)
[2020-09-11T14:23:35.807+0000][1][gc,age       ] GC(39) - age   1:     312248 bytes,     312248 total
[2020-09-11T14:23:35.807+0000][1][gc,age       ] GC(39) - age   2:     955560 bytes,    1267808 total
[2020-09-11T14:23:35.807+0000][1][gc,age       ] GC(39) - age   3:     263336 bytes,    1531144 total
[2020-09-11T14:23:35.807+0000][1][gc,age       ] GC(39) - age   4:     296976 bytes,    1828120 total
[2020-09-11T14:23:35.807+0000][1][gc,age       ] GC(39) - age   5:     339056 bytes,    2167176 total
[2020-09-11T14:23:35.807+0000][1][gc,age       ] GC(39) - age   6:     182376 bytes,    2349552 total
[2020-09-11T14:23:35.807+0000][1][gc,heap      ] GC(39) ParNew: 70223K->2385K(76672K)
[2020-09-11T14:23:35.807+0000][1][gc,heap      ] GC(39) CMS: 46201K->46201K(439104K)
[2020-09-11T14:23:35.807+0000][1][gc,metaspace ] GC(39) Metaspace: 32454K->32454K(1079296K)
[2020-09-11T14:23:35.807+0000][1][gc           ] GC(39) Pause Young (Allocation Failure) 113M->47M(503M) 10.419ms
[2020-09-11T14:23:35.807+0000][1][gc,cpu       ] GC(39) User=0.00s Sys=0.00s Real=0.01s
[2020-09-11T14:23:35.807+0000][1][safepoint    ] Safepoint "GenCollectForAllocation", Time since last: 671976953 ns, Reaching safepoint: 1090634 ns, At safepoint: 10769771 ns, Total: 11860405 ns
[2020-09-11T14:23:35.876+0000][1][safepoint    ] Safepoint "RevokeBias", Time since last: 68330122 ns, Reaching safepoint: 104254 ns, At safepoint: 28132 ns, Total: 132386 ns
[2020-09-11T14:23:36.780+0000][1][gc,start     ] GC(40) Pause Young (Allocation Failure)
[2020-09-11T14:23:36.780+0000][1][gc,task      ] GC(40) Using 1 workers of 1 for evacuation
[2020-09-11T14:23:36.783+0000][1][gc,age       ] GC(40) Desired survivor size 4358144 bytes, new threshold 6 (max threshold 6)
[2020-09-11T14:23:36.783+0000][1][gc,age       ] GC(40) Age table with threshold 6 (max threshold 6)
[2020-09-11T14:23:36.783+0000][1][gc,age       ] GC(40) - age   1:     345976 bytes,     345976 total
[2020-09-11T14:23:36.783+0000][1][gc,age       ] GC(40) - age   2:     303368 bytes,     649344 total
[2020-09-11T14:23:36.783+0000][1][gc,age       ] GC(40) - age   3:     955560 bytes,    1604904 total
[2020-09-11T14:23:36.783+0000][1][gc,age       ] GC(40) - age   4:     263232 bytes,    1868136 total
[2020-09-11T14:23:36.783+0000][1][gc,age       ] GC(40) - age   5:     296856 bytes,    2164992 total
[2020-09-11T14:23:36.783+0000][1][gc,age       ] GC(40) - age   6:     339056 bytes,    2504048 total
[2020-09-11T14:23:36.795+0000][1][gc,heap      ] GC(40) ParNew: 70545K->2468K(76672K)
[2020-09-11T14:23:36.795+0000][1][gc,heap      ] GC(40) CMS: 46201K->46377K(439104K)
[2020-09-11T14:23:36.795+0000][1][gc,metaspace ] GC(40) Metaspace: 32458K->32458K(1079296K)
[2020-09-11T14:23:36.795+0000][1][gc           ] GC(40) Pause Young (Allocation Failure) 114M->47M(503M) 14.941ms
[2020-09-11T14:23:36.795+0000][1][gc,cpu       ] GC(40) User=0.00s Sys=0.01s Real=0.01s
[2020-09-11T14:23:36.796+0000][1][safepoint    ] Safepoint "GenCollectForAllocation", Time since last: 904319116 ns, Reaching safepoint: 118730 ns, At safepoint: 15340953 ns, Total: 15459683 ns
[2020-09-11T14:23:37.008+0000][1][gc,start     ] GC(41) Pause Young (Allocation Failure)
[2020-09-11T14:23:37.008+0000][1][gc,task      ] GC(41) Using 1 workers of 1 for evacuation
[2020-09-11T14:23:37.021+0000][1][gc,age       ] GC(41) Desired survivor size 4358144 bytes, new threshold 6 (max threshold 6)
[2020-09-11T14:23:37.021+0000][1][gc,age       ] GC(41) Age table with threshold 6 (max threshold 6)
[2020-09-11T14:23:37.021+0000][1][gc,age       ] GC(41) - age   1:        312 bytes,        312 total
[2020-09-11T14:23:37.021+0000][1][gc,age       ] GC(41) - age   2:     345672 bytes,     345984 total
[2020-09-11T14:23:37.021+0000][1][gc,age       ] GC(41) - age   3:     303368 bytes,     649352 total
[2020-09-11T14:23:37.021+0000][1][gc,age       ] GC(41) - age   4:     955560 bytes,    1604912 total
[2020-09-11T14:23:37.021+0000][1][gc,age       ] GC(41) - age   5:     263232 bytes,    1868144 total
[2020-09-11T14:23:37.021+0000][1][gc,age       ] GC(41) - age   6:     296856 bytes,    2165000 total
[2020-09-11T14:23:37.021+0000][1][gc,heap      ] GC(41) ParNew: 70628K->2129K(76672K)
[2020-09-11T14:23:37.021+0000][1][gc,heap      ] GC(41) CMS: 46377K->46708K(439104K)
[2020-09-11T14:23:37.021+0000][1][gc,metaspace ] GC(41) Metaspace: 32458K->32458K(1079296K)
[2020-09-11T14:23:37.021+0000][1][gc           ] GC(41) Pause Young (Allocation Failure) 114M->47M(503M) 13.351ms
[2020-09-11T14:23:37.021+0000][1][gc,cpu       ] GC(41) User=0.00s Sys=0.00s Real=0.01s
[2020-09-11T14:23:37.022+0000][1][safepoint    ] Safepoint "GenCollectForAllocation", Time since last: 211902780 ns, Reaching safepoint: 659660 ns, At safepoint: 13414481 ns, Total: 14074141 ns
[2020-09-11T14:23:37.195+0000][1][gc,start     ] GC(42) Pause Young (Allocation Failure)
[2020-09-11T14:23:37.196+0000][1][gc,task      ] GC(42) Using 1 workers of 1 for evacuation
[2020-09-11T14:23:37.198+0000][1][gc,age       ] GC(42) Desired survivor size 4358144 bytes, new threshold 6 (max threshold 6)
[2020-09-11T14:23:37.198+0000][1][gc,age       ] GC(42) Age table with threshold 6 (max threshold 6)
[2020-09-11T14:23:37.198+0000][1][gc,age       ] GC(42) - age   1:         64 bytes,         64 total
[2020-09-11T14:23:37.199+0000][1][gc,age       ] GC(42) - age   2:        160 bytes,        224 total
[2020-09-11T14:23:37.199+0000][1][gc,age       ] GC(42) - age   3:     345672 bytes,     345896 total
[2020-09-11T14:23:37.199+0000][1][gc,age       ] GC(42) - age   4:     303368 bytes,     649264 total
[2020-09-11T14:23:37.199+0000][1][gc,age       ] GC(42) - age   5:     955560 bytes,    1604824 total
[2020-09-11T14:23:37.199+0000][1][gc,age       ] GC(42) - age   6:     263232 bytes,    1868056 total
[2020-09-11T14:23:37.199+0000][1][gc,heap      ] GC(42) ParNew: 70289K->2227K(76672K)
[2020-09-11T14:23:37.199+0000][1][gc,heap      ] GC(42) CMS: 46708K->46998K(439104K)
[2020-09-11T14:23:37.199+0000][1][gc,metaspace ] GC(42) Metaspace: 32458K->32458K(1079296K)
[2020-09-11T14:23:37.199+0000][1][gc           ] GC(42) Pause Young (Allocation Failure) 114M->48M(503M) 3.149ms
[2020-09-11T14:23:37.199+0000][1][gc,cpu       ] GC(42) User=0.00s Sys=0.00s Real=0.00s
[2020-09-11T14:23:37.207+0000][1][safepoint    ] Safepoint "GenCollectForAllocation", Time since last: 171933632 ns, Reaching safepoint: 1992369 ns, At safepoint: 11443586 ns, Total: 13435955 ns
[2020-09-11T14:23:37.379+0000][1][gc,start     ] GC(43) Pause Young (Allocation Failure)
[2020-09-11T14:23:37.379+0000][1][gc,task      ] GC(43) Using 1 workers of 1 for evacuation
[2020-09-11T14:23:37.382+0000][1][gc,age       ] GC(43) Desired survivor size 4358144 bytes, new threshold 6 (max threshold 6)
[2020-09-11T14:23:37.382+0000][1][gc,age       ] GC(43) Age table with threshold 6 (max threshold 6)
[2020-09-11T14:23:37.382+0000][1][gc,age       ] GC(43) - age   3:        160 bytes,        160 total
[2020-09-11T14:23:37.382+0000][1][gc,age       ] GC(43) - age   4:     345672 bytes,     345832 total
[2020-09-11T14:23:37.382+0000][1][gc,age       ] GC(43) - age   5:     303368 bytes,     649200 total
[2020-09-11T14:23:37.382+0000][1][gc,age       ] GC(43) - age   6:     955560 bytes,    1604760 total
[2020-09-11T14:23:37.382+0000][1][gc,heap      ] GC(43) ParNew: 70387K->1568K(76672K)
[2020-09-11T14:23:37.382+0000][1][gc,heap      ] GC(43) CMS: 46998K->47255K(439104K)
[2020-09-11T14:23:37.382+0000][1][gc,metaspace ] GC(43) Metaspace: 32458K->32458K(1079296K)
[2020-09-11T14:23:37.383+0000][1][gc           ] GC(43) Pause Young (Allocation Failure) 114M->47M(503M) 3.084ms
[2020-09-11T14:23:37.383+0000][1][gc,cpu       ] GC(43) User=0.00s Sys=0.00s Real=0.00s
[2020-09-11T14:23:37.390+0000][1][safepoint    ] Safepoint "GenCollectForAllocation", Time since last: 170515708 ns, Reaching safepoint: 2027881 ns, At safepoint: 10114004 ns, Total: 12141885 ns
[2020-09-11T14:23:37.575+0000][1][gc,start     ] GC(44) Pause Young (Allocation Failure)
[2020-09-11T14:23:37.576+0000][1][gc,task      ] GC(44) Using 1 workers of 1 for evacuation
[2020-09-11T14:23:37.578+0000][1][gc,age       ] GC(44) Desired survivor size 4358144 bytes, new threshold 6 (max threshold 6)
[2020-09-11T14:23:37.578+0000][1][gc,age       ] GC(44) Age table with threshold 6 (max threshold 6)
[2020-09-11T14:23:37.578+0000][1][gc,age       ] GC(44) - age   1:        176 bytes,        176 total
[2020-09-11T14:23:37.578+0000][1][gc,age       ] GC(44) - age   4:        160 bytes,        336 total
[2020-09-11T14:23:37.578+0000][1][gc,age       ] GC(44) - age   5:     345672 bytes,     346008 total
[2020-09-11T14:23:37.578+0000][1][gc,age       ] GC(44) - age   6:     303368 bytes,     649376 total
[2020-09-11T14:23:37.578+0000][1][gc,heap      ] GC(44) ParNew: 69728K->895K(76672K)
[2020-09-11T14:23:37.578+0000][1][gc,heap      ] GC(44) CMS: 47255K->48188K(439104K)
[2020-09-11T14:23:37.578+0000][1][gc,metaspace ] GC(44) Metaspace: 32458K->32458K(1079296K)
[2020-09-11T14:23:37.578+0000][1][gc           ] GC(44) Pause Young (Allocation Failure) 114M->47M(503M) 2.904ms
[2020-09-11T14:23:37.578+0000][1][gc,cpu       ] GC(44) User=0.00s Sys=0.00s Real=0.00s
[2020-09-11T14:23:37.578+0000][1][safepoint    ] Safepoint "GenCollectForAllocation", Time since last: 182767898 ns, Reaching safepoint: 3130969 ns, At safepoint: 2975106 ns, Total: 6106075 ns
[2020-09-11T14:23:37.783+0000][1][gc,start     ] GC(45) Pause Young (Allocation Failure)
[2020-09-11T14:23:37.784+0000][1][gc,task      ] GC(45) Using 1 workers of 1 for evacuation
[2020-09-11T14:23:37.786+0000][1][gc,age       ] GC(45) Desired survivor size 4358144 bytes, new threshold 6 (max threshold 6)
[2020-09-11T14:23:37.786+0000][1][gc,age       ] GC(45) Age table with threshold 6 (max threshold 6)
[2020-09-11T14:23:37.786+0000][1][gc,age       ] GC(45) - age   1:         24 bytes,         24 total
[2020-09-11T14:23:37.786+0000][1][gc,age       ] GC(45) - age   5:        160 bytes,        184 total
[2020-09-11T14:23:37.786+0000][1][gc,age       ] GC(45) - age   6:     345672 bytes,     345856 total
[2020-09-11T14:23:37.786+0000][1][gc,heap      ] GC(45) ParNew: 69055K->699K(76672K)
[2020-09-11T14:23:37.786+0000][1][gc,heap      ] GC(45) CMS: 48188K->48484K(439104K)
[2020-09-11T14:23:37.786+0000][1][gc,metaspace ] GC(45) Metaspace: 32458K->32458K(1079296K)
[2020-09-11T14:23:37.786+0000][1][gc           ] GC(45) Pause Young (Allocation Failure) 114M->48M(503M) 2.847ms
[2020-09-11T14:23:37.786+0000][1][gc,cpu       ] GC(45) User=0.01s Sys=0.00s Real=0.00s
[2020-09-11T14:23:37.795+0000][1][safepoint    ] Safepoint "GenCollectForAllocation", Time since last: 203607776 ns, Reaching safepoint: 1433700 ns, At safepoint: 12008542 ns, Total: 13442242 ns
[2020-09-11T14:23:37.972+0000][1][gc,start     ] GC(46) Pause Young (Allocation Failure)
[2020-09-11T14:23:37.972+0000][1][gc,task      ] GC(46) Using 1 workers of 1 for evacuation
[2020-09-11T14:23:37.975+0000][1][gc,age       ] GC(46) Desired survivor size 4358144 bytes, new threshold 6 (max threshold 6)
[2020-09-11T14:23:37.975+0000][1][gc,age       ] GC(46) Age table with threshold 6 (max threshold 6)
[2020-09-11T14:23:37.975+0000][1][gc,age       ] GC(46) - age   1:        240 bytes,        240 total
[2020-09-11T14:23:37.975+0000][1][gc,age       ] GC(46) - age   6:        160 bytes,        400 total
[2020-09-11T14:23:37.975+0000][1][gc,heap      ] GC(46) ParNew: 68859K->301K(76672K)
[2020-09-11T14:23:37.975+0000][1][gc,heap      ] GC(46) CMS: 48484K->48822K(439104K)
[2020-09-11T14:23:37.975+0000][1][gc,metaspace ] GC(46) Metaspace: 32458K->32458K(1079296K)
[2020-09-11T14:23:37.975+0000][1][gc           ] GC(46) Pause Young (Allocation Failure) 114M->47M(503M) 2.737ms
[2020-09-11T14:23:37.975+0000][1][gc,cpu       ] GC(46) User=0.01s Sys=0.00s Real=0.00s
[2020-09-11T14:23:37.983+0000][1][safepoint    ] Safepoint "GenCollectForAllocation", Time since last: 175981781 ns, Reaching safepoint: 799088 ns, At safepoint: 11221857 ns, Total: 12020945 ns
[2020-09-11T14:23:38.157+0000][1][gc,start     ] GC(47) Pause Young (Allocation Failure)
[2020-09-11T14:23:38.157+0000][1][gc,task      ] GC(47) Using 1 workers of 1 for evacuation
[2020-09-11T14:23:38.159+0000][1][gc,age       ] GC(47) Desired survivor size 4358144 bytes, new threshold 6 (max threshold 6)
[2020-09-11T14:23:38.159+0000][1][gc,age       ] GC(47) Age table with threshold 6 (max threshold 6)
[2020-09-11T14:23:38.159+0000][1][gc,age       ] GC(47) - age   1:         48 bytes,         48 total
[2020-09-11T14:23:38.159+0000][1][gc,heap      ] GC(47) ParNew: 68461K->75K(76672K)
[2020-09-11T14:23:38.159+0000][1][gc,heap      ] GC(47) CMS: 48822K->48823K(439104K)
[2020-09-11T14:23:38.159+0000][1][gc,metaspace ] GC(47) Metaspace: 32458K->32458K(1079296K)
[2020-09-11T14:23:38.159+0000][1][gc           ] GC(47) Pause Young (Allocation Failure) 114M->47M(503M) 2.238ms
[2020-09-11T14:23:38.159+0000][1][gc,cpu       ] GC(47) User=0.00s Sys=0.00s Real=0.00s
[2020-09-11T14:23:38.166+0000][1][safepoint    ] Safepoint "GenCollectForAllocation", Time since last: 171973082 ns, Reaching safepoint: 1262811 ns, At safepoint: 8939173 ns, Total: 10201984 ns
[2020-09-11T14:23:38.360+0000][1][gc,start     ] GC(48) Pause Young (Allocation Failure)
[2020-09-11T14:23:38.360+0000][1][gc,task      ] GC(48) Using 1 workers of 1 for evacuation
[2020-09-11T14:23:38.362+0000][1][gc,age       ] GC(48) Desired survivor size 4358144 bytes, new threshold 6 (max threshold 6)
[2020-09-11T14:23:38.362+0000][1][gc,age       ] GC(48) Age table with threshold 6 (max threshold 6)
[2020-09-11T14:23:38.362+0000][1][gc,age       ] GC(48) - age   1:         24 bytes,         24 total
[2020-09-11T14:23:38.362+0000][1][gc,heap      ] GC(48) ParNew: 68235K->18K(76672K)
[2020-09-11T14:23:38.362+0000][1][gc,heap      ] GC(48) CMS: 48823K->48823K(439104K)
[2020-09-11T14:23:38.362+0000][1][gc,metaspace ] GC(48) Metaspace: 32458K->32458K(1079296K)
[2020-09-11T14:23:38.362+0000][1][gc           ] GC(48) Pause Young (Allocation Failure) 114M->47M(503M) 2.307ms
[2020-09-11T14:23:38.362+0000][1][gc,cpu       ] GC(48) User=0.00s Sys=0.00s Real=0.00s
[2020-09-11T14:23:38.362+0000][1][safepoint    ] Safepoint "GenCollectForAllocation", Time since last: 193795169 ns, Reaching safepoint: 113659 ns, At safepoint: 2365240 ns, Total: 2478899 ns
[2020-09-11T14:23:38.542+0000][1][gc,start     ] GC(49) Pause Young (Allocation Failure)
[2020-09-11T14:23:38.542+0000][1][gc,task      ] GC(49) Using 1 workers of 1 for evacuation
[2020-09-11T14:23:38.544+0000][1][gc,age       ] GC(49) Desired survivor size 4358144 bytes, new threshold 6 (max threshold 6)
[2020-09-11T14:23:38.544+0000][1][gc,age       ] GC(49) Age table with threshold 6 (max threshold 6)
[2020-09-11T14:23:38.544+0000][1][gc,age       ] GC(49) - age   1:         64 bytes,         64 total
[2020-09-11T14:23:38.544+0000][1][gc,heap      ] GC(49) ParNew: 68178K->4K(76672K)
[2020-09-11T14:23:38.544+0000][1][gc,heap      ] GC(49) CMS: 48823K->48823K(439104K)
[2020-09-11T14:23:38.544+0000][1][gc,metaspace ] GC(49) Metaspace: 32458K->32458K(1079296K)
[2020-09-11T14:23:38.544+0000][1][gc           ] GC(49) Pause Young (Allocation Failure) 114M->47M(503M) 2.230ms
[2020-09-11T14:23:38.544+0000][1][gc,cpu       ] GC(49) User=0.00s Sys=0.00s Real=0.01s
[2020-09-11T14:23:38.547+0000][1][safepoint    ] Safepoint "GenCollectForAllocation", Time since last: 179603852 ns, Reaching safepoint: 104926 ns, At safepoint: 5803762 ns, Total: 5908688 ns
[2020-09-11T14:23:38.821+0000][1][safepoint    ] Safepoint "RevokeBias", Time since last: 273360362 ns, Reaching safepoint: 148856 ns, At safepoint: 51654 ns, Total: 200510 ns
[2020-09-11T14:23:39.830+0000][1][safepoint    ] Safepoint "Cleanup", Time since last: 1007463631 ns, Reaching safepoint: 1073629 ns, At safepoint: 7291 ns, Total: 1080920 ns
[2020-09-11T14:23:40.340+0000][1][safepoint    ] Safepoint "RevokeBias", Time since last: 509979479 ns, Reaching safepoint: 118212 ns, At safepoint: 39292 ns, Total: 157504 ns
[2020-09-11T14:23:40.340+0000][1][safepoint    ] Safepoint "RevokeBias", Time since last: 44123 ns, Reaching safepoint: 80326 ns, At safepoint: 30423 ns, Total: 110749 ns
[2020-09-11T14:23:40.340+0000][1][safepoint    ] Safepoint "RevokeBias", Time since last: 29529 ns, Reaching safepoint: 80587 ns, At safepoint: 25837 ns, Total: 106424 ns
[2020-09-11T14:23:40.340+0000][1][safepoint    ] Safepoint "RevokeBias", Time since last: 29602 ns, Reaching safepoint: 80419 ns, At safepoint: 29651 ns, Total: 110070 ns
[2020-09-11T14:23:40.340+0000][1][safepoint    ] Safepoint "RevokeBias", Time since last: 197841 ns, Reaching safepoint: 81210 ns, At safepoint: 26148 ns, Total: 107358 ns
[2020-09-11T14:23:40.366+0000][1][gc,start     ] GC(50) Pause Young (Allocation Failure)
[2020-09-11T14:23:40.366+0000][1][gc,task      ] GC(50) Using 1 workers of 1 for evacuation
[2020-09-11T14:23:40.372+0000][1][gc,age       ] GC(50) Desired survivor size 4358144 bytes, new threshold 6 (max threshold 6)
[2020-09-11T14:23:40.372+0000][1][gc,age       ] GC(50) Age table with threshold 6 (max threshold 6)
[2020-09-11T14:23:40.372+0000][1][gc,age       ] GC(50) - age   1:     134352 bytes,     134352 total
[2020-09-11T14:23:40.372+0000][1][gc,heap      ] GC(50) ParNew: 68164K->133K(76672K)
[2020-09-11T14:23:40.373+0000][1][gc,heap      ] GC(50) CMS: 48823K->48823K(439104K)
[2020-09-11T14:23:40.373+0000][1][gc,metaspace ] GC(50) Metaspace: 32461K->32461K(1079296K)
[2020-09-11T14:23:40.373+0000][1][gc           ] GC(50) Pause Young (Allocation Failure) 114M->47M(503M) 6.604ms
[2020-09-11T14:23:40.373+0000][1][gc,cpu       ] GC(50) User=0.00s Sys=0.00s Real=0.00s
[2020-09-11T14:23:40.373+0000][1][safepoint    ] Safepoint "GenCollectForAllocation", Time since last: 23021245 ns, Reaching safepoint: 2500238 ns, At safepoint: 6671205 ns, Total: 9171443 ns
[2020-09-11T14:23:40.847+0000][1][gc,start     ] GC(51) Pause Young (Allocation Failure)
[2020-09-11T14:23:40.848+0000][1][gc,task      ] GC(51) Using 1 workers of 1 for evacuation
[2020-09-11T14:23:40.850+0000][1][gc,age       ] GC(51) Desired survivor size 4358144 bytes, new threshold 6 (max threshold 6)
[2020-09-11T14:23:40.850+0000][1][gc,age       ] GC(51) Age table with threshold 6 (max threshold 6)
[2020-09-11T14:23:40.850+0000][1][gc,age       ] GC(51) - age   1:     545704 bytes,     545704 total
[2020-09-11T14:23:40.850+0000][1][gc,age       ] GC(51) - age   2:      83864 bytes,     629568 total
[2020-09-11T14:23:40.850+0000][1][gc,heap      ] GC(51) ParNew: 68293K->636K(76672K)
[2020-09-11T14:23:40.850+0000][1][gc,heap      ] GC(51) CMS: 48823K->48823K(439104K)
[2020-09-11T14:23:40.850+0000][1][gc,metaspace ] GC(51) Metaspace: 32461K->32461K(1079296K)
[2020-09-11T14:23:40.850+0000][1][gc           ] GC(51) Pause Young (Allocation Failure) 114M->48M(503M) 2.506ms
[2020-09-11T14:23:40.850+0000][1][gc,cpu       ] GC(51) User=0.00s Sys=0.00s Real=0.00s
[2020-09-11T14:23:40.850+0000][1][safepoint    ] Safepoint "GenCollectForAllocation", Time since last: 471029843 ns, Reaching safepoint: 3816666 ns, At safepoint: 2571758 ns, Total: 6388424 ns
[2020-09-11T14:23:41.215+0000][1][gc,start     ] GC(52) Pause Young (Allocation Failure)
[2020-09-11T14:23:41.216+0000][1][gc,task      ] GC(52) Using 1 workers of 1 for evacuation
[2020-09-11T14:23:41.220+0000][1][gc,age       ] GC(52) Desired survivor size 4358144 bytes, new threshold 6 (max threshold 6)
[2020-09-11T14:23:41.220+0000][1][gc,age       ] GC(52) Age table with threshold 6 (max threshold 6)
[2020-09-11T14:23:41.220+0000][1][gc,age       ] GC(52) - age   1:     643552 bytes,     643552 total
[2020-09-11T14:23:41.220+0000][1][gc,age       ] GC(52) - age   2:     374824 bytes,    1018376 total
[2020-09-11T14:23:41.220+0000][1][gc,age       ] GC(52) - age   3:      83240 bytes,    1101616 total
[2020-09-11T14:23:41.220+0000][1][gc,heap      ] GC(52) ParNew: 68796K->1105K(76672K)
[2020-09-11T14:23:41.220+0000][1][gc,heap      ] GC(52) CMS: 48823K->48823K(439104K)
[2020-09-11T14:23:41.220+0000][1][gc,metaspace ] GC(52) Metaspace: 32461K->32461K(1079296K)
[2020-09-11T14:23:41.220+0000][1][gc           ] GC(52) Pause Young (Allocation Failure) 114M->48M(503M) 4.630ms
[2020-09-11T14:23:41.220+0000][1][gc,cpu       ] GC(52) User=0.00s Sys=0.00s Real=0.00s
[2020-09-11T14:23:41.220+0000][1][safepoint    ] Safepoint "GenCollectForAllocation", Time since last: 362266541 ns, Reaching safepoint: 3155160 ns, At safepoint: 4686583 ns, Total: 7841743 ns
[2020-09-11T14:23:41.503+0000][1][gc,start     ] GC(53) Pause Young (Allocation Failure)
[2020-09-11T14:23:41.503+0000][1][gc,task      ] GC(53) Using 1 workers of 1 for evacuation
[2020-09-11T14:23:41.506+0000][1][gc,age       ] GC(53) Desired survivor size 4358144 bytes, new threshold 6 (max threshold 6)
[2020-09-11T14:23:41.506+0000][1][gc,age       ] GC(53) Age table with threshold 6 (max threshold 6)
[2020-09-11T14:23:41.506+0000][1][gc,age       ] GC(53) - age   1:     311056 bytes,     311056 total
[2020-09-11T14:23:41.506+0000][1][gc,age       ] GC(53) - age   2:     629648 bytes,     940704 total
[2020-09-11T14:23:41.506+0000][1][gc,age       ] GC(53) - age   3:     374088 bytes,    1314792 total
[2020-09-11T14:23:41.506+0000][1][gc,age       ] GC(53) - age   4:      82600 bytes,    1397392 total
[2020-09-11T14:23:41.506+0000][1][gc,heap      ] GC(53) ParNew: 69265K->1394K(76672K)
[2020-09-11T14:23:41.506+0000][1][gc,heap      ] GC(53) CMS: 48823K->48823K(439104K)
[2020-09-11T14:23:41.506+0000][1][gc,metaspace ] GC(53) Metaspace: 32461K->32461K(1079296K)
[2020-09-11T14:23:41.506+0000][1][gc           ] GC(53) Pause Young (Allocation Failure) 115M->49M(503M) 2.645ms
[2020-09-11T14:23:41.506+0000][1][gc,cpu       ] GC(53) User=0.00s Sys=0.00s Real=0.00s
[2020-09-11T14:23:41.507+0000][1][safepoint    ] Safepoint "GenCollectForAllocation", Time since last: 279637563 ns, Reaching safepoint: 3659552 ns, At safepoint: 3102464 ns, Total: 6762016 ns
[2020-09-11T14:23:41.960+0000][1][gc,start     ] GC(54) Pause Young (Allocation Failure)
[2020-09-11T14:23:41.960+0000][1][gc,task      ] GC(54) Using 1 workers of 1 for evacuation
[2020-09-11T14:23:41.962+0000][1][gc,age       ] GC(54) Desired survivor size 4358144 bytes, new threshold 6 (max threshold 6)
[2020-09-11T14:23:41.962+0000][1][gc,age       ] GC(54) Age table with threshold 6 (max threshold 6)
[2020-09-11T14:23:41.962+0000][1][gc,age       ] GC(54) - age   1:     964240 bytes,     964240 total
[2020-09-11T14:23:41.962+0000][1][gc,age       ] GC(54) - age   2:     299280 bytes,    1263520 total
[2020-09-11T14:23:41.962+0000][1][gc,age       ] GC(54) - age   3:     300960 bytes,    1564480 total
[2020-09-11T14:23:41.962+0000][1][gc,age       ] GC(54) - age   4:     374088 bytes,    1938568 total
[2020-09-11T14:23:41.962+0000][1][gc,age       ] GC(54) - age   5:      82440 bytes,    2021008 total
[2020-09-11T14:23:41.962+0000][1][gc,heap      ] GC(54) ParNew: 69554K->2055K(76672K)
[2020-09-11T14:23:41.962+0000][1][gc,heap      ] GC(54) CMS: 48823K->48823K(439104K)
[2020-09-11T14:23:41.962+0000][1][gc,metaspace ] GC(54) Metaspace: 32461K->32461K(1079296K)
[2020-09-11T14:23:41.962+0000][1][gc           ] GC(54) Pause Young (Allocation Failure) 115M->49M(503M) 2.828ms
[2020-09-11T14:23:41.962+0000][1][gc,cpu       ] GC(54) User=0.01s Sys=0.00s Real=0.00s
[2020-09-11T14:23:41.965+0000][1][safepoint    ] Safepoint "GenCollectForAllocation", Time since last: 452908172 ns, Reaching safepoint: 111970 ns, At safepoint: 5402279 ns, Total: 5514249 ns
[2020-09-11T14:23:42.263+0000][1][gc,start     ] GC(55) Pause Young (Allocation Failure)
[2020-09-11T14:23:42.264+0000][1][gc,task      ] GC(55) Using 1 workers of 1 for evacuation
[2020-09-11T14:23:42.266+0000][1][gc,age       ] GC(55) Desired survivor size 4358144 bytes, new threshold 6 (max threshold 6)
[2020-09-11T14:23:42.266+0000][1][gc,age       ] GC(55) Age table with threshold 6 (max threshold 6)
[2020-09-11T14:23:42.266+0000][1][gc,age       ] GC(55) - age   1:     313576 bytes,     313576 total
[2020-09-11T14:23:42.266+0000][1][gc,age       ] GC(55) - age   2:     952336 bytes,    1265912 total
[2020-09-11T14:23:42.266+0000][1][gc,age       ] GC(55) - age   3:     298208 bytes,    1564120 total
[2020-09-11T14:23:42.266+0000][1][gc,age       ] GC(55) - age   4:     297424 bytes,    1861544 total
[2020-09-11T14:23:42.266+0000][1][gc,age       ] GC(55) - age   5:     373832 bytes,    2235376 total
[2020-09-11T14:23:42.266+0000][1][gc,age       ] GC(55) - age   6:      82416 bytes,    2317792 total
[2020-09-11T14:23:42.266+0000][1][gc,heap      ] GC(55) ParNew: 70215K->2314K(76672K)
[2020-09-11T14:23:42.266+0000][1][gc,heap      ] GC(55) CMS: 48823K->48823K(439104K)
[2020-09-11T14:23:42.266+0000][1][gc,metaspace ] GC(55) Metaspace: 32461K->32461K(1079296K)
[2020-09-11T14:23:42.266+0000][1][gc           ] GC(55) Pause Young (Allocation Failure) 116M->49M(503M) 2.918ms
[2020-09-11T14:23:42.266+0000][1][gc,cpu       ] GC(55) User=0.00s Sys=0.00s Real=0.00s
[2020-09-11T14:23:42.272+0000][1][safepoint    ] Safepoint "GenCollectForAllocation", Time since last: 296628891 ns, Reaching safepoint: 1863703 ns, At safepoint: 8921825 ns, Total: 10785528 ns
[2020-09-11T14:23:43.197+0000][1][safepoint    ] Safepoint "Deoptimize", Time since last: 924171073 ns, Reaching safepoint: 115566 ns, At safepoint: 331199 ns, Total: 446765 ns
[2020-09-11T14:23:43.496+0000][1][safepoint    ] Safepoint "ICBufferFull", Time since last: 298444081 ns, Reaching safepoint: 235033 ns, At safepoint: 7942 ns, Total: 242975 ns
[2020-09-11T14:23:43.608+0000][1][safepoint    ] Safepoint "CollectForMetadataAllocation", Time since last: 111776657 ns, Reaching safepoint: 130823 ns, At safepoint: 144601 ns, Total: 275424 ns
[2020-09-11T14:23:43.700+0000][1][safepoint    ] Safepoint "CollectForMetadataAllocation", Time since last: 91706959 ns, Reaching safepoint: 106859 ns, At safepoint: 130637 ns, Total: 237496 ns
[2020-09-11T14:23:43.828+0000][1][safepoint    ] Safepoint "CollectForMetadataAllocation", Time since last: 128521058 ns, Reaching safepoint: 100331 ns, At safepoint: 113845 ns, Total: 214176 ns
[2020-09-11T14:23:43.896+0000][1][safepoint    ] Safepoint "CollectForMetadataAllocation", Time since last: 67019762 ns, Reaching safepoint: 98770 ns, At safepoint: 151491 ns, Total: 250261 ns
[2020-09-11T14:23:43.991+0000][1][safepoint    ] Safepoint "CollectForMetadataAllocation", Time since last: 94841010 ns, Reaching safepoint: 116347 ns, At safepoint: 114363 ns, Total: 230710 ns
[2020-09-11T14:23:44.128+0000][1][safepoint    ] Safepoint "CollectForMetadataAllocation", Time since last: 136801808 ns, Reaching safepoint: 110073 ns, At safepoint: 126594 ns, Total: 236667 ns
[2020-09-11T14:23:44.220+0000][1][gc,start     ] GC(56) Pause Young (Allocation Failure)
[2020-09-11T14:23:44.220+0000][1][gc,task      ] GC(56) Using 1 workers of 1 for evacuation
[2020-09-11T14:23:44.272+0000][1][gc,age       ] GC(56) Desired survivor size 4358144 bytes, new threshold 6 (max threshold 6)
[2020-09-11T14:23:44.273+0000][1][gc,age       ] GC(56) Age table with threshold 6 (max threshold 6)
[2020-09-11T14:23:44.273+0000][1][gc,age       ] GC(56) - age   1:    1491856 bytes,    1491856 total
[2020-09-11T14:23:44.273+0000][1][gc,age       ] GC(56) - age   2:     301760 bytes,    1793616 total
[2020-09-11T14:23:44.273+0000][1][gc,age       ] GC(56) - age   3:     951640 bytes,    2745256 total
[2020-09-11T14:23:44.273+0000][1][gc,age       ] GC(56) - age   4:     297792 bytes,    3043048 total
[2020-09-11T14:23:44.273+0000][1][gc,age       ] GC(56) - age   5:     297304 bytes,    3340352 total
[2020-09-11T14:23:44.273+0000][1][gc,age       ] GC(56) - age   6:     373832 bytes,    3714184 total
[2020-09-11T14:23:44.273+0000][1][gc,heap      ] GC(56) ParNew: 70474K->3706K(76672K)
[2020-09-11T14:23:44.273+0000][1][gc,heap      ] GC(56) CMS: 48823K->48900K(439104K)
[2020-09-11T14:23:44.273+0000][1][gc,metaspace ] GC(56) Metaspace: 36229K->36229K(1083392K)
[2020-09-11T14:23:44.273+0000][1][gc           ] GC(56) Pause Young (Allocation Failure) 116M->51M(503M) 52.694ms
[2020-09-11T14:23:44.273+0000][1][gc,cpu       ] GC(56) User=0.02s Sys=0.00s Real=0.05s
[2020-09-11T14:23:44.273+0000][1][safepoint    ] Safepoint "GenCollectForAllocation", Time since last: 92059673 ns, Reaching safepoint: 103366 ns, At safepoint: 52732454 ns, Total: 52835820 ns
[2020-09-11T14:23:44.286+0000][1][gc,start     ] GC(57) Pause Initial Mark
[2020-09-11T14:23:44.296+0000][1][gc           ] GC(57) Pause Initial Mark 54M->54M(503M) 10.509ms
[2020-09-11T14:23:44.296+0000][1][gc,cpu       ] GC(57) User=0.01s Sys=0.00s Real=0.01s
[2020-09-11T14:23:44.303+0000][1][safepoint    ] Safepoint "CMS_Initial_Mark", Time since last: 12789665 ns, Reaching safepoint: 93342 ns, At safepoint: 17853266 ns, Total: 17946608 ns
[2020-09-11T14:23:44.303+0000][1][gc           ] GC(57) Concurrent Mark
[2020-09-11T14:23:44.689+0000][1][gc           ] GC(57) Concurrent Mark 385.834ms
[2020-09-11T14:23:44.689+0000][1][gc,cpu       ] GC(57) User=0.13s Sys=0.00s Real=0.38s
[2020-09-11T14:23:44.689+0000][1][gc           ] GC(57) Concurrent Preclean
[2020-09-11T14:23:44.690+0000][1][gc           ] GC(57) Concurrent Preclean 0.698ms
[2020-09-11T14:23:44.690+0000][1][gc,cpu       ] GC(57) User=0.00s Sys=0.00s Real=0.00s
[2020-09-11T14:23:44.690+0000][1][gc           ] GC(57) Concurrent Abortable Preclean
[2020-09-11T14:23:44.919+0000][1][gc,start     ] GC(58) Pause Young (Allocation Failure)
[2020-09-11T14:23:44.920+0000][1][gc,task      ] GC(58) Using 1 workers of 1 for evacuation
[2020-09-11T14:23:44.934+0000][1][gc,age       ] GC(58) Desired survivor size 4358144 bytes, new threshold 6 (max threshold 6)
[2020-09-11T14:23:44.934+0000][1][gc,age       ] GC(58) Age table with threshold 6 (max threshold 6)
[2020-09-11T14:23:44.934+0000][1][gc,age       ] GC(58) - age   1:      58976 bytes,      58976 total
[2020-09-11T14:23:44.934+0000][1][gc,age       ] GC(58) - age   2:    1465064 bytes,    1524040 total
[2020-09-11T14:23:44.934+0000][1][gc,age       ] GC(58) - age   3:     301760 bytes,    1825800 total
[2020-09-11T14:23:44.934+0000][1][gc,age       ] GC(58) - age   4:     951640 bytes,    2777440 total
[2020-09-11T14:23:44.934+0000][1][gc,age       ] GC(58) - age   5:     297792 bytes,    3075232 total
[2020-09-11T14:23:44.934+0000][1][gc,age       ] GC(58) - age   6:     297304 bytes,    3372536 total
[2020-09-11T14:23:44.934+0000][1][gc,heap      ] GC(58) ParNew: 71866K->3397K(76672K)
[2020-09-11T14:23:44.934+0000][1][gc,heap      ] GC(58) CMS: 48900K->49265K(439104K)
[2020-09-11T14:23:44.934+0000][1][gc,metaspace ] GC(58) Metaspace: 36233K->36233K(1083392K)
[2020-09-11T14:23:44.934+0000][1][gc           ] GC(58) Pause Young (Allocation Failure) 117M->51M(503M) 14.407ms
[2020-09-11T14:23:44.934+0000][1][gc,cpu       ] GC(58) User=0.01s Sys=0.00s Real=0.01s
[2020-09-11T14:23:44.959+0000][1][safepoint    ] Safepoint "GenCollectForAllocation", Time since last: 612829686 ns, Reaching safepoint: 3217884 ns, At safepoint: 39952464 ns, Total: 43170348 ns
[2020-09-11T14:23:45.392+0000][1][safepoint    ] Safepoint "CollectForMetadataAllocation", Time since last: 432027494 ns, Reaching safepoint: 113730 ns, At safepoint: 125220 ns, Total: 238950 ns
[2020-09-11T14:23:46.529+0000][1][safepoint    ] Safepoint "CollectForMetadataAllocation", Time since last: 1136856711 ns, Reaching safepoint: 142057 ns, At safepoint: 120324 ns, Total: 262381 ns
[2020-09-11T14:23:46.576+0000][1][gc           ] GC(57) Concurrent Abortable Preclean 1886.409ms
[2020-09-11T14:23:46.577+0000][1][gc,cpu       ] GC(57) User=0.62s Sys=0.01s Real=1.89s
[2020-09-11T14:23:46.588+0000][1][gc,start     ] GC(57) Pause Remark
[2020-09-11T14:23:46.661+0000][1][gc           ] GC(57) Pause Remark 86M->86M(503M) 73.547ms
[2020-09-11T14:23:46.661+0000][1][gc,cpu       ] GC(57) User=0.03s Sys=0.00s Real=0.07s
[2020-09-11T14:23:46.683+0000][1][safepoint    ] Safepoint "CMS_Final_Remark", Time since last: 58640954 ns, Reaching safepoint: 103293 ns, At safepoint: 95920338 ns, Total: 96023631 ns
[2020-09-11T14:23:46.684+0000][1][gc           ] GC(57) Concurrent Sweep
[2020-09-11T14:23:46.800+0000][1][gc           ] GC(57) Concurrent Sweep 116.656ms
[2020-09-11T14:23:46.800+0000][1][gc,cpu       ] GC(57) User=0.04s Sys=0.00s Real=0.11s
[2020-09-11T14:23:46.800+0000][1][gc           ] GC(57) Concurrent Reset
[2020-09-11T14:23:46.801+0000][1][gc           ] GC(57) Concurrent Reset 0.659ms
[2020-09-11T14:23:46.801+0000][1][gc,cpu       ] GC(57) User=0.00s Sys=0.00s Real=0.00s
[2020-09-11T14:23:46.801+0000][1][gc,heap      ] GC(57) Old: 48900K->48183K(439104K)
[2020-09-11T14:23:46.837+0000][1][safepoint    ] Safepoint "RevokeBias", Time since last: 153373775 ns, Reaching safepoint: 429905 ns, At safepoint: 55922 ns, Total: 485827 ns
[2020-09-11T14:23:47.846+0000][1][safepoint    ] Safepoint "Cleanup", Time since last: 1002103293 ns, Reaching safepoint: 6451332 ns, At safepoint: 11883 ns, Total: 6463215 ns
[2020-09-11T14:23:48.847+0000][1][safepoint    ] Safepoint "Cleanup", Time since last: 1001532855 ns, Reaching safepoint: 51943 ns, At safepoint: 5972 ns, Total: 57915 ns
[2020-09-11T14:23:49.072+0000][1][gc,start     ] GC(59) Pause Young (Allocation Failure)
[2020-09-11T14:23:49.072+0000][1][gc,task      ] GC(59) Using 1 workers of 1 for evacuation
[2020-09-11T14:23:49.135+0000][1][gc,age       ] GC(59) Desired survivor size 4358144 bytes, new threshold 4 (max threshold 6)
[2020-09-11T14:23:49.151+0000][1][gc,age       ] GC(59) Age table with threshold 4 (max threshold 6)
[2020-09-11T14:23:49.151+0000][1][gc,age       ] GC(59) - age   1:    2681208 bytes,    2681208 total
[2020-09-11T14:23:49.151+0000][1][gc,age       ] GC(59) - age   2:      58672 bytes,    2739880 total
[2020-09-11T14:23:49.151+0000][1][gc,age       ] GC(59) - age   3:    1419152 bytes,    4159032 total
[2020-09-11T14:23:49.151+0000][1][gc,age       ] GC(59) - age   4:     301760 bytes,    4460792 total
[2020-09-11T14:23:49.152+0000][1][gc,age       ] GC(59) - age   5:     951640 bytes,    5412432 total
[2020-09-11T14:23:49.152+0000][1][gc,age       ] GC(59) - age   6:     297792 bytes,    5710224 total
[2020-09-11T14:23:49.152+0000][1][gc,heap      ] GC(59) ParNew: 71557K->6178K(76672K)
[2020-09-11T14:23:49.152+0000][1][gc,heap      ] GC(59) CMS: 48183K->48473K(439104K)
[2020-09-11T14:23:49.152+0000][1][gc,metaspace ] GC(59) Metaspace: 42179K->42179K(1089536K)
[2020-09-11T14:23:49.152+0000][1][gc           ] GC(59) Pause Young (Allocation Failure) 116M->53M(503M) 79.787ms
[2020-09-11T14:23:49.152+0000][1][gc,cpu       ] GC(59) User=0.03s Sys=0.00s Real=0.08s
[2020-09-11T14:23:49.152+0000][1][safepoint    ] Safepoint "GenCollectForAllocation", Time since last: 224212187 ns, Reaching safepoint: 97387 ns, At safepoint: 79843891 ns, Total: 79941278 ns
[2020-09-11T14:23:49.152+0000][1][safepoint    ] Safepoint "RevokeBias", Time since last: 816080 ns, Reaching safepoint: 21081 ns, At safepoint: 38115 ns, Total: 59196 ns
[2020-09-11T14:23:50.183+0000][1][safepoint    ] Safepoint "Cleanup", Time since last: 1018927959 ns, Reaching safepoint: 12006587 ns, At safepoint: 11513 ns, Total: 12018100 ns
[2020-09-11T14:23:51.205+0000][1][safepoint    ] Safepoint "Cleanup", Time since last: 1007966828 ns, Reaching safepoint: 13110706 ns, At safepoint: 10100 ns, Total: 13120806 ns
[2020-09-11T14:23:55.672+0000][1][safepoint    ] Safepoint "BulkRevokeBias", Time since last: 4455113297 ns, Reaching safepoint: 11785539 ns, At safepoint: 75811 ns, Total: 11861350 ns
[2020-09-11T14:23:55.672+0000][1][safepoint    ] Safepoint "RevokeBias", Time since last: 321376 ns, Reaching safepoint: 83876 ns, At safepoint: 34635 ns, Total: 118511 ns
[2020-09-11T14:23:55.676+0000][1][safepoint    ] Safepoint "RevokeBias", Time since last: 3487929 ns, Reaching safepoint: 82751 ns, At safepoint: 31948 ns, Total: 114699 ns
[2020-09-11T14:23:55.679+0000][1][safepoint    ] Safepoint "RevokeBias", Time since last: 35661 ns, Reaching safepoint: 3814226 ns, At safepoint: 21073 ns, Total: 3835299 ns
[2020-09-11T14:23:55.680+0000][1][safepoint    ] Safepoint "RevokeBias", Time since last: 30231 ns, Reaching safepoint: 79116 ns, At safepoint: 31166 ns, Total: 110282 ns
[2020-09-11T14:23:55.680+0000][1][safepoint    ] Safepoint "RevokeBias", Time since last: 27737 ns, Reaching safepoint: 78829 ns, At safepoint: 31099 ns, Total: 109928 ns
[2020-09-11T14:23:55.680+0000][1][safepoint    ] Safepoint "RevokeBias", Time since last: 26805 ns, Reaching safepoint: 77632 ns, At safepoint: 19294 ns, Total: 96926 ns
[2020-09-11T14:23:55.680+0000][1][safepoint    ] Safepoint "RevokeBias", Time since last: 26064 ns, Reaching safepoint: 80707 ns, At safepoint: 31384 ns, Total: 112091 ns
[2020-09-11T14:23:55.680+0000][1][safepoint    ] Safepoint "RevokeBias", Time since last: 29807 ns, Reaching safepoint: 79082 ns, At safepoint: 30640 ns, Total: 109722 ns
[2020-09-11T14:23:55.680+0000][1][safepoint    ] Safepoint "RevokeBias", Time since last: 26853 ns, Reaching safepoint: 77854 ns, At safepoint: 19341 ns, Total: 97195 ns
[2020-09-11T14:23:55.680+0000][1][safepoint    ] Safepoint "RevokeBias", Time since last: 26145 ns, Reaching safepoint: 78309 ns, At safepoint: 30887 ns, Total: 109196 ns
[2020-09-11T14:23:55.680+0000][1][safepoint    ] Safepoint "RevokeBias", Time since last: 26611 ns, Reaching safepoint: 78792 ns, At safepoint: 30795 ns, Total: 109587 ns
[2020-09-11T14:23:55.681+0000][1][safepoint    ] Safepoint "RevokeBias", Time since last: 28640 ns, Reaching safepoint: 77219 ns, At safepoint: 19099 ns, Total: 96318 ns
[2020-09-11T14:23:55.681+0000][1][safepoint    ] Safepoint "RevokeBias", Time since last: 25966 ns, Reaching safepoint: 77819 ns, At safepoint: 30641 ns, Total: 108460 ns
[2020-09-11T14:23:55.681+0000][1][safepoint    ] Safepoint "RevokeBias", Time since last: 60881 ns, Reaching safepoint: 97842 ns, At safepoint: 41342 ns, Total: 139184 ns
[2020-09-11T14:23:55.681+0000][1][safepoint    ] Safepoint "RevokeBias", Time since last: 35725 ns, Reaching safepoint: 80152 ns, At safepoint: 19877 ns, Total: 100029 ns
[2020-09-11T14:23:56.697+0000][1][safepoint    ] Safepoint "Cleanup", Time since last: 1006300463 ns, Reaching safepoint: 9215264 ns, At safepoint: 11230 ns, Total: 9226494 ns
[2020-09-11T14:23:57.699+0000][1][safepoint    ] Safepoint "Cleanup", Time since last: 1001719648 ns, Reaching safepoint: 1123734 ns, At safepoint: 10816 ns, Total: 1134550 ns
[2020-09-11T14:23:58.701+0000][1][safepoint    ] Safepoint "Cleanup", Time since last: 1001463148 ns, Reaching safepoint: 113969 ns, At safepoint: 6392 ns, Total: 120361 ns
[2020-09-11T14:23:59.703+0000][1][safepoint    ] Safepoint "Cleanup", Time since last: 1000109227 ns, Reaching safepoint: 2296698 ns, At safepoint: 8416 ns, Total: 2305114 ns
[2020-09-11T14:24:00.644+0000][1][gc,start     ] GC(60) Pause Young (Allocation Failure)
[2020-09-11T14:24:00.644+0000][1][gc,task      ] GC(60) Using 1 workers of 1 for evacuation
[2020-09-11T14:24:00.752+0000][1][gc,age       ] GC(60) Desired survivor size 4358144 bytes, new threshold 2 (max threshold 6)
[2020-09-11T14:24:00.752+0000][1][gc,age       ] GC(60) Age table with threshold 2 (max threshold 6)
[2020-09-11T14:24:00.752+0000][1][gc,age       ] GC(60) - age   1:    2728520 bytes,    2728520 total
[2020-09-11T14:24:00.752+0000][1][gc,age       ] GC(60) - age   2:    2611168 bytes,    5339688 total
[2020-09-11T14:24:00.752+0000][1][gc,age       ] GC(60) - age   3:      58672 bytes,    5398360 total
[2020-09-11T14:24:00.752+0000][1][gc,age       ] GC(60) - age   4:    1413848 bytes,    6812208 total
[2020-09-11T14:24:00.752+0000][1][gc,heap      ] GC(60) ParNew: 74338K->8512K(76672K)
[2020-09-11T14:24:00.752+0000][1][gc,heap      ] GC(60) CMS: 48473K->49988K(439104K)
[2020-09-11T14:24:00.752+0000][1][gc,metaspace ] GC(60) Metaspace: 47743K->47743K(1093632K)
[2020-09-11T14:24:00.752+0000][1][gc           ] GC(60) Pause Young (Allocation Failure) 119M->57M(503M) 108.285ms
[2020-09-11T14:24:00.752+0000][1][gc,cpu       ] GC(60) User=0.04s Sys=0.00s Real=0.10s
[2020-09-11T14:24:00.763+0000][1][safepoint    ] Safepoint "GenCollectForAllocation", Time since last: 939956816 ns, Reaching safepoint: 131150 ns, At safepoint: 119862191 ns, Total: 119993341 ns
[2020-09-11T14:24:00.804+0000][1][safepoint    ] Safepoint "RevokeBias", Time since last: 40639542 ns, Reaching safepoint: 103380 ns, At safepoint: 14078 ns, Total: 117458 ns
[2020-09-11T14:24:00.804+0000][1][safepoint    ] Safepoint "RevokeBias", Time since last: 59412 ns, Reaching safepoint: 80133 ns, At safepoint: 8194 ns, Total: 88327 ns
[2020-09-11T14:24:00.804+0000][1][safepoint    ] Safepoint "RevokeBias", Time since last: 31150 ns, Reaching safepoint: 79763 ns, At safepoint: 7729 ns, Total: 87492 ns
[2020-09-11T14:24:01.008+0000][1][safepoint    ] Safepoint "RevokeBias", Time since last: 203794317 ns, Reaching safepoint: 107416 ns, At safepoint: 31492 ns, Total: 138908 ns
[2020-09-11T14:24:01.032+0000][1][safepoint    ] Safepoint "RevokeBias", Time since last: 23037173 ns, Reaching safepoint: 104207 ns, At safepoint: 38161 ns, Total: 142368 ns
[2020-09-11T14:24:01.041+0000][1][safepoint    ] Safepoint "RevokeBias", Time since last: 3598268 ns, Reaching safepoint: 5325763 ns, At safepoint: 32628 ns, Total: 5358391 ns
[2020-09-11T14:24:01.043+0000][1][safepoint    ] Safepoint "RevokeBias", Time since last: 2794473 ns, Reaching safepoint: 113540 ns, At safepoint: 40059 ns, Total: 153599 ns
[2020-09-11T14:24:01.884+0000][1][safepoint    ] Safepoint "RevokeBias", Time since last: 828107636 ns, Reaching safepoint: 12173514 ns, At safepoint: 36196 ns, Total: 12209710 ns
[2020-09-11T14:24:01.884+0000][1][safepoint    ] Safepoint "RevokeBias", Time since last: 235943 ns, Reaching safepoint: 87652 ns, At safepoint: 27078 ns, Total: 114730 ns
[2020-09-11T14:24:01.884+0000][1][safepoint    ] Safepoint "RevokeBias", Time since last: 41263 ns, Reaching safepoint: 79551 ns, At safepoint: 15089 ns, Total: 94640 ns
[2020-09-11T14:24:02.119+0000][1][safepoint    ] Safepoint "RevokeBias", Time since last: 234104561 ns, Reaching safepoint: 112615 ns, At safepoint: 32352 ns, Total: 144967 ns
[2020-09-11T14:24:02.119+0000][1][safepoint    ] Safepoint "RevokeBias", Time since last: 601808 ns, Reaching safepoint: 85858 ns, At safepoint: 23908 ns, Total: 109766 ns
[2020-09-11T14:24:02.119+0000][1][safepoint    ] Safepoint "RevokeBias", Time since last: 99015 ns, Reaching safepoint: 84325 ns, At safepoint: 20292 ns, Total: 104617 ns
[2020-09-11T14:24:02.120+0000][1][safepoint    ] Safepoint "RevokeBias", Time since last: 393604 ns, Reaching safepoint: 83916 ns, At safepoint: 22834 ns, Total: 106750 ns
[2020-09-11T14:24:02.121+0000][1][safepoint    ] Safepoint "RevokeBias", Time since last: 673869 ns, Reaching safepoint: 84473 ns, At safepoint: 26406 ns, Total: 110879 ns
[2020-09-11T14:24:02.121+0000][1][safepoint    ] Safepoint "RevokeBias", Time since last: 493531 ns, Reaching safepoint: 89221 ns, At safepoint: 26183 ns, Total: 115404 ns
[2020-09-11T14:24:02.132+0000][1][safepoint    ] Safepoint "RevokeBias", Time since last: 10086887 ns, Reaching safepoint: 103541 ns, At safepoint: 31912 ns, Total: 135453 ns
[2020-09-11T14:24:02.132+0000][1][safepoint    ] Safepoint "RevokeBias", Time since last: 112455 ns, Reaching safepoint: 80436 ns, At safepoint: 17573 ns, Total: 98009 ns
[2020-09-11T14:24:02.132+0000][1][safepoint    ] Safepoint "RevokeBias", Time since last: 148526 ns, Reaching safepoint: 82285 ns, At safepoint: 18511 ns, Total: 100796 ns
[2020-09-11T14:24:02.132+0000][1][safepoint    ] Safepoint "RevokeBias", Time since last: 32998 ns, Reaching safepoint: 80082 ns, At safepoint: 17593 ns, Total: 97675 ns
[2020-09-11T14:24:02.132+0000][1][safepoint    ] Safepoint "RevokeBias", Time since last: 29483 ns, Reaching safepoint: 80629 ns, At safepoint: 18697 ns, Total: 99326 ns
[2020-09-11T14:24:02.132+0000][1][safepoint    ] Safepoint "RevokeBias", Time since last: 40531 ns, Reaching safepoint: 80343 ns, At safepoint: 17985 ns, Total: 98328 ns
[2020-09-11T14:24:02.133+0000][1][safepoint    ] Safepoint "RevokeBias", Time since last: 29353 ns, Reaching safepoint: 79362 ns, At safepoint: 17896 ns, Total: 97258 ns
[2020-09-11T14:24:02.133+0000][1][safepoint    ] Safepoint "RevokeBias", Time since last: 28899 ns, Reaching safepoint: 80271 ns, At safepoint: 19299 ns, Total: 99570 ns
[2020-09-11T14:24:02.133+0000][1][safepoint    ] Safepoint "RevokeBias", Time since last: 31388 ns, Reaching safepoint: 80415 ns, At safepoint: 20370 ns, Total: 100785 ns
[2020-09-11T14:24:02.133+0000][1][safepoint    ] Safepoint "BulkRevokeBias", Time since last: 28743 ns, Reaching safepoint: 80962 ns, At safepoint: 64996 ns, Total: 145958 ns
[2020-09-11T14:24:02.133+0000][1][safepoint    ] Safepoint "RevokeBias", Time since last: 63639 ns, Reaching safepoint: 89270 ns, At safepoint: 26860 ns, Total: 116130 ns
[2020-09-11T14:24:02.144+0000][1][safepoint    ] Safepoint "RevokeBias", Time since last: 39632 ns, Reaching safepoint: 10271712 ns, At safepoint: 52991 ns, Total: 10324703 ns
[2020-09-11T14:24:02.146+0000][1][safepoint    ] Safepoint "RevokeBias", Time since last: 1957256 ns, Reaching safepoint: 429732 ns, At safepoint: 24241 ns, Total: 453973 ns
[2020-09-11T14:24:02.146+0000][1][safepoint    ] Safepoint "RevokeBias", Time since last: 43751 ns, Reaching safepoint: 82119 ns, At safepoint: 28873 ns, Total: 110992 ns
[2020-09-11T14:24:02.146+0000][1][safepoint    ] Safepoint "RevokeBias", Time since last: 30575 ns, Reaching safepoint: 80661 ns, At safepoint: 14901 ns, Total: 95562 ns
[2020-09-11T14:24:02.172+0000][1][safepoint    ] Safepoint "RevokeBias", Time since last: 25211122 ns, Reaching safepoint: 112432 ns, At safepoint: 39701 ns, Total: 152133 ns
[2020-09-11T14:24:02.191+0000][1][safepoint    ] Safepoint "RevokeBias", Time since last: 15940646 ns, Reaching safepoint: 3168498 ns, At safepoint: 38578 ns, Total: 3207076 ns
[2020-09-11T14:24:02.191+0000][1][safepoint    ] Safepoint "RevokeBias", Time since last: 60544 ns, Reaching safepoint: 84452 ns, At safepoint: 24723 ns, Total: 109175 ns
[2020-09-11T14:24:02.191+0000][1][safepoint    ] Safepoint "RevokeBias", Time since last: 29675 ns, Reaching safepoint: 81114 ns, At safepoint: 21247 ns, Total: 102361 ns
[2020-09-11T14:24:02.191+0000][1][safepoint    ] Safepoint "RevokeBias", Time since last: 28641 ns, Reaching safepoint: 90651 ns, At safepoint: 20601 ns, Total: 111252 ns
[2020-09-11T14:24:02.191+0000][1][safepoint    ] Safepoint "RevokeBias", Time since last: 28037 ns, Reaching safepoint: 81519 ns, At safepoint: 21108 ns, Total: 102627 ns
[2020-09-11T14:24:02.195+0000][1][safepoint    ] Safepoint "RevokeBias", Time since last: 26880 ns, Reaching safepoint: 4097510 ns, At safepoint: 28869 ns, Total: 4126379 ns
[2020-09-11T14:24:02.196+0000][1][safepoint    ] Safepoint "RevokeBias", Time since last: 54020 ns, Reaching safepoint: 80388 ns, At safepoint: 21720 ns, Total: 102108 ns
[2020-09-11T14:24:02.196+0000][1][safepoint    ] Safepoint "RevokeBias", Time since last: 30136 ns, Reaching safepoint: 81320 ns, At safepoint: 25768 ns, Total: 107088 ns
[2020-09-11T14:24:02.196+0000][1][safepoint    ] Safepoint "RevokeBias", Time since last: 27886 ns, Reaching safepoint: 80744 ns, At safepoint: 20903 ns, Total: 101647 ns
[2020-09-11T14:24:02.196+0000][1][safepoint    ] Safepoint "RevokeBias", Time since last: 26253 ns, Reaching safepoint: 80741 ns, At safepoint: 20418 ns, Total: 101159 ns
[2020-09-11T14:24:02.196+0000][1][safepoint    ] Safepoint "RevokeBias", Time since last: 26592 ns, Reaching safepoint: 80796 ns, At safepoint: 20535 ns, Total: 101331 ns
[2020-09-11T14:24:02.196+0000][1][safepoint    ] Safepoint "RevokeBias", Time since last: 26895 ns, Reaching safepoint: 81135 ns, At safepoint: 24343 ns, Total: 105478 ns
[2020-09-11T14:24:02.196+0000][1][safepoint    ] Safepoint "RevokeBias", Time since last: 26382 ns, Reaching safepoint: 81968 ns, At safepoint: 26326 ns, Total: 108294 ns
[2020-09-11T14:24:02.197+0000][1][safepoint    ] Safepoint "RevokeBias", Time since last: 39417 ns, Reaching safepoint: 81333 ns, At safepoint: 24966 ns, Total: 106299 ns
[2020-09-11T14:24:02.197+0000][1][safepoint    ] Safepoint "RevokeBias", Time since last: 26942 ns, Reaching safepoint: 80820 ns, At safepoint: 24017 ns, Total: 104837 ns
[2020-09-11T14:24:02.197+0000][1][safepoint    ] Safepoint "RevokeBias", Time since last: 26296 ns, Reaching safepoint: 80698 ns, At safepoint: 24001 ns, Total: 104699 ns
[2020-09-11T14:24:02.197+0000][1][safepoint    ] Safepoint "BulkRevokeBias", Time since last: 26705 ns, Reaching safepoint: 80718 ns, At safepoint: 70115 ns, Total: 150833 ns
[2020-09-11T14:24:02.197+0000][1][safepoint    ] Safepoint "RevokeBias", Time since last: 223174 ns, Reaching safepoint: 83384 ns, At safepoint: 28058 ns, Total: 111442 ns
[2020-09-11T14:24:02.197+0000][1][safepoint    ] Safepoint "RevokeBias", Time since last: 45068 ns, Reaching safepoint: 80777 ns, At safepoint: 21908 ns, Total: 102685 ns
[2020-09-11T14:24:02.198+0000][1][safepoint    ] Safepoint "RevokeBias", Time since last: 61626 ns, Reaching safepoint: 82846 ns, At safepoint: 21224 ns, Total: 104070 ns
[2020-09-11T14:24:02.198+0000][1][safepoint    ] Safepoint "RevokeBias", Time since last: 37818 ns, Reaching safepoint: 82910 ns, At safepoint: 19006 ns, Total: 101916 ns
[2020-09-11T14:24:02.208+0000][1][safepoint    ] Safepoint "RevokeBias", Time since last: 9648642 ns, Reaching safepoint: 108930 ns, At safepoint: 35526 ns, Total: 144456 ns
[2020-09-11T14:24:02.208+0000][1][safepoint    ] Safepoint "RevokeBias", Time since last: 248093 ns, Reaching safepoint: 87218 ns, At safepoint: 25700 ns, Total: 112918 ns
[2020-09-11T14:24:02.208+0000][1][safepoint    ] Safepoint "RevokeBias", Time since last: 65254 ns, Reaching safepoint: 83858 ns, At safepoint: 23273 ns, Total: 107131 ns
[2020-09-11T14:24:02.208+0000][1][safepoint    ] Safepoint "RevokeBias", Time since last: 116858 ns, Reaching safepoint: 84271 ns, At safepoint: 20492 ns, Total: 104763 ns
[2020-09-11T14:24:02.208+0000][1][safepoint    ] Safepoint "RevokeBias", Time since last: 44400 ns, Reaching safepoint: 80978 ns, At safepoint: 19638 ns, Total: 100616 ns
[2020-09-11T14:24:02.209+0000][1][safepoint    ] Safepoint "RevokeBias", Time since last: 28211 ns, Reaching safepoint: 80481 ns, At safepoint: 21286 ns, Total: 101767 ns
[2020-09-11T14:24:02.217+0000][1][safepoint    ] Safepoint "RevokeBias", Time since last: 6848168 ns, Reaching safepoint: 1108426 ns, At safepoint: 39925 ns, Total: 1148351 ns
[2020-09-11T14:24:02.218+0000][1][safepoint    ] Safepoint "RevokeBias", Time since last: 1768386 ns, Reaching safepoint: 92376 ns, At safepoint: 30640 ns, Total: 123016 ns
[2020-09-11T14:24:02.219+0000][1][safepoint    ] Safepoint "RevokeBias", Time since last: 121943 ns, Reaching safepoint: 82267 ns, At safepoint: 22852 ns, Total: 105119 ns
[2020-09-11T14:24:02.219+0000][1][safepoint    ] Safepoint "RevokeBias", Time since last: 343081 ns, Reaching safepoint: 93117 ns, At safepoint: 22693 ns, Total: 115810 ns
[2020-09-11T14:24:02.220+0000][1][safepoint    ] Safepoint "RevokeBias", Time since last: 391215 ns, Reaching safepoint: 83904 ns, At safepoint: 23734 ns, Total: 107638 ns
[2020-09-11T14:24:02.223+0000][1][safepoint    ] Safepoint "RevokeBias", Time since last: 74926 ns, Reaching safepoint: 3698882 ns, At safepoint: 37724 ns, Total: 3736606 ns
[2020-09-11T14:24:02.224+0000][1][safepoint    ] Safepoint "RevokeBias", Time since last: 288280 ns, Reaching safepoint: 89452 ns, At safepoint: 25420 ns, Total: 114872 ns
[2020-09-11T14:24:02.224+0000][1][safepoint    ] Safepoint "BulkRevokeBias", Time since last: 66224 ns, Reaching safepoint: 82115 ns, At safepoint: 77067 ns, Total: 159182 ns
[2020-09-11T14:24:02.244+0000][1][safepoint    ] Safepoint "RevokeBias", Time since last: 19309121 ns, Reaching safepoint: 115314 ns, At safepoint: 38228 ns, Total: 153542 ns
[2020-09-11T14:24:02.248+0000][1][safepoint    ] Safepoint "RevokeBias", Time since last: 3874498 ns, Reaching safepoint: 99028 ns, At safepoint: 33488 ns, Total: 132516 ns
[2020-09-11T14:24:02.264+0000][1][safepoint    ] Safepoint "RevokeBias", Time since last: 15853205 ns, Reaching safepoint: 128831 ns, At safepoint: 41958 ns, Total: 170789 ns
[2020-09-11T14:24:02.264+0000][1][safepoint    ] Safepoint "RevokeBias", Time since last: 68797 ns, Reaching safepoint: 85644 ns, At safepoint: 23330 ns, Total: 108974 ns
[2020-09-11T14:24:02.264+0000][1][safepoint    ] Safepoint "RevokeBias", Time since last: 34513 ns, Reaching safepoint: 85084 ns, At safepoint: 21501 ns, Total: 106585 ns
[2020-09-11T14:24:02.264+0000][1][safepoint    ] Safepoint "RevokeBias", Time since last: 39668 ns, Reaching safepoint: 84529 ns, At safepoint: 21490 ns, Total: 106019 ns
[2020-09-11T14:24:02.264+0000][1][safepoint    ] Safepoint "RevokeBias", Time since last: 33952 ns, Reaching safepoint: 84554 ns, At safepoint: 21174 ns, Total: 105728 ns
[2020-09-11T14:24:02.264+0000][1][safepoint    ] Safepoint "RevokeBias", Time since last: 32446 ns, Reaching safepoint: 14774 ns, At safepoint: 20961 ns, Total: 35735 ns
[2020-09-11T14:24:02.264+0000][1][safepoint    ] Safepoint "RevokeBias", Time since last: 30684 ns, Reaching safepoint: 14685 ns, At safepoint: 19981 ns, Total: 34666 ns
[2020-09-11T14:24:02.701+0000][1][safepoint    ] Safepoint "RevokeBias", Time since last: 437013160 ns, Reaching safepoint: 115737 ns, At safepoint: 13918 ns, Total: 129655 ns
[2020-09-11T14:24:02.702+0000][1][safepoint    ] Safepoint "RevokeBias", Time since last: 154122 ns, Reaching safepoint: 81685 ns, At safepoint: 7883 ns, Total: 89568 ns
[2020-09-11T14:24:02.702+0000][1][safepoint    ] Safepoint "BulkRevokeBias", Time since last: 186950 ns, Reaching safepoint: 80872 ns, At safepoint: 69184 ns, Total: 150056 ns
[2020-09-11T14:24:03.405+0000][1][gc,start     ] GC(61) Pause Young (Allocation Failure)
[2020-09-11T14:24:03.405+0000][1][gc,task      ] GC(61) Using 1 workers of 1 for evacuation
[2020-09-11T14:24:03.621+0000][1][gc,age       ] GC(61) Desired survivor size 4358144 bytes, new threshold 2 (max threshold 6)
[2020-09-11T14:24:03.621+0000][1][gc,age       ] GC(61) Age table with threshold 2 (max threshold 6)
[2020-09-11T14:24:03.621+0000][1][gc,age       ] GC(61) - age   1:    2202864 bytes,    2202864 total
[2020-09-11T14:24:03.621+0000][1][gc,age       ] GC(61) - age   2:    2651288 bytes,    4854152 total
[2020-09-11T14:24:03.621+0000][1][gc,heap      ] GC(61) ParNew: 76672K->6081K(76672K)
[2020-09-11T14:24:03.621+0000][1][gc,heap      ] GC(61) CMS: 49988K->54036K(439104K)
[2020-09-11T14:24:03.621+0000][1][gc,metaspace ] GC(61) Metaspace: 52607K->52607K(1097728K)
[2020-09-11T14:24:03.621+0000][1][gc           ] GC(61) Pause Young (Allocation Failure) 123M->58M(503M) 216.178ms
[2020-09-11T14:24:03.621+0000][1][gc,cpu       ] GC(61) User=0.07s Sys=0.00s Real=0.21s
[2020-09-11T14:24:03.621+0000][1][safepoint    ] Safepoint "GenCollectForAllocation", Time since last: 702721958 ns, Reaching safepoint: 374913 ns, At safepoint: 216262707 ns, Total: 216637620 ns
[2020-09-11T14:24:04.804+0000][1][safepoint    ] Safepoint "Cleanup", Time since last: 1182064557 ns, Reaching safepoint: 898939 ns, At safepoint: 7456 ns, Total: 906395 ns
[2020-09-11T14:24:05.805+0000][1][safepoint    ] Safepoint "Cleanup", Time since last: 1000130601 ns, Reaching safepoint: 139160 ns, At safepoint: 7068 ns, Total: 146228 ns
[2020-09-11T14:24:06.806+0000][1][safepoint    ] Safepoint "Cleanup", Time since last: 1000114203 ns, Reaching safepoint: 756787 ns, At safepoint: 9136 ns, Total: 765923 ns
[2020-09-11T14:24:07.292+0000][1][gc,start     ] GC(62) Pause Young (Allocation Failure)
[2020-09-11T14:24:07.292+0000][1][gc,task      ] GC(62) Using 1 workers of 1 for evacuation
[2020-09-11T14:24:07.359+0000][1][gc,age       ] GC(62) Desired survivor size 4358144 bytes, new threshold 6 (max threshold 6)
[2020-09-11T14:24:07.359+0000][1][gc,age       ] GC(62) Age table with threshold 6 (max threshold 6)
[2020-09-11T14:24:07.359+0000][1][gc,age       ] GC(62) - age   1:    1702928 bytes,    1702928 total
[2020-09-11T14:24:07.359+0000][1][gc,age       ] GC(62) - age   2:    2159424 bytes,    3862352 total
[2020-09-11T14:24:07.359+0000][1][gc,heap      ] GC(62) ParNew: 74241K->5075K(76672K)
[2020-09-11T14:24:07.359+0000][1][gc,heap      ] GC(62) CMS: 54036K->56734K(439104K)
[2020-09-11T14:24:07.359+0000][1][gc,metaspace ] GC(62) Metaspace: 60506K->60506K(1105920K)
[2020-09-11T14:24:07.359+0000][1][gc           ] GC(62) Pause Young (Allocation Failure) 125M->60M(503M) 66.824ms
[2020-09-11T14:24:07.359+0000][1][gc,cpu       ] GC(62) User=0.03s Sys=0.00s Real=0.07s
[2020-09-11T14:24:07.384+0000][1][safepoint    ] Safepoint "GenCollectForAllocation", Time since last: 481837032 ns, Reaching safepoint: 5009098 ns, At safepoint: 91150346 ns, Total: 96159444 ns
[2020-09-11T14:24:07.608+0000][1][safepoint    ] Safepoint "CollectForMetadataAllocation", Time since last: 223970109 ns, Reaching safepoint: 126056 ns, At safepoint: 112768 ns, Total: 238824 ns
[2020-09-11T14:24:07.696+0000][1][safepoint    ] Safepoint "CollectForMetadataAllocation", Time since last: 86425088 ns, Reaching safepoint: 1285317 ns, At safepoint: 118596 ns, Total: 1403913 ns
[2020-09-11T14:24:07.872+0000][1][safepoint    ] Safepoint "RevokeBias", Time since last: 175849131 ns, Reaching safepoint: 117398 ns, At safepoint: 36176 ns, Total: 153574 ns
[2020-09-11T14:24:07.872+0000][1][safepoint    ] Safepoint "RevokeBias", Time since last: 109641 ns, Reaching safepoint: 80660 ns, At safepoint: 22015 ns, Total: 102675 ns
[2020-09-11T14:24:07.872+0000][1][safepoint    ] Safepoint "RevokeBias", Time since last: 116700 ns, Reaching safepoint: 80898 ns, At safepoint: 20402 ns, Total: 101300 ns
[2020-09-11T14:24:07.900+0000][1][safepoint    ] Safepoint "RevokeBias", Time since last: 27422121 ns, Reaching safepoint: 120291 ns, At safepoint: 35783 ns, Total: 156074 ns
[2020-09-11T14:24:08.180+0000][1][safepoint    ] Safepoint "CollectForMetadataAllocation", Time since last: 279861262 ns, Reaching safepoint: 137392 ns, At safepoint: 132693 ns, Total: 270085 ns
[2020-09-11T14:24:08.512+0000][1][safepoint    ] Safepoint "CollectForMetadataAllocation", Time since last: 331704213 ns, Reaching safepoint: 120076 ns, At safepoint: 114095 ns, Total: 234171 ns
[2020-09-11T14:24:08.641+0000][1][safepoint    ] Safepoint "CollectForMetadataAllocation", Time since last: 127761635 ns, Reaching safepoint: 1233403 ns, At safepoint: 140788 ns, Total: 1374191 ns
[2020-09-11T14:24:08.846+0000][1][safepoint    ] Safepoint "CollectForMetadataAllocation", Time since last: 204777055 ns, Reaching safepoint: 111187 ns, At safepoint: 109605 ns, Total: 220792 ns
[2020-09-11T14:24:09.188+0000][1][safepoint    ] Safepoint "CollectForMetadataAllocation", Time since last: 341645648 ns, Reaching safepoint: 113232 ns, At safepoint: 117540 ns, Total: 230772 ns
[2020-09-11T14:24:09.337+0000][1][safepoint    ] Safepoint "Deoptimize", Time since last: 148578260 ns, Reaching safepoint: 109060 ns, At safepoint: 328213 ns, Total: 437273 ns
[2020-09-11T14:24:09.388+0000][1][gc,start     ] GC(63) Pause Initial Mark
[2020-09-11T14:24:09.458+0000][1][gc           ] GC(63) Pause Initial Mark 92M->92M(503M) 69.613ms
[2020-09-11T14:24:09.458+0000][1][gc,cpu       ] GC(63) User=0.02s Sys=0.00s Real=0.07s
[2020-09-11T14:24:09.485+0000][1][safepoint    ] Safepoint "CMS_Initial_Mark", Time since last: 50842014 ns, Reaching safepoint: 452265 ns, At safepoint: 97451667 ns, Total: 97903932 ns
[2020-09-11T14:24:09.485+0000][1][gc           ] GC(63) Concurrent Mark
[2020-09-11T14:24:09.560+0000][1][safepoint    ] Safepoint "CollectForMetadataAllocation", Time since last: 74300540 ns, Reaching safepoint: 53702 ns, At safepoint: 124485 ns, Total: 178187 ns
[2020-09-11T14:24:09.967+0000][1][gc           ] GC(63) Concurrent Mark 481.317ms
[2020-09-11T14:24:09.967+0000][1][gc,cpu       ] GC(63) User=0.15s Sys=0.00s Real=0.48s
[2020-09-11T14:24:09.967+0000][1][gc           ] GC(63) Concurrent Preclean
[2020-09-11T14:24:10.001+0000][1][gc           ] GC(63) Concurrent Preclean 33.749ms
[2020-09-11T14:24:10.001+0000][1][gc,cpu       ] GC(63) User=0.01s Sys=0.00s Real=0.03s
[2020-09-11T14:24:10.001+0000][1][gc           ] GC(63) Concurrent Abortable Preclean
[2020-09-11T14:24:10.076+0000][1][safepoint    ] Safepoint "CollectForMetadataAllocation", Time since last: 503523038 ns, Reaching safepoint: 12053973 ns, At safepoint: 122443 ns, Total: 12176416 ns
[2020-09-11T14:24:10.676+0000][1][safepoint    ] Safepoint "CollectForMetadataAllocation", Time since last: 587830079 ns, Reaching safepoint: 12052988 ns, At safepoint: 126069 ns, Total: 12179057 ns
[2020-09-11T14:24:11.112+0000][1][safepoint    ] Safepoint "CollectForMetadataAllocation", Time since last: 436608456 ns, Reaching safepoint: 62652 ns, At safepoint: 128371 ns, Total: 191023 ns
[2020-09-11T14:24:11.340+0000][1][safepoint    ] Safepoint "RevokeBias", Time since last: 227398228 ns, Reaching safepoint: 115948 ns, At safepoint: 49611 ns, Total: 165559 ns
[2020-09-11T14:24:11.372+0000][1][safepoint    ] Safepoint "RevokeBias", Time since last: 11480539 ns, Reaching safepoint: 20109250 ns, At safepoint: 43439 ns, Total: 20152689 ns
[2020-09-11T14:24:11.410+0000][1][safepoint    ] Safepoint "RevokeBias", Time since last: 11906692 ns, Reaching safepoint: 26089197 ns, At safepoint: 41432 ns, Total: 26130629 ns
[2020-09-11T14:24:11.591+0000][1][safepoint    ] Safepoint "CollectForMetadataAllocation", Time since last: 181488981 ns, Reaching safepoint: 108457 ns, At safepoint: 123450 ns, Total: 231907 ns
[2020-09-11T14:24:11.788+0000][1][safepoint    ] Safepoint "CollectForMetadataAllocation", Time since last: 196067546 ns, Reaching safepoint: 72443 ns, At safepoint: 130181 ns, Total: 202624 ns
[2020-09-11T14:24:11.896+0000][1][safepoint    ] Safepoint "CollectForMetadataAllocation", Time since last: 103802384 ns, Reaching safepoint: 4028520 ns, At safepoint: 128615 ns, Total: 4157135 ns
[2020-09-11T14:24:12.004+0000][1][safepoint    ] Safepoint "CollectForMetadataAllocation", Time since last: 103723301 ns, Reaching safepoint: 4228751 ns, At safepoint: 129538 ns, Total: 4358289 ns
[2020-09-11T14:24:12.183+0000][1][safepoint    ] Safepoint "RevokeBias", Time since last: 168073568 ns, Reaching safepoint: 11734346 ns, At safepoint: 12223 ns, Total: 11746569 ns
[2020-09-11T14:24:12.316+0000][1][safepoint    ] Safepoint "CollectForMetadataAllocation", Time since last: 128418115 ns, Reaching safepoint: 3557287 ns, At safepoint: 80343 ns, Total: 3637630 ns
[2020-09-11T14:24:12.572+0000][1][safepoint    ] Safepoint "CollectForMetadataAllocation", Time since last: 255866998 ns, Reaching safepoint: 111255 ns, At safepoint: 117384 ns, Total: 228639 ns
[2020-09-11T14:24:12.768+0000][1][safepoint    ] Safepoint "CollectForMetadataAllocation", Time since last: 195768747 ns, Reaching safepoint: 117970 ns, At safepoint: 115643 ns, Total: 233613 ns
[2020-09-11T14:24:12.912+0000][1][gc,start     ] GC(64) Pause Young (Allocation Failure)
[2020-09-11T14:24:12.912+0000][1][gc,task      ] GC(64) Using 1 workers of 1 for evacuation
[2020-09-11T14:24:12.982+0000][1][gc,age       ] GC(64) Desired survivor size 4358144 bytes, new threshold 2 (max threshold 6)
[2020-09-11T14:24:12.982+0000][1][gc,age       ] GC(64) Age table with threshold 2 (max threshold 6)
[2020-09-11T14:24:12.982+0000][1][gc,age       ] GC(64) - age   1:    3514040 bytes,    3514040 total
[2020-09-11T14:24:12.982+0000][1][gc,age       ] GC(64) - age   2:    1516792 bytes,    5030832 total
[2020-09-11T14:24:12.982+0000][1][gc,age       ] GC(64) - age   3:    2116520 bytes,    7147352 total
[2020-09-11T14:24:12.982+0000][1][gc,heap      ] GC(64) ParNew: 73235K->8195K(76672K)
[2020-09-11T14:24:12.982+0000][1][gc,heap      ] GC(64) CMS: 56734K->56734K(439104K)
[2020-09-11T14:24:12.982+0000][1][gc,metaspace ] GC(64) Metaspace: 66513K->66513K(1110016K)
[2020-09-11T14:24:12.982+0000][1][gc           ] GC(64) Pause Young (Allocation Failure) 126M->63M(503M) 70.594ms
[2020-09-11T14:24:12.982+0000][1][gc,cpu       ] GC(64) User=0.03s Sys=0.00s Real=0.07s
[2020-09-11T14:24:13.001+0000][1][safepoint    ] Safepoint "GenCollectForAllocation", Time since last: 143774315 ns, Reaching safepoint: 122068 ns, At safepoint: 89331451 ns, Total: 89453519 ns
[2020-09-11T14:24:13.076+0000][1][safepoint    ] Safepoint "CollectForMetadataAllocation", Time since last: 74547214 ns, Reaching safepoint: 56726 ns, At safepoint: 118751 ns, Total: 175477 ns
[2020-09-11T14:24:13.185+0000][1][safepoint    ] Safepoint "CollectForMetadataAllocation", Time since last: 109589712 ns, Reaching safepoint: 43143 ns, At safepoint: 75075 ns, Total: 118218 ns
[2020-09-11T14:24:13.404+0000][1][safepoint    ] Safepoint "CollectForMetadataAllocation", Time since last: 218146291 ns, Reaching safepoint: 68092 ns, At safepoint: 130552 ns, Total: 198644 ns
[2020-09-11T14:24:13.520+0000][1][safepoint    ] Safepoint "CollectForMetadataAllocation", Time since last: 115783211 ns, Reaching safepoint: 70332 ns, At safepoint: 113104 ns, Total: 183436 ns
[2020-09-11T14:24:13.653+0000][1][safepoint    ] Safepoint "CollectForMetadataAllocation", Time since last: 133030186 ns, Reaching safepoint: 49347 ns, At safepoint: 107448 ns, Total: 156795 ns
[2020-09-11T14:24:13.677+0000][1][safepoint    ] Safepoint "CollectForMetadataAllocation", Time since last: 24402853 ns, Reaching safepoint: 44829 ns, At safepoint: 117179 ns, Total: 162008 ns
[2020-09-11T14:24:13.728+0000][1][safepoint    ] Safepoint "Deoptimize", Time since last: 50043154 ns, Reaching safepoint: 62492 ns, At safepoint: 355909 ns, Total: 418401 ns
[2020-09-11T14:24:13.756+0000][1][safepoint    ] Safepoint "CollectForMetadataAllocation", Time since last: 27602752 ns, Reaching safepoint: 59221 ns, At safepoint: 102230 ns, Total: 161451 ns
[2020-09-11T14:24:13.772+0000][1][safepoint    ] Safepoint "Deoptimize", Time since last: 15816457 ns, Reaching safepoint: 56106 ns, At safepoint: 350132 ns, Total: 406238 ns
[2020-09-11T14:24:13.964+0000][1][safepoint    ] Safepoint "CollectForMetadataAllocation", Time since last: 191604531 ns, Reaching safepoint: 67810 ns, At safepoint: 107806 ns, Total: 175616 ns
[2020-09-11T14:24:14.114+0000][1][safepoint    ] Safepoint "CollectForMetadataAllocation", Time since last: 139820085 ns, Reaching safepoint: 10379520 ns, At safepoint: 135524 ns, Total: 10515044 ns
[2020-09-11T14:24:14.144+0000][1][safepoint    ] Safepoint "RevokeBias", Time since last: 18244856 ns, Reaching safepoint: 11304422 ns, At safepoint: 26913 ns, Total: 11331335 ns
[2020-09-11T14:24:14.144+0000][1][safepoint    ] Safepoint "RevokeBias", Time since last: 473024 ns, Reaching safepoint: 11954 ns, At safepoint: 17149 ns, Total: 29103 ns
[2020-09-11T14:24:14.145+0000][1][safepoint    ] Safepoint "RevokeBias", Time since last: 686486 ns, Reaching safepoint: 11418 ns, At safepoint: 14459 ns, Total: 25877 ns
[2020-09-11T14:24:14.145+0000][1][safepoint    ] Safepoint "RevokeBias", Time since last: 458930 ns, Reaching safepoint: 89996 ns, At safepoint: 19128 ns, Total: 109124 ns
[2020-09-11T14:24:14.145+0000][1][safepoint    ] Safepoint "RevokeBias", Time since last: 41081 ns, Reaching safepoint: 94537 ns, At safepoint: 30705 ns, Total: 125242 ns
[2020-09-11T14:24:14.152+0000][1][safepoint    ] Safepoint "RevokeBias", Time since last: 5998838 ns, Reaching safepoint: 105871 ns, At safepoint: 40215 ns, Total: 146086 ns
[2020-09-11T14:24:14.152+0000][1][safepoint    ] Safepoint "RevokeBias", Time since last: 253293 ns, Reaching safepoint: 86495 ns, At safepoint: 18454 ns, Total: 104949 ns
[2020-09-11T14:24:14.152+0000][1][safepoint    ] Safepoint "RevokeBias", Time since last: 39499 ns, Reaching safepoint: 82091 ns, At safepoint: 15455 ns, Total: 97546 ns
[2020-09-11T14:24:14.153+0000][1][safepoint    ] Safepoint "RevokeBias", Time since last: 513140 ns, Reaching safepoint: 81135 ns, At safepoint: 16355 ns, Total: 97490 ns
[2020-09-11T14:24:14.183+0000][1][safepoint    ] Safepoint "RevokeBias", Time since last: 15634165 ns, Reaching safepoint: 14788692 ns, At safepoint: 33062 ns, Total: 14821754 ns
[2020-09-11T14:24:14.183+0000][1][safepoint    ] Safepoint "RevokeBias", Time since last: 149827 ns, Reaching safepoint: 107771 ns, At safepoint: 21170 ns, Total: 128941 ns
[2020-09-11T14:24:14.197+0000][1][safepoint    ] Safepoint "Deoptimize", Time since last: 12908869 ns, Reaching safepoint: 114814 ns, At safepoint: 347990 ns, Total: 462804 ns
[2020-09-11T14:24:14.320+0000][1][safepoint    ] Safepoint "CollectForMetadataAllocation", Time since last: 122718542 ns, Reaching safepoint: 221991 ns, At safepoint: 127219 ns, Total: 349210 ns
[2020-09-11T14:24:14.420+0000][1][safepoint    ] Safepoint "RevokeBias", Time since last: 56280107 ns, Reaching safepoint: 43412349 ns, At safepoint: 42715 ns, Total: 43455064 ns
[2020-09-11T14:24:14.420+0000][1][safepoint    ] Safepoint "RevokeBias", Time since last: 101260 ns, Reaching safepoint: 83994 ns, At safepoint: 22439 ns, Total: 106433 ns
[2020-09-11T14:24:14.420+0000][1][safepoint    ] Safepoint "RevokeBias", Time since last: 35846 ns, Reaching safepoint: 82650 ns, At safepoint: 22218 ns, Total: 104868 ns
[2020-09-11T14:24:14.420+0000][1][safepoint    ] Safepoint "RevokeBias", Time since last: 33792 ns, Reaching safepoint: 82759 ns, At safepoint: 23227 ns, Total: 105986 ns
[2020-09-11T14:24:14.420+0000][1][safepoint    ] Safepoint "RevokeBias", Time since last: 33944 ns, Reaching safepoint: 82304 ns, At safepoint: 21983 ns, Total: 104287 ns
[2020-09-11T14:24:14.420+0000][1][safepoint    ] Safepoint "RevokeBias", Time since last: 38081 ns, Reaching safepoint: 82243 ns, At safepoint: 21861 ns, Total: 104104 ns
[2020-09-11T14:24:14.421+0000][1][safepoint    ] Safepoint "RevokeBias", Time since last: 35144 ns, Reaching safepoint: 81791 ns, At safepoint: 21526 ns, Total: 103317 ns
[2020-09-11T14:24:14.423+0000][1][safepoint    ] Safepoint "RevokeBias", Time since last: 34499 ns, Reaching safepoint: 2854383 ns, At safepoint: 45281 ns, Total: 2899664 ns
[2020-09-11T14:24:14.724+0000][1][safepoint    ] Safepoint "CollectForMetadataAllocation", Time since last: 298307637 ns, Reaching safepoint: 1694582 ns, At safepoint: 316260 ns, Total: 2010842 ns
[2020-09-11T14:24:15.072+0000][1][safepoint    ] Safepoint "CollectForMetadataAllocation", Time since last: 335063475 ns, Reaching safepoint: 12656992 ns, At safepoint: 122835 ns, Total: 12779827 ns
[2020-09-11T14:24:15.104+0000][1][gc           ] GC(63) Concurrent Abortable Preclean 5103.527ms
[2020-09-11T14:24:15.104+0000][1][gc,cpu       ] GC(63) User=1.66s Sys=0.03s Real=5.11s
[2020-09-11T14:24:15.107+0000][1][gc,start     ] GC(63) Pause Remark
[2020-09-11T14:24:15.170+0000][1][gc           ] GC(63) Pause Remark 90M->90M(503M) 62.687ms
[2020-09-11T14:24:15.170+0000][1][gc,cpu       ] GC(63) User=0.03s Sys=0.00s Real=0.06s
[2020-09-11T14:24:15.203+0000][1][safepoint    ] Safepoint "CMS_Final_Remark", Time since last: 32682298 ns, Reaching safepoint: 2609102 ns, At safepoint: 95633447 ns, Total: 98242549 ns
[2020-09-11T14:24:15.203+0000][1][gc           ] GC(63) Concurrent Sweep
[2020-09-11T14:24:15.264+0000][1][safepoint    ] Safepoint "CollectForMetadataAllocation", Time since last: 60872759 ns, Reaching safepoint: 706689 ns, At safepoint: 88428 ns, Total: 795117 ns
[2020-09-11T14:24:15.310+0000][1][gc           ] GC(63) Concurrent Sweep 107.606ms
[2020-09-11T14:24:15.310+0000][1][gc,cpu       ] GC(63) User=0.03s Sys=0.00s Real=0.11s
[2020-09-11T14:24:15.310+0000][1][gc           ] GC(63) Concurrent Reset
[2020-09-11T14:24:15.311+0000][1][gc           ] GC(63) Concurrent Reset 0.639ms
[2020-09-11T14:24:15.311+0000][1][gc,cpu       ] GC(63) User=0.00s Sys=0.00s Real=0.00s
[2020-09-11T14:24:15.311+0000][1][gc,heap      ] GC(63) Old: 56734K->55804K(439104K)
[2020-09-11T14:24:15.370+0000][1][safepoint    ] Safepoint "RevokeBias", Time since last: 105362629 ns, Reaching safepoint: 109131 ns, At safepoint: 34174 ns, Total: 143305 ns
[2020-09-11T14:24:15.370+0000][1][safepoint    ] Safepoint "RevokeBias", Time since last: 107094 ns, Reaching safepoint: 83549 ns, At safepoint: 21724 ns, Total: 105273 ns
[2020-09-11T14:24:15.370+0000][1][safepoint    ] Safepoint "RevokeBias", Time since last: 49983 ns, Reaching safepoint: 83279 ns, At safepoint: 21258 ns, Total: 104537 ns
[2020-09-11T14:24:15.396+0000][1][safepoint    ] Safepoint "RevokeBias", Time since last: 26049451 ns, Reaching safepoint: 171331 ns, At safepoint: 22553 ns, Total: 193884 ns
[2020-09-11T14:24:15.400+0000][1][safepoint    ] Safepoint "RevokeBias", Time since last: 3126444 ns, Reaching safepoint: 106835 ns, At safepoint: 33262 ns, Total: 140097 ns
[2020-09-11T14:24:15.423+0000][1][safepoint    ] Safepoint "RevokeBias", Time since last: 21682797 ns, Reaching safepoint: 2152819 ns, At safepoint: 40204 ns, Total: 2193023 ns
[2020-09-11T14:24:15.425+0000][1][safepoint    ] Safepoint "RevokeBias", Time since last: 289167 ns, Reaching safepoint: 1226798 ns, At safepoint: 16431 ns, Total: 1243229 ns
[2020-09-11T14:24:15.429+0000][1][safepoint    ] Safepoint "RevokeBias", Time since last: 1172284 ns, Reaching safepoint: 2757088 ns, At safepoint: 20890 ns, Total: 2777978 ns
[2020-09-11T14:24:15.430+0000][1][safepoint    ] Safepoint "RevokeBias", Time since last: 143690 ns, Reaching safepoint: 942515 ns, At safepoint: 20911 ns, Total: 963426 ns
[2020-09-11T14:24:15.434+0000][1][safepoint    ] Safepoint "RevokeBias", Time since last: 44714 ns, Reaching safepoint: 4290026 ns, At safepoint: 39488 ns, Total: 4329514 ns
[2020-09-11T14:24:15.435+0000][1][safepoint    ] Safepoint "RevokeBias", Time since last: 83572 ns, Reaching safepoint: 911700 ns, At safepoint: 23372 ns, Total: 935072 ns
[2020-09-11T14:24:15.456+0000][1][safepoint    ] Safepoint "RevokeBias", Time since last: 19989964 ns, Reaching safepoint: 257759 ns, At safepoint: 26083 ns, Total: 283842 ns
[2020-09-11T14:24:15.456+0000][1][safepoint    ] Safepoint "RevokeBias", Time since last: 179611 ns, Reaching safepoint: 84585 ns, At safepoint: 20527 ns, Total: 105112 ns
[2020-09-11T14:24:15.456+0000][1][safepoint    ] Safepoint "RevokeBias", Time since last: 45147 ns, Reaching safepoint: 83912 ns, At safepoint: 14648 ns, Total: 98560 ns
[2020-09-11T14:24:15.458+0000][1][safepoint    ] Safepoint "RevokeBias", Time since last: 1420023 ns, Reaching safepoint: 99763 ns, At safepoint: 33923 ns, Total: 133686 ns
[2020-09-11T14:24:15.462+0000][1][safepoint    ] Safepoint "RevokeBias", Time since last: 3655848 ns, Reaching safepoint: 148902 ns, At safepoint: 42159 ns, Total: 191061 ns
[2020-09-11T14:24:15.644+0000][1][safepoint    ] Safepoint "RevokeBias", Time since last: 181877536 ns, Reaching safepoint: 127676 ns, At safepoint: 24754 ns, Total: 152430 ns
[2020-09-11T14:24:15.645+0000][1][safepoint    ] Safepoint "RevokeBias", Time since last: 812300 ns, Reaching safepoint: 97507 ns, At safepoint: 16100 ns, Total: 113607 ns
[2020-09-11T14:24:15.645+0000][1][safepoint    ] Safepoint "RevokeBias", Time since last: 125084 ns, Reaching safepoint: 82801 ns, At safepoint: 21682 ns, Total: 104483 ns
[2020-09-11T14:24:15.645+0000][1][safepoint    ] Safepoint "RevokeBias", Time since last: 219424 ns, Reaching safepoint: 84352 ns, At safepoint: 25040 ns, Total: 109392 ns
[2020-09-11T14:24:15.645+0000][1][safepoint    ] Safepoint "RevokeBias", Time since last: 59682 ns, Reaching safepoint: 83834 ns, At safepoint: 23751 ns, Total: 107585 ns
[2020-09-11T14:24:15.645+0000][1][safepoint    ] Safepoint "RevokeBias", Time since last: 39712 ns, Reaching safepoint: 39523 ns, At safepoint: 21251 ns, Total: 60774 ns
[2020-09-11T14:24:15.648+0000][1][safepoint    ] Safepoint "RevokeBias", Time since last: 2069010 ns, Reaching safepoint: 104408 ns, At safepoint: 30601 ns, Total: 135009 ns
[2020-09-11T14:24:15.660+0000][1][safepoint    ] Safepoint "RevokeBias", Time since last: 11881229 ns, Reaching safepoint: 133338 ns, At safepoint: 20285 ns, Total: 153623 ns
[2020-09-11T14:24:15.660+0000][1][safepoint    ] Safepoint "RevokeBias", Time since last: 60996 ns, Reaching safepoint: 81073 ns, At safepoint: 13106 ns, Total: 94179 ns
[2020-09-11T14:24:15.660+0000][1][safepoint    ] Safepoint "RevokeBias", Time since last: 122052 ns, Reaching safepoint: 81956 ns, At safepoint: 18879 ns, Total: 100835 ns
[2020-09-11T14:24:15.660+0000][1][safepoint    ] Safepoint "RevokeBias", Time since last: 112154 ns, Reaching safepoint: 86374 ns, At safepoint: 13248 ns, Total: 99622 ns
[2020-09-11T14:24:15.660+0000][1][safepoint    ] Safepoint "RevokeBias", Time since last: 44834 ns, Reaching safepoint: 80305 ns, At safepoint: 12114 ns, Total: 92419 ns
[2020-09-11T14:24:15.660+0000][1][safepoint    ] Safepoint "RevokeBias", Time since last: 86056 ns, Reaching safepoint: 80854 ns, At safepoint: 12217 ns, Total: 93071 ns
[2020-09-11T14:24:15.661+0000][1][safepoint    ] Safepoint "RevokeBias", Time since last: 220606 ns, Reaching safepoint: 79199 ns, At safepoint: 8442 ns, Total: 87641 ns
[2020-09-11T14:24:15.661+0000][1][safepoint    ] Safepoint "RevokeBias", Time since last: 84988 ns, Reaching safepoint: 77922 ns, At safepoint: 7973 ns, Total: 85895 ns
[2020-09-11T14:24:15.661+0000][1][safepoint    ] Safepoint "RevokeBias", Time since last: 70620 ns, Reaching safepoint: 77544 ns, At safepoint: 12127 ns, Total: 89671 ns
[2020-09-11T14:24:15.775+0000][1][safepoint    ] Safepoint "RevokeBias", Time since last: 113412404 ns, Reaching safepoint: 904133 ns, At safepoint: 37172 ns, Total: 941305 ns
[2020-09-11T14:24:15.783+0000][1][safepoint    ] Safepoint "RevokeBias", Time since last: 5204602 ns, Reaching safepoint: 2768882 ns, At safepoint: 30228 ns, Total: 2799110 ns
[2020-09-11T14:24:15.825+0000][1][safepoint    ] Safepoint "RevokeBias", Time since last: 41317857 ns, Reaching safepoint: 126098 ns, At safepoint: 42926 ns, Total: 169024 ns
[2020-09-11T14:24:15.854+0000][1][safepoint    ] Safepoint "RevokeBias", Time since last: 29088079 ns, Reaching safepoint: 107512 ns, At safepoint: 31361 ns, Total: 138873 ns
[2020-09-11T14:24:15.857+0000][1][safepoint    ] Safepoint "RevokeBias", Time since last: 2972830 ns, Reaching safepoint: 104891 ns, At safepoint: 29138 ns, Total: 134029 ns
[2020-09-11T14:24:15.857+0000][1][safepoint    ] Safepoint "RevokeBias", Time since last: 55790 ns, Reaching safepoint: 93491 ns, At safepoint: 31954 ns, Total: 125445 ns
[2020-09-11T14:24:15.858+0000][1][safepoint    ] Safepoint "RevokeBias", Time since last: 45290 ns, Reaching safepoint: 90233 ns, At safepoint: 19722 ns, Total: 109955 ns
[2020-09-11T14:24:15.858+0000][1][safepoint    ] Safepoint "RevokeBias", Time since last: 37291 ns, Reaching safepoint: 88905 ns, At safepoint: 21619 ns, Total: 110524 ns
[2020-09-11T14:24:15.858+0000][1][safepoint    ] Safepoint "RevokeBias", Time since last: 262358 ns, Reaching safepoint: 89508 ns, At safepoint: 22846 ns, Total: 112354 ns
[2020-09-11T14:24:15.858+0000][1][safepoint    ] Safepoint "RevokeBias", Time since last: 37415 ns, Reaching safepoint: 86675 ns, At safepoint: 20449 ns, Total: 107124 ns
[2020-09-11T14:24:15.858+0000][1][safepoint    ] Safepoint "RevokeBias", Time since last: 34225 ns, Reaching safepoint: 85426 ns, At safepoint: 19353 ns, Total: 104779 ns
[2020-09-11T14:24:15.948+0000][1][safepoint    ] Safepoint "RevokeBias", Time since last: 88977008 ns, Reaching safepoint: 120553 ns, At safepoint: 29554 ns, Total: 150107 ns
[2020-09-11T14:24:15.948+0000][1][safepoint    ] Safepoint "BulkRevokeBias", Time since last: 69930 ns, Reaching safepoint: 20136 ns, At safepoint: 83003 ns, Total: 103139 ns
[2020-09-11T14:24:15.985+0000][1][safepoint    ] Safepoint "RevokeBias", Time since last: 36777198 ns, Reaching safepoint: 121756 ns, At safepoint: 22336 ns, Total: 144092 ns
[2020-09-11T14:24:15.985+0000][1][safepoint    ] Safepoint "RevokeBias", Time since last: 71712 ns, Reaching safepoint: 98342 ns, At safepoint: 18254 ns, Total: 116596 ns
[2020-09-11T14:24:15.985+0000][1][safepoint    ] Safepoint "RevokeBias", Time since last: 44220 ns, Reaching safepoint: 94362 ns, At safepoint: 15715 ns, Total: 110077 ns
[2020-09-11T14:24:15.985+0000][1][safepoint    ] Safepoint "RevokeBias", Time since last: 69168 ns, Reaching safepoint: 90141 ns, At safepoint: 16951 ns, Total: 107092 ns
[2020-09-11T14:24:16.068+0000][1][safepoint    ] Safepoint "RevokeBias", Time since last: 82737087 ns, Reaching safepoint: 187251 ns, At safepoint: 33743 ns, Total: 220994 ns
[2020-09-11T14:24:16.069+0000][1][safepoint    ] Safepoint "RevokeBias", Time since last: 422924 ns, Reaching safepoint: 102910 ns, At safepoint: 26439 ns, Total: 129349 ns
[2020-09-11T14:24:16.120+0000][1][safepoint    ] Safepoint "RevokeBias", Time since last: 51210598 ns, Reaching safepoint: 220142 ns, At safepoint: 31576 ns, Total: 251718 ns
[2020-09-11T14:24:16.151+0000][1][safepoint    ] Safepoint "RevokeBias", Time since last: 406959 ns, Reaching safepoint: 30801574 ns, At safepoint: 71998 ns, Total: 30873572 ns
[2020-09-11T14:24:16.156+0000][1][safepoint    ] Safepoint "RevokeBias", Time since last: 1690324 ns, Reaching safepoint: 2415392 ns, At safepoint: 39315 ns, Total: 2454707 ns
[2020-09-11T14:24:16.164+0000][1][safepoint    ] Safepoint "RevokeBias", Time since last: 258545 ns, Reaching safepoint: 8361447 ns, At safepoint: 27648 ns, Total: 8389095 ns
[2020-09-11T14:24:16.189+0000][1][safepoint    ] Safepoint "RevokeBias", Time since last: 24427731 ns, Reaching safepoint: 167239 ns, At safepoint: 24826 ns, Total: 192065 ns
[2020-09-11T14:24:16.204+0000][1][safepoint    ] Safepoint "RevokeBias", Time since last: 1456419 ns, Reaching safepoint: 13340588 ns, At safepoint: 30190 ns, Total: 13370778 ns
[2020-09-11T14:24:16.208+0000][1][safepoint    ] Safepoint "RevokeBias", Time since last: 3723810 ns, Reaching safepoint: 178412 ns, At safepoint: 25088 ns, Total: 203500 ns
[2020-09-11T14:24:16.209+0000][1][safepoint    ] Safepoint "RevokeBias", Time since last: 777404 ns, Reaching safepoint: 117514 ns, At safepoint: 25777 ns, Total: 143291 ns
[2020-09-11T14:24:16.212+0000][1][safepoint    ] Safepoint "RevokeBias", Time since last: 3810028 ns, Reaching safepoint: 107195 ns, At safepoint: 24250 ns, Total: 131445 ns
[2020-09-11T14:24:16.219+0000][1][safepoint    ] Safepoint "RevokeBias", Time since last: 6473292 ns, Reaching safepoint: 122982 ns, At safepoint: 20299 ns, Total: 143281 ns
[2020-09-11T14:24:16.219+0000][1][safepoint    ] Safepoint "RevokeBias", Time since last: 65330 ns, Reaching safepoint: 103501 ns, At safepoint: 15581 ns, Total: 119082 ns
[2020-09-11T14:24:16.249+0000][1][safepoint    ] Safepoint "RevokeBias", Time since last: 29652214 ns, Reaching safepoint: 118027 ns, At safepoint: 19013 ns, Total: 137040 ns
[2020-09-11T14:24:16.267+0000][1][safepoint    ] Safepoint "RevokeBias", Time since last: 17924593 ns, Reaching safepoint: 76860 ns, At safepoint: 23614 ns, Total: 100474 ns
[2020-09-11T14:24:16.316+0000][1][safepoint    ] Safepoint "RevokeBias", Time since last: 48363357 ns, Reaching safepoint: 122072 ns, At safepoint: 22639 ns, Total: 144711 ns
[2020-09-11T14:24:16.460+0000][1][safepoint    ] Safepoint "RevokeBias", Time since last: 143832007 ns, Reaching safepoint: 393604 ns, At safepoint: 20581 ns, Total: 414185 ns
[2020-09-11T14:24:16.526+0000][1][safepoint    ] Safepoint "RevokeBias", Time since last: 64705697 ns, Reaching safepoint: 1625088 ns, At safepoint: 19527 ns, Total: 1644615 ns
[2020-09-11T14:24:16.527+0000][1][safepoint    ] Safepoint "RevokeBias", Time since last: 542367 ns, Reaching safepoint: 704215 ns, At safepoint: 15827 ns, Total: 720042 ns
[2020-09-11T14:24:16.531+0000][1][safepoint    ] Safepoint "RevokeBias", Time since last: 80304 ns, Reaching safepoint: 3911632 ns, At safepoint: 20417 ns, Total: 3932049 ns
[2020-09-11T14:24:16.534+0000][1][safepoint    ] Safepoint "RevokeBias", Time since last: 98716 ns, Reaching safepoint: 2287332 ns, At safepoint: 22133 ns, Total: 2309465 ns
[2020-09-11T14:24:16.535+0000][1][safepoint    ] Safepoint "RevokeBias", Time since last: 676163 ns, Reaching safepoint: 93030 ns, At safepoint: 11555 ns, Total: 104585 ns
[2020-09-11T14:24:16.535+0000][1][safepoint    ] Safepoint "RevokeBias", Time since last: 226274 ns, Reaching safepoint: 89297 ns, At safepoint: 11223 ns, Total: 100520 ns
[2020-09-11T14:24:16.972+0000][1][safepoint    ] Safepoint "RevokeBias", Time since last: 435792089 ns, Reaching safepoint: 788955 ns, At safepoint: 25992 ns, Total: 814947 ns
[2020-09-11T14:24:17.024+0000][1][safepoint    ] Safepoint "RevokeBias", Time since last: 52088360 ns, Reaching safepoint: 122704 ns, At safepoint: 17251 ns, Total: 139955 ns
[2020-09-11T14:24:17.056+0000][1][safepoint    ] Safepoint "RevokeBias", Time since last: 32305087 ns, Reaching safepoint: 116834 ns, At safepoint: 44028 ns, Total: 160862 ns
[2020-09-11T14:24:17.056+0000][1][safepoint    ] Safepoint "RevokeBias", Time since last: 65295 ns, Reaching safepoint: 87303 ns, At safepoint: 25345 ns, Total: 112648 ns
[2020-09-11T14:24:17.074+0000][1][safepoint    ] Safepoint "RevokeBias", Time since last: 17056277 ns, Reaching safepoint: 110347 ns, At safepoint: 16771 ns, Total: 127118 ns
[2020-09-11T14:24:17.248+0000][1][safepoint    ] Safepoint "RevokeBias", Time since last: 173798572 ns, Reaching safepoint: 142115 ns, At safepoint: 17060 ns, Total: 159175 ns
[2020-09-11T14:24:17.339+0000][1][safepoint    ] Safepoint "RevokeBias", Time since last: 91110620 ns, Reaching safepoint: 128969 ns, At safepoint: 23163 ns, Total: 152132 ns
[2020-09-11T14:24:17.470+0000][1][safepoint    ] Safepoint "RevokeBias", Time since last: 131143673 ns, Reaching safepoint: 109199 ns, At safepoint: 15443 ns, Total: 124642 ns
[2020-09-11T14:24:17.596+0000][1][safepoint    ] Safepoint "RevokeBias", Time since last: 125309988 ns, Reaching safepoint: 119943 ns, At safepoint: 17516 ns, Total: 137459 ns
[2020-09-11T14:24:17.614+0000][1][safepoint    ] Safepoint "RevokeBias", Time since last: 17981463 ns, Reaching safepoint: 123932 ns, At safepoint: 19705 ns, Total: 143637 ns
[2020-09-11T14:24:17.689+0000][1][safepoint    ] Safepoint "RevokeBias", Time since last: 75453152 ns, Reaching safepoint: 113872 ns, At safepoint: 13859 ns, Total: 127731 ns
[2020-09-11T14:24:17.731+0000][1][safepoint    ] Safepoint "RevokeBias", Time since last: 41672652 ns, Reaching safepoint: 40417 ns, At safepoint: 16469 ns, Total: 56886 ns
[2020-09-11T14:24:17.733+0000][1][safepoint    ] Safepoint "RevokeBias", Time since last: 2357535 ns, Reaching safepoint: 32931 ns, At safepoint: 11881 ns, Total: 44812 ns
[2020-09-11T14:24:17.778+0000][1][safepoint    ] Safepoint "RevokeBias", Time since last: 44497935 ns, Reaching safepoint: 103615 ns, At safepoint: 21014 ns, Total: 124629 ns
[2020-09-11T14:24:17.784+0000][1][safepoint    ] Safepoint "RevokeBias", Time since last: 5706565 ns, Reaching safepoint: 107348 ns, At safepoint: 13705 ns, Total: 121053 ns
[2020-09-11T14:24:17.792+0000][1][safepoint    ] Safepoint "RevokeBias", Time since last: 7916575 ns, Reaching safepoint: 106063 ns, At safepoint: 21699 ns, Total: 127762 ns
[2020-09-11T14:24:17.800+0000][1][safepoint    ] Safepoint "RevokeBias", Time since last: 7841548 ns, Reaching safepoint: 110230 ns, At safepoint: 14245 ns, Total: 124475 ns
[2020-09-11T14:24:17.809+0000][1][safepoint    ] Safepoint "RevokeBias", Time since last: 9167128 ns, Reaching safepoint: 110307 ns, At safepoint: 21298 ns, Total: 131605 ns
[2020-09-11T14:24:17.810+0000][1][safepoint    ] Safepoint "RevokeBias", Time since last: 953128 ns, Reaching safepoint: 89232 ns, At safepoint: 10664 ns, Total: 99896 ns
[2020-09-11T14:24:18.256+0000][1][safepoint    ] Safepoint "RevokeBias", Time since last: 445906106 ns, Reaching safepoint: 139735 ns, At safepoint: 18891 ns, Total: 158626 ns
[2020-09-11T14:24:18.492+0000][1][safepoint    ] Safepoint "RevokeBias", Time since last: 235298083 ns, Reaching safepoint: 125798 ns, At safepoint: 16892 ns, Total: 142690 ns
[2020-09-11T14:24:18.493+0000][1][safepoint    ] Safepoint "RevokeBias", Time since last: 1149385 ns, Reaching safepoint: 95981 ns, At safepoint: 12111 ns, Total: 108092 ns
[2020-09-11T14:24:18.494+0000][1][safepoint    ] Safepoint "RevokeBias", Time since last: 866980 ns, Reaching safepoint: 96798 ns, At safepoint: 11567 ns, Total: 108365 ns
[2020-09-11T14:24:18.494+0000][1][safepoint    ] Safepoint "RevokeBias", Time since last: 222202 ns, Reaching safepoint: 88778 ns, At safepoint: 10618 ns, Total: 99396 ns
[2020-09-11T14:24:18.500+0000][1][safepoint    ] Safepoint "RevokeBias", Time since last: 5217522 ns, Reaching safepoint: 123972 ns, At safepoint: 17388 ns, Total: 141360 ns
[2020-09-11T14:24:18.503+0000][1][safepoint    ] Safepoint "RevokeBias", Time since last: 155268 ns, Reaching safepoint: 3628691 ns, At safepoint: 16704 ns, Total: 3645395 ns
[2020-09-11T14:24:18.507+0000][1][safepoint    ] Safepoint "RevokeBias", Time since last: 1996531 ns, Reaching safepoint: 1995688 ns, At safepoint: 20499 ns, Total: 2016187 ns
[2020-09-11T14:24:18.511+0000][1][safepoint    ] Safepoint "RevokeBias", Time since last: 177305 ns, Reaching safepoint: 3664053 ns, At safepoint: 15580 ns, Total: 3679633 ns
[2020-09-11T14:24:18.524+0000][1][safepoint    ] Safepoint "RevokeBias", Time since last: 12851036 ns, Reaching safepoint: 112270 ns, At safepoint: 14861 ns, Total: 127131 ns
[2020-09-11T14:24:18.526+0000][1][safepoint    ] Safepoint "RevokeBias", Time since last: 1519292 ns, Reaching safepoint: 95887 ns, At safepoint: 13014 ns, Total: 108901 ns
[2020-09-11T14:24:18.528+0000][1][safepoint    ] Safepoint "RevokeBias", Time since last: 1724085 ns, Reaching safepoint: 99184 ns, At safepoint: 12331 ns, Total: 111515 ns
[2020-09-11T14:24:18.528+0000][1][safepoint    ] Safepoint "RevokeBias", Time since last: 119673 ns, Reaching safepoint: 87056 ns, At safepoint: 10482 ns, Total: 97538 ns
[2020-09-11T14:24:18.528+0000][1][safepoint    ] Safepoint "RevokeBias", Time since last: 124184 ns, Reaching safepoint: 86940 ns, At safepoint: 9739 ns, Total: 96679 ns
[2020-09-11T14:24:18.528+0000][1][safepoint    ] Safepoint "RevokeBias", Time since last: 93196 ns, Reaching safepoint: 86265 ns, At safepoint: 10215 ns, Total: 96480 ns
[2020-09-11T14:24:18.529+0000][1][safepoint    ] Safepoint "RevokeBias", Time since last: 119523 ns, Reaching safepoint: 86344 ns, At safepoint: 10327 ns, Total: 96671 ns
[2020-09-11T14:24:18.529+0000][1][safepoint    ] Safepoint "RevokeBias", Time since last: 69554 ns, Reaching safepoint: 85695 ns, At safepoint: 9817 ns, Total: 95512 ns
[2020-09-11T14:24:18.536+0000][1][safepoint    ] Safepoint "RevokeBias", Time since last: 6707693 ns, Reaching safepoint: 121803 ns, At safepoint: 17623 ns, Total: 139426 ns
[2020-09-11T14:24:18.536+0000][1][safepoint    ] Safepoint "RevokeBias", Time since last: 632808 ns, Reaching safepoint: 91456 ns, At safepoint: 11160 ns, Total: 102616 ns
[2020-09-11T14:24:18.546+0000][1][safepoint    ] Safepoint "RevokeBias", Time since last: 9566226 ns, Reaching safepoint: 119368 ns, At safepoint: 17646 ns, Total: 137014 ns
[2020-09-11T14:24:18.558+0000][1][safepoint    ] Safepoint "RevokeBias", Time since last: 11566795 ns, Reaching safepoint: 115872 ns, At safepoint: 16050 ns, Total: 131922 ns
[2020-09-11T14:24:18.565+0000][1][safepoint    ] Safepoint "RevokeBias", Time since last: 6734494 ns, Reaching safepoint: 649977 ns, At safepoint: 18467 ns, Total: 668444 ns
[2020-09-11T14:24:18.566+0000][1][safepoint    ] Safepoint "RevokeBias", Time since last: 653732 ns, Reaching safepoint: 91130 ns, At safepoint: 11292 ns, Total: 102422 ns
[2020-09-11T14:24:18.584+0000][1][safepoint    ] Safepoint "RevokeBias", Time since last: 17517919 ns, Reaching safepoint: 114579 ns, At safepoint: 19853 ns, Total: 134432 ns
[2020-09-11T14:24:18.592+0000][1][safepoint    ] Safepoint "RevokeBias", Time since last: 7839448 ns, Reaching safepoint: 238957 ns, At safepoint: 13428 ns, Total: 252385 ns
[2020-09-11T14:24:18.592+0000][1][safepoint    ] Safepoint "RevokeBias", Time since last: 391371 ns, Reaching safepoint: 90339 ns, At safepoint: 11317 ns, Total: 101656 ns
[2020-09-11T14:24:18.692+0000][1][safepoint    ] Safepoint "RevokeBias", Time since last: 100114512 ns, Reaching safepoint: 152078 ns, At safepoint: 30590 ns, Total: 182668 ns
[2020-09-11T14:24:18.709+0000][1][safepoint    ] Safepoint "RevokeBias", Time since last: 6533236 ns, Reaching safepoint: 9983300 ns, At safepoint: 36773 ns, Total: 10020073 ns
[2020-09-11T14:24:18.710+0000][1][safepoint    ] Safepoint "RevokeBias", Time since last: 582090 ns, Reaching safepoint: 91227 ns, At safepoint: 11400 ns, Total: 102627 ns
[2020-09-11T14:24:18.710+0000][1][safepoint    ] Safepoint "RevokeBias", Time since last: 223200 ns, Reaching safepoint: 85351 ns, At safepoint: 11006 ns, Total: 96357 ns
[2020-09-11T14:24:18.710+0000][1][safepoint    ] Safepoint "RevokeBias", Time since last: 92849 ns, Reaching safepoint: 84568 ns, At safepoint: 9605 ns, Total: 94173 ns
[2020-09-11T14:24:18.711+0000][1][safepoint    ] Safepoint "BulkRevokeBias", Time since last: 126531 ns, Reaching safepoint: 83746 ns, At safepoint: 107237 ns, Total: 190983 ns
[2020-09-11T14:24:18.711+0000][1][safepoint    ] Safepoint "BulkRevokeBias", Time since last: 468843 ns, Reaching safepoint: 87386 ns, At safepoint: 91423 ns, Total: 178809 ns
[2020-09-11T14:24:18.732+0000][1][safepoint    ] Safepoint "RevokeBias", Time since last: 20277372 ns, Reaching safepoint: 131455 ns, At safepoint: 19627 ns, Total: 151082 ns
[2020-09-11T14:24:18.732+0000][1][safepoint    ] Safepoint "RevokeBias", Time since last: 664723 ns, Reaching safepoint: 92791 ns, At safepoint: 12834 ns, Total: 105625 ns
[2020-09-11T14:24:18.735+0000][1][safepoint    ] Safepoint "RevokeBias", Time since last: 1687233 ns, Reaching safepoint: 699007 ns, At safepoint: 15969 ns, Total: 714976 ns
[2020-09-11T14:24:18.741+0000][1][safepoint    ] Safepoint "RevokeBias", Time since last: 6216778 ns, Reaching safepoint: 111698 ns, At safepoint: 14659 ns, Total: 126357 ns
[2020-09-11T14:24:18.752+0000][1][safepoint    ] Safepoint "RevokeBias", Time since last: 10382330 ns, Reaching safepoint: 128559 ns, At safepoint: 14504 ns, Total: 143063 ns
[2020-09-11T14:24:18.752+0000][1][safepoint    ] Safepoint "RevokeBias", Time since last: 580640 ns, Reaching safepoint: 91053 ns, At safepoint: 10868 ns, Total: 101921 ns
[2020-09-11T14:24:18.793+0000][1][gc,start     ] GC(65) Pause Young (Allocation Failure)
[2020-09-11T14:24:18.793+0000][1][gc,task      ] GC(65) Using 1 workers of 1 for evacuation
[2020-09-11T14:24:18.967+0000][1][gc,age       ] GC(65) Desired survivor size 4358144 bytes, new threshold 2 (max threshold 6)
[2020-09-11T14:24:18.967+0000][1][gc,age       ] GC(65) Age table with threshold 2 (max threshold 6)
[2020-09-11T14:24:18.967+0000][1][gc,age       ] GC(65) - age   1:    2347208 bytes,    2347208 total
[2020-09-11T14:24:18.967+0000][1][gc,age       ] GC(65) - age   2:    3440224 bytes,    5787432 total
[2020-09-11T14:24:18.967+0000][1][gc,heap      ] GC(65) ParNew: 76355K->6259K(76672K)
[2020-09-11T14:24:18.967+0000][1][gc,heap      ] GC(65) CMS: 55804K->59408K(439104K)
[2020-09-11T14:24:18.967+0000][1][gc,metaspace ] GC(65) Metaspace: 73652K->73652K(1118208K)
[2020-09-11T14:24:18.967+0000][1][gc           ] GC(65) Pause Young (Allocation Failure) 129M->64M(503M) 174.466ms
[2020-09-11T14:24:18.967+0000][1][gc,cpu       ] GC(65) User=0.06s Sys=0.00s Real=0.18s
[2020-09-11T14:24:19.007+0000][1][safepoint    ] Safepoint "GenCollectForAllocation", Time since last: 40246780 ns, Reaching safepoint: 122253 ns, At safepoint: 214731989 ns, Total: 214854242 ns
[2020-09-11T14:24:19.608+0000][1][safepoint    ] Safepoint "RevokeBias", Time since last: 600361900 ns, Reaching safepoint: 120371 ns, At safepoint: 47360 ns, Total: 167731 ns
[2020-09-11T14:24:19.776+0000][1][safepoint    ] Safepoint "RevokeBias", Time since last: 168095157 ns, Reaching safepoint: 113890 ns, At safepoint: 37344 ns, Total: 151234 ns
[2020-09-11T14:24:19.796+0000][1][safepoint    ] Safepoint "RevokeBias", Time since last: 19247391 ns, Reaching safepoint: 116607 ns, At safepoint: 61134 ns, Total: 177741 ns
[2020-09-11T14:24:19.884+0000][1][safepoint    ] Safepoint "RevokeBias", Time since last: 87824344 ns, Reaching safepoint: 118133 ns, At safepoint: 26088 ns, Total: 144221 ns
[2020-09-11T14:24:20.024+0000][1][safepoint    ] Safepoint "RevokeBias", Time since last: 140464707 ns, Reaching safepoint: 117391 ns, At safepoint: 46725 ns, Total: 164116 ns
[2020-09-11T14:24:20.527+0000][1][safepoint    ] Safepoint "RevokeBias", Time since last: 502283915 ns, Reaching safepoint: 122627 ns, At safepoint: 21144 ns, Total: 143771 ns
[2020-09-11T14:24:20.530+0000][1][safepoint    ] Safepoint "RevokeBias", Time since last: 2851045 ns, Reaching safepoint: 193820 ns, At safepoint: 18659 ns, Total: 212479 ns
[2020-09-11T14:24:20.585+0000][1][safepoint    ] Safepoint "RevokeBias", Time since last: 54787264 ns, Reaching safepoint: 128491 ns, At safepoint: 47794 ns, Total: 176285 ns
[2020-09-11T14:24:20.592+0000][1][safepoint    ] Safepoint "RevokeBias", Time since last: 7555060 ns, Reaching safepoint: 113361 ns, At safepoint: 45620 ns, Total: 158981 ns
[2020-09-11T14:24:20.604+0000][1][safepoint    ] Safepoint "RevokeBias", Time since last: 11764888 ns, Reaching safepoint: 114016 ns, At safepoint: 55267 ns, Total: 169283 ns
[2020-09-11T14:24:20.953+0000][1][safepoint    ] Safepoint "RevokeBias", Time since last: 347204164 ns, Reaching safepoint: 1030499 ns, At safepoint: 17217 ns, Total: 1047716 ns
[2020-09-11T14:24:21.136+0000][1][safepoint    ] Safepoint "RevokeBias", Time since last: 182899535 ns, Reaching safepoint: 119442 ns, At safepoint: 54807 ns, Total: 174249 ns
[2020-09-11T14:24:21.148+0000][1][safepoint    ] Safepoint "RevokeBias", Time since last: 4574146 ns, Reaching safepoint: 7319287 ns, At safepoint: 53727 ns, Total: 7373014 ns
[2020-09-11T14:24:21.178+0000][1][safepoint    ] Safepoint "RevokeBias", Time since last: 30648395 ns, Reaching safepoint: 111809 ns, At safepoint: 14419 ns, Total: 126228 ns
[2020-09-11T14:24:21.184+0000][1][safepoint    ] Safepoint "RevokeBias", Time since last: 5041518 ns, Reaching safepoint: 594693 ns, At safepoint: 14456 ns, Total: 609149 ns
[2020-09-11T14:24:21.185+0000][1][safepoint    ] Safepoint "RevokeBias", Time since last: 1210343 ns, Reaching safepoint: 97922 ns, At safepoint: 12172 ns, Total: 110094 ns
[2020-09-11T14:24:21.326+0000][1][safepoint    ] Safepoint "RevokeBias", Time since last: 140486653 ns, Reaching safepoint: 112625 ns, At safepoint: 19917 ns, Total: 132542 ns
[2020-09-11T14:24:21.326+0000][1][safepoint    ] Safepoint "RevokeBias", Time since last: 69363 ns, Reaching safepoint: 87507 ns, At safepoint: 11799 ns, Total: 99306 ns
[2020-09-11T14:24:21.332+0000][1][safepoint    ] Safepoint "RevokeBias", Time since last: 5372648 ns, Reaching safepoint: 117098 ns, At safepoint: 25875 ns, Total: 142973 ns
[2020-09-11T14:24:21.338+0000][1][safepoint    ] Safepoint "RevokeBias", Time since last: 6056237 ns, Reaching safepoint: 84247 ns, At safepoint: 16326 ns, Total: 100573 ns
[2020-09-11T14:24:21.379+0000][1][safepoint    ] Safepoint "RevokeBias", Time since last: 39917430 ns, Reaching safepoint: 813328 ns, At safepoint: 41369 ns, Total: 854697 ns
[2020-09-11T14:24:21.379+0000][1][safepoint    ] Safepoint "RevokeBias", Time since last: 597682 ns, Reaching safepoint: 92861 ns, At safepoint: 43019 ns, Total: 135880 ns
[2020-09-11T14:24:21.538+0000][1][safepoint    ] Safepoint "RevokeBias", Time since last: 149526883 ns, Reaching safepoint: 8998590 ns, At safepoint: 23653 ns, Total: 9022243 ns
[2020-09-11T14:24:21.560+0000][1][safepoint    ] Safepoint "RevokeBias", Time since last: 21578937 ns, Reaching safepoint: 121921 ns, At safepoint: 17496 ns, Total: 139417 ns
[2020-09-11T14:24:21.561+0000][1][safepoint    ] Safepoint "RevokeBias", Time since last: 1050001 ns, Reaching safepoint: 89770 ns, At safepoint: 12054 ns, Total: 101824 ns
[2020-09-11T14:24:21.561+0000][1][safepoint    ] Safepoint "RevokeBias", Time since last: 199740 ns, Reaching safepoint: 88165 ns, At safepoint: 10942 ns, Total: 99107 ns
[2020-09-11T14:24:21.566+0000][1][safepoint    ] Safepoint "RevokeBias", Time since last: 84810 ns, Reaching safepoint: 4608257 ns, At safepoint: 15735 ns, Total: 4623992 ns
[2020-09-11T14:24:21.566+0000][1][safepoint    ] Safepoint "RevokeBias", Time since last: 198228 ns, Reaching safepoint: 89337 ns, At safepoint: 11643 ns, Total: 100980 ns
[2020-09-11T14:24:21.574+0000][1][safepoint    ] Safepoint "RevokeBias", Time since last: 3682335 ns, Reaching safepoint: 4052087 ns, At safepoint: 20858 ns, Total: 4072945 ns
[2020-09-11T14:24:21.575+0000][1][safepoint    ] Safepoint "RevokeBias", Time since last: 274527 ns, Reaching safepoint: 1362957 ns, At safepoint: 13917 ns, Total: 1376874 ns
[2020-09-11T14:24:21.576+0000][1][safepoint    ] Safepoint "RevokeBias", Time since last: 123885 ns, Reaching safepoint: 126017 ns, At safepoint: 11034 ns, Total: 137051 ns
[2020-09-11T14:24:21.576+0000][1][safepoint    ] Safepoint "RevokeBias", Time since last: 153626 ns, Reaching safepoint: 87798 ns, At safepoint: 10165 ns, Total: 97963 ns
[2020-09-11T14:24:21.577+0000][1][safepoint    ] Safepoint "RevokeBias", Time since last: 721459 ns, Reaching safepoint: 91749 ns, At safepoint: 11641 ns, Total: 103390 ns
[2020-09-11T14:24:21.578+0000][1][safepoint    ] Safepoint "RevokeBias", Time since last: 134494 ns, Reaching safepoint: 842172 ns, At safepoint: 28763 ns, Total: 870935 ns
[2020-09-11T14:24:21.579+0000][1][safepoint    ] Safepoint "RevokeBias", Time since last: 183970 ns, Reaching safepoint: 1463549 ns, At safepoint: 12095 ns, Total: 1475644 ns
[2020-09-11T14:24:21.580+0000][1][safepoint    ] Safepoint "RevokeBias", Time since last: 171407 ns, Reaching safepoint: 105862 ns, At safepoint: 10286 ns, Total: 116148 ns
[2020-09-11T14:24:21.580+0000][1][safepoint    ] Safepoint "RevokeBias", Time since last: 87739 ns, Reaching safepoint: 86025 ns, At safepoint: 9443 ns, Total: 95468 ns
[2020-09-11T14:24:21.582+0000][1][safepoint    ] Safepoint "RevokeBias", Time since last: 126627 ns, Reaching safepoint: 1687561 ns, At safepoint: 12842 ns, Total: 1700403 ns
[2020-09-11T14:24:21.590+0000][1][safepoint    ] Safepoint "RevokeBias", Time since last: 5686458 ns, Reaching safepoint: 2358492 ns, At safepoint: 27097 ns, Total: 2385589 ns
[2020-09-11T14:24:21.596+0000][1][safepoint    ] Safepoint "RevokeBias", Time since last: 5609521 ns, Reaching safepoint: 112423 ns, At safepoint: 16523 ns, Total: 128946 ns
[2020-09-11T14:24:21.602+0000][1][safepoint    ] Safepoint "BulkRevokeBias", Time since last: 6356993 ns, Reaching safepoint: 108831 ns, At safepoint: 232285 ns, Total: 341116 ns
[2020-09-11T14:24:21.613+0000][1][safepoint    ] Safepoint "RevokeBias", Time since last: 3599526 ns, Reaching safepoint: 6665069 ns, At safepoint: 22763 ns, Total: 6687832 ns
[2020-09-11T14:24:21.613+0000][1][safepoint    ] Safepoint "RevokeBias", Time since last: 328987 ns, Reaching safepoint: 89534 ns, At safepoint: 11209 ns, Total: 100743 ns
[2020-09-11T14:24:21.618+0000][1][safepoint    ] Safepoint "RevokeBias", Time since last: 118130 ns, Reaching safepoint: 4652575 ns, At safepoint: 43438 ns, Total: 4696013 ns
[2020-09-11T14:24:21.618+0000][1][safepoint    ] Safepoint "RevokeBias", Time since last: 259578 ns, Reaching safepoint: 87834 ns, At safepoint: 11360 ns, Total: 99194 ns
[2020-09-11T14:24:21.622+0000][1][safepoint    ] Safepoint "RevokeBias", Time since last: 3700517 ns, Reaching safepoint: 92826 ns, At safepoint: 14331 ns, Total: 107157 ns
[2020-09-11T14:24:21.622+0000][1][safepoint    ] Safepoint "RevokeBias", Time since last: 175784 ns, Reaching safepoint: 87227 ns, At safepoint: 11697 ns, Total: 98924 ns
[2020-09-11T14:24:21.622+0000][1][safepoint    ] Safepoint "RevokeBias", Time since last: 72045 ns, Reaching safepoint: 86062 ns, At safepoint: 10259 ns, Total: 96321 ns
[2020-09-11T14:24:21.623+0000][1][safepoint    ] Safepoint "BulkRevokeBias", Time since last: 117018 ns, Reaching safepoint: 85906 ns, At safepoint: 309754 ns, Total: 395660 ns
[2020-09-11T14:24:21.626+0000][1][safepoint    ] Safepoint "RevokeBias", Time since last: 2917437 ns, Reaching safepoint: 93030 ns, At safepoint: 13379 ns, Total: 106409 ns
[2020-09-11T14:24:22.492+0000][1][safepoint    ] Safepoint "RevokeBias", Time since last: 865488552 ns, Reaching safepoint: 129956 ns, At safepoint: 15752 ns, Total: 145708 ns
[2020-09-11T14:24:23.104+0000][1][safepoint    ] Safepoint "RevokeBias", Time since last: 612179654 ns, Reaching safepoint: 132804 ns, At safepoint: 19441 ns, Total: 152245 ns
[2020-09-11T14:24:23.104+0000][1][safepoint    ] Safepoint "RevokeBias", Time since last: 67860 ns, Reaching safepoint: 86484 ns, At safepoint: 12202 ns, Total: 98686 ns
[2020-09-11T14:24:23.201+0000][1][safepoint    ] Safepoint "RevokeBias", Time since last: 96676203 ns, Reaching safepoint: 112140 ns, At safepoint: 18170 ns, Total: 130310 ns
[2020-09-11T14:24:23.202+0000][1][safepoint    ] Safepoint "BulkRevokeBias", Time since last: 584624 ns, Reaching safepoint: 86868 ns, At safepoint: 100001 ns, Total: 186869 ns
[2020-09-11T14:24:23.246+0000][1][safepoint    ] Safepoint "RevokeBias", Time since last: 41321964 ns, Reaching safepoint: 3308581 ns, At safepoint: 53779 ns, Total: 3362360 ns
[2020-09-11T14:24:23.515+0000][1][safepoint    ] Safepoint "RevokeBias", Time since last: 253310898 ns, Reaching safepoint: 15833066 ns, At safepoint: 27015 ns, Total: 15860081 ns
[2020-09-11T14:24:23.532+0000][1][safepoint    ] Safepoint "RevokeBias", Time since last: 16086333 ns, Reaching safepoint: 467683 ns, At safepoint: 23945 ns, Total: 491628 ns
[2020-09-11T14:24:23.584+0000][1][safepoint    ] Safepoint "RevokeBias", Time since last: 51804740 ns, Reaching safepoint: 588813 ns, At safepoint: 21144 ns, Total: 609957 ns
[2020-09-11T14:24:23.625+0000][1][safepoint    ] Safepoint "RevokeBias", Time since last: 40741783 ns, Reaching safepoint: 132006 ns, At safepoint: 22894 ns, Total: 154900 ns
[2020-09-11T14:24:23.736+0000][1][safepoint    ] Safepoint "RevokeBias", Time since last: 110039338 ns, Reaching safepoint: 182637 ns, At safepoint: 17297 ns, Total: 199934 ns
[2020-09-11T14:24:23.948+0000][1][safepoint    ] Safepoint "RevokeBias", Time since last: 212351186 ns, Reaching safepoint: 127183 ns, At safepoint: 50672 ns, Total: 177855 ns
[2020-09-11T14:24:24.036+0000][1][safepoint    ] Safepoint "RevokeBias", Time since last: 86517693 ns, Reaching safepoint: 122531 ns, At safepoint: 1375719 ns, Total: 1498250 ns
[2020-09-11T14:24:24.776+0000][1][safepoint    ] Safepoint "RevokeBias", Time since last: 731267242 ns, Reaching safepoint: 8061689 ns, At safepoint: 28394 ns, Total: 8090083 ns
[2020-09-11T14:24:24.776+0000][1][safepoint    ] Safepoint "RevokeBias", Time since last: 82209 ns, Reaching safepoint: 91329 ns, At safepoint: 22894 ns, Total: 114223 ns
[2020-09-11T14:24:24.969+0000][1][safepoint    ] Safepoint "RevokeBias", Time since last: 193129140 ns, Reaching safepoint: 68191 ns, At safepoint: 20463 ns, Total: 88654 ns
[2020-09-11T14:24:24.969+0000][1][safepoint    ] Safepoint "RevokeBias", Time since last: 378185 ns, Reaching safepoint: 21282 ns, At safepoint: 13154 ns, Total: 34436 ns
[2020-09-11T14:24:24.970+0000][1][safepoint    ] Safepoint "RevokeBias", Time since last: 206667 ns, Reaching safepoint: 19131 ns, At safepoint: 11668 ns, Total: 30799 ns
[2020-09-11T14:24:24.981+0000][1][safepoint    ] Safepoint "RevokeBias", Time since last: 11392462 ns, Reaching safepoint: 43868 ns, At safepoint: 12784 ns, Total: 56652 ns
[2020-09-11T14:24:25.021+0000][1][gc,start     ] GC(66) Pause Young (Allocation Failure)
[2020-09-11T14:24:25.021+0000][1][gc,task      ] GC(66) Using 1 workers of 1 for evacuation
[2020-09-11T14:24:25.105+0000][1][gc,age       ] GC(66) Desired survivor size 4358144 bytes, new threshold 6 (max threshold 6)
[2020-09-11T14:24:25.105+0000][1][gc,age       ] GC(66) Age table with threshold 6 (max threshold 6)
[2020-09-11T14:24:25.105+0000][1][gc,age       ] GC(66) - age   1:    1005208 bytes,    1005208 total
[2020-09-11T14:24:25.105+0000][1][gc,age       ] GC(66) - age   2:    2030568 bytes,    3035776 total
[2020-09-11T14:24:25.105+0000][1][gc,heap      ] GC(66) ParNew: 74419K->5803K(76672K)
[2020-09-11T14:24:25.105+0000][1][gc,heap      ] GC(66) CMS: 59408K->62899K(439104K)
[2020-09-11T14:24:25.105+0000][1][gc,metaspace ] GC(66) Metaspace: 74832K->74832K(1118208K)
[2020-09-11T14:24:25.105+0000][1][gc           ] GC(66) Pause Young (Allocation Failure) 130M->67M(503M) 83.962ms
[2020-09-11T14:24:25.105+0000][1][gc,cpu       ] GC(66) User=0.02s Sys=0.00s Real=0.09s
[2020-09-11T14:24:25.125+0000][1][safepoint    ] Safepoint "GenCollectForAllocation", Time since last: 39611295 ns, Reaching safepoint: 123484 ns, At safepoint: 104336499 ns, Total: 104459983 ns
[2020-09-11T14:24:25.126+0000][1][safepoint    ] Safepoint "RevokeBias", Time since last: 1063442 ns, Reaching safepoint: 52927 ns, At safepoint: 12913 ns, Total: 65840 ns
[2020-09-11T14:24:25.324+0000][1][safepoint    ] Safepoint "RevokeBias", Time since last: 197191940 ns, Reaching safepoint: 125681 ns, At safepoint: 16142 ns, Total: 141823 ns
[2020-09-11T14:24:25.495+0000][1][safepoint    ] Safepoint "RevokeBias", Time since last: 171446002 ns, Reaching safepoint: 128513 ns, At safepoint: 18571 ns, Total: 147084 ns
[2020-09-11T14:24:25.495+0000][1][safepoint    ] Safepoint "RevokeBias", Time since last: 149281 ns, Reaching safepoint: 19665 ns, At safepoint: 11313 ns, Total: 30978 ns
[2020-09-11T14:24:25.495+0000][1][safepoint    ] Safepoint "RevokeBias", Time since last: 32916 ns, Reaching safepoint: 28129 ns, At safepoint: 9945 ns, Total: 38074 ns
[2020-09-11T14:24:25.531+0000][1][safepoint    ] Safepoint "RevokeBias", Time since last: 35477196 ns, Reaching safepoint: 130191 ns, At safepoint: 15232 ns, Total: 145423 ns
[2020-09-11T14:24:25.853+0000][1][safepoint    ] Safepoint "RevokeBias", Time since last: 322051156 ns, Reaching safepoint: 126979 ns, At safepoint: 15080 ns, Total: 142059 ns
[2020-09-11T14:24:25.903+0000][1][safepoint    ] Safepoint "RevokeBias", Time since last: 49858889 ns, Reaching safepoint: 49578 ns, At safepoint: 7975 ns, Total: 57553 ns
[2020-09-11T14:24:26.792+0000][1][safepoint    ] Safepoint "RevokeBias", Time since last: 888733288 ns, Reaching safepoint: 69434 ns, At safepoint: 8133 ns, Total: 77567 ns
[2020-09-11T14:24:26.804+0000][1][safepoint    ] Safepoint "RevokeBias", Time since last: 11462821 ns, Reaching safepoint: 120491 ns, At safepoint: 9110 ns, Total: 129601 ns
[2020-09-11T14:24:26.804+0000][1][safepoint    ] Safepoint "RevokeBias", Time since last: 66506 ns, Reaching safepoint: 87501 ns, At safepoint: 5612 ns, Total: 93113 ns
[2020-09-11T14:24:26.804+0000][1][safepoint    ] Safepoint "RevokeBias", Time since last: 101118 ns, Reaching safepoint: 90394 ns, At safepoint: 14707 ns, Total: 105101 ns
[2020-09-11T14:24:26.973+0000][1][safepoint    ] Safepoint "RevokeBias", Time since last: 168650470 ns, Reaching safepoint: 132083 ns, At safepoint: 9474 ns, Total: 141557 ns
[2020-09-11T14:24:26.973+0000][1][safepoint    ] Safepoint "RevokeBias", Time since last: 68506 ns, Reaching safepoint: 92728 ns, At safepoint: 5740 ns, Total: 98468 ns
[2020-09-11T14:24:27.015+0000][1][safepoint    ] Safepoint "RevokeBias", Time since last: 38566925 ns, Reaching safepoint: 4014130 ns, At safepoint: 13034 ns, Total: 4027164 ns
[2020-09-11T14:24:27.200+0000][1][safepoint    ] Safepoint "RevokeBias", Time since last: 184052105 ns, Reaching safepoint: 141860 ns, At safepoint: 11070 ns, Total: 152930 ns
[2020-09-11T14:24:27.200+0000][1][safepoint    ] Safepoint "BulkRevokeBias", Time since last: 100154 ns, Reaching safepoint: 92386 ns, At safepoint: 159193 ns, Total: 251579 ns
[2020-09-11T14:24:27.200+0000][1][safepoint    ] Safepoint "RevokeBias", Time since last: 47348 ns, Reaching safepoint: 21221 ns, At safepoint: 4691 ns, Total: 25912 ns
[2020-09-11T14:24:27.200+0000][1][safepoint    ] Safepoint "RevokeBias", Time since last: 188947 ns, Reaching safepoint: 22085 ns, At safepoint: 4614 ns, Total: 26699 ns
[2020-09-11T14:24:27.263+0000][1][safepoint    ] Safepoint "RevokeBias", Time since last: 59123289 ns, Reaching safepoint: 4033386 ns, At safepoint: 25165 ns, Total: 4058551 ns
[2020-09-11T14:24:27.611+0000][1][safepoint    ] Safepoint "RevokeBias", Time since last: 346136935 ns, Reaching safepoint: 1845208 ns, At safepoint: 12274 ns, Total: 1857482 ns
[2020-09-11T14:24:27.613+0000][1][safepoint    ] Safepoint "BulkRevokeBias", Time since last: 297169 ns, Reaching safepoint: 1053361 ns, At safepoint: 176719 ns, Total: 1230080 ns
[2020-09-11T14:24:27.615+0000][1][safepoint    ] Safepoint "RevokeBias", Time since last: 212722 ns, Reaching safepoint: 2215780 ns, At safepoint: 8877 ns, Total: 2224657 ns
[2020-09-11T14:24:27.620+0000][1][safepoint    ] Safepoint "RevokeBias", Time since last: 4018094 ns, Reaching safepoint: 85845 ns, At safepoint: 8667 ns, Total: 94512 ns
[2020-09-11T14:24:27.766+0000][1][safepoint    ] Safepoint "Deoptimize", Time since last: 145903612 ns, Reaching safepoint: 135418 ns, At safepoint: 426193 ns, Total: 561611 ns
[2020-09-11T14:24:27.845+0000][1][safepoint    ] Safepoint "RevokeBias", Time since last: 70536992 ns, Reaching safepoint: 7993120 ns, At safepoint: 64661 ns, Total: 8057781 ns
[2020-09-11T14:24:27.853+0000][1][safepoint    ] Safepoint "RevokeBias", Time since last: 7460498 ns, Reaching safepoint: 384528 ns, At safepoint: 44823 ns, Total: 429351 ns
[2020-09-11T14:24:27.860+0000][1][safepoint    ] Safepoint "RevokeBias", Time since last: 7027718 ns, Reaching safepoint: 889621 ns, At safepoint: 10057 ns, Total: 899678 ns
[2020-09-11T14:24:28.048+0000][1][safepoint    ] Safepoint "RevokeBias", Time since last: 186999906 ns, Reaching safepoint: 132088 ns, At safepoint: 16942 ns, Total: 149030 ns
[2020-09-11T14:24:28.048+0000][1][safepoint    ] Safepoint "RevokeBias", Time since last: 55684 ns, Reaching safepoint: 142062 ns, At safepoint: 42694 ns, Total: 184756 ns
[2020-09-11T14:24:28.177+0000][1][safepoint    ] Safepoint "Deoptimize", Time since last: 128830467 ns, Reaching safepoint: 151603 ns, At safepoint: 439942 ns, Total: 591545 ns
[2020-09-11T14:24:28.193+0000][1][safepoint    ] Safepoint "RevokeBias", Time since last: 15262468 ns, Reaching safepoint: 527642 ns, At safepoint: 9399 ns, Total: 537041 ns
[2020-09-11T14:24:28.230+0000][1][safepoint    ] Safepoint "RevokeBias", Time since last: 36297253 ns, Reaching safepoint: 399149 ns, At safepoint: 68061 ns, Total: 467210 ns
[2020-09-11T14:24:28.231+0000][1][safepoint    ] Safepoint "RevokeBias", Time since last: 794696 ns, Reaching safepoint: 119679 ns, At safepoint: 8973 ns, Total: 128652 ns
[2020-09-11T14:24:28.237+0000][1][safepoint    ] Safepoint "RevokeBias", Time since last: 6231280 ns, Reaching safepoint: 123782 ns, At safepoint: 58105 ns, Total: 181887 ns
[2020-09-11T14:24:28.301+0000][1][safepoint    ] Safepoint "RevokeBias", Time since last: 57960975 ns, Reaching safepoint: 5414319 ns, At safepoint: 50654 ns, Total: 5464973 ns
[2020-09-11T14:24:28.304+0000][1][safepoint    ] Safepoint "RevokeBias", Time since last: 2844722 ns, Reaching safepoint: 123597 ns, At safepoint: 17830 ns, Total: 141427 ns
[2020-09-11T14:24:28.304+0000][1][safepoint    ] Safepoint "RevokeBias", Time since last: 78139 ns, Reaching safepoint: 90548 ns, At safepoint: 12257 ns, Total: 102805 ns
[2020-09-11T14:24:28.508+0000][1][safepoint    ] Safepoint "RevokeBias", Time since last: 203857577 ns, Reaching safepoint: 150593 ns, At safepoint: 9340 ns, Total: 159933 ns
[2020-09-11T14:24:28.508+0000][1][safepoint    ] Safepoint "RevokeBias", Time since last: 309298 ns, Reaching safepoint: 41189 ns, At safepoint: 6373 ns, Total: 47562 ns
[2020-09-11T14:24:28.523+0000][1][safepoint    ] Safepoint "RevokeBias", Time since last: 13642738 ns, Reaching safepoint: 1700868 ns, At safepoint: 15755 ns, Total: 1716623 ns
[2020-09-11T14:24:28.524+0000][1][safepoint    ] Safepoint "RevokeBias", Time since last: 238974 ns, Reaching safepoint: 113169 ns, At safepoint: 6440 ns, Total: 119609 ns
[2020-09-11T14:24:28.729+0000][1][safepoint    ] Safepoint "RevokeBias", Time since last: 204781967 ns, Reaching safepoint: 134547 ns, At safepoint: 7601 ns, Total: 142148 ns
[2020-09-11T14:24:28.776+0000][1][safepoint    ] Safepoint "RevokeBias", Time since last: 47599952 ns, Reaching safepoint: 131138 ns, At safepoint: 8976 ns, Total: 140114 ns
[2020-09-11T14:24:28.778+0000][1][safepoint    ] Safepoint "RevokeBias", Time since last: 1701621 ns, Reaching safepoint: 111623 ns, At safepoint: 7160 ns, Total: 118783 ns
[2020-09-11T14:24:29.049+0000][1][safepoint    ] Safepoint "RevokeBias", Time since last: 270896820 ns, Reaching safepoint: 53502 ns, At safepoint: 69332 ns, Total: 122834 ns
[2020-09-11T14:24:29.049+0000][1][safepoint    ] Safepoint "RevokeBias", Time since last: 85270 ns, Reaching safepoint: 34449 ns, At safepoint: 12992 ns, Total: 47441 ns
[2020-09-11T14:24:30.050+0000][1][safepoint    ] Safepoint "Cleanup", Time since last: 1000105693 ns, Reaching safepoint: 69654 ns, At safepoint: 6357 ns, Total: 76011 ns
[2020-09-11T14:24:30.759+0000][1][safepoint    ] Safepoint "RevokeBias", Time since last: 708833708 ns, Reaching safepoint: 51046 ns, At safepoint: 19849 ns, Total: 70895 ns
[2020-09-11T14:24:30.759+0000][1][safepoint    ] Safepoint "RevokeBias", Time since last: 90156 ns, Reaching safepoint: 17347 ns, At safepoint: 9896 ns, Total: 27243 ns
[2020-09-11T14:24:31.286+0000][1][gc,start     ] GC(67) Pause Young (Allocation Failure)
[2020-09-11T14:24:31.286+0000][1][gc,task      ] GC(67) Using 1 workers of 1 for evacuation
[2020-09-11T14:24:31.334+0000][1][gc,age       ] GC(67) Desired survivor size 4358144 bytes, new threshold 3 (max threshold 6)
[2020-09-11T14:24:31.334+0000][1][gc,age       ] GC(67) Age table with threshold 3 (max threshold 6)
[2020-09-11T14:24:31.334+0000][1][gc,age       ] GC(67) - age   1:    1913072 bytes,    1913072 total
[2020-09-11T14:24:31.334+0000][1][gc,age       ] GC(67) - age   2:     723016 bytes,    2636088 total
[2020-09-11T14:24:31.334+0000][1][gc,age       ] GC(67) - age   3:    1905824 bytes,    4541912 total
[2020-09-11T14:24:31.334+0000][1][gc,heap      ] GC(67) ParNew: 73963K->5125K(76672K)
[2020-09-11T14:24:31.334+0000][1][gc,heap      ] GC(67) CMS: 62899K->62899K(439104K)
[2020-09-11T14:24:31.334+0000][1][gc,metaspace ] GC(67) Metaspace: 80332K->80332K(1124352K)
[2020-09-11T14:24:31.334+0000][1][gc           ] GC(67) Pause Young (Allocation Failure) 133M->66M(503M) 48.451ms
[2020-09-11T14:24:31.334+0000][1][gc,cpu       ] GC(67) User=0.02s Sys=0.00s Real=0.04s
[2020-09-11T14:24:31.340+0000][1][safepoint    ] Safepoint "GenCollectForAllocation", Time since last: 526706949 ns, Reaching safepoint: 633509 ns, At safepoint: 54109494 ns, Total: 54743003 ns
[2020-09-11T14:24:31.505+0000][1][safepoint    ] Safepoint "RevokeBias", Time since last: 165061100 ns, Reaching safepoint: 59302 ns, At safepoint: 8218 ns, Total: 67520 ns
[2020-09-11T14:24:31.505+0000][1][safepoint    ] Safepoint "RevokeBias", Time since last: 112026 ns, Reaching safepoint: 20984 ns, At safepoint: 5009 ns, Total: 25993 ns
[2020-09-11T14:24:32.507+0000][1][safepoint    ] Safepoint "Cleanup", Time since last: 1000271096 ns, Reaching safepoint: 1787825 ns, At safepoint: 8175 ns, Total: 1796000 ns
[2020-09-11T14:24:32.887+0000][1][safepoint    ] Safepoint "RevokeBias", Time since last: 379253541 ns, Reaching safepoint: 130109 ns, At safepoint: 16929 ns, Total: 147038 ns
[2020-09-11T14:24:32.889+0000][1][safepoint    ] Safepoint "RevokeBias", Time since last: 1466798 ns, Reaching safepoint: 888401 ns, At safepoint: 19252 ns, Total: 907653 ns
[2020-09-11T14:24:32.953+0000][1][safepoint    ] Safepoint "RevokeBias", Time since last: 63534022 ns, Reaching safepoint: 128122 ns, At safepoint: 21025 ns, Total: 149147 ns
[2020-09-11T14:24:32.976+0000][1][safepoint    ] Safepoint "RevokeBias", Time since last: 22675240 ns, Reaching safepoint: 128968 ns, At safepoint: 18680 ns, Total: 147648 ns
[2020-09-11T14:24:32.986+0000][1][safepoint    ] Safepoint "RevokeBias", Time since last: 10438094 ns, Reaching safepoint: 131039 ns, At safepoint: 20266 ns, Total: 151305 ns
[2020-09-11T14:24:33.008+0000][1][safepoint    ] Safepoint "RevokeBias", Time since last: 21312743 ns, Reaching safepoint: 132520 ns, At safepoint: 19614 ns, Total: 152134 ns
[2020-09-11T14:24:33.030+0000][1][safepoint    ] Safepoint "RevokeBias", Time since last: 22486339 ns, Reaching safepoint: 123358 ns, At safepoint: 20160 ns, Total: 143518 ns
[2020-09-11T14:24:33.041+0000][1][safepoint    ] Safepoint "RevokeBias", Time since last: 6078743 ns, Reaching safepoint: 4040138 ns, At safepoint: 27128 ns, Total: 4067266 ns
[2020-09-11T14:24:33.191+0000][1][safepoint    ] Safepoint "RevokeBias", Time since last: 149864885 ns, Reaching safepoint: 135175 ns, At safepoint: 8445 ns, Total: 143620 ns
[2020-09-11T14:24:33.200+0000][1][safepoint    ] Safepoint "RevokeBias", Time since last: 8872225 ns, Reaching safepoint: 133140 ns, At safepoint: 9183 ns, Total: 142323 ns
[2020-09-11T14:24:33.384+0000][1][safepoint    ] Safepoint "RevokeBias", Time since last: 184022956 ns, Reaching safepoint: 149351 ns, At safepoint: 48969 ns, Total: 198320 ns
[2020-09-11T14:24:33.385+0000][1][safepoint    ] Safepoint "RevokeBias", Time since last: 1396667 ns, Reaching safepoint: 122188 ns, At safepoint: 31034 ns, Total: 153222 ns
[2020-09-11T14:24:33.386+0000][1][safepoint    ] Safepoint "RevokeBias", Time since last: 171064 ns, Reaching safepoint: 116231 ns, At safepoint: 26702 ns, Total: 142933 ns
[2020-09-11T14:24:33.652+0000][1][safepoint    ] Safepoint "RevokeBias", Time since last: 265746976 ns, Reaching safepoint: 136901 ns, At safepoint: 22491 ns, Total: 159392 ns
[2020-09-11T14:24:33.672+0000][1][safepoint    ] Safepoint "RevokeBias", Time since last: 19838119 ns, Reaching safepoint: 210331 ns, At safepoint: 22129 ns, Total: 232460 ns
[2020-09-11T14:24:33.703+0000][1][safepoint    ] Safepoint "RevokeBias", Time since last: 30916973 ns, Reaching safepoint: 197264 ns, At safepoint: 36640 ns, Total: 233904 ns
[2020-09-11T14:24:33.731+0000][1][safepoint    ] Safepoint "RevokeBias", Time since last: 17954761 ns, Reaching safepoint: 9971144 ns, At safepoint: 29222 ns, Total: 10000366 ns
[2020-09-11T14:24:33.736+0000][1][safepoint    ] Safepoint "RevokeBias", Time since last: 5492933 ns, Reaching safepoint: 139723 ns, At safepoint: 21879 ns, Total: 161602 ns
[2020-09-11T14:24:33.756+0000][1][safepoint    ] Safepoint "RevokeBias", Time since last: 18947829 ns, Reaching safepoint: 400431 ns, At safepoint: 13140 ns, Total: 413571 ns
[2020-09-11T14:24:33.756+0000][1][safepoint    ] Safepoint "RevokeBias", Time since last: 433037 ns, Reaching safepoint: 122551 ns, At safepoint: 20582 ns, Total: 143133 ns
[2020-09-11T14:24:33.757+0000][1][safepoint    ] Safepoint "RevokeBias", Time since last: 43668 ns, Reaching safepoint: 111127 ns, At safepoint: 15365 ns, Total: 126492 ns
[2020-09-11T14:24:33.780+0000][1][safepoint    ] Safepoint "RevokeBias", Time since last: 23204802 ns, Reaching safepoint: 130767 ns, At safepoint: 40127 ns, Total: 170894 ns
[2020-09-11T14:24:33.814+0000][1][safepoint    ] Safepoint "RevokeBias", Time since last: 34062463 ns, Reaching safepoint: 138940 ns, At safepoint: 19600 ns, Total: 158540 ns
[2020-09-11T14:24:33.820+0000][1][safepoint    ] Safepoint "RevokeBias", Time since last: 5891249 ns, Reaching safepoint: 215689 ns, At safepoint: 55708 ns, Total: 271397 ns
[2020-09-11T14:24:33.851+0000][1][safepoint    ] Safepoint "RevokeBias", Time since last: 29300961 ns, Reaching safepoint: 880127 ns, At safepoint: 122974 ns, Total: 1003101 ns
[2020-09-11T14:24:33.851+0000][1][safepoint    ] Safepoint "RevokeBias", Time since last: 566735 ns, Reaching safepoint: 128260 ns, At safepoint: 36587 ns, Total: 164847 ns
[2020-09-11T14:24:33.864+0000][1][safepoint    ] Safepoint "RevokeBias", Time since last: 11922205 ns, Reaching safepoint: 226968 ns, At safepoint: 51369 ns, Total: 278337 ns
[2020-09-11T14:24:33.864+0000][1][safepoint    ] Safepoint "RevokeBias", Time since last: 596988 ns, Reaching safepoint: 126088 ns, At safepoint: 9876 ns, Total: 135964 ns
[2020-09-11T14:24:33.877+0000][1][safepoint    ] Safepoint "RevokeBias", Time since last: 12396511 ns, Reaching safepoint: 124065 ns, At safepoint: 43736 ns, Total: 167801 ns
[2020-09-11T14:24:33.896+0000][1][safepoint    ] Safepoint "RevokeBias", Time since last: 19500993 ns, Reaching safepoint: 126502 ns, At safepoint: 24787 ns, Total: 151289 ns
[2020-09-11T14:24:33.901+0000][1][safepoint    ] Safepoint "RevokeBias", Time since last: 4187239 ns, Reaching safepoint: 126069 ns, At safepoint: 19934 ns, Total: 146003 ns
[2020-09-11T14:24:33.901+0000][1][safepoint    ] Safepoint "RevokeBias", Time since last: 101021 ns, Reaching safepoint: 105321 ns, At safepoint: 14241 ns, Total: 119562 ns
[2020-09-11T14:24:33.912+0000][1][safepoint    ] Safepoint "RevokeBias", Time since last: 10402878 ns, Reaching safepoint: 132359 ns, At safepoint: 22068 ns, Total: 154427 ns
[2020-09-11T14:24:33.936+0000][1][safepoint    ] Safepoint "RevokeBias", Time since last: 24733313 ns, Reaching safepoint: 64956 ns, At safepoint: 63894 ns, Total: 128850 ns
[2020-09-11T14:24:33.937+0000][1][safepoint    ] Safepoint "RevokeBias", Time since last: 55721 ns, Reaching safepoint: 26447 ns, At safepoint: 41168 ns, Total: 67615 ns
[2020-09-11T14:24:33.939+0000][1][safepoint    ] Safepoint "RevokeBias", Time since last: 2655194 ns, Reaching safepoint: 52881 ns, At safepoint: 17621 ns, Total: 70502 ns
[2020-09-11T14:24:33.939+0000][1][safepoint    ] Safepoint "RevokeBias", Time since last: 119930 ns, Reaching safepoint: 33419 ns, At safepoint: 12493 ns, Total: 45912 ns
[2020-09-11T14:24:33.961+0000][1][safepoint    ] Safepoint "RevokeBias", Time since last: 20853363 ns, Reaching safepoint: 202441 ns, At safepoint: 76470 ns, Total: 278911 ns
[2020-09-11T14:24:33.970+0000][1][safepoint    ] Safepoint "RevokeBias", Time since last: 9169279 ns, Reaching safepoint: 139204 ns, At safepoint: 79234 ns, Total: 218438 ns
[2020-09-11T14:24:33.993+0000][1][safepoint    ] Safepoint "RevokeBias", Time since last: 23078863 ns, Reaching safepoint: 130324 ns, At safepoint: 20003 ns, Total: 150327 ns
[2020-09-11T14:24:34.074+0000][1][safepoint    ] Safepoint "RevokeBias", Time since last: 80193925 ns, Reaching safepoint: 133965 ns, At safepoint: 18971 ns, Total: 152936 ns
[2020-09-11T14:24:34.077+0000][1][safepoint    ] Safepoint "RevokeBias", Time since last: 90719 ns, Reaching safepoint: 2884269 ns, At safepoint: 22756 ns, Total: 2907025 ns
[2020-09-11T14:24:34.089+0000][1][safepoint    ] Safepoint "RevokeBias", Time since last: 12422038 ns, Reaching safepoint: 126378 ns, At safepoint: 18307 ns, Total: 144685 ns
[2020-09-11T14:24:34.157+0000][1][safepoint    ] Safepoint "RevokeBias", Time since last: 68061128 ns, Reaching safepoint: 57465 ns, At safepoint: 18471 ns, Total: 75936 ns
[2020-09-11T14:24:34.204+0000][1][safepoint    ] Safepoint "RevokeBias", Time since last: 46985620 ns, Reaching safepoint: 119724 ns, At safepoint: 19298 ns, Total: 139022 ns
[2020-09-11T14:24:34.276+0000][1][safepoint    ] Safepoint "RevokeBias", Time since last: 71057525 ns, Reaching safepoint: 128586 ns, At safepoint: 16784 ns, Total: 145370 ns
[2020-09-11T14:24:34.297+0000][1][safepoint    ] Safepoint "RevokeBias", Time since last: 21677221 ns, Reaching safepoint: 72130 ns, At safepoint: 23117 ns, Total: 95247 ns
[2020-09-11T14:24:34.299+0000][1][safepoint    ] Safepoint "RevokeBias", Time since last: 1582293 ns, Reaching safepoint: 130970 ns, At safepoint: 39985 ns, Total: 170955 ns
[2020-09-11T14:24:34.312+0000][1][safepoint    ] Safepoint "RevokeBias", Time since last: 12988108 ns, Reaching safepoint: 130674 ns, At safepoint: 40490 ns, Total: 171164 ns
[2020-09-11T14:24:34.369+0000][1][safepoint    ] Safepoint "RevokeBias", Time since last: 57016539 ns, Reaching safepoint: 127497 ns, At safepoint: 13718 ns, Total: 141215 ns
[2020-09-11T14:24:34.457+0000][1][safepoint    ] Safepoint "RevokeBias", Time since last: 86595348 ns, Reaching safepoint: 1080729 ns, At safepoint: 44955 ns, Total: 1125684 ns
[2020-09-11T14:24:34.464+0000][1][safepoint    ] Safepoint "RevokeBias", Time since last: 6410562 ns, Reaching safepoint: 139874 ns, At safepoint: 22946 ns, Total: 162820 ns
[2020-09-11T14:24:34.510+0000][1][safepoint    ] Safepoint "RevokeBias", Time since last: 46159320 ns, Reaching safepoint: 144697 ns, At safepoint: 21759 ns, Total: 166456 ns
[2020-09-11T14:24:34.517+0000][1][safepoint    ] Safepoint "RevokeBias", Time since last: 6415298 ns, Reaching safepoint: 253864 ns, At safepoint: 20526 ns, Total: 274390 ns
[2020-09-11T14:24:34.539+0000][1][safepoint    ] Safepoint "RevokeBias", Time since last: 19711111 ns, Reaching safepoint: 130925 ns, At safepoint: 2101407 ns, Total: 2232332 ns
[2020-09-11T14:24:34.566+0000][1][safepoint    ] Safepoint "RevokeBias", Time since last: 27203618 ns, Reaching safepoint: 164354 ns, At safepoint: 22974 ns, Total: 187328 ns
[2020-09-11T14:24:34.584+0000][1][safepoint    ] Safepoint "RevokeBias", Time since last: 17371801 ns, Reaching safepoint: 127690 ns, At safepoint: 25376 ns, Total: 153066 ns
[2020-09-11T14:24:34.642+0000][1][safepoint    ] Safepoint "RevokeBias", Time since last: 58167479 ns, Reaching safepoint: 586462 ns, At safepoint: 20695 ns, Total: 607157 ns
[2020-09-11T14:24:34.672+0000][1][safepoint    ] Safepoint "BulkRevokeBias", Time since last: 27998021 ns, Reaching safepoint: 1104224 ns, At safepoint: 223581 ns, Total: 1327805 ns
[2020-09-11T14:24:34.679+0000][1][safepoint    ] Safepoint "RevokeBias", Time since last: 6993205 ns, Reaching safepoint: 209553 ns, At safepoint: 25480 ns, Total: 235033 ns
[2020-09-11T14:24:34.754+0000][1][safepoint    ] Safepoint "RevokeBias", Time since last: 74710529 ns, Reaching safepoint: 58246 ns, At safepoint: 15378 ns, Total: 73624 ns
[2020-09-11T14:24:34.754+0000][1][safepoint    ] Safepoint "RevokeBias", Time since last: 151879 ns, Reaching safepoint: 23511 ns, At safepoint: 11948 ns, Total: 35459 ns
[2020-09-11T14:24:34.754+0000][1][safepoint    ] Safepoint "RevokeBias", Time since last: 49913 ns, Reaching safepoint: 20838 ns, At safepoint: 9783 ns, Total: 30621 ns
[2020-09-11T14:24:34.754+0000][1][safepoint    ] Safepoint "RevokeBias", Time since last: 58337 ns, Reaching safepoint: 20078 ns, At safepoint: 9347 ns, Total: 29425 ns
[2020-09-11T14:24:34.754+0000][1][safepoint    ] Safepoint "RevokeBias", Time since last: 43486 ns, Reaching safepoint: 19368 ns, At safepoint: 9004 ns, Total: 28372 ns
[2020-09-11T14:24:34.823+0000][1][safepoint    ] Safepoint "RevokeBias", Time since last: 68426830 ns, Reaching safepoint: 181353 ns, At safepoint: 23236 ns, Total: 204589 ns
[2020-09-11T14:24:34.824+0000][1][safepoint    ] Safepoint "RevokeBias", Time since last: 830205 ns, Reaching safepoint: 107848 ns, At safepoint: 16830 ns, Total: 124678 ns
[2020-09-11T14:24:34.841+0000][1][safepoint    ] Safepoint "RevokeBias", Time since last: 16762052 ns, Reaching safepoint: 233189 ns, At safepoint: 23899 ns, Total: 257088 ns
[2020-09-11T14:24:34.852+0000][1][safepoint    ] Safepoint "RevokeBias", Time since last: 11185924 ns, Reaching safepoint: 50793 ns, At safepoint: 31393 ns, Total: 82186 ns
[2020-09-11T14:24:34.852+0000][1][safepoint    ] Safepoint "RevokeBias", Time since last: 225881 ns, Reaching safepoint: 25677 ns, At safepoint: 11630 ns, Total: 37307 ns
[2020-09-11T14:24:34.852+0000][1][safepoint    ] Safepoint "RevokeBias", Time since last: 49874 ns, Reaching safepoint: 22168 ns, At safepoint: 10400 ns, Total: 32568 ns
[2020-09-11T14:24:34.855+0000][1][safepoint    ] Safepoint "RevokeBias", Time since last: 3061282 ns, Reaching safepoint: 52006 ns, At safepoint: 16969 ns, Total: 68975 ns
[2020-09-11T14:24:34.911+0000][1][safepoint    ] Safepoint "RevokeBias", Time since last: 55487272 ns, Reaching safepoint: 58281 ns, At safepoint: 17896 ns, Total: 76177 ns
[2020-09-11T14:24:34.911+0000][1][safepoint    ] Safepoint "RevokeBias", Time since last: 153585 ns, Reaching safepoint: 24182 ns, At safepoint: 12471 ns, Total: 36653 ns
[2020-09-11T14:24:35.045+0000][1][safepoint    ] Safepoint "RevokeBias", Time since last: 133848529 ns, Reaching safepoint: 153063 ns, At safepoint: 24800 ns, Total: 177863 ns
[2020-09-11T14:24:35.193+0000][1][safepoint    ] Safepoint "RevokeBias", Time since last: 147016218 ns, Reaching safepoint: 262267 ns, At safepoint: 22029 ns, Total: 284296 ns
[2020-09-11T14:24:35.759+0000][1][safepoint    ] Safepoint "RevokeBias", Time since last: 566528031 ns, Reaching safepoint: 177605 ns, At safepoint: 21214 ns, Total: 198819 ns
[2020-09-11T14:24:35.760+0000][1][safepoint    ] Safepoint "RevokeBias", Time since last: 80233 ns, Reaching safepoint: 141516 ns, At safepoint: 11444 ns, Total: 152960 ns
[2020-09-11T14:24:36.760+0000][1][safepoint    ] Safepoint "Cleanup", Time since last: 1000121539 ns, Reaching safepoint: 142785 ns, At safepoint: 16942 ns, Total: 159727 ns
[2020-09-11T14:24:37.760+0000][1][safepoint    ] Safepoint "Cleanup", Time since last: 1000185911 ns, Reaching safepoint: 152430 ns, At safepoint: 17029 ns, Total: 169459 ns
[2020-09-11T14:24:38.520+0000][1][gc,start     ] GC(68) Pause Young (Allocation Failure)
[2020-09-11T14:24:38.520+0000][1][gc,task      ] GC(68) Using 1 workers of 1 for evacuation
[2020-09-11T14:24:38.540+0000][1][gc,age       ] GC(68) Desired survivor size 4358144 bytes, new threshold 6 (max threshold 6)
[2020-09-11T14:24:38.540+0000][1][gc,age       ] GC(68) Age table with threshold 6 (max threshold 6)
[2020-09-11T14:24:38.540+0000][1][gc,age       ] GC(68) - age   1:    1214912 bytes,    1214912 total
[2020-09-11T14:24:38.540+0000][1][gc,age       ] GC(68) - age   2:    1787760 bytes,    3002672 total
[2020-09-11T14:24:38.540+0000][1][gc,age       ] GC(68) - age   3:     699520 bytes,    3702192 total
[2020-09-11T14:24:38.540+0000][1][gc,heap      ] GC(68) ParNew: 73285K->3967K(76672K)
[2020-09-11T14:24:38.540+0000][1][gc,heap      ] GC(68) CMS: 62899K->64803K(439104K)
[2020-09-11T14:24:38.540+0000][1][gc,metaspace ] GC(68) Metaspace: 81832K->81832K(1124352K)
[2020-09-11T14:24:38.540+0000][1][gc           ] GC(68) Pause Young (Allocation Failure) 132M->67M(503M) 19.964ms
[2020-09-11T14:24:38.540+0000][1][gc,cpu       ] GC(68) User=0.02s Sys=0.00s Real=0.02s
[2020-09-11T14:24:38.540+0000][1][safepoint    ] Safepoint "GenCollectForAllocation", Time since last: 759815535 ns, Reaching safepoint: 155847 ns, At safepoint: 20208418 ns, Total: 20364265 ns
[2020-09-11T14:24:39.546+0000][1][safepoint    ] Safepoint "Cleanup", Time since last: 1005795596 ns, Reaching safepoint: 122324 ns, At safepoint: 18252 ns, Total: 140576 ns
[2020-09-11T14:24:40.546+0000][1][safepoint    ] Safepoint "Cleanup", Time since last: 1000130378 ns, Reaching safepoint: 68883 ns, At safepoint: 6222 ns, Total: 75105 ns
[2020-09-11T14:24:41.547+0000][1][safepoint    ] Safepoint "Cleanup", Time since last: 1000171282 ns, Reaching safepoint: 127429 ns, At safepoint: 17784 ns, Total: 145213 ns
[2020-09-11T14:24:42.547+0000][1][safepoint    ] Safepoint "Cleanup", Time since last: 1000206158 ns, Reaching safepoint: 133336 ns, At safepoint: 16247 ns, Total: 149583 ns
[2020-09-11T14:24:43.548+0000][1][safepoint    ] Safepoint "Cleanup", Time since last: 1000158098 ns, Reaching safepoint: 326399 ns, At safepoint: 19415 ns, Total: 345814 ns
[2020-09-11T14:24:44.548+0000][1][safepoint    ] Safepoint "Cleanup", Time since last: 1000161293 ns, Reaching safepoint: 110550 ns, At safepoint: 5142 ns, Total: 115692 ns
[2020-09-11T14:24:45.548+0000][1][safepoint    ] Safepoint "Cleanup", Time since last: 1000157689 ns, Reaching safepoint: 131823 ns, At safepoint: 18195 ns, Total: 150018 ns
[2020-09-11T14:24:47.549+0000][1][safepoint    ] Safepoint "Cleanup", Time since last: 2000354706 ns, Reaching safepoint: 94012 ns, At safepoint: 6636 ns, Total: 100648 ns
[2020-09-11T14:24:48.549+0000][1][safepoint    ] Safepoint "Cleanup", Time since last: 1000123758 ns, Reaching safepoint: 127165 ns, At safepoint: 15429 ns, Total: 142594 ns
[2020-09-11T14:24:49.549+0000][1][safepoint    ] Safepoint "Cleanup", Time since last: 1000207709 ns, Reaching safepoint: 90300 ns, At safepoint: 6115 ns, Total: 96415 ns
[2020-09-11T14:24:50.550+0000][1][safepoint    ] Safepoint "Cleanup", Time since last: 1000178013 ns, Reaching safepoint: 131508 ns, At safepoint: 17477 ns, Total: 148985 ns
[2020-09-11T14:24:52.550+0000][1][safepoint    ] Safepoint "Cleanup", Time since last: 2000354748 ns, Reaching safepoint: 91389 ns, At safepoint: 6605 ns, Total: 97994 ns
[2020-09-11T14:24:53.550+0000][1][safepoint    ] Safepoint "Cleanup", Time since last: 1000166786 ns, Reaching safepoint: 92695 ns, At safepoint: 7600 ns, Total: 100295 ns
[2020-09-11T14:24:54.551+0000][1][safepoint    ] Safepoint "Cleanup", Time since last: 1000191427 ns, Reaching safepoint: 135083 ns, At safepoint: 15659 ns, Total: 150742 ns
[2020-09-11T14:24:55.551+0000][1][safepoint    ] Safepoint "Cleanup", Time since last: 1000201276 ns, Reaching safepoint: 121609 ns, At safepoint: 15983 ns, Total: 137592 ns
[2020-09-11T14:24:55.788+0000][1][safepoint    ] Safepoint "RevokeBias", Time since last: 236617469 ns, Reaching safepoint: 144632 ns, At safepoint: 23154 ns, Total: 167786 ns
[2020-09-11T14:24:55.804+0000][1][safepoint    ] Safepoint "RevokeBias", Time since last: 15992365 ns, Reaching safepoint: 133795 ns, At safepoint: 23482 ns, Total: 157277 ns
[2020-09-11T14:24:56.804+0000][1][safepoint    ] Safepoint "Cleanup", Time since last: 1000188897 ns, Reaching safepoint: 129093 ns, At safepoint: 16565 ns, Total: 145658 ns
[2020-09-11T14:24:57.046+0000][1][safepoint    ] Safepoint "RevokeBias", Time since last: 241000537 ns, Reaching safepoint: 192435 ns, At safepoint: 45868 ns, Total: 238303 ns
[2020-09-11T14:24:57.048+0000][1][safepoint    ] Safepoint "RevokeBias", Time since last: 2110228 ns, Reaching safepoint: 196344 ns, At safepoint: 39334 ns, Total: 235678 ns
[2020-09-11T14:24:57.293+0000][1][safepoint    ] Safepoint "RevokeBias", Time since last: 245104389 ns, Reaching safepoint: 152503 ns, At safepoint: 58106 ns, Total: 210609 ns
[2020-09-11T14:24:58.294+0000][1][safepoint    ] Safepoint "Cleanup", Time since last: 1000224238 ns, Reaching safepoint: 146660 ns, At safepoint: 19521 ns, Total: 166181 ns
[2020-09-11T14:24:59.294+0000][1][safepoint    ] Safepoint "Cleanup", Time since last: 1000221145 ns, Reaching safepoint: 146566 ns, At safepoint: 16969 ns, Total: 163535 ns
[2020-09-11T14:25:00.294+0000][1][safepoint    ] Safepoint "Cleanup", Time since last: 1000187110 ns, Reaching safepoint: 117329 ns, At safepoint: 6825 ns, Total: 124154 ns
[2020-09-11T14:25:01.295+0000][1][safepoint    ] Safepoint "Cleanup", Time since last: 1000187998 ns, Reaching safepoint: 105487 ns, At safepoint: 7759 ns, Total: 113246 ns
[2020-09-11T14:25:02.295+0000][1][safepoint    ] Safepoint "Cleanup", Time since last: 1000183867 ns, Reaching safepoint: 119507 ns, At safepoint: 7925 ns, Total: 127432 ns
[2020-09-11T14:25:03.164+0000][1][safepoint    ] Safepoint "RevokeBias", Time since last: 868624280 ns, Reaching safepoint: 176509 ns, At safepoint: 21297 ns, Total: 197806 ns
[2020-09-11T14:25:03.164+0000][1][safepoint    ] Safepoint "RevokeBias", Time since last: 130768 ns, Reaching safepoint: 142146 ns, At safepoint: 13260 ns, Total: 155406 ns
[2020-09-11T14:25:03.639+0000][1][safepoint    ] Safepoint "RevokeBias", Time since last: 475172735 ns, Reaching safepoint: 260317 ns, At safepoint: 44780 ns, Total: 305097 ns
[2020-09-11T14:25:03.640+0000][1][safepoint    ] Safepoint "RevokeBias", Time since last: 297612 ns, Reaching safepoint: 180184 ns, At safepoint: 33640 ns, Total: 213824 ns
[2020-09-11T14:25:04.640+0000][1][safepoint    ] Safepoint "Cleanup", Time since last: 1000154114 ns, Reaching safepoint: 142306 ns, At safepoint: 16314 ns, Total: 158620 ns
[2020-09-11T14:25:05.641+0000][1][safepoint    ] Safepoint "Cleanup", Time since last: 1000201660 ns, Reaching safepoint: 97666 ns, At safepoint: 6787 ns, Total: 104453 ns
[2020-09-11T14:25:06.641+0000][1][safepoint    ] Safepoint "Cleanup", Time since last: 1000170728 ns, Reaching safepoint: 96203 ns, At safepoint: 7049 ns, Total: 103252 ns
[2020-09-11T14:25:07.641+0000][1][safepoint    ] Safepoint "Cleanup", Time since last: 1000185370 ns, Reaching safepoint: 92855 ns, At safepoint: 6892 ns, Total: 99747 ns
[2020-09-11T14:25:08.641+0000][1][safepoint    ] Safepoint "Cleanup", Time since last: 1000185527 ns, Reaching safepoint: 89276 ns, At safepoint: 6849 ns, Total: 96125 ns
[2020-09-11T14:25:09.642+0000][1][safepoint    ] Safepoint "Cleanup", Time since last: 1000176256 ns, Reaching safepoint: 92428 ns, At safepoint: 7238 ns, Total: 99666 ns
[2020-09-11T14:25:10.642+0000][1][safepoint    ] Safepoint "Cleanup", Time since last: 1000137206 ns, Reaching safepoint: 123083 ns, At safepoint: 15251 ns, Total: 138334 ns
[2020-09-11T14:25:11.642+0000][1][safepoint    ] Safepoint "Cleanup", Time since last: 1000196192 ns, Reaching safepoint: 101397 ns, At safepoint: 6668 ns, Total: 108065 ns
[2020-09-11T14:25:12.643+0000][1][safepoint    ] Safepoint "Cleanup", Time since last: 1000166527 ns, Reaching safepoint: 122672 ns, At safepoint: 17363 ns, Total: 140035 ns
[2020-09-11T14:25:13.643+0000][1][safepoint    ] Safepoint "Cleanup", Time since last: 1000184906 ns, Reaching safepoint: 127738 ns, At safepoint: 6269 ns, Total: 134007 ns
[2020-09-11T14:25:14.643+0000][1][safepoint    ] Safepoint "Cleanup", Time since last: 1000171874 ns, Reaching safepoint: 99312 ns, At safepoint: 7300 ns, Total: 106612 ns
[2020-09-11T14:25:15.644+0000][1][safepoint    ] Safepoint "Cleanup", Time since last: 1000175232 ns, Reaching safepoint: 155126 ns, At safepoint: 15947 ns, Total: 171073 ns
[2020-09-11T14:25:16.644+0000][1][safepoint    ] Safepoint "Cleanup", Time since last: 1000217137 ns, Reaching safepoint: 122421 ns, At safepoint: 16548 ns, Total: 138969 ns
[2020-09-11T14:25:17.644+0000][1][safepoint    ] Safepoint "Cleanup", Time since last: 1000196403 ns, Reaching safepoint: 116811 ns, At safepoint: 16044 ns, Total: 132855 ns
[2020-09-11T14:25:18.645+0000][1][safepoint    ] Safepoint "Cleanup", Time since last: 1000202229 ns, Reaching safepoint: 101656 ns, At safepoint: 7274 ns, Total: 108930 ns
[2020-09-11T14:25:19.645+0000][1][safepoint    ] Safepoint "Cleanup", Time since last: 1000189089 ns, Reaching safepoint: 132755 ns, At safepoint: 16220 ns, Total: 148975 ns
[2020-09-11T14:25:20.645+0000][1][safepoint    ] Safepoint "Cleanup", Time since last: 1000204976 ns, Reaching safepoint: 122955 ns, At safepoint: 16288 ns, Total: 139243 ns
[2020-09-11T14:25:21.646+0000][1][safepoint    ] Safepoint "Cleanup", Time since last: 1000210725 ns, Reaching safepoint: 79687 ns, At safepoint: 6688 ns, Total: 86375 ns
[2020-09-11T14:25:22.646+0000][1][safepoint    ] Safepoint "Cleanup", Time since last: 1000143056 ns, Reaching safepoint: 123812 ns, At safepoint: 6483 ns, Total: 130295 ns
[2020-09-11T14:25:23.646+0000][1][safepoint    ] Safepoint "Cleanup", Time since last: 1000098511 ns, Reaching safepoint: 68488 ns, At safepoint: 6065 ns, Total: 74553 ns
[2020-09-11T14:25:24.646+0000][1][safepoint    ] Safepoint "Cleanup", Time since last: 1000177859 ns, Reaching safepoint: 99270 ns, At safepoint: 6213 ns, Total: 105483 ns
[2020-09-11T14:25:25.646+0000][1][safepoint    ] Safepoint "Cleanup", Time since last: 1000139930 ns, Reaching safepoint: 109245 ns, At safepoint: 6741 ns, Total: 115986 ns
[2020-09-11T14:25:25.888+0000][1][safepoint    ] Safepoint "RevokeBias", Time since last: 240593343 ns, Reaching safepoint: 413805 ns, At safepoint: 23587 ns, Total: 437392 ns
[2020-09-11T14:25:25.890+0000][1][safepoint    ] Safepoint "RevokeBias", Time since last: 185001 ns, Reaching safepoint: 1948269 ns, At safepoint: 23410 ns, Total: 1971679 ns
[2020-09-11T14:25:26.890+0000][1][safepoint    ] Safepoint "Cleanup", Time since last: 1000176612 ns, Reaching safepoint: 91692 ns, At safepoint: 6666 ns, Total: 98358 ns
[2020-09-11T14:25:27.890+0000][1][safepoint    ] Safepoint "Cleanup", Time since last: 1000169096 ns, Reaching safepoint: 101305 ns, At safepoint: 7257 ns, Total: 108562 ns
[2020-09-11T14:25:28.891+0000][1][safepoint    ] Safepoint "Cleanup", Time since last: 1000180551 ns, Reaching safepoint: 139042 ns, At safepoint: 17918 ns, Total: 156960 ns
[2020-09-11T14:25:29.891+0000][1][safepoint    ] Safepoint "Cleanup", Time since last: 1000220789 ns, Reaching safepoint: 98268 ns, At safepoint: 7219 ns, Total: 105487 ns
[2020-09-11T14:25:30.891+0000][1][safepoint    ] Safepoint "Cleanup", Time since last: 1000186785 ns, Reaching safepoint: 133600 ns, At safepoint: 17256 ns, Total: 150856 ns
[2020-09-11T14:25:32.893+0000][1][safepoint    ] Safepoint "Cleanup", Time since last: 2001346129 ns, Reaching safepoint: 154574 ns, At safepoint: 17467 ns, Total: 172041 ns
[2020-09-11T14:25:33.893+0000][1][safepoint    ] Safepoint "Cleanup", Time since last: 1000211001 ns, Reaching safepoint: 193420 ns, At safepoint: 17724 ns, Total: 211144 ns
[2020-09-11T14:25:34.893+0000][1][safepoint    ] Safepoint "Cleanup", Time since last: 1000220258 ns, Reaching safepoint: 98156 ns, At safepoint: 7559 ns, Total: 105715 ns
[2020-09-11T14:25:35.894+0000][1][safepoint    ] Safepoint "Cleanup", Time since last: 1000187763 ns, Reaching safepoint: 113182 ns, At safepoint: 7188 ns, Total: 120370 ns
[2020-09-11T14:25:36.913+0000][1][safepoint    ] Safepoint "Cleanup", Time since last: 1018620598 ns, Reaching safepoint: 140722 ns, At safepoint: 16862 ns, Total: 157584 ns
[2020-09-11T14:25:40.739+0000][1][gc,start     ] GC(69) Pause Young (Allocation Failure)
[2020-09-11T14:25:40.740+0000][1][gc,task      ] GC(69) Using 1 workers of 1 for evacuation
[2020-09-11T14:25:40.775+0000][1][gc,age       ] GC(69) Desired survivor size 4358144 bytes, new threshold 6 (max threshold 6)
[2020-09-11T14:25:40.775+0000][1][gc,age       ] GC(69) Age table with threshold 6 (max threshold 6)
[2020-09-11T14:25:40.775+0000][1][gc,age       ] GC(69) - age   1:     117512 bytes,     117512 total
[2020-09-11T14:25:40.775+0000][1][gc,age       ] GC(69) - age   2:    1178216 bytes,    1295728 total
[2020-09-11T14:25:40.775+0000][1][gc,age       ] GC(69) - age   3:    1786016 bytes,    3081744 total
[2020-09-11T14:25:40.775+0000][1][gc,age       ] GC(69) - age   4:     695320 bytes,    3777064 total
[2020-09-11T14:25:40.775+0000][1][gc,heap      ] GC(69) ParNew: 72127K->3703K(76672K)
[2020-09-11T14:25:40.775+0000][1][gc,heap      ] GC(69) CMS: 64803K->64803K(439104K)
[2020-09-11T14:25:40.775+0000][1][gc,metaspace ] GC(69) Metaspace: 82310K->82310K(1124352K)
[2020-09-11T14:25:40.775+0000][1][gc           ] GC(69) Pause Young (Allocation Failure) 133M->66M(503M) 35.433ms
[2020-09-11T14:25:40.775+0000][1][gc,cpu       ] GC(69) User=0.01s Sys=0.00s Real=0.03s
[2020-09-11T14:25:40.787+0000][1][safepoint    ] Safepoint "GenCollectForAllocation", Time since last: 3826167273 ns, Reaching safepoint: 730178 ns, At safepoint: 47322637 ns, Total: 48052815 ns
[2020-09-11T14:25:41.788+0000][1][safepoint    ] Safepoint "Cleanup", Time since last: 1000389388 ns, Reaching safepoint: 160815 ns, At safepoint: 17658 ns, Total: 178473 ns
[2020-09-11T14:25:43.788+0000][1][safepoint    ] Safepoint "Cleanup", Time since last: 2000520643 ns, Reaching safepoint: 146851 ns, At safepoint: 17520 ns, Total: 164371 ns
[2020-09-11T14:25:45.789+0000][1][safepoint    ] Safepoint "Cleanup", Time since last: 2000365064 ns, Reaching safepoint: 132708 ns, At safepoint: 16448 ns, Total: 149156 ns
[2020-09-11T14:25:48.789+0000][1][safepoint    ] Safepoint "Cleanup", Time since last: 3000509425 ns, Reaching safepoint: 96082 ns, At safepoint: 6539 ns, Total: 102621 ns
[2020-09-11T14:25:51.272+0000][1][safepoint    ] Safepoint "RevokeBias", Time since last: 2483022001 ns, Reaching safepoint: 59346 ns, At safepoint: 19083 ns, Total: 78429 ns
[2020-09-11T14:25:51.287+0000][1][safepoint    ] Safepoint "RevokeBias", Time since last: 14831032 ns, Reaching safepoint: 79520 ns, At safepoint: 19852 ns, Total: 99372 ns
[2020-09-11T14:25:51.329+0000][1][safepoint    ] Safepoint "RevokeBias", Time since last: 40795687 ns, Reaching safepoint: 708741 ns, At safepoint: 21832 ns, Total: 730573 ns
[2020-09-11T14:25:51.590+0000][1][safepoint    ] Safepoint "RevokeBias", Time since last: 261441806 ns, Reaching safepoint: 137500 ns, At safepoint: 19059 ns, Total: 156559 ns
[2020-09-11T14:25:51.591+0000][1][safepoint    ] Safepoint "RevokeBias", Time since last: 98064 ns, Reaching safepoint: 94245 ns, At safepoint: 11993 ns, Total: 106238 ns
[2020-09-11T14:25:51.602+0000][1][safepoint    ] Safepoint "RevokeBias", Time since last: 9407266 ns, Reaching safepoint: 2277048 ns, At safepoint: 24361 ns, Total: 2301409 ns
[2020-09-11T14:25:51.603+0000][1][safepoint    ] Safepoint "RevokeBias", Time since last: 237108 ns, Reaching safepoint: 959635 ns, At safepoint: 18347 ns, Total: 977982 ns
[2020-09-11T14:25:51.604+0000][1][safepoint    ] Safepoint "RevokeBias", Time since last: 48038 ns, Reaching safepoint: 96955 ns, At safepoint: 13534 ns, Total: 110489 ns
[2020-09-11T14:25:51.688+0000][1][safepoint    ] Safepoint "RevokeBias", Time since last: 84487238 ns, Reaching safepoint: 145272 ns, At safepoint: 25132 ns, Total: 170404 ns
[2020-09-11T14:25:51.720+0000][1][safepoint    ] Safepoint "RevokeBias", Time since last: 32037629 ns, Reaching safepoint: 146930 ns, At safepoint: 23471 ns, Total: 170401 ns
[2020-09-11T14:25:51.776+0000][1][safepoint    ] Safepoint "RevokeBias", Time since last: 55591017 ns, Reaching safepoint: 289462 ns, At safepoint: 26849 ns, Total: 316311 ns
[2020-09-11T14:25:51.777+0000][1][safepoint    ] Safepoint "RevokeBias", Time since last: 77607 ns, Reaching safepoint: 116661 ns, At safepoint: 17024 ns, Total: 133685 ns
[2020-09-11T14:25:51.777+0000][1][safepoint    ] Safepoint "RevokeBias", Time since last: 219390 ns, Reaching safepoint: 115037 ns, At safepoint: 16905 ns, Total: 131942 ns
[2020-09-11T14:25:51.777+0000][1][safepoint    ] Safepoint "RevokeBias", Time since last: 56794 ns, Reaching safepoint: 114616 ns, At safepoint: 14712 ns, Total: 129328 ns
[2020-09-11T14:25:51.794+0000][1][safepoint    ] Safepoint "RevokeBias", Time since last: 15038352 ns, Reaching safepoint: 1758913 ns, At safepoint: 50774 ns, Total: 1809687 ns
[2020-09-11T14:25:51.794+0000][1][safepoint    ] Safepoint "RevokeBias", Time since last: 68708 ns, Reaching safepoint: 135427 ns, At safepoint: 30199 ns, Total: 165626 ns
[2020-09-11T14:25:51.800+0000][1][safepoint    ] Safepoint "RevokeBias", Time since last: 3626767 ns, Reaching safepoint: 1618130 ns, At safepoint: 28232 ns, Total: 1646362 ns
[2020-09-11T14:25:51.831+0000][1][safepoint    ] Safepoint "RevokeBias", Time since last: 29893869 ns, Reaching safepoint: 1208471 ns, At safepoint: 26545 ns, Total: 1235016 ns
[2020-09-11T14:25:51.852+0000][1][safepoint    ] Safepoint "RevokeBias", Time since last: 21382541 ns, Reaching safepoint: 144967 ns, At safepoint: 18541 ns, Total: 163508 ns
[2020-09-11T14:25:51.858+0000][1][safepoint    ] Safepoint "RevokeBias", Time since last: 5231413 ns, Reaching safepoint: 170748 ns, At safepoint: 19805 ns, Total: 190553 ns
[2020-09-11T14:25:51.905+0000][1][safepoint    ] Safepoint "RevokeBias", Time since last: 45844284 ns, Reaching safepoint: 1530356 ns, At safepoint: 24523 ns, Total: 1554879 ns
[2020-09-11T14:25:51.939+0000][1][safepoint    ] Safepoint "RevokeBias", Time since last: 33931752 ns, Reaching safepoint: 144347 ns, At safepoint: 20630 ns, Total: 164977 ns
[2020-09-11T14:25:51.944+0000][1][safepoint    ] Safepoint "RevokeBias", Time since last: 4395331 ns, Reaching safepoint: 136910 ns, At safepoint: 21669 ns, Total: 158579 ns
[2020-09-11T14:25:51.944+0000][1][safepoint    ] Safepoint "RevokeBias", Time since last: 216759 ns, Reaching safepoint: 104317 ns, At safepoint: 13285 ns, Total: 117602 ns
[2020-09-11T14:25:51.944+0000][1][safepoint    ] Safepoint "RevokeBias", Time since last: 47418 ns, Reaching safepoint: 98422 ns, At safepoint: 21950 ns, Total: 120372 ns
[2020-09-11T14:25:51.944+0000][1][safepoint    ] Safepoint "RevokeBias", Time since last: 88480 ns, Reaching safepoint: 100651 ns, At safepoint: 11814 ns, Total: 112465 ns
[2020-09-11T14:25:51.952+0000][1][safepoint    ] Safepoint "RevokeBias", Time since last: 3092092 ns, Reaching safepoint: 4038813 ns, At safepoint: 26475 ns, Total: 4065288 ns
[2020-09-11T14:25:51.952+0000][1][safepoint    ] Safepoint "RevokeBias", Time since last: 169839 ns, Reaching safepoint: 100633 ns, At safepoint: 38747 ns, Total: 139380 ns
[2020-09-11T14:25:52.001+0000][1][safepoint    ] Safepoint "RevokeBias", Time since last: 48765611 ns, Reaching safepoint: 61317 ns, At safepoint: 16085 ns, Total: 77402 ns
[2020-09-11T14:25:52.001+0000][1][safepoint    ] Safepoint "RevokeBias", Time since last: 327945 ns, Reaching safepoint: 26993 ns, At safepoint: 11586 ns, Total: 38579 ns
[2020-09-11T14:25:52.011+0000][1][safepoint    ] Safepoint "RevokeBias", Time since last: 9564004 ns, Reaching safepoint: 63076 ns, At safepoint: 15540 ns, Total: 78616 ns
[2020-09-11T14:25:52.011+0000][1][safepoint    ] Safepoint "RevokeBias", Time since last: 60440 ns, Reaching safepoint: 25243 ns, At safepoint: 9504 ns, Total: 34747 ns
[2020-09-11T14:25:52.011+0000][1][safepoint    ] Safepoint "BulkRevokeBias", Time since last: 45645 ns, Reaching safepoint: 22949 ns, At safepoint: 140245 ns, Total: 163194 ns
[2020-09-11T14:25:52.064+0000][1][safepoint    ] Safepoint "RevokeBias", Time since last: 52912531 ns, Reaching safepoint: 78107 ns, At safepoint: 20373 ns, Total: 98480 ns
[2020-09-11T14:25:52.064+0000][1][safepoint    ] Safepoint "RevokeBias", Time since last: 294620 ns, Reaching safepoint: 24551 ns, At safepoint: 12010 ns, Total: 36561 ns
[2020-09-11T14:25:52.098+0000][1][safepoint    ] Safepoint "RevokeBias", Time since last: 33552926 ns, Reaching safepoint: 59990 ns, At safepoint: 19584 ns, Total: 79574 ns
[2020-09-11T14:25:52.197+0000][1][safepoint    ] Safepoint "RevokeBias", Time since last: 99393281 ns, Reaching safepoint: 67274 ns, At safepoint: 21310 ns, Total: 88584 ns
[2020-09-11T14:25:52.198+0000][1][safepoint    ] Safepoint "RevokeBias", Time since last: 86890 ns, Reaching safepoint: 40397 ns, At safepoint: 14916 ns, Total: 55313 ns
[2020-09-11T14:25:52.217+0000][1][safepoint    ] Safepoint "RevokeBias", Time since last: 19684097 ns, Reaching safepoint: 59043 ns, At safepoint: 19315 ns, Total: 78358 ns
[2020-09-11T14:25:52.279+0000][1][safepoint    ] Safepoint "RevokeBias", Time since last: 61052142 ns, Reaching safepoint: 138907 ns, At safepoint: 20619 ns, Total: 159526 ns
[2020-09-11T14:25:52.285+0000][1][safepoint    ] Safepoint "RevokeBias", Time since last: 6309068 ns, Reaching safepoint: 57636 ns, At safepoint: 18987 ns, Total: 76623 ns
[2020-09-11T14:25:52.285+0000][1][safepoint    ] Safepoint "RevokeBias", Time since last: 52665 ns, Reaching safepoint: 22028 ns, At safepoint: 9867 ns, Total: 31895 ns
[2020-09-11T14:25:52.311+0000][1][safepoint    ] Safepoint "RevokeBias", Time since last: 25808904 ns, Reaching safepoint: 635864 ns, At safepoint: 21801 ns, Total: 657665 ns
[2020-09-11T14:25:52.335+0000][1][safepoint    ] Safepoint "RevokeBias", Time since last: 23178595 ns, Reaching safepoint: 151660 ns, At safepoint: 16105 ns, Total: 167765 ns
[2020-09-11T14:25:52.422+0000][1][safepoint    ] Safepoint "RevokeBias", Time since last: 84439989 ns, Reaching safepoint: 2872192 ns, At safepoint: 26504 ns, Total: 2898696 ns
[2020-09-11T14:25:52.436+0000][1][safepoint    ] Safepoint "RevokeBias", Time since last: 13545587 ns, Reaching safepoint: 139738 ns, At safepoint: 21352 ns, Total: 161090 ns
[2020-09-11T14:25:52.441+0000][1][safepoint    ] Safepoint "RevokeBias", Time since last: 5013569 ns, Reaching safepoint: 139042 ns, At safepoint: 23082 ns, Total: 162124 ns
[2020-09-11T14:25:52.441+0000][1][safepoint    ] Safepoint "RevokeBias", Time since last: 235715 ns, Reaching safepoint: 127057 ns, At safepoint: 16999 ns, Total: 144056 ns
[2020-09-11T14:25:52.442+0000][1][safepoint    ] Safepoint "RevokeBias", Time since last: 55099 ns, Reaching safepoint: 112298 ns, At safepoint: 14711 ns, Total: 127009 ns
[2020-09-11T14:25:52.442+0000][1][safepoint    ] Safepoint "RevokeBias", Time since last: 70959 ns, Reaching safepoint: 248290 ns, At safepoint: 15191 ns, Total: 263481 ns
[2020-09-11T14:25:52.445+0000][1][safepoint    ] Safepoint "RevokeBias", Time since last: 3020351 ns, Reaching safepoint: 132031 ns, At safepoint: 19352 ns, Total: 151383 ns
[2020-09-11T14:25:52.445+0000][1][safepoint    ] Safepoint "RevokeBias", Time since last: 130736 ns, Reaching safepoint: 117936 ns, At safepoint: 17304 ns, Total: 135240 ns
[2020-09-11T14:25:52.716+0000][1][safepoint    ] Safepoint "RevokeBias", Time since last: 270373772 ns, Reaching safepoint: 74583 ns, At safepoint: 21263 ns, Total: 95846 ns
[2020-09-11T14:25:52.738+0000][1][safepoint    ] Safepoint "RevokeBias", Time since last: 22532408 ns, Reaching safepoint: 62512 ns, At safepoint: 18647 ns, Total: 81159 ns
[2020-09-11T14:25:53.373+0000][1][safepoint    ] Safepoint "RevokeBias", Time since last: 634462801 ns, Reaching safepoint: 58629 ns, At safepoint: 19609 ns, Total: 78238 ns
[2020-09-11T14:25:53.536+0000][1][safepoint    ] Safepoint "RevokeBias", Time since last: 162902868 ns, Reaching safepoint: 250414 ns, At safepoint: 20277 ns, Total: 270691 ns
[2020-09-11T14:25:53.538+0000][1][safepoint    ] Safepoint "RevokeBias", Time since last: 62984 ns, Reaching safepoint: 1527497 ns, At safepoint: 23526 ns, Total: 1551023 ns
[2020-09-11T14:25:53.538+0000][1][safepoint    ] Safepoint "RevokeBias", Time since last: 65056 ns, Reaching safepoint: 111162 ns, At safepoint: 12561 ns, Total: 123723 ns
[2020-09-11T14:25:53.539+0000][1][safepoint    ] Safepoint "RevokeBias", Time since last: 556096 ns, Reaching safepoint: 102580 ns, At safepoint: 13473 ns, Total: 116053 ns
[2020-09-11T14:25:53.539+0000][1][safepoint    ] Safepoint "RevokeBias", Time since last: 80713 ns, Reaching safepoint: 99473 ns, At safepoint: 12946 ns, Total: 112419 ns
[2020-09-11T14:25:53.539+0000][1][safepoint    ] Safepoint "RevokeBias", Time since last: 33770 ns, Reaching safepoint: 98135 ns, At safepoint: 11655 ns, Total: 109790 ns
[2020-09-11T14:25:53.539+0000][1][safepoint    ] Safepoint "RevokeBias", Time since last: 112476 ns, Reaching safepoint: 98461 ns, At safepoint: 11970 ns, Total: 110431 ns
[2020-09-11T14:25:53.539+0000][1][safepoint    ] Safepoint "RevokeBias", Time since last: 57577 ns, Reaching safepoint: 96589 ns, At safepoint: 31900 ns, Total: 128489 ns
[2020-09-11T14:25:53.540+0000][1][safepoint    ] Safepoint "RevokeBias", Time since last: 44167 ns, Reaching safepoint: 580954 ns, At safepoint: 12232 ns, Total: 593186 ns
[2020-09-11T14:25:53.541+0000][1][safepoint    ] Safepoint "RevokeBias", Time since last: 264575 ns, Reaching safepoint: 331385 ns, At safepoint: 13855 ns, Total: 345240 ns
[2020-09-11T14:25:53.541+0000][1][safepoint    ] Safepoint "RevokeBias", Time since last: 275938 ns, Reaching safepoint: 100358 ns, At safepoint: 12861 ns, Total: 113219 ns
[2020-09-11T14:25:53.543+0000][1][safepoint    ] Safepoint "RevokeBias", Time since last: 74942 ns, Reaching safepoint: 1383190 ns, At safepoint: 18258 ns, Total: 1401448 ns
[2020-09-11T14:25:53.543+0000][1][safepoint    ] Safepoint "RevokeBias", Time since last: 140920 ns, Reaching safepoint: 773449 ns, At safepoint: 15039 ns, Total: 788488 ns
[2020-09-11T14:25:53.549+0000][1][safepoint    ] Safepoint "RevokeBias", Time since last: 3980059 ns, Reaching safepoint: 1714755 ns, At safepoint: 25417 ns, Total: 1740172 ns
[2020-09-11T14:25:53.596+0000][1][gc,start     ] GC(70) Pause Young (Allocation Failure)
[2020-09-11T14:25:53.596+0000][1][gc,task      ] GC(70) Using 1 workers of 1 for evacuation
[2020-09-11T14:25:53.621+0000][1][gc,age       ] GC(70) Desired survivor size 4358144 bytes, new threshold 6 (max threshold 6)
[2020-09-11T14:25:53.621+0000][1][gc,age       ] GC(70) Age table with threshold 6 (max threshold 6)
[2020-09-11T14:25:53.621+0000][1][gc,age       ] GC(70) - age   1:     499712 bytes,     499712 total
[2020-09-11T14:25:53.621+0000][1][gc,age       ] GC(70) - age   2:      52288 bytes,     552000 total
[2020-09-11T14:25:53.621+0000][1][gc,age       ] GC(70) - age   3:     724272 bytes,    1276272 total
[2020-09-11T14:25:53.621+0000][1][gc,age       ] GC(70) - age   4:    1780224 bytes,    3056496 total
[2020-09-11T14:25:53.621+0000][1][gc,age       ] GC(70) - age   5:     689120 bytes,    3745616 total
[2020-09-11T14:25:53.621+0000][1][gc,heap      ] GC(70) ParNew: 71863K->3692K(76672K)
[2020-09-11T14:25:53.621+0000][1][gc,heap      ] GC(70) CMS: 64803K->64803K(439104K)
[2020-09-11T14:25:53.621+0000][1][gc,metaspace ] GC(70) Metaspace: 82486K->82486K(1124352K)
[2020-09-11T14:25:53.621+0000][1][gc           ] GC(70) Pause Young (Allocation Failure) 133M->66M(503M) 25.624ms
[2020-09-11T14:25:53.621+0000][1][gc,cpu       ] GC(70) User=0.01s Sys=0.00s Real=0.02s
[2020-09-11T14:25:53.631+0000][1][safepoint    ] Safepoint "GenCollectForAllocation", Time since last: 44799345 ns, Reaching safepoint: 1558527 ns, At safepoint: 35335363 ns, Total: 36893890 ns
[2020-09-11T14:25:54.633+0000][1][safepoint    ] Safepoint "Cleanup", Time since last: 1001587274 ns, Reaching safepoint: 127327 ns, At safepoint: 6635 ns, Total: 133962 ns
[2020-09-11T14:25:55.633+0000][1][safepoint    ] Safepoint "Cleanup", Time since last: 1000157216 ns, Reaching safepoint: 95957 ns, At safepoint: 5564 ns, Total: 101521 ns
[2020-09-11T14:25:55.782+0000][1][safepoint    ] Safepoint "RevokeBias", Time since last: 148665751 ns, Reaching safepoint: 185343 ns, At safepoint: 21638 ns, Total: 206981 ns
[2020-09-11T14:25:55.782+0000][1][safepoint    ] Safepoint "RevokeBias", Time since last: 83078 ns, Reaching safepoint: 145028 ns, At safepoint: 11164 ns, Total: 156192 ns
[2020-09-11T14:25:56.488+0000][1][safepoint    ] Safepoint "RevokeBias", Time since last: 705653930 ns, Reaching safepoint: 150669 ns, At safepoint: 20360 ns, Total: 171029 ns
[2020-09-11T14:25:56.497+0000][1][safepoint    ] Safepoint "RevokeBias", Time since last: 8887402 ns, Reaching safepoint: 141805 ns, At safepoint: 21828 ns, Total: 163633 ns
[2020-09-11T14:25:56.499+0000][1][safepoint    ] Safepoint "RevokeBias", Time since last: 1921099 ns, Reaching safepoint: 132326 ns, At safepoint: 16401 ns, Total: 148727 ns
[2020-09-11T14:25:57.499+0000][1][safepoint    ] Safepoint "Cleanup", Time since last: 1000095920 ns, Reaching safepoint: 67690 ns, At safepoint: 5318 ns, Total: 73008 ns
[2020-09-11T14:25:58.499+0000][1][safepoint    ] Safepoint "Cleanup", Time since last: 1000123075 ns, Reaching safepoint: 132918 ns, At safepoint: 15128 ns, Total: 148046 ns
[2020-09-11T14:25:59.500+0000][1][safepoint    ] Safepoint "Cleanup", Time since last: 1000171032 ns, Reaching safepoint: 66903 ns, At safepoint: 6076 ns, Total: 72979 ns
[2020-09-11T14:26:00.500+0000][1][safepoint    ] Safepoint "Cleanup", Time since last: 1000190274 ns, Reaching safepoint: 94751 ns, At safepoint: 6550 ns, Total: 101301 ns
[2020-09-11T14:26:01.500+0000][1][safepoint    ] Safepoint "Cleanup", Time since last: 1000214383 ns, Reaching safepoint: 88978 ns, At safepoint: 6740 ns, Total: 95718 ns
[2020-09-11T14:26:02.505+0000][1][safepoint    ] Safepoint "Cleanup", Time since last: 1004310036 ns, Reaching safepoint: 71312 ns, At safepoint: 6958 ns, Total: 78270 ns
[2020-09-11T14:26:03.505+0000][1][safepoint    ] Safepoint "Cleanup", Time since last: 1000127366 ns, Reaching safepoint: 141575 ns, At safepoint: 17834 ns, Total: 159409 ns
[2020-09-11T14:26:04.505+0000][1][safepoint    ] Safepoint "Cleanup", Time since last: 1000206034 ns, Reaching safepoint: 138350 ns, At safepoint: 16418 ns, Total: 154768 ns
[2020-09-11T14:26:05.267+0000][1][safepoint    ] Safepoint "RevokeBias", Time since last: 761083926 ns, Reaching safepoint: 193856 ns, At safepoint: 9071 ns, Total: 202927 ns
[2020-09-11T14:26:05.303+0000][1][safepoint    ] Safepoint "Deoptimize", Time since last: 35761822 ns, Reaching safepoint: 145331 ns, At safepoint: 542877 ns, Total: 688208 ns
[2020-09-11T14:26:05.340+0000][1][safepoint    ] Safepoint "BulkRevokeBias", Time since last: 36480372 ns, Reaching safepoint: 152585 ns, At safepoint: 362913 ns, Total: 515498 ns
[2020-09-11T14:26:05.616+0000][1][safepoint    ] Safepoint "Deoptimize", Time since last: 275350982 ns, Reaching safepoint: 209931 ns, At safepoint: 595819 ns, Total: 805750 ns
[2020-09-11T14:26:05.629+0000][1][safepoint    ] Safepoint "Deoptimize", Time since last: 7311679 ns, Reaching safepoint: 4744396 ns, At safepoint: 637081 ns, Total: 5381477 ns
[2020-09-11T14:26:05.631+0000][1][safepoint    ] Safepoint "Deoptimize", Time since last: 1357129 ns, Reaching safepoint: 170634 ns, At safepoint: 574720 ns, Total: 745354 ns
[2020-09-11T14:26:05.635+0000][1][safepoint    ] Safepoint "Deoptimize", Time since last: 3431411 ns, Reaching safepoint: 175112 ns, At safepoint: 783827 ns, Total: 958939 ns
[2020-09-11T14:26:05.768+0000][1][safepoint    ] Safepoint "RevokeBias", Time since last: 132149716 ns, Reaching safepoint: 257327 ns, At safepoint: 46460 ns, Total: 303787 ns
[2020-09-11T14:26:05.768+0000][1][safepoint    ] Safepoint "RevokeBias", Time since last: 164046 ns, Reaching safepoint: 168614 ns, At safepoint: 30660 ns, Total: 199274 ns
[2020-09-11T14:26:06.768+0000][1][safepoint    ] Safepoint "Cleanup", Time since last: 1000189774 ns, Reaching safepoint: 112356 ns, At safepoint: 6947 ns, Total: 119303 ns
[2020-09-11T14:26:07.769+0000][1][safepoint    ] Safepoint "Cleanup", Time since last: 1000189804 ns, Reaching safepoint: 83316 ns, At safepoint: 6241 ns, Total: 89557 ns
[2020-09-11T14:26:08.769+0000][1][safepoint    ] Safepoint "Cleanup", Time since last: 1000164330 ns, Reaching safepoint: 124659 ns, At safepoint: 17120 ns, Total: 141779 ns
[2020-09-11T14:26:09.769+0000][1][safepoint    ] Safepoint "Cleanup", Time since last: 1000202702 ns, Reaching safepoint: 127486 ns, At safepoint: 16438 ns, Total: 143924 ns
[2020-09-11T14:26:10.770+0000][1][safepoint    ] Safepoint "Cleanup", Time since last: 1000211107 ns, Reaching safepoint: 124184 ns, At safepoint: 13999 ns, Total: 138183 ns
[2020-09-11T14:26:11.770+0000][1][safepoint    ] Safepoint "Cleanup", Time since last: 1000240977 ns, Reaching safepoint: 124342 ns, At safepoint: 16545 ns, Total: 140887 ns
[2020-09-11T14:26:12.770+0000][1][safepoint    ] Safepoint "Cleanup", Time since last: 1000219244 ns, Reaching safepoint: 93162 ns, At safepoint: 6210 ns, Total: 99372 ns
[2020-09-11T14:26:13.771+0000][1][safepoint    ] Safepoint "Cleanup", Time since last: 1000171044 ns, Reaching safepoint: 91622 ns, At safepoint: 6911 ns, Total: 98533 ns
[2020-09-11T14:26:14.771+0000][1][safepoint    ] Safepoint "Cleanup", Time since last: 1000198189 ns, Reaching safepoint: 119955 ns, At safepoint: 16738 ns, Total: 136693 ns
[2020-09-11T14:26:15.772+0000][1][safepoint    ] Safepoint "Cleanup", Time since last: 1001070025 ns, Reaching safepoint: 115679 ns, At safepoint: 17116 ns, Total: 132795 ns
[2020-09-11T14:26:16.773+0000][1][safepoint    ] Safepoint "Cleanup", Time since last: 1000216793 ns, Reaching safepoint: 125893 ns, At safepoint: 17092 ns, Total: 142985 ns
[2020-09-11T14:26:17.773+0000][1][safepoint    ] Safepoint "Cleanup", Time since last: 1000220111 ns, Reaching safepoint: 149603 ns, At safepoint: 18549 ns, Total: 168152 ns
[2020-09-11T14:26:18.773+0000][1][safepoint    ] Safepoint "Cleanup", Time since last: 1000215807 ns, Reaching safepoint: 93510 ns, At safepoint: 6575 ns, Total: 100085 ns
[2020-09-11T14:26:19.774+0000][1][safepoint    ] Safepoint "Cleanup", Time since last: 1000165167 ns, Reaching safepoint: 121565 ns, At safepoint: 16541 ns, Total: 138106 ns
[2020-09-11T14:26:20.775+0000][1][safepoint    ] Safepoint "Cleanup", Time since last: 1000861749 ns, Reaching safepoint: 74358 ns, At safepoint: 6658 ns, Total: 81016 ns
[2020-09-11T14:26:21.706+0000][1][safepoint    ] Safepoint "RevokeBias", Time since last: 931674332 ns, Reaching safepoint: 130523 ns, At safepoint: 53021 ns, Total: 183544 ns
[2020-09-11T14:26:21.744+0000][1][safepoint    ] Safepoint "RevokeBias", Time since last: 37464349 ns, Reaching safepoint: 131382 ns, At safepoint: 52066 ns, Total: 183448 ns
[2020-09-11T14:26:22.744+0000][1][safepoint    ] Safepoint "Cleanup", Time since last: 1000231980 ns, Reaching safepoint: 135233 ns, At safepoint: 16114 ns, Total: 151347 ns
[2020-09-11T14:26:23.745+0000][1][safepoint    ] Safepoint "Cleanup", Time since last: 1000184234 ns, Reaching safepoint: 107113 ns, At safepoint: 7359 ns, Total: 114472 ns
[2020-09-11T14:26:24.745+0000][1][safepoint    ] Safepoint "Cleanup", Time since last: 1000142253 ns, Reaching safepoint: 100759 ns, At safepoint: 9564 ns, Total: 110323 ns
[2020-09-11T14:26:25.745+0000][1][safepoint    ] Safepoint "Cleanup", Time since last: 1000204304 ns, Reaching safepoint: 92038 ns, At safepoint: 6634 ns, Total: 98672 ns
[2020-09-11T14:26:26.746+0000][1][safepoint    ] Safepoint "Cleanup", Time since last: 1000187667 ns, Reaching safepoint: 141441 ns, At safepoint: 16654 ns, Total: 158095 ns
[2020-09-11T14:26:27.746+0000][1][safepoint    ] Safepoint "Cleanup", Time since last: 1000200133 ns, Reaching safepoint: 106755 ns, At safepoint: 7922 ns, Total: 114677 ns
[2020-09-11T14:26:28.746+0000][1][safepoint    ] Safepoint "Cleanup", Time since last: 1000172375 ns, Reaching safepoint: 97704 ns, At safepoint: 6766 ns, Total: 104470 ns
[2020-09-11T14:26:29.746+0000][1][safepoint    ] Safepoint "Cleanup", Time since last: 1000159724 ns, Reaching safepoint: 107479 ns, At safepoint: 8492 ns, Total: 115971 ns
[2020-09-11T14:26:30.747+0000][1][safepoint    ] Safepoint "Cleanup", Time since last: 1000139598 ns, Reaching safepoint: 139550 ns, At safepoint: 18038 ns, Total: 157588 ns
[2020-09-11T14:26:31.748+0000][1][safepoint    ] Safepoint "Cleanup", Time since last: 1001018637 ns, Reaching safepoint: 143590 ns, At safepoint: 16631 ns, Total: 160221 ns
[2020-09-11T14:26:32.748+0000][1][safepoint    ] Safepoint "Cleanup", Time since last: 1000218470 ns, Reaching safepoint: 135822 ns, At safepoint: 16701 ns, Total: 152523 ns
[2020-09-11T14:26:33.750+0000][1][safepoint    ] Safepoint "Cleanup", Time since last: 1001636327 ns, Reaching safepoint: 135842 ns, At safepoint: 16865 ns, Total: 152707 ns
[2020-09-11T14:26:34.750+0000][1][safepoint    ] Safepoint "Cleanup", Time since last: 1000176375 ns, Reaching safepoint: 143640 ns, At safepoint: 16491 ns, Total: 160131 ns
[2020-09-11T14:26:35.751+0000][1][safepoint    ] Safepoint "Cleanup", Time since last: 1000211535 ns, Reaching safepoint: 130536 ns, At safepoint: 16966 ns, Total: 147502 ns
[2020-09-11T14:26:36.751+0000][1][safepoint    ] Safepoint "Cleanup", Time since last: 1000229142 ns, Reaching safepoint: 106412 ns, At safepoint: 13471 ns, Total: 119883 ns
[2020-09-11T14:26:37.752+0000][1][safepoint    ] Safepoint "Cleanup", Time since last: 1000194330 ns, Reaching safepoint: 159951 ns, At safepoint: 16848 ns, Total: 176799 ns
[2020-09-11T14:26:38.752+0000][1][safepoint    ] Safepoint "Cleanup", Time since last: 1000192794 ns, Reaching safepoint: 134411 ns, At safepoint: 14778 ns, Total: 149189 ns
[2020-09-11T14:26:39.752+0000][1][safepoint    ] Safepoint "Cleanup", Time since last: 1000204514 ns, Reaching safepoint: 111047 ns, At safepoint: 8007 ns, Total: 119054 ns
[2020-09-11T14:26:40.114+0000][1][gc,start     ] GC(71) Pause Young (Allocation Failure)
[2020-09-11T14:26:40.114+0000][1][gc,task      ] GC(71) Using 1 workers of 1 for evacuation
[2020-09-11T14:26:40.128+0000][1][gc,age       ] GC(71) Desired survivor size 4358144 bytes, new threshold 6 (max threshold 6)
[2020-09-11T14:26:40.128+0000][1][gc,age       ] GC(71) Age table with threshold 6 (max threshold 6)
[2020-09-11T14:26:40.128+0000][1][gc,age       ] GC(71) - age   1:     410520 bytes,     410520 total
[2020-09-11T14:26:40.128+0000][1][gc,age       ] GC(71) - age   2:     468112 bytes,     878632 total
[2020-09-11T14:26:40.128+0000][1][gc,age       ] GC(71) - age   3:      50552 bytes,     929184 total
[2020-09-11T14:26:40.128+0000][1][gc,age       ] GC(71) - age   4:     719312 bytes,    1648496 total
[2020-09-11T14:26:40.128+0000][1][gc,age       ] GC(71) - age   5:    1779432 bytes,    3427928 total
[2020-09-11T14:26:40.128+0000][1][gc,age       ] GC(71) - age   6:     688976 bytes,    4116904 total
[2020-09-11T14:26:40.128+0000][1][gc,heap      ] GC(71) ParNew: 71852K->7332K(76672K)
[2020-09-11T14:26:40.128+0000][1][gc,heap      ] GC(71) CMS: 64803K->64803K(439104K)
[2020-09-11T14:26:40.129+0000][1][gc,metaspace ] GC(71) Metaspace: 84211K->84211K(1126400K)
[2020-09-11T14:26:40.129+0000][1][gc           ] GC(71) Pause Young (Allocation Failure) 133M->70M(503M) 14.975ms
[2020-09-11T14:26:40.129+0000][1][gc,cpu       ] GC(71) User=0.01s Sys=0.00s Real=0.02s
[2020-09-11T14:26:40.129+0000][1][safepoint    ] Safepoint "GenCollectForAllocation", Time since last: 361168970 ns, Reaching safepoint: 192154 ns, At safepoint: 15103717 ns, Total: 15295871 ns
[2020-09-11T14:26:41.130+0000][1][safepoint    ] Safepoint "Cleanup", Time since last: 1001729111 ns, Reaching safepoint: 91442 ns, At safepoint: 18522 ns, Total: 109964 ns
[2020-09-11T14:26:42.131+0000][1][safepoint    ] Safepoint "Cleanup", Time since last: 1000139977 ns, Reaching safepoint: 135952 ns, At safepoint: 38275 ns, Total: 174227 ns
[2020-09-11T14:26:43.131+0000][1][safepoint    ] Safepoint "Cleanup", Time since last: 1000170607 ns, Reaching safepoint: 137536 ns, At safepoint: 13635 ns, Total: 151171 ns
[2020-09-11T14:26:44.132+0000][1][safepoint    ] Safepoint "Cleanup", Time since last: 1000188610 ns, Reaching safepoint: 200884 ns, At safepoint: 14660 ns, Total: 215544 ns
[2020-09-11T14:26:45.132+0000][1][safepoint    ] Safepoint "Cleanup", Time since last: 1000185604 ns, Reaching safepoint: 125407 ns, At safepoint: 6656 ns, Total: 132063 ns
[2020-09-11T14:26:46.132+0000][1][safepoint    ] Safepoint "Cleanup", Time since last: 1000182461 ns, Reaching safepoint: 94135 ns, At safepoint: 5985 ns, Total: 100120 ns
[2020-09-11T14:26:47.132+0000][1][safepoint    ] Safepoint "Cleanup", Time since last: 1000171669 ns, Reaching safepoint: 105088 ns, At safepoint: 6764 ns, Total: 111852 ns
[2020-09-11T14:26:48.133+0000][1][safepoint    ] Safepoint "Cleanup", Time since last: 1000199720 ns, Reaching safepoint: 94529 ns, At safepoint: 6268 ns, Total: 100797 ns
[2020-09-11T14:26:51.133+0000][1][safepoint    ] Safepoint "Cleanup", Time since last: 3000422265 ns, Reaching safepoint: 141328 ns, At safepoint: 16845 ns, Total: 158173 ns
[2020-09-11T14:26:53.134+0000][1][safepoint    ] Safepoint "Cleanup", Time since last: 2000322296 ns, Reaching safepoint: 135400 ns, At safepoint: 16615 ns, Total: 152015 ns
[2020-09-11T14:26:55.134+0000][1][safepoint    ] Safepoint "Cleanup", Time since last: 2000359203 ns, Reaching safepoint: 92841 ns, At safepoint: 7076 ns, Total: 99917 ns
[2020-09-11T14:26:56.135+0000][1][safepoint    ] Safepoint "Cleanup", Time since last: 1000144754 ns, Reaching safepoint: 151424 ns, At safepoint: 15833 ns, Total: 167257 ns
[2020-09-11T14:26:57.135+0000][1][safepoint    ] Safepoint "Cleanup", Time since last: 1000182034 ns, Reaching safepoint: 134014 ns, At safepoint: 17296 ns, Total: 151310 ns
[2020-09-11T14:26:58.135+0000][1][safepoint    ] Safepoint "Cleanup", Time since last: 1000215263 ns, Reaching safepoint: 100881 ns, At safepoint: 6036 ns, Total: 106917 ns
[2020-09-11T14:26:59.136+0000][1][safepoint    ] Safepoint "Cleanup", Time since last: 1000741702 ns, Reaching safepoint: 124391 ns, At safepoint: 7535 ns, Total: 131926 ns
[2020-09-11T14:27:00.136+0000][1][safepoint    ] Safepoint "Cleanup", Time since last: 1000182551 ns, Reaching safepoint: 104210 ns, At safepoint: 5951 ns, Total: 110161 ns
[2020-09-11T14:27:01.137+0000][1][safepoint    ] Safepoint "Cleanup", Time since last: 1000175236 ns, Reaching safepoint: 134358 ns, At safepoint: 16545 ns, Total: 150903 ns
[2020-09-11T14:27:02.137+0000][1][safepoint    ] Safepoint "Cleanup", Time since last: 1000240105 ns, Reaching safepoint: 129835 ns, At safepoint: 15762 ns, Total: 145597 ns
[2020-09-11T14:27:03.137+0000][1][safepoint    ] Safepoint "Cleanup", Time since last: 1000213470 ns, Reaching safepoint: 142958 ns, At safepoint: 17437 ns, Total: 160395 ns
[2020-09-11T14:27:04.138+0000][1][safepoint    ] Safepoint "Cleanup", Time since last: 1000183666 ns, Reaching safepoint: 153910 ns, At safepoint: 16408 ns, Total: 170318 ns
[2020-09-11T14:27:05.138+0000][1][safepoint    ] Safepoint "Cleanup", Time since last: 1000214384 ns, Reaching safepoint: 137996 ns, At safepoint: 16638 ns, Total: 154634 ns
[2020-09-11T14:27:06.139+0000][1][safepoint    ] Safepoint "Cleanup", Time since last: 1000241775 ns, Reaching safepoint: 130556 ns, At safepoint: 16438 ns, Total: 146994 ns
[2020-09-11T14:27:07.139+0000][1][safepoint    ] Safepoint "Cleanup", Time since last: 1000181599 ns, Reaching safepoint: 125906 ns, At safepoint: 13621 ns, Total: 139527 ns
[2020-09-11T14:27:08.139+0000][1][safepoint    ] Safepoint "Cleanup", Time since last: 1000225928 ns, Reaching safepoint: 90625 ns, At safepoint: 6387 ns, Total: 97012 ns
[2020-09-11T14:27:09.139+0000][1][safepoint    ] Safepoint "Cleanup", Time since last: 1000195942 ns, Reaching safepoint: 81866 ns, At safepoint: 5568 ns, Total: 87434 ns
[2020-09-11T14:27:10.140+0000][1][safepoint    ] Safepoint "Cleanup", Time since last: 1000174280 ns, Reaching safepoint: 129066 ns, At safepoint: 16418 ns, Total: 145484 ns
[2020-09-11T14:27:11.140+0000][1][safepoint    ] Safepoint "Cleanup", Time since last: 1000173690 ns, Reaching safepoint: 131418 ns, At safepoint: 14941 ns, Total: 146359 ns
[2020-09-11T14:27:12.141+0000][1][safepoint    ] Safepoint "Cleanup", Time since last: 1000212197 ns, Reaching safepoint: 146523 ns, At safepoint: 16634 ns, Total: 163157 ns
[2020-09-11T14:27:13.141+0000][1][safepoint    ] Safepoint "Cleanup", Time since last: 1000196670 ns, Reaching safepoint: 145173 ns, At safepoint: 14560 ns, Total: 159733 ns
[2020-09-11T14:27:14.141+0000][1][safepoint    ] Safepoint "Cleanup", Time since last: 1000215368 ns, Reaching safepoint: 129751 ns, At safepoint: 16441 ns, Total: 146192 ns
[2020-09-11T14:27:15.142+0000][1][safepoint    ] Safepoint "Cleanup", Time since last: 1000174820 ns, Reaching safepoint: 127115 ns, At safepoint: 13972 ns, Total: 141087 ns
[2020-09-11T14:27:16.142+0000][1][safepoint    ] Safepoint "Cleanup", Time since last: 1000252544 ns, Reaching safepoint: 94599 ns, At safepoint: 6093 ns, Total: 100692 ns
[2020-09-11T14:27:17.142+0000][1][safepoint    ] Safepoint "Cleanup", Time since last: 1000137915 ns, Reaching safepoint: 116875 ns, At safepoint: 6072 ns, Total: 122947 ns
[2020-09-11T14:27:18.142+0000][1][safepoint    ] Safepoint "Cleanup", Time since last: 1000175780 ns, Reaching safepoint: 100351 ns, At safepoint: 6237 ns, Total: 106588 ns
[2020-09-11T14:27:19.143+0000][1][safepoint    ] Safepoint "Cleanup", Time since last: 1000179807 ns, Reaching safepoint: 135694 ns, At safepoint: 17955 ns, Total: 153649 ns
[2020-09-11T14:27:20.143+0000][1][safepoint    ] Safepoint "Cleanup", Time since last: 1000210712 ns, Reaching safepoint: 129717 ns, At safepoint: 16134 ns, Total: 145851 ns
[2020-09-11T14:27:21.144+0000][1][safepoint    ] Safepoint "Cleanup", Time since last: 1000217786 ns, Reaching safepoint: 178082 ns, At safepoint: 15913 ns, Total: 193995 ns
[2020-09-11T14:27:22.144+0000][1][safepoint    ] Safepoint "Cleanup", Time since last: 1000172065 ns, Reaching safepoint: 154785 ns, At safepoint: 13074 ns, Total: 167859 ns
[2020-09-11T14:27:23.144+0000][1][safepoint    ] Safepoint "Cleanup", Time since last: 1000187271 ns, Reaching safepoint: 108543 ns, At safepoint: 6112 ns, Total: 114655 ns
[2020-09-11T14:27:24.145+0000][1][safepoint    ] Safepoint "Cleanup", Time since last: 1000171183 ns, Reaching safepoint: 129003 ns, At safepoint: 15579 ns, Total: 144582 ns
[2020-09-11T14:27:25.145+0000][1][safepoint    ] Safepoint "Cleanup", Time since last: 1000208960 ns, Reaching safepoint: 144579 ns, At safepoint: 16551 ns, Total: 161130 ns
[2020-09-11T14:27:26.145+0000][1][safepoint    ] Safepoint "Cleanup", Time since last: 1000214693 ns, Reaching safepoint: 125625 ns, At safepoint: 16093 ns, Total: 141718 ns
[2020-09-11T14:27:27.146+0000][1][safepoint    ] Safepoint "Cleanup", Time since last: 1000179401 ns, Reaching safepoint: 138899 ns, At safepoint: 14072 ns, Total: 152971 ns
[2020-09-11T14:27:27.405+0000][1][safepoint    ] Safepoint "RevokeBias", Time since last: 259084173 ns, Reaching safepoint: 130336 ns, At safepoint: 44465 ns, Total: 174801 ns
[2020-09-11T14:27:28.405+0000][1][safepoint    ] Safepoint "Cleanup", Time since last: 1000189293 ns, Reaching safepoint: 107034 ns, At safepoint: 6503 ns, Total: 113537 ns
[2020-09-11T14:27:29.405+0000][1][safepoint    ] Safepoint "Cleanup", Time since last: 1000194290 ns, Reaching safepoint: 100451 ns, At safepoint: 7236 ns, Total: 107687 ns
[2020-09-11T14:27:30.186+0000][1][safepoint    ] Safepoint "RevokeBias", Time since last: 780614231 ns, Reaching safepoint: 162395 ns, At safepoint: 21423 ns, Total: 183818 ns
[2020-09-11T14:27:31.186+0000][1][safepoint    ] Safepoint "Cleanup", Time since last: 1000136950 ns, Reaching safepoint: 116768 ns, At safepoint: 6924 ns, Total: 123692 ns
[2020-09-11T14:27:39.188+0000][1][safepoint    ] Safepoint "Cleanup", Time since last: 8001098349 ns, Reaching safepoint: 167594 ns, At safepoint: 18817 ns, Total: 186411 ns
[2020-09-11T14:27:42.188+0000][1][safepoint    ] Safepoint "Cleanup", Time since last: 3000454995 ns, Reaching safepoint: 118110 ns, At safepoint: 6906 ns, Total: 125016 ns
[2020-09-11T14:27:43.189+0000][1][safepoint    ] Safepoint "Cleanup", Time since last: 1000141802 ns, Reaching safepoint: 139296 ns, At safepoint: 17470 ns, Total: 156766 ns
[2020-09-11T14:27:43.918+0000][1][gc,start     ] GC(72) Pause Young (Allocation Failure)
[2020-09-11T14:27:43.918+0000][1][gc,task      ] GC(72) Using 1 workers of 1 for evacuation
[2020-09-11T14:27:43.933+0000][1][gc,age       ] GC(72) Desired survivor size 4358144 bytes, new threshold 6 (max threshold 6)
[2020-09-11T14:27:43.934+0000][1][gc,age       ] GC(72) Age table with threshold 6 (max threshold 6)
[2020-09-11T14:27:43.934+0000][1][gc,age       ] GC(72) - age   1:      33600 bytes,      33600 total
[2020-09-11T14:27:43.934+0000][1][gc,age       ] GC(72) - age   2:     372288 bytes,     405888 total
[2020-09-11T14:27:43.934+0000][1][gc,age       ] GC(72) - age   3:     465632 bytes,     871520 total
[2020-09-11T14:27:43.934+0000][1][gc,age       ] GC(72) - age   4:      50552 bytes,     922072 total
[2020-09-11T14:27:43.934+0000][1][gc,age       ] GC(72) - age   5:     718072 bytes,    1640144 total
[2020-09-11T14:27:43.934+0000][1][gc,age       ] GC(72) - age   6:    1779432 bytes,    3419576 total
[2020-09-11T14:27:43.934+0000][1][gc,heap      ] GC(72) ParNew: 75492K->4848K(76672K)
[2020-09-11T14:27:43.934+0000][1][gc,heap      ] GC(72) CMS: 64803K->65491K(439104K)
[2020-09-11T14:27:43.934+0000][1][gc,metaspace ] GC(72) Metaspace: 84382K->84382K(1126400K)
[2020-09-11T14:27:43.934+0000][1][gc           ] GC(72) Pause Young (Allocation Failure) 137M->68M(503M) 15.397ms
[2020-09-11T14:27:43.934+0000][1][gc,cpu       ] GC(72) User=0.02s Sys=0.00s Real=0.01s
[2020-09-11T14:27:43.934+0000][1][safepoint    ] Safepoint "GenCollectForAllocation", Time since last: 729380289 ns, Reaching safepoint: 188224 ns, At safepoint: 15468594 ns, Total: 15656818 ns
[2020-09-11T14:27:44.936+0000][1][safepoint    ] Safepoint "Cleanup", Time since last: 1002346437 ns, Reaching safepoint: 120410 ns, At safepoint: 39019 ns, Total: 159429 ns
[2020-09-11T14:27:45.936+0000][1][safepoint    ] Safepoint "Cleanup", Time since last: 1000185119 ns, Reaching safepoint: 113768 ns, At safepoint: 5187 ns, Total: 118955 ns
[2020-09-11T14:27:46.937+0000][1][safepoint    ] Safepoint "Cleanup", Time since last: 1000122291 ns, Reaching safepoint: 185085 ns, At safepoint: 6781 ns, Total: 191866 ns
[2020-09-11T14:27:47.937+0000][1][safepoint    ] Safepoint "Cleanup", Time since last: 1000151019 ns, Reaching safepoint: 184797 ns, At safepoint: 6269 ns, Total: 191066 ns
[2020-09-11T14:27:48.940+0000][1][safepoint    ] Safepoint "Cleanup", Time since last: 1002261141 ns, Reaching safepoint: 479704 ns, At safepoint: 7045 ns, Total: 486749 ns
[2020-09-11T14:27:49.940+0000][1][safepoint    ] Safepoint "Cleanup", Time since last: 1000175484 ns, Reaching safepoint: 104281 ns, At safepoint: 5873 ns, Total: 110154 ns
[2020-09-11T14:27:50.940+0000][1][safepoint    ] Safepoint "Cleanup", Time since last: 1000148684 ns, Reaching safepoint: 123671 ns, At safepoint: 16664 ns, Total: 140335 ns
[2020-09-11T14:27:51.942+0000][1][safepoint    ] Safepoint "Cleanup", Time since last: 1001248773 ns, Reaching safepoint: 172903 ns, At safepoint: 15953 ns, Total: 188856 ns
[2020-09-11T14:27:52.942+0000][1][safepoint    ] Safepoint "Cleanup", Time since last: 1000202644 ns, Reaching safepoint: 141277 ns, At safepoint: 16307 ns, Total: 157584 ns
[2020-09-11T14:27:53.943+0000][1][safepoint    ] Safepoint "Cleanup", Time since last: 1000243124 ns, Reaching safepoint: 93613 ns, At safepoint: 5883 ns, Total: 99496 ns
[2020-09-11T14:27:53.949+0000][1][safepoint    ] Safepoint "RevokeBias", Time since last: 6082425 ns, Reaching safepoint: 157782 ns, At safepoint: 32028 ns, Total: 189810 ns
[2020-09-11T14:27:54.949+0000][1][safepoint    ] Safepoint "Cleanup", Time since last: 1000164264 ns, Reaching safepoint: 135451 ns, At safepoint: 17987 ns, Total: 153438 ns
[2020-09-11T14:27:55.950+0000][1][safepoint    ] Safepoint "Cleanup", Time since last: 1000195487 ns, Reaching safepoint: 132043 ns, At safepoint: 15813 ns, Total: 147856 ns
[2020-09-11T14:27:56.951+0000][1][safepoint    ] Safepoint "Cleanup", Time since last: 1001101291 ns, Reaching safepoint: 115139 ns, At safepoint: 6869 ns, Total: 122008 ns
[2020-09-11T14:27:57.951+0000][1][safepoint    ] Safepoint "Cleanup", Time since last: 1000153419 ns, Reaching safepoint: 110594 ns, At safepoint: 6528 ns, Total: 117122 ns
[2020-09-11T14:27:58.951+0000][1][safepoint    ] Safepoint "Cleanup", Time since last: 1000182378 ns, Reaching safepoint: 128652 ns, At safepoint: 17677 ns, Total: 146329 ns
[2020-09-11T14:27:59.952+0000][1][safepoint    ] Safepoint "Cleanup", Time since last: 1000208312 ns, Reaching safepoint: 123129 ns, At safepoint: 18292 ns, Total: 141421 ns
[2020-09-11T14:28:00.952+0000][1][safepoint    ] Safepoint "Cleanup", Time since last: 1000256677 ns, Reaching safepoint: 101089 ns, At safepoint: 6654 ns, Total: 107743 ns
[2020-09-11T14:28:01.952+0000][1][safepoint    ] Safepoint "Cleanup", Time since last: 1000163477 ns, Reaching safepoint: 105251 ns, At safepoint: 6182 ns, Total: 111433 ns
[2020-09-11T14:28:02.953+0000][1][safepoint    ] Safepoint "Cleanup", Time since last: 1000149045 ns, Reaching safepoint: 107678 ns, At safepoint: 6724 ns, Total: 114402 ns
[2020-09-11T14:28:03.953+0000][1][safepoint    ] Safepoint "Cleanup", Time since last: 1000178100 ns, Reaching safepoint: 95896 ns, At safepoint: 5944 ns, Total: 101840 ns
[2020-09-11T14:28:04.953+0000][1][safepoint    ] Safepoint "Cleanup", Time since last: 1000184503 ns, Reaching safepoint: 96416 ns, At safepoint: 6720 ns, Total: 103136 ns
[2020-09-11T14:28:05.954+0000][1][safepoint    ] Safepoint "Cleanup", Time since last: 1001101504 ns, Reaching safepoint: 91681 ns, At safepoint: 6081 ns, Total: 97762 ns
[2020-09-11T14:28:06.955+0000][1][safepoint    ] Safepoint "Cleanup", Time since last: 1000109744 ns, Reaching safepoint: 74962 ns, At safepoint: 7226 ns, Total: 82188 ns
[2020-09-11T14:28:07.955+0000][1][safepoint    ] Safepoint "Cleanup", Time since last: 1000163447 ns, Reaching safepoint: 97614 ns, At safepoint: 5768 ns, Total: 103382 ns
[2020-09-11T14:28:08.955+0000][1][safepoint    ] Safepoint "Cleanup", Time since last: 1000190237 ns, Reaching safepoint: 126280 ns, At safepoint: 16788 ns, Total: 143068 ns
[2020-09-11T14:28:09.956+0000][1][safepoint    ] Safepoint "Cleanup", Time since last: 1000193973 ns, Reaching safepoint: 124651 ns, At safepoint: 5676 ns, Total: 130327 ns
[2020-09-11T14:28:10.957+0000][1][safepoint    ] Safepoint "Cleanup", Time since last: 1000989222 ns, Reaching safepoint: 133593 ns, At safepoint: 16565 ns, Total: 150158 ns
[2020-09-11T14:28:11.957+0000][1][safepoint    ] Safepoint "Cleanup", Time since last: 1000241767 ns, Reaching safepoint: 126363 ns, At safepoint: 15894 ns, Total: 142257 ns
[2020-09-11T14:28:12.957+0000][1][safepoint    ] Safepoint "Cleanup", Time since last: 1000249976 ns, Reaching safepoint: 93540 ns, At safepoint: 7356 ns, Total: 100896 ns
[2020-09-11T14:28:13.958+0000][1][safepoint    ] Safepoint "Cleanup", Time since last: 1000191884 ns, Reaching safepoint: 101649 ns, At safepoint: 6842 ns, Total: 108491 ns
[2020-09-11T14:28:14.958+0000][1][safepoint    ] Safepoint "Cleanup", Time since last: 1000176907 ns, Reaching safepoint: 121476 ns, At safepoint: 17229 ns, Total: 138705 ns
[2020-09-11T14:28:15.959+0000][1][safepoint    ] Safepoint "Cleanup", Time since last: 1000988235 ns, Reaching safepoint: 97616 ns, At safepoint: 7083 ns, Total: 104699 ns
[2020-09-11T14:28:16.959+0000][1][safepoint    ] Safepoint "Cleanup", Time since last: 1000182530 ns, Reaching safepoint: 160311 ns, At safepoint: 15426 ns, Total: 175737 ns
[2020-09-11T14:28:17.960+0000][1][safepoint    ] Safepoint "Cleanup", Time since last: 1000224138 ns, Reaching safepoint: 130650 ns, At safepoint: 16705 ns, Total: 147355 ns
[2020-09-11T14:28:18.960+0000][1][safepoint    ] Safepoint "Cleanup", Time since last: 1000224114 ns, Reaching safepoint: 124383 ns, At safepoint: 16370 ns, Total: 140753 ns
[2020-09-11T14:28:19.960+0000][1][safepoint    ] Safepoint "Cleanup", Time since last: 1000206936 ns, Reaching safepoint: 85720 ns, At safepoint: 7322 ns, Total: 93042 ns
[2020-09-11T14:28:20.961+0000][1][safepoint    ] Safepoint "Cleanup", Time since last: 1000816946 ns, Reaching safepoint: 132531 ns, At safepoint: 17811 ns, Total: 150342 ns
[2020-09-11T14:28:21.962+0000][1][safepoint    ] Safepoint "Cleanup", Time since last: 1000219570 ns, Reaching safepoint: 126384 ns, At safepoint: 18402 ns, Total: 144786 ns
[2020-09-11T14:28:26.963+0000][1][safepoint    ] Safepoint "Cleanup", Time since last: 5000707044 ns, Reaching safepoint: 333435 ns, At safepoint: 18927 ns, Total: 352362 ns
[2020-09-11T14:28:27.963+0000][1][safepoint    ] Safepoint "Cleanup", Time since last: 1000245128 ns, Reaching safepoint: 101391 ns, At safepoint: 6196 ns, Total: 107587 ns
[2020-09-11T14:28:29.964+0000][1][safepoint    ] Safepoint "Cleanup", Time since last: 2000335834 ns, Reaching safepoint: 150906 ns, At safepoint: 16842 ns, Total: 167748 ns
[2020-09-11T14:28:30.964+0000][1][safepoint    ] Safepoint "Cleanup", Time since last: 1000202466 ns, Reaching safepoint: 148564 ns, At safepoint: 18836 ns, Total: 167400 ns
[2020-09-11T14:28:31.964+0000][1][safepoint    ] Safepoint "Cleanup", Time since last: 1000210825 ns, Reaching safepoint: 128208 ns, At safepoint: 16264 ns, Total: 144472 ns
[2020-09-11T14:28:32.965+0000][1][safepoint    ] Safepoint "Cleanup", Time since last: 1000216591 ns, Reaching safepoint: 98329 ns, At safepoint: 7189 ns, Total: 105518 ns
[2020-09-11T14:28:33.965+0000][1][safepoint    ] Safepoint "Cleanup", Time since last: 1000192367 ns, Reaching safepoint: 128729 ns, At safepoint: 17343 ns, Total: 146072 ns
[2020-09-11T14:28:34.965+0000][1][safepoint    ] Safepoint "Cleanup", Time since last: 1000212984 ns, Reaching safepoint: 145220 ns, At safepoint: 16958 ns, Total: 162178 ns
[2020-09-11T14:28:35.966+0000][1][safepoint    ] Safepoint "Cleanup", Time since last: 1000209411 ns, Reaching safepoint: 99989 ns, At safepoint: 6037 ns, Total: 106026 ns
[2020-09-11T14:28:36.967+0000][1][safepoint    ] Safepoint "Cleanup", Time since last: 1000892207 ns, Reaching safepoint: 102874 ns, At safepoint: 7528 ns, Total: 110402 ns
[2020-09-11T14:28:37.967+0000][1][safepoint    ] Safepoint "Cleanup", Time since last: 1000184183 ns, Reaching safepoint: 130780 ns, At safepoint: 15432 ns, Total: 146212 ns
[2020-09-11T14:28:38.968+0000][1][safepoint    ] Safepoint "Cleanup", Time since last: 1000214800 ns, Reaching safepoint: 219431 ns, At safepoint: 17149 ns, Total: 236580 ns
[2020-09-11T14:28:39.968+0000][1][safepoint    ] Safepoint "Cleanup", Time since last: 1000216718 ns, Reaching safepoint: 98009 ns, At safepoint: 5983 ns, Total: 103992 ns
[2020-09-11T14:28:40.968+0000][1][safepoint    ] Safepoint "Cleanup", Time since last: 1000123116 ns, Reaching safepoint: 74992 ns, At safepoint: 6362 ns, Total: 81354 ns
[2020-09-11T14:28:41.969+0000][1][safepoint    ] Safepoint "Cleanup", Time since last: 1000831384 ns, Reaching safepoint: 135166 ns, At safepoint: 15676 ns, Total: 150842 ns
[2020-09-11T14:28:42.969+0000][1][safepoint    ] Safepoint "Cleanup", Time since last: 1000224681 ns, Reaching safepoint: 93883 ns, At safepoint: 7098 ns, Total: 100981 ns
[2020-09-11T14:28:43.970+0000][1][safepoint    ] Safepoint "Cleanup", Time since last: 1000179108 ns, Reaching safepoint: 99308 ns, At safepoint: 6433 ns, Total: 105741 ns
[2020-09-11T14:28:44.970+0000][1][safepoint    ] Safepoint "Cleanup", Time since last: 1000192983 ns, Reaching safepoint: 132117 ns, At safepoint: 16685 ns, Total: 148802 ns
[2020-09-11T14:28:45.970+0000][1][safepoint    ] Safepoint "Cleanup", Time since last: 1000235807 ns, Reaching safepoint: 133109 ns, At safepoint: 16204 ns, Total: 149313 ns
[2020-09-11T14:28:46.972+0000][1][safepoint    ] Safepoint "Cleanup", Time since last: 1000990102 ns, Reaching safepoint: 95149 ns, At safepoint: 6763 ns, Total: 101912 ns
[2020-09-11T14:28:47.972+0000][1][safepoint    ] Safepoint "Cleanup", Time since last: 1000155705 ns, Reaching safepoint: 156302 ns, At safepoint: 17243 ns, Total: 173545 ns
[2020-09-11T14:28:48.972+0000][1][safepoint    ] Safepoint "Cleanup", Time since last: 1000209253 ns, Reaching safepoint: 138073 ns, At safepoint: 16348 ns, Total: 154421 ns
[2020-09-11T14:28:49.052+0000][1][gc,start     ] GC(73) Pause Young (Allocation Failure)
[2020-09-11T14:28:49.052+0000][1][gc,task      ] GC(73) Using 1 workers of 1 for evacuation
[2020-09-11T14:28:49.082+0000][1][gc,age       ] GC(73) Desired survivor size 4358144 bytes, new threshold 6 (max threshold 6)
[2020-09-11T14:28:49.082+0000][1][gc,age       ] GC(73) Age table with threshold 6 (max threshold 6)
[2020-09-11T14:28:49.082+0000][1][gc,age       ] GC(73) - age   1:      28584 bytes,      28584 total
[2020-09-11T14:28:49.082+0000][1][gc,age       ] GC(73) - age   2:       8584 bytes,      37168 total
[2020-09-11T14:28:49.082+0000][1][gc,age       ] GC(73) - age   3:     370968 bytes,     408136 total
[2020-09-11T14:28:49.082+0000][1][gc,age       ] GC(73) - age   4:     465632 bytes,     873768 total
[2020-09-11T14:28:49.082+0000][1][gc,age       ] GC(73) - age   5:      50552 bytes,     924320 total
[2020-09-11T14:28:49.082+0000][1][gc,age       ] GC(73) - age   6:     718072 bytes,    1642392 total
[2020-09-11T14:28:49.082+0000][1][gc,heap      ] GC(73) ParNew: 73008K->3110K(76672K)
[2020-09-11T14:28:49.082+0000][1][gc,heap      ] GC(73) CMS: 65491K->67274K(439104K)
[2020-09-11T14:28:49.082+0000][1][gc,metaspace ] GC(73) Metaspace: 84478K->84478K(1126400K)
[2020-09-11T14:28:49.083+0000][1][gc           ] GC(73) Pause Young (Allocation Failure) 135M->68M(503M) 30.215ms
[2020-09-11T14:28:49.083+0000][1][gc,cpu       ] GC(73) User=0.02s Sys=0.00s Real=0.03s
[2020-09-11T14:28:49.083+0000][1][safepoint    ] Safepoint "GenCollectForAllocation", Time since last: 79808374 ns, Reaching safepoint: 240409 ns, At safepoint: 30350411 ns, Total: 30590820 ns
[2020-09-11T14:28:50.089+0000][1][safepoint    ] Safepoint "Cleanup", Time since last: 1006095147 ns, Reaching safepoint: 231615 ns, At safepoint: 46082 ns, Total: 277697 ns
[2020-09-11T14:28:51.090+0000][1][safepoint    ] Safepoint "Cleanup", Time since last: 1000267232 ns, Reaching safepoint: 245152 ns, At safepoint: 17363 ns, Total: 262515 ns
[2020-09-11T14:28:52.091+0000][1][safepoint    ] Safepoint "Cleanup", Time since last: 1001148380 ns, Reaching safepoint: 123069 ns, At safepoint: 12949 ns, Total: 136018 ns
[2020-09-11T14:28:53.096+0000][1][safepoint    ] Safepoint "Cleanup", Time since last: 1004623383 ns, Reaching safepoint: 239697 ns, At safepoint: 18165 ns, Total: 257862 ns
[2020-09-11T14:28:54.096+0000][1][safepoint    ] Safepoint "Cleanup", Time since last: 1000176498 ns, Reaching safepoint: 115745 ns, At safepoint: 7084 ns, Total: 122829 ns
[2020-09-11T14:28:55.096+0000][1][safepoint    ] Safepoint "Cleanup", Time since last: 1000177153 ns, Reaching safepoint: 125401 ns, At safepoint: 15766 ns, Total: 141167 ns
[2020-09-11T14:28:56.097+0000][1][safepoint    ] Safepoint "Cleanup", Time since last: 1000144453 ns, Reaching safepoint: 74826 ns, At safepoint: 7140 ns, Total: 81966 ns
[2020-09-11T14:28:57.097+0000][1][safepoint    ] Safepoint "Cleanup", Time since last: 1000697505 ns, Reaching safepoint: 97108 ns, At safepoint: 11624 ns, Total: 108732 ns
[2020-09-11T14:28:58.098+0000][1][safepoint    ] Safepoint "Cleanup", Time since last: 1000185769 ns, Reaching safepoint: 96276 ns, At safepoint: 7248 ns, Total: 103524 ns
[2020-09-11T14:28:59.098+0000][1][safepoint    ] Safepoint "Cleanup", Time since last: 1000129862 ns, Reaching safepoint: 243692 ns, At safepoint: 18880 ns, Total: 262572 ns
[2020-09-11T14:29:00.098+0000][1][safepoint    ] Safepoint "Cleanup", Time since last: 1000171393 ns, Reaching safepoint: 92737 ns, At safepoint: 7350 ns, Total: 100087 ns
[2020-09-11T14:29:01.099+0000][1][safepoint    ] Safepoint "Cleanup", Time since last: 1000184654 ns, Reaching safepoint: 125985 ns, At safepoint: 15827 ns, Total: 141812 ns
[2020-09-11T14:29:02.101+0000][1][safepoint    ] Safepoint "Cleanup", Time since last: 1002135177 ns, Reaching safepoint: 128983 ns, At safepoint: 16381 ns, Total: 145364 ns
[2020-09-11T14:29:03.101+0000][1][safepoint    ] Safepoint "Cleanup", Time since last: 1000222051 ns, Reaching safepoint: 123627 ns, At safepoint: 15853 ns, Total: 139480 ns
[2020-09-11T14:29:04.102+0000][1][safepoint    ] Safepoint "Cleanup", Time since last: 1000138974 ns, Reaching safepoint: 233326 ns, At safepoint: 19621 ns, Total: 252947 ns
[2020-09-11T14:29:05.102+0000][1][safepoint    ] Safepoint "Cleanup", Time since last: 1000213780 ns, Reaching safepoint: 138091 ns, At safepoint: 15716 ns, Total: 153807 ns
[2020-09-11T14:29:06.102+0000][1][safepoint    ] Safepoint "Cleanup", Time since last: 1000233465 ns, Reaching safepoint: 137990 ns, At safepoint: 17333 ns, Total: 155323 ns
[2020-09-11T14:29:07.104+0000][1][safepoint    ] Safepoint "Cleanup", Time since last: 1001150661 ns, Reaching safepoint: 129841 ns, At safepoint: 15085 ns, Total: 144926 ns
[2020-09-11T14:29:08.105+0000][1][safepoint    ] Safepoint "Cleanup", Time since last: 1000174997 ns, Reaching safepoint: 1040928 ns, At safepoint: 25155 ns, Total: 1066083 ns
[2020-09-11T14:29:09.105+0000][1][safepoint    ] Safepoint "Cleanup", Time since last: 1000170261 ns, Reaching safepoint: 129874 ns, At safepoint: 14581 ns, Total: 144455 ns
[2020-09-11T14:29:10.106+0000][1][safepoint    ] Safepoint "Cleanup", Time since last: 1000221160 ns, Reaching safepoint: 139871 ns, At safepoint: 16588 ns, Total: 156459 ns
[2020-09-11T14:29:11.106+0000][1][safepoint    ] Safepoint "Cleanup", Time since last: 1000199429 ns, Reaching safepoint: 132745 ns, At safepoint: 17390 ns, Total: 150135 ns
[2020-09-11T14:29:12.107+0000][1][safepoint    ] Safepoint "Cleanup", Time since last: 1000909730 ns, Reaching safepoint: 103270 ns, At safepoint: 7500 ns, Total: 110770 ns
[2020-09-11T14:29:13.107+0000][1][safepoint    ] Safepoint "Cleanup", Time since last: 1000162833 ns, Reaching safepoint: 132306 ns, At safepoint: 15840 ns, Total: 148146 ns
[2020-09-11T14:29:14.108+0000][1][safepoint    ] Safepoint "Cleanup", Time since last: 1000168370 ns, Reaching safepoint: 149624 ns, At safepoint: 7139 ns, Total: 156763 ns
[2020-09-11T14:29:15.108+0000][1][safepoint    ] Safepoint "Cleanup", Time since last: 1000178122 ns, Reaching safepoint: 101485 ns, At safepoint: 5326 ns, Total: 106811 ns
[2020-09-11T14:29:16.108+0000][1][safepoint    ] Safepoint "Cleanup", Time since last: 1000226002 ns, Reaching safepoint: 90221 ns, At safepoint: 8194 ns, Total: 98415 ns
[2020-09-11T14:29:23.110+0000][1][safepoint    ] Safepoint "Cleanup", Time since last: 7001417137 ns, Reaching safepoint: 101618 ns, At safepoint: 6257 ns, Total: 107875 ns
[2020-09-11T14:29:27.111+0000][1][safepoint    ] Safepoint "Cleanup", Time since last: 4000620456 ns, Reaching safepoint: 101727 ns, At safepoint: 7126 ns, Total: 108853 ns
[2020-09-11T14:29:28.111+0000][1][safepoint    ] Safepoint "Cleanup", Time since last: 1000152262 ns, Reaching safepoint: 141457 ns, At safepoint: 16144 ns, Total: 157601 ns
[2020-09-11T14:29:30.824+0000][1][safepoint    ] Safepoint "RevokeBias", Time since last: 2712850286 ns, Reaching safepoint: 178580 ns, At safepoint: 33166 ns, Total: 211746 ns
[2020-09-11T14:29:30.825+0000][1][safepoint    ] Safepoint "RevokeBias", Time since last: 528291 ns, Reaching safepoint: 160614 ns, At safepoint: 23249 ns, Total: 183863 ns
[2020-09-11T14:29:30.831+0000][1][safepoint    ] Safepoint "RevokeBias", Time since last: 5939889 ns, Reaching safepoint: 190345 ns, At safepoint: 18509 ns, Total: 208854 ns
[2020-09-11T14:29:30.832+0000][1][safepoint    ] Safepoint "RevokeBias", Time since last: 266272 ns, Reaching safepoint: 903888 ns, At safepoint: 19356 ns, Total: 923244 ns
[2020-09-11T14:29:30.832+0000][1][safepoint    ] Safepoint "RevokeBias", Time since last: 57468 ns, Reaching safepoint: 148715 ns, At safepoint: 13270 ns, Total: 161985 ns
[2020-09-11T14:29:30.832+0000][1][safepoint    ] Safepoint "RevokeBias", Time since last: 39709 ns, Reaching safepoint: 133192 ns, At safepoint: 11535 ns, Total: 144727 ns
[2020-09-11T14:29:30.833+0000][1][safepoint    ] Safepoint "RevokeBias", Time since last: 851721 ns, Reaching safepoint: 171944 ns, At safepoint: 15636 ns, Total: 187580 ns
[2020-09-11T14:29:30.849+0000][1][safepoint    ] Safepoint "RevokeBias", Time since last: 15733584 ns, Reaching safepoint: 188244 ns, At safepoint: 20364 ns, Total: 208608 ns
[2020-09-11T14:29:30.850+0000][1][safepoint    ] Safepoint "RevokeBias", Time since last: 191610 ns, Reaching safepoint: 160645 ns, At safepoint: 11898 ns, Total: 172543 ns
[2020-09-11T14:29:30.860+0000][1][safepoint    ] Safepoint "RevokeBias", Time since last: 9169848 ns, Reaching safepoint: 993371 ns, At safepoint: 23132 ns, Total: 1016503 ns
[2020-09-11T14:29:30.860+0000][1][safepoint    ] Safepoint "RevokeBias", Time since last: 99065 ns, Reaching safepoint: 328619 ns, At safepoint: 13600 ns, Total: 342219 ns
[2020-09-11T14:29:30.862+0000][1][safepoint    ] Safepoint "RevokeBias", Time since last: 67094 ns, Reaching safepoint: 1495482 ns, At safepoint: 17969 ns, Total: 1513451 ns
[2020-09-11T14:29:30.863+0000][1][safepoint    ] Safepoint "RevokeBias", Time since last: 59685 ns, Reaching safepoint: 1504827 ns, At safepoint: 18178 ns, Total: 1523005 ns
[2020-09-11T14:29:30.864+0000][1][safepoint    ] Safepoint "RevokeBias", Time since last: 192909 ns, Reaching safepoint: 305620 ns, At safepoint: 14392 ns, Total: 320012 ns
[2020-09-11T14:29:31.185+0000][1][safepoint    ] Safepoint "RevokeBias", Time since last: 321108701 ns, Reaching safepoint: 254627 ns, At safepoint: 45572 ns, Total: 300199 ns
[2020-09-11T14:29:31.187+0000][1][safepoint    ] Safepoint "RevokeBias", Time since last: 1042434 ns, Reaching safepoint: 201843 ns, At safepoint: 39124 ns, Total: 240967 ns
[2020-09-11T14:29:31.458+0000][1][safepoint    ] Safepoint "RevokeBias", Time since last: 271249883 ns, Reaching safepoint: 247798 ns, At safepoint: 51722 ns, Total: 299520 ns
[2020-09-11T14:29:32.295+0000][1][safepoint    ] Safepoint "RevokeBias", Time since last: 833915627 ns, Reaching safepoint: 2731581 ns, At safepoint: 26797 ns, Total: 2758378 ns
[2020-09-11T14:29:32.295+0000][1][safepoint    ] Safepoint "RevokeBias", Time since last: 108078 ns, Reaching safepoint: 436374 ns, At safepoint: 15612 ns, Total: 451986 ns
[2020-09-11T14:29:32.297+0000][1][safepoint    ] Safepoint "RevokeBias", Time since last: 53857 ns, Reaching safepoint: 1528639 ns, At safepoint: 19165 ns, Total: 1547804 ns
[2020-09-11T14:29:32.297+0000][1][safepoint    ] Safepoint "RevokeBias", Time since last: 56125 ns, Reaching safepoint: 296086 ns, At safepoint: 16974 ns, Total: 313060 ns
[2020-09-11T14:29:32.299+0000][1][safepoint    ] Safepoint "RevokeBias", Time since last: 379515 ns, Reaching safepoint: 1651597 ns, At safepoint: 23367 ns, Total: 1674964 ns
[2020-09-11T14:29:32.301+0000][1][safepoint    ] Safepoint "RevokeBias", Time since last: 178665 ns, Reaching safepoint: 1467074 ns, At safepoint: 21311 ns, Total: 1488385 ns
[2020-09-11T14:29:32.309+0000][1][safepoint    ] Safepoint "RevokeBias", Time since last: 6342556 ns, Reaching safepoint: 1641888 ns, At safepoint: 34197 ns, Total: 1676085 ns
[2020-09-11T14:29:32.321+0000][1][safepoint    ] Safepoint "RevokeBias", Time since last: 12100959 ns, Reaching safepoint: 206765 ns, At safepoint: 22022 ns, Total: 228787 ns
[2020-09-11T14:29:32.322+0000][1][safepoint    ] Safepoint "RevokeBias", Time since last: 110501 ns, Reaching safepoint: 622424 ns, At safepoint: 16172 ns, Total: 638596 ns
[2020-09-11T14:29:32.323+0000][1][safepoint    ] Safepoint "RevokeBias", Time since last: 54643 ns, Reaching safepoint: 1148192 ns, At safepoint: 17609 ns, Total: 1165801 ns
[2020-09-11T14:29:32.325+0000][1][safepoint    ] Safepoint "RevokeBias", Time since last: 54587 ns, Reaching safepoint: 1633263 ns, At safepoint: 23758 ns, Total: 1657021 ns
[2020-09-11T14:29:32.326+0000][1][safepoint    ] Safepoint "RevokeBias", Time since last: 206587 ns, Reaching safepoint: 580477 ns, At safepoint: 16335 ns, Total: 596812 ns
[2020-09-11T14:29:32.541+0000][1][safepoint    ] Safepoint "RevokeBias", Time since last: 214483776 ns, Reaching safepoint: 70949 ns, At safepoint: 20559 ns, Total: 91508 ns
[2020-09-11T14:29:32.541+0000][1][safepoint    ] Safepoint "RevokeBias", Time since last: 83037 ns, Reaching safepoint: 28119 ns, At safepoint: 11279 ns, Total: 39398 ns
[2020-09-11T14:29:32.541+0000][1][safepoint    ] Safepoint "RevokeBias", Time since last: 40503 ns, Reaching safepoint: 26333 ns, At safepoint: 9971 ns, Total: 36304 ns
[2020-09-11T14:29:32.541+0000][1][safepoint    ] Safepoint "RevokeBias", Time since last: 33521 ns, Reaching safepoint: 25403 ns, At safepoint: 9536 ns, Total: 34939 ns
[2020-09-11T14:29:32.541+0000][1][safepoint    ] Safepoint "RevokeBias", Time since last: 47916 ns, Reaching safepoint: 26508 ns, At safepoint: 9755 ns, Total: 36263 ns
[2020-09-11T14:29:32.541+0000][1][safepoint    ] Safepoint "RevokeBias", Time since last: 116305 ns, Reaching safepoint: 29863 ns, At safepoint: 10025 ns, Total: 39888 ns
[2020-09-11T14:29:32.546+0000][1][safepoint    ] Safepoint "RevokeBias", Time since last: 4707212 ns, Reaching safepoint: 219465 ns, At safepoint: 18964 ns, Total: 238429 ns
[2020-09-11T14:29:33.138+0000][1][safepoint    ] Safepoint "RevokeBias", Time since last: 591637508 ns, Reaching safepoint: 72962 ns, At safepoint: 18641 ns, Total: 91603 ns
[2020-09-11T14:29:33.138+0000][1][safepoint    ] Safepoint "BulkRevokeBias", Time since last: 91008 ns, Reaching safepoint: 25616 ns, At safepoint: 150265 ns, Total: 175881 ns
[2020-09-11T14:29:34.138+0000][1][safepoint    ] Safepoint "Cleanup", Time since last: 1000106315 ns, Reaching safepoint: 232112 ns, At safepoint: 28689 ns, Total: 260801 ns
[2020-09-11T14:29:35.139+0000][1][safepoint    ] Safepoint "Cleanup", Time since last: 1000165514 ns, Reaching safepoint: 117309 ns, At safepoint: 5539 ns, Total: 122848 ns
[2020-09-11T14:29:36.139+0000][1][safepoint    ] Safepoint "Cleanup", Time since last: 1000179412 ns, Reaching safepoint: 104791 ns, At safepoint: 8072 ns, Total: 112863 ns
[2020-09-11T14:29:37.139+0000][1][safepoint    ] Safepoint "Cleanup", Time since last: 1000167479 ns, Reaching safepoint: 139222 ns, At safepoint: 16709 ns, Total: 155931 ns
[2020-09-11T14:29:38.140+0000][1][safepoint    ] Safepoint "Cleanup", Time since last: 1000204449 ns, Reaching safepoint: 130559 ns, At safepoint: 17340 ns, Total: 147899 ns
[2020-09-11T14:29:39.140+0000][1][safepoint    ] Safepoint "Cleanup", Time since last: 1000222125 ns, Reaching safepoint: 139861 ns, At safepoint: 18098 ns, Total: 157959 ns
[2020-09-11T14:29:40.140+0000][1][safepoint    ] Safepoint "Cleanup", Time since last: 1000207960 ns, Reaching safepoint: 144900 ns, At safepoint: 17520 ns, Total: 162420 ns
[2020-09-11T14:29:41.142+0000][1][safepoint    ] Safepoint "Cleanup", Time since last: 1001284545 ns, Reaching safepoint: 80408 ns, At safepoint: 8744 ns, Total: 89152 ns
[2020-09-11T14:29:42.142+0000][1][safepoint    ] Safepoint "Cleanup", Time since last: 1000142627 ns, Reaching safepoint: 159760 ns, At safepoint: 16287 ns, Total: 176047 ns
[2020-09-11T14:29:43.142+0000][1][safepoint    ] Safepoint "Cleanup", Time since last: 1000208151 ns, Reaching safepoint: 96605 ns, At safepoint: 5999 ns, Total: 102604 ns
[2020-09-11T14:29:44.143+0000][1][safepoint    ] Safepoint "Cleanup", Time since last: 1000174916 ns, Reaching safepoint: 100986 ns, At safepoint: 7261 ns, Total: 108247 ns
[2020-09-11T14:29:45.143+0000][1][safepoint    ] Safepoint "Cleanup", Time since last: 1000158492 ns, Reaching safepoint: 113269 ns, At safepoint: 6517 ns, Total: 119786 ns
[2020-09-11T14:29:45.216+0000][1][gc,start     ] GC(74) Pause Young (Allocation Failure)
[2020-09-11T14:29:45.216+0000][1][gc,task      ] GC(74) Using 1 workers of 1 for evacuation
[2020-09-11T14:29:45.226+0000][1][gc,age       ] GC(74) Desired survivor size 4358144 bytes, new threshold 6 (max threshold 6)
[2020-09-11T14:29:45.226+0000][1][gc,age       ] GC(74) Age table with threshold 6 (max threshold 6)
[2020-09-11T14:29:45.226+0000][1][gc,age       ] GC(74) - age   1:      98256 bytes,      98256 total
[2020-09-11T14:29:45.226+0000][1][gc,age       ] GC(74) - age   2:       2664 bytes,     100920 total
[2020-09-11T14:29:45.226+0000][1][gc,age       ] GC(74) - age   3:       6104 bytes,     107024 total
[2020-09-11T14:29:45.226+0000][1][gc,age       ] GC(74) - age   4:     368536 bytes,     475560 total
[2020-09-11T14:29:45.226+0000][1][gc,age       ] GC(74) - age   5:     457984 bytes,     933544 total
[2020-09-11T14:29:45.226+0000][1][gc,age       ] GC(74) - age   6:      50552 bytes,     984096 total
[2020-09-11T14:29:45.226+0000][1][gc,heap      ] GC(74) ParNew: 71270K->1379K(76672K)
[2020-09-11T14:29:45.226+0000][1][gc,heap      ] GC(74) CMS: 67274K->67988K(439104K)
[2020-09-11T14:29:45.226+0000][1][gc,metaspace ] GC(74) Metaspace: 84597K->84597K(1126400K)
[2020-09-11T14:29:45.226+0000][1][gc           ] GC(74) Pause Young (Allocation Failure) 135M->67M(503M) 10.207ms
[2020-09-11T14:29:45.226+0000][1][gc,cpu       ] GC(74) User=0.01s Sys=0.00s Real=0.01s
[2020-09-11T14:29:45.226+0000][1][safepoint    ] Safepoint "GenCollectForAllocation", Time since last: 72503014 ns, Reaching safepoint: 159727 ns, At safepoint: 10345517 ns, Total: 10505244 ns
[2020-09-11T14:29:46.228+0000][1][safepoint    ] Safepoint "Cleanup", Time since last: 1002001619 ns, Reaching safepoint: 71114 ns, At safepoint: 18287 ns, Total: 89401 ns
[2020-09-11T14:29:47.229+0000][1][safepoint    ] Safepoint "Cleanup", Time since last: 1000551536 ns, Reaching safepoint: 68258 ns, At safepoint: 13851 ns, Total: 82109 ns
[2020-09-11T14:29:48.230+0000][1][safepoint    ] Safepoint "Cleanup", Time since last: 1001089609 ns, Reaching safepoint: 118925 ns, At safepoint: 20301 ns, Total: 139226 ns
[2020-09-11T14:29:49.230+0000][1][safepoint    ] Safepoint "Cleanup", Time since last: 1000140714 ns, Reaching safepoint: 116442 ns, At safepoint: 6123 ns, Total: 122565 ns
[2020-09-11T14:29:50.230+0000][1][safepoint    ] Safepoint "Cleanup", Time since last: 1000201904 ns, Reaching safepoint: 106094 ns, At safepoint: 7693 ns, Total: 113787 ns
[2020-09-11T14:29:51.231+0000][1][safepoint    ] Safepoint "Cleanup", Time since last: 1000175005 ns, Reaching safepoint: 143272 ns, At safepoint: 34075 ns, Total: 177347 ns
[2020-09-11T14:29:52.231+0000][1][safepoint    ] Safepoint "Cleanup", Time since last: 1000210049 ns, Reaching safepoint: 129106 ns, At safepoint: 16465 ns, Total: 145571 ns
[2020-09-11T14:29:53.232+0000][1][safepoint    ] Safepoint "Cleanup", Time since last: 1001019458 ns, Reaching safepoint: 138498 ns, At safepoint: 16307 ns, Total: 154805 ns
[2020-09-11T14:29:54.233+0000][1][safepoint    ] Safepoint "Cleanup", Time since last: 1000238632 ns, Reaching safepoint: 100948 ns, At safepoint: 6647 ns, Total: 107595 ns
[2020-09-11T14:29:55.233+0000][1][safepoint    ] Safepoint "Cleanup", Time since last: 1000175594 ns, Reaching safepoint: 145671 ns, At safepoint: 16143 ns, Total: 161814 ns
[2020-09-11T14:29:56.233+0000][1][safepoint    ] Safepoint "Cleanup", Time since last: 1000218980 ns, Reaching safepoint: 148424 ns, At safepoint: 16982 ns, Total: 165406 ns
[2020-09-11T14:29:57.234+0000][1][safepoint    ] Safepoint "Cleanup", Time since last: 1000202944 ns, Reaching safepoint: 151471 ns, At safepoint: 16177 ns, Total: 167648 ns
[2020-09-11T14:29:58.235+0000][1][safepoint    ] Safepoint "Cleanup", Time since last: 1001133209 ns, Reaching safepoint: 150682 ns, At safepoint: 17507 ns, Total: 168189 ns
[2020-09-11T14:30:04.237+0000][1][safepoint    ] Safepoint "Cleanup", Time since last: 6001962286 ns, Reaching safepoint: 117131 ns, At safepoint: 6905 ns, Total: 124036 ns
[2020-09-11T14:30:05.238+0000][1][safepoint    ] Safepoint "Cleanup", Time since last: 1000157433 ns, Reaching safepoint: 146580 ns, At safepoint: 16290 ns, Total: 162870 ns
[2020-09-11T14:30:16.239+0000][1][safepoint    ] Safepoint "Cleanup", Time since last: 11001708515 ns, Reaching safepoint: 128992 ns, At safepoint: 16936 ns, Total: 145928 ns
[2020-09-11T14:30:26.241+0000][1][safepoint    ] Safepoint "Cleanup", Time since last: 10001429436 ns, Reaching safepoint: 101386 ns, At safepoint: 7036 ns, Total: 108422 ns
[2020-09-11T14:30:27.241+0000][1][safepoint    ] Safepoint "Cleanup", Time since last: 1000172966 ns, Reaching safepoint: 105889 ns, At safepoint: 7221 ns, Total: 113110 ns
[2020-09-11T14:30:28.241+0000][1][safepoint    ] Safepoint "Cleanup", Time since last: 1000146483 ns, Reaching safepoint: 114743 ns, At safepoint: 6326 ns, Total: 121069 ns
[2020-09-11T14:30:29.242+0000][1][safepoint    ] Safepoint "Cleanup", Time since last: 1000150805 ns, Reaching safepoint: 135585 ns, At safepoint: 16648 ns, Total: 152233 ns
[2020-09-11T14:30:31.242+0000][1][safepoint    ] Safepoint "Cleanup", Time since last: 2000330974 ns, Reaching safepoint: 139293 ns, At safepoint: 17490 ns, Total: 156783 ns
[2020-09-11T14:30:34.243+0000][1][safepoint    ] Safepoint "Cleanup", Time since last: 3000423412 ns, Reaching safepoint: 171389 ns, At safepoint: 17133 ns, Total: 188522 ns
[2020-09-11T14:30:35.243+0000][1][safepoint    ] Safepoint "Cleanup", Time since last: 1000215933 ns, Reaching safepoint: 124750 ns, At safepoint: 16982 ns, Total: 141732 ns
[2020-09-11T14:30:36.244+0000][1][safepoint    ] Safepoint "Cleanup", Time since last: 1000241273 ns, Reaching safepoint: 87565 ns, At safepoint: 6576 ns, Total: 94141 ns
[2020-09-11T14:30:37.244+0000][1][safepoint    ] Safepoint "Cleanup", Time since last: 1000139501 ns, Reaching safepoint: 133904 ns, At safepoint: 16866 ns, Total: 150770 ns
[2020-09-11T14:30:38.244+0000][1][safepoint    ] Safepoint "Cleanup", Time since last: 1000179487 ns, Reaching safepoint: 120025 ns, At safepoint: 14970 ns, Total: 134995 ns
[2020-09-11T14:30:39.244+0000][1][safepoint    ] Safepoint "Cleanup", Time since last: 1000107380 ns, Reaching safepoint: 77347 ns, At safepoint: 7937 ns, Total: 85284 ns
[2020-09-11T14:30:40.257+0000][1][safepoint    ] Safepoint "Cleanup", Time since last: 1000139896 ns, Reaching safepoint: 12355262 ns, At safepoint: 6605 ns, Total: 12361867 ns
[2020-09-11T14:30:41.257+0000][1][safepoint    ] Safepoint "Cleanup", Time since last: 1000168927 ns, Reaching safepoint: 218374 ns, At safepoint: 16865 ns, Total: 235239 ns
[2020-09-11T14:30:42.258+0000][1][safepoint    ] Safepoint "Cleanup", Time since last: 1000207609 ns, Reaching safepoint: 156268 ns, At safepoint: 14280 ns, Total: 170548 ns
[2020-09-11T14:30:43.258+0000][1][safepoint    ] Safepoint "Cleanup", Time since last: 1000235512 ns, Reaching safepoint: 93310 ns, At safepoint: 6943 ns, Total: 100253 ns
[2020-09-11T14:30:44.258+0000][1][safepoint    ] Safepoint "Cleanup", Time since last: 1000195479 ns, Reaching safepoint: 85085 ns, At safepoint: 9350 ns, Total: 94435 ns
[2020-09-11T14:30:45.259+0000][1][safepoint    ] Safepoint "Cleanup", Time since last: 1000189038 ns, Reaching safepoint: 95856 ns, At safepoint: 6946 ns, Total: 102802 ns
[2020-09-11T14:30:46.259+0000][1][safepoint    ] Safepoint "Cleanup", Time since last: 1000183846 ns, Reaching safepoint: 89106 ns, At safepoint: 6880 ns, Total: 95986 ns
[2020-09-11T14:30:47.259+0000][1][safepoint    ] Safepoint "Cleanup", Time since last: 1000203712 ns, Reaching safepoint: 132450 ns, At safepoint: 16328 ns, Total: 148778 ns
[2020-09-11T14:30:48.260+0000][1][safepoint    ] Safepoint "Cleanup", Time since last: 1000253451 ns, Reaching safepoint: 84588 ns, At safepoint: 5772 ns, Total: 90360 ns
[2020-09-11T14:30:49.254+0000][1][gc,start     ] GC(75) Pause Young (Allocation Failure)
[2020-09-11T14:30:49.254+0000][1][gc,task      ] GC(75) Using 1 workers of 1 for evacuation
[2020-09-11T14:30:49.261+0000][1][gc,age       ] GC(75) Desired survivor size 4358144 bytes, new threshold 6 (max threshold 6)
[2020-09-11T14:30:49.261+0000][1][gc,age       ] GC(75) Age table with threshold 6 (max threshold 6)
[2020-09-11T14:30:49.261+0000][1][gc,age       ] GC(75) - age   1:      29104 bytes,      29104 total
[2020-09-11T14:30:49.261+0000][1][gc,age       ] GC(75) - age   2:      70040 bytes,      99144 total
[2020-09-11T14:30:49.261+0000][1][gc,age       ] GC(75) - age   3:       2664 bytes,     101808 total
[2020-09-11T14:30:49.261+0000][1][gc,age       ] GC(75) - age   4:       6104 bytes,     107912 total
[2020-09-11T14:30:49.261+0000][1][gc,age       ] GC(75) - age   5:     368472 bytes,     476384 total
[2020-09-11T14:30:49.261+0000][1][gc,age       ] GC(75) - age   6:     457984 bytes,     934368 total
[2020-09-11T14:30:49.261+0000][1][gc,heap      ] GC(75) ParNew: 69539K->1065K(76672K)
[2020-09-11T14:30:49.261+0000][1][gc,heap      ] GC(75) CMS: 67988K->68038K(439104K)
[2020-09-11T14:30:49.261+0000][1][gc,metaspace ] GC(75) Metaspace: 84627K->84627K(1126400K)
[2020-09-11T14:30:49.261+0000][1][gc           ] GC(75) Pause Young (Allocation Failure) 134M->67M(503M) 7.571ms
[2020-09-11T14:30:49.261+0000][1][gc,cpu       ] GC(75) User=0.01s Sys=0.00s Real=0.01s
[2020-09-11T14:30:49.261+0000][1][safepoint    ] Safepoint "GenCollectForAllocation", Time since last: 993959184 ns, Reaching safepoint: 192031 ns, At safepoint: 7636647 ns, Total: 7828678 ns
[2020-09-11T14:30:50.267+0000][1][safepoint    ] Safepoint "Cleanup", Time since last: 1005351044 ns, Reaching safepoint: 119487 ns, At safepoint: 15957 ns, Total: 135444 ns
[2020-09-11T14:30:51.267+0000][1][safepoint    ] Safepoint "Cleanup", Time since last: 1000167747 ns, Reaching safepoint: 106678 ns, At safepoint: 5619 ns, Total: 112297 ns
[2020-09-11T14:30:52.268+0000][1][safepoint    ] Safepoint "Cleanup", Time since last: 1000649133 ns, Reaching safepoint: 126690 ns, At safepoint: 17113 ns, Total: 143803 ns
[2020-09-11T14:30:53.268+0000][1][safepoint    ] Safepoint "Cleanup", Time since last: 1000218805 ns, Reaching safepoint: 92074 ns, At safepoint: 6789 ns, Total: 98863 ns
[2020-09-11T14:30:54.272+0000][1][safepoint    ] Safepoint "Cleanup", Time since last: 1003238505 ns, Reaching safepoint: 164341 ns, At safepoint: 9259 ns, Total: 173600 ns
[2020-09-11T14:30:55.403+0000][1][safepoint    ] Safepoint "Cleanup", Time since last: 1130695518 ns, Reaching safepoint: 319276 ns, At safepoint: 18880 ns, Total: 338156 ns
[2020-09-11T14:30:57.164+0000][1][safepoint    ] Safepoint "Cleanup", Time since last: 1760939819 ns, Reaching safepoint: 118463 ns, At safepoint: 7445 ns, Total: 125908 ns
[2020-09-11T14:30:58.164+0000][1][safepoint    ] Safepoint "Cleanup", Time since last: 1000171135 ns, Reaching safepoint: 147121 ns, At safepoint: 17466 ns, Total: 164587 ns
[2020-09-11T14:30:59.164+0000][1][safepoint    ] Safepoint "Cleanup", Time since last: 1000204231 ns, Reaching safepoint: 103501 ns, At safepoint: 7535 ns, Total: 111036 ns
[2020-09-11T14:31:00.165+0000][1][safepoint    ] Safepoint "Cleanup", Time since last: 1000161063 ns, Reaching safepoint: 111755 ns, At safepoint: 6380 ns, Total: 118135 ns
[2020-09-11T14:31:01.165+0000][1][safepoint    ] Safepoint "Cleanup", Time since last: 1000188629 ns, Reaching safepoint: 149634 ns, At safepoint: 18285 ns, Total: 167919 ns
[2020-09-11T14:31:02.165+0000][1][safepoint    ] Safepoint "Cleanup", Time since last: 1000222656 ns, Reaching safepoint: 93205 ns, At safepoint: 7390 ns, Total: 100595 ns
[2020-09-11T14:31:03.166+0000][1][safepoint    ] Safepoint "Cleanup", Time since last: 1000766500 ns, Reaching safepoint: 91726 ns, At safepoint: 7321 ns, Total: 99047 ns
[2020-09-11T14:31:04.166+0000][1][safepoint    ] Safepoint "Cleanup", Time since last: 1000126684 ns, Reaching safepoint: 73536 ns, At safepoint: 7016 ns, Total: 80552 ns
[2020-09-11T14:31:05.167+0000][1][safepoint    ] Safepoint "Cleanup", Time since last: 1000250269 ns, Reaching safepoint: 95718 ns, At safepoint: 7440 ns, Total: 103158 ns
[2020-09-11T14:31:06.167+0000][1][safepoint    ] Safepoint "Cleanup", Time since last: 1000128177 ns, Reaching safepoint: 75300 ns, At safepoint: 6730 ns, Total: 82030 ns
[2020-09-11T14:31:07.167+0000][1][safepoint    ] Safepoint "Cleanup", Time since last: 1000173011 ns, Reaching safepoint: 130142 ns, At safepoint: 16574 ns, Total: 146716 ns
[2020-09-11T14:31:08.167+0000][1][safepoint    ] Safepoint "Cleanup", Time since last: 1000134575 ns, Reaching safepoint: 77375 ns, At safepoint: 9077 ns, Total: 86452 ns
[2020-09-11T14:31:09.168+0000][1][safepoint    ] Safepoint "Cleanup", Time since last: 1000077943 ns, Reaching safepoint: 160345 ns, At safepoint: 16464 ns, Total: 176809 ns
[2020-09-11T14:31:10.168+0000][1][safepoint    ] Safepoint "Cleanup", Time since last: 1000143290 ns, Reaching safepoint: 75813 ns, At safepoint: 8438 ns, Total: 84251 ns
[2020-09-11T14:31:11.168+0000][1][safepoint    ] Safepoint "Cleanup", Time since last: 1000125341 ns, Reaching safepoint: 79338 ns, At safepoint: 9313 ns, Total: 88651 ns
[2020-09-11T14:31:12.168+0000][1][safepoint    ] Safepoint "Cleanup", Time since last: 1000112712 ns, Reaching safepoint: 73784 ns, At safepoint: 8554 ns, Total: 82338 ns
[2020-09-11T14:31:13.169+0000][1][safepoint    ] Safepoint "Cleanup", Time since last: 1000115770 ns, Reaching safepoint: 73324 ns, At safepoint: 8456 ns, Total: 81780 ns
[2020-09-11T14:31:14.169+0000][1][safepoint    ] Safepoint "Cleanup", Time since last: 1000112872 ns, Reaching safepoint: 73506 ns, At safepoint: 8261 ns, Total: 81767 ns
[2020-09-11T14:31:15.169+0000][1][safepoint    ] Safepoint "Cleanup", Time since last: 1000122011 ns, Reaching safepoint: 73167 ns, At safepoint: 7960 ns, Total: 81127 ns
[2020-09-11T14:31:16.169+0000][1][safepoint    ] Safepoint "Cleanup", Time since last: 1000112861 ns, Reaching safepoint: 77233 ns, At safepoint: 8206 ns, Total: 85439 ns
[2020-09-11T14:31:19.170+0000][1][safepoint    ] Safepoint "Cleanup", Time since last: 3000257305 ns, Reaching safepoint: 87563 ns, At safepoint: 6635 ns, Total: 94198 ns
[2020-09-11T14:31:24.170+0000][1][safepoint    ] Safepoint "Cleanup", Time since last: 5000422545 ns, Reaching safepoint: 78996 ns, At safepoint: 9329 ns, Total: 88325 ns
[2020-09-11T14:31:27.170+0000][1][safepoint    ] Safepoint "Cleanup", Time since last: 3000277429 ns, Reaching safepoint: 82913 ns, At safepoint: 8735 ns, Total: 91648 ns
[2020-09-11T14:31:40.172+0000][1][safepoint    ] Safepoint "Cleanup", Time since last: 13001056521 ns, Reaching safepoint: 126868 ns, At safepoint: 8926 ns, Total: 135794 ns
[2020-09-11T14:31:45.172+0000][1][safepoint    ] Safepoint "Cleanup", Time since last: 5000397589 ns, Reaching safepoint: 75456 ns, At safepoint: 8642 ns, Total: 84098 ns
[2020-09-11T14:31:47.172+0000][1][safepoint    ] Safepoint "Cleanup", Time since last: 2000195373 ns, Reaching safepoint: 81555 ns, At safepoint: 8135 ns, Total: 89690 ns
[2020-09-11T14:31:52.173+0000][1][safepoint    ] Safepoint "Cleanup", Time since last: 5000617299 ns, Reaching safepoint: 152834 ns, At safepoint: 19277 ns, Total: 172111 ns
[2020-09-11T14:31:54.328+0000][1][gc,start     ] GC(76) Pause Young (Allocation Failure)
[2020-09-11T14:31:54.329+0000][1][gc,task      ] GC(76) Using 1 workers of 1 for evacuation
[2020-09-11T14:31:54.336+0000][1][gc,age       ] GC(76) Desired survivor size 4358144 bytes, new threshold 6 (max threshold 6)
[2020-09-11T14:31:54.336+0000][1][gc,age       ] GC(76) Age table with threshold 6 (max threshold 6)
[2020-09-11T14:31:54.336+0000][1][gc,age       ] GC(76) - age   1:      36688 bytes,      36688 total
[2020-09-11T14:31:54.336+0000][1][gc,age       ] GC(76) - age   2:       3144 bytes,      39832 total
[2020-09-11T14:31:54.336+0000][1][gc,age       ] GC(76) - age   3:      66568 bytes,     106400 total
[2020-09-11T14:31:54.336+0000][1][gc,age       ] GC(76) - age   4:       2664 bytes,     109064 total
[2020-09-11T14:31:54.336+0000][1][gc,age       ] GC(76) - age   5:       6104 bytes,     115168 total
[2020-09-11T14:31:54.336+0000][1][gc,age       ] GC(76) - age   6:     367232 bytes,     482400 total
[2020-09-11T14:31:54.336+0000][1][gc,heap      ] GC(76) ParNew: 69225K->950K(76672K)
[2020-09-11T14:31:54.336+0000][1][gc,heap      ] GC(76) CMS: 68038K->68502K(439104K)
[2020-09-11T14:31:54.336+0000][1][gc,metaspace ] GC(76) Metaspace: 84661K->84661K(1126400K)
[2020-09-11T14:31:54.336+0000][1][gc           ] GC(76) Pause Young (Allocation Failure) 134M->67M(503M) 7.846ms
[2020-09-11T14:31:54.336+0000][1][gc,cpu       ] GC(76) User=0.01s Sys=0.00s Real=0.01s
[2020-09-11T14:31:54.336+0000][1][safepoint    ] Safepoint "GenCollectForAllocation", Time since last: 2155113918 ns, Reaching safepoint: 188959 ns, At safepoint: 7910023 ns, Total: 8098982 ns
[2020-09-11T14:31:56.341+0000][1][safepoint    ] Safepoint "Cleanup", Time since last: 2004037797 ns, Reaching safepoint: 126905 ns, At safepoint: 18098 ns, Total: 145003 ns
[2020-09-11T14:31:57.341+0000][1][safepoint    ] Safepoint "Cleanup", Time since last: 1000148218 ns, Reaching safepoint: 177511 ns, At safepoint: 8165 ns, Total: 185676 ns
[2020-09-11T14:31:58.341+0000][1][safepoint    ] Safepoint "Cleanup", Time since last: 1000485656 ns, Reaching safepoint: 97060 ns, At safepoint: 9404 ns, Total: 106464 ns
[2020-09-11T14:31:59.342+0000][1][safepoint    ] Safepoint "Cleanup", Time since last: 1000130578 ns, Reaching safepoint: 185395 ns, At safepoint: 7996 ns, Total: 193391 ns
[2020-09-11T14:32:00.343+0000][1][safepoint    ] Safepoint "Cleanup", Time since last: 1000689808 ns, Reaching safepoint: 136184 ns, At safepoint: 5762 ns, Total: 141946 ns
[2020-09-11T14:32:01.343+0000][1][safepoint    ] Safepoint "Cleanup", Time since last: 1000119528 ns, Reaching safepoint: 67457 ns, At safepoint: 6261 ns, Total: 73718 ns
[2020-09-11T14:32:02.343+0000][1][safepoint    ] Safepoint "Cleanup", Time since last: 1000114549 ns, Reaching safepoint: 134686 ns, At safepoint: 16267 ns, Total: 150953 ns
[2020-09-11T14:32:03.343+0000][1][safepoint    ] Safepoint "Cleanup", Time since last: 1000190425 ns, Reaching safepoint: 133621 ns, At safepoint: 7200 ns, Total: 140821 ns
[2020-09-11T14:32:04.344+0000][1][safepoint    ] Safepoint "Cleanup", Time since last: 1000129376 ns, Reaching safepoint: 135905 ns, At safepoint: 15736 ns, Total: 151641 ns
[2020-09-11T14:32:05.345+0000][1][safepoint    ] Safepoint "Cleanup", Time since last: 1001088360 ns, Reaching safepoint: 115469 ns, At safepoint: 6392 ns, Total: 121861 ns
[2020-09-11T14:32:06.345+0000][1][safepoint    ] Safepoint "Cleanup", Time since last: 1000133283 ns, Reaching safepoint: 135948 ns, At safepoint: 15021 ns, Total: 150969 ns
[2020-09-11T14:32:07.346+0000][1][safepoint    ] Safepoint "Cleanup", Time since last: 1000199656 ns, Reaching safepoint: 116883 ns, At safepoint: 6927 ns, Total: 123810 ns
[2020-09-11T14:32:08.346+0000][1][safepoint    ] Safepoint "Cleanup", Time since last: 1000241099 ns, Reaching safepoint: 290590 ns, At safepoint: 15412 ns, Total: 306002 ns
[2020-09-11T14:32:09.346+0000][1][safepoint    ] Safepoint "Cleanup", Time since last: 1000241165 ns, Reaching safepoint: 107310 ns, At safepoint: 7650 ns, Total: 114960 ns
[2020-09-11T14:32:10.347+0000][1][safepoint    ] Safepoint "Cleanup", Time since last: 1000824763 ns, Reaching safepoint: 154471 ns, At safepoint: 14748 ns, Total: 169219 ns
[2020-09-11T14:32:11.348+0000][1][safepoint    ] Safepoint "Cleanup", Time since last: 1000176254 ns, Reaching safepoint: 124823 ns, At safepoint: 7333 ns, Total: 132156 ns
[2020-09-11T14:32:12.348+0000][1][safepoint    ] Safepoint "Cleanup", Time since last: 1000170622 ns, Reaching safepoint: 129177 ns, At safepoint: 13741 ns, Total: 142918 ns
[2020-09-11T14:32:13.348+0000][1][safepoint    ] Safepoint "Cleanup", Time since last: 1000151651 ns, Reaching safepoint: 137849 ns, At safepoint: 16538 ns, Total: 154387 ns
[2020-09-11T14:32:14.349+0000][1][safepoint    ] Safepoint "Cleanup", Time since last: 1000213735 ns, Reaching safepoint: 136560 ns, At safepoint: 17029 ns, Total: 153589 ns
[2020-09-11T14:32:15.350+0000][1][safepoint    ] Safepoint "Cleanup", Time since last: 1001303776 ns, Reaching safepoint: 103771 ns, At safepoint: 6492 ns, Total: 110263 ns
[2020-09-11T14:32:16.350+0000][1][safepoint    ] Safepoint "Cleanup", Time since last: 1000141530 ns, Reaching safepoint: 122213 ns, At safepoint: 14433 ns, Total: 136646 ns
[2020-09-11T14:32:17.351+0000][1][safepoint    ] Safepoint "Cleanup", Time since last: 1000182703 ns, Reaching safepoint: 92075 ns, At safepoint: 6666 ns, Total: 98741 ns
[2020-09-11T14:32:18.351+0000][1][safepoint    ] Safepoint "Cleanup", Time since last: 1000130217 ns, Reaching safepoint: 75642 ns, At safepoint: 6892 ns, Total: 82534 ns
[2020-09-11T14:32:19.351+0000][1][safepoint    ] Safepoint "Cleanup", Time since last: 1000235102 ns, Reaching safepoint: 72900 ns, At safepoint: 7115 ns, Total: 80015 ns
[2020-09-11T14:32:20.352+0000][1][safepoint    ] Safepoint "Cleanup", Time since last: 1000979063 ns, Reaching safepoint: 124358 ns, At safepoint: 6204 ns, Total: 130562 ns
[2020-09-11T14:32:21.353+0000][1][safepoint    ] Safepoint "Cleanup", Time since last: 1000139452 ns, Reaching safepoint: 113576 ns, At safepoint: 7239 ns, Total: 120815 ns
[2020-09-11T14:32:22.353+0000][1][safepoint    ] Safepoint "Cleanup", Time since last: 1000148990 ns, Reaching safepoint: 116962 ns, At safepoint: 5979 ns, Total: 122941 ns
[2020-09-11T14:32:23.353+0000][1][safepoint    ] Safepoint "Cleanup", Time since last: 1000106708 ns, Reaching safepoint: 69914 ns, At safepoint: 5765 ns, Total: 75679 ns
[2020-09-11T14:32:24.353+0000][1][safepoint    ] Safepoint "Cleanup", Time since last: 1000195169 ns, Reaching safepoint: 68559 ns, At safepoint: 5893 ns, Total: 74452 ns
[2020-09-11T14:32:25.354+0000][1][safepoint    ] Safepoint "Cleanup", Time since last: 1000852513 ns, Reaching safepoint: 123792 ns, At safepoint: 5984 ns, Total: 129776 ns
[2020-09-11T14:32:26.355+0000][1][safepoint    ] Safepoint "Cleanup", Time since last: 1000139770 ns, Reaching safepoint: 115215 ns, At safepoint: 6474 ns, Total: 121689 ns
[2020-09-11T14:32:27.355+0000][1][safepoint    ] Safepoint "Cleanup", Time since last: 1000133426 ns, Reaching safepoint: 120967 ns, At safepoint: 7342 ns, Total: 128309 ns
[2020-09-11T14:32:28.355+0000][1][safepoint    ] Safepoint "Cleanup", Time since last: 1000109855 ns, Reaching safepoint: 66685 ns, At safepoint: 5722 ns, Total: 72407 ns
[2020-09-11T14:32:29.355+0000][1][safepoint    ] Safepoint "Cleanup", Time since last: 1000103377 ns, Reaching safepoint: 73233 ns, At safepoint: 6382 ns, Total: 79615 ns
[2020-09-11T14:32:30.356+0000][1][safepoint    ] Safepoint "Cleanup", Time since last: 1000873399 ns, Reaching safepoint: 99189 ns, At safepoint: 7190 ns, Total: 106379 ns
[2020-09-11T14:32:31.356+0000][1][safepoint    ] Safepoint "Cleanup", Time since last: 1000109988 ns, Reaching safepoint: 69995 ns, At safepoint: 6284 ns, Total: 76279 ns
[2020-09-11T14:32:32.357+0000][1][safepoint    ] Safepoint "Cleanup", Time since last: 1000137126 ns, Reaching safepoint: 119213 ns, At safepoint: 6388 ns, Total: 125601 ns
[2020-09-11T14:32:33.357+0000][1][safepoint    ] Safepoint "Cleanup", Time since last: 1000140148 ns, Reaching safepoint: 132681 ns, At safepoint: 16050 ns, Total: 148731 ns
[2020-09-11T14:32:34.357+0000][1][safepoint    ] Safepoint "Cleanup", Time since last: 1000200775 ns, Reaching safepoint: 129411 ns, At safepoint: 15268 ns, Total: 144679 ns
[2020-09-11T14:32:35.358+0000][1][safepoint    ] Safepoint "Cleanup", Time since last: 1001070372 ns, Reaching safepoint: 117915 ns, At safepoint: 7624 ns, Total: 125539 ns
[2020-09-11T14:32:36.359+0000][1][safepoint    ] Safepoint "Cleanup", Time since last: 1000140828 ns, Reaching safepoint: 138073 ns, At safepoint: 6768 ns, Total: 144841 ns
[2020-09-11T14:32:37.359+0000][1][safepoint    ] Safepoint "Cleanup", Time since last: 1000141042 ns, Reaching safepoint: 95121 ns, At safepoint: 7475 ns, Total: 102596 ns
[2020-09-11T14:32:38.359+0000][1][safepoint    ] Safepoint "Cleanup", Time since last: 1000149998 ns, Reaching safepoint: 134893 ns, At safepoint: 15579 ns, Total: 150472 ns
[2020-09-11T14:32:39.360+0000][1][safepoint    ] Safepoint "Cleanup", Time since last: 1000168990 ns, Reaching safepoint: 93055 ns, At safepoint: 7407 ns, Total: 100462 ns
[2020-09-11T14:32:40.361+0000][1][safepoint    ] Safepoint "Cleanup", Time since last: 1000968036 ns, Reaching safepoint: 112406 ns, At safepoint: 6486 ns, Total: 118892 ns
[2020-09-11T14:32:41.361+0000][1][safepoint    ] Safepoint "Cleanup", Time since last: 1000147816 ns, Reaching safepoint: 118496 ns, At safepoint: 7407 ns, Total: 125903 ns
[2020-09-11T14:32:42.361+0000][1][safepoint    ] Safepoint "Cleanup", Time since last: 1000139755 ns, Reaching safepoint: 116474 ns, At safepoint: 6097 ns, Total: 122571 ns
[2020-09-11T14:32:43.361+0000][1][safepoint    ] Safepoint "Cleanup", Time since last: 1000144656 ns, Reaching safepoint: 149222 ns, At safepoint: 18168 ns, Total: 167390 ns
[2020-09-11T14:32:44.362+0000][1][safepoint    ] Safepoint "Cleanup", Time since last: 1000198443 ns, Reaching safepoint: 70767 ns, At safepoint: 6755 ns, Total: 77522 ns
[2020-09-11T14:32:45.363+0000][1][safepoint    ] Safepoint "Cleanup", Time since last: 1000786044 ns, Reaching safepoint: 75409 ns, At safepoint: 9200 ns, Total: 84609 ns
[2020-09-11T14:32:46.363+0000][1][safepoint    ] Safepoint "Cleanup", Time since last: 1000142987 ns, Reaching safepoint: 137105 ns, At safepoint: 16057 ns, Total: 153162 ns
[2020-09-11T14:32:47.363+0000][1][safepoint    ] Safepoint "Cleanup", Time since last: 1000220589 ns, Reaching safepoint: 98943 ns, At safepoint: 7797 ns, Total: 106740 ns
[2020-09-11T14:32:48.364+0000][1][safepoint    ] Safepoint "Cleanup", Time since last: 1000198841 ns, Reaching safepoint: 103439 ns, At safepoint: 6305 ns, Total: 109744 ns
[2020-09-11T14:32:49.364+0000][1][safepoint    ] Safepoint "Cleanup", Time since last: 1000145048 ns, Reaching safepoint: 142587 ns, At safepoint: 16551 ns, Total: 159138 ns
[2020-09-11T14:32:50.365+0000][1][safepoint    ] Safepoint "Cleanup", Time since last: 1000949271 ns, Reaching safepoint: 105205 ns, At safepoint: 7295 ns, Total: 112500 ns
[2020-09-11T14:32:54.366+0000][1][safepoint    ] Safepoint "Cleanup", Time since last: 4000583234 ns, Reaching safepoint: 138738 ns, At safepoint: 17467 ns, Total: 156205 ns
[2020-09-11T14:32:57.088+0000][1][gc,start     ] GC(77) Pause Young (Allocation Failure)
[2020-09-11T14:32:57.088+0000][1][gc,task      ] GC(77) Using 1 workers of 1 for evacuation
[2020-09-11T14:32:57.100+0000][1][gc,age       ] GC(77) Desired survivor size 4358144 bytes, new threshold 6 (max threshold 6)
[2020-09-11T14:32:57.100+0000][1][gc,age       ] GC(77) Age table with threshold 6 (max threshold 6)
[2020-09-11T14:32:57.100+0000][1][gc,age       ] GC(77) - age   1:      32912 bytes,      32912 total
[2020-09-11T14:32:57.100+0000][1][gc,age       ] GC(77) - age   2:       9296 bytes,      42208 total
[2020-09-11T14:32:57.100+0000][1][gc,age       ] GC(77) - age   3:       1904 bytes,      44112 total
[2020-09-11T14:32:57.100+0000][1][gc,age       ] GC(77) - age   4:      66568 bytes,     110680 total
[2020-09-11T14:32:57.100+0000][1][gc,age       ] GC(77) - age   5:       2664 bytes,     113344 total
[2020-09-11T14:32:57.100+0000][1][gc,age       ] GC(77) - age   6:       6104 bytes,     119448 total
[2020-09-11T14:32:57.100+0000][1][gc,heap      ] GC(77) ParNew: 69110K->414K(76672K)
[2020-09-11T14:32:57.100+0000][1][gc,heap      ] GC(77) CMS: 68502K->68870K(439104K)
[2020-09-11T14:32:57.100+0000][1][gc,metaspace ] GC(77) Metaspace: 84670K->84670K(1126400K)
[2020-09-11T14:32:57.101+0000][1][gc           ] GC(77) Pause Young (Allocation Failure) 134M->67M(503M) 12.377ms
[2020-09-11T14:32:57.101+0000][1][gc,cpu       ] GC(77) User=0.01s Sys=0.00s Real=0.01s
[2020-09-11T14:32:57.101+0000][1][safepoint    ] Safepoint "GenCollectForAllocation", Time since last: 2722388657 ns, Reaching safepoint: 71721 ns, At safepoint: 13096109 ns, Total: 13167830 ns
[2020-09-11T14:32:59.104+0000][1][safepoint    ] Safepoint "Cleanup", Time since last: 2002242156 ns, Reaching safepoint: 256535 ns, At safepoint: 16551 ns, Total: 273086 ns
[2020-09-11T14:33:00.104+0000][1][safepoint    ] Safepoint "Cleanup", Time since last: 1000172656 ns, Reaching safepoint: 134983 ns, At safepoint: 15369 ns, Total: 150352 ns
[2020-09-11T14:33:01.104+0000][1][safepoint    ] Safepoint "Cleanup", Time since last: 1000211733 ns, Reaching safepoint: 148177 ns, At safepoint: 16431 ns, Total: 164608 ns
[2020-09-11T14:33:02.105+0000][1][safepoint    ] Safepoint "Cleanup", Time since last: 1000215800 ns, Reaching safepoint: 133009 ns, At safepoint: 17002 ns, Total: 150011 ns
[2020-09-11T14:33:03.105+0000][1][safepoint    ] Safepoint "Cleanup", Time since last: 1000176649 ns, Reaching safepoint: 123101 ns, At safepoint: 6036 ns, Total: 129137 ns
[2020-09-11T14:33:04.105+0000][1][safepoint    ] Safepoint "Cleanup", Time since last: 1000190078 ns, Reaching safepoint: 104885 ns, At safepoint: 6685 ns, Total: 111570 ns
[2020-09-11T14:33:05.106+0000][1][safepoint    ] Safepoint "Cleanup", Time since last: 1000168891 ns, Reaching safepoint: 97745 ns, At safepoint: 6541 ns, Total: 104286 ns
[2020-09-11T14:33:06.106+0000][1][safepoint    ] Safepoint "Cleanup", Time since last: 1000157286 ns, Reaching safepoint: 135103 ns, At safepoint: 16932 ns, Total: 152035 ns
[2020-09-11T14:33:07.106+0000][1][safepoint    ] Safepoint "Cleanup", Time since last: 1000223986 ns, Reaching safepoint: 138809 ns, At safepoint: 6885 ns, Total: 145694 ns
[2020-09-11T14:33:08.107+0000][1][safepoint    ] Safepoint "Cleanup", Time since last: 1000110868 ns, Reaching safepoint: 70352 ns, At safepoint: 6576 ns, Total: 76928 ns
[2020-09-11T14:33:09.107+0000][1][safepoint    ] Safepoint "Cleanup", Time since last: 1000191577 ns, Reaching safepoint: 102274 ns, At safepoint: 6624 ns, Total: 108898 ns
[2020-09-11T14:33:10.107+0000][1][safepoint    ] Safepoint "Cleanup", Time since last: 1000140998 ns, Reaching safepoint: 131361 ns, At safepoint: 15362 ns, Total: 146723 ns
[2020-09-11T14:33:11.108+0000][1][safepoint    ] Safepoint "Cleanup", Time since last: 1000214842 ns, Reaching safepoint: 160485 ns, At safepoint: 15108 ns, Total: 175593 ns
[2020-09-11T14:33:12.108+0000][1][safepoint    ] Safepoint "Cleanup", Time since last: 1000189742 ns, Reaching safepoint: 125922 ns, At safepoint: 8202 ns, Total: 134124 ns
[2020-09-11T14:33:13.108+0000][1][safepoint    ] Safepoint "Cleanup", Time since last: 1000175690 ns, Reaching safepoint: 133282 ns, At safepoint: 16926 ns, Total: 150208 ns
[2020-09-11T14:33:14.109+0000][1][safepoint    ] Safepoint "Cleanup", Time since last: 1000205935 ns, Reaching safepoint: 135414 ns, At safepoint: 17887 ns, Total: 153301 ns
[2020-09-11T14:33:15.109+0000][1][safepoint    ] Safepoint "Cleanup", Time since last: 1000175967 ns, Reaching safepoint: 136346 ns, At safepoint: 17701 ns, Total: 154047 ns
[2020-09-11T14:33:16.109+0000][1][safepoint    ] Safepoint "Cleanup", Time since last: 1000190934 ns, Reaching safepoint: 138788 ns, At safepoint: 17467 ns, Total: 156255 ns
[2020-09-11T14:33:17.110+0000][1][safepoint    ] Safepoint "Cleanup", Time since last: 1000222576 ns, Reaching safepoint: 110491 ns, At safepoint: 6315 ns, Total: 116806 ns
[2020-09-11T14:33:18.110+0000][1][safepoint    ] Safepoint "Cleanup", Time since last: 1000183914 ns, Reaching safepoint: 138959 ns, At safepoint: 16271 ns, Total: 155230 ns
[2020-09-11T14:33:19.110+0000][1][safepoint    ] Safepoint "Cleanup", Time since last: 1000218560 ns, Reaching safepoint: 139607 ns, At safepoint: 18138 ns, Total: 157745 ns
[2020-09-11T14:33:20.111+0000][1][safepoint    ] Safepoint "Cleanup", Time since last: 1000231090 ns, Reaching safepoint: 135511 ns, At safepoint: 16635 ns, Total: 152146 ns
[2020-09-11T14:33:21.111+0000][1][safepoint    ] Safepoint "Cleanup", Time since last: 1000212568 ns, Reaching safepoint: 100954 ns, At safepoint: 6708 ns, Total: 107662 ns
[2020-09-11T14:33:22.111+0000][1][safepoint    ] Safepoint "Cleanup", Time since last: 1000173737 ns, Reaching safepoint: 100874 ns, At safepoint: 6956 ns, Total: 107830 ns
[2020-09-11T14:33:23.112+0000][1][safepoint    ] Safepoint "Cleanup", Time since last: 1000170231 ns, Reaching safepoint: 104230 ns, At safepoint: 7157 ns, Total: 111387 ns
[2020-09-11T14:33:24.112+0000][1][safepoint    ] Safepoint "Cleanup", Time since last: 1000132321 ns, Reaching safepoint: 120160 ns, At safepoint: 5946 ns, Total: 126106 ns
[2020-09-11T14:33:25.112+0000][1][safepoint    ] Safepoint "Cleanup", Time since last: 1000133476 ns, Reaching safepoint: 158971 ns, At safepoint: 14811 ns, Total: 173782 ns
[2020-09-11T14:33:26.112+0000][1][safepoint    ] Safepoint "Cleanup", Time since last: 1000184463 ns, Reaching safepoint: 116675 ns, At safepoint: 7137 ns, Total: 123812 ns
[2020-09-11T14:33:27.113+0000][1][safepoint    ] Safepoint "Cleanup", Time since last: 1000130186 ns, Reaching safepoint: 117637 ns, At safepoint: 6226 ns, Total: 123863 ns
[2020-09-11T14:33:28.113+0000][1][safepoint    ] Safepoint "Cleanup", Time since last: 1000206118 ns, Reaching safepoint: 101326 ns, At safepoint: 7109 ns, Total: 108435 ns
[2020-09-11T14:33:29.113+0000][1][safepoint    ] Safepoint "Cleanup", Time since last: 1000180831 ns, Reaching safepoint: 148283 ns, At safepoint: 16271 ns, Total: 164554 ns
[2020-09-11T14:33:30.114+0000][1][safepoint    ] Safepoint "Cleanup", Time since last: 1000211323 ns, Reaching safepoint: 133480 ns, At safepoint: 17089 ns, Total: 150569 ns
[2020-09-11T14:33:31.114+0000][1][safepoint    ] Safepoint "Cleanup", Time since last: 1000217423 ns, Reaching safepoint: 135929 ns, At safepoint: 15876 ns, Total: 151805 ns
[2020-09-11T14:33:32.114+0000][1][safepoint    ] Safepoint "Cleanup", Time since last: 1000217367 ns, Reaching safepoint: 139146 ns, At safepoint: 17807 ns, Total: 156953 ns
[2020-09-11T14:33:33.115+0000][1][safepoint    ] Safepoint "Cleanup", Time since last: 1000242433 ns, Reaching safepoint: 134191 ns, At safepoint: 16338 ns, Total: 150529 ns
[2020-09-11T14:33:34.115+0000][1][safepoint    ] Safepoint "Cleanup", Time since last: 1000178350 ns, Reaching safepoint: 146218 ns, At safepoint: 17928 ns, Total: 164146 ns
[2020-09-11T14:33:35.116+0000][1][safepoint    ] Safepoint "Cleanup", Time since last: 1000406847 ns, Reaching safepoint: 136633 ns, At safepoint: 17019 ns, Total: 153652 ns
[2020-09-11T14:33:36.117+0000][1][safepoint    ] Safepoint "Cleanup", Time since last: 1000902871 ns, Reaching safepoint: 135130 ns, At safepoint: 16912 ns, Total: 152042 ns
[2020-09-11T14:33:37.117+0000][1][safepoint    ] Safepoint "Cleanup", Time since last: 1000175891 ns, Reaching safepoint: 132254 ns, At safepoint: 32752 ns, Total: 165006 ns
[2020-09-11T14:33:38.117+0000][1][safepoint    ] Safepoint "Cleanup", Time since last: 1000166998 ns, Reaching safepoint: 80311 ns, At safepoint: 6231 ns, Total: 86542 ns
[2020-09-11T14:33:39.118+0000][1][safepoint    ] Safepoint "Cleanup", Time since last: 1000170739 ns, Reaching safepoint: 125829 ns, At safepoint: 15763 ns, Total: 141592 ns
[2020-09-11T14:33:40.118+0000][1][safepoint    ] Safepoint "Cleanup", Time since last: 1000212866 ns, Reaching safepoint: 198211 ns, At safepoint: 21847 ns, Total: 220058 ns
[2020-09-11T14:33:41.119+0000][1][safepoint    ] Safepoint "Cleanup", Time since last: 1001074188 ns, Reaching safepoint: 131478 ns, At safepoint: 15663 ns, Total: 147141 ns
[2020-09-11T14:33:42.120+0000][1][safepoint    ] Safepoint "Cleanup", Time since last: 1000253416 ns, Reaching safepoint: 127338 ns, At safepoint: 14387 ns, Total: 141725 ns
[2020-09-11T14:33:43.120+0000][1][safepoint    ] Safepoint "Cleanup", Time since last: 1000224232 ns, Reaching safepoint: 130022 ns, At safepoint: 16070 ns, Total: 146092 ns
[2020-09-11T14:33:44.120+0000][1][safepoint    ] Safepoint "Cleanup", Time since last: 1000168955 ns, Reaching safepoint: 117750 ns, At safepoint: 7214 ns, Total: 124964 ns
[2020-09-11T14:33:45.121+0000][1][safepoint    ] Safepoint "Cleanup", Time since last: 1000138025 ns, Reaching safepoint: 132614 ns, At safepoint: 16181 ns, Total: 148795 ns
[2020-09-11T14:33:46.122+0000][1][safepoint    ] Safepoint "Cleanup", Time since last: 1000913385 ns, Reaching safepoint: 131462 ns, At safepoint: 16421 ns, Total: 147883 ns
[2020-09-11T14:33:47.122+0000][1][safepoint    ] Safepoint "Cleanup", Time since last: 1000216199 ns, Reaching safepoint: 132220 ns, At safepoint: 16614 ns, Total: 148834 ns
[2020-09-11T14:33:48.122+0000][1][safepoint    ] Safepoint "Cleanup", Time since last: 1000219472 ns, Reaching safepoint: 95927 ns, At safepoint: 7247 ns, Total: 103174 ns
[2020-09-11T14:33:49.123+0000][1][safepoint    ] Safepoint "Cleanup", Time since last: 1000185074 ns, Reaching safepoint: 131866 ns, At safepoint: 15930 ns, Total: 147796 ns
[2020-09-11T14:33:49.519+0000][1][gc,start     ] GC(78) Pause Young (Allocation Failure)
[2020-09-11T14:33:49.519+0000][1][gc,task      ] GC(78) Using 1 workers of 1 for evacuation
[2020-09-11T14:33:49.524+0000][1][gc,age       ] GC(78) Desired survivor size 4358144 bytes, new threshold 6 (max threshold 6)
[2020-09-11T14:33:49.524+0000][1][gc,age       ] GC(78) Age table with threshold 6 (max threshold 6)
[2020-09-11T14:33:49.524+0000][1][gc,age       ] GC(78) - age   1:      53624 bytes,      53624 total
[2020-09-11T14:33:49.524+0000][1][gc,age       ] GC(78) - age   2:       6416 bytes,      60040 total
[2020-09-11T14:33:49.524+0000][1][gc,age       ] GC(78) - age   3:       9208 bytes,      69248 total
[2020-09-11T14:33:49.524+0000][1][gc,age       ] GC(78) - age   4:       1904 bytes,      71152 total
[2020-09-11T14:33:49.524+0000][1][gc,age       ] GC(78) - age   5:      66568 bytes,     137720 total
[2020-09-11T14:33:49.524+0000][1][gc,age       ] GC(78) - age   6:       2664 bytes,     140384 total
[2020-09-11T14:33:49.524+0000][1][gc,heap      ] GC(78) ParNew: 68574K->265K(76672K)
[2020-09-11T14:33:49.524+0000][1][gc,heap      ] GC(78) CMS: 68870K->68876K(439104K)
[2020-09-11T14:33:49.524+0000][1][gc,metaspace ] GC(78) Metaspace: 84760K->84760K(1128448K)
[2020-09-11T14:33:49.524+0000][1][gc           ] GC(78) Pause Young (Allocation Failure) 134M->67M(503M) 4.611ms
[2020-09-11T14:33:49.524+0000][1][gc,cpu       ] GC(78) User=0.00s Sys=0.00s Real=0.01s
[2020-09-11T14:33:49.524+0000][1][safepoint    ] Safepoint "GenCollectForAllocation", Time since last: 396450318 ns, Reaching safepoint: 205369 ns, At safepoint: 4670975 ns, Total: 4876344 ns
[2020-09-11T14:33:50.526+0000][1][safepoint    ] Safepoint "Cleanup", Time since last: 1002213259 ns, Reaching safepoint: 129377 ns, At safepoint: 49123 ns, Total: 178500 ns
[2020-09-11T14:33:51.528+0000][1][safepoint    ] Safepoint "Cleanup", Time since last: 1001209599 ns, Reaching safepoint: 61344 ns, At safepoint: 5005 ns, Total: 66349 ns
[2020-09-11T14:33:52.528+0000][1][safepoint    ] Safepoint "Cleanup", Time since last: 1000103080 ns, Reaching safepoint: 186909 ns, At safepoint: 7544 ns, Total: 194453 ns
[2020-09-11T14:33:53.528+0000][1][safepoint    ] Safepoint "Cleanup", Time since last: 1000170144 ns, Reaching safepoint: 95053 ns, At safepoint: 5970 ns, Total: 101023 ns
[2020-09-11T14:33:54.529+0000][1][safepoint    ] Safepoint "Cleanup", Time since last: 1000110747 ns, Reaching safepoint: 177879 ns, At safepoint: 7672 ns, Total: 185551 ns
[2020-09-11T14:33:55.529+0000][1][safepoint    ] Safepoint "Cleanup", Time since last: 1000137397 ns, Reaching safepoint: 65823 ns, At safepoint: 5506 ns, Total: 71329 ns
[2020-09-11T14:33:56.530+0000][1][safepoint    ] Safepoint "Cleanup", Time since last: 1000741887 ns, Reaching safepoint: 74371 ns, At safepoint: 6604 ns, Total: 80975 ns
[2020-09-11T14:33:57.530+0000][1][safepoint    ] Safepoint "Cleanup", Time since last: 1000146240 ns, Reaching safepoint: 143847 ns, At safepoint: 16247 ns, Total: 160094 ns
[2020-09-11T14:33:58.530+0000][1][safepoint    ] Safepoint "Cleanup", Time since last: 1000224823 ns, Reaching safepoint: 124412 ns, At safepoint: 16360 ns, Total: 140772 ns
[2020-09-11T14:33:59.531+0000][1][safepoint    ] Safepoint "Cleanup", Time since last: 1000202833 ns, Reaching safepoint: 91917 ns, At safepoint: 6890 ns, Total: 98807 ns
[2020-09-11T14:34:00.531+0000][1][safepoint    ] Safepoint "Cleanup", Time since last: 1000121929 ns, Reaching safepoint: 71164 ns, At safepoint: 6991 ns, Total: 78155 ns
[2020-09-11T14:34:01.532+0000][1][safepoint    ] Safepoint "Cleanup", Time since last: 1000713206 ns, Reaching safepoint: 69077 ns, At safepoint: 6619 ns, Total: 75696 ns
[2020-09-11T14:34:02.532+0000][1][safepoint    ] Safepoint "Cleanup", Time since last: 1000171142 ns, Reaching safepoint: 98301 ns, At safepoint: 7553 ns, Total: 105854 ns
[2020-09-11T14:34:03.535+0000][1][safepoint    ] Safepoint "Cleanup", Time since last: 1003283771 ns, Reaching safepoint: 170050 ns, At safepoint: 16715 ns, Total: 186765 ns
[2020-09-11T14:34:04.536+0000][1][safepoint    ] Safepoint "Cleanup", Time since last: 1000174194 ns, Reaching safepoint: 184546 ns, At safepoint: 7466 ns, Total: 192012 ns
[2020-09-11T14:34:05.536+0000][1][safepoint    ] Safepoint "Cleanup", Time since last: 1000137038 ns, Reaching safepoint: 111969 ns, At safepoint: 6569 ns, Total: 118538 ns
[2020-09-11T14:34:06.537+0000][1][safepoint    ] Safepoint "Cleanup", Time since last: 1000891859 ns, Reaching safepoint: 92372 ns, At safepoint: 7649 ns, Total: 100021 ns
[2020-09-11T14:34:07.537+0000][1][safepoint    ] Safepoint "Cleanup", Time since last: 1000200184 ns, Reaching safepoint: 96550 ns, At safepoint: 7618 ns, Total: 104168 ns
[2020-09-11T14:34:08.538+0000][1][safepoint    ] Safepoint "Cleanup", Time since last: 1000186834 ns, Reaching safepoint: 133774 ns, At safepoint: 16738 ns, Total: 150512 ns
[2020-09-11T14:34:09.538+0000][1][safepoint    ] Safepoint "Cleanup", Time since last: 1000233913 ns, Reaching safepoint: 122164 ns, At safepoint: 16722 ns, Total: 138886 ns
[2020-09-11T14:34:10.538+0000][1][safepoint    ] Safepoint "Cleanup", Time since last: 1000244114 ns, Reaching safepoint: 128402 ns, At safepoint: 16698 ns, Total: 145100 ns
[2020-09-11T14:34:11.540+0000][1][safepoint    ] Safepoint "Cleanup", Time since last: 1001048248 ns, Reaching safepoint: 144481 ns, At safepoint: 16879 ns, Total: 161360 ns
[2020-09-11T14:34:12.540+0000][1][safepoint    ] Safepoint "Cleanup", Time since last: 1000188120 ns, Reaching safepoint: 113197 ns, At safepoint: 7123 ns, Total: 120320 ns
[2020-09-11T14:34:13.540+0000][1][safepoint    ] Safepoint "Cleanup", Time since last: 1000203734 ns, Reaching safepoint: 116016 ns, At safepoint: 15813 ns, Total: 131829 ns
[2020-09-11T14:34:14.541+0000][1][safepoint    ] Safepoint "Cleanup", Time since last: 1000230427 ns, Reaching safepoint: 136804 ns, At safepoint: 17126 ns, Total: 153930 ns
[2020-09-11T14:34:15.541+0000][1][safepoint    ] Safepoint "Cleanup", Time since last: 1000210966 ns, Reaching safepoint: 99822 ns, At safepoint: 6478 ns, Total: 106300 ns
[2020-09-11T14:34:16.542+0000][1][safepoint    ] Safepoint "Cleanup", Time since last: 1000838243 ns, Reaching safepoint: 110127 ns, At safepoint: 6873 ns, Total: 117000 ns
[2020-09-11T14:34:17.542+0000][1][safepoint    ] Safepoint "Cleanup", Time since last: 1000179741 ns, Reaching safepoint: 131087 ns, At safepoint: 16361 ns, Total: 147448 ns
[2020-09-11T14:34:18.543+0000][1][safepoint    ] Safepoint "Cleanup", Time since last: 1000263827 ns, Reaching safepoint: 131135 ns, At safepoint: 16641 ns, Total: 147776 ns
[2020-09-11T14:34:19.543+0000][1][safepoint    ] Safepoint "Cleanup", Time since last: 1000218151 ns, Reaching safepoint: 95497 ns, At safepoint: 6593 ns, Total: 102090 ns
[2020-09-11T14:34:20.543+0000][1][safepoint    ] Safepoint "Cleanup", Time since last: 1000151696 ns, Reaching safepoint: 64542 ns, At safepoint: 6415 ns, Total: 70957 ns
[2020-09-11T14:34:21.544+0000][1][safepoint    ] Safepoint "Cleanup", Time since last: 1000825144 ns, Reaching safepoint: 96271 ns, At safepoint: 6400 ns, Total: 102671 ns
[2020-09-11T14:34:22.544+0000][1][safepoint    ] Safepoint "Cleanup", Time since last: 1000192944 ns, Reaching safepoint: 97168 ns, At safepoint: 6834 ns, Total: 104002 ns
[2020-09-11T14:34:23.545+0000][1][safepoint    ] Safepoint "Cleanup", Time since last: 1000169852 ns, Reaching safepoint: 145974 ns, At safepoint: 20143 ns, Total: 166117 ns
[2020-09-11T14:34:24.545+0000][1][safepoint    ] Safepoint "Cleanup", Time since last: 1000237841 ns, Reaching safepoint: 130001 ns, At safepoint: 17050 ns, Total: 147051 ns
[2020-09-11T14:34:25.546+0000][1][safepoint    ] Safepoint "Cleanup", Time since last: 1000229067 ns, Reaching safepoint: 136771 ns, At safepoint: 16501 ns, Total: 153272 ns
[2020-09-11T14:34:26.547+0000][1][safepoint    ] Safepoint "Cleanup", Time since last: 1001318530 ns, Reaching safepoint: 102226 ns, At safepoint: 7623 ns, Total: 109849 ns
[2020-09-11T14:34:27.045+0000][1][safepoint    ] Safepoint "RevokeBias", Time since last: 498092346 ns, Reaching safepoint: 240054 ns, At safepoint: 47873 ns, Total: 287927 ns
[2020-09-11T14:34:27.293+0000][1][safepoint    ] Safepoint "RevokeBias", Time since last: 247352971 ns, Reaching safepoint: 245457 ns, At safepoint: 45073 ns, Total: 290530 ns
[2020-09-11T14:34:27.293+0000][1][safepoint    ] Safepoint "RevokeBias", Time since last: 286003 ns, Reaching safepoint: 207178 ns, At safepoint: 35706 ns, Total: 242884 ns
[2020-09-11T14:34:27.294+0000][1][safepoint    ] Safepoint "RevokeBias", Time since last: 93227 ns, Reaching safepoint: 163081 ns, At safepoint: 31014 ns, Total: 194095 ns
[2020-09-11T14:34:27.294+0000][1][safepoint    ] Safepoint "RevokeBias", Time since last: 131455 ns, Reaching safepoint: 172229 ns, At safepoint: 54748 ns, Total: 226977 ns
[2020-09-11T14:34:27.294+0000][1][safepoint    ] Safepoint "RevokeBias", Time since last: 129294 ns, Reaching safepoint: 171717 ns, At safepoint: 52754 ns, Total: 224471 ns
[2020-09-11T14:34:28.295+0000][1][safepoint    ] Safepoint "Cleanup", Time since last: 1000724125 ns, Reaching safepoint: 95930 ns, At safepoint: 6906 ns, Total: 102836 ns
[2020-09-11T14:34:29.296+0000][1][safepoint    ] Safepoint "Cleanup", Time since last: 1000197222 ns, Reaching safepoint: 127766 ns, At safepoint: 16745 ns, Total: 144511 ns
[2020-09-11T14:34:30.296+0000][1][safepoint    ] Safepoint "Cleanup", Time since last: 1000230733 ns, Reaching safepoint: 101456 ns, At safepoint: 7123 ns, Total: 108579 ns
[2020-09-11T14:34:31.296+0000][1][safepoint    ] Safepoint "Cleanup", Time since last: 1000202540 ns, Reaching safepoint: 128264 ns, At safepoint: 17531 ns, Total: 145795 ns
[2020-09-11T14:34:32.297+0000][1][safepoint    ] Safepoint "Cleanup", Time since last: 1000257418 ns, Reaching safepoint: 136180 ns, At safepoint: 19040 ns, Total: 155220 ns
[2020-09-11T14:34:33.297+0000][1][safepoint    ] Safepoint "Cleanup", Time since last: 1000230350 ns, Reaching safepoint: 100924 ns, At safepoint: 7089 ns, Total: 108013 ns
[2020-09-11T14:34:33.639+0000][1][safepoint    ] Safepoint "RevokeBias", Time since last: 341928350 ns, Reaching safepoint: 180605 ns, At safepoint: 18875 ns, Total: 199480 ns
[2020-09-11T14:34:33.639+0000][1][safepoint    ] Safepoint "RevokeBias", Time since last: 111485 ns, Reaching safepoint: 149720 ns, At safepoint: 12273 ns, Total: 161993 ns
[2020-09-11T14:34:33.640+0000][1][safepoint    ] Safepoint "RevokeBias", Time since last: 31532 ns, Reaching safepoint: 135511 ns, At safepoint: 10838 ns, Total: 146349 ns
[2020-09-11T14:34:33.640+0000][1][safepoint    ] Safepoint "RevokeBias", Time since last: 68261 ns, Reaching safepoint: 143561 ns, At safepoint: 10519 ns, Total: 154080 ns
[2020-09-11T14:34:33.641+0000][1][safepoint    ] Safepoint "RevokeBias", Time since last: 916391 ns, Reaching safepoint: 28243 ns, At safepoint: 11474 ns, Total: 39717 ns
[2020-09-11T14:34:33.641+0000][1][safepoint    ] Safepoint "RevokeBias", Time since last: 34841 ns, Reaching safepoint: 23450 ns, At safepoint: 9745 ns, Total: 33195 ns
[2020-09-11T14:34:34.641+0000][1][safepoint    ] Safepoint "Cleanup", Time since last: 1000118302 ns, Reaching safepoint: 99459 ns, At safepoint: 6255 ns, Total: 105714 ns
[2020-09-11T14:34:35.641+0000][1][safepoint    ] Safepoint "Cleanup", Time since last: 1000155444 ns, Reaching safepoint: 86355 ns, At safepoint: 6267 ns, Total: 92622 ns
[2020-09-11T14:34:36.642+0000][1][safepoint    ] Safepoint "Cleanup", Time since last: 1000159906 ns, Reaching safepoint: 117062 ns, At safepoint: 16117 ns, Total: 133179 ns
[2020-09-11T14:34:37.642+0000][1][safepoint    ] Safepoint "Cleanup", Time since last: 1000220310 ns, Reaching safepoint: 92580 ns, At safepoint: 6738 ns, Total: 99318 ns
[2020-09-11T14:34:38.642+0000][1][safepoint    ] Safepoint "Cleanup", Time since last: 1000197504 ns, Reaching safepoint: 89629 ns, At safepoint: 7107 ns, Total: 96736 ns
[2020-09-11T14:34:39.643+0000][1][safepoint    ] Safepoint "Cleanup", Time since last: 1000186149 ns, Reaching safepoint: 127495 ns, At safepoint: 17584 ns, Total: 145079 ns
[2020-09-11T14:34:40.643+0000][1][safepoint    ] Safepoint "Cleanup", Time since last: 1000198434 ns, Reaching safepoint: 126765 ns, At safepoint: 17994 ns, Total: 144759 ns
[2020-09-11T14:34:41.643+0000][1][safepoint    ] Safepoint "Cleanup", Time since last: 1000182852 ns, Reaching safepoint: 122304 ns, At safepoint: 16200 ns, Total: 138504 ns
[2020-09-11T14:34:42.644+0000][1][safepoint    ] Safepoint "Cleanup", Time since last: 1000977361 ns, Reaching safepoint: 120954 ns, At safepoint: 17172 ns, Total: 138126 ns
[2020-09-11T14:34:43.645+0000][1][safepoint    ] Safepoint "Cleanup", Time since last: 1000220573 ns, Reaching safepoint: 120636 ns, At safepoint: 16652 ns, Total: 137288 ns
[2020-09-11T14:34:44.645+0000][1][safepoint    ] Safepoint "Cleanup", Time since last: 1000214542 ns, Reaching safepoint: 89721 ns, At safepoint: 6970 ns, Total: 96691 ns
[2020-09-11T14:34:45.645+0000][1][safepoint    ] Safepoint "Cleanup", Time since last: 1000168153 ns, Reaching safepoint: 90262 ns, At safepoint: 6801 ns, Total: 97063 ns
[2020-09-11T14:34:46.646+0000][1][safepoint    ] Safepoint "Cleanup", Time since last: 1000194407 ns, Reaching safepoint: 92354 ns, At safepoint: 6586 ns, Total: 98940 ns
[2020-09-11T14:34:47.647+0000][1][safepoint    ] Safepoint "Cleanup", Time since last: 1000782950 ns, Reaching safepoint: 124178 ns, At safepoint: 16351 ns, Total: 140529 ns
[2020-09-11T14:34:48.647+0000][1][safepoint    ] Safepoint "Cleanup", Time since last: 1000214790 ns, Reaching safepoint: 97874 ns, At safepoint: 6715 ns, Total: 104589 ns
[2020-09-11T14:34:49.647+0000][1][safepoint    ] Safepoint "Cleanup", Time since last: 1000173753 ns, Reaching safepoint: 101756 ns, At safepoint: 7295 ns, Total: 109051 ns
[2020-09-11T14:34:50.647+0000][1][safepoint    ] Safepoint "Cleanup", Time since last: 1000160866 ns, Reaching safepoint: 104448 ns, At safepoint: 6087 ns, Total: 110535 ns
[2020-09-11T14:34:51.648+0000][1][safepoint    ] Safepoint "Cleanup", Time since last: 1000169114 ns, Reaching safepoint: 147622 ns, At safepoint: 14837 ns, Total: 162459 ns
[2020-09-11T14:34:52.649+0000][1][safepoint    ] Safepoint "Cleanup", Time since last: 1001078755 ns, Reaching safepoint: 85198 ns, At safepoint: 6229 ns, Total: 91427 ns
[2020-09-11T14:34:53.649+0000][1][safepoint    ] Safepoint "Cleanup", Time since last: 1000150850 ns, Reaching safepoint: 115632 ns, At safepoint: 16164 ns, Total: 131796 ns
[2020-09-11T14:34:54.608+0000][1][gc,start     ] GC(79) Pause Young (Allocation Failure)
[2020-09-11T14:34:54.608+0000][1][gc,task      ] GC(79) Using 1 workers of 1 for evacuation
[2020-09-11T14:34:54.613+0000][1][gc,age       ] GC(79) Desired survivor size 4358144 bytes, new threshold 6 (max threshold 6)
[2020-09-11T14:34:54.613+0000][1][gc,age       ] GC(79) Age table with threshold 6 (max threshold 6)
[2020-09-11T14:34:54.613+0000][1][gc,age       ] GC(79) - age   1:      45232 bytes,      45232 total
[2020-09-11T14:34:54.613+0000][1][gc,age       ] GC(79) - age   2:      27968 bytes,      73200 total
[2020-09-11T14:34:54.613+0000][1][gc,age       ] GC(79) - age   3:       3936 bytes,      77136 total
[2020-09-11T14:34:54.613+0000][1][gc,age       ] GC(79) - age   4:       9208 bytes,      86344 total
[2020-09-11T14:34:54.613+0000][1][gc,age       ] GC(79) - age   5:       1904 bytes,      88248 total
[2020-09-11T14:34:54.613+0000][1][gc,age       ] GC(79) - age   6:      66568 bytes,     154816 total
[2020-09-11T14:34:54.613+0000][1][gc,heap      ] GC(79) ParNew: 68425K->169K(76672K)
[2020-09-11T14:34:54.613+0000][1][gc,heap      ] GC(79) CMS: 68876K->68879K(439104K)
[2020-09-11T14:34:54.613+0000][1][gc,metaspace ] GC(79) Metaspace: 84769K->84769K(1128448K)
[2020-09-11T14:34:54.613+0000][1][gc           ] GC(79) Pause Young (Allocation Failure) 134M->67M(503M) 4.558ms
[2020-09-11T14:34:54.613+0000][1][gc,cpu       ] GC(79) User=0.01s Sys=0.00s Real=0.00s
[2020-09-11T14:34:54.613+0000][1][safepoint    ] Safepoint "GenCollectForAllocation", Time since last: 958943258 ns, Reaching safepoint: 224707 ns, At safepoint: 4621748 ns, Total: 4846455 ns
[2020-09-11T14:34:55.616+0000][1][safepoint    ] Safepoint "Cleanup", Time since last: 1002600088 ns, Reaching safepoint: 129948 ns, At safepoint: 48872 ns, Total: 178820 ns
[2020-09-11T14:34:56.616+0000][1][safepoint    ] Safepoint "Cleanup", Time since last: 1000169954 ns, Reaching safepoint: 129945 ns, At safepoint: 15188 ns, Total: 145133 ns
[2020-09-11T14:34:57.616+0000][1][safepoint    ] Safepoint "Cleanup", Time since last: 1000204951 ns, Reaching safepoint: 122728 ns, At safepoint: 17110 ns, Total: 139838 ns
[2020-09-11T14:34:58.617+0000][1][safepoint    ] Safepoint "Cleanup", Time since last: 1000222606 ns, Reaching safepoint: 92024 ns, At safepoint: 7875 ns, Total: 99899 ns
[2020-09-11T14:34:59.620+0000][1][safepoint    ] Safepoint "Cleanup", Time since last: 1002714564 ns, Reaching safepoint: 226984 ns, At safepoint: 19097 ns, Total: 246081 ns
[2020-09-11T14:35:00.620+0000][1][safepoint    ] Safepoint "Cleanup", Time since last: 1000215239 ns, Reaching safepoint: 129390 ns, At safepoint: 16104 ns, Total: 145494 ns
[2020-09-11T14:35:01.620+0000][1][safepoint    ] Safepoint "Cleanup", Time since last: 1000212603 ns, Reaching safepoint: 136199 ns, At safepoint: 22615 ns, Total: 158814 ns
[2020-09-11T14:35:02.621+0000][1][safepoint    ] Safepoint "Cleanup", Time since last: 1000255213 ns, Reaching safepoint: 130543 ns, At safepoint: 16307 ns, Total: 146850 ns
[2020-09-11T14:35:03.622+0000][1][safepoint    ] Safepoint "Cleanup", Time since last: 1001125082 ns, Reaching safepoint: 123925 ns, At safepoint: 16949 ns, Total: 140874 ns
[2020-09-11T14:35:04.623+0000][1][safepoint    ] Safepoint "Cleanup", Time since last: 1000234561 ns, Reaching safepoint: 129206 ns, At safepoint: 16071 ns, Total: 145277 ns
[2020-09-11T14:35:05.623+0000][1][safepoint    ] Safepoint "Cleanup", Time since last: 1000278265 ns, Reaching safepoint: 130439 ns, At safepoint: 16411 ns, Total: 146850 ns
[2020-09-11T14:35:06.623+0000][1][safepoint    ] Safepoint "Cleanup", Time since last: 1000239953 ns, Reaching safepoint: 83816 ns, At safepoint: 6647 ns, Total: 90463 ns
[2020-09-11T14:35:07.624+0000][1][safepoint    ] Safepoint "Cleanup", Time since last: 1000196208 ns, Reaching safepoint: 125748 ns, At safepoint: 17347 ns, Total: 143095 ns
[2020-09-11T14:35:08.625+0000][1][safepoint    ] Safepoint "Cleanup", Time since last: 1001037039 ns, Reaching safepoint: 137573 ns, At safepoint: 16615 ns, Total: 154188 ns
[2020-09-11T14:35:09.625+0000][1][safepoint    ] Safepoint "Cleanup", Time since last: 1000218640 ns, Reaching safepoint: 93131 ns, At safepoint: 7445 ns, Total: 100576 ns
[2020-09-11T14:35:10.625+0000][1][safepoint    ] Safepoint "Cleanup", Time since last: 1000181461 ns, Reaching safepoint: 98158 ns, At safepoint: 6417 ns, Total: 104575 ns
[2020-09-11T14:35:11.626+0000][1][safepoint    ] Safepoint "Cleanup", Time since last: 1000190562 ns, Reaching safepoint: 131428 ns, At safepoint: 17427 ns, Total: 148855 ns
[2020-09-11T14:35:12.626+0000][1][safepoint    ] Safepoint "Cleanup", Time since last: 1000209573 ns, Reaching safepoint: 103252 ns, At safepoint: 6578 ns, Total: 109830 ns
[2020-09-11T14:35:13.627+0000][1][safepoint    ] Safepoint "Cleanup", Time since last: 1000965950 ns, Reaching safepoint: 121332 ns, At safepoint: 17216 ns, Total: 138548 ns
[2020-09-11T14:35:14.628+0000][1][safepoint    ] Safepoint "Cleanup", Time since last: 1000262585 ns, Reaching safepoint: 80428 ns, At safepoint: 6455 ns, Total: 86883 ns
[2020-09-11T14:35:15.628+0000][1][safepoint    ] Safepoint "Cleanup", Time since last: 1000180441 ns, Reaching safepoint: 101633 ns, At safepoint: 7210 ns, Total: 108843 ns
[2020-09-11T14:35:16.628+0000][1][safepoint    ] Safepoint "Cleanup", Time since last: 1000169071 ns, Reaching safepoint: 93311 ns, At safepoint: 6021 ns, Total: 99332 ns
[2020-09-11T14:35:17.628+0000][1][safepoint    ] Safepoint "Cleanup", Time since last: 1000163740 ns, Reaching safepoint: 98707 ns, At safepoint: 6888 ns, Total: 105595 ns
[2020-09-11T14:35:18.629+0000][1][safepoint    ] Safepoint "Cleanup", Time since last: 1000780633 ns, Reaching safepoint: 128404 ns, At safepoint: 16452 ns, Total: 144856 ns
[2020-09-11T14:35:19.630+0000][1][safepoint    ] Safepoint "Cleanup", Time since last: 1000178274 ns, Reaching safepoint: 111198 ns, At safepoint: 6680 ns, Total: 117878 ns
[2020-09-11T14:35:20.630+0000][1][safepoint    ] Safepoint "Cleanup", Time since last: 1000176535 ns, Reaching safepoint: 100468 ns, At safepoint: 7054 ns, Total: 107522 ns
[2020-09-11T14:35:21.630+0000][1][safepoint    ] Safepoint "Cleanup", Time since last: 1000198000 ns, Reaching safepoint: 145461 ns, At safepoint: 19331 ns, Total: 164792 ns
[2020-09-11T14:35:22.631+0000][1][safepoint    ] Safepoint "Cleanup", Time since last: 1000193954 ns, Reaching safepoint: 104493 ns, At safepoint: 6047 ns, Total: 110540 ns
[2020-09-11T14:35:23.631+0000][1][safepoint    ] Safepoint "Cleanup", Time since last: 1000827348 ns, Reaching safepoint: 105606 ns, At safepoint: 6895 ns, Total: 112501 ns
[2020-09-11T14:35:24.632+0000][1][safepoint    ] Safepoint "Cleanup", Time since last: 1000176682 ns, Reaching safepoint: 128585 ns, At safepoint: 16157 ns, Total: 144742 ns
[2020-09-11T14:35:25.632+0000][1][safepoint    ] Safepoint "Cleanup", Time since last: 1000223876 ns, Reaching safepoint: 128123 ns, At safepoint: 20761 ns, Total: 148884 ns
[2020-09-11T14:35:26.633+0000][1][safepoint    ] Safepoint "Cleanup", Time since last: 1000265254 ns, Reaching safepoint: 129427 ns, At safepoint: 16287 ns, Total: 145714 ns
[2020-09-11T14:35:27.633+0000][1][safepoint    ] Safepoint "Cleanup", Time since last: 1000226017 ns, Reaching safepoint: 91154 ns, At safepoint: 7385 ns, Total: 98539 ns
[2020-09-11T14:35:28.634+0000][1][safepoint    ] Safepoint "Cleanup", Time since last: 1000903254 ns, Reaching safepoint: 96732 ns, At safepoint: 6152 ns, Total: 102884 ns
[2020-09-11T14:35:29.634+0000][1][safepoint    ] Safepoint "Cleanup", Time since last: 1000184237 ns, Reaching safepoint: 119758 ns, At safepoint: 16956 ns, Total: 136714 ns
[2020-09-11T14:35:30.635+0000][1][safepoint    ] Safepoint "Cleanup", Time since last: 1000209849 ns, Reaching safepoint: 125117 ns, At safepoint: 15522 ns, Total: 140639 ns
[2020-09-11T14:35:31.635+0000][1][safepoint    ] Safepoint "Cleanup", Time since last: 1000176310 ns, Reaching safepoint: 119875 ns, At safepoint: 16722 ns, Total: 136597 ns
[2020-09-11T14:35:32.635+0000][1][safepoint    ] Safepoint "Cleanup", Time since last: 1000173805 ns, Reaching safepoint: 110418 ns, At safepoint: 6440 ns, Total: 116858 ns
[2020-09-11T14:35:33.636+0000][1][safepoint    ] Safepoint "Cleanup", Time since last: 1000775499 ns, Reaching safepoint: 106547 ns, At safepoint: 6975 ns, Total: 113522 ns
[2020-09-11T14:35:34.636+0000][1][safepoint    ] Safepoint "Cleanup", Time since last: 1000144758 ns, Reaching safepoint: 110534 ns, At safepoint: 6378 ns, Total: 116912 ns
[2020-09-11T14:35:35.637+0000][1][safepoint    ] Safepoint "Cleanup", Time since last: 1000184665 ns, Reaching safepoint: 81808 ns, At safepoint: 6267 ns, Total: 88075 ns
[2020-09-11T14:35:36.599+0000][1][safepoint    ] Safepoint "RevokeBias", Time since last: 962284450 ns, Reaching safepoint: 181450 ns, At safepoint: 51261 ns, Total: 232711 ns
[2020-09-11T14:35:37.600+0000][1][safepoint    ] Safepoint "Cleanup", Time since last: 1000217820 ns, Reaching safepoint: 159733 ns, At safepoint: 14280 ns, Total: 174013 ns
[2020-09-11T14:35:38.600+0000][1][safepoint    ] Safepoint "Cleanup", Time since last: 1000234292 ns, Reaching safepoint: 91330 ns, At safepoint: 7082 ns, Total: 98412 ns
[2020-09-11T14:35:39.600+0000][1][safepoint    ] Safepoint "Cleanup", Time since last: 1000195170 ns, Reaching safepoint: 93585 ns, At safepoint: 7230 ns, Total: 100815 ns
[2020-09-11T14:35:40.600+0000][1][safepoint    ] Safepoint "Cleanup", Time since last: 1000205057 ns, Reaching safepoint: 87250 ns, At safepoint: 6328 ns, Total: 93578 ns
[2020-09-11T14:35:41.601+0000][1][safepoint    ] Safepoint "Cleanup", Time since last: 1000220669 ns, Reaching safepoint: 71109 ns, At safepoint: 6980 ns, Total: 78089 ns
[2020-09-11T14:35:42.601+0000][1][safepoint    ] Safepoint "Cleanup", Time since last: 1000238155 ns, Reaching safepoint: 67449 ns, At safepoint: 6168 ns, Total: 73617 ns
[2020-09-11T14:35:43.601+0000][1][safepoint    ] Safepoint "Cleanup", Time since last: 1000192132 ns, Reaching safepoint: 77852 ns, At safepoint: 6708 ns, Total: 84560 ns
[2020-09-11T14:35:44.602+0000][1][safepoint    ] Safepoint "Cleanup", Time since last: 1000240724 ns, Reaching safepoint: 68484 ns, At safepoint: 5858 ns, Total: 74342 ns
[2020-09-11T14:35:45.602+0000][1][safepoint    ] Safepoint "Cleanup", Time since last: 1000173280 ns, Reaching safepoint: 128334 ns, At safepoint: 16922 ns, Total: 145256 ns
[2020-09-11T14:35:46.602+0000][1][safepoint    ] Safepoint "Cleanup", Time since last: 1000231021 ns, Reaching safepoint: 126100 ns, At safepoint: 16778 ns, Total: 142878 ns
[2020-09-11T14:35:47.603+0000][1][safepoint    ] Safepoint "Cleanup", Time since last: 1000220577 ns, Reaching safepoint: 95055 ns, At safepoint: 7274 ns, Total: 102329 ns
[2020-09-11T14:35:48.603+0000][1][safepoint    ] Safepoint "Cleanup", Time since last: 1000186376 ns, Reaching safepoint: 92033 ns, At safepoint: 6765 ns, Total: 98798 ns
[2020-09-11T14:35:49.606+0000][1][safepoint    ] Safepoint "Cleanup", Time since last: 1003161283 ns, Reaching safepoint: 80916 ns, At safepoint: 6419 ns, Total: 87335 ns
[2020-09-11T14:35:50.607+0000][1][safepoint    ] Safepoint "Cleanup", Time since last: 1000175581 ns, Reaching safepoint: 138798 ns, At safepoint: 16171 ns, Total: 154969 ns
[2020-09-11T14:35:51.607+0000][1][safepoint    ] Safepoint "Cleanup", Time since last: 1000198289 ns, Reaching safepoint: 104911 ns, At safepoint: 7411 ns, Total: 112322 ns
[2020-09-11T14:35:51.706+0000][1][safepoint    ] Safepoint "RevokeBias", Time since last: 99190421 ns, Reaching safepoint: 155999 ns, At safepoint: 20243 ns, Total: 176242 ns
[2020-09-11T14:35:51.706+0000][1][safepoint    ] Safepoint "RevokeBias", Time since last: 117916 ns, Reaching safepoint: 148231 ns, At safepoint: 13192 ns, Total: 161423 ns
[2020-09-11T14:35:51.707+0000][1][safepoint    ] Safepoint "RevokeBias", Time since last: 41218 ns, Reaching safepoint: 132606 ns, At safepoint: 11607 ns, Total: 144213 ns
[2020-09-11T14:35:51.707+0000][1][safepoint    ] Safepoint "BulkRevokeBias", Time since last: 77161 ns, Reaching safepoint: 132852 ns, At safepoint: 163670 ns, Total: 296522 ns
[2020-09-11T14:35:51.708+0000][1][safepoint    ] Safepoint "RevokeBias", Time since last: 877110 ns, Reaching safepoint: 153963 ns, At safepoint: 14660 ns, Total: 168623 ns
[2020-09-11T14:35:51.739+0000][1][safepoint    ] Safepoint "RevokeBias", Time since last: 30346260 ns, Reaching safepoint: 159191 ns, At safepoint: 15664 ns, Total: 174855 ns
[2020-09-11T14:35:51.739+0000][1][safepoint    ] Safepoint "RevokeBias", Time since last: 89168 ns, Reaching safepoint: 149562 ns, At safepoint: 12175 ns, Total: 161737 ns
[2020-09-11T14:35:51.740+0000][1][safepoint    ] Safepoint "RevokeBias", Time since last: 663271 ns, Reaching safepoint: 26644 ns, At safepoint: 10802 ns, Total: 37446 ns
[2020-09-11T14:35:52.740+0000][1][safepoint    ] Safepoint "Cleanup", Time since last: 1000109244 ns, Reaching safepoint: 113425 ns, At safepoint: 5919 ns, Total: 119344 ns
[2020-09-11T14:35:53.740+0000][1][safepoint    ] Safepoint "Cleanup", Time since last: 1000170607 ns, Reaching safepoint: 90153 ns, At safepoint: 6641 ns, Total: 96794 ns
[2020-09-11T14:35:54.741+0000][1][safepoint    ] Safepoint "Cleanup", Time since last: 1001019553 ns, Reaching safepoint: 79672 ns, At safepoint: 7001 ns, Total: 86673 ns
[2020-09-11T14:35:55.741+0000][1][safepoint    ] Safepoint "Cleanup", Time since last: 1000238430 ns, Reaching safepoint: 109922 ns, At safepoint: 6387 ns, Total: 116309 ns
[2020-09-11T14:35:56.328+0000][1][gc,start     ] GC(80) Pause Young (Allocation Failure)
[2020-09-11T14:35:56.328+0000][1][gc,task      ] GC(80) Using 1 workers of 1 for evacuation
[2020-09-11T14:35:56.335+0000][1][gc,age       ] GC(80) Desired survivor size 4358144 bytes, new threshold 6 (max threshold 6)
[2020-09-11T14:35:56.335+0000][1][gc,age       ] GC(80) Age table with threshold 6 (max threshold 6)
[2020-09-11T14:35:56.335+0000][1][gc,age       ] GC(80) - age   1:      27792 bytes,      27792 total
[2020-09-11T14:35:56.335+0000][1][gc,age       ] GC(80) - age   2:      20248 bytes,      48040 total
[2020-09-11T14:35:56.335+0000][1][gc,age       ] GC(80) - age   3:      23296 bytes,      71336 total
[2020-09-11T14:35:56.335+0000][1][gc,age       ] GC(80) - age   4:       3936 bytes,      75272 total
[2020-09-11T14:35:56.335+0000][1][gc,age       ] GC(80) - age   5:       9208 bytes,      84480 total
[2020-09-11T14:35:56.335+0000][1][gc,age       ] GC(80) - age   6:       1904 bytes,      86384 total
[2020-09-11T14:35:56.335+0000][1][gc,heap      ] GC(80) ParNew: 68275K->134K(76672K)
[2020-09-11T14:35:56.335+0000][1][gc,heap      ] GC(80) CMS: 68879K->68945K(439104K)
[2020-09-11T14:35:56.335+0000][1][gc,metaspace ] GC(80) Metaspace: 84780K->84780K(1128448K)
[2020-09-11T14:35:56.335+0000][1][gc           ] GC(80) Pause Young (Allocation Failure) 133M->67M(503M) 7.105ms
[2020-09-11T14:35:56.335+0000][1][gc,cpu       ] GC(80) User=0.01s Sys=0.00s Real=0.00s
[2020-09-11T14:35:56.337+0000][1][safepoint    ] Safepoint "GenCollectForAllocation", Time since last: 586533890 ns, Reaching safepoint: 157242 ns, At safepoint: 8326019 ns, Total: 8483261 ns
[2020-09-11T14:35:58.116+0000][1][safepoint    ] Safepoint "Cleanup", Time since last: 1779035875 ns, Reaching safepoint: 163866 ns, At safepoint: 18933 ns, Total: 182799 ns
[2020-09-11T14:35:59.116+0000][1][safepoint    ] Safepoint "Cleanup", Time since last: 1000183605 ns, Reaching safepoint: 112843 ns, At safepoint: 7881 ns, Total: 120724 ns
[2020-09-11T14:36:00.116+0000][1][safepoint    ] Safepoint "Cleanup", Time since last: 1000182673 ns, Reaching safepoint: 129043 ns, At safepoint: 18042 ns, Total: 147085 ns
[2020-09-11T14:36:01.117+0000][1][safepoint    ] Safepoint "Cleanup", Time since last: 1000219532 ns, Reaching safepoint: 132300 ns, At safepoint: 17978 ns, Total: 150278 ns
[2020-09-11T14:36:02.117+0000][1][safepoint    ] Safepoint "Cleanup", Time since last: 1000232495 ns, Reaching safepoint: 84231 ns, At safepoint: 7228 ns, Total: 91459 ns
[2020-09-11T14:36:03.117+0000][1][safepoint    ] Safepoint "Cleanup", Time since last: 1000215539 ns, Reaching safepoint: 87056 ns, At safepoint: 7727 ns, Total: 94783 ns
[2020-09-11T14:36:04.118+0000][1][safepoint    ] Safepoint "Cleanup", Time since last: 1000184409 ns, Reaching safepoint: 95737 ns, At safepoint: 7310 ns, Total: 103047 ns
[2020-09-11T14:36:05.119+0000][1][safepoint    ] Safepoint "Cleanup", Time since last: 1000919111 ns, Reaching safepoint: 129564 ns, At safepoint: 15018 ns, Total: 144582 ns
[2020-09-11T14:36:06.119+0000][1][safepoint    ] Safepoint "Cleanup", Time since last: 1000154464 ns, Reaching safepoint: 122865 ns, At safepoint: 15642 ns, Total: 138507 ns
[2020-09-11T14:36:07.119+0000][1][safepoint    ] Safepoint "Cleanup", Time since last: 1000223213 ns, Reaching safepoint: 121238 ns, At safepoint: 16846 ns, Total: 138084 ns
[2020-09-11T14:36:08.120+0000][1][safepoint    ] Safepoint "Cleanup", Time since last: 1000203491 ns, Reaching safepoint: 118745 ns, At safepoint: 16472 ns, Total: 135217 ns
[2020-09-11T14:36:09.120+0000][1][safepoint    ] Safepoint "Cleanup", Time since last: 1000183505 ns, Reaching safepoint: 109545 ns, At safepoint: 7344 ns, Total: 116889 ns
[2020-09-11T14:36:10.121+0000][1][safepoint    ] Safepoint "Cleanup", Time since last: 1000805924 ns, Reaching safepoint: 93892 ns, At safepoint: 6691 ns, Total: 100583 ns
[2020-09-11T14:36:11.121+0000][1][safepoint    ] Safepoint "Cleanup", Time since last: 1000381063 ns, Reaching safepoint: 65994 ns, At safepoint: 5718 ns, Total: 71712 ns
[2020-09-11T14:36:12.122+0000][1][safepoint    ] Safepoint "Cleanup", Time since last: 1000212270 ns, Reaching safepoint: 157599 ns, At safepoint: 15121 ns, Total: 172720 ns
[2020-09-11T14:36:13.122+0000][1][safepoint    ] Safepoint "Cleanup", Time since last: 1000226962 ns, Reaching safepoint: 127980 ns, At safepoint: 17076 ns, Total: 145056 ns
[2020-09-11T14:36:14.122+0000][1][safepoint    ] Safepoint "Cleanup", Time since last: 1000218179 ns, Reaching safepoint: 126614 ns, At safepoint: 16521 ns, Total: 143135 ns
[2020-09-11T14:36:15.124+0000][1][safepoint    ] Safepoint "Cleanup", Time since last: 1000970046 ns, Reaching safepoint: 99989 ns, At safepoint: 6732 ns, Total: 106721 ns
[2020-09-11T14:36:16.124+0000][1][safepoint    ] Safepoint "Cleanup", Time since last: 1000145308 ns, Reaching safepoint: 136412 ns, At safepoint: 16836 ns, Total: 153248 ns
[2020-09-11T14:36:17.124+0000][1][safepoint    ] Safepoint "Cleanup", Time since last: 1000256960 ns, Reaching safepoint: 74585 ns, At safepoint: 6259 ns, Total: 80844 ns
[2020-09-11T14:36:18.124+0000][1][safepoint    ] Safepoint "Cleanup", Time since last: 1000163514 ns, Reaching safepoint: 95516 ns, At safepoint: 7136 ns, Total: 102652 ns
[2020-09-11T14:36:19.125+0000][1][safepoint    ] Safepoint "Cleanup", Time since last: 1000175852 ns, Reaching safepoint: 97796 ns, At safepoint: 6998 ns, Total: 104794 ns
[2020-09-11T14:36:20.126+0000][1][safepoint    ] Safepoint "Cleanup", Time since last: 1000879819 ns, Reaching safepoint: 108514 ns, At safepoint: 6551 ns, Total: 115065 ns
[2020-09-11T14:36:21.126+0000][1][safepoint    ] Safepoint "Cleanup", Time since last: 1000215863 ns, Reaching safepoint: 97036 ns, At safepoint: 7150 ns, Total: 104186 ns
[2020-09-11T14:36:22.126+0000][1][safepoint    ] Safepoint "Cleanup", Time since last: 1000170446 ns, Reaching safepoint: 123510 ns, At safepoint: 15994 ns, Total: 139504 ns
[2020-09-11T14:36:23.127+0000][1][safepoint    ] Safepoint "Cleanup", Time since last: 1000212912 ns, Reaching safepoint: 119077 ns, At safepoint: 16250 ns, Total: 135327 ns
[2020-09-11T14:36:24.127+0000][1][safepoint    ] Safepoint "Cleanup", Time since last: 1000193724 ns, Reaching safepoint: 67432 ns, At safepoint: 6540 ns, Total: 73972 ns
[2020-09-11T14:36:25.128+0000][1][safepoint    ] Safepoint "Cleanup", Time since last: 1000881763 ns, Reaching safepoint: 137104 ns, At safepoint: 16936 ns, Total: 154040 ns
[2020-09-11T14:36:26.128+0000][1][safepoint    ] Safepoint "Cleanup", Time since last: 1000234012 ns, Reaching safepoint: 100909 ns, At safepoint: 7288 ns, Total: 108197 ns
[2020-09-11T14:36:27.129+0000][1][safepoint    ] Safepoint "Cleanup", Time since last: 1000215733 ns, Reaching safepoint: 116930 ns, At safepoint: 7784 ns, Total: 124714 ns
[2020-09-11T14:36:28.129+0000][1][safepoint    ] Safepoint "Cleanup", Time since last: 1000185708 ns, Reaching safepoint: 95926 ns, At safepoint: 7067 ns, Total: 102993 ns
[2020-09-11T14:36:29.129+0000][1][safepoint    ] Safepoint "Cleanup", Time since last: 1000171485 ns, Reaching safepoint: 93535 ns, At safepoint: 7375 ns, Total: 100910 ns
[2020-09-11T14:36:30.130+0000][1][safepoint    ] Safepoint "Cleanup", Time since last: 1000903618 ns, Reaching safepoint: 106743 ns, At safepoint: 7029 ns, Total: 113772 ns
[2020-09-11T14:36:31.131+0000][1][safepoint    ] Safepoint "Cleanup", Time since last: 1000195942 ns, Reaching safepoint: 140011 ns, At safepoint: 17046 ns, Total: 157057 ns
[2020-09-11T14:36:32.131+0000][1][safepoint    ] Safepoint "Cleanup", Time since last: 1000211180 ns, Reaching safepoint: 127002 ns, At safepoint: 16571 ns, Total: 143573 ns
[2020-09-11T14:36:33.131+0000][1][safepoint    ] Safepoint "Cleanup", Time since last: 1000215050 ns, Reaching safepoint: 107348 ns, At safepoint: 6346 ns, Total: 113694 ns
[2020-09-11T14:36:34.132+0000][1][safepoint    ] Safepoint "Cleanup", Time since last: 1000176011 ns, Reaching safepoint: 132628 ns, At safepoint: 16982 ns, Total: 149610 ns
[2020-09-11T14:36:35.132+0000][1][safepoint    ] Safepoint "Cleanup", Time since last: 1000210349 ns, Reaching safepoint: 123357 ns, At safepoint: 16594 ns, Total: 139951 ns
[2020-09-11T14:36:36.132+0000][1][safepoint    ] Safepoint "Cleanup", Time since last: 1000227644 ns, Reaching safepoint: 132157 ns, At safepoint: 17446 ns, Total: 149603 ns
[2020-09-11T14:36:37.133+0000][1][safepoint    ] Safepoint "Cleanup", Time since last: 1000195527 ns, Reaching safepoint: 147264 ns, At safepoint: 13538 ns, Total: 160802 ns
[2020-09-11T14:36:38.133+0000][1][safepoint    ] Safepoint "Cleanup", Time since last: 1000212342 ns, Reaching safepoint: 91832 ns, At safepoint: 6916 ns, Total: 98748 ns
[2020-09-11T14:36:39.133+0000][1][safepoint    ] Safepoint "Cleanup", Time since last: 1000150888 ns, Reaching safepoint: 115169 ns, At safepoint: 7583 ns, Total: 122752 ns
[2020-09-11T14:36:40.134+0000][1][safepoint    ] Safepoint "Cleanup", Time since last: 1000176267 ns, Reaching safepoint: 98292 ns, At safepoint: 7014 ns, Total: 105306 ns
[2020-09-11T14:36:41.134+0000][1][safepoint    ] Safepoint "Cleanup", Time since last: 1000193355 ns, Reaching safepoint: 88503 ns, At safepoint: 7187 ns, Total: 95690 ns
[2020-09-11T14:36:42.134+0000][1][safepoint    ] Safepoint "Cleanup", Time since last: 1000117407 ns, Reaching safepoint: 73041 ns, At safepoint: 7657 ns, Total: 80698 ns
[2020-09-11T14:36:43.134+0000][1][safepoint    ] Safepoint "Cleanup", Time since last: 1000194197 ns, Reaching safepoint: 137459 ns, At safepoint: 18686 ns, Total: 156145 ns
[2020-09-11T14:36:44.135+0000][1][safepoint    ] Safepoint "Cleanup", Time since last: 1000198974 ns, Reaching safepoint: 110091 ns, At safepoint: 7439 ns, Total: 117530 ns
[2020-09-11T14:36:45.135+0000][1][safepoint    ] Safepoint "Cleanup", Time since last: 1000183083 ns, Reaching safepoint: 106292 ns, At safepoint: 7023 ns, Total: 113315 ns
[2020-09-11T14:36:46.135+0000][1][safepoint    ] Safepoint "Cleanup", Time since last: 1000171085 ns, Reaching safepoint: 94331 ns, At safepoint: 6514 ns, Total: 100845 ns
[2020-09-11T14:36:47.136+0000][1][safepoint    ] Safepoint "Cleanup", Time since last: 1000170464 ns, Reaching safepoint: 125260 ns, At safepoint: 17190 ns, Total: 142450 ns
[2020-09-11T14:36:48.136+0000][1][safepoint    ] Safepoint "Cleanup", Time since last: 1000227249 ns, Reaching safepoint: 123921 ns, At safepoint: 16644 ns, Total: 140565 ns
[2020-09-11T14:36:49.136+0000][1][safepoint    ] Safepoint "Cleanup", Time since last: 1000182848 ns, Reaching safepoint: 115608 ns, At safepoint: 7214 ns, Total: 122822 ns
[2020-09-11T14:36:50.804+0000][1][safepoint    ] Safepoint "Cleanup", Time since last: 1667237586 ns, Reaching safepoint: 141902 ns, At safepoint: 16892 ns, Total: 158794 ns
[2020-09-11T14:36:51.804+0000][1][safepoint    ] Safepoint "Cleanup", Time since last: 1000228492 ns, Reaching safepoint: 125401 ns, At safepoint: 16876 ns, Total: 142277 ns
[2020-09-11T14:36:52.804+0000][1][safepoint    ] Safepoint "Cleanup", Time since last: 1000182696 ns, Reaching safepoint: 120620 ns, At safepoint: 16514 ns, Total: 137134 ns
[2020-09-11T14:36:53.805+0000][1][safepoint    ] Safepoint "Cleanup", Time since last: 1000188061 ns, Reaching safepoint: 129701 ns, At safepoint: 16180 ns, Total: 145881 ns
[2020-09-11T14:36:54.805+0000][1][safepoint    ] Safepoint "Cleanup", Time since last: 1000187063 ns, Reaching safepoint: 103865 ns, At safepoint: 5635 ns, Total: 109500 ns
[2020-09-11T14:36:55.805+0000][1][safepoint    ] Safepoint "Cleanup", Time since last: 1000143381 ns, Reaching safepoint: 85056 ns, At safepoint: 5817 ns, Total: 90873 ns
[2020-09-11T14:36:56.806+0000][1][safepoint    ] Safepoint "Cleanup", Time since last: 1000130173 ns, Reaching safepoint: 184840 ns, At safepoint: 6947 ns, Total: 191787 ns
[2020-09-11T14:36:57.806+0000][1][safepoint    ] Safepoint "Cleanup", Time since last: 1000303814 ns, Reaching safepoint: 166676 ns, At safepoint: 13367 ns, Total: 180043 ns
[2020-09-11T14:36:58.807+0000][1][safepoint    ] Safepoint "Cleanup", Time since last: 1000377030 ns, Reaching safepoint: 122441 ns, At safepoint: 13484 ns, Total: 135925 ns
[2020-09-11T14:36:59.807+0000][1][safepoint    ] Safepoint "Cleanup", Time since last: 1000179902 ns, Reaching safepoint: 226042 ns, At safepoint: 17433 ns, Total: 243475 ns
[2020-09-11T14:36:59.813+0000][1][gc,start     ] GC(81) Pause Young (Allocation Failure)
[2020-09-11T14:36:59.813+0000][1][gc,task      ] GC(81) Using 1 workers of 1 for evacuation
[2020-09-11T14:36:59.817+0000][1][gc,age       ] GC(81) Desired survivor size 4358144 bytes, new threshold 6 (max threshold 6)
[2020-09-11T14:36:59.817+0000][1][gc,age       ] GC(81) Age table with threshold 6 (max threshold 6)
[2020-09-11T14:36:59.817+0000][1][gc,age       ] GC(81) - age   1:      31416 bytes,      31416 total
[2020-09-11T14:36:59.817+0000][1][gc,age       ] GC(81) - age   2:       3048 bytes,      34464 total
[2020-09-11T14:36:59.817+0000][1][gc,age       ] GC(81) - age   3:      17768 bytes,      52232 total
[2020-09-11T14:36:59.817+0000][1][gc,age       ] GC(81) - age   4:      23296 bytes,      75528 total
[2020-09-11T14:36:59.817+0000][1][gc,age       ] GC(81) - age   5:       3936 bytes,      79464 total
[2020-09-11T14:36:59.817+0000][1][gc,age       ] GC(81) - age   6:       9208 bytes,      88672 total
[2020-09-11T14:36:59.817+0000][1][gc,heap      ] GC(81) ParNew: 68294K->96K(76672K)
[2020-09-11T14:36:59.817+0000][1][gc,heap      ] GC(81) CMS: 68945K->68947K(439104K)
[2020-09-11T14:36:59.817+0000][1][gc,metaspace ] GC(81) Metaspace: 84787K->84787K(1128448K)
[2020-09-11T14:36:59.817+0000][1][gc           ] GC(81) Pause Young (Allocation Failure) 134M->67M(503M) 4.314ms
[2020-09-11T14:36:59.817+0000][1][gc,cpu       ] GC(81) User=0.00s Sys=0.00s Real=0.01s
[2020-09-11T14:36:59.817+0000][1][safepoint    ] Safepoint "GenCollectForAllocation", Time since last: 5441690 ns, Reaching safepoint: 194707 ns, At safepoint: 4403571 ns, Total: 4598278 ns
[2020-09-11T14:37:00.819+0000][1][safepoint    ] Safepoint "Cleanup", Time since last: 1001999083 ns, Reaching safepoint: 233345 ns, At safepoint: 45438 ns, Total: 278783 ns
[2020-09-11T14:37:01.820+0000][1][safepoint    ] Safepoint "Cleanup", Time since last: 1000252115 ns, Reaching safepoint: 224084 ns, At safepoint: 41816 ns, Total: 265900 ns
[2020-09-11T14:37:02.820+0000][1][safepoint    ] Safepoint "Cleanup", Time since last: 1000176364 ns, Reaching safepoint: 122003 ns, At safepoint: 5482 ns, Total: 127485 ns
[2020-09-11T14:37:03.821+0000][1][safepoint    ] Safepoint "Cleanup", Time since last: 1000196718 ns, Reaching safepoint: 164818 ns, At safepoint: 12228 ns, Total: 177046 ns
[2020-09-11T14:37:04.821+0000][1][safepoint    ] Safepoint "Cleanup", Time since last: 1000154082 ns, Reaching safepoint: 176907 ns, At safepoint: 7315 ns, Total: 184222 ns
[2020-09-11T14:37:05.821+0000][1][safepoint    ] Safepoint "Cleanup", Time since last: 1000138129 ns, Reaching safepoint: 143499 ns, At safepoint: 15469 ns, Total: 158968 ns
[2020-09-11T14:37:06.822+0000][1][safepoint    ] Safepoint "Cleanup", Time since last: 1000231905 ns, Reaching safepoint: 137459 ns, At safepoint: 17370 ns, Total: 154829 ns
[2020-09-11T14:37:07.822+0000][1][safepoint    ] Safepoint "Cleanup", Time since last: 1000389843 ns, Reaching safepoint: 134957 ns, At safepoint: 17523 ns, Total: 152480 ns
[2020-09-11T14:37:08.822+0000][1][safepoint    ] Safepoint "Cleanup", Time since last: 1000186488 ns, Reaching safepoint: 117479 ns, At safepoint: 6622 ns, Total: 124101 ns
[2020-09-11T14:37:09.823+0000][1][safepoint    ] Safepoint "Cleanup", Time since last: 1000182351 ns, Reaching safepoint: 136813 ns, At safepoint: 16224 ns, Total: 153037 ns
[2020-09-11T14:37:10.823+0000][1][safepoint    ] Safepoint "Cleanup", Time since last: 1000214811 ns, Reaching safepoint: 166525 ns, At safepoint: 20758 ns, Total: 187283 ns
[2020-09-11T14:37:11.823+0000][1][safepoint    ] Safepoint "Cleanup", Time since last: 1000228999 ns, Reaching safepoint: 115573 ns, At safepoint: 6276 ns, Total: 121849 ns
[2020-09-11T14:37:12.824+0000][1][safepoint    ] Safepoint "Cleanup", Time since last: 1000199508 ns, Reaching safepoint: 98549 ns, At safepoint: 7626 ns, Total: 106175 ns
[2020-09-11T14:37:13.824+0000][1][safepoint    ] Safepoint "Cleanup", Time since last: 1000219172 ns, Reaching safepoint: 94551 ns, At safepoint: 6967 ns, Total: 101518 ns
[2020-09-11T14:37:14.824+0000][1][safepoint    ] Safepoint "Cleanup", Time since last: 1000145013 ns, Reaching safepoint: 139814 ns, At safepoint: 17303 ns, Total: 157117 ns
[2020-09-11T14:37:15.825+0000][1][safepoint    ] Safepoint "Cleanup", Time since last: 1000228922 ns, Reaching safepoint: 136326 ns, At safepoint: 16170 ns, Total: 152496 ns
[2020-09-11T14:37:16.825+0000][1][safepoint    ] Safepoint "Cleanup", Time since last: 1000236642 ns, Reaching safepoint: 105639 ns, At safepoint: 7358 ns, Total: 112997 ns
[2020-09-11T14:37:17.825+0000][1][safepoint    ] Safepoint "Cleanup", Time since last: 1000189270 ns, Reaching safepoint: 107166 ns, At safepoint: 6769 ns, Total: 113935 ns
[2020-09-11T14:37:18.826+0000][1][safepoint    ] Safepoint "Cleanup", Time since last: 1000197113 ns, Reaching safepoint: 136042 ns, At safepoint: 17854 ns, Total: 153896 ns
[2020-09-11T14:37:19.826+0000][1][safepoint    ] Safepoint "Cleanup", Time since last: 1000395169 ns, Reaching safepoint: 111134 ns, At safepoint: 7597 ns, Total: 118731 ns
[2020-09-11T14:37:20.827+0000][1][safepoint    ] Safepoint "Cleanup", Time since last: 1000141826 ns, Reaching safepoint: 124700 ns, At safepoint: 6795 ns, Total: 131495 ns
[2020-09-11T14:37:21.827+0000][1][safepoint    ] Safepoint "Cleanup", Time since last: 1000183094 ns, Reaching safepoint: 132411 ns, At safepoint: 16494 ns, Total: 148905 ns
[2020-09-11T14:37:22.827+0000][1][safepoint    ] Safepoint "Cleanup", Time since last: 1000254812 ns, Reaching safepoint: 102083 ns, At safepoint: 7364 ns, Total: 109447 ns
[2020-09-11T14:37:23.828+0000][1][safepoint    ] Safepoint "Cleanup", Time since last: 1000146049 ns, Reaching safepoint: 115892 ns, At safepoint: 6379 ns, Total: 122271 ns
[2020-09-11T14:37:24.828+0000][1][safepoint    ] Safepoint "Cleanup", Time since last: 1000146470 ns, Reaching safepoint: 115924 ns, At safepoint: 6698 ns, Total: 122622 ns
[2020-09-11T14:37:25.828+0000][1][safepoint    ] Safepoint "Cleanup", Time since last: 1000177060 ns, Reaching safepoint: 133787 ns, At safepoint: 16518 ns, Total: 150305 ns
[2020-09-11T14:37:26.829+0000][1][safepoint    ] Safepoint "Cleanup", Time since last: 1000234146 ns, Reaching safepoint: 134542 ns, At safepoint: 17580 ns, Total: 152122 ns
[2020-09-11T14:37:27.829+0000][1][safepoint    ] Safepoint "Cleanup", Time since last: 1000222625 ns, Reaching safepoint: 119318 ns, At safepoint: 7407 ns, Total: 126725 ns
[2020-09-11T14:37:28.829+0000][1][safepoint    ] Safepoint "Cleanup", Time since last: 1000198540 ns, Reaching safepoint: 179572 ns, At safepoint: 17784 ns, Total: 197356 ns
[2020-09-11T14:37:29.830+0000][1][safepoint    ] Safepoint "Cleanup", Time since last: 1000216910 ns, Reaching safepoint: 106768 ns, At safepoint: 6999 ns, Total: 113767 ns
[2020-09-11T14:37:30.830+0000][1][safepoint    ] Safepoint "Cleanup", Time since last: 1000189136 ns, Reaching safepoint: 133119 ns, At safepoint: 16882 ns, Total: 150001 ns
[2020-09-11T14:37:31.830+0000][1][safepoint    ] Safepoint "Cleanup", Time since last: 1000226704 ns, Reaching safepoint: 101740 ns, At safepoint: 7035 ns, Total: 108775 ns
[2020-09-11T14:37:32.831+0000][1][safepoint    ] Safepoint "Cleanup", Time since last: 1000209980 ns, Reaching safepoint: 102719 ns, At safepoint: 7677 ns, Total: 110396 ns
[2020-09-11T14:37:33.831+0000][1][safepoint    ] Safepoint "Cleanup", Time since last: 1000193950 ns, Reaching safepoint: 133122 ns, At safepoint: 16411 ns, Total: 149533 ns
[2020-09-11T14:37:34.831+0000][1][safepoint    ] Safepoint "Cleanup", Time since last: 1000203766 ns, Reaching safepoint: 123916 ns, At safepoint: 6803 ns, Total: 130719 ns
[2020-09-11T14:37:35.832+0000][1][safepoint    ] Safepoint "Cleanup", Time since last: 1000191113 ns, Reaching safepoint: 102666 ns, At safepoint: 6674 ns, Total: 109340 ns
[2020-09-11T14:37:36.832+0000][1][safepoint    ] Safepoint "Cleanup", Time since last: 1000146761 ns, Reaching safepoint: 140954 ns, At safepoint: 16728 ns, Total: 157682 ns
[2020-09-11T14:37:37.832+0000][1][safepoint    ] Safepoint "Cleanup", Time since last: 1000220135 ns, Reaching safepoint: 101990 ns, At safepoint: 6747 ns, Total: 108737 ns
[2020-09-11T14:37:38.832+0000][1][safepoint    ] Safepoint "Cleanup", Time since last: 1000110043 ns, Reaching safepoint: 101949 ns, At safepoint: 7342 ns, Total: 109291 ns
[2020-09-11T14:37:39.833+0000][1][safepoint    ] Safepoint "Cleanup", Time since last: 1000175363 ns, Reaching safepoint: 134565 ns, At safepoint: 16789 ns, Total: 151354 ns
[2020-09-11T14:37:40.833+0000][1][safepoint    ] Safepoint "Cleanup", Time since last: 1000224642 ns, Reaching safepoint: 174019 ns, At safepoint: 18830 ns, Total: 192849 ns
[2020-09-11T14:37:41.834+0000][1][safepoint    ] Safepoint "Cleanup", Time since last: 1000229447 ns, Reaching safepoint: 134886 ns, At safepoint: 16331 ns, Total: 151217 ns
[2020-09-11T14:37:42.834+0000][1][safepoint    ] Safepoint "Cleanup", Time since last: 1000228828 ns, Reaching safepoint: 97241 ns, At safepoint: 7071 ns, Total: 104312 ns
[2020-09-11T14:37:43.834+0000][1][safepoint    ] Safepoint "Cleanup", Time since last: 1000193873 ns, Reaching safepoint: 84137 ns, At safepoint: 6991 ns, Total: 91128 ns
[2020-09-11T14:37:44.834+0000][1][safepoint    ] Safepoint "Cleanup", Time since last: 1000164813 ns, Reaching safepoint: 118765 ns, At safepoint: 7630 ns, Total: 126395 ns
[2020-09-11T14:37:45.835+0000][1][safepoint    ] Safepoint "Cleanup", Time since last: 1000177062 ns, Reaching safepoint: 102707 ns, At safepoint: 6964 ns, Total: 109671 ns
[2020-09-11T14:37:46.835+0000][1][safepoint    ] Safepoint "Cleanup", Time since last: 1000197924 ns, Reaching safepoint: 99603 ns, At safepoint: 7680 ns, Total: 107283 ns
[2020-09-11T14:37:47.835+0000][1][safepoint    ] Safepoint "Cleanup", Time since last: 1000184763 ns, Reaching safepoint: 98592 ns, At safepoint: 7134 ns, Total: 105726 ns
[2020-09-11T14:37:48.836+0000][1][safepoint    ] Safepoint "Cleanup", Time since last: 1000220414 ns, Reaching safepoint: 92786 ns, At safepoint: 7450 ns, Total: 100236 ns
[2020-09-11T14:37:49.836+0000][1][safepoint    ] Safepoint "Cleanup", Time since last: 1000191591 ns, Reaching safepoint: 104872 ns, At safepoint: 6890 ns, Total: 111762 ns
[2020-09-11T14:37:50.836+0000][1][safepoint    ] Safepoint "Cleanup", Time since last: 1000216498 ns, Reaching safepoint: 93708 ns, At safepoint: 7986 ns, Total: 101694 ns
[2020-09-11T14:37:51.837+0000][1][safepoint    ] Safepoint "Cleanup", Time since last: 1000175280 ns, Reaching safepoint: 130559 ns, At safepoint: 17143 ns, Total: 147702 ns
[2020-09-11T14:37:52.837+0000][1][safepoint    ] Safepoint "Cleanup", Time since last: 1000212581 ns, Reaching safepoint: 135474 ns, At safepoint: 16669 ns, Total: 152143 ns
[2020-09-11T14:37:53.837+0000][1][safepoint    ] Safepoint "Cleanup", Time since last: 1000174819 ns, Reaching safepoint: 142123 ns, At safepoint: 7019 ns, Total: 149142 ns
[2020-09-11T14:37:54.838+0000][1][safepoint    ] Safepoint "Cleanup", Time since last: 1000171607 ns, Reaching safepoint: 134274 ns, At safepoint: 17303 ns, Total: 151577 ns
[2020-09-11T14:37:55.838+0000][1][safepoint    ] Safepoint "Cleanup", Time since last: 1000187410 ns, Reaching safepoint: 139847 ns, At safepoint: 14597 ns, Total: 154444 ns
[2020-09-11T14:37:56.838+0000][1][safepoint    ] Safepoint "Cleanup", Time since last: 1000186830 ns, Reaching safepoint: 134892 ns, At safepoint: 15359 ns, Total: 150251 ns
[2020-09-11T14:37:57.839+0000][1][safepoint    ] Safepoint "Cleanup", Time since last: 1000213960 ns, Reaching safepoint: 100392 ns, At safepoint: 6682 ns, Total: 107074 ns
[2020-09-11T14:37:58.839+0000][1][safepoint    ] Safepoint "Cleanup", Time since last: 1000196570 ns, Reaching safepoint: 97475 ns, At safepoint: 7205 ns, Total: 104680 ns
[2020-09-11T14:37:59.839+0000][1][safepoint    ] Safepoint "Cleanup", Time since last: 1000200216 ns, Reaching safepoint: 135527 ns, At safepoint: 16922 ns, Total: 152449 ns
[2020-09-11T14:38:00.840+0000][1][safepoint    ] Safepoint "Cleanup", Time since last: 1000241089 ns, Reaching safepoint: 137385 ns, At safepoint: 17660 ns, Total: 155045 ns
[2020-09-11T14:38:01.840+0000][1][safepoint    ] Safepoint "Cleanup", Time since last: 1000216759 ns, Reaching safepoint: 135324 ns, At safepoint: 17416 ns, Total: 152740 ns
[2020-09-11T14:38:02.840+0000][1][safepoint    ] Safepoint "Cleanup", Time since last: 1000225152 ns, Reaching safepoint: 95522 ns, At safepoint: 7210 ns, Total: 102732 ns
[2020-09-11T14:38:03.841+0000][1][safepoint    ] Safepoint "Cleanup", Time since last: 1000195197 ns, Reaching safepoint: 134375 ns, At safepoint: 16999 ns, Total: 151374 ns
[2020-09-11T14:38:04.841+0000][1][safepoint    ] Safepoint "Cleanup", Time since last: 1000219810 ns, Reaching safepoint: 135752 ns, At safepoint: 17236 ns, Total: 152988 ns
[2020-09-11T14:38:04.902+0000][1][gc,start     ] GC(82) Pause Young (Allocation Failure)
[2020-09-11T14:38:04.902+0000][1][gc,task      ] GC(82) Using 1 workers of 1 for evacuation
[2020-09-11T14:38:04.907+0000][1][gc,age       ] GC(82) Desired survivor size 4358144 bytes, new threshold 6 (max threshold 6)
[2020-09-11T14:38:04.907+0000][1][gc,age       ] GC(82) Age table with threshold 6 (max threshold 6)
[2020-09-11T14:38:04.907+0000][1][gc,age       ] GC(82) - age   1:      44840 bytes,      44840 total
[2020-09-11T14:38:04.907+0000][1][gc,age       ] GC(82) - age   2:       5496 bytes,      50336 total
[2020-09-11T14:38:04.907+0000][1][gc,age       ] GC(82) - age   3:       3048 bytes,      53384 total
[2020-09-11T14:38:04.907+0000][1][gc,age       ] GC(82) - age   4:      17768 bytes,      71152 total
[2020-09-11T14:38:04.907+0000][1][gc,age       ] GC(82) - age   5:      23296 bytes,      94448 total
[2020-09-11T14:38:04.907+0000][1][gc,age       ] GC(82) - age   6:       3936 bytes,      98384 total
[2020-09-11T14:38:04.908+0000][1][gc,heap      ] GC(82) ParNew: 68256K->178K(76672K)
[2020-09-11T14:38:04.908+0000][1][gc,heap      ] GC(82) CMS: 68947K->68956K(439104K)
[2020-09-11T14:38:04.908+0000][1][gc,metaspace ] GC(82) Metaspace: 84799K->84799K(1128448K)
[2020-09-11T14:38:04.908+0000][1][gc           ] GC(82) Pause Young (Allocation Failure) 133M->67M(503M) 5.961ms
[2020-09-11T14:38:04.908+0000][1][gc,cpu       ] GC(82) User=0.01s Sys=0.00s Real=0.01s
[2020-09-11T14:38:04.908+0000][1][safepoint    ] Safepoint "GenCollectForAllocation", Time since last: 60254360 ns, Reaching safepoint: 221127 ns, At safepoint: 6049589 ns, Total: 6270716 ns
[2020-09-11T14:38:05.910+0000][1][safepoint    ] Safepoint "Cleanup", Time since last: 1002277964 ns, Reaching safepoint: 59862 ns, At safepoint: 15145 ns, Total: 75007 ns
[2020-09-11T14:38:06.911+0000][1][safepoint    ] Safepoint "Cleanup", Time since last: 1000366541 ns, Reaching safepoint: 230880 ns, At safepoint: 42684 ns, Total: 273564 ns
[2020-09-11T14:38:07.911+0000][1][safepoint    ] Safepoint "Cleanup", Time since last: 1000183318 ns, Reaching safepoint: 123823 ns, At safepoint: 15779 ns, Total: 139602 ns
[2020-09-11T14:38:08.911+0000][1][safepoint    ] Safepoint "Cleanup", Time since last: 1000134992 ns, Reaching safepoint: 344718 ns, At safepoint: 42420 ns, Total: 387138 ns
[2020-09-11T14:38:09.912+0000][1][safepoint    ] Safepoint "Cleanup", Time since last: 1000165490 ns, Reaching safepoint: 141240 ns, At safepoint: 19094 ns, Total: 160334 ns
[2020-09-11T14:38:10.913+0000][1][safepoint    ] Safepoint "Cleanup", Time since last: 1000926904 ns, Reaching safepoint: 129908 ns, At safepoint: 14914 ns, Total: 144822 ns
[2020-09-11T14:38:12.406+0000][1][safepoint    ] Safepoint "Cleanup", Time since last: 1492979618 ns, Reaching safepoint: 112515 ns, At safepoint: 7020 ns, Total: 119535 ns
[2020-09-11T14:38:13.406+0000][1][safepoint    ] Safepoint "Cleanup", Time since last: 1000380999 ns, Reaching safepoint: 65692 ns, At safepoint: 6315 ns, Total: 72007 ns
[2020-09-11T14:38:14.407+0000][1][safepoint    ] Safepoint "Cleanup", Time since last: 1000185912 ns, Reaching safepoint: 145471 ns, At safepoint: 14546 ns, Total: 160017 ns
[2020-09-11T14:38:15.407+0000][1][safepoint    ] Safepoint "Cleanup", Time since last: 1000176662 ns, Reaching safepoint: 122494 ns, At safepoint: 13949 ns, Total: 136443 ns
[2020-09-11T14:38:16.408+0000][1][safepoint    ] Safepoint "Cleanup", Time since last: 1000164770 ns, Reaching safepoint: 288749 ns, At safepoint: 17022 ns, Total: 305771 ns
[2020-09-11T14:38:17.408+0000][1][safepoint    ] Safepoint "Cleanup", Time since last: 1000197557 ns, Reaching safepoint: 91971 ns, At safepoint: 6441 ns, Total: 98412 ns
[2020-09-11T14:38:18.408+0000][1][safepoint    ] Safepoint "Cleanup", Time since last: 1000163351 ns, Reaching safepoint: 120633 ns, At safepoint: 16314 ns, Total: 136947 ns
[2020-09-11T14:38:19.408+0000][1][safepoint    ] Safepoint "Cleanup", Time since last: 1000197937 ns, Reaching safepoint: 121189 ns, At safepoint: 16277 ns, Total: 137466 ns
[2020-09-11T14:38:20.409+0000][1][safepoint    ] Safepoint "Cleanup", Time since last: 1000186444 ns, Reaching safepoint: 93084 ns, At safepoint: 6518 ns, Total: 99602 ns
[2020-09-11T14:38:21.409+0000][1][safepoint    ] Safepoint "Cleanup", Time since last: 1000167958 ns, Reaching safepoint: 88053 ns, At safepoint: 6837 ns, Total: 94890 ns
[2020-09-11T14:38:22.409+0000][1][safepoint    ] Safepoint "Cleanup", Time since last: 1000156974 ns, Reaching safepoint: 121846 ns, At safepoint: 16668 ns, Total: 138514 ns
[2020-09-11T14:38:23.410+0000][1][safepoint    ] Safepoint "Cleanup", Time since last: 1000197777 ns, Reaching safepoint: 90573 ns, At safepoint: 6421 ns, Total: 96994 ns
[2020-09-11T14:38:24.410+0000][1][safepoint    ] Safepoint "Cleanup", Time since last: 1000166205 ns, Reaching safepoint: 100779 ns, At safepoint: 6635 ns, Total: 107414 ns
[2020-09-11T14:38:25.410+0000][1][safepoint    ] Safepoint "Cleanup", Time since last: 1000177021 ns, Reaching safepoint: 97941 ns, At safepoint: 6838 ns, Total: 104779 ns
[2020-09-11T14:38:26.412+0000][1][safepoint    ] Safepoint "Cleanup", Time since last: 1000881688 ns, Reaching safepoint: 869941 ns, At safepoint: 11265 ns, Total: 881206 ns
[2020-09-11T14:38:27.412+0000][1][safepoint    ] Safepoint "Cleanup", Time since last: 1000139539 ns, Reaching safepoint: 107367 ns, At safepoint: 6913 ns, Total: 114280 ns
[2020-09-11T14:38:28.412+0000][1][safepoint    ] Safepoint "Cleanup", Time since last: 1000158690 ns, Reaching safepoint: 91337 ns, At safepoint: 6727 ns, Total: 98064 ns
[2020-09-11T14:38:29.413+0000][1][safepoint    ] Safepoint "Cleanup", Time since last: 1000164344 ns, Reaching safepoint: 89133 ns, At safepoint: 7214 ns, Total: 96347 ns
[2020-09-11T14:38:30.413+0000][1][safepoint    ] Safepoint "Cleanup", Time since last: 1000149361 ns, Reaching safepoint: 92509 ns, At safepoint: 7532 ns, Total: 100041 ns
[2020-09-11T14:38:31.413+0000][1][safepoint    ] Safepoint "Cleanup", Time since last: 1000130990 ns, Reaching safepoint: 91328 ns, At safepoint: 6563 ns, Total: 97891 ns
[2020-09-11T14:38:32.413+0000][1][safepoint    ] Safepoint "Cleanup", Time since last: 1000122475 ns, Reaching safepoint: 136867 ns, At safepoint: 17961 ns, Total: 154828 ns
[2020-09-11T14:38:33.414+0000][1][safepoint    ] Safepoint "Cleanup", Time since last: 1000156275 ns, Reaching safepoint: 121493 ns, At safepoint: 14550 ns, Total: 136043 ns
[2020-09-11T14:38:34.414+0000][1][safepoint    ] Safepoint "Cleanup", Time since last: 1000126029 ns, Reaching safepoint: 67289 ns, At safepoint: 6526 ns, Total: 73815 ns
[2020-09-11T14:38:35.414+0000][1][safepoint    ] Safepoint "Cleanup", Time since last: 1000139669 ns, Reaching safepoint: 128542 ns, At safepoint: 14483 ns, Total: 143025 ns
[2020-09-11T14:38:36.415+0000][1][safepoint    ] Safepoint "Cleanup", Time since last: 1000169500 ns, Reaching safepoint: 111248 ns, At safepoint: 6297 ns, Total: 117545 ns
[2020-09-11T14:38:37.415+0000][1][safepoint    ] Safepoint "Cleanup", Time since last: 1000155652 ns, Reaching safepoint: 93413 ns, At safepoint: 6622 ns, Total: 100035 ns
[2020-09-11T14:38:38.415+0000][1][safepoint    ] Safepoint "Cleanup", Time since last: 1000119247 ns, Reaching safepoint: 119324 ns, At safepoint: 13795 ns, Total: 133119 ns
[2020-09-11T14:38:39.415+0000][1][safepoint    ] Safepoint "Cleanup", Time since last: 1000196312 ns, Reaching safepoint: 90924 ns, At safepoint: 6290 ns, Total: 97214 ns
[2020-09-11T14:38:40.416+0000][1][safepoint    ] Safepoint "Cleanup", Time since last: 1000127001 ns, Reaching safepoint: 155537 ns, At safepoint: 17082 ns, Total: 172619 ns
[2020-09-11T14:38:41.416+0000][1][safepoint    ] Safepoint "Cleanup", Time since last: 1000121017 ns, Reaching safepoint: 60691 ns, At safepoint: 5833 ns, Total: 66524 ns
[2020-09-11T14:38:42.416+0000][1][safepoint    ] Safepoint "Cleanup", Time since last: 1000150221 ns, Reaching safepoint: 63545 ns, At safepoint: 5526 ns, Total: 69071 ns
[2020-09-11T14:38:43.417+0000][1][safepoint    ] Safepoint "Cleanup", Time since last: 1000439853 ns, Reaching safepoint: 58811 ns, At safepoint: 5679 ns, Total: 64490 ns
[2020-09-11T14:38:44.417+0000][1][safepoint    ] Safepoint "Cleanup", Time since last: 1000304053 ns, Reaching safepoint: 66070 ns, At safepoint: 7422 ns, Total: 73492 ns
[2020-09-11T14:38:45.417+0000][1][safepoint    ] Safepoint "Cleanup", Time since last: 1000299828 ns, Reaching safepoint: 116290 ns, At safepoint: 14546 ns, Total: 130836 ns
[2020-09-11T14:38:46.418+0000][1][safepoint    ] Safepoint "Cleanup", Time since last: 1000159988 ns, Reaching safepoint: 112672 ns, At safepoint: 15522 ns, Total: 128194 ns
[2020-09-11T14:38:47.418+0000][1][safepoint    ] Safepoint "Cleanup", Time since last: 1000186510 ns, Reaching safepoint: 90766 ns, At safepoint: 6521 ns, Total: 97287 ns
[2020-09-11T14:38:48.418+0000][1][safepoint    ] Safepoint "Cleanup", Time since last: 1000176775 ns, Reaching safepoint: 117787 ns, At safepoint: 15593 ns, Total: 133380 ns
[2020-09-11T14:38:49.419+0000][1][safepoint    ] Safepoint "Cleanup", Time since last: 1000190828 ns, Reaching safepoint: 118749 ns, At safepoint: 15613 ns, Total: 134362 ns
[2020-09-11T14:38:50.419+0000][1][safepoint    ] Safepoint "Cleanup", Time since last: 1000204005 ns, Reaching safepoint: 89152 ns, At safepoint: 6321 ns, Total: 95473 ns
[2020-09-11T14:38:51.419+0000][1][safepoint    ] Safepoint "Cleanup", Time since last: 1000217051 ns, Reaching safepoint: 119551 ns, At safepoint: 16595 ns, Total: 136146 ns
[2020-09-11T14:38:52.420+0000][1][safepoint    ] Safepoint "Cleanup", Time since last: 1000214726 ns, Reaching safepoint: 116531 ns, At safepoint: 15031 ns, Total: 131562 ns
[2020-09-11T14:38:53.420+0000][1][safepoint    ] Safepoint "Cleanup", Time since last: 1000148682 ns, Reaching safepoint: 117646 ns, At safepoint: 14560 ns, Total: 132206 ns
[2020-09-11T14:38:54.420+0000][1][safepoint    ] Safepoint "Cleanup", Time since last: 1000200619 ns, Reaching safepoint: 89618 ns, At safepoint: 6521 ns, Total: 96139 ns
[2020-09-11T14:38:55.420+0000][1][safepoint    ] Safepoint "Cleanup", Time since last: 1000161028 ns, Reaching safepoint: 106715 ns, At safepoint: 6306 ns, Total: 113021 ns
[2020-09-11T14:38:56.421+0000][1][safepoint    ] Safepoint "Cleanup", Time since last: 1000592666 ns, Reaching safepoint: 66032 ns, At safepoint: 6061 ns, Total: 72093 ns
[2020-09-11T14:38:57.421+0000][1][safepoint    ] Safepoint "Cleanup", Time since last: 1000169073 ns, Reaching safepoint: 107540 ns, At safepoint: 16341 ns, Total: 123881 ns
[2020-09-11T14:38:58.422+0000][1][safepoint    ] Safepoint "Cleanup", Time since last: 1000187842 ns, Reaching safepoint: 129247 ns, At safepoint: 16441 ns, Total: 145688 ns
[2020-09-11T14:38:59.422+0000][1][safepoint    ] Safepoint "Cleanup", Time since last: 1000217495 ns, Reaching safepoint: 90227 ns, At safepoint: 6790 ns, Total: 97017 ns
[2020-09-11T14:39:00.422+0000][1][safepoint    ] Safepoint "Cleanup", Time since last: 1000177759 ns, Reaching safepoint: 89372 ns, At safepoint: 6302 ns, Total: 95674 ns
[2020-09-11T14:39:01.423+0000][1][safepoint    ] Safepoint "Cleanup", Time since last: 1000158033 ns, Reaching safepoint: 121870 ns, At safepoint: 16391 ns, Total: 138261 ns
[2020-09-11T14:39:02.423+0000][1][safepoint    ] Safepoint "Cleanup", Time since last: 1000201113 ns, Reaching safepoint: 140022 ns, At safepoint: 18038 ns, Total: 158060 ns
[2020-09-11T14:39:03.423+0000][1][safepoint    ] Safepoint "Cleanup", Time since last: 1000218948 ns, Reaching safepoint: 121182 ns, At safepoint: 16213 ns, Total: 137395 ns
[2020-09-11T14:39:04.424+0000][1][safepoint    ] Safepoint "Cleanup", Time since last: 1000221011 ns, Reaching safepoint: 98833 ns, At safepoint: 7633 ns, Total: 106466 ns
[2020-09-11T14:39:05.424+0000][1][safepoint    ] Safepoint "Cleanup", Time since last: 1000180157 ns, Reaching safepoint: 132093 ns, At safepoint: 17594 ns, Total: 149687 ns
[2020-09-11T14:39:06.425+0000][1][safepoint    ] Safepoint "Cleanup", Time since last: 1001163555 ns, Reaching safepoint: 129256 ns, At safepoint: 17875 ns, Total: 147131 ns
[2020-09-11T14:39:07.426+0000][1][safepoint    ] Safepoint "Cleanup", Time since last: 1000234078 ns, Reaching safepoint: 99081 ns, At safepoint: 7506 ns, Total: 106587 ns
[2020-09-11T14:39:08.426+0000][1][safepoint    ] Safepoint "Cleanup", Time since last: 1000174318 ns, Reaching safepoint: 112263 ns, At safepoint: 7992 ns, Total: 120255 ns
[2020-09-11T14:39:09.426+0000][1][safepoint    ] Safepoint "Cleanup", Time since last: 1000179618 ns, Reaching safepoint: 105025 ns, At safepoint: 7496 ns, Total: 112521 ns
[2020-09-11T14:39:09.978+0000][1][gc,start     ] GC(83) Pause Young (Allocation Failure)
[2020-09-11T14:39:09.978+0000][1][gc,task      ] GC(83) Using 1 workers of 1 for evacuation
[2020-09-11T14:39:09.987+0000][1][gc,age       ] GC(83) Desired survivor size 4358144 bytes, new threshold 6 (max threshold 6)
[2020-09-11T14:39:09.987+0000][1][gc,age       ] GC(83) Age table with threshold 6 (max threshold 6)
[2020-09-11T14:39:09.987+0000][1][gc,age       ] GC(83) - age   1:      29224 bytes,      29224 total
[2020-09-11T14:39:09.987+0000][1][gc,age       ] GC(83) - age   2:      18376 bytes,      47600 total
[2020-09-11T14:39:09.987+0000][1][gc,age       ] GC(83) - age   3:       4136 bytes,      51736 total
[2020-09-11T14:39:09.987+0000][1][gc,age       ] GC(83) - age   4:       3048 bytes,      54784 total
[2020-09-11T14:39:09.987+0000][1][gc,age       ] GC(83) - age   5:      17768 bytes,      72552 total
[2020-09-11T14:39:09.987+0000][1][gc,age       ] GC(83) - age   6:      23296 bytes,      95848 total
[2020-09-11T14:39:09.987+0000][1][gc,heap      ] GC(83) ParNew: 68338K->116K(76672K)
[2020-09-11T14:39:09.987+0000][1][gc,heap      ] GC(83) CMS: 68956K->68960K(439104K)
[2020-09-11T14:39:09.987+0000][1][gc,metaspace ] GC(83) Metaspace: 84815K->84815K(1128448K)
[2020-09-11T14:39:09.987+0000][1][gc           ] GC(83) Pause Young (Allocation Failure) 134M->67M(503M) 9.307ms
[2020-09-11T14:39:09.987+0000][1][gc,cpu       ] GC(83) User=0.01s Sys=0.00s Real=0.01s
[2020-09-11T14:39:09.987+0000][1][safepoint    ] Safepoint "GenCollectForAllocation", Time since last: 551175477 ns, Reaching safepoint: 232042 ns, At safepoint: 9374802 ns, Total: 9606844 ns
[2020-09-11T14:39:10.990+0000][1][safepoint    ] Safepoint "Cleanup", Time since last: 1002819492 ns, Reaching safepoint: 177316 ns, At safepoint: 77977 ns, Total: 255293 ns
[2020-09-11T14:39:11.991+0000][1][safepoint    ] Safepoint "Cleanup", Time since last: 1000297097 ns, Reaching safepoint: 234926 ns, At safepoint: 42530 ns, Total: 277456 ns
[2020-09-11T14:39:12.991+0000][1][safepoint    ] Safepoint "Cleanup", Time since last: 1000224340 ns, Reaching safepoint: 137980 ns, At safepoint: 13110 ns, Total: 151090 ns
[2020-09-11T14:39:13.992+0000][1][safepoint    ] Safepoint "Cleanup", Time since last: 1000174465 ns, Reaching safepoint: 344393 ns, At safepoint: 17641 ns, Total: 362034 ns
[2020-09-11T14:39:14.992+0000][1][safepoint    ] Safepoint "Cleanup", Time since last: 1000171876 ns, Reaching safepoint: 220670 ns, At safepoint: 17457 ns, Total: 238127 ns
[2020-09-11T14:39:15.992+0000][1][safepoint    ] Safepoint "Cleanup", Time since last: 1000200245 ns, Reaching safepoint: 103428 ns, At safepoint: 6863 ns, Total: 110291 ns
[2020-09-11T14:39:16.993+0000][1][safepoint    ] Safepoint "Cleanup", Time since last: 1000172914 ns, Reaching safepoint: 136440 ns, At safepoint: 17473 ns, Total: 153913 ns
[2020-09-11T14:39:17.993+0000][1][safepoint    ] Safepoint "Cleanup", Time since last: 1000232539 ns, Reaching safepoint: 137686 ns, At safepoint: 16494 ns, Total: 154180 ns
[2020-09-11T14:39:18.993+0000][1][safepoint    ] Safepoint "Cleanup", Time since last: 1000220153 ns, Reaching safepoint: 119424 ns, At safepoint: 16955 ns, Total: 136379 ns
[2020-09-11T14:39:19.994+0000][1][safepoint    ] Safepoint "Cleanup", Time since last: 1000239935 ns, Reaching safepoint: 103489 ns, At safepoint: 7019 ns, Total: 110508 ns
[2020-09-11T14:39:20.994+0000][1][safepoint    ] Safepoint "Cleanup", Time since last: 1000199954 ns, Reaching safepoint: 98507 ns, At safepoint: 7215 ns, Total: 105722 ns
[2020-09-11T14:39:21.994+0000][1][safepoint    ] Safepoint "Cleanup", Time since last: 1000197195 ns, Reaching safepoint: 93721 ns, At safepoint: 6044 ns, Total: 99765 ns
[2020-09-11T14:39:22.995+0000][1][safepoint    ] Safepoint "Cleanup", Time since last: 1000179867 ns, Reaching safepoint: 95435 ns, At safepoint: 7129 ns, Total: 102564 ns
[2020-09-11T14:39:23.995+0000][1][safepoint    ] Safepoint "Cleanup", Time since last: 1000179363 ns, Reaching safepoint: 98232 ns, At safepoint: 7223 ns, Total: 105455 ns
[2020-09-11T14:39:24.995+0000][1][safepoint    ] Safepoint "Cleanup", Time since last: 1000180018 ns, Reaching safepoint: 125518 ns, At safepoint: 16898 ns, Total: 142416 ns
[2020-09-11T14:39:25.995+0000][1][safepoint    ] Safepoint "Cleanup", Time since last: 1000158362 ns, Reaching safepoint: 165608 ns, At safepoint: 9391 ns, Total: 174999 ns
[2020-09-11T14:39:26.996+0000][1][safepoint    ] Safepoint "Cleanup", Time since last: 1000188275 ns, Reaching safepoint: 126303 ns, At safepoint: 17510 ns, Total: 143813 ns
[2020-09-11T14:39:27.996+0000][1][safepoint    ] Safepoint "Cleanup", Time since last: 1000236318 ns, Reaching safepoint: 92191 ns, At safepoint: 6964 ns, Total: 99155 ns
[2020-09-11T14:39:28.996+0000][1][safepoint    ] Safepoint "Cleanup", Time since last: 1000199939 ns, Reaching safepoint: 99802 ns, At safepoint: 7568 ns, Total: 107370 ns
[2020-09-11T14:39:29.997+0000][1][safepoint    ] Safepoint "Cleanup", Time since last: 1000149752 ns, Reaching safepoint: 124926 ns, At safepoint: 17146 ns, Total: 142072 ns
[2020-09-11T14:39:30.997+0000][1][safepoint    ] Safepoint "Cleanup", Time since last: 1000283184 ns, Reaching safepoint: 69785 ns, At safepoint: 7543 ns, Total: 77328 ns
[2020-09-11T14:39:31.997+0000][1][safepoint    ] Safepoint "Cleanup", Time since last: 1000183037 ns, Reaching safepoint: 127690 ns, At safepoint: 17182 ns, Total: 144872 ns
[2020-09-11T14:39:32.998+0000][1][safepoint    ] Safepoint "Cleanup", Time since last: 1000183765 ns, Reaching safepoint: 109876 ns, At safepoint: 6895 ns, Total: 116771 ns
[2020-09-11T14:39:33.998+0000][1][safepoint    ] Safepoint "Cleanup", Time since last: 1000177203 ns, Reaching safepoint: 105139 ns, At safepoint: 6766 ns, Total: 111905 ns
[2020-09-11T14:39:34.998+0000][1][safepoint    ] Safepoint "Cleanup", Time since last: 1000270493 ns, Reaching safepoint: 125711 ns, At safepoint: 17384 ns, Total: 143095 ns
[2020-09-11T14:39:35.999+0000][1][safepoint    ] Safepoint "Cleanup", Time since last: 1000235601 ns, Reaching safepoint: 124058 ns, At safepoint: 16822 ns, Total: 140880 ns
[2020-09-11T14:39:36.999+0000][1][safepoint    ] Safepoint "Cleanup", Time since last: 1000191224 ns, Reaching safepoint: 134191 ns, At safepoint: 21790 ns, Total: 155981 ns
[2020-09-11T14:39:38.000+0000][1][safepoint    ] Safepoint "Cleanup", Time since last: 1000245530 ns, Reaching safepoint: 128268 ns, At safepoint: 15522 ns, Total: 143790 ns
[2020-09-11T14:39:39.000+0000][1][safepoint    ] Safepoint "Cleanup", Time since last: 1000221316 ns, Reaching safepoint: 92853 ns, At safepoint: 8373 ns, Total: 101226 ns
[2020-09-11T14:39:40.000+0000][1][safepoint    ] Safepoint "Cleanup", Time since last: 1000180573 ns, Reaching safepoint: 93599 ns, At safepoint: 6460 ns, Total: 100059 ns
[2020-09-11T14:39:41.000+0000][1][safepoint    ] Safepoint "Cleanup", Time since last: 1000196762 ns, Reaching safepoint: 124990 ns, At safepoint: 7405 ns, Total: 132395 ns
[2020-09-11T14:39:42.001+0000][1][safepoint    ] Safepoint "Cleanup", Time since last: 1000178825 ns, Reaching safepoint: 91335 ns, At safepoint: 7054 ns, Total: 98389 ns
[2020-09-11T14:39:43.001+0000][1][safepoint    ] Safepoint "Cleanup", Time since last: 1000183226 ns, Reaching safepoint: 90771 ns, At safepoint: 7321 ns, Total: 98092 ns
[2020-09-11T14:39:44.001+0000][1][safepoint    ] Safepoint "Cleanup", Time since last: 1000149668 ns, Reaching safepoint: 105286 ns, At safepoint: 6853 ns, Total: 112139 ns
[2020-09-11T14:39:45.002+0000][1][safepoint    ] Safepoint "Cleanup", Time since last: 1000211413 ns, Reaching safepoint: 137670 ns, At safepoint: 18820 ns, Total: 156490 ns
[2020-09-11T14:39:46.002+0000][1][safepoint    ] Safepoint "Cleanup", Time since last: 1000249982 ns, Reaching safepoint: 85487 ns, At safepoint: 6656 ns, Total: 92143 ns
[2020-09-11T14:39:47.002+0000][1][safepoint    ] Safepoint "Cleanup", Time since last: 1000193672 ns, Reaching safepoint: 97787 ns, At safepoint: 7193 ns, Total: 104980 ns
[2020-09-11T14:39:48.003+0000][1][safepoint    ] Safepoint "Cleanup", Time since last: 1000190135 ns, Reaching safepoint: 93060 ns, At safepoint: 6740 ns, Total: 99800 ns
[2020-09-11T14:39:49.003+0000][1][safepoint    ] Safepoint "Cleanup", Time since last: 1000192619 ns, Reaching safepoint: 86989 ns, At safepoint: 7730 ns, Total: 94719 ns
[2020-09-11T14:39:50.003+0000][1][safepoint    ] Safepoint "Cleanup", Time since last: 1000184577 ns, Reaching safepoint: 118335 ns, At safepoint: 16822 ns, Total: 135157 ns
[2020-09-11T14:39:51.004+0000][1][safepoint    ] Safepoint "Cleanup", Time since last: 1000246639 ns, Reaching safepoint: 128372 ns, At safepoint: 17727 ns, Total: 146099 ns
[2020-09-11T14:39:52.004+0000][1][safepoint    ] Safepoint "Cleanup", Time since last: 1000182756 ns, Reaching safepoint: 126046 ns, At safepoint: 18526 ns, Total: 144572 ns
[2020-09-11T14:39:53.004+0000][1][safepoint    ] Safepoint "Cleanup", Time since last: 1000170569 ns, Reaching safepoint: 124870 ns, At safepoint: 16110 ns, Total: 140980 ns
[2020-09-11T14:39:54.005+0000][1][safepoint    ] Safepoint "Cleanup", Time since last: 1000222984 ns, Reaching safepoint: 92204 ns, At safepoint: 7028 ns, Total: 99232 ns
[2020-09-11T14:39:55.005+0000][1][safepoint    ] Safepoint "Cleanup", Time since last: 1000190861 ns, Reaching safepoint: 91555 ns, At safepoint: 7346 ns, Total: 98901 ns
[2020-09-11T14:39:56.005+0000][1][safepoint    ] Safepoint "Cleanup", Time since last: 1000184228 ns, Reaching safepoint: 89898 ns, At safepoint: 7265 ns, Total: 97163 ns
[2020-09-11T14:39:57.005+0000][1][safepoint    ] Safepoint "Cleanup", Time since last: 1000146869 ns, Reaching safepoint: 118846 ns, At safepoint: 6700 ns, Total: 125546 ns
[2020-09-11T14:39:58.006+0000][1][safepoint    ] Safepoint "Cleanup", Time since last: 1000193894 ns, Reaching safepoint: 98090 ns, At safepoint: 6728 ns, Total: 104818 ns
[2020-09-11T14:39:59.006+0000][1][safepoint    ] Safepoint "Cleanup", Time since last: 1000190951 ns, Reaching safepoint: 89136 ns, At safepoint: 7134 ns, Total: 96270 ns
[2020-09-11T14:40:00.006+0000][1][safepoint    ] Safepoint "Cleanup", Time since last: 1000176649 ns, Reaching safepoint: 91186 ns, At safepoint: 6619 ns, Total: 97805 ns
[2020-09-11T14:40:01.007+0000][1][safepoint    ] Safepoint "Cleanup", Time since last: 1000175275 ns, Reaching safepoint: 128605 ns, At safepoint: 17650 ns, Total: 146255 ns
[2020-09-11T14:40:02.007+0000][1][safepoint    ] Safepoint "Cleanup", Time since last: 1000220824 ns, Reaching safepoint: 99561 ns, At safepoint: 8161 ns, Total: 107722 ns
[2020-09-11T14:40:03.007+0000][1][safepoint    ] Safepoint "Cleanup", Time since last: 1000169957 ns, Reaching safepoint: 94422 ns, At safepoint: 7570 ns, Total: 101992 ns
[2020-09-11T14:40:04.008+0000][1][safepoint    ] Safepoint "Cleanup", Time since last: 1000226208 ns, Reaching safepoint: 94617 ns, At safepoint: 6197 ns, Total: 100814 ns
[2020-09-11T14:40:05.008+0000][1][safepoint    ] Safepoint "Cleanup", Time since last: 1000142500 ns, Reaching safepoint: 124095 ns, At safepoint: 15378 ns, Total: 139473 ns
[2020-09-11T14:40:06.008+0000][1][safepoint    ] Safepoint "Cleanup", Time since last: 1000234586 ns, Reaching safepoint: 126059 ns, At safepoint: 17039 ns, Total: 143098 ns
[2020-09-11T14:40:07.009+0000][1][safepoint    ] Safepoint "Cleanup", Time since last: 1000212557 ns, Reaching safepoint: 125281 ns, At safepoint: 16725 ns, Total: 142006 ns
[2020-09-11T14:40:08.009+0000][1][safepoint    ] Safepoint "Cleanup", Time since last: 1000237889 ns, Reaching safepoint: 85276 ns, At safepoint: 6933 ns, Total: 92209 ns
[2020-09-11T14:40:09.009+0000][1][safepoint    ] Safepoint "Cleanup", Time since last: 1000173369 ns, Reaching safepoint: 103331 ns, At safepoint: 6768 ns, Total: 110099 ns
[2020-09-11T14:40:10.009+0000][1][safepoint    ] Safepoint "Cleanup", Time since last: 1000128227 ns, Reaching safepoint: 113386 ns, At safepoint: 6921 ns, Total: 120307 ns
[2020-09-11T14:40:11.010+0000][1][safepoint    ] Safepoint "Cleanup", Time since last: 1000188043 ns, Reaching safepoint: 90109 ns, At safepoint: 7859 ns, Total: 97968 ns
[2020-09-11T14:40:12.010+0000][1][safepoint    ] Safepoint "Cleanup", Time since last: 1000191826 ns, Reaching safepoint: 114162 ns, At safepoint: 6996 ns, Total: 121158 ns
[2020-09-11T14:40:13.010+0000][1][safepoint    ] Safepoint "Cleanup", Time since last: 1000139510 ns, Reaching safepoint: 114645 ns, At safepoint: 7277 ns, Total: 121922 ns
[2020-09-11T14:40:14.011+0000][1][safepoint    ] Safepoint "Cleanup", Time since last: 1000157785 ns, Reaching safepoint: 111967 ns, At safepoint: 6597 ns, Total: 118564 ns
[2020-09-11T14:40:15.075+0000][1][gc,start     ] GC(84) Pause Young (Allocation Failure)
[2020-09-11T14:40:15.075+0000][1][gc,task      ] GC(84) Using 1 workers of 1 for evacuation
[2020-09-11T14:40:15.081+0000][1][gc,age       ] GC(84) Desired survivor size 4358144 bytes, new threshold 6 (max threshold 6)
[2020-09-11T14:40:15.081+0000][1][gc,age       ] GC(84) Age table with threshold 6 (max threshold 6)
[2020-09-11T14:40:15.081+0000][1][gc,age       ] GC(84) - age   1:      26888 bytes,      26888 total
[2020-09-11T14:40:15.081+0000][1][gc,age       ] GC(84) - age   2:       4616 bytes,      31504 total
[2020-09-11T14:40:15.081+0000][1][gc,age       ] GC(84) - age   3:      17136 bytes,      48640 total
[2020-09-11T14:40:15.081+0000][1][gc,age       ] GC(84) - age   4:       4136 bytes,      52776 total
[2020-09-11T14:40:15.081+0000][1][gc,age       ] GC(84) - age   5:       3048 bytes,      55824 total
[2020-09-11T14:40:15.081+0000][1][gc,age       ] GC(84) - age   6:      17768 bytes,      73592 total
[2020-09-11T14:40:15.081+0000][1][gc,heap      ] GC(84) ParNew: 68276K->84K(76672K)
[2020-09-11T14:40:15.081+0000][1][gc,heap      ] GC(84) CMS: 68960K->68983K(439104K)
[2020-09-11T14:40:15.081+0000][1][gc,metaspace ] GC(84) Metaspace: 84820K->84820K(1128448K)
[2020-09-11T14:40:15.081+0000][1][gc           ] GC(84) Pause Young (Allocation Failure) 134M->67M(503M) 6.466ms
[2020-09-11T14:40:15.081+0000][1][gc,cpu       ] GC(84) User=0.01s Sys=0.00s Real=0.01s
[2020-09-11T14:40:15.081+0000][1][safepoint    ] Safepoint "GenCollectForAllocation", Time since last: 1064061256 ns, Reaching safepoint: 251123 ns, At safepoint: 6543527 ns, Total: 6794650 ns
[2020-09-11T14:40:16.085+0000][1][safepoint    ] Safepoint "Cleanup", Time since last: 1003152626 ns, Reaching safepoint: 107568 ns, At safepoint: 18628 ns, Total: 126196 ns
[2020-09-11T14:40:17.086+0000][1][safepoint    ] Safepoint "Cleanup", Time since last: 1000726653 ns, Reaching safepoint: 228828 ns, At safepoint: 43062 ns, Total: 271890 ns
[2020-09-11T14:40:18.086+0000][1][safepoint    ] Safepoint "Cleanup", Time since last: 1000196331 ns, Reaching safepoint: 156215 ns, At safepoint: 47813 ns, Total: 204028 ns
[2020-09-11T14:40:19.086+0000][1][safepoint    ] Safepoint "Cleanup", Time since last: 1000203617 ns, Reaching safepoint: 124833 ns, At safepoint: 16154 ns, Total: 140987 ns
[2020-09-11T14:40:20.087+0000][1][safepoint    ] Safepoint "Cleanup", Time since last: 1000153407 ns, Reaching safepoint: 177835 ns, At safepoint: 7913 ns, Total: 185748 ns
[2020-09-11T14:40:21.087+0000][1][safepoint    ] Safepoint "Cleanup", Time since last: 1000158932 ns, Reaching safepoint: 109020 ns, At safepoint: 6533 ns, Total: 115553 ns
[2020-09-11T14:40:22.088+0000][1][safepoint    ] Safepoint "Cleanup", Time since last: 1000784840 ns, Reaching safepoint: 95017 ns, At safepoint: 6945 ns, Total: 101962 ns
[2020-09-11T14:40:24.068+0000][1][safepoint    ] Safepoint "Cleanup", Time since last: 1979655602 ns, Reaching safepoint: 99805 ns, At safepoint: 7452 ns, Total: 107257 ns
[2020-09-11T14:40:25.068+0000][1][safepoint    ] Safepoint "Cleanup", Time since last: 1000258309 ns, Reaching safepoint: 66642 ns, At safepoint: 6127 ns, Total: 72769 ns
[2020-09-11T14:40:26.068+0000][1][safepoint    ] Safepoint "Cleanup", Time since last: 1000165586 ns, Reaching safepoint: 102496 ns, At safepoint: 7582 ns, Total: 110078 ns
[2020-09-11T14:40:27.069+0000][1][safepoint    ] Safepoint "Cleanup", Time since last: 1000173897 ns, Reaching safepoint: 102461 ns, At safepoint: 8002 ns, Total: 110463 ns
[2020-09-11T14:40:28.069+0000][1][safepoint    ] Safepoint "Cleanup", Time since last: 1000208396 ns, Reaching safepoint: 92463 ns, At safepoint: 7579 ns, Total: 100042 ns
[2020-09-11T14:40:29.069+0000][1][safepoint    ] Safepoint "Cleanup", Time since last: 1000181537 ns, Reaching safepoint: 127656 ns, At safepoint: 17570 ns, Total: 145226 ns
[2020-09-11T14:40:30.070+0000][1][safepoint    ] Safepoint "Cleanup", Time since last: 1000927831 ns, Reaching safepoint: 125625 ns, At safepoint: 18205 ns, Total: 143830 ns
[2020-09-11T14:40:31.071+0000][1][safepoint    ] Safepoint "Cleanup", Time since last: 1000258715 ns, Reaching safepoint: 91241 ns, At safepoint: 7447 ns, Total: 98688 ns
[2020-09-11T14:40:32.071+0000][1][safepoint    ] Safepoint "Cleanup", Time since last: 1000148833 ns, Reaching safepoint: 127252 ns, At safepoint: 17279 ns, Total: 144531 ns
[2020-09-11T14:40:33.071+0000][1][safepoint    ] Safepoint "Cleanup", Time since last: 1000223060 ns, Reaching safepoint: 124793 ns, At safepoint: 16953 ns, Total: 141746 ns
[2020-09-11T14:40:34.072+0000][1][safepoint    ] Safepoint "Cleanup", Time since last: 1000292069 ns, Reaching safepoint: 125121 ns, At safepoint: 16882 ns, Total: 142003 ns
[2020-09-11T14:40:35.073+0000][1][safepoint    ] Safepoint "Cleanup", Time since last: 1000966076 ns, Reaching safepoint: 94966 ns, At safepoint: 7156 ns, Total: 102122 ns
[2020-09-11T14:40:36.073+0000][1][safepoint    ] Safepoint "Cleanup", Time since last: 1000170039 ns, Reaching safepoint: 100762 ns, At safepoint: 7254 ns, Total: 108016 ns
[2020-09-11T14:40:37.073+0000][1][safepoint    ] Safepoint "Cleanup", Time since last: 1000196104 ns, Reaching safepoint: 124192 ns, At safepoint: 17557 ns, Total: 141749 ns
[2020-09-11T14:40:38.074+0000][1][safepoint    ] Safepoint "Cleanup", Time since last: 1000221532 ns, Reaching safepoint: 97062 ns, At safepoint: 7396 ns, Total: 104458 ns
[2020-09-11T14:40:39.074+0000][1][safepoint    ] Safepoint "Cleanup", Time since last: 1000196176 ns, Reaching safepoint: 96739 ns, At safepoint: 7231 ns, Total: 103970 ns
[2020-09-11T14:40:40.074+0000][1][safepoint    ] Safepoint "Cleanup", Time since last: 1000178984 ns, Reaching safepoint: 126287 ns, At safepoint: 17029 ns, Total: 143316 ns
[2020-09-11T14:40:41.075+0000][1][safepoint    ] Safepoint "Cleanup", Time since last: 1000231405 ns, Reaching safepoint: 138448 ns, At safepoint: 18756 ns, Total: 157204 ns
[2020-09-11T14:40:42.075+0000][1][safepoint    ] Safepoint "Cleanup", Time since last: 1000229933 ns, Reaching safepoint: 127566 ns, At safepoint: 17520 ns, Total: 145086 ns
[2020-09-11T14:40:43.075+0000][1][safepoint    ] Safepoint "Cleanup", Time since last: 1000191546 ns, Reaching safepoint: 150565 ns, At safepoint: 15336 ns, Total: 165901 ns
[2020-09-11T14:40:44.076+0000][1][safepoint    ] Safepoint "Cleanup", Time since last: 1000198404 ns, Reaching safepoint: 125194 ns, At safepoint: 17076 ns, Total: 142270 ns
[2020-09-11T14:40:45.076+0000][1][safepoint    ] Safepoint "Cleanup", Time since last: 1000218708 ns, Reaching safepoint: 124128 ns, At safepoint: 16569 ns, Total: 140697 ns
[2020-09-11T14:40:46.076+0000][1][safepoint    ] Safepoint "Cleanup", Time since last: 1000213443 ns, Reaching safepoint: 93680 ns, At safepoint: 6855 ns, Total: 100535 ns
[2020-09-11T14:40:47.077+0000][1][safepoint    ] Safepoint "Cleanup", Time since last: 1000192604 ns, Reaching safepoint: 125968 ns, At safepoint: 10581 ns, Total: 136549 ns
[2020-09-11T14:40:48.077+0000][1][safepoint    ] Safepoint "Cleanup", Time since last: 1000227535 ns, Reaching safepoint: 93227 ns, At safepoint: 7395 ns, Total: 100622 ns
[2020-09-11T14:40:49.078+0000][1][safepoint    ] Safepoint "Cleanup", Time since last: 1000851400 ns, Reaching safepoint: 125184 ns, At safepoint: 16207 ns, Total: 141391 ns
[2020-09-11T14:40:50.079+0000][1][safepoint    ] Safepoint "Cleanup", Time since last: 1000221009 ns, Reaching safepoint: 125525 ns, At safepoint: 17413 ns, Total: 142938 ns
[2020-09-11T14:40:51.079+0000][1][safepoint    ] Safepoint "Cleanup", Time since last: 1000265797 ns, Reaching safepoint: 117048 ns, At safepoint: 16184 ns, Total: 133232 ns
[2020-09-11T14:40:52.079+0000][1][safepoint    ] Safepoint "Cleanup", Time since last: 1000193769 ns, Reaching safepoint: 141772 ns, At safepoint: 18074 ns, Total: 159846 ns
[2020-09-11T14:40:53.080+0000][1][safepoint    ] Safepoint "Cleanup", Time since last: 1000232017 ns, Reaching safepoint: 125585 ns, At safepoint: 15465 ns, Total: 141050 ns
[2020-09-11T14:40:54.081+0000][1][safepoint    ] Safepoint "Cleanup", Time since last: 1001087064 ns, Reaching safepoint: 124305 ns, At safepoint: 16668 ns, Total: 140973 ns
[2020-09-11T14:40:55.081+0000][1][safepoint    ] Safepoint "Cleanup", Time since last: 1000245243 ns, Reaching safepoint: 93867 ns, At safepoint: 6722 ns, Total: 100589 ns
[2020-09-11T14:40:56.082+0000][1][safepoint    ] Safepoint "Cleanup", Time since last: 1000186193 ns, Reaching safepoint: 115752 ns, At safepoint: 16993 ns, Total: 132745 ns
[2020-09-11T14:40:57.082+0000][1][safepoint    ] Safepoint "Cleanup", Time since last: 1000220007 ns, Reaching safepoint: 120847 ns, At safepoint: 15673 ns, Total: 136520 ns
[2020-09-11T14:40:58.082+0000][1][safepoint    ] Safepoint "Cleanup", Time since last: 1000170845 ns, Reaching safepoint: 203023 ns, At safepoint: 7935 ns, Total: 210958 ns
[2020-09-11T14:40:59.083+0000][1][safepoint    ] Safepoint "Cleanup", Time since last: 1000726392 ns, Reaching safepoint: 121479 ns, At safepoint: 16538 ns, Total: 138017 ns
[2020-09-11T14:41:00.086+0000][1][safepoint    ] Safepoint "Cleanup", Time since last: 1002260392 ns, Reaching safepoint: 127228 ns, At safepoint: 16588 ns, Total: 143816 ns
[2020-09-11T14:41:01.086+0000][1][safepoint    ] Safepoint "Cleanup", Time since last: 1000187452 ns, Reaching safepoint: 128799 ns, At safepoint: 15088 ns, Total: 143887 ns
[2020-09-11T14:41:02.086+0000][1][safepoint    ] Safepoint "Cleanup", Time since last: 1000217976 ns, Reaching safepoint: 98790 ns, At safepoint: 7116 ns, Total: 105906 ns
[2020-09-11T14:41:03.086+0000][1][safepoint    ] Safepoint "Cleanup", Time since last: 1000183174 ns, Reaching safepoint: 94275 ns, At safepoint: 6151 ns, Total: 100426 ns
[2020-09-11T14:41:04.087+0000][1][safepoint    ] Safepoint "Cleanup", Time since last: 1000148302 ns, Reaching safepoint: 126380 ns, At safepoint: 17280 ns, Total: 143660 ns
[2020-09-11T14:41:05.088+0000][1][safepoint    ] Safepoint "Cleanup", Time since last: 1001141293 ns, Reaching safepoint: 93427 ns, At safepoint: 6649 ns, Total: 100076 ns
[2020-09-11T14:41:06.088+0000][1][safepoint    ] Safepoint "Cleanup", Time since last: 1000183570 ns, Reaching safepoint: 122434 ns, At safepoint: 17357 ns, Total: 139791 ns
[2020-09-11T14:41:07.089+0000][1][safepoint    ] Safepoint "Cleanup", Time since last: 1000224483 ns, Reaching safepoint: 95510 ns, At safepoint: 6429 ns, Total: 101939 ns
[2020-09-11T14:41:08.089+0000][1][safepoint    ] Safepoint "Cleanup", Time since last: 1000165516 ns, Reaching safepoint: 124228 ns, At safepoint: 16698 ns, Total: 140926 ns
[2020-09-11T14:41:09.089+0000][1][safepoint    ] Safepoint "Cleanup", Time since last: 1000213799 ns, Reaching safepoint: 123287 ns, At safepoint: 16103 ns, Total: 139390 ns
[2020-09-11T14:41:10.090+0000][1][safepoint    ] Safepoint "Cleanup", Time since last: 1001027543 ns, Reaching safepoint: 91247 ns, At safepoint: 7821 ns, Total: 99068 ns
[2020-09-11T14:41:11.091+0000][1][safepoint    ] Safepoint "Cleanup", Time since last: 1000211266 ns, Reaching safepoint: 89763 ns, At safepoint: 7193 ns, Total: 96956 ns
[2020-09-11T14:41:12.091+0000][1][safepoint    ] Safepoint "Cleanup", Time since last: 1000142677 ns, Reaching safepoint: 120293 ns, At safepoint: 17453 ns, Total: 137746 ns
[2020-09-11T14:41:13.091+0000][1][safepoint    ] Safepoint "Cleanup", Time since last: 1000183684 ns, Reaching safepoint: 109608 ns, At safepoint: 6696 ns, Total: 116304 ns
[2020-09-11T14:41:14.092+0000][1][safepoint    ] Safepoint "Cleanup", Time since last: 1000224305 ns, Reaching safepoint: 62687 ns, At safepoint: 6152 ns, Total: 68839 ns
[2020-09-11T14:41:15.092+0000][1][safepoint    ] Safepoint "Cleanup", Time since last: 1000183634 ns, Reaching safepoint: 95537 ns, At safepoint: 6945 ns, Total: 102482 ns
[2020-09-11T14:41:16.092+0000][1][safepoint    ] Safepoint "Cleanup", Time since last: 1000149729 ns, Reaching safepoint: 110148 ns, At safepoint: 7751 ns, Total: 117899 ns
[2020-09-11T14:41:17.093+0000][1][safepoint    ] Safepoint "Cleanup", Time since last: 1000932711 ns, Reaching safepoint: 98442 ns, At safepoint: 6447 ns, Total: 104889 ns
[2020-09-11T14:41:17.803+0000][1][gc,start     ] GC(85) Pause Young (Allocation Failure)
[2020-09-11T14:41:17.803+0000][1][gc,task      ] GC(85) Using 1 workers of 1 for evacuation
[2020-09-11T14:41:17.811+0000][1][gc,age       ] GC(85) Desired survivor size 4358144 bytes, new threshold 6 (max threshold 6)
[2020-09-11T14:41:17.811+0000][1][gc,age       ] GC(85) Age table with threshold 6 (max threshold 6)
[2020-09-11T14:41:17.811+0000][1][gc,age       ] GC(85) - age   1:      26656 bytes,      26656 total
[2020-09-11T14:41:17.811+0000][1][gc,age       ] GC(85) - age   2:       1984 bytes,      28640 total
[2020-09-11T14:41:17.811+0000][1][gc,age       ] GC(85) - age   3:       2136 bytes,      30776 total
[2020-09-11T14:41:17.811+0000][1][gc,age       ] GC(85) - age   4:      17136 bytes,      47912 total
[2020-09-11T14:41:17.811+0000][1][gc,age       ] GC(85) - age   5:       4136 bytes,      52048 total
[2020-09-11T14:41:17.811+0000][1][gc,age       ] GC(85) - age   6:       3048 bytes,      55096 total
[2020-09-11T14:41:17.811+0000][1][gc,heap      ] GC(85) ParNew: 68244K->75K(76672K)
[2020-09-11T14:41:17.811+0000][1][gc,heap      ] GC(85) CMS: 68983K->69000K(439104K)
[2020-09-11T14:41:17.811+0000][1][gc,metaspace ] GC(85) Metaspace: 84826K->84826K(1128448K)
[2020-09-11T14:41:17.811+0000][1][gc           ] GC(85) Pause Young (Allocation Failure) 134M->67M(503M) 8.079ms
[2020-09-11T14:41:17.811+0000][1][gc,cpu       ] GC(85) User=0.00s Sys=0.00s Real=0.01s
[2020-09-11T14:41:17.811+0000][1][safepoint    ] Safepoint "GenCollectForAllocation", Time since last: 709532667 ns, Reaching safepoint: 225825 ns, At safepoint: 8164498 ns, Total: 8390323 ns
[2020-09-11T14:41:18.814+0000][1][safepoint    ] Safepoint "Cleanup", Time since last: 1002549160 ns, Reaching safepoint: 122274 ns, At safepoint: 43987 ns, Total: 166261 ns
[2020-09-11T14:41:19.814+0000][1][safepoint    ] Safepoint "Cleanup", Time since last: 1000204050 ns, Reaching safepoint: 154639 ns, At safepoint: 45785 ns, Total: 200424 ns
[2020-09-11T14:41:20.815+0000][1][safepoint    ] Safepoint "Cleanup", Time since last: 1000215706 ns, Reaching safepoint: 107444 ns, At safepoint: 8151 ns, Total: 115595 ns
[2020-09-11T14:41:21.815+0000][1][safepoint    ] Safepoint "Cleanup", Time since last: 1000183946 ns, Reaching safepoint: 142443 ns, At safepoint: 17912 ns, Total: 160355 ns
[2020-09-11T14:41:22.815+0000][1][safepoint    ] Safepoint "Cleanup", Time since last: 1000169556 ns, Reaching safepoint: 71262 ns, At safepoint: 7298 ns, Total: 78560 ns
[2020-09-11T14:41:23.815+0000][1][safepoint    ] Safepoint "Cleanup", Time since last: 1000144166 ns, Reaching safepoint: 145707 ns, At safepoint: 16194 ns, Total: 161901 ns
[2020-09-11T14:41:24.816+0000][1][safepoint    ] Safepoint "Cleanup", Time since last: 1000219107 ns, Reaching safepoint: 134752 ns, At safepoint: 18215 ns, Total: 152967 ns
[2020-09-11T14:41:25.816+0000][1][safepoint    ] Safepoint "Cleanup", Time since last: 1000223904 ns, Reaching safepoint: 130135 ns, At safepoint: 17660 ns, Total: 147795 ns
[2020-09-11T14:41:26.817+0000][1][safepoint    ] Safepoint "Cleanup", Time since last: 1000184449 ns, Reaching safepoint: 115469 ns, At safepoint: 6731 ns, Total: 122200 ns
[2020-09-11T14:41:27.817+0000][1][safepoint    ] Safepoint "Cleanup", Time since last: 1000171146 ns, Reaching safepoint: 132363 ns, At safepoint: 17023 ns, Total: 149386 ns
[2020-09-11T14:41:28.817+0000][1][safepoint    ] Safepoint "Cleanup", Time since last: 1000224011 ns, Reaching safepoint: 125536 ns, At safepoint: 8376 ns, Total: 133912 ns
[2020-09-11T14:41:29.817+0000][1][safepoint    ] Safepoint "Cleanup", Time since last: 1000146767 ns, Reaching safepoint: 87481 ns, At safepoint: 11206 ns, Total: 98687 ns
[2020-09-11T14:41:30.818+0000][1][safepoint    ] Safepoint "Cleanup", Time since last: 1000168138 ns, Reaching safepoint: 111384 ns, At safepoint: 8202 ns, Total: 119586 ns
[2020-09-11T14:41:31.818+0000][1][safepoint    ] Safepoint "Cleanup", Time since last: 1000157697 ns, Reaching safepoint: 120714 ns, At safepoint: 8454 ns, Total: 129168 ns
[2020-09-11T14:41:32.818+0000][1][safepoint    ] Safepoint "Cleanup", Time since last: 1000209113 ns, Reaching safepoint: 95684 ns, At safepoint: 8880 ns, Total: 104564 ns
[2020-09-11T14:41:33.819+0000][1][safepoint    ] Safepoint "Cleanup", Time since last: 1000181967 ns, Reaching safepoint: 103274 ns, At safepoint: 7269 ns, Total: 110543 ns
[2020-09-11T14:41:34.819+0000][1][safepoint    ] Safepoint "Cleanup", Time since last: 1000166264 ns, Reaching safepoint: 100037 ns, At safepoint: 6653 ns, Total: 106690 ns
[2020-09-11T14:41:35.820+0000][1][safepoint    ] Safepoint "Cleanup", Time since last: 1000884661 ns, Reaching safepoint: 126460 ns, At safepoint: 15512 ns, Total: 141972 ns
[2020-09-11T14:41:36.821+0000][1][safepoint    ] Safepoint "Cleanup", Time since last: 1000218656 ns, Reaching safepoint: 719685 ns, At safepoint: 19033 ns, Total: 738718 ns
[2020-09-11T14:41:37.821+0000][1][safepoint    ] Safepoint "Cleanup", Time since last: 1000211828 ns, Reaching safepoint: 125431 ns, At safepoint: 16698 ns, Total: 142129 ns
[2020-09-11T14:41:38.822+0000][1][safepoint    ] Safepoint "Cleanup", Time since last: 1000250016 ns, Reaching safepoint: 89391 ns, At safepoint: 7984 ns, Total: 97375 ns
[2020-09-11T14:41:39.822+0000][1][safepoint    ] Safepoint "Cleanup", Time since last: 1000120233 ns, Reaching safepoint: 69348 ns, At safepoint: 7318 ns, Total: 76666 ns
[2020-09-11T14:41:40.822+0000][1][safepoint    ] Safepoint "Cleanup", Time since last: 1000141470 ns, Reaching safepoint: 130526 ns, At safepoint: 8326 ns, Total: 138852 ns
[2020-09-11T14:41:41.822+0000][1][safepoint    ] Safepoint "Cleanup", Time since last: 1000122682 ns, Reaching safepoint: 69642 ns, At safepoint: 6979 ns, Total: 76621 ns
[2020-09-11T14:41:42.823+0000][1][safepoint    ] Safepoint "Cleanup", Time since last: 1000139651 ns, Reaching safepoint: 74287 ns, At safepoint: 7791 ns, Total: 82078 ns
[2020-09-11T14:41:43.823+0000][1][safepoint    ] Safepoint "Cleanup", Time since last: 1000123519 ns, Reaching safepoint: 87250 ns, At safepoint: 8502 ns, Total: 95752 ns
[2020-09-11T14:41:44.823+0000][1][safepoint    ] Safepoint "Cleanup", Time since last: 1000111102 ns, Reaching safepoint: 70672 ns, At safepoint: 7691 ns, Total: 78363 ns
[2020-09-11T14:41:45.823+0000][1][safepoint    ] Safepoint "Cleanup", Time since last: 1000125062 ns, Reaching safepoint: 76024 ns, At safepoint: 10183 ns, Total: 86207 ns
[2020-09-11T14:41:46.823+0000][1][safepoint    ] Safepoint "Cleanup", Time since last: 1000120748 ns, Reaching safepoint: 74892 ns, At safepoint: 7864 ns, Total: 82756 ns
[2020-09-11T14:41:47.823+0000][1][safepoint    ] Safepoint "Cleanup", Time since last: 1000096313 ns, Reaching safepoint: 67478 ns, At safepoint: 7942 ns, Total: 75420 ns
[2020-09-11T14:41:48.824+0000][1][safepoint    ] Safepoint "Cleanup", Time since last: 1000107773 ns, Reaching safepoint: 68494 ns, At safepoint: 7984 ns, Total: 76478 ns
[2020-09-11T14:41:49.824+0000][1][safepoint    ] Safepoint "Cleanup", Time since last: 1000112336 ns, Reaching safepoint: 85985 ns, At safepoint: 7673 ns, Total: 93658 ns
[2020-09-11T14:41:50.824+0000][1][safepoint    ] Safepoint "Cleanup", Time since last: 1000107198 ns, Reaching safepoint: 66379 ns, At safepoint: 6832 ns, Total: 73211 ns
[2020-09-11T14:41:51.824+0000][1][safepoint    ] Safepoint "Cleanup", Time since last: 1000112750 ns, Reaching safepoint: 78528 ns, At safepoint: 8502 ns, Total: 87030 ns
[2020-09-11T14:41:52.824+0000][1][safepoint    ] Safepoint "Cleanup", Time since last: 1000115236 ns, Reaching safepoint: 75849 ns, At safepoint: 9950 ns, Total: 85799 ns
[2020-09-11T14:41:53.825+0000][1][safepoint    ] Safepoint "Cleanup", Time since last: 1000107914 ns, Reaching safepoint: 72191 ns, At safepoint: 6552 ns, Total: 78743 ns
[2020-09-11T14:41:54.825+0000][1][safepoint    ] Safepoint "Cleanup", Time since last: 1000115214 ns, Reaching safepoint: 69728 ns, At safepoint: 8736 ns, Total: 78464 ns
[2020-09-11T14:41:55.825+0000][1][safepoint    ] Safepoint "Cleanup", Time since last: 1000114255 ns, Reaching safepoint: 69104 ns, At safepoint: 8234 ns, Total: 77338 ns
[2020-09-11T14:41:56.825+0000][1][safepoint    ] Safepoint "Cleanup", Time since last: 1000131660 ns, Reaching safepoint: 83178 ns, At safepoint: 9260 ns, Total: 92438 ns
[2020-09-11T14:41:57.825+0000][1][safepoint    ] Safepoint "Cleanup", Time since last: 1000114650 ns, Reaching safepoint: 70867 ns, At safepoint: 7755 ns, Total: 78622 ns
[2020-09-11T14:41:58.826+0000][1][safepoint    ] Safepoint "Cleanup", Time since last: 1000145226 ns, Reaching safepoint: 69091 ns, At safepoint: 7034 ns, Total: 76125 ns
[2020-09-11T14:41:59.826+0000][1][safepoint    ] Safepoint "Cleanup", Time since last: 1000127683 ns, Reaching safepoint: 98069 ns, At safepoint: 7352 ns, Total: 105421 ns
[2020-09-11T14:42:00.826+0000][1][safepoint    ] Safepoint "Cleanup", Time since last: 1000129120 ns, Reaching safepoint: 69636 ns, At safepoint: 6977 ns, Total: 76613 ns
[2020-09-11T14:42:01.826+0000][1][safepoint    ] Safepoint "Cleanup", Time since last: 1000120169 ns, Reaching safepoint: 70243 ns, At safepoint: 7201 ns, Total: 77444 ns
[2020-09-11T14:42:02.827+0000][1][safepoint    ] Safepoint "Cleanup", Time since last: 1000116227 ns, Reaching safepoint: 68011 ns, At safepoint: 7093 ns, Total: 75104 ns
[2020-09-11T14:42:03.827+0000][1][safepoint    ] Safepoint "Cleanup", Time since last: 1000105573 ns, Reaching safepoint: 68925 ns, At safepoint: 6457 ns, Total: 75382 ns
[2020-09-11T14:42:04.827+0000][1][safepoint    ] Safepoint "Cleanup", Time since last: 1000113872 ns, Reaching safepoint: 71099 ns, At safepoint: 10322 ns, Total: 81421 ns
[2020-09-11T14:42:05.827+0000][1][safepoint    ] Safepoint "Cleanup", Time since last: 1000119640 ns, Reaching safepoint: 68296 ns, At safepoint: 6516 ns, Total: 74812 ns
[2020-09-11T14:42:06.827+0000][1][safepoint    ] Safepoint "Cleanup", Time since last: 1000116990 ns, Reaching safepoint: 70239 ns, At safepoint: 7693 ns, Total: 77932 ns
[2020-09-11T14:42:07.827+0000][1][safepoint    ] Safepoint "Cleanup", Time since last: 1000130064 ns, Reaching safepoint: 71572 ns, At safepoint: 6414 ns, Total: 77986 ns
[2020-09-11T14:42:08.828+0000][1][safepoint    ] Safepoint "Cleanup", Time since last: 1000110807 ns, Reaching safepoint: 69379 ns, At safepoint: 6470 ns, Total: 75849 ns
[2020-09-11T14:42:09.828+0000][1][safepoint    ] Safepoint "Cleanup", Time since last: 1000112951 ns, Reaching safepoint: 67974 ns, At safepoint: 6968 ns, Total: 74942 ns
[2020-09-11T14:42:10.828+0000][1][safepoint    ] Safepoint "Cleanup", Time since last: 1000130208 ns, Reaching safepoint: 66429 ns, At safepoint: 6622 ns, Total: 73051 ns
[2020-09-11T14:42:11.828+0000][1][safepoint    ] Safepoint "Cleanup", Time since last: 1000118204 ns, Reaching safepoint: 74570 ns, At safepoint: 8526 ns, Total: 83096 ns
[2020-09-11T14:42:12.828+0000][1][safepoint    ] Safepoint "Cleanup", Time since last: 1000115602 ns, Reaching safepoint: 68013 ns, At safepoint: 7034 ns, Total: 75047 ns
[2020-09-11T14:42:13.829+0000][1][safepoint    ] Safepoint "Cleanup", Time since last: 1000117778 ns, Reaching safepoint: 67315 ns, At safepoint: 6605 ns, Total: 73920 ns
[2020-09-11T14:42:14.829+0000][1][safepoint    ] Safepoint "Cleanup", Time since last: 1000111491 ns, Reaching safepoint: 67343 ns, At safepoint: 6854 ns, Total: 74197 ns
[2020-09-11T14:42:15.829+0000][1][safepoint    ] Safepoint "Cleanup", Time since last: 1000112504 ns, Reaching safepoint: 67806 ns, At safepoint: 6302 ns, Total: 74108 ns
[2020-09-11T14:42:16.829+0000][1][safepoint    ] Safepoint "Cleanup", Time since last: 1000121382 ns, Reaching safepoint: 73110 ns, At safepoint: 6671 ns, Total: 79781 ns
[2020-09-11T14:42:17.829+0000][1][safepoint    ] Safepoint "Cleanup", Time since last: 1000115038 ns, Reaching safepoint: 69302 ns, At safepoint: 8298 ns, Total: 77600 ns
[2020-09-11T14:42:18.830+0000][1][safepoint    ] Safepoint "Cleanup", Time since last: 1000113905 ns, Reaching safepoint: 69586 ns, At safepoint: 6438 ns, Total: 76024 ns
[2020-09-11T14:42:19.830+0000][1][safepoint    ] Safepoint "Cleanup", Time since last: 1000127718 ns, Reaching safepoint: 70488 ns, At safepoint: 8891 ns, Total: 79379 ns
[2020-09-11T14:42:20.227+0000][1][gc,start     ] GC(86) Pause Young (Allocation Failure)
[2020-09-11T14:42:20.228+0000][1][gc,task      ] GC(86) Using 1 workers of 1 for evacuation
[2020-09-11T14:42:20.236+0000][1][gc,age       ] GC(86) Desired survivor size 4358144 bytes, new threshold 6 (max threshold 6)
[2020-09-11T14:42:20.236+0000][1][gc,age       ] GC(86) Age table with threshold 6 (max threshold 6)
[2020-09-11T14:42:20.236+0000][1][gc,age       ] GC(86) - age   1:      27592 bytes,      27592 total
[2020-09-11T14:42:20.236+0000][1][gc,age       ] GC(86) - age   2:       3272 bytes,      30864 total
[2020-09-11T14:42:20.236+0000][1][gc,age       ] GC(86) - age   3:        744 bytes,      31608 total
[2020-09-11T14:42:20.236+0000][1][gc,age       ] GC(86) - age   4:       2136 bytes,      33744 total
[2020-09-11T14:42:20.236+0000][1][gc,age       ] GC(86) - age   5:      17136 bytes,      50880 total
[2020-09-11T14:42:20.236+0000][1][gc,age       ] GC(86) - age   6:       4136 bytes,      55016 total
[2020-09-11T14:42:20.236+0000][1][gc,heap      ] GC(86) ParNew: 68235K->59K(76672K)
[2020-09-11T14:42:20.236+0000][1][gc,heap      ] GC(86) CMS: 69000K->69003K(439104K)
[2020-09-11T14:42:20.236+0000][1][gc,metaspace ] GC(86) Metaspace: 84842K->84842K(1128448K)
[2020-09-11T14:42:20.236+0000][1][gc           ] GC(86) Pause Young (Allocation Failure) 134M->67M(503M) 8.341ms
[2020-09-11T14:42:20.236+0000][1][gc,cpu       ] GC(86) User=0.00s Sys=0.00s Real=0.01s
[2020-09-11T14:42:20.236+0000][1][safepoint    ] Safepoint "GenCollectForAllocation", Time since last: 394436424 ns, Reaching safepoint: 3234065 ns, At safepoint: 8440265 ns, Total: 11674330 ns
[2020-09-11T14:42:21.237+0000][1][safepoint    ] Safepoint "Cleanup", Time since last: 1000994007 ns, Reaching safepoint: 61564 ns, At safepoint: 14473 ns, Total: 76037 ns
[2020-09-11T14:42:22.237+0000][1][safepoint    ] Safepoint "Cleanup", Time since last: 1000128296 ns, Reaching safepoint: 132780 ns, At safepoint: 13022 ns, Total: 145802 ns
[2020-09-11T14:42:23.927+0000][1][safepoint    ] Safepoint "Cleanup", Time since last: 1689782588 ns, Reaching safepoint: 71778 ns, At safepoint: 6707 ns, Total: 78485 ns
[2020-09-11T14:42:24.927+0000][1][safepoint    ] Safepoint "Cleanup", Time since last: 1000176398 ns, Reaching safepoint: 175079 ns, At safepoint: 15201 ns, Total: 190280 ns
[2020-09-11T14:42:25.928+0000][1][safepoint    ] Safepoint "Cleanup", Time since last: 1000174012 ns, Reaching safepoint: 116414 ns, At safepoint: 6227 ns, Total: 122641 ns
[2020-09-11T14:42:26.928+0000][1][safepoint    ] Safepoint "Cleanup", Time since last: 1000125885 ns, Reaching safepoint: 111501 ns, At safepoint: 6099 ns, Total: 117600 ns
[2020-09-11T14:42:27.928+0000][1][safepoint    ] Safepoint "Cleanup", Time since last: 1000165293 ns, Reaching safepoint: 162663 ns, At safepoint: 16431 ns, Total: 179094 ns
[2020-09-11T14:42:28.929+0000][1][safepoint    ] Safepoint "Cleanup", Time since last: 1000213575 ns, Reaching safepoint: 97601 ns, At safepoint: 7897 ns, Total: 105498 ns
[2020-09-11T14:42:29.929+0000][1][safepoint    ] Safepoint "Cleanup", Time since last: 1000135725 ns, Reaching safepoint: 321701 ns, At safepoint: 18502 ns, Total: 340203 ns
[2020-09-11T14:42:30.930+0000][1][safepoint    ] Safepoint "Cleanup", Time since last: 1000218332 ns, Reaching safepoint: 124309 ns, At safepoint: 17486 ns, Total: 141795 ns
[2020-09-11T14:42:31.930+0000][1][safepoint    ] Safepoint "Cleanup", Time since last: 1000262673 ns, Reaching safepoint: 125435 ns, At safepoint: 16872 ns, Total: 142307 ns
[2020-09-11T14:42:32.930+0000][1][safepoint    ] Safepoint "Cleanup", Time since last: 1000164422 ns, Reaching safepoint: 63509 ns, At safepoint: 6788 ns, Total: 70297 ns
[2020-09-11T14:42:33.930+0000][1][safepoint    ] Safepoint "Cleanup", Time since last: 1000133149 ns, Reaching safepoint: 120133 ns, At safepoint: 14864 ns, Total: 134997 ns
[2020-09-11T14:42:34.931+0000][1][safepoint    ] Safepoint "Cleanup", Time since last: 1000221169 ns, Reaching safepoint: 127246 ns, At safepoint: 17283 ns, Total: 144529 ns
[2020-09-11T14:42:35.931+0000][1][safepoint    ] Safepoint "Cleanup", Time since last: 1000179542 ns, Reaching safepoint: 63230 ns, At safepoint: 5656 ns, Total: 68886 ns
[2020-09-11T14:42:36.931+0000][1][safepoint    ] Safepoint "Cleanup", Time since last: 1000183331 ns, Reaching safepoint: 94722 ns, At safepoint: 8098 ns, Total: 102820 ns
[2020-09-11T14:42:37.954+0000][1][safepoint    ] Safepoint "Cleanup", Time since last: 1022456001 ns, Reaching safepoint: 106148 ns, At safepoint: 6454 ns, Total: 112602 ns
[2020-09-11T14:42:38.954+0000][1][safepoint    ] Safepoint "Cleanup", Time since last: 1000212610 ns, Reaching safepoint: 125572 ns, At safepoint: 16929 ns, Total: 142501 ns
[2020-09-11T14:42:39.954+0000][1][safepoint    ] Safepoint "Cleanup", Time since last: 1000155409 ns, Reaching safepoint: 70685 ns, At safepoint: 6997 ns, Total: 77682 ns
[2020-09-11T14:42:40.959+0000][1][safepoint    ] Safepoint "Cleanup", Time since last: 1000242733 ns, Reaching safepoint: 3874406 ns, At safepoint: 11209 ns, Total: 3885615 ns
[2020-09-11T14:42:41.959+0000][1][safepoint    ] Safepoint "Cleanup", Time since last: 1000195887 ns, Reaching safepoint: 122525 ns, At safepoint: 17099 ns, Total: 139624 ns
[2020-09-11T14:42:42.960+0000][1][safepoint    ] Safepoint "Cleanup", Time since last: 1001129071 ns, Reaching safepoint: 122608 ns, At safepoint: 17103 ns, Total: 139711 ns
[2020-09-11T14:42:43.961+0000][1][safepoint    ] Safepoint "Cleanup", Time since last: 1000229486 ns, Reaching safepoint: 87737 ns, At safepoint: 7685 ns, Total: 95422 ns
[2020-09-11T14:42:44.961+0000][1][safepoint    ] Safepoint "Cleanup", Time since last: 1000174877 ns, Reaching safepoint: 94012 ns, At safepoint: 7968 ns, Total: 101980 ns
[2020-09-11T14:42:45.961+0000][1][safepoint    ] Safepoint "Cleanup", Time since last: 1000133565 ns, Reaching safepoint: 245110 ns, At safepoint: 18415 ns, Total: 263525 ns
[2020-09-11T14:42:46.962+0000][1][safepoint    ] Safepoint "Cleanup", Time since last: 1000145249 ns, Reaching safepoint: 186096 ns, At safepoint: 7547 ns, Total: 193643 ns
[2020-09-11T14:42:47.963+0000][1][safepoint    ] Safepoint "Cleanup", Time since last: 1000722766 ns, Reaching safepoint: 414585 ns, At safepoint: 8060 ns, Total: 422645 ns
[2020-09-11T14:42:48.963+0000][1][safepoint    ] Safepoint "Cleanup", Time since last: 1000193873 ns, Reaching safepoint: 88167 ns, At safepoint: 7457 ns, Total: 95624 ns
[2020-09-11T14:42:49.963+0000][1][safepoint    ] Safepoint "Cleanup", Time since last: 1000111861 ns, Reaching safepoint: 68369 ns, At safepoint: 6544 ns, Total: 74913 ns
[2020-09-11T14:42:50.964+0000][1][safepoint    ] Safepoint "Cleanup", Time since last: 1000138422 ns, Reaching safepoint: 157094 ns, At safepoint: 15970 ns, Total: 173064 ns
[2020-09-11T14:42:51.964+0000][1][safepoint    ] Safepoint "Cleanup", Time since last: 1000187104 ns, Reaching safepoint: 79433 ns, At safepoint: 7444 ns, Total: 86877 ns
[2020-09-11T14:42:52.965+0000][1][safepoint    ] Safepoint "Cleanup", Time since last: 1000869541 ns, Reaching safepoint: 148047 ns, At safepoint: 18045 ns, Total: 166092 ns
[2020-09-11T14:42:53.965+0000][1][safepoint    ] Safepoint "Cleanup", Time since last: 1000212989 ns, Reaching safepoint: 126842 ns, At safepoint: 16674 ns, Total: 143516 ns
[2020-09-11T14:42:54.965+0000][1][safepoint    ] Safepoint "Cleanup", Time since last: 1000183167 ns, Reaching safepoint: 128756 ns, At safepoint: 16421 ns, Total: 145177 ns
[2020-09-11T14:42:55.966+0000][1][safepoint    ] Safepoint "Cleanup", Time since last: 1000224728 ns, Reaching safepoint: 104595 ns, At safepoint: 7150 ns, Total: 111745 ns
[2020-09-11T14:42:56.966+0000][1][safepoint    ] Safepoint "Cleanup", Time since last: 1000187501 ns, Reaching safepoint: 100847 ns, At safepoint: 7039 ns, Total: 107886 ns
[2020-09-11T14:42:57.967+0000][1][safepoint    ] Safepoint "Cleanup", Time since last: 1000806394 ns, Reaching safepoint: 129330 ns, At safepoint: 16251 ns, Total: 145581 ns
[2020-09-11T14:42:58.967+0000][1][safepoint    ] Safepoint "Cleanup", Time since last: 1000235474 ns, Reaching safepoint: 150960 ns, At safepoint: 16725 ns, Total: 167685 ns
[2020-09-11T14:42:59.968+0000][1][safepoint    ] Safepoint "Cleanup", Time since last: 1000220666 ns, Reaching safepoint: 127864 ns, At safepoint: 16090 ns, Total: 143954 ns
[2020-09-11T14:43:00.968+0000][1][safepoint    ] Safepoint "Cleanup", Time since last: 1000225803 ns, Reaching safepoint: 116705 ns, At safepoint: 6754 ns, Total: 123459 ns
[2020-09-11T14:43:01.968+0000][1][safepoint    ] Safepoint "Cleanup", Time since last: 1000165301 ns, Reaching safepoint: 97673 ns, At safepoint: 6819 ns, Total: 104492 ns
[2020-09-11T14:43:02.969+0000][1][safepoint    ] Safepoint "Cleanup", Time since last: 1000831774 ns, Reaching safepoint: 76655 ns, At safepoint: 7531 ns, Total: 84186 ns
[2020-09-11T14:43:03.970+0000][1][safepoint    ] Safepoint "Cleanup", Time since last: 1000178776 ns, Reaching safepoint: 126411 ns, At safepoint: 16495 ns, Total: 142906 ns
[2020-09-11T14:43:04.970+0000][1][safepoint    ] Safepoint "Cleanup", Time since last: 1000215739 ns, Reaching safepoint: 101852 ns, At safepoint: 7381 ns, Total: 109233 ns
[2020-09-11T14:43:05.970+0000][1][safepoint    ] Safepoint "Cleanup", Time since last: 1000140776 ns, Reaching safepoint: 129507 ns, At safepoint: 14554 ns, Total: 144061 ns
[2020-09-11T14:43:06.971+0000][1][safepoint    ] Safepoint "Cleanup", Time since last: 1000179388 ns, Reaching safepoint: 122444 ns, At safepoint: 6144 ns, Total: 128588 ns
[2020-09-11T14:43:07.972+0000][1][safepoint    ] Safepoint "Cleanup", Time since last: 1000826803 ns, Reaching safepoint: 129544 ns, At safepoint: 16739 ns, Total: 146283 ns
[2020-09-11T14:43:08.972+0000][1][safepoint    ] Safepoint "Cleanup", Time since last: 1000194415 ns, Reaching safepoint: 112965 ns, At safepoint: 7611 ns, Total: 120576 ns
[2020-09-11T14:43:09.972+0000][1][safepoint    ] Safepoint "Cleanup", Time since last: 1000172741 ns, Reaching safepoint: 111488 ns, At safepoint: 6215 ns, Total: 117703 ns
[2020-09-11T14:43:10.972+0000][1][safepoint    ] Safepoint "Cleanup", Time since last: 1000180263 ns, Reaching safepoint: 92946 ns, At safepoint: 6545 ns, Total: 99491 ns
[2020-09-11T14:43:11.973+0000][1][safepoint    ] Safepoint "Cleanup", Time since last: 1000169087 ns, Reaching safepoint: 95295 ns, At safepoint: 7060 ns, Total: 102355 ns
[2020-09-11T14:43:12.974+0000][1][safepoint    ] Safepoint "Cleanup", Time since last: 1000834425 ns, Reaching safepoint: 95300 ns, At safepoint: 6754 ns, Total: 102054 ns
[2020-09-11T14:43:13.974+0000][1][safepoint    ] Safepoint "Cleanup", Time since last: 1000185726 ns, Reaching safepoint: 137603 ns, At safepoint: 17049 ns, Total: 154652 ns
[2020-09-11T14:43:14.974+0000][1][safepoint    ] Safepoint "Cleanup", Time since last: 1000219654 ns, Reaching safepoint: 119240 ns, At safepoint: 16218 ns, Total: 135458 ns
[2020-09-11T14:43:15.975+0000][1][safepoint    ] Safepoint "Cleanup", Time since last: 1000229362 ns, Reaching safepoint: 129789 ns, At safepoint: 17256 ns, Total: 147045 ns
[2020-09-11T14:43:16.975+0000][1][safepoint    ] Safepoint "Cleanup", Time since last: 1000247608 ns, Reaching safepoint: 93395 ns, At safepoint: 6774 ns, Total: 100169 ns
[2020-09-11T14:43:17.976+0000][1][safepoint    ] Safepoint "Cleanup", Time since last: 1000850599 ns, Reaching safepoint: 128251 ns, At safepoint: 16228 ns, Total: 144479 ns
[2020-09-11T14:43:18.976+0000][1][safepoint    ] Safepoint "Cleanup", Time since last: 1000224149 ns, Reaching safepoint: 92742 ns, At safepoint: 6799 ns, Total: 99541 ns
[2020-09-11T14:43:19.977+0000][1][safepoint    ] Safepoint "Cleanup", Time since last: 1000204006 ns, Reaching safepoint: 142531 ns, At safepoint: 16501 ns, Total: 159032 ns
[2020-09-11T14:43:20.977+0000][1][safepoint    ] Safepoint "Cleanup", Time since last: 1000246229 ns, Reaching safepoint: 133711 ns, At safepoint: 17276 ns, Total: 150987 ns
[2020-09-11T14:43:21.977+0000][1][safepoint    ] Safepoint "Cleanup", Time since last: 1000189425 ns, Reaching safepoint: 110781 ns, At safepoint: 7152 ns, Total: 117933 ns
[2020-09-11T14:43:22.978+0000][1][safepoint    ] Safepoint "Cleanup", Time since last: 1000170675 ns, Reaching safepoint: 129003 ns, At safepoint: 15549 ns, Total: 144552 ns
[2020-09-11T14:43:23.978+0000][1][safepoint    ] Safepoint "Cleanup", Time since last: 1000180137 ns, Reaching safepoint: 126607 ns, At safepoint: 14631 ns, Total: 141238 ns
[2020-09-11T14:43:24.978+0000][1][safepoint    ] Safepoint "Cleanup", Time since last: 1000177970 ns, Reaching safepoint: 111195 ns, At safepoint: 6789 ns, Total: 117984 ns
[2020-09-11T14:43:25.340+0000][1][gc,start     ] GC(87) Pause Young (Allocation Failure)
[2020-09-11T14:43:25.340+0000][1][gc,task      ] GC(87) Using 1 workers of 1 for evacuation
[2020-09-11T14:43:25.346+0000][1][gc,age       ] GC(87) Desired survivor size 4358144 bytes, new threshold 6 (max threshold 6)
[2020-09-11T14:43:25.346+0000][1][gc,age       ] GC(87) Age table with threshold 6 (max threshold 6)
[2020-09-11T14:43:25.346+0000][1][gc,age       ] GC(87) - age   1:      28512 bytes,      28512 total
[2020-09-11T14:43:25.346+0000][1][gc,age       ] GC(87) - age   2:       4240 bytes,      32752 total
[2020-09-11T14:43:25.346+0000][1][gc,age       ] GC(87) - age   3:        792 bytes,      33544 total
[2020-09-11T14:43:25.346+0000][1][gc,age       ] GC(87) - age   4:        744 bytes,      34288 total
[2020-09-11T14:43:25.346+0000][1][gc,age       ] GC(87) - age   5:       2136 bytes,      36424 total
[2020-09-11T14:43:25.346+0000][1][gc,age       ] GC(87) - age   6:      17136 bytes,      53560 total
[2020-09-11T14:43:25.346+0000][1][gc,heap      ] GC(87) ParNew: 68219K->55K(76672K)
[2020-09-11T14:43:25.346+0000][1][gc,heap      ] GC(87) CMS: 69003K->69007K(439104K)
[2020-09-11T14:43:25.346+0000][1][gc,metaspace ] GC(87) Metaspace: 84852K->84852K(1128448K)
[2020-09-11T14:43:25.346+0000][1][gc           ] GC(87) Pause Young (Allocation Failure) 134M->67M(503M) 6.868ms
[2020-09-11T14:43:25.346+0000][1][gc,cpu       ] GC(87) User=0.01s Sys=0.00s Real=0.01s
[2020-09-11T14:43:25.346+0000][1][safepoint    ] Safepoint "GenCollectForAllocation", Time since last: 360793672 ns, Reaching safepoint: 272330 ns, At safepoint: 6954998 ns, Total: 7227328 ns
[2020-09-11T14:43:26.348+0000][1][safepoint    ] Safepoint "Cleanup", Time since last: 1001714688 ns, Reaching safepoint: 62809 ns, At safepoint: 15782 ns, Total: 78591 ns
[2020-09-11T14:43:27.349+0000][1][safepoint    ] Safepoint "Cleanup", Time since last: 1000293178 ns, Reaching safepoint: 62958 ns, At safepoint: 12772 ns, Total: 75730 ns
[2020-09-11T14:43:28.349+0000][1][safepoint    ] Safepoint "Cleanup", Time since last: 1000287945 ns, Reaching safepoint: 64087 ns, At safepoint: 16067 ns, Total: 80154 ns
[2020-09-11T14:43:29.350+0000][1][safepoint    ] Safepoint "Cleanup", Time since last: 1000397272 ns, Reaching safepoint: 231208 ns, At safepoint: 41606 ns, Total: 272814 ns
[2020-09-11T14:43:30.350+0000][1][safepoint    ] Safepoint "Cleanup", Time since last: 1000193676 ns, Reaching safepoint: 325502 ns, At safepoint: 19451 ns, Total: 344953 ns
[2020-09-11T14:43:31.351+0000][1][safepoint    ] Safepoint "Cleanup", Time since last: 1000220782 ns, Reaching safepoint: 138024 ns, At safepoint: 17497 ns, Total: 155521 ns
[2020-09-11T14:43:32.351+0000][1][safepoint    ] Safepoint "Cleanup", Time since last: 1000199646 ns, Reaching safepoint: 134697 ns, At safepoint: 17410 ns, Total: 152107 ns
[2020-09-11T14:43:33.351+0000][1][safepoint    ] Safepoint "Cleanup", Time since last: 1000239801 ns, Reaching safepoint: 136594 ns, At safepoint: 17297 ns, Total: 153891 ns
[2020-09-11T14:43:34.352+0000][1][safepoint    ] Safepoint "Cleanup", Time since last: 1000307485 ns, Reaching safepoint: 130854 ns, At safepoint: 17808 ns, Total: 148662 ns
[2020-09-11T14:43:35.352+0000][1][safepoint    ] Safepoint "Cleanup", Time since last: 1000225363 ns, Reaching safepoint: 97262 ns, At safepoint: 7333 ns, Total: 104595 ns
[2020-09-11T14:43:36.352+0000][1][safepoint    ] Safepoint "Cleanup", Time since last: 1000190328 ns, Reaching safepoint: 136450 ns, At safepoint: 17511 ns, Total: 153961 ns
[2020-09-11T14:43:37.353+0000][1][safepoint    ] Safepoint "Cleanup", Time since last: 1000271152 ns, Reaching safepoint: 102789 ns, At safepoint: 6247 ns, Total: 109036 ns
[2020-09-11T14:43:38.353+0000][1][safepoint    ] Safepoint "Cleanup", Time since last: 1000188910 ns, Reaching safepoint: 154636 ns, At safepoint: 21041 ns, Total: 175677 ns
[2020-09-11T14:43:39.354+0000][1][safepoint    ] Safepoint "Cleanup", Time since last: 1000279824 ns, Reaching safepoint: 81722 ns, At safepoint: 8254 ns, Total: 89976 ns
[2020-09-11T14:43:40.354+0000][1][safepoint    ] Safepoint "Cleanup", Time since last: 1000195956 ns, Reaching safepoint: 154663 ns, At safepoint: 20463 ns, Total: 175126 ns
[2020-09-11T14:43:41.354+0000][1][safepoint    ] Safepoint "Cleanup", Time since last: 1000248151 ns, Reaching safepoint: 119855 ns, At safepoint: 9166 ns, Total: 129021 ns
[2020-09-11T14:43:42.355+0000][1][safepoint    ] Safepoint "Cleanup", Time since last: 1000189820 ns, Reaching safepoint: 98060 ns, At safepoint: 7544 ns, Total: 105604 ns
[2020-09-11T14:43:43.355+0000][1][safepoint    ] Safepoint "Cleanup", Time since last: 1000162786 ns, Reaching safepoint: 104732 ns, At safepoint: 8720 ns, Total: 113452 ns
[2020-09-11T14:43:44.440+0000][1][safepoint    ] Safepoint "Cleanup", Time since last: 1084675564 ns, Reaching safepoint: 133574 ns, At safepoint: 16808 ns, Total: 150382 ns
[2020-09-11T14:43:45.440+0000][1][safepoint    ] Safepoint "Cleanup", Time since last: 1000217869 ns, Reaching safepoint: 132407 ns, At safepoint: 16615 ns, Total: 149022 ns
[2020-09-11T14:43:46.440+0000][1][safepoint    ] Safepoint "Cleanup", Time since last: 1000187281 ns, Reaching safepoint: 104402 ns, At safepoint: 7660 ns, Total: 112062 ns
[2020-09-11T14:43:47.441+0000][1][safepoint    ] Safepoint "Cleanup", Time since last: 1000180018 ns, Reaching safepoint: 128061 ns, At safepoint: 17040 ns, Total: 145101 ns
[2020-09-11T14:43:48.441+0000][1][safepoint    ] Safepoint "Cleanup", Time since last: 1000175631 ns, Reaching safepoint: 120924 ns, At safepoint: 14874 ns, Total: 135798 ns
[2020-09-11T14:43:49.441+0000][1][safepoint    ] Safepoint "Cleanup", Time since last: 1000221549 ns, Reaching safepoint: 95689 ns, At safepoint: 7828 ns, Total: 103517 ns
[2020-09-11T14:43:50.442+0000][1][safepoint    ] Safepoint "Cleanup", Time since last: 1000171523 ns, Reaching safepoint: 123106 ns, At safepoint: 16872 ns, Total: 139978 ns
[2020-09-11T14:43:51.442+0000][1][safepoint    ] Safepoint "Cleanup", Time since last: 1000212569 ns, Reaching safepoint: 95280 ns, At safepoint: 6893 ns, Total: 102173 ns
[2020-09-11T14:43:52.442+0000][1][safepoint    ] Safepoint "Cleanup", Time since last: 1000173248 ns, Reaching safepoint: 130022 ns, At safepoint: 17363 ns, Total: 147385 ns
[2020-09-11T14:43:53.443+0000][1][safepoint    ] Safepoint "Cleanup", Time since last: 1000215649 ns, Reaching safepoint: 119779 ns, At safepoint: 16558 ns, Total: 136337 ns
[2020-09-11T14:43:54.443+0000][1][safepoint    ] Safepoint "Cleanup", Time since last: 1000246333 ns, Reaching safepoint: 122779 ns, At safepoint: 17283 ns, Total: 140062 ns
[2020-09-11T14:43:55.443+0000][1][safepoint    ] Safepoint "Cleanup", Time since last: 1000217796 ns, Reaching safepoint: 130096 ns, At safepoint: 17603 ns, Total: 147699 ns
[2020-09-11T14:43:56.444+0000][1][safepoint    ] Safepoint "Cleanup", Time since last: 1000261988 ns, Reaching safepoint: 120276 ns, At safepoint: 16348 ns, Total: 136624 ns
[2020-09-11T14:43:57.444+0000][1][safepoint    ] Safepoint "Cleanup", Time since last: 1000224154 ns, Reaching safepoint: 119528 ns, At safepoint: 16387 ns, Total: 135915 ns
[2020-09-11T14:43:58.444+0000][1][safepoint    ] Safepoint "Cleanup", Time since last: 1000187356 ns, Reaching safepoint: 127911 ns, At safepoint: 15789 ns, Total: 143700 ns
[2020-09-11T14:43:59.445+0000][1][safepoint    ] Safepoint "Cleanup", Time since last: 1000214019 ns, Reaching safepoint: 81191 ns, At safepoint: 7121 ns, Total: 88312 ns
[2020-09-11T14:44:00.445+0000][1][safepoint    ] Safepoint "Cleanup", Time since last: 1000176496 ns, Reaching safepoint: 113809 ns, At safepoint: 7447 ns, Total: 121256 ns
[2020-09-11T14:44:01.445+0000][1][safepoint    ] Safepoint "Cleanup", Time since last: 1000158483 ns, Reaching safepoint: 97061 ns, At safepoint: 7613 ns, Total: 104674 ns
[2020-09-11T14:44:02.446+0000][1][safepoint    ] Safepoint "Cleanup", Time since last: 1000177656 ns, Reaching safepoint: 89624 ns, At safepoint: 7529 ns, Total: 97153 ns
[2020-09-11T14:44:03.446+0000][1][safepoint    ] Safepoint "Cleanup", Time since last: 1000132221 ns, Reaching safepoint: 117911 ns, At safepoint: 14229 ns, Total: 132140 ns
[2020-09-11T14:44:04.446+0000][1][safepoint    ] Safepoint "Cleanup", Time since last: 1000218197 ns, Reaching safepoint: 121649 ns, At safepoint: 16689 ns, Total: 138338 ns
[2020-09-11T14:44:05.447+0000][1][safepoint    ] Safepoint "Cleanup", Time since last: 1000220642 ns, Reaching safepoint: 79712 ns, At safepoint: 7290 ns, Total: 87002 ns
[2020-09-11T14:44:06.447+0000][1][safepoint    ] Safepoint "Cleanup", Time since last: 1000175810 ns, Reaching safepoint: 121626 ns, At safepoint: 17247 ns, Total: 138873 ns
[2020-09-11T14:44:07.447+0000][1][safepoint    ] Safepoint "Cleanup", Time since last: 1000193245 ns, Reaching safepoint: 127068 ns, At safepoint: 19485 ns, Total: 146553 ns
[2020-09-11T14:44:08.447+0000][1][safepoint    ] Safepoint "Cleanup", Time since last: 1000219002 ns, Reaching safepoint: 64232 ns, At safepoint: 6798 ns, Total: 71030 ns
[2020-09-11T14:44:09.448+0000][1][safepoint    ] Safepoint "Cleanup", Time since last: 1000179521 ns, Reaching safepoint: 121606 ns, At safepoint: 16912 ns, Total: 138518 ns
[2020-09-11T14:44:10.448+0000][1][safepoint    ] Safepoint "Cleanup", Time since last: 1000210649 ns, Reaching safepoint: 123614 ns, At safepoint: 16467 ns, Total: 140081 ns
[2020-09-11T14:44:11.448+0000][1][safepoint    ] Safepoint "Cleanup", Time since last: 1000210635 ns, Reaching safepoint: 114803 ns, At safepoint: 16802 ns, Total: 131605 ns
[2020-09-11T14:44:12.449+0000][1][safepoint    ] Safepoint "Cleanup", Time since last: 1000222347 ns, Reaching safepoint: 88242 ns, At safepoint: 7133 ns, Total: 95375 ns
[2020-09-11T14:44:13.450+0000][1][safepoint    ] Safepoint "Cleanup", Time since last: 1000835111 ns, Reaching safepoint: 116617 ns, At safepoint: 16415 ns, Total: 133032 ns
[2020-09-11T14:44:14.450+0000][1][safepoint    ] Safepoint "Cleanup", Time since last: 1000229994 ns, Reaching safepoint: 76845 ns, At safepoint: 6768 ns, Total: 83613 ns
[2020-09-11T14:44:15.450+0000][1][safepoint    ] Safepoint "Cleanup", Time since last: 1000168488 ns, Reaching safepoint: 142441 ns, At safepoint: 17296 ns, Total: 159737 ns
[2020-09-11T14:44:16.451+0000][1][safepoint    ] Safepoint "Cleanup", Time since last: 1000218602 ns, Reaching safepoint: 120864 ns, At safepoint: 15943 ns, Total: 136807 ns
[2020-09-11T14:44:17.451+0000][1][safepoint    ] Safepoint "Cleanup", Time since last: 1000211330 ns, Reaching safepoint: 113301 ns, At safepoint: 16187 ns, Total: 129488 ns
[2020-09-11T14:44:18.451+0000][1][safepoint    ] Safepoint "Cleanup", Time since last: 1000158939 ns, Reaching safepoint: 112478 ns, At safepoint: 65447 ns, Total: 177925 ns
[2020-09-11T14:44:19.453+0000][1][safepoint    ] Safepoint "Cleanup", Time since last: 1001004899 ns, Reaching safepoint: 122154 ns, At safepoint: 16478 ns, Total: 138632 ns
[2020-09-11T14:44:20.453+0000][1][safepoint    ] Safepoint "Cleanup", Time since last: 1000165607 ns, Reaching safepoint: 111388 ns, At safepoint: 6452 ns, Total: 117840 ns
[2020-09-11T14:44:21.453+0000][1][safepoint    ] Safepoint "Cleanup", Time since last: 1000163861 ns, Reaching safepoint: 118629 ns, At safepoint: 16378 ns, Total: 135007 ns
[2020-09-11T14:44:22.453+0000][1][safepoint    ] Safepoint "Cleanup", Time since last: 1000174340 ns, Reaching safepoint: 121823 ns, At safepoint: 15800 ns, Total: 137623 ns
[2020-09-11T14:44:23.454+0000][1][safepoint    ] Safepoint "Cleanup", Time since last: 1000176611 ns, Reaching safepoint: 119792 ns, At safepoint: 16448 ns, Total: 136240 ns
[2020-09-11T14:44:24.455+0000][1][safepoint    ] Safepoint "Cleanup", Time since last: 1000994907 ns, Reaching safepoint: 121509 ns, At safepoint: 17130 ns, Total: 138639 ns
[2020-09-11T14:44:25.455+0000][1][safepoint    ] Safepoint "Cleanup", Time since last: 1000206129 ns, Reaching safepoint: 114951 ns, At safepoint: 16291 ns, Total: 131242 ns
[2020-09-11T14:44:26.456+0000][1][safepoint    ] Safepoint "Cleanup", Time since last: 1000214727 ns, Reaching safepoint: 119852 ns, At safepoint: 16588 ns, Total: 136440 ns
[2020-09-11T14:44:27.581+0000][1][safepoint    ] Safepoint "Cleanup", Time since last: 1125715830 ns, Reaching safepoint: 93732 ns, At safepoint: 7627 ns, Total: 101359 ns
[2020-09-11T14:44:28.582+0000][1][safepoint    ] Safepoint "Cleanup", Time since last: 1000192888 ns, Reaching safepoint: 119017 ns, At safepoint: 15853 ns, Total: 134870 ns
[2020-09-11T14:44:29.583+0000][1][safepoint    ] Safepoint "Cleanup", Time since last: 1001116987 ns, Reaching safepoint: 89430 ns, At safepoint: 6851 ns, Total: 96281 ns
[2020-09-11T14:44:30.431+0000][1][gc,start     ] GC(88) Pause Young (Allocation Failure)
[2020-09-11T14:44:30.431+0000][1][gc,task      ] GC(88) Using 1 workers of 1 for evacuation
[2020-09-11T14:44:30.437+0000][1][gc,age       ] GC(88) Desired survivor size 4358144 bytes, new threshold 6 (max threshold 6)
[2020-09-11T14:44:30.437+0000][1][gc,age       ] GC(88) Age table with threshold 6 (max threshold 6)
[2020-09-11T14:44:30.437+0000][1][gc,age       ] GC(88) - age   1:      28912 bytes,      28912 total
[2020-09-11T14:44:30.437+0000][1][gc,age       ] GC(88) - age   2:       2728 bytes,      31640 total
[2020-09-11T14:44:30.437+0000][1][gc,age       ] GC(88) - age   3:       1760 bytes,      33400 total
[2020-09-11T14:44:30.437+0000][1][gc,age       ] GC(88) - age   4:        792 bytes,      34192 total
[2020-09-11T14:44:30.437+0000][1][gc,age       ] GC(88) - age   5:        744 bytes,      34936 total
[2020-09-11T14:44:30.437+0000][1][gc,age       ] GC(88) - age   6:       2016 bytes,      36952 total
[2020-09-11T14:44:30.437+0000][1][gc,heap      ] GC(88) ParNew: 68215K->52K(76672K)
[2020-09-11T14:44:30.437+0000][1][gc,heap      ] GC(88) CMS: 69007K->69024K(439104K)
[2020-09-11T14:44:30.437+0000][1][gc,metaspace ] GC(88) Metaspace: 84867K->84867K(1128448K)
[2020-09-11T14:44:30.438+0000][1][gc           ] GC(88) Pause Young (Allocation Failure) 134M->67M(503M) 6.875ms
[2020-09-11T14:44:30.438+0000][1][gc,cpu       ] GC(88) User=0.01s Sys=0.00s Real=0.01s
[2020-09-11T14:44:30.438+0000][1][safepoint    ] Safepoint "GenCollectForAllocation", Time since last: 847388803 ns, Reaching safepoint: 263729 ns, At safepoint: 6965005 ns, Total: 7228734 ns
[2020-09-11T14:44:31.442+0000][1][safepoint    ] Safepoint "Cleanup", Time since last: 1004239486 ns, Reaching safepoint: 183016 ns, At safepoint: 17673 ns, Total: 200689 ns
[2020-09-11T14:44:32.442+0000][1][safepoint    ] Safepoint "Cleanup", Time since last: 1000158204 ns, Reaching safepoint: 182974 ns, At safepoint: 14490 ns, Total: 197464 ns
[2020-09-11T14:44:33.443+0000][1][safepoint    ] Safepoint "Cleanup", Time since last: 1000109526 ns, Reaching safepoint: 149735 ns, At safepoint: 17192 ns, Total: 166927 ns
[2020-09-11T14:44:34.443+0000][1][safepoint    ] Safepoint "Cleanup", Time since last: 1000198040 ns, Reaching safepoint: 99768 ns, At safepoint: 16461 ns, Total: 116229 ns
[2020-09-11T14:44:35.443+0000][1][safepoint    ] Safepoint "Cleanup", Time since last: 1000125629 ns, Reaching safepoint: 217309 ns, At safepoint: 18499 ns, Total: 235808 ns
[2020-09-11T14:44:36.444+0000][1][safepoint    ] Safepoint "Cleanup", Time since last: 1000273806 ns, Reaching safepoint: 97970 ns, At safepoint: 7037 ns, Total: 105007 ns
[2020-09-11T14:44:37.444+0000][1][safepoint    ] Safepoint "Cleanup", Time since last: 1000177291 ns, Reaching safepoint: 125903 ns, At safepoint: 17397 ns, Total: 143300 ns
[2020-09-11T14:44:38.444+0000][1][safepoint    ] Safepoint "Cleanup", Time since last: 1000214775 ns, Reaching safepoint: 97786 ns, At safepoint: 6945 ns, Total: 104731 ns
[2020-09-11T14:44:39.445+0000][1][safepoint    ] Safepoint "Cleanup", Time since last: 1000156614 ns, Reaching safepoint: 114909 ns, At safepoint: 6719 ns, Total: 121628 ns
[2020-09-11T14:44:40.445+0000][1][safepoint    ] Safepoint "Cleanup", Time since last: 1000150788 ns, Reaching safepoint: 128589 ns, At safepoint: 15903 ns, Total: 144492 ns
[2020-09-11T14:44:41.445+0000][1][safepoint    ] Safepoint "Cleanup", Time since last: 1000196774 ns, Reaching safepoint: 115883 ns, At safepoint: 14136 ns, Total: 130019 ns
[2020-09-11T14:44:42.446+0000][1][safepoint    ] Safepoint "Cleanup", Time since last: 1000205949 ns, Reaching safepoint: 131539 ns, At safepoint: 17661 ns, Total: 149200 ns
[2020-09-11T14:44:43.446+0000][1][safepoint    ] Safepoint "Cleanup", Time since last: 1000236704 ns, Reaching safepoint: 94930 ns, At safepoint: 6884 ns, Total: 101814 ns
[2020-09-11T14:44:44.446+0000][1][safepoint    ] Safepoint "Cleanup", Time since last: 1000180246 ns, Reaching safepoint: 106025 ns, At safepoint: 6915 ns, Total: 112940 ns
[2020-09-11T14:44:45.446+0000][1][safepoint    ] Safepoint "Cleanup", Time since last: 1000142660 ns, Reaching safepoint: 75107 ns, At safepoint: 7281 ns, Total: 82388 ns
[2020-09-11T14:44:46.447+0000][1][safepoint    ] Safepoint "Cleanup", Time since last: 1000161705 ns, Reaching safepoint: 130583 ns, At safepoint: 16442 ns, Total: 147025 ns
[2020-09-11T14:44:47.447+0000][1][safepoint    ] Safepoint "Cleanup", Time since last: 1000214732 ns, Reaching safepoint: 124029 ns, At safepoint: 16869 ns, Total: 140898 ns
[2020-09-11T14:44:48.448+0000][1][safepoint    ] Safepoint "Cleanup", Time since last: 1000206793 ns, Reaching safepoint: 148127 ns, At safepoint: 16274 ns, Total: 164401 ns
[2020-09-11T14:44:49.448+0000][1][safepoint    ] Safepoint "Cleanup", Time since last: 1000199164 ns, Reaching safepoint: 128859 ns, At safepoint: 16816 ns, Total: 145675 ns
[2020-09-11T14:44:50.448+0000][1][safepoint    ] Safepoint "Cleanup", Time since last: 1000168653 ns, Reaching safepoint: 127934 ns, At safepoint: 14851 ns, Total: 142785 ns
[2020-09-11T14:44:51.448+0000][1][safepoint    ] Safepoint "Cleanup", Time since last: 1000219614 ns, Reaching safepoint: 107433 ns, At safepoint: 5768 ns, Total: 113201 ns
[2020-09-11T14:44:52.449+0000][1][safepoint    ] Safepoint "Cleanup", Time since last: 1000167868 ns, Reaching safepoint: 96452 ns, At safepoint: 6703 ns, Total: 103155 ns
[2020-09-11T14:44:53.449+0000][1][safepoint    ] Safepoint "Cleanup", Time since last: 1000178713 ns, Reaching safepoint: 95818 ns, At safepoint: 7098 ns, Total: 102916 ns
[2020-09-11T14:44:54.449+0000][1][safepoint    ] Safepoint "Cleanup", Time since last: 1000145072 ns, Reaching safepoint: 116013 ns, At safepoint: 6184 ns, Total: 122197 ns
[2020-09-11T14:44:55.450+0000][1][safepoint    ] Safepoint "Cleanup", Time since last: 1000166247 ns, Reaching safepoint: 129470 ns, At safepoint: 17551 ns, Total: 147021 ns
[2020-09-11T14:44:56.450+0000][1][safepoint    ] Safepoint "Cleanup", Time since last: 1000219030 ns, Reaching safepoint: 95485 ns, At safepoint: 6806 ns, Total: 102291 ns
[2020-09-11T14:44:57.450+0000][1][safepoint    ] Safepoint "Cleanup", Time since last: 1000119966 ns, Reaching safepoint: 70541 ns, At safepoint: 6927 ns, Total: 77468 ns
[2020-09-11T14:44:58.450+0000][1][safepoint    ] Safepoint "Cleanup", Time since last: 1000181423 ns, Reaching safepoint: 91236 ns, At safepoint: 6929 ns, Total: 98165 ns
[2020-09-11T14:44:59.451+0000][1][safepoint    ] Safepoint "Cleanup", Time since last: 1000134302 ns, Reaching safepoint: 107159 ns, At safepoint: 7216 ns, Total: 114375 ns
[2020-09-11T14:45:00.451+0000][1][safepoint    ] Safepoint "Cleanup", Time since last: 1000273628 ns, Reaching safepoint: 88594 ns, At safepoint: 6470 ns, Total: 95064 ns
[2020-09-11T14:45:01.451+0000][1][safepoint    ] Safepoint "Cleanup", Time since last: 1000175824 ns, Reaching safepoint: 129003 ns, At safepoint: 17430 ns, Total: 146433 ns
[2020-09-11T14:45:02.452+0000][1][safepoint    ] Safepoint "Cleanup", Time since last: 1000221466 ns, Reaching safepoint: 118346 ns, At safepoint: 16270 ns, Total: 134616 ns
[2020-09-11T14:45:03.452+0000][1][safepoint    ] Safepoint "Cleanup", Time since last: 1000194581 ns, Reaching safepoint: 123728 ns, At safepoint: 14426 ns, Total: 138154 ns
[2020-09-11T14:45:04.452+0000][1][safepoint    ] Safepoint "Cleanup", Time since last: 1000192308 ns, Reaching safepoint: 161184 ns, At safepoint: 16751 ns, Total: 177935 ns
[2020-09-11T14:45:05.453+0000][1][safepoint    ] Safepoint "Cleanup", Time since last: 1000171913 ns, Reaching safepoint: 146079 ns, At safepoint: 17384 ns, Total: 163463 ns
[2020-09-11T14:45:06.453+0000][1][safepoint    ] Safepoint "Cleanup", Time since last: 1000233888 ns, Reaching safepoint: 88079 ns, At safepoint: 7224 ns, Total: 95303 ns
[2020-09-11T14:45:07.453+0000][1][safepoint    ] Safepoint "Cleanup", Time since last: 1000181807 ns, Reaching safepoint: 80766 ns, At safepoint: 7554 ns, Total: 88320 ns
[2020-09-11T14:45:08.454+0000][1][safepoint    ] Safepoint "Cleanup", Time since last: 1000151756 ns, Reaching safepoint: 112758 ns, At safepoint: 6776 ns, Total: 119534 ns
[2020-09-11T14:45:09.454+0000][1][safepoint    ] Safepoint "Cleanup", Time since last: 1000175460 ns, Reaching safepoint: 111781 ns, At safepoint: 7755 ns, Total: 119536 ns
[2020-09-11T14:45:10.454+0000][1][safepoint    ] Safepoint "Cleanup", Time since last: 1000158072 ns, Reaching safepoint: 130162 ns, At safepoint: 17210 ns, Total: 147372 ns
[2020-09-11T14:45:11.455+0000][1][safepoint    ] Safepoint "Cleanup", Time since last: 1000217247 ns, Reaching safepoint: 119308 ns, At safepoint: 16718 ns, Total: 136026 ns
[2020-09-11T14:45:12.455+0000][1][safepoint    ] Safepoint "Cleanup", Time since last: 1000212255 ns, Reaching safepoint: 117537 ns, At safepoint: 15526 ns, Total: 133063 ns
[2020-09-11T14:45:13.455+0000][1][safepoint    ] Safepoint "Cleanup", Time since last: 1000205784 ns, Reaching safepoint: 123979 ns, At safepoint: 15833 ns, Total: 139812 ns
[2020-09-11T14:45:14.456+0000][1][safepoint    ] Safepoint "Cleanup", Time since last: 1000137774 ns, Reaching safepoint: 76198 ns, At safepoint: 10021 ns, Total: 86219 ns
[2020-09-11T14:45:15.456+0000][1][safepoint    ] Safepoint "Cleanup", Time since last: 1000133927 ns, Reaching safepoint: 116413 ns, At safepoint: 7800 ns, Total: 124213 ns
[2020-09-11T14:45:16.456+0000][1][safepoint    ] Safepoint "Cleanup", Time since last: 1000183813 ns, Reaching safepoint: 138712 ns, At safepoint: 17082 ns, Total: 155794 ns
[2020-09-11T14:45:17.456+0000][1][safepoint    ] Safepoint "Cleanup", Time since last: 1000227623 ns, Reaching safepoint: 125458 ns, At safepoint: 17694 ns, Total: 143152 ns
[2020-09-11T14:45:18.457+0000][1][safepoint    ] Safepoint "Cleanup", Time since last: 1000232479 ns, Reaching safepoint: 91445 ns, At safepoint: 7132 ns, Total: 98577 ns
[2020-09-11T14:45:19.457+0000][1][safepoint    ] Safepoint "Cleanup", Time since last: 1000180420 ns, Reaching safepoint: 129497 ns, At safepoint: 16782 ns, Total: 146279 ns
[2020-09-11T14:45:20.457+0000][1][safepoint    ] Safepoint "Cleanup", Time since last: 1000215942 ns, Reaching safepoint: 130613 ns, At safepoint: 17774 ns, Total: 148387 ns
[2020-09-11T14:45:21.458+0000][1][safepoint    ] Safepoint "Cleanup", Time since last: 1000227496 ns, Reaching safepoint: 111670 ns, At safepoint: 16665 ns, Total: 128335 ns
[2020-09-11T14:45:35.525+0000][1][gc,start     ] GC(89) Pause Young (Allocation Failure)
[2020-09-11T14:45:35.525+0000][1][gc,task      ] GC(89) Using 1 workers of 1 for evacuation
[2020-09-11T14:45:35.530+0000][1][gc,age       ] GC(89) Desired survivor size 4358144 bytes, new threshold 6 (max threshold 6)
[2020-09-11T14:45:35.530+0000][1][gc,age       ] GC(89) Age table with threshold 6 (max threshold 6)
[2020-09-11T14:45:35.530+0000][1][gc,age       ] GC(89) - age   1:      26816 bytes,      26816 total
[2020-09-11T14:45:35.530+0000][1][gc,age       ] GC(89) - age   2:       3024 bytes,      29840 total
[2020-09-11T14:45:35.530+0000][1][gc,age       ] GC(89) - age   3:       2728 bytes,      32568 total
[2020-09-11T14:45:35.530+0000][1][gc,age       ] GC(89) - age   4:       1760 bytes,      34328 total
[2020-09-11T14:45:35.530+0000][1][gc,age       ] GC(89) - age   5:        792 bytes,      35120 total
[2020-09-11T14:45:35.530+0000][1][gc,age       ] GC(89) - age   6:        744 bytes,      35864 total
[2020-09-11T14:45:35.530+0000][1][gc,heap      ] GC(89) ParNew: 68212K->40K(76672K)
[2020-09-11T14:45:35.530+0000][1][gc,heap      ] GC(89) CMS: 69024K->69026K(439104K)
[2020-09-11T14:45:35.530+0000][1][gc,metaspace ] GC(89) Metaspace: 84874K->84874K(1128448K)
[2020-09-11T14:45:35.531+0000][1][gc           ] GC(89) Pause Young (Allocation Failure) 134M->67M(503M) 5.528ms
[2020-09-11T14:45:35.531+0000][1][gc,cpu       ] GC(89) User=0.01s Sys=0.00s Real=0.00s
[2020-09-11T14:45:35.531+0000][1][safepoint    ] Safepoint "GenCollectForAllocation", Time since last: 14066847908 ns, Reaching safepoint: 271032 ns, At safepoint: 5603646 ns, Total: 5874678 ns
[2020-09-11T14:45:36.534+0000][1][safepoint    ] Safepoint "Cleanup", Time since last: 1003382331 ns, Reaching safepoint: 131004 ns, At safepoint: 49323 ns, Total: 180327 ns
[2020-09-11T14:45:37.534+0000][1][safepoint    ] Safepoint "Cleanup", Time since last: 1000214162 ns, Reaching safepoint: 96619 ns, At safepoint: 16669 ns, Total: 113288 ns
[2020-09-11T14:45:38.535+0000][1][safepoint    ] Safepoint "Cleanup", Time since last: 1000154912 ns, Reaching safepoint: 66489 ns, At safepoint: 18271 ns, Total: 84760 ns
[2020-09-11T14:45:39.535+0000][1][safepoint    ] Safepoint "Cleanup", Time since last: 1000171330 ns, Reaching safepoint: 95976 ns, At safepoint: 6866 ns, Total: 102842 ns
[2020-09-11T14:45:40.535+0000][1][safepoint    ] Safepoint "Cleanup", Time since last: 1000126927 ns, Reaching safepoint: 254295 ns, At safepoint: 20273 ns, Total: 274568 ns
[2020-09-11T14:45:41.536+0000][1][safepoint    ] Safepoint "Cleanup", Time since last: 1000280917 ns, Reaching safepoint: 97971 ns, At safepoint: 7221 ns, Total: 105192 ns
[2020-09-11T14:45:42.536+0000][1][safepoint    ] Safepoint "Cleanup", Time since last: 1000177102 ns, Reaching safepoint: 96134 ns, At safepoint: 7305 ns, Total: 103439 ns
[2020-09-11T14:45:43.536+0000][1][safepoint    ] Safepoint "Cleanup", Time since last: 1000162067 ns, Reaching safepoint: 95077 ns, At safepoint: 14929 ns, Total: 110006 ns
[2020-09-11T14:45:44.537+0000][1][safepoint    ] Safepoint "Cleanup", Time since last: 1000181432 ns, Reaching safepoint: 98174 ns, At safepoint: 7274 ns, Total: 105448 ns
[2020-09-11T14:45:45.537+0000][1][safepoint    ] Safepoint "Cleanup", Time since last: 1000138436 ns, Reaching safepoint: 112156 ns, At safepoint: 6410 ns, Total: 118566 ns
[2020-09-11T14:45:46.537+0000][1][safepoint    ] Safepoint "Cleanup", Time since last: 1000156727 ns, Reaching safepoint: 106314 ns, At safepoint: 7662 ns, Total: 113976 ns
[2020-09-11T14:45:47.537+0000][1][safepoint    ] Safepoint "Cleanup", Time since last: 1000194803 ns, Reaching safepoint: 92168 ns, At safepoint: 6785 ns, Total: 98953 ns
[2020-09-11T14:45:48.538+0000][1][safepoint    ] Safepoint "Cleanup", Time since last: 1000200244 ns, Reaching safepoint: 98558 ns, At safepoint: 8043 ns, Total: 106601 ns
[2020-09-11T14:45:49.538+0000][1][safepoint    ] Safepoint "Cleanup", Time since last: 1000200925 ns, Reaching safepoint: 125284 ns, At safepoint: 16592 ns, Total: 141876 ns
[2020-09-11T14:45:50.538+0000][1][safepoint    ] Safepoint "Cleanup", Time since last: 1000172988 ns, Reaching safepoint: 152190 ns, At safepoint: 21235 ns, Total: 173425 ns
[2020-09-11T14:45:51.539+0000][1][safepoint    ] Safepoint "Cleanup", Time since last: 1000226848 ns, Reaching safepoint: 127382 ns, At safepoint: 17510 ns, Total: 144892 ns
[2020-09-11T14:45:52.539+0000][1][safepoint    ] Safepoint "Cleanup", Time since last: 1000221513 ns, Reaching safepoint: 99390 ns, At safepoint: 6957 ns, Total: 106347 ns
[2020-09-11T14:45:53.540+0000][1][safepoint    ] Safepoint "Cleanup", Time since last: 1000216120 ns, Reaching safepoint: 197490 ns, At safepoint: 17290 ns, Total: 214780 ns
[2020-09-11T14:45:54.540+0000][1][safepoint    ] Safepoint "Cleanup", Time since last: 1000274005 ns, Reaching safepoint: 95823 ns, At safepoint: 7714 ns, Total: 103537 ns
[2020-09-11T14:45:55.540+0000][1][safepoint    ] Safepoint "Cleanup", Time since last: 1000188558 ns, Reaching safepoint: 128031 ns, At safepoint: 16972 ns, Total: 145003 ns
[2020-09-11T14:45:56.541+0000][1][safepoint    ] Safepoint "Cleanup", Time since last: 1000252848 ns, Reaching safepoint: 128411 ns, At safepoint: 17911 ns, Total: 146322 ns
[2020-09-11T14:45:57.541+0000][1][safepoint    ] Safepoint "Cleanup", Time since last: 1000268070 ns, Reaching safepoint: 127363 ns, At safepoint: 16143 ns, Total: 143506 ns
[2020-09-11T14:45:58.541+0000][1][safepoint    ] Safepoint "Cleanup", Time since last: 1000225775 ns, Reaching safepoint: 125759 ns, At safepoint: 18012 ns, Total: 143771 ns
[2020-09-11T14:45:59.542+0000][1][safepoint    ] Safepoint "Cleanup", Time since last: 1000225776 ns, Reaching safepoint: 123988 ns, At safepoint: 16899 ns, Total: 140887 ns
[2020-09-11T14:46:00.542+0000][1][safepoint    ] Safepoint "Cleanup", Time since last: 1000168896 ns, Reaching safepoint: 128501 ns, At safepoint: 18276 ns, Total: 146777 ns
[2020-09-11T14:46:01.542+0000][1][safepoint    ] Safepoint "Cleanup", Time since last: 1000211972 ns, Reaching safepoint: 96616 ns, At safepoint: 6563 ns, Total: 103179 ns
[2020-09-11T14:46:02.543+0000][1][safepoint    ] Safepoint "Cleanup", Time since last: 1000147497 ns, Reaching safepoint: 108471 ns, At safepoint: 7315 ns, Total: 115786 ns
[2020-09-11T14:46:03.543+0000][1][safepoint    ] Safepoint "Cleanup", Time since last: 1000147457 ns, Reaching safepoint: 104749 ns, At safepoint: 6569 ns, Total: 111318 ns
[2020-09-11T14:46:04.543+0000][1][safepoint    ] Safepoint "Cleanup", Time since last: 1000146756 ns, Reaching safepoint: 126721 ns, At safepoint: 17049 ns, Total: 143770 ns
[2020-09-11T14:46:05.544+0000][1][safepoint    ] Safepoint "Cleanup", Time since last: 1000204249 ns, Reaching safepoint: 126103 ns, At safepoint: 15486 ns, Total: 141589 ns
[2020-09-11T14:46:06.544+0000][1][safepoint    ] Safepoint "Cleanup", Time since last: 1000179162 ns, Reaching safepoint: 121184 ns, At safepoint: 7603 ns, Total: 128787 ns
[2020-09-11T14:46:07.544+0000][1][safepoint    ] Safepoint "Cleanup", Time since last: 1000138994 ns, Reaching safepoint: 124750 ns, At safepoint: 16521 ns, Total: 141271 ns
[2020-09-11T14:46:08.545+0000][1][safepoint    ] Safepoint "Cleanup", Time since last: 1000236679 ns, Reaching safepoint: 125889 ns, At safepoint: 16405 ns, Total: 142294 ns
[2020-09-11T14:46:09.545+0000][1][safepoint    ] Safepoint "Cleanup", Time since last: 1000216895 ns, Reaching safepoint: 127305 ns, At safepoint: 16555 ns, Total: 143860 ns
[2020-09-11T14:46:10.545+0000][1][safepoint    ] Safepoint "Cleanup", Time since last: 1000220520 ns, Reaching safepoint: 123310 ns, At safepoint: 16995 ns, Total: 140305 ns
[2020-09-11T14:46:11.546+0000][1][safepoint    ] Safepoint "Cleanup", Time since last: 1000238235 ns, Reaching safepoint: 149644 ns, At safepoint: 19949 ns, Total: 169593 ns
[2020-09-11T14:46:12.546+0000][1][safepoint    ] Safepoint "Cleanup", Time since last: 1000246175 ns, Reaching safepoint: 92488 ns, At safepoint: 7898 ns, Total: 100386 ns
[2020-09-11T14:46:13.546+0000][1][safepoint    ] Safepoint "Cleanup", Time since last: 1000169060 ns, Reaching safepoint: 94955 ns, At safepoint: 5746 ns, Total: 100701 ns
[2020-09-11T14:46:14.546+0000][1][safepoint    ] Safepoint "Cleanup", Time since last: 1000113473 ns, Reaching safepoint: 69123 ns, At safepoint: 7554 ns, Total: 76677 ns
[2020-09-11T14:46:15.547+0000][1][safepoint    ] Safepoint "Cleanup", Time since last: 1000183020 ns, Reaching safepoint: 122588 ns, At safepoint: 17053 ns, Total: 139641 ns
[2020-09-11T14:46:16.547+0000][1][safepoint    ] Safepoint "Cleanup", Time since last: 1000239119 ns, Reaching safepoint: 97843 ns, At safepoint: 7242 ns, Total: 105085 ns
[2020-09-11T14:46:17.547+0000][1][safepoint    ] Safepoint "Cleanup", Time since last: 1000180097 ns, Reaching safepoint: 99776 ns, At safepoint: 5799 ns, Total: 105575 ns
[2020-09-11T14:46:18.548+0000][1][safepoint    ] Safepoint "Cleanup", Time since last: 1000193416 ns, Reaching safepoint: 123283 ns, At safepoint: 18105 ns, Total: 141388 ns
[2020-09-11T14:46:19.548+0000][1][safepoint    ] Safepoint "Cleanup", Time since last: 1000216839 ns, Reaching safepoint: 125551 ns, At safepoint: 17404 ns, Total: 142955 ns
[2020-09-11T14:46:20.549+0000][1][safepoint    ] Safepoint "Cleanup", Time since last: 1000212964 ns, Reaching safepoint: 127045 ns, At safepoint: 16989 ns, Total: 144034 ns
[2020-09-11T14:46:21.549+0000][1][safepoint    ] Safepoint "Cleanup", Time since last: 1000237197 ns, Reaching safepoint: 97920 ns, At safepoint: 6907 ns, Total: 104827 ns
[2020-09-11T14:46:22.549+0000][1][safepoint    ] Safepoint "Cleanup", Time since last: 1000150562 ns, Reaching safepoint: 122839 ns, At safepoint: 16471 ns, Total: 139310 ns
[2020-09-11T14:46:23.550+0000][1][safepoint    ] Safepoint "Cleanup", Time since last: 1000228079 ns, Reaching safepoint: 134412 ns, At safepoint: 15659 ns, Total: 150071 ns
[2020-09-11T14:46:24.550+0000][1][safepoint    ] Safepoint "Cleanup", Time since last: 1000178819 ns, Reaching safepoint: 110201 ns, At safepoint: 6763 ns, Total: 116964 ns
[2020-09-11T14:46:25.550+0000][1][safepoint    ] Safepoint "Cleanup", Time since last: 1000172013 ns, Reaching safepoint: 92302 ns, At safepoint: 6572 ns, Total: 98874 ns
[2020-09-11T14:46:26.550+0000][1][safepoint    ] Safepoint "Cleanup", Time since last: 1000178731 ns, Reaching safepoint: 94666 ns, At safepoint: 6997 ns, Total: 101663 ns
[2020-09-11T14:46:27.551+0000][1][safepoint    ] Safepoint "Cleanup", Time since last: 1000188084 ns, Reaching safepoint: 88738 ns, At safepoint: 6555 ns, Total: 95293 ns
[2020-09-11T14:46:28.551+0000][1][safepoint    ] Safepoint "Cleanup", Time since last: 1000178461 ns, Reaching safepoint: 92617 ns, At safepoint: 7539 ns, Total: 100156 ns
[2020-09-11T14:46:29.552+0000][1][safepoint    ] Safepoint "Cleanup", Time since last: 1000727114 ns, Reaching safepoint: 68239 ns, At safepoint: 6667 ns, Total: 74906 ns
[2020-09-11T14:46:30.552+0000][1][safepoint    ] Safepoint "Cleanup", Time since last: 1000173310 ns, Reaching safepoint: 120176 ns, At safepoint: 16949 ns, Total: 137125 ns
[2020-09-11T14:46:31.552+0000][1][safepoint    ] Safepoint "Cleanup", Time since last: 1000204373 ns, Reaching safepoint: 123016 ns, At safepoint: 16939 ns, Total: 139955 ns
[2020-09-11T14:46:32.553+0000][1][safepoint    ] Safepoint "Cleanup", Time since last: 1000224852 ns, Reaching safepoint: 119601 ns, At safepoint: 17136 ns, Total: 136737 ns
[2020-09-11T14:46:33.553+0000][1][safepoint    ] Safepoint "Cleanup", Time since last: 1000215190 ns, Reaching safepoint: 91894 ns, At safepoint: 6198 ns, Total: 98092 ns
[2020-09-11T14:46:34.553+0000][1][safepoint    ] Safepoint "Cleanup", Time since last: 1000180575 ns, Reaching safepoint: 129363 ns, At safepoint: 17427 ns, Total: 146790 ns
[2020-09-11T14:46:35.554+0000][1][safepoint    ] Safepoint "Cleanup", Time since last: 1000216156 ns, Reaching safepoint: 120607 ns, At safepoint: 16050 ns, Total: 136657 ns
[2020-09-11T14:46:36.554+0000][1][safepoint    ] Safepoint "Cleanup", Time since last: 1000215767 ns, Reaching safepoint: 88722 ns, At safepoint: 7257 ns, Total: 95979 ns
[2020-09-11T14:46:37.434+0000][1][gc,start     ] GC(90) Pause Young (Allocation Failure)
[2020-09-11T14:46:37.434+0000][1][gc,task      ] GC(90) Using 1 workers of 1 for evacuation
[2020-09-11T14:46:37.438+0000][1][gc,age       ] GC(90) Desired survivor size 4358144 bytes, new threshold 6 (max threshold 6)
[2020-09-11T14:46:37.438+0000][1][gc,age       ] GC(90) Age table with threshold 6 (max threshold 6)
[2020-09-11T14:46:37.438+0000][1][gc,age       ] GC(90) - age   1:      28040 bytes,      28040 total
[2020-09-11T14:46:37.438+0000][1][gc,age       ] GC(90) - age   2:       2144 bytes,      30184 total
[2020-09-11T14:46:37.438+0000][1][gc,age       ] GC(90) - age   3:        544 bytes,      30728 total
[2020-09-11T14:46:37.438+0000][1][gc,age       ] GC(90) - age   4:       2728 bytes,      33456 total
[2020-09-11T14:46:37.438+0000][1][gc,age       ] GC(90) - age   5:       1760 bytes,      35216 total
[2020-09-11T14:46:37.438+0000][1][gc,age       ] GC(90) - age   6:        792 bytes,      36008 total
[2020-09-11T14:46:37.438+0000][1][gc,heap      ] GC(90) ParNew: 68189K->36K(76672K)
[2020-09-11T14:46:37.438+0000][1][gc,heap      ] GC(90) CMS: 69026K->69027K(439104K)
[2020-09-11T14:46:37.438+0000][1][gc,metaspace ] GC(90) Metaspace: 84891K->84891K(1128448K)
[2020-09-11T14:46:37.438+0000][1][gc           ] GC(90) Pause Young (Allocation Failure) 133M->67M(503M) 3.836ms
[2020-09-11T14:46:37.438+0000][1][gc,cpu       ] GC(90) User=0.00s Sys=0.00s Real=0.01s
[2020-09-11T14:46:37.438+0000][1][safepoint    ] Safepoint "GenCollectForAllocation", Time since last: 879780852 ns, Reaching safepoint: 63604 ns, At safepoint: 3891951 ns, Total: 3955555 ns
[2020-09-11T14:46:38.439+0000][1][safepoint    ] Safepoint "Cleanup", Time since last: 1000786578 ns, Reaching safepoint: 90303 ns, At safepoint: 19029 ns, Total: 109332 ns
[2020-09-11T14:46:39.439+0000][1][safepoint    ] Safepoint "Cleanup", Time since last: 1000169743 ns, Reaching safepoint: 117580 ns, At safepoint: 45645 ns, Total: 163225 ns
[2020-09-11T14:46:57.442+0000][1][safepoint    ] Safepoint "Cleanup", Time since last: 18002401271 ns, Reaching safepoint: 155371 ns, At safepoint: 19671 ns, Total: 175042 ns
[2020-09-11T14:47:02.443+0000][1][safepoint    ] Safepoint "Cleanup", Time since last: 5000762108 ns, Reaching safepoint: 131966 ns, At safepoint: 17093 ns, Total: 149059 ns
[2020-09-11T14:47:03.443+0000][1][safepoint    ] Safepoint "Cleanup", Time since last: 1000238057 ns, Reaching safepoint: 124212 ns, At safepoint: 16004 ns, Total: 140216 ns
[2020-09-11T14:47:04.443+0000][1][safepoint    ] Safepoint "Cleanup", Time since last: 1000189950 ns, Reaching safepoint: 132073 ns, At safepoint: 17090 ns, Total: 149163 ns
[2020-09-11T14:47:05.444+0000][1][safepoint    ] Safepoint "Cleanup", Time since last: 1000223642 ns, Reaching safepoint: 152447 ns, At safepoint: 15482 ns, Total: 167929 ns
[2020-09-11T14:47:06.444+0000][1][safepoint    ] Safepoint "Cleanup", Time since last: 1000231001 ns, Reaching safepoint: 110051 ns, At safepoint: 8109 ns, Total: 118160 ns
[2020-09-11T14:47:07.444+0000][1][safepoint    ] Safepoint "Cleanup", Time since last: 1000162682 ns, Reaching safepoint: 100756 ns, At safepoint: 7105 ns, Total: 107861 ns
[2020-09-11T14:47:08.445+0000][1][safepoint    ] Safepoint "Cleanup", Time since last: 1000178612 ns, Reaching safepoint: 99939 ns, At safepoint: 7437 ns, Total: 107376 ns
[2020-09-11T14:47:09.445+0000][1][safepoint    ] Safepoint "Cleanup", Time since last: 1000205403 ns, Reaching safepoint: 131893 ns, At safepoint: 17146 ns, Total: 149039 ns
[2020-09-11T14:47:10.445+0000][1][safepoint    ] Safepoint "Cleanup", Time since last: 1000233832 ns, Reaching safepoint: 131826 ns, At safepoint: 17781 ns, Total: 149607 ns
[2020-09-11T14:47:11.446+0000][1][safepoint    ] Safepoint "Cleanup", Time since last: 1000234260 ns, Reaching safepoint: 92012 ns, At safepoint: 7151 ns, Total: 99163 ns
[2020-09-11T14:47:12.446+0000][1][safepoint    ] Safepoint "Cleanup", Time since last: 1000184408 ns, Reaching safepoint: 130476 ns, At safepoint: 17634 ns, Total: 148110 ns
[2020-09-11T14:47:13.446+0000][1][safepoint    ] Safepoint "Cleanup", Time since last: 1000237580 ns, Reaching safepoint: 90694 ns, At safepoint: 6248 ns, Total: 96942 ns
[2020-09-11T14:47:14.447+0000][1][safepoint    ] Safepoint "Cleanup", Time since last: 1000185236 ns, Reaching safepoint: 96157 ns, At safepoint: 7535 ns, Total: 103692 ns
[2020-09-11T14:47:15.447+0000][1][safepoint    ] Safepoint "Cleanup", Time since last: 1000200143 ns, Reaching safepoint: 97009 ns, At safepoint: 7015 ns, Total: 104024 ns
[2020-09-11T14:47:16.447+0000][1][safepoint    ] Safepoint "Cleanup", Time since last: 1000186902 ns, Reaching safepoint: 129705 ns, At safepoint: 16671 ns, Total: 146376 ns
[2020-09-11T14:47:17.448+0000][1][safepoint    ] Safepoint "Cleanup", Time since last: 1000254470 ns, Reaching safepoint: 129394 ns, At safepoint: 16568 ns, Total: 145962 ns
[2020-09-11T14:47:18.448+0000][1][safepoint    ] Safepoint "Cleanup", Time since last: 1000252675 ns, Reaching safepoint: 131245 ns, At safepoint: 17524 ns, Total: 148769 ns
[2020-09-11T14:47:19.448+0000][1][safepoint    ] Safepoint "Cleanup", Time since last: 1000202027 ns, Reaching safepoint: 109042 ns, At safepoint: 6340 ns, Total: 115382 ns
[2020-09-11T14:47:20.449+0000][1][safepoint    ] Safepoint "Cleanup", Time since last: 1000126488 ns, Reaching safepoint: 121385 ns, At safepoint: 15883 ns, Total: 137268 ns
[2020-09-11T14:47:21.450+0000][1][safepoint    ] Safepoint "Cleanup", Time since last: 1001256481 ns, Reaching safepoint: 97132 ns, At safepoint: 7552 ns, Total: 104684 ns
[2020-09-11T14:47:22.450+0000][1][safepoint    ] Safepoint "Cleanup", Time since last: 1000196919 ns, Reaching safepoint: 129247 ns, At safepoint: 18108 ns, Total: 147355 ns
[2020-09-11T14:47:23.451+0000][1][safepoint    ] Safepoint "Cleanup", Time since last: 1000208109 ns, Reaching safepoint: 94279 ns, At safepoint: 6473 ns, Total: 100752 ns
[2020-09-11T14:47:24.451+0000][1][safepoint    ] Safepoint "Cleanup", Time since last: 1000191926 ns, Reaching safepoint: 97289 ns, At safepoint: 7790 ns, Total: 105079 ns
[2020-09-11T14:47:25.451+0000][1][safepoint    ] Safepoint "Cleanup", Time since last: 1000193353 ns, Reaching safepoint: 183552 ns, At safepoint: 20096 ns, Total: 203648 ns
[2020-09-11T14:47:26.548+0000][1][safepoint    ] Safepoint "Cleanup", Time since last: 1096279487 ns, Reaching safepoint: 97823 ns, At safepoint: 7351 ns, Total: 105174 ns
[2020-09-11T14:47:27.548+0000][1][safepoint    ] Safepoint "Cleanup", Time since last: 1000140393 ns, Reaching safepoint: 129434 ns, At safepoint: 16297 ns, Total: 145731 ns
[2020-09-11T14:47:36.549+0000][1][safepoint    ] Safepoint "Cleanup", Time since last: 9001068054 ns, Reaching safepoint: 99154 ns, At safepoint: 7501 ns, Total: 106655 ns
[2020-09-11T14:47:40.760+0000][1][gc,start     ] GC(91) Pause Young (Allocation Failure)
[2020-09-11T14:47:40.760+0000][1][gc,task      ] GC(91) Using 1 workers of 1 for evacuation
[2020-09-11T14:47:40.765+0000][1][gc,age       ] GC(91) Desired survivor size 4358144 bytes, new threshold 6 (max threshold 6)
[2020-09-11T14:47:40.765+0000][1][gc,age       ] GC(91) Age table with threshold 6 (max threshold 6)
[2020-09-11T14:47:40.765+0000][1][gc,age       ] GC(91) - age   1:      27056 bytes,      27056 total
[2020-09-11T14:47:40.765+0000][1][gc,age       ] GC(91) - age   2:       4536 bytes,      31592 total
[2020-09-11T14:47:40.765+0000][1][gc,age       ] GC(91) - age   3:        904 bytes,      32496 total
[2020-09-11T14:47:40.765+0000][1][gc,age       ] GC(91) - age   4:        544 bytes,      33040 total
[2020-09-11T14:47:40.765+0000][1][gc,age       ] GC(91) - age   5:       2728 bytes,      35768 total
[2020-09-11T14:47:40.765+0000][1][gc,age       ] GC(91) - age   6:       1760 bytes,      37528 total
[2020-09-11T14:47:40.765+0000][1][gc,heap      ] GC(91) ParNew: 68196K->70K(76672K)
[2020-09-11T14:47:40.765+0000][1][gc,heap      ] GC(91) CMS: 69027K->69027K(439104K)
[2020-09-11T14:47:40.765+0000][1][gc,metaspace ] GC(91) Metaspace: 84895K->84895K(1128448K)
[2020-09-11T14:47:40.765+0000][1][gc           ] GC(91) Pause Young (Allocation Failure) 134M->67M(503M) 4.761ms
[2020-09-11T14:47:40.765+0000][1][gc,cpu       ] GC(91) User=0.00s Sys=0.00s Real=0.01s
[2020-09-11T14:47:40.765+0000][1][safepoint    ] Safepoint "GenCollectForAllocation", Time since last: 4210496092 ns, Reaching safepoint: 234842 ns, At safepoint: 4832101 ns, Total: 5066943 ns
[2020-09-11T14:47:41.768+0000][1][safepoint    ] Safepoint "Cleanup", Time since last: 1002959110 ns, Reaching safepoint: 126183 ns, At safepoint: 41315 ns, Total: 167498 ns
[2020-09-11T14:47:42.768+0000][1][safepoint    ] Safepoint "Cleanup", Time since last: 1000204680 ns, Reaching safepoint: 224974 ns, At safepoint: 40446 ns, Total: 265420 ns
[2020-09-11T14:47:43.769+0000][1][safepoint    ] Safepoint "Cleanup", Time since last: 1000185064 ns, Reaching safepoint: 105091 ns, At safepoint: 16766 ns, Total: 121857 ns
[2020-09-11T14:47:44.769+0000][1][safepoint    ] Safepoint "Cleanup", Time since last: 1000171252 ns, Reaching safepoint: 227920 ns, At safepoint: 42110 ns, Total: 270030 ns
[2020-09-11T14:47:45.769+0000][1][safepoint    ] Safepoint "Cleanup", Time since last: 1000170434 ns, Reaching safepoint: 209739 ns, At safepoint: 17574 ns, Total: 227313 ns
[2020-09-11T14:47:46.770+0000][1][safepoint    ] Safepoint "Cleanup", Time since last: 1000164745 ns, Reaching safepoint: 115830 ns, At safepoint: 13872 ns, Total: 129702 ns
[2020-09-11T14:47:47.770+0000][1][safepoint    ] Safepoint "Cleanup", Time since last: 1000230749 ns, Reaching safepoint: 121893 ns, At safepoint: 17200 ns, Total: 139093 ns
[2020-09-11T14:47:48.770+0000][1][safepoint    ] Safepoint "Cleanup", Time since last: 1000227067 ns, Reaching safepoint: 98396 ns, At safepoint: 6350 ns, Total: 104746 ns
[2020-09-11T14:47:49.771+0000][1][safepoint    ] Safepoint "Cleanup", Time since last: 1000179220 ns, Reaching safepoint: 92021 ns, At safepoint: 7965 ns, Total: 99986 ns
[2020-09-11T14:47:50.771+0000][1][safepoint    ] Safepoint "Cleanup", Time since last: 1000123173 ns, Reaching safepoint: 66636 ns, At safepoint: 6031 ns, Total: 72667 ns
[2020-09-11T14:47:51.771+0000][1][safepoint    ] Safepoint "Cleanup", Time since last: 1000184797 ns, Reaching safepoint: 96319 ns, At safepoint: 6993 ns, Total: 103312 ns
[2020-09-11T14:47:52.772+0000][1][safepoint    ] Safepoint "Cleanup", Time since last: 1000183136 ns, Reaching safepoint: 149821 ns, At safepoint: 16491 ns, Total: 166312 ns
[2020-09-11T14:47:53.772+0000][1][safepoint    ] Safepoint "Cleanup", Time since last: 1000236052 ns, Reaching safepoint: 124730 ns, At safepoint: 17784 ns, Total: 142514 ns
[2020-09-11T14:47:54.772+0000][1][safepoint    ] Safepoint "Cleanup", Time since last: 1000197514 ns, Reaching safepoint: 131933 ns, At safepoint: 17193 ns, Total: 149126 ns
[2020-09-11T14:47:55.773+0000][1][safepoint    ] Safepoint "Cleanup", Time since last: 1000229967 ns, Reaching safepoint: 122735 ns, At safepoint: 17353 ns, Total: 140088 ns
[2020-09-11T14:47:56.773+0000][1][safepoint    ] Safepoint "Cleanup", Time since last: 1000233830 ns, Reaching safepoint: 93548 ns, At safepoint: 6771 ns, Total: 100319 ns
[2020-09-11T14:47:57.773+0000][1][safepoint    ] Safepoint "Cleanup", Time since last: 1000143302 ns, Reaching safepoint: 84304 ns, At safepoint: 7832 ns, Total: 92136 ns
[2020-09-11T14:47:58.773+0000][1][safepoint    ] Safepoint "Cleanup", Time since last: 1000207101 ns, Reaching safepoint: 74902 ns, At safepoint: 6717 ns, Total: 81619 ns
[2020-09-11T14:47:59.774+0000][1][safepoint    ] Safepoint "Cleanup", Time since last: 1000187445 ns, Reaching safepoint: 87810 ns, At safepoint: 7186 ns, Total: 94996 ns
[2020-09-11T14:48:00.774+0000][1][safepoint    ] Safepoint "Cleanup", Time since last: 1000202461 ns, Reaching safepoint: 93127 ns, At safepoint: 6616 ns, Total: 99743 ns
[2020-09-11T14:48:01.774+0000][1][safepoint    ] Safepoint "Cleanup", Time since last: 1000138765 ns, Reaching safepoint: 108863 ns, At safepoint: 6788 ns, Total: 115651 ns
[2020-09-11T14:48:02.775+0000][1][safepoint    ] Safepoint "Cleanup", Time since last: 1000195260 ns, Reaching safepoint: 95704 ns, At safepoint: 6780 ns, Total: 102484 ns
[2020-09-11T14:48:03.775+0000][1][safepoint    ] Safepoint "Cleanup", Time since last: 1000158308 ns, Reaching safepoint: 122120 ns, At safepoint: 16057 ns, Total: 138177 ns
[2020-09-11T14:48:04.775+0000][1][safepoint    ] Safepoint "Cleanup", Time since last: 1000210939 ns, Reaching safepoint: 124717 ns, At safepoint: 16033 ns, Total: 140750 ns
[2020-09-11T14:48:05.776+0000][1][safepoint    ] Safepoint "Cleanup", Time since last: 1000219066 ns, Reaching safepoint: 123387 ns, At safepoint: 17052 ns, Total: 140439 ns
[2020-09-11T14:48:06.776+0000][1][safepoint    ] Safepoint "Cleanup", Time since last: 1000241598 ns, Reaching safepoint: 91637 ns, At safepoint: 6620 ns, Total: 98257 ns
[2020-09-11T14:48:07.776+0000][1][safepoint    ] Safepoint "Cleanup", Time since last: 1000197707 ns, Reaching safepoint: 94364 ns, At safepoint: 7420 ns, Total: 101784 ns
[2020-09-11T14:48:08.777+0000][1][safepoint    ] Safepoint "Cleanup", Time since last: 1000179260 ns, Reaching safepoint: 93097 ns, At safepoint: 7793 ns, Total: 100890 ns
[2020-09-11T14:48:09.777+0000][1][safepoint    ] Safepoint "Cleanup", Time since last: 1000202162 ns, Reaching safepoint: 90235 ns, At safepoint: 7223 ns, Total: 97458 ns
[2020-09-11T14:48:10.777+0000][1][safepoint    ] Safepoint "Cleanup", Time since last: 1000202047 ns, Reaching safepoint: 125385 ns, At safepoint: 16985 ns, Total: 142370 ns
[2020-09-11T14:48:34.781+0000][1][safepoint    ] Safepoint "Cleanup", Time since last: 24003216719 ns, Reaching safepoint: 102980 ns, At safepoint: 6579 ns, Total: 109559 ns
[2020-09-11T14:48:41.782+0000][1][safepoint    ] Safepoint "Cleanup", Time since last: 7000995177 ns, Reaching safepoint: 85646 ns, At safepoint: 6513 ns, Total: 92159 ns
[2020-09-11T14:48:42.782+0000][1][safepoint    ] Safepoint "Cleanup", Time since last: 1000209989 ns, Reaching safepoint: 129835 ns, At safepoint: 16591 ns, Total: 146426 ns
[2020-09-11T14:48:45.877+0000][1][gc,start     ] GC(92) Pause Young (Allocation Failure)
[2020-09-11T14:48:45.877+0000][1][gc,task      ] GC(92) Using 1 workers of 1 for evacuation
[2020-09-11T14:48:45.884+0000][1][gc,age       ] GC(92) Desired survivor size 4358144 bytes, new threshold 6 (max threshold 6)
[2020-09-11T14:48:45.884+0000][1][gc,age       ] GC(92) Age table with threshold 6 (max threshold 6)
[2020-09-11T14:48:45.884+0000][1][gc,age       ] GC(92) - age   1:      26176 bytes,      26176 total
[2020-09-11T14:48:45.884+0000][1][gc,age       ] GC(92) - age   2:       2112 bytes,      28288 total
[2020-09-11T14:48:45.884+0000][1][gc,age       ] GC(92) - age   3:       2056 bytes,      30344 total
[2020-09-11T14:48:45.884+0000][1][gc,age       ] GC(92) - age   4:        904 bytes,      31248 total
[2020-09-11T14:48:45.884+0000][1][gc,age       ] GC(92) - age   5:        544 bytes,      31792 total
[2020-09-11T14:48:45.884+0000][1][gc,age       ] GC(92) - age   6:       2728 bytes,      34520 total
[2020-09-11T14:48:45.884+0000][1][gc,heap      ] GC(92) ParNew: 68230K->45K(76672K)
[2020-09-11T14:48:45.884+0000][1][gc,heap      ] GC(92) CMS: 69027K->69029K(439104K)
[2020-09-11T14:48:45.884+0000][1][gc,metaspace ] GC(92) Metaspace: 84900K->84900K(1128448K)
[2020-09-11T14:48:45.884+0000][1][gc           ] GC(92) Pause Young (Allocation Failure) 134M->67M(503M) 6.825ms
[2020-09-11T14:48:45.884+0000][1][gc,cpu       ] GC(92) User=0.01s Sys=0.00s Real=0.01s
[2020-09-11T14:48:45.884+0000][1][safepoint    ] Safepoint "GenCollectForAllocation", Time since last: 3095030215 ns, Reaching safepoint: 240903 ns, At safepoint: 6900451 ns, Total: 7141354 ns
[2020-09-11T14:48:57.889+0000][1][safepoint    ] Safepoint "Cleanup", Time since last: 12004472024 ns, Reaching safepoint: 101014 ns, At safepoint: 8203 ns, Total: 109217 ns
[2020-09-11T14:49:15.891+0000][1][safepoint    ] Safepoint "Cleanup", Time since last: 18002688196 ns, Reaching safepoint: 69410 ns, At safepoint: 7106 ns, Total: 76516 ns
[2020-09-11T14:49:16.892+0000][1][safepoint    ] Safepoint "Cleanup", Time since last: 1000164984 ns, Reaching safepoint: 119270 ns, At safepoint: 7529 ns, Total: 126799 ns
[2020-09-11T14:49:17.892+0000][1][safepoint    ] Safepoint "Cleanup", Time since last: 1000164535 ns, Reaching safepoint: 115034 ns, At safepoint: 7420 ns, Total: 122454 ns
[2020-09-11T14:49:18.892+0000][1][safepoint    ] Safepoint "Cleanup", Time since last: 1000186378 ns, Reaching safepoint: 130670 ns, At safepoint: 17216 ns, Total: 147886 ns
[2020-09-11T14:49:19.893+0000][1][safepoint    ] Safepoint "Cleanup", Time since last: 1000231460 ns, Reaching safepoint: 125271 ns, At safepoint: 17394 ns, Total: 142665 ns
[2020-09-11T14:49:20.893+0000][1][safepoint    ] Safepoint "Cleanup", Time since last: 1000221833 ns, Reaching safepoint: 124483 ns, At safepoint: 17273 ns, Total: 141756 ns
[2020-09-11T14:49:21.893+0000][1][safepoint    ] Safepoint "Cleanup", Time since last: 1000219899 ns, Reaching safepoint: 125269 ns, At safepoint: 7404 ns, Total: 132673 ns
[2020-09-11T14:49:22.894+0000][1][safepoint    ] Safepoint "Cleanup", Time since last: 1000142287 ns, Reaching safepoint: 133003 ns, At safepoint: 17109 ns, Total: 150112 ns
[2020-09-11T14:49:23.894+0000][1][safepoint    ] Safepoint "Cleanup", Time since last: 1000230951 ns, Reaching safepoint: 130530 ns, At safepoint: 17066 ns, Total: 147596 ns
[2020-09-11T14:49:24.894+0000][1][safepoint    ] Safepoint "Cleanup", Time since last: 1000211610 ns, Reaching safepoint: 105316 ns, At safepoint: 7459 ns, Total: 112775 ns
[2020-09-11T14:49:25.895+0000][1][safepoint    ] Safepoint "Cleanup", Time since last: 1000190929 ns, Reaching safepoint: 94117 ns, At safepoint: 7891 ns, Total: 102008 ns
[2020-09-11T14:49:26.895+0000][1][safepoint    ] Safepoint "Cleanup", Time since last: 1000211264 ns, Reaching safepoint: 98799 ns, At safepoint: 7826 ns, Total: 106625 ns
[2020-09-11T14:49:27.895+0000][1][safepoint    ] Safepoint "Cleanup", Time since last: 1000184819 ns, Reaching safepoint: 156953 ns, At safepoint: 16341 ns, Total: 173294 ns
[2020-09-11T14:49:28.896+0000][1][safepoint    ] Safepoint "Cleanup", Time since last: 1000228637 ns, Reaching safepoint: 138094 ns, At safepoint: 19037 ns, Total: 157131 ns
[2020-09-11T14:49:29.896+0000][1][safepoint    ] Safepoint "Cleanup", Time since last: 1000198856 ns, Reaching safepoint: 135905 ns, At safepoint: 16922 ns, Total: 152827 ns
[2020-09-11T14:49:30.897+0000][1][safepoint    ] Safepoint "Cleanup", Time since last: 1000236598 ns, Reaching safepoint: 133601 ns, At safepoint: 17406 ns, Total: 151007 ns
[2020-09-11T14:49:31.897+0000][1][safepoint    ] Safepoint "Cleanup", Time since last: 1000236921 ns, Reaching safepoint: 93702 ns, At safepoint: 7617 ns, Total: 101319 ns
[2020-09-11T14:49:32.897+0000][1][safepoint    ] Safepoint "Cleanup", Time since last: 1000167330 ns, Reaching safepoint: 126177 ns, At safepoint: 17079 ns, Total: 143256 ns
[2020-09-11T14:49:33.898+0000][1][safepoint    ] Safepoint "Cleanup", Time since last: 1000227948 ns, Reaching safepoint: 130664 ns, At safepoint: 17807 ns, Total: 148471 ns
[2020-09-11T14:49:34.898+0000][1][safepoint    ] Safepoint "Cleanup", Time since last: 1000227892 ns, Reaching safepoint: 131341 ns, At safepoint: 17855 ns, Total: 149196 ns
[2020-09-11T14:49:35.898+0000][1][safepoint    ] Safepoint "Cleanup", Time since last: 1000229210 ns, Reaching safepoint: 135227 ns, At safepoint: 17998 ns, Total: 153225 ns
[2020-09-11T14:49:36.899+0000][1][safepoint    ] Safepoint "Cleanup", Time since last: 1000188513 ns, Reaching safepoint: 106017 ns, At safepoint: 7313 ns, Total: 113330 ns
[2020-09-11T14:49:37.899+0000][1][safepoint    ] Safepoint "Cleanup", Time since last: 1000205653 ns, Reaching safepoint: 88262 ns, At safepoint: 7852 ns, Total: 96114 ns
[2020-09-11T14:49:38.899+0000][1][safepoint    ] Safepoint "Cleanup", Time since last: 1000153386 ns, Reaching safepoint: 147269 ns, At safepoint: 17136 ns, Total: 164405 ns
[2020-09-11T14:49:39.925+0000][1][safepoint    ] Safepoint "Cleanup", Time since last: 1000166024 ns, Reaching safepoint: 25771340 ns, At safepoint: 22843 ns, Total: 25794183 ns
[2020-09-11T14:49:40.926+0000][1][safepoint    ] Safepoint "Cleanup", Time since last: 1000249791 ns, Reaching safepoint: 101025 ns, At safepoint: 7283 ns, Total: 108308 ns
[2020-09-11T14:49:50.965+0000][1][gc,start     ] GC(93) Pause Young (Allocation Failure)
[2020-09-11T14:49:50.965+0000][1][gc,task      ] GC(93) Using 1 workers of 1 for evacuation
[2020-09-11T14:49:50.969+0000][1][gc,age       ] GC(93) Desired survivor size 4358144 bytes, new threshold 6 (max threshold 6)
[2020-09-11T14:49:50.970+0000][1][gc,age       ] GC(93) Age table with threshold 6 (max threshold 6)
[2020-09-11T14:49:50.970+0000][1][gc,age       ] GC(93) - age   1:      27504 bytes,      27504 total
[2020-09-11T14:49:50.970+0000][1][gc,age       ] GC(93) - age   2:       1496 bytes,      29000 total
[2020-09-11T14:49:50.970+0000][1][gc,age       ] GC(93) - age   3:        752 bytes,      29752 total
[2020-09-11T14:49:50.970+0000][1][gc,age       ] GC(93) - age   4:       2056 bytes,      31808 total
[2020-09-11T14:49:50.970+0000][1][gc,age       ] GC(93) - age   5:        904 bytes,      32712 total
[2020-09-11T14:49:50.970+0000][1][gc,age       ] GC(93) - age   6:        544 bytes,      33256 total
[2020-09-11T14:49:50.970+0000][1][gc,heap      ] GC(93) ParNew: 68205K->61K(76672K)
[2020-09-11T14:49:50.970+0000][1][gc,heap      ] GC(93) CMS: 69029K->69032K(439104K)
[2020-09-11T14:49:50.970+0000][1][gc,metaspace ] GC(93) Metaspace: 84909K->84909K(1128448K)
[2020-09-11T14:49:50.970+0000][1][gc           ] GC(93) Pause Young (Allocation Failure) 134M->67M(503M) 4.333ms
[2020-09-11T14:49:50.970+0000][1][gc,cpu       ] GC(93) User=0.00s Sys=0.00s Real=0.00s
[2020-09-11T14:49:50.970+0000][1][safepoint    ] Safepoint "GenCollectForAllocation", Time since last: 10039512308 ns, Reaching safepoint: 191482 ns, At safepoint: 4395922 ns, Total: 4587404 ns
[2020-09-11T14:49:54.972+0000][1][safepoint    ] Safepoint "Cleanup", Time since last: 4002246288 ns, Reaching safepoint: 116961 ns, At safepoint: 7184 ns, Total: 124145 ns
[2020-09-11T14:50:04.973+0000][1][safepoint    ] Safepoint "Cleanup", Time since last: 10000883359 ns, Reaching safepoint: 83804 ns, At safepoint: 8780 ns, Total: 92584 ns
[2020-09-11T14:50:05.973+0000][1][safepoint    ] Safepoint "Cleanup", Time since last: 1000116554 ns, Reaching safepoint: 73579 ns, At safepoint: 7921 ns, Total: 81500 ns
[2020-09-11T14:50:18.974+0000][1][safepoint    ] Safepoint "Cleanup", Time since last: 13001054919 ns, Reaching safepoint: 77641 ns, At safepoint: 7682 ns, Total: 85323 ns
[2020-09-11T14:50:19.975+0000][1][safepoint    ] Safepoint "Cleanup", Time since last: 1000135639 ns, Reaching safepoint: 71036 ns, At safepoint: 8667 ns, Total: 79703 ns
[2020-09-11T14:50:20.975+0000][1][safepoint    ] Safepoint "Cleanup", Time since last: 1000118648 ns, Reaching safepoint: 68769 ns, At safepoint: 8499 ns, Total: 77268 ns
[2020-09-11T14:50:21.975+0000][1][safepoint    ] Safepoint "Cleanup", Time since last: 1000113750 ns, Reaching safepoint: 67631 ns, At safepoint: 6818 ns, Total: 74449 ns
[2020-09-11T14:50:22.975+0000][1][safepoint    ] Safepoint "Cleanup", Time since last: 1000108928 ns, Reaching safepoint: 69197 ns, At safepoint: 7649 ns, Total: 76846 ns
[2020-09-11T14:50:23.975+0000][1][safepoint    ] Safepoint "Cleanup", Time since last: 1000104911 ns, Reaching safepoint: 75953 ns, At safepoint: 6088 ns, Total: 82041 ns
[2020-09-11T14:50:24.976+0000][1][safepoint    ] Safepoint "Cleanup", Time since last: 1000132988 ns, Reaching safepoint: 68059 ns, At safepoint: 8731 ns, Total: 76790 ns
[2020-09-11T14:50:25.976+0000][1][safepoint    ] Safepoint "Cleanup", Time since last: 1000108496 ns, Reaching safepoint: 66861 ns, At safepoint: 6242 ns, Total: 73103 ns
[2020-09-11T14:50:26.976+0000][1][safepoint    ] Safepoint "Cleanup", Time since last: 1000101535 ns, Reaching safepoint: 67001 ns, At safepoint: 6732 ns, Total: 73733 ns
[2020-09-11T14:50:27.976+0000][1][safepoint    ] Safepoint "Cleanup", Time since last: 1000125340 ns, Reaching safepoint: 67566 ns, At safepoint: 6812 ns, Total: 74378 ns
[2020-09-11T14:50:28.976+0000][1][safepoint    ] Safepoint "Cleanup", Time since last: 1000111062 ns, Reaching safepoint: 70379 ns, At safepoint: 7137 ns, Total: 77516 ns
[2020-09-11T14:50:29.977+0000][1][safepoint    ] Safepoint "Cleanup", Time since last: 1000121408 ns, Reaching safepoint: 92267 ns, At safepoint: 7524 ns, Total: 99791 ns
[2020-09-11T14:50:30.977+0000][1][safepoint    ] Safepoint "Cleanup", Time since last: 1000099306 ns, Reaching safepoint: 70080 ns, At safepoint: 6658 ns, Total: 76738 ns
[2020-09-11T14:50:31.977+0000][1][safepoint    ] Safepoint "Cleanup", Time since last: 1000116585 ns, Reaching safepoint: 78062 ns, At safepoint: 7498 ns, Total: 85560 ns
[2020-09-11T14:50:32.977+0000][1][safepoint    ] Safepoint "Cleanup", Time since last: 1000122042 ns, Reaching safepoint: 71979 ns, At safepoint: 6697 ns, Total: 78676 ns
[2020-09-11T14:50:33.977+0000][1][safepoint    ] Safepoint "Cleanup", Time since last: 1000129363 ns, Reaching safepoint: 66678 ns, At safepoint: 6530 ns, Total: 73208 ns
[2020-09-11T14:50:34.978+0000][1][safepoint    ] Safepoint "Cleanup", Time since last: 1000119315 ns, Reaching safepoint: 66780 ns, At safepoint: 6813 ns, Total: 73593 ns
[2020-09-11T14:50:35.978+0000][1][safepoint    ] Safepoint "Cleanup", Time since last: 1000107424 ns, Reaching safepoint: 67339 ns, At safepoint: 6764 ns, Total: 74103 ns
[2020-09-11T14:50:36.978+0000][1][safepoint    ] Safepoint "Cleanup", Time since last: 1000122243 ns, Reaching safepoint: 71620 ns, At safepoint: 6664 ns, Total: 78284 ns
[2020-09-11T14:50:37.978+0000][1][safepoint    ] Safepoint "Cleanup", Time since last: 1000113462 ns, Reaching safepoint: 72330 ns, At safepoint: 6414 ns, Total: 78744 ns
[2020-09-11T14:50:38.978+0000][1][safepoint    ] Safepoint "Cleanup", Time since last: 1000118650 ns, Reaching safepoint: 98140 ns, At safepoint: 7797 ns, Total: 105937 ns
[2020-09-11T14:50:39.983+0000][1][safepoint    ] Safepoint "Cleanup", Time since last: 1004441504 ns, Reaching safepoint: 73694 ns, At safepoint: 6589 ns, Total: 80283 ns
[2020-09-11T14:50:40.983+0000][1][safepoint    ] Safepoint "Cleanup", Time since last: 1000113846 ns, Reaching safepoint: 82244 ns, At safepoint: 6528 ns, Total: 88772 ns
[2020-09-11T14:50:41.027+0000][1][gc,start     ] GC(94) Pause Young (Allocation Failure)
[2020-09-11T14:50:41.028+0000][1][gc,task      ] GC(94) Using 1 workers of 1 for evacuation
[2020-09-11T14:50:41.039+0000][1][gc,age       ] GC(94) Desired survivor size 4358144 bytes, new threshold 6 (max threshold 6)
[2020-09-11T14:50:41.039+0000][1][gc,age       ] GC(94) Age table with threshold 6 (max threshold 6)
[2020-09-11T14:50:41.039+0000][1][gc,age       ] GC(94) - age   1:     285840 bytes,     285840 total
[2020-09-11T14:50:41.039+0000][1][gc,age       ] GC(94) - age   2:       1544 bytes,     287384 total
[2020-09-11T14:50:41.039+0000][1][gc,age       ] GC(94) - age   3:        256 bytes,     287640 total
[2020-09-11T14:50:41.039+0000][1][gc,age       ] GC(94) - age   4:        752 bytes,     288392 total
[2020-09-11T14:50:41.039+0000][1][gc,age       ] GC(94) - age   5:       2056 bytes,     290448 total
[2020-09-11T14:50:41.039+0000][1][gc,age       ] GC(94) - age   6:        904 bytes,     291352 total
[2020-09-11T14:50:41.039+0000][1][gc,heap      ] GC(94) ParNew: 68221K->292K(76672K)
[2020-09-11T14:50:41.039+0000][1][gc,heap      ] GC(94) CMS: 69032K->69032K(439104K)
[2020-09-11T14:50:41.039+0000][1][gc,metaspace ] GC(94) Metaspace: 84979K->84979K(1128448K)
[2020-09-11T14:50:41.039+0000][1][gc           ] GC(94) Pause Young (Allocation Failure) 134M->67M(503M) 11.448ms
[2020-09-11T14:50:41.039+0000][1][gc,cpu       ] GC(94) User=0.01s Sys=0.00s Real=0.01s
[2020-09-11T14:50:41.039+0000][1][safepoint    ] Safepoint "GenCollectForAllocation", Time since last: 42793839 ns, Reaching safepoint: 1644467 ns, At safepoint: 11511017 ns, Total: 13155484 ns
[2020-09-11T14:50:42.044+0000][1][safepoint    ] Safepoint "Cleanup", Time since last: 1005396429 ns, Reaching safepoint: 72919 ns, At safepoint: 4690 ns, Total: 77609 ns
[2020-09-11T14:50:43.045+0000][1][safepoint    ] Safepoint "Cleanup", Time since last: 1000156861 ns, Reaching safepoint: 79227 ns, At safepoint: 4964 ns, Total: 84191 ns
[2020-09-11T14:50:43.112+0000][1][safepoint    ] Safepoint "RevokeBias", Time since last: 66062462 ns, Reaching safepoint: 733356 ns, At safepoint: 26876 ns, Total: 760232 ns
[2020-09-11T14:50:43.117+0000][1][safepoint    ] Safepoint "RevokeBias", Time since last: 5121545 ns, Reaching safepoint: 215049 ns, At safepoint: 28245 ns, Total: 243294 ns
[2020-09-11T14:50:43.123+0000][1][safepoint    ] Safepoint "RevokeBias", Time since last: 6159451 ns, Reaching safepoint: 426171 ns, At safepoint: 27182 ns, Total: 453353 ns
[2020-09-11T14:50:43.124+0000][1][safepoint    ] Safepoint "RevokeBias", Time since last: 88021 ns, Reaching safepoint: 766207 ns, At safepoint: 19054 ns, Total: 785261 ns
[2020-09-11T14:50:43.127+0000][1][safepoint    ] Safepoint "RevokeBias", Time since last: 1413689 ns, Reaching safepoint: 1687197 ns, At safepoint: 33995 ns, Total: 1721192 ns
[2020-09-11T14:50:43.130+0000][1][safepoint    ] Safepoint "RevokeBias", Time since last: 743987 ns, Reaching safepoint: 1536352 ns, At safepoint: 29172 ns, Total: 1565524 ns
[2020-09-11T14:50:43.144+0000][1][safepoint    ] Safepoint "RevokeBias", Time since last: 10151042 ns, Reaching safepoint: 3528079 ns, At safepoint: 32862 ns, Total: 3560941 ns
[2020-09-11T14:50:43.152+0000][1][safepoint    ] Safepoint "RevokeBias", Time since last: 4243316 ns, Reaching safepoint: 3716738 ns, At safepoint: 33816 ns, Total: 3750554 ns
[2020-09-11T14:50:43.176+0000][1][safepoint    ] Safepoint "RevokeBias", Time since last: 23912917 ns, Reaching safepoint: 162901 ns, At safepoint: 28391 ns, Total: 191292 ns
[2020-09-11T14:50:43.176+0000][1][safepoint    ] Safepoint "RevokeBias", Time since last: 598985 ns, Reaching safepoint: 171937 ns, At safepoint: 18129 ns, Total: 190066 ns
[2020-09-11T14:50:43.442+0000][1][safepoint    ] Safepoint "RevokeBias", Time since last: 265319485 ns, Reaching safepoint: 75854 ns, At safepoint: 23778 ns, Total: 99632 ns
[2020-09-11T14:50:44.442+0000][1][safepoint    ] Safepoint "Cleanup", Time since last: 1000110078 ns, Reaching safepoint: 91841 ns, At safepoint: 5593 ns, Total: 97434 ns
[2020-09-11T14:50:44.575+0000][1][safepoint    ] Safepoint "RevokeBias", Time since last: 132545194 ns, Reaching safepoint: 67110 ns, At safepoint: 20092 ns, Total: 87202 ns
[2020-09-11T14:50:45.575+0000][1][safepoint    ] Safepoint "Cleanup", Time since last: 1000105282 ns, Reaching safepoint: 94397 ns, At safepoint: 8174 ns, Total: 102571 ns
[2020-09-11T14:50:46.575+0000][1][safepoint    ] Safepoint "Cleanup", Time since last: 1000118864 ns, Reaching safepoint: 91223 ns, At safepoint: 8734 ns, Total: 99957 ns
[2020-09-11T14:50:47.576+0000][1][safepoint    ] Safepoint "Cleanup", Time since last: 1000338548 ns, Reaching safepoint: 98115 ns, At safepoint: 7295 ns, Total: 105410 ns
[2020-09-11T14:50:47.894+0000][1][safepoint    ] Safepoint "RevokeBias", Time since last: 318154472 ns, Reaching safepoint: 64865 ns, At safepoint: 20050 ns, Total: 84915 ns
[2020-09-11T14:50:47.894+0000][1][safepoint    ] Safepoint "RevokeBias", Time since last: 63130 ns, Reaching safepoint: 21514 ns, At safepoint: 10543 ns, Total: 32057 ns
[2020-09-11T14:50:47.894+0000][1][safepoint    ] Safepoint "RevokeBias", Time since last: 115356 ns, Reaching safepoint: 27946 ns, At safepoint: 9455 ns, Total: 37401 ns
[2020-09-11T14:50:47.894+0000][1][safepoint    ] Safepoint "RevokeBias", Time since last: 29142 ns, Reaching safepoint: 22584 ns, At safepoint: 8638 ns, Total: 31222 ns
[2020-09-11T14:50:47.894+0000][1][safepoint    ] Safepoint "RevokeBias", Time since last: 297613 ns, Reaching safepoint: 24298 ns, At safepoint: 9361 ns, Total: 33659 ns
[2020-09-11T14:50:47.894+0000][1][safepoint    ] Safepoint "RevokeBias", Time since last: 43019 ns, Reaching safepoint: 22807 ns, At safepoint: 8611 ns, Total: 31418 ns
[2020-09-11T14:50:47.895+0000][1][safepoint    ] Safepoint "RevokeBias", Time since last: 52953 ns, Reaching safepoint: 21564 ns, At safepoint: 8797 ns, Total: 30361 ns
[2020-09-11T14:50:47.899+0000][1][safepoint    ] Safepoint "RevokeBias", Time since last: 2863610 ns, Reaching safepoint: 1112382 ns, At safepoint: 21193 ns, Total: 1133575 ns
[2020-09-11T14:50:48.899+0000][1][safepoint    ] Safepoint "Cleanup", Time since last: 1000141161 ns, Reaching safepoint: 115112 ns, At safepoint: 7065 ns, Total: 122177 ns
[2020-09-11T14:51:01.901+0000][1][safepoint    ] Safepoint "Cleanup", Time since last: 13001688729 ns, Reaching safepoint: 190003 ns, At safepoint: 16595 ns, Total: 206598 ns
[2020-09-11T14:51:06.074+0000][1][gc,start     ] GC(95) Pause Young (Allocation Failure)
[2020-09-11T14:51:06.075+0000][1][gc,task      ] GC(95) Using 1 workers of 1 for evacuation
[2020-09-11T14:51:06.080+0000][1][gc,age       ] GC(95) Desired survivor size 4358144 bytes, new threshold 6 (max threshold 6)
[2020-09-11T14:51:06.080+0000][1][gc,age       ] GC(95) Age table with threshold 6 (max threshold 6)
[2020-09-11T14:51:06.080+0000][1][gc,age       ] GC(95) - age   1:     249152 bytes,     249152 total
[2020-09-11T14:51:06.080+0000][1][gc,age       ] GC(95) - age   2:      94480 bytes,     343632 total
[2020-09-11T14:51:06.080+0000][1][gc,age       ] GC(95) - age   3:        184 bytes,     343816 total
[2020-09-11T14:51:06.080+0000][1][gc,age       ] GC(95) - age   4:        256 bytes,     344072 total
[2020-09-11T14:51:06.080+0000][1][gc,age       ] GC(95) - age   5:        752 bytes,     344824 total
[2020-09-11T14:51:06.080+0000][1][gc,age       ] GC(95) - age   6:       1920 bytes,     346744 total
[2020-09-11T14:51:06.080+0000][1][gc,heap      ] GC(95) ParNew: 68452K->386K(76672K)
[2020-09-11T14:51:06.080+0000][1][gc,heap      ] GC(95) CMS: 69032K->69033K(439104K)
[2020-09-11T14:51:06.080+0000][1][gc,metaspace ] GC(95) Metaspace: 85049K->85049K(1128448K)
[2020-09-11T14:51:06.080+0000][1][gc           ] GC(95) Pause Young (Allocation Failure) 134M->67M(503M) 5.363ms
[2020-09-11T14:51:06.080+0000][1][gc,cpu       ] GC(95) User=0.00s Sys=0.00s Real=0.01s
[2020-09-11T14:51:06.080+0000][1][safepoint    ] Safepoint "GenCollectForAllocation", Time since last: 4173532906 ns, Reaching safepoint: 183148 ns, At safepoint: 5438147 ns, Total: 5621295 ns
[2020-09-11T14:51:28.084+0000][1][safepoint    ] Safepoint "Cleanup", Time since last: 22004464824 ns, Reaching safepoint: 100200 ns, At safepoint: 7590 ns, Total: 107790 ns
[2020-09-11T14:51:34.086+0000][1][safepoint    ] Safepoint "Cleanup", Time since last: 6000864226 ns, Reaching safepoint: 178751 ns, At safepoint: 12776 ns, Total: 191527 ns
[2020-09-11T14:51:58.089+0000][1][safepoint    ] Safepoint "Cleanup", Time since last: 24003310977 ns, Reaching safepoint: 108951 ns, At safepoint: 7968 ns, Total: 116919 ns
[2020-09-11T14:52:08.090+0000][1][safepoint    ] Safepoint "Cleanup", Time since last: 10001399201 ns, Reaching safepoint: 134949 ns, At safepoint: 17711 ns, Total: 152660 ns
[2020-09-11T14:52:09.091+0000][1][safepoint    ] Safepoint "Cleanup", Time since last: 1000238571 ns, Reaching safepoint: 97540 ns, At safepoint: 7289 ns, Total: 104829 ns
[2020-09-11T14:52:10.091+0000][1][safepoint    ] Safepoint "Cleanup", Time since last: 1000178829 ns, Reaching safepoint: 125879 ns, At safepoint: 17964 ns, Total: 143843 ns
[2020-09-11T14:52:11.092+0000][1][safepoint    ] Safepoint "Cleanup", Time since last: 1000282036 ns, Reaching safepoint: 67882 ns, At safepoint: 6852 ns, Total: 74734 ns
[2020-09-11T14:52:11.150+0000][1][gc,start     ] GC(96) Pause Young (Allocation Failure)
[2020-09-11T14:52:11.150+0000][1][gc,task      ] GC(96) Using 1 workers of 1 for evacuation
[2020-09-11T14:52:11.154+0000][1][gc,age       ] GC(96) Desired survivor size 4358144 bytes, new threshold 6 (max threshold 6)
[2020-09-11T14:52:11.154+0000][1][gc,age       ] GC(96) Age table with threshold 6 (max threshold 6)
[2020-09-11T14:52:11.154+0000][1][gc,age       ] GC(96) - age   1:      37360 bytes,      37360 total
[2020-09-11T14:52:11.154+0000][1][gc,age       ] GC(96) - age   2:     226496 bytes,     263856 total
[2020-09-11T14:52:11.154+0000][1][gc,age       ] GC(96) - age   3:      87992 bytes,     351848 total
[2020-09-11T14:52:11.154+0000][1][gc,age       ] GC(96) - age   4:        184 bytes,     352032 total
[2020-09-11T14:52:11.154+0000][1][gc,age       ] GC(96) - age   5:        256 bytes,     352288 total
[2020-09-11T14:52:11.154+0000][1][gc,age       ] GC(96) - age   6:        752 bytes,     353040 total
[2020-09-11T14:52:11.154+0000][1][gc,heap      ] GC(96) ParNew: 68546K->604K(76672K)
[2020-09-11T14:52:11.154+0000][1][gc,heap      ] GC(96) CMS: 69033K->69035K(439104K)
[2020-09-11T14:52:11.154+0000][1][gc,metaspace ] GC(96) Metaspace: 85064K->85064K(1128448K)
[2020-09-11T14:52:11.154+0000][1][gc           ] GC(96) Pause Young (Allocation Failure) 134M->68M(503M) 4.685ms
[2020-09-11T14:52:11.154+0000][1][gc,cpu       ] GC(96) User=0.00s Sys=0.00s Real=0.00s
[2020-09-11T14:52:11.154+0000][1][safepoint    ] Safepoint "GenCollectForAllocation", Time since last: 57962549 ns, Reaching safepoint: 165926 ns, At safepoint: 4759298 ns, Total: 4925224 ns
[2020-09-11T14:52:12.158+0000][1][safepoint    ] Safepoint "Cleanup", Time since last: 1003059348 ns, Reaching safepoint: 126761 ns, At safepoint: 48925 ns, Total: 175686 ns
[2020-09-11T14:52:13.158+0000][1][safepoint    ] Safepoint "Cleanup", Time since last: 1000224102 ns, Reaching safepoint: 126808 ns, At safepoint: 45007 ns, Total: 171815 ns
[2020-09-11T14:52:14.158+0000][1][safepoint    ] Safepoint "Cleanup", Time since last: 1000212415 ns, Reaching safepoint: 126213 ns, At safepoint: 49360 ns, Total: 175573 ns
[2020-09-11T14:52:15.159+0000][1][safepoint    ] Safepoint "Cleanup", Time since last: 1000226788 ns, Reaching safepoint: 224896 ns, At safepoint: 16294 ns, Total: 241190 ns
[2020-09-11T14:52:16.160+0000][1][safepoint    ] Safepoint "Cleanup", Time since last: 1000171572 ns, Reaching safepoint: 483870 ns, At safepoint: 19321 ns, Total: 503191 ns
[2020-09-11T14:52:17.160+0000][1][safepoint    ] Safepoint "Cleanup", Time since last: 1000221367 ns, Reaching safepoint: 138595 ns, At safepoint: 16187 ns, Total: 154782 ns
[2020-09-11T14:52:18.160+0000][1][safepoint    ] Safepoint "Cleanup", Time since last: 1000236587 ns, Reaching safepoint: 62706 ns, At safepoint: 6619 ns, Total: 69325 ns
[2020-09-11T14:52:19.161+0000][1][safepoint    ] Safepoint "Cleanup", Time since last: 1000150614 ns, Reaching safepoint: 123256 ns, At safepoint: 16021 ns, Total: 139277 ns
[2020-09-11T14:52:20.161+0000][1][safepoint    ] Safepoint "Cleanup", Time since last: 1000205623 ns, Reaching safepoint: 126567 ns, At safepoint: 16695 ns, Total: 143262 ns
[2020-09-11T14:52:21.161+0000][1][safepoint    ] Safepoint "Cleanup", Time since last: 1000176194 ns, Reaching safepoint: 125041 ns, At safepoint: 14172 ns, Total: 139213 ns
[2020-09-11T14:52:22.162+0000][1][safepoint    ] Safepoint "Cleanup", Time since last: 1000203234 ns, Reaching safepoint: 104925 ns, At safepoint: 6998 ns, Total: 111923 ns
[2020-09-11T14:52:23.162+0000][1][safepoint    ] Safepoint "Cleanup", Time since last: 1000194712 ns, Reaching safepoint: 89523 ns, At safepoint: 6514 ns, Total: 96037 ns
[2020-09-11T14:52:24.162+0000][1][safepoint    ] Safepoint "Cleanup", Time since last: 1000181256 ns, Reaching safepoint: 127430 ns, At safepoint: 17279 ns, Total: 144709 ns
[2020-09-11T14:52:25.163+0000][1][safepoint    ] Safepoint "Cleanup", Time since last: 1000230556 ns, Reaching safepoint: 124837 ns, At safepoint: 16919 ns, Total: 141756 ns
[2020-09-11T14:52:26.163+0000][1][safepoint    ] Safepoint "Cleanup", Time since last: 1000217265 ns, Reaching safepoint: 93900 ns, At safepoint: 6791 ns, Total: 100691 ns
[2020-09-11T14:52:27.164+0000][1][safepoint    ] Safepoint "Cleanup", Time since last: 1000741110 ns, Reaching safepoint: 175276 ns, At safepoint: 295742 ns, Total: 471018 ns
[2020-09-11T14:52:28.164+0000][1][safepoint    ] Safepoint "Cleanup", Time since last: 1000129607 ns, Reaching safepoint: 179298 ns, At safepoint: 17373 ns, Total: 196671 ns
[2020-09-11T14:52:29.165+0000][1][safepoint    ] Safepoint "Cleanup", Time since last: 1000213251 ns, Reaching safepoint: 127971 ns, At safepoint: 16942 ns, Total: 144913 ns
[2020-09-11T14:52:30.165+0000][1][safepoint    ] Safepoint "Cleanup", Time since last: 1000228284 ns, Reaching safepoint: 124910 ns, At safepoint: 17805 ns, Total: 142715 ns
[2020-09-11T14:52:31.165+0000][1][safepoint    ] Safepoint "Cleanup", Time since last: 1000220116 ns, Reaching safepoint: 130306 ns, At safepoint: 16528 ns, Total: 146834 ns
[2020-09-11T14:52:32.166+0000][1][safepoint    ] Safepoint "Cleanup", Time since last: 1000186312 ns, Reaching safepoint: 79320 ns, At safepoint: 6992 ns, Total: 86312 ns
[2020-09-11T14:52:33.166+0000][1][safepoint    ] Safepoint "Cleanup", Time since last: 1000164778 ns, Reaching safepoint: 109528 ns, At safepoint: 7068 ns, Total: 116596 ns
[2020-09-11T14:52:34.166+0000][1][safepoint    ] Safepoint "Cleanup", Time since last: 1000202239 ns, Reaching safepoint: 96321 ns, At safepoint: 7235 ns, Total: 103556 ns
[2020-09-11T14:52:35.167+0000][1][safepoint    ] Safepoint "Cleanup", Time since last: 1000220835 ns, Reaching safepoint: 84811 ns, At safepoint: 7159 ns, Total: 91970 ns
[2020-09-11T14:52:36.167+0000][1][safepoint    ] Safepoint "Cleanup", Time since last: 1000121662 ns, Reaching safepoint: 69557 ns, At safepoint: 7095 ns, Total: 76652 ns
[2020-09-11T14:52:37.167+0000][1][safepoint    ] Safepoint "Cleanup", Time since last: 1000183705 ns, Reaching safepoint: 91486 ns, At safepoint: 6629 ns, Total: 98115 ns
[2020-09-11T14:52:38.167+0000][1][safepoint    ] Safepoint "Cleanup", Time since last: 1000191467 ns, Reaching safepoint: 99310 ns, At safepoint: 6710 ns, Total: 106020 ns
[2020-09-11T14:52:39.168+0000][1][safepoint    ] Safepoint "Cleanup", Time since last: 1000160223 ns, Reaching safepoint: 93482 ns, At safepoint: 8386 ns, Total: 101868 ns
[2020-09-11T14:52:40.168+0000][1][safepoint    ] Safepoint "Cleanup", Time since last: 1000142620 ns, Reaching safepoint: 131121 ns, At safepoint: 17701 ns, Total: 148822 ns
[2020-09-11T14:52:41.168+0000][1][safepoint    ] Safepoint "Cleanup", Time since last: 1000223937 ns, Reaching safepoint: 87248 ns, At safepoint: 6752 ns, Total: 94000 ns
[2020-09-11T14:52:42.168+0000][1][safepoint    ] Safepoint "Cleanup", Time since last: 1000121608 ns, Reaching safepoint: 75856 ns, At safepoint: 8711 ns, Total: 84567 ns
[2020-09-11T14:52:43.169+0000][1][safepoint    ] Safepoint "Cleanup", Time since last: 1000139340 ns, Reaching safepoint: 108337 ns, At safepoint: 6723 ns, Total: 115060 ns
[2020-09-11T14:52:44.169+0000][1][safepoint    ] Safepoint "Cleanup", Time since last: 1000176816 ns, Reaching safepoint: 126340 ns, At safepoint: 17166 ns, Total: 143506 ns
[2020-09-11T14:52:45.169+0000][1][safepoint    ] Safepoint "Cleanup", Time since last: 1000231503 ns, Reaching safepoint: 91536 ns, At safepoint: 7139 ns, Total: 98675 ns
[2020-09-11T14:52:50.170+0000][1][safepoint    ] Safepoint "Cleanup", Time since last: 5000674799 ns, Reaching safepoint: 97179 ns, At safepoint: 7905 ns, Total: 105084 ns
[2020-09-11T14:52:57.171+0000][1][safepoint    ] Safepoint "Cleanup", Time since last: 7000888352 ns, Reaching safepoint: 161591 ns, At safepoint: 19482 ns, Total: 181073 ns
[2020-09-11T14:53:01.172+0000][1][safepoint    ] Safepoint "Cleanup", Time since last: 4000539045 ns, Reaching safepoint: 92297 ns, At safepoint: 6469 ns, Total: 98766 ns
[2020-09-11T14:53:15.174+0000][1][safepoint    ] Safepoint "Cleanup", Time since last: 14002026305 ns, Reaching safepoint: 101088 ns, At safepoint: 6187 ns, Total: 107275 ns
[2020-09-11T14:53:16.233+0000][1][gc,start     ] GC(97) Pause Young (Allocation Failure)
[2020-09-11T14:53:16.233+0000][1][gc,task      ] GC(97) Using 1 workers of 1 for evacuation
[2020-09-11T14:53:16.238+0000][1][gc,age       ] GC(97) Desired survivor size 4358144 bytes, new threshold 6 (max threshold 6)
[2020-09-11T14:53:16.238+0000][1][gc,age       ] GC(97) Age table with threshold 6 (max threshold 6)
[2020-09-11T14:53:16.238+0000][1][gc,age       ] GC(97) - age   1:      26136 bytes,      26136 total
[2020-09-11T14:53:16.238+0000][1][gc,age       ] GC(97) - age   2:      13848 bytes,      39984 total
[2020-09-11T14:53:16.238+0000][1][gc,age       ] GC(97) - age   3:     224016 bytes,     264000 total
[2020-09-11T14:53:16.238+0000][1][gc,age       ] GC(97) - age   4:      87992 bytes,     351992 total
[2020-09-11T14:53:16.238+0000][1][gc,age       ] GC(97) - age   5:        184 bytes,     352176 total
[2020-09-11T14:53:16.238+0000][1][gc,age       ] GC(97) - age   6:        256 bytes,     352432 total
[2020-09-11T14:53:16.238+0000][1][gc,heap      ] GC(97) ParNew: 68764K->409K(76672K)
[2020-09-11T14:53:16.238+0000][1][gc,heap      ] GC(97) CMS: 69035K->69036K(439104K)
[2020-09-11T14:53:16.238+0000][1][gc,metaspace ] GC(97) Metaspace: 85064K->85064K(1128448K)
[2020-09-11T14:53:16.238+0000][1][gc           ] GC(97) Pause Young (Allocation Failure) 134M->67M(503M) 5.022ms
[2020-09-11T14:53:16.238+0000][1][gc,cpu       ] GC(97) User=0.00s Sys=0.00s Real=0.01s
[2020-09-11T14:53:16.238+0000][1][safepoint    ] Safepoint "GenCollectForAllocation", Time since last: 1058575060 ns, Reaching safepoint: 206362 ns, At safepoint: 5104990 ns, Total: 5311352 ns
[2020-09-11T14:53:28.244+0000][1][safepoint    ] Safepoint "Cleanup", Time since last: 12006422344 ns, Reaching safepoint: 101856 ns, At safepoint: 6940 ns, Total: 108796 ns
[2020-09-11T14:54:01.249+0000][1][safepoint    ] Safepoint "Cleanup", Time since last: 33004515325 ns, Reaching safepoint: 279946 ns, At safepoint: 19044 ns, Total: 298990 ns
[2020-09-11T14:54:20.345+0000][1][gc,start     ] GC(98) Pause Young (Allocation Failure)
[2020-09-11T14:54:20.345+0000][1][gc,task      ] GC(98) Using 1 workers of 1 for evacuation
[2020-09-11T14:54:20.355+0000][1][gc,age       ] GC(98) Desired survivor size 4358144 bytes, new threshold 6 (max threshold 6)
[2020-09-11T14:54:20.355+0000][1][gc,age       ] GC(98) Age table with threshold 6 (max threshold 6)
[2020-09-11T14:54:20.355+0000][1][gc,age       ] GC(98) - age   1:      89280 bytes,      89280 total
[2020-09-11T14:54:20.355+0000][1][gc,age       ] GC(98) - age   2:       1648 bytes,      90928 total
[2020-09-11T14:54:20.355+0000][1][gc,age       ] GC(98) - age   3:      13848 bytes,     104776 total
[2020-09-11T14:54:20.355+0000][1][gc,age       ] GC(98) - age   4:     224016 bytes,     328792 total
[2020-09-11T14:54:20.355+0000][1][gc,age       ] GC(98) - age   5:      87992 bytes,     416784 total
[2020-09-11T14:54:20.355+0000][1][gc,age       ] GC(98) - age   6:        184 bytes,     416968 total
[2020-09-11T14:54:20.355+0000][1][gc,heap      ] GC(98) ParNew: 68569K->618K(76672K)
[2020-09-11T14:54:20.355+0000][1][gc,heap      ] GC(98) CMS: 69036K->69036K(439104K)
[2020-09-11T14:54:20.355+0000][1][gc,metaspace ] GC(98) Metaspace: 85066K->85066K(1128448K)
[2020-09-11T14:54:20.355+0000][1][gc           ] GC(98) Pause Young (Allocation Failure) 134M->68M(503M) 10.188ms
[2020-09-11T14:54:20.355+0000][1][gc,cpu       ] GC(98) User=0.01s Sys=0.00s Real=0.00s
[2020-09-11T14:54:20.355+0000][1][safepoint    ] Safepoint "GenCollectForAllocation", Time since last: 19095212200 ns, Reaching safepoint: 267244 ns, At safepoint: 10534764 ns, Total: 10802008 ns
[2020-09-11T14:54:27.358+0000][1][safepoint    ] Safepoint "Cleanup", Time since last: 7002373699 ns, Reaching safepoint: 123320 ns, At safepoint: 16388 ns, Total: 139708 ns
[2020-09-11T14:55:17.364+0000][1][safepoint    ] Safepoint "Cleanup", Time since last: 50006071131 ns, Reaching safepoint: 105028 ns, At safepoint: 7278 ns, Total: 112306 ns
[2020-09-11T14:55:22.475+0000][1][gc,start     ] GC(99) Pause Young (Allocation Failure)
[2020-09-11T14:55:22.475+0000][1][gc,task      ] GC(99) Using 1 workers of 1 for evacuation
[2020-09-11T14:55:22.479+0000][1][gc,age       ] GC(99) Desired survivor size 4358144 bytes, new threshold 6 (max threshold 6)
[2020-09-11T14:55:22.479+0000][1][gc,age       ] GC(99) Age table with threshold 6 (max threshold 6)
[2020-09-11T14:55:22.479+0000][1][gc,age       ] GC(99) - age   1:      23216 bytes,      23216 total
[2020-09-11T14:55:22.479+0000][1][gc,age       ] GC(99) - age   2:       1296 bytes,      24512 total
[2020-09-11T14:55:22.479+0000][1][gc,age       ] GC(99) - age   3:       1648 bytes,      26160 total
[2020-09-11T14:55:22.479+0000][1][gc,age       ] GC(99) - age   4:      13848 bytes,      40008 total
[2020-09-11T14:55:22.479+0000][1][gc,age       ] GC(99) - age   5:     223896 bytes,     263904 total
[2020-09-11T14:55:22.479+0000][1][gc,age       ] GC(99) - age   6:      87992 bytes,     351896 total
[2020-09-11T14:55:22.479+0000][1][gc,heap      ] GC(99) ParNew: 68751K->382K(76672K)
[2020-09-11T14:55:22.480+0000][1][gc,heap      ] GC(99) CMS: 69036K->69036K(439104K)
[2020-09-11T14:55:22.480+0000][1][gc,metaspace ] GC(99) Metaspace: 85069K->85069K(1128448K)
[2020-09-11T14:55:22.480+0000][1][gc           ] GC(99) Pause Young (Allocation Failure) 134M->67M(503M) 4.720ms
[2020-09-11T14:55:22.480+0000][1][gc,cpu       ] GC(99) User=0.01s Sys=0.00s Real=0.01s
[2020-09-11T14:55:22.480+0000][1][safepoint    ] Safepoint "GenCollectForAllocation", Time since last: 5110790980 ns, Reaching safepoint: 67673 ns, At safepoint: 4801155 ns, Total: 4868828 ns
[2020-09-11T14:55:27.481+0000][1][safepoint    ] Safepoint "Cleanup", Time since last: 5001101469 ns, Reaching safepoint: 101587 ns, At safepoint: 7126 ns, Total: 108713 ns
[2020-09-11T14:55:53.484+0000][1][safepoint    ] Safepoint "Cleanup", Time since last: 26003398123 ns, Reaching safepoint: 102819 ns, At safepoint: 7132 ns, Total: 109951 ns
[2020-09-11T14:55:54.485+0000][1][safepoint    ] Safepoint "Cleanup", Time since last: 1000188195 ns, Reaching safepoint: 98356 ns, At safepoint: 6467 ns, Total: 104823 ns
[2020-09-11T14:55:55.485+0000][1][safepoint    ] Safepoint "Cleanup", Time since last: 1000171750 ns, Reaching safepoint: 120186 ns, At safepoint: 16524 ns, Total: 136710 ns
[2020-09-11T14:55:56.485+0000][1][safepoint    ] Safepoint "Cleanup", Time since last: 1000179810 ns, Reaching safepoint: 109051 ns, At safepoint: 5732 ns, Total: 114783 ns
[2020-09-11T14:55:57.486+0000][1][safepoint    ] Safepoint "Cleanup", Time since last: 1000144676 ns, Reaching safepoint: 122054 ns, At safepoint: 16641 ns, Total: 138695 ns
[2020-09-11T14:55:58.486+0000][1][safepoint    ] Safepoint "Cleanup", Time since last: 1000225678 ns, Reaching safepoint: 95923 ns, At safepoint: 6532 ns, Total: 102455 ns
[2020-09-11T14:55:59.486+0000][1][safepoint    ] Safepoint "Cleanup", Time since last: 1000183851 ns, Reaching safepoint: 93767 ns, At safepoint: 6563 ns, Total: 100330 ns
[2020-09-11T14:56:00.486+0000][1][safepoint    ] Safepoint "Cleanup", Time since last: 1000151903 ns, Reaching safepoint: 124449 ns, At safepoint: 16060 ns, Total: 140509 ns
[2020-09-11T14:56:01.487+0000][1][safepoint    ] Safepoint "Cleanup", Time since last: 1000190968 ns, Reaching safepoint: 100885 ns, At safepoint: 5792 ns, Total: 106677 ns
[2020-09-11T14:56:02.487+0000][1][safepoint    ] Safepoint "Cleanup", Time since last: 1000216496 ns, Reaching safepoint: 113943 ns, At safepoint: 6204 ns, Total: 120147 ns
[2020-09-11T14:56:03.487+0000][1][safepoint    ] Safepoint "Cleanup", Time since last: 1000185009 ns, Reaching safepoint: 90883 ns, At safepoint: 6658 ns, Total: 97541 ns
[2020-09-11T14:56:04.488+0000][1][safepoint    ] Safepoint "Cleanup", Time since last: 1000147960 ns, Reaching safepoint: 119090 ns, At safepoint: 13450 ns, Total: 132540 ns
[2020-09-11T14:56:05.488+0000][1][safepoint    ] Safepoint "Cleanup", Time since last: 1000218364 ns, Reaching safepoint: 122274 ns, At safepoint: 16578 ns, Total: 138852 ns
[2020-09-11T14:56:06.488+0000][1][safepoint    ] Safepoint "Cleanup", Time since last: 1000183753 ns, Reaching safepoint: 103044 ns, At safepoint: 6940 ns, Total: 109984 ns
[2020-09-11T14:56:07.488+0000][1][safepoint    ] Safepoint "Cleanup", Time since last: 1000110821 ns, Reaching safepoint: 61365 ns, At safepoint: 5900 ns, Total: 67265 ns
[2020-09-11T14:56:08.489+0000][1][safepoint    ] Safepoint "Cleanup", Time since last: 1000173456 ns, Reaching safepoint: 124556 ns, At safepoint: 16144 ns, Total: 140700 ns
[2020-09-11T14:56:09.489+0000][1][safepoint    ] Safepoint "Cleanup", Time since last: 1000182185 ns, Reaching safepoint: 124169 ns, At safepoint: 12933 ns, Total: 137102 ns
[2020-09-11T14:56:10.489+0000][1][safepoint    ] Safepoint "Cleanup", Time since last: 1000233054 ns, Reaching safepoint: 90812 ns, At safepoint: 6559 ns, Total: 97371 ns
[2020-09-11T14:56:11.490+0000][1][safepoint    ] Safepoint "Cleanup", Time since last: 1000136927 ns, Reaching safepoint: 222515 ns, At safepoint: 18272 ns, Total: 240787 ns
[2020-09-11T14:56:12.490+0000][1][safepoint    ] Safepoint "Cleanup", Time since last: 1000226380 ns, Reaching safepoint: 100262 ns, At safepoint: 7146 ns, Total: 107408 ns
[2020-09-11T14:56:13.490+0000][1][safepoint    ] Safepoint "Cleanup", Time since last: 1000197549 ns, Reaching safepoint: 99007 ns, At safepoint: 7230 ns, Total: 106237 ns
[2020-09-11T14:56:14.491+0000][1][safepoint    ] Safepoint "Cleanup", Time since last: 1000151221 ns, Reaching safepoint: 110266 ns, At safepoint: 6925 ns, Total: 117191 ns
[2020-09-11T14:56:15.560+0000][1][safepoint    ] Safepoint "Cleanup", Time since last: 1068852629 ns, Reaching safepoint: 74298 ns, At safepoint: 6788 ns, Total: 81086 ns
[2020-09-11T14:56:16.560+0000][1][safepoint    ] Safepoint "Cleanup", Time since last: 1000202264 ns, Reaching safepoint: 94429 ns, At safepoint: 7309 ns, Total: 101738 ns
[2020-09-11T14:56:17.560+0000][1][safepoint    ] Safepoint "Cleanup", Time since last: 1000177307 ns, Reaching safepoint: 85599 ns, At safepoint: 7431 ns, Total: 93030 ns
[2020-09-11T14:56:18.560+0000][1][safepoint    ] Safepoint "Cleanup", Time since last: 1000145591 ns, Reaching safepoint: 106402 ns, At safepoint: 6878 ns, Total: 113280 ns
[2020-09-11T14:56:19.561+0000][1][safepoint    ] Safepoint "Cleanup", Time since last: 1000148565 ns, Reaching safepoint: 108190 ns, At safepoint: 7246 ns, Total: 115436 ns
[2020-09-11T14:56:20.561+0000][1][safepoint    ] Safepoint "Cleanup", Time since last: 1000179109 ns, Reaching safepoint: 92184 ns, At safepoint: 7601 ns, Total: 99785 ns
[2020-09-11T14:56:20.849+0000][1][safepoint    ] Safepoint "RevokeBias", Time since last: 288104693 ns, Reaching safepoint: 80250 ns, At safepoint: 16770 ns, Total: 97020 ns
[2020-09-11T14:56:20.868+0000][1][safepoint    ] Safepoint "RevokeBias", Time since last: 18589892 ns, Reaching safepoint: 134543 ns, At safepoint: 27092 ns, Total: 161635 ns
[2020-09-11T14:56:21.504+0000][1][gc,start     ] GC(100) Pause Young (Allocation Failure)
[2020-09-11T14:56:21.504+0000][1][gc,task      ] GC(100) Using 1 workers of 1 for evacuation
[2020-09-11T14:56:21.509+0000][1][gc,age       ] GC(100) Desired survivor size 4358144 bytes, new threshold 6 (max threshold 6)
[2020-09-11T14:56:21.509+0000][1][gc,age       ] GC(100) Age table with threshold 6 (max threshold 6)
[2020-09-11T14:56:21.509+0000][1][gc,age       ] GC(100) - age   1:      52280 bytes,      52280 total
[2020-09-11T14:56:21.509+0000][1][gc,age       ] GC(100) - age   2:       1744 bytes,      54024 total
[2020-09-11T14:56:21.509+0000][1][gc,age       ] GC(100) - age   3:         56 bytes,      54080 total
[2020-09-11T14:56:21.509+0000][1][gc,age       ] GC(100) - age   4:       1648 bytes,      55728 total
[2020-09-11T14:56:21.509+0000][1][gc,age       ] GC(100) - age   5:      13752 bytes,      69480 total
[2020-09-11T14:56:21.509+0000][1][gc,age       ] GC(100) - age   6:     208232 bytes,     277712 total
[2020-09-11T14:56:21.509+0000][1][gc,heap      ] GC(100) ParNew: 68542K->353K(76672K)
[2020-09-11T14:56:21.509+0000][1][gc,heap      ] GC(100) CMS: 69036K->69124K(439104K)
[2020-09-11T14:56:21.509+0000][1][gc,metaspace ] GC(100) Metaspace: 85130K->85130K(1128448K)
[2020-09-11T14:56:21.509+0000][1][gc           ] GC(100) Pause Young (Allocation Failure) 134M->67M(503M) 5.612ms
[2020-09-11T14:56:21.509+0000][1][gc,cpu       ] GC(100) User=0.00s Sys=0.00s Real=0.00s
[2020-09-11T14:56:21.509+0000][1][safepoint    ] Safepoint "GenCollectForAllocation", Time since last: 635641775 ns, Reaching safepoint: 183312 ns, At safepoint: 5676054 ns, Total: 5859366 ns
[2020-09-11T14:56:22.512+0000][1][safepoint    ] Safepoint "Cleanup", Time since last: 1002386835 ns, Reaching safepoint: 119017 ns, At safepoint: 39454 ns, Total: 158471 ns
[2020-09-11T14:56:23.512+0000][1][safepoint    ] Safepoint "Cleanup", Time since last: 1000270871 ns, Reaching safepoint: 113775 ns, At safepoint: 36303 ns, Total: 150078 ns
[2020-09-11T14:56:24.513+0000][1][safepoint    ] Safepoint "Cleanup", Time since last: 1000183758 ns, Reaching safepoint: 106292 ns, At safepoint: 15964 ns, Total: 122256 ns
[2020-09-11T14:56:25.513+0000][1][safepoint    ] Safepoint "Cleanup", Time since last: 1000147284 ns, Reaching safepoint: 76499 ns, At safepoint: 13609 ns, Total: 90108 ns
[2020-09-11T14:56:26.513+0000][1][safepoint    ] Safepoint "Cleanup", Time since last: 1000112103 ns, Reaching safepoint: 170948 ns, At safepoint: 7181 ns, Total: 178129 ns
[2020-09-11T14:56:27.514+0000][1][safepoint    ] Safepoint "Cleanup", Time since last: 1000241652 ns, Reaching safepoint: 136964 ns, At safepoint: 17507 ns, Total: 154471 ns
[2020-09-11T14:56:28.514+0000][1][safepoint    ] Safepoint "Cleanup", Time since last: 1000258140 ns, Reaching safepoint: 94792 ns, At safepoint: 7451 ns, Total: 102243 ns
[2020-09-11T14:56:29.514+0000][1][safepoint    ] Safepoint "Cleanup", Time since last: 1000180338 ns, Reaching safepoint: 97298 ns, At safepoint: 7237 ns, Total: 104535 ns
[2020-09-11T14:56:30.515+0000][1][safepoint    ] Safepoint "Cleanup", Time since last: 1000157446 ns, Reaching safepoint: 109558 ns, At safepoint: 7828 ns, Total: 117386 ns
[2020-09-11T14:56:31.515+0000][1][safepoint    ] Safepoint "Cleanup", Time since last: 1000173071 ns, Reaching safepoint: 150732 ns, At safepoint: 14116 ns, Total: 164848 ns
[2020-09-11T14:56:32.515+0000][1][safepoint    ] Safepoint "Cleanup", Time since last: 1000267493 ns, Reaching safepoint: 130503 ns, At safepoint: 17366 ns, Total: 147869 ns
[2020-09-11T14:56:55.519+0000][1][safepoint    ] Safepoint "Cleanup", Time since last: 23003337552 ns, Reaching safepoint: 164534 ns, At safepoint: 19278 ns, Total: 183812 ns
[2020-09-11T14:56:57.519+0000][1][safepoint    ] Safepoint "Cleanup", Time since last: 2000402517 ns, Reaching safepoint: 89517 ns, At safepoint: 6934 ns, Total: 96451 ns
[2020-09-11T14:56:59.520+0000][1][safepoint    ] Safepoint "Cleanup", Time since last: 2000367812 ns, Reaching safepoint: 136594 ns, At safepoint: 17009 ns, Total: 153603 ns
[2020-09-11T14:57:01.520+0000][1][safepoint    ] Safepoint "Cleanup", Time since last: 2000373728 ns, Reaching safepoint: 122162 ns, At safepoint: 7838 ns, Total: 130000 ns
[2020-09-11T14:57:06.521+0000][1][safepoint    ] Safepoint "Cleanup", Time since last: 5000564463 ns, Reaching safepoint: 137823 ns, At safepoint: 18172 ns, Total: 155995 ns
[2020-09-11T14:57:07.521+0000][1][safepoint    ] Safepoint "Cleanup", Time since last: 1000231284 ns, Reaching safepoint: 139303 ns, At safepoint: 22201 ns, Total: 161504 ns
[2020-09-11T14:57:19.031+0000][1][safepoint    ] Safepoint "RevokeBias", Time since last: 11509647968 ns, Reaching safepoint: 86811 ns, At safepoint: 20261 ns, Total: 107072 ns
[2020-09-11T14:57:19.031+0000][1][safepoint    ] Safepoint "RevokeBias", Time since last: 73111 ns, Reaching safepoint: 21645 ns, At safepoint: 11148 ns, Total: 32793 ns
[2020-09-11T14:57:19.036+0000][1][safepoint    ] Safepoint "RevokeBias", Time since last: 4345139 ns, Reaching safepoint: 68901 ns, At safepoint: 28288 ns, Total: 97189 ns
[2020-09-11T14:57:19.036+0000][1][safepoint    ] Safepoint "RevokeBias", Time since last: 404356 ns, Reaching safepoint: 25260 ns, At safepoint: 11598 ns, Total: 36858 ns
[2020-09-11T14:57:19.036+0000][1][safepoint    ] Safepoint "BulkRevokeBias", Time since last: 47503 ns, Reaching safepoint: 23006 ns, At safepoint: 157155 ns, Total: 180161 ns
[2020-09-11T14:57:19.037+0000][1][safepoint    ] Safepoint "RevokeBias", Time since last: 59239 ns, Reaching safepoint: 21797 ns, At safepoint: 9424 ns, Total: 31221 ns
[2020-09-11T14:57:19.037+0000][1][safepoint    ] Safepoint "RevokeBias", Time since last: 88206 ns, Reaching safepoint: 23222 ns, At safepoint: 8801 ns, Total: 32023 ns
[2020-09-11T14:57:20.037+0000][1][safepoint    ] Safepoint "Cleanup", Time since last: 1000145363 ns, Reaching safepoint: 112989 ns, At safepoint: 7451 ns, Total: 120440 ns
[2020-09-11T14:57:21.037+0000][1][safepoint    ] Safepoint "Cleanup", Time since last: 1000122614 ns, Reaching safepoint: 66220 ns, At safepoint: 6834 ns, Total: 73054 ns
[2020-09-11T14:57:21.465+0000][1][gc,start     ] GC(101) Pause Young (Allocation Failure)
[2020-09-11T14:57:21.465+0000][1][gc,task      ] GC(101) Using 1 workers of 1 for evacuation
[2020-09-11T14:57:21.472+0000][1][gc,age       ] GC(101) Desired survivor size 4358144 bytes, new threshold 6 (max threshold 6)
[2020-09-11T14:57:21.472+0000][1][gc,age       ] GC(101) Age table with threshold 6 (max threshold 6)
[2020-09-11T14:57:21.472+0000][1][gc,age       ] GC(101) - age   1:      49008 bytes,      49008 total
[2020-09-11T14:57:21.472+0000][1][gc,age       ] GC(101) - age   2:      23192 bytes,      72200 total
[2020-09-11T14:57:21.472+0000][1][gc,age       ] GC(101) - age   3:        368 bytes,      72568 total
[2020-09-11T14:57:21.472+0000][1][gc,age       ] GC(101) - age   4:         56 bytes,      72624 total
[2020-09-11T14:57:21.472+0000][1][gc,age       ] GC(101) - age   5:       1648 bytes,      74272 total
[2020-09-11T14:57:21.472+0000][1][gc,age       ] GC(101) - age   6:      13752 bytes,      88024 total
[2020-09-11T14:57:21.472+0000][1][gc,heap      ] GC(101) ParNew: 68513K->291K(76672K)
[2020-09-11T14:57:21.472+0000][1][gc,heap      ] GC(101) CMS: 69124K->69326K(439104K)
[2020-09-11T14:57:21.472+0000][1][gc,metaspace ] GC(101) Metaspace: 85146K->85146K(1128448K)
[2020-09-11T14:57:21.472+0000][1][gc           ] GC(101) Pause Young (Allocation Failure) 134M->67M(503M) 7.528ms
[2020-09-11T14:57:21.472+0000][1][gc,cpu       ] GC(101) User=0.01s Sys=0.00s Real=0.00s
[2020-09-11T14:57:21.472+0000][1][safepoint    ] Safepoint "GenCollectForAllocation", Time since last: 427410646 ns, Reaching safepoint: 147823 ns, At safepoint: 7604526 ns, Total: 7752349 ns
[2020-09-11T14:57:22.473+0000][1][safepoint    ] Safepoint "Cleanup", Time since last: 1000195469 ns, Reaching safepoint: 102496 ns, At safepoint: 15129 ns, Total: 117625 ns
[2020-09-11T14:57:23.473+0000][1][safepoint    ] Safepoint "Cleanup", Time since last: 1000145707 ns, Reaching safepoint: 117225 ns, At safepoint: 6937 ns, Total: 124162 ns
[2020-09-11T14:57:24.473+0000][1][safepoint    ] Safepoint "Cleanup", Time since last: 1000185192 ns, Reaching safepoint: 87625 ns, At safepoint: 7768 ns, Total: 95393 ns
[2020-09-11T14:57:25.473+0000][1][safepoint    ] Safepoint "Cleanup", Time since last: 1000142890 ns, Reaching safepoint: 117398 ns, At safepoint: 6471 ns, Total: 123869 ns
[2020-09-11T14:57:26.474+0000][1][safepoint    ] Safepoint "Cleanup", Time since last: 1000181990 ns, Reaching safepoint: 99014 ns, At safepoint: 7917 ns, Total: 106931 ns
[2020-09-11T14:57:27.474+0000][1][safepoint    ] Safepoint "Cleanup", Time since last: 1000174177 ns, Reaching safepoint: 96904 ns, At safepoint: 6608 ns, Total: 103512 ns
[2020-09-11T14:57:28.474+0000][1][safepoint    ] Safepoint "Cleanup", Time since last: 1000176691 ns, Reaching safepoint: 133149 ns, At safepoint: 17764 ns, Total: 150913 ns
[2020-09-11T14:57:29.475+0000][1][safepoint    ] Safepoint "Cleanup", Time since last: 1000251711 ns, Reaching safepoint: 134014 ns, At safepoint: 17196 ns, Total: 151210 ns
[2020-09-11T14:57:30.475+0000][1][safepoint    ] Safepoint "Cleanup", Time since last: 1000213582 ns, Reaching safepoint: 130703 ns, At safepoint: 16090 ns, Total: 146793 ns
[2020-09-11T14:57:31.475+0000][1][safepoint    ] Safepoint "Cleanup", Time since last: 1000199630 ns, Reaching safepoint: 122971 ns, At safepoint: 6344 ns, Total: 129315 ns
[2020-09-11T14:57:32.476+0000][1][safepoint    ] Safepoint "Cleanup", Time since last: 1000111651 ns, Reaching safepoint: 70994 ns, At safepoint: 7204 ns, Total: 78198 ns
[2020-09-11T14:57:33.476+0000][1][safepoint    ] Safepoint "Cleanup", Time since last: 1000114207 ns, Reaching safepoint: 74406 ns, At safepoint: 6827 ns, Total: 81233 ns
[2020-09-11T14:57:34.476+0000][1][safepoint    ] Safepoint "Cleanup", Time since last: 1000097359 ns, Reaching safepoint: 67888 ns, At safepoint: 6545 ns, Total: 74433 ns
[2020-09-11T14:57:35.476+0000][1][safepoint    ] Safepoint "Cleanup", Time since last: 1000112278 ns, Reaching safepoint: 76351 ns, At safepoint: 6837 ns, Total: 83188 ns
[2020-09-11T14:57:36.476+0000][1][safepoint    ] Safepoint "Cleanup", Time since last: 1000108400 ns, Reaching safepoint: 74636 ns, At safepoint: 8471 ns, Total: 83107 ns
[2020-09-11T14:57:37.477+0000][1][safepoint    ] Safepoint "Cleanup", Time since last: 1000114241 ns, Reaching safepoint: 71048 ns, At safepoint: 6640 ns, Total: 77688 ns
[2020-09-11T14:57:38.477+0000][1][safepoint    ] Safepoint "Cleanup", Time since last: 1000110997 ns, Reaching safepoint: 69574 ns, At safepoint: 6857 ns, Total: 76431 ns
[2020-09-11T14:57:39.477+0000][1][safepoint    ] Safepoint "Cleanup", Time since last: 1000127007 ns, Reaching safepoint: 68832 ns, At safepoint: 7159 ns, Total: 75991 ns
[2020-09-11T14:57:40.477+0000][1][safepoint    ] Safepoint "Cleanup", Time since last: 1000115920 ns, Reaching safepoint: 72246 ns, At safepoint: 6753 ns, Total: 78999 ns
[2020-09-11T14:57:41.477+0000][1][safepoint    ] Safepoint "Cleanup", Time since last: 1000145744 ns, Reaching safepoint: 69824 ns, At safepoint: 7450 ns, Total: 77274 ns
[2020-09-11T14:57:42.478+0000][1][safepoint    ] Safepoint "Cleanup", Time since last: 1000121947 ns, Reaching safepoint: 77646 ns, At safepoint: 7389 ns, Total: 85035 ns
[2020-09-11T14:57:43.478+0000][1][safepoint    ] Safepoint "Cleanup", Time since last: 1000115571 ns, Reaching safepoint: 68494 ns, At safepoint: 6619 ns, Total: 75113 ns
[2020-09-11T14:57:43.989+0000][1][safepoint    ] Safepoint "RevokeBias", Time since last: 511582048 ns, Reaching safepoint: 71122 ns, At safepoint: 18999 ns, Total: 90121 ns
[2020-09-11T14:57:44.158+0000][1][safepoint    ] Safepoint "RevokeBias", Time since last: 168287442 ns, Reaching safepoint: 76414 ns, At safepoint: 19048 ns, Total: 95462 ns
[2020-09-11T14:57:44.168+0000][1][safepoint    ] Safepoint "RevokeBias", Time since last: 10148563 ns, Reaching safepoint: 67857 ns, At safepoint: 17225 ns, Total: 85082 ns
[2020-09-11T14:57:44.248+0000][1][safepoint    ] Safepoint "RevokeBias", Time since last: 80005699 ns, Reaching safepoint: 83612 ns, At safepoint: 19324 ns, Total: 102936 ns
[2020-09-11T14:57:44.361+0000][1][safepoint    ] Safepoint "RevokeBias", Time since last: 112380222 ns, Reaching safepoint: 61573 ns, At safepoint: 18077 ns, Total: 79650 ns
[2020-09-11T14:57:44.422+0000][1][safepoint    ] Safepoint "RevokeBias", Time since last: 61130598 ns, Reaching safepoint: 72346 ns, At safepoint: 16739 ns, Total: 89085 ns
[2020-09-11T14:57:44.428+0000][1][safepoint    ] Safepoint "RevokeBias", Time since last: 6087074 ns, Reaching safepoint: 136426 ns, At safepoint: 20605 ns, Total: 157031 ns
[2020-09-11T14:57:44.547+0000][1][safepoint    ] Safepoint "RevokeBias", Time since last: 118645762 ns, Reaching safepoint: 151227 ns, At safepoint: 20086 ns, Total: 171313 ns
[2020-09-11T14:57:44.653+0000][1][safepoint    ] Safepoint "RevokeBias", Time since last: 105869115 ns, Reaching safepoint: 72779 ns, At safepoint: 19906 ns, Total: 92685 ns
[2020-09-11T14:57:44.695+0000][1][safepoint    ] Safepoint "RevokeBias", Time since last: 26687027 ns, Reaching safepoint: 14901973 ns, At safepoint: 144855 ns, Total: 15046828 ns
[2020-09-11T14:57:44.695+0000][1][safepoint    ] Safepoint "RevokeBias", Time since last: 258524 ns, Reaching safepoint: 108747 ns, At safepoint: 44704 ns, Total: 153451 ns
[2020-09-11T14:57:44.695+0000][1][safepoint    ] Safepoint "RevokeBias", Time since last: 37748 ns, Reaching safepoint: 98648 ns, At safepoint: 28038 ns, Total: 126686 ns
[2020-09-11T14:57:44.695+0000][1][safepoint    ] Safepoint "RevokeBias", Time since last: 75404 ns, Reaching safepoint: 99520 ns, At safepoint: 27466 ns, Total: 126986 ns
[2020-09-11T14:57:44.706+0000][1][safepoint    ] Safepoint "RevokeBias", Time since last: 10483365 ns, Reaching safepoint: 72719 ns, At safepoint: 18626 ns, Total: 91345 ns
[2020-09-11T14:57:44.706+0000][1][safepoint    ] Safepoint "RevokeBias", Time since last: 128407 ns, Reaching safepoint: 29496 ns, At safepoint: 11795 ns, Total: 41291 ns
[2020-09-11T14:57:45.021+0000][1][safepoint    ] Safepoint "RevokeBias", Time since last: 314585662 ns, Reaching safepoint: 142865 ns, At safepoint: 31480 ns, Total: 174345 ns
[2020-09-11T14:57:45.506+0000][1][safepoint    ] Safepoint "RevokeBias", Time since last: 485213807 ns, Reaching safepoint: 182540 ns, At safepoint: 21763 ns, Total: 204303 ns
[2020-09-11T14:57:46.507+0000][1][safepoint    ] Safepoint "Cleanup", Time since last: 1000132668 ns, Reaching safepoint: 84505 ns, At safepoint: 7394 ns, Total: 91899 ns
[2020-09-11T14:57:46.628+0000][1][safepoint    ] Safepoint "RevokeBias", Time since last: 115180974 ns, Reaching safepoint: 5805470 ns, At safepoint: 30311 ns, Total: 5835781 ns
[2020-09-11T14:57:47.628+0000][1][safepoint    ] Safepoint "Cleanup", Time since last: 1000144616 ns, Reaching safepoint: 70571 ns, At safepoint: 7800 ns, Total: 78371 ns
[2020-09-11T14:57:48.628+0000][1][safepoint    ] Safepoint "Cleanup", Time since last: 1000110637 ns, Reaching safepoint: 72072 ns, At safepoint: 8921 ns, Total: 80993 ns
[2020-09-11T14:57:49.400+0000][1][gc,start     ] GC(102) Pause Young (Allocation Failure)
[2020-09-11T14:57:49.400+0000][1][gc,task      ] GC(102) Using 1 workers of 1 for evacuation
[2020-09-11T14:57:49.410+0000][1][gc,age       ] GC(102) Desired survivor size 4358144 bytes, new threshold 6 (max threshold 6)
[2020-09-11T14:57:49.410+0000][1][gc,age       ] GC(102) Age table with threshold 6 (max threshold 6)
[2020-09-11T14:57:49.410+0000][1][gc,age       ] GC(102) - age   1:     310832 bytes,     310832 total
[2020-09-11T14:57:49.410+0000][1][gc,age       ] GC(102) - age   2:      22224 bytes,     333056 total
[2020-09-11T14:57:49.410+0000][1][gc,age       ] GC(102) - age   3:      20312 bytes,     353368 total
[2020-09-11T14:57:49.410+0000][1][gc,age       ] GC(102) - age   4:        368 bytes,     353736 total
[2020-09-11T14:57:49.410+0000][1][gc,age       ] GC(102) - age   5:         56 bytes,     353792 total
[2020-09-11T14:57:49.410+0000][1][gc,age       ] GC(102) - age   6:        408 bytes,     354200 total
[2020-09-11T14:57:49.410+0000][1][gc,heap      ] GC(102) ParNew: 68451K->377K(76672K)
[2020-09-11T14:57:49.410+0000][1][gc,heap      ] GC(102) CMS: 69326K->69339K(439104K)
[2020-09-11T14:57:49.410+0000][1][gc,metaspace ] GC(102) Metaspace: 85201K->85201K(1128448K)
[2020-09-11T14:57:49.410+0000][1][gc           ] GC(102) Pause Young (Allocation Failure) 134M->68M(503M) 9.409ms
[2020-09-11T14:57:49.410+0000][1][gc,cpu       ] GC(102) User=0.00s Sys=0.00s Real=0.01s
[2020-09-11T14:57:49.415+0000][1][safepoint    ] Safepoint "GenCollectForAllocation", Time since last: 772326500 ns, Reaching safepoint: 136198 ns, At safepoint: 15027469 ns, Total: 15163667 ns
[2020-09-11T14:57:50.175+0000][1][safepoint    ] Safepoint "RevokeBias", Time since last: 759746184 ns, Reaching safepoint: 71397 ns, At safepoint: 18767 ns, Total: 90164 ns
[2020-09-11T14:57:51.175+0000][1][safepoint    ] Safepoint "Cleanup", Time since last: 1000125132 ns, Reaching safepoint: 69933 ns, At safepoint: 7345 ns, Total: 77278 ns
[2020-09-11T14:57:52.178+0000][1][safepoint    ] Safepoint "Cleanup", Time since last: 1002677651 ns, Reaching safepoint: 80861 ns, At safepoint: 6171 ns, Total: 87032 ns
[2020-09-11T14:57:53.178+0000][1][safepoint    ] Safepoint "Cleanup", Time since last: 1000105913 ns, Reaching safepoint: 69368 ns, At safepoint: 7327 ns, Total: 76695 ns
[2020-09-11T14:57:54.179+0000][1][safepoint    ] Safepoint "Cleanup", Time since last: 1000105859 ns, Reaching safepoint: 72075 ns, At safepoint: 6845 ns, Total: 78920 ns
[2020-09-11T14:57:55.179+0000][1][safepoint    ] Safepoint "Cleanup", Time since last: 1000102950 ns, Reaching safepoint: 78303 ns, At safepoint: 8437 ns, Total: 86740 ns
[2020-09-11T14:57:56.179+0000][1][safepoint    ] Safepoint "Cleanup", Time since last: 1000130457 ns, Reaching safepoint: 73997 ns, At safepoint: 7304 ns, Total: 81301 ns
[2020-09-11T14:57:56.652+0000][1][safepoint    ] Safepoint "RevokeBias", Time since last: 472714591 ns, Reaching safepoint: 137222 ns, At safepoint: 34068 ns, Total: 171290 ns
[2020-09-11T14:57:56.661+0000][1][safepoint    ] Safepoint "Deoptimize", Time since last: 8709891 ns, Reaching safepoint: 133869 ns, At safepoint: 710116 ns, Total: 843985 ns
[2020-09-11T14:57:56.768+0000][1][safepoint    ] Safepoint "RevokeBias", Time since last: 91121392 ns, Reaching safepoint: 14923437 ns, At safepoint: 33048 ns, Total: 14956485 ns
[2020-09-11T14:57:56.772+0000][1][safepoint    ] Safepoint "RevokeBias", Time since last: 3908306 ns, Reaching safepoint: 175893 ns, At safepoint: 42528 ns, Total: 218421 ns
[2020-09-11T14:57:57.197+0000][1][safepoint    ] Safepoint "RevokeBias", Time since last: 424769762 ns, Reaching safepoint: 83660 ns, At safepoint: 19227 ns, Total: 102887 ns
[2020-09-11T14:57:57.367+0000][1][safepoint    ] Safepoint "RevokeBias", Time since last: 168966517 ns, Reaching safepoint: 1383055 ns, At safepoint: 38411 ns, Total: 1421466 ns
[2020-09-11T14:57:57.449+0000][1][safepoint    ] Safepoint "RevokeBias", Time since last: 81373817 ns, Reaching safepoint: 313205 ns, At safepoint: 19447 ns, Total: 332652 ns
[2020-09-11T14:57:57.860+0000][1][safepoint    ] Safepoint "RevokeBias", Time since last: 411473815 ns, Reaching safepoint: 81612 ns, At safepoint: 18559 ns, Total: 100171 ns
[2020-09-11T14:57:58.117+0000][1][safepoint    ] Safepoint "RevokeBias", Time since last: 256451026 ns, Reaching safepoint: 68960 ns, At safepoint: 18767 ns, Total: 87727 ns
[2020-09-11T14:57:58.117+0000][1][safepoint    ] Safepoint "RevokeBias", Time since last: 125744 ns, Reaching safepoint: 29244 ns, At safepoint: 10244 ns, Total: 39488 ns
[2020-09-11T14:57:58.117+0000][1][safepoint    ] Safepoint "RevokeBias", Time since last: 43778 ns, Reaching safepoint: 27580 ns, At safepoint: 18465 ns, Total: 46045 ns
[2020-09-11T14:57:58.117+0000][1][safepoint    ] Safepoint "RevokeBias", Time since last: 48996 ns, Reaching safepoint: 24336 ns, At safepoint: 8526 ns, Total: 32862 ns
[2020-09-11T14:57:58.125+0000][1][safepoint    ] Safepoint "RevokeBias", Time since last: 7544688 ns, Reaching safepoint: 61293 ns, At safepoint: 16708 ns, Total: 78001 ns
[2020-09-11T14:57:58.125+0000][1][safepoint    ] Safepoint "RevokeBias", Time since last: 315611 ns, Reaching safepoint: 28554 ns, At safepoint: 11822 ns, Total: 40376 ns
[2020-09-11T14:57:58.136+0000][1][safepoint    ] Safepoint "RevokeBias", Time since last: 11080312 ns, Reaching safepoint: 146949 ns, At safepoint: 16436 ns, Total: 163385 ns
[2020-09-11T14:57:58.136+0000][1][safepoint    ] Safepoint "RevokeBias", Time since last: 61076 ns, Reaching safepoint: 104122 ns, At safepoint: 12370 ns, Total: 116492 ns
[2020-09-11T14:57:58.137+0000][1][safepoint    ] Safepoint "RevokeBias", Time since last: 45544 ns, Reaching safepoint: 102354 ns, At safepoint: 11758 ns, Total: 114112 ns
[2020-09-11T14:57:58.137+0000][1][safepoint    ] Safepoint "RevokeBias", Time since last: 74454 ns, Reaching safepoint: 105396 ns, At safepoint: 11574 ns, Total: 116970 ns
[2020-09-11T14:57:58.145+0000][1][safepoint    ] Safepoint "RevokeBias", Time since last: 4755473 ns, Reaching safepoint: 3216343 ns, At safepoint: 26618 ns, Total: 3242961 ns
[2020-09-11T14:57:58.146+0000][1][safepoint    ] Safepoint "RevokeBias", Time since last: 120527 ns, Reaching safepoint: 1052210 ns, At safepoint: 25590 ns, Total: 1077800 ns
[2020-09-11T14:57:58.165+0000][1][safepoint    ] Safepoint "RevokeBias", Time since last: 17035139 ns, Reaching safepoint: 1639514 ns, At safepoint: 27142 ns, Total: 1666656 ns
[2020-09-11T14:57:58.168+0000][1][safepoint    ] Safepoint "RevokeBias", Time since last: 596266 ns, Reaching safepoint: 2046364 ns, At safepoint: 945161 ns, Total: 2991525 ns
[2020-09-11T14:57:58.216+0000][1][safepoint    ] Safepoint "RevokeBias", Time since last: 46896951 ns, Reaching safepoint: 1147736 ns, At safepoint: 23028 ns, Total: 1170764 ns
[2020-09-11T14:57:58.217+0000][1][safepoint    ] Safepoint "RevokeBias", Time since last: 93412 ns, Reaching safepoint: 113392 ns, At safepoint: 13300 ns, Total: 126692 ns
[2020-09-11T14:57:58.257+0000][1][safepoint    ] Safepoint "RevokeBias", Time since last: 39732192 ns, Reaching safepoint: 370677 ns, At safepoint: 21068 ns, Total: 391745 ns
[2020-09-11T14:57:58.268+0000][1][safepoint    ] Safepoint "RevokeBias", Time since last: 6772461 ns, Reaching safepoint: 4016996 ns, At safepoint: 25812 ns, Total: 4042808 ns
[2020-09-11T14:57:58.296+0000][1][safepoint    ] Safepoint "RevokeBias", Time since last: 24223291 ns, Reaching safepoint: 3741590 ns, At safepoint: 24656 ns, Total: 3766246 ns
[2020-09-11T14:57:58.296+0000][1][safepoint    ] Safepoint "RevokeBias", Time since last: 212515 ns, Reaching safepoint: 116820 ns, At safepoint: 13286 ns, Total: 130106 ns
[2020-09-11T14:57:58.297+0000][1][safepoint    ] Safepoint "RevokeBias", Time since last: 716323 ns, Reaching safepoint: 119929 ns, At safepoint: 14066 ns, Total: 133995 ns
[2020-09-11T14:57:58.304+0000][1][safepoint    ] Safepoint "RevokeBias", Time since last: 5075187 ns, Reaching safepoint: 1704345 ns, At safepoint: 23321 ns, Total: 1727666 ns
[2020-09-11T14:57:58.340+0000][1][safepoint    ] Safepoint "RevokeBias", Time since last: 36231630 ns, Reaching safepoint: 159128 ns, At safepoint: 18065 ns, Total: 177193 ns
[2020-09-11T14:57:58.340+0000][1][safepoint    ] Safepoint "RevokeBias", Time since last: 162600 ns, Reaching safepoint: 111704 ns, At safepoint: 12798 ns, Total: 124502 ns
[2020-09-11T14:57:58.446+0000][1][safepoint    ] Safepoint "RevokeBias", Time since last: 105893915 ns, Reaching safepoint: 172456 ns, At safepoint: 19613 ns, Total: 192069 ns
[2020-09-11T14:57:58.472+0000][1][safepoint    ] Safepoint "RevokeBias", Time since last: 25514227 ns, Reaching safepoint: 169023 ns, At safepoint: 27072 ns, Total: 196095 ns
[2020-09-11T14:57:58.496+0000][1][safepoint    ] Safepoint "RevokeBias", Time since last: 23419677 ns, Reaching safepoint: 250670 ns, At safepoint: 22084 ns, Total: 272754 ns
[2020-09-11T14:57:58.668+0000][1][safepoint    ] Safepoint "RevokeBias", Time since last: 171723662 ns, Reaching safepoint: 161938 ns, At safepoint: 20773 ns, Total: 182711 ns
[2020-09-11T14:57:58.679+0000][1][safepoint    ] Safepoint "RevokeBias", Time since last: 10837684 ns, Reaching safepoint: 159790 ns, At safepoint: 21240 ns, Total: 181030 ns
[2020-09-11T14:57:58.696+0000][1][safepoint    ] Safepoint "RevokeBias", Time since last: 15599057 ns, Reaching safepoint: 1780909 ns, At safepoint: 30610 ns, Total: 1811519 ns
[2020-09-11T14:57:58.745+0000][1][safepoint    ] Safepoint "RevokeBias", Time since last: 48386818 ns, Reaching safepoint: 160307 ns, At safepoint: 20045 ns, Total: 180352 ns
[2020-09-11T14:57:58.745+0000][1][safepoint    ] Safepoint "RevokeBias", Time since last: 142772 ns, Reaching safepoint: 111656 ns, At safepoint: 14278 ns, Total: 125934 ns
[2020-09-11T14:57:58.766+0000][1][safepoint    ] Safepoint "RevokeBias", Time since last: 20363822 ns, Reaching safepoint: 860373 ns, At safepoint: 25013 ns, Total: 885386 ns
[2020-09-11T14:57:58.767+0000][1][safepoint    ] Safepoint "RevokeBias", Time since last: 1105436 ns, Reaching safepoint: 251468 ns, At safepoint: 15782 ns, Total: 267250 ns
[2020-09-11T14:57:58.832+0000][1][safepoint    ] Safepoint "Deoptimize", Time since last: 59927521 ns, Reaching safepoint: 4104365 ns, At safepoint: 700806 ns, Total: 4805171 ns
[2020-09-11T14:57:58.836+0000][1][safepoint    ] Safepoint "Deoptimize", Time since last: 1103596 ns, Reaching safepoint: 2145363 ns, At safepoint: 671819 ns, Total: 2817182 ns
[2020-09-11T14:57:58.932+0000][1][gc,start     ] GC(103) Pause Young (Allocation Failure)
[2020-09-11T14:57:58.932+0000][1][gc,task      ] GC(103) Using 1 workers of 1 for evacuation
[2020-09-11T14:57:58.955+0000][1][gc,age       ] GC(103) Desired survivor size 4358144 bytes, new threshold 1 (max threshold 6)
[2020-09-11T14:57:58.955+0000][1][gc,age       ] GC(103) Age table with threshold 1 (max threshold 6)
[2020-09-11T14:57:58.955+0000][1][gc,age       ] GC(103) - age   1:    4915120 bytes,    4915120 total
[2020-09-11T14:57:58.955+0000][1][gc,age       ] GC(103) - age   2:     236976 bytes,    5152096 total
[2020-09-11T14:57:58.955+0000][1][gc,age       ] GC(103) - age   3:      18232 bytes,    5170328 total
[2020-09-11T14:57:58.955+0000][1][gc,age       ] GC(103) - age   4:      18952 bytes,    5189280 total
[2020-09-11T14:57:58.955+0000][1][gc,age       ] GC(103) - age   5:        368 bytes,    5189648 total
[2020-09-11T14:57:58.955+0000][1][gc,age       ] GC(103) - age   6:         56 bytes,    5189704 total
[2020-09-11T14:57:58.955+0000][1][gc,heap      ] GC(103) ParNew: 68052K->5299K(76672K)
[2020-09-11T14:57:58.955+0000][1][gc,heap      ] GC(103) CMS: 69339K->69339K(439104K)
[2020-09-11T14:57:58.955+0000][1][gc,metaspace ] GC(103) Metaspace: 87316K->87316K(1130496K)
[2020-09-11T14:57:58.955+0000][1][gc           ] GC(103) Pause Young (Allocation Failure) 134M->72M(503M) 23.719ms
[2020-09-11T14:57:58.955+0000][1][gc,cpu       ] GC(103) User=0.01s Sys=0.00s Real=0.02s
[2020-09-11T14:57:58.963+0000][1][safepoint    ] Safepoint "GenCollectForAllocation", Time since last: 92194041 ns, Reaching safepoint: 3171528 ns, At safepoint: 31930904 ns, Total: 35102432 ns
[2020-09-11T14:57:58.978+0000][1][safepoint    ] Safepoint "Deoptimize", Time since last: 13655745 ns, Reaching safepoint: 82463 ns, At safepoint: 671407 ns, Total: 753870 ns
[2020-09-11T14:57:59.032+0000][1][safepoint    ] Safepoint "RevokeBias", Time since last: 46312110 ns, Reaching safepoint: 8096884 ns, At safepoint: 40976 ns, Total: 8137860 ns
[2020-09-11T14:57:59.033+0000][1][safepoint    ] Safepoint "RevokeBias", Time since last: 127644 ns, Reaching safepoint: 115507 ns, At safepoint: 21581 ns, Total: 137088 ns
[2020-09-11T14:57:59.034+0000][1][safepoint    ] Safepoint "RevokeBias", Time since last: 1120141 ns, Reaching safepoint: 122704 ns, At safepoint: 168619 ns, Total: 291323 ns
[2020-09-11T14:57:59.096+0000][1][safepoint    ] Safepoint "RevokeBias", Time since last: 54901681 ns, Reaching safepoint: 7412612 ns, At safepoint: 204148 ns, Total: 7616760 ns
[2020-09-11T14:57:59.099+0000][1][safepoint    ] Safepoint "RevokeBias", Time since last: 825305 ns, Reaching safepoint: 1303909 ns, At safepoint: 137554 ns, Total: 1441463 ns
[2020-09-11T14:57:59.101+0000][1][safepoint    ] Safepoint "RevokeBias", Time since last: 484405 ns, Reaching safepoint: 2007954 ns, At safepoint: 141982 ns, Total: 2149936 ns
[2020-09-11T14:57:59.104+0000][1][safepoint    ] Safepoint "RevokeBias", Time since last: 113185 ns, Reaching safepoint: 1979471 ns, At safepoint: 144006 ns, Total: 2123477 ns
[2020-09-11T14:57:59.141+0000][1][safepoint    ] Safepoint "Deoptimize", Time since last: 33783254 ns, Reaching safepoint: 3163625 ns, At safepoint: 696404 ns, Total: 3860029 ns
[2020-09-11T14:57:59.254+0000][1][safepoint    ] Safepoint "RevokeBias", Time since last: 112344210 ns, Reaching safepoint: 171068 ns, At safepoint: 18632 ns, Total: 189700 ns
[2020-09-11T14:57:59.260+0000][1][safepoint    ] Safepoint "RevokeBias", Time since last: 522317 ns, Reaching safepoint: 5162449 ns, At safepoint: 172591 ns, Total: 5335040 ns
[2020-09-11T14:57:59.284+0000][1][safepoint    ] Safepoint "Deoptimize", Time since last: 23782850 ns, Reaching safepoint: 172016 ns, At safepoint: 681988 ns, Total: 854004 ns
[2020-09-11T14:57:59.318+0000][1][safepoint    ] Safepoint "Deoptimize", Time since last: 33111936 ns, Reaching safepoint: 163873 ns, At safepoint: 688628 ns, Total: 852501 ns
[2020-09-11T14:57:59.408+0000][1][safepoint    ] Safepoint "RevokeBias", Time since last: 81781406 ns, Reaching safepoint: 7629377 ns, At safepoint: 24192 ns, Total: 7653569 ns
[2020-09-11T14:57:59.410+0000][1][safepoint    ] Safepoint "RevokeBias", Time since last: 394198 ns, Reaching safepoint: 1967002 ns, At safepoint: 37487 ns, Total: 2004489 ns
[2020-09-11T14:57:59.411+0000][1][safepoint    ] Safepoint "RevokeBias", Time since last: 995124 ns, Reaching safepoint: 152088 ns, At safepoint: 27029 ns, Total: 179117 ns
[2020-09-11T14:57:59.441+0000][1][safepoint    ] Safepoint "RevokeBias", Time since last: 25893099 ns, Reaching safepoint: 4044425 ns, At safepoint: 42173 ns, Total: 4086598 ns
[2020-09-11T14:57:59.442+0000][1][safepoint    ] Safepoint "RevokeBias", Time since last: 99091 ns, Reaching safepoint: 548565 ns, At safepoint: 149334 ns, Total: 697899 ns
[2020-09-11T14:57:59.460+0000][1][safepoint    ] Safepoint "RevokeBias", Time since last: 17537293 ns, Reaching safepoint: 643180 ns, At safepoint: 150379 ns, Total: 793559 ns
[2020-09-11T14:57:59.465+0000][1][safepoint    ] Safepoint "RevokeBias", Time since last: 4080991 ns, Reaching safepoint: 236463 ns, At safepoint: 145549 ns, Total: 382012 ns
[2020-09-11T14:57:59.500+0000][1][safepoint    ] Safepoint "RevokeBias", Time since last: 23373062 ns, Reaching safepoint: 11706734 ns, At safepoint: 31703 ns, Total: 11738437 ns
[2020-09-11T14:57:59.517+0000][1][safepoint    ] Safepoint "RevokeBias", Time since last: 11124041 ns, Reaching safepoint: 483284 ns, At safepoint: 5282772 ns, Total: 5766056 ns
[2020-09-11T14:57:59.517+0000][1][safepoint    ] Safepoint "RevokeBias", Time since last: 78647 ns, Reaching safepoint: 177589 ns, At safepoint: 134083 ns, Total: 311672 ns
[2020-09-11T14:57:59.561+0000][1][safepoint    ] Safepoint "RevokeBias", Time since last: 43749869 ns, Reaching safepoint: 188460 ns, At safepoint: 21572 ns, Total: 210032 ns
[2020-09-11T14:57:59.608+0000][1][safepoint    ] Safepoint "RevokeBias", Time since last: 46243650 ns, Reaching safepoint: 250769 ns, At safepoint: 12345 ns, Total: 263114 ns
[2020-09-11T14:57:59.618+0000][1][safepoint    ] Safepoint "RevokeBias", Time since last: 1935630 ns, Reaching safepoint: 8643322 ns, At safepoint: 18968 ns, Total: 8662290 ns
[2020-09-11T14:57:59.708+0000][1][safepoint    ] Safepoint "RevokeBias", Time since last: 89454057 ns, Reaching safepoint: 184011 ns, At safepoint: 8723 ns, Total: 192734 ns
[2020-09-11T14:57:59.708+0000][1][safepoint    ] Safepoint "RevokeBias", Time since last: 90005 ns, Reaching safepoint: 115476 ns, At safepoint: 6699 ns, Total: 122175 ns
[2020-09-11T14:57:59.708+0000][1][safepoint    ] Safepoint "RevokeBias", Time since last: 31757 ns, Reaching safepoint: 113106 ns, At safepoint: 6448 ns, Total: 119554 ns
[2020-09-11T14:57:59.736+0000][1][safepoint    ] Safepoint "RevokeBias", Time since last: 15429089 ns, Reaching safepoint: 11789184 ns, At safepoint: 36521 ns, Total: 11825705 ns
[2020-09-11T14:57:59.736+0000][1][safepoint    ] Safepoint "RevokeBias", Time since last: 180188 ns, Reaching safepoint: 270923 ns, At safepoint: 206932 ns, Total: 477855 ns
[2020-09-11T14:58:00.157+0000][1][safepoint    ] Safepoint "RevokeBias", Time since last: 419525881 ns, Reaching safepoint: 870359 ns, At safepoint: 147812 ns, Total: 1018171 ns
[2020-09-11T14:58:00.276+0000][1][gc,start     ] GC(104) Pause Young (Allocation Failure)
[2020-09-11T14:58:00.276+0000][1][gc,task      ] GC(104) Using 1 workers of 1 for evacuation
[2020-09-11T14:58:00.352+0000][1][gc,age       ] GC(104) Desired survivor size 4358144 bytes, new threshold 6 (max threshold 6)
[2020-09-11T14:58:00.352+0000][1][gc,age       ] GC(104) Age table with threshold 6 (max threshold 6)
[2020-09-11T14:58:00.352+0000][1][gc,age       ] GC(104) - age   1:     879808 bytes,     879808 total
[2020-09-11T14:58:00.352+0000][1][gc,heap      ] GC(104) ParNew: 73459K->1807K(76672K)
[2020-09-11T14:58:00.352+0000][1][gc,heap      ] GC(104) CMS: 69339K->72855K(439104K)
[2020-09-11T14:58:00.352+0000][1][gc,metaspace ] GC(104) Metaspace: 88819K->88819K(1130496K)
[2020-09-11T14:58:00.352+0000][1][gc           ] GC(104) Pause Young (Allocation Failure) 139M->72M(503M) 76.386ms
[2020-09-11T14:58:00.352+0000][1][gc,cpu       ] GC(104) User=0.03s Sys=0.00s Real=0.07s
[2020-09-11T14:58:00.364+0000][1][safepoint    ] Safepoint "GenCollectForAllocation", Time since last: 118674287 ns, Reaching safepoint: 191318 ns, At safepoint: 88280987 ns, Total: 88472305 ns
[2020-09-11T14:58:00.450+0000][1][safepoint    ] Safepoint "RevokeBias", Time since last: 85356432 ns, Reaching safepoint: 853584 ns, At safepoint: 214758 ns, Total: 1068342 ns
[2020-09-11T14:58:00.479+0000][1][safepoint    ] Safepoint "RevokeBias", Time since last: 27950160 ns, Reaching safepoint: 378139 ns, At safepoint: 354070 ns, Total: 732209 ns
[2020-09-11T14:58:00.480+0000][1][safepoint    ] Safepoint "RevokeBias", Time since last: 527992 ns, Reaching safepoint: 115196 ns, At safepoint: 87212 ns, Total: 202408 ns
[2020-09-11T14:58:00.484+0000][1][safepoint    ] Safepoint "RevokeBias", Time since last: 3670809 ns, Reaching safepoint: 434636 ns, At safepoint: 179850 ns, Total: 614486 ns
[2020-09-11T14:58:00.484+0000][1][safepoint    ] Safepoint "RevokeBias", Time since last: 105469 ns, Reaching safepoint: 115301 ns, At safepoint: 88144 ns, Total: 203445 ns
[2020-09-11T14:58:00.541+0000][1][safepoint    ] Safepoint "RevokeBias", Time since last: 55443983 ns, Reaching safepoint: 1017353 ns, At safepoint: 136065 ns, Total: 1153418 ns
[2020-09-11T14:58:00.568+0000][1][safepoint    ] Safepoint "RevokeBias", Time since last: 23139057 ns, Reaching safepoint: 3460060 ns, At safepoint: 149812 ns, Total: 3609872 ns
[2020-09-11T14:58:00.576+0000][1][safepoint    ] Safepoint "RevokeBias", Time since last: 8005955 ns, Reaching safepoint: 172889 ns, At safepoint: 144171 ns, Total: 317060 ns
[2020-09-11T14:58:00.580+0000][1][safepoint    ] Safepoint "RevokeBias", Time since last: 1103157 ns, Reaching safepoint: 2367469 ns, At safepoint: 133150 ns, Total: 2500619 ns
[2020-09-11T14:58:00.594+0000][1][safepoint    ] Safepoint "RevokeBias", Time since last: 14459833 ns, Reaching safepoint: 180939 ns, At safepoint: 137849 ns, Total: 318788 ns
[2020-09-11T14:58:00.599+0000][1][safepoint    ] Safepoint "RevokeBias", Time since last: 1049884 ns, Reaching safepoint: 3405504 ns, At safepoint: 143938 ns, Total: 3549442 ns
[2020-09-11T14:58:00.599+0000][1][safepoint    ] Safepoint "RevokeBias", Time since last: 90195 ns, Reaching safepoint: 188074 ns, At safepoint: 90614 ns, Total: 278688 ns
[2020-09-11T14:58:00.600+0000][1][safepoint    ] Safepoint "RevokeBias", Time since last: 61135 ns, Reaching safepoint: 112324 ns, At safepoint: 79719 ns, Total: 192043 ns
[2020-09-11T14:58:00.604+0000][1][safepoint    ] Safepoint "RevokeBias", Time since last: 2176220 ns, Reaching safepoint: 1698695 ns, At safepoint: 520884 ns, Total: 2219579 ns
[2020-09-11T14:58:00.605+0000][1][safepoint    ] Safepoint "RevokeBias", Time since last: 183470 ns, Reaching safepoint: 192707 ns, At safepoint: 117437 ns, Total: 310144 ns
[2020-09-11T14:58:00.607+0000][1][safepoint    ] Safepoint "RevokeBias", Time since last: 253317 ns, Reaching safepoint: 1567671 ns, At safepoint: 347556 ns, Total: 1915227 ns
[2020-09-11T14:58:00.758+0000][1][safepoint    ] Safepoint "RevokeBias", Time since last: 150636549 ns, Reaching safepoint: 189957 ns, At safepoint: 21463 ns, Total: 211420 ns
[2020-09-11T14:58:00.780+0000][1][safepoint    ] Safepoint "RevokeBias", Time since last: 22343557 ns, Reaching safepoint: 187914 ns, At safepoint: 148430 ns, Total: 336344 ns
[2020-09-11T14:58:00.844+0000][1][safepoint    ] Safepoint "RevokeBias", Time since last: 63213175 ns, Reaching safepoint: 1051836 ns, At safepoint: 22576 ns, Total: 1074412 ns
[2020-09-11T14:58:00.904+0000][1][safepoint    ] Safepoint "Deoptimize", Time since last: 58488299 ns, Reaching safepoint: 167324 ns, At safepoint: 805870 ns, Total: 973194 ns
[2020-09-11T14:58:00.956+0000][1][safepoint    ] Safepoint "RevokeBias", Time since last: 42762856 ns, Reaching safepoint: 8797494 ns, At safepoint: 30578 ns, Total: 8828072 ns
[2020-09-11T14:58:01.048+0000][1][safepoint    ] Safepoint "RevokeBias", Time since last: 92212119 ns, Reaching safepoint: 194680 ns, At safepoint: 215183 ns, Total: 409863 ns
[2020-09-11T14:58:01.110+0000][1][gc,start     ] GC(105) Pause Young (Allocation Failure)
[2020-09-11T14:58:01.110+0000][1][gc,task      ] GC(105) Using 1 workers of 1 for evacuation
[2020-09-11T14:58:01.133+0000][1][gc,age       ] GC(105) Desired survivor size 4358144 bytes, new threshold 6 (max threshold 6)
[2020-09-11T14:58:01.133+0000][1][gc,age       ] GC(105) Age table with threshold 6 (max threshold 6)
[2020-09-11T14:58:01.133+0000][1][gc,age       ] GC(105) - age   1:     488688 bytes,     488688 total
[2020-09-11T14:58:01.133+0000][1][gc,age       ] GC(105) - age   2:     832408 bytes,    1321096 total
[2020-09-11T14:58:01.133+0000][1][gc,heap      ] GC(105) ParNew: 69967K->1548K(76672K)
[2020-09-11T14:58:01.133+0000][1][gc,heap      ] GC(105) CMS: 72855K->72855K(439104K)
[2020-09-11T14:58:01.133+0000][1][gc,metaspace ] GC(105) Metaspace: 90021K->90021K(1132544K)
[2020-09-11T14:58:01.133+0000][1][gc           ] GC(105) Pause Young (Allocation Failure) 139M->72M(503M) 23.157ms
[2020-09-11T14:58:01.133+0000][1][gc,cpu       ] GC(105) User=0.01s Sys=0.00s Real=0.02s
[2020-09-11T14:58:01.139+0000][1][safepoint    ] Safepoint "GenCollectForAllocation", Time since last: 61983981 ns, Reaching safepoint: 155059 ns, At safepoint: 29131206 ns, Total: 29286265 ns
[2020-09-11T14:58:01.285+0000][1][safepoint    ] Safepoint "RevokeBias", Time since last: 143559140 ns, Reaching safepoint: 182188 ns, At safepoint: 2318816 ns, Total: 2501004 ns
[2020-09-11T14:58:01.436+0000][1][safepoint    ] Safepoint "RevokeBias", Time since last: 149938161 ns, Reaching safepoint: 177886 ns, At safepoint: 21752 ns, Total: 199638 ns
[2020-09-11T14:58:01.444+0000][1][safepoint    ] Safepoint "RevokeBias", Time since last: 8195702 ns, Reaching safepoint: 213471 ns, At safepoint: 154609 ns, Total: 368080 ns
[2020-09-11T14:58:01.457+0000][1][safepoint    ] Safepoint "RevokeBias", Time since last: 12822477 ns, Reaching safepoint: 230006 ns, At safepoint: 154534 ns, Total: 384540 ns
[2020-09-11T14:58:01.458+0000][1][safepoint    ] Safepoint "RevokeBias", Time since last: 91900 ns, Reaching safepoint: 115134 ns, At safepoint: 100594 ns, Total: 215728 ns
[2020-09-11T14:58:01.481+0000][1][safepoint    ] Safepoint "RevokeBias", Time since last: 22900283 ns, Reaching safepoint: 155519 ns, At safepoint: 149362 ns, Total: 304881 ns
[2020-09-11T14:58:01.481+0000][1][safepoint    ] Safepoint "RevokeBias", Time since last: 55234 ns, Reaching safepoint: 122586 ns, At safepoint: 96539 ns, Total: 219125 ns
[2020-09-11T14:58:01.482+0000][1][safepoint    ] Safepoint "RevokeBias", Time since last: 159127 ns, Reaching safepoint: 109862 ns, At safepoint: 91588 ns, Total: 201450 ns
[2020-09-11T14:58:01.482+0000][1][safepoint    ] Safepoint "RevokeBias", Time since last: 69701 ns, Reaching safepoint: 178506 ns, At safepoint: 145872 ns, Total: 324378 ns
[2020-09-11T14:58:01.482+0000][1][safepoint    ] Safepoint "RevokeBias", Time since last: 91625 ns, Reaching safepoint: 111669 ns, At safepoint: 90657 ns, Total: 202326 ns
[2020-09-11T14:58:01.484+0000][1][safepoint    ] Safepoint "RevokeBias", Time since last: 69206 ns, Reaching safepoint: 1147515 ns, At safepoint: 125113 ns, Total: 1272628 ns
[2020-09-11T14:58:01.510+0000][1][safepoint    ] Safepoint "RevokeBias", Time since last: 7855451 ns, Reaching safepoint: 18289782 ns, At safepoint: 560230 ns, Total: 18850012 ns
[2020-09-11T14:58:01.513+0000][1][safepoint    ] Safepoint "RevokeBias", Time since last: 1919224 ns, Reaching safepoint: 147932 ns, At safepoint: 193245 ns, Total: 341177 ns
[2020-09-11T14:58:01.513+0000][1][safepoint    ] Safepoint "RevokeBias", Time since last: 96730 ns, Reaching safepoint: 117991 ns, At safepoint: 172213 ns, Total: 290204 ns
[2020-09-11T14:58:01.520+0000][1][safepoint    ] Safepoint "RevokeBias", Time since last: 63821 ns, Reaching safepoint: 112503 ns, At safepoint: 6679948 ns, Total: 6792451 ns
[2020-09-11T14:58:01.535+0000][1][safepoint    ] Safepoint "RevokeBias", Time since last: 1231815 ns, Reaching safepoint: 13191025 ns, At safepoint: 396221 ns, Total: 13587246 ns
[2020-09-11T14:58:01.541+0000][1][safepoint    ] Safepoint "RevokeBias", Time since last: 6383668 ns, Reaching safepoint: 169045 ns, At safepoint: 146136 ns, Total: 315181 ns
[2020-09-11T14:58:01.569+0000][1][safepoint    ] Safepoint "RevokeBias", Time since last: 26437794 ns, Reaching safepoint: 717285 ns, At safepoint: 271642 ns, Total: 988927 ns
[2020-09-11T14:58:01.726+0000][1][safepoint    ] Safepoint "RevokeBias", Time since last: 156682588 ns, Reaching safepoint: 188998 ns, At safepoint: 156857 ns, Total: 345855 ns
[2020-09-11T14:58:01.859+0000][1][gc,start     ] GC(106) Pause Young (Allocation Failure)
[2020-09-11T14:58:01.859+0000][1][gc,task      ] GC(106) Using 1 workers of 1 for evacuation
[2020-09-11T14:58:01.911+0000][1][gc,age       ] GC(106) Desired survivor size 4358144 bytes, new threshold 6 (max threshold 6)
[2020-09-11T14:58:01.911+0000][1][gc,age       ] GC(106) Age table with threshold 6 (max threshold 6)
[2020-09-11T14:58:01.911+0000][1][gc,age       ] GC(106) - age   1:     404840 bytes,     404840 total
[2020-09-11T14:58:01.911+0000][1][gc,age       ] GC(106) - age   2:     317472 bytes,     722312 total
[2020-09-11T14:58:01.911+0000][1][gc,age       ] GC(106) - age   3:     831920 bytes,    1554232 total
[2020-09-11T14:58:01.912+0000][1][gc,heap      ] GC(106) ParNew: 69708K->2322K(76672K)
[2020-09-11T14:58:01.912+0000][1][gc,heap      ] GC(106) CMS: 72855K->72855K(439104K)
[2020-09-11T14:58:01.912+0000][1][gc,metaspace ] GC(106) Metaspace: 90326K->90326K(1132544K)
[2020-09-11T14:58:01.912+0000][1][gc           ] GC(106) Pause Young (Allocation Failure) 139M->73M(503M) 52.648ms
[2020-09-11T14:58:01.912+0000][1][gc,cpu       ] GC(106) User=0.01s Sys=0.00s Real=0.05s
[2020-09-11T14:58:01.913+0000][1][safepoint    ] Safepoint "GenCollectForAllocation", Time since last: 132982600 ns, Reaching safepoint: 173818 ns, At safepoint: 54205727 ns, Total: 54379545 ns
[2020-09-11T14:58:01.964+0000][1][safepoint    ] Safepoint "RevokeBias", Time since last: 49940162 ns, Reaching safepoint: 260980 ns, At safepoint: 182889 ns, Total: 443869 ns
[2020-09-11T14:58:02.130+0000][1][safepoint    ] Safepoint "RevokeBias", Time since last: 165854038 ns, Reaching safepoint: 169095 ns, At safepoint: 207042 ns, Total: 376137 ns
[2020-09-11T14:58:02.182+0000][1][safepoint    ] Safepoint "RevokeBias", Time since last: 51993710 ns, Reaching safepoint: 188574 ns, At safepoint: 152860 ns, Total: 341434 ns
[2020-09-11T14:58:02.416+0000][1][safepoint    ] Safepoint "RevokeBias", Time since last: 233648380 ns, Reaching safepoint: 186868 ns, At safepoint: 223664 ns, Total: 410532 ns
[2020-09-11T14:58:02.514+0000][1][gc,start     ] GC(107) Pause Young (Allocation Failure)
[2020-09-11T14:58:02.514+0000][1][gc,task      ] GC(107) Using 1 workers of 1 for evacuation
[2020-09-11T14:58:02.533+0000][1][gc,age       ] GC(107) Desired survivor size 4358144 bytes, new threshold 6 (max threshold 6)
[2020-09-11T14:58:02.534+0000][1][gc,age       ] GC(107) Age table with threshold 6 (max threshold 6)
[2020-09-11T14:58:02.534+0000][1][gc,age       ] GC(107) - age   1:     285552 bytes,     285552 total
[2020-09-11T14:58:02.534+0000][1][gc,age       ] GC(107) - age   2:      80448 bytes,     366000 total
[2020-09-11T14:58:02.534+0000][1][gc,age       ] GC(107) - age   3:     233208 bytes,     599208 total
[2020-09-11T14:58:02.534+0000][1][gc,age       ] GC(107) - age   4:     769472 bytes,    1368680 total
[2020-09-11T14:58:02.534+0000][1][gc,heap      ] GC(107) ParNew: 70482K->1428K(76672K)
[2020-09-11T14:58:02.534+0000][1][gc,heap      ] GC(107) CMS: 72855K->72855K(439104K)
[2020-09-11T14:58:02.534+0000][1][gc,metaspace ] GC(107) Metaspace: 90589K->90589K(1132544K)
[2020-09-11T14:58:02.534+0000][1][gc           ] GC(107) Pause Young (Allocation Failure) 139M->72M(503M) 19.630ms
[2020-09-11T14:58:02.534+0000][1][gc,cpu       ] GC(107) User=0.01s Sys=0.00s Real=0.02s
[2020-09-11T14:58:02.554+0000][1][safepoint    ] Safepoint "GenCollectForAllocation", Time since last: 97651510 ns, Reaching safepoint: 181042 ns, At safepoint: 39544422 ns, Total: 39725464 ns
[2020-09-11T14:58:02.609+0000][1][safepoint    ] Safepoint "RevokeBias", Time since last: 55317261 ns, Reaching safepoint: 88791 ns, At safepoint: 142098 ns, Total: 230889 ns
[2020-09-11T14:58:02.644+0000][1][safepoint    ] Safepoint "RevokeBias", Time since last: 34619779 ns, Reaching safepoint: 240718 ns, At safepoint: 145594 ns, Total: 386312 ns
[2020-09-11T14:58:02.879+0000][1][safepoint    ] Safepoint "RevokeBias", Time since last: 233971008 ns, Reaching safepoint: 265848 ns, At safepoint: 216871 ns, Total: 482719 ns
[2020-09-11T14:58:02.889+0000][1][safepoint    ] Safepoint "BulkRevokeBias", Time since last: 10061435 ns, Reaching safepoint: 152207 ns, At safepoint: 305998 ns, Total: 458205 ns
[2020-09-11T14:58:02.908+0000][1][safepoint    ] Safepoint "RevokeBias", Time since last: 18717600 ns, Reaching safepoint: 156835 ns, At safepoint: 186544 ns, Total: 343379 ns
[2020-09-11T14:58:02.909+0000][1][safepoint    ] Safepoint "RevokeBias", Time since last: 353165 ns, Reaching safepoint: 51688 ns, At safepoint: 12960 ns, Total: 64648 ns
[2020-09-11T14:58:02.910+0000][1][safepoint    ] Safepoint "RevokeBias", Time since last: 874603 ns, Reaching safepoint: 49992 ns, At safepoint: 120977 ns, Total: 170969 ns
[2020-09-11T14:58:02.912+0000][1][safepoint    ] Safepoint "RevokeBias", Time since last: 2233406 ns, Reaching safepoint: 69601 ns, At safepoint: 127828 ns, Total: 197429 ns
[2020-09-11T14:58:02.929+0000][1][safepoint    ] Safepoint "RevokeBias", Time since last: 13212425 ns, Reaching safepoint: 3387286 ns, At safepoint: 201036 ns, Total: 3588322 ns
[2020-09-11T14:58:02.932+0000][1][safepoint    ] Safepoint "BulkRevokeBias", Time since last: 2623301 ns, Reaching safepoint: 169147 ns, At safepoint: 321912 ns, Total: 491059 ns
[2020-09-11T14:58:03.120+0000][1][gc,start     ] GC(108) Pause Young (Allocation Failure)
[2020-09-11T14:58:03.120+0000][1][gc,task      ] GC(108) Using 1 workers of 1 for evacuation
[2020-09-11T14:58:03.160+0000][1][gc,age       ] GC(108) Desired survivor size 4358144 bytes, new threshold 6 (max threshold 6)
[2020-09-11T14:58:03.160+0000][1][gc,age       ] GC(108) Age table with threshold 6 (max threshold 6)
[2020-09-11T14:58:03.160+0000][1][gc,age       ] GC(108) - age   1:     355064 bytes,     355064 total
[2020-09-11T14:58:03.160+0000][1][gc,age       ] GC(108) - age   2:     115328 bytes,     470392 total
[2020-09-11T14:58:03.160+0000][1][gc,age       ] GC(108) - age   3:      75704 bytes,     546096 total
[2020-09-11T14:58:03.160+0000][1][gc,age       ] GC(108) - age   4:     233056 bytes,     779152 total
[2020-09-11T14:58:03.160+0000][1][gc,age       ] GC(108) - age   5:     769472 bytes,    1548624 total
[2020-09-11T14:58:03.160+0000][1][gc,heap      ] GC(108) ParNew: 69588K->2719K(76672K)
[2020-09-11T14:58:03.160+0000][1][gc,heap      ] GC(108) CMS: 72855K->72855K(439104K)
[2020-09-11T14:58:03.160+0000][1][gc,metaspace ] GC(108) Metaspace: 90657K->90657K(1132544K)
[2020-09-11T14:58:03.160+0000][1][gc           ] GC(108) Pause Young (Allocation Failure) 139M->73M(503M) 40.099ms
[2020-09-11T14:58:03.160+0000][1][gc,cpu       ] GC(108) User=0.02s Sys=0.00s Real=0.04s
[2020-09-11T14:58:03.160+0000][1][safepoint    ] Safepoint "GenCollectForAllocation", Time since last: 187535274 ns, Reaching safepoint: 194530 ns, At safepoint: 40298843 ns, Total: 40493373 ns
[2020-09-11T14:58:03.193+0000][1][safepoint    ] Safepoint "RevokeBias", Time since last: 32523788 ns, Reaching safepoint: 318286 ns, At safepoint: 570382 ns, Total: 888668 ns
[2020-09-11T14:58:03.213+0000][1][safepoint    ] Safepoint "RevokeBias", Time since last: 10397189 ns, Reaching safepoint: 8827922 ns, At safepoint: 161801 ns, Total: 8989723 ns
[2020-09-11T14:58:03.294+0000][1][safepoint    ] Safepoint "RevokeBias", Time since last: 80860580 ns, Reaching safepoint: 177048 ns, At safepoint: 8950 ns, Total: 185998 ns
[2020-09-11T14:58:03.351+0000][1][safepoint    ] Safepoint "RevokeBias", Time since last: 57001981 ns, Reaching safepoint: 169401 ns, At safepoint: 18871 ns, Total: 188272 ns
[2020-09-11T14:58:03.351+0000][1][safepoint    ] Safepoint "RevokeBias", Time since last: 108250 ns, Reaching safepoint: 41299 ns, At safepoint: 11841 ns, Total: 53140 ns
[2020-09-11T14:58:03.455+0000][1][safepoint    ] Safepoint "BulkRevokeBias", Time since last: 98902855 ns, Reaching safepoint: 1007936 ns, At safepoint: 3633460 ns, Total: 4641396 ns
[2020-09-11T14:58:03.612+0000][1][safepoint    ] Safepoint "RevokeBias", Time since last: 156861568 ns, Reaching safepoint: 100151 ns, At safepoint: 359424 ns, Total: 459575 ns
[2020-09-11T14:58:03.944+0000][1][gc,start     ] GC(109) Pause Young (Allocation Failure)
[2020-09-11T14:58:03.944+0000][1][gc,task      ] GC(109) Using 1 workers of 1 for evacuation
[2020-09-11T14:58:03.963+0000][1][gc,age       ] GC(109) Desired survivor size 4358144 bytes, new threshold 6 (max threshold 6)
[2020-09-11T14:58:03.963+0000][1][gc,age       ] GC(109) Age table with threshold 6 (max threshold 6)
[2020-09-11T14:58:03.963+0000][1][gc,age       ] GC(109) - age   1:     626352 bytes,     626352 total
[2020-09-11T14:58:03.963+0000][1][gc,age       ] GC(109) - age   2:      25792 bytes,     652144 total
[2020-09-11T14:58:03.963+0000][1][gc,age       ] GC(109) - age   3:      48280 bytes,     700424 total
[2020-09-11T14:58:03.963+0000][1][gc,age       ] GC(109) - age   4:      34960 bytes,     735384 total
[2020-09-11T14:58:03.963+0000][1][gc,age       ] GC(109) - age   5:     212480 bytes,     947864 total
[2020-09-11T14:58:03.963+0000][1][gc,age       ] GC(109) - age   6:     769352 bytes,    1717216 total
[2020-09-11T14:58:03.963+0000][1][gc,heap      ] GC(109) ParNew: 70879K->1814K(76672K)
[2020-09-11T14:58:03.963+0000][1][gc,heap      ] GC(109) CMS: 72855K->72855K(439104K)
[2020-09-11T14:58:03.963+0000][1][gc,metaspace ] GC(109) Metaspace: 90699K->90699K(1132544K)
[2020-09-11T14:58:03.963+0000][1][gc           ] GC(109) Pause Young (Allocation Failure) 140M->72M(503M) 19.712ms
[2020-09-11T14:58:03.963+0000][1][gc,cpu       ] GC(109) User=0.01s Sys=0.00s Real=0.01s
[2020-09-11T14:58:03.992+0000][1][safepoint    ] Safepoint "GenCollectForAllocation", Time since last: 331432392 ns, Reaching safepoint: 185616 ns, At safepoint: 48398003 ns, Total: 48583619 ns
[2020-09-11T14:58:04.369+0000][1][safepoint    ] Safepoint "RevokeBias", Time since last: 375759245 ns, Reaching safepoint: 614970 ns, At safepoint: 151789 ns, Total: 766759 ns
[2020-09-11T14:58:04.383+0000][1][safepoint    ] Safepoint "RevokeBias", Time since last: 14608314 ns, Reaching safepoint: 169095 ns, At safepoint: 162417 ns, Total: 331512 ns
[2020-09-11T14:58:04.387+0000][1][safepoint    ] Safepoint "RevokeBias", Time since last: 3504490 ns, Reaching safepoint: 90158 ns, At safepoint: 136039 ns, Total: 226197 ns
[2020-09-11T14:58:04.398+0000][1][safepoint    ] Safepoint "RevokeBias", Time since last: 10313664 ns, Reaching safepoint: 386865 ns, At safepoint: 219414 ns, Total: 606279 ns
[2020-09-11T14:58:04.404+0000][1][safepoint    ] Safepoint "RevokeBias", Time since last: 1384706 ns, Reaching safepoint: 4007877 ns, At safepoint: 220013 ns, Total: 4227890 ns
[2020-09-11T14:58:04.404+0000][1][safepoint    ] Safepoint "RevokeBias", Time since last: 143996 ns, Reaching safepoint: 117221 ns, At safepoint: 191647 ns, Total: 308868 ns
[2020-09-11T14:58:04.405+0000][1][safepoint    ] Safepoint "RevokeBias", Time since last: 59668 ns, Reaching safepoint: 113994 ns, At safepoint: 165783 ns, Total: 279777 ns
[2020-09-11T14:58:04.405+0000][1][safepoint    ] Safepoint "RevokeBias", Time since last: 61862 ns, Reaching safepoint: 183729 ns, At safepoint: 393638 ns, Total: 577367 ns
[2020-09-11T14:58:04.406+0000][1][safepoint    ] Safepoint "RevokeBias", Time since last: 90768 ns, Reaching safepoint: 117051 ns, At safepoint: 706929 ns, Total: 823980 ns
[2020-09-11T14:58:04.411+0000][1][safepoint    ] Safepoint "RevokeBias", Time since last: 64114 ns, Reaching safepoint: 119177 ns, At safepoint: 5163405 ns, Total: 5282582 ns
[2020-09-11T14:58:04.416+0000][1][safepoint    ] Safepoint "RevokeBias", Time since last: 153349 ns, Reaching safepoint: 3669943 ns, At safepoint: 261795 ns, Total: 3931738 ns
[2020-09-11T14:58:04.416+0000][1][safepoint    ] Safepoint "RevokeBias", Time since last: 136158 ns, Reaching safepoint: 119313 ns, At safepoint: 173446 ns, Total: 292759 ns
[2020-09-11T14:58:04.416+0000][1][safepoint    ] Safepoint "RevokeBias", Time since last: 63074 ns, Reaching safepoint: 115789 ns, At safepoint: 165845 ns, Total: 281634 ns
[2020-09-11T14:58:04.422+0000][1][safepoint    ] Safepoint "RevokeBias", Time since last: 1415131 ns, Reaching safepoint: 1785936 ns, At safepoint: 2078988 ns, Total: 3864924 ns
[2020-09-11T14:58:04.459+0000][1][safepoint    ] Safepoint "RevokeBias", Time since last: 35960270 ns, Reaching safepoint: 624552 ns, At safepoint: 361672 ns, Total: 986224 ns
[2020-09-11T14:58:04.488+0000][1][safepoint    ] Safepoint "RevokeBias", Time since last: 29201318 ns, Reaching safepoint: 462545 ns, At safepoint: 153021 ns, Total: 615566 ns
[2020-09-11T14:58:04.492+0000][1][gc,start     ] GC(110) Pause Young (Allocation Failure)
[2020-09-11T14:58:04.492+0000][1][gc,task      ] GC(110) Using 1 workers of 1 for evacuation
[2020-09-11T14:58:04.512+0000][1][gc,age       ] GC(110) Desired survivor size 4358144 bytes, new threshold 6 (max threshold 6)
[2020-09-11T14:58:04.512+0000][1][gc,age       ] GC(110) Age table with threshold 6 (max threshold 6)
[2020-09-11T14:58:04.512+0000][1][gc,age       ] GC(110) - age   1:     531768 bytes,     531768 total
[2020-09-11T14:58:04.512+0000][1][gc,age       ] GC(110) - age   2:     117216 bytes,     648984 total
[2020-09-11T14:58:04.512+0000][1][gc,age       ] GC(110) - age   3:      23688 bytes,     672672 total
[2020-09-11T14:58:04.512+0000][1][gc,age       ] GC(110) - age   4:      48280 bytes,     720952 total
[2020-09-11T14:58:04.512+0000][1][gc,age       ] GC(110) - age   5:      34960 bytes,     755912 total
[2020-09-11T14:58:04.512+0000][1][gc,age       ] GC(110) - age   6:     212480 bytes,     968392 total
[2020-09-11T14:58:04.512+0000][1][gc,heap      ] GC(110) ParNew: 69974K->1484K(76672K)
[2020-09-11T14:58:04.512+0000][1][gc,heap      ] GC(110) CMS: 72855K->73619K(439104K)
[2020-09-11T14:58:04.512+0000][1][gc,metaspace ] GC(110) Metaspace: 90749K->90749K(1132544K)
[2020-09-11T14:58:04.512+0000][1][gc           ] GC(110) Pause Young (Allocation Failure) 139M->73M(503M) 20.122ms
[2020-09-11T14:58:04.512+0000][1][gc,cpu       ] GC(110) User=0.01s Sys=0.00s Real=0.02s
[2020-09-11T14:58:04.535+0000][1][safepoint    ] Safepoint "GenCollectForAllocation", Time since last: 3147534 ns, Reaching safepoint: 168271 ns, At safepoint: 43749797 ns, Total: 43918068 ns
[2020-09-11T14:58:04.556+0000][1][safepoint    ] Safepoint "RevokeBias", Time since last: 20005082 ns, Reaching safepoint: 175710 ns, At safepoint: 153109 ns, Total: 328819 ns
[2020-09-11T14:58:04.562+0000][1][safepoint    ] Safepoint "RevokeBias", Time since last: 5926968 ns, Reaching safepoint: 162803 ns, At safepoint: 137607 ns, Total: 300410 ns
[2020-09-11T14:58:04.596+0000][1][safepoint    ] Safepoint "RevokeBias", Time since last: 33598074 ns, Reaching safepoint: 179893 ns, At safepoint: 150306 ns, Total: 330199 ns
[2020-09-11T14:58:04.641+0000][1][safepoint    ] Safepoint "RevokeBias", Time since last: 44611167 ns, Reaching safepoint: 168732 ns, At safepoint: 9411 ns, Total: 178143 ns
[2020-09-11T14:58:04.652+0000][1][safepoint    ] Safepoint "RevokeBias", Time since last: 9077297 ns, Reaching safepoint: 2223368 ns, At safepoint: 170205 ns, Total: 2393573 ns
[2020-09-11T14:58:04.780+0000][1][safepoint    ] Safepoint "RevokeBias", Time since last: 127582651 ns, Reaching safepoint: 179872 ns, At safepoint: 224590 ns, Total: 404462 ns
[2020-09-11T14:58:04.874+0000][1][safepoint    ] Safepoint "RevokeBias", Time since last: 93203238 ns, Reaching safepoint: 190709 ns, At safepoint: 223577 ns, Total: 414286 ns
[2020-09-11T14:58:04.956+0000][1][gc,start     ] GC(111) Pause Young (Allocation Failure)
[2020-09-11T14:58:04.956+0000][1][gc,task      ] GC(111) Using 1 workers of 1 for evacuation
[2020-09-11T14:58:04.975+0000][1][gc,age       ] GC(111) Desired survivor size 4358144 bytes, new threshold 6 (max threshold 6)
[2020-09-11T14:58:04.975+0000][1][gc,age       ] GC(111) Age table with threshold 6 (max threshold 6)
[2020-09-11T14:58:04.975+0000][1][gc,age       ] GC(111) - age   1:     311544 bytes,     311544 total
[2020-09-11T14:58:04.976+0000][1][gc,age       ] GC(111) - age   2:       6536 bytes,     318080 total
[2020-09-11T14:58:04.976+0000][1][gc,age       ] GC(111) - age   3:       2944 bytes,     321024 total
[2020-09-11T14:58:04.976+0000][1][gc,age       ] GC(111) - age   4:       1176 bytes,     322200 total
[2020-09-11T14:58:04.976+0000][1][gc,age       ] GC(111) - age   5:      48248 bytes,     370448 total
[2020-09-11T14:58:04.976+0000][1][gc,age       ] GC(111) - age   6:      34712 bytes,     405160 total
[2020-09-11T14:58:04.976+0000][1][gc,heap      ] GC(111) ParNew: 69644K->1080K(76672K)
[2020-09-11T14:58:04.976+0000][1][gc,heap      ] GC(111) CMS: 73619K->73832K(439104K)
[2020-09-11T14:58:04.976+0000][1][gc,metaspace ] GC(111) Metaspace: 90816K->90816K(1132544K)
[2020-09-11T14:58:04.976+0000][1][gc           ] GC(111) Pause Young (Allocation Failure) 139M->73M(503M) 19.926ms
[2020-09-11T14:58:04.976+0000][1][gc,cpu       ] GC(111) User=0.01s Sys=0.00s Real=0.02s
[2020-09-11T14:58:04.976+0000][1][safepoint    ] Safepoint "GenCollectForAllocation", Time since last: 81710815 ns, Reaching safepoint: 185193 ns, At safepoint: 19992565 ns, Total: 20177758 ns
[2020-09-11T14:58:05.025+0000][1][safepoint    ] Safepoint "RevokeBias", Time since last: 49429636 ns, Reaching safepoint: 194538 ns, At safepoint: 191070 ns, Total: 385608 ns
[2020-09-11T14:58:05.192+0000][1][safepoint    ] Safepoint "RevokeBias", Time since last: 165959961 ns, Reaching safepoint: 115184 ns, At safepoint: 145412 ns, Total: 260596 ns
[2020-09-11T14:58:05.264+0000][1][safepoint    ] Safepoint "RevokeBias", Time since last: 72445329 ns, Reaching safepoint: 153675 ns, At safepoint: 19901 ns, Total: 173576 ns
[2020-09-11T14:58:05.284+0000][1][safepoint    ] Safepoint "RevokeBias", Time since last: 19596411 ns, Reaching safepoint: 160674 ns, At safepoint: 21192 ns, Total: 181866 ns
[2020-09-11T14:58:05.302+0000][1][safepoint    ] Safepoint "RevokeBias", Time since last: 18141922 ns, Reaching safepoint: 173594 ns, At safepoint: 21055 ns, Total: 194649 ns
[2020-09-11T14:58:05.303+0000][1][safepoint    ] Safepoint "RevokeBias", Time since last: 188138 ns, Reaching safepoint: 108817 ns, At safepoint: 13560 ns, Total: 122377 ns
[2020-09-11T14:58:05.303+0000][1][safepoint    ] Safepoint "RevokeBias", Time since last: 110350 ns, Reaching safepoint: 114558 ns, At safepoint: 12014 ns, Total: 126572 ns
[2020-09-11T14:58:05.303+0000][1][safepoint    ] Safepoint "RevokeBias", Time since last: 46059 ns, Reaching safepoint: 117964 ns, At safepoint: 11982 ns, Total: 129946 ns
[2020-09-11T14:58:05.336+0000][1][safepoint    ] Safepoint "RevokeBias", Time since last: 32661031 ns, Reaching safepoint: 157901 ns, At safepoint: 20536 ns, Total: 178437 ns
[2020-09-11T14:58:05.356+0000][1][safepoint    ] Safepoint "RevokeBias", Time since last: 19753521 ns, Reaching safepoint: 247117 ns, At safepoint: 22683 ns, Total: 269800 ns
[2020-09-11T14:58:05.362+0000][1][safepoint    ] Safepoint "Deoptimize", Time since last: 3746364 ns, Reaching safepoint: 158203 ns, At safepoint: 2484932 ns, Total: 2643135 ns
[2020-09-11T14:58:05.381+0000][1][safepoint    ] Safepoint "BulkRevokeBias", Time since last: 17808702 ns, Reaching safepoint: 150811 ns, At safepoint: 246711 ns, Total: 397522 ns
[2020-09-11T14:58:05.384+0000][1][safepoint    ] Safepoint "RevokeBias", Time since last: 3327277 ns, Reaching safepoint: 77693 ns, At safepoint: 15881 ns, Total: 93574 ns
[2020-09-11T14:58:05.401+0000][1][safepoint    ] Safepoint "RevokeBias", Time since last: 16393141 ns, Reaching safepoint: 157433 ns, At safepoint: 19173 ns, Total: 176606 ns
[2020-09-11T14:58:05.412+0000][1][safepoint    ] Safepoint "RevokeBias", Time since last: 10918138 ns, Reaching safepoint: 180989 ns, At safepoint: 141742 ns, Total: 322731 ns
[2020-09-11T14:58:05.457+0000][1][safepoint    ] Safepoint "RevokeBias", Time since last: 44213147 ns, Reaching safepoint: 682313 ns, At safepoint: 22512 ns, Total: 704825 ns
[2020-09-11T14:58:05.457+0000][1][safepoint    ] Safepoint "RevokeBias", Time since last: 88414 ns, Reaching safepoint: 117915 ns, At safepoint: 12657 ns, Total: 130572 ns
[2020-09-11T14:58:05.517+0000][1][safepoint    ] Safepoint "RevokeBias", Time since last: 59600555 ns, Reaching safepoint: 82955 ns, At safepoint: 20778 ns, Total: 103733 ns
[2020-09-11T14:58:05.599+0000][1][safepoint    ] Safepoint "RevokeBias", Time since last: 82362193 ns, Reaching safepoint: 84010 ns, At safepoint: 21552 ns, Total: 105562 ns
[2020-09-11T14:58:05.629+0000][1][safepoint    ] Safepoint "RevokeBias", Time since last: 30021059 ns, Reaching safepoint: 83849 ns, At safepoint: 21726 ns, Total: 105575 ns
[2020-09-11T14:58:05.668+0000][1][safepoint    ] Safepoint "RevokeBias", Time since last: 38902978 ns, Reaching safepoint: 82495 ns, At safepoint: 22074 ns, Total: 104569 ns
[2020-09-11T14:58:05.742+0000][1][safepoint    ] Safepoint "RevokeBias", Time since last: 73332402 ns, Reaching safepoint: 80105 ns, At safepoint: 21023 ns, Total: 101128 ns
[2020-09-11T14:58:05.743+0000][1][safepoint    ] Safepoint "RevokeBias", Time since last: 1370063 ns, Reaching safepoint: 142855 ns, At safepoint: 16921 ns, Total: 159776 ns
[2020-09-11T14:58:06.452+0000][1][safepoint    ] Safepoint "RevokeBias", Time since last: 708965775 ns, Reaching safepoint: 68730 ns, At safepoint: 21399 ns, Total: 90129 ns
[2020-09-11T14:58:06.455+0000][1][safepoint    ] Safepoint "RevokeBias", Time since last: 2287269 ns, Reaching safepoint: 146921 ns, At safepoint: 22655 ns, Total: 169576 ns
[2020-09-11T14:58:06.456+0000][1][safepoint    ] Safepoint "RevokeBias", Time since last: 1140778 ns, Reaching safepoint: 143727 ns, At safepoint: 14130 ns, Total: 157857 ns
[2020-09-11T14:58:06.456+0000][1][safepoint    ] Safepoint "RevokeBias", Time since last: 93444 ns, Reaching safepoint: 154457 ns, At safepoint: 12240 ns, Total: 166697 ns
[2020-09-11T14:58:06.457+0000][1][safepoint    ] Safepoint "RevokeBias", Time since last: 44691 ns, Reaching safepoint: 144882 ns, At safepoint: 12041 ns, Total: 156923 ns
[2020-09-11T14:58:06.496+0000][1][safepoint    ] Safepoint "RevokeBias", Time since last: 39033110 ns, Reaching safepoint: 143625 ns, At safepoint: 19338 ns, Total: 162963 ns
[2020-09-11T14:58:06.544+0000][1][safepoint    ] Safepoint "RevokeBias", Time since last: 46512721 ns, Reaching safepoint: 1290721 ns, At safepoint: 45292 ns, Total: 1336013 ns
[2020-09-11T14:58:06.545+0000][1][safepoint    ] Safepoint "RevokeBias", Time since last: 911357 ns, Reaching safepoint: 127450 ns, At safepoint: 17483 ns, Total: 144933 ns
[2020-09-11T14:58:06.824+0000][1][gc,start     ] GC(112) Pause Young (Allocation Failure)
[2020-09-11T14:58:06.825+0000][1][gc,task      ] GC(112) Using 1 workers of 1 for evacuation
[2020-09-11T14:58:06.834+0000][1][gc,age       ] GC(112) Desired survivor size 4358144 bytes, new threshold 6 (max threshold 6)
[2020-09-11T14:58:06.834+0000][1][gc,age       ] GC(112) Age table with threshold 6 (max threshold 6)
[2020-09-11T14:58:06.834+0000][1][gc,age       ] GC(112) - age   1:    1430352 bytes,    1430352 total
[2020-09-11T14:58:06.834+0000][1][gc,age       ] GC(112) - age   2:     109592 bytes,    1539944 total
[2020-09-11T14:58:06.834+0000][1][gc,age       ] GC(112) - age   3:       4248 bytes,    1544192 total
[2020-09-11T14:58:06.834+0000][1][gc,age       ] GC(112) - age   4:       2816 bytes,    1547008 total
[2020-09-11T14:58:06.834+0000][1][gc,age       ] GC(112) - age   5:       1112 bytes,    1548120 total
[2020-09-11T14:58:06.834+0000][1][gc,age       ] GC(112) - age   6:      46824 bytes,    1594944 total
[2020-09-11T14:58:06.834+0000][1][gc,heap      ] GC(112) ParNew: 69196K->1845K(76672K)
[2020-09-11T14:58:06.834+0000][1][gc,heap      ] GC(112) CMS: 73832K->73861K(439104K)
[2020-09-11T14:58:06.834+0000][1][gc,metaspace ] GC(112) Metaspace: 91118K->91118K(1132544K)
[2020-09-11T14:58:06.834+0000][1][gc           ] GC(112) Pause Young (Allocation Failure) 139M->73M(503M) 9.671ms
[2020-09-11T14:58:06.834+0000][1][gc,cpu       ] GC(112) User=0.01s Sys=0.00s Real=0.00s
[2020-09-11T14:58:06.834+0000][1][safepoint    ] Safepoint "GenCollectForAllocation", Time since last: 279543898 ns, Reaching safepoint: 152724 ns, At safepoint: 9794482 ns, Total: 9947206 ns
[2020-09-11T14:58:07.546+0000][1][safepoint    ] Safepoint "RevokeBias", Time since last: 711671444 ns, Reaching safepoint: 66856 ns, At safepoint: 20554 ns, Total: 87410 ns
[2020-09-11T14:58:07.564+0000][1][safepoint    ] Safepoint "RevokeBias", Time since last: 15437939 ns, Reaching safepoint: 2173140 ns, At safepoint: 26019 ns, Total: 2199159 ns
[2020-09-11T14:58:07.564+0000][1][safepoint    ] Safepoint "RevokeBias", Time since last: 201852 ns, Reaching safepoint: 101915 ns, At safepoint: 13382 ns, Total: 115297 ns
[2020-09-11T14:58:07.564+0000][1][safepoint    ] Safepoint "RevokeBias", Time since last: 108378 ns, Reaching safepoint: 107649 ns, At safepoint: 12794 ns, Total: 120443 ns
[2020-09-11T14:58:07.564+0000][1][safepoint    ] Safepoint "RevokeBias", Time since last: 54120 ns, Reaching safepoint: 128363 ns, At safepoint: 14630 ns, Total: 142993 ns
[2020-09-11T14:58:07.600+0000][1][safepoint    ] Safepoint "RevokeBias", Time since last: 35169094 ns, Reaching safepoint: 159203 ns, At safepoint: 20107 ns, Total: 179310 ns
[2020-09-11T14:58:07.673+0000][1][safepoint    ] Safepoint "RevokeBias", Time since last: 73258463 ns, Reaching safepoint: 320342 ns, At safepoint: 42438 ns, Total: 362780 ns
[2020-09-11T14:58:07.675+0000][1][safepoint    ] Safepoint "RevokeBias", Time since last: 1817569 ns, Reaching safepoint: 124040 ns, At safepoint: 19476 ns, Total: 143516 ns
[2020-09-11T14:58:07.676+0000][1][safepoint    ] Safepoint "RevokeBias", Time since last: 434570 ns, Reaching safepoint: 102939 ns, At safepoint: 14335 ns, Total: 117274 ns
[2020-09-11T14:58:08.676+0000][1][safepoint    ] Safepoint "Cleanup", Time since last: 1000097135 ns, Reaching safepoint: 85834 ns, At safepoint: 7275 ns, Total: 93109 ns
[2020-09-11T14:58:08.677+0000][1][safepoint    ] Safepoint "BulkRevokeBias", Time since last: 609950 ns, Reaching safepoint: 32939 ns, At safepoint: 182766 ns, Total: 215705 ns
[2020-09-11T14:58:08.684+0000][1][safepoint    ] Safepoint "RevokeBias", Time since last: 2510981 ns, Reaching safepoint: 4255719 ns, At safepoint: 36389 ns, Total: 4292108 ns
[2020-09-11T14:58:08.688+0000][1][safepoint    ] Safepoint "RevokeBias", Time since last: 4552756 ns, Reaching safepoint: 146594 ns, At safepoint: 23235 ns, Total: 169829 ns
[2020-09-11T14:58:08.689+0000][1][safepoint    ] Safepoint "RevokeBias", Time since last: 342280 ns, Reaching safepoint: 34752 ns, At safepoint: 14371 ns, Total: 49123 ns
[2020-09-11T14:58:08.689+0000][1][safepoint    ] Safepoint "RevokeBias", Time since last: 46249 ns, Reaching safepoint: 27410 ns, At safepoint: 11707 ns, Total: 39117 ns
[2020-09-11T14:58:08.709+0000][1][safepoint    ] Safepoint "RevokeBias", Time since last: 20116173 ns, Reaching safepoint: 141201 ns, At safepoint: 20988 ns, Total: 162189 ns
[2020-09-11T14:58:08.736+0000][1][safepoint    ] Safepoint "RevokeBias", Time since last: 25147499 ns, Reaching safepoint: 1328753 ns, At safepoint: 46203 ns, Total: 1374956 ns
[2020-09-11T14:58:08.748+0000][1][safepoint    ] Safepoint "RevokeBias", Time since last: 12650484 ns, Reaching safepoint: 146421 ns, At safepoint: 20492 ns, Total: 166913 ns
[2020-09-11T14:58:13.749+0000][1][safepoint    ] Safepoint "Cleanup", Time since last: 5000678042 ns, Reaching safepoint: 120248 ns, At safepoint: 7971 ns, Total: 128219 ns
[2020-09-11T14:58:14.017+0000][1][safepoint    ] Safepoint "RevokeBias", Time since last: 267802017 ns, Reaching safepoint: 236306 ns, At safepoint: 47024 ns, Total: 283330 ns
[2020-09-11T14:58:14.018+0000][1][safepoint    ] Safepoint "RevokeBias", Time since last: 235337 ns, Reaching safepoint: 178710 ns, At safepoint: 35295 ns, Total: 214005 ns
[2020-09-11T14:58:15.018+0000][1][safepoint    ] Safepoint "Cleanup", Time since last: 1000159031 ns, Reaching safepoint: 146473 ns, At safepoint: 17971 ns, Total: 164444 ns
[2020-09-11T14:58:17.019+0000][1][safepoint    ] Safepoint "Cleanup", Time since last: 2000357617 ns, Reaching safepoint: 107460 ns, At safepoint: 7348 ns, Total: 114808 ns
[2020-09-11T14:58:18.019+0000][1][safepoint    ] Safepoint "Cleanup", Time since last: 1000200302 ns, Reaching safepoint: 116574 ns, At safepoint: 7241 ns, Total: 123815 ns
[2020-09-11T14:58:23.020+0000][1][safepoint    ] Safepoint "Cleanup", Time since last: 5000646735 ns, Reaching safepoint: 172803 ns, At safepoint: 17687 ns, Total: 190490 ns
[2020-09-11T14:58:24.020+0000][1][safepoint    ] Safepoint "Cleanup", Time since last: 1000206833 ns, Reaching safepoint: 110521 ns, At safepoint: 7180 ns, Total: 117701 ns
[2020-09-11T14:58:27.021+0000][1][safepoint    ] Safepoint "Cleanup", Time since last: 3000475119 ns, Reaching safepoint: 145898 ns, At safepoint: 17687 ns, Total: 163585 ns
[2020-09-11T14:58:27.262+0000][1][safepoint    ] Safepoint "RevokeBias", Time since last: 241060113 ns, Reaching safepoint: 68421 ns, At safepoint: 20448 ns, Total: 88869 ns
[2020-09-11T14:58:27.262+0000][1][safepoint    ] Safepoint "RevokeBias", Time since last: 203278 ns, Reaching safepoint: 152957 ns, At safepoint: 11903 ns, Total: 164860 ns
[2020-09-11T14:58:27.386+0000][1][safepoint    ] Safepoint "RevokeBias", Time since last: 123886451 ns, Reaching safepoint: 272098 ns, At safepoint: 41665 ns, Total: 313763 ns
[2020-09-11T14:58:28.387+0000][1][safepoint    ] Safepoint "Cleanup", Time since last: 1000274707 ns, Reaching safepoint: 89181 ns, At safepoint: 9181 ns, Total: 98362 ns
[2020-09-11T14:58:29.387+0000][1][safepoint    ] Safepoint "Cleanup", Time since last: 1000183577 ns, Reaching safepoint: 111792 ns, At safepoint: 9412 ns, Total: 121204 ns
[2020-09-11T14:58:30.387+0000][1][safepoint    ] Safepoint "Cleanup", Time since last: 1000227030 ns, Reaching safepoint: 89025 ns, At safepoint: 9106 ns, Total: 98131 ns
[2020-09-11T14:58:31.388+0000][1][safepoint    ] Safepoint "Cleanup", Time since last: 1000233339 ns, Reaching safepoint: 85359 ns, At safepoint: 9027 ns, Total: 94386 ns
[2020-09-11T14:58:32.388+0000][1][safepoint    ] Safepoint "Cleanup", Time since last: 1000180058 ns, Reaching safepoint: 118652 ns, At safepoint: 9735 ns, Total: 128387 ns
[2020-09-11T14:58:33.388+0000][1][safepoint    ] Safepoint "Cleanup", Time since last: 1000190497 ns, Reaching safepoint: 151391 ns, At safepoint: 19271 ns, Total: 170662 ns
[2020-09-11T14:58:34.389+0000][1][safepoint    ] Safepoint "Cleanup", Time since last: 1000232987 ns, Reaching safepoint: 149162 ns, At safepoint: 18489 ns, Total: 167651 ns
[2020-09-11T14:58:35.389+0000][1][safepoint    ] Safepoint "Cleanup", Time since last: 1000191466 ns, Reaching safepoint: 159860 ns, At safepoint: 19344 ns, Total: 179204 ns
[2020-09-11T14:58:36.389+0000][1][safepoint    ] Safepoint "Cleanup", Time since last: 1000187519 ns, Reaching safepoint: 158584 ns, At safepoint: 16993 ns, Total: 175577 ns
[2020-09-11T14:58:37.390+0000][1][safepoint    ] Safepoint "Cleanup", Time since last: 1000163451 ns, Reaching safepoint: 75529 ns, At safepoint: 7685 ns, Total: 83214 ns
[2020-09-11T14:58:38.390+0000][1][safepoint    ] Safepoint "Cleanup", Time since last: 1000174633 ns, Reaching safepoint: 114839 ns, At safepoint: 8694 ns, Total: 123533 ns
[2020-09-11T14:58:39.390+0000][1][safepoint    ] Safepoint "Cleanup", Time since last: 1000190358 ns, Reaching safepoint: 151892 ns, At safepoint: 19641 ns, Total: 171533 ns
[2020-09-11T14:58:40.103+0000][1][gc,start     ] GC(113) Pause Young (Allocation Failure)
[2020-09-11T14:58:40.104+0000][1][gc,task      ] GC(113) Using 1 workers of 1 for evacuation
[2020-09-11T14:58:40.114+0000][1][gc,age       ] GC(113) Desired survivor size 4358144 bytes, new threshold 6 (max threshold 6)
[2020-09-11T14:58:40.114+0000][1][gc,age       ] GC(113) Age table with threshold 6 (max threshold 6)
[2020-09-11T14:58:40.114+0000][1][gc,age       ] GC(113) - age   1:     416976 bytes,     416976 total
[2020-09-11T14:58:40.114+0000][1][gc,age       ] GC(113) - age   2:     457312 bytes,     874288 total
[2020-09-11T14:58:40.114+0000][1][gc,age       ] GC(113) - age   3:     108104 bytes,     982392 total
[2020-09-11T14:58:40.114+0000][1][gc,age       ] GC(113) - age   4:       4248 bytes,     986640 total
[2020-09-11T14:58:40.114+0000][1][gc,age       ] GC(113) - age   5:       2448 bytes,     989088 total
[2020-09-11T14:58:40.114+0000][1][gc,age       ] GC(113) - age   6:       1112 bytes,     990200 total
[2020-09-11T14:58:40.114+0000][1][gc,heap      ] GC(113) ParNew: 69998K->1260K(76672K)
[2020-09-11T14:58:40.114+0000][1][gc,heap      ] GC(113) CMS: 73861K->73907K(439104K)
[2020-09-11T14:58:40.114+0000][1][gc,metaspace ] GC(113) Metaspace: 91150K->91150K(1132544K)
[2020-09-11T14:58:40.114+0000][1][gc           ] GC(113) Pause Young (Allocation Failure) 140M->73M(503M) 10.508ms
[2020-09-11T14:58:40.114+0000][1][gc,cpu       ] GC(113) User=0.01s Sys=0.00s Real=0.00s
[2020-09-11T14:58:40.114+0000][1][safepoint    ] Safepoint "GenCollectForAllocation", Time since last: 712943092 ns, Reaching safepoint: 103345 ns, At safepoint: 10577441 ns, Total: 10680786 ns
[2020-09-11T14:58:41.119+0000][1][safepoint    ] Safepoint "Cleanup", Time since last: 1005089106 ns, Reaching safepoint: 72613 ns, At safepoint: 17263 ns, Total: 89876 ns
[2020-09-11T14:58:42.120+0000][1][safepoint    ] Safepoint "Cleanup", Time since last: 1000143633 ns, Reaching safepoint: 172326 ns, At safepoint: 14399 ns, Total: 186725 ns
[2020-09-11T14:58:43.120+0000][1][safepoint    ] Safepoint "Cleanup", Time since last: 1000161897 ns, Reaching safepoint: 94658 ns, At safepoint: 7393 ns, Total: 102051 ns
[2020-09-11T14:58:44.121+0000][1][safepoint    ] Safepoint "Cleanup", Time since last: 1000882840 ns, Reaching safepoint: 69114 ns, At safepoint: 6213 ns, Total: 75327 ns
[2020-09-11T14:58:45.121+0000][1][safepoint    ] Safepoint "Cleanup", Time since last: 1000171766 ns, Reaching safepoint: 134983 ns, At safepoint: 17270 ns, Total: 152253 ns
[2020-09-11T14:58:46.121+0000][1][safepoint    ] Safepoint "Cleanup", Time since last: 1000210042 ns, Reaching safepoint: 154682 ns, At safepoint: 17253 ns, Total: 171935 ns
[2020-09-11T14:58:47.122+0000][1][safepoint    ] Safepoint "Cleanup", Time since last: 1000206715 ns, Reaching safepoint: 112478 ns, At safepoint: 7358 ns, Total: 119836 ns
[2020-09-11T14:58:48.122+0000][1][safepoint    ] Safepoint "Cleanup", Time since last: 1000197242 ns, Reaching safepoint: 96154 ns, At safepoint: 6927 ns, Total: 103081 ns
[2020-09-11T14:58:49.123+0000][1][safepoint    ] Safepoint "Cleanup", Time since last: 1000881410 ns, Reaching safepoint: 98685 ns, At safepoint: 7160 ns, Total: 105845 ns
[2020-09-11T14:58:50.123+0000][1][safepoint    ] Safepoint "Cleanup", Time since last: 1000146020 ns, Reaching safepoint: 112391 ns, At safepoint: 6458 ns, Total: 118849 ns
[2020-09-11T14:58:51.124+0000][1][safepoint    ] Safepoint "Cleanup", Time since last: 1000180105 ns, Reaching safepoint: 101221 ns, At safepoint: 6898 ns, Total: 108119 ns
[2020-09-11T14:58:52.124+0000][1][safepoint    ] Safepoint "Cleanup", Time since last: 1000195498 ns, Reaching safepoint: 98572 ns, At safepoint: 6850 ns, Total: 105422 ns
[2020-09-11T14:58:53.124+0000][1][safepoint    ] Safepoint "Cleanup", Time since last: 1000119876 ns, Reaching safepoint: 77575 ns, At safepoint: 7323 ns, Total: 84898 ns
[2020-09-11T14:58:54.125+0000][1][safepoint    ] Safepoint "Cleanup", Time since last: 1000867474 ns, Reaching safepoint: 104601 ns, At safepoint: 6281 ns, Total: 110882 ns
[2020-09-11T14:58:55.125+0000][1][safepoint    ] Safepoint "Cleanup", Time since last: 1000181389 ns, Reaching safepoint: 104880 ns, At safepoint: 6934 ns, Total: 111814 ns
[2020-09-11T14:58:56.126+0000][1][safepoint    ] Safepoint "Cleanup", Time since last: 1000199563 ns, Reaching safepoint: 102875 ns, At safepoint: 6671 ns, Total: 109546 ns
[2020-09-11T14:58:57.126+0000][1][safepoint    ] Safepoint "Cleanup", Time since last: 1000170286 ns, Reaching safepoint: 98465 ns, At safepoint: 7198 ns, Total: 105663 ns
[2020-09-11T14:58:58.126+0000][1][safepoint    ] Safepoint "Cleanup", Time since last: 1000147490 ns, Reaching safepoint: 119659 ns, At safepoint: 5916 ns, Total: 125575 ns
[2020-09-11T14:58:59.127+0000][1][safepoint    ] Safepoint "Cleanup", Time since last: 1000791413 ns, Reaching safepoint: 138050 ns, At safepoint: 16649 ns, Total: 154699 ns
[2020-09-11T14:59:00.128+0000][1][safepoint    ] Safepoint "Cleanup", Time since last: 1000232698 ns, Reaching safepoint: 98937 ns, At safepoint: 6520 ns, Total: 105457 ns
[2020-09-11T14:59:01.128+0000][1][safepoint    ] Safepoint "Cleanup", Time since last: 1000184596 ns, Reaching safepoint: 140186 ns, At safepoint: 17764 ns, Total: 157950 ns
[2020-09-11T14:59:02.128+0000][1][safepoint    ] Safepoint "Cleanup", Time since last: 1000188961 ns, Reaching safepoint: 120967 ns, At safepoint: 8068 ns, Total: 129035 ns
[2020-09-11T14:59:03.128+0000][1][safepoint    ] Safepoint "Cleanup", Time since last: 1000184425 ns, Reaching safepoint: 97959 ns, At safepoint: 7055 ns, Total: 105014 ns
[2020-09-11T14:59:04.130+0000][1][safepoint    ] Safepoint "Cleanup", Time since last: 1000947766 ns, Reaching safepoint: 74161 ns, At safepoint: 6238 ns, Total: 80399 ns
[2020-09-11T14:59:05.130+0000][1][safepoint    ] Safepoint "Cleanup", Time since last: 1000200856 ns, Reaching safepoint: 91040 ns, At safepoint: 7613 ns, Total: 98653 ns
[2020-09-11T14:59:06.130+0000][1][safepoint    ] Safepoint "Cleanup", Time since last: 1000184520 ns, Reaching safepoint: 136507 ns, At safepoint: 16487 ns, Total: 152994 ns
[2020-09-11T14:59:07.130+0000][1][safepoint    ] Safepoint "Cleanup", Time since last: 1000235944 ns, Reaching safepoint: 88205 ns, At safepoint: 6718 ns, Total: 94923 ns
[2020-09-11T14:59:07.614+0000][1][safepoint    ] Safepoint "RevokeBias", Time since last: 483242253 ns, Reaching safepoint: 177119 ns, At safepoint: 30163 ns, Total: 207282 ns
[2020-09-11T14:59:07.614+0000][1][safepoint    ] Safepoint "RevokeBias", Time since last: 73545 ns, Reaching safepoint: 115545 ns, At safepoint: 13641 ns, Total: 129186 ns
[2020-09-11T14:59:07.614+0000][1][safepoint    ] Safepoint "RevokeBias", Time since last: 33409 ns, Reaching safepoint: 113442 ns, At safepoint: 11595 ns, Total: 125037 ns
[2020-09-11T14:59:07.614+0000][1][safepoint    ] Safepoint "RevokeBias", Time since last: 31482 ns, Reaching safepoint: 111670 ns, At safepoint: 11427 ns, Total: 123097 ns
[2020-09-11T14:59:07.615+0000][1][safepoint    ] Safepoint "RevokeBias", Time since last: 30696 ns, Reaching safepoint: 115425 ns, At safepoint: 11317 ns, Total: 126742 ns
[2020-09-11T14:59:08.615+0000][1][safepoint    ] Safepoint "Cleanup", Time since last: 1000167264 ns, Reaching safepoint: 112811 ns, At safepoint: 6859 ns, Total: 119670 ns
[2020-09-11T14:59:09.615+0000][1][safepoint    ] Safepoint "Cleanup", Time since last: 1000152721 ns, Reaching safepoint: 102015 ns, At safepoint: 7350 ns, Total: 109365 ns
[2020-09-11T14:59:10.615+0000][1][safepoint    ] Safepoint "Cleanup", Time since last: 1000154576 ns, Reaching safepoint: 104321 ns, At safepoint: 5952 ns, Total: 110273 ns
[2020-09-11T14:59:11.616+0000][1][safepoint    ] Safepoint "Cleanup", Time since last: 1000152237 ns, Reaching safepoint: 107377 ns, At safepoint: 6880 ns, Total: 114257 ns
[2020-09-11T14:59:12.616+0000][1][safepoint    ] Safepoint "Cleanup", Time since last: 1000093774 ns, Reaching safepoint: 73665 ns, At safepoint: 6326 ns, Total: 79991 ns
[2020-09-11T14:59:12.658+0000][1][safepoint    ] Safepoint "RevokeBias", Time since last: 41763972 ns, Reaching safepoint: 188000 ns, At safepoint: 19030 ns, Total: 207030 ns
[2020-09-11T14:59:13.658+0000][1][safepoint    ] Safepoint "Cleanup", Time since last: 1000168600 ns, Reaching safepoint: 105840 ns, At safepoint: 8429 ns, Total: 114269 ns
[2020-09-11T14:59:14.658+0000][1][safepoint    ] Safepoint "Cleanup", Time since last: 1000163815 ns, Reaching safepoint: 152687 ns, At safepoint: 17928 ns, Total: 170615 ns
[2020-09-11T14:59:15.660+0000][1][safepoint    ] Safepoint "Cleanup", Time since last: 1001561197 ns, Reaching safepoint: 140008 ns, At safepoint: 18642 ns, Total: 158650 ns
[2020-09-11T14:59:16.661+0000][1][safepoint    ] Safepoint "Cleanup", Time since last: 1000225393 ns, Reaching safepoint: 163769 ns, At safepoint: 15225 ns, Total: 178994 ns
[2020-09-11T14:59:17.661+0000][1][safepoint    ] Safepoint "Cleanup", Time since last: 1000196001 ns, Reaching safepoint: 126066 ns, At safepoint: 17065 ns, Total: 143131 ns
[2020-09-11T14:59:18.661+0000][1][safepoint    ] Safepoint "Cleanup", Time since last: 1000204274 ns, Reaching safepoint: 103935 ns, At safepoint: 7763 ns, Total: 111698 ns
[2020-09-11T14:59:19.661+0000][1][safepoint    ] Safepoint "Cleanup", Time since last: 1000135689 ns, Reaching safepoint: 115819 ns, At safepoint: 7602 ns, Total: 123421 ns
[2020-09-11T14:59:20.662+0000][1][safepoint    ] Safepoint "Cleanup", Time since last: 1000131959 ns, Reaching safepoint: 127091 ns, At safepoint: 6636 ns, Total: 133727 ns
[2020-09-11T14:59:21.662+0000][1][safepoint    ] Safepoint "Cleanup", Time since last: 1000162526 ns, Reaching safepoint: 157381 ns, At safepoint: 15232 ns, Total: 172613 ns
[2020-09-11T14:59:22.662+0000][1][safepoint    ] Safepoint "Cleanup", Time since last: 1000145549 ns, Reaching safepoint: 72884 ns, At safepoint: 6511 ns, Total: 79395 ns
[2020-09-11T14:59:23.663+0000][1][safepoint    ] Safepoint "Cleanup", Time since last: 1000150107 ns, Reaching safepoint: 419533 ns, At safepoint: 20337 ns, Total: 439870 ns
[2020-09-11T14:59:24.664+0000][1][safepoint    ] Safepoint "Cleanup", Time since last: 1000587472 ns, Reaching safepoint: 123019 ns, At safepoint: 16064 ns, Total: 139083 ns
[2020-09-11T14:59:25.664+0000][1][safepoint    ] Safepoint "Cleanup", Time since last: 1000200163 ns, Reaching safepoint: 140740 ns, At safepoint: 17470 ns, Total: 158210 ns
[2020-09-11T14:59:26.664+0000][1][safepoint    ] Safepoint "Cleanup", Time since last: 1000214173 ns, Reaching safepoint: 132000 ns, At safepoint: 17600 ns, Total: 149600 ns
[2020-09-11T14:59:27.665+0000][1][safepoint    ] Safepoint "Cleanup", Time since last: 1000216865 ns, Reaching safepoint: 134856 ns, At safepoint: 16905 ns, Total: 151761 ns
[2020-09-11T14:59:28.665+0000][1][safepoint    ] Safepoint "Cleanup", Time since last: 1000214674 ns, Reaching safepoint: 133042 ns, At safepoint: 18245 ns, Total: 151287 ns
[2020-09-11T14:59:29.666+0000][1][safepoint    ] Safepoint "Cleanup", Time since last: 1001005234 ns, Reaching safepoint: 141709 ns, At safepoint: 17266 ns, Total: 158975 ns
[2020-09-11T14:59:30.667+0000][1][safepoint    ] Safepoint "Cleanup", Time since last: 1000161352 ns, Reaching safepoint: 138815 ns, At safepoint: 17858 ns, Total: 156673 ns
[2020-09-11T14:59:31.667+0000][1][safepoint    ] Safepoint "Cleanup", Time since last: 1000223938 ns, Reaching safepoint: 135117 ns, At safepoint: 17550 ns, Total: 152667 ns
[2020-09-11T14:59:32.655+0000][1][safepoint    ] Safepoint "RevokeBias", Time since last: 987878041 ns, Reaching safepoint: 240028 ns, At safepoint: 20010 ns, Total: 260038 ns
[2020-09-11T14:59:33.655+0000][1][safepoint    ] Safepoint "Cleanup", Time since last: 1000174268 ns, Reaching safepoint: 164100 ns, At safepoint: 15850 ns, Total: 179950 ns
[2020-09-11T14:59:34.656+0000][1][safepoint    ] Safepoint "Cleanup", Time since last: 1000223147 ns, Reaching safepoint: 130944 ns, At safepoint: 16407 ns, Total: 147351 ns
[2020-09-11T14:59:34.864+0000][1][gc,start     ] GC(114) Pause Young (Allocation Failure)
[2020-09-11T14:59:34.864+0000][1][gc,task      ] GC(114) Using 1 workers of 1 for evacuation
[2020-09-11T14:59:34.870+0000][1][gc,age       ] GC(114) Desired survivor size 4358144 bytes, new threshold 6 (max threshold 6)
[2020-09-11T14:59:34.870+0000][1][gc,age       ] GC(114) Age table with threshold 6 (max threshold 6)
[2020-09-11T14:59:34.870+0000][1][gc,age       ] GC(114) - age   1:     131992 bytes,     131992 total
[2020-09-11T14:59:34.870+0000][1][gc,age       ] GC(114) - age   2:     370984 bytes,     502976 total
[2020-09-11T14:59:34.870+0000][1][gc,age       ] GC(114) - age   3:     455840 bytes,     958816 total
[2020-09-11T14:59:34.870+0000][1][gc,age       ] GC(114) - age   4:     108104 bytes,    1066920 total
[2020-09-11T14:59:34.870+0000][1][gc,age       ] GC(114) - age   5:       4248 bytes,    1071168 total
[2020-09-11T14:59:34.870+0000][1][gc,age       ] GC(114) - age   6:       2448 bytes,    1073616 total
[2020-09-11T14:59:34.870+0000][1][gc,heap      ] GC(114) ParNew: 69420K->2080K(76672K)
[2020-09-11T14:59:34.870+0000][1][gc,heap      ] GC(114) CMS: 73907K->73909K(439104K)
[2020-09-11T14:59:34.870+0000][1][gc,metaspace ] GC(114) Metaspace: 91420K->91420K(1132544K)
[2020-09-11T14:59:34.870+0000][1][gc           ] GC(114) Pause Young (Allocation Failure) 139M->74M(503M) 6.566ms
[2020-09-11T14:59:34.870+0000][1][gc,cpu       ] GC(114) User=0.00s Sys=0.00s Real=0.00s
[2020-09-11T14:59:34.874+0000][1][safepoint    ] Safepoint "GenCollectForAllocation", Time since last: 207717174 ns, Reaching safepoint: 189446 ns, At safepoint: 9923680 ns, Total: 10113126 ns
[2020-09-11T14:59:35.875+0000][1][safepoint    ] Safepoint "Cleanup", Time since last: 1000735554 ns, Reaching safepoint: 111476 ns, At safepoint: 19608 ns, Total: 131084 ns
[2020-09-11T14:59:36.875+0000][1][safepoint    ] Safepoint "Cleanup", Time since last: 1000110720 ns, Reaching safepoint: 71746 ns, At safepoint: 5571 ns, Total: 77317 ns
[2020-09-11T14:59:37.875+0000][1][safepoint    ] Safepoint "Cleanup", Time since last: 1000230223 ns, Reaching safepoint: 94228 ns, At safepoint: 7300 ns, Total: 101528 ns
[2020-09-11T14:59:38.875+0000][1][safepoint    ] Safepoint "Cleanup", Time since last: 1000179965 ns, Reaching safepoint: 95255 ns, At safepoint: 6978 ns, Total: 102233 ns
[2020-09-11T14:59:39.876+0000][1][safepoint    ] Safepoint "Cleanup", Time since last: 1000143304 ns, Reaching safepoint: 117951 ns, At safepoint: 8275 ns, Total: 126226 ns
[2020-09-11T14:59:40.876+0000][1][safepoint    ] Safepoint "Cleanup", Time since last: 1000186270 ns, Reaching safepoint: 94205 ns, At safepoint: 7025 ns, Total: 101230 ns
[2020-09-11T14:59:41.876+0000][1][safepoint    ] Safepoint "Cleanup", Time since last: 1000157749 ns, Reaching safepoint: 156814 ns, At safepoint: 18144 ns, Total: 174958 ns
[2020-09-11T14:59:42.877+0000][1][safepoint    ] Safepoint "Cleanup", Time since last: 1000192601 ns, Reaching safepoint: 161404 ns, At safepoint: 16358 ns, Total: 177762 ns
[2020-09-11T14:59:43.877+0000][1][safepoint    ] Safepoint "Cleanup", Time since last: 1000207823 ns, Reaching safepoint: 101069 ns, At safepoint: 7859 ns, Total: 108928 ns
[2020-09-11T14:59:44.877+0000][1][safepoint    ] Safepoint "Cleanup", Time since last: 1000186426 ns, Reaching safepoint: 95997 ns, At safepoint: 6821 ns, Total: 102818 ns
[2020-09-11T14:59:45.877+0000][1][safepoint    ] Safepoint "Cleanup", Time since last: 1000148280 ns, Reaching safepoint: 128424 ns, At safepoint: 7306 ns, Total: 135730 ns
[2020-09-11T14:59:46.878+0000][1][safepoint    ] Safepoint "Cleanup", Time since last: 1000170980 ns, Reaching safepoint: 140125 ns, At safepoint: 16926 ns, Total: 157051 ns
[2020-09-11T14:59:47.878+0000][1][safepoint    ] Safepoint "Cleanup", Time since last: 1000224723 ns, Reaching safepoint: 101624 ns, At safepoint: 7942 ns, Total: 109566 ns
[2020-09-11T14:59:48.878+0000][1][safepoint    ] Safepoint "Cleanup", Time since last: 1000179895 ns, Reaching safepoint: 109107 ns, At safepoint: 5334 ns, Total: 114441 ns
[2020-09-11T14:59:49.879+0000][1][safepoint    ] Safepoint "Cleanup", Time since last: 1000194415 ns, Reaching safepoint: 132224 ns, At safepoint: 18004 ns, Total: 150228 ns
[2020-09-11T14:59:50.879+0000][1][safepoint    ] Safepoint "Cleanup", Time since last: 1000197336 ns, Reaching safepoint: 115970 ns, At safepoint: 6875 ns, Total: 122845 ns
[2020-09-11T14:59:51.879+0000][1][safepoint    ] Safepoint "Cleanup", Time since last: 1000113250 ns, Reaching safepoint: 80300 ns, At safepoint: 6931 ns, Total: 87231 ns
[2020-09-11T14:59:52.880+0000][1][safepoint    ] Safepoint "Cleanup", Time since last: 1000134686 ns, Reaching safepoint: 90427 ns, At safepoint: 11164 ns, Total: 101591 ns
[2020-09-11T14:59:53.880+0000][1][safepoint    ] Safepoint "Cleanup", Time since last: 1000143630 ns, Reaching safepoint: 119425 ns, At safepoint: 7872 ns, Total: 127297 ns
[2020-09-11T14:59:54.880+0000][1][safepoint    ] Safepoint "Cleanup", Time since last: 1000185351 ns, Reaching safepoint: 119909 ns, At safepoint: 6771 ns, Total: 126680 ns
[2020-09-11T14:59:55.880+0000][1][safepoint    ] Safepoint "Cleanup", Time since last: 1000172872 ns, Reaching safepoint: 94995 ns, At safepoint: 8059 ns, Total: 103054 ns
[2020-09-11T14:59:56.881+0000][1][safepoint    ] Safepoint "Cleanup", Time since last: 1000142902 ns, Reaching safepoint: 125888 ns, At safepoint: 6860 ns, Total: 132748 ns
[2020-09-11T14:59:57.881+0000][1][safepoint    ] Safepoint "Cleanup", Time since last: 1000181247 ns, Reaching safepoint: 95404 ns, At safepoint: 7382 ns, Total: 102786 ns
[2020-09-11T14:59:58.881+0000][1][safepoint    ] Safepoint "Cleanup", Time since last: 1000202362 ns, Reaching safepoint: 90942 ns, At safepoint: 6566 ns, Total: 97508 ns
[2020-09-11T14:59:59.882+0000][1][safepoint    ] Safepoint "Cleanup", Time since last: 1000142033 ns, Reaching safepoint: 158968 ns, At safepoint: 16738 ns, Total: 175706 ns
[2020-09-11T15:00:00.882+0000][1][safepoint    ] Safepoint "Cleanup", Time since last: 1000232737 ns, Reaching safepoint: 94283 ns, At safepoint: 6659 ns, Total: 100942 ns
[2020-09-11T15:00:01.882+0000][1][safepoint    ] Safepoint "Cleanup", Time since last: 1000196924 ns, Reaching safepoint: 102047 ns, At safepoint: 7859 ns, Total: 109906 ns
[2020-09-11T15:00:02.882+0000][1][safepoint    ] Safepoint "Cleanup", Time since last: 1000176142 ns, Reaching safepoint: 105620 ns, At safepoint: 7603 ns, Total: 113223 ns
[2020-09-11T15:00:03.883+0000][1][safepoint    ] Safepoint "Cleanup", Time since last: 1000131927 ns, Reaching safepoint: 139160 ns, At safepoint: 18018 ns, Total: 157178 ns
[2020-09-11T15:00:04.883+0000][1][safepoint    ] Safepoint "Cleanup", Time since last: 1000240829 ns, Reaching safepoint: 139329 ns, At safepoint: 17855 ns, Total: 157184 ns
[2020-09-11T15:00:05.884+0000][1][safepoint    ] Safepoint "Cleanup", Time since last: 1000195504 ns, Reaching safepoint: 155168 ns, At safepoint: 9442 ns, Total: 164610 ns
[2020-09-11T15:00:06.884+0000][1][safepoint    ] Safepoint "Cleanup", Time since last: 1000157401 ns, Reaching safepoint: 136066 ns, At safepoint: 17530 ns, Total: 153596 ns
[2020-09-11T15:00:07.884+0000][1][safepoint    ] Safepoint "Cleanup", Time since last: 1000226753 ns, Reaching safepoint: 100850 ns, At safepoint: 7560 ns, Total: 108410 ns
[2020-09-11T15:00:08.884+0000][1][safepoint    ] Safepoint "Cleanup", Time since last: 1000175136 ns, Reaching safepoint: 105174 ns, At safepoint: 6418 ns, Total: 111592 ns
[2020-09-11T15:00:11.885+0000][1][safepoint    ] Safepoint "Cleanup", Time since last: 3000388900 ns, Reaching safepoint: 170053 ns, At safepoint: 17761 ns, Total: 187814 ns
[2020-09-11T15:00:12.885+0000][1][safepoint    ] Safepoint "Cleanup", Time since last: 1000211107 ns, Reaching safepoint: 110320 ns, At safepoint: 6664 ns, Total: 116984 ns
[2020-09-11T15:00:13.886+0000][1][safepoint    ] Safepoint "Cleanup", Time since last: 1000143295 ns, Reaching safepoint: 144765 ns, At safepoint: 17624 ns, Total: 162389 ns
[2020-09-11T15:00:14.886+0000][1][safepoint    ] Safepoint "Cleanup", Time since last: 1000218645 ns, Reaching safepoint: 150913 ns, At safepoint: 17202 ns, Total: 168115 ns
[2020-09-11T15:00:22.887+0000][1][safepoint    ] Safepoint "Cleanup", Time since last: 8001119601 ns, Reaching safepoint: 164691 ns, At safepoint: 21105 ns, Total: 185796 ns
[2020-09-11T15:00:24.888+0000][1][safepoint    ] Safepoint "Cleanup", Time since last: 2000352990 ns, Reaching safepoint: 179535 ns, At safepoint: 17604 ns, Total: 197139 ns
[2020-09-11T15:00:26.845+0000][1][gc,start     ] GC(115) Pause Young (Allocation Failure)
[2020-09-11T15:00:26.845+0000][1][gc,task      ] GC(115) Using 1 workers of 1 for evacuation
[2020-09-11T15:00:26.851+0000][1][gc,age       ] GC(115) Desired survivor size 4358144 bytes, new threshold 6 (max threshold 6)
[2020-09-11T15:00:26.851+0000][1][gc,age       ] GC(115) Age table with threshold 6 (max threshold 6)
[2020-09-11T15:00:26.851+0000][1][gc,age       ] GC(115) - age   1:      38696 bytes,      38696 total
[2020-09-11T15:00:26.851+0000][1][gc,age       ] GC(115) - age   2:      48920 bytes,      87616 total
[2020-09-11T15:00:26.851+0000][1][gc,age       ] GC(115) - age   3:     370984 bytes,     458600 total
[2020-09-11T15:00:26.851+0000][1][gc,age       ] GC(115) - age   4:     455840 bytes,     914440 total
[2020-09-11T15:00:26.851+0000][1][gc,age       ] GC(115) - age   5:     108104 bytes,    1022544 total
[2020-09-11T15:00:26.851+0000][1][gc,age       ] GC(115) - age   6:       4248 bytes,    1026792 total
[2020-09-11T15:00:26.851+0000][1][gc,heap      ] GC(115) ParNew: 70240K->1306K(76672K)
[2020-09-11T15:00:26.851+0000][1][gc,heap      ] GC(115) CMS: 73909K->73911K(439104K)
[2020-09-11T15:00:26.851+0000][1][gc,metaspace ] GC(115) Metaspace: 91560K->91560K(1134592K)
[2020-09-11T15:00:26.851+0000][1][gc           ] GC(115) Pause Young (Allocation Failure) 140M->73M(503M) 6.048ms
[2020-09-11T15:00:26.851+0000][1][gc,cpu       ] GC(115) User=0.01s Sys=0.00s Real=0.00s
[2020-09-11T15:00:26.851+0000][1][safepoint    ] Safepoint "GenCollectForAllocation", Time since last: 1956890902 ns, Reaching safepoint: 197223 ns, At safepoint: 6132563 ns, Total: 6329786 ns
[2020-09-11T15:00:27.854+0000][1][safepoint    ] Safepoint "Cleanup", Time since last: 1002390599 ns, Reaching safepoint: 140703 ns, At safepoint: 13521 ns, Total: 154224 ns
[2020-09-11T15:00:28.854+0000][1][safepoint    ] Safepoint "Cleanup", Time since last: 1000370736 ns, Reaching safepoint: 273949 ns, At safepoint: 19231 ns, Total: 293180 ns
[2020-09-11T15:00:32.855+0000][1][safepoint    ] Safepoint "Cleanup", Time since last: 4000504685 ns, Reaching safepoint: 114944 ns, At safepoint: 9586 ns, Total: 124530 ns
[2020-09-11T15:00:33.855+0000][1][safepoint    ] Safepoint "Cleanup", Time since last: 1000146007 ns, Reaching safepoint: 125784 ns, At safepoint: 8315 ns, Total: 134099 ns
[2020-09-11T15:00:35.856+0000][1][safepoint    ] Safepoint "Cleanup", Time since last: 2000262557 ns, Reaching safepoint: 123314 ns, At safepoint: 8602 ns, Total: 131916 ns
[2020-09-11T15:00:41.857+0000][1][safepoint    ] Safepoint "Cleanup", Time since last: 6000795144 ns, Reaching safepoint: 113233 ns, At safepoint: 7801 ns, Total: 121034 ns
[2020-09-11T15:00:50.858+0000][1][safepoint    ] Safepoint "Cleanup", Time since last: 9001173993 ns, Reaching safepoint: 111511 ns, At safepoint: 7113 ns, Total: 118624 ns
[2020-09-11T15:00:51.858+0000][1][safepoint    ] Safepoint "Cleanup", Time since last: 1000185072 ns, Reaching safepoint: 101214 ns, At safepoint: 7380 ns, Total: 108594 ns
[2020-09-11T15:00:52.859+0000][1][safepoint    ] Safepoint "Cleanup", Time since last: 1000172964 ns, Reaching safepoint: 160673 ns, At safepoint: 20824 ns, Total: 181497 ns
[2020-09-11T15:00:53.859+0000][1][safepoint    ] Safepoint "Cleanup", Time since last: 1000184991 ns, Reaching safepoint: 159219 ns, At safepoint: 19361 ns, Total: 178580 ns
[2020-09-11T15:00:56.859+0000][1][safepoint    ] Safepoint "Cleanup", Time since last: 3000445807 ns, Reaching safepoint: 117402 ns, At safepoint: 6651 ns, Total: 124053 ns
[2020-09-11T15:00:59.860+0000][1][safepoint    ] Safepoint "Cleanup", Time since last: 3000622280 ns, Reaching safepoint: 171737 ns, At safepoint: 19726 ns, Total: 191463 ns
[2020-09-11T15:01:02.861+0000][1][safepoint    ] Safepoint "Cleanup", Time since last: 3000452516 ns, Reaching safepoint: 179522 ns, At safepoint: 18352 ns, Total: 197874 ns
[2020-09-11T15:01:03.861+0000][1][safepoint    ] Safepoint "Cleanup", Time since last: 1000179198 ns, Reaching safepoint: 123394 ns, At safepoint: 7343 ns, Total: 130737 ns
[2020-09-11T15:01:05.862+0000][1][safepoint    ] Safepoint "Cleanup", Time since last: 2000271581 ns, Reaching safepoint: 195348 ns, At safepoint: 17638 ns, Total: 212986 ns
[2020-09-11T15:01:07.862+0000][1][safepoint    ] Safepoint "Cleanup", Time since last: 2000272354 ns, Reaching safepoint: 79899 ns, At safepoint: 7464 ns, Total: 87363 ns
[2020-09-11T15:01:11.863+0000][1][safepoint    ] Safepoint "Cleanup", Time since last: 4000793525 ns, Reaching safepoint: 155410 ns, At safepoint: 17203 ns, Total: 172613 ns
[2020-09-11T15:01:12.863+0000][1][safepoint    ] Safepoint "Cleanup", Time since last: 1000188774 ns, Reaching safepoint: 163198 ns, At safepoint: 41556 ns, Total: 204754 ns
[2020-09-11T15:01:15.864+0000][1][safepoint    ] Safepoint "Cleanup", Time since last: 3000419473 ns, Reaching safepoint: 106138 ns, At safepoint: 7698 ns, Total: 113836 ns
[2020-09-11T15:01:16.864+0000][1][safepoint    ] Safepoint "Cleanup", Time since last: 1000206270 ns, Reaching safepoint: 103900 ns, At safepoint: 7267 ns, Total: 111167 ns
[2020-09-11T15:01:17.865+0000][1][safepoint    ] Safepoint "Cleanup", Time since last: 1000194147 ns, Reaching safepoint: 106525 ns, At safepoint: 7287 ns, Total: 113812 ns
[2020-09-11T15:01:20.194+0000][1][gc,start     ] GC(116) Pause Young (Allocation Failure)
[2020-09-11T15:01:20.194+0000][1][gc,task      ] GC(116) Using 1 workers of 1 for evacuation
[2020-09-11T15:01:20.204+0000][1][gc,age       ] GC(116) Desired survivor size 4358144 bytes, new threshold 6 (max threshold 6)
[2020-09-11T15:01:20.204+0000][1][gc,age       ] GC(116) Age table with threshold 6 (max threshold 6)
[2020-09-11T15:01:20.204+0000][1][gc,age       ] GC(116) - age   1:     113728 bytes,     113728 total
[2020-09-11T15:01:20.204+0000][1][gc,age       ] GC(116) - age   2:       6792 bytes,     120520 total
[2020-09-11T15:01:20.204+0000][1][gc,age       ] GC(116) - age   3:      43832 bytes,     164352 total
[2020-09-11T15:01:20.204+0000][1][gc,age       ] GC(116) - age   4:     369664 bytes,     534016 total
[2020-09-11T15:01:20.204+0000][1][gc,age       ] GC(116) - age   5:     455840 bytes,     989856 total
[2020-09-11T15:01:20.204+0000][1][gc,age       ] GC(116) - age   6:     108104 bytes,    1097960 total
[2020-09-11T15:01:20.204+0000][1][gc,heap      ] GC(116) ParNew: 69466K->1830K(76672K)
[2020-09-11T15:01:20.204+0000][1][gc,heap      ] GC(116) CMS: 73911K->73915K(439104K)
[2020-09-11T15:01:20.204+0000][1][gc,metaspace ] GC(116) Metaspace: 91655K->91655K(1134592K)
[2020-09-11T15:01:20.204+0000][1][gc           ] GC(116) Pause Young (Allocation Failure) 140M->73M(503M) 10.660ms
[2020-09-11T15:01:20.204+0000][1][gc,cpu       ] GC(116) User=0.01s Sys=0.00s Real=0.02s
[2020-09-11T15:01:20.205+0000][1][safepoint    ] Safepoint "GenCollectForAllocation", Time since last: 2328977970 ns, Reaching safepoint: 105434 ns, At safepoint: 10994013 ns, Total: 11099447 ns
[2020-09-11T15:01:22.637+0000][1][safepoint    ] Safepoint "RevokeBias", Time since last: 2432546360 ns, Reaching safepoint: 69414 ns, At safepoint: 19480 ns, Total: 88894 ns
[2020-09-11T15:01:22.639+0000][1][safepoint    ] Safepoint "RevokeBias", Time since last: 1913311 ns, Reaching safepoint: 243411 ns, At safepoint: 15149 ns, Total: 258560 ns
[2020-09-11T15:01:22.640+0000][1][safepoint    ] Safepoint "RevokeBias", Time since last: 50415 ns, Reaching safepoint: 847332 ns, At safepoint: 15872 ns, Total: 863204 ns
[2020-09-11T15:01:22.641+0000][1][safepoint    ] Safepoint "RevokeBias", Time since last: 41773 ns, Reaching safepoint: 143169 ns, At safepoint: 13428 ns, Total: 156597 ns
[2020-09-11T15:01:22.641+0000][1][safepoint    ] Safepoint "RevokeBias", Time since last: 40921 ns, Reaching safepoint: 99147 ns, At safepoint: 12693 ns, Total: 111840 ns
[2020-09-11T15:01:23.641+0000][1][safepoint    ] Safepoint "Cleanup", Time since last: 1000200511 ns, Reaching safepoint: 150218 ns, At safepoint: 17714 ns, Total: 167932 ns
[2020-09-11T15:01:26.642+0000][1][safepoint    ] Safepoint "Cleanup", Time since last: 3000516112 ns, Reaching safepoint: 152701 ns, At safepoint: 17991 ns, Total: 170692 ns
[2020-09-11T15:01:27.642+0000][1][safepoint    ] Safepoint "Cleanup", Time since last: 1000238421 ns, Reaching safepoint: 142871 ns, At safepoint: 18172 ns, Total: 161043 ns
[2020-09-11T15:01:32.643+0000][1][safepoint    ] Safepoint "Cleanup", Time since last: 5000711405 ns, Reaching safepoint: 79102 ns, At safepoint: 6779 ns, Total: 85881 ns
[2020-09-11T15:01:33.643+0000][1][safepoint    ] Safepoint "Cleanup", Time since last: 1000143550 ns, Reaching safepoint: 127875 ns, At safepoint: 8680 ns, Total: 136555 ns
[2020-09-11T15:01:39.644+0000][1][safepoint    ] Safepoint "Cleanup", Time since last: 6000749001 ns, Reaching safepoint: 133887 ns, At safepoint: 16592 ns, Total: 150479 ns
[2020-09-11T15:01:41.645+0000][1][safepoint    ] Safepoint "Cleanup", Time since last: 2000390012 ns, Reaching safepoint: 112176 ns, At safepoint: 8023 ns, Total: 120199 ns
[2020-09-11T15:01:42.645+0000][1][safepoint    ] Safepoint "Cleanup", Time since last: 1000118912 ns, Reaching safepoint: 92345 ns, At safepoint: 7137 ns, Total: 99482 ns
[2020-09-11T15:01:43.645+0000][1][safepoint    ] Safepoint "Cleanup", Time since last: 1000174358 ns, Reaching safepoint: 103902 ns, At safepoint: 7589 ns, Total: 111491 ns
[2020-09-11T15:01:47.646+0000][1][safepoint    ] Safepoint "Cleanup", Time since last: 4000656814 ns, Reaching safepoint: 102802 ns, At safepoint: 7430 ns, Total: 110232 ns
[2020-09-11T15:01:48.646+0000][1][safepoint    ] Safepoint "Cleanup", Time since last: 1000144508 ns, Reaching safepoint: 148093 ns, At safepoint: 17190 ns, Total: 165283 ns
[2020-09-11T15:01:57.648+0000][1][safepoint    ] Safepoint "Cleanup", Time since last: 9001196444 ns, Reaching safepoint: 97231 ns, At safepoint: 6903 ns, Total: 104134 ns
[2020-09-11T15:02:02.648+0000][1][safepoint    ] Safepoint "Cleanup", Time since last: 5000718630 ns, Reaching safepoint: 77142 ns, At safepoint: 6972 ns, Total: 84114 ns
[2020-09-11T15:02:06.649+0000][1][safepoint    ] Safepoint "Cleanup", Time since last: 4000530097 ns, Reaching safepoint: 75997 ns, At safepoint: 6861 ns, Total: 82858 ns
[2020-09-11T15:02:11.998+0000][1][gc,start     ] GC(117) Pause Young (Allocation Failure)
[2020-09-11T15:02:11.998+0000][1][gc,task      ] GC(117) Using 1 workers of 1 for evacuation
[2020-09-11T15:02:12.005+0000][1][gc,age       ] GC(117) Desired survivor size 4358144 bytes, new threshold 6 (max threshold 6)
[2020-09-11T15:02:12.005+0000][1][gc,age       ] GC(117) Age table with threshold 6 (max threshold 6)
[2020-09-11T15:02:12.005+0000][1][gc,age       ] GC(117) - age   1:      37944 bytes,      37944 total
[2020-09-11T15:02:12.005+0000][1][gc,age       ] GC(117) - age   2:       9336 bytes,      47280 total
[2020-09-11T15:02:12.005+0000][1][gc,age       ] GC(117) - age   3:       6792 bytes,      54072 total
[2020-09-11T15:02:12.005+0000][1][gc,age       ] GC(117) - age   4:      43712 bytes,      97784 total
[2020-09-11T15:02:12.005+0000][1][gc,age       ] GC(117) - age   5:     369664 bytes,     467448 total
[2020-09-11T15:02:12.005+0000][1][gc,age       ] GC(117) - age   6:     455840 bytes,     923288 total
[2020-09-11T15:02:12.005+0000][1][gc,heap      ] GC(117) ParNew: 69990K->1261K(76672K)
[2020-09-11T15:02:12.005+0000][1][gc,heap      ] GC(117) CMS: 73915K->74023K(439104K)
[2020-09-11T15:02:12.005+0000][1][gc,metaspace ] GC(117) Metaspace: 91710K->91710K(1134592K)
[2020-09-11T15:02:12.005+0000][1][gc           ] GC(117) Pause Young (Allocation Failure) 140M->73M(503M) 6.813ms
[2020-09-11T15:02:12.005+0000][1][gc,cpu       ] GC(117) User=0.01s Sys=0.00s Real=0.01s
[2020-09-11T15:02:12.005+0000][1][safepoint    ] Safepoint "GenCollectForAllocation", Time since last: 5348814902 ns, Reaching safepoint: 189719 ns, At safepoint: 6880247 ns, Total: 7069966 ns
[2020-09-11T15:02:13.007+0000][1][safepoint    ] Safepoint "Cleanup", Time since last: 1001825718 ns, Reaching safepoint: 145213 ns, At safepoint: 13518 ns, Total: 158731 ns
[2020-09-11T15:02:15.007+0000][1][safepoint    ] Safepoint "Cleanup", Time since last: 2000544067 ns, Reaching safepoint: 112770 ns, At safepoint: 8404 ns, Total: 121174 ns
[2020-09-11T15:02:21.009+0000][1][safepoint    ] Safepoint "Cleanup", Time since last: 6001053671 ns, Reaching safepoint: 154922 ns, At safepoint: 16441 ns, Total: 171363 ns
[2020-09-11T15:02:22.009+0000][1][safepoint    ] Safepoint "Cleanup", Time since last: 1000154839 ns, Reaching safepoint: 80838 ns, At safepoint: 5569 ns, Total: 86407 ns
[2020-09-11T15:02:23.009+0000][1][safepoint    ] Safepoint "Cleanup", Time since last: 1000187140 ns, Reaching safepoint: 126766 ns, At safepoint: 8340 ns, Total: 135106 ns
[2020-09-11T15:02:33.011+0000][1][safepoint    ] Safepoint "Cleanup", Time since last: 10001260560 ns, Reaching safepoint: 155711 ns, At safepoint: 17283 ns, Total: 172994 ns
[2020-09-11T15:02:43.012+0000][1][safepoint    ] Safepoint "Cleanup", Time since last: 10001523101 ns, Reaching safepoint: 177885 ns, At safepoint: 19715 ns, Total: 197600 ns
[2020-09-11T15:02:45.013+0000][1][safepoint    ] Safepoint "Cleanup", Time since last: 2000289038 ns, Reaching safepoint: 80296 ns, At safepoint: 5763 ns, Total: 86059 ns
[2020-09-11T15:02:46.381+0000][1][safepoint    ] Safepoint "RevokeBias", Time since last: 1364699912 ns, Reaching safepoint: 3840358 ns, At safepoint: 36433 ns, Total: 3876791 ns
[2020-09-11T15:02:46.384+0000][1][safepoint    ] Safepoint "RevokeBias", Time since last: 1097403 ns, Reaching safepoint: 999366 ns, At safepoint: 22629 ns, Total: 1021995 ns
[2020-09-11T15:02:46.386+0000][1][safepoint    ] Safepoint "RevokeBias", Time since last: 104311 ns, Reaching safepoint: 2220129 ns, At safepoint: 22826 ns, Total: 2242955 ns
[2020-09-11T15:02:46.386+0000][1][safepoint    ] Safepoint "RevokeBias", Time since last: 160486 ns, Reaching safepoint: 116170 ns, At safepoint: 13161 ns, Total: 129331 ns
[2020-09-11T15:02:46.387+0000][1][safepoint    ] Safepoint "RevokeBias", Time since last: 64889 ns, Reaching safepoint: 1243966 ns, At safepoint: 15860 ns, Total: 1259826 ns
[2020-09-11T15:02:46.388+0000][1][safepoint    ] Safepoint "RevokeBias", Time since last: 81567 ns, Reaching safepoint: 114014 ns, At safepoint: 12193 ns, Total: 126207 ns
[2020-09-11T15:02:46.388+0000][1][safepoint    ] Safepoint "RevokeBias", Time since last: 67196 ns, Reaching safepoint: 111863 ns, At safepoint: 11464 ns, Total: 123327 ns
[2020-09-11T15:02:46.388+0000][1][safepoint    ] Safepoint "RevokeBias", Time since last: 419523 ns, Reaching safepoint: 115436 ns, At safepoint: 12771 ns, Total: 128207 ns
[2020-09-11T15:02:46.389+0000][1][safepoint    ] Safepoint "RevokeBias", Time since last: 97526 ns, Reaching safepoint: 112359 ns, At safepoint: 11530 ns, Total: 123889 ns
[2020-09-11T15:02:46.403+0000][1][safepoint    ] Safepoint "RevokeBias", Time since last: 14455093 ns, Reaching safepoint: 275595 ns, At safepoint: 45124 ns, Total: 320719 ns
[2020-09-11T15:02:46.404+0000][1][safepoint    ] Safepoint "RevokeBias", Time since last: 127484 ns, Reaching safepoint: 346915 ns, At safepoint: 16188 ns, Total: 363103 ns
[2020-09-11T15:02:47.404+0000][1][safepoint    ] Safepoint "Cleanup", Time since last: 1000160713 ns, Reaching safepoint: 153783 ns, At safepoint: 17681 ns, Total: 171464 ns
[2020-09-11T15:02:55.408+0000][1][safepoint    ] Safepoint "Cleanup", Time since last: 8003986592 ns, Reaching safepoint: 112443 ns, At safepoint: 5326 ns, Total: 117769 ns
[2020-09-11T15:02:57.061+0000][1][gc,start     ] GC(118) Pause Young (Allocation Failure)
[2020-09-11T15:02:57.061+0000][1][gc,task      ] GC(118) Using 1 workers of 1 for evacuation
[2020-09-11T15:02:57.074+0000][1][gc,age       ] GC(118) Desired survivor size 4358144 bytes, new threshold 6 (max threshold 6)
[2020-09-11T15:02:57.074+0000][1][gc,age       ] GC(118) Age table with threshold 6 (max threshold 6)
[2020-09-11T15:02:57.074+0000][1][gc,age       ] GC(118) - age   1:      39704 bytes,      39704 total
[2020-09-11T15:02:57.074+0000][1][gc,age       ] GC(118) - age   2:       7960 bytes,      47664 total
[2020-09-11T15:02:57.074+0000][1][gc,age       ] GC(118) - age   3:       7904 bytes,      55568 total
[2020-09-11T15:02:57.074+0000][1][gc,age       ] GC(118) - age   4:       6792 bytes,      62360 total
[2020-09-11T15:02:57.074+0000][1][gc,age       ] GC(118) - age   5:      43712 bytes,     106072 total
[2020-09-11T15:02:57.074+0000][1][gc,age       ] GC(118) - age   6:     369664 bytes,     475736 total
[2020-09-11T15:02:57.074+0000][1][gc,heap      ] GC(118) ParNew: 69421K->833K(76672K)
[2020-09-11T15:02:57.074+0000][1][gc,heap      ] GC(118) CMS: 74023K->74484K(439104K)
[2020-09-11T15:02:57.074+0000][1][gc,metaspace ] GC(118) Metaspace: 91777K->91777K(1134592K)
[2020-09-11T15:02:57.074+0000][1][gc           ] GC(118) Pause Young (Allocation Failure) 140M->73M(503M) 13.367ms
[2020-09-11T15:02:57.074+0000][1][gc,cpu       ] GC(118) User=0.01s Sys=0.00s Real=0.01s
[2020-09-11T15:02:57.074+0000][1][safepoint    ] Safepoint "GenCollectForAllocation", Time since last: 1652361746 ns, Reaching safepoint: 156283 ns, At safepoint: 13431456 ns, Total: 13587739 ns
[2020-09-11T15:03:04.080+0000][1][safepoint    ] Safepoint "Cleanup", Time since last: 7005897813 ns, Reaching safepoint: 157137 ns, At safepoint: 18152 ns, Total: 175289 ns
[2020-09-11T15:03:07.120+0000][1][safepoint    ] Safepoint "RevokeBias", Time since last: 3037361784 ns, Reaching safepoint: 1769184 ns, At safepoint: 24351 ns, Total: 1793535 ns
[2020-09-11T15:03:07.120+0000][1][safepoint    ] Safepoint "RevokeBias", Time since last: 60831 ns, Reaching safepoint: 815775 ns, At safepoint: 15090 ns, Total: 830865 ns
[2020-09-11T15:03:07.121+0000][1][safepoint    ] Safepoint "RevokeBias", Time since last: 41341 ns, Reaching safepoint: 102726 ns, At safepoint: 12093 ns, Total: 114819 ns
[2020-09-11T15:03:07.121+0000][1][safepoint    ] Safepoint "RevokeBias", Time since last: 45302 ns, Reaching safepoint: 101804 ns, At safepoint: 11227 ns, Total: 113031 ns
[2020-09-11T15:03:07.121+0000][1][safepoint    ] Safepoint "RevokeBias", Time since last: 32667 ns, Reaching safepoint: 106964 ns, At safepoint: 11999 ns, Total: 118963 ns
[2020-09-11T15:03:07.122+0000][1][safepoint    ] Safepoint "RevokeBias", Time since last: 625714 ns, Reaching safepoint: 304970 ns, At safepoint: 13654 ns, Total: 318624 ns
[2020-09-11T15:03:07.122+0000][1][safepoint    ] Safepoint "RevokeBias", Time since last: 37963 ns, Reaching safepoint: 138182 ns, At safepoint: 11286 ns, Total: 149468 ns
[2020-09-11T15:03:07.123+0000][1][safepoint    ] Safepoint "RevokeBias", Time since last: 944201 ns, Reaching safepoint: 136503 ns, At safepoint: 11621 ns, Total: 148124 ns
[2020-09-11T15:03:07.134+0000][1][safepoint    ] Safepoint "RevokeBias", Time since last: 11171152 ns, Reaching safepoint: 95475 ns, At safepoint: 20123 ns, Total: 115598 ns
[2020-09-11T15:03:07.135+0000][1][safepoint    ] Safepoint "RevokeBias", Time since last: 210125 ns, Reaching safepoint: 46955 ns, At safepoint: 12231 ns, Total: 59186 ns
[2020-09-11T15:03:08.090+0000][1][safepoint    ] Safepoint "RevokeBias", Time since last: 955104192 ns, Reaching safepoint: 75759 ns, At safepoint: 20414 ns, Total: 96173 ns
[2020-09-11T15:03:08.090+0000][1][safepoint    ] Safepoint "RevokeBias", Time since last: 68708 ns, Reaching safepoint: 26015 ns, At safepoint: 12065 ns, Total: 38080 ns
[2020-09-11T15:03:08.090+0000][1][safepoint    ] Safepoint "RevokeBias", Time since last: 29880 ns, Reaching safepoint: 24900 ns, At safepoint: 9749 ns, Total: 34649 ns
[2020-09-11T15:03:08.090+0000][1][safepoint    ] Safepoint "RevokeBias", Time since last: 28508 ns, Reaching safepoint: 24531 ns, At safepoint: 9361 ns, Total: 33892 ns
[2020-09-11T15:03:08.090+0000][1][safepoint    ] Safepoint "RevokeBias", Time since last: 27423 ns, Reaching safepoint: 24572 ns, At safepoint: 9394 ns, Total: 33966 ns
[2020-09-11T15:03:08.090+0000][1][safepoint    ] Safepoint "RevokeBias", Time since last: 27620 ns, Reaching safepoint: 24397 ns, At safepoint: 9213 ns, Total: 33610 ns
[2020-09-11T15:03:08.090+0000][1][safepoint    ] Safepoint "RevokeBias", Time since last: 27573 ns, Reaching safepoint: 24421 ns, At safepoint: 9194 ns, Total: 33615 ns
[2020-09-11T15:03:08.090+0000][1][safepoint    ] Safepoint "RevokeBias", Time since last: 27367 ns, Reaching safepoint: 24352 ns, At safepoint: 9115 ns, Total: 33467 ns
[2020-09-11T15:03:08.090+0000][1][safepoint    ] Safepoint "RevokeBias", Time since last: 27232 ns, Reaching safepoint: 24201 ns, At safepoint: 9288 ns, Total: 33489 ns
[2020-09-11T15:03:09.091+0000][1][safepoint    ] Safepoint "Cleanup", Time since last: 1000109083 ns, Reaching safepoint: 139019 ns, At safepoint: 13668 ns, Total: 152687 ns
[2020-09-11T15:03:10.902+0000][1][safepoint    ] Safepoint "RevokeBias", Time since last: 1810997553 ns, Reaching safepoint: 150231 ns, At safepoint: 22366 ns, Total: 172597 ns
[2020-09-11T15:03:10.908+0000][1][safepoint    ] Safepoint "RevokeBias", Time since last: 5156756 ns, Reaching safepoint: 505855 ns, At safepoint: 20803 ns, Total: 526658 ns
[2020-09-11T15:03:10.919+0000][1][safepoint    ] Safepoint "RevokeBias", Time since last: 11293079 ns, Reaching safepoint: 187982 ns, At safepoint: 31387 ns, Total: 219369 ns
[2020-09-11T15:03:10.919+0000][1][safepoint    ] Safepoint "RevokeBias", Time since last: 127004 ns, Reaching safepoint: 292986 ns, At safepoint: 13524 ns, Total: 306510 ns
[2020-09-11T15:03:10.927+0000][1][safepoint    ] Safepoint "RevokeBias", Time since last: 7783725 ns, Reaching safepoint: 161156 ns, At safepoint: 19133 ns, Total: 180289 ns
[2020-09-11T15:03:10.928+0000][1][safepoint    ] Safepoint "RevokeBias", Time since last: 125155 ns, Reaching safepoint: 103669 ns, At safepoint: 12195 ns, Total: 115864 ns
[2020-09-11T15:03:10.928+0000][1][safepoint    ] Safepoint "RevokeBias", Time since last: 101835 ns, Reaching safepoint: 99761 ns, At safepoint: 11698 ns, Total: 111459 ns
[2020-09-11T15:03:10.928+0000][1][safepoint    ] Safepoint "RevokeBias", Time since last: 123478 ns, Reaching safepoint: 103628 ns, At safepoint: 10825 ns, Total: 114453 ns
[2020-09-11T15:03:10.928+0000][1][safepoint    ] Safepoint "RevokeBias", Time since last: 33046 ns, Reaching safepoint: 99737 ns, At safepoint: 10136 ns, Total: 109873 ns
[2020-09-11T15:03:10.934+0000][1][safepoint    ] Safepoint "RevokeBias", Time since last: 5190557 ns, Reaching safepoint: 497244 ns, At safepoint: 16902 ns, Total: 514146 ns
[2020-09-11T15:03:10.934+0000][1][safepoint    ] Safepoint "RevokeBias", Time since last: 40142 ns, Reaching safepoint: 28475 ns, At safepoint: 10147 ns, Total: 38622 ns
[2020-09-11T15:03:10.938+0000][1][safepoint    ] Safepoint "RevokeBias", Time since last: 3749142 ns, Reaching safepoint: 71529 ns, At safepoint: 19281 ns, Total: 90810 ns
[2020-09-11T15:03:11.938+0000][1][safepoint    ] Safepoint "Cleanup", Time since last: 1000161993 ns, Reaching safepoint: 107976 ns, At safepoint: 7941 ns, Total: 115917 ns
[2020-09-11T15:03:12.211+0000][1][safepoint    ] Safepoint "RevokeBias", Time since last: 272928800 ns, Reaching safepoint: 69827 ns, At safepoint: 19783 ns, Total: 89610 ns
[2020-09-11T15:03:12.211+0000][1][safepoint    ] Safepoint "RevokeBias", Time since last: 62324 ns, Reaching safepoint: 24643 ns, At safepoint: 10504 ns, Total: 35147 ns
[2020-09-11T15:03:13.212+0000][1][safepoint    ] Safepoint "Cleanup", Time since last: 1000142937 ns, Reaching safepoint: 231882 ns, At safepoint: 19903 ns, Total: 251785 ns
[2020-09-11T15:03:25.214+0000][1][safepoint    ] Safepoint "Cleanup", Time since last: 12001804535 ns, Reaching safepoint: 186618 ns, At safepoint: 18663 ns, Total: 205281 ns
[2020-09-11T15:03:33.215+0000][1][safepoint    ] Safepoint "Cleanup", Time since last: 8001136781 ns, Reaching safepoint: 149513 ns, At safepoint: 17918 ns, Total: 167431 ns
[2020-09-11T15:03:34.215+0000][1][safepoint    ] Safepoint "Cleanup", Time since last: 1000201722 ns, Reaching safepoint: 143446 ns, At safepoint: 17386 ns, Total: 160832 ns
[2020-09-11T15:03:39.435+0000][1][gc,start     ] GC(119) Pause Young (Allocation Failure)
[2020-09-11T15:03:39.435+0000][1][gc,task      ] GC(119) Using 1 workers of 1 for evacuation
[2020-09-11T15:03:39.444+0000][1][gc,age       ] GC(119) Desired survivor size 4358144 bytes, new threshold 6 (max threshold 6)
[2020-09-11T15:03:39.444+0000][1][gc,age       ] GC(119) Age table with threshold 6 (max threshold 6)
[2020-09-11T15:03:39.444+0000][1][gc,age       ] GC(119) - age   1:     146896 bytes,     146896 total
[2020-09-11T15:03:39.444+0000][1][gc,age       ] GC(119) - age   2:      10472 bytes,     157368 total
[2020-09-11T15:03:39.444+0000][1][gc,age       ] GC(119) - age   3:       4024 bytes,     161392 total
[2020-09-11T15:03:39.444+0000][1][gc,age       ] GC(119) - age   4:       6448 bytes,     167840 total
[2020-09-11T15:03:39.444+0000][1][gc,age       ] GC(119) - age   5:       6792 bytes,     174632 total
[2020-09-11T15:03:39.444+0000][1][gc,age       ] GC(119) - age   6:      40568 bytes,     215200 total
[2020-09-11T15:03:39.444+0000][1][gc,heap      ] GC(119) ParNew: 68993K->382K(76672K)
[2020-09-11T15:03:39.444+0000][1][gc,heap      ] GC(119) CMS: 74484K->74835K(439104K)
[2020-09-11T15:03:39.444+0000][1][gc,metaspace ] GC(119) Metaspace: 91901K->91901K(1134592K)
[2020-09-11T15:03:39.444+0000][1][gc           ] GC(119) Pause Young (Allocation Failure) 140M->73M(503M) 8.707ms
[2020-09-11T15:03:39.444+0000][1][gc,cpu       ] GC(119) User=0.01s Sys=0.00s Real=0.02s
[2020-09-11T15:03:39.444+0000][1][safepoint    ] Safepoint "GenCollectForAllocation", Time since last: 5219462645 ns, Reaching safepoint: 357587 ns, At safepoint: 8823205 ns, Total: 9180792 ns
[2020-09-11T15:03:43.445+0000][1][safepoint    ] Safepoint "Cleanup", Time since last: 4001139810 ns, Reaching safepoint: 147535 ns, At safepoint: 16615 ns, Total: 164150 ns
[2020-09-11T15:03:51.447+0000][1][safepoint    ] Safepoint "Cleanup", Time since last: 8001093958 ns, Reaching safepoint: 115907 ns, At safepoint: 5968 ns, Total: 121875 ns
[2020-09-11T15:03:53.447+0000][1][safepoint    ] Safepoint "Cleanup", Time since last: 2000370073 ns, Reaching safepoint: 158470 ns, At safepoint: 17517 ns, Total: 175987 ns
[2020-09-11T15:03:54.447+0000][1][safepoint    ] Safepoint "Cleanup", Time since last: 1000237692 ns, Reaching safepoint: 113621 ns, At safepoint: 6496 ns, Total: 120117 ns
[2020-09-11T15:03:57.448+0000][1][safepoint    ] Safepoint "Cleanup", Time since last: 3000374860 ns, Reaching safepoint: 92201 ns, At safepoint: 6275 ns, Total: 98476 ns
[2020-09-11T15:04:00.449+0000][1][safepoint    ] Safepoint "Cleanup", Time since last: 3001502492 ns, Reaching safepoint: 81958 ns, At safepoint: 8183 ns, Total: 90141 ns
[2020-09-11T15:04:03.450+0000][1][safepoint    ] Safepoint "Cleanup", Time since last: 3000463260 ns, Reaching safepoint: 156078 ns, At safepoint: 18125 ns, Total: 174203 ns
[2020-09-11T15:04:15.452+0000][1][safepoint    ] Safepoint "Cleanup", Time since last: 12001681421 ns, Reaching safepoint: 98779 ns, At safepoint: 6605 ns, Total: 105384 ns
[2020-09-11T15:04:16.452+0000][1][safepoint    ] Safepoint "Cleanup", Time since last: 1000194275 ns, Reaching safepoint: 158872 ns, At safepoint: 19073 ns, Total: 177945 ns
[2020-09-11T15:04:18.453+0000][1][safepoint    ] Safepoint "Cleanup", Time since last: 2000344801 ns, Reaching safepoint: 159162 ns, At safepoint: 18382 ns, Total: 177544 ns
[2020-09-11T15:04:20.453+0000][1][safepoint    ] Safepoint "Cleanup", Time since last: 2000364921 ns, Reaching safepoint: 158624 ns, At safepoint: 18392 ns, Total: 177016 ns
[2020-09-11T15:04:22.454+0000][1][safepoint    ] Safepoint "Cleanup", Time since last: 2000330239 ns, Reaching safepoint: 161417 ns, At safepoint: 16675 ns, Total: 178092 ns
[2020-09-11T15:04:23.454+0000][1][safepoint    ] Safepoint "Cleanup", Time since last: 1000154242 ns, Reaching safepoint: 77195 ns, At safepoint: 5783 ns, Total: 82978 ns
[2020-09-11T15:04:28.455+0000][1][safepoint    ] Safepoint "Cleanup", Time since last: 5000681128 ns, Reaching safepoint: 170077 ns, At safepoint: 18676 ns, Total: 188753 ns
[2020-09-11T15:04:29.827+0000][1][safepoint    ] Safepoint "RevokeBias", Time since last: 1371392680 ns, Reaching safepoint: 142379 ns, At safepoint: 20272 ns, Total: 162651 ns
[2020-09-11T15:04:29.827+0000][1][safepoint    ] Safepoint "RevokeBias", Time since last: 786534 ns, Reaching safepoint: 138142 ns, At safepoint: 14808 ns, Total: 152950 ns
[2020-09-11T15:04:29.828+0000][1][safepoint    ] Safepoint "RevokeBias", Time since last: 47692 ns, Reaching safepoint: 141335 ns, At safepoint: 11631 ns, Total: 152966 ns
[2020-09-11T15:04:29.828+0000][1][safepoint    ] Safepoint "BulkRevokeBias", Time since last: 34275 ns, Reaching safepoint: 94140 ns, At safepoint: 168074 ns, Total: 262214 ns
[2020-09-11T15:04:30.828+0000][1][safepoint    ] Safepoint "Cleanup", Time since last: 1000147006 ns, Reaching safepoint: 148290 ns, At safepoint: 16882 ns, Total: 165172 ns
[2020-09-11T15:04:32.829+0000][1][safepoint    ] Safepoint "Cleanup", Time since last: 2000347750 ns, Reaching safepoint: 105422 ns, At safepoint: 7620 ns, Total: 113042 ns
[2020-09-11T15:04:33.829+0000][1][safepoint    ] Safepoint "Cleanup", Time since last: 1000190224 ns, Reaching safepoint: 106870 ns, At safepoint: 6846 ns, Total: 113716 ns
[2020-09-11T15:04:36.640+0000][1][gc,start     ] GC(120) Pause Young (Allocation Failure)
[2020-09-11T15:04:36.640+0000][1][gc,task      ] GC(120) Using 1 workers of 1 for evacuation
[2020-09-11T15:04:36.650+0000][1][gc,age       ] GC(120) Desired survivor size 4358144 bytes, new threshold 6 (max threshold 6)
[2020-09-11T15:04:36.650+0000][1][gc,age       ] GC(120) Age table with threshold 6 (max threshold 6)
[2020-09-11T15:04:36.650+0000][1][gc,age       ] GC(120) - age   1:      65760 bytes,      65760 total
[2020-09-11T15:04:36.650+0000][1][gc,age       ] GC(120) - age   2:     115112 bytes,     180872 total
[2020-09-11T15:04:36.650+0000][1][gc,age       ] GC(120) - age   3:      10416 bytes,     191288 total
[2020-09-11T15:04:36.650+0000][1][gc,age       ] GC(120) - age   4:       4024 bytes,     195312 total
[2020-09-11T15:04:36.650+0000][1][gc,age       ] GC(120) - age   5:       6448 bytes,     201760 total
[2020-09-11T15:04:36.650+0000][1][gc,age       ] GC(120) - age   6:       6792 bytes,     208552 total
[2020-09-11T15:04:36.650+0000][1][gc,heap      ] GC(120) ParNew: 68542K->348K(76672K)
[2020-09-11T15:04:36.650+0000][1][gc,heap      ] GC(120) CMS: 74835K->74875K(439104K)
[2020-09-11T15:04:36.650+0000][1][gc,metaspace ] GC(120) Metaspace: 91974K->91974K(1134592K)
[2020-09-11T15:04:36.650+0000][1][gc           ] GC(120) Pause Young (Allocation Failure) 140M->73M(503M) 9.713ms
[2020-09-11T15:04:36.650+0000][1][gc,cpu       ] GC(120) User=0.01s Sys=0.00s Real=0.01s
[2020-09-11T15:04:36.650+0000][1][safepoint    ] Safepoint "GenCollectForAllocation", Time since last: 2810783278 ns, Reaching safepoint: 168102 ns, At safepoint: 9787563 ns, Total: 9955665 ns
[2020-09-11T15:04:39.676+0000][1][safepoint    ] Safepoint "Cleanup", Time since last: 3025943688 ns, Reaching safepoint: 81684 ns, At safepoint: 6709 ns, Total: 88393 ns
[2020-09-11T15:04:42.676+0000][1][safepoint    ] Safepoint "Cleanup", Time since last: 3000382766 ns, Reaching safepoint: 84431 ns, At safepoint: 5145 ns, Total: 89576 ns
[2020-09-11T15:04:46.677+0000][1][safepoint    ] Safepoint "Cleanup", Time since last: 4000537427 ns, Reaching safepoint: 99040 ns, At safepoint: 6201 ns, Total: 105241 ns
[2020-09-11T15:04:49.677+0000][1][safepoint    ] Safepoint "Cleanup", Time since last: 3000381065 ns, Reaching safepoint: 110551 ns, At safepoint: 6610 ns, Total: 117161 ns
[2020-09-11T15:04:52.678+0000][1][safepoint    ] Safepoint "Cleanup", Time since last: 3000394347 ns, Reaching safepoint: 78130 ns, At safepoint: 7242 ns, Total: 85372 ns
[2020-09-11T15:04:53.678+0000][1][safepoint    ] Safepoint "Cleanup", Time since last: 1000139109 ns, Reaching safepoint: 143566 ns, At safepoint: 17601 ns, Total: 161167 ns
[2020-09-11T15:04:54.679+0000][1][safepoint    ] Safepoint "Cleanup", Time since last: 1000212778 ns, Reaching safepoint: 125077 ns, At safepoint: 15867 ns, Total: 140944 ns
[2020-09-11T15:04:55.679+0000][1][safepoint    ] Safepoint "Cleanup", Time since last: 1000194292 ns, Reaching safepoint: 96433 ns, At safepoint: 6714 ns, Total: 103147 ns
[2020-09-11T15:04:56.679+0000][1][safepoint    ] Safepoint "Cleanup", Time since last: 1000165267 ns, Reaching safepoint: 94482 ns, At safepoint: 5911 ns, Total: 100393 ns
[2020-09-11T15:04:57.679+0000][1][safepoint    ] Safepoint "Cleanup", Time since last: 1000161973 ns, Reaching safepoint: 160411 ns, At safepoint: 15609 ns, Total: 176020 ns
[2020-09-11T15:04:58.680+0000][1][safepoint    ] Safepoint "Cleanup", Time since last: 1000168875 ns, Reaching safepoint: 155266 ns, At safepoint: 16268 ns, Total: 171534 ns
[2020-09-11T15:04:59.680+0000][1][safepoint    ] Safepoint "Cleanup", Time since last: 1000207341 ns, Reaching safepoint: 133771 ns, At safepoint: 16775 ns, Total: 150546 ns
[2020-09-11T15:05:00.680+0000][1][safepoint    ] Safepoint "Cleanup", Time since last: 1000162050 ns, Reaching safepoint: 80409 ns, At safepoint: 5581 ns, Total: 85990 ns
[2020-09-11T15:05:01.681+0000][1][safepoint    ] Safepoint "Cleanup", Time since last: 1000123689 ns, Reaching safepoint: 136099 ns, At safepoint: 16067 ns, Total: 152166 ns
[2020-09-11T15:05:02.681+0000][1][safepoint    ] Safepoint "Cleanup", Time since last: 1000127910 ns, Reaching safepoint: 73702 ns, At safepoint: 6905 ns, Total: 80607 ns
[2020-09-11T15:05:03.681+0000][1][safepoint    ] Safepoint "Cleanup", Time since last: 1000170237 ns, Reaching safepoint: 139941 ns, At safepoint: 18021 ns, Total: 157962 ns
[2020-09-11T15:05:04.682+0000][1][safepoint    ] Safepoint "Cleanup", Time since last: 1000221075 ns, Reaching safepoint: 97401 ns, At safepoint: 6093 ns, Total: 103494 ns
[2020-09-11T15:05:05.682+0000][1][safepoint    ] Safepoint "Cleanup", Time since last: 1000099941 ns, Reaching safepoint: 97539 ns, At safepoint: 6379 ns, Total: 103918 ns
[2020-09-11T15:05:06.682+0000][1][safepoint    ] Safepoint "Cleanup", Time since last: 1000169665 ns, Reaching safepoint: 117846 ns, At safepoint: 6410 ns, Total: 124256 ns
[2020-09-11T15:05:07.682+0000][1][safepoint    ] Safepoint "Cleanup", Time since last: 1000154665 ns, Reaching safepoint: 161006 ns, At safepoint: 19104 ns, Total: 180110 ns
[2020-09-11T15:05:08.683+0000][1][safepoint    ] Safepoint "Cleanup", Time since last: 1000143193 ns, Reaching safepoint: 79861 ns, At safepoint: 6835 ns, Total: 86696 ns
[2020-09-11T15:05:09.683+0000][1][safepoint    ] Safepoint "Cleanup", Time since last: 1000152497 ns, Reaching safepoint: 104017 ns, At safepoint: 7110 ns, Total: 111127 ns
[2020-09-11T15:05:10.683+0000][1][safepoint    ] Safepoint "Cleanup", Time since last: 1000156001 ns, Reaching safepoint: 98842 ns, At safepoint: 5790 ns, Total: 104632 ns
[2020-09-11T15:05:11.683+0000][1][safepoint    ] Safepoint "Cleanup", Time since last: 1000138884 ns, Reaching safepoint: 106629 ns, At safepoint: 6792 ns, Total: 113421 ns
[2020-09-11T15:05:12.684+0000][1][safepoint    ] Safepoint "Cleanup", Time since last: 1000154522 ns, Reaching safepoint: 77966 ns, At safepoint: 7901 ns, Total: 85867 ns
[2020-09-11T15:05:13.684+0000][1][safepoint    ] Safepoint "Cleanup", Time since last: 1000149786 ns, Reaching safepoint: 161030 ns, At safepoint: 17948 ns, Total: 178978 ns
[2020-09-11T15:05:14.684+0000][1][safepoint    ] Safepoint "Cleanup", Time since last: 1000219069 ns, Reaching safepoint: 97441 ns, At safepoint: 5872 ns, Total: 103313 ns
[2020-09-11T15:05:15.684+0000][1][safepoint    ] Safepoint "Cleanup", Time since last: 1000094886 ns, Reaching safepoint: 76737 ns, At safepoint: 9195 ns, Total: 85932 ns
[2020-09-11T15:05:16.685+0000][1][safepoint    ] Safepoint "Cleanup", Time since last: 1000188542 ns, Reaching safepoint: 95423 ns, At safepoint: 7690 ns, Total: 103113 ns
[2020-09-11T15:05:17.685+0000][1][safepoint    ] Safepoint "Cleanup", Time since last: 1000126751 ns, Reaching safepoint: 121076 ns, At safepoint: 8232 ns, Total: 129308 ns
[2020-09-11T15:05:18.685+0000][1][safepoint    ] Safepoint "Cleanup", Time since last: 1000189740 ns, Reaching safepoint: 107973 ns, At safepoint: 10057 ns, Total: 118030 ns
[2020-09-11T15:05:19.686+0000][1][safepoint    ] Safepoint "Cleanup", Time since last: 1000178948 ns, Reaching safepoint: 133951 ns, At safepoint: 16348 ns, Total: 150299 ns
[2020-09-11T15:05:20.686+0000][1][safepoint    ] Safepoint "Cleanup", Time since last: 1000201497 ns, Reaching safepoint: 101488 ns, At safepoint: 6683 ns, Total: 108171 ns
[2020-09-11T15:05:21.686+0000][1][safepoint    ] Safepoint "Cleanup", Time since last: 1000172380 ns, Reaching safepoint: 143880 ns, At safepoint: 17818 ns, Total: 161698 ns
[2020-09-11T15:05:22.687+0000][1][safepoint    ] Safepoint "Cleanup", Time since last: 1000190909 ns, Reaching safepoint: 116432 ns, At safepoint: 8269 ns, Total: 124701 ns
[2020-09-11T15:05:23.687+0000][1][safepoint    ] Safepoint "Cleanup", Time since last: 1000179840 ns, Reaching safepoint: 142480 ns, At safepoint: 17334 ns, Total: 159814 ns
[2020-09-11T15:05:24.687+0000][1][safepoint    ] Safepoint "Cleanup", Time since last: 1000248290 ns, Reaching safepoint: 87235 ns, At safepoint: 6362 ns, Total: 93597 ns
[2020-09-11T15:05:25.688+0000][1][safepoint    ] Safepoint "Cleanup", Time since last: 1000176542 ns, Reaching safepoint: 94807 ns, At safepoint: 6788 ns, Total: 101595 ns
[2020-09-11T15:05:26.688+0000][1][safepoint    ] Safepoint "Cleanup", Time since last: 1000172037 ns, Reaching safepoint: 100195 ns, At safepoint: 6663 ns, Total: 106858 ns
[2020-09-11T15:05:27.688+0000][1][safepoint    ] Safepoint "Cleanup", Time since last: 1000173201 ns, Reaching safepoint: 104102 ns, At safepoint: 7220 ns, Total: 111322 ns
[2020-09-11T15:05:28.688+0000][1][safepoint    ] Safepoint "Cleanup", Time since last: 1000168306 ns, Reaching safepoint: 104663 ns, At safepoint: 7895 ns, Total: 112558 ns
[2020-09-11T15:05:29.689+0000][1][safepoint    ] Safepoint "Cleanup", Time since last: 1000177776 ns, Reaching safepoint: 94576 ns, At safepoint: 7561 ns, Total: 102137 ns
[2020-09-11T15:05:30.689+0000][1][safepoint    ] Safepoint "Cleanup", Time since last: 1000178446 ns, Reaching safepoint: 140225 ns, At safepoint: 16768 ns, Total: 156993 ns
[2020-09-11T15:05:31.689+0000][1][safepoint    ] Safepoint "Cleanup", Time since last: 1000181851 ns, Reaching safepoint: 142414 ns, At safepoint: 18014 ns, Total: 160428 ns
[2020-09-11T15:05:32.289+0000][1][gc,start     ] GC(121) Pause Young (Allocation Failure)
[2020-09-11T15:05:32.289+0000][1][gc,task      ] GC(121) Using 1 workers of 1 for evacuation
[2020-09-11T15:05:32.300+0000][1][gc,age       ] GC(121) Desired survivor size 4358144 bytes, new threshold 6 (max threshold 6)
[2020-09-11T15:05:32.300+0000][1][gc,age       ] GC(121) Age table with threshold 6 (max threshold 6)
[2020-09-11T15:05:32.300+0000][1][gc,age       ] GC(121) - age   1:      38000 bytes,      38000 total
[2020-09-11T15:05:32.300+0000][1][gc,age       ] GC(121) - age   2:      22336 bytes,      60336 total
[2020-09-11T15:05:32.301+0000][1][gc,age       ] GC(121) - age   3:     114848 bytes,     175184 total
[2020-09-11T15:05:32.301+0000][1][gc,age       ] GC(121) - age   4:      10416 bytes,     185600 total
[2020-09-11T15:05:32.301+0000][1][gc,age       ] GC(121) - age   5:       2784 bytes,     188384 total
[2020-09-11T15:05:32.301+0000][1][gc,age       ] GC(121) - age   6:       6448 bytes,     194832 total
[2020-09-11T15:05:32.301+0000][1][gc,heap      ] GC(121) ParNew: 68508K->239K(76672K)
[2020-09-11T15:05:32.301+0000][1][gc,heap      ] GC(121) CMS: 74875K->74882K(439104K)
[2020-09-11T15:05:32.301+0000][1][gc,metaspace ] GC(121) Metaspace: 92005K->92005K(1134592K)
[2020-09-11T15:05:32.301+0000][1][gc           ] GC(121) Pause Young (Allocation Failure) 140M->73M(503M) 11.385ms
[2020-09-11T15:05:32.301+0000][1][gc,cpu       ] GC(121) User=0.01s Sys=0.00s Real=0.01s
[2020-09-11T15:05:32.301+0000][1][safepoint    ] Safepoint "GenCollectForAllocation", Time since last: 599687255 ns, Reaching safepoint: 273741 ns, At safepoint: 11532933 ns, Total: 11806674 ns
[2020-09-11T15:05:33.305+0000][1][safepoint    ] Safepoint "Cleanup", Time since last: 1003964202 ns, Reaching safepoint: 148962 ns, At safepoint: 17787 ns, Total: 166749 ns
[2020-09-11T15:05:34.308+0000][1][safepoint    ] Safepoint "Cleanup", Time since last: 1002458173 ns, Reaching safepoint: 146576 ns, At safepoint: 16211 ns, Total: 162787 ns
[2020-09-11T15:05:35.308+0000][1][safepoint    ] Safepoint "Cleanup", Time since last: 1000217042 ns, Reaching safepoint: 105249 ns, At safepoint: 7460 ns, Total: 112709 ns
[2020-09-11T15:05:36.308+0000][1][safepoint    ] Safepoint "Cleanup", Time since last: 1000177955 ns, Reaching safepoint: 142504 ns, At safepoint: 17143 ns, Total: 159647 ns
[2020-09-11T15:05:37.309+0000][1][safepoint    ] Safepoint "Cleanup", Time since last: 1000147740 ns, Reaching safepoint: 202885 ns, At safepoint: 7998 ns, Total: 210883 ns
[2020-09-11T15:05:38.309+0000][1][safepoint    ] Safepoint "Cleanup", Time since last: 1000165100 ns, Reaching safepoint: 141749 ns, At safepoint: 16705 ns, Total: 158454 ns
[2020-09-11T15:05:39.309+0000][1][safepoint    ] Safepoint "Cleanup", Time since last: 1000215778 ns, Reaching safepoint: 142223 ns, At safepoint: 17507 ns, Total: 159730 ns
[2020-09-11T15:05:40.310+0000][1][safepoint    ] Safepoint "Cleanup", Time since last: 1000209983 ns, Reaching safepoint: 139035 ns, At safepoint: 16645 ns, Total: 155680 ns
[2020-09-11T15:05:41.310+0000][1][safepoint    ] Safepoint "Cleanup", Time since last: 1000214978 ns, Reaching safepoint: 139230 ns, At safepoint: 17383 ns, Total: 156613 ns
[2020-09-11T15:05:42.310+0000][1][safepoint    ] Safepoint "Cleanup", Time since last: 1000168271 ns, Reaching safepoint: 231752 ns, At safepoint: 17891 ns, Total: 249643 ns
[2020-09-11T15:05:43.311+0000][1][safepoint    ] Safepoint "Cleanup", Time since last: 1000186589 ns, Reaching safepoint: 154832 ns, At safepoint: 17283 ns, Total: 172115 ns
[2020-09-11T15:05:44.311+0000][1][safepoint    ] Safepoint "Cleanup", Time since last: 1000213942 ns, Reaching safepoint: 155386 ns, At safepoint: 18777 ns, Total: 174163 ns
[2020-09-11T15:05:45.312+0000][1][safepoint    ] Safepoint "Cleanup", Time since last: 1000319158 ns, Reaching safepoint: 83618 ns, At safepoint: 7244 ns, Total: 90862 ns
[2020-09-11T15:05:46.312+0000][1][safepoint    ] Safepoint "Cleanup", Time since last: 1000170593 ns, Reaching safepoint: 108076 ns, At safepoint: 6612 ns, Total: 114688 ns
[2020-09-11T15:05:47.312+0000][1][safepoint    ] Safepoint "Cleanup", Time since last: 1000179654 ns, Reaching safepoint: 105959 ns, At safepoint: 7278 ns, Total: 113237 ns
[2020-09-11T15:05:48.313+0000][1][safepoint    ] Safepoint "Cleanup", Time since last: 1000185086 ns, Reaching safepoint: 149519 ns, At safepoint: 16692 ns, Total: 166211 ns
[2020-09-11T15:05:49.313+0000][1][safepoint    ] Safepoint "Cleanup", Time since last: 1000216271 ns, Reaching safepoint: 143025 ns, At safepoint: 17263 ns, Total: 160288 ns
[2020-09-11T15:05:50.313+0000][1][safepoint    ] Safepoint "Cleanup", Time since last: 1000215524 ns, Reaching safepoint: 99438 ns, At safepoint: 6903 ns, Total: 106341 ns
[2020-09-11T15:05:51.314+0000][1][safepoint    ] Safepoint "Cleanup", Time since last: 1000137152 ns, Reaching safepoint: 135978 ns, At safepoint: 31924 ns, Total: 167902 ns
[2020-09-11T15:05:52.314+0000][1][safepoint    ] Safepoint "Cleanup", Time since last: 1000206758 ns, Reaching safepoint: 73643 ns, At safepoint: 6699 ns, Total: 80342 ns
[2020-09-11T15:05:53.314+0000][1][safepoint    ] Safepoint "Cleanup", Time since last: 1000157953 ns, Reaching safepoint: 113480 ns, At safepoint: 6692 ns, Total: 120172 ns
[2020-09-11T15:05:54.314+0000][1][safepoint    ] Safepoint "Cleanup", Time since last: 1000127248 ns, Reaching safepoint: 113563 ns, At safepoint: 6588 ns, Total: 120151 ns
[2020-09-11T15:05:55.315+0000][1][safepoint    ] Safepoint "Cleanup", Time since last: 1000167361 ns, Reaching safepoint: 142751 ns, At safepoint: 17320 ns, Total: 160071 ns
[2020-09-11T15:05:56.315+0000][1][safepoint    ] Safepoint "Cleanup", Time since last: 1000211890 ns, Reaching safepoint: 143272 ns, At safepoint: 16808 ns, Total: 160080 ns
[2020-09-11T15:05:57.315+0000][1][safepoint    ] Safepoint "Cleanup", Time since last: 1000218134 ns, Reaching safepoint: 82077 ns, At safepoint: 16311 ns, Total: 98388 ns
[2020-09-11T15:05:58.316+0000][1][safepoint    ] Safepoint "Cleanup", Time since last: 1000182012 ns, Reaching safepoint: 142173 ns, At safepoint: 16250 ns, Total: 158423 ns
[2020-09-11T15:05:59.316+0000][1][safepoint    ] Safepoint "Cleanup", Time since last: 1000215017 ns, Reaching safepoint: 136203 ns, At safepoint: 17169 ns, Total: 153372 ns
[2020-09-11T15:06:00.316+0000][1][safepoint    ] Safepoint "Cleanup", Time since last: 1000213629 ns, Reaching safepoint: 103717 ns, At safepoint: 6474 ns, Total: 110191 ns
[2020-09-11T15:06:01.317+0000][1][safepoint    ] Safepoint "Cleanup", Time since last: 1000183891 ns, Reaching safepoint: 141652 ns, At safepoint: 17907 ns, Total: 159559 ns
[2020-09-11T15:06:02.317+0000][1][safepoint    ] Safepoint "Cleanup", Time since last: 1000205236 ns, Reaching safepoint: 107004 ns, At safepoint: 6643 ns, Total: 113647 ns
[2020-09-11T15:06:03.317+0000][1][safepoint    ] Safepoint "Cleanup", Time since last: 1000191075 ns, Reaching safepoint: 144221 ns, At safepoint: 17540 ns, Total: 161761 ns
[2020-09-11T15:06:04.318+0000][1][safepoint    ] Safepoint "Cleanup", Time since last: 1000206878 ns, Reaching safepoint: 141835 ns, At safepoint: 16107 ns, Total: 157942 ns
[2020-09-11T15:06:05.318+0000][1][safepoint    ] Safepoint "Cleanup", Time since last: 1000239637 ns, Reaching safepoint: 139209 ns, At safepoint: 17056 ns, Total: 156265 ns
[2020-09-11T15:06:06.319+0000][1][safepoint    ] Safepoint "Cleanup", Time since last: 1000216263 ns, Reaching safepoint: 138628 ns, At safepoint: 16385 ns, Total: 155013 ns
[2020-09-11T15:06:07.319+0000][1][safepoint    ] Safepoint "Cleanup", Time since last: 1000218137 ns, Reaching safepoint: 141308 ns, At safepoint: 16762 ns, Total: 158070 ns
[2020-09-11T15:06:08.319+0000][1][safepoint    ] Safepoint "Cleanup", Time since last: 1000180546 ns, Reaching safepoint: 116936 ns, At safepoint: 6644 ns, Total: 123580 ns
[2020-09-11T15:06:09.320+0000][1][safepoint    ] Safepoint "Cleanup", Time since last: 1000187871 ns, Reaching safepoint: 103762 ns, At safepoint: 7162 ns, Total: 110924 ns
[2020-09-11T15:06:14.320+0000][1][safepoint    ] Safepoint "Cleanup", Time since last: 5000705245 ns, Reaching safepoint: 110326 ns, At safepoint: 6264 ns, Total: 116590 ns
[2020-09-11T15:06:25.323+0000][1][safepoint    ] Safepoint "Cleanup", Time since last: 11001967682 ns, Reaching safepoint: 154248 ns, At safepoint: 17567 ns, Total: 171815 ns
[2020-09-11T15:06:27.375+0000][1][gc,start     ] GC(122) Pause Young (Allocation Failure)
[2020-09-11T15:06:27.375+0000][1][gc,task      ] GC(122) Using 1 workers of 1 for evacuation
[2020-09-11T15:06:27.380+0000][1][gc,age       ] GC(122) Desired survivor size 4358144 bytes, new threshold 6 (max threshold 6)
[2020-09-11T15:06:27.380+0000][1][gc,age       ] GC(122) Age table with threshold 6 (max threshold 6)
[2020-09-11T15:06:27.380+0000][1][gc,age       ] GC(122) - age   1:      32800 bytes,      32800 total
[2020-09-11T15:06:27.380+0000][1][gc,age       ] GC(122) - age   2:       9096 bytes,      41896 total
[2020-09-11T15:06:27.380+0000][1][gc,age       ] GC(122) - age   3:      22336 bytes,      64232 total
[2020-09-11T15:06:27.380+0000][1][gc,age       ] GC(122) - age   4:     113608 bytes,     177840 total
[2020-09-11T15:06:27.380+0000][1][gc,age       ] GC(122) - age   5:      10416 bytes,     188256 total
[2020-09-11T15:06:27.380+0000][1][gc,age       ] GC(122) - age   6:       2784 bytes,     191040 total
[2020-09-11T15:06:27.380+0000][1][gc,heap      ] GC(122) ParNew: 68399K->345K(76672K)
[2020-09-11T15:06:27.380+0000][1][gc,heap      ] GC(122) CMS: 74882K->74888K(439104K)
[2020-09-11T15:06:27.380+0000][1][gc,metaspace ] GC(122) Metaspace: 92018K->92018K(1134592K)
[2020-09-11T15:06:27.380+0000][1][gc           ] GC(122) Pause Young (Allocation Failure) 139M->73M(503M) 4.794ms
[2020-09-11T15:06:27.380+0000][1][gc,cpu       ] GC(122) User=0.00s Sys=0.00s Real=0.01s
[2020-09-11T15:06:27.380+0000][1][safepoint    ] Safepoint "GenCollectForAllocation", Time since last: 2052269239 ns, Reaching safepoint: 187347 ns, At safepoint: 4860382 ns, Total: 5047729 ns
[2020-09-11T15:06:28.381+0000][1][safepoint    ] Safepoint "Cleanup", Time since last: 1001511654 ns, Reaching safepoint: 118601 ns, At safepoint: 23768 ns, Total: 142369 ns
[2020-09-11T15:06:40.383+0000][1][safepoint    ] Safepoint "Cleanup", Time since last: 12001604628 ns, Reaching safepoint: 137431 ns, At safepoint: 6956 ns, Total: 144387 ns
[2020-09-11T15:06:43.384+0000][1][safepoint    ] Safepoint "Cleanup", Time since last: 3000499260 ns, Reaching safepoint: 146867 ns, At safepoint: 16959 ns, Total: 163826 ns
[2020-09-11T15:07:04.387+0000][1][safepoint    ] Safepoint "Cleanup", Time since last: 21002678515 ns, Reaching safepoint: 115500 ns, At safepoint: 10355 ns, Total: 125855 ns
[2020-09-11T15:07:09.388+0000][1][safepoint    ] Safepoint "Cleanup", Time since last: 5000739784 ns, Reaching safepoint: 167842 ns, At safepoint: 18199 ns, Total: 186041 ns
[2020-09-11T15:07:16.389+0000][1][safepoint    ] Safepoint "Cleanup", Time since last: 7001044736 ns, Reaching safepoint: 117628 ns, At safepoint: 7961 ns, Total: 125589 ns
[2020-09-11T15:07:23.391+0000][1][safepoint    ] Safepoint "Cleanup", Time since last: 7002021581 ns, Reaching safepoint: 169533 ns, At safepoint: 20256 ns, Total: 189789 ns
[2020-09-11T15:07:27.392+0000][1][safepoint    ] Safepoint "Cleanup", Time since last: 4000678448 ns, Reaching safepoint: 92962 ns, At safepoint: 8655 ns, Total: 101617 ns
[2020-09-11T15:07:27.414+0000][1][gc,start     ] GC(123) Pause Young (Allocation Failure)
[2020-09-11T15:07:27.414+0000][1][gc,task      ] GC(123) Using 1 workers of 1 for evacuation
[2020-09-11T15:07:27.420+0000][1][gc,age       ] GC(123) Desired survivor size 4358144 bytes, new threshold 6 (max threshold 6)
[2020-09-11T15:07:27.420+0000][1][gc,age       ] GC(123) Age table with threshold 6 (max threshold 6)
[2020-09-11T15:07:27.420+0000][1][gc,age       ] GC(123) - age   1:      54728 bytes,      54728 total
[2020-09-11T15:07:27.420+0000][1][gc,age       ] GC(123) - age   2:       3624 bytes,      58352 total
[2020-09-11T15:07:27.420+0000][1][gc,age       ] GC(123) - age   3:       5256 bytes,      63608 total
[2020-09-11T15:07:27.420+0000][1][gc,age       ] GC(123) - age   4:      22336 bytes,      85944 total
[2020-09-11T15:07:27.420+0000][1][gc,age       ] GC(123) - age   5:     113608 bytes,     199552 total
[2020-09-11T15:07:27.420+0000][1][gc,age       ] GC(123) - age   6:      10416 bytes,     209968 total
[2020-09-11T15:07:27.420+0000][1][gc,heap      ] GC(123) ParNew: 68499K->226K(76672K)
[2020-09-11T15:07:27.420+0000][1][gc,heap      ] GC(123) CMS: 74888K->74891K(439104K)
[2020-09-11T15:07:27.420+0000][1][gc,metaspace ] GC(123) Metaspace: 92109K->92109K(1134592K)
[2020-09-11T15:07:27.420+0000][1][gc           ] GC(123) Pause Young (Allocation Failure) 140M->73M(503M) 6.385ms
[2020-09-11T15:07:27.420+0000][1][gc,cpu       ] GC(123) User=0.01s Sys=0.00s Real=0.01s
[2020-09-11T15:07:27.420+0000][1][safepoint    ] Safepoint "GenCollectForAllocation", Time since last: 21655121 ns, Reaching safepoint: 135938 ns, At safepoint: 6645657 ns, Total: 6781595 ns
[2020-09-11T15:07:32.579+0000][1][safepoint    ] Safepoint "RevokeBias", Time since last: 5158334468 ns, Reaching safepoint: 205180 ns, At safepoint: 27844 ns, Total: 233024 ns
[2020-09-11T15:07:32.580+0000][1][safepoint    ] Safepoint "RevokeBias", Time since last: 642452 ns, Reaching safepoint: 247069 ns, At safepoint: 19668 ns, Total: 266737 ns
[2020-09-11T15:07:43.582+0000][1][safepoint    ] Safepoint "Cleanup", Time since last: 11002361182 ns, Reaching safepoint: 166315 ns, At safepoint: 17116 ns, Total: 183431 ns
[2020-09-11T15:07:44.017+0000][1][safepoint    ] Safepoint "RevokeBias", Time since last: 434656249 ns, Reaching safepoint: 248604 ns, At safepoint: 47369 ns, Total: 295973 ns
[2020-09-11T15:07:53.024+0000][1][safepoint    ] Safepoint "Cleanup", Time since last: 9006218017 ns, Reaching safepoint: 83365 ns, At safepoint: 7243 ns, Total: 90608 ns
[2020-09-11T15:07:57.262+0000][1][safepoint    ] Safepoint "RevokeBias", Time since last: 4238159719 ns, Reaching safepoint: 244948 ns, At safepoint: 47372 ns, Total: 292320 ns
[2020-09-11T15:07:59.263+0000][1][safepoint    ] Safepoint "Cleanup", Time since last: 2000423323 ns, Reaching safepoint: 148367 ns, At safepoint: 17514 ns, Total: 165881 ns
[2020-09-11T15:08:03.263+0000][1][safepoint    ] Safepoint "Cleanup", Time since last: 4000607558 ns, Reaching safepoint: 153967 ns, At safepoint: 18064 ns, Total: 172031 ns
[2020-09-11T15:08:11.265+0000][1][safepoint    ] Safepoint "Cleanup", Time since last: 8001083518 ns, Reaching safepoint: 114011 ns, At safepoint: 7507 ns, Total: 121518 ns
[2020-09-11T15:08:17.266+0000][1][safepoint    ] Safepoint "Cleanup", Time since last: 6000898523 ns, Reaching safepoint: 165423 ns, At safepoint: 17359 ns, Total: 182782 ns
[2020-09-11T15:08:20.266+0000][1][safepoint    ] Safepoint "Cleanup", Time since last: 3000492689 ns, Reaching safepoint: 108472 ns, At safepoint: 7377 ns, Total: 115849 ns
[2020-09-11T15:08:22.505+0000][1][gc,start     ] GC(124) Pause Young (Allocation Failure)
[2020-09-11T15:08:22.505+0000][1][gc,task      ] GC(124) Using 1 workers of 1 for evacuation
[2020-09-11T15:08:22.510+0000][1][gc,age       ] GC(124) Desired survivor size 4358144 bytes, new threshold 6 (max threshold 6)
[2020-09-11T15:08:22.510+0000][1][gc,age       ] GC(124) Age table with threshold 6 (max threshold 6)
[2020-09-11T15:08:22.510+0000][1][gc,age       ] GC(124) - age   1:      33792 bytes,      33792 total
[2020-09-11T15:08:22.510+0000][1][gc,age       ] GC(124) - age   2:       3952 bytes,      37744 total
[2020-09-11T15:08:22.510+0000][1][gc,age       ] GC(124) - age   3:       3624 bytes,      41368 total
[2020-09-11T15:08:22.510+0000][1][gc,age       ] GC(124) - age   4:       4016 bytes,      45384 total
[2020-09-11T15:08:22.510+0000][1][gc,age       ] GC(124) - age   5:      22336 bytes,      67720 total
[2020-09-11T15:08:22.510+0000][1][gc,age       ] GC(124) - age   6:     112368 bytes,     180088 total
[2020-09-11T15:08:22.510+0000][1][gc,heap      ] GC(124) ParNew: 68386K->182K(76672K)
[2020-09-11T15:08:22.510+0000][1][gc,heap      ] GC(124) CMS: 74891K->74901K(439104K)
[2020-09-11T15:08:22.510+0000][1][gc,metaspace ] GC(124) Metaspace: 92166K->92166K(1134592K)
[2020-09-11T15:08:22.510+0000][1][gc           ] GC(124) Pause Young (Allocation Failure) 139M->73M(503M) 4.844ms
[2020-09-11T15:08:22.510+0000][1][gc,cpu       ] GC(124) User=0.01s Sys=0.00s Real=0.00s
[2020-09-11T15:08:22.510+0000][1][safepoint    ] Safepoint "GenCollectForAllocation", Time since last: 2238465493 ns, Reaching safepoint: 194063 ns, At safepoint: 4907517 ns, Total: 5101580 ns
[2020-09-11T15:08:23.512+0000][1][safepoint    ] Safepoint "Cleanup", Time since last: 1002330446 ns, Reaching safepoint: 125355 ns, At safepoint: 20702 ns, Total: 146057 ns
[2020-09-11T15:08:29.513+0000][1][safepoint    ] Safepoint "Cleanup", Time since last: 6000761966 ns, Reaching safepoint: 115152 ns, At safepoint: 7504 ns, Total: 122656 ns
[2020-09-11T15:08:32.514+0000][1][safepoint    ] Safepoint "Cleanup", Time since last: 3000407192 ns, Reaching safepoint: 146967 ns, At safepoint: 7507 ns, Total: 154474 ns
[2020-09-11T15:08:33.514+0000][1][safepoint    ] Safepoint "Cleanup", Time since last: 1000172587 ns, Reaching safepoint: 113506 ns, At safepoint: 7294 ns, Total: 120800 ns
[2020-09-11T15:08:41.515+0000][1][safepoint    ] Safepoint "Cleanup", Time since last: 8001179163 ns, Reaching safepoint: 109767 ns, At safepoint: 8157 ns, Total: 117924 ns
[2020-09-11T15:08:49.517+0000][1][safepoint    ] Safepoint "Cleanup", Time since last: 8001157135 ns, Reaching safepoint: 150636 ns, At safepoint: 17303 ns, Total: 167939 ns
[2020-09-11T15:08:56.518+0000][1][safepoint    ] Safepoint "Cleanup", Time since last: 7001077711 ns, Reaching safepoint: 99443 ns, At safepoint: 7089 ns, Total: 106532 ns
[2020-09-11T15:09:04.519+0000][1][safepoint    ] Safepoint "Cleanup", Time since last: 8001291091 ns, Reaching safepoint: 137460 ns, At safepoint: 6942 ns, Total: 144402 ns
[2020-09-11T15:09:08.520+0000][1][safepoint    ] Safepoint "Cleanup", Time since last: 4000531472 ns, Reaching safepoint: 156211 ns, At safepoint: 17885 ns, Total: 174096 ns
[2020-09-11T15:09:17.597+0000][1][gc,start     ] GC(125) Pause Young (Allocation Failure)
[2020-09-11T15:09:17.597+0000][1][gc,task      ] GC(125) Using 1 workers of 1 for evacuation
[2020-09-11T15:09:17.603+0000][1][gc,age       ] GC(125) Desired survivor size 4358144 bytes, new threshold 6 (max threshold 6)
[2020-09-11T15:09:17.603+0000][1][gc,age       ] GC(125) Age table with threshold 6 (max threshold 6)
[2020-09-11T15:09:17.603+0000][1][gc,age       ] GC(125) - age   1:      34344 bytes,      34344 total
[2020-09-11T15:09:17.603+0000][1][gc,age       ] GC(125) - age   2:       3400 bytes,      37744 total
[2020-09-11T15:09:17.603+0000][1][gc,age       ] GC(125) - age   3:       1344 bytes,      39088 total
[2020-09-11T15:09:17.603+0000][1][gc,age       ] GC(125) - age   4:       2384 bytes,      41472 total
[2020-09-11T15:09:17.603+0000][1][gc,age       ] GC(125) - age   5:       4016 bytes,      45488 total
[2020-09-11T15:09:17.603+0000][1][gc,age       ] GC(125) - age   6:      22336 bytes,      67824 total
[2020-09-11T15:09:17.603+0000][1][gc,heap      ] GC(125) ParNew: 68342K->177K(76672K)
[2020-09-11T15:09:17.603+0000][1][gc,heap      ] GC(125) CMS: 74901K->75013K(439104K)
[2020-09-11T15:09:17.603+0000][1][gc,metaspace ] GC(125) Metaspace: 92185K->92185K(1134592K)
[2020-09-11T15:09:17.603+0000][1][gc           ] GC(125) Pause Young (Allocation Failure) 139M->73M(503M) 6.118ms
[2020-09-11T15:09:17.603+0000][1][gc,cpu       ] GC(125) User=0.01s Sys=0.00s Real=0.00s
[2020-09-11T15:09:17.603+0000][1][safepoint    ] Safepoint "GenCollectForAllocation", Time since last: 9076993104 ns, Reaching safepoint: 249109 ns, At safepoint: 6235058 ns, Total: 6484167 ns
[2020-09-11T15:09:43.610+0000][1][safepoint    ] Safepoint "Cleanup", Time since last: 26006225303 ns, Reaching safepoint: 111880 ns, At safepoint: 7187 ns, Total: 119067 ns
[2020-09-11T15:09:44.610+0000][1][safepoint    ] Safepoint "Cleanup", Time since last: 1000196524 ns, Reaching safepoint: 108865 ns, At safepoint: 7631 ns, Total: 116496 ns
[2020-09-11T15:09:47.611+0000][1][safepoint    ] Safepoint "Cleanup", Time since last: 3000476562 ns, Reaching safepoint: 161988 ns, At safepoint: 20170 ns, Total: 182158 ns
[2020-09-11T15:10:11.616+0000][1][safepoint    ] Safepoint "Cleanup", Time since last: 24005469514 ns, Reaching safepoint: 112775 ns, At safepoint: 7442 ns, Total: 120217 ns
[2020-09-11T15:10:12.681+0000][1][gc,start     ] GC(126) Pause Young (Allocation Failure)
[2020-09-11T15:10:12.681+0000][1][gc,task      ] GC(126) Using 1 workers of 1 for evacuation
[2020-09-11T15:10:12.688+0000][1][gc,age       ] GC(126) Desired survivor size 4358144 bytes, new threshold 6 (max threshold 6)
[2020-09-11T15:10:12.688+0000][1][gc,age       ] GC(126) Age table with threshold 6 (max threshold 6)
[2020-09-11T15:10:12.688+0000][1][gc,age       ] GC(126) - age   1:      34672 bytes,      34672 total
[2020-09-11T15:10:12.688+0000][1][gc,age       ] GC(126) - age   2:       1616 bytes,      36288 total
[2020-09-11T15:10:12.688+0000][1][gc,age       ] GC(126) - age   3:       3400 bytes,      39688 total
[2020-09-11T15:10:12.688+0000][1][gc,age       ] GC(126) - age   4:       1344 bytes,      41032 total
[2020-09-11T15:10:12.688+0000][1][gc,age       ] GC(126) - age   5:       2384 bytes,      43416 total
[2020-09-11T15:10:12.688+0000][1][gc,age       ] GC(126) - age   6:       2776 bytes,      46192 total
[2020-09-11T15:10:12.688+0000][1][gc,heap      ] GC(126) ParNew: 68337K->60K(76672K)
[2020-09-11T15:10:12.688+0000][1][gc,heap      ] GC(126) CMS: 75013K->75035K(439104K)
[2020-09-11T15:10:12.688+0000][1][gc,metaspace ] GC(126) Metaspace: 92211K->92211K(1134592K)
[2020-09-11T15:10:12.688+0000][1][gc           ] GC(126) Pause Young (Allocation Failure) 139M->73M(503M) 6.890ms
[2020-09-11T15:10:12.688+0000][1][gc,cpu       ] GC(126) User=0.00s Sys=0.00s Real=0.01s
[2020-09-11T15:10:12.689+0000][1][safepoint    ] Safepoint "GenCollectForAllocation", Time since last: 1058838341 ns, Reaching safepoint: 5791468 ns, At safepoint: 8359024 ns, Total: 14150492 ns
[2020-09-11T15:10:23.692+0000][1][safepoint    ] Safepoint "Cleanup", Time since last: 11002435964 ns, Reaching safepoint: 115881 ns, At safepoint: 7883 ns, Total: 123764 ns
[2020-09-11T15:10:29.693+0000][1][safepoint    ] Safepoint "Cleanup", Time since last: 6000764839 ns, Reaching safepoint: 154133 ns, At safepoint: 18209 ns, Total: 172342 ns
[2020-09-11T15:10:32.693+0000][1][safepoint    ] Safepoint "Cleanup", Time since last: 3000454728 ns, Reaching safepoint: 90866 ns, At safepoint: 9812 ns, Total: 100678 ns
[2020-09-11T15:10:50.696+0000][1][safepoint    ] Safepoint "Cleanup", Time since last: 18002285886 ns, Reaching safepoint: 158263 ns, At safepoint: 17530 ns, Total: 175793 ns
[2020-09-11T15:10:56.704+0000][1][safepoint    ] Safepoint "Cleanup", Time since last: 6008338682 ns, Reaching safepoint: 173983 ns, At safepoint: 19087 ns, Total: 193070 ns
[2020-09-11T15:11:05.706+0000][1][safepoint    ] Safepoint "Cleanup", Time since last: 9001364060 ns, Reaching safepoint: 99659 ns, At safepoint: 7222 ns, Total: 106881 ns
[2020-09-11T15:11:08.122+0000][1][gc,start     ] GC(127) Pause Young (Allocation Failure)
[2020-09-11T15:11:08.122+0000][1][gc,task      ] GC(127) Using 1 workers of 1 for evacuation
[2020-09-11T15:11:08.132+0000][1][gc,age       ] GC(127) Desired survivor size 4358144 bytes, new threshold 6 (max threshold 6)
[2020-09-11T15:11:08.132+0000][1][gc,age       ] GC(127) Age table with threshold 6 (max threshold 6)
[2020-09-11T15:11:08.132+0000][1][gc,age       ] GC(127) - age   1:      32280 bytes,      32280 total
[2020-09-11T15:11:08.132+0000][1][gc,age       ] GC(127) - age   2:       3264 bytes,      35544 total
[2020-09-11T15:11:08.132+0000][1][gc,age       ] GC(127) - age   3:        184 bytes,      35728 total
[2020-09-11T15:11:08.132+0000][1][gc,age       ] GC(127) - age   4:       3400 bytes,      39128 total
[2020-09-11T15:11:08.132+0000][1][gc,age       ] GC(127) - age   5:       1344 bytes,      40472 total
[2020-09-11T15:11:08.132+0000][1][gc,age       ] GC(127) - age   6:       2384 bytes,      42856 total
[2020-09-11T15:11:08.132+0000][1][gc,heap      ] GC(127) ParNew: 68168K->49K(76672K)
[2020-09-11T15:11:08.132+0000][1][gc,heap      ] GC(127) CMS: 75035K->75037K(439104K)
[2020-09-11T15:11:08.132+0000][1][gc,metaspace ] GC(127) Metaspace: 92231K->92231K(1134592K)
[2020-09-11T15:11:08.132+0000][1][gc           ] GC(127) Pause Young (Allocation Failure) 139M->73M(503M) 10.276ms
[2020-09-11T15:11:08.132+0000][1][gc,cpu       ] GC(127) User=0.01s Sys=0.00s Real=0.01s
[2020-09-11T15:11:08.133+0000][1][safepoint    ] Safepoint "GenCollectForAllocation", Time since last: 2416144768 ns, Reaching safepoint: 162216 ns, At safepoint: 10651202 ns, Total: 10813418 ns
[2020-09-11T15:11:13.135+0000][1][safepoint    ] Safepoint "Cleanup", Time since last: 5001861670 ns, Reaching safepoint: 169185 ns, At safepoint: 19451 ns, Total: 188636 ns
[2020-09-11T15:11:36.138+0000][1][safepoint    ] Safepoint "Cleanup", Time since last: 23003052601 ns, Reaching safepoint: 151982 ns, At safepoint: 17323 ns, Total: 169305 ns
[2020-09-11T15:11:42.139+0000][1][safepoint    ] Safepoint "Cleanup", Time since last: 6000921784 ns, Reaching safepoint: 156512 ns, At safepoint: 18225 ns, Total: 174737 ns
[2020-09-11T15:11:43.140+0000][1][safepoint    ] Safepoint "Cleanup", Time since last: 1000260342 ns, Reaching safepoint: 165820 ns, At safepoint: 23347 ns, Total: 189167 ns
[2020-09-11T15:11:48.140+0000][1][safepoint    ] Safepoint "Cleanup", Time since last: 5000675703 ns, Reaching safepoint: 153255 ns, At safepoint: 15864 ns, Total: 169119 ns
[2020-09-11T15:11:53.141+0000][1][safepoint    ] Safepoint "Cleanup", Time since last: 5000813529 ns, Reaching safepoint: 157375 ns, At safepoint: 17289 ns, Total: 174664 ns
[2020-09-11T15:11:58.142+0000][1][safepoint    ] Safepoint "Cleanup", Time since last: 5000789539 ns, Reaching safepoint: 162540 ns, At safepoint: 17837 ns, Total: 180377 ns
[2020-09-11T15:12:00.143+0000][1][safepoint    ] Safepoint "Cleanup", Time since last: 2000338398 ns, Reaching safepoint: 122848 ns, At safepoint: 6805 ns, Total: 129653 ns
[2020-09-11T15:12:02.845+0000][1][gc,start     ] GC(128) Pause Young (Allocation Failure)
[2020-09-11T15:12:02.845+0000][1][gc,task      ] GC(128) Using 1 workers of 1 for evacuation
[2020-09-11T15:12:02.849+0000][1][gc,age       ] GC(128) Desired survivor size 4358144 bytes, new threshold 6 (max threshold 6)
[2020-09-11T15:12:02.849+0000][1][gc,age       ] GC(128) Age table with threshold 6 (max threshold 6)
[2020-09-11T15:12:02.849+0000][1][gc,age       ] GC(128) - age   1:      37640 bytes,      37640 total
[2020-09-11T15:12:02.849+0000][1][gc,age       ] GC(128) - age   2:        888 bytes,      38528 total
[2020-09-11T15:12:02.849+0000][1][gc,age       ] GC(128) - age   3:       2024 bytes,      40552 total
[2020-09-11T15:12:02.849+0000][1][gc,age       ] GC(128) - age   4:         64 bytes,      40616 total
[2020-09-11T15:12:02.849+0000][1][gc,age       ] GC(128) - age   5:       2160 bytes,      42776 total
[2020-09-11T15:12:02.849+0000][1][gc,age       ] GC(128) - age   6:       1344 bytes,      44120 total
[2020-09-11T15:12:02.849+0000][1][gc,heap      ] GC(128) ParNew: 68209K->43K(76672K)
[2020-09-11T15:12:02.849+0000][1][gc,heap      ] GC(128) CMS: 75037K->75040K(439104K)
[2020-09-11T15:12:02.849+0000][1][gc,metaspace ] GC(128) Metaspace: 92295K->92295K(1134592K)
[2020-09-11T15:12:02.849+0000][1][gc           ] GC(128) Pause Young (Allocation Failure) 139M->73M(503M) 4.024ms
[2020-09-11T15:12:02.849+0000][1][gc,cpu       ] GC(128) User=0.01s Sys=0.00s Real=0.00s
[2020-09-11T15:12:02.849+0000][1][safepoint    ] Safepoint "GenCollectForAllocation", Time since last: 2702027972 ns, Reaching safepoint: 194971 ns, At safepoint: 4123069 ns, Total: 4318040 ns
[2020-09-11T15:12:08.850+0000][1][safepoint    ] Safepoint "Cleanup", Time since last: 6000756742 ns, Reaching safepoint: 118692 ns, At safepoint: 5987 ns, Total: 124679 ns
[2020-09-11T15:12:11.851+0000][1][safepoint    ] Safepoint "Cleanup", Time since last: 3000977531 ns, Reaching safepoint: 142844 ns, At safepoint: 13842 ns, Total: 156686 ns
[2020-09-11T15:12:14.852+0000][1][safepoint    ] Safepoint "Cleanup", Time since last: 3000428401 ns, Reaching safepoint: 119119 ns, At safepoint: 6286 ns, Total: 125405 ns
[2020-09-11T15:12:28.854+0000][1][safepoint    ] Safepoint "Cleanup", Time since last: 14001864013 ns, Reaching safepoint: 153048 ns, At safepoint: 17099 ns, Total: 170147 ns
[2020-09-11T15:12:32.855+0000][1][safepoint    ] Safepoint "Cleanup", Time since last: 4000592019 ns, Reaching safepoint: 126662 ns, At safepoint: 6821 ns, Total: 133483 ns
[2020-09-11T15:12:57.858+0000][1][safepoint    ] Safepoint "Cleanup", Time since last: 25003328730 ns, Reaching safepoint: 149593 ns, At safepoint: 16404 ns, Total: 165997 ns
[2020-09-11T15:13:02.847+0000][1][gc,start     ] GC(129) Pause Young (Allocation Failure)
[2020-09-11T15:13:02.847+0000][1][gc,task      ] GC(129) Using 1 workers of 1 for evacuation
[2020-09-11T15:13:02.851+0000][1][gc,age       ] GC(129) Desired survivor size 4358144 bytes, new threshold 6 (max threshold 6)
[2020-09-11T15:13:02.851+0000][1][gc,age       ] GC(129) Age table with threshold 6 (max threshold 6)
[2020-09-11T15:13:02.851+0000][1][gc,age       ] GC(129) - age   1:      86944 bytes,      86944 total
[2020-09-11T15:13:02.851+0000][1][gc,age       ] GC(129) - age   2:       3480 bytes,      90424 total
[2020-09-11T15:13:02.851+0000][1][gc,age       ] GC(129) - age   3:        792 bytes,      91216 total
[2020-09-11T15:13:02.851+0000][1][gc,age       ] GC(129) - age   4:       2024 bytes,      93240 total
[2020-09-11T15:13:02.851+0000][1][gc,age       ] GC(129) - age   5:         64 bytes,      93304 total
[2020-09-11T15:13:02.851+0000][1][gc,age       ] GC(129) - age   6:       2160 bytes,      95464 total
[2020-09-11T15:13:02.851+0000][1][gc,heap      ] GC(129) ParNew: 68203K->129K(76672K)
[2020-09-11T15:13:02.851+0000][1][gc,heap      ] GC(129) CMS: 75040K->75041K(439104K)
[2020-09-11T15:13:02.851+0000][1][gc,metaspace ] GC(129) Metaspace: 92335K->92335K(1134592K)
[2020-09-11T15:13:02.851+0000][1][gc           ] GC(129) Pause Young (Allocation Failure) 139M->73M(503M) 4.323ms
[2020-09-11T15:13:02.851+0000][1][gc,cpu       ] GC(129) User=0.01s Sys=0.00s Real=0.00s
[2020-09-11T15:13:02.851+0000][1][safepoint    ] Safepoint "GenCollectForAllocation", Time since last: 4988353172 ns, Reaching safepoint: 211448 ns, At safepoint: 4392113 ns, Total: 4603561 ns
[2020-09-11T15:13:15.858+0000][1][safepoint    ] Safepoint "Cleanup", Time since last: 13006424809 ns, Reaching safepoint: 154468 ns, At safepoint: 18028 ns, Total: 172496 ns
[2020-09-11T15:13:46.862+0000][1][safepoint    ] Safepoint "Cleanup", Time since last: 31004264037 ns, Reaching safepoint: 210253 ns, At safepoint: 19077 ns, Total: 229330 ns
[2020-09-11T15:13:57.732+0000][1][gc,start     ] GC(130) Pause Young (Allocation Failure)
[2020-09-11T15:13:57.733+0000][1][gc,task      ] GC(130) Using 1 workers of 1 for evacuation
[2020-09-11T15:13:57.750+0000][1][gc,age       ] GC(130) Desired survivor size 4358144 bytes, new threshold 6 (max threshold 6)
[2020-09-11T15:13:57.750+0000][1][gc,age       ] GC(130) Age table with threshold 6 (max threshold 6)
[2020-09-11T15:13:57.750+0000][1][gc,age       ] GC(130) - age   1:     107136 bytes,     107136 total
[2020-09-11T15:13:57.750+0000][1][gc,age       ] GC(130) - age   2:       2720 bytes,     109856 total
[2020-09-11T15:13:57.750+0000][1][gc,age       ] GC(130) - age   3:       3480 bytes,     113336 total
[2020-09-11T15:13:57.750+0000][1][gc,age       ] GC(130) - age   4:        792 bytes,     114128 total
[2020-09-11T15:13:57.750+0000][1][gc,age       ] GC(130) - age   5:       2024 bytes,     116152 total
[2020-09-11T15:13:57.750+0000][1][gc,age       ] GC(130) - age   6:         64 bytes,     116216 total
[2020-09-11T15:13:57.750+0000][1][gc,heap      ] GC(130) ParNew: 68289K->161K(76672K)
[2020-09-11T15:13:57.750+0000][1][gc,heap      ] GC(130) CMS: 75041K->75043K(439104K)
[2020-09-11T15:13:57.750+0000][1][gc,metaspace ] GC(130) Metaspace: 92380K->92380K(1134592K)
[2020-09-11T15:13:57.750+0000][1][gc           ] GC(130) Pause Young (Allocation Failure) 139M->73M(503M) 17.279ms
[2020-09-11T15:13:57.750+0000][1][gc,cpu       ] GC(130) User=0.00s Sys=0.00s Real=0.02s
[2020-09-11T15:13:57.752+0000][1][safepoint    ] Safepoint "GenCollectForAllocation", Time since last: 10870071817 ns, Reaching safepoint: 267765 ns, At safepoint: 19678898 ns, Total: 19946663 ns
[2020-09-11T15:14:03.754+0000][1][safepoint    ] Safepoint "Cleanup", Time since last: 6002036867 ns, Reaching safepoint: 106018 ns, At safepoint: 7179 ns, Total: 113197 ns
[2020-09-11T15:14:15.756+0000][1][safepoint    ] Safepoint "Cleanup", Time since last: 12001618521 ns, Reaching safepoint: 162954 ns, At safepoint: 19905 ns, Total: 182859 ns
[2020-09-11T15:14:21.760+0000][1][safepoint    ] Safepoint "Cleanup", Time since last: 6004128470 ns, Reaching safepoint: 169091 ns, At safepoint: 17237 ns, Total: 186328 ns
[2020-09-11T15:14:22.761+0000][1][safepoint    ] Safepoint "Cleanup", Time since last: 1000228314 ns, Reaching safepoint: 111255 ns, At safepoint: 8166 ns, Total: 119421 ns
[2020-09-11T15:14:39.764+0000][1][safepoint    ] Safepoint "Cleanup", Time since last: 17002685706 ns, Reaching safepoint: 141582 ns, At safepoint: 16063 ns, Total: 157645 ns
[2020-09-11T15:14:48.765+0000][1][safepoint    ] Safepoint "Cleanup", Time since last: 9001142127 ns, Reaching safepoint: 193664 ns, At safepoint: 19996 ns, Total: 213660 ns
[2020-09-11T15:14:53.112+0000][1][gc,start     ] GC(131) Pause Young (Allocation Failure)
[2020-09-11T15:14:53.112+0000][1][gc,task      ] GC(131) Using 1 workers of 1 for evacuation
[2020-09-11T15:14:53.120+0000][1][gc,age       ] GC(131) Desired survivor size 4358144 bytes, new threshold 6 (max threshold 6)
[2020-09-11T15:14:53.120+0000][1][gc,age       ] GC(131) Age table with threshold 6 (max threshold 6)
[2020-09-11T15:14:53.120+0000][1][gc,age       ] GC(131) - age   1:      29984 bytes,      29984 total
[2020-09-11T15:14:53.120+0000][1][gc,age       ] GC(131) - age   2:       5056 bytes,      35040 total
[2020-09-11T15:14:53.120+0000][1][gc,age       ] GC(131) - age   3:       2720 bytes,      37760 total
[2020-09-11T15:14:53.120+0000][1][gc,age       ] GC(131) - age   4:       3360 bytes,      41120 total
[2020-09-11T15:14:53.120+0000][1][gc,age       ] GC(131) - age   5:        792 bytes,      41912 total
[2020-09-11T15:14:53.120+0000][1][gc,age       ] GC(131) - age   6:       2024 bytes,      43936 total
[2020-09-11T15:14:53.120+0000][1][gc,heap      ] GC(131) ParNew: 68321K->105K(76672K)
[2020-09-11T15:14:53.120+0000][1][gc,heap      ] GC(131) CMS: 75043K->75043K(439104K)
[2020-09-11T15:14:53.120+0000][1][gc,metaspace ] GC(131) Metaspace: 92380K->92380K(1134592K)
[2020-09-11T15:14:53.120+0000][1][gc           ] GC(131) Pause Young (Allocation Failure) 140M->73M(503M) 8.431ms
[2020-09-11T15:14:53.120+0000][1][gc,cpu       ] GC(131) User=0.01s Sys=0.00s Real=0.01s
[2020-09-11T15:14:53.120+0000][1][safepoint    ] Safepoint "GenCollectForAllocation", Time since last: 4346613094 ns, Reaching safepoint: 248795 ns, At safepoint: 8524768 ns, Total: 8773563 ns
[2020-09-11T15:14:58.124+0000][1][safepoint    ] Safepoint "Cleanup", Time since last: 5003644188 ns, Reaching safepoint: 260985 ns, At safepoint: 19351 ns, Total: 280336 ns
[2020-09-11T15:15:33.129+0000][1][safepoint    ] Safepoint "Cleanup", Time since last: 35004725870 ns, Reaching safepoint: 109991 ns, At safepoint: 6990 ns, Total: 116981 ns
[2020-09-11T15:15:34.129+0000][1][safepoint    ] Safepoint "Cleanup", Time since last: 1000186666 ns, Reaching safepoint: 107472 ns, At safepoint: 8267 ns, Total: 115739 ns
[2020-09-11T15:15:37.130+0000][1][safepoint    ] Safepoint "Cleanup", Time since last: 3000499838 ns, Reaching safepoint: 110150 ns, At safepoint: 6526 ns, Total: 116676 ns
[2020-09-11T15:15:48.197+0000][1][gc,start     ] GC(132) Pause Young (Allocation Failure)
[2020-09-11T15:15:48.198+0000][1][gc,task      ] GC(132) Using 1 workers of 1 for evacuation
[2020-09-11T15:15:48.201+0000][1][gc,age       ] GC(132) Desired survivor size 4358144 bytes, new threshold 6 (max threshold 6)
[2020-09-11T15:15:48.201+0000][1][gc,age       ] GC(132) Age table with threshold 6 (max threshold 6)
[2020-09-11T15:15:48.201+0000][1][gc,age       ] GC(132) - age   1:      34512 bytes,      34512 total
[2020-09-11T15:15:48.201+0000][1][gc,age       ] GC(132) - age   2:       1016 bytes,      35528 total
[2020-09-11T15:15:48.201+0000][1][gc,age       ] GC(132) - age   3:       1336 bytes,      36864 total
[2020-09-11T15:15:48.201+0000][1][gc,age       ] GC(132) - age   4:       1480 bytes,      38344 total
[2020-09-11T15:15:48.201+0000][1][gc,age       ] GC(132) - age   5:       3360 bytes,      41704 total
[2020-09-11T15:15:48.201+0000][1][gc,age       ] GC(132) - age   6:        792 bytes,      42496 total
[2020-09-11T15:15:48.201+0000][1][gc,heap      ] GC(132) ParNew: 68265K->42K(76672K)
[2020-09-11T15:15:48.201+0000][1][gc,heap      ] GC(132) CMS: 75043K->75043K(439104K)
[2020-09-11T15:15:48.201+0000][1][gc,metaspace ] GC(132) Metaspace: 92383K->92383K(1134592K)
[2020-09-11T15:15:48.201+0000][1][gc           ] GC(132) Pause Young (Allocation Failure) 139M->73M(503M) 3.862ms
[2020-09-11T15:15:48.201+0000][1][gc,cpu       ] GC(132) User=0.00s Sys=0.00s Real=0.00s
[2020-09-11T15:15:48.202+0000][1][safepoint    ] Safepoint "GenCollectForAllocation", Time since last: 11067284010 ns, Reaching safepoint: 186292 ns, At safepoint: 4041591 ns, Total: 4227883 ns
[2020-09-11T15:15:58.203+0000][1][safepoint    ] Safepoint "Cleanup", Time since last: 10001274148 ns, Reaching safepoint: 126728 ns, At safepoint: 6475 ns, Total: 133203 ns
[2020-09-11T15:16:04.204+0000][1][safepoint    ] Safepoint "Cleanup", Time since last: 6000753596 ns, Reaching safepoint: 149613 ns, At safepoint: 18299 ns, Total: 167912 ns
[2020-09-11T15:16:07.204+0000][1][safepoint    ] Safepoint "Cleanup", Time since last: 3000379724 ns, Reaching safepoint: 171798 ns, At safepoint: 8517 ns, Total: 180315 ns
[2020-09-11T15:16:13.205+0000][1][safepoint    ] Safepoint "Cleanup", Time since last: 6000812841 ns, Reaching safepoint: 170582 ns, At safepoint: 20009 ns, Total: 190591 ns
[2020-09-11T15:16:17.206+0000][1][safepoint    ] Safepoint "Cleanup", Time since last: 4000649079 ns, Reaching safepoint: 103655 ns, At safepoint: 7232 ns, Total: 110887 ns
[2020-09-11T15:16:19.207+0000][1][safepoint    ] Safepoint "Cleanup", Time since last: 2000310775 ns, Reaching safepoint: 152185 ns, At safepoint: 18012 ns, Total: 170197 ns
[2020-09-11T15:16:28.208+0000][1][safepoint    ] Safepoint "Cleanup", Time since last: 9001226475 ns, Reaching safepoint: 110896 ns, At safepoint: 6446 ns, Total: 117342 ns
[2020-09-11T15:16:33.209+0000][1][safepoint    ] Safepoint "Cleanup", Time since last: 5000692630 ns, Reaching safepoint: 106098 ns, At safepoint: 7172 ns, Total: 113270 ns
[2020-09-11T15:16:37.210+0000][1][safepoint    ] Safepoint "Cleanup", Time since last: 4000593065 ns, Reaching safepoint: 107924 ns, At safepoint: 7571 ns, Total: 115495 ns
[2020-09-11T15:16:48.257+0000][1][gc,start     ] GC(133) Pause Young (Allocation Failure)
[2020-09-11T15:16:48.257+0000][1][gc,task      ] GC(133) Using 1 workers of 1 for evacuation
[2020-09-11T15:16:48.264+0000][1][gc,age       ] GC(133) Desired survivor size 4358144 bytes, new threshold 6 (max threshold 6)
[2020-09-11T15:16:48.264+0000][1][gc,age       ] GC(133) Age table with threshold 6 (max threshold 6)
[2020-09-11T15:16:48.264+0000][1][gc,age       ] GC(133) - age   1:      35712 bytes,      35712 total
[2020-09-11T15:16:48.264+0000][1][gc,age       ] GC(133) - age   2:       3624 bytes,      39336 total
[2020-09-11T15:16:48.264+0000][1][gc,age       ] GC(133) - age   3:       1016 bytes,      40352 total
[2020-09-11T15:16:48.264+0000][1][gc,age       ] GC(133) - age   4:       1336 bytes,      41688 total
[2020-09-11T15:16:48.264+0000][1][gc,age       ] GC(133) - age   5:       1480 bytes,      43168 total
[2020-09-11T15:16:48.264+0000][1][gc,age       ] GC(133) - age   6:       3360 bytes,      46528 total
[2020-09-11T15:16:48.264+0000][1][gc,heap      ] GC(133) ParNew: 68202K->83K(76672K)
[2020-09-11T15:16:48.264+0000][1][gc,heap      ] GC(133) CMS: 75043K->75044K(439104K)
[2020-09-11T15:16:48.264+0000][1][gc,metaspace ] GC(133) Metaspace: 92414K->92414K(1134592K)
[2020-09-11T15:16:48.264+0000][1][gc           ] GC(133) Pause Young (Allocation Failure) 139M->73M(503M) 7.493ms
[2020-09-11T15:16:48.264+0000][1][gc,cpu       ] GC(133) User=0.00s Sys=0.00s Real=0.01s
[2020-09-11T15:16:48.264+0000][1][safepoint    ] Safepoint "GenCollectForAllocation", Time since last: 11046976718 ns, Reaching safepoint: 262288 ns, At safepoint: 7570434 ns, Total: 7832722 ns
[2020-09-11T15:16:49.267+0000][1][safepoint    ] Safepoint "Cleanup", Time since last: 1003049105 ns, Reaching safepoint: 85192 ns, At safepoint: 5679 ns, Total: 90871 ns
[2020-09-11T15:16:58.269+0000][1][safepoint    ] Safepoint "Cleanup", Time since last: 9001269371 ns, Reaching safepoint: 93862 ns, At safepoint: 6399 ns, Total: 100261 ns
[2020-09-11T15:17:01.269+0000][1][safepoint    ] Safepoint "Cleanup", Time since last: 3000470628 ns, Reaching safepoint: 161777 ns, At safepoint: 18102 ns, Total: 179879 ns
[2020-09-11T15:17:03.270+0000][1][safepoint    ] Safepoint "Cleanup", Time since last: 2000277216 ns, Reaching safepoint: 124828 ns, At safepoint: 7457 ns, Total: 132285 ns
[2020-09-11T15:17:07.271+0000][1][safepoint    ] Safepoint "Cleanup", Time since last: 4000623495 ns, Reaching safepoint: 110744 ns, At safepoint: 7838 ns, Total: 118582 ns
[2020-09-11T15:17:23.273+0000][1][safepoint    ] Safepoint "Cleanup", Time since last: 16002185408 ns, Reaching safepoint: 151658 ns, At safepoint: 18285 ns, Total: 169943 ns
[2020-09-11T15:17:33.275+0000][1][safepoint    ] Safepoint "Cleanup", Time since last: 10001449091 ns, Reaching safepoint: 153331 ns, At safepoint: 19107 ns, Total: 172438 ns
[2020-09-11T15:17:43.276+0000][1][safepoint    ] Safepoint "Cleanup", Time since last: 10001508875 ns, Reaching safepoint: 156211 ns, At safepoint: 18148 ns, Total: 174359 ns
[2020-09-11T15:17:43.340+0000][1][gc,start     ] GC(134) Pause Young (Allocation Failure)
[2020-09-11T15:17:43.341+0000][1][gc,task      ] GC(134) Using 1 workers of 1 for evacuation
[2020-09-11T15:17:43.346+0000][1][gc,age       ] GC(134) Desired survivor size 4358144 bytes, new threshold 6 (max threshold 6)
[2020-09-11T15:17:43.346+0000][1][gc,age       ] GC(134) Age table with threshold 6 (max threshold 6)
[2020-09-11T15:17:43.346+0000][1][gc,age       ] GC(134) - age   1:      35952 bytes,      35952 total
[2020-09-11T15:17:43.346+0000][1][gc,age       ] GC(134) - age   2:       4656 bytes,      40608 total
[2020-09-11T15:17:43.346+0000][1][gc,age       ] GC(134) - age   3:       1144 bytes,      41752 total
[2020-09-11T15:17:43.346+0000][1][gc,age       ] GC(134) - age   4:       1016 bytes,      42768 total
[2020-09-11T15:17:43.346+0000][1][gc,age       ] GC(134) - age   5:       1336 bytes,      44104 total
[2020-09-11T15:17:43.346+0000][1][gc,age       ] GC(134) - age   6:       1480 bytes,      45584 total
[2020-09-11T15:17:43.346+0000][1][gc,heap      ] GC(134) ParNew: 68243K->54K(76672K)
[2020-09-11T15:17:43.346+0000][1][gc,heap      ] GC(134) CMS: 75044K->75048K(439104K)
[2020-09-11T15:17:43.346+0000][1][gc,metaspace ] GC(134) Metaspace: 92428K->92428K(1134592K)
[2020-09-11T15:17:43.346+0000][1][gc           ] GC(134) Pause Young (Allocation Failure) 139M->73M(503M) 5.599ms
[2020-09-11T15:17:43.346+0000][1][gc,cpu       ] GC(134) User=0.00s Sys=0.00s Real=0.01s
[2020-09-11T15:17:43.346+0000][1][safepoint    ] Safepoint "GenCollectForAllocation", Time since last: 63918507 ns, Reaching safepoint: 218845 ns, At safepoint: 5676661 ns, Total: 5895506 ns
[2020-09-11T15:17:49.350+0000][1][safepoint    ] Safepoint "Cleanup", Time since last: 6003785067 ns, Reaching safepoint: 119618 ns, At safepoint: 6870 ns, Total: 126488 ns
[2020-09-11T15:18:01.352+0000][1][safepoint    ] Safepoint "Cleanup", Time since last: 12001759798 ns, Reaching safepoint: 100743 ns, At safepoint: 6733 ns, Total: 107476 ns
[2020-09-11T15:18:04.353+0000][1][safepoint    ] Safepoint "Cleanup", Time since last: 3000476235 ns, Reaching safepoint: 149258 ns, At safepoint: 17527 ns, Total: 166785 ns
[2020-09-11T15:18:05.353+0000][1][safepoint    ] Safepoint "Cleanup", Time since last: 1000246150 ns, Reaching safepoint: 111156 ns, At safepoint: 6655 ns, Total: 117811 ns
[2020-09-11T15:18:10.354+0000][1][safepoint    ] Safepoint "Cleanup", Time since last: 5000764609 ns, Reaching safepoint: 112132 ns, At safepoint: 7380 ns, Total: 119512 ns
[2020-09-11T15:18:16.355+0000][1][safepoint    ] Safepoint "Cleanup", Time since last: 6000884429 ns, Reaching safepoint: 90031 ns, At safepoint: 7681 ns, Total: 97712 ns
[2020-09-11T15:18:17.355+0000][1][safepoint    ] Safepoint "Cleanup", Time since last: 1000176538 ns, Reaching safepoint: 152891 ns, At safepoint: 17296 ns, Total: 170187 ns
[2020-09-11T15:18:23.356+0000][1][safepoint    ] Safepoint "Cleanup", Time since last: 6000993509 ns, Reaching safepoint: 106513 ns, At safepoint: 6896 ns, Total: 113409 ns
[2020-09-11T15:18:27.357+0000][1][safepoint    ] Safepoint "Cleanup", Time since last: 4000664169 ns, Reaching safepoint: 90095 ns, At safepoint: 6420 ns, Total: 96515 ns
[2020-09-11T15:18:28.357+0000][1][safepoint    ] Safepoint "Cleanup", Time since last: 1000186248 ns, Reaching safepoint: 95636 ns, At safepoint: 7694 ns, Total: 103330 ns
[2020-09-11T15:18:31.358+0000][1][safepoint    ] Safepoint "Cleanup", Time since last: 3000312913 ns, Reaching safepoint: 151203 ns, At safepoint: 16180 ns, Total: 167383 ns
[2020-09-11T15:18:32.358+0000][1][safepoint    ] Safepoint "Cleanup", Time since last: 1000223456 ns, Reaching safepoint: 153919 ns, At safepoint: 19061 ns, Total: 172980 ns
[2020-09-11T15:18:33.358+0000][1][safepoint    ] Safepoint "Cleanup", Time since last: 1000223292 ns, Reaching safepoint: 105575 ns, At safepoint: 6476 ns, Total: 112051 ns
[2020-09-11T15:18:34.359+0000][1][safepoint    ] Safepoint "Cleanup", Time since last: 1000196344 ns, Reaching safepoint: 95949 ns, At safepoint: 7816 ns, Total: 103765 ns
[2020-09-11T15:18:35.359+0000][1][safepoint    ] Safepoint "Cleanup", Time since last: 1000190015 ns, Reaching safepoint: 163769 ns, At safepoint: 19585 ns, Total: 183354 ns
[2020-09-11T15:18:36.359+0000][1][safepoint    ] Safepoint "Cleanup", Time since last: 1000255687 ns, Reaching safepoint: 89873 ns, At safepoint: 7183 ns, Total: 97056 ns
[2020-09-11T15:18:37.360+0000][1][safepoint    ] Safepoint "Cleanup", Time since last: 1000217682 ns, Reaching safepoint: 142640 ns, At safepoint: 17464 ns, Total: 160104 ns
[2020-09-11T15:18:38.360+0000][1][safepoint    ] Safepoint "Cleanup", Time since last: 1000217015 ns, Reaching safepoint: 143990 ns, At safepoint: 17981 ns, Total: 161971 ns
[2020-09-11T15:18:39.361+0000][1][safepoint    ] Safepoint "Cleanup", Time since last: 1000232566 ns, Reaching safepoint: 140903 ns, At safepoint: 17868 ns, Total: 158771 ns
[2020-09-11T15:18:39.765+0000][1][gc,start     ] GC(135) Pause Young (Allocation Failure)
[2020-09-11T15:18:39.765+0000][1][gc,task      ] GC(135) Using 1 workers of 1 for evacuation
[2020-09-11T15:18:39.774+0000][1][gc,age       ] GC(135) Desired survivor size 4358144 bytes, new threshold 6 (max threshold 6)
[2020-09-11T15:18:39.774+0000][1][gc,age       ] GC(135) Age table with threshold 6 (max threshold 6)
[2020-09-11T15:18:39.774+0000][1][gc,age       ] GC(135) - age   1:      34656 bytes,      34656 total
[2020-09-11T15:18:39.774+0000][1][gc,age       ] GC(135) - age   2:       4304 bytes,      38960 total
[2020-09-11T15:18:39.774+0000][1][gc,age       ] GC(135) - age   3:       3416 bytes,      42376 total
[2020-09-11T15:18:39.774+0000][1][gc,age       ] GC(135) - age   4:       1144 bytes,      43520 total
[2020-09-11T15:18:39.774+0000][1][gc,age       ] GC(135) - age   5:        896 bytes,      44416 total
[2020-09-11T15:18:39.774+0000][1][gc,age       ] GC(135) - age   6:       1336 bytes,      45752 total
[2020-09-11T15:18:39.774+0000][1][gc,heap      ] GC(135) ParNew: 68214K->80K(76672K)
[2020-09-11T15:18:39.774+0000][1][gc,heap      ] GC(135) CMS: 75048K->75049K(439104K)
[2020-09-11T15:18:39.774+0000][1][gc,metaspace ] GC(135) Metaspace: 92457K->92457K(1134592K)
[2020-09-11T15:18:39.774+0000][1][gc           ] GC(135) Pause Young (Allocation Failure) 139M->73M(503M) 9.629ms
[2020-09-11T15:18:39.774+0000][1][gc,cpu       ] GC(135) User=0.01s Sys=0.00s Real=0.00s
[2020-09-11T15:18:39.774+0000][1][safepoint    ] Safepoint "GenCollectForAllocation", Time since last: 403683178 ns, Reaching safepoint: 144564 ns, At safepoint: 9783599 ns, Total: 9928163 ns
[2020-09-11T15:18:40.776+0000][1][safepoint    ] Safepoint "Cleanup", Time since last: 1001517304 ns, Reaching safepoint: 159119 ns, At safepoint: 45096 ns, Total: 204215 ns
[2020-09-11T15:18:41.776+0000][1][safepoint    ] Safepoint "Cleanup", Time since last: 1000182974 ns, Reaching safepoint: 75563 ns, At safepoint: 28662 ns, Total: 104225 ns
[2020-09-11T15:18:42.776+0000][1][safepoint    ] Safepoint "Cleanup", Time since last: 1000122460 ns, Reaching safepoint: 83902 ns, At safepoint: 23014 ns, Total: 106916 ns
[2020-09-11T15:18:43.777+0000][1][safepoint    ] Safepoint "Cleanup", Time since last: 1000214201 ns, Reaching safepoint: 101425 ns, At safepoint: 6145 ns, Total: 107570 ns
[2020-09-11T15:18:44.777+0000][1][safepoint    ] Safepoint "Cleanup", Time since last: 1000116842 ns, Reaching safepoint: 87869 ns, At safepoint: 7953 ns, Total: 95822 ns
[2020-09-11T15:18:45.777+0000][1][safepoint    ] Safepoint "Cleanup", Time since last: 1000209253 ns, Reaching safepoint: 104126 ns, At safepoint: 6156 ns, Total: 110282 ns
[2020-09-11T15:18:46.778+0000][1][safepoint    ] Safepoint "Cleanup", Time since last: 1000168549 ns, Reaching safepoint: 146612 ns, At safepoint: 17587 ns, Total: 164199 ns
[2020-09-11T15:18:47.778+0000][1][safepoint    ] Safepoint "Cleanup", Time since last: 1000208318 ns, Reaching safepoint: 106251 ns, At safepoint: 6929 ns, Total: 113180 ns
[2020-09-11T15:18:48.778+0000][1][safepoint    ] Safepoint "Cleanup", Time since last: 1000171428 ns, Reaching safepoint: 105857 ns, At safepoint: 7361 ns, Total: 113218 ns
[2020-09-11T15:18:49.779+0000][1][safepoint    ] Safepoint "Cleanup", Time since last: 1000193748 ns, Reaching safepoint: 101145 ns, At safepoint: 7064 ns, Total: 108209 ns
[2020-09-11T15:18:50.779+0000][1][safepoint    ] Safepoint "Cleanup", Time since last: 1000182215 ns, Reaching safepoint: 147478 ns, At safepoint: 19341 ns, Total: 166819 ns
[2020-09-11T15:18:51.779+0000][1][safepoint    ] Safepoint "Cleanup", Time since last: 1000194012 ns, Reaching safepoint: 79594 ns, At safepoint: 7516 ns, Total: 87110 ns
[2020-09-11T15:18:52.780+0000][1][safepoint    ] Safepoint "Cleanup", Time since last: 1000206922 ns, Reaching safepoint: 161019 ns, At safepoint: 18994 ns, Total: 180013 ns
[2020-09-11T15:18:53.780+0000][1][safepoint    ] Safepoint "Cleanup", Time since last: 1000212370 ns, Reaching safepoint: 101471 ns, At safepoint: 7839 ns, Total: 109310 ns
[2020-09-11T15:18:54.780+0000][1][safepoint    ] Safepoint "Cleanup", Time since last: 1000182702 ns, Reaching safepoint: 142994 ns, At safepoint: 15459 ns, Total: 158453 ns
[2020-09-11T15:18:55.781+0000][1][safepoint    ] Safepoint "Cleanup", Time since last: 1000292968 ns, Reaching safepoint: 175348 ns, At safepoint: 15847 ns, Total: 191195 ns
[2020-09-11T15:18:56.781+0000][1][safepoint    ] Safepoint "Cleanup", Time since last: 1000197540 ns, Reaching safepoint: 134101 ns, At safepoint: 16898 ns, Total: 150999 ns
[2020-09-11T15:18:57.781+0000][1][safepoint    ] Safepoint "Cleanup", Time since last: 1000221085 ns, Reaching safepoint: 147421 ns, At safepoint: 17189 ns, Total: 164610 ns
[2020-09-11T15:18:58.782+0000][1][safepoint    ] Safepoint "Cleanup", Time since last: 1000169709 ns, Reaching safepoint: 134003 ns, At safepoint: 17778 ns, Total: 151781 ns
[2020-09-11T15:18:59.782+0000][1][safepoint    ] Safepoint "Cleanup", Time since last: 1000215508 ns, Reaching safepoint: 99537 ns, At safepoint: 6378 ns, Total: 105915 ns
[2020-09-11T15:19:00.782+0000][1][safepoint    ] Safepoint "Cleanup", Time since last: 1000183615 ns, Reaching safepoint: 96370 ns, At safepoint: 7821 ns, Total: 104191 ns
[2020-09-11T15:19:01.783+0000][1][safepoint    ] Safepoint "Cleanup", Time since last: 1000199360 ns, Reaching safepoint: 107017 ns, At safepoint: 6841 ns, Total: 113858 ns
[2020-09-11T15:19:02.784+0000][1][safepoint    ] Safepoint "Cleanup", Time since last: 1000911021 ns, Reaching safepoint: 173233 ns, At safepoint: 20748 ns, Total: 193981 ns
[2020-09-11T15:19:03.784+0000][1][safepoint    ] Safepoint "Cleanup", Time since last: 1000218017 ns, Reaching safepoint: 141491 ns, At safepoint: 16805 ns, Total: 158296 ns
[2020-09-11T15:19:04.784+0000][1][safepoint    ] Safepoint "Cleanup", Time since last: 1000156465 ns, Reaching safepoint: 80360 ns, At safepoint: 7607 ns, Total: 87967 ns
[2020-09-11T15:19:05.785+0000][1][safepoint    ] Safepoint "Cleanup", Time since last: 1000196452 ns, Reaching safepoint: 145313 ns, At safepoint: 18927 ns, Total: 164240 ns
[2020-09-11T15:19:06.785+0000][1][safepoint    ] Safepoint "Cleanup", Time since last: 1000211974 ns, Reaching safepoint: 134783 ns, At safepoint: 17834 ns, Total: 152617 ns
[2020-09-11T15:19:07.787+0000][1][safepoint    ] Safepoint "Cleanup", Time since last: 1001258739 ns, Reaching safepoint: 135935 ns, At safepoint: 17066 ns, Total: 153001 ns
[2020-09-11T15:19:08.787+0000][1][safepoint    ] Safepoint "Cleanup", Time since last: 1000181854 ns, Reaching safepoint: 142023 ns, At safepoint: 15361 ns, Total: 157384 ns
[2020-09-11T15:19:09.787+0000][1][safepoint    ] Safepoint "Cleanup", Time since last: 1000239988 ns, Reaching safepoint: 94987 ns, At safepoint: 7756 ns, Total: 102743 ns
[2020-09-11T15:19:10.788+0000][1][safepoint    ] Safepoint "Cleanup", Time since last: 1000175102 ns, Reaching safepoint: 142016 ns, At safepoint: 16999 ns, Total: 159015 ns
[2020-09-11T15:19:11.788+0000][1][safepoint    ] Safepoint "Cleanup", Time since last: 1000179829 ns, Reaching safepoint: 117444 ns, At safepoint: 8037 ns, Total: 125481 ns
[2020-09-11T15:19:12.789+0000][1][safepoint    ] Safepoint "Cleanup", Time since last: 1000797816 ns, Reaching safepoint: 111585 ns, At safepoint: 7151 ns, Total: 118736 ns
[2020-09-11T15:19:13.789+0000][1][safepoint    ] Safepoint "Cleanup", Time since last: 1000112936 ns, Reaching safepoint: 75988 ns, At safepoint: 6886 ns, Total: 82874 ns
[2020-09-11T15:19:14.789+0000][1][safepoint    ] Safepoint "Cleanup", Time since last: 1000186421 ns, Reaching safepoint: 138655 ns, At safepoint: 16808 ns, Total: 155463 ns
[2020-09-11T15:19:15.790+0000][1][safepoint    ] Safepoint "Cleanup", Time since last: 1000230169 ns, Reaching safepoint: 100129 ns, At safepoint: 7431 ns, Total: 107560 ns
[2020-09-11T15:19:16.310+0000][1][safepoint    ] Safepoint "RevokeBias", Time since last: 519674590 ns, Reaching safepoint: 183363 ns, At safepoint: 20429 ns, Total: 203792 ns
[2020-09-11T15:19:16.310+0000][1][safepoint    ] Safepoint "RevokeBias", Time since last: 59356 ns, Reaching safepoint: 160688 ns, At safepoint: 13397 ns, Total: 174085 ns
[2020-09-11T15:19:16.310+0000][1][safepoint    ] Safepoint "RevokeBias", Time since last: 32411 ns, Reaching safepoint: 150021 ns, At safepoint: 12437 ns, Total: 162458 ns
[2020-09-11T15:19:16.310+0000][1][safepoint    ] Safepoint "RevokeBias", Time since last: 41992 ns, Reaching safepoint: 153712 ns, At safepoint: 12107 ns, Total: 165819 ns
[2020-09-11T15:19:16.310+0000][1][safepoint    ] Safepoint "RevokeBias", Time since last: 30912 ns, Reaching safepoint: 159510 ns, At safepoint: 12144 ns, Total: 171654 ns
[2020-09-11T15:19:16.311+0000][1][safepoint    ] Safepoint "RevokeBias", Time since last: 29580 ns, Reaching safepoint: 159185 ns, At safepoint: 12345 ns, Total: 171530 ns
[2020-09-11T15:19:16.311+0000][1][safepoint    ] Safepoint "RevokeBias", Time since last: 28823 ns, Reaching safepoint: 159392 ns, At safepoint: 12105 ns, Total: 171497 ns
[2020-09-11T15:19:16.314+0000][1][safepoint    ] Safepoint "RevokeBias", Time since last: 2929851 ns, Reaching safepoint: 216614 ns, At safepoint: 17688 ns, Total: 234302 ns
[2020-09-11T15:19:16.315+0000][1][safepoint    ] Safepoint "RevokeBias", Time since last: 352203 ns, Reaching safepoint: 160166 ns, At safepoint: 12866 ns, Total: 173032 ns
[2020-09-11T15:19:16.327+0000][1][safepoint    ] Safepoint "RevokeBias", Time since last: 6713364 ns, Reaching safepoint: 56725 ns, At safepoint: 6178800 ns, Total: 6235525 ns
[2020-09-11T15:19:16.328+0000][1][safepoint    ] Safepoint "RevokeBias", Time since last: 45782 ns, Reaching safepoint: 202294 ns, At safepoint: 20569 ns, Total: 222863 ns
[2020-09-11T15:19:16.332+0000][1][safepoint    ] Safepoint "RevokeBias", Time since last: 3675243 ns, Reaching safepoint: 180797 ns, At safepoint: 20815 ns, Total: 201612 ns
[2020-09-11T15:19:16.479+0000][1][safepoint    ] Safepoint "ICBufferFull", Time since last: 147236608 ns, Reaching safepoint: 170270 ns, At safepoint: 22287 ns, Total: 192557 ns
[2020-09-11T15:19:17.479+0000][1][safepoint    ] Safepoint "Cleanup", Time since last: 1000131075 ns, Reaching safepoint: 140666 ns, At safepoint: 6994 ns, Total: 147660 ns
[2020-09-11T15:19:18.479+0000][1][safepoint    ] Safepoint "Cleanup", Time since last: 1000080639 ns, Reaching safepoint: 72626 ns, At safepoint: 6387 ns, Total: 79013 ns
[2020-09-11T15:19:19.480+0000][1][safepoint    ] Safepoint "Cleanup", Time since last: 1000184499 ns, Reaching safepoint: 141324 ns, At safepoint: 17253 ns, Total: 158577 ns
[2020-09-11T15:19:20.480+0000][1][safepoint    ] Safepoint "Cleanup", Time since last: 1000159223 ns, Reaching safepoint: 78612 ns, At safepoint: 9056 ns, Total: 87668 ns
[2020-09-11T15:19:21.484+0000][1][safepoint    ] Safepoint "Cleanup", Time since last: 1003915136 ns, Reaching safepoint: 94487 ns, At safepoint: 8358 ns, Total: 102845 ns
[2020-09-11T15:19:22.484+0000][1][safepoint    ] Safepoint "Cleanup", Time since last: 1000174733 ns, Reaching safepoint: 136696 ns, At safepoint: 7446 ns, Total: 144142 ns
[2020-09-11T15:19:23.485+0000][1][safepoint    ] Safepoint "Cleanup", Time since last: 1000182312 ns, Reaching safepoint: 90848 ns, At safepoint: 10307 ns, Total: 101155 ns
[2020-09-11T15:19:24.485+0000][1][safepoint    ] Safepoint "Cleanup", Time since last: 1000198136 ns, Reaching safepoint: 101557 ns, At safepoint: 7220 ns, Total: 108777 ns
[2020-09-11T15:19:25.485+0000][1][safepoint    ] Safepoint "Cleanup", Time since last: 1000184371 ns, Reaching safepoint: 127617 ns, At safepoint: 8937 ns, Total: 136554 ns
[2020-09-11T15:19:26.486+0000][1][safepoint    ] Safepoint "Cleanup", Time since last: 1000179850 ns, Reaching safepoint: 176949 ns, At safepoint: 17400 ns, Total: 194349 ns
[2020-09-11T15:19:27.486+0000][1][safepoint    ] Safepoint "Cleanup", Time since last: 1000185943 ns, Reaching safepoint: 107018 ns, At safepoint: 7675 ns, Total: 114693 ns
[2020-09-11T15:19:28.472+0000][1][gc,start     ] GC(136) Pause Young (Allocation Failure)
[2020-09-11T15:19:28.472+0000][1][gc,task      ] GC(136) Using 1 workers of 1 for evacuation
[2020-09-11T15:19:28.479+0000][1][gc,age       ] GC(136) Desired survivor size 4358144 bytes, new threshold 6 (max threshold 6)
[2020-09-11T15:19:28.479+0000][1][gc,age       ] GC(136) Age table with threshold 6 (max threshold 6)
[2020-09-11T15:19:28.479+0000][1][gc,age       ] GC(136) - age   1:     312888 bytes,     312888 total
[2020-09-11T15:19:28.479+0000][1][gc,age       ] GC(136) - age   2:       3768 bytes,     316656 total
[2020-09-11T15:19:28.479+0000][1][gc,age       ] GC(136) - age   3:       3064 bytes,     319720 total
[2020-09-11T15:19:28.479+0000][1][gc,age       ] GC(136) - age   4:       3416 bytes,     323136 total
[2020-09-11T15:19:28.479+0000][1][gc,age       ] GC(136) - age   5:       1144 bytes,     324280 total
[2020-09-11T15:19:28.479+0000][1][gc,age       ] GC(136) - age   6:        272 bytes,     324552 total
[2020-09-11T15:19:28.479+0000][1][gc,heap      ] GC(136) ParNew: 68240K->323K(76672K)
[2020-09-11T15:19:28.479+0000][1][gc,heap      ] GC(136) CMS: 75049K->75050K(439104K)
[2020-09-11T15:19:28.479+0000][1][gc,metaspace ] GC(136) Metaspace: 92632K->92632K(1134592K)
[2020-09-11T15:19:28.479+0000][1][gc           ] GC(136) Pause Young (Allocation Failure) 139M->73M(503M) 7.029ms
[2020-09-11T15:19:28.479+0000][1][gc,cpu       ] GC(136) User=0.01s Sys=0.00s Real=0.01s
[2020-09-11T15:19:28.479+0000][1][safepoint    ] Safepoint "GenCollectForAllocation", Time since last: 985485423 ns, Reaching safepoint: 303636 ns, At safepoint: 7106930 ns, Total: 7410566 ns
[2020-09-11T15:19:29.483+0000][1][safepoint    ] Safepoint "Cleanup", Time since last: 1003712896 ns, Reaching safepoint: 162520 ns, At safepoint: 53035 ns, Total: 215555 ns
[2020-09-11T15:19:30.483+0000][1][safepoint    ] Safepoint "Cleanup", Time since last: 1000224203 ns, Reaching safepoint: 154427 ns, At safepoint: 48304 ns, Total: 202731 ns
[2020-09-11T15:19:31.484+0000][1][safepoint    ] Safepoint "Cleanup", Time since last: 1000241657 ns, Reaching safepoint: 156964 ns, At safepoint: 51698 ns, Total: 208662 ns
[2020-09-11T15:19:32.484+0000][1][safepoint    ] Safepoint "Cleanup", Time since last: 1000235955 ns, Reaching safepoint: 147308 ns, At safepoint: 16458 ns, Total: 163766 ns
[2020-09-11T15:19:33.484+0000][1][safepoint    ] Safepoint "Cleanup", Time since last: 1000147864 ns, Reaching safepoint: 194967 ns, At safepoint: 8064 ns, Total: 203031 ns
[2020-09-11T15:19:34.485+0000][1][safepoint    ] Safepoint "Cleanup", Time since last: 1000191723 ns, Reaching safepoint: 154029 ns, At safepoint: 17868 ns, Total: 171897 ns
[2020-09-11T15:19:35.485+0000][1][safepoint    ] Safepoint "Cleanup", Time since last: 1000210373 ns, Reaching safepoint: 116845 ns, At safepoint: 7860 ns, Total: 124705 ns
[2020-09-11T15:19:36.485+0000][1][safepoint    ] Safepoint "Cleanup", Time since last: 1000142902 ns, Reaching safepoint: 128553 ns, At safepoint: 6798 ns, Total: 135351 ns
[2020-09-11T15:19:37.486+0000][1][safepoint    ] Safepoint "Cleanup", Time since last: 1000119493 ns, Reaching safepoint: 80569 ns, At safepoint: 7133 ns, Total: 87702 ns
[2020-09-11T15:19:38.486+0000][1][safepoint    ] Safepoint "Cleanup", Time since last: 1000109608 ns, Reaching safepoint: 89755 ns, At safepoint: 7103 ns, Total: 96858 ns
[2020-09-11T15:19:39.486+0000][1][safepoint    ] Safepoint "Cleanup", Time since last: 1000164314 ns, Reaching safepoint: 187667 ns, At safepoint: 18746 ns, Total: 206413 ns
[2020-09-11T15:19:40.487+0000][1][safepoint    ] Safepoint "Cleanup", Time since last: 1000230867 ns, Reaching safepoint: 153385 ns, At safepoint: 18295 ns, Total: 171680 ns
[2020-09-11T15:19:41.487+0000][1][safepoint    ] Safepoint "Cleanup", Time since last: 1000245183 ns, Reaching safepoint: 159202 ns, At safepoint: 18606 ns, Total: 177808 ns
[2020-09-11T15:19:42.487+0000][1][safepoint    ] Safepoint "Cleanup", Time since last: 1000223213 ns, Reaching safepoint: 172339 ns, At safepoint: 15859 ns, Total: 188198 ns
[2020-09-11T15:19:43.488+0000][1][safepoint    ] Safepoint "Cleanup", Time since last: 1000212415 ns, Reaching safepoint: 165687 ns, At safepoint: 18970 ns, Total: 184657 ns
[2020-09-11T15:19:44.488+0000][1][safepoint    ] Safepoint "Cleanup", Time since last: 1000190962 ns, Reaching safepoint: 211715 ns, At safepoint: 19892 ns, Total: 231607 ns
[2020-09-11T15:19:45.489+0000][1][safepoint    ] Safepoint "Cleanup", Time since last: 1000239672 ns, Reaching safepoint: 154508 ns, At safepoint: 18225 ns, Total: 172733 ns
[2020-09-11T15:19:46.489+0000][1][safepoint    ] Safepoint "Cleanup", Time since last: 1000231662 ns, Reaching safepoint: 104269 ns, At safepoint: 7312 ns, Total: 111581 ns
[2020-09-11T15:19:47.489+0000][1][safepoint    ] Safepoint "Cleanup", Time since last: 1000160896 ns, Reaching safepoint: 112020 ns, At safepoint: 6528 ns, Total: 118548 ns
[2020-09-11T15:19:48.490+0000][1][safepoint    ] Safepoint "Cleanup", Time since last: 1000137012 ns, Reaching safepoint: 121770 ns, At safepoint: 6784 ns, Total: 128554 ns
[2020-09-11T15:19:49.490+0000][1][safepoint    ] Safepoint "Cleanup", Time since last: 1000171995 ns, Reaching safepoint: 138205 ns, At safepoint: 8208 ns, Total: 146413 ns
[2020-09-11T15:19:50.490+0000][1][safepoint    ] Safepoint "Cleanup", Time since last: 1000203703 ns, Reaching safepoint: 107579 ns, At safepoint: 7075 ns, Total: 114654 ns
[2020-09-11T15:19:51.491+0000][1][safepoint    ] Safepoint "Cleanup", Time since last: 1000181392 ns, Reaching safepoint: 150776 ns, At safepoint: 18115 ns, Total: 168891 ns
[2020-09-11T15:19:52.491+0000][1][safepoint    ] Safepoint "Cleanup", Time since last: 1000240644 ns, Reaching safepoint: 147916 ns, At safepoint: 16879 ns, Total: 164795 ns
[2020-09-11T15:19:53.491+0000][1][safepoint    ] Safepoint "Cleanup", Time since last: 1000218739 ns, Reaching safepoint: 149897 ns, At safepoint: 18169 ns, Total: 168066 ns
[2020-09-11T15:19:54.492+0000][1][safepoint    ] Safepoint "Cleanup", Time since last: 1000312548 ns, Reaching safepoint: 113123 ns, At safepoint: 7266 ns, Total: 120389 ns
[2020-09-11T15:19:55.492+0000][1][safepoint    ] Safepoint "Cleanup", Time since last: 1000198230 ns, Reaching safepoint: 152202 ns, At safepoint: 18399 ns, Total: 170601 ns
[2020-09-11T15:19:56.493+0000][1][safepoint    ] Safepoint "Cleanup", Time since last: 1000226701 ns, Reaching safepoint: 147829 ns, At safepoint: 17460 ns, Total: 165289 ns
[2020-09-11T15:19:57.493+0000][1][safepoint    ] Safepoint "Cleanup", Time since last: 1000197069 ns, Reaching safepoint: 175081 ns, At safepoint: 17614 ns, Total: 192695 ns
[2020-09-11T15:19:58.493+0000][1][safepoint    ] Safepoint "Cleanup", Time since last: 1000217326 ns, Reaching safepoint: 99534 ns, At safepoint: 6933 ns, Total: 106467 ns
[2020-09-11T15:19:59.494+0000][1][safepoint    ] Safepoint "Cleanup", Time since last: 1000139331 ns, Reaching safepoint: 102971 ns, At safepoint: 7670 ns, Total: 110641 ns
[2020-09-11T15:20:00.494+0000][1][safepoint    ] Safepoint "Cleanup", Time since last: 1000191202 ns, Reaching safepoint: 175623 ns, At safepoint: 15836 ns, Total: 191459 ns
[2020-09-11T15:20:01.494+0000][1][safepoint    ] Safepoint "Cleanup", Time since last: 1000227326 ns, Reaching safepoint: 113898 ns, At safepoint: 8332 ns, Total: 122230 ns
[2020-09-11T15:20:02.495+0000][1][safepoint    ] Safepoint "Cleanup", Time since last: 1000203736 ns, Reaching safepoint: 103476 ns, At safepoint: 6855 ns, Total: 110331 ns
[2020-09-11T15:20:03.495+0000][1][safepoint    ] Safepoint "Cleanup", Time since last: 1000175752 ns, Reaching safepoint: 150147 ns, At safepoint: 17467 ns, Total: 167614 ns
[2020-09-11T15:20:04.495+0000][1][safepoint    ] Safepoint "Cleanup", Time since last: 1000240753 ns, Reaching safepoint: 150247 ns, At safepoint: 17845 ns, Total: 168092 ns
[2020-09-11T15:20:05.496+0000][1][safepoint    ] Safepoint "Cleanup", Time since last: 1000251400 ns, Reaching safepoint: 108201 ns, At safepoint: 7921 ns, Total: 116122 ns
[2020-09-11T15:20:06.496+0000][1][safepoint    ] Safepoint "Cleanup", Time since last: 1000198815 ns, Reaching safepoint: 105921 ns, At safepoint: 7211 ns, Total: 113132 ns
[2020-09-11T15:20:07.496+0000][1][safepoint    ] Safepoint "Cleanup", Time since last: 1000194705 ns, Reaching safepoint: 147548 ns, At safepoint: 17714 ns, Total: 165262 ns
[2020-09-11T15:20:08.497+0000][1][safepoint    ] Safepoint "Cleanup", Time since last: 1000143454 ns, Reaching safepoint: 74863 ns, At safepoint: 6063 ns, Total: 80926 ns
[2020-09-11T15:20:09.497+0000][1][safepoint    ] Safepoint "Cleanup", Time since last: 1000239878 ns, Reaching safepoint: 87262 ns, At safepoint: 7335 ns, Total: 94597 ns
[2020-09-11T15:20:10.497+0000][1][safepoint    ] Safepoint "Cleanup", Time since last: 1000146367 ns, Reaching safepoint: 160014 ns, At safepoint: 18008 ns, Total: 178022 ns
[2020-09-11T15:20:11.498+0000][1][safepoint    ] Safepoint "Cleanup", Time since last: 1000253514 ns, Reaching safepoint: 117845 ns, At safepoint: 8367 ns, Total: 126212 ns
[2020-09-11T15:20:12.498+0000][1][safepoint    ] Safepoint "Cleanup", Time since last: 1000170905 ns, Reaching safepoint: 148304 ns, At safepoint: 17860 ns, Total: 166164 ns
[2020-09-11T15:20:12.522+0000][1][gc,start     ] GC(137) Pause Young (Allocation Failure)
[2020-09-11T15:20:12.523+0000][1][gc,task      ] GC(137) Using 1 workers of 1 for evacuation
[2020-09-11T15:20:12.529+0000][1][gc,age       ] GC(137) Desired survivor size 4358144 bytes, new threshold 6 (max threshold 6)
[2020-09-11T15:20:12.530+0000][1][gc,age       ] GC(137) Age table with threshold 6 (max threshold 6)
[2020-09-11T15:20:12.530+0000][1][gc,age       ] GC(137) - age   1:      34576 bytes,      34576 total
[2020-09-11T15:20:12.530+0000][1][gc,age       ] GC(137) - age   2:     282672 bytes,     317248 total
[2020-09-11T15:20:12.530+0000][1][gc,age       ] GC(137) - age   3:       2528 bytes,     319776 total
[2020-09-11T15:20:12.530+0000][1][gc,age       ] GC(137) - age   4:       3064 bytes,     322840 total
[2020-09-11T15:20:12.530+0000][1][gc,age       ] GC(137) - age   5:       3416 bytes,     326256 total
[2020-09-11T15:20:12.530+0000][1][gc,age       ] GC(137) - age   6:       1144 bytes,     327400 total
[2020-09-11T15:20:12.530+0000][1][gc,heap      ] GC(137) ParNew: 68483K->360K(76672K)
[2020-09-11T15:20:12.530+0000][1][gc,heap      ] GC(137) CMS: 75050K->75050K(439104K)
[2020-09-11T15:20:12.530+0000][1][gc,metaspace ] GC(137) Metaspace: 92661K->92661K(1134592K)
[2020-09-11T15:20:12.530+0000][1][gc           ] GC(137) Pause Young (Allocation Failure) 140M->73M(503M) 7.281ms
[2020-09-11T15:20:12.530+0000][1][gc,cpu       ] GC(137) User=0.01s Sys=0.00s Real=0.01s
[2020-09-11T15:20:12.530+0000][1][safepoint    ] Safepoint "GenCollectForAllocation", Time since last: 24308349 ns, Reaching safepoint: 89274 ns, At safepoint: 7359165 ns, Total: 7448439 ns
[2020-09-11T15:20:13.530+0000][1][safepoint    ] Safepoint "Cleanup", Time since last: 1000166954 ns, Reaching safepoint: 86821 ns, At safepoint: 30343 ns, Total: 117164 ns
[2020-09-11T15:20:14.530+0000][1][safepoint    ] Safepoint "Cleanup", Time since last: 1000183103 ns, Reaching safepoint: 108291 ns, At safepoint: 6055 ns, Total: 114346 ns
[2020-09-11T15:20:15.531+0000][1][safepoint    ] Safepoint "Cleanup", Time since last: 1000186337 ns, Reaching safepoint: 95054 ns, At safepoint: 7346 ns, Total: 102400 ns
[2020-09-11T15:20:16.531+0000][1][safepoint    ] Safepoint "Cleanup", Time since last: 1000197098 ns, Reaching safepoint: 102592 ns, At safepoint: 6571 ns, Total: 109163 ns
[2020-09-11T15:20:17.531+0000][1][safepoint    ] Safepoint "Cleanup", Time since last: 1000153549 ns, Reaching safepoint: 132961 ns, At safepoint: 14453 ns, Total: 147414 ns
[2020-09-11T15:20:18.532+0000][1][safepoint    ] Safepoint "Cleanup", Time since last: 1000164629 ns, Reaching safepoint: 306432 ns, At safepoint: 18459 ns, Total: 324891 ns
[2020-09-11T15:20:19.532+0000][1][safepoint    ] Safepoint "Cleanup", Time since last: 1000206872 ns, Reaching safepoint: 149613 ns, At safepoint: 17527 ns, Total: 167140 ns
[2020-09-11T15:20:20.413+0000][1][safepoint    ] Safepoint "RevokeBias", Time since last: 880750553 ns, Reaching safepoint: 80643 ns, At safepoint: 22365 ns, Total: 103008 ns
[2020-09-11T15:20:20.413+0000][1][safepoint    ] Safepoint "RevokeBias", Time since last: 65424 ns, Reaching safepoint: 28045 ns, At safepoint: 11456 ns, Total: 39501 ns
[2020-09-11T15:20:20.413+0000][1][safepoint    ] Safepoint "RevokeBias", Time since last: 30903 ns, Reaching safepoint: 26770 ns, At safepoint: 10403 ns, Total: 37173 ns
[2020-09-11T15:20:20.413+0000][1][safepoint    ] Safepoint "BulkRevokeBias", Time since last: 29828 ns, Reaching safepoint: 26461 ns, At safepoint: 209574 ns, Total: 236035 ns
[2020-09-11T15:20:21.414+0000][1][safepoint    ] Safepoint "Cleanup", Time since last: 1000200907 ns, Reaching safepoint: 102034 ns, At safepoint: 9694 ns, Total: 111728 ns
[2020-09-11T15:20:33.416+0000][1][safepoint    ] Safepoint "Cleanup", Time since last: 12001989199 ns, Reaching safepoint: 94444 ns, At safepoint: 9031 ns, Total: 103475 ns
[2020-09-11T15:20:35.416+0000][1][safepoint    ] Safepoint "Cleanup", Time since last: 2000328860 ns, Reaching safepoint: 107274 ns, At safepoint: 8181 ns, Total: 115455 ns
[2020-09-11T15:20:41.417+0000][1][safepoint    ] Safepoint "Cleanup", Time since last: 6001173379 ns, Reaching safepoint: 105262 ns, At safepoint: 10114 ns, Total: 115376 ns
[2020-09-11T15:20:43.418+0000][1][safepoint    ] Safepoint "Cleanup", Time since last: 2000444790 ns, Reaching safepoint: 176221 ns, At safepoint: 21165 ns, Total: 197386 ns
[2020-09-11T15:20:53.420+0000][1][safepoint    ] Safepoint "Cleanup", Time since last: 10001645834 ns, Reaching safepoint: 132464 ns, At safepoint: 8479 ns, Total: 140943 ns
[2020-09-11T15:20:54.420+0000][1][safepoint    ] Safepoint "Cleanup", Time since last: 1000185161 ns, Reaching safepoint: 205320 ns, At safepoint: 20955 ns, Total: 226275 ns
[2020-09-11T15:20:57.421+0000][1][safepoint    ] Safepoint "Cleanup", Time since last: 3000538080 ns, Reaching safepoint: 172652 ns, At safepoint: 19481 ns, Total: 192133 ns
[2020-09-11T15:20:58.421+0000][1][safepoint    ] Safepoint "Cleanup", Time since last: 1000215207 ns, Reaching safepoint: 172358 ns, At safepoint: 19375 ns, Total: 191733 ns
[2020-09-11T15:20:58.579+0000][1][gc,start     ] GC(138) Pause Young (Allocation Failure)
[2020-09-11T15:20:58.579+0000][1][gc,task      ] GC(138) Using 1 workers of 1 for evacuation
[2020-09-11T15:20:58.589+0000][1][gc,age       ] GC(138) Desired survivor size 4358144 bytes, new threshold 6 (max threshold 6)
[2020-09-11T15:20:58.589+0000][1][gc,age       ] GC(138) Age table with threshold 6 (max threshold 6)
[2020-09-11T15:20:58.589+0000][1][gc,age       ] GC(138) - age   1:      38952 bytes,      38952 total
[2020-09-11T15:20:58.589+0000][1][gc,age       ] GC(138) - age   2:       3344 bytes,      42296 total
[2020-09-11T15:20:58.589+0000][1][gc,age       ] GC(138) - age   3:     275040 bytes,     317336 total
[2020-09-11T15:20:58.589+0000][1][gc,age       ] GC(138) - age   4:       2528 bytes,     319864 total
[2020-09-11T15:20:58.589+0000][1][gc,age       ] GC(138) - age   5:       3064 bytes,     322928 total
[2020-09-11T15:20:58.589+0000][1][gc,age       ] GC(138) - age   6:       3416 bytes,     326344 total
[2020-09-11T15:20:58.589+0000][1][gc,heap      ] GC(138) ParNew: 68520K->439K(76672K)
[2020-09-11T15:20:58.589+0000][1][gc,heap      ] GC(138) CMS: 75050K->75051K(439104K)
[2020-09-11T15:20:58.589+0000][1][gc,metaspace ] GC(138) Metaspace: 92702K->92702K(1134592K)
[2020-09-11T15:20:58.589+0000][1][gc           ] GC(138) Pause Young (Allocation Failure) 140M->73M(503M) 10.540ms
[2020-09-11T15:20:58.589+0000][1][gc,cpu       ] GC(138) User=0.01s Sys=0.00s Real=0.01s
[2020-09-11T15:20:58.589+0000][1][safepoint    ] Safepoint "GenCollectForAllocation", Time since last: 157064604 ns, Reaching safepoint: 288444 ns, At safepoint: 10643623 ns, Total: 10932067 ns
[2020-09-11T15:20:59.594+0000][1][safepoint    ] Safepoint "Cleanup", Time since last: 1004033341 ns, Reaching safepoint: 146593 ns, At safepoint: 14433 ns, Total: 161026 ns
[2020-09-11T15:21:05.221+0000][1][safepoint    ] Safepoint "RevokeBias", Time since last: 5627510890 ns, Reaching safepoint: 206713 ns, At safepoint: 24682 ns, Total: 231395 ns
[2020-09-11T15:21:05.222+0000][1][safepoint    ] Safepoint "RevokeBias", Time since last: 64097 ns, Reaching safepoint: 116990 ns, At safepoint: 13479 ns, Total: 130469 ns
[2020-09-11T15:21:05.222+0000][1][safepoint    ] Safepoint "RevokeBias", Time since last: 32207 ns, Reaching safepoint: 116278 ns, At safepoint: 12395 ns, Total: 128673 ns
[2020-09-11T15:21:05.222+0000][1][safepoint    ] Safepoint "RevokeBias", Time since last: 30600 ns, Reaching safepoint: 118477 ns, At safepoint: 12431 ns, Total: 130908 ns
[2020-09-11T15:21:05.222+0000][1][safepoint    ] Safepoint "RevokeBias", Time since last: 30585 ns, Reaching safepoint: 158011 ns, At safepoint: 12062 ns, Total: 170073 ns
[2020-09-11T15:21:05.222+0000][1][safepoint    ] Safepoint "RevokeBias", Time since last: 30294 ns, Reaching safepoint: 159680 ns, At safepoint: 12267 ns, Total: 171947 ns
[2020-09-11T15:21:11.223+0000][1][safepoint    ] Safepoint "Cleanup", Time since last: 6000809928 ns, Reaching safepoint: 146269 ns, At safepoint: 15656 ns, Total: 161925 ns
[2020-09-11T15:21:16.224+0000][1][safepoint    ] Safepoint "Cleanup", Time since last: 5000772905 ns, Reaching safepoint: 104975 ns, At safepoint: 7515 ns, Total: 112490 ns
[2020-09-11T15:21:19.225+0000][1][safepoint    ] Safepoint "Cleanup", Time since last: 3000388354 ns, Reaching safepoint: 122118 ns, At safepoint: 7837 ns, Total: 129955 ns
[2020-09-11T15:21:23.225+0000][1][safepoint    ] Safepoint "Cleanup", Time since last: 4000602163 ns, Reaching safepoint: 107742 ns, At safepoint: 7072 ns, Total: 114814 ns
[2020-09-11T15:21:24.226+0000][1][safepoint    ] Safepoint "Cleanup", Time since last: 1000163913 ns, Reaching safepoint: 106706 ns, At safepoint: 6543 ns, Total: 113249 ns
[2020-09-11T15:21:27.226+0000][1][safepoint    ] Safepoint "Cleanup", Time since last: 3000389196 ns, Reaching safepoint: 123557 ns, At safepoint: 7243 ns, Total: 130800 ns
[2020-09-11T15:21:29.228+0000][1][safepoint    ] Safepoint "Cleanup", Time since last: 2000270040 ns, Reaching safepoint: 1037232 ns, At safepoint: 9551 ns, Total: 1046783 ns
[2020-09-11T15:21:32.944+0000][1][safepoint    ] Safepoint "RevokeBias", Time since last: 3716005904 ns, Reaching safepoint: 88512 ns, At safepoint: 26914 ns, Total: 115426 ns
[2020-09-11T15:21:33.861+0000][1][gc,start     ] GC(139) Pause Young (Allocation Failure)
[2020-09-11T15:21:33.862+0000][1][gc,task      ] GC(139) Using 1 workers of 1 for evacuation
[2020-09-11T15:21:33.874+0000][1][gc,age       ] GC(139) Desired survivor size 4358144 bytes, new threshold 6 (max threshold 6)
[2020-09-11T15:21:33.874+0000][1][gc,age       ] GC(139) Age table with threshold 6 (max threshold 6)
[2020-09-11T15:21:33.874+0000][1][gc,age       ] GC(139) - age   1:      89824 bytes,      89824 total
[2020-09-11T15:21:33.874+0000][1][gc,age       ] GC(139) - age   2:       9136 bytes,      98960 total
[2020-09-11T15:21:33.874+0000][1][gc,age       ] GC(139) - age   3:       2008 bytes,     100968 total
[2020-09-11T15:21:33.874+0000][1][gc,age       ] GC(139) - age   4:     274856 bytes,     375824 total
[2020-09-11T15:21:33.874+0000][1][gc,age       ] GC(139) - age   5:       1288 bytes,     377112 total
[2020-09-11T15:21:33.874+0000][1][gc,age       ] GC(139) - age   6:       3064 bytes,     380176 total
[2020-09-11T15:21:33.874+0000][1][gc,heap      ] GC(139) ParNew: 68599K->434K(76672K)
[2020-09-11T15:21:33.874+0000][1][gc,heap      ] GC(139) CMS: 75051K->75054K(439104K)
[2020-09-11T15:21:33.874+0000][1][gc,metaspace ] GC(139) Metaspace: 92955K->92955K(1134592K)
[2020-09-11T15:21:33.874+0000][1][gc           ] GC(139) Pause Young (Allocation Failure) 140M->73M(503M) 12.689ms
[2020-09-11T15:21:33.874+0000][1][gc,cpu       ] GC(139) User=0.01s Sys=0.00s Real=0.01s
[2020-09-11T15:21:33.896+0000][1][safepoint    ] Safepoint "GenCollectForAllocation", Time since last: 917706439 ns, Reaching safepoint: 149567 ns, At safepoint: 34591935 ns, Total: 34741502 ns
[2020-09-11T15:21:33.932+0000][1][safepoint    ] Safepoint "RevokeBias", Time since last: 35366092 ns, Reaching safepoint: 142924 ns, At safepoint: 19642 ns, Total: 162566 ns
[2020-09-11T15:21:36.953+0000][1][safepoint    ] Safepoint "RevokeBias", Time since last: 3020909086 ns, Reaching safepoint: 154926 ns, At safepoint: 22269 ns, Total: 177195 ns
[2020-09-11T15:21:36.953+0000][1][safepoint    ] Safepoint "RevokeBias", Time since last: 81451 ns, Reaching safepoint: 130308 ns, At safepoint: 15949 ns, Total: 146257 ns
[2020-09-11T15:21:36.996+0000][1][safepoint    ] Safepoint "RevokeBias", Time since last: 40212476 ns, Reaching safepoint: 2362071 ns, At safepoint: 22908 ns, Total: 2384979 ns
[2020-09-11T15:21:37.274+0000][1][safepoint    ] Safepoint "RevokeBias", Time since last: 278549198 ns, Reaching safepoint: 123043 ns, At safepoint: 18872 ns, Total: 141915 ns
[2020-09-11T15:21:37.372+0000][1][safepoint    ] Safepoint "RevokeBias", Time since last: 89769387 ns, Reaching safepoint: 7516136 ns, At safepoint: 29779 ns, Total: 7545915 ns
[2020-09-11T15:21:37.384+0000][1][safepoint    ] Safepoint "RevokeBias", Time since last: 11995369 ns, Reaching safepoint: 153401 ns, At safepoint: 20611 ns, Total: 174012 ns
[2020-09-11T15:21:37.418+0000][1][safepoint    ] Safepoint "RevokeBias", Time since last: 31767831 ns, Reaching safepoint: 2043074 ns, At safepoint: 27510 ns, Total: 2070584 ns
[2020-09-11T15:21:37.418+0000][1][safepoint    ] Safepoint "RevokeBias", Time since last: 75754 ns, Reaching safepoint: 384019 ns, At safepoint: 15602 ns, Total: 399621 ns
[2020-09-11T15:21:37.418+0000][1][safepoint    ] Safepoint "RevokeBias", Time since last: 76311 ns, Reaching safepoint: 295430 ns, At safepoint: 14242 ns, Total: 309672 ns
[2020-09-11T15:21:37.419+0000][1][safepoint    ] Safepoint "RevokeBias", Time since last: 44579 ns, Reaching safepoint: 1033093 ns, At safepoint: 18694 ns, Total: 1051787 ns
[2020-09-11T15:21:37.433+0000][1][safepoint    ] Safepoint "RevokeBias", Time since last: 47854 ns, Reaching safepoint: 13024167 ns, At safepoint: 26510 ns, Total: 13050677 ns
[2020-09-11T15:21:37.484+0000][1][safepoint    ] Safepoint "BulkRevokeBias", Time since last: 41345957 ns, Reaching safepoint: 9577725 ns, At safepoint: 264684 ns, Total: 9842409 ns
[2020-09-11T15:21:37.493+0000][1][safepoint    ] Safepoint "BulkRevokeBias", Time since last: 9197691 ns, Reaching safepoint: 231313 ns, At safepoint: 200599 ns, Total: 431912 ns
[2020-09-11T15:21:37.540+0000][1][safepoint    ] Safepoint "RevokeBias", Time since last: 46843316 ns, Reaching safepoint: 137372 ns, At safepoint: 15961 ns, Total: 153333 ns
[2020-09-11T15:21:37.694+0000][1][safepoint    ] Safepoint "RevokeBias", Time since last: 153154576 ns, Reaching safepoint: 161571 ns, At safepoint: 18472 ns, Total: 180043 ns
[2020-09-11T15:21:37.803+0000][1][safepoint    ] Safepoint "RevokeBias", Time since last: 107703147 ns, Reaching safepoint: 1298362 ns, At safepoint: 24471 ns, Total: 1322833 ns
[2020-09-11T15:21:37.808+0000][1][safepoint    ] Safepoint "RevokeBias", Time since last: 807967 ns, Reaching safepoint: 4009147 ns, At safepoint: 28480 ns, Total: 4037627 ns
[2020-09-11T15:21:37.809+0000][1][safepoint    ] Safepoint "RevokeBias", Time since last: 468842 ns, Reaching safepoint: 1406507 ns, At safepoint: 19819 ns, Total: 1426326 ns
[2020-09-11T15:21:37.840+0000][1][safepoint    ] Safepoint "RevokeBias", Time since last: 29123689 ns, Reaching safepoint: 876171 ns, At safepoint: 19853 ns, Total: 896024 ns
[2020-09-11T15:21:37.841+0000][1][safepoint    ] Safepoint "RevokeBias", Time since last: 300470 ns, Reaching safepoint: 1653650 ns, At safepoint: 24634 ns, Total: 1678284 ns
[2020-09-11T15:21:37.848+0000][1][safepoint    ] Safepoint "RevokeBias", Time since last: 5944066 ns, Reaching safepoint: 564305 ns, At safepoint: 22516 ns, Total: 586821 ns
[2020-09-11T15:21:37.858+0000][1][safepoint    ] Safepoint "RevokeBias", Time since last: 9981178 ns, Reaching safepoint: 197579 ns, At safepoint: 20605 ns, Total: 218184 ns
[2020-09-11T15:21:37.864+0000][1][safepoint    ] Safepoint "RevokeBias", Time since last: 6007575 ns, Reaching safepoint: 90968 ns, At safepoint: 20391 ns, Total: 111359 ns
[2020-09-11T15:21:37.876+0000][1][safepoint    ] Safepoint "RevokeBias", Time since last: 10593467 ns, Reaching safepoint: 574358 ns, At safepoint: 146110 ns, Total: 720468 ns
[2020-09-11T15:21:37.879+0000][1][safepoint    ] Safepoint "RevokeBias", Time since last: 558534 ns, Reaching safepoint: 2343934 ns, At safepoint: 179184 ns, Total: 2523118 ns
[2020-09-11T15:21:38.068+0000][1][safepoint    ] Safepoint "RevokeBias", Time since last: 189185051 ns, Reaching safepoint: 77176 ns, At safepoint: 19242 ns, Total: 96418 ns
[2020-09-11T15:21:38.068+0000][1][safepoint    ] Safepoint "RevokeBias", Time since last: 123848 ns, Reaching safepoint: 30420 ns, At safepoint: 10187 ns, Total: 40607 ns
[2020-09-11T15:21:38.068+0000][1][safepoint    ] Safepoint "RevokeBias", Time since last: 37129 ns, Reaching safepoint: 26297 ns, At safepoint: 9045 ns, Total: 35342 ns
[2020-09-11T15:21:38.068+0000][1][safepoint    ] Safepoint "RevokeBias", Time since last: 79938 ns, Reaching safepoint: 26777 ns, At safepoint: 9290 ns, Total: 36067 ns
[2020-09-11T15:21:38.074+0000][1][safepoint    ] Safepoint "RevokeBias", Time since last: 5601249 ns, Reaching safepoint: 77888 ns, At safepoint: 20485 ns, Total: 98373 ns
[2020-09-11T15:21:38.201+0000][1][safepoint    ] Safepoint "RevokeBias", Time since last: 126489680 ns, Reaching safepoint: 156056 ns, At safepoint: 23209 ns, Total: 179265 ns
[2020-09-11T15:21:38.207+0000][1][safepoint    ] Safepoint "RevokeBias", Time since last: 5958492 ns, Reaching safepoint: 151260 ns, At safepoint: 21553 ns, Total: 172813 ns
[2020-09-11T15:21:38.207+0000][1][safepoint    ] Safepoint "RevokeBias", Time since last: 168629 ns, Reaching safepoint: 106704 ns, At safepoint: 13634 ns, Total: 120338 ns
[2020-09-11T15:21:38.208+0000][1][safepoint    ] Safepoint "BulkRevokeBias", Time since last: 47993 ns, Reaching safepoint: 99383 ns, At safepoint: 229449 ns, Total: 328832 ns
[2020-09-11T15:21:38.268+0000][1][safepoint    ] Safepoint "RevokeBias", Time since last: 60294557 ns, Reaching safepoint: 358154 ns, At safepoint: 46412 ns, Total: 404566 ns
[2020-09-11T15:21:38.270+0000][1][safepoint    ] Safepoint "RevokeBias", Time since last: 658787 ns, Reaching safepoint: 711880 ns, At safepoint: 16229 ns, Total: 728109 ns
[2020-09-11T15:21:38.271+0000][1][safepoint    ] Safepoint "RevokeBias", Time since last: 83922 ns, Reaching safepoint: 1270498 ns, At safepoint: 22451 ns, Total: 1292949 ns
[2020-09-11T15:21:38.284+0000][1][safepoint    ] Safepoint "RevokeBias", Time since last: 12536195 ns, Reaching safepoint: 148139 ns, At safepoint: 23366 ns, Total: 171505 ns
[2020-09-11T15:21:38.292+0000][1][safepoint    ] Safepoint "RevokeBias", Time since last: 7728277 ns, Reaching safepoint: 154892 ns, At safepoint: 19767 ns, Total: 174659 ns
[2020-09-11T15:21:38.293+0000][1][safepoint    ] Safepoint "RevokeBias", Time since last: 679778 ns, Reaching safepoint: 247638 ns, At safepoint: 34263 ns, Total: 281901 ns
[2020-09-11T15:21:38.296+0000][1][safepoint    ] Safepoint "RevokeBias", Time since last: 2853188 ns, Reaching safepoint: 140280 ns, At safepoint: 20015 ns, Total: 160295 ns
[2020-09-11T15:21:38.323+0000][1][safepoint    ] Safepoint "RevokeBias", Time since last: 27532471 ns, Reaching safepoint: 89400 ns, At safepoint: 14859 ns, Total: 104259 ns
[2020-09-11T15:21:38.323+0000][1][safepoint    ] Safepoint "RevokeBias", Time since last: 60808 ns, Reaching safepoint: 28759 ns, At safepoint: 9648 ns, Total: 38407 ns
[2020-09-11T15:21:38.323+0000][1][safepoint    ] Safepoint "RevokeBias", Time since last: 43073 ns, Reaching safepoint: 54887 ns, At safepoint: 9818 ns, Total: 64705 ns
[2020-09-11T15:21:38.324+0000][1][safepoint    ] Safepoint "RevokeBias", Time since last: 63686 ns, Reaching safepoint: 28753 ns, At safepoint: 8962 ns, Total: 37715 ns
[2020-09-11T15:21:38.328+0000][1][safepoint    ] Safepoint "RevokeBias", Time since last: 4672698 ns, Reaching safepoint: 68185 ns, At safepoint: 19233 ns, Total: 87418 ns
[2020-09-11T15:21:38.328+0000][1][safepoint    ] Safepoint "RevokeBias", Time since last: 59610 ns, Reaching safepoint: 30347 ns, At safepoint: 10939 ns, Total: 41286 ns
[2020-09-11T15:21:38.348+0000][1][safepoint    ] Safepoint "BulkRevokeBias", Time since last: 19567132 ns, Reaching safepoint: 71012 ns, At safepoint: 300864 ns, Total: 371876 ns
[2020-09-11T15:21:38.352+0000][1][safepoint    ] Safepoint "RevokeBias", Time since last: 3083109 ns, Reaching safepoint: 81387 ns, At safepoint: 19618 ns, Total: 101005 ns
[2020-09-11T15:21:38.421+0000][1][safepoint    ] Safepoint "RevokeBias", Time since last: 69098474 ns, Reaching safepoint: 89189 ns, At safepoint: 16487 ns, Total: 105676 ns
[2020-09-11T15:21:38.421+0000][1][safepoint    ] Safepoint "RevokeBias", Time since last: 57769 ns, Reaching safepoint: 32260 ns, At safepoint: 10466 ns, Total: 42726 ns
[2020-09-11T15:21:38.584+0000][1][safepoint    ] Safepoint "RevokeBias", Time since last: 162798058 ns, Reaching safepoint: 76170 ns, At safepoint: 21799 ns, Total: 97969 ns
[2020-09-11T15:21:38.584+0000][1][safepoint    ] Safepoint "RevokeBias", Time since last: 79244 ns, Reaching safepoint: 30831 ns, At safepoint: 11003 ns, Total: 41834 ns
[2020-09-11T15:21:38.708+0000][1][safepoint    ] Safepoint "RevokeBias", Time since last: 124383023 ns, Reaching safepoint: 77302 ns, At safepoint: 7122 ns, Total: 84424 ns
[2020-09-11T15:21:38.712+0000][1][safepoint    ] Safepoint "RevokeBias", Time since last: 3109279 ns, Reaching safepoint: 85562 ns, At safepoint: 8957 ns, Total: 94519 ns
[2020-09-11T15:21:38.971+0000][1][safepoint    ] Safepoint "RevokeBias", Time since last: 258963254 ns, Reaching safepoint: 75541 ns, At safepoint: 19376 ns, Total: 94917 ns
[2020-09-11T15:21:39.003+0000][1][gc,start     ] GC(140) Pause Young (Allocation Failure)
[2020-09-11T15:21:39.003+0000][1][gc,task      ] GC(140) Using 1 workers of 1 for evacuation
[2020-09-11T15:21:39.035+0000][1][gc,age       ] GC(140) Desired survivor size 4358144 bytes, new threshold 6 (max threshold 6)
[2020-09-11T15:21:39.035+0000][1][gc,age       ] GC(140) Age table with threshold 6 (max threshold 6)
[2020-09-11T15:21:39.035+0000][1][gc,age       ] GC(140) - age   1:     936656 bytes,     936656 total
[2020-09-11T15:21:39.035+0000][1][gc,age       ] GC(140) - age   2:      24000 bytes,     960656 total
[2020-09-11T15:21:39.035+0000][1][gc,age       ] GC(140) - age   3:       4120 bytes,     964776 total
[2020-09-11T15:21:39.035+0000][1][gc,age       ] GC(140) - age   4:       2008 bytes,     966784 total
[2020-09-11T15:21:39.035+0000][1][gc,age       ] GC(140) - age   5:     274536 bytes,    1241320 total
[2020-09-11T15:21:39.035+0000][1][gc,age       ] GC(140) - age   6:       1168 bytes,    1242488 total
[2020-09-11T15:21:39.035+0000][1][gc,heap      ] GC(140) ParNew: 68594K->1331K(76672K)
[2020-09-11T15:21:39.035+0000][1][gc,heap      ] GC(140) CMS: 75054K->75057K(439104K)
[2020-09-11T15:21:39.035+0000][1][gc,metaspace ] GC(140) Metaspace: 93541K->93541K(1136640K)
[2020-09-11T15:21:39.035+0000][1][gc           ] GC(140) Pause Young (Allocation Failure) 140M->74M(503M) 32.525ms
[2020-09-11T15:21:39.035+0000][1][gc,cpu       ] GC(140) User=0.02s Sys=0.00s Real=0.03s
[2020-09-11T15:21:39.051+0000][1][safepoint    ] Safepoint "GenCollectForAllocation", Time since last: 31906691 ns, Reaching safepoint: 177721 ns, At safepoint: 48778361 ns, Total: 48956082 ns
[2020-09-11T15:21:40.052+0000][1][safepoint    ] Safepoint "Cleanup", Time since last: 1000901349 ns, Reaching safepoint: 91018 ns, At safepoint: 5396 ns, Total: 96414 ns
[2020-09-11T15:21:40.268+0000][1][safepoint    ] Safepoint "RevokeBias", Time since last: 215796703 ns, Reaching safepoint: 77431 ns, At safepoint: 21203 ns, Total: 98634 ns
[2020-09-11T15:21:40.308+0000][1][safepoint    ] Safepoint "RevokeBias", Time since last: 39912774 ns, Reaching safepoint: 66065 ns, At safepoint: 21075 ns, Total: 87140 ns
[2020-09-11T15:21:40.370+0000][1][safepoint    ] Safepoint "RevokeBias", Time since last: 61118801 ns, Reaching safepoint: 157343 ns, At safepoint: 21226 ns, Total: 178569 ns
[2020-09-11T15:21:40.372+0000][1][safepoint    ] Safepoint "RevokeBias", Time since last: 1786272 ns, Reaching safepoint: 129233 ns, At safepoint: 18390 ns, Total: 147623 ns
[2020-09-11T15:21:40.372+0000][1][safepoint    ] Safepoint "RevokeBias", Time since last: 117168 ns, Reaching safepoint: 121480 ns, At safepoint: 14712 ns, Total: 136192 ns
[2020-09-11T15:21:40.372+0000][1][safepoint    ] Safepoint "RevokeBias", Time since last: 52582 ns, Reaching safepoint: 114180 ns, At safepoint: 14292 ns, Total: 128472 ns
[2020-09-11T15:21:40.388+0000][1][safepoint    ] Safepoint "RevokeBias", Time since last: 15937500 ns, Reaching safepoint: 141505 ns, At safepoint: 39308 ns, Total: 180813 ns
[2020-09-11T15:21:40.390+0000][1][safepoint    ] Safepoint "RevokeBias", Time since last: 1842810 ns, Reaching safepoint: 135053 ns, At safepoint: 17439 ns, Total: 152492 ns
[2020-09-11T15:21:40.390+0000][1][safepoint    ] Safepoint "RevokeBias", Time since last: 93079 ns, Reaching safepoint: 111684 ns, At safepoint: 14895 ns, Total: 126579 ns
[2020-09-11T15:21:40.404+0000][1][safepoint    ] Safepoint "RevokeBias", Time since last: 13089074 ns, Reaching safepoint: 149672 ns, At safepoint: 18517 ns, Total: 168189 ns
[2020-09-11T15:21:40.404+0000][1][safepoint    ] Safepoint "RevokeBias", Time since last: 751754 ns, Reaching safepoint: 125797 ns, At safepoint: 14308 ns, Total: 140105 ns
[2020-09-11T15:21:40.405+0000][1][safepoint    ] Safepoint "RevokeBias", Time since last: 313603 ns, Reaching safepoint: 120775 ns, At safepoint: 24873 ns, Total: 145648 ns
[2020-09-11T15:21:41.405+0000][1][safepoint    ] Safepoint "Cleanup", Time since last: 1000093254 ns, Reaching safepoint: 89475 ns, At safepoint: 7133 ns, Total: 96608 ns
[2020-09-11T15:21:42.405+0000][1][safepoint    ] Safepoint "Cleanup", Time since last: 1000189177 ns, Reaching safepoint: 117121 ns, At safepoint: 6171 ns, Total: 123292 ns
[2020-09-11T15:21:43.406+0000][1][safepoint    ] Safepoint "Cleanup", Time since last: 1000181980 ns, Reaching safepoint: 104771 ns, At safepoint: 9801 ns, Total: 114572 ns
[2020-09-11T15:21:43.672+0000][1][gc,start     ] GC(141) Pause Young (Allocation Failure)
[2020-09-11T15:21:43.673+0000][1][gc,task      ] GC(141) Using 1 workers of 1 for evacuation
[2020-09-11T15:21:43.680+0000][1][gc,age       ] GC(141) Desired survivor size 4358144 bytes, new threshold 6 (max threshold 6)
[2020-09-11T15:21:43.680+0000][1][gc,age       ] GC(141) Age table with threshold 6 (max threshold 6)
[2020-09-11T15:21:43.680+0000][1][gc,age       ] GC(141) - age   1:     402960 bytes,     402960 total
[2020-09-11T15:21:43.680+0000][1][gc,age       ] GC(141) - age   2:     826936 bytes,    1229896 total
[2020-09-11T15:21:43.680+0000][1][gc,age       ] GC(141) - age   3:      22616 bytes,    1252512 total
[2020-09-11T15:21:43.680+0000][1][gc,age       ] GC(141) - age   4:       1640 bytes,    1254152 total
[2020-09-11T15:21:43.680+0000][1][gc,age       ] GC(141) - age   5:       2008 bytes,    1256160 total
[2020-09-11T15:21:43.680+0000][1][gc,age       ] GC(141) - age   6:     274536 bytes,    1530696 total
[2020-09-11T15:21:43.680+0000][1][gc,heap      ] GC(141) ParNew: 69491K->1986K(76672K)
[2020-09-11T15:21:43.680+0000][1][gc,heap      ] GC(141) CMS: 75057K->75059K(439104K)
[2020-09-11T15:21:43.680+0000][1][gc,metaspace ] GC(141) Metaspace: 93654K->93654K(1136640K)
[2020-09-11T15:21:43.680+0000][1][gc           ] GC(141) Pause Young (Allocation Failure) 141M->75M(503M) 7.300ms
[2020-09-11T15:21:43.680+0000][1][gc,cpu       ] GC(141) User=0.00s Sys=0.00s Real=0.01s
[2020-09-11T15:21:43.680+0000][1][safepoint    ] Safepoint "GenCollectForAllocation", Time since last: 266552636 ns, Reaching safepoint: 190994 ns, At safepoint: 7405572 ns, Total: 7596566 ns
[2020-09-11T15:21:44.680+0000][1][safepoint    ] Safepoint "Cleanup", Time since last: 1000325430 ns, Reaching safepoint: 78480 ns, At safepoint: 17526 ns, Total: 96006 ns
[2020-09-11T15:21:45.681+0000][1][safepoint    ] Safepoint "Cleanup", Time since last: 1000132217 ns, Reaching safepoint: 66798 ns, At safepoint: 12002 ns, Total: 78800 ns
[2020-09-11T15:21:46.681+0000][1][safepoint    ] Safepoint "Cleanup", Time since last: 1000116969 ns, Reaching safepoint: 69699 ns, At safepoint: 14960 ns, Total: 84659 ns
[2020-09-11T15:21:46.960+0000][1][safepoint    ] Safepoint "RevokeBias", Time since last: 279410854 ns, Reaching safepoint: 106941 ns, At safepoint: 36796 ns, Total: 143737 ns
[2020-09-11T15:21:46.961+0000][1][safepoint    ] Safepoint "RevokeBias", Time since last: 191113 ns, Reaching safepoint: 46712 ns, At safepoint: 19323 ns, Total: 66035 ns
[2020-09-11T15:21:46.961+0000][1][safepoint    ] Safepoint "RevokeBias", Time since last: 157961 ns, Reaching safepoint: 42717 ns, At safepoint: 17526 ns, Total: 60243 ns
[2020-09-11T15:21:46.962+0000][1][safepoint    ] Safepoint "RevokeBias", Time since last: 1357086 ns, Reaching safepoint: 51561 ns, At safepoint: 69980 ns, Total: 121541 ns
[2020-09-11T15:21:46.996+0000][1][safepoint    ] Safepoint "RevokeBias", Time since last: 32862873 ns, Reaching safepoint: 425977 ns, At safepoint: 24588 ns, Total: 450565 ns
[2020-09-11T15:21:46.997+0000][1][safepoint    ] Safepoint "RevokeBias", Time since last: 878421 ns, Reaching safepoint: 127473 ns, At safepoint: 18215 ns, Total: 145688 ns
[2020-09-11T15:21:47.013+0000][1][safepoint    ] Safepoint "RevokeBias", Time since last: 16126616 ns, Reaching safepoint: 351244 ns, At safepoint: 24117 ns, Total: 375361 ns
[2020-09-11T15:21:47.015+0000][1][safepoint    ] Safepoint "RevokeBias", Time since last: 1746181 ns, Reaching safepoint: 328274 ns, At safepoint: 21495 ns, Total: 349769 ns
[2020-09-11T15:21:47.069+0000][1][safepoint    ] Safepoint "RevokeBias", Time since last: 52475556 ns, Reaching safepoint: 1414837 ns, At safepoint: 25239 ns, Total: 1440076 ns
[2020-09-11T15:21:47.178+0000][1][safepoint    ] Safepoint "RevokeBias", Time since last: 108703953 ns, Reaching safepoint: 161964 ns, At safepoint: 20742 ns, Total: 182706 ns
[2020-09-11T15:21:47.178+0000][1][safepoint    ] Safepoint "RevokeBias", Time since last: 57880 ns, Reaching safepoint: 104826 ns, At safepoint: 13133 ns, Total: 117959 ns
[2020-09-11T15:21:47.178+0000][1][safepoint    ] Safepoint "RevokeBias", Time since last: 32713 ns, Reaching safepoint: 103516 ns, At safepoint: 11118 ns, Total: 114634 ns
[2020-09-11T15:21:47.407+0000][1][safepoint    ] Safepoint "RevokeBias", Time since last: 228954208 ns, Reaching safepoint: 74506 ns, At safepoint: 20803 ns, Total: 95309 ns
[2020-09-11T15:21:47.458+0000][1][safepoint    ] Safepoint "BulkRevokeBias", Time since last: 50424407 ns, Reaching safepoint: 147299 ns, At safepoint: 220942 ns, Total: 368241 ns
[2020-09-11T15:21:47.460+0000][1][safepoint    ] Safepoint "RevokeBias", Time since last: 1856187 ns, Reaching safepoint: 130133 ns, At safepoint: 18804 ns, Total: 148937 ns
[2020-09-11T15:21:47.460+0000][1][safepoint    ] Safepoint "RevokeBias", Time since last: 62470 ns, Reaching safepoint: 100526 ns, At safepoint: 12919 ns, Total: 113445 ns
[2020-09-11T15:21:47.488+0000][1][safepoint    ] Safepoint "RevokeBias", Time since last: 27345783 ns, Reaching safepoint: 144201 ns, At safepoint: 20621 ns, Total: 164822 ns
[2020-09-11T15:21:47.524+0000][1][safepoint    ] Safepoint "RevokeBias", Time since last: 31909265 ns, Reaching safepoint: 3804665 ns, At safepoint: 42325 ns, Total: 3846990 ns
[2020-09-11T15:21:47.598+0000][1][gc,start     ] GC(142) Pause Young (Allocation Failure)
[2020-09-11T15:21:47.598+0000][1][gc,task      ] GC(142) Using 1 workers of 1 for evacuation
[2020-09-11T15:21:47.629+0000][1][gc,age       ] GC(142) Desired survivor size 4358144 bytes, new threshold 6 (max threshold 6)
[2020-09-11T15:21:47.629+0000][1][gc,age       ] GC(142) Age table with threshold 6 (max threshold 6)
[2020-09-11T15:21:47.629+0000][1][gc,age       ] GC(142) - age   1:     665216 bytes,     665216 total
[2020-09-11T15:21:47.629+0000][1][gc,age       ] GC(142) - age   2:     383208 bytes,    1048424 total
[2020-09-11T15:21:47.629+0000][1][gc,age       ] GC(142) - age   3:     815392 bytes,    1863816 total
[2020-09-11T15:21:47.629+0000][1][gc,age       ] GC(142) - age   4:      18624 bytes,    1882440 total
[2020-09-11T15:21:47.629+0000][1][gc,age       ] GC(142) - age   5:       1640 bytes,    1884080 total
[2020-09-11T15:21:47.629+0000][1][gc,age       ] GC(142) - age   6:       2008 bytes,    1886088 total
[2020-09-11T15:21:47.629+0000][1][gc,heap      ] GC(142) ParNew: 70146K->2738K(76672K)
[2020-09-11T15:21:47.629+0000][1][gc,heap      ] GC(142) CMS: 75059K->75326K(439104K)
[2020-09-11T15:21:47.629+0000][1][gc,metaspace ] GC(142) Metaspace: 93727K->93727K(1136640K)
[2020-09-11T15:21:47.629+0000][1][gc           ] GC(142) Pause Young (Allocation Failure) 141M->76M(503M) 30.736ms
[2020-09-11T15:21:47.629+0000][1][gc,cpu       ] GC(142) User=0.01s Sys=0.00s Real=0.03s
[2020-09-11T15:21:47.629+0000][1][safepoint    ] Safepoint "GenCollectForAllocation", Time since last: 74511366 ns, Reaching safepoint: 197008 ns, At safepoint: 30808268 ns, Total: 31005276 ns
[2020-09-11T15:21:47.669+0000][1][safepoint    ] Safepoint "RevokeBias", Time since last: 39663627 ns, Reaching safepoint: 183507 ns, At safepoint: 22761 ns, Total: 206268 ns
[2020-09-11T15:21:47.669+0000][1][safepoint    ] Safepoint "RevokeBias", Time since last: 69143 ns, Reaching safepoint: 39506 ns, At safepoint: 11242 ns, Total: 50748 ns
[2020-09-11T15:21:47.669+0000][1][safepoint    ] Safepoint "RevokeBias", Time since last: 43685 ns, Reaching safepoint: 38094 ns, At safepoint: 10212 ns, Total: 48306 ns
[2020-09-11T15:21:47.955+0000][1][safepoint    ] Safepoint "RevokeBias", Time since last: 285295602 ns, Reaching safepoint: 88385 ns, At safepoint: 21866 ns, Total: 110251 ns
[2020-09-11T15:21:48.525+0000][1][safepoint    ] Safepoint "RevokeBias", Time since last: 570034000 ns, Reaching safepoint: 71625 ns, At safepoint: 21088 ns, Total: 92713 ns
[2020-09-11T15:21:48.552+0000][1][safepoint    ] Safepoint "RevokeBias", Time since last: 26711950 ns, Reaching safepoint: 165635 ns, At safepoint: 25859 ns, Total: 191494 ns
[2020-09-11T15:21:48.553+0000][1][safepoint    ] Safepoint "RevokeBias", Time since last: 1439850 ns, Reaching safepoint: 172796 ns, At safepoint: 15724 ns, Total: 188520 ns
[2020-09-11T15:21:48.553+0000][1][safepoint    ] Safepoint "RevokeBias", Time since last: 117469 ns, Reaching safepoint: 103136 ns, At safepoint: 12802 ns, Total: 115938 ns
[2020-09-11T15:21:48.554+0000][1][safepoint    ] Safepoint "RevokeBias", Time since last: 47860 ns, Reaching safepoint: 97648 ns, At safepoint: 12011 ns, Total: 109659 ns
[2020-09-11T15:21:48.566+0000][1][safepoint    ] Safepoint "RevokeBias", Time since last: 12366158 ns, Reaching safepoint: 174834 ns, At safepoint: 21801 ns, Total: 196635 ns
[2020-09-11T15:21:48.574+0000][1][safepoint    ] Safepoint "RevokeBias", Time since last: 8030952 ns, Reaching safepoint: 208679 ns, At safepoint: 21062 ns, Total: 229741 ns
[2020-09-11T15:21:48.576+0000][1][safepoint    ] Safepoint "BulkRevokeBias", Time since last: 887856 ns, Reaching safepoint: 102178 ns, At safepoint: 178512 ns, Total: 280690 ns
[2020-09-11T15:21:49.576+0000][1][safepoint    ] Safepoint "Cleanup", Time since last: 1000212219 ns, Reaching safepoint: 87852 ns, At safepoint: 7360 ns, Total: 95212 ns
[2020-09-11T15:21:50.326+0000][1][safepoint    ] Safepoint "RevokeBias", Time since last: 749565897 ns, Reaching safepoint: 213453 ns, At safepoint: 21191 ns, Total: 234644 ns
[2020-09-11T15:21:50.328+0000][1][safepoint    ] Safepoint "RevokeBias", Time since last: 194525 ns, Reaching safepoint: 1556506 ns, At safepoint: 37543 ns, Total: 1594049 ns
[2020-09-11T15:21:50.328+0000][1][safepoint    ] Safepoint "RevokeBias", Time since last: 48530 ns, Reaching safepoint: 118346 ns, At safepoint: 23422 ns, Total: 141768 ns
[2020-09-11T15:21:50.328+0000][1][safepoint    ] Safepoint "RevokeBias", Time since last: 32513 ns, Reaching safepoint: 115771 ns, At safepoint: 28860 ns, Total: 144631 ns
[2020-09-11T15:21:50.332+0000][1][safepoint    ] Safepoint "RevokeBias", Time since last: 31217 ns, Reaching safepoint: 3573645 ns, At safepoint: 39464 ns, Total: 3613109 ns
[2020-09-11T15:21:50.332+0000][1][safepoint    ] Safepoint "RevokeBias", Time since last: 49703 ns, Reaching safepoint: 118578 ns, At safepoint: 25408 ns, Total: 143986 ns
[2020-09-11T15:21:50.338+0000][1][safepoint    ] Safepoint "RevokeBias", Time since last: 6235227 ns, Reaching safepoint: 168611 ns, At safepoint: 23139 ns, Total: 191750 ns
[2020-09-11T15:21:50.344+0000][1][safepoint    ] Safepoint "RevokeBias", Time since last: 1605735 ns, Reaching safepoint: 3745143 ns, At safepoint: 32100 ns, Total: 3777243 ns
[2020-09-11T15:21:50.362+0000][1][safepoint    ] Safepoint "Deoptimize", Time since last: 17485256 ns, Reaching safepoint: 173784 ns, At safepoint: 923126 ns, Total: 1096910 ns
[2020-09-11T15:21:50.369+0000][1][safepoint    ] Safepoint "RevokeBias", Time since last: 6897800 ns, Reaching safepoint: 94097 ns, At safepoint: 52159 ns, Total: 146256 ns
[2020-09-11T15:21:50.460+0000][1][safepoint    ] Safepoint "Deoptimize", Time since last: 90245490 ns, Reaching safepoint: 155720 ns, At safepoint: 881987 ns, Total: 1037707 ns
[2020-09-11T15:21:50.477+0000][1][safepoint    ] Safepoint "RevokeBias", Time since last: 15903913 ns, Reaching safepoint: 148458 ns, At safepoint: 20767 ns, Total: 169225 ns
[2020-09-11T15:21:50.748+0000][1][safepoint    ] Safepoint "ICBufferFull", Time since last: 271526555 ns, Reaching safepoint: 158605 ns, At safepoint: 8402 ns, Total: 167007 ns
[2020-09-11T15:21:51.748+0000][1][safepoint    ] Safepoint "Cleanup", Time since last: 1000110111 ns, Reaching safepoint: 138646 ns, At safepoint: 7517 ns, Total: 146163 ns
[2020-09-11T15:21:52.749+0000][1][safepoint    ] Safepoint "Cleanup", Time since last: 1000186478 ns, Reaching safepoint: 99297 ns, At safepoint: 8083 ns, Total: 107380 ns
[2020-09-11T15:21:53.749+0000][1][safepoint    ] Safepoint "Cleanup", Time since last: 1000181138 ns, Reaching safepoint: 96109 ns, At safepoint: 7494 ns, Total: 103603 ns
[2020-09-11T15:21:54.749+0000][1][safepoint    ] Safepoint "Cleanup", Time since last: 1000158183 ns, Reaching safepoint: 96585 ns, At safepoint: 6680 ns, Total: 103265 ns
[2020-09-11T15:21:55.750+0000][1][safepoint    ] Safepoint "Cleanup", Time since last: 1000183410 ns, Reaching safepoint: 102843 ns, At safepoint: 8270 ns, Total: 111113 ns
[2020-09-11T15:21:56.750+0000][1][safepoint    ] Safepoint "Cleanup", Time since last: 1000138879 ns, Reaching safepoint: 116606 ns, At safepoint: 7304 ns, Total: 123910 ns
[2020-09-11T15:21:56.960+0000][1][gc,start     ] GC(143) Pause Young (Allocation Failure)
[2020-09-11T15:21:56.960+0000][1][gc,task      ] GC(143) Using 1 workers of 1 for evacuation
[2020-09-11T15:21:56.978+0000][1][gc,age       ] GC(143) Desired survivor size 4358144 bytes, new threshold 1 (max threshold 6)
[2020-09-11T15:21:56.978+0000][1][gc,age       ] GC(143) Age table with threshold 1 (max threshold 6)
[2020-09-11T15:21:56.978+0000][1][gc,age       ] GC(143) - age   1:    5401944 bytes,    5401944 total
[2020-09-11T15:21:56.978+0000][1][gc,age       ] GC(143) - age   2:     219336 bytes,    5621280 total
[2020-09-11T15:21:56.978+0000][1][gc,age       ] GC(143) - age   3:     377952 bytes,    5999232 total
[2020-09-11T15:21:56.978+0000][1][gc,age       ] GC(143) - age   4:     813592 bytes,    6812824 total
[2020-09-11T15:21:56.978+0000][1][gc,age       ] GC(143) - age   5:      18352 bytes,    6831176 total
[2020-09-11T15:21:56.978+0000][1][gc,age       ] GC(143) - age   6:       1640 bytes,    6832816 total
[2020-09-11T15:21:56.978+0000][1][gc,heap      ] GC(143) ParNew: 70898K->6895K(76672K)
[2020-09-11T15:21:56.978+0000][1][gc,heap      ] GC(143) CMS: 75326K->75328K(439104K)
[2020-09-11T15:21:56.978+0000][1][gc,metaspace ] GC(143) Metaspace: 94435K->94435K(1136640K)
[2020-09-11T15:21:56.978+0000][1][gc           ] GC(143) Pause Young (Allocation Failure) 142M->80M(503M) 18.715ms
[2020-09-11T15:21:56.978+0000][1][gc,cpu       ] GC(143) User=0.01s Sys=0.00s Real=0.02s
[2020-09-11T15:21:56.999+0000][1][safepoint    ] Safepoint "GenCollectForAllocation", Time since last: 208358875 ns, Reaching safepoint: 1316179 ns, At safepoint: 39357275 ns, Total: 40673454 ns
[2020-09-11T15:21:57.008+0000][1][safepoint    ] Safepoint "RevokeBias", Time since last: 8555459 ns, Reaching safepoint: 163269 ns, At safepoint: 74923 ns, Total: 238192 ns
[2020-09-11T15:21:57.008+0000][1][safepoint    ] Safepoint "RevokeBias", Time since last: 135583 ns, Reaching safepoint: 101623 ns, At safepoint: 20593 ns, Total: 122216 ns
[2020-09-11T15:21:57.112+0000][1][safepoint    ] Safepoint "RevokeBias", Time since last: 103540327 ns, Reaching safepoint: 131334 ns, At safepoint: 152090 ns, Total: 283424 ns
[2020-09-11T15:21:57.130+0000][1][safepoint    ] Safepoint "RevokeBias", Time since last: 18065048 ns, Reaching safepoint: 81006 ns, At safepoint: 21216 ns, Total: 102222 ns
[2020-09-11T15:21:57.585+0000][1][safepoint    ] Safepoint "RevokeBias", Time since last: 454644261 ns, Reaching safepoint: 128354 ns, At safepoint: 184423 ns, Total: 312777 ns
[2020-09-11T15:21:57.652+0000][1][safepoint    ] Safepoint "RevokeBias", Time since last: 64735435 ns, Reaching safepoint: 1874813 ns, At safepoint: 188350 ns, Total: 2063163 ns
[2020-09-11T15:21:57.652+0000][1][safepoint    ] Safepoint "RevokeBias", Time since last: 309905 ns, Reaching safepoint: 191281 ns, At safepoint: 170995 ns, Total: 362276 ns
[2020-09-11T15:21:57.659+0000][1][safepoint    ] Safepoint "RevokeBias", Time since last: 5974564 ns, Reaching safepoint: 181063 ns, At safepoint: 186547 ns, Total: 367610 ns
[2020-09-11T15:21:57.659+0000][1][safepoint    ] Safepoint "RevokeBias", Time since last: 73528 ns, Reaching safepoint: 189939 ns, At safepoint: 154408 ns, Total: 344347 ns
[2020-09-11T15:21:57.688+0000][1][safepoint    ] Safepoint "RevokeBias", Time since last: 26666733 ns, Reaching safepoint: 1716862 ns, At safepoint: 145045 ns, Total: 1861907 ns
[2020-09-11T15:21:57.716+0000][1][safepoint    ] Safepoint "RevokeBias", Time since last: 27984876 ns, Reaching safepoint: 191265 ns, At safepoint: 220353 ns, Total: 411618 ns
[2020-09-11T15:21:57.746+0000][1][safepoint    ] Safepoint "RevokeBias", Time since last: 29274832 ns, Reaching safepoint: 468118 ns, At safepoint: 207230 ns, Total: 675348 ns
[2020-09-11T15:21:57.774+0000][1][safepoint    ] Safepoint "RevokeBias", Time since last: 21587996 ns, Reaching safepoint: 6020189 ns, At safepoint: 45012 ns, Total: 6065201 ns
[2020-09-11T15:21:57.926+0000][1][safepoint    ] Safepoint "RevokeBias", Time since last: 152419774 ns, Reaching safepoint: 89574 ns, At safepoint: 21924 ns, Total: 111498 ns
[2020-09-11T15:21:58.778+0000][1][safepoint    ] Safepoint "RevokeBias", Time since last: 851018712 ns, Reaching safepoint: 265128 ns, At safepoint: 48518 ns, Total: 313646 ns
[2020-09-11T15:21:58.798+0000][1][gc,start     ] GC(144) Pause Young (Allocation Failure)
[2020-09-11T15:21:58.798+0000][1][gc,task      ] GC(144) Using 1 workers of 1 for evacuation
[2020-09-11T15:21:58.816+0000][1][gc,age       ] GC(144) Desired survivor size 4358144 bytes, new threshold 1 (max threshold 6)
[2020-09-11T15:21:58.816+0000][1][gc,age       ] GC(144) Age table with threshold 1 (max threshold 6)
[2020-09-11T15:21:58.816+0000][1][gc,age       ] GC(144) - age   1:    4415152 bytes,    4415152 total
[2020-09-11T15:21:58.816+0000][1][gc,heap      ] GC(144) ParNew: 74552K->5435K(76672K)
[2020-09-11T15:21:58.816+0000][1][gc,heap      ] GC(144) CMS: 75328K->77276K(439104K)
[2020-09-11T15:21:58.816+0000][1][gc,metaspace ] GC(144) Metaspace: 94466K->94466K(1136640K)
[2020-09-11T15:21:58.816+0000][1][gc           ] GC(144) Pause Young (Allocation Failure) 146M->80M(503M) 17.786ms
[2020-09-11T15:21:58.816+0000][1][gc,cpu       ] GC(144) User=0.02s Sys=0.00s Real=0.02s
[2020-09-11T15:21:58.818+0000][1][safepoint    ] Safepoint "GenCollectForAllocation", Time since last: 20353625 ns, Reaching safepoint: 169332 ns, At safepoint: 20393020 ns, Total: 20562352 ns
[2020-09-11T15:21:58.831+0000][1][safepoint    ] Safepoint "RevokeBias", Time since last: 12545625 ns, Reaching safepoint: 158839 ns, At safepoint: 21893 ns, Total: 180732 ns
[2020-09-11T15:21:58.834+0000][1][safepoint    ] Safepoint "RevokeBias", Time since last: 2881821 ns, Reaching safepoint: 141862 ns, At safepoint: 19953 ns, Total: 161815 ns
[2020-09-11T15:21:58.836+0000][1][safepoint    ] Safepoint "RevokeBias", Time since last: 1285574 ns, Reaching safepoint: 125472 ns, At safepoint: 16699 ns, Total: 142171 ns
[2020-09-11T15:21:58.836+0000][1][safepoint    ] Safepoint "RevokeBias", Time since last: 61517 ns, Reaching safepoint: 148585 ns, At safepoint: 15117 ns, Total: 163702 ns
[2020-09-11T15:21:58.846+0000][1][safepoint    ] Safepoint "RevokeBias", Time since last: 10259413 ns, Reaching safepoint: 193097 ns, At safepoint: 22700 ns, Total: 215797 ns
[2020-09-11T15:21:58.865+0000][1][safepoint    ] Safepoint "RevokeBias", Time since last: 18722486 ns, Reaching safepoint: 204432 ns, At safepoint: 34344 ns, Total: 238776 ns
[2020-09-11T15:21:59.866+0000][1][safepoint    ] Safepoint "Cleanup", Time since last: 1000153143 ns, Reaching safepoint: 92687 ns, At safepoint: 7420 ns, Total: 100107 ns
[2020-09-11T15:22:00.866+0000][1][safepoint    ] Safepoint "Cleanup", Time since last: 1000167529 ns, Reaching safepoint: 126499 ns, At safepoint: 7046 ns, Total: 133545 ns
[2020-09-11T15:22:01.650+0000][1][safepoint    ] Safepoint "RevokeBias", Time since last: 783889356 ns, Reaching safepoint: 191848 ns, At safepoint: 18618 ns, Total: 210466 ns
[2020-09-11T15:22:01.652+0000][1][safepoint    ] Safepoint "RevokeBias", Time since last: 1484889 ns, Reaching safepoint: 129310 ns, At safepoint: 14175 ns, Total: 143485 ns
[2020-09-11T15:22:01.652+0000][1][safepoint    ] Safepoint "RevokeBias", Time since last: 36879 ns, Reaching safepoint: 113831 ns, At safepoint: 12666 ns, Total: 126497 ns
[2020-09-11T15:22:01.652+0000][1][safepoint    ] Safepoint "RevokeBias", Time since last: 31807 ns, Reaching safepoint: 113186 ns, At safepoint: 12503 ns, Total: 125689 ns
[2020-09-11T15:22:01.652+0000][1][safepoint    ] Safepoint "RevokeBias", Time since last: 30196 ns, Reaching safepoint: 112074 ns, At safepoint: 11502 ns, Total: 123576 ns
[2020-09-11T15:22:01.652+0000][1][safepoint    ] Safepoint "RevokeBias", Time since last: 30959 ns, Reaching safepoint: 111143 ns, At safepoint: 11170 ns, Total: 122313 ns
[2020-09-11T15:22:01.652+0000][1][safepoint    ] Safepoint "RevokeBias", Time since last: 30452 ns, Reaching safepoint: 110837 ns, At safepoint: 11198 ns, Total: 122035 ns
[2020-09-11T15:22:02.653+0000][1][safepoint    ] Safepoint "Cleanup", Time since last: 1000085019 ns, Reaching safepoint: 91182 ns, At safepoint: 7175 ns, Total: 98357 ns
[2020-09-11T15:22:03.653+0000][1][safepoint    ] Safepoint "Cleanup", Time since last: 1000159134 ns, Reaching safepoint: 145624 ns, At safepoint: 17424 ns, Total: 163048 ns
[2020-09-11T15:22:04.653+0000][1][safepoint    ] Safepoint "Cleanup", Time since last: 1000222063 ns, Reaching safepoint: 140496 ns, At safepoint: 18145 ns, Total: 158641 ns
[2020-09-11T15:22:05.654+0000][1][safepoint    ] Safepoint "Cleanup", Time since last: 1000221856 ns, Reaching safepoint: 144465 ns, At safepoint: 17159 ns, Total: 161624 ns
[2020-09-11T15:22:06.654+0000][1][safepoint    ] Safepoint "Cleanup", Time since last: 1000207016 ns, Reaching safepoint: 145534 ns, At safepoint: 17878 ns, Total: 163412 ns
[2020-09-11T15:22:06.960+0000][1][safepoint    ] Safepoint "RevokeBias", Time since last: 305721454 ns, Reaching safepoint: 260351 ns, At safepoint: 24743 ns, Total: 285094 ns
[2020-09-11T15:22:06.961+0000][1][safepoint    ] Safepoint "BulkRevokeBias", Time since last: 693299 ns, Reaching safepoint: 138159 ns, At safepoint: 339831 ns, Total: 477990 ns
[2020-09-11T15:22:06.990+0000][1][safepoint    ] Safepoint "RevokeBias", Time since last: 28169547 ns, Reaching safepoint: 392917 ns, At safepoint: 174051 ns, Total: 566968 ns
[2020-09-11T15:22:07.016+0000][1][safepoint    ] Safepoint "RevokeBias", Time since last: 25789575 ns, Reaching safepoint: 85663 ns, At safepoint: 22289 ns, Total: 107952 ns
[2020-09-11T15:22:07.065+0000][1][safepoint    ] Safepoint "RevokeBias", Time since last: 47798133 ns, Reaching safepoint: 1236354 ns, At safepoint: 25308 ns, Total: 1261662 ns
[2020-09-11T15:22:07.172+0000][1][safepoint    ] Safepoint "RevokeBias", Time since last: 106879519 ns, Reaching safepoint: 152620 ns, At safepoint: 21060 ns, Total: 173680 ns
[2020-09-11T15:22:07.279+0000][1][safepoint    ] Safepoint "RevokeBias", Time since last: 106985289 ns, Reaching safepoint: 74331 ns, At safepoint: 22277 ns, Total: 96608 ns
[2020-09-11T15:22:07.279+0000][1][safepoint    ] Safepoint "RevokeBias", Time since last: 190722 ns, Reaching safepoint: 132395 ns, At safepoint: 15706 ns, Total: 148101 ns
[2020-09-11T15:22:07.545+0000][1][gc,start     ] GC(145) Pause Young (Allocation Failure)
[2020-09-11T15:22:07.545+0000][1][gc,task      ] GC(145) Using 1 workers of 1 for evacuation
[2020-09-11T15:22:07.564+0000][1][gc,age       ] GC(145) Desired survivor size 4358144 bytes, new threshold 6 (max threshold 6)
[2020-09-11T15:22:07.564+0000][1][gc,age       ] GC(145) Age table with threshold 6 (max threshold 6)
[2020-09-11T15:22:07.564+0000][1][gc,age       ] GC(145) - age   1:    3656296 bytes,    3656296 total
[2020-09-11T15:22:07.564+0000][1][gc,heap      ] GC(145) ParNew: 73104K->4592K(76672K)
[2020-09-11T15:22:07.564+0000][1][gc,heap      ] GC(145) CMS: 77276K->77540K(439104K)
[2020-09-11T15:22:07.564+0000][1][gc,metaspace ] GC(145) Metaspace: 94513K->94513K(1136640K)
[2020-09-11T15:22:07.564+0000][1][gc           ] GC(145) Pause Young (Allocation Failure) 146M->80M(503M) 18.578ms
[2020-09-11T15:22:07.564+0000][1][gc,cpu       ] GC(145) User=0.01s Sys=0.00s Real=0.02s
[2020-09-11T15:22:07.576+0000][1][safepoint    ] Safepoint "GenCollectForAllocation", Time since last: 259188962 ns, Reaching safepoint: 6582099 ns, At safepoint: 31148240 ns, Total: 37730339 ns
[2020-09-11T15:22:07.653+0000][1][safepoint    ] Safepoint "RevokeBias", Time since last: 76922880 ns, Reaching safepoint: 165086 ns, At safepoint: 19922 ns, Total: 185008 ns
[2020-09-11T15:22:07.665+0000][1][safepoint    ] Safepoint "RevokeBias", Time since last: 11297014 ns, Reaching safepoint: 176396 ns, At safepoint: 19251 ns, Total: 195647 ns
[2020-09-11T15:22:07.665+0000][1][safepoint    ] Safepoint "BulkRevokeBias", Time since last: 56760 ns, Reaching safepoint: 108675 ns, At safepoint: 295721 ns, Total: 404396 ns
[2020-09-11T15:22:07.910+0000][1][safepoint    ] Safepoint "RevokeBias", Time since last: 243682799 ns, Reaching safepoint: 557586 ns, At safepoint: 23930 ns, Total: 581516 ns
[2020-09-11T15:22:07.920+0000][1][safepoint    ] Safepoint "RevokeBias", Time since last: 10446629 ns, Reaching safepoint: 145623 ns, At safepoint: 24541 ns, Total: 170164 ns
[2020-09-11T15:22:07.920+0000][1][safepoint    ] Safepoint "RevokeBias", Time since last: 172942 ns, Reaching safepoint: 106340 ns, At safepoint: 13873 ns, Total: 120213 ns
[2020-09-11T15:22:07.921+0000][1][safepoint    ] Safepoint "RevokeBias", Time since last: 49589 ns, Reaching safepoint: 101677 ns, At safepoint: 12973 ns, Total: 114650 ns
[2020-09-11T15:22:07.944+0000][1][safepoint    ] Safepoint "RevokeBias", Time since last: 23260346 ns, Reaching safepoint: 209007 ns, At safepoint: 28173 ns, Total: 237180 ns
[2020-09-11T15:22:07.957+0000][1][safepoint    ] Safepoint "RevokeBias", Time since last: 12812024 ns, Reaching safepoint: 155568 ns, At safepoint: 23221 ns, Total: 178789 ns
[2020-09-11T15:22:08.957+0000][1][safepoint    ] Safepoint "Cleanup", Time since last: 1000111870 ns, Reaching safepoint: 85955 ns, At safepoint: 7284 ns, Total: 93239 ns
[2020-09-11T15:22:09.958+0000][1][safepoint    ] Safepoint "Cleanup", Time since last: 1000182387 ns, Reaching safepoint: 104316 ns, At safepoint: 7567 ns, Total: 111883 ns
[2020-09-11T15:22:10.958+0000][1][safepoint    ] Safepoint "Cleanup", Time since last: 1000194389 ns, Reaching safepoint: 97755 ns, At safepoint: 7322 ns, Total: 105077 ns
[2020-09-11T15:22:11.958+0000][1][safepoint    ] Safepoint "Cleanup", Time since last: 1000151650 ns, Reaching safepoint: 125792 ns, At safepoint: 8319 ns, Total: 134111 ns
[2020-09-11T15:22:12.045+0000][1][safepoint    ] Safepoint "RevokeBias", Time since last: 86127319 ns, Reaching safepoint: 1021235 ns, At safepoint: 26746 ns, Total: 1047981 ns
[2020-09-11T15:22:13.046+0000][1][safepoint    ] Safepoint "Cleanup", Time since last: 1000180539 ns, Reaching safepoint: 147191 ns, At safepoint: 17650 ns, Total: 164841 ns
[2020-09-11T15:22:14.046+0000][1][safepoint    ] Safepoint "Cleanup", Time since last: 1000225043 ns, Reaching safepoint: 143807 ns, At safepoint: 17276 ns, Total: 161083 ns
[2020-09-11T15:22:15.053+0000][1][gc,start     ] GC(146) Pause Young (Allocation Failure)
[2020-09-11T15:22:15.053+0000][1][gc,task      ] GC(146) Using 1 workers of 1 for evacuation
[2020-09-11T15:22:15.059+0000][1][gc,age       ] GC(146) Desired survivor size 4358144 bytes, new threshold 6 (max threshold 6)
[2020-09-11T15:22:15.059+0000][1][gc,age       ] GC(146) Age table with threshold 6 (max threshold 6)
[2020-09-11T15:22:15.059+0000][1][gc,age       ] GC(146) - age   1:     640120 bytes,     640120 total
[2020-09-11T15:22:15.059+0000][1][gc,age       ] GC(146) - age   2:     246488 bytes,     886608 total
[2020-09-11T15:22:15.059+0000][1][gc,heap      ] GC(146) ParNew: 72752K->3826K(76672K)
[2020-09-11T15:22:15.059+0000][1][gc,heap      ] GC(146) CMS: 77540K->77540K(439104K)
[2020-09-11T15:22:15.059+0000][1][gc,metaspace ] GC(146) Metaspace: 94573K->94573K(1136640K)
[2020-09-11T15:22:15.059+0000][1][gc           ] GC(146) Pause Young (Allocation Failure) 146M->79M(503M) 5.717ms
[2020-09-11T15:22:15.059+0000][1][gc,cpu       ] GC(146) User=0.01s Sys=0.00s Real=0.01s
[2020-09-11T15:22:15.059+0000][1][safepoint    ] Safepoint "GenCollectForAllocation", Time since last: 1007076615 ns, Reaching safepoint: 66079 ns, At safepoint: 5783163 ns, Total: 5849242 ns
[2020-09-11T15:22:16.961+0000][1][safepoint    ] Safepoint "RevokeBias", Time since last: 1901226941 ns, Reaching safepoint: 188729 ns, At safepoint: 158998 ns, Total: 347727 ns
[2020-09-11T15:22:16.979+0000][1][safepoint    ] Safepoint "RevokeBias", Time since last: 17611644 ns, Reaching safepoint: 241562 ns, At safepoint: 22863 ns, Total: 264425 ns
[2020-09-11T15:22:16.998+0000][1][safepoint    ] Safepoint "RevokeBias", Time since last: 19211889 ns, Reaching safepoint: 153897 ns, At safepoint: 20959 ns, Total: 174856 ns
[2020-09-11T15:22:17.045+0000][1][safepoint    ] Safepoint "RevokeBias", Time since last: 47283725 ns, Reaching safepoint: 153949 ns, At safepoint: 21454 ns, Total: 175403 ns
[2020-09-11T15:22:17.046+0000][1][safepoint    ] Safepoint "RevokeBias", Time since last: 217656 ns, Reaching safepoint: 100168 ns, At safepoint: 12583 ns, Total: 112751 ns
[2020-09-11T15:22:17.046+0000][1][safepoint    ] Safepoint "RevokeBias", Time since last: 89917 ns, Reaching safepoint: 104494 ns, At safepoint: 12354 ns, Total: 116848 ns
[2020-09-11T15:22:17.046+0000][1][safepoint    ] Safepoint "RevokeBias", Time since last: 44880 ns, Reaching safepoint: 99204 ns, At safepoint: 11240 ns, Total: 110444 ns
[2020-09-11T15:22:17.077+0000][1][safepoint    ] Safepoint "RevokeBias", Time since last: 30476115 ns, Reaching safepoint: 144117 ns, At safepoint: 20424 ns, Total: 164541 ns
[2020-09-11T15:22:17.136+0000][1][safepoint    ] Safepoint "RevokeBias", Time since last: 58929020 ns, Reaching safepoint: 159741 ns, At safepoint: 21956 ns, Total: 181697 ns
[2020-09-11T15:22:17.195+0000][1][safepoint    ] Safepoint "RevokeBias", Time since last: 58510779 ns, Reaching safepoint: 1155703 ns, At safepoint: 23054 ns, Total: 1178757 ns
[2020-09-11T15:22:17.650+0000][1][gc,start     ] GC(147) Pause Young (Allocation Failure)
[2020-09-11T15:22:17.650+0000][1][gc,task      ] GC(147) Using 1 workers of 1 for evacuation
[2020-09-11T15:22:17.660+0000][1][gc,age       ] GC(147) Desired survivor size 4358144 bytes, new threshold 6 (max threshold 6)
[2020-09-11T15:22:17.660+0000][1][gc,age       ] GC(147) Age table with threshold 6 (max threshold 6)
[2020-09-11T15:22:17.660+0000][1][gc,age       ] GC(147) - age   1:    3592496 bytes,    3592496 total
[2020-09-11T15:22:17.660+0000][1][gc,age       ] GC(147) - age   2:     512832 bytes,    4105328 total
[2020-09-11T15:22:17.660+0000][1][gc,age       ] GC(147) - age   3:     233096 bytes,    4338424 total
[2020-09-11T15:22:17.660+0000][1][gc,heap      ] GC(147) ParNew: 71986K->4691K(76672K)
[2020-09-11T15:22:17.660+0000][1][gc,heap      ] GC(147) CMS: 77540K->77540K(439104K)
[2020-09-11T15:22:17.660+0000][1][gc,metaspace ] GC(147) Metaspace: 94599K->94599K(1136640K)
[2020-09-11T15:22:17.660+0000][1][gc           ] GC(147) Pause Young (Allocation Failure) 146M->80M(503M) 10.508ms
[2020-09-11T15:22:17.660+0000][1][gc,cpu       ] GC(147) User=0.01s Sys=0.00s Real=0.01s
[2020-09-11T15:22:17.660+0000][1][safepoint    ] Safepoint "GenCollectForAllocation", Time since last: 452124336 ns, Reaching safepoint: 2135039 ns, At safepoint: 10578310 ns, Total: 12713349 ns
[2020-09-11T15:22:17.708+0000][1][safepoint    ] Safepoint "RevokeBias", Time since last: 47077621 ns, Reaching safepoint: 189029 ns, At safepoint: 21779 ns, Total: 210808 ns
[2020-09-11T15:22:17.709+0000][1][safepoint    ] Safepoint "RevokeBias", Time since last: 1055956 ns, Reaching safepoint: 129506 ns, At safepoint: 15548 ns, Total: 145054 ns
[2020-09-11T15:22:17.718+0000][1][safepoint    ] Safepoint "RevokeBias", Time since last: 8812793 ns, Reaching safepoint: 185586 ns, At safepoint: 20240 ns, Total: 205826 ns
[2020-09-11T15:22:17.718+0000][1][safepoint    ] Safepoint "RevokeBias", Time since last: 71243 ns, Reaching safepoint: 152082 ns, At safepoint: 14153 ns, Total: 166235 ns
[2020-09-11T15:22:17.718+0000][1][safepoint    ] Safepoint "RevokeBias", Time since last: 38089 ns, Reaching safepoint: 163477 ns, At safepoint: 12691 ns, Total: 176168 ns
[2020-09-11T15:22:17.724+0000][1][safepoint    ] Safepoint "RevokeBias", Time since last: 5136821 ns, Reaching safepoint: 162011 ns, At safepoint: 19980 ns, Total: 181991 ns
[2020-09-11T15:22:17.743+0000][1][safepoint    ] Safepoint "RevokeBias", Time since last: 15990596 ns, Reaching safepoint: 3257618 ns, At safepoint: 195713 ns, Total: 3453331 ns
[2020-09-11T15:22:17.745+0000][1][safepoint    ] Safepoint "RevokeBias", Time since last: 1225460 ns, Reaching safepoint: 148405 ns, At safepoint: 166461 ns, Total: 314866 ns
[2020-09-11T15:22:17.745+0000][1][safepoint    ] Safepoint "RevokeBias", Time since last: 585197 ns, Reaching safepoint: 127042 ns, At safepoint: 150273 ns, Total: 277315 ns
[2020-09-11T15:22:17.972+0000][1][safepoint    ] Safepoint "ICBufferFull", Time since last: 226717021 ns, Reaching safepoint: 248985 ns, At safepoint: 6924 ns, Total: 255909 ns
[2020-09-11T15:22:18.018+0000][1][gc,start     ] GC(148) Pause Young (Allocation Failure)
[2020-09-11T15:22:18.018+0000][1][gc,task      ] GC(148) Using 1 workers of 1 for evacuation
[2020-09-11T15:22:18.043+0000][1][gc,age       ] GC(148) Desired survivor size 4358144 bytes, new threshold 1 (max threshold 6)
[2020-09-11T15:22:18.043+0000][1][gc,age       ] GC(148) Age table with threshold 1 (max threshold 6)
[2020-09-11T15:22:18.043+0000][1][gc,age       ] GC(148) - age   1:    5772024 bytes,    5772024 total
[2020-09-11T15:22:18.043+0000][1][gc,age       ] GC(148) - age   2:     392624 bytes,    6164648 total
[2020-09-11T15:22:18.043+0000][1][gc,age       ] GC(148) - age   3:     510336 bytes,    6674984 total
[2020-09-11T15:22:18.043+0000][1][gc,age       ] GC(148) - age   4:     233096 bytes,    6908080 total
[2020-09-11T15:22:18.043+0000][1][gc,heap      ] GC(148) ParNew: 72851K->6941K(76672K)
[2020-09-11T15:22:18.043+0000][1][gc,heap      ] GC(148) CMS: 77540K->77540K(439104K)
[2020-09-11T15:22:18.043+0000][1][gc,metaspace ] GC(148) Metaspace: 94773K->94773K(1136640K)
[2020-09-11T15:22:18.043+0000][1][gc           ] GC(148) Pause Young (Allocation Failure) 146M->82M(503M) 25.016ms
[2020-09-11T15:22:18.043+0000][1][gc,cpu       ] GC(148) User=0.02s Sys=0.00s Real=0.02s
[2020-09-11T15:22:18.051+0000][1][safepoint    ] Safepoint "GenCollectForAllocation", Time since last: 45705504 ns, Reaching safepoint: 157616 ns, At safepoint: 33048147 ns, Total: 33205763 ns
[2020-09-11T15:22:18.061+0000][1][safepoint    ] Safepoint "RevokeBias", Time since last: 9533934 ns, Reaching safepoint: 159115 ns, At safepoint: 23269 ns, Total: 182384 ns
[2020-09-11T15:22:18.144+0000][1][safepoint    ] Safepoint "RevokeBias", Time since last: 83235498 ns, Reaching safepoint: 172146 ns, At safepoint: 21265 ns, Total: 193411 ns
[2020-09-11T15:22:18.146+0000][1][safepoint    ] Safepoint "RevokeBias", Time since last: 1115099 ns, Reaching safepoint: 105109 ns, At safepoint: 14398 ns, Total: 119507 ns
[2020-09-11T15:22:18.146+0000][1][safepoint    ] Safepoint "RevokeBias", Time since last: 95285 ns, Reaching safepoint: 103927 ns, At safepoint: 12066 ns, Total: 115993 ns
[2020-09-11T15:22:18.146+0000][1][safepoint    ] Safepoint "RevokeBias", Time since last: 45149 ns, Reaching safepoint: 98886 ns, At safepoint: 12342 ns, Total: 111228 ns
[2020-09-11T15:22:18.156+0000][1][safepoint    ] Safepoint "RevokeBias", Time since last: 9366417 ns, Reaching safepoint: 140234 ns, At safepoint: 21585 ns, Total: 161819 ns
[2020-09-11T15:22:18.172+0000][1][safepoint    ] Safepoint "RevokeBias", Time since last: 15751408 ns, Reaching safepoint: 230789 ns, At safepoint: 12317 ns, Total: 243106 ns
[2020-09-11T15:22:18.178+0000][1][safepoint    ] Safepoint "RevokeBias", Time since last: 6164742 ns, Reaching safepoint: 195851 ns, At safepoint: 22647 ns, Total: 218498 ns
[2020-09-11T15:22:18.180+0000][1][safepoint    ] Safepoint "RevokeBias", Time since last: 1656023 ns, Reaching safepoint: 193061 ns, At safepoint: 16985 ns, Total: 210046 ns
[2020-09-11T15:22:18.181+0000][1][safepoint    ] Safepoint "RevokeBias", Time since last: 902770 ns, Reaching safepoint: 178183 ns, At safepoint: 17113 ns, Total: 195296 ns
[2020-09-11T15:22:18.182+0000][1][safepoint    ] Safepoint "RevokeBias", Time since last: 462852 ns, Reaching safepoint: 169956 ns, At safepoint: 15055 ns, Total: 185011 ns
[2020-09-11T15:22:19.182+0000][1][safepoint    ] Safepoint "Cleanup", Time since last: 1000153905 ns, Reaching safepoint: 126060 ns, At safepoint: 5339 ns, Total: 131399 ns
[2020-09-11T15:22:21.182+0000][1][safepoint    ] Safepoint "Cleanup", Time since last: 2000243093 ns, Reaching safepoint: 149737 ns, At safepoint: 17700 ns, Total: 167437 ns
[2020-09-11T15:22:23.183+0000][1][safepoint    ] Safepoint "Cleanup", Time since last: 2000354534 ns, Reaching safepoint: 158133 ns, At safepoint: 18108 ns, Total: 176241 ns
[2020-09-11T15:22:24.183+0000][1][safepoint    ] Safepoint "Cleanup", Time since last: 1000249935 ns, Reaching safepoint: 125693 ns, At safepoint: 6411 ns, Total: 132104 ns
[2020-09-11T15:22:26.960+0000][1][gc,start     ] GC(149) Pause Young (Allocation Failure)
[2020-09-11T15:22:26.960+0000][1][gc,task      ] GC(149) Using 1 workers of 1 for evacuation
[2020-09-11T15:22:26.972+0000][1][gc,age       ] GC(149) Desired survivor size 4358144 bytes, new threshold 1 (max threshold 6)
[2020-09-11T15:22:26.972+0000][1][gc,age       ] GC(149) Age table with threshold 1 (max threshold 6)
[2020-09-11T15:22:26.972+0000][1][gc,age       ] GC(149) - age   1:    5425072 bytes,    5425072 total
[2020-09-11T15:22:26.972+0000][1][gc,heap      ] GC(149) ParNew: 75101K->5927K(76672K)
[2020-09-11T15:22:26.972+0000][1][gc,heap      ] GC(149) CMS: 77540K->78211K(439104K)
[2020-09-11T15:22:26.972+0000][1][gc,metaspace ] GC(149) Metaspace: 94798K->94798K(1136640K)
[2020-09-11T15:22:26.972+0000][1][gc           ] GC(149) Pause Young (Allocation Failure) 149M->82M(503M) 12.864ms
[2020-09-11T15:22:26.972+0000][1][gc,cpu       ] GC(149) User=0.01s Sys=0.00s Real=0.01s
[2020-09-11T15:22:26.986+0000][1][safepoint    ] Safepoint "GenCollectForAllocation", Time since last: 2776056111 ns, Reaching safepoint: 230317 ns, At safepoint: 26424026 ns, Total: 26654343 ns
[2020-09-11T15:22:26.990+0000][1][safepoint    ] Safepoint "RevokeBias", Time since last: 2416235 ns, Reaching safepoint: 271139 ns, At safepoint: 1282462 ns, Total: 1553601 ns
[2020-09-11T15:22:26.992+0000][1][safepoint    ] Safepoint "RevokeBias", Time since last: 2038405 ns, Reaching safepoint: 379144 ns, At safepoint: 179643 ns, Total: 558787 ns
[2020-09-11T15:22:26.993+0000][1][safepoint    ] Safepoint "RevokeBias", Time since last: 212385 ns, Reaching safepoint: 112861 ns, At safepoint: 22790 ns, Total: 135651 ns
[2020-09-11T15:22:27.027+0000][1][safepoint    ] Safepoint "RevokeBias", Time since last: 34057874 ns, Reaching safepoint: 170956 ns, At safepoint: 27570 ns, Total: 198526 ns
[2020-09-11T15:22:27.253+0000][1][safepoint    ] Safepoint "RevokeBias", Time since last: 225448871 ns, Reaching safepoint: 154156 ns, At safepoint: 21660 ns, Total: 175816 ns
[2020-09-11T15:22:27.264+0000][1][safepoint    ] Safepoint "RevokeBias", Time since last: 10697909 ns, Reaching safepoint: 152137 ns, At safepoint: 23380 ns, Total: 175517 ns
[2020-09-11T15:22:27.264+0000][1][safepoint    ] Safepoint "RevokeBias", Time since last: 163864 ns, Reaching safepoint: 104539 ns, At safepoint: 12942 ns, Total: 117481 ns
[2020-09-11T15:22:27.264+0000][1][safepoint    ] Safepoint "RevokeBias", Time since last: 46456 ns, Reaching safepoint: 27571 ns, At safepoint: 10269 ns, Total: 37840 ns
[2020-09-11T15:22:27.295+0000][1][safepoint    ] Safepoint "RevokeBias", Time since last: 28124224 ns, Reaching safepoint: 3362930 ns, At safepoint: 20588 ns, Total: 3383518 ns
[2020-09-11T15:22:27.696+0000][1][gc,start     ] GC(150) Pause Young (Allocation Failure)
[2020-09-11T15:22:27.697+0000][1][gc,task      ] GC(150) Using 1 workers of 1 for evacuation
[2020-09-11T15:22:27.710+0000][1][gc,age       ] GC(150) Desired survivor size 4358144 bytes, new threshold 6 (max threshold 6)
[2020-09-11T15:22:27.710+0000][1][gc,age       ] GC(150) Age table with threshold 6 (max threshold 6)
[2020-09-11T15:22:27.710+0000][1][gc,age       ] GC(150) - age   1:     684600 bytes,     684600 total
[2020-09-11T15:22:27.710+0000][1][gc,heap      ] GC(150) ParNew: 74087K->5455K(76672K)
[2020-09-11T15:22:27.710+0000][1][gc,heap      ] GC(150) CMS: 78211K->78785K(439104K)
[2020-09-11T15:22:27.710+0000][1][gc,metaspace ] GC(150) Metaspace: 94821K->94821K(1136640K)
[2020-09-11T15:22:27.710+0000][1][gc           ] GC(150) Pause Young (Allocation Failure) 148M->82M(503M) 13.915ms
[2020-09-11T15:22:27.710+0000][1][gc,cpu       ] GC(150) User=0.01s Sys=0.00s Real=0.01s
[2020-09-11T15:22:27.714+0000][1][safepoint    ] Safepoint "GenCollectForAllocation", Time since last: 400772158 ns, Reaching safepoint: 183685 ns, At safepoint: 17461150 ns, Total: 17644835 ns
[2020-09-11T15:22:28.065+0000][1][safepoint    ] Safepoint "RevokeBias", Time since last: 351265599 ns, Reaching safepoint: 105465 ns, At safepoint: 20491 ns, Total: 125956 ns
[2020-09-11T15:22:28.364+0000][1][safepoint    ] Safepoint "RevokeBias", Time since last: 298154588 ns, Reaching safepoint: 159012 ns, At safepoint: 21848 ns, Total: 180860 ns
[2020-09-11T15:22:28.364+0000][1][safepoint    ] Safepoint "RevokeBias", Time since last: 634060 ns, Reaching safepoint: 28764 ns, At safepoint: 11880 ns, Total: 40644 ns
[2020-09-11T15:22:28.364+0000][1][safepoint    ] Safepoint "RevokeBias", Time since last: 116335 ns, Reaching safepoint: 33164 ns, At safepoint: 10405 ns, Total: 43569 ns
[2020-09-11T15:22:28.365+0000][1][safepoint    ] Safepoint "RevokeBias", Time since last: 44330 ns, Reaching safepoint: 27254 ns, At safepoint: 9648 ns, Total: 36902 ns
[2020-09-11T15:22:28.383+0000][1][safepoint    ] Safepoint "RevokeBias", Time since last: 17784357 ns, Reaching safepoint: 394390 ns, At safepoint: 23652 ns, Total: 418042 ns
[2020-09-11T15:22:29.383+0000][1][safepoint    ] Safepoint "Cleanup", Time since last: 1000185030 ns, Reaching safepoint: 121263 ns, At safepoint: 7930 ns, Total: 129193 ns
[2020-09-11T15:22:32.857+0000][1][safepoint    ] Safepoint "BulkRevokeBias", Time since last: 3473896786 ns, Reaching safepoint: 74265 ns, At safepoint: 202810 ns, Total: 277075 ns
[2020-09-11T15:22:32.868+0000][1][safepoint    ] Safepoint "RevokeBias", Time since last: 10668044 ns, Reaching safepoint: 157406 ns, At safepoint: 22067 ns, Total: 179473 ns
[2020-09-11T15:22:33.868+0000][1][safepoint    ] Safepoint "Cleanup", Time since last: 1000139233 ns, Reaching safepoint: 171714 ns, At safepoint: 18699 ns, Total: 190413 ns
[2020-09-11T15:22:35.869+0000][1][safepoint    ] Safepoint "Cleanup", Time since last: 2000366808 ns, Reaching safepoint: 162743 ns, At safepoint: 17821 ns, Total: 180564 ns
[2020-09-11T15:22:36.964+0000][1][safepoint    ] Safepoint "RevokeBias", Time since last: 1095348289 ns, Reaching safepoint: 159270 ns, At safepoint: 20854 ns, Total: 180124 ns
[2020-09-11T15:22:36.965+0000][1][safepoint    ] Safepoint "RevokeBias", Time since last: 91928 ns, Reaching safepoint: 103075 ns, At safepoint: 13360 ns, Total: 116435 ns
[2020-09-11T15:22:36.972+0000][1][safepoint    ] Safepoint "BulkRevokeBias", Time since last: 6936429 ns, Reaching safepoint: 298301 ns, At safepoint: 242455 ns, Total: 540756 ns
[2020-09-11T15:22:37.010+0000][1][safepoint    ] Safepoint "RevokeBias", Time since last: 38063360 ns, Reaching safepoint: 193152 ns, At safepoint: 25072 ns, Total: 218224 ns
[2020-09-11T15:22:37.100+0000][1][safepoint    ] Safepoint "RevokeBias", Time since last: 89194567 ns, Reaching safepoint: 81523 ns, At safepoint: 23945 ns, Total: 105468 ns
[2020-09-11T15:22:37.286+0000][1][gc,start     ] GC(151) Pause Young (Allocation Failure)
[2020-09-11T15:22:37.286+0000][1][gc,task      ] GC(151) Using 1 workers of 1 for evacuation
[2020-09-11T15:22:37.306+0000][1][gc,age       ] GC(151) Desired survivor size 4358144 bytes, new threshold 1 (max threshold 6)
[2020-09-11T15:22:37.306+0000][1][gc,age       ] GC(151) Age table with threshold 1 (max threshold 6)
[2020-09-11T15:22:37.306+0000][1][gc,age       ] GC(151) - age   1:    5418984 bytes,    5418984 total
[2020-09-11T15:22:37.306+0000][1][gc,age       ] GC(151) - age   2:     192336 bytes,    5611320 total
[2020-09-11T15:22:37.307+0000][1][gc,heap      ] GC(151) ParNew: 73615K->5956K(76672K)
[2020-09-11T15:22:37.307+0000][1][gc,heap      ] GC(151) CMS: 78785K->78785K(439104K)
[2020-09-11T15:22:37.307+0000][1][gc,metaspace ] GC(151) Metaspace: 94984K->94984K(1136640K)
[2020-09-11T15:22:37.307+0000][1][gc           ] GC(151) Pause Young (Allocation Failure) 148M->82M(503M) 20.737ms
[2020-09-11T15:22:37.307+0000][1][gc,cpu       ] GC(151) User=0.01s Sys=0.00s Real=0.02s
[2020-09-11T15:22:37.311+0000][1][safepoint    ] Safepoint "GenCollectForAllocation", Time since last: 185914413 ns, Reaching safepoint: 158824 ns, At safepoint: 25596576 ns, Total: 25755400 ns
[2020-09-11T15:22:37.473+0000][1][safepoint    ] Safepoint "RevokeBias", Time since last: 161608407 ns, Reaching safepoint: 147591 ns, At safepoint: 21428 ns, Total: 169019 ns
[2020-09-11T15:22:37.474+0000][1][safepoint    ] Safepoint "RevokeBias", Time since last: 240668 ns, Reaching safepoint: 99021 ns, At safepoint: 12773 ns, Total: 111794 ns
[2020-09-11T15:22:37.474+0000][1][safepoint    ] Safepoint "RevokeBias", Time since last: 90362 ns, Reaching safepoint: 104374 ns, At safepoint: 12593 ns, Total: 116967 ns
[2020-09-11T15:22:37.474+0000][1][safepoint    ] Safepoint "RevokeBias", Time since last: 45146 ns, Reaching safepoint: 98687 ns, At safepoint: 11788 ns, Total: 110475 ns
[2020-09-11T15:22:37.500+0000][1][safepoint    ] Safepoint "RevokeBias", Time since last: 25887319 ns, Reaching safepoint: 140665 ns, At safepoint: 21684 ns, Total: 162349 ns
[2020-09-11T15:22:37.667+0000][1][safepoint    ] Safepoint "RevokeBias", Time since last: 166426017 ns, Reaching safepoint: 170453 ns, At safepoint: 19888 ns, Total: 190341 ns
[2020-09-11T15:22:37.720+0000][1][gc,start     ] GC(152) Pause Young (Allocation Failure)
[2020-09-11T15:22:37.720+0000][1][gc,task      ] GC(152) Using 1 workers of 1 for evacuation
[2020-09-11T15:22:37.728+0000][1][gc,age       ] GC(152) Desired survivor size 4358144 bytes, new threshold 6 (max threshold 6)
[2020-09-11T15:22:37.728+0000][1][gc,age       ] GC(152) Age table with threshold 6 (max threshold 6)
[2020-09-11T15:22:37.728+0000][1][gc,age       ] GC(152) - age   1:    3706744 bytes,    3706744 total
[2020-09-11T15:22:37.728+0000][1][gc,heap      ] GC(152) ParNew: 74116K->4482K(76672K)
[2020-09-11T15:22:37.728+0000][1][gc,heap      ] GC(152) CMS: 78785K->79566K(439104K)
[2020-09-11T15:22:37.728+0000][1][gc,metaspace ] GC(152) Metaspace: 95006K->95006K(1136640K)
[2020-09-11T15:22:37.728+0000][1][gc           ] GC(152) Pause Young (Allocation Failure) 149M->82M(503M) 7.907ms
[2020-09-11T15:22:37.728+0000][1][gc,cpu       ] GC(152) User=0.01s Sys=0.00s Real=0.01s
[2020-09-11T15:22:37.733+0000][1][safepoint    ] Safepoint "GenCollectForAllocation", Time since last: 53222663 ns, Reaching safepoint: 193451 ns, At safepoint: 13403272 ns, Total: 13596723 ns
[2020-09-11T15:22:37.888+0000][1][safepoint    ] Safepoint "RevokeBias", Time since last: 154229126 ns, Reaching safepoint: 92031 ns, At safepoint: 22015 ns, Total: 114046 ns
[2020-09-11T15:22:38.552+0000][1][safepoint    ] Safepoint "RevokeBias", Time since last: 664321133 ns, Reaching safepoint: 154433 ns, At safepoint: 23223 ns, Total: 177656 ns
[2020-09-11T15:22:38.553+0000][1][safepoint    ] Safepoint "RevokeBias", Time since last: 743292 ns, Reaching safepoint: 100093 ns, At safepoint: 13770 ns, Total: 113863 ns
[2020-09-11T15:22:38.553+0000][1][safepoint    ] Safepoint "RevokeBias", Time since last: 85803 ns, Reaching safepoint: 142130 ns, At safepoint: 13913 ns, Total: 156043 ns
[2020-09-11T15:22:38.554+0000][1][safepoint    ] Safepoint "RevokeBias", Time since last: 61505 ns, Reaching safepoint: 144645 ns, At safepoint: 12631 ns, Total: 157276 ns
[2020-09-11T15:22:38.580+0000][1][safepoint    ] Safepoint "RevokeBias", Time since last: 26132741 ns, Reaching safepoint: 153371 ns, At safepoint: 22859 ns, Total: 176230 ns
[2020-09-11T15:22:39.580+0000][1][safepoint    ] Safepoint "Cleanup", Time since last: 1000168822 ns, Reaching safepoint: 161570 ns, At safepoint: 18072 ns, Total: 179642 ns
[2020-09-11T15:22:43.314+0000][1][safepoint    ] Safepoint "RevokeBias", Time since last: 3734007778 ns, Reaching safepoint: 165134 ns, At safepoint: 20099 ns, Total: 185233 ns
[2020-09-11T15:22:45.315+0000][1][safepoint    ] Safepoint "Cleanup", Time since last: 2000354636 ns, Reaching safepoint: 158514 ns, At safepoint: 18141 ns, Total: 176655 ns
[2020-09-11T15:22:46.970+0000][1][safepoint    ] Safepoint "RevokeBias", Time since last: 1654991569 ns, Reaching safepoint: 195425 ns, At safepoint: 23377 ns, Total: 218802 ns
[2020-09-11T15:22:46.976+0000][1][safepoint    ] Safepoint "RevokeBias", Time since last: 6056164 ns, Reaching safepoint: 200108 ns, At safepoint: 21990 ns, Total: 222098 ns
[2020-09-11T15:22:46.977+0000][1][safepoint    ] Safepoint "RevokeBias", Time since last: 91676 ns, Reaching safepoint: 155566 ns, At safepoint: 13764 ns, Total: 169330 ns
[2020-09-11T15:22:46.981+0000][1][gc,start     ] GC(153) Pause Young (Allocation Failure)
[2020-09-11T15:22:46.981+0000][1][gc,task      ] GC(153) Using 1 workers of 1 for evacuation
[2020-09-11T15:22:46.989+0000][1][gc,age       ] GC(153) Desired survivor size 4358144 bytes, new threshold 1 (max threshold 6)
[2020-09-11T15:22:46.989+0000][1][gc,age       ] GC(153) Age table with threshold 1 (max threshold 6)
[2020-09-11T15:22:46.989+0000][1][gc,age       ] GC(153) - age   1:    5451760 bytes,    5451760 total
[2020-09-11T15:22:46.989+0000][1][gc,age       ] GC(153) - age   2:     279624 bytes,    5731384 total
[2020-09-11T15:22:46.989+0000][1][gc,heap      ] GC(153) ParNew: 72608K->7670K(76672K)
[2020-09-11T15:22:46.989+0000][1][gc,heap      ] GC(153) CMS: 79566K->79566K(439104K)
[2020-09-11T15:22:46.989+0000][1][gc,metaspace ] GC(153) Metaspace: 95036K->95036K(1136640K)
[2020-09-11T15:22:46.989+0000][1][gc           ] GC(153) Pause Young (Allocation Failure) 148M->85M(503M) 8.311ms
[2020-09-11T15:22:46.989+0000][1][gc,cpu       ] GC(153) User=0.00s Sys=0.00s Real=0.01s
[2020-09-11T15:22:46.989+0000][1][safepoint    ] Safepoint "GenCollectForAllocation", Time since last: 4045003 ns, Reaching safepoint: 200570 ns, At safepoint: 8410296 ns, Total: 8610866 ns
[2020-09-11T15:22:47.009+0000][1][safepoint    ] Safepoint "RevokeBias", Time since last: 19167861 ns, Reaching safepoint: 89940 ns, At safepoint: 33022 ns, Total: 122962 ns
[2020-09-11T15:22:47.061+0000][1][safepoint    ] Safepoint "RevokeBias", Time since last: 52670649 ns, Reaching safepoint: 99020 ns, At safepoint: 22652 ns, Total: 121672 ns
[2020-09-11T15:22:47.496+0000][1][safepoint    ] Safepoint "RevokeBias", Time since last: 434290390 ns, Reaching safepoint: 97560 ns, At safepoint: 20805 ns, Total: 118365 ns
[2020-09-11T15:22:47.673+0000][1][safepoint    ] Safepoint "RevokeBias", Time since last: 176546690 ns, Reaching safepoint: 156299 ns, At safepoint: 21816 ns, Total: 178115 ns
[2020-09-11T15:22:47.676+0000][1][safepoint    ] Safepoint "RevokeBias", Time since last: 3413790 ns, Reaching safepoint: 141404 ns, At safepoint: 21664 ns, Total: 163068 ns
[2020-09-11T15:22:47.676+0000][1][safepoint    ] Safepoint "RevokeBias", Time since last: 140715 ns, Reaching safepoint: 110733 ns, At safepoint: 12789 ns, Total: 123522 ns
[2020-09-11T15:22:47.677+0000][1][safepoint    ] Safepoint "RevokeBias", Time since last: 48437 ns, Reaching safepoint: 97953 ns, At safepoint: 10845 ns, Total: 108798 ns
[2020-09-11T15:22:47.713+0000][1][safepoint    ] Safepoint "BulkRevokeBias", Time since last: 36416743 ns, Reaching safepoint: 153014 ns, At safepoint: 197470 ns, Total: 350484 ns
[2020-09-11T15:22:48.714+0000][1][safepoint    ] Safepoint "Cleanup", Time since last: 1000225172 ns, Reaching safepoint: 166893 ns, At safepoint: 19969 ns, Total: 186862 ns
[2020-09-11T15:22:53.783+0000][1][gc,start     ] GC(154) Pause Young (Allocation Failure)
[2020-09-11T15:22:53.783+0000][1][gc,task      ] GC(154) Using 1 workers of 1 for evacuation
[2020-09-11T15:22:53.796+0000][1][gc,age       ] GC(154) Desired survivor size 4358144 bytes, new threshold 6 (max threshold 6)
[2020-09-11T15:22:53.796+0000][1][gc,age       ] GC(154) Age table with threshold 6 (max threshold 6)
[2020-09-11T15:22:53.796+0000][1][gc,age       ] GC(154) - age   1:     483152 bytes,     483152 total
[2020-09-11T15:22:53.796+0000][1][gc,heap      ] GC(154) ParNew: 75771K->5156K(76672K)
[2020-09-11T15:22:53.796+0000][1][gc,heap      ] GC(154) CMS: 79566K->80357K(439104K)
[2020-09-11T15:22:53.796+0000][1][gc,metaspace ] GC(154) Metaspace: 95144K->95144K(1136640K)
[2020-09-11T15:22:53.796+0000][1][gc           ] GC(154) Pause Young (Allocation Failure) 151M->83M(503M) 13.011ms
[2020-09-11T15:22:53.796+0000][1][gc,cpu       ] GC(154) User=0.00s Sys=0.00s Real=0.02s
[2020-09-11T15:22:53.796+0000][1][safepoint    ] Safepoint "GenCollectForAllocation", Time since last: 5069442942 ns, Reaching safepoint: 76918 ns, At safepoint: 13076308 ns, Total: 13153226 ns
[2020-09-11T15:22:53.842+0000][1][safepoint    ] Safepoint "RevokeBias", Time since last: 45928268 ns, Reaching safepoint: 79033 ns, At safepoint: 28204 ns, Total: 107237 ns
[2020-09-11T15:22:53.877+0000][1][safepoint    ] Safepoint "RevokeBias", Time since last: 34517142 ns, Reaching safepoint: 191875 ns, At safepoint: 25217 ns, Total: 217092 ns
[2020-09-11T15:22:54.877+0000][1][safepoint    ] Safepoint "Cleanup", Time since last: 1000219859 ns, Reaching safepoint: 91534 ns, At safepoint: 6602 ns, Total: 98136 ns
[2020-09-11T15:22:56.998+0000][1][safepoint    ] Safepoint "RevokeBias", Time since last: 2120269871 ns, Reaching safepoint: 201846 ns, At safepoint: 23933 ns, Total: 225779 ns
[2020-09-11T15:22:57.431+0000][1][safepoint    ] Safepoint "RevokeBias", Time since last: 433007290 ns, Reaching safepoint: 97811 ns, At safepoint: 21051 ns, Total: 118862 ns
[2020-09-11T15:22:57.796+0000][1][gc,start     ] GC(155) Pause Young (Allocation Failure)
[2020-09-11T15:22:57.796+0000][1][gc,task      ] GC(155) Using 1 workers of 1 for evacuation
[2020-09-11T15:22:57.802+0000][1][gc,age       ] GC(155) Desired survivor size 4358144 bytes, new threshold 1 (max threshold 6)
[2020-09-11T15:22:57.802+0000][1][gc,age       ] GC(155) Age table with threshold 1 (max threshold 6)
[2020-09-11T15:22:57.802+0000][1][gc,age       ] GC(155) - age   1:    6008400 bytes,    6008400 total
[2020-09-11T15:22:57.802+0000][1][gc,age       ] GC(155) - age   2:     456864 bytes,    6465264 total
[2020-09-11T15:22:57.802+0000][1][gc,heap      ] GC(155) ParNew: 73278K->6888K(76672K)
[2020-09-11T15:22:57.802+0000][1][gc,heap      ] GC(155) CMS: 80357K->80357K(439104K)
[2020-09-11T15:22:57.802+0000][1][gc,metaspace ] GC(155) Metaspace: 95188K->95188K(1136640K)
[2020-09-11T15:22:57.802+0000][1][gc           ] GC(155) Pause Young (Allocation Failure) 150M->85M(503M) 6.763ms
[2020-09-11T15:22:57.802+0000][1][gc,cpu       ] GC(155) User=0.01s Sys=0.00s Real=0.00s
[2020-09-11T15:22:57.802+0000][1][safepoint    ] Safepoint "GenCollectForAllocation", Time since last: 364327128 ns, Reaching safepoint: 237214 ns, At safepoint: 6810297 ns, Total: 7047511 ns
[2020-09-11T15:22:57.812+0000][1][safepoint    ] Safepoint "RevokeBias", Time since last: 9733838 ns, Reaching safepoint: 71999 ns, At safepoint: 32976 ns, Total: 104975 ns
[2020-09-11T15:22:57.813+0000][1][safepoint    ] Safepoint "RevokeBias", Time since last: 732579 ns, Reaching safepoint: 27582 ns, At safepoint: 19925 ns, Total: 47507 ns
[2020-09-11T15:22:57.813+0000][1][safepoint    ] Safepoint "RevokeBias", Time since last: 107720 ns, Reaching safepoint: 33451 ns, At safepoint: 18763 ns, Total: 52214 ns
[2020-09-11T15:22:57.813+0000][1][safepoint    ] Safepoint "RevokeBias", Time since last: 39262 ns, Reaching safepoint: 27221 ns, At safepoint: 17883 ns, Total: 45104 ns
[2020-09-11T15:22:57.844+0000][1][safepoint    ] Safepoint "RevokeBias", Time since last: 30737219 ns, Reaching safepoint: 135913 ns, At safepoint: 21163 ns, Total: 157076 ns
[2020-09-11T15:22:57.895+0000][1][safepoint    ] Safepoint "RevokeBias", Time since last: 50468607 ns, Reaching safepoint: 163492 ns, At safepoint: 19633 ns, Total: 183125 ns
[2020-09-11T15:22:57.895+0000][1][safepoint    ] Safepoint "RevokeBias", Time since last: 214737 ns, Reaching safepoint: 101112 ns, At safepoint: 12031 ns, Total: 113143 ns
[2020-09-11T15:22:58.092+0000][1][gc,start     ] GC(156) Pause Young (Allocation Failure)
[2020-09-11T15:22:58.092+0000][1][gc,task      ] GC(156) Using 1 workers of 1 for evacuation
[2020-09-11T15:22:58.099+0000][1][gc,age       ] GC(156) Desired survivor size 4358144 bytes, new threshold 6 (max threshold 6)
[2020-09-11T15:22:58.100+0000][1][gc,age       ] GC(156) Age table with threshold 6 (max threshold 6)
[2020-09-11T15:22:58.100+0000][1][gc,age       ] GC(156) - age   1:    1024664 bytes,    1024664 total
[2020-09-11T15:22:58.100+0000][1][gc,heap      ] GC(156) ParNew: 75047K->5079K(76672K)
[2020-09-11T15:22:58.100+0000][1][gc,heap      ] GC(156) CMS: 80357K->80949K(439104K)
[2020-09-11T15:22:58.100+0000][1][gc,metaspace ] GC(156) Metaspace: 95222K->95222K(1136640K)
[2020-09-11T15:22:58.100+0000][1][gc           ] GC(156) Pause Young (Allocation Failure) 151M->84M(503M) 7.175ms
[2020-09-11T15:22:58.100+0000][1][gc,cpu       ] GC(156) User=0.00s Sys=0.00s Real=0.01s
[2020-09-11T15:22:58.101+0000][1][safepoint    ] Safepoint "GenCollectForAllocation", Time since last: 197018251 ns, Reaching safepoint: 240155 ns, At safepoint: 8343857 ns, Total: 8584012 ns
[2020-09-11T15:22:58.122+0000][1][safepoint    ] Safepoint "RevokeBias", Time since last: 21104939 ns, Reaching safepoint: 171563 ns, At safepoint: 21677 ns, Total: 193240 ns
[2020-09-11T15:22:58.122+0000][1][safepoint    ] Safepoint "RevokeBias", Time since last: 111351 ns, Reaching safepoint: 172142 ns, At safepoint: 14922 ns, Total: 187064 ns
[2020-09-11T15:22:58.123+0000][1][safepoint    ] Safepoint "RevokeBias", Time since last: 71807 ns, Reaching safepoint: 164235 ns, At safepoint: 12959 ns, Total: 177194 ns
[2020-09-11T15:22:58.896+0000][1][safepoint    ] Safepoint "RevokeBias", Time since last: 772663538 ns, Reaching safepoint: 285328 ns, At safepoint: 23971 ns, Total: 309299 ns
[2020-09-11T15:22:58.901+0000][1][safepoint    ] Safepoint "RevokeBias", Time since last: 4618890 ns, Reaching safepoint: 257766 ns, At safepoint: 52447 ns, Total: 310213 ns
[2020-09-11T15:22:58.904+0000][1][safepoint    ] Safepoint "BulkRevokeBias", Time since last: 2980403 ns, Reaching safepoint: 108736 ns, At safepoint: 187864 ns, Total: 296600 ns
[2020-09-11T15:22:59.904+0000][1][safepoint    ] Safepoint "Cleanup", Time since last: 1000148624 ns, Reaching safepoint: 184510 ns, At safepoint: 20346 ns, Total: 204856 ns
[2020-09-11T15:23:04.618+0000][1][safepoint    ] Safepoint "RevokeBias", Time since last: 4712625404 ns, Reaching safepoint: 1270134 ns, At safepoint: 13348 ns, Total: 1283482 ns
[2020-09-11T15:23:04.619+0000][1][safepoint    ] Safepoint "RevokeBias", Time since last: 794984 ns, Reaching safepoint: 121769 ns, At safepoint: 16139 ns, Total: 137908 ns
[2020-09-11T15:23:04.621+0000][1][safepoint    ] Safepoint "RevokeBias", Time since last: 455006 ns, Reaching safepoint: 1839528 ns, At safepoint: 12760 ns, Total: 1852288 ns
[2020-09-11T15:23:04.655+0000][1][safepoint    ] Safepoint "RevokeBias", Time since last: 33596378 ns, Reaching safepoint: 602434 ns, At safepoint: 11568 ns, Total: 614002 ns
[2020-09-11T15:23:05.656+0000][1][safepoint    ] Safepoint "Cleanup", Time since last: 1000188305 ns, Reaching safepoint: 176381 ns, At safepoint: 18426 ns, Total: 194807 ns
[2020-09-11T15:23:06.958+0000][1][safepoint    ] Safepoint "RevokeBias", Time since last: 1301453380 ns, Reaching safepoint: 168834 ns, At safepoint: 22247 ns, Total: 191081 ns
[2020-09-11T15:23:07.009+0000][1][safepoint    ] Safepoint "RevokeBias", Time since last: 51038194 ns, Reaching safepoint: 90241 ns, At safepoint: 22296 ns, Total: 112537 ns
[2020-09-11T15:23:07.073+0000][1][safepoint    ] Safepoint "RevokeBias", Time since last: 63717210 ns, Reaching safepoint: 157985 ns, At safepoint: 22862 ns, Total: 180847 ns
[2020-09-11T15:23:07.598+0000][1][safepoint    ] Safepoint "RevokeBias", Time since last: 524955626 ns, Reaching safepoint: 97432 ns, At safepoint: 21375 ns, Total: 118807 ns
[2020-09-11T15:23:07.919+0000][1][gc,start     ] GC(157) Pause Young (Allocation Failure)
[2020-09-11T15:23:07.919+0000][1][gc,task      ] GC(157) Using 1 workers of 1 for evacuation
[2020-09-11T15:23:07.926+0000][1][gc,age       ] GC(157) Desired survivor size 4358144 bytes, new threshold 1 (max threshold 6)
[2020-09-11T15:23:07.926+0000][1][gc,age       ] GC(157) Age table with threshold 1 (max threshold 6)
[2020-09-11T15:23:07.926+0000][1][gc,age       ] GC(157) - age   1:    8022120 bytes,    8022120 total
[2020-09-11T15:23:07.926+0000][1][gc,age       ] GC(157) - age   2:      15704 bytes,    8037824 total
[2020-09-11T15:23:07.926+0000][1][gc,heap      ] GC(157) ParNew: 72740K->8512K(76672K)
[2020-09-11T15:23:07.926+0000][1][gc,heap      ] GC(157) CMS: 80949K->80949K(439104K)
[2020-09-11T15:23:07.926+0000][1][gc,metaspace ] GC(157) Metaspace: 95267K->95267K(1136640K)
[2020-09-11T15:23:07.926+0000][1][gc           ] GC(157) Pause Young (Allocation Failure) 150M->87M(503M) 7.262ms
[2020-09-11T15:23:07.926+0000][1][gc,cpu       ] GC(157) User=0.01s Sys=0.00s Real=0.01s
[2020-09-11T15:23:07.931+0000][1][safepoint    ] Safepoint "GenCollectForAllocation", Time since last: 321179451 ns, Reaching safepoint: 169908 ns, At safepoint: 12421049 ns, Total: 12590957 ns
[2020-09-11T15:23:07.940+0000][1][safepoint    ] Safepoint "RevokeBias", Time since last: 8015184 ns, Reaching safepoint: 145216 ns, At safepoint: 21515 ns, Total: 166731 ns
[2020-09-11T15:23:07.940+0000][1][safepoint    ] Safepoint "RevokeBias", Time since last: 771215 ns, Reaching safepoint: 103550 ns, At safepoint: 12780 ns, Total: 116330 ns
[2020-09-11T15:23:07.941+0000][1][safepoint    ] Safepoint "RevokeBias", Time since last: 102750 ns, Reaching safepoint: 104045 ns, At safepoint: 13151 ns, Total: 117196 ns
[2020-09-11T15:23:07.941+0000][1][safepoint    ] Safepoint "BulkRevokeBias", Time since last: 46891 ns, Reaching safepoint: 98152 ns, At safepoint: 194515 ns, Total: 292667 ns
[2020-09-11T15:23:07.948+0000][1][safepoint    ] Safepoint "RevokeBias", Time since last: 7072180 ns, Reaching safepoint: 135709 ns, At safepoint: 21420 ns, Total: 157129 ns
[2020-09-11T15:23:08.949+0000][1][safepoint    ] Safepoint "Cleanup", Time since last: 1000161668 ns, Reaching safepoint: 197880 ns, At safepoint: 18693 ns, Total: 216573 ns
[2020-09-11T15:23:15.038+0000][1][safepoint    ] Safepoint "RevokeBias", Time since last: 6088919407 ns, Reaching safepoint: 155451 ns, At safepoint: 22130 ns, Total: 177581 ns
[2020-09-11T15:23:16.038+0000][1][safepoint    ] Safepoint "Cleanup", Time since last: 1000196053 ns, Reaching safepoint: 105480 ns, At safepoint: 6873 ns, Total: 112353 ns
[2020-09-11T15:23:16.984+0000][1][safepoint    ] Safepoint "RevokeBias", Time since last: 941567837 ns, Reaching safepoint: 3945832 ns, At safepoint: 31357 ns, Total: 3977189 ns
[2020-09-11T15:23:17.000+0000][1][gc,start     ] GC(158) Pause Young (Allocation Failure)
[2020-09-11T15:23:17.000+0000][1][gc,task      ] GC(158) Using 1 workers of 1 for evacuation
[2020-09-11T15:23:17.007+0000][1][gc,age       ] GC(158) Desired survivor size 4358144 bytes, new threshold 6 (max threshold 6)
[2020-09-11T15:23:17.007+0000][1][gc,age       ] GC(158) Age table with threshold 6 (max threshold 6)
[2020-09-11T15:23:17.007+0000][1][gc,age       ] GC(158) - age   1:    3712320 bytes,    3712320 total
[2020-09-11T15:23:17.007+0000][1][gc,heap      ] GC(158) ParNew: 76672K->6251K(76672K)
[2020-09-11T15:23:17.007+0000][1][gc,heap      ] GC(158) CMS: 80949K->81422K(439104K)
[2020-09-11T15:23:17.007+0000][1][gc,metaspace ] GC(158) Metaspace: 95279K->95279K(1136640K)
[2020-09-11T15:23:17.007+0000][1][gc           ] GC(158) Pause Young (Allocation Failure) 153M->85M(503M) 7.468ms
[2020-09-11T15:23:17.007+0000][1][gc,cpu       ] GC(158) User=0.01s Sys=0.00s Real=0.01s
[2020-09-11T15:23:17.013+0000][1][safepoint    ] Safepoint "GenCollectForAllocation", Time since last: 15837325 ns, Reaching safepoint: 198452 ns, At safepoint: 12948420 ns, Total: 13146872 ns
[2020-09-11T15:23:17.017+0000][1][safepoint    ] Safepoint "RevokeBias", Time since last: 4278197 ns, Reaching safepoint: 161284 ns, At safepoint: 465459 ns, Total: 626743 ns
[2020-09-11T15:23:17.021+0000][1][safepoint    ] Safepoint "BulkRevokeBias", Time since last: 172477 ns, Reaching safepoint: 60587 ns, At safepoint: 2915228 ns, Total: 2975815 ns
[2020-09-11T15:23:17.021+0000][1][safepoint    ] Safepoint "RevokeBias", Time since last: 727972 ns, Reaching safepoint: 74085 ns, At safepoint: 29781 ns, Total: 103866 ns
[2020-09-11T15:23:17.022+0000][1][safepoint    ] Safepoint "RevokeBias", Time since last: 45002 ns, Reaching safepoint: 29509 ns, At safepoint: 19700 ns, Total: 49209 ns
[2020-09-11T15:23:17.025+0000][1][safepoint    ] Safepoint "RevokeBias", Time since last: 2815129 ns, Reaching safepoint: 988432 ns, At safepoint: 35615 ns, Total: 1024047 ns
[2020-09-11T15:23:17.033+0000][1][safepoint    ] Safepoint "RevokeBias", Time since last: 7262819 ns, Reaching safepoint: 142696 ns, At safepoint: 21469 ns, Total: 164165 ns
[2020-09-11T15:23:17.100+0000][1][safepoint    ] Safepoint "RevokeBias", Time since last: 66789023 ns, Reaching safepoint: 88569 ns, At safepoint: 22977 ns, Total: 111546 ns
[2020-09-11T15:23:17.200+0000][1][safepoint    ] Safepoint "RevokeBias", Time since last: 95710252 ns, Reaching safepoint: 4059762 ns, At safepoint: 28105 ns, Total: 4087867 ns
[2020-09-11T15:23:18.056+0000][1][gc,start     ] GC(159) Pause Young (Allocation Failure)
[2020-09-11T15:23:18.056+0000][1][gc,task      ] GC(159) Using 1 workers of 1 for evacuation
[2020-09-11T15:23:18.085+0000][1][gc,age       ] GC(159) Desired survivor size 4358144 bytes, new threshold 1 (max threshold 6)
[2020-09-11T15:23:18.085+0000][1][gc,age       ] GC(159) Age table with threshold 1 (max threshold 6)
[2020-09-11T15:23:18.085+0000][1][gc,age       ] GC(159) - age   1:    4979576 bytes,    4979576 total
[2020-09-11T15:23:18.085+0000][1][gc,age       ] GC(159) - age   2:     446560 bytes,    5426136 total
[2020-09-11T15:23:18.085+0000][1][gc,heap      ] GC(159) ParNew: 74309K->5844K(76672K)
[2020-09-11T15:23:18.085+0000][1][gc,heap      ] GC(159) CMS: 81422K->81422K(439104K)
[2020-09-11T15:23:18.085+0000][1][gc,metaspace ] GC(159) Metaspace: 95422K->95422K(1136640K)
[2020-09-11T15:23:18.085+0000][1][gc           ] GC(159) Pause Young (Allocation Failure) 152M->85M(503M) 29.822ms
[2020-09-11T15:23:18.085+0000][1][gc,cpu       ] GC(159) User=0.01s Sys=0.00s Real=0.03s
[2020-09-11T15:23:18.099+0000][1][safepoint    ] Safepoint "GenCollectForAllocation", Time since last: 855904826 ns, Reaching safepoint: 159141 ns, At safepoint: 43839092 ns, Total: 43998233 ns
[2020-09-11T15:23:18.120+0000][1][safepoint    ] Safepoint "RevokeBias", Time since last: 19983653 ns, Reaching safepoint: 322645 ns, At safepoint: 26067 ns, Total: 348712 ns
[2020-09-11T15:23:18.121+0000][1][safepoint    ] Safepoint "RevokeBias", Time since last: 781677 ns, Reaching safepoint: 102560 ns, At safepoint: 14515 ns, Total: 117075 ns
[2020-09-11T15:23:18.121+0000][1][safepoint    ] Safepoint "RevokeBias", Time since last: 116429 ns, Reaching safepoint: 104855 ns, At safepoint: 11833 ns, Total: 116688 ns
[2020-09-11T15:23:18.121+0000][1][safepoint    ] Safepoint "RevokeBias", Time since last: 46764 ns, Reaching safepoint: 98070 ns, At safepoint: 11242 ns, Total: 109312 ns
[2020-09-11T15:23:18.156+0000][1][safepoint    ] Safepoint "RevokeBias", Time since last: 34615347 ns, Reaching safepoint: 162156 ns, At safepoint: 23252 ns, Total: 185408 ns
[2020-09-11T15:23:18.160+0000][1][safepoint    ] Safepoint "RevokeBias", Time since last: 4104900 ns, Reaching safepoint: 137177 ns, At safepoint: 20994 ns, Total: 158171 ns
[2020-09-11T15:23:19.160+0000][1][safepoint    ] Safepoint "Cleanup", Time since last: 1000163377 ns, Reaching safepoint: 97112 ns, At safepoint: 6660 ns, Total: 103772 ns
[2020-09-11T15:23:25.419+0000][1][safepoint    ] Safepoint "RevokeBias", Time since last: 6257942853 ns, Reaching safepoint: 158422 ns, At safepoint: 21275 ns, Total: 179697 ns
[2020-09-11T15:23:26.419+0000][1][safepoint    ] Safepoint "Cleanup", Time since last: 1000123266 ns, Reaching safepoint: 95949 ns, At safepoint: 8341 ns, Total: 104290 ns
[2020-09-11T15:23:26.967+0000][1][safepoint    ] Safepoint "RevokeBias", Time since last: 547652874 ns, Reaching safepoint: 184263 ns, At safepoint: 24425 ns, Total: 208688 ns
[2020-09-11T15:23:26.972+0000][1][safepoint    ] Safepoint "RevokeBias", Time since last: 2485463 ns, Reaching safepoint: 2423074 ns, At safepoint: 31609 ns, Total: 2454683 ns
[2020-09-11T15:23:27.016+0000][1][safepoint    ] Safepoint "RevokeBias", Time since last: 44095855 ns, Reaching safepoint: 88799 ns, At safepoint: 22349 ns, Total: 111148 ns
[2020-09-11T15:23:27.106+0000][1][safepoint    ] Safepoint "RevokeBias", Time since last: 89692554 ns, Reaching safepoint: 83177 ns, At safepoint: 21206 ns, Total: 104383 ns
[2020-09-11T15:23:27.209+0000][1][gc,start     ] GC(160) Pause Young (Allocation Failure)
[2020-09-11T15:23:27.209+0000][1][gc,task      ] GC(160) Using 1 workers of 1 for evacuation
[2020-09-11T15:23:27.222+0000][1][gc,age       ] GC(160) Desired survivor size 4358144 bytes, new threshold 6 (max threshold 6)
[2020-09-11T15:23:27.222+0000][1][gc,age       ] GC(160) Age table with threshold 6 (max threshold 6)
[2020-09-11T15:23:27.222+0000][1][gc,age       ] GC(160) - age   1:    3668008 bytes,    3668008 total
[2020-09-11T15:23:27.222+0000][1][gc,heap      ] GC(160) ParNew: 73980K->4704K(76672K)
[2020-09-11T15:23:27.222+0000][1][gc,heap      ] GC(160) CMS: 81422K->82379K(439104K)
[2020-09-11T15:23:27.222+0000][1][gc,metaspace ] GC(160) Metaspace: 95447K->95447K(1136640K)
[2020-09-11T15:23:27.222+0000][1][gc           ] GC(160) Pause Young (Allocation Failure) 151M->85M(503M) 13.311ms
[2020-09-11T15:23:27.222+0000][1][gc,cpu       ] GC(160) User=0.01s Sys=0.00s Real=0.01s
[2020-09-11T15:23:27.222+0000][1][safepoint    ] Safepoint "GenCollectForAllocation", Time since last: 102782685 ns, Reaching safepoint: 167178 ns, At safepoint: 13414329 ns, Total: 13581507 ns
[2020-09-11T15:23:27.229+0000][1][safepoint    ] Safepoint "RevokeBias", Time since last: 6962445 ns, Reaching safepoint: 63420 ns, At safepoint: 29262 ns, Total: 92682 ns
[2020-09-11T15:23:27.229+0000][1][safepoint    ] Safepoint "RevokeBias", Time since last: 198020 ns, Reaching safepoint: 26852 ns, At safepoint: 19297 ns, Total: 46149 ns
[2020-09-11T15:23:27.229+0000][1][safepoint    ] Safepoint "RevokeBias", Time since last: 73661 ns, Reaching safepoint: 31720 ns, At safepoint: 18055 ns, Total: 49775 ns
[2020-09-11T15:23:27.229+0000][1][safepoint    ] Safepoint "RevokeBias", Time since last: 34819 ns, Reaching safepoint: 27165 ns, At safepoint: 17193 ns, Total: 44358 ns
[2020-09-11T15:23:27.263+0000][1][safepoint    ] Safepoint "RevokeBias", Time since last: 32446589 ns, Reaching safepoint: 686775 ns, At safepoint: 23856 ns, Total: 710631 ns
[2020-09-11T15:23:27.447+0000][1][safepoint    ] Safepoint "RevokeBias", Time since last: 182208120 ns, Reaching safepoint: 2178733 ns, At safepoint: 21762 ns, Total: 2200495 ns
[2020-09-11T15:23:27.589+0000][1][safepoint    ] Safepoint "RevokeBias", Time since last: 142159227 ns, Reaching safepoint: 95716 ns, At safepoint: 22146 ns, Total: 117862 ns
[2020-09-11T15:23:28.308+0000][1][gc,start     ] GC(161) Pause Young (Allocation Failure)
[2020-09-11T15:23:28.308+0000][1][gc,task      ] GC(161) Using 1 workers of 1 for evacuation
[2020-09-11T15:23:28.315+0000][1][gc,age       ] GC(161) Desired survivor size 4358144 bytes, new threshold 1 (max threshold 6)
[2020-09-11T15:23:28.315+0000][1][gc,age       ] GC(161) Age table with threshold 1 (max threshold 6)
[2020-09-11T15:23:28.315+0000][1][gc,age       ] GC(161) - age   1:    5034512 bytes,    5034512 total
[2020-09-11T15:23:28.315+0000][1][gc,age       ] GC(161) - age   2:     461168 bytes,    5495680 total
[2020-09-11T15:23:28.315+0000][1][gc,heap      ] GC(161) ParNew: 72613K->7725K(76672K)
[2020-09-11T15:23:28.315+0000][1][gc,heap      ] GC(161) CMS: 82379K->82379K(439104K)
[2020-09-11T15:23:28.315+0000][1][gc,metaspace ] GC(161) Metaspace: 95467K->95467K(1136640K)
[2020-09-11T15:23:28.315+0000][1][gc           ] GC(161) Pause Young (Allocation Failure) 151M->87M(503M) 6.828ms
[2020-09-11T15:23:28.315+0000][1][gc,cpu       ] GC(161) User=0.01s Sys=0.00s Real=0.00s
[2020-09-11T15:23:28.316+0000][1][safepoint    ] Safepoint "GenCollectForAllocation", Time since last: 718660544 ns, Reaching safepoint: 163553 ns, At safepoint: 8216813 ns, Total: 8380366 ns
[2020-09-11T15:23:28.327+0000][1][safepoint    ] Safepoint "RevokeBias", Time since last: 10317092 ns, Reaching safepoint: 162546 ns, At safepoint: 31654 ns, Total: 194200 ns
[2020-09-11T15:23:28.332+0000][1][safepoint    ] Safepoint "RevokeBias", Time since last: 4690589 ns, Reaching safepoint: 124037 ns, At safepoint: 16703 ns, Total: 140740 ns
[2020-09-11T15:23:28.332+0000][1][safepoint    ] Safepoint "RevokeBias", Time since last: 151513 ns, Reaching safepoint: 33680 ns, At safepoint: 11086 ns, Total: 44766 ns
[2020-09-11T15:23:28.332+0000][1][safepoint    ] Safepoint "RevokeBias", Time since last: 44483 ns, Reaching safepoint: 27173 ns, At safepoint: 9841 ns, Total: 37014 ns
[2020-09-11T15:23:28.337+0000][1][safepoint    ] Safepoint "RevokeBias", Time since last: 4697360 ns, Reaching safepoint: 133321 ns, At safepoint: 20607 ns, Total: 153928 ns
[2020-09-11T15:23:29.337+0000][1][safepoint    ] Safepoint "Cleanup", Time since last: 1000182364 ns, Reaching safepoint: 149286 ns, At safepoint: 17534 ns, Total: 166820 ns
[2020-09-11T15:23:30.340+0000][1][safepoint    ] Safepoint "Cleanup", Time since last: 1002334625 ns, Reaching safepoint: 161337 ns, At safepoint: 16808 ns, Total: 178145 ns
[2020-09-11T15:23:36.341+0000][1][safepoint    ] Safepoint "Cleanup", Time since last: 6000807390 ns, Reaching safepoint: 82016 ns, At safepoint: 5714 ns, Total: 87730 ns
[2020-09-11T15:23:36.958+0000][1][safepoint    ] Safepoint "RevokeBias", Time since last: 617365190 ns, Reaching safepoint: 84463 ns, At safepoint: 21061 ns, Total: 105524 ns
[2020-09-11T15:23:36.968+0000][1][safepoint    ] Safepoint "RevokeBias", Time since last: 9326829 ns, Reaching safepoint: 203567 ns, At safepoint: 21256 ns, Total: 224823 ns
[2020-09-11T15:23:36.968+0000][1][safepoint    ] Safepoint "RevokeBias", Time since last: 120592 ns, Reaching safepoint: 149676 ns, At safepoint: 13943 ns, Total: 163619 ns
[2020-09-11T15:23:36.968+0000][1][safepoint    ] Safepoint "RevokeBias", Time since last: 53283 ns, Reaching safepoint: 149603 ns, At safepoint: 11464 ns, Total: 161067 ns
[2020-09-11T15:23:36.987+0000][1][safepoint    ] Safepoint "RevokeBias", Time since last: 19215813 ns, Reaching safepoint: 86611 ns, At safepoint: 20775 ns, Total: 107386 ns
[2020-09-11T15:23:37.080+0000][1][safepoint    ] Safepoint "RevokeBias", Time since last: 92261767 ns, Reaching safepoint: 159516 ns, At safepoint: 24479 ns, Total: 183995 ns
[2020-09-11T15:23:37.367+0000][1][gc,start     ] GC(162) Pause Young (Allocation Failure)
[2020-09-11T15:23:37.368+0000][1][gc,task      ] GC(162) Using 1 workers of 1 for evacuation
[2020-09-11T15:23:37.386+0000][1][gc,age       ] GC(162) Desired survivor size 4358144 bytes, new threshold 6 (max threshold 6)
[2020-09-11T15:23:37.387+0000][1][gc,age       ] GC(162) Age table with threshold 6 (max threshold 6)
[2020-09-11T15:23:37.387+0000][1][gc,age       ] GC(162) - age   1:    3806208 bytes,    3806208 total
[2020-09-11T15:23:37.387+0000][1][gc,heap      ] GC(162) ParNew: 75836K->4990K(76672K)
[2020-09-11T15:23:37.387+0000][1][gc,heap      ] GC(162) CMS: 82379K->83474K(439104K)
[2020-09-11T15:23:37.387+0000][1][gc,metaspace ] GC(162) Metaspace: 95488K->95488K(1136640K)
[2020-09-11T15:23:37.387+0000][1][gc           ] GC(162) Pause Young (Allocation Failure) 154M->86M(503M) 19.164ms
[2020-09-11T15:23:37.387+0000][1][gc,cpu       ] GC(162) User=0.01s Sys=0.00s Real=0.02s
[2020-09-11T15:23:37.408+0000][1][safepoint    ] Safepoint "GenCollectForAllocation", Time since last: 287447357 ns, Reaching safepoint: 177962 ns, At safepoint: 40071873 ns, Total: 40249835 ns
[2020-09-11T15:23:37.415+0000][1][safepoint    ] Safepoint "RevokeBias", Time since last: 4442895 ns, Reaching safepoint: 69992 ns, At safepoint: 3438929 ns, Total: 3508921 ns
[2020-09-11T15:23:37.416+0000][1][safepoint    ] Safepoint "RevokeBias", Time since last: 268556 ns, Reaching safepoint: 72453 ns, At safepoint: 27089 ns, Total: 99542 ns
[2020-09-11T15:23:37.416+0000][1][safepoint    ] Safepoint "RevokeBias", Time since last: 106556 ns, Reaching safepoint: 44025 ns, At safepoint: 29061 ns, Total: 73086 ns
[2020-09-11T15:23:37.416+0000][1][safepoint    ] Safepoint "RevokeBias", Time since last: 42301 ns, Reaching safepoint: 28092 ns, At safepoint: 17439 ns, Total: 45531 ns
[2020-09-11T15:23:37.446+0000][1][safepoint    ] Safepoint "RevokeBias", Time since last: 29396977 ns, Reaching safepoint: 140549 ns, At safepoint: 21082 ns, Total: 161631 ns
[2020-09-11T15:23:37.596+0000][1][safepoint    ] Safepoint "RevokeBias", Time since last: 148318533 ns, Reaching safepoint: 1528808 ns, At safepoint: 23746 ns, Total: 1552554 ns
[2020-09-11T15:23:37.623+0000][1][safepoint    ] Safepoint "RevokeBias", Time since last: 23910771 ns, Reaching safepoint: 3283604 ns, At safepoint: 207682 ns, Total: 3491286 ns
[2020-09-11T15:23:37.627+0000][1][safepoint    ] Safepoint "RevokeBias", Time since last: 3352535 ns, Reaching safepoint: 168634 ns, At safepoint: 172908 ns, Total: 341542 ns
[2020-09-11T15:23:37.627+0000][1][safepoint    ] Safepoint "RevokeBias", Time since last: 202906 ns, Reaching safepoint: 127363 ns, At safepoint: 18096 ns, Total: 145459 ns
[2020-09-11T15:23:37.848+0000][1][gc,start     ] GC(163) Pause Young (Allocation Failure)
[2020-09-11T15:23:37.848+0000][1][gc,task      ] GC(163) Using 1 workers of 1 for evacuation
[2020-09-11T15:23:37.861+0000][1][gc,age       ] GC(163) Desired survivor size 4358144 bytes, new threshold 1 (max threshold 6)
[2020-09-11T15:23:37.861+0000][1][gc,age       ] GC(163) Age table with threshold 1 (max threshold 6)
[2020-09-11T15:23:37.861+0000][1][gc,age       ] GC(163) - age   1:    6516336 bytes,    6516336 total
[2020-09-11T15:23:37.861+0000][1][gc,age       ] GC(163) - age   2:     355440 bytes,    6871776 total
[2020-09-11T15:23:37.861+0000][1][gc,heap      ] GC(163) ParNew: 72681K->8070K(76672K)
[2020-09-11T15:23:37.861+0000][1][gc,heap      ] GC(163) CMS: 83474K->83474K(439104K)
[2020-09-11T15:23:37.861+0000][1][gc,metaspace ] GC(163) Metaspace: 95511K->95511K(1136640K)
[2020-09-11T15:23:37.861+0000][1][gc           ] GC(163) Pause Young (Allocation Failure) 152M->89M(503M) 13.339ms
[2020-09-11T15:23:37.861+0000][1][gc,cpu       ] GC(163) User=0.01s Sys=0.00s Real=0.01s
[2020-09-11T15:23:37.879+0000][1][safepoint    ] Safepoint "GenCollectForAllocation", Time since last: 220840529 ns, Reaching safepoint: 251064 ns, At safepoint: 31370109 ns, Total: 31621173 ns
[2020-09-11T15:23:37.896+0000][1][safepoint    ] Safepoint "RevokeBias", Time since last: 16463156 ns, Reaching safepoint: 570618 ns, At safepoint: 23721 ns, Total: 594339 ns
[2020-09-11T15:23:38.491+0000][1][gc,start     ] GC(164) Pause Young (Allocation Failure)
[2020-09-11T15:23:38.491+0000][1][gc,task      ] GC(164) Using 1 workers of 1 for evacuation
[2020-09-11T15:23:38.502+0000][1][gc,age       ] GC(164) Desired survivor size 4358144 bytes, new threshold 6 (max threshold 6)
[2020-09-11T15:23:38.502+0000][1][gc,age       ] GC(164) Age table with threshold 6 (max threshold 6)
[2020-09-11T15:23:38.502+0000][1][gc,age       ] GC(164) - age   1:     228088 bytes,     228088 total
[2020-09-11T15:23:38.502+0000][1][gc,heap      ] GC(164) ParNew: 75894K->6041K(76672K)
[2020-09-11T15:23:38.502+0000][1][gc,heap      ] GC(164) CMS: 83474K->87894K(439104K)
[2020-09-11T15:23:38.503+0000][1][gc,metaspace ] GC(164) Metaspace: 95516K->95516K(1136640K)
[2020-09-11T15:23:38.503+0000][1][gc           ] GC(164) Pause Young (Allocation Failure) 155M->91M(503M) 12.025ms
[2020-09-11T15:23:38.503+0000][1][gc,cpu       ] GC(164) User=0.01s Sys=0.00s Real=0.01s
[2020-09-11T15:23:38.509+0000][1][safepoint    ] Safepoint "GenCollectForAllocation", Time since last: 593801738 ns, Reaching safepoint: 210961 ns, At safepoint: 18793575 ns, Total: 19004536 ns
[2020-09-11T15:23:38.512+0000][1][safepoint    ] Safepoint "RevokeBias", Time since last: 2805078 ns, Reaching safepoint: 68021 ns, At safepoint: 31976 ns, Total: 99997 ns
[2020-09-11T15:23:38.513+0000][1][safepoint    ] Safepoint "RevokeBias", Time since last: 608230 ns, Reaching safepoint: 30656 ns, At safepoint: 20976 ns, Total: 51632 ns
[2020-09-11T15:23:38.513+0000][1][safepoint    ] Safepoint "RevokeBias", Time since last: 75068 ns, Reaching safepoint: 42274 ns, At safepoint: 79125 ns, Total: 121399 ns
[2020-09-11T15:23:38.513+0000][1][safepoint    ] Safepoint "RevokeBias", Time since last: 41239 ns, Reaching safepoint: 27909 ns, At safepoint: 17416 ns, Total: 45325 ns
[2020-09-11T15:23:38.532+0000][1][safepoint    ] Safepoint "RevokeBias", Time since last: 15448771 ns, Reaching safepoint: 2938737 ns, At safepoint: 33841 ns, Total: 2972578 ns
[2020-09-11T15:23:38.555+0000][1][safepoint    ] Safepoint "RevokeBias", Time since last: 23339243 ns, Reaching safepoint: 155172 ns, At safepoint: 8365 ns, Total: 163537 ns
[2020-09-11T15:23:38.568+0000][1][safepoint    ] Safepoint "RevokeBias", Time since last: 12456021 ns, Reaching safepoint: 142088 ns, At safepoint: 20284 ns, Total: 162372 ns
[2020-09-11T15:23:38.571+0000][1][safepoint    ] Safepoint "RevokeBias", Time since last: 3130589 ns, Reaching safepoint: 127741 ns, At safepoint: 8184 ns, Total: 135925 ns
[2020-09-11T15:23:38.571+0000][1][safepoint    ] Safepoint "RevokeBias", Time since last: 56243 ns, Reaching safepoint: 99678 ns, At safepoint: 6033 ns, Total: 105711 ns
[2020-09-11T15:23:38.572+0000][1][safepoint    ] Safepoint "RevokeBias", Time since last: 449104 ns, Reaching safepoint: 90483 ns, At safepoint: 16359 ns, Total: 106842 ns
[2020-09-11T15:23:38.572+0000][1][safepoint    ] Safepoint "RevokeBias", Time since last: 270096 ns, Reaching safepoint: 97832 ns, At safepoint: 12675 ns, Total: 110507 ns
[2020-09-11T15:23:46.221+0000][1][safepoint    ] Safepoint "RevokeBias", Time since last: 7648957120 ns, Reaching safepoint: 95252 ns, At safepoint: 8211 ns, Total: 103463 ns
[2020-09-11T15:23:46.223+0000][1][safepoint    ] Safepoint "RevokeBias", Time since last: 1085616 ns, Reaching safepoint: 871759 ns, At safepoint: 21642 ns, Total: 893401 ns
[2020-09-11T15:23:46.275+0000][1][safepoint    ] Safepoint "RevokeBias", Time since last: 51642918 ns, Reaching safepoint: 163591 ns, At safepoint: 9288 ns, Total: 172879 ns
[2020-09-11T15:23:46.973+0000][1][safepoint    ] Safepoint "RevokeBias", Time since last: 696735696 ns, Reaching safepoint: 1009803 ns, At safepoint: 24523 ns, Total: 1034326 ns
[2020-09-11T15:23:46.982+0000][1][safepoint    ] Safepoint "BulkRevokeBias", Time since last: 8861395 ns, Reaching safepoint: 145213 ns, At safepoint: 209508 ns, Total: 354721 ns
[2020-09-11T15:23:47.000+0000][1][safepoint    ] Safepoint "RevokeBias", Time since last: 17307471 ns, Reaching safepoint: 816663 ns, At safepoint: 24205 ns, Total: 840868 ns
[2020-09-11T15:23:47.072+0000][1][safepoint    ] Safepoint "RevokeBias", Time since last: 72016284 ns, Reaching safepoint: 84119 ns, At safepoint: 20536 ns, Total: 104655 ns
[2020-09-11T15:23:47.153+0000][1][safepoint    ] Safepoint "RevokeBias", Time since last: 81041203 ns, Reaching safepoint: 91905 ns, At safepoint: 19757 ns, Total: 111662 ns
[2020-09-11T15:23:47.422+0000][1][safepoint    ] Safepoint "BulkRevokeBias", Time since last: 267906843 ns, Reaching safepoint: 92604 ns, At safepoint: 209454 ns, Total: 302058 ns
[2020-09-11T15:23:47.589+0000][1][gc,start     ] GC(165) Pause Young (Allocation Failure)
[2020-09-11T15:23:47.589+0000][1][gc,task      ] GC(165) Using 1 workers of 1 for evacuation
[2020-09-11T15:23:47.601+0000][1][gc,age       ] GC(165) Desired survivor size 4358144 bytes, new threshold 1 (max threshold 6)
[2020-09-11T15:23:47.601+0000][1][gc,age       ] GC(165) Age table with threshold 1 (max threshold 6)
[2020-09-11T15:23:47.602+0000][1][gc,age       ] GC(165) - age   1:    8455824 bytes,    8455824 total
[2020-09-11T15:23:47.602+0000][1][gc,age       ] GC(165) - age   2:     180144 bytes,    8635968 total
[2020-09-11T15:23:47.602+0000][1][gc,heap      ] GC(165) ParNew: 74195K->8512K(76672K)
[2020-09-11T15:23:47.602+0000][1][gc,heap      ] GC(165) CMS: 87894K->87894K(439104K)
[2020-09-11T15:23:47.602+0000][1][gc,metaspace ] GC(165) Metaspace: 95592K->95592K(1136640K)
[2020-09-11T15:23:47.602+0000][1][gc           ] GC(165) Pause Young (Allocation Failure) 158M->94M(503M) 12.250ms
[2020-09-11T15:23:47.602+0000][1][gc,cpu       ] GC(165) User=0.01s Sys=0.00s Real=0.01s
[2020-09-11T15:23:47.603+0000][1][safepoint    ] Safepoint "GenCollectForAllocation", Time since last: 165988742 ns, Reaching safepoint: 1811533 ns, At safepoint: 14109702 ns, Total: 15921235 ns
[2020-09-11T15:23:47.622+0000][1][safepoint    ] Safepoint "RevokeBias", Time since last: 18478414 ns, Reaching safepoint: 145315 ns, At safepoint: 20018 ns, Total: 165333 ns
[2020-09-11T15:23:47.623+0000][1][safepoint    ] Safepoint "RevokeBias", Time since last: 710593 ns, Reaching safepoint: 646279 ns, At safepoint: 13904 ns, Total: 660183 ns
[2020-09-11T15:23:47.627+0000][1][safepoint    ] Safepoint "RevokeBias", Time since last: 90175 ns, Reaching safepoint: 3897420 ns, At safepoint: 13433 ns, Total: 3910853 ns
[2020-09-11T15:23:47.628+0000][1][safepoint    ] Safepoint "RevokeBias", Time since last: 48645 ns, Reaching safepoint: 99958 ns, At safepoint: 12000 ns, Total: 111958 ns
[2020-09-11T15:23:47.637+0000][1][safepoint    ] Safepoint "RevokeBias", Time since last: 9004239 ns, Reaching safepoint: 142564 ns, At safepoint: 22009 ns, Total: 164573 ns
[2020-09-11T15:23:48.637+0000][1][safepoint    ] Safepoint "Cleanup", Time since last: 1000164039 ns, Reaching safepoint: 150078 ns, At safepoint: 17854 ns, Total: 167932 ns
[2020-09-11T15:23:56.638+0000][1][safepoint    ] Safepoint "Cleanup", Time since last: 8001143889 ns, Reaching safepoint: 154895 ns, At safepoint: 17738 ns, Total: 172633 ns
[2020-09-11T15:23:56.754+0000][1][safepoint    ] Safepoint "RevokeBias", Time since last: 115310436 ns, Reaching safepoint: 189422 ns, At safepoint: 22794 ns, Total: 212216 ns
[2020-09-11T15:23:56.959+0000][1][safepoint    ] Safepoint "RevokeBias", Time since last: 205157796 ns, Reaching safepoint: 86721 ns, At safepoint: 23215 ns, Total: 109936 ns
[2020-09-11T15:23:56.994+0000][1][safepoint    ] Safepoint "RevokeBias", Time since last: 34839720 ns, Reaching safepoint: 309093 ns, At safepoint: 25537 ns, Total: 334630 ns
[2020-09-11T15:23:57.064+0000][1][safepoint    ] Safepoint "RevokeBias", Time since last: 69573225 ns, Reaching safepoint: 86019 ns, At safepoint: 21290 ns, Total: 107309 ns
[2020-09-11T15:23:57.336+0000][1][gc,start     ] GC(166) Pause Young (Allocation Failure)
[2020-09-11T15:23:57.337+0000][1][gc,task      ] GC(166) Using 1 workers of 1 for evacuation
[2020-09-11T15:23:57.350+0000][1][gc,age       ] GC(166) Desired survivor size 4358144 bytes, new threshold 1 (max threshold 6)
[2020-09-11T15:23:57.350+0000][1][gc,age       ] GC(166) Age table with threshold 1 (max threshold 6)
[2020-09-11T15:23:57.350+0000][1][gc,age       ] GC(166) - age   1:    6099592 bytes,    6099592 total
[2020-09-11T15:23:57.350+0000][1][gc,heap      ] GC(166) ParNew: 76672K->6713K(76672K)
[2020-09-11T15:23:57.350+0000][1][gc,heap      ] GC(166) CMS: 87894K->88514K(439104K)
[2020-09-11T15:23:57.350+0000][1][gc,metaspace ] GC(166) Metaspace: 95623K->95623K(1136640K)
[2020-09-11T15:23:57.350+0000][1][gc           ] GC(166) Pause Young (Allocation Failure) 160M->92M(503M) 13.719ms
[2020-09-11T15:23:57.350+0000][1][gc,cpu       ] GC(166) User=0.01s Sys=0.00s Real=0.01s
[2020-09-11T15:23:57.350+0000][1][safepoint    ] Safepoint "GenCollectForAllocation", Time since last: 272210878 ns, Reaching safepoint: 196274 ns, At safepoint: 13788633 ns, Total: 13984907 ns
[2020-09-11T15:23:57.423+0000][1][safepoint    ] Safepoint "RevokeBias", Time since last: 72665706 ns, Reaching safepoint: 89252 ns, At safepoint: 22082 ns, Total: 111334 ns
[2020-09-11T15:23:57.696+0000][1][safepoint    ] Safepoint "RevokeBias", Time since last: 272374808 ns, Reaching safepoint: 138736 ns, At safepoint: 21751 ns, Total: 160487 ns
[2020-09-11T15:23:57.699+0000][1][safepoint    ] Safepoint "RevokeBias", Time since last: 3602233 ns, Reaching safepoint: 127386 ns, At safepoint: 19322 ns, Total: 146708 ns
[2020-09-11T15:23:57.700+0000][1][safepoint    ] Safepoint "RevokeBias", Time since last: 151941 ns, Reaching safepoint: 41975 ns, At safepoint: 13489 ns, Total: 55464 ns
[2020-09-11T15:23:57.700+0000][1][safepoint    ] Safepoint "RevokeBias", Time since last: 49533 ns, Reaching safepoint: 29613 ns, At safepoint: 10848 ns, Total: 40461 ns
[2020-09-11T15:23:57.709+0000][1][safepoint    ] Safepoint "RevokeBias", Time since last: 8943420 ns, Reaching safepoint: 139174 ns, At safepoint: 20894 ns, Total: 160068 ns
[2020-09-11T15:23:58.709+0000][1][safepoint    ] Safepoint "Cleanup", Time since last: 1000167212 ns, Reaching safepoint: 152362 ns, At safepoint: 18232 ns, Total: 170594 ns
[2020-09-11T15:24:06.952+0000][1][gc,start     ] GC(167) Pause Young (Allocation Failure)
[2020-09-11T15:24:06.952+0000][1][gc,task      ] GC(167) Using 1 workers of 1 for evacuation
[2020-09-11T15:24:06.963+0000][1][gc,age       ] GC(167) Desired survivor size 4358144 bytes, new threshold 1 (max threshold 6)
[2020-09-11T15:24:06.963+0000][1][gc,age       ] GC(167) Age table with threshold 1 (max threshold 6)
[2020-09-11T15:24:06.963+0000][1][gc,age       ] GC(167) - age   1:    4730880 bytes,    4730880 total
[2020-09-11T15:24:06.963+0000][1][gc,heap      ] GC(167) ParNew: 74873K->6145K(76672K)
[2020-09-11T15:24:06.963+0000][1][gc,heap      ] GC(167) CMS: 88514K->88898K(439104K)
[2020-09-11T15:24:06.963+0000][1][gc,metaspace ] GC(167) Metaspace: 95638K->95638K(1136640K)
[2020-09-11T15:24:06.963+0000][1][gc           ] GC(167) Pause Young (Allocation Failure) 159M->92M(503M) 11.497ms
[2020-09-11T15:24:06.963+0000][1][gc,cpu       ] GC(167) User=0.01s Sys=0.00s Real=0.01s
[2020-09-11T15:24:06.972+0000][1][safepoint    ] Safepoint "GenCollectForAllocation", Time since last: 8241455969 ns, Reaching safepoint: 997837 ns, At safepoint: 20299421 ns, Total: 21297258 ns
[2020-09-11T15:24:06.972+0000][1][safepoint    ] Safepoint "RevokeBias", Time since last: 51310 ns, Reaching safepoint: 109310 ns, At safepoint: 18573 ns, Total: 127883 ns
[2020-09-11T15:24:06.986+0000][1][safepoint    ] Safepoint "RevokeBias", Time since last: 11919248 ns, Reaching safepoint: 177734 ns, At safepoint: 1656044 ns, Total: 1833778 ns
[2020-09-11T15:24:07.003+0000][1][safepoint    ] Safepoint "RevokeBias", Time since last: 16915181 ns, Reaching safepoint: 207548 ns, At safepoint: 21908 ns, Total: 229456 ns
[2020-09-11T15:24:07.638+0000][1][safepoint    ] Safepoint "RevokeBias", Time since last: 635053134 ns, Reaching safepoint: 91864 ns, At safepoint: 21137 ns, Total: 113001 ns
[2020-09-11T15:24:07.761+0000][1][safepoint    ] Safepoint "RevokeBias", Time since last: 122938398 ns, Reaching safepoint: 143913 ns, At safepoint: 20801 ns, Total: 164714 ns
[2020-09-11T15:24:07.764+0000][1][safepoint    ] Safepoint "RevokeBias", Time since last: 2264751 ns, Reaching safepoint: 134382 ns, At safepoint: 19992 ns, Total: 154374 ns
[2020-09-11T15:24:07.764+0000][1][safepoint    ] Safepoint "RevokeBias", Time since last: 145024 ns, Reaching safepoint: 108974 ns, At safepoint: 12586 ns, Total: 121560 ns
[2020-09-11T15:24:07.764+0000][1][safepoint    ] Safepoint "RevokeBias", Time since last: 49152 ns, Reaching safepoint: 98803 ns, At safepoint: 11099 ns, Total: 109902 ns
[2020-09-11T15:24:07.795+0000][1][safepoint    ] Safepoint "RevokeBias", Time since last: 30635718 ns, Reaching safepoint: 152266 ns, At safepoint: 29199 ns, Total: 181465 ns
[2020-09-11T15:24:07.831+0000][1][gc,start     ] GC(168) Pause Young (Allocation Failure)
[2020-09-11T15:24:07.832+0000][1][gc,task      ] GC(168) Using 1 workers of 1 for evacuation
[2020-09-11T15:24:07.844+0000][1][gc,age       ] GC(168) Desired survivor size 4358144 bytes, new threshold 6 (max threshold 6)
[2020-09-11T15:24:07.844+0000][1][gc,age       ] GC(168) Age table with threshold 6 (max threshold 6)
[2020-09-11T15:24:07.844+0000][1][gc,age       ] GC(168) - age   1:     592864 bytes,     592864 total
[2020-09-11T15:24:07.844+0000][1][gc,heap      ] GC(168) ParNew: 74305K->5001K(76672K)
[2020-09-11T15:24:07.844+0000][1][gc,heap      ] GC(168) CMS: 88898K->89423K(439104K)
[2020-09-11T15:24:07.844+0000][1][gc,metaspace ] GC(168) Metaspace: 95665K->95665K(1136640K)
[2020-09-11T15:24:07.844+0000][1][gc           ] GC(168) Pause Young (Allocation Failure) 159M->92M(503M) 12.757ms
[2020-09-11T15:24:07.844+0000][1][gc,cpu       ] GC(168) User=0.01s Sys=0.00s Real=0.02s
[2020-09-11T15:24:07.847+0000][1][safepoint    ] Safepoint "GenCollectForAllocation", Time since last: 35431530 ns, Reaching safepoint: 1223321 ns, At safepoint: 15964159 ns, Total: 17187480 ns
[2020-09-11T15:24:14.852+0000][1][safepoint    ] Safepoint "Cleanup", Time since last: 7004282668 ns, Reaching safepoint: 80047 ns, At safepoint: 6035 ns, Total: 86082 ns
[2020-09-11T15:24:16.961+0000][1][safepoint    ] Safepoint "RevokeBias", Time since last: 2109268530 ns, Reaching safepoint: 162583 ns, At safepoint: 22916 ns, Total: 185499 ns
[2020-09-11T15:24:16.974+0000][1][safepoint    ] Safepoint "RevokeBias", Time since last: 13010605 ns, Reaching safepoint: 190864 ns, At safepoint: 20503 ns, Total: 211367 ns
[2020-09-11T15:24:16.994+0000][1][safepoint    ] Safepoint "RevokeBias", Time since last: 19850970 ns, Reaching safepoint: 96470 ns, At safepoint: 22935 ns, Total: 119405 ns
[2020-09-11T15:24:17.073+0000][1][safepoint    ] Safepoint "RevokeBias", Time since last: 77970795 ns, Reaching safepoint: 81823 ns, At safepoint: 22097 ns, Total: 103920 ns
[2020-09-11T15:24:17.582+0000][1][safepoint    ] Safepoint "RevokeBias", Time since last: 509298478 ns, Reaching safepoint: 90130 ns, At safepoint: 21429 ns, Total: 111559 ns
[2020-09-11T15:24:17.872+0000][1][gc,start     ] GC(169) Pause Young (Allocation Failure)
[2020-09-11T15:24:17.872+0000][1][gc,task      ] GC(169) Using 1 workers of 1 for evacuation
[2020-09-11T15:24:17.888+0000][1][gc,age       ] GC(169) Desired survivor size 4358144 bytes, new threshold 1 (max threshold 6)
[2020-09-11T15:24:17.888+0000][1][gc,age       ] GC(169) Age table with threshold 1 (max threshold 6)
[2020-09-11T15:24:17.888+0000][1][gc,age       ] GC(169) - age   1:    6217400 bytes,    6217400 total
[2020-09-11T15:24:17.888+0000][1][gc,age       ] GC(169) - age   2:     550480 bytes,    6767880 total
[2020-09-11T15:24:17.888+0000][1][gc,heap      ] GC(169) ParNew: 73123K->6794K(76672K)
[2020-09-11T15:24:17.888+0000][1][gc,heap      ] GC(169) CMS: 89423K->89423K(439104K)
[2020-09-11T15:24:17.888+0000][1][gc,metaspace ] GC(169) Metaspace: 95678K->95678K(1138688K)
[2020-09-11T15:24:17.888+0000][1][gc           ] GC(169) Pause Young (Allocation Failure) 158M->93M(503M) 16.467ms
[2020-09-11T15:24:17.888+0000][1][gc,cpu       ] GC(169) User=0.01s Sys=0.00s Real=0.02s
[2020-09-11T15:24:17.896+0000][1][safepoint    ] Safepoint "GenCollectForAllocation", Time since last: 289880795 ns, Reaching safepoint: 156533 ns, At safepoint: 23685299 ns, Total: 23841832 ns
[2020-09-11T15:24:17.899+0000][1][safepoint    ] Safepoint "RevokeBias", Time since last: 3475280 ns, Reaching safepoint: 139158 ns, At safepoint: 129841 ns, Total: 268999 ns
[2020-09-11T15:24:17.907+0000][1][safepoint    ] Safepoint "RevokeBias", Time since last: 4745765 ns, Reaching safepoint: 2845990 ns, At safepoint: 28758 ns, Total: 2874748 ns
[2020-09-11T15:24:17.907+0000][1][safepoint    ] Safepoint "RevokeBias", Time since last: 180022 ns, Reaching safepoint: 198170 ns, At safepoint: 14198 ns, Total: 212368 ns
[2020-09-11T15:24:17.908+0000][1][safepoint    ] Safepoint "RevokeBias", Time since last: 52008 ns, Reaching safepoint: 102277 ns, At safepoint: 13968 ns, Total: 116245 ns
[2020-09-11T15:24:17.926+0000][1][safepoint    ] Safepoint "RevokeBias", Time since last: 17742557 ns, Reaching safepoint: 149062 ns, At safepoint: 22309 ns, Total: 171371 ns
[2020-09-11T15:24:18.926+0000][1][safepoint    ] Safepoint "Cleanup", Time since last: 1000174386 ns, Reaching safepoint: 158957 ns, At safepoint: 18540 ns, Total: 177497 ns
[2020-09-11T15:24:27.000+0000][1][safepoint    ] Safepoint "RevokeBias", Time since last: 8071861319 ns, Reaching safepoint: 1784957 ns, At safepoint: 30703 ns, Total: 1815660 ns
[2020-09-11T15:24:27.000+0000][1][safepoint    ] Safepoint "RevokeBias", Time since last: 199583 ns, Reaching safepoint: 196715 ns, At safepoint: 14300 ns, Total: 211015 ns
[2020-09-11T15:24:27.000+0000][1][safepoint    ] Safepoint "RevokeBias", Time since last: 122690 ns, Reaching safepoint: 110989 ns, At safepoint: 13671 ns, Total: 124660 ns
[2020-09-11T15:24:27.004+0000][1][safepoint    ] Safepoint "RevokeBias", Time since last: 50581 ns, Reaching safepoint: 3249012 ns, At safepoint: 27307 ns, Total: 3276319 ns
[2020-09-11T15:24:27.007+0000][1][gc,start     ] GC(170) Pause Young (Allocation Failure)
[2020-09-11T15:24:27.008+0000][1][gc,task      ] GC(170) Using 1 workers of 1 for evacuation
[2020-09-11T15:24:27.019+0000][1][gc,age       ] GC(170) Desired survivor size 4358144 bytes, new threshold 6 (max threshold 6)
[2020-09-11T15:24:27.019+0000][1][gc,age       ] GC(170) Age table with threshold 6 (max threshold 6)
[2020-09-11T15:24:27.019+0000][1][gc,age       ] GC(170) - age   1:     987336 bytes,     987336 total
[2020-09-11T15:24:27.019+0000][1][gc,heap      ] GC(170) ParNew: 74954K->5296K(76672K)
[2020-09-11T15:24:27.019+0000][1][gc,heap      ] GC(170) CMS: 89423K->89911K(439104K)
[2020-09-11T15:24:27.019+0000][1][gc,metaspace ] GC(170) Metaspace: 95686K->95686K(1138688K)
[2020-09-11T15:24:27.019+0000][1][gc           ] GC(170) Pause Young (Allocation Failure) 160M->92M(503M) 11.530ms
[2020-09-11T15:24:27.019+0000][1][gc,cpu       ] GC(170) User=0.01s Sys=0.00s Real=0.01s
[2020-09-11T15:24:27.023+0000][1][safepoint    ] Safepoint "GenCollectForAllocation", Time since last: 3037447 ns, Reaching safepoint: 917918 ns, At safepoint: 15480751 ns, Total: 16398669 ns
[2020-09-11T15:24:27.026+0000][1][safepoint    ] Safepoint "RevokeBias", Time since last: 3286983 ns, Reaching safepoint: 98259 ns, At safepoint: 52572 ns, Total: 150831 ns
[2020-09-11T15:24:27.072+0000][1][safepoint    ] Safepoint "RevokeBias", Time since last: 45184986 ns, Reaching safepoint: 162959 ns, At safepoint: 23162 ns, Total: 186121 ns
[2020-09-11T15:24:27.089+0000][1][safepoint    ] Safepoint "RevokeBias", Time since last: 16946988 ns, Reaching safepoint: 85375 ns, At safepoint: 22992 ns, Total: 108367 ns
[2020-09-11T15:24:27.160+0000][1][safepoint    ] Safepoint "RevokeBias", Time since last: 71081345 ns, Reaching safepoint: 140757 ns, At safepoint: 19622 ns, Total: 160379 ns
[2020-09-11T15:24:27.384+0000][1][safepoint    ] Safepoint "RevokeBias", Time since last: 223369411 ns, Reaching safepoint: 168845 ns, At safepoint: 21924 ns, Total: 190769 ns
[2020-09-11T15:24:27.385+0000][1][safepoint    ] Safepoint "RevokeBias", Time since last: 912616 ns, Reaching safepoint: 150284 ns, At safepoint: 17171 ns, Total: 167455 ns
[2020-09-11T15:24:27.386+0000][1][safepoint    ] Safepoint "RevokeBias", Time since last: 1098702 ns, Reaching safepoint: 145916 ns, At safepoint: 16846 ns, Total: 162762 ns
[2020-09-11T15:24:27.388+0000][1][safepoint    ] Safepoint "RevokeBias", Time since last: 1471335 ns, Reaching safepoint: 144482 ns, At safepoint: 16626 ns, Total: 161108 ns
[2020-09-11T15:24:27.432+0000][1][gc,start     ] GC(171) Pause Young (Allocation Failure)
[2020-09-11T15:24:27.432+0000][1][gc,task      ] GC(171) Using 1 workers of 1 for evacuation
[2020-09-11T15:24:27.439+0000][1][gc,age       ] GC(171) Desired survivor size 4358144 bytes, new threshold 1 (max threshold 6)
[2020-09-11T15:24:27.439+0000][1][gc,age       ] GC(171) Age table with threshold 1 (max threshold 6)
[2020-09-11T15:24:27.439+0000][1][gc,age       ] GC(171) - age   1:    5447608 bytes,    5447608 total
[2020-09-11T15:24:27.439+0000][1][gc,age       ] GC(171) - age   2:     628904 bytes,    6076512 total
[2020-09-11T15:24:27.439+0000][1][gc,heap      ] GC(171) ParNew: 73451K->6019K(76672K)
[2020-09-11T15:24:27.439+0000][1][gc,heap      ] GC(171) CMS: 89911K->89911K(439104K)
[2020-09-11T15:24:27.439+0000][1][gc,metaspace ] GC(171) Metaspace: 95705K->95705K(1138688K)
[2020-09-11T15:24:27.440+0000][1][gc           ] GC(171) Pause Young (Allocation Failure) 159M->93M(503M) 7.858ms
[2020-09-11T15:24:27.440+0000][1][gc,cpu       ] GC(171) User=0.01s Sys=0.00s Real=0.01s
[2020-09-11T15:24:27.443+0000][1][safepoint    ] Safepoint "GenCollectForAllocation", Time since last: 43825870 ns, Reaching safepoint: 228266 ns, At safepoint: 11771620 ns, Total: 11999886 ns
[2020-09-11T15:24:27.506+0000][1][safepoint    ] Safepoint "RevokeBias", Time since last: 61979471 ns, Reaching safepoint: 80994 ns, At safepoint: 22148 ns, Total: 103142 ns
[2020-09-11T15:24:28.100+0000][1][safepoint    ] Safepoint "RevokeBias", Time since last: 594474055 ns, Reaching safepoint: 147097 ns, At safepoint: 21412 ns, Total: 168509 ns
[2020-09-11T15:24:28.103+0000][1][safepoint    ] Safepoint "RevokeBias", Time since last: 597673 ns, Reaching safepoint: 2708172 ns, At safepoint: 17254 ns, Total: 2725426 ns
[2020-09-11T15:24:28.104+0000][1][safepoint    ] Safepoint "RevokeBias", Time since last: 119532 ns, Reaching safepoint: 108167 ns, At safepoint: 12951 ns, Total: 121118 ns
[2020-09-11T15:24:28.104+0000][1][safepoint    ] Safepoint "RevokeBias", Time since last: 47464 ns, Reaching safepoint: 103161 ns, At safepoint: 12345 ns, Total: 115506 ns
[2020-09-11T15:24:28.124+0000][1][safepoint    ] Safepoint "RevokeBias", Time since last: 18969222 ns, Reaching safepoint: 648039 ns, At safepoint: 24235 ns, Total: 672274 ns
[2020-09-11T15:24:29.124+0000][1][safepoint    ] Safepoint "Cleanup", Time since last: 1000161596 ns, Reaching safepoint: 152476 ns, At safepoint: 16518 ns, Total: 168994 ns
[2020-09-11T15:24:30.124+0000][1][safepoint    ] Safepoint "Cleanup", Time since last: 1000189368 ns, Reaching safepoint: 150565 ns, At safepoint: 17403 ns, Total: 167968 ns
[2020-09-11T15:24:31.125+0000][1][safepoint    ] Safepoint "Cleanup", Time since last: 1000231483 ns, Reaching safepoint: 99355 ns, At safepoint: 7821 ns, Total: 107176 ns
[2020-09-11T15:24:36.952+0000][1][safepoint    ] Safepoint "RevokeBias", Time since last: 5826989829 ns, Reaching safepoint: 165328 ns, At safepoint: 22518 ns, Total: 187846 ns
[2020-09-11T15:24:36.973+0000][1][safepoint    ] Safepoint "RevokeBias", Time since last: 20875331 ns, Reaching safepoint: 190416 ns, At safepoint: 21777 ns, Total: 212193 ns
[2020-09-11T15:24:36.973+0000][1][safepoint    ] Safepoint "RevokeBias", Time since last: 83783 ns, Reaching safepoint: 155028 ns, At safepoint: 12106 ns, Total: 167134 ns
[2020-09-11T15:24:36.988+0000][1][safepoint    ] Safepoint "RevokeBias", Time since last: 14481136 ns, Reaching safepoint: 98074 ns, At safepoint: 22303 ns, Total: 120377 ns
[2020-09-11T15:24:37.070+0000][1][safepoint    ] Safepoint "RevokeBias", Time since last: 82278546 ns, Reaching safepoint: 206217 ns, At safepoint: 22472 ns, Total: 228689 ns
[2020-09-11T15:24:37.207+0000][1][gc,start     ] GC(172) Pause Young (Allocation Failure)
[2020-09-11T15:24:37.207+0000][1][gc,task      ] GC(172) Using 1 workers of 1 for evacuation
[2020-09-11T15:24:37.225+0000][1][gc,age       ] GC(172) Desired survivor size 4358144 bytes, new threshold 1 (max threshold 6)
[2020-09-11T15:24:37.225+0000][1][gc,age       ] GC(172) Age table with threshold 1 (max threshold 6)
[2020-09-11T15:24:37.225+0000][1][gc,age       ] GC(172) - age   1:    5228216 bytes,    5228216 total
[2020-09-11T15:24:37.225+0000][1][gc,heap      ] GC(172) ParNew: 74090K->8512K(76672K)
[2020-09-11T15:24:37.225+0000][1][gc,heap      ] GC(172) CMS: 89911K->91149K(439104K)
[2020-09-11T15:24:37.225+0000][1][gc,metaspace ] GC(172) Metaspace: 95733K->95733K(1138688K)
[2020-09-11T15:24:37.225+0000][1][gc           ] GC(172) Pause Young (Allocation Failure) 160M->97M(503M) 17.969ms
[2020-09-11T15:24:37.225+0000][1][gc,cpu       ] GC(172) User=0.01s Sys=0.00s Real=0.02s
[2020-09-11T15:24:37.225+0000][1][safepoint    ] Safepoint "GenCollectForAllocation", Time since last: 137106216 ns, Reaching safepoint: 79111 ns, At safepoint: 18080555 ns, Total: 18159666 ns
[2020-09-11T15:24:37.256+0000][1][safepoint    ] Safepoint "RevokeBias", Time since last: 29988739 ns, Reaching safepoint: 153110 ns, At safepoint: 41719 ns, Total: 194829 ns
[2020-09-11T15:24:37.260+0000][1][safepoint    ] Safepoint "RevokeBias", Time since last: 1292115 ns, Reaching safepoint: 2573235 ns, At safepoint: 40279 ns, Total: 2613514 ns
[2020-09-11T15:24:37.260+0000][1][safepoint    ] Safepoint "RevokeBias", Time since last: 147506 ns, Reaching safepoint: 108952 ns, At safepoint: 21207 ns, Total: 130159 ns
[2020-09-11T15:24:37.260+0000][1][safepoint    ] Safepoint "RevokeBias", Time since last: 43792 ns, Reaching safepoint: 101678 ns, At safepoint: 20000 ns, Total: 121678 ns
[2020-09-11T15:24:37.284+0000][1][safepoint    ] Safepoint "RevokeBias", Time since last: 24008612 ns, Reaching safepoint: 142176 ns, At safepoint: 24475 ns, Total: 166651 ns
[2020-09-11T15:24:37.347+0000][1][safepoint    ] Safepoint "RevokeBias", Time since last: 62430888 ns, Reaching safepoint: 153001 ns, At safepoint: 21750 ns, Total: 174751 ns
[2020-09-11T15:24:37.347+0000][1][safepoint    ] Safepoint "RevokeBias", Time since last: 337869 ns, Reaching safepoint: 29852 ns, At safepoint: 12003 ns, Total: 41855 ns
[2020-09-11T15:24:37.480+0000][1][gc,start     ] GC(173) Pause Young (Allocation Failure)
[2020-09-11T15:24:37.480+0000][1][gc,task      ] GC(173) Using 1 workers of 1 for evacuation
[2020-09-11T15:24:37.499+0000][1][gc,age       ] GC(173) Desired survivor size 4358144 bytes, new threshold 6 (max threshold 6)
[2020-09-11T15:24:37.499+0000][1][gc,age       ] GC(173) Age table with threshold 6 (max threshold 6)
[2020-09-11T15:24:37.499+0000][1][gc,age       ] GC(173) - age   1:    1609712 bytes,    1609712 total
[2020-09-11T15:24:37.499+0000][1][gc,heap      ] GC(173) ParNew: 76672K->3121K(76672K)
[2020-09-11T15:24:37.499+0000][1][gc,heap      ] GC(173) CMS: 91149K->91962K(439104K)
[2020-09-11T15:24:37.499+0000][1][gc,metaspace ] GC(173) Metaspace: 95740K->95740K(1138688K)
[2020-09-11T15:24:37.499+0000][1][gc           ] GC(173) Pause Young (Allocation Failure) 163M->92M(503M) 19.499ms
[2020-09-11T15:24:37.499+0000][1][gc,cpu       ] GC(173) User=0.01s Sys=0.00s Real=0.02s
[2020-09-11T15:24:37.512+0000][1][safepoint    ] Safepoint "GenCollectForAllocation", Time since last: 132301236 ns, Reaching safepoint: 207479 ns, At safepoint: 32486583 ns, Total: 32694062 ns
[2020-09-11T15:24:37.519+0000][1][safepoint    ] Safepoint "RevokeBias", Time since last: 4478349 ns, Reaching safepoint: 2400564 ns, At safepoint: 35175 ns, Total: 2435739 ns
[2020-09-11T15:24:37.638+0000][1][safepoint    ] Safepoint "RevokeBias", Time since last: 119086503 ns, Reaching safepoint: 243140 ns, At safepoint: 26756 ns, Total: 269896 ns
[2020-09-11T15:24:37.672+0000][1][gc,start     ] GC(174) Pause Young (Allocation Failure)
[2020-09-11T15:24:37.672+0000][1][gc,task      ] GC(174) Using 1 workers of 1 for evacuation
[2020-09-11T15:24:37.679+0000][1][gc,age       ] GC(174) Desired survivor size 4358144 bytes, new threshold 1 (max threshold 6)
[2020-09-11T15:24:37.679+0000][1][gc,age       ] GC(174) Age table with threshold 1 (max threshold 6)
[2020-09-11T15:24:37.679+0000][1][gc,age       ] GC(174) - age   1:    5554016 bytes,    5554016 total
[2020-09-11T15:24:37.679+0000][1][gc,age       ] GC(174) - age   2:     802872 bytes,    6356888 total
[2020-09-11T15:24:37.679+0000][1][gc,heap      ] GC(174) ParNew: 71281K->6849K(76672K)
[2020-09-11T15:24:37.679+0000][1][gc,heap      ] GC(174) CMS: 91962K->91962K(439104K)
[2020-09-11T15:24:37.679+0000][1][gc,metaspace ] GC(174) Metaspace: 95764K->95764K(1138688K)
[2020-09-11T15:24:37.680+0000][1][gc           ] GC(174) Pause Young (Allocation Failure) 159M->96M(503M) 7.911ms
[2020-09-11T15:24:37.680+0000][1][gc,cpu       ] GC(174) User=0.00s Sys=0.00s Real=0.01s
[2020-09-11T15:24:37.683+0000][1][safepoint    ] Safepoint "GenCollectForAllocation", Time since last: 33032831 ns, Reaching safepoint: 164986 ns, At safepoint: 11824745 ns, Total: 11989731 ns
[2020-09-11T15:24:38.349+0000][1][safepoint    ] Safepoint "RevokeBias", Time since last: 665280201 ns, Reaching safepoint: 156556 ns, At safepoint: 22820 ns, Total: 179376 ns
[2020-09-11T15:24:38.350+0000][1][safepoint    ] Safepoint "RevokeBias", Time since last: 613062 ns, Reaching safepoint: 149433 ns, At safepoint: 14843 ns, Total: 164276 ns
[2020-09-11T15:24:38.350+0000][1][safepoint    ] Safepoint "RevokeBias", Time since last: 83238 ns, Reaching safepoint: 143299 ns, At safepoint: 12489 ns, Total: 155788 ns
[2020-09-11T15:24:38.350+0000][1][safepoint    ] Safepoint "BulkRevokeBias", Time since last: 43606 ns, Reaching safepoint: 144403 ns, At safepoint: 220195 ns, Total: 364598 ns
[2020-09-11T15:24:38.358+0000][1][safepoint    ] Safepoint "RevokeBias", Time since last: 7256065 ns, Reaching safepoint: 183780 ns, At safepoint: 23024 ns, Total: 206804 ns
[2020-09-11T15:24:38.365+0000][1][safepoint    ] Safepoint "RevokeBias", Time since last: 7329963 ns, Reaching safepoint: 146901 ns, At safepoint: 9465 ns, Total: 156366 ns
[2020-09-11T15:24:38.380+0000][1][safepoint    ] Safepoint "RevokeBias", Time since last: 14709937 ns, Reaching safepoint: 141889 ns, At safepoint: 20936 ns, Total: 162825 ns
[2020-09-11T15:24:38.424+0000][1][safepoint    ] Safepoint "RevokeBias", Time since last: 43640913 ns, Reaching safepoint: 85656 ns, At safepoint: 8361 ns, Total: 94017 ns
[2020-09-11T15:24:38.432+0000][1][safepoint    ] Safepoint "RevokeBias", Time since last: 8117081 ns, Reaching safepoint: 150205 ns, At safepoint: 22630 ns, Total: 172835 ns
[2020-09-11T15:24:38.432+0000][1][safepoint    ] Safepoint "RevokeBias", Time since last: 64869 ns, Reaching safepoint: 28270 ns, At safepoint: 4654 ns, Total: 32924 ns
[2020-09-11T15:24:38.782+0000][1][safepoint    ] Safepoint "RevokeBias", Time since last: 349273505 ns, Reaching safepoint: 233430 ns, At safepoint: 9479 ns, Total: 242909 ns
[2020-09-11T15:24:39.782+0000][1][safepoint    ] Safepoint "Cleanup", Time since last: 1000143025 ns, Reaching safepoint: 74228 ns, At safepoint: 6062 ns, Total: 80290 ns
[2020-09-11T15:24:40.782+0000][1][safepoint    ] Safepoint "Cleanup", Time since last: 1000162983 ns, Reaching safepoint: 144204 ns, At safepoint: 16050 ns, Total: 160254 ns
[2020-09-11T15:24:41.783+0000][1][safepoint    ] Safepoint "Cleanup", Time since last: 1000180391 ns, Reaching safepoint: 146149 ns, At safepoint: 15596 ns, Total: 161745 ns
[2020-09-11T15:24:42.783+0000][1][safepoint    ] Safepoint "Cleanup", Time since last: 1000229968 ns, Reaching safepoint: 100555 ns, At safepoint: 7115 ns, Total: 107670 ns
[2020-09-11T15:24:43.783+0000][1][safepoint    ] Safepoint "Cleanup", Time since last: 1000174825 ns, Reaching safepoint: 115450 ns, At safepoint: 8563 ns, Total: 124013 ns
[2020-09-11T15:24:44.784+0000][1][safepoint    ] Safepoint "Cleanup", Time since last: 1000177590 ns, Reaching safepoint: 99314 ns, At safepoint: 7033 ns, Total: 106347 ns
[2020-09-11T15:24:45.784+0000][1][safepoint    ] Safepoint "Cleanup", Time since last: 1000177228 ns, Reaching safepoint: 158677 ns, At safepoint: 20958 ns, Total: 179635 ns
[2020-09-11T15:24:46.784+0000][1][safepoint    ] Safepoint "Cleanup", Time since last: 1000229007 ns, Reaching safepoint: 109461 ns, At safepoint: 8905 ns, Total: 118366 ns
[2020-09-11T15:24:46.965+0000][1][safepoint    ] Safepoint "RevokeBias", Time since last: 180187069 ns, Reaching safepoint: 89390 ns, At safepoint: 25531 ns, Total: 114921 ns
[2020-09-11T15:24:46.972+0000][1][safepoint    ] Safepoint "RevokeBias", Time since last: 6843891 ns, Reaching safepoint: 206592 ns, At safepoint: 26470 ns, Total: 233062 ns
[2020-09-11T15:24:46.972+0000][1][safepoint    ] Safepoint "RevokeBias", Time since last: 85298 ns, Reaching safepoint: 170373 ns, At safepoint: 15394 ns, Total: 185767 ns
[2020-09-11T15:24:46.997+0000][1][safepoint    ] Safepoint "RevokeBias", Time since last: 24969629 ns, Reaching safepoint: 88867 ns, At safepoint: 21952 ns, Total: 110819 ns
[2020-09-11T15:24:47.073+0000][1][safepoint    ] Safepoint "RevokeBias", Time since last: 76069230 ns, Reaching safepoint: 83551 ns, At safepoint: 22570 ns, Total: 106121 ns
[2020-09-11T15:24:47.306+0000][1][gc,start     ] GC(175) Pause Young (Allocation Failure)
[2020-09-11T15:24:47.306+0000][1][gc,task      ] GC(175) Using 1 workers of 1 for evacuation
[2020-09-11T15:24:47.317+0000][1][gc,age       ] GC(175) Desired survivor size 4358144 bytes, new threshold 1 (max threshold 6)
[2020-09-11T15:24:47.317+0000][1][gc,age       ] GC(175) Age table with threshold 1 (max threshold 6)
[2020-09-11T15:24:47.317+0000][1][gc,age       ] GC(175) - age   1:    7893368 bytes,    7893368 total
[2020-09-11T15:24:47.317+0000][1][gc,heap      ] GC(175) ParNew: 75009K->8512K(76672K)
[2020-09-11T15:24:47.317+0000][1][gc,heap      ] GC(175) CMS: 91962K->93064K(439104K)
[2020-09-11T15:24:47.317+0000][1][gc,metaspace ] GC(175) Metaspace: 95786K->95786K(1138688K)
[2020-09-11T15:24:47.317+0000][1][gc           ] GC(175) Pause Young (Allocation Failure) 163M->99M(503M) 10.549ms
[2020-09-11T15:24:47.317+0000][1][gc,cpu       ] GC(175) User=0.01s Sys=0.00s Real=0.01s
[2020-09-11T15:24:47.317+0000][1][safepoint    ] Safepoint "GenCollectForAllocation", Time since last: 232664059 ns, Reaching safepoint: 220252 ns, At safepoint: 10621029 ns, Total: 10841281 ns
[2020-09-11T15:24:47.395+0000][1][safepoint    ] Safepoint "RevokeBias", Time since last: 77968343 ns, Reaching safepoint: 82436 ns, At safepoint: 23705 ns, Total: 106141 ns
[2020-09-11T15:24:47.434+0000][1][safepoint    ] Safepoint "RevokeBias", Time since last: 38989364 ns, Reaching safepoint: 156879 ns, At safepoint: 23958 ns, Total: 180837 ns
[2020-09-11T15:24:47.435+0000][1][safepoint    ] Safepoint "RevokeBias", Time since last: 947648 ns, Reaching safepoint: 174195 ns, At safepoint: 18327 ns, Total: 192522 ns
[2020-09-11T15:24:47.435+0000][1][safepoint    ] Safepoint "RevokeBias", Time since last: 109346 ns, Reaching safepoint: 160740 ns, At safepoint: 15564 ns, Total: 176304 ns
[2020-09-11T15:24:47.436+0000][1][safepoint    ] Safepoint "RevokeBias", Time since last: 73872 ns, Reaching safepoint: 157479 ns, At safepoint: 14503 ns, Total: 171982 ns
[2020-09-11T15:24:47.448+0000][1][safepoint    ] Safepoint "RevokeBias", Time since last: 12284310 ns, Reaching safepoint: 189248 ns, At safepoint: 22091 ns, Total: 211339 ns
[2020-09-11T15:24:48.480+0000][1][safepoint    ] Safepoint "Cleanup", Time since last: 1031439384 ns, Reaching safepoint: 111465 ns, At safepoint: 8120 ns, Total: 119585 ns
[2020-09-11T15:24:49.480+0000][1][safepoint    ] Safepoint "Cleanup", Time since last: 1000115463 ns, Reaching safepoint: 79314 ns, At safepoint: 7823 ns, Total: 87137 ns
[2020-09-11T15:24:50.480+0000][1][safepoint    ] Safepoint "Cleanup", Time since last: 1000154618 ns, Reaching safepoint: 139494 ns, At safepoint: 19655 ns, Total: 159149 ns
[2020-09-11T15:24:51.481+0000][1][safepoint    ] Safepoint "Cleanup", Time since last: 1000236471 ns, Reaching safepoint: 137171 ns, At safepoint: 18666 ns, Total: 155837 ns
[2020-09-11T15:24:52.481+0000][1][safepoint    ] Safepoint "Cleanup", Time since last: 1000212133 ns, Reaching safepoint: 141074 ns, At safepoint: 18465 ns, Total: 159539 ns
[2020-09-11T15:24:53.483+0000][1][safepoint    ] Safepoint "Cleanup", Time since last: 1001616583 ns, Reaching safepoint: 101634 ns, At safepoint: 8779 ns, Total: 110413 ns
[2020-09-11T15:24:54.483+0000][1][safepoint    ] Safepoint "Cleanup", Time since last: 1000184162 ns, Reaching safepoint: 95635 ns, At safepoint: 8645 ns, Total: 104280 ns
[2020-09-11T15:24:55.483+0000][1][safepoint    ] Safepoint "Cleanup", Time since last: 1000197978 ns, Reaching safepoint: 101030 ns, At safepoint: 8275 ns, Total: 109305 ns
[2020-09-11T15:24:56.484+0000][1][safepoint    ] Safepoint "Cleanup", Time since last: 1000195087 ns, Reaching safepoint: 137198 ns, At safepoint: 18522 ns, Total: 155720 ns
[2020-09-11T15:24:56.952+0000][1][gc,start     ] GC(176) Pause Young (Allocation Failure)
[2020-09-11T15:24:56.952+0000][1][gc,task      ] GC(176) Using 1 workers of 1 for evacuation
[2020-09-11T15:24:56.960+0000][1][gc,age       ] GC(176) Desired survivor size 4358144 bytes, new threshold 1 (max threshold 6)
[2020-09-11T15:24:56.960+0000][1][gc,age       ] GC(176) Age table with threshold 1 (max threshold 6)
[2020-09-11T15:24:56.960+0000][1][gc,age       ] GC(176) - age   1:    5296608 bytes,    5296608 total
[2020-09-11T15:24:56.960+0000][1][gc,heap      ] GC(176) ParNew: 76672K->7030K(76672K)
[2020-09-11T15:24:56.960+0000][1][gc,heap      ] GC(176) CMS: 93064K->93705K(439104K)
[2020-09-11T15:24:56.960+0000][1][gc,metaspace ] GC(176) Metaspace: 95791K->95791K(1138688K)
[2020-09-11T15:24:56.960+0000][1][gc           ] GC(176) Pause Young (Allocation Failure) 165M->98M(503M) 8.648ms
[2020-09-11T15:24:56.960+0000][1][gc,cpu       ] GC(176) User=0.00s Sys=0.00s Real=0.01s
[2020-09-11T15:24:56.960+0000][1][safepoint    ] Safepoint "GenCollectForAllocation", Time since last: 467734844 ns, Reaching safepoint: 190614 ns, At safepoint: 8735447 ns, Total: 8926061 ns
[2020-09-11T15:24:56.974+0000][1][safepoint    ] Safepoint "RevokeBias", Time since last: 14063654 ns, Reaching safepoint: 84918 ns, At safepoint: 39230 ns, Total: 124148 ns
[2020-09-11T15:24:56.999+0000][1][safepoint    ] Safepoint "RevokeBias", Time since last: 24369525 ns, Reaching safepoint: 87099 ns, At safepoint: 21935 ns, Total: 109034 ns
[2020-09-11T15:24:57.083+0000][1][safepoint    ] Safepoint "RevokeBias", Time since last: 84402233 ns, Reaching safepoint: 108323 ns, At safepoint: 21581 ns, Total: 129904 ns
[2020-09-11T15:24:57.388+0000][1][safepoint    ] Safepoint "BulkRevokeBias", Time since last: 304161649 ns, Reaching safepoint: 89495 ns, At safepoint: 212030 ns, Total: 301525 ns
[2020-09-11T15:24:57.495+0000][1][safepoint    ] Safepoint "RevokeBias", Time since last: 106945772 ns, Reaching safepoint: 159275 ns, At safepoint: 26771 ns, Total: 186046 ns
[2020-09-11T15:24:57.497+0000][1][safepoint    ] Safepoint "BulkRevokeBias", Time since last: 1209047 ns, Reaching safepoint: 182047 ns, At safepoint: 200007 ns, Total: 382054 ns
[2020-09-11T15:24:57.497+0000][1][safepoint    ] Safepoint "RevokeBias", Time since last: 129911 ns, Reaching safepoint: 176396 ns, At safepoint: 16836 ns, Total: 193232 ns
[2020-09-11T15:24:57.497+0000][1][safepoint    ] Safepoint "RevokeBias", Time since last: 55901 ns, Reaching safepoint: 174156 ns, At safepoint: 14524 ns, Total: 188680 ns
[2020-09-11T15:24:57.506+0000][1][safepoint    ] Safepoint "RevokeBias", Time since last: 8574914 ns, Reaching safepoint: 186821 ns, At safepoint: 26883 ns, Total: 213704 ns
[2020-09-11T15:24:58.506+0000][1][safepoint    ] Safepoint "Cleanup", Time since last: 1000181817 ns, Reaching safepoint: 102771 ns, At safepoint: 8598 ns, Total: 111369 ns
[2020-09-11T15:24:58.937+0000][1][gc,start     ] GC(177) Pause Young (Allocation Failure)
[2020-09-11T15:24:58.937+0000][1][gc,task      ] GC(177) Using 1 workers of 1 for evacuation
[2020-09-11T15:24:58.943+0000][1][gc,age       ] GC(177) Desired survivor size 4358144 bytes, new threshold 6 (max threshold 6)
[2020-09-11T15:24:58.943+0000][1][gc,age       ] GC(177) Age table with threshold 6 (max threshold 6)
[2020-09-11T15:24:58.943+0000][1][gc,age       ] GC(177) - age   1:     556792 bytes,     556792 total
[2020-09-11T15:24:58.943+0000][1][gc,heap      ] GC(177) ParNew: 75190K->5637K(76672K)
[2020-09-11T15:24:58.943+0000][1][gc,heap      ] GC(177) CMS: 93705K->94195K(439104K)
[2020-09-11T15:24:58.943+0000][1][gc,metaspace ] GC(177) Metaspace: 95816K->95816K(1138688K)
[2020-09-11T15:24:58.943+0000][1][gc           ] GC(177) Pause Young (Allocation Failure) 164M->97M(503M) 6.408ms
[2020-09-11T15:24:58.943+0000][1][gc,cpu       ] GC(177) User=0.01s Sys=0.00s Real=0.00s
[2020-09-11T15:24:58.943+0000][1][safepoint    ] Safepoint "GenCollectForAllocation", Time since last: 430160744 ns, Reaching safepoint: 196839 ns, At safepoint: 6477356 ns, Total: 6674195 ns
[2020-09-11T15:24:59.953+0000][1][safepoint    ] Safepoint "Cleanup", Time since last: 1009281398 ns, Reaching safepoint: 67957 ns, At safepoint: 187520 ns, Total: 255477 ns
[2020-09-11T15:25:00.024+0000][1][safepoint    ] Safepoint "RevokeBias", Time since last: 69450513 ns, Reaching safepoint: 1478262 ns, At safepoint: 47538 ns, Total: 1525800 ns
[2020-09-11T15:25:01.024+0000][1][safepoint    ] Safepoint "Cleanup", Time since last: 1000198338 ns, Reaching safepoint: 86110 ns, At safepoint: 18301 ns, Total: 104411 ns
[2020-09-11T15:25:02.024+0000][1][safepoint    ] Safepoint "Cleanup", Time since last: 1000165712 ns, Reaching safepoint: 103036 ns, At safepoint: 22007 ns, Total: 125043 ns
[2020-09-11T15:25:03.025+0000][1][safepoint    ] Safepoint "Cleanup", Time since last: 1000151493 ns, Reaching safepoint: 121880 ns, At safepoint: 17644 ns, Total: 139524 ns
[2020-09-11T15:25:04.025+0000][1][safepoint    ] Safepoint "Cleanup", Time since last: 1000177001 ns, Reaching safepoint: 99974 ns, At safepoint: 8474 ns, Total: 108448 ns
[2020-09-11T15:25:05.025+0000][1][safepoint    ] Safepoint "Cleanup", Time since last: 1000138137 ns, Reaching safepoint: 147709 ns, At safepoint: 17467 ns, Total: 165176 ns
[2020-09-11T15:25:06.025+0000][1][safepoint    ] Safepoint "Cleanup", Time since last: 1000187556 ns, Reaching safepoint: 148564 ns, At safepoint: 8291 ns, Total: 156855 ns
[2020-09-11T15:25:06.961+0000][1][safepoint    ] Safepoint "RevokeBias", Time since last: 935569726 ns, Reaching safepoint: 80141 ns, At safepoint: 22867 ns, Total: 103008 ns
[2020-09-11T15:25:06.999+0000][1][safepoint    ] Safepoint "RevokeBias", Time since last: 37288048 ns, Reaching safepoint: 239861 ns, At safepoint: 24036 ns, Total: 263897 ns
[2020-09-11T15:25:07.059+0000][1][safepoint    ] Safepoint "RevokeBias", Time since last: 60198970 ns, Reaching safepoint: 84874 ns, At safepoint: 22329 ns, Total: 107203 ns
[2020-09-11T15:25:07.417+0000][1][safepoint    ] Safepoint "RevokeBias", Time since last: 357799692 ns, Reaching safepoint: 116655 ns, At safepoint: 23616 ns, Total: 140271 ns
[2020-09-11T15:25:07.540+0000][1][gc,start     ] GC(178) Pause Young (Allocation Failure)
[2020-09-11T15:25:07.540+0000][1][gc,task      ] GC(178) Using 1 workers of 1 for evacuation
[2020-09-11T15:25:07.558+0000][1][gc,age       ] GC(178) Desired survivor size 4358144 bytes, new threshold 2 (max threshold 6)
[2020-09-11T15:25:07.558+0000][1][gc,age       ] GC(178) Age table with threshold 2 (max threshold 6)
[2020-09-11T15:25:07.558+0000][1][gc,age       ] GC(178) - age   1:    3871072 bytes,    3871072 total
[2020-09-11T15:25:07.558+0000][1][gc,age       ] GC(178) - age   2:     531872 bytes,    4402944 total
[2020-09-11T15:25:07.558+0000][1][gc,heap      ] GC(178) ParNew: 73797K->4533K(76672K)
[2020-09-11T15:25:07.558+0000][1][gc,heap      ] GC(178) CMS: 94195K->94195K(439104K)
[2020-09-11T15:25:07.558+0000][1][gc,metaspace ] GC(178) Metaspace: 95856K->95856K(1138688K)
[2020-09-11T15:25:07.558+0000][1][gc           ] GC(178) Pause Young (Allocation Failure) 164M->96M(503M) 18.869ms
[2020-09-11T15:25:07.558+0000][1][gc,cpu       ] GC(178) User=0.01s Sys=0.00s Real=0.02s
[2020-09-11T15:25:07.559+0000][1][safepoint    ] Safepoint "GenCollectForAllocation", Time since last: 122511175 ns, Reaching safepoint: 148472 ns, At safepoint: 19866434 ns, Total: 20014906 ns
[2020-09-11T15:25:07.567+0000][1][safepoint    ] Safepoint "RevokeBias", Time since last: 7289359 ns, Reaching safepoint: 74570 ns, At safepoint: 37103 ns, Total: 111673 ns
[2020-09-11T15:25:07.570+0000][1][safepoint    ] Safepoint "RevokeBias", Time since last: 3095258 ns, Reaching safepoint: 64861 ns, At safepoint: 34804 ns, Total: 99665 ns
[2020-09-11T15:25:07.570+0000][1][safepoint    ] Safepoint "RevokeBias", Time since last: 141303 ns, Reaching safepoint: 34510 ns, At safepoint: 19994 ns, Total: 54504 ns
[2020-09-11T15:25:07.570+0000][1][safepoint    ] Safepoint "RevokeBias", Time since last: 42163 ns, Reaching safepoint: 28082 ns, At safepoint: 18270 ns, Total: 46352 ns
[2020-09-11T15:25:07.581+0000][1][safepoint    ] Safepoint "RevokeBias", Time since last: 10294026 ns, Reaching safepoint: 137244 ns, At safepoint: 21630 ns, Total: 158874 ns
[2020-09-11T15:25:08.581+0000][1][safepoint    ] Safepoint "Cleanup", Time since last: 1000137557 ns, Reaching safepoint: 138163 ns, At safepoint: 16237 ns, Total: 154400 ns
[2020-09-11T15:25:09.581+0000][1][safepoint    ] Safepoint "Cleanup", Time since last: 1000215595 ns, Reaching safepoint: 102388 ns, At safepoint: 15618 ns, Total: 118006 ns
[2020-09-11T15:25:10.359+0000][1][safepoint    ] Safepoint "RevokeBias", Time since last: 776992765 ns, Reaching safepoint: 158751 ns, At safepoint: 22080 ns, Total: 180831 ns
[2020-09-11T15:25:11.359+0000][1][safepoint    ] Safepoint "Cleanup", Time since last: 1000179627 ns, Reaching safepoint: 111543 ns, At safepoint: 8259 ns, Total: 119802 ns
[2020-09-11T15:25:12.359+0000][1][safepoint    ] Safepoint "Cleanup", Time since last: 1000147909 ns, Reaching safepoint: 135895 ns, At safepoint: 19177 ns, Total: 155072 ns
[2020-09-11T15:25:13.360+0000][1][safepoint    ] Safepoint "Cleanup", Time since last: 1000212054 ns, Reaching safepoint: 143139 ns, At safepoint: 19250 ns, Total: 162389 ns
[2020-09-11T15:25:14.360+0000][1][safepoint    ] Safepoint "Cleanup", Time since last: 1000227780 ns, Reaching safepoint: 142112 ns, At safepoint: 19395 ns, Total: 161507 ns
[2020-09-11T15:25:15.360+0000][1][safepoint    ] Safepoint "Cleanup", Time since last: 1000185449 ns, Reaching safepoint: 116241 ns, At safepoint: 8869 ns, Total: 125110 ns
[2020-09-11T15:25:16.361+0000][1][safepoint    ] Safepoint "Cleanup", Time since last: 1000248874 ns, Reaching safepoint: 144679 ns, At safepoint: 18131 ns, Total: 162810 ns
[2020-09-11T15:25:16.978+0000][1][safepoint    ] Safepoint "RevokeBias", Time since last: 616844412 ns, Reaching safepoint: 220422 ns, At safepoint: 26787 ns, Total: 247209 ns
[2020-09-11T15:25:17.007+0000][1][safepoint    ] Safepoint "RevokeBias", Time since last: 29015677 ns, Reaching safepoint: 87966 ns, At safepoint: 26847 ns, Total: 114813 ns
[2020-09-11T15:25:17.077+0000][1][safepoint    ] Safepoint "RevokeBias", Time since last: 70253444 ns, Reaching safepoint: 84894 ns, At safepoint: 21757 ns, Total: 106651 ns
[2020-09-11T15:25:17.389+0000][1][safepoint    ] Safepoint "RevokeBias", Time since last: 311153162 ns, Reaching safepoint: 83972 ns, At safepoint: 22584 ns, Total: 106556 ns
[2020-09-11T15:25:17.604+0000][1][gc,start     ] GC(179) Pause Young (Allocation Failure)
[2020-09-11T15:25:17.604+0000][1][gc,task      ] GC(179) Using 1 workers of 1 for evacuation
[2020-09-11T15:25:17.613+0000][1][gc,age       ] GC(179) Desired survivor size 4358144 bytes, new threshold 1 (max threshold 6)
[2020-09-11T15:25:17.613+0000][1][gc,age       ] GC(179) Age table with threshold 1 (max threshold 6)
[2020-09-11T15:25:17.613+0000][1][gc,age       ] GC(179) - age   1:    8641576 bytes,    8641576 total
[2020-09-11T15:25:17.613+0000][1][gc,age       ] GC(179) - age   2:      62720 bytes,    8704296 total
[2020-09-11T15:25:17.613+0000][1][gc,heap      ] GC(179) ParNew: 72419K->8512K(76672K)
[2020-09-11T15:25:17.613+0000][1][gc,heap      ] GC(179) CMS: 94195K->94991K(439104K)
[2020-09-11T15:25:17.613+0000][1][gc,metaspace ] GC(179) Metaspace: 95876K->95876K(1138688K)
[2020-09-11T15:25:17.613+0000][1][gc           ] GC(179) Pause Young (Allocation Failure) 162M->101M(503M) 8.943ms
[2020-09-11T15:25:17.613+0000][1][gc,cpu       ] GC(179) User=0.01s Sys=0.00s Real=0.00s
[2020-09-11T15:25:17.613+0000][1][safepoint    ] Safepoint "GenCollectForAllocation", Time since last: 215604534 ns, Reaching safepoint: 203027 ns, At safepoint: 9022069 ns, Total: 9225096 ns
[2020-09-11T15:25:17.625+0000][1][safepoint    ] Safepoint "RevokeBias", Time since last: 11055814 ns, Reaching safepoint: 194448 ns, At safepoint: 26265 ns, Total: 220713 ns
[2020-09-11T15:25:17.626+0000][1][safepoint    ] Safepoint "RevokeBias", Time since last: 1226981 ns, Reaching safepoint: 198678 ns, At safepoint: 18166 ns, Total: 216844 ns
[2020-09-11T15:25:17.626+0000][1][safepoint    ] Safepoint "RevokeBias", Time since last: 121974 ns, Reaching safepoint: 176046 ns, At safepoint: 17366 ns, Total: 193412 ns
[2020-09-11T15:25:17.627+0000][1][safepoint    ] Safepoint "RevokeBias", Time since last: 61872 ns, Reaching safepoint: 167710 ns, At safepoint: 15468 ns, Total: 183178 ns
[2020-09-11T15:25:17.637+0000][1][safepoint    ] Safepoint "RevokeBias", Time since last: 10213570 ns, Reaching safepoint: 185699 ns, At safepoint: 24416 ns, Total: 210115 ns
[2020-09-11T15:25:18.637+0000][1][safepoint    ] Safepoint "Cleanup", Time since last: 1000170897 ns, Reaching safepoint: 100371 ns, At safepoint: 8500 ns, Total: 108871 ns
[2020-09-11T15:25:19.638+0000][1][safepoint    ] Safepoint "Cleanup", Time since last: 1000181656 ns, Reaching safepoint: 137759 ns, At safepoint: 18696 ns, Total: 156455 ns
[2020-09-11T15:25:20.638+0000][1][safepoint    ] Safepoint "Cleanup", Time since last: 1000225539 ns, Reaching safepoint: 107587 ns, At safepoint: 8981 ns, Total: 116568 ns
[2020-09-11T15:25:20.725+0000][1][safepoint    ] Safepoint "RevokeBias", Time since last: 86760240 ns, Reaching safepoint: 191678 ns, At safepoint: 21120 ns, Total: 212798 ns
[2020-09-11T15:25:21.725+0000][1][safepoint    ] Safepoint "Cleanup", Time since last: 1000097149 ns, Reaching safepoint: 120792 ns, At safepoint: 7700 ns, Total: 128492 ns
[2020-09-11T15:25:22.726+0000][1][safepoint    ] Safepoint "Cleanup", Time since last: 1000211870 ns, Reaching safepoint: 109367 ns, At safepoint: 11117 ns, Total: 120484 ns
[2020-09-11T15:25:23.726+0000][1][safepoint    ] Safepoint "Cleanup", Time since last: 1000157138 ns, Reaching safepoint: 151978 ns, At safepoint: 7163 ns, Total: 159141 ns
[2020-09-11T15:25:24.726+0000][1][safepoint    ] Safepoint "Cleanup", Time since last: 1000174740 ns, Reaching safepoint: 88146 ns, At safepoint: 15202 ns, Total: 103348 ns
[2020-09-11T15:25:25.726+0000][1][safepoint    ] Safepoint "Cleanup", Time since last: 1000087919 ns, Reaching safepoint: 68362 ns, At safepoint: 5959 ns, Total: 74321 ns
[2020-09-11T15:25:26.727+0000][1][safepoint    ] Safepoint "Cleanup", Time since last: 1000168744 ns, Reaching safepoint: 89822 ns, At safepoint: 15528 ns, Total: 105350 ns
[2020-09-11T15:25:26.961+0000][1][safepoint    ] Safepoint "RevokeBias", Time since last: 234739515 ns, Reaching safepoint: 88949 ns, At safepoint: 22923 ns, Total: 111872 ns
[2020-09-11T15:25:27.033+0000][1][safepoint    ] Safepoint "RevokeBias", Time since last: 71519144 ns, Reaching safepoint: 84553 ns, At safepoint: 23375 ns, Total: 107928 ns
[2020-09-11T15:25:27.068+0000][1][safepoint    ] Safepoint "RevokeBias", Time since last: 34635216 ns, Reaching safepoint: 92818 ns, At safepoint: 23460 ns, Total: 116278 ns
[2020-09-11T15:25:27.156+0000][1][gc,start     ] GC(180) Pause Young (Allocation Failure)
[2020-09-11T15:25:27.156+0000][1][gc,task      ] GC(180) Using 1 workers of 1 for evacuation
[2020-09-11T15:25:27.173+0000][1][gc,age       ] GC(180) Desired survivor size 4358144 bytes, new threshold 1 (max threshold 6)
[2020-09-11T15:25:27.173+0000][1][gc,age       ] GC(180) Age table with threshold 1 (max threshold 6)
[2020-09-11T15:25:27.173+0000][1][gc,age       ] GC(180) - age   1:    5611080 bytes,    5611080 total
[2020-09-11T15:25:27.173+0000][1][gc,heap      ] GC(180) ParNew: 76671K->7275K(76672K)
[2020-09-11T15:25:27.173+0000][1][gc,heap      ] GC(180) CMS: 94991K->95502K(439104K)
[2020-09-11T15:25:27.173+0000][1][gc,metaspace ] GC(180) Metaspace: 95885K->95885K(1138688K)
[2020-09-11T15:25:27.173+0000][1][gc           ] GC(180) Pause Young (Allocation Failure) 167M->100M(503M) 17.875ms
[2020-09-11T15:25:27.173+0000][1][gc,cpu       ] GC(180) User=0.00s Sys=0.00s Real=0.01s
[2020-09-11T15:25:27.176+0000][1][safepoint    ] Safepoint "GenCollectForAllocation", Time since last: 81555634 ns, Reaching safepoint: 6145165 ns, At safepoint: 20764898 ns, Total: 26910063 ns
[2020-09-11T15:25:27.426+0000][1][safepoint    ] Safepoint "RevokeBias", Time since last: 249359560 ns, Reaching safepoint: 87457 ns, At safepoint: 27059 ns, Total: 114516 ns
[2020-09-11T15:25:27.673+0000][1][safepoint    ] Safepoint "RevokeBias", Time since last: 247260467 ns, Reaching safepoint: 191508 ns, At safepoint: 31352 ns, Total: 222860 ns
[2020-09-11T15:25:27.674+0000][1][safepoint    ] Safepoint "RevokeBias", Time since last: 767514 ns, Reaching safepoint: 170643 ns, At safepoint: 19013 ns, Total: 189656 ns
[2020-09-11T15:25:27.676+0000][1][safepoint    ] Safepoint "RevokeBias", Time since last: 1228609 ns, Reaching safepoint: 179937 ns, At safepoint: 20251 ns, Total: 200188 ns
[2020-09-11T15:25:27.676+0000][1][safepoint    ] Safepoint "RevokeBias", Time since last: 62179 ns, Reaching safepoint: 165734 ns, At safepoint: 16654 ns, Total: 182388 ns
[2020-09-11T15:25:27.685+0000][1][safepoint    ] Safepoint "RevokeBias", Time since last: 8842504 ns, Reaching safepoint: 146110 ns, At safepoint: 25802 ns, Total: 171912 ns
[2020-09-11T15:25:28.685+0000][1][safepoint    ] Safepoint "Cleanup", Time since last: 1000165437 ns, Reaching safepoint: 154367 ns, At safepoint: 20547 ns, Total: 174914 ns
[2020-09-11T15:25:29.686+0000][1][safepoint    ] Safepoint "Cleanup", Time since last: 1000236148 ns, Reaching safepoint: 145507 ns, At safepoint: 20694 ns, Total: 166201 ns
[2020-09-11T15:25:30.686+0000][1][safepoint    ] Safepoint "Cleanup", Time since last: 1000245388 ns, Reaching safepoint: 100699 ns, At safepoint: 9465 ns, Total: 110164 ns
[2020-09-11T15:25:31.058+0000][1][safepoint    ] Safepoint "RevokeBias", Time since last: 370812789 ns, Reaching safepoint: 1441005 ns, At safepoint: 32311 ns, Total: 1473316 ns
[2020-09-11T15:25:32.059+0000][1][safepoint    ] Safepoint "Cleanup", Time since last: 1000166392 ns, Reaching safepoint: 161841 ns, At safepoint: 19712 ns, Total: 181553 ns
[2020-09-11T15:25:33.059+0000][1][safepoint    ] Safepoint "Cleanup", Time since last: 1000158423 ns, Reaching safepoint: 142871 ns, At safepoint: 19221 ns, Total: 162092 ns
[2020-09-11T15:25:33.203+0000][1][gc,start     ] GC(181) Pause Young (Allocation Failure)
[2020-09-11T15:25:33.203+0000][1][gc,task      ] GC(181) Using 1 workers of 1 for evacuation
[2020-09-11T15:25:33.212+0000][1][gc,age       ] GC(181) Desired survivor size 4358144 bytes, new threshold 6 (max threshold 6)
[2020-09-11T15:25:33.212+0000][1][gc,age       ] GC(181) Age table with threshold 6 (max threshold 6)
[2020-09-11T15:25:33.212+0000][1][gc,age       ] GC(181) - age   1:     896632 bytes,     896632 total
[2020-09-11T15:25:33.212+0000][1][gc,heap      ] GC(181) ParNew: 75435K->5928K(76672K)
[2020-09-11T15:25:33.212+0000][1][gc,heap      ] GC(181) CMS: 95502K->96257K(439104K)
[2020-09-11T15:25:33.212+0000][1][gc,metaspace ] GC(181) Metaspace: 95895K->95895K(1138688K)
[2020-09-11T15:25:33.212+0000][1][gc           ] GC(181) Pause Young (Allocation Failure) 166M->99M(503M) 9.145ms
[2020-09-11T15:25:33.212+0000][1][gc,cpu       ] GC(181) User=0.01s Sys=0.00s Real=0.01s
[2020-09-11T15:25:33.212+0000][1][safepoint    ] Safepoint "GenCollectForAllocation", Time since last: 143429248 ns, Reaching safepoint: 452331 ns, At safepoint: 9265051 ns, Total: 9717382 ns
[2020-09-11T15:25:34.216+0000][1][safepoint    ] Safepoint "Cleanup", Time since last: 1003532825 ns, Reaching safepoint: 66071 ns, At safepoint: 7642 ns, Total: 73713 ns
[2020-09-11T15:25:35.216+0000][1][safepoint    ] Safepoint "Cleanup", Time since last: 1000162880 ns, Reaching safepoint: 108903 ns, At safepoint: 6858 ns, Total: 115761 ns
[2020-09-11T15:25:36.217+0000][1][safepoint    ] Safepoint "Cleanup", Time since last: 1000993756 ns, Reaching safepoint: 100249 ns, At safepoint: 7056 ns, Total: 107305 ns
[2020-09-11T15:25:36.976+0000][1][safepoint    ] Safepoint "RevokeBias", Time since last: 758606150 ns, Reaching safepoint: 293242 ns, At safepoint: 22857 ns, Total: 316099 ns
[2020-09-11T15:25:37.048+0000][1][safepoint    ] Safepoint "RevokeBias", Time since last: 72034243 ns, Reaching safepoint: 95410 ns, At safepoint: 21752 ns, Total: 117162 ns
[2020-09-11T15:25:37.071+0000][1][safepoint    ] Safepoint "RevokeBias", Time since last: 22816117 ns, Reaching safepoint: 89614 ns, At safepoint: 23480 ns, Total: 113094 ns
[2020-09-11T15:25:37.363+0000][1][safepoint    ] Safepoint "RevokeBias", Time since last: 291889024 ns, Reaching safepoint: 100990 ns, At safepoint: 22227 ns, Total: 123217 ns
[2020-09-11T15:25:37.727+0000][1][gc,start     ] GC(182) Pause Young (Allocation Failure)
[2020-09-11T15:25:37.727+0000][1][gc,task      ] GC(182) Using 1 workers of 1 for evacuation
[2020-09-11T15:25:37.733+0000][1][gc,age       ] GC(182) Desired survivor size 4358144 bytes, new threshold 6 (max threshold 6)
[2020-09-11T15:25:37.733+0000][1][gc,age       ] GC(182) Age table with threshold 6 (max threshold 6)
[2020-09-11T15:25:37.733+0000][1][gc,age       ] GC(182) - age   1:    1540440 bytes,    1540440 total
[2020-09-11T15:25:37.733+0000][1][gc,age       ] GC(182) - age   2:     831488 bytes,    2371928 total
[2020-09-11T15:25:37.733+0000][1][gc,heap      ] GC(182) ParNew: 74088K->3292K(76672K)
[2020-09-11T15:25:37.733+0000][1][gc,heap      ] GC(182) CMS: 96257K->96257K(439104K)
[2020-09-11T15:25:37.733+0000][1][gc,metaspace ] GC(182) Metaspace: 95939K->95939K(1138688K)
[2020-09-11T15:25:37.733+0000][1][gc           ] GC(182) Pause Young (Allocation Failure) 166M->97M(503M) 6.273ms
[2020-09-11T15:25:37.733+0000][1][gc,cpu       ] GC(182) User=0.01s Sys=0.00s Real=0.00s
[2020-09-11T15:25:37.739+0000][1][safepoint    ] Safepoint "GenCollectForAllocation", Time since last: 363763679 ns, Reaching safepoint: 195161 ns, At safepoint: 11969091 ns, Total: 12164252 ns
[2020-09-11T15:25:37.740+0000][1][safepoint    ] Safepoint "RevokeBias", Time since last: 862375 ns, Reaching safepoint: 68030 ns, At safepoint: 29846 ns, Total: 97876 ns
[2020-09-11T15:25:37.741+0000][1][safepoint    ] Safepoint "RevokeBias", Time since last: 710847 ns, Reaching safepoint: 30311 ns, At safepoint: 48451 ns, Total: 78762 ns
[2020-09-11T15:25:37.741+0000][1][safepoint    ] Safepoint "RevokeBias", Time since last: 123057 ns, Reaching safepoint: 33919 ns, At safepoint: 19408 ns, Total: 53327 ns
[2020-09-11T15:25:37.741+0000][1][safepoint    ] Safepoint "RevokeBias", Time since last: 37423 ns, Reaching safepoint: 27673 ns, At safepoint: 18135 ns, Total: 45808 ns
[2020-09-11T15:25:37.745+0000][1][safepoint    ] Safepoint "BulkRevokeBias", Time since last: 3320871 ns, Reaching safepoint: 126978 ns, At safepoint: 216552 ns, Total: 343530 ns
[2020-09-11T15:25:38.745+0000][1][safepoint    ] Safepoint "Cleanup", Time since last: 1000168966 ns, Reaching safepoint: 157210 ns, At safepoint: 19926 ns, Total: 177136 ns
[2020-09-11T15:25:39.745+0000][1][safepoint    ] Safepoint "Cleanup", Time since last: 1000238695 ns, Reaching safepoint: 168694 ns, At safepoint: 21162 ns, Total: 189856 ns
[2020-09-11T15:25:40.746+0000][1][safepoint    ] Safepoint "Cleanup", Time since last: 1000252570 ns, Reaching safepoint: 104353 ns, At safepoint: 8567 ns, Total: 112920 ns
[2020-09-11T15:25:41.569+0000][1][safepoint    ] Safepoint "RevokeBias", Time since last: 823167709 ns, Reaching safepoint: 165602 ns, At safepoint: 22951 ns, Total: 188553 ns
[2020-09-11T15:25:42.569+0000][1][safepoint    ] Safepoint "Cleanup", Time since last: 1000185085 ns, Reaching safepoint: 103174 ns, At safepoint: 7510 ns, Total: 110684 ns
[2020-09-11T15:25:43.570+0000][1][safepoint    ] Safepoint "Cleanup", Time since last: 1000133662 ns, Reaching safepoint: 130489 ns, At safepoint: 8105 ns, Total: 138594 ns
[2020-09-11T15:25:44.570+0000][1][safepoint    ] Safepoint "Cleanup", Time since last: 1000191579 ns, Reaching safepoint: 97806 ns, At safepoint: 8403 ns, Total: 106209 ns
[2020-09-11T15:25:45.570+0000][1][safepoint    ] Safepoint "Cleanup", Time since last: 1000160656 ns, Reaching safepoint: 171327 ns, At safepoint: 21836 ns, Total: 193163 ns
[2020-09-11T15:25:46.571+0000][1][safepoint    ] Safepoint "Cleanup", Time since last: 1000219037 ns, Reaching safepoint: 106126 ns, At safepoint: 8110 ns, Total: 114236 ns
[2020-09-11T15:25:46.968+0000][1][safepoint    ] Safepoint "RevokeBias", Time since last: 397170764 ns, Reaching safepoint: 165926 ns, At safepoint: 22972 ns, Total: 188898 ns
[2020-09-11T15:25:47.019+0000][1][safepoint    ] Safepoint "RevokeBias", Time since last: 51040546 ns, Reaching safepoint: 85008 ns, At safepoint: 22634 ns, Total: 107642 ns
[2020-09-11T15:25:47.101+0000][1][safepoint    ] Safepoint "RevokeBias", Time since last: 82000181 ns, Reaching safepoint: 82357 ns, At safepoint: 23083 ns, Total: 105440 ns
[2020-09-11T15:25:47.442+0000][1][safepoint    ] Safepoint "RevokeBias", Time since last: 340976176 ns, Reaching safepoint: 91611 ns, At safepoint: 21836 ns, Total: 113447 ns
[2020-09-11T15:25:47.775+0000][1][gc,start     ] GC(183) Pause Young (Allocation Failure)
[2020-09-11T15:25:47.775+0000][1][gc,task      ] GC(183) Using 1 workers of 1 for evacuation
[2020-09-11T15:25:47.785+0000][1][gc,age       ] GC(183) Desired survivor size 4358144 bytes, new threshold 1 (max threshold 6)
[2020-09-11T15:25:47.785+0000][1][gc,age       ] GC(183) Age table with threshold 1 (max threshold 6)
[2020-09-11T15:25:47.785+0000][1][gc,age       ] GC(183) - age   1:    8380440 bytes,    8380440 total
[2020-09-11T15:25:47.785+0000][1][gc,age       ] GC(183) - age   2:       1600 bytes,    8382040 total
[2020-09-11T15:25:47.785+0000][1][gc,age       ] GC(183) - age   3:     272544 bytes,    8654584 total
[2020-09-11T15:25:47.785+0000][1][gc,heap      ] GC(183) ParNew: 70978K->8512K(76672K)
[2020-09-11T15:25:47.785+0000][1][gc,heap      ] GC(183) CMS: 96257K->97073K(439104K)
[2020-09-11T15:25:47.785+0000][1][gc,metaspace ] GC(183) Metaspace: 95953K->95953K(1138688K)
[2020-09-11T15:25:47.785+0000][1][gc           ] GC(183) Pause Young (Allocation Failure) 163M->103M(503M) 10.317ms
[2020-09-11T15:25:47.785+0000][1][gc,cpu       ] GC(183) User=0.01s Sys=0.00s Real=0.02s
[2020-09-11T15:25:47.791+0000][1][safepoint    ] Safepoint "GenCollectForAllocation", Time since last: 332159956 ns, Reaching safepoint: 189630 ns, At safepoint: 16631477 ns, Total: 16821107 ns
[2020-09-11T15:25:47.797+0000][1][safepoint    ] Safepoint "RevokeBias", Time since last: 5873045 ns, Reaching safepoint: 184548 ns, At safepoint: 23303 ns, Total: 207851 ns
[2020-09-11T15:25:47.799+0000][1][safepoint    ] Safepoint "RevokeBias", Time since last: 1441022 ns, Reaching safepoint: 139118 ns, At safepoint: 16964 ns, Total: 156082 ns
[2020-09-11T15:25:47.799+0000][1][safepoint    ] Safepoint "RevokeBias", Time since last: 96318 ns, Reaching safepoint: 154130 ns, At safepoint: 14627 ns, Total: 168757 ns
[2020-09-11T15:25:47.800+0000][1][safepoint    ] Safepoint "RevokeBias", Time since last: 66811 ns, Reaching safepoint: 145073 ns, At safepoint: 12806 ns, Total: 157879 ns
[2020-09-11T15:25:47.810+0000][1][safepoint    ] Safepoint "RevokeBias", Time since last: 10533664 ns, Reaching safepoint: 143801 ns, At safepoint: 21857 ns, Total: 165658 ns
[2020-09-11T15:25:47.836+0000][1][safepoint    ] Safepoint "RevokeBias", Time since last: 26016108 ns, Reaching safepoint: 144256 ns, At safepoint: 20185 ns, Total: 164441 ns
[2020-09-11T15:25:47.837+0000][1][safepoint    ] Safepoint "RevokeBias", Time since last: 239850 ns, Reaching safepoint: 102096 ns, At safepoint: 13039 ns, Total: 115135 ns
[2020-09-11T15:25:47.844+0000][1][safepoint    ] Safepoint "RevokeBias", Time since last: 6704369 ns, Reaching safepoint: 143564 ns, At safepoint: 8968 ns, Total: 152532 ns
[2020-09-11T15:25:47.928+0000][1][gc,start     ] GC(184) Pause Young (Allocation Failure)
[2020-09-11T15:25:47.928+0000][1][gc,task      ] GC(184) Using 1 workers of 1 for evacuation
[2020-09-11T15:25:47.944+0000][1][gc,age       ] GC(184) Desired survivor size 4358144 bytes, new threshold 6 (max threshold 6)
[2020-09-11T15:25:47.944+0000][1][gc,age       ] GC(184) Age table with threshold 6 (max threshold 6)
[2020-09-11T15:25:47.944+0000][1][gc,age       ] GC(184) - age   1:    1710480 bytes,    1710480 total
[2020-09-11T15:25:47.944+0000][1][gc,heap      ] GC(184) ParNew: 76672K->6876K(76672K)
[2020-09-11T15:25:47.944+0000][1][gc,heap      ] GC(184) CMS: 97073K->97973K(439104K)
[2020-09-11T15:25:47.944+0000][1][gc,metaspace ] GC(184) Metaspace: 95969K->95969K(1138688K)
[2020-09-11T15:25:47.944+0000][1][gc           ] GC(184) Pause Young (Allocation Failure) 169M->102M(503M) 16.248ms
[2020-09-11T15:25:47.944+0000][1][gc,cpu       ] GC(184) User=0.02s Sys=0.00s Real=0.02s
[2020-09-11T15:25:47.944+0000][1][safepoint    ] Safepoint "GenCollectForAllocation", Time since last: 83744988 ns, Reaching safepoint: 173191 ns, At safepoint: 16332968 ns, Total: 16506159 ns
[2020-09-11T15:25:47.984+0000][1][safepoint    ] Safepoint "RevokeBias", Time since last: 39487028 ns, Reaching safepoint: 170508 ns, At safepoint: 24584 ns, Total: 195092 ns
[2020-09-11T15:25:47.984+0000][1][safepoint    ] Safepoint "RevokeBias", Time since last: 116874 ns, Reaching safepoint: 29361 ns, At safepoint: 12306 ns, Total: 41667 ns
[2020-09-11T15:25:47.984+0000][1][safepoint    ] Safepoint "RevokeBias", Time since last: 52937 ns, Reaching safepoint: 27704 ns, At safepoint: 10495 ns, Total: 38199 ns
[2020-09-11T15:25:47.984+0000][1][safepoint    ] Safepoint "RevokeBias", Time since last: 45191 ns, Reaching safepoint: 27572 ns, At safepoint: 10331 ns, Total: 37903 ns
[2020-09-11T15:25:47.984+0000][1][safepoint    ] Safepoint "RevokeBias", Time since last: 45033 ns, Reaching safepoint: 27221 ns, At safepoint: 10057 ns, Total: 37278 ns
[2020-09-11T15:25:47.984+0000][1][safepoint    ] Safepoint "RevokeBias", Time since last: 44642 ns, Reaching safepoint: 26767 ns, At safepoint: 10156 ns, Total: 36923 ns
[2020-09-11T15:25:47.984+0000][1][safepoint    ] Safepoint "BulkRevokeBias", Time since last: 46545 ns, Reaching safepoint: 26652 ns, At safepoint: 202192 ns, Total: 228844 ns
[2020-09-11T15:25:48.839+0000][1][safepoint    ] Safepoint "RevokeBias", Time since last: 854247973 ns, Reaching safepoint: 189927 ns, At safepoint: 9535 ns, Total: 199462 ns
[2020-09-11T15:25:49.839+0000][1][safepoint    ] Safepoint "Cleanup", Time since last: 1000172387 ns, Reaching safepoint: 145016 ns, At safepoint: 19198 ns, Total: 164214 ns
[2020-09-11T15:25:50.840+0000][1][safepoint    ] Safepoint "Cleanup", Time since last: 1000267043 ns, Reaching safepoint: 77244 ns, At safepoint: 8273 ns, Total: 85517 ns
[2020-09-11T15:25:51.776+0000][1][safepoint    ] Safepoint "RevokeBias", Time since last: 936722634 ns, Reaching safepoint: 154402 ns, At safepoint: 9619 ns, Total: 164021 ns
[2020-09-11T15:25:51.778+0000][1][safepoint    ] Safepoint "RevokeBias", Time since last: 1071388 ns, Reaching safepoint: 118166 ns, At safepoint: 18858 ns, Total: 137024 ns
[2020-09-11T15:25:51.784+0000][1][safepoint    ] Safepoint "RevokeBias", Time since last: 6248212 ns, Reaching safepoint: 76686 ns, At safepoint: 8981 ns, Total: 85667 ns
[2020-09-11T15:25:51.812+0000][1][safepoint    ] Safepoint "RevokeBias", Time since last: 25422807 ns, Reaching safepoint: 2120490 ns, At safepoint: 14231 ns, Total: 2134721 ns
[2020-09-11T15:25:52.812+0000][1][safepoint    ] Safepoint "Cleanup", Time since last: 1000112069 ns, Reaching safepoint: 83976 ns, At safepoint: 7714 ns, Total: 91690 ns
[2020-09-11T15:25:53.812+0000][1][safepoint    ] Safepoint "Cleanup", Time since last: 1000229999 ns, Reaching safepoint: 84292 ns, At safepoint: 7917 ns, Total: 92209 ns
[2020-09-11T15:25:54.812+0000][1][safepoint    ] Safepoint "Cleanup", Time since last: 1000176066 ns, Reaching safepoint: 106979 ns, At safepoint: 8086 ns, Total: 115065 ns
[2020-09-11T15:25:55.813+0000][1][safepoint    ] Safepoint "Cleanup", Time since last: 1000184181 ns, Reaching safepoint: 102248 ns, At safepoint: 8549 ns, Total: 110797 ns
[2020-09-11T15:25:56.813+0000][1][safepoint    ] Safepoint "Cleanup", Time since last: 1000194179 ns, Reaching safepoint: 147662 ns, At safepoint: 20143 ns, Total: 167805 ns
[2020-09-11T15:25:56.973+0000][1][safepoint    ] Safepoint "RevokeBias", Time since last: 160372536 ns, Reaching safepoint: 92959 ns, At safepoint: 24164 ns, Total: 117123 ns
[2020-09-11T15:25:56.996+0000][1][safepoint    ] Safepoint "RevokeBias", Time since last: 22780901 ns, Reaching safepoint: 87490 ns, At safepoint: 23392 ns, Total: 110882 ns
[2020-09-11T15:25:57.068+0000][1][safepoint    ] Safepoint "RevokeBias", Time since last: 71830752 ns, Reaching safepoint: 80394 ns, At safepoint: 21960 ns, Total: 102354 ns
[2020-09-11T15:25:57.279+0000][1][gc,start     ] GC(185) Pause Young (Allocation Failure)
[2020-09-11T15:25:57.279+0000][1][gc,task      ] GC(185) Using 1 workers of 1 for evacuation
[2020-09-11T15:25:57.290+0000][1][gc,age       ] GC(185) Desired survivor size 4358144 bytes, new threshold 1 (max threshold 6)
[2020-09-11T15:25:57.290+0000][1][gc,age       ] GC(185) Age table with threshold 1 (max threshold 6)
[2020-09-11T15:25:57.290+0000][1][gc,age       ] GC(185) - age   1:    5428976 bytes,    5428976 total
[2020-09-11T15:25:57.290+0000][1][gc,age       ] GC(185) - age   2:      14728 bytes,    5443704 total
[2020-09-11T15:25:57.290+0000][1][gc,heap      ] GC(185) ParNew: 75036K->6409K(76672K)
[2020-09-11T15:25:57.290+0000][1][gc,heap      ] GC(185) CMS: 97973K->97973K(439104K)
[2020-09-11T15:25:57.290+0000][1][gc,metaspace ] GC(185) Metaspace: 95989K->95989K(1138688K)
[2020-09-11T15:25:57.290+0000][1][gc           ] GC(185) Pause Young (Allocation Failure) 168M->101M(503M) 11.059ms
[2020-09-11T15:25:57.290+0000][1][gc,cpu       ] GC(185) User=0.01s Sys=0.00s Real=0.01s
[2020-09-11T15:25:57.290+0000][1][safepoint    ] Safepoint "GenCollectForAllocation", Time since last: 210487669 ns, Reaching safepoint: 252074 ns, At safepoint: 11267073 ns, Total: 11519147 ns
[2020-09-11T15:25:57.428+0000][1][safepoint    ] Safepoint "RevokeBias", Time since last: 137576593 ns, Reaching safepoint: 88855 ns, At safepoint: 21974 ns, Total: 110829 ns
[2020-09-11T15:25:57.874+0000][1][safepoint    ] Safepoint "RevokeBias", Time since last: 445692085 ns, Reaching safepoint: 198206 ns, At safepoint: 24101 ns, Total: 222307 ns
[2020-09-11T15:25:57.875+0000][1][safepoint    ] Safepoint "RevokeBias", Time since last: 1206595 ns, Reaching safepoint: 183611 ns, At safepoint: 18668 ns, Total: 202279 ns
[2020-09-11T15:25:57.876+0000][1][safepoint    ] Safepoint "RevokeBias", Time since last: 147233 ns, Reaching safepoint: 176759 ns, At safepoint: 15063 ns, Total: 191822 ns
[2020-09-11T15:25:57.876+0000][1][safepoint    ] Safepoint "RevokeBias", Time since last: 55805 ns, Reaching safepoint: 133256 ns, At safepoint: 13380 ns, Total: 146636 ns
[2020-09-11T15:25:57.882+0000][1][safepoint    ] Safepoint "RevokeBias", Time since last: 6279977 ns, Reaching safepoint: 183360 ns, At safepoint: 23887 ns, Total: 207247 ns
[2020-09-11T15:25:58.883+0000][1][safepoint    ] Safepoint "Cleanup", Time since last: 1000130720 ns, Reaching safepoint: 150646 ns, At safepoint: 18238 ns, Total: 168884 ns
[2020-09-11T15:25:59.883+0000][1][safepoint    ] Safepoint "Cleanup", Time since last: 1000201659 ns, Reaching safepoint: 105516 ns, At safepoint: 8268 ns, Total: 113784 ns
[2020-09-11T15:26:00.883+0000][1][safepoint    ] Safepoint "Cleanup", Time since last: 1000117771 ns, Reaching safepoint: 76758 ns, At safepoint: 7964 ns, Total: 84722 ns
[2020-09-11T15:26:01.883+0000][1][safepoint    ] Safepoint "Cleanup", Time since last: 1000155351 ns, Reaching safepoint: 124403 ns, At safepoint: 6930 ns, Total: 131333 ns
[2020-09-11T15:26:02.884+0000][1][safepoint    ] Safepoint "Cleanup", Time since last: 1000182408 ns, Reaching safepoint: 164153 ns, At safepoint: 19939 ns, Total: 184092 ns
[2020-09-11T15:26:03.884+0000][1][safepoint    ] Safepoint "Cleanup", Time since last: 1000217106 ns, Reaching safepoint: 103315 ns, At safepoint: 8144 ns, Total: 111459 ns
[2020-09-11T15:26:04.884+0000][1][safepoint    ] Safepoint "Cleanup", Time since last: 1000134858 ns, Reaching safepoint: 144384 ns, At safepoint: 18419 ns, Total: 162803 ns
[2020-09-11T15:26:05.885+0000][1][safepoint    ] Safepoint "Cleanup", Time since last: 1000226074 ns, Reaching safepoint: 171988 ns, At safepoint: 20136 ns, Total: 192124 ns
[2020-09-11T15:26:06.547+0000][1][gc,start     ] GC(186) Pause Young (Allocation Failure)
[2020-09-11T15:26:06.547+0000][1][gc,task      ] GC(186) Using 1 workers of 1 for evacuation
[2020-09-11T15:26:06.552+0000][1][gc,age       ] GC(186) Desired survivor size 4358144 bytes, new threshold 6 (max threshold 6)
[2020-09-11T15:26:06.553+0000][1][gc,age       ] GC(186) Age table with threshold 6 (max threshold 6)
[2020-09-11T15:26:06.553+0000][1][gc,age       ] GC(186) - age   1:     455016 bytes,     455016 total
[2020-09-11T15:26:06.553+0000][1][gc,heap      ] GC(186) ParNew: 74568K->4521K(76672K)
[2020-09-11T15:26:06.553+0000][1][gc,heap      ] GC(186) CMS: 97973K->98437K(439104K)
[2020-09-11T15:26:06.553+0000][1][gc,metaspace ] GC(186) Metaspace: 95996K->95996K(1138688K)
[2020-09-11T15:26:06.553+0000][1][gc           ] GC(186) Pause Young (Allocation Failure) 168M->100M(503M) 5.901ms
[2020-09-11T15:26:06.553+0000][1][gc,cpu       ] GC(186) User=0.00s Sys=0.00s Real=0.00s
[2020-09-11T15:26:06.553+0000][1][safepoint    ] Safepoint "GenCollectForAllocation", Time since last: 661771990 ns, Reaching safepoint: 75303 ns, At safepoint: 5996968 ns, Total: 6072271 ns
[2020-09-11T15:26:06.959+0000][1][safepoint    ] Safepoint "RevokeBias", Time since last: 405703153 ns, Reaching safepoint: 85768 ns, At safepoint: 35182 ns, Total: 120950 ns
[2020-09-11T15:26:06.981+0000][1][safepoint    ] Safepoint "RevokeBias", Time since last: 21963961 ns, Reaching safepoint: 71849 ns, At safepoint: 30488 ns, Total: 102337 ns
[2020-09-11T15:26:07.004+0000][1][safepoint    ] Safepoint "RevokeBias", Time since last: 23240147 ns, Reaching safepoint: 96358 ns, At safepoint: 22080 ns, Total: 118438 ns
[2020-09-11T15:26:07.072+0000][1][safepoint    ] Safepoint "RevokeBias", Time since last: 67653894 ns, Reaching safepoint: 85010 ns, At safepoint: 22656 ns, Total: 107666 ns
[2020-09-11T15:26:07.382+0000][1][safepoint    ] Safepoint "BulkRevokeBias", Time since last: 310355145 ns, Reaching safepoint: 100290 ns, At safepoint: 216002 ns, Total: 316292 ns
[2020-09-11T15:26:07.912+0000][1][safepoint    ] Safepoint "RevokeBias", Time since last: 529552956 ns, Reaching safepoint: 207088 ns, At safepoint: 25828 ns, Total: 232916 ns
[2020-09-11T15:26:07.913+0000][1][safepoint    ] Safepoint "RevokeBias", Time since last: 804445 ns, Reaching safepoint: 177511 ns, At safepoint: 19494 ns, Total: 197005 ns
[2020-09-11T15:26:07.913+0000][1][safepoint    ] Safepoint "RevokeBias", Time since last: 112472 ns, Reaching safepoint: 176824 ns, At safepoint: 16027 ns, Total: 192851 ns
[2020-09-11T15:26:07.914+0000][1][safepoint    ] Safepoint "RevokeBias", Time since last: 53079 ns, Reaching safepoint: 168061 ns, At safepoint: 14765 ns, Total: 182826 ns
[2020-09-11T15:26:07.916+0000][1][gc,start     ] GC(187) Pause Young (Allocation Failure)
[2020-09-11T15:26:07.917+0000][1][gc,task      ] GC(187) Using 1 workers of 1 for evacuation
[2020-09-11T15:26:07.923+0000][1][gc,age       ] GC(187) Desired survivor size 4358144 bytes, new threshold 6 (max threshold 6)
[2020-09-11T15:26:07.923+0000][1][gc,age       ] GC(187) Age table with threshold 6 (max threshold 6)
[2020-09-11T15:26:07.923+0000][1][gc,age       ] GC(187) - age   1:     594368 bytes,     594368 total
[2020-09-11T15:26:07.923+0000][1][gc,age       ] GC(187) - age   2:     436008 bytes,    1030376 total
[2020-09-11T15:26:07.923+0000][1][gc,heap      ] GC(187) ParNew: 72681K->1213K(76672K)
[2020-09-11T15:26:07.923+0000][1][gc,heap      ] GC(187) CMS: 98437K->98437K(439104K)
[2020-09-11T15:26:07.923+0000][1][gc,metaspace ] GC(187) Metaspace: 96044K->96044K(1138688K)
[2020-09-11T15:26:07.923+0000][1][gc           ] GC(187) Pause Young (Allocation Failure) 167M->97M(503M) 6.747ms
[2020-09-11T15:26:07.923+0000][1][gc,cpu       ] GC(187) User=0.00s Sys=0.00s Real=0.00s
[2020-09-11T15:26:07.923+0000][1][safepoint    ] Safepoint "GenCollectForAllocation", Time since last: 2581149 ns, Reaching safepoint: 175953 ns, At safepoint: 6811855 ns, Total: 6987808 ns
[2020-09-11T15:26:07.925+0000][1][safepoint    ] Safepoint "RevokeBias", Time since last: 1392542 ns, Reaching safepoint: 62799 ns, At safepoint: 33099 ns, Total: 95898 ns
[2020-09-11T15:26:08.928+0000][1][safepoint    ] Safepoint "Cleanup", Time since last: 1002781829 ns, Reaching safepoint: 105399 ns, At safepoint: 9642 ns, Total: 115041 ns
[2020-09-11T15:26:09.928+0000][1][safepoint    ] Safepoint "Cleanup", Time since last: 1000194399 ns, Reaching safepoint: 103706 ns, At safepoint: 7856 ns, Total: 111562 ns
[2020-09-11T15:26:10.928+0000][1][safepoint    ] Safepoint "Cleanup", Time since last: 1000164979 ns, Reaching safepoint: 147986 ns, At safepoint: 19014 ns, Total: 167000 ns
[2020-09-11T15:26:11.929+0000][1][safepoint    ] Safepoint "Cleanup", Time since last: 1000216147 ns, Reaching safepoint: 103428 ns, At safepoint: 7998 ns, Total: 111426 ns
[2020-09-11T15:26:12.929+0000][1][safepoint    ] Safepoint "Cleanup", Time since last: 1000116466 ns, Reaching safepoint: 84424 ns, At safepoint: 9970 ns, Total: 94394 ns
[2020-09-11T15:26:13.929+0000][1][safepoint    ] Safepoint "Cleanup", Time since last: 1000152021 ns, Reaching safepoint: 115129 ns, At safepoint: 7044 ns, Total: 122173 ns
[2020-09-11T15:26:14.930+0000][1][safepoint    ] Safepoint "Cleanup", Time since last: 1000316861 ns, Reaching safepoint: 74042 ns, At safepoint: 6844 ns, Total: 80886 ns
[2020-09-11T15:26:15.930+0000][1][safepoint    ] Safepoint "Cleanup", Time since last: 1000134346 ns, Reaching safepoint: 80085 ns, At safepoint: 6210 ns, Total: 86295 ns
[2020-09-11T15:26:16.930+0000][1][safepoint    ] Safepoint "Cleanup", Time since last: 1000197513 ns, Reaching safepoint: 100978 ns, At safepoint: 8265 ns, Total: 109243 ns
[2020-09-11T15:26:16.965+0000][1][safepoint    ] Safepoint "RevokeBias", Time since last: 35118092 ns, Reaching safepoint: 86159 ns, At safepoint: 28096 ns, Total: 114255 ns
[2020-09-11T15:26:16.983+0000][1][safepoint    ] Safepoint "RevokeBias", Time since last: 17639066 ns, Reaching safepoint: 195839 ns, At safepoint: 20750 ns, Total: 216589 ns
[2020-09-11T15:26:16.999+0000][1][safepoint    ] Safepoint "RevokeBias", Time since last: 16054230 ns, Reaching safepoint: 90847 ns, At safepoint: 22898 ns, Total: 113745 ns
[2020-09-11T15:26:17.065+0000][1][safepoint    ] Safepoint "RevokeBias", Time since last: 65357830 ns, Reaching safepoint: 86755 ns, At safepoint: 23486 ns, Total: 110241 ns
[2020-09-11T15:26:17.313+0000][1][safepoint    ] Safepoint "RevokeBias", Time since last: 248341395 ns, Reaching safepoint: 94615 ns, At safepoint: 27281 ns, Total: 121896 ns
[2020-09-11T15:26:17.946+0000][1][gc,start     ] GC(188) Pause Young (Allocation Failure)
[2020-09-11T15:26:17.946+0000][1][gc,task      ] GC(188) Using 1 workers of 1 for evacuation
[2020-09-11T15:26:17.953+0000][1][gc,age       ] GC(188) Desired survivor size 4358144 bytes, new threshold 1 (max threshold 6)
[2020-09-11T15:26:17.953+0000][1][gc,age       ] GC(188) Age table with threshold 1 (max threshold 6)
[2020-09-11T15:26:17.953+0000][1][gc,age       ] GC(188) - age   1:    6650376 bytes,    6650376 total
[2020-09-11T15:26:17.953+0000][1][gc,age       ] GC(188) - age   2:      13096 bytes,    6663472 total
[2020-09-11T15:26:17.953+0000][1][gc,age       ] GC(188) - age   3:     309296 bytes,    6972768 total
[2020-09-11T15:26:17.953+0000][1][gc,heap      ] GC(188) ParNew: 69318K->7406K(76672K)
[2020-09-11T15:26:17.953+0000][1][gc,heap      ] GC(188) CMS: 98437K->98437K(439104K)
[2020-09-11T15:26:17.953+0000][1][gc,metaspace ] GC(188) Metaspace: 96053K->96053K(1138688K)
[2020-09-11T15:26:17.953+0000][1][gc           ] GC(188) Pause Young (Allocation Failure) 163M->103M(503M) 7.264ms
[2020-09-11T15:26:17.953+0000][1][gc,cpu       ] GC(188) User=0.01s Sys=0.00s Real=0.00s
[2020-09-11T15:26:17.953+0000][1][safepoint    ] Safepoint "GenCollectForAllocation", Time since last: 632709840 ns, Reaching safepoint: 210504 ns, At safepoint: 7334588 ns, Total: 7545092 ns
[2020-09-11T15:26:17.960+0000][1][safepoint    ] Safepoint "RevokeBias", Time since last: 6738507 ns, Reaching safepoint: 80952 ns, At safepoint: 46372 ns, Total: 127324 ns
[2020-09-11T15:26:17.962+0000][1][safepoint    ] Safepoint "RevokeBias", Time since last: 1774180 ns, Reaching safepoint: 176172 ns, At safepoint: 36427 ns, Total: 212599 ns
[2020-09-11T15:26:17.963+0000][1][safepoint    ] Safepoint "RevokeBias", Time since last: 102808 ns, Reaching safepoint: 134216 ns, At safepoint: 24698 ns, Total: 158914 ns
[2020-09-11T15:26:17.963+0000][1][safepoint    ] Safepoint "RevokeBias", Time since last: 52645 ns, Reaching safepoint: 155952 ns, At safepoint: 28419 ns, Total: 184371 ns
[2020-09-11T15:26:17.972+0000][1][safepoint    ] Safepoint "RevokeBias", Time since last: 8662869 ns, Reaching safepoint: 148241 ns, At safepoint: 22133 ns, Total: 170374 ns
[2020-09-11T15:26:18.972+0000][1][safepoint    ] Safepoint "Cleanup", Time since last: 1000205052 ns, Reaching safepoint: 105359 ns, At safepoint: 9971 ns, Total: 115330 ns
[2020-09-11T15:26:19.972+0000][1][safepoint    ] Safepoint "Cleanup", Time since last: 1000196902 ns, Reaching safepoint: 103612 ns, At safepoint: 7640 ns, Total: 111252 ns
[2020-09-11T15:26:20.973+0000][1][safepoint    ] Safepoint "Cleanup", Time since last: 1000189333 ns, Reaching safepoint: 153873 ns, At safepoint: 21048 ns, Total: 174921 ns
[2020-09-11T15:26:21.973+0000][1][safepoint    ] Safepoint "Cleanup", Time since last: 1000241901 ns, Reaching safepoint: 103837 ns, At safepoint: 7098 ns, Total: 110935 ns
[2020-09-11T15:26:22.973+0000][1][safepoint    ] Safepoint "Cleanup", Time since last: 1000123243 ns, Reaching safepoint: 81763 ns, At safepoint: 7627 ns, Total: 89390 ns
[2020-09-11T15:26:23.024+0000][1][safepoint    ] Safepoint "BulkRevokeBias", Time since last: 50863816 ns, Reaching safepoint: 153264 ns, At safepoint: 196287 ns, Total: 349551 ns
[2020-09-11T15:26:24.025+0000][1][safepoint    ] Safepoint "Cleanup", Time since last: 1000186904 ns, Reaching safepoint: 145547 ns, At safepoint: 19204 ns, Total: 164751 ns
[2020-09-11T15:26:25.025+0000][1][safepoint    ] Safepoint "Cleanup", Time since last: 1000187419 ns, Reaching safepoint: 139741 ns, At safepoint: 19274 ns, Total: 159015 ns
[2020-09-11T15:26:26.026+0000][1][safepoint    ] Safepoint "Cleanup", Time since last: 1000209075 ns, Reaching safepoint: 143001 ns, At safepoint: 19158 ns, Total: 162159 ns
[2020-09-11T15:26:26.969+0000][1][safepoint    ] Safepoint "RevokeBias", Time since last: 943086090 ns, Reaching safepoint: 86405 ns, At safepoint: 21688 ns, Total: 108093 ns
[2020-09-11T15:26:26.987+0000][1][safepoint    ] Safepoint "RevokeBias", Time since last: 18339345 ns, Reaching safepoint: 159904 ns, At safepoint: 23812 ns, Total: 183716 ns
[2020-09-11T15:26:27.001+0000][1][gc,start     ] GC(189) Pause Young (Allocation Failure)
[2020-09-11T15:26:27.001+0000][1][gc,task      ] GC(189) Using 1 workers of 1 for evacuation
[2020-09-11T15:26:27.008+0000][1][gc,age       ] GC(189) Desired survivor size 4358144 bytes, new threshold 6 (max threshold 6)
[2020-09-11T15:26:27.008+0000][1][gc,age       ] GC(189) Age table with threshold 6 (max threshold 6)
[2020-09-11T15:26:27.008+0000][1][gc,age       ] GC(189) - age   1:    1223072 bytes,    1223072 total
[2020-09-11T15:26:27.008+0000][1][gc,heap      ] GC(189) ParNew: 75566K->5371K(76672K)
[2020-09-11T15:26:27.008+0000][1][gc,heap      ] GC(189) CMS: 98437K->99097K(439104K)
[2020-09-11T15:26:27.008+0000][1][gc,metaspace ] GC(189) Metaspace: 96058K->96058K(1138688K)
[2020-09-11T15:26:27.008+0000][1][gc           ] GC(189) Pause Young (Allocation Failure) 169M->102M(503M) 7.632ms
[2020-09-11T15:26:27.008+0000][1][gc,cpu       ] GC(189) User=0.01s Sys=0.00s Real=0.01s
[2020-09-11T15:26:27.012+0000][1][safepoint    ] Safepoint "GenCollectForAllocation", Time since last: 13268866 ns, Reaching safepoint: 206586 ns, At safepoint: 11759794 ns, Total: 11966380 ns
[2020-09-11T15:26:27.014+0000][1][safepoint    ] Safepoint "RevokeBias", Time since last: 1350893 ns, Reaching safepoint: 120499 ns, At safepoint: 159668 ns, Total: 280167 ns
[2020-09-11T15:26:27.015+0000][1][safepoint    ] Safepoint "RevokeBias", Time since last: 279041 ns, Reaching safepoint: 55507 ns, At safepoint: 508925 ns, Total: 564432 ns
[2020-09-11T15:26:27.016+0000][1][safepoint    ] Safepoint "RevokeBias", Time since last: 107880 ns, Reaching safepoint: 132586 ns, At safepoint: 396140 ns, Total: 528726 ns
[2020-09-11T15:26:27.019+0000][1][safepoint    ] Safepoint "RevokeBias", Time since last: 49579 ns, Reaching safepoint: 49404 ns, At safepoint: 2925389 ns, Total: 2974793 ns
[2020-09-11T15:26:27.024+0000][1][safepoint    ] Safepoint "RevokeBias", Time since last: 3861944 ns, Reaching safepoint: 1090420 ns, At safepoint: 174971 ns, Total: 1265391 ns
[2020-09-11T15:26:27.027+0000][1][safepoint    ] Safepoint "RevokeBias", Time since last: 3336504 ns, Reaching safepoint: 188356 ns, At safepoint: 40962 ns, Total: 229318 ns
[2020-09-11T15:26:27.059+0000][1][safepoint    ] Safepoint "RevokeBias", Time since last: 31613131 ns, Reaching safepoint: 81414 ns, At safepoint: 22336 ns, Total: 103750 ns
[2020-09-11T15:26:27.154+0000][1][safepoint    ] Safepoint "RevokeBias", Time since last: 93177025 ns, Reaching safepoint: 2220118 ns, At safepoint: 28688 ns, Total: 2248806 ns
[2020-09-11T15:26:27.304+0000][1][safepoint    ] Safepoint "RevokeBias", Time since last: 149393330 ns, Reaching safepoint: 218557 ns, At safepoint: 23701 ns, Total: 242258 ns
[2020-09-11T15:26:27.305+0000][1][safepoint    ] Safepoint "RevokeBias", Time since last: 890812 ns, Reaching safepoint: 174131 ns, At safepoint: 15466 ns, Total: 189597 ns
[2020-09-11T15:26:27.306+0000][1][safepoint    ] Safepoint "RevokeBias", Time since last: 453268 ns, Reaching safepoint: 171041 ns, At safepoint: 14183 ns, Total: 185224 ns
[2020-09-11T15:26:27.360+0000][1][safepoint    ] Safepoint "RevokeBias", Time since last: 53775341 ns, Reaching safepoint: 92629 ns, At safepoint: 28008 ns, Total: 120637 ns
[2020-09-11T15:26:28.042+0000][1][gc,start     ] GC(190) Pause Young (Allocation Failure)
[2020-09-11T15:26:28.042+0000][1][gc,task      ] GC(190) Using 1 workers of 1 for evacuation
[2020-09-11T15:26:28.052+0000][1][gc,age       ] GC(190) Desired survivor size 4358144 bytes, new threshold 1 (max threshold 6)
[2020-09-11T15:26:28.052+0000][1][gc,age       ] GC(190) Age table with threshold 1 (max threshold 6)
[2020-09-11T15:26:28.052+0000][1][gc,age       ] GC(190) - age   1:    4685160 bytes,    4685160 total
[2020-09-11T15:26:28.052+0000][1][gc,age       ] GC(190) - age   2:     379096 bytes,    5064256 total
[2020-09-11T15:26:28.052+0000][1][gc,heap      ] GC(190) ParNew: 73531K->6565K(76672K)
[2020-09-11T15:26:28.052+0000][1][gc,heap      ] GC(190) CMS: 99097K->99097K(439104K)
[2020-09-11T15:26:28.052+0000][1][gc,metaspace ] GC(190) Metaspace: 96066K->96066K(1138688K)
[2020-09-11T15:26:28.052+0000][1][gc           ] GC(190) Pause Young (Allocation Failure) 168M->103M(503M) 10.369ms
[2020-09-11T15:26:28.052+0000][1][gc,cpu       ] GC(190) User=0.01s Sys=0.00s Real=0.01s
[2020-09-11T15:26:28.053+0000][1][safepoint    ] Safepoint "GenCollectForAllocation", Time since last: 681784281 ns, Reaching safepoint: 263471 ns, At safepoint: 10905468 ns, Total: 11168939 ns
[2020-09-11T15:26:28.056+0000][1][safepoint    ] Safepoint "RevokeBias", Time since last: 3437154 ns, Reaching safepoint: 72687 ns, At safepoint: 36642 ns, Total: 109329 ns
[2020-09-11T15:26:28.057+0000][1][safepoint    ] Safepoint "RevokeBias", Time since last: 610334 ns, Reaching safepoint: 28828 ns, At safepoint: 20664 ns, Total: 49492 ns
[2020-09-11T15:26:28.057+0000][1][safepoint    ] Safepoint "RevokeBias", Time since last: 105065 ns, Reaching safepoint: 34405 ns, At safepoint: 18668 ns, Total: 53073 ns
[2020-09-11T15:26:28.057+0000][1][safepoint    ] Safepoint "BulkRevokeBias", Time since last: 36956 ns, Reaching safepoint: 28331 ns, At safepoint: 219237 ns, Total: 247568 ns
[2020-09-11T15:26:28.069+0000][1][safepoint    ] Safepoint "RevokeBias", Time since last: 11296937 ns, Reaching safepoint: 181750 ns, At safepoint: 25955 ns, Total: 207705 ns
[2020-09-11T15:26:29.069+0000][1][safepoint    ] Safepoint "Cleanup", Time since last: 1000135716 ns, Reaching safepoint: 113801 ns, At safepoint: 7881 ns, Total: 121682 ns
[2020-09-11T15:26:30.069+0000][1][safepoint    ] Safepoint "Cleanup", Time since last: 1000190241 ns, Reaching safepoint: 93595 ns, At safepoint: 7368 ns, Total: 100963 ns
[2020-09-11T15:26:31.070+0000][1][safepoint    ] Safepoint "Cleanup", Time since last: 1000154408 ns, Reaching safepoint: 144151 ns, At safepoint: 25298 ns, Total: 169449 ns
[2020-09-11T15:26:32.070+0000][1][safepoint    ] Safepoint "Cleanup", Time since last: 1000264517 ns, Reaching safepoint: 143171 ns, At safepoint: 18539 ns, Total: 161710 ns
[2020-09-11T15:26:33.070+0000][1][safepoint    ] Safepoint "Cleanup", Time since last: 1000215717 ns, Reaching safepoint: 99664 ns, At safepoint: 8702 ns, Total: 108366 ns
[2020-09-11T15:26:34.071+0000][1][safepoint    ] Safepoint "Cleanup", Time since last: 1000185834 ns, Reaching safepoint: 133786 ns, At safepoint: 18109 ns, Total: 151895 ns
[2020-09-11T15:26:35.071+0000][1][safepoint    ] Safepoint "Cleanup", Time since last: 1000217367 ns, Reaching safepoint: 142884 ns, At safepoint: 17912 ns, Total: 160796 ns
[2020-09-11T15:26:36.071+0000][1][safepoint    ] Safepoint "Cleanup", Time since last: 1000230665 ns, Reaching safepoint: 112434 ns, At safepoint: 6646 ns, Total: 119080 ns
[2020-09-11T15:26:36.965+0000][1][safepoint    ] Safepoint "RevokeBias", Time since last: 893293934 ns, Reaching safepoint: 198726 ns, At safepoint: 24371 ns, Total: 223097 ns
[2020-09-11T15:26:36.990+0000][1][safepoint    ] Safepoint "RevokeBias", Time since last: 25022753 ns, Reaching safepoint: 198256 ns, At safepoint: 57492 ns, Total: 255748 ns
[2020-09-11T15:26:36.991+0000][1][safepoint    ] Safepoint "RevokeBias", Time since last: 78054 ns, Reaching safepoint: 156097 ns, At safepoint: 13144 ns, Total: 169241 ns
[2020-09-11T15:26:37.006+0000][1][safepoint    ] Safepoint "RevokeBias", Time since last: 15404940 ns, Reaching safepoint: 92276 ns, At safepoint: 22492 ns, Total: 114768 ns
[2020-09-11T15:26:37.072+0000][1][safepoint    ] Safepoint "RevokeBias", Time since last: 65866263 ns, Reaching safepoint: 210003 ns, At safepoint: 24715 ns, Total: 234718 ns
[2020-09-11T15:26:37.100+0000][1][gc,start     ] GC(191) Pause Young (Allocation Failure)
[2020-09-11T15:26:37.100+0000][1][gc,task      ] GC(191) Using 1 workers of 1 for evacuation
[2020-09-11T15:26:37.109+0000][1][gc,age       ] GC(191) Desired survivor size 4358144 bytes, new threshold 6 (max threshold 6)
[2020-09-11T15:26:37.109+0000][1][gc,age       ] GC(191) Age table with threshold 6 (max threshold 6)
[2020-09-11T15:26:37.109+0000][1][gc,age       ] GC(191) - age   1:    2475704 bytes,    2475704 total
[2020-09-11T15:26:37.109+0000][1][gc,heap      ] GC(191) ParNew: 74725K->4119K(76672K)
[2020-09-11T15:26:37.109+0000][1][gc,heap      ] GC(191) CMS: 99097K->100222K(439104K)
[2020-09-11T15:26:37.109+0000][1][gc,metaspace ] GC(191) Metaspace: 96081K->96081K(1138688K)
[2020-09-11T15:26:37.109+0000][1][gc           ] GC(191) Pause Young (Allocation Failure) 169M->101M(503M) 8.946ms
[2020-09-11T15:26:37.109+0000][1][gc,cpu       ] GC(191) User=0.01s Sys=0.00s Real=0.01s
[2020-09-11T15:26:37.109+0000][1][safepoint    ] Safepoint "GenCollectForAllocation", Time since last: 27494681 ns, Reaching safepoint: 215107 ns, At safepoint: 9016657 ns, Total: 9231764 ns
[2020-09-11T15:26:37.116+0000][1][safepoint    ] Safepoint "RevokeBias", Time since last: 6549097 ns, Reaching safepoint: 74445 ns, At safepoint: 41374 ns, Total: 115819 ns
[2020-09-11T15:26:37.116+0000][1][safepoint    ] Safepoint "RevokeBias", Time since last: 245411 ns, Reaching safepoint: 57502 ns, At safepoint: 22703 ns, Total: 80205 ns
[2020-09-11T15:26:37.116+0000][1][safepoint    ] Safepoint "RevokeBias", Time since last: 106232 ns, Reaching safepoint: 34970 ns, At safepoint: 19681 ns, Total: 54651 ns
[2020-09-11T15:26:37.116+0000][1][safepoint    ] Safepoint "RevokeBias", Time since last: 42809 ns, Reaching safepoint: 28690 ns, At safepoint: 19279 ns, Total: 47969 ns
[2020-09-11T15:26:37.120+0000][1][safepoint    ] Safepoint "RevokeBias", Time since last: 3501834 ns, Reaching safepoint: 59384 ns, At safepoint: 30779 ns, Total: 90163 ns
[2020-09-11T15:26:37.173+0000][1][safepoint    ] Safepoint "RevokeBias", Time since last: 53283002 ns, Reaching safepoint: 202936 ns, At safepoint: 23013 ns, Total: 225949 ns
[2020-09-11T15:26:37.351+0000][1][safepoint    ] Safepoint "RevokeBias", Time since last: 177415423 ns, Reaching safepoint: 183997 ns, At safepoint: 25043 ns, Total: 209040 ns
[2020-09-11T15:26:37.369+0000][1][gc,start     ] GC(192) Pause Young (Allocation Failure)
[2020-09-11T15:26:37.369+0000][1][gc,task      ] GC(192) Using 1 workers of 1 for evacuation
[2020-09-11T15:26:37.380+0000][1][gc,age       ] GC(192) Desired survivor size 4358144 bytes, new threshold 6 (max threshold 6)
[2020-09-11T15:26:37.380+0000][1][gc,age       ] GC(192) Age table with threshold 6 (max threshold 6)
[2020-09-11T15:26:37.380+0000][1][gc,age       ] GC(192) - age   1:    2784832 bytes,    2784832 total
[2020-09-11T15:26:37.380+0000][1][gc,age       ] GC(192) - age   2:     365864 bytes,    3150696 total
[2020-09-11T15:26:37.380+0000][1][gc,heap      ] GC(192) ParNew: 72279K->3873K(76672K)
[2020-09-11T15:26:37.380+0000][1][gc,heap      ] GC(192) CMS: 100222K->100222K(439104K)
[2020-09-11T15:26:37.380+0000][1][gc,metaspace ] GC(192) Metaspace: 96096K->96096K(1138688K)
[2020-09-11T15:26:37.380+0000][1][gc           ] GC(192) Pause Young (Allocation Failure) 168M->101M(503M) 10.655ms
[2020-09-11T15:26:37.380+0000][1][gc,cpu       ] GC(192) User=0.01s Sys=0.00s Real=0.01s
[2020-09-11T15:26:37.380+0000][1][safepoint    ] Safepoint "GenCollectForAllocation", Time since last: 18306107 ns, Reaching safepoint: 182919 ns, At safepoint: 10725709 ns, Total: 10908628 ns
[2020-09-11T15:26:37.452+0000][1][safepoint    ] Safepoint "RevokeBias", Time since last: 72306571 ns, Reaching safepoint: 80870 ns, At safepoint: 27913 ns, Total: 108783 ns
[2020-09-11T15:26:38.137+0000][1][safepoint    ] Safepoint "RevokeBias", Time since last: 684431050 ns, Reaching safepoint: 185526 ns, At safepoint: 22614 ns, Total: 208140 ns
[2020-09-11T15:26:38.140+0000][1][safepoint    ] Safepoint "BulkRevokeBias", Time since last: 2313864 ns, Reaching safepoint: 165139 ns, At safepoint: 212543 ns, Total: 377682 ns
[2020-09-11T15:26:38.140+0000][1][safepoint    ] Safepoint "RevokeBias", Time since last: 155497 ns, Reaching safepoint: 161015 ns, At safepoint: 15886 ns, Total: 176901 ns
[2020-09-11T15:26:38.140+0000][1][safepoint    ] Safepoint "RevokeBias", Time since last: 53973 ns, Reaching safepoint: 153450 ns, At safepoint: 13807 ns, Total: 167257 ns
[2020-09-11T15:26:38.148+0000][1][safepoint    ] Safepoint "RevokeBias", Time since last: 7589456 ns, Reaching safepoint: 146785 ns, At safepoint: 25014 ns, Total: 171799 ns
[2020-09-11T15:26:38.172+0000][1][safepoint    ] Safepoint "RevokeBias", Time since last: 23301595 ns, Reaching safepoint: 145527 ns, At safepoint: 22172 ns, Total: 167699 ns
[2020-09-11T15:26:38.172+0000][1][safepoint    ] Safepoint "RevokeBias", Time since last: 186146 ns, Reaching safepoint: 60289 ns, At safepoint: 22503 ns, Total: 82792 ns
[2020-09-11T15:26:38.172+0000][1][safepoint    ] Safepoint "RevokeBias", Time since last: 191784 ns, Reaching safepoint: 43861 ns, At safepoint: 13728 ns, Total: 57589 ns
[2020-09-11T15:26:38.252+0000][1][gc,start     ] GC(193) Pause Young (Allocation Failure)
[2020-09-11T15:26:38.252+0000][1][gc,task      ] GC(193) Using 1 workers of 1 for evacuation
[2020-09-11T15:26:38.263+0000][1][gc,age       ] GC(193) Desired survivor size 4358144 bytes, new threshold 6 (max threshold 6)
[2020-09-11T15:26:38.263+0000][1][gc,age       ] GC(193) Age table with threshold 6 (max threshold 6)
[2020-09-11T15:26:38.263+0000][1][gc,age       ] GC(193) - age   1:    1369792 bytes,    1369792 total
[2020-09-11T15:26:38.263+0000][1][gc,age       ] GC(193) - age   2:     288888 bytes,    1658680 total
[2020-09-11T15:26:38.263+0000][1][gc,age       ] GC(193) - age   3:     359104 bytes,    2017784 total
[2020-09-11T15:26:38.263+0000][1][gc,heap      ] GC(193) ParNew: 72033K->2791K(76672K)
[2020-09-11T15:26:38.263+0000][1][gc,heap      ] GC(193) CMS: 100222K->100222K(439104K)
[2020-09-11T15:26:38.263+0000][1][gc,metaspace ] GC(193) Metaspace: 96100K->96100K(1138688K)
[2020-09-11T15:26:38.263+0000][1][gc           ] GC(193) Pause Young (Allocation Failure) 168M->100M(503M) 11.495ms
[2020-09-11T15:26:38.263+0000][1][gc,cpu       ] GC(193) User=0.01s Sys=0.00s Real=0.01s
[2020-09-11T15:26:38.265+0000][1][safepoint    ] Safepoint "GenCollectForAllocation", Time since last: 79440056 ns, Reaching safepoint: 161595 ns, At safepoint: 13241415 ns, Total: 13403010 ns
[2020-09-11T15:26:38.308+0000][1][safepoint    ] Safepoint "RevokeBias", Time since last: 42651024 ns, Reaching safepoint: 214115 ns, At safepoint: 25181 ns, Total: 239296 ns
[2020-09-11T15:26:39.167+0000][1][safepoint    ] Safepoint "RevokeBias", Time since last: 858504135 ns, Reaching safepoint: 257964 ns, At safepoint: 25653 ns, Total: 283617 ns
[2020-09-11T15:26:39.171+0000][1][safepoint    ] Safepoint "RevokeBias", Time since last: 3953019 ns, Reaching safepoint: 233265 ns, At safepoint: 45718 ns, Total: 278983 ns
[2020-09-11T15:26:39.172+0000][1][safepoint    ] Safepoint "RevokeBias", Time since last: 747792 ns, Reaching safepoint: 197055 ns, At safepoint: 37039 ns, Total: 234094 ns
[2020-09-11T15:26:40.172+0000][1][safepoint    ] Safepoint "Cleanup", Time since last: 1000164796 ns, Reaching safepoint: 112657 ns, At safepoint: 8578 ns, Total: 121235 ns
[2020-09-11T15:26:41.172+0000][1][safepoint    ] Safepoint "Cleanup", Time since last: 1000194799 ns, Reaching safepoint: 107173 ns, At safepoint: 9125 ns, Total: 116298 ns
[2020-09-11T15:26:42.173+0000][1][safepoint    ] Safepoint "Cleanup", Time since last: 1000184763 ns, Reaching safepoint: 102111 ns, At safepoint: 7770 ns, Total: 109881 ns
[2020-09-11T15:26:43.173+0000][1][safepoint    ] Safepoint "Cleanup", Time since last: 1000182733 ns, Reaching safepoint: 138388 ns, At safepoint: 19635 ns, Total: 158023 ns
[2020-09-11T15:26:44.173+0000][1][safepoint    ] Safepoint "Cleanup", Time since last: 1000227721 ns, Reaching safepoint: 156589 ns, At safepoint: 21126 ns, Total: 177715 ns
[2020-09-11T15:26:45.174+0000][1][safepoint    ] Safepoint "Cleanup", Time since last: 1000230131 ns, Reaching safepoint: 103635 ns, At safepoint: 7896 ns, Total: 111531 ns
[2020-09-11T15:26:46.174+0000][1][safepoint    ] Safepoint "Cleanup", Time since last: 1000180612 ns, Reaching safepoint: 97567 ns, At safepoint: 8181 ns, Total: 105748 ns
[2020-09-11T15:26:46.958+0000][1][safepoint    ] Safepoint "RevokeBias", Time since last: 783873345 ns, Reaching safepoint: 198215 ns, At safepoint: 38996 ns, Total: 237211 ns
[2020-09-11T15:26:46.981+0000][1][safepoint    ] Safepoint "RevokeBias", Time since last: 22903824 ns, Reaching safepoint: 205367 ns, At safepoint: 25355 ns, Total: 230722 ns
[2020-09-11T15:26:47.007+0000][1][safepoint    ] Safepoint "RevokeBias", Time since last: 25443624 ns, Reaching safepoint: 98588 ns, At safepoint: 28011 ns, Total: 126599 ns
[2020-09-11T15:26:47.063+0000][1][safepoint    ] Safepoint "RevokeBias", Time since last: 55756829 ns, Reaching safepoint: 89277 ns, At safepoint: 24708 ns, Total: 113985 ns
[2020-09-11T15:26:47.185+0000][1][gc,start     ] GC(194) Pause Young (Allocation Failure)
[2020-09-11T15:26:47.185+0000][1][gc,task      ] GC(194) Using 1 workers of 1 for evacuation
[2020-09-11T15:26:47.197+0000][1][gc,age       ] GC(194) Desired survivor size 4358144 bytes, new threshold 6 (max threshold 6)
[2020-09-11T15:26:47.197+0000][1][gc,age       ] GC(194) Age table with threshold 6 (max threshold 6)
[2020-09-11T15:26:47.197+0000][1][gc,age       ] GC(194) - age   1:    3864336 bytes,    3864336 total
[2020-09-11T15:26:47.197+0000][1][gc,age       ] GC(194) - age   2:      11144 bytes,    3875480 total
[2020-09-11T15:26:47.197+0000][1][gc,age       ] GC(194) - age   3:      11704 bytes,    3887184 total
[2020-09-11T15:26:47.197+0000][1][gc,age       ] GC(194) - age   4:       8280 bytes,    3895464 total
[2020-09-11T15:26:47.197+0000][1][gc,heap      ] GC(194) ParNew: 70627K->4351K(76672K)
[2020-09-11T15:26:47.197+0000][1][gc,heap      ] GC(194) CMS: 100222K->100222K(439104K)
[2020-09-11T15:26:47.197+0000][1][gc,metaspace ] GC(194) Metaspace: 96114K->96114K(1138688K)
[2020-09-11T15:26:47.197+0000][1][gc           ] GC(194) Pause Young (Allocation Failure) 166M->102M(503M) 12.059ms
[2020-09-11T15:26:47.197+0000][1][gc,cpu       ] GC(194) User=0.01s Sys=0.00s Real=0.01s
[2020-09-11T15:26:47.197+0000][1][safepoint    ] Safepoint "GenCollectForAllocation", Time since last: 121815566 ns, Reaching safepoint: 313772 ns, At safepoint: 12146956 ns, Total: 12460728 ns
[2020-09-11T15:26:47.216+0000][1][safepoint    ] Safepoint "RevokeBias", Time since last: 19298060 ns, Reaching safepoint: 76139 ns, At safepoint: 39471 ns, Total: 115610 ns
[2020-09-11T15:26:47.217+0000][1][safepoint    ] Safepoint "RevokeBias", Time since last: 206956 ns, Reaching safepoint: 27961 ns, At safepoint: 19742 ns, Total: 47703 ns
[2020-09-11T15:26:47.217+0000][1][safepoint    ] Safepoint "RevokeBias", Time since last: 79705 ns, Reaching safepoint: 33274 ns, At safepoint: 18875 ns, Total: 52149 ns
[2020-09-11T15:26:47.217+0000][1][safepoint    ] Safepoint "RevokeBias", Time since last: 40080 ns, Reaching safepoint: 28194 ns, At safepoint: 17604 ns, Total: 45798 ns
[2020-09-11T15:26:47.228+0000][1][safepoint    ] Safepoint "RevokeBias", Time since last: 10478566 ns, Reaching safepoint: 139083 ns, At safepoint: 20269 ns, Total: 159352 ns
[2020-09-11T15:26:47.389+0000][1][safepoint    ] Safepoint "RevokeBias", Time since last: 160868414 ns, Reaching safepoint: 98283 ns, At safepoint: 28042 ns, Total: 126325 ns
[2020-09-11T15:26:48.248+0000][1][gc,start     ] GC(195) Pause Young (Allocation Failure)
[2020-09-11T15:26:48.248+0000][1][gc,task      ] GC(195) Using 1 workers of 1 for evacuation
[2020-09-11T15:26:48.260+0000][1][gc,age       ] GC(195) Desired survivor size 4358144 bytes, new threshold 1 (max threshold 6)
[2020-09-11T15:26:48.260+0000][1][gc,age       ] GC(195) Age table with threshold 1 (max threshold 6)
[2020-09-11T15:26:48.260+0000][1][gc,age       ] GC(195) - age   1:    4792352 bytes,    4792352 total
[2020-09-11T15:26:48.260+0000][1][gc,age       ] GC(195) - age   2:     291656 bytes,    5084008 total
[2020-09-11T15:26:48.260+0000][1][gc,age       ] GC(195) - age   3:       9656 bytes,    5093664 total
[2020-09-11T15:26:48.260+0000][1][gc,age       ] GC(195) - age   4:       8776 bytes,    5102440 total
[2020-09-11T15:26:48.260+0000][1][gc,age       ] GC(195) - age   5:       7040 bytes,    5109480 total
[2020-09-11T15:26:48.260+0000][1][gc,heap      ] GC(195) ParNew: 72345K->6794K(76672K)
[2020-09-11T15:26:48.260+0000][1][gc,heap      ] GC(195) CMS: 100222K->100222K(439104K)
[2020-09-11T15:26:48.260+0000][1][gc,metaspace ] GC(195) Metaspace: 96116K->96116K(1138688K)
[2020-09-11T15:26:48.260+0000][1][gc           ] GC(195) Pause Young (Allocation Failure) 168M->104M(503M) 12.253ms
[2020-09-11T15:26:48.260+0000][1][gc,cpu       ] GC(195) User=0.02s Sys=0.00s Real=0.01s
[2020-09-11T15:26:48.260+0000][1][safepoint    ] Safepoint "GenCollectForAllocation", Time since last: 858774751 ns, Reaching safepoint: 327674 ns, At safepoint: 12340203 ns, Total: 12667877 ns
[2020-09-11T15:26:48.272+0000][1][safepoint    ] Safepoint "RevokeBias", Time since last: 12284937 ns, Reaching safepoint: 70638 ns, At safepoint: 42260 ns, Total: 112898 ns
[2020-09-11T15:26:48.276+0000][1][safepoint    ] Safepoint "RevokeBias", Time since last: 3002952 ns, Reaching safepoint: 123148 ns, At safepoint: 28644 ns, Total: 151792 ns
[2020-09-11T15:26:48.276+0000][1][safepoint    ] Safepoint "RevokeBias", Time since last: 119373 ns, Reaching safepoint: 104309 ns, At safepoint: 20592 ns, Total: 124901 ns
[2020-09-11T15:26:48.276+0000][1][safepoint    ] Safepoint "RevokeBias", Time since last: 65939 ns, Reaching safepoint: 97856 ns, At safepoint: 19084 ns, Total: 116940 ns
[2020-09-11T15:26:48.287+0000][1][safepoint    ] Safepoint "RevokeBias", Time since last: 10539267 ns, Reaching safepoint: 135028 ns, At safepoint: 21105 ns, Total: 156133 ns
[2020-09-11T15:26:49.287+0000][1][safepoint    ] Safepoint "Cleanup", Time since last: 1000159492 ns, Reaching safepoint: 146683 ns, At safepoint: 20136 ns, Total: 166819 ns
[2020-09-11T15:26:50.287+0000][1][safepoint    ] Safepoint "Cleanup", Time since last: 1000233736 ns, Reaching safepoint: 98490 ns, At safepoint: 7940 ns, Total: 106430 ns
[2020-09-11T15:26:51.288+0000][1][safepoint    ] Safepoint "Cleanup", Time since last: 1000202176 ns, Reaching safepoint: 99238 ns, At safepoint: 8552 ns, Total: 107790 ns
[2020-09-11T15:26:52.288+0000][1][safepoint    ] Safepoint "Cleanup", Time since last: 1000171245 ns, Reaching safepoint: 115436 ns, At safepoint: 6878 ns, Total: 122314 ns
[2020-09-11T15:26:53.288+0000][1][safepoint    ] Safepoint "Cleanup", Time since last: 1000180588 ns, Reaching safepoint: 158467 ns, At safepoint: 20808 ns, Total: 179275 ns
[2020-09-11T15:26:54.032+0000][1][safepoint    ] Safepoint "RevokeBias", Time since last: 743507344 ns, Reaching safepoint: 188979 ns, At safepoint: 10001 ns, Total: 198980 ns
[2020-09-11T15:26:54.035+0000][1][safepoint    ] Safepoint "RevokeBias", Time since last: 1335874 ns, Reaching safepoint: 1106601 ns, At safepoint: 25522 ns, Total: 1132123 ns
[2020-09-11T15:26:55.035+0000][1][safepoint    ] Safepoint "Cleanup", Time since last: 1000134580 ns, Reaching safepoint: 131713 ns, At safepoint: 7682 ns, Total: 139395 ns
[2020-09-11T15:26:56.035+0000][1][safepoint    ] Safepoint "Cleanup", Time since last: 1000163068 ns, Reaching safepoint: 109365 ns, At safepoint: 8525 ns, Total: 117890 ns
[2020-09-11T15:26:56.964+0000][1][safepoint    ] Safepoint "RevokeBias", Time since last: 928870952 ns, Reaching safepoint: 83542 ns, At safepoint: 23259 ns, Total: 106801 ns
[2020-09-11T15:26:56.990+0000][1][safepoint    ] Safepoint "RevokeBias", Time since last: 25897319 ns, Reaching safepoint: 202746 ns, At safepoint: 22721 ns, Total: 225467 ns
[2020-09-11T15:26:56.990+0000][1][safepoint    ] Safepoint "RevokeBias", Time since last: 80710 ns, Reaching safepoint: 159140 ns, At safepoint: 15050 ns, Total: 174190 ns
[2020-09-11T15:26:57.017+0000][1][safepoint    ] Safepoint "RevokeBias", Time since last: 26218110 ns, Reaching safepoint: 92128 ns, At safepoint: 22721 ns, Total: 114849 ns
[2020-09-11T15:26:57.069+0000][1][safepoint    ] Safepoint "RevokeBias", Time since last: 52497130 ns, Reaching safepoint: 83787 ns, At safepoint: 32476 ns, Total: 116263 ns
[2020-09-11T15:26:57.309+0000][1][safepoint    ] Safepoint "RevokeBias", Time since last: 239890924 ns, Reaching safepoint: 81595 ns, At safepoint: 21914 ns, Total: 103509 ns
[2020-09-11T15:26:57.319+0000][1][gc,start     ] GC(196) Pause Young (Allocation Failure)
[2020-09-11T15:26:57.319+0000][1][gc,task      ] GC(196) Using 1 workers of 1 for evacuation
[2020-09-11T15:26:57.329+0000][1][gc,age       ] GC(196) Desired survivor size 4358144 bytes, new threshold 1 (max threshold 6)
[2020-09-11T15:26:57.329+0000][1][gc,age       ] GC(196) Age table with threshold 1 (max threshold 6)
[2020-09-11T15:26:57.329+0000][1][gc,age       ] GC(196) - age   1:    8703528 bytes,    8703528 total
[2020-09-11T15:26:57.329+0000][1][gc,heap      ] GC(196) ParNew: 74620K->8512K(76672K)
[2020-09-11T15:26:57.329+0000][1][gc,heap      ] GC(196) CMS: 100222K->101159K(439104K)
[2020-09-11T15:26:57.329+0000][1][gc,metaspace ] GC(196) Metaspace: 96143K->96143K(1138688K)
[2020-09-11T15:26:57.329+0000][1][gc           ] GC(196) Pause Young (Allocation Failure) 170M->107M(503M) 9.935ms
[2020-09-11T15:26:57.329+0000][1][gc,cpu       ] GC(196) User=0.01s Sys=0.00s Real=0.01s
[2020-09-11T15:26:57.329+0000][1][safepoint    ] Safepoint "GenCollectForAllocation", Time since last: 6323455 ns, Reaching safepoint: 3046694 ns, At safepoint: 10005647 ns, Total: 13052341 ns
[2020-09-11T15:26:57.344+0000][1][safepoint    ] Safepoint "RevokeBias", Time since last: 14703798 ns, Reaching safepoint: 166675 ns, At safepoint: 29293 ns, Total: 195968 ns
[2020-09-11T15:26:57.346+0000][1][safepoint    ] Safepoint "RevokeBias", Time since last: 1837102 ns, Reaching safepoint: 257501 ns, At safepoint: 26060 ns, Total: 283561 ns
[2020-09-11T15:26:57.346+0000][1][safepoint    ] Safepoint "RevokeBias", Time since last: 185241 ns, Reaching safepoint: 180037 ns, At safepoint: 19432 ns, Total: 199469 ns
[2020-09-11T15:26:57.346+0000][1][safepoint    ] Safepoint "RevokeBias", Time since last: 65482 ns, Reaching safepoint: 182935 ns, At safepoint: 25767 ns, Total: 208702 ns
[2020-09-11T15:26:57.357+0000][1][safepoint    ] Safepoint "RevokeBias", Time since last: 10324372 ns, Reaching safepoint: 147692 ns, At safepoint: 22779 ns, Total: 170471 ns
[2020-09-11T15:26:58.357+0000][1][safepoint    ] Safepoint "Cleanup", Time since last: 1000173839 ns, Reaching safepoint: 93847 ns, At safepoint: 7907 ns, Total: 101754 ns
[2020-09-11T15:26:59.357+0000][1][safepoint    ] Safepoint "Cleanup", Time since last: 1000126760 ns, Reaching safepoint: 130445 ns, At safepoint: 15907 ns, Total: 146352 ns
[2020-09-11T15:27:00.358+0000][1][safepoint    ] Safepoint "Cleanup", Time since last: 1000174502 ns, Reaching safepoint: 106497 ns, At safepoint: 8181 ns, Total: 114678 ns
[2020-09-11T15:27:01.358+0000][1][safepoint    ] Safepoint "Cleanup", Time since last: 1000180870 ns, Reaching safepoint: 95492 ns, At safepoint: 6366 ns, Total: 101858 ns
[2020-09-11T15:27:02.358+0000][1][safepoint    ] Safepoint "Cleanup", Time since last: 1000128106 ns, Reaching safepoint: 117653 ns, At safepoint: 8355 ns, Total: 126008 ns
[2020-09-11T15:27:03.360+0000][1][safepoint    ] Safepoint "Cleanup", Time since last: 1001231054 ns, Reaching safepoint: 143038 ns, At safepoint: 20533 ns, Total: 163571 ns
[2020-09-11T15:27:04.280+0000][1][safepoint    ] Safepoint "RevokeBias", Time since last: 920164334 ns, Reaching safepoint: 159386 ns, At safepoint: 25740 ns, Total: 185126 ns
[2020-09-11T15:27:04.336+0000][1][safepoint    ] Safepoint "RevokeBias", Time since last: 52404864 ns, Reaching safepoint: 3087766 ns, At safepoint: 17126 ns, Total: 3104892 ns
[2020-09-11T15:27:05.336+0000][1][safepoint    ] Safepoint "Cleanup", Time since last: 1000157984 ns, Reaching safepoint: 138594 ns, At safepoint: 6725 ns, Total: 145319 ns
[2020-09-11T15:27:06.336+0000][1][safepoint    ] Safepoint "Cleanup", Time since last: 1000149669 ns, Reaching safepoint: 113422 ns, At safepoint: 7643 ns, Total: 121065 ns
[2020-09-11T15:27:06.959+0000][1][safepoint    ] Safepoint "RevokeBias", Time since last: 623054684 ns, Reaching safepoint: 160378 ns, At safepoint: 24201 ns, Total: 184579 ns
[2020-09-11T15:27:06.987+0000][1][gc,start     ] GC(197) Pause Young (Allocation Failure)
[2020-09-11T15:27:06.987+0000][1][gc,task      ] GC(197) Using 1 workers of 1 for evacuation
[2020-09-11T15:27:06.994+0000][1][gc,age       ] GC(197) Desired survivor size 4358144 bytes, new threshold 1 (max threshold 6)
[2020-09-11T15:27:06.994+0000][1][gc,age       ] GC(197) Age table with threshold 1 (max threshold 6)
[2020-09-11T15:27:06.994+0000][1][gc,age       ] GC(197) - age   1:    5506992 bytes,    5506992 total
[2020-09-11T15:27:06.994+0000][1][gc,heap      ] GC(197) ParNew: 76654K->7522K(76672K)
[2020-09-11T15:27:06.994+0000][1][gc,heap      ] GC(197) CMS: 101159K->101482K(439104K)
[2020-09-11T15:27:06.994+0000][1][gc,metaspace ] GC(197) Metaspace: 96154K->96154K(1138688K)
[2020-09-11T15:27:06.994+0000][1][gc           ] GC(197) Pause Young (Allocation Failure) 173M->106M(503M) 6.919ms
[2020-09-11T15:27:06.994+0000][1][gc,cpu       ] GC(197) User=0.01s Sys=0.00s Real=0.00s
[2020-09-11T15:27:06.994+0000][1][safepoint    ] Safepoint "GenCollectForAllocation", Time since last: 27434789 ns, Reaching safepoint: 199578 ns, At safepoint: 7033765 ns, Total: 7233343 ns
[2020-09-11T15:27:07.012+0000][1][safepoint    ] Safepoint "RevokeBias", Time since last: 18241706 ns, Reaching safepoint: 96786 ns, At safepoint: 34829 ns, Total: 131615 ns
[2020-09-11T15:27:07.075+0000][1][safepoint    ] Safepoint "RevokeBias", Time since last: 62897281 ns, Reaching safepoint: 84550 ns, At safepoint: 61529 ns, Total: 146079 ns
[2020-09-11T15:27:07.336+0000][1][safepoint    ] Safepoint "RevokeBias", Time since last: 260551389 ns, Reaching safepoint: 100712 ns, At safepoint: 27348 ns, Total: 128060 ns
[2020-09-11T15:27:07.381+0000][1][safepoint    ] Safepoint "RevokeBias", Time since last: 44212180 ns, Reaching safepoint: 193985 ns, At safepoint: 24479 ns, Total: 218464 ns
[2020-09-11T15:27:07.382+0000][1][safepoint    ] Safepoint "RevokeBias", Time since last: 793335 ns, Reaching safepoint: 181655 ns, At safepoint: 18168 ns, Total: 199823 ns
[2020-09-11T15:27:07.382+0000][1][safepoint    ] Safepoint "RevokeBias", Time since last: 122250 ns, Reaching safepoint: 173418 ns, At safepoint: 15687 ns, Total: 189105 ns
[2020-09-11T15:27:07.382+0000][1][safepoint    ] Safepoint "RevokeBias", Time since last: 54243 ns, Reaching safepoint: 164736 ns, At safepoint: 14086 ns, Total: 178822 ns
[2020-09-11T15:27:07.391+0000][1][safepoint    ] Safepoint "RevokeBias", Time since last: 8795286 ns, Reaching safepoint: 193872 ns, At safepoint: 24490 ns, Total: 218362 ns
[2020-09-11T15:27:08.391+0000][1][safepoint    ] Safepoint "Cleanup", Time since last: 1000135791 ns, Reaching safepoint: 89098 ns, At safepoint: 8675 ns, Total: 97773 ns
[2020-09-11T15:27:09.103+0000][1][gc,start     ] GC(198) Pause Young (Allocation Failure)
[2020-09-11T15:27:09.103+0000][1][gc,task      ] GC(198) Using 1 workers of 1 for evacuation
[2020-09-11T15:27:09.109+0000][1][gc,age       ] GC(198) Desired survivor size 4358144 bytes, new threshold 6 (max threshold 6)
[2020-09-11T15:27:09.109+0000][1][gc,age       ] GC(198) Age table with threshold 6 (max threshold 6)
[2020-09-11T15:27:09.109+0000][1][gc,age       ] GC(198) - age   1:     557256 bytes,     557256 total
[2020-09-11T15:27:09.109+0000][1][gc,heap      ] GC(198) ParNew: 75682K->5914K(76672K)
[2020-09-11T15:27:09.109+0000][1][gc,heap      ] GC(198) CMS: 101482K->102053K(439104K)
[2020-09-11T15:27:09.109+0000][1][gc,metaspace ] GC(198) Metaspace: 96164K->96164K(1138688K)
[2020-09-11T15:27:09.109+0000][1][gc           ] GC(198) Pause Young (Allocation Failure) 173M->105M(503M) 6.519ms
[2020-09-11T15:27:09.109+0000][1][gc,cpu       ] GC(198) User=0.00s Sys=0.00s Real=0.01s
[2020-09-11T15:27:09.109+0000][1][safepoint    ] Safepoint "GenCollectForAllocation", Time since last: 711175677 ns, Reaching safepoint: 188210 ns, At safepoint: 6593028 ns, Total: 6781238 ns
[2020-09-11T15:27:10.112+0000][1][safepoint    ] Safepoint "Cleanup", Time since last: 1002156282 ns, Reaching safepoint: 66215 ns, At safepoint: 15670 ns, Total: 81885 ns
[2020-09-11T15:27:11.112+0000][1][safepoint    ] Safepoint "Cleanup", Time since last: 1000238026 ns, Reaching safepoint: 66156 ns, At safepoint: 13344 ns, Total: 79500 ns
[2020-09-11T15:27:12.112+0000][1][safepoint    ] Safepoint "Cleanup", Time since last: 1000181476 ns, Reaching safepoint: 185630 ns, At safepoint: 18439 ns, Total: 204069 ns
[2020-09-11T15:27:13.113+0000][1][safepoint    ] Safepoint "Cleanup", Time since last: 1000151144 ns, Reaching safepoint: 198144 ns, At safepoint: 19344 ns, Total: 217488 ns
[2020-09-11T15:27:14.113+0000][1][safepoint    ] Safepoint "Cleanup", Time since last: 1000142741 ns, Reaching safepoint: 243264 ns, At safepoint: 18954 ns, Total: 262218 ns
[2020-09-11T15:27:14.726+0000][1][safepoint    ] Safepoint "RevokeBias", Time since last: 611465302 ns, Reaching safepoint: 1088526 ns, At safepoint: 28469 ns, Total: 1116995 ns
[2020-09-11T15:27:16.726+0000][1][safepoint    ] Safepoint "Cleanup", Time since last: 2000369250 ns, Reaching safepoint: 106553 ns, At safepoint: 8335 ns, Total: 114888 ns
[2020-09-11T15:27:16.960+0000][1][safepoint    ] Safepoint "RevokeBias", Time since last: 233939110 ns, Reaching safepoint: 165483 ns, At safepoint: 24113 ns, Total: 189596 ns
[2020-09-11T15:27:16.996+0000][1][safepoint    ] Safepoint "RevokeBias", Time since last: 36136065 ns, Reaching safepoint: 94211 ns, At safepoint: 22743 ns, Total: 116954 ns
[2020-09-11T15:27:17.075+0000][1][safepoint    ] Safepoint "RevokeBias", Time since last: 78760017 ns, Reaching safepoint: 85469 ns, At safepoint: 22422 ns, Total: 107891 ns
[2020-09-11T15:27:17.335+0000][1][safepoint    ] Safepoint "BulkRevokeBias", Time since last: 259213415 ns, Reaching safepoint: 85487 ns, At safepoint: 215449 ns, Total: 300936 ns
[2020-09-11T15:27:17.432+0000][1][gc,start     ] GC(199) Pause Young (Allocation Failure)
[2020-09-11T15:27:17.432+0000][1][gc,task      ] GC(199) Using 1 workers of 1 for evacuation
[2020-09-11T15:27:17.438+0000][1][gc,age       ] GC(199) Desired survivor size 4358144 bytes, new threshold 1 (max threshold 6)
[2020-09-11T15:27:17.438+0000][1][gc,age       ] GC(199) Age table with threshold 1 (max threshold 6)
[2020-09-11T15:27:17.438+0000][1][gc,age       ] GC(199) - age   1:    6046432 bytes,    6046432 total
[2020-09-11T15:27:17.438+0000][1][gc,age       ] GC(199) - age   2:     536248 bytes,    6582680 total
[2020-09-11T15:27:17.438+0000][1][gc,heap      ] GC(199) ParNew: 73740K->7902K(76672K)
[2020-09-11T15:27:17.438+0000][1][gc,heap      ] GC(199) CMS: 102053K->102053K(439104K)
[2020-09-11T15:27:17.438+0000][1][gc,metaspace ] GC(199) Metaspace: 96176K->96176K(1138688K)
[2020-09-11T15:27:17.438+0000][1][gc           ] GC(199) Pause Young (Allocation Failure) 171M->107M(503M) 6.610ms
[2020-09-11T15:27:17.438+0000][1][gc,cpu       ] GC(199) User=0.00s Sys=0.00s Real=0.01s
[2020-09-11T15:27:17.441+0000][1][safepoint    ] Safepoint "GenCollectForAllocation", Time since last: 96588735 ns, Reaching safepoint: 156005 ns, At safepoint: 9847727 ns, Total: 10003732 ns
[2020-09-11T15:27:17.447+0000][1][safepoint    ] Safepoint "RevokeBias", Time since last: 2032817 ns, Reaching safepoint: 70406 ns, At safepoint: 3889052 ns, Total: 3959458 ns
[2020-09-11T15:27:17.448+0000][1][safepoint    ] Safepoint "RevokeBias", Time since last: 709321 ns, Reaching safepoint: 47690 ns, At safepoint: 23305 ns, Total: 70995 ns
[2020-09-11T15:27:17.448+0000][1][safepoint    ] Safepoint "RevokeBias", Time since last: 102392 ns, Reaching safepoint: 32493 ns, At safepoint: 19225 ns, Total: 51718 ns
[2020-09-11T15:27:17.448+0000][1][safepoint    ] Safepoint "RevokeBias", Time since last: 41991 ns, Reaching safepoint: 27440 ns, At safepoint: 17515 ns, Total: 44955 ns
[2020-09-11T15:27:17.452+0000][1][safepoint    ] Safepoint "RevokeBias", Time since last: 3372038 ns, Reaching safepoint: 141117 ns, At safepoint: 22971 ns, Total: 164088 ns
[2020-09-11T15:27:18.452+0000][1][safepoint    ] Safepoint "Cleanup", Time since last: 1000190636 ns, Reaching safepoint: 110001 ns, At safepoint: 9783 ns, Total: 119784 ns
[2020-09-11T15:27:25.455+0000][1][safepoint    ] Safepoint "Cleanup", Time since last: 7002638891 ns, Reaching safepoint: 88218 ns, At safepoint: 7033 ns, Total: 95251 ns
[2020-09-11T15:27:26.091+0000][1][safepoint    ] Safepoint "RevokeBias", Time since last: 632414795 ns, Reaching safepoint: 3068095 ns, At safepoint: 32882 ns, Total: 3100977 ns
[2020-09-11T15:27:26.977+0000][1][safepoint    ] Safepoint "RevokeBias", Time since last: 885985822 ns, Reaching safepoint: 97239 ns, At safepoint: 23364 ns, Total: 120603 ns
[2020-09-11T15:27:27.002+0000][1][safepoint    ] Safepoint "RevokeBias", Time since last: 24839523 ns, Reaching safepoint: 86656 ns, At safepoint: 23289 ns, Total: 109945 ns
[2020-09-11T15:27:27.072+0000][1][safepoint    ] Safepoint "RevokeBias", Time since last: 70282801 ns, Reaching safepoint: 86156 ns, At safepoint: 23810 ns, Total: 109966 ns
[2020-09-11T15:27:27.321+0000][1][safepoint    ] Safepoint "RevokeBias", Time since last: 249165329 ns, Reaching safepoint: 88433 ns, At safepoint: 24172 ns, Total: 112605 ns
[2020-09-11T15:27:27.477+0000][1][gc,start     ] GC(200) Pause Young (Allocation Failure)
[2020-09-11T15:27:27.477+0000][1][gc,task      ] GC(200) Using 1 workers of 1 for evacuation
[2020-09-11T15:27:27.488+0000][1][gc,age       ] GC(200) Desired survivor size 4358144 bytes, new threshold 1 (max threshold 6)
[2020-09-11T15:27:27.488+0000][1][gc,age       ] GC(200) Age table with threshold 1 (max threshold 6)
[2020-09-11T15:27:27.488+0000][1][gc,age       ] GC(200) - age   1:    8699744 bytes,    8699744 total
[2020-09-11T15:27:27.488+0000][1][gc,heap      ] GC(200) ParNew: 75904K->8512K(76672K)
[2020-09-11T15:27:27.488+0000][1][gc,heap      ] GC(200) CMS: 102053K->102934K(439104K)
[2020-09-11T15:27:27.488+0000][1][gc,metaspace ] GC(200) Metaspace: 96192K->96192K(1138688K)
[2020-09-11T15:27:27.488+0000][1][gc           ] GC(200) Pause Young (Allocation Failure) 173M->108M(503M) 11.647ms
[2020-09-11T15:27:27.488+0000][1][gc,cpu       ] GC(200) User=0.01s Sys=0.00s Real=0.01s
[2020-09-11T15:27:27.495+0000][1][safepoint    ] Safepoint "GenCollectForAllocation", Time since last: 155087414 ns, Reaching safepoint: 200291 ns, At safepoint: 18891169 ns, Total: 19091460 ns
[2020-09-11T15:27:27.501+0000][1][safepoint    ] Safepoint "RevokeBias", Time since last: 5445916 ns, Reaching safepoint: 168995 ns, At safepoint: 24334 ns, Total: 193329 ns
[2020-09-11T15:27:27.502+0000][1][safepoint    ] Safepoint "RevokeBias", Time since last: 723231 ns, Reaching safepoint: 127065 ns, At safepoint: 15963 ns, Total: 143028 ns
[2020-09-11T15:27:27.502+0000][1][safepoint    ] Safepoint "RevokeBias", Time since last: 101476 ns, Reaching safepoint: 154655 ns, At safepoint: 14396 ns, Total: 169051 ns
[2020-09-11T15:27:27.502+0000][1][safepoint    ] Safepoint "RevokeBias", Time since last: 52513 ns, Reaching safepoint: 149839 ns, At safepoint: 13924 ns, Total: 163763 ns
[2020-09-11T15:27:27.510+0000][1][safepoint    ] Safepoint "RevokeBias", Time since last: 7643978 ns, Reaching safepoint: 143253 ns, At safepoint: 26850 ns, Total: 170103 ns
[2020-09-11T15:27:28.511+0000][1][safepoint    ] Safepoint "Cleanup", Time since last: 1000199621 ns, Reaching safepoint: 105736 ns, At safepoint: 8345 ns, Total: 114081 ns
[2020-09-11T15:27:36.428+0000][1][safepoint    ] Safepoint "RevokeBias", Time since last: 7917635688 ns, Reaching safepoint: 199112 ns, At safepoint: 24992 ns, Total: 224104 ns
[2020-09-11T15:27:36.961+0000][1][safepoint    ] Safepoint "RevokeBias", Time since last: 532259900 ns, Reaching safepoint: 96327 ns, At safepoint: 22933 ns, Total: 119260 ns
[2020-09-11T15:27:37.002+0000][1][gc,start     ] GC(201) Pause Young (Allocation Failure)
[2020-09-11T15:27:37.002+0000][1][gc,task      ] GC(201) Using 1 workers of 1 for evacuation
[2020-09-11T15:27:37.014+0000][1][gc,age       ] GC(201) Desired survivor size 4358144 bytes, new threshold 1 (max threshold 6)
[2020-09-11T15:27:37.014+0000][1][gc,age       ] GC(201) Age table with threshold 1 (max threshold 6)
[2020-09-11T15:27:37.014+0000][1][gc,age       ] GC(201) - age   1:    5666384 bytes,    5666384 total
[2020-09-11T15:27:37.014+0000][1][gc,heap      ] GC(201) ParNew: 76627K->7675K(76672K)
[2020-09-11T15:27:37.014+0000][1][gc,heap      ] GC(201) CMS: 102934K->103478K(439104K)
[2020-09-11T15:27:37.014+0000][1][gc,metaspace ] GC(201) Metaspace: 96217K->96217K(1138688K)
[2020-09-11T15:27:37.014+0000][1][gc           ] GC(201) Pause Young (Allocation Failure) 175M->108M(503M) 12.770ms
[2020-09-11T15:27:37.014+0000][1][gc,cpu       ] GC(201) User=0.02s Sys=0.00s Real=0.01s
[2020-09-11T15:27:37.019+0000][1][safepoint    ] Safepoint "GenCollectForAllocation", Time since last: 39717967 ns, Reaching safepoint: 1093586 ns, At safepoint: 17885300 ns, Total: 18978886 ns
[2020-09-11T15:27:37.028+0000][1][safepoint    ] Safepoint "RevokeBias", Time since last: 8379153 ns, Reaching safepoint: 86827 ns, At safepoint: 23289 ns, Total: 110116 ns
[2020-09-11T15:27:37.068+0000][1][safepoint    ] Safepoint "RevokeBias", Time since last: 39637559 ns, Reaching safepoint: 165414 ns, At safepoint: 22998 ns, Total: 188412 ns
[2020-09-11T15:27:37.373+0000][1][safepoint    ] Safepoint "RevokeBias", Time since last: 305581607 ns, Reaching safepoint: 89601 ns, At safepoint: 23219 ns, Total: 112820 ns
[2020-09-11T15:27:37.568+0000][1][safepoint    ] Safepoint "RevokeBias", Time since last: 193924466 ns, Reaching safepoint: 156560 ns, At safepoint: 24246 ns, Total: 180806 ns
[2020-09-11T15:27:37.568+0000][1][safepoint    ] Safepoint "RevokeBias", Time since last: 723902 ns, Reaching safepoint: 130765 ns, At safepoint: 20190 ns, Total: 150955 ns
[2020-09-11T15:27:37.569+0000][1][safepoint    ] Safepoint "RevokeBias", Time since last: 117189 ns, Reaching safepoint: 125050 ns, At safepoint: 15316 ns, Total: 140366 ns
[2020-09-11T15:27:37.569+0000][1][safepoint    ] Safepoint "RevokeBias", Time since last: 56695 ns, Reaching safepoint: 111529 ns, At safepoint: 13207 ns, Total: 124736 ns
[2020-09-11T15:27:37.578+0000][1][safepoint    ] Safepoint "RevokeBias", Time since last: 8481541 ns, Reaching safepoint: 154310 ns, At safepoint: 23761 ns, Total: 178071 ns
[2020-09-11T15:27:37.596+0000][1][gc,start     ] GC(202) Pause Young (Allocation Failure)
[2020-09-11T15:27:37.596+0000][1][gc,task      ] GC(202) Using 1 workers of 1 for evacuation
[2020-09-11T15:27:37.603+0000][1][gc,age       ] GC(202) Desired survivor size 4358144 bytes, new threshold 6 (max threshold 6)
[2020-09-11T15:27:37.603+0000][1][gc,age       ] GC(202) Age table with threshold 6 (max threshold 6)
[2020-09-11T15:27:37.603+0000][1][gc,age       ] GC(202) - age   1:     646192 bytes,     646192 total
[2020-09-11T15:27:37.603+0000][1][gc,heap      ] GC(202) ParNew: 75835K->6069K(76672K)
[2020-09-11T15:27:37.603+0000][1][gc,heap      ] GC(202) CMS: 103478K->104184K(439104K)
[2020-09-11T15:27:37.603+0000][1][gc,metaspace ] GC(202) Metaspace: 96228K->96228K(1138688K)
[2020-09-11T15:27:37.603+0000][1][gc           ] GC(202) Pause Young (Allocation Failure) 175M->107M(503M) 7.310ms
[2020-09-11T15:27:37.603+0000][1][gc,cpu       ] GC(202) User=0.01s Sys=0.00s Real=0.00s
[2020-09-11T15:27:37.603+0000][1][safepoint    ] Safepoint "GenCollectForAllocation", Time since last: 18040120 ns, Reaching safepoint: 190565 ns, At safepoint: 7443042 ns, Total: 7633607 ns
[2020-09-11T15:27:46.836+0000][1][safepoint    ] Safepoint "RevokeBias", Time since last: 9232731583 ns, Reaching safepoint: 170656 ns, At safepoint: 37429 ns, Total: 208085 ns
[2020-09-11T15:27:46.970+0000][1][safepoint    ] Safepoint "RevokeBias", Time since last: 133296591 ns, Reaching safepoint: 170221 ns, At safepoint: 23407 ns, Total: 193628 ns
[2020-09-11T15:27:47.019+0000][1][safepoint    ] Safepoint "RevokeBias", Time since last: 48824375 ns, Reaching safepoint: 90895 ns, At safepoint: 21685 ns, Total: 112580 ns
[2020-09-11T15:27:47.099+0000][1][safepoint    ] Safepoint "RevokeBias", Time since last: 80049509 ns, Reaching safepoint: 81745 ns, At safepoint: 21804 ns, Total: 103549 ns
[2020-09-11T15:27:47.477+0000][1][safepoint    ] Safepoint "RevokeBias", Time since last: 377798862 ns, Reaching safepoint: 90635 ns, At safepoint: 22333 ns, Total: 112968 ns
[2020-09-11T15:27:47.611+0000][1][gc,start     ] GC(203) Pause Young (Allocation Failure)
[2020-09-11T15:27:47.611+0000][1][gc,task      ] GC(203) Using 1 workers of 1 for evacuation
[2020-09-11T15:27:47.618+0000][1][gc,age       ] GC(203) Desired survivor size 4358144 bytes, new threshold 1 (max threshold 6)
[2020-09-11T15:27:47.618+0000][1][gc,age       ] GC(203) Age table with threshold 1 (max threshold 6)
[2020-09-11T15:27:47.618+0000][1][gc,age       ] GC(203) - age   1:    6976464 bytes,    6976464 total
[2020-09-11T15:27:47.618+0000][1][gc,age       ] GC(203) - age   2:     608856 bytes,    7585320 total
[2020-09-11T15:27:47.618+0000][1][gc,heap      ] GC(203) ParNew: 74229K->8178K(76672K)
[2020-09-11T15:27:47.618+0000][1][gc,heap      ] GC(203) CMS: 104184K->104184K(439104K)
[2020-09-11T15:27:47.618+0000][1][gc,metaspace ] GC(203) Metaspace: 96236K->96236K(1138688K)
[2020-09-11T15:27:47.618+0000][1][gc           ] GC(203) Pause Young (Allocation Failure) 174M->109M(503M) 7.192ms
[2020-09-11T15:27:47.618+0000][1][gc,cpu       ] GC(203) User=0.01s Sys=0.00s Real=0.01s
[2020-09-11T15:27:47.618+0000][1][safepoint    ] Safepoint "GenCollectForAllocation", Time since last: 133721626 ns, Reaching safepoint: 206685 ns, At safepoint: 7272265 ns, Total: 7478950 ns
[2020-09-11T15:27:47.623+0000][1][safepoint    ] Safepoint "RevokeBias", Time since last: 4928572 ns, Reaching safepoint: 89796 ns, At safepoint: 35810 ns, Total: 125606 ns
[2020-09-11T15:27:47.624+0000][1][safepoint    ] Safepoint "RevokeBias", Time since last: 728757 ns, Reaching safepoint: 29315 ns, At safepoint: 20579 ns, Total: 49894 ns
[2020-09-11T15:27:47.624+0000][1][safepoint    ] Safepoint "RevokeBias", Time since last: 89792 ns, Reaching safepoint: 32014 ns, At safepoint: 18818 ns, Total: 50832 ns
[2020-09-11T15:27:47.624+0000][1][safepoint    ] Safepoint "RevokeBias", Time since last: 39512 ns, Reaching safepoint: 27293 ns, At safepoint: 17455 ns, Total: 44748 ns
[2020-09-11T15:27:47.627+0000][1][safepoint    ] Safepoint "RevokeBias", Time since last: 3293403 ns, Reaching safepoint: 197935 ns, At safepoint: 19251 ns, Total: 217186 ns
[2020-09-11T15:27:47.644+0000][1][safepoint    ] Safepoint "RevokeBias", Time since last: 15893337 ns, Reaching safepoint: 143115 ns, At safepoint: 21289 ns, Total: 164404 ns
[2020-09-11T15:27:47.644+0000][1][safepoint    ] Safepoint "RevokeBias", Time since last: 232534 ns, Reaching safepoint: 153977 ns, At safepoint: 12965 ns, Total: 166942 ns
[2020-09-11T15:27:47.768+0000][1][gc,start     ] GC(204) Pause Young (Allocation Failure)
[2020-09-11T15:27:47.769+0000][1][gc,task      ] GC(204) Using 1 workers of 1 for evacuation
[2020-09-11T15:27:47.776+0000][1][gc,age       ] GC(204) Desired survivor size 4358144 bytes, new threshold 6 (max threshold 6)
[2020-09-11T15:27:47.776+0000][1][gc,age       ] GC(204) Age table with threshold 6 (max threshold 6)
[2020-09-11T15:27:47.776+0000][1][gc,age       ] GC(204) - age   1:    1504992 bytes,    1504992 total
[2020-09-11T15:27:47.776+0000][1][gc,heap      ] GC(204) ParNew: 76338K->5964K(76672K)
[2020-09-11T15:27:47.776+0000][1][gc,heap      ] GC(204) CMS: 104184K->105065K(439104K)
[2020-09-11T15:27:47.776+0000][1][gc,metaspace ] GC(204) Metaspace: 96264K->96264K(1138688K)
[2020-09-11T15:27:47.776+0000][1][gc           ] GC(204) Pause Young (Allocation Failure) 176M->108M(503M) 7.940ms
[2020-09-11T15:27:47.776+0000][1][gc,cpu       ] GC(204) User=0.01s Sys=0.00s Real=0.01s
[2020-09-11T15:27:47.781+0000][1][safepoint    ] Safepoint "GenCollectForAllocation", Time since last: 124309114 ns, Reaching safepoint: 215480 ns, At safepoint: 12540039 ns, Total: 12755519 ns
[2020-09-11T15:27:47.806+0000][1][safepoint    ] Safepoint "RevokeBias", Time since last: 25230175 ns, Reaching safepoint: 197473 ns, At safepoint: 22492 ns, Total: 219965 ns
[2020-09-11T15:27:47.807+0000][1][safepoint    ] Safepoint "RevokeBias", Time since last: 95080 ns, Reaching safepoint: 175588 ns, At safepoint: 24458 ns, Total: 200046 ns
[2020-09-11T15:27:47.807+0000][1][safepoint    ] Safepoint "RevokeBias", Time since last: 76513 ns, Reaching safepoint: 169566 ns, At safepoint: 13236 ns, Total: 182802 ns
[2020-09-11T15:27:47.807+0000][1][safepoint    ] Safepoint "RevokeBias", Time since last: 60150 ns, Reaching safepoint: 165044 ns, At safepoint: 12500 ns, Total: 177544 ns
[2020-09-11T15:27:47.807+0000][1][safepoint    ] Safepoint "RevokeBias", Time since last: 57578 ns, Reaching safepoint: 183726 ns, At safepoint: 11774 ns, Total: 195500 ns
[2020-09-11T15:27:47.808+0000][1][safepoint    ] Safepoint "RevokeBias", Time since last: 61843 ns, Reaching safepoint: 162579 ns, At safepoint: 12055 ns, Total: 174634 ns
[2020-09-11T15:27:48.640+0000][1][safepoint    ] Safepoint "RevokeBias", Time since last: 832329094 ns, Reaching safepoint: 74637 ns, At safepoint: 7627 ns, Total: 82264 ns
[2020-09-11T15:27:48.645+0000][1][safepoint    ] Safepoint "RevokeBias", Time since last: 4955408 ns, Reaching safepoint: 186461 ns, At safepoint: 20491 ns, Total: 206952 ns
[2020-09-11T15:27:50.646+0000][1][safepoint    ] Safepoint "Cleanup", Time since last: 2000323656 ns, Reaching safepoint: 146990 ns, At safepoint: 20196 ns, Total: 167186 ns
[2020-09-11T15:27:51.646+0000][1][safepoint    ] Safepoint "Cleanup", Time since last: 1000230580 ns, Reaching safepoint: 145300 ns, At safepoint: 18673 ns, Total: 163973 ns
[2020-09-11T15:27:52.646+0000][1][safepoint    ] Safepoint "Cleanup", Time since last: 1000162408 ns, Reaching safepoint: 77810 ns, At safepoint: 7479 ns, Total: 85289 ns
[2020-09-11T15:27:53.647+0000][1][safepoint    ] Safepoint "Cleanup", Time since last: 1000139699 ns, Reaching safepoint: 75295 ns, At safepoint: 8207 ns, Total: 83502 ns
[2020-09-11T15:27:54.647+0000][1][safepoint    ] Safepoint "Cleanup", Time since last: 1000148034 ns, Reaching safepoint: 143412 ns, At safepoint: 20223 ns, Total: 163635 ns
[2020-09-11T15:27:55.647+0000][1][safepoint    ] Safepoint "Cleanup", Time since last: 1000223689 ns, Reaching safepoint: 158016 ns, At safepoint: 19986 ns, Total: 178002 ns
[2020-09-11T15:27:56.648+0000][1][safepoint    ] Safepoint "Cleanup", Time since last: 1000281757 ns, Reaching safepoint: 145206 ns, At safepoint: 20654 ns, Total: 165860 ns
[2020-09-11T15:27:56.960+0000][1][safepoint    ] Safepoint "RevokeBias", Time since last: 312109277 ns, Reaching safepoint: 95334 ns, At safepoint: 24876 ns, Total: 120210 ns
[2020-09-11T15:27:56.982+0000][1][safepoint    ] Safepoint "RevokeBias", Time since last: 22019979 ns, Reaching safepoint: 192349 ns, At safepoint: 23706 ns, Total: 216055 ns
[2020-09-11T15:27:57.066+0000][1][safepoint    ] Safepoint "RevokeBias", Time since last: 83463995 ns, Reaching safepoint: 89318 ns, At safepoint: 21980 ns, Total: 111298 ns
[2020-09-11T15:27:57.333+0000][1][safepoint    ] Safepoint "RevokeBias", Time since last: 266697063 ns, Reaching safepoint: 90956 ns, At safepoint: 22260 ns, Total: 113216 ns
[2020-09-11T15:27:57.497+0000][1][safepoint    ] Safepoint "RevokeBias", Time since last: 163240333 ns, Reaching safepoint: 646156 ns, At safepoint: 26985 ns, Total: 673141 ns
[2020-09-11T15:27:57.499+0000][1][safepoint    ] Safepoint "RevokeBias", Time since last: 1134231 ns, Reaching safepoint: 1046233 ns, At safepoint: 22722 ns, Total: 1068955 ns
[2020-09-11T15:27:57.568+0000][1][safepoint    ] Safepoint "RevokeBias", Time since last: 63799253 ns, Reaching safepoint: 4965818 ns, At safepoint: 13878 ns, Total: 4979696 ns
[2020-09-11T15:27:57.660+0000][1][gc,start     ] GC(205) Pause Young (Allocation Failure)
[2020-09-11T15:27:57.660+0000][1][gc,task      ] GC(205) Using 1 workers of 1 for evacuation
[2020-09-11T15:27:57.684+0000][1][gc,age       ] GC(205) Desired survivor size 4358144 bytes, new threshold 1 (max threshold 6)
[2020-09-11T15:27:57.684+0000][1][gc,age       ] GC(205) Age table with threshold 1 (max threshold 6)
[2020-09-11T15:27:57.684+0000][1][gc,age       ] GC(205) - age   1:    8697088 bytes,    8697088 total
[2020-09-11T15:27:57.684+0000][1][gc,age       ] GC(205) - age   2:       1240 bytes,    8698328 total
[2020-09-11T15:27:57.684+0000][1][gc,heap      ] GC(205) ParNew: 73983K->8512K(76672K)
[2020-09-11T15:27:57.684+0000][1][gc,heap      ] GC(205) CMS: 105065K->106057K(439104K)
[2020-09-11T15:27:57.684+0000][1][gc,metaspace ] GC(205) Metaspace: 96275K->96275K(1138688K)
[2020-09-11T15:27:57.684+0000][1][gc           ] GC(205) Pause Young (Allocation Failure) 174M->111M(503M) 24.862ms
[2020-09-11T15:27:57.684+0000][1][gc,cpu       ] GC(205) User=0.01s Sys=0.00s Real=0.03s
[2020-09-11T15:27:57.693+0000][1][safepoint    ] Safepoint "GenCollectForAllocation", Time since last: 89711153 ns, Reaching safepoint: 2299538 ns, At safepoint: 33084287 ns, Total: 35383825 ns
[2020-09-11T15:27:57.708+0000][1][safepoint    ] Safepoint "RevokeBias", Time since last: 15112421 ns, Reaching safepoint: 146987 ns, At safepoint: 23285 ns, Total: 170272 ns
[2020-09-11T15:27:57.711+0000][1][safepoint    ] Safepoint "RevokeBias", Time since last: 776628 ns, Reaching safepoint: 2754401 ns, At safepoint: 20853 ns, Total: 2775254 ns
[2020-09-11T15:27:57.712+0000][1][safepoint    ] Safepoint "RevokeBias", Time since last: 143094 ns, Reaching safepoint: 117367 ns, At safepoint: 15765 ns, Total: 133132 ns
[2020-09-11T15:27:57.712+0000][1][safepoint    ] Safepoint "RevokeBias", Time since last: 59043 ns, Reaching safepoint: 112787 ns, At safepoint: 14729 ns, Total: 127516 ns
[2020-09-11T15:27:57.737+0000][1][safepoint    ] Safepoint "RevokeBias", Time since last: 24419792 ns, Reaching safepoint: 149912 ns, At safepoint: 26264 ns, Total: 176176 ns
[2020-09-11T15:27:58.737+0000][1][safepoint    ] Safepoint "Cleanup", Time since last: 1000127655 ns, Reaching safepoint: 161380 ns, At safepoint: 18101 ns, Total: 179481 ns
[2020-09-11T15:27:59.737+0000][1][safepoint    ] Safepoint "Cleanup", Time since last: 1000182318 ns, Reaching safepoint: 120397 ns, At safepoint: 8191 ns, Total: 128588 ns
[2020-09-11T15:28:00.737+0000][1][safepoint    ] Safepoint "Cleanup", Time since last: 1000142312 ns, Reaching safepoint: 118600 ns, At safepoint: 7770 ns, Total: 126370 ns
[2020-09-11T15:28:01.738+0000][1][safepoint    ] Safepoint "Cleanup", Time since last: 1000197323 ns, Reaching safepoint: 102627 ns, At safepoint: 8822 ns, Total: 111449 ns
[2020-09-11T15:28:02.738+0000][1][safepoint    ] Safepoint "Cleanup", Time since last: 1000197365 ns, Reaching safepoint: 102246 ns, At safepoint: 9382 ns, Total: 111628 ns
[2020-09-11T15:28:03.738+0000][1][safepoint    ] Safepoint "Cleanup", Time since last: 1000157169 ns, Reaching safepoint: 152957 ns, At safepoint: 20297 ns, Total: 173254 ns
[2020-09-11T15:28:04.739+0000][1][safepoint    ] Safepoint "Cleanup", Time since last: 1000202221 ns, Reaching safepoint: 113485 ns, At safepoint: 7922 ns, Total: 121407 ns
[2020-09-11T15:28:05.739+0000][1][safepoint    ] Safepoint "Cleanup", Time since last: 1000149240 ns, Reaching safepoint: 119249 ns, At safepoint: 8842 ns, Total: 128091 ns
[2020-09-11T15:28:06.739+0000][1][safepoint    ] Safepoint "Cleanup", Time since last: 1000156138 ns, Reaching safepoint: 118290 ns, At safepoint: 7755 ns, Total: 126045 ns
[2020-09-11T15:28:06.962+0000][1][safepoint    ] Safepoint "RevokeBias", Time since last: 222355151 ns, Reaching safepoint: 163064 ns, At safepoint: 24539 ns, Total: 187603 ns
[2020-09-11T15:28:06.982+0000][1][safepoint    ] Safepoint "RevokeBias", Time since last: 19861153 ns, Reaching safepoint: 198531 ns, At safepoint: 22260 ns, Total: 220791 ns
[2020-09-11T15:28:06.996+0000][1][safepoint    ] Safepoint "RevokeBias", Time since last: 13732991 ns, Reaching safepoint: 92745 ns, At safepoint: 22271 ns, Total: 115016 ns
[2020-09-11T15:28:07.065+0000][1][safepoint    ] Safepoint "RevokeBias", Time since last: 69300947 ns, Reaching safepoint: 87462 ns, At safepoint: 23305 ns, Total: 110767 ns
[2020-09-11T15:28:07.238+0000][1][gc,start     ] GC(206) Pause Young (Allocation Failure)
[2020-09-11T15:28:07.238+0000][1][gc,task      ] GC(206) Using 1 workers of 1 for evacuation
[2020-09-11T15:28:07.249+0000][1][gc,age       ] GC(206) Desired survivor size 4358144 bytes, new threshold 1 (max threshold 6)
[2020-09-11T15:28:07.249+0000][1][gc,age       ] GC(206) Age table with threshold 1 (max threshold 6)
[2020-09-11T15:28:07.249+0000][1][gc,age       ] GC(206) - age   1:    5277112 bytes,    5277112 total
[2020-09-11T15:28:07.249+0000][1][gc,heap      ] GC(206) ParNew: 76640K->6835K(76672K)
[2020-09-11T15:28:07.249+0000][1][gc,heap      ] GC(206) CMS: 106057K->106198K(439104K)
[2020-09-11T15:28:07.249+0000][1][gc,metaspace ] GC(206) Metaspace: 96279K->96279K(1138688K)
[2020-09-11T15:28:07.249+0000][1][gc           ] GC(206) Pause Young (Allocation Failure) 178M->110M(503M) 10.415ms
[2020-09-11T15:28:07.249+0000][1][gc,cpu       ] GC(206) User=0.00s Sys=0.00s Real=0.01s
[2020-09-11T15:28:07.249+0000][1][safepoint    ] Safepoint "GenCollectForAllocation", Time since last: 172787817 ns, Reaching safepoint: 471448 ns, At safepoint: 10482023 ns, Total: 10953471 ns
[2020-09-11T15:28:07.342+0000][1][safepoint    ] Safepoint "RevokeBias", Time since last: 92519560 ns, Reaching safepoint: 90410 ns, At safepoint: 21803 ns, Total: 112213 ns
[2020-09-11T15:28:07.782+0000][1][safepoint    ] Safepoint "RevokeBias", Time since last: 439960189 ns, Reaching safepoint: 150595 ns, At safepoint: 27095 ns, Total: 177690 ns
[2020-09-11T15:28:07.784+0000][1][safepoint    ] Safepoint "RevokeBias", Time since last: 1769553 ns, Reaching safepoint: 130123 ns, At safepoint: 15574 ns, Total: 145697 ns
[2020-09-11T15:28:07.784+0000][1][safepoint    ] Safepoint "RevokeBias", Time since last: 115415 ns, Reaching safepoint: 114404 ns, At safepoint: 13931 ns, Total: 128335 ns
[2020-09-11T15:28:07.784+0000][1][safepoint    ] Safepoint "RevokeBias", Time since last: 52662 ns, Reaching safepoint: 107272 ns, At safepoint: 12511 ns, Total: 119783 ns
[2020-09-11T15:28:07.793+0000][1][safepoint    ] Safepoint "RevokeBias", Time since last: 8678473 ns, Reaching safepoint: 139603 ns, At safepoint: 23017 ns, Total: 162620 ns
[2020-09-11T15:28:08.793+0000][1][safepoint    ] Safepoint "Cleanup", Time since last: 1000176446 ns, Reaching safepoint: 212467 ns, At safepoint: 20778 ns, Total: 233245 ns
[2020-09-11T15:28:09.793+0000][1][safepoint    ] Safepoint "Cleanup", Time since last: 1000177461 ns, Reaching safepoint: 80378 ns, At safepoint: 8635 ns, Total: 89013 ns
[2020-09-11T15:28:10.794+0000][1][safepoint    ] Safepoint "Cleanup", Time since last: 1000265874 ns, Reaching safepoint: 74151 ns, At safepoint: 8063 ns, Total: 82214 ns
[2020-09-11T15:28:11.794+0000][1][safepoint    ] Safepoint "Cleanup", Time since last: 1000144916 ns, Reaching safepoint: 147375 ns, At safepoint: 20283 ns, Total: 167658 ns
[2020-09-11T15:28:12.795+0000][1][safepoint    ] Safepoint "Cleanup", Time since last: 1000218286 ns, Reaching safepoint: 154461 ns, At safepoint: 21519 ns, Total: 175980 ns
[2020-09-11T15:28:13.795+0000][1][safepoint    ] Safepoint "Cleanup", Time since last: 1000212916 ns, Reaching safepoint: 111046 ns, At safepoint: 8293 ns, Total: 119339 ns
[2020-09-11T15:28:14.795+0000][1][safepoint    ] Safepoint "Cleanup", Time since last: 1000181915 ns, Reaching safepoint: 104403 ns, At safepoint: 8192 ns, Total: 112595 ns
[2020-09-11T15:28:15.795+0000][1][safepoint    ] Safepoint "Cleanup", Time since last: 1000185228 ns, Reaching safepoint: 114562 ns, At safepoint: 7654 ns, Total: 122216 ns
[2020-09-11T15:28:16.796+0000][1][safepoint    ] Safepoint "Cleanup", Time since last: 1000152736 ns, Reaching safepoint: 149523 ns, At safepoint: 18463 ns, Total: 167986 ns
[2020-09-11T15:28:16.980+0000][1][gc,start     ] GC(207) Pause Young (Allocation Failure)
[2020-09-11T15:28:16.980+0000][1][gc,task      ] GC(207) Using 1 workers of 1 for evacuation
[2020-09-11T15:28:16.986+0000][1][gc,age       ] GC(207) Desired survivor size 4358144 bytes, new threshold 6 (max threshold 6)
[2020-09-11T15:28:16.986+0000][1][gc,age       ] GC(207) Age table with threshold 6 (max threshold 6)
[2020-09-11T15:28:16.986+0000][1][gc,age       ] GC(207) - age   1:     723400 bytes,     723400 total
[2020-09-11T15:28:16.986+0000][1][gc,heap      ] GC(207) ParNew: 74995K->5573K(76672K)
[2020-09-11T15:28:16.986+0000][1][gc,heap      ] GC(207) CMS: 106198K->106524K(439104K)
[2020-09-11T15:28:16.986+0000][1][gc,metaspace ] GC(207) Metaspace: 96291K->96291K(1138688K)
[2020-09-11T15:28:16.986+0000][1][gc           ] GC(207) Pause Young (Allocation Failure) 176M->109M(503M) 6.156ms
[2020-09-11T15:28:16.986+0000][1][gc,cpu       ] GC(207) User=0.01s Sys=0.00s Real=0.01s
[2020-09-11T15:28:16.991+0000][1][safepoint    ] Safepoint "GenCollectForAllocation", Time since last: 183618978 ns, Reaching safepoint: 122748 ns, At safepoint: 11888204 ns, Total: 12010952 ns
[2020-09-11T15:28:16.998+0000][1][safepoint    ] Safepoint "RevokeBias", Time since last: 5892003 ns, Reaching safepoint: 232059 ns, At safepoint: 24177 ns, Total: 256236 ns
[2020-09-11T15:28:17.018+0000][1][safepoint    ] Safepoint "RevokeBias", Time since last: 19862827 ns, Reaching safepoint: 220922 ns, At safepoint: 25855 ns, Total: 246777 ns
[2020-09-11T15:28:17.030+0000][1][safepoint    ] Safepoint "RevokeBias", Time since last: 12579131 ns, Reaching safepoint: 81626 ns, At safepoint: 21624 ns, Total: 103250 ns
[2020-09-11T15:28:17.077+0000][1][safepoint    ] Safepoint "RevokeBias", Time since last: 46847746 ns, Reaching safepoint: 84364 ns, At safepoint: 21584 ns, Total: 105948 ns
[2020-09-11T15:28:17.518+0000][1][safepoint    ] Safepoint "RevokeBias", Time since last: 440333118 ns, Reaching safepoint: 88785 ns, At safepoint: 23827 ns, Total: 112612 ns
[2020-09-11T15:28:17.824+0000][1][gc,start     ] GC(208) Pause Young (Allocation Failure)
[2020-09-11T15:28:17.824+0000][1][gc,task      ] GC(208) Using 1 workers of 1 for evacuation
[2020-09-11T15:28:17.830+0000][1][gc,age       ] GC(208) Desired survivor size 4358144 bytes, new threshold 6 (max threshold 6)
[2020-09-11T15:28:17.830+0000][1][gc,age       ] GC(208) Age table with threshold 6 (max threshold 6)
[2020-09-11T15:28:17.830+0000][1][gc,age       ] GC(208) - age   1:    1127080 bytes,    1127080 total
[2020-09-11T15:28:17.830+0000][1][gc,age       ] GC(208) - age   2:     628920 bytes,    1756000 total
[2020-09-11T15:28:17.830+0000][1][gc,heap      ] GC(208) ParNew: 73733K->3051K(76672K)
[2020-09-11T15:28:17.830+0000][1][gc,heap      ] GC(208) CMS: 106524K->106524K(439104K)
[2020-09-11T15:28:17.830+0000][1][gc,metaspace ] GC(208) Metaspace: 96296K->96296K(1138688K)
[2020-09-11T15:28:17.830+0000][1][gc           ] GC(208) Pause Young (Allocation Failure) 176M->107M(503M) 5.813ms
[2020-09-11T15:28:17.830+0000][1][gc,cpu       ] GC(208) User=0.01s Sys=0.00s Real=0.00s
[2020-09-11T15:28:17.835+0000][1][safepoint    ] Safepoint "GenCollectForAllocation", Time since last: 306368462 ns, Reaching safepoint: 153314 ns, At safepoint: 11121135 ns, Total: 11274449 ns
[2020-09-11T15:28:17.837+0000][1][safepoint    ] Safepoint "RevokeBias", Time since last: 1664035 ns, Reaching safepoint: 69942 ns, At safepoint: 31048 ns, Total: 100990 ns
[2020-09-11T15:28:17.838+0000][1][safepoint    ] Safepoint "RevokeBias", Time since last: 701948 ns, Reaching safepoint: 54688 ns, At safepoint: 25802 ns, Total: 80490 ns
[2020-09-11T15:28:17.838+0000][1][safepoint    ] Safepoint "RevokeBias", Time since last: 136207 ns, Reaching safepoint: 47288 ns, At safepoint: 22783 ns, Total: 70071 ns
[2020-09-11T15:28:17.838+0000][1][safepoint    ] Safepoint "RevokeBias", Time since last: 43411 ns, Reaching safepoint: 36932 ns, At safepoint: 20567 ns, Total: 57499 ns
[2020-09-11T15:28:17.842+0000][1][safepoint    ] Safepoint "RevokeBias", Time since last: 3341974 ns, Reaching safepoint: 172845 ns, At safepoint: 22578 ns, Total: 195423 ns
[2020-09-11T15:28:18.842+0000][1][safepoint    ] Safepoint "Cleanup", Time since last: 1000100830 ns, Reaching safepoint: 83341 ns, At safepoint: 7619 ns, Total: 90960 ns
[2020-09-11T15:28:19.842+0000][1][safepoint    ] Safepoint "Cleanup", Time since last: 1000210992 ns, Reaching safepoint: 98961 ns, At safepoint: 7023 ns, Total: 105984 ns
[2020-09-11T15:28:21.848+0000][1][safepoint    ] Safepoint "Cleanup", Time since last: 2005234755 ns, Reaching safepoint: 164170 ns, At safepoint: 20140 ns, Total: 184310 ns
[2020-09-11T15:28:26.977+0000][1][safepoint    ] Safepoint "RevokeBias", Time since last: 5128770143 ns, Reaching safepoint: 96171 ns, At safepoint: 23003 ns, Total: 119174 ns
[2020-09-11T15:28:26.990+0000][1][safepoint    ] Safepoint "RevokeBias", Time since last: 12706022 ns, Reaching safepoint: 196914 ns, At safepoint: 22039 ns, Total: 218953 ns
[2020-09-11T15:28:27.005+0000][1][safepoint    ] Safepoint "RevokeBias", Time since last: 15067881 ns, Reaching safepoint: 89553 ns, At safepoint: 23013 ns, Total: 112566 ns
[2020-09-11T15:28:27.064+0000][1][safepoint    ] Safepoint "RevokeBias", Time since last: 58748903 ns, Reaching safepoint: 84265 ns, At safepoint: 22295 ns, Total: 106560 ns
[2020-09-11T15:28:27.331+0000][1][safepoint    ] Safepoint "RevokeBias", Time since last: 267597066 ns, Reaching safepoint: 88856 ns, At safepoint: 21546 ns, Total: 110402 ns
[2020-09-11T15:28:27.872+0000][1][gc,start     ] GC(209) Pause Young (Allocation Failure)
[2020-09-11T15:28:27.872+0000][1][gc,task      ] GC(209) Using 1 workers of 1 for evacuation
[2020-09-11T15:28:27.882+0000][1][gc,age       ] GC(209) Desired survivor size 4358144 bytes, new threshold 1 (max threshold 6)
[2020-09-11T15:28:27.882+0000][1][gc,age       ] GC(209) Age table with threshold 1 (max threshold 6)
[2020-09-11T15:28:27.882+0000][1][gc,age       ] GC(209) - age   1:    7515056 bytes,    7515056 total
[2020-09-11T15:28:27.882+0000][1][gc,age       ] GC(209) - age   2:       9432 bytes,    7524488 total
[2020-09-11T15:28:27.882+0000][1][gc,age       ] GC(209) - age   3:     443064 bytes,    7967552 total
[2020-09-11T15:28:27.882+0000][1][gc,heap      ] GC(209) ParNew: 71211K->8196K(76672K)
[2020-09-11T15:28:27.882+0000][1][gc,heap      ] GC(209) CMS: 106524K->106524K(439104K)
[2020-09-11T15:28:27.882+0000][1][gc,metaspace ] GC(209) Metaspace: 96313K->96313K(1138688K)
[2020-09-11T15:28:27.882+0000][1][gc           ] GC(209) Pause Young (Allocation Failure) 173M->112M(503M) 10.209ms
[2020-09-11T15:28:27.882+0000][1][gc,cpu       ] GC(209) User=0.00s Sys=0.00s Real=0.01s
[2020-09-11T15:28:27.884+0000][1][safepoint    ] Safepoint "GenCollectForAllocation", Time since last: 540683723 ns, Reaching safepoint: 168525 ns, At safepoint: 11372918 ns, Total: 11541443 ns
[2020-09-11T15:28:27.891+0000][1][safepoint    ] Safepoint "RevokeBias", Time since last: 7678903 ns, Reaching safepoint: 73386 ns, At safepoint: 32363 ns, Total: 105749 ns
[2020-09-11T15:28:27.892+0000][1][safepoint    ] Safepoint "RevokeBias", Time since last: 816085 ns, Reaching safepoint: 32162 ns, At safepoint: 21424 ns, Total: 53586 ns
[2020-09-11T15:28:27.892+0000][1][safepoint    ] Safepoint "RevokeBias", Time since last: 101648 ns, Reaching safepoint: 33608 ns, At safepoint: 19955 ns, Total: 53563 ns
[2020-09-11T15:28:27.893+0000][1][safepoint    ] Safepoint "BulkRevokeBias", Time since last: 44489 ns, Reaching safepoint: 29042 ns, At safepoint: 236744 ns, Total: 265786 ns
[2020-09-11T15:28:27.898+0000][1][safepoint    ] Safepoint "RevokeBias", Time since last: 4763487 ns, Reaching safepoint: 182892 ns, At safepoint: 22131 ns, Total: 205023 ns
[2020-09-11T15:28:28.898+0000][1][safepoint    ] Safepoint "Cleanup", Time since last: 1000099560 ns, Reaching safepoint: 89376 ns, At safepoint: 7824 ns, Total: 97200 ns
[2020-09-11T15:28:29.898+0000][1][safepoint    ] Safepoint "Cleanup", Time since last: 1000185193 ns, Reaching safepoint: 149195 ns, At safepoint: 18142 ns, Total: 167337 ns
[2020-09-11T15:28:36.969+0000][1][safepoint    ] Safepoint "BulkRevokeBias", Time since last: 7070156762 ns, Reaching safepoint: 86084 ns, At safepoint: 242055 ns, Total: 328139 ns
[2020-09-11T15:28:37.005+0000][1][safepoint    ] Safepoint "RevokeBias", Time since last: 36076876 ns, Reaching safepoint: 158610 ns, At safepoint: 22058 ns, Total: 180668 ns
[2020-09-11T15:28:37.031+0000][1][safepoint    ] Safepoint "RevokeBias", Time since last: 26145246 ns, Reaching safepoint: 154387 ns, At safepoint: 23249 ns, Total: 177636 ns
[2020-09-11T15:28:37.070+0000][1][safepoint    ] Safepoint "RevokeBias", Time since last: 38918008 ns, Reaching safepoint: 157267 ns, At safepoint: 24847 ns, Total: 182114 ns
[2020-09-11T15:28:37.354+0000][1][safepoint    ] Safepoint "RevokeBias", Time since last: 283568061 ns, Reaching safepoint: 86018 ns, At safepoint: 23504 ns, Total: 109522 ns
[2020-09-11T15:28:37.911+0000][1][gc,start     ] GC(210) Pause Young (Allocation Failure)
[2020-09-11T15:28:37.911+0000][1][gc,task      ] GC(210) Using 1 workers of 1 for evacuation
[2020-09-11T15:28:37.927+0000][1][gc,age       ] GC(210) Desired survivor size 4358144 bytes, new threshold 1 (max threshold 6)
[2020-09-11T15:28:37.927+0000][1][gc,age       ] GC(210) Age table with threshold 1 (max threshold 6)
[2020-09-11T15:28:37.927+0000][1][gc,age       ] GC(210) - age   1:    8684528 bytes,    8684528 total
[2020-09-11T15:28:37.927+0000][1][gc,heap      ] GC(210) ParNew: 76356K->8512K(76672K)
[2020-09-11T15:28:37.927+0000][1][gc,heap      ] GC(210) CMS: 106524K->108583K(439104K)
[2020-09-11T15:28:37.927+0000][1][gc,metaspace ] GC(210) Metaspace: 96344K->96344K(1138688K)
[2020-09-11T15:28:37.927+0000][1][gc           ] GC(210) Pause Young (Allocation Failure) 178M->114M(503M) 16.084ms
[2020-09-11T15:28:37.927+0000][1][gc,cpu       ] GC(210) User=0.01s Sys=0.00s Real=0.02s
[2020-09-11T15:28:37.927+0000][1][safepoint    ] Safepoint "GenCollectForAllocation", Time since last: 556955842 ns, Reaching safepoint: 276738 ns, At safepoint: 16196575 ns, Total: 16473313 ns
[2020-09-11T15:28:37.940+0000][1][safepoint    ] Safepoint "RevokeBias", Time since last: 12892492 ns, Reaching safepoint: 149014 ns, At safepoint: 27126 ns, Total: 176140 ns
[2020-09-11T15:28:37.942+0000][1][safepoint    ] Safepoint "BulkRevokeBias", Time since last: 735837 ns, Reaching safepoint: 129184 ns, At safepoint: 394273 ns, Total: 523457 ns
[2020-09-11T15:28:37.942+0000][1][safepoint    ] Safepoint "RevokeBias", Time since last: 118638 ns, Reaching safepoint: 51970 ns, At safepoint: 14721 ns, Total: 66691 ns
[2020-09-11T15:28:37.942+0000][1][safepoint    ] Safepoint "RevokeBias", Time since last: 51315 ns, Reaching safepoint: 39028 ns, At safepoint: 12142 ns, Total: 51170 ns
[2020-09-11T15:28:37.949+0000][1][safepoint    ] Safepoint "RevokeBias", Time since last: 6751293 ns, Reaching safepoint: 142044 ns, At safepoint: 20801 ns, Total: 162845 ns
[2020-09-11T15:31:01.699+0000][1][safepoint    ] Safepoint "RevokeBias", Time since last: 141656445688 ns, Reaching safepoint: 1922242003 ns, At safepoint: 173997095 ns, Total: 2096239098 ns
[2020-09-11T15:31:03.176+0000][1][safepoint    ] Safepoint "RevokeBias", Time since last: 526993280 ns, Reaching safepoint: 693495242 ns, At safepoint: 256398188 ns, Total: 949893430 ns
[2020-09-11T15:31:12.961+0000][1][safepoint    ] Safepoint "Cleanup", Time since last: 6638473888 ns, Reaching safepoint: 2140182032 ns, At safepoint: 1006357065 ns, Total: 3146539097 ns
[2020-09-11T15:31:21.202+0000][1][gc,start     ] GC(211) Pause Young (Allocation Failure)
[2020-09-11T15:31:22.104+0000][1][gc,task      ] GC(211) Using 1 workers of 1 for evacuation
[2020-09-11T15:31:44.119+0000][1][gc,age       ] GC(211) Desired survivor size 4358144 bytes, new threshold 6 (max threshold 6)
[2020-09-11T15:31:44.119+0000][1][gc,age       ] GC(211) Age table with threshold 6 (max threshold 6)
[2020-09-11T15:31:44.119+0000][1][gc,age       ] GC(211) - age   1:     772224 bytes,     772224 total
[2020-09-11T15:31:44.119+0000][1][gc,heap      ] GC(211) ParNew: 76672K->7883K(76672K)
[2020-09-11T15:31:44.119+0000][1][gc,heap      ] GC(211) CMS: 108583K->108984K(439104K)
[2020-09-11T15:31:44.119+0000][1][gc,metaspace ] GC(211) Metaspace: 96347K->96347K(1138688K)
[2020-09-11T15:31:44.119+0000][1][gc           ] GC(211) Pause Young (Allocation Failure) 180M->114M(503M) 22917.558ms
[2020-09-11T15:31:44.120+0000][1][gc,cpu       ] GC(211) User=4.50s Sys=0.23s Real=22.91s
[2020-09-11T15:31:44.422+0000][1][safepoint    ] Safepoint "GenCollectForAllocation", Time since last: 6933830061 ns, Reaching safepoint: 1307141216 ns, At safepoint: 23220371373 ns, Total: 24527512589 ns
[2020-09-11T15:31:48.929+0000][1][safepoint    ] Safepoint "Cleanup", Time since last: 3351808338 ns, Reaching safepoint: 442656930 ns, At safepoint: 712495534 ns, Total: 1155152464 ns
[2020-09-11T15:32:24.449+0000][1][safepoint    ] Safepoint "Cleanup", Time since last: 34450245878 ns, Reaching safepoint: 375143755 ns, At safepoint: 694759277 ns, Total: 1069903032 ns
[2020-09-11T15:32:43.736+0000][1][safepoint    ] Safepoint "Cleanup", Time since last: 19087464297 ns, Reaching safepoint: 199184666 ns, At safepoint: 58124 ns, Total: 199242790 ns
[2020-09-11T15:32:44.797+0000][1][safepoint    ] Safepoint "RevokeBias", Time since last: 968876263 ns, Reaching safepoint: 92218614 ns, At safepoint: 139370 ns, Total: 92357984 ns
[2020-09-11T15:32:45.278+0000][1][safepoint    ] Safepoint "RevokeBias", Time since last: 480298630 ns, Reaching safepoint: 425530 ns, At safepoint: 37787 ns, Total: 463317 ns
[2020-09-11T15:32:46.894+0000][1][safepoint    ] Safepoint "RevokeBias", Time since last: 903154917 ns, Reaching safepoint: 399098400 ns, At safepoint: 313227271 ns, Total: 712325671 ns
[2020-09-11T15:32:47.982+0000][1][safepoint    ] Safepoint "Cleanup", Time since last: 1086987874 ns, Reaching safepoint: 1004945 ns, At safepoint: 41624 ns, Total: 1046569 ns
[2020-09-11T15:32:49.262+0000][1][safepoint    ] Safepoint "Cleanup", Time since last: 1027242417 ns, Reaching safepoint: 9522534 ns, At safepoint: 243674812 ns, Total: 253197346 ns
[2020-09-11T15:32:50.317+0000][1][safepoint    ] Safepoint "Cleanup", Time since last: 1054463241 ns, Reaching safepoint: 443706 ns, At safepoint: 15383 ns, Total: 459089 ns
[2020-09-11T15:32:51.350+0000][1][safepoint    ] Safepoint "Cleanup", Time since last: 1010592120 ns, Reaching safepoint: 21946332 ns, At safepoint: 26666 ns, Total: 21972998 ns
[2020-09-11T15:32:52.583+0000][1][safepoint    ] Safepoint "Cleanup", Time since last: 1021279548 ns, Reaching safepoint: 212657620 ns, At safepoint: 30087 ns, Total: 212687707 ns
[2020-09-11T15:32:52.802+0000][1][safepoint    ] Safepoint "RevokeBias", Time since last: 217884070 ns, Reaching safepoint: 444257 ns, At safepoint: 31671 ns, Total: 475928 ns
[2020-09-11T15:32:53.853+0000][1][safepoint    ] Safepoint "Cleanup", Time since last: 1050954225 ns, Reaching safepoint: 614184 ns, At safepoint: 35978 ns, Total: 650162 ns
[2020-09-11T15:32:54.867+0000][1][safepoint    ] Safepoint "Cleanup", Time since last: 1012749701 ns, Reaching safepoint: 589532 ns, At safepoint: 33682 ns, Total: 623214 ns
[2020-09-11T15:32:56.159+0000][1][safepoint    ] Safepoint "RevokeBias", Time since last: 1062627489 ns, Reaching safepoint: 177929210 ns, At safepoint: 51550466 ns, Total: 229479676 ns
[2020-09-11T15:32:56.179+0000][1][safepoint    ] Safepoint "RevokeBias", Time since last: 19417647 ns, Reaching safepoint: 454511 ns, At safepoint: 77618 ns, Total: 532129 ns
[2020-09-11T15:32:56.601+0000][1][safepoint    ] Safepoint "RevokeBias", Time since last: 421378228 ns, Reaching safepoint: 489119 ns, At safepoint: 132329 ns, Total: 621448 ns
[2020-09-11T15:32:57.601+0000][1][safepoint    ] Safepoint "Cleanup", Time since last: 1000190125 ns, Reaching safepoint: 165581 ns, At safepoint: 20730 ns, Total: 186311 ns
[2020-09-11T15:32:58.602+0000][1][safepoint    ] Safepoint "Cleanup", Time since last: 1000214347 ns, Reaching safepoint: 168614 ns, At safepoint: 24709 ns, Total: 193323 ns
[2020-09-11T15:32:59.611+0000][1][safepoint    ] Safepoint "Cleanup", Time since last: 1008637370 ns, Reaching safepoint: 600089 ns, At safepoint: 30426 ns, Total: 630515 ns
[2020-09-11T15:32:59.921+0000][1][safepoint    ] Safepoint "RevokeBias", Time since last: 309495893 ns, Reaching safepoint: 429204 ns, At safepoint: 56177 ns, Total: 485381 ns
[2020-09-11T15:33:00.921+0000][1][safepoint    ] Safepoint "Cleanup", Time since last: 1000240601 ns, Reaching safepoint: 117429 ns, At safepoint: 8366 ns, Total: 125795 ns
[2020-09-11T15:33:01.922+0000][1][safepoint    ] Safepoint "Cleanup", Time since last: 1000154193 ns, Reaching safepoint: 253863 ns, At safepoint: 19979 ns, Total: 273842 ns
[2020-09-11T15:33:02.081+0000][1][safepoint    ] Safepoint "RevokeBias", Time since last: 159474224 ns, Reaching safepoint: 201369 ns, At safepoint: 58028 ns, Total: 259397 ns
[2020-09-11T15:33:04.089+0000][1][safepoint    ] Safepoint "Cleanup", Time since last: 2007227956 ns, Reaching safepoint: 259744 ns, At safepoint: 20687 ns, Total: 280431 ns
[2020-09-11T15:33:04.129+0000][1][safepoint    ] Safepoint "RevokeBias", Time since last: 40102796 ns, Reaching safepoint: 262053 ns, At safepoint: 57844 ns, Total: 319897 ns
[2020-09-11T15:33:04.729+0000][1][gc,start     ] GC(212) Pause Young (Allocation Failure)
[2020-09-11T15:33:04.730+0000][1][gc,task      ] GC(212) Using 1 workers of 1 for evacuation
[2020-09-11T15:33:05.926+0000][1][gc,age       ] GC(212) Desired survivor size 4358144 bytes, new threshold 1 (max threshold 6)
[2020-09-11T15:33:05.926+0000][1][gc,age       ] GC(212) Age table with threshold 1 (max threshold 6)
[2020-09-11T15:33:05.926+0000][1][gc,age       ] GC(212) - age   1:    8674304 bytes,    8674304 total
[2020-09-11T15:33:05.926+0000][1][gc,age       ] GC(212) - age   2:      12920 bytes,    8687224 total
[2020-09-11T15:33:05.926+0000][1][gc,heap      ] GC(212) ParNew: 76043K->8512K(76672K)
[2020-09-11T15:33:05.926+0000][1][gc,heap      ] GC(212) CMS: 108984K->110643K(439104K)
[2020-09-11T15:33:05.926+0000][1][gc,metaspace ] GC(212) Metaspace: 96368K->96368K(1138688K)
[2020-09-11T15:33:05.926+0000][1][gc           ] GC(212) Pause Young (Allocation Failure) 180M->116M(503M) 1196.760ms
[2020-09-11T15:33:05.926+0000][1][gc,cpu       ] GC(212) User=1.03s Sys=0.04s Real=1.20s
[2020-09-11T15:33:05.936+0000][1][safepoint    ] Safepoint "GenCollectForAllocation", Time since last: 599860825 ns, Reaching safepoint: 242185 ns, At safepoint: 1206539040 ns, Total: 1206781225 ns
[2020-09-11T15:33:06.195+0000][1][safepoint    ] Safepoint "RevokeBias", Time since last: 258558173 ns, Reaching safepoint: 198249 ns, At safepoint: 54720 ns, Total: 252969 ns
[2020-09-11T15:33:09.224+0000][1][safepoint    ] Safepoint "Cleanup", Time since last: 3028648123 ns, Reaching safepoint: 402811 ns, At safepoint: 12018 ns, Total: 414829 ns
[2020-09-11T15:33:09.348+0000][1][safepoint    ] Safepoint "RevokeBias", Time since last: 124337015 ns, Reaching safepoint: 191553 ns, At safepoint: 54032 ns, Total: 245585 ns
[2020-09-11T15:33:12.817+0000][1][safepoint    ] Safepoint "Cleanup", Time since last: 3246831420 ns, Reaching safepoint: 57784545 ns, At safepoint: 163833347 ns, Total: 221617892 ns
[2020-09-11T15:33:12.819+0000][1][safepoint    ] Safepoint "RevokeBias", Time since last: 55902 ns, Reaching safepoint: 1879989 ns, At safepoint: 33246 ns, Total: 1913235 ns
[2020-09-11T15:33:13.822+0000][1][safepoint    ] Safepoint "Cleanup", Time since last: 1003018436 ns, Reaching safepoint: 115588 ns, At safepoint: 9951 ns, Total: 125539 ns
[2020-09-11T15:33:15.014+0000][1][safepoint    ] Safepoint "RevokeBias", Time since last: 1112063918 ns, Reaching safepoint: 78298215 ns, At safepoint: 1463910 ns, Total: 79762125 ns
[2020-09-11T15:33:16.298+0000][1][safepoint    ] Safepoint "RevokeBias", Time since last: 1284275710 ns, Reaching safepoint: 106361 ns, At safepoint: 24895 ns, Total: 131256 ns
[2020-09-11T15:33:16.560+0000][1][safepoint    ] Safepoint "RevokeBias", Time since last: 262128639 ns, Reaching safepoint: 97980 ns, At safepoint: 23057 ns, Total: 121037 ns
[2020-09-11T15:33:17.718+0000][1][safepoint    ] Safepoint "Cleanup", Time since last: 1157077592 ns, Reaching safepoint: 598419 ns, At safepoint: 34862 ns, Total: 633281 ns
[2020-09-11T15:33:17.891+0000][1][safepoint    ] Safepoint "RevokeBias", Time since last: 170080099 ns, Reaching safepoint: 351780 ns, At safepoint: 89618 ns, Total: 441398 ns
[2020-09-11T15:33:18.901+0000][1][safepoint    ] Safepoint "Cleanup", Time since last: 1012059762 ns, Reaching safepoint: 142806 ns, At safepoint: 18757 ns, Total: 161563 ns
[2020-09-11T15:33:20.041+0000][1][safepoint    ] Safepoint "RevokeBias", Time since last: 1139733275 ns, Reaching safepoint: 117755 ns, At safepoint: 25043 ns, Total: 142798 ns
[2020-09-11T15:33:20.517+0000][1][safepoint    ] Safepoint "RevokeBias", Time since last: 475404625 ns, Reaching safepoint: 773152 ns, At safepoint: 56912 ns, Total: 830064 ns
[2020-09-11T15:33:21.432+0000][1][safepoint    ] Safepoint "RevokeBias", Time since last: 914269209 ns, Reaching safepoint: 296274 ns, At safepoint: 101456 ns, Total: 397730 ns
[2020-09-11T15:33:22.216+0000][1][safepoint    ] Safepoint "RevokeBias", Time since last: 784170200 ns, Reaching safepoint: 186543 ns, At safepoint: 25697 ns, Total: 212240 ns
[2020-09-11T15:33:24.228+0000][1][safepoint    ] Safepoint "Cleanup", Time since last: 2011281260 ns, Reaching safepoint: 121272 ns, At safepoint: 9204 ns, Total: 130476 ns
[2020-09-11T15:33:24.237+0000][1][safepoint    ] Safepoint "RevokeBias", Time since last: 9814800 ns, Reaching safepoint: 96089 ns, At safepoint: 25178 ns, Total: 121267 ns
[2020-09-11T15:33:24.984+0000][1][safepoint    ] Safepoint "RevokeBias", Time since last: 746059229 ns, Reaching safepoint: 116604 ns, At safepoint: 29314 ns, Total: 145918 ns
[2020-09-11T15:33:26.165+0000][1][gc,start     ] GC(213) Pause Young (Allocation Failure)
[2020-09-11T15:33:26.165+0000][1][gc,task      ] GC(213) Using 1 workers of 1 for evacuation
[2020-09-11T15:33:27.163+0000][1][gc,age       ] GC(213) Desired survivor size 4358144 bytes, new threshold 6 (max threshold 6)
[2020-09-11T15:33:27.163+0000][1][gc,age       ] GC(213) Age table with threshold 6 (max threshold 6)
[2020-09-11T15:33:27.163+0000][1][gc,age       ] GC(213) - age   1:     143336 bytes,     143336 total
[2020-09-11T15:33:27.163+0000][1][gc,heap      ] GC(213) ParNew: 76672K->6890K(76672K)
[2020-09-11T15:33:27.163+0000][1][gc,heap      ] GC(213) CMS: 110643K->119009K(439104K)
[2020-09-11T15:33:27.163+0000][1][gc,metaspace ] GC(213) Metaspace: 96448K->96448K(1138688K)
[2020-09-11T15:33:27.163+0000][1][gc           ] GC(213) Pause Young (Allocation Failure) 182M->122M(503M) 998.429ms
[2020-09-11T15:33:27.163+0000][1][gc,cpu       ] GC(213) User=0.46s Sys=0.02s Real=1.00s
[2020-09-11T15:33:27.164+0000][1][safepoint    ] Safepoint "GenCollectForAllocation", Time since last: 1177276074 ns, Reaching safepoint: 3910734 ns, At safepoint: 999230114 ns, Total: 1003140848 ns
[2020-09-11T15:33:30.347+0000][1][safepoint    ] Safepoint "RevokeBias", Time since last: 3182839814 ns, Reaching safepoint: 191087 ns, At safepoint: 103061 ns, Total: 294148 ns
[2020-09-11T15:33:32.129+0000][1][safepoint    ] Safepoint "RevokeBias", Time since last: 1780952201 ns, Reaching safepoint: 499984 ns, At safepoint: 54959 ns, Total: 554943 ns
[2020-09-11T15:33:33.129+0000][1][safepoint    ] Safepoint "Cleanup", Time since last: 1000278485 ns, Reaching safepoint: 196903 ns, At safepoint: 14358 ns, Total: 211261 ns
[2020-09-11T15:33:34.064+0000][1][safepoint    ] Safepoint "RevokeBias", Time since last: 934216652 ns, Reaching safepoint: 192482 ns, At safepoint: 54744 ns, Total: 247226 ns
[2020-09-11T15:33:39.228+0000][1][safepoint    ] Safepoint "BulkRevokeBias", Time since last: 4957306237 ns, Reaching safepoint: 206213274 ns, At safepoint: 557205 ns, Total: 206770479 ns
[2020-09-11T15:33:39.687+0000][1][safepoint    ] Safepoint "RevokeBias", Time since last: 458697024 ns, Reaching safepoint: 195594 ns, At safepoint: 101900 ns, Total: 297494 ns
[2020-09-11T15:33:42.362+0000][1][safepoint    ] Safepoint "RevokeBias", Time since last: 2674834276 ns, Reaching safepoint: 190848 ns, At safepoint: 54484 ns, Total: 245332 ns
[2020-09-11T15:33:44.368+0000][1][safepoint    ] Safepoint "Cleanup", Time since last: 2006448787 ns, Reaching safepoint: 104178 ns, At safepoint: 10173 ns, Total: 114351 ns
[2020-09-11T15:33:46.499+0000][1][safepoint    ] Safepoint "Cleanup", Time since last: 2130111380 ns, Reaching safepoint: 151326 ns, At safepoint: 7642 ns, Total: 158968 ns
[2020-09-11T15:33:46.562+0000][1][safepoint    ] Safepoint "RevokeBias", Time since last: 63450586 ns, Reaching safepoint: 152751 ns, At safepoint: 154101 ns, Total: 306852 ns
[2020-09-11T15:33:47.377+0000][1][safepoint    ] Safepoint "RevokeBias", Time since last: 813998109 ns, Reaching safepoint: 129274 ns, At safepoint: 26744 ns, Total: 156018 ns
[2020-09-11T15:33:49.659+0000][1][safepoint    ] Safepoint "RevokeBias", Time since last: 2282374894 ns, Reaching safepoint: 100720 ns, At safepoint: 24763 ns, Total: 125483 ns
[2020-09-11T15:33:53.311+0000][1][safepoint    ] Safepoint "RevokeBias", Time since last: 3651936781 ns, Reaching safepoint: 102432 ns, At safepoint: 24500 ns, Total: 126932 ns
[2020-09-11T15:33:54.036+0000][1][safepoint    ] Safepoint "RevokeBias", Time since last: 724043791 ns, Reaching safepoint: 322076 ns, At safepoint: 58682 ns, Total: 380758 ns
[2020-09-11T15:33:55.036+0000][1][safepoint    ] Safepoint "Cleanup", Time since last: 1000344405 ns, Reaching safepoint: 99919 ns, At safepoint: 8257 ns, Total: 108176 ns
[2020-09-11T15:33:55.043+0000][1][safepoint    ] Safepoint "RevokeBias", Time since last: 6429164 ns, Reaching safepoint: 81135 ns, At safepoint: 23894 ns, Total: 105029 ns
[2020-09-11T15:33:58.135+0000][1][gc,start     ] GC(214) Pause Young (Allocation Failure)
[2020-09-11T15:33:58.135+0000][1][gc,task      ] GC(214) Using 1 workers of 1 for evacuation
[2020-09-11T15:33:58.141+0000][1][gc,age       ] GC(214) Desired survivor size 4358144 bytes, new threshold 6 (max threshold 6)
[2020-09-11T15:33:58.141+0000][1][gc,age       ] GC(214) Age table with threshold 6 (max threshold 6)
[2020-09-11T15:33:58.141+0000][1][gc,age       ] GC(214) - age   1:     143224 bytes,     143224 total
[2020-09-11T15:33:58.141+0000][1][gc,age       ] GC(214) - age   2:      70752 bytes,     213976 total
[2020-09-11T15:33:58.141+0000][1][gc,heap      ] GC(214) ParNew: 75050K->1748K(76672K)
[2020-09-11T15:33:58.141+0000][1][gc,heap      ] GC(214) CMS: 119009K->119009K(439104K)
[2020-09-11T15:33:58.141+0000][1][gc,metaspace ] GC(214) Metaspace: 96464K->96464K(1138688K)
[2020-09-11T15:33:58.141+0000][1][gc           ] GC(214) Pause Young (Allocation Failure) 189M->117M(503M) 5.573ms
[2020-09-11T15:33:58.141+0000][1][gc,cpu       ] GC(214) User=0.01s Sys=0.00s Real=0.00s
[2020-09-11T15:33:58.150+0000][1][safepoint    ] Safepoint "GenCollectForAllocation", Time since last: 3092208683 ns, Reaching safepoint: 330805 ns, At safepoint: 14694485 ns, Total: 15025290 ns
[2020-09-11T15:33:59.763+0000][1][safepoint    ] Safepoint "RevokeBias", Time since last: 1613422614 ns, Reaching safepoint: 113238 ns, At safepoint: 30506 ns, Total: 143744 ns
[2020-09-11T15:34:05.388+0000][1][safepoint    ] Safepoint "Cleanup", Time since last: 4055093292 ns, Reaching safepoint: 1569468801 ns, At safepoint: 35150 ns, Total: 1569503951 ns
[2020-09-11T15:34:06.020+0000][1][safepoint    ] Safepoint "RevokeBias", Time since last: 609682891 ns, Reaching safepoint: 228161 ns, At safepoint: 21699572 ns, Total: 21927733 ns
[2020-09-11T15:34:06.567+0000][1][safepoint    ] Safepoint "RevokeBias", Time since last: 544575678 ns, Reaching safepoint: 2636260 ns, At safepoint: 164537 ns, Total: 2800797 ns
[2020-09-11T15:34:06.821+0000][1][safepoint    ] Safepoint "RevokeBias", Time since last: 253734851 ns, Reaching safepoint: 136207 ns, At safepoint: 23890 ns, Total: 160097 ns
[2020-09-11T15:34:07.313+0000][1][safepoint    ] Safepoint "RevokeBias", Time since last: 492104815 ns, Reaching safepoint: 271529 ns, At safepoint: 28250 ns, Total: 299779 ns
[2020-09-11T15:34:07.314+0000][1][safepoint    ] Safepoint "RevokeBias", Time since last: 288806 ns, Reaching safepoint: 230710 ns, At safepoint: 23418 ns, Total: 254128 ns
[2020-09-11T15:34:07.328+0000][1][safepoint    ] Safepoint "RevokeBias", Time since last: 2061574 ns, Reaching safepoint: 12129450 ns, At safepoint: 34505 ns, Total: 12163955 ns
[2020-09-11T15:34:07.330+0000][1][safepoint    ] Safepoint "RevokeBias", Time since last: 1478161 ns, Reaching safepoint: 245431 ns, At safepoint: 31270 ns, Total: 276701 ns
[2020-09-11T15:34:07.397+0000][1][safepoint    ] Safepoint "RevokeBias", Time since last: 59245592 ns, Reaching safepoint: 8183045 ns, At safepoint: 48076 ns, Total: 8231121 ns
[2020-09-11T15:34:07.437+0000][1][safepoint    ] Safepoint "RevokeBias", Time since last: 39866884 ns, Reaching safepoint: 287974 ns, At safepoint: 32761 ns, Total: 320735 ns
[2020-09-11T15:34:07.495+0000][1][safepoint    ] Safepoint "RevokeBias", Time since last: 57299941 ns, Reaching safepoint: 522402 ns, At safepoint: 29052 ns, Total: 551454 ns
[2020-09-11T15:34:07.582+0000][1][safepoint    ] Safepoint "RevokeBias", Time since last: 84887807 ns, Reaching safepoint: 1378340 ns, At safepoint: 33993 ns, Total: 1412333 ns
[2020-09-11T15:34:07.619+0000][1][safepoint    ] Safepoint "RevokeBias", Time since last: 477798 ns, Reaching safepoint: 241525 ns, At safepoint: 36224561 ns, Total: 36466086 ns
[2020-09-11T15:34:08.021+0000][1][safepoint    ] Safepoint "RevokeBias", Time since last: 402345995 ns, Reaching safepoint: 288767 ns, At safepoint: 18219 ns, Total: 306986 ns
[2020-09-11T15:34:08.029+0000][1][safepoint    ] Safepoint "RevokeBias", Time since last: 7660006 ns, Reaching safepoint: 232610 ns, At safepoint: 13052 ns, Total: 245662 ns
[2020-09-11T15:34:08.069+0000][1][safepoint    ] Safepoint "RevokeBias", Time since last: 39505592 ns, Reaching safepoint: 155899 ns, At safepoint: 28192 ns, Total: 184091 ns
[2020-09-11T15:34:08.070+0000][1][safepoint    ] Safepoint "RevokeBias", Time since last: 93765 ns, Reaching safepoint: 879064 ns, At safepoint: 11429 ns, Total: 890493 ns
[2020-09-11T15:34:08.070+0000][1][safepoint    ] Safepoint "RevokeBias", Time since last: 82229 ns, Reaching safepoint: 125457 ns, At safepoint: 9415 ns, Total: 134872 ns
[2020-09-11T15:34:08.070+0000][1][safepoint    ] Safepoint "RevokeBias", Time since last: 107441 ns, Reaching safepoint: 124662 ns, At safepoint: 9223 ns, Total: 133885 ns
[2020-09-11T15:34:08.070+0000][1][safepoint    ] Safepoint "RevokeBias", Time since last: 53740 ns, Reaching safepoint: 116350 ns, At safepoint: 8675 ns, Total: 125025 ns
[2020-09-11T15:34:08.071+0000][1][safepoint    ] Safepoint "RevokeBias", Time since last: 205803 ns, Reaching safepoint: 121436 ns, At safepoint: 8948 ns, Total: 130384 ns
[2020-09-11T15:34:08.149+0000][1][safepoint    ] Safepoint "RevokeBias", Time since last: 667366 ns, Reaching safepoint: 24872860 ns, At safepoint: 52557188 ns, Total: 77430048 ns
[2020-09-11T15:34:08.175+0000][1][safepoint    ] Safepoint "RevokeBias", Time since last: 26257760 ns, Reaching safepoint: 266216 ns, At safepoint: 28698 ns, Total: 294914 ns
[2020-09-11T15:34:08.661+0000][1][safepoint    ] Safepoint "RevokeBias", Time since last: 485732284 ns, Reaching safepoint: 330591 ns, At safepoint: 33502 ns, Total: 364093 ns
[2020-09-11T15:34:08.671+0000][1][safepoint    ] Safepoint "RevokeBias", Time since last: 1291404 ns, Reaching safepoint: 5144242 ns, At safepoint: 2752303 ns, Total: 7896545 ns
[2020-09-11T15:34:08.671+0000][1][safepoint    ] Safepoint "RevokeBias", Time since last: 169315 ns, Reaching safepoint: 113654 ns, At safepoint: 46512 ns, Total: 160166 ns
[2020-09-11T15:34:08.672+0000][1][safepoint    ] Safepoint "RevokeBias", Time since last: 791348 ns, Reaching safepoint: 57259 ns, At safepoint: 19209 ns, Total: 76468 ns
[2020-09-11T15:34:08.672+0000][1][safepoint    ] Safepoint "RevokeBias", Time since last: 68773 ns, Reaching safepoint: 37720 ns, At safepoint: 17383 ns, Total: 55103 ns
[2020-09-11T15:34:08.674+0000][1][safepoint    ] Safepoint "RevokeBias", Time since last: 1680112 ns, Reaching safepoint: 98448 ns, At safepoint: 52434 ns, Total: 150882 ns
[2020-09-11T15:34:08.764+0000][1][safepoint    ] Safepoint "RevokeBias", Time since last: 89393391 ns, Reaching safepoint: 270152 ns, At safepoint: 29954 ns, Total: 300106 ns
[2020-09-11T15:34:08.766+0000][1][safepoint    ] Safepoint "RevokeBias", Time since last: 2409323 ns, Reaching safepoint: 189443 ns, At safepoint: 26071 ns, Total: 215514 ns
[2020-09-11T15:34:08.767+0000][1][safepoint    ] Safepoint "RevokeBias", Time since last: 222196 ns, Reaching safepoint: 184674 ns, At safepoint: 24565 ns, Total: 209239 ns
[2020-09-11T15:34:08.767+0000][1][safepoint    ] Safepoint "RevokeBias", Time since last: 198594 ns, Reaching safepoint: 182736 ns, At safepoint: 24394 ns, Total: 207130 ns
[2020-09-11T15:34:08.767+0000][1][safepoint    ] Safepoint "RevokeBias", Time since last: 167838 ns, Reaching safepoint: 191968 ns, At safepoint: 48915 ns, Total: 240883 ns
[2020-09-11T15:34:09.160+0000][1][safepoint    ] Safepoint "RevokeBias", Time since last: 319418459 ns, Reaching safepoint: 30156597 ns, At safepoint: 43489950 ns, Total: 73646547 ns
[2020-09-11T15:34:09.201+0000][1][safepoint    ] Safepoint "RevokeBias", Time since last: 2297719 ns, Reaching safepoint: 35884601 ns, At safepoint: 2157078 ns, Total: 38041679 ns
[2020-09-11T15:34:09.203+0000][1][safepoint    ] Safepoint "RevokeBias", Time since last: 1966909 ns, Reaching safepoint: 157043 ns, At safepoint: 39832 ns, Total: 196875 ns
[2020-09-11T15:34:09.204+0000][1][safepoint    ] Safepoint "RevokeBias", Time since last: 674048 ns, Reaching safepoint: 144881 ns, At safepoint: 39605 ns, Total: 184486 ns
[2020-09-11T15:34:09.204+0000][1][safepoint    ] Safepoint "RevokeBias", Time since last: 494390 ns, Reaching safepoint: 137425 ns, At safepoint: 31253 ns, Total: 168678 ns
[2020-09-11T15:34:09.211+0000][1][safepoint    ] Safepoint "RevokeBias", Time since last: 492682 ns, Reaching safepoint: 129040 ns, At safepoint: 6383612 ns, Total: 6512652 ns
[2020-09-11T15:34:09.221+0000][1][safepoint    ] Safepoint "RevokeBias", Time since last: 7599863 ns, Reaching safepoint: 2219177 ns, At safepoint: 57619 ns, Total: 2276796 ns
[2020-09-11T15:34:09.230+0000][1][safepoint    ] Safepoint "BulkRevokeBias", Time since last: 8219359 ns, Reaching safepoint: 166364 ns, At safepoint: 271578 ns, Total: 437942 ns
[2020-09-11T15:34:09.761+0000][1][safepoint    ] Safepoint "RevokeBias", Time since last: 526800995 ns, Reaching safepoint: 3709129 ns, At safepoint: 32913 ns, Total: 3742042 ns
[2020-09-11T15:34:09.773+0000][1][safepoint    ] Safepoint "RevokeBias", Time since last: 12328538 ns, Reaching safepoint: 174671 ns, At safepoint: 30677 ns, Total: 205348 ns
[2020-09-11T15:34:10.081+0000][1][safepoint    ] Safepoint "RevokeBias", Time since last: 307709718 ns, Reaching safepoint: 257511 ns, At safepoint: 29739 ns, Total: 287250 ns
[2020-09-11T15:34:10.949+0000][1][safepoint    ] Safepoint "RevokeBias", Time since last: 779755855 ns, Reaching safepoint: 19877476 ns, At safepoint: 68142797 ns, Total: 88020273 ns
[2020-09-11T15:34:10.952+0000][1][safepoint    ] Safepoint "BulkRevokeBias", Time since last: 3018957 ns, Reaching safepoint: 166522 ns, At safepoint: 197252 ns, Total: 363774 ns
[2020-09-11T15:34:11.570+0000][1][safepoint    ] Safepoint "RevokeBias", Time since last: 617177425 ns, Reaching safepoint: 642660 ns, At safepoint: 12094 ns, Total: 654754 ns
[2020-09-11T15:34:11.654+0000][1][safepoint    ] Safepoint "RevokeBias", Time since last: 7371678 ns, Reaching safepoint: 76088248 ns, At safepoint: 33473 ns, Total: 76121721 ns
[2020-09-11T15:34:11.949+0000][1][safepoint    ] Safepoint "RevokeBias", Time since last: 2928339 ns, Reaching safepoint: 292855987 ns, At safepoint: 17845 ns, Total: 292873832 ns
[2020-09-11T15:34:12.009+0000][1][safepoint    ] Safepoint "RevokeBias", Time since last: 1320959 ns, Reaching safepoint: 57975458 ns, At safepoint: 35279 ns, Total: 58010737 ns
[2020-09-11T15:34:12.048+0000][1][safepoint    ] Safepoint "RevokeBias", Time since last: 39322244 ns, Reaching safepoint: 177613 ns, At safepoint: 18434 ns, Total: 196047 ns
[2020-09-11T15:34:12.050+0000][1][safepoint    ] Safepoint "RevokeBias", Time since last: 1285199 ns, Reaching safepoint: 149730 ns, At safepoint: 35186 ns, Total: 184916 ns
[2020-09-11T15:34:12.069+0000][1][safepoint    ] Safepoint "RevokeBias", Time since last: 1094732 ns, Reaching safepoint: 18345731 ns, At safepoint: 33679 ns, Total: 18379410 ns
[2020-09-11T15:34:12.099+0000][1][safepoint    ] Safepoint "RevokeBias", Time since last: 1363895 ns, Reaching safepoint: 28154980 ns, At safepoint: 38849 ns, Total: 28193829 ns
[2020-09-11T15:34:12.232+0000][1][safepoint    ] Safepoint "RevokeBias", Time since last: 130221595 ns, Reaching safepoint: 3509720 ns, At safepoint: 36767 ns, Total: 3546487 ns
[2020-09-11T15:34:12.333+0000][1][safepoint    ] Safepoint "RevokeBias", Time since last: 100102886 ns, Reaching safepoint: 374423 ns, At safepoint: 61731 ns, Total: 436154 ns
[2020-09-11T15:34:12.550+0000][1][safepoint    ] Safepoint "RevokeBias", Time since last: 216710787 ns, Reaching safepoint: 248977 ns, At safepoint: 25571 ns, Total: 274548 ns
[2020-09-11T15:34:12.682+0000][1][safepoint    ] Safepoint "RevokeBias", Time since last: 130920588 ns, Reaching safepoint: 703972 ns, At safepoint: 22732 ns, Total: 726704 ns
[2020-09-11T15:34:12.702+0000][1][safepoint    ] Safepoint "RevokeBias", Time since last: 19879369 ns, Reaching safepoint: 349581 ns, At safepoint: 57448 ns, Total: 407029 ns
[2020-09-11T15:34:13.509+0000][1][gc,start     ] GC(215) Pause Young (Allocation Failure)
[2020-09-11T15:34:13.510+0000][1][gc,task      ] GC(215) Using 1 workers of 1 for evacuation
[2020-09-11T15:34:13.521+0000][1][gc,age       ] GC(215) Desired survivor size 4358144 bytes, new threshold 6 (max threshold 6)
[2020-09-11T15:34:13.525+0000][1][gc,age       ] GC(215) Age table with threshold 6 (max threshold 6)
[2020-09-11T15:34:13.525+0000][1][gc,age       ] GC(215) - age   1:     409504 bytes,     409504 total
[2020-09-11T15:34:13.525+0000][1][gc,age       ] GC(215) - age   2:      67856 bytes,     477360 total
[2020-09-11T15:34:13.525+0000][1][gc,age       ] GC(215) - age   3:      66968 bytes,     544328 total
[2020-09-11T15:34:13.525+0000][1][gc,heap      ] GC(215) ParNew: 69908K->952K(76672K)
[2020-09-11T15:34:13.525+0000][1][gc,heap      ] GC(215) CMS: 119009K->119009K(439104K)
[2020-09-11T15:34:13.525+0000][1][gc,metaspace ] GC(215) Metaspace: 96578K->96578K(1138688K)
[2020-09-11T15:34:13.525+0000][1][gc           ] GC(215) Pause Young (Allocation Failure) 184M->117M(503M) 15.448ms
[2020-09-11T15:34:13.525+0000][1][gc,cpu       ] GC(215) User=0.00s Sys=0.01s Real=0.02s
[2020-09-11T15:34:13.692+0000][1][safepoint    ] Safepoint "GenCollectForAllocation", Time since last: 807309133 ns, Reaching safepoint: 171850 ns, At safepoint: 182881263 ns, Total: 183053113 ns
[2020-09-11T15:34:14.326+0000][1][safepoint    ] Safepoint "RevokeBias", Time since last: 467280318 ns, Reaching safepoint: 165953553 ns, At safepoint: 40180 ns, Total: 165993733 ns
[2020-09-11T15:34:14.327+0000][1][safepoint    ] Safepoint "RevokeBias", Time since last: 846808 ns, Reaching safepoint: 123921 ns, At safepoint: 18508 ns, Total: 142429 ns
[2020-09-11T15:34:14.327+0000][1][safepoint    ] Safepoint "RevokeBias", Time since last: 479896 ns, Reaching safepoint: 108843 ns, At safepoint: 15355 ns, Total: 124198 ns
[2020-09-11T15:34:14.328+0000][1][safepoint    ] Safepoint "RevokeBias", Time since last: 124594 ns, Reaching safepoint: 212854 ns, At safepoint: 17505 ns, Total: 230359 ns
[2020-09-11T15:34:14.328+0000][1][safepoint    ] Safepoint "BulkRevokeBias", Time since last: 40381 ns, Reaching safepoint: 105471 ns, At safepoint: 251099 ns, Total: 356570 ns
[2020-09-11T15:34:14.328+0000][1][safepoint    ] Safepoint "RevokeBias", Time since last: 104403 ns, Reaching safepoint: 112591 ns, At safepoint: 16111 ns, Total: 128702 ns
[2020-09-11T15:34:14.333+0000][1][safepoint    ] Safepoint "RevokeBias", Time since last: 4914281 ns, Reaching safepoint: 178552 ns, At safepoint: 24753 ns, Total: 203305 ns
[2020-09-11T15:34:14.994+0000][1][safepoint    ] Safepoint "BulkRevokeBias", Time since last: 325584992 ns, Reaching safepoint: 334982049 ns, At safepoint: 259220 ns, Total: 335241269 ns
[2020-09-11T15:34:15.400+0000][1][safepoint    ] Safepoint "RevokeBias", Time since last: 252059794 ns, Reaching safepoint: 154079134 ns, At safepoint: 33021 ns, Total: 154112155 ns
[2020-09-11T15:34:16.125+0000][1][safepoint    ] Safepoint "RevokeBias", Time since last: 277859989 ns, Reaching safepoint: 446464917 ns, At safepoint: 38702 ns, Total: 446503619 ns
[2020-09-11T15:34:16.369+0000][1][safepoint    ] Safepoint "RevokeBias", Time since last: 244472122 ns, Reaching safepoint: 187512 ns, At safepoint: 35132 ns, Total: 222644 ns
[2020-09-11T15:34:17.401+0000][1][safepoint    ] Safepoint "Cleanup", Time since last: 1011493781 ns, Reaching safepoint: 20101961 ns, At safepoint: 15469 ns, Total: 20117430 ns
[2020-09-11T15:34:19.069+0000][1][safepoint    ] Safepoint "Cleanup", Time since last: 1220069304 ns, Reaching safepoint: 447659023 ns, At safepoint: 17486 ns, Total: 447676509 ns
