[2020-09-11T14:16:31.131+0000][1][gc] Using Concurrent Mark Sweep
[2020-09-11T14:16:31.131+0000][1][gc,heap,coops] Heap address: 0x00000000e0000000, size: 512 MB, Compressed Oops mode: 32-bit
[2020-09-11T14:16:31.396+0000][1][safepoint    ] Safepoint "EnableBiasedLocking", Time since last: 232758850 ns, Reaching safepoint: 3210578 ns, At safepoint: 55536 ns, Total: 3266114 ns
[2020-09-11T14:16:31.410+0000][1][safepoint    ] Safepoint "RevokeBias", Time since last: 12235326 ns, Reaching safepoint: 2208668 ns, At safepoint: 34439 ns, Total: 2243107 ns
[2020-09-11T14:16:31.475+0000][1][safepoint    ] Safepoint "Deoptimize", Time since last: 61458724 ns, Reaching safepoint: 4001325 ns, At safepoint: 32756 ns, Total: 4034081 ns
[2020-09-11T14:16:32.176+0000][1][safepoint    ] Safepoint "Deoptimize", Time since last: 695988202 ns, Reaching safepoint: 4004324 ns, At safepoint: 47379 ns, Total: 4051703 ns
[2020-09-11T14:16:32.207+0000][1][safepoint    ] Safepoint "Deoptimize", Time since last: 30511311 ns, Reaching safepoint: 1166749 ns, At safepoint: 42402 ns, Total: 1209151 ns
[2020-09-11T14:16:32.455+0000][1][safepoint    ] Safepoint "Deoptimize", Time since last: 246816182 ns, Reaching safepoint: 1360372 ns, At safepoint: 41106 ns, Total: 1401478 ns
[2020-09-11T14:16:33.460+0000][1][safepoint    ] Safepoint "Cleanup", Time since last: 1003952104 ns, Reaching safepoint: 142505 ns, At safepoint: 4972 ns, Total: 147477 ns
[2020-09-11T14:16:34.464+0000][1][safepoint    ] Safepoint "Cleanup", Time since last: 1004270829 ns, Reaching safepoint: 252723 ns, At safepoint: 4772 ns, Total: 257495 ns
[2020-09-11T14:16:34.628+0000][1][safepoint    ] Safepoint "Deoptimize", Time since last: 163341679 ns, Reaching safepoint: 109763 ns, At safepoint: 79196 ns, Total: 188959 ns
[2020-09-11T14:16:34.992+0000][1][safepoint    ] Safepoint "Deoptimize", Time since last: 363004914 ns, Reaching safepoint: 809262 ns, At safepoint: 76358 ns, Total: 885620 ns
[2020-09-11T14:16:35.345+0000][1][safepoint    ] Safepoint "Deoptimize", Time since last: 352383322 ns, Reaching safepoint: 758111 ns, At safepoint: 80025 ns, Total: 838136 ns
[2020-09-11T14:16:36.014+0000][1][safepoint    ] Safepoint "Deoptimize", Time since last: 668396509 ns, Reaching safepoint: 1009095 ns, At safepoint: 92328 ns, Total: 1101423 ns
[2020-09-11T14:16:37.015+0000][1][safepoint    ] Safepoint "Cleanup", Time since last: 1000139063 ns, Reaching safepoint: 127609 ns, At safepoint: 5112 ns, Total: 132721 ns
[2020-09-11T14:16:37.266+0000][1][safepoint    ] Safepoint "Deoptimize", Time since last: 251656108 ns, Reaching safepoint: 94754 ns, At safepoint: 89878 ns, Total: 184632 ns
[2020-09-11T14:16:38.275+0000][1][safepoint    ] Safepoint "Cleanup", Time since last: 1009075665 ns, Reaching safepoint: 47750 ns, At safepoint: 4602 ns, Total: 52352 ns
[2020-09-11T14:16:39.444+0000][1][safepoint    ] Safepoint "Deoptimize", Time since last: 1168799751 ns, Reaching safepoint: 96274 ns, At safepoint: 93888 ns, Total: 190162 ns
[2020-09-11T14:16:40.452+0000][1][safepoint    ] Safepoint "Cleanup", Time since last: 1006962530 ns, Reaching safepoint: 122634 ns, At safepoint: 5297 ns, Total: 127931 ns
[2020-09-11T14:16:41.378+0000][1][safepoint    ] Safepoint "Deoptimize", Time since last: 926113872 ns, Reaching safepoint: 120719 ns, At safepoint: 126587 ns, Total: 247306 ns
[2020-09-11T14:16:41.378+0000][1][safepoint    ] Safepoint "Deoptimize", Time since last: 166233 ns, Reaching safepoint: 5833 ns, At safepoint: 40257 ns, Total: 46090 ns
[2020-09-11T14:16:41.624+0000][1][safepoint    ] Safepoint "Deoptimize", Time since last: 245304735 ns, Reaching safepoint: 108062 ns, At safepoint: 120577 ns, Total: 228639 ns
[2020-09-11T14:16:41.654+0000][1][safepoint    ] Safepoint "Deoptimize", Time since last: 29781617 ns, Reaching safepoint: 103447 ns, At safepoint: 121897 ns, Total: 225344 ns
[2020-09-11T14:16:41.709+0000][1][safepoint    ] Safepoint "RevokeBias", Time since last: 54786320 ns, Reaching safepoint: 89012 ns, At safepoint: 19931 ns, Total: 108943 ns
[2020-09-11T14:16:41.709+0000][1][safepoint    ] Safepoint "RevokeBias", Time since last: 356000 ns, Reaching safepoint: 77739 ns, At safepoint: 13832 ns, Total: 91571 ns
[2020-09-11T14:16:41.709+0000][1][safepoint    ] Safepoint "RevokeBias", Time since last: 68173 ns, Reaching safepoint: 76841 ns, At safepoint: 18993 ns, Total: 95834 ns
[2020-09-11T14:16:41.709+0000][1][safepoint    ] Safepoint "RevokeBias", Time since last: 149718 ns, Reaching safepoint: 78145 ns, At safepoint: 20179 ns, Total: 98324 ns
[2020-09-11T14:16:42.712+0000][1][safepoint    ] Safepoint "Cleanup", Time since last: 1001995365 ns, Reaching safepoint: 120014 ns, At safepoint: 14617 ns, Total: 134631 ns
[2020-09-11T14:16:43.712+0000][1][safepoint    ] Safepoint "Cleanup", Time since last: 1000103219 ns, Reaching safepoint: 108131 ns, At safepoint: 6009 ns, Total: 114140 ns
[2020-09-11T14:16:44.425+0000][1][gc,start     ] GC(0) Pause Young (Allocation Failure)
[2020-09-11T14:16:44.425+0000][1][gc,task      ] GC(0) Using 1 workers of 1 for evacuation
[2020-09-11T14:16:44.478+0000][1][gc,age       ] GC(0) Desired survivor size 4358144 bytes, new threshold 1 (max threshold 6)
[2020-09-11T14:16:44.488+0000][1][gc,age       ] GC(0) Age table with threshold 1 (max threshold 6)
[2020-09-11T14:16:44.488+0000][1][gc,age       ] GC(0) - age   1:    6434272 bytes,    6434272 total
[2020-09-11T14:16:44.488+0000][1][gc,heap      ] GC(0) ParNew: 68160K->6312K(76672K)
[2020-09-11T14:16:44.488+0000][1][gc,heap      ] GC(0) CMS: 0K->0K(439104K)
[2020-09-11T14:16:44.488+0000][1][gc,metaspace ] GC(0) Metaspace: 13648K->13648K(1062912K)
[2020-09-11T14:16:44.488+0000][1][gc           ] GC(0) Pause Young (Allocation Failure) 66M->6M(503M) 63.532ms
[2020-09-11T14:16:44.488+0000][1][gc,cpu       ] GC(0) User=0.02s Sys=0.00s Real=0.06s
[2020-09-11T14:16:44.497+0000][1][safepoint    ] Safepoint "GenCollectForAllocation", Time since last: 712782031 ns, Reaching safepoint: 60106 ns, At safepoint: 72394708 ns, Total: 72454814 ns
[2020-09-11T14:16:44.530+0000][1][safepoint    ] Safepoint "RevokeBias", Time since last: 20657667 ns, Reaching safepoint: 10853715 ns, At safepoint: 1600010 ns, Total: 12453725 ns
[2020-09-11T14:16:44.531+0000][1][safepoint    ] Safepoint "RevokeBias", Time since last: 127886 ns, Reaching safepoint: 1166218 ns, At safepoint: 35843 ns, Total: 1202061 ns
[2020-09-11T14:16:44.532+0000][1][safepoint    ] Safepoint "RevokeBias", Time since last: 42720 ns, Reaching safepoint: 78338 ns, At safepoint: 28345 ns, Total: 106683 ns
[2020-09-11T14:16:44.532+0000][1][safepoint    ] Safepoint "RevokeBias", Time since last: 24356 ns, Reaching safepoint: 78043 ns, At safepoint: 28493 ns, Total: 106536 ns
[2020-09-11T14:16:44.547+0000][1][safepoint    ] Safepoint "RevokeBias", Time since last: 30170 ns, Reaching safepoint: 78158 ns, At safepoint: 15242421 ns, Total: 15320579 ns
[2020-09-11T14:16:44.547+0000][1][safepoint    ] Safepoint "RevokeBias", Time since last: 49975 ns, Reaching safepoint: 28153 ns, At safepoint: 25191 ns, Total: 53344 ns
[2020-09-11T14:16:44.570+0000][1][safepoint    ] Safepoint "RevokeBias", Time since last: 20382016 ns, Reaching safepoint: 2011113 ns, At safepoint: 36025 ns, Total: 2047138 ns
[2020-09-11T14:16:44.585+0000][1][safepoint    ] Safepoint "RevokeBias", Time since last: 9803896 ns, Reaching safepoint: 5097376 ns, At safepoint: 24283 ns, Total: 5121659 ns
[2020-09-11T14:16:44.587+0000][1][safepoint    ] Safepoint "RevokeBias", Time since last: 63614 ns, Reaching safepoint: 2823571 ns, At safepoint: 24230 ns, Total: 2847801 ns
[2020-09-11T14:16:44.588+0000][1][safepoint    ] Safepoint "RevokeBias", Time since last: 77378 ns, Reaching safepoint: 79515 ns, At safepoint: 15265 ns, Total: 94780 ns
[2020-09-11T14:16:44.588+0000][1][safepoint    ] Safepoint "RevokeBias", Time since last: 31007 ns, Reaching safepoint: 77564 ns, At safepoint: 13955 ns, Total: 91519 ns
[2020-09-11T14:16:44.588+0000][1][safepoint    ] Safepoint "RevokeBias", Time since last: 36993 ns, Reaching safepoint: 79278 ns, At safepoint: 21643 ns, Total: 100921 ns
[2020-09-11T14:16:44.588+0000][1][safepoint    ] Safepoint "RevokeBias", Time since last: 29727 ns, Reaching safepoint: 78297 ns, At safepoint: 19620 ns, Total: 97917 ns
[2020-09-11T14:16:44.588+0000][1][safepoint    ] Safepoint "RevokeBias", Time since last: 79712 ns, Reaching safepoint: 79021 ns, At safepoint: 16012 ns, Total: 95033 ns
[2020-09-11T14:16:44.588+0000][1][safepoint    ] Safepoint "RevokeBias", Time since last: 29702 ns, Reaching safepoint: 78252 ns, At safepoint: 14298 ns, Total: 92550 ns
[2020-09-11T14:16:44.591+0000][1][safepoint    ] Safepoint "RevokeBias", Time since last: 50565 ns, Reaching safepoint: 3053508 ns, At safepoint: 15499 ns, Total: 3069007 ns
[2020-09-11T14:16:44.592+0000][1][safepoint    ] Safepoint "RevokeBias", Time since last: 31525 ns, Reaching safepoint: 79833 ns, At safepoint: 13515 ns, Total: 93348 ns
[2020-09-11T14:16:44.592+0000][1][safepoint    ] Safepoint "RevokeBias", Time since last: 174979 ns, Reaching safepoint: 79578 ns, At safepoint: 14061 ns, Total: 93639 ns
[2020-09-11T14:16:44.593+0000][1][safepoint    ] Safepoint "RevokeBias", Time since last: 27779 ns, Reaching safepoint: 1402151 ns, At safepoint: 22172 ns, Total: 1424323 ns
[2020-09-11T14:16:44.593+0000][1][safepoint    ] Safepoint "RevokeBias", Time since last: 52751 ns, Reaching safepoint: 83530 ns, At safepoint: 19918 ns, Total: 103448 ns
[2020-09-11T14:16:44.594+0000][1][safepoint    ] Safepoint "RevokeBias", Time since last: 31417 ns, Reaching safepoint: 81267 ns, At safepoint: 14608 ns, Total: 95875 ns
[2020-09-11T14:16:44.594+0000][1][safepoint    ] Safepoint "RevokeBias", Time since last: 54011 ns, Reaching safepoint: 81299 ns, At safepoint: 19095 ns, Total: 100394 ns
[2020-09-11T14:16:44.594+0000][1][safepoint    ] Safepoint "RevokeBias", Time since last: 30570 ns, Reaching safepoint: 151043 ns, At safepoint: 18587 ns, Total: 169630 ns
[2020-09-11T14:16:44.594+0000][1][safepoint    ] Safepoint "RevokeBias", Time since last: 103209 ns, Reaching safepoint: 81128 ns, At safepoint: 15408 ns, Total: 96536 ns
[2020-09-11T14:16:44.594+0000][1][safepoint    ] Safepoint "RevokeBias", Time since last: 29645 ns, Reaching safepoint: 80804 ns, At safepoint: 15996 ns, Total: 96800 ns
[2020-09-11T14:16:44.594+0000][1][safepoint    ] Safepoint "RevokeBias", Time since last: 41626 ns, Reaching safepoint: 81211 ns, At safepoint: 22397 ns, Total: 103608 ns
[2020-09-11T14:16:44.595+0000][1][safepoint    ] Safepoint "RevokeBias", Time since last: 28844 ns, Reaching safepoint: 80397 ns, At safepoint: 15032 ns, Total: 95429 ns
[2020-09-11T14:16:44.595+0000][1][safepoint    ] Safepoint "RevokeBias", Time since last: 42724 ns, Reaching safepoint: 80918 ns, At safepoint: 14587 ns, Total: 95505 ns
[2020-09-11T14:16:44.595+0000][1][safepoint    ] Safepoint "RevokeBias", Time since last: 28628 ns, Reaching safepoint: 80230 ns, At safepoint: 14868 ns, Total: 95098 ns
[2020-09-11T14:16:44.595+0000][1][safepoint    ] Safepoint "RevokeBias", Time since last: 112629 ns, Reaching safepoint: 147864 ns, At safepoint: 15902 ns, Total: 163766 ns
[2020-09-11T14:16:44.597+0000][1][safepoint    ] Safepoint "RevokeBias", Time since last: 362038 ns, Reaching safepoint: 1759017 ns, At safepoint: 22260 ns, Total: 1781277 ns
[2020-09-11T14:16:44.800+0000][1][safepoint    ] Safepoint "Deoptimize", Time since last: 198239727 ns, Reaching safepoint: 4022507 ns, At safepoint: 200310 ns, Total: 4222817 ns
[2020-09-11T14:16:45.802+0000][1][safepoint    ] Safepoint "Cleanup", Time since last: 1000177444 ns, Reaching safepoint: 2454302 ns, At safepoint: 10362 ns, Total: 2464664 ns
[2020-09-11T14:16:46.436+0000][1][safepoint    ] Safepoint "RevokeBias", Time since last: 633150520 ns, Reaching safepoint: 111119 ns, At safepoint: 37429 ns, Total: 148548 ns
[2020-09-11T14:16:46.608+0000][1][safepoint    ] Safepoint "RevokeBias", Time since last: 171876521 ns, Reaching safepoint: 179843 ns, At safepoint: 35047 ns, Total: 214890 ns
[2020-09-11T14:16:46.912+0000][1][safepoint    ] Safepoint "RevokeBias", Time since last: 302378863 ns, Reaching safepoint: 1455035 ns, At safepoint: 36372 ns, Total: 1491407 ns
[2020-09-11T14:16:47.356+0000][1][safepoint    ] Safepoint "RevokeBias", Time since last: 442090803 ns, Reaching safepoint: 1880491 ns, At safepoint: 39234 ns, Total: 1919725 ns
[2020-09-11T14:16:47.508+0000][1][safepoint    ] Safepoint "RevokeBias", Time since last: 152291032 ns, Reaching safepoint: 108429 ns, At safepoint: 42118 ns, Total: 150547 ns
[2020-09-11T14:16:48.511+0000][1][safepoint    ] Safepoint "Cleanup", Time since last: 1002766031 ns, Reaching safepoint: 139564 ns, At safepoint: 6396 ns, Total: 145960 ns
[2020-09-11T14:16:48.548+0000][1][safepoint    ] Safepoint "Deoptimize", Time since last: 33136561 ns, Reaching safepoint: 3392661 ns, At safepoint: 178279 ns, Total: 3570940 ns
[2020-09-11T14:16:49.086+0000][1][gc,start     ] GC(1) Pause Young (Allocation Failure)
[2020-09-11T14:16:49.086+0000][1][gc,task      ] GC(1) Using 1 workers of 1 for evacuation
[2020-09-11T14:16:49.304+0000][1][gc,age       ] GC(1) Desired survivor size 4358144 bytes, new threshold 6 (max threshold 6)
[2020-09-11T14:16:49.304+0000][1][gc,age       ] GC(1) Age table with threshold 6 (max threshold 6)
[2020-09-11T14:16:49.304+0000][1][gc,age       ] GC(1) - age   1:    3771424 bytes,    3771424 total
[2020-09-11T14:16:49.304+0000][1][gc,heap      ] GC(1) ParNew: 74472K->4211K(76672K)
[2020-09-11T14:16:49.304+0000][1][gc,heap      ] GC(1) CMS: 0K->6824K(439104K)
[2020-09-11T14:16:49.304+0000][1][gc,metaspace ] GC(1) Metaspace: 18152K->18152K(1067008K)
[2020-09-11T14:16:49.304+0000][1][gc           ] GC(1) Pause Young (Allocation Failure) 72M->10M(503M) 217.753ms
[2020-09-11T14:16:49.304+0000][1][gc,cpu       ] GC(1) User=0.06s Sys=0.00s Real=0.22s
[2020-09-11T14:16:49.327+0000][1][safepoint    ] Safepoint "GenCollectForAllocation", Time since last: 538303402 ns, Reaching safepoint: 119652 ns, At safepoint: 240497004 ns, Total: 240616656 ns
[2020-09-11T14:16:49.364+0000][1][safepoint    ] Safepoint "BulkRevokeBias", Time since last: 34401189 ns, Reaching safepoint: 2502652 ns, At safepoint: 128494 ns, Total: 2631146 ns
[2020-09-11T14:16:49.364+0000][1][safepoint    ] Safepoint "RevokeBias", Time since last: 107138 ns, Reaching safepoint: 82278 ns, At safepoint: 33403 ns, Total: 115681 ns
[2020-09-11T14:16:49.364+0000][1][safepoint    ] Safepoint "RevokeBias", Time since last: 39171 ns, Reaching safepoint: 156124 ns, At safepoint: 51519 ns, Total: 207643 ns
[2020-09-11T14:16:49.366+0000][1][safepoint    ] Safepoint "RevokeBias", Time since last: 31387 ns, Reaching safepoint: 1621701 ns, At safepoint: 50915 ns, Total: 1672616 ns
[2020-09-11T14:16:49.366+0000][1][safepoint    ] Safepoint "RevokeBias", Time since last: 34770 ns, Reaching safepoint: 83145 ns, At safepoint: 36322 ns, Total: 119467 ns
[2020-09-11T14:16:49.366+0000][1][safepoint    ] Safepoint "RevokeBias", Time since last: 32844 ns, Reaching safepoint: 80994 ns, At safepoint: 30760 ns, Total: 111754 ns
[2020-09-11T14:16:49.367+0000][1][safepoint    ] Safepoint "RevokeBias", Time since last: 24505 ns, Reaching safepoint: 80255 ns, At safepoint: 1261326 ns, Total: 1341581 ns
[2020-09-11T14:16:49.368+0000][1][safepoint    ] Safepoint "BulkRevokeBias", Time since last: 38402 ns, Reaching safepoint: 82494 ns, At safepoint: 69283 ns, Total: 151777 ns
[2020-09-11T14:16:49.368+0000][1][safepoint    ] Safepoint "BulkRevokeBias", Time since last: 25857 ns, Reaching safepoint: 78602 ns, At safepoint: 50764 ns, Total: 129366 ns
[2020-09-11T14:16:49.620+0000][1][safepoint    ] Safepoint "Deoptimize", Time since last: 251668631 ns, Reaching safepoint: 110564 ns, At safepoint: 178366 ns, Total: 288930 ns
[2020-09-11T14:16:49.676+0000][1][safepoint    ] Safepoint "Deoptimize", Time since last: 54582553 ns, Reaching safepoint: 1143266 ns, At safepoint: 187618 ns, Total: 1330884 ns
[2020-09-11T14:16:50.440+0000][1][safepoint    ] Safepoint "Deoptimize", Time since last: 759798737 ns, Reaching safepoint: 4020103 ns, At safepoint: 187709 ns, Total: 4207812 ns
[2020-09-11T14:16:50.720+0000][1][safepoint    ] Safepoint "Deoptimize", Time since last: 278451239 ns, Reaching safepoint: 1353891 ns, At safepoint: 187974 ns, Total: 1541865 ns
[2020-09-11T14:16:50.720+0000][1][safepoint    ] Safepoint "RevokeBias", Time since last: 525983 ns, Reaching safepoint: 90030 ns, At safepoint: 42417 ns, Total: 132447 ns
[2020-09-11T14:16:50.724+0000][1][safepoint    ] Safepoint "Deoptimize", Time since last: 847958 ns, Reaching safepoint: 2313668 ns, At safepoint: 189548 ns, Total: 2503216 ns
[2020-09-11T14:16:51.744+0000][1][safepoint    ] Safepoint "Cleanup", Time since last: 1007791684 ns, Reaching safepoint: 12397144 ns, At safepoint: 11575 ns, Total: 12408719 ns
[2020-09-11T14:16:52.152+0000][1][safepoint    ] Safepoint "RevokeBias", Time since last: 407574194 ns, Reaching safepoint: 113491 ns, At safepoint: 31116 ns, Total: 144607 ns
[2020-09-11T14:16:52.175+0000][1][safepoint    ] Safepoint "RevokeBias", Time since last: 19888099 ns, Reaching safepoint: 4003477 ns, At safepoint: 47304 ns, Total: 4050781 ns
[2020-09-11T14:16:52.463+0000][1][gc,start     ] GC(2) Pause Young (Allocation Failure)
[2020-09-11T14:16:52.463+0000][1][gc,task      ] GC(2) Using 1 workers of 1 for evacuation
[2020-09-11T14:16:52.509+0000][1][gc,age       ] GC(2) Desired survivor size 4358144 bytes, new threshold 2 (max threshold 6)
[2020-09-11T14:16:52.509+0000][1][gc,age       ] GC(2) Age table with threshold 2 (max threshold 6)
[2020-09-11T14:16:52.509+0000][1][gc,age       ] GC(2) - age   1:    2705608 bytes,    2705608 total
[2020-09-11T14:16:52.509+0000][1][gc,age       ] GC(2) - age   2:    3572016 bytes,    6277624 total
[2020-09-11T14:16:52.509+0000][1][gc,heap      ] GC(2) ParNew: 72371K->7643K(76672K)
[2020-09-11T14:16:52.509+0000][1][gc,heap      ] GC(2) CMS: 6824K->6824K(439104K)
[2020-09-11T14:16:52.509+0000][1][gc,metaspace ] GC(2) Metaspace: 20094K->20094K(1067008K)
[2020-09-11T14:16:52.509+0000][1][gc           ] GC(2) Pause Young (Allocation Failure) 77M->14M(503M) 46.204ms
[2020-09-11T14:16:52.509+0000][1][gc,cpu       ] GC(2) User=0.01s Sys=0.00s Real=0.05s
[2020-09-11T14:16:52.527+0000][1][safepoint    ] Safepoint "GenCollectForAllocation", Time since last: 286878380 ns, Reaching safepoint: 130088 ns, At safepoint: 64942293 ns, Total: 65072381 ns
[2020-09-11T14:16:52.560+0000][1][safepoint    ] Safepoint "RevokeBias", Time since last: 31968409 ns, Reaching safepoint: 37785 ns, At safepoint: 85556 ns, Total: 123341 ns
[2020-09-11T14:16:52.568+0000][1][safepoint    ] Safepoint "RevokeBias", Time since last: 7875720 ns, Reaching safepoint: 35271 ns, At safepoint: 77158 ns, Total: 112429 ns
[2020-09-11T14:16:52.568+0000][1][safepoint    ] Safepoint "RevokeBias", Time since last: 66774 ns, Reaching safepoint: 10501 ns, At safepoint: 27314 ns, Total: 37815 ns
[2020-09-11T14:16:52.568+0000][1][safepoint    ] Safepoint "RevokeBias", Time since last: 132715 ns, Reaching safepoint: 10670 ns, At safepoint: 27541 ns, Total: 38211 ns
[2020-09-11T14:16:52.568+0000][1][safepoint    ] Safepoint "RevokeBias", Time since last: 27250 ns, Reaching safepoint: 9172 ns, At safepoint: 26695 ns, Total: 35867 ns
[2020-09-11T14:16:52.568+0000][1][safepoint    ] Safepoint "RevokeBias", Time since last: 24475 ns, Reaching safepoint: 8800 ns, At safepoint: 26467 ns, Total: 35267 ns
[2020-09-11T14:16:52.568+0000][1][safepoint    ] Safepoint "RevokeBias", Time since last: 24023 ns, Reaching safepoint: 8751 ns, At safepoint: 26303 ns, Total: 35054 ns
[2020-09-11T14:16:52.568+0000][1][safepoint    ] Safepoint "RevokeBias", Time since last: 24235 ns, Reaching safepoint: 8814 ns, At safepoint: 26436 ns, Total: 35250 ns
[2020-09-11T14:16:52.571+0000][1][safepoint    ] Safepoint "RevokeBias", Time since last: 23893 ns, Reaching safepoint: 8762 ns, At safepoint: 3345523 ns, Total: 3354285 ns
[2020-09-11T14:16:52.588+0000][1][safepoint    ] Safepoint "RevokeBias", Time since last: 15997362 ns, Reaching safepoint: 40299 ns, At safepoint: 57823 ns, Total: 98122 ns
[2020-09-11T14:16:52.908+0000][1][safepoint    ] Safepoint "RevokeBias", Time since last: 319917879 ns, Reaching safepoint: 111868 ns, At safepoint: 37807 ns, Total: 149675 ns
[2020-09-11T14:16:52.920+0000][1][safepoint    ] Safepoint "RevokeBias", Time since last: 11874809 ns, Reaching safepoint: 105572 ns, At safepoint: 37811 ns, Total: 143383 ns
[2020-09-11T14:16:53.663+0000][1][gc,start     ] GC(3) Pause Young (Allocation Failure)
[2020-09-11T14:16:53.663+0000][1][gc,task      ] GC(3) Using 1 workers of 1 for evacuation
[2020-09-11T14:16:53.744+0000][1][gc,age       ] GC(3) Desired survivor size 4358144 bytes, new threshold 6 (max threshold 6)
[2020-09-11T14:16:53.744+0000][1][gc,age       ] GC(3) Age table with threshold 6 (max threshold 6)
[2020-09-11T14:16:53.744+0000][1][gc,age       ] GC(3) - age   1:    1736776 bytes,    1736776 total
[2020-09-11T14:16:53.744+0000][1][gc,age       ] GC(3) - age   2:     692872 bytes,    2429648 total
[2020-09-11T14:16:53.744+0000][1][gc,heap      ] GC(3) ParNew: 75803K->5541K(76672K)
[2020-09-11T14:16:53.744+0000][1][gc,heap      ] GC(3) CMS: 6824K->10341K(439104K)
[2020-09-11T14:16:53.744+0000][1][gc,metaspace ] GC(3) Metaspace: 20350K->20350K(1067008K)
[2020-09-11T14:16:53.744+0000][1][gc           ] GC(3) Pause Young (Allocation Failure) 80M->15M(503M) 81.147ms
[2020-09-11T14:16:53.744+0000][1][gc,cpu       ] GC(3) User=0.02s Sys=0.00s Real=0.09s
[2020-09-11T14:16:53.751+0000][1][safepoint    ] Safepoint "GenCollectForAllocation", Time since last: 743595295 ns, Reaching safepoint: 117569 ns, At safepoint: 88089818 ns, Total: 88207387 ns
[2020-09-11T14:16:53.805+0000][1][safepoint    ] Safepoint "RevokeBias", Time since last: 36014467 ns, Reaching safepoint: 17090883 ns, At safepoint: 52271 ns, Total: 17143154 ns
[2020-09-11T14:16:53.822+0000][1][safepoint    ] Safepoint "RevokeBias", Time since last: 17717108 ns, Reaching safepoint: 102550 ns, At safepoint: 32069 ns, Total: 134619 ns
[2020-09-11T14:16:53.823+0000][1][safepoint    ] Safepoint "RevokeBias", Time since last: 78378 ns, Reaching safepoint: 85368 ns, At safepoint: 23635 ns, Total: 109003 ns
[2020-09-11T14:16:53.823+0000][1][safepoint    ] Safepoint "RevokeBias", Time since last: 37940 ns, Reaching safepoint: 82664 ns, At safepoint: 22258 ns, Total: 104922 ns
[2020-09-11T14:16:53.823+0000][1][safepoint    ] Safepoint "RevokeBias", Time since last: 39963 ns, Reaching safepoint: 82194 ns, At safepoint: 15450 ns, Total: 97644 ns
[2020-09-11T14:16:53.823+0000][1][safepoint    ] Safepoint "RevokeBias", Time since last: 32253 ns, Reaching safepoint: 79196 ns, At safepoint: 14856 ns, Total: 94052 ns
[2020-09-11T14:16:53.823+0000][1][safepoint    ] Safepoint "RevokeBias", Time since last: 36202 ns, Reaching safepoint: 79831 ns, At safepoint: 21683 ns, Total: 101514 ns
[2020-09-11T14:16:53.824+0000][1][safepoint    ] Safepoint "RevokeBias", Time since last: 271518 ns, Reaching safepoint: 80839 ns, At safepoint: 20300 ns, Total: 101139 ns
[2020-09-11T14:16:54.529+0000][1][safepoint    ] Safepoint "CollectForMetadataAllocation", Time since last: 705129357 ns, Reaching safepoint: 116760 ns, At safepoint: 93784 ns, Total: 210544 ns
[2020-09-11T14:16:54.808+0000][1][safepoint    ] Safepoint "CollectForMetadataAllocation", Time since last: 279308088 ns, Reaching safepoint: 103561 ns, At safepoint: 109922 ns, Total: 213483 ns
[2020-09-11T14:16:54.940+0000][1][gc,start     ] GC(4) Pause Young (Allocation Failure)
[2020-09-11T14:16:54.940+0000][1][gc,task      ] GC(4) Using 1 workers of 1 for evacuation
[2020-09-11T14:16:54.958+0000][1][gc,age       ] GC(4) Desired survivor size 4358144 bytes, new threshold 6 (max threshold 6)
[2020-09-11T14:16:54.958+0000][1][gc,age       ] GC(4) Age table with threshold 6 (max threshold 6)
[2020-09-11T14:16:54.958+0000][1][gc,age       ] GC(4) - age   1:    1461424 bytes,    1461424 total
[2020-09-11T14:16:54.958+0000][1][gc,age       ] GC(4) - age   2:     352448 bytes,    1813872 total
[2020-09-11T14:16:54.958+0000][1][gc,age       ] GC(4) - age   3:     692776 bytes,    2506648 total
[2020-09-11T14:16:54.958+0000][1][gc,heap      ] GC(4) ParNew: 73701K->4550K(76672K)
[2020-09-11T14:16:54.958+0000][1][gc,heap      ] GC(4) CMS: 10341K->10341K(439104K)
[2020-09-11T14:16:54.958+0000][1][gc,metaspace ] GC(4) Metaspace: 20880K->20880K(1069056K)
[2020-09-11T14:16:54.958+0000][1][gc           ] GC(4) Pause Young (Allocation Failure) 82M->14M(503M) 18.597ms
[2020-09-11T14:16:54.958+0000][1][gc,cpu       ] GC(4) User=0.00s Sys=0.00s Real=0.02s
[2020-09-11T14:16:54.979+0000][1][safepoint    ] Safepoint "GenCollectForAllocation", Time since last: 131040908 ns, Reaching safepoint: 106956 ns, At safepoint: 39554749 ns, Total: 39661705 ns
[2020-09-11T14:16:54.994+0000][1][gc,start     ] GC(5) Pause Initial Mark
[2020-09-11T14:16:55.004+0000][1][gc           ] GC(5) Pause Initial Mark 19M->19M(503M) 9.926ms
[2020-09-11T14:16:55.004+0000][1][gc,cpu       ] GC(5) User=0.00s Sys=0.00s Real=0.02s
[2020-09-11T14:16:55.032+0000][1][safepoint    ] Safepoint "BulkRevokeBias", Time since last: 10498762 ns, Reaching safepoint: 4110618 ns, At safepoint: 38740783 ns, Total: 42851401 ns
[2020-09-11T14:16:55.032+0000][1][gc           ] GC(5) Concurrent Mark
[2020-09-11T14:16:55.088+0000][1][safepoint    ] Safepoint "RevokeBias", Time since last: 34994805 ns, Reaching safepoint: 20108398 ns, At safepoint: 25542 ns, Total: 20133940 ns
[2020-09-11T14:16:55.088+0000][1][safepoint    ] Safepoint "RevokeBias", Time since last: 81951 ns, Reaching safepoint: 79242 ns, At safepoint: 17712 ns, Total: 96954 ns
[2020-09-11T14:16:55.088+0000][1][safepoint    ] Safepoint "RevokeBias", Time since last: 27594 ns, Reaching safepoint: 78723 ns, At safepoint: 16676 ns, Total: 95399 ns
[2020-09-11T14:16:55.088+0000][1][safepoint    ] Safepoint "RevokeBias", Time since last: 30997 ns, Reaching safepoint: 79157 ns, At safepoint: 19670 ns, Total: 98827 ns
[2020-09-11T14:16:55.088+0000][1][safepoint    ] Safepoint "RevokeBias", Time since last: 25747 ns, Reaching safepoint: 78548 ns, At safepoint: 19278 ns, Total: 97826 ns
[2020-09-11T14:16:55.091+0000][1][gc           ] GC(5) Concurrent Mark 58.737ms
[2020-09-11T14:16:55.091+0000][1][gc,cpu       ] GC(5) User=0.02s Sys=0.00s Real=0.06s
[2020-09-11T14:16:55.091+0000][1][gc           ] GC(5) Concurrent Preclean
[2020-09-11T14:16:55.127+0000][1][gc           ] GC(5) Concurrent Preclean 35.865ms
[2020-09-11T14:16:55.127+0000][1][gc,cpu       ] GC(5) User=0.00s Sys=0.00s Real=0.04s
[2020-09-11T14:16:55.127+0000][1][gc           ] GC(5) Concurrent Abortable Preclean
[2020-09-11T14:16:55.668+0000][1][safepoint    ] Safepoint "CollectForMetadataAllocation", Time since last: 579328834 ns, Reaching safepoint: 118416 ns, At safepoint: 128442 ns, Total: 246858 ns
[2020-09-11T14:16:55.695+0000][1][safepoint    ] Safepoint "RevokeBias", Time since last: 27081636 ns, Reaching safepoint: 49429 ns, At safepoint: 14170 ns, Total: 63599 ns
[2020-09-11T14:16:55.695+0000][1][safepoint    ] Safepoint "RevokeBias", Time since last: 75079 ns, Reaching safepoint: 83262 ns, At safepoint: 8005 ns, Total: 91267 ns
[2020-09-11T14:16:55.716+0000][1][safepoint    ] Safepoint "Deoptimize", Time since last: 20425183 ns, Reaching safepoint: 112931 ns, At safepoint: 214159 ns, Total: 327090 ns
[2020-09-11T14:16:55.824+0000][1][safepoint    ] Safepoint "RevokeBias", Time since last: 93712612 ns, Reaching safepoint: 14023318 ns, At safepoint: 46973 ns, Total: 14070291 ns
[2020-09-11T14:16:55.917+0000][1][safepoint    ] Safepoint "RevokeBias", Time since last: 93483911 ns, Reaching safepoint: 98588 ns, At safepoint: 40114 ns, Total: 138702 ns
[2020-09-11T14:16:55.976+0000][1][safepoint    ] Safepoint "RevokeBias", Time since last: 58254899 ns, Reaching safepoint: 104784 ns, At safepoint: 40409 ns, Total: 145193 ns
[2020-09-11T14:16:56.029+0000][1][safepoint    ] Safepoint "RevokeBias", Time since last: 47991282 ns, Reaching safepoint: 5835110 ns, At safepoint: 37514 ns, Total: 5872624 ns
[2020-09-11T14:16:56.039+0000][1][safepoint    ] Safepoint "RevokeBias", Time since last: 9039577 ns, Reaching safepoint: 110000 ns, At safepoint: 38745 ns, Total: 148745 ns
[2020-09-11T14:16:56.080+0000][1][safepoint    ] Safepoint "RevokeBias", Time since last: 40840606 ns, Reaching safepoint: 99802 ns, At safepoint: 32956 ns, Total: 132758 ns
[2020-09-11T14:16:56.124+0000][1][safepoint    ] Safepoint "RevokeBias", Time since last: 43866387 ns, Reaching safepoint: 53090 ns, At safepoint: 36076 ns, Total: 89166 ns
[2020-09-11T14:16:56.207+0000][1][safepoint    ] Safepoint "RevokeBias", Time since last: 81750537 ns, Reaching safepoint: 163059 ns, At safepoint: 1972171 ns, Total: 2135230 ns
[2020-09-11T14:16:56.288+0000][1][safepoint    ] Safepoint "Deoptimize", Time since last: 80008568 ns, Reaching safepoint: 109789 ns, At safepoint: 224065 ns, Total: 333854 ns
[2020-09-11T14:16:56.336+0000][1][safepoint    ] Safepoint "RevokeBias", Time since last: 47735505 ns, Reaching safepoint: 90454 ns, At safepoint: 38517 ns, Total: 128971 ns
[2020-09-11T14:16:56.552+0000][1][gc,start     ] GC(6) Pause Young (Allocation Failure)
[2020-09-11T14:16:56.552+0000][1][gc,task      ] GC(6) Using 1 workers of 1 for evacuation
[2020-09-11T14:16:56.616+0000][1][gc           ] GC(5) Concurrent Abortable Preclean 1488.809ms
[2020-09-11T14:16:56.616+0000][1][gc,cpu       ] GC(5) User=0.37s Sys=0.01s Real=1.49s
[2020-09-11T14:16:56.619+0000][1][gc,age       ] GC(6) Desired survivor size 4358144 bytes, new threshold 4 (max threshold 6)
[2020-09-11T14:16:56.619+0000][1][gc,age       ] GC(6) Age table with threshold 4 (max threshold 6)
[2020-09-11T14:16:56.619+0000][1][gc,age       ] GC(6) - age   1:    2306976 bytes,    2306976 total
[2020-09-11T14:16:56.619+0000][1][gc,age       ] GC(6) - age   2:    1252280 bytes,    3559256 total
[2020-09-11T14:16:56.619+0000][1][gc,age       ] GC(6) - age   3:     352448 bytes,    3911704 total
[2020-09-11T14:16:56.619+0000][1][gc,age       ] GC(6) - age   4:     692776 bytes,    4604480 total
[2020-09-11T14:16:56.619+0000][1][gc,heap      ] GC(6) ParNew: 72710K->5947K(76672K)
[2020-09-11T14:16:56.619+0000][1][gc,heap      ] GC(6) CMS: 10341K->10341K(439104K)
[2020-09-11T14:16:56.619+0000][1][gc,metaspace ] GC(6) Metaspace: 21186K->21186K(1069056K)
[2020-09-11T14:16:56.619+0000][1][gc           ] GC(6) Pause Young (Allocation Failure) 81M->15M(503M) 66.432ms
[2020-09-11T14:16:56.619+0000][1][gc,cpu       ] GC(6) User=0.02s Sys=0.00s Real=0.07s
[2020-09-11T14:16:56.627+0000][1][safepoint    ] Safepoint "GenCollectForAllocation", Time since last: 216549959 ns, Reaching safepoint: 104585 ns, At safepoint: 75158576 ns, Total: 75263161 ns
[2020-09-11T14:16:56.639+0000][1][gc,start     ] GC(5) Pause Remark
[2020-09-11T14:16:56.696+0000][1][gc           ] GC(5) Pause Remark 19M->19M(503M) 56.890ms
[2020-09-11T14:16:56.696+0000][1][gc,cpu       ] GC(5) User=0.01s Sys=0.00s Real=0.06s
[2020-09-11T14:16:56.723+0000][1][safepoint    ] Safepoint "CMS_Final_Remark", Time since last: 11516072 ns, Reaching safepoint: 99190 ns, At safepoint: 84352486 ns, Total: 84451676 ns
[2020-09-11T14:16:56.740+0000][1][gc           ] GC(5) Concurrent Sweep
[2020-09-11T14:16:56.742+0000][1][gc           ] GC(5) Concurrent Sweep 2.641ms
[2020-09-11T14:16:56.742+0000][1][gc,cpu       ] GC(5) User=0.00s Sys=0.00s Real=0.00s
[2020-09-11T14:16:56.742+0000][1][gc           ] GC(5) Concurrent Reset
[2020-09-11T14:16:56.743+0000][1][gc           ] GC(5) Concurrent Reset 0.642ms
[2020-09-11T14:16:56.743+0000][1][gc,cpu       ] GC(5) User=0.00s Sys=0.00s Real=0.00s
[2020-09-11T14:16:56.743+0000][1][gc,heap      ] GC(5) Old: 10341K->10338K(439104K)
[2020-09-11T14:16:56.761+0000][1][safepoint    ] Safepoint "RevokeBias", Time since last: 32011952 ns, Reaching safepoint: 5402089 ns, At safepoint: 59212 ns, Total: 5461301 ns
[2020-09-11T14:16:56.761+0000][1][safepoint    ] Safepoint "RevokeBias", Time since last: 82816 ns, Reaching safepoint: 82139 ns, At safepoint: 36021 ns, Total: 118160 ns
[2020-09-11T14:16:56.761+0000][1][safepoint    ] Safepoint "RevokeBias", Time since last: 30395 ns, Reaching safepoint: 92967 ns, At safepoint: 52461 ns, Total: 145428 ns
[2020-09-11T14:16:56.761+0000][1][safepoint    ] Safepoint "RevokeBias", Time since last: 34861 ns, Reaching safepoint: 79547 ns, At safepoint: 34404 ns, Total: 113951 ns
[2020-09-11T14:16:56.762+0000][1][safepoint    ] Safepoint "RevokeBias", Time since last: 28596 ns, Reaching safepoint: 55061 ns, At safepoint: 34210 ns, Total: 89271 ns
[2020-09-11T14:16:56.848+0000][1][safepoint    ] Safepoint "RevokeBias", Time since last: 85894495 ns, Reaching safepoint: 99746 ns, At safepoint: 126659 ns, Total: 226405 ns
[2020-09-11T14:16:56.875+0000][1][safepoint    ] Safepoint "RevokeBias", Time since last: 27180453 ns, Reaching safepoint: 103143 ns, At safepoint: 76087 ns, Total: 179230 ns
[2020-09-11T14:16:57.217+0000][1][safepoint    ] Safepoint "RevokeBias", Time since last: 342069572 ns, Reaching safepoint: 99645 ns, At safepoint: 37454 ns, Total: 137099 ns
[2020-09-11T14:16:57.260+0000][1][safepoint    ] Safepoint "RevokeBias", Time since last: 42283068 ns, Reaching safepoint: 102884 ns, At safepoint: 33273 ns, Total: 136157 ns
[2020-09-11T14:16:57.285+0000][1][safepoint    ] Safepoint "RevokeBias", Time since last: 25559475 ns, Reaching safepoint: 99262 ns, At safepoint: 30828 ns, Total: 130090 ns
[2020-09-11T14:16:57.508+0000][1][gc,start     ] GC(7) Pause Young (Allocation Failure)
[2020-09-11T14:16:57.508+0000][1][gc,task      ] GC(7) Using 1 workers of 1 for evacuation
[2020-09-11T14:16:57.551+0000][1][gc,age       ] GC(7) Desired survivor size 4358144 bytes, new threshold 6 (max threshold 6)
[2020-09-11T14:16:57.551+0000][1][gc,age       ] GC(7) Age table with threshold 6 (max threshold 6)
[2020-09-11T14:16:57.551+0000][1][gc,age       ] GC(7) - age   1:     885344 bytes,     885344 total
[2020-09-11T14:16:57.551+0000][1][gc,age       ] GC(7) - age   2:    1526000 bytes,    2411344 total
[2020-09-11T14:16:57.551+0000][1][gc,age       ] GC(7) - age   3:    1251672 bytes,    3663016 total
[2020-09-11T14:16:57.551+0000][1][gc,age       ] GC(7) - age   4:     352448 bytes,    4015464 total
[2020-09-11T14:16:57.551+0000][1][gc,heap      ] GC(7) ParNew: 74107K->7488K(76672K)
[2020-09-11T14:16:57.551+0000][1][gc,heap      ] GC(7) CMS: 10338K->11021K(439104K)
[2020-09-11T14:16:57.551+0000][1][gc,metaspace ] GC(7) Metaspace: 21266K->21266K(1069056K)
[2020-09-11T14:16:57.551+0000][1][gc           ] GC(7) Pause Young (Allocation Failure) 82M->18M(503M) 43.503ms
[2020-09-11T14:16:57.551+0000][1][gc,cpu       ] GC(7) User=0.01s Sys=0.00s Real=0.04s
[2020-09-11T14:16:57.575+0000][1][safepoint    ] Safepoint "GenCollectForAllocation", Time since last: 222105427 ns, Reaching safepoint: 101617 ns, At safepoint: 67958230 ns, Total: 68059847 ns
[2020-09-11T14:16:57.608+0000][1][safepoint    ] Safepoint "RevokeBias", Time since last: 27923671 ns, Reaching safepoint: 4040426 ns, At safepoint: 43979 ns, Total: 4084405 ns
[2020-09-11T14:16:57.608+0000][1][safepoint    ] Safepoint "RevokeBias", Time since last: 78593 ns, Reaching safepoint: 84708 ns, At safepoint: 21833 ns, Total: 106541 ns
[2020-09-11T14:16:57.611+0000][1][safepoint    ] Safepoint "RevokeBias", Time since last: 2062941 ns, Reaching safepoint: 1675444 ns, At safepoint: 34804 ns, Total: 1710248 ns
[2020-09-11T14:16:57.619+0000][1][safepoint    ] Safepoint "RevokeBias", Time since last: 67112 ns, Reaching safepoint: 7924037 ns, At safepoint: 39804 ns, Total: 7963841 ns
[2020-09-11T14:16:57.687+0000][1][safepoint    ] Safepoint "RevokeBias", Time since last: 66046262 ns, Reaching safepoint: 1901195 ns, At safepoint: 44570 ns, Total: 1945765 ns
[2020-09-11T14:16:57.704+0000][1][safepoint    ] Safepoint "RevokeBias", Time since last: 15983743 ns, Reaching safepoint: 105880 ns, At safepoint: 41217 ns, Total: 147097 ns
[2020-09-11T14:16:58.324+0000][1][gc,start     ] GC(8) Pause Young (Allocation Failure)
[2020-09-11T14:16:58.324+0000][1][gc,task      ] GC(8) Using 1 workers of 1 for evacuation
[2020-09-11T14:16:58.374+0000][1][gc,age       ] GC(8) Desired survivor size 4358144 bytes, new threshold 4 (max threshold 6)
[2020-09-11T14:16:58.374+0000][1][gc,age       ] GC(8) Age table with threshold 4 (max threshold 6)
[2020-09-11T14:16:58.374+0000][1][gc,age       ] GC(8) - age   1:    1742904 bytes,    1742904 total
[2020-09-11T14:16:58.374+0000][1][gc,age       ] GC(8) - age   2:     445896 bytes,    2188800 total
[2020-09-11T14:16:58.374+0000][1][gc,age       ] GC(8) - age   3:    1524064 bytes,    3712864 total
[2020-09-11T14:16:58.374+0000][1][gc,age       ] GC(8) - age   4:    1251016 bytes,    4963880 total
[2020-09-11T14:16:58.374+0000][1][gc,age       ] GC(8) - age   5:     352448 bytes,    5316328 total
[2020-09-11T14:16:58.374+0000][1][gc,heap      ] GC(8) ParNew: 75648K->7219K(76672K)
[2020-09-11T14:16:58.374+0000][1][gc,heap      ] GC(8) CMS: 11021K->11021K(439104K)
[2020-09-11T14:16:58.374+0000][1][gc,metaspace ] GC(8) Metaspace: 21453K->21453K(1069056K)
[2020-09-11T14:16:58.374+0000][1][gc           ] GC(8) Pause Young (Allocation Failure) 84M->17M(503M) 50.654ms
[2020-09-11T14:16:58.374+0000][1][gc,cpu       ] GC(8) User=0.01s Sys=0.00s Real=0.04s
[2020-09-11T14:16:58.374+0000][1][safepoint    ] Safepoint "GenCollectForAllocation", Time since last: 619800296 ns, Reaching safepoint: 108425 ns, At safepoint: 50721019 ns, Total: 50829444 ns
[2020-09-11T14:16:58.393+0000][1][safepoint    ] Safepoint "RevokeBias", Time since last: 18234179 ns, Reaching safepoint: 837153 ns, At safepoint: 41019 ns, Total: 878172 ns
[2020-09-11T14:16:58.394+0000][1][safepoint    ] Safepoint "RevokeBias", Time since last: 66897 ns, Reaching safepoint: 78610 ns, At safepoint: 25469 ns, Total: 104079 ns
[2020-09-11T14:16:58.394+0000][1][safepoint    ] Safepoint "RevokeBias", Time since last: 43039 ns, Reaching safepoint: 78457 ns, At safepoint: 24246 ns, Total: 102703 ns
[2020-09-11T14:16:58.394+0000][1][safepoint    ] Safepoint "RevokeBias", Time since last: 27893 ns, Reaching safepoint: 78045 ns, At safepoint: 23219 ns, Total: 101264 ns
[2020-09-11T14:16:58.945+0000][1][gc,start     ] GC(9) Pause Young (Allocation Failure)
[2020-09-11T14:16:58.945+0000][1][gc,task      ] GC(9) Using 1 workers of 1 for evacuation
[2020-09-11T14:16:58.967+0000][1][gc,age       ] GC(9) Desired survivor size 4358144 bytes, new threshold 6 (max threshold 6)
[2020-09-11T14:16:58.967+0000][1][gc,age       ] GC(9) Age table with threshold 6 (max threshold 6)
[2020-09-11T14:16:58.967+0000][1][gc,age       ] GC(9) - age   1:     183072 bytes,     183072 total
[2020-09-11T14:16:58.967+0000][1][gc,age       ] GC(9) - age   2:     830952 bytes,    1014024 total
[2020-09-11T14:16:58.967+0000][1][gc,age       ] GC(9) - age   3:     445816 bytes,    1459840 total
[2020-09-11T14:16:58.967+0000][1][gc,age       ] GC(9) - age   4:    1524064 bytes,    2983904 total
[2020-09-11T14:16:58.967+0000][1][gc,heap      ] GC(9) ParNew: 75379K->4495K(76672K)
[2020-09-11T14:16:58.967+0000][1][gc,heap      ] GC(9) CMS: 11021K->12605K(439104K)
[2020-09-11T14:16:58.967+0000][1][gc,metaspace ] GC(9) Metaspace: 21580K->21580K(1069056K)
[2020-09-11T14:16:58.967+0000][1][gc           ] GC(9) Pause Young (Allocation Failure) 84M->16M(503M) 21.602ms
[2020-09-11T14:16:58.967+0000][1][gc,cpu       ] GC(9) User=0.01s Sys=0.00s Real=0.02s
[2020-09-11T14:16:58.987+0000][1][safepoint    ] Safepoint "GenCollectForAllocation", Time since last: 551236699 ns, Reaching safepoint: 107750 ns, At safepoint: 42318162 ns, Total: 42425912 ns
[2020-09-11T14:16:59.001+0000][1][safepoint    ] Safepoint "RevokeBias", Time since last: 7723673 ns, Reaching safepoint: 5325713 ns, At safepoint: 47362 ns, Total: 5373075 ns
[2020-09-11T14:16:59.004+0000][1][safepoint    ] Safepoint "RevokeBias", Time since last: 58934 ns, Reaching safepoint: 2829171 ns, At safepoint: 47504 ns, Total: 2876675 ns
[2020-09-11T14:16:59.004+0000][1][safepoint    ] Safepoint "RevokeBias", Time since last: 69836 ns, Reaching safepoint: 83971 ns, At safepoint: 27845 ns, Total: 111816 ns
[2020-09-11T14:16:59.004+0000][1][safepoint    ] Safepoint "RevokeBias", Time since last: 26145 ns, Reaching safepoint: 80724 ns, At safepoint: 26713 ns, Total: 107437 ns
[2020-09-11T14:16:59.004+0000][1][safepoint    ] Safepoint "RevokeBias", Time since last: 28664 ns, Reaching safepoint: 80689 ns, At safepoint: 25906 ns, Total: 106595 ns
[2020-09-11T14:16:59.004+0000][1][safepoint    ] Safepoint "RevokeBias", Time since last: 23838 ns, Reaching safepoint: 80818 ns, At safepoint: 25784 ns, Total: 106602 ns
[2020-09-11T14:16:59.152+0000][1][safepoint    ] Safepoint "RevokeBias", Time since last: 148134457 ns, Reaching safepoint: 109969 ns, At safepoint: 17338 ns, Total: 127307 ns
[2020-09-11T14:16:59.153+0000][1][safepoint    ] Safepoint "RevokeBias", Time since last: 526799 ns, Reaching safepoint: 82206 ns, At safepoint: 9676 ns, Total: 91882 ns
[2020-09-11T14:16:59.564+0000][1][gc,start     ] GC(10) Pause Young (Allocation Failure)
[2020-09-11T14:16:59.564+0000][1][gc,task      ] GC(10) Using 1 workers of 1 for evacuation
[2020-09-11T14:16:59.581+0000][1][gc,age       ] GC(10) Desired survivor size 4358144 bytes, new threshold 6 (max threshold 6)
[2020-09-11T14:16:59.581+0000][1][gc,age       ] GC(10) Age table with threshold 6 (max threshold 6)
[2020-09-11T14:16:59.581+0000][1][gc,age       ] GC(10) - age   1:     436864 bytes,     436864 total
[2020-09-11T14:16:59.581+0000][1][gc,age       ] GC(10) - age   2:     146784 bytes,     583648 total
[2020-09-11T14:16:59.581+0000][1][gc,age       ] GC(10) - age   3:     830952 bytes,    1414600 total
[2020-09-11T14:16:59.581+0000][1][gc,age       ] GC(10) - age   4:     445792 bytes,    1860392 total
[2020-09-11T14:16:59.581+0000][1][gc,age       ] GC(10) - age   5:    1524064 bytes,    3384456 total
[2020-09-11T14:16:59.581+0000][1][gc,heap      ] GC(10) ParNew: 72655K->3309K(76672K)
[2020-09-11T14:16:59.581+0000][1][gc,heap      ] GC(10) CMS: 12605K->12605K(439104K)
[2020-09-11T14:16:59.581+0000][1][gc,metaspace ] GC(10) Metaspace: 21722K->21722K(1069056K)
[2020-09-11T14:16:59.581+0000][1][gc           ] GC(10) Pause Young (Allocation Failure) 83M->15M(503M) 17.812ms
[2020-09-11T14:16:59.581+0000][1][gc,cpu       ] GC(10) User=0.00s Sys=0.00s Real=0.01s
[2020-09-11T14:16:59.599+0000][1][safepoint    ] Safepoint "GenCollectForAllocation", Time since last: 410481542 ns, Reaching safepoint: 122529 ns, At safepoint: 35628775 ns, Total: 35751304 ns
[2020-09-11T14:16:59.616+0000][1][safepoint    ] Safepoint "BulkRevokeBias", Time since last: 16235860 ns, Reaching safepoint: 971827 ns, At safepoint: 52593 ns, Total: 1024420 ns
[2020-09-11T14:16:59.617+0000][1][safepoint    ] Safepoint "BulkRevokeBias", Time since last: 69268 ns, Reaching safepoint: 77856 ns, At safepoint: 30309 ns, Total: 108165 ns
[2020-09-11T14:17:00.420+0000][1][gc,start     ] GC(11) Pause Young (Allocation Failure)
[2020-09-11T14:17:00.420+0000][1][gc,task      ] GC(11) Using 1 workers of 1 for evacuation
[2020-09-11T14:17:00.463+0000][1][gc,age       ] GC(11) Desired survivor size 4358144 bytes, new threshold 6 (max threshold 6)
[2020-09-11T14:17:00.463+0000][1][gc,age       ] GC(11) Age table with threshold 6 (max threshold 6)
[2020-09-11T14:17:00.463+0000][1][gc,age       ] GC(11) - age   1:    2353160 bytes,    2353160 total
[2020-09-11T14:17:00.463+0000][1][gc,age       ] GC(11) - age   2:     402848 bytes,    2756008 total
[2020-09-11T14:17:00.463+0000][1][gc,age       ] GC(11) - age   3:     146784 bytes,    2902792 total
[2020-09-11T14:17:00.463+0000][1][gc,age       ] GC(11) - age   4:     830952 bytes,    3733744 total
[2020-09-11T14:17:00.463+0000][1][gc,age       ] GC(11) - age   5:     445792 bytes,    4179536 total
[2020-09-11T14:17:00.463+0000][1][gc,age       ] GC(11) - age   6:    1523752 bytes,    5703288 total
[2020-09-11T14:17:00.463+0000][1][gc,heap      ] GC(11) ParNew: 71469K->6612K(76672K)
[2020-09-11T14:17:00.463+0000][1][gc,heap      ] GC(11) CMS: 12605K->12605K(439104K)
[2020-09-11T14:17:00.463+0000][1][gc,metaspace ] GC(11) Metaspace: 22626K->22626K(1071104K)
[2020-09-11T14:17:00.463+0000][1][gc           ] GC(11) Pause Young (Allocation Failure) 82M->18M(503M) 43.234ms
[2020-09-11T14:17:00.463+0000][1][gc,cpu       ] GC(11) User=0.01s Sys=0.00s Real=0.04s
[2020-09-11T14:17:00.479+0000][1][safepoint    ] Safepoint "GenCollectForAllocation", Time since last: 802816189 ns, Reaching safepoint: 105116 ns, At safepoint: 59870978 ns, Total: 59976094 ns
[2020-09-11T14:17:00.966+0000][1][gc,start     ] GC(12) Pause Young (Allocation Failure)
[2020-09-11T14:17:00.966+0000][1][gc,task      ] GC(12) Using 1 workers of 1 for evacuation
[2020-09-11T14:17:01.003+0000][1][gc,age       ] GC(12) Desired survivor size 4358144 bytes, new threshold 6 (max threshold 6)
[2020-09-11T14:17:01.003+0000][1][gc,age       ] GC(12) Age table with threshold 6 (max threshold 6)
[2020-09-11T14:17:01.003+0000][1][gc,age       ] GC(12) - age   1:     802880 bytes,     802880 total
[2020-09-11T14:17:01.003+0000][1][gc,age       ] GC(12) - age   2:     544528 bytes,    1347408 total
[2020-09-11T14:17:01.003+0000][1][gc,age       ] GC(12) - age   3:     402848 bytes,    1750256 total
[2020-09-11T14:17:01.003+0000][1][gc,age       ] GC(12) - age   4:     146680 bytes,    1896936 total
[2020-09-11T14:17:01.003+0000][1][gc,age       ] GC(12) - age   5:     830808 bytes,    2727744 total
[2020-09-11T14:17:01.003+0000][1][gc,age       ] GC(12) - age   6:     445648 bytes,    3173392 total
[2020-09-11T14:17:01.003+0000][1][gc,heap      ] GC(12) ParNew: 74772K->5003K(76672K)
[2020-09-11T14:17:01.003+0000][1][gc,heap      ] GC(12) CMS: 12605K->14105K(439104K)
[2020-09-11T14:17:01.003+0000][1][gc,metaspace ] GC(12) Metaspace: 22653K->22653K(1071104K)
[2020-09-11T14:17:01.003+0000][1][gc           ] GC(12) Pause Young (Allocation Failure) 85M->18M(503M) 37.250ms
[2020-09-11T14:17:01.003+0000][1][gc,cpu       ] GC(12) User=0.02s Sys=0.00s Real=0.03s
[2020-09-11T14:17:01.022+0000][1][safepoint    ] Safepoint "GenCollectForAllocation", Time since last: 486104710 ns, Reaching safepoint: 109133 ns, At safepoint: 55899080 ns, Total: 56008213 ns
[2020-09-11T14:17:01.500+0000][1][gc,start     ] GC(13) Pause Young (Allocation Failure)
[2020-09-11T14:17:01.500+0000][1][gc,task      ] GC(13) Using 1 workers of 1 for evacuation
[2020-09-11T14:17:01.545+0000][1][gc,age       ] GC(13) Desired survivor size 4358144 bytes, new threshold 6 (max threshold 6)
[2020-09-11T14:17:01.545+0000][1][gc,age       ] GC(13) Age table with threshold 6 (max threshold 6)
[2020-09-11T14:17:01.545+0000][1][gc,age       ] GC(13) - age   1:    2101976 bytes,    2101976 total
[2020-09-11T14:17:01.545+0000][1][gc,age       ] GC(13) - age   2:     203304 bytes,    2305280 total
[2020-09-11T14:17:01.545+0000][1][gc,age       ] GC(13) - age   3:     544416 bytes,    2849696 total
[2020-09-11T14:17:01.545+0000][1][gc,age       ] GC(13) - age   4:     402848 bytes,    3252544 total
[2020-09-11T14:17:01.545+0000][1][gc,age       ] GC(13) - age   5:     146680 bytes,    3399224 total
[2020-09-11T14:17:01.545+0000][1][gc,age       ] GC(13) - age   6:     830808 bytes,    4230032 total
[2020-09-11T14:17:01.545+0000][1][gc,heap      ] GC(13) ParNew: 73163K->7150K(76672K)
[2020-09-11T14:17:01.546+0000][1][gc,heap      ] GC(13) CMS: 14105K->14544K(439104K)
[2020-09-11T14:17:01.546+0000][1][gc,metaspace ] GC(13) Metaspace: 22754K->22754K(1071104K)
[2020-09-11T14:17:01.546+0000][1][gc           ] GC(13) Pause Young (Allocation Failure) 85M->21M(503M) 45.973ms
[2020-09-11T14:17:01.546+0000][1][gc,cpu       ] GC(13) User=0.01s Sys=0.00s Real=0.05s
[2020-09-11T14:17:01.547+0000][1][safepoint    ] Safepoint "GenCollectForAllocation", Time since last: 477902459 ns, Reaching safepoint: 114674 ns, At safepoint: 47876987 ns, Total: 47991661 ns
[2020-09-11T14:17:02.080+0000][1][gc,start     ] GC(14) Pause Young (Allocation Failure)
[2020-09-11T14:17:02.080+0000][1][gc,task      ] GC(14) Using 1 workers of 1 for evacuation
[2020-09-11T14:17:02.097+0000][1][gc,age       ] GC(14) Desired survivor size 4358144 bytes, new threshold 6 (max threshold 6)
[2020-09-11T14:17:02.097+0000][1][gc,age       ] GC(14) Age table with threshold 6 (max threshold 6)
[2020-09-11T14:17:02.097+0000][1][gc,age       ] GC(14) - age   1:    1073488 bytes,    1073488 total
[2020-09-11T14:17:02.098+0000][1][gc,age       ] GC(14) - age   2:     103768 bytes,    1177256 total
[2020-09-11T14:17:02.098+0000][1][gc,age       ] GC(14) - age   3:     203304 bytes,    1380560 total
[2020-09-11T14:17:02.098+0000][1][gc,age       ] GC(14) - age   4:     544416 bytes,    1924976 total
[2020-09-11T14:17:02.098+0000][1][gc,age       ] GC(14) - age   5:     402848 bytes,    2327824 total
[2020-09-11T14:17:02.098+0000][1][gc,age       ] GC(14) - age   6:     146680 bytes,    2474504 total
[2020-09-11T14:17:02.098+0000][1][gc,heap      ] GC(14) ParNew: 75310K->2442K(76672K)
[2020-09-11T14:17:02.098+0000][1][gc,heap      ] GC(14) CMS: 14544K->15361K(439104K)
[2020-09-11T14:17:02.098+0000][1][gc,metaspace ] GC(14) Metaspace: 22833K->22833K(1071104K)
[2020-09-11T14:17:02.098+0000][1][gc           ] GC(14) Pause Young (Allocation Failure) 87M->17M(503M) 18.030ms
[2020-09-11T14:17:02.098+0000][1][gc,cpu       ] GC(14) User=0.01s Sys=0.00s Real=0.02s
[2020-09-11T14:17:02.111+0000][1][safepoint    ] Safepoint "GenCollectForAllocation", Time since last: 532019600 ns, Reaching safepoint: 109145 ns, At safepoint: 31870276 ns, Total: 31979421 ns
[2020-09-11T14:17:02.624+0000][1][gc,start     ] GC(15) Pause Young (Allocation Failure)
[2020-09-11T14:17:02.624+0000][1][gc,task      ] GC(15) Using 1 workers of 1 for evacuation
[2020-09-11T14:17:02.634+0000][1][gc,age       ] GC(15) Desired survivor size 4358144 bytes, new threshold 6 (max threshold 6)
[2020-09-11T14:17:02.634+0000][1][gc,age       ] GC(15) Age table with threshold 6 (max threshold 6)
[2020-09-11T14:17:02.634+0000][1][gc,age       ] GC(15) - age   1:     721992 bytes,     721992 total
[2020-09-11T14:17:02.634+0000][1][gc,age       ] GC(15) - age   2:     314312 bytes,    1036304 total
[2020-09-11T14:17:02.634+0000][1][gc,age       ] GC(15) - age   3:     103768 bytes,    1140072 total
[2020-09-11T14:17:02.634+0000][1][gc,age       ] GC(15) - age   4:     203304 bytes,    1343376 total
[2020-09-11T14:17:02.634+0000][1][gc,age       ] GC(15) - age   5:     544416 bytes,    1887792 total
[2020-09-11T14:17:02.634+0000][1][gc,age       ] GC(15) - age   6:     402848 bytes,    2290640 total
[2020-09-11T14:17:02.634+0000][1][gc,heap      ] GC(15) ParNew: 70602K->2423K(76672K)
[2020-09-11T14:17:02.634+0000][1][gc,heap      ] GC(15) CMS: 15361K->15509K(439104K)
[2020-09-11T14:17:02.634+0000][1][gc,metaspace ] GC(15) Metaspace: 22921K->22921K(1071104K)
[2020-09-11T14:17:02.634+0000][1][gc           ] GC(15) Pause Young (Allocation Failure) 83M->17M(503M) 10.464ms
[2020-09-11T14:17:02.634+0000][1][gc,cpu       ] GC(15) User=0.00s Sys=0.00s Real=0.00s
[2020-09-11T14:17:02.656+0000][1][safepoint    ] Safepoint "GenCollectForAllocation", Time since last: 512005869 ns, Reaching safepoint: 111435 ns, At safepoint: 32001053 ns, Total: 32112488 ns
[2020-09-11T14:17:03.037+0000][1][gc,start     ] GC(16) Pause Young (Allocation Failure)
[2020-09-11T14:17:03.037+0000][1][gc,task      ] GC(16) Using 1 workers of 1 for evacuation
[2020-09-11T14:17:03.062+0000][1][gc,age       ] GC(16) Desired survivor size 4358144 bytes, new threshold 6 (max threshold 6)
[2020-09-11T14:17:03.062+0000][1][gc,age       ] GC(16) Age table with threshold 6 (max threshold 6)
[2020-09-11T14:17:03.062+0000][1][gc,age       ] GC(16) - age   1:    1988984 bytes,    1988984 total
[2020-09-11T14:17:03.062+0000][1][gc,age       ] GC(16) - age   2:     188336 bytes,    2177320 total
[2020-09-11T14:17:03.062+0000][1][gc,age       ] GC(16) - age   3:     314312 bytes,    2491632 total
[2020-09-11T14:17:03.062+0000][1][gc,age       ] GC(16) - age   4:     103768 bytes,    2595400 total
[2020-09-11T14:17:03.062+0000][1][gc,age       ] GC(16) - age   5:     203152 bytes,    2798552 total
[2020-09-11T14:17:03.062+0000][1][gc,age       ] GC(16) - age   6:     544416 bytes,    3342968 total
[2020-09-11T14:17:03.062+0000][1][gc,heap      ] GC(16) ParNew: 70583K->4566K(76672K)
[2020-09-11T14:17:03.063+0000][1][gc,heap      ] GC(16) CMS: 15509K->15908K(439104K)
[2020-09-11T14:17:03.063+0000][1][gc,metaspace ] GC(16) Metaspace: 22938K->22938K(1071104K)
[2020-09-11T14:17:03.063+0000][1][gc           ] GC(16) Pause Young (Allocation Failure) 84M->19M(503M) 25.819ms
[2020-09-11T14:17:03.063+0000][1][gc,cpu       ] GC(16) User=0.01s Sys=0.00s Real=0.02s
[2020-09-11T14:17:03.087+0000][1][safepoint    ] Safepoint "GenCollectForAllocation", Time since last: 381045507 ns, Reaching safepoint: 109367 ns, At safepoint: 50748244 ns, Total: 50857611 ns
[2020-09-11T14:17:03.153+0000][1][safepoint    ] Safepoint "Deoptimize", Time since last: 65595983 ns, Reaching safepoint: 99926 ns, At safepoint: 216108 ns, Total: 316034 ns
[2020-09-11T14:17:03.544+0000][1][safepoint    ] Safepoint "Deoptimize", Time since last: 389786766 ns, Reaching safepoint: 291068 ns, At safepoint: 242119 ns, Total: 533187 ns
[2020-09-11T14:17:03.618+0000][1][safepoint    ] Safepoint "RevokeBias", Time since last: 71747760 ns, Reaching safepoint: 2442898 ns, At safepoint: 19861 ns, Total: 2462759 ns
[2020-09-11T14:17:03.619+0000][1][safepoint    ] Safepoint "RevokeBias", Time since last: 582601 ns, Reaching safepoint: 84042 ns, At safepoint: 10707 ns, Total: 94749 ns
[2020-09-11T14:17:03.627+0000][1][safepoint    ] Safepoint "RevokeBias", Time since last: 7853235 ns, Reaching safepoint: 101872 ns, At safepoint: 14533 ns, Total: 116405 ns
[2020-09-11T14:17:03.627+0000][1][safepoint    ] Safepoint "RevokeBias", Time since last: 109416 ns, Reaching safepoint: 80032 ns, At safepoint: 10315 ns, Total: 90347 ns
[2020-09-11T14:17:03.627+0000][1][safepoint    ] Safepoint "RevokeBias", Time since last: 55491 ns, Reaching safepoint: 629311 ns, At safepoint: 21749 ns, Total: 651060 ns
[2020-09-11T14:17:03.642+0000][1][safepoint    ] Safepoint "RevokeBias", Time since last: 14462065 ns, Reaching safepoint: 110829 ns, At safepoint: 15666 ns, Total: 126495 ns
[2020-09-11T14:17:03.642+0000][1][safepoint    ] Safepoint "RevokeBias", Time since last: 340812 ns, Reaching safepoint: 20238 ns, At safepoint: 10939 ns, Total: 31177 ns
[2020-09-11T14:17:03.643+0000][1][safepoint    ] Safepoint "RevokeBias", Time since last: 372768 ns, Reaching safepoint: 10874 ns, At safepoint: 8251 ns, Total: 19125 ns
[2020-09-11T14:17:03.644+0000][1][safepoint    ] Safepoint "RevokeBias", Time since last: 740362 ns, Reaching safepoint: 10237 ns, At safepoint: 12204 ns, Total: 22441 ns
[2020-09-11T14:17:03.644+0000][1][safepoint    ] Safepoint "RevokeBias", Time since last: 68649 ns, Reaching safepoint: 77966 ns, At safepoint: 8729 ns, Total: 86695 ns
[2020-09-11T14:17:03.644+0000][1][safepoint    ] Safepoint "RevokeBias", Time since last: 57662 ns, Reaching safepoint: 79457 ns, At safepoint: 8249 ns, Total: 87706 ns
[2020-09-11T14:17:03.644+0000][1][safepoint    ] Safepoint "RevokeBias", Time since last: 37704 ns, Reaching safepoint: 76812 ns, At safepoint: 8147 ns, Total: 84959 ns
[2020-09-11T14:17:03.644+0000][1][safepoint    ] Safepoint "RevokeBias", Time since last: 75200 ns, Reaching safepoint: 7140 ns, At safepoint: 7356 ns, Total: 14496 ns
[2020-09-11T14:17:03.644+0000][1][safepoint    ] Safepoint "RevokeBias", Time since last: 36086 ns, Reaching safepoint: 6354 ns, At safepoint: 6901 ns, Total: 13255 ns
[2020-09-11T14:17:03.644+0000][1][safepoint    ] Safepoint "RevokeBias", Time since last: 28501 ns, Reaching safepoint: 6155 ns, At safepoint: 6850 ns, Total: 13005 ns
[2020-09-11T14:17:03.651+0000][1][safepoint    ] Safepoint "RevokeBias", Time since last: 6405935 ns, Reaching safepoint: 107743 ns, At safepoint: 13782 ns, Total: 121525 ns
[2020-09-11T14:17:03.651+0000][1][safepoint    ] Safepoint "RevokeBias", Time since last: 128092 ns, Reaching safepoint: 80852 ns, At safepoint: 9392 ns, Total: 90244 ns
[2020-09-11T14:17:03.662+0000][1][safepoint    ] Safepoint "RevokeBias", Time since last: 3978355 ns, Reaching safepoint: 7206757 ns, At safepoint: 22850 ns, Total: 7229607 ns
[2020-09-11T14:17:03.662+0000][1][safepoint    ] Safepoint "RevokeBias", Time since last: 92752 ns, Reaching safepoint: 84948 ns, At safepoint: 11347 ns, Total: 96295 ns
[2020-09-11T14:17:03.663+0000][1][gc,heap,exit ] Heap
[2020-09-11T14:17:03.663+0000][1][gc,heap,exit ]  par new generation   total 76672K, used 16176K [0x00000000e0000000, 0x00000000e5330000, 0x00000000e5330000)
[2020-09-11T14:17:03.663+0000][1][gc,heap,exit ]   eden space 68160K,  17% used [0x00000000e0000000, 0x00000000e0b566f8, 0x00000000e4290000)
[2020-09-11T14:17:03.663+0000][1][gc,heap,exit ]   from space 8512K,  53% used [0x00000000e4290000, 0x00000000e4705be0, 0x00000000e4ae0000)
[2020-09-11T14:17:03.663+0000][1][gc,heap,exit ]   to   space 8512K,   0% used [0x00000000e4ae0000, 0x00000000e4ae0000, 0x00000000e5330000)
[2020-09-11T14:17:03.663+0000][1][gc,heap,exit ]  concurrent mark-sweep generation total 439104K, used 15908K [0x00000000e5330000, 0x0000000100000000, 0x0000000100000000)
[2020-09-11T14:17:03.663+0000][1][gc,heap,exit ]  Metaspace       used 23763K, capacity 25088K, committed 25344K, reserved 1071104K
[2020-09-11T14:17:03.663+0000][1][gc,heap,exit ]   class space    used 2876K, capacity 3302K, committed 3328K, reserved 1048576K
