[2020-09-11T12:45:01.493+0000][1][gc] Using Concurrent Mark Sweep
[2020-09-11T12:45:01.493+0000][1][gc,heap,coops] Heap address: 0x00000000e0000000, size: 512 MB, Compressed Oops mode: 32-bit
[2020-09-11T12:45:01.767+0000][1][safepoint    ] Safepoint "EnableBiasedLocking", Time since last: 243956783 ns, Reaching safepoint: 104556 ns, At safepoint: 37504 ns, Total: 142060 ns
[2020-09-11T12:45:01.781+0000][1][safepoint    ] Safepoint "RevokeBias", Time since last: 13808174 ns, Reaching safepoint: 97409 ns, At safepoint: 35859 ns, Total: 133268 ns
[2020-09-11T12:45:01.842+0000][1][safepoint    ] Safepoint "Deoptimize", Time since last: 56983479 ns, Reaching safepoint: 4828526 ns, At safepoint: 28992 ns, Total: 4857518 ns
[2020-09-11T12:45:02.550+0000][1][safepoint    ] Safepoint "RevokeBias", Time since last: 703246725 ns, Reaching safepoint: 3859926 ns, At safepoint: 40086 ns, Total: 3900012 ns
[2020-09-11T12:45:02.589+0000][1][safepoint    ] Safepoint "RevokeBias", Time since last: 31864550 ns, Reaching safepoint: 6993856 ns, At safepoint: 46005 ns, Total: 7039861 ns
[2020-09-11T12:45:02.599+0000][1][safepoint    ] Safepoint "Deoptimize", Time since last: 9737757 ns, Reaching safepoint: 1161455 ns, At safepoint: 35492 ns, Total: 1196947 ns
[2020-09-11T12:45:02.607+0000][1][safepoint    ] Safepoint "Deoptimize", Time since last: 5497693 ns, Reaching safepoint: 2473218 ns, At safepoint: 43903 ns, Total: 2517121 ns
[2020-09-11T12:45:02.859+0000][1][safepoint    ] Safepoint "Deoptimize", Time since last: 250078795 ns, Reaching safepoint: 1875113 ns, At safepoint: 50047 ns, Total: 1925160 ns
[2020-09-11T12:45:03.863+0000][1][safepoint    ] Safepoint "Cleanup", Time since last: 1002012316 ns, Reaching safepoint: 1573513 ns, At safepoint: 9485 ns, Total: 1582998 ns
[2020-09-11T12:45:04.872+0000][1][safepoint    ] Safepoint "Cleanup", Time since last: 1008330103 ns, Reaching safepoint: 932175 ns, At safepoint: 7565 ns, Total: 939740 ns
[2020-09-11T12:45:05.576+0000][1][safepoint    ] Safepoint "Deoptimize", Time since last: 700097654 ns, Reaching safepoint: 2996987 ns, At safepoint: 75677 ns, Total: 3072664 ns
[2020-09-11T12:45:05.998+0000][1][safepoint    ] Safepoint "Deoptimize", Time since last: 416935544 ns, Reaching safepoint: 5352811 ns, At safepoint: 73565 ns, Total: 5426376 ns
[2020-09-11T12:45:07.017+0000][1][safepoint    ] Safepoint "Cleanup", Time since last: 1005521543 ns, Reaching safepoint: 13177010 ns, At safepoint: 8894 ns, Total: 13185904 ns
[2020-09-11T12:45:07.872+0000][1][safepoint    ] Safepoint "Deoptimize", Time since last: 848135259 ns, Reaching safepoint: 6726882 ns, At safepoint: 96240 ns, Total: 6823122 ns
[2020-09-11T12:45:08.872+0000][1][safepoint    ] Safepoint "Cleanup", Time since last: 1000121490 ns, Reaching safepoint: 40075 ns, At safepoint: 5549 ns, Total: 45624 ns
[2020-09-11T12:45:10.061+0000][1][safepoint    ] Safepoint "Deoptimize", Time since last: 1189507737 ns, Reaching safepoint: 106828 ns, At safepoint: 96347 ns, Total: 203175 ns
[2020-09-11T12:45:11.062+0000][1][safepoint    ] Safepoint "Cleanup", Time since last: 1000111031 ns, Reaching safepoint: 109482 ns, At safepoint: 5597 ns, Total: 115079 ns
[2020-09-11T12:45:12.028+0000][1][safepoint    ] Safepoint "Deoptimize", Time since last: 965766704 ns, Reaching safepoint: 122560 ns, At safepoint: 122759 ns, Total: 245319 ns
[2020-09-11T12:45:12.028+0000][1][safepoint    ] Safepoint "Deoptimize", Time since last: 311043 ns, Reaching safepoint: 12043 ns, At safepoint: 93387 ns, Total: 105430 ns
[2020-09-11T12:45:12.304+0000][1][safepoint    ] Safepoint "Deoptimize", Time since last: 274356922 ns, Reaching safepoint: 996594 ns, At safepoint: 119333 ns, Total: 1115927 ns
[2020-09-11T12:45:12.332+0000][1][safepoint    ] Safepoint "Deoptimize", Time since last: 27381871 ns, Reaching safepoint: 487429 ns, At safepoint: 111691 ns, Total: 599120 ns
[2020-09-11T12:45:12.404+0000][1][safepoint    ] Safepoint "RevokeBias", Time since last: 72184136 ns, Reaching safepoint: 112402 ns, At safepoint: 44801 ns, Total: 157203 ns
[2020-09-11T12:45:12.404+0000][1][safepoint    ] Safepoint "RevokeBias", Time since last: 160092 ns, Reaching safepoint: 98604 ns, At safepoint: 33772 ns, Total: 132376 ns
[2020-09-11T12:45:12.404+0000][1][safepoint    ] Safepoint "RevokeBias", Time since last: 58686 ns, Reaching safepoint: 81423 ns, At safepoint: 31490 ns, Total: 112913 ns
[2020-09-11T12:45:12.405+0000][1][safepoint    ] Safepoint "RevokeBias", Time since last: 59945 ns, Reaching safepoint: 80380 ns, At safepoint: 28961 ns, Total: 109341 ns
[2020-09-11T12:45:12.415+0000][1][safepoint    ] Safepoint "RevokeBias", Time since last: 7624442 ns, Reaching safepoint: 3299918 ns, At safepoint: 31904 ns, Total: 3331822 ns
[2020-09-11T12:45:13.418+0000][1][safepoint    ] Safepoint "Cleanup", Time since last: 1000112444 ns, Reaching safepoint: 2543341 ns, At safepoint: 9376 ns, Total: 2552717 ns
[2020-09-11T12:45:14.424+0000][1][safepoint    ] Safepoint "Cleanup", Time since last: 1005274557 ns, Reaching safepoint: 119194 ns, At safepoint: 6715 ns, Total: 125909 ns
[2020-09-11T12:45:15.012+0000][1][gc,start     ] GC(0) Pause Young (Allocation Failure)
[2020-09-11T12:45:15.012+0000][1][gc,task      ] GC(0) Using 1 workers of 1 for evacuation
[2020-09-11T12:45:15.067+0000][1][gc,age       ] GC(0) Desired survivor size 4358144 bytes, new threshold 1 (max threshold 6)
[2020-09-11T12:45:15.067+0000][1][gc,age       ] GC(0) Age table with threshold 1 (max threshold 6)
[2020-09-11T12:45:15.067+0000][1][gc,age       ] GC(0) - age   1:    6472584 bytes,    6472584 total
[2020-09-11T12:45:15.067+0000][1][gc,heap      ] GC(0) ParNew: 68160K->6355K(76672K)
[2020-09-11T12:45:15.067+0000][1][gc,heap      ] GC(0) CMS: 0K->0K(439104K)
[2020-09-11T12:45:15.067+0000][1][gc,metaspace ] GC(0) Metaspace: 13682K->13682K(1062912K)
[2020-09-11T12:45:15.067+0000][1][gc           ] GC(0) Pause Young (Allocation Failure) 66M->6M(503M) 55.163ms
[2020-09-11T12:45:15.067+0000][1][gc,cpu       ] GC(0) User=0.02s Sys=0.00s Real=0.06s
[2020-09-11T12:45:15.091+0000][1][safepoint    ] Safepoint "GenCollectForAllocation", Time since last: 584580618 ns, Reaching safepoint: 3867492 ns, At safepoint: 79453677 ns, Total: 83321169 ns
[2020-09-11T12:45:15.120+0000][1][safepoint    ] Safepoint "RevokeBias", Time since last: 25139354 ns, Reaching safepoint: 2868281 ns, At safepoint: 70582 ns, Total: 2938863 ns
[2020-09-11T12:45:15.121+0000][1][safepoint    ] Safepoint "RevokeBias", Time since last: 122103 ns, Reaching safepoint: 1209049 ns, At safepoint: 33736 ns, Total: 1242785 ns
[2020-09-11T12:45:15.121+0000][1][safepoint    ] Safepoint "RevokeBias", Time since last: 40403 ns, Reaching safepoint: 79690 ns, At safepoint: 28619 ns, Total: 108309 ns
[2020-09-11T12:45:15.121+0000][1][safepoint    ] Safepoint "RevokeBias", Time since last: 26476 ns, Reaching safepoint: 55927 ns, At safepoint: 30866 ns, Total: 86793 ns
[2020-09-11T12:45:15.121+0000][1][safepoint    ] Safepoint "RevokeBias", Time since last: 32520 ns, Reaching safepoint: 79664 ns, At safepoint: 30045 ns, Total: 109709 ns
[2020-09-11T12:45:15.121+0000][1][safepoint    ] Safepoint "RevokeBias", Time since last: 26004 ns, Reaching safepoint: 78808 ns, At safepoint: 28561 ns, Total: 107369 ns
[2020-09-11T12:45:15.122+0000][1][safepoint    ] Safepoint "RevokeBias", Time since last: 32452 ns, Reaching safepoint: 79823 ns, At safepoint: 34352 ns, Total: 114175 ns
[2020-09-11T12:45:15.122+0000][1][safepoint    ] Safepoint "RevokeBias", Time since last: 25126 ns, Reaching safepoint: 77878 ns, At safepoint: 32514 ns, Total: 110392 ns
[2020-09-11T12:45:15.122+0000][1][safepoint    ] Safepoint "RevokeBias", Time since last: 31191 ns, Reaching safepoint: 78121 ns, At safepoint: 31607 ns, Total: 109728 ns
[2020-09-11T12:45:15.122+0000][1][safepoint    ] Safepoint "RevokeBias", Time since last: 24892 ns, Reaching safepoint: 77329 ns, At safepoint: 34341 ns, Total: 111670 ns
[2020-09-11T12:45:15.122+0000][1][safepoint    ] Safepoint "RevokeBias", Time since last: 30919 ns, Reaching safepoint: 78923 ns, At safepoint: 33012 ns, Total: 111935 ns
[2020-09-11T12:45:15.123+0000][1][safepoint    ] Safepoint "RevokeBias", Time since last: 25138 ns, Reaching safepoint: 1263891 ns, At safepoint: 39891 ns, Total: 1303782 ns
[2020-09-11T12:45:15.127+0000][1][safepoint    ] Safepoint "RevokeBias", Time since last: 3142913 ns, Reaching safepoint: 94095 ns, At safepoint: 42505 ns, Total: 136600 ns
[2020-09-11T12:45:15.127+0000][1][safepoint    ] Safepoint "RevokeBias", Time since last: 33768 ns, Reaching safepoint: 79607 ns, At safepoint: 28408 ns, Total: 108015 ns
[2020-09-11T12:45:15.134+0000][1][safepoint    ] Safepoint "RevokeBias", Time since last: 54991 ns, Reaching safepoint: 78680 ns, At safepoint: 7098872 ns, Total: 7177552 ns
[2020-09-11T12:45:15.136+0000][1][safepoint    ] Safepoint "RevokeBias", Time since last: 69015 ns, Reaching safepoint: 1833859 ns, At safepoint: 33940 ns, Total: 1867799 ns
[2020-09-11T12:45:15.136+0000][1][safepoint    ] Safepoint "RevokeBias", Time since last: 201472 ns, Reaching safepoint: 80294 ns, At safepoint: 25217 ns, Total: 105511 ns
[2020-09-11T12:45:15.136+0000][1][safepoint    ] Safepoint "RevokeBias", Time since last: 26553 ns, Reaching safepoint: 76760 ns, At safepoint: 22230 ns, Total: 98990 ns
[2020-09-11T12:45:15.140+0000][1][safepoint    ] Safepoint "RevokeBias", Time since last: 2970750 ns, Reaching safepoint: 88425 ns, At safepoint: 34401 ns, Total: 122826 ns
[2020-09-11T12:45:15.140+0000][1][safepoint    ] Safepoint "RevokeBias", Time since last: 42256 ns, Reaching safepoint: 78052 ns, At safepoint: 24215 ns, Total: 102267 ns
[2020-09-11T12:45:15.140+0000][1][safepoint    ] Safepoint "RevokeBias", Time since last: 47194 ns, Reaching safepoint: 78381 ns, At safepoint: 24704 ns, Total: 103085 ns
[2020-09-11T12:45:15.155+0000][1][safepoint    ] Safepoint "RevokeBias", Time since last: 25329 ns, Reaching safepoint: 77455 ns, At safepoint: 14990393 ns, Total: 15067848 ns
[2020-09-11T12:45:15.155+0000][1][safepoint    ] Safepoint "RevokeBias", Time since last: 53749 ns, Reaching safepoint: 34442 ns, At safepoint: 22507 ns, Total: 56949 ns
[2020-09-11T12:45:15.224+0000][1][safepoint    ] Safepoint "RevokeBias", Time since last: 66306805 ns, Reaching safepoint: 2089905 ns, At safepoint: 44065 ns, Total: 2133970 ns
[2020-09-11T12:45:15.226+0000][1][safepoint    ] Safepoint "RevokeBias", Time since last: 73713 ns, Reaching safepoint: 2697881 ns, At safepoint: 31424 ns, Total: 2729305 ns
[2020-09-11T12:45:15.226+0000][1][safepoint    ] Safepoint "RevokeBias", Time since last: 58453 ns, Reaching safepoint: 82845 ns, At safepoint: 27655 ns, Total: 110500 ns
[2020-09-11T12:45:15.227+0000][1][safepoint    ] Safepoint "RevokeBias", Time since last: 26211 ns, Reaching safepoint: 80451 ns, At safepoint: 23237 ns, Total: 103688 ns
[2020-09-11T12:45:15.227+0000][1][safepoint    ] Safepoint "RevokeBias", Time since last: 37218 ns, Reaching safepoint: 81296 ns, At safepoint: 26743 ns, Total: 108039 ns
[2020-09-11T12:45:15.227+0000][1][safepoint    ] Safepoint "RevokeBias", Time since last: 25849 ns, Reaching safepoint: 79881 ns, At safepoint: 26571 ns, Total: 106452 ns
[2020-09-11T12:45:15.231+0000][1][safepoint    ] Safepoint "RevokeBias", Time since last: 1568060 ns, Reaching safepoint: 2983865 ns, At safepoint: 46075 ns, Total: 3029940 ns
[2020-09-11T12:45:15.235+0000][1][safepoint    ] Safepoint "RevokeBias", Time since last: 60525 ns, Reaching safepoint: 3576434 ns, At safepoint: 51961 ns, Total: 3628395 ns
[2020-09-11T12:45:15.318+0000][1][safepoint    ] Safepoint "Deoptimize", Time since last: 81171109 ns, Reaching safepoint: 1293098 ns, At safepoint: 176000 ns, Total: 1469098 ns
[2020-09-11T12:45:16.324+0000][1][safepoint    ] Safepoint "Cleanup", Time since last: 1005606001 ns, Reaching safepoint: 167405 ns, At safepoint: 7331 ns, Total: 174736 ns
[2020-09-11T12:45:16.851+0000][1][safepoint    ] Safepoint "RevokeBias", Time since last: 525191943 ns, Reaching safepoint: 2411944 ns, At safepoint: 42471 ns, Total: 2454415 ns
[2020-09-11T12:45:17.857+0000][1][safepoint    ] Safepoint "Cleanup", Time since last: 1000115657 ns, Reaching safepoint: 5156004 ns, At safepoint: 10511 ns, Total: 5166515 ns
[2020-09-11T12:45:18.756+0000][1][safepoint    ] Safepoint "Deoptimize", Time since last: 894498234 ns, Reaching safepoint: 4448199 ns, At safepoint: 168308 ns, Total: 4616507 ns
[2020-09-11T12:45:19.529+0000][1][safepoint    ] Safepoint "Deoptimize", Time since last: 772627411 ns, Reaching safepoint: 119382 ns, At safepoint: 161634 ns, Total: 281016 ns
[2020-09-11T12:45:19.589+0000][1][safepoint    ] Safepoint "Deoptimize", Time since last: 59777692 ns, Reaching safepoint: 99415 ns, At safepoint: 189446 ns, Total: 288861 ns
[2020-09-11T12:45:19.593+0000][1][gc,start     ] GC(1) Pause Young (Allocation Failure)
[2020-09-11T12:45:19.593+0000][1][gc,task      ] GC(1) Using 1 workers of 1 for evacuation
[2020-09-11T12:45:19.765+0000][1][gc,age       ] GC(1) Desired survivor size 4358144 bytes, new threshold 6 (max threshold 6)
[2020-09-11T12:45:19.766+0000][1][gc,age       ] GC(1) Age table with threshold 6 (max threshold 6)
[2020-09-11T12:45:19.766+0000][1][gc,age       ] GC(1) - age   1:    3920776 bytes,    3920776 total
[2020-09-11T12:45:19.766+0000][1][gc,heap      ] GC(1) ParNew: 74515K->4252K(76672K)
[2020-09-11T12:45:19.766+0000][1][gc,heap      ] GC(1) CMS: 0K->6858K(439104K)
[2020-09-11T12:45:19.766+0000][1][gc,metaspace ] GC(1) Metaspace: 19140K->19140K(1067008K)
[2020-09-11T12:45:19.766+0000][1][gc           ] GC(1) Pause Young (Allocation Failure) 72M->10M(503M) 172.243ms
[2020-09-11T12:45:19.766+0000][1][gc,cpu       ] GC(1) User=0.04s Sys=0.00s Real=0.18s
[2020-09-11T12:45:19.776+0000][1][safepoint    ] Safepoint "GenCollectForAllocation", Time since last: 4635263 ns, Reaching safepoint: 100150 ns, At safepoint: 182499507 ns, Total: 182599657 ns
[2020-09-11T12:45:19.809+0000][1][safepoint    ] Safepoint "BulkRevokeBias", Time since last: 31468468 ns, Reaching safepoint: 1651491 ns, At safepoint: 170667 ns, Total: 1822158 ns
[2020-09-11T12:45:19.810+0000][1][safepoint    ] Safepoint "RevokeBias", Time since last: 127230 ns, Reaching safepoint: 213095 ns, At safepoint: 88931 ns, Total: 302026 ns
[2020-09-11T12:45:19.810+0000][1][safepoint    ] Safepoint "RevokeBias", Time since last: 64251 ns, Reaching safepoint: 172016 ns, At safepoint: 72505 ns, Total: 244521 ns
[2020-09-11T12:45:19.814+0000][1][safepoint    ] Safepoint "RevokeBias", Time since last: 2542361 ns, Reaching safepoint: 99385 ns, At safepoint: 1058433 ns, Total: 1157818 ns
[2020-09-11T12:45:19.817+0000][1][safepoint    ] Safepoint "RevokeBias", Time since last: 56294 ns, Reaching safepoint: 90642 ns, At safepoint: 3650215 ns, Total: 3740857 ns
[2020-09-11T12:45:19.827+0000][1][safepoint    ] Safepoint "RevokeBias", Time since last: 78311 ns, Reaching safepoint: 100800 ns, At safepoint: 9728386 ns, Total: 9829186 ns
[2020-09-11T12:45:19.828+0000][1][safepoint    ] Safepoint "RevokeBias", Time since last: 127854 ns, Reaching safepoint: 109308 ns, At safepoint: 105430 ns, Total: 214738 ns
[2020-09-11T12:45:19.828+0000][1][safepoint    ] Safepoint "BulkRevokeBias", Time since last: 69907 ns, Reaching safepoint: 91737 ns, At safepoint: 110684 ns, Total: 202421 ns
[2020-09-11T12:45:19.828+0000][1][safepoint    ] Safepoint "RevokeBias", Time since last: 48550 ns, Reaching safepoint: 86878 ns, At safepoint: 93191 ns, Total: 180069 ns
[2020-09-11T12:45:19.852+0000][1][safepoint    ] Safepoint "RevokeBias", Time since last: 14422842 ns, Reaching safepoint: 8918578 ns, At safepoint: 69146 ns, Total: 8987724 ns
[2020-09-11T12:45:20.874+0000][1][safepoint    ] Safepoint "Cleanup", Time since last: 1011877771 ns, Reaching safepoint: 10097828 ns, At safepoint: 10281 ns, Total: 10108109 ns
[2020-09-11T12:45:20.908+0000][1][safepoint    ] Safepoint "Deoptimize", Time since last: 31277488 ns, Reaching safepoint: 2639905 ns, At safepoint: 177037 ns, Total: 2816942 ns
[2020-09-11T12:45:20.910+0000][1][safepoint    ] Safepoint "RevokeBias", Time since last: 486500 ns, Reaching safepoint: 1473944 ns, At safepoint: 47138 ns, Total: 1521082 ns
[2020-09-11T12:45:20.914+0000][1][safepoint    ] Safepoint "Deoptimize", Time since last: 926594 ns, Reaching safepoint: 3474852 ns, At safepoint: 182480 ns, Total: 3657332 ns
[2020-09-11T12:45:21.916+0000][1][safepoint    ] Safepoint "Cleanup", Time since last: 1001191896 ns, Reaching safepoint: 119873 ns, At safepoint: 7272 ns, Total: 127145 ns
[2020-09-11T12:45:22.324+0000][1][safepoint    ] Safepoint "RevokeBias", Time since last: 403913259 ns, Reaching safepoint: 4007267 ns, At safepoint: 48637 ns, Total: 4055904 ns
[2020-09-11T12:45:22.344+0000][1][safepoint    ] Safepoint "RevokeBias", Time since last: 20050698 ns, Reaching safepoint: 100320 ns, At safepoint: 31697 ns, Total: 132017 ns
[2020-09-11T12:45:22.625+0000][1][gc,start     ] GC(2) Pause Young (Allocation Failure)
[2020-09-11T12:45:22.625+0000][1][gc,task      ] GC(2) Using 1 workers of 1 for evacuation
[2020-09-11T12:45:22.658+0000][1][gc,age       ] GC(2) Desired survivor size 4358144 bytes, new threshold 6 (max threshold 6)
[2020-09-11T12:45:22.658+0000][1][gc,age       ] GC(2) Age table with threshold 6 (max threshold 6)
[2020-09-11T12:45:22.658+0000][1][gc,age       ] GC(2) - age   1:     433072 bytes,     433072 total
[2020-09-11T12:45:22.658+0000][1][gc,age       ] GC(2) - age   2:    3838352 bytes,    4271424 total
[2020-09-11T12:45:22.658+0000][1][gc,heap      ] GC(2) ParNew: 72412K->7862K(76672K)
[2020-09-11T12:45:22.658+0000][1][gc,heap      ] GC(2) CMS: 6858K->6858K(439104K)
[2020-09-11T12:45:22.658+0000][1][gc,metaspace ] GC(2) Metaspace: 20141K->20141K(1067008K)
[2020-09-11T12:45:22.658+0000][1][gc           ] GC(2) Pause Young (Allocation Failure) 77M->14M(503M) 33.170ms
[2020-09-11T12:45:22.658+0000][1][gc,cpu       ] GC(2) User=0.01s Sys=0.00s Real=0.03s
[2020-09-11T12:45:22.679+0000][1][safepoint    ] Safepoint "GenCollectForAllocation", Time since last: 281209783 ns, Reaching safepoint: 107948 ns, At safepoint: 54424233 ns, Total: 54532181 ns
[2020-09-11T12:45:22.714+0000][1][safepoint    ] Safepoint "RevokeBias", Time since last: 31990596 ns, Reaching safepoint: 2484770 ns, At safepoint: 44281 ns, Total: 2529051 ns
[2020-09-11T12:45:22.715+0000][1][safepoint    ] Safepoint "RevokeBias", Time since last: 64146 ns, Reaching safepoint: 1148685 ns, At safepoint: 33689 ns, Total: 1182374 ns
[2020-09-11T12:45:22.715+0000][1][safepoint    ] Safepoint "RevokeBias", Time since last: 39483 ns, Reaching safepoint: 80767 ns, At safepoint: 30954 ns, Total: 111721 ns
[2020-09-11T12:45:22.715+0000][1][safepoint    ] Safepoint "RevokeBias", Time since last: 30165 ns, Reaching safepoint: 78080 ns, At safepoint: 29980 ns, Total: 108060 ns
[2020-09-11T12:45:22.716+0000][1][safepoint    ] Safepoint "RevokeBias", Time since last: 30524 ns, Reaching safepoint: 78921 ns, At safepoint: 29410 ns, Total: 108331 ns
[2020-09-11T12:45:22.719+0000][1][safepoint    ] Safepoint "RevokeBias", Time since last: 34766 ns, Reaching safepoint: 3761398 ns, At safepoint: 40180 ns, Total: 3801578 ns
[2020-09-11T12:45:22.723+0000][1][safepoint    ] Safepoint "RevokeBias", Time since last: 49784 ns, Reaching safepoint: 3694737 ns, At safepoint: 44759 ns, Total: 3739496 ns
[2020-09-11T12:45:22.724+0000][1][safepoint    ] Safepoint "RevokeBias", Time since last: 396939 ns, Reaching safepoint: 82992 ns, At safepoint: 30214 ns, Total: 113206 ns
[2020-09-11T12:45:22.724+0000][1][safepoint    ] Safepoint "RevokeBias", Time since last: 30527 ns, Reaching safepoint: 77954 ns, At safepoint: 25979 ns, Total: 103933 ns
[2020-09-11T12:45:23.735+0000][1][safepoint    ] Safepoint "Cleanup", Time since last: 1004868601 ns, Reaching safepoint: 6702837 ns, At safepoint: 12115 ns, Total: 6714952 ns
[2020-09-11T12:45:23.764+0000][1][gc,start     ] GC(3) Pause Young (Allocation Failure)
[2020-09-11T12:45:23.764+0000][1][gc,task      ] GC(3) Using 1 workers of 1 for evacuation
[2020-09-11T12:45:23.818+0000][1][gc,age       ] GC(3) Desired survivor size 4358144 bytes, new threshold 3 (max threshold 6)
[2020-09-11T12:45:23.818+0000][1][gc,age       ] GC(3) Age table with threshold 3 (max threshold 6)
[2020-09-11T12:45:23.818+0000][1][gc,age       ] GC(3) - age   1:    1670608 bytes,    1670608 total
[2020-09-11T12:45:23.818+0000][1][gc,age       ] GC(3) - age   2:     405832 bytes,    2076440 total
[2020-09-11T12:45:23.818+0000][1][gc,age       ] GC(3) - age   3:    3838352 bytes,    5914792 total
[2020-09-11T12:45:23.818+0000][1][gc,heap      ] GC(3) ParNew: 76022K->7631K(76672K)
[2020-09-11T12:45:23.818+0000][1][gc,heap      ] GC(3) CMS: 6858K->6858K(439104K)
[2020-09-11T12:45:23.818+0000][1][gc,metaspace ] GC(3) Metaspace: 20257K->20257K(1067008K)
[2020-09-11T12:45:23.818+0000][1][gc           ] GC(3) Pause Young (Allocation Failure) 80M->14M(503M) 54.835ms
[2020-09-11T12:45:23.818+0000][1][gc,cpu       ] GC(3) User=0.01s Sys=0.00s Real=0.05s
[2020-09-11T12:45:23.847+0000][1][safepoint    ] Safepoint "GenCollectForAllocation", Time since last: 27980267 ns, Reaching safepoint: 99310 ns, At safepoint: 83881669 ns, Total: 83980979 ns
[2020-09-11T12:45:23.862+0000][1][safepoint    ] Safepoint "RevokeBias", Time since last: 14532481 ns, Reaching safepoint: 101626 ns, At safepoint: 28288 ns, Total: 129914 ns
[2020-09-11T12:45:23.862+0000][1][safepoint    ] Safepoint "RevokeBias", Time since last: 57540 ns, Reaching safepoint: 79723 ns, At safepoint: 20727 ns, Total: 100450 ns
[2020-09-11T12:45:23.862+0000][1][safepoint    ] Safepoint "RevokeBias", Time since last: 37764 ns, Reaching safepoint: 78075 ns, At safepoint: 19495 ns, Total: 97570 ns
[2020-09-11T12:45:23.863+0000][1][safepoint    ] Safepoint "RevokeBias", Time since last: 43894 ns, Reaching safepoint: 77381 ns, At safepoint: 20302 ns, Total: 97683 ns
[2020-09-11T12:45:23.863+0000][1][safepoint    ] Safepoint "RevokeBias", Time since last: 32470 ns, Reaching safepoint: 77024 ns, At safepoint: 19936 ns, Total: 96960 ns
[2020-09-11T12:45:23.863+0000][1][safepoint    ] Safepoint "RevokeBias", Time since last: 27674 ns, Reaching safepoint: 76112 ns, At safepoint: 19976 ns, Total: 96088 ns
[2020-09-11T12:45:23.863+0000][1][safepoint    ] Safepoint "RevokeBias", Time since last: 30723 ns, Reaching safepoint: 76628 ns, At safepoint: 19867 ns, Total: 96495 ns
[2020-09-11T12:45:23.863+0000][1][safepoint    ] Safepoint "RevokeBias", Time since last: 26866 ns, Reaching safepoint: 75840 ns, At safepoint: 19597 ns, Total: 95437 ns
[2020-09-11T12:45:24.739+0000][1][safepoint    ] Safepoint "BulkRevokeBias", Time since last: 876151655 ns, Reaching safepoint: 243141 ns, At safepoint: 58148 ns, Total: 301289 ns
[2020-09-11T12:45:24.748+0000][1][safepoint    ] Safepoint "CollectForMetadataAllocation", Time since last: 8451713 ns, Reaching safepoint: 95880 ns, At safepoint: 116644 ns, Total: 212524 ns
[2020-09-11T12:45:24.924+0000][1][safepoint    ] Safepoint "CollectForMetadataAllocation", Time since last: 175462566 ns, Reaching safepoint: 110124 ns, At safepoint: 119808 ns, Total: 229932 ns
[2020-09-11T12:45:25.090+0000][1][gc,start     ] GC(4) Pause Young (Allocation Failure)
[2020-09-11T12:45:25.090+0000][1][gc,task      ] GC(4) Using 1 workers of 1 for evacuation
[2020-09-11T12:45:25.158+0000][1][gc,age       ] GC(4) Desired survivor size 4358144 bytes, new threshold 6 (max threshold 6)
[2020-09-11T12:45:25.158+0000][1][gc,age       ] GC(4) Age table with threshold 6 (max threshold 6)
[2020-09-11T12:45:25.158+0000][1][gc,age       ] GC(4) - age   1:    1735376 bytes,    1735376 total
[2020-09-11T12:45:25.158+0000][1][gc,age       ] GC(4) - age   2:     319816 bytes,    2055192 total
[2020-09-11T12:45:25.158+0000][1][gc,age       ] GC(4) - age   3:     405736 bytes,    2460928 total
[2020-09-11T12:45:25.158+0000][1][gc,heap      ] GC(4) ParNew: 75791K->4968K(76672K)
[2020-09-11T12:45:25.158+0000][1][gc,heap      ] GC(4) CMS: 6858K->10636K(439104K)
[2020-09-11T12:45:25.158+0000][1][gc,metaspace ] GC(4) Metaspace: 20812K->20812K(1069056K)
[2020-09-11T12:45:25.158+0000][1][gc           ] GC(4) Pause Young (Allocation Failure) 80M->15M(503M) 68.377ms
[2020-09-11T12:45:25.158+0000][1][gc,cpu       ] GC(4) User=0.02s Sys=0.00s Real=0.07s
[2020-09-11T12:45:25.183+0000][1][safepoint    ] Safepoint "GenCollectForAllocation", Time since last: 165838763 ns, Reaching safepoint: 105622 ns, At safepoint: 93358426 ns, Total: 93464048 ns
[2020-09-11T12:45:25.190+0000][1][gc,start     ] GC(5) Pause Initial Mark
[2020-09-11T12:45:25.204+0000][1][gc           ] GC(5) Pause Initial Mark 20M->20M(503M) 13.908ms
[2020-09-11T12:45:25.204+0000][1][gc,cpu       ] GC(5) User=0.00s Sys=0.00s Real=0.02s
[2020-09-11T12:45:25.235+0000][1][safepoint    ] Safepoint "BulkRevokeBias", Time since last: 6889538 ns, Reaching safepoint: 102656 ns, At safepoint: 44669083 ns, Total: 44771739 ns
[2020-09-11T12:45:25.235+0000][1][gc           ] GC(5) Concurrent Mark
[2020-09-11T12:45:25.276+0000][1][safepoint    ] Safepoint "RevokeBias", Time since last: 24599072 ns, Reaching safepoint: 16125135 ns, At safepoint: 50091 ns, Total: 16175226 ns
[2020-09-11T12:45:25.276+0000][1][safepoint    ] Safepoint "RevokeBias", Time since last: 79344 ns, Reaching safepoint: 82716 ns, At safepoint: 35915 ns, Total: 118631 ns
[2020-09-11T12:45:25.276+0000][1][safepoint    ] Safepoint "RevokeBias", Time since last: 28457 ns, Reaching safepoint: 81061 ns, At safepoint: 33121 ns, Total: 114182 ns
[2020-09-11T12:45:25.276+0000][1][safepoint    ] Safepoint "RevokeBias", Time since last: 31298 ns, Reaching safepoint: 80568 ns, At safepoint: 38598 ns, Total: 119166 ns
[2020-09-11T12:45:25.276+0000][1][safepoint    ] Safepoint "RevokeBias", Time since last: 26317 ns, Reaching safepoint: 79212 ns, At safepoint: 37087 ns, Total: 116299 ns
[2020-09-11T12:45:25.330+0000][1][gc           ] GC(5) Concurrent Mark 94.898ms
[2020-09-11T12:45:25.330+0000][1][gc,cpu       ] GC(5) User=0.02s Sys=0.00s Real=0.10s
[2020-09-11T12:45:25.330+0000][1][gc           ] GC(5) Concurrent Preclean
[2020-09-11T12:45:25.330+0000][1][gc           ] GC(5) Concurrent Preclean 0.636ms
[2020-09-11T12:45:25.330+0000][1][gc,cpu       ] GC(5) User=0.00s Sys=0.00s Real=0.00s
[2020-09-11T12:45:25.330+0000][1][gc           ] GC(5) Concurrent Abortable Preclean
[2020-09-11T12:45:25.914+0000][1][safepoint    ] Safepoint "Deoptimize", Time since last: 637190413 ns, Reaching safepoint: 109659 ns, At safepoint: 201383 ns, Total: 311042 ns
[2020-09-11T12:45:25.981+0000][1][safepoint    ] Safepoint "CollectForMetadataAllocation", Time since last: 67393975 ns, Reaching safepoint: 100375 ns, At safepoint: 77152 ns, Total: 177527 ns
[2020-09-11T12:45:26.396+0000][1][safepoint    ] Safepoint "Deoptimize", Time since last: 414151499 ns, Reaching safepoint: 118159 ns, At safepoint: 205852 ns, Total: 324011 ns
[2020-09-11T12:45:26.460+0000][1][safepoint    ] Safepoint "RevokeBias", Time since last: 64522531 ns, Reaching safepoint: 106107 ns, At safepoint: 39318 ns, Total: 145425 ns
[2020-09-11T12:45:26.500+0000][1][safepoint    ] Safepoint "RevokeBias", Time since last: 39004699 ns, Reaching safepoint: 62913 ns, At safepoint: 40489 ns, Total: 103402 ns
[2020-09-11T12:45:26.733+0000][1][gc,start     ] GC(6) Pause Young (Allocation Failure)
[2020-09-11T12:45:26.733+0000][1][gc,task      ] GC(6) Using 1 workers of 1 for evacuation
[2020-09-11T12:45:26.807+0000][1][gc,age       ] GC(6) Desired survivor size 4358144 bytes, new threshold 6 (max threshold 6)
[2020-09-11T12:45:26.807+0000][1][gc,age       ] GC(6) Age table with threshold 6 (max threshold 6)
[2020-09-11T12:45:26.808+0000][1][gc,age       ] GC(6) - age   1:    2313024 bytes,    2313024 total
[2020-09-11T12:45:26.808+0000][1][gc,age       ] GC(6) - age   2:    1253008 bytes,    3566032 total
[2020-09-11T12:45:26.808+0000][1][gc,age       ] GC(6) - age   3:     319816 bytes,    3885848 total
[2020-09-11T12:45:26.808+0000][1][gc,age       ] GC(6) - age   4:     405672 bytes,    4291520 total
[2020-09-11T12:45:26.808+0000][1][gc,heap      ] GC(6) ParNew: 73128K->4286K(76672K)
[2020-09-11T12:45:26.808+0000][1][gc,heap      ] GC(6) CMS: 10636K->10636K(439104K)
[2020-09-11T12:45:26.808+0000][1][gc,metaspace ] GC(6) Metaspace: 21127K->21127K(1069056K)
[2020-09-11T12:45:26.808+0000][1][gc           ] GC(6) Pause Young (Allocation Failure) 81M->14M(503M) 75.054ms
[2020-09-11T12:45:26.808+0000][1][gc,cpu       ] GC(6) User=0.02s Sys=0.00s Real=0.08s
[2020-09-11T12:45:26.823+0000][1][safepoint    ] Safepoint "GenCollectForAllocation", Time since last: 232873704 ns, Reaching safepoint: 113693 ns, At safepoint: 90863356 ns, Total: 90977049 ns
[2020-09-11T12:45:26.842+0000][1][safepoint    ] Safepoint "RevokeBias", Time since last: 13587634 ns, Reaching safepoint: 5268323 ns, At safepoint: 25311 ns, Total: 5293634 ns
[2020-09-11T12:45:26.844+0000][1][safepoint    ] Safepoint "RevokeBias", Time since last: 1454871 ns, Reaching safepoint: 88719 ns, At safepoint: 15731 ns, Total: 104450 ns
[2020-09-11T12:45:26.844+0000][1][safepoint    ] Safepoint "RevokeBias", Time since last: 52752 ns, Reaching safepoint: 78180 ns, At safepoint: 18982 ns, Total: 97162 ns
[2020-09-11T12:45:26.844+0000][1][safepoint    ] Safepoint "RevokeBias", Time since last: 26632 ns, Reaching safepoint: 75775 ns, At safepoint: 16660 ns, Total: 92435 ns
[2020-09-11T12:45:26.844+0000][1][safepoint    ] Safepoint "RevokeBias", Time since last: 29492 ns, Reaching safepoint: 76110 ns, At safepoint: 14945 ns, Total: 91055 ns
[2020-09-11T12:45:26.844+0000][1][safepoint    ] Safepoint "RevokeBias", Time since last: 24884 ns, Reaching safepoint: 75353 ns, At safepoint: 15676 ns, Total: 91029 ns
[2020-09-11T12:45:27.056+0000][1][safepoint    ] Safepoint "RevokeBias", Time since last: 206097843 ns, Reaching safepoint: 5054804 ns, At safepoint: 83107 ns, Total: 5137911 ns
[2020-09-11T12:45:27.076+0000][1][safepoint    ] Safepoint "RevokeBias", Time since last: 19834734 ns, Reaching safepoint: 91632 ns, At safepoint: 32556 ns, Total: 124188 ns
[2020-09-11T12:45:27.178+0000][1][safepoint    ] Safepoint "RevokeBias", Time since last: 87911805 ns, Reaching safepoint: 14921851 ns, At safepoint: 102954 ns, Total: 15024805 ns
[2020-09-11T12:45:27.581+0000][1][safepoint    ] Safepoint "RevokeBias", Time since last: 396961548 ns, Reaching safepoint: 5046436 ns, At safepoint: 34845 ns, Total: 5081281 ns
[2020-09-11T12:45:27.581+0000][1][gc           ] GC(5) Concurrent Abortable Preclean 2250.074ms
[2020-09-11T12:45:27.581+0000][1][gc,cpu       ] GC(5) User=0.56s Sys=0.00s Real=2.25s
[2020-09-11T12:45:27.588+0000][1][gc,start     ] GC(5) Pause Remark
[2020-09-11T12:45:27.738+0000][1][gc           ] GC(5) Pause Remark 64M->64M(503M) 150.111ms
[2020-09-11T12:45:27.738+0000][1][gc,cpu       ] GC(5) User=0.04s Sys=0.00s Real=0.15s
[2020-09-11T12:45:27.738+0000][1][safepoint    ] Safepoint "CMS_Final_Remark", Time since last: 7401047 ns, Reaching safepoint: 28248 ns, At safepoint: 150242382 ns, Total: 150270630 ns
[2020-09-11T12:45:27.755+0000][1][gc           ] GC(5) Concurrent Sweep
[2020-09-11T12:45:27.758+0000][1][gc           ] GC(5) Concurrent Sweep 2.731ms
[2020-09-11T12:45:27.758+0000][1][gc,cpu       ] GC(5) User=0.01s Sys=0.00s Real=0.00s
[2020-09-11T12:45:27.758+0000][1][gc           ] GC(5) Concurrent Reset
[2020-09-11T12:45:27.759+0000][1][gc           ] GC(5) Concurrent Reset 0.665ms
[2020-09-11T12:45:27.759+0000][1][gc,cpu       ] GC(5) User=0.00s Sys=0.00s Real=0.00s
[2020-09-11T12:45:27.759+0000][1][gc,heap      ] GC(5) Old: 10636K->10636K(439104K)
[2020-09-11T12:45:28.028+0000][1][gc,start     ] GC(7) Pause Young (Allocation Failure)
[2020-09-11T12:45:28.028+0000][1][gc,task      ] GC(7) Using 1 workers of 1 for evacuation
[2020-09-11T12:45:28.081+0000][1][gc,age       ] GC(7) Desired survivor size 4358144 bytes, new threshold 5 (max threshold 6)
[2020-09-11T12:45:28.081+0000][1][gc,age       ] GC(7) Age table with threshold 5 (max threshold 6)
[2020-09-11T12:45:28.081+0000][1][gc,age       ] GC(7) - age   1:     954440 bytes,     954440 total
[2020-09-11T12:45:28.081+0000][1][gc,age       ] GC(7) - age   2:    1525976 bytes,    2480416 total
[2020-09-11T12:45:28.081+0000][1][gc,age       ] GC(7) - age   3:    1251120 bytes,    3731536 total
[2020-09-11T12:45:28.081+0000][1][gc,age       ] GC(7) - age   4:     319816 bytes,    4051352 total
[2020-09-11T12:45:28.081+0000][1][gc,age       ] GC(7) - age   5:     405168 bytes,    4456520 total
[2020-09-11T12:45:28.081+0000][1][gc,heap      ] GC(7) ParNew: 72446K->7358K(76672K)
[2020-09-11T12:45:28.081+0000][1][gc,heap      ] GC(7) CMS: 10636K->10636K(439104K)
[2020-09-11T12:45:28.081+0000][1][gc,metaspace ] GC(7) Metaspace: 21224K->21224K(1069056K)
[2020-09-11T12:45:28.081+0000][1][gc           ] GC(7) Pause Young (Allocation Failure) 81M->17M(503M) 53.079ms
[2020-09-11T12:45:28.081+0000][1][gc,cpu       ] GC(7) User=0.02s Sys=0.00s Real=0.05s
[2020-09-11T12:45:28.092+0000][1][safepoint    ] Safepoint "GenCollectForAllocation", Time since last: 289224517 ns, Reaching safepoint: 396960 ns, At safepoint: 64259249 ns, Total: 64656209 ns
[2020-09-11T12:45:28.108+0000][1][safepoint    ] Safepoint "RevokeBias", Time since last: 14879648 ns, Reaching safepoint: 755190 ns, At safepoint: 47393 ns, Total: 802583 ns
[2020-09-11T12:45:28.108+0000][1][safepoint    ] Safepoint "RevokeBias", Time since last: 60084 ns, Reaching safepoint: 80609 ns, At safepoint: 26259 ns, Total: 106868 ns
[2020-09-11T12:45:28.108+0000][1][safepoint    ] Safepoint "RevokeBias", Time since last: 38654 ns, Reaching safepoint: 79224 ns, At safepoint: 25868 ns, Total: 105092 ns
[2020-09-11T12:45:28.108+0000][1][safepoint    ] Safepoint "RevokeBias", Time since last: 26369 ns, Reaching safepoint: 77408 ns, At safepoint: 25055 ns, Total: 102463 ns
[2020-09-11T12:45:28.195+0000][1][safepoint    ] Safepoint "RevokeBias", Time since last: 86854124 ns, Reaching safepoint: 105873 ns, At safepoint: 36698 ns, Total: 142571 ns
[2020-09-11T12:45:28.207+0000][1][safepoint    ] Safepoint "RevokeBias", Time since last: 11925531 ns, Reaching safepoint: 97093 ns, At safepoint: 36023 ns, Total: 133116 ns
[2020-09-11T12:45:28.629+0000][1][safepoint    ] Safepoint "RevokeBias", Time since last: 421348044 ns, Reaching safepoint: 108450 ns, At safepoint: 37891 ns, Total: 146341 ns
[2020-09-11T12:45:28.660+0000][1][safepoint    ] Safepoint "RevokeBias", Time since last: 30691973 ns, Reaching safepoint: 110858 ns, At safepoint: 47734 ns, Total: 158592 ns
[2020-09-11T12:45:28.956+0000][1][gc,start     ] GC(8) Pause Young (Allocation Failure)
[2020-09-11T12:45:28.956+0000][1][gc,task      ] GC(8) Using 1 workers of 1 for evacuation
[2020-09-11T12:45:29.022+0000][1][gc,age       ] GC(8) Desired survivor size 4358144 bytes, new threshold 4 (max threshold 6)
[2020-09-11T12:45:29.022+0000][1][gc,age       ] GC(8) Age table with threshold 4 (max threshold 6)
[2020-09-11T12:45:29.022+0000][1][gc,age       ] GC(8) - age   1:    2036040 bytes,    2036040 total
[2020-09-11T12:45:29.022+0000][1][gc,age       ] GC(8) - age   2:     447192 bytes,    2483232 total
[2020-09-11T12:45:29.022+0000][1][gc,age       ] GC(8) - age   3:    1524040 bytes,    4007272 total
[2020-09-11T12:45:29.022+0000][1][gc,age       ] GC(8) - age   4:    1250336 bytes,    5257608 total
[2020-09-11T12:45:29.022+0000][1][gc,age       ] GC(8) - age   5:     319752 bytes,    5577360 total
[2020-09-11T12:45:29.022+0000][1][gc,heap      ] GC(8) ParNew: 75518K->7655K(76672K)
[2020-09-11T12:45:29.022+0000][1][gc,heap      ] GC(8) CMS: 10636K->11034K(439104K)
[2020-09-11T12:45:29.022+0000][1][gc,metaspace ] GC(8) Metaspace: 21404K->21404K(1069056K)
[2020-09-11T12:45:29.022+0000][1][gc           ] GC(8) Pause Young (Allocation Failure) 84M->18M(503M) 66.311ms
[2020-09-11T12:45:29.022+0000][1][gc,cpu       ] GC(8) User=0.02s Sys=0.00s Real=0.06s
[2020-09-11T12:45:29.047+0000][1][safepoint    ] Safepoint "GenCollectForAllocation", Time since last: 295847001 ns, Reaching safepoint: 121062 ns, At safepoint: 91902722 ns, Total: 92023784 ns
[2020-09-11T12:45:29.064+0000][1][safepoint    ] Safepoint "RevokeBias", Time since last: 16037053 ns, Reaching safepoint: 103318 ns, At safepoint: 38822 ns, Total: 142140 ns
[2020-09-11T12:45:29.064+0000][1][safepoint    ] Safepoint "RevokeBias", Time since last: 62912 ns, Reaching safepoint: 81073 ns, At safepoint: 30296 ns, Total: 111369 ns
[2020-09-11T12:45:29.064+0000][1][safepoint    ] Safepoint "RevokeBias", Time since last: 39430 ns, Reaching safepoint: 79881 ns, At safepoint: 27091 ns, Total: 106972 ns
[2020-09-11T12:45:29.064+0000][1][safepoint    ] Safepoint "RevokeBias", Time since last: 30519 ns, Reaching safepoint: 79242 ns, At safepoint: 32707 ns, Total: 111949 ns
[2020-09-11T12:45:29.072+0000][1][safepoint    ] Safepoint "RevokeBias", Time since last: 7343248 ns, Reaching safepoint: 103400 ns, At safepoint: 41470 ns, Total: 144870 ns
[2020-09-11T12:45:29.140+0000][1][safepoint    ] Safepoint "RevokeBias", Time since last: 64502951 ns, Reaching safepoint: 3242572 ns, At safepoint: 41435 ns, Total: 3284007 ns
[2020-09-11T12:45:29.164+0000][1][safepoint    ] Safepoint "RevokeBias", Time since last: 24448162 ns, Reaching safepoint: 98322 ns, At safepoint: 30892 ns, Total: 129214 ns
[2020-09-11T12:45:29.802+0000][1][gc,start     ] GC(9) Pause Young (Allocation Failure)
[2020-09-11T12:45:29.802+0000][1][gc,task      ] GC(9) Using 1 workers of 1 for evacuation
[2020-09-11T12:45:29.832+0000][1][gc,age       ] GC(9) Desired survivor size 4358144 bytes, new threshold 6 (max threshold 6)
[2020-09-11T12:45:29.832+0000][1][gc,age       ] GC(9) Age table with threshold 6 (max threshold 6)
[2020-09-11T12:45:29.832+0000][1][gc,age       ] GC(9) - age   1:     333464 bytes,     333464 total
[2020-09-11T12:45:29.832+0000][1][gc,age       ] GC(9) - age   2:     831416 bytes,    1164880 total
[2020-09-11T12:45:29.832+0000][1][gc,age       ] GC(9) - age   3:     447112 bytes,    1611992 total
[2020-09-11T12:45:29.832+0000][1][gc,age       ] GC(9) - age   4:    1524040 bytes,    3136032 total
[2020-09-11T12:45:29.832+0000][1][gc,heap      ] GC(9) ParNew: 75815K->4722K(76672K)
[2020-09-11T12:45:29.832+0000][1][gc,heap      ] GC(9) CMS: 11034K->12586K(439104K)
[2020-09-11T12:45:29.832+0000][1][gc,metaspace ] GC(9) Metaspace: 21514K->21514K(1069056K)
[2020-09-11T12:45:29.832+0000][1][gc           ] GC(9) Pause Young (Allocation Failure) 84M->16M(503M) 29.916ms
[2020-09-11T12:45:29.832+0000][1][gc,cpu       ] GC(9) User=0.01s Sys=0.00s Real=0.03s
[2020-09-11T12:45:29.847+0000][1][safepoint    ] Safepoint "GenCollectForAllocation", Time since last: 637633445 ns, Reaching safepoint: 121732 ns, At safepoint: 45725765 ns, Total: 45847497 ns
[2020-09-11T12:45:29.864+0000][1][safepoint    ] Safepoint "RevokeBias", Time since last: 16074551 ns, Reaching safepoint: 36511 ns, At safepoint: 52205 ns, Total: 88716 ns
[2020-09-11T12:45:29.864+0000][1][safepoint    ] Safepoint "RevokeBias", Time since last: 67092 ns, Reaching safepoint: 9855 ns, At safepoint: 23324 ns, Total: 33179 ns
[2020-09-11T12:45:29.864+0000][1][safepoint    ] Safepoint "RevokeBias", Time since last: 31146 ns, Reaching safepoint: 8577 ns, At safepoint: 22231 ns, Total: 30808 ns
[2020-09-11T12:45:29.864+0000][1][safepoint    ] Safepoint "RevokeBias", Time since last: 22747 ns, Reaching safepoint: 7833 ns, At safepoint: 21758 ns, Total: 29591 ns
[2020-09-11T12:45:29.864+0000][1][safepoint    ] Safepoint "RevokeBias", Time since last: 24821 ns, Reaching safepoint: 8334 ns, At safepoint: 21940 ns, Total: 30274 ns
[2020-09-11T12:45:29.864+0000][1][safepoint    ] Safepoint "RevokeBias", Time since last: 22497 ns, Reaching safepoint: 7705 ns, At safepoint: 21646 ns, Total: 29351 ns
[2020-09-11T12:45:30.049+0000][1][safepoint    ] Safepoint "RevokeBias", Time since last: 184807781 ns, Reaching safepoint: 115678 ns, At safepoint: 18518 ns, Total: 134196 ns
[2020-09-11T12:45:30.064+0000][1][safepoint    ] Safepoint "RevokeBias", Time since last: 14578307 ns, Reaching safepoint: 106664 ns, At safepoint: 18198 ns, Total: 124862 ns
[2020-09-11T12:45:30.602+0000][1][gc,start     ] GC(10) Pause Young (Allocation Failure)
[2020-09-11T12:45:30.602+0000][1][gc,task      ] GC(10) Using 1 workers of 1 for evacuation
[2020-09-11T12:45:30.632+0000][1][gc,age       ] GC(10) Desired survivor size 4358144 bytes, new threshold 6 (max threshold 6)
[2020-09-11T12:45:30.632+0000][1][gc,age       ] GC(10) Age table with threshold 6 (max threshold 6)
[2020-09-11T12:45:30.632+0000][1][gc,age       ] GC(10) - age   1:     635584 bytes,     635584 total
[2020-09-11T12:45:30.632+0000][1][gc,age       ] GC(10) - age   2:     146992 bytes,     782576 total
[2020-09-11T12:45:30.632+0000][1][gc,age       ] GC(10) - age   3:     831416 bytes,    1613992 total
[2020-09-11T12:45:30.632+0000][1][gc,age       ] GC(10) - age   4:     447088 bytes,    2061080 total
[2020-09-11T12:45:30.632+0000][1][gc,age       ] GC(10) - age   5:    1524040 bytes,    3585120 total
[2020-09-11T12:45:30.632+0000][1][gc,heap      ] GC(10) ParNew: 72882K->6955K(76672K)
[2020-09-11T12:45:30.632+0000][1][gc,heap      ] GC(10) CMS: 12586K->12586K(439104K)
[2020-09-11T12:45:30.633+0000][1][gc,metaspace ] GC(10) Metaspace: 21654K->21654K(1069056K)
[2020-09-11T12:45:30.633+0000][1][gc           ] GC(10) Pause Young (Allocation Failure) 83M->19M(503M) 30.536ms
[2020-09-11T12:45:30.633+0000][1][gc,cpu       ] GC(10) User=0.01s Sys=0.00s Real=0.03s
[2020-09-11T12:45:30.663+0000][1][safepoint    ] Safepoint "GenCollectForAllocation", Time since last: 538294235 ns, Reaching safepoint: 119904 ns, At safepoint: 61469346 ns, Total: 61589250 ns
[2020-09-11T12:45:30.680+0000][1][safepoint    ] Safepoint "BulkRevokeBias", Time since last: 16040996 ns, Reaching safepoint: 106762 ns, At safepoint: 71836 ns, Total: 178598 ns
[2020-09-11T12:45:30.684+0000][1][safepoint    ] Safepoint "BulkRevokeBias", Time since last: 3814077 ns, Reaching safepoint: 97764 ns, At safepoint: 63058 ns, Total: 160822 ns
[2020-09-11T12:45:31.702+0000][1][safepoint    ] Safepoint "Cleanup", Time since last: 1003764024 ns, Reaching safepoint: 14827299 ns, At safepoint: 14495 ns, Total: 14841794 ns
[2020-09-11T12:45:31.740+0000][1][gc,start     ] GC(11) Pause Young (Allocation Failure)
[2020-09-11T12:45:31.740+0000][1][gc,task      ] GC(11) Using 1 workers of 1 for evacuation
[2020-09-11T12:45:31.813+0000][1][gc,age       ] GC(11) Desired survivor size 4358144 bytes, new threshold 6 (max threshold 6)
[2020-09-11T12:45:31.813+0000][1][gc,age       ] GC(11) Age table with threshold 6 (max threshold 6)
[2020-09-11T12:45:31.813+0000][1][gc,age       ] GC(11) - age   1:    2429720 bytes,    2429720 total
[2020-09-11T12:45:31.813+0000][1][gc,age       ] GC(11) - age   2:     403128 bytes,    2832848 total
[2020-09-11T12:45:31.813+0000][1][gc,age       ] GC(11) - age   3:     146992 bytes,    2979840 total
[2020-09-11T12:45:31.813+0000][1][gc,age       ] GC(11) - age   4:     831416 bytes,    3811256 total
[2020-09-11T12:45:31.813+0000][1][gc,age       ] GC(11) - age   5:     447088 bytes,    4258344 total
[2020-09-11T12:45:31.813+0000][1][gc,age       ] GC(11) - age   6:    1523728 bytes,    5782072 total
[2020-09-11T12:45:31.813+0000][1][gc,heap      ] GC(11) ParNew: 75115K->6546K(76672K)
[2020-09-11T12:45:31.813+0000][1][gc,heap      ] GC(11) CMS: 12586K->12586K(439104K)
[2020-09-11T12:45:31.813+0000][1][gc,metaspace ] GC(11) Metaspace: 22561K->22561K(1071104K)
[2020-09-11T12:45:31.813+0000][1][gc           ] GC(11) Pause Young (Allocation Failure) 85M->18M(503M) 73.312ms
[2020-09-11T12:45:31.813+0000][1][gc,cpu       ] GC(11) User=0.02s Sys=0.00s Real=0.07s
[2020-09-11T12:45:31.823+0000][1][safepoint    ] Safepoint "GenCollectForAllocation", Time since last: 37179249 ns, Reaching safepoint: 101368 ns, At safepoint: 83912920 ns, Total: 84014288 ns
[2020-09-11T12:45:32.444+0000][1][gc,start     ] GC(12) Pause Young (Allocation Failure)
[2020-09-11T12:45:32.444+0000][1][gc,task      ] GC(12) Using 1 workers of 1 for evacuation
[2020-09-11T12:45:32.514+0000][1][gc,age       ] GC(12) Desired survivor size 4358144 bytes, new threshold 6 (max threshold 6)
[2020-09-11T12:45:32.515+0000][1][gc,age       ] GC(12) Age table with threshold 6 (max threshold 6)
[2020-09-11T12:45:32.515+0000][1][gc,age       ] GC(12) - age   1:     887608 bytes,     887608 total
[2020-09-11T12:45:32.515+0000][1][gc,age       ] GC(12) - age   2:     544184 bytes,    1431792 total
[2020-09-11T12:45:32.515+0000][1][gc,age       ] GC(12) - age   3:     403128 bytes,    1834920 total
[2020-09-11T12:45:32.515+0000][1][gc,age       ] GC(12) - age   4:     146888 bytes,    1981808 total
[2020-09-11T12:45:32.515+0000][1][gc,age       ] GC(12) - age   5:     831272 bytes,    2813080 total
[2020-09-11T12:45:32.515+0000][1][gc,age       ] GC(12) - age   6:     446944 bytes,    3260024 total
[2020-09-11T12:45:32.515+0000][1][gc,heap      ] GC(12) ParNew: 74706K->4780K(76672K)
[2020-09-11T12:45:32.515+0000][1][gc,heap      ] GC(12) CMS: 12586K->14086K(439104K)
[2020-09-11T12:45:32.515+0000][1][gc,metaspace ] GC(12) Metaspace: 22585K->22585K(1071104K)
[2020-09-11T12:45:32.515+0000][1][gc           ] GC(12) Pause Young (Allocation Failure) 85M->18M(503M) 70.823ms
[2020-09-11T12:45:32.515+0000][1][gc,cpu       ] GC(12) User=0.02s Sys=0.00s Real=0.06s
[2020-09-11T12:45:32.515+0000][1][safepoint    ] Safepoint "GenCollectForAllocation", Time since last: 620260189 ns, Reaching safepoint: 105883 ns, At safepoint: 70896345 ns, Total: 71002228 ns
[2020-09-11T12:45:33.141+0000][1][gc,start     ] GC(13) Pause Young (Allocation Failure)
[2020-09-11T12:45:33.141+0000][1][gc,task      ] GC(13) Using 1 workers of 1 for evacuation
[2020-09-11T12:45:33.158+0000][1][gc,age       ] GC(13) Desired survivor size 4358144 bytes, new threshold 6 (max threshold 6)
[2020-09-11T12:45:33.159+0000][1][gc,age       ] GC(13) Age table with threshold 6 (max threshold 6)
[2020-09-11T12:45:33.159+0000][1][gc,age       ] GC(13) - age   1:     124680 bytes,     124680 total
[2020-09-11T12:45:33.159+0000][1][gc,age       ] GC(13) - age   2:     203304 bytes,     327984 total
[2020-09-11T12:45:33.159+0000][1][gc,age       ] GC(13) - age   3:     544072 bytes,     872056 total
[2020-09-11T12:45:33.159+0000][1][gc,age       ] GC(13) - age   4:     403128 bytes,    1275184 total
[2020-09-11T12:45:33.159+0000][1][gc,age       ] GC(13) - age   5:     146888 bytes,    1422072 total
[2020-09-11T12:45:33.159+0000][1][gc,age       ] GC(13) - age   6:     831272 bytes,    2253344 total
[2020-09-11T12:45:33.159+0000][1][gc,heap      ] GC(13) ParNew: 72940K->3582K(76672K)
[2020-09-11T12:45:33.159+0000][1][gc,heap      ] GC(13) CMS: 14086K->14526K(439104K)
[2020-09-11T12:45:33.159+0000][1][gc,metaspace ] GC(13) Metaspace: 22687K->22687K(1071104K)
[2020-09-11T12:45:33.159+0000][1][gc           ] GC(13) Pause Young (Allocation Failure) 84M->17M(503M) 17.295ms
[2020-09-11T12:45:33.159+0000][1][gc,cpu       ] GC(13) User=0.01s Sys=0.00s Real=0.02s
[2020-09-11T12:45:33.183+0000][1][safepoint    ] Safepoint "GenCollectForAllocation", Time since last: 626472071 ns, Reaching safepoint: 116703 ns, At safepoint: 42156824 ns, Total: 42273527 ns
[2020-09-11T12:45:33.860+0000][1][gc,start     ] GC(14) Pause Young (Allocation Failure)
[2020-09-11T12:45:33.860+0000][1][gc,task      ] GC(14) Using 1 workers of 1 for evacuation
[2020-09-11T12:45:33.908+0000][1][gc,age       ] GC(14) Desired survivor size 4358144 bytes, new threshold 6 (max threshold 6)
[2020-09-11T12:45:33.908+0000][1][gc,age       ] GC(14) Age table with threshold 6 (max threshold 6)
[2020-09-11T12:45:33.908+0000][1][gc,age       ] GC(14) - age   1:    1074496 bytes,    1074496 total
[2020-09-11T12:45:33.908+0000][1][gc,age       ] GC(14) - age   2:     106016 bytes,    1180512 total
[2020-09-11T12:45:33.908+0000][1][gc,age       ] GC(14) - age   3:     203304 bytes,    1383816 total
[2020-09-11T12:45:33.908+0000][1][gc,age       ] GC(14) - age   4:     544072 bytes,    1927888 total
[2020-09-11T12:45:33.908+0000][1][gc,age       ] GC(14) - age   5:     403128 bytes,    2331016 total
[2020-09-11T12:45:33.908+0000][1][gc,age       ] GC(14) - age   6:     146888 bytes,    2477904 total
[2020-09-11T12:45:33.908+0000][1][gc,heap      ] GC(14) ParNew: 71742K->2546K(76672K)
[2020-09-11T12:45:33.908+0000][1][gc,heap      ] GC(14) CMS: 14526K->15344K(439104K)
[2020-09-11T12:45:33.908+0000][1][gc,metaspace ] GC(14) Metaspace: 22768K->22768K(1071104K)
[2020-09-11T12:45:33.908+0000][1][gc           ] GC(14) Pause Young (Allocation Failure) 84M->17M(503M) 47.934ms
[2020-09-11T12:45:33.908+0000][1][gc,cpu       ] GC(14) User=0.01s Sys=0.00s Real=0.05s
[2020-09-11T12:45:33.908+0000][1][safepoint    ] Safepoint "GenCollectForAllocation", Time since last: 676245763 ns, Reaching safepoint: 105518 ns, At safepoint: 47995016 ns, Total: 48100534 ns
[2020-09-11T12:45:34.615+0000][1][gc,start     ] GC(15) Pause Young (Allocation Failure)
[2020-09-11T12:45:34.615+0000][1][gc,task      ] GC(15) Using 1 workers of 1 for evacuation
[2020-09-11T12:45:34.653+0000][1][gc,age       ] GC(15) Desired survivor size 4358144 bytes, new threshold 6 (max threshold 6)
[2020-09-11T12:45:34.653+0000][1][gc,age       ] GC(15) Age table with threshold 6 (max threshold 6)
[2020-09-11T12:45:34.653+0000][1][gc,age       ] GC(15) - age   1:     870952 bytes,     870952 total
[2020-09-11T12:45:34.653+0000][1][gc,age       ] GC(15) - age   2:     312064 bytes,    1183016 total
[2020-09-11T12:45:34.653+0000][1][gc,age       ] GC(15) - age   3:     106016 bytes,    1289032 total
[2020-09-11T12:45:34.653+0000][1][gc,age       ] GC(15) - age   4:     203304 bytes,    1492336 total
[2020-09-11T12:45:34.653+0000][1][gc,age       ] GC(15) - age   5:     544072 bytes,    2036408 total
[2020-09-11T12:45:34.653+0000][1][gc,age       ] GC(15) - age   6:     403128 bytes,    2439536 total
[2020-09-11T12:45:34.653+0000][1][gc,heap      ] GC(15) ParNew: 70706K->2451K(76672K)
[2020-09-11T12:45:34.653+0000][1][gc,heap      ] GC(15) CMS: 15344K->15492K(439104K)
[2020-09-11T12:45:34.653+0000][1][gc,metaspace ] GC(15) Metaspace: 22857K->22857K(1071104K)
[2020-09-11T12:45:34.653+0000][1][gc           ] GC(15) Pause Young (Allocation Failure) 84M->17M(503M) 38.819ms
[2020-09-11T12:45:34.653+0000][1][gc,cpu       ] GC(15) User=0.01s Sys=0.00s Real=0.04s
[2020-09-11T12:45:34.653+0000][1][safepoint    ] Safepoint "GenCollectForAllocation", Time since last: 706696112 ns, Reaching safepoint: 100605 ns, At safepoint: 38882895 ns, Total: 38983500 ns
[2020-09-11T12:45:35.224+0000][1][gc,start     ] GC(16) Pause Young (Allocation Failure)
[2020-09-11T12:45:35.224+0000][1][gc,task      ] GC(16) Using 1 workers of 1 for evacuation
[2020-09-11T12:45:35.265+0000][1][gc,age       ] GC(16) Desired survivor size 4358144 bytes, new threshold 6 (max threshold 6)
[2020-09-11T12:45:35.265+0000][1][gc,age       ] GC(16) Age table with threshold 6 (max threshold 6)
[2020-09-11T12:45:35.265+0000][1][gc,age       ] GC(16) - age   1:    2049344 bytes,    2049344 total
[2020-09-11T12:45:35.265+0000][1][gc,age       ] GC(16) - age   2:     188160 bytes,    2237504 total
[2020-09-11T12:45:35.265+0000][1][gc,age       ] GC(16) - age   3:     312064 bytes,    2549568 total
[2020-09-11T12:45:35.265+0000][1][gc,age       ] GC(16) - age   4:     106016 bytes,    2655584 total
[2020-09-11T12:45:35.265+0000][1][gc,age       ] GC(16) - age   5:     203152 bytes,    2858736 total
[2020-09-11T12:45:35.265+0000][1][gc,age       ] GC(16) - age   6:     544072 bytes,    3402808 total
[2020-09-11T12:45:35.265+0000][1][gc,heap      ] GC(16) ParNew: 70611K->4799K(76672K)
[2020-09-11T12:45:35.265+0000][1][gc,heap      ] GC(16) CMS: 15492K->15890K(439104K)
[2020-09-11T12:45:35.265+0000][1][gc,metaspace ] GC(16) Metaspace: 22872K->22872K(1071104K)
[2020-09-11T12:45:35.265+0000][1][gc           ] GC(16) Pause Young (Allocation Failure) 84M->20M(503M) 41.094ms
[2020-09-11T12:45:35.265+0000][1][gc,cpu       ] GC(16) User=0.01s Sys=0.00s Real=0.04s
[2020-09-11T12:45:35.295+0000][1][safepoint    ] Safepoint "GenCollectForAllocation", Time since last: 569969860 ns, Reaching safepoint: 111414 ns, At safepoint: 71888732 ns, Total: 72000146 ns
[2020-09-11T12:45:35.388+0000][1][safepoint    ] Safepoint "Deoptimize", Time since last: 91978955 ns, Reaching safepoint: 107907 ns, At safepoint: 221898 ns, Total: 329805 ns
[2020-09-11T12:45:36.396+0000][1][safepoint    ] Safepoint "Cleanup", Time since last: 1007662223 ns, Reaching safepoint: 129549 ns, At safepoint: 12202 ns, Total: 141751 ns
[2020-09-11T12:45:37.404+0000][1][safepoint    ] Safepoint "Cleanup", Time since last: 1007886534 ns, Reaching safepoint: 710575 ns, At safepoint: 8137 ns, Total: 718712 ns
[2020-09-11T12:45:38.408+0000][1][safepoint    ] Safepoint "Cleanup", Time since last: 1000116263 ns, Reaching safepoint: 3637566 ns, At safepoint: 8647 ns, Total: 3646213 ns
[2020-09-11T12:45:38.762+0000][1][safepoint    ] Safepoint "Deoptimize", Time since last: 353780100 ns, Reaching safepoint: 117313 ns, At safepoint: 238338 ns, Total: 355651 ns
[2020-09-11T12:45:39.762+0000][1][safepoint    ] Safepoint "Cleanup", Time since last: 1000131851 ns, Reaching safepoint: 241592 ns, At safepoint: 8117 ns, Total: 249709 ns
[2020-09-11T12:45:40.768+0000][1][safepoint    ] Safepoint "Cleanup", Time since last: 1005069756 ns, Reaching safepoint: 65870 ns, At safepoint: 8400 ns, Total: 74270 ns
[2020-09-11T12:45:41.776+0000][1][safepoint    ] Safepoint "Cleanup", Time since last: 1007357857 ns, Reaching safepoint: 618500 ns, At safepoint: 7039 ns, Total: 625539 ns
[2020-09-11T12:45:42.778+0000][1][safepoint    ] Safepoint "Cleanup", Time since last: 1000111945 ns, Reaching safepoint: 2161693 ns, At safepoint: 9134 ns, Total: 2170827 ns
[2020-09-11T12:45:43.162+0000][1][gc,start     ] GC(17) Pause Young (Allocation Failure)
[2020-09-11T12:45:43.162+0000][1][gc,task      ] GC(17) Using 1 workers of 1 for evacuation
[2020-09-11T12:45:43.267+0000][1][gc,age       ] GC(17) Desired survivor size 4358144 bytes, new threshold 1 (max threshold 6)
[2020-09-11T12:45:43.267+0000][1][gc,age       ] GC(17) Age table with threshold 1 (max threshold 6)
[2020-09-11T12:45:43.267+0000][1][gc,age       ] GC(17) - age   1:    7714912 bytes,    7714912 total
[2020-09-11T12:45:43.267+0000][1][gc,age       ] GC(17) - age   2:      72904 bytes,    7787816 total
[2020-09-11T12:45:43.267+0000][1][gc,age       ] GC(17) - age   3:     187664 bytes,    7975480 total
[2020-09-11T12:45:43.267+0000][1][gc,age       ] GC(17) - age   4:     309736 bytes,    8285216 total
[2020-09-11T12:45:43.267+0000][1][gc,age       ] GC(17) - age   5:     105704 bytes,    8390920 total
[2020-09-11T12:45:43.267+0000][1][gc,age       ] GC(17) - age   6:     203152 bytes,    8594072 total
[2020-09-11T12:45:43.267+0000][1][gc,heap      ] GC(17) ParNew: 72959K->8512K(76672K)
[2020-09-11T12:45:43.267+0000][1][gc,heap      ] GC(17) CMS: 15890K->16428K(439104K)
[2020-09-11T12:45:43.267+0000][1][gc,metaspace ] GC(17) Metaspace: 29617K->29617K(1077248K)
[2020-09-11T12:45:43.269+0000][1][gc           ] GC(17) Pause Young (Allocation Failure) 86M->24M(503M) 107.413ms
[2020-09-11T12:45:43.269+0000][1][gc,cpu       ] GC(17) User=0.03s Sys=0.00s Real=0.11s
[2020-09-11T12:45:43.286+0000][1][safepoint    ] Safepoint "GenCollectForAllocation", Time since last: 383851682 ns, Reaching safepoint: 104631 ns, At safepoint: 123709464 ns, Total: 123814095 ns
[2020-09-11T12:45:44.319+0000][1][safepoint    ] Safepoint "Cleanup", Time since last: 1033714681 ns, Reaching safepoint: 130035 ns, At safepoint: 7218 ns, Total: 137253 ns
[2020-09-11T12:45:45.351+0000][1][safepoint    ] Safepoint "Cleanup", Time since last: 1008044497 ns, Reaching safepoint: 24058692 ns, At safepoint: 17862 ns, Total: 24076554 ns
[2020-09-11T12:45:46.360+0000][1][safepoint    ] Safepoint "Cleanup", Time since last: 1007913508 ns, Reaching safepoint: 520328 ns, At safepoint: 6292 ns, Total: 526620 ns
[2020-09-11T12:45:48.368+0000][1][safepoint    ] Safepoint "Cleanup", Time since last: 2007572201 ns, Reaching safepoint: 114751 ns, At safepoint: 7078 ns, Total: 121829 ns
[2020-09-11T12:45:48.780+0000][1][gc,start     ] GC(18) Pause Young (Allocation Failure)
[2020-09-11T12:45:48.780+0000][1][gc,task      ] GC(18) Using 1 workers of 1 for evacuation
[2020-09-11T12:45:49.066+0000][1][gc,age       ] GC(18) Desired survivor size 4358144 bytes, new threshold 1 (max threshold 6)
[2020-09-11T12:45:49.066+0000][1][gc,age       ] GC(18) Age table with threshold 1 (max threshold 6)
[2020-09-11T12:45:49.066+0000][1][gc,age       ] GC(18) - age   1:    8715224 bytes,    8715224 total
[2020-09-11T12:45:49.066+0000][1][gc,heap      ] GC(18) ParNew: 76672K->8512K(76672K)
[2020-09-11T12:45:49.066+0000][1][gc,heap      ] GC(18) CMS: 16428K->25203K(439104K)
[2020-09-11T12:45:49.066+0000][1][gc,metaspace ] GC(18) Metaspace: 29812K->29812K(1077248K)
[2020-09-11T12:45:49.066+0000][1][gc           ] GC(18) Pause Young (Allocation Failure) 90M->32M(503M) 286.728ms
[2020-09-11T12:45:49.066+0000][1][gc,cpu       ] GC(18) User=0.07s Sys=0.00s Real=0.29s
[2020-09-11T12:45:49.096+0000][1][safepoint    ] Safepoint "GenCollectForAllocation", Time since last: 411793987 ns, Reaching safepoint: 100714 ns, At safepoint: 316408260 ns, Total: 316508974 ns
[2020-09-11T12:45:50.127+0000][1][safepoint    ] Safepoint "Cleanup", Time since last: 1027471770 ns, Reaching safepoint: 4035310 ns, At safepoint: 14037 ns, Total: 4049347 ns
[2020-09-11T12:45:53.960+0000][1][gc,start     ] GC(19) Pause Young (Allocation Failure)
[2020-09-11T12:45:53.960+0000][1][gc,task      ] GC(19) Using 1 workers of 1 for evacuation
[2020-09-11T12:45:54.124+0000][1][gc,age       ] GC(19) Desired survivor size 4358144 bytes, new threshold 1 (max threshold 6)
[2020-09-11T12:45:54.124+0000][1][gc,age       ] GC(19) Age table with threshold 1 (max threshold 6)
[2020-09-11T12:45:54.124+0000][1][gc,age       ] GC(19) - age   1:    8716240 bytes,    8716240 total
[2020-09-11T12:45:54.124+0000][1][gc,heap      ] GC(19) ParNew: 76672K->8512K(76672K)
[2020-09-11T12:45:54.124+0000][1][gc,heap      ] GC(19) CMS: 25203K->33597K(439104K)
[2020-09-11T12:45:54.124+0000][1][gc,metaspace ] GC(19) Metaspace: 29836K->29836K(1077248K)
[2020-09-11T12:45:54.124+0000][1][gc           ] GC(19) Pause Young (Allocation Failure) 99M->41M(503M) 163.426ms
[2020-09-11T12:45:54.124+0000][1][gc,cpu       ] GC(19) User=0.04s Sys=0.00s Real=0.17s
[2020-09-11T12:45:54.136+0000][1][safepoint    ] Safepoint "GenCollectForAllocation", Time since last: 3832850198 ns, Reaching safepoint: 100053 ns, At safepoint: 175110494 ns, Total: 175210547 ns
[2020-09-11T12:45:55.152+0000][1][safepoint    ] Safepoint "Cleanup", Time since last: 1016004022 ns, Reaching safepoint: 102177 ns, At safepoint: 5376 ns, Total: 107553 ns
[2020-09-11T12:45:56.152+0000][1][safepoint    ] Safepoint "Cleanup", Time since last: 1000102897 ns, Reaching safepoint: 53749 ns, At safepoint: 5750 ns, Total: 59499 ns
[2020-09-11T12:45:56.187+0000][1][safepoint    ] Safepoint "RevokeBias", Time since last: 33746520 ns, Reaching safepoint: 1902583 ns, At safepoint: 47878 ns, Total: 1950461 ns
[2020-09-11T12:45:57.196+0000][1][safepoint    ] Safepoint "Cleanup", Time since last: 1007943969 ns, Reaching safepoint: 274351 ns, At safepoint: 6604 ns, Total: 280955 ns
[2020-09-11T12:45:58.196+0000][1][safepoint    ] Safepoint "Cleanup", Time since last: 1000113871 ns, Reaching safepoint: 450351 ns, At safepoint: 6451 ns, Total: 456802 ns
[2020-09-11T12:45:58.340+0000][1][gc,start     ] GC(20) Pause Young (Allocation Failure)
[2020-09-11T12:45:58.340+0000][1][gc,task      ] GC(20) Using 1 workers of 1 for evacuation
[2020-09-11T12:45:58.474+0000][1][gc,age       ] GC(20) Desired survivor size 4358144 bytes, new threshold 6 (max threshold 6)
[2020-09-11T12:45:58.474+0000][1][gc,age       ] GC(20) Age table with threshold 6 (max threshold 6)
[2020-09-11T12:45:58.474+0000][1][gc,age       ] GC(20) - age   1:    3712280 bytes,    3712280 total
[2020-09-11T12:45:58.474+0000][1][gc,heap      ] GC(20) ParNew: 76672K->8421K(76672K)
[2020-09-11T12:45:58.474+0000][1][gc,heap      ] GC(20) CMS: 33597K->42002K(439104K)
[2020-09-11T12:45:58.474+0000][1][gc,metaspace ] GC(20) Metaspace: 32039K->32039K(1079296K)
[2020-09-11T12:45:58.474+0000][1][gc           ] GC(20) Pause Young (Allocation Failure) 107M->49M(503M) 134.191ms
[2020-09-11T12:45:58.474+0000][1][gc,cpu       ] GC(20) User=0.04s Sys=0.00s Real=0.13s
[2020-09-11T12:45:58.499+0000][1][safepoint    ] Safepoint "GenCollectForAllocation", Time since last: 143152552 ns, Reaching safepoint: 97550 ns, At safepoint: 159938513 ns, Total: 160036063 ns
[2020-09-11T12:45:59.075+0000][1][safepoint    ] Safepoint "Deoptimize", Time since last: 551085196 ns, Reaching safepoint: 86522 ns, At safepoint: 24782240 ns, Total: 24868762 ns
[2020-09-11T12:46:00.076+0000][1][safepoint    ] Safepoint "Cleanup", Time since last: 1000711249 ns, Reaching safepoint: 129572 ns, At safepoint: 6858 ns, Total: 136430 ns
[2020-09-11T12:46:01.078+0000][1][safepoint    ] Safepoint "Cleanup", Time since last: 1001446699 ns, Reaching safepoint: 119039 ns, At safepoint: 6531 ns, Total: 125570 ns
[2020-09-11T12:46:02.084+0000][1][safepoint    ] Safepoint "Cleanup", Time since last: 1005499923 ns, Reaching safepoint: 898281 ns, At safepoint: 6607 ns, Total: 904888 ns
[2020-09-11T12:46:03.092+0000][1][safepoint    ] Safepoint "Cleanup", Time since last: 1007161117 ns, Reaching safepoint: 309396 ns, At safepoint: 7780 ns, Total: 317176 ns
[2020-09-11T12:46:03.367+0000][1][safepoint    ] Safepoint "RevokeBias", Time since last: 273225077 ns, Reaching safepoint: 2502259 ns, At safepoint: 28055 ns, Total: 2530314 ns
[2020-09-11T12:46:03.376+0000][1][safepoint    ] Safepoint "Deoptimize", Time since last: 2628646 ns, Reaching safepoint: 5346374 ns, At safepoint: 273614 ns, Total: 5619988 ns
[2020-09-11T12:46:04.382+0000][1][safepoint    ] Safepoint "Cleanup", Time since last: 1005763722 ns, Reaching safepoint: 116743 ns, At safepoint: 5379 ns, Total: 122122 ns
[2020-09-11T12:46:04.388+0000][1][gc,start     ] GC(21) Pause Young (Allocation Failure)
[2020-09-11T12:46:04.388+0000][1][gc,task      ] GC(21) Using 1 workers of 1 for evacuation
[2020-09-11T12:46:04.455+0000][1][gc,age       ] GC(21) Desired survivor size 4358144 bytes, new threshold 2 (max threshold 6)
[2020-09-11T12:46:04.455+0000][1][gc,age       ] GC(21) Age table with threshold 2 (max threshold 6)
[2020-09-11T12:46:04.455+0000][1][gc,age       ] GC(21) - age   1:     986736 bytes,     986736 total
[2020-09-11T12:46:04.455+0000][1][gc,age       ] GC(21) - age   2:    3618976 bytes,    4605712 total
[2020-09-11T12:46:04.455+0000][1][gc,heap      ] GC(21) ParNew: 76581K->6929K(76672K)
[2020-09-11T12:46:04.467+0000][1][gc,heap      ] GC(21) CMS: 42002K->42002K(439104K)
[2020-09-11T12:46:04.467+0000][1][gc,metaspace ] GC(21) Metaspace: 32351K->32351K(1079296K)
[2020-09-11T12:46:04.467+0000][1][gc           ] GC(21) Pause Young (Allocation Failure) 115M->47M(503M) 79.387ms
[2020-09-11T12:46:04.468+0000][1][gc,cpu       ] GC(21) User=0.02s Sys=0.00s Real=0.08s
[2020-09-11T12:46:04.468+0000][1][safepoint    ] Safepoint "GenCollectForAllocation", Time since last: 6397729 ns, Reaching safepoint: 87443 ns, At safepoint: 79486633 ns, Total: 79574076 ns
[2020-09-11T12:46:05.487+0000][1][gc,start     ] GC(22) Pause Young (Allocation Failure)
[2020-09-11T12:46:05.487+0000][1][gc,task      ] GC(22) Using 1 workers of 1 for evacuation
[2020-09-11T12:46:05.523+0000][1][gc,age       ] GC(22) Desired survivor size 4358144 bytes, new threshold 6 (max threshold 6)
[2020-09-11T12:46:05.523+0000][1][gc,age       ] GC(22) Age table with threshold 6 (max threshold 6)
[2020-09-11T12:46:05.523+0000][1][gc,age       ] GC(22) - age   1:     249648 bytes,     249648 total
[2020-09-11T12:46:05.523+0000][1][gc,age       ] GC(22) - age   2:     437808 bytes,     687456 total
[2020-09-11T12:46:05.523+0000][1][gc,heap      ] GC(22) ParNew: 75089K->4239K(76672K)
[2020-09-11T12:46:05.523+0000][1][gc,heap      ] GC(22) CMS: 42002K->45554K(439104K)
[2020-09-11T12:46:05.523+0000][1][gc,metaspace ] GC(22) Metaspace: 32358K->32358K(1079296K)
[2020-09-11T12:46:05.523+0000][1][gc           ] GC(22) Pause Young (Allocation Failure) 114M->48M(503M) 35.355ms
[2020-09-11T12:46:05.523+0000][1][gc,cpu       ] GC(22) User=0.01s Sys=0.00s Real=0.03s
[2020-09-11T12:46:05.551+0000][1][safepoint    ] Safepoint "GenCollectForAllocation", Time since last: 1019477364 ns, Reaching safepoint: 312348 ns, At safepoint: 63645534 ns, Total: 63957882 ns
[2020-09-11T12:46:06.048+0000][1][gc,start     ] GC(23) Pause Young (Allocation Failure)
[2020-09-11T12:46:06.048+0000][1][gc,task      ] GC(23) Using 1 workers of 1 for evacuation
[2020-09-11T12:46:06.050+0000][1][gc,age       ] GC(23) Desired survivor size 4358144 bytes, new threshold 6 (max threshold 6)
[2020-09-11T12:46:06.050+0000][1][gc,age       ] GC(23) Age table with threshold 6 (max threshold 6)
[2020-09-11T12:46:06.050+0000][1][gc,age       ] GC(23) - age   1:         72 bytes,         72 total
[2020-09-11T12:46:06.050+0000][1][gc,age       ] GC(23) - age   2:     249432 bytes,     249504 total
[2020-09-11T12:46:06.050+0000][1][gc,age       ] GC(23) - age   3:     437808 bytes,     687312 total
[2020-09-11T12:46:06.050+0000][1][gc,heap      ] GC(23) ParNew: 72399K->1185K(76672K)
[2020-09-11T12:46:06.050+0000][1][gc,heap      ] GC(23) CMS: 45554K->45554K(439104K)
[2020-09-11T12:46:06.050+0000][1][gc,metaspace ] GC(23) Metaspace: 32359K->32359K(1079296K)
[2020-09-11T12:46:06.050+0000][1][gc           ] GC(23) Pause Young (Allocation Failure) 115M->45M(503M) 2.902ms
[2020-09-11T12:46:06.050+0000][1][gc,cpu       ] GC(23) User=0.00s Sys=0.00s Real=0.00s
[2020-09-11T12:46:06.051+0000][1][safepoint    ] Safepoint "GenCollectForAllocation", Time since last: 496397418 ns, Reaching safepoint: 110216 ns, At safepoint: 2991351 ns, Total: 3101567 ns
[2020-09-11T12:46:06.560+0000][1][gc,start     ] GC(24) Pause Young (Allocation Failure)
[2020-09-11T12:46:06.560+0000][1][gc,task      ] GC(24) Using 1 workers of 1 for evacuation
[2020-09-11T12:46:06.562+0000][1][gc,age       ] GC(24) Desired survivor size 4358144 bytes, new threshold 6 (max threshold 6)
[2020-09-11T12:46:06.562+0000][1][gc,age       ] GC(24) Age table with threshold 6 (max threshold 6)
[2020-09-11T12:46:06.562+0000][1][gc,age       ] GC(24) - age   1:        216 bytes,        216 total
[2020-09-11T12:46:06.562+0000][1][gc,age       ] GC(24) - age   3:     249432 bytes,     249648 total
[2020-09-11T12:46:06.562+0000][1][gc,age       ] GC(24) - age   4:     437808 bytes,     687456 total
[2020-09-11T12:46:06.562+0000][1][gc,heap      ] GC(24) ParNew: 69345K->1096K(76672K)
[2020-09-11T12:46:06.562+0000][1][gc,heap      ] GC(24) CMS: 45554K->45554K(439104K)
[2020-09-11T12:46:06.562+0000][1][gc,metaspace ] GC(24) Metaspace: 32367K->32367K(1079296K)
[2020-09-11T12:46:06.562+0000][1][gc           ] GC(24) Pause Young (Allocation Failure) 112M->45M(503M) 2.866ms
[2020-09-11T12:46:06.562+0000][1][gc,cpu       ] GC(24) User=0.00s Sys=0.00s Real=0.00s
[2020-09-11T12:46:06.575+0000][1][safepoint    ] Safepoint "GenCollectForAllocation", Time since last: 508902151 ns, Reaching safepoint: 104358 ns, At safepoint: 15900865 ns, Total: 16005223 ns
[2020-09-11T12:46:07.004+0000][1][gc,start     ] GC(25) Pause Young (Allocation Failure)
[2020-09-11T12:46:07.004+0000][1][gc,task      ] GC(25) Using 1 workers of 1 for evacuation
[2020-09-11T12:46:07.006+0000][1][gc,age       ] GC(25) Desired survivor size 4358144 bytes, new threshold 6 (max threshold 6)
[2020-09-11T12:46:07.006+0000][1][gc,age       ] GC(25) Age table with threshold 6 (max threshold 6)
[2020-09-11T12:46:07.006+0000][1][gc,age       ] GC(25) - age   1:        160 bytes,        160 total
[2020-09-11T12:46:07.006+0000][1][gc,age       ] GC(25) - age   4:     249432 bytes,     249592 total
[2020-09-11T12:46:07.006+0000][1][gc,age       ] GC(25) - age   5:     437808 bytes,     687400 total
[2020-09-11T12:46:07.006+0000][1][gc,heap      ] GC(25) ParNew: 69256K->1281K(76672K)
[2020-09-11T12:46:07.006+0000][1][gc,heap      ] GC(25) CMS: 45554K->45554K(439104K)
[2020-09-11T12:46:07.006+0000][1][gc,metaspace ] GC(25) Metaspace: 32367K->32367K(1079296K)
[2020-09-11T12:46:07.006+0000][1][gc           ] GC(25) Pause Young (Allocation Failure) 112M->45M(503M) 2.897ms
[2020-09-11T12:46:07.006+0000][1][gc,cpu       ] GC(25) User=0.00s Sys=0.00s Real=0.00s
[2020-09-11T12:46:07.011+0000][1][safepoint    ] Safepoint "GenCollectForAllocation", Time since last: 428000987 ns, Reaching safepoint: 104601 ns, At safepoint: 7893352 ns, Total: 7997953 ns
[2020-09-11T12:46:07.416+0000][1][gc,start     ] GC(26) Pause Young (Allocation Failure)
[2020-09-11T12:46:07.416+0000][1][gc,task      ] GC(26) Using 1 workers of 1 for evacuation
[2020-09-11T12:46:07.418+0000][1][gc,age       ] GC(26) Desired survivor size 4358144 bytes, new threshold 6 (max threshold 6)
[2020-09-11T12:46:07.418+0000][1][gc,age       ] GC(26) Age table with threshold 6 (max threshold 6)
[2020-09-11T12:46:07.418+0000][1][gc,age       ] GC(26) - age   1:        200 bytes,        200 total
[2020-09-11T12:46:07.418+0000][1][gc,age       ] GC(26) - age   5:     249432 bytes,     249632 total
[2020-09-11T12:46:07.418+0000][1][gc,age       ] GC(26) - age   6:     437808 bytes,     687440 total
[2020-09-11T12:46:07.418+0000][1][gc,heap      ] GC(26) ParNew: 69441K->823K(76672K)
[2020-09-11T12:46:07.418+0000][1][gc,heap      ] GC(26) CMS: 45554K->45554K(439104K)
[2020-09-11T12:46:07.418+0000][1][gc,metaspace ] GC(26) Metaspace: 32367K->32367K(1079296K)
[2020-09-11T12:46:07.418+0000][1][gc           ] GC(26) Pause Young (Allocation Failure) 112M->45M(503M) 2.931ms
[2020-09-11T12:46:07.418+0000][1][gc,cpu       ] GC(26) User=0.00s Sys=0.00s Real=0.00s
[2020-09-11T12:46:07.439+0000][1][safepoint    ] Safepoint "GenCollectForAllocation", Time since last: 404010871 ns, Reaching safepoint: 103257 ns, At safepoint: 23881109 ns, Total: 23984366 ns
[2020-09-11T12:46:07.832+0000][1][gc,start     ] GC(27) Pause Young (Allocation Failure)
[2020-09-11T12:46:07.832+0000][1][gc,task      ] GC(27) Using 1 workers of 1 for evacuation
[2020-09-11T12:46:07.835+0000][1][gc,age       ] GC(27) Desired survivor size 4358144 bytes, new threshold 6 (max threshold 6)
[2020-09-11T12:46:07.835+0000][1][gc,age       ] GC(27) Age table with threshold 6 (max threshold 6)
[2020-09-11T12:46:07.835+0000][1][gc,age       ] GC(27) - age   1:        224 bytes,        224 total
[2020-09-11T12:46:07.835+0000][1][gc,age       ] GC(27) - age   6:     249432 bytes,     249656 total
[2020-09-11T12:46:07.835+0000][1][gc,heap      ] GC(27) ParNew: 68983K->606K(76672K)
[2020-09-11T12:46:07.835+0000][1][gc,heap      ] GC(27) CMS: 45554K->45982K(439104K)
[2020-09-11T12:46:07.835+0000][1][gc,metaspace ] GC(27) Metaspace: 32367K->32367K(1079296K)
[2020-09-11T12:46:07.835+0000][1][gc           ] GC(27) Pause Young (Allocation Failure) 111M->45M(503M) 2.887ms
[2020-09-11T12:46:07.835+0000][1][gc,cpu       ] GC(27) User=0.00s Sys=0.00s Real=0.00s
[2020-09-11T12:46:07.847+0000][1][safepoint    ] Safepoint "GenCollectForAllocation", Time since last: 392320592 ns, Reaching safepoint: 101760 ns, At safepoint: 15598200 ns, Total: 15699960 ns
[2020-09-11T12:46:08.247+0000][1][gc,start     ] GC(28) Pause Young (Allocation Failure)
[2020-09-11T12:46:08.247+0000][1][gc,task      ] GC(28) Using 1 workers of 1 for evacuation
[2020-09-11T12:46:08.261+0000][1][gc,age       ] GC(28) Desired survivor size 4358144 bytes, new threshold 6 (max threshold 6)
[2020-09-11T12:46:08.261+0000][1][gc,age       ] GC(28) Age table with threshold 6 (max threshold 6)
[2020-09-11T12:46:08.261+0000][1][gc,age       ] GC(28) - age   1:        320 bytes,        320 total
[2020-09-11T12:46:08.261+0000][1][gc,heap      ] GC(28) ParNew: 68766K->243K(76672K)
[2020-09-11T12:46:08.261+0000][1][gc,heap      ] GC(28) CMS: 45982K->46225K(439104K)
[2020-09-11T12:46:08.261+0000][1][gc,metaspace ] GC(28) Metaspace: 32367K->32367K(1079296K)
[2020-09-11T12:46:08.261+0000][1][gc           ] GC(28) Pause Young (Allocation Failure) 112M->45M(503M) 14.130ms
[2020-09-11T12:46:08.261+0000][1][gc,cpu       ] GC(28) User=0.01s Sys=0.00s Real=0.01s
[2020-09-11T12:46:08.275+0000][1][safepoint    ] Safepoint "GenCollectForAllocation", Time since last: 399375393 ns, Reaching safepoint: 104444 ns, At safepoint: 28501074 ns, Total: 28605518 ns
[2020-09-11T12:46:08.607+0000][1][gc,start     ] GC(29) Pause Young (Allocation Failure)
[2020-09-11T12:46:08.608+0000][1][gc,task      ] GC(29) Using 1 workers of 1 for evacuation
[2020-09-11T12:46:08.612+0000][1][gc,age       ] GC(29) Desired survivor size 4358144 bytes, new threshold 6 (max threshold 6)
[2020-09-11T12:46:08.612+0000][1][gc,age       ] GC(29) Age table with threshold 6 (max threshold 6)
[2020-09-11T12:46:08.612+0000][1][gc,age       ] GC(29) - age   1:        224 bytes,        224 total
[2020-09-11T12:46:08.612+0000][1][gc,age       ] GC(29) - age   2:         72 bytes,        296 total
[2020-09-11T12:46:08.612+0000][1][gc,heap      ] GC(29) ParNew: 68403K->60K(76672K)
[2020-09-11T12:46:08.612+0000][1][gc,heap      ] GC(29) CMS: 46225K->46225K(439104K)
[2020-09-11T12:46:08.612+0000][1][gc,metaspace ] GC(29) Metaspace: 32367K->32367K(1079296K)
[2020-09-11T12:46:08.612+0000][1][gc           ] GC(29) Pause Young (Allocation Failure) 111M->45M(503M) 4.411ms
[2020-09-11T12:46:08.612+0000][1][gc,cpu       ] GC(29) User=0.00s Sys=0.00s Real=0.00s
[2020-09-11T12:46:08.612+0000][1][safepoint    ] Safepoint "GenCollectForAllocation", Time since last: 328906904 ns, Reaching safepoint: 3112356 ns, At safepoint: 4475121 ns, Total: 7587477 ns
[2020-09-11T12:46:08.822+0000][1][gc,start     ] GC(30) Pause Young (Allocation Failure)
[2020-09-11T12:46:08.822+0000][1][gc,task      ] GC(30) Using 1 workers of 1 for evacuation
[2020-09-11T12:46:08.832+0000][1][gc,age       ] GC(30) Desired survivor size 4358144 bytes, new threshold 6 (max threshold 6)
[2020-09-11T12:46:08.832+0000][1][gc,age       ] GC(30) Age table with threshold 6 (max threshold 6)
[2020-09-11T12:46:08.832+0000][1][gc,age       ] GC(30) - age   1:         24 bytes,         24 total
[2020-09-11T12:46:08.832+0000][1][gc,age       ] GC(30) - age   3:         72 bytes,         96 total
[2020-09-11T12:46:08.832+0000][1][gc,heap      ] GC(30) ParNew: 68220K->15K(76672K)
[2020-09-11T12:46:08.832+0000][1][gc,heap      ] GC(30) CMS: 46225K->46225K(439104K)
[2020-09-11T12:46:08.832+0000][1][gc,metaspace ] GC(30) Metaspace: 32367K->32367K(1079296K)
[2020-09-11T12:46:08.832+0000][1][gc           ] GC(30) Pause Young (Allocation Failure) 111M->45M(503M) 10.745ms
[2020-09-11T12:46:08.832+0000][1][gc,cpu       ] GC(30) User=0.00s Sys=0.00s Real=0.01s
[2020-09-11T12:46:08.832+0000][1][safepoint    ] Safepoint "GenCollectForAllocation", Time since last: 207529319 ns, Reaching safepoint: 2079820 ns, At safepoint: 10808862 ns, Total: 12888682 ns
[2020-09-11T12:46:09.044+0000][1][gc,start     ] GC(31) Pause Young (Allocation Failure)
[2020-09-11T12:46:09.044+0000][1][gc,task      ] GC(31) Using 1 workers of 1 for evacuation
[2020-09-11T12:46:09.046+0000][1][gc,age       ] GC(31) Desired survivor size 4358144 bytes, new threshold 6 (max threshold 6)
[2020-09-11T12:46:09.046+0000][1][gc,age       ] GC(31) Age table with threshold 6 (max threshold 6)
[2020-09-11T12:46:09.046+0000][1][gc,age       ] GC(31) - age   1:        224 bytes,        224 total
[2020-09-11T12:46:09.046+0000][1][gc,age       ] GC(31) - age   4:         72 bytes,        296 total
[2020-09-11T12:46:09.046+0000][1][gc,heap      ] GC(31) ParNew: 68175K->3K(76672K)
[2020-09-11T12:46:09.046+0000][1][gc,heap      ] GC(31) CMS: 46225K->46225K(439104K)
[2020-09-11T12:46:09.046+0000][1][gc,metaspace ] GC(31) Metaspace: 32367K->32367K(1079296K)
[2020-09-11T12:46:09.046+0000][1][gc           ] GC(31) Pause Young (Allocation Failure) 111M->45M(503M) 2.443ms
[2020-09-11T12:46:09.046+0000][1][gc,cpu       ] GC(31) User=0.00s Sys=0.00s Real=0.00s
[2020-09-11T12:46:09.051+0000][1][safepoint    ] Safepoint "GenCollectForAllocation", Time since last: 211095026 ns, Reaching safepoint: 111653 ns, At safepoint: 7898457 ns, Total: 8010110 ns
[2020-09-11T12:46:09.269+0000][1][gc,start     ] GC(32) Pause Young (Allocation Failure)
[2020-09-11T12:46:09.269+0000][1][gc,task      ] GC(32) Using 1 workers of 1 for evacuation
[2020-09-11T12:46:09.280+0000][1][gc,age       ] GC(32) Desired survivor size 4358144 bytes, new threshold 6 (max threshold 6)
[2020-09-11T12:46:09.280+0000][1][gc,age       ] GC(32) Age table with threshold 6 (max threshold 6)
[2020-09-11T12:46:09.280+0000][1][gc,age       ] GC(32) - age   1:        200 bytes,        200 total
[2020-09-11T12:46:09.280+0000][1][gc,age       ] GC(32) - age   5:         72 bytes,        272 total
[2020-09-11T12:46:09.280+0000][1][gc,heap      ] GC(32) ParNew: 68163K->2K(76672K)
[2020-09-11T12:46:09.280+0000][1][gc,heap      ] GC(32) CMS: 46225K->46225K(439104K)
[2020-09-11T12:46:09.280+0000][1][gc,metaspace ] GC(32) Metaspace: 32367K->32367K(1079296K)
[2020-09-11T12:46:09.280+0000][1][gc           ] GC(32) Pause Young (Allocation Failure) 111M->45M(503M) 10.524ms
[2020-09-11T12:46:09.280+0000][1][gc,cpu       ] GC(32) User=0.01s Sys=0.00s Real=0.01s
[2020-09-11T12:46:09.280+0000][1][safepoint    ] Safepoint "GenCollectForAllocation", Time since last: 215988663 ns, Reaching safepoint: 1733611 ns, At safepoint: 10594737 ns, Total: 12328348 ns
[2020-09-11T12:46:09.482+0000][1][gc,start     ] GC(33) Pause Young (Allocation Failure)
[2020-09-11T12:46:09.482+0000][1][gc,task      ] GC(33) Using 1 workers of 1 for evacuation
[2020-09-11T12:46:09.493+0000][1][gc,age       ] GC(33) Desired survivor size 4358144 bytes, new threshold 6 (max threshold 6)
[2020-09-11T12:46:09.493+0000][1][gc,age       ] GC(33) Age table with threshold 6 (max threshold 6)
[2020-09-11T12:46:09.493+0000][1][gc,age       ] GC(33) - age   1:        208 bytes,        208 total
[2020-09-11T12:46:09.493+0000][1][gc,age       ] GC(33) - age   6:         72 bytes,        280 total
[2020-09-11T12:46:09.493+0000][1][gc,heap      ] GC(33) ParNew: 68162K->2K(76672K)
[2020-09-11T12:46:09.493+0000][1][gc,heap      ] GC(33) CMS: 46225K->46225K(439104K)
[2020-09-11T12:46:09.493+0000][1][gc,metaspace ] GC(33) Metaspace: 32367K->32367K(1079296K)
[2020-09-11T12:46:09.493+0000][1][gc           ] GC(33) Pause Young (Allocation Failure) 111M->45M(503M) 10.692ms
[2020-09-11T12:46:09.493+0000][1][gc,cpu       ] GC(33) User=0.00s Sys=0.00s Real=0.01s
[2020-09-11T12:46:09.493+0000][1][safepoint    ] Safepoint "GenCollectForAllocation", Time since last: 202183471 ns, Reaching safepoint: 110993 ns, At safepoint: 10754624 ns, Total: 10865617 ns
[2020-09-11T12:46:10.504+0000][1][safepoint    ] Safepoint "Cleanup", Time since last: 1010674334 ns, Reaching safepoint: 194691 ns, At safepoint: 7707 ns, Total: 202398 ns
[2020-09-11T12:46:11.504+0000][1][safepoint    ] Safepoint "Cleanup", Time since last: 1000117114 ns, Reaching safepoint: 104792 ns, At safepoint: 5687 ns, Total: 110479 ns
[2020-09-11T12:46:12.432+0000][1][safepoint    ] Safepoint "RevokeBias", Time since last: 923588864 ns, Reaching safepoint: 3941904 ns, At safepoint: 73805 ns, Total: 4015709 ns
[2020-09-11T12:46:12.448+0000][1][safepoint    ] Safepoint "RevokeBias", Time since last: 15932568 ns, Reaching safepoint: 109376 ns, At safepoint: 66940 ns, Total: 176316 ns
[2020-09-11T12:46:12.448+0000][1][safepoint    ] Safepoint "RevokeBias", Time since last: 86082 ns, Reaching safepoint: 92714 ns, At safepoint: 52605 ns, Total: 145319 ns
[2020-09-11T12:46:12.448+0000][1][safepoint    ] Safepoint "RevokeBias", Time since last: 43687 ns, Reaching safepoint: 87907 ns, At safepoint: 49349 ns, Total: 137256 ns
[2020-09-11T12:46:12.448+0000][1][safepoint    ] Safepoint "RevokeBias", Time since last: 40251 ns, Reaching safepoint: 85816 ns, At safepoint: 45424 ns, Total: 131240 ns
[2020-09-11T12:46:12.449+0000][1][safepoint    ] Safepoint "RevokeBias", Time since last: 227829 ns, Reaching safepoint: 84670 ns, At safepoint: 46577 ns, Total: 131247 ns
[2020-09-11T12:46:13.449+0000][1][safepoint    ] Safepoint "Cleanup", Time since last: 1000081991 ns, Reaching safepoint: 114030 ns, At safepoint: 7461 ns, Total: 121491 ns
[2020-09-11T12:46:14.316+0000][1][gc,start     ] GC(34) Pause Young (Allocation Failure)
[2020-09-11T12:46:14.316+0000][1][gc,task      ] GC(34) Using 1 workers of 1 for evacuation
[2020-09-11T12:46:14.318+0000][1][gc,age       ] GC(34) Desired survivor size 4358144 bytes, new threshold 6 (max threshold 6)
[2020-09-11T12:46:14.318+0000][1][gc,age       ] GC(34) Age table with threshold 6 (max threshold 6)
[2020-09-11T12:46:14.318+0000][1][gc,age       ] GC(34) - age   1:     276864 bytes,     276864 total
[2020-09-11T12:46:14.318+0000][1][gc,heap      ] GC(34) ParNew: 68162K->272K(76672K)
[2020-09-11T12:46:14.318+0000][1][gc,heap      ] GC(34) CMS: 46225K->46226K(439104K)
[2020-09-11T12:46:14.318+0000][1][gc,metaspace ] GC(34) Metaspace: 32389K->32389K(1079296K)
[2020-09-11T12:46:14.318+0000][1][gc           ] GC(34) Pause Young (Allocation Failure) 111M->45M(503M) 2.709ms
[2020-09-11T12:46:14.318+0000][1][gc,cpu       ] GC(34) User=0.01s Sys=0.00s Real=0.00s
[2020-09-11T12:46:14.326+0000][1][safepoint    ] Safepoint "GenCollectForAllocation", Time since last: 866669003 ns, Reaching safepoint: 113264 ns, At safepoint: 9951184 ns, Total: 10064448 ns
[2020-09-11T12:46:16.111+0000][1][gc,start     ] GC(35) Pause Young (Allocation Failure)
[2020-09-11T12:46:16.112+0000][1][gc,task      ] GC(35) Using 1 workers of 1 for evacuation
[2020-09-11T12:46:16.114+0000][1][gc,age       ] GC(35) Desired survivor size 4358144 bytes, new threshold 6 (max threshold 6)
[2020-09-11T12:46:16.114+0000][1][gc,age       ] GC(35) Age table with threshold 6 (max threshold 6)
[2020-09-11T12:46:16.114+0000][1][gc,age       ] GC(35) - age   1:     511976 bytes,     511976 total
[2020-09-11T12:46:16.114+0000][1][gc,age       ] GC(35) - age   2:     183664 bytes,     695640 total
[2020-09-11T12:46:16.114+0000][1][gc,heap      ] GC(35) ParNew: 68432K->683K(76672K)
[2020-09-11T12:46:16.114+0000][1][gc,heap      ] GC(35) CMS: 46226K->46226K(439104K)
[2020-09-11T12:46:16.114+0000][1][gc,metaspace ] GC(35) Metaspace: 32389K->32389K(1079296K)
[2020-09-11T12:46:16.114+0000][1][gc           ] GC(35) Pause Young (Allocation Failure) 111M->45M(503M) 2.763ms
[2020-09-11T12:46:16.114+0000][1][gc,cpu       ] GC(35) User=0.00s Sys=0.00s Real=0.00s
[2020-09-11T12:46:16.123+0000][1][safepoint    ] Safepoint "GenCollectForAllocation", Time since last: 1783149848 ns, Reaching safepoint: 2783801 ns, At safepoint: 12040406 ns, Total: 14824207 ns
[2020-09-11T12:46:17.329+0000][1][gc,start     ] GC(36) Pause Young (Allocation Failure)
[2020-09-11T12:46:17.329+0000][1][gc,task      ] GC(36) Using 1 workers of 1 for evacuation
[2020-09-11T12:46:17.342+0000][1][gc,age       ] GC(36) Desired survivor size 4358144 bytes, new threshold 6 (max threshold 6)
[2020-09-11T12:46:17.342+0000][1][gc,age       ] GC(36) Age table with threshold 6 (max threshold 6)
[2020-09-11T12:46:17.342+0000][1][gc,age       ] GC(36) - age   1:     642664 bytes,     642664 total
[2020-09-11T12:46:17.342+0000][1][gc,age       ] GC(36) - age   2:     339856 bytes,     982520 total
[2020-09-11T12:46:17.342+0000][1][gc,age       ] GC(36) - age   3:     183024 bytes,    1165544 total
[2020-09-11T12:46:17.342+0000][1][gc,heap      ] GC(36) ParNew: 68843K->1149K(76672K)
[2020-09-11T12:46:17.342+0000][1][gc,heap      ] GC(36) CMS: 46226K->46226K(439104K)
[2020-09-11T12:46:17.342+0000][1][gc,metaspace ] GC(36) Metaspace: 32390K->32390K(1079296K)
[2020-09-11T12:46:17.342+0000][1][gc           ] GC(36) Pause Young (Allocation Failure) 112M->46M(503M) 13.167ms
[2020-09-11T12:46:17.342+0000][1][gc,cpu       ] GC(36) User=0.00s Sys=0.00s Real=0.01s
[2020-09-11T12:46:17.342+0000][1][safepoint    ] Safepoint "GenCollectForAllocation", Time since last: 1205160370 ns, Reaching safepoint: 96423 ns, At safepoint: 13236825 ns, Total: 13333248 ns
[2020-09-11T12:46:18.725+0000][1][gc,start     ] GC(37) Pause Young (Allocation Failure)
[2020-09-11T12:46:18.725+0000][1][gc,task      ] GC(37) Using 1 workers of 1 for evacuation
[2020-09-11T12:46:18.739+0000][1][gc,age       ] GC(37) Desired survivor size 4358144 bytes, new threshold 6 (max threshold 6)
[2020-09-11T12:46:18.739+0000][1][gc,age       ] GC(37) Age table with threshold 6 (max threshold 6)
[2020-09-11T12:46:18.739+0000][1][gc,age       ] GC(37) - age   1:     621832 bytes,     621832 total
[2020-09-11T12:46:18.739+0000][1][gc,age       ] GC(37) - age   2:     301408 bytes,     923240 total
[2020-09-11T12:46:18.739+0000][1][gc,age       ] GC(37) - age   3:     339672 bytes,    1262912 total
[2020-09-11T12:46:18.739+0000][1][gc,age       ] GC(37) - age   4:     182640 bytes,    1445552 total
[2020-09-11T12:46:18.739+0000][1][gc,heap      ] GC(37) ParNew: 69309K->1488K(76672K)
[2020-09-11T12:46:18.739+0000][1][gc,heap      ] GC(37) CMS: 46226K->46226K(439104K)
[2020-09-11T12:46:18.739+0000][1][gc,metaspace ] GC(37) Metaspace: 32390K->32390K(1079296K)
[2020-09-11T12:46:18.739+0000][1][gc           ] GC(37) Pause Young (Allocation Failure) 112M->46M(503M) 14.078ms
[2020-09-11T12:46:18.739+0000][1][gc,cpu       ] GC(37) User=0.01s Sys=0.00s Real=0.01s
[2020-09-11T12:46:18.759+0000][1][safepoint    ] Safepoint "GenCollectForAllocation", Time since last: 1383171756 ns, Reaching safepoint: 93863 ns, At safepoint: 34177090 ns, Total: 34270953 ns
[2020-09-11T12:46:20.177+0000][1][gc,start     ] GC(38) Pause Young (Allocation Failure)
[2020-09-11T12:46:20.177+0000][1][gc,task      ] GC(38) Using 1 workers of 1 for evacuation
[2020-09-11T12:46:20.186+0000][1][gc,age       ] GC(38) Desired survivor size 4358144 bytes, new threshold 6 (max threshold 6)
[2020-09-11T12:46:20.186+0000][1][gc,age       ] GC(38) Age table with threshold 6 (max threshold 6)
[2020-09-11T12:46:20.186+0000][1][gc,age       ] GC(38) - age   1:     933808 bytes,     933808 total
[2020-09-11T12:46:20.186+0000][1][gc,age       ] GC(38) - age   2:     264672 bytes,    1198480 total
[2020-09-11T12:46:20.186+0000][1][gc,age       ] GC(38) - age   3:     297488 bytes,    1495968 total
[2020-09-11T12:46:20.186+0000][1][gc,age       ] GC(38) - age   4:     339592 bytes,    1835560 total
[2020-09-11T12:46:20.186+0000][1][gc,age       ] GC(38) - age   5:     182536 bytes,    2018096 total
[2020-09-11T12:46:20.186+0000][1][gc,heap      ] GC(38) ParNew: 69648K->2045K(76672K)
[2020-09-11T12:46:20.186+0000][1][gc,heap      ] GC(38) CMS: 46226K->46226K(439104K)
[2020-09-11T12:46:20.186+0000][1][gc,metaspace ] GC(38) Metaspace: 32390K->32390K(1079296K)
[2020-09-11T12:46:20.186+0000][1][gc           ] GC(38) Pause Young (Allocation Failure) 113M->47M(503M) 9.144ms
[2020-09-11T12:46:20.186+0000][1][gc,cpu       ] GC(38) User=0.00s Sys=0.00s Real=0.01s
[2020-09-11T12:46:20.193+0000][1][safepoint    ] Safepoint "GenCollectForAllocation", Time since last: 1416296552 ns, Reaching safepoint: 1264354 ns, At safepoint: 15641648 ns, Total: 16906002 ns
[2020-09-11T12:46:21.158+0000][1][gc,start     ] GC(39) Pause Young (Allocation Failure)
[2020-09-11T12:46:21.158+0000][1][gc,task      ] GC(39) Using 1 workers of 1 for evacuation
[2020-09-11T12:46:21.167+0000][1][gc,age       ] GC(39) Desired survivor size 4358144 bytes, new threshold 6 (max threshold 6)
[2020-09-11T12:46:21.168+0000][1][gc,age       ] GC(39) Age table with threshold 6 (max threshold 6)
[2020-09-11T12:46:21.168+0000][1][gc,age       ] GC(39) - age   1:     312104 bytes,     312104 total
[2020-09-11T12:46:21.168+0000][1][gc,age       ] GC(39) - age   2:     922856 bytes,    1234960 total
[2020-09-11T12:46:21.168+0000][1][gc,age       ] GC(39) - age   3:     263464 bytes,    1498424 total
[2020-09-11T12:46:21.168+0000][1][gc,age       ] GC(39) - age   4:     296976 bytes,    1795400 total
[2020-09-11T12:46:21.168+0000][1][gc,age       ] GC(39) - age   5:     339256 bytes,    2134656 total
[2020-09-11T12:46:21.168+0000][1][gc,age       ] GC(39) - age   6:     182496 bytes,    2317152 total
[2020-09-11T12:46:21.168+0000][1][gc,heap      ] GC(39) ParNew: 70205K->2387K(76672K)
[2020-09-11T12:46:21.168+0000][1][gc,heap      ] GC(39) CMS: 46226K->46226K(439104K)
[2020-09-11T12:46:21.168+0000][1][gc,metaspace ] GC(39) Metaspace: 32390K->32390K(1079296K)
[2020-09-11T12:46:21.168+0000][1][gc           ] GC(39) Pause Young (Allocation Failure) 113M->47M(503M) 9.868ms
[2020-09-11T12:46:21.168+0000][1][gc,cpu       ] GC(39) User=0.00s Sys=0.00s Real=0.01s
[2020-09-11T12:46:21.183+0000][1][safepoint    ] Safepoint "GenCollectForAllocation", Time since last: 962814689 ns, Reaching safepoint: 2299406 ns, At safepoint: 25680147 ns, Total: 27979553 ns
[2020-09-11T12:46:21.283+0000][1][safepoint    ] Safepoint "RevokeBias", Time since last: 99778267 ns, Reaching safepoint: 97197 ns, At safepoint: 27593 ns, Total: 124790 ns
[2020-09-11T12:46:22.103+0000][1][gc,start     ] GC(40) Pause Young (Allocation Failure)
[2020-09-11T12:46:22.103+0000][1][gc,task      ] GC(40) Using 1 workers of 1 for evacuation
[2020-09-11T12:46:22.116+0000][1][gc,age       ] GC(40) Desired survivor size 4358144 bytes, new threshold 6 (max threshold 6)
[2020-09-11T12:46:22.117+0000][1][gc,age       ] GC(40) Age table with threshold 6 (max threshold 6)
[2020-09-11T12:46:22.117+0000][1][gc,age       ] GC(40) - age   1:     381000 bytes,     381000 total
[2020-09-11T12:46:22.117+0000][1][gc,age       ] GC(40) - age   2:     301448 bytes,     682448 total
[2020-09-11T12:46:22.117+0000][1][gc,age       ] GC(40) - age   3:     922288 bytes,    1604736 total
[2020-09-11T12:46:22.117+0000][1][gc,age       ] GC(40) - age   4:     263232 bytes,    1867968 total
[2020-09-11T12:46:22.117+0000][1][gc,age       ] GC(40) - age   5:     296856 bytes,    2164824 total
[2020-09-11T12:46:22.117+0000][1][gc,age       ] GC(40) - age   6:     339256 bytes,    2504080 total
[2020-09-11T12:46:22.117+0000][1][gc,heap      ] GC(40) ParNew: 70547K->2469K(76672K)
[2020-09-11T12:46:22.117+0000][1][gc,heap      ] GC(40) CMS: 46226K->46401K(439104K)
[2020-09-11T12:46:22.117+0000][1][gc,metaspace ] GC(40) Metaspace: 32393K->32393K(1079296K)
[2020-09-11T12:46:22.117+0000][1][gc           ] GC(40) Pause Young (Allocation Failure) 114M->47M(503M) 13.369ms
[2020-09-11T12:46:22.117+0000][1][gc,cpu       ] GC(40) User=0.01s Sys=0.00s Real=0.02s
[2020-09-11T12:46:22.119+0000][1][safepoint    ] Safepoint "GenCollectForAllocation", Time since last: 816119558 ns, Reaching safepoint: 3807454 ns, At safepoint: 16177741 ns, Total: 19985195 ns
[2020-09-11T12:46:22.351+0000][1][gc,start     ] GC(41) Pause Young (Allocation Failure)
[2020-09-11T12:46:22.352+0000][1][gc,task      ] GC(41) Using 1 workers of 1 for evacuation
[2020-09-11T12:46:22.354+0000][1][gc,age       ] GC(41) Desired survivor size 4358144 bytes, new threshold 6 (max threshold 6)
[2020-09-11T12:46:22.354+0000][1][gc,age       ] GC(41) Age table with threshold 6 (max threshold 6)
[2020-09-11T12:46:22.354+0000][1][gc,age       ] GC(41) - age   1:        184 bytes,        184 total
[2020-09-11T12:46:22.354+0000][1][gc,age       ] GC(41) - age   2:     380760 bytes,     380944 total
[2020-09-11T12:46:22.354+0000][1][gc,age       ] GC(41) - age   3:     301448 bytes,     682392 total
[2020-09-11T12:46:22.355+0000][1][gc,age       ] GC(41) - age   4:     922288 bytes,    1604680 total
[2020-09-11T12:46:22.355+0000][1][gc,age       ] GC(41) - age   5:     263232 bytes,    1867912 total
[2020-09-11T12:46:22.355+0000][1][gc,age       ] GC(41) - age   6:     296856 bytes,    2164768 total
[2020-09-11T12:46:22.355+0000][1][gc,heap      ] GC(41) ParNew: 70629K->2121K(76672K)
[2020-09-11T12:46:22.355+0000][1][gc,heap      ] GC(41) CMS: 46401K->46733K(439104K)
[2020-09-11T12:46:22.355+0000][1][gc,metaspace ] GC(41) Metaspace: 32393K->32393K(1079296K)
[2020-09-11T12:46:22.355+0000][1][gc           ] GC(41) Pause Young (Allocation Failure) 114M->47M(503M) 3.120ms
[2020-09-11T12:46:22.355+0000][1][gc,cpu       ] GC(41) User=0.00s Sys=0.00s Real=0.00s
[2020-09-11T12:46:22.366+0000][1][safepoint    ] Safepoint "GenCollectForAllocation", Time since last: 228839246 ns, Reaching safepoint: 3182840 ns, At safepoint: 14075033 ns, Total: 17257873 ns
[2020-09-11T12:46:22.567+0000][1][gc,start     ] GC(42) Pause Young (Allocation Failure)
[2020-09-11T12:46:22.568+0000][1][gc,task      ] GC(42) Using 1 workers of 1 for evacuation
[2020-09-11T12:46:22.570+0000][1][gc,age       ] GC(42) Desired survivor size 4358144 bytes, new threshold 6 (max threshold 6)
[2020-09-11T12:46:22.570+0000][1][gc,age       ] GC(42) Age table with threshold 6 (max threshold 6)
[2020-09-11T12:46:22.570+0000][1][gc,age       ] GC(42) - age   1:        200 bytes,        200 total
[2020-09-11T12:46:22.570+0000][1][gc,age       ] GC(42) - age   2:        160 bytes,        360 total
[2020-09-11T12:46:22.570+0000][1][gc,age       ] GC(42) - age   3:     380760 bytes,     381120 total
[2020-09-11T12:46:22.570+0000][1][gc,age       ] GC(42) - age   4:     301448 bytes,     682568 total
[2020-09-11T12:46:22.571+0000][1][gc,age       ] GC(42) - age   5:     922288 bytes,    1604856 total
[2020-09-11T12:46:22.571+0000][1][gc,age       ] GC(42) - age   6:     263232 bytes,    1868088 total
[2020-09-11T12:46:22.571+0000][1][gc,heap      ] GC(42) ParNew: 70281K->1824K(76672K)
[2020-09-11T12:46:22.571+0000][1][gc,heap      ] GC(42) CMS: 46733K->47022K(439104K)
[2020-09-11T12:46:22.571+0000][1][gc,metaspace ] GC(42) Metaspace: 32393K->32393K(1079296K)
[2020-09-11T12:46:22.571+0000][1][gc           ] GC(42) Pause Young (Allocation Failure) 114M->47M(503M) 3.090ms
[2020-09-11T12:46:22.571+0000][1][gc,cpu       ] GC(42) User=0.00s Sys=0.00s Real=0.00s
[2020-09-11T12:46:22.588+0000][1][safepoint    ] Safepoint "GenCollectForAllocation", Time since last: 199969829 ns, Reaching safepoint: 1973410 ns, At safepoint: 20173712 ns, Total: 22147122 ns
[2020-09-11T12:46:22.792+0000][1][gc,start     ] GC(43) Pause Young (Allocation Failure)
[2020-09-11T12:46:22.792+0000][1][gc,task      ] GC(43) Using 1 workers of 1 for evacuation
[2020-09-11T12:46:22.795+0000][1][gc,age       ] GC(43) Desired survivor size 4358144 bytes, new threshold 6 (max threshold 6)
[2020-09-11T12:46:22.795+0000][1][gc,age       ] GC(43) Age table with threshold 6 (max threshold 6)
[2020-09-11T12:46:22.795+0000][1][gc,age       ] GC(43) - age   1:        240 bytes,        240 total
[2020-09-11T12:46:22.795+0000][1][gc,age       ] GC(43) - age   3:        160 bytes,        400 total
[2020-09-11T12:46:22.795+0000][1][gc,age       ] GC(43) - age   4:     380760 bytes,     381160 total
[2020-09-11T12:46:22.795+0000][1][gc,age       ] GC(43) - age   5:     301448 bytes,     682608 total
[2020-09-11T12:46:22.795+0000][1][gc,age       ] GC(43) - age   6:     922288 bytes,    1604896 total
[2020-09-11T12:46:22.795+0000][1][gc,heap      ] GC(43) ParNew: 69984K->1568K(76672K)
[2020-09-11T12:46:22.795+0000][1][gc,heap      ] GC(43) CMS: 47022K->47280K(439104K)
[2020-09-11T12:46:22.795+0000][1][gc,metaspace ] GC(43) Metaspace: 32393K->32393K(1079296K)
[2020-09-11T12:46:22.795+0000][1][gc           ] GC(43) Pause Young (Allocation Failure) 114M->47M(503M) 2.907ms
[2020-09-11T12:46:22.795+0000][1][gc,cpu       ] GC(43) User=0.01s Sys=0.00s Real=0.00s
[2020-09-11T12:46:22.795+0000][1][safepoint    ] Safepoint "GenCollectForAllocation", Time since last: 204540681 ns, Reaching safepoint: 105963 ns, At safepoint: 2972288 ns, Total: 3078251 ns
[2020-09-11T12:46:23.055+0000][1][gc,start     ] GC(44) Pause Young (Allocation Failure)
[2020-09-11T12:46:23.056+0000][1][gc,task      ] GC(44) Using 1 workers of 1 for evacuation
[2020-09-11T12:46:23.058+0000][1][gc,age       ] GC(44) Desired survivor size 4358144 bytes, new threshold 6 (max threshold 6)
[2020-09-11T12:46:23.058+0000][1][gc,age       ] GC(44) Age table with threshold 6 (max threshold 6)
[2020-09-11T12:46:23.058+0000][1][gc,age       ] GC(44) - age   1:        528 bytes,        528 total
[2020-09-11T12:46:23.058+0000][1][gc,age       ] GC(44) - age   4:        160 bytes,        688 total
[2020-09-11T12:46:23.058+0000][1][gc,age       ] GC(44) - age   5:     380760 bytes,     381448 total
[2020-09-11T12:46:23.058+0000][1][gc,age       ] GC(44) - age   6:     301448 bytes,     682896 total
[2020-09-11T12:46:23.058+0000][1][gc,heap      ] GC(44) ParNew: 69728K->671K(76672K)
[2020-09-11T12:46:23.058+0000][1][gc,heap      ] GC(44) CMS: 47280K->48180K(439104K)
[2020-09-11T12:46:23.058+0000][1][gc,metaspace ] GC(44) Metaspace: 32393K->32393K(1079296K)
[2020-09-11T12:46:23.058+0000][1][gc           ] GC(44) Pause Young (Allocation Failure) 114M->47M(503M) 2.801ms
[2020-09-11T12:46:23.058+0000][1][gc,cpu       ] GC(44) User=0.00s Sys=0.00s Real=0.00s
[2020-09-11T12:46:23.058+0000][1][safepoint    ] Safepoint "GenCollectForAllocation", Time since last: 256175892 ns, Reaching safepoint: 3999346 ns, At safepoint: 2869777 ns, Total: 6869123 ns
[2020-09-11T12:46:23.287+0000][1][gc,start     ] GC(45) Pause Young (Allocation Failure)
[2020-09-11T12:46:23.288+0000][1][gc,task      ] GC(45) Using 1 workers of 1 for evacuation
[2020-09-11T12:46:23.290+0000][1][gc,age       ] GC(45) Desired survivor size 4358144 bytes, new threshold 6 (max threshold 6)
[2020-09-11T12:46:23.290+0000][1][gc,age       ] GC(45) Age table with threshold 6 (max threshold 6)
[2020-09-11T12:46:23.290+0000][1][gc,age       ] GC(45) - age   1:        152 bytes,        152 total
[2020-09-11T12:46:23.290+0000][1][gc,age       ] GC(45) - age   2:        296 bytes,        448 total
[2020-09-11T12:46:23.290+0000][1][gc,age       ] GC(45) - age   5:        160 bytes,        608 total
[2020-09-11T12:46:23.290+0000][1][gc,age       ] GC(45) - age   6:     380760 bytes,     381368 total
[2020-09-11T12:46:23.290+0000][1][gc,heap      ] GC(45) ParNew: 68831K->379K(76672K)
[2020-09-11T12:46:23.290+0000][1][gc,heap      ] GC(45) CMS: 48180K->48475K(439104K)
[2020-09-11T12:46:23.290+0000][1][gc,metaspace ] GC(45) Metaspace: 32393K->32393K(1079296K)
[2020-09-11T12:46:23.290+0000][1][gc           ] GC(45) Pause Young (Allocation Failure) 114M->47M(503M) 2.519ms
[2020-09-11T12:46:23.290+0000][1][gc,cpu       ] GC(45) User=0.01s Sys=0.00s Real=0.00s
[2020-09-11T12:46:23.291+0000][1][safepoint    ] Safepoint "GenCollectForAllocation", Time since last: 225889760 ns, Reaching safepoint: 3251640 ns, At safepoint: 3985688 ns, Total: 7237328 ns
[2020-09-11T12:46:23.507+0000][1][gc,start     ] GC(46) Pause Young (Allocation Failure)
[2020-09-11T12:46:23.508+0000][1][gc,task      ] GC(46) Using 1 workers of 1 for evacuation
[2020-09-11T12:46:23.510+0000][1][gc,age       ] GC(46) Desired survivor size 4358144 bytes, new threshold 6 (max threshold 6)
[2020-09-11T12:46:23.510+0000][1][gc,age       ] GC(46) Age table with threshold 6 (max threshold 6)
[2020-09-11T12:46:23.510+0000][1][gc,age       ] GC(46) - age   1:        176 bytes,        176 total
[2020-09-11T12:46:23.510+0000][1][gc,age       ] GC(46) - age   3:        296 bytes,        472 total
[2020-09-11T12:46:23.510+0000][1][gc,age       ] GC(46) - age   6:        160 bytes,        632 total
[2020-09-11T12:46:23.510+0000][1][gc,heap      ] GC(46) ParNew: 68539K->230K(76672K)
[2020-09-11T12:46:23.510+0000][1][gc,heap      ] GC(46) CMS: 48475K->48847K(439104K)
[2020-09-11T12:46:23.510+0000][1][gc,metaspace ] GC(46) Metaspace: 32393K->32393K(1079296K)
[2020-09-11T12:46:23.510+0000][1][gc           ] GC(46) Pause Young (Allocation Failure) 114M->47M(503M) 2.505ms
[2020-09-11T12:46:23.510+0000][1][gc,cpu       ] GC(46) User=0.00s Sys=0.00s Real=0.00s
[2020-09-11T12:46:23.519+0000][1][safepoint    ] Safepoint "GenCollectForAllocation", Time since last: 212174840 ns, Reaching safepoint: 3833268 ns, At safepoint: 11298809 ns, Total: 15132077 ns
[2020-09-11T12:46:23.727+0000][1][gc,start     ] GC(47) Pause Young (Allocation Failure)
[2020-09-11T12:46:23.728+0000][1][gc,task      ] GC(47) Using 1 workers of 1 for evacuation
[2020-09-11T12:46:23.730+0000][1][gc,age       ] GC(47) Desired survivor size 4358144 bytes, new threshold 6 (max threshold 6)
[2020-09-11T12:46:23.730+0000][1][gc,age       ] GC(47) Age table with threshold 6 (max threshold 6)
[2020-09-11T12:46:23.730+0000][1][gc,age       ] GC(47) - age   1:        152 bytes,        152 total
[2020-09-11T12:46:23.730+0000][1][gc,age       ] GC(47) - age   4:        296 bytes,        448 total
[2020-09-11T12:46:23.730+0000][1][gc,heap      ] GC(47) ParNew: 68390K->57K(76672K)
[2020-09-11T12:46:23.730+0000][1][gc,heap      ] GC(47) CMS: 48847K->48847K(439104K)
[2020-09-11T12:46:23.730+0000][1][gc,metaspace ] GC(47) Metaspace: 32393K->32393K(1079296K)
[2020-09-11T12:46:23.730+0000][1][gc           ] GC(47) Pause Young (Allocation Failure) 114M->47M(503M) 2.177ms
[2020-09-11T12:46:23.730+0000][1][gc,cpu       ] GC(47) User=0.00s Sys=0.00s Real=0.00s
[2020-09-11T12:46:23.731+0000][1][safepoint    ] Safepoint "GenCollectForAllocation", Time since last: 204691563 ns, Reaching safepoint: 4005974 ns, At safepoint: 3988895 ns, Total: 7994869 ns
[2020-09-11T12:46:23.947+0000][1][gc,start     ] GC(48) Pause Young (Allocation Failure)
[2020-09-11T12:46:23.948+0000][1][gc,task      ] GC(48) Using 1 workers of 1 for evacuation
[2020-09-11T12:46:23.950+0000][1][gc,age       ] GC(48) Desired survivor size 4358144 bytes, new threshold 6 (max threshold 6)
[2020-09-11T12:46:23.950+0000][1][gc,age       ] GC(48) Age table with threshold 6 (max threshold 6)
[2020-09-11T12:46:23.950+0000][1][gc,age       ] GC(48) - age   1:         64 bytes,         64 total
[2020-09-11T12:46:23.950+0000][1][gc,age       ] GC(48) - age   5:        296 bytes,        360 total
[2020-09-11T12:46:23.950+0000][1][gc,heap      ] GC(48) ParNew: 68217K->14K(76672K)
[2020-09-11T12:46:23.950+0000][1][gc,heap      ] GC(48) CMS: 48847K->48847K(439104K)
[2020-09-11T12:46:23.950+0000][1][gc,metaspace ] GC(48) Metaspace: 32393K->32393K(1079296K)
[2020-09-11T12:46:23.950+0000][1][gc           ] GC(48) Pause Young (Allocation Failure) 114M->47M(503M) 2.186ms
[2020-09-11T12:46:23.950+0000][1][gc,cpu       ] GC(48) User=0.01s Sys=0.00s Real=0.00s
[2020-09-11T12:46:23.950+0000][1][safepoint    ] Safepoint "GenCollectForAllocation", Time since last: 204001143 ns, Reaching safepoint: 12009923 ns, At safepoint: 2250218 ns, Total: 14260141 ns
[2020-09-11T12:46:24.159+0000][1][gc,start     ] GC(49) Pause Young (Allocation Failure)
[2020-09-11T12:46:24.159+0000][1][gc,task      ] GC(49) Using 1 workers of 1 for evacuation
[2020-09-11T12:46:24.162+0000][1][gc,age       ] GC(49) Desired survivor size 4358144 bytes, new threshold 6 (max threshold 6)
[2020-09-11T12:46:24.162+0000][1][gc,age       ] GC(49) Age table with threshold 6 (max threshold 6)
[2020-09-11T12:46:24.162+0000][1][gc,age       ] GC(49) - age   1:        184 bytes,        184 total
[2020-09-11T12:46:24.162+0000][1][gc,age       ] GC(49) - age   6:        296 bytes,        480 total
[2020-09-11T12:46:24.162+0000][1][gc,heap      ] GC(49) ParNew: 68174K->3K(76672K)
[2020-09-11T12:46:24.162+0000][1][gc,heap      ] GC(49) CMS: 48847K->48847K(439104K)
[2020-09-11T12:46:24.162+0000][1][gc,metaspace ] GC(49) Metaspace: 32393K->32393K(1079296K)
[2020-09-11T12:46:24.162+0000][1][gc           ] GC(49) Pause Young (Allocation Failure) 114M->47M(503M) 2.155ms
[2020-09-11T12:46:24.162+0000][1][gc,cpu       ] GC(49) User=0.00s Sys=0.00s Real=0.00s
[2020-09-11T12:46:24.163+0000][1][safepoint    ] Safepoint "GenCollectForAllocation", Time since last: 206762508 ns, Reaching safepoint: 2984446 ns, At safepoint: 3991548 ns, Total: 6975994 ns
[2020-09-11T12:46:25.170+0000][1][safepoint    ] Safepoint "Cleanup", Time since last: 1000096183 ns, Reaching safepoint: 6333585 ns, At safepoint: 14801 ns, Total: 6348386 ns
[2020-09-11T12:46:27.111+0000][1][gc,start     ] GC(50) Pause Young (Allocation Failure)
[2020-09-11T12:46:27.112+0000][1][gc,task      ] GC(50) Using 1 workers of 1 for evacuation
[2020-09-11T12:46:27.114+0000][1][gc,age       ] GC(50) Desired survivor size 4358144 bytes, new threshold 6 (max threshold 6)
[2020-09-11T12:46:27.114+0000][1][gc,age       ] GC(50) Age table with threshold 6 (max threshold 6)
[2020-09-11T12:46:27.114+0000][1][gc,age       ] GC(50) - age   1:     133776 bytes,     133776 total
[2020-09-11T12:46:27.114+0000][1][gc,heap      ] GC(50) ParNew: 68163K->131K(76672K)
[2020-09-11T12:46:27.114+0000][1][gc,heap      ] GC(50) CMS: 48847K->48847K(439104K)
[2020-09-11T12:46:27.114+0000][1][gc,metaspace ] GC(50) Metaspace: 32394K->32394K(1079296K)
[2020-09-11T12:46:27.114+0000][1][gc           ] GC(50) Pause Young (Allocation Failure) 114M->47M(503M) 2.360ms
[2020-09-11T12:46:27.114+0000][1][gc,cpu       ] GC(50) User=0.00s Sys=0.00s Real=0.00s
[2020-09-11T12:46:27.115+0000][1][safepoint    ] Safepoint "GenCollectForAllocation", Time since last: 1933554660 ns, Reaching safepoint: 8038992 ns, At safepoint: 3979996 ns, Total: 12018988 ns
[2020-09-11T12:46:27.847+0000][1][gc,start     ] GC(51) Pause Young (Allocation Failure)
[2020-09-11T12:46:27.848+0000][1][gc,task      ] GC(51) Using 1 workers of 1 for evacuation
[2020-09-11T12:46:27.850+0000][1][gc,age       ] GC(51) Desired survivor size 4358144 bytes, new threshold 6 (max threshold 6)
[2020-09-11T12:46:27.850+0000][1][gc,age       ] GC(51) Age table with threshold 6 (max threshold 6)
[2020-09-11T12:46:27.850+0000][1][gc,age       ] GC(51) - age   1:     512208 bytes,     512208 total
[2020-09-11T12:46:27.850+0000][1][gc,age       ] GC(51) - age   2:      83704 bytes,     595912 total
[2020-09-11T12:46:27.850+0000][1][gc,heap      ] GC(51) ParNew: 68291K->603K(76672K)
[2020-09-11T12:46:27.850+0000][1][gc,heap      ] GC(51) CMS: 48847K->48847K(439104K)
[2020-09-11T12:46:27.850+0000][1][gc,metaspace ] GC(51) Metaspace: 32394K->32394K(1079296K)
[2020-09-11T12:46:27.850+0000][1][gc           ] GC(51) Pause Young (Allocation Failure) 114M->48M(503M) 2.402ms
[2020-09-11T12:46:27.850+0000][1][gc,cpu       ] GC(51) User=0.00s Sys=0.00s Real=0.00s
[2020-09-11T12:46:27.859+0000][1][safepoint    ] Safepoint "GenCollectForAllocation", Time since last: 729187505 ns, Reaching safepoint: 2823098 ns, At safepoint: 11235612 ns, Total: 14058710 ns
[2020-09-11T12:46:28.388+0000][1][gc,start     ] GC(52) Pause Young (Allocation Failure)
[2020-09-11T12:46:28.388+0000][1][gc,task      ] GC(52) Using 1 workers of 1 for evacuation
[2020-09-11T12:46:28.390+0000][1][gc,age       ] GC(52) Desired survivor size 4358144 bytes, new threshold 6 (max threshold 6)
[2020-09-11T12:46:28.390+0000][1][gc,age       ] GC(52) Age table with threshold 6 (max threshold 6)
[2020-09-11T12:46:28.390+0000][1][gc,age       ] GC(52) - age   1:     676488 bytes,     676488 total
[2020-09-11T12:46:28.390+0000][1][gc,age       ] GC(52) - age   2:     341152 bytes,    1017640 total
[2020-09-11T12:46:28.390+0000][1][gc,age       ] GC(52) - age   3:      83104 bytes,    1100744 total
[2020-09-11T12:46:28.390+0000][1][gc,heap      ] GC(52) ParNew: 68763K->1080K(76672K)
[2020-09-11T12:46:28.390+0000][1][gc,heap      ] GC(52) CMS: 48847K->48847K(439104K)
[2020-09-11T12:46:28.390+0000][1][gc,metaspace ] GC(52) Metaspace: 32394K->32394K(1079296K)
[2020-09-11T12:46:28.390+0000][1][gc           ] GC(52) Pause Young (Allocation Failure) 114M->48M(503M) 2.787ms
[2020-09-11T12:46:28.390+0000][1][gc,cpu       ] GC(52) User=0.01s Sys=0.00s Real=0.00s
[2020-09-11T12:46:28.390+0000][1][safepoint    ] Safepoint "GenCollectForAllocation", Time since last: 528765225 ns, Reaching safepoint: 114658 ns, At safepoint: 2844118 ns, Total: 2958776 ns
[2020-09-11T12:46:28.790+0000][1][gc,start     ] GC(53) Pause Young (Allocation Failure)
[2020-09-11T12:46:28.790+0000][1][gc,task      ] GC(53) Using 1 workers of 1 for evacuation
[2020-09-11T12:46:28.793+0000][1][gc,age       ] GC(53) Desired survivor size 4358144 bytes, new threshold 6 (max threshold 6)
[2020-09-11T12:46:28.793+0000][1][gc,age       ] GC(53) Age table with threshold 6 (max threshold 6)
[2020-09-11T12:46:28.793+0000][1][gc,age       ] GC(53) - age   1:     313880 bytes,     313880 total
[2020-09-11T12:46:28.793+0000][1][gc,age       ] GC(53) - age   2:     660400 bytes,     974280 total
[2020-09-11T12:46:28.793+0000][1][gc,age       ] GC(53) - age   3:     340416 bytes,    1314696 total
[2020-09-11T12:46:28.793+0000][1][gc,age       ] GC(53) - age   4:      82440 bytes,    1397136 total
[2020-09-11T12:46:28.793+0000][1][gc,heap      ] GC(53) ParNew: 69240K->1380K(76672K)
[2020-09-11T12:46:28.793+0000][1][gc,heap      ] GC(53) CMS: 48847K->48847K(439104K)
[2020-09-11T12:46:28.793+0000][1][gc,metaspace ] GC(53) Metaspace: 32394K->32394K(1079296K)
[2020-09-11T12:46:28.793+0000][1][gc           ] GC(53) Pause Young (Allocation Failure) 115M->49M(503M) 2.648ms
[2020-09-11T12:46:28.793+0000][1][gc,cpu       ] GC(53) User=0.01s Sys=0.00s Real=0.00s
[2020-09-11T12:46:28.793+0000][1][safepoint    ] Safepoint "GenCollectForAllocation", Time since last: 397016178 ns, Reaching safepoint: 2557450 ns, At safepoint: 2715530 ns, Total: 5272980 ns
[2020-09-11T12:46:29.339+0000][1][gc,start     ] GC(54) Pause Young (Allocation Failure)
[2020-09-11T12:46:29.340+0000][1][gc,task      ] GC(54) Using 1 workers of 1 for evacuation
[2020-09-11T12:46:29.352+0000][1][gc,age       ] GC(54) Desired survivor size 4358144 bytes, new threshold 6 (max threshold 6)
[2020-09-11T12:46:29.352+0000][1][gc,age       ] GC(54) Age table with threshold 6 (max threshold 6)
[2020-09-11T12:46:29.352+0000][1][gc,age       ] GC(54) - age   1:     931008 bytes,     931008 total
[2020-09-11T12:46:29.352+0000][1][gc,age       ] GC(54) - age   2:     302520 bytes,    1233528 total
[2020-09-11T12:46:29.352+0000][1][gc,age       ] GC(54) - age   3:     331736 bytes,    1565264 total
[2020-09-11T12:46:29.352+0000][1][gc,age       ] GC(54) - age   4:     340416 bytes,    1905680 total
[2020-09-11T12:46:29.352+0000][1][gc,age       ] GC(54) - age   5:      82280 bytes,    1987960 total
[2020-09-11T12:46:29.352+0000][1][gc,heap      ] GC(54) ParNew: 69540K->2031K(76672K)
[2020-09-11T12:46:29.352+0000][1][gc,heap      ] GC(54) CMS: 48847K->48847K(439104K)
[2020-09-11T12:46:29.352+0000][1][gc,metaspace ] GC(54) Metaspace: 32394K->32394K(1079296K)
[2020-09-11T12:46:29.352+0000][1][gc           ] GC(54) Pause Young (Allocation Failure) 115M->49M(503M) 12.914ms
[2020-09-11T12:46:29.352+0000][1][gc,cpu       ] GC(54) User=0.00s Sys=0.00s Real=0.01s
[2020-09-11T12:46:29.352+0000][1][safepoint    ] Safepoint "GenCollectForAllocation", Time since last: 541061332 ns, Reaching safepoint: 5697225 ns, At safepoint: 12975095 ns, Total: 18672320 ns
[2020-09-11T12:46:29.807+0000][1][gc,start     ] GC(55) Pause Young (Allocation Failure)
[2020-09-11T12:46:29.808+0000][1][gc,task      ] GC(55) Using 1 workers of 1 for evacuation
[2020-09-11T12:46:29.811+0000][1][gc,age       ] GC(55) Desired survivor size 4358144 bytes, new threshold 6 (max threshold 6)
[2020-09-11T12:46:29.811+0000][1][gc,age       ] GC(55) Age table with threshold 6 (max threshold 6)
[2020-09-11T12:46:29.811+0000][1][gc,age       ] GC(55) - age   1:     345344 bytes,     345344 total
[2020-09-11T12:46:29.811+0000][1][gc,age       ] GC(55) - age   2:     919504 bytes,    1264848 total
[2020-09-11T12:46:29.811+0000][1][gc,age       ] GC(55) - age   3:     298416 bytes,    1563264 total
[2020-09-11T12:46:29.811+0000][1][gc,age       ] GC(55) - age   4:     331256 bytes,    1894520 total
[2020-09-11T12:46:29.811+0000][1][gc,age       ] GC(55) - age   5:     340288 bytes,    2234808 total
[2020-09-11T12:46:29.811+0000][1][gc,age       ] GC(55) - age   6:      82256 bytes,    2317064 total
[2020-09-11T12:46:29.811+0000][1][gc,heap      ] GC(55) ParNew: 70191K->2321K(76672K)
[2020-09-11T12:46:29.811+0000][1][gc,heap      ] GC(55) CMS: 48847K->48847K(439104K)
[2020-09-11T12:46:29.811+0000][1][gc,metaspace ] GC(55) Metaspace: 32394K->32394K(1079296K)
[2020-09-11T12:46:29.811+0000][1][gc           ] GC(55) Pause Young (Allocation Failure) 116M->49M(503M) 3.540ms
[2020-09-11T12:46:29.811+0000][1][gc,cpu       ] GC(55) User=0.00s Sys=0.00s Real=0.00s
[2020-09-11T12:46:29.817+0000][1][safepoint    ] Safepoint "GenCollectForAllocation", Time since last: 451130582 ns, Reaching safepoint: 3869915 ns, At safepoint: 9860813 ns, Total: 13730728 ns
[2020-09-11T12:46:31.041+0000][1][safepoint    ] Safepoint "ICBufferFull", Time since last: 1223234294 ns, Reaching safepoint: 150603 ns, At safepoint: 6390 ns, Total: 156993 ns
[2020-09-11T12:46:31.208+0000][1][safepoint    ] Safepoint "Deoptimize", Time since last: 166785473 ns, Reaching safepoint: 110908 ns, At safepoint: 298610 ns, Total: 409518 ns
[2020-09-11T12:46:31.774+0000][1][safepoint    ] Safepoint "CollectForMetadataAllocation", Time since last: 565340735 ns, Reaching safepoint: 136649 ns, At safepoint: 168371 ns, Total: 305020 ns
[2020-09-11T12:46:31.823+0000][1][gc,start     ] GC(56) Pause Initial Mark
[2020-09-11T12:46:31.908+0000][1][gc           ] GC(56) Pause Initial Mark 109M->109M(503M) 84.771ms
[2020-09-11T12:46:31.908+0000][1][gc,cpu       ] GC(56) User=0.02s Sys=0.00s Real=0.08s
[2020-09-11T12:46:31.943+0000][1][safepoint    ] Safepoint "CMS_Initial_Mark", Time since last: 49727042 ns, Reaching safepoint: 167668 ns, At safepoint: 120004729 ns, Total: 120172397 ns
[2020-09-11T12:46:31.943+0000][1][gc           ] GC(56) Concurrent Mark
[2020-09-11T12:46:32.036+0000][1][safepoint    ] Safepoint "CollectForMetadataAllocation", Time since last: 76008194 ns, Reaching safepoint: 16043794 ns, At safepoint: 129900 ns, Total: 16173694 ns
[2020-09-11T12:46:32.284+0000][1][safepoint    ] Safepoint "CollectForMetadataAllocation", Time since last: 233899098 ns, Reaching safepoint: 13953979 ns, At safepoint: 119244 ns, Total: 14073223 ns
[2020-09-11T12:46:32.419+0000][1][gc           ] GC(56) Concurrent Mark 475.327ms
[2020-09-11T12:46:32.419+0000][1][gc,cpu       ] GC(56) User=0.12s Sys=0.00s Real=0.47s
[2020-09-11T12:46:32.419+0000][1][gc           ] GC(56) Concurrent Preclean
[2020-09-11T12:46:32.456+0000][1][safepoint    ] Safepoint "CollectForMetadataAllocation", Time since last: 148289106 ns, Reaching safepoint: 23636600 ns, At safepoint: 140113 ns, Total: 23776713 ns
[2020-09-11T12:46:32.475+0000][1][gc           ] GC(56) Concurrent Preclean 56.148ms
[2020-09-11T12:46:32.475+0000][1][gc,cpu       ] GC(56) User=0.01s Sys=0.00s Real=0.05s
[2020-09-11T12:46:32.475+0000][1][gc           ] GC(56) Concurrent Abortable Preclean
[2020-09-11T12:46:32.542+0000][1][safepoint    ] Safepoint "CollectForMetadataAllocation", Time since last: 86106141 ns, Reaching safepoint: 100429 ns, At safepoint: 122587 ns, Total: 223016 ns
[2020-09-11T12:46:32.748+0000][1][gc,start     ] GC(57) Pause Young (Allocation Failure)
[2020-09-11T12:46:32.748+0000][1][gc,task      ] GC(57) Using 1 workers of 1 for evacuation
[2020-09-11T12:46:32.763+0000][1][gc           ] GC(56) Concurrent Abortable Preclean 288.323ms
[2020-09-11T12:46:32.763+0000][1][gc,cpu       ] GC(56) User=0.07s Sys=0.00s Real=0.30s
[2020-09-11T12:46:32.785+0000][1][gc,age       ] GC(57) Desired survivor size 4358144 bytes, new threshold 6 (max threshold 6)
[2020-09-11T12:46:32.785+0000][1][gc,age       ] GC(57) Age table with threshold 6 (max threshold 6)
[2020-09-11T12:46:32.785+0000][1][gc,age       ] GC(57) - age   1:    1339896 bytes,    1339896 total
[2020-09-11T12:46:32.785+0000][1][gc,age       ] GC(57) - age   2:     334104 bytes,    1674000 total
[2020-09-11T12:46:32.785+0000][1][gc,age       ] GC(57) - age   3:     918808 bytes,    2592808 total
[2020-09-11T12:46:32.785+0000][1][gc,age       ] GC(57) - age   4:     297792 bytes,    2890600 total
[2020-09-11T12:46:32.785+0000][1][gc,age       ] GC(57) - age   5:     330848 bytes,    3221448 total
[2020-09-11T12:46:32.785+0000][1][gc,age       ] GC(57) - age   6:     340288 bytes,    3561736 total
[2020-09-11T12:46:32.785+0000][1][gc,heap      ] GC(57) ParNew: 70481K->3606K(76672K)
[2020-09-11T12:46:32.785+0000][1][gc,heap      ] GC(57) CMS: 48847K->48925K(439104K)
[2020-09-11T12:46:32.785+0000][1][gc,metaspace ] GC(57) Metaspace: 36150K->36150K(1083392K)
[2020-09-11T12:46:32.785+0000][1][gc           ] GC(57) Pause Young (Allocation Failure) 116M->51M(503M) 37.189ms
[2020-09-11T12:46:32.785+0000][1][gc,cpu       ] GC(57) User=0.01s Sys=0.00s Real=0.04s
[2020-09-11T12:46:32.822+0000][1][safepoint    ] Safepoint "GenCollectForAllocation", Time since last: 205441044 ns, Reaching safepoint: 94773 ns, At safepoint: 74225591 ns, Total: 74320364 ns
[2020-09-11T12:46:32.836+0000][1][safepoint    ] Safepoint "CollectForMetadataAllocation", Time since last: 712847 ns, Reaching safepoint: 13017685 ns, At safepoint: 135361 ns, Total: 13153046 ns
[2020-09-11T12:46:32.851+0000][1][gc,start     ] GC(56) Pause Remark
[2020-09-11T12:46:32.875+0000][1][gc           ] GC(56) Pause Remark 52M->52M(503M) 23.267ms
[2020-09-11T12:46:32.875+0000][1][gc,cpu       ] GC(56) User=0.01s Sys=0.00s Real=0.02s
[2020-09-11T12:46:32.933+0000][1][safepoint    ] Safepoint "CMS_Final_Remark", Time since last: 15594881 ns, Reaching safepoint: 104069 ns, At safepoint: 82162595 ns, Total: 82266664 ns
[2020-09-11T12:46:32.934+0000][1][gc           ] GC(56) Concurrent Sweep
[2020-09-11T12:46:33.051+0000][1][gc           ] GC(56) Concurrent Sweep 117.035ms
[2020-09-11T12:46:33.051+0000][1][gc,cpu       ] GC(56) User=0.04s Sys=0.00s Real=0.12s
[2020-09-11T12:46:33.051+0000][1][gc           ] GC(56) Concurrent Reset
[2020-09-11T12:46:33.051+0000][1][gc           ] GC(56) Concurrent Reset 0.612ms
[2020-09-11T12:46:33.051+0000][1][gc,cpu       ] GC(56) User=0.00s Sys=0.00s Real=0.00s
[2020-09-11T12:46:33.051+0000][1][gc,heap      ] GC(56) Old: 48847K->47869K(439104K)
[2020-09-11T12:46:33.704+0000][1][gc,start     ] GC(58) Pause Young (Allocation Failure)
[2020-09-11T12:46:33.704+0000][1][gc,task      ] GC(58) Using 1 workers of 1 for evacuation
[2020-09-11T12:46:33.749+0000][1][gc,age       ] GC(58) Desired survivor size 4358144 bytes, new threshold 6 (max threshold 6)
[2020-09-11T12:46:33.750+0000][1][gc,age       ] GC(58) Age table with threshold 6 (max threshold 6)
[2020-09-11T12:46:33.750+0000][1][gc,age       ] GC(58) - age   1:     209664 bytes,     209664 total
[2020-09-11T12:46:33.750+0000][1][gc,age       ] GC(58) - age   2:    1311752 bytes,    1521416 total
[2020-09-11T12:46:33.750+0000][1][gc,age       ] GC(58) - age   3:     334104 bytes,    1855520 total
[2020-09-11T12:46:33.750+0000][1][gc,age       ] GC(58) - age   4:     918808 bytes,    2774328 total
[2020-09-11T12:46:33.750+0000][1][gc,age       ] GC(58) - age   5:     297792 bytes,    3072120 total
[2020-09-11T12:46:33.750+0000][1][gc,age       ] GC(58) - age   6:     330680 bytes,    3402800 total
[2020-09-11T12:46:33.750+0000][1][gc,heap      ] GC(58) ParNew: 71766K->4034K(76672K)
[2020-09-11T12:46:33.750+0000][1][gc,heap      ] GC(58) CMS: 47869K->48201K(439104K)
[2020-09-11T12:46:33.750+0000][1][gc,metaspace ] GC(58) Metaspace: 36170K->36170K(1083392K)
[2020-09-11T12:46:33.750+0000][1][gc           ] GC(58) Pause Young (Allocation Failure) 116M->51M(503M) 45.814ms
[2020-09-11T12:46:33.750+0000][1][gc,cpu       ] GC(58) User=0.01s Sys=0.00s Real=0.04s
[2020-09-11T12:46:33.750+0000][1][safepoint    ] Safepoint "GenCollectForAllocation", Time since last: 769969980 ns, Reaching safepoint: 373527 ns, At safepoint: 45883923 ns, Total: 46257450 ns
[2020-09-11T12:46:34.772+0000][1][safepoint    ] Safepoint "Cleanup", Time since last: 1021762316 ns, Reaching safepoint: 122004 ns, At safepoint: 6176 ns, Total: 128180 ns
[2020-09-11T12:46:35.396+0000][1][safepoint    ] Safepoint "RevokeBias", Time since last: 624088567 ns, Reaching safepoint: 115395 ns, At safepoint: 30048 ns, Total: 145443 ns
[2020-09-11T12:46:36.404+0000][1][safepoint    ] Safepoint "Cleanup", Time since last: 1007597998 ns, Reaching safepoint: 118938 ns, At safepoint: 6042 ns, Total: 124980 ns
[2020-09-11T12:46:37.419+0000][1][safepoint    ] Safepoint "Cleanup", Time since last: 1011898386 ns, Reaching safepoint: 4028457 ns, At safepoint: 11448 ns, Total: 4039905 ns
[2020-09-11T12:46:38.218+0000][1][gc,start     ] GC(59) Pause Young (Allocation Failure)
[2020-09-11T12:46:38.218+0000][1][gc,task      ] GC(59) Using 1 workers of 1 for evacuation
[2020-09-11T12:46:38.295+0000][1][gc,age       ] GC(59) Desired survivor size 4358144 bytes, new threshold 4 (max threshold 6)
[2020-09-11T12:46:38.295+0000][1][gc,age       ] GC(59) Age table with threshold 4 (max threshold 6)
[2020-09-11T12:46:38.295+0000][1][gc,age       ] GC(59) - age   1:    2647000 bytes,    2647000 total
[2020-09-11T12:46:38.295+0000][1][gc,age       ] GC(59) - age   2:     165600 bytes,    2812600 total
[2020-09-11T12:46:38.295+0000][1][gc,age       ] GC(59) - age   3:    1307840 bytes,    4120440 total
[2020-09-11T12:46:38.295+0000][1][gc,age       ] GC(59) - age   4:     334104 bytes,    4454544 total
[2020-09-11T12:46:38.295+0000][1][gc,age       ] GC(59) - age   5:     918808 bytes,    5373352 total
[2020-09-11T12:46:38.295+0000][1][gc,age       ] GC(59) - age   6:     297792 bytes,    5671144 total
[2020-09-11T12:46:38.295+0000][1][gc,heap      ] GC(59) ParNew: 72194K->8233K(76672K)
[2020-09-11T12:46:38.295+0000][1][gc,heap      ] GC(59) CMS: 48201K->48524K(439104K)
[2020-09-11T12:46:38.295+0000][1][gc,metaspace ] GC(59) Metaspace: 41831K->41831K(1087488K)
[2020-09-11T12:46:38.295+0000][1][gc           ] GC(59) Pause Young (Allocation Failure) 117M->55M(503M) 77.111ms
[2020-09-11T12:46:38.295+0000][1][gc,cpu       ] GC(59) User=0.02s Sys=0.00s Real=0.07s
[2020-09-11T12:46:38.323+0000][1][safepoint    ] Safepoint "GenCollectForAllocation", Time since last: 798048792 ns, Reaching safepoint: 108487 ns, At safepoint: 105614682 ns, Total: 105723169 ns
[2020-09-11T12:46:39.358+0000][1][safepoint    ] Safepoint "Cleanup", Time since last: 1034249982 ns, Reaching safepoint: 60245 ns, At safepoint: 6918 ns, Total: 67163 ns
[2020-09-11T12:46:40.362+0000][1][safepoint    ] Safepoint "Cleanup", Time since last: 1003198587 ns, Reaching safepoint: 765012 ns, At safepoint: 7601 ns, Total: 772613 ns
[2020-09-11T12:46:41.387+0000][1][safepoint    ] Safepoint "Cleanup", Time since last: 1009875391 ns, Reaching safepoint: 16034835 ns, At safepoint: 14100 ns, Total: 16048935 ns
[2020-09-11T12:46:45.463+0000][1][safepoint    ] Safepoint "RevokeBias", Time since last: 4058155486 ns, Reaching safepoint: 17812026 ns, At safepoint: 53224 ns, Total: 17865250 ns
[2020-09-11T12:46:45.464+0000][1][safepoint    ] Safepoint "RevokeBias", Time since last: 214110 ns, Reaching safepoint: 82992 ns, At safepoint: 33874 ns, Total: 116866 ns
[2020-09-11T12:46:45.464+0000][1][safepoint    ] Safepoint "RevokeBias", Time since last: 222845 ns, Reaching safepoint: 81160 ns, At safepoint: 32505 ns, Total: 113665 ns
[2020-09-11T12:46:45.464+0000][1][safepoint    ] Safepoint "RevokeBias", Time since last: 69703 ns, Reaching safepoint: 82074 ns, At safepoint: 31657 ns, Total: 113731 ns
[2020-09-11T12:46:45.467+0000][1][safepoint    ] Safepoint "RevokeBias", Time since last: 2291624 ns, Reaching safepoint: 100569 ns, At safepoint: 31941 ns, Total: 132510 ns
[2020-09-11T12:46:45.467+0000][1][safepoint    ] Safepoint "RevokeBias", Time since last: 49591 ns, Reaching safepoint: 81800 ns, At safepoint: 36231 ns, Total: 118031 ns
[2020-09-11T12:46:45.467+0000][1][safepoint    ] Safepoint "RevokeBias", Time since last: 34485 ns, Reaching safepoint: 80803 ns, At safepoint: 33764 ns, Total: 114567 ns
[2020-09-11T12:46:45.467+0000][1][safepoint    ] Safepoint "RevokeBias", Time since last: 32683 ns, Reaching safepoint: 80387 ns, At safepoint: 33028 ns, Total: 113415 ns
[2020-09-11T12:46:45.467+0000][1][safepoint    ] Safepoint "RevokeBias", Time since last: 31577 ns, Reaching safepoint: 79936 ns, At safepoint: 35158 ns, Total: 115094 ns
[2020-09-11T12:46:45.472+0000][1][safepoint    ] Safepoint "RevokeBias", Time since last: 4157341 ns, Reaching safepoint: 107068 ns, At safepoint: 33688 ns, Total: 140756 ns
[2020-09-11T12:46:45.472+0000][1][safepoint    ] Safepoint "RevokeBias", Time since last: 59273 ns, Reaching safepoint: 80570 ns, At safepoint: 34159 ns, Total: 114729 ns
[2020-09-11T12:46:45.472+0000][1][safepoint    ] Safepoint "RevokeBias", Time since last: 31782 ns, Reaching safepoint: 79591 ns, At safepoint: 32845 ns, Total: 112436 ns
[2020-09-11T12:46:45.472+0000][1][safepoint    ] Safepoint "RevokeBias", Time since last: 30446 ns, Reaching safepoint: 79238 ns, At safepoint: 31537 ns, Total: 110775 ns
[2020-09-11T12:46:45.472+0000][1][safepoint    ] Safepoint "RevokeBias", Time since last: 32697 ns, Reaching safepoint: 78752 ns, At safepoint: 31475 ns, Total: 110227 ns
[2020-09-11T12:46:45.472+0000][1][safepoint    ] Safepoint "RevokeBias", Time since last: 29112 ns, Reaching safepoint: 77780 ns, At safepoint: 20800 ns, Total: 98580 ns
[2020-09-11T12:46:45.473+0000][1][safepoint    ] Safepoint "RevokeBias", Time since last: 71416 ns, Reaching safepoint: 82208 ns, At safepoint: 31614 ns, Total: 113822 ns
[2020-09-11T12:46:45.473+0000][1][safepoint    ] Safepoint "RevokeBias", Time since last: 44829 ns, Reaching safepoint: 81313 ns, At safepoint: 32547 ns, Total: 113860 ns
[2020-09-11T12:46:45.480+0000][1][safepoint    ] Safepoint "RevokeBias", Time since last: 88993 ns, Reaching safepoint: 6640901 ns, At safepoint: 56929 ns, Total: 6697830 ns
[2020-09-11T12:46:45.480+0000][1][safepoint    ] Safepoint "RevokeBias", Time since last: 701899 ns, Reaching safepoint: 88411 ns, At safepoint: 37229 ns, Total: 125640 ns
[2020-09-11T12:46:45.481+0000][1][safepoint    ] Safepoint "RevokeBias", Time since last: 91591 ns, Reaching safepoint: 82084 ns, At safepoint: 22030 ns, Total: 104114 ns
[2020-09-11T12:46:45.496+0000][1][safepoint    ] Safepoint "RevokeBias", Time since last: 14859305 ns, Reaching safepoint: 771289 ns, At safepoint: 46448 ns, Total: 817737 ns
[2020-09-11T12:46:45.497+0000][1][safepoint    ] Safepoint "RevokeBias", Time since last: 294122 ns, Reaching safepoint: 81843 ns, At safepoint: 33469 ns, Total: 115312 ns
[2020-09-11T12:46:48.154+0000][1][safepoint    ] Safepoint "Cleanup", Time since last: 2653926652 ns, Reaching safepoint: 3207515 ns, At safepoint: 8772 ns, Total: 3216287 ns
[2020-09-11T12:46:49.154+0000][1][safepoint    ] Safepoint "Cleanup", Time since last: 1000120569 ns, Reaching safepoint: 113891 ns, At safepoint: 7293 ns, Total: 121184 ns
[2020-09-11T12:46:50.155+0000][1][safepoint    ] Safepoint "Cleanup", Time since last: 1000172095 ns, Reaching safepoint: 1237686 ns, At safepoint: 7992 ns, Total: 1245678 ns
[2020-09-11T12:46:51.158+0000][1][safepoint    ] Safepoint "Cleanup", Time since last: 1002076364 ns, Reaching safepoint: 126958 ns, At safepoint: 6597 ns, Total: 133555 ns
[2020-09-11T12:46:51.857+0000][1][gc,start     ] GC(60) Pause Young (Allocation Failure)
[2020-09-11T12:46:51.863+0000][1][gc,task      ] GC(60) Using 1 workers of 1 for evacuation
[2020-09-11T12:46:51.962+0000][1][gc,age       ] GC(60) Desired survivor size 4358144 bytes, new threshold 2 (max threshold 6)
[2020-09-11T12:46:51.962+0000][1][gc,age       ] GC(60) Age table with threshold 2 (max threshold 6)
[2020-09-11T12:46:51.962+0000][1][gc,age       ] GC(60) - age   1:    2703432 bytes,    2703432 total
[2020-09-11T12:46:51.962+0000][1][gc,age       ] GC(60) - age   2:    2565736 bytes,    5269168 total
[2020-09-11T12:46:51.962+0000][1][gc,age       ] GC(60) - age   3:     165600 bytes,    5434768 total
[2020-09-11T12:46:51.962+0000][1][gc,age       ] GC(60) - age   4:    1307640 bytes,    6742408 total
[2020-09-11T12:46:51.962+0000][1][gc,heap      ] GC(60) ParNew: 76393K->8512K(76672K)
[2020-09-11T12:46:51.962+0000][1][gc,heap      ] GC(60) CMS: 48524K->50038K(439104K)
[2020-09-11T12:46:51.962+0000][1][gc,metaspace ] GC(60) Metaspace: 47459K->47459K(1093632K)
[2020-09-11T12:46:51.962+0000][1][gc           ] GC(60) Pause Young (Allocation Failure) 121M->57M(503M) 105.005ms
[2020-09-11T12:46:51.962+0000][1][gc,cpu       ] GC(60) User=0.04s Sys=0.00s Real=0.10s
[2020-09-11T12:46:51.975+0000][1][safepoint    ] Safepoint "GenCollectForAllocation", Time since last: 699610975 ns, Reaching safepoint: 135558 ns, At safepoint: 118050839 ns, Total: 118186397 ns
[2020-09-11T12:46:52.008+0000][1][safepoint    ] Safepoint "RevokeBias", Time since last: 32732123 ns, Reaching safepoint: 101891 ns, At safepoint: 13752 ns, Total: 115643 ns
[2020-09-11T12:46:52.348+0000][1][safepoint    ] Safepoint "RevokeBias", Time since last: 339138800 ns, Reaching safepoint: 112251 ns, At safepoint: 33328 ns, Total: 145579 ns
[2020-09-11T12:46:52.372+0000][1][safepoint    ] Safepoint "RevokeBias", Time since last: 23927853 ns, Reaching safepoint: 105812 ns, At safepoint: 40241 ns, Total: 146053 ns
[2020-09-11T12:46:53.235+0000][1][safepoint    ] Safepoint "RevokeBias", Time since last: 863115449 ns, Reaching safepoint: 535642 ns, At safepoint: 30024 ns, Total: 565666 ns
[2020-09-11T12:46:53.236+0000][1][safepoint    ] Safepoint "RevokeBias", Time since last: 242890 ns, Reaching safepoint: 149805 ns, At safepoint: 18170 ns, Total: 167975 ns
[2020-09-11T12:46:53.236+0000][1][safepoint    ] Safepoint "RevokeBias", Time since last: 44029 ns, Reaching safepoint: 89884 ns, At safepoint: 16761 ns, Total: 106645 ns
[2020-09-11T12:46:53.467+0000][1][safepoint    ] Safepoint "RevokeBias", Time since last: 231038451 ns, Reaching safepoint: 126076 ns, At safepoint: 39374 ns, Total: 165450 ns
[2020-09-11T12:46:53.468+0000][1][safepoint    ] Safepoint "RevokeBias", Time since last: 387752 ns, Reaching safepoint: 168058 ns, At safepoint: 32837 ns, Total: 200895 ns
[2020-09-11T12:46:53.468+0000][1][safepoint    ] Safepoint "RevokeBias", Time since last: 115162 ns, Reaching safepoint: 88979 ns, At safepoint: 31949 ns, Total: 120928 ns
[2020-09-11T12:46:53.468+0000][1][safepoint    ] Safepoint "RevokeBias", Time since last: 398616 ns, Reaching safepoint: 84222 ns, At safepoint: 22967 ns, Total: 107189 ns
[2020-09-11T12:46:53.480+0000][1][safepoint    ] Safepoint "RevokeBias", Time since last: 11503992 ns, Reaching safepoint: 39027 ns, At safepoint: 41621 ns, Total: 80648 ns
[2020-09-11T12:46:53.481+0000][1][safepoint    ] Safepoint "RevokeBias", Time since last: 533195 ns, Reaching safepoint: 19752 ns, At safepoint: 24050 ns, Total: 43802 ns
[2020-09-11T12:46:53.481+0000][1][safepoint    ] Safepoint "RevokeBias", Time since last: 785480 ns, Reaching safepoint: 86138 ns, At safepoint: 25460 ns, Total: 111598 ns
[2020-09-11T12:46:53.482+0000][1][safepoint    ] Safepoint "RevokeBias", Time since last: 78804 ns, Reaching safepoint: 81665 ns, At safepoint: 21421 ns, Total: 103086 ns
[2020-09-11T12:46:53.484+0000][1][safepoint    ] Safepoint "RevokeBias", Time since last: 1861342 ns, Reaching safepoint: 87830 ns, At safepoint: 24215 ns, Total: 112045 ns
[2020-09-11T12:46:53.484+0000][1][safepoint    ] Safepoint "RevokeBias", Time since last: 39346 ns, Reaching safepoint: 81009 ns, At safepoint: 20742 ns, Total: 101751 ns
[2020-09-11T12:46:53.484+0000][1][safepoint    ] Safepoint "RevokeBias", Time since last: 31499 ns, Reaching safepoint: 81006 ns, At safepoint: 20452 ns, Total: 101458 ns
[2020-09-11T12:46:53.484+0000][1][safepoint    ] Safepoint "RevokeBias", Time since last: 31257 ns, Reaching safepoint: 81583 ns, At safepoint: 24352 ns, Total: 105935 ns
[2020-09-11T12:46:53.484+0000][1][safepoint    ] Safepoint "RevokeBias", Time since last: 30769 ns, Reaching safepoint: 81422 ns, At safepoint: 23021 ns, Total: 104443 ns
[2020-09-11T12:46:53.484+0000][1][safepoint    ] Safepoint "RevokeBias", Time since last: 30536 ns, Reaching safepoint: 80753 ns, At safepoint: 22785 ns, Total: 103538 ns
[2020-09-11T12:46:53.484+0000][1][safepoint    ] Safepoint "RevokeBias", Time since last: 33158 ns, Reaching safepoint: 81100 ns, At safepoint: 20350 ns, Total: 101450 ns
[2020-09-11T12:46:53.485+0000][1][safepoint    ] Safepoint "BulkRevokeBias", Time since last: 30073 ns, Reaching safepoint: 80306 ns, At safepoint: 65870 ns, Total: 146176 ns
[2020-09-11T12:46:53.485+0000][1][safepoint    ] Safepoint "RevokeBias", Time since last: 55628 ns, Reaching safepoint: 83149 ns, At safepoint: 23341 ns, Total: 106490 ns
[2020-09-11T12:46:53.491+0000][1][safepoint    ] Safepoint "RevokeBias", Time since last: 37934 ns, Reaching safepoint: 6619586 ns, At safepoint: 48202 ns, Total: 6667788 ns
[2020-09-11T12:46:53.512+0000][1][safepoint    ] Safepoint "RevokeBias", Time since last: 19931368 ns, Reaching safepoint: 114695 ns, At safepoint: 55950 ns, Total: 170645 ns
[2020-09-11T12:46:53.512+0000][1][safepoint    ] Safepoint "RevokeBias", Time since last: 71421 ns, Reaching safepoint: 13315 ns, At safepoint: 11582 ns, Total: 24897 ns
[2020-09-11T12:46:53.512+0000][1][safepoint    ] Safepoint "RevokeBias", Time since last: 30219 ns, Reaching safepoint: 11387 ns, At safepoint: 10397 ns, Total: 21784 ns
[2020-09-11T12:46:53.516+0000][1][safepoint    ] Safepoint "RevokeBias", Time since last: 3712921 ns, Reaching safepoint: 89848 ns, At safepoint: 23582 ns, Total: 113430 ns
[2020-09-11T12:46:53.523+0000][1][safepoint    ] Safepoint "RevokeBias", Time since last: 7647526 ns, Reaching safepoint: 117178 ns, At safepoint: 36896 ns, Total: 154074 ns
[2020-09-11T12:46:53.524+0000][1][safepoint    ] Safepoint "RevokeBias", Time since last: 77637 ns, Reaching safepoint: 81932 ns, At safepoint: 21006 ns, Total: 102938 ns
[2020-09-11T12:46:53.524+0000][1][safepoint    ] Safepoint "RevokeBias", Time since last: 31348 ns, Reaching safepoint: 80837 ns, At safepoint: 18588 ns, Total: 99425 ns
[2020-09-11T12:46:53.524+0000][1][safepoint    ] Safepoint "RevokeBias", Time since last: 30156 ns, Reaching safepoint: 81705 ns, At safepoint: 23508 ns, Total: 105213 ns
[2020-09-11T12:46:53.524+0000][1][safepoint    ] Safepoint "RevokeBias", Time since last: 30006 ns, Reaching safepoint: 81328 ns, At safepoint: 22240 ns, Total: 103568 ns
[2020-09-11T12:46:53.524+0000][1][safepoint    ] Safepoint "RevokeBias", Time since last: 29077 ns, Reaching safepoint: 80178 ns, At safepoint: 18213 ns, Total: 98391 ns
[2020-09-11T12:46:53.524+0000][1][safepoint    ] Safepoint "RevokeBias", Time since last: 31663 ns, Reaching safepoint: 80259 ns, At safepoint: 18166 ns, Total: 98425 ns
[2020-09-11T12:46:53.524+0000][1][safepoint    ] Safepoint "RevokeBias", Time since last: 29010 ns, Reaching safepoint: 79880 ns, At safepoint: 18318 ns, Total: 98198 ns
[2020-09-11T12:46:53.524+0000][1][safepoint    ] Safepoint "RevokeBias", Time since last: 28500 ns, Reaching safepoint: 82292 ns, At safepoint: 25559 ns, Total: 107851 ns
[2020-09-11T12:46:53.525+0000][1][safepoint    ] Safepoint "RevokeBias", Time since last: 44291 ns, Reaching safepoint: 81469 ns, At safepoint: 23843 ns, Total: 105312 ns
[2020-09-11T12:46:53.525+0000][1][safepoint    ] Safepoint "RevokeBias", Time since last: 28958 ns, Reaching safepoint: 80598 ns, At safepoint: 19231 ns, Total: 99829 ns
[2020-09-11T12:46:53.525+0000][1][safepoint    ] Safepoint "RevokeBias", Time since last: 28205 ns, Reaching safepoint: 90069 ns, At safepoint: 32703 ns, Total: 122772 ns
[2020-09-11T12:46:53.525+0000][1][safepoint    ] Safepoint "RevokeBias", Time since last: 39238 ns, Reaching safepoint: 81185 ns, At safepoint: 20030 ns, Total: 101215 ns
[2020-09-11T12:46:53.525+0000][1][safepoint    ] Safepoint "RevokeBias", Time since last: 28982 ns, Reaching safepoint: 80546 ns, At safepoint: 20250 ns, Total: 100796 ns
[2020-09-11T12:46:53.525+0000][1][safepoint    ] Safepoint "RevokeBias", Time since last: 28259 ns, Reaching safepoint: 80521 ns, At safepoint: 24812 ns, Total: 105333 ns
[2020-09-11T12:46:53.525+0000][1][safepoint    ] Safepoint "BulkRevokeBias", Time since last: 28677 ns, Reaching safepoint: 79996 ns, At safepoint: 68261 ns, Total: 148257 ns
[2020-09-11T12:46:53.526+0000][1][safepoint    ] Safepoint "BulkRevokeBias", Time since last: 163256 ns, Reaching safepoint: 83057 ns, At safepoint: 52202 ns, Total: 135259 ns
[2020-09-11T12:46:53.526+0000][1][safepoint    ] Safepoint "RevokeBias", Time since last: 74438 ns, Reaching safepoint: 81887 ns, At safepoint: 22986 ns, Total: 104873 ns
[2020-09-11T12:46:53.527+0000][1][safepoint    ] Safepoint "RevokeBias", Time since last: 44483 ns, Reaching safepoint: 1400151 ns, At safepoint: 22420 ns, Total: 1422571 ns
[2020-09-11T12:46:53.528+0000][1][safepoint    ] Safepoint "RevokeBias", Time since last: 68171 ns, Reaching safepoint: 82512 ns, At safepoint: 18593 ns, Total: 101105 ns
[2020-09-11T12:46:53.528+0000][1][safepoint    ] Safepoint "RevokeBias", Time since last: 40441 ns, Reaching safepoint: 82483 ns, At safepoint: 18032 ns, Total: 100515 ns
[2020-09-11T12:46:53.528+0000][1][safepoint    ] Safepoint "RevokeBias", Time since last: 111522 ns, Reaching safepoint: 82052 ns, At safepoint: 18634 ns, Total: 100686 ns
[2020-09-11T12:46:53.532+0000][1][safepoint    ] Safepoint "RevokeBias", Time since last: 3690124 ns, Reaching safepoint: 105423 ns, At safepoint: 36524 ns, Total: 141947 ns
[2020-09-11T12:46:53.532+0000][1][safepoint    ] Safepoint "RevokeBias", Time since last: 86903 ns, Reaching safepoint: 83720 ns, At safepoint: 23937 ns, Total: 107657 ns
[2020-09-11T12:46:53.532+0000][1][safepoint    ] Safepoint "RevokeBias", Time since last: 120191 ns, Reaching safepoint: 83354 ns, At safepoint: 19310 ns, Total: 102664 ns
[2020-09-11T12:46:53.532+0000][1][safepoint    ] Safepoint "RevokeBias", Time since last: 46740 ns, Reaching safepoint: 79864 ns, At safepoint: 18587 ns, Total: 98451 ns
[2020-09-11T12:46:53.532+0000][1][safepoint    ] Safepoint "RevokeBias", Time since last: 29230 ns, Reaching safepoint: 78707 ns, At safepoint: 18031 ns, Total: 96738 ns
[2020-09-11T12:46:53.536+0000][1][safepoint    ] Safepoint "RevokeBias", Time since last: 2931572 ns, Reaching safepoint: 82832 ns, At safepoint: 26490 ns, Total: 109322 ns
[2020-09-11T12:46:53.536+0000][1][safepoint    ] Safepoint "RevokeBias", Time since last: 210305 ns, Reaching safepoint: 82366 ns, At safepoint: 24842 ns, Total: 107208 ns
[2020-09-11T12:46:53.536+0000][1][safepoint    ] Safepoint "RevokeBias", Time since last: 107824 ns, Reaching safepoint: 81317 ns, At safepoint: 19914 ns, Total: 101231 ns
[2020-09-11T12:46:53.536+0000][1][safepoint    ] Safepoint "RevokeBias", Time since last: 103252 ns, Reaching safepoint: 80661 ns, At safepoint: 19761 ns, Total: 100422 ns
[2020-09-11T12:46:53.537+0000][1][safepoint    ] Safepoint "RevokeBias", Time since last: 296455 ns, Reaching safepoint: 81465 ns, At safepoint: 21182 ns, Total: 102647 ns
[2020-09-11T12:46:53.537+0000][1][safepoint    ] Safepoint "BulkRevokeBias", Time since last: 404480 ns, Reaching safepoint: 82238 ns, At safepoint: 57815 ns, Total: 140053 ns
[2020-09-11T12:46:53.576+0000][1][safepoint    ] Safepoint "RevokeBias", Time since last: 38222940 ns, Reaching safepoint: 114510 ns, At safepoint: 28945 ns, Total: 143455 ns
[2020-09-11T12:46:53.576+0000][1][safepoint    ] Safepoint "RevokeBias", Time since last: 683775 ns, Reaching safepoint: 91055 ns, At safepoint: 18988 ns, Total: 110043 ns
[2020-09-11T12:46:53.576+0000][1][safepoint    ] Safepoint "RevokeBias", Time since last: 39228 ns, Reaching safepoint: 81744 ns, At safepoint: 15402 ns, Total: 97146 ns
[2020-09-11T12:46:53.693+0000][1][safepoint    ] Safepoint "RevokeBias", Time since last: 116636236 ns, Reaching safepoint: 102173 ns, At safepoint: 12911 ns, Total: 115084 ns
[2020-09-11T12:46:54.100+0000][1][safepoint    ] Safepoint "RevokeBias", Time since last: 406184565 ns, Reaching safepoint: 127937 ns, At safepoint: 16416 ns, Total: 144353 ns
[2020-09-11T12:46:54.100+0000][1][safepoint    ] Safepoint "RevokeBias", Time since last: 314842 ns, Reaching safepoint: 14805 ns, At safepoint: 8458 ns, Total: 23263 ns
[2020-09-11T12:46:54.744+0000][1][gc,start     ] GC(61) Pause Young (Allocation Failure)
[2020-09-11T12:46:54.744+0000][1][gc,task      ] GC(61) Using 1 workers of 1 for evacuation
[2020-09-11T12:46:54.921+0000][1][gc,age       ] GC(61) Desired survivor size 4358144 bytes, new threshold 2 (max threshold 6)
[2020-09-11T12:46:54.921+0000][1][gc,age       ] GC(61) Age table with threshold 2 (max threshold 6)
[2020-09-11T12:46:54.921+0000][1][gc,age       ] GC(61) - age   1:    2231528 bytes,    2231528 total
[2020-09-11T12:46:54.921+0000][1][gc,age       ] GC(61) - age   2:    2633608 bytes,    4865136 total
[2020-09-11T12:46:54.921+0000][1][gc,heap      ] GC(61) ParNew: 76672K->6148K(76672K)
[2020-09-11T12:46:54.921+0000][1][gc,heap      ] GC(61) CMS: 50038K->54062K(439104K)
[2020-09-11T12:46:54.921+0000][1][gc,metaspace ] GC(61) Metaspace: 52489K->52489K(1097728K)
[2020-09-11T12:46:54.921+0000][1][gc           ] GC(61) Pause Young (Allocation Failure) 123M->58M(503M) 177.277ms
[2020-09-11T12:46:54.921+0000][1][gc,cpu       ] GC(61) User=0.06s Sys=0.00s Real=0.17s
[2020-09-11T12:46:54.943+0000][1][safepoint    ] Safepoint "GenCollectForAllocation", Time since last: 643601543 ns, Reaching safepoint: 124246 ns, At safepoint: 199804503 ns, Total: 199928749 ns
[2020-09-11T12:46:55.241+0000][1][safepoint    ] Safepoint "RevokeBias", Time since last: 297471830 ns, Reaching safepoint: 386766 ns, At safepoint: 15431 ns, Total: 402197 ns
[2020-09-11T12:46:57.300+0000][1][safepoint    ] Safepoint "Cleanup", Time since last: 2058102485 ns, Reaching safepoint: 449497 ns, At safepoint: 7726 ns, Total: 457223 ns
[2020-09-11T12:46:58.308+0000][1][safepoint    ] Safepoint "Cleanup", Time since last: 1007191174 ns, Reaching safepoint: 731334 ns, At safepoint: 13547 ns, Total: 744881 ns
[2020-09-11T12:46:58.820+0000][1][gc,start     ] GC(62) Pause Young (Allocation Failure)
[2020-09-11T12:46:58.820+0000][1][gc,task      ] GC(62) Using 1 workers of 1 for evacuation
[2020-09-11T12:46:58.898+0000][1][gc,age       ] GC(62) Desired survivor size 4358144 bytes, new threshold 6 (max threshold 6)
[2020-09-11T12:46:58.898+0000][1][gc,age       ] GC(62) Age table with threshold 6 (max threshold 6)
[2020-09-11T12:46:58.898+0000][1][gc,age       ] GC(62) - age   1:    1558504 bytes,    1558504 total
[2020-09-11T12:46:58.898+0000][1][gc,age       ] GC(62) - age   2:    2185304 bytes,    3743808 total
[2020-09-11T12:46:58.898+0000][1][gc,heap      ] GC(62) ParNew: 74308K->5100K(76672K)
[2020-09-11T12:46:58.898+0000][1][gc,heap      ] GC(62) CMS: 54062K->56741K(439104K)
[2020-09-11T12:46:58.898+0000][1][gc,metaspace ] GC(62) Metaspace: 60113K->60113K(1103872K)
[2020-09-11T12:46:58.898+0000][1][gc           ] GC(62) Pause Young (Allocation Failure) 125M->60M(503M) 78.530ms
[2020-09-11T12:46:58.898+0000][1][gc,cpu       ] GC(62) User=0.02s Sys=0.00s Real=0.08s
[2020-09-11T12:46:58.915+0000][1][safepoint    ] Safepoint "GenCollectForAllocation", Time since last: 511624247 ns, Reaching safepoint: 130713 ns, At safepoint: 95869197 ns, Total: 95999910 ns
[2020-09-11T12:46:58.960+0000][1][safepoint    ] Safepoint "CollectForMetadataAllocation", Time since last: 44006705 ns, Reaching safepoint: 895412 ns, At safepoint: 97474 ns, Total: 992886 ns
[2020-09-11T12:46:59.002+0000][1][safepoint    ] Safepoint "CollectForMetadataAllocation", Time since last: 41221364 ns, Reaching safepoint: 116455 ns, At safepoint: 144780 ns, Total: 261235 ns
[2020-09-11T12:46:59.112+0000][1][safepoint    ] Safepoint "CollectForMetadataAllocation", Time since last: 109621130 ns, Reaching safepoint: 113860 ns, At safepoint: 125890 ns, Total: 239750 ns
[2020-09-11T12:46:59.317+0000][1][safepoint    ] Safepoint "CollectForMetadataAllocation", Time since last: 204721091 ns, Reaching safepoint: 109775 ns, At safepoint: 118489 ns, Total: 228264 ns
[2020-09-11T12:46:59.440+0000][1][safepoint    ] Safepoint "CollectForMetadataAllocation", Time since last: 122714244 ns, Reaching safepoint: 114943 ns, At safepoint: 119976 ns, Total: 234919 ns
[2020-09-11T12:46:59.736+0000][1][safepoint    ] Safepoint "CollectForMetadataAllocation", Time since last: 295774536 ns, Reaching safepoint: 150212 ns, At safepoint: 100676 ns, Total: 250888 ns
[2020-09-11T12:46:59.996+0000][1][safepoint    ] Safepoint "CollectForMetadataAllocation", Time since last: 259739517 ns, Reaching safepoint: 114532 ns, At safepoint: 127621 ns, Total: 242153 ns
[2020-09-11T12:47:00.318+0000][1][safepoint    ] Safepoint "CollectForMetadataAllocation", Time since last: 322033270 ns, Reaching safepoint: 125712 ns, At safepoint: 152263 ns, Total: 277975 ns
[2020-09-11T12:47:00.698+0000][1][safepoint    ] Safepoint "CollectForMetadataAllocation", Time since last: 379525515 ns, Reaching safepoint: 125827 ns, At safepoint: 102065 ns, Total: 227892 ns
[2020-09-11T12:47:00.708+0000][1][safepoint    ] Safepoint "RevokeBias", Time since last: 9684618 ns, Reaching safepoint: 117407 ns, At safepoint: 20372 ns, Total: 137779 ns
[2020-09-11T12:47:00.919+0000][1][gc,start     ] GC(63) Pause Initial Mark
[2020-09-11T12:47:00.953+0000][1][gc           ] GC(63) Pause Initial Mark 90M->90M(503M) 33.704ms
[2020-09-11T12:47:00.953+0000][1][gc,cpu       ] GC(63) User=0.01s Sys=0.00s Real=0.03s
[2020-09-11T12:47:00.971+0000][1][safepoint    ] Safepoint "CMS_Initial_Mark", Time since last: 209145960 ns, Reaching safepoint: 2727927 ns, At safepoint: 51982881 ns, Total: 54710808 ns
[2020-09-11T12:47:00.971+0000][1][gc           ] GC(63) Concurrent Mark
[2020-09-11T12:47:01.278+0000][1][safepoint    ] Safepoint "CollectForMetadataAllocation", Time since last: 306095370 ns, Reaching safepoint: 65390 ns, At safepoint: 127469 ns, Total: 192859 ns
[2020-09-11T12:47:01.387+0000][1][safepoint    ] Safepoint "Deoptimize", Time since last: 109056549 ns, Reaching safepoint: 63184 ns, At safepoint: 309759 ns, Total: 372943 ns
[2020-09-11T12:47:01.508+0000][1][gc           ] GC(63) Concurrent Mark 536.940ms
[2020-09-11T12:47:01.508+0000][1][gc,cpu       ] GC(63) User=0.18s Sys=0.01s Real=0.54s
[2020-09-11T12:47:01.508+0000][1][gc           ] GC(63) Concurrent Preclean
[2020-09-11T12:47:01.510+0000][1][gc           ] GC(63) Concurrent Preclean 1.540ms
[2020-09-11T12:47:01.510+0000][1][gc,cpu       ] GC(63) User=0.00s Sys=0.00s Real=0.00s
[2020-09-11T12:47:01.510+0000][1][gc           ] GC(63) Concurrent Abortable Preclean
[2020-09-11T12:47:01.796+0000][1][safepoint    ] Safepoint "CollectForMetadataAllocation", Time since last: 408281794 ns, Reaching safepoint: 114899 ns, At safepoint: 128132 ns, Total: 243031 ns
[2020-09-11T12:47:02.243+0000][1][safepoint    ] Safepoint "CollectForMetadataAllocation", Time since last: 447090625 ns, Reaching safepoint: 127154 ns, At safepoint: 141576 ns, Total: 268730 ns
[2020-09-11T12:47:02.533+0000][1][safepoint    ] Safepoint "RevokeBias", Time since last: 288421440 ns, Reaching safepoint: 1426271 ns, At safepoint: 22281 ns, Total: 1448552 ns
[2020-09-11T12:47:02.539+0000][1][safepoint    ] Safepoint "RevokeBias", Time since last: 5332986 ns, Reaching safepoint: 1217513 ns, At safepoint: 21166 ns, Total: 1238679 ns
[2020-09-11T12:47:02.543+0000][1][safepoint    ] Safepoint "RevokeBias", Time since last: 81345 ns, Reaching safepoint: 3881830 ns, At safepoint: 14636 ns, Total: 3896466 ns
[2020-09-11T12:47:02.544+0000][1][safepoint    ] Safepoint "RevokeBias", Time since last: 112609 ns, Reaching safepoint: 97634 ns, At safepoint: 11565 ns, Total: 109199 ns
[2020-09-11T12:47:02.650+0000][1][safepoint    ] Safepoint "CollectForMetadataAllocation", Time since last: 102182437 ns, Reaching safepoint: 3746867 ns, At safepoint: 71911 ns, Total: 3818778 ns
[2020-09-11T12:47:02.696+0000][1][safepoint    ] Safepoint "RevokeBias", Time since last: 23327375 ns, Reaching safepoint: 22457456 ns, At safepoint: 51440 ns, Total: 22508896 ns
[2020-09-11T12:47:02.724+0000][1][safepoint    ] Safepoint "RevokeBias", Time since last: 16375898 ns, Reaching safepoint: 11588028 ns, At safepoint: 61117 ns, Total: 11649145 ns
[2020-09-11T12:47:02.724+0000][1][safepoint    ] Safepoint "RevokeBias", Time since last: 88280 ns, Reaching safepoint: 89082 ns, At safepoint: 32628 ns, Total: 121710 ns
[2020-09-11T12:47:02.724+0000][1][safepoint    ] Safepoint "RevokeBias", Time since last: 162395 ns, Reaching safepoint: 87442 ns, At safepoint: 31762 ns, Total: 119204 ns
[2020-09-11T12:47:03.197+0000][1][safepoint    ] Safepoint "CollectForMetadataAllocation", Time since last: 472903756 ns, Reaching safepoint: 57651 ns, At safepoint: 118042 ns, Total: 175693 ns
[2020-09-11T12:47:03.672+0000][1][safepoint    ] Safepoint "CollectForMetadataAllocation", Time since last: 474329820 ns, Reaching safepoint: 76849 ns, At safepoint: 74578 ns, Total: 151427 ns
[2020-09-11T12:47:03.846+0000][1][safepoint    ] Safepoint "CollectForMetadataAllocation", Time since last: 174657029 ns, Reaching safepoint: 120492 ns, At safepoint: 127046 ns, Total: 247538 ns
[2020-09-11T12:47:04.040+0000][1][safepoint    ] Safepoint "CollectForMetadataAllocation", Time since last: 192965528 ns, Reaching safepoint: 53640 ns, At safepoint: 134599 ns, Total: 188239 ns
[2020-09-11T12:47:04.266+0000][1][safepoint    ] Safepoint "CollectForMetadataAllocation", Time since last: 211786519 ns, Reaching safepoint: 12054707 ns, At safepoint: 2995155 ns, Total: 15049862 ns
[2020-09-11T12:47:04.343+0000][1][safepoint    ] Safepoint "RevokeBias", Time since last: 76255173 ns, Reaching safepoint: 102341 ns, At safepoint: 13705 ns, Total: 116046 ns
[2020-09-11T12:47:04.343+0000][1][safepoint    ] Safepoint "RevokeBias", Time since last: 219226 ns, Reaching safepoint: 81322 ns, At safepoint: 8312 ns, Total: 89634 ns
[2020-09-11T12:47:04.624+0000][1][safepoint    ] Safepoint "CollectForMetadataAllocation", Time since last: 280271569 ns, Reaching safepoint: 110578 ns, At safepoint: 124972 ns, Total: 235550 ns
[2020-09-11T12:47:04.872+0000][1][safepoint    ] Safepoint "CollectForMetadataAllocation", Time since last: 244228393 ns, Reaching safepoint: 3550421 ns, At safepoint: 122244 ns, Total: 3672665 ns
[2020-09-11T12:47:05.035+0000][1][gc,start     ] GC(64) Pause Young (Allocation Failure)
[2020-09-11T12:47:05.036+0000][1][gc,task      ] GC(64) Using 1 workers of 1 for evacuation
[2020-09-11T12:47:05.114+0000][1][gc,age       ] GC(64) Desired survivor size 4358144 bytes, new threshold 2 (max threshold 6)
[2020-09-11T12:47:05.114+0000][1][gc,age       ] GC(64) Age table with threshold 2 (max threshold 6)
[2020-09-11T12:47:05.114+0000][1][gc,age       ] GC(64) - age   1:    3483208 bytes,    3483208 total
[2020-09-11T12:47:05.114+0000][1][gc,age       ] GC(64) - age   2:    1408152 bytes,    4891360 total
[2020-09-11T12:47:05.114+0000][1][gc,age       ] GC(64) - age   3:    2171992 bytes,    7063352 total
[2020-09-11T12:47:05.114+0000][1][gc,heap      ] GC(64) ParNew: 73260K->8034K(76672K)
[2020-09-11T12:47:05.114+0000][1][gc,heap      ] GC(64) CMS: 56741K->56741K(439104K)
[2020-09-11T12:47:05.114+0000][1][gc,metaspace ] GC(64) Metaspace: 66315K->66315K(1110016K)
[2020-09-11T12:47:05.115+0000][1][gc           ] GC(64) Pause Young (Allocation Failure) 126M->63M(503M) 79.022ms
[2020-09-11T12:47:05.115+0000][1][gc,cpu       ] GC(64) User=0.03s Sys=0.00s Real=0.07s
[2020-09-11T12:47:05.134+0000][1][safepoint    ] Safepoint "GenCollectForAllocation", Time since last: 147278992 ns, Reaching safepoint: 16626682 ns, At safepoint: 98758190 ns, Total: 115384872 ns
[2020-09-11T12:47:05.204+0000][1][safepoint    ] Safepoint "CollectForMetadataAllocation", Time since last: 69188206 ns, Reaching safepoint: 64133 ns, At safepoint: 133803 ns, Total: 197936 ns
[2020-09-11T12:47:05.272+0000][1][safepoint    ] Safepoint "RevokeBias", Time since last: 67819371 ns, Reaching safepoint: 58153 ns, At safepoint: 12254 ns, Total: 70407 ns
[2020-09-11T12:47:05.273+0000][1][safepoint    ] Safepoint "RevokeBias", Time since last: 87057 ns, Reaching safepoint: 1158340 ns, At safepoint: 11524 ns, Total: 1169864 ns
[2020-09-11T12:47:05.374+0000][1][safepoint    ] Safepoint "CollectForMetadataAllocation", Time since last: 100679421 ns, Reaching safepoint: 58781 ns, At safepoint: 112795 ns, Total: 171576 ns
[2020-09-11T12:47:05.548+0000][1][safepoint    ] Safepoint "CollectForMetadataAllocation", Time since last: 167780817 ns, Reaching safepoint: 6055337 ns, At safepoint: 147041 ns, Total: 6202378 ns
[2020-09-11T12:47:05.732+0000][1][safepoint    ] Safepoint "CollectForMetadataAllocation", Time since last: 183847373 ns, Reaching safepoint: 65015 ns, At safepoint: 116582 ns, Total: 181597 ns
[2020-09-11T12:47:05.812+0000][1][safepoint    ] Safepoint "CollectForMetadataAllocation", Time since last: 79719791 ns, Reaching safepoint: 80531 ns, At safepoint: 110185 ns, Total: 190716 ns
[2020-09-11T12:47:05.913+0000][1][safepoint    ] Safepoint "RevokeBias", Time since last: 101088416 ns, Reaching safepoint: 56689 ns, At safepoint: 27764 ns, Total: 84453 ns
[2020-09-11T12:47:05.920+0000][1][safepoint    ] Safepoint "CollectForMetadataAllocation", Time since last: 6703068 ns, Reaching safepoint: 51882 ns, At safepoint: 137779 ns, Total: 189661 ns
[2020-09-11T12:47:05.953+0000][1][safepoint    ] Safepoint "CollectForMetadataAllocation", Time since last: 32286739 ns, Reaching safepoint: 1147642 ns, At safepoint: 111231 ns, Total: 1258873 ns
[2020-09-11T12:47:05.988+0000][1][safepoint    ] Safepoint "Deoptimize", Time since last: 30192187 ns, Reaching safepoint: 4112663 ns, At safepoint: 336683 ns, Total: 4449346 ns
[2020-09-11T12:47:06.020+0000][1][safepoint    ] Safepoint "CollectForMetadataAllocation", Time since last: 31568563 ns, Reaching safepoint: 74166 ns, At safepoint: 119250 ns, Total: 193416 ns
[2020-09-11T12:47:06.023+0000][1][safepoint    ] Safepoint "Deoptimize", Time since last: 1136959 ns, Reaching safepoint: 2238106 ns, At safepoint: 336250 ns, Total: 2574356 ns
[2020-09-11T12:47:06.177+0000][1][safepoint    ] Safepoint "CollectForMetadataAllocation", Time since last: 153656507 ns, Reaching safepoint: 61750 ns, At safepoint: 69218 ns, Total: 130968 ns
[2020-09-11T12:47:06.276+0000][1][safepoint    ] Safepoint "CollectForMetadataAllocation", Time since last: 98506413 ns, Reaching safepoint: 50933 ns, At safepoint: 128251 ns, Total: 179184 ns
[2020-09-11T12:47:06.332+0000][1][safepoint    ] Safepoint "RevokeBias", Time since last: 48699463 ns, Reaching safepoint: 7043948 ns, At safepoint: 30434 ns, Total: 7074382 ns
[2020-09-11T12:47:06.332+0000][1][safepoint    ] Safepoint "RevokeBias", Time since last: 504445 ns, Reaching safepoint: 94447 ns, At safepoint: 24248 ns, Total: 118695 ns
[2020-09-11T12:47:06.333+0000][1][safepoint    ] Safepoint "RevokeBias", Time since last: 698278 ns, Reaching safepoint: 22407 ns, At safepoint: 20069 ns, Total: 42476 ns
[2020-09-11T12:47:06.340+0000][1][safepoint    ] Safepoint "RevokeBias", Time since last: 6688692 ns, Reaching safepoint: 37985 ns, At safepoint: 24508 ns, Total: 62493 ns
[2020-09-11T12:47:06.340+0000][1][safepoint    ] Safepoint "RevokeBias", Time since last: 586905 ns, Reaching safepoint: 97004 ns, At safepoint: 24518 ns, Total: 121522 ns
[2020-09-11T12:47:06.340+0000][1][safepoint    ] Safepoint "RevokeBias", Time since last: 51331 ns, Reaching safepoint: 92095 ns, At safepoint: 21097 ns, Total: 113192 ns
[2020-09-11T12:47:06.341+0000][1][safepoint    ] Safepoint "RevokeBias", Time since last: 98438 ns, Reaching safepoint: 89481 ns, At safepoint: 20973 ns, Total: 110454 ns
[2020-09-11T12:47:06.341+0000][1][safepoint    ] Safepoint "RevokeBias", Time since last: 262140 ns, Reaching safepoint: 85236 ns, At safepoint: 19345 ns, Total: 104581 ns
[2020-09-11T12:47:06.341+0000][1][safepoint    ] Safepoint "RevokeBias", Time since last: 177279 ns, Reaching safepoint: 90134 ns, At safepoint: 21098 ns, Total: 111232 ns
[2020-09-11T12:47:06.342+0000][1][safepoint    ] Safepoint "RevokeBias", Time since last: 42500 ns, Reaching safepoint: 87904 ns, At safepoint: 19418 ns, Total: 107322 ns
[2020-09-11T12:47:06.348+0000][1][safepoint    ] Safepoint "RevokeBias", Time since last: 5979250 ns, Reaching safepoint: 94759 ns, At safepoint: 26408 ns, Total: 121167 ns
[2020-09-11T12:47:06.348+0000][1][safepoint    ] Safepoint "RevokeBias", Time since last: 126076 ns, Reaching safepoint: 90895 ns, At safepoint: 22672 ns, Total: 113567 ns
[2020-09-11T12:47:06.362+0000][1][safepoint    ] Safepoint "RevokeBias", Time since last: 7560535 ns, Reaching safepoint: 6686132 ns, At safepoint: 29319 ns, Total: 6715451 ns
[2020-09-11T12:47:06.362+0000][1][safepoint    ] Safepoint "RevokeBias", Time since last: 125164 ns, Reaching safepoint: 24952 ns, At safepoint: 20417 ns, Total: 45369 ns
[2020-09-11T12:47:06.362+0000][1][safepoint    ] Safepoint "RevokeBias", Time since last: 52692 ns, Reaching safepoint: 18726 ns, At safepoint: 17021 ns, Total: 35747 ns
[2020-09-11T12:47:06.362+0000][1][safepoint    ] Safepoint "RevokeBias", Time since last: 49770 ns, Reaching safepoint: 16241 ns, At safepoint: 16307 ns, Total: 32548 ns
[2020-09-11T12:47:06.363+0000][1][safepoint    ] Safepoint "RevokeBias", Time since last: 349689 ns, Reaching safepoint: 18324 ns, At safepoint: 17459 ns, Total: 35783 ns
[2020-09-11T12:47:06.363+0000][1][safepoint    ] Safepoint "RevokeBias", Time since last: 56976 ns, Reaching safepoint: 14024 ns, At safepoint: 15613 ns, Total: 29637 ns
[2020-09-11T12:47:06.363+0000][1][safepoint    ] Safepoint "BulkRevokeBias", Time since last: 44186 ns, Reaching safepoint: 13464 ns, At safepoint: 69777 ns, Total: 83241 ns
[2020-09-11T12:47:06.387+0000][1][safepoint    ] Safepoint "RevokeBias", Time since last: 16350438 ns, Reaching safepoint: 8048546 ns, At safepoint: 29587 ns, Total: 8078133 ns
[2020-09-11T12:47:06.388+0000][1][safepoint    ] Safepoint "RevokeBias", Time since last: 152183 ns, Reaching safepoint: 23448 ns, At safepoint: 21589 ns, Total: 45037 ns
[2020-09-11T12:47:06.388+0000][1][safepoint    ] Safepoint "RevokeBias", Time since last: 69579 ns, Reaching safepoint: 17699 ns, At safepoint: 17434 ns, Total: 35133 ns
[2020-09-11T12:47:06.388+0000][1][safepoint    ] Safepoint "RevokeBias", Time since last: 213206 ns, Reaching safepoint: 17747 ns, At safepoint: 17811 ns, Total: 35558 ns
[2020-09-11T12:47:06.388+0000][1][safepoint    ] Safepoint "RevokeBias", Time since last: 65049 ns, Reaching safepoint: 14883 ns, At safepoint: 16880 ns, Total: 31763 ns
[2020-09-11T12:47:06.396+0000][1][safepoint    ] Safepoint "Deoptimize", Time since last: 2800081 ns, Reaching safepoint: 4494597 ns, At safepoint: 317280 ns, Total: 4811877 ns
[2020-09-11T12:47:06.492+0000][1][safepoint    ] Safepoint "CollectForMetadataAllocation", Time since last: 95679155 ns, Reaching safepoint: 71814 ns, At safepoint: 126415 ns, Total: 198229 ns
[2020-09-11T12:47:06.730+0000][1][safepoint    ] Safepoint "RevokeBias", Time since last: 224649182 ns, Reaching safepoint: 14145575 ns, At safepoint: 44782 ns, Total: 14190357 ns
[2020-09-11T12:47:06.731+0000][1][safepoint    ] Safepoint "RevokeBias", Time since last: 102542 ns, Reaching safepoint: 101545 ns, At safepoint: 31452 ns, Total: 132997 ns
[2020-09-11T12:47:06.731+0000][1][safepoint    ] Safepoint "RevokeBias", Time since last: 55854 ns, Reaching safepoint: 95366 ns, At safepoint: 32176 ns, Total: 127542 ns
[2020-09-11T12:47:06.731+0000][1][safepoint    ] Safepoint "RevokeBias", Time since last: 65859 ns, Reaching safepoint: 93413 ns, At safepoint: 30229 ns, Total: 123642 ns
[2020-09-11T12:47:06.731+0000][1][safepoint    ] Safepoint "RevokeBias", Time since last: 44521 ns, Reaching safepoint: 90266 ns, At safepoint: 25164 ns, Total: 115430 ns
[2020-09-11T12:47:06.731+0000][1][safepoint    ] Safepoint "RevokeBias", Time since last: 53172 ns, Reaching safepoint: 107910 ns, At safepoint: 24590 ns, Total: 132500 ns
[2020-09-11T12:47:06.732+0000][1][safepoint    ] Safepoint "RevokeBias", Time since last: 51924 ns, Reaching safepoint: 88642 ns, At safepoint: 23674 ns, Total: 112316 ns
[2020-09-11T12:47:06.732+0000][1][safepoint    ] Safepoint "RevokeBias", Time since last: 41929 ns, Reaching safepoint: 87478 ns, At safepoint: 24978 ns, Total: 112456 ns
[2020-09-11T12:47:06.748+0000][1][safepoint    ] Safepoint "CollectForMetadataAllocation", Time since last: 15699182 ns, Reaching safepoint: 53921 ns, At safepoint: 77143 ns, Total: 131064 ns
[2020-09-11T12:47:06.755+0000][1][gc           ] GC(63) Concurrent Abortable Preclean 5245.110ms
[2020-09-11T12:47:06.755+0000][1][gc,cpu       ] GC(63) User=1.88s Sys=0.03s Real=5.24s
[2020-09-11T12:47:06.768+0000][1][gc,start     ] GC(63) Pause Remark
[2020-09-11T12:47:06.807+0000][1][gc           ] GC(63) Pause Remark 87M->87M(503M) 39.709ms
[2020-09-11T12:47:06.807+0000][1][gc,cpu       ] GC(63) User=0.02s Sys=0.00s Real=0.04s
[2020-09-11T12:47:06.822+0000][1][safepoint    ] Safepoint "CMS_Final_Remark", Time since last: 19848130 ns, Reaching safepoint: 111296 ns, At safepoint: 54473185 ns, Total: 54584481 ns
[2020-09-11T12:47:06.822+0000][1][gc           ] GC(63) Concurrent Sweep
[2020-09-11T12:47:06.905+0000][1][gc           ] GC(63) Concurrent Sweep 82.447ms
[2020-09-11T12:47:06.905+0000][1][gc,cpu       ] GC(63) User=0.04s Sys=0.00s Real=0.09s
[2020-09-11T12:47:06.905+0000][1][gc           ] GC(63) Concurrent Reset
[2020-09-11T12:47:06.905+0000][1][gc           ] GC(63) Concurrent Reset 0.635ms
[2020-09-11T12:47:06.905+0000][1][gc,cpu       ] GC(63) User=0.00s Sys=0.00s Real=0.00s
[2020-09-11T12:47:06.905+0000][1][gc,heap      ] GC(63) Old: 56741K->55788K(439104K)
[2020-09-11T12:47:07.044+0000][1][safepoint    ] Safepoint "Deoptimize", Time since last: 220622128 ns, Reaching safepoint: 850211 ns, At safepoint: 339476 ns, Total: 1189687 ns
[2020-09-11T12:47:07.249+0000][1][safepoint    ] Safepoint "RevokeBias", Time since last: 205015277 ns, Reaching safepoint: 252085 ns, At safepoint: 17675 ns, Total: 269760 ns
[2020-09-11T12:47:07.263+0000][1][safepoint    ] Safepoint "RevokeBias", Time since last: 13696671 ns, Reaching safepoint: 505726 ns, At safepoint: 28473 ns, Total: 534199 ns
[2020-09-11T12:47:07.267+0000][1][safepoint    ] Safepoint "RevokeBias", Time since last: 827645 ns, Reaching safepoint: 3268777 ns, At safepoint: 26716 ns, Total: 3295493 ns
[2020-09-11T12:47:07.268+0000][1][safepoint    ] Safepoint "RevokeBias", Time since last: 172782 ns, Reaching safepoint: 228605 ns, At safepoint: 25151 ns, Total: 253756 ns
[2020-09-11T12:47:07.269+0000][1][safepoint    ] Safepoint "RevokeBias", Time since last: 200330 ns, Reaching safepoint: 828280 ns, At safepoint: 20050 ns, Total: 848330 ns
[2020-09-11T12:47:07.269+0000][1][safepoint    ] Safepoint "RevokeBias", Time since last: 52106 ns, Reaching safepoint: 232364 ns, At safepoint: 33550 ns, Total: 265914 ns
[2020-09-11T12:47:07.272+0000][1][safepoint    ] Safepoint "RevokeBias", Time since last: 2895417 ns, Reaching safepoint: 169142 ns, At safepoint: 22536 ns, Total: 191678 ns
[2020-09-11T12:47:07.288+0000][1][safepoint    ] Safepoint "RevokeBias", Time since last: 15078391 ns, Reaching safepoint: 581038 ns, At safepoint: 20875 ns, Total: 601913 ns
[2020-09-11T12:47:07.288+0000][1][safepoint    ] Safepoint "RevokeBias", Time since last: 177856 ns, Reaching safepoint: 101371 ns, At safepoint: 26780 ns, Total: 128151 ns
[2020-09-11T12:47:07.294+0000][1][safepoint    ] Safepoint "RevokeBias", Time since last: 5793566 ns, Reaching safepoint: 111356 ns, At safepoint: 18846 ns, Total: 130202 ns
[2020-09-11T12:47:07.307+0000][1][safepoint    ] Safepoint "RevokeBias", Time since last: 11484968 ns, Reaching safepoint: 1714437 ns, At safepoint: 24287 ns, Total: 1738724 ns
[2020-09-11T12:47:07.308+0000][1][safepoint    ] Safepoint "RevokeBias", Time since last: 352917 ns, Reaching safepoint: 100690 ns, At safepoint: 15027 ns, Total: 115717 ns
[2020-09-11T12:47:07.310+0000][1][safepoint    ] Safepoint "RevokeBias", Time since last: 124409 ns, Reaching safepoint: 2304195 ns, At safepoint: 20333 ns, Total: 2324528 ns
[2020-09-11T12:47:07.311+0000][1][safepoint    ] Safepoint "RevokeBias", Time since last: 128747 ns, Reaching safepoint: 96172 ns, At safepoint: 14829 ns, Total: 111001 ns
[2020-09-11T12:47:07.320+0000][1][safepoint    ] Safepoint "RevokeBias", Time since last: 8794352 ns, Reaching safepoint: 138489 ns, At safepoint: 18933 ns, Total: 157422 ns
[2020-09-11T12:47:08.210+0000][1][safepoint    ] Safepoint "RevokeBias", Time since last: 890265574 ns, Reaching safepoint: 157240 ns, At safepoint: 36360 ns, Total: 193600 ns
[2020-09-11T12:47:08.243+0000][1][safepoint    ] Safepoint "RevokeBias", Time since last: 32845408 ns, Reaching safepoint: 108974 ns, At safepoint: 17405 ns, Total: 126379 ns
[2020-09-11T12:47:08.247+0000][1][safepoint    ] Safepoint "RevokeBias", Time since last: 1500884 ns, Reaching safepoint: 2942004 ns, At safepoint: 21428 ns, Total: 2963432 ns
[2020-09-11T12:47:08.248+0000][1][safepoint    ] Safepoint "RevokeBias", Time since last: 139108 ns, Reaching safepoint: 98781 ns, At safepoint: 13918 ns, Total: 112699 ns
[2020-09-11T12:47:08.253+0000][1][safepoint    ] Safepoint "RevokeBias", Time since last: 3183544 ns, Reaching safepoint: 2377803 ns, At safepoint: 18159 ns, Total: 2395962 ns
[2020-09-11T12:47:08.254+0000][1][safepoint    ] Safepoint "RevokeBias", Time since last: 139401 ns, Reaching safepoint: 101528 ns, At safepoint: 13217 ns, Total: 114745 ns
[2020-09-11T12:47:09.247+0000][1][safepoint    ] Safepoint "RevokeBias", Time since last: 993081774 ns, Reaching safepoint: 153439 ns, At safepoint: 16426 ns, Total: 169865 ns
[2020-09-11T12:47:10.248+0000][1][safepoint    ] Safepoint "Cleanup", Time since last: 1000597648 ns, Reaching safepoint: 160400 ns, At safepoint: 8107 ns, Total: 168507 ns
[2020-09-11T12:47:10.257+0000][1][safepoint    ] Safepoint "RevokeBias", Time since last: 9351603 ns, Reaching safepoint: 37773 ns, At safepoint: 20192 ns, Total: 57965 ns
[2020-09-11T12:47:11.259+0000][1][safepoint    ] Safepoint "Cleanup", Time since last: 1002009916 ns, Reaching safepoint: 50596 ns, At safepoint: 7555 ns, Total: 58151 ns
[2020-09-11T12:47:12.259+0000][1][safepoint    ] Safepoint "Cleanup", Time since last: 1000159240 ns, Reaching safepoint: 74043 ns, At safepoint: 7092 ns, Total: 81135 ns
[2020-09-11T12:47:14.260+0000][1][safepoint    ] Safepoint "Cleanup", Time since last: 2000263210 ns, Reaching safepoint: 80943 ns, At safepoint: 9147 ns, Total: 90090 ns
[2020-09-11T12:47:16.249+0000][1][safepoint    ] Safepoint "BulkRevokeBias", Time since last: 1989029205 ns, Reaching safepoint: 189114 ns, At safepoint: 261734 ns, Total: 450848 ns
[2020-09-11T12:47:16.252+0000][1][safepoint    ] Safepoint "BulkRevokeBias", Time since last: 2358593 ns, Reaching safepoint: 180701 ns, At safepoint: 273912 ns, Total: 454613 ns
[2020-09-11T12:47:17.252+0000][1][safepoint    ] Safepoint "Cleanup", Time since last: 1000210832 ns, Reaching safepoint: 79753 ns, At safepoint: 8285 ns, Total: 88038 ns
[2020-09-11T12:47:18.250+0000][1][safepoint    ] Safepoint "RevokeBias", Time since last: 998177105 ns, Reaching safepoint: 44068 ns, At safepoint: 14368 ns, Total: 58436 ns
[2020-09-11T12:47:18.251+0000][1][safepoint    ] Safepoint "RevokeBias", Time since last: 105111 ns, Reaching safepoint: 33145 ns, At safepoint: 9915 ns, Total: 43060 ns
[2020-09-11T12:47:18.251+0000][1][safepoint    ] Safepoint "BulkRevokeBias", Time since last: 65762 ns, Reaching safepoint: 20099 ns, At safepoint: 297720 ns, Total: 317819 ns
[2020-09-11T12:47:19.251+0000][1][safepoint    ] Safepoint "Cleanup", Time since last: 1000119943 ns, Reaching safepoint: 301294 ns, At safepoint: 22048 ns, Total: 323342 ns
[2020-09-11T12:47:23.252+0000][1][safepoint    ] Safepoint "Cleanup", Time since last: 4000389977 ns, Reaching safepoint: 41866 ns, At safepoint: 6464 ns, Total: 48330 ns
[2020-09-11T12:47:25.252+0000][1][safepoint    ] Safepoint "RevokeBias", Time since last: 2000149525 ns, Reaching safepoint: 156079 ns, At safepoint: 16499 ns, Total: 172578 ns
[2020-09-11T12:47:26.252+0000][1][safepoint    ] Safepoint "BulkRevokeBias", Time since last: 999695662 ns, Reaching safepoint: 154939 ns, At safepoint: 111709 ns, Total: 266648 ns
[2020-09-11T12:47:26.254+0000][1][safepoint    ] Safepoint "BulkRevokeBias", Time since last: 1261049 ns, Reaching safepoint: 132810 ns, At safepoint: 119266 ns, Total: 252076 ns
[2020-09-11T12:47:28.255+0000][1][safepoint    ] Safepoint "Cleanup", Time since last: 2001581930 ns, Reaching safepoint: 38060 ns, At safepoint: 6148 ns, Total: 44208 ns
[2020-09-11T12:47:31.256+0000][1][safepoint    ] Safepoint "Cleanup", Time since last: 3000719788 ns, Reaching safepoint: 271884 ns, At safepoint: 25154 ns, Total: 297038 ns
[2020-09-11T12:47:32.257+0000][1][safepoint    ] Safepoint "Cleanup", Time since last: 1000161352 ns, Reaching safepoint: 82897 ns, At safepoint: 14757 ns, Total: 97654 ns
[2020-09-11T12:47:33.257+0000][1][safepoint    ] Safepoint "Cleanup", Time since last: 1000150494 ns, Reaching safepoint: 44766 ns, At safepoint: 6427 ns, Total: 51193 ns
[2020-09-11T12:47:35.257+0000][1][safepoint    ] Safepoint "Cleanup", Time since last: 2000228343 ns, Reaching safepoint: 281713 ns, At safepoint: 21763 ns, Total: 303476 ns
[2020-09-11T12:47:36.258+0000][1][safepoint    ] Safepoint "Cleanup", Time since last: 1000122242 ns, Reaching safepoint: 155490 ns, At safepoint: 7419 ns, Total: 162909 ns
[2020-09-11T12:47:37.258+0000][1][safepoint    ] Safepoint "Cleanup", Time since last: 1000090957 ns, Reaching safepoint: 156455 ns, At safepoint: 9789 ns, Total: 166244 ns
[2020-09-11T12:47:37.320+0000][1][safepoint    ] Safepoint "RevokeBias", Time since last: 61919720 ns, Reaching safepoint: 128788 ns, At safepoint: 26578 ns, Total: 155366 ns
[2020-09-11T12:47:37.320+0000][1][safepoint    ] Safepoint "RevokeBias", Time since last: 345530 ns, Reaching safepoint: 109697 ns, At safepoint: 23286 ns, Total: 132983 ns
[2020-09-11T12:47:37.322+0000][1][safepoint    ] Safepoint "RevokeBias", Time since last: 1757258 ns, Reaching safepoint: 225544 ns, At safepoint: 27440 ns, Total: 252984 ns
[2020-09-11T12:47:37.323+0000][1][safepoint    ] Safepoint "RevokeBias", Time since last: 139590 ns, Reaching safepoint: 224574 ns, At safepoint: 19315 ns, Total: 243889 ns
[2020-09-11T12:47:38.323+0000][1][safepoint    ] Safepoint "Cleanup", Time since last: 1000124130 ns, Reaching safepoint: 105349 ns, At safepoint: 17530 ns, Total: 122879 ns
[2020-09-11T12:47:40.812+0000][1][gc,start     ] GC(65) Pause Young (Allocation Failure)
[2020-09-11T12:47:40.812+0000][1][gc,task      ] GC(65) Using 1 workers of 1 for evacuation
[2020-09-11T12:47:40.843+0000][1][gc,age       ] GC(65) Desired survivor size 4358144 bytes, new threshold 2 (max threshold 6)
[2020-09-11T12:47:40.843+0000][1][gc,age       ] GC(65) Age table with threshold 2 (max threshold 6)
[2020-09-11T12:47:40.843+0000][1][gc,age       ] GC(65) - age   1:    1364464 bytes,    1364464 total
[2020-09-11T12:47:40.843+0000][1][gc,age       ] GC(65) - age   2:    3412112 bytes,    4776576 total
[2020-09-11T12:47:40.843+0000][1][gc,heap      ] GC(65) ParNew: 76194K->6177K(76672K)
[2020-09-11T12:47:40.843+0000][1][gc,heap      ] GC(65) CMS: 55788K->59320K(439104K)
[2020-09-11T12:47:40.843+0000][1][gc,metaspace ] GC(65) Metaspace: 70885K->70885K(1114112K)
[2020-09-11T12:47:40.843+0000][1][gc           ] GC(65) Pause Young (Allocation Failure) 128M->63M(503M) 31.105ms
[2020-09-11T12:47:40.843+0000][1][gc,cpu       ] GC(65) User=0.03s Sys=0.00s Real=0.03s
[2020-09-11T12:47:40.843+0000][1][safepoint    ] Safepoint "GenCollectForAllocation", Time since last: 2488370511 ns, Reaching safepoint: 121906 ns, At safepoint: 31788412 ns, Total: 31910318 ns
[2020-09-11T12:47:41.847+0000][1][safepoint    ] Safepoint "Cleanup", Time since last: 1002947430 ns, Reaching safepoint: 201723 ns, At safepoint: 46811 ns, Total: 248534 ns
[2020-09-11T12:47:42.847+0000][1][safepoint    ] Safepoint "Cleanup", Time since last: 1000702214 ns, Reaching safepoint: 90795 ns, At safepoint: 16338 ns, Total: 107133 ns
[2020-09-11T12:47:43.848+0000][1][safepoint    ] Safepoint "Cleanup", Time since last: 1000648390 ns, Reaching safepoint: 209868 ns, At safepoint: 22512 ns, Total: 232380 ns
[2020-09-11T12:47:44.849+0000][1][safepoint    ] Safepoint "Cleanup", Time since last: 1000201595 ns, Reaching safepoint: 69279 ns, At safepoint: 7318 ns, Total: 76597 ns
[2020-09-11T12:47:47.849+0000][1][safepoint    ] Safepoint "Cleanup", Time since last: 3000358628 ns, Reaching safepoint: 107878 ns, At safepoint: 18663 ns, Total: 126541 ns
[2020-09-11T12:47:50.850+0000][1][safepoint    ] Safepoint "Cleanup", Time since last: 3000455230 ns, Reaching safepoint: 83927 ns, At safepoint: 8664 ns, Total: 92591 ns
[2020-09-11T12:47:51.850+0000][1][safepoint    ] Safepoint "Cleanup", Time since last: 1000130572 ns, Reaching safepoint: 103465 ns, At safepoint: 8535 ns, Total: 112000 ns
[2020-09-11T12:47:54.850+0000][1][safepoint    ] Safepoint "Cleanup", Time since last: 3000351041 ns, Reaching safepoint: 99078 ns, At safepoint: 7395 ns, Total: 106473 ns
[2020-09-11T12:47:55.850+0000][1][safepoint    ] Safepoint "Cleanup", Time since last: 1000139343 ns, Reaching safepoint: 95146 ns, At safepoint: 7441 ns, Total: 102587 ns
[2020-09-11T12:48:01.851+0000][1][safepoint    ] Safepoint "Cleanup", Time since last: 6000797115 ns, Reaching safepoint: 81419 ns, At safepoint: 6806 ns, Total: 88225 ns
[2020-09-11T12:48:03.852+0000][1][safepoint    ] Safepoint "Cleanup", Time since last: 2000333450 ns, Reaching safepoint: 95509 ns, At safepoint: 16441 ns, Total: 111950 ns
[2020-09-11T12:48:06.852+0000][1][safepoint    ] Safepoint "Cleanup", Time since last: 3000428722 ns, Reaching safepoint: 91613 ns, At safepoint: 8459 ns, Total: 100072 ns
[2020-09-11T12:48:07.853+0000][1][safepoint    ] Safepoint "Cleanup", Time since last: 1000138185 ns, Reaching safepoint: 130025 ns, At safepoint: 19007 ns, Total: 149032 ns
[2020-09-11T12:48:11.853+0000][1][safepoint    ] Safepoint "Cleanup", Time since last: 4000571959 ns, Reaching safepoint: 83034 ns, At safepoint: 6357 ns, Total: 89391 ns
[2020-09-11T12:48:15.854+0000][1][safepoint    ] Safepoint "Cleanup", Time since last: 4000517350 ns, Reaching safepoint: 103137 ns, At safepoint: 15682 ns, Total: 118819 ns
[2020-09-11T12:48:16.854+0000][1][safepoint    ] Safepoint "Cleanup", Time since last: 1000204791 ns, Reaching safepoint: 94517 ns, At safepoint: 7847 ns, Total: 102364 ns
[2020-09-11T12:48:17.854+0000][1][safepoint    ] Safepoint "Cleanup", Time since last: 1000154655 ns, Reaching safepoint: 84191 ns, At safepoint: 7764 ns, Total: 91955 ns
[2020-09-11T12:48:18.855+0000][1][safepoint    ] Safepoint "Cleanup", Time since last: 1000147731 ns, Reaching safepoint: 109070 ns, At safepoint: 17206 ns, Total: 126276 ns
[2020-09-11T12:48:19.855+0000][1][safepoint    ] Safepoint "Cleanup", Time since last: 1000193653 ns, Reaching safepoint: 113283 ns, At safepoint: 18152 ns, Total: 131435 ns
[2020-09-11T12:48:23.856+0000][1][safepoint    ] Safepoint "Cleanup", Time since last: 4000628970 ns, Reaching safepoint: 104914 ns, At safepoint: 18079 ns, Total: 122993 ns
[2020-09-11T12:48:27.857+0000][1][safepoint    ] Safepoint "Cleanup", Time since last: 4000653854 ns, Reaching safepoint: 86269 ns, At safepoint: 7392 ns, Total: 93661 ns
[2020-09-11T12:48:28.857+0000][1][safepoint    ] Safepoint "Cleanup", Time since last: 1000176227 ns, Reaching safepoint: 88337 ns, At safepoint: 7796 ns, Total: 96133 ns
[2020-09-11T12:48:30.857+0000][1][safepoint    ] Safepoint "Cleanup", Time since last: 2000292140 ns, Reaching safepoint: 106687 ns, At safepoint: 6984 ns, Total: 113671 ns
[2020-09-11T12:48:32.858+0000][1][safepoint    ] Safepoint "Cleanup", Time since last: 2000306763 ns, Reaching safepoint: 113208 ns, At safepoint: 9293 ns, Total: 122501 ns
[2020-09-11T12:48:40.859+0000][1][safepoint    ] Safepoint "Cleanup", Time since last: 8001214577 ns, Reaching safepoint: 82759 ns, At safepoint: 8739 ns, Total: 91498 ns
[2020-09-11T12:48:44.860+0000][1][safepoint    ] Safepoint "Cleanup", Time since last: 4000623385 ns, Reaching safepoint: 89679 ns, At safepoint: 8172 ns, Total: 97851 ns
[2020-09-11T12:48:45.860+0000][1][safepoint    ] Safepoint "Cleanup", Time since last: 1000195995 ns, Reaching safepoint: 84239 ns, At safepoint: 8674 ns, Total: 92913 ns
[2020-09-11T12:48:46.860+0000][1][safepoint    ] Safepoint "Cleanup", Time since last: 1000189328 ns, Reaching safepoint: 117580 ns, At safepoint: 17353 ns, Total: 134933 ns
[2020-09-11T12:48:47.861+0000][1][safepoint    ] Safepoint "Cleanup", Time since last: 1000221119 ns, Reaching safepoint: 78048 ns, At safepoint: 6789 ns, Total: 84837 ns
[2020-09-11T12:48:50.861+0000][1][safepoint    ] Safepoint "Cleanup", Time since last: 3000419675 ns, Reaching safepoint: 91876 ns, At safepoint: 9256 ns, Total: 101132 ns
[2020-09-11T12:48:51.861+0000][1][safepoint    ] Safepoint "Cleanup", Time since last: 1000192515 ns, Reaching safepoint: 95086 ns, At safepoint: 8878 ns, Total: 103964 ns
[2020-09-11T12:48:52.862+0000][1][safepoint    ] Safepoint "Cleanup", Time since last: 1000167481 ns, Reaching safepoint: 84198 ns, At safepoint: 7308 ns, Total: 91506 ns
[2020-09-11T12:48:55.862+0000][1][safepoint    ] Safepoint "Cleanup", Time since last: 3000429347 ns, Reaching safepoint: 121124 ns, At safepoint: 21299 ns, Total: 142423 ns
[2020-09-11T12:48:56.021+0000][1][gc,start     ] GC(66) Pause Young (Allocation Failure)
[2020-09-11T12:48:56.021+0000][1][gc,task      ] GC(66) Using 1 workers of 1 for evacuation
[2020-09-11T12:48:56.056+0000][1][gc,age       ] GC(66) Desired survivor size 4358144 bytes, new threshold 6 (max threshold 6)
[2020-09-11T12:48:56.056+0000][1][gc,age       ] GC(66) Age table with threshold 6 (max threshold 6)
[2020-09-11T12:48:56.056+0000][1][gc,age       ] GC(66) - age   1:      33320 bytes,      33320 total
[2020-09-11T12:48:56.057+0000][1][gc,age       ] GC(66) - age   2:    1324576 bytes,    1357896 total
[2020-09-11T12:48:56.057+0000][1][gc,heap      ] GC(66) ParNew: 74337K->5042K(76672K)
[2020-09-11T12:48:56.057+0000][1][gc,heap      ] GC(66) CMS: 59320K->62783K(439104K)
[2020-09-11T12:48:56.057+0000][1][gc,metaspace ] GC(66) Metaspace: 71162K->71162K(1114112K)
[2020-09-11T12:48:56.057+0000][1][gc           ] GC(66) Pause Young (Allocation Failure) 130M->66M(503M) 35.595ms
[2020-09-11T12:48:56.057+0000][1][gc,cpu       ] GC(66) User=0.02s Sys=0.00s Real=0.04s
[2020-09-11T12:48:56.057+0000][1][safepoint    ] Safepoint "GenCollectForAllocation", Time since last: 158469788 ns, Reaching safepoint: 214636 ns, At safepoint: 35689853 ns, Total: 35904489 ns
[2020-09-11T12:48:57.062+0000][1][safepoint    ] Safepoint "Cleanup", Time since last: 1005223538 ns, Reaching safepoint: 111298 ns, At safepoint: 15850 ns, Total: 127148 ns
[2020-09-11T12:48:58.062+0000][1][safepoint    ] Safepoint "Cleanup", Time since last: 1000333539 ns, Reaching safepoint: 53312 ns, At safepoint: 6638 ns, Total: 59950 ns
[2020-09-11T12:49:01.064+0000][1][safepoint    ] Safepoint "Cleanup", Time since last: 3000956319 ns, Reaching safepoint: 147565 ns, At safepoint: 8344 ns, Total: 155909 ns
[2020-09-11T12:49:02.064+0000][1][safepoint    ] Safepoint "Cleanup", Time since last: 1000134801 ns, Reaching safepoint: 121205 ns, At safepoint: 7653 ns, Total: 128858 ns
[2020-09-11T12:49:05.064+0000][1][safepoint    ] Safepoint "Cleanup", Time since last: 3000403543 ns, Reaching safepoint: 89345 ns, At safepoint: 8612 ns, Total: 97957 ns
[2020-09-11T12:49:11.069+0000][1][safepoint    ] Safepoint "Cleanup", Time since last: 6004323692 ns, Reaching safepoint: 156483 ns, At safepoint: 20894 ns, Total: 177377 ns
[2020-09-11T12:49:14.069+0000][1][safepoint    ] Safepoint "Cleanup", Time since last: 3000585919 ns, Reaching safepoint: 100905 ns, At safepoint: 8013 ns, Total: 108918 ns
[2020-09-11T12:49:29.072+0000][1][safepoint    ] Safepoint "Cleanup", Time since last: 15002063890 ns, Reaching safepoint: 104058 ns, At safepoint: 9210 ns, Total: 113268 ns
[2020-09-11T12:49:32.072+0000][1][safepoint    ] Safepoint "Cleanup", Time since last: 3000373735 ns, Reaching safepoint: 117543 ns, At safepoint: 7883 ns, Total: 125426 ns
[2020-09-11T12:49:33.072+0000][1][safepoint    ] Safepoint "Cleanup", Time since last: 1000168670 ns, Reaching safepoint: 125297 ns, At safepoint: 19966 ns, Total: 145263 ns
[2020-09-11T12:49:40.074+0000][1][safepoint    ] Safepoint "Cleanup", Time since last: 7001063719 ns, Reaching safepoint: 121960 ns, At safepoint: 8496 ns, Total: 130456 ns
[2020-09-11T12:49:44.074+0000][1][safepoint    ] Safepoint "Cleanup", Time since last: 4000597026 ns, Reaching safepoint: 125294 ns, At safepoint: 19077 ns, Total: 144371 ns
[2020-09-11T12:49:45.075+0000][1][safepoint    ] Safepoint "Cleanup", Time since last: 1000224204 ns, Reaching safepoint: 106401 ns, At safepoint: 9137 ns, Total: 115538 ns
[2020-09-11T12:49:46.075+0000][1][safepoint    ] Safepoint "Cleanup", Time since last: 1000139227 ns, Reaching safepoint: 131863 ns, At safepoint: 18201 ns, Total: 150064 ns
[2020-09-11T12:49:51.076+0000][1][safepoint    ] Safepoint "Cleanup", Time since last: 5000769712 ns, Reaching safepoint: 126604 ns, At safepoint: 19759 ns, Total: 146363 ns
[2020-09-11T12:49:57.078+0000][1][safepoint    ] Safepoint "Cleanup", Time since last: 6001713274 ns, Reaching safepoint: 126002 ns, At safepoint: 19000 ns, Total: 145002 ns
[2020-09-11T12:49:59.078+0000][1][safepoint    ] Safepoint "Cleanup", Time since last: 2000280206 ns, Reaching safepoint: 112559 ns, At safepoint: 9153 ns, Total: 121712 ns
[2020-09-11T12:50:01.079+0000][1][safepoint    ] Safepoint "Cleanup", Time since last: 2000268086 ns, Reaching safepoint: 131552 ns, At safepoint: 17694 ns, Total: 149246 ns
[2020-09-11T12:50:05.286+0000][1][safepoint    ] Safepoint "RevokeBias", Time since last: 4207232057 ns, Reaching safepoint: 120027 ns, At safepoint: 7304 ns, Total: 127331 ns
[2020-09-11T12:50:05.286+0000][1][safepoint    ] Safepoint "RevokeBias", Time since last: 82408 ns, Reaching safepoint: 94945 ns, At safepoint: 5854 ns, Total: 100799 ns
[2020-09-11T12:50:05.287+0000][1][safepoint    ] Safepoint "RevokeBias", Time since last: 383632 ns, Reaching safepoint: 129874 ns, At safepoint: 8404 ns, Total: 138278 ns
[2020-09-11T12:50:05.287+0000][1][safepoint    ] Safepoint "RevokeBias", Time since last: 162684 ns, Reaching safepoint: 123093 ns, At safepoint: 8210 ns, Total: 131303 ns
[2020-09-11T12:50:05.288+0000][1][safepoint    ] Safepoint "RevokeBias", Time since last: 475229 ns, Reaching safepoint: 94178 ns, At safepoint: 6261 ns, Total: 100439 ns
[2020-09-11T12:50:05.288+0000][1][safepoint    ] Safepoint "RevokeBias", Time since last: 74972 ns, Reaching safepoint: 90833 ns, At safepoint: 5711 ns, Total: 96544 ns
[2020-09-11T12:50:05.288+0000][1][safepoint    ] Safepoint "RevokeBias", Time since last: 36326 ns, Reaching safepoint: 533296 ns, At safepoint: 7730 ns, Total: 541026 ns
[2020-09-11T12:50:05.292+0000][1][safepoint    ] Safepoint "RevokeBias", Time since last: 3645135 ns, Reaching safepoint: 313803 ns, At safepoint: 7312 ns, Total: 321115 ns
[2020-09-11T12:50:05.294+0000][1][safepoint    ] Safepoint "RevokeBias", Time since last: 320559 ns, Reaching safepoint: 1370897 ns, At safepoint: 7837 ns, Total: 1378734 ns
[2020-09-11T12:50:05.295+0000][1][safepoint    ] Safepoint "RevokeBias", Time since last: 1054726 ns, Reaching safepoint: 438315 ns, At safepoint: 9227 ns, Total: 447542 ns
[2020-09-11T12:50:05.298+0000][1][safepoint    ] Safepoint "RevokeBias", Time since last: 1498036 ns, Reaching safepoint: 1483441 ns, At safepoint: 9094 ns, Total: 1492535 ns
[2020-09-11T12:50:05.301+0000][1][safepoint    ] Safepoint "RevokeBias", Time since last: 1719348 ns, Reaching safepoint: 499350 ns, At safepoint: 172783 ns, Total: 672133 ns
[2020-09-11T12:50:05.301+0000][1][safepoint    ] Safepoint "RevokeBias", Time since last: 103120 ns, Reaching safepoint: 167036 ns, At safepoint: 7661 ns, Total: 174697 ns
[2020-09-11T12:50:05.302+0000][1][safepoint    ] Safepoint "RevokeBias", Time since last: 278658 ns, Reaching safepoint: 158886 ns, At safepoint: 6983 ns, Total: 165869 ns
[2020-09-11T12:50:05.302+0000][1][gc,start     ] GC(67) Pause Young (Allocation Failure)
[2020-09-11T12:50:05.302+0000][1][gc,task      ] GC(67) Using 1 workers of 1 for evacuation
[2020-09-11T12:50:05.317+0000][1][gc,age       ] GC(67) Desired survivor size 4358144 bytes, new threshold 6 (max threshold 6)
[2020-09-11T12:50:05.317+0000][1][gc,age       ] GC(67) Age table with threshold 6 (max threshold 6)
[2020-09-11T12:50:05.317+0000][1][gc,age       ] GC(67) - age   1:      28640 bytes,      28640 total
[2020-09-11T12:50:05.317+0000][1][gc,age       ] GC(67) - age   2:      28792 bytes,      57432 total
[2020-09-11T12:50:05.317+0000][1][gc,age       ] GC(67) - age   3:    1314176 bytes,    1371608 total
[2020-09-11T12:50:05.317+0000][1][gc,heap      ] GC(67) ParNew: 73202K->1592K(76672K)
[2020-09-11T12:50:05.317+0000][1][gc,heap      ] GC(67) CMS: 62783K->62783K(439104K)
[2020-09-11T12:50:05.317+0000][1][gc,metaspace ] GC(67) Metaspace: 71341K->71341K(1116160K)
[2020-09-11T12:50:05.317+0000][1][gc           ] GC(67) Pause Young (Allocation Failure) 132M->62M(503M) 14.924ms
[2020-09-11T12:50:05.317+0000][1][gc,cpu       ] GC(67) User=0.01s Sys=0.00s Real=0.02s
[2020-09-11T12:50:05.319+0000][1][safepoint    ] Safepoint "GenCollectForAllocation", Time since last: 223887 ns, Reaching safepoint: 243758 ns, At safepoint: 16784560 ns, Total: 17028318 ns
[2020-09-11T12:50:05.319+0000][1][safepoint    ] Safepoint "RevokeBias", Time since last: 431430 ns, Reaching safepoint: 43597 ns, At safepoint: 17074 ns, Total: 60671 ns
[2020-09-11T12:50:05.320+0000][1][safepoint    ] Safepoint "RevokeBias", Time since last: 181750 ns, Reaching safepoint: 32999 ns, At safepoint: 15254 ns, Total: 48253 ns
[2020-09-11T12:50:05.320+0000][1][safepoint    ] Safepoint "RevokeBias", Time since last: 49174 ns, Reaching safepoint: 23190 ns, At safepoint: 12324 ns, Total: 35514 ns
[2020-09-11T12:50:05.320+0000][1][safepoint    ] Safepoint "RevokeBias", Time since last: 80812 ns, Reaching safepoint: 22052 ns, At safepoint: 12640 ns, Total: 34692 ns
[2020-09-11T12:50:05.320+0000][1][safepoint    ] Safepoint "RevokeBias", Time since last: 30913 ns, Reaching safepoint: 18459 ns, At safepoint: 11526 ns, Total: 29985 ns
[2020-09-11T12:50:05.320+0000][1][safepoint    ] Safepoint "RevokeBias", Time since last: 504635 ns, Reaching safepoint: 21042 ns, At safepoint: 12977 ns, Total: 34019 ns
[2020-09-11T12:50:05.321+0000][1][safepoint    ] Safepoint "RevokeBias", Time since last: 495116 ns, Reaching safepoint: 25611 ns, At safepoint: 14362 ns, Total: 39973 ns
[2020-09-11T12:50:05.454+0000][1][safepoint    ] Safepoint "RevokeBias", Time since last: 133038496 ns, Reaching safepoint: 77326 ns, At safepoint: 9934 ns, Total: 87260 ns
[2020-09-11T12:50:05.455+0000][1][safepoint    ] Safepoint "RevokeBias", Time since last: 1397983 ns, Reaching safepoint: 38794 ns, At safepoint: 7186 ns, Total: 45980 ns
[2020-09-11T12:50:05.456+0000][1][safepoint    ] Safepoint "RevokeBias", Time since last: 334032 ns, Reaching safepoint: 34395 ns, At safepoint: 5866 ns, Total: 40261 ns
[2020-09-11T12:50:05.456+0000][1][safepoint    ] Safepoint "RevokeBias", Time since last: 50252 ns, Reaching safepoint: 22446 ns, At safepoint: 4190 ns, Total: 26636 ns
[2020-09-11T12:50:05.456+0000][1][safepoint    ] Safepoint "RevokeBias", Time since last: 36438 ns, Reaching safepoint: 19657 ns, At safepoint: 4098 ns, Total: 23755 ns
[2020-09-11T12:50:05.456+0000][1][safepoint    ] Safepoint "RevokeBias", Time since last: 117578 ns, Reaching safepoint: 24091 ns, At safepoint: 4652 ns, Total: 28743 ns
[2020-09-11T12:50:05.456+0000][1][safepoint    ] Safepoint "RevokeBias", Time since last: 37959 ns, Reaching safepoint: 18065 ns, At safepoint: 4019 ns, Total: 22084 ns
[2020-09-11T12:50:05.456+0000][1][safepoint    ] Safepoint "RevokeBias", Time since last: 103879 ns, Reaching safepoint: 18784 ns, At safepoint: 4197 ns, Total: 22981 ns
[2020-09-11T12:50:05.456+0000][1][safepoint    ] Safepoint "RevokeBias", Time since last: 32162 ns, Reaching safepoint: 16689 ns, At safepoint: 3886 ns, Total: 20575 ns
[2020-09-11T12:50:05.457+0000][1][safepoint    ] Safepoint "RevokeBias", Time since last: 674332 ns, Reaching safepoint: 21331 ns, At safepoint: 4773 ns, Total: 26104 ns
[2020-09-11T12:50:05.457+0000][1][safepoint    ] Safepoint "RevokeBias", Time since last: 45520 ns, Reaching safepoint: 17794 ns, At safepoint: 4126 ns, Total: 21920 ns
[2020-09-11T12:50:05.457+0000][1][safepoint    ] Safepoint "RevokeBias", Time since last: 258093 ns, Reaching safepoint: 18121 ns, At safepoint: 4143 ns, Total: 22264 ns
[2020-09-11T12:50:05.458+0000][1][safepoint    ] Safepoint "RevokeBias", Time since last: 162403 ns, Reaching safepoint: 16951 ns, At safepoint: 4291 ns, Total: 21242 ns
[2020-09-11T12:50:05.458+0000][1][safepoint    ] Safepoint "RevokeBias", Time since last: 33376 ns, Reaching safepoint: 14148 ns, At safepoint: 3652 ns, Total: 17800 ns
[2020-09-11T12:50:05.458+0000][1][safepoint    ] Safepoint "RevokeBias", Time since last: 51498 ns, Reaching safepoint: 14504 ns, At safepoint: 3832 ns, Total: 18336 ns
[2020-09-11T12:50:05.458+0000][1][safepoint    ] Safepoint "RevokeBias", Time since last: 250561 ns, Reaching safepoint: 15781 ns, At safepoint: 4112 ns, Total: 19893 ns
[2020-09-11T12:50:05.458+0000][1][safepoint    ] Safepoint "RevokeBias", Time since last: 64043 ns, Reaching safepoint: 14560 ns, At safepoint: 3764 ns, Total: 18324 ns
[2020-09-11T12:50:05.460+0000][1][safepoint    ] Safepoint "RevokeBias", Time since last: 1699433 ns, Reaching safepoint: 17175 ns, At safepoint: 4458 ns, Total: 21633 ns
[2020-09-11T12:50:05.467+0000][1][safepoint    ] Safepoint "RevokeBias", Time since last: 3510872 ns, Reaching safepoint: 4159616 ns, At safepoint: 12328 ns, Total: 4171944 ns
[2020-09-11T12:50:05.469+0000][1][safepoint    ] Safepoint "RevokeBias", Time since last: 1129321 ns, Reaching safepoint: 108951 ns, At safepoint: 8011 ns, Total: 116962 ns
[2020-09-11T12:50:05.478+0000][1][safepoint    ] Safepoint "RevokeBias", Time since last: 7136813 ns, Reaching safepoint: 1773701 ns, At safepoint: 20587 ns, Total: 1794288 ns
[2020-09-11T12:50:05.480+0000][1][safepoint    ] Safepoint "RevokeBias", Time since last: 292988 ns, Reaching safepoint: 2021821 ns, At safepoint: 10513 ns, Total: 2032334 ns
[2020-09-11T12:50:05.488+0000][1][safepoint    ] Safepoint "RevokeBias", Time since last: 7534779 ns, Reaching safepoint: 125037 ns, At safepoint: 17994 ns, Total: 143031 ns
[2020-09-11T12:50:05.489+0000][1][safepoint    ] Safepoint "BulkRevokeBias", Time since last: 948388 ns, Reaching safepoint: 202271 ns, At safepoint: 110439 ns, Total: 312710 ns
[2020-09-11T12:50:05.560+0000][1][safepoint    ] Safepoint "RevokeBias", Time since last: 70591240 ns, Reaching safepoint: 119382 ns, At safepoint: 9474 ns, Total: 128856 ns
[2020-09-11T12:50:05.560+0000][1][safepoint    ] Safepoint "RevokeBias", Time since last: 81085 ns, Reaching safepoint: 100422 ns, At safepoint: 6153 ns, Total: 106575 ns
[2020-09-11T12:50:05.560+0000][1][safepoint    ] Safepoint "RevokeBias", Time since last: 46829 ns, Reaching safepoint: 92711 ns, At safepoint: 4977 ns, Total: 97688 ns
[2020-09-11T12:50:05.564+0000][1][safepoint    ] Safepoint "RevokeBias", Time since last: 3829414 ns, Reaching safepoint: 97574 ns, At safepoint: 5735 ns, Total: 103309 ns
[2020-09-11T12:50:05.568+0000][1][safepoint    ] Safepoint "RevokeBias", Time since last: 600906 ns, Reaching safepoint: 3834733 ns, At safepoint: 11218 ns, Total: 3845951 ns
[2020-09-11T12:50:05.571+0000][1][safepoint    ] Safepoint "RevokeBias", Time since last: 752251 ns, Reaching safepoint: 2339089 ns, At safepoint: 8301 ns, Total: 2347390 ns
[2020-09-11T12:50:05.590+0000][1][safepoint    ] Safepoint "RevokeBias", Time since last: 18048012 ns, Reaching safepoint: 106364 ns, At safepoint: 8565 ns, Total: 114929 ns
[2020-09-11T12:50:05.592+0000][1][safepoint    ] Safepoint "RevokeBias", Time since last: 2077975 ns, Reaching safepoint: 95091 ns, At safepoint: 6894 ns, Total: 101985 ns
[2020-09-11T12:50:05.596+0000][1][safepoint    ] Safepoint "RevokeBias", Time since last: 4110230 ns, Reaching safepoint: 87553 ns, At safepoint: 5312 ns, Total: 92865 ns
[2020-09-11T12:50:05.596+0000][1][safepoint    ] Safepoint "RevokeBias", Time since last: 116359 ns, Reaching safepoint: 83492 ns, At safepoint: 5350 ns, Total: 88842 ns
[2020-09-11T12:50:05.596+0000][1][safepoint    ] Safepoint "RevokeBias", Time since last: 88997 ns, Reaching safepoint: 82057 ns, At safepoint: 4823 ns, Total: 86880 ns
[2020-09-11T12:50:05.596+0000][1][safepoint    ] Safepoint "RevokeBias", Time since last: 58660 ns, Reaching safepoint: 78403 ns, At safepoint: 4500 ns, Total: 82903 ns
[2020-09-11T12:50:05.598+0000][1][safepoint    ] Safepoint "RevokeBias", Time since last: 1058680 ns, Reaching safepoint: 81115 ns, At safepoint: 14162 ns, Total: 95277 ns
[2020-09-11T12:50:05.605+0000][1][safepoint    ] Safepoint "RevokeBias", Time since last: 260070 ns, Reaching safepoint: 6730242 ns, At safepoint: 12892 ns, Total: 6743134 ns
[2020-09-11T12:50:05.617+0000][1][safepoint    ] Safepoint "RevokeBias", Time since last: 12461966 ns, Reaching safepoint: 104516 ns, At safepoint: 9328 ns, Total: 113844 ns
[2020-09-11T12:50:05.632+0000][1][gc,heap,exit ] Heap
[2020-09-11T12:50:05.632+0000][1][gc,heap,exit ]  par new generation   total 76672K, used 7227K [0x00000000e0000000, 0x00000000e5330000, 0x00000000e5330000)
[2020-09-11T12:50:05.632+0000][1][gc,heap,exit ]   eden space 68160K,   8% used [0x00000000e0000000, 0x00000000e0580d28, 0x00000000e4290000)
[2020-09-11T12:50:05.632+0000][1][gc,heap,exit ]   from space 8512K,  18% used [0x00000000e4ae0000, 0x00000000e4c6e0f0, 0x00000000e5330000)
[2020-09-11T12:50:05.632+0000][1][gc,heap,exit ]   to   space 8512K,   0% used [0x00000000e4290000, 0x00000000e4290000, 0x00000000e4ae0000)
[2020-09-11T12:50:05.632+0000][1][gc,heap,exit ]  concurrent mark-sweep generation total 439104K, used 62783K [0x00000000e5330000, 0x0000000100000000, 0x0000000100000000)
[2020-09-11T12:50:05.632+0000][1][gc,heap,exit ]  Metaspace       used 71472K, capacity 77378K, committed 77672K, reserved 1116160K
[2020-09-11T12:50:05.632+0000][1][gc,heap,exit ]   class space    used 9621K, capacity 12009K, committed 12064K, reserved 1048576K
