[2020-09-11T15:37:19.410+0000][1][gc] Using Concurrent Mark Sweep
[2020-09-11T15:37:19.410+0000][1][gc,heap,coops] Heap address: 0x00000000e0000000, size: 512 MB, Compressed Oops mode: 32-bit
[2020-09-11T15:37:19.737+0000][1][safepoint    ] Safepoint "EnableBiasedLocking", Time since last: 289382329 ns, Reaching safepoint: 2868566 ns, At safepoint: 40834 ns, Total: 2909400 ns
[2020-09-11T15:37:19.758+0000][1][safepoint    ] Safepoint "RevokeBias", Time since last: 20008328 ns, Reaching safepoint: 899727 ns, At safepoint: 38534 ns, Total: 938261 ns
[2020-09-11T15:37:19.830+0000][1][safepoint    ] Safepoint "Deoptimize", Time since last: 68041766 ns, Reaching safepoint: 3919697 ns, At safepoint: 27284 ns, Total: 3946981 ns
[2020-09-11T15:37:20.700+0000][1][safepoint    ] Safepoint "RevokeBias", Time since last: 869687892 ns, Reaching safepoint: 242118 ns, At safepoint: 41128 ns, Total: 283246 ns
[2020-09-11T15:37:20.757+0000][1][safepoint    ] Safepoint "RevokeBias", Time since last: 53744705 ns, Reaching safepoint: 3059648 ns, At safepoint: 44919 ns, Total: 3104567 ns
[2020-09-11T15:37:20.773+0000][1][safepoint    ] Safepoint "Deoptimize", Time since last: 12871181 ns, Reaching safepoint: 3072967 ns, At safepoint: 48670 ns, Total: 3121637 ns
[2020-09-11T15:37:20.780+0000][1][safepoint    ] Safepoint "Deoptimize", Time since last: 3941654 ns, Reaching safepoint: 3023670 ns, At safepoint: 40227 ns, Total: 3063897 ns
[2020-09-11T15:37:21.085+0000][1][safepoint    ] Safepoint "Deoptimize", Time since last: 302872062 ns, Reaching safepoint: 2158030 ns, At safepoint: 48571 ns, Total: 2206601 ns
[2020-09-11T15:37:22.097+0000][1][safepoint    ] Safepoint "Cleanup", Time since last: 1005743743 ns, Reaching safepoint: 6164570 ns, At safepoint: 9606 ns, Total: 6174176 ns
[2020-09-11T15:37:23.110+0000][1][safepoint    ] Safepoint "Cleanup", Time since last: 1012773814 ns, Reaching safepoint: 57807 ns, At safepoint: 5110 ns, Total: 62917 ns
[2020-09-11T15:37:24.091+0000][1][safepoint    ] Safepoint "Deoptimize", Time since last: 981183882 ns, Reaching safepoint: 117964 ns, At safepoint: 72244 ns, Total: 190208 ns
[2020-09-11T15:37:24.477+0000][1][safepoint    ] Safepoint "Deoptimize", Time since last: 385825034 ns, Reaching safepoint: 98835 ns, At safepoint: 72194 ns, Total: 171029 ns
[2020-09-11T15:37:24.909+0000][1][safepoint    ] Safepoint "Deoptimize", Time since last: 431321809 ns, Reaching safepoint: 415535 ns, At safepoint: 78128 ns, Total: 493663 ns
[2020-09-11T15:37:25.879+0000][1][safepoint    ] Safepoint "Deoptimize", Time since last: 969906059 ns, Reaching safepoint: 107987 ns, At safepoint: 84825 ns, Total: 192812 ns
[2020-09-11T15:37:26.885+0000][1][safepoint    ] Safepoint "Cleanup", Time since last: 1005684344 ns, Reaching safepoint: 215318 ns, At safepoint: 5101 ns, Total: 220419 ns
[2020-09-11T15:37:27.326+0000][1][safepoint    ] Safepoint "Deoptimize", Time since last: 439932264 ns, Reaching safepoint: 1565022 ns, At safepoint: 100639 ns, Total: 1665661 ns
[2020-09-11T15:37:28.330+0000][1][safepoint    ] Safepoint "Cleanup", Time since last: 1002306836 ns, Reaching safepoint: 1258175 ns, At safepoint: 7939 ns, Total: 1266114 ns
[2020-09-11T15:37:29.204+0000][1][safepoint    ] Safepoint "Deoptimize", Time since last: 872140840 ns, Reaching safepoint: 1523270 ns, At safepoint: 101169 ns, Total: 1624439 ns
[2020-09-11T15:37:30.209+0000][1][safepoint    ] Safepoint "Cleanup", Time since last: 1005080958 ns, Reaching safepoint: 127084 ns, At safepoint: 5441 ns, Total: 132525 ns
[2020-09-11T15:37:31.226+0000][1][safepoint    ] Safepoint "Cleanup", Time since last: 1017075478 ns, Reaching safepoint: 122595 ns, At safepoint: 5535 ns, Total: 128130 ns
[2020-09-11T15:37:31.303+0000][1][safepoint    ] Safepoint "Deoptimize", Time since last: 76364613 ns, Reaching safepoint: 90084 ns, At safepoint: 121000 ns, Total: 211084 ns
[2020-09-11T15:37:31.303+0000][1][safepoint    ] Safepoint "Deoptimize", Time since last: 109826 ns, Reaching safepoint: 75908 ns, At safepoint: 42096 ns, Total: 118004 ns
[2020-09-11T15:37:31.557+0000][1][safepoint    ] Safepoint "Deoptimize", Time since last: 252202893 ns, Reaching safepoint: 1217898 ns, At safepoint: 128475 ns, Total: 1346373 ns
[2020-09-11T15:37:31.577+0000][1][safepoint    ] Safepoint "Deoptimize", Time since last: 17387327 ns, Reaching safepoint: 2816642 ns, At safepoint: 133284 ns, Total: 2949926 ns
[2020-09-11T15:37:31.633+0000][1][safepoint    ] Safepoint "RevokeBias", Time since last: 51859259 ns, Reaching safepoint: 3996124 ns, At safepoint: 30718 ns, Total: 4026842 ns
[2020-09-11T15:37:31.645+0000][1][safepoint    ] Safepoint "RevokeBias", Time since last: 1824962 ns, Reaching safepoint: 10151674 ns, At safepoint: 41543 ns, Total: 10193217 ns
[2020-09-11T15:37:31.646+0000][1][safepoint    ] Safepoint "RevokeBias", Time since last: 79457 ns, Reaching safepoint: 565703 ns, At safepoint: 22477 ns, Total: 588180 ns
[2020-09-11T15:37:31.646+0000][1][safepoint    ] Safepoint "RevokeBias", Time since last: 75537 ns, Reaching safepoint: 464717 ns, At safepoint: 16745 ns, Total: 481462 ns
[2020-09-11T15:37:31.648+0000][1][safepoint    ] Safepoint "RevokeBias", Time since last: 1208932 ns, Reaching safepoint: 958200 ns, At safepoint: 27235 ns, Total: 985435 ns
[2020-09-11T15:37:32.649+0000][1][safepoint    ] Safepoint "Cleanup", Time since last: 1000129458 ns, Reaching safepoint: 117244 ns, At safepoint: 5780 ns, Total: 123024 ns
[2020-09-11T15:37:33.661+0000][1][safepoint    ] Safepoint "Cleanup", Time since last: 1012261571 ns, Reaching safepoint: 360029 ns, At safepoint: 8297 ns, Total: 368326 ns
[2020-09-11T15:37:34.673+0000][1][safepoint    ] Safepoint "Cleanup", Time since last: 1006399484 ns, Reaching safepoint: 5303831 ns, At safepoint: 16388 ns, Total: 5320219 ns
[2020-09-11T15:37:34.821+0000][1][gc,start     ] GC(0) Pause Young (Allocation Failure)
[2020-09-11T15:37:34.821+0000][1][gc,task      ] GC(0) Using 1 workers of 1 for evacuation
[2020-09-11T15:37:34.894+0000][1][gc,age       ] GC(0) Desired survivor size 4358144 bytes, new threshold 1 (max threshold 6)
[2020-09-11T15:37:34.894+0000][1][gc,age       ] GC(0) Age table with threshold 1 (max threshold 6)
[2020-09-11T15:37:34.894+0000][1][gc,age       ] GC(0) - age   1:    6409512 bytes,    6409512 total
[2020-09-11T15:37:34.894+0000][1][gc,heap      ] GC(0) ParNew: 68160K->6285K(76672K)
[2020-09-11T15:37:34.894+0000][1][gc,heap      ] GC(0) CMS: 0K->0K(439104K)
[2020-09-11T15:37:34.894+0000][1][gc,metaspace ] GC(0) Metaspace: 13528K->13528K(1060864K)
[2020-09-11T15:37:34.894+0000][1][gc           ] GC(0) Pause Young (Allocation Failure) 66M->6M(503M) 73.211ms
[2020-09-11T15:37:34.894+0000][1][gc,cpu       ] GC(0) User=0.02s Sys=0.00s Real=0.08s
[2020-09-11T15:37:34.909+0000][1][safepoint    ] Safepoint "GenCollectForAllocation", Time since last: 146456036 ns, Reaching safepoint: 1223729 ns, At safepoint: 88274133 ns, Total: 89497862 ns
[2020-09-11T15:37:34.958+0000][1][safepoint    ] Safepoint "RevokeBias", Time since last: 48689425 ns, Reaching safepoint: 98944 ns, At safepoint: 39423 ns, Total: 138367 ns
[2020-09-11T15:37:34.958+0000][1][safepoint    ] Safepoint "RevokeBias", Time since last: 121541 ns, Reaching safepoint: 78261 ns, At safepoint: 21974 ns, Total: 100235 ns
[2020-09-11T15:37:34.958+0000][1][safepoint    ] Safepoint "RevokeBias", Time since last: 49517 ns, Reaching safepoint: 77128 ns, At safepoint: 20370 ns, Total: 97498 ns
[2020-09-11T15:37:34.958+0000][1][safepoint    ] Safepoint "RevokeBias", Time since last: 23762 ns, Reaching safepoint: 74857 ns, At safepoint: 19497 ns, Total: 94354 ns
[2020-09-11T15:37:34.958+0000][1][safepoint    ] Safepoint "RevokeBias", Time since last: 28681 ns, Reaching safepoint: 76660 ns, At safepoint: 24543 ns, Total: 101203 ns
[2020-09-11T15:37:34.965+0000][1][safepoint    ] Safepoint "RevokeBias", Time since last: 2526788 ns, Reaching safepoint: 90073 ns, At safepoint: 3714982 ns, Total: 3805055 ns
[2020-09-11T15:37:34.965+0000][1][safepoint    ] Safepoint "RevokeBias", Time since last: 88785 ns, Reaching safepoint: 101746 ns, At safepoint: 28658 ns, Total: 130404 ns
[2020-09-11T15:37:34.970+0000][1][safepoint    ] Safepoint "RevokeBias", Time since last: 26048 ns, Reaching safepoint: 77453 ns, At safepoint: 4720130 ns, Total: 4797583 ns
[2020-09-11T15:37:34.970+0000][1][safepoint    ] Safepoint "RevokeBias", Time since last: 48927 ns, Reaching safepoint: 23430 ns, At safepoint: 19843 ns, Total: 43273 ns
[2020-09-11T15:37:34.970+0000][1][safepoint    ] Safepoint "RevokeBias", Time since last: 40998 ns, Reaching safepoint: 80640 ns, At safepoint: 29034 ns, Total: 109674 ns
[2020-09-11T15:37:34.970+0000][1][safepoint    ] Safepoint "RevokeBias", Time since last: 23943 ns, Reaching safepoint: 78194 ns, At safepoint: 25750 ns, Total: 103944 ns
[2020-09-11T15:37:34.970+0000][1][safepoint    ] Safepoint "RevokeBias", Time since last: 30064 ns, Reaching safepoint: 77254 ns, At safepoint: 24496 ns, Total: 101750 ns
[2020-09-11T15:37:34.970+0000][1][safepoint    ] Safepoint "RevokeBias", Time since last: 23245 ns, Reaching safepoint: 76841 ns, At safepoint: 23911 ns, Total: 100752 ns
[2020-09-11T15:37:34.970+0000][1][safepoint    ] Safepoint "RevokeBias", Time since last: 28855 ns, Reaching safepoint: 77664 ns, At safepoint: 22700 ns, Total: 100364 ns
[2020-09-11T15:37:34.971+0000][1][safepoint    ] Safepoint "RevokeBias", Time since last: 22852 ns, Reaching safepoint: 76988 ns, At safepoint: 22700 ns, Total: 99688 ns
[2020-09-11T15:37:34.998+0000][1][safepoint    ] Safepoint "RevokeBias", Time since last: 26353429 ns, Reaching safepoint: 769135 ns, At safepoint: 37930 ns, Total: 807065 ns
[2020-09-11T15:37:34.998+0000][1][safepoint    ] Safepoint "RevokeBias", Time since last: 62073 ns, Reaching safepoint: 79686 ns, At safepoint: 25873 ns, Total: 105559 ns
[2020-09-11T15:37:34.998+0000][1][safepoint    ] Safepoint "RevokeBias", Time since last: 194106 ns, Reaching safepoint: 82137 ns, At safepoint: 38335 ns, Total: 120472 ns
[2020-09-11T15:37:34.998+0000][1][safepoint    ] Safepoint "RevokeBias", Time since last: 29652 ns, Reaching safepoint: 77714 ns, At safepoint: 24471 ns, Total: 102185 ns
[2020-09-11T15:37:34.998+0000][1][safepoint    ] Safepoint "RevokeBias", Time since last: 37153 ns, Reaching safepoint: 77704 ns, At safepoint: 23296 ns, Total: 101000 ns
[2020-09-11T15:37:34.999+0000][1][safepoint    ] Safepoint "RevokeBias", Time since last: 27963 ns, Reaching safepoint: 77236 ns, At safepoint: 22353 ns, Total: 99589 ns
[2020-09-11T15:37:34.999+0000][1][safepoint    ] Safepoint "RevokeBias", Time since last: 46958 ns, Reaching safepoint: 77210 ns, At safepoint: 21919 ns, Total: 99129 ns
[2020-09-11T15:37:34.999+0000][1][safepoint    ] Safepoint "RevokeBias", Time since last: 27300 ns, Reaching safepoint: 78585 ns, At safepoint: 20763 ns, Total: 99348 ns
[2020-09-11T15:37:34.999+0000][1][safepoint    ] Safepoint "RevokeBias", Time since last: 90012 ns, Reaching safepoint: 77226 ns, At safepoint: 20111 ns, Total: 97337 ns
[2020-09-11T15:37:35.006+0000][1][safepoint    ] Safepoint "RevokeBias", Time since last: 26709 ns, Reaching safepoint: 7128030 ns, At safepoint: 54834 ns, Total: 7182864 ns
[2020-09-11T15:37:35.006+0000][1][safepoint    ] Safepoint "RevokeBias", Time since last: 83413 ns, Reaching safepoint: 84054 ns, At safepoint: 33178 ns, Total: 117232 ns
[2020-09-11T15:37:35.007+0000][1][safepoint    ] Safepoint "RevokeBias", Time since last: 25747 ns, Reaching safepoint: 77902 ns, At safepoint: 28590 ns, Total: 106492 ns
[2020-09-11T15:37:35.007+0000][1][safepoint    ] Safepoint "RevokeBias", Time since last: 36251 ns, Reaching safepoint: 77799 ns, At safepoint: 27426 ns, Total: 105225 ns
[2020-09-11T15:37:35.007+0000][1][safepoint    ] Safepoint "RevokeBias", Time since last: 23603 ns, Reaching safepoint: 77184 ns, At safepoint: 29769 ns, Total: 106953 ns
[2020-09-11T15:37:35.007+0000][1][safepoint    ] Safepoint "RevokeBias", Time since last: 98615 ns, Reaching safepoint: 77935 ns, At safepoint: 32853 ns, Total: 110788 ns
[2020-09-11T15:37:35.007+0000][1][safepoint    ] Safepoint "RevokeBias", Time since last: 23564 ns, Reaching safepoint: 77520 ns, At safepoint: 31018 ns, Total: 108538 ns
[2020-09-11T15:37:35.249+0000][1][safepoint    ] Safepoint "Deoptimize", Time since last: 241638252 ns, Reaching safepoint: 134279 ns, At safepoint: 206342 ns, Total: 340621 ns
[2020-09-11T15:37:36.257+0000][1][safepoint    ] Safepoint "Cleanup", Time since last: 1007158489 ns, Reaching safepoint: 494858 ns, At safepoint: 6245 ns, Total: 501103 ns
[2020-09-11T15:37:37.269+0000][1][safepoint    ] Safepoint "Cleanup", Time since last: 1009574517 ns, Reaching safepoint: 2421100 ns, At safepoint: 10101 ns, Total: 2431201 ns
[2020-09-11T15:37:37.387+0000][1][safepoint    ] Safepoint "RevokeBias", Time since last: 118103655 ns, Reaching safepoint: 98220 ns, At safepoint: 37690 ns, Total: 135910 ns
[2020-09-11T15:37:38.398+0000][1][safepoint    ] Safepoint "Cleanup", Time since last: 1011178851 ns, Reaching safepoint: 117892 ns, At safepoint: 7843 ns, Total: 125735 ns
[2020-09-11T15:37:39.406+0000][1][safepoint    ] Safepoint "Cleanup", Time since last: 1006423018 ns, Reaching safepoint: 984083 ns, At safepoint: 8805 ns, Total: 992888 ns
[2020-09-11T15:37:39.844+0000][1][safepoint    ] Safepoint "Deoptimize", Time since last: 438295953 ns, Reaching safepoint: 120904 ns, At safepoint: 184265 ns, Total: 305169 ns
[2020-09-11T15:37:40.381+0000][1][gc,start     ] GC(1) Pause Young (Allocation Failure)
[2020-09-11T15:37:40.381+0000][1][gc,task      ] GC(1) Using 1 workers of 1 for evacuation
[2020-09-11T15:37:40.576+0000][1][gc,age       ] GC(1) Desired survivor size 4358144 bytes, new threshold 6 (max threshold 6)
[2020-09-11T15:37:40.576+0000][1][gc,age       ] GC(1) Age table with threshold 6 (max threshold 6)
[2020-09-11T15:37:40.576+0000][1][gc,age       ] GC(1) - age   1:    3309344 bytes,    3309344 total
[2020-09-11T15:37:40.576+0000][1][gc,heap      ] GC(1) ParNew: 74445K->4197K(76672K)
[2020-09-11T15:37:40.576+0000][1][gc,heap      ] GC(1) CMS: 0K->6798K(439104K)
[2020-09-11T15:37:40.576+0000][1][gc,metaspace ] GC(1) Metaspace: 18013K->18013K(1064960K)
[2020-09-11T15:37:40.576+0000][1][gc           ] GC(1) Pause Young (Allocation Failure) 72M->10M(503M) 195.789ms
[2020-09-11T15:37:40.576+0000][1][gc,cpu       ] GC(1) User=0.04s Sys=0.00s Real=0.20s
[2020-09-11T15:37:40.599+0000][1][safepoint    ] Safepoint "GenCollectForAllocation", Time since last: 532422631 ns, Reaching safepoint: 3876537 ns, At safepoint: 218737730 ns, Total: 222614267 ns
[2020-09-11T15:37:40.661+0000][1][safepoint    ] Safepoint "BulkRevokeBias", Time since last: 55266160 ns, Reaching safepoint: 6119916 ns, At safepoint: 106002 ns, Total: 6225918 ns
[2020-09-11T15:37:40.667+0000][1][safepoint    ] Safepoint "RevokeBias", Time since last: 141730 ns, Reaching safepoint: 5455583 ns, At safepoint: 62866 ns, Total: 5518449 ns
[2020-09-11T15:37:40.670+0000][1][safepoint    ] Safepoint "RevokeBias", Time since last: 3717806 ns, Reaching safepoint: 102346 ns, At safepoint: 46774 ns, Total: 149120 ns
[2020-09-11T15:37:40.671+0000][1][safepoint    ] Safepoint "RevokeBias", Time since last: 74394 ns, Reaching safepoint: 80396 ns, At safepoint: 28274 ns, Total: 108670 ns
[2020-09-11T15:37:40.672+0000][1][safepoint    ] Safepoint "RevokeBias", Time since last: 29691 ns, Reaching safepoint: 1801505 ns, At safepoint: 39435 ns, Total: 1840940 ns
[2020-09-11T15:37:40.673+0000][1][safepoint    ] Safepoint "RevokeBias", Time since last: 50366 ns, Reaching safepoint: 241876 ns, At safepoint: 41725 ns, Total: 283601 ns
[2020-09-11T15:37:40.673+0000][1][safepoint    ] Safepoint "RevokeBias", Time since last: 38110 ns, Reaching safepoint: 79154 ns, At safepoint: 35185 ns, Total: 114339 ns
[2020-09-11T15:37:40.673+0000][1][safepoint    ] Safepoint "BulkRevokeBias", Time since last: 36150 ns, Reaching safepoint: 79252 ns, At safepoint: 54413 ns, Total: 133665 ns
[2020-09-11T15:37:40.673+0000][1][safepoint    ] Safepoint "BulkRevokeBias", Time since last: 28975 ns, Reaching safepoint: 78856 ns, At safepoint: 46515 ns, Total: 125371 ns
[2020-09-11T15:37:41.205+0000][1][safepoint    ] Safepoint "Deoptimize", Time since last: 531048983 ns, Reaching safepoint: 110268 ns, At safepoint: 215671 ns, Total: 325939 ns
[2020-09-11T15:37:41.306+0000][1][safepoint    ] Safepoint "Deoptimize", Time since last: 100587029 ns, Reaching safepoint: 101610 ns, At safepoint: 191519 ns, Total: 293129 ns
[2020-09-11T15:37:42.316+0000][1][safepoint    ] Safepoint "Cleanup", Time since last: 1007244056 ns, Reaching safepoint: 2809153 ns, At safepoint: 11647 ns, Total: 2820800 ns
[2020-09-11T15:37:42.985+0000][1][safepoint    ] Safepoint "Deoptimize", Time since last: 663445723 ns, Reaching safepoint: 5776114 ns, At safepoint: 204838 ns, Total: 5980952 ns
[2020-09-11T15:37:42.986+0000][1][safepoint    ] Safepoint "RevokeBias", Time since last: 566474 ns, Reaching safepoint: 853565 ns, At safepoint: 44323 ns, Total: 897888 ns
[2020-09-11T15:37:42.989+0000][1][safepoint    ] Safepoint "Deoptimize", Time since last: 933193 ns, Reaching safepoint: 1353380 ns, At safepoint: 195094 ns, Total: 1548474 ns
[2020-09-11T15:37:43.991+0000][1][safepoint    ] Safepoint "Cleanup", Time since last: 1000095604 ns, Reaching safepoint: 1822844 ns, At safepoint: 9735 ns, Total: 1832579 ns
[2020-09-11T15:37:44.797+0000][1][safepoint    ] Safepoint "RevokeBias", Time since last: 805592634 ns, Reaching safepoint: 105018 ns, At safepoint: 29191 ns, Total: 134209 ns
[2020-09-11T15:37:44.860+0000][1][safepoint    ] Safepoint "RevokeBias", Time since last: 63327082 ns, Reaching safepoint: 112517 ns, At safepoint: 44095 ns, Total: 156612 ns
[2020-09-11T15:37:45.109+0000][1][gc,start     ] GC(2) Pause Young (Allocation Failure)
[2020-09-11T15:37:45.109+0000][1][gc,task      ] GC(2) Using 1 workers of 1 for evacuation
[2020-09-11T15:37:45.153+0000][1][gc,age       ] GC(2) Desired survivor size 4358144 bytes, new threshold 2 (max threshold 6)
[2020-09-11T15:37:45.153+0000][1][gc,age       ] GC(2) Age table with threshold 2 (max threshold 6)
[2020-09-11T15:37:45.153+0000][1][gc,age       ] GC(2) - age   1:    2915504 bytes,    2915504 total
[2020-09-11T15:37:45.153+0000][1][gc,age       ] GC(2) - age   2:    3187616 bytes,    6103120 total
[2020-09-11T15:37:45.153+0000][1][gc,heap      ] GC(2) ParNew: 72357K->6959K(76672K)
[2020-09-11T15:37:45.153+0000][1][gc,heap      ] GC(2) CMS: 6798K->6798K(439104K)
[2020-09-11T15:37:45.153+0000][1][gc,metaspace ] GC(2) Metaspace: 20049K->20049K(1067008K)
[2020-09-11T15:37:45.153+0000][1][gc           ] GC(2) Pause Young (Allocation Failure) 77M->13M(503M) 44.407ms
[2020-09-11T15:37:45.153+0000][1][gc,cpu       ] GC(2) User=0.01s Sys=0.00s Real=0.05s
[2020-09-11T15:37:45.169+0000][1][safepoint    ] Safepoint "GenCollectForAllocation", Time since last: 248654076 ns, Reaching safepoint: 121452 ns, At safepoint: 59905903 ns, Total: 60027355 ns
[2020-09-11T15:37:45.224+0000][1][safepoint    ] Safepoint "RevokeBias", Time since last: 36299103 ns, Reaching safepoint: 18408198 ns, At safepoint: 78309 ns, Total: 18486507 ns
[2020-09-11T15:37:45.234+0000][1][safepoint    ] Safepoint "RevokeBias", Time since last: 9815036 ns, Reaching safepoint: 34583 ns, At safepoint: 65928 ns, Total: 100511 ns
[2020-09-11T15:37:45.234+0000][1][safepoint    ] Safepoint "RevokeBias", Time since last: 157459 ns, Reaching safepoint: 11427 ns, At safepoint: 22387 ns, Total: 33814 ns
[2020-09-11T15:37:45.234+0000][1][safepoint    ] Safepoint "RevokeBias", Time since last: 32560 ns, Reaching safepoint: 9801 ns, At safepoint: 20820 ns, Total: 30621 ns
[2020-09-11T15:37:45.234+0000][1][safepoint    ] Safepoint "RevokeBias", Time since last: 29395 ns, Reaching safepoint: 9638 ns, At safepoint: 20886 ns, Total: 30524 ns
[2020-09-11T15:37:45.234+0000][1][safepoint    ] Safepoint "RevokeBias", Time since last: 28565 ns, Reaching safepoint: 9407 ns, At safepoint: 20634 ns, Total: 30041 ns
[2020-09-11T15:37:45.234+0000][1][safepoint    ] Safepoint "RevokeBias", Time since last: 33881 ns, Reaching safepoint: 9275 ns, At safepoint: 20317 ns, Total: 29592 ns
[2020-09-11T15:37:45.259+0000][1][safepoint    ] Safepoint "RevokeBias", Time since last: 24929890 ns, Reaching safepoint: 113215 ns, At safepoint: 53337 ns, Total: 166552 ns
[2020-09-11T15:37:45.297+0000][1][safepoint    ] Safepoint "RevokeBias", Time since last: 37763453 ns, Reaching safepoint: 103512 ns, At safepoint: 63093 ns, Total: 166605 ns
[2020-09-11T15:37:45.546+0000][1][safepoint    ] Safepoint "RevokeBias", Time since last: 248415593 ns, Reaching safepoint: 106134 ns, At safepoint: 30343 ns, Total: 136477 ns
[2020-09-11T15:37:45.577+0000][1][safepoint    ] Safepoint "RevokeBias", Time since last: 31399328 ns, Reaching safepoint: 100503 ns, At safepoint: 42587 ns, Total: 143090 ns
[2020-09-11T15:37:45.917+0000][1][safepoint    ] Safepoint "RevokeBias", Time since last: 335717796 ns, Reaching safepoint: 4018933 ns, At safepoint: 41137 ns, Total: 4060070 ns
[2020-09-11T15:37:45.975+0000][1][safepoint    ] Safepoint "RevokeBias", Time since last: 58028805 ns, Reaching safepoint: 96605 ns, At safepoint: 29213 ns, Total: 125818 ns
[2020-09-11T15:37:46.009+0000][1][safepoint    ] Safepoint "RevokeBias", Time since last: 33795136 ns, Reaching safepoint: 103629 ns, At safepoint: 36848 ns, Total: 140477 ns
[2020-09-11T15:37:46.372+0000][1][gc,start     ] GC(3) Pause Young (Allocation Failure)
[2020-09-11T15:37:46.372+0000][1][gc,task      ] GC(3) Using 1 workers of 1 for evacuation
[2020-09-11T15:37:46.439+0000][1][gc,age       ] GC(3) Desired survivor size 4358144 bytes, new threshold 6 (max threshold 6)
[2020-09-11T15:37:46.439+0000][1][gc,age       ] GC(3) Age table with threshold 6 (max threshold 6)
[2020-09-11T15:37:46.439+0000][1][gc,age       ] GC(3) - age   1:    1157496 bytes,    1157496 total
[2020-09-11T15:37:46.439+0000][1][gc,age       ] GC(3) - age   2:    1101424 bytes,    2258920 total
[2020-09-11T15:37:46.439+0000][1][gc,heap      ] GC(3) ParNew: 75119K->5328K(76672K)
[2020-09-11T15:37:46.439+0000][1][gc,heap      ] GC(3) CMS: 6798K->9936K(439104K)
[2020-09-11T15:37:46.439+0000][1][gc,metaspace ] GC(3) Metaspace: 20308K->20308K(1067008K)
[2020-09-11T15:37:46.439+0000][1][gc           ] GC(3) Pause Young (Allocation Failure) 79M->14M(503M) 67.216ms
[2020-09-11T15:37:46.439+0000][1][gc,cpu       ] GC(3) User=0.02s Sys=0.00s Real=0.07s
[2020-09-11T15:37:46.465+0000][1][safepoint    ] Safepoint "GenCollectForAllocation", Time since last: 362840251 ns, Reaching safepoint: 115387 ns, At safepoint: 92902202 ns, Total: 93017589 ns
[2020-09-11T15:37:46.481+0000][1][safepoint    ] Safepoint "RevokeBias", Time since last: 15979600 ns, Reaching safepoint: 89828 ns, At safepoint: 22380 ns, Total: 112208 ns
[2020-09-11T15:37:46.493+0000][1][safepoint    ] Safepoint "RevokeBias", Time since last: 11926837 ns, Reaching safepoint: 96751 ns, At safepoint: 29360 ns, Total: 126111 ns
[2020-09-11T15:37:46.493+0000][1][safepoint    ] Safepoint "RevokeBias", Time since last: 62298 ns, Reaching safepoint: 78816 ns, At safepoint: 24059 ns, Total: 102875 ns
[2020-09-11T15:37:46.493+0000][1][safepoint    ] Safepoint "RevokeBias", Time since last: 28447 ns, Reaching safepoint: 76265 ns, At safepoint: 19776 ns, Total: 96041 ns
[2020-09-11T15:37:46.493+0000][1][safepoint    ] Safepoint "RevokeBias", Time since last: 31793 ns, Reaching safepoint: 76338 ns, At safepoint: 19482 ns, Total: 95820 ns
[2020-09-11T15:37:46.493+0000][1][safepoint    ] Safepoint "RevokeBias", Time since last: 26741 ns, Reaching safepoint: 76277 ns, At safepoint: 21060 ns, Total: 97337 ns
[2020-09-11T15:37:46.494+0000][1][safepoint    ] Safepoint "RevokeBias", Time since last: 30047 ns, Reaching safepoint: 76477 ns, At safepoint: 21625 ns, Total: 98102 ns
[2020-09-11T15:37:46.494+0000][1][safepoint    ] Safepoint "RevokeBias", Time since last: 26136 ns, Reaching safepoint: 86894 ns, At safepoint: 32662 ns, Total: 119556 ns
[2020-09-11T15:37:47.246+0000][1][safepoint    ] Safepoint "CollectForMetadataAllocation", Time since last: 752297627 ns, Reaching safepoint: 108980 ns, At safepoint: 122675 ns, Total: 231655 ns
[2020-09-11T15:37:47.485+0000][1][safepoint    ] Safepoint "CollectForMetadataAllocation", Time since last: 238522515 ns, Reaching safepoint: 120295 ns, At safepoint: 134097 ns, Total: 254392 ns
[2020-09-11T15:37:47.666+0000][1][gc,start     ] GC(4) Pause Young (Allocation Failure)
[2020-09-11T15:37:47.666+0000][1][gc,task      ] GC(4) Using 1 workers of 1 for evacuation
[2020-09-11T15:37:47.708+0000][1][gc,age       ] GC(4) Desired survivor size 4358144 bytes, new threshold 6 (max threshold 6)
[2020-09-11T15:37:47.708+0000][1][gc,age       ] GC(4) Age table with threshold 6 (max threshold 6)
[2020-09-11T15:37:47.708+0000][1][gc,age       ] GC(4) - age   1:    2013680 bytes,    2013680 total
[2020-09-11T15:37:47.708+0000][1][gc,age       ] GC(4) - age   2:     351560 bytes,    2365240 total
[2020-09-11T15:37:47.708+0000][1][gc,age       ] GC(4) - age   3:    1101328 bytes,    3466568 total
[2020-09-11T15:37:47.708+0000][1][gc,heap      ] GC(4) ParNew: 73488K->4318K(76672K)
[2020-09-11T15:37:47.708+0000][1][gc,heap      ] GC(4) CMS: 9936K->9936K(439104K)
[2020-09-11T15:37:47.708+0000][1][gc,metaspace ] GC(4) Metaspace: 20831K->20831K(1069056K)
[2020-09-11T15:37:47.708+0000][1][gc           ] GC(4) Pause Young (Allocation Failure) 81M->13M(503M) 41.395ms
[2020-09-11T15:37:47.708+0000][1][gc,cpu       ] GC(4) User=0.01s Sys=0.00s Real=0.04s
[2020-09-11T15:37:47.729+0000][1][safepoint    ] Safepoint "GenCollectForAllocation", Time since last: 181082752 ns, Reaching safepoint: 99289 ns, At safepoint: 62557960 ns, Total: 62657249 ns
[2020-09-11T15:37:47.757+0000][1][gc,start     ] GC(5) Pause Initial Mark
[2020-09-11T15:37:47.760+0000][1][gc           ] GC(5) Pause Initial Mark 21M->21M(503M) 2.908ms
[2020-09-11T15:37:47.760+0000][1][gc,cpu       ] GC(5) User=0.00s Sys=0.00s Real=0.00s
[2020-09-11T15:37:47.803+0000][1][safepoint    ] Safepoint "BulkRevokeBias", Time since last: 27988909 ns, Reaching safepoint: 582846 ns, At safepoint: 45749601 ns, Total: 46332447 ns
[2020-09-11T15:37:47.803+0000][1][gc           ] GC(5) Concurrent Mark
[2020-09-11T15:37:47.848+0000][1][safepoint    ] Safepoint "RevokeBias", Time since last: 21578931 ns, Reaching safepoint: 23402881 ns, At safepoint: 26395 ns, Total: 23429276 ns
[2020-09-11T15:37:47.856+0000][1][safepoint    ] Safepoint "RevokeBias", Time since last: 7743472 ns, Reaching safepoint: 36134 ns, At safepoint: 28405 ns, Total: 64539 ns
[2020-09-11T15:37:47.856+0000][1][safepoint    ] Safepoint "RevokeBias", Time since last: 63208 ns, Reaching safepoint: 9438 ns, At safepoint: 12671 ns, Total: 22109 ns
[2020-09-11T15:37:47.856+0000][1][safepoint    ] Safepoint "RevokeBias", Time since last: 38348 ns, Reaching safepoint: 8309 ns, At safepoint: 11559 ns, Total: 19868 ns
[2020-09-11T15:37:47.856+0000][1][safepoint    ] Safepoint "RevokeBias", Time since last: 23131 ns, Reaching safepoint: 7113 ns, At safepoint: 11170 ns, Total: 18283 ns
[2020-09-11T15:37:47.860+0000][1][gc           ] GC(5) Concurrent Mark 57.012ms
[2020-09-11T15:37:47.860+0000][1][gc,cpu       ] GC(5) User=0.01s Sys=0.00s Real=0.05s
[2020-09-11T15:37:47.860+0000][1][gc           ] GC(5) Concurrent Preclean
[2020-09-11T15:37:47.903+0000][1][gc           ] GC(5) Concurrent Preclean 42.757ms
[2020-09-11T15:37:47.903+0000][1][gc,cpu       ] GC(5) User=0.01s Sys=0.00s Real=0.05s
[2020-09-11T15:37:47.903+0000][1][gc           ] GC(5) Concurrent Abortable Preclean
[2020-09-11T15:37:48.557+0000][1][safepoint    ] Safepoint "RevokeBias", Time since last: 689394643 ns, Reaching safepoint: 11318169 ns, At safepoint: 17611 ns, Total: 11335780 ns
[2020-09-11T15:37:48.557+0000][1][safepoint    ] Safepoint "RevokeBias", Time since last: 76569 ns, Reaching safepoint: 9127 ns, At safepoint: 5738 ns, Total: 14865 ns
[2020-09-11T15:37:48.557+0000][1][safepoint    ] Safepoint "RevokeBias", Time since last: 171502 ns, Reaching safepoint: 14379 ns, At safepoint: 6100 ns, Total: 20479 ns
[2020-09-11T15:37:48.568+0000][1][safepoint    ] Safepoint "Deoptimize", Time since last: 10864095 ns, Reaching safepoint: 107971 ns, At safepoint: 223329 ns, Total: 331300 ns
[2020-09-11T15:37:48.623+0000][1][safepoint    ] Safepoint "CollectForMetadataAllocation", Time since last: 54429749 ns, Reaching safepoint: 94902 ns, At safepoint: 66471 ns, Total: 161373 ns
[2020-09-11T15:37:49.021+0000][1][safepoint    ] Safepoint "Deoptimize", Time since last: 397879316 ns, Reaching safepoint: 104038 ns, At safepoint: 221180 ns, Total: 325218 ns
[2020-09-11T15:37:49.112+0000][1][safepoint    ] Safepoint "RevokeBias", Time since last: 66554641 ns, Reaching safepoint: 24457541 ns, At safepoint: 36837 ns, Total: 24494378 ns
[2020-09-11T15:37:49.138+0000][1][safepoint    ] Safepoint "RevokeBias", Time since last: 25608474 ns, Reaching safepoint: 103045 ns, At safepoint: 27648 ns, Total: 130693 ns
[2020-09-11T15:37:49.349+0000][1][gc,start     ] GC(6) Pause Young (Allocation Failure)
[2020-09-11T15:37:49.349+0000][1][gc,task      ] GC(6) Using 1 workers of 1 for evacuation
[2020-09-11T15:37:49.405+0000][1][gc           ] GC(5) Concurrent Abortable Preclean 1501.713ms
[2020-09-11T15:37:49.405+0000][1][gc,cpu       ] GC(5) User=0.36s Sys=0.02s Real=1.50s
[2020-09-11T15:37:49.408+0000][1][gc,age       ] GC(6) Desired survivor size 4358144 bytes, new threshold 4 (max threshold 6)
[2020-09-11T15:37:49.408+0000][1][gc,age       ] GC(6) Age table with threshold 4 (max threshold 6)
[2020-09-11T15:37:49.408+0000][1][gc,age       ] GC(6) - age   1:    1890048 bytes,    1890048 total
[2020-09-11T15:37:49.408+0000][1][gc,age       ] GC(6) - age   2:    1252336 bytes,    3142384 total
[2020-09-11T15:37:49.408+0000][1][gc,age       ] GC(6) - age   3:     351560 bytes,    3493944 total
[2020-09-11T15:37:49.408+0000][1][gc,age       ] GC(6) - age   4:    1101328 bytes,    4595272 total
[2020-09-11T15:37:49.408+0000][1][gc,heap      ] GC(6) ParNew: 72478K->6157K(76672K)
[2020-09-11T15:37:49.408+0000][1][gc,heap      ] GC(6) CMS: 9936K->9936K(439104K)
[2020-09-11T15:37:49.408+0000][1][gc,metaspace ] GC(6) Metaspace: 21156K->21156K(1069056K)
[2020-09-11T15:37:49.408+0000][1][gc           ] GC(6) Pause Young (Allocation Failure) 80M->15M(503M) 58.870ms
[2020-09-11T15:37:49.408+0000][1][gc,cpu       ] GC(6) User=0.02s Sys=0.00s Real=0.06s
[2020-09-11T15:37:49.433+0000][1][safepoint    ] Safepoint "GenCollectForAllocation", Time since last: 210881525 ns, Reaching safepoint: 108379 ns, At safepoint: 83899335 ns, Total: 84007714 ns
[2020-09-11T15:37:49.449+0000][1][gc,start     ] GC(5) Pause Remark
[2020-09-11T15:37:49.491+0000][1][gc           ] GC(5) Pause Remark 20M->20M(503M) 41.641ms
[2020-09-11T15:37:49.491+0000][1][gc,cpu       ] GC(5) User=0.02s Sys=0.00s Real=0.04s
[2020-09-11T15:37:49.525+0000][1][safepoint    ] Safepoint "CMS_Final_Remark", Time since last: 16040807 ns, Reaching safepoint: 103961 ns, At safepoint: 75983705 ns, Total: 76087666 ns
[2020-09-11T15:37:49.525+0000][1][gc           ] GC(5) Concurrent Sweep
[2020-09-11T15:37:49.536+0000][1][gc           ] GC(5) Concurrent Sweep 10.805ms
[2020-09-11T15:37:49.536+0000][1][gc,cpu       ] GC(5) User=0.01s Sys=0.00s Real=0.01s
[2020-09-11T15:37:49.536+0000][1][gc           ] GC(5) Concurrent Reset
[2020-09-11T15:37:49.536+0000][1][gc           ] GC(5) Concurrent Reset 0.635ms
[2020-09-11T15:37:49.537+0000][1][gc,cpu       ] GC(5) User=0.00s Sys=0.00s Real=0.00s
[2020-09-11T15:37:49.537+0000][1][gc,heap      ] GC(5) Old: 9936K->9934K(439104K)
[2020-09-11T15:37:49.541+0000][1][safepoint    ] Safepoint "RevokeBias", Time since last: 11649593 ns, Reaching safepoint: 4102883 ns, At safepoint: 103139 ns, Total: 4206022 ns
[2020-09-11T15:37:49.573+0000][1][safepoint    ] Safepoint "RevokeBias", Time since last: 16891822 ns, Reaching safepoint: 15148449 ns, At safepoint: 57193 ns, Total: 15205642 ns
[2020-09-11T15:37:49.573+0000][1][safepoint    ] Safepoint "RevokeBias", Time since last: 73147 ns, Reaching safepoint: 82512 ns, At safepoint: 28999 ns, Total: 111511 ns
[2020-09-11T15:37:49.573+0000][1][safepoint    ] Safepoint "RevokeBias", Time since last: 46543 ns, Reaching safepoint: 79169 ns, At safepoint: 27397 ns, Total: 106566 ns
[2020-09-11T15:37:49.573+0000][1][safepoint    ] Safepoint "RevokeBias", Time since last: 29043 ns, Reaching safepoint: 77484 ns, At safepoint: 25917 ns, Total: 103401 ns
[2020-09-11T15:37:49.637+0000][1][safepoint    ] Safepoint "RevokeBias", Time since last: 63425913 ns, Reaching safepoint: 102785 ns, At safepoint: 38291 ns, Total: 141076 ns
[2020-09-11T15:37:49.685+0000][1][safepoint    ] Safepoint "RevokeBias", Time since last: 47886228 ns, Reaching safepoint: 102627 ns, At safepoint: 37757 ns, Total: 140384 ns
[2020-09-11T15:37:49.693+0000][1][safepoint    ] Safepoint "RevokeBias", Time since last: 7921184 ns, Reaching safepoint: 102239 ns, At safepoint: 38214 ns, Total: 140453 ns
[2020-09-11T15:37:50.052+0000][1][safepoint    ] Safepoint "RevokeBias", Time since last: 358507293 ns, Reaching safepoint: 104100 ns, At safepoint: 36496 ns, Total: 140596 ns
[2020-09-11T15:37:50.074+0000][1][safepoint    ] Safepoint "RevokeBias", Time since last: 22289430 ns, Reaching safepoint: 103120 ns, At safepoint: 37336 ns, Total: 140456 ns
[2020-09-11T15:37:50.310+0000][1][gc,start     ] GC(7) Pause Young (Allocation Failure)
[2020-09-11T15:37:50.310+0000][1][gc,task      ] GC(7) Using 1 workers of 1 for evacuation
[2020-09-11T15:37:50.371+0000][1][gc,age       ] GC(7) Desired survivor size 4358144 bytes, new threshold 4 (max threshold 6)
[2020-09-11T15:37:50.371+0000][1][gc,age       ] GC(7) Age table with threshold 4 (max threshold 6)
[2020-09-11T15:37:50.371+0000][1][gc,age       ] GC(7) - age   1:    1342424 bytes,    1342424 total
[2020-09-11T15:37:50.371+0000][1][gc,age       ] GC(7) - age   2:    1525984 bytes,    2868408 total
[2020-09-11T15:37:50.372+0000][1][gc,age       ] GC(7) - age   3:    1251728 bytes,    4120136 total
[2020-09-11T15:37:50.372+0000][1][gc,age       ] GC(7) - age   4:     351560 bytes,    4471696 total
[2020-09-11T15:37:50.372+0000][1][gc,heap      ] GC(7) ParNew: 74317K->8270K(76672K)
[2020-09-11T15:37:50.372+0000][1][gc,heap      ] GC(7) CMS: 9934K->11019K(439104K)
[2020-09-11T15:37:50.372+0000][1][gc,metaspace ] GC(7) Metaspace: 21234K->21234K(1069056K)
[2020-09-11T15:37:50.372+0000][1][gc           ] GC(7) Pause Young (Allocation Failure) 82M->18M(503M) 61.941ms
[2020-09-11T15:37:50.372+0000][1][gc,cpu       ] GC(7) User=0.01s Sys=0.00s Real=0.06s
[2020-09-11T15:37:50.405+0000][1][safepoint    ] Safepoint "GenCollectForAllocation", Time since last: 235436956 ns, Reaching safepoint: 96875 ns, At safepoint: 95156907 ns, Total: 95253782 ns
[2020-09-11T15:37:50.417+0000][1][safepoint    ] Safepoint "RevokeBias", Time since last: 12086859 ns, Reaching safepoint: 100468 ns, At safepoint: 83194 ns, Total: 183662 ns
[2020-09-11T15:37:50.417+0000][1][safepoint    ] Safepoint "RevokeBias", Time since last: 54214 ns, Reaching safepoint: 79646 ns, At safepoint: 24125 ns, Total: 103771 ns
[2020-09-11T15:37:50.417+0000][1][safepoint    ] Safepoint "RevokeBias", Time since last: 39507 ns, Reaching safepoint: 78881 ns, At safepoint: 64637 ns, Total: 143518 ns
[2020-09-11T15:37:50.418+0000][1][safepoint    ] Safepoint "RevokeBias", Time since last: 38734 ns, Reaching safepoint: 78560 ns, At safepoint: 23389 ns, Total: 101949 ns
[2020-09-11T15:37:50.522+0000][1][safepoint    ] Safepoint "RevokeBias", Time since last: 104234649 ns, Reaching safepoint: 92728 ns, At safepoint: 27445 ns, Total: 120173 ns
[2020-09-11T15:37:50.545+0000][1][safepoint    ] Safepoint "RevokeBias", Time since last: 22922586 ns, Reaching safepoint: 108442 ns, At safepoint: 55488 ns, Total: 163930 ns
[2020-09-11T15:37:50.945+0000][1][safepoint    ] Safepoint "RevokeBias", Time since last: 395841655 ns, Reaching safepoint: 4022700 ns, At safepoint: 49484 ns, Total: 4072184 ns
[2020-09-11T15:37:50.985+0000][1][safepoint    ] Safepoint "RevokeBias", Time since last: 35891217 ns, Reaching safepoint: 3695984 ns, At safepoint: 39872 ns, Total: 3735856 ns
[2020-09-11T15:37:51.285+0000][1][gc,start     ] GC(8) Pause Young (Allocation Failure)
[2020-09-11T15:37:51.285+0000][1][gc,task      ] GC(8) Using 1 workers of 1 for evacuation
[2020-09-11T15:37:51.345+0000][1][gc,age       ] GC(8) Desired survivor size 4358144 bytes, new threshold 4 (max threshold 6)
[2020-09-11T15:37:51.345+0000][1][gc,age       ] GC(8) Age table with threshold 4 (max threshold 6)
[2020-09-11T15:37:51.345+0000][1][gc,age       ] GC(8) - age   1:    1453376 bytes,    1453376 total
[2020-09-11T15:37:51.345+0000][1][gc,age       ] GC(8) - age   2:     445648 bytes,    1899024 total
[2020-09-11T15:37:51.345+0000][1][gc,age       ] GC(8) - age   3:    1524048 bytes,    3423072 total
[2020-09-11T15:37:51.345+0000][1][gc,age       ] GC(8) - age   4:    1251072 bytes,    4674144 total
[2020-09-11T15:37:51.345+0000][1][gc,heap      ] GC(8) ParNew: 76430K->5342K(76672K)
[2020-09-11T15:37:51.345+0000][1][gc,heap      ] GC(8) CMS: 11019K->11367K(439104K)
[2020-09-11T15:37:51.345+0000][1][gc,metaspace ] GC(8) Metaspace: 21419K->21419K(1069056K)
[2020-09-11T15:37:51.345+0000][1][gc           ] GC(8) Pause Young (Allocation Failure) 85M->16M(503M) 60.443ms
[2020-09-11T15:37:51.345+0000][1][gc,cpu       ] GC(8) User=0.01s Sys=0.00s Real=0.06s
[2020-09-11T15:37:51.345+0000][1][safepoint    ] Safepoint "GenCollectForAllocation", Time since last: 300289276 ns, Reaching safepoint: 102375 ns, At safepoint: 60514189 ns, Total: 60616564 ns
[2020-09-11T15:37:51.371+0000][1][safepoint    ] Safepoint "RevokeBias", Time since last: 14058694 ns, Reaching safepoint: 11456061 ns, At safepoint: 46146 ns, Total: 11502207 ns
[2020-09-11T15:37:51.371+0000][1][safepoint    ] Safepoint "RevokeBias", Time since last: 57977 ns, Reaching safepoint: 82333 ns, At safepoint: 17464 ns, Total: 99797 ns
[2020-09-11T15:37:51.371+0000][1][safepoint    ] Safepoint "RevokeBias", Time since last: 43824 ns, Reaching safepoint: 76975 ns, At safepoint: 15962 ns, Total: 92937 ns
[2020-09-11T15:37:51.371+0000][1][safepoint    ] Safepoint "RevokeBias", Time since last: 27103 ns, Reaching safepoint: 76192 ns, At safepoint: 15870 ns, Total: 92062 ns
[2020-09-11T15:37:51.415+0000][1][safepoint    ] Safepoint "RevokeBias", Time since last: 43946492 ns, Reaching safepoint: 111912 ns, At safepoint: 43345 ns, Total: 155257 ns
[2020-09-11T15:37:51.471+0000][1][safepoint    ] Safepoint "RevokeBias", Time since last: 55584600 ns, Reaching safepoint: 100705 ns, At safepoint: 36746 ns, Total: 137451 ns
[2020-09-11T15:37:51.501+0000][1][safepoint    ] Safepoint "RevokeBias", Time since last: 29950793 ns, Reaching safepoint: 95258 ns, At safepoint: 32028 ns, Total: 127286 ns
[2020-09-11T15:37:51.770+0000][1][safepoint    ] Safepoint "RevokeBias", Time since last: 268212250 ns, Reaching safepoint: 100338 ns, At safepoint: 32297 ns, Total: 132635 ns
[2020-09-11T15:37:51.782+0000][1][safepoint    ] Safepoint "RevokeBias", Time since last: 12003242 ns, Reaching safepoint: 94229 ns, At safepoint: 30608 ns, Total: 124837 ns
[2020-09-11T15:37:52.069+0000][1][gc,start     ] GC(9) Pause Young (Allocation Failure)
[2020-09-11T15:37:52.085+0000][1][gc,task      ] GC(9) Using 1 workers of 1 for evacuation
[2020-09-11T15:37:52.160+0000][1][gc,age       ] GC(9) Desired survivor size 4358144 bytes, new threshold 4 (max threshold 6)
[2020-09-11T15:37:52.161+0000][1][gc,age       ] GC(9) Age table with threshold 4 (max threshold 6)
[2020-09-11T15:37:52.161+0000][1][gc,age       ] GC(9) - age   1:    2111032 bytes,    2111032 total
[2020-09-11T15:37:52.161+0000][1][gc,age       ] GC(9) - age   2:     829416 bytes,    2940448 total
[2020-09-11T15:37:52.161+0000][1][gc,age       ] GC(9) - age   3:     445568 bytes,    3386016 total
[2020-09-11T15:37:52.161+0000][1][gc,age       ] GC(9) - age   4:    1524048 bytes,    4910064 total
[2020-09-11T15:37:52.161+0000][1][gc,heap      ] GC(9) ParNew: 73502K->8182K(76672K)
[2020-09-11T15:37:52.161+0000][1][gc,heap      ] GC(9) CMS: 11367K->12602K(439104K)
[2020-09-11T15:37:52.161+0000][1][gc,metaspace ] GC(9) Metaspace: 21521K->21521K(1069056K)
[2020-09-11T15:37:52.161+0000][1][gc           ] GC(9) Pause Young (Allocation Failure) 82M->20M(503M) 91.749ms
[2020-09-11T15:37:52.161+0000][1][gc,cpu       ] GC(9) User=0.03s Sys=0.00s Real=0.09s
[2020-09-11T15:37:52.179+0000][1][safepoint    ] Safepoint "GenCollectForAllocation", Time since last: 286973657 ns, Reaching safepoint: 121376 ns, At safepoint: 110504234 ns, Total: 110625610 ns
[2020-09-11T15:37:52.201+0000][1][safepoint    ] Safepoint "RevokeBias", Time since last: 21428263 ns, Reaching safepoint: 37759 ns, At safepoint: 73704 ns, Total: 111463 ns
[2020-09-11T15:37:52.203+0000][1][safepoint    ] Safepoint "RevokeBias", Time since last: 2055275 ns, Reaching safepoint: 18842 ns, At safepoint: 51806 ns, Total: 70648 ns
[2020-09-11T15:37:52.203+0000][1][safepoint    ] Safepoint "RevokeBias", Time since last: 50563 ns, Reaching safepoint: 82065 ns, At safepoint: 22815 ns, Total: 104880 ns
[2020-09-11T15:37:52.205+0000][1][safepoint    ] Safepoint "RevokeBias", Time since last: 1599392 ns, Reaching safepoint: 80954 ns, At safepoint: 16955 ns, Total: 97909 ns
[2020-09-11T15:37:52.393+0000][1][safepoint    ] Safepoint "RevokeBias", Time since last: 187912683 ns, Reaching safepoint: 102297 ns, At safepoint: 37364 ns, Total: 139661 ns
[2020-09-11T15:37:52.421+0000][1][safepoint    ] Safepoint "RevokeBias", Time since last: 28224644 ns, Reaching safepoint: 97043 ns, At safepoint: 34374 ns, Total: 131417 ns
[2020-09-11T15:37:52.491+0000][1][safepoint    ] Safepoint "RevokeBias", Time since last: 69684924 ns, Reaching safepoint: 105796 ns, At safepoint: 16862 ns, Total: 122658 ns
[2020-09-11T15:37:52.492+0000][1][safepoint    ] Safepoint "RevokeBias", Time since last: 422788 ns, Reaching safepoint: 85529 ns, At safepoint: 9949 ns, Total: 95478 ns
[2020-09-11T15:37:52.701+0000][1][safepoint    ] Safepoint "RevokeBias", Time since last: 209185852 ns, Reaching safepoint: 111741 ns, At safepoint: 39353 ns, Total: 151094 ns
[2020-09-11T15:37:52.745+0000][1][safepoint    ] Safepoint "RevokeBias", Time since last: 44392252 ns, Reaching safepoint: 97266 ns, At safepoint: 31642 ns, Total: 128908 ns
[2020-09-11T15:37:52.747+0000][1][safepoint    ] Safepoint "RevokeBias", Time since last: 1076747 ns, Reaching safepoint: 11675 ns, At safepoint: 23513 ns, Total: 35188 ns
[2020-09-11T15:37:52.989+0000][1][gc,start     ] GC(10) Pause Young (Allocation Failure)
[2020-09-11T15:37:52.989+0000][1][gc,task      ] GC(10) Using 1 workers of 1 for evacuation
[2020-09-11T15:37:53.015+0000][1][gc,age       ] GC(10) Desired survivor size 4358144 bytes, new threshold 6 (max threshold 6)
[2020-09-11T15:37:53.016+0000][1][gc,age       ] GC(10) Age table with threshold 6 (max threshold 6)
[2020-09-11T15:37:53.016+0000][1][gc,age       ] GC(10) - age   1:     428536 bytes,     428536 total
[2020-09-11T15:37:53.016+0000][1][gc,age       ] GC(10) - age   2:     112688 bytes,     541224 total
[2020-09-11T15:37:53.016+0000][1][gc,age       ] GC(10) - age   3:     829416 bytes,    1370640 total
[2020-09-11T15:37:53.016+0000][1][gc,age       ] GC(10) - age   4:     445544 bytes,    1816184 total
[2020-09-11T15:37:53.016+0000][1][gc,heap      ] GC(10) ParNew: 76342K->2820K(76672K)
[2020-09-11T15:37:53.016+0000][1][gc,heap      ] GC(10) CMS: 12602K->14103K(439104K)
[2020-09-11T15:37:53.016+0000][1][gc,metaspace ] GC(10) Metaspace: 21661K->21661K(1069056K)
[2020-09-11T15:37:53.016+0000][1][gc           ] GC(10) Pause Young (Allocation Failure) 86M->16M(503M) 26.688ms
[2020-09-11T15:37:53.016+0000][1][gc,cpu       ] GC(10) User=0.01s Sys=0.00s Real=0.03s
[2020-09-11T15:37:53.039+0000][1][safepoint    ] Safepoint "GenCollectForAllocation", Time since last: 242219532 ns, Reaching safepoint: 106886 ns, At safepoint: 49979657 ns, Total: 50086543 ns
[2020-09-11T15:37:53.045+0000][1][safepoint    ] Safepoint "RevokeBias", Time since last: 5941283 ns, Reaching safepoint: 27760 ns, At safepoint: 58184 ns, Total: 85944 ns
[2020-09-11T15:37:53.049+0000][1][safepoint    ] Safepoint "RevokeBias", Time since last: 3862053 ns, Reaching safepoint: 32549 ns, At safepoint: 66304 ns, Total: 98853 ns
[2020-09-11T15:37:53.081+0000][1][safepoint    ] Safepoint "BulkRevokeBias", Time since last: 11896702 ns, Reaching safepoint: 20008306 ns, At safepoint: 60138 ns, Total: 20068444 ns
[2020-09-11T15:37:53.097+0000][1][safepoint    ] Safepoint "BulkRevokeBias", Time since last: 15988774 ns, Reaching safepoint: 100587 ns, At safepoint: 46277 ns, Total: 146864 ns
[2020-09-11T15:37:53.261+0000][1][safepoint    ] Safepoint "RevokeBias", Time since last: 163744580 ns, Reaching safepoint: 50690 ns, At safepoint: 31844 ns, Total: 82534 ns
[2020-09-11T15:37:53.289+0000][1][safepoint    ] Safepoint "RevokeBias", Time since last: 27982863 ns, Reaching safepoint: 104796 ns, At safepoint: 38462 ns, Total: 143258 ns
[2020-09-11T15:37:53.833+0000][1][safepoint    ] Safepoint "RevokeBias", Time since last: 543963888 ns, Reaching safepoint: 74877 ns, At safepoint: 43062 ns, Total: 117939 ns
[2020-09-11T15:37:53.837+0000][1][safepoint    ] Safepoint "RevokeBias", Time since last: 3797483 ns, Reaching safepoint: 100775 ns, At safepoint: 61225 ns, Total: 162000 ns
[2020-09-11T15:37:54.271+0000][1][gc,start     ] GC(11) Pause Young (Allocation Failure)
[2020-09-11T15:37:54.271+0000][1][gc,task      ] GC(11) Using 1 workers of 1 for evacuation
[2020-09-11T15:37:54.311+0000][1][gc,age       ] GC(11) Desired survivor size 4358144 bytes, new threshold 6 (max threshold 6)
[2020-09-11T15:37:54.311+0000][1][gc,age       ] GC(11) Age table with threshold 6 (max threshold 6)
[2020-09-11T15:37:54.311+0000][1][gc,age       ] GC(11) - age   1:    1889080 bytes,    1889080 total
[2020-09-11T15:37:54.311+0000][1][gc,age       ] GC(11) - age   2:     405696 bytes,    2294776 total
[2020-09-11T15:37:54.311+0000][1][gc,age       ] GC(11) - age   3:     112584 bytes,    2407360 total
[2020-09-11T15:37:54.311+0000][1][gc,age       ] GC(11) - age   4:     829416 bytes,    3236776 total
[2020-09-11T15:37:54.311+0000][1][gc,age       ] GC(11) - age   5:     445544 bytes,    3682320 total
[2020-09-11T15:37:54.311+0000][1][gc,heap      ] GC(11) ParNew: 70980K->4070K(76672K)
[2020-09-11T15:37:54.311+0000][1][gc,heap      ] GC(11) CMS: 14103K->14103K(439104K)
[2020-09-11T15:37:54.311+0000][1][gc,metaspace ] GC(11) Metaspace: 22578K->22578K(1071104K)
[2020-09-11T15:37:54.311+0000][1][gc           ] GC(11) Pause Young (Allocation Failure) 83M->17M(503M) 39.879ms
[2020-09-11T15:37:54.311+0000][1][gc,cpu       ] GC(11) User=0.01s Sys=0.00s Real=0.04s
[2020-09-11T15:37:54.326+0000][1][safepoint    ] Safepoint "GenCollectForAllocation", Time since last: 434201984 ns, Reaching safepoint: 99225 ns, At safepoint: 55149684 ns, Total: 55248909 ns
[2020-09-11T15:37:55.013+0000][1][gc,start     ] GC(12) Pause Young (Allocation Failure)
[2020-09-11T15:37:55.013+0000][1][gc,task      ] GC(12) Using 1 workers of 1 for evacuation
[2020-09-11T15:37:55.052+0000][1][gc,age       ] GC(12) Desired survivor size 4358144 bytes, new threshold 6 (max threshold 6)
[2020-09-11T15:37:55.052+0000][1][gc,age       ] GC(12) Age table with threshold 6 (max threshold 6)
[2020-09-11T15:37:55.052+0000][1][gc,age       ] GC(12) - age   1:     638392 bytes,     638392 total
[2020-09-11T15:37:55.052+0000][1][gc,age       ] GC(12) - age   2:     575792 bytes,    1214184 total
[2020-09-11T15:37:55.052+0000][1][gc,age       ] GC(12) - age   3:     405696 bytes,    1619880 total
[2020-09-11T15:37:55.052+0000][1][gc,age       ] GC(12) - age   4:     112480 bytes,    1732360 total
[2020-09-11T15:37:55.052+0000][1][gc,age       ] GC(12) - age   5:     829128 bytes,    2561488 total
[2020-09-11T15:37:55.052+0000][1][gc,age       ] GC(12) - age   6:     445544 bytes,    3007032 total
[2020-09-11T15:37:55.052+0000][1][gc,heap      ] GC(12) ParNew: 72230K->3205K(76672K)
[2020-09-11T15:37:55.052+0000][1][gc,heap      ] GC(12) CMS: 14103K->14103K(439104K)
[2020-09-11T15:37:55.052+0000][1][gc,metaspace ] GC(12) Metaspace: 22608K->22608K(1071104K)
[2020-09-11T15:37:55.052+0000][1][gc           ] GC(12) Pause Young (Allocation Failure) 84M->16M(503M) 38.837ms
[2020-09-11T15:37:55.052+0000][1][gc,cpu       ] GC(12) User=0.01s Sys=0.00s Real=0.03s
[2020-09-11T15:37:55.053+0000][1][safepoint    ] Safepoint "GenCollectForAllocation", Time since last: 686376286 ns, Reaching safepoint: 112276 ns, At safepoint: 39877000 ns, Total: 39989276 ns
[2020-09-11T15:37:55.709+0000][1][gc,start     ] GC(13) Pause Young (Allocation Failure)
[2020-09-11T15:37:55.709+0000][1][gc,task      ] GC(13) Using 1 workers of 1 for evacuation
[2020-09-11T15:37:55.778+0000][1][gc,age       ] GC(13) Desired survivor size 4358144 bytes, new threshold 6 (max threshold 6)
[2020-09-11T15:37:55.778+0000][1][gc,age       ] GC(13) Age table with threshold 6 (max threshold 6)
[2020-09-11T15:37:55.778+0000][1][gc,age       ] GC(13) - age   1:    1899144 bytes,    1899144 total
[2020-09-11T15:37:55.778+0000][1][gc,age       ] GC(13) - age   2:     203816 bytes,    2102960 total
[2020-09-11T15:37:55.778+0000][1][gc,age       ] GC(13) - age   3:     575680 bytes,    2678640 total
[2020-09-11T15:37:55.778+0000][1][gc,age       ] GC(13) - age   4:     405696 bytes,    3084336 total
[2020-09-11T15:37:55.778+0000][1][gc,age       ] GC(13) - age   5:     112480 bytes,    3196816 total
[2020-09-11T15:37:55.778+0000][1][gc,age       ] GC(13) - age   6:     829128 bytes,    4025944 total
[2020-09-11T15:37:55.778+0000][1][gc,heap      ] GC(13) ParNew: 71365K->6007K(76672K)
[2020-09-11T15:37:55.778+0000][1][gc,heap      ] GC(13) CMS: 14103K->14541K(439104K)
[2020-09-11T15:37:55.778+0000][1][gc,metaspace ] GC(13) Metaspace: 22708K->22708K(1071104K)
[2020-09-11T15:37:55.778+0000][1][gc           ] GC(13) Pause Young (Allocation Failure) 83M->20M(503M) 69.769ms
[2020-09-11T15:37:55.778+0000][1][gc,cpu       ] GC(13) User=0.01s Sys=0.00s Real=0.07s
[2020-09-11T15:37:55.779+0000][1][safepoint    ] Safepoint "GenCollectForAllocation", Time since last: 655776235 ns, Reaching safepoint: 112398 ns, At safepoint: 69828749 ns, Total: 69941147 ns
[2020-09-11T15:37:56.557+0000][1][gc,start     ] GC(14) Pause Young (Allocation Failure)
[2020-09-11T15:37:56.557+0000][1][gc,task      ] GC(14) Using 1 workers of 1 for evacuation
[2020-09-11T15:37:56.587+0000][1][gc,age       ] GC(14) Desired survivor size 4358144 bytes, new threshold 6 (max threshold 6)
[2020-09-11T15:37:56.587+0000][1][gc,age       ] GC(14) Age table with threshold 6 (max threshold 6)
[2020-09-11T15:37:56.587+0000][1][gc,age       ] GC(14) - age   1:     662976 bytes,     662976 total
[2020-09-11T15:37:56.587+0000][1][gc,age       ] GC(14) - age   2:     103416 bytes,     766392 total
[2020-09-11T15:37:56.587+0000][1][gc,age       ] GC(14) - age   3:     203816 bytes,     970208 total
[2020-09-11T15:37:56.587+0000][1][gc,age       ] GC(14) - age   4:     575680 bytes,    1545888 total
[2020-09-11T15:37:56.587+0000][1][gc,age       ] GC(14) - age   5:     405696 bytes,    1951584 total
[2020-09-11T15:37:56.587+0000][1][gc,age       ] GC(14) - age   6:     112480 bytes,    2064064 total
[2020-09-11T15:37:56.587+0000][1][gc,heap      ] GC(14) ParNew: 74167K->3699K(76672K)
[2020-09-11T15:37:56.587+0000][1][gc,heap      ] GC(14) CMS: 14541K->15357K(439104K)
[2020-09-11T15:37:56.587+0000][1][gc,metaspace ] GC(14) Metaspace: 22787K->22787K(1071104K)
[2020-09-11T15:37:56.587+0000][1][gc           ] GC(14) Pause Young (Allocation Failure) 86M->18M(503M) 30.073ms
[2020-09-11T15:37:56.587+0000][1][gc,cpu       ] GC(14) User=0.01s Sys=0.00s Real=0.03s
[2020-09-11T15:37:56.597+0000][1][safepoint    ] Safepoint "GenCollectForAllocation", Time since last: 778309669 ns, Reaching safepoint: 106745 ns, At safepoint: 39854775 ns, Total: 39961520 ns
[2020-09-11T15:37:57.306+0000][1][gc,start     ] GC(15) Pause Young (Allocation Failure)
[2020-09-11T15:37:57.306+0000][1][gc,task      ] GC(15) Using 1 workers of 1 for evacuation
[2020-09-11T15:37:57.323+0000][1][gc,age       ] GC(15) Desired survivor size 4358144 bytes, new threshold 6 (max threshold 6)
[2020-09-11T15:37:57.323+0000][1][gc,age       ] GC(15) Age table with threshold 6 (max threshold 6)
[2020-09-11T15:37:57.323+0000][1][gc,age       ] GC(15) - age   1:     180992 bytes,     180992 total
[2020-09-11T15:37:57.323+0000][1][gc,age       ] GC(15) - age   2:     314312 bytes,     495304 total
[2020-09-11T15:37:57.323+0000][1][gc,age       ] GC(15) - age   3:     103416 bytes,     598720 total
[2020-09-11T15:37:57.323+0000][1][gc,age       ] GC(15) - age   4:     203816 bytes,     802536 total
[2020-09-11T15:37:57.323+0000][1][gc,age       ] GC(15) - age   5:     575680 bytes,    1378216 total
[2020-09-11T15:37:57.323+0000][1][gc,age       ] GC(15) - age   6:     405696 bytes,    1783912 total
[2020-09-11T15:37:57.323+0000][1][gc,heap      ] GC(15) ParNew: 71859K->3361K(76672K)
[2020-09-11T15:37:57.323+0000][1][gc,heap      ] GC(15) CMS: 15357K->15470K(439104K)
[2020-09-11T15:37:57.323+0000][1][gc,metaspace ] GC(15) Metaspace: 22874K->22874K(1071104K)
[2020-09-11T15:37:57.323+0000][1][gc           ] GC(15) Pause Young (Allocation Failure) 85M->18M(503M) 17.450ms
[2020-09-11T15:37:57.323+0000][1][gc,cpu       ] GC(15) User=0.00s Sys=0.00s Real=0.02s
[2020-09-11T15:37:57.337+0000][1][safepoint    ] Safepoint "GenCollectForAllocation", Time since last: 705861748 ns, Reaching safepoint: 3190386 ns, At safepoint: 31202346 ns, Total: 34392732 ns
[2020-09-11T15:37:58.049+0000][1][gc,start     ] GC(16) Pause Young (Allocation Failure)
[2020-09-11T15:37:58.049+0000][1][gc,task      ] GC(16) Using 1 workers of 1 for evacuation
[2020-09-11T15:37:58.083+0000][1][gc,age       ] GC(16) Desired survivor size 4358144 bytes, new threshold 6 (max threshold 6)
[2020-09-11T15:37:58.083+0000][1][gc,age       ] GC(16) Age table with threshold 6 (max threshold 6)
[2020-09-11T15:37:58.083+0000][1][gc,age       ] GC(16) - age   1:    1795376 bytes,    1795376 total
[2020-09-11T15:37:58.083+0000][1][gc,age       ] GC(16) - age   2:     162704 bytes,    1958080 total
[2020-09-11T15:37:58.083+0000][1][gc,age       ] GC(16) - age   3:     314312 bytes,    2272392 total
[2020-09-11T15:37:58.083+0000][1][gc,age       ] GC(16) - age   4:     103416 bytes,    2375808 total
[2020-09-11T15:37:58.083+0000][1][gc,age       ] GC(16) - age   5:     203664 bytes,    2579472 total
[2020-09-11T15:37:58.083+0000][1][gc,age       ] GC(16) - age   6:     575680 bytes,    3155152 total
[2020-09-11T15:37:58.083+0000][1][gc,heap      ] GC(16) ParNew: 71521K->3220K(76672K)
[2020-09-11T15:37:58.083+0000][1][gc,heap      ] GC(16) CMS: 15470K->15871K(439104K)
[2020-09-11T15:37:58.083+0000][1][gc,metaspace ] GC(16) Metaspace: 22894K->22894K(1071104K)
[2020-09-11T15:37:58.083+0000][1][gc           ] GC(16) Pause Young (Allocation Failure) 84M->18M(503M) 33.795ms
[2020-09-11T15:37:58.083+0000][1][gc,cpu       ] GC(16) User=0.01s Sys=0.00s Real=0.04s
[2020-09-11T15:37:58.105+0000][1][safepoint    ] Safepoint "GenCollectForAllocation", Time since last: 711749467 ns, Reaching safepoint: 118379 ns, At safepoint: 55919268 ns, Total: 56037647 ns
[2020-09-11T15:37:58.229+0000][1][safepoint    ] Safepoint "Deoptimize", Time since last: 124124700 ns, Reaching safepoint: 100994 ns, At safepoint: 221137 ns, Total: 322131 ns
[2020-09-11T15:37:58.666+0000][1][safepoint    ] Safepoint "RevokeBias", Time since last: 436150796 ns, Reaching safepoint: 114774 ns, At safepoint: 16944 ns, Total: 131718 ns
[2020-09-11T15:37:59.666+0000][1][safepoint    ] Safepoint "Cleanup", Time since last: 1000110109 ns, Reaching safepoint: 403911 ns, At safepoint: 10172 ns, Total: 414083 ns
[2020-09-11T15:37:59.937+0000][1][safepoint    ] Safepoint "RevokeBias", Time since last: 271088266 ns, Reaching safepoint: 104751 ns, At safepoint: 14499 ns, Total: 119250 ns
[2020-09-11T15:38:00.947+0000][1][safepoint    ] Safepoint "Cleanup", Time since last: 1008882917 ns, Reaching safepoint: 735103 ns, At safepoint: 8651 ns, Total: 743754 ns
[2020-09-11T15:38:01.585+0000][1][safepoint    ] Safepoint "Deoptimize", Time since last: 637756731 ns, Reaching safepoint: 138923 ns, At safepoint: 231674 ns, Total: 370597 ns
[2020-09-11T15:38:01.586+0000][1][safepoint    ] Safepoint "Deoptimize", Time since last: 593947 ns, Reaching safepoint: 83775 ns, At safepoint: 106948 ns, Total: 190723 ns
[2020-09-11T15:38:01.719+0000][1][safepoint    ] Safepoint "Deoptimize", Time since last: 132559710 ns, Reaching safepoint: 105270 ns, At safepoint: 224771 ns, Total: 330041 ns
[2020-09-11T15:38:02.719+0000][1][safepoint    ] Safepoint "Cleanup", Time since last: 1000126536 ns, Reaching safepoint: 241313 ns, At safepoint: 7415 ns, Total: 248728 ns
[2020-09-11T15:38:03.726+0000][1][safepoint    ] Safepoint "Cleanup", Time since last: 1000124261 ns, Reaching safepoint: 6436835 ns, At safepoint: 9802 ns, Total: 6446637 ns
[2020-09-11T15:38:04.730+0000][1][safepoint    ] Safepoint "Cleanup", Time since last: 1004560119 ns, Reaching safepoint: 122582 ns, At safepoint: 6842 ns, Total: 129424 ns
[2020-09-11T15:38:05.699+0000][1][gc,start     ] GC(17) Pause Young (Allocation Failure)
[2020-09-11T15:38:05.699+0000][1][gc,task      ] GC(17) Using 1 workers of 1 for evacuation
[2020-09-11T15:38:05.823+0000][1][gc,age       ] GC(17) Desired survivor size 4358144 bytes, new threshold 1 (max threshold 6)
[2020-09-11T15:38:05.823+0000][1][gc,age       ] GC(17) Age table with threshold 1 (max threshold 6)
[2020-09-11T15:38:05.823+0000][1][gc,age       ] GC(17) - age   1:    7838128 bytes,    7838128 total
[2020-09-11T15:38:05.823+0000][1][gc,age       ] GC(17) - age   2:      98560 bytes,    7936688 total
[2020-09-11T15:38:05.823+0000][1][gc,age       ] GC(17) - age   3:     161520 bytes,    8098208 total
[2020-09-11T15:38:05.823+0000][1][gc,age       ] GC(17) - age   4:     309048 bytes,    8407256 total
[2020-09-11T15:38:05.823+0000][1][gc,age       ] GC(17) - age   5:     102080 bytes,    8509336 total
[2020-09-11T15:38:05.823+0000][1][gc,age       ] GC(17) - age   6:     203200 bytes,    8712536 total
[2020-09-11T15:38:05.823+0000][1][gc,heap      ] GC(17) ParNew: 71380K->8512K(76672K)
[2020-09-11T15:38:05.823+0000][1][gc,heap      ] GC(17) CMS: 15871K->16714K(439104K)
[2020-09-11T15:38:05.823+0000][1][gc,metaspace ] GC(17) Metaspace: 29709K->29709K(1077248K)
[2020-09-11T15:38:05.823+0000][1][gc           ] GC(17) Pause Young (Allocation Failure) 85M->24M(503M) 123.887ms
[2020-09-11T15:38:05.823+0000][1][gc,cpu       ] GC(17) User=0.03s Sys=0.00s Real=0.13s
[2020-09-11T15:38:05.853+0000][1][safepoint    ] Safepoint "GenCollectForAllocation", Time since last: 968537968 ns, Reaching safepoint: 111266 ns, At safepoint: 153810304 ns, Total: 153921570 ns
[2020-09-11T15:38:06.890+0000][1][safepoint    ] Safepoint "Cleanup", Time since last: 1021792642 ns, Reaching safepoint: 15254659 ns, At safepoint: 8130 ns, Total: 15262789 ns
[2020-09-11T15:38:07.897+0000][1][safepoint    ] Safepoint "Cleanup", Time since last: 1006915706 ns, Reaching safepoint: 115130 ns, At safepoint: 5992 ns, Total: 121122 ns
[2020-09-11T15:38:09.933+0000][1][safepoint    ] Safepoint "Cleanup", Time since last: 2035924822 ns, Reaching safepoint: 57191 ns, At safepoint: 6528 ns, Total: 63719 ns
[2020-09-11T15:38:10.941+0000][1][safepoint    ] Safepoint "Cleanup", Time since last: 1007898429 ns, Reaching safepoint: 117639 ns, At safepoint: 7671 ns, Total: 125310 ns
[2020-09-11T15:38:11.957+0000][1][safepoint    ] Safepoint "Cleanup", Time since last: 1000111908 ns, Reaching safepoint: 16205113 ns, At safepoint: 7728 ns, Total: 16212841 ns
[2020-09-11T15:38:12.569+0000][1][gc,start     ] GC(18) Pause Young (Allocation Failure)
[2020-09-11T15:38:12.569+0000][1][gc,task      ] GC(18) Using 1 workers of 1 for evacuation
[2020-09-11T15:38:12.760+0000][1][gc,age       ] GC(18) Desired survivor size 4358144 bytes, new threshold 1 (max threshold 6)
[2020-09-11T15:38:12.760+0000][1][gc,age       ] GC(18) Age table with threshold 1 (max threshold 6)
[2020-09-11T15:38:12.760+0000][1][gc,age       ] GC(18) - age   1:    8308280 bytes,    8308280 total
[2020-09-11T15:38:12.760+0000][1][gc,heap      ] GC(18) ParNew: 76672K->8512K(76672K)
[2020-09-11T15:38:12.760+0000][1][gc,heap      ] GC(18) CMS: 16714K->25586K(439104K)
[2020-09-11T15:38:12.760+0000][1][gc,metaspace ] GC(18) Metaspace: 29728K->29728K(1077248K)
[2020-09-11T15:38:12.760+0000][1][gc           ] GC(18) Pause Young (Allocation Failure) 91M->33M(503M) 190.954ms
[2020-09-11T15:38:12.760+0000][1][gc,cpu       ] GC(18) User=0.05s Sys=0.00s Real=0.19s
[2020-09-11T15:38:12.781+0000][1][safepoint    ] Safepoint "GenCollectForAllocation", Time since last: 608323552 ns, Reaching safepoint: 3237113 ns, At safepoint: 212007282 ns, Total: 215244395 ns
[2020-09-11T15:38:13.809+0000][1][safepoint    ] Safepoint "Cleanup", Time since last: 1027965064 ns, Reaching safepoint: 49178 ns, At safepoint: 7757 ns, Total: 56935 ns
[2020-09-11T15:38:14.821+0000][1][safepoint    ] Safepoint "Cleanup", Time since last: 1007965685 ns, Reaching safepoint: 3995992 ns, At safepoint: 10858 ns, Total: 4006850 ns
[2020-09-11T15:38:15.829+0000][1][safepoint    ] Safepoint "Cleanup", Time since last: 1003978063 ns, Reaching safepoint: 4032743 ns, At safepoint: 10062 ns, Total: 4042805 ns
[2020-09-11T15:38:17.603+0000][1][gc,start     ] GC(19) Pause Young (Allocation Failure)
[2020-09-11T15:38:17.603+0000][1][gc,task      ] GC(19) Using 1 workers of 1 for evacuation
[2020-09-11T15:38:17.773+0000][1][gc,age       ] GC(19) Desired survivor size 4358144 bytes, new threshold 1 (max threshold 6)
[2020-09-11T15:38:17.773+0000][1][gc,age       ] GC(19) Age table with threshold 1 (max threshold 6)
[2020-09-11T15:38:17.773+0000][1][gc,age       ] GC(19) - age   1:    8716240 bytes,    8716240 total
[2020-09-11T15:38:17.773+0000][1][gc,heap      ] GC(19) ParNew: 76672K->8512K(76672K)
[2020-09-11T15:38:17.773+0000][1][gc,heap      ] GC(19) CMS: 25586K->33737K(439104K)
[2020-09-11T15:38:17.773+0000][1][gc,metaspace ] GC(19) Metaspace: 29889K->29889K(1077248K)
[2020-09-11T15:38:17.773+0000][1][gc           ] GC(19) Pause Young (Allocation Failure) 99M->41M(503M) 170.191ms
[2020-09-11T15:38:17.773+0000][1][gc,cpu       ] GC(19) User=0.04s Sys=0.00s Real=0.17s
[2020-09-11T15:38:17.797+0000][1][safepoint    ] Safepoint "GenCollectForAllocation", Time since last: 1774310687 ns, Reaching safepoint: 122994 ns, At safepoint: 193637768 ns, Total: 193760762 ns
[2020-09-11T15:38:19.841+0000][1][safepoint    ] Safepoint "Cleanup", Time since last: 2027920617 ns, Reaching safepoint: 16015758 ns, At safepoint: 12554 ns, Total: 16028312 ns
[2020-09-11T15:38:20.845+0000][1][safepoint    ] Safepoint "Cleanup", Time since last: 1000102999 ns, Reaching safepoint: 3886039 ns, At safepoint: 12684 ns, Total: 3898723 ns
[2020-09-11T15:38:21.734+0000][1][gc,start     ] GC(20) Pause Young (Allocation Failure)
[2020-09-11T15:38:21.734+0000][1][gc,task      ] GC(20) Using 1 workers of 1 for evacuation
[2020-09-11T15:38:21.879+0000][1][gc,age       ] GC(20) Desired survivor size 4358144 bytes, new threshold 6 (max threshold 6)
[2020-09-11T15:38:21.879+0000][1][gc,age       ] GC(20) Age table with threshold 6 (max threshold 6)
[2020-09-11T15:38:21.879+0000][1][gc,age       ] GC(20) - age   1:    4209216 bytes,    4209216 total
[2020-09-11T15:38:21.879+0000][1][gc,heap      ] GC(20) ParNew: 76672K->8344K(76672K)
[2020-09-11T15:38:21.879+0000][1][gc,heap      ] GC(20) CMS: 33737K->41462K(439104K)
[2020-09-11T15:38:21.879+0000][1][gc,metaspace ] GC(20) Metaspace: 32106K->32106K(1079296K)
[2020-09-11T15:38:21.885+0000][1][gc           ] GC(20) Pause Young (Allocation Failure) 107M->48M(503M) 151.016ms
[2020-09-11T15:38:21.885+0000][1][gc,cpu       ] GC(20) User=0.04s Sys=0.00s Real=0.15s
[2020-09-11T15:38:21.901+0000][1][safepoint    ] Safepoint "GenCollectForAllocation", Time since last: 888861034 ns, Reaching safepoint: 100463 ns, At safepoint: 166971181 ns, Total: 167071644 ns
[2020-09-11T15:38:22.529+0000][1][safepoint    ] Safepoint "Deoptimize", Time since last: 627781155 ns, Reaching safepoint: 122823 ns, At safepoint: 288245 ns, Total: 411068 ns
[2020-09-11T15:38:23.533+0000][1][safepoint    ] Safepoint "Cleanup", Time since last: 1003806099 ns, Reaching safepoint: 139027 ns, At safepoint: 5442 ns, Total: 144469 ns
[2020-09-11T15:38:24.537+0000][1][safepoint    ] Safepoint "Cleanup", Time since last: 1003889021 ns, Reaching safepoint: 126121 ns, At safepoint: 6265 ns, Total: 132386 ns
[2020-09-11T15:38:25.501+0000][1][safepoint    ] Safepoint "Deoptimize", Time since last: 963960766 ns, Reaching safepoint: 108293 ns, At safepoint: 274057 ns, Total: 382350 ns
[2020-09-11T15:38:26.502+0000][1][safepoint    ] Safepoint "Cleanup", Time since last: 1000103030 ns, Reaching safepoint: 109445 ns, At safepoint: 6589 ns, Total: 116034 ns
[2020-09-11T15:38:26.570+0000][1][gc,start     ] GC(21) Pause Young (Allocation Failure)
[2020-09-11T15:38:26.570+0000][1][gc,task      ] GC(21) Using 1 workers of 1 for evacuation
[2020-09-11T15:38:26.644+0000][1][gc,age       ] GC(21) Desired survivor size 4358144 bytes, new threshold 2 (max threshold 6)
[2020-09-11T15:38:26.644+0000][1][gc,age       ] GC(21) Age table with threshold 2 (max threshold 6)
[2020-09-11T15:38:26.645+0000][1][gc,age       ] GC(21) - age   1:     985832 bytes,     985832 total
[2020-09-11T15:38:26.645+0000][1][gc,age       ] GC(21) - age   2:    4115744 bytes,    5101576 total
[2020-09-11T15:38:26.645+0000][1][gc,heap      ] GC(21) ParNew: 76504K->7255K(76672K)
[2020-09-11T15:38:26.645+0000][1][gc,heap      ] GC(21) CMS: 41462K->41462K(439104K)
[2020-09-11T15:38:26.645+0000][1][gc,metaspace ] GC(21) Metaspace: 32411K->32411K(1079296K)
[2020-09-11T15:38:26.645+0000][1][gc           ] GC(21) Pause Young (Allocation Failure) 115M->47M(503M) 74.272ms
[2020-09-11T15:38:26.645+0000][1][gc,cpu       ] GC(21) User=0.01s Sys=0.00s Real=0.08s
[2020-09-11T15:38:26.665+0000][1][safepoint    ] Safepoint "GenCollectForAllocation", Time since last: 68686621 ns, Reaching safepoint: 102315 ns, At safepoint: 94539187 ns, Total: 94641502 ns
[2020-09-11T15:38:27.683+0000][1][safepoint    ] Safepoint "Cleanup", Time since last: 1015469403 ns, Reaching safepoint: 2583276 ns, At safepoint: 14318 ns, Total: 2597594 ns
[2020-09-11T15:38:27.957+0000][1][gc,start     ] GC(22) Pause Young (Allocation Failure)
[2020-09-11T15:38:27.961+0000][1][gc,task      ] GC(22) Using 1 workers of 1 for evacuation
[2020-09-11T15:38:28.014+0000][1][gc,age       ] GC(22) Desired survivor size 4358144 bytes, new threshold 6 (max threshold 6)
[2020-09-11T15:38:28.014+0000][1][gc,age       ] GC(22) Age table with threshold 6 (max threshold 6)
[2020-09-11T15:38:28.014+0000][1][gc,age       ] GC(22) - age   1:     249456 bytes,     249456 total
[2020-09-11T15:38:28.014+0000][1][gc,age       ] GC(22) - age   2:     437856 bytes,     687312 total
[2020-09-11T15:38:28.014+0000][1][gc,heap      ] GC(22) ParNew: 75415K->4643K(76672K)
[2020-09-11T15:38:28.014+0000][1][gc,heap      ] GC(22) CMS: 41462K->45498K(439104K)
[2020-09-11T15:38:28.015+0000][1][gc,metaspace ] GC(22) Metaspace: 32423K->32423K(1079296K)
[2020-09-11T15:38:28.015+0000][1][gc           ] GC(22) Pause Young (Allocation Failure) 114M->48M(503M) 57.836ms
[2020-09-11T15:38:28.015+0000][1][gc,cpu       ] GC(22) User=0.02s Sys=0.00s Real=0.06s
[2020-09-11T15:38:28.041+0000][1][safepoint    ] Safepoint "GenCollectForAllocation", Time since last: 273687277 ns, Reaching safepoint: 101873 ns, At safepoint: 84096348 ns, Total: 84198221 ns
[2020-09-11T15:38:28.670+0000][1][gc,start     ] GC(23) Pause Young (Allocation Failure)
[2020-09-11T15:38:28.670+0000][1][gc,task      ] GC(23) Using 1 workers of 1 for evacuation
[2020-09-11T15:38:28.685+0000][1][gc,age       ] GC(23) Desired survivor size 4358144 bytes, new threshold 6 (max threshold 6)
[2020-09-11T15:38:28.685+0000][1][gc,age       ] GC(23) Age table with threshold 6 (max threshold 6)
[2020-09-11T15:38:28.685+0000][1][gc,age       ] GC(23) - age   1:        208 bytes,        208 total
[2020-09-11T15:38:28.685+0000][1][gc,age       ] GC(23) - age   2:     249416 bytes,     249624 total
[2020-09-11T15:38:28.685+0000][1][gc,age       ] GC(23) - age   3:     437856 bytes,     687480 total
[2020-09-11T15:38:28.685+0000][1][gc,heap      ] GC(23) ParNew: 72803K->1286K(76672K)
[2020-09-11T15:38:28.685+0000][1][gc,heap      ] GC(23) CMS: 45498K->45498K(439104K)
[2020-09-11T15:38:28.685+0000][1][gc,metaspace ] GC(23) Metaspace: 32424K->32424K(1079296K)
[2020-09-11T15:38:28.685+0000][1][gc           ] GC(23) Pause Young (Allocation Failure) 115M->45M(503M) 15.140ms
[2020-09-11T15:38:28.685+0000][1][gc,cpu       ] GC(23) User=0.00s Sys=0.00s Real=0.02s
[2020-09-11T15:38:28.701+0000][1][safepoint    ] Safepoint "GenCollectForAllocation", Time since last: 628015808 ns, Reaching safepoint: 1218987 ns, At safepoint: 30779726 ns, Total: 31998713 ns
[2020-09-11T15:38:29.106+0000][1][gc,start     ] GC(24) Pause Young (Allocation Failure)
[2020-09-11T15:38:29.106+0000][1][gc,task      ] GC(24) Using 1 workers of 1 for evacuation
[2020-09-11T15:38:29.122+0000][1][gc,age       ] GC(24) Desired survivor size 4358144 bytes, new threshold 6 (max threshold 6)
[2020-09-11T15:38:29.122+0000][1][gc,age       ] GC(24) Age table with threshold 6 (max threshold 6)
[2020-09-11T15:38:29.122+0000][1][gc,age       ] GC(24) - age   1:        224 bytes,        224 total
[2020-09-11T15:38:29.122+0000][1][gc,age       ] GC(24) - age   3:     249416 bytes,     249640 total
[2020-09-11T15:38:29.122+0000][1][gc,age       ] GC(24) - age   4:     437856 bytes,     687496 total
[2020-09-11T15:38:29.122+0000][1][gc,heap      ] GC(24) ParNew: 69446K->1146K(76672K)
[2020-09-11T15:38:29.122+0000][1][gc,heap      ] GC(24) CMS: 45498K->45498K(439104K)
[2020-09-11T15:38:29.122+0000][1][gc,metaspace ] GC(24) Metaspace: 32428K->32428K(1079296K)
[2020-09-11T15:38:29.122+0000][1][gc           ] GC(24) Pause Young (Allocation Failure) 112M->45M(503M) 15.258ms
[2020-09-11T15:38:29.122+0000][1][gc,cpu       ] GC(24) User=0.00s Sys=0.00s Real=0.02s
[2020-09-11T15:38:29.137+0000][1][safepoint    ] Safepoint "GenCollectForAllocation", Time since last: 405521037 ns, Reaching safepoint: 97402 ns, At safepoint: 30377375 ns, Total: 30474777 ns
[2020-09-11T15:38:29.521+0000][1][gc,start     ] GC(25) Pause Young (Allocation Failure)
[2020-09-11T15:38:29.521+0000][1][gc,task      ] GC(25) Using 1 workers of 1 for evacuation
[2020-09-11T15:38:29.524+0000][1][gc,age       ] GC(25) Desired survivor size 4358144 bytes, new threshold 6 (max threshold 6)
[2020-09-11T15:38:29.524+0000][1][gc,age       ] GC(25) Age table with threshold 6 (max threshold 6)
[2020-09-11T15:38:29.524+0000][1][gc,age       ] GC(25) - age   4:     249416 bytes,     249416 total
[2020-09-11T15:38:29.524+0000][1][gc,age       ] GC(25) - age   5:     437856 bytes,     687272 total
[2020-09-11T15:38:29.524+0000][1][gc,heap      ] GC(25) ParNew: 69306K->1293K(76672K)
[2020-09-11T15:38:29.524+0000][1][gc,heap      ] GC(25) CMS: 45498K->45498K(439104K)
[2020-09-11T15:38:29.524+0000][1][gc,metaspace ] GC(25) Metaspace: 32428K->32428K(1079296K)
[2020-09-11T15:38:29.524+0000][1][gc           ] GC(25) Pause Young (Allocation Failure) 112M->45M(503M) 2.994ms
[2020-09-11T15:38:29.524+0000][1][gc,cpu       ] GC(25) User=0.01s Sys=0.00s Real=0.00s
[2020-09-11T15:38:29.535+0000][1][safepoint    ] Safepoint "GenCollectForAllocation", Time since last: 382079960 ns, Reaching safepoint: 1907040 ns, At safepoint: 14093869 ns, Total: 16000909 ns
[2020-09-11T15:38:29.845+0000][1][gc,start     ] GC(26) Pause Young (Allocation Failure)
[2020-09-11T15:38:29.845+0000][1][gc,task      ] GC(26) Using 1 workers of 1 for evacuation
[2020-09-11T15:38:29.848+0000][1][gc,age       ] GC(26) Desired survivor size 4358144 bytes, new threshold 6 (max threshold 6)
[2020-09-11T15:38:29.848+0000][1][gc,age       ] GC(26) Age table with threshold 6 (max threshold 6)
[2020-09-11T15:38:29.848+0000][1][gc,age       ] GC(26) - age   1:         24 bytes,         24 total
[2020-09-11T15:38:29.848+0000][1][gc,age       ] GC(26) - age   5:     249416 bytes,     249440 total
[2020-09-11T15:38:29.848+0000][1][gc,age       ] GC(26) - age   6:     437856 bytes,     687296 total
[2020-09-11T15:38:29.848+0000][1][gc,heap      ] GC(26) ParNew: 69453K->826K(76672K)
[2020-09-11T15:38:29.848+0000][1][gc,heap      ] GC(26) CMS: 45498K->45498K(439104K)
[2020-09-11T15:38:29.848+0000][1][gc,metaspace ] GC(26) Metaspace: 32428K->32428K(1079296K)
[2020-09-11T15:38:29.848+0000][1][gc           ] GC(26) Pause Young (Allocation Failure) 112M->45M(503M) 2.996ms
[2020-09-11T15:38:29.848+0000][1][gc,cpu       ] GC(26) User=0.01s Sys=0.00s Real=0.00s
[2020-09-11T15:38:29.855+0000][1][safepoint    ] Safepoint "GenCollectForAllocation", Time since last: 302763182 ns, Reaching safepoint: 7176203 ns, At safepoint: 9895646 ns, Total: 17071849 ns
[2020-09-11T15:38:30.009+0000][1][gc,start     ] GC(27) Pause Young (Allocation Failure)
[2020-09-11T15:38:30.009+0000][1][gc,task      ] GC(27) Using 1 workers of 1 for evacuation
[2020-09-11T15:38:30.012+0000][1][gc,age       ] GC(27) Desired survivor size 4358144 bytes, new threshold 6 (max threshold 6)
[2020-09-11T15:38:30.012+0000][1][gc,age       ] GC(27) Age table with threshold 6 (max threshold 6)
[2020-09-11T15:38:30.012+0000][1][gc,age       ] GC(27) - age   1:        200 bytes,        200 total
[2020-09-11T15:38:30.012+0000][1][gc,age       ] GC(27) - age   6:     249416 bytes,     249616 total
[2020-09-11T15:38:30.012+0000][1][gc,heap      ] GC(27) ParNew: 68986K->606K(76672K)
[2020-09-11T15:38:30.012+0000][1][gc,heap      ] GC(27) CMS: 45498K->45926K(439104K)
[2020-09-11T15:38:30.012+0000][1][gc,metaspace ] GC(27) Metaspace: 32428K->32428K(1079296K)
[2020-09-11T15:38:30.012+0000][1][gc           ] GC(27) Pause Young (Allocation Failure) 111M->45M(503M) 2.865ms
[2020-09-11T15:38:30.012+0000][1][gc,cpu       ] GC(27) User=0.00s Sys=0.00s Real=0.00s
[2020-09-11T15:38:30.015+0000][1][safepoint    ] Safepoint "GenCollectForAllocation", Time since last: 144931576 ns, Reaching safepoint: 9168462 ns, At safepoint: 6511472 ns, Total: 15679934 ns
[2020-09-11T15:38:30.181+0000][1][gc,start     ] GC(28) Pause Young (Allocation Failure)
[2020-09-11T15:38:30.181+0000][1][gc,task      ] GC(28) Using 1 workers of 1 for evacuation
[2020-09-11T15:38:30.183+0000][1][gc,age       ] GC(28) Desired survivor size 4358144 bytes, new threshold 6 (max threshold 6)
[2020-09-11T15:38:30.183+0000][1][gc,age       ] GC(28) Age table with threshold 6 (max threshold 6)
[2020-09-11T15:38:30.183+0000][1][gc,age       ] GC(28) - age   1:        288 bytes,        288 total
[2020-09-11T15:38:30.183+0000][1][gc,heap      ] GC(28) ParNew: 68766K->243K(76672K)
[2020-09-11T15:38:30.183+0000][1][gc,heap      ] GC(28) CMS: 45926K->46170K(439104K)
[2020-09-11T15:38:30.183+0000][1][gc,metaspace ] GC(28) Metaspace: 32428K->32428K(1079296K)
[2020-09-11T15:38:30.183+0000][1][gc           ] GC(28) Pause Young (Allocation Failure) 112M->45M(503M) 2.525ms
[2020-09-11T15:38:30.183+0000][1][gc,cpu       ] GC(28) User=0.00s Sys=0.00s Real=0.00s
[2020-09-11T15:38:30.183+0000][1][safepoint    ] Safepoint "GenCollectForAllocation", Time since last: 157338026 ns, Reaching safepoint: 8153847 ns, At safepoint: 2588519 ns, Total: 10742366 ns
[2020-09-11T15:38:30.343+0000][1][gc,start     ] GC(29) Pause Young (Allocation Failure)
[2020-09-11T15:38:30.343+0000][1][gc,task      ] GC(29) Using 1 workers of 1 for evacuation
[2020-09-11T15:38:30.346+0000][1][gc,age       ] GC(29) Desired survivor size 4358144 bytes, new threshold 6 (max threshold 6)
[2020-09-11T15:38:30.346+0000][1][gc,age       ] GC(29) Age table with threshold 6 (max threshold 6)
[2020-09-11T15:38:30.346+0000][1][gc,age       ] GC(29) - age   1:        152 bytes,        152 total
[2020-09-11T15:38:30.346+0000][1][gc,age       ] GC(29) - age   2:         72 bytes,        224 total
[2020-09-11T15:38:30.346+0000][1][gc,heap      ] GC(29) ParNew: 68403K->60K(76672K)
[2020-09-11T15:38:30.346+0000][1][gc,heap      ] GC(29) CMS: 46170K->46170K(439104K)
[2020-09-11T15:38:30.346+0000][1][gc,metaspace ] GC(29) Metaspace: 32428K->32428K(1079296K)
[2020-09-11T15:38:30.346+0000][1][gc           ] GC(29) Pause Young (Allocation Failure) 111M->45M(503M) 2.453ms
[2020-09-11T15:38:30.346+0000][1][gc,cpu       ] GC(29) User=0.00s Sys=0.00s Real=0.00s
[2020-09-11T15:38:30.346+0000][1][safepoint    ] Safepoint "GenCollectForAllocation", Time since last: 157384167 ns, Reaching safepoint: 2403094 ns, At safepoint: 2511160 ns, Total: 4914254 ns
[2020-09-11T15:38:30.499+0000][1][gc,start     ] GC(30) Pause Young (Allocation Failure)
[2020-09-11T15:38:30.499+0000][1][gc,task      ] GC(30) Using 1 workers of 1 for evacuation
[2020-09-11T15:38:30.513+0000][1][gc,age       ] GC(30) Desired survivor size 4358144 bytes, new threshold 6 (max threshold 6)
[2020-09-11T15:38:30.513+0000][1][gc,age       ] GC(30) Age table with threshold 6 (max threshold 6)
[2020-09-11T15:38:30.513+0000][1][gc,age       ] GC(30) - age   1:        392 bytes,        392 total
[2020-09-11T15:38:30.513+0000][1][gc,age       ] GC(30) - age   3:         72 bytes,        464 total
[2020-09-11T15:38:30.513+0000][1][gc,heap      ] GC(30) ParNew: 68220K->15K(76672K)
[2020-09-11T15:38:30.513+0000][1][gc,heap      ] GC(30) CMS: 46170K->46170K(439104K)
[2020-09-11T15:38:30.513+0000][1][gc,metaspace ] GC(30) Metaspace: 32428K->32428K(1079296K)
[2020-09-11T15:38:30.513+0000][1][gc           ] GC(30) Pause Young (Allocation Failure) 111M->45M(503M) 14.430ms
[2020-09-11T15:38:30.513+0000][1][gc,cpu       ] GC(30) User=0.00s Sys=0.00s Real=0.02s
[2020-09-11T15:38:30.513+0000][1][safepoint    ] Safepoint "GenCollectForAllocation", Time since last: 151096367 ns, Reaching safepoint: 1836822 ns, At safepoint: 14489912 ns, Total: 16326734 ns
[2020-09-11T15:38:30.669+0000][1][gc,start     ] GC(31) Pause Young (Allocation Failure)
[2020-09-11T15:38:30.669+0000][1][gc,task      ] GC(31) Using 1 workers of 1 for evacuation
[2020-09-11T15:38:30.671+0000][1][gc,age       ] GC(31) Desired survivor size 4358144 bytes, new threshold 6 (max threshold 6)
[2020-09-11T15:38:30.671+0000][1][gc,age       ] GC(31) Age table with threshold 6 (max threshold 6)
[2020-09-11T15:38:30.671+0000][1][gc,age       ] GC(31) - age   1:         64 bytes,         64 total
[2020-09-11T15:38:30.671+0000][1][gc,age       ] GC(31) - age   2:        208 bytes,        272 total
[2020-09-11T15:38:30.671+0000][1][gc,age       ] GC(31) - age   4:         72 bytes,        344 total
[2020-09-11T15:38:30.671+0000][1][gc,heap      ] GC(31) ParNew: 68175K->3K(76672K)
[2020-09-11T15:38:30.671+0000][1][gc,heap      ] GC(31) CMS: 46170K->46170K(439104K)
[2020-09-11T15:38:30.671+0000][1][gc,metaspace ] GC(31) Metaspace: 32428K->32428K(1079296K)
[2020-09-11T15:38:30.671+0000][1][gc           ] GC(31) Pause Young (Allocation Failure) 111M->45M(503M) 2.452ms
[2020-09-11T15:38:30.671+0000][1][gc,cpu       ] GC(31) User=0.00s Sys=0.00s Real=0.00s
[2020-09-11T15:38:30.685+0000][1][safepoint    ] Safepoint "GenCollectForAllocation", Time since last: 149644111 ns, Reaching safepoint: 6039962 ns, At safepoint: 16019193 ns, Total: 22059155 ns
[2020-09-11T15:38:30.839+0000][1][gc,start     ] GC(32) Pause Young (Allocation Failure)
[2020-09-11T15:38:30.839+0000][1][gc,task      ] GC(32) Using 1 workers of 1 for evacuation
[2020-09-11T15:38:30.848+0000][1][gc,age       ] GC(32) Desired survivor size 4358144 bytes, new threshold 6 (max threshold 6)
[2020-09-11T15:38:30.848+0000][1][gc,age       ] GC(32) Age table with threshold 6 (max threshold 6)
[2020-09-11T15:38:30.848+0000][1][gc,age       ] GC(32) - age   1:        216 bytes,        216 total
[2020-09-11T15:38:30.848+0000][1][gc,age       ] GC(32) - age   3:        208 bytes,        424 total
[2020-09-11T15:38:30.848+0000][1][gc,age       ] GC(32) - age   5:         72 bytes,        496 total
[2020-09-11T15:38:30.848+0000][1][gc,heap      ] GC(32) ParNew: 68163K->2K(76672K)
[2020-09-11T15:38:30.848+0000][1][gc,heap      ] GC(32) CMS: 46170K->46170K(439104K)
[2020-09-11T15:38:30.848+0000][1][gc,metaspace ] GC(32) Metaspace: 32428K->32428K(1079296K)
[2020-09-11T15:38:30.848+0000][1][gc           ] GC(32) Pause Young (Allocation Failure) 111M->45M(503M) 9.246ms
[2020-09-11T15:38:30.848+0000][1][gc,cpu       ] GC(32) User=0.00s Sys=0.00s Real=0.01s
[2020-09-11T15:38:30.848+0000][1][safepoint    ] Safepoint "GenCollectForAllocation", Time since last: 151981974 ns, Reaching safepoint: 2092261 ns, At safepoint: 9300424 ns, Total: 11392685 ns
[2020-09-11T15:38:31.009+0000][1][gc,start     ] GC(33) Pause Young (Allocation Failure)
[2020-09-11T15:38:31.009+0000][1][gc,task      ] GC(33) Using 1 workers of 1 for evacuation
[2020-09-11T15:38:31.011+0000][1][gc,age       ] GC(33) Desired survivor size 4358144 bytes, new threshold 6 (max threshold 6)
[2020-09-11T15:38:31.011+0000][1][gc,age       ] GC(33) Age table with threshold 6 (max threshold 6)
[2020-09-11T15:38:31.011+0000][1][gc,age       ] GC(33) - age   1:         88 bytes,         88 total
[2020-09-11T15:38:31.011+0000][1][gc,age       ] GC(33) - age   4:        208 bytes,        296 total
[2020-09-11T15:38:31.011+0000][1][gc,age       ] GC(33) - age   6:         72 bytes,        368 total
[2020-09-11T15:38:31.011+0000][1][gc,heap      ] GC(33) ParNew: 68162K->2K(76672K)
[2020-09-11T15:38:31.011+0000][1][gc,heap      ] GC(33) CMS: 46170K->46170K(439104K)
[2020-09-11T15:38:31.011+0000][1][gc,metaspace ] GC(33) Metaspace: 32428K->32428K(1079296K)
[2020-09-11T15:38:31.011+0000][1][gc           ] GC(33) Pause Young (Allocation Failure) 111M->45M(503M) 2.475ms
[2020-09-11T15:38:31.011+0000][1][gc,cpu       ] GC(33) User=0.00s Sys=0.00s Real=0.00s
[2020-09-11T15:38:31.013+0000][1][safepoint    ] Safepoint "GenCollectForAllocation", Time since last: 159767539 ns, Reaching safepoint: 826333 ns, At safepoint: 3995022 ns, Total: 4821355 ns
[2020-09-11T15:38:31.661+0000][1][safepoint    ] Safepoint "RevokeBias", Time since last: 648096173 ns, Reaching safepoint: 452550 ns, At safepoint: 36505 ns, Total: 489055 ns
[2020-09-11T15:38:31.662+0000][1][safepoint    ] Safepoint "RevokeBias", Time since last: 50328 ns, Reaching safepoint: 78871 ns, At safepoint: 24910 ns, Total: 103781 ns
[2020-09-11T15:38:31.662+0000][1][safepoint    ] Safepoint "RevokeBias", Time since last: 28815 ns, Reaching safepoint: 78068 ns, At safepoint: 24300 ns, Total: 102368 ns
[2020-09-11T15:38:31.662+0000][1][safepoint    ] Safepoint "RevokeBias", Time since last: 193225 ns, Reaching safepoint: 79447 ns, At safepoint: 24980 ns, Total: 104427 ns
[2020-09-11T15:38:32.681+0000][1][safepoint    ] Safepoint "Cleanup", Time since last: 1000081415 ns, Reaching safepoint: 18771948 ns, At safepoint: 14601 ns, Total: 18786549 ns
[2020-09-11T15:38:35.697+0000][1][safepoint    ] Safepoint "Cleanup", Time since last: 3015944606 ns, Reaching safepoint: 117639 ns, At safepoint: 6392 ns, Total: 124031 ns
[2020-09-11T15:38:37.065+0000][1][gc,start     ] GC(34) Pause Young (Allocation Failure)
[2020-09-11T15:38:37.065+0000][1][gc,task      ] GC(34) Using 1 workers of 1 for evacuation
[2020-09-11T15:38:37.071+0000][1][gc,age       ] GC(34) Desired survivor size 4358144 bytes, new threshold 6 (max threshold 6)
[2020-09-11T15:38:37.071+0000][1][gc,age       ] GC(34) Age table with threshold 6 (max threshold 6)
[2020-09-11T15:38:37.071+0000][1][gc,age       ] GC(34) - age   1:     277616 bytes,     277616 total
[2020-09-11T15:38:37.071+0000][1][gc,age       ] GC(34) - age   5:        208 bytes,     277824 total
[2020-09-11T15:38:37.071+0000][1][gc,heap      ] GC(34) ParNew: 68162K->271K(76672K)
[2020-09-11T15:38:37.071+0000][1][gc,heap      ] GC(34) CMS: 46170K->46170K(439104K)
[2020-09-11T15:38:37.071+0000][1][gc,metaspace ] GC(34) Metaspace: 32449K->32449K(1079296K)
[2020-09-11T15:38:37.071+0000][1][gc           ] GC(34) Pause Young (Allocation Failure) 111M->45M(503M) 6.005ms
[2020-09-11T15:38:37.071+0000][1][gc,cpu       ] GC(34) User=0.01s Sys=0.00s Real=0.00s
[2020-09-11T15:38:37.081+0000][1][safepoint    ] Safepoint "GenCollectForAllocation", Time since last: 1368380504 ns, Reaching safepoint: 98952 ns, At safepoint: 15544027 ns, Total: 15642979 ns
[2020-09-11T15:38:38.101+0000][1][safepoint    ] Safepoint "Cleanup", Time since last: 1004293647 ns, Reaching safepoint: 15577392 ns, At safepoint: 12554 ns, Total: 15589946 ns
[2020-09-11T15:38:38.965+0000][1][gc,start     ] GC(35) Pause Young (Allocation Failure)
[2020-09-11T15:38:38.979+0000][1][gc,task      ] GC(35) Using 1 workers of 1 for evacuation
[2020-09-11T15:38:38.982+0000][1][gc,age       ] GC(35) Desired survivor size 4358144 bytes, new threshold 6 (max threshold 6)
[2020-09-11T15:38:38.982+0000][1][gc,age       ] GC(35) Age table with threshold 6 (max threshold 6)
[2020-09-11T15:38:38.982+0000][1][gc,age       ] GC(35) - age   1:     511856 bytes,     511856 total
[2020-09-11T15:38:38.982+0000][1][gc,age       ] GC(35) - age   2:     184712 bytes,     696568 total
[2020-09-11T15:38:38.982+0000][1][gc,age       ] GC(35) - age   6:        208 bytes,     696776 total
[2020-09-11T15:38:38.982+0000][1][gc,heap      ] GC(35) ParNew: 68431K->682K(76672K)
[2020-09-11T15:38:38.982+0000][1][gc,heap      ] GC(35) CMS: 46170K->46170K(439104K)
[2020-09-11T15:38:38.982+0000][1][gc,metaspace ] GC(35) Metaspace: 32449K->32449K(1079296K)
[2020-09-11T15:38:38.982+0000][1][gc           ] GC(35) Pause Young (Allocation Failure) 111M->45M(503M) 16.664ms
[2020-09-11T15:38:38.982+0000][1][gc,cpu       ] GC(35) User=0.00s Sys=0.00s Real=0.02s
[2020-09-11T15:38:38.985+0000][1][safepoint    ] Safepoint "GenCollectForAllocation", Time since last: 864150857 ns, Reaching safepoint: 97445 ns, At safepoint: 20029339 ns, Total: 20126784 ns
[2020-09-11T15:38:40.315+0000][1][gc,start     ] GC(36) Pause Young (Allocation Failure)
[2020-09-11T15:38:40.315+0000][1][gc,task      ] GC(36) Using 1 workers of 1 for evacuation
[2020-09-11T15:38:40.334+0000][1][gc,age       ] GC(36) Desired survivor size 4358144 bytes, new threshold 6 (max threshold 6)
[2020-09-11T15:38:40.334+0000][1][gc,age       ] GC(36) Age table with threshold 6 (max threshold 6)
[2020-09-11T15:38:40.334+0000][1][gc,age       ] GC(36) - age   1:     641712 bytes,     641712 total
[2020-09-11T15:38:40.334+0000][1][gc,age       ] GC(36) - age   2:     339856 bytes,     981568 total
[2020-09-11T15:38:40.334+0000][1][gc,age       ] GC(36) - age   3:     184072 bytes,    1165640 total
[2020-09-11T15:38:40.334+0000][1][gc,heap      ] GC(36) ParNew: 68842K->1173K(76672K)
[2020-09-11T15:38:40.334+0000][1][gc,heap      ] GC(36) CMS: 46170K->46170K(439104K)
[2020-09-11T15:38:40.334+0000][1][gc,metaspace ] GC(36) Metaspace: 32450K->32450K(1079296K)
[2020-09-11T15:38:40.334+0000][1][gc           ] GC(36) Pause Young (Allocation Failure) 112M->46M(503M) 19.099ms
[2020-09-11T15:38:40.334+0000][1][gc,cpu       ] GC(36) User=0.01s Sys=0.00s Real=0.02s
[2020-09-11T15:38:40.345+0000][1][safepoint    ] Safepoint "GenCollectForAllocation", Time since last: 1329500101 ns, Reaching safepoint: 94884 ns, At safepoint: 30122116 ns, Total: 30217000 ns
[2020-09-11T15:38:41.719+0000][1][gc,start     ] GC(37) Pause Young (Allocation Failure)
[2020-09-11T15:38:41.719+0000][1][gc,task      ] GC(37) Using 1 workers of 1 for evacuation
[2020-09-11T15:38:41.727+0000][1][gc,age       ] GC(37) Desired survivor size 4358144 bytes, new threshold 6 (max threshold 6)
[2020-09-11T15:38:41.727+0000][1][gc,age       ] GC(37) Age table with threshold 6 (max threshold 6)
[2020-09-11T15:38:41.727+0000][1][gc,age       ] GC(37) - age   1:     621688 bytes,     621688 total
[2020-09-11T15:38:41.727+0000][1][gc,age       ] GC(37) - age   2:     301408 bytes,     923096 total
[2020-09-11T15:38:41.727+0000][1][gc,age       ] GC(37) - age   3:     339672 bytes,    1262768 total
[2020-09-11T15:38:41.727+0000][1][gc,age       ] GC(37) - age   4:     183688 bytes,    1446456 total
[2020-09-11T15:38:41.727+0000][1][gc,heap      ] GC(37) ParNew: 69333K->1419K(76672K)
[2020-09-11T15:38:41.727+0000][1][gc,heap      ] GC(37) CMS: 46170K->46170K(439104K)
[2020-09-11T15:38:41.727+0000][1][gc,metaspace ] GC(37) Metaspace: 32450K->32450K(1079296K)
[2020-09-11T15:38:41.727+0000][1][gc           ] GC(37) Pause Young (Allocation Failure) 112M->46M(503M) 7.406ms
[2020-09-11T15:38:41.727+0000][1][gc,cpu       ] GC(37) User=0.01s Sys=0.00s Real=0.01s
[2020-09-11T15:38:41.753+0000][1][safepoint    ] Safepoint "GenCollectForAllocation", Time since last: 1374339291 ns, Reaching safepoint: 93343 ns, At safepoint: 33553034 ns, Total: 33646377 ns
[2020-09-11T15:38:43.329+0000][1][gc,start     ] GC(38) Pause Young (Allocation Failure)
[2020-09-11T15:38:43.329+0000][1][gc,task      ] GC(38) Using 1 workers of 1 for evacuation
[2020-09-11T15:38:43.332+0000][1][gc,age       ] GC(38) Desired survivor size 4358144 bytes, new threshold 6 (max threshold 6)
[2020-09-11T15:38:43.332+0000][1][gc,age       ] GC(38) Age table with threshold 6 (max threshold 6)
[2020-09-11T15:38:43.332+0000][1][gc,age       ] GC(38) - age   1:     934944 bytes,     934944 total
[2020-09-11T15:38:43.332+0000][1][gc,age       ] GC(38) - age   2:     264672 bytes,    1199616 total
[2020-09-11T15:38:43.332+0000][1][gc,age       ] GC(38) - age   3:     297464 bytes,    1497080 total
[2020-09-11T15:38:43.332+0000][1][gc,age       ] GC(38) - age   4:     339592 bytes,    1836672 total
[2020-09-11T15:38:43.332+0000][1][gc,age       ] GC(38) - age   5:     183584 bytes,    2020256 total
[2020-09-11T15:38:43.332+0000][1][gc,heap      ] GC(38) ParNew: 69579K->1995K(76672K)
[2020-09-11T15:38:43.332+0000][1][gc,heap      ] GC(38) CMS: 46170K->46170K(439104K)
[2020-09-11T15:38:43.332+0000][1][gc,metaspace ] GC(38) Metaspace: 32450K->32450K(1079296K)
[2020-09-11T15:38:43.332+0000][1][gc           ] GC(38) Pause Young (Allocation Failure) 113M->47M(503M) 3.039ms
[2020-09-11T15:38:43.332+0000][1][gc,cpu       ] GC(38) User=0.01s Sys=0.00s Real=0.00s
[2020-09-11T15:38:43.363+0000][1][safepoint    ] Safepoint "GenCollectForAllocation", Time since last: 1576321314 ns, Reaching safepoint: 101002 ns, At safepoint: 33678479 ns, Total: 33779481 ns
[2020-09-11T15:38:44.373+0000][1][gc,start     ] GC(39) Pause Young (Allocation Failure)
[2020-09-11T15:38:44.373+0000][1][gc,task      ] GC(39) Using 1 workers of 1 for evacuation
[2020-09-11T15:38:44.376+0000][1][gc,age       ] GC(39) Desired survivor size 4358144 bytes, new threshold 6 (max threshold 6)
[2020-09-11T15:38:44.376+0000][1][gc,age       ] GC(39) Age table with threshold 6 (max threshold 6)
[2020-09-11T15:38:44.376+0000][1][gc,age       ] GC(39) - age   1:     343352 bytes,     343352 total
[2020-09-11T15:38:44.376+0000][1][gc,age       ] GC(39) - age   2:     922640 bytes,    1265992 total
[2020-09-11T15:38:44.376+0000][1][gc,age       ] GC(39) - age   3:     263464 bytes,    1529456 total
[2020-09-11T15:38:44.376+0000][1][gc,age       ] GC(39) - age   4:     296976 bytes,    1826432 total
[2020-09-11T15:38:44.376+0000][1][gc,age       ] GC(39) - age   5:     339256 bytes,    2165688 total
[2020-09-11T15:38:44.376+0000][1][gc,age       ] GC(39) - age   6:     183544 bytes,    2349232 total
[2020-09-11T15:38:44.376+0000][1][gc,heap      ] GC(39) ParNew: 70155K->2374K(76672K)
[2020-09-11T15:38:44.376+0000][1][gc,heap      ] GC(39) CMS: 46170K->46170K(439104K)
[2020-09-11T15:38:44.376+0000][1][gc,metaspace ] GC(39) Metaspace: 32450K->32450K(1079296K)
[2020-09-11T15:38:44.376+0000][1][gc           ] GC(39) Pause Young (Allocation Failure) 113M->47M(503M) 3.144ms
[2020-09-11T15:38:44.376+0000][1][gc,cpu       ] GC(39) User=0.01s Sys=0.00s Real=0.00s
[2020-09-11T15:38:44.397+0000][1][safepoint    ] Safepoint "GenCollectForAllocation", Time since last: 1005901144 ns, Reaching safepoint: 4031481 ns, At safepoint: 23980617 ns, Total: 28012098 ns
[2020-09-11T15:38:44.501+0000][1][safepoint    ] Safepoint "RevokeBias", Time since last: 98020252 ns, Reaching safepoint: 6088657 ns, At safepoint: 36206 ns, Total: 6124863 ns
[2020-09-11T15:38:45.299+0000][1][gc,start     ] GC(40) Pause Young (Allocation Failure)
[2020-09-11T15:38:45.299+0000][1][gc,task      ] GC(40) Using 1 workers of 1 for evacuation
[2020-09-11T15:38:45.307+0000][1][gc,age       ] GC(40) Desired survivor size 4358144 bytes, new threshold 6 (max threshold 6)
[2020-09-11T15:38:45.307+0000][1][gc,age       ] GC(40) Age table with threshold 6 (max threshold 6)
[2020-09-11T15:38:45.307+0000][1][gc,age       ] GC(40) - age   1:     347984 bytes,     347984 total
[2020-09-11T15:38:45.307+0000][1][gc,age       ] GC(40) - age   2:     333824 bytes,     681808 total
[2020-09-11T15:38:45.307+0000][1][gc,age       ] GC(40) - age   3:     922288 bytes,    1604096 total
[2020-09-11T15:38:45.307+0000][1][gc,age       ] GC(40) - age   4:     263232 bytes,    1867328 total
[2020-09-11T15:38:45.307+0000][1][gc,age       ] GC(40) - age   5:     296856 bytes,    2164184 total
[2020-09-11T15:38:45.307+0000][1][gc,age       ] GC(40) - age   6:     339256 bytes,    2503440 total
[2020-09-11T15:38:45.307+0000][1][gc,heap      ] GC(40) ParNew: 70534K->2512K(76672K)
[2020-09-11T15:38:45.307+0000][1][gc,heap      ] GC(40) CMS: 46170K->46347K(439104K)
[2020-09-11T15:38:45.307+0000][1][gc,metaspace ] GC(40) Metaspace: 32453K->32453K(1079296K)
[2020-09-11T15:38:45.307+0000][1][gc           ] GC(40) Pause Young (Allocation Failure) 113M->47M(503M) 8.102ms
[2020-09-11T15:38:45.307+0000][1][gc,cpu       ] GC(40) User=0.01s Sys=0.00s Real=0.01s
[2020-09-11T15:38:45.329+0000][1][safepoint    ] Safepoint "GenCollectForAllocation", Time since last: 798117983 ns, Reaching safepoint: 121342 ns, At safepoint: 29610759 ns, Total: 29732101 ns
[2020-09-11T15:38:46.025+0000][1][gc,start     ] GC(41) Pause Young (Allocation Failure)
[2020-09-11T15:38:46.025+0000][1][gc,task      ] GC(41) Using 1 workers of 1 for evacuation
[2020-09-11T15:38:46.030+0000][1][gc,age       ] GC(41) Desired survivor size 4358144 bytes, new threshold 6 (max threshold 6)
[2020-09-11T15:38:46.030+0000][1][gc,age       ] GC(41) Age table with threshold 6 (max threshold 6)
[2020-09-11T15:38:46.030+0000][1][gc,age       ] GC(41) - age   1:        328 bytes,        328 total
[2020-09-11T15:38:46.030+0000][1][gc,age       ] GC(41) - age   2:     347712 bytes,     348040 total
[2020-09-11T15:38:46.030+0000][1][gc,age       ] GC(41) - age   3:     333824 bytes,     681864 total
[2020-09-11T15:38:46.030+0000][1][gc,age       ] GC(41) - age   4:     922288 bytes,    1604152 total
[2020-09-11T15:38:46.030+0000][1][gc,age       ] GC(41) - age   5:     263232 bytes,    1867384 total
[2020-09-11T15:38:46.030+0000][1][gc,age       ] GC(41) - age   6:     296856 bytes,    2164240 total
[2020-09-11T15:38:46.030+0000][1][gc,heap      ] GC(41) ParNew: 70672K->2126K(76672K)
[2020-09-11T15:38:46.030+0000][1][gc,heap      ] GC(41) CMS: 46347K->46678K(439104K)
[2020-09-11T15:38:46.030+0000][1][gc,metaspace ] GC(41) Metaspace: 32453K->32453K(1079296K)
[2020-09-11T15:38:46.030+0000][1][gc           ] GC(41) Pause Young (Allocation Failure) 114M->47M(503M) 5.113ms
[2020-09-11T15:38:46.030+0000][1][gc,cpu       ] GC(41) User=0.01s Sys=0.00s Real=0.00s
[2020-09-11T15:38:46.037+0000][1][safepoint    ] Safepoint "GenCollectForAllocation", Time since last: 696028546 ns, Reaching safepoint: 100924 ns, At safepoint: 11856468 ns, Total: 11957392 ns
[2020-09-11T15:38:46.729+0000][1][gc,start     ] GC(42) Pause Young (Allocation Failure)
[2020-09-11T15:38:46.729+0000][1][gc,task      ] GC(42) Using 1 workers of 1 for evacuation
[2020-09-11T15:38:46.732+0000][1][gc,age       ] GC(42) Desired survivor size 4358144 bytes, new threshold 6 (max threshold 6)
[2020-09-11T15:38:46.732+0000][1][gc,age       ] GC(42) Age table with threshold 6 (max threshold 6)
[2020-09-11T15:38:46.732+0000][1][gc,age       ] GC(42) - age   1:         40 bytes,         40 total
[2020-09-11T15:38:46.732+0000][1][gc,age       ] GC(42) - age   2:        160 bytes,        200 total
[2020-09-11T15:38:46.732+0000][1][gc,age       ] GC(42) - age   3:     347712 bytes,     347912 total
[2020-09-11T15:38:46.732+0000][1][gc,age       ] GC(42) - age   4:     333824 bytes,     681736 total
[2020-09-11T15:38:46.732+0000][1][gc,age       ] GC(42) - age   5:     922288 bytes,    1604024 total
[2020-09-11T15:38:46.732+0000][1][gc,age       ] GC(42) - age   6:     263232 bytes,    1867256 total
[2020-09-11T15:38:46.732+0000][1][gc,heap      ] GC(42) ParNew: 70286K->2056K(76672K)
[2020-09-11T15:38:46.732+0000][1][gc,heap      ] GC(42) CMS: 46678K->46968K(439104K)
[2020-09-11T15:38:46.732+0000][1][gc,metaspace ] GC(42) Metaspace: 32453K->32453K(1079296K)
[2020-09-11T15:38:46.732+0000][1][gc           ] GC(42) Pause Young (Allocation Failure) 114M->47M(503M) 3.011ms
[2020-09-11T15:38:46.732+0000][1][gc,cpu       ] GC(42) User=0.01s Sys=0.00s Real=0.00s
[2020-09-11T15:38:46.749+0000][1][safepoint    ] Safepoint "GenCollectForAllocation", Time since last: 684592421 ns, Reaching safepoint: 7445305 ns, At safepoint: 20160548 ns, Total: 27605853 ns
[2020-09-11T15:38:47.299+0000][1][gc,start     ] GC(43) Pause Young (Allocation Failure)
[2020-09-11T15:38:47.299+0000][1][gc,task      ] GC(43) Using 1 workers of 1 for evacuation
[2020-09-11T15:38:47.311+0000][1][gc,age       ] GC(43) Desired survivor size 4358144 bytes, new threshold 6 (max threshold 6)
[2020-09-11T15:38:47.311+0000][1][gc,age       ] GC(43) Age table with threshold 6 (max threshold 6)
[2020-09-11T15:38:47.311+0000][1][gc,age       ] GC(43) - age   1:        224 bytes,        224 total
[2020-09-11T15:38:47.311+0000][1][gc,age       ] GC(43) - age   3:        160 bytes,        384 total
[2020-09-11T15:38:47.311+0000][1][gc,age       ] GC(43) - age   4:     347712 bytes,     348096 total
[2020-09-11T15:38:47.311+0000][1][gc,age       ] GC(43) - age   5:     333824 bytes,     681920 total
[2020-09-11T15:38:47.311+0000][1][gc,age       ] GC(43) - age   6:     922288 bytes,    1604208 total
[2020-09-11T15:38:47.311+0000][1][gc,heap      ] GC(43) ParNew: 70216K->1680K(76672K)
[2020-09-11T15:38:47.311+0000][1][gc,heap      ] GC(43) CMS: 46968K->47225K(439104K)
[2020-09-11T15:38:47.311+0000][1][gc,metaspace ] GC(43) Metaspace: 32453K->32453K(1079296K)
[2020-09-11T15:38:47.311+0000][1][gc           ] GC(43) Pause Young (Allocation Failure) 114M->47M(503M) 12.559ms
[2020-09-11T15:38:47.311+0000][1][gc,cpu       ] GC(43) User=0.00s Sys=0.00s Real=0.01s
[2020-09-11T15:38:47.319+0000][1][safepoint    ] Safepoint "GenCollectForAllocation", Time since last: 549684336 ns, Reaching safepoint: 96111 ns, At safepoint: 20669703 ns, Total: 20765814 ns
[2020-09-11T15:38:47.823+0000][1][gc,start     ] GC(44) Pause Young (Allocation Failure)
[2020-09-11T15:38:47.823+0000][1][gc,task      ] GC(44) Using 1 workers of 1 for evacuation
[2020-09-11T15:38:47.831+0000][1][gc,age       ] GC(44) Desired survivor size 4358144 bytes, new threshold 6 (max threshold 6)
[2020-09-11T15:38:47.831+0000][1][gc,age       ] GC(44) Age table with threshold 6 (max threshold 6)
[2020-09-11T15:38:47.831+0000][1][gc,age       ] GC(44) - age   4:        160 bytes,        160 total
[2020-09-11T15:38:47.831+0000][1][gc,age       ] GC(44) - age   5:     347712 bytes,     347872 total
[2020-09-11T15:38:47.831+0000][1][gc,age       ] GC(44) - age   6:     333824 bytes,     681696 total
[2020-09-11T15:38:47.831+0000][1][gc,heap      ] GC(44) ParNew: 69840K->755K(76672K)
[2020-09-11T15:38:47.831+0000][1][gc,heap      ] GC(44) CMS: 47225K->48126K(439104K)
[2020-09-11T15:38:47.831+0000][1][gc,metaspace ] GC(44) Metaspace: 32453K->32453K(1079296K)
[2020-09-11T15:38:47.831+0000][1][gc           ] GC(44) Pause Young (Allocation Failure) 114M->47M(503M) 7.855ms
[2020-09-11T15:38:47.831+0000][1][gc,cpu       ] GC(44) User=0.00s Sys=0.00s Real=0.00s
[2020-09-11T15:38:47.831+0000][1][safepoint    ] Safepoint "GenCollectForAllocation", Time since last: 503303337 ns, Reaching safepoint: 120407 ns, At safepoint: 8004177 ns, Total: 8124584 ns
[2020-09-11T15:38:48.339+0000][1][gc,start     ] GC(45) Pause Young (Allocation Failure)
[2020-09-11T15:38:48.339+0000][1][gc,task      ] GC(45) Using 1 workers of 1 for evacuation
[2020-09-11T15:38:48.345+0000][1][gc,age       ] GC(45) Desired survivor size 4358144 bytes, new threshold 6 (max threshold 6)
[2020-09-11T15:38:48.345+0000][1][gc,age       ] GC(45) Age table with threshold 6 (max threshold 6)
[2020-09-11T15:38:48.345+0000][1][gc,age       ] GC(45) - age   1:        176 bytes,        176 total
[2020-09-11T15:38:48.346+0000][1][gc,age       ] GC(45) - age   5:        160 bytes,        336 total
[2020-09-11T15:38:48.346+0000][1][gc,age       ] GC(45) - age   6:     347712 bytes,     348048 total
[2020-09-11T15:38:48.346+0000][1][gc,heap      ] GC(45) ParNew: 68915K->688K(76672K)
[2020-09-11T15:38:48.346+0000][1][gc,heap      ] GC(45) CMS: 48126K->48452K(439104K)
[2020-09-11T15:38:48.346+0000][1][gc,metaspace ] GC(45) Metaspace: 32453K->32453K(1079296K)
[2020-09-11T15:38:48.346+0000][1][gc           ] GC(45) Pause Young (Allocation Failure) 114M->47M(503M) 6.581ms
[2020-09-11T15:38:48.346+0000][1][gc,cpu       ] GC(45) User=0.01s Sys=0.00s Real=0.01s
[2020-09-11T15:38:48.346+0000][1][safepoint    ] Safepoint "GenCollectForAllocation", Time since last: 508029441 ns, Reaching safepoint: 100846 ns, At safepoint: 6637081 ns, Total: 6737927 ns
[2020-09-11T15:38:48.849+0000][1][gc,start     ] GC(46) Pause Young (Allocation Failure)
[2020-09-11T15:38:48.849+0000][1][gc,task      ] GC(46) Using 1 workers of 1 for evacuation
[2020-09-11T15:38:48.852+0000][1][gc,age       ] GC(46) Desired survivor size 4358144 bytes, new threshold 6 (max threshold 6)
[2020-09-11T15:38:48.852+0000][1][gc,age       ] GC(46) Age table with threshold 6 (max threshold 6)
[2020-09-11T15:38:48.852+0000][1][gc,age       ] GC(46) - age   1:        176 bytes,        176 total
[2020-09-11T15:38:48.852+0000][1][gc,age       ] GC(46) - age   6:        160 bytes,        336 total
[2020-09-11T15:38:48.852+0000][1][gc,heap      ] GC(46) ParNew: 68848K->299K(76672K)
[2020-09-11T15:38:48.852+0000][1][gc,heap      ] GC(46) CMS: 48452K->48792K(439104K)
[2020-09-11T15:38:48.852+0000][1][gc,metaspace ] GC(46) Metaspace: 32453K->32453K(1079296K)
[2020-09-11T15:38:48.852+0000][1][gc           ] GC(46) Pause Young (Allocation Failure) 114M->47M(503M) 2.746ms
[2020-09-11T15:38:48.852+0000][1][gc,cpu       ] GC(46) User=0.00s Sys=0.00s Real=0.00s
[2020-09-11T15:38:48.857+0000][1][safepoint    ] Safepoint "GenCollectForAllocation", Time since last: 503157687 ns, Reaching safepoint: 103398 ns, At safepoint: 7890688 ns, Total: 7994086 ns
[2020-09-11T15:38:49.361+0000][1][gc,start     ] GC(47) Pause Young (Allocation Failure)
[2020-09-11T15:38:49.361+0000][1][gc,task      ] GC(47) Using 1 workers of 1 for evacuation
[2020-09-11T15:38:49.364+0000][1][gc,age       ] GC(47) Desired survivor size 4358144 bytes, new threshold 6 (max threshold 6)
[2020-09-11T15:38:49.364+0000][1][gc,age       ] GC(47) Age table with threshold 6 (max threshold 6)
[2020-09-11T15:38:49.364+0000][1][gc,age       ] GC(47) - age   1:         24 bytes,         24 total
[2020-09-11T15:38:49.364+0000][1][gc,heap      ] GC(47) ParNew: 68459K->74K(76672K)
[2020-09-11T15:38:49.364+0000][1][gc,heap      ] GC(47) CMS: 48792K->48792K(439104K)
[2020-09-11T15:38:49.364+0000][1][gc,metaspace ] GC(47) Metaspace: 32453K->32453K(1079296K)
[2020-09-11T15:38:49.364+0000][1][gc           ] GC(47) Pause Young (Allocation Failure) 114M->47M(503M) 3.075ms
[2020-09-11T15:38:49.364+0000][1][gc,cpu       ] GC(47) User=0.01s Sys=0.00s Real=0.00s
[2020-09-11T15:38:49.376+0000][1][safepoint    ] Safepoint "GenCollectForAllocation", Time since last: 504018920 ns, Reaching safepoint: 103720 ns, At safepoint: 14642015 ns, Total: 14745735 ns
[2020-09-11T15:38:49.765+0000][1][gc,start     ] GC(48) Pause Young (Allocation Failure)
[2020-09-11T15:38:49.765+0000][1][gc,task      ] GC(48) Using 1 workers of 1 for evacuation
[2020-09-11T15:38:49.768+0000][1][gc,age       ] GC(48) Desired survivor size 4358144 bytes, new threshold 6 (max threshold 6)
[2020-09-11T15:38:49.768+0000][1][gc,age       ] GC(48) Age table with threshold 6 (max threshold 6)
[2020-09-11T15:38:49.768+0000][1][gc,age       ] GC(48) - age   1:         64 bytes,         64 total
[2020-09-11T15:38:49.768+0000][1][gc,heap      ] GC(48) ParNew: 68234K->18K(76672K)
[2020-09-11T15:38:49.768+0000][1][gc,heap      ] GC(48) CMS: 48792K->48792K(439104K)
[2020-09-11T15:38:49.768+0000][1][gc,metaspace ] GC(48) Metaspace: 32453K->32453K(1079296K)
[2020-09-11T15:38:49.768+0000][1][gc           ] GC(48) Pause Young (Allocation Failure) 114M->47M(503M) 3.052ms
[2020-09-11T15:38:49.768+0000][1][gc,cpu       ] GC(48) User=0.00s Sys=0.00s Real=0.00s
[2020-09-11T15:38:49.769+0000][1][safepoint    ] Safepoint "GenCollectForAllocation", Time since last: 389249798 ns, Reaching safepoint: 117393 ns, At safepoint: 3880654 ns, Total: 3998047 ns
[2020-09-11T15:38:50.016+0000][1][gc,start     ] GC(49) Pause Young (Allocation Failure)
[2020-09-11T15:38:50.016+0000][1][gc,task      ] GC(49) Using 1 workers of 1 for evacuation
[2020-09-11T15:38:50.019+0000][1][gc,age       ] GC(49) Desired survivor size 4358144 bytes, new threshold 6 (max threshold 6)
[2020-09-11T15:38:50.019+0000][1][gc,age       ] GC(49) Age table with threshold 6 (max threshold 6)
[2020-09-11T15:38:50.019+0000][1][gc,age       ] GC(49) - age   1:         72 bytes,         72 total
[2020-09-11T15:38:50.020+0000][1][gc,heap      ] GC(49) ParNew: 68178K->4K(76672K)
[2020-09-11T15:38:50.020+0000][1][gc,heap      ] GC(49) CMS: 48792K->48792K(439104K)
[2020-09-11T15:38:50.020+0000][1][gc,metaspace ] GC(49) Metaspace: 32453K->32453K(1079296K)
[2020-09-11T15:38:50.020+0000][1][gc           ] GC(49) Pause Young (Allocation Failure) 114M->47M(503M) 3.168ms
[2020-09-11T15:38:50.020+0000][1][gc,cpu       ] GC(49) User=0.00s Sys=0.00s Real=0.00s
[2020-09-11T15:38:50.020+0000][1][safepoint    ] Safepoint "GenCollectForAllocation", Time since last: 244008656 ns, Reaching safepoint: 3570820 ns, At safepoint: 3249814 ns, Total: 6820634 ns
[2020-09-11T15:38:51.033+0000][1][safepoint    ] Safepoint "Cleanup", Time since last: 1009163864 ns, Reaching safepoint: 4050231 ns, At safepoint: 17918 ns, Total: 4068149 ns
[2020-09-11T15:38:52.045+0000][1][safepoint    ] Safepoint "Cleanup", Time since last: 1000113970 ns, Reaching safepoint: 11858237 ns, At safepoint: 13388 ns, Total: 11871625 ns
[2020-09-11T15:38:52.273+0000][1][gc,start     ] GC(50) Pause Young (Allocation Failure)
[2020-09-11T15:38:52.273+0000][1][gc,task      ] GC(50) Using 1 workers of 1 for evacuation
[2020-09-11T15:38:52.276+0000][1][gc,age       ] GC(50) Desired survivor size 4358144 bytes, new threshold 6 (max threshold 6)
[2020-09-11T15:38:52.276+0000][1][gc,age       ] GC(50) Age table with threshold 6 (max threshold 6)
[2020-09-11T15:38:52.276+0000][1][gc,age       ] GC(50) - age   1:     134336 bytes,     134336 total
[2020-09-11T15:38:52.276+0000][1][gc,heap      ] GC(50) ParNew: 68164K->133K(76672K)
[2020-09-11T15:38:52.276+0000][1][gc,heap      ] GC(50) CMS: 48792K->48792K(439104K)
[2020-09-11T15:38:52.276+0000][1][gc,metaspace ] GC(50) Metaspace: 32454K->32454K(1079296K)
[2020-09-11T15:38:52.276+0000][1][gc           ] GC(50) Pause Young (Allocation Failure) 114M->47M(503M) 2.696ms
[2020-09-11T15:38:52.276+0000][1][gc,cpu       ] GC(50) User=0.00s Sys=0.00s Real=0.00s
[2020-09-11T15:38:52.283+0000][1][safepoint    ] Safepoint "GenCollectForAllocation", Time since last: 228061584 ns, Reaching safepoint: 133642 ns, At safepoint: 10236168 ns, Total: 10369810 ns
[2020-09-11T15:38:53.013+0000][1][gc,start     ] GC(51) Pause Young (Allocation Failure)
[2020-09-11T15:38:53.013+0000][1][gc,task      ] GC(51) Using 1 workers of 1 for evacuation
[2020-09-11T15:38:53.015+0000][1][gc,age       ] GC(51) Desired survivor size 4358144 bytes, new threshold 6 (max threshold 6)
[2020-09-11T15:38:53.015+0000][1][gc,age       ] GC(51) Age table with threshold 6 (max threshold 6)
[2020-09-11T15:38:53.015+0000][1][gc,age       ] GC(51) - age   1:     546200 bytes,     546200 total
[2020-09-11T15:38:53.016+0000][1][gc,age       ] GC(51) - age   2:      83728 bytes,     629928 total
[2020-09-11T15:38:53.016+0000][1][gc,heap      ] GC(51) ParNew: 68293K->636K(76672K)
[2020-09-11T15:38:53.016+0000][1][gc,heap      ] GC(51) CMS: 48792K->48792K(439104K)
[2020-09-11T15:38:53.016+0000][1][gc,metaspace ] GC(51) Metaspace: 32454K->32454K(1079296K)
[2020-09-11T15:38:53.016+0000][1][gc           ] GC(51) Pause Young (Allocation Failure) 114M->48M(503M) 2.725ms
[2020-09-11T15:38:53.016+0000][1][gc,cpu       ] GC(51) User=0.00s Sys=0.00s Real=0.00s
[2020-09-11T15:38:53.016+0000][1][safepoint    ] Safepoint "GenCollectForAllocation", Time since last: 725543078 ns, Reaching safepoint: 4019252 ns, At safepoint: 2787360 ns, Total: 6806612 ns
[2020-09-11T15:38:53.537+0000][1][gc,start     ] GC(52) Pause Young (Allocation Failure)
[2020-09-11T15:38:53.537+0000][1][gc,task      ] GC(52) Using 1 workers of 1 for evacuation
[2020-09-11T15:38:53.540+0000][1][gc,age       ] GC(52) Desired survivor size 4358144 bytes, new threshold 6 (max threshold 6)
[2020-09-11T15:38:53.540+0000][1][gc,age       ] GC(52) Age table with threshold 6 (max threshold 6)
[2020-09-11T15:38:53.540+0000][1][gc,age       ] GC(52) - age   1:     643440 bytes,     643440 total
[2020-09-11T15:38:53.540+0000][1][gc,age       ] GC(52) - age   2:     374824 bytes,    1018264 total
[2020-09-11T15:38:53.540+0000][1][gc,age       ] GC(52) - age   3:      83128 bytes,    1101392 total
[2020-09-11T15:38:53.540+0000][1][gc,heap      ] GC(52) ParNew: 68796K->1115K(76672K)
[2020-09-11T15:38:53.540+0000][1][gc,heap      ] GC(52) CMS: 48792K->48792K(439104K)
[2020-09-11T15:38:53.540+0000][1][gc,metaspace ] GC(52) Metaspace: 32454K->32454K(1079296K)
[2020-09-11T15:38:53.540+0000][1][gc           ] GC(52) Pause Young (Allocation Failure) 114M->48M(503M) 2.811ms
[2020-09-11T15:38:53.540+0000][1][gc,cpu       ] GC(52) User=0.00s Sys=0.00s Real=0.00s
[2020-09-11T15:38:53.540+0000][1][safepoint    ] Safepoint "GenCollectForAllocation", Time since last: 510569289 ns, Reaching safepoint: 10647770 ns, At safepoint: 2881417 ns, Total: 13529187 ns
[2020-09-11T15:38:53.942+0000][1][gc,start     ] GC(53) Pause Young (Allocation Failure)
[2020-09-11T15:38:53.942+0000][1][gc,task      ] GC(53) Using 1 workers of 1 for evacuation
[2020-09-11T15:38:53.957+0000][1][gc,age       ] GC(53) Desired survivor size 4358144 bytes, new threshold 6 (max threshold 6)
[2020-09-11T15:38:53.957+0000][1][gc,age       ] GC(53) Age table with threshold 6 (max threshold 6)
[2020-09-11T15:38:53.957+0000][1][gc,age       ] GC(53) - age   1:     313688 bytes,     313688 total
[2020-09-11T15:38:53.957+0000][1][gc,age       ] GC(53) - age   2:     626728 bytes,     940416 total
[2020-09-11T15:38:53.957+0000][1][gc,age       ] GC(53) - age   3:     374088 bytes,    1314504 total
[2020-09-11T15:38:53.957+0000][1][gc,age       ] GC(53) - age   4:      82464 bytes,    1396968 total
[2020-09-11T15:38:53.957+0000][1][gc,heap      ] GC(53) ParNew: 69275K->1434K(76672K)
[2020-09-11T15:38:53.957+0000][1][gc,heap      ] GC(53) CMS: 48792K->48792K(439104K)
[2020-09-11T15:38:53.957+0000][1][gc,metaspace ] GC(53) Metaspace: 32454K->32454K(1079296K)
[2020-09-11T15:38:53.957+0000][1][gc           ] GC(53) Pause Young (Allocation Failure) 115M->49M(503M) 14.984ms
[2020-09-11T15:38:53.957+0000][1][gc,cpu       ] GC(53) User=0.00s Sys=0.00s Real=0.01s
[2020-09-11T15:38:53.957+0000][1][safepoint    ] Safepoint "GenCollectForAllocation", Time since last: 401058461 ns, Reaching safepoint: 1159505 ns, At safepoint: 15059624 ns, Total: 16219129 ns
[2020-09-11T15:38:54.520+0000][1][gc,start     ] GC(54) Pause Young (Allocation Failure)
[2020-09-11T15:38:54.520+0000][1][gc,task      ] GC(54) Using 1 workers of 1 for evacuation
[2020-09-11T15:38:54.523+0000][1][gc,age       ] GC(54) Desired survivor size 4358144 bytes, new threshold 6 (max threshold 6)
[2020-09-11T15:38:54.523+0000][1][gc,age       ] GC(54) Age table with threshold 6 (max threshold 6)
[2020-09-11T15:38:54.523+0000][1][gc,age       ] GC(54) - age   1:     963832 bytes,     963832 total
[2020-09-11T15:38:54.523+0000][1][gc,age       ] GC(54) - age   2:     302440 bytes,    1266272 total
[2020-09-11T15:38:54.523+0000][1][gc,age       ] GC(54) - age   3:     298064 bytes,    1564336 total
[2020-09-11T15:38:54.523+0000][1][gc,age       ] GC(54) - age   4:     374088 bytes,    1938424 total
[2020-09-11T15:38:54.523+0000][1][gc,age       ] GC(54) - age   5:      82304 bytes,    2020728 total
[2020-09-11T15:38:54.523+0000][1][gc,heap      ] GC(54) ParNew: 69594K->2082K(76672K)
[2020-09-11T15:38:54.523+0000][1][gc,heap      ] GC(54) CMS: 48792K->48792K(439104K)
[2020-09-11T15:38:54.523+0000][1][gc,metaspace ] GC(54) Metaspace: 32454K->32454K(1079296K)
[2020-09-11T15:38:54.523+0000][1][gc           ] GC(54) Pause Young (Allocation Failure) 115M->49M(503M) 3.013ms
[2020-09-11T15:38:54.523+0000][1][gc,cpu       ] GC(54) User=0.01s Sys=0.00s Real=0.01s
[2020-09-11T15:38:54.525+0000][1][safepoint    ] Safepoint "GenCollectForAllocation", Time since last: 560189901 ns, Reaching safepoint: 3062937 ns, At safepoint: 4532865 ns, Total: 7595802 ns
[2020-09-11T15:38:55.353+0000][1][gc,start     ] GC(55) Pause Young (Allocation Failure)
[2020-09-11T15:38:55.353+0000][1][gc,task      ] GC(55) Using 1 workers of 1 for evacuation
[2020-09-11T15:38:55.356+0000][1][gc,age       ] GC(55) Desired survivor size 4358144 bytes, new threshold 6 (max threshold 6)
[2020-09-11T15:38:55.356+0000][1][gc,age       ] GC(55) Age table with threshold 6 (max threshold 6)
[2020-09-11T15:38:55.356+0000][1][gc,age       ] GC(55) - age   1:     313608 bytes,     313608 total
[2020-09-11T15:38:55.356+0000][1][gc,age       ] GC(55) - age   2:     952336 bytes,    1265944 total
[2020-09-11T15:38:55.356+0000][1][gc,age       ] GC(55) - age   3:     298208 bytes,    1564152 total
[2020-09-11T15:38:55.356+0000][1][gc,age       ] GC(55) - age   4:     297424 bytes,    1861576 total
[2020-09-11T15:38:55.356+0000][1][gc,age       ] GC(55) - age   5:     373832 bytes,    2235408 total
[2020-09-11T15:38:55.356+0000][1][gc,age       ] GC(55) - age   6:      82280 bytes,    2317688 total
[2020-09-11T15:38:55.356+0000][1][gc,heap      ] GC(55) ParNew: 70242K->2264K(76672K)
[2020-09-11T15:38:55.356+0000][1][gc,heap      ] GC(55) CMS: 48792K->48792K(439104K)
[2020-09-11T15:38:55.356+0000][1][gc,metaspace ] GC(55) Metaspace: 32454K->32454K(1079296K)
[2020-09-11T15:38:55.356+0000][1][gc           ] GC(55) Pause Young (Allocation Failure) 116M->49M(503M) 3.113ms
[2020-09-11T15:38:55.356+0000][1][gc,cpu       ] GC(55) User=0.00s Sys=0.00s Real=0.00s
[2020-09-11T15:38:55.385+0000][1][safepoint    ] Safepoint "GenCollectForAllocation", Time since last: 824582997 ns, Reaching safepoint: 3441020 ns, At safepoint: 31989199 ns, Total: 35430219 ns
[2020-09-11T15:38:55.811+0000][1][safepoint    ] Safepoint "RevokeBias", Time since last: 425644519 ns, Reaching safepoint: 102334 ns, At safepoint: 7549 ns, Total: 109883 ns
[2020-09-11T15:38:56.817+0000][1][safepoint    ] Safepoint "Cleanup", Time since last: 1006230780 ns, Reaching safepoint: 117561 ns, At safepoint: 6655 ns, Total: 124216 ns
[2020-09-11T15:38:56.933+0000][1][safepoint    ] Safepoint "Deoptimize", Time since last: 115895313 ns, Reaching safepoint: 114557 ns, At safepoint: 362916 ns, Total: 477473 ns
[2020-09-11T15:38:57.445+0000][1][safepoint    ] Safepoint "CollectForMetadataAllocation", Time since last: 511538587 ns, Reaching safepoint: 130121 ns, At safepoint: 125727 ns, Total: 255848 ns
[2020-09-11T15:38:57.569+0000][1][safepoint    ] Safepoint "CollectForMetadataAllocation", Time since last: 123729775 ns, Reaching safepoint: 117718 ns, At safepoint: 134016 ns, Total: 251734 ns
[2020-09-11T15:38:57.749+0000][1][safepoint    ] Safepoint "CollectForMetadataAllocation", Time since last: 179733470 ns, Reaching safepoint: 116812 ns, At safepoint: 122759 ns, Total: 239571 ns
[2020-09-11T15:38:57.846+0000][1][safepoint    ] Safepoint "CollectForMetadataAllocation", Time since last: 97127344 ns, Reaching safepoint: 97483 ns, At safepoint: 126655 ns, Total: 224138 ns
[2020-09-11T15:38:57.985+0000][1][safepoint    ] Safepoint "CollectForMetadataAllocation", Time since last: 138502839 ns, Reaching safepoint: 115833 ns, At safepoint: 130391 ns, Total: 246224 ns
[2020-09-11T15:38:58.189+0000][1][safepoint    ] Safepoint "CollectForMetadataAllocation", Time since last: 203764255 ns, Reaching safepoint: 113251 ns, At safepoint: 127620 ns, Total: 240871 ns
[2020-09-11T15:38:58.243+0000][1][gc,start     ] GC(56) Pause Young (Allocation Failure)
[2020-09-11T15:38:58.243+0000][1][gc,task      ] GC(56) Using 1 workers of 1 for evacuation
[2020-09-11T15:38:58.292+0000][1][gc,age       ] GC(56) Desired survivor size 4358144 bytes, new threshold 6 (max threshold 6)
[2020-09-11T15:38:58.292+0000][1][gc,age       ] GC(56) Age table with threshold 6 (max threshold 6)
[2020-09-11T15:38:58.292+0000][1][gc,age       ] GC(56) - age   1:    1478320 bytes,    1478320 total
[2020-09-11T15:38:58.292+0000][1][gc,age       ] GC(56) - age   2:     301656 bytes,    1779976 total
[2020-09-11T15:38:58.292+0000][1][gc,age       ] GC(56) - age   3:     951640 bytes,    2731616 total
[2020-09-11T15:38:58.292+0000][1][gc,age       ] GC(56) - age   4:     297792 bytes,    3029408 total
[2020-09-11T15:38:58.292+0000][1][gc,age       ] GC(56) - age   5:     297304 bytes,    3326712 total
[2020-09-11T15:38:58.292+0000][1][gc,age       ] GC(56) - age   6:     373832 bytes,    3700544 total
[2020-09-11T15:38:58.292+0000][1][gc,heap      ] GC(56) ParNew: 70424K->3681K(76672K)
[2020-09-11T15:38:58.292+0000][1][gc,heap      ] GC(56) CMS: 48792K->48870K(439104K)
[2020-09-11T15:38:58.292+0000][1][gc,metaspace ] GC(56) Metaspace: 36231K->36231K(1083392K)
[2020-09-11T15:38:58.292+0000][1][gc           ] GC(56) Pause Young (Allocation Failure) 116M->51M(503M) 49.048ms
[2020-09-11T15:38:58.293+0000][1][gc,cpu       ] GC(56) User=0.01s Sys=0.00s Real=0.04s
[2020-09-11T15:38:58.321+0000][1][safepoint    ] Safepoint "GenCollectForAllocation", Time since last: 54202284 ns, Reaching safepoint: 103147 ns, At safepoint: 77367986 ns, Total: 77471133 ns
[2020-09-11T15:38:58.341+0000][1][gc,start     ] GC(57) Pause Initial Mark
[2020-09-11T15:38:58.343+0000][1][gc           ] GC(57) Pause Initial Mark 53M->53M(503M) 2.448ms
[2020-09-11T15:38:58.343+0000][1][gc,cpu       ] GC(57) User=0.00s Sys=0.00s Real=0.00s
[2020-09-11T15:38:58.360+0000][1][safepoint    ] Safepoint "CMS_Initial_Mark", Time since last: 19979541 ns, Reaching safepoint: 97712 ns, At safepoint: 18913618 ns, Total: 19011330 ns
[2020-09-11T15:38:58.360+0000][1][gc           ] GC(57) Concurrent Mark
[2020-09-11T15:38:58.895+0000][1][gc           ] GC(57) Concurrent Mark 534.925ms
[2020-09-11T15:38:58.895+0000][1][gc,cpu       ] GC(57) User=0.13s Sys=0.00s Real=0.54s
[2020-09-11T15:38:58.895+0000][1][gc           ] GC(57) Concurrent Preclean
[2020-09-11T15:38:58.896+0000][1][gc           ] GC(57) Concurrent Preclean 0.700ms
[2020-09-11T15:38:58.896+0000][1][gc,cpu       ] GC(57) User=0.00s Sys=0.00s Real=0.00s
[2020-09-11T15:38:58.896+0000][1][gc           ] GC(57) Concurrent Abortable Preclean
[2020-09-11T15:38:59.150+0000][1][gc,start     ] GC(58) Pause Young (Allocation Failure)
[2020-09-11T15:38:59.195+0000][1][gc,task      ] GC(58) Using 1 workers of 1 for evacuation
[2020-09-11T15:38:59.210+0000][1][gc,age       ] GC(58) Desired survivor size 4358144 bytes, new threshold 6 (max threshold 6)
[2020-09-11T15:38:59.210+0000][1][gc,age       ] GC(58) Age table with threshold 6 (max threshold 6)
[2020-09-11T15:38:59.210+0000][1][gc,age       ] GC(58) - age   1:      65032 bytes,      65032 total
[2020-09-11T15:38:59.210+0000][1][gc,age       ] GC(58) - age   2:    1452200 bytes,    1517232 total
[2020-09-11T15:38:59.210+0000][1][gc,age       ] GC(58) - age   3:     301656 bytes,    1818888 total
[2020-09-11T15:38:59.210+0000][1][gc,age       ] GC(58) - age   4:     951640 bytes,    2770528 total
[2020-09-11T15:38:59.210+0000][1][gc,age       ] GC(58) - age   5:     297792 bytes,    3068320 total
[2020-09-11T15:38:59.210+0000][1][gc,age       ] GC(58) - age   6:     297304 bytes,    3365624 total
[2020-09-11T15:38:59.210+0000][1][gc,heap      ] GC(58) ParNew: 71841K->3912K(76672K)
[2020-09-11T15:38:59.210+0000][1][gc,heap      ] GC(58) CMS: 48870K->49235K(439104K)
[2020-09-11T15:38:59.210+0000][1][gc,metaspace ] GC(58) Metaspace: 36237K->36237K(1083392K)
[2020-09-11T15:38:59.210+0000][1][gc           ] GC(58) Pause Young (Allocation Failure) 117M->51M(503M) 59.375ms
[2020-09-11T15:38:59.210+0000][1][gc,cpu       ] GC(58) User=0.02s Sys=0.00s Real=0.06s
[2020-09-11T15:38:59.253+0000][1][safepoint    ] Safepoint "GenCollectForAllocation", Time since last: 790435668 ns, Reaching safepoint: 113760 ns, At safepoint: 102441988 ns, Total: 102555748 ns
[2020-09-11T15:38:59.757+0000][1][safepoint    ] Safepoint "CollectForMetadataAllocation", Time since last: 504002579 ns, Reaching safepoint: 117250 ns, At safepoint: 136725 ns, Total: 253975 ns
[2020-09-11T15:39:00.776+0000][1][safepoint    ] Safepoint "Cleanup", Time since last: 1007751131 ns, Reaching safepoint: 10894625 ns, At safepoint: 5220 ns, Total: 10899845 ns
[2020-09-11T15:39:01.205+0000][1][safepoint    ] Safepoint "CollectForMetadataAllocation", Time since last: 425518230 ns, Reaching safepoint: 3612601 ns, At safepoint: 134794 ns, Total: 3747395 ns
[2020-09-11T15:39:01.205+0000][1][gc           ] GC(57) Concurrent Abortable Preclean 2309.451ms
[2020-09-11T15:39:01.205+0000][1][gc,cpu       ] GC(57) User=0.56s Sys=0.01s Real=2.31s
[2020-09-11T15:39:01.209+0000][1][gc,start     ] GC(57) Pause Remark
[2020-09-11T15:39:01.296+0000][1][gc           ] GC(57) Pause Remark 89M->89M(503M) 87.547ms
[2020-09-11T15:39:01.296+0000][1][gc,cpu       ] GC(57) User=0.02s Sys=0.00s Real=0.09s
[2020-09-11T15:39:01.327+0000][1][safepoint    ] Safepoint "CMS_Final_Remark", Time since last: 92598 ns, Reaching safepoint: 3770966 ns, At safepoint: 118173758 ns, Total: 121944724 ns
[2020-09-11T15:39:01.327+0000][1][gc           ] GC(57) Concurrent Sweep
[2020-09-11T15:39:01.455+0000][1][gc           ] GC(57) Concurrent Sweep 128.215ms
[2020-09-11T15:39:01.455+0000][1][gc,cpu       ] GC(57) User=0.03s Sys=0.00s Real=0.13s
[2020-09-11T15:39:01.455+0000][1][gc           ] GC(57) Concurrent Reset
[2020-09-11T15:39:01.469+0000][1][gc           ] GC(57) Concurrent Reset 13.829ms
[2020-09-11T15:39:01.469+0000][1][gc,cpu       ] GC(57) User=0.01s Sys=0.00s Real=0.01s
[2020-09-11T15:39:01.469+0000][1][gc,heap      ] GC(57) Old: 48870K->48147K(439104K)
[2020-09-11T15:39:01.481+0000][1][safepoint    ] Safepoint "RevokeBias", Time since last: 152724842 ns, Reaching safepoint: 1337129 ns, At safepoint: 38171 ns, Total: 1375300 ns
[2020-09-11T15:39:02.502+0000][1][safepoint    ] Safepoint "Cleanup", Time since last: 1007711036 ns, Reaching safepoint: 13080627 ns, At safepoint: 7404 ns, Total: 13088031 ns
[2020-09-11T15:39:03.505+0000][1][safepoint    ] Safepoint "Cleanup", Time since last: 1002772736 ns, Reaching safepoint: 157898 ns, At safepoint: 7392 ns, Total: 165290 ns
[2020-09-11T15:39:04.447+0000][1][gc,start     ] GC(59) Pause Young (Allocation Failure)
[2020-09-11T15:39:04.453+0000][1][gc,task      ] GC(59) Using 1 workers of 1 for evacuation
[2020-09-11T15:39:04.503+0000][1][gc,age       ] GC(59) Desired survivor size 4358144 bytes, new threshold 4 (max threshold 6)
[2020-09-11T15:39:04.503+0000][1][gc,age       ] GC(59) Age table with threshold 4 (max threshold 6)
[2020-09-11T15:39:04.503+0000][1][gc,age       ] GC(59) - age   1:    2673376 bytes,    2673376 total
[2020-09-11T15:39:04.503+0000][1][gc,age       ] GC(59) - age   2:      62816 bytes,    2736192 total
[2020-09-11T15:39:04.503+0000][1][gc,age       ] GC(59) - age   3:    1405744 bytes,    4141936 total
[2020-09-11T15:39:04.503+0000][1][gc,age       ] GC(59) - age   4:     301656 bytes,    4443592 total
[2020-09-11T15:39:04.503+0000][1][gc,age       ] GC(59) - age   5:     951640 bytes,    5395232 total
[2020-09-11T15:39:04.503+0000][1][gc,age       ] GC(59) - age   6:     297792 bytes,    5693024 total
[2020-09-11T15:39:04.503+0000][1][gc,heap      ] GC(59) ParNew: 72072K->6693K(76672K)
[2020-09-11T15:39:04.503+0000][1][gc,heap      ] GC(59) CMS: 48147K->48437K(439104K)
[2020-09-11T15:39:04.503+0000][1][gc,metaspace ] GC(59) Metaspace: 42048K->42048K(1087488K)
[2020-09-11T15:39:04.503+0000][1][gc           ] GC(59) Pause Young (Allocation Failure) 117M->53M(503M) 56.501ms
[2020-09-11T15:39:04.503+0000][1][gc,cpu       ] GC(59) User=0.02s Sys=0.00s Real=0.06s
[2020-09-11T15:39:04.525+0000][1][safepoint    ] Safepoint "GenCollectForAllocation", Time since last: 941765643 ns, Reaching safepoint: 111633 ns, At safepoint: 78552447 ns, Total: 78664080 ns
[2020-09-11T15:39:04.537+0000][1][safepoint    ] Safepoint "RevokeBias", Time since last: 11964599 ns, Reaching safepoint: 27332 ns, At safepoint: 63907 ns, Total: 91239 ns
[2020-09-11T15:39:05.557+0000][1][safepoint    ] Safepoint "Cleanup", Time since last: 1019470846 ns, Reaching safepoint: 135748 ns, At safepoint: 7308 ns, Total: 143056 ns
[2020-09-11T15:39:07.526+0000][1][safepoint    ] Safepoint "Cleanup", Time since last: 1967859128 ns, Reaching safepoint: 758577 ns, At safepoint: 6534 ns, Total: 765111 ns
[2020-09-11T15:39:10.545+0000][1][safepoint    ] Safepoint "Cleanup", Time since last: 3019305021 ns, Reaching safepoint: 107641 ns, At safepoint: 5870 ns, Total: 113511 ns
[2020-09-11T15:39:11.886+0000][1][safepoint    ] Safepoint "RevokeBias", Time since last: 1340483399 ns, Reaching safepoint: 101946 ns, At safepoint: 41630 ns, Total: 143576 ns
[2020-09-11T15:39:11.889+0000][1][safepoint    ] Safepoint "RevokeBias", Time since last: 3191847 ns, Reaching safepoint: 96357 ns, At safepoint: 44981 ns, Total: 141338 ns
[2020-09-11T15:39:11.889+0000][1][safepoint    ] Safepoint "RevokeBias", Time since last: 54304 ns, Reaching safepoint: 80850 ns, At safepoint: 33850 ns, Total: 114700 ns
[2020-09-11T15:39:11.889+0000][1][safepoint    ] Safepoint "RevokeBias", Time since last: 43741 ns, Reaching safepoint: 80104 ns, At safepoint: 31872 ns, Total: 111976 ns
[2020-09-11T15:39:11.889+0000][1][safepoint    ] Safepoint "RevokeBias", Time since last: 29700 ns, Reaching safepoint: 79564 ns, At safepoint: 30342 ns, Total: 109906 ns
[2020-09-11T15:39:11.893+0000][1][safepoint    ] Safepoint "RevokeBias", Time since last: 3422405 ns, Reaching safepoint: 111704 ns, At safepoint: 53675 ns, Total: 165379 ns
[2020-09-11T15:39:11.897+0000][1][safepoint    ] Safepoint "RevokeBias", Time since last: 3815674 ns, Reaching safepoint: 99205 ns, At safepoint: 46664 ns, Total: 145869 ns
[2020-09-11T15:39:11.897+0000][1][safepoint    ] Safepoint "RevokeBias", Time since last: 48983 ns, Reaching safepoint: 81848 ns, At safepoint: 36708 ns, Total: 118556 ns
[2020-09-11T15:39:11.897+0000][1][safepoint    ] Safepoint "RevokeBias", Time since last: 31222 ns, Reaching safepoint: 81628 ns, At safepoint: 34730 ns, Total: 116358 ns
[2020-09-11T15:39:11.897+0000][1][safepoint    ] Safepoint "RevokeBias", Time since last: 29489 ns, Reaching safepoint: 80887 ns, At safepoint: 34610 ns, Total: 115497 ns
[2020-09-11T15:39:11.901+0000][1][safepoint    ] Safepoint "RevokeBias", Time since last: 3378639 ns, Reaching safepoint: 85445 ns, At safepoint: 37248 ns, Total: 122693 ns
[2020-09-11T15:39:11.901+0000][1][safepoint    ] Safepoint "RevokeBias", Time since last: 40468 ns, Reaching safepoint: 80644 ns, At safepoint: 34805 ns, Total: 115449 ns
[2020-09-11T15:39:11.901+0000][1][safepoint    ] Safepoint "RevokeBias", Time since last: 30030 ns, Reaching safepoint: 79925 ns, At safepoint: 33617 ns, Total: 113542 ns
[2020-09-11T15:39:11.901+0000][1][safepoint    ] Safepoint "RevokeBias", Time since last: 73779 ns, Reaching safepoint: 81860 ns, At safepoint: 32848 ns, Total: 114708 ns
[2020-09-11T15:39:11.902+0000][1][safepoint    ] Safepoint "RevokeBias", Time since last: 38718 ns, Reaching safepoint: 81933 ns, At safepoint: 32789 ns, Total: 114722 ns
[2020-09-11T15:39:13.086+0000][1][safepoint    ] Safepoint "Cleanup", Time since last: 1171225124 ns, Reaching safepoint: 13096097 ns, At safepoint: 9972 ns, Total: 13106069 ns
[2020-09-11T15:39:14.337+0000][1][safepoint    ] Safepoint "Cleanup", Time since last: 1246902157 ns, Reaching safepoint: 4006264 ns, At safepoint: 7696 ns, Total: 4013960 ns
[2020-09-11T15:39:15.344+0000][1][safepoint    ] Safepoint "Cleanup", Time since last: 1003973515 ns, Reaching safepoint: 3201953 ns, At safepoint: 8359 ns, Total: 3210312 ns
[2020-09-11T15:39:16.327+0000][1][gc,start     ] GC(60) Pause Young (Allocation Failure)
[2020-09-11T15:39:16.327+0000][1][gc,task      ] GC(60) Using 1 workers of 1 for evacuation
[2020-09-11T15:39:16.386+0000][1][gc,age       ] GC(60) Desired survivor size 4358144 bytes, new threshold 2 (max threshold 6)
[2020-09-11T15:39:16.386+0000][1][gc,age       ] GC(60) Age table with threshold 2 (max threshold 6)
[2020-09-11T15:39:16.386+0000][1][gc,age       ] GC(60) - age   1:    2722888 bytes,    2722888 total
[2020-09-11T15:39:16.386+0000][1][gc,age       ] GC(60) - age   2:    2598904 bytes,    5321792 total
[2020-09-11T15:39:16.386+0000][1][gc,age       ] GC(60) - age   3:      62816 bytes,    5384608 total
[2020-09-11T15:39:16.386+0000][1][gc,age       ] GC(60) - age   4:    1399000 bytes,    6783608 total
[2020-09-11T15:39:16.386+0000][1][gc,heap      ] GC(60) ParNew: 74853K->8512K(76672K)
[2020-09-11T15:39:16.386+0000][1][gc,heap      ] GC(60) CMS: 48437K->49952K(439104K)
[2020-09-11T15:39:16.386+0000][1][gc,metaspace ] GC(60) Metaspace: 47668K->47668K(1093632K)
[2020-09-11T15:39:16.386+0000][1][gc           ] GC(60) Pause Young (Allocation Failure) 120M->57M(503M) 59.080ms
[2020-09-11T15:39:16.386+0000][1][gc,cpu       ] GC(60) User=0.02s Sys=0.00s Real=0.06s
[2020-09-11T15:39:16.401+0000][1][safepoint    ] Safepoint "GenCollectForAllocation", Time since last: 983069744 ns, Reaching safepoint: 132853 ns, At safepoint: 73618028 ns, Total: 73750881 ns
[2020-09-11T15:39:16.444+0000][1][safepoint    ] Safepoint "RevokeBias", Time since last: 43487199 ns, Reaching safepoint: 116392 ns, At safepoint: 17188 ns, Total: 133580 ns
[2020-09-11T15:39:16.445+0000][1][safepoint    ] Safepoint "RevokeBias", Time since last: 71976 ns, Reaching safepoint: 80143 ns, At safepoint: 9763 ns, Total: 89906 ns
[2020-09-11T15:39:16.445+0000][1][safepoint    ] Safepoint "RevokeBias", Time since last: 38377 ns, Reaching safepoint: 79129 ns, At safepoint: 8744 ns, Total: 87873 ns
[2020-09-11T15:39:16.445+0000][1][safepoint    ] Safepoint "RevokeBias", Time since last: 62061 ns, Reaching safepoint: 78742 ns, At safepoint: 8447 ns, Total: 87189 ns
[2020-09-11T15:39:16.698+0000][1][safepoint    ] Safepoint "RevokeBias", Time since last: 252960789 ns, Reaching safepoint: 105222 ns, At safepoint: 33529 ns, Total: 138751 ns
[2020-09-11T15:39:16.722+0000][1][safepoint    ] Safepoint "RevokeBias", Time since last: 23610580 ns, Reaching safepoint: 101063 ns, At safepoint: 35390 ns, Total: 136453 ns
[2020-09-11T15:39:17.590+0000][1][safepoint    ] Safepoint "RevokeBias", Time since last: 867396877 ns, Reaching safepoint: 385339 ns, At safepoint: 36522 ns, Total: 421861 ns
[2020-09-11T15:39:17.590+0000][1][safepoint    ] Safepoint "RevokeBias", Time since last: 174331 ns, Reaching safepoint: 82945 ns, At safepoint: 19661 ns, Total: 102606 ns
[2020-09-11T15:39:17.590+0000][1][safepoint    ] Safepoint "RevokeBias", Time since last: 37680 ns, Reaching safepoint: 79583 ns, At safepoint: 18074 ns, Total: 97657 ns
[2020-09-11T15:39:17.846+0000][1][safepoint    ] Safepoint "RevokeBias", Time since last: 254995908 ns, Reaching safepoint: 649095 ns, At safepoint: 32234 ns, Total: 681329 ns
[2020-09-11T15:39:17.846+0000][1][safepoint    ] Safepoint "RevokeBias", Time since last: 582349 ns, Reaching safepoint: 87007 ns, At safepoint: 23263 ns, Total: 110270 ns
[2020-09-11T15:39:17.847+0000][1][safepoint    ] Safepoint "RevokeBias", Time since last: 102898 ns, Reaching safepoint: 83370 ns, At safepoint: 20428 ns, Total: 103798 ns
[2020-09-11T15:39:17.849+0000][1][safepoint    ] Safepoint "RevokeBias", Time since last: 2276625 ns, Reaching safepoint: 95238 ns, At safepoint: 26902 ns, Total: 122140 ns
[2020-09-11T15:39:17.850+0000][1][safepoint    ] Safepoint "RevokeBias", Time since last: 852249 ns, Reaching safepoint: 87775 ns, At safepoint: 28604 ns, Total: 116379 ns
[2020-09-11T15:39:17.853+0000][1][safepoint    ] Safepoint "RevokeBias", Time since last: 2899294 ns, Reaching safepoint: 103947 ns, At safepoint: 34431 ns, Total: 138378 ns
[2020-09-11T15:39:17.854+0000][1][safepoint    ] Safepoint "RevokeBias", Time since last: 937226 ns, Reaching safepoint: 91511 ns, At safepoint: 26353 ns, Total: 117864 ns
[2020-09-11T15:39:17.857+0000][1][safepoint    ] Safepoint "RevokeBias", Time since last: 2856086 ns, Reaching safepoint: 85771 ns, At safepoint: 24559 ns, Total: 110330 ns
[2020-09-11T15:39:17.857+0000][1][safepoint    ] Safepoint "RevokeBias", Time since last: 137958 ns, Reaching safepoint: 86017 ns, At safepoint: 20831 ns, Total: 106848 ns
[2020-09-11T15:39:17.857+0000][1][safepoint    ] Safepoint "RevokeBias", Time since last: 34840 ns, Reaching safepoint: 83822 ns, At safepoint: 27895 ns, Total: 111717 ns
[2020-09-11T15:39:17.857+0000][1][safepoint    ] Safepoint "RevokeBias", Time since last: 31825 ns, Reaching safepoint: 83264 ns, At safepoint: 25504 ns, Total: 108768 ns
[2020-09-11T15:39:17.858+0000][1][safepoint    ] Safepoint "RevokeBias", Time since last: 31184 ns, Reaching safepoint: 82249 ns, At safepoint: 20718 ns, Total: 102967 ns
[2020-09-11T15:39:17.858+0000][1][safepoint    ] Safepoint "RevokeBias", Time since last: 30264 ns, Reaching safepoint: 81558 ns, At safepoint: 20365 ns, Total: 101923 ns
[2020-09-11T15:39:17.858+0000][1][safepoint    ] Safepoint "RevokeBias", Time since last: 29962 ns, Reaching safepoint: 81372 ns, At safepoint: 20454 ns, Total: 101826 ns
[2020-09-11T15:39:17.861+0000][1][safepoint    ] Safepoint "RevokeBias", Time since last: 2947867 ns, Reaching safepoint: 100293 ns, At safepoint: 31238 ns, Total: 131531 ns
[2020-09-11T15:39:17.861+0000][1][safepoint    ] Safepoint "BulkRevokeBias", Time since last: 62884 ns, Reaching safepoint: 82977 ns, At safepoint: 80097 ns, Total: 163074 ns
[2020-09-11T15:39:17.861+0000][1][safepoint    ] Safepoint "RevokeBias", Time since last: 76245 ns, Reaching safepoint: 83684 ns, At safepoint: 23719 ns, Total: 107403 ns
[2020-09-11T15:39:17.862+0000][1][safepoint    ] Safepoint "RevokeBias", Time since last: 42835 ns, Reaching safepoint: 84193 ns, At safepoint: 25689 ns, Total: 109882 ns
[2020-09-11T15:39:17.885+0000][1][safepoint    ] Safepoint "RevokeBias", Time since last: 23283601 ns, Reaching safepoint: 118171 ns, At safepoint: 56116 ns, Total: 174287 ns
[2020-09-11T15:39:17.885+0000][1][safepoint    ] Safepoint "RevokeBias", Time since last: 67571 ns, Reaching safepoint: 13163 ns, At safepoint: 12758 ns, Total: 25921 ns
[2020-09-11T15:39:17.885+0000][1][safepoint    ] Safepoint "RevokeBias", Time since last: 29616 ns, Reaching safepoint: 12000 ns, At safepoint: 11605 ns, Total: 23605 ns
[2020-09-11T15:39:17.904+0000][1][safepoint    ] Safepoint "RevokeBias", Time since last: 11769490 ns, Reaching safepoint: 6940897 ns, At safepoint: 41394 ns, Total: 6982291 ns
[2020-09-11T15:39:17.904+0000][1][safepoint    ] Safepoint "RevokeBias", Time since last: 74417 ns, Reaching safepoint: 89493 ns, At safepoint: 20789 ns, Total: 110282 ns
[2020-09-11T15:39:17.904+0000][1][safepoint    ] Safepoint "RevokeBias", Time since last: 39798 ns, Reaching safepoint: 82214 ns, At safepoint: 17208 ns, Total: 99422 ns
[2020-09-11T15:39:17.904+0000][1][safepoint    ] Safepoint "RevokeBias", Time since last: 28943 ns, Reaching safepoint: 81857 ns, At safepoint: 18107 ns, Total: 99964 ns
[2020-09-11T15:39:17.904+0000][1][safepoint    ] Safepoint "RevokeBias", Time since last: 28739 ns, Reaching safepoint: 81191 ns, At safepoint: 16806 ns, Total: 97997 ns
[2020-09-11T15:39:17.905+0000][1][safepoint    ] Safepoint "RevokeBias", Time since last: 27852 ns, Reaching safepoint: 80021 ns, At safepoint: 16559 ns, Total: 96580 ns
[2020-09-11T15:39:17.905+0000][1][safepoint    ] Safepoint "RevokeBias", Time since last: 27382 ns, Reaching safepoint: 80674 ns, At safepoint: 16413 ns, Total: 97087 ns
[2020-09-11T15:39:17.905+0000][1][safepoint    ] Safepoint "RevokeBias", Time since last: 30178 ns, Reaching safepoint: 45539 ns, At safepoint: 16932 ns, Total: 62471 ns
[2020-09-11T15:39:17.905+0000][1][safepoint    ] Safepoint "RevokeBias", Time since last: 27793 ns, Reaching safepoint: 80580 ns, At safepoint: 16729 ns, Total: 97309 ns
[2020-09-11T15:39:17.905+0000][1][safepoint    ] Safepoint "RevokeBias", Time since last: 26407 ns, Reaching safepoint: 80032 ns, At safepoint: 16464 ns, Total: 96496 ns
[2020-09-11T15:39:17.905+0000][1][safepoint    ] Safepoint "RevokeBias", Time since last: 26835 ns, Reaching safepoint: 80574 ns, At safepoint: 17984 ns, Total: 98558 ns
[2020-09-11T15:39:17.905+0000][1][safepoint    ] Safepoint "RevokeBias", Time since last: 26881 ns, Reaching safepoint: 80571 ns, At safepoint: 16536 ns, Total: 97107 ns
[2020-09-11T15:39:17.905+0000][1][safepoint    ] Safepoint "RevokeBias", Time since last: 26434 ns, Reaching safepoint: 80737 ns, At safepoint: 19407 ns, Total: 100144 ns
[2020-09-11T15:39:17.906+0000][1][safepoint    ] Safepoint "RevokeBias", Time since last: 26698 ns, Reaching safepoint: 79763 ns, At safepoint: 16420 ns, Total: 96183 ns
[2020-09-11T15:39:17.910+0000][1][safepoint    ] Safepoint "RevokeBias", Time since last: 26438 ns, Reaching safepoint: 4114690 ns, At safepoint: 30146 ns, Total: 4144836 ns
[2020-09-11T15:39:17.913+0000][1][safepoint    ] Safepoint "RevokeBias", Time since last: 65896 ns, Reaching safepoint: 3061827 ns, At safepoint: 40536 ns, Total: 3102363 ns
[2020-09-11T15:39:17.917+0000][1][safepoint    ] Safepoint "BulkRevokeBias", Time since last: 73953 ns, Reaching safepoint: 3820857 ns, At safepoint: 78829 ns, Total: 3899686 ns
[2020-09-11T15:39:17.917+0000][1][safepoint    ] Safepoint "RevokeBias", Time since last: 235368 ns, Reaching safepoint: 83365 ns, At safepoint: 18877 ns, Total: 102242 ns
[2020-09-11T15:39:17.917+0000][1][safepoint    ] Safepoint "RevokeBias", Time since last: 63882 ns, Reaching safepoint: 82311 ns, At safepoint: 16289 ns, Total: 98600 ns
[2020-09-11T15:39:17.918+0000][1][safepoint    ] Safepoint "RevokeBias", Time since last: 71117 ns, Reaching safepoint: 85921 ns, At safepoint: 16176 ns, Total: 102097 ns
[2020-09-11T15:39:17.918+0000][1][safepoint    ] Safepoint "RevokeBias", Time since last: 41136 ns, Reaching safepoint: 85166 ns, At safepoint: 16041 ns, Total: 101207 ns
[2020-09-11T15:39:17.918+0000][1][safepoint    ] Safepoint "RevokeBias", Time since last: 114290 ns, Reaching safepoint: 84192 ns, At safepoint: 16159 ns, Total: 100351 ns
[2020-09-11T15:39:17.919+0000][1][safepoint    ] Safepoint "RevokeBias", Time since last: 651930 ns, Reaching safepoint: 89410 ns, At safepoint: 22696 ns, Total: 112106 ns
[2020-09-11T15:39:17.919+0000][1][safepoint    ] Safepoint "RevokeBias", Time since last: 68069 ns, Reaching safepoint: 85999 ns, At safepoint: 19391 ns, Total: 105390 ns
[2020-09-11T15:39:17.919+0000][1][safepoint    ] Safepoint "RevokeBias", Time since last: 117466 ns, Reaching safepoint: 87429 ns, At safepoint: 28012 ns, Total: 115441 ns
[2020-09-11T15:39:17.919+0000][1][safepoint    ] Safepoint "RevokeBias", Time since last: 43203 ns, Reaching safepoint: 81683 ns, At safepoint: 17853 ns, Total: 99536 ns
[2020-09-11T15:39:17.919+0000][1][safepoint    ] Safepoint "RevokeBias", Time since last: 28189 ns, Reaching safepoint: 81344 ns, At safepoint: 18892 ns, Total: 100236 ns
[2020-09-11T15:39:17.919+0000][1][safepoint    ] Safepoint "RevokeBias", Time since last: 26882 ns, Reaching safepoint: 80572 ns, At safepoint: 17797 ns, Total: 98369 ns
[2020-09-11T15:39:17.925+0000][1][safepoint    ] Safepoint "RevokeBias", Time since last: 5392887 ns, Reaching safepoint: 104902 ns, At safepoint: 25998 ns, Total: 130900 ns
[2020-09-11T15:39:17.927+0000][1][safepoint    ] Safepoint "RevokeBias", Time since last: 154482 ns, Reaching safepoint: 1695890 ns, At safepoint: 41342 ns, Total: 1737232 ns
[2020-09-11T15:39:17.927+0000][1][safepoint    ] Safepoint "RevokeBias", Time since last: 172995 ns, Reaching safepoint: 88628 ns, At safepoint: 25965 ns, Total: 114593 ns
[2020-09-11T15:39:17.928+0000][1][safepoint    ] Safepoint "RevokeBias", Time since last: 281657 ns, Reaching safepoint: 82162 ns, At safepoint: 16557 ns, Total: 98719 ns
[2020-09-11T15:39:17.928+0000][1][safepoint    ] Safepoint "RevokeBias", Time since last: 381922 ns, Reaching safepoint: 83130 ns, At safepoint: 15815 ns, Total: 98945 ns
[2020-09-11T15:39:17.928+0000][1][safepoint    ] Safepoint "RevokeBias", Time since last: 76435 ns, Reaching safepoint: 83025 ns, At safepoint: 22648 ns, Total: 105673 ns
[2020-09-11T15:39:17.929+0000][1][safepoint    ] Safepoint "BulkRevokeBias", Time since last: 198054 ns, Reaching safepoint: 389298 ns, At safepoint: 62839 ns, Total: 452137 ns
[2020-09-11T15:39:17.962+0000][1][safepoint    ] Safepoint "RevokeBias", Time since last: 32475995 ns, Reaching safepoint: 181075 ns, At safepoint: 37860 ns, Total: 218935 ns
[2020-09-11T15:39:17.965+0000][1][safepoint    ] Safepoint "RevokeBias", Time since last: 3237164 ns, Reaching safepoint: 106503 ns, At safepoint: 40441 ns, Total: 146944 ns
[2020-09-11T15:39:17.966+0000][1][safepoint    ] Safepoint "RevokeBias", Time since last: 616193 ns, Reaching safepoint: 95505 ns, At safepoint: 27773 ns, Total: 123278 ns
[2020-09-11T15:39:17.966+0000][1][safepoint    ] Safepoint "RevokeBias", Time since last: 35856 ns, Reaching safepoint: 82034 ns, At safepoint: 21008 ns, Total: 103042 ns
[2020-09-11T15:39:18.464+0000][1][safepoint    ] Safepoint "RevokeBias", Time since last: 498159888 ns, Reaching safepoint: 140260 ns, At safepoint: 16384 ns, Total: 156644 ns
[2020-09-11T15:39:18.464+0000][1][safepoint    ] Safepoint "RevokeBias", Time since last: 162844 ns, Reaching safepoint: 12713 ns, At safepoint: 7660 ns, Total: 20373 ns
[2020-09-11T15:39:18.465+0000][1][safepoint    ] Safepoint "RevokeBias", Time since last: 195214 ns, Reaching safepoint: 12338 ns, At safepoint: 7030 ns, Total: 19368 ns
[2020-09-11T15:39:19.168+0000][1][gc,start     ] GC(61) Pause Young (Allocation Failure)
[2020-09-11T15:39:19.168+0000][1][gc,task      ] GC(61) Using 1 workers of 1 for evacuation
[2020-09-11T15:39:19.375+0000][1][gc,age       ] GC(61) Desired survivor size 4358144 bytes, new threshold 2 (max threshold 6)
[2020-09-11T15:39:19.375+0000][1][gc,age       ] GC(61) Age table with threshold 2 (max threshold 6)
[2020-09-11T15:39:19.375+0000][1][gc,age       ] GC(61) - age   1:    2203888 bytes,    2203888 total
[2020-09-11T15:39:19.375+0000][1][gc,age       ] GC(61) - age   2:    2665840 bytes,    4869728 total
[2020-09-11T15:39:19.375+0000][1][gc,heap      ] GC(61) ParNew: 76672K->6150K(76672K)
[2020-09-11T15:39:19.375+0000][1][gc,heap      ] GC(61) CMS: 49952K->53981K(439104K)
[2020-09-11T15:39:19.375+0000][1][gc,metaspace ] GC(61) Metaspace: 52609K->52609K(1097728K)
[2020-09-11T15:39:19.375+0000][1][gc           ] GC(61) Pause Young (Allocation Failure) 123M->58M(503M) 207.057ms
[2020-09-11T15:39:19.375+0000][1][gc,cpu       ] GC(61) User=0.07s Sys=0.00s Real=0.21s
[2020-09-11T15:39:19.392+0000][1][safepoint    ] Safepoint "GenCollectForAllocation", Time since last: 703436841 ns, Reaching safepoint: 70925 ns, At safepoint: 223511468 ns, Total: 223582393 ns
[2020-09-11T15:39:20.606+0000][1][safepoint    ] Safepoint "Cleanup", Time since last: 1213386526 ns, Reaching safepoint: 726080 ns, At safepoint: 8939 ns, Total: 735019 ns
[2020-09-11T15:39:21.614+0000][1][safepoint    ] Safepoint "Cleanup", Time since last: 1003164022 ns, Reaching safepoint: 4860885 ns, At safepoint: 16063 ns, Total: 4876948 ns
[2020-09-11T15:39:22.625+0000][1][safepoint    ] Safepoint "Cleanup", Time since last: 1000109217 ns, Reaching safepoint: 11004923 ns, At safepoint: 13892 ns, Total: 11018815 ns
[2020-09-11T15:39:23.633+0000][1][safepoint    ] Safepoint "Cleanup", Time since last: 1007944526 ns, Reaching safepoint: 195345 ns, At safepoint: 6361 ns, Total: 201706 ns
[2020-09-11T15:39:24.634+0000][1][safepoint    ] Safepoint "Cleanup", Time since last: 1000105264 ns, Reaching safepoint: 476053 ns, At safepoint: 8910 ns, Total: 484963 ns
[2020-09-11T15:39:25.026+0000][1][gc,start     ] GC(62) Pause Young (Allocation Failure)
[2020-09-11T15:39:25.026+0000][1][gc,task      ] GC(62) Using 1 workers of 1 for evacuation
[2020-09-11T15:39:25.163+0000][1][gc,age       ] GC(62) Desired survivor size 4358144 bytes, new threshold 6 (max threshold 6)
[2020-09-11T15:39:25.163+0000][1][gc,age       ] GC(62) Age table with threshold 6 (max threshold 6)
[2020-09-11T15:39:25.163+0000][1][gc,age       ] GC(62) - age   1:    1632896 bytes,    1632896 total
[2020-09-11T15:39:25.163+0000][1][gc,age       ] GC(62) - age   2:    2172728 bytes,    3805624 total
[2020-09-11T15:39:25.163+0000][1][gc,heap      ] GC(62) ParNew: 74310K->5104K(76672K)
[2020-09-11T15:39:25.163+0000][1][gc,heap      ] GC(62) CMS: 53981K->56698K(439104K)
[2020-09-11T15:39:25.163+0000][1][gc,metaspace ] GC(62) Metaspace: 60462K->60462K(1105920K)
[2020-09-11T15:39:25.163+0000][1][gc           ] GC(62) Pause Young (Allocation Failure) 125M->60M(503M) 136.516ms
[2020-09-11T15:39:25.163+0000][1][gc,cpu       ] GC(62) User=0.03s Sys=0.00s Real=0.14s
[2020-09-11T15:39:25.190+0000][1][safepoint    ] Safepoint "GenCollectForAllocation", Time since last: 391739075 ns, Reaching safepoint: 907576 ns, At safepoint: 164016496 ns, Total: 164924072 ns
[2020-09-11T15:39:25.591+0000][1][safepoint    ] Safepoint "CollectForMetadataAllocation", Time since last: 400909982 ns, Reaching safepoint: 125945 ns, At safepoint: 114251 ns, Total: 240196 ns
[2020-09-11T15:39:25.683+0000][1][safepoint    ] Safepoint "CollectForMetadataAllocation", Time since last: 91541540 ns, Reaching safepoint: 114819 ns, At safepoint: 108926 ns, Total: 223745 ns
[2020-09-11T15:39:26.346+0000][1][safepoint    ] Safepoint "CollectForMetadataAllocation", Time since last: 662662178 ns, Reaching safepoint: 118934 ns, At safepoint: 108265 ns, Total: 227199 ns
[2020-09-11T15:39:26.601+0000][1][safepoint    ] Safepoint "CollectForMetadataAllocation", Time since last: 254789399 ns, Reaching safepoint: 120712 ns, At safepoint: 113321 ns, Total: 234033 ns
[2020-09-11T15:39:26.997+0000][1][safepoint    ] Safepoint "CollectForMetadataAllocation", Time since last: 395747179 ns, Reaching safepoint: 130701 ns, At safepoint: 131067 ns, Total: 261768 ns
[2020-09-11T15:39:27.041+0000][1][safepoint    ] Safepoint "RevokeBias", Time since last: 39845270 ns, Reaching safepoint: 3908056 ns, At safepoint: 44436 ns, Total: 3952492 ns
[2020-09-11T15:39:27.041+0000][1][safepoint    ] Safepoint "RevokeBias", Time since last: 234739 ns, Reaching safepoint: 159845 ns, At safepoint: 24508 ns, Total: 184353 ns
[2020-09-11T15:39:27.041+0000][1][safepoint    ] Safepoint "RevokeBias", Time since last: 46800 ns, Reaching safepoint: 87304 ns, At safepoint: 30222 ns, Total: 117526 ns
[2020-09-11T15:39:27.042+0000][1][safepoint    ] Safepoint "RevokeBias", Time since last: 83790 ns, Reaching safepoint: 88737 ns, At safepoint: 21381 ns, Total: 110118 ns
[2020-09-11T15:39:27.045+0000][1][safepoint    ] Safepoint "RevokeBias", Time since last: 129204 ns, Reaching safepoint: 3027160 ns, At safepoint: 36385 ns, Total: 3063545 ns
[2020-09-11T15:39:27.204+0000][1][gc,start     ] GC(63) Pause Initial Mark
[2020-09-11T15:39:27.239+0000][1][gc           ] GC(63) Pause Initial Mark 83M->83M(503M) 34.233ms
[2020-09-11T15:39:27.239+0000][1][gc,cpu       ] GC(63) User=0.01s Sys=0.00s Real=0.03s
[2020-09-11T15:39:27.294+0000][1][safepoint    ] Safepoint "CMS_Initial_Mark", Time since last: 155992470 ns, Reaching safepoint: 3632986 ns, At safepoint: 89873613 ns, Total: 93506599 ns
[2020-09-11T15:39:27.373+0000][1][gc           ] GC(63) Concurrent Mark
[2020-09-11T15:39:27.383+0000][1][safepoint    ] Safepoint "CollectForMetadataAllocation", Time since last: 86488504 ns, Reaching safepoint: 2094812 ns, At safepoint: 143256 ns, Total: 2238068 ns
[2020-09-11T15:39:27.691+0000][1][safepoint    ] Safepoint "RevokeBias", Time since last: 284093303 ns, Reaching safepoint: 23807807 ns, At safepoint: 14204 ns, Total: 23822011 ns
[2020-09-11T15:39:28.036+0000][1][gc           ] GC(63) Concurrent Mark 663.052ms
[2020-09-11T15:39:28.036+0000][1][gc,cpu       ] GC(63) User=0.17s Sys=0.01s Real=0.66s
[2020-09-11T15:39:28.036+0000][1][gc           ] GC(63) Concurrent Preclean
[2020-09-11T15:39:28.074+0000][1][gc           ] GC(63) Concurrent Preclean 37.573ms
[2020-09-11T15:39:28.074+0000][1][gc,cpu       ] GC(63) User=0.00s Sys=0.00s Real=0.04s
[2020-09-11T15:39:28.074+0000][1][gc           ] GC(63) Concurrent Abortable Preclean
[2020-09-11T15:39:28.123+0000][1][safepoint    ] Safepoint "CollectForMetadataAllocation", Time since last: 431559690 ns, Reaching safepoint: 69310 ns, At safepoint: 129166 ns, Total: 198476 ns
[2020-09-11T15:39:28.453+0000][1][safepoint    ] Safepoint "Deoptimize", Time since last: 330066270 ns, Reaching safepoint: 114765 ns, At safepoint: 340603 ns, Total: 455368 ns
[2020-09-11T15:39:28.685+0000][1][safepoint    ] Safepoint "CollectForMetadataAllocation", Time since last: 231551045 ns, Reaching safepoint: 71952 ns, At safepoint: 116579 ns, Total: 188531 ns
[2020-09-11T15:39:29.389+0000][1][safepoint    ] Safepoint "CollectForMetadataAllocation", Time since last: 691787593 ns, Reaching safepoint: 12153125 ns, At safepoint: 128676 ns, Total: 12281801 ns
[2020-09-11T15:39:30.133+0000][1][safepoint    ] Safepoint "RevokeBias", Time since last: 743803566 ns, Reaching safepoint: 81057 ns, At safepoint: 13783 ns, Total: 94840 ns
[2020-09-11T15:39:30.133+0000][1][safepoint    ] Safepoint "RevokeBias", Time since last: 92050 ns, Reaching safepoint: 13146 ns, At safepoint: 7314 ns, Total: 20460 ns
[2020-09-11T15:39:30.134+0000][1][safepoint    ] Safepoint "RevokeBias", Time since last: 362500 ns, Reaching safepoint: 86610 ns, At safepoint: 9373 ns, Total: 95983 ns
[2020-09-11T15:39:30.134+0000][1][safepoint    ] Safepoint "RevokeBias", Time since last: 45941 ns, Reaching safepoint: 11817 ns, At safepoint: 5434 ns, Total: 17251 ns
[2020-09-11T15:39:30.134+0000][1][safepoint    ] Safepoint "RevokeBias", Time since last: 70541 ns, Reaching safepoint: 21119 ns, At safepoint: 5540 ns, Total: 26659 ns
[2020-09-11T15:39:30.134+0000][1][safepoint    ] Safepoint "RevokeBias", Time since last: 30771 ns, Reaching safepoint: 11009 ns, At safepoint: 5361 ns, Total: 16370 ns
[2020-09-11T15:39:30.134+0000][1][safepoint    ] Safepoint "RevokeBias", Time since last: 91187 ns, Reaching safepoint: 11450 ns, At safepoint: 4906 ns, Total: 16356 ns
[2020-09-11T15:39:30.134+0000][1][safepoint    ] Safepoint "RevokeBias", Time since last: 61133 ns, Reaching safepoint: 11041 ns, At safepoint: 5441 ns, Total: 16482 ns
[2020-09-11T15:39:30.134+0000][1][safepoint    ] Safepoint "RevokeBias", Time since last: 41121 ns, Reaching safepoint: 10781 ns, At safepoint: 5432 ns, Total: 16213 ns
[2020-09-11T15:39:30.338+0000][1][safepoint    ] Safepoint "CollectForMetadataAllocation", Time since last: 203856260 ns, Reaching safepoint: 47559 ns, At safepoint: 115799 ns, Total: 163358 ns
[2020-09-11T15:39:31.025+0000][1][safepoint    ] Safepoint "CollectForMetadataAllocation", Time since last: 670878249 ns, Reaching safepoint: 15959060 ns, At safepoint: 119484 ns, Total: 16078544 ns
[2020-09-11T15:39:31.777+0000][1][safepoint    ] Safepoint "CollectForMetadataAllocation", Time since last: 751763980 ns, Reaching safepoint: 84743 ns, At safepoint: 110584 ns, Total: 195327 ns
[2020-09-11T15:39:31.951+0000][1][safepoint    ] Safepoint "CollectForMetadataAllocation", Time since last: 174142049 ns, Reaching safepoint: 118402 ns, At safepoint: 133361 ns, Total: 251763 ns
[2020-09-11T15:39:32.160+0000][1][safepoint    ] Safepoint "CollectForMetadataAllocation", Time since last: 208553118 ns, Reaching safepoint: 107445 ns, At safepoint: 104756 ns, Total: 212201 ns
[2020-09-11T15:39:32.339+0000][1][safepoint    ] Safepoint "CollectForMetadataAllocation", Time since last: 165596327 ns, Reaching safepoint: 12981355 ns, At safepoint: 120992 ns, Total: 13102347 ns
[2020-09-11T15:39:32.543+0000][1][safepoint    ] Safepoint "RevokeBias", Time since last: 193716553 ns, Reaching safepoint: 10470742 ns, At safepoint: 13646 ns, Total: 10484388 ns
[2020-09-11T15:39:32.684+0000][1][safepoint    ] Safepoint "CollectForMetadataAllocation", Time since last: 140390820 ns, Reaching safepoint: 110538 ns, At safepoint: 71561 ns, Total: 182099 ns
[2020-09-11T15:39:32.910+0000][1][safepoint    ] Safepoint "CollectForMetadataAllocation", Time since last: 226432524 ns, Reaching safepoint: 102483 ns, At safepoint: 111511 ns, Total: 213994 ns
[2020-09-11T15:39:33.124+0000][1][gc           ] GC(63) Concurrent Abortable Preclean 5050.547ms
[2020-09-11T15:39:33.124+0000][1][gc,cpu       ] GC(63) User=1.35s Sys=0.00s Real=5.05s
[2020-09-11T15:39:33.133+0000][1][gc,start     ] GC(63) Pause Remark
[2020-09-11T15:39:33.372+0000][1][gc           ] GC(63) Pause Remark 124M->124M(503M) 238.623ms
[2020-09-11T15:39:33.372+0000][1][gc,cpu       ] GC(63) User=0.07s Sys=0.00s Real=0.23s
[2020-09-11T15:39:33.391+0000][1][safepoint    ] Safepoint "CMS_Final_Remark", Time since last: 222597937 ns, Reaching safepoint: 104216 ns, At safepoint: 257917596 ns, Total: 258021812 ns
[2020-09-11T15:39:33.391+0000][1][gc           ] GC(63) Concurrent Sweep
[2020-09-11T15:39:33.501+0000][1][safepoint    ] Safepoint "CollectForMetadataAllocation", Time since last: 94008716 ns, Reaching safepoint: 16125193 ns, At safepoint: 10627 ns, Total: 16135820 ns
[2020-09-11T15:39:33.503+0000][1][safepoint    ] Safepoint "CollectForMetadataAllocation", Time since last: 2175088 ns, Reaching safepoint: 97297 ns, At safepoint: 108051 ns, Total: 205348 ns
[2020-09-11T15:39:33.515+0000][1][gc           ] GC(63) Concurrent Sweep 124.367ms
[2020-09-11T15:39:33.515+0000][1][gc,cpu       ] GC(63) User=0.04s Sys=0.00s Real=0.13s
[2020-09-11T15:39:33.515+0000][1][gc           ] GC(63) Concurrent Reset
[2020-09-11T15:39:33.516+0000][1][gc           ] GC(63) Concurrent Reset 0.645ms
[2020-09-11T15:39:33.516+0000][1][gc,cpu       ] GC(63) User=0.00s Sys=0.00s Real=0.00s
[2020-09-11T15:39:33.516+0000][1][gc,heap      ] GC(63) Old: 56698K->55766K(439104K)
[2020-09-11T15:39:33.602+0000][1][gc,start     ] GC(64) Pause Young (Allocation Failure)
[2020-09-11T15:39:33.602+0000][1][gc,task      ] GC(64) Using 1 workers of 1 for evacuation
[2020-09-11T15:39:33.735+0000][1][gc,age       ] GC(64) Desired survivor size 4358144 bytes, new threshold 2 (max threshold 6)
[2020-09-11T15:39:33.735+0000][1][gc,age       ] GC(64) Age table with threshold 2 (max threshold 6)
[2020-09-11T15:39:33.735+0000][1][gc,age       ] GC(64) - age   1:    3488112 bytes,    3488112 total
[2020-09-11T15:39:33.735+0000][1][gc,age       ] GC(64) - age   2:    1478752 bytes,    4966864 total
[2020-09-11T15:39:33.735+0000][1][gc,age       ] GC(64) - age   3:    2140744 bytes,    7107608 total
[2020-09-11T15:39:33.735+0000][1][gc,heap      ] GC(64) ParNew: 73264K->8126K(76672K)
[2020-09-11T15:39:33.735+0000][1][gc,heap      ] GC(64) CMS: 55766K->55766K(439104K)
[2020-09-11T15:39:33.735+0000][1][gc,metaspace ] GC(64) Metaspace: 66462K->66462K(1110016K)
[2020-09-11T15:39:33.745+0000][1][gc           ] GC(64) Pause Young (Allocation Failure) 126M->62M(503M) 142.918ms
[2020-09-11T15:39:33.745+0000][1][gc,cpu       ] GC(64) User=0.05s Sys=0.00s Real=0.14s
[2020-09-11T15:39:33.745+0000][1][safepoint    ] Safepoint "GenCollectForAllocation", Time since last: 98445034 ns, Reaching safepoint: 102963 ns, At safepoint: 143146707 ns, Total: 143249670 ns
[2020-09-11T15:39:33.778+0000][1][safepoint    ] Safepoint "RevokeBias", Time since last: 32682531 ns, Reaching safepoint: 117414 ns, At safepoint: 16104 ns, Total: 133518 ns
[2020-09-11T15:39:34.454+0000][1][safepoint    ] Safepoint "Deoptimize", Time since last: 675787919 ns, Reaching safepoint: 109265 ns, At safepoint: 360222 ns, Total: 469487 ns
[2020-09-11T15:39:34.493+0000][1][safepoint    ] Safepoint "Deoptimize", Time since last: 38696403 ns, Reaching safepoint: 108918 ns, At safepoint: 342395 ns, Total: 451313 ns
[2020-09-11T15:39:34.805+0000][1][safepoint    ] Safepoint "RevokeBias", Time since last: 311556682 ns, Reaching safepoint: 116839 ns, At safepoint: 48200 ns, Total: 165039 ns
[2020-09-11T15:39:34.805+0000][1][safepoint    ] Safepoint "RevokeBias", Time since last: 224382 ns, Reaching safepoint: 82576 ns, At safepoint: 28305 ns, Total: 110881 ns
[2020-09-11T15:39:34.806+0000][1][safepoint    ] Safepoint "RevokeBias", Time since last: 104690 ns, Reaching safepoint: 80925 ns, At safepoint: 24659 ns, Total: 105584 ns
[2020-09-11T15:39:34.806+0000][1][safepoint    ] Safepoint "RevokeBias", Time since last: 102110 ns, Reaching safepoint: 80037 ns, At safepoint: 22719 ns, Total: 102756 ns
[2020-09-11T15:39:34.830+0000][1][safepoint    ] Safepoint "RevokeBias", Time since last: 23931620 ns, Reaching safepoint: 105181 ns, At safepoint: 40172 ns, Total: 145353 ns
[2020-09-11T15:39:34.831+0000][1][safepoint    ] Safepoint "RevokeBias", Time since last: 743461 ns, Reaching safepoint: 83863 ns, At safepoint: 17441 ns, Total: 101304 ns
[2020-09-11T15:39:34.831+0000][1][safepoint    ] Safepoint "RevokeBias", Time since last: 591777 ns, Reaching safepoint: 84902 ns, At safepoint: 16594 ns, Total: 101496 ns
[2020-09-11T15:39:34.833+0000][1][safepoint    ] Safepoint "RevokeBias", Time since last: 112419 ns, Reaching safepoint: 1325256 ns, At safepoint: 24565 ns, Total: 1349821 ns
[2020-09-11T15:39:34.834+0000][1][safepoint    ] Safepoint "RevokeBias", Time since last: 326488 ns, Reaching safepoint: 380460 ns, At safepoint: 31326 ns, Total: 411786 ns
[2020-09-11T15:39:34.834+0000][1][safepoint    ] Safepoint "RevokeBias", Time since last: 169145 ns, Reaching safepoint: 81043 ns, At safepoint: 21442 ns, Total: 102485 ns
[2020-09-11T15:39:34.835+0000][1][safepoint    ] Safepoint "RevokeBias", Time since last: 597595 ns, Reaching safepoint: 87386 ns, At safepoint: 17656 ns, Total: 105042 ns
[2020-09-11T15:39:34.835+0000][1][safepoint    ] Safepoint "RevokeBias", Time since last: 61483 ns, Reaching safepoint: 85337 ns, At safepoint: 24935 ns, Total: 110272 ns
[2020-09-11T15:39:34.835+0000][1][safepoint    ] Safepoint "RevokeBias", Time since last: 81757 ns, Reaching safepoint: 85613 ns, At safepoint: 22485 ns, Total: 108098 ns
[2020-09-11T15:39:34.852+0000][1][safepoint    ] Safepoint "RevokeBias", Time since last: 17301525 ns, Reaching safepoint: 109344 ns, At safepoint: 28166 ns, Total: 137510 ns
[2020-09-11T15:39:34.853+0000][1][safepoint    ] Safepoint "RevokeBias", Time since last: 271287 ns, Reaching safepoint: 17462 ns, At safepoint: 19685 ns, Total: 37147 ns
[2020-09-11T15:39:34.853+0000][1][safepoint    ] Safepoint "RevokeBias", Time since last: 57000 ns, Reaching safepoint: 14938 ns, At safepoint: 15749 ns, Total: 30687 ns
[2020-09-11T15:39:34.853+0000][1][safepoint    ] Safepoint "RevokeBias", Time since last: 541229 ns, Reaching safepoint: 10912 ns, At safepoint: 16516 ns, Total: 27428 ns
[2020-09-11T15:39:34.853+0000][1][safepoint    ] Safepoint "RevokeBias", Time since last: 76951 ns, Reaching safepoint: 13178 ns, At safepoint: 15533 ns, Total: 28711 ns
[2020-09-11T15:39:34.853+0000][1][safepoint    ] Safepoint "RevokeBias", Time since last: 32318 ns, Reaching safepoint: 10791 ns, At safepoint: 14783 ns, Total: 25574 ns
[2020-09-11T15:39:34.857+0000][1][safepoint    ] Safepoint "RevokeBias", Time since last: 3782112 ns, Reaching safepoint: 102471 ns, At safepoint: 30778 ns, Total: 133249 ns
[2020-09-11T15:39:34.858+0000][1][safepoint    ] Safepoint "RevokeBias", Time since last: 97137 ns, Reaching safepoint: 80503 ns, At safepoint: 17423 ns, Total: 97926 ns
[2020-09-11T15:39:34.866+0000][1][safepoint    ] Safepoint "Deoptimize", Time since last: 8298074 ns, Reaching safepoint: 101578 ns, At safepoint: 345912 ns, Total: 447490 ns
[2020-09-11T15:39:34.881+0000][1][safepoint    ] Safepoint "RevokeBias", Time since last: 12649616 ns, Reaching safepoint: 1872327 ns, At safepoint: 57015 ns, Total: 1929342 ns
[2020-09-11T15:39:34.885+0000][1][safepoint    ] Safepoint "RevokeBias", Time since last: 1002969 ns, Reaching safepoint: 2932168 ns, At safepoint: 61100 ns, Total: 2993268 ns
[2020-09-11T15:39:34.889+0000][1][safepoint    ] Safepoint "RevokeBias", Time since last: 268653 ns, Reaching safepoint: 3693239 ns, At safepoint: 67768 ns, Total: 3761007 ns
[2020-09-11T15:39:34.893+0000][1][safepoint    ] Safepoint "Deoptimize", Time since last: 1317127 ns, Reaching safepoint: 2592693 ns, At safepoint: 361426 ns, Total: 2954119 ns
[2020-09-11T15:39:35.116+0000][1][safepoint    ] Safepoint "RevokeBias", Time since last: 222413420 ns, Reaching safepoint: 257352 ns, At safepoint: 51634 ns, Total: 308986 ns
[2020-09-11T15:39:35.117+0000][1][safepoint    ] Safepoint "RevokeBias", Time since last: 70083 ns, Reaching safepoint: 902255 ns, At safepoint: 36415 ns, Total: 938670 ns
[2020-09-11T15:39:35.117+0000][1][safepoint    ] Safepoint "RevokeBias", Time since last: 53727 ns, Reaching safepoint: 82337 ns, At safepoint: 26333 ns, Total: 108670 ns
[2020-09-11T15:39:35.117+0000][1][safepoint    ] Safepoint "RevokeBias", Time since last: 40233 ns, Reaching safepoint: 82569 ns, At safepoint: 23572 ns, Total: 106141 ns
[2020-09-11T15:39:35.117+0000][1][safepoint    ] Safepoint "RevokeBias", Time since last: 39911 ns, Reaching safepoint: 81786 ns, At safepoint: 25266 ns, Total: 107052 ns
[2020-09-11T15:39:35.123+0000][1][safepoint    ] Safepoint "RevokeBias", Time since last: 5703579 ns, Reaching safepoint: 108919 ns, At safepoint: 43191 ns, Total: 152110 ns
[2020-09-11T15:39:35.123+0000][1][safepoint    ] Safepoint "RevokeBias", Time since last: 63236 ns, Reaching safepoint: 82222 ns, At safepoint: 33312 ns, Total: 115534 ns
[2020-09-11T15:39:35.124+0000][1][safepoint    ] Safepoint "RevokeBias", Time since last: 42578 ns, Reaching safepoint: 80565 ns, At safepoint: 25003 ns, Total: 105568 ns
[2020-09-11T15:39:35.146+0000][1][safepoint    ] Safepoint "RevokeBias", Time since last: 21953411 ns, Reaching safepoint: 108453 ns, At safepoint: 35495 ns, Total: 143948 ns
[2020-09-11T15:39:35.146+0000][1][safepoint    ] Safepoint "RevokeBias", Time since last: 47277 ns, Reaching safepoint: 85663 ns, At safepoint: 19952 ns, Total: 105615 ns
[2020-09-11T15:39:35.174+0000][1][safepoint    ] Safepoint "BulkRevokeBias", Time since last: 27040819 ns, Reaching safepoint: 655838 ns, At safepoint: 107220 ns, Total: 763058 ns
[2020-09-11T15:39:35.183+0000][1][safepoint    ] Safepoint "RevokeBias", Time since last: 9169162 ns, Reaching safepoint: 103868 ns, At safepoint: 55184 ns, Total: 159052 ns
[2020-09-11T15:39:35.185+0000][1][safepoint    ] Safepoint "RevokeBias", Time since last: 1851772 ns, Reaching safepoint: 93929 ns, At safepoint: 48746 ns, Total: 142675 ns
[2020-09-11T15:39:35.185+0000][1][safepoint    ] Safepoint "RevokeBias", Time since last: 71908 ns, Reaching safepoint: 83389 ns, At safepoint: 28923 ns, Total: 112312 ns
[2020-09-11T15:39:35.249+0000][1][safepoint    ] Safepoint "RevokeBias", Time since last: 63947730 ns, Reaching safepoint: 120472 ns, At safepoint: 45702 ns, Total: 166174 ns
[2020-09-11T15:39:35.249+0000][1][safepoint    ] Safepoint "RevokeBias", Time since last: 75159 ns, Reaching safepoint: 83749 ns, At safepoint: 28531 ns, Total: 112280 ns
[2020-09-11T15:39:35.295+0000][1][safepoint    ] Safepoint "RevokeBias", Time since last: 43517119 ns, Reaching safepoint: 1591180 ns, At safepoint: 18795 ns, Total: 1609975 ns
[2020-09-11T15:39:35.295+0000][1][safepoint    ] Safepoint "RevokeBias", Time since last: 125413 ns, Reaching safepoint: 87740 ns, At safepoint: 11449 ns, Total: 99189 ns
[2020-09-11T15:39:35.297+0000][1][safepoint    ] Safepoint "RevokeBias", Time since last: 57190 ns, Reaching safepoint: 1998431 ns, At safepoint: 25736 ns, Total: 2024167 ns
[2020-09-11T15:39:35.297+0000][1][safepoint    ] Safepoint "RevokeBias", Time since last: 163195 ns, Reaching safepoint: 88323 ns, At safepoint: 38148 ns, Total: 126471 ns
[2020-09-11T15:39:35.297+0000][1][safepoint    ] Safepoint "RevokeBias", Time since last: 34176 ns, Reaching safepoint: 83486 ns, At safepoint: 24903 ns, Total: 108389 ns
[2020-09-11T15:39:35.297+0000][1][safepoint    ] Safepoint "RevokeBias", Time since last: 31140 ns, Reaching safepoint: 84053 ns, At safepoint: 39556 ns, Total: 123609 ns
[2020-09-11T15:39:35.309+0000][1][safepoint    ] Safepoint "RevokeBias", Time since last: 3574307 ns, Reaching safepoint: 7845325 ns, At safepoint: 60163 ns, Total: 7905488 ns
[2020-09-11T15:39:35.310+0000][1][safepoint    ] Safepoint "RevokeBias", Time since last: 90424 ns, Reaching safepoint: 897650 ns, At safepoint: 28374 ns, Total: 926024 ns
[2020-09-11T15:39:35.310+0000][1][safepoint    ] Safepoint "RevokeBias", Time since last: 45692 ns, Reaching safepoint: 88961 ns, At safepoint: 24757 ns, Total: 113718 ns
[2020-09-11T15:39:35.318+0000][1][safepoint    ] Safepoint "RevokeBias", Time since last: 2643910 ns, Reaching safepoint: 5309029 ns, At safepoint: 21526 ns, Total: 5330555 ns
[2020-09-11T15:39:35.333+0000][1][safepoint    ] Safepoint "RevokeBias", Time since last: 14492367 ns, Reaching safepoint: 243156 ns, At safepoint: 18183 ns, Total: 261339 ns
[2020-09-11T15:39:35.333+0000][1][safepoint    ] Safepoint "RevokeBias", Time since last: 68043 ns, Reaching safepoint: 87043 ns, At safepoint: 11796 ns, Total: 98839 ns
[2020-09-11T15:39:35.349+0000][1][safepoint    ] Safepoint "RevokeBias", Time since last: 15852799 ns, Reaching safepoint: 266565 ns, At safepoint: 52323 ns, Total: 318888 ns
[2020-09-11T15:39:35.349+0000][1][safepoint    ] Safepoint "RevokeBias", Time since last: 84262 ns, Reaching safepoint: 93445 ns, At safepoint: 29460 ns, Total: 122905 ns
[2020-09-11T15:39:35.554+0000][1][safepoint    ] Safepoint "RevokeBias", Time since last: 204242299 ns, Reaching safepoint: 121049 ns, At safepoint: 26918 ns, Total: 147967 ns
[2020-09-11T15:39:35.557+0000][1][safepoint    ] Safepoint "RevokeBias", Time since last: 3071272 ns, Reaching safepoint: 103250 ns, At safepoint: 21662 ns, Total: 124912 ns
[2020-09-11T15:39:35.557+0000][1][safepoint    ] Safepoint "RevokeBias", Time since last: 148601 ns, Reaching safepoint: 83308 ns, At safepoint: 15526 ns, Total: 98834 ns
[2020-09-11T15:39:35.579+0000][1][safepoint    ] Safepoint "RevokeBias", Time since last: 12850876 ns, Reaching safepoint: 9091041 ns, At safepoint: 34881 ns, Total: 9125922 ns
[2020-09-11T15:39:35.585+0000][1][safepoint    ] Safepoint "RevokeBias", Time since last: 5690089 ns, Reaching safepoint: 113131 ns, At safepoint: 25944 ns, Total: 139075 ns
[2020-09-11T15:39:35.585+0000][1][safepoint    ] Safepoint "RevokeBias", Time since last: 64606 ns, Reaching safepoint: 85226 ns, At safepoint: 22594 ns, Total: 107820 ns
[2020-09-11T15:39:35.586+0000][1][safepoint    ] Safepoint "RevokeBias", Time since last: 515499 ns, Reaching safepoint: 86203 ns, At safepoint: 16240 ns, Total: 102443 ns
[2020-09-11T15:39:35.586+0000][1][safepoint    ] Safepoint "RevokeBias", Time since last: 150286 ns, Reaching safepoint: 84100 ns, At safepoint: 21094 ns, Total: 105194 ns
[2020-09-11T15:39:35.586+0000][1][safepoint    ] Safepoint "RevokeBias", Time since last: 33528 ns, Reaching safepoint: 82788 ns, At safepoint: 23413 ns, Total: 106201 ns
[2020-09-11T15:39:35.586+0000][1][safepoint    ] Safepoint "RevokeBias", Time since last: 82101 ns, Reaching safepoint: 83079 ns, At safepoint: 22906 ns, Total: 105985 ns
[2020-09-11T15:39:35.587+0000][1][safepoint    ] Safepoint "RevokeBias", Time since last: 99423 ns, Reaching safepoint: 89820 ns, At safepoint: 24352 ns, Total: 114172 ns
[2020-09-11T15:39:35.587+0000][1][safepoint    ] Safepoint "RevokeBias", Time since last: 32440 ns, Reaching safepoint: 83787 ns, At safepoint: 22797 ns, Total: 106584 ns
[2020-09-11T15:39:35.593+0000][1][safepoint    ] Safepoint "RevokeBias", Time since last: 6202203 ns, Reaching safepoint: 118296 ns, At safepoint: 31696 ns, Total: 149992 ns
[2020-09-11T15:39:35.593+0000][1][safepoint    ] Safepoint "RevokeBias", Time since last: 274410 ns, Reaching safepoint: 84655 ns, At safepoint: 10655 ns, Total: 95310 ns
[2020-09-11T15:39:35.594+0000][1][safepoint    ] Safepoint "RevokeBias", Time since last: 85529 ns, Reaching safepoint: 80648 ns, At safepoint: 9496 ns, Total: 90144 ns
[2020-09-11T15:39:35.594+0000][1][safepoint    ] Safepoint "RevokeBias", Time since last: 80360 ns, Reaching safepoint: 79827 ns, At safepoint: 19805 ns, Total: 99632 ns
[2020-09-11T15:39:35.612+0000][1][safepoint    ] Safepoint "RevokeBias", Time since last: 17591751 ns, Reaching safepoint: 108847 ns, At safepoint: 21507 ns, Total: 130354 ns
[2020-09-11T15:39:35.612+0000][1][safepoint    ] Safepoint "RevokeBias", Time since last: 91985 ns, Reaching safepoint: 82792 ns, At safepoint: 13763 ns, Total: 96555 ns
[2020-09-11T15:39:35.752+0000][1][safepoint    ] Safepoint "RevokeBias", Time since last: 139614769 ns, Reaching safepoint: 462194 ns, At safepoint: 48641 ns, Total: 510835 ns
[2020-09-11T15:39:35.799+0000][1][safepoint    ] Safepoint "RevokeBias", Time since last: 47293885 ns, Reaching safepoint: 126057 ns, At safepoint: 38207 ns, Total: 164264 ns
[2020-09-11T15:39:35.799+0000][1][safepoint    ] Safepoint "RevokeBias", Time since last: 85088 ns, Reaching safepoint: 83544 ns, At safepoint: 18801 ns, Total: 102345 ns
[2020-09-11T15:39:35.800+0000][1][safepoint    ] Safepoint "RevokeBias", Time since last: 39717 ns, Reaching safepoint: 80707 ns, At safepoint: 16660 ns, Total: 97367 ns
[2020-09-11T15:39:35.800+0000][1][safepoint    ] Safepoint "RevokeBias", Time since last: 30907 ns, Reaching safepoint: 81733 ns, At safepoint: 24212 ns, Total: 105945 ns
[2020-09-11T15:39:35.800+0000][1][safepoint    ] Safepoint "RevokeBias", Time since last: 29334 ns, Reaching safepoint: 80396 ns, At safepoint: 16143 ns, Total: 96539 ns
[2020-09-11T15:39:35.800+0000][1][safepoint    ] Safepoint "RevokeBias", Time since last: 239982 ns, Reaching safepoint: 82766 ns, At safepoint: 17212 ns, Total: 99978 ns
[2020-09-11T15:39:35.800+0000][1][safepoint    ] Safepoint "RevokeBias", Time since last: 31771 ns, Reaching safepoint: 80782 ns, At safepoint: 20599 ns, Total: 101381 ns
[2020-09-11T15:39:35.800+0000][1][safepoint    ] Safepoint "RevokeBias", Time since last: 29107 ns, Reaching safepoint: 82173 ns, At safepoint: 24342 ns, Total: 106515 ns
[2020-09-11T15:39:35.929+0000][1][safepoint    ] Safepoint "RevokeBias", Time since last: 128418407 ns, Reaching safepoint: 123438 ns, At safepoint: 23593 ns, Total: 147031 ns
[2020-09-11T15:39:35.929+0000][1][safepoint    ] Safepoint "BulkRevokeBias", Time since last: 80022 ns, Reaching safepoint: 81757 ns, At safepoint: 78293 ns, Total: 160050 ns
[2020-09-11T15:39:35.938+0000][1][safepoint    ] Safepoint "RevokeBias", Time since last: 8117067 ns, Reaching safepoint: 250702 ns, At safepoint: 34159 ns, Total: 284861 ns
[2020-09-11T15:39:35.998+0000][1][safepoint    ] Safepoint "RevokeBias", Time since last: 59084228 ns, Reaching safepoint: 990362 ns, At safepoint: 38051 ns, Total: 1028413 ns
[2020-09-11T15:39:35.998+0000][1][safepoint    ] Safepoint "RevokeBias", Time since last: 65088 ns, Reaching safepoint: 89121 ns, At safepoint: 25179 ns, Total: 114300 ns
[2020-09-11T15:39:35.998+0000][1][safepoint    ] Safepoint "RevokeBias", Time since last: 40166 ns, Reaching safepoint: 87050 ns, At safepoint: 27889 ns, Total: 114939 ns
[2020-09-11T15:39:36.002+0000][1][safepoint    ] Safepoint "RevokeBias", Time since last: 63192 ns, Reaching safepoint: 4115887 ns, At safepoint: 48905 ns, Total: 4164792 ns
[2020-09-11T15:39:36.292+0000][1][safepoint    ] Safepoint "RevokeBias", Time since last: 289079626 ns, Reaching safepoint: 464871 ns, At safepoint: 28219 ns, Total: 493090 ns
[2020-09-11T15:39:36.681+0000][1][safepoint    ] Safepoint "RevokeBias", Time since last: 389329702 ns, Reaching safepoint: 113873 ns, At safepoint: 28247 ns, Total: 142120 ns
[2020-09-11T15:39:36.773+0000][1][safepoint    ] Safepoint "RevokeBias", Time since last: 91814296 ns, Reaching safepoint: 137297 ns, At safepoint: 24380 ns, Total: 161677 ns
[2020-09-11T15:39:36.781+0000][1][safepoint    ] Safepoint "RevokeBias", Time since last: 7251626 ns, Reaching safepoint: 37409 ns, At safepoint: 24670 ns, Total: 62079 ns
[2020-09-11T15:39:36.787+0000][1][safepoint    ] Safepoint "RevokeBias", Time since last: 6097910 ns, Reaching safepoint: 116007 ns, At safepoint: 36799 ns, Total: 152806 ns
[2020-09-11T15:39:36.787+0000][1][safepoint    ] Safepoint "RevokeBias", Time since last: 67109 ns, Reaching safepoint: 87710 ns, At safepoint: 23898 ns, Total: 111608 ns
[2020-09-11T15:39:36.797+0000][1][safepoint    ] Safepoint "RevokeBias", Time since last: 9553937 ns, Reaching safepoint: 113413 ns, At safepoint: 29161 ns, Total: 142574 ns
[2020-09-11T15:39:36.797+0000][1][safepoint    ] Safepoint "RevokeBias", Time since last: 221843 ns, Reaching safepoint: 88116 ns, At safepoint: 21289 ns, Total: 109405 ns
[2020-09-11T15:39:36.857+0000][1][safepoint    ] Safepoint "RevokeBias", Time since last: 59179591 ns, Reaching safepoint: 470253 ns, At safepoint: 55535 ns, Total: 525788 ns
[2020-09-11T15:39:37.297+0000][1][safepoint    ] Safepoint "RevokeBias", Time since last: 439926488 ns, Reaching safepoint: 128785 ns, At safepoint: 16150 ns, Total: 144935 ns
[2020-09-11T15:39:37.297+0000][1][safepoint    ] Safepoint "RevokeBias", Time since last: 450463 ns, Reaching safepoint: 88409 ns, At safepoint: 11397 ns, Total: 99806 ns
[2020-09-11T15:39:37.298+0000][1][safepoint    ] Safepoint "RevokeBias", Time since last: 41214 ns, Reaching safepoint: 83061 ns, At safepoint: 10468 ns, Total: 93529 ns
[2020-09-11T15:39:37.341+0000][1][safepoint    ] Safepoint "RevokeBias", Time since last: 34085358 ns, Reaching safepoint: 9124602 ns, At safepoint: 32007 ns, Total: 9156609 ns
[2020-09-11T15:39:37.349+0000][1][safepoint    ] Safepoint "RevokeBias", Time since last: 7763977 ns, Reaching safepoint: 127733 ns, At safepoint: 19475 ns, Total: 147208 ns
[2020-09-11T15:39:37.389+0000][1][safepoint    ] Safepoint "RevokeBias", Time since last: 32407829 ns, Reaching safepoint: 7811561 ns, At safepoint: 37473 ns, Total: 7849034 ns
[2020-09-11T15:39:37.402+0000][1][safepoint    ] Safepoint "RevokeBias", Time since last: 471777 ns, Reaching safepoint: 12705782 ns, At safepoint: 35500 ns, Total: 12741282 ns
[2020-09-11T15:39:37.413+0000][1][safepoint    ] Safepoint "RevokeBias", Time since last: 4258877 ns, Reaching safepoint: 6448443 ns, At safepoint: 46758 ns, Total: 6495201 ns
[2020-09-11T15:39:37.413+0000][1][safepoint    ] Safepoint "RevokeBias", Time since last: 255908 ns, Reaching safepoint: 92100 ns, At safepoint: 26975 ns, Total: 119075 ns
[2020-09-11T15:39:37.417+0000][1][safepoint    ] Safepoint "RevokeBias", Time since last: 2931673 ns, Reaching safepoint: 185673 ns, At safepoint: 20370 ns, Total: 206043 ns
[2020-09-11T15:39:37.430+0000][1][safepoint    ] Safepoint "RevokeBias", Time since last: 10043541 ns, Reaching safepoint: 3560064 ns, At safepoint: 30461 ns, Total: 3590525 ns
[2020-09-11T15:39:37.465+0000][1][safepoint    ] Safepoint "RevokeBias", Time since last: 1112473 ns, Reaching safepoint: 33668566 ns, At safepoint: 21032 ns, Total: 33689598 ns
[2020-09-11T15:39:37.493+0000][1][safepoint    ] Safepoint "RevokeBias", Time since last: 524662 ns, Reaching safepoint: 27473573 ns, At safepoint: 23633 ns, Total: 27497206 ns
[2020-09-11T15:39:37.494+0000][1][safepoint    ] Safepoint "RevokeBias", Time since last: 747647 ns, Reaching safepoint: 87916 ns, At safepoint: 11104 ns, Total: 99020 ns
[2020-09-11T15:39:37.508+0000][1][safepoint    ] Safepoint "RevokeBias", Time since last: 13764823 ns, Reaching safepoint: 121289 ns, At safepoint: 20144 ns, Total: 141433 ns
[2020-09-11T15:39:37.514+0000][1][safepoint    ] Safepoint "RevokeBias", Time since last: 5892168 ns, Reaching safepoint: 110712 ns, At safepoint: 20911 ns, Total: 131623 ns
[2020-09-11T15:39:37.529+0000][1][safepoint    ] Safepoint "RevokeBias", Time since last: 10984307 ns, Reaching safepoint: 4167100 ns, At safepoint: 23441 ns, Total: 4190541 ns
[2020-09-11T15:39:37.529+0000][1][safepoint    ] Safepoint "RevokeBias", Time since last: 79270 ns, Reaching safepoint: 89145 ns, At safepoint: 12706 ns, Total: 101851 ns
[2020-09-11T15:39:37.554+0000][1][safepoint    ] Safepoint "RevokeBias", Time since last: 24942767 ns, Reaching safepoint: 115468 ns, At safepoint: 26976 ns, Total: 142444 ns
[2020-09-11T15:39:37.555+0000][1][safepoint    ] Safepoint "RevokeBias", Time since last: 343447 ns, Reaching safepoint: 87286 ns, At safepoint: 15462 ns, Total: 102748 ns
[2020-09-11T15:39:37.555+0000][1][safepoint    ] Safepoint "RevokeBias", Time since last: 67130 ns, Reaching safepoint: 83427 ns, At safepoint: 13522 ns, Total: 96949 ns
[2020-09-11T15:39:37.555+0000][1][safepoint    ] Safepoint "RevokeBias", Time since last: 68943 ns, Reaching safepoint: 83222 ns, At safepoint: 12975 ns, Total: 96197 ns
[2020-09-11T15:39:37.569+0000][1][safepoint    ] Safepoint "RevokeBias", Time since last: 13609242 ns, Reaching safepoint: 107917 ns, At safepoint: 22114 ns, Total: 130031 ns
[2020-09-11T15:39:37.576+0000][1][safepoint    ] Safepoint "RevokeBias", Time since last: 7041252 ns, Reaching safepoint: 110646 ns, At safepoint: 21734 ns, Total: 132380 ns
[2020-09-11T15:39:37.649+0000][1][safepoint    ] Safepoint "RevokeBias", Time since last: 68898704 ns, Reaching safepoint: 4046126 ns, At safepoint: 28843 ns, Total: 4074969 ns
[2020-09-11T15:39:37.665+0000][1][safepoint    ] Safepoint "RevokeBias", Time since last: 14057420 ns, Reaching safepoint: 1900834 ns, At safepoint: 41647 ns, Total: 1942481 ns
[2020-09-11T15:39:37.976+0000][1][safepoint    ] Safepoint "RevokeBias", Time since last: 311209086 ns, Reaching safepoint: 121118 ns, At safepoint: 21957 ns, Total: 143075 ns
[2020-09-11T15:39:38.177+0000][1][safepoint    ] Safepoint "RevokeBias", Time since last: 200596834 ns, Reaching safepoint: 522328 ns, At safepoint: 25315 ns, Total: 547643 ns
[2020-09-11T15:39:38.178+0000][1][safepoint    ] Safepoint "RevokeBias", Time since last: 84103 ns, Reaching safepoint: 87518 ns, At safepoint: 12314 ns, Total: 99832 ns
[2020-09-11T15:39:38.220+0000][1][safepoint    ] Safepoint "RevokeBias", Time since last: 42779540 ns, Reaching safepoint: 108737 ns, At safepoint: 23932 ns, Total: 132669 ns
[2020-09-11T15:39:38.239+0000][1][safepoint    ] Safepoint "RevokeBias", Time since last: 8160372 ns, Reaching safepoint: 9959764 ns, At safepoint: 19398 ns, Total: 9979162 ns
[2020-09-11T15:39:38.239+0000][1][safepoint    ] Safepoint "RevokeBias", Time since last: 745826 ns, Reaching safepoint: 22446 ns, At safepoint: 10751 ns, Total: 33197 ns
[2020-09-11T15:39:38.339+0000][1][safepoint    ] Safepoint "RevokeBias", Time since last: 83636433 ns, Reaching safepoint: 16351440 ns, At safepoint: 25219 ns, Total: 16376659 ns
[2020-09-11T15:39:38.385+0000][1][safepoint    ] Safepoint "RevokeBias", Time since last: 44554263 ns, Reaching safepoint: 1072334 ns, At safepoint: 30021 ns, Total: 1102355 ns
[2020-09-11T15:39:38.394+0000][1][safepoint    ] Safepoint "RevokeBias", Time since last: 8322802 ns, Reaching safepoint: 450160 ns, At safepoint: 20681 ns, Total: 470841 ns
[2020-09-11T15:39:38.394+0000][1][safepoint    ] Safepoint "RevokeBias", Time since last: 65086 ns, Reaching safepoint: 88457 ns, At safepoint: 15296 ns, Total: 103753 ns
[2020-09-11T15:39:38.657+0000][1][safepoint    ] Safepoint "RevokeBias", Time since last: 253480728 ns, Reaching safepoint: 9339220 ns, At safepoint: 22962 ns, Total: 9362182 ns
[2020-09-11T15:39:38.838+0000][1][safepoint    ] Safepoint "RevokeBias", Time since last: 180937383 ns, Reaching safepoint: 128002 ns, At safepoint: 22808 ns, Total: 150810 ns
[2020-09-11T15:39:38.869+0000][1][safepoint    ] Safepoint "RevokeBias", Time since last: 30873750 ns, Reaching safepoint: 118771 ns, At safepoint: 17309 ns, Total: 136080 ns
[2020-09-11T15:39:38.883+0000][1][safepoint    ] Safepoint "RevokeBias", Time since last: 13716513 ns, Reaching safepoint: 815633 ns, At safepoint: 21204 ns, Total: 836837 ns
[2020-09-11T15:39:38.912+0000][1][safepoint    ] Safepoint "RevokeBias", Time since last: 28044343 ns, Reaching safepoint: 117995 ns, At safepoint: 18827 ns, Total: 136822 ns
[2020-09-11T15:39:39.055+0000][1][safepoint    ] Safepoint "RevokeBias", Time since last: 137524347 ns, Reaching safepoint: 5762093 ns, At safepoint: 31581 ns, Total: 5793674 ns
[2020-09-11T15:39:39.057+0000][1][safepoint    ] Safepoint "RevokeBias", Time since last: 385012 ns, Reaching safepoint: 1424173 ns, At safepoint: 20710 ns, Total: 1444883 ns
[2020-09-11T15:39:39.067+0000][1][safepoint    ] Safepoint "RevokeBias", Time since last: 9627324 ns, Reaching safepoint: 120455 ns, At safepoint: 34185 ns, Total: 154640 ns
[2020-09-11T15:39:39.067+0000][1][safepoint    ] Safepoint "RevokeBias", Time since last: 459627 ns, Reaching safepoint: 92133 ns, At safepoint: 23167 ns, Total: 115300 ns
[2020-09-11T15:39:39.075+0000][1][safepoint    ] Safepoint "RevokeBias", Time since last: 7312603 ns, Reaching safepoint: 118917 ns, At safepoint: 31687 ns, Total: 150604 ns
[2020-09-11T15:39:39.075+0000][1][safepoint    ] Safepoint "RevokeBias", Time since last: 269026 ns, Reaching safepoint: 90097 ns, At safepoint: 23035 ns, Total: 113132 ns
[2020-09-11T15:39:39.075+0000][1][safepoint    ] Safepoint "RevokeBias", Time since last: 80558 ns, Reaching safepoint: 88085 ns, At safepoint: 20652 ns, Total: 108737 ns
[2020-09-11T15:39:39.075+0000][1][safepoint    ] Safepoint "RevokeBias", Time since last: 125975 ns, Reaching safepoint: 89245 ns, At safepoint: 19380 ns, Total: 108625 ns
[2020-09-11T15:39:39.076+0000][1][safepoint    ] Safepoint "RevokeBias", Time since last: 544205 ns, Reaching safepoint: 102322 ns, At safepoint: 44198 ns, Total: 146520 ns
[2020-09-11T15:39:39.082+0000][1][safepoint    ] Safepoint "RevokeBias", Time since last: 5842573 ns, Reaching safepoint: 135194 ns, At safepoint: 56244 ns, Total: 191438 ns
[2020-09-11T15:39:39.103+0000][1][safepoint    ] Safepoint "RevokeBias", Time since last: 16951549 ns, Reaching safepoint: 3642440 ns, At safepoint: 39271 ns, Total: 3681711 ns
[2020-09-11T15:39:39.104+0000][1][safepoint    ] Safepoint "RevokeBias", Time since last: 450497 ns, Reaching safepoint: 942065 ns, At safepoint: 35986 ns, Total: 978051 ns
[2020-09-11T15:39:39.112+0000][1][safepoint    ] Safepoint "RevokeBias", Time since last: 2816553 ns, Reaching safepoint: 4565332 ns, At safepoint: 46422 ns, Total: 4611754 ns
[2020-09-11T15:39:39.119+0000][1][safepoint    ] Safepoint "RevokeBias", Time since last: 6005925 ns, Reaching safepoint: 1007827 ns, At safepoint: 33541 ns, Total: 1041368 ns
[2020-09-11T15:39:39.119+0000][1][safepoint    ] Safepoint "RevokeBias", Time since last: 320233 ns, Reaching safepoint: 93589 ns, At safepoint: 39865 ns, Total: 133454 ns
[2020-09-11T15:39:39.119+0000][1][safepoint    ] Safepoint "RevokeBias", Time since last: 132047 ns, Reaching safepoint: 91066 ns, At safepoint: 35409 ns, Total: 126475 ns
[2020-09-11T15:39:39.126+0000][1][safepoint    ] Safepoint "RevokeBias", Time since last: 6123192 ns, Reaching safepoint: 112921 ns, At safepoint: 14963 ns, Total: 127884 ns
[2020-09-11T15:39:39.137+0000][1][safepoint    ] Safepoint "RevokeBias", Time since last: 10863893 ns, Reaching safepoint: 118566 ns, At safepoint: 15845 ns, Total: 134411 ns
[2020-09-11T15:39:39.183+0000][1][safepoint    ] Safepoint "RevokeBias", Time since last: 46274666 ns, Reaching safepoint: 202357 ns, At safepoint: 19047 ns, Total: 221404 ns
[2020-09-11T15:39:39.185+0000][1][safepoint    ] Safepoint "RevokeBias", Time since last: 929833 ns, Reaching safepoint: 695612 ns, At safepoint: 16027 ns, Total: 711639 ns
[2020-09-11T15:39:39.189+0000][1][safepoint    ] Safepoint "RevokeBias", Time since last: 253819 ns, Reaching safepoint: 3776725 ns, At safepoint: 27933 ns, Total: 3804658 ns
[2020-09-11T15:39:39.193+0000][1][safepoint    ] Safepoint "RevokeBias", Time since last: 697599 ns, Reaching safepoint: 3321131 ns, At safepoint: 17800 ns, Total: 3338931 ns
[2020-09-11T15:39:39.196+0000][1][safepoint    ] Safepoint "RevokeBias", Time since last: 2016659 ns, Reaching safepoint: 1219193 ns, At safepoint: 17793 ns, Total: 1236986 ns
[2020-09-11T15:39:39.253+0000][1][safepoint    ] Safepoint "RevokeBias", Time since last: 50032214 ns, Reaching safepoint: 6639178 ns, At safepoint: 26025 ns, Total: 6665203 ns
[2020-09-11T15:39:39.253+0000][1][safepoint    ] Safepoint "RevokeBias", Time since last: 324252 ns, Reaching safepoint: 96477 ns, At safepoint: 14968 ns, Total: 111445 ns
[2020-09-11T15:39:39.254+0000][1][safepoint    ] Safepoint "RevokeBias", Time since last: 131310 ns, Reaching safepoint: 90654 ns, At safepoint: 12553 ns, Total: 103207 ns
[2020-09-11T15:39:39.254+0000][1][safepoint    ] Safepoint "RevokeBias", Time since last: 148821 ns, Reaching safepoint: 88542 ns, At safepoint: 11534 ns, Total: 100076 ns
[2020-09-11T15:39:39.254+0000][1][safepoint    ] Safepoint "RevokeBias", Time since last: 72022 ns, Reaching safepoint: 84670 ns, At safepoint: 11272 ns, Total: 95942 ns
[2020-09-11T15:39:39.257+0000][1][safepoint    ] Safepoint "RevokeBias", Time since last: 2854337 ns, Reaching safepoint: 103040 ns, At safepoint: 16726 ns, Total: 119766 ns
[2020-09-11T15:39:39.257+0000][1][safepoint    ] Safepoint "RevokeBias", Time since last: 142382 ns, Reaching safepoint: 91888 ns, At safepoint: 12824 ns, Total: 104712 ns
[2020-09-11T15:39:39.257+0000][1][safepoint    ] Safepoint "RevokeBias", Time since last: 205283 ns, Reaching safepoint: 90476 ns, At safepoint: 12079 ns, Total: 102555 ns
[2020-09-11T15:39:39.258+0000][1][safepoint    ] Safepoint "RevokeBias", Time since last: 267173 ns, Reaching safepoint: 89537 ns, At safepoint: 11174 ns, Total: 100711 ns
[2020-09-11T15:39:39.261+0000][1][safepoint    ] Safepoint "RevokeBias", Time since last: 2927816 ns, Reaching safepoint: 95455 ns, At safepoint: 13512 ns, Total: 108967 ns
[2020-09-11T15:39:39.261+0000][1][safepoint    ] Safepoint "RevokeBias", Time since last: 122921 ns, Reaching safepoint: 260651 ns, At safepoint: 13264 ns, Total: 273915 ns
[2020-09-11T15:39:39.262+0000][1][safepoint    ] Safepoint "RevokeBias", Time since last: 195005 ns, Reaching safepoint: 85926 ns, At safepoint: 11003 ns, Total: 96929 ns
[2020-09-11T15:39:39.290+0000][1][safepoint    ] Safepoint "RevokeBias", Time since last: 21164848 ns, Reaching safepoint: 7255475 ns, At safepoint: 18940 ns, Total: 7274415 ns
[2020-09-11T15:39:39.307+0000][1][safepoint    ] Safepoint "RevokeBias", Time since last: 16777731 ns, Reaching safepoint: 105707 ns, At safepoint: 13179 ns, Total: 118886 ns
[2020-09-11T15:39:39.308+0000][1][safepoint    ] Safepoint "RevokeBias", Time since last: 803961 ns, Reaching safepoint: 108257 ns, At safepoint: 11669 ns, Total: 119926 ns
[2020-09-11T15:39:39.317+0000][1][safepoint    ] Safepoint "RevokeBias", Time since last: 8959525 ns, Reaching safepoint: 517363 ns, At safepoint: 15575 ns, Total: 532938 ns
[2020-09-11T15:39:39.334+0000][1][safepoint    ] Safepoint "RevokeBias", Time since last: 8568471 ns, Reaching safepoint: 7934658 ns, At safepoint: 19874 ns, Total: 7954532 ns
[2020-09-11T15:39:39.335+0000][1][safepoint    ] Safepoint "RevokeBias", Time since last: 688626 ns, Reaching safepoint: 91358 ns, At safepoint: 11156 ns, Total: 102514 ns
[2020-09-11T15:39:39.335+0000][1][safepoint    ] Safepoint "RevokeBias", Time since last: 72857 ns, Reaching safepoint: 84706 ns, At safepoint: 12869 ns, Total: 97575 ns
[2020-09-11T15:39:39.335+0000][1][safepoint    ] Safepoint "BulkRevokeBias", Time since last: 223650 ns, Reaching safepoint: 88757 ns, At safepoint: 126543 ns, Total: 215300 ns
[2020-09-11T15:39:39.358+0000][1][safepoint    ] Safepoint "RevokeBias", Time since last: 21552627 ns, Reaching safepoint: 797192 ns, At safepoint: 17295 ns, Total: 814487 ns
[2020-09-11T15:39:39.474+0000][1][gc,start     ] GC(65) Pause Young (Allocation Failure)
[2020-09-11T15:39:39.474+0000][1][gc,task      ] GC(65) Using 1 workers of 1 for evacuation
[2020-09-11T15:39:39.602+0000][1][gc,age       ] GC(65) Desired survivor size 4358144 bytes, new threshold 2 (max threshold 6)
[2020-09-11T15:39:39.602+0000][1][gc,age       ] GC(65) Age table with threshold 2 (max threshold 6)
[2020-09-11T15:39:39.602+0000][1][gc,age       ] GC(65) - age   1:    2216512 bytes,    2216512 total
[2020-09-11T15:39:39.602+0000][1][gc,age       ] GC(65) - age   2:    3416552 bytes,    5633064 total
[2020-09-11T15:39:39.602+0000][1][gc,heap      ] GC(65) ParNew: 76286K->6221K(76672K)
[2020-09-11T15:39:39.602+0000][1][gc,heap      ] GC(65) CMS: 55766K->59380K(439104K)
[2020-09-11T15:39:39.602+0000][1][gc,metaspace ] GC(65) Metaspace: 73738K->73738K(1118208K)
[2020-09-11T15:39:39.602+0000][1][gc           ] GC(65) Pause Young (Allocation Failure) 128M->64M(503M) 128.277ms
[2020-09-11T15:39:39.602+0000][1][gc,cpu       ] GC(65) User=0.03s Sys=0.00s Real=0.13s
[2020-09-11T15:39:39.701+0000][1][safepoint    ] Safepoint "GenCollectForAllocation", Time since last: 116544893 ns, Reaching safepoint: 47922 ns, At safepoint: 226604961 ns, Total: 226652883 ns
[2020-09-11T15:39:39.873+0000][1][safepoint    ] Safepoint "BulkRevokeBias", Time since last: 171984616 ns, Reaching safepoint: 130105 ns, At safepoint: 145227 ns, Total: 275332 ns
[2020-09-11T15:39:39.874+0000][1][safepoint    ] Safepoint "RevokeBias", Time since last: 618577 ns, Reaching safepoint: 92279 ns, At safepoint: 43190 ns, Total: 135469 ns
[2020-09-11T15:39:40.313+0000][1][safepoint    ] Safepoint "RevokeBias", Time since last: 436671564 ns, Reaching safepoint: 2343933 ns, At safepoint: 25559 ns, Total: 2369492 ns
[2020-09-11T15:39:40.385+0000][1][safepoint    ] Safepoint "RevokeBias", Time since last: 56572621 ns, Reaching safepoint: 15409017 ns, At safepoint: 29661 ns, Total: 15438678 ns
[2020-09-11T15:39:40.385+0000][1][safepoint    ] Safepoint "RevokeBias", Time since last: 262477 ns, Reaching safepoint: 89318 ns, At safepoint: 11638 ns, Total: 100956 ns
[2020-09-11T15:39:40.386+0000][1][safepoint    ] Safepoint "RevokeBias", Time since last: 300679 ns, Reaching safepoint: 88834 ns, At safepoint: 10375 ns, Total: 99209 ns
[2020-09-11T15:39:40.386+0000][1][safepoint    ] Safepoint "RevokeBias", Time since last: 83994 ns, Reaching safepoint: 85326 ns, At safepoint: 10545 ns, Total: 95871 ns
[2020-09-11T15:39:40.389+0000][1][safepoint    ] Safepoint "RevokeBias", Time since last: 2970355 ns, Reaching safepoint: 98294 ns, At safepoint: 14133 ns, Total: 112427 ns
[2020-09-11T15:39:40.389+0000][1][safepoint    ] Safepoint "RevokeBias", Time since last: 121805 ns, Reaching safepoint: 86180 ns, At safepoint: 10469 ns, Total: 96649 ns
[2020-09-11T15:39:40.389+0000][1][safepoint    ] Safepoint "RevokeBias", Time since last: 164490 ns, Reaching safepoint: 86089 ns, At safepoint: 10369 ns, Total: 96458 ns
[2020-09-11T15:39:40.390+0000][1][safepoint    ] Safepoint "RevokeBias", Time since last: 89708 ns, Reaching safepoint: 85440 ns, At safepoint: 10089 ns, Total: 95529 ns
[2020-09-11T15:39:40.390+0000][1][safepoint    ] Safepoint "RevokeBias", Time since last: 117186 ns, Reaching safepoint: 85541 ns, At safepoint: 10975 ns, Total: 96516 ns
[2020-09-11T15:39:40.390+0000][1][safepoint    ] Safepoint "RevokeBias", Time since last: 72265 ns, Reaching safepoint: 84873 ns, At safepoint: 10859 ns, Total: 95732 ns
[2020-09-11T15:39:40.390+0000][1][safepoint    ] Safepoint "RevokeBias", Time since last: 116894 ns, Reaching safepoint: 91831 ns, At safepoint: 21688 ns, Total: 113519 ns
[2020-09-11T15:39:40.390+0000][1][safepoint    ] Safepoint "RevokeBias", Time since last: 87560 ns, Reaching safepoint: 85780 ns, At safepoint: 9894 ns, Total: 95674 ns
[2020-09-11T15:39:40.391+0000][1][safepoint    ] Safepoint "RevokeBias", Time since last: 111242 ns, Reaching safepoint: 84984 ns, At safepoint: 9726 ns, Total: 94710 ns
[2020-09-11T15:39:40.391+0000][1][safepoint    ] Safepoint "RevokeBias", Time since last: 69997 ns, Reaching safepoint: 85437 ns, At safepoint: 11050 ns, Total: 96487 ns
[2020-09-11T15:39:40.391+0000][1][safepoint    ] Safepoint "RevokeBias", Time since last: 110530 ns, Reaching safepoint: 85787 ns, At safepoint: 10732 ns, Total: 96519 ns
[2020-09-11T15:39:40.393+0000][1][safepoint    ] Safepoint "RevokeBias", Time since last: 565268 ns, Reaching safepoint: 1282153 ns, At safepoint: 14743 ns, Total: 1296896 ns
[2020-09-11T15:39:40.409+0000][1][safepoint    ] Safepoint "RevokeBias", Time since last: 16034214 ns, Reaching safepoint: 182565 ns, At safepoint: 13715 ns, Total: 196280 ns
[2020-09-11T15:39:40.410+0000][1][safepoint    ] Safepoint "RevokeBias", Time since last: 498817 ns, Reaching safepoint: 90479 ns, At safepoint: 11884 ns, Total: 102363 ns
[2020-09-11T15:39:40.418+0000][1][safepoint    ] Safepoint "BulkRevokeBias", Time since last: 7629304 ns, Reaching safepoint: 121033 ns, At safepoint: 160102 ns, Total: 281135 ns
[2020-09-11T15:39:40.705+0000][1][safepoint    ] Safepoint "RevokeBias", Time since last: 287710536 ns, Reaching safepoint: 116239 ns, At safepoint: 15053 ns, Total: 131292 ns
[2020-09-11T15:39:40.709+0000][1][safepoint    ] Safepoint "RevokeBias", Time since last: 729902 ns, Reaching safepoint: 2505717 ns, At safepoint: 19302 ns, Total: 2525019 ns
[2020-09-11T15:39:40.709+0000][1][safepoint    ] Safepoint "RevokeBias", Time since last: 192828 ns, Reaching safepoint: 86938 ns, At safepoint: 10435 ns, Total: 97373 ns
[2020-09-11T15:39:40.710+0000][1][safepoint    ] Safepoint "RevokeBias", Time since last: 632928 ns, Reaching safepoint: 87099 ns, At safepoint: 10992 ns, Total: 98091 ns
[2020-09-11T15:39:40.710+0000][1][safepoint    ] Safepoint "RevokeBias", Time since last: 82284 ns, Reaching safepoint: 85324 ns, At safepoint: 9801 ns, Total: 95125 ns
[2020-09-11T15:39:40.718+0000][1][safepoint    ] Safepoint "RevokeBias", Time since last: 7863524 ns, Reaching safepoint: 114173 ns, At safepoint: 16124 ns, Total: 130297 ns
[2020-09-11T15:39:40.737+0000][1][safepoint    ] Safepoint "RevokeBias", Time since last: 17177513 ns, Reaching safepoint: 2172985 ns, At safepoint: 18715 ns, Total: 2191700 ns
[2020-09-11T15:39:40.738+0000][1][safepoint    ] Safepoint "RevokeBias", Time since last: 835457 ns, Reaching safepoint: 94868 ns, At safepoint: 12303 ns, Total: 107171 ns
[2020-09-11T15:39:40.746+0000][1][safepoint    ] Safepoint "RevokeBias", Time since last: 7359890 ns, Reaching safepoint: 111329 ns, At safepoint: 15925 ns, Total: 127254 ns
[2020-09-11T15:39:40.746+0000][1][safepoint    ] Safepoint "RevokeBias", Time since last: 253005 ns, Reaching safepoint: 86271 ns, At safepoint: 10655 ns, Total: 96926 ns
[2020-09-11T15:39:40.746+0000][1][safepoint    ] Safepoint "RevokeBias", Time since last: 117865 ns, Reaching safepoint: 87150 ns, At safepoint: 10071 ns, Total: 97221 ns
[2020-09-11T15:39:40.746+0000][1][safepoint    ] Safepoint "RevokeBias", Time since last: 109610 ns, Reaching safepoint: 84111 ns, At safepoint: 9493 ns, Total: 93604 ns
[2020-09-11T15:39:41.223+0000][1][safepoint    ] Safepoint "RevokeBias", Time since last: 475055514 ns, Reaching safepoint: 1440581 ns, At safepoint: 18029 ns, Total: 1458610 ns
[2020-09-11T15:39:41.226+0000][1][safepoint    ] Safepoint "RevokeBias", Time since last: 3349725 ns, Reaching safepoint: 109984 ns, At safepoint: 14212 ns, Total: 124196 ns
[2020-09-11T15:39:41.617+0000][1][safepoint    ] Safepoint "RevokeBias", Time since last: 390640298 ns, Reaching safepoint: 128795 ns, At safepoint: 15232 ns, Total: 144027 ns
[2020-09-11T15:39:41.655+0000][1][safepoint    ] Safepoint "RevokeBias", Time since last: 37367479 ns, Reaching safepoint: 113718 ns, At safepoint: 38861 ns, Total: 152579 ns
[2020-09-11T15:39:41.822+0000][1][safepoint    ] Safepoint "RevokeBias", Time since last: 167078492 ns, Reaching safepoint: 112152 ns, At safepoint: 21517 ns, Total: 133669 ns
[2020-09-11T15:39:41.839+0000][1][safepoint    ] Safepoint "RevokeBias", Time since last: 17412523 ns, Reaching safepoint: 114994 ns, At safepoint: 50007 ns, Total: 165001 ns
[2020-09-11T15:39:42.283+0000][1][safepoint    ] Safepoint "RevokeBias", Time since last: 437777379 ns, Reaching safepoint: 5387540 ns, At safepoint: 21472 ns, Total: 5409012 ns
[2020-09-11T15:39:42.285+0000][1][safepoint    ] Safepoint "RevokeBias", Time since last: 68749 ns, Reaching safepoint: 2101477 ns, At safepoint: 13079 ns, Total: 2114556 ns
[2020-09-11T15:39:42.285+0000][1][safepoint    ] Safepoint "RevokeBias", Time since last: 36001 ns, Reaching safepoint: 89574 ns, At safepoint: 10690 ns, Total: 100264 ns
[2020-09-11T15:39:42.285+0000][1][safepoint    ] Safepoint "RevokeBias", Time since last: 28986 ns, Reaching safepoint: 88457 ns, At safepoint: 13671 ns, Total: 102128 ns
[2020-09-11T15:39:42.289+0000][1][safepoint    ] Safepoint "RevokeBias", Time since last: 28974 ns, Reaching safepoint: 3644385 ns, At safepoint: 19837 ns, Total: 3664222 ns
[2020-09-11T15:39:42.289+0000][1][safepoint    ] Safepoint "BulkRevokeBias", Time since last: 57392 ns, Reaching safepoint: 90230 ns, At safepoint: 394909 ns, Total: 485139 ns
[2020-09-11T15:39:42.291+0000][1][safepoint    ] Safepoint "RevokeBias", Time since last: 1640758 ns, Reaching safepoint: 99185 ns, At safepoint: 29651 ns, Total: 128836 ns
[2020-09-11T15:39:42.297+0000][1][safepoint    ] Safepoint "RevokeBias", Time since last: 1872262 ns, Reaching safepoint: 3797201 ns, At safepoint: 34550 ns, Total: 3831751 ns
[2020-09-11T15:39:42.297+0000][1][safepoint    ] Safepoint "RevokeBias", Time since last: 167963 ns, Reaching safepoint: 87365 ns, At safepoint: 23790 ns, Total: 111155 ns
[2020-09-11T15:39:42.325+0000][1][safepoint    ] Safepoint "BulkRevokeBias", Time since last: 15669917 ns, Reaching safepoint: 12027001 ns, At safepoint: 149264 ns, Total: 12176265 ns
[2020-09-11T15:39:42.671+0000][1][safepoint    ] Safepoint "RevokeBias", Time since last: 326558077 ns, Reaching safepoint: 19904168 ns, At safepoint: 61116 ns, Total: 19965284 ns
[2020-09-11T15:39:43.399+0000][1][safepoint    ] Safepoint "RevokeBias", Time since last: 727231094 ns, Reaching safepoint: 116672 ns, At safepoint: 31479 ns, Total: 148151 ns
[2020-09-11T15:39:43.402+0000][1][safepoint    ] Safepoint "RevokeBias", Time since last: 2583677 ns, Reaching safepoint: 98771 ns, At safepoint: 26914 ns, Total: 125685 ns
[2020-09-11T15:39:44.072+0000][1][safepoint    ] Safepoint "RevokeBias", Time since last: 666766399 ns, Reaching safepoint: 3863315 ns, At safepoint: 21549 ns, Total: 3884864 ns
[2020-09-11T15:39:44.277+0000][1][safepoint    ] Safepoint "RevokeBias", Time since last: 188749072 ns, Reaching safepoint: 15867987 ns, At safepoint: 32987 ns, Total: 15900974 ns
[2020-09-11T15:39:44.281+0000][1][safepoint    ] Safepoint "RevokeBias", Time since last: 1081796 ns, Reaching safepoint: 2671127 ns, At safepoint: 26432 ns, Total: 2697559 ns
[2020-09-11T15:39:44.577+0000][1][safepoint    ] Safepoint "BulkRevokeBias", Time since last: 296136333 ns, Reaching safepoint: 57718 ns, At safepoint: 280298 ns, Total: 338016 ns
[2020-09-11T15:39:44.790+0000][1][safepoint    ] Safepoint "RevokeBias", Time since last: 196400170 ns, Reaching safepoint: 16691731 ns, At safepoint: 32036 ns, Total: 16723767 ns
[2020-09-11T15:39:45.258+0000][1][safepoint    ] Safepoint "RevokeBias", Time since last: 467311813 ns, Reaching safepoint: 136834 ns, At safepoint: 15730 ns, Total: 152564 ns
[2020-09-11T15:39:45.260+0000][1][safepoint    ] Safepoint "RevokeBias", Time since last: 95434 ns, Reaching safepoint: 2505615 ns, At safepoint: 16833 ns, Total: 2522448 ns
[2020-09-11T15:39:45.412+0000][1][safepoint    ] Safepoint "RevokeBias", Time since last: 151763930 ns, Reaching safepoint: 130450 ns, At safepoint: 21720 ns, Total: 152170 ns
[2020-09-11T15:39:45.429+0000][1][safepoint    ] Safepoint "RevokeBias", Time since last: 16525426 ns, Reaching safepoint: 130610 ns, At safepoint: 24623 ns, Total: 155233 ns
[2020-09-11T15:39:45.640+0000][1][safepoint    ] Safepoint "RevokeBias", Time since last: 203874257 ns, Reaching safepoint: 7184912 ns, At safepoint: 24440 ns, Total: 7209352 ns
[2020-09-11T15:39:45.694+0000][1][safepoint    ] Safepoint "RevokeBias", Time since last: 41894459 ns, Reaching safepoint: 11852613 ns, At safepoint: 23272 ns, Total: 11875885 ns
[2020-09-11T15:39:46.230+0000][1][gc,start     ] GC(66) Pause Young (Allocation Failure)
[2020-09-11T15:39:46.230+0000][1][gc,task      ] GC(66) Using 1 workers of 1 for evacuation
[2020-09-11T15:39:46.400+0000][1][gc,age       ] GC(66) Desired survivor size 4358144 bytes, new threshold 6 (max threshold 6)
[2020-09-11T15:39:46.400+0000][1][gc,age       ] GC(66) Age table with threshold 6 (max threshold 6)
[2020-09-11T15:39:46.400+0000][1][gc,age       ] GC(66) - age   1:     868512 bytes,     868512 total
[2020-09-11T15:39:46.400+0000][1][gc,age       ] GC(66) - age   2:    2081536 bytes,    2950048 total
[2020-09-11T15:39:46.400+0000][1][gc,heap      ] GC(66) ParNew: 74325K->5681K(76672K)
[2020-09-11T15:39:46.400+0000][1][gc,heap      ] GC(66) CMS: 59380K->62847K(439104K)
[2020-09-11T15:39:46.400+0000][1][gc,metaspace ] GC(66) Metaspace: 74753K->74753K(1118208K)
[2020-09-11T15:39:46.400+0000][1][gc           ] GC(66) Pause Young (Allocation Failure) 130M->66M(503M) 169.696ms
[2020-09-11T15:39:46.400+0000][1][gc,cpu       ] GC(66) User=0.05s Sys=0.00s Real=0.17s
[2020-09-11T15:39:46.435+0000][1][safepoint    ] Safepoint "GenCollectForAllocation", Time since last: 536197741 ns, Reaching safepoint: 135315 ns, At safepoint: 205299542 ns, Total: 205434857 ns
[2020-09-11T15:39:46.550+0000][1][safepoint    ] Safepoint "RevokeBias", Time since last: 114174992 ns, Reaching safepoint: 129470 ns, At safepoint: 15343 ns, Total: 144813 ns
[2020-09-11T15:39:46.803+0000][1][safepoint    ] Safepoint "RevokeBias", Time since last: 253051176 ns, Reaching safepoint: 123702 ns, At safepoint: 13919 ns, Total: 137621 ns
[2020-09-11T15:39:47.321+0000][1][safepoint    ] Safepoint "RevokeBias", Time since last: 517898344 ns, Reaching safepoint: 278763 ns, At safepoint: 22045 ns, Total: 300808 ns
[2020-09-11T15:39:47.321+0000][1][safepoint    ] Safepoint "RevokeBias", Time since last: 72521 ns, Reaching safepoint: 18225 ns, At safepoint: 10655 ns, Total: 28880 ns
[2020-09-11T15:39:47.659+0000][1][safepoint    ] Safepoint "RevokeBias", Time since last: 337825538 ns, Reaching safepoint: 64667 ns, At safepoint: 21605 ns, Total: 86272 ns
[2020-09-11T15:39:47.669+0000][1][safepoint    ] Safepoint "RevokeBias", Time since last: 9683643 ns, Reaching safepoint: 114047 ns, At safepoint: 20626 ns, Total: 134673 ns
[2020-09-11T15:39:47.669+0000][1][safepoint    ] Safepoint "RevokeBias", Time since last: 253413 ns, Reaching safepoint: 89674 ns, At safepoint: 13158 ns, Total: 102832 ns
[2020-09-11T15:39:48.049+0000][1][safepoint    ] Safepoint "RevokeBias", Time since last: 379649531 ns, Reaching safepoint: 52890 ns, At safepoint: 20365 ns, Total: 73255 ns
[2020-09-11T15:39:48.879+0000][1][safepoint    ] Safepoint "RevokeBias", Time since last: 829376145 ns, Reaching safepoint: 126399 ns, At safepoint: 18059 ns, Total: 144458 ns
[2020-09-11T15:39:48.879+0000][1][safepoint    ] Safepoint "RevokeBias", Time since last: 131755 ns, Reaching safepoint: 19640 ns, At safepoint: 11334 ns, Total: 30974 ns
[2020-09-11T15:39:48.879+0000][1][safepoint    ] Safepoint "RevokeBias", Time since last: 32684 ns, Reaching safepoint: 15345 ns, At safepoint: 9893 ns, Total: 25238 ns
[2020-09-11T15:39:48.955+0000][1][safepoint    ] Safepoint "RevokeBias", Time since last: 75638896 ns, Reaching safepoint: 162474 ns, At safepoint: 21581 ns, Total: 184055 ns
[2020-09-11T15:39:49.421+0000][1][safepoint    ] Safepoint "RevokeBias", Time since last: 466504887 ns, Reaching safepoint: 119084 ns, At safepoint: 15748 ns, Total: 134832 ns
[2020-09-11T15:39:50.421+0000][1][safepoint    ] Safepoint "Cleanup", Time since last: 1000106740 ns, Reaching safepoint: 75889 ns, At safepoint: 7644 ns, Total: 83533 ns
[2020-09-11T15:39:50.807+0000][1][safepoint    ] Safepoint "RevokeBias", Time since last: 385772039 ns, Reaching safepoint: 122173 ns, At safepoint: 18288 ns, Total: 140461 ns
[2020-09-11T15:39:50.889+0000][1][safepoint    ] Safepoint "RevokeBias", Time since last: 81160834 ns, Reaching safepoint: 130697 ns, At safepoint: 17565 ns, Total: 148262 ns
[2020-09-11T15:39:50.898+0000][1][safepoint    ] Safepoint "RevokeBias", Time since last: 9567357 ns, Reaching safepoint: 133045 ns, At safepoint: 11108 ns, Total: 144153 ns
[2020-09-11T15:39:51.016+0000][1][safepoint    ] Safepoint "RevokeBias", Time since last: 117864202 ns, Reaching safepoint: 127974 ns, At safepoint: 49005 ns, Total: 176979 ns
[2020-09-11T15:39:51.705+0000][1][safepoint    ] Safepoint "RevokeBias", Time since last: 685572554 ns, Reaching safepoint: 2874118 ns, At safepoint: 12670 ns, Total: 2886788 ns
[2020-09-11T15:39:51.844+0000][1][safepoint    ] Safepoint "RevokeBias", Time since last: 139236416 ns, Reaching safepoint: 129078 ns, At safepoint: 9378 ns, Total: 138456 ns
[2020-09-11T15:39:51.850+0000][1][safepoint    ] Safepoint "RevokeBias", Time since last: 5722491 ns, Reaching safepoint: 135623 ns, At safepoint: 10212 ns, Total: 145835 ns
[2020-09-11T15:39:51.850+0000][1][safepoint    ] Safepoint "RevokeBias", Time since last: 78857 ns, Reaching safepoint: 93514 ns, At safepoint: 5662 ns, Total: 99176 ns
[2020-09-11T15:39:51.857+0000][1][safepoint    ] Safepoint "RevokeBias", Time since last: 6536866 ns, Reaching safepoint: 130719 ns, At safepoint: 8662 ns, Total: 139381 ns
[2020-09-11T15:39:51.870+0000][1][safepoint    ] Safepoint "RevokeBias", Time since last: 11844442 ns, Reaching safepoint: 1045449 ns, At safepoint: 12886 ns, Total: 1058335 ns
[2020-09-11T15:39:51.895+0000][1][safepoint    ] Safepoint "BulkRevokeBias", Time since last: 25216481 ns, Reaching safepoint: 140657 ns, At safepoint: 183925 ns, Total: 324582 ns
[2020-09-11T15:39:51.896+0000][1][safepoint    ] Safepoint "RevokeBias", Time since last: 84619 ns, Reaching safepoint: 100309 ns, At safepoint: 5847 ns, Total: 106156 ns
[2020-09-11T15:39:51.921+0000][1][gc,start     ] GC(67) Pause Young (Allocation Failure)
[2020-09-11T15:39:51.921+0000][1][gc,task      ] GC(67) Using 1 workers of 1 for evacuation
[2020-09-11T15:39:51.966+0000][1][gc,age       ] GC(67) Desired survivor size 4358144 bytes, new threshold 6 (max threshold 6)
[2020-09-11T15:39:51.966+0000][1][gc,age       ] GC(67) Age table with threshold 6 (max threshold 6)
[2020-09-11T15:39:51.966+0000][1][gc,age       ] GC(67) - age   1:     777280 bytes,     777280 total
[2020-09-11T15:39:51.966+0000][1][gc,age       ] GC(67) - age   2:     689616 bytes,    1466896 total
[2020-09-11T15:39:51.966+0000][1][gc,age       ] GC(67) - age   3:    1892160 bytes,    3359056 total
[2020-09-11T15:39:51.966+0000][1][gc,heap      ] GC(67) ParNew: 73841K->5001K(76672K)
[2020-09-11T15:39:51.966+0000][1][gc,heap      ] GC(67) CMS: 62847K->62847K(439104K)
[2020-09-11T15:39:51.966+0000][1][gc,metaspace ] GC(67) Metaspace: 76254K->76254K(1120256K)
[2020-09-11T15:39:51.966+0000][1][gc           ] GC(67) Pause Young (Allocation Failure) 133M->66M(503M) 45.329ms
[2020-09-11T15:39:51.966+0000][1][gc,cpu       ] GC(67) User=0.02s Sys=0.00s Real=0.04s
[2020-09-11T15:39:51.974+0000][1][safepoint    ] Safepoint "GenCollectForAllocation", Time since last: 25205790 ns, Reaching safepoint: 203963 ns, At safepoint: 53065347 ns, Total: 53269310 ns
[2020-09-11T15:39:52.385+0000][1][safepoint    ] Safepoint "Deoptimize", Time since last: 410062683 ns, Reaching safepoint: 130326 ns, At safepoint: 434707 ns, Total: 565033 ns
[2020-09-11T15:39:52.829+0000][1][safepoint    ] Safepoint "BulkRevokeBias", Time since last: 442687450 ns, Reaching safepoint: 1455522 ns, At safepoint: 156206 ns, Total: 1611728 ns
[2020-09-11T15:39:52.894+0000][1][safepoint    ] Safepoint "RevokeBias", Time since last: 63955507 ns, Reaching safepoint: 1422704 ns, At safepoint: 10741 ns, Total: 1433445 ns
[2020-09-11T15:39:52.895+0000][1][safepoint    ] Safepoint "RevokeBias", Time since last: 323775 ns, Reaching safepoint: 419554 ns, At safepoint: 7513 ns, Total: 427067 ns
[2020-09-11T15:39:52.966+0000][1][safepoint    ] Safepoint "RevokeBias", Time since last: 71186589 ns, Reaching safepoint: 132111 ns, At safepoint: 9098 ns, Total: 141209 ns
[2020-09-11T15:39:52.972+0000][1][safepoint    ] Safepoint "RevokeBias", Time since last: 5886145 ns, Reaching safepoint: 128488 ns, At safepoint: 8680 ns, Total: 137168 ns
[2020-09-11T15:39:53.373+0000][1][safepoint    ] Safepoint "RevokeBias", Time since last: 400301413 ns, Reaching safepoint: 146244 ns, At safepoint: 9517 ns, Total: 155761 ns
[2020-09-11T15:39:53.454+0000][1][safepoint    ] Safepoint "RevokeBias", Time since last: 80453204 ns, Reaching safepoint: 125033 ns, At safepoint: 8983 ns, Total: 134016 ns
[2020-09-11T15:39:53.464+0000][1][safepoint    ] Safepoint "RevokeBias", Time since last: 10508559 ns, Reaching safepoint: 132426 ns, At safepoint: 8689 ns, Total: 141115 ns
[2020-09-11T15:39:54.464+0000][1][safepoint    ] Safepoint "Cleanup", Time since last: 1000102853 ns, Reaching safepoint: 68040 ns, At safepoint: 7655 ns, Total: 75695 ns
[2020-09-11T15:39:54.737+0000][1][safepoint    ] Safepoint "RevokeBias", Time since last: 268440261 ns, Reaching safepoint: 4075002 ns, At safepoint: 25571 ns, Total: 4100573 ns
[2020-09-11T15:39:54.741+0000][1][safepoint    ] Safepoint "RevokeBias", Time since last: 147893 ns, Reaching safepoint: 3779566 ns, At safepoint: 16405 ns, Total: 3795971 ns
[2020-09-11T15:39:55.747+0000][1][safepoint    ] Safepoint "Cleanup", Time since last: 1003939524 ns, Reaching safepoint: 2160006 ns, At safepoint: 7684 ns, Total: 2167690 ns
[2020-09-11T15:39:56.747+0000][1][safepoint    ] Safepoint "Cleanup", Time since last: 1000107869 ns, Reaching safepoint: 94321 ns, At safepoint: 7924 ns, Total: 102245 ns
[2020-09-11T15:39:57.747+0000][1][safepoint    ] Safepoint "Cleanup", Time since last: 1000127679 ns, Reaching safepoint: 75764 ns, At safepoint: 12061 ns, Total: 87825 ns
[2020-09-11T15:39:58.537+0000][1][safepoint    ] Safepoint "RevokeBias", Time since last: 789118578 ns, Reaching safepoint: 353402 ns, At safepoint: 22227 ns, Total: 375629 ns
[2020-09-11T15:39:58.829+0000][1][safepoint    ] Safepoint "RevokeBias", Time since last: 291943653 ns, Reaching safepoint: 144126 ns, At safepoint: 9916 ns, Total: 154042 ns
[2020-09-11T15:39:58.907+0000][1][safepoint    ] Safepoint "RevokeBias", Time since last: 72318620 ns, Reaching safepoint: 5623001 ns, At safepoint: 27449 ns, Total: 5650450 ns
[2020-09-11T15:39:59.296+0000][1][safepoint    ] Safepoint "RevokeBias", Time since last: 388307924 ns, Reaching safepoint: 287266 ns, At safepoint: 9517 ns, Total: 296783 ns
[2020-09-11T15:39:59.296+0000][1][safepoint    ] Safepoint "RevokeBias", Time since last: 238749 ns, Reaching safepoint: 98724 ns, At safepoint: 6616 ns, Total: 105340 ns
[2020-09-11T15:39:59.555+0000][1][safepoint    ] Safepoint "RevokeBias", Time since last: 256934139 ns, Reaching safepoint: 1901142 ns, At safepoint: 23437 ns, Total: 1924579 ns
[2020-09-11T15:39:59.683+0000][1][safepoint    ] Safepoint "RevokeBias", Time since last: 127886073 ns, Reaching safepoint: 145320 ns, At safepoint: 20828 ns, Total: 166148 ns
[2020-09-11T15:39:59.905+0000][1][safepoint    ] Safepoint "Deoptimize", Time since last: 218361486 ns, Reaching safepoint: 3698454 ns, At safepoint: 501436 ns, Total: 4199890 ns
[2020-09-11T15:39:59.925+0000][1][safepoint    ] Safepoint "RevokeBias", Time since last: 19605787 ns, Reaching safepoint: 62859 ns, At safepoint: 19503 ns, Total: 82362 ns
[2020-09-11T15:39:59.928+0000][1][safepoint    ] Safepoint "RevokeBias", Time since last: 2115245 ns, Reaching safepoint: 379262 ns, At safepoint: 26771 ns, Total: 406033 ns
[2020-09-11T15:39:59.969+0000][1][safepoint    ] Safepoint "RevokeBias", Time since last: 41724243 ns, Reaching safepoint: 124963 ns, At safepoint: 29529 ns, Total: 154492 ns
[2020-09-11T15:40:00.209+0000][1][safepoint    ] Safepoint "RevokeBias", Time since last: 235271970 ns, Reaching safepoint: 4139964 ns, At safepoint: 42770 ns, Total: 4182734 ns
[2020-09-11T15:40:00.211+0000][1][safepoint    ] Safepoint "RevokeBias", Time since last: 88412 ns, Reaching safepoint: 2218214 ns, At safepoint: 35673 ns, Total: 2253887 ns
[2020-09-11T15:40:00.306+0000][1][safepoint    ] Safepoint "RevokeBias", Time since last: 94130385 ns, Reaching safepoint: 331986 ns, At safepoint: 10846 ns, Total: 342832 ns
[2020-09-11T15:40:00.334+0000][1][safepoint    ] Safepoint "Deoptimize", Time since last: 24512907 ns, Reaching safepoint: 3670752 ns, At safepoint: 477720 ns, Total: 4148472 ns
[2020-09-11T15:40:00.349+0000][1][safepoint    ] Safepoint "RevokeBias", Time since last: 10976873 ns, Reaching safepoint: 3476087 ns, At safepoint: 60219 ns, Total: 3536306 ns
[2020-09-11T15:40:00.386+0000][1][safepoint    ] Safepoint "RevokeBias", Time since last: 36094457 ns, Reaching safepoint: 746875 ns, At safepoint: 31751 ns, Total: 778626 ns
[2020-09-11T15:40:00.409+0000][1][safepoint    ] Safepoint "RevokeBias", Time since last: 23336413 ns, Reaching safepoint: 210737 ns, At safepoint: 46331 ns, Total: 257068 ns
[2020-09-11T15:40:00.613+0000][1][gc,start     ] GC(68) Pause Young (Allocation Failure)
[2020-09-11T15:40:00.613+0000][1][gc,task      ] GC(68) Using 1 workers of 1 for evacuation
[2020-09-11T15:40:00.686+0000][1][gc,age       ] GC(68) Desired survivor size 4358144 bytes, new threshold 4 (max threshold 6)
[2020-09-11T15:40:00.686+0000][1][gc,age       ] GC(68) Age table with threshold 4 (max threshold 6)
[2020-09-11T15:40:00.686+0000][1][gc,age       ] GC(68) - age   1:    2128696 bytes,    2128696 total
[2020-09-11T15:40:00.686+0000][1][gc,age       ] GC(68) - age   2:     537920 bytes,    2666616 total
[2020-09-11T15:40:00.686+0000][1][gc,age       ] GC(68) - age   3:     688776 bytes,    3355392 total
[2020-09-11T15:40:00.686+0000][1][gc,age       ] GC(68) - age   4:    1882048 bytes,    5237440 total
[2020-09-11T15:40:00.686+0000][1][gc,heap      ] GC(68) ParNew: 73161K->6170K(76672K)
[2020-09-11T15:40:00.686+0000][1][gc,heap      ] GC(68) CMS: 62847K->62847K(439104K)
[2020-09-11T15:40:00.686+0000][1][gc,metaspace ] GC(68) Metaspace: 80109K->80109K(1122304K)
[2020-09-11T15:40:00.686+0000][1][gc           ] GC(68) Pause Young (Allocation Failure) 132M->67M(503M) 72.636ms
[2020-09-11T15:40:00.686+0000][1][gc,cpu       ] GC(68) User=0.02s Sys=0.00s Real=0.07s
[2020-09-11T15:40:00.715+0000][1][safepoint    ] Safepoint "GenCollectForAllocation", Time since last: 203930759 ns, Reaching safepoint: 147009 ns, At safepoint: 101859643 ns, Total: 102006652 ns
[2020-09-11T15:40:00.781+0000][1][safepoint    ] Safepoint "RevokeBias", Time since last: 18125322 ns, Reaching safepoint: 3464093 ns, At safepoint: 43944041 ns, Total: 47408134 ns
[2020-09-11T15:40:00.782+0000][1][safepoint    ] Safepoint "RevokeBias", Time since last: 59759 ns, Reaching safepoint: 611916 ns, At safepoint: 257184 ns, Total: 869100 ns
[2020-09-11T15:40:00.784+0000][1][safepoint    ] Safepoint "RevokeBias", Time since last: 30413 ns, Reaching safepoint: 224538 ns, At safepoint: 2399397 ns, Total: 2623935 ns
[2020-09-11T15:40:01.191+0000][1][safepoint    ] Safepoint "RevokeBias", Time since last: 404903973 ns, Reaching safepoint: 2039322 ns, At safepoint: 14023 ns, Total: 2053345 ns
[2020-09-11T15:40:01.393+0000][1][safepoint    ] Safepoint "Deoptimize", Time since last: 192636399 ns, Reaching safepoint: 8179164 ns, At safepoint: 495477 ns, Total: 8674641 ns
[2020-09-11T15:40:01.405+0000][1][safepoint    ] Safepoint "RevokeBias", Time since last: 12126031 ns, Reaching safepoint: 61684 ns, At safepoint: 10712 ns, Total: 72396 ns
[2020-09-11T15:40:01.473+0000][1][safepoint    ] Safepoint "RevokeBias", Time since last: 64895354 ns, Reaching safepoint: 3074381 ns, At safepoint: 31598 ns, Total: 3105979 ns
[2020-09-11T15:40:01.526+0000][1][safepoint    ] Safepoint "RevokeBias", Time since last: 52548975 ns, Reaching safepoint: 541683 ns, At safepoint: 18016 ns, Total: 559699 ns
[2020-09-11T15:40:01.550+0000][1][safepoint    ] Safepoint "RevokeBias", Time since last: 22875373 ns, Reaching safepoint: 952325 ns, At safepoint: 12779 ns, Total: 965104 ns
[2020-09-11T15:40:01.790+0000][1][safepoint    ] Safepoint "RevokeBias", Time since last: 231350297 ns, Reaching safepoint: 8626959 ns, At safepoint: 26368 ns, Total: 8653327 ns
[2020-09-11T15:40:01.805+0000][1][safepoint    ] Safepoint "RevokeBias", Time since last: 15181891 ns, Reaching safepoint: 345199 ns, At safepoint: 16570 ns, Total: 361769 ns
[2020-09-11T15:40:01.948+0000][1][safepoint    ] Safepoint "RevokeBias", Time since last: 131658862 ns, Reaching safepoint: 10468895 ns, At safepoint: 63055 ns, Total: 10531950 ns
[2020-09-11T15:40:01.948+0000][1][safepoint    ] Safepoint "RevokeBias", Time since last: 102303 ns, Reaching safepoint: 174892 ns, At safepoint: 35182 ns, Total: 210074 ns
[2020-09-11T15:40:01.989+0000][1][safepoint    ] Safepoint "RevokeBias", Time since last: 38192155 ns, Reaching safepoint: 2790505 ns, At safepoint: 81530 ns, Total: 2872035 ns
[2020-09-11T15:40:01.997+0000][1][safepoint    ] Safepoint "RevokeBias", Time since last: 811989 ns, Reaching safepoint: 7122596 ns, At safepoint: 67735 ns, Total: 7190331 ns
[2020-09-11T15:40:02.215+0000][1][safepoint    ] Safepoint "RevokeBias", Time since last: 216829496 ns, Reaching safepoint: 842407 ns, At safepoint: 33030 ns, Total: 875437 ns
[2020-09-11T15:40:02.245+0000][1][safepoint    ] Safepoint "RevokeBias", Time since last: 30229276 ns, Reaching safepoint: 204594 ns, At safepoint: 35566 ns, Total: 240160 ns
[2020-09-11T15:40:02.361+0000][1][safepoint    ] Safepoint "RevokeBias", Time since last: 115192743 ns, Reaching safepoint: 217102 ns, At safepoint: 45678 ns, Total: 262780 ns
[2020-09-11T15:40:02.374+0000][1][safepoint    ] Safepoint "RevokeBias", Time since last: 12282672 ns, Reaching safepoint: 679154 ns, At safepoint: 20533 ns, Total: 699687 ns
[2020-09-11T15:40:02.401+0000][1][safepoint    ] Safepoint "RevokeBias", Time since last: 27243812 ns, Reaching safepoint: 287486 ns, At safepoint: 11026 ns, Total: 298512 ns
[2020-09-11T15:40:02.471+0000][1][safepoint    ] Safepoint "RevokeBias", Time since last: 69729463 ns, Reaching safepoint: 552681 ns, At safepoint: 12009 ns, Total: 564690 ns
[2020-09-11T15:40:02.527+0000][1][safepoint    ] Safepoint "RevokeBias", Time since last: 53888066 ns, Reaching safepoint: 2077948 ns, At safepoint: 25099 ns, Total: 2103047 ns
[2020-09-11T15:40:02.617+0000][1][safepoint    ] Safepoint "RevokeBias", Time since last: 89785733 ns, Reaching safepoint: 161574 ns, At safepoint: 16960 ns, Total: 178534 ns
[2020-09-11T15:40:02.679+0000][1][safepoint    ] Safepoint "BulkRevokeBias", Time since last: 61151264 ns, Reaching safepoint: 139351 ns, At safepoint: 242661 ns, Total: 382012 ns
[2020-09-11T15:40:02.719+0000][1][safepoint    ] Safepoint "RevokeBias", Time since last: 34919446 ns, Reaching safepoint: 5063699 ns, At safepoint: 57236 ns, Total: 5120935 ns
[2020-09-11T15:40:02.737+0000][1][safepoint    ] Safepoint "RevokeBias", Time since last: 18184515 ns, Reaching safepoint: 276407 ns, At safepoint: 45094 ns, Total: 321501 ns
[2020-09-11T15:40:02.749+0000][1][safepoint    ] Safepoint "Deoptimize", Time since last: 10326282 ns, Reaching safepoint: 1085033 ns, At safepoint: 509931 ns, Total: 1594964 ns
[2020-09-11T15:40:02.809+0000][1][safepoint    ] Safepoint "RevokeBias", Time since last: 55890802 ns, Reaching safepoint: 3611009 ns, At safepoint: 31177 ns, Total: 3642186 ns
[2020-09-11T15:40:02.845+0000][1][safepoint    ] Safepoint "RevokeBias", Time since last: 35960497 ns, Reaching safepoint: 334883 ns, At safepoint: 34124 ns, Total: 369007 ns
[2020-09-11T15:40:02.857+0000][1][safepoint    ] Safepoint "RevokeBias", Time since last: 10377891 ns, Reaching safepoint: 1320083 ns, At safepoint: 27243 ns, Total: 1347326 ns
[2020-09-11T15:40:02.866+0000][1][safepoint    ] Safepoint "RevokeBias", Time since last: 930270 ns, Reaching safepoint: 8204069 ns, At safepoint: 35765 ns, Total: 8239834 ns
[2020-09-11T15:40:02.866+0000][1][safepoint    ] Safepoint "RevokeBias", Time since last: 72775 ns, Reaching safepoint: 282170 ns, At safepoint: 16894 ns, Total: 299064 ns
[2020-09-11T15:40:02.875+0000][1][safepoint    ] Safepoint "RevokeBias", Time since last: 8166325 ns, Reaching safepoint: 802768 ns, At safepoint: 26794 ns, Total: 829562 ns
[2020-09-11T15:40:02.877+0000][1][safepoint    ] Safepoint "RevokeBias", Time since last: 58391 ns, Reaching safepoint: 1311958 ns, At safepoint: 21226 ns, Total: 1333184 ns
[2020-09-11T15:40:02.879+0000][1][safepoint    ] Safepoint "RevokeBias", Time since last: 49374 ns, Reaching safepoint: 1836734 ns, At safepoint: 21207 ns, Total: 1857941 ns
[2020-09-11T15:40:02.881+0000][1][safepoint    ] Safepoint "RevokeBias", Time since last: 45557 ns, Reaching safepoint: 2003050 ns, At safepoint: 23381 ns, Total: 2026431 ns
[2020-09-11T15:40:02.882+0000][1][safepoint    ] Safepoint "RevokeBias", Time since last: 553954 ns, Reaching safepoint: 104649 ns, At safepoint: 15552 ns, Total: 120201 ns
[2020-09-11T15:40:03.029+0000][1][safepoint    ] Safepoint "RevokeBias", Time since last: 147291485 ns, Reaching safepoint: 302961 ns, At safepoint: 13281 ns, Total: 316242 ns
[2020-09-11T15:40:03.037+0000][1][safepoint    ] Safepoint "RevokeBias", Time since last: 7704162 ns, Reaching safepoint: 263424 ns, At safepoint: 19661 ns, Total: 283085 ns
[2020-09-11T15:40:03.039+0000][1][safepoint    ] Safepoint "RevokeBias", Time since last: 1395660 ns, Reaching safepoint: 132427 ns, At safepoint: 41869 ns, Total: 174296 ns
[2020-09-11T15:40:03.039+0000][1][safepoint    ] Safepoint "RevokeBias", Time since last: 57975 ns, Reaching safepoint: 104168 ns, At safepoint: 27905 ns, Total: 132073 ns
[2020-09-11T15:40:03.045+0000][1][safepoint    ] Safepoint "RevokeBias", Time since last: 34068 ns, Reaching safepoint: 103450 ns, At safepoint: 30980 ns, Total: 134430 ns
[2020-09-11T15:40:03.045+0000][1][safepoint    ] Safepoint "RevokeBias", Time since last: 5875908 ns, Reaching safepoint: 146925 ns, At safepoint: 43106 ns, Total: 190031 ns
[2020-09-11T15:40:03.129+0000][1][safepoint    ] Safepoint "RevokeBias", Time since last: 83770153 ns, Reaching safepoint: 356845 ns, At safepoint: 11199 ns, Total: 368044 ns
[2020-09-11T15:40:03.225+0000][1][safepoint    ] Safepoint "RevokeBias", Time since last: 79629632 ns, Reaching safepoint: 15979654 ns, At safepoint: 31551 ns, Total: 16011205 ns
[2020-09-11T15:40:03.501+0000][1][gc,start     ] GC(69) Pause Young (Allocation Failure)
[2020-09-11T15:40:03.501+0000][1][gc,task      ] GC(69) Using 1 workers of 1 for evacuation
[2020-09-11T15:40:03.614+0000][1][gc,age       ] GC(69) Desired survivor size 4358144 bytes, new threshold 1 (max threshold 6)
[2020-09-11T15:40:03.614+0000][1][gc,age       ] GC(69) Age table with threshold 1 (max threshold 6)
[2020-09-11T15:40:03.614+0000][1][gc,age       ] GC(69) - age   1:    7148912 bytes,    7148912 total
[2020-09-11T15:40:03.614+0000][1][gc,age       ] GC(69) - age   2:     918160 bytes,    8067072 total
[2020-09-11T15:40:03.614+0000][1][gc,age       ] GC(69) - age   3:     122976 bytes,    8190048 total
[2020-09-11T15:40:03.614+0000][1][gc,age       ] GC(69) - age   4:     491536 bytes,    8681584 total
[2020-09-11T15:40:03.614+0000][1][gc,heap      ] GC(69) ParNew: 74330K->8512K(76672K)
[2020-09-11T15:40:03.614+0000][1][gc,heap      ] GC(69) CMS: 62847K->68278K(439104K)
[2020-09-11T15:40:03.615+0000][1][gc,metaspace ] GC(69) Metaspace: 83659K->83659K(1126400K)
[2020-09-11T15:40:03.615+0000][1][gc           ] GC(69) Pause Young (Allocation Failure) 133M->74M(503M) 113.690ms
[2020-09-11T15:40:03.615+0000][1][gc,cpu       ] GC(69) User=0.03s Sys=0.00s Real=0.11s
[2020-09-11T15:40:03.722+0000][1][safepoint    ] Safepoint "GenCollectForAllocation", Time since last: 272491660 ns, Reaching safepoint: 3467401 ns, At safepoint: 221356154 ns, Total: 224823555 ns
[2020-09-11T15:40:04.569+0000][1][safepoint    ] Safepoint "RevokeBias", Time since last: 842587997 ns, Reaching safepoint: 4140899 ns, At safepoint: 54319 ns, Total: 4195218 ns
[2020-09-11T15:40:04.927+0000][1][safepoint    ] Safepoint "RevokeBias", Time since last: 357432563 ns, Reaching safepoint: 140253 ns, At safepoint: 21395 ns, Total: 161648 ns
[2020-09-11T15:40:04.938+0000][1][safepoint    ] Safepoint "RevokeBias", Time since last: 10918582 ns, Reaching safepoint: 131727 ns, At safepoint: 20664 ns, Total: 152391 ns
[2020-09-11T15:40:05.006+0000][1][safepoint    ] Safepoint "RevokeBias", Time since last: 67158885 ns, Reaching safepoint: 702363 ns, At safepoint: 23916 ns, Total: 726279 ns
[2020-09-11T15:40:05.021+0000][1][safepoint    ] Safepoint "RevokeBias", Time since last: 15169180 ns, Reaching safepoint: 261880 ns, At safepoint: 20569 ns, Total: 282449 ns
[2020-09-11T15:40:05.127+0000][1][safepoint    ] Safepoint "RevokeBias", Time since last: 96369873 ns, Reaching safepoint: 9406493 ns, At safepoint: 23421 ns, Total: 9429914 ns
[2020-09-11T15:40:05.171+0000][1][safepoint    ] Safepoint "RevokeBias", Time since last: 43749468 ns, Reaching safepoint: 145384 ns, At safepoint: 21382 ns, Total: 166766 ns
[2020-09-11T15:40:05.171+0000][1][safepoint    ] Safepoint "RevokeBias", Time since last: 291681 ns, Reaching safepoint: 104609 ns, At safepoint: 46659 ns, Total: 151268 ns
[2020-09-11T15:40:05.177+0000][1][safepoint    ] Safepoint "RevokeBias", Time since last: 6115487 ns, Reaching safepoint: 140156 ns, At safepoint: 22151 ns, Total: 162307 ns
[2020-09-11T15:40:05.241+0000][1][safepoint    ] Safepoint "RevokeBias", Time since last: 43033747 ns, Reaching safepoint: 20432226 ns, At safepoint: 41596 ns, Total: 20473822 ns
[2020-09-11T15:40:05.333+0000][1][safepoint    ] Safepoint "RevokeBias", Time since last: 92066045 ns, Reaching safepoint: 210935 ns, At safepoint: 29183 ns, Total: 240118 ns
[2020-09-11T15:40:05.353+0000][1][safepoint    ] Safepoint "RevokeBias", Time since last: 19756932 ns, Reaching safepoint: 141199 ns, At safepoint: 22817 ns, Total: 164016 ns
[2020-09-11T15:40:05.353+0000][1][safepoint    ] Safepoint "RevokeBias", Time since last: 110477 ns, Reaching safepoint: 101154 ns, At safepoint: 15021 ns, Total: 116175 ns
[2020-09-11T15:40:05.354+0000][1][safepoint    ] Safepoint "RevokeBias", Time since last: 76136 ns, Reaching safepoint: 100125 ns, At safepoint: 16523 ns, Total: 116648 ns
[2020-09-11T15:40:05.354+0000][1][safepoint    ] Safepoint "RevokeBias", Time since last: 528082 ns, Reaching safepoint: 100611 ns, At safepoint: 14717 ns, Total: 115328 ns
[2020-09-11T15:40:05.354+0000][1][safepoint    ] Safepoint "RevokeBias", Time since last: 72243 ns, Reaching safepoint: 98808 ns, At safepoint: 13796 ns, Total: 112604 ns
[2020-09-11T15:40:05.365+0000][1][safepoint    ] Safepoint "RevokeBias", Time since last: 81105 ns, Reaching safepoint: 10377428 ns, At safepoint: 35626 ns, Total: 10413054 ns
[2020-09-11T15:40:05.377+0000][1][safepoint    ] Safepoint "RevokeBias", Time since last: 11879166 ns, Reaching safepoint: 135127 ns, At safepoint: 21971 ns, Total: 157098 ns
[2020-09-11T15:40:05.377+0000][1][safepoint    ] Safepoint "RevokeBias", Time since last: 129154 ns, Reaching safepoint: 99375 ns, At safepoint: 13945 ns, Total: 113320 ns
[2020-09-11T15:40:05.377+0000][1][safepoint    ] Safepoint "RevokeBias", Time since last: 100325 ns, Reaching safepoint: 107952 ns, At safepoint: 13747 ns, Total: 121699 ns
[2020-09-11T15:40:05.378+0000][1][safepoint    ] Safepoint "RevokeBias", Time since last: 154572 ns, Reaching safepoint: 95811 ns, At safepoint: 14003 ns, Total: 109814 ns
[2020-09-11T15:40:05.389+0000][1][safepoint    ] Safepoint "RevokeBias", Time since last: 11159340 ns, Reaching safepoint: 140289 ns, At safepoint: 20832 ns, Total: 161121 ns
[2020-09-11T15:40:05.389+0000][1][safepoint    ] Safepoint "RevokeBias", Time since last: 327934 ns, Reaching safepoint: 100067 ns, At safepoint: 14421 ns, Total: 114488 ns
[2020-09-11T15:40:05.412+0000][1][safepoint    ] Safepoint "RevokeBias", Time since last: 22241909 ns, Reaching safepoint: 138725 ns, At safepoint: 20877 ns, Total: 159602 ns
[2020-09-11T15:40:05.420+0000][1][safepoint    ] Safepoint "RevokeBias", Time since last: 7645665 ns, Reaching safepoint: 268007 ns, At safepoint: 20245 ns, Total: 288252 ns
[2020-09-11T15:40:05.457+0000][1][safepoint    ] Safepoint "RevokeBias", Time since last: 33454867 ns, Reaching safepoint: 3624828 ns, At safepoint: 29298 ns, Total: 3654126 ns
[2020-09-11T15:40:05.511+0000][1][safepoint    ] Safepoint "RevokeBias", Time since last: 54475407 ns, Reaching safepoint: 136174 ns, At safepoint: 19895 ns, Total: 156069 ns
[2020-09-11T15:40:05.601+0000][1][safepoint    ] Safepoint "RevokeBias", Time since last: 86685214 ns, Reaching safepoint: 2656291 ns, At safepoint: 56749 ns, Total: 2713040 ns
[2020-09-11T15:40:05.629+0000][1][safepoint    ] Safepoint "RevokeBias", Time since last: 25163748 ns, Reaching safepoint: 2772132 ns, At safepoint: 52948 ns, Total: 2825080 ns
[2020-09-11T15:40:05.641+0000][1][safepoint    ] Safepoint "RevokeBias", Time since last: 1526356 ns, Reaching safepoint: 10426151 ns, At safepoint: 33721 ns, Total: 10459872 ns
[2020-09-11T15:40:05.669+0000][1][safepoint    ] Safepoint "RevokeBias", Time since last: 24736414 ns, Reaching safepoint: 3262528 ns, At safepoint: 30026 ns, Total: 3292554 ns
[2020-09-11T15:40:05.685+0000][1][safepoint    ] Safepoint "RevokeBias", Time since last: 3894070 ns, Reaching safepoint: 12066205 ns, At safepoint: 45451 ns, Total: 12111656 ns
[2020-09-11T15:40:05.689+0000][1][safepoint    ] Safepoint "RevokeBias", Time since last: 165436 ns, Reaching safepoint: 3793433 ns, At safepoint: 50632 ns, Total: 3844065 ns
[2020-09-11T15:40:05.690+0000][1][safepoint    ] Safepoint "RevokeBias", Time since last: 102581 ns, Reaching safepoint: 714995 ns, At safepoint: 34414 ns, Total: 749409 ns
[2020-09-11T15:40:05.693+0000][1][safepoint    ] Safepoint "RevokeBias", Time since last: 1426730 ns, Reaching safepoint: 1618503 ns, At safepoint: 20718 ns, Total: 1639221 ns
[2020-09-11T15:40:05.694+0000][1][safepoint    ] Safepoint "RevokeBias", Time since last: 114866 ns, Reaching safepoint: 1156208 ns, At safepoint: 20808 ns, Total: 1177016 ns
[2020-09-11T15:40:05.695+0000][1][safepoint    ] Safepoint "RevokeBias", Time since last: 55261 ns, Reaching safepoint: 1258652 ns, At safepoint: 19364 ns, Total: 1278016 ns
[2020-09-11T15:40:05.707+0000][1][safepoint    ] Safepoint "RevokeBias", Time since last: 102051 ns, Reaching safepoint: 11380620 ns, At safepoint: 31433 ns, Total: 11412053 ns
[2020-09-11T15:40:05.709+0000][1][safepoint    ] Safepoint "RevokeBias", Time since last: 609778 ns, Reaching safepoint: 1246306 ns, At safepoint: 23882 ns, Total: 1270188 ns
[2020-09-11T15:40:05.709+0000][1][safepoint    ] Safepoint "RevokeBias", Time since last: 67145 ns, Reaching safepoint: 97104 ns, At safepoint: 13331 ns, Total: 110435 ns
[2020-09-11T15:40:06.739+0000][1][safepoint    ] Safepoint "Cleanup", Time since last: 1007743788 ns, Reaching safepoint: 22636927 ns, At safepoint: 13808 ns, Total: 22650735 ns
[2020-09-11T15:40:07.393+0000][1][safepoint    ] Safepoint "RevokeBias", Time since last: 649390886 ns, Reaching safepoint: 4050872 ns, At safepoint: 32370 ns, Total: 4083242 ns
[2020-09-11T15:40:07.421+0000][1][safepoint    ] Safepoint "RevokeBias", Time since last: 23911865 ns, Reaching safepoint: 4013092 ns, At safepoint: 36511 ns, Total: 4049603 ns
[2020-09-11T15:40:07.427+0000][1][safepoint    ] Safepoint "RevokeBias", Time since last: 955828 ns, Reaching safepoint: 5247016 ns, At safepoint: 33484 ns, Total: 5280500 ns
[2020-09-11T15:40:07.429+0000][1][safepoint    ] Safepoint "RevokeBias", Time since last: 138446 ns, Reaching safepoint: 1580600 ns, At safepoint: 23451 ns, Total: 1604051 ns
[2020-09-11T15:40:07.433+0000][1][safepoint    ] Safepoint "RevokeBias", Time since last: 78346 ns, Reaching safepoint: 3897506 ns, At safepoint: 24080 ns, Total: 3921586 ns
[2020-09-11T15:40:07.433+0000][1][safepoint    ] Safepoint "RevokeBias", Time since last: 67524 ns, Reaching safepoint: 172766 ns, At safepoint: 16069 ns, Total: 188835 ns
[2020-09-11T15:40:07.617+0000][1][safepoint    ] Safepoint "BulkRevokeBias", Time since last: 183696130 ns, Reaching safepoint: 146301 ns, At safepoint: 206922 ns, Total: 353223 ns
[2020-09-11T15:40:07.721+0000][1][safepoint    ] Safepoint "RevokeBias", Time since last: 83327829 ns, Reaching safepoint: 20356295 ns, At safepoint: 25777 ns, Total: 20382072 ns
[2020-09-11T15:40:07.912+0000][1][safepoint    ] Safepoint "RevokeBias", Time since last: 190509542 ns, Reaching safepoint: 135706 ns, At safepoint: 19848 ns, Total: 155554 ns
[2020-09-11T15:40:07.922+0000][1][safepoint    ] Safepoint "RevokeBias", Time since last: 399473 ns, Reaching safepoint: 10101689 ns, At safepoint: 33838 ns, Total: 10135527 ns
[2020-09-11T15:40:07.922+0000][1][safepoint    ] Safepoint "RevokeBias", Time since last: 111785 ns, Reaching safepoint: 99664 ns, At safepoint: 12409 ns, Total: 112073 ns
[2020-09-11T15:40:07.923+0000][1][safepoint    ] Safepoint "RevokeBias", Time since last: 176107 ns, Reaching safepoint: 99238 ns, At safepoint: 12087 ns, Total: 111325 ns
[2020-09-11T15:40:08.057+0000][1][safepoint    ] Safepoint "RevokeBias", Time since last: 126214544 ns, Reaching safepoint: 8094390 ns, At safepoint: 34192 ns, Total: 8128582 ns
[2020-09-11T15:40:08.177+0000][1][safepoint    ] Safepoint "RevokeBias", Time since last: 119908181 ns, Reaching safepoint: 215076 ns, At safepoint: 40498 ns, Total: 255574 ns
[2020-09-11T15:40:08.237+0000][1][safepoint    ] Safepoint "RevokeBias", Time since last: 20416771 ns, Reaching safepoint: 19229585 ns, At safepoint: 20141731 ns, Total: 39371316 ns
[2020-09-11T15:40:08.583+0000][1][gc,start     ] GC(70) Pause Young (Allocation Failure)
[2020-09-11T15:40:08.583+0000][1][gc,task      ] GC(70) Using 1 workers of 1 for evacuation
[2020-09-11T15:40:08.668+0000][1][gc,age       ] GC(70) Desired survivor size 4358144 bytes, new threshold 6 (max threshold 6)
[2020-09-11T15:40:08.683+0000][1][gc,age       ] GC(70) Age table with threshold 6 (max threshold 6)
[2020-09-11T15:40:08.683+0000][1][gc,age       ] GC(70) - age   1:    2812576 bytes,    2812576 total
[2020-09-11T15:40:08.683+0000][1][gc,heap      ] GC(70) ParNew: 76672K->7510K(76672K)
[2020-09-11T15:40:08.683+0000][1][gc,heap      ] GC(70) CMS: 68278K->76751K(439104K)
[2020-09-11T15:40:08.683+0000][1][gc,metaspace ] GC(70) Metaspace: 84845K->84845K(1126400K)
[2020-09-11T15:40:08.683+0000][1][gc           ] GC(70) Pause Young (Allocation Failure) 141M->82M(503M) 99.581ms
[2020-09-11T15:40:08.683+0000][1][gc,cpu       ] GC(70) User=0.02s Sys=0.00s Real=0.10s
[2020-09-11T15:40:08.750+0000][1][safepoint    ] Safepoint "GenCollectForAllocation", Time since last: 346328877 ns, Reaching safepoint: 170194 ns, At safepoint: 166241071 ns, Total: 166411265 ns
[2020-09-11T15:40:08.911+0000][1][safepoint    ] Safepoint "RevokeBias", Time since last: 139179935 ns, Reaching safepoint: 22297059 ns, At safepoint: 29430 ns, Total: 22326489 ns
[2020-09-11T15:40:09.920+0000][1][safepoint    ] Safepoint "Cleanup", Time since last: 1008256608 ns, Reaching safepoint: 176678 ns, At safepoint: 8179 ns, Total: 184857 ns
[2020-09-11T15:40:10.167+0000][1][safepoint    ] Safepoint "RevokeBias", Time since last: 247373013 ns, Reaching safepoint: 149421 ns, At safepoint: 15259 ns, Total: 164680 ns
[2020-09-11T15:40:10.167+0000][1][safepoint    ] Safepoint "RevokeBias", Time since last: 149621 ns, Reaching safepoint: 100606 ns, At safepoint: 14394 ns, Total: 115000 ns
[2020-09-11T15:40:10.168+0000][1][safepoint    ] Safepoint "RevokeBias", Time since last: 45070 ns, Reaching safepoint: 98304 ns, At safepoint: 21829 ns, Total: 120133 ns
[2020-09-11T15:40:10.169+0000][1][safepoint    ] Safepoint "RevokeBias", Time since last: 1284534 ns, Reaching safepoint: 83755 ns, At safepoint: 15615 ns, Total: 99370 ns
[2020-09-11T15:40:10.169+0000][1][safepoint    ] Safepoint "RevokeBias", Time since last: 47401 ns, Reaching safepoint: 98609 ns, At safepoint: 14453 ns, Total: 113062 ns
[2020-09-11T15:40:11.181+0000][1][safepoint    ] Safepoint "Cleanup", Time since last: 1010647083 ns, Reaching safepoint: 1170293 ns, At safepoint: 9590 ns, Total: 1179883 ns
[2020-09-11T15:40:11.717+0000][1][safepoint    ] Safepoint "RevokeBias", Time since last: 534695135 ns, Reaching safepoint: 1256763 ns, At safepoint: 56577 ns, Total: 1313340 ns
[2020-09-11T15:40:11.721+0000][1][safepoint    ] Safepoint "RevokeBias", Time since last: 268979 ns, Reaching safepoint: 3684886 ns, At safepoint: 33473 ns, Total: 3718359 ns
[2020-09-11T15:40:11.722+0000][1][safepoint    ] Safepoint "RevokeBias", Time since last: 101984 ns, Reaching safepoint: 1190669 ns, At safepoint: 18789 ns, Total: 1209458 ns
[2020-09-11T15:40:11.725+0000][1][safepoint    ] Safepoint "RevokeBias", Time since last: 42844 ns, Reaching safepoint: 2595686 ns, At safepoint: 27661 ns, Total: 2623347 ns
[2020-09-11T15:40:11.725+0000][1][safepoint    ] Safepoint "RevokeBias", Time since last: 58047 ns, Reaching safepoint: 196502 ns, At safepoint: 15070 ns, Total: 211572 ns
[2020-09-11T15:40:12.006+0000][1][safepoint    ] Safepoint "RevokeBias", Time since last: 280348693 ns, Reaching safepoint: 221449 ns, At safepoint: 23177 ns, Total: 244626 ns
[2020-09-11T15:40:12.258+0000][1][safepoint    ] Safepoint "RevokeBias", Time since last: 252537533 ns, Reaching safepoint: 151212 ns, At safepoint: 19688 ns, Total: 170900 ns
[2020-09-11T15:40:12.401+0000][1][safepoint    ] Safepoint "RevokeBias", Time since last: 139764747 ns, Reaching safepoint: 2679136 ns, At safepoint: 35018 ns, Total: 2714154 ns
[2020-09-11T15:40:12.523+0000][1][safepoint    ] Safepoint "RevokeBias", Time since last: 120015463 ns, Reaching safepoint: 2047962 ns, At safepoint: 34459 ns, Total: 2082421 ns
[2020-09-11T15:40:12.743+0000][1][safepoint    ] Safepoint "RevokeBias", Time since last: 213773460 ns, Reaching safepoint: 6184504 ns, At safepoint: 36980 ns, Total: 6221484 ns
[2020-09-11T15:40:12.865+0000][1][safepoint    ] Safepoint "RevokeBias", Time since last: 114608305 ns, Reaching safepoint: 7250044 ns, At safepoint: 30959 ns, Total: 7281003 ns
[2020-09-11T15:40:12.949+0000][1][safepoint    ] Safepoint "RevokeBias", Time since last: 84001669 ns, Reaching safepoint: 140375 ns, At safepoint: 23168 ns, Total: 163543 ns
[2020-09-11T15:40:12.950+0000][1][safepoint    ] Safepoint "RevokeBias", Time since last: 250068 ns, Reaching safepoint: 231364 ns, At safepoint: 15219 ns, Total: 246583 ns
[2020-09-11T15:40:12.950+0000][1][safepoint    ] Safepoint "RevokeBias", Time since last: 54023 ns, Reaching safepoint: 97372 ns, At safepoint: 12800 ns, Total: 110172 ns
[2020-09-11T15:40:12.950+0000][1][safepoint    ] Safepoint "RevokeBias", Time since last: 74018 ns, Reaching safepoint: 99695 ns, At safepoint: 12566 ns, Total: 112261 ns
[2020-09-11T15:40:12.965+0000][1][safepoint    ] Safepoint "RevokeBias", Time since last: 15387464 ns, Reaching safepoint: 141514 ns, At safepoint: 18804 ns, Total: 160318 ns
[2020-09-11T15:40:12.966+0000][1][safepoint    ] Safepoint "RevokeBias", Time since last: 141389 ns, Reaching safepoint: 172980 ns, At safepoint: 14914 ns, Total: 187894 ns
[2020-09-11T15:40:13.944+0000][1][safepoint    ] Safepoint "RevokeBias", Time since last: 967331112 ns, Reaching safepoint: 10939001 ns, At safepoint: 26901 ns, Total: 10965902 ns
[2020-09-11T15:40:13.953+0000][1][safepoint    ] Safepoint "RevokeBias", Time since last: 8351426 ns, Reaching safepoint: 212665 ns, At safepoint: 32108 ns, Total: 244773 ns
[2020-09-11T15:40:13.957+0000][1][safepoint    ] Safepoint "RevokeBias", Time since last: 4176237 ns, Reaching safepoint: 142679 ns, At safepoint: 23357 ns, Total: 166036 ns
[2020-09-11T15:40:13.977+0000][1][safepoint    ] Safepoint "RevokeBias", Time since last: 19769497 ns, Reaching safepoint: 156151 ns, At safepoint: 24164 ns, Total: 180315 ns
[2020-09-11T15:40:13.977+0000][1][safepoint    ] Safepoint "RevokeBias", Time since last: 105996 ns, Reaching safepoint: 101390 ns, At safepoint: 15764 ns, Total: 117154 ns
[2020-09-11T15:40:13.977+0000][1][safepoint    ] Safepoint "RevokeBias", Time since last: 41562 ns, Reaching safepoint: 98429 ns, At safepoint: 14691 ns, Total: 113120 ns
[2020-09-11T15:40:13.977+0000][1][safepoint    ] Safepoint "RevokeBias", Time since last: 40009 ns, Reaching safepoint: 100189 ns, At safepoint: 13465 ns, Total: 113654 ns
[2020-09-11T15:40:13.978+0000][1][safepoint    ] Safepoint "RevokeBias", Time since last: 39651 ns, Reaching safepoint: 245170 ns, At safepoint: 14546 ns, Total: 259716 ns
[2020-09-11T15:40:13.978+0000][1][safepoint    ] Safepoint "RevokeBias", Time since last: 492477 ns, Reaching safepoint: 103319 ns, At safepoint: 14425 ns, Total: 117744 ns
[2020-09-11T15:40:13.979+0000][1][safepoint    ] Safepoint "RevokeBias", Time since last: 42672 ns, Reaching safepoint: 99325 ns, At safepoint: 13266 ns, Total: 112591 ns
[2020-09-11T15:40:14.086+0000][1][safepoint    ] Safepoint "RevokeBias", Time since last: 106889014 ns, Reaching safepoint: 285549 ns, At safepoint: 22974 ns, Total: 308523 ns
[2020-09-11T15:40:14.596+0000][1][gc,start     ] GC(71) Pause Young (Allocation Failure)
[2020-09-11T15:40:14.596+0000][1][gc,task      ] GC(71) Using 1 workers of 1 for evacuation
[2020-09-11T15:40:14.616+0000][1][gc,age       ] GC(71) Desired survivor size 4358144 bytes, new threshold 6 (max threshold 6)
[2020-09-11T15:40:14.616+0000][1][gc,age       ] GC(71) Age table with threshold 6 (max threshold 6)
[2020-09-11T15:40:14.616+0000][1][gc,age       ] GC(71) - age   1:     764912 bytes,     764912 total
[2020-09-11T15:40:14.616+0000][1][gc,age       ] GC(71) - age   2:    2608944 bytes,    3373856 total
[2020-09-11T15:40:14.616+0000][1][gc,heap      ] GC(71) ParNew: 75670K->5128K(76672K)
[2020-09-11T15:40:14.616+0000][1][gc,heap      ] GC(71) CMS: 76751K->76751K(439104K)
[2020-09-11T15:40:14.616+0000][1][gc,metaspace ] GC(71) Metaspace: 85608K->85608K(1128448K)
[2020-09-11T15:40:14.616+0000][1][gc           ] GC(71) Pause Young (Allocation Failure) 148M->79M(503M) 20.043ms
[2020-09-11T15:40:14.616+0000][1][gc,cpu       ] GC(71) User=0.00s Sys=0.00s Real=0.02s
[2020-09-11T15:40:14.649+0000][1][safepoint    ] Safepoint "GenCollectForAllocation", Time since last: 509851778 ns, Reaching safepoint: 181727 ns, At safepoint: 53031602 ns, Total: 53213329 ns
[2020-09-11T15:40:15.437+0000][1][safepoint    ] Safepoint "RevokeBias", Time since last: 788135255 ns, Reaching safepoint: 114985 ns, At safepoint: 27064 ns, Total: 142049 ns
[2020-09-11T15:40:15.437+0000][1][safepoint    ] Safepoint "RevokeBias", Time since last: 160847 ns, Reaching safepoint: 46414 ns, At safepoint: 12733 ns, Total: 59147 ns
[2020-09-11T15:40:15.437+0000][1][safepoint    ] Safepoint "RevokeBias", Time since last: 50342 ns, Reaching safepoint: 29212 ns, At safepoint: 11017 ns, Total: 40229 ns
[2020-09-11T15:40:15.438+0000][1][safepoint    ] Safepoint "RevokeBias", Time since last: 141573 ns, Reaching safepoint: 30147 ns, At safepoint: 11327 ns, Total: 41474 ns
[2020-09-11T15:40:15.452+0000][1][safepoint    ] Safepoint "RevokeBias", Time since last: 13872625 ns, Reaching safepoint: 214609 ns, At safepoint: 21263 ns, Total: 235872 ns
[2020-09-11T15:40:15.505+0000][1][safepoint    ] Safepoint "RevokeBias", Time since last: 48893868 ns, Reaching safepoint: 4265038 ns, At safepoint: 28225 ns, Total: 4293263 ns
[2020-09-11T15:40:15.518+0000][1][safepoint    ] Safepoint "RevokeBias", Time since last: 13393032 ns, Reaching safepoint: 133500 ns, At safepoint: 19801 ns, Total: 153301 ns
[2020-09-11T15:40:15.907+0000][1][safepoint    ] Safepoint "RevokeBias", Time since last: 387045705 ns, Reaching safepoint: 1364137 ns, At safepoint: 22038 ns, Total: 1386175 ns
[2020-09-11T15:40:15.934+0000][1][safepoint    ] Safepoint "RevokeBias", Time since last: 26566916 ns, Reaching safepoint: 215348 ns, At safepoint: 23849 ns, Total: 239197 ns
[2020-09-11T15:40:16.078+0000][1][safepoint    ] Safepoint "RevokeBias", Time since last: 140894404 ns, Reaching safepoint: 3698809 ns, At safepoint: 33081 ns, Total: 3731890 ns
[2020-09-11T15:40:16.085+0000][1][safepoint    ] Safepoint "RevokeBias", Time since last: 3563580 ns, Reaching safepoint: 2979361 ns, At safepoint: 26277 ns, Total: 3005638 ns
[2020-09-11T15:40:17.097+0000][1][safepoint    ] Safepoint "Cleanup", Time since last: 1011917140 ns, Reaching safepoint: 184002 ns, At safepoint: 5877 ns, Total: 189879 ns
[2020-09-11T15:40:17.220+0000][1][safepoint    ] Safepoint "Deoptimize", Time since last: 120648917 ns, Reaching safepoint: 1672943 ns, At safepoint: 600156 ns, Total: 2273099 ns
[2020-09-11T15:40:17.519+0000][1][safepoint    ] Safepoint "RevokeBias", Time since last: 285797286 ns, Reaching safepoint: 13258922 ns, At safepoint: 33608 ns, Total: 13292530 ns
[2020-09-11T15:40:17.642+0000][1][safepoint    ] Safepoint "RevokeBias", Time since last: 122895388 ns, Reaching safepoint: 153117 ns, At safepoint: 48944 ns, Total: 202061 ns
[2020-09-11T15:40:17.689+0000][1][safepoint    ] Safepoint "RevokeBias", Time since last: 46716342 ns, Reaching safepoint: 155866 ns, At safepoint: 23667 ns, Total: 179533 ns
[2020-09-11T15:40:17.816+0000][1][safepoint    ] Safepoint "RevokeBias", Time since last: 124897837 ns, Reaching safepoint: 1959709 ns, At safepoint: 39390 ns, Total: 1999099 ns
[2020-09-11T15:40:17.817+0000][1][safepoint    ] Safepoint "RevokeBias", Time since last: 910148 ns, Reaching safepoint: 114775 ns, At safepoint: 15649 ns, Total: 130424 ns
[2020-09-11T15:40:17.824+0000][1][safepoint    ] Safepoint "RevokeBias", Time since last: 7076409 ns, Reaching safepoint: 143839 ns, At safepoint: 23438 ns, Total: 167277 ns
[2020-09-11T15:40:17.825+0000][1][safepoint    ] Safepoint "RevokeBias", Time since last: 154345 ns, Reaching safepoint: 477970 ns, At safepoint: 17114 ns, Total: 495084 ns
[2020-09-11T15:40:17.842+0000][1][safepoint    ] Safepoint "RevokeBias", Time since last: 16713615 ns, Reaching safepoint: 205882 ns, At safepoint: 20746 ns, Total: 226628 ns
[2020-09-11T15:40:17.842+0000][1][safepoint    ] Safepoint "RevokeBias", Time since last: 57845 ns, Reaching safepoint: 101437 ns, At safepoint: 13517 ns, Total: 114954 ns
[2020-09-11T15:40:17.862+0000][1][safepoint    ] Safepoint "RevokeBias", Time since last: 19516735 ns, Reaching safepoint: 687279 ns, At safepoint: 22114 ns, Total: 709393 ns
[2020-09-11T15:40:17.869+0000][1][safepoint    ] Safepoint "RevokeBias", Time since last: 58505 ns, Reaching safepoint: 6639660 ns, At safepoint: 36345 ns, Total: 6676005 ns
[2020-09-11T15:40:17.965+0000][1][safepoint    ] Safepoint "RevokeBias", Time since last: 95545089 ns, Reaching safepoint: 153893 ns, At safepoint: 74599 ns, Total: 228492 ns
[2020-09-11T15:40:18.548+0000][1][gc,start     ] GC(72) Pause Young (Allocation Failure)
[2020-09-11T15:40:18.548+0000][1][gc,task      ] GC(72) Using 1 workers of 1 for evacuation
[2020-09-11T15:40:18.593+0000][1][gc,age       ] GC(72) Desired survivor size 4358144 bytes, new threshold 3 (max threshold 6)
[2020-09-11T15:40:18.593+0000][1][gc,age       ] GC(72) Age table with threshold 3 (max threshold 6)
[2020-09-11T15:40:18.593+0000][1][gc,age       ] GC(72) - age   1:    1880992 bytes,    1880992 total
[2020-09-11T15:40:18.593+0000][1][gc,age       ] GC(72) - age   2:     473040 bytes,    2354032 total
[2020-09-11T15:40:18.593+0000][1][gc,age       ] GC(72) - age   3:    2221656 bytes,    4575688 total
[2020-09-11T15:40:18.593+0000][1][gc,heap      ] GC(72) ParNew: 73216K->6224K(76672K)
[2020-09-11T15:40:18.593+0000][1][gc,heap      ] GC(72) CMS: 76751K->76751K(439104K)
[2020-09-11T15:40:18.593+0000][1][gc,metaspace ] GC(72) Metaspace: 86206K->86206K(1128448K)
[2020-09-11T15:40:18.593+0000][1][gc           ] GC(72) Pause Young (Allocation Failure) 146M->81M(503M) 45.552ms
[2020-09-11T15:40:18.593+0000][1][gc,cpu       ] GC(72) User=0.01s Sys=0.00s Real=0.05s
[2020-09-11T15:40:18.597+0000][1][safepoint    ] Safepoint "GenCollectForAllocation", Time since last: 582900523 ns, Reaching safepoint: 348867 ns, At safepoint: 49261604 ns, Total: 49610471 ns
[2020-09-11T15:40:18.959+0000][1][safepoint    ] Safepoint "Deoptimize", Time since last: 360125601 ns, Reaching safepoint: 1427161 ns, At safepoint: 634933 ns, Total: 2062094 ns
[2020-09-11T15:40:19.547+0000][1][safepoint    ] Safepoint "RevokeBias", Time since last: 587830873 ns, Reaching safepoint: 255548 ns, At safepoint: 23575 ns, Total: 279123 ns
[2020-09-11T15:40:19.570+0000][1][safepoint    ] Safepoint "RevokeBias", Time since last: 22369435 ns, Reaching safepoint: 154926 ns, At safepoint: 21644 ns, Total: 176570 ns
[2020-09-11T15:40:19.573+0000][1][safepoint    ] Safepoint "RevokeBias", Time since last: 2857690 ns, Reaching safepoint: 141805 ns, At safepoint: 21761 ns, Total: 163566 ns
[2020-09-11T15:40:19.588+0000][1][safepoint    ] Safepoint "RevokeBias", Time since last: 14124816 ns, Reaching safepoint: 696571 ns, At safepoint: 45578 ns, Total: 742149 ns
[2020-09-11T15:40:19.588+0000][1][safepoint    ] Safepoint "RevokeBias", Time since last: 120531 ns, Reaching safepoint: 108774 ns, At safepoint: 43213 ns, Total: 151987 ns
[2020-09-11T15:40:20.265+0000][1][safepoint    ] Safepoint "RevokeBias", Time since last: 673203565 ns, Reaching safepoint: 3509875 ns, At safepoint: 30823 ns, Total: 3540698 ns
[2020-09-11T15:40:20.267+0000][1][safepoint    ] Safepoint "RevokeBias", Time since last: 164746 ns, Reaching safepoint: 2357117 ns, At safepoint: 18851 ns, Total: 2375968 ns
[2020-09-11T15:40:20.542+0000][1][safepoint    ] Safepoint "Deoptimize", Time since last: 269111965 ns, Reaching safepoint: 4328654 ns, At safepoint: 644123 ns, Total: 4972777 ns
[2020-09-11T15:40:20.741+0000][1][safepoint    ] Safepoint "RevokeBias", Time since last: 198691238 ns, Reaching safepoint: 1050477 ns, At safepoint: 21769 ns, Total: 1072246 ns
[2020-09-11T15:40:20.750+0000][1][safepoint    ] Safepoint "RevokeBias", Time since last: 8027734 ns, Reaching safepoint: 143008 ns, At safepoint: 23228 ns, Total: 166236 ns
[2020-09-11T15:40:20.797+0000][1][safepoint    ] Safepoint "RevokeBias", Time since last: 47376558 ns, Reaching safepoint: 217553 ns, At safepoint: 23930 ns, Total: 241483 ns
[2020-09-11T15:40:20.860+0000][1][safepoint    ] Safepoint "RevokeBias", Time since last: 53016954 ns, Reaching safepoint: 9359690 ns, At safepoint: 33713 ns, Total: 9393403 ns
[2020-09-11T15:40:20.875+0000][1][safepoint    ] Safepoint "RevokeBias", Time since last: 15224886 ns, Reaching safepoint: 146674 ns, At safepoint: 20900 ns, Total: 167574 ns
[2020-09-11T15:40:20.875+0000][1][safepoint    ] Safepoint "RevokeBias", Time since last: 154078 ns, Reaching safepoint: 99823 ns, At safepoint: 14474 ns, Total: 114297 ns
[2020-09-11T15:40:21.426+0000][1][safepoint    ] Safepoint "Deoptimize", Time since last: 550038449 ns, Reaching safepoint: 168658 ns, At safepoint: 641807 ns, Total: 810465 ns
[2020-09-11T15:40:21.637+0000][1][safepoint    ] Safepoint "RevokeBias", Time since last: 199103881 ns, Reaching safepoint: 11810791 ns, At safepoint: 37625 ns, Total: 11848416 ns
[2020-09-11T15:40:21.921+0000][1][safepoint    ] Safepoint "RevokeBias", Time since last: 284218569 ns, Reaching safepoint: 218446 ns, At safepoint: 22362 ns, Total: 240808 ns
[2020-09-11T15:40:21.937+0000][1][safepoint    ] Safepoint "RevokeBias", Time since last: 15328628 ns, Reaching safepoint: 157396 ns, At safepoint: 22598 ns, Total: 179994 ns
[2020-09-11T15:40:21.972+0000][1][safepoint    ] Safepoint "RevokeBias", Time since last: 34917010 ns, Reaching safepoint: 144474 ns, At safepoint: 17244 ns, Total: 161718 ns
[2020-09-11T15:40:21.984+0000][1][safepoint    ] Safepoint "RevokeBias", Time since last: 11660014 ns, Reaching safepoint: 237191 ns, At safepoint: 21502 ns, Total: 258693 ns
[2020-09-11T15:40:22.201+0000][1][safepoint    ] Safepoint "RevokeBias", Time since last: 215117138 ns, Reaching safepoint: 1791626 ns, At safepoint: 27861 ns, Total: 1819487 ns
[2020-09-11T15:40:22.587+0000][1][safepoint    ] Safepoint "RevokeBias", Time since last: 383901171 ns, Reaching safepoint: 2133111 ns, At safepoint: 26046 ns, Total: 2159157 ns
[2020-09-11T15:40:22.589+0000][1][safepoint    ] Safepoint "RevokeBias", Time since last: 94034 ns, Reaching safepoint: 1754575 ns, At safepoint: 20637 ns, Total: 1775212 ns
[2020-09-11T15:40:22.602+0000][1][safepoint    ] Safepoint "RevokeBias", Time since last: 5637444 ns, Reaching safepoint: 7169651 ns, At safepoint: 35506 ns, Total: 7205157 ns
[2020-09-11T15:40:22.729+0000][1][safepoint    ] Safepoint "RevokeBias", Time since last: 126265579 ns, Reaching safepoint: 909057 ns, At safepoint: 23855 ns, Total: 932912 ns
[2020-09-11T15:40:22.951+0000][1][safepoint    ] Safepoint "RevokeBias", Time since last: 221282556 ns, Reaching safepoint: 908333 ns, At safepoint: 54633 ns, Total: 962966 ns
[2020-09-11T15:40:22.955+0000][1][safepoint    ] Safepoint "RevokeBias", Time since last: 1383318 ns, Reaching safepoint: 2755013 ns, At safepoint: 41172 ns, Total: 2796185 ns
[2020-09-11T15:40:22.957+0000][1][safepoint    ] Safepoint "RevokeBias", Time since last: 62221 ns, Reaching safepoint: 1494363 ns, At safepoint: 26329 ns, Total: 1520692 ns
[2020-09-11T15:40:22.957+0000][1][safepoint    ] Safepoint "RevokeBias", Time since last: 60440 ns, Reaching safepoint: 421275 ns, At safepoint: 23636 ns, Total: 444911 ns
[2020-09-11T15:40:22.977+0000][1][safepoint    ] Safepoint "RevokeBias", Time since last: 19410721 ns, Reaching safepoint: 150217 ns, At safepoint: 26694 ns, Total: 176911 ns
[2020-09-11T15:40:23.274+0000][1][safepoint    ] Safepoint "RevokeBias", Time since last: 296577866 ns, Reaching safepoint: 286704 ns, At safepoint: 22291 ns, Total: 308995 ns
[2020-09-11T15:40:23.302+0000][1][safepoint    ] Safepoint "RevokeBias", Time since last: 26927654 ns, Reaching safepoint: 1634522 ns, At safepoint: 30685 ns, Total: 1665207 ns
[2020-09-11T15:40:23.303+0000][1][safepoint    ] Safepoint "RevokeBias", Time since last: 74802 ns, Reaching safepoint: 106749 ns, At safepoint: 12747 ns, Total: 119496 ns
[2020-09-11T15:40:23.304+0000][1][safepoint    ] Safepoint "Deoptimize", Time since last: 803845 ns, Reaching safepoint: 109318 ns, At safepoint: 644998 ns, Total: 754316 ns
[2020-09-11T15:40:23.326+0000][1][safepoint    ] Safepoint "RevokeBias", Time since last: 22055624 ns, Reaching safepoint: 137933 ns, At safepoint: 18424 ns, Total: 156357 ns
[2020-09-11T15:40:23.339+0000][1][safepoint    ] Safepoint "RevokeBias", Time since last: 12906377 ns, Reaching safepoint: 149815 ns, At safepoint: 22850 ns, Total: 172665 ns
[2020-09-11T15:40:23.597+0000][1][safepoint    ] Safepoint "RevokeBias", Time since last: 256934402 ns, Reaching safepoint: 92532 ns, At safepoint: 16520 ns, Total: 109052 ns
[2020-09-11T15:40:23.601+0000][1][safepoint    ] Safepoint "RevokeBias", Time since last: 4298068 ns, Reaching safepoint: 77490 ns, At safepoint: 20483 ns, Total: 97973 ns
[2020-09-11T15:40:23.606+0000][1][safepoint    ] Safepoint "RevokeBias", Time since last: 1168096 ns, Reaching safepoint: 3892410 ns, At safepoint: 27592 ns, Total: 3920002 ns
[2020-09-11T15:40:23.607+0000][1][safepoint    ] Safepoint "BulkRevokeBias", Time since last: 107920 ns, Reaching safepoint: 368102 ns, At safepoint: 218371 ns, Total: 586473 ns
[2020-09-11T15:40:24.351+0000][1][safepoint    ] Safepoint "RevokeBias", Time since last: 744449256 ns, Reaching safepoint: 197676 ns, At safepoint: 23582 ns, Total: 221258 ns
[2020-09-11T15:40:24.352+0000][1][safepoint    ] Safepoint "RevokeBias", Time since last: 144918 ns, Reaching safepoint: 103385 ns, At safepoint: 14330 ns, Total: 117715 ns
[2020-09-11T15:40:24.467+0000][1][gc,start     ] GC(73) Pause Young (Allocation Failure)
[2020-09-11T15:40:24.467+0000][1][gc,task      ] GC(73) Using 1 workers of 1 for evacuation
[2020-09-11T15:40:24.533+0000][1][gc,age       ] GC(73) Desired survivor size 4358144 bytes, new threshold 6 (max threshold 6)
[2020-09-11T15:40:24.534+0000][1][gc,age       ] GC(73) Age table with threshold 6 (max threshold 6)
[2020-09-11T15:40:24.534+0000][1][gc,age       ] GC(73) - age   1:    2234592 bytes,    2234592 total
[2020-09-11T15:40:24.534+0000][1][gc,age       ] GC(73) - age   2:     605776 bytes,    2840368 total
[2020-09-11T15:40:24.534+0000][1][gc,age       ] GC(73) - age   3:     426456 bytes,    3266824 total
[2020-09-11T15:40:24.534+0000][1][gc,heap      ] GC(73) ParNew: 74323K->4129K(76672K)
[2020-09-11T15:40:24.534+0000][1][gc,heap      ] GC(73) CMS: 76751K->77534K(439104K)
[2020-09-11T15:40:24.534+0000][1][gc,metaspace ] GC(73) Metaspace: 87557K->87557K(1130496K)
[2020-09-11T15:40:24.534+0000][1][gc           ] GC(73) Pause Young (Allocation Failure) 147M->79M(503M) 67.098ms
[2020-09-11T15:40:24.534+0000][1][gc,cpu       ] GC(73) User=0.01s Sys=0.00s Real=0.07s
[2020-09-11T15:40:24.589+0000][1][safepoint    ] Safepoint "GenCollectForAllocation", Time since last: 114617563 ns, Reaching safepoint: 248723 ns, At safepoint: 122951893 ns, Total: 123200616 ns
[2020-09-11T15:40:24.624+0000][1][safepoint    ] Safepoint "RevokeBias", Time since last: 662626 ns, Reaching safepoint: 8368175 ns, At safepoint: 25222233 ns, Total: 33590408 ns
[2020-09-11T15:40:24.685+0000][1][safepoint    ] Safepoint "RevokeBias", Time since last: 61211716 ns, Reaching safepoint: 323804 ns, At safepoint: 35162 ns, Total: 358966 ns
[2020-09-11T15:40:24.926+0000][1][safepoint    ] Safepoint "RevokeBias", Time since last: 240261036 ns, Reaching safepoint: 127422 ns, At safepoint: 18947 ns, Total: 146369 ns
[2020-09-11T15:40:24.926+0000][1][safepoint    ] Safepoint "RevokeBias", Time since last: 330314 ns, Reaching safepoint: 52812 ns, At safepoint: 13721 ns, Total: 66533 ns
[2020-09-11T15:40:24.970+0000][1][safepoint    ] Safepoint "RevokeBias", Time since last: 43457561 ns, Reaching safepoint: 166919 ns, At safepoint: 22378 ns, Total: 189297 ns
[2020-09-11T15:40:25.108+0000][1][safepoint    ] Safepoint "RevokeBias", Time since last: 135586374 ns, Reaching safepoint: 3057193 ns, At safepoint: 29911 ns, Total: 3087104 ns
[2020-09-11T15:40:25.192+0000][1][safepoint    ] Safepoint "RevokeBias", Time since last: 83085969 ns, Reaching safepoint: 606495 ns, At safepoint: 24708 ns, Total: 631203 ns
[2020-09-11T15:40:25.284+0000][1][safepoint    ] Safepoint "RevokeBias", Time since last: 91928394 ns, Reaching safepoint: 176980 ns, At safepoint: 23569 ns, Total: 200549 ns
[2020-09-11T15:40:25.322+0000][1][safepoint    ] Safepoint "RevokeBias", Time since last: 26946400 ns, Reaching safepoint: 10663487 ns, At safepoint: 46657 ns, Total: 10710144 ns
[2020-09-11T15:40:25.345+0000][1][safepoint    ] Safepoint "RevokeBias", Time since last: 21435130 ns, Reaching safepoint: 1506394 ns, At safepoint: 137228 ns, Total: 1643622 ns
[2020-09-11T15:40:25.619+0000][1][safepoint    ] Safepoint "RevokeBias", Time since last: 273949676 ns, Reaching safepoint: 214852 ns, At safepoint: 123339 ns, Total: 338191 ns
[2020-09-11T15:40:25.620+0000][1][safepoint    ] Safepoint "RevokeBias", Time since last: 239807 ns, Reaching safepoint: 120846 ns, At safepoint: 89104 ns, Total: 209950 ns
[2020-09-11T15:40:25.628+0000][1][safepoint    ] Safepoint "RevokeBias", Time since last: 8368294 ns, Reaching safepoint: 234059 ns, At safepoint: 126308 ns, Total: 360367 ns
[2020-09-11T15:40:25.629+0000][1][safepoint    ] Safepoint "RevokeBias", Time since last: 75179 ns, Reaching safepoint: 114870 ns, At safepoint: 80062 ns, Total: 194932 ns
[2020-09-11T15:40:25.653+0000][1][gc,start     ] GC(74) Pause Young (Allocation Failure)
[2020-09-11T15:40:25.653+0000][1][gc,task      ] GC(74) Using 1 workers of 1 for evacuation
[2020-09-11T15:40:25.684+0000][1][gc,age       ] GC(74) Desired survivor size 4358144 bytes, new threshold 1 (max threshold 6)
[2020-09-11T15:40:25.684+0000][1][gc,age       ] GC(74) Age table with threshold 1 (max threshold 6)
[2020-09-11T15:40:25.684+0000][1][gc,age       ] GC(74) - age   1:    5674312 bytes,    5674312 total
[2020-09-11T15:40:25.684+0000][1][gc,age       ] GC(74) - age   2:    1081192 bytes,    6755504 total
[2020-09-11T15:40:25.684+0000][1][gc,age       ] GC(74) - age   3:     604368 bytes,    7359872 total
[2020-09-11T15:40:25.684+0000][1][gc,age       ] GC(74) - age   4:     425184 bytes,    7785056 total
[2020-09-11T15:40:25.684+0000][1][gc,heap      ] GC(74) ParNew: 72289K->8512K(76672K)
[2020-09-11T15:40:25.684+0000][1][gc,heap      ] GC(74) CMS: 77534K->77534K(439104K)
[2020-09-11T15:40:25.684+0000][1][gc,metaspace ] GC(74) Metaspace: 87707K->87707K(1130496K)
[2020-09-11T15:40:25.684+0000][1][gc           ] GC(74) Pause Young (Allocation Failure) 146M->84M(503M) 31.072ms
[2020-09-11T15:40:25.684+0000][1][gc,cpu       ] GC(74) User=0.01s Sys=0.00s Real=0.03s
[2020-09-11T15:40:25.698+0000][1][safepoint    ] Safepoint "GenCollectForAllocation", Time since last: 24350829 ns, Reaching safepoint: 195162 ns, At safepoint: 44466226 ns, Total: 44661388 ns
[2020-09-11T15:40:26.001+0000][1][safepoint    ] Safepoint "RevokeBias", Time since last: 303363861 ns, Reaching safepoint: 159399 ns, At safepoint: 23152 ns, Total: 182551 ns
[2020-09-11T15:40:26.031+0000][1][safepoint    ] Safepoint "RevokeBias", Time since last: 29135410 ns, Reaching safepoint: 963761 ns, At safepoint: 23531 ns, Total: 987292 ns
[2020-09-11T15:40:26.077+0000][1][safepoint    ] Safepoint "RevokeBias", Time since last: 42166886 ns, Reaching safepoint: 3270397 ns, At safepoint: 27832 ns, Total: 3298229 ns
[2020-09-11T15:40:26.086+0000][1][safepoint    ] Safepoint "RevokeBias", Time since last: 8968238 ns, Reaching safepoint: 159290 ns, At safepoint: 22955 ns, Total: 182245 ns
[2020-09-11T15:40:26.099+0000][1][safepoint    ] Safepoint "RevokeBias", Time since last: 8247449 ns, Reaching safepoint: 4684089 ns, At safepoint: 47321 ns, Total: 4731410 ns
[2020-09-11T15:40:26.101+0000][1][safepoint    ] Safepoint "RevokeBias", Time since last: 313745 ns, Reaching safepoint: 1482505 ns, At safepoint: 19564 ns, Total: 1502069 ns
[2020-09-11T15:40:26.102+0000][1][safepoint    ] Safepoint "RevokeBias", Time since last: 414838 ns, Reaching safepoint: 377666 ns, At safepoint: 17017 ns, Total: 394683 ns
[2020-09-11T15:40:26.102+0000][1][safepoint    ] Safepoint "BulkRevokeBias", Time since last: 48779 ns, Reaching safepoint: 97467 ns, At safepoint: 216854 ns, Total: 314321 ns
[2020-09-11T15:40:26.105+0000][1][safepoint    ] Safepoint "RevokeBias", Time since last: 2960597 ns, Reaching safepoint: 133175 ns, At safepoint: 19236 ns, Total: 152411 ns
[2020-09-11T15:40:26.398+0000][1][safepoint    ] Safepoint "RevokeBias", Time since last: 292291824 ns, Reaching safepoint: 171093 ns, At safepoint: 21662 ns, Total: 192755 ns
[2020-09-11T15:40:26.663+0000][1][safepoint    ] Safepoint "RevokeBias", Time since last: 264820233 ns, Reaching safepoint: 88758 ns, At safepoint: 22974 ns, Total: 111732 ns
[2020-09-11T15:40:26.746+0000][1][safepoint    ] Safepoint "RevokeBias", Time since last: 82265775 ns, Reaching safepoint: 1162960 ns, At safepoint: 25969 ns, Total: 1188929 ns
[2020-09-11T15:40:26.752+0000][1][safepoint    ] Safepoint "RevokeBias", Time since last: 973482 ns, Reaching safepoint: 4866266 ns, At safepoint: 30153 ns, Total: 4896419 ns
[2020-09-11T15:40:26.825+0000][1][safepoint    ] Safepoint "RevokeBias", Time since last: 67706062 ns, Reaching safepoint: 5070607 ns, At safepoint: 39445 ns, Total: 5110052 ns
[2020-09-11T15:40:26.857+0000][1][safepoint    ] Safepoint "RevokeBias", Time since last: 32187974 ns, Reaching safepoint: 228683 ns, At safepoint: 23259 ns, Total: 251942 ns
[2020-09-11T15:40:26.861+0000][1][safepoint    ] Safepoint "RevokeBias", Time since last: 3812587 ns, Reaching safepoint: 142557 ns, At safepoint: 22436 ns, Total: 164993 ns
[2020-09-11T15:40:26.924+0000][1][safepoint    ] Safepoint "RevokeBias", Time since last: 53629572 ns, Reaching safepoint: 9093575 ns, At safepoint: 33951 ns, Total: 9127526 ns
[2020-09-11T15:40:26.924+0000][1][safepoint    ] Safepoint "RevokeBias", Time since last: 221840 ns, Reaching safepoint: 333725 ns, At safepoint: 18238 ns, Total: 351963 ns
[2020-09-11T15:40:26.934+0000][1][safepoint    ] Safepoint "RevokeBias", Time since last: 9833229 ns, Reaching safepoint: 221546 ns, At safepoint: 23424 ns, Total: 244970 ns
[2020-09-11T15:40:26.935+0000][1][safepoint    ] Safepoint "RevokeBias", Time since last: 812243 ns, Reaching safepoint: 118277 ns, At safepoint: 17876 ns, Total: 136153 ns
[2020-09-11T15:40:27.021+0000][1][safepoint    ] Safepoint "RevokeBias", Time since last: 85537429 ns, Reaching safepoint: 84348 ns, At safepoint: 20576 ns, Total: 104924 ns
[2020-09-11T15:40:27.034+0000][1][safepoint    ] Safepoint "RevokeBias", Time since last: 12588252 ns, Reaching safepoint: 144666 ns, At safepoint: 21226 ns, Total: 165892 ns
[2020-09-11T15:40:27.037+0000][1][safepoint    ] Safepoint "RevokeBias", Time since last: 969876 ns, Reaching safepoint: 2035257 ns, At safepoint: 29060 ns, Total: 2064317 ns
[2020-09-11T15:40:27.049+0000][1][safepoint    ] Safepoint "RevokeBias", Time since last: 10261757 ns, Reaching safepoint: 1702735 ns, At safepoint: 13566 ns, Total: 1716301 ns
[2020-09-11T15:40:27.064+0000][1][safepoint    ] Safepoint "RevokeBias", Time since last: 12732604 ns, Reaching safepoint: 1947920 ns, At safepoint: 24096 ns, Total: 1972016 ns
[2020-09-11T15:40:27.065+0000][1][safepoint    ] Safepoint "RevokeBias", Time since last: 253132 ns, Reaching safepoint: 906510 ns, At safepoint: 21127 ns, Total: 927637 ns
[2020-09-11T15:40:27.066+0000][1][safepoint    ] Safepoint "RevokeBias", Time since last: 83539 ns, Reaching safepoint: 688871 ns, At safepoint: 17040 ns, Total: 705911 ns
[2020-09-11T15:40:27.066+0000][1][safepoint    ] Safepoint "RevokeBias", Time since last: 64309 ns, Reaching safepoint: 229823 ns, At safepoint: 15148 ns, Total: 244971 ns
[2020-09-11T15:40:27.071+0000][1][safepoint    ] Safepoint "RevokeBias", Time since last: 2431955 ns, Reaching safepoint: 3124790 ns, At safepoint: 27576 ns, Total: 3152366 ns
[2020-09-11T15:40:27.072+0000][1][safepoint    ] Safepoint "RevokeBias", Time since last: 186674 ns, Reaching safepoint: 584662 ns, At safepoint: 39078 ns, Total: 623740 ns
[2020-09-11T15:40:27.174+0000][1][safepoint    ] Safepoint "RevokeBias", Time since last: 101276195 ns, Reaching safepoint: 157497 ns, At safepoint: 9227 ns, Total: 166724 ns
[2020-09-11T15:40:27.186+0000][1][safepoint    ] Safepoint "RevokeBias", Time since last: 11714466 ns, Reaching safepoint: 153358 ns, At safepoint: 8394 ns, Total: 161752 ns
[2020-09-11T15:40:27.207+0000][1][safepoint    ] Safepoint "RevokeBias", Time since last: 19890315 ns, Reaching safepoint: 1261441 ns, At safepoint: 48922 ns, Total: 1310363 ns
[2020-09-11T15:40:27.207+0000][1][safepoint    ] Safepoint "RevokeBias", Time since last: 326644 ns, Reaching safepoint: 106767 ns, At safepoint: 33276 ns, Total: 140043 ns
[2020-09-11T15:40:28.026+0000][1][safepoint    ] Safepoint "RevokeBias", Time since last: 818376334 ns, Reaching safepoint: 90095 ns, At safepoint: 21114 ns, Total: 111209 ns
[2020-09-11T15:40:28.026+0000][1][safepoint    ] Safepoint "RevokeBias", Time since last: 109971 ns, Reaching safepoint: 29487 ns, At safepoint: 11449 ns, Total: 40936 ns
[2020-09-11T15:40:28.026+0000][1][safepoint    ] Safepoint "RevokeBias", Time since last: 229206 ns, Reaching safepoint: 30150 ns, At safepoint: 10994 ns, Total: 41144 ns
[2020-09-11T15:40:28.026+0000][1][safepoint    ] Safepoint "RevokeBias", Time since last: 42145 ns, Reaching safepoint: 27608 ns, At safepoint: 10584 ns, Total: 38192 ns
[2020-09-11T15:40:28.026+0000][1][safepoint    ] Safepoint "RevokeBias", Time since last: 37894 ns, Reaching safepoint: 27333 ns, At safepoint: 9986 ns, Total: 37319 ns
[2020-09-11T15:40:28.029+0000][1][safepoint    ] Safepoint "RevokeBias", Time since last: 1258819 ns, Reaching safepoint: 1254673 ns, At safepoint: 16961 ns, Total: 1271634 ns
[2020-09-11T15:40:28.031+0000][1][safepoint    ] Safepoint "RevokeBias", Time since last: 956108 ns, Reaching safepoint: 1132614 ns, At safepoint: 19101 ns, Total: 1151715 ns
[2020-09-11T15:40:28.096+0000][1][safepoint    ] Safepoint "Deoptimize", Time since last: 61856577 ns, Reaching safepoint: 2138215 ns, At safepoint: 730142 ns, Total: 2868357 ns
[2020-09-11T15:40:28.124+0000][1][safepoint    ] Safepoint "RevokeBias", Time since last: 28169820 ns, Reaching safepoint: 156688 ns, At safepoint: 20747 ns, Total: 177435 ns
[2020-09-11T15:40:28.237+0000][1][safepoint    ] Safepoint "ICBufferFull", Time since last: 112792869 ns, Reaching safepoint: 261468 ns, At safepoint: 8665 ns, Total: 270133 ns
[2020-09-11T15:40:28.899+0000][1][safepoint    ] Safepoint "RevokeBias", Time since last: 662132916 ns, Reaching safepoint: 100758 ns, At safepoint: 28828 ns, Total: 129586 ns
[2020-09-11T15:40:28.901+0000][1][safepoint    ] Safepoint "RevokeBias", Time since last: 1296283 ns, Reaching safepoint: 162179 ns, At safepoint: 18258 ns, Total: 180437 ns
[2020-09-11T15:40:28.941+0000][1][safepoint    ] Safepoint "RevokeBias", Time since last: 40212788 ns, Reaching safepoint: 147710 ns, At safepoint: 21356 ns, Total: 169066 ns
[2020-09-11T15:40:28.971+0000][1][safepoint    ] Safepoint "RevokeBias", Time since last: 29766950 ns, Reaching safepoint: 213586 ns, At safepoint: 22043 ns, Total: 235629 ns
[2020-09-11T15:40:29.007+0000][1][safepoint    ] Safepoint "RevokeBias", Time since last: 35784923 ns, Reaching safepoint: 82288 ns, At safepoint: 20714 ns, Total: 103002 ns
[2020-09-11T15:40:29.015+0000][1][safepoint    ] Safepoint "RevokeBias", Time since last: 5970511 ns, Reaching safepoint: 1819889 ns, At safepoint: 29430 ns, Total: 1849319 ns
[2020-09-11T15:40:29.080+0000][1][safepoint    ] Safepoint "RevokeBias", Time since last: 64659896 ns, Reaching safepoint: 84211 ns, At safepoint: 20643 ns, Total: 104854 ns
[2020-09-11T15:40:29.101+0000][1][safepoint    ] Safepoint "RevokeBias", Time since last: 20982790 ns, Reaching safepoint: 69278 ns, At safepoint: 20627 ns, Total: 89905 ns
[2020-09-11T15:40:29.620+0000][1][safepoint    ] Safepoint "RevokeBias", Time since last: 518842792 ns, Reaching safepoint: 75618 ns, At safepoint: 25639 ns, Total: 101257 ns
[2020-09-11T15:40:29.693+0000][1][gc,start     ] GC(75) Pause Young (Allocation Failure)
[2020-09-11T15:40:29.693+0000][1][gc,task      ] GC(75) Using 1 workers of 1 for evacuation
[2020-09-11T15:40:29.720+0000][1][gc,age       ] GC(75) Desired survivor size 4358144 bytes, new threshold 6 (max threshold 6)
[2020-09-11T15:40:29.720+0000][1][gc,age       ] GC(75) Age table with threshold 6 (max threshold 6)
[2020-09-11T15:40:29.720+0000][1][gc,age       ] GC(75) - age   1:    1020280 bytes,    1020280 total
[2020-09-11T15:40:29.720+0000][1][gc,heap      ] GC(75) ParNew: 76672K->6558K(76672K)
[2020-09-11T15:40:29.720+0000][1][gc,heap      ] GC(75) CMS: 77534K->79184K(439104K)
[2020-09-11T15:40:29.720+0000][1][gc,metaspace ] GC(75) Metaspace: 88092K->88092K(1130496K)
[2020-09-11T15:40:29.720+0000][1][gc           ] GC(75) Pause Young (Allocation Failure) 150M->83M(503M) 26.902ms
[2020-09-11T15:40:29.720+0000][1][gc,cpu       ] GC(75) User=0.01s Sys=0.00s Real=0.02s
[2020-09-11T15:40:29.765+0000][1][safepoint    ] Safepoint "GenCollectForAllocation", Time since last: 72781782 ns, Reaching safepoint: 385724 ns, At safepoint: 71981271 ns, Total: 72366995 ns
[2020-09-11T15:40:29.794+0000][1][safepoint    ] Safepoint "RevokeBias", Time since last: 29236375 ns, Reaching safepoint: 154161 ns, At safepoint: 20809 ns, Total: 174970 ns
[2020-09-11T15:40:29.795+0000][1][safepoint    ] Safepoint "RevokeBias", Time since last: 572536 ns, Reaching safepoint: 47371 ns, At safepoint: 12615 ns, Total: 59986 ns
[2020-09-11T15:40:29.836+0000][1][safepoint    ] Safepoint "RevokeBias", Time since last: 40530210 ns, Reaching safepoint: 145209 ns, At safepoint: 20317 ns, Total: 165526 ns
[2020-09-11T15:40:29.953+0000][1][safepoint    ] Safepoint "RevokeBias", Time since last: 116908958 ns, Reaching safepoint: 94203 ns, At safepoint: 24641 ns, Total: 118844 ns
[2020-09-11T15:40:30.953+0000][1][safepoint    ] Safepoint "Cleanup", Time since last: 1000109087 ns, Reaching safepoint: 104842 ns, At safepoint: 6992 ns, Total: 111834 ns
[2020-09-11T15:40:31.214+0000][1][safepoint    ] Safepoint "RevokeBias", Time since last: 261543971 ns, Reaching safepoint: 78204 ns, At safepoint: 20646 ns, Total: 98850 ns
[2020-09-11T15:40:31.374+0000][1][safepoint    ] Safepoint "RevokeBias", Time since last: 159447156 ns, Reaching safepoint: 161685 ns, At safepoint: 24386 ns, Total: 186071 ns
[2020-09-11T15:40:31.653+0000][1][safepoint    ] Safepoint "RevokeBias", Time since last: 278479121 ns, Reaching safepoint: 67991 ns, At safepoint: 19186 ns, Total: 87177 ns
[2020-09-11T15:40:31.811+0000][1][safepoint    ] Safepoint "RevokeBias", Time since last: 158440436 ns, Reaching safepoint: 79492 ns, At safepoint: 20603 ns, Total: 100095 ns
[2020-09-11T15:40:31.812+0000][1][safepoint    ] Safepoint "RevokeBias", Time since last: 462176 ns, Reaching safepoint: 111651 ns, At safepoint: 15088 ns, Total: 126739 ns
[2020-09-11T15:40:31.813+0000][1][safepoint    ] Safepoint "RevokeBias", Time since last: 45459 ns, Reaching safepoint: 986606 ns, At safepoint: 13625 ns, Total: 1000231 ns
[2020-09-11T15:40:31.813+0000][1][safepoint    ] Safepoint "RevokeBias", Time since last: 107955 ns, Reaching safepoint: 105246 ns, At safepoint: 12457 ns, Total: 117703 ns
[2020-09-11T15:40:31.813+0000][1][safepoint    ] Safepoint "RevokeBias", Time since last: 42682 ns, Reaching safepoint: 104030 ns, At safepoint: 12831 ns, Total: 116861 ns
[2020-09-11T15:40:31.813+0000][1][safepoint    ] Safepoint "RevokeBias", Time since last: 115849 ns, Reaching safepoint: 104387 ns, At safepoint: 13137 ns, Total: 117524 ns
[2020-09-11T15:40:31.814+0000][1][safepoint    ] Safepoint "RevokeBias", Time since last: 106793 ns, Reaching safepoint: 105677 ns, At safepoint: 12059 ns, Total: 117736 ns
[2020-09-11T15:40:31.870+0000][1][safepoint    ] Safepoint "BulkRevokeBias", Time since last: 55844637 ns, Reaching safepoint: 164038 ns, At safepoint: 240233 ns, Total: 404271 ns
[2020-09-11T15:40:31.927+0000][1][safepoint    ] Safepoint "RevokeBias", Time since last: 56826342 ns, Reaching safepoint: 75211 ns, At safepoint: 19001 ns, Total: 94212 ns
[2020-09-11T15:40:31.954+0000][1][safepoint    ] Safepoint "RevokeBias", Time since last: 25988193 ns, Reaching safepoint: 757201 ns, At safepoint: 22397 ns, Total: 779598 ns
[2020-09-11T15:40:32.050+0000][1][safepoint    ] Safepoint "RevokeBias", Time since last: 84407666 ns, Reaching safepoint: 11942573 ns, At safepoint: 29015 ns, Total: 11971588 ns
[2020-09-11T15:40:32.405+0000][1][safepoint    ] Safepoint "RevokeBias", Time since last: 353936145 ns, Reaching safepoint: 659538 ns, At safepoint: 23778 ns, Total: 683316 ns
[2020-09-11T15:40:32.577+0000][1][safepoint    ] Safepoint "RevokeBias", Time since last: 172181862 ns, Reaching safepoint: 96078 ns, At safepoint: 23794 ns, Total: 119872 ns
[2020-09-11T15:40:32.714+0000][1][safepoint    ] Safepoint "RevokeBias", Time since last: 136558028 ns, Reaching safepoint: 90756 ns, At safepoint: 21256 ns, Total: 112012 ns
[2020-09-11T15:40:32.773+0000][1][safepoint    ] Safepoint "RevokeBias", Time since last: 59721925 ns, Reaching safepoint: 78655 ns, At safepoint: 21531 ns, Total: 100186 ns
[2020-09-11T15:40:32.782+0000][1][safepoint    ] Safepoint "RevokeBias", Time since last: 8354987 ns, Reaching safepoint: 75525 ns, At safepoint: 20494 ns, Total: 96019 ns
[2020-09-11T15:40:32.793+0000][1][safepoint    ] Safepoint "RevokeBias", Time since last: 10874334 ns, Reaching safepoint: 100801 ns, At safepoint: 42991 ns, Total: 143792 ns
[2020-09-11T15:40:33.393+0000][1][safepoint    ] Safepoint "RevokeBias", Time since last: 599910683 ns, Reaching safepoint: 100545 ns, At safepoint: 21737 ns, Total: 122282 ns
[2020-09-11T15:40:33.603+0000][1][safepoint    ] Safepoint "RevokeBias", Time since last: 207640252 ns, Reaching safepoint: 2634916 ns, At safepoint: 30182 ns, Total: 2665098 ns
[2020-09-11T15:40:33.645+0000][1][safepoint    ] Safepoint "RevokeBias", Time since last: 42110967 ns, Reaching safepoint: 154111 ns, At safepoint: 21490 ns, Total: 175601 ns
[2020-09-11T15:40:34.600+0000][1][safepoint    ] Safepoint "RevokeBias", Time since last: 954480071 ns, Reaching safepoint: 167867 ns, At safepoint: 22465 ns, Total: 190332 ns
[2020-09-11T15:40:34.601+0000][1][safepoint    ] Safepoint "RevokeBias", Time since last: 127680 ns, Reaching safepoint: 507782 ns, At safepoint: 14595 ns, Total: 522377 ns
[2020-09-11T15:40:34.601+0000][1][safepoint    ] Safepoint "RevokeBias", Time since last: 51197 ns, Reaching safepoint: 183215 ns, At safepoint: 13555 ns, Total: 196770 ns
[2020-09-11T15:40:34.602+0000][1][safepoint    ] Safepoint "RevokeBias", Time since last: 38265 ns, Reaching safepoint: 411035 ns, At safepoint: 12870 ns, Total: 423905 ns
[2020-09-11T15:40:34.602+0000][1][safepoint    ] Safepoint "RevokeBias", Time since last: 48981 ns, Reaching safepoint: 106702 ns, At safepoint: 12652 ns, Total: 119354 ns
[2020-09-11T15:40:34.602+0000][1][safepoint    ] Safepoint "RevokeBias", Time since last: 37870 ns, Reaching safepoint: 105830 ns, At safepoint: 12199 ns, Total: 118029 ns
[2020-09-11T15:40:34.603+0000][1][safepoint    ] Safepoint "RevokeBias", Time since last: 37508 ns, Reaching safepoint: 881357 ns, At safepoint: 13226 ns, Total: 894583 ns
[2020-09-11T15:40:34.604+0000][1][safepoint    ] Safepoint "RevokeBias", Time since last: 41898 ns, Reaching safepoint: 1245644 ns, At safepoint: 14732 ns, Total: 1260376 ns
[2020-09-11T15:40:34.604+0000][1][safepoint    ] Safepoint "RevokeBias", Time since last: 47241 ns, Reaching safepoint: 106593 ns, At safepoint: 12900 ns, Total: 119493 ns
[2020-09-11T15:40:34.604+0000][1][safepoint    ] Safepoint "RevokeBias", Time since last: 38639 ns, Reaching safepoint: 104877 ns, At safepoint: 12253 ns, Total: 117130 ns
[2020-09-11T15:40:34.613+0000][1][safepoint    ] Safepoint "RevokeBias", Time since last: 2372640 ns, Reaching safepoint: 6154360 ns, At safepoint: 29378 ns, Total: 6183738 ns
[2020-09-11T15:40:34.921+0000][1][safepoint    ] Safepoint "RevokeBias", Time since last: 308062886 ns, Reaching safepoint: 177960 ns, At safepoint: 19360 ns, Total: 197320 ns
[2020-09-11T15:40:34.921+0000][1][safepoint    ] Safepoint "RevokeBias", Time since last: 65657 ns, Reaching safepoint: 37932 ns, At safepoint: 11047 ns, Total: 48979 ns
[2020-09-11T15:40:35.284+0000][1][safepoint    ] Safepoint "RevokeBias", Time since last: 362863667 ns, Reaching safepoint: 169610 ns, At safepoint: 20769 ns, Total: 190379 ns
[2020-09-11T15:40:35.345+0000][1][safepoint    ] Safepoint "RevokeBias", Time since last: 60903262 ns, Reaching safepoint: 76759 ns, At safepoint: 21401 ns, Total: 98160 ns
[2020-09-11T15:40:35.569+0000][1][safepoint    ] Safepoint "RevokeBias", Time since last: 216785562 ns, Reaching safepoint: 6718441 ns, At safepoint: 21393 ns, Total: 6739834 ns
[2020-09-11T15:40:35.601+0000][1][safepoint    ] Safepoint "RevokeBias", Time since last: 19539217 ns, Reaching safepoint: 12428913 ns, At safepoint: 25226 ns, Total: 12454139 ns
[2020-09-11T15:40:35.749+0000][1][safepoint    ] Safepoint "RevokeBias", Time since last: 148235296 ns, Reaching safepoint: 158318 ns, At safepoint: 23038 ns, Total: 181356 ns
[2020-09-11T15:40:35.790+0000][1][safepoint    ] Safepoint "RevokeBias", Time since last: 24280661 ns, Reaching safepoint: 16827732 ns, At safepoint: 32434 ns, Total: 16860166 ns
[2020-09-11T15:40:35.805+0000][1][safepoint    ] Safepoint "RevokeBias", Time since last: 14234021 ns, Reaching safepoint: 208069 ns, At safepoint: 21924 ns, Total: 229993 ns
[2020-09-11T15:40:35.897+0000][1][gc,start     ] GC(76) Pause Young (Allocation Failure)
[2020-09-11T15:40:35.897+0000][1][gc,task      ] GC(76) Using 1 workers of 1 for evacuation
[2020-09-11T15:40:35.937+0000][1][gc,age       ] GC(76) Desired survivor size 4358144 bytes, new threshold 1 (max threshold 6)
[2020-09-11T15:40:35.937+0000][1][gc,age       ] GC(76) Age table with threshold 1 (max threshold 6)
[2020-09-11T15:40:35.937+0000][1][gc,age       ] GC(76) - age   1:    5569688 bytes,    5569688 total
[2020-09-11T15:40:35.937+0000][1][gc,age       ] GC(76) - age   2:     916048 bytes,    6485736 total
[2020-09-11T15:40:35.937+0000][1][gc,heap      ] GC(76) ParNew: 74710K->7305K(76672K)
[2020-09-11T15:40:35.937+0000][1][gc,heap      ] GC(76) CMS: 79184K->79184K(439104K)
[2020-09-11T15:40:35.937+0000][1][gc,metaspace ] GC(76) Metaspace: 88401K->88401K(1130496K)
[2020-09-11T15:40:35.937+0000][1][gc           ] GC(76) Pause Young (Allocation Failure) 150M->84M(503M) 39.659ms
[2020-09-11T15:40:35.937+0000][1][gc,cpu       ] GC(76) User=0.01s Sys=0.00s Real=0.04s
[2020-09-11T15:40:35.941+0000][1][safepoint    ] Safepoint "GenCollectForAllocation", Time since last: 91851177 ns, Reaching safepoint: 609864 ns, At safepoint: 43423942 ns, Total: 44033806 ns
[2020-09-11T15:40:36.041+0000][1][safepoint    ] Safepoint "RevokeBias", Time since last: 98231921 ns, Reaching safepoint: 1824223 ns, At safepoint: 31167 ns, Total: 1855390 ns
[2020-09-11T15:40:36.049+0000][1][safepoint    ] Safepoint "RevokeBias", Time since last: 7761594 ns, Reaching safepoint: 168282 ns, At safepoint: 22490 ns, Total: 190772 ns
[2020-09-11T15:40:36.050+0000][1][safepoint    ] Safepoint "RevokeBias", Time since last: 225550 ns, Reaching safepoint: 440190 ns, At safepoint: 15744 ns, Total: 455934 ns
[2020-09-11T15:40:36.050+0000][1][safepoint    ] Safepoint "RevokeBias", Time since last: 51932 ns, Reaching safepoint: 107800 ns, At safepoint: 12938 ns, Total: 120738 ns
[2020-09-11T15:40:36.050+0000][1][safepoint    ] Safepoint "RevokeBias", Time since last: 37832 ns, Reaching safepoint: 329525 ns, At safepoint: 13225 ns, Total: 342750 ns
[2020-09-11T15:40:36.053+0000][1][safepoint    ] Safepoint "RevokeBias", Time since last: 47455 ns, Reaching safepoint: 2694425 ns, At safepoint: 21328 ns, Total: 2715753 ns
[2020-09-11T15:40:36.053+0000][1][safepoint    ] Safepoint "RevokeBias", Time since last: 49746 ns, Reaching safepoint: 369685 ns, At safepoint: 14126 ns, Total: 383811 ns
[2020-09-11T15:40:36.054+0000][1][safepoint    ] Safepoint "RevokeBias", Time since last: 38685 ns, Reaching safepoint: 579225 ns, At safepoint: 13666 ns, Total: 592891 ns
[2020-09-11T15:40:36.054+0000][1][safepoint    ] Safepoint "BulkRevokeBias", Time since last: 40059 ns, Reaching safepoint: 256988 ns, At safepoint: 233322 ns, Total: 490310 ns
[2020-09-11T15:40:36.055+0000][1][safepoint    ] Safepoint "RevokeBias", Time since last: 88631 ns, Reaching safepoint: 724005 ns, At safepoint: 15782 ns, Total: 739787 ns
[2020-09-11T15:40:36.056+0000][1][safepoint    ] Safepoint "RevokeBias", Time since last: 92961 ns, Reaching safepoint: 400288 ns, At safepoint: 14136 ns, Total: 414424 ns
[2020-09-11T15:40:36.057+0000][1][safepoint    ] Safepoint "RevokeBias", Time since last: 51950 ns, Reaching safepoint: 660821 ns, At safepoint: 14485 ns, Total: 675306 ns
[2020-09-11T15:40:36.057+0000][1][safepoint    ] Safepoint "RevokeBias", Time since last: 51558 ns, Reaching safepoint: 248755 ns, At safepoint: 13374 ns, Total: 262129 ns
[2020-09-11T15:40:36.057+0000][1][safepoint    ] Safepoint "RevokeBias", Time since last: 55043 ns, Reaching safepoint: 169533 ns, At safepoint: 11630 ns, Total: 181163 ns
[2020-09-11T15:40:36.061+0000][1][safepoint    ] Safepoint "RevokeBias", Time since last: 43835 ns, Reaching safepoint: 3739376 ns, At safepoint: 38058 ns, Total: 3777434 ns
[2020-09-11T15:40:36.061+0000][1][safepoint    ] Safepoint "RevokeBias", Time since last: 74123 ns, Reaching safepoint: 341454 ns, At safepoint: 21468 ns, Total: 362922 ns
[2020-09-11T15:40:36.062+0000][1][safepoint    ] Safepoint "RevokeBias", Time since last: 41926 ns, Reaching safepoint: 133837 ns, At safepoint: 20035 ns, Total: 153872 ns
[2020-09-11T15:40:36.062+0000][1][safepoint    ] Safepoint "RevokeBias", Time since last: 44032 ns, Reaching safepoint: 178138 ns, At safepoint: 19525 ns, Total: 197663 ns
[2020-09-11T15:40:36.062+0000][1][safepoint    ] Safepoint "RevokeBias", Time since last: 39024 ns, Reaching safepoint: 105276 ns, At safepoint: 19104 ns, Total: 124380 ns
[2020-09-11T15:40:36.062+0000][1][safepoint    ] Safepoint "RevokeBias", Time since last: 36938 ns, Reaching safepoint: 139396 ns, At safepoint: 18968 ns, Total: 158364 ns
[2020-09-11T15:40:36.117+0000][1][safepoint    ] Safepoint "RevokeBias", Time since last: 51954082 ns, Reaching safepoint: 2784678 ns, At safepoint: 41845 ns, Total: 2826523 ns
[2020-09-11T15:40:36.117+0000][1][safepoint    ] Safepoint "RevokeBias", Time since last: 54115 ns, Reaching safepoint: 505107 ns, At safepoint: 24553 ns, Total: 529660 ns
[2020-09-11T15:40:36.118+0000][1][safepoint    ] Safepoint "RevokeBias", Time since last: 39709 ns, Reaching safepoint: 104771 ns, At safepoint: 27910 ns, Total: 132681 ns
[2020-09-11T15:40:36.130+0000][1][safepoint    ] Safepoint "RevokeBias", Time since last: 38029 ns, Reaching safepoint: 105407 ns, At safepoint: 11835635 ns, Total: 11941042 ns
[2020-09-11T15:40:36.133+0000][1][safepoint    ] Safepoint "RevokeBias", Time since last: 58187 ns, Reaching safepoint: 3166767 ns, At safepoint: 28885 ns, Total: 3195652 ns
[2020-09-11T15:40:36.133+0000][1][safepoint    ] Safepoint "RevokeBias", Time since last: 55884 ns, Reaching safepoint: 279965 ns, At safepoint: 15167 ns, Total: 295132 ns
[2020-09-11T15:40:36.134+0000][1][safepoint    ] Safepoint "RevokeBias", Time since last: 69267 ns, Reaching safepoint: 757568 ns, At safepoint: 14988 ns, Total: 772556 ns
[2020-09-11T15:40:36.485+0000][1][safepoint    ] Safepoint "RevokeBias", Time since last: 347919431 ns, Reaching safepoint: 2921379 ns, At safepoint: 33356 ns, Total: 2954735 ns
[2020-09-11T15:40:36.486+0000][1][safepoint    ] Safepoint "RevokeBias", Time since last: 83203 ns, Reaching safepoint: 832025 ns, At safepoint: 18775 ns, Total: 850800 ns
[2020-09-11T15:40:36.615+0000][1][safepoint    ] Safepoint "RevokeBias", Time since last: 125712357 ns, Reaching safepoint: 3267935 ns, At safepoint: 50618 ns, Total: 3318553 ns
[2020-09-11T15:40:36.695+0000][1][safepoint    ] Safepoint "RevokeBias", Time since last: 79126997 ns, Reaching safepoint: 903911 ns, At safepoint: 26662 ns, Total: 930573 ns
[2020-09-11T15:40:36.729+0000][1][safepoint    ] Safepoint "RevokeBias", Time since last: 33843564 ns, Reaching safepoint: 173495 ns, At safepoint: 49755 ns, Total: 223250 ns
[2020-09-11T15:40:37.026+0000][1][safepoint    ] Safepoint "RevokeBias", Time since last: 296364338 ns, Reaching safepoint: 186516 ns, At safepoint: 20966 ns, Total: 207482 ns
[2020-09-11T15:40:37.347+0000][1][safepoint    ] Safepoint "RevokeBias", Time since last: 312224833 ns, Reaching safepoint: 9484499 ns, At safepoint: 26287 ns, Total: 9510786 ns
[2020-09-11T15:40:37.369+0000][1][safepoint    ] Safepoint "RevokeBias", Time since last: 21196900 ns, Reaching safepoint: 169384 ns, At safepoint: 20683 ns, Total: 190067 ns
[2020-09-11T15:40:37.713+0000][1][safepoint    ] Safepoint "RevokeBias", Time since last: 340400583 ns, Reaching safepoint: 3716500 ns, At safepoint: 29973 ns, Total: 3746473 ns
[2020-09-11T15:40:37.721+0000][1][safepoint    ] Safepoint "RevokeBias", Time since last: 7926284 ns, Reaching safepoint: 104760 ns, At safepoint: 25469 ns, Total: 130229 ns
[2020-09-11T15:40:37.763+0000][1][safepoint    ] Safepoint "RevokeBias", Time since last: 39871471 ns, Reaching safepoint: 2041796 ns, At safepoint: 28833 ns, Total: 2070629 ns
[2020-09-11T15:40:37.763+0000][1][safepoint    ] Safepoint "RevokeBias", Time since last: 330276 ns, Reaching safepoint: 119315 ns, At safepoint: 14420 ns, Total: 133735 ns
[2020-09-11T15:40:38.066+0000][1][safepoint    ] Safepoint "RevokeBias", Time since last: 302979031 ns, Reaching safepoint: 82192 ns, At safepoint: 20516 ns, Total: 102708 ns
[2020-09-11T15:40:39.067+0000][1][safepoint    ] Safepoint "Cleanup", Time since last: 1000107424 ns, Reaching safepoint: 104917 ns, At safepoint: 9013 ns, Total: 113930 ns
[2020-09-11T15:40:40.067+0000][1][safepoint    ] Safepoint "Cleanup", Time since last: 1000114670 ns, Reaching safepoint: 115249 ns, At safepoint: 9043 ns, Total: 124292 ns
[2020-09-11T15:40:41.067+0000][1][safepoint    ] Safepoint "Cleanup", Time since last: 1000107106 ns, Reaching safepoint: 89848 ns, At safepoint: 10623 ns, Total: 100471 ns
[2020-09-11T15:40:41.508+0000][1][safepoint    ] Safepoint "RevokeBias", Time since last: 440977544 ns, Reaching safepoint: 151826 ns, At safepoint: 22758 ns, Total: 174584 ns
[2020-09-11T15:40:41.513+0000][1][safepoint    ] Safepoint "RevokeBias", Time since last: 4544242 ns, Reaching safepoint: 360187 ns, At safepoint: 10072 ns, Total: 370259 ns
[2020-09-11T15:40:41.514+0000][1][safepoint    ] Safepoint "RevokeBias", Time since last: 295220 ns, Reaching safepoint: 107277 ns, At safepoint: 7410 ns, Total: 114687 ns
[2020-09-11T15:40:41.536+0000][1][safepoint    ] Safepoint "RevokeBias", Time since last: 21526114 ns, Reaching safepoint: 1296999 ns, At safepoint: 16397 ns, Total: 1313396 ns
[2020-09-11T15:40:41.537+0000][1][safepoint    ] Safepoint "RevokeBias", Time since last: 87141 ns, Reaching safepoint: 300440 ns, At safepoint: 6747 ns, Total: 307187 ns
[2020-09-11T15:40:41.540+0000][1][safepoint    ] Safepoint "RevokeBias", Time since last: 34249 ns, Reaching safepoint: 3096515 ns, At safepoint: 8059 ns, Total: 3104574 ns
[2020-09-11T15:40:41.627+0000][1][gc,start     ] GC(77) Pause Young (Allocation Failure)
[2020-09-11T15:40:41.627+0000][1][gc,task      ] GC(77) Using 1 workers of 1 for evacuation
[2020-09-11T15:40:41.653+0000][1][gc,age       ] GC(77) Desired survivor size 4358144 bytes, new threshold 6 (max threshold 6)
[2020-09-11T15:40:41.653+0000][1][gc,age       ] GC(77) Age table with threshold 6 (max threshold 6)
[2020-09-11T15:40:41.653+0000][1][gc,age       ] GC(77) - age   1:    2633056 bytes,    2633056 total
[2020-09-11T15:40:41.653+0000][1][gc,heap      ] GC(77) ParNew: 75465K->5206K(76672K)
[2020-09-11T15:40:41.653+0000][1][gc,heap      ] GC(77) CMS: 79184K->80801K(439104K)
[2020-09-11T15:40:41.653+0000][1][gc,metaspace ] GC(77) Metaspace: 89482K->89482K(1132544K)
[2020-09-11T15:40:41.653+0000][1][gc           ] GC(77) Pause Young (Allocation Failure) 151M->83M(503M) 26.724ms
[2020-09-11T15:40:41.653+0000][1][gc,cpu       ] GC(77) User=0.01s Sys=0.00s Real=0.03s
[2020-09-11T15:40:41.653+0000][1][safepoint    ] Safepoint "GenCollectForAllocation", Time since last: 86525654 ns, Reaching safepoint: 163125 ns, At safepoint: 26795347 ns, Total: 26958472 ns
[2020-09-11T15:40:41.817+0000][1][safepoint    ] Safepoint "RevokeBias", Time since last: 163364784 ns, Reaching safepoint: 254033 ns, At safepoint: 25080 ns, Total: 279113 ns
[2020-09-11T15:40:41.886+0000][1][safepoint    ] Safepoint "RevokeBias", Time since last: 57638178 ns, Reaching safepoint: 11220604 ns, At safepoint: 26143 ns, Total: 11246747 ns
[2020-09-11T15:40:41.886+0000][1][safepoint    ] Safepoint "RevokeBias", Time since last: 193375 ns, Reaching safepoint: 106986 ns, At safepoint: 13291 ns, Total: 120277 ns
[2020-09-11T15:40:41.886+0000][1][safepoint    ] Safepoint "RevokeBias", Time since last: 69908 ns, Reaching safepoint: 105890 ns, At safepoint: 11921 ns, Total: 117811 ns
[2020-09-11T15:40:41.887+0000][1][safepoint    ] Safepoint "RevokeBias", Time since last: 66796 ns, Reaching safepoint: 105617 ns, At safepoint: 12897 ns, Total: 118514 ns
[2020-09-11T15:40:41.887+0000][1][safepoint    ] Safepoint "RevokeBias", Time since last: 479683 ns, Reaching safepoint: 108542 ns, At safepoint: 13276 ns, Total: 121818 ns
[2020-09-11T15:40:41.891+0000][1][safepoint    ] Safepoint "RevokeBias", Time since last: 87145 ns, Reaching safepoint: 3171420 ns, At safepoint: 27509 ns, Total: 3198929 ns
[2020-09-11T15:40:41.891+0000][1][safepoint    ] Safepoint "RevokeBias", Time since last: 133670 ns, Reaching safepoint: 106945 ns, At safepoint: 12921 ns, Total: 119866 ns
[2020-09-11T15:40:41.891+0000][1][safepoint    ] Safepoint "RevokeBias", Time since last: 74945 ns, Reaching safepoint: 106800 ns, At safepoint: 12426 ns, Total: 119226 ns
[2020-09-11T15:40:41.891+0000][1][safepoint    ] Safepoint "RevokeBias", Time since last: 64411 ns, Reaching safepoint: 102702 ns, At safepoint: 11626 ns, Total: 114328 ns
[2020-09-11T15:40:41.891+0000][1][safepoint    ] Safepoint "RevokeBias", Time since last: 91058 ns, Reaching safepoint: 103293 ns, At safepoint: 11542 ns, Total: 114835 ns
[2020-09-11T15:40:41.989+0000][1][safepoint    ] Safepoint "RevokeBias", Time since last: 89278058 ns, Reaching safepoint: 8681195 ns, At safepoint: 27931 ns, Total: 8709126 ns
[2020-09-11T15:40:42.018+0000][1][safepoint    ] Safepoint "RevokeBias", Time since last: 23368608 ns, Reaching safepoint: 5246645 ns, At safepoint: 34237 ns, Total: 5280882 ns
[2020-09-11T15:40:42.064+0000][1][safepoint    ] Safepoint "BulkRevokeBias", Time since last: 42185114 ns, Reaching safepoint: 2717981 ns, At safepoint: 649365 ns, Total: 3367346 ns
[2020-09-11T15:40:42.105+0000][1][safepoint    ] Safepoint "RevokeBias", Time since last: 41664063 ns, Reaching safepoint: 162331 ns, At safepoint: 22181 ns, Total: 184512 ns
[2020-09-11T15:40:43.106+0000][1][safepoint    ] Safepoint "Cleanup", Time since last: 1000113784 ns, Reaching safepoint: 88737 ns, At safepoint: 8560 ns, Total: 97297 ns
[2020-09-11T15:40:43.617+0000][1][safepoint    ] Safepoint "RevokeBias", Time since last: 510782054 ns, Reaching safepoint: 443417 ns, At safepoint: 25931 ns, Total: 469348 ns
[2020-09-11T15:40:44.185+0000][1][safepoint    ] Safepoint "RevokeBias", Time since last: 566347676 ns, Reaching safepoint: 1657425 ns, At safepoint: 25519 ns, Total: 1682944 ns
[2020-09-11T15:40:44.188+0000][1][safepoint    ] Safepoint "RevokeBias", Time since last: 1266512 ns, Reaching safepoint: 1712466 ns, At safepoint: 26259 ns, Total: 1738725 ns
[2020-09-11T15:40:44.206+0000][1][safepoint    ] Safepoint "RevokeBias", Time since last: 16902682 ns, Reaching safepoint: 1338956 ns, At safepoint: 26553 ns, Total: 1365509 ns
[2020-09-11T15:40:44.208+0000][1][safepoint    ] Safepoint "RevokeBias", Time since last: 980760 ns, Reaching safepoint: 1255723 ns, At safepoint: 22875 ns, Total: 1278598 ns
[2020-09-11T15:40:44.224+0000][1][safepoint    ] Safepoint "RevokeBias", Time since last: 14806159 ns, Reaching safepoint: 178097 ns, At safepoint: 167083 ns, Total: 345180 ns
[2020-09-11T15:40:44.224+0000][1][safepoint    ] Safepoint "RevokeBias", Time since last: 173558 ns, Reaching safepoint: 116498 ns, At safepoint: 13766 ns, Total: 130264 ns
[2020-09-11T15:40:44.225+0000][1][safepoint    ] Safepoint "RevokeBias", Time since last: 97152 ns, Reaching safepoint: 833531 ns, At safepoint: 158885 ns, Total: 992416 ns
[2020-09-11T15:40:44.229+0000][1][safepoint    ] Safepoint "RevokeBias", Time since last: 53572 ns, Reaching safepoint: 3857130 ns, At safepoint: 161789 ns, Total: 4018919 ns
[2020-09-11T15:40:44.409+0000][1][safepoint    ] Safepoint "RevokeBias", Time since last: 179439063 ns, Reaching safepoint: 88621 ns, At safepoint: 28898 ns, Total: 117519 ns
[2020-09-11T15:40:44.409+0000][1][safepoint    ] Safepoint "RevokeBias", Time since last: 110465 ns, Reaching safepoint: 44200 ns, At safepoint: 11402 ns, Total: 55602 ns
[2020-09-11T15:40:44.409+0000][1][safepoint    ] Safepoint "RevokeBias", Time since last: 577497 ns, Reaching safepoint: 34572 ns, At safepoint: 12071 ns, Total: 46643 ns
[2020-09-11T15:40:44.437+0000][1][safepoint    ] Safepoint "RevokeBias", Time since last: 23620964 ns, Reaching safepoint: 3841694 ns, At safepoint: 26013 ns, Total: 3867707 ns
[2020-09-11T15:40:44.442+0000][1][safepoint    ] Safepoint "RevokeBias", Time since last: 3913421 ns, Reaching safepoint: 917227 ns, At safepoint: 27844 ns, Total: 945071 ns
[2020-09-11T15:40:44.444+0000][1][safepoint    ] Safepoint "RevokeBias", Time since last: 182207 ns, Reaching safepoint: 2338653 ns, At safepoint: 20708 ns, Total: 2359361 ns
[2020-09-11T15:40:44.453+0000][1][safepoint    ] Safepoint "RevokeBias", Time since last: 4775875 ns, Reaching safepoint: 3792248 ns, At safepoint: 27673 ns, Total: 3819921 ns
[2020-09-11T15:40:44.505+0000][1][safepoint    ] Safepoint "RevokeBias", Time since last: 51909625 ns, Reaching safepoint: 151209 ns, At safepoint: 21106 ns, Total: 172315 ns
[2020-09-11T15:40:44.505+0000][1][safepoint    ] Safepoint "RevokeBias", Time since last: 177871 ns, Reaching safepoint: 101157 ns, At safepoint: 12999 ns, Total: 114156 ns
[2020-09-11T15:40:44.526+0000][1][safepoint    ] Safepoint "RevokeBias", Time since last: 19996752 ns, Reaching safepoint: 289028 ns, At safepoint: 22787 ns, Total: 311815 ns
[2020-09-11T15:40:44.526+0000][1][safepoint    ] Safepoint "RevokeBias", Time since last: 78686 ns, Reaching safepoint: 79638 ns, At safepoint: 14062 ns, Total: 93700 ns
[2020-09-11T15:40:44.526+0000][1][safepoint    ] Safepoint "BulkRevokeBias", Time since last: 36592 ns, Reaching safepoint: 104349 ns, At safepoint: 225449 ns, Total: 329798 ns
[2020-09-11T15:40:44.556+0000][1][safepoint    ] Safepoint "RevokeBias", Time since last: 27096181 ns, Reaching safepoint: 3096450 ns, At safepoint: 37802 ns, Total: 3134252 ns
[2020-09-11T15:40:44.557+0000][1][safepoint    ] Safepoint "RevokeBias", Time since last: 86643 ns, Reaching safepoint: 111373 ns, At safepoint: 22546 ns, Total: 133919 ns
[2020-09-11T15:40:44.557+0000][1][safepoint    ] Safepoint "RevokeBias", Time since last: 224639 ns, Reaching safepoint: 109547 ns, At safepoint: 18950 ns, Total: 128497 ns
[2020-09-11T15:40:44.558+0000][1][safepoint    ] Safepoint "RevokeBias", Time since last: 1032557 ns, Reaching safepoint: 116865 ns, At safepoint: 18425 ns, Total: 135290 ns
[2020-09-11T15:40:44.569+0000][1][safepoint    ] Safepoint "RevokeBias", Time since last: 11115467 ns, Reaching safepoint: 150784 ns, At safepoint: 20676 ns, Total: 171460 ns
[2020-09-11T15:40:44.694+0000][1][gc,start     ] GC(78) Pause Young (Allocation Failure)
[2020-09-11T15:40:44.694+0000][1][gc,task      ] GC(78) Using 1 workers of 1 for evacuation
[2020-09-11T15:40:44.746+0000][1][gc,age       ] GC(78) Desired survivor size 4358144 bytes, new threshold 1 (max threshold 6)
[2020-09-11T15:40:44.746+0000][1][gc,age       ] GC(78) Age table with threshold 1 (max threshold 6)
[2020-09-11T15:40:44.746+0000][1][gc,age       ] GC(78) - age   1:    4630624 bytes,    4630624 total
[2020-09-11T15:40:44.746+0000][1][gc,age       ] GC(78) - age   2:    2579216 bytes,    7209840 total
[2020-09-11T15:40:44.746+0000][1][gc,heap      ] GC(78) ParNew: 72975K->8512K(76672K)
[2020-09-11T15:40:44.746+0000][1][gc,heap      ] GC(78) CMS: 80801K->80801K(439104K)
[2020-09-11T15:40:44.746+0000][1][gc,metaspace ] GC(78) Metaspace: 90443K->90443K(1132544K)
[2020-09-11T15:40:44.746+0000][1][gc           ] GC(78) Pause Young (Allocation Failure) 150M->87M(503M) 51.940ms
[2020-09-11T15:40:44.746+0000][1][gc,cpu       ] GC(78) User=0.01s Sys=0.00s Real=0.05s
[2020-09-11T15:40:44.779+0000][1][safepoint    ] Safepoint "GenCollectForAllocation", Time since last: 124493831 ns, Reaching safepoint: 167958 ns, At safepoint: 84578069 ns, Total: 84746027 ns
[2020-09-11T15:40:45.338+0000][1][safepoint    ] Safepoint "RevokeBias", Time since last: 559385566 ns, Reaching safepoint: 168164 ns, At safepoint: 23617 ns, Total: 191781 ns
[2020-09-11T15:40:45.558+0000][1][safepoint    ] Safepoint "RevokeBias", Time since last: 219829941 ns, Reaching safepoint: 153573 ns, At safepoint: 9984 ns, Total: 163557 ns
[2020-09-11T15:40:45.563+0000][1][safepoint    ] Safepoint "RevokeBias", Time since last: 4435939 ns, Reaching safepoint: 154738 ns, At safepoint: 19133 ns, Total: 173871 ns
[2020-09-11T15:40:45.563+0000][1][safepoint    ] Safepoint "RevokeBias", Time since last: 179855 ns, Reaching safepoint: 110675 ns, At safepoint: 14215 ns, Total: 124890 ns
[2020-09-11T15:40:45.564+0000][1][safepoint    ] Safepoint "RevokeBias", Time since last: 1103581 ns, Reaching safepoint: 110790 ns, At safepoint: 13935 ns, Total: 124725 ns
[2020-09-11T15:40:45.565+0000][1][safepoint    ] Safepoint "RevokeBias", Time since last: 127528 ns, Reaching safepoint: 107059 ns, At safepoint: 12801 ns, Total: 119860 ns
[2020-09-11T15:40:45.565+0000][1][safepoint    ] Safepoint "RevokeBias", Time since last: 120439 ns, Reaching safepoint: 117481 ns, At safepoint: 12552 ns, Total: 130033 ns
[2020-09-11T15:40:45.565+0000][1][safepoint    ] Safepoint "RevokeBias", Time since last: 120328 ns, Reaching safepoint: 106620 ns, At safepoint: 20687 ns, Total: 127307 ns
[2020-09-11T15:40:45.565+0000][1][safepoint    ] Safepoint "RevokeBias", Time since last: 113577 ns, Reaching safepoint: 103656 ns, At safepoint: 11613 ns, Total: 115269 ns
[2020-09-11T15:40:45.566+0000][1][safepoint    ] Safepoint "RevokeBias", Time since last: 664955 ns, Reaching safepoint: 148041 ns, At safepoint: 27210 ns, Total: 175251 ns
[2020-09-11T15:40:45.568+0000][1][safepoint    ] Safepoint "RevokeBias", Time since last: 2054747 ns, Reaching safepoint: 111544 ns, At safepoint: 14147 ns, Total: 125691 ns
[2020-09-11T15:40:46.568+0000][1][safepoint    ] Safepoint "Cleanup", Time since last: 1000095154 ns, Reaching safepoint: 85984 ns, At safepoint: 8218 ns, Total: 94202 ns
[2020-09-11T15:40:47.569+0000][1][safepoint    ] Safepoint "Cleanup", Time since last: 1000114585 ns, Reaching safepoint: 95075 ns, At safepoint: 8301 ns, Total: 103376 ns
[2020-09-11T15:40:48.569+0000][1][safepoint    ] Safepoint "Cleanup", Time since last: 1000134710 ns, Reaching safepoint: 94585 ns, At safepoint: 8360 ns, Total: 102945 ns
[2020-09-11T15:40:49.569+0000][1][safepoint    ] Safepoint "Cleanup", Time since last: 1000118220 ns, Reaching safepoint: 91739 ns, At safepoint: 8598 ns, Total: 100337 ns
[2020-09-11T15:40:50.569+0000][1][safepoint    ] Safepoint "Cleanup", Time since last: 1000122538 ns, Reaching safepoint: 97192 ns, At safepoint: 12972 ns, Total: 110164 ns
[2020-09-11T15:40:51.570+0000][1][safepoint    ] Safepoint "Cleanup", Time since last: 1000121364 ns, Reaching safepoint: 104781 ns, At safepoint: 8134 ns, Total: 112915 ns
[2020-09-11T15:40:51.817+0000][1][safepoint    ] Safepoint "RevokeBias", Time since last: 243857951 ns, Reaching safepoint: 3473735 ns, At safepoint: 31429 ns, Total: 3505164 ns
[2020-09-11T15:40:51.851+0000][1][safepoint    ] Safepoint "RevokeBias", Time since last: 32066421 ns, Reaching safepoint: 1596566 ns, At safepoint: 28871 ns, Total: 1625437 ns
[2020-09-11T15:40:51.927+0000][1][safepoint    ] Safepoint "RevokeBias", Time since last: 73904941 ns, Reaching safepoint: 2405801 ns, At safepoint: 24700 ns, Total: 2430501 ns
[2020-09-11T15:40:51.942+0000][1][safepoint    ] Safepoint "RevokeBias", Time since last: 15244874 ns, Reaching safepoint: 84882 ns, At safepoint: 22320 ns, Total: 107202 ns
[2020-09-11T15:40:52.274+0000][1][safepoint    ] Safepoint "RevokeBias", Time since last: 331075139 ns, Reaching safepoint: 69601 ns, At safepoint: 23510 ns, Total: 93111 ns
[2020-09-11T15:40:53.274+0000][1][safepoint    ] Safepoint "Cleanup", Time since last: 1000209096 ns, Reaching safepoint: 100549 ns, At safepoint: 7452 ns, Total: 108001 ns
[2020-09-11T15:40:53.591+0000][1][safepoint    ] Safepoint "RevokeBias", Time since last: 316592973 ns, Reaching safepoint: 155945 ns, At safepoint: 23953 ns, Total: 179898 ns
[2020-09-11T15:40:53.591+0000][1][safepoint    ] Safepoint "RevokeBias", Time since last: 193312 ns, Reaching safepoint: 102480 ns, At safepoint: 13454 ns, Total: 115934 ns
[2020-09-11T15:40:53.591+0000][1][safepoint    ] Safepoint "RevokeBias", Time since last: 144472 ns, Reaching safepoint: 105718 ns, At safepoint: 13412 ns, Total: 119130 ns
[2020-09-11T15:40:53.591+0000][1][safepoint    ] Safepoint "RevokeBias", Time since last: 53574 ns, Reaching safepoint: 107461 ns, At safepoint: 15783 ns, Total: 123244 ns
[2020-09-11T15:40:53.649+0000][1][gc,start     ] GC(79) Pause Young (Allocation Failure)
[2020-09-11T15:40:53.649+0000][1][gc,task      ] GC(79) Using 1 workers of 1 for evacuation
[2020-09-11T15:40:53.674+0000][1][gc,age       ] GC(79) Desired survivor size 4358144 bytes, new threshold 6 (max threshold 6)
[2020-09-11T15:40:53.674+0000][1][gc,age       ] GC(79) Age table with threshold 6 (max threshold 6)
[2020-09-11T15:40:53.674+0000][1][gc,age       ] GC(79) - age   1:    4321920 bytes,    4321920 total
[2020-09-11T15:40:53.674+0000][1][gc,heap      ] GC(79) ParNew: 76672K->5847K(76672K)
[2020-09-11T15:40:53.674+0000][1][gc,heap      ] GC(79) CMS: 80801K->87549K(439104K)
[2020-09-11T15:40:53.674+0000][1][gc,metaspace ] GC(79) Metaspace: 90524K->90524K(1132544K)
[2020-09-11T15:40:53.674+0000][1][gc           ] GC(79) Pause Young (Allocation Failure) 153M->91M(503M) 24.943ms
[2020-09-11T15:40:53.674+0000][1][gc,cpu       ] GC(79) User=0.02s Sys=0.00s Real=0.03s
[2020-09-11T15:40:53.702+0000][1][safepoint    ] Safepoint "GenCollectForAllocation", Time since last: 53949076 ns, Reaching safepoint: 3564348 ns, At safepoint: 53456350 ns, Total: 57020698 ns
[2020-09-11T15:40:53.718+0000][1][safepoint    ] Safepoint "RevokeBias", Time since last: 15694218 ns, Reaching safepoint: 156668 ns, At safepoint: 33620 ns, Total: 190288 ns
[2020-09-11T15:40:53.933+0000][1][safepoint    ] Safepoint "RevokeBias", Time since last: 214215340 ns, Reaching safepoint: 86065 ns, At safepoint: 20612 ns, Total: 106677 ns
[2020-09-11T15:40:54.578+0000][1][safepoint    ] Safepoint "RevokeBias", Time since last: 644940276 ns, Reaching safepoint: 95295 ns, At safepoint: 21988 ns, Total: 117283 ns
[2020-09-11T15:40:55.578+0000][1][safepoint    ] Safepoint "Cleanup", Time since last: 1000115347 ns, Reaching safepoint: 96642 ns, At safepoint: 12306 ns, Total: 108948 ns
[2020-09-11T15:40:56.578+0000][1][safepoint    ] Safepoint "Cleanup", Time since last: 1000114890 ns, Reaching safepoint: 102294 ns, At safepoint: 8786 ns, Total: 111080 ns
[2020-09-11T15:40:57.578+0000][1][safepoint    ] Safepoint "Cleanup", Time since last: 1000111585 ns, Reaching safepoint: 91953 ns, At safepoint: 11710 ns, Total: 103663 ns
[2020-09-11T15:40:58.579+0000][1][safepoint    ] Safepoint "Cleanup", Time since last: 1000211298 ns, Reaching safepoint: 115184 ns, At safepoint: 7578 ns, Total: 122762 ns
[2020-09-11T15:40:59.571+0000][1][safepoint    ] Safepoint "RevokeBias", Time since last: 992296418 ns, Reaching safepoint: 93309 ns, At safepoint: 53122 ns, Total: 146431 ns
[2020-09-11T15:41:00.572+0000][1][safepoint    ] Safepoint "Cleanup", Time since last: 1000238026 ns, Reaching safepoint: 194451 ns, At safepoint: 19736 ns, Total: 214187 ns
[2020-09-11T15:41:01.935+0000][1][safepoint    ] Safepoint "Cleanup", Time since last: 1363570755 ns, Reaching safepoint: 63313 ns, At safepoint: 6079 ns, Total: 69392 ns
[2020-09-11T15:41:02.388+0000][1][safepoint    ] Safepoint "RevokeBias", Time since last: 452685234 ns, Reaching safepoint: 268198 ns, At safepoint: 22736 ns, Total: 290934 ns
[2020-09-11T15:41:02.733+0000][1][safepoint    ] Safepoint "RevokeBias", Time since last: 345132621 ns, Reaching safepoint: 147424 ns, At safepoint: 29087 ns, Total: 176511 ns
[2020-09-11T15:41:03.902+0000][1][safepoint    ] Safepoint "Cleanup", Time since last: 1167811503 ns, Reaching safepoint: 831478 ns, At safepoint: 10933 ns, Total: 842411 ns
[2020-09-11T15:41:04.905+0000][1][safepoint    ] Safepoint "Cleanup", Time since last: 1002685148 ns, Reaching safepoint: 108937 ns, At safepoint: 6470 ns, Total: 115407 ns
[2020-09-11T15:41:05.905+0000][1][safepoint    ] Safepoint "Cleanup", Time since last: 1000131851 ns, Reaching safepoint: 150021 ns, At safepoint: 8242 ns, Total: 158263 ns
[2020-09-11T15:41:06.905+0000][1][safepoint    ] Safepoint "Cleanup", Time since last: 1000133220 ns, Reaching safepoint: 161451 ns, At safepoint: 8073 ns, Total: 169524 ns
[2020-09-11T15:41:07.906+0000][1][safepoint    ] Safepoint "Cleanup", Time since last: 1000163682 ns, Reaching safepoint: 138606 ns, At safepoint: 8394 ns, Total: 147000 ns
[2020-09-11T15:41:08.906+0000][1][safepoint    ] Safepoint "Cleanup", Time since last: 1000139221 ns, Reaching safepoint: 182570 ns, At safepoint: 8244 ns, Total: 190814 ns
[2020-09-11T15:41:10.197+0000][1][safepoint    ] Safepoint "RevokeBias", Time since last: 1287047850 ns, Reaching safepoint: 3723968 ns, At safepoint: 181489 ns, Total: 3905457 ns
[2020-09-11T15:41:10.221+0000][1][safepoint    ] Safepoint "BulkRevokeBias", Time since last: 23137583 ns, Reaching safepoint: 111499 ns, At safepoint: 391658 ns, Total: 503157 ns
[2020-09-11T15:41:11.221+0000][1][safepoint    ] Safepoint "Cleanup", Time since last: 1000153225 ns, Reaching safepoint: 98921 ns, At safepoint: 7748 ns, Total: 106669 ns
[2020-09-11T15:41:11.719+0000][1][safepoint    ] Safepoint "RevokeBias", Time since last: 498070137 ns, Reaching safepoint: 103197 ns, At safepoint: 24552 ns, Total: 127749 ns
[2020-09-11T15:41:11.734+0000][1][gc,start     ] GC(80) Pause Young (Allocation Failure)
[2020-09-11T15:41:11.734+0000][1][gc,task      ] GC(80) Using 1 workers of 1 for evacuation
[2020-09-11T15:41:11.747+0000][1][gc,age       ] GC(80) Desired survivor size 4358144 bytes, new threshold 2 (max threshold 6)
[2020-09-11T15:41:11.747+0000][1][gc,age       ] GC(80) Age table with threshold 2 (max threshold 6)
[2020-09-11T15:41:11.747+0000][1][gc,age       ] GC(80) - age   1:    2475112 bytes,    2475112 total
[2020-09-11T15:41:11.747+0000][1][gc,age       ] GC(80) - age   2:    3963200 bytes,    6438312 total
[2020-09-11T15:41:11.747+0000][1][gc,heap      ] GC(80) ParNew: 74007K->8512K(76672K)
[2020-09-11T15:41:11.747+0000][1][gc,heap      ] GC(80) CMS: 87549K->87549K(439104K)
[2020-09-11T15:41:11.747+0000][1][gc,metaspace ] GC(80) Metaspace: 90763K->90763K(1132544K)
[2020-09-11T15:41:11.747+0000][1][gc           ] GC(80) Pause Young (Allocation Failure) 157M->93M(503M) 12.867ms
[2020-09-11T15:41:11.747+0000][1][gc,cpu       ] GC(80) User=0.01s Sys=0.00s Real=0.01s
[2020-09-11T15:41:11.747+0000][1][safepoint    ] Safepoint "GenCollectForAllocation", Time since last: 15078970 ns, Reaching safepoint: 90832 ns, At safepoint: 13092814 ns, Total: 13183646 ns
[2020-09-11T15:41:12.006+0000][1][safepoint    ] Safepoint "RevokeBias", Time since last: 258232622 ns, Reaching safepoint: 176908 ns, At safepoint: 22700 ns, Total: 199608 ns
[2020-09-11T15:41:12.102+0000][1][safepoint    ] Safepoint "RevokeBias", Time since last: 96290909 ns, Reaching safepoint: 172820 ns, At safepoint: 23699 ns, Total: 196519 ns
[2020-09-11T15:41:13.103+0000][1][safepoint    ] Safepoint "Cleanup", Time since last: 1000110150 ns, Reaching safepoint: 103006 ns, At safepoint: 7546 ns, Total: 110552 ns
[2020-09-11T15:41:13.836+0000][1][safepoint    ] Safepoint "RevokeBias", Time since last: 732920255 ns, Reaching safepoint: 86471 ns, At safepoint: 21849 ns, Total: 108320 ns
[2020-09-11T15:41:14.836+0000][1][safepoint    ] Safepoint "Cleanup", Time since last: 1000118496 ns, Reaching safepoint: 120616 ns, At safepoint: 7035 ns, Total: 127651 ns
[2020-09-11T15:41:15.836+0000][1][safepoint    ] Safepoint "Cleanup", Time since last: 1000101782 ns, Reaching safepoint: 113107 ns, At safepoint: 6946 ns, Total: 120053 ns
[2020-09-11T15:41:16.836+0000][1][safepoint    ] Safepoint "Cleanup", Time since last: 1000146822 ns, Reaching safepoint: 148119 ns, At safepoint: 7347 ns, Total: 155466 ns
[2020-09-11T15:41:18.098+0000][1][safepoint    ] Safepoint "RevokeBias", Time since last: 1261458799 ns, Reaching safepoint: 155264 ns, At safepoint: 32787 ns, Total: 188051 ns
[2020-09-11T15:41:18.103+0000][1][safepoint    ] Safepoint "RevokeBias", Time since last: 4722971 ns, Reaching safepoint: 159490 ns, At safepoint: 33806 ns, Total: 193296 ns
[2020-09-11T15:41:18.117+0000][1][safepoint    ] Safepoint "RevokeBias", Time since last: 13911836 ns, Reaching safepoint: 357602 ns, At safepoint: 33792 ns, Total: 391394 ns
[2020-09-11T15:41:18.123+0000][1][safepoint    ] Safepoint "RevokeBias", Time since last: 3940245 ns, Reaching safepoint: 1332702 ns, At safepoint: 39101 ns, Total: 1371803 ns
[2020-09-11T15:41:18.125+0000][1][safepoint    ] Safepoint "RevokeBias", Time since last: 2371820 ns, Reaching safepoint: 144962 ns, At safepoint: 29882 ns, Total: 174844 ns
[2020-09-11T15:41:18.139+0000][1][safepoint    ] Safepoint "RevokeBias", Time since last: 13018133 ns, Reaching safepoint: 931328 ns, At safepoint: 31798 ns, Total: 963126 ns
[2020-09-11T15:41:18.144+0000][1][safepoint    ] Safepoint "RevokeBias", Time since last: 2445961 ns, Reaching safepoint: 2679258 ns, At safepoint: 31139 ns, Total: 2710397 ns
[2020-09-11T15:41:18.465+0000][1][safepoint    ] Safepoint "RevokeBias", Time since last: 321092078 ns, Reaching safepoint: 110607 ns, At safepoint: 23641 ns, Total: 134248 ns
[2020-09-11T15:41:19.158+0000][1][safepoint    ] Safepoint "RevokeBias", Time since last: 692537911 ns, Reaching safepoint: 92662 ns, At safepoint: 20818 ns, Total: 113480 ns
[2020-09-11T15:41:19.158+0000][1][safepoint    ] Safepoint "RevokeBias", Time since last: 86742 ns, Reaching safepoint: 31708 ns, At safepoint: 13125 ns, Total: 44833 ns
[2020-09-11T15:41:20.158+0000][1][safepoint    ] Safepoint "Cleanup", Time since last: 1000087821 ns, Reaching safepoint: 105245 ns, At safepoint: 8832 ns, Total: 114077 ns
[2020-09-11T15:41:21.159+0000][1][safepoint    ] Safepoint "Cleanup", Time since last: 1000137714 ns, Reaching safepoint: 105356 ns, At safepoint: 8496 ns, Total: 113852 ns
[2020-09-11T15:41:22.159+0000][1][safepoint    ] Safepoint "Cleanup", Time since last: 1000120084 ns, Reaching safepoint: 131186 ns, At safepoint: 8233 ns, Total: 139419 ns
[2020-09-11T15:41:22.177+0000][1][gc,start     ] GC(81) Pause Young (Allocation Failure)
[2020-09-11T15:41:22.177+0000][1][gc,task      ] GC(81) Using 1 workers of 1 for evacuation
[2020-09-11T15:41:22.201+0000][1][gc,age       ] GC(81) Desired survivor size 4358144 bytes, new threshold 6 (max threshold 6)
[2020-09-11T15:41:22.201+0000][1][gc,age       ] GC(81) Age table with threshold 6 (max threshold 6)
[2020-09-11T15:41:22.201+0000][1][gc,age       ] GC(81) - age   1:     311536 bytes,     311536 total
[2020-09-11T15:41:22.201+0000][1][gc,age       ] GC(81) - age   2:    2404632 bytes,    2716168 total
[2020-09-11T15:41:22.201+0000][1][gc,heap      ] GC(81) ParNew: 76672K->5872K(76672K)
[2020-09-11T15:41:22.201+0000][1][gc,heap      ] GC(81) CMS: 87549K->91417K(439104K)
[2020-09-11T15:41:22.201+0000][1][gc,metaspace ] GC(81) Metaspace: 90922K->90922K(1132544K)
[2020-09-11T15:41:22.201+0000][1][gc           ] GC(81) Pause Young (Allocation Failure) 160M->95M(503M) 24.291ms
[2020-09-11T15:41:22.202+0000][1][gc,cpu       ] GC(81) User=0.01s Sys=0.00s Real=0.03s
[2020-09-11T15:41:22.202+0000][1][safepoint    ] Safepoint "GenCollectForAllocation", Time since last: 18139010 ns, Reaching safepoint: 81707 ns, At safepoint: 24815358 ns, Total: 24897065 ns
[2020-09-11T15:41:22.209+0000][1][safepoint    ] Safepoint "RevokeBias", Time since last: 7041477 ns, Reaching safepoint: 98982 ns, At safepoint: 37935 ns, Total: 136917 ns
[2020-09-11T15:41:23.229+0000][1][safepoint    ] Safepoint "Cleanup", Time since last: 1019892736 ns, Reaching safepoint: 138972 ns, At safepoint: 19804 ns, Total: 158776 ns
[2020-09-11T15:41:24.230+0000][1][safepoint    ] Safepoint "Cleanup", Time since last: 1000196764 ns, Reaching safepoint: 189430 ns, At safepoint: 18452 ns, Total: 207882 ns
[2020-09-11T15:41:25.230+0000][1][safepoint    ] Safepoint "Cleanup", Time since last: 1000156780 ns, Reaching safepoint: 148684 ns, At safepoint: 7686 ns, Total: 156370 ns
[2020-09-11T15:41:25.648+0000][1][safepoint    ] Safepoint "RevokeBias", Time since last: 418072177 ns, Reaching safepoint: 83575 ns, At safepoint: 18082 ns, Total: 101657 ns
[2020-09-11T15:41:25.657+0000][1][safepoint    ] Safepoint "RevokeBias", Time since last: 8670273 ns, Reaching safepoint: 103887 ns, At safepoint: 25501 ns, Total: 129388 ns
[2020-09-11T15:41:25.660+0000][1][safepoint    ] Safepoint "RevokeBias", Time since last: 3376505 ns, Reaching safepoint: 159080 ns, At safepoint: 24996 ns, Total: 184076 ns
[2020-09-11T15:41:25.665+0000][1][safepoint    ] Safepoint "RevokeBias", Time since last: 4714441 ns, Reaching safepoint: 162232 ns, At safepoint: 25549 ns, Total: 187781 ns
[2020-09-11T15:41:25.670+0000][1][safepoint    ] Safepoint "RevokeBias", Time since last: 3962233 ns, Reaching safepoint: 158427 ns, At safepoint: 22332 ns, Total: 180759 ns
[2020-09-11T15:41:25.673+0000][1][safepoint    ] Safepoint "RevokeBias", Time since last: 3245745 ns, Reaching safepoint: 154497 ns, At safepoint: 23879 ns, Total: 178376 ns
[2020-09-11T15:41:25.674+0000][1][safepoint    ] Safepoint "RevokeBias", Time since last: 609656 ns, Reaching safepoint: 116503 ns, At safepoint: 17521 ns, Total: 134024 ns
[2020-09-11T15:41:25.678+0000][1][safepoint    ] Safepoint "RevokeBias", Time since last: 4413656 ns, Reaching safepoint: 153267 ns, At safepoint: 36534 ns, Total: 189801 ns
[2020-09-11T15:41:25.749+0000][1][safepoint    ] Safepoint "RevokeBias", Time since last: 70827802 ns, Reaching safepoint: 168642 ns, At safepoint: 22533 ns, Total: 191175 ns
[2020-09-11T15:41:25.897+0000][1][safepoint    ] Safepoint "RevokeBias", Time since last: 147706498 ns, Reaching safepoint: 129856 ns, At safepoint: 21834 ns, Total: 151690 ns
[2020-09-11T15:41:25.897+0000][1][safepoint    ] Safepoint "RevokeBias", Time since last: 65252 ns, Reaching safepoint: 33808 ns, At safepoint: 11863 ns, Total: 45671 ns
[2020-09-11T15:41:26.898+0000][1][safepoint    ] Safepoint "Cleanup", Time since last: 1000148092 ns, Reaching safepoint: 199763 ns, At safepoint: 20217 ns, Total: 219980 ns
[2020-09-11T15:41:27.430+0000][1][safepoint    ] Safepoint "RevokeBias", Time since last: 531762061 ns, Reaching safepoint: 220545 ns, At safepoint: 49838 ns, Total: 270383 ns
[2020-09-11T15:41:27.436+0000][1][safepoint    ] Safepoint "RevokeBias", Time since last: 4906211 ns, Reaching safepoint: 1399806 ns, At safepoint: 53657 ns, Total: 1453463 ns
[2020-09-11T15:41:28.436+0000][1][safepoint    ] Safepoint "Cleanup", Time since last: 1000188155 ns, Reaching safepoint: 132223 ns, At safepoint: 8258 ns, Total: 140481 ns
[2020-09-11T15:41:29.437+0000][1][safepoint    ] Safepoint "Cleanup", Time since last: 1000185659 ns, Reaching safepoint: 251453 ns, At safepoint: 19204 ns, Total: 270657 ns
[2020-09-11T15:41:30.437+0000][1][safepoint    ] Safepoint "Cleanup", Time since last: 1000175719 ns, Reaching safepoint: 149376 ns, At safepoint: 7445 ns, Total: 156821 ns
[2020-09-11T15:41:31.437+0000][1][safepoint    ] Safepoint "Cleanup", Time since last: 1000183688 ns, Reaching safepoint: 116897 ns, At safepoint: 8593 ns, Total: 125490 ns
[2020-09-11T15:41:31.877+0000][1][safepoint    ] Safepoint "RevokeBias", Time since last: 439142520 ns, Reaching safepoint: 105981 ns, At safepoint: 73621 ns, Total: 179602 ns
[2020-09-11T15:41:31.912+0000][1][safepoint    ] Safepoint "RevokeBias", Time since last: 35177443 ns, Reaching safepoint: 94567 ns, At safepoint: 22739 ns, Total: 117306 ns
[2020-09-11T15:41:32.912+0000][1][safepoint    ] Safepoint "Cleanup", Time since last: 1000188872 ns, Reaching safepoint: 109574 ns, At safepoint: 7728 ns, Total: 117302 ns
[2020-09-11T15:41:33.913+0000][1][safepoint    ] Safepoint "Cleanup", Time since last: 1000363781 ns, Reaching safepoint: 420424 ns, At safepoint: 10299 ns, Total: 430723 ns
[2020-09-11T15:41:34.015+0000][1][safepoint    ] Safepoint "RevokeBias", Time since last: 101883443 ns, Reaching safepoint: 96408 ns, At safepoint: 22747 ns, Total: 119155 ns
[2020-09-11T15:41:35.016+0000][1][safepoint    ] Safepoint "Cleanup", Time since last: 1000210425 ns, Reaching safepoint: 172220 ns, At safepoint: 20396 ns, Total: 192616 ns
[2020-09-11T15:41:36.016+0000][1][safepoint    ] Safepoint "Cleanup", Time since last: 1000239785 ns, Reaching safepoint: 129531 ns, At safepoint: 8165 ns, Total: 137696 ns
[2020-09-11T15:41:37.016+0000][1][safepoint    ] Safepoint "Cleanup", Time since last: 1000140296 ns, Reaching safepoint: 161001 ns, At safepoint: 16521 ns, Total: 177522 ns
[2020-09-11T15:41:38.017+0000][1][safepoint    ] Safepoint "Cleanup", Time since last: 1000227745 ns, Reaching safepoint: 149488 ns, At safepoint: 15168 ns, Total: 164656 ns
[2020-09-11T15:41:39.017+0000][1][safepoint    ] Safepoint "Cleanup", Time since last: 1000156700 ns, Reaching safepoint: 93401 ns, At safepoint: 7775 ns, Total: 101176 ns
[2020-09-11T15:41:39.923+0000][1][gc,start     ] GC(82) Pause Young (Allocation Failure)
[2020-09-11T15:41:39.923+0000][1][gc,task      ] GC(82) Using 1 workers of 1 for evacuation
[2020-09-11T15:41:39.929+0000][1][gc,age       ] GC(82) Desired survivor size 4358144 bytes, new threshold 6 (max threshold 6)
[2020-09-11T15:41:39.929+0000][1][gc,age       ] GC(82) Age table with threshold 6 (max threshold 6)
[2020-09-11T15:41:39.929+0000][1][gc,age       ] GC(82) - age   1:     247048 bytes,     247048 total
[2020-09-11T15:41:39.929+0000][1][gc,age       ] GC(82) - age   2:      93776 bytes,     340824 total
[2020-09-11T15:41:39.929+0000][1][gc,age       ] GC(82) - age   3:    2340984 bytes,    2681808 total
[2020-09-11T15:41:39.929+0000][1][gc,heap      ] GC(82) ParNew: 74032K->4925K(76672K)
[2020-09-11T15:41:39.929+0000][1][gc,heap      ] GC(82) CMS: 91417K->91417K(439104K)
[2020-09-11T15:41:39.929+0000][1][gc,metaspace ] GC(82) Metaspace: 91256K->91256K(1132544K)
[2020-09-11T15:41:39.929+0000][1][gc           ] GC(82) Pause Young (Allocation Failure) 161M->94M(503M) 5.842ms
[2020-09-11T15:41:39.929+0000][1][gc,cpu       ] GC(82) User=0.00s Sys=0.00s Real=0.00s
[2020-09-11T15:41:39.929+0000][1][safepoint    ] Safepoint "GenCollectForAllocation", Time since last: 905831469 ns, Reaching safepoint: 203023 ns, At safepoint: 5922280 ns, Total: 6125303 ns
[2020-09-11T15:41:40.932+0000][1][safepoint    ] Safepoint "Cleanup", Time since last: 1003466959 ns, Reaching safepoint: 111448 ns, At safepoint: 7658 ns, Total: 119106 ns
[2020-09-11T15:41:41.864+0000][1][safepoint    ] Safepoint "RevokeBias", Time since last: 931380259 ns, Reaching safepoint: 96942 ns, At safepoint: 23422 ns, Total: 120364 ns
[2020-09-11T15:41:41.927+0000][1][safepoint    ] Safepoint "RevokeBias", Time since last: 62970923 ns, Reaching safepoint: 96970 ns, At safepoint: 22969 ns, Total: 119939 ns
[2020-09-11T15:41:42.927+0000][1][safepoint    ] Safepoint "Cleanup", Time since last: 1000180340 ns, Reaching safepoint: 102746 ns, At safepoint: 7889 ns, Total: 110635 ns
[2020-09-11T15:41:43.928+0000][1][safepoint    ] Safepoint "Cleanup", Time since last: 1000096783 ns, Reaching safepoint: 199882 ns, At safepoint: 12168 ns, Total: 212050 ns
[2020-09-11T15:41:44.139+0000][1][safepoint    ] Safepoint "RevokeBias", Time since last: 211148720 ns, Reaching safepoint: 172286 ns, At safepoint: 24533 ns, Total: 196819 ns
[2020-09-11T15:41:45.139+0000][1][safepoint    ] Safepoint "Cleanup", Time since last: 1000177906 ns, Reaching safepoint: 135620 ns, At safepoint: 8441 ns, Total: 144061 ns
[2020-09-11T15:41:46.140+0000][1][safepoint    ] Safepoint "Cleanup", Time since last: 1000157992 ns, Reaching safepoint: 92163 ns, At safepoint: 8436 ns, Total: 100599 ns
[2020-09-11T15:41:47.140+0000][1][safepoint    ] Safepoint "Cleanup", Time since last: 1000139345 ns, Reaching safepoint: 143596 ns, At safepoint: 7232 ns, Total: 150828 ns
[2020-09-11T15:41:48.140+0000][1][safepoint    ] Safepoint "Cleanup", Time since last: 1000176754 ns, Reaching safepoint: 154418 ns, At safepoint: 18075 ns, Total: 172493 ns
[2020-09-11T15:41:49.141+0000][1][safepoint    ] Safepoint "Cleanup", Time since last: 1000196463 ns, Reaching safepoint: 119764 ns, At safepoint: 7843 ns, Total: 127607 ns
[2020-09-11T15:41:50.153+0000][1][safepoint    ] Safepoint "Cleanup", Time since last: 1012422349 ns, Reaching safepoint: 123669 ns, At safepoint: 10468 ns, Total: 134137 ns
[2020-09-11T15:41:51.153+0000][1][safepoint    ] Safepoint "Cleanup", Time since last: 1000186987 ns, Reaching safepoint: 112034 ns, At safepoint: 7177 ns, Total: 119211 ns
[2020-09-11T15:41:51.866+0000][1][safepoint    ] Safepoint "RevokeBias", Time since last: 712314185 ns, Reaching safepoint: 96946 ns, At safepoint: 22527 ns, Total: 119473 ns
[2020-09-11T15:41:51.938+0000][1][safepoint    ] Safepoint "RevokeBias", Time since last: 71818979 ns, Reaching safepoint: 112849 ns, At safepoint: 26319 ns, Total: 139168 ns
[2020-09-11T15:41:52.938+0000][1][safepoint    ] Safepoint "Cleanup", Time since last: 1000174338 ns, Reaching safepoint: 158332 ns, At safepoint: 10160 ns, Total: 168492 ns
[2020-09-11T15:41:53.941+0000][1][safepoint    ] Safepoint "Cleanup", Time since last: 1002619532 ns, Reaching safepoint: 113051 ns, At safepoint: 7642 ns, Total: 120693 ns
[2020-09-11T15:41:54.005+0000][1][safepoint    ] Safepoint "RevokeBias", Time since last: 64425197 ns, Reaching safepoint: 90262 ns, At safepoint: 23615 ns, Total: 113877 ns
[2020-09-11T15:41:55.006+0000][1][safepoint    ] Safepoint "Cleanup", Time since last: 1000111333 ns, Reaching safepoint: 109706 ns, At safepoint: 8398 ns, Total: 118104 ns
[2020-09-11T15:41:56.006+0000][1][safepoint    ] Safepoint "Cleanup", Time since last: 1000188460 ns, Reaching safepoint: 111323 ns, At safepoint: 7815 ns, Total: 119138 ns
[2020-09-11T15:41:57.006+0000][1][safepoint    ] Safepoint "Cleanup", Time since last: 1000180243 ns, Reaching safepoint: 124467 ns, At safepoint: 8163 ns, Total: 132630 ns
[2020-09-11T15:41:58.007+0000][1][safepoint    ] Safepoint "Cleanup", Time since last: 1000172986 ns, Reaching safepoint: 156523 ns, At safepoint: 18058 ns, Total: 174581 ns
[2020-09-11T15:41:59.007+0000][1][safepoint    ] Safepoint "Cleanup", Time since last: 1000307708 ns, Reaching safepoint: 163002 ns, At safepoint: 19768 ns, Total: 182770 ns
[2020-09-11T15:41:59.646+0000][1][gc,start     ] GC(83) Pause Young (Allocation Failure)
[2020-09-11T15:41:59.647+0000][1][gc,task      ] GC(83) Using 1 workers of 1 for evacuation
[2020-09-11T15:41:59.656+0000][1][gc,age       ] GC(83) Desired survivor size 4358144 bytes, new threshold 6 (max threshold 6)
[2020-09-11T15:41:59.656+0000][1][gc,age       ] GC(83) Age table with threshold 6 (max threshold 6)
[2020-09-11T15:41:59.656+0000][1][gc,age       ] GC(83) - age   1:     137064 bytes,     137064 total
[2020-09-11T15:41:59.656+0000][1][gc,age       ] GC(83) - age   2:     164000 bytes,     301064 total
[2020-09-11T15:41:59.656+0000][1][gc,age       ] GC(83) - age   3:      67448 bytes,     368512 total
[2020-09-11T15:41:59.656+0000][1][gc,age       ] GC(83) - age   4:    2340712 bytes,    2709224 total
[2020-09-11T15:41:59.659+0000][1][gc,heap      ] GC(83) ParNew: 73036K->3195K(76672K)
[2020-09-11T15:41:59.659+0000][1][gc,heap      ] GC(83) CMS: 91417K->91417K(439104K)
[2020-09-11T15:41:59.659+0000][1][gc,metaspace ] GC(83) Metaspace: 91427K->91427K(1132544K)
[2020-09-11T15:41:59.659+0000][1][gc           ] GC(83) Pause Young (Allocation Failure) 160M->92M(503M) 12.876ms
[2020-09-11T15:41:59.659+0000][1][gc,cpu       ] GC(83) User=0.01s Sys=0.00s Real=0.01s
[2020-09-11T15:41:59.659+0000][1][safepoint    ] Safepoint "GenCollectForAllocation", Time since last: 639221621 ns, Reaching safepoint: 83657 ns, At safepoint: 12943070 ns, Total: 13026727 ns
[2020-09-11T15:42:00.660+0000][1][safepoint    ] Safepoint "Cleanup", Time since last: 1000628883 ns, Reaching safepoint: 162875 ns, At safepoint: 18065 ns, Total: 180940 ns
[2020-09-11T15:42:01.661+0000][1][safepoint    ] Safepoint "Cleanup", Time since last: 1000207547 ns, Reaching safepoint: 105190 ns, At safepoint: 6921 ns, Total: 112111 ns
[2020-09-11T15:42:01.885+0000][1][safepoint    ] Safepoint "RevokeBias", Time since last: 224608029 ns, Reaching safepoint: 121833 ns, At safepoint: 23772 ns, Total: 145605 ns
[2020-09-11T15:42:01.973+0000][1][safepoint    ] Safepoint "RevokeBias", Time since last: 87900855 ns, Reaching safepoint: 89722 ns, At safepoint: 22823 ns, Total: 112545 ns
[2020-09-11T15:42:02.974+0000][1][safepoint    ] Safepoint "Cleanup", Time since last: 1000171293 ns, Reaching safepoint: 174321 ns, At safepoint: 19729 ns, Total: 194050 ns
[2020-09-11T15:42:03.974+0000][1][safepoint    ] Safepoint "Cleanup", Time since last: 1000217686 ns, Reaching safepoint: 168258 ns, At safepoint: 8228 ns, Total: 176486 ns
[2020-09-11T15:42:04.029+0000][1][safepoint    ] Safepoint "RevokeBias", Time since last: 54834995 ns, Reaching safepoint: 89342 ns, At safepoint: 22812 ns, Total: 112154 ns
[2020-09-11T15:42:05.029+0000][1][safepoint    ] Safepoint "Cleanup", Time since last: 1000140009 ns, Reaching safepoint: 161481 ns, At safepoint: 18038 ns, Total: 179519 ns
[2020-09-11T15:42:06.030+0000][1][safepoint    ] Safepoint "Cleanup", Time since last: 1000243777 ns, Reaching safepoint: 106336 ns, At safepoint: 7795 ns, Total: 114131 ns
[2020-09-11T15:42:07.030+0000][1][safepoint    ] Safepoint "Cleanup", Time since last: 1000185493 ns, Reaching safepoint: 107965 ns, At safepoint: 7494 ns, Total: 115459 ns
[2020-09-11T15:42:08.030+0000][1][safepoint    ] Safepoint "Cleanup", Time since last: 1000187720 ns, Reaching safepoint: 168116 ns, At safepoint: 19495 ns, Total: 187611 ns
[2020-09-11T15:42:09.031+0000][1][safepoint    ] Safepoint "Cleanup", Time since last: 1000178394 ns, Reaching safepoint: 163032 ns, At safepoint: 17133 ns, Total: 180165 ns
[2020-09-11T15:42:10.059+0000][1][safepoint    ] Safepoint "Cleanup", Time since last: 1027849723 ns, Reaching safepoint: 86077 ns, At safepoint: 7447 ns, Total: 93524 ns
[2020-09-11T15:42:11.059+0000][1][safepoint    ] Safepoint "Cleanup", Time since last: 1000183620 ns, Reaching safepoint: 156243 ns, At safepoint: 19702 ns, Total: 175945 ns
[2020-09-11T15:42:11.882+0000][1][safepoint    ] Safepoint "RevokeBias", Time since last: 822168093 ns, Reaching safepoint: 1074864 ns, At safepoint: 25846 ns, Total: 1100710 ns
[2020-09-11T15:42:11.911+0000][1][safepoint    ] Safepoint "RevokeBias", Time since last: 28958899 ns, Reaching safepoint: 168607 ns, At safepoint: 24036 ns, Total: 192643 ns
[2020-09-11T15:42:12.912+0000][1][safepoint    ] Safepoint "Cleanup", Time since last: 1000151556 ns, Reaching safepoint: 174876 ns, At safepoint: 21018 ns, Total: 195894 ns
[2020-09-11T15:42:13.912+0000][1][safepoint    ] Safepoint "Cleanup", Time since last: 1000159068 ns, Reaching safepoint: 102483 ns, At safepoint: 10462 ns, Total: 112945 ns
[2020-09-11T15:42:14.161+0000][1][safepoint    ] Safepoint "RevokeBias", Time since last: 249212804 ns, Reaching safepoint: 108729 ns, At safepoint: 25779 ns, Total: 134508 ns
[2020-09-11T15:42:15.162+0000][1][safepoint    ] Safepoint "Cleanup", Time since last: 1000196321 ns, Reaching safepoint: 112860 ns, At safepoint: 7920 ns, Total: 120780 ns
[2020-09-11T15:42:16.162+0000][1][safepoint    ] Safepoint "Cleanup", Time since last: 1000146764 ns, Reaching safepoint: 127931 ns, At safepoint: 7183 ns, Total: 135114 ns
[2020-09-11T15:42:17.162+0000][1][safepoint    ] Safepoint "Cleanup", Time since last: 1000169110 ns, Reaching safepoint: 154839 ns, At safepoint: 17978 ns, Total: 172817 ns
[2020-09-11T15:42:18.163+0000][1][safepoint    ] Safepoint "Cleanup", Time since last: 1000172741 ns, Reaching safepoint: 128286 ns, At safepoint: 8236 ns, Total: 136522 ns
[2020-09-11T15:42:19.163+0000][1][safepoint    ] Safepoint "Cleanup", Time since last: 1000160849 ns, Reaching safepoint: 101835 ns, At safepoint: 10064 ns, Total: 111899 ns
[2020-09-11T15:42:19.985+0000][1][gc,start     ] GC(84) Pause Young (Allocation Failure)
[2020-09-11T15:42:19.985+0000][1][gc,task      ] GC(84) Using 1 workers of 1 for evacuation
[2020-09-11T15:42:19.991+0000][1][gc,age       ] GC(84) Desired survivor size 4358144 bytes, new threshold 6 (max threshold 6)
[2020-09-11T15:42:19.991+0000][1][gc,age       ] GC(84) Age table with threshold 6 (max threshold 6)
[2020-09-11T15:42:19.991+0000][1][gc,age       ] GC(84) - age   1:     131856 bytes,     131856 total
[2020-09-11T15:42:19.991+0000][1][gc,age       ] GC(84) - age   2:      46536 bytes,     178392 total
[2020-09-11T15:42:19.991+0000][1][gc,age       ] GC(84) - age   3:     161520 bytes,     339912 total
[2020-09-11T15:42:19.991+0000][1][gc,age       ] GC(84) - age   4:      65384 bytes,     405296 total
[2020-09-11T15:42:19.991+0000][1][gc,age       ] GC(84) - age   5:    2338592 bytes,    2743888 total
[2020-09-11T15:42:19.991+0000][1][gc,heap      ] GC(84) ParNew: 71355K->4767K(76672K)
[2020-09-11T15:42:19.991+0000][1][gc,heap      ] GC(84) CMS: 91417K->91417K(439104K)
[2020-09-11T15:42:19.991+0000][1][gc,metaspace ] GC(84) Metaspace: 91576K->91576K(1134592K)
[2020-09-11T15:42:19.991+0000][1][gc           ] GC(84) Pause Young (Allocation Failure) 158M->93M(503M) 6.708ms
[2020-09-11T15:42:19.991+0000][1][gc,cpu       ] GC(84) User=0.00s Sys=0.00s Real=0.00s
[2020-09-11T15:42:19.991+0000][1][safepoint    ] Safepoint "GenCollectForAllocation", Time since last: 821431042 ns, Reaching safepoint: 219045 ns, At safepoint: 6777030 ns, Total: 6996075 ns
[2020-09-11T15:42:20.996+0000][1][safepoint    ] Safepoint "Cleanup", Time since last: 1004225452 ns, Reaching safepoint: 152507 ns, At safepoint: 19215 ns, Total: 171722 ns
[2020-09-11T15:42:21.845+0000][1][safepoint    ] Safepoint "RevokeBias", Time since last: 848805010 ns, Reaching safepoint: 98761 ns, At safepoint: 26680 ns, Total: 125441 ns
[2020-09-11T15:42:21.945+0000][1][safepoint    ] Safepoint "RevokeBias", Time since last: 100413419 ns, Reaching safepoint: 95184 ns, At safepoint: 23718 ns, Total: 118902 ns
[2020-09-11T15:42:22.945+0000][1][safepoint    ] Safepoint "Cleanup", Time since last: 1000133857 ns, Reaching safepoint: 152052 ns, At safepoint: 7705 ns, Total: 159757 ns
[2020-09-11T15:42:23.946+0000][1][safepoint    ] Safepoint "Cleanup", Time since last: 1000145297 ns, Reaching safepoint: 250199 ns, At safepoint: 18479 ns, Total: 268678 ns
[2020-09-11T15:42:24.065+0000][1][safepoint    ] Safepoint "RevokeBias", Time since last: 118793640 ns, Reaching safepoint: 169502 ns, At safepoint: 26107 ns, Total: 195609 ns
[2020-09-11T15:42:25.065+0000][1][safepoint    ] Safepoint "Cleanup", Time since last: 1000112125 ns, Reaching safepoint: 93723 ns, At safepoint: 11555 ns, Total: 105278 ns
[2020-09-11T15:42:26.065+0000][1][safepoint    ] Safepoint "Cleanup", Time since last: 1000115916 ns, Reaching safepoint: 94272 ns, At safepoint: 10012 ns, Total: 104284 ns
[2020-09-11T15:42:27.066+0000][1][safepoint    ] Safepoint "Cleanup", Time since last: 1000103442 ns, Reaching safepoint: 84032 ns, At safepoint: 8928 ns, Total: 92960 ns
[2020-09-11T15:42:28.066+0000][1][safepoint    ] Safepoint "Cleanup", Time since last: 1000116063 ns, Reaching safepoint: 108435 ns, At safepoint: 11400 ns, Total: 119835 ns
[2020-09-11T15:42:29.068+0000][1][safepoint    ] Safepoint "Cleanup", Time since last: 1000105445 ns, Reaching safepoint: 2413053 ns, At safepoint: 13781 ns, Total: 2426834 ns
[2020-09-11T15:42:30.069+0000][1][safepoint    ] Safepoint "Cleanup", Time since last: 1000110528 ns, Reaching safepoint: 96246 ns, At safepoint: 9375 ns, Total: 105621 ns
[2020-09-11T15:42:31.069+0000][1][safepoint    ] Safepoint "Cleanup", Time since last: 1000114829 ns, Reaching safepoint: 93132 ns, At safepoint: 10722 ns, Total: 103854 ns
[2020-09-11T15:42:31.941+0000][1][safepoint    ] Safepoint "RevokeBias", Time since last: 872440918 ns, Reaching safepoint: 101203 ns, At safepoint: 23430 ns, Total: 124633 ns
[2020-09-11T15:42:31.986+0000][1][safepoint    ] Safepoint "RevokeBias", Time since last: 44195376 ns, Reaching safepoint: 96218 ns, At safepoint: 24109 ns, Total: 120327 ns
[2020-09-11T15:42:32.986+0000][1][safepoint    ] Safepoint "Cleanup", Time since last: 1000110727 ns, Reaching safepoint: 99195 ns, At safepoint: 11293 ns, Total: 110488 ns
[2020-09-11T15:42:33.987+0000][1][safepoint    ] Safepoint "Cleanup", Time since last: 1000974552 ns, Reaching safepoint: 366294 ns, At safepoint: 9617 ns, Total: 375911 ns
[2020-09-11T15:42:34.167+0000][1][safepoint    ] Safepoint "RevokeBias", Time since last: 179715303 ns, Reaching safepoint: 97762 ns, At safepoint: 21983 ns, Total: 119745 ns
[2020-09-11T15:42:35.167+0000][1][safepoint    ] Safepoint "Cleanup", Time since last: 1000117641 ns, Reaching safepoint: 92299 ns, At safepoint: 7865 ns, Total: 100164 ns
[2020-09-11T15:42:36.167+0000][1][safepoint    ] Safepoint "Cleanup", Time since last: 1000117510 ns, Reaching safepoint: 85579 ns, At safepoint: 7620 ns, Total: 93199 ns
[2020-09-11T15:42:37.168+0000][1][safepoint    ] Safepoint "Cleanup", Time since last: 1000112485 ns, Reaching safepoint: 91836 ns, At safepoint: 8178 ns, Total: 100014 ns
[2020-09-11T15:42:38.172+0000][1][safepoint    ] Safepoint "Cleanup", Time since last: 1000146199 ns, Reaching safepoint: 4637094 ns, At safepoint: 24315 ns, Total: 4661409 ns
[2020-09-11T15:42:39.173+0000][1][safepoint    ] Safepoint "Cleanup", Time since last: 1000149592 ns, Reaching safepoint: 81088 ns, At safepoint: 7321 ns, Total: 88409 ns
[2020-09-11T15:42:40.173+0000][1][safepoint    ] Safepoint "Cleanup", Time since last: 1000202543 ns, Reaching safepoint: 117696 ns, At safepoint: 7683 ns, Total: 125379 ns
[2020-09-11T15:42:41.173+0000][1][safepoint    ] Safepoint "Cleanup", Time since last: 1000139486 ns, Reaching safepoint: 150262 ns, At safepoint: 19007 ns, Total: 169269 ns
[2020-09-11T15:42:41.966+0000][1][safepoint    ] Safepoint "RevokeBias", Time since last: 792266689 ns, Reaching safepoint: 133937 ns, At safepoint: 154603 ns, Total: 288540 ns
[2020-09-11T15:42:41.977+0000][1][safepoint    ] Safepoint "BulkRevokeBias", Time since last: 10660355 ns, Reaching safepoint: 95623 ns, At safepoint: 357937 ns, Total: 453560 ns
[2020-09-11T15:42:42.977+0000][1][safepoint    ] Safepoint "Cleanup", Time since last: 1000177397 ns, Reaching safepoint: 177415 ns, At safepoint: 19835 ns, Total: 197250 ns
[2020-09-11T15:42:43.622+0000][1][gc,start     ] GC(85) Pause Young (Allocation Failure)
[2020-09-11T15:42:43.623+0000][1][gc,task      ] GC(85) Using 1 workers of 1 for evacuation
[2020-09-11T15:42:43.637+0000][1][gc,age       ] GC(85) Desired survivor size 4358144 bytes, new threshold 6 (max threshold 6)
[2020-09-11T15:42:43.637+0000][1][gc,age       ] GC(85) Age table with threshold 6 (max threshold 6)
[2020-09-11T15:42:43.637+0000][1][gc,age       ] GC(85) - age   1:     161400 bytes,     161400 total
[2020-09-11T15:42:43.637+0000][1][gc,age       ] GC(85) - age   2:      30784 bytes,     192184 total
[2020-09-11T15:42:43.637+0000][1][gc,age       ] GC(85) - age   3:      41424 bytes,     233608 total
[2020-09-11T15:42:43.637+0000][1][gc,age       ] GC(85) - age   4:     156968 bytes,     390576 total
[2020-09-11T15:42:43.637+0000][1][gc,age       ] GC(85) - age   5:      65384 bytes,     455960 total
[2020-09-11T15:42:43.637+0000][1][gc,age       ] GC(85) - age   6:    2338152 bytes,    2794112 total
[2020-09-11T15:42:43.637+0000][1][gc,heap      ] GC(85) ParNew: 72927K->3201K(76672K)
[2020-09-11T15:42:43.637+0000][1][gc,heap      ] GC(85) CMS: 91417K->91417K(439104K)
[2020-09-11T15:42:43.637+0000][1][gc,metaspace ] GC(85) Metaspace: 91697K->91697K(1134592K)
[2020-09-11T15:42:43.637+0000][1][gc           ] GC(85) Pause Young (Allocation Failure) 160M->92M(503M) 14.395ms
[2020-09-11T15:42:43.637+0000][1][gc,cpu       ] GC(85) User=0.01s Sys=0.00s Real=0.01s
[2020-09-11T15:42:43.637+0000][1][safepoint    ] Safepoint "GenCollectForAllocation", Time since last: 643400200 ns, Reaching safepoint: 1648911 ns, At safepoint: 14505267 ns, Total: 16154178 ns
[2020-09-11T15:42:43.931+0000][1][safepoint    ] Safepoint "RevokeBias", Time since last: 293594177 ns, Reaching safepoint: 177953 ns, At safepoint: 24701 ns, Total: 202654 ns
[2020-09-11T15:42:44.931+0000][1][safepoint    ] Safepoint "Cleanup", Time since last: 1000178231 ns, Reaching safepoint: 162246 ns, At safepoint: 19131 ns, Total: 181377 ns
[2020-09-11T15:42:45.931+0000][1][safepoint    ] Safepoint "Cleanup", Time since last: 1000262852 ns, Reaching safepoint: 84584 ns, At safepoint: 7740 ns, Total: 92324 ns
[2020-09-11T15:42:46.932+0000][1][safepoint    ] Safepoint "Cleanup", Time since last: 1000142948 ns, Reaching safepoint: 163276 ns, At safepoint: 21309 ns, Total: 184585 ns
[2020-09-11T15:42:47.932+0000][1][safepoint    ] Safepoint "Cleanup", Time since last: 1000184017 ns, Reaching safepoint: 170185 ns, At safepoint: 19281 ns, Total: 189466 ns
[2020-09-11T15:42:48.933+0000][1][safepoint    ] Safepoint "Cleanup", Time since last: 1000209741 ns, Reaching safepoint: 151251 ns, At safepoint: 17173 ns, Total: 168424 ns
[2020-09-11T15:42:49.945+0000][1][safepoint    ] Safepoint "Cleanup", Time since last: 1012135197 ns, Reaching safepoint: 124228 ns, At safepoint: 6621 ns, Total: 130849 ns
[2020-09-11T15:42:50.945+0000][1][safepoint    ] Safepoint "Cleanup", Time since last: 1000176432 ns, Reaching safepoint: 153901 ns, At safepoint: 19414 ns, Total: 173315 ns
[2020-09-11T15:42:51.861+0000][1][safepoint    ] Safepoint "RevokeBias", Time since last: 915994624 ns, Reaching safepoint: 99029 ns, At safepoint: 25715 ns, Total: 124744 ns
[2020-09-11T15:42:51.913+0000][1][safepoint    ] Safepoint "RevokeBias", Time since last: 51207085 ns, Reaching safepoint: 90664 ns, At safepoint: 22010 ns, Total: 112674 ns
[2020-09-11T15:42:52.913+0000][1][safepoint    ] Safepoint "Cleanup", Time since last: 1000190609 ns, Reaching safepoint: 175971 ns, At safepoint: 19448 ns, Total: 195419 ns
[2020-09-11T15:42:53.913+0000][1][safepoint    ] Safepoint "Cleanup", Time since last: 1000144404 ns, Reaching safepoint: 92426 ns, At safepoint: 8708 ns, Total: 101134 ns
[2020-09-11T15:42:54.015+0000][1][safepoint    ] Safepoint "RevokeBias", Time since last: 101452673 ns, Reaching safepoint: 99383 ns, At safepoint: 29241 ns, Total: 128624 ns
[2020-09-11T15:42:55.015+0000][1][safepoint    ] Safepoint "Cleanup", Time since last: 1000174075 ns, Reaching safepoint: 156263 ns, At safepoint: 19388 ns, Total: 175651 ns
[2020-09-11T15:42:56.015+0000][1][safepoint    ] Safepoint "Cleanup", Time since last: 1000236943 ns, Reaching safepoint: 110216 ns, At safepoint: 7757 ns, Total: 117973 ns
[2020-09-11T15:42:57.016+0000][1][safepoint    ] Safepoint "Cleanup", Time since last: 1000182852 ns, Reaching safepoint: 111940 ns, At safepoint: 9281 ns, Total: 121221 ns
[2020-09-11T15:42:58.016+0000][1][safepoint    ] Safepoint "Cleanup", Time since last: 1000124994 ns, Reaching safepoint: 129113 ns, At safepoint: 7258 ns, Total: 136371 ns
[2020-09-11T15:42:59.016+0000][1][safepoint    ] Safepoint "Cleanup", Time since last: 1000181318 ns, Reaching safepoint: 165888 ns, At safepoint: 18442 ns, Total: 184330 ns
[2020-09-11T15:43:00.017+0000][1][safepoint    ] Safepoint "Cleanup", Time since last: 1000209104 ns, Reaching safepoint: 122148 ns, At safepoint: 7584 ns, Total: 129732 ns
[2020-09-11T15:43:01.017+0000][1][safepoint    ] Safepoint "Cleanup", Time since last: 1000147746 ns, Reaching safepoint: 119183 ns, At safepoint: 8098 ns, Total: 127281 ns
[2020-09-11T15:43:01.889+0000][1][safepoint    ] Safepoint "RevokeBias", Time since last: 871414377 ns, Reaching safepoint: 98466 ns, At safepoint: 24743 ns, Total: 123209 ns
[2020-09-11T15:43:01.924+0000][1][safepoint    ] Safepoint "RevokeBias", Time since last: 35384146 ns, Reaching safepoint: 96343 ns, At safepoint: 24965 ns, Total: 121308 ns
[2020-09-11T15:43:02.924+0000][1][safepoint    ] Safepoint "Cleanup", Time since last: 1000160105 ns, Reaching safepoint: 167043 ns, At safepoint: 20457 ns, Total: 187500 ns
[2020-09-11T15:43:03.813+0000][1][gc,start     ] GC(86) Pause Young (Allocation Failure)
[2020-09-11T15:43:03.814+0000][1][gc,task      ] GC(86) Using 1 workers of 1 for evacuation
[2020-09-11T15:43:03.830+0000][1][gc,age       ] GC(86) Desired survivor size 4358144 bytes, new threshold 6 (max threshold 6)
[2020-09-11T15:43:03.830+0000][1][gc,age       ] GC(86) Age table with threshold 6 (max threshold 6)
[2020-09-11T15:43:03.830+0000][1][gc,age       ] GC(86) - age   1:     242224 bytes,     242224 total
[2020-09-11T15:43:03.830+0000][1][gc,age       ] GC(86) - age   2:      33856 bytes,     276080 total
[2020-09-11T15:43:03.830+0000][1][gc,age       ] GC(86) - age   3:      27064 bytes,     303144 total
[2020-09-11T15:43:03.830+0000][1][gc,age       ] GC(86) - age   4:      33136 bytes,     336280 total
[2020-09-11T15:43:03.830+0000][1][gc,age       ] GC(86) - age   5:     156296 bytes,     492576 total
[2020-09-11T15:43:03.830+0000][1][gc,age       ] GC(86) - age   6:      65384 bytes,     557960 total
[2020-09-11T15:43:03.830+0000][1][gc,heap      ] GC(86) ParNew: 71361K->2446K(76672K)
[2020-09-11T15:43:03.830+0000][1][gc,heap      ] GC(86) CMS: 91417K->93702K(439104K)
[2020-09-11T15:43:03.830+0000][1][gc,metaspace ] GC(86) Metaspace: 91808K->91808K(1134592K)
[2020-09-11T15:43:03.830+0000][1][gc           ] GC(86) Pause Young (Allocation Failure) 158M->93M(503M) 16.190ms
[2020-09-11T15:43:03.830+0000][1][gc,cpu       ] GC(86) User=0.01s Sys=0.00s Real=0.01s
[2020-09-11T15:43:03.831+0000][1][safepoint    ] Safepoint "GenCollectForAllocation", Time since last: 888709525 ns, Reaching safepoint: 336355 ns, At safepoint: 17191546 ns, Total: 17527901 ns
[2020-09-11T15:43:03.966+0000][1][safepoint    ] Safepoint "RevokeBias", Time since last: 135389852 ns, Reaching safepoint: 106175 ns, At safepoint: 24403 ns, Total: 130578 ns
[2020-09-11T15:43:04.966+0000][1][safepoint    ] Safepoint "Cleanup", Time since last: 1000186818 ns, Reaching safepoint: 109977 ns, At safepoint: 8329 ns, Total: 118306 ns
[2020-09-11T15:43:05.967+0000][1][safepoint    ] Safepoint "Cleanup", Time since last: 1000198100 ns, Reaching safepoint: 113988 ns, At safepoint: 7680 ns, Total: 121668 ns
[2020-09-11T15:43:06.967+0000][1][safepoint    ] Safepoint "Cleanup", Time since last: 1000191059 ns, Reaching safepoint: 110822 ns, At safepoint: 8391 ns, Total: 119213 ns
[2020-09-11T15:43:07.967+0000][1][safepoint    ] Safepoint "Cleanup", Time since last: 1000148187 ns, Reaching safepoint: 172897 ns, At safepoint: 19382 ns, Total: 192279 ns
[2020-09-11T15:43:08.968+0000][1][safepoint    ] Safepoint "Cleanup", Time since last: 1000249097 ns, Reaching safepoint: 157455 ns, At safepoint: 19264 ns, Total: 176719 ns
[2020-09-11T15:43:09.974+0000][1][safepoint    ] Safepoint "Cleanup", Time since last: 1006018273 ns, Reaching safepoint: 167224 ns, At safepoint: 21426 ns, Total: 188650 ns
[2020-09-11T15:43:10.974+0000][1][safepoint    ] Safepoint "Cleanup", Time since last: 1000202994 ns, Reaching safepoint: 120007 ns, At safepoint: 10357 ns, Total: 130364 ns
[2020-09-11T15:43:11.888+0000][1][safepoint    ] Safepoint "RevokeBias", Time since last: 913101153 ns, Reaching safepoint: 105675 ns, At safepoint: 26893 ns, Total: 132568 ns
[2020-09-11T15:43:11.970+0000][1][safepoint    ] Safepoint "RevokeBias", Time since last: 82325147 ns, Reaching safepoint: 296975 ns, At safepoint: 55942 ns, Total: 352917 ns
[2020-09-11T15:43:12.971+0000][1][safepoint    ] Safepoint "Cleanup", Time since last: 1000215787 ns, Reaching safepoint: 121288 ns, At safepoint: 10279 ns, Total: 131567 ns
[2020-09-11T15:43:13.918+0000][1][safepoint    ] Safepoint "RevokeBias", Time since last: 947179807 ns, Reaching safepoint: 196376 ns, At safepoint: 28157 ns, Total: 224533 ns
[2020-09-11T15:43:14.918+0000][1][safepoint    ] Safepoint "Cleanup", Time since last: 1000179583 ns, Reaching safepoint: 170756 ns, At safepoint: 22635 ns, Total: 193391 ns
[2020-09-11T15:43:15.919+0000][1][safepoint    ] Safepoint "Cleanup", Time since last: 1000216709 ns, Reaching safepoint: 109855 ns, At safepoint: 10178 ns, Total: 120033 ns
[2020-09-11T15:43:16.919+0000][1][safepoint    ] Safepoint "Cleanup", Time since last: 1000201272 ns, Reaching safepoint: 106414 ns, At safepoint: 8628 ns, Total: 115042 ns
[2020-09-11T15:43:17.919+0000][1][safepoint    ] Safepoint "Cleanup", Time since last: 1000191187 ns, Reaching safepoint: 160472 ns, At safepoint: 20380 ns, Total: 180852 ns
[2020-09-11T15:43:18.920+0000][1][safepoint    ] Safepoint "Cleanup", Time since last: 1000212986 ns, Reaching safepoint: 162790 ns, At safepoint: 20685 ns, Total: 183475 ns
[2020-09-11T15:43:19.923+0000][1][safepoint    ] Safepoint "Cleanup", Time since last: 1002675171 ns, Reaching safepoint: 174788 ns, At safepoint: 22215 ns, Total: 197003 ns
[2020-09-11T15:43:20.923+0000][1][safepoint    ] Safepoint "Cleanup", Time since last: 1000189412 ns, Reaching safepoint: 167053 ns, At safepoint: 19054 ns, Total: 186107 ns
[2020-09-11T15:43:21.838+0000][1][safepoint    ] Safepoint "RevokeBias", Time since last: 914633673 ns, Reaching safepoint: 101164 ns, At safepoint: 21660 ns, Total: 122824 ns
[2020-09-11T15:43:21.925+0000][1][safepoint    ] Safepoint "RevokeBias", Time since last: 86675128 ns, Reaching safepoint: 101337 ns, At safepoint: 24940 ns, Total: 126277 ns
[2020-09-11T15:43:22.925+0000][1][safepoint    ] Safepoint "Cleanup", Time since last: 1000175530 ns, Reaching safepoint: 167304 ns, At safepoint: 21997 ns, Total: 189301 ns
[2020-09-11T15:43:23.925+0000][1][safepoint    ] Safepoint "Cleanup", Time since last: 1000147122 ns, Reaching safepoint: 88205 ns, At safepoint: 6558 ns, Total: 94763 ns
[2020-09-11T15:43:23.970+0000][1][safepoint    ] Safepoint "RevokeBias", Time since last: 44766877 ns, Reaching safepoint: 90009 ns, At safepoint: 24731 ns, Total: 114740 ns
[2020-09-11T15:43:24.971+0000][1][safepoint    ] Safepoint "Cleanup", Time since last: 1000174467 ns, Reaching safepoint: 156463 ns, At safepoint: 20607 ns, Total: 177070 ns
[2020-09-11T15:43:25.078+0000][1][gc,start     ] GC(87) Pause Young (Allocation Failure)
[2020-09-11T15:43:25.078+0000][1][gc,task      ] GC(87) Using 1 workers of 1 for evacuation
[2020-09-11T15:43:25.086+0000][1][gc,age       ] GC(87) Desired survivor size 4358144 bytes, new threshold 6 (max threshold 6)
[2020-09-11T15:43:25.087+0000][1][gc,age       ] GC(87) Age table with threshold 6 (max threshold 6)
[2020-09-11T15:43:25.087+0000][1][gc,age       ] GC(87) - age   1:     185304 bytes,     185304 total
[2020-09-11T15:43:25.087+0000][1][gc,age       ] GC(87) - age   2:      42864 bytes,     228168 total
[2020-09-11T15:43:25.087+0000][1][gc,age       ] GC(87) - age   3:      29512 bytes,     257680 total
[2020-09-11T15:43:25.087+0000][1][gc,age       ] GC(87) - age   4:      26968 bytes,     284648 total
[2020-09-11T15:43:25.087+0000][1][gc,age       ] GC(87) - age   5:      22960 bytes,     307608 total
[2020-09-11T15:43:25.087+0000][1][gc,age       ] GC(87) - age   6:     153688 bytes,     461296 total
[2020-09-11T15:43:25.087+0000][1][gc,heap      ] GC(87) ParNew: 70606K->747K(76672K)
[2020-09-11T15:43:25.087+0000][1][gc,heap      ] GC(87) CMS: 93702K->93766K(439104K)
[2020-09-11T15:43:25.087+0000][1][gc,metaspace ] GC(87) Metaspace: 91882K->91882K(1134592K)
[2020-09-11T15:43:25.087+0000][1][gc           ] GC(87) Pause Young (Allocation Failure) 160M->92M(503M) 9.078ms
[2020-09-11T15:43:25.087+0000][1][gc,cpu       ] GC(87) User=0.01s Sys=0.00s Real=0.01s
[2020-09-11T15:43:25.087+0000][1][safepoint    ] Safepoint "GenCollectForAllocation", Time since last: 106721599 ns, Reaching safepoint: 272112 ns, At safepoint: 9227275 ns, Total: 9499387 ns
[2020-09-11T15:43:26.090+0000][1][safepoint    ] Safepoint "Cleanup", Time since last: 1003337856 ns, Reaching safepoint: 125499 ns, At safepoint: 18688 ns, Total: 144187 ns
[2020-09-11T15:43:27.091+0000][1][safepoint    ] Safepoint "Cleanup", Time since last: 1000174212 ns, Reaching safepoint: 178563 ns, At safepoint: 18289 ns, Total: 196852 ns
[2020-09-11T15:43:28.091+0000][1][safepoint    ] Safepoint "Cleanup", Time since last: 1000151585 ns, Reaching safepoint: 77484 ns, At safepoint: 6951 ns, Total: 84435 ns
[2020-09-11T15:43:29.091+0000][1][safepoint    ] Safepoint "Cleanup", Time since last: 1000134596 ns, Reaching safepoint: 182796 ns, At safepoint: 15309 ns, Total: 198105 ns
[2020-09-11T15:43:30.092+0000][1][safepoint    ] Safepoint "Cleanup", Time since last: 1000175344 ns, Reaching safepoint: 170899 ns, At safepoint: 21105 ns, Total: 192004 ns
[2020-09-11T15:43:31.092+0000][1][safepoint    ] Safepoint "Cleanup", Time since last: 1000228307 ns, Reaching safepoint: 113707 ns, At safepoint: 8615 ns, Total: 122322 ns
[2020-09-11T15:43:31.864+0000][1][safepoint    ] Safepoint "RevokeBias", Time since last: 771831313 ns, Reaching safepoint: 99151 ns, At safepoint: 23248 ns, Total: 122399 ns
[2020-09-11T15:43:31.921+0000][1][safepoint    ] Safepoint "RevokeBias", Time since last: 56978446 ns, Reaching safepoint: 228590 ns, At safepoint: 22662 ns, Total: 251252 ns
[2020-09-11T15:43:32.921+0000][1][safepoint    ] Safepoint "Cleanup", Time since last: 1000112861 ns, Reaching safepoint: 97095 ns, At safepoint: 9057 ns, Total: 106152 ns
[2020-09-11T15:43:33.924+0000][1][safepoint    ] Safepoint "Cleanup", Time since last: 1000113348 ns, Reaching safepoint: 2437765 ns, At safepoint: 11861 ns, Total: 2449626 ns
[2020-09-11T15:43:33.935+0000][1][safepoint    ] Safepoint "RevokeBias", Time since last: 11198333 ns, Reaching safepoint: 89442 ns, At safepoint: 22575 ns, Total: 112017 ns
[2020-09-11T15:43:34.936+0000][1][safepoint    ] Safepoint "Cleanup", Time since last: 1000174273 ns, Reaching safepoint: 166626 ns, At safepoint: 19625 ns, Total: 186251 ns
[2020-09-11T15:43:35.936+0000][1][safepoint    ] Safepoint "Cleanup", Time since last: 1000188344 ns, Reaching safepoint: 153553 ns, At safepoint: 18589 ns, Total: 172142 ns
[2020-09-11T15:43:36.936+0000][1][safepoint    ] Safepoint "Cleanup", Time since last: 1000180222 ns, Reaching safepoint: 117452 ns, At safepoint: 10523 ns, Total: 127975 ns
[2020-09-11T15:43:37.937+0000][1][safepoint    ] Safepoint "Cleanup", Time since last: 1000185470 ns, Reaching safepoint: 115785 ns, At safepoint: 10884 ns, Total: 126669 ns
[2020-09-11T15:43:38.937+0000][1][safepoint    ] Safepoint "Cleanup", Time since last: 1000138808 ns, Reaching safepoint: 306518 ns, At safepoint: 22996 ns, Total: 329514 ns
[2020-09-11T15:43:40.007+0000][1][safepoint    ] Safepoint "Cleanup", Time since last: 1070257575 ns, Reaching safepoint: 209087 ns, At safepoint: 23901 ns, Total: 232988 ns
[2020-09-11T15:43:41.008+0000][1][safepoint    ] Safepoint "Cleanup", Time since last: 1000239369 ns, Reaching safepoint: 156446 ns, At safepoint: 18256 ns, Total: 174702 ns
[2020-09-11T15:43:41.848+0000][1][safepoint    ] Safepoint "RevokeBias", Time since last: 839829257 ns, Reaching safepoint: 225643 ns, At safepoint: 23946 ns, Total: 249589 ns
[2020-09-11T15:43:42.095+0000][1][safepoint    ] Safepoint "RevokeBias", Time since last: 247181929 ns, Reaching safepoint: 187272 ns, At safepoint: 27264 ns, Total: 214536 ns
[2020-09-11T15:43:43.096+0000][1][safepoint    ] Safepoint "Cleanup", Time since last: 1000141176 ns, Reaching safepoint: 171544 ns, At safepoint: 21566 ns, Total: 193110 ns
[2020-09-11T15:43:43.928+0000][1][safepoint    ] Safepoint "RevokeBias", Time since last: 832572461 ns, Reaching safepoint: 101902 ns, At safepoint: 24539 ns, Total: 126441 ns
[2020-09-11T15:43:44.929+0000][1][safepoint    ] Safepoint "Cleanup", Time since last: 1000162312 ns, Reaching safepoint: 120338 ns, At safepoint: 6990 ns, Total: 127328 ns
[2020-09-11T15:43:45.929+0000][1][safepoint    ] Safepoint "Cleanup", Time since last: 1000175708 ns, Reaching safepoint: 109809 ns, At safepoint: 8479 ns, Total: 118288 ns
[2020-09-11T15:43:46.929+0000][1][safepoint    ] Safepoint "Cleanup", Time since last: 1000141065 ns, Reaching safepoint: 135237 ns, At safepoint: 8029 ns, Total: 143266 ns
[2020-09-11T15:43:47.723+0000][1][gc,start     ] GC(88) Pause Young (Allocation Failure)
[2020-09-11T15:43:47.723+0000][1][gc,task      ] GC(88) Using 1 workers of 1 for evacuation
[2020-09-11T15:43:47.732+0000][1][gc,age       ] GC(88) Desired survivor size 4358144 bytes, new threshold 6 (max threshold 6)
[2020-09-11T15:43:47.732+0000][1][gc,age       ] GC(88) Age table with threshold 6 (max threshold 6)
[2020-09-11T15:43:47.732+0000][1][gc,age       ] GC(88) - age   1:     262504 bytes,     262504 total
[2020-09-11T15:43:47.732+0000][1][gc,age       ] GC(88) - age   2:      76944 bytes,     339448 total
[2020-09-11T15:43:47.732+0000][1][gc,age       ] GC(88) - age   3:      35136 bytes,     374584 total
[2020-09-11T15:43:47.732+0000][1][gc,age       ] GC(88) - age   4:      27440 bytes,     402024 total
[2020-09-11T15:43:47.732+0000][1][gc,age       ] GC(88) - age   5:      25544 bytes,     427568 total
[2020-09-11T15:43:47.732+0000][1][gc,age       ] GC(88) - age   6:      22960 bytes,     450528 total
[2020-09-11T15:43:47.732+0000][1][gc,heap      ] GC(88) ParNew: 68907K->524K(76672K)
[2020-09-11T15:43:47.732+0000][1][gc,heap      ] GC(88) CMS: 93766K->93918K(439104K)
[2020-09-11T15:43:47.732+0000][1][gc,metaspace ] GC(88) Metaspace: 92000K->92000K(1134592K)
[2020-09-11T15:43:47.732+0000][1][gc           ] GC(88) Pause Young (Allocation Failure) 158M->92M(503M) 9.596ms
[2020-09-11T15:43:47.732+0000][1][gc,cpu       ] GC(88) User=0.01s Sys=0.00s Real=0.00s
[2020-09-11T15:43:47.741+0000][1][safepoint    ] Safepoint "GenCollectForAllocation", Time since last: 792955916 ns, Reaching safepoint: 276209 ns, At safepoint: 18700752 ns, Total: 18976961 ns
[2020-09-11T15:43:48.746+0000][1][safepoint    ] Safepoint "Cleanup", Time since last: 1004136774 ns, Reaching safepoint: 172376 ns, At safepoint: 20180 ns, Total: 192556 ns
[2020-09-11T15:43:49.746+0000][1][safepoint    ] Safepoint "Cleanup", Time since last: 1000175830 ns, Reaching safepoint: 166433 ns, At safepoint: 17580 ns, Total: 184013 ns
[2020-09-11T15:43:50.754+0000][1][safepoint    ] Safepoint "Cleanup", Time since last: 1007580825 ns, Reaching safepoint: 88742 ns, At safepoint: 7664 ns, Total: 96406 ns
[2020-09-11T15:43:51.754+0000][1][safepoint    ] Safepoint "Cleanup", Time since last: 1000164981 ns, Reaching safepoint: 198095 ns, At safepoint: 24378 ns, Total: 222473 ns
[2020-09-11T15:43:51.848+0000][1][safepoint    ] Safepoint "RevokeBias", Time since last: 93978698 ns, Reaching safepoint: 97006 ns, At safepoint: 25933 ns, Total: 122939 ns
[2020-09-11T15:43:51.931+0000][1][safepoint    ] Safepoint "RevokeBias", Time since last: 82559259 ns, Reaching safepoint: 96585 ns, At safepoint: 23387 ns, Total: 119972 ns
[2020-09-11T15:43:52.931+0000][1][safepoint    ] Safepoint "Cleanup", Time since last: 1000178347 ns, Reaching safepoint: 165633 ns, At safepoint: 21466 ns, Total: 187099 ns
[2020-09-11T15:43:53.895+0000][1][safepoint    ] Safepoint "RevokeBias", Time since last: 964249280 ns, Reaching safepoint: 109495 ns, At safepoint: 22225 ns, Total: 131720 ns
[2020-09-11T15:43:54.896+0000][1][safepoint    ] Safepoint "Cleanup", Time since last: 1000157214 ns, Reaching safepoint: 131462 ns, At safepoint: 9279 ns, Total: 140741 ns
[2020-09-11T15:43:55.896+0000][1][safepoint    ] Safepoint "Cleanup", Time since last: 1000202088 ns, Reaching safepoint: 113510 ns, At safepoint: 8897 ns, Total: 122407 ns
[2020-09-11T15:43:56.897+0000][1][safepoint    ] Safepoint "Cleanup", Time since last: 1000264381 ns, Reaching safepoint: 210103 ns, At safepoint: 22582 ns, Total: 232685 ns
[2020-09-11T15:43:57.897+0000][1][safepoint    ] Safepoint "Cleanup", Time since last: 1000228794 ns, Reaching safepoint: 162123 ns, At safepoint: 18489 ns, Total: 180612 ns
[2020-09-11T15:43:58.897+0000][1][safepoint    ] Safepoint "Cleanup", Time since last: 1000182660 ns, Reaching safepoint: 158695 ns, At safepoint: 18973 ns, Total: 177668 ns
[2020-09-11T15:43:59.936+0000][1][safepoint    ] Safepoint "Cleanup", Time since last: 1037977468 ns, Reaching safepoint: 185323 ns, At safepoint: 22852 ns, Total: 208175 ns
[2020-09-11T15:44:00.936+0000][1][safepoint    ] Safepoint "Cleanup", Time since last: 1000239203 ns, Reaching safepoint: 162927 ns, At safepoint: 20431 ns, Total: 183358 ns
[2020-09-11T15:44:01.855+0000][1][safepoint    ] Safepoint "RevokeBias", Time since last: 918660042 ns, Reaching safepoint: 125623 ns, At safepoint: 31151 ns, Total: 156774 ns
[2020-09-11T15:44:01.930+0000][1][safepoint    ] Safepoint "RevokeBias", Time since last: 74282100 ns, Reaching safepoint: 482692 ns, At safepoint: 58872 ns, Total: 541564 ns
[2020-09-11T15:44:02.930+0000][1][safepoint    ] Safepoint "Cleanup", Time since last: 1000177563 ns, Reaching safepoint: 174641 ns, At safepoint: 22385 ns, Total: 197026 ns
[2020-09-11T15:44:03.888+0000][1][safepoint    ] Safepoint "RevokeBias", Time since last: 958266566 ns, Reaching safepoint: 189182 ns, At safepoint: 27382 ns, Total: 216564 ns
[2020-09-11T15:44:04.889+0000][1][safepoint    ] Safepoint "Cleanup", Time since last: 1000186651 ns, Reaching safepoint: 115287 ns, At safepoint: 7259 ns, Total: 122546 ns
[2020-09-11T15:44:05.889+0000][1][safepoint    ] Safepoint "Cleanup", Time since last: 1000143320 ns, Reaching safepoint: 93719 ns, At safepoint: 7019 ns, Total: 100738 ns
[2020-09-11T15:44:06.889+0000][1][safepoint    ] Safepoint "Cleanup", Time since last: 1000137360 ns, Reaching safepoint: 145720 ns, At safepoint: 7440 ns, Total: 153160 ns
[2020-09-11T15:44:07.890+0000][1][safepoint    ] Safepoint "Cleanup", Time since last: 1000098235 ns, Reaching safepoint: 93426 ns, At safepoint: 7259 ns, Total: 100685 ns
[2020-09-11T15:44:08.890+0000][1][safepoint    ] Safepoint "Cleanup", Time since last: 1000104523 ns, Reaching safepoint: 88229 ns, At safepoint: 8599 ns, Total: 96828 ns
[2020-09-11T15:44:09.892+0000][1][safepoint    ] Safepoint "Cleanup", Time since last: 1002547180 ns, Reaching safepoint: 184026 ns, At safepoint: 19157 ns, Total: 203183 ns
[2020-09-11T15:44:10.893+0000][1][safepoint    ] Safepoint "Cleanup", Time since last: 1000168313 ns, Reaching safepoint: 151238 ns, At safepoint: 9112 ns, Total: 160350 ns
[2020-09-11T15:44:11.828+0000][1][gc,start     ] GC(89) Pause Young (Allocation Failure)
[2020-09-11T15:44:11.828+0000][1][gc,task      ] GC(89) Using 1 workers of 1 for evacuation
[2020-09-11T15:44:11.834+0000][1][gc,age       ] GC(89) Desired survivor size 4358144 bytes, new threshold 6 (max threshold 6)
[2020-09-11T15:44:11.834+0000][1][gc,age       ] GC(89) Age table with threshold 6 (max threshold 6)
[2020-09-11T15:44:11.834+0000][1][gc,age       ] GC(89) - age   1:     309928 bytes,     309928 total
[2020-09-11T15:44:11.834+0000][1][gc,age       ] GC(89) - age   2:      86504 bytes,     396432 total
[2020-09-11T15:44:11.834+0000][1][gc,age       ] GC(89) - age   3:      44048 bytes,     440480 total
[2020-09-11T15:44:11.834+0000][1][gc,age       ] GC(89) - age   4:      23384 bytes,     463864 total
[2020-09-11T15:44:11.834+0000][1][gc,age       ] GC(89) - age   5:      27144 bytes,     491008 total
[2020-09-11T15:44:11.834+0000][1][gc,age       ] GC(89) - age   6:      25544 bytes,     516552 total
[2020-09-11T15:44:11.834+0000][1][gc,heap      ] GC(89) ParNew: 68684K->922K(76672K)
[2020-09-11T15:44:11.834+0000][1][gc,heap      ] GC(89) CMS: 93918K->93941K(439104K)
[2020-09-11T15:44:11.834+0000][1][gc,metaspace ] GC(89) Metaspace: 92078K->92078K(1134592K)
[2020-09-11T15:44:11.834+0000][1][gc           ] GC(89) Pause Young (Allocation Failure) 158M->92M(503M) 6.299ms
[2020-09-11T15:44:11.834+0000][1][gc,cpu       ] GC(89) User=0.01s Sys=0.00s Real=0.01s
[2020-09-11T15:44:11.834+0000][1][safepoint    ] Safepoint "GenCollectForAllocation", Time since last: 934816524 ns, Reaching safepoint: 205145 ns, At safepoint: 6359630 ns, Total: 6564775 ns
[2020-09-11T15:44:11.881+0000][1][safepoint    ] Safepoint "RevokeBias", Time since last: 46471646 ns, Reaching safepoint: 122507 ns, At safepoint: 37369 ns, Total: 159876 ns
[2020-09-11T15:44:11.932+0000][1][safepoint    ] Safepoint "BulkRevokeBias", Time since last: 51171994 ns, Reaching safepoint: 106380 ns, At safepoint: 285815 ns, Total: 392195 ns
[2020-09-11T15:44:12.933+0000][1][safepoint    ] Safepoint "Cleanup", Time since last: 1000191425 ns, Reaching safepoint: 200127 ns, At safepoint: 21162 ns, Total: 221289 ns
[2020-09-11T15:44:13.934+0000][1][safepoint    ] Safepoint "Cleanup", Time since last: 1000172332 ns, Reaching safepoint: 615924 ns, At safepoint: 27894 ns, Total: 643818 ns
[2020-09-11T15:44:13.973+0000][1][safepoint    ] Safepoint "RevokeBias", Time since last: 39119414 ns, Reaching safepoint: 204885 ns, At safepoint: 28168 ns, Total: 233053 ns
[2020-09-11T15:44:14.973+0000][1][safepoint    ] Safepoint "Cleanup", Time since last: 1000180226 ns, Reaching safepoint: 114954 ns, At safepoint: 10617 ns, Total: 125571 ns
[2020-09-11T15:44:15.974+0000][1][safepoint    ] Safepoint "Cleanup", Time since last: 1000165170 ns, Reaching safepoint: 130942 ns, At safepoint: 10531 ns, Total: 141473 ns
[2020-09-11T15:44:16.974+0000][1][safepoint    ] Safepoint "Cleanup", Time since last: 1000178120 ns, Reaching safepoint: 174631 ns, At safepoint: 20610 ns, Total: 195241 ns
[2020-09-11T15:44:17.974+0000][1][safepoint    ] Safepoint "Cleanup", Time since last: 1000206101 ns, Reaching safepoint: 132275 ns, At safepoint: 9970 ns, Total: 142245 ns
[2020-09-11T15:44:18.975+0000][1][safepoint    ] Safepoint "Cleanup", Time since last: 1000194438 ns, Reaching safepoint: 114677 ns, At safepoint: 10390 ns, Total: 125067 ns
[2020-09-11T15:44:19.977+0000][1][safepoint    ] Safepoint "Cleanup", Time since last: 1002337664 ns, Reaching safepoint: 167287 ns, At safepoint: 22402 ns, Total: 189689 ns
[2020-09-11T15:44:20.978+0000][1][safepoint    ] Safepoint "Cleanup", Time since last: 1000190988 ns, Reaching safepoint: 167057 ns, At safepoint: 22952 ns, Total: 190009 ns
[2020-09-11T15:44:21.850+0000][1][safepoint    ] Safepoint "RevokeBias", Time since last: 872008330 ns, Reaching safepoint: 107875 ns, At safepoint: 27991 ns, Total: 135866 ns
[2020-09-11T15:44:21.905+0000][1][safepoint    ] Safepoint "RevokeBias", Time since last: 55619877 ns, Reaching safepoint: 88142 ns, At safepoint: 22355 ns, Total: 110497 ns
[2020-09-11T15:44:22.906+0000][1][safepoint    ] Safepoint "Cleanup", Time since last: 1000138468 ns, Reaching safepoint: 162674 ns, At safepoint: 21005 ns, Total: 183679 ns
[2020-09-11T15:44:23.756+0000][1][safepoint    ] Safepoint "ICBufferFull", Time since last: 849883694 ns, Reaching safepoint: 294383 ns, At safepoint: 13645 ns, Total: 308028 ns
[2020-09-11T15:44:23.933+0000][1][safepoint    ] Safepoint "RevokeBias", Time since last: 176660421 ns, Reaching safepoint: 130663 ns, At safepoint: 24053 ns, Total: 154716 ns
[2020-09-11T15:44:24.933+0000][1][safepoint    ] Safepoint "Cleanup", Time since last: 1000184165 ns, Reaching safepoint: 156025 ns, At safepoint: 21132 ns, Total: 177157 ns
[2020-09-11T15:44:25.933+0000][1][safepoint    ] Safepoint "Cleanup", Time since last: 1000251475 ns, Reaching safepoint: 118841 ns, At safepoint: 10149 ns, Total: 128990 ns
[2020-09-11T15:44:26.934+0000][1][safepoint    ] Safepoint "Cleanup", Time since last: 1000179778 ns, Reaching safepoint: 115653 ns, At safepoint: 8614 ns, Total: 124267 ns
[2020-09-11T15:44:27.934+0000][1][safepoint    ] Safepoint "Cleanup", Time since last: 1000151986 ns, Reaching safepoint: 90942 ns, At safepoint: 10803 ns, Total: 101745 ns
[2020-09-11T15:44:28.934+0000][1][safepoint    ] Safepoint "Cleanup", Time since last: 1000177332 ns, Reaching safepoint: 112309 ns, At safepoint: 10241 ns, Total: 122550 ns
[2020-09-11T15:44:30.038+0000][1][safepoint    ] Safepoint "Cleanup", Time since last: 1103804363 ns, Reaching safepoint: 150044 ns, At safepoint: 20905 ns, Total: 170949 ns
[2020-09-11T15:44:31.039+0000][1][safepoint    ] Safepoint "Cleanup", Time since last: 1000218816 ns, Reaching safepoint: 171897 ns, At safepoint: 21991 ns, Total: 193888 ns
[2020-09-11T15:44:31.821+0000][1][gc,start     ] GC(90) Pause Young (Allocation Failure)
[2020-09-11T15:44:31.821+0000][1][gc,task      ] GC(90) Using 1 workers of 1 for evacuation
[2020-09-11T15:44:31.826+0000][1][gc,age       ] GC(90) Desired survivor size 4358144 bytes, new threshold 6 (max threshold 6)
[2020-09-11T15:44:31.826+0000][1][gc,age       ] GC(90) Age table with threshold 6 (max threshold 6)
[2020-09-11T15:44:31.826+0000][1][gc,age       ] GC(90) - age   1:     217744 bytes,     217744 total
[2020-09-11T15:44:31.826+0000][1][gc,age       ] GC(90) - age   2:      66736 bytes,     284480 total
[2020-09-11T15:44:31.826+0000][1][gc,age       ] GC(90) - age   3:      27304 bytes,     311784 total
[2020-09-11T15:44:31.826+0000][1][gc,age       ] GC(90) - age   4:      30512 bytes,     342296 total
[2020-09-11T15:44:31.826+0000][1][gc,age       ] GC(90) - age   5:      23088 bytes,     365384 total
[2020-09-11T15:44:31.826+0000][1][gc,age       ] GC(90) - age   6:      26088 bytes,     391472 total
[2020-09-11T15:44:31.826+0000][1][gc,heap      ] GC(90) ParNew: 69082K->608K(76672K)
[2020-09-11T15:44:31.826+0000][1][gc,heap      ] GC(90) CMS: 93941K->93962K(439104K)
[2020-09-11T15:44:31.826+0000][1][gc,metaspace ] GC(90) Metaspace: 92138K->92138K(1134592K)
[2020-09-11T15:44:31.826+0000][1][gc           ] GC(90) Pause Young (Allocation Failure) 159M->92M(503M) 5.467ms
[2020-09-11T15:44:31.826+0000][1][gc,cpu       ] GC(90) User=0.01s Sys=0.00s Real=0.00s
[2020-09-11T15:44:31.827+0000][1][safepoint    ] Safepoint "GenCollectForAllocation", Time since last: 782067113 ns, Reaching safepoint: 204308 ns, At safepoint: 5578006 ns, Total: 5782314 ns
[2020-09-11T15:44:31.897+0000][1][safepoint    ] Safepoint "RevokeBias", Time since last: 70545263 ns, Reaching safepoint: 92736 ns, At safepoint: 27826 ns, Total: 120562 ns
[2020-09-11T15:44:31.942+0000][1][safepoint    ] Safepoint "RevokeBias", Time since last: 44388001 ns, Reaching safepoint: 88952 ns, At safepoint: 24187 ns, Total: 113139 ns
[2020-09-11T15:44:32.942+0000][1][safepoint    ] Safepoint "Cleanup", Time since last: 1000173814 ns, Reaching safepoint: 118410 ns, At safepoint: 9863 ns, Total: 128273 ns
[2020-09-11T15:44:33.916+0000][1][safepoint    ] Safepoint "RevokeBias", Time since last: 973845014 ns, Reaching safepoint: 113676 ns, At safepoint: 27305 ns, Total: 140981 ns
[2020-09-11T15:44:34.916+0000][1][safepoint    ] Safepoint "Cleanup", Time since last: 1000131428 ns, Reaching safepoint: 133279 ns, At safepoint: 9161 ns, Total: 142440 ns
[2020-09-11T15:44:35.917+0000][1][safepoint    ] Safepoint "Cleanup", Time since last: 1000201100 ns, Reaching safepoint: 124847 ns, At safepoint: 16056 ns, Total: 140903 ns
[2020-09-11T15:44:36.917+0000][1][safepoint    ] Safepoint "Cleanup", Time since last: 1000171273 ns, Reaching safepoint: 125058 ns, At safepoint: 9641 ns, Total: 134699 ns
[2020-09-11T15:44:37.917+0000][1][safepoint    ] Safepoint "Cleanup", Time since last: 1000176099 ns, Reaching safepoint: 125642 ns, At safepoint: 10797 ns, Total: 136439 ns
[2020-09-11T15:44:38.918+0000][1][safepoint    ] Safepoint "Cleanup", Time since last: 1000177666 ns, Reaching safepoint: 164601 ns, At safepoint: 20942 ns, Total: 185543 ns
[2020-09-11T15:44:39.946+0000][1][safepoint    ] Safepoint "Cleanup", Time since last: 1027884455 ns, Reaching safepoint: 111161 ns, At safepoint: 10025 ns, Total: 121186 ns
[2020-09-11T15:44:40.946+0000][1][safepoint    ] Safepoint "Cleanup", Time since last: 1000151066 ns, Reaching safepoint: 202111 ns, At safepoint: 21075 ns, Total: 223186 ns
[2020-09-11T15:44:41.860+0000][1][safepoint    ] Safepoint "RevokeBias", Time since last: 913708645 ns, Reaching safepoint: 103484 ns, At safepoint: 24798 ns, Total: 128282 ns
[2020-09-11T15:44:41.914+0000][1][safepoint    ] Safepoint "RevokeBias", Time since last: 54315092 ns, Reaching safepoint: 209561 ns, At safepoint: 28111 ns, Total: 237672 ns
[2020-09-11T15:44:42.915+0000][1][safepoint    ] Safepoint "Cleanup", Time since last: 1000144173 ns, Reaching safepoint: 143895 ns, At safepoint: 12472 ns, Total: 156367 ns
[2020-09-11T15:44:43.915+0000][1][safepoint    ] Safepoint "Cleanup", Time since last: 1000115179 ns, Reaching safepoint: 96819 ns, At safepoint: 8169 ns, Total: 104988 ns
[2020-09-11T15:44:43.916+0000][1][safepoint    ] Safepoint "RevokeBias", Time since last: 756995 ns, Reaching safepoint: 67032 ns, At safepoint: 21303 ns, Total: 88335 ns
[2020-09-11T15:44:44.916+0000][1][safepoint    ] Safepoint "Cleanup", Time since last: 1000132975 ns, Reaching safepoint: 159159 ns, At safepoint: 19845 ns, Total: 179004 ns
[2020-09-11T15:44:45.916+0000][1][safepoint    ] Safepoint "Cleanup", Time since last: 1000194641 ns, Reaching safepoint: 148388 ns, At safepoint: 8516 ns, Total: 156904 ns
[2020-09-11T15:44:46.917+0000][1][safepoint    ] Safepoint "Cleanup", Time since last: 1000321771 ns, Reaching safepoint: 180538 ns, At safepoint: 21924 ns, Total: 202462 ns
[2020-09-11T15:44:47.917+0000][1][safepoint    ] Safepoint "Cleanup", Time since last: 1000223133 ns, Reaching safepoint: 113928 ns, At safepoint: 9017 ns, Total: 122945 ns
[2020-09-11T15:44:48.918+0000][1][safepoint    ] Safepoint "Cleanup", Time since last: 1000247782 ns, Reaching safepoint: 92788 ns, At safepoint: 8345 ns, Total: 101133 ns
[2020-09-11T15:44:49.920+0000][1][safepoint    ] Safepoint "Cleanup", Time since last: 1002556704 ns, Reaching safepoint: 115512 ns, At safepoint: 10785 ns, Total: 126297 ns
[2020-09-11T15:44:50.921+0000][1][safepoint    ] Safepoint "Cleanup", Time since last: 1000176222 ns, Reaching safepoint: 127517 ns, At safepoint: 30626 ns, Total: 158143 ns
[2020-09-11T15:44:51.825+0000][1][gc,start     ] GC(91) Pause Young (Allocation Failure)
[2020-09-11T15:44:51.825+0000][1][gc,task      ] GC(91) Using 1 workers of 1 for evacuation
[2020-09-11T15:44:51.830+0000][1][gc,age       ] GC(91) Desired survivor size 4358144 bytes, new threshold 6 (max threshold 6)
[2020-09-11T15:44:51.830+0000][1][gc,age       ] GC(91) Age table with threshold 6 (max threshold 6)
[2020-09-11T15:44:51.830+0000][1][gc,age       ] GC(91) - age   1:     346440 bytes,     346440 total
[2020-09-11T15:44:51.830+0000][1][gc,age       ] GC(91) - age   2:      94768 bytes,     441208 total
[2020-09-11T15:44:51.830+0000][1][gc,age       ] GC(91) - age   3:      43768 bytes,     484976 total
[2020-09-11T15:44:51.830+0000][1][gc,age       ] GC(91) - age   4:      23320 bytes,     508296 total
[2020-09-11T15:44:51.830+0000][1][gc,age       ] GC(91) - age   5:      30512 bytes,     538808 total
[2020-09-11T15:44:51.830+0000][1][gc,age       ] GC(91) - age   6:      23088 bytes,     561896 total
[2020-09-11T15:44:51.830+0000][1][gc,heap      ] GC(91) ParNew: 68767K->725K(76672K)
[2020-09-11T15:44:51.830+0000][1][gc,heap      ] GC(91) CMS: 93962K->93987K(439104K)
[2020-09-11T15:44:51.830+0000][1][gc,metaspace ] GC(91) Metaspace: 92176K->92176K(1134592K)
[2020-09-11T15:44:51.830+0000][1][gc           ] GC(91) Pause Young (Allocation Failure) 158M->92M(503M) 5.159ms
[2020-09-11T15:44:51.830+0000][1][gc,cpu       ] GC(91) User=0.00s Sys=0.00s Real=0.00s
[2020-09-11T15:44:51.830+0000][1][safepoint    ] Safepoint "GenCollectForAllocation", Time since last: 903856953 ns, Reaching safepoint: 178404 ns, At safepoint: 5527285 ns, Total: 5705689 ns
[2020-09-11T15:44:51.845+0000][1][safepoint    ] Safepoint "RevokeBias", Time since last: 14728606 ns, Reaching safepoint: 89423 ns, At safepoint: 33474 ns, Total: 122897 ns
[2020-09-11T15:44:51.911+0000][1][safepoint    ] Safepoint "RevokeBias", Time since last: 66099911 ns, Reaching safepoint: 99393 ns, At safepoint: 38584 ns, Total: 137977 ns
[2020-09-11T15:44:53.823+0000][1][safepoint    ] Safepoint "RevokeBias", Time since last: 1911862815 ns, Reaching safepoint: 91658 ns, At safepoint: 22266 ns, Total: 113924 ns
[2020-09-11T15:44:54.824+0000][1][safepoint    ] Safepoint "Cleanup", Time since last: 1000183706 ns, Reaching safepoint: 99425 ns, At safepoint: 7919 ns, Total: 107344 ns
[2020-09-11T15:44:58.824+0000][1][safepoint    ] Safepoint "Cleanup", Time since last: 4000562376 ns, Reaching safepoint: 196792 ns, At safepoint: 20610 ns, Total: 217402 ns
[2020-09-11T15:44:59.852+0000][1][safepoint    ] Safepoint "Cleanup", Time since last: 1027900998 ns, Reaching safepoint: 163643 ns, At safepoint: 20443 ns, Total: 184086 ns
[2020-09-11T15:45:00.853+0000][1][safepoint    ] Safepoint "Cleanup", Time since last: 1000214330 ns, Reaching safepoint: 179578 ns, At safepoint: 19211 ns, Total: 198789 ns
[2020-09-11T15:45:01.853+0000][1][safepoint    ] Safepoint "Cleanup", Time since last: 1000173951 ns, Reaching safepoint: 161397 ns, At safepoint: 9413 ns, Total: 170810 ns
[2020-09-11T15:45:01.893+0000][1][safepoint    ] Safepoint "RevokeBias", Time since last: 39652317 ns, Reaching safepoint: 87096 ns, At safepoint: 22877 ns, Total: 109973 ns
[2020-09-11T15:45:01.918+0000][1][safepoint    ] Safepoint "RevokeBias", Time since last: 24666546 ns, Reaching safepoint: 89063 ns, At safepoint: 22403 ns, Total: 111466 ns
[2020-09-11T15:45:02.067+0000][1][safepoint    ] Safepoint "RevokeBias", Time since last: 148924846 ns, Reaching safepoint: 202383 ns, At safepoint: 26667 ns, Total: 229050 ns
[2020-09-11T15:45:02.068+0000][1][safepoint    ] Safepoint "RevokeBias", Time since last: 1001999 ns, Reaching safepoint: 195196 ns, At safepoint: 21280 ns, Total: 216476 ns
[2020-09-11T15:45:02.069+0000][1][safepoint    ] Safepoint "RevokeBias", Time since last: 794512 ns, Reaching safepoint: 200006 ns, At safepoint: 19324 ns, Total: 219330 ns
[2020-09-11T15:45:02.070+0000][1][safepoint    ] Safepoint "RevokeBias", Time since last: 803395 ns, Reaching safepoint: 186263 ns, At safepoint: 17622 ns, Total: 203885 ns
[2020-09-11T15:45:02.070+0000][1][safepoint    ] Safepoint "RevokeBias", Time since last: 148030 ns, Reaching safepoint: 183233 ns, At safepoint: 15899 ns, Total: 199132 ns
[2020-09-11T15:45:03.853+0000][1][safepoint    ] Safepoint "RevokeBias", Time since last: 1782067168 ns, Reaching safepoint: 354287 ns, At safepoint: 58253 ns, Total: 412540 ns
[2020-09-11T15:45:05.853+0000][1][safepoint    ] Safepoint "Cleanup", Time since last: 2000326583 ns, Reaching safepoint: 160351 ns, At safepoint: 22435 ns, Total: 182786 ns
[2020-09-11T15:45:11.854+0000][1][safepoint    ] Safepoint "Cleanup", Time since last: 6000765819 ns, Reaching safepoint: 156856 ns, At safepoint: 11025 ns, Total: 167881 ns
[2020-09-11T15:45:11.862+0000][1][safepoint    ] Safepoint "RevokeBias", Time since last: 7630472 ns, Reaching safepoint: 92300 ns, At safepoint: 27203 ns, Total: 119503 ns
[2020-09-11T15:45:11.927+0000][1][safepoint    ] Safepoint "RevokeBias", Time since last: 64871503 ns, Reaching safepoint: 89166 ns, At safepoint: 24339 ns, Total: 113505 ns
[2020-09-11T15:45:12.928+0000][1][safepoint    ] Safepoint "Cleanup", Time since last: 1000188212 ns, Reaching safepoint: 172152 ns, At safepoint: 20948 ns, Total: 193100 ns
[2020-09-11T15:45:13.647+0000][1][gc,start     ] GC(92) Pause Young (Allocation Failure)
[2020-09-11T15:45:13.647+0000][1][gc,task      ] GC(92) Using 1 workers of 1 for evacuation
[2020-09-11T15:45:13.669+0000][1][gc,age       ] GC(92) Desired survivor size 4358144 bytes, new threshold 6 (max threshold 6)
[2020-09-11T15:45:13.669+0000][1][gc,age       ] GC(92) Age table with threshold 6 (max threshold 6)
[2020-09-11T15:45:13.669+0000][1][gc,age       ] GC(92) - age   1:     204424 bytes,     204424 total
[2020-09-11T15:45:13.669+0000][1][gc,age       ] GC(92) - age   2:     202944 bytes,     407368 total
[2020-09-11T15:45:13.669+0000][1][gc,age       ] GC(92) - age   3:      46176 bytes,     453544 total
[2020-09-11T15:45:13.669+0000][1][gc,age       ] GC(92) - age   4:      28528 bytes,     482072 total
[2020-09-11T15:45:13.669+0000][1][gc,age       ] GC(92) - age   5:      22480 bytes,     504552 total
[2020-09-11T15:45:13.669+0000][1][gc,age       ] GC(92) - age   6:      30512 bytes,     535064 total
[2020-09-11T15:45:13.669+0000][1][gc,heap      ] GC(92) ParNew: 68885K->1004K(76672K)
[2020-09-11T15:45:13.669+0000][1][gc,heap      ] GC(92) CMS: 93987K->94010K(439104K)
[2020-09-11T15:45:13.669+0000][1][gc,metaspace ] GC(92) Metaspace: 92296K->92296K(1134592K)
[2020-09-11T15:45:13.669+0000][1][gc           ] GC(92) Pause Young (Allocation Failure) 159M->92M(503M) 22.220ms
[2020-09-11T15:45:13.669+0000][1][gc,cpu       ] GC(92) User=0.01s Sys=0.00s Real=0.02s
[2020-09-11T15:45:13.670+0000][1][safepoint    ] Safepoint "GenCollectForAllocation", Time since last: 719106955 ns, Reaching safepoint: 173484 ns, At safepoint: 22738179 ns, Total: 22911663 ns
[2020-09-11T15:45:14.040+0000][1][safepoint    ] Safepoint "RevokeBias", Time since last: 370203386 ns, Reaching safepoint: 99919 ns, At safepoint: 24526 ns, Total: 124445 ns
[2020-09-11T15:45:15.040+0000][1][safepoint    ] Safepoint "Cleanup", Time since last: 1000176400 ns, Reaching safepoint: 115924 ns, At safepoint: 10717 ns, Total: 126641 ns
[2020-09-11T15:45:16.040+0000][1][safepoint    ] Safepoint "Cleanup", Time since last: 1000139417 ns, Reaching safepoint: 159451 ns, At safepoint: 11203 ns, Total: 170654 ns
[2020-09-11T15:45:17.041+0000][1][safepoint    ] Safepoint "Cleanup", Time since last: 1000175702 ns, Reaching safepoint: 192171 ns, At safepoint: 21626 ns, Total: 213797 ns
[2020-09-11T15:45:18.041+0000][1][safepoint    ] Safepoint "Cleanup", Time since last: 1000189639 ns, Reaching safepoint: 167391 ns, At safepoint: 24813 ns, Total: 192204 ns
[2020-09-11T15:45:19.042+0000][1][safepoint    ] Safepoint "Cleanup", Time since last: 1000248503 ns, Reaching safepoint: 164060 ns, At safepoint: 23210 ns, Total: 187270 ns
[2020-09-11T15:45:20.053+0000][1][safepoint    ] Safepoint "Cleanup", Time since last: 1011231623 ns, Reaching safepoint: 128368 ns, At safepoint: 10724 ns, Total: 139092 ns
[2020-09-11T15:45:21.053+0000][1][safepoint    ] Safepoint "Cleanup", Time since last: 1000140054 ns, Reaching safepoint: 167518 ns, At safepoint: 22265 ns, Total: 189783 ns
[2020-09-11T15:45:21.855+0000][1][safepoint    ] Safepoint "RevokeBias", Time since last: 801203098 ns, Reaching safepoint: 96131 ns, At safepoint: 23807 ns, Total: 119938 ns
[2020-09-11T15:45:21.931+0000][1][safepoint    ] Safepoint "RevokeBias", Time since last: 76267484 ns, Reaching safepoint: 86310 ns, At safepoint: 22495 ns, Total: 108805 ns
[2020-09-11T15:45:22.931+0000][1][safepoint    ] Safepoint "Cleanup", Time since last: 1000174931 ns, Reaching safepoint: 107898 ns, At safepoint: 9915 ns, Total: 117813 ns
[2020-09-11T15:45:23.898+0000][1][safepoint    ] Safepoint "RevokeBias", Time since last: 966476230 ns, Reaching safepoint: 182409 ns, At safepoint: 27665 ns, Total: 210074 ns
[2020-09-11T15:45:24.898+0000][1][safepoint    ] Safepoint "Cleanup", Time since last: 1000107519 ns, Reaching safepoint: 77210 ns, At safepoint: 7649 ns, Total: 84859 ns
[2020-09-11T15:45:25.899+0000][1][safepoint    ] Safepoint "Cleanup", Time since last: 1000156917 ns, Reaching safepoint: 161835 ns, At safepoint: 20678 ns, Total: 182513 ns
[2020-09-11T15:45:26.899+0000][1][safepoint    ] Safepoint "Cleanup", Time since last: 1000178763 ns, Reaching safepoint: 125223 ns, At safepoint: 8214 ns, Total: 133437 ns
[2020-09-11T15:45:27.071+0000][1][safepoint    ] Safepoint "RevokeBias", Time since last: 172090486 ns, Reaching safepoint: 90637 ns, At safepoint: 21599 ns, Total: 112236 ns
[2020-09-11T15:45:27.071+0000][1][safepoint    ] Safepoint "RevokeBias", Time since last: 209407 ns, Reaching safepoint: 50826 ns, At safepoint: 12763 ns, Total: 63589 ns
[2020-09-11T15:45:28.072+0000][1][safepoint    ] Safepoint "Cleanup", Time since last: 1000152448 ns, Reaching safepoint: 117861 ns, At safepoint: 12068 ns, Total: 129929 ns
[2020-09-11T15:45:29.072+0000][1][safepoint    ] Safepoint "Cleanup", Time since last: 1000209615 ns, Reaching safepoint: 113478 ns, At safepoint: 11068 ns, Total: 124546 ns
[2020-09-11T15:45:30.072+0000][1][safepoint    ] Safepoint "Cleanup", Time since last: 1000190983 ns, Reaching safepoint: 122236 ns, At safepoint: 11540 ns, Total: 133776 ns
[2020-09-11T15:45:31.465+0000][1][safepoint    ] Safepoint "Cleanup", Time since last: 1392568129 ns, Reaching safepoint: 113755 ns, At safepoint: 10184 ns, Total: 123939 ns
[2020-09-11T15:45:31.902+0000][1][safepoint    ] Safepoint "RevokeBias", Time since last: 436359457 ns, Reaching safepoint: 795368 ns, At safepoint: 171425 ns, Total: 966793 ns
[2020-09-11T15:45:31.910+0000][1][safepoint    ] Safepoint "RevokeBias", Time since last: 7269655 ns, Reaching safepoint: 92155 ns, At safepoint: 24846 ns, Total: 117001 ns
[2020-09-11T15:45:32.910+0000][1][safepoint    ] Safepoint "Cleanup", Time since last: 1000591668 ns, Reaching safepoint: 83941 ns, At safepoint: 9045 ns, Total: 92986 ns
[2020-09-11T15:45:33.797+0000][1][gc,start     ] GC(93) Pause Young (Allocation Failure)
[2020-09-11T15:45:33.797+0000][1][gc,task      ] GC(93) Using 1 workers of 1 for evacuation
[2020-09-11T15:45:33.802+0000][1][gc,age       ] GC(93) Desired survivor size 4358144 bytes, new threshold 6 (max threshold 6)
[2020-09-11T15:45:33.802+0000][1][gc,age       ] GC(93) Age table with threshold 6 (max threshold 6)
[2020-09-11T15:45:33.802+0000][1][gc,age       ] GC(93) - age   1:     192280 bytes,     192280 total
[2020-09-11T15:45:33.802+0000][1][gc,age       ] GC(93) - age   2:     108568 bytes,     300848 total
[2020-09-11T15:45:33.802+0000][1][gc,age       ] GC(93) - age   3:     131840 bytes,     432688 total
[2020-09-11T15:45:33.802+0000][1][gc,age       ] GC(93) - age   4:      44840 bytes,     477528 total
[2020-09-11T15:45:33.802+0000][1][gc,age       ] GC(93) - age   5:      28528 bytes,     506056 total
[2020-09-11T15:45:33.802+0000][1][gc,age       ] GC(93) - age   6:      22184 bytes,     528240 total
[2020-09-11T15:45:33.802+0000][1][gc,heap      ] GC(93) ParNew: 69164K->643K(76672K)
[2020-09-11T15:45:33.802+0000][1][gc,heap      ] GC(93) CMS: 94010K->94040K(439104K)
[2020-09-11T15:45:33.803+0000][1][gc,metaspace ] GC(93) Metaspace: 92377K->92377K(1134592K)
[2020-09-11T15:45:33.803+0000][1][gc           ] GC(93) Pause Young (Allocation Failure) 159M->92M(503M) 5.624ms
[2020-09-11T15:45:33.803+0000][1][gc,cpu       ] GC(93) User=0.01s Sys=0.00s Real=0.01s
[2020-09-11T15:45:33.805+0000][1][safepoint    ] Safepoint "GenCollectForAllocation", Time since last: 882386212 ns, Reaching safepoint: 4099276 ns, At safepoint: 7942699 ns, Total: 12041975 ns
[2020-09-11T15:45:33.966+0000][1][safepoint    ] Safepoint "RevokeBias", Time since last: 161353142 ns, Reaching safepoint: 202524 ns, At safepoint: 30606 ns, Total: 233130 ns
[2020-09-11T15:45:34.967+0000][1][safepoint    ] Safepoint "Cleanup", Time since last: 1000203926 ns, Reaching safepoint: 112110 ns, At safepoint: 10060 ns, Total: 122170 ns
[2020-09-11T15:45:35.967+0000][1][safepoint    ] Safepoint "Cleanup", Time since last: 1000199839 ns, Reaching safepoint: 103851 ns, At safepoint: 9555 ns, Total: 113406 ns
[2020-09-11T15:45:36.967+0000][1][safepoint    ] Safepoint "Cleanup", Time since last: 1000183191 ns, Reaching safepoint: 111815 ns, At safepoint: 10059 ns, Total: 121874 ns
[2020-09-11T15:45:37.968+0000][1][safepoint    ] Safepoint "Cleanup", Time since last: 1000178941 ns, Reaching safepoint: 100885 ns, At safepoint: 10004 ns, Total: 110889 ns
[2020-09-11T15:45:38.968+0000][1][safepoint    ] Safepoint "Cleanup", Time since last: 1000213463 ns, Reaching safepoint: 110386 ns, At safepoint: 10188 ns, Total: 120574 ns
[2020-09-11T15:45:39.970+0000][1][safepoint    ] Safepoint "Cleanup", Time since last: 1001955837 ns, Reaching safepoint: 151424 ns, At safepoint: 24432 ns, Total: 175856 ns
[2020-09-11T15:45:40.970+0000][1][safepoint    ] Safepoint "Cleanup", Time since last: 1000237328 ns, Reaching safepoint: 111074 ns, At safepoint: 9785 ns, Total: 120859 ns
[2020-09-11T15:45:41.870+0000][1][safepoint    ] Safepoint "RevokeBias", Time since last: 899645091 ns, Reaching safepoint: 94372 ns, At safepoint: 23449 ns, Total: 117821 ns
[2020-09-11T15:45:41.913+0000][1][safepoint    ] Safepoint "BulkRevokeBias", Time since last: 42114539 ns, Reaching safepoint: 218379 ns, At safepoint: 277664 ns, Total: 496043 ns
[2020-09-11T15:45:42.072+0000][1][safepoint    ] Safepoint "RevokeBias", Time since last: 158579762 ns, Reaching safepoint: 118238 ns, At safepoint: 30743 ns, Total: 148981 ns
[2020-09-11T15:45:42.072+0000][1][safepoint    ] Safepoint "RevokeBias", Time since last: 230034 ns, Reaching safepoint: 91157 ns, At safepoint: 19026 ns, Total: 110183 ns
[2020-09-11T15:45:42.077+0000][1][safepoint    ] Safepoint "RevokeBias", Time since last: 3801805 ns, Reaching safepoint: 1201795 ns, At safepoint: 27327 ns, Total: 1229122 ns
[2020-09-11T15:45:42.078+0000][1][safepoint    ] Safepoint "RevokeBias", Time since last: 1018143 ns, Reaching safepoint: 73317 ns, At safepoint: 19056 ns, Total: 92373 ns
[2020-09-11T15:45:42.078+0000][1][safepoint    ] Safepoint "RevokeBias", Time since last: 58771 ns, Reaching safepoint: 64339 ns, At safepoint: 14672 ns, Total: 79011 ns
[2020-09-11T15:45:42.078+0000][1][safepoint    ] Safepoint "RevokeBias", Time since last: 46095 ns, Reaching safepoint: 44523 ns, At safepoint: 11934 ns, Total: 56457 ns
[2020-09-11T15:45:42.080+0000][1][safepoint    ] Safepoint "RevokeBias", Time since last: 1636047 ns, Reaching safepoint: 62594 ns, At safepoint: 16176 ns, Total: 78770 ns
[2020-09-11T15:45:42.093+0000][1][safepoint    ] Safepoint "RevokeBias", Time since last: 12255510 ns, Reaching safepoint: 577810 ns, At safepoint: 23248 ns, Total: 601058 ns
[2020-09-11T15:45:42.457+0000][1][safepoint    ] Safepoint "RevokeBias", Time since last: 364158054 ns, Reaching safepoint: 91790 ns, At safepoint: 25225 ns, Total: 117015 ns
[2020-09-11T15:45:42.458+0000][1][safepoint    ] Safepoint "RevokeBias", Time since last: 567927 ns, Reaching safepoint: 66457 ns, At safepoint: 16693 ns, Total: 83150 ns
[2020-09-11T15:45:42.459+0000][1][safepoint    ] Safepoint "RevokeBias", Time since last: 669684 ns, Reaching safepoint: 139131 ns, At safepoint: 16280 ns, Total: 155411 ns
[2020-09-11T15:45:43.459+0000][1][safepoint    ] Safepoint "Cleanup", Time since last: 1000135333 ns, Reaching safepoint: 156045 ns, At safepoint: 20835 ns, Total: 176880 ns
[2020-09-11T15:45:43.900+0000][1][safepoint    ] Safepoint "RevokeBias", Time since last: 441183123 ns, Reaching safepoint: 98502 ns, At safepoint: 23135 ns, Total: 121637 ns
[2020-09-11T15:45:44.901+0000][1][safepoint    ] Safepoint "Cleanup", Time since last: 1000197010 ns, Reaching safepoint: 144932 ns, At safepoint: 20721 ns, Total: 165653 ns
[2020-09-11T15:45:45.901+0000][1][safepoint    ] Safepoint "Cleanup", Time since last: 1000230204 ns, Reaching safepoint: 107964 ns, At safepoint: 10036 ns, Total: 118000 ns
[2020-09-11T15:45:46.901+0000][1][safepoint    ] Safepoint "Cleanup", Time since last: 1000169312 ns, Reaching safepoint: 104565 ns, At safepoint: 8289 ns, Total: 112854 ns
[2020-09-11T15:45:47.902+0000][1][safepoint    ] Safepoint "Cleanup", Time since last: 1000128990 ns, Reaching safepoint: 163863 ns, At safepoint: 22982 ns, Total: 186845 ns
[2020-09-11T15:45:48.902+0000][1][safepoint    ] Safepoint "Cleanup", Time since last: 1000212192 ns, Reaching safepoint: 121880 ns, At safepoint: 11027 ns, Total: 132907 ns
[2020-09-11T15:45:49.904+0000][1][safepoint    ] Safepoint "Cleanup", Time since last: 1001766590 ns, Reaching safepoint: 165908 ns, At safepoint: 22274 ns, Total: 188182 ns
[2020-09-11T15:45:50.904+0000][1][safepoint    ] Safepoint "Cleanup", Time since last: 1000240929 ns, Reaching safepoint: 157478 ns, At safepoint: 23832 ns, Total: 181310 ns
[2020-09-11T15:45:51.857+0000][1][safepoint    ] Safepoint "RevokeBias", Time since last: 952888206 ns, Reaching safepoint: 103075 ns, At safepoint: 27431 ns, Total: 130506 ns
[2020-09-11T15:45:51.926+0000][1][safepoint    ] Safepoint "RevokeBias", Time since last: 68227641 ns, Reaching safepoint: 100836 ns, At safepoint: 26465 ns, Total: 127301 ns
[2020-09-11T15:45:52.926+0000][1][safepoint    ] Safepoint "Cleanup", Time since last: 1000171956 ns, Reaching safepoint: 159258 ns, At safepoint: 23117 ns, Total: 182375 ns
[2020-09-11T15:45:53.847+0000][1][gc,start     ] GC(94) Pause Young (Allocation Failure)
[2020-09-11T15:45:53.847+0000][1][gc,task      ] GC(94) Using 1 workers of 1 for evacuation
[2020-09-11T15:45:53.852+0000][1][gc,age       ] GC(94) Desired survivor size 4358144 bytes, new threshold 6 (max threshold 6)
[2020-09-11T15:45:53.852+0000][1][gc,age       ] GC(94) Age table with threshold 6 (max threshold 6)
[2020-09-11T15:45:53.852+0000][1][gc,age       ] GC(94) - age   1:     336864 bytes,     336864 total
[2020-09-11T15:45:53.852+0000][1][gc,age       ] GC(94) - age   2:      65008 bytes,     401872 total
[2020-09-11T15:45:53.852+0000][1][gc,age       ] GC(94) - age   3:      60288 bytes,     462160 total
[2020-09-11T15:45:53.852+0000][1][gc,age       ] GC(94) - age   4:     127912 bytes,     590072 total
[2020-09-11T15:45:53.852+0000][1][gc,age       ] GC(94) - age   5:      28040 bytes,     618112 total
[2020-09-11T15:45:53.852+0000][1][gc,age       ] GC(94) - age   6:      28528 bytes,     646640 total
[2020-09-11T15:45:53.852+0000][1][gc,heap      ] GC(94) ParNew: 68801K->934K(76672K)
[2020-09-11T15:45:53.852+0000][1][gc,heap      ] GC(94) CMS: 94040K->94061K(439104K)
[2020-09-11T15:45:53.852+0000][1][gc,metaspace ] GC(94) Metaspace: 92465K->92465K(1134592K)
[2020-09-11T15:45:53.852+0000][1][gc           ] GC(94) Pause Young (Allocation Failure) 159M->92M(503M) 5.192ms
[2020-09-11T15:45:53.852+0000][1][gc,cpu       ] GC(94) User=0.00s Sys=0.00s Real=0.00s
[2020-09-11T15:45:53.857+0000][1][safepoint    ] Safepoint "GenCollectForAllocation", Time since last: 920764319 ns, Reaching safepoint: 114968 ns, At safepoint: 10077849 ns, Total: 10192817 ns
[2020-09-11T15:45:53.857+0000][1][safepoint    ] Safepoint "RevokeBias", Time since last: 371711 ns, Reaching safepoint: 84595 ns, At safepoint: 30800 ns, Total: 115395 ns
[2020-09-11T15:45:54.859+0000][1][safepoint    ] Safepoint "Cleanup", Time since last: 1001373808 ns, Reaching safepoint: 161931 ns, At safepoint: 50934 ns, Total: 212865 ns
[2020-09-11T15:45:55.859+0000][1][safepoint    ] Safepoint "Cleanup", Time since last: 1000222085 ns, Reaching safepoint: 115073 ns, At safepoint: 10134 ns, Total: 125207 ns
[2020-09-11T15:45:56.860+0000][1][safepoint    ] Safepoint "Cleanup", Time since last: 1000176652 ns, Reaching safepoint: 176107 ns, At safepoint: 24767 ns, Total: 200874 ns
[2020-09-11T15:45:57.860+0000][1][safepoint    ] Safepoint "Cleanup", Time since last: 1000225641 ns, Reaching safepoint: 111786 ns, At safepoint: 9822 ns, Total: 121608 ns
[2020-09-11T15:45:58.860+0000][1][safepoint    ] Safepoint "Cleanup", Time since last: 1000186660 ns, Reaching safepoint: 106592 ns, At safepoint: 11476 ns, Total: 118068 ns
[2020-09-11T15:45:59.886+0000][1][safepoint    ] Safepoint "Cleanup", Time since last: 1025214752 ns, Reaching safepoint: 90625 ns, At safepoint: 10602 ns, Total: 101227 ns
[2020-09-11T15:46:00.886+0000][1][safepoint    ] Safepoint "Cleanup", Time since last: 1000186141 ns, Reaching safepoint: 109286 ns, At safepoint: 11481 ns, Total: 120767 ns
[2020-09-11T15:46:01.886+0000][1][safepoint    ] Safepoint "Cleanup", Time since last: 1000117612 ns, Reaching safepoint: 138509 ns, At safepoint: 13405 ns, Total: 151914 ns
[2020-09-11T15:46:01.918+0000][1][safepoint    ] Safepoint "RevokeBias", Time since last: 31250669 ns, Reaching safepoint: 169032 ns, At safepoint: 28003 ns, Total: 197035 ns
[2020-09-11T15:46:01.923+0000][1][safepoint    ] Safepoint "RevokeBias", Time since last: 5199362 ns, Reaching safepoint: 90845 ns, At safepoint: 24735 ns, Total: 115580 ns
[2020-09-11T15:46:02.923+0000][1][safepoint    ] Safepoint "Cleanup", Time since last: 1000133606 ns, Reaching safepoint: 157779 ns, At safepoint: 21205 ns, Total: 178984 ns
[2020-09-11T15:46:03.832+0000][1][safepoint    ] Safepoint "RevokeBias", Time since last: 908912342 ns, Reaching safepoint: 97725 ns, At safepoint: 23594 ns, Total: 121319 ns
[2020-09-11T15:46:04.833+0000][1][safepoint    ] Safepoint "Cleanup", Time since last: 1000175070 ns, Reaching safepoint: 113015 ns, At safepoint: 10754 ns, Total: 123769 ns
[2020-09-11T15:46:05.833+0000][1][safepoint    ] Safepoint "Cleanup", Time since last: 1000112817 ns, Reaching safepoint: 84793 ns, At safepoint: 10055 ns, Total: 94848 ns
[2020-09-11T15:46:06.833+0000][1][safepoint    ] Safepoint "Cleanup", Time since last: 1000157497 ns, Reaching safepoint: 172543 ns, At safepoint: 31084 ns, Total: 203627 ns
[2020-09-11T15:46:07.834+0000][1][safepoint    ] Safepoint "Cleanup", Time since last: 1000208675 ns, Reaching safepoint: 164227 ns, At safepoint: 24626 ns, Total: 188853 ns
[2020-09-11T15:46:08.834+0000][1][safepoint    ] Safepoint "Cleanup", Time since last: 1000230056 ns, Reaching safepoint: 109937 ns, At safepoint: 12043 ns, Total: 121980 ns
[2020-09-11T15:46:09.852+0000][1][safepoint    ] Safepoint "Cleanup", Time since last: 1017943744 ns, Reaching safepoint: 152257 ns, At safepoint: 23036 ns, Total: 175293 ns
[2020-09-11T15:46:10.853+0000][1][safepoint    ] Safepoint "Cleanup", Time since last: 1000216539 ns, Reaching safepoint: 129293 ns, At safepoint: 10256 ns, Total: 139549 ns
[2020-09-11T15:46:11.853+0000][1][safepoint    ] Safepoint "Cleanup", Time since last: 1000109053 ns, Reaching safepoint: 271033 ns, At safepoint: 9462 ns, Total: 280495 ns
[2020-09-11T15:46:11.872+0000][1][safepoint    ] Safepoint "RevokeBias", Time since last: 19270011 ns, Reaching safepoint: 88012 ns, At safepoint: 23901 ns, Total: 111913 ns
[2020-09-11T15:46:11.908+0000][1][safepoint    ] Safepoint "RevokeBias", Time since last: 35620266 ns, Reaching safepoint: 167674 ns, At safepoint: 24982 ns, Total: 192656 ns
[2020-09-11T15:46:12.909+0000][1][safepoint    ] Safepoint "Cleanup", Time since last: 1000300439 ns, Reaching safepoint: 116738 ns, At safepoint: 10350 ns, Total: 127088 ns
[2020-09-11T15:46:13.909+0000][1][safepoint    ] Safepoint "Cleanup", Time since last: 1000130736 ns, Reaching safepoint: 114568 ns, At safepoint: 8669 ns, Total: 123237 ns
[2020-09-11T15:46:13.930+0000][1][safepoint    ] Safepoint "RevokeBias", Time since last: 21400033 ns, Reaching safepoint: 90542 ns, At safepoint: 23441 ns, Total: 113983 ns
[2020-09-11T15:46:13.931+0000][1][gc,start     ] GC(95) Pause Young (Allocation Failure)
[2020-09-11T15:46:13.931+0000][1][gc,task      ] GC(95) Using 1 workers of 1 for evacuation
[2020-09-11T15:46:13.943+0000][1][gc,age       ] GC(95) Desired survivor size 4358144 bytes, new threshold 6 (max threshold 6)
[2020-09-11T15:46:13.943+0000][1][gc,age       ] GC(95) Age table with threshold 6 (max threshold 6)
[2020-09-11T15:46:13.943+0000][1][gc,age       ] GC(95) - age   1:     302464 bytes,     302464 total
[2020-09-11T15:46:13.943+0000][1][gc,age       ] GC(95) - age   2:     196768 bytes,     499232 total
[2020-09-11T15:46:13.943+0000][1][gc,age       ] GC(95) - age   3:      22184 bytes,     521416 total
[2020-09-11T15:46:13.943+0000][1][gc,age       ] GC(95) - age   4:      44536 bytes,     565952 total
[2020-09-11T15:46:13.943+0000][1][gc,age       ] GC(95) - age   5:     125832 bytes,     691784 total
[2020-09-11T15:46:13.943+0000][1][gc,age       ] GC(95) - age   6:      28040 bytes,     719824 total
[2020-09-11T15:46:13.943+0000][1][gc,heap      ] GC(95) ParNew: 69094K->1180K(76672K)
[2020-09-11T15:46:13.943+0000][1][gc,heap      ] GC(95) CMS: 94061K->94089K(439104K)
[2020-09-11T15:46:13.943+0000][1][gc,metaspace ] GC(95) Metaspace: 92490K->92490K(1134592K)
[2020-09-11T15:46:13.943+0000][1][gc           ] GC(95) Pause Young (Allocation Failure) 159M->93M(503M) 12.104ms
[2020-09-11T15:46:13.943+0000][1][gc,cpu       ] GC(95) User=0.01s Sys=0.00s Real=0.02s
[2020-09-11T15:46:13.944+0000][1][safepoint    ] Safepoint "GenCollectForAllocation", Time since last: 918695 ns, Reaching safepoint: 75740 ns, At safepoint: 12688876 ns, Total: 12764616 ns
[2020-09-11T15:46:14.944+0000][1][safepoint    ] Safepoint "Cleanup", Time since last: 1000356336 ns, Reaching safepoint: 100228 ns, At safepoint: 21656 ns, Total: 121884 ns
[2020-09-11T15:46:15.945+0000][1][safepoint    ] Safepoint "Cleanup", Time since last: 1000180894 ns, Reaching safepoint: 169669 ns, At safepoint: 17658 ns, Total: 187327 ns
[2020-09-11T15:46:16.945+0000][1][safepoint    ] Safepoint "Cleanup", Time since last: 1000220740 ns, Reaching safepoint: 157575 ns, At safepoint: 20942 ns, Total: 178517 ns
[2020-09-11T15:46:17.946+0000][1][safepoint    ] Safepoint "Cleanup", Time since last: 1000176257 ns, Reaching safepoint: 160151 ns, At safepoint: 20087 ns, Total: 180238 ns
[2020-09-11T15:46:18.946+0000][1][safepoint    ] Safepoint "Cleanup", Time since last: 1000220822 ns, Reaching safepoint: 151848 ns, At safepoint: 19535 ns, Total: 171383 ns
[2020-09-11T15:46:19.949+0000][1][safepoint    ] Safepoint "Cleanup", Time since last: 1002613326 ns, Reaching safepoint: 116948 ns, At safepoint: 9930 ns, Total: 126878 ns
[2020-09-11T15:46:20.949+0000][1][safepoint    ] Safepoint "Cleanup", Time since last: 1000199750 ns, Reaching safepoint: 112191 ns, At safepoint: 11345 ns, Total: 123536 ns
[2020-09-11T15:46:21.846+0000][1][safepoint    ] Safepoint "RevokeBias", Time since last: 896414672 ns, Reaching safepoint: 95190 ns, At safepoint: 26987 ns, Total: 122177 ns
[2020-09-11T15:46:21.917+0000][1][safepoint    ] Safepoint "RevokeBias", Time since last: 71624036 ns, Reaching safepoint: 109279 ns, At safepoint: 31731 ns, Total: 141010 ns
[2020-09-11T15:46:22.918+0000][1][safepoint    ] Safepoint "Cleanup", Time since last: 1000154793 ns, Reaching safepoint: 121877 ns, At safepoint: 11090 ns, Total: 132967 ns
[2020-09-11T15:46:23.887+0000][1][safepoint    ] Safepoint "RevokeBias", Time since last: 968806576 ns, Reaching safepoint: 176535 ns, At safepoint: 23200 ns, Total: 199735 ns
[2020-09-11T15:46:24.887+0000][1][safepoint    ] Safepoint "Cleanup", Time since last: 1000194706 ns, Reaching safepoint: 170074 ns, At safepoint: 24483 ns, Total: 194557 ns
[2020-09-11T15:46:25.887+0000][1][safepoint    ] Safepoint "Cleanup", Time since last: 1000186758 ns, Reaching safepoint: 161955 ns, At safepoint: 23441 ns, Total: 185396 ns
[2020-09-11T15:46:26.018+0000][1][safepoint    ] Safepoint "RevokeBias", Time since last: 130406663 ns, Reaching safepoint: 119095 ns, At safepoint: 19902 ns, Total: 138997 ns
[2020-09-11T15:46:26.174+0000][1][safepoint    ] Safepoint "RevokeBias", Time since last: 156399421 ns, Reaching safepoint: 91601 ns, At safepoint: 21384 ns, Total: 112985 ns
[2020-09-11T15:46:26.175+0000][1][safepoint    ] Safepoint "RevokeBias", Time since last: 79666 ns, Reaching safepoint: 31871 ns, At safepoint: 11933 ns, Total: 43804 ns
[2020-09-11T15:46:26.175+0000][1][safepoint    ] Safepoint "RevokeBias", Time since last: 207528 ns, Reaching safepoint: 40314 ns, At safepoint: 12251 ns, Total: 52565 ns
[2020-09-11T15:46:26.175+0000][1][safepoint    ] Safepoint "RevokeBias", Time since last: 70809 ns, Reaching safepoint: 28987 ns, At safepoint: 10140 ns, Total: 39127 ns
[2020-09-11T15:46:26.177+0000][1][safepoint    ] Safepoint "RevokeBias", Time since last: 2250649 ns, Reaching safepoint: 189826 ns, At safepoint: 18157 ns, Total: 207983 ns
[2020-09-11T15:46:26.185+0000][1][safepoint    ] Safepoint "RevokeBias", Time since last: 7852147 ns, Reaching safepoint: 75725 ns, At safepoint: 17988 ns, Total: 93713 ns
[2020-09-11T15:46:26.185+0000][1][safepoint    ] Safepoint "RevokeBias", Time since last: 65348 ns, Reaching safepoint: 30843 ns, At safepoint: 10739 ns, Total: 41582 ns
[2020-09-11T15:46:26.186+0000][1][safepoint    ] Safepoint "RevokeBias", Time since last: 63203 ns, Reaching safepoint: 30033 ns, At safepoint: 10479 ns, Total: 40512 ns
[2020-09-11T15:46:26.250+0000][1][safepoint    ] Safepoint "RevokeBias", Time since last: 64202366 ns, Reaching safepoint: 265018 ns, At safepoint: 76329 ns, Total: 341347 ns
[2020-09-11T15:46:26.251+0000][1][safepoint    ] Safepoint "RevokeBias", Time since last: 457019 ns, Reaching safepoint: 189177 ns, At safepoint: 59647 ns, Total: 248824 ns
[2020-09-11T15:46:26.253+0000][1][safepoint    ] Safepoint "RevokeBias", Time since last: 112572 ns, Reaching safepoint: 1628906 ns, At safepoint: 64873 ns, Total: 1693779 ns
[2020-09-11T15:46:26.904+0000][1][safepoint    ] Safepoint "RevokeBias", Time since last: 651062257 ns, Reaching safepoint: 279662 ns, At safepoint: 77581 ns, Total: 357243 ns
[2020-09-11T15:46:27.164+0000][1][safepoint    ] Safepoint "RevokeBias", Time since last: 259857371 ns, Reaching safepoint: 159519 ns, At safepoint: 37096 ns, Total: 196615 ns
[2020-09-11T15:46:27.164+0000][1][safepoint    ] Safepoint "RevokeBias", Time since last: 80856 ns, Reaching safepoint: 150671 ns, At safepoint: 29302 ns, Total: 179973 ns
[2020-09-11T15:46:27.572+0000][1][safepoint    ] Safepoint "RevokeBias", Time since last: 407198883 ns, Reaching safepoint: 171512 ns, At safepoint: 22762 ns, Total: 194274 ns
[2020-09-11T15:46:27.572+0000][1][safepoint    ] Safepoint "RevokeBias", Time since last: 171432 ns, Reaching safepoint: 112943 ns, At safepoint: 14195 ns, Total: 127138 ns
[2020-09-11T15:46:28.572+0000][1][safepoint    ] Safepoint "Cleanup", Time since last: 1000161852 ns, Reaching safepoint: 161404 ns, At safepoint: 20895 ns, Total: 182299 ns
[2020-09-11T15:46:29.573+0000][1][safepoint    ] Safepoint "Cleanup", Time since last: 1000219397 ns, Reaching safepoint: 105048 ns, At safepoint: 8957 ns, Total: 114005 ns
[2020-09-11T15:46:30.573+0000][1][safepoint    ] Safepoint "Cleanup", Time since last: 1000200400 ns, Reaching safepoint: 149897 ns, At safepoint: 21002 ns, Total: 170899 ns
[2020-09-11T15:46:31.573+0000][1][safepoint    ] Safepoint "Cleanup", Time since last: 1000225557 ns, Reaching safepoint: 115969 ns, At safepoint: 11067 ns, Total: 127036 ns
[2020-09-11T15:46:31.895+0000][1][safepoint    ] Safepoint "RevokeBias", Time since last: 321271749 ns, Reaching safepoint: 97880 ns, At safepoint: 29089 ns, Total: 126969 ns
[2020-09-11T15:46:31.943+0000][1][safepoint    ] Safepoint "RevokeBias", Time since last: 47643723 ns, Reaching safepoint: 461192 ns, At safepoint: 59710 ns, Total: 520902 ns
[2020-09-11T15:46:32.943+0000][1][safepoint    ] Safepoint "Cleanup", Time since last: 1000225067 ns, Reaching safepoint: 137856 ns, At safepoint: 21129 ns, Total: 158985 ns
[2020-09-11T15:46:33.857+0000][1][safepoint    ] Safepoint "RevokeBias", Time since last: 913409957 ns, Reaching safepoint: 94915 ns, At safepoint: 23614 ns, Total: 118529 ns
[2020-09-11T15:46:34.857+0000][1][safepoint    ] Safepoint "Cleanup", Time since last: 1000138037 ns, Reaching safepoint: 122375 ns, At safepoint: 9077 ns, Total: 131452 ns
[2020-09-11T15:46:35.405+0000][1][gc,start     ] GC(96) Pause Young (Allocation Failure)
[2020-09-11T15:46:35.405+0000][1][gc,task      ] GC(96) Using 1 workers of 1 for evacuation
[2020-09-11T15:46:35.411+0000][1][gc,age       ] GC(96) Desired survivor size 4358144 bytes, new threshold 6 (max threshold 6)
[2020-09-11T15:46:35.411+0000][1][gc,age       ] GC(96) Age table with threshold 6 (max threshold 6)
[2020-09-11T15:46:35.411+0000][1][gc,age       ] GC(96) - age   1:     249904 bytes,     249904 total
[2020-09-11T15:46:35.411+0000][1][gc,age       ] GC(96) - age   2:     119360 bytes,     369264 total
[2020-09-11T15:46:35.411+0000][1][gc,age       ] GC(96) - age   3:      87832 bytes,     457096 total
[2020-09-11T15:46:35.411+0000][1][gc,age       ] GC(96) - age   4:      19280 bytes,     476376 total
[2020-09-11T15:46:35.411+0000][1][gc,age       ] GC(96) - age   5:      42592 bytes,     518968 total
[2020-09-11T15:46:35.411+0000][1][gc,age       ] GC(96) - age   6:     125800 bytes,     644768 total
[2020-09-11T15:46:35.411+0000][1][gc,heap      ] GC(96) ParNew: 69340K->822K(76672K)
[2020-09-11T15:46:35.411+0000][1][gc,heap      ] GC(96) CMS: 94089K->94116K(439104K)
[2020-09-11T15:46:35.411+0000][1][gc,metaspace ] GC(96) Metaspace: 92563K->92563K(1134592K)
[2020-09-11T15:46:35.411+0000][1][gc           ] GC(96) Pause Young (Allocation Failure) 159M->92M(503M) 5.934ms
[2020-09-11T15:46:35.411+0000][1][gc,cpu       ] GC(96) User=0.00s Sys=0.00s Real=0.00s
[2020-09-11T15:46:35.411+0000][1][safepoint    ] Safepoint "GenCollectForAllocation", Time since last: 547964599 ns, Reaching safepoint: 200430 ns, At safepoint: 6009958 ns, Total: 6210388 ns
[2020-09-11T15:46:36.414+0000][1][safepoint    ] Safepoint "Cleanup", Time since last: 1002080778 ns, Reaching safepoint: 72340 ns, At safepoint: 18292 ns, Total: 90632 ns
[2020-09-11T15:46:36.824+0000][1][safepoint    ] Safepoint "RevokeBias", Time since last: 409931584 ns, Reaching safepoint: 75550 ns, At safepoint: 34681 ns, Total: 110231 ns
[2020-09-11T15:46:36.824+0000][1][safepoint    ] Safepoint "RevokeBias", Time since last: 54624 ns, Reaching safepoint: 28431 ns, At safepoint: 20976 ns, Total: 49407 ns
[2020-09-11T15:46:37.831+0000][1][safepoint    ] Safepoint "Cleanup", Time since last: 1007058467 ns, Reaching safepoint: 75461 ns, At safepoint: 18624 ns, Total: 94085 ns
[2020-09-11T15:46:38.831+0000][1][safepoint    ] Safepoint "Cleanup", Time since last: 1000169104 ns, Reaching safepoint: 101450 ns, At safepoint: 9129 ns, Total: 110579 ns
[2020-09-11T15:46:39.832+0000][1][safepoint    ] Safepoint "Cleanup", Time since last: 1000795497 ns, Reaching safepoint: 76365 ns, At safepoint: 7460 ns, Total: 83825 ns
[2020-09-11T15:46:40.832+0000][1][safepoint    ] Safepoint "Cleanup", Time since last: 1000180000 ns, Reaching safepoint: 154214 ns, At safepoint: 20827 ns, Total: 175041 ns
[2020-09-11T15:46:41.833+0000][1][safepoint    ] Safepoint "Cleanup", Time since last: 1000434871 ns, Reaching safepoint: 206856 ns, At safepoint: 9344 ns, Total: 216200 ns
[2020-09-11T15:46:41.856+0000][1][safepoint    ] Safepoint "RevokeBias", Time since last: 22981045 ns, Reaching safepoint: 91050 ns, At safepoint: 22333 ns, Total: 113383 ns
[2020-09-11T15:46:41.914+0000][1][safepoint    ] Safepoint "RevokeBias", Time since last: 57290845 ns, Reaching safepoint: 182603 ns, At safepoint: 26231 ns, Total: 208834 ns
[2020-09-11T15:46:42.914+0000][1][safepoint    ] Safepoint "Cleanup", Time since last: 1000239611 ns, Reaching safepoint: 112903 ns, At safepoint: 12908 ns, Total: 125811 ns
[2020-09-11T15:46:43.916+0000][1][safepoint    ] Safepoint "Cleanup", Time since last: 1001940689 ns, Reaching safepoint: 90866 ns, At safepoint: 10154 ns, Total: 101020 ns
[2020-09-11T15:46:43.925+0000][1][safepoint    ] Safepoint "RevokeBias", Time since last: 9167959 ns, Reaching safepoint: 85814 ns, At safepoint: 23814 ns, Total: 109628 ns
[2020-09-11T15:46:44.926+0000][1][safepoint    ] Safepoint "Cleanup", Time since last: 1000154278 ns, Reaching safepoint: 158199 ns, At safepoint: 22485 ns, Total: 180684 ns
[2020-09-11T15:46:45.926+0000][1][safepoint    ] Safepoint "Cleanup", Time since last: 1000222530 ns, Reaching safepoint: 177053 ns, At safepoint: 24302 ns, Total: 201355 ns
[2020-09-11T15:46:51.839+0000][1][safepoint    ] Safepoint "RevokeBias", Time since last: 5912695366 ns, Reaching safepoint: 87120 ns, At safepoint: 23254 ns, Total: 110374 ns
[2020-09-11T15:46:51.932+0000][1][safepoint    ] Safepoint "RevokeBias", Time since last: 93345709 ns, Reaching safepoint: 280311 ns, At safepoint: 28124 ns, Total: 308435 ns
[2020-09-11T15:46:52.332+0000][1][safepoint    ] Safepoint "RevokeBias", Time since last: 399164819 ns, Reaching safepoint: 209653 ns, At safepoint: 23845 ns, Total: 233498 ns
[2020-09-11T15:46:53.332+0000][1][safepoint    ] Safepoint "Cleanup", Time since last: 1000110466 ns, Reaching safepoint: 81186 ns, At safepoint: 7547 ns, Total: 88733 ns
[2020-09-11T15:46:53.792+0000][1][safepoint    ] Safepoint "RevokeBias", Time since last: 459387906 ns, Reaching safepoint: 95327 ns, At safepoint: 23740 ns, Total: 119067 ns
[2020-09-11T15:46:55.449+0000][1][gc,start     ] GC(97) Pause Young (Allocation Failure)
[2020-09-11T15:46:55.449+0000][1][gc,task      ] GC(97) Using 1 workers of 1 for evacuation
[2020-09-11T15:46:55.455+0000][1][gc,age       ] GC(97) Desired survivor size 4358144 bytes, new threshold 6 (max threshold 6)
[2020-09-11T15:46:55.455+0000][1][gc,age       ] GC(97) Age table with threshold 6 (max threshold 6)
[2020-09-11T15:46:55.455+0000][1][gc,age       ] GC(97) - age   1:     191184 bytes,     191184 total
[2020-09-11T15:46:55.455+0000][1][gc,age       ] GC(97) - age   2:     188056 bytes,     379240 total
[2020-09-11T15:46:55.455+0000][1][gc,age       ] GC(97) - age   3:      48616 bytes,     427856 total
[2020-09-11T15:46:55.455+0000][1][gc,age       ] GC(97) - age   4:      61696 bytes,     489552 total
[2020-09-11T15:46:55.455+0000][1][gc,age       ] GC(97) - age   5:      18984 bytes,     508536 total
[2020-09-11T15:46:55.455+0000][1][gc,age       ] GC(97) - age   6:      42592 bytes,     551128 total
[2020-09-11T15:46:55.455+0000][1][gc,heap      ] GC(97) ParNew: 68982K->575K(76672K)
[2020-09-11T15:46:55.455+0000][1][gc,heap      ] GC(97) CMS: 94116K->94239K(439104K)
[2020-09-11T15:46:55.455+0000][1][gc,metaspace ] GC(97) Metaspace: 92586K->92586K(1134592K)
[2020-09-11T15:46:55.455+0000][1][gc           ] GC(97) Pause Young (Allocation Failure) 159M->92M(503M) 6.029ms
[2020-09-11T15:46:55.455+0000][1][gc,cpu       ] GC(97) User=0.01s Sys=0.00s Real=0.01s
[2020-09-11T15:46:55.455+0000][1][safepoint    ] Safepoint "GenCollectForAllocation", Time since last: 1657348358 ns, Reaching safepoint: 187217 ns, At safepoint: 6106325 ns, Total: 6293542 ns
[2020-09-11T15:46:58.458+0000][1][safepoint    ] Safepoint "Cleanup", Time since last: 3002064470 ns, Reaching safepoint: 195582 ns, At safepoint: 56409 ns, Total: 251991 ns
[2020-09-11T15:47:00.458+0000][1][safepoint    ] Safepoint "Cleanup", Time since last: 2000253665 ns, Reaching safepoint: 355726 ns, At safepoint: 23307 ns, Total: 379033 ns
[2020-09-11T15:47:01.459+0000][1][safepoint    ] Safepoint "Cleanup", Time since last: 1000230552 ns, Reaching safepoint: 119477 ns, At safepoint: 11502 ns, Total: 130979 ns
[2020-09-11T15:47:01.904+0000][1][safepoint    ] Safepoint "RevokeBias", Time since last: 445335832 ns, Reaching safepoint: 87343 ns, At safepoint: 22882 ns, Total: 110225 ns
[2020-09-11T15:47:01.927+0000][1][safepoint    ] Safepoint "BulkRevokeBias", Time since last: 22413871 ns, Reaching safepoint: 210947 ns, At safepoint: 247043 ns, Total: 457990 ns
[2020-09-11T15:47:03.882+0000][1][safepoint    ] Safepoint "RevokeBias", Time since last: 1955237357 ns, Reaching safepoint: 93078 ns, At safepoint: 22986 ns, Total: 116064 ns
[2020-09-11T15:47:06.885+0000][1][safepoint    ] Safepoint "Cleanup", Time since last: 3002183281 ns, Reaching safepoint: 106801 ns, At safepoint: 8751 ns, Total: 115552 ns
[2020-09-11T15:47:07.885+0000][1][safepoint    ] Safepoint "Cleanup", Time since last: 1000149485 ns, Reaching safepoint: 172983 ns, At safepoint: 20157 ns, Total: 193140 ns
[2020-09-11T15:47:08.885+0000][1][safepoint    ] Safepoint "Cleanup", Time since last: 1000231610 ns, Reaching safepoint: 151635 ns, At safepoint: 22919 ns, Total: 174554 ns
[2020-09-11T15:47:09.932+0000][1][safepoint    ] Safepoint "Cleanup", Time since last: 1046734505 ns, Reaching safepoint: 73629 ns, At safepoint: 7085 ns, Total: 80714 ns
[2020-09-11T15:47:10.932+0000][1][safepoint    ] Safepoint "Cleanup", Time since last: 1000183951 ns, Reaching safepoint: 99676 ns, At safepoint: 9900 ns, Total: 109576 ns
[2020-09-11T15:47:11.869+0000][1][safepoint    ] Safepoint "RevokeBias", Time since last: 936198217 ns, Reaching safepoint: 100563 ns, At safepoint: 28050 ns, Total: 128613 ns
[2020-09-11T15:47:11.904+0000][1][safepoint    ] Safepoint "RevokeBias", Time since last: 35269045 ns, Reaching safepoint: 166494 ns, At safepoint: 27861 ns, Total: 194355 ns
[2020-09-11T15:47:12.904+0000][1][safepoint    ] Safepoint "Cleanup", Time since last: 1000198067 ns, Reaching safepoint: 104840 ns, At safepoint: 10401 ns, Total: 115241 ns
[2020-09-11T15:47:13.905+0000][1][safepoint    ] Safepoint "Cleanup", Time since last: 1000118960 ns, Reaching safepoint: 82275 ns, At safepoint: 8477 ns, Total: 90752 ns
[2020-09-11T15:47:13.947+0000][1][safepoint    ] Safepoint "RevokeBias", Time since last: 42199324 ns, Reaching safepoint: 82579 ns, At safepoint: 22960 ns, Total: 105539 ns
[2020-09-11T15:47:14.948+0000][1][safepoint    ] Safepoint "Cleanup", Time since last: 1000437393 ns, Reaching safepoint: 90236 ns, At safepoint: 8268 ns, Total: 98504 ns
[2020-09-11T15:47:15.495+0000][1][gc,start     ] GC(98) Pause Young (Allocation Failure)
[2020-09-11T15:47:15.495+0000][1][gc,task      ] GC(98) Using 1 workers of 1 for evacuation
[2020-09-11T15:47:15.503+0000][1][gc,age       ] GC(98) Desired survivor size 4358144 bytes, new threshold 6 (max threshold 6)
[2020-09-11T15:47:15.503+0000][1][gc,age       ] GC(98) Age table with threshold 6 (max threshold 6)
[2020-09-11T15:47:15.503+0000][1][gc,age       ] GC(98) - age   1:     207976 bytes,     207976 total
[2020-09-11T15:47:15.503+0000][1][gc,age       ] GC(98) - age   2:     151344 bytes,     359320 total
[2020-09-11T15:47:15.503+0000][1][gc,age       ] GC(98) - age   3:      86296 bytes,     445616 total
[2020-09-11T15:47:15.503+0000][1][gc,age       ] GC(98) - age   4:      17472 bytes,     463088 total
[2020-09-11T15:47:15.503+0000][1][gc,age       ] GC(98) - age   5:      61696 bytes,     524784 total
[2020-09-11T15:47:15.503+0000][1][gc,age       ] GC(98) - age   6:      18984 bytes,     543768 total
[2020-09-11T15:47:15.503+0000][1][gc,heap      ] GC(98) ParNew: 68735K->547K(76672K)
[2020-09-11T15:47:15.503+0000][1][gc,heap      ] GC(98) CMS: 94239K->94281K(439104K)
[2020-09-11T15:47:15.503+0000][1][gc,metaspace ] GC(98) Metaspace: 92613K->92613K(1134592K)
[2020-09-11T15:47:15.503+0000][1][gc           ] GC(98) Pause Young (Allocation Failure) 159M->92M(503M) 7.821ms
[2020-09-11T15:47:15.503+0000][1][gc,cpu       ] GC(98) User=0.01s Sys=0.00s Real=0.01s
[2020-09-11T15:47:15.503+0000][1][safepoint    ] Safepoint "GenCollectForAllocation", Time since last: 547140788 ns, Reaching safepoint: 246218 ns, At safepoint: 7906484 ns, Total: 8152702 ns
[2020-09-11T15:47:16.505+0000][1][safepoint    ] Safepoint "Cleanup", Time since last: 1001979683 ns, Reaching safepoint: 87248 ns, At safepoint: 16957 ns, Total: 104205 ns
[2020-09-11T15:47:17.505+0000][1][safepoint    ] Safepoint "Cleanup", Time since last: 1000135936 ns, Reaching safepoint: 264143 ns, At safepoint: 49527 ns, Total: 313670 ns
[2020-09-11T15:47:18.506+0000][1][safepoint    ] Safepoint "Cleanup", Time since last: 1000184852 ns, Reaching safepoint: 155273 ns, At safepoint: 15993 ns, Total: 171266 ns
[2020-09-11T15:47:19.506+0000][1][safepoint    ] Safepoint "Cleanup", Time since last: 1000175358 ns, Reaching safepoint: 163017 ns, At safepoint: 14761 ns, Total: 177778 ns
[2020-09-11T15:47:20.507+0000][1][safepoint    ] Safepoint "Cleanup", Time since last: 1000179502 ns, Reaching safepoint: 250645 ns, At safepoint: 24500 ns, Total: 275145 ns
[2020-09-11T15:47:21.507+0000][1][safepoint    ] Safepoint "Cleanup", Time since last: 1000205902 ns, Reaching safepoint: 77385 ns, At safepoint: 8728 ns, Total: 86113 ns
[2020-09-11T15:47:21.850+0000][1][safepoint    ] Safepoint "RevokeBias", Time since last: 343518313 ns, Reaching safepoint: 101787 ns, At safepoint: 28489 ns, Total: 130276 ns
[2020-09-11T15:47:21.916+0000][1][safepoint    ] Safepoint "RevokeBias", Time since last: 65858193 ns, Reaching safepoint: 94771 ns, At safepoint: 26662 ns, Total: 121433 ns
[2020-09-11T15:47:22.918+0000][1][safepoint    ] Safepoint "Cleanup", Time since last: 1001531459 ns, Reaching safepoint: 76719 ns, At safepoint: 10445 ns, Total: 87164 ns
[2020-09-11T15:47:23.863+0000][1][safepoint    ] Safepoint "RevokeBias", Time since last: 944721554 ns, Reaching safepoint: 96602 ns, At safepoint: 25958 ns, Total: 122560 ns
[2020-09-11T15:47:24.863+0000][1][safepoint    ] Safepoint "Cleanup", Time since last: 1000191493 ns, Reaching safepoint: 134960 ns, At safepoint: 20630 ns, Total: 155590 ns
[2020-09-11T15:47:25.864+0000][1][safepoint    ] Safepoint "Cleanup", Time since last: 1000175871 ns, Reaching safepoint: 108305 ns, At safepoint: 8670 ns, Total: 116975 ns
[2020-09-11T15:47:26.864+0000][1][safepoint    ] Safepoint "Cleanup", Time since last: 1000163074 ns, Reaching safepoint: 91196 ns, At safepoint: 8182 ns, Total: 99378 ns
[2020-09-11T15:47:27.864+0000][1][safepoint    ] Safepoint "Cleanup", Time since last: 1000158521 ns, Reaching safepoint: 102381 ns, At safepoint: 8385 ns, Total: 110766 ns
[2020-09-11T15:47:28.864+0000][1][safepoint    ] Safepoint "Cleanup", Time since last: 1000174875 ns, Reaching safepoint: 104550 ns, At safepoint: 9774 ns, Total: 114324 ns
[2020-09-11T15:47:29.888+0000][1][safepoint    ] Safepoint "Cleanup", Time since last: 1023763732 ns, Reaching safepoint: 110062 ns, At safepoint: 10623 ns, Total: 120685 ns
[2020-09-11T15:47:30.889+0000][1][safepoint    ] Safepoint "Cleanup", Time since last: 1000176138 ns, Reaching safepoint: 133310 ns, At safepoint: 21228 ns, Total: 154538 ns
[2020-09-11T15:47:31.889+0000][1][safepoint    ] Safepoint "Cleanup", Time since last: 1000152850 ns, Reaching safepoint: 163751 ns, At safepoint: 9219 ns, Total: 172970 ns
[2020-09-11T15:47:31.898+0000][1][safepoint    ] Safepoint "RevokeBias", Time since last: 9124549 ns, Reaching safepoint: 81683 ns, At safepoint: 23346 ns, Total: 105029 ns
[2020-09-11T15:47:31.931+0000][1][safepoint    ] Safepoint "RevokeBias", Time since last: 32702058 ns, Reaching safepoint: 165223 ns, At safepoint: 52226 ns, Total: 217449 ns
[2020-09-11T15:47:32.931+0000][1][safepoint    ] Safepoint "Cleanup", Time since last: 1000194247 ns, Reaching safepoint: 109791 ns, At safepoint: 8388 ns, Total: 118179 ns
[2020-09-11T15:47:33.808+0000][1][safepoint    ] Safepoint "RevokeBias", Time since last: 876885340 ns, Reaching safepoint: 107902 ns, At safepoint: 28794 ns, Total: 136696 ns
[2020-09-11T15:47:34.809+0000][1][safepoint    ] Safepoint "Cleanup", Time since last: 1000195633 ns, Reaching safepoint: 156513 ns, At safepoint: 84748 ns, Total: 241261 ns
[2020-09-11T15:47:35.809+0000][1][safepoint    ] Safepoint "Cleanup", Time since last: 1000202181 ns, Reaching safepoint: 109832 ns, At safepoint: 10458 ns, Total: 120290 ns
[2020-09-11T15:47:36.809+0000][1][safepoint    ] Safepoint "Cleanup", Time since last: 1000179129 ns, Reaching safepoint: 103176 ns, At safepoint: 10446 ns, Total: 113622 ns
[2020-09-11T15:47:37.810+0000][1][safepoint    ] Safepoint "Cleanup", Time since last: 1000184463 ns, Reaching safepoint: 145732 ns, At safepoint: 22548 ns, Total: 168280 ns
[2020-09-11T15:47:38.810+0000][1][safepoint    ] Safepoint "Cleanup", Time since last: 1000225018 ns, Reaching safepoint: 134208 ns, At safepoint: 21159 ns, Total: 155367 ns
[2020-09-11T15:47:39.835+0000][1][safepoint    ] Safepoint "Cleanup", Time since last: 1024476004 ns, Reaching safepoint: 93964 ns, At safepoint: 8404 ns, Total: 102368 ns
[2020-09-11T15:47:40.835+0000][1][safepoint    ] Safepoint "Cleanup", Time since last: 1000180643 ns, Reaching safepoint: 95422 ns, At safepoint: 9971 ns, Total: 105393 ns
[2020-09-11T15:47:41.835+0000][1][safepoint    ] Safepoint "Cleanup", Time since last: 1000102928 ns, Reaching safepoint: 222883 ns, At safepoint: 13711 ns, Total: 236594 ns
[2020-09-11T15:47:41.869+0000][1][safepoint    ] Safepoint "RevokeBias", Time since last: 33501318 ns, Reaching safepoint: 91980 ns, At safepoint: 27821 ns, Total: 119801 ns
[2020-09-11T15:47:41.926+0000][1][safepoint    ] Safepoint "RevokeBias", Time since last: 56348685 ns, Reaching safepoint: 422917 ns, At safepoint: 59052 ns, Total: 481969 ns
[2020-09-11T15:47:42.926+0000][1][safepoint    ] Safepoint "Cleanup", Time since last: 1000194548 ns, Reaching safepoint: 117224 ns, At safepoint: 11423 ns, Total: 128647 ns
[2020-09-11T15:47:43.227+0000][1][gc,start     ] GC(99) Pause Young (Allocation Failure)
[2020-09-11T15:47:43.228+0000][1][gc,task      ] GC(99) Using 1 workers of 1 for evacuation
[2020-09-11T15:47:43.233+0000][1][gc,age       ] GC(99) Desired survivor size 4358144 bytes, new threshold 6 (max threshold 6)
[2020-09-11T15:47:43.233+0000][1][gc,age       ] GC(99) Age table with threshold 6 (max threshold 6)
[2020-09-11T15:47:43.233+0000][1][gc,age       ] GC(99) - age   1:     172736 bytes,     172736 total
[2020-09-11T15:47:43.233+0000][1][gc,age       ] GC(99) - age   2:     162808 bytes,     335544 total
[2020-09-11T15:47:43.233+0000][1][gc,age       ] GC(99) - age   3:     126664 bytes,     462208 total
[2020-09-11T15:47:43.233+0000][1][gc,age       ] GC(99) - age   4:      77792 bytes,     540000 total
[2020-09-11T15:47:43.233+0000][1][gc,age       ] GC(99) - age   5:      17472 bytes,     557472 total
[2020-09-11T15:47:43.233+0000][1][gc,age       ] GC(99) - age   6:      61696 bytes,     619168 total
[2020-09-11T15:47:43.233+0000][1][gc,heap      ] GC(99) ParNew: 68707K->1070K(76672K)
[2020-09-11T15:47:43.233+0000][1][gc,heap      ] GC(99) CMS: 94281K->94299K(439104K)
[2020-09-11T15:47:43.233+0000][1][gc,metaspace ] GC(99) Metaspace: 92683K->92683K(1134592K)
[2020-09-11T15:47:43.233+0000][1][gc           ] GC(99) Pause Young (Allocation Failure) 159M->93M(503M) 5.302ms
[2020-09-11T15:47:43.240+0000][1][gc,cpu       ] GC(99) User=0.00s Sys=0.01s Real=0.01s
[2020-09-11T15:47:43.240+0000][1][safepoint    ] Safepoint "GenCollectForAllocation", Time since last: 301082004 ns, Reaching safepoint: 181831 ns, At safepoint: 12249362 ns, Total: 12431193 ns
[2020-09-11T15:47:43.832+0000][1][safepoint    ] Safepoint "RevokeBias", Time since last: 591741500 ns, Reaching safepoint: 279111 ns, At safepoint: 54880 ns, Total: 333991 ns
[2020-09-11T15:47:44.832+0000][1][safepoint    ] Safepoint "Cleanup", Time since last: 1000226264 ns, Reaching safepoint: 96637 ns, At safepoint: 9631 ns, Total: 106268 ns
[2020-09-11T15:47:45.832+0000][1][safepoint    ] Safepoint "Cleanup", Time since last: 1000136679 ns, Reaching safepoint: 180628 ns, At safepoint: 21603 ns, Total: 202231 ns
[2020-09-11T15:47:46.833+0000][1][safepoint    ] Safepoint "Cleanup", Time since last: 1000162757 ns, Reaching safepoint: 109959 ns, At safepoint: 8299 ns, Total: 118258 ns
[2020-09-11T15:47:47.833+0000][1][safepoint    ] Safepoint "Cleanup", Time since last: 1000160091 ns, Reaching safepoint: 94557 ns, At safepoint: 7898 ns, Total: 102455 ns
[2020-09-11T15:47:48.833+0000][1][safepoint    ] Safepoint "Cleanup", Time since last: 1000167686 ns, Reaching safepoint: 104580 ns, At safepoint: 8626 ns, Total: 113206 ns
[2020-09-11T15:47:49.836+0000][1][safepoint    ] Safepoint "Cleanup", Time since last: 1002161209 ns, Reaching safepoint: 109778 ns, At safepoint: 10718 ns, Total: 120496 ns
[2020-09-11T15:47:50.836+0000][1][safepoint    ] Safepoint "Cleanup", Time since last: 1000184493 ns, Reaching safepoint: 101120 ns, At safepoint: 10429 ns, Total: 111549 ns
[2020-09-11T15:47:51.836+0000][1][safepoint    ] Safepoint "Cleanup", Time since last: 1000109354 ns, Reaching safepoint: 172898 ns, At safepoint: 12040 ns, Total: 184938 ns
[2020-09-11T15:47:51.873+0000][1][safepoint    ] Safepoint "RevokeBias", Time since last: 37028224 ns, Reaching safepoint: 280233 ns, At safepoint: 57849 ns, Total: 338082 ns
[2020-09-11T15:47:51.910+0000][1][safepoint    ] Safepoint "RevokeBias", Time since last: 36259087 ns, Reaching safepoint: 95717 ns, At safepoint: 29362 ns, Total: 125079 ns
[2020-09-11T15:47:52.910+0000][1][safepoint    ] Safepoint "Cleanup", Time since last: 1000140548 ns, Reaching safepoint: 149610 ns, At safepoint: 20387 ns, Total: 169997 ns
[2020-09-11T15:47:53.845+0000][1][safepoint    ] Safepoint "RevokeBias", Time since last: 935205330 ns, Reaching safepoint: 97293 ns, At safepoint: 28026 ns, Total: 125319 ns
[2020-09-11T15:47:54.846+0000][1][safepoint    ] Safepoint "Cleanup", Time since last: 1000130545 ns, Reaching safepoint: 121459 ns, At safepoint: 9017 ns, Total: 130476 ns
[2020-09-11T15:47:55.846+0000][1][safepoint    ] Safepoint "Cleanup", Time since last: 1000179186 ns, Reaching safepoint: 162663 ns, At safepoint: 24476 ns, Total: 187139 ns
[2020-09-11T15:47:59.847+0000][1][safepoint    ] Safepoint "Cleanup", Time since last: 4000642140 ns, Reaching safepoint: 130175 ns, At safepoint: 9556 ns, Total: 139731 ns
[2020-09-11T15:48:00.847+0000][1][safepoint    ] Safepoint "Cleanup", Time since last: 1000139269 ns, Reaching safepoint: 121491 ns, At safepoint: 10567 ns, Total: 132058 ns
[2020-09-11T15:48:01.835+0000][1][gc,start     ] GC(100) Pause Young (Allocation Failure)
[2020-09-11T15:48:01.835+0000][1][gc,task      ] GC(100) Using 1 workers of 1 for evacuation
[2020-09-11T15:48:01.843+0000][1][gc,age       ] GC(100) Desired survivor size 4358144 bytes, new threshold 6 (max threshold 6)
[2020-09-11T15:48:01.843+0000][1][gc,age       ] GC(100) Age table with threshold 6 (max threshold 6)
[2020-09-11T15:48:01.843+0000][1][gc,age       ] GC(100) - age   1:     226272 bytes,     226272 total
[2020-09-11T15:48:01.843+0000][1][gc,age       ] GC(100) - age   2:      60448 bytes,     286720 total
[2020-09-11T15:48:01.843+0000][1][gc,age       ] GC(100) - age   3:     150168 bytes,     436888 total
[2020-09-11T15:48:01.843+0000][1][gc,age       ] GC(100) - age   4:      44144 bytes,     481032 total
[2020-09-11T15:48:01.843+0000][1][gc,age       ] GC(100) - age   5:      76552 bytes,     557584 total
[2020-09-11T15:48:01.843+0000][1][gc,age       ] GC(100) - age   6:      17472 bytes,     575056 total
[2020-09-11T15:48:01.843+0000][1][gc,heap      ] GC(100) ParNew: 69230K->721K(76672K)
[2020-09-11T15:48:01.843+0000][1][gc,heap      ] GC(100) CMS: 94299K->94360K(439104K)
[2020-09-11T15:48:01.843+0000][1][gc,metaspace ] GC(100) Metaspace: 92727K->92727K(1134592K)
[2020-09-11T15:48:01.843+0000][1][gc           ] GC(100) Pause Young (Allocation Failure) 159M->92M(503M) 8.220ms
[2020-09-11T15:48:01.843+0000][1][gc,cpu       ] GC(100) User=0.01s Sys=0.00s Real=0.01s
[2020-09-11T15:48:01.847+0000][1][safepoint    ] Safepoint "GenCollectForAllocation", Time since last: 987328732 ns, Reaching safepoint: 153616 ns, At safepoint: 12545718 ns, Total: 12699334 ns
[2020-09-11T15:48:01.899+0000][1][safepoint    ] Safepoint "RevokeBias", Time since last: 51281644 ns, Reaching safepoint: 222655 ns, At safepoint: 168216 ns, Total: 390871 ns
[2020-09-11T15:48:01.910+0000][1][safepoint    ] Safepoint "RevokeBias", Time since last: 10800403 ns, Reaching safepoint: 87548 ns, At safepoint: 22790 ns, Total: 110338 ns
[2020-09-11T15:48:02.910+0000][1][safepoint    ] Safepoint "Cleanup", Time since last: 1000146705 ns, Reaching safepoint: 108516 ns, At safepoint: 9337 ns, Total: 117853 ns
[2020-09-11T15:48:03.815+0000][1][safepoint    ] Safepoint "RevokeBias", Time since last: 904444239 ns, Reaching safepoint: 129915 ns, At safepoint: 33563 ns, Total: 163478 ns
[2020-09-11T15:48:04.815+0000][1][safepoint    ] Safepoint "Cleanup", Time since last: 1000183167 ns, Reaching safepoint: 142608 ns, At safepoint: 22688 ns, Total: 165296 ns
[2020-09-11T15:48:05.815+0000][1][safepoint    ] Safepoint "Cleanup", Time since last: 1000222188 ns, Reaching safepoint: 98030 ns, At safepoint: 10505 ns, Total: 108535 ns
[2020-09-11T15:48:06.816+0000][1][safepoint    ] Safepoint "Cleanup", Time since last: 1000117225 ns, Reaching safepoint: 75755 ns, At safepoint: 7899 ns, Total: 83654 ns
[2020-09-11T15:48:07.816+0000][1][safepoint    ] Safepoint "Cleanup", Time since last: 1000143036 ns, Reaching safepoint: 115878 ns, At safepoint: 8097 ns, Total: 123975 ns
[2020-09-11T15:48:08.816+0000][1][safepoint    ] Safepoint "Cleanup", Time since last: 1000186552 ns, Reaching safepoint: 107624 ns, At safepoint: 10753 ns, Total: 118377 ns
[2020-09-11T15:48:09.819+0000][1][safepoint    ] Safepoint "Cleanup", Time since last: 1002920448 ns, Reaching safepoint: 82266 ns, At safepoint: 8835 ns, Total: 91101 ns
[2020-09-11T15:48:10.819+0000][1][safepoint    ] Safepoint "Cleanup", Time since last: 1000187054 ns, Reaching safepoint: 156359 ns, At safepoint: 23374 ns, Total: 179733 ns
[2020-09-11T15:48:11.820+0000][1][safepoint    ] Safepoint "Cleanup", Time since last: 1000250881 ns, Reaching safepoint: 110927 ns, At safepoint: 10838 ns, Total: 121765 ns
[2020-09-11T15:48:11.879+0000][1][safepoint    ] Safepoint "RevokeBias", Time since last: 59098285 ns, Reaching safepoint: 95167 ns, At safepoint: 27352 ns, Total: 122519 ns
[2020-09-11T15:48:11.911+0000][1][safepoint    ] Safepoint "RevokeBias", Time since last: 31769542 ns, Reaching safepoint: 101796 ns, At safepoint: 27640 ns, Total: 129436 ns
[2020-09-11T15:48:12.911+0000][1][safepoint    ] Safepoint "Cleanup", Time since last: 1000174163 ns, Reaching safepoint: 135314 ns, At safepoint: 21593 ns, Total: 156907 ns
[2020-09-11T15:48:13.912+0000][1][safepoint    ] Safepoint "Cleanup", Time since last: 1000182942 ns, Reaching safepoint: 129378 ns, At safepoint: 7645 ns, Total: 137023 ns
[2020-09-11T15:48:13.997+0000][1][safepoint    ] Safepoint "RevokeBias", Time since last: 84922412 ns, Reaching safepoint: 156159 ns, At safepoint: 105448 ns, Total: 261607 ns
[2020-09-11T15:48:14.997+0000][1][safepoint    ] Safepoint "Cleanup", Time since last: 1000247325 ns, Reaching safepoint: 92375 ns, At safepoint: 7765 ns, Total: 100140 ns
[2020-09-11T15:48:15.998+0000][1][safepoint    ] Safepoint "Cleanup", Time since last: 1000177697 ns, Reaching safepoint: 176462 ns, At safepoint: 20928 ns, Total: 197390 ns
[2020-09-11T15:48:16.998+0000][1][safepoint    ] Safepoint "Cleanup", Time since last: 1000207289 ns, Reaching safepoint: 88984 ns, At safepoint: 7995 ns, Total: 96979 ns
[2020-09-11T15:48:17.998+0000][1][safepoint    ] Safepoint "Cleanup", Time since last: 1000169570 ns, Reaching safepoint: 99157 ns, At safepoint: 8696 ns, Total: 107853 ns
[2020-09-11T15:48:18.998+0000][1][safepoint    ] Safepoint "Cleanup", Time since last: 1000177399 ns, Reaching safepoint: 104067 ns, At safepoint: 8113 ns, Total: 112180 ns
[2020-09-11T15:48:20.001+0000][1][safepoint    ] Safepoint "Cleanup", Time since last: 1002148821 ns, Reaching safepoint: 153626 ns, At safepoint: 23200 ns, Total: 176826 ns
[2020-09-11T15:48:21.001+0000][1][safepoint    ] Safepoint "Cleanup", Time since last: 1000250177 ns, Reaching safepoint: 138614 ns, At safepoint: 21443 ns, Total: 160057 ns
[2020-09-11T15:48:21.853+0000][1][safepoint    ] Safepoint "RevokeBias", Time since last: 851752083 ns, Reaching safepoint: 93026 ns, At safepoint: 26324 ns, Total: 119350 ns
[2020-09-11T15:48:21.917+0000][1][safepoint    ] Safepoint "RevokeBias", Time since last: 64000939 ns, Reaching safepoint: 142169 ns, At safepoint: 46531 ns, Total: 188700 ns
[2020-09-11T15:48:22.918+0000][1][safepoint    ] Safepoint "Cleanup", Time since last: 1000198647 ns, Reaching safepoint: 125495 ns, At safepoint: 20377 ns, Total: 145872 ns
[2020-09-11T15:48:23.645+0000][1][gc,start     ] GC(101) Pause Young (Allocation Failure)
[2020-09-11T15:48:23.645+0000][1][gc,task      ] GC(101) Using 1 workers of 1 for evacuation
[2020-09-11T15:48:23.651+0000][1][gc,age       ] GC(101) Desired survivor size 4358144 bytes, new threshold 6 (max threshold 6)
[2020-09-11T15:48:23.651+0000][1][gc,age       ] GC(101) Age table with threshold 6 (max threshold 6)
[2020-09-11T15:48:23.651+0000][1][gc,age       ] GC(101) - age   1:     241288 bytes,     241288 total
[2020-09-11T15:48:23.651+0000][1][gc,age       ] GC(101) - age   2:     132904 bytes,     374192 total
[2020-09-11T15:48:23.651+0000][1][gc,age       ] GC(101) - age   3:      49160 bytes,     423352 total
[2020-09-11T15:48:23.651+0000][1][gc,age       ] GC(101) - age   4:      39424 bytes,     462776 total
[2020-09-11T15:48:23.651+0000][1][gc,age       ] GC(101) - age   5:      20624 bytes,     483400 total
[2020-09-11T15:48:23.651+0000][1][gc,age       ] GC(101) - age   6:      76552 bytes,     559952 total
[2020-09-11T15:48:23.651+0000][1][gc,heap      ] GC(101) ParNew: 68881K->1022K(76672K)
[2020-09-11T15:48:23.651+0000][1][gc,heap      ] GC(101) CMS: 94360K->94377K(439104K)
[2020-09-11T15:48:23.651+0000][1][gc,metaspace ] GC(101) Metaspace: 92780K->92780K(1134592K)
[2020-09-11T15:48:23.651+0000][1][gc           ] GC(101) Pause Young (Allocation Failure) 159M->93M(503M) 5.782ms
[2020-09-11T15:48:23.651+0000][1][gc,cpu       ] GC(101) User=0.00s Sys=0.00s Real=0.00s
[2020-09-11T15:48:23.657+0000][1][safepoint    ] Safepoint "GenCollectForAllocation", Time since last: 727221092 ns, Reaching safepoint: 157423 ns, At safepoint: 11847019 ns, Total: 12004442 ns
[2020-09-11T15:48:23.893+0000][1][safepoint    ] Safepoint "RevokeBias", Time since last: 235712734 ns, Reaching safepoint: 86319 ns, At safepoint: 24154 ns, Total: 110473 ns
[2020-09-11T15:48:24.893+0000][1][safepoint    ] Safepoint "Cleanup", Time since last: 1000181753 ns, Reaching safepoint: 140653 ns, At safepoint: 20534 ns, Total: 161187 ns
[2020-09-11T15:48:25.893+0000][1][safepoint    ] Safepoint "Cleanup", Time since last: 1000140125 ns, Reaching safepoint: 87195 ns, At safepoint: 9379 ns, Total: 96574 ns
[2020-09-11T15:48:26.894+0000][1][safepoint    ] Safepoint "Cleanup", Time since last: 1000223983 ns, Reaching safepoint: 88583 ns, At safepoint: 9170 ns, Total: 97753 ns
[2020-09-11T15:48:27.894+0000][1][safepoint    ] Safepoint "Cleanup", Time since last: 1000175254 ns, Reaching safepoint: 137202 ns, At safepoint: 21131 ns, Total: 158333 ns
[2020-09-11T15:48:28.894+0000][1][safepoint    ] Safepoint "Cleanup", Time since last: 1000222479 ns, Reaching safepoint: 151063 ns, At safepoint: 21747 ns, Total: 172810 ns
[2020-09-11T15:48:29.900+0000][1][safepoint    ] Safepoint "Cleanup", Time since last: 1005736681 ns, Reaching safepoint: 103490 ns, At safepoint: 15644 ns, Total: 119134 ns
[2020-09-11T15:48:30.900+0000][1][safepoint    ] Safepoint "Cleanup", Time since last: 1000192236 ns, Reaching safepoint: 138164 ns, At safepoint: 21155 ns, Total: 159319 ns
[2020-09-11T15:48:31.885+0000][1][safepoint    ] Safepoint "RevokeBias", Time since last: 981223455 ns, Reaching safepoint: 3228927 ns, At safepoint: 32157 ns, Total: 3261084 ns
[2020-09-11T15:48:31.915+0000][1][safepoint    ] Safepoint "BulkRevokeBias", Time since last: 29418215 ns, Reaching safepoint: 95680 ns, At safepoint: 219375 ns, Total: 315055 ns
[2020-09-11T15:48:32.915+0000][1][safepoint    ] Safepoint "Cleanup", Time since last: 1000179954 ns, Reaching safepoint: 92891 ns, At safepoint: 8285 ns, Total: 101176 ns
[2020-09-11T15:48:33.828+0000][1][safepoint    ] Safepoint "RevokeBias", Time since last: 913161812 ns, Reaching safepoint: 98731 ns, At safepoint: 23636 ns, Total: 122367 ns
[2020-09-11T15:48:34.829+0000][1][safepoint    ] Safepoint "Cleanup", Time since last: 1000145358 ns, Reaching safepoint: 137843 ns, At safepoint: 20608 ns, Total: 158451 ns
[2020-09-11T15:48:35.829+0000][1][safepoint    ] Safepoint "Cleanup", Time since last: 1000248098 ns, Reaching safepoint: 137623 ns, At safepoint: 18693 ns, Total: 156316 ns
[2020-09-11T15:48:36.829+0000][1][safepoint    ] Safepoint "Cleanup", Time since last: 1000222368 ns, Reaching safepoint: 101624 ns, At safepoint: 9229 ns, Total: 110853 ns
[2020-09-11T15:48:37.830+0000][1][safepoint    ] Safepoint "Cleanup", Time since last: 1000207784 ns, Reaching safepoint: 101280 ns, At safepoint: 7830 ns, Total: 109110 ns
[2020-09-11T15:48:38.830+0000][1][safepoint    ] Safepoint "Cleanup", Time since last: 1000204703 ns, Reaching safepoint: 134455 ns, At safepoint: 20280 ns, Total: 154735 ns
[2020-09-11T15:48:39.848+0000][1][safepoint    ] Safepoint "Cleanup", Time since last: 1017514042 ns, Reaching safepoint: 134445 ns, At safepoint: 19966 ns, Total: 154411 ns
[2020-09-11T15:48:40.848+0000][1][safepoint    ] Safepoint "Cleanup", Time since last: 1000228567 ns, Reaching safepoint: 133764 ns, At safepoint: 20704 ns, Total: 154468 ns
[2020-09-11T15:48:41.848+0000][1][safepoint    ] Safepoint "Cleanup", Time since last: 1000245236 ns, Reaching safepoint: 153852 ns, At safepoint: 11834 ns, Total: 165686 ns
[2020-09-11T15:48:41.870+0000][1][safepoint    ] Safepoint "RevokeBias", Time since last: 21751679 ns, Reaching safepoint: 90726 ns, At safepoint: 27188 ns, Total: 117914 ns
[2020-09-11T15:48:41.914+0000][1][safepoint    ] Safepoint "RevokeBias", Time since last: 43429640 ns, Reaching safepoint: 169489 ns, At safepoint: 27268 ns, Total: 196757 ns
[2020-09-11T15:48:42.914+0000][1][safepoint    ] Safepoint "Cleanup", Time since last: 1000175150 ns, Reaching safepoint: 104310 ns, At safepoint: 9291 ns, Total: 113601 ns
[2020-09-11T15:48:43.741+0000][1][gc,start     ] GC(102) Pause Young (Allocation Failure)
[2020-09-11T15:48:43.741+0000][1][gc,task      ] GC(102) Using 1 workers of 1 for evacuation
[2020-09-11T15:48:43.747+0000][1][gc,age       ] GC(102) Desired survivor size 4358144 bytes, new threshold 6 (max threshold 6)
[2020-09-11T15:48:43.747+0000][1][gc,age       ] GC(102) Age table with threshold 6 (max threshold 6)
[2020-09-11T15:48:43.747+0000][1][gc,age       ] GC(102) - age   1:     247960 bytes,     247960 total
[2020-09-11T15:48:43.747+0000][1][gc,age       ] GC(102) - age   2:     184552 bytes,     432512 total
[2020-09-11T15:48:43.747+0000][1][gc,age       ] GC(102) - age   3:     101320 bytes,     533832 total
[2020-09-11T15:48:43.747+0000][1][gc,age       ] GC(102) - age   4:      24336 bytes,     558168 total
[2020-09-11T15:48:43.747+0000][1][gc,age       ] GC(102) - age   5:      18976 bytes,     577144 total
[2020-09-11T15:48:43.747+0000][1][gc,age       ] GC(102) - age   6:      19384 bytes,     596528 total
[2020-09-11T15:48:43.747+0000][1][gc,heap      ] GC(102) ParNew: 69182K->665K(76672K)
[2020-09-11T15:48:43.747+0000][1][gc,heap      ] GC(102) CMS: 94377K->94453K(439104K)
[2020-09-11T15:48:43.747+0000][1][gc,metaspace ] GC(102) Metaspace: 92833K->92833K(1134592K)
[2020-09-11T15:48:43.748+0000][1][gc           ] GC(102) Pause Young (Allocation Failure) 159M->92M(503M) 6.541ms
[2020-09-11T15:48:43.748+0000][1][gc,cpu       ] GC(102) User=0.00s Sys=0.00s Real=0.00s
[2020-09-11T15:48:43.753+0000][1][safepoint    ] Safepoint "GenCollectForAllocation", Time since last: 826592428 ns, Reaching safepoint: 164962 ns, At safepoint: 11888983 ns, Total: 12053945 ns
[2020-09-11T15:48:43.909+0000][1][safepoint    ] Safepoint "RevokeBias", Time since last: 156028151 ns, Reaching safepoint: 87770 ns, At safepoint: 22828 ns, Total: 110598 ns
[2020-09-11T15:48:44.909+0000][1][safepoint    ] Safepoint "Cleanup", Time since last: 1000139581 ns, Reaching safepoint: 111222 ns, At safepoint: 8781 ns, Total: 120003 ns
[2020-09-11T15:48:45.910+0000][1][safepoint    ] Safepoint "Cleanup", Time since last: 1000233079 ns, Reaching safepoint: 146503 ns, At safepoint: 21048 ns, Total: 167551 ns
[2020-09-11T15:48:46.910+0000][1][safepoint    ] Safepoint "Cleanup", Time since last: 1000311034 ns, Reaching safepoint: 97599 ns, At safepoint: 8755 ns, Total: 106354 ns
[2020-09-11T15:48:47.910+0000][1][safepoint    ] Safepoint "Cleanup", Time since last: 1000174131 ns, Reaching safepoint: 132972 ns, At safepoint: 19435 ns, Total: 152407 ns
[2020-09-11T15:48:48.911+0000][1][safepoint    ] Safepoint "Cleanup", Time since last: 1000213283 ns, Reaching safepoint: 96959 ns, At safepoint: 8142 ns, Total: 105101 ns
[2020-09-11T15:48:49.913+0000][1][safepoint    ] Safepoint "Cleanup", Time since last: 1002389598 ns, Reaching safepoint: 86800 ns, At safepoint: 10218 ns, Total: 97018 ns
[2020-09-11T15:48:50.914+0000][1][safepoint    ] Safepoint "Cleanup", Time since last: 1000217327 ns, Reaching safepoint: 84290 ns, At safepoint: 18589 ns, Total: 102879 ns
[2020-09-11T15:48:51.855+0000][1][safepoint    ] Safepoint "RevokeBias", Time since last: 941450122 ns, Reaching safepoint: 97341 ns, At safepoint: 26275 ns, Total: 123616 ns
[2020-09-11T15:48:51.910+0000][1][safepoint    ] Safepoint "RevokeBias", Time since last: 55038906 ns, Reaching safepoint: 85409 ns, At safepoint: 25912 ns, Total: 111321 ns
[2020-09-11T15:48:52.910+0000][1][safepoint    ] Safepoint "Cleanup", Time since last: 1000158848 ns, Reaching safepoint: 105813 ns, At safepoint: 9283 ns, Total: 115096 ns
[2020-09-11T15:48:53.805+0000][1][safepoint    ] Safepoint "RevokeBias", Time since last: 894404995 ns, Reaching safepoint: 93397 ns, At safepoint: 22321 ns, Total: 115718 ns
[2020-09-11T15:48:54.805+0000][1][safepoint    ] Safepoint "Cleanup", Time since last: 1000187054 ns, Reaching safepoint: 93605 ns, At safepoint: 8753 ns, Total: 102358 ns
[2020-09-11T15:48:55.806+0000][1][safepoint    ] Safepoint "Cleanup", Time since last: 1000179427 ns, Reaching safepoint: 136774 ns, At safepoint: 19080 ns, Total: 155854 ns
[2020-09-11T15:48:56.806+0000][1][safepoint    ] Safepoint "Cleanup", Time since last: 1000221210 ns, Reaching safepoint: 145143 ns, At safepoint: 20544 ns, Total: 165687 ns
[2020-09-11T15:48:57.806+0000][1][safepoint    ] Safepoint "Cleanup", Time since last: 1000205210 ns, Reaching safepoint: 186057 ns, At safepoint: 21737 ns, Total: 207794 ns
[2020-09-11T15:48:58.807+0000][1][safepoint    ] Safepoint "Cleanup", Time since last: 1000189070 ns, Reaching safepoint: 140469 ns, At safepoint: 18820 ns, Total: 159289 ns
[2020-09-11T15:48:59.813+0000][1][safepoint    ] Safepoint "Cleanup", Time since last: 1006306876 ns, Reaching safepoint: 89105 ns, At safepoint: 6690 ns, Total: 95795 ns
[2020-09-11T15:49:00.813+0000][1][safepoint    ] Safepoint "Cleanup", Time since last: 1000141918 ns, Reaching safepoint: 120204 ns, At safepoint: 7945 ns, Total: 128149 ns
[2020-09-11T15:49:01.814+0000][1][safepoint    ] Safepoint "Cleanup", Time since last: 1000186209 ns, Reaching safepoint: 102740 ns, At safepoint: 7379 ns, Total: 110119 ns
[2020-09-11T15:49:01.859+0000][1][safepoint    ] Safepoint "RevokeBias", Time since last: 44744867 ns, Reaching safepoint: 98230 ns, At safepoint: 32886 ns, Total: 131116 ns
[2020-09-11T15:49:01.916+0000][1][safepoint    ] Safepoint "RevokeBias", Time since last: 57169591 ns, Reaching safepoint: 91001 ns, At safepoint: 26108 ns, Total: 117109 ns
[2020-09-11T15:49:02.916+0000][1][safepoint    ] Safepoint "Cleanup", Time since last: 1000178022 ns, Reaching safepoint: 103736 ns, At safepoint: 9731 ns, Total: 113467 ns
[2020-09-11T15:49:03.916+0000][1][safepoint    ] Safepoint "Cleanup", Time since last: 1000117622 ns, Reaching safepoint: 79576 ns, At safepoint: 10734 ns, Total: 90310 ns
[2020-09-11T15:49:03.920+0000][1][safepoint    ] Safepoint "RevokeBias", Time since last: 3143350 ns, Reaching safepoint: 85207 ns, At safepoint: 24914 ns, Total: 110121 ns
[2020-09-11T15:49:04.920+0000][1][safepoint    ] Safepoint "Cleanup", Time since last: 1000203693 ns, Reaching safepoint: 144662 ns, At safepoint: 20537 ns, Total: 165199 ns
[2020-09-11T15:49:05.920+0000][1][safepoint    ] Safepoint "Cleanup", Time since last: 1000206239 ns, Reaching safepoint: 107927 ns, At safepoint: 9204 ns, Total: 117131 ns
[2020-09-11T15:49:06.921+0000][1][safepoint    ] Safepoint "Cleanup", Time since last: 1000171876 ns, Reaching safepoint: 147091 ns, At safepoint: 18717 ns, Total: 165808 ns
[2020-09-11T15:49:07.921+0000][1][safepoint    ] Safepoint "Cleanup", Time since last: 1000461872 ns, Reaching safepoint: 135166 ns, At safepoint: 16672 ns, Total: 151838 ns
[2020-09-11T15:49:08.922+0000][1][safepoint    ] Safepoint "Cleanup", Time since last: 1000210297 ns, Reaching safepoint: 133633 ns, At safepoint: 19348 ns, Total: 152981 ns
[2020-09-11T15:49:09.924+0000][1][safepoint    ] Safepoint "Cleanup", Time since last: 1002259659 ns, Reaching safepoint: 73472 ns, At safepoint: 6934 ns, Total: 80406 ns
[2020-09-11T15:49:10.649+0000][1][gc,start     ] GC(103) Pause Young (Allocation Failure)
[2020-09-11T15:49:10.649+0000][1][gc,task      ] GC(103) Using 1 workers of 1 for evacuation
[2020-09-11T15:49:10.656+0000][1][gc,age       ] GC(103) Desired survivor size 4358144 bytes, new threshold 6 (max threshold 6)
[2020-09-11T15:49:10.656+0000][1][gc,age       ] GC(103) Age table with threshold 6 (max threshold 6)
[2020-09-11T15:49:10.656+0000][1][gc,age       ] GC(103) - age   1:     332944 bytes,     332944 total
[2020-09-11T15:49:10.656+0000][1][gc,age       ] GC(103) - age   2:     190304 bytes,     523248 total
[2020-09-11T15:49:10.656+0000][1][gc,age       ] GC(103) - age   3:      30360 bytes,     553608 total
[2020-09-11T15:49:10.656+0000][1][gc,age       ] GC(103) - age   4:      23472 bytes,     577080 total
[2020-09-11T15:49:10.656+0000][1][gc,age       ] GC(103) - age   5:      23096 bytes,     600176 total
[2020-09-11T15:49:10.656+0000][1][gc,age       ] GC(103) - age   6:      18976 bytes,     619152 total
[2020-09-11T15:49:10.656+0000][1][gc,heap      ] GC(103) ParNew: 68825K->1040K(76672K)
[2020-09-11T15:49:10.656+0000][1][gc,heap      ] GC(103) CMS: 94453K->94472K(439104K)
[2020-09-11T15:49:10.656+0000][1][gc,metaspace ] GC(103) Metaspace: 92869K->92869K(1134592K)
[2020-09-11T15:49:10.656+0000][1][gc           ] GC(103) Pause Young (Allocation Failure) 159M->93M(503M) 7.530ms
[2020-09-11T15:49:10.656+0000][1][gc,cpu       ] GC(103) User=0.01s Sys=0.00s Real=0.01s
[2020-09-11T15:49:10.656+0000][1][safepoint    ] Safepoint "GenCollectForAllocation", Time since last: 724475214 ns, Reaching safepoint: 295578 ns, At safepoint: 7604953 ns, Total: 7900531 ns
[2020-09-11T15:49:11.660+0000][1][safepoint    ] Safepoint "Cleanup", Time since last: 1002470599 ns, Reaching safepoint: 265352 ns, At safepoint: 540798 ns, Total: 806150 ns
[2020-09-11T15:49:11.936+0000][1][safepoint    ] Safepoint "RevokeBias", Time since last: 275823376 ns, Reaching safepoint: 97435 ns, At safepoint: 27856 ns, Total: 125291 ns
[2020-09-11T15:49:12.936+0000][1][safepoint    ] Safepoint "Cleanup", Time since last: 1000175611 ns, Reaching safepoint: 103110 ns, At safepoint: 9731 ns, Total: 112841 ns
[2020-09-11T15:49:13.909+0000][1][safepoint    ] Safepoint "RevokeBias", Time since last: 972750130 ns, Reaching safepoint: 119512 ns, At safepoint: 27571 ns, Total: 147083 ns
[2020-09-11T15:49:14.909+0000][1][safepoint    ] Safepoint "Cleanup", Time since last: 1000175190 ns, Reaching safepoint: 120780 ns, At safepoint: 17818 ns, Total: 138598 ns
[2020-09-11T15:49:15.909+0000][1][safepoint    ] Safepoint "Cleanup", Time since last: 1000158645 ns, Reaching safepoint: 114972 ns, At safepoint: 8929 ns, Total: 123901 ns
[2020-09-11T15:49:16.910+0000][1][safepoint    ] Safepoint "Cleanup", Time since last: 1000168261 ns, Reaching safepoint: 141108 ns, At safepoint: 20443 ns, Total: 161551 ns
[2020-09-11T15:49:17.910+0000][1][safepoint    ] Safepoint "Cleanup", Time since last: 1000245931 ns, Reaching safepoint: 129938 ns, At safepoint: 8127 ns, Total: 138065 ns
[2020-09-11T15:49:18.910+0000][1][safepoint    ] Safepoint "Cleanup", Time since last: 1000197101 ns, Reaching safepoint: 94904 ns, At safepoint: 7314 ns, Total: 102218 ns
[2020-09-11T15:49:19.919+0000][1][safepoint    ] Safepoint "Cleanup", Time since last: 1008170427 ns, Reaching safepoint: 145567 ns, At safepoint: 20711 ns, Total: 166278 ns
[2020-09-11T15:49:20.919+0000][1][safepoint    ] Safepoint "Cleanup", Time since last: 1000227155 ns, Reaching safepoint: 128174 ns, At safepoint: 19722 ns, Total: 147896 ns
[2020-09-11T15:49:21.863+0000][1][safepoint    ] Safepoint "RevokeBias", Time since last: 943401453 ns, Reaching safepoint: 91196 ns, At safepoint: 25367 ns, Total: 116563 ns
[2020-09-11T15:49:21.913+0000][1][safepoint    ] Safepoint "RevokeBias", Time since last: 50733728 ns, Reaching safepoint: 84206 ns, At safepoint: 23059 ns, Total: 107265 ns
[2020-09-11T15:49:22.914+0000][1][safepoint    ] Safepoint "Cleanup", Time since last: 1000172767 ns, Reaching safepoint: 135792 ns, At safepoint: 18048 ns, Total: 153840 ns
[2020-09-11T15:49:23.809+0000][1][safepoint    ] Safepoint "RevokeBias", Time since last: 894601462 ns, Reaching safepoint: 85909 ns, At safepoint: 23625 ns, Total: 109534 ns
[2020-09-11T15:49:24.809+0000][1][safepoint    ] Safepoint "Cleanup", Time since last: 1000166533 ns, Reaching safepoint: 173565 ns, At safepoint: 17534 ns, Total: 191099 ns
[2020-09-11T15:49:25.809+0000][1][safepoint    ] Safepoint "Cleanup", Time since last: 1000150930 ns, Reaching safepoint: 86336 ns, At safepoint: 7140 ns, Total: 93476 ns
[2020-09-11T15:49:26.809+0000][1][safepoint    ] Safepoint "Cleanup", Time since last: 1000147915 ns, Reaching safepoint: 138575 ns, At safepoint: 18987 ns, Total: 157562 ns
[2020-09-11T15:49:27.810+0000][1][safepoint    ] Safepoint "Cleanup", Time since last: 1000224038 ns, Reaching safepoint: 134866 ns, At safepoint: 18707 ns, Total: 153573 ns
[2020-09-11T15:49:28.813+0000][1][safepoint    ] Safepoint "Cleanup", Time since last: 1002874571 ns, Reaching safepoint: 104893 ns, At safepoint: 8696 ns, Total: 113589 ns
[2020-09-11T15:49:29.836+0000][1][safepoint    ] Safepoint "Cleanup", Time since last: 1022589772 ns, Reaching safepoint: 141458 ns, At safepoint: 20922 ns, Total: 162380 ns
[2020-09-11T15:49:30.684+0000][1][gc,start     ] GC(104) Pause Young (Allocation Failure)
[2020-09-11T15:49:30.684+0000][1][gc,task      ] GC(104) Using 1 workers of 1 for evacuation
[2020-09-11T15:49:30.689+0000][1][gc,age       ] GC(104) Desired survivor size 4358144 bytes, new threshold 6 (max threshold 6)
[2020-09-11T15:49:30.689+0000][1][gc,age       ] GC(104) Age table with threshold 6 (max threshold 6)
[2020-09-11T15:49:30.689+0000][1][gc,age       ] GC(104) - age   1:     103920 bytes,     103920 total
[2020-09-11T15:49:30.689+0000][1][gc,age       ] GC(104) - age   2:     287088 bytes,     391008 total
[2020-09-11T15:49:30.689+0000][1][gc,age       ] GC(104) - age   3:     163600 bytes,     554608 total
[2020-09-11T15:49:30.689+0000][1][gc,age       ] GC(104) - age   4:      23320 bytes,     577928 total
[2020-09-11T15:49:30.689+0000][1][gc,age       ] GC(104) - age   5:      23472 bytes,     601400 total
[2020-09-11T15:49:30.689+0000][1][gc,age       ] GC(104) - age   6:      21856 bytes,     623256 total
[2020-09-11T15:49:30.689+0000][1][gc,heap      ] GC(104) ParNew: 69200K->713K(76672K)
[2020-09-11T15:49:30.689+0000][1][gc,heap      ] GC(104) CMS: 94472K->94490K(439104K)
[2020-09-11T15:49:30.689+0000][1][gc,metaspace ] GC(104) Metaspace: 92883K->92883K(1134592K)
[2020-09-11T15:49:30.689+0000][1][gc           ] GC(104) Pause Young (Allocation Failure) 159M->92M(503M) 5.464ms
[2020-09-11T15:49:30.689+0000][1][gc,cpu       ] GC(104) User=0.01s Sys=0.00s Real=0.00s
[2020-09-11T15:49:30.689+0000][1][safepoint    ] Safepoint "GenCollectForAllocation", Time since last: 847851736 ns, Reaching safepoint: 192607 ns, At safepoint: 5523226 ns, Total: 5715833 ns
[2020-09-11T15:49:31.692+0000][1][safepoint    ] Safepoint "Cleanup", Time since last: 1002392279 ns, Reaching safepoint: 190722 ns, At safepoint: 20003 ns, Total: 210725 ns
[2020-09-11T15:49:31.890+0000][1][safepoint    ] Safepoint "RevokeBias", Time since last: 198397805 ns, Reaching safepoint: 210569 ns, At safepoint: 54639 ns, Total: 265208 ns
[2020-09-11T15:49:31.921+0000][1][safepoint    ] Safepoint "RevokeBias", Time since last: 30346978 ns, Reaching safepoint: 110154 ns, At safepoint: 26941 ns, Total: 137095 ns
[2020-09-11T15:49:32.921+0000][1][safepoint    ] Safepoint "Cleanup", Time since last: 1000188686 ns, Reaching safepoint: 97875 ns, At safepoint: 9370 ns, Total: 107245 ns
[2020-09-11T15:49:33.825+0000][1][safepoint    ] Safepoint "RevokeBias", Time since last: 903949296 ns, Reaching safepoint: 181746 ns, At safepoint: 28283 ns, Total: 210029 ns
[2020-09-11T15:49:34.826+0000][1][safepoint    ] Safepoint "Cleanup", Time since last: 1000161470 ns, Reaching safepoint: 104492 ns, At safepoint: 9409 ns, Total: 113901 ns
[2020-09-11T15:49:35.826+0000][1][safepoint    ] Safepoint "Cleanup", Time since last: 1000181964 ns, Reaching safepoint: 110357 ns, At safepoint: 9042 ns, Total: 119399 ns
[2020-09-11T15:49:36.826+0000][1][safepoint    ] Safepoint "Cleanup", Time since last: 1000168779 ns, Reaching safepoint: 105234 ns, At safepoint: 10476 ns, Total: 115710 ns
[2020-09-11T15:49:37.827+0000][1][safepoint    ] Safepoint "Cleanup", Time since last: 1000215448 ns, Reaching safepoint: 135454 ns, At safepoint: 18519 ns, Total: 153973 ns
[2020-09-11T15:49:38.827+0000][1][safepoint    ] Safepoint "Cleanup", Time since last: 1000237261 ns, Reaching safepoint: 93730 ns, At safepoint: 9358 ns, Total: 103088 ns
[2020-09-11T15:49:39.866+0000][1][safepoint    ] Safepoint "Cleanup", Time since last: 1038506183 ns, Reaching safepoint: 113845 ns, At safepoint: 6795 ns, Total: 120640 ns
[2020-09-11T15:49:40.866+0000][1][safepoint    ] Safepoint "Cleanup", Time since last: 1000159492 ns, Reaching safepoint: 69150 ns, At safepoint: 8101 ns, Total: 77251 ns
[2020-09-11T15:49:41.866+0000][1][safepoint    ] Safepoint "Cleanup", Time since last: 1000163010 ns, Reaching safepoint: 114270 ns, At safepoint: 7369 ns, Total: 121639 ns
[2020-09-11T15:49:41.881+0000][1][safepoint    ] Safepoint "RevokeBias", Time since last: 14780724 ns, Reaching safepoint: 72682 ns, At safepoint: 21779 ns, Total: 94461 ns
[2020-09-11T15:49:41.901+0000][1][safepoint    ] Safepoint "RevokeBias", Time since last: 20076988 ns, Reaching safepoint: 159870 ns, At safepoint: 22959 ns, Total: 182829 ns
[2020-09-11T15:49:43.902+0000][1][safepoint    ] Safepoint "Cleanup", Time since last: 2000246600 ns, Reaching safepoint: 195683 ns, At safepoint: 8602 ns, Total: 204285 ns
[2020-09-11T15:49:43.910+0000][1][safepoint    ] Safepoint "RevokeBias", Time since last: 8238083 ns, Reaching safepoint: 80951 ns, At safepoint: 22952 ns, Total: 103903 ns
[2020-09-11T15:49:49.911+0000][1][safepoint    ] Safepoint "Cleanup", Time since last: 6001332400 ns, Reaching safepoint: 144535 ns, At safepoint: 21306 ns, Total: 165841 ns
[2020-09-11T15:49:50.707+0000][1][gc,start     ] GC(105) Pause Young (Allocation Failure)
[2020-09-11T15:49:50.707+0000][1][gc,task      ] GC(105) Using 1 workers of 1 for evacuation
[2020-09-11T15:49:50.712+0000][1][gc,age       ] GC(105) Desired survivor size 4358144 bytes, new threshold 6 (max threshold 6)
[2020-09-11T15:49:50.712+0000][1][gc,age       ] GC(105) Age table with threshold 6 (max threshold 6)
[2020-09-11T15:49:50.712+0000][1][gc,age       ] GC(105) - age   1:     143776 bytes,     143776 total
[2020-09-11T15:49:50.712+0000][1][gc,age       ] GC(105) - age   2:      61272 bytes,     205048 total
[2020-09-11T15:49:50.712+0000][1][gc,age       ] GC(105) - age   3:     274616 bytes,     479664 total
[2020-09-11T15:49:50.712+0000][1][gc,age       ] GC(105) - age   4:     131464 bytes,     611128 total
[2020-09-11T15:49:50.712+0000][1][gc,age       ] GC(105) - age   5:      21680 bytes,     632808 total
[2020-09-11T15:49:50.712+0000][1][gc,age       ] GC(105) - age   6:      23472 bytes,     656280 total
[2020-09-11T15:49:50.712+0000][1][gc,heap      ] GC(105) ParNew: 68873K->1091K(76672K)
[2020-09-11T15:49:50.712+0000][1][gc,heap      ] GC(105) CMS: 94490K->94512K(439104K)
[2020-09-11T15:49:50.712+0000][1][gc,metaspace ] GC(105) Metaspace: 92914K->92914K(1134592K)
[2020-09-11T15:49:50.712+0000][1][gc           ] GC(105) Pause Young (Allocation Failure) 159M->93M(503M) 5.370ms
[2020-09-11T15:49:50.712+0000][1][gc,cpu       ] GC(105) User=0.01s Sys=0.00s Real=0.00s
[2020-09-11T15:49:50.712+0000][1][safepoint    ] Safepoint "GenCollectForAllocation", Time since last: 795255622 ns, Reaching safepoint: 199251 ns, At safepoint: 5433854 ns, Total: 5633105 ns
[2020-09-11T15:49:51.847+0000][1][safepoint    ] Safepoint "RevokeBias", Time since last: 1135032854 ns, Reaching safepoint: 78607 ns, At safepoint: 21427 ns, Total: 100034 ns
[2020-09-11T15:49:51.901+0000][1][safepoint    ] Safepoint "RevokeBias", Time since last: 53430610 ns, Reaching safepoint: 193535 ns, At safepoint: 25280 ns, Total: 218815 ns
[2020-09-11T15:49:52.901+0000][1][safepoint    ] Safepoint "Cleanup", Time since last: 1000167159 ns, Reaching safepoint: 142608 ns, At safepoint: 19003 ns, Total: 161611 ns
[2020-09-11T15:49:53.831+0000][1][safepoint    ] Safepoint "RevokeBias", Time since last: 929049722 ns, Reaching safepoint: 162012 ns, At safepoint: 23194 ns, Total: 185206 ns
[2020-09-11T15:49:55.833+0000][1][safepoint    ] Safepoint "Cleanup", Time since last: 2002172403 ns, Reaching safepoint: 142053 ns, At safepoint: 19582 ns, Total: 161635 ns
[2020-09-11T15:49:56.833+0000][1][safepoint    ] Safepoint "Cleanup", Time since last: 1000147163 ns, Reaching safepoint: 85791 ns, At safepoint: 7924 ns, Total: 93715 ns
[2020-09-11T15:49:58.899+0000][1][safepoint    ] Safepoint "RevokeBias", Time since last: 2065743758 ns, Reaching safepoint: 178376 ns, At safepoint: 42945 ns, Total: 221321 ns
[2020-09-11T15:49:58.934+0000][1][safepoint    ] Safepoint "RevokeBias", Time since last: 34176759 ns, Reaching safepoint: 181757 ns, At safepoint: 38088 ns, Total: 219845 ns
[2020-09-11T15:49:58.985+0000][1][safepoint    ] Safepoint "RevokeBias", Time since last: 47143262 ns, Reaching safepoint: 3986101 ns, At safepoint: 30709 ns, Total: 4016810 ns
[2020-09-11T15:49:59.620+0000][1][safepoint    ] Safepoint "RevokeBias", Time since last: 634705971 ns, Reaching safepoint: 145517 ns, At safepoint: 45641 ns, Total: 191158 ns
[2020-09-11T15:49:59.620+0000][1][safepoint    ] Safepoint "RevokeBias", Time since last: 201673 ns, Reaching safepoint: 75035 ns, At safepoint: 45869 ns, Total: 120904 ns
[2020-09-11T15:49:59.711+0000][1][safepoint    ] Safepoint "RevokeBias", Time since last: 91325429 ns, Reaching safepoint: 64410 ns, At safepoint: 19293 ns, Total: 83703 ns
[2020-09-11T15:49:59.712+0000][1][safepoint    ] Safepoint "RevokeBias", Time since last: 1007232 ns, Reaching safepoint: 39821 ns, At safepoint: 13338 ns, Total: 53159 ns
[2020-09-11T15:49:59.713+0000][1][safepoint    ] Safepoint "RevokeBias", Time since last: 34708 ns, Reaching safepoint: 25152 ns, At safepoint: 9219 ns, Total: 34371 ns
[2020-09-11T15:49:59.713+0000][1][safepoint    ] Safepoint "RevokeBias", Time since last: 38656 ns, Reaching safepoint: 24797 ns, At safepoint: 8461 ns, Total: 33258 ns
[2020-09-11T15:49:59.713+0000][1][safepoint    ] Safepoint "RevokeBias", Time since last: 34012 ns, Reaching safepoint: 24322 ns, At safepoint: 8466 ns, Total: 32788 ns
[2020-09-11T15:50:02.005+0000][1][safepoint    ] Safepoint "RevokeBias", Time since last: 2291794100 ns, Reaching safepoint: 240511 ns, At safepoint: 269508 ns, Total: 510019 ns
[2020-09-11T15:50:02.018+0000][1][safepoint    ] Safepoint "RevokeBias", Time since last: 13231132 ns, Reaching safepoint: 88318 ns, At safepoint: 23049 ns, Total: 111367 ns
[2020-09-11T15:50:03.806+0000][1][safepoint    ] Safepoint "BulkRevokeBias", Time since last: 1787213607 ns, Reaching safepoint: 86020 ns, At safepoint: 202124 ns, Total: 288144 ns
[2020-09-11T15:50:04.806+0000][1][safepoint    ] Safepoint "Cleanup", Time since last: 1000147980 ns, Reaching safepoint: 94829 ns, At safepoint: 7365 ns, Total: 102194 ns
[2020-09-11T15:50:05.806+0000][1][safepoint    ] Safepoint "Cleanup", Time since last: 1000190226 ns, Reaching safepoint: 85908 ns, At safepoint: 8177 ns, Total: 94085 ns
[2020-09-11T15:50:06.687+0000][1][safepoint    ] Safepoint "RevokeBias", Time since last: 880444022 ns, Reaching safepoint: 192614 ns, At safepoint: 21273 ns, Total: 213887 ns
[2020-09-11T15:50:06.687+0000][1][safepoint    ] Safepoint "RevokeBias", Time since last: 85170 ns, Reaching safepoint: 144615 ns, At safepoint: 13393 ns, Total: 158008 ns
[2020-09-11T15:50:07.688+0000][1][safepoint    ] Safepoint "Cleanup", Time since last: 1000152817 ns, Reaching safepoint: 145540 ns, At safepoint: 19141 ns, Total: 164681 ns
[2020-09-11T15:50:08.688+0000][1][safepoint    ] Safepoint "Cleanup", Time since last: 1000234881 ns, Reaching safepoint: 143459 ns, At safepoint: 19605 ns, Total: 163064 ns
[2020-09-11T15:50:09.688+0000][1][safepoint    ] Safepoint "Cleanup", Time since last: 1000230613 ns, Reaching safepoint: 100373 ns, At safepoint: 9152 ns, Total: 109525 ns
[2020-09-11T15:50:10.689+0000][1][safepoint    ] Safepoint "Cleanup", Time since last: 1000150375 ns, Reaching safepoint: 144382 ns, At safepoint: 18235 ns, Total: 162617 ns
[2020-09-11T15:50:11.508+0000][1][safepoint    ] Safepoint "RevokeBias", Time since last: 819427724 ns, Reaching safepoint: 143964 ns, At safepoint: 38465 ns, Total: 182429 ns
[2020-09-11T15:50:11.892+0000][1][safepoint    ] Safepoint "RevokeBias", Time since last: 383795799 ns, Reaching safepoint: 164341 ns, At safepoint: 23175 ns, Total: 187516 ns
[2020-09-11T15:50:11.926+0000][1][safepoint    ] Safepoint "RevokeBias", Time since last: 33448975 ns, Reaching safepoint: 82569 ns, At safepoint: 23000 ns, Total: 105569 ns
[2020-09-11T15:50:12.926+0000][1][safepoint    ] Safepoint "Cleanup", Time since last: 1000182805 ns, Reaching safepoint: 87946 ns, At safepoint: 7938 ns, Total: 95884 ns
[2020-09-11T15:50:13.653+0000][1][gc,start     ] GC(106) Pause Young (Allocation Failure)
[2020-09-11T15:50:13.653+0000][1][gc,task      ] GC(106) Using 1 workers of 1 for evacuation
[2020-09-11T15:50:13.659+0000][1][gc,age       ] GC(106) Desired survivor size 4358144 bytes, new threshold 6 (max threshold 6)
[2020-09-11T15:50:13.659+0000][1][gc,age       ] GC(106) Age table with threshold 6 (max threshold 6)
[2020-09-11T15:50:13.659+0000][1][gc,age       ] GC(106) - age   1:     357112 bytes,     357112 total
[2020-09-11T15:50:13.659+0000][1][gc,age       ] GC(106) - age   2:     102440 bytes,     459552 total
[2020-09-11T15:50:13.659+0000][1][gc,age       ] GC(106) - age   3:      54648 bytes,     514200 total
[2020-09-11T15:50:13.659+0000][1][gc,age       ] GC(106) - age   4:      57544 bytes,     571744 total
[2020-09-11T15:50:13.659+0000][1][gc,age       ] GC(106) - age   5:     107608 bytes,     679352 total
[2020-09-11T15:50:13.659+0000][1][gc,age       ] GC(106) - age   6:      20440 bytes,     699792 total
[2020-09-11T15:50:13.659+0000][1][gc,heap      ] GC(106) ParNew: 69251K->753K(76672K)
[2020-09-11T15:50:13.659+0000][1][gc,heap      ] GC(106) CMS: 94512K->94534K(439104K)
[2020-09-11T15:50:13.659+0000][1][gc,metaspace ] GC(106) Metaspace: 92933K->92933K(1134592K)
[2020-09-11T15:50:13.659+0000][1][gc           ] GC(106) Pause Young (Allocation Failure) 159M->93M(503M) 6.561ms
[2020-09-11T15:50:13.659+0000][1][gc,cpu       ] GC(106) User=0.01s Sys=0.00s Real=0.00s
[2020-09-11T15:50:13.659+0000][1][safepoint    ] Safepoint "GenCollectForAllocation", Time since last: 721780477 ns, Reaching safepoint: 4991508 ns, At safepoint: 6633227 ns, Total: 11624735 ns
[2020-09-11T15:50:13.888+0000][1][safepoint    ] Safepoint "RevokeBias", Time since last: 228360133 ns, Reaching safepoint: 262422 ns, At safepoint: 49410 ns, Total: 311832 ns
[2020-09-11T15:50:14.889+0000][1][safepoint    ] Safepoint "Cleanup", Time since last: 1000217429 ns, Reaching safepoint: 152012 ns, At safepoint: 19318 ns, Total: 171330 ns
[2020-09-11T15:50:15.889+0000][1][safepoint    ] Safepoint "Cleanup", Time since last: 1000180932 ns, Reaching safepoint: 148440 ns, At safepoint: 8177 ns, Total: 156617 ns
[2020-09-11T15:50:16.889+0000][1][safepoint    ] Safepoint "Cleanup", Time since last: 1000194307 ns, Reaching safepoint: 128415 ns, At safepoint: 18726 ns, Total: 147141 ns
[2020-09-11T15:50:17.890+0000][1][safepoint    ] Safepoint "Cleanup", Time since last: 1000215529 ns, Reaching safepoint: 95390 ns, At safepoint: 8753 ns, Total: 104143 ns
[2020-09-11T15:50:18.890+0000][1][safepoint    ] Safepoint "Cleanup", Time since last: 1000165385 ns, Reaching safepoint: 101472 ns, At safepoint: 7938 ns, Total: 109410 ns
[2020-09-11T15:50:19.906+0000][1][safepoint    ] Safepoint "Cleanup", Time since last: 1015557170 ns, Reaching safepoint: 112695 ns, At safepoint: 10727 ns, Total: 123422 ns
[2020-09-11T15:50:20.906+0000][1][safepoint    ] Safepoint "Cleanup", Time since last: 1000212580 ns, Reaching safepoint: 100331 ns, At safepoint: 8101 ns, Total: 108432 ns
[2020-09-11T15:50:21.845+0000][1][safepoint    ] Safepoint "RevokeBias", Time since last: 938985743 ns, Reaching safepoint: 92680 ns, At safepoint: 23308 ns, Total: 115988 ns
[2020-09-11T15:50:21.908+0000][1][safepoint    ] Safepoint "RevokeBias", Time since last: 63225858 ns, Reaching safepoint: 92230 ns, At safepoint: 23018 ns, Total: 115248 ns
[2020-09-11T15:50:22.272+0000][1][safepoint    ] Safepoint "RevokeBias", Time since last: 363809546 ns, Reaching safepoint: 72203 ns, At safepoint: 20958 ns, Total: 93161 ns
[2020-09-11T15:50:23.272+0000][1][safepoint    ] Safepoint "Cleanup", Time since last: 1000171631 ns, Reaching safepoint: 106494 ns, At safepoint: 8553 ns, Total: 115047 ns
[2020-09-11T15:50:24.015+0000][1][safepoint    ] Safepoint "RevokeBias", Time since last: 742473621 ns, Reaching safepoint: 86476 ns, At safepoint: 22281 ns, Total: 108757 ns
[2020-09-11T15:50:25.015+0000][1][safepoint    ] Safepoint "Cleanup", Time since last: 1000173315 ns, Reaching safepoint: 127873 ns, At safepoint: 18255 ns, Total: 146128 ns
[2020-09-11T15:50:26.016+0000][1][safepoint    ] Safepoint "Cleanup", Time since last: 1000271529 ns, Reaching safepoint: 91499 ns, At safepoint: 7375 ns, Total: 98874 ns
[2020-09-11T15:50:27.016+0000][1][safepoint    ] Safepoint "Cleanup", Time since last: 1000242551 ns, Reaching safepoint: 139097 ns, At safepoint: 19639 ns, Total: 158736 ns
[2020-09-11T15:50:28.016+0000][1][safepoint    ] Safepoint "Cleanup", Time since last: 1000216367 ns, Reaching safepoint: 94665 ns, At safepoint: 7149 ns, Total: 101814 ns
[2020-09-11T15:50:29.017+0000][1][safepoint    ] Safepoint "Cleanup", Time since last: 1000089116 ns, Reaching safepoint: 82776 ns, At safepoint: 7104 ns, Total: 89880 ns
[2020-09-11T15:50:30.017+0000][1][safepoint    ] Safepoint "Cleanup", Time since last: 1000137409 ns, Reaching safepoint: 80603 ns, At safepoint: 11088 ns, Total: 91691 ns
[2020-09-11T15:50:31.017+0000][1][safepoint    ] Safepoint "Cleanup", Time since last: 1000166388 ns, Reaching safepoint: 147687 ns, At safepoint: 10299 ns, Total: 157986 ns
[2020-09-11T15:50:31.907+0000][1][safepoint    ] Safepoint "RevokeBias", Time since last: 888746409 ns, Reaching safepoint: 1152154 ns, At safepoint: 205720 ns, Total: 1357874 ns
[2020-09-11T15:50:31.918+0000][1][safepoint    ] Safepoint "RevokeBias", Time since last: 10610772 ns, Reaching safepoint: 82144 ns, At safepoint: 22730 ns, Total: 104874 ns
[2020-09-11T15:50:32.388+0000][1][safepoint    ] Safepoint "RevokeBias", Time since last: 469887170 ns, Reaching safepoint: 143592 ns, At safepoint: 45575 ns, Total: 189167 ns
[2020-09-11T15:50:33.388+0000][1][safepoint    ] Safepoint "Cleanup", Time since last: 1000225411 ns, Reaching safepoint: 141705 ns, At safepoint: 19207 ns, Total: 160912 ns
[2020-09-11T15:50:33.829+0000][1][safepoint    ] Safepoint "RevokeBias", Time since last: 440455116 ns, Reaching safepoint: 94189 ns, At safepoint: 27304 ns, Total: 121493 ns
[2020-09-11T15:50:34.829+0000][1][safepoint    ] Safepoint "Cleanup", Time since last: 1000127631 ns, Reaching safepoint: 132427 ns, At safepoint: 16555 ns, Total: 148982 ns
[2020-09-11T15:50:35.760+0000][1][gc,start     ] GC(107) Pause Young (Allocation Failure)
[2020-09-11T15:50:35.760+0000][1][gc,task      ] GC(107) Using 1 workers of 1 for evacuation
[2020-09-11T15:50:35.764+0000][1][gc,age       ] GC(107) Desired survivor size 4358144 bytes, new threshold 6 (max threshold 6)
[2020-09-11T15:50:35.764+0000][1][gc,age       ] GC(107) Age table with threshold 6 (max threshold 6)
[2020-09-11T15:50:35.764+0000][1][gc,age       ] GC(107) - age   1:     141248 bytes,     141248 total
[2020-09-11T15:50:35.764+0000][1][gc,age       ] GC(107) - age   2:     292752 bytes,     434000 total
[2020-09-11T15:50:35.764+0000][1][gc,age       ] GC(107) - age   3:      98528 bytes,     532528 total
[2020-09-11T15:50:35.764+0000][1][gc,age       ] GC(107) - age   4:      29160 bytes,     561688 total
[2020-09-11T15:50:35.764+0000][1][gc,age       ] GC(107) - age   5:      24888 bytes,     586576 total
[2020-09-11T15:50:35.764+0000][1][gc,age       ] GC(107) - age   6:     107608 bytes,     694184 total
[2020-09-11T15:50:35.764+0000][1][gc,heap      ] GC(107) ParNew: 68913K->1213K(76672K)
[2020-09-11T15:50:35.764+0000][1][gc,heap      ] GC(107) CMS: 94534K->94554K(439104K)
[2020-09-11T15:50:35.764+0000][1][gc,metaspace ] GC(107) Metaspace: 92958K->92958K(1134592K)
[2020-09-11T15:50:35.764+0000][1][gc           ] GC(107) Pause Young (Allocation Failure) 159M->93M(503M) 4.571ms
[2020-09-11T15:50:35.764+0000][1][gc,cpu       ] GC(107) User=0.00s Sys=0.00s Real=0.01s
[2020-09-11T15:50:35.764+0000][1][safepoint    ] Safepoint "GenCollectForAllocation", Time since last: 930280478 ns, Reaching safepoint: 188346 ns, At safepoint: 4643094 ns, Total: 4831440 ns
[2020-09-11T15:50:36.766+0000][1][safepoint    ] Safepoint "Cleanup", Time since last: 1001699655 ns, Reaching safepoint: 193674 ns, At safepoint: 18028 ns, Total: 211702 ns
[2020-09-11T15:50:37.767+0000][1][safepoint    ] Safepoint "Cleanup", Time since last: 1000129542 ns, Reaching safepoint: 111579 ns, At safepoint: 14478 ns, Total: 126057 ns
[2020-09-11T15:50:38.767+0000][1][safepoint    ] Safepoint "Cleanup", Time since last: 1000156252 ns, Reaching safepoint: 123678 ns, At safepoint: 7257 ns, Total: 130935 ns
[2020-09-11T15:50:41.901+0000][1][safepoint    ] Safepoint "RevokeBias", Time since last: 3133691525 ns, Reaching safepoint: 82772 ns, At safepoint: 21714 ns, Total: 104486 ns
[2020-09-11T15:50:42.011+0000][1][safepoint    ] Safepoint "RevokeBias", Time since last: 110583762 ns, Reaching safepoint: 208298 ns, At safepoint: 23903 ns, Total: 232201 ns
[2020-09-11T15:50:43.821+0000][1][safepoint    ] Safepoint "RevokeBias", Time since last: 1809452862 ns, Reaching safepoint: 89541 ns, At safepoint: 20943 ns, Total: 110484 ns
[2020-09-11T15:50:50.822+0000][1][safepoint    ] Safepoint "Cleanup", Time since last: 7000566908 ns, Reaching safepoint: 80681 ns, At safepoint: 7847 ns, Total: 88528 ns
[2020-09-11T15:50:51.854+0000][1][safepoint    ] Safepoint "RevokeBias", Time since last: 1032575168 ns, Reaching safepoint: 81135 ns, At safepoint: 22262 ns, Total: 103397 ns
[2020-09-11T15:50:51.953+0000][1][safepoint    ] Safepoint "RevokeBias", Time since last: 98347924 ns, Reaching safepoint: 104573 ns, At safepoint: 22952 ns, Total: 127525 ns
[2020-09-11T15:50:52.955+0000][1][safepoint    ] Safepoint "Cleanup", Time since last: 1002049574 ns, Reaching safepoint: 79938 ns, At safepoint: 7273 ns, Total: 87211 ns
[2020-09-11T15:50:53.897+0000][1][safepoint    ] Safepoint "RevokeBias", Time since last: 942247962 ns, Reaching safepoint: 86075 ns, At safepoint: 26274 ns, Total: 112349 ns
[2020-09-11T15:50:54.898+0000][1][safepoint    ] Safepoint "Cleanup", Time since last: 1000173670 ns, Reaching safepoint: 130446 ns, At safepoint: 19144 ns, Total: 149590 ns
[2020-09-11T15:50:55.898+0000][1][safepoint    ] Safepoint "Cleanup", Time since last: 1000183600 ns, Reaching safepoint: 136530 ns, At safepoint: 17537 ns, Total: 154067 ns
[2020-09-11T15:50:56.898+0000][1][safepoint    ] Safepoint "Cleanup", Time since last: 1000231362 ns, Reaching safepoint: 103856 ns, At safepoint: 7735 ns, Total: 111591 ns
[2020-09-11T15:50:57.117+0000][1][gc,start     ] GC(108) Pause Young (Allocation Failure)
[2020-09-11T15:50:57.117+0000][1][gc,task      ] GC(108) Using 1 workers of 1 for evacuation
[2020-09-11T15:50:57.122+0000][1][gc,age       ] GC(108) Desired survivor size 4358144 bytes, new threshold 6 (max threshold 6)
[2020-09-11T15:50:57.122+0000][1][gc,age       ] GC(108) Age table with threshold 6 (max threshold 6)
[2020-09-11T15:50:57.122+0000][1][gc,age       ] GC(108) - age   1:     121608 bytes,     121608 total
[2020-09-11T15:50:57.122+0000][1][gc,age       ] GC(108) - age   2:      99840 bytes,     221448 total
[2020-09-11T15:50:57.122+0000][1][gc,age       ] GC(108) - age   3:     289728 bytes,     511176 total
[2020-09-11T15:50:57.122+0000][1][gc,age       ] GC(108) - age   4:      52088 bytes,     563264 total
[2020-09-11T15:50:57.122+0000][1][gc,age       ] GC(108) - age   5:      21120 bytes,     584384 total
[2020-09-11T15:50:57.122+0000][1][gc,age       ] GC(108) - age   6:      24888 bytes,     609272 total
[2020-09-11T15:50:57.122+0000][1][gc,heap      ] GC(108) ParNew: 69373K->811K(76672K)
[2020-09-11T15:50:57.122+0000][1][gc,heap      ] GC(108) CMS: 94554K->94660K(439104K)
[2020-09-11T15:50:57.122+0000][1][gc,metaspace ] GC(108) Metaspace: 92971K->92971K(1134592K)
[2020-09-11T15:50:57.122+0000][1][gc           ] GC(108) Pause Young (Allocation Failure) 160M->93M(503M) 5.437ms
[2020-09-11T15:50:57.122+0000][1][gc,cpu       ] GC(108) User=0.01s Sys=0.00s Real=0.01s
[2020-09-11T15:50:57.122+0000][1][safepoint    ] Safepoint "GenCollectForAllocation", Time since last: 218447198 ns, Reaching safepoint: 159207 ns, At safepoint: 5508167 ns, Total: 5667374 ns
[2020-09-11T15:50:58.126+0000][1][safepoint    ] Safepoint "Cleanup", Time since last: 1003698062 ns, Reaching safepoint: 206751 ns, At safepoint: 65484 ns, Total: 272235 ns
[2020-09-11T15:50:59.127+0000][1][safepoint    ] Safepoint "Cleanup", Time since last: 1000207527 ns, Reaching safepoint: 138742 ns, At safepoint: 51729 ns, Total: 190471 ns
[2020-09-11T15:51:00.127+0000][1][safepoint    ] Safepoint "Cleanup", Time since last: 1000262239 ns, Reaching safepoint: 149734 ns, At safepoint: 21529 ns, Total: 171263 ns
[2020-09-11T15:51:01.128+0000][1][safepoint    ] Safepoint "Cleanup", Time since last: 1000245073 ns, Reaching safepoint: 99763 ns, At safepoint: 8613 ns, Total: 108376 ns
[2020-09-11T15:51:01.871+0000][1][safepoint    ] Safepoint "RevokeBias", Time since last: 743471174 ns, Reaching safepoint: 104030 ns, At safepoint: 27203 ns, Total: 131233 ns
[2020-09-11T15:51:01.930+0000][1][safepoint    ] Safepoint "RevokeBias", Time since last: 58106490 ns, Reaching safepoint: 172706 ns, At safepoint: 27002 ns, Total: 199708 ns
[2020-09-11T15:51:02.930+0000][1][safepoint    ] Safepoint "Cleanup", Time since last: 1000172709 ns, Reaching safepoint: 146987 ns, At safepoint: 21570 ns, Total: 168557 ns
[2020-09-11T15:51:03.930+0000][1][safepoint    ] Safepoint "Cleanup", Time since last: 1000143442 ns, Reaching safepoint: 79279 ns, At safepoint: 6854 ns, Total: 86133 ns
[2020-09-11T15:51:03.969+0000][1][safepoint    ] Safepoint "RevokeBias", Time since last: 38917401 ns, Reaching safepoint: 80887 ns, At safepoint: 25927 ns, Total: 106814 ns
[2020-09-11T15:51:04.969+0000][1][safepoint    ] Safepoint "Cleanup", Time since last: 1000181127 ns, Reaching safepoint: 102508 ns, At safepoint: 7666 ns, Total: 110174 ns
[2020-09-11T15:51:05.970+0000][1][safepoint    ] Safepoint "Cleanup", Time since last: 1000197417 ns, Reaching safepoint: 99710 ns, At safepoint: 7536 ns, Total: 107246 ns
[2020-09-11T15:51:06.970+0000][1][safepoint    ] Safepoint "Cleanup", Time since last: 1000193064 ns, Reaching safepoint: 105336 ns, At safepoint: 7348 ns, Total: 112684 ns
[2020-09-11T15:51:07.970+0000][1][safepoint    ] Safepoint "Cleanup", Time since last: 1000151372 ns, Reaching safepoint: 142798 ns, At safepoint: 19458 ns, Total: 162256 ns
[2020-09-11T15:51:08.971+0000][1][safepoint    ] Safepoint "Cleanup", Time since last: 1000215861 ns, Reaching safepoint: 97636 ns, At safepoint: 9713 ns, Total: 107349 ns
[2020-09-11T15:51:10.027+0000][1][safepoint    ] Safepoint "Cleanup", Time since last: 1056507453 ns, Reaching safepoint: 99204 ns, At safepoint: 7601 ns, Total: 106805 ns
[2020-09-11T15:51:11.028+0000][1][safepoint    ] Safepoint "Cleanup", Time since last: 1000195503 ns, Reaching safepoint: 100015 ns, At safepoint: 9349 ns, Total: 109364 ns
[2020-09-11T15:51:11.879+0000][1][safepoint    ] Safepoint "RevokeBias", Time since last: 851063118 ns, Reaching safepoint: 85849 ns, At safepoint: 22542 ns, Total: 108391 ns
[2020-09-11T15:51:11.906+0000][1][safepoint    ] Safepoint "RevokeBias", Time since last: 27075163 ns, Reaching safepoint: 228989 ns, At safepoint: 24033 ns, Total: 253022 ns
[2020-09-11T15:51:12.906+0000][1][safepoint    ] Safepoint "Cleanup", Time since last: 1000117158 ns, Reaching safepoint: 129601 ns, At safepoint: 18035 ns, Total: 147636 ns
[2020-09-11T15:51:13.871+0000][1][safepoint    ] Safepoint "RevokeBias", Time since last: 964932816 ns, Reaching safepoint: 80479 ns, At safepoint: 21059 ns, Total: 101538 ns
[2020-09-11T15:51:14.872+0000][1][safepoint    ] Safepoint "Cleanup", Time since last: 1000182109 ns, Reaching safepoint: 106775 ns, At safepoint: 7744 ns, Total: 114519 ns
[2020-09-11T15:51:15.872+0000][1][safepoint    ] Safepoint "Cleanup", Time since last: 1000136247 ns, Reaching safepoint: 132313 ns, At safepoint: 17845 ns, Total: 150158 ns
[2020-09-11T15:51:16.872+0000][1][safepoint    ] Safepoint "Cleanup", Time since last: 1000205202 ns, Reaching safepoint: 98373 ns, At safepoint: 7188 ns, Total: 105561 ns
[2020-09-11T15:51:17.873+0000][1][safepoint    ] Safepoint "Cleanup", Time since last: 1000174858 ns, Reaching safepoint: 97960 ns, At safepoint: 8169 ns, Total: 106129 ns
[2020-09-11T15:51:18.873+0000][1][safepoint    ] Safepoint "Cleanup", Time since last: 1000209568 ns, Reaching safepoint: 64328 ns, At safepoint: 7194 ns, Total: 71522 ns
[2020-09-11T15:51:19.875+0000][1][safepoint    ] Safepoint "Cleanup", Time since last: 1001507513 ns, Reaching safepoint: 153629 ns, At safepoint: 15185 ns, Total: 168814 ns
[2020-09-11T15:51:19.929+0000][1][gc,start     ] GC(109) Pause Young (Allocation Failure)
[2020-09-11T15:51:19.929+0000][1][gc,task      ] GC(109) Using 1 workers of 1 for evacuation
[2020-09-11T15:51:19.934+0000][1][gc,age       ] GC(109) Desired survivor size 4358144 bytes, new threshold 6 (max threshold 6)
[2020-09-11T15:51:19.934+0000][1][gc,age       ] GC(109) Age table with threshold 6 (max threshold 6)
[2020-09-11T15:51:19.934+0000][1][gc,age       ] GC(109) - age   1:     318696 bytes,     318696 total
[2020-09-11T15:51:19.934+0000][1][gc,age       ] GC(109) - age   2:      82344 bytes,     401040 total
[2020-09-11T15:51:19.934+0000][1][gc,age       ] GC(109) - age   3:      91880 bytes,     492920 total
[2020-09-11T15:51:19.934+0000][1][gc,age       ] GC(109) - age   4:      74224 bytes,     567144 total
[2020-09-11T15:51:19.934+0000][1][gc,age       ] GC(109) - age   5:      50208 bytes,     617352 total
[2020-09-11T15:51:19.934+0000][1][gc,age       ] GC(109) - age   6:      21120 bytes,     638472 total
[2020-09-11T15:51:19.935+0000][1][gc,heap      ] GC(109) ParNew: 68971K->1095K(76672K)
[2020-09-11T15:51:19.935+0000][1][gc,heap      ] GC(109) CMS: 94660K->94684K(439104K)
[2020-09-11T15:51:19.935+0000][1][gc,metaspace ] GC(109) Metaspace: 92989K->92989K(1134592K)
[2020-09-11T15:51:19.935+0000][1][gc           ] GC(109) Pause Young (Allocation Failure) 159M->93M(503M) 5.774ms
[2020-09-11T15:51:19.935+0000][1][gc,cpu       ] GC(109) User=0.01s Sys=0.00s Real=0.01s
[2020-09-11T15:51:19.935+0000][1][safepoint    ] Safepoint "GenCollectForAllocation", Time since last: 54014476 ns, Reaching safepoint: 233068 ns, At safepoint: 5842717 ns, Total: 6075785 ns
[2020-09-11T15:51:20.938+0000][1][safepoint    ] Safepoint "Cleanup", Time since last: 1003077266 ns, Reaching safepoint: 84329 ns, At safepoint: 9095 ns, Total: 93424 ns
[2020-09-11T15:51:21.857+0000][1][safepoint    ] Safepoint "RevokeBias", Time since last: 918853469 ns, Reaching safepoint: 94364 ns, At safepoint: 51054 ns, Total: 145418 ns
[2020-09-11T15:51:21.924+0000][1][safepoint    ] Safepoint "RevokeBias", Time since last: 67441035 ns, Reaching safepoint: 82731 ns, At safepoint: 25365 ns, Total: 108096 ns
[2020-09-11T15:51:22.925+0000][1][safepoint    ] Safepoint "Cleanup", Time since last: 1000169079 ns, Reaching safepoint: 94534 ns, At safepoint: 9009 ns, Total: 103543 ns
[2020-09-11T15:51:23.883+0000][1][safepoint    ] Safepoint "RevokeBias", Time since last: 958435390 ns, Reaching safepoint: 92336 ns, At safepoint: 22017 ns, Total: 114353 ns
[2020-09-11T15:51:24.883+0000][1][safepoint    ] Safepoint "Cleanup", Time since last: 1000176700 ns, Reaching safepoint: 124585 ns, At safepoint: 8069 ns, Total: 132654 ns
[2020-09-11T15:51:25.884+0000][1][safepoint    ] Safepoint "Cleanup", Time since last: 1000174495 ns, Reaching safepoint: 129617 ns, At safepoint: 18740 ns, Total: 148357 ns
[2020-09-11T15:51:26.884+0000][1][safepoint    ] Safepoint "Cleanup", Time since last: 1000178552 ns, Reaching safepoint: 113464 ns, At safepoint: 8147 ns, Total: 121611 ns
[2020-09-11T15:51:27.884+0000][1][safepoint    ] Safepoint "Cleanup", Time since last: 1000143336 ns, Reaching safepoint: 110697 ns, At safepoint: 8067 ns, Total: 118764 ns
[2020-09-11T15:51:28.885+0000][1][safepoint    ] Safepoint "Cleanup", Time since last: 1000143213 ns, Reaching safepoint: 116127 ns, At safepoint: 6724 ns, Total: 122851 ns
[2020-09-11T15:51:29.897+0000][1][safepoint    ] Safepoint "Cleanup", Time since last: 1012183346 ns, Reaching safepoint: 151876 ns, At safepoint: 18078 ns, Total: 169954 ns
[2020-09-11T15:51:30.897+0000][1][safepoint    ] Safepoint "Cleanup", Time since last: 1000249989 ns, Reaching safepoint: 94069 ns, At safepoint: 7288 ns, Total: 101357 ns
[2020-09-11T15:51:31.863+0000][1][safepoint    ] Safepoint "RevokeBias", Time since last: 965719354 ns, Reaching safepoint: 84260 ns, At safepoint: 23207 ns, Total: 107467 ns
[2020-09-11T15:51:31.940+0000][1][safepoint    ] Safepoint "BulkRevokeBias", Time since last: 76866600 ns, Reaching safepoint: 87741 ns, At safepoint: 210121 ns, Total: 297862 ns
[2020-09-11T15:51:32.941+0000][1][safepoint    ] Safepoint "Cleanup", Time since last: 1000171281 ns, Reaching safepoint: 96163 ns, At safepoint: 7421 ns, Total: 103584 ns
[2020-09-11T15:51:33.782+0000][1][safepoint    ] Safepoint "RevokeBias", Time since last: 841717593 ns, Reaching safepoint: 92700 ns, At safepoint: 27476 ns, Total: 120176 ns
[2020-09-11T15:51:34.783+0000][1][safepoint    ] Safepoint "Cleanup", Time since last: 1000227407 ns, Reaching safepoint: 132123 ns, At safepoint: 20333 ns, Total: 152456 ns
[2020-09-11T15:51:35.783+0000][1][safepoint    ] Safepoint "Cleanup", Time since last: 1000191204 ns, Reaching safepoint: 94791 ns, At safepoint: 8104 ns, Total: 102895 ns
[2020-09-11T15:51:36.783+0000][1][safepoint    ] Safepoint "Cleanup", Time since last: 1000160746 ns, Reaching safepoint: 145177 ns, At safepoint: 19017 ns, Total: 164194 ns
[2020-09-11T15:51:37.784+0000][1][safepoint    ] Safepoint "Cleanup", Time since last: 1000211753 ns, Reaching safepoint: 96117 ns, At safepoint: 9193 ns, Total: 105310 ns
[2020-09-11T15:51:38.784+0000][1][safepoint    ] Safepoint "Cleanup", Time since last: 1000234285 ns, Reaching safepoint: 130085 ns, At safepoint: 19004 ns, Total: 149089 ns
[2020-09-11T15:51:39.796+0000][1][safepoint    ] Safepoint "Cleanup", Time since last: 1012059426 ns, Reaching safepoint: 114366 ns, At safepoint: 8060 ns, Total: 122426 ns
[2020-09-11T15:51:40.797+0000][1][safepoint    ] Safepoint "Cleanup", Time since last: 1000126793 ns, Reaching safepoint: 117247 ns, At safepoint: 7516 ns, Total: 124763 ns
[2020-09-11T15:51:41.797+0000][1][safepoint    ] Safepoint "Cleanup", Time since last: 1000158651 ns, Reaching safepoint: 127124 ns, At safepoint: 20250 ns, Total: 147374 ns
[2020-09-11T15:51:41.843+0000][1][safepoint    ] Safepoint "RevokeBias", Time since last: 45643597 ns, Reaching safepoint: 87149 ns, At safepoint: 23987 ns, Total: 111136 ns
[2020-09-11T15:51:41.912+0000][1][safepoint    ] Safepoint "RevokeBias", Time since last: 69386059 ns, Reaching safepoint: 212227 ns, At safepoint: 29100 ns, Total: 241327 ns
[2020-09-11T15:51:42.913+0000][1][safepoint    ] Safepoint "Cleanup", Time since last: 1000138363 ns, Reaching safepoint: 114602 ns, At safepoint: 9291 ns, Total: 123893 ns
[2020-09-11T15:51:43.627+0000][1][gc,start     ] GC(110) Pause Young (Allocation Failure)
[2020-09-11T15:51:43.627+0000][1][gc,task      ] GC(110) Using 1 workers of 1 for evacuation
[2020-09-11T15:51:43.634+0000][1][gc,age       ] GC(110) Desired survivor size 4358144 bytes, new threshold 6 (max threshold 6)
[2020-09-11T15:51:43.634+0000][1][gc,age       ] GC(110) Age table with threshold 6 (max threshold 6)
[2020-09-11T15:51:43.634+0000][1][gc,age       ] GC(110) - age   1:     174304 bytes,     174304 total
[2020-09-11T15:51:43.634+0000][1][gc,age       ] GC(110) - age   2:     263264 bytes,     437568 total
[2020-09-11T15:51:43.634+0000][1][gc,age       ] GC(110) - age   3:      78352 bytes,     515920 total
[2020-09-11T15:51:43.634+0000][1][gc,age       ] GC(110) - age   4:      71592 bytes,     587512 total
[2020-09-11T15:51:43.634+0000][1][gc,age       ] GC(110) - age   5:      19792 bytes,     607304 total
[2020-09-11T15:51:43.634+0000][1][gc,age       ] GC(110) - age   6:      50208 bytes,     657512 total
[2020-09-11T15:51:43.635+0000][1][gc,heap      ] GC(110) ParNew: 69255K->741K(76672K)
[2020-09-11T15:51:43.635+0000][1][gc,heap      ] GC(110) CMS: 94684K->94703K(439104K)
[2020-09-11T15:51:43.635+0000][1][gc,metaspace ] GC(110) Metaspace: 93062K->93062K(1134592K)
[2020-09-11T15:51:43.635+0000][1][gc           ] GC(110) Pause Young (Allocation Failure) 160M->93M(503M) 7.883ms
[2020-09-11T15:51:43.635+0000][1][gc,cpu       ] GC(110) User=0.00s Sys=0.00s Real=0.01s
[2020-09-11T15:51:43.637+0000][1][safepoint    ] Safepoint "GenCollectForAllocation", Time since last: 710068915 ns, Reaching safepoint: 4086625 ns, At safepoint: 10119741 ns, Total: 14206366 ns
[2020-09-11T15:51:43.916+0000][1][safepoint    ] Safepoint "RevokeBias", Time since last: 279393438 ns, Reaching safepoint: 92358 ns, At safepoint: 22886 ns, Total: 115244 ns
[2020-09-11T15:51:44.917+0000][1][safepoint    ] Safepoint "Cleanup", Time since last: 1000184486 ns, Reaching safepoint: 108760 ns, At safepoint: 8199 ns, Total: 116959 ns
[2020-09-11T15:51:45.917+0000][1][safepoint    ] Safepoint "Cleanup", Time since last: 1000172392 ns, Reaching safepoint: 118028 ns, At safepoint: 17800 ns, Total: 135828 ns
[2020-09-11T15:51:46.917+0000][1][safepoint    ] Safepoint "Cleanup", Time since last: 1000217852 ns, Reaching safepoint: 91322 ns, At safepoint: 7427 ns, Total: 98749 ns
[2020-09-11T15:51:47.918+0000][1][safepoint    ] Safepoint "Cleanup", Time since last: 1000177449 ns, Reaching safepoint: 119337 ns, At safepoint: 18085 ns, Total: 137422 ns
[2020-09-11T15:51:48.918+0000][1][safepoint    ] Safepoint "Cleanup", Time since last: 1000209742 ns, Reaching safepoint: 86188 ns, At safepoint: 7640 ns, Total: 93828 ns
[2020-09-11T15:51:49.929+0000][1][safepoint    ] Safepoint "Cleanup", Time since last: 1010782631 ns, Reaching safepoint: 178038 ns, At safepoint: 17420 ns, Total: 195458 ns
[2020-09-11T15:51:50.929+0000][1][safepoint    ] Safepoint "Cleanup", Time since last: 1000219225 ns, Reaching safepoint: 139974 ns, At safepoint: 18923 ns, Total: 158897 ns
[2020-09-11T15:51:51.847+0000][1][safepoint    ] Safepoint "RevokeBias", Time since last: 917231974 ns, Reaching safepoint: 82143 ns, At safepoint: 22186 ns, Total: 104329 ns
[2020-09-11T15:51:51.935+0000][1][safepoint    ] Safepoint "RevokeBias", Time since last: 88384263 ns, Reaching safepoint: 161527 ns, At safepoint: 49764 ns, Total: 211291 ns
[2020-09-11T15:51:52.935+0000][1][safepoint    ] Safepoint "Cleanup", Time since last: 1000204974 ns, Reaching safepoint: 98440 ns, At safepoint: 8403 ns, Total: 106843 ns
[2020-09-11T15:51:53.876+0000][1][safepoint    ] Safepoint "RevokeBias", Time since last: 940376182 ns, Reaching safepoint: 287316 ns, At safepoint: 52189 ns, Total: 339505 ns
[2020-09-11T15:51:54.876+0000][1][safepoint    ] Safepoint "Cleanup", Time since last: 1000207053 ns, Reaching safepoint: 116167 ns, At safepoint: 8166 ns, Total: 124333 ns
[2020-09-11T15:51:55.877+0000][1][safepoint    ] Safepoint "Cleanup", Time since last: 1000169236 ns, Reaching safepoint: 161801 ns, At safepoint: 18673 ns, Total: 180474 ns
[2020-09-11T15:51:56.877+0000][1][safepoint    ] Safepoint "Cleanup", Time since last: 1000212010 ns, Reaching safepoint: 148634 ns, At safepoint: 17982 ns, Total: 166616 ns
[2020-09-11T15:51:57.878+0000][1][safepoint    ] Safepoint "Cleanup", Time since last: 1000207350 ns, Reaching safepoint: 157919 ns, At safepoint: 20350 ns, Total: 178269 ns
[2020-09-11T15:51:58.878+0000][1][safepoint    ] Safepoint "Cleanup", Time since last: 1000247649 ns, Reaching safepoint: 139574 ns, At safepoint: 18726 ns, Total: 158300 ns
[2020-09-11T15:51:59.882+0000][1][safepoint    ] Safepoint "Cleanup", Time since last: 1004041120 ns, Reaching safepoint: 135210 ns, At safepoint: 18068 ns, Total: 153278 ns
[2020-09-11T15:52:00.883+0000][1][safepoint    ] Safepoint "Cleanup", Time since last: 1000233585 ns, Reaching safepoint: 128060 ns, At safepoint: 19588 ns, Total: 147648 ns
[2020-09-11T15:52:01.884+0000][1][safepoint    ] Safepoint "Cleanup", Time since last: 1000652548 ns, Reaching safepoint: 434299 ns, At safepoint: 30868 ns, Total: 465167 ns
[2020-09-11T15:52:01.896+0000][1][safepoint    ] Safepoint "RevokeBias", Time since last: 12333787 ns, Reaching safepoint: 136290 ns, At safepoint: 29097 ns, Total: 165387 ns
[2020-09-11T15:52:01.926+0000][1][safepoint    ] Safepoint "RevokeBias", Time since last: 29542892 ns, Reaching safepoint: 91802 ns, At safepoint: 26587 ns, Total: 118389 ns
[2020-09-11T15:52:02.926+0000][1][safepoint    ] Safepoint "Cleanup", Time since last: 1000183646 ns, Reaching safepoint: 142583 ns, At safepoint: 19218 ns, Total: 161801 ns
[2020-09-11T15:52:03.309+0000][1][gc,start     ] GC(111) Pause Young (Allocation Failure)
[2020-09-11T15:52:03.309+0000][1][gc,task      ] GC(111) Using 1 workers of 1 for evacuation
[2020-09-11T15:52:03.314+0000][1][gc,age       ] GC(111) Desired survivor size 4358144 bytes, new threshold 6 (max threshold 6)
[2020-09-11T15:52:03.314+0000][1][gc,age       ] GC(111) Age table with threshold 6 (max threshold 6)
[2020-09-11T15:52:03.314+0000][1][gc,age       ] GC(111) - age   1:     100800 bytes,     100800 total
[2020-09-11T15:52:03.314+0000][1][gc,age       ] GC(111) - age   2:     113088 bytes,     213888 total
[2020-09-11T15:52:03.314+0000][1][gc,age       ] GC(111) - age   3:     258304 bytes,     472192 total
[2020-09-11T15:52:03.314+0000][1][gc,age       ] GC(111) - age   4:      69904 bytes,     542096 total
[2020-09-11T15:52:03.314+0000][1][gc,age       ] GC(111) - age   5:      57248 bytes,     599344 total
[2020-09-11T15:52:03.314+0000][1][gc,age       ] GC(111) - age   6:      19792 bytes,     619136 total
[2020-09-11T15:52:03.314+0000][1][gc,heap      ] GC(111) ParNew: 68901K->1148K(76672K)
[2020-09-11T15:52:03.314+0000][1][gc,heap      ] GC(111) CMS: 94703K->94752K(439104K)
[2020-09-11T15:52:03.314+0000][1][gc,metaspace ] GC(111) Metaspace: 93115K->93115K(1134592K)
[2020-09-11T15:52:03.314+0000][1][gc           ] GC(111) Pause Young (Allocation Failure) 159M->93M(503M) 5.028ms
[2020-09-11T15:52:03.314+0000][1][gc,cpu       ] GC(111) User=0.00s Sys=0.00s Real=0.01s
[2020-09-11T15:52:03.314+0000][1][safepoint    ] Safepoint "GenCollectForAllocation", Time since last: 382636393 ns, Reaching safepoint: 76657 ns, At safepoint: 5094601 ns, Total: 5171258 ns
[2020-09-11T15:52:03.848+0000][1][safepoint    ] Safepoint "RevokeBias", Time since last: 534251107 ns, Reaching safepoint: 179936 ns, At safepoint: 50920 ns, Total: 230856 ns
[2020-09-11T15:52:08.849+0000][1][safepoint    ] Safepoint "Cleanup", Time since last: 5000657496 ns, Reaching safepoint: 120862 ns, At safepoint: 7911 ns, Total: 128773 ns
[2020-09-11T15:52:11.874+0000][1][safepoint    ] Safepoint "Cleanup", Time since last: 3024450472 ns, Reaching safepoint: 236325 ns, At safepoint: 20353 ns, Total: 256678 ns
[2020-09-11T15:52:11.903+0000][1][safepoint    ] Safepoint "RevokeBias", Time since last: 28530428 ns, Reaching safepoint: 86700 ns, At safepoint: 23583 ns, Total: 110283 ns
[2020-09-11T15:52:11.943+0000][1][safepoint    ] Safepoint "RevokeBias", Time since last: 39830152 ns, Reaching safepoint: 284693 ns, At safepoint: 51201 ns, Total: 335894 ns
[2020-09-11T15:52:12.943+0000][1][safepoint    ] Safepoint "Cleanup", Time since last: 1000203714 ns, Reaching safepoint: 103593 ns, At safepoint: 9537 ns, Total: 113130 ns
[2020-09-11T15:52:13.822+0000][1][safepoint    ] Safepoint "RevokeBias", Time since last: 878892303 ns, Reaching safepoint: 168962 ns, At safepoint: 30416 ns, Total: 199378 ns
[2020-09-11T15:52:14.822+0000][1][safepoint    ] Safepoint "Cleanup", Time since last: 1000174133 ns, Reaching safepoint: 103527 ns, At safepoint: 8688 ns, Total: 112215 ns
[2020-09-11T15:52:15.823+0000][1][safepoint    ] Safepoint "Cleanup", Time since last: 1000191478 ns, Reaching safepoint: 102669 ns, At safepoint: 7861 ns, Total: 110530 ns
[2020-09-11T15:52:16.823+0000][1][safepoint    ] Safepoint "Cleanup", Time since last: 1000189414 ns, Reaching safepoint: 98611 ns, At safepoint: 8283 ns, Total: 106894 ns
[2020-09-11T15:52:17.823+0000][1][safepoint    ] Safepoint "Cleanup", Time since last: 1000199776 ns, Reaching safepoint: 97820 ns, At safepoint: 8026 ns, Total: 105846 ns
[2020-09-11T15:52:18.824+0000][1][safepoint    ] Safepoint "Cleanup", Time since last: 1000176039 ns, Reaching safepoint: 145491 ns, At safepoint: 19297 ns, Total: 164788 ns
[2020-09-11T15:52:19.827+0000][1][safepoint    ] Safepoint "Cleanup", Time since last: 1002663149 ns, Reaching safepoint: 104472 ns, At safepoint: 8406 ns, Total: 112878 ns
[2020-09-11T15:52:20.827+0000][1][safepoint    ] Safepoint "Cleanup", Time since last: 1000193305 ns, Reaching safepoint: 108068 ns, At safepoint: 10491 ns, Total: 118559 ns
[2020-09-11T15:52:21.827+0000][1][safepoint    ] Safepoint "Cleanup", Time since last: 1000187135 ns, Reaching safepoint: 145757 ns, At safepoint: 18914 ns, Total: 164671 ns
[2020-09-11T15:52:21.872+0000][1][safepoint    ] Safepoint "RevokeBias", Time since last: 44563273 ns, Reaching safepoint: 166482 ns, At safepoint: 50149 ns, Total: 216631 ns
[2020-09-11T15:52:21.916+0000][1][safepoint    ] Safepoint "RevokeBias", Time since last: 44367808 ns, Reaching safepoint: 90724 ns, At safepoint: 26492 ns, Total: 117216 ns
[2020-09-11T15:52:22.917+0000][1][safepoint    ] Safepoint "Cleanup", Time since last: 1000181658 ns, Reaching safepoint: 100991 ns, At safepoint: 8757 ns, Total: 109748 ns
[2020-09-11T15:52:23.825+0000][1][gc,start     ] GC(112) Pause Young (Allocation Failure)
[2020-09-11T15:52:23.825+0000][1][gc,task      ] GC(112) Using 1 workers of 1 for evacuation
[2020-09-11T15:52:23.829+0000][1][gc,age       ] GC(112) Desired survivor size 4358144 bytes, new threshold 6 (max threshold 6)
[2020-09-11T15:52:23.830+0000][1][gc,age       ] GC(112) Age table with threshold 6 (max threshold 6)
[2020-09-11T15:52:23.830+0000][1][gc,age       ] GC(112) - age   1:     224376 bytes,     224376 total
[2020-09-11T15:52:23.830+0000][1][gc,age       ] GC(112) - age   2:      61328 bytes,     285704 total
[2020-09-11T15:52:23.830+0000][1][gc,age       ] GC(112) - age   3:     107488 bytes,     393192 total
[2020-09-11T15:52:23.830+0000][1][gc,age       ] GC(112) - age   4:     258304 bytes,     651496 total
[2020-09-11T15:52:23.830+0000][1][gc,age       ] GC(112) - age   5:      17848 bytes,     669344 total
[2020-09-11T15:52:23.830+0000][1][gc,age       ] GC(112) - age   6:      24384 bytes,     693728 total
[2020-09-11T15:52:23.830+0000][1][gc,heap      ] GC(112) ParNew: 69308K->740K(76672K)
[2020-09-11T15:52:23.830+0000][1][gc,heap      ] GC(112) CMS: 94752K->94772K(439104K)
[2020-09-11T15:52:23.830+0000][1][gc,metaspace ] GC(112) Metaspace: 93125K->93125K(1134592K)
[2020-09-11T15:52:23.830+0000][1][gc           ] GC(112) Pause Young (Allocation Failure) 160M->93M(503M) 4.786ms
[2020-09-11T15:52:23.830+0000][1][gc,cpu       ] GC(112) User=0.01s Sys=0.00s Real=0.00s
[2020-09-11T15:52:23.831+0000][1][safepoint    ] Safepoint "GenCollectForAllocation", Time since last: 907973789 ns, Reaching safepoint: 102167 ns, At safepoint: 6571873 ns, Total: 6674040 ns
[2020-09-11T15:52:23.912+0000][1][safepoint    ] Safepoint "RevokeBias", Time since last: 80638263 ns, Reaching safepoint: 158591 ns, At safepoint: 49072 ns, Total: 207663 ns
[2020-09-11T15:52:24.913+0000][1][safepoint    ] Safepoint "Cleanup", Time since last: 1000199989 ns, Reaching safepoint: 99683 ns, At safepoint: 7984 ns, Total: 107667 ns
[2020-09-11T15:52:25.913+0000][1][safepoint    ] Safepoint "Cleanup", Time since last: 1000173429 ns, Reaching safepoint: 130944 ns, At safepoint: 8964 ns, Total: 139908 ns
[2020-09-11T15:52:26.913+0000][1][safepoint    ] Safepoint "Cleanup", Time since last: 1000131498 ns, Reaching safepoint: 134682 ns, At safepoint: 17721 ns, Total: 152403 ns
[2020-09-11T15:52:27.913+0000][1][safepoint    ] Safepoint "Cleanup", Time since last: 1000197151 ns, Reaching safepoint: 131572 ns, At safepoint: 19221 ns, Total: 150793 ns
[2020-09-11T15:52:28.914+0000][1][safepoint    ] Safepoint "Cleanup", Time since last: 1000215370 ns, Reaching safepoint: 102710 ns, At safepoint: 9280 ns, Total: 111990 ns
[2020-09-11T15:52:29.943+0000][1][safepoint    ] Safepoint "Cleanup", Time since last: 1029354092 ns, Reaching safepoint: 143061 ns, At safepoint: 19391 ns, Total: 162452 ns
[2020-09-11T15:52:30.944+0000][1][safepoint    ] Safepoint "Cleanup", Time since last: 1000220601 ns, Reaching safepoint: 132266 ns, At safepoint: 19535 ns, Total: 151801 ns
[2020-09-11T15:52:31.944+0000][1][safepoint    ] Safepoint "Cleanup", Time since last: 1000192212 ns, Reaching safepoint: 229901 ns, At safepoint: 20507 ns, Total: 250408 ns
[2020-09-11T15:52:31.957+0000][1][safepoint    ] Safepoint "RevokeBias", Time since last: 12762883 ns, Reaching safepoint: 246509 ns, At safepoint: 337217 ns, Total: 583726 ns
[2020-09-11T15:52:31.968+0000][1][safepoint    ] Safepoint "RevokeBias", Time since last: 10728966 ns, Reaching safepoint: 114720 ns, At safepoint: 29354 ns, Total: 144074 ns
[2020-09-11T15:52:32.969+0000][1][safepoint    ] Safepoint "Cleanup", Time since last: 1000151132 ns, Reaching safepoint: 112451 ns, At safepoint: 9596 ns, Total: 122047 ns
[2020-09-11T15:52:33.860+0000][1][safepoint    ] Safepoint "RevokeBias", Time since last: 890867635 ns, Reaching safepoint: 92604 ns, At safepoint: 22626 ns, Total: 115230 ns
[2020-09-11T15:52:34.860+0000][1][safepoint    ] Safepoint "Cleanup", Time since last: 1000173038 ns, Reaching safepoint: 108974 ns, At safepoint: 9533 ns, Total: 118507 ns
[2020-09-11T15:52:35.860+0000][1][safepoint    ] Safepoint "Cleanup", Time since last: 1000189134 ns, Reaching safepoint: 107618 ns, At safepoint: 7744 ns, Total: 115362 ns
[2020-09-11T15:52:36.861+0000][1][safepoint    ] Safepoint "Cleanup", Time since last: 1000196326 ns, Reaching safepoint: 165633 ns, At safepoint: 21663 ns, Total: 187296 ns
[2020-09-11T15:52:37.861+0000][1][safepoint    ] Safepoint "Cleanup", Time since last: 1000374684 ns, Reaching safepoint: 149596 ns, At safepoint: 19054 ns, Total: 168650 ns
[2020-09-11T15:52:38.862+0000][1][safepoint    ] Safepoint "Cleanup", Time since last: 1000213527 ns, Reaching safepoint: 144027 ns, At safepoint: 19294 ns, Total: 163321 ns
[2020-09-11T15:52:39.876+0000][1][safepoint    ] Safepoint "Cleanup", Time since last: 1014873210 ns, Reaching safepoint: 93657 ns, At safepoint: 7183 ns, Total: 100840 ns
[2020-09-11T15:52:40.877+0000][1][safepoint    ] Safepoint "Cleanup", Time since last: 1000113228 ns, Reaching safepoint: 83030 ns, At safepoint: 7739 ns, Total: 90769 ns
[2020-09-11T15:52:41.852+0000][1][safepoint    ] Safepoint "RevokeBias", Time since last: 975066951 ns, Reaching safepoint: 88207 ns, At safepoint: 22922 ns, Total: 111129 ns
[2020-09-11T15:52:41.944+0000][1][safepoint    ] Safepoint "RevokeBias", Time since last: 92051041 ns, Reaching safepoint: 98802 ns, At safepoint: 22485 ns, Total: 121287 ns
[2020-09-11T15:52:42.944+0000][1][safepoint    ] Safepoint "Cleanup", Time since last: 1000106511 ns, Reaching safepoint: 75542 ns, At safepoint: 7449 ns, Total: 82991 ns
[2020-09-11T15:52:43.645+0000][1][gc,start     ] GC(113) Pause Young (Allocation Failure)
[2020-09-11T15:52:43.645+0000][1][gc,task      ] GC(113) Using 1 workers of 1 for evacuation
[2020-09-11T15:52:43.654+0000][1][gc,age       ] GC(113) Desired survivor size 4358144 bytes, new threshold 6 (max threshold 6)
[2020-09-11T15:52:43.654+0000][1][gc,age       ] GC(113) Age table with threshold 6 (max threshold 6)
[2020-09-11T15:52:43.654+0000][1][gc,age       ] GC(113) - age   1:     357512 bytes,     357512 total
[2020-09-11T15:52:43.654+0000][1][gc,age       ] GC(113) - age   2:     184840 bytes,     542352 total
[2020-09-11T15:52:43.654+0000][1][gc,age       ] GC(113) - age   3:      55000 bytes,     597352 total
[2020-09-11T15:52:43.654+0000][1][gc,age       ] GC(113) - age   4:     104424 bytes,     701776 total
[2020-09-11T15:52:43.654+0000][1][gc,age       ] GC(113) - age   5:      23776 bytes,     725552 total
[2020-09-11T15:52:43.654+0000][1][gc,age       ] GC(113) - age   6:      15728 bytes,     741280 total
[2020-09-11T15:52:43.654+0000][1][gc,heap      ] GC(113) ParNew: 68900K->1201K(76672K)
[2020-09-11T15:52:43.654+0000][1][gc,heap      ] GC(113) CMS: 94772K->94796K(439104K)
[2020-09-11T15:52:43.654+0000][1][gc,metaspace ] GC(113) Metaspace: 93143K->93143K(1134592K)
[2020-09-11T15:52:43.654+0000][1][gc           ] GC(113) Pause Young (Allocation Failure) 159M->93M(503M) 9.589ms
[2020-09-11T15:52:43.654+0000][1][gc,cpu       ] GC(113) User=0.01s Sys=0.00s Real=0.01s
[2020-09-11T15:52:43.657+0000][1][safepoint    ] Safepoint "GenCollectForAllocation", Time since last: 699730637 ns, Reaching safepoint: 893108 ns, At safepoint: 11947735 ns, Total: 12840843 ns
[2020-09-11T15:52:43.986+0000][1][safepoint    ] Safepoint "RevokeBias", Time since last: 328710773 ns, Reaching safepoint: 90335 ns, At safepoint: 22784 ns, Total: 113119 ns
[2020-09-11T15:52:44.986+0000][1][safepoint    ] Safepoint "Cleanup", Time since last: 1000123717 ns, Reaching safepoint: 82817 ns, At safepoint: 10168 ns, Total: 92985 ns
[2020-09-11T15:52:45.986+0000][1][safepoint    ] Safepoint "Cleanup", Time since last: 1000110481 ns, Reaching safepoint: 80079 ns, At safepoint: 9949 ns, Total: 90028 ns
[2020-09-11T15:52:46.986+0000][1][safepoint    ] Safepoint "Cleanup", Time since last: 1000118184 ns, Reaching safepoint: 82316 ns, At safepoint: 8107 ns, Total: 90423 ns
[2020-09-11T15:52:47.986+0000][1][safepoint    ] Safepoint "Cleanup", Time since last: 1000120336 ns, Reaching safepoint: 78030 ns, At safepoint: 11113 ns, Total: 89143 ns
[2020-09-11T15:52:48.987+0000][1][safepoint    ] Safepoint "Cleanup", Time since last: 1000110802 ns, Reaching safepoint: 77798 ns, At safepoint: 11275 ns, Total: 89073 ns
[2020-09-11T15:52:49.987+0000][1][safepoint    ] Safepoint "Cleanup", Time since last: 1000108518 ns, Reaching safepoint: 88099 ns, At safepoint: 10707 ns, Total: 98806 ns
[2020-09-11T15:52:50.987+0000][1][safepoint    ] Safepoint "Cleanup", Time since last: 1000112967 ns, Reaching safepoint: 73865 ns, At safepoint: 8120 ns, Total: 81985 ns
[2020-09-11T15:52:51.898+0000][1][safepoint    ] Safepoint "RevokeBias", Time since last: 910588160 ns, Reaching safepoint: 86086 ns, At safepoint: 20648 ns, Total: 106734 ns
[2020-09-11T15:52:51.932+0000][1][safepoint    ] Safepoint "RevokeBias", Time since last: 34350231 ns, Reaching safepoint: 88333 ns, At safepoint: 22672 ns, Total: 111005 ns
[2020-09-11T15:52:53.985+0000][1][safepoint    ] Safepoint "RevokeBias", Time since last: 2052798859 ns, Reaching safepoint: 141972 ns, At safepoint: 27869 ns, Total: 169841 ns
[2020-09-11T15:52:57.986+0000][1][safepoint    ] Safepoint "Cleanup", Time since last: 4000345771 ns, Reaching safepoint: 99129 ns, At safepoint: 8974 ns, Total: 108103 ns
[2020-09-11T15:52:59.986+0000][1][safepoint    ] Safepoint "Cleanup", Time since last: 2000184852 ns, Reaching safepoint: 83115 ns, At safepoint: 11949 ns, Total: 95064 ns
[2020-09-11T15:53:01.895+0000][1][safepoint    ] Safepoint "RevokeBias", Time since last: 1908982072 ns, Reaching safepoint: 104360 ns, At safepoint: 22263 ns, Total: 126623 ns
[2020-09-11T15:53:01.977+0000][1][safepoint    ] Safepoint "BulkRevokeBias", Time since last: 81447021 ns, Reaching safepoint: 155849 ns, At safepoint: 241609 ns, Total: 397458 ns
[2020-09-11T15:53:03.807+0000][1][gc,start     ] GC(114) Pause Young (Allocation Failure)
[2020-09-11T15:53:03.807+0000][1][gc,task      ] GC(114) Using 1 workers of 1 for evacuation
[2020-09-11T15:53:03.821+0000][1][gc,age       ] GC(114) Desired survivor size 4358144 bytes, new threshold 6 (max threshold 6)
[2020-09-11T15:53:03.821+0000][1][gc,age       ] GC(114) Age table with threshold 6 (max threshold 6)
[2020-09-11T15:53:03.821+0000][1][gc,age       ] GC(114) - age   1:     142544 bytes,     142544 total
[2020-09-11T15:53:03.821+0000][1][gc,age       ] GC(114) - age   2:     299584 bytes,     442128 total
[2020-09-11T15:53:03.821+0000][1][gc,age       ] GC(114) - age   3:     177128 bytes,     619256 total
[2020-09-11T15:53:03.821+0000][1][gc,age       ] GC(114) - age   4:      54704 bytes,     673960 total
[2020-09-11T15:53:03.821+0000][1][gc,age       ] GC(114) - age   5:      52888 bytes,     726848 total
[2020-09-11T15:53:03.821+0000][1][gc,age       ] GC(114) - age   6:      18544 bytes,     745392 total
[2020-09-11T15:53:03.821+0000][1][gc,heap      ] GC(114) ParNew: 69361K->1386K(76672K)
[2020-09-11T15:53:03.821+0000][1][gc,heap      ] GC(114) CMS: 94796K->94811K(439104K)
[2020-09-11T15:53:03.821+0000][1][gc,metaspace ] GC(114) Metaspace: 93167K->93167K(1134592K)
[2020-09-11T15:53:03.821+0000][1][gc           ] GC(114) Pause Young (Allocation Failure) 160M->93M(503M) 14.097ms
[2020-09-11T15:53:03.821+0000][1][gc,cpu       ] GC(114) User=0.00s Sys=0.00s Real=0.02s
[2020-09-11T15:53:03.821+0000][1][safepoint    ] Safepoint "GenCollectForAllocation", Time since last: 1829493679 ns, Reaching safepoint: 569636 ns, At safepoint: 14183216 ns, Total: 14752852 ns
[2020-09-11T15:53:04.029+0000][1][safepoint    ] Safepoint "RevokeBias", Time since last: 207880042 ns, Reaching safepoint: 257139 ns, At safepoint: 21643 ns, Total: 278782 ns
[2020-09-11T15:53:12.012+0000][1][safepoint    ] Safepoint "RevokeBias", Time since last: 7982041876 ns, Reaching safepoint: 323368 ns, At safepoint: 182309 ns, Total: 505677 ns
[2020-09-11T15:53:12.056+0000][1][safepoint    ] Safepoint "RevokeBias", Time since last: 43693477 ns, Reaching safepoint: 167503 ns, At safepoint: 26595 ns, Total: 194098 ns
[2020-09-11T15:53:13.903+0000][1][safepoint    ] Safepoint "RevokeBias", Time since last: 1847380573 ns, Reaching safepoint: 83952 ns, At safepoint: 20968 ns, Total: 104920 ns
[2020-09-11T15:53:15.903+0000][1][safepoint    ] Safepoint "Cleanup", Time since last: 2000197582 ns, Reaching safepoint: 86845 ns, At safepoint: 7651 ns, Total: 94496 ns
[2020-09-11T15:53:20.073+0000][1][safepoint    ] Safepoint "RevokeBias", Time since last: 4167976529 ns, Reaching safepoint: 1367426 ns, At safepoint: 28996 ns, Total: 1396422 ns
[2020-09-11T15:53:21.076+0000][1][safepoint    ] Safepoint "Cleanup", Time since last: 1003010865 ns, Reaching safepoint: 105259 ns, At safepoint: 7921 ns, Total: 113180 ns
[2020-09-11T15:53:21.865+0000][1][safepoint    ] Safepoint "RevokeBias", Time since last: 788979911 ns, Reaching safepoint: 174693 ns, At safepoint: 24165 ns, Total: 198858 ns
[2020-09-11T15:53:21.923+0000][1][safepoint    ] Safepoint "RevokeBias", Time since last: 57587353 ns, Reaching safepoint: 89529 ns, At safepoint: 25425 ns, Total: 114954 ns
[2020-09-11T15:53:22.750+0000][1][gc,start     ] GC(115) Pause Young (Allocation Failure)
[2020-09-11T15:53:22.750+0000][1][gc,task      ] GC(115) Using 1 workers of 1 for evacuation
[2020-09-11T15:53:22.755+0000][1][gc,age       ] GC(115) Desired survivor size 4358144 bytes, new threshold 6 (max threshold 6)
[2020-09-11T15:53:22.755+0000][1][gc,age       ] GC(115) Age table with threshold 6 (max threshold 6)
[2020-09-11T15:53:22.755+0000][1][gc,age       ] GC(115) - age   1:     256736 bytes,     256736 total
[2020-09-11T15:53:22.755+0000][1][gc,age       ] GC(115) - age   2:      89320 bytes,     346056 total
[2020-09-11T15:53:22.755+0000][1][gc,age       ] GC(115) - age   3:     296464 bytes,     642520 total
[2020-09-11T15:53:22.755+0000][1][gc,age       ] GC(115) - age   4:     177128 bytes,     819648 total
[2020-09-11T15:53:22.755+0000][1][gc,age       ] GC(115) - age   5:      42608 bytes,     862256 total
[2020-09-11T15:53:22.755+0000][1][gc,age       ] GC(115) - age   6:      21648 bytes,     883904 total
[2020-09-11T15:53:22.755+0000][1][gc,heap      ] GC(115) ParNew: 69544K->892K(76672K)
[2020-09-11T15:53:22.755+0000][1][gc,heap      ] GC(115) CMS: 94811K->94827K(439104K)
[2020-09-11T15:53:22.755+0000][1][gc,metaspace ] GC(115) Metaspace: 93223K->93223K(1134592K)
[2020-09-11T15:53:22.755+0000][1][gc           ] GC(115) Pause Young (Allocation Failure) 160M->93M(503M) 5.066ms
[2020-09-11T15:53:22.755+0000][1][gc,cpu       ] GC(115) User=0.01s Sys=0.00s Real=0.01s
[2020-09-11T15:53:22.764+0000][1][safepoint    ] Safepoint "GenCollectForAllocation", Time since last: 827057422 ns, Reaching safepoint: 150123 ns, At safepoint: 13449180 ns, Total: 13599303 ns
[2020-09-11T15:53:23.581+0000][1][safepoint    ] Safepoint "RevokeBias", Time since last: 815159421 ns, Reaching safepoint: 2177999 ns, At safepoint: 90194 ns, Total: 2268193 ns
[2020-09-11T15:53:23.586+0000][1][safepoint    ] Safepoint "RevokeBias", Time since last: 3608542 ns, Reaching safepoint: 921002 ns, At safepoint: 43052 ns, Total: 964054 ns
[2020-09-11T15:53:23.599+0000][1][safepoint    ] Safepoint "RevokeBias", Time since last: 9825772 ns, Reaching safepoint: 3523273 ns, At safepoint: 74996 ns, Total: 3598269 ns
[2020-09-11T15:53:23.605+0000][1][safepoint    ] Safepoint "RevokeBias", Time since last: 4076834 ns, Reaching safepoint: 1811945 ns, At safepoint: 211546 ns, Total: 2023491 ns
[2020-09-11T15:53:24.196+0000][1][safepoint    ] Safepoint "RevokeBias", Time since last: 591327208 ns, Reaching safepoint: 88873 ns, At safepoint: 27940 ns, Total: 116813 ns
[2020-09-11T15:53:24.391+0000][1][safepoint    ] Safepoint "RevokeBias", Time since last: 194847210 ns, Reaching safepoint: 94554 ns, At safepoint: 23037 ns, Total: 117591 ns
[2020-09-11T15:53:24.791+0000][1][safepoint    ] Safepoint "RevokeBias", Time since last: 399549832 ns, Reaching safepoint: 162685 ns, At safepoint: 25004 ns, Total: 187689 ns
[2020-09-11T15:53:25.791+0000][1][safepoint    ] Safepoint "Cleanup", Time since last: 1000101843 ns, Reaching safepoint: 91038 ns, At safepoint: 7478 ns, Total: 98516 ns
[2020-09-11T15:53:27.792+0000][1][safepoint    ] Safepoint "Cleanup", Time since last: 2000193289 ns, Reaching safepoint: 91159 ns, At safepoint: 11111 ns, Total: 102270 ns
[2020-09-11T15:53:28.792+0000][1][safepoint    ] Safepoint "Cleanup", Time since last: 1000115853 ns, Reaching safepoint: 84814 ns, At safepoint: 10464 ns, Total: 95278 ns
[2020-09-11T15:53:30.370+0000][1][safepoint    ] Safepoint "BulkRevokeBias", Time since last: 1577837000 ns, Reaching safepoint: 84985 ns, At safepoint: 253890 ns, Total: 338875 ns
[2020-09-11T15:53:30.371+0000][1][safepoint    ] Safepoint "RevokeBias", Time since last: 354913 ns, Reaching safepoint: 59880 ns, At safepoint: 15777 ns, Total: 75657 ns
[2020-09-11T15:53:30.381+0000][1][safepoint    ] Safepoint "RevokeBias", Time since last: 10287195 ns, Reaching safepoint: 81141 ns, At safepoint: 19741 ns, Total: 100882 ns
[2020-09-11T15:53:30.381+0000][1][safepoint    ] Safepoint "RevokeBias", Time since last: 65480 ns, Reaching safepoint: 55193 ns, At safepoint: 14272 ns, Total: 69465 ns
[2020-09-11T15:53:30.503+0000][1][safepoint    ] Safepoint "RevokeBias", Time since last: 122044012 ns, Reaching safepoint: 177953 ns, At safepoint: 25255 ns, Total: 203208 ns
[2020-09-11T15:53:30.504+0000][1][safepoint    ] Safepoint "RevokeBias", Time since last: 181687 ns, Reaching safepoint: 156855 ns, At safepoint: 19156 ns, Total: 176011 ns
[2020-09-11T15:53:31.325+0000][1][safepoint    ] Safepoint "RevokeBias", Time since last: 821205372 ns, Reaching safepoint: 163855 ns, At safepoint: 23086 ns, Total: 186941 ns
[2020-09-11T15:53:31.325+0000][1][safepoint    ] Safepoint "RevokeBias", Time since last: 83288 ns, Reaching safepoint: 108625 ns, At safepoint: 13411 ns, Total: 122036 ns
[2020-09-11T15:53:31.992+0000][1][safepoint    ] Safepoint "RevokeBias", Time since last: 666893939 ns, Reaching safepoint: 145452 ns, At safepoint: 182147 ns, Total: 327599 ns
[2020-09-11T15:53:32.002+0000][1][safepoint    ] Safepoint "RevokeBias", Time since last: 9008478 ns, Reaching safepoint: 95430 ns, At safepoint: 27129 ns, Total: 122559 ns
[2020-09-11T15:53:32.017+0000][1][safepoint    ] Safepoint "RevokeBias", Time since last: 15559346 ns, Reaching safepoint: 77888 ns, At safepoint: 23922 ns, Total: 101810 ns
[2020-09-11T15:53:33.017+0000][1][safepoint    ] Safepoint "Cleanup", Time since last: 1000098344 ns, Reaching safepoint: 106101 ns, At safepoint: 9656 ns, Total: 115757 ns
[2020-09-11T15:53:33.902+0000][1][gc,start     ] GC(116) Pause Young (Allocation Failure)
[2020-09-11T15:53:33.902+0000][1][gc,task      ] GC(116) Using 1 workers of 1 for evacuation
[2020-09-11T15:53:33.918+0000][1][gc,age       ] GC(116) Desired survivor size 4358144 bytes, new threshold 6 (max threshold 6)
[2020-09-11T15:53:33.929+0000][1][gc,age       ] GC(116) Age table with threshold 6 (max threshold 6)
[2020-09-11T15:53:33.929+0000][1][gc,age       ] GC(116) - age   1:     481680 bytes,     481680 total
[2020-09-11T15:53:33.929+0000][1][gc,age       ] GC(116) - age   2:     215008 bytes,     696688 total
[2020-09-11T15:53:33.929+0000][1][gc,age       ] GC(116) - age   3:      80216 bytes,     776904 total
[2020-09-11T15:53:33.929+0000][1][gc,age       ] GC(116) - age   4:     293592 bytes,    1070496 total
[2020-09-11T15:53:33.929+0000][1][gc,age       ] GC(116) - age   5:     137168 bytes,    1207664 total
[2020-09-11T15:53:33.929+0000][1][gc,age       ] GC(116) - age   6:      35584 bytes,    1243248 total
[2020-09-11T15:53:33.929+0000][1][gc,heap      ] GC(116) ParNew: 69052K->1517K(76672K)
[2020-09-11T15:53:33.929+0000][1][gc,heap      ] GC(116) CMS: 94827K->94848K(439104K)
[2020-09-11T15:53:33.929+0000][1][gc,metaspace ] GC(116) Metaspace: 93276K->93276K(1134592K)
[2020-09-11T15:53:33.929+0000][1][gc           ] GC(116) Pause Young (Allocation Failure) 160M->94M(503M) 26.811ms
[2020-09-11T15:53:33.929+0000][1][gc,cpu       ] GC(116) User=0.01s Sys=0.00s Real=0.02s
[2020-09-11T15:53:33.930+0000][1][safepoint    ] Safepoint "GenCollectForAllocation", Time since last: 884457667 ns, Reaching safepoint: 339052 ns, At safepoint: 27440299 ns, Total: 27779351 ns
[2020-09-11T15:53:34.308+0000][1][safepoint    ] Safepoint "RevokeBias", Time since last: 378056564 ns, Reaching safepoint: 177467 ns, At safepoint: 53216 ns, Total: 230683 ns
[2020-09-11T15:53:34.942+0000][1][safepoint    ] Safepoint "RevokeBias", Time since last: 633365341 ns, Reaching safepoint: 161034 ns, At safepoint: 23523 ns, Total: 184557 ns
[2020-09-11T15:53:35.942+0000][1][safepoint    ] Safepoint "Cleanup", Time since last: 1000108485 ns, Reaching safepoint: 85101 ns, At safepoint: 6615 ns, Total: 91716 ns
[2020-09-11T15:53:36.586+0000][1][safepoint    ] Safepoint "RevokeBias", Time since last: 643806557 ns, Reaching safepoint: 87996 ns, At safepoint: 17953 ns, Total: 105949 ns
[2020-09-11T15:53:36.586+0000][1][safepoint    ] Safepoint "RevokeBias", Time since last: 432192 ns, Reaching safepoint: 38016 ns, At safepoint: 12647 ns, Total: 50663 ns
[2020-09-11T15:53:36.733+0000][1][safepoint    ] Safepoint "RevokeBias", Time since last: 146422400 ns, Reaching safepoint: 301846 ns, At safepoint: 40984 ns, Total: 342830 ns
[2020-09-11T15:53:36.733+0000][1][safepoint    ] Safepoint "RevokeBias", Time since last: 133954 ns, Reaching safepoint: 192341 ns, At safepoint: 35993 ns, Total: 228334 ns
[2020-09-11T15:53:36.738+0000][1][safepoint    ] Safepoint "RevokeBias", Time since last: 4939057 ns, Reaching safepoint: 139871 ns, At safepoint: 41936 ns, Total: 181807 ns
[2020-09-11T15:53:36.739+0000][1][safepoint    ] Safepoint "BulkRevokeBias", Time since last: 455749 ns, Reaching safepoint: 92305 ns, At safepoint: 463898 ns, Total: 556203 ns
[2020-09-11T15:53:36.863+0000][1][safepoint    ] Safepoint "RevokeBias", Time since last: 123420264 ns, Reaching safepoint: 258867 ns, At safepoint: 76523 ns, Total: 335390 ns
[2020-09-11T15:53:36.864+0000][1][safepoint    ] Safepoint "RevokeBias", Time since last: 123373 ns, Reaching safepoint: 214388 ns, At safepoint: 61662 ns, Total: 276050 ns
[2020-09-11T15:53:36.866+0000][1][safepoint    ] Safepoint "BulkRevokeBias", Time since last: 1938931 ns, Reaching safepoint: 122658 ns, At safepoint: 467426 ns, Total: 590084 ns
[2020-09-11T15:53:36.866+0000][1][safepoint    ] Safepoint "RevokeBias", Time since last: 95395 ns, Reaching safepoint: 100341 ns, At safepoint: 52620 ns, Total: 152961 ns
[2020-09-11T15:53:36.875+0000][1][safepoint    ] Safepoint "RevokeBias", Time since last: 8509228 ns, Reaching safepoint: 85321 ns, At safepoint: 37244 ns, Total: 122565 ns
[2020-09-11T15:53:36.875+0000][1][safepoint    ] Safepoint "RevokeBias", Time since last: 50385 ns, Reaching safepoint: 53137 ns, At safepoint: 23064 ns, Total: 76201 ns
[2020-09-11T15:53:36.878+0000][1][safepoint    ] Safepoint "RevokeBias", Time since last: 2548786 ns, Reaching safepoint: 72293 ns, At safepoint: 29885 ns, Total: 102178 ns
[2020-09-11T15:53:36.878+0000][1][safepoint    ] Safepoint "RevokeBias", Time since last: 40520 ns, Reaching safepoint: 48093 ns, At safepoint: 21683 ns, Total: 69776 ns
[2020-09-11T15:53:36.893+0000][1][safepoint    ] Safepoint "RevokeBias", Time since last: 15143915 ns, Reaching safepoint: 79186 ns, At safepoint: 35637 ns, Total: 114823 ns
[2020-09-11T15:53:37.124+0000][1][safepoint    ] Safepoint "RevokeBias", Time since last: 230535870 ns, Reaching safepoint: 131378 ns, At safepoint: 23167 ns, Total: 154545 ns
[2020-09-11T15:53:37.124+0000][1][safepoint    ] Safepoint "RevokeBias", Time since last: 205380 ns, Reaching safepoint: 68346 ns, At safepoint: 15224 ns, Total: 83570 ns
[2020-09-11T15:53:37.124+0000][1][safepoint    ] Safepoint "RevokeBias", Time since last: 56059 ns, Reaching safepoint: 45429 ns, At safepoint: 11501 ns, Total: 56930 ns
[2020-09-11T15:53:38.001+0000][1][safepoint    ] Safepoint "RevokeBias", Time since last: 876411855 ns, Reaching safepoint: 93103 ns, At safepoint: 21168 ns, Total: 114271 ns
[2020-09-11T15:53:38.002+0000][1][safepoint    ] Safepoint "RevokeBias", Time since last: 949798 ns, Reaching safepoint: 50609 ns, At safepoint: 13785 ns, Total: 64394 ns
[2020-09-11T15:53:38.003+0000][1][safepoint    ] Safepoint "RevokeBias", Time since last: 1582357 ns, Reaching safepoint: 75747 ns, At safepoint: 17224 ns, Total: 92971 ns
[2020-09-11T15:53:38.081+0000][1][safepoint    ] Safepoint "RevokeBias", Time since last: 77776236 ns, Reaching safepoint: 71886 ns, At safepoint: 20852 ns, Total: 92738 ns
[2020-09-11T15:53:38.147+0000][1][safepoint    ] Safepoint "RevokeBias", Time since last: 65564573 ns, Reaching safepoint: 205037 ns, At safepoint: 23993 ns, Total: 229030 ns
[2020-09-11T15:53:38.147+0000][1][safepoint    ] Safepoint "RevokeBias", Time since last: 67346 ns, Reaching safepoint: 167340 ns, At safepoint: 14695 ns, Total: 182035 ns
[2020-09-11T15:53:38.148+0000][1][safepoint    ] Safepoint "RevokeBias", Time since last: 189786 ns, Reaching safepoint: 163581 ns, At safepoint: 14592 ns, Total: 178173 ns
[2020-09-11T15:53:38.166+0000][1][safepoint    ] Safepoint "RevokeBias", Time since last: 17903799 ns, Reaching safepoint: 137625 ns, At safepoint: 24353 ns, Total: 161978 ns
[2020-09-11T15:53:38.169+0000][1][safepoint    ] Safepoint "RevokeBias", Time since last: 2688141 ns, Reaching safepoint: 170843 ns, At safepoint: 20171 ns, Total: 191014 ns
[2020-09-11T15:53:38.169+0000][1][safepoint    ] Safepoint "RevokeBias", Time since last: 90384 ns, Reaching safepoint: 115502 ns, At safepoint: 13711 ns, Total: 129213 ns
[2020-09-11T15:53:38.426+0000][1][safepoint    ] Safepoint "RevokeBias", Time since last: 257443184 ns, Reaching safepoint: 86600 ns, At safepoint: 22090 ns, Total: 108690 ns
[2020-09-11T15:53:38.435+0000][1][safepoint    ] Safepoint "RevokeBias", Time since last: 7388984 ns, Reaching safepoint: 717405 ns, At safepoint: 24493 ns, Total: 741898 ns
[2020-09-11T15:53:38.693+0000][1][safepoint    ] Safepoint "RevokeBias", Time since last: 258238439 ns, Reaching safepoint: 194146 ns, At safepoint: 23788 ns, Total: 217934 ns
[2020-09-11T15:53:38.701+0000][1][safepoint    ] Safepoint "RevokeBias", Time since last: 7932283 ns, Reaching safepoint: 199757 ns, At safepoint: 22073 ns, Total: 221830 ns
[2020-09-11T15:53:38.702+0000][1][safepoint    ] Safepoint "RevokeBias", Time since last: 194299 ns, Reaching safepoint: 171471 ns, At safepoint: 16545 ns, Total: 188016 ns
[2020-09-11T15:53:38.730+0000][1][safepoint    ] Safepoint "RevokeBias", Time since last: 28407089 ns, Reaching safepoint: 206588 ns, At safepoint: 22500 ns, Total: 229088 ns
[2020-09-11T15:53:38.732+0000][1][safepoint    ] Safepoint "RevokeBias", Time since last: 1482546 ns, Reaching safepoint: 172514 ns, At safepoint: 32288 ns, Total: 204802 ns
[2020-09-11T15:53:38.732+0000][1][safepoint    ] Safepoint "RevokeBias", Time since last: 212240 ns, Reaching safepoint: 171109 ns, At safepoint: 16471 ns, Total: 187580 ns
[2020-09-11T15:53:38.733+0000][1][safepoint    ] Safepoint "RevokeBias", Time since last: 441226 ns, Reaching safepoint: 150133 ns, At safepoint: 15167 ns, Total: 165300 ns
[2020-09-11T15:53:38.733+0000][1][safepoint    ] Safepoint "RevokeBias", Time since last: 167721 ns, Reaching safepoint: 165807 ns, At safepoint: 13134 ns, Total: 178941 ns
[2020-09-11T15:53:38.741+0000][1][safepoint    ] Safepoint "RevokeBias", Time since last: 8010145 ns, Reaching safepoint: 195035 ns, At safepoint: 20936 ns, Total: 215971 ns
[2020-09-11T15:53:39.061+0000][1][safepoint    ] Safepoint "RevokeBias", Time since last: 318334515 ns, Reaching safepoint: 1163248 ns, At safepoint: 27913 ns, Total: 1191161 ns
[2020-09-11T15:53:39.063+0000][1][safepoint    ] Safepoint "RevokeBias", Time since last: 101235 ns, Reaching safepoint: 2202361 ns, At safepoint: 24389 ns, Total: 2226750 ns
[2020-09-11T15:53:39.074+0000][1][safepoint    ] Safepoint "RevokeBias", Time since last: 10983513 ns, Reaching safepoint: 154657 ns, At safepoint: 24214 ns, Total: 178871 ns
[2020-09-11T15:53:39.075+0000][1][safepoint    ] Safepoint "RevokeBias", Time since last: 142958 ns, Reaching safepoint: 350759 ns, At safepoint: 19020 ns, Total: 369779 ns
[2020-09-11T15:53:39.075+0000][1][safepoint    ] Safepoint "RevokeBias", Time since last: 113990 ns, Reaching safepoint: 123735 ns, At safepoint: 15513 ns, Total: 139248 ns
[2020-09-11T15:53:39.076+0000][1][safepoint    ] Safepoint "RevokeBias", Time since last: 359469 ns, Reaching safepoint: 769811 ns, At safepoint: 16221 ns, Total: 786032 ns
[2020-09-11T15:53:39.094+0000][1][safepoint    ] Safepoint "RevokeBias", Time since last: 17882819 ns, Reaching safepoint: 154680 ns, At safepoint: 22124 ns, Total: 176804 ns
[2020-09-11T15:53:40.095+0000][1][safepoint    ] Safepoint "Cleanup", Time since last: 1000189914 ns, Reaching safepoint: 138337 ns, At safepoint: 21276 ns, Total: 159613 ns
[2020-09-11T15:53:41.095+0000][1][safepoint    ] Safepoint "Cleanup", Time since last: 1000217683 ns, Reaching safepoint: 108309 ns, At safepoint: 9585 ns, Total: 117894 ns
[2020-09-11T15:53:41.851+0000][1][safepoint    ] Safepoint "RevokeBias", Time since last: 755737135 ns, Reaching safepoint: 91469 ns, At safepoint: 25818 ns, Total: 117287 ns
[2020-09-11T15:53:41.985+0000][1][safepoint    ] Safepoint "RevokeBias", Time since last: 134124661 ns, Reaching safepoint: 91381 ns, At safepoint: 25863 ns, Total: 117244 ns
[2020-09-11T15:53:42.985+0000][1][safepoint    ] Safepoint "Cleanup", Time since last: 1000173991 ns, Reaching safepoint: 98370 ns, At safepoint: 8872 ns, Total: 107242 ns
[2020-09-11T15:53:43.887+0000][1][safepoint    ] Safepoint "RevokeBias", Time since last: 901590765 ns, Reaching safepoint: 159887 ns, At safepoint: 59206 ns, Total: 219093 ns
[2020-09-11T15:53:44.412+0000][1][safepoint    ] Safepoint "RevokeBias", Time since last: 524428771 ns, Reaching safepoint: 87222 ns, At safepoint: 22556 ns, Total: 109778 ns
[2020-09-11T15:53:45.412+0000][1][safepoint    ] Safepoint "Cleanup", Time since last: 1000159362 ns, Reaching safepoint: 110660 ns, At safepoint: 8644 ns, Total: 119304 ns
[2020-09-11T15:53:45.979+0000][1][gc,start     ] GC(117) Pause Young (Allocation Failure)
[2020-09-11T15:53:45.979+0000][1][gc,task      ] GC(117) Using 1 workers of 1 for evacuation
[2020-09-11T15:53:45.990+0000][1][gc,age       ] GC(117) Desired survivor size 4358144 bytes, new threshold 6 (max threshold 6)
[2020-09-11T15:53:45.990+0000][1][gc,age       ] GC(117) Age table with threshold 6 (max threshold 6)
[2020-09-11T15:53:45.990+0000][1][gc,age       ] GC(117) - age   1:     209624 bytes,     209624 total
[2020-09-11T15:53:45.990+0000][1][gc,age       ] GC(117) - age   2:     227840 bytes,     437464 total
[2020-09-11T15:53:45.990+0000][1][gc,age       ] GC(117) - age   3:     206704 bytes,     644168 total
[2020-09-11T15:53:45.990+0000][1][gc,age       ] GC(117) - age   4:      78976 bytes,     723144 total
[2020-09-11T15:53:45.990+0000][1][gc,age       ] GC(117) - age   5:     292160 bytes,    1015304 total
[2020-09-11T15:53:45.990+0000][1][gc,age       ] GC(117) - age   6:     119840 bytes,    1135144 total
[2020-09-11T15:53:45.990+0000][1][gc,heap      ] GC(117) ParNew: 69677K->2200K(76672K)
[2020-09-11T15:53:45.990+0000][1][gc,heap      ] GC(117) CMS: 94848K->94883K(439104K)
[2020-09-11T15:53:45.990+0000][1][gc,metaspace ] GC(117) Metaspace: 93368K->93368K(1134592K)
[2020-09-11T15:53:45.990+0000][1][gc           ] GC(117) Pause Young (Allocation Failure) 160M->94M(503M) 10.837ms
[2020-09-11T15:53:45.990+0000][1][gc,cpu       ] GC(117) User=0.00s Sys=0.00s Real=0.01s
[2020-09-11T15:53:45.990+0000][1][safepoint    ] Safepoint "GenCollectForAllocation", Time since last: 566662731 ns, Reaching safepoint: 195598 ns, At safepoint: 10903638 ns, Total: 11099236 ns
[2020-09-11T15:53:46.994+0000][1][safepoint    ] Safepoint "Cleanup", Time since last: 1003945131 ns, Reaching safepoint: 150552 ns, At safepoint: 56616 ns, Total: 207168 ns
[2020-09-11T15:53:47.994+0000][1][safepoint    ] Safepoint "Cleanup", Time since last: 1000228225 ns, Reaching safepoint: 102005 ns, At safepoint: 9589 ns, Total: 111594 ns
[2020-09-11T15:53:48.995+0000][1][safepoint    ] Safepoint "Cleanup", Time since last: 1000118304 ns, Reaching safepoint: 92788 ns, At safepoint: 10665 ns, Total: 103453 ns
[2020-09-11T15:53:49.995+0000][1][safepoint    ] Safepoint "Cleanup", Time since last: 1000190834 ns, Reaching safepoint: 118294 ns, At safepoint: 14056 ns, Total: 132350 ns
[2020-09-11T15:53:50.995+0000][1][safepoint    ] Safepoint "Cleanup", Time since last: 1000158581 ns, Reaching safepoint: 250552 ns, At safepoint: 23684 ns, Total: 274236 ns
[2020-09-11T15:53:51.860+0000][1][safepoint    ] Safepoint "RevokeBias", Time since last: 864440081 ns, Reaching safepoint: 97518 ns, At safepoint: 25262 ns, Total: 122780 ns
[2020-09-11T15:53:51.944+0000][1][safepoint    ] Safepoint "RevokeBias", Time since last: 83550525 ns, Reaching safepoint: 418975 ns, At safepoint: 56974 ns, Total: 475949 ns
[2020-09-11T15:53:52.396+0000][1][safepoint    ] Safepoint "RevokeBias", Time since last: 451804893 ns, Reaching safepoint: 94481 ns, At safepoint: 23288 ns, Total: 117769 ns
[2020-09-11T15:53:53.396+0000][1][safepoint    ] Safepoint "Cleanup", Time since last: 1000136219 ns, Reaching safepoint: 98830 ns, At safepoint: 10245 ns, Total: 109075 ns
[2020-09-11T15:53:53.915+0000][1][safepoint    ] Safepoint "RevokeBias", Time since last: 519163148 ns, Reaching safepoint: 88515 ns, At safepoint: 22867 ns, Total: 111382 ns
[2020-09-11T15:53:54.390+0000][1][safepoint    ] Safepoint "RevokeBias", Time since last: 474518033 ns, Reaching safepoint: 89282 ns, At safepoint: 24042 ns, Total: 113324 ns
[2020-09-11T15:53:55.390+0000][1][safepoint    ] Safepoint "Cleanup", Time since last: 1000104484 ns, Reaching safepoint: 75957 ns, At safepoint: 9202 ns, Total: 85159 ns
[2020-09-11T15:53:56.391+0000][1][safepoint    ] Safepoint "Cleanup", Time since last: 1000169654 ns, Reaching safepoint: 170979 ns, At safepoint: 19127 ns, Total: 190106 ns
[2020-09-11T15:53:57.391+0000][1][safepoint    ] Safepoint "Cleanup", Time since last: 1000206078 ns, Reaching safepoint: 106926 ns, At safepoint: 8467 ns, Total: 115393 ns
[2020-09-11T15:53:58.391+0000][1][safepoint    ] Safepoint "Cleanup", Time since last: 1000168035 ns, Reaching safepoint: 200791 ns, At safepoint: 23003 ns, Total: 223794 ns
[2020-09-11T15:53:59.392+0000][1][safepoint    ] Safepoint "Cleanup", Time since last: 1000197522 ns, Reaching safepoint: 154334 ns, At safepoint: 22688 ns, Total: 177022 ns
[2020-09-11T15:54:00.392+0000][1][safepoint    ] Safepoint "Cleanup", Time since last: 1000225884 ns, Reaching safepoint: 147511 ns, At safepoint: 21670 ns, Total: 169181 ns
[2020-09-11T15:54:01.392+0000][1][safepoint    ] Safepoint "Cleanup", Time since last: 1000198854 ns, Reaching safepoint: 146433 ns, At safepoint: 20961 ns, Total: 167394 ns
[2020-09-11T15:54:01.903+0000][1][safepoint    ] Safepoint "RevokeBias", Time since last: 510389927 ns, Reaching safepoint: 91190 ns, At safepoint: 25041 ns, Total: 116231 ns
[2020-09-11T15:54:01.928+0000][1][safepoint    ] Safepoint "RevokeBias", Time since last: 24985363 ns, Reaching safepoint: 100730 ns, At safepoint: 26967 ns, Total: 127697 ns
[2020-09-11T15:54:02.928+0000][1][safepoint    ] Safepoint "Cleanup", Time since last: 1000181394 ns, Reaching safepoint: 102906 ns, At safepoint: 9781 ns, Total: 112687 ns
[2020-09-11T15:54:03.859+0000][1][safepoint    ] Safepoint "RevokeBias", Time since last: 930887919 ns, Reaching safepoint: 95935 ns, At safepoint: 26609 ns, Total: 122544 ns
[2020-09-11T15:54:04.377+0000][1][safepoint    ] Safepoint "RevokeBias", Time since last: 517762063 ns, Reaching safepoint: 100533 ns, At safepoint: 25666 ns, Total: 126199 ns
[2020-09-11T15:54:05.377+0000][1][safepoint    ] Safepoint "Cleanup", Time since last: 1000136303 ns, Reaching safepoint: 121790 ns, At safepoint: 9918 ns, Total: 131708 ns
[2020-09-11T15:54:06.378+0000][1][safepoint    ] Safepoint "Cleanup", Time since last: 1000144604 ns, Reaching safepoint: 150188 ns, At safepoint: 20698 ns, Total: 170886 ns
[2020-09-11T15:54:07.378+0000][1][safepoint    ] Safepoint "Cleanup", Time since last: 1000213506 ns, Reaching safepoint: 152049 ns, At safepoint: 21776 ns, Total: 173825 ns
[2020-09-11T15:54:08.379+0000][1][safepoint    ] Safepoint "Cleanup", Time since last: 1000206837 ns, Reaching safepoint: 102507 ns, At safepoint: 9029 ns, Total: 111536 ns
[2020-09-11T15:54:09.379+0000][1][safepoint    ] Safepoint "Cleanup", Time since last: 1000157987 ns, Reaching safepoint: 107121 ns, At safepoint: 9929 ns, Total: 117050 ns
[2020-09-11T15:54:10.379+0000][1][safepoint    ] Safepoint "Cleanup", Time since last: 1000187221 ns, Reaching safepoint: 160284 ns, At safepoint: 24045 ns, Total: 184329 ns
[2020-09-11T15:54:11.380+0000][1][safepoint    ] Safepoint "Cleanup", Time since last: 1000219571 ns, Reaching safepoint: 154224 ns, At safepoint: 22639 ns, Total: 176863 ns
[2020-09-11T15:54:11.859+0000][1][safepoint    ] Safepoint "BulkRevokeBias", Time since last: 478758153 ns, Reaching safepoint: 91993 ns, At safepoint: 252286 ns, Total: 344279 ns
[2020-09-11T15:54:11.935+0000][1][safepoint    ] Safepoint "RevokeBias", Time since last: 76288144 ns, Reaching safepoint: 112406 ns, At safepoint: 33530 ns, Total: 145936 ns
[2020-09-11T15:54:12.935+0000][1][safepoint    ] Safepoint "Cleanup", Time since last: 1000130461 ns, Reaching safepoint: 82307 ns, At safepoint: 8017 ns, Total: 90324 ns
[2020-09-11T15:54:13.684+0000][1][gc,start     ] GC(118) Pause Young (Allocation Failure)
[2020-09-11T15:54:13.684+0000][1][gc,task      ] GC(118) Using 1 workers of 1 for evacuation
[2020-09-11T15:54:13.692+0000][1][gc,age       ] GC(118) Desired survivor size 4358144 bytes, new threshold 6 (max threshold 6)
[2020-09-11T15:54:13.692+0000][1][gc,age       ] GC(118) Age table with threshold 6 (max threshold 6)
[2020-09-11T15:54:13.692+0000][1][gc,age       ] GC(118) - age   1:     408984 bytes,     408984 total
[2020-09-11T15:54:13.692+0000][1][gc,age       ] GC(118) - age   2:     171928 bytes,     580912 total
[2020-09-11T15:54:13.692+0000][1][gc,age       ] GC(118) - age   3:     214856 bytes,     795768 total
[2020-09-11T15:54:13.692+0000][1][gc,age       ] GC(118) - age   4:     203952 bytes,     999720 total
[2020-09-11T15:54:13.692+0000][1][gc,age       ] GC(118) - age   5:      44312 bytes,    1044032 total
[2020-09-11T15:54:13.692+0000][1][gc,age       ] GC(118) - age   6:      27968 bytes,    1072000 total
[2020-09-11T15:54:13.692+0000][1][gc,heap      ] GC(118) ParNew: 70360K->1381K(76672K)
[2020-09-11T15:54:13.692+0000][1][gc,heap      ] GC(118) CMS: 94883K->95000K(439104K)
[2020-09-11T15:54:13.692+0000][1][gc,metaspace ] GC(118) Metaspace: 93392K->93392K(1134592K)
[2020-09-11T15:54:13.692+0000][1][gc           ] GC(118) Pause Young (Allocation Failure) 161M->94M(503M) 8.151ms
[2020-09-11T15:54:13.693+0000][1][gc,cpu       ] GC(118) User=0.00s Sys=0.00s Real=0.00s
[2020-09-11T15:54:13.696+0000][1][safepoint    ] Safepoint "GenCollectForAllocation", Time since last: 748935892 ns, Reaching safepoint: 77607 ns, At safepoint: 11203863 ns, Total: 11281470 ns
[2020-09-11T15:54:13.850+0000][1][safepoint    ] Safepoint "RevokeBias", Time since last: 154082652 ns, Reaching safepoint: 92891 ns, At safepoint: 22887 ns, Total: 115778 ns
[2020-09-11T15:54:14.366+0000][1][safepoint    ] Safepoint "RevokeBias", Time since last: 515939882 ns, Reaching safepoint: 94719 ns, At safepoint: 28259 ns, Total: 122978 ns
[2020-09-11T15:54:15.366+0000][1][safepoint    ] Safepoint "Cleanup", Time since last: 1000137026 ns, Reaching safepoint: 154100 ns, At safepoint: 22412 ns, Total: 176512 ns
[2020-09-11T15:54:16.367+0000][1][safepoint    ] Safepoint "Cleanup", Time since last: 1000239424 ns, Reaching safepoint: 153286 ns, At safepoint: 23317 ns, Total: 176603 ns
[2020-09-11T15:54:17.367+0000][1][safepoint    ] Safepoint "Cleanup", Time since last: 1000232251 ns, Reaching safepoint: 112906 ns, At safepoint: 10059 ns, Total: 122965 ns
[2020-09-11T15:54:18.367+0000][1][safepoint    ] Safepoint "Cleanup", Time since last: 1000127895 ns, Reaching safepoint: 89481 ns, At safepoint: 11352 ns, Total: 100833 ns
[2020-09-11T15:54:19.367+0000][1][safepoint    ] Safepoint "Cleanup", Time since last: 1000184042 ns, Reaching safepoint: 159352 ns, At safepoint: 22993 ns, Total: 182345 ns
[2020-09-11T15:54:20.392+0000][1][safepoint    ] Safepoint "Cleanup", Time since last: 1024785608 ns, Reaching safepoint: 155059 ns, At safepoint: 22034 ns, Total: 177093 ns
[2020-09-11T15:54:21.393+0000][1][safepoint    ] Safepoint "Cleanup", Time since last: 1000220156 ns, Reaching safepoint: 174718 ns, At safepoint: 19568 ns, Total: 194286 ns
[2020-09-11T15:54:21.853+0000][1][safepoint    ] Safepoint "RevokeBias", Time since last: 459665267 ns, Reaching safepoint: 85638 ns, At safepoint: 22890 ns, Total: 108528 ns
[2020-09-11T15:54:21.908+0000][1][safepoint    ] Safepoint "RevokeBias", Time since last: 54958088 ns, Reaching safepoint: 514832 ns, At safepoint: 24542 ns, Total: 539374 ns
[2020-09-11T15:54:22.908+0000][1][safepoint    ] Safepoint "Cleanup", Time since last: 1000164535 ns, Reaching safepoint: 150615 ns, At safepoint: 21727 ns, Total: 172342 ns
[2020-09-11T15:54:23.833+0000][1][safepoint    ] Safepoint "RevokeBias", Time since last: 924117208 ns, Reaching safepoint: 190396 ns, At safepoint: 22977 ns, Total: 213373 ns
[2020-09-11T15:54:24.377+0000][1][safepoint    ] Safepoint "RevokeBias", Time since last: 544579843 ns, Reaching safepoint: 89168 ns, At safepoint: 23170 ns, Total: 112338 ns
[2020-09-11T15:54:25.378+0000][1][safepoint    ] Safepoint "Cleanup", Time since last: 1000139916 ns, Reaching safepoint: 127674 ns, At safepoint: 10848 ns, Total: 138522 ns
[2020-09-11T15:54:26.378+0000][1][safepoint    ] Safepoint "Cleanup", Time since last: 1000192733 ns, Reaching safepoint: 101884 ns, At safepoint: 10211 ns, Total: 112095 ns
[2020-09-11T15:54:27.378+0000][1][safepoint    ] Safepoint "Cleanup", Time since last: 1000142660 ns, Reaching safepoint: 147555 ns, At safepoint: 21015 ns, Total: 168570 ns
[2020-09-11T15:54:28.379+0000][1][safepoint    ] Safepoint "Cleanup", Time since last: 1000202685 ns, Reaching safepoint: 147418 ns, At safepoint: 22040 ns, Total: 169458 ns
[2020-09-11T15:54:29.379+0000][1][safepoint    ] Safepoint "Cleanup", Time since last: 1000234859 ns, Reaching safepoint: 192508 ns, At safepoint: 22729 ns, Total: 215237 ns
[2020-09-11T15:54:30.380+0000][1][safepoint    ] Safepoint "Cleanup", Time since last: 1000203961 ns, Reaching safepoint: 148785 ns, At safepoint: 22264 ns, Total: 171049 ns
[2020-09-11T15:54:31.380+0000][1][safepoint    ] Safepoint "Cleanup", Time since last: 1000227765 ns, Reaching safepoint: 105503 ns, At safepoint: 9516 ns, Total: 115019 ns
[2020-09-11T15:54:31.878+0000][1][safepoint    ] Safepoint "RevokeBias", Time since last: 497485562 ns, Reaching safepoint: 177701 ns, At safepoint: 53737 ns, Total: 231438 ns
[2020-09-11T15:54:31.923+0000][1][safepoint    ] Safepoint "RevokeBias", Time since last: 44877322 ns, Reaching safepoint: 101034 ns, At safepoint: 28054 ns, Total: 129088 ns
[2020-09-11T15:54:32.923+0000][1][safepoint    ] Safepoint "Cleanup", Time since last: 1000135052 ns, Reaching safepoint: 130835 ns, At safepoint: 9923 ns, Total: 140758 ns
[2020-09-11T15:54:33.874+0000][1][safepoint    ] Safepoint "RevokeBias", Time since last: 950465746 ns, Reaching safepoint: 173629 ns, At safepoint: 23514 ns, Total: 197143 ns
[2020-09-11T15:54:34.370+0000][1][safepoint    ] Safepoint "RevokeBias", Time since last: 496279369 ns, Reaching safepoint: 97680 ns, At safepoint: 27422 ns, Total: 125102 ns
[2020-09-11T15:54:35.370+0000][1][safepoint    ] Safepoint "Cleanup", Time since last: 1000163439 ns, Reaching safepoint: 139577 ns, At safepoint: 22214 ns, Total: 161791 ns
[2020-09-11T15:54:36.371+0000][1][safepoint    ] Safepoint "Cleanup", Time since last: 1000193848 ns, Reaching safepoint: 150168 ns, At safepoint: 20520 ns, Total: 170688 ns
[2020-09-11T15:54:37.371+0000][1][safepoint    ] Safepoint "Cleanup", Time since last: 1000263073 ns, Reaching safepoint: 110089 ns, At safepoint: 8399 ns, Total: 118488 ns
[2020-09-11T15:54:38.371+0000][1][safepoint    ] Safepoint "Cleanup", Time since last: 1000131270 ns, Reaching safepoint: 145670 ns, At safepoint: 20838 ns, Total: 166508 ns
[2020-09-11T15:54:39.372+0000][1][safepoint    ] Safepoint "Cleanup", Time since last: 1000170854 ns, Reaching safepoint: 143168 ns, At safepoint: 20230 ns, Total: 163398 ns
[2020-09-11T15:54:40.403+0000][1][safepoint    ] Safepoint "Cleanup", Time since last: 1030670067 ns, Reaching safepoint: 152019 ns, At safepoint: 22458 ns, Total: 174477 ns
[2020-09-11T15:54:41.403+0000][1][safepoint    ] Safepoint "Cleanup", Time since last: 1000186345 ns, Reaching safepoint: 145397 ns, At safepoint: 21339 ns, Total: 166736 ns
[2020-09-11T15:54:41.914+0000][1][safepoint    ] Safepoint "RevokeBias", Time since last: 511033014 ns, Reaching safepoint: 95718 ns, At safepoint: 28643 ns, Total: 124361 ns
[2020-09-11T15:54:41.926+0000][1][safepoint    ] Safepoint "RevokeBias", Time since last: 11459064 ns, Reaching safepoint: 90036 ns, At safepoint: 26974 ns, Total: 117010 ns
[2020-09-11T15:54:42.926+0000][1][safepoint    ] Safepoint "Cleanup", Time since last: 1000141251 ns, Reaching safepoint: 157411 ns, At safepoint: 21700 ns, Total: 179111 ns
[2020-09-11T15:54:43.633+0000][1][gc,start     ] GC(119) Pause Young (Allocation Failure)
[2020-09-11T15:54:43.633+0000][1][gc,task      ] GC(119) Using 1 workers of 1 for evacuation
[2020-09-11T15:54:43.644+0000][1][gc,age       ] GC(119) Desired survivor size 4358144 bytes, new threshold 6 (max threshold 6)
[2020-09-11T15:54:43.644+0000][1][gc,age       ] GC(119) Age table with threshold 6 (max threshold 6)
[2020-09-11T15:54:43.644+0000][1][gc,age       ] GC(119) - age   1:     174432 bytes,     174432 total
[2020-09-11T15:54:43.644+0000][1][gc,age       ] GC(119) - age   2:     359304 bytes,     533736 total
[2020-09-11T15:54:43.644+0000][1][gc,age       ] GC(119) - age   3:     169256 bytes,     702992 total
[2020-09-11T15:54:43.644+0000][1][gc,age       ] GC(119) - age   4:     211984 bytes,     914976 total
[2020-09-11T15:54:43.644+0000][1][gc,age       ] GC(119) - age   5:     198704 bytes,    1113680 total
[2020-09-11T15:54:43.644+0000][1][gc,age       ] GC(119) - age   6:      19184 bytes,    1132864 total
[2020-09-11T15:54:43.644+0000][1][gc,heap      ] GC(119) ParNew: 69541K->1915K(76672K)
[2020-09-11T15:54:43.644+0000][1][gc,heap      ] GC(119) CMS: 95000K->95025K(439104K)
[2020-09-11T15:54:43.644+0000][1][gc,metaspace ] GC(119) Metaspace: 93410K->93410K(1134592K)
[2020-09-11T15:54:43.644+0000][1][gc           ] GC(119) Pause Young (Allocation Failure) 160M->94M(503M) 10.802ms
[2020-09-11T15:54:43.644+0000][1][gc,cpu       ] GC(119) User=0.00s Sys=0.00s Real=0.01s
[2020-09-11T15:54:43.644+0000][1][safepoint    ] Safepoint "GenCollectForAllocation", Time since last: 704179512 ns, Reaching safepoint: 2733121 ns, At safepoint: 10876234 ns, Total: 13609355 ns
[2020-09-11T15:54:43.890+0000][1][safepoint    ] Safepoint "RevokeBias", Time since last: 245821932 ns, Reaching safepoint: 100557 ns, At safepoint: 28176 ns, Total: 128733 ns
[2020-09-11T15:54:44.380+0000][1][safepoint    ] Safepoint "RevokeBias", Time since last: 490142502 ns, Reaching safepoint: 90780 ns, At safepoint: 26416 ns, Total: 117196 ns
[2020-09-11T15:54:45.380+0000][1][safepoint    ] Safepoint "Cleanup", Time since last: 1000170560 ns, Reaching safepoint: 87101 ns, At safepoint: 10193 ns, Total: 97294 ns
[2020-09-11T15:54:46.381+0000][1][safepoint    ] Safepoint "Cleanup", Time since last: 1000165127 ns, Reaching safepoint: 153405 ns, At safepoint: 21810 ns, Total: 175215 ns
[2020-09-11T15:54:47.381+0000][1][safepoint    ] Safepoint "Cleanup", Time since last: 1000180980 ns, Reaching safepoint: 163111 ns, At safepoint: 20076 ns, Total: 183187 ns
[2020-09-11T15:54:48.381+0000][1][safepoint    ] Safepoint "Cleanup", Time since last: 1000208646 ns, Reaching safepoint: 148541 ns, At safepoint: 21873 ns, Total: 170414 ns
[2020-09-11T15:54:49.382+0000][1][safepoint    ] Safepoint "Cleanup", Time since last: 1000229726 ns, Reaching safepoint: 107774 ns, At safepoint: 8436 ns, Total: 116210 ns
[2020-09-11T15:54:50.386+0000][1][safepoint    ] Safepoint "Cleanup", Time since last: 1004595452 ns, Reaching safepoint: 148631 ns, At safepoint: 21002 ns, Total: 169633 ns
[2020-09-11T15:54:51.387+0000][1][safepoint    ] Safepoint "Cleanup", Time since last: 1000230597 ns, Reaching safepoint: 91774 ns, At safepoint: 9720 ns, Total: 101494 ns
[2020-09-11T15:54:51.855+0000][1][safepoint    ] Safepoint "RevokeBias", Time since last: 467860539 ns, Reaching safepoint: 95795 ns, At safepoint: 25274 ns, Total: 121069 ns
[2020-09-11T15:54:51.937+0000][1][safepoint    ] Safepoint "RevokeBias", Time since last: 81639061 ns, Reaching safepoint: 209921 ns, At safepoint: 77795 ns, Total: 287716 ns
[2020-09-11T15:54:52.937+0000][1][safepoint    ] Safepoint "Cleanup", Time since last: 1000187743 ns, Reaching safepoint: 151621 ns, At safepoint: 22512 ns, Total: 174133 ns
[2020-09-11T15:54:53.898+0000][1][safepoint    ] Safepoint "RevokeBias", Time since last: 960048267 ns, Reaching safepoint: 1222100 ns, At safepoint: 24469 ns, Total: 1246569 ns
[2020-09-11T15:54:54.373+0000][1][safepoint    ] Safepoint "RevokeBias", Time since last: 474784218 ns, Reaching safepoint: 170140 ns, At safepoint: 24475 ns, Total: 194615 ns
[2020-09-11T15:54:55.374+0000][1][safepoint    ] Safepoint "Cleanup", Time since last: 1000139704 ns, Reaching safepoint: 135117 ns, At safepoint: 10537 ns, Total: 145654 ns
[2020-09-11T15:54:56.374+0000][1][safepoint    ] Safepoint "Cleanup", Time since last: 1000181033 ns, Reaching safepoint: 207910 ns, At safepoint: 21022 ns, Total: 228932 ns
[2020-09-11T15:54:57.374+0000][1][safepoint    ] Safepoint "Cleanup", Time since last: 1000178049 ns, Reaching safepoint: 119571 ns, At safepoint: 9913 ns, Total: 129484 ns
[2020-09-11T15:54:58.375+0000][1][safepoint    ] Safepoint "Cleanup", Time since last: 1000144912 ns, Reaching safepoint: 107651 ns, At safepoint: 10729 ns, Total: 118380 ns
[2020-09-11T15:54:59.375+0000][1][safepoint    ] Safepoint "Cleanup", Time since last: 1000144975 ns, Reaching safepoint: 171984 ns, At safepoint: 21303 ns, Total: 193287 ns
[2020-09-11T15:55:00.375+0000][1][safepoint    ] Safepoint "Cleanup", Time since last: 1000170861 ns, Reaching safepoint: 118948 ns, At safepoint: 9109 ns, Total: 128057 ns
[2020-09-11T15:55:01.375+0000][1][safepoint    ] Safepoint "Cleanup", Time since last: 1000131218 ns, Reaching safepoint: 144522 ns, At safepoint: 19194 ns, Total: 163716 ns
[2020-09-11T15:55:01.870+0000][1][safepoint    ] Safepoint "RevokeBias", Time since last: 494510998 ns, Reaching safepoint: 93068 ns, At safepoint: 26798 ns, Total: 119866 ns
[2020-09-11T15:55:01.920+0000][1][safepoint    ] Safepoint "RevokeBias", Time since last: 50106899 ns, Reaching safepoint: 89862 ns, At safepoint: 24463 ns, Total: 114325 ns
[2020-09-11T15:55:02.921+0000][1][safepoint    ] Safepoint "Cleanup", Time since last: 1000135131 ns, Reaching safepoint: 158908 ns, At safepoint: 21215 ns, Total: 180123 ns
[2020-09-11T15:55:03.855+0000][1][safepoint    ] Safepoint "RevokeBias", Time since last: 934050408 ns, Reaching safepoint: 93754 ns, At safepoint: 22825 ns, Total: 116579 ns
[2020-09-11T15:55:04.398+0000][1][safepoint    ] Safepoint "RevokeBias", Time since last: 543106574 ns, Reaching safepoint: 86967 ns, At safepoint: 22820 ns, Total: 109787 ns
[2020-09-11T15:55:05.398+0000][1][safepoint    ] Safepoint "Cleanup", Time since last: 1000133734 ns, Reaching safepoint: 122654 ns, At safepoint: 9242 ns, Total: 131896 ns
[2020-09-11T15:55:06.399+0000][1][safepoint    ] Safepoint "Cleanup", Time since last: 1000182663 ns, Reaching safepoint: 104614 ns, At safepoint: 10839 ns, Total: 115453 ns
[2020-09-11T15:55:07.399+0000][1][safepoint    ] Safepoint "Cleanup", Time since last: 1000182633 ns, Reaching safepoint: 108021 ns, At safepoint: 10514 ns, Total: 118535 ns
[2020-09-11T15:55:08.399+0000][1][safepoint    ] Safepoint "Cleanup", Time since last: 1000190468 ns, Reaching safepoint: 107379 ns, At safepoint: 9771 ns, Total: 117150 ns
[2020-09-11T15:55:09.400+0000][1][safepoint    ] Safepoint "Cleanup", Time since last: 1000194525 ns, Reaching safepoint: 105531 ns, At safepoint: 10045 ns, Total: 115576 ns
[2020-09-11T15:55:10.430+0000][1][safepoint    ] Safepoint "Cleanup", Time since last: 1029978908 ns, Reaching safepoint: 104746 ns, At safepoint: 9672 ns, Total: 114418 ns
[2020-09-11T15:55:11.430+0000][1][safepoint    ] Safepoint "Cleanup", Time since last: 1000183830 ns, Reaching safepoint: 99916 ns, At safepoint: 10650 ns, Total: 110566 ns
[2020-09-11T15:55:11.843+0000][1][gc,start     ] GC(120) Pause Young (Allocation Failure)
[2020-09-11T15:55:11.844+0000][1][gc,task      ] GC(120) Using 1 workers of 1 for evacuation
[2020-09-11T15:55:11.850+0000][1][gc,age       ] GC(120) Desired survivor size 4358144 bytes, new threshold 6 (max threshold 6)
[2020-09-11T15:55:11.851+0000][1][gc,age       ] GC(120) Age table with threshold 6 (max threshold 6)
[2020-09-11T15:55:11.851+0000][1][gc,age       ] GC(120) - age   1:     258352 bytes,     258352 total
[2020-09-11T15:55:11.851+0000][1][gc,age       ] GC(120) - age   2:     117176 bytes,     375528 total
[2020-09-11T15:55:11.851+0000][1][gc,age       ] GC(120) - age   3:     359008 bytes,     734536 total
[2020-09-11T15:55:11.851+0000][1][gc,age       ] GC(120) - age   4:     149856 bytes,     884392 total
[2020-09-11T15:55:11.851+0000][1][gc,age       ] GC(120) - age   5:     161472 bytes,    1045864 total
[2020-09-11T15:55:11.851+0000][1][gc,age       ] GC(120) - age   6:     150608 bytes,    1196472 total
[2020-09-11T15:55:11.851+0000][1][gc,heap      ] GC(120) ParNew: 70075K->1308K(76672K)
[2020-09-11T15:55:11.851+0000][1][gc,heap      ] GC(120) CMS: 95025K->95041K(439104K)
[2020-09-11T15:55:11.851+0000][1][gc,metaspace ] GC(120) Metaspace: 93415K->93415K(1134592K)
[2020-09-11T15:55:11.851+0000][1][gc           ] GC(120) Pause Young (Allocation Failure) 161M->94M(503M) 7.125ms
[2020-09-11T15:55:11.851+0000][1][gc,cpu       ] GC(120) User=0.01s Sys=0.00s Real=0.00s
[2020-09-11T15:55:11.851+0000][1][safepoint    ] Safepoint "GenCollectForAllocation", Time since last: 413366361 ns, Reaching safepoint: 214164 ns, At safepoint: 7190908 ns, Total: 7405072 ns
[2020-09-11T15:55:11.868+0000][1][safepoint    ] Safepoint "RevokeBias", Time since last: 17315637 ns, Reaching safepoint: 93034 ns, At safepoint: 37871 ns, Total: 130905 ns
[2020-09-11T15:55:11.926+0000][1][safepoint    ] Safepoint "RevokeBias", Time since last: 57895313 ns, Reaching safepoint: 147527 ns, At safepoint: 66802 ns, Total: 214329 ns
[2020-09-11T15:55:12.930+0000][1][safepoint    ] Safepoint "Cleanup", Time since last: 1003458956 ns, Reaching safepoint: 149967 ns, At safepoint: 51211 ns, Total: 201178 ns
[2020-09-11T15:55:13.890+0000][1][safepoint    ] Safepoint "RevokeBias", Time since last: 959517072 ns, Reaching safepoint: 165335 ns, At safepoint: 23021 ns, Total: 188356 ns
[2020-09-11T15:55:14.371+0000][1][safepoint    ] Safepoint "RevokeBias", Time since last: 481660594 ns, Reaching safepoint: 84798 ns, At safepoint: 22633 ns, Total: 107431 ns
[2020-09-11T15:55:15.372+0000][1][safepoint    ] Safepoint "Cleanup", Time since last: 1000137508 ns, Reaching safepoint: 130662 ns, At safepoint: 9931 ns, Total: 140593 ns
[2020-09-11T15:55:16.372+0000][1][safepoint    ] Safepoint "Cleanup", Time since last: 1000172371 ns, Reaching safepoint: 157491 ns, At safepoint: 22769 ns, Total: 180260 ns
[2020-09-11T15:55:17.372+0000][1][safepoint    ] Safepoint "Cleanup", Time since last: 1000187928 ns, Reaching safepoint: 145955 ns, At safepoint: 20805 ns, Total: 166760 ns
[2020-09-11T15:55:18.373+0000][1][safepoint    ] Safepoint "Cleanup", Time since last: 1000227374 ns, Reaching safepoint: 145169 ns, At safepoint: 20805 ns, Total: 165974 ns
[2020-09-11T15:55:19.373+0000][1][safepoint    ] Safepoint "Cleanup", Time since last: 1000301699 ns, Reaching safepoint: 151374 ns, At safepoint: 22916 ns, Total: 174290 ns
[2020-09-11T15:55:20.387+0000][1][safepoint    ] Safepoint "Cleanup", Time since last: 1013639428 ns, Reaching safepoint: 113162 ns, At safepoint: 9716 ns, Total: 122878 ns
[2020-09-11T15:55:21.387+0000][1][safepoint    ] Safepoint "Cleanup", Time since last: 1000139255 ns, Reaching safepoint: 116945 ns, At safepoint: 10064 ns, Total: 127009 ns
[2020-09-11T15:55:21.897+0000][1][safepoint    ] Safepoint "RevokeBias", Time since last: 509800201 ns, Reaching safepoint: 83395 ns, At safepoint: 21874 ns, Total: 105269 ns
[2020-09-11T15:55:21.921+0000][1][safepoint    ] Safepoint "RevokeBias", Time since last: 23896631 ns, Reaching safepoint: 85579 ns, At safepoint: 22645 ns, Total: 108224 ns
[2020-09-11T15:55:22.921+0000][1][safepoint    ] Safepoint "Cleanup", Time since last: 1000175738 ns, Reaching safepoint: 142828 ns, At safepoint: 20453 ns, Total: 163281 ns
[2020-09-11T15:55:23.922+0000][1][safepoint    ] Safepoint "Cleanup", Time since last: 1000210758 ns, Reaching safepoint: 275679 ns, At safepoint: 25331 ns, Total: 301010 ns
[2020-09-11T15:55:23.955+0000][1][safepoint    ] Safepoint "RevokeBias", Time since last: 32787810 ns, Reaching safepoint: 161619 ns, At safepoint: 23963 ns, Total: 185582 ns
[2020-09-11T15:55:24.369+0000][1][safepoint    ] Safepoint "BulkRevokeBias", Time since last: 413763406 ns, Reaching safepoint: 114300 ns, At safepoint: 215056 ns, Total: 329356 ns
[2020-09-11T15:55:25.369+0000][1][safepoint    ] Safepoint "Cleanup", Time since last: 1000190841 ns, Reaching safepoint: 149179 ns, At safepoint: 21479 ns, Total: 170658 ns
[2020-09-11T15:55:26.370+0000][1][safepoint    ] Safepoint "Cleanup", Time since last: 1000177400 ns, Reaching safepoint: 140425 ns, At safepoint: 20845 ns, Total: 161270 ns
[2020-09-11T15:55:27.370+0000][1][safepoint    ] Safepoint "Cleanup", Time since last: 1000213144 ns, Reaching safepoint: 143719 ns, At safepoint: 21917 ns, Total: 165636 ns
[2020-09-11T15:55:28.370+0000][1][safepoint    ] Safepoint "Cleanup", Time since last: 1000183743 ns, Reaching safepoint: 120640 ns, At safepoint: 10271 ns, Total: 130911 ns
[2020-09-11T15:55:29.371+0000][1][safepoint    ] Safepoint "Cleanup", Time since last: 1000169754 ns, Reaching safepoint: 105955 ns, At safepoint: 9554 ns, Total: 115509 ns
[2020-09-11T15:55:30.371+0000][1][safepoint    ] Safepoint "Cleanup", Time since last: 1000148555 ns, Reaching safepoint: 198225 ns, At safepoint: 22264 ns, Total: 220489 ns
[2020-09-11T15:55:31.371+0000][1][safepoint    ] Safepoint "Cleanup", Time since last: 1000207461 ns, Reaching safepoint: 100987 ns, At safepoint: 9894 ns, Total: 110881 ns
[2020-09-11T15:55:31.872+0000][1][safepoint    ] Safepoint "RevokeBias", Time since last: 500123818 ns, Reaching safepoint: 91586 ns, At safepoint: 25049 ns, Total: 116635 ns
[2020-09-11T15:55:31.909+0000][1][safepoint    ] Safepoint "RevokeBias", Time since last: 37411928 ns, Reaching safepoint: 92488 ns, At safepoint: 24714 ns, Total: 117202 ns
[2020-09-11T15:55:32.909+0000][1][safepoint    ] Safepoint "Cleanup", Time since last: 1000136630 ns, Reaching safepoint: 117390 ns, At safepoint: 9799 ns, Total: 127189 ns
[2020-09-11T15:55:33.877+0000][1][safepoint    ] Safepoint "RevokeBias", Time since last: 967779736 ns, Reaching safepoint: 169362 ns, At safepoint: 53282 ns, Total: 222644 ns
[2020-09-11T15:55:34.372+0000][1][safepoint    ] Safepoint "RevokeBias", Time since last: 494209461 ns, Reaching safepoint: 180851 ns, At safepoint: 29777 ns, Total: 210628 ns
[2020-09-11T15:55:35.372+0000][1][safepoint    ] Safepoint "Cleanup", Time since last: 1000192460 ns, Reaching safepoint: 101817 ns, At safepoint: 9724 ns, Total: 111541 ns
[2020-09-11T15:55:36.372+0000][1][safepoint    ] Safepoint "Cleanup", Time since last: 1000134268 ns, Reaching safepoint: 122886 ns, At safepoint: 8984 ns, Total: 131870 ns
[2020-09-11T15:55:37.373+0000][1][safepoint    ] Safepoint "Cleanup", Time since last: 1000156487 ns, Reaching safepoint: 71460 ns, At safepoint: 6648 ns, Total: 78108 ns
[2020-09-11T15:55:38.373+0000][1][safepoint    ] Safepoint "Cleanup", Time since last: 1000086086 ns, Reaching safepoint: 147956 ns, At safepoint: 7128 ns, Total: 155084 ns
[2020-09-11T15:55:39.373+0000][1][safepoint    ] Safepoint "Cleanup", Time since last: 1000181076 ns, Reaching safepoint: 106929 ns, At safepoint: 10837 ns, Total: 117766 ns
[2020-09-11T15:55:40.384+0000][1][safepoint    ] Safepoint "Cleanup", Time since last: 1010546719 ns, Reaching safepoint: 102277 ns, At safepoint: 10155 ns, Total: 112432 ns
[2020-09-11T15:55:41.154+0000][1][gc,start     ] GC(121) Pause Young (Allocation Failure)
[2020-09-11T15:55:41.154+0000][1][gc,task      ] GC(121) Using 1 workers of 1 for evacuation
[2020-09-11T15:55:41.161+0000][1][gc,age       ] GC(121) Desired survivor size 4358144 bytes, new threshold 6 (max threshold 6)
[2020-09-11T15:55:41.161+0000][1][gc,age       ] GC(121) Age table with threshold 6 (max threshold 6)
[2020-09-11T15:55:41.161+0000][1][gc,age       ] GC(121) - age   1:     170472 bytes,     170472 total
[2020-09-11T15:55:41.161+0000][1][gc,age       ] GC(121) - age   2:     196304 bytes,     366776 total
[2020-09-11T15:55:41.161+0000][1][gc,age       ] GC(121) - age   3:     115648 bytes,     482424 total
[2020-09-11T15:55:41.161+0000][1][gc,age       ] GC(121) - age   4:     277040 bytes,     759464 total
[2020-09-11T15:55:41.161+0000][1][gc,age       ] GC(121) - age   5:     149856 bytes,     909320 total
[2020-09-11T15:55:41.161+0000][1][gc,age       ] GC(121) - age   6:     161472 bytes,    1070792 total
[2020-09-11T15:55:41.161+0000][1][gc,heap      ] GC(121) ParNew: 69468K->2079K(76672K)
[2020-09-11T15:55:41.161+0000][1][gc,heap      ] GC(121) CMS: 95041K->95192K(439104K)
[2020-09-11T15:55:41.161+0000][1][gc,metaspace ] GC(121) Metaspace: 93417K->93417K(1134592K)
[2020-09-11T15:55:41.161+0000][1][gc           ] GC(121) Pause Young (Allocation Failure) 160M->94M(503M) 7.292ms
[2020-09-11T15:55:41.161+0000][1][gc,cpu       ] GC(121) User=0.01s Sys=0.00s Real=0.01s
[2020-09-11T15:55:41.161+0000][1][safepoint    ] Safepoint "GenCollectForAllocation", Time since last: 770030280 ns, Reaching safepoint: 197478 ns, At safepoint: 7352556 ns, Total: 7550034 ns
[2020-09-11T15:55:41.902+0000][1][safepoint    ] Safepoint "RevokeBias", Time since last: 740060474 ns, Reaching safepoint: 90438 ns, At safepoint: 38494 ns, Total: 128932 ns
[2020-09-11T15:55:41.942+0000][1][safepoint    ] Safepoint "RevokeBias", Time since last: 40661344 ns, Reaching safepoint: 138294 ns, At safepoint: 29096 ns, Total: 167390 ns
[2020-09-11T15:55:42.943+0000][1][safepoint    ] Safepoint "Cleanup", Time since last: 1000145381 ns, Reaching safepoint: 151437 ns, At safepoint: 23350 ns, Total: 174787 ns
[2020-09-11T15:55:43.863+0000][1][safepoint    ] Safepoint "RevokeBias", Time since last: 919971242 ns, Reaching safepoint: 95781 ns, At safepoint: 23215 ns, Total: 118996 ns
[2020-09-11T15:55:44.394+0000][1][safepoint    ] Safepoint "RevokeBias", Time since last: 531228489 ns, Reaching safepoint: 95566 ns, At safepoint: 26009 ns, Total: 121575 ns
[2020-09-11T15:55:45.395+0000][1][safepoint    ] Safepoint "Cleanup", Time since last: 1000165502 ns, Reaching safepoint: 102892 ns, At safepoint: 9920 ns, Total: 112812 ns
[2020-09-11T15:55:46.395+0000][1][safepoint    ] Safepoint "Cleanup", Time since last: 1000173829 ns, Reaching safepoint: 103906 ns, At safepoint: 10138 ns, Total: 114044 ns
[2020-09-11T15:55:47.395+0000][1][safepoint    ] Safepoint "Cleanup", Time since last: 1000138204 ns, Reaching safepoint: 120687 ns, At safepoint: 7205 ns, Total: 127892 ns
[2020-09-11T15:55:48.395+0000][1][safepoint    ] Safepoint "Cleanup", Time since last: 1000141209 ns, Reaching safepoint: 114798 ns, At safepoint: 8364 ns, Total: 123162 ns
[2020-09-11T15:55:49.396+0000][1][safepoint    ] Safepoint "Cleanup", Time since last: 1000103560 ns, Reaching safepoint: 69792 ns, At safepoint: 7289 ns, Total: 77081 ns
[2020-09-11T15:55:50.398+0000][1][safepoint    ] Safepoint "Cleanup", Time since last: 1001956219 ns, Reaching safepoint: 120818 ns, At safepoint: 8190 ns, Total: 129008 ns
[2020-09-11T15:55:51.398+0000][1][safepoint    ] Safepoint "Cleanup", Time since last: 1000173992 ns, Reaching safepoint: 101772 ns, At safepoint: 8900 ns, Total: 110672 ns
[2020-09-11T15:55:51.855+0000][1][safepoint    ] Safepoint "RevokeBias", Time since last: 457263693 ns, Reaching safepoint: 93476 ns, At safepoint: 25911 ns, Total: 119387 ns
[2020-09-11T15:55:51.934+0000][1][safepoint    ] Safepoint "RevokeBias", Time since last: 77921288 ns, Reaching safepoint: 277383 ns, At safepoint: 54294 ns, Total: 331677 ns
[2020-09-11T15:55:52.934+0000][1][safepoint    ] Safepoint "Cleanup", Time since last: 1000211214 ns, Reaching safepoint: 185335 ns, At safepoint: 21964 ns, Total: 207299 ns
[2020-09-11T15:55:53.935+0000][1][safepoint    ] Safepoint "Cleanup", Time since last: 1000791877 ns, Reaching safepoint: 76709 ns, At safepoint: 9187 ns, Total: 85896 ns
[2020-09-11T15:55:53.987+0000][1][safepoint    ] Safepoint "RevokeBias", Time since last: 52422960 ns, Reaching safepoint: 170768 ns, At safepoint: 27370 ns, Total: 198138 ns
[2020-09-11T15:55:54.370+0000][1][safepoint    ] Safepoint "RevokeBias", Time since last: 382298236 ns, Reaching safepoint: 88203 ns, At safepoint: 26095 ns, Total: 114298 ns
[2020-09-11T15:55:55.370+0000][1][safepoint    ] Safepoint "Cleanup", Time since last: 1000130396 ns, Reaching safepoint: 149359 ns, At safepoint: 21349 ns, Total: 170708 ns
[2020-09-11T15:55:56.372+0000][1][safepoint    ] Safepoint "Cleanup", Time since last: 1001889407 ns, Reaching safepoint: 146045 ns, At safepoint: 21566 ns, Total: 167611 ns
[2020-09-11T15:55:57.373+0000][1][safepoint    ] Safepoint "Cleanup", Time since last: 1000196119 ns, Reaching safepoint: 110536 ns, At safepoint: 10179 ns, Total: 120715 ns
[2020-09-11T15:55:58.373+0000][1][safepoint    ] Safepoint "Cleanup", Time since last: 1000191269 ns, Reaching safepoint: 215324 ns, At safepoint: 21917 ns, Total: 237241 ns
[2020-09-11T15:55:59.373+0000][1][safepoint    ] Safepoint "Cleanup", Time since last: 1000209320 ns, Reaching safepoint: 136383 ns, At safepoint: 10600 ns, Total: 146983 ns
[2020-09-11T15:56:00.374+0000][1][safepoint    ] Safepoint "Cleanup", Time since last: 1000181396 ns, Reaching safepoint: 149744 ns, At safepoint: 21369 ns, Total: 171113 ns
[2020-09-11T15:56:01.374+0000][1][safepoint    ] Safepoint "Cleanup", Time since last: 1000246200 ns, Reaching safepoint: 219052 ns, At safepoint: 24914 ns, Total: 243966 ns
[2020-09-11T15:56:01.890+0000][1][safepoint    ] Safepoint "RevokeBias", Time since last: 515869760 ns, Reaching safepoint: 109195 ns, At safepoint: 32871 ns, Total: 142066 ns
[2020-09-11T15:56:01.910+0000][1][safepoint    ] Safepoint "RevokeBias", Time since last: 19714338 ns, Reaching safepoint: 92455 ns, At safepoint: 27959 ns, Total: 120414 ns
[2020-09-11T15:56:02.910+0000][1][safepoint    ] Safepoint "Cleanup", Time since last: 1000164710 ns, Reaching safepoint: 115041 ns, At safepoint: 10703 ns, Total: 125744 ns
[2020-09-11T15:56:03.832+0000][1][safepoint    ] Safepoint "RevokeBias", Time since last: 922061526 ns, Reaching safepoint: 93443 ns, At safepoint: 23486 ns, Total: 116929 ns
[2020-09-11T15:56:04.423+0000][1][safepoint    ] Safepoint "RevokeBias", Time since last: 589625769 ns, Reaching safepoint: 446073 ns, At safepoint: 58107 ns, Total: 504180 ns
[2020-09-11T15:56:05.423+0000][1][safepoint    ] Safepoint "Cleanup", Time since last: 1000207935 ns, Reaching safepoint: 147662 ns, At safepoint: 22218 ns, Total: 169880 ns
[2020-09-11T15:56:09.424+0000][1][safepoint    ] Safepoint "Cleanup", Time since last: 4000480889 ns, Reaching safepoint: 87203 ns, At safepoint: 10368 ns, Total: 97571 ns
[2020-09-11T15:56:11.215+0000][1][gc,start     ] GC(122) Pause Young (Allocation Failure)
[2020-09-11T15:56:11.215+0000][1][gc,task      ] GC(122) Using 1 workers of 1 for evacuation
[2020-09-11T15:56:11.222+0000][1][gc,age       ] GC(122) Desired survivor size 4358144 bytes, new threshold 6 (max threshold 6)
[2020-09-11T15:56:11.222+0000][1][gc,age       ] GC(122) Age table with threshold 6 (max threshold 6)
[2020-09-11T15:56:11.222+0000][1][gc,age       ] GC(122) - age   1:     467728 bytes,     467728 total
[2020-09-11T15:56:11.222+0000][1][gc,age       ] GC(122) - age   2:     120120 bytes,     587848 total
[2020-09-11T15:56:11.222+0000][1][gc,age       ] GC(122) - age   3:     196032 bytes,     783880 total
[2020-09-11T15:56:11.222+0000][1][gc,age       ] GC(122) - age   4:      82296 bytes,     866176 total
[2020-09-11T15:56:11.222+0000][1][gc,age       ] GC(122) - age   5:      19656 bytes,     885832 total
[2020-09-11T15:56:11.222+0000][1][gc,age       ] GC(122) - age   6:     149856 bytes,    1035688 total
[2020-09-11T15:56:11.222+0000][1][gc,heap      ] GC(122) ParNew: 70239K->1304K(76672K)
[2020-09-11T15:56:11.222+0000][1][gc,heap      ] GC(122) CMS: 95192K->95354K(439104K)
[2020-09-11T15:56:11.222+0000][1][gc,metaspace ] GC(122) Metaspace: 93434K->93434K(1134592K)
[2020-09-11T15:56:11.222+0000][1][gc           ] GC(122) Pause Young (Allocation Failure) 161M->94M(503M) 7.610ms
[2020-09-11T15:56:11.222+0000][1][gc,cpu       ] GC(122) User=0.00s Sys=0.00s Real=0.01s
[2020-09-11T15:56:11.222+0000][1][safepoint    ] Safepoint "GenCollectForAllocation", Time since last: 1790640707 ns, Reaching safepoint: 304272 ns, At safepoint: 7674697 ns, Total: 7978969 ns
[2020-09-11T15:56:11.863+0000][1][safepoint    ] Safepoint "RevokeBias", Time since last: 640676433 ns, Reaching safepoint: 88292 ns, At safepoint: 23971 ns, Total: 112263 ns
[2020-09-11T15:56:11.926+0000][1][safepoint    ] Safepoint "RevokeBias", Time since last: 62959487 ns, Reaching safepoint: 90944 ns, At safepoint: 26464 ns, Total: 117408 ns
[2020-09-11T15:56:13.926+0000][1][safepoint    ] Safepoint "Cleanup", Time since last: 2000248642 ns, Reaching safepoint: 160188 ns, At safepoint: 13986 ns, Total: 174174 ns
[2020-09-11T15:56:13.945+0000][1][safepoint    ] Safepoint "RevokeBias", Time since last: 18690642 ns, Reaching safepoint: 86233 ns, At safepoint: 22504 ns, Total: 108737 ns
[2020-09-11T15:56:14.384+0000][1][safepoint    ] Safepoint "RevokeBias", Time since last: 438578245 ns, Reaching safepoint: 83614 ns, At safepoint: 21860 ns, Total: 105474 ns
[2020-09-11T15:56:21.932+0000][1][safepoint    ] Safepoint "RevokeBias", Time since last: 7546998752 ns, Reaching safepoint: 387211 ns, At safepoint: 484177 ns, Total: 871388 ns
[2020-09-11T15:56:21.994+0000][1][safepoint    ] Safepoint "RevokeBias", Time since last: 61971128 ns, Reaching safepoint: 285344 ns, At safepoint: 81447 ns, Total: 366791 ns
[2020-09-11T15:56:22.995+0000][1][safepoint    ] Safepoint "Cleanup", Time since last: 1000207380 ns, Reaching safepoint: 147278 ns, At safepoint: 18736 ns, Total: 166014 ns
[2020-09-11T15:56:23.828+0000][1][safepoint    ] Safepoint "RevokeBias", Time since last: 833098756 ns, Reaching safepoint: 208835 ns, At safepoint: 28023 ns, Total: 236858 ns
[2020-09-11T15:56:24.370+0000][1][safepoint    ] Safepoint "RevokeBias", Time since last: 542337404 ns, Reaching safepoint: 91066 ns, At safepoint: 26824 ns, Total: 117890 ns
[2020-09-11T15:56:31.856+0000][1][safepoint    ] Safepoint "RevokeBias", Time since last: 7485418070 ns, Reaching safepoint: 89777 ns, At safepoint: 41042 ns, Total: 130819 ns
[2020-09-11T15:56:31.946+0000][1][safepoint    ] Safepoint "RevokeBias", Time since last: 90240908 ns, Reaching safepoint: 92795 ns, At safepoint: 28627 ns, Total: 121422 ns
[2020-09-11T15:56:33.873+0000][1][safepoint    ] Safepoint "RevokeBias", Time since last: 1926481251 ns, Reaching safepoint: 121034 ns, At safepoint: 23011 ns, Total: 144045 ns
[2020-09-11T15:56:34.371+0000][1][safepoint    ] Safepoint "BulkRevokeBias", Time since last: 497872943 ns, Reaching safepoint: 90987 ns, At safepoint: 213792 ns, Total: 304779 ns
[2020-09-11T15:56:36.248+0000][1][gc,start     ] GC(123) Pause Young (Allocation Failure)
[2020-09-11T15:56:36.248+0000][1][gc,task      ] GC(123) Using 1 workers of 1 for evacuation
[2020-09-11T15:56:36.255+0000][1][gc,age       ] GC(123) Desired survivor size 4358144 bytes, new threshold 6 (max threshold 6)
[2020-09-11T15:56:36.255+0000][1][gc,age       ] GC(123) Age table with threshold 6 (max threshold 6)
[2020-09-11T15:56:36.255+0000][1][gc,age       ] GC(123) - age   1:     284888 bytes,     284888 total
[2020-09-11T15:56:36.255+0000][1][gc,age       ] GC(123) - age   2:     419840 bytes,     704728 total
[2020-09-11T15:56:36.255+0000][1][gc,age       ] GC(123) - age   3:     119832 bytes,     824560 total
[2020-09-11T15:56:36.255+0000][1][gc,age       ] GC(123) - age   4:     185200 bytes,    1009760 total
[2020-09-11T15:56:36.255+0000][1][gc,age       ] GC(123) - age   5:      33208 bytes,    1042968 total
[2020-09-11T15:56:36.255+0000][1][gc,age       ] GC(123) - age   6:      19656 bytes,    1062624 total
[2020-09-11T15:56:36.255+0000][1][gc,heap      ] GC(123) ParNew: 69464K->1843K(76672K)
[2020-09-11T15:56:36.255+0000][1][gc,heap      ] GC(123) CMS: 95354K->95501K(439104K)
[2020-09-11T15:56:36.255+0000][1][gc,metaspace ] GC(123) Metaspace: 93453K->93453K(1134592K)
[2020-09-11T15:56:36.255+0000][1][gc           ] GC(123) Pause Young (Allocation Failure) 160M->95M(503M) 6.572ms
[2020-09-11T15:56:36.255+0000][1][gc,cpu       ] GC(123) User=0.01s Sys=0.00s Real=0.01s
[2020-09-11T15:56:36.255+0000][1][safepoint    ] Safepoint "GenCollectForAllocation", Time since last: 1876942825 ns, Reaching safepoint: 198355 ns, At safepoint: 6651052 ns, Total: 6849407 ns
[2020-09-11T15:56:41.865+0000][1][safepoint    ] Safepoint "RevokeBias", Time since last: 5610089487 ns, Reaching safepoint: 94589 ns, At safepoint: 27157 ns, Total: 121746 ns
[2020-09-11T15:56:41.919+0000][1][safepoint    ] Safepoint "RevokeBias", Time since last: 54130735 ns, Reaching safepoint: 88833 ns, At safepoint: 26719 ns, Total: 115552 ns
[2020-09-11T15:56:43.881+0000][1][safepoint    ] Safepoint "RevokeBias", Time since last: 1961349438 ns, Reaching safepoint: 100216 ns, At safepoint: 49390 ns, Total: 149606 ns
[2020-09-11T15:56:44.369+0000][1][safepoint    ] Safepoint "RevokeBias", Time since last: 488167342 ns, Reaching safepoint: 93262 ns, At safepoint: 27174 ns, Total: 120436 ns
[2020-09-11T15:56:45.369+0000][1][safepoint    ] Safepoint "Cleanup", Time since last: 1000140960 ns, Reaching safepoint: 121501 ns, At safepoint: 10237 ns, Total: 131738 ns
[2020-09-11T15:56:46.370+0000][1][safepoint    ] Safepoint "Cleanup", Time since last: 1000135219 ns, Reaching safepoint: 117001 ns, At safepoint: 8985 ns, Total: 125986 ns
[2020-09-11T15:56:47.370+0000][1][safepoint    ] Safepoint "Cleanup", Time since last: 1000190862 ns, Reaching safepoint: 103594 ns, At safepoint: 10042 ns, Total: 113636 ns
[2020-09-11T15:56:48.370+0000][1][safepoint    ] Safepoint "Cleanup", Time since last: 1000166991 ns, Reaching safepoint: 116945 ns, At safepoint: 7856 ns, Total: 124801 ns
[2020-09-11T15:56:49.371+0000][1][safepoint    ] Safepoint "Cleanup", Time since last: 1000187814 ns, Reaching safepoint: 109650 ns, At safepoint: 10046 ns, Total: 119696 ns
[2020-09-11T15:56:50.373+0000][1][safepoint    ] Safepoint "Cleanup", Time since last: 1002030146 ns, Reaching safepoint: 107450 ns, At safepoint: 9893 ns, Total: 117343 ns
[2020-09-11T15:56:51.373+0000][1][safepoint    ] Safepoint "Cleanup", Time since last: 1000183209 ns, Reaching safepoint: 132534 ns, At safepoint: 20725 ns, Total: 153259 ns
[2020-09-11T15:56:51.861+0000][1][safepoint    ] Safepoint "RevokeBias", Time since last: 487851195 ns, Reaching safepoint: 206399 ns, At safepoint: 27324 ns, Total: 233723 ns
[2020-09-11T15:56:51.948+0000][1][safepoint    ] Safepoint "RevokeBias", Time since last: 87090211 ns, Reaching safepoint: 110639 ns, At safepoint: 27420 ns, Total: 138059 ns
[2020-09-11T15:56:52.949+0000][1][safepoint    ] Safepoint "Cleanup", Time since last: 1000131407 ns, Reaching safepoint: 155804 ns, At safepoint: 19818 ns, Total: 175622 ns
[2020-09-11T15:56:53.809+0000][1][safepoint    ] Safepoint "RevokeBias", Time since last: 860680954 ns, Reaching safepoint: 101699 ns, At safepoint: 23658 ns, Total: 125357 ns
[2020-09-11T15:56:54.421+0000][1][safepoint    ] Safepoint "RevokeBias", Time since last: 611574067 ns, Reaching safepoint: 84560 ns, At safepoint: 21530 ns, Total: 106090 ns
[2020-09-11T15:56:55.421+0000][1][safepoint    ] Safepoint "Cleanup", Time since last: 1000159931 ns, Reaching safepoint: 145978 ns, At safepoint: 22255 ns, Total: 168233 ns
[2020-09-11T15:56:56.422+0000][1][safepoint    ] Safepoint "Cleanup", Time since last: 1000241080 ns, Reaching safepoint: 145671 ns, At safepoint: 19060 ns, Total: 164731 ns
[2020-09-11T15:56:57.422+0000][1][safepoint    ] Safepoint "Cleanup", Time since last: 1000222835 ns, Reaching safepoint: 145143 ns, At safepoint: 19341 ns, Total: 164484 ns
[2020-09-11T15:56:58.423+0000][1][safepoint    ] Safepoint "Cleanup", Time since last: 1000180406 ns, Reaching safepoint: 123826 ns, At safepoint: 8778 ns, Total: 132604 ns
[2020-09-11T15:56:59.423+0000][1][safepoint    ] Safepoint "Cleanup", Time since last: 1000139099 ns, Reaching safepoint: 224522 ns, At safepoint: 22438 ns, Total: 246960 ns
[2020-09-11T15:57:00.423+0000][1][safepoint    ] Safepoint "Cleanup", Time since last: 1000171559 ns, Reaching safepoint: 130476 ns, At safepoint: 9236 ns, Total: 139712 ns
[2020-09-11T15:57:01.424+0000][1][safepoint    ] Safepoint "Cleanup", Time since last: 1000143787 ns, Reaching safepoint: 122905 ns, At safepoint: 9702 ns, Total: 132607 ns
[2020-09-11T15:57:01.888+0000][1][safepoint    ] Safepoint "RevokeBias", Time since last: 464697929 ns, Reaching safepoint: 97748 ns, At safepoint: 35790 ns, Total: 133538 ns
[2020-09-11T15:57:01.925+0000][1][safepoint    ] Safepoint "RevokeBias", Time since last: 36630830 ns, Reaching safepoint: 85231 ns, At safepoint: 23683 ns, Total: 108914 ns
[2020-09-11T15:57:02.925+0000][1][safepoint    ] Safepoint "Cleanup", Time since last: 1000172880 ns, Reaching safepoint: 187825 ns, At safepoint: 19584 ns, Total: 207409 ns
[2020-09-11T15:57:03.873+0000][1][safepoint    ] Safepoint "RevokeBias", Time since last: 947541328 ns, Reaching safepoint: 93767 ns, At safepoint: 48504 ns, Total: 142271 ns
[2020-09-11T15:57:04.371+0000][1][safepoint    ] Safepoint "RevokeBias", Time since last: 497348208 ns, Reaching safepoint: 89036 ns, At safepoint: 22989 ns, Total: 112025 ns
[2020-09-11T15:57:05.371+0000][1][safepoint    ] Safepoint "Cleanup", Time since last: 1000172893 ns, Reaching safepoint: 99015 ns, At safepoint: 8571 ns, Total: 107586 ns
[2020-09-11T15:57:06.295+0000][1][gc,start     ] GC(124) Pause Young (Allocation Failure)
[2020-09-11T15:57:06.295+0000][1][gc,task      ] GC(124) Using 1 workers of 1 for evacuation
[2020-09-11T15:57:06.301+0000][1][gc,age       ] GC(124) Desired survivor size 4358144 bytes, new threshold 6 (max threshold 6)
[2020-09-11T15:57:06.301+0000][1][gc,age       ] GC(124) Age table with threshold 6 (max threshold 6)
[2020-09-11T15:57:06.301+0000][1][gc,age       ] GC(124) - age   1:     350552 bytes,     350552 total
[2020-09-11T15:57:06.301+0000][1][gc,age       ] GC(124) - age   2:     235408 bytes,     585960 total
[2020-09-11T15:57:06.301+0000][1][gc,age       ] GC(124) - age   3:     419568 bytes,    1005528 total
[2020-09-11T15:57:06.301+0000][1][gc,age       ] GC(124) - age   4:      27496 bytes,    1033024 total
[2020-09-11T15:57:06.301+0000][1][gc,age       ] GC(124) - age   5:      66040 bytes,    1099064 total
[2020-09-11T15:57:06.301+0000][1][gc,age       ] GC(124) - age   6:      32912 bytes,    1131976 total
[2020-09-11T15:57:06.301+0000][1][gc,heap      ] GC(124) ParNew: 70003K->1239K(76672K)
[2020-09-11T15:57:06.301+0000][1][gc,heap      ] GC(124) CMS: 95501K->95520K(439104K)
[2020-09-11T15:57:06.301+0000][1][gc,metaspace ] GC(124) Metaspace: 93455K->93455K(1134592K)
[2020-09-11T15:57:06.301+0000][1][gc           ] GC(124) Pause Young (Allocation Failure) 161M->94M(503M) 5.762ms
[2020-09-11T15:57:06.301+0000][1][gc,cpu       ] GC(124) User=0.01s Sys=0.00s Real=0.01s
[2020-09-11T15:57:06.301+0000][1][safepoint    ] Safepoint "GenCollectForAllocation", Time since last: 924088901 ns, Reaching safepoint: 192948 ns, At safepoint: 5821792 ns, Total: 6014740 ns
[2020-09-11T15:57:07.303+0000][1][safepoint    ] Safepoint "Cleanup", Time since last: 1001331019 ns, Reaching safepoint: 135387 ns, At safepoint: 834504 ns, Total: 969891 ns
[2020-09-11T15:57:08.304+0000][1][safepoint    ] Safepoint "Cleanup", Time since last: 1000192297 ns, Reaching safepoint: 73309 ns, At safepoint: 15135 ns, Total: 88444 ns
[2020-09-11T15:57:09.304+0000][1][safepoint    ] Safepoint "Cleanup", Time since last: 1000246903 ns, Reaching safepoint: 76414 ns, At safepoint: 27241 ns, Total: 103655 ns
[2020-09-11T15:57:10.304+0000][1][safepoint    ] Safepoint "Cleanup", Time since last: 1000123580 ns, Reaching safepoint: 78524 ns, At safepoint: 19497 ns, Total: 98021 ns
[2020-09-11T15:57:11.305+0000][1][safepoint    ] Safepoint "Cleanup", Time since last: 1000136991 ns, Reaching safepoint: 248594 ns, At safepoint: 20367 ns, Total: 268961 ns
[2020-09-11T15:57:11.888+0000][1][safepoint    ] Safepoint "RevokeBias", Time since last: 583814372 ns, Reaching safepoint: 94705 ns, At safepoint: 25478 ns, Total: 120183 ns
[2020-09-11T15:57:11.920+0000][1][safepoint    ] Safepoint "RevokeBias", Time since last: 31832117 ns, Reaching safepoint: 90020 ns, At safepoint: 26952 ns, Total: 116972 ns
[2020-09-11T15:57:12.921+0000][1][safepoint    ] Safepoint "Cleanup", Time since last: 1000139944 ns, Reaching safepoint: 120737 ns, At safepoint: 9832 ns, Total: 130569 ns
[2020-09-11T15:57:13.865+0000][1][safepoint    ] Safepoint "RevokeBias", Time since last: 944672863 ns, Reaching safepoint: 89927 ns, At safepoint: 23601 ns, Total: 113528 ns
[2020-09-11T15:57:14.367+0000][1][safepoint    ] Safepoint "RevokeBias", Time since last: 501865382 ns, Reaching safepoint: 91390 ns, At safepoint: 24439 ns, Total: 115829 ns
[2020-09-11T15:57:15.368+0000][1][safepoint    ] Safepoint "Cleanup", Time since last: 1000182453 ns, Reaching safepoint: 149663 ns, At safepoint: 21135 ns, Total: 170798 ns
[2020-09-11T15:57:16.368+0000][1][safepoint    ] Safepoint "Cleanup", Time since last: 1000234640 ns, Reaching safepoint: 110110 ns, At safepoint: 9857 ns, Total: 119967 ns
[2020-09-11T15:57:17.368+0000][1][safepoint    ] Safepoint "Cleanup", Time since last: 1000151455 ns, Reaching safepoint: 137061 ns, At safepoint: 20918 ns, Total: 157979 ns
[2020-09-11T15:57:18.369+0000][1][safepoint    ] Safepoint "Cleanup", Time since last: 1000202259 ns, Reaching safepoint: 187242 ns, At safepoint: 19144 ns, Total: 206386 ns
[2020-09-11T15:57:19.369+0000][1][safepoint    ] Safepoint "Cleanup", Time since last: 1000194500 ns, Reaching safepoint: 142751 ns, At safepoint: 20844 ns, Total: 163595 ns
[2020-09-11T15:57:20.419+0000][1][safepoint    ] Safepoint "Cleanup", Time since last: 1049668671 ns, Reaching safepoint: 101654 ns, At safepoint: 10523 ns, Total: 112177 ns
[2020-09-11T15:57:21.419+0000][1][safepoint    ] Safepoint "Cleanup", Time since last: 1000138558 ns, Reaching safepoint: 225162 ns, At safepoint: 10201 ns, Total: 235363 ns
[2020-09-11T15:57:21.861+0000][1][safepoint    ] Safepoint "RevokeBias", Time since last: 441452328 ns, Reaching safepoint: 87056 ns, At safepoint: 27148 ns, Total: 114204 ns
[2020-09-11T15:57:21.935+0000][1][safepoint    ] Safepoint "RevokeBias", Time since last: 73931925 ns, Reaching safepoint: 168152 ns, At safepoint: 52247 ns, Total: 220399 ns
[2020-09-11T15:57:22.936+0000][1][safepoint    ] Safepoint "Cleanup", Time since last: 1000196931 ns, Reaching safepoint: 152152 ns, At safepoint: 21546 ns, Total: 173698 ns
[2020-09-11T15:57:23.936+0000][1][safepoint    ] Safepoint "Cleanup", Time since last: 1000183255 ns, Reaching safepoint: 442475 ns, At safepoint: 24012 ns, Total: 466487 ns
[2020-09-11T15:57:23.944+0000][1][safepoint    ] Safepoint "RevokeBias", Time since last: 7356450 ns, Reaching safepoint: 90940 ns, At safepoint: 23905 ns, Total: 114845 ns
[2020-09-11T15:57:24.392+0000][1][safepoint    ] Safepoint "RevokeBias", Time since last: 448418665 ns, Reaching safepoint: 91890 ns, At safepoint: 24367 ns, Total: 116257 ns
[2020-09-11T15:57:25.392+0000][1][safepoint    ] Safepoint "Cleanup", Time since last: 1000165426 ns, Reaching safepoint: 112421 ns, At safepoint: 9840 ns, Total: 122261 ns
[2020-09-11T15:57:26.393+0000][1][safepoint    ] Safepoint "Cleanup", Time since last: 1000180240 ns, Reaching safepoint: 168062 ns, At safepoint: 19702 ns, Total: 187764 ns
[2020-09-11T15:57:27.393+0000][1][safepoint    ] Safepoint "Cleanup", Time since last: 1000245792 ns, Reaching safepoint: 148403 ns, At safepoint: 20073 ns, Total: 168476 ns
[2020-09-11T15:57:28.394+0000][1][safepoint    ] Safepoint "Cleanup", Time since last: 1000189179 ns, Reaching safepoint: 116291 ns, At safepoint: 10699 ns, Total: 126990 ns
[2020-09-11T15:57:29.394+0000][1][safepoint    ] Safepoint "Cleanup", Time since last: 1000181316 ns, Reaching safepoint: 148230 ns, At safepoint: 20764 ns, Total: 168994 ns
[2020-09-11T15:57:30.394+0000][1][safepoint    ] Safepoint "Cleanup", Time since last: 1000220967 ns, Reaching safepoint: 140349 ns, At safepoint: 20601 ns, Total: 160950 ns
[2020-09-11T15:57:31.395+0000][1][safepoint    ] Safepoint "Cleanup", Time since last: 1000300330 ns, Reaching safepoint: 140008 ns, At safepoint: 21085 ns, Total: 161093 ns
[2020-09-11T15:57:31.872+0000][1][safepoint    ] Safepoint "RevokeBias", Time since last: 477192629 ns, Reaching safepoint: 93894 ns, At safepoint: 27533 ns, Total: 121427 ns
[2020-09-11T15:57:31.927+0000][1][safepoint    ] Safepoint "RevokeBias", Time since last: 54588655 ns, Reaching safepoint: 93251 ns, At safepoint: 26778 ns, Total: 120029 ns
[2020-09-11T15:57:32.927+0000][1][safepoint    ] Safepoint "Cleanup", Time since last: 1000139245 ns, Reaching safepoint: 122733 ns, At safepoint: 8658 ns, Total: 131391 ns
[2020-09-11T15:57:33.898+0000][1][safepoint    ] Safepoint "RevokeBias", Time since last: 971238437 ns, Reaching safepoint: 86034 ns, At safepoint: 23392 ns, Total: 109426 ns
[2020-09-11T15:57:34.390+0000][1][safepoint    ] Safepoint "RevokeBias", Time since last: 491500354 ns, Reaching safepoint: 84380 ns, At safepoint: 21874 ns, Total: 106254 ns
[2020-09-11T15:57:35.390+0000][1][safepoint    ] Safepoint "Cleanup", Time since last: 1000177881 ns, Reaching safepoint: 109872 ns, At safepoint: 10454 ns, Total: 120326 ns
[2020-09-11T15:57:36.358+0000][1][gc,start     ] GC(125) Pause Young (Allocation Failure)
[2020-09-11T15:57:36.358+0000][1][gc,task      ] GC(125) Using 1 workers of 1 for evacuation
[2020-09-11T15:57:36.367+0000][1][gc,age       ] GC(125) Desired survivor size 4358144 bytes, new threshold 6 (max threshold 6)
[2020-09-11T15:57:36.367+0000][1][gc,age       ] GC(125) Age table with threshold 6 (max threshold 6)
[2020-09-11T15:57:36.367+0000][1][gc,age       ] GC(125) - age   1:      90208 bytes,      90208 total
[2020-09-11T15:57:36.367+0000][1][gc,age       ] GC(125) - age   2:     300272 bytes,     390480 total
[2020-09-11T15:57:36.367+0000][1][gc,age       ] GC(125) - age   3:     235120 bytes,     625600 total
[2020-09-11T15:57:36.367+0000][1][gc,age       ] GC(125) - age   4:     410440 bytes,    1036040 total
[2020-09-11T15:57:36.367+0000][1][gc,age       ] GC(125) - age   5:      27496 bytes,    1063536 total
[2020-09-11T15:57:36.367+0000][1][gc,age       ] GC(125) - age   6:      60280 bytes,    1123816 total
[2020-09-11T15:57:36.367+0000][1][gc,heap      ] GC(125) ParNew: 69399K->1967K(76672K)
[2020-09-11T15:57:36.367+0000][1][gc,heap      ] GC(125) CMS: 95520K->95552K(439104K)
[2020-09-11T15:57:36.367+0000][1][gc,metaspace ] GC(125) Metaspace: 93460K->93460K(1134592K)
[2020-09-11T15:57:36.367+0000][1][gc           ] GC(125) Pause Young (Allocation Failure) 161M->95M(503M) 9.624ms
[2020-09-11T15:57:36.367+0000][1][gc,cpu       ] GC(125) User=0.01s Sys=0.00s Real=0.01s
[2020-09-11T15:57:36.368+0000][1][safepoint    ] Safepoint "GenCollectForAllocation", Time since last: 967265503 ns, Reaching safepoint: 195046 ns, At safepoint: 9806292 ns, Total: 10001338 ns
[2020-09-11T15:57:37.368+0000][1][safepoint    ] Safepoint "Cleanup", Time since last: 1000254756 ns, Reaching safepoint: 67145 ns, At safepoint: 16819 ns, Total: 83964 ns
[2020-09-11T15:57:38.369+0000][1][safepoint    ] Safepoint "Cleanup", Time since last: 1000483208 ns, Reaching safepoint: 137726 ns, At safepoint: 41786 ns, Total: 179512 ns
[2020-09-11T15:57:39.369+0000][1][safepoint    ] Safepoint "Cleanup", Time since last: 1000174230 ns, Reaching safepoint: 140700 ns, At safepoint: 18694 ns, Total: 159394 ns
[2020-09-11T15:57:40.369+0000][1][safepoint    ] Safepoint "Cleanup", Time since last: 1000146926 ns, Reaching safepoint: 118715 ns, At safepoint: 18837 ns, Total: 137552 ns
[2020-09-11T15:57:41.369+0000][1][safepoint    ] Safepoint "Cleanup", Time since last: 1000145028 ns, Reaching safepoint: 112381 ns, At safepoint: 8076 ns, Total: 120457 ns
[2020-09-11T15:57:41.958+0000][1][safepoint    ] Safepoint "RevokeBias", Time since last: 588546512 ns, Reaching safepoint: 142283 ns, At safepoint: 187065 ns, Total: 329348 ns
[2020-09-11T15:57:41.986+0000][1][safepoint    ] Safepoint "RevokeBias", Time since last: 27558635 ns, Reaching safepoint: 167478 ns, At safepoint: 51578 ns, Total: 219056 ns
[2020-09-11T15:57:42.986+0000][1][safepoint    ] Safepoint "Cleanup", Time since last: 1000221597 ns, Reaching safepoint: 150846 ns, At safepoint: 21416 ns, Total: 172262 ns
[2020-09-11T15:57:43.945+0000][1][safepoint    ] Safepoint "RevokeBias", Time since last: 957954293 ns, Reaching safepoint: 93107 ns, At safepoint: 22411 ns, Total: 115518 ns
[2020-09-11T15:57:44.395+0000][1][safepoint    ] Safepoint "BulkRevokeBias", Time since last: 450292261 ns, Reaching safepoint: 166408 ns, At safepoint: 464800 ns, Total: 631208 ns
[2020-09-11T15:57:45.396+0000][1][safepoint    ] Safepoint "Cleanup", Time since last: 1000229873 ns, Reaching safepoint: 107039 ns, At safepoint: 10090 ns, Total: 117129 ns
[2020-09-11T15:57:46.396+0000][1][safepoint    ] Safepoint "Cleanup", Time since last: 1000188694 ns, Reaching safepoint: 139670 ns, At safepoint: 20975 ns, Total: 160645 ns
[2020-09-11T15:57:47.396+0000][1][safepoint    ] Safepoint "Cleanup", Time since last: 1000157316 ns, Reaching safepoint: 87744 ns, At safepoint: 9389 ns, Total: 97133 ns
[2020-09-11T15:57:48.397+0000][1][safepoint    ] Safepoint "Cleanup", Time since last: 1000244986 ns, Reaching safepoint: 108898 ns, At safepoint: 7850 ns, Total: 116748 ns
[2020-09-11T15:57:49.397+0000][1][safepoint    ] Safepoint "Cleanup", Time since last: 1000136603 ns, Reaching safepoint: 164353 ns, At safepoint: 18800 ns, Total: 183153 ns
[2020-09-11T15:57:50.442+0000][1][safepoint    ] Safepoint "Cleanup", Time since last: 1044718882 ns, Reaching safepoint: 108470 ns, At safepoint: 10407 ns, Total: 118877 ns
[2020-09-11T15:57:51.442+0000][1][safepoint    ] Safepoint "Cleanup", Time since last: 1000142100 ns, Reaching safepoint: 145665 ns, At safepoint: 20607 ns, Total: 166272 ns
[2020-09-11T15:57:51.865+0000][1][safepoint    ] Safepoint "RevokeBias", Time since last: 422470540 ns, Reaching safepoint: 118817 ns, At safepoint: 27744 ns, Total: 146561 ns
[2020-09-11T15:57:51.920+0000][1][safepoint    ] Safepoint "RevokeBias", Time since last: 55373745 ns, Reaching safepoint: 213692 ns, At safepoint: 26235 ns, Total: 239927 ns
[2020-09-11T15:57:52.921+0000][1][safepoint    ] Safepoint "Cleanup", Time since last: 1000129538 ns, Reaching safepoint: 174657 ns, At safepoint: 19552 ns, Total: 194209 ns
[2020-09-11T15:57:53.812+0000][1][safepoint    ] Safepoint "RevokeBias", Time since last: 890843840 ns, Reaching safepoint: 87465 ns, At safepoint: 22888 ns, Total: 110353 ns
[2020-09-11T15:57:54.417+0000][1][safepoint    ] Safepoint "RevokeBias", Time since last: 605447816 ns, Reaching safepoint: 113153 ns, At safepoint: 32602 ns, Total: 145755 ns
[2020-09-11T15:57:55.418+0000][1][safepoint    ] Safepoint "Cleanup", Time since last: 1000169522 ns, Reaching safepoint: 109481 ns, At safepoint: 10714 ns, Total: 120195 ns
[2020-09-11T15:57:56.418+0000][1][safepoint    ] Safepoint "Cleanup", Time since last: 1000189261 ns, Reaching safepoint: 103928 ns, At safepoint: 9213 ns, Total: 113141 ns
[2020-09-11T15:57:57.418+0000][1][safepoint    ] Safepoint "Cleanup", Time since last: 1000208118 ns, Reaching safepoint: 100347 ns, At safepoint: 10710 ns, Total: 111057 ns
[2020-09-11T15:57:58.419+0000][1][safepoint    ] Safepoint "Cleanup", Time since last: 1000204130 ns, Reaching safepoint: 102358 ns, At safepoint: 10895 ns, Total: 113253 ns
[2020-09-11T15:57:59.419+0000][1][safepoint    ] Safepoint "Cleanup", Time since last: 1000207195 ns, Reaching safepoint: 114580 ns, At safepoint: 8805 ns, Total: 123385 ns
[2020-09-11T15:58:00.419+0000][1][safepoint    ] Safepoint "Cleanup", Time since last: 1000157662 ns, Reaching safepoint: 120890 ns, At safepoint: 10461 ns, Total: 131351 ns
[2020-09-11T15:58:01.420+0000][1][safepoint    ] Safepoint "Cleanup", Time since last: 1000154174 ns, Reaching safepoint: 163765 ns, At safepoint: 26277 ns, Total: 190042 ns
[2020-09-11T15:58:01.912+0000][1][safepoint    ] Safepoint "RevokeBias", Time since last: 491850577 ns, Reaching safepoint: 90068 ns, At safepoint: 26179 ns, Total: 116247 ns
[2020-09-11T15:58:01.923+0000][1][safepoint    ] Safepoint "RevokeBias", Time since last: 11864145 ns, Reaching safepoint: 88280 ns, At safepoint: 26020 ns, Total: 114300 ns
[2020-09-11T15:58:02.924+0000][1][safepoint    ] Safepoint "Cleanup", Time since last: 1000187277 ns, Reaching safepoint: 138895 ns, At safepoint: 18790 ns, Total: 157685 ns
[2020-09-11T15:58:03.912+0000][1][safepoint    ] Safepoint "RevokeBias", Time since last: 988111817 ns, Reaching safepoint: 107839 ns, At safepoint: 22855 ns, Total: 130694 ns
[2020-09-11T15:58:04.353+0000][1][gc,start     ] GC(126) Pause Young (Allocation Failure)
[2020-09-11T15:58:04.353+0000][1][gc,task      ] GC(126) Using 1 workers of 1 for evacuation
[2020-09-11T15:58:04.362+0000][1][gc,age       ] GC(126) Desired survivor size 4358144 bytes, new threshold 6 (max threshold 6)
[2020-09-11T15:58:04.362+0000][1][gc,age       ] GC(126) Age table with threshold 6 (max threshold 6)
[2020-09-11T15:58:04.362+0000][1][gc,age       ] GC(126) - age   1:     598088 bytes,     598088 total
[2020-09-11T15:58:04.362+0000][1][gc,age       ] GC(126) - age   2:      44664 bytes,     642752 total
[2020-09-11T15:58:04.362+0000][1][gc,age       ] GC(126) - age   3:     300272 bytes,     943024 total
[2020-09-11T15:58:04.362+0000][1][gc,age       ] GC(126) - age   4:     232640 bytes,    1175664 total
[2020-09-11T15:58:04.362+0000][1][gc,age       ] GC(126) - age   5:      93048 bytes,    1268712 total
[2020-09-11T15:58:04.362+0000][1][gc,age       ] GC(126) - age   6:      27496 bytes,    1296208 total
[2020-09-11T15:58:04.362+0000][1][gc,heap      ] GC(126) ParNew: 70127K->1315K(76672K)
[2020-09-11T15:58:04.362+0000][1][gc,heap      ] GC(126) CMS: 95552K->95611K(439104K)
[2020-09-11T15:58:04.362+0000][1][gc,metaspace ] GC(126) Metaspace: 93469K->93469K(1134592K)
[2020-09-11T15:58:04.362+0000][1][gc           ] GC(126) Pause Young (Allocation Failure) 161M->94M(503M) 8.861ms
[2020-09-11T15:58:04.362+0000][1][gc,cpu       ] GC(126) User=0.01s Sys=0.00s Real=0.01s
[2020-09-11T15:58:04.364+0000][1][safepoint    ] Safepoint "GenCollectForAllocation", Time since last: 440720100 ns, Reaching safepoint: 231671 ns, At safepoint: 11360149 ns, Total: 11591820 ns
[2020-09-11T15:58:04.407+0000][1][safepoint    ] Safepoint "RevokeBias", Time since last: 42185258 ns, Reaching safepoint: 170434 ns, At safepoint: 79853 ns, Total: 250287 ns
[2020-09-11T15:58:11.877+0000][1][safepoint    ] Safepoint "RevokeBias", Time since last: 7470172788 ns, Reaching safepoint: 98655 ns, At safepoint: 27328 ns, Total: 125983 ns
[2020-09-11T15:58:11.920+0000][1][safepoint    ] Safepoint "RevokeBias", Time since last: 43130959 ns, Reaching safepoint: 86863 ns, At safepoint: 25562 ns, Total: 112425 ns
[2020-09-11T15:58:12.921+0000][1][safepoint    ] Safepoint "Cleanup", Time since last: 1000176820 ns, Reaching safepoint: 105442 ns, At safepoint: 9569 ns, Total: 115011 ns
[2020-09-11T15:58:13.803+0000][1][safepoint    ] Safepoint "RevokeBias", Time since last: 882318549 ns, Reaching safepoint: 88938 ns, At safepoint: 23656 ns, Total: 112594 ns
[2020-09-11T15:58:14.380+0000][1][safepoint    ] Safepoint "RevokeBias", Time since last: 576571910 ns, Reaching safepoint: 90360 ns, At safepoint: 24343 ns, Total: 114703 ns
[2020-09-11T15:58:15.380+0000][1][safepoint    ] Safepoint "Cleanup", Time since last: 1000109233 ns, Reaching safepoint: 75554 ns, At safepoint: 9632 ns, Total: 85186 ns
[2020-09-11T15:58:16.380+0000][1][safepoint    ] Safepoint "Cleanup", Time since last: 1000173342 ns, Reaching safepoint: 119896 ns, At safepoint: 8739 ns, Total: 128635 ns
[2020-09-11T15:58:17.381+0000][1][safepoint    ] Safepoint "Cleanup", Time since last: 1000138394 ns, Reaching safepoint: 120869 ns, At safepoint: 10051 ns, Total: 130920 ns
[2020-09-11T15:58:18.381+0000][1][safepoint    ] Safepoint "Cleanup", Time since last: 1000187756 ns, Reaching safepoint: 105146 ns, At safepoint: 7746 ns, Total: 112892 ns
[2020-09-11T15:58:19.381+0000][1][safepoint    ] Safepoint "Cleanup", Time since last: 1000122454 ns, Reaching safepoint: 139614 ns, At safepoint: 20360 ns, Total: 159974 ns
[2020-09-11T15:58:20.383+0000][1][safepoint    ] Safepoint "Cleanup", Time since last: 1002088281 ns, Reaching safepoint: 82668 ns, At safepoint: 9812 ns, Total: 92480 ns
[2020-09-11T15:58:21.384+0000][1][safepoint    ] Safepoint "Cleanup", Time since last: 1000177873 ns, Reaching safepoint: 99321 ns, At safepoint: 9031 ns, Total: 108352 ns
[2020-09-11T15:58:21.862+0000][1][safepoint    ] Safepoint "RevokeBias", Time since last: 478486749 ns, Reaching safepoint: 91519 ns, At safepoint: 26660 ns, Total: 118179 ns
[2020-09-11T15:58:22.009+0000][1][safepoint    ] Safepoint "RevokeBias", Time since last: 146949956 ns, Reaching safepoint: 186733 ns, At safepoint: 29963 ns, Total: 216696 ns
[2020-09-11T15:58:23.010+0000][1][safepoint    ] Safepoint "Cleanup", Time since last: 1000150220 ns, Reaching safepoint: 118576 ns, At safepoint: 10589 ns, Total: 129165 ns
[2020-09-11T15:58:23.795+0000][1][safepoint    ] Safepoint "RevokeBias", Time since last: 785699111 ns, Reaching safepoint: 94264 ns, At safepoint: 23852 ns, Total: 118116 ns
[2020-09-11T15:58:24.434+0000][1][safepoint    ] Safepoint "RevokeBias", Time since last: 637788571 ns, Reaching safepoint: 334341 ns, At safepoint: 51063 ns, Total: 385404 ns
[2020-09-11T15:58:25.434+0000][1][safepoint    ] Safepoint "Cleanup", Time since last: 1000149033 ns, Reaching safepoint: 75227 ns, At safepoint: 7804 ns, Total: 83031 ns
[2020-09-11T15:58:26.436+0000][1][safepoint    ] Safepoint "Cleanup", Time since last: 1000175334 ns, Reaching safepoint: 2118155 ns, At safepoint: 25927 ns, Total: 2144082 ns
[2020-09-11T15:58:27.437+0000][1][safepoint    ] Safepoint "Cleanup", Time since last: 1000773706 ns, Reaching safepoint: 139741 ns, At safepoint: 21125 ns, Total: 160866 ns
[2020-09-11T15:58:28.437+0000][1][safepoint    ] Safepoint "Cleanup", Time since last: 1000198450 ns, Reaching safepoint: 128789 ns, At safepoint: 19645 ns, Total: 148434 ns
[2020-09-11T15:58:29.438+0000][1][safepoint    ] Safepoint "Cleanup", Time since last: 1000211633 ns, Reaching safepoint: 98872 ns, At safepoint: 9611 ns, Total: 108483 ns
[2020-09-11T15:58:30.438+0000][1][safepoint    ] Safepoint "Cleanup", Time since last: 1000165746 ns, Reaching safepoint: 149018 ns, At safepoint: 19963 ns, Total: 168981 ns
[2020-09-11T15:58:31.438+0000][1][safepoint    ] Safepoint "Cleanup", Time since last: 1000209643 ns, Reaching safepoint: 116859 ns, At safepoint: 9807 ns, Total: 126666 ns
[2020-09-11T15:58:31.865+0000][1][safepoint    ] Safepoint "RevokeBias", Time since last: 425840341 ns, Reaching safepoint: 200222 ns, At safepoint: 29070 ns, Total: 229292 ns
[2020-09-11T15:58:31.922+0000][1][safepoint    ] Safepoint "RevokeBias", Time since last: 57253004 ns, Reaching safepoint: 90467 ns, At safepoint: 26592 ns, Total: 117059 ns
[2020-09-11T15:58:32.922+0000][1][safepoint    ] Safepoint "Cleanup", Time since last: 1000137774 ns, Reaching safepoint: 119890 ns, At safepoint: 9658 ns, Total: 129548 ns
[2020-09-11T15:58:33.802+0000][1][safepoint    ] Safepoint "RevokeBias", Time since last: 880127247 ns, Reaching safepoint: 88485 ns, At safepoint: 28002 ns, Total: 116487 ns
[2020-09-11T15:58:33.805+0000][1][gc,start     ] GC(127) Pause Young (Allocation Failure)
[2020-09-11T15:58:33.805+0000][1][gc,task      ] GC(127) Using 1 workers of 1 for evacuation
[2020-09-11T15:58:33.811+0000][1][gc,age       ] GC(127) Desired survivor size 4358144 bytes, new threshold 6 (max threshold 6)
[2020-09-11T15:58:33.811+0000][1][gc,age       ] GC(127) Age table with threshold 6 (max threshold 6)
[2020-09-11T15:58:33.811+0000][1][gc,age       ] GC(127) - age   1:     261504 bytes,     261504 total
[2020-09-11T15:58:33.811+0000][1][gc,age       ] GC(127) - age   2:     464920 bytes,     726424 total
[2020-09-11T15:58:33.811+0000][1][gc,age       ] GC(127) - age   3:      41464 bytes,     767888 total
[2020-09-11T15:58:33.811+0000][1][gc,age       ] GC(127) - age   4:     197656 bytes,     965544 total
[2020-09-11T15:58:33.811+0000][1][gc,age       ] GC(127) - age   5:     173968 bytes,    1139512 total
[2020-09-11T15:58:33.811+0000][1][gc,age       ] GC(127) - age   6:      93048 bytes,    1232560 total
[2020-09-11T15:58:33.811+0000][1][gc,heap      ] GC(127) ParNew: 69451K->2227K(76672K)
[2020-09-11T15:58:33.811+0000][1][gc,heap      ] GC(127) CMS: 95611K->95638K(439104K)
[2020-09-11T15:58:33.811+0000][1][gc,metaspace ] GC(127) Metaspace: 93491K->93491K(1134592K)
[2020-09-11T15:58:33.811+0000][1][gc           ] GC(127) Pause Young (Allocation Failure) 161M->95M(503M) 5.843ms
[2020-09-11T15:58:33.811+0000][1][gc,cpu       ] GC(127) User=0.00s Sys=0.00s Real=0.00s
[2020-09-11T15:58:33.811+0000][1][safepoint    ] Safepoint "GenCollectForAllocation", Time since last: 2265891 ns, Reaching safepoint: 161017 ns, At safepoint: 5907172 ns, Total: 6068189 ns
[2020-09-11T15:58:34.442+0000][1][safepoint    ] Safepoint "RevokeBias", Time since last: 631399343 ns, Reaching safepoint: 87256 ns, At safepoint: 45335 ns, Total: 132591 ns
[2020-09-11T15:58:35.443+0000][1][safepoint    ] Safepoint "Cleanup", Time since last: 1001015845 ns, Reaching safepoint: 139069 ns, At safepoint: 47225 ns, Total: 186294 ns
[2020-09-11T15:58:36.444+0000][1][safepoint    ] Safepoint "Cleanup", Time since last: 1000280735 ns, Reaching safepoint: 71722 ns, At safepoint: 8869 ns, Total: 80591 ns
[2020-09-11T15:58:37.444+0000][1][safepoint    ] Safepoint "Cleanup", Time since last: 1000177997 ns, Reaching safepoint: 102321 ns, At safepoint: 9908 ns, Total: 112229 ns
[2020-09-11T15:58:38.444+0000][1][safepoint    ] Safepoint "Cleanup", Time since last: 1000192529 ns, Reaching safepoint: 96815 ns, At safepoint: 7343 ns, Total: 104158 ns
[2020-09-11T15:58:39.445+0000][1][safepoint    ] Safepoint "Cleanup", Time since last: 1000189029 ns, Reaching safepoint: 68005 ns, At safepoint: 8816 ns, Total: 76821 ns
[2020-09-11T15:58:40.453+0000][1][safepoint    ] Safepoint "Cleanup", Time since last: 1008500619 ns, Reaching safepoint: 100261 ns, At safepoint: 9767 ns, Total: 110028 ns
[2020-09-11T15:58:41.454+0000][1][safepoint    ] Safepoint "Cleanup", Time since last: 1000190696 ns, Reaching safepoint: 97384 ns, At safepoint: 9206 ns, Total: 106590 ns
[2020-09-11T15:58:41.892+0000][1][safepoint    ] Safepoint "RevokeBias", Time since last: 438006689 ns, Reaching safepoint: 87013 ns, At safepoint: 25868 ns, Total: 112881 ns
[2020-09-11T15:58:41.916+0000][1][safepoint    ] Safepoint "RevokeBias", Time since last: 23887901 ns, Reaching safepoint: 91915 ns, At safepoint: 25896 ns, Total: 117811 ns
[2020-09-11T15:58:42.916+0000][1][safepoint    ] Safepoint "Cleanup", Time since last: 1000177706 ns, Reaching safepoint: 144481 ns, At safepoint: 22011 ns, Total: 166492 ns
[2020-09-11T15:58:43.827+0000][1][safepoint    ] Safepoint "RevokeBias", Time since last: 911267922 ns, Reaching safepoint: 93122 ns, At safepoint: 24102 ns, Total: 117224 ns
[2020-09-11T15:58:44.373+0000][1][safepoint    ] Safepoint "RevokeBias", Time since last: 545819812 ns, Reaching safepoint: 89582 ns, At safepoint: 23006 ns, Total: 112588 ns
[2020-09-11T15:58:45.374+0000][1][safepoint    ] Safepoint "Cleanup", Time since last: 1000137205 ns, Reaching safepoint: 132069 ns, At safepoint: 19124 ns, Total: 151193 ns
[2020-09-11T15:58:46.374+0000][1][safepoint    ] Safepoint "Cleanup", Time since last: 1000194208 ns, Reaching safepoint: 139566 ns, At safepoint: 19649 ns, Total: 159215 ns
[2020-09-11T15:58:47.374+0000][1][safepoint    ] Safepoint "Cleanup", Time since last: 1000222503 ns, Reaching safepoint: 98887 ns, At safepoint: 8542 ns, Total: 107429 ns
[2020-09-11T15:58:48.375+0000][1][safepoint    ] Safepoint "Cleanup", Time since last: 1000165874 ns, Reaching safepoint: 161387 ns, At safepoint: 18880 ns, Total: 180267 ns
[2020-09-11T15:58:49.375+0000][1][safepoint    ] Safepoint "Cleanup", Time since last: 1000163931 ns, Reaching safepoint: 132404 ns, At safepoint: 17503 ns, Total: 149907 ns
[2020-09-11T15:58:50.382+0000][1][safepoint    ] Safepoint "Cleanup", Time since last: 1006826067 ns, Reaching safepoint: 101437 ns, At safepoint: 9224 ns, Total: 110661 ns
[2020-09-11T15:58:51.382+0000][1][safepoint    ] Safepoint "Cleanup", Time since last: 1000182926 ns, Reaching safepoint: 138294 ns, At safepoint: 19257 ns, Total: 157551 ns
[2020-09-11T15:58:51.864+0000][1][safepoint    ] Safepoint "RevokeBias", Time since last: 481449387 ns, Reaching safepoint: 91131 ns, At safepoint: 26760 ns, Total: 117891 ns
[2020-09-11T15:58:51.943+0000][1][safepoint    ] Safepoint "RevokeBias", Time since last: 78726412 ns, Reaching safepoint: 155643 ns, At safepoint: 63656 ns, Total: 219299 ns
[2020-09-11T15:58:52.943+0000][1][safepoint    ] Safepoint "Cleanup", Time since last: 1000227805 ns, Reaching safepoint: 149349 ns, At safepoint: 21005 ns, Total: 170354 ns
[2020-09-11T15:58:53.887+0000][1][safepoint    ] Safepoint "RevokeBias", Time since last: 943367833 ns, Reaching safepoint: 179721 ns, At safepoint: 29319 ns, Total: 209040 ns
[2020-09-11T15:58:54.369+0000][1][safepoint    ] Safepoint "BulkRevokeBias", Time since last: 481889340 ns, Reaching safepoint: 125178 ns, At safepoint: 271941 ns, Total: 397119 ns
[2020-09-11T15:58:55.369+0000][1][safepoint    ] Safepoint "Cleanup", Time since last: 1000109706 ns, Reaching safepoint: 152484 ns, At safepoint: 21155 ns, Total: 173639 ns
[2020-09-11T15:58:56.370+0000][1][safepoint    ] Safepoint "Cleanup", Time since last: 1000156465 ns, Reaching safepoint: 145644 ns, At safepoint: 20109 ns, Total: 165753 ns
[2020-09-11T15:58:57.370+0000][1][safepoint    ] Safepoint "Cleanup", Time since last: 1000173932 ns, Reaching safepoint: 118366 ns, At safepoint: 8679 ns, Total: 127045 ns
[2020-09-11T15:58:58.370+0000][1][safepoint    ] Safepoint "Cleanup", Time since last: 1000171071 ns, Reaching safepoint: 141240 ns, At safepoint: 19699 ns, Total: 160939 ns
[2020-09-11T15:58:59.371+0000][1][safepoint    ] Safepoint "Cleanup", Time since last: 1000203114 ns, Reaching safepoint: 105260 ns, At safepoint: 9899 ns, Total: 115159 ns
[2020-09-11T15:59:00.371+0000][1][safepoint    ] Safepoint "Cleanup", Time since last: 1000148972 ns, Reaching safepoint: 122892 ns, At safepoint: 8734 ns, Total: 131626 ns
[2020-09-11T15:59:01.371+0000][1][safepoint    ] Safepoint "Cleanup", Time since last: 1000179181 ns, Reaching safepoint: 94755 ns, At safepoint: 8585 ns, Total: 103340 ns
[2020-09-11T15:59:01.865+0000][1][safepoint    ] Safepoint "RevokeBias", Time since last: 493580302 ns, Reaching safepoint: 90619 ns, At safepoint: 25377 ns, Total: 115996 ns
[2020-09-11T15:59:01.928+0000][1][safepoint    ] Safepoint "RevokeBias", Time since last: 62989988 ns, Reaching safepoint: 87282 ns, At safepoint: 25114 ns, Total: 112396 ns
[2020-09-11T15:59:02.928+0000][1][safepoint    ] Safepoint "Cleanup", Time since last: 1000157331 ns, Reaching safepoint: 107973 ns, At safepoint: 10207 ns, Total: 118180 ns
[2020-09-11T15:59:03.842+0000][1][gc,start     ] GC(128) Pause Young (Allocation Failure)
[2020-09-11T15:59:03.842+0000][1][gc,task      ] GC(128) Using 1 workers of 1 for evacuation
[2020-09-11T15:59:03.848+0000][1][gc,age       ] GC(128) Desired survivor size 4358144 bytes, new threshold 6 (max threshold 6)
[2020-09-11T15:59:03.848+0000][1][gc,age       ] GC(128) Age table with threshold 6 (max threshold 6)
[2020-09-11T15:59:03.848+0000][1][gc,age       ] GC(128) - age   1:     261848 bytes,     261848 total
[2020-09-11T15:59:03.848+0000][1][gc,age       ] GC(128) - age   2:     210080 bytes,     471928 total
[2020-09-11T15:59:03.848+0000][1][gc,age       ] GC(128) - age   3:     461728 bytes,     933656 total
[2020-09-11T15:59:03.848+0000][1][gc,age       ] GC(128) - age   4:      41272 bytes,     974928 total
[2020-09-11T15:59:03.848+0000][1][gc,age       ] GC(128) - age   5:     111264 bytes,    1086192 total
[2020-09-11T15:59:03.848+0000][1][gc,age       ] GC(128) - age   6:     166632 bytes,    1252824 total
[2020-09-11T15:59:03.848+0000][1][gc,heap      ] GC(128) ParNew: 70387K->1459K(76672K)
[2020-09-11T15:59:03.848+0000][1][gc,heap      ] GC(128) CMS: 95638K->95729K(439104K)
[2020-09-11T15:59:03.848+0000][1][gc,metaspace ] GC(128) Metaspace: 93508K->93508K(1134592K)
[2020-09-11T15:59:03.848+0000][1][gc           ] GC(128) Pause Young (Allocation Failure) 162M->94M(503M) 5.661ms
[2020-09-11T15:59:03.848+0000][1][gc,cpu       ] GC(128) User=0.01s Sys=0.00s Real=0.00s
[2020-09-11T15:59:03.848+0000][1][safepoint    ] Safepoint "GenCollectForAllocation", Time since last: 913882523 ns, Reaching safepoint: 254027 ns, At safepoint: 5725611 ns, Total: 5979638 ns
[2020-09-11T15:59:03.860+0000][1][safepoint    ] Safepoint "RevokeBias", Time since last: 11595718 ns, Reaching safepoint: 90521 ns, At safepoint: 34534 ns, Total: 125055 ns
[2020-09-11T15:59:04.373+0000][1][safepoint    ] Safepoint "RevokeBias", Time since last: 513236919 ns, Reaching safepoint: 93857 ns, At safepoint: 37081 ns, Total: 130938 ns
[2020-09-11T15:59:11.893+0000][1][safepoint    ] Safepoint "RevokeBias", Time since last: 7519598354 ns, Reaching safepoint: 95190 ns, At safepoint: 27984 ns, Total: 123174 ns
[2020-09-11T15:59:11.927+0000][1][safepoint    ] Safepoint "RevokeBias", Time since last: 33810025 ns, Reaching safepoint: 90201 ns, At safepoint: 25783 ns, Total: 115984 ns
[2020-09-11T15:59:13.826+0000][1][safepoint    ] Safepoint "RevokeBias", Time since last: 1898589948 ns, Reaching safepoint: 106521 ns, At safepoint: 26016 ns, Total: 132537 ns
[2020-09-11T15:59:14.370+0000][1][safepoint    ] Safepoint "RevokeBias", Time since last: 544314281 ns, Reaching safepoint: 85267 ns, At safepoint: 23908 ns, Total: 109175 ns
[2020-09-11T15:59:17.371+0000][1][safepoint    ] Safepoint "Cleanup", Time since last: 3000419266 ns, Reaching safepoint: 101873 ns, At safepoint: 10889 ns, Total: 112762 ns
[2020-09-11T15:59:18.371+0000][1][safepoint    ] Safepoint "Cleanup", Time since last: 1000139768 ns, Reaching safepoint: 117317 ns, At safepoint: 8955 ns, Total: 126272 ns
[2020-09-11T15:59:19.371+0000][1][safepoint    ] Safepoint "Cleanup", Time since last: 1000164176 ns, Reaching safepoint: 101916 ns, At safepoint: 9647 ns, Total: 111563 ns
[2020-09-11T15:59:20.373+0000][1][safepoint    ] Safepoint "Cleanup", Time since last: 1002080849 ns, Reaching safepoint: 104585 ns, At safepoint: 12497 ns, Total: 117082 ns
[2020-09-11T15:59:21.374+0000][1][safepoint    ] Safepoint "Cleanup", Time since last: 1000173791 ns, Reaching safepoint: 105115 ns, At safepoint: 9328 ns, Total: 114443 ns
[2020-09-11T15:59:21.879+0000][1][safepoint    ] Safepoint "RevokeBias", Time since last: 504911963 ns, Reaching safepoint: 91010 ns, At safepoint: 25997 ns, Total: 117007 ns
[2020-09-11T15:59:21.944+0000][1][safepoint    ] Safepoint "RevokeBias", Time since last: 65394569 ns, Reaching safepoint: 213769 ns, At safepoint: 27650 ns, Total: 241419 ns
[2020-09-11T15:59:22.945+0000][1][safepoint    ] Safepoint "Cleanup", Time since last: 1000170032 ns, Reaching safepoint: 112940 ns, At safepoint: 9761 ns, Total: 122701 ns
[2020-09-11T15:59:23.833+0000][1][safepoint    ] Safepoint "RevokeBias", Time since last: 888456185 ns, Reaching safepoint: 91422 ns, At safepoint: 23830 ns, Total: 115252 ns
[2020-09-11T15:59:24.378+0000][1][safepoint    ] Safepoint "RevokeBias", Time since last: 544827759 ns, Reaching safepoint: 88257 ns, At safepoint: 22401 ns, Total: 110658 ns
[2020-09-11T15:59:25.378+0000][1][safepoint    ] Safepoint "Cleanup", Time since last: 1000161443 ns, Reaching safepoint: 110919 ns, At safepoint: 10045 ns, Total: 120964 ns
[2020-09-11T15:59:26.379+0000][1][safepoint    ] Safepoint "Cleanup", Time since last: 1000491018 ns, Reaching safepoint: 151594 ns, At safepoint: 21453 ns, Total: 173047 ns
[2020-09-11T15:59:27.379+0000][1][safepoint    ] Safepoint "Cleanup", Time since last: 1000242597 ns, Reaching safepoint: 142754 ns, At safepoint: 19224 ns, Total: 161978 ns
[2020-09-11T15:59:28.380+0000][1][safepoint    ] Safepoint "Cleanup", Time since last: 1000218258 ns, Reaching safepoint: 143422 ns, At safepoint: 37253 ns, Total: 180675 ns
[2020-09-11T15:59:29.380+0000][1][safepoint    ] Safepoint "Cleanup", Time since last: 1000225964 ns, Reaching safepoint: 104202 ns, At safepoint: 10097 ns, Total: 114299 ns
[2020-09-11T15:59:30.380+0000][1][safepoint    ] Safepoint "Cleanup", Time since last: 1000186591 ns, Reaching safepoint: 110955 ns, At safepoint: 10013 ns, Total: 120968 ns
[2020-09-11T15:59:31.381+0000][1][safepoint    ] Safepoint "Cleanup", Time since last: 1000174311 ns, Reaching safepoint: 206888 ns, At safepoint: 20177 ns, Total: 227065 ns
[2020-09-11T15:59:31.874+0000][1][safepoint    ] Safepoint "RevokeBias", Time since last: 493137706 ns, Reaching safepoint: 134568 ns, At safepoint: 41007 ns, Total: 175575 ns
[2020-09-11T15:59:31.921+0000][1][safepoint    ] Safepoint "RevokeBias", Time since last: 46757062 ns, Reaching safepoint: 92393 ns, At safepoint: 27730 ns, Total: 120123 ns
[2020-09-11T15:59:32.921+0000][1][safepoint    ] Safepoint "Cleanup", Time since last: 1000144999 ns, Reaching safepoint: 110762 ns, At safepoint: 8979 ns, Total: 119741 ns
[2020-09-11T15:59:33.731+0000][1][gc,start     ] GC(129) Pause Young (Allocation Failure)
[2020-09-11T15:59:33.731+0000][1][gc,task      ] GC(129) Using 1 workers of 1 for evacuation
[2020-09-11T15:59:33.743+0000][1][gc,age       ] GC(129) Desired survivor size 4358144 bytes, new threshold 6 (max threshold 6)
[2020-09-11T15:59:33.743+0000][1][gc,age       ] GC(129) Age table with threshold 6 (max threshold 6)
[2020-09-11T15:59:33.743+0000][1][gc,age       ] GC(129) - age   1:     207216 bytes,     207216 total
[2020-09-11T15:59:33.743+0000][1][gc,age       ] GC(129) - age   2:     139888 bytes,     347104 total
[2020-09-11T15:59:33.743+0000][1][gc,age       ] GC(129) - age   3:     208120 bytes,     555224 total
[2020-09-11T15:59:33.743+0000][1][gc,age       ] GC(129) - age   4:     461432 bytes,    1016656 total
[2020-09-11T15:59:33.743+0000][1][gc,age       ] GC(129) - age   5:      33824 bytes,    1050480 total
[2020-09-11T15:59:33.743+0000][1][gc,age       ] GC(129) - age   6:      61688 bytes,    1112168 total
[2020-09-11T15:59:33.743+0000][1][gc,heap      ] GC(129) ParNew: 69619K->1100K(76672K)
[2020-09-11T15:59:33.743+0000][1][gc,heap      ] GC(129) CMS: 95729K->95892K(439104K)
[2020-09-11T15:59:33.743+0000][1][gc,metaspace ] GC(129) Metaspace: 93519K->93519K(1134592K)
[2020-09-11T15:59:33.743+0000][1][gc           ] GC(129) Pause Young (Allocation Failure) 161M->94M(503M) 12.496ms
[2020-09-11T15:59:33.743+0000][1][gc,cpu       ] GC(129) User=0.01s Sys=0.00s Real=0.02s
[2020-09-11T15:59:33.749+0000][1][safepoint    ] Safepoint "GenCollectForAllocation", Time since last: 807519486 ns, Reaching safepoint: 1697466 ns, At safepoint: 18443946 ns, Total: 20141412 ns
[2020-09-11T15:59:33.826+0000][1][safepoint    ] Safepoint "RevokeBias", Time since last: 76964541 ns, Reaching safepoint: 92916 ns, At safepoint: 22794 ns, Total: 115710 ns
[2020-09-11T15:59:34.459+0000][1][safepoint    ] Safepoint "RevokeBias", Time since last: 633066742 ns, Reaching safepoint: 169185 ns, At safepoint: 48866 ns, Total: 218051 ns
[2020-09-11T15:59:35.460+0000][1][safepoint    ] Safepoint "Cleanup", Time since last: 1000241756 ns, Reaching safepoint: 151688 ns, At safepoint: 21659 ns, Total: 173347 ns
[2020-09-11T15:59:36.460+0000][1][safepoint    ] Safepoint "Cleanup", Time since last: 1000215561 ns, Reaching safepoint: 198706 ns, At safepoint: 23751 ns, Total: 222457 ns
[2020-09-11T15:59:37.461+0000][1][safepoint    ] Safepoint "Cleanup", Time since last: 1000228849 ns, Reaching safepoint: 105392 ns, At safepoint: 9607 ns, Total: 114999 ns
[2020-09-11T15:59:38.461+0000][1][safepoint    ] Safepoint "Cleanup", Time since last: 1000114052 ns, Reaching safepoint: 75738 ns, At safepoint: 10575 ns, Total: 86313 ns
[2020-09-11T15:59:39.461+0000][1][safepoint    ] Safepoint "Cleanup", Time since last: 1000201937 ns, Reaching safepoint: 143302 ns, At safepoint: 19805 ns, Total: 163107 ns
[2020-09-11T15:59:40.470+0000][1][safepoint    ] Safepoint "Cleanup", Time since last: 1008902291 ns, Reaching safepoint: 254393 ns, At safepoint: 10791 ns, Total: 265184 ns
[2020-09-11T15:59:41.471+0000][1][safepoint    ] Safepoint "Cleanup", Time since last: 1000801658 ns, Reaching safepoint: 152219 ns, At safepoint: 25631 ns, Total: 177850 ns
[2020-09-11T15:59:41.868+0000][1][safepoint    ] Safepoint "RevokeBias", Time since last: 396192972 ns, Reaching safepoint: 83325 ns, At safepoint: 24394 ns, Total: 107719 ns
[2020-09-11T15:59:41.925+0000][1][safepoint    ] Safepoint "RevokeBias", Time since last: 57234322 ns, Reaching safepoint: 87461 ns, At safepoint: 27347 ns, Total: 114808 ns
[2020-09-11T15:59:42.925+0000][1][safepoint    ] Safepoint "Cleanup", Time since last: 1000191297 ns, Reaching safepoint: 116333 ns, At safepoint: 9942 ns, Total: 126275 ns
[2020-09-11T15:59:43.825+0000][1][safepoint    ] Safepoint "RevokeBias", Time since last: 899333117 ns, Reaching safepoint: 88073 ns, At safepoint: 27505 ns, Total: 115578 ns
[2020-09-11T15:59:44.369+0000][1][safepoint    ] Safepoint "RevokeBias", Time since last: 543786237 ns, Reaching safepoint: 89120 ns, At safepoint: 26406 ns, Total: 115526 ns
[2020-09-11T15:59:45.369+0000][1][safepoint    ] Safepoint "Cleanup", Time since last: 1000181854 ns, Reaching safepoint: 116604 ns, At safepoint: 7851 ns, Total: 124455 ns
[2020-09-11T15:59:46.369+0000][1][safepoint    ] Safepoint "Cleanup", Time since last: 1000178445 ns, Reaching safepoint: 96074 ns, At safepoint: 7539 ns, Total: 103613 ns
[2020-09-11T15:59:47.369+0000][1][safepoint    ] Safepoint "Cleanup", Time since last: 1000178105 ns, Reaching safepoint: 103681 ns, At safepoint: 8289 ns, Total: 111970 ns
[2020-09-11T15:59:48.370+0000][1][safepoint    ] Safepoint "Cleanup", Time since last: 1000148896 ns, Reaching safepoint: 142106 ns, At safepoint: 20417 ns, Total: 162523 ns
[2020-09-11T15:59:49.370+0000][1][safepoint    ] Safepoint "Cleanup", Time since last: 1000205663 ns, Reaching safepoint: 103353 ns, At safepoint: 9338 ns, Total: 112691 ns
[2020-09-11T15:59:50.314+0000][1][safepoint    ] Safepoint "RevokeBias", Time since last: 943508975 ns, Reaching safepoint: 136993 ns, At safepoint: 20300 ns, Total: 157293 ns
[2020-09-11T15:59:51.314+0000][1][safepoint    ] Safepoint "Cleanup", Time since last: 1000173478 ns, Reaching safepoint: 119692 ns, At safepoint: 8437 ns, Total: 128129 ns
[2020-09-11T15:59:51.863+0000][1][safepoint    ] Safepoint "RevokeBias", Time since last: 549213779 ns, Reaching safepoint: 194761 ns, At safepoint: 23794 ns, Total: 218555 ns
[2020-09-11T15:59:51.930+0000][1][safepoint    ] Safepoint "RevokeBias", Time since last: 66305747 ns, Reaching safepoint: 82836 ns, At safepoint: 23868 ns, Total: 106704 ns
[2020-09-11T15:59:52.930+0000][1][safepoint    ] Safepoint "Cleanup", Time since last: 1000107675 ns, Reaching safepoint: 80456 ns, At safepoint: 11694 ns, Total: 92150 ns
[2020-09-11T15:59:53.930+0000][1][safepoint    ] Safepoint "Cleanup", Time since last: 1000193195 ns, Reaching safepoint: 164122 ns, At safepoint: 8411 ns, Total: 172533 ns
[2020-09-11T15:59:54.028+0000][1][safepoint    ] Safepoint "RevokeBias", Time since last: 97481533 ns, Reaching safepoint: 164995 ns, At safepoint: 23649 ns, Total: 188644 ns
[2020-09-11T15:59:54.376+0000][1][safepoint    ] Safepoint "RevokeBias", Time since last: 347792601 ns, Reaching safepoint: 80260 ns, At safepoint: 21917 ns, Total: 102177 ns
[2020-09-11T15:59:58.377+0000][1][safepoint    ] Safepoint "Cleanup", Time since last: 4000572867 ns, Reaching safepoint: 154017 ns, At safepoint: 43566 ns, Total: 197583 ns
[2020-09-11T15:59:58.986+0000][1][safepoint    ] Safepoint "RevokeBias", Time since last: 608496528 ns, Reaching safepoint: 253525 ns, At safepoint: 53696 ns, Total: 307221 ns
[2020-09-11T16:00:01.854+0000][1][gc,start     ] GC(130) Pause Young (Allocation Failure)
[2020-09-11T16:00:01.854+0000][1][gc,task      ] GC(130) Using 1 workers of 1 for evacuation
[2020-09-11T16:00:01.860+0000][1][gc,age       ] GC(130) Desired survivor size 4358144 bytes, new threshold 6 (max threshold 6)
[2020-09-11T16:00:01.860+0000][1][gc,age       ] GC(130) Age table with threshold 6 (max threshold 6)
[2020-09-11T16:00:01.860+0000][1][gc,age       ] GC(130) - age   1:     576376 bytes,     576376 total
[2020-09-11T16:00:01.860+0000][1][gc,age       ] GC(130) - age   2:     150104 bytes,     726480 total
[2020-09-11T16:00:01.860+0000][1][gc,age       ] GC(130) - age   3:     137840 bytes,     864320 total
[2020-09-11T16:00:01.860+0000][1][gc,age       ] GC(130) - age   4:     208120 bytes,    1072440 total
[2020-09-11T16:00:01.860+0000][1][gc,age       ] GC(130) - age   5:     104352 bytes,    1176792 total
[2020-09-11T16:00:01.860+0000][1][gc,age       ] GC(130) - age   6:      27264 bytes,    1204056 total
[2020-09-11T16:00:01.860+0000][1][gc,heap      ] GC(130) ParNew: 69260K->2179K(76672K)
[2020-09-11T16:00:01.860+0000][1][gc,heap      ] GC(130) CMS: 95892K->95952K(439104K)
[2020-09-11T16:00:01.860+0000][1][gc,metaspace ] GC(130) Metaspace: 93550K->93550K(1134592K)
[2020-09-11T16:00:01.860+0000][1][gc           ] GC(130) Pause Young (Allocation Failure) 161M->95M(503M) 6.375ms
[2020-09-11T16:00:01.860+0000][1][gc,cpu       ] GC(130) User=0.00s Sys=0.00s Real=0.00s
[2020-09-11T16:00:01.860+0000][1][safepoint    ] Safepoint "GenCollectForAllocation", Time since last: 2868088463 ns, Reaching safepoint: 211706 ns, At safepoint: 6478668 ns, Total: 6690374 ns
[2020-09-11T16:00:01.916+0000][1][safepoint    ] Safepoint "RevokeBias", Time since last: 56016219 ns, Reaching safepoint: 91450 ns, At safepoint: 39499 ns, Total: 130949 ns
[2020-09-11T16:00:01.962+0000][1][safepoint    ] Safepoint "RevokeBias", Time since last: 44788653 ns, Reaching safepoint: 169092 ns, At safepoint: 85533 ns, Total: 254625 ns
[2020-09-11T16:00:03.790+0000][1][safepoint    ] Safepoint "RevokeBias", Time since last: 1828104463 ns, Reaching safepoint: 85844 ns, At safepoint: 23062 ns, Total: 108906 ns
[2020-09-11T16:00:04.376+0000][1][safepoint    ] Safepoint "BulkRevokeBias", Time since last: 586354800 ns, Reaching safepoint: 86733 ns, At safepoint: 267354 ns, Total: 354087 ns
[2020-09-11T16:00:11.863+0000][1][safepoint    ] Safepoint "RevokeBias", Time since last: 7486680271 ns, Reaching safepoint: 84248 ns, At safepoint: 23002 ns, Total: 107250 ns
[2020-09-11T16:00:11.925+0000][1][safepoint    ] Safepoint "RevokeBias", Time since last: 61542862 ns, Reaching safepoint: 80540 ns, At safepoint: 23821 ns, Total: 104361 ns
[2020-09-11T16:00:12.925+0000][1][safepoint    ] Safepoint "Cleanup", Time since last: 1000180315 ns, Reaching safepoint: 99354 ns, At safepoint: 8556 ns, Total: 107910 ns
[2020-09-11T16:00:13.872+0000][1][safepoint    ] Safepoint "RevokeBias", Time since last: 946236175 ns, Reaching safepoint: 75759 ns, At safepoint: 24910 ns, Total: 100669 ns
[2020-09-11T16:00:14.388+0000][1][safepoint    ] Safepoint "RevokeBias", Time since last: 515840237 ns, Reaching safepoint: 257985 ns, At safepoint: 53991 ns, Total: 311976 ns
[2020-09-11T16:00:21.389+0000][1][safepoint    ] Safepoint "Cleanup", Time since last: 7001117437 ns, Reaching safepoint: 115157 ns, At safepoint: 11427 ns, Total: 126584 ns
[2020-09-11T16:00:21.872+0000][1][safepoint    ] Safepoint "RevokeBias", Time since last: 482679835 ns, Reaching safepoint: 87787 ns, At safepoint: 25392 ns, Total: 113179 ns
[2020-09-11T16:00:21.924+0000][1][safepoint    ] Safepoint "RevokeBias", Time since last: 51610916 ns, Reaching safepoint: 204761 ns, At safepoint: 26918 ns, Total: 231679 ns
[2020-09-11T16:00:23.931+0000][1][safepoint    ] Safepoint "RevokeBias", Time since last: 2007356073 ns, Reaching safepoint: 90491 ns, At safepoint: 29022 ns, Total: 119513 ns
[2020-09-11T16:00:24.379+0000][1][safepoint    ] Safepoint "RevokeBias", Time since last: 447445845 ns, Reaching safepoint: 91369 ns, At safepoint: 25570 ns, Total: 116939 ns
[2020-09-11T16:00:25.379+0000][1][safepoint    ] Safepoint "Cleanup", Time since last: 1000146520 ns, Reaching safepoint: 122123 ns, At safepoint: 9000 ns, Total: 131123 ns
[2020-09-11T16:00:26.379+0000][1][safepoint    ] Safepoint "Cleanup", Time since last: 1000141877 ns, Reaching safepoint: 123384 ns, At safepoint: 10647 ns, Total: 134031 ns
[2020-09-11T16:00:27.379+0000][1][safepoint    ] Safepoint "Cleanup", Time since last: 1000149281 ns, Reaching safepoint: 116885 ns, At safepoint: 8579 ns, Total: 125464 ns
[2020-09-11T16:00:28.380+0000][1][safepoint    ] Safepoint "Cleanup", Time since last: 1000173272 ns, Reaching safepoint: 111258 ns, At safepoint: 8502 ns, Total: 119760 ns
[2020-09-11T16:00:29.380+0000][1][safepoint    ] Safepoint "Cleanup", Time since last: 1000153150 ns, Reaching safepoint: 129735 ns, At safepoint: 7954 ns, Total: 137689 ns
[2020-09-11T16:00:30.380+0000][1][safepoint    ] Safepoint "Cleanup", Time since last: 1000190083 ns, Reaching safepoint: 109700 ns, At safepoint: 9199 ns, Total: 118899 ns
[2020-09-11T16:00:31.381+0000][1][safepoint    ] Safepoint "Cleanup", Time since last: 1000179859 ns, Reaching safepoint: 150208 ns, At safepoint: 22749 ns, Total: 172957 ns
[2020-09-11T16:00:31.856+0000][1][gc,start     ] GC(131) Pause Young (Allocation Failure)
[2020-09-11T16:00:31.856+0000][1][gc,task      ] GC(131) Using 1 workers of 1 for evacuation
[2020-09-11T16:00:31.861+0000][1][gc,age       ] GC(131) Desired survivor size 4358144 bytes, new threshold 6 (max threshold 6)
[2020-09-11T16:00:31.861+0000][1][gc,age       ] GC(131) Age table with threshold 6 (max threshold 6)
[2020-09-11T16:00:31.861+0000][1][gc,age       ] GC(131) - age   1:     314264 bytes,     314264 total
[2020-09-11T16:00:31.861+0000][1][gc,age       ] GC(131) - age   2:     456424 bytes,     770688 total
[2020-09-11T16:00:31.861+0000][1][gc,age       ] GC(131) - age   3:     148768 bytes,     919456 total
[2020-09-11T16:00:31.861+0000][1][gc,age       ] GC(131) - age   4:     136600 bytes,    1056056 total
[2020-09-11T16:00:31.861+0000][1][gc,age       ] GC(131) - age   5:      86200 bytes,    1142256 total
[2020-09-11T16:00:31.861+0000][1][gc,age       ] GC(131) - age   6:     104352 bytes,    1246608 total
[2020-09-11T16:00:31.861+0000][1][gc,heap      ] GC(131) ParNew: 70339K->1426K(76672K)
[2020-09-11T16:00:31.861+0000][1][gc,heap      ] GC(131) CMS: 95952K->95978K(439104K)
[2020-09-11T16:00:31.861+0000][1][gc,metaspace ] GC(131) Metaspace: 93556K->93556K(1134592K)
[2020-09-11T16:00:31.861+0000][1][gc           ] GC(131) Pause Young (Allocation Failure) 162M->95M(503M) 5.713ms
[2020-09-11T16:00:31.861+0000][1][gc,cpu       ] GC(131) User=0.00s Sys=0.00s Real=0.01s
[2020-09-11T16:00:31.861+0000][1][safepoint    ] Safepoint "GenCollectForAllocation", Time since last: 474763006 ns, Reaching safepoint: 208200 ns, At safepoint: 5810783 ns, Total: 6018983 ns
[2020-09-11T16:00:31.880+0000][1][safepoint    ] Safepoint "RevokeBias", Time since last: 18641466 ns, Reaching safepoint: 84530 ns, At safepoint: 38068 ns, Total: 122598 ns
[2020-09-11T16:00:31.929+0000][1][safepoint    ] Safepoint "RevokeBias", Time since last: 48648600 ns, Reaching safepoint: 87400 ns, At safepoint: 59534 ns, Total: 146934 ns
[2020-09-11T16:00:32.937+0000][1][safepoint    ] Safepoint "Cleanup", Time since last: 1007836410 ns, Reaching safepoint: 104433 ns, At safepoint: 8958 ns, Total: 113391 ns
[2020-09-11T16:00:33.813+0000][1][safepoint    ] Safepoint "RevokeBias", Time since last: 875985838 ns, Reaching safepoint: 89390 ns, At safepoint: 23040 ns, Total: 112430 ns
[2020-09-11T16:00:34.385+0000][1][safepoint    ] Safepoint "RevokeBias", Time since last: 572112315 ns, Reaching safepoint: 87835 ns, At safepoint: 21840 ns, Total: 109675 ns
[2020-09-11T16:00:35.386+0000][1][safepoint    ] Safepoint "Cleanup", Time since last: 1000158391 ns, Reaching safepoint: 108647 ns, At safepoint: 8253 ns, Total: 116900 ns
[2020-09-11T16:00:36.386+0000][1][safepoint    ] Safepoint "Cleanup", Time since last: 1000137966 ns, Reaching safepoint: 147679 ns, At safepoint: 18960 ns, Total: 166639 ns
[2020-09-11T16:00:37.386+0000][1][safepoint    ] Safepoint "Cleanup", Time since last: 1000236082 ns, Reaching safepoint: 122515 ns, At safepoint: 8132 ns, Total: 130647 ns
[2020-09-11T16:00:38.386+0000][1][safepoint    ] Safepoint "Cleanup", Time since last: 1000101754 ns, Reaching safepoint: 75904 ns, At safepoint: 6400 ns, Total: 82304 ns
[2020-09-11T16:00:39.387+0000][1][safepoint    ] Safepoint "Cleanup", Time since last: 1000182649 ns, Reaching safepoint: 100752 ns, At safepoint: 8277 ns, Total: 109029 ns
[2020-09-11T16:00:40.422+0000][1][safepoint    ] Safepoint "Cleanup", Time since last: 1034957708 ns, Reaching safepoint: 126838 ns, At safepoint: 9654 ns, Total: 136492 ns
[2020-09-11T16:00:41.422+0000][1][safepoint    ] Safepoint "Cleanup", Time since last: 1000149551 ns, Reaching safepoint: 132327 ns, At safepoint: 8572 ns, Total: 140899 ns
[2020-09-11T16:00:41.870+0000][1][safepoint    ] Safepoint "RevokeBias", Time since last: 447897318 ns, Reaching safepoint: 85357 ns, At safepoint: 21426 ns, Total: 106783 ns
[2020-09-11T16:00:41.938+0000][1][safepoint    ] Safepoint "RevokeBias", Time since last: 67363504 ns, Reaching safepoint: 90567 ns, At safepoint: 23714 ns, Total: 114281 ns
[2020-09-11T16:00:42.938+0000][1][safepoint    ] Safepoint "Cleanup", Time since last: 1000151286 ns, Reaching safepoint: 73389 ns, At safepoint: 7555 ns, Total: 80944 ns
[2020-09-11T16:00:43.810+0000][1][safepoint    ] Safepoint "RevokeBias", Time since last: 872260778 ns, Reaching safepoint: 93633 ns, At safepoint: 24317 ns, Total: 117950 ns
[2020-09-11T16:00:44.368+0000][1][safepoint    ] Safepoint "RevokeBias", Time since last: 556394869 ns, Reaching safepoint: 1498925 ns, At safepoint: 26190 ns, Total: 1525115 ns
[2020-09-11T16:00:45.368+0000][1][safepoint    ] Safepoint "Cleanup", Time since last: 1000155077 ns, Reaching safepoint: 117874 ns, At safepoint: 9058 ns, Total: 126932 ns
[2020-09-11T16:00:46.369+0000][1][safepoint    ] Safepoint "Cleanup", Time since last: 1000153793 ns, Reaching safepoint: 115394 ns, At safepoint: 8389 ns, Total: 123783 ns
[2020-09-11T16:00:47.369+0000][1][safepoint    ] Safepoint "Cleanup", Time since last: 1000168178 ns, Reaching safepoint: 141200 ns, At safepoint: 19833 ns, Total: 161033 ns
[2020-09-11T16:00:48.369+0000][1][safepoint    ] Safepoint "Cleanup", Time since last: 1000218252 ns, Reaching safepoint: 98062 ns, At safepoint: 10433 ns, Total: 108495 ns
[2020-09-11T16:00:49.370+0000][1][safepoint    ] Safepoint "Cleanup", Time since last: 1000148196 ns, Reaching safepoint: 152363 ns, At safepoint: 22926 ns, Total: 175289 ns
[2020-09-11T16:00:50.375+0000][1][safepoint    ] Safepoint "Cleanup", Time since last: 1005582472 ns, Reaching safepoint: 108603 ns, At safepoint: 8506 ns, Total: 117109 ns
[2020-09-11T16:00:51.376+0000][1][safepoint    ] Safepoint "Cleanup", Time since last: 1000165397 ns, Reaching safepoint: 110103 ns, At safepoint: 10363 ns, Total: 120466 ns
[2020-09-11T16:00:51.866+0000][1][safepoint    ] Safepoint "RevokeBias", Time since last: 490319971 ns, Reaching safepoint: 86733 ns, At safepoint: 25288 ns, Total: 112021 ns
[2020-09-11T16:00:51.950+0000][1][safepoint    ] Safepoint "RevokeBias", Time since last: 84210859 ns, Reaching safepoint: 88428 ns, At safepoint: 27075 ns, Total: 115503 ns
[2020-09-11T16:00:52.951+0000][1][safepoint    ] Safepoint "Cleanup", Time since last: 1000135352 ns, Reaching safepoint: 122013 ns, At safepoint: 9165 ns, Total: 131178 ns
[2020-09-11T16:00:53.853+0000][1][safepoint    ] Safepoint "RevokeBias", Time since last: 901912370 ns, Reaching safepoint: 86538 ns, At safepoint: 22966 ns, Total: 109504 ns
[2020-09-11T16:00:54.441+0000][1][safepoint    ] Safepoint "RevokeBias", Time since last: 588327330 ns, Reaching safepoint: 85784 ns, At safepoint: 23336 ns, Total: 109120 ns
[2020-09-11T16:00:55.441+0000][1][safepoint    ] Safepoint "Cleanup", Time since last: 1000172837 ns, Reaching safepoint: 114284 ns, At safepoint: 10678 ns, Total: 124962 ns
[2020-09-11T16:00:56.442+0000][1][safepoint    ] Safepoint "Cleanup", Time since last: 1000263362 ns, Reaching safepoint: 106982 ns, At safepoint: 11022 ns, Total: 118004 ns
[2020-09-11T16:00:57.442+0000][1][safepoint    ] Safepoint "Cleanup", Time since last: 1000143083 ns, Reaching safepoint: 141878 ns, At safepoint: 19645 ns, Total: 161523 ns
[2020-09-11T16:00:58.442+0000][1][safepoint    ] Safepoint "Cleanup", Time since last: 1000214449 ns, Reaching safepoint: 148327 ns, At safepoint: 20544 ns, Total: 168871 ns
[2020-09-11T16:00:59.443+0000][1][safepoint    ] Safepoint "Cleanup", Time since last: 1000223806 ns, Reaching safepoint: 149413 ns, At safepoint: 21903 ns, Total: 171316 ns
[2020-09-11T16:01:00.443+0000][1][safepoint    ] Safepoint "Cleanup", Time since last: 1000226753 ns, Reaching safepoint: 115210 ns, At safepoint: 8917 ns, Total: 124127 ns
[2020-09-11T16:01:01.444+0000][1][safepoint    ] Safepoint "Cleanup", Time since last: 1000166396 ns, Reaching safepoint: 128512 ns, At safepoint: 10681 ns, Total: 139193 ns
[2020-09-11T16:01:01.855+0000][1][gc,start     ] GC(132) Pause Young (Allocation Failure)
[2020-09-11T16:01:01.855+0000][1][gc,task      ] GC(132) Using 1 workers of 1 for evacuation
[2020-09-11T16:01:01.861+0000][1][gc,age       ] GC(132) Desired survivor size 4358144 bytes, new threshold 6 (max threshold 6)
[2020-09-11T16:01:01.861+0000][1][gc,age       ] GC(132) Age table with threshold 6 (max threshold 6)
[2020-09-11T16:01:01.861+0000][1][gc,age       ] GC(132) - age   1:     232816 bytes,     232816 total
[2020-09-11T16:01:01.861+0000][1][gc,age       ] GC(132) - age   2:     205136 bytes,     437952 total
[2020-09-11T16:01:01.861+0000][1][gc,age       ] GC(132) - age   3:     456232 bytes,     894184 total
[2020-09-11T16:01:01.861+0000][1][gc,age       ] GC(132) - age   4:     147528 bytes,    1041712 total
[2020-09-11T16:01:01.861+0000][1][gc,age       ] GC(132) - age   5:      49688 bytes,    1091400 total
[2020-09-11T16:01:01.861+0000][1][gc,age       ] GC(132) - age   6:      81976 bytes,    1173376 total
[2020-09-11T16:01:01.861+0000][1][gc,heap      ] GC(132) ParNew: 69560K->2182K(76672K)
[2020-09-11T16:01:01.861+0000][1][gc,heap      ] GC(132) CMS: 95978K->96081K(439104K)
[2020-09-11T16:01:01.861+0000][1][gc,metaspace ] GC(132) Metaspace: 93559K->93559K(1134592K)
[2020-09-11T16:01:01.861+0000][1][gc           ] GC(132) Pause Young (Allocation Failure) 161M->95M(503M) 6.433ms
[2020-09-11T16:01:01.861+0000][1][gc,cpu       ] GC(132) User=0.01s Sys=0.00s Real=0.01s
[2020-09-11T16:01:01.865+0000][1][safepoint    ] Safepoint "GenCollectForAllocation", Time since last: 411144331 ns, Reaching safepoint: 171592 ns, At safepoint: 9940778 ns, Total: 10112370 ns
[2020-09-11T16:01:01.882+0000][1][safepoint    ] Safepoint "RevokeBias", Time since last: 17083485 ns, Reaching safepoint: 80683 ns, At safepoint: 28618 ns, Total: 109301 ns
[2020-09-11T16:01:01.925+0000][1][safepoint    ] Safepoint "RevokeBias", Time since last: 43245263 ns, Reaching safepoint: 79096 ns, At safepoint: 23753 ns, Total: 102849 ns
[2020-09-11T16:01:02.926+0000][1][safepoint    ] Safepoint "Cleanup", Time since last: 1000143150 ns, Reaching safepoint: 135291 ns, At safepoint: 8655 ns, Total: 143946 ns
[2020-09-11T16:01:03.836+0000][1][safepoint    ] Safepoint "RevokeBias", Time since last: 910115490 ns, Reaching safepoint: 164375 ns, At safepoint: 25353 ns, Total: 189728 ns
[2020-09-11T16:01:04.378+0000][1][safepoint    ] Safepoint "RevokeBias", Time since last: 541994786 ns, Reaching safepoint: 85063 ns, At safepoint: 28818 ns, Total: 113881 ns
[2020-09-11T16:01:05.378+0000][1][safepoint    ] Safepoint "Cleanup", Time since last: 1000174696 ns, Reaching safepoint: 103116 ns, At safepoint: 10872 ns, Total: 113988 ns
[2020-09-11T16:01:06.379+0000][1][safepoint    ] Safepoint "Cleanup", Time since last: 1000184366 ns, Reaching safepoint: 104150 ns, At safepoint: 12741 ns, Total: 116891 ns
[2020-09-11T16:01:07.379+0000][1][safepoint    ] Safepoint "Cleanup", Time since last: 1000186661 ns, Reaching safepoint: 99289 ns, At safepoint: 9002 ns, Total: 108291 ns
[2020-09-11T16:01:08.379+0000][1][safepoint    ] Safepoint "Cleanup", Time since last: 1000159834 ns, Reaching safepoint: 134505 ns, At safepoint: 8918 ns, Total: 143423 ns
[2020-09-11T16:01:09.379+0000][1][safepoint    ] Safepoint "Cleanup", Time since last: 1000139412 ns, Reaching safepoint: 111900 ns, At safepoint: 8676 ns, Total: 120576 ns
[2020-09-11T16:01:10.385+0000][1][safepoint    ] Safepoint "Cleanup", Time since last: 1005625002 ns, Reaching safepoint: 153993 ns, At safepoint: 23568 ns, Total: 177561 ns
[2020-09-11T16:01:11.386+0000][1][safepoint    ] Safepoint "Cleanup", Time since last: 1000218886 ns, Reaching safepoint: 103073 ns, At safepoint: 9479 ns, Total: 112552 ns
[2020-09-11T16:01:11.927+0000][1][safepoint    ] Safepoint "RevokeBias", Time since last: 541330897 ns, Reaching safepoint: 258987 ns, At safepoint: 185083 ns, Total: 444070 ns
[2020-09-11T16:01:11.944+0000][1][safepoint    ] Safepoint "RevokeBias", Time since last: 16726337 ns, Reaching safepoint: 86972 ns, At safepoint: 28672 ns, Total: 115644 ns
[2020-09-11T16:01:12.945+0000][1][safepoint    ] Safepoint "Cleanup", Time since last: 1000176522 ns, Reaching safepoint: 140956 ns, At safepoint: 23698 ns, Total: 164654 ns
[2020-09-11T16:01:13.855+0000][1][safepoint    ] Safepoint "RevokeBias", Time since last: 910801303 ns, Reaching safepoint: 92293 ns, At safepoint: 23916 ns, Total: 116209 ns
[2020-09-11T16:01:14.434+0000][1][safepoint    ] Safepoint "BulkRevokeBias", Time since last: 577690291 ns, Reaching safepoint: 160060 ns, At safepoint: 462401 ns, Total: 622461 ns
[2020-09-11T16:01:15.434+0000][1][safepoint    ] Safepoint "Cleanup", Time since last: 1000224320 ns, Reaching safepoint: 158561 ns, At safepoint: 25458 ns, Total: 184019 ns
[2020-09-11T16:01:16.435+0000][1][safepoint    ] Safepoint "Cleanup", Time since last: 1000212179 ns, Reaching safepoint: 107940 ns, At safepoint: 10970 ns, Total: 118910 ns
[2020-09-11T16:01:17.435+0000][1][safepoint    ] Safepoint "Cleanup", Time since last: 1000150282 ns, Reaching safepoint: 151691 ns, At safepoint: 24811 ns, Total: 176502 ns
[2020-09-11T16:01:18.435+0000][1][safepoint    ] Safepoint "Cleanup", Time since last: 1000185140 ns, Reaching safepoint: 149356 ns, At safepoint: 24994 ns, Total: 174350 ns
[2020-09-11T16:01:19.436+0000][1][safepoint    ] Safepoint "Cleanup", Time since last: 1000178836 ns, Reaching safepoint: 146359 ns, At safepoint: 42858 ns, Total: 189217 ns
[2020-09-11T16:01:20.441+0000][1][safepoint    ] Safepoint "Cleanup", Time since last: 1005664559 ns, Reaching safepoint: 147853 ns, At safepoint: 24513 ns, Total: 172366 ns
[2020-09-11T16:01:21.442+0000][1][safepoint    ] Safepoint "Cleanup", Time since last: 1000214012 ns, Reaching safepoint: 150412 ns, At safepoint: 23290 ns, Total: 173702 ns
[2020-09-11T16:01:21.875+0000][1][safepoint    ] Safepoint "RevokeBias", Time since last: 433472489 ns, Reaching safepoint: 79461 ns, At safepoint: 22980 ns, Total: 102441 ns
[2020-09-11T16:01:21.928+0000][1][safepoint    ] Safepoint "RevokeBias", Time since last: 52762866 ns, Reaching safepoint: 85507 ns, At safepoint: 27382 ns, Total: 112889 ns
[2020-09-11T16:01:22.929+0000][1][safepoint    ] Safepoint "Cleanup", Time since last: 1000100066 ns, Reaching safepoint: 192895 ns, At safepoint: 10303 ns, Total: 203198 ns
[2020-09-11T16:01:23.824+0000][1][safepoint    ] Safepoint "RevokeBias", Time since last: 895560778 ns, Reaching safepoint: 78519 ns, At safepoint: 22653 ns, Total: 101172 ns
[2020-09-11T16:01:24.385+0000][1][safepoint    ] Safepoint "RevokeBias", Time since last: 560304698 ns, Reaching safepoint: 424259 ns, At safepoint: 48586 ns, Total: 472845 ns
[2020-09-11T16:01:25.385+0000][1][safepoint    ] Safepoint "Cleanup", Time since last: 1000214231 ns, Reaching safepoint: 107389 ns, At safepoint: 10593 ns, Total: 117982 ns
[2020-09-11T16:01:26.386+0000][1][safepoint    ] Safepoint "Cleanup", Time since last: 1000148075 ns, Reaching safepoint: 75947 ns, At safepoint: 8650 ns, Total: 84597 ns
[2020-09-11T16:01:27.386+0000][1][safepoint    ] Safepoint "Cleanup", Time since last: 1000184434 ns, Reaching safepoint: 104057 ns, At safepoint: 10481 ns, Total: 114538 ns
[2020-09-11T16:01:28.386+0000][1][safepoint    ] Safepoint "Cleanup", Time since last: 1000204613 ns, Reaching safepoint: 108898 ns, At safepoint: 10965 ns, Total: 119863 ns
[2020-09-11T16:01:29.387+0000][1][safepoint    ] Safepoint "Cleanup", Time since last: 1000183575 ns, Reaching safepoint: 149289 ns, At safepoint: 20875 ns, Total: 170164 ns
[2020-09-11T16:01:30.387+0000][1][safepoint    ] Safepoint "Cleanup", Time since last: 1000212810 ns, Reaching safepoint: 148905 ns, At safepoint: 20791 ns, Total: 169696 ns
[2020-09-11T16:01:31.387+0000][1][safepoint    ] Safepoint "Cleanup", Time since last: 1000246426 ns, Reaching safepoint: 147849 ns, At safepoint: 25241 ns, Total: 173090 ns
[2020-09-11T16:01:31.855+0000][1][gc,start     ] GC(133) Pause Young (Allocation Failure)
[2020-09-11T16:01:31.855+0000][1][gc,task      ] GC(133) Using 1 workers of 1 for evacuation
[2020-09-11T16:01:31.861+0000][1][gc,age       ] GC(133) Desired survivor size 4358144 bytes, new threshold 6 (max threshold 6)
[2020-09-11T16:01:31.861+0000][1][gc,age       ] GC(133) Age table with threshold 6 (max threshold 6)
[2020-09-11T16:01:31.861+0000][1][gc,age       ] GC(133) - age   1:     182800 bytes,     182800 total
[2020-09-11T16:01:31.861+0000][1][gc,age       ] GC(133) - age   2:     133176 bytes,     315976 total
[2020-09-11T16:01:31.861+0000][1][gc,age       ] GC(133) - age   3:     203800 bytes,     519776 total
[2020-09-11T16:01:31.861+0000][1][gc,age       ] GC(133) - age   4:     456232 bytes,     976008 total
[2020-09-11T16:01:31.861+0000][1][gc,age       ] GC(133) - age   5:     137920 bytes,    1113928 total
[2020-09-11T16:01:31.861+0000][1][gc,age       ] GC(133) - age   6:      33528 bytes,    1147456 total
[2020-09-11T16:01:31.861+0000][1][gc,heap      ] GC(133) ParNew: 70342K->1405K(76672K)
[2020-09-11T16:01:31.861+0000][1][gc,heap      ] GC(133) CMS: 96081K->96106K(439104K)
[2020-09-11T16:01:31.861+0000][1][gc,metaspace ] GC(133) Metaspace: 93583K->93583K(1134592K)
[2020-09-11T16:01:31.861+0000][1][gc           ] GC(133) Pause Young (Allocation Failure) 162M->95M(503M) 5.898ms
[2020-09-11T16:01:31.861+0000][1][gc,cpu       ] GC(133) User=0.01s Sys=0.00s Real=0.01s
[2020-09-11T16:01:31.861+0000][1][safepoint    ] Safepoint "GenCollectForAllocation", Time since last: 467541896 ns, Reaching safepoint: 205889 ns, At safepoint: 5962524 ns, Total: 6168413 ns
[2020-09-11T16:01:31.924+0000][1][safepoint    ] Safepoint "RevokeBias", Time since last: 62735956 ns, Reaching safepoint: 88944 ns, At safepoint: 26641 ns, Total: 115585 ns
[2020-09-11T16:01:31.949+0000][1][safepoint    ] Safepoint "RevokeBias", Time since last: 24807078 ns, Reaching safepoint: 119523 ns, At safepoint: 28078 ns, Total: 147601 ns
[2020-09-11T16:01:32.949+0000][1][safepoint    ] Safepoint "Cleanup", Time since last: 1000144812 ns, Reaching safepoint: 144325 ns, At safepoint: 23216 ns, Total: 167541 ns
[2020-09-11T16:01:33.819+0000][1][safepoint    ] Safepoint "RevokeBias", Time since last: 869686359 ns, Reaching safepoint: 95302 ns, At safepoint: 29299 ns, Total: 124601 ns
[2020-09-11T16:01:34.461+0000][1][safepoint    ] Safepoint "RevokeBias", Time since last: 642016860 ns, Reaching safepoint: 159279 ns, At safepoint: 52433 ns, Total: 211712 ns
[2020-09-11T16:01:35.462+0000][1][safepoint    ] Safepoint "Cleanup", Time since last: 1000185656 ns, Reaching safepoint: 146416 ns, At safepoint: 21412 ns, Total: 167828 ns
[2020-09-11T16:01:36.462+0000][1][safepoint    ] Safepoint "Cleanup", Time since last: 1000148646 ns, Reaching safepoint: 82373 ns, At safepoint: 9540 ns, Total: 91913 ns
[2020-09-11T16:01:37.462+0000][1][safepoint    ] Safepoint "Cleanup", Time since last: 1000176366 ns, Reaching safepoint: 176358 ns, At safepoint: 19545 ns, Total: 195903 ns
[2020-09-11T16:01:38.463+0000][1][safepoint    ] Safepoint "Cleanup", Time since last: 1000187612 ns, Reaching safepoint: 119318 ns, At safepoint: 9881 ns, Total: 129199 ns
[2020-09-11T16:01:39.463+0000][1][safepoint    ] Safepoint "Cleanup", Time since last: 1000129568 ns, Reaching safepoint: 87649 ns, At safepoint: 9100 ns, Total: 96749 ns
[2020-09-11T16:01:40.468+0000][1][safepoint    ] Safepoint "Cleanup", Time since last: 1005399566 ns, Reaching safepoint: 172759 ns, At safepoint: 19278 ns, Total: 192037 ns
[2020-09-11T16:01:41.469+0000][1][safepoint    ] Safepoint "Cleanup", Time since last: 1000236355 ns, Reaching safepoint: 96512 ns, At safepoint: 9063 ns, Total: 105575 ns
[2020-09-11T16:01:41.904+0000][1][safepoint    ] Safepoint "RevokeBias", Time since last: 435545011 ns, Reaching safepoint: 172446 ns, At safepoint: 53449 ns, Total: 225895 ns
[2020-09-11T16:01:41.937+0000][1][safepoint    ] Safepoint "RevokeBias", Time since last: 32165340 ns, Reaching safepoint: 80961 ns, At safepoint: 27754 ns, Total: 108715 ns
[2020-09-11T16:01:42.937+0000][1][safepoint    ] Safepoint "Cleanup", Time since last: 1000210256 ns, Reaching safepoint: 150936 ns, At safepoint: 24075 ns, Total: 175011 ns
[2020-09-11T16:01:43.846+0000][1][safepoint    ] Safepoint "RevokeBias", Time since last: 909133650 ns, Reaching safepoint: 194333 ns, At safepoint: 25887 ns, Total: 220220 ns
[2020-09-11T16:01:44.417+0000][1][safepoint    ] Safepoint "RevokeBias", Time since last: 570040832 ns, Reaching safepoint: 82093 ns, At safepoint: 26330 ns, Total: 108423 ns
[2020-09-11T16:01:45.417+0000][1][safepoint    ] Safepoint "Cleanup", Time since last: 1000182176 ns, Reaching safepoint: 101560 ns, At safepoint: 9243 ns, Total: 110803 ns
[2020-09-11T16:01:46.417+0000][1][safepoint    ] Safepoint "Cleanup", Time since last: 1000146821 ns, Reaching safepoint: 73054 ns, At safepoint: 8370 ns, Total: 81424 ns
[2020-09-11T16:01:47.417+0000][1][safepoint    ] Safepoint "Cleanup", Time since last: 1000154916 ns, Reaching safepoint: 114110 ns, At safepoint: 9450 ns, Total: 123560 ns
[2020-09-11T16:01:48.418+0000][1][safepoint    ] Safepoint "Cleanup", Time since last: 1000234765 ns, Reaching safepoint: 78651 ns, At safepoint: 9453 ns, Total: 88104 ns
[2020-09-11T16:01:49.418+0000][1][safepoint    ] Safepoint "Cleanup", Time since last: 1000154510 ns, Reaching safepoint: 142941 ns, At safepoint: 23080 ns, Total: 166021 ns
[2020-09-11T16:01:50.424+0000][1][safepoint    ] Safepoint "Cleanup", Time since last: 1005583763 ns, Reaching safepoint: 187456 ns, At safepoint: 11485 ns, Total: 198941 ns
[2020-09-11T16:01:51.424+0000][1][safepoint    ] Safepoint "Cleanup", Time since last: 1000165087 ns, Reaching safepoint: 120311 ns, At safepoint: 10325 ns, Total: 130636 ns
[2020-09-11T16:01:51.862+0000][1][safepoint    ] Safepoint "RevokeBias", Time since last: 438019934 ns, Reaching safepoint: 89213 ns, At safepoint: 22864 ns, Total: 112077 ns
[2020-09-11T16:01:51.932+0000][1][safepoint    ] Safepoint "RevokeBias", Time since last: 69841758 ns, Reaching safepoint: 210192 ns, At safepoint: 27855 ns, Total: 238047 ns
[2020-09-11T16:01:52.933+0000][1][safepoint    ] Safepoint "Cleanup", Time since last: 1000184988 ns, Reaching safepoint: 149723 ns, At safepoint: 24473 ns, Total: 174196 ns
[2020-09-11T16:01:53.859+0000][1][safepoint    ] Safepoint "RevokeBias", Time since last: 926306379 ns, Reaching safepoint: 187412 ns, At safepoint: 25014 ns, Total: 212426 ns
[2020-09-11T16:01:54.381+0000][1][safepoint    ] Safepoint "RevokeBias", Time since last: 521881770 ns, Reaching safepoint: 89168 ns, At safepoint: 28482 ns, Total: 117650 ns
[2020-09-11T16:01:55.382+0000][1][safepoint    ] Safepoint "Cleanup", Time since last: 1000175953 ns, Reaching safepoint: 104254 ns, At safepoint: 11322 ns, Total: 115576 ns
[2020-09-11T16:01:56.382+0000][1][safepoint    ] Safepoint "Cleanup", Time since last: 1000181460 ns, Reaching safepoint: 144799 ns, At safepoint: 23818 ns, Total: 168617 ns
[2020-09-11T16:01:57.382+0000][1][safepoint    ] Safepoint "Cleanup", Time since last: 1000218126 ns, Reaching safepoint: 145136 ns, At safepoint: 24263 ns, Total: 169399 ns
[2020-09-11T16:01:58.383+0000][1][safepoint    ] Safepoint "Cleanup", Time since last: 1000233156 ns, Reaching safepoint: 103269 ns, At safepoint: 9399 ns, Total: 112668 ns
[2020-09-11T16:01:59.383+0000][1][safepoint    ] Safepoint "Cleanup", Time since last: 1000191971 ns, Reaching safepoint: 142163 ns, At safepoint: 19628 ns, Total: 161791 ns
[2020-09-11T16:02:00.383+0000][1][safepoint    ] Safepoint "Cleanup", Time since last: 1000226997 ns, Reaching safepoint: 152794 ns, At safepoint: 21787 ns, Total: 174581 ns
[2020-09-11T16:02:01.384+0000][1][safepoint    ] Safepoint "Cleanup", Time since last: 1000228746 ns, Reaching safepoint: 142958 ns, At safepoint: 21051 ns, Total: 164009 ns
[2020-09-11T16:02:01.685+0000][1][gc,start     ] GC(134) Pause Young (Allocation Failure)
[2020-09-11T16:02:01.685+0000][1][gc,task      ] GC(134) Using 1 workers of 1 for evacuation
[2020-09-11T16:02:01.691+0000][1][gc,age       ] GC(134) Desired survivor size 4358144 bytes, new threshold 6 (max threshold 6)
[2020-09-11T16:02:01.691+0000][1][gc,age       ] GC(134) Age table with threshold 6 (max threshold 6)
[2020-09-11T16:02:01.691+0000][1][gc,age       ] GC(134) - age   1:     135680 bytes,     135680 total
[2020-09-11T16:02:01.691+0000][1][gc,age       ] GC(134) - age   2:     120056 bytes,     255736 total
[2020-09-11T16:02:01.691+0000][1][gc,age       ] GC(134) - age   3:     131744 bytes,     387480 total
[2020-09-11T16:02:01.691+0000][1][gc,age       ] GC(134) - age   4:     203800 bytes,     591280 total
[2020-09-11T16:02:01.691+0000][1][gc,age       ] GC(134) - age   5:     454992 bytes,    1046272 total
[2020-09-11T16:02:01.691+0000][1][gc,age       ] GC(134) - age   6:      92728 bytes,    1139000 total
[2020-09-11T16:02:01.691+0000][1][gc,heap      ] GC(134) ParNew: 69565K->2032K(76672K)
[2020-09-11T16:02:01.691+0000][1][gc,heap      ] GC(134) CMS: 96106K->96135K(439104K)
[2020-09-11T16:02:01.691+0000][1][gc,metaspace ] GC(134) Metaspace: 93610K->93610K(1134592K)
[2020-09-11T16:02:01.691+0000][1][gc           ] GC(134) Pause Young (Allocation Failure) 161M->95M(503M) 5.810ms
[2020-09-11T16:02:01.691+0000][1][gc,cpu       ] GC(134) User=0.01s Sys=0.00s Real=0.00s
[2020-09-11T16:02:01.691+0000][1][safepoint    ] Safepoint "GenCollectForAllocation", Time since last: 301130017 ns, Reaching safepoint: 193726 ns, At safepoint: 5878335 ns, Total: 6072061 ns
[2020-09-11T16:02:01.871+0000][1][safepoint    ] Safepoint "RevokeBias", Time since last: 179478708 ns, Reaching safepoint: 91523 ns, At safepoint: 28222 ns, Total: 119745 ns
[2020-09-11T16:02:01.933+0000][1][safepoint    ] Safepoint "RevokeBias", Time since last: 62081202 ns, Reaching safepoint: 88030 ns, At safepoint: 28606 ns, Total: 116636 ns
[2020-09-11T16:02:02.933+0000][1][safepoint    ] Safepoint "Cleanup", Time since last: 1000217810 ns, Reaching safepoint: 103591 ns, At safepoint: 10487 ns, Total: 114078 ns
[2020-09-11T16:02:03.795+0000][1][safepoint    ] Safepoint "RevokeBias", Time since last: 861698481 ns, Reaching safepoint: 190153 ns, At safepoint: 56419 ns, Total: 246572 ns
[2020-09-11T16:02:04.377+0000][1][safepoint    ] Safepoint "RevokeBias", Time since last: 582171401 ns, Reaching safepoint: 84672 ns, At safepoint: 28683 ns, Total: 113355 ns
[2020-09-11T16:02:05.377+0000][1][safepoint    ] Safepoint "Cleanup", Time since last: 1000106611 ns, Reaching safepoint: 84237 ns, At safepoint: 9594 ns, Total: 93831 ns
[2020-09-11T16:02:06.378+0000][1][safepoint    ] Safepoint "Cleanup", Time since last: 1000134499 ns, Reaching safepoint: 122311 ns, At safepoint: 11873 ns, Total: 134184 ns
[2020-09-11T16:02:07.378+0000][1][safepoint    ] Safepoint "Cleanup", Time since last: 1000177083 ns, Reaching safepoint: 96013 ns, At safepoint: 8566 ns, Total: 104579 ns
[2020-09-11T16:02:08.378+0000][1][safepoint    ] Safepoint "Cleanup", Time since last: 1000157084 ns, Reaching safepoint: 96944 ns, At safepoint: 8514 ns, Total: 105458 ns
[2020-09-11T16:02:09.379+0000][1][safepoint    ] Safepoint "Cleanup", Time since last: 1000157236 ns, Reaching safepoint: 98608 ns, At safepoint: 8249 ns, Total: 106857 ns
[2020-09-11T16:02:10.384+0000][1][safepoint    ] Safepoint "Cleanup", Time since last: 1005446921 ns, Reaching safepoint: 93582 ns, At safepoint: 12381 ns, Total: 105963 ns
[2020-09-11T16:02:11.384+0000][1][safepoint    ] Safepoint "Cleanup", Time since last: 1000204523 ns, Reaching safepoint: 141264 ns, At safepoint: 23390 ns, Total: 164654 ns
[2020-09-11T16:02:11.923+0000][1][safepoint    ] Safepoint "RevokeBias", Time since last: 538600182 ns, Reaching safepoint: 88777 ns, At safepoint: 26462 ns, Total: 115239 ns
[2020-09-11T16:02:11.945+0000][1][safepoint    ] Safepoint "RevokeBias", Time since last: 21346636 ns, Reaching safepoint: 95066 ns, At safepoint: 29267 ns, Total: 124333 ns
[2020-09-11T16:02:12.945+0000][1][safepoint    ] Safepoint "Cleanup", Time since last: 1000160229 ns, Reaching safepoint: 98062 ns, At safepoint: 8903 ns, Total: 106965 ns
[2020-09-11T16:02:13.877+0000][1][safepoint    ] Safepoint "RevokeBias", Time since last: 932025733 ns, Reaching safepoint: 81935 ns, At safepoint: 23758 ns, Total: 105693 ns
[2020-09-11T16:02:14.376+0000][1][safepoint    ] Safepoint "RevokeBias", Time since last: 499128491 ns, Reaching safepoint: 82017 ns, At safepoint: 23218 ns, Total: 105235 ns
[2020-09-11T16:02:15.377+0000][1][safepoint    ] Safepoint "Cleanup", Time since last: 1000175813 ns, Reaching safepoint: 83147 ns, At safepoint: 9357 ns, Total: 92504 ns
[2020-09-11T16:02:16.377+0000][1][safepoint    ] Safepoint "Cleanup", Time since last: 1000205579 ns, Reaching safepoint: 84604 ns, At safepoint: 8055 ns, Total: 92659 ns
[2020-09-11T16:02:17.377+0000][1][safepoint    ] Safepoint "Cleanup", Time since last: 1000159689 ns, Reaching safepoint: 97146 ns, At safepoint: 8689 ns, Total: 105835 ns
[2020-09-11T16:02:18.378+0000][1][safepoint    ] Safepoint "Cleanup", Time since last: 1000222401 ns, Reaching safepoint: 136928 ns, At safepoint: 20587 ns, Total: 157515 ns
[2020-09-11T16:02:19.378+0000][1][safepoint    ] Safepoint "Cleanup", Time since last: 1000210444 ns, Reaching safepoint: 138010 ns, At safepoint: 19883 ns, Total: 157893 ns
[2020-09-11T16:02:20.448+0000][1][safepoint    ] Safepoint "Cleanup", Time since last: 1069662254 ns, Reaching safepoint: 146085 ns, At safepoint: 21569 ns, Total: 167654 ns
[2020-09-11T16:02:21.448+0000][1][safepoint    ] Safepoint "Cleanup", Time since last: 1000233023 ns, Reaching safepoint: 147241 ns, At safepoint: 22699 ns, Total: 169940 ns
[2020-09-11T16:02:21.868+0000][1][safepoint    ] Safepoint "RevokeBias", Time since last: 419483157 ns, Reaching safepoint: 79142 ns, At safepoint: 22900 ns, Total: 102042 ns
[2020-09-11T16:02:21.935+0000][1][safepoint    ] Safepoint "RevokeBias", Time since last: 66879180 ns, Reaching safepoint: 79259 ns, At safepoint: 23461 ns, Total: 102720 ns
[2020-09-11T16:02:22.935+0000][1][safepoint    ] Safepoint "Cleanup", Time since last: 1000182668 ns, Reaching safepoint: 101571 ns, At safepoint: 9212 ns, Total: 110783 ns
[2020-09-11T16:02:23.887+0000][1][safepoint    ] Safepoint "RevokeBias", Time since last: 952182277 ns, Reaching safepoint: 98140 ns, At safepoint: 31399 ns, Total: 129539 ns
[2020-09-11T16:02:24.410+0000][1][safepoint    ] Safepoint "BulkRevokeBias", Time since last: 522459950 ns, Reaching safepoint: 79697 ns, At safepoint: 215689 ns, Total: 295386 ns
[2020-09-11T16:02:25.410+0000][1][safepoint    ] Safepoint "Cleanup", Time since last: 1000149171 ns, Reaching safepoint: 136102 ns, At safepoint: 20527 ns, Total: 156629 ns
[2020-09-11T16:02:26.411+0000][1][safepoint    ] Safepoint "Cleanup", Time since last: 1000216920 ns, Reaching safepoint: 101321 ns, At safepoint: 8637 ns, Total: 109958 ns
[2020-09-11T16:02:27.411+0000][1][safepoint    ] Safepoint "Cleanup", Time since last: 1000183226 ns, Reaching safepoint: 91590 ns, At safepoint: 10430 ns, Total: 102020 ns
[2020-09-11T16:02:28.411+0000][1][safepoint    ] Safepoint "Cleanup", Time since last: 1000192128 ns, Reaching safepoint: 84601 ns, At safepoint: 8191 ns, Total: 92792 ns
[2020-09-11T16:02:29.412+0000][1][safepoint    ] Safepoint "Cleanup", Time since last: 1000169957 ns, Reaching safepoint: 95041 ns, At safepoint: 8264 ns, Total: 103305 ns
[2020-09-11T16:02:30.412+0000][1][safepoint    ] Safepoint "Cleanup", Time since last: 1000147328 ns, Reaching safepoint: 137750 ns, At safepoint: 20380 ns, Total: 158130 ns
[2020-09-11T16:02:31.404+0000][1][gc,start     ] GC(135) Pause Young (Allocation Failure)
[2020-09-11T16:02:31.404+0000][1][gc,task      ] GC(135) Using 1 workers of 1 for evacuation
[2020-09-11T16:02:31.409+0000][1][gc,age       ] GC(135) Desired survivor size 4358144 bytes, new threshold 6 (max threshold 6)
[2020-09-11T16:02:31.409+0000][1][gc,age       ] GC(135) Age table with threshold 6 (max threshold 6)
[2020-09-11T16:02:31.409+0000][1][gc,age       ] GC(135) - age   1:     700504 bytes,     700504 total
[2020-09-11T16:02:31.409+0000][1][gc,age       ] GC(135) - age   2:      85232 bytes,     785736 total
[2020-09-11T16:02:31.410+0000][1][gc,age       ] GC(135) - age   3:     118720 bytes,     904456 total
[2020-09-11T16:02:31.410+0000][1][gc,age       ] GC(135) - age   4:     131744 bytes,    1036200 total
[2020-09-11T16:02:31.410+0000][1][gc,age       ] GC(135) - age   5:      68760 bytes,    1104960 total
[2020-09-11T16:02:31.410+0000][1][gc,age       ] GC(135) - age   6:      45616 bytes,    1150576 total
[2020-09-11T16:02:31.410+0000][1][gc,heap      ] GC(135) ParNew: 70128K->1342K(76672K)
[2020-09-11T16:02:31.410+0000][1][gc,heap      ] GC(135) CMS: 96135K->96216K(439104K)
[2020-09-11T16:02:31.410+0000][1][gc,metaspace ] GC(135) Metaspace: 93610K->93610K(1134592K)
[2020-09-11T16:02:31.410+0000][1][gc           ] GC(135) Pause Young (Allocation Failure) 162M->95M(503M) 5.221ms
[2020-09-11T16:02:31.410+0000][1][gc,cpu       ] GC(135) User=0.00s Sys=0.00s Real=0.00s
[2020-09-11T16:02:31.410+0000][1][safepoint    ] Safepoint "GenCollectForAllocation", Time since last: 992337783 ns, Reaching safepoint: 193004 ns, At safepoint: 5297452 ns, Total: 5490456 ns
[2020-09-11T16:02:31.914+0000][1][safepoint    ] Safepoint "RevokeBias", Time since last: 503668638 ns, Reaching safepoint: 163906 ns, At safepoint: 57806 ns, Total: 221712 ns
[2020-09-11T16:02:31.939+0000][1][safepoint    ] Safepoint "RevokeBias", Time since last: 25123310 ns, Reaching safepoint: 79877 ns, At safepoint: 29733 ns, Total: 109610 ns
[2020-09-11T16:02:32.939+0000][1][safepoint    ] Safepoint "Cleanup", Time since last: 1000140832 ns, Reaching safepoint: 150619 ns, At safepoint: 20764 ns, Total: 171383 ns
[2020-09-11T16:02:33.831+0000][1][safepoint    ] Safepoint "RevokeBias", Time since last: 891548896 ns, Reaching safepoint: 83476 ns, At safepoint: 25256 ns, Total: 108732 ns
[2020-09-11T16:02:34.381+0000][1][safepoint    ] Safepoint "RevokeBias", Time since last: 549709111 ns, Reaching safepoint: 123646 ns, At safepoint: 39343 ns, Total: 162989 ns
[2020-09-11T16:02:35.381+0000][1][safepoint    ] Safepoint "Cleanup", Time since last: 1000208949 ns, Reaching safepoint: 92354 ns, At safepoint: 8182 ns, Total: 100536 ns
[2020-09-11T16:02:36.381+0000][1][safepoint    ] Safepoint "Cleanup", Time since last: 1000097743 ns, Reaching safepoint: 81586 ns, At safepoint: 9511 ns, Total: 91097 ns
[2020-09-11T16:02:37.381+0000][1][safepoint    ] Safepoint "Cleanup", Time since last: 1000145815 ns, Reaching safepoint: 113829 ns, At safepoint: 8512 ns, Total: 122341 ns
[2020-09-11T16:02:38.382+0000][1][safepoint    ] Safepoint "Cleanup", Time since last: 1000116197 ns, Reaching safepoint: 138768 ns, At safepoint: 18873 ns, Total: 157641 ns
[2020-09-11T16:02:39.382+0000][1][safepoint    ] Safepoint "Cleanup", Time since last: 1000198574 ns, Reaching safepoint: 100082 ns, At safepoint: 8376 ns, Total: 108458 ns
[2020-09-11T16:02:40.388+0000][1][safepoint    ] Safepoint "Cleanup", Time since last: 1005512428 ns, Reaching safepoint: 187035 ns, At safepoint: 22388 ns, Total: 209423 ns
[2020-09-11T16:02:41.388+0000][1][safepoint    ] Safepoint "Cleanup", Time since last: 1000205821 ns, Reaching safepoint: 144982 ns, At safepoint: 25883 ns, Total: 170865 ns
[2020-09-11T16:02:41.871+0000][1][safepoint    ] Safepoint "RevokeBias", Time since last: 482347328 ns, Reaching safepoint: 96784 ns, At safepoint: 47155 ns, Total: 143939 ns
[2020-09-11T16:02:41.973+0000][1][safepoint    ] Safepoint "RevokeBias", Time since last: 102139081 ns, Reaching safepoint: 214986 ns, At safepoint: 54946 ns, Total: 269932 ns
[2020-09-11T16:02:42.973+0000][1][safepoint    ] Safepoint "Cleanup", Time since last: 1000215025 ns, Reaching safepoint: 145243 ns, At safepoint: 20958 ns, Total: 166201 ns
[2020-09-11T16:02:43.847+0000][1][safepoint    ] Safepoint "RevokeBias", Time since last: 873671219 ns, Reaching safepoint: 81518 ns, At safepoint: 25032 ns, Total: 106550 ns
[2020-09-11T16:02:44.373+0000][1][safepoint    ] Safepoint "RevokeBias", Time since last: 525789062 ns, Reaching safepoint: 86236 ns, At safepoint: 23540 ns, Total: 109776 ns
[2020-09-11T16:02:45.373+0000][1][safepoint    ] Safepoint "Cleanup", Time since last: 1000133976 ns, Reaching safepoint: 137553 ns, At safepoint: 19484 ns, Total: 157037 ns
[2020-09-11T16:02:46.374+0000][1][safepoint    ] Safepoint "Cleanup", Time since last: 1000271471 ns, Reaching safepoint: 149052 ns, At safepoint: 19859 ns, Total: 168911 ns
[2020-09-11T16:02:47.374+0000][1][safepoint    ] Safepoint "Cleanup", Time since last: 1000219329 ns, Reaching safepoint: 136981 ns, At safepoint: 19395 ns, Total: 156376 ns
[2020-09-11T16:02:51.892+0000][1][safepoint    ] Safepoint "RevokeBias", Time since last: 4517819339 ns, Reaching safepoint: 161280 ns, At safepoint: 54465 ns, Total: 215745 ns
[2020-09-11T16:02:51.957+0000][1][safepoint    ] Safepoint "RevokeBias", Time since last: 64767520 ns, Reaching safepoint: 82506 ns, At safepoint: 29120 ns, Total: 111626 ns
[2020-09-11T16:02:52.957+0000][1][safepoint    ] Safepoint "Cleanup", Time since last: 1000144998 ns, Reaching safepoint: 149884 ns, At safepoint: 23711 ns, Total: 173595 ns
[2020-09-11T16:02:53.893+0000][1][safepoint    ] Safepoint "RevokeBias", Time since last: 935145808 ns, Reaching safepoint: 84836 ns, At safepoint: 24309 ns, Total: 109145 ns
[2020-09-11T16:02:54.408+0000][1][safepoint    ] Safepoint "RevokeBias", Time since last: 515560312 ns, Reaching safepoint: 85865 ns, At safepoint: 24265 ns, Total: 110130 ns
[2020-09-11T16:03:00.409+0000][1][safepoint    ] Safepoint "Cleanup", Time since last: 6000717185 ns, Reaching safepoint: 199371 ns, At safepoint: 24038 ns, Total: 223409 ns
[2020-09-11T16:03:01.445+0000][1][gc,start     ] GC(136) Pause Young (Allocation Failure)
[2020-09-11T16:03:01.445+0000][1][gc,task      ] GC(136) Using 1 workers of 1 for evacuation
[2020-09-11T16:03:01.453+0000][1][gc,age       ] GC(136) Desired survivor size 4358144 bytes, new threshold 6 (max threshold 6)
[2020-09-11T16:03:01.453+0000][1][gc,age       ] GC(136) Age table with threshold 6 (max threshold 6)
[2020-09-11T16:03:01.453+0000][1][gc,age       ] GC(136) - age   1:     154104 bytes,     154104 total
[2020-09-11T16:03:01.453+0000][1][gc,age       ] GC(136) - age   2:     651336 bytes,     805440 total
[2020-09-11T16:03:01.453+0000][1][gc,age       ] GC(136) - age   3:      83800 bytes,     889240 total
[2020-09-11T16:03:01.453+0000][1][gc,age       ] GC(136) - age   4:     118720 bytes,    1007960 total
[2020-09-11T16:03:01.453+0000][1][gc,age       ] GC(136) - age   5:     130504 bytes,    1138464 total
[2020-09-11T16:03:01.453+0000][1][gc,age       ] GC(136) - age   6:      66680 bytes,    1205144 total
[2020-09-11T16:03:01.453+0000][1][gc,heap      ] GC(136) ParNew: 69502K->2020K(76672K)
[2020-09-11T16:03:01.453+0000][1][gc,heap      ] GC(136) CMS: 96216K->96261K(439104K)
[2020-09-11T16:03:01.453+0000][1][gc,metaspace ] GC(136) Metaspace: 93619K->93619K(1134592K)
[2020-09-11T16:03:01.453+0000][1][gc           ] GC(136) Pause Young (Allocation Failure) 161M->95M(503M) 8.000ms
[2020-09-11T16:03:01.453+0000][1][gc,cpu       ] GC(136) User=0.01s Sys=0.00s Real=0.01s
[2020-09-11T16:03:01.453+0000][1][safepoint    ] Safepoint "GenCollectForAllocation", Time since last: 1034185200 ns, Reaching safepoint: 1437787 ns, At safepoint: 8525671 ns, Total: 9963458 ns
[2020-09-11T16:03:01.879+0000][1][safepoint    ] Safepoint "RevokeBias", Time since last: 425449971 ns, Reaching safepoint: 85111 ns, At safepoint: 27111 ns, Total: 112222 ns
[2020-09-11T16:03:01.931+0000][1][safepoint    ] Safepoint "RevokeBias", Time since last: 51934549 ns, Reaching safepoint: 87531 ns, At safepoint: 28092 ns, Total: 115623 ns
[2020-09-11T16:03:03.901+0000][1][safepoint    ] Safepoint "RevokeBias", Time since last: 1969597365 ns, Reaching safepoint: 85332 ns, At safepoint: 24033 ns, Total: 109365 ns
[2020-09-11T16:03:04.377+0000][1][safepoint    ] Safepoint "RevokeBias", Time since last: 476546100 ns, Reaching safepoint: 90643 ns, At safepoint: 25831 ns, Total: 116474 ns
[2020-09-11T16:03:11.867+0000][1][safepoint    ] Safepoint "RevokeBias", Time since last: 7489542474 ns, Reaching safepoint: 85439 ns, At safepoint: 25597 ns, Total: 111036 ns
[2020-09-11T16:03:11.940+0000][1][safepoint    ] Safepoint "RevokeBias", Time since last: 72655955 ns, Reaching safepoint: 85858 ns, At safepoint: 26388 ns, Total: 112246 ns
[2020-09-11T16:03:13.816+0000][1][safepoint    ] Safepoint "RevokeBias", Time since last: 1875776222 ns, Reaching safepoint: 79442 ns, At safepoint: 24128 ns, Total: 103570 ns
[2020-09-11T16:03:14.382+0000][1][safepoint    ] Safepoint "RevokeBias", Time since last: 566679776 ns, Reaching safepoint: 84345 ns, At safepoint: 24102 ns, Total: 108447 ns
[2020-09-11T16:03:17.383+0000][1][safepoint    ] Safepoint "Cleanup", Time since last: 3000380534 ns, Reaching safepoint: 139841 ns, At safepoint: 20965 ns, Total: 160806 ns
[2020-09-11T16:03:18.383+0000][1][safepoint    ] Safepoint "Cleanup", Time since last: 1000170067 ns, Reaching safepoint: 71195 ns, At safepoint: 8081 ns, Total: 79276 ns
[2020-09-11T16:03:19.384+0000][1][safepoint    ] Safepoint "Cleanup", Time since last: 1000159020 ns, Reaching safepoint: 96605 ns, At safepoint: 8829 ns, Total: 105434 ns
[2020-09-11T16:03:20.384+0000][1][safepoint    ] Safepoint "Cleanup", Time since last: 1000172084 ns, Reaching safepoint: 96620 ns, At safepoint: 8830 ns, Total: 105450 ns
[2020-09-11T16:03:21.384+0000][1][safepoint    ] Safepoint "Cleanup", Time since last: 1000180463 ns, Reaching safepoint: 140770 ns, At safepoint: 21847 ns, Total: 162617 ns
[2020-09-11T16:03:21.899+0000][1][safepoint    ] Safepoint "RevokeBias", Time since last: 514391537 ns, Reaching safepoint: 89764 ns, At safepoint: 26963 ns, Total: 116727 ns
[2020-09-11T16:03:21.933+0000][1][safepoint    ] Safepoint "RevokeBias", Time since last: 33706833 ns, Reaching safepoint: 164779 ns, At safepoint: 27632 ns, Total: 192411 ns
[2020-09-11T16:03:22.933+0000][1][safepoint    ] Safepoint "Cleanup", Time since last: 1000146012 ns, Reaching safepoint: 122995 ns, At safepoint: 9367 ns, Total: 132362 ns
[2020-09-11T16:03:23.832+0000][1][safepoint    ] Safepoint "RevokeBias", Time since last: 899256754 ns, Reaching safepoint: 95653 ns, At safepoint: 29427 ns, Total: 125080 ns
[2020-09-11T16:03:24.414+0000][1][safepoint    ] Safepoint "RevokeBias", Time since last: 582017765 ns, Reaching safepoint: 156994 ns, At safepoint: 54743 ns, Total: 211737 ns
[2020-09-11T16:03:25.415+0000][1][safepoint    ] Safepoint "Cleanup", Time since last: 1000174727 ns, Reaching safepoint: 71407 ns, At safepoint: 8096 ns, Total: 79503 ns
[2020-09-11T16:03:26.415+0000][1][safepoint    ] Safepoint "Cleanup", Time since last: 1000153132 ns, Reaching safepoint: 99678 ns, At safepoint: 8323 ns, Total: 108001 ns
[2020-09-11T16:03:26.795+0000][1][gc,start     ] GC(137) Pause Young (Allocation Failure)
[2020-09-11T16:03:26.795+0000][1][gc,task      ] GC(137) Using 1 workers of 1 for evacuation
[2020-09-11T16:03:26.800+0000][1][gc,age       ] GC(137) Desired survivor size 4358144 bytes, new threshold 6 (max threshold 6)
[2020-09-11T16:03:26.800+0000][1][gc,age       ] GC(137) Age table with threshold 6 (max threshold 6)
[2020-09-11T16:03:26.800+0000][1][gc,age       ] GC(137) - age   1:     253624 bytes,     253624 total
[2020-09-11T16:03:26.800+0000][1][gc,age       ] GC(137) - age   2:      33520 bytes,     287144 total
[2020-09-11T16:03:26.800+0000][1][gc,age       ] GC(137) - age   3:     650000 bytes,     937144 total
[2020-09-11T16:03:26.800+0000][1][gc,age       ] GC(137) - age   4:      83800 bytes,    1020944 total
[2020-09-11T16:03:26.800+0000][1][gc,age       ] GC(137) - age   5:     117480 bytes,    1138424 total
[2020-09-11T16:03:26.800+0000][1][gc,age       ] GC(137) - age   6:      29688 bytes,    1168112 total
[2020-09-11T16:03:26.800+0000][1][gc,heap      ] GC(137) ParNew: 70180K->1387K(76672K)
[2020-09-11T16:03:26.800+0000][1][gc,heap      ] GC(137) CMS: 96261K->96326K(439104K)
[2020-09-11T16:03:26.800+0000][1][gc,metaspace ] GC(137) Metaspace: 93620K->93620K(1134592K)
[2020-09-11T16:03:26.800+0000][1][gc           ] GC(137) Pause Young (Allocation Failure) 162M->95M(503M) 5.110ms
[2020-09-11T16:03:26.800+0000][1][gc,cpu       ] GC(137) User=0.01s Sys=0.00s Real=0.00s
[2020-09-11T16:03:26.800+0000][1][safepoint    ] Safepoint "GenCollectForAllocation", Time since last: 380137981 ns, Reaching safepoint: 195769 ns, At safepoint: 5188781 ns, Total: 5384550 ns
[2020-09-11T16:03:27.804+0000][1][safepoint    ] Safepoint "Cleanup", Time since last: 1003418591 ns, Reaching safepoint: 188873 ns, At safepoint: 148786 ns, Total: 337659 ns
[2020-09-11T16:03:28.805+0000][1][safepoint    ] Safepoint "Cleanup", Time since last: 1000206050 ns, Reaching safepoint: 236491 ns, At safepoint: 45765 ns, Total: 282256 ns
[2020-09-11T16:03:29.805+0000][1][safepoint    ] Safepoint "Cleanup", Time since last: 1000180535 ns, Reaching safepoint: 121559 ns, At safepoint: 18655 ns, Total: 140214 ns
[2020-09-11T16:03:30.805+0000][1][safepoint    ] Safepoint "Cleanup", Time since last: 1000126548 ns, Reaching safepoint: 109541 ns, At safepoint: 15232 ns, Total: 124773 ns
[2020-09-11T16:03:31.805+0000][1][safepoint    ] Safepoint "Cleanup", Time since last: 1000104746 ns, Reaching safepoint: 74077 ns, At safepoint: 8262 ns, Total: 82339 ns
[2020-09-11T16:03:31.870+0000][1][safepoint    ] Safepoint "RevokeBias", Time since last: 64173680 ns, Reaching safepoint: 86925 ns, At safepoint: 28048 ns, Total: 114973 ns
[2020-09-11T16:03:31.925+0000][1][safepoint    ] Safepoint "RevokeBias", Time since last: 54847984 ns, Reaching safepoint: 83271 ns, At safepoint: 26783 ns, Total: 110054 ns
[2020-09-11T16:03:32.925+0000][1][safepoint    ] Safepoint "Cleanup", Time since last: 1000215769 ns, Reaching safepoint: 147700 ns, At safepoint: 23207 ns, Total: 170907 ns
[2020-09-11T16:03:33.845+0000][1][safepoint    ] Safepoint "RevokeBias", Time since last: 920161710 ns, Reaching safepoint: 85851 ns, At safepoint: 24628 ns, Total: 110479 ns
[2020-09-11T16:03:34.408+0000][1][safepoint    ] Safepoint "BulkRevokeBias", Time since last: 562363240 ns, Reaching safepoint: 88767 ns, At safepoint: 231158 ns, Total: 319925 ns
[2020-09-11T16:03:35.408+0000][1][safepoint    ] Safepoint "Cleanup", Time since last: 1000174645 ns, Reaching safepoint: 147062 ns, At safepoint: 23871 ns, Total: 170933 ns
[2020-09-11T16:03:36.409+0000][1][safepoint    ] Safepoint "Cleanup", Time since last: 1000218414 ns, Reaching safepoint: 104509 ns, At safepoint: 20141 ns, Total: 124650 ns
[2020-09-11T16:03:37.409+0000][1][safepoint    ] Safepoint "Cleanup", Time since last: 1000177643 ns, Reaching safepoint: 98887 ns, At safepoint: 9108 ns, Total: 107995 ns
[2020-09-11T16:03:38.409+0000][1][safepoint    ] Safepoint "Cleanup", Time since last: 1000267214 ns, Reaching safepoint: 158794 ns, At safepoint: 25452 ns, Total: 184246 ns
[2020-09-11T16:03:39.410+0000][1][safepoint    ] Safepoint "Cleanup", Time since last: 1000206642 ns, Reaching safepoint: 66061 ns, At safepoint: 8625 ns, Total: 74686 ns
[2020-09-11T16:03:40.444+0000][1][safepoint    ] Safepoint "Cleanup", Time since last: 1034248303 ns, Reaching safepoint: 147262 ns, At safepoint: 18570 ns, Total: 165832 ns
[2020-09-11T16:03:41.445+0000][1][safepoint    ] Safepoint "Cleanup", Time since last: 1000177501 ns, Reaching safepoint: 134664 ns, At safepoint: 17961 ns, Total: 152625 ns
[2020-09-11T16:03:41.872+0000][1][safepoint    ] Safepoint "RevokeBias", Time since last: 427854480 ns, Reaching safepoint: 98522 ns, At safepoint: 23349 ns, Total: 121871 ns
[2020-09-11T16:03:41.952+0000][1][safepoint    ] Safepoint "RevokeBias", Time since last: 79132438 ns, Reaching safepoint: 80758 ns, At safepoint: 24166 ns, Total: 104924 ns
[2020-09-11T16:03:42.952+0000][1][safepoint    ] Safepoint "Cleanup", Time since last: 1000184970 ns, Reaching safepoint: 99422 ns, At safepoint: 9085 ns, Total: 108507 ns
[2020-09-11T16:03:43.818+0000][1][safepoint    ] Safepoint "RevokeBias", Time since last: 866210934 ns, Reaching safepoint: 84413 ns, At safepoint: 23505 ns, Total: 107918 ns
[2020-09-11T16:03:44.380+0000][1][safepoint    ] Safepoint "RevokeBias", Time since last: 561821558 ns, Reaching safepoint: 90744 ns, At safepoint: 26226 ns, Total: 116970 ns
[2020-09-11T16:03:45.381+0000][1][safepoint    ] Safepoint "Cleanup", Time since last: 1000174068 ns, Reaching safepoint: 140199 ns, At safepoint: 23243 ns, Total: 163442 ns
[2020-09-11T16:03:46.381+0000][1][safepoint    ] Safepoint "Cleanup", Time since last: 1000209382 ns, Reaching safepoint: 163714 ns, At safepoint: 19571 ns, Total: 183285 ns
[2020-09-11T16:03:47.381+0000][1][safepoint    ] Safepoint "Cleanup", Time since last: 1000170068 ns, Reaching safepoint: 137329 ns, At safepoint: 21483 ns, Total: 158812 ns
[2020-09-11T16:03:48.382+0000][1][safepoint    ] Safepoint "Cleanup", Time since last: 1000216602 ns, Reaching safepoint: 88996 ns, At safepoint: 8843 ns, Total: 97839 ns
[2020-09-11T16:03:49.382+0000][1][safepoint    ] Safepoint "Cleanup", Time since last: 1000130649 ns, Reaching safepoint: 116750 ns, At safepoint: 8253 ns, Total: 125003 ns
[2020-09-11T16:03:50.396+0000][1][safepoint    ] Safepoint "Cleanup", Time since last: 1013548699 ns, Reaching safepoint: 137800 ns, At safepoint: 19668 ns, Total: 157468 ns
[2020-09-11T16:03:51.396+0000][1][safepoint    ] Safepoint "Cleanup", Time since last: 1000198748 ns, Reaching safepoint: 98287 ns, At safepoint: 9570 ns, Total: 107857 ns
[2020-09-11T16:03:51.885+0000][1][safepoint    ] Safepoint "RevokeBias", Time since last: 488449450 ns, Reaching safepoint: 140082 ns, At safepoint: 48961 ns, Total: 189043 ns
[2020-09-11T16:03:52.001+0000][1][safepoint    ] Safepoint "RevokeBias", Time since last: 115939476 ns, Reaching safepoint: 180416 ns, At safepoint: 29201 ns, Total: 209617 ns
[2020-09-11T16:03:53.001+0000][1][safepoint    ] Safepoint "Cleanup", Time since last: 1000132956 ns, Reaching safepoint: 107199 ns, At safepoint: 8725 ns, Total: 115924 ns
[2020-09-11T16:03:53.860+0000][1][safepoint    ] Safepoint "RevokeBias", Time since last: 858699158 ns, Reaching safepoint: 92327 ns, At safepoint: 24604 ns, Total: 116931 ns
[2020-09-11T16:03:54.425+0000][1][safepoint    ] Safepoint "RevokeBias", Time since last: 565458640 ns, Reaching safepoint: 87612 ns, At safepoint: 24005 ns, Total: 111617 ns
[2020-09-11T16:03:56.838+0000][1][gc,start     ] GC(138) Pause Young (Allocation Failure)
[2020-09-11T16:03:56.838+0000][1][gc,task      ] GC(138) Using 1 workers of 1 for evacuation
[2020-09-11T16:03:56.844+0000][1][gc,age       ] GC(138) Desired survivor size 4358144 bytes, new threshold 6 (max threshold 6)
[2020-09-11T16:03:56.844+0000][1][gc,age       ] GC(138) Age table with threshold 6 (max threshold 6)
[2020-09-11T16:03:56.844+0000][1][gc,age       ] GC(138) - age   1:     196512 bytes,     196512 total
[2020-09-11T16:03:56.844+0000][1][gc,age       ] GC(138) - age   2:     206344 bytes,     402856 total
[2020-09-11T16:03:56.844+0000][1][gc,age       ] GC(138) - age   3:      29368 bytes,     432224 total
[2020-09-11T16:03:56.844+0000][1][gc,age       ] GC(138) - age   4:     650000 bytes,    1082224 total
[2020-09-11T16:03:56.844+0000][1][gc,age       ] GC(138) - age   5:      82560 bytes,    1164784 total
[2020-09-11T16:03:56.844+0000][1][gc,age       ] GC(138) - age   6:      89608 bytes,    1254392 total
[2020-09-11T16:03:56.844+0000][1][gc,heap      ] GC(138) ParNew: 69547K->2058K(76672K)
[2020-09-11T16:03:56.844+0000][1][gc,heap      ] GC(138) CMS: 96326K->96355K(439104K)
[2020-09-11T16:03:56.844+0000][1][gc,metaspace ] GC(138) Metaspace: 93644K->93644K(1134592K)
[2020-09-11T16:03:56.844+0000][1][gc           ] GC(138) Pause Young (Allocation Failure) 161M->96M(503M) 5.681ms
[2020-09-11T16:03:56.844+0000][1][gc,cpu       ] GC(138) User=0.01s Sys=0.00s Real=0.01s
[2020-09-11T16:03:56.844+0000][1][safepoint    ] Safepoint "GenCollectForAllocation", Time since last: 2412490926 ns, Reaching safepoint: 191340 ns, At safepoint: 5745224 ns, Total: 5936564 ns
[2020-09-11T16:03:57.258+0000][1][safepoint    ] Safepoint "RevokeBias", Time since last: 414309621 ns, Reaching safepoint: 87276 ns, At safepoint: 39871 ns, Total: 127147 ns
[2020-09-11T16:03:57.259+0000][1][safepoint    ] Safepoint "RevokeBias", Time since last: 357836 ns, Reaching safepoint: 65573 ns, At safepoint: 29722 ns, Total: 95295 ns
[2020-09-11T16:03:57.262+0000][1][safepoint    ] Safepoint "RevokeBias", Time since last: 2904053 ns, Reaching safepoint: 84300 ns, At safepoint: 33081 ns, Total: 117381 ns
[2020-09-11T16:03:57.265+0000][1][safepoint    ] Safepoint "RevokeBias", Time since last: 3401082 ns, Reaching safepoint: 181624 ns, At safepoint: 28517 ns, Total: 210141 ns
[2020-09-11T16:03:58.266+0000][1][safepoint    ] Safepoint "Cleanup", Time since last: 1000162097 ns, Reaching safepoint: 165451 ns, At safepoint: 25278 ns, Total: 190729 ns
[2020-09-11T16:04:00.266+0000][1][safepoint    ] Safepoint "Cleanup", Time since last: 2000241155 ns, Reaching safepoint: 98808 ns, At safepoint: 9642 ns, Total: 108450 ns
[2020-09-11T16:04:01.270+0000][1][safepoint    ] Safepoint "Cleanup", Time since last: 1003700132 ns, Reaching safepoint: 93002 ns, At safepoint: 10883 ns, Total: 103885 ns
[2020-09-11T16:04:01.899+0000][1][safepoint    ] Safepoint "RevokeBias", Time since last: 628889030 ns, Reaching safepoint: 79300 ns, At safepoint: 22912 ns, Total: 102212 ns
[2020-09-11T16:04:02.013+0000][1][safepoint    ] Safepoint "Deoptimize", Time since last: 110561602 ns, Reaching safepoint: 1803842 ns, At safepoint: 1409287 ns, Total: 3213129 ns
[2020-09-11T16:04:02.101+0000][1][safepoint    ] Safepoint "RevokeBias", Time since last: 88368283 ns, Reaching safepoint: 118732 ns, At safepoint: 27595 ns, Total: 146327 ns
[2020-09-11T16:04:03.101+0000][1][safepoint    ] Safepoint "Cleanup", Time since last: 1000144893 ns, Reaching safepoint: 230206 ns, At safepoint: 24359 ns, Total: 254565 ns
[2020-09-11T16:04:04.072+0000][1][safepoint    ] Safepoint "RevokeBias", Time since last: 970479759 ns, Reaching safepoint: 154185 ns, At safepoint: 24004 ns, Total: 178189 ns
[2020-09-11T16:04:04.408+0000][1][safepoint    ] Safepoint "RevokeBias", Time since last: 335832415 ns, Reaching safepoint: 91777 ns, At safepoint: 23432 ns, Total: 115209 ns
[2020-09-11T16:04:05.408+0000][1][safepoint    ] Safepoint "Cleanup", Time since last: 1000177534 ns, Reaching safepoint: 138041 ns, At safepoint: 20240 ns, Total: 158281 ns
[2020-09-11T16:04:06.409+0000][1][safepoint    ] Safepoint "Cleanup", Time since last: 1000206837 ns, Reaching safepoint: 182854 ns, At safepoint: 19619 ns, Total: 202473 ns
[2020-09-11T16:04:07.409+0000][1][safepoint    ] Safepoint "Cleanup", Time since last: 1000227039 ns, Reaching safepoint: 95071 ns, At safepoint: 8452 ns, Total: 103523 ns
[2020-09-11T16:04:08.409+0000][1][safepoint    ] Safepoint "Cleanup", Time since last: 1000155027 ns, Reaching safepoint: 100019 ns, At safepoint: 8450 ns, Total: 108469 ns
[2020-09-11T16:04:09.410+0000][1][safepoint    ] Safepoint "Cleanup", Time since last: 1000139910 ns, Reaching safepoint: 147172 ns, At safepoint: 23116 ns, Total: 170288 ns
[2020-09-11T16:04:10.416+0000][1][safepoint    ] Safepoint "Cleanup", Time since last: 1006116941 ns, Reaching safepoint: 107641 ns, At safepoint: 9434 ns, Total: 117075 ns
[2020-09-11T16:04:11.416+0000][1][safepoint    ] Safepoint "Cleanup", Time since last: 1000181568 ns, Reaching safepoint: 93724 ns, At safepoint: 10629 ns, Total: 104353 ns
[2020-09-11T16:04:12.065+0000][1][safepoint    ] Safepoint "RevokeBias", Time since last: 648602205 ns, Reaching safepoint: 99666 ns, At safepoint: 29592 ns, Total: 129258 ns
[2020-09-11T16:04:12.069+0000][1][safepoint    ] Safepoint "RevokeBias", Time since last: 4015710 ns, Reaching safepoint: 80643 ns, At safepoint: 24686 ns, Total: 105329 ns
[2020-09-11T16:04:13.069+0000][1][safepoint    ] Safepoint "Cleanup", Time since last: 1000119964 ns, Reaching safepoint: 103439 ns, At safepoint: 12076 ns, Total: 115515 ns
[2020-09-11T16:04:13.919+0000][1][safepoint    ] Safepoint "RevokeBias", Time since last: 849919014 ns, Reaching safepoint: 90896 ns, At safepoint: 23933 ns, Total: 114829 ns
[2020-09-11T16:04:14.412+0000][1][safepoint    ] Safepoint "RevokeBias", Time since last: 492051646 ns, Reaching safepoint: 82713 ns, At safepoint: 24812 ns, Total: 107525 ns
[2020-09-11T16:04:15.412+0000][1][safepoint    ] Safepoint "Cleanup", Time since last: 1000126973 ns, Reaching safepoint: 83007 ns, At safepoint: 9544 ns, Total: 92551 ns
[2020-09-11T16:04:16.417+0000][1][safepoint    ] Safepoint "Cleanup", Time since last: 1005013423 ns, Reaching safepoint: 78918 ns, At safepoint: 9898 ns, Total: 88816 ns
[2020-09-11T16:04:17.417+0000][1][safepoint    ] Safepoint "Cleanup", Time since last: 1000175669 ns, Reaching safepoint: 139364 ns, At safepoint: 19201 ns, Total: 158565 ns
[2020-09-11T16:04:18.417+0000][1][safepoint    ] Safepoint "Cleanup", Time since last: 1000196918 ns, Reaching safepoint: 98968 ns, At safepoint: 8553 ns, Total: 107521 ns
[2020-09-11T16:04:19.418+0000][1][safepoint    ] Safepoint "Cleanup", Time since last: 1000133925 ns, Reaching safepoint: 143477 ns, At safepoint: 21205 ns, Total: 164682 ns
[2020-09-11T16:04:20.424+0000][1][safepoint    ] Safepoint "Cleanup", Time since last: 1005752040 ns, Reaching safepoint: 154251 ns, At safepoint: 22171 ns, Total: 176422 ns
[2020-09-11T16:04:21.424+0000][1][safepoint    ] Safepoint "Cleanup", Time since last: 1000202314 ns, Reaching safepoint: 138555 ns, At safepoint: 19766 ns, Total: 158321 ns
[2020-09-11T16:04:21.883+0000][1][gc,start     ] GC(139) Pause Young (Allocation Failure)
[2020-09-11T16:04:21.883+0000][1][gc,task      ] GC(139) Using 1 workers of 1 for evacuation
[2020-09-11T16:04:21.889+0000][1][gc,age       ] GC(139) Desired survivor size 4358144 bytes, new threshold 6 (max threshold 6)
[2020-09-11T16:04:21.889+0000][1][gc,age       ] GC(139) Age table with threshold 6 (max threshold 6)
[2020-09-11T16:04:21.889+0000][1][gc,age       ] GC(139) - age   1:     431336 bytes,     431336 total
[2020-09-11T16:04:21.889+0000][1][gc,age       ] GC(139) - age   2:     151472 bytes,     582808 total
[2020-09-11T16:04:21.889+0000][1][gc,age       ] GC(139) - age   3:     206344 bytes,     789152 total
[2020-09-11T16:04:21.889+0000][1][gc,age       ] GC(139) - age   4:      29368 bytes,     818520 total
[2020-09-11T16:04:21.889+0000][1][gc,age       ] GC(139) - age   5:     648760 bytes,    1467280 total
[2020-09-11T16:04:21.889+0000][1][gc,age       ] GC(139) - age   6:      82264 bytes,    1549544 total
[2020-09-11T16:04:21.889+0000][1][gc,heap      ] GC(139) ParNew: 70218K->2149K(76672K)
[2020-09-11T16:04:21.889+0000][1][gc,heap      ] GC(139) CMS: 96355K->96380K(439104K)
[2020-09-11T16:04:21.889+0000][1][gc,metaspace ] GC(139) Metaspace: 94030K->94030K(1136640K)
[2020-09-11T16:04:21.889+0000][1][gc           ] GC(139) Pause Young (Allocation Failure) 162M->96M(503M) 6.176ms
[2020-09-11T16:04:21.889+0000][1][gc,cpu       ] GC(139) User=0.00s Sys=0.00s Real=0.00s
[2020-09-11T16:04:21.890+0000][1][safepoint    ] Safepoint "GenCollectForAllocation", Time since last: 458843744 ns, Reaching safepoint: 319936 ns, At safepoint: 6471970 ns, Total: 6791906 ns
[2020-09-11T16:04:21.929+0000][1][safepoint    ] Safepoint "RevokeBias", Time since last: 39507950 ns, Reaching safepoint: 98549 ns, At safepoint: 41334 ns, Total: 139883 ns
[2020-09-11T16:04:21.957+0000][1][safepoint    ] Safepoint "RevokeBias", Time since last: 27775274 ns, Reaching safepoint: 92528 ns, At safepoint: 38205 ns, Total: 130733 ns
[2020-09-11T16:04:22.958+0000][1][safepoint    ] Safepoint "Cleanup", Time since last: 1000921330 ns, Reaching safepoint: 163937 ns, At safepoint: 57927 ns, Total: 221864 ns
[2020-09-11T16:04:23.875+0000][1][safepoint    ] Safepoint "RevokeBias", Time since last: 916727464 ns, Reaching safepoint: 99667 ns, At safepoint: 27655 ns, Total: 127322 ns
[2020-09-11T16:04:24.861+0000][1][safepoint    ] Safepoint "RevokeBias", Time since last: 984790970 ns, Reaching safepoint: 392740 ns, At safepoint: 54913 ns, Total: 447653 ns
[2020-09-11T16:04:25.861+0000][1][safepoint    ] Safepoint "Cleanup", Time since last: 1000155610 ns, Reaching safepoint: 107760 ns, At safepoint: 7347 ns, Total: 115107 ns
[2020-09-11T16:04:26.861+0000][1][safepoint    ] Safepoint "Cleanup", Time since last: 1000112229 ns, Reaching safepoint: 85061 ns, At safepoint: 10025 ns, Total: 95086 ns
[2020-09-11T16:04:28.052+0000][1][safepoint    ] Safepoint "RevokeBias", Time since last: 1190323078 ns, Reaching safepoint: 270522 ns, At safepoint: 31053 ns, Total: 301575 ns
[2020-09-11T16:04:31.944+0000][1][safepoint    ] Safepoint "RevokeBias", Time since last: 3892412383 ns, Reaching safepoint: 81991 ns, At safepoint: 23940 ns, Total: 105931 ns
[2020-09-11T16:04:32.019+0000][1][safepoint    ] Safepoint "RevokeBias", Time since last: 75174301 ns, Reaching safepoint: 81589 ns, At safepoint: 25577 ns, Total: 107166 ns
[2020-09-11T16:04:33.969+0000][1][safepoint    ] Safepoint "RevokeBias", Time since last: 1949206035 ns, Reaching safepoint: 93094 ns, At safepoint: 25432 ns, Total: 118526 ns
[2020-09-11T16:04:34.399+0000][1][safepoint    ] Safepoint "RevokeBias", Time since last: 430508582 ns, Reaching safepoint: 82840 ns, At safepoint: 23258 ns, Total: 106098 ns
[2020-09-11T16:04:41.265+0000][1][safepoint    ] Safepoint "RevokeBias", Time since last: 6865114746 ns, Reaching safepoint: 69801 ns, At safepoint: 20281 ns, Total: 90082 ns
[2020-09-11T16:04:41.873+0000][1][safepoint    ] Safepoint "RevokeBias", Time since last: 608414250 ns, Reaching safepoint: 115684 ns, At safepoint: 29720 ns, Total: 145404 ns
[2020-09-11T16:04:41.934+0000][1][safepoint    ] Safepoint "RevokeBias", Time since last: 60664441 ns, Reaching safepoint: 84964 ns, At safepoint: 23620 ns, Total: 108584 ns
[2020-09-11T16:04:42.044+0000][1][safepoint    ] Safepoint "RevokeBias", Time since last: 109558559 ns, Reaching safepoint: 313457 ns, At safepoint: 19024 ns, Total: 332481 ns
[2020-09-11T16:04:42.279+0000][1][safepoint    ] Safepoint "RevokeBias", Time since last: 234858027 ns, Reaching safepoint: 256149 ns, At safepoint: 50890 ns, Total: 307039 ns
[2020-09-11T16:04:42.661+0000][1][gc,start     ] GC(140) Pause Young (Allocation Failure)
[2020-09-11T16:04:42.662+0000][1][gc,task      ] GC(140) Using 1 workers of 1 for evacuation
[2020-09-11T16:04:42.674+0000][1][gc,age       ] GC(140) Desired survivor size 4358144 bytes, new threshold 6 (max threshold 6)
[2020-09-11T16:04:42.674+0000][1][gc,age       ] GC(140) Age table with threshold 6 (max threshold 6)
[2020-09-11T16:04:42.674+0000][1][gc,age       ] GC(140) - age   1:     601720 bytes,     601720 total
[2020-09-11T16:04:42.674+0000][1][gc,age       ] GC(140) - age   2:     326528 bytes,     928248 total
[2020-09-11T16:04:42.674+0000][1][gc,age       ] GC(140) - age   3:     146992 bytes,    1075240 total
[2020-09-11T16:04:42.674+0000][1][gc,age       ] GC(140) - age   4:     206248 bytes,    1281488 total
[2020-09-11T16:04:42.674+0000][1][gc,age       ] GC(140) - age   5:      28128 bytes,    1309616 total
[2020-09-11T16:04:42.674+0000][1][gc,age       ] GC(140) - age   6:     498160 bytes,    1807776 total
[2020-09-11T16:04:42.674+0000][1][gc,heap      ] GC(140) ParNew: 70309K->2628K(76672K)
[2020-09-11T16:04:42.674+0000][1][gc,heap      ] GC(140) CMS: 96380K->96456K(439104K)
[2020-09-11T16:04:42.674+0000][1][gc,metaspace ] GC(140) Metaspace: 94144K->94144K(1136640K)
[2020-09-11T16:04:42.674+0000][1][gc           ] GC(140) Pause Young (Allocation Failure) 162M->96M(503M) 12.959ms
[2020-09-11T16:04:42.674+0000][1][gc,cpu       ] GC(140) User=0.01s Sys=0.00s Real=0.01s
[2020-09-11T16:04:42.675+0000][1][safepoint    ] Safepoint "GenCollectForAllocation", Time since last: 382454681 ns, Reaching safepoint: 88564 ns, At safepoint: 13034117 ns, Total: 13122681 ns
[2020-09-11T16:04:42.976+0000][1][safepoint    ] Safepoint "RevokeBias", Time since last: 300863766 ns, Reaching safepoint: 156262 ns, At safepoint: 40031 ns, Total: 196293 ns
[2020-09-11T16:04:43.041+0000][1][safepoint    ] Safepoint "RevokeBias", Time since last: 65660459 ns, Reaching safepoint: 84803 ns, At safepoint: 37145 ns, Total: 121948 ns
[2020-09-11T16:04:43.367+0000][1][safepoint    ] Safepoint "RevokeBias", Time since last: 325985773 ns, Reaching safepoint: 83348 ns, At safepoint: 20489 ns, Total: 103837 ns
[2020-09-11T16:04:43.368+0000][1][safepoint    ] Safepoint "RevokeBias", Time since last: 68278 ns, Reaching safepoint: 27671 ns, At safepoint: 11497 ns, Total: 39168 ns
[2020-09-11T16:04:44.105+0000][1][safepoint    ] Safepoint "RevokeBias", Time since last: 737332237 ns, Reaching safepoint: 170967 ns, At safepoint: 49610 ns, Total: 220577 ns
[2020-09-11T16:04:44.105+0000][1][safepoint    ] Safepoint "RevokeBias", Time since last: 79440 ns, Reaching safepoint: 112532 ns, At safepoint: 32746 ns, Total: 145278 ns
[2020-09-11T16:04:44.203+0000][1][safepoint    ] Safepoint "RevokeBias", Time since last: 97928236 ns, Reaching safepoint: 77730 ns, At safepoint: 20165 ns, Total: 97895 ns
[2020-09-11T16:04:44.203+0000][1][safepoint    ] Safepoint "RevokeBias", Time since last: 58827 ns, Reaching safepoint: 30606 ns, At safepoint: 11748 ns, Total: 42354 ns
[2020-09-11T16:04:44.204+0000][1][safepoint    ] Safepoint "RevokeBias", Time since last: 31753 ns, Reaching safepoint: 29137 ns, At safepoint: 9953 ns, Total: 39090 ns
[2020-09-11T16:04:44.678+0000][1][safepoint    ] Safepoint "RevokeBias", Time since last: 474304062 ns, Reaching safepoint: 108819 ns, At safepoint: 135597 ns, Total: 244416 ns
[2020-09-11T16:04:45.090+0000][1][safepoint    ] Safepoint "RevokeBias", Time since last: 410722755 ns, Reaching safepoint: 1096398 ns, At safepoint: 27977 ns, Total: 1124375 ns
[2020-09-11T16:04:45.090+0000][1][safepoint    ] Safepoint "RevokeBias", Time since last: 88556 ns, Reaching safepoint: 151295 ns, At safepoint: 13861 ns, Total: 165156 ns
[2020-09-11T16:04:45.132+0000][1][safepoint    ] Safepoint "RevokeBias", Time since last: 41165150 ns, Reaching safepoint: 189985 ns, At safepoint: 20926 ns, Total: 210911 ns
[2020-09-11T16:04:45.149+0000][1][safepoint    ] Safepoint "RevokeBias", Time since last: 17379481 ns, Reaching safepoint: 207385 ns, At safepoint: 21139 ns, Total: 228524 ns
[2020-09-11T16:04:45.156+0000][1][safepoint    ] Safepoint "RevokeBias", Time since last: 6894631 ns, Reaching safepoint: 184523 ns, At safepoint: 21080 ns, Total: 205603 ns
[2020-09-11T16:04:45.157+0000][1][safepoint    ] Safepoint "RevokeBias", Time since last: 126575 ns, Reaching safepoint: 113595 ns, At safepoint: 12334 ns, Total: 125929 ns
[2020-09-11T16:04:45.174+0000][1][safepoint    ] Safepoint "BulkRevokeBias", Time since last: 16617018 ns, Reaching safepoint: 198166 ns, At safepoint: 435053 ns, Total: 633219 ns
[2020-09-11T16:04:45.242+0000][1][safepoint    ] Safepoint "RevokeBias", Time since last: 67678203 ns, Reaching safepoint: 259919 ns, At safepoint: 22906 ns, Total: 282825 ns
[2020-09-11T16:04:45.368+0000][1][safepoint    ] Safepoint "RevokeBias", Time since last: 126267603 ns, Reaching safepoint: 151453 ns, At safepoint: 22483 ns, Total: 173936 ns
[2020-09-11T16:04:45.681+0000][1][safepoint    ] Safepoint "RevokeBias", Time since last: 312404161 ns, Reaching safepoint: 214105 ns, At safepoint: 21272 ns, Total: 235377 ns
[2020-09-11T16:04:45.714+0000][1][safepoint    ] Safepoint "RevokeBias", Time since last: 32462548 ns, Reaching safepoint: 195715 ns, At safepoint: 137184 ns, Total: 332899 ns
[2020-09-11T16:04:45.714+0000][1][safepoint    ] Safepoint "RevokeBias", Time since last: 499222 ns, Reaching safepoint: 127460 ns, At safepoint: 15690 ns, Total: 143150 ns
[2020-09-11T16:04:45.717+0000][1][safepoint    ] Safepoint "RevokeBias", Time since last: 2542982 ns, Reaching safepoint: 165619 ns, At safepoint: 19404 ns, Total: 185023 ns
[2020-09-11T16:04:45.809+0000][1][safepoint    ] Safepoint "RevokeBias", Time since last: 91818742 ns, Reaching safepoint: 217520 ns, At safepoint: 200399 ns, Total: 417919 ns
[2020-09-11T16:04:45.810+0000][1][safepoint    ] Safepoint "RevokeBias", Time since last: 754226 ns, Reaching safepoint: 134178 ns, At safepoint: 146412 ns, Total: 280590 ns
[2020-09-11T16:04:45.817+0000][1][safepoint    ] Safepoint "RevokeBias", Time since last: 6657208 ns, Reaching safepoint: 219024 ns, At safepoint: 183048 ns, Total: 402072 ns
[2020-09-11T16:04:45.818+0000][1][safepoint    ] Safepoint "RevokeBias", Time since last: 80519 ns, Reaching safepoint: 124661 ns, At safepoint: 95210 ns, Total: 219871 ns
[2020-09-11T16:04:45.886+0000][1][safepoint    ] Safepoint "RevokeBias", Time since last: 67948488 ns, Reaching safepoint: 199335 ns, At safepoint: 20749 ns, Total: 220084 ns
[2020-09-11T16:04:45.886+0000][1][safepoint    ] Safepoint "RevokeBias", Time since last: 115229 ns, Reaching safepoint: 118897 ns, At safepoint: 175098 ns, Total: 293995 ns
[2020-09-11T16:04:45.910+0000][1][safepoint    ] Safepoint "RevokeBias", Time since last: 23748687 ns, Reaching safepoint: 268254 ns, At safepoint: 23120 ns, Total: 291374 ns
[2020-09-11T16:04:45.997+0000][1][gc,start     ] GC(141) Pause Young (Allocation Failure)
[2020-09-11T16:04:46.056+0000][1][gc,task      ] GC(141) Using 1 workers of 1 for evacuation
[2020-09-11T16:04:46.074+0000][1][gc,age       ] GC(141) Desired survivor size 4358144 bytes, new threshold 4 (max threshold 6)
[2020-09-11T16:04:46.172+0000][1][gc,age       ] GC(141) Age table with threshold 4 (max threshold 6)
[2020-09-11T16:04:46.172+0000][1][gc,age       ] GC(141) - age   1:    3593320 bytes,    3593320 total
[2020-09-11T16:04:46.172+0000][1][gc,age       ] GC(141) - age   2:     437552 bytes,    4030872 total
[2020-09-11T16:04:46.172+0000][1][gc,age       ] GC(141) - age   3:     323344 bytes,    4354216 total
[2020-09-11T16:04:46.172+0000][1][gc,age       ] GC(141) - age   4:     146992 bytes,    4501208 total
[2020-09-11T16:04:46.172+0000][1][gc,age       ] GC(141) - age   5:     206248 bytes,    4707456 total
[2020-09-11T16:04:46.172+0000][1][gc,age       ] GC(141) - age   6:      28096 bytes,    4735552 total
[2020-09-11T16:04:46.172+0000][1][gc,heap      ] GC(141) ParNew: 70663K->4957K(76672K)
[2020-09-11T16:04:46.172+0000][1][gc,heap      ] GC(141) CMS: 96456K->96882K(439104K)
[2020-09-11T16:04:46.172+0000][1][gc,metaspace ] GC(141) Metaspace: 94281K->94281K(1136640K)
[2020-09-11T16:04:46.173+0000][1][gc           ] GC(141) Pause Young (Allocation Failure) 163M->99M(503M) 175.613ms
[2020-09-11T16:04:46.173+0000][1][gc,cpu       ] GC(141) User=0.01s Sys=0.00s Real=0.17s
[2020-09-11T16:04:46.189+0000][1][safepoint    ] Safepoint "GenCollectForAllocation", Time since last: 85779824 ns, Reaching safepoint: 882089 ns, At safepoint: 192554454 ns, Total: 193436543 ns
[2020-09-11T16:04:46.200+0000][1][safepoint    ] Safepoint "RevokeBias", Time since last: 8350644 ns, Reaching safepoint: 584077 ns, At safepoint: 2049248 ns, Total: 2633325 ns
[2020-09-11T16:04:46.222+0000][1][safepoint    ] Safepoint "RevokeBias", Time since last: 115276 ns, Reaching safepoint: 187301 ns, At safepoint: 21033291 ns, Total: 21220592 ns
[2020-09-11T16:04:46.222+0000][1][safepoint    ] Safepoint "RevokeBias", Time since last: 81221 ns, Reaching safepoint: 418502 ns, At safepoint: 177742 ns, Total: 596244 ns
[2020-09-11T16:04:46.223+0000][1][safepoint    ] Safepoint "RevokeBias", Time since last: 46300 ns, Reaching safepoint: 121130 ns, At safepoint: 137823 ns, Total: 258953 ns
[2020-09-11T16:04:46.230+0000][1][safepoint    ] Safepoint "RevokeBias", Time since last: 3161920 ns, Reaching safepoint: 4097289 ns, At safepoint: 194583 ns, Total: 4291872 ns
[2020-09-11T16:04:46.237+0000][1][safepoint    ] Safepoint "RevokeBias", Time since last: 6675745 ns, Reaching safepoint: 210439 ns, At safepoint: 152914 ns, Total: 363353 ns
[2020-09-11T16:04:46.377+0000][1][safepoint    ] Safepoint "RevokeBias", Time since last: 136166087 ns, Reaching safepoint: 3203151 ns, At safepoint: 28240 ns, Total: 3231391 ns
[2020-09-11T16:04:46.379+0000][1][safepoint    ] Safepoint "RevokeBias", Time since last: 2319542 ns, Reaching safepoint: 360329 ns, At safepoint: 171441 ns, Total: 531770 ns
[2020-09-11T16:04:46.401+0000][1][safepoint    ] Safepoint "RevokeBias", Time since last: 21411151 ns, Reaching safepoint: 197921 ns, At safepoint: 25404 ns, Total: 223325 ns
[2020-09-11T16:04:46.411+0000][1][safepoint    ] Safepoint "RevokeBias", Time since last: 9303463 ns, Reaching safepoint: 187164 ns, At safepoint: 21156 ns, Total: 208320 ns
[2020-09-11T16:04:46.450+0000][1][safepoint    ] Safepoint "RevokeBias", Time since last: 38994749 ns, Reaching safepoint: 818015 ns, At safepoint: 18711 ns, Total: 836726 ns
[2020-09-11T16:04:46.453+0000][1][safepoint    ] Safepoint "RevokeBias", Time since last: 2551343 ns, Reaching safepoint: 165435 ns, At safepoint: 18844 ns, Total: 184279 ns
[2020-09-11T16:04:46.453+0000][1][safepoint    ] Safepoint "RevokeBias", Time since last: 64333 ns, Reaching safepoint: 118005 ns, At safepoint: 14577 ns, Total: 132582 ns
[2020-09-11T16:04:46.454+0000][1][safepoint    ] Safepoint "RevokeBias", Time since last: 70705 ns, Reaching safepoint: 116978 ns, At safepoint: 13517 ns, Total: 130495 ns
[2020-09-11T16:04:46.477+0000][1][safepoint    ] Safepoint "RevokeBias", Time since last: 14259995 ns, Reaching safepoint: 9077664 ns, At safepoint: 36968 ns, Total: 9114632 ns
[2020-09-11T16:04:46.477+0000][1][safepoint    ] Safepoint "RevokeBias", Time since last: 106566 ns, Reaching safepoint: 125066 ns, At safepoint: 15768 ns, Total: 140834 ns
[2020-09-11T16:04:47.175+0000][1][safepoint    ] Safepoint "RevokeBias", Time since last: 682663621 ns, Reaching safepoint: 15166046 ns, At safepoint: 231155 ns, Total: 15397201 ns
[2020-09-11T16:04:47.176+0000][1][safepoint    ] Safepoint "RevokeBias", Time since last: 448253 ns, Reaching safepoint: 132695 ns, At safepoint: 99152 ns, Total: 231847 ns
[2020-09-11T16:04:47.188+0000][1][safepoint    ] Safepoint "RevokeBias", Time since last: 3627456 ns, Reaching safepoint: 8556640 ns, At safepoint: 160821 ns, Total: 8717461 ns
[2020-09-11T16:04:47.189+0000][1][safepoint    ] Safepoint "RevokeBias", Time since last: 74880 ns, Reaching safepoint: 128059 ns, At safepoint: 97963 ns, Total: 226022 ns
[2020-09-11T16:04:47.196+0000][1][safepoint    ] Safepoint "RevokeBias", Time since last: 6826669 ns, Reaching safepoint: 237537 ns, At safepoint: 144111 ns, Total: 381648 ns
[2020-09-11T16:04:47.243+0000][1][safepoint    ] Safepoint "RevokeBias", Time since last: 47207252 ns, Reaching safepoint: 275468 ns, At safepoint: 156761 ns, Total: 432229 ns
[2020-09-11T16:04:47.286+0000][1][safepoint    ] Safepoint "RevokeBias", Time since last: 39763242 ns, Reaching safepoint: 2834051 ns, At safepoint: 28993 ns, Total: 2863044 ns
[2020-09-11T16:04:47.308+0000][1][safepoint    ] Safepoint "RevokeBias", Time since last: 21262218 ns, Reaching safepoint: 546656 ns, At safepoint: 24610 ns, Total: 571266 ns
[2020-09-11T16:04:47.410+0000][1][safepoint    ] Safepoint "RevokeBias", Time since last: 102142187 ns, Reaching safepoint: 205565 ns, At safepoint: 193788 ns, Total: 399353 ns
[2020-09-11T16:04:47.416+0000][1][safepoint    ] Safepoint "RevokeBias", Time since last: 5063385 ns, Reaching safepoint: 199288 ns, At safepoint: 22419 ns, Total: 221707 ns
[2020-09-11T16:04:47.595+0000][1][gc,start     ] GC(142) Pause Young (Allocation Failure)
[2020-09-11T16:04:47.595+0000][1][gc,task      ] GC(142) Using 1 workers of 1 for evacuation
[2020-09-11T16:04:47.657+0000][1][gc,age       ] GC(142) Desired survivor size 4358144 bytes, new threshold 2 (max threshold 6)
[2020-09-11T16:04:47.657+0000][1][gc,age       ] GC(142) Age table with threshold 2 (max threshold 6)
[2020-09-11T16:04:47.657+0000][1][gc,age       ] GC(142) - age   1:    3406936 bytes,    3406936 total
[2020-09-11T16:04:47.657+0000][1][gc,age       ] GC(142) - age   2:    1008536 bytes,    4415472 total
[2020-09-11T16:04:47.657+0000][1][gc,age       ] GC(142) - age   3:     433528 bytes,    4849000 total
[2020-09-11T16:04:47.657+0000][1][gc,age       ] GC(142) - age   4:     323024 bytes,    5172024 total
[2020-09-11T16:04:47.657+0000][1][gc,heap      ] GC(142) ParNew: 73117K->7763K(76672K)
[2020-09-11T16:04:47.657+0000][1][gc,heap      ] GC(142) CMS: 96882K->97255K(439104K)
[2020-09-11T16:04:47.657+0000][1][gc,metaspace ] GC(142) Metaspace: 94348K->94348K(1136640K)
[2020-09-11T16:04:47.657+0000][1][gc           ] GC(142) Pause Young (Allocation Failure) 166M->102M(503M) 61.720ms
[2020-09-11T16:04:47.657+0000][1][gc,cpu       ] GC(142) User=0.02s Sys=0.00s Real=0.06s
[2020-09-11T16:04:47.658+0000][1][safepoint    ] Safepoint "GenCollectForAllocation", Time since last: 176863036 ns, Reaching safepoint: 2721540 ns, At safepoint: 62370785 ns, Total: 65092325 ns
[2020-09-11T16:04:47.709+0000][1][safepoint    ] Safepoint "RevokeBias", Time since last: 41392907 ns, Reaching safepoint: 9892867 ns, At safepoint: 173277 ns, Total: 10066144 ns
[2020-09-11T16:04:47.712+0000][1][safepoint    ] Safepoint "BulkRevokeBias", Time since last: 2487071 ns, Reaching safepoint: 287702 ns, At safepoint: 529827 ns, Total: 817529 ns
[2020-09-11T16:04:47.718+0000][1][safepoint    ] Safepoint "RevokeBias", Time since last: 4758421 ns, Reaching safepoint: 109182 ns, At safepoint: 314656 ns, Total: 423838 ns
[2020-09-11T16:04:47.723+0000][1][safepoint    ] Safepoint "RevokeBias", Time since last: 34928 ns, Reaching safepoint: 52698 ns, At safepoint: 5331688 ns, Total: 5384386 ns
[2020-09-11T16:04:47.734+0000][1][safepoint    ] Safepoint "RevokeBias", Time since last: 1182889 ns, Reaching safepoint: 291336 ns, At safepoint: 9113715 ns, Total: 9405051 ns
[2020-09-11T16:04:47.738+0000][1][safepoint    ] Safepoint "RevokeBias", Time since last: 390476 ns, Reaching safepoint: 482307 ns, At safepoint: 3947567 ns, Total: 4429874 ns
[2020-09-11T16:04:47.753+0000][1][safepoint    ] Safepoint "RevokeBias", Time since last: 103802 ns, Reaching safepoint: 14292494 ns, At safepoint: 49314 ns, Total: 14341808 ns
[2020-09-11T16:04:47.811+0000][1][safepoint    ] Safepoint "RevokeBias", Time since last: 57555000 ns, Reaching safepoint: 146888 ns, At safepoint: 21230 ns, Total: 168118 ns
[2020-09-11T16:04:47.823+0000][1][safepoint    ] Safepoint "RevokeBias", Time since last: 11993826 ns, Reaching safepoint: 146529 ns, At safepoint: 22791 ns, Total: 169320 ns
[2020-09-11T16:04:48.093+0000][1][safepoint    ] Safepoint "RevokeBias", Time since last: 265707971 ns, Reaching safepoint: 207279 ns, At safepoint: 4081060 ns, Total: 4288339 ns
[2020-09-11T16:04:48.169+0000][1][safepoint    ] Safepoint "RevokeBias", Time since last: 75179519 ns, Reaching safepoint: 922591 ns, At safepoint: 198124 ns, Total: 1120715 ns
[2020-09-11T16:04:48.178+0000][1][safepoint    ] Safepoint "RevokeBias", Time since last: 401861 ns, Reaching safepoint: 8024477 ns, At safepoint: 199253 ns, Total: 8223730 ns
[2020-09-11T16:04:48.178+0000][1][safepoint    ] Safepoint "RevokeBias", Time since last: 71598 ns, Reaching safepoint: 457455 ns, At safepoint: 143377 ns, Total: 600832 ns
[2020-09-11T16:04:48.179+0000][1][safepoint    ] Safepoint "RevokeBias", Time since last: 91111 ns, Reaching safepoint: 300110 ns, At safepoint: 152043 ns, Total: 452153 ns
[2020-09-11T16:04:48.181+0000][1][safepoint    ] Safepoint "RevokeBias", Time since last: 53129 ns, Reaching safepoint: 1960140 ns, At safepoint: 192270 ns, Total: 2152410 ns
[2020-09-11T16:04:48.284+0000][1][safepoint    ] Safepoint "RevokeBias", Time since last: 102856700 ns, Reaching safepoint: 188234 ns, At safepoint: 182241 ns, Total: 370475 ns
[2020-09-11T16:04:48.315+0000][1][safepoint    ] Safepoint "RevokeBias", Time since last: 28439415 ns, Reaching safepoint: 2145985 ns, At safepoint: 30434 ns, Total: 2176419 ns
[2020-09-11T16:04:48.475+0000][1][safepoint    ] Safepoint "RevokeBias", Time since last: 149089765 ns, Reaching safepoint: 10972534 ns, At safepoint: 185544 ns, Total: 11158078 ns
[2020-09-11T16:04:48.482+0000][1][safepoint    ] Safepoint "RevokeBias", Time since last: 5932668 ns, Reaching safepoint: 197985 ns, At safepoint: 189292 ns, Total: 387277 ns
[2020-09-11T16:04:48.482+0000][1][safepoint    ] Safepoint "RevokeBias", Time since last: 132459 ns, Reaching safepoint: 125608 ns, At safepoint: 146636 ns, Total: 272244 ns
[2020-09-11T16:04:48.485+0000][1][safepoint    ] Safepoint "RevokeBias", Time since last: 2864027 ns, Reaching safepoint: 197721 ns, At safepoint: 192191 ns, Total: 389912 ns
[2020-09-11T16:04:48.501+0000][1][safepoint    ] Safepoint "RevokeBias", Time since last: 110251 ns, Reaching safepoint: 124994 ns, At safepoint: 15371466 ns, Total: 15496460 ns
[2020-09-11T16:04:48.514+0000][1][safepoint    ] Safepoint "RevokeBias", Time since last: 117230 ns, Reaching safepoint: 13030365 ns, At safepoint: 181945 ns, Total: 13212310 ns
[2020-09-11T16:04:48.614+0000][1][safepoint    ] Safepoint "RevokeBias", Time since last: 99353374 ns, Reaching safepoint: 185663 ns, At safepoint: 172394 ns, Total: 358057 ns
[2020-09-11T16:04:48.633+0000][1][gc,start     ] GC(143) Pause Young (Allocation Failure)
[2020-09-11T16:04:48.633+0000][1][gc,task      ] GC(143) Using 1 workers of 1 for evacuation
[2020-09-11T16:04:48.664+0000][1][gc,age       ] GC(143) Desired survivor size 4358144 bytes, new threshold 6 (max threshold 6)
[2020-09-11T16:04:48.664+0000][1][gc,age       ] GC(143) Age table with threshold 6 (max threshold 6)
[2020-09-11T16:04:48.664+0000][1][gc,age       ] GC(143) - age   1:    2599224 bytes,    2599224 total
[2020-09-11T16:04:48.664+0000][1][gc,age       ] GC(143) - age   2:     675864 bytes,    3275088 total
[2020-09-11T16:04:48.664+0000][1][gc,heap      ] GC(143) ParNew: 75923K->4758K(76672K)
[2020-09-11T16:04:48.664+0000][1][gc,heap      ] GC(143) CMS: 97255K->98336K(439104K)
[2020-09-11T16:04:48.664+0000][1][gc,metaspace ] GC(143) Metaspace: 94389K->94389K(1136640K)
[2020-09-11T16:04:48.665+0000][1][gc           ] GC(143) Pause Young (Allocation Failure) 169M->100M(503M) 31.494ms
[2020-09-11T16:04:48.665+0000][1][gc,cpu       ] GC(143) User=0.01s Sys=0.00s Real=0.03s
[2020-09-11T16:04:48.683+0000][1][safepoint    ] Safepoint "GenCollectForAllocation", Time since last: 18936255 ns, Reaching safepoint: 205538 ns, At safepoint: 49717978 ns, Total: 49923516 ns
[2020-09-11T16:04:48.728+0000][1][safepoint    ] Safepoint "RevokeBias", Time since last: 44991711 ns, Reaching safepoint: 281709 ns, At safepoint: 57492 ns, Total: 339201 ns
[2020-09-11T16:04:48.767+0000][1][safepoint    ] Safepoint "RevokeBias", Time since last: 20720810 ns, Reaching safepoint: 675818 ns, At safepoint: 17494747 ns, Total: 18170565 ns
[2020-09-11T16:04:48.773+0000][1][safepoint    ] Safepoint "RevokeBias", Time since last: 1241836 ns, Reaching safepoint: 4690667 ns, At safepoint: 64289 ns, Total: 4754956 ns
[2020-09-11T16:04:48.825+0000][1][safepoint    ] Safepoint "RevokeBias", Time since last: 51878464 ns, Reaching safepoint: 277122 ns, At safepoint: 210360 ns, Total: 487482 ns
[2020-09-11T16:04:48.829+0000][1][safepoint    ] Safepoint "RevokeBias", Time since last: 3475704 ns, Reaching safepoint: 532499 ns, At safepoint: 180306 ns, Total: 712805 ns
[2020-09-11T16:04:48.830+0000][1][safepoint    ] Safepoint "RevokeBias", Time since last: 135894 ns, Reaching safepoint: 126219 ns, At safepoint: 143909 ns, Total: 270128 ns
[2020-09-11T16:04:48.837+0000][1][safepoint    ] Safepoint "RevokeBias", Time since last: 6860744 ns, Reaching safepoint: 203592 ns, At safepoint: 205828 ns, Total: 409420 ns
[2020-09-11T16:04:48.838+0000][1][safepoint    ] Safepoint "RevokeBias", Time since last: 135691 ns, Reaching safepoint: 134723 ns, At safepoint: 159288 ns, Total: 294011 ns
[2020-09-11T16:04:48.838+0000][1][safepoint    ] Safepoint "RevokeBias", Time since last: 53647 ns, Reaching safepoint: 118801 ns, At safepoint: 147017 ns, Total: 265818 ns
[2020-09-11T16:04:48.925+0000][1][safepoint    ] Safepoint "RevokeBias", Time since last: 72264442 ns, Reaching safepoint: 14719656 ns, At safepoint: 37075 ns, Total: 14756731 ns
[2020-09-11T16:04:48.965+0000][1][safepoint    ] Safepoint "RevokeBias", Time since last: 32277708 ns, Reaching safepoint: 7703725 ns, At safepoint: 198131 ns, Total: 7901856 ns
[2020-09-11T16:04:48.973+0000][1][safepoint    ] Safepoint "RevokeBias", Time since last: 4435698 ns, Reaching safepoint: 3365081 ns, At safepoint: 64416 ns, Total: 3429497 ns
[2020-09-11T16:04:49.018+0000][1][safepoint    ] Safepoint "RevokeBias", Time since last: 44456220 ns, Reaching safepoint: 206517 ns, At safepoint: 21946 ns, Total: 228463 ns
[2020-09-11T16:04:49.020+0000][1][safepoint    ] Safepoint "RevokeBias", Time since last: 83756 ns, Reaching safepoint: 1973770 ns, At safepoint: 23080 ns, Total: 1996850 ns
[2020-09-11T16:04:49.087+0000][1][safepoint    ] Safepoint "RevokeBias", Time since last: 66732029 ns, Reaching safepoint: 187400 ns, At safepoint: 20007 ns, Total: 207407 ns
[2020-09-11T16:04:50.134+0000][1][safepoint    ] Safepoint "Cleanup", Time since last: 1046100514 ns, Reaching safepoint: 1411520 ns, At safepoint: 12842 ns, Total: 1424362 ns
[2020-09-11T16:04:50.181+0000][1][safepoint    ] Safepoint "RevokeBias", Time since last: 46591806 ns, Reaching safepoint: 155195 ns, At safepoint: 25665 ns, Total: 180860 ns
[2020-09-11T16:04:50.182+0000][1][safepoint    ] Safepoint "RevokeBias", Time since last: 223796 ns, Reaching safepoint: 397592 ns, At safepoint: 17012 ns, Total: 414604 ns
[2020-09-11T16:04:50.185+0000][1][safepoint    ] Safepoint "RevokeBias", Time since last: 108701 ns, Reaching safepoint: 3104795 ns, At safepoint: 29069 ns, Total: 3133864 ns
[2020-09-11T16:04:50.185+0000][1][safepoint    ] Safepoint "RevokeBias", Time since last: 67556 ns, Reaching safepoint: 459784 ns, At safepoint: 22062 ns, Total: 481846 ns
[2020-09-11T16:04:50.186+0000][1][safepoint    ] Safepoint "RevokeBias", Time since last: 118907 ns, Reaching safepoint: 228948 ns, At safepoint: 17309 ns, Total: 246257 ns
[2020-09-11T16:04:50.186+0000][1][safepoint    ] Safepoint "RevokeBias", Time since last: 66223 ns, Reaching safepoint: 376442 ns, At safepoint: 16146 ns, Total: 392588 ns
[2020-09-11T16:04:50.314+0000][1][safepoint    ] Safepoint "RevokeBias", Time since last: 127380130 ns, Reaching safepoint: 170782 ns, At safepoint: 24043 ns, Total: 194825 ns
[2020-09-11T16:04:50.981+0000][1][safepoint    ] Safepoint "RevokeBias", Time since last: 667039404 ns, Reaching safepoint: 151237 ns, At safepoint: 21700 ns, Total: 172937 ns
[2020-09-11T16:04:51.501+0000][1][safepoint    ] Safepoint "RevokeBias", Time since last: 515664062 ns, Reaching safepoint: 4139785 ns, At safepoint: 28978 ns, Total: 4168763 ns
[2020-09-11T16:04:51.850+0000][1][gc,start     ] GC(144) Pause Young (Allocation Failure)
[2020-09-11T16:04:51.850+0000][1][gc,task      ] GC(144) Using 1 workers of 1 for evacuation
[2020-09-11T16:04:51.864+0000][1][gc,age       ] GC(144) Desired survivor size 4358144 bytes, new threshold 6 (max threshold 6)
[2020-09-11T16:04:51.864+0000][1][gc,age       ] GC(144) Age table with threshold 6 (max threshold 6)
[2020-09-11T16:04:51.864+0000][1][gc,age       ] GC(144) - age   1:    3038280 bytes,    3038280 total
[2020-09-11T16:04:51.864+0000][1][gc,age       ] GC(144) - age   2:     170504 bytes,    3208784 total
[2020-09-11T16:04:51.864+0000][1][gc,age       ] GC(144) - age   3:     650568 bytes,    3859352 total
[2020-09-11T16:04:51.864+0000][1][gc,heap      ] GC(144) ParNew: 72918K->4100K(76672K)
[2020-09-11T16:04:51.864+0000][1][gc,heap      ] GC(144) CMS: 98336K->98336K(439104K)
[2020-09-11T16:04:51.864+0000][1][gc,metaspace ] GC(144) Metaspace: 94422K->94422K(1136640K)
[2020-09-11T16:04:51.864+0000][1][gc           ] GC(144) Pause Young (Allocation Failure) 167M->100M(503M) 14.380ms
[2020-09-11T16:04:51.864+0000][1][gc,cpu       ] GC(144) User=0.01s Sys=0.00s Real=0.02s
[2020-09-11T16:04:51.942+0000][1][safepoint    ] Safepoint "GenCollectForAllocation", Time since last: 327989232 ns, Reaching safepoint: 21122962 ns, At safepoint: 92334180 ns, Total: 113457142 ns
[2020-09-11T16:04:51.953+0000][1][safepoint    ] Safepoint "RevokeBias", Time since last: 52179 ns, Reaching safepoint: 10261251 ns, At safepoint: 31353 ns, Total: 10292604 ns
[2020-09-11T16:04:51.961+0000][1][safepoint    ] Safepoint "RevokeBias", Time since last: 8477895 ns, Reaching safepoint: 199922 ns, At safepoint: 18431 ns, Total: 218353 ns
[2020-09-11T16:04:51.962+0000][1][safepoint    ] Safepoint "RevokeBias", Time since last: 87642 ns, Reaching safepoint: 117522 ns, At safepoint: 14474 ns, Total: 131996 ns
[2020-09-11T16:04:51.967+0000][1][safepoint    ] Safepoint "RevokeBias", Time since last: 5395793 ns, Reaching safepoint: 196022 ns, At safepoint: 21121 ns, Total: 217143 ns
[2020-09-11T16:04:52.483+0000][1][safepoint    ] Safepoint "RevokeBias", Time since last: 515413781 ns, Reaching safepoint: 211482 ns, At safepoint: 22488 ns, Total: 233970 ns
[2020-09-11T16:04:52.609+0000][1][safepoint    ] Safepoint "RevokeBias", Time since last: 117955184 ns, Reaching safepoint: 8124952 ns, At safepoint: 255022 ns, Total: 8379974 ns
[2020-09-11T16:04:52.610+0000][1][safepoint    ] Safepoint "RevokeBias", Time since last: 493671 ns, Reaching safepoint: 129255 ns, At safepoint: 143081 ns, Total: 272336 ns
[2020-09-11T16:04:52.610+0000][1][safepoint    ] Safepoint "RevokeBias", Time since last: 109118 ns, Reaching safepoint: 124582 ns, At safepoint: 136751 ns, Total: 261333 ns
[2020-09-11T16:04:52.617+0000][1][safepoint    ] Safepoint "RevokeBias", Time since last: 6546220 ns, Reaching safepoint: 203966 ns, At safepoint: 187469 ns, Total: 391435 ns
[2020-09-11T16:04:52.618+0000][1][safepoint    ] Safepoint "RevokeBias", Time since last: 146531 ns, Reaching safepoint: 124616 ns, At safepoint: 145383 ns, Total: 269999 ns
[2020-09-11T16:04:52.618+0000][1][safepoint    ] Safepoint "RevokeBias", Time since last: 55295 ns, Reaching safepoint: 116974 ns, At safepoint: 139350 ns, Total: 256324 ns
[2020-09-11T16:04:52.744+0000][1][safepoint    ] Safepoint "RevokeBias", Time since last: 125568797 ns, Reaching safepoint: 194060 ns, At safepoint: 163028 ns, Total: 357088 ns
[2020-09-11T16:04:53.449+0000][1][safepoint    ] Safepoint "RevokeBias", Time since last: 705171361 ns, Reaching safepoint: 139413 ns, At safepoint: 158911 ns, Total: 298324 ns
[2020-09-11T16:04:53.466+0000][1][safepoint    ] Safepoint "RevokeBias", Time since last: 16307938 ns, Reaching safepoint: 89016 ns, At safepoint: 24686 ns, Total: 113702 ns
[2020-09-11T16:04:53.652+0000][1][safepoint    ] Safepoint "RevokeBias", Time since last: 184218257 ns, Reaching safepoint: 2388209 ns, At safepoint: 30708 ns, Total: 2418917 ns
[2020-09-11T16:04:53.802+0000][1][gc,start     ] GC(145) Pause Young (Allocation Failure)
[2020-09-11T16:04:53.802+0000][1][gc,task      ] GC(145) Using 1 workers of 1 for evacuation
[2020-09-11T16:04:53.824+0000][1][gc,age       ] GC(145) Desired survivor size 4358144 bytes, new threshold 6 (max threshold 6)
[2020-09-11T16:04:53.824+0000][1][gc,age       ] GC(145) Age table with threshold 6 (max threshold 6)
[2020-09-11T16:04:53.824+0000][1][gc,age       ] GC(145) - age   1:    1370184 bytes,    1370184 total
[2020-09-11T16:04:53.825+0000][1][gc,age       ] GC(145) - age   2:    1289832 bytes,    2660016 total
[2020-09-11T16:04:53.825+0000][1][gc,age       ] GC(145) - age   3:     169880 bytes,    2829896 total
[2020-09-11T16:04:53.825+0000][1][gc,age       ] GC(145) - age   4:     648952 bytes,    3478848 total
[2020-09-11T16:04:53.825+0000][1][gc,heap      ] GC(145) ParNew: 72000K->3851K(76672K)
[2020-09-11T16:04:53.825+0000][1][gc,heap      ] GC(145) CMS: 98336K->98336K(439104K)
[2020-09-11T16:04:53.825+0000][1][gc,metaspace ] GC(145) Metaspace: 94432K->94432K(1136640K)
[2020-09-11T16:04:53.825+0000][1][gc           ] GC(145) Pause Young (Allocation Failure) 166M->99M(503M) 22.201ms
[2020-09-11T16:04:53.825+0000][1][gc,cpu       ] GC(145) User=0.00s Sys=0.00s Real=0.02s
[2020-09-11T16:04:53.841+0000][1][safepoint    ] Safepoint "GenCollectForAllocation", Time since last: 149776583 ns, Reaching safepoint: 162532 ns, At safepoint: 38440805 ns, Total: 38603337 ns
[2020-09-11T16:04:53.885+0000][1][safepoint    ] Safepoint "RevokeBias", Time since last: 38764643 ns, Reaching safepoint: 5278162 ns, At safepoint: 33326 ns, Total: 5311488 ns
[2020-09-11T16:04:53.889+0000][1][safepoint    ] Safepoint "RevokeBias", Time since last: 193213 ns, Reaching safepoint: 3757844 ns, At safepoint: 26732 ns, Total: 3784576 ns
[2020-09-11T16:04:53.893+0000][1][safepoint    ] Safepoint "RevokeBias", Time since last: 150316 ns, Reaching safepoint: 3871056 ns, At safepoint: 16300 ns, Total: 3887356 ns
[2020-09-11T16:04:53.893+0000][1][safepoint    ] Safepoint "RevokeBias", Time since last: 59929 ns, Reaching safepoint: 103032 ns, At safepoint: 13587 ns, Total: 116619 ns
[2020-09-11T16:04:53.893+0000][1][safepoint    ] Safepoint "BulkRevokeBias", Time since last: 74678 ns, Reaching safepoint: 106644 ns, At safepoint: 193238 ns, Total: 299882 ns
[2020-09-11T16:04:53.957+0000][1][safepoint    ] Safepoint "RevokeBias", Time since last: 63843737 ns, Reaching safepoint: 148583 ns, At safepoint: 23542 ns, Total: 172125 ns
[2020-09-11T16:04:54.277+0000][1][safepoint    ] Safepoint "RevokeBias", Time since last: 319243030 ns, Reaching safepoint: 117179 ns, At safepoint: 23351 ns, Total: 140530 ns
[2020-09-11T16:04:55.285+0000][1][safepoint    ] Safepoint "Cleanup", Time since last: 1007941617 ns, Reaching safepoint: 81169 ns, At safepoint: 9491 ns, Total: 90660 ns
[2020-09-11T16:04:55.803+0000][1][safepoint    ] Safepoint "RevokeBias", Time since last: 517786733 ns, Reaching safepoint: 87673 ns, At safepoint: 24033 ns, Total: 111706 ns
[2020-09-11T16:04:56.798+0000][1][safepoint    ] Safepoint "RevokeBias", Time since last: 983609906 ns, Reaching safepoint: 11590113 ns, At safepoint: 301685 ns, Total: 11891798 ns
[2020-09-11T16:04:57.038+0000][1][safepoint    ] Safepoint "RevokeBias", Time since last: 230686082 ns, Reaching safepoint: 8992434 ns, At safepoint: 31323 ns, Total: 9023757 ns
[2020-09-11T16:04:57.145+0000][1][safepoint    ] Safepoint "RevokeBias", Time since last: 106812073 ns, Reaching safepoint: 154830 ns, At safepoint: 25588 ns, Total: 180418 ns
[2020-09-11T16:04:57.145+0000][1][safepoint    ] Safepoint "RevokeBias", Time since last: 127875 ns, Reaching safepoint: 103840 ns, At safepoint: 13144 ns, Total: 116984 ns
[2020-09-11T16:04:57.145+0000][1][safepoint    ] Safepoint "RevokeBias", Time since last: 36833 ns, Reaching safepoint: 100386 ns, At safepoint: 11934 ns, Total: 112320 ns
[2020-09-11T16:04:57.146+0000][1][safepoint    ] Safepoint "RevokeBias", Time since last: 430348 ns, Reaching safepoint: 98360 ns, At safepoint: 11666 ns, Total: 110026 ns
[2020-09-11T16:04:57.149+0000][1][safepoint    ] Safepoint "RevokeBias", Time since last: 3000000 ns, Reaching safepoint: 148067 ns, At safepoint: 21648 ns, Total: 169715 ns
[2020-09-11T16:04:57.149+0000][1][safepoint    ] Safepoint "RevokeBias", Time since last: 67856 ns, Reaching safepoint: 99596 ns, At safepoint: 12504 ns, Total: 112100 ns
[2020-09-11T16:04:57.221+0000][1][gc,start     ] GC(146) Pause Young (Allocation Failure)
[2020-09-11T16:04:57.225+0000][1][gc,task      ] GC(146) Using 1 workers of 1 for evacuation
[2020-09-11T16:04:57.245+0000][1][gc,age       ] GC(146) Desired survivor size 4358144 bytes, new threshold 6 (max threshold 6)
[2020-09-11T16:04:57.245+0000][1][gc,age       ] GC(146) Age table with threshold 6 (max threshold 6)
[2020-09-11T16:04:57.245+0000][1][gc,age       ] GC(146) - age   1:    1673472 bytes,    1673472 total
[2020-09-11T16:04:57.245+0000][1][gc,age       ] GC(146) - age   2:     119632 bytes,    1793104 total
[2020-09-11T16:04:57.245+0000][1][gc,age       ] GC(146) - age   3:     631408 bytes,    2424512 total
[2020-09-11T16:04:57.245+0000][1][gc,age       ] GC(146) - age   4:     168016 bytes,    2592528 total
[2020-09-11T16:04:57.245+0000][1][gc,age       ] GC(146) - age   5:     647712 bytes,    3240240 total
[2020-09-11T16:04:57.245+0000][1][gc,heap      ] GC(146) ParNew: 72011K->3510K(76672K)
[2020-09-11T16:04:57.245+0000][1][gc,heap      ] GC(146) CMS: 98336K->98336K(439104K)
[2020-09-11T16:04:57.245+0000][1][gc,metaspace ] GC(146) Metaspace: 94454K->94454K(1136640K)
[2020-09-11T16:04:57.245+0000][1][gc           ] GC(146) Pause Young (Allocation Failure) 166M->99M(503M) 23.744ms
[2020-09-11T16:04:57.245+0000][1][gc,cpu       ] GC(146) User=0.01s Sys=0.00s Real=0.02s
[2020-09-11T16:04:57.273+0000][1][safepoint    ] Safepoint "GenCollectForAllocation", Time since last: 71526098 ns, Reaching safepoint: 152464 ns, At safepoint: 52276522 ns, Total: 52428986 ns
[2020-09-11T16:04:57.290+0000][1][safepoint    ] Safepoint "RevokeBias", Time since last: 16409371 ns, Reaching safepoint: 69084 ns, At safepoint: 33049 ns, Total: 102133 ns
[2020-09-11T16:04:57.309+0000][1][safepoint    ] Safepoint "RevokeBias", Time since last: 19064889 ns, Reaching safepoint: 163268 ns, At safepoint: 22793 ns, Total: 186061 ns
[2020-09-11T16:04:57.325+0000][1][safepoint    ] Safepoint "RevokeBias", Time since last: 15807888 ns, Reaching safepoint: 139944 ns, At safepoint: 22832 ns, Total: 162776 ns
[2020-09-11T16:04:57.325+0000][1][safepoint    ] Safepoint "RevokeBias", Time since last: 317498 ns, Reaching safepoint: 29137 ns, At safepoint: 12360 ns, Total: 41497 ns
[2020-09-11T16:04:57.329+0000][1][safepoint    ] Safepoint "RevokeBias", Time since last: 3492594 ns, Reaching safepoint: 69229 ns, At safepoint: 23372 ns, Total: 92601 ns
[2020-09-11T16:04:57.517+0000][1][safepoint    ] Safepoint "RevokeBias", Time since last: 188090716 ns, Reaching safepoint: 173540 ns, At safepoint: 23200 ns, Total: 196740 ns
[2020-09-11T16:04:58.481+0000][1][safepoint    ] Safepoint "RevokeBias", Time since last: 963640712 ns, Reaching safepoint: 372726 ns, At safepoint: 196593 ns, Total: 569319 ns
[2020-09-11T16:04:58.509+0000][1][safepoint    ] Safepoint "RevokeBias", Time since last: 27401464 ns, Reaching safepoint: 223796 ns, At safepoint: 197381 ns, Total: 421177 ns
[2020-09-11T16:04:58.510+0000][1][safepoint    ] Safepoint "RevokeBias", Time since last: 530359 ns, Reaching safepoint: 147195 ns, At safepoint: 175592 ns, Total: 322787 ns
[2020-09-11T16:04:58.530+0000][1][safepoint    ] Safepoint "RevokeBias", Time since last: 2716943 ns, Reaching safepoint: 151394 ns, At safepoint: 16633655 ns, Total: 16785049 ns
[2020-09-11T16:04:58.546+0000][1][safepoint    ] Safepoint "RevokeBias", Time since last: 114706 ns, Reaching safepoint: 16282625 ns, At safepoint: 194448 ns, Total: 16477073 ns
[2020-09-11T16:04:58.565+0000][1][safepoint    ] Safepoint "RevokeBias", Time since last: 14636936 ns, Reaching safepoint: 4103678 ns, At safepoint: 210064 ns, Total: 4313742 ns
[2020-09-11T16:04:58.718+0000][1][safepoint    ] Safepoint "RevokeBias", Time since last: 137786567 ns, Reaching safepoint: 15109474 ns, At safepoint: 198063 ns, Total: 15307537 ns
[2020-09-11T16:04:58.805+0000][1][gc,start     ] GC(147) Pause Young (Allocation Failure)
[2020-09-11T16:04:58.805+0000][1][gc,task      ] GC(147) Using 1 workers of 1 for evacuation
[2020-09-11T16:04:58.835+0000][1][gc,age       ] GC(147) Desired survivor size 4358144 bytes, new threshold 5 (max threshold 6)
[2020-09-11T16:04:58.835+0000][1][gc,age       ] GC(147) Age table with threshold 5 (max threshold 6)
[2020-09-11T16:04:58.835+0000][1][gc,age       ] GC(147) - age   1:    2933648 bytes,    2933648 total
[2020-09-11T16:04:58.835+0000][1][gc,age       ] GC(147) - age   2:     549712 bytes,    3483360 total
[2020-09-11T16:04:58.835+0000][1][gc,age       ] GC(147) - age   3:     117872 bytes,    3601232 total
[2020-09-11T16:04:58.835+0000][1][gc,age       ] GC(147) - age   4:     629688 bytes,    4230920 total
[2020-09-11T16:04:58.835+0000][1][gc,age       ] GC(147) - age   5:     167400 bytes,    4398320 total
[2020-09-11T16:04:58.835+0000][1][gc,age       ] GC(147) - age   6:     647712 bytes,    5046032 total
[2020-09-11T16:04:58.835+0000][1][gc,heap      ] GC(147) ParNew: 71670K->5477K(76672K)
[2020-09-11T16:04:58.835+0000][1][gc,heap      ] GC(147) CMS: 98336K->98336K(439104K)
[2020-09-11T16:04:58.835+0000][1][gc,metaspace ] GC(147) Metaspace: 94492K->94492K(1136640K)
[2020-09-11T16:04:58.835+0000][1][gc           ] GC(147) Pause Young (Allocation Failure) 166M->101M(503M) 29.816ms
[2020-09-11T16:04:58.835+0000][1][gc,cpu       ] GC(147) User=0.01s Sys=0.00s Real=0.03s
[2020-09-11T16:04:58.861+0000][1][safepoint    ] Safepoint "GenCollectForAllocation", Time since last: 86679563 ns, Reaching safepoint: 277211 ns, At safepoint: 55676382 ns, Total: 55953593 ns
[2020-09-11T16:04:59.350+0000][1][safepoint    ] Safepoint "RevokeBias", Time since last: 487979094 ns, Reaching safepoint: 1018462 ns, At safepoint: 26020 ns, Total: 1044482 ns
[2020-09-11T16:04:59.898+0000][1][safepoint    ] Safepoint "RevokeBias", Time since last: 548162664 ns, Reaching safepoint: 160312 ns, At safepoint: 23813 ns, Total: 184125 ns
[2020-09-11T16:04:59.898+0000][1][safepoint    ] Safepoint "RevokeBias", Time since last: 158558 ns, Reaching safepoint: 102542 ns, At safepoint: 14124 ns, Total: 116666 ns
[2020-09-11T16:04:59.899+0000][1][safepoint    ] Safepoint "RevokeBias", Time since last: 103601 ns, Reaching safepoint: 105788 ns, At safepoint: 13348 ns, Total: 119136 ns
[2020-09-11T16:04:59.899+0000][1][safepoint    ] Safepoint "RevokeBias", Time since last: 31789 ns, Reaching safepoint: 115335 ns, At safepoint: 12132 ns, Total: 127467 ns
[2020-09-11T16:04:59.901+0000][1][safepoint    ] Safepoint "RevokeBias", Time since last: 66846 ns, Reaching safepoint: 1856978 ns, At safepoint: 14623 ns, Total: 1871601 ns
[2020-09-11T16:04:59.901+0000][1][safepoint    ] Safepoint "RevokeBias", Time since last: 57083 ns, Reaching safepoint: 102009 ns, At safepoint: 12501 ns, Total: 114510 ns
[2020-09-11T16:05:00.001+0000][1][safepoint    ] Safepoint "RevokeBias", Time since last: 100062451 ns, Reaching safepoint: 144143 ns, At safepoint: 20974 ns, Total: 165117 ns
[2020-09-11T16:05:00.005+0000][1][safepoint    ] Safepoint "RevokeBias", Time since last: 3576774 ns, Reaching safepoint: 134651 ns, At safepoint: 9029 ns, Total: 143680 ns
[2020-09-11T16:05:00.102+0000][1][safepoint    ] Safepoint "RevokeBias", Time since last: 97309444 ns, Reaching safepoint: 150709 ns, At safepoint: 20458 ns, Total: 171167 ns
[2020-09-11T16:05:00.106+0000][1][safepoint    ] Safepoint "RevokeBias", Time since last: 3330901 ns, Reaching safepoint: 144646 ns, At safepoint: 16626 ns, Total: 161272 ns
[2020-09-11T16:05:00.107+0000][1][safepoint    ] Safepoint "BulkRevokeBias", Time since last: 539785 ns, Reaching safepoint: 107112 ns, At safepoint: 223145 ns, Total: 330257 ns
[2020-09-11T16:05:00.110+0000][1][safepoint    ] Safepoint "RevokeBias", Time since last: 2585360 ns, Reaching safepoint: 157107 ns, At safepoint: 22369 ns, Total: 179476 ns
[2020-09-11T16:05:01.113+0000][1][safepoint    ] Safepoint "Cleanup", Time since last: 1003273592 ns, Reaching safepoint: 149026 ns, At safepoint: 8491 ns, Total: 157517 ns
[2020-09-11T16:05:01.189+0000][1][gc,start     ] GC(148) Pause Young (Allocation Failure)
[2020-09-11T16:05:01.189+0000][1][gc,task      ] GC(148) Using 1 workers of 1 for evacuation
[2020-09-11T16:05:01.212+0000][1][gc,age       ] GC(148) Desired survivor size 4358144 bytes, new threshold 6 (max threshold 6)
[2020-09-11T16:05:01.212+0000][1][gc,age       ] GC(148) Age table with threshold 6 (max threshold 6)
[2020-09-11T16:05:01.212+0000][1][gc,age       ] GC(148) - age   1:    2215704 bytes,    2215704 total
[2020-09-11T16:05:01.212+0000][1][gc,age       ] GC(148) - age   2:     120936 bytes,    2336640 total
[2020-09-11T16:05:01.212+0000][1][gc,age       ] GC(148) - age   3:     482224 bytes,    2818864 total
[2020-09-11T16:05:01.212+0000][1][gc,age       ] GC(148) - age   4:      49336 bytes,    2868200 total
[2020-09-11T16:05:01.212+0000][1][gc,age       ] GC(148) - age   5:     437496 bytes,    3305696 total
[2020-09-11T16:05:01.212+0000][1][gc,heap      ] GC(148) ParNew: 73595K->4380K(76672K)
[2020-09-11T16:05:01.212+0000][1][gc,heap      ] GC(148) CMS: 98336K->99064K(439104K)
[2020-09-11T16:05:01.212+0000][1][gc,metaspace ] GC(148) Metaspace: 94617K->94617K(1136640K)
[2020-09-11T16:05:01.213+0000][1][gc           ] GC(148) Pause Young (Allocation Failure) 167M->101M(503M) 23.759ms
[2020-09-11T16:05:01.213+0000][1][gc,cpu       ] GC(148) User=0.01s Sys=0.00s Real=0.02s
[2020-09-11T16:05:01.249+0000][1][safepoint    ] Safepoint "GenCollectForAllocation", Time since last: 75623444 ns, Reaching safepoint: 160880 ns, At safepoint: 60053090 ns, Total: 60213970 ns
[2020-09-11T16:05:01.309+0000][1][safepoint    ] Safepoint "RevokeBias", Time since last: 59977977 ns, Reaching safepoint: 156992 ns, At safepoint: 21320 ns, Total: 178312 ns
[2020-09-11T16:05:01.309+0000][1][safepoint    ] Safepoint "RevokeBias", Time since last: 432834 ns, Reaching safepoint: 28103 ns, At safepoint: 12128 ns, Total: 40231 ns
[2020-09-11T16:05:01.310+0000][1][safepoint    ] Safepoint "RevokeBias", Time since last: 106769 ns, Reaching safepoint: 31571 ns, At safepoint: 10466 ns, Total: 42037 ns
[2020-09-11T16:05:01.317+0000][1][safepoint    ] Safepoint "BulkRevokeBias", Time since last: 39427 ns, Reaching safepoint: 28220 ns, At safepoint: 7304099 ns, Total: 7332319 ns
[2020-09-11T16:05:01.317+0000][1][safepoint    ] Safepoint "RevokeBias", Time since last: 151159 ns, Reaching safepoint: 61081 ns, At safepoint: 12940 ns, Total: 74021 ns
[2020-09-11T16:05:01.317+0000][1][safepoint    ] Safepoint "RevokeBias", Time since last: 56021 ns, Reaching safepoint: 30458 ns, At safepoint: 10613 ns, Total: 41071 ns
[2020-09-11T16:05:01.387+0000][1][safepoint    ] Safepoint "RevokeBias", Time since last: 69518895 ns, Reaching safepoint: 145720 ns, At safepoint: 22273 ns, Total: 167993 ns
[2020-09-11T16:05:01.877+0000][1][safepoint    ] Safepoint "RevokeBias", Time since last: 488555464 ns, Reaching safepoint: 1357642 ns, At safepoint: 26008 ns, Total: 1383650 ns
[2020-09-11T16:05:01.879+0000][1][safepoint    ] Safepoint "RevokeBias", Time since last: 125944 ns, Reaching safepoint: 1969183 ns, At safepoint: 15214 ns, Total: 1984397 ns
[2020-09-11T16:05:01.881+0000][1][safepoint    ] Safepoint "RevokeBias", Time since last: 54959 ns, Reaching safepoint: 1763901 ns, At safepoint: 24299 ns, Total: 1788200 ns
[2020-09-11T16:05:01.881+0000][1][safepoint    ] Safepoint "RevokeBias", Time since last: 88012 ns, Reaching safepoint: 104790 ns, At safepoint: 12110 ns, Total: 116900 ns
[2020-09-11T16:05:01.881+0000][1][safepoint    ] Safepoint "RevokeBias", Time since last: 51602 ns, Reaching safepoint: 103385 ns, At safepoint: 10693 ns, Total: 114078 ns
[2020-09-11T16:05:01.933+0000][1][safepoint    ] Safepoint "RevokeBias", Time since last: 51969037 ns, Reaching safepoint: 85073 ns, At safepoint: 23576 ns, Total: 108649 ns
[2020-09-11T16:05:01.982+0000][1][safepoint    ] Safepoint "RevokeBias", Time since last: 49087547 ns, Reaching safepoint: 86079 ns, At safepoint: 21037 ns, Total: 107116 ns
[2020-09-11T16:05:02.545+0000][1][safepoint    ] Safepoint "BulkRevokeBias", Time since last: 554292820 ns, Reaching safepoint: 8125442 ns, At safepoint: 401727 ns, Total: 8527169 ns
[2020-09-11T16:05:02.546+0000][1][safepoint    ] Safepoint "RevokeBias", Time since last: 256480 ns, Reaching safepoint: 129607 ns, At safepoint: 134224 ns, Total: 263831 ns
[2020-09-11T16:05:02.546+0000][1][safepoint    ] Safepoint "RevokeBias", Time since last: 33699 ns, Reaching safepoint: 115354 ns, At safepoint: 125127 ns, Total: 240481 ns
[2020-09-11T16:05:02.553+0000][1][safepoint    ] Safepoint "RevokeBias", Time since last: 69745 ns, Reaching safepoint: 118274 ns, At safepoint: 6470779 ns, Total: 6589053 ns
[2020-09-11T16:05:02.553+0000][1][safepoint    ] Safepoint "RevokeBias", Time since last: 107051 ns, Reaching safepoint: 204381 ns, At safepoint: 182053 ns, Total: 386434 ns
[2020-09-11T16:05:02.652+0000][1][safepoint    ] Safepoint "BulkRevokeBias", Time since last: 83900517 ns, Reaching safepoint: 13868408 ns, At safepoint: 467536 ns, Total: 14335944 ns
[2020-09-11T16:05:02.901+0000][1][gc,start     ] GC(149) Pause Young (Allocation Failure)
[2020-09-11T16:05:02.901+0000][1][gc,task      ] GC(149) Using 1 workers of 1 for evacuation
[2020-09-11T16:05:02.941+0000][1][gc,age       ] GC(149) Desired survivor size 4358144 bytes, new threshold 6 (max threshold 6)
[2020-09-11T16:05:02.941+0000][1][gc,age       ] GC(149) Age table with threshold 6 (max threshold 6)
[2020-09-11T16:05:02.941+0000][1][gc,age       ] GC(149) - age   1:    2610912 bytes,    2610912 total
[2020-09-11T16:05:02.941+0000][1][gc,age       ] GC(149) - age   2:     127888 bytes,    2738800 total
[2020-09-11T16:05:02.941+0000][1][gc,age       ] GC(149) - age   3:     118696 bytes,    2857496 total
[2020-09-11T16:05:02.941+0000][1][gc,age       ] GC(149) - age   4:     478248 bytes,    3335744 total
[2020-09-11T16:05:02.941+0000][1][gc,age       ] GC(149) - age   5:      47464 bytes,    3383208 total
[2020-09-11T16:05:02.941+0000][1][gc,age       ] GC(149) - age   6:     437496 bytes,    3820704 total
[2020-09-11T16:05:02.941+0000][1][gc,heap      ] GC(149) ParNew: 72540K->7032K(76672K)
[2020-09-11T16:05:02.941+0000][1][gc,heap      ] GC(149) CMS: 99064K->99064K(439104K)
[2020-09-11T16:05:02.941+0000][1][gc,metaspace ] GC(149) Metaspace: 94626K->94626K(1136640K)
[2020-09-11T16:05:02.941+0000][1][gc           ] GC(149) Pause Young (Allocation Failure) 167M->103M(503M) 40.076ms
[2020-09-11T16:05:02.941+0000][1][gc,cpu       ] GC(149) User=0.01s Sys=0.00s Real=0.04s
[2020-09-11T16:05:02.957+0000][1][safepoint    ] Safepoint "GenCollectForAllocation", Time since last: 249312119 ns, Reaching safepoint: 163911 ns, At safepoint: 55827773 ns, Total: 55991684 ns
[2020-09-11T16:05:03.270+0000][1][safepoint    ] Safepoint "RevokeBias", Time since last: 312717875 ns, Reaching safepoint: 96478 ns, At safepoint: 23014 ns, Total: 119492 ns
[2020-09-11T16:05:03.626+0000][1][safepoint    ] Safepoint "RevokeBias", Time since last: 356643735 ns, Reaching safepoint: 165220 ns, At safepoint: 24518 ns, Total: 189738 ns
[2020-09-11T16:05:03.797+0000][1][safepoint    ] Safepoint "RevokeBias", Time since last: 152559887 ns, Reaching safepoint: 17847504 ns, At safepoint: 64587 ns, Total: 17912091 ns
[2020-09-11T16:05:03.837+0000][1][safepoint    ] Safepoint "RevokeBias", Time since last: 39830689 ns, Reaching safepoint: 285745 ns, At safepoint: 25011 ns, Total: 310756 ns
[2020-09-11T16:05:03.837+0000][1][safepoint    ] Safepoint "RevokeBias", Time since last: 74171 ns, Reaching safepoint: 99307 ns, At safepoint: 14133 ns, Total: 113440 ns
[2020-09-11T16:05:03.838+0000][1][safepoint    ] Safepoint "RevokeBias", Time since last: 220458 ns, Reaching safepoint: 103114 ns, At safepoint: 15463 ns, Total: 118577 ns
[2020-09-11T16:05:03.838+0000][1][safepoint    ] Safepoint "RevokeBias", Time since last: 61808 ns, Reaching safepoint: 98642 ns, At safepoint: 13907 ns, Total: 112549 ns
[2020-09-11T16:05:03.902+0000][1][safepoint    ] Safepoint "RevokeBias", Time since last: 64267158 ns, Reaching safepoint: 142787 ns, At safepoint: 21010 ns, Total: 163797 ns
[2020-09-11T16:05:04.902+0000][1][safepoint    ] Safepoint "Cleanup", Time since last: 1000097450 ns, Reaching safepoint: 77976 ns, At safepoint: 5967 ns, Total: 83943 ns
[2020-09-11T16:05:04.973+0000][1][gc,start     ] GC(150) Pause Young (Allocation Failure)
[2020-09-11T16:05:04.973+0000][1][gc,task      ] GC(150) Using 1 workers of 1 for evacuation
[2020-09-11T16:05:04.999+0000][1][gc,age       ] GC(150) Desired survivor size 4358144 bytes, new threshold 6 (max threshold 6)
[2020-09-11T16:05:04.999+0000][1][gc,age       ] GC(150) Age table with threshold 6 (max threshold 6)
[2020-09-11T16:05:04.999+0000][1][gc,age       ] GC(150) - age   1:    1880904 bytes,    1880904 total
[2020-09-11T16:05:05.000+0000][1][gc,age       ] GC(150) - age   2:     122720 bytes,    2003624 total
[2020-09-11T16:05:05.000+0000][1][gc,age       ] GC(150) - age   3:     123104 bytes,    2126728 total
[2020-09-11T16:05:05.000+0000][1][gc,age       ] GC(150) - age   4:     116840 bytes,    2243568 total
[2020-09-11T16:05:05.000+0000][1][gc,age       ] GC(150) - age   5:     472352 bytes,    2715920 total
[2020-09-11T16:05:05.000+0000][1][gc,age       ] GC(150) - age   6:      46192 bytes,    2762112 total
[2020-09-11T16:05:05.000+0000][1][gc,heap      ] GC(150) ParNew: 75138K->4556K(76672K)
[2020-09-11T16:05:05.000+0000][1][gc,heap      ] GC(150) CMS: 99064K->99492K(439104K)
[2020-09-11T16:05:05.000+0000][1][gc,metaspace ] GC(150) Metaspace: 94652K->94652K(1136640K)
[2020-09-11T16:05:05.000+0000][1][gc           ] GC(150) Pause Young (Allocation Failure) 170M->101M(503M) 26.652ms
[2020-09-11T16:05:05.000+0000][1][gc,cpu       ] GC(150) User=0.00s Sys=0.00s Real=0.02s
[2020-09-11T16:05:05.045+0000][1][safepoint    ] Safepoint "GenCollectForAllocation", Time since last: 70368635 ns, Reaching safepoint: 155037 ns, At safepoint: 72342450 ns, Total: 72497487 ns
[2020-09-11T16:05:05.108+0000][1][safepoint    ] Safepoint "RevokeBias", Time since last: 62168165 ns, Reaching safepoint: 162654 ns, At safepoint: 24308 ns, Total: 186962 ns
[2020-09-11T16:05:05.108+0000][1][safepoint    ] Safepoint "RevokeBias", Time since last: 66152 ns, Reaching safepoint: 40439 ns, At safepoint: 20546 ns, Total: 60985 ns
[2020-09-11T16:05:05.113+0000][1][safepoint    ] Safepoint "RevokeBias", Time since last: 5249851 ns, Reaching safepoint: 89802 ns, At safepoint: 25493 ns, Total: 115295 ns
[2020-09-11T16:05:05.113+0000][1][safepoint    ] Safepoint "RevokeBias", Time since last: 109514 ns, Reaching safepoint: 29181 ns, At safepoint: 11511 ns, Total: 40692 ns
[2020-09-11T16:05:05.146+0000][1][safepoint    ] Safepoint "RevokeBias", Time since last: 32628202 ns, Reaching safepoint: 144510 ns, At safepoint: 39347 ns, Total: 183857 ns
[2020-09-11T16:05:05.279+0000][1][safepoint    ] Safepoint "RevokeBias", Time since last: 132597445 ns, Reaching safepoint: 135354 ns, At safepoint: 22109 ns, Total: 157463 ns
[2020-09-11T16:05:05.925+0000][1][safepoint    ] Safepoint "RevokeBias", Time since last: 645956843 ns, Reaching safepoint: 211528 ns, At safepoint: 184938 ns, Total: 396466 ns
[2020-09-11T16:05:05.926+0000][1][safepoint    ] Safepoint "RevokeBias", Time since last: 446784 ns, Reaching safepoint: 131955 ns, At safepoint: 152358 ns, Total: 284313 ns
[2020-09-11T16:05:06.690+0000][1][safepoint    ] Safepoint "RevokeBias", Time since last: 763493992 ns, Reaching safepoint: 199789 ns, At safepoint: 369154 ns, Total: 568943 ns
[2020-09-11T16:05:06.690+0000][1][safepoint    ] Safepoint "RevokeBias", Time since last: 83167 ns, Reaching safepoint: 124798 ns, At safepoint: 133717 ns, Total: 258515 ns
[2020-09-11T16:05:06.754+0000][1][safepoint    ] Safepoint "RevokeBias", Time since last: 63314616 ns, Reaching safepoint: 199777 ns, At safepoint: 221990 ns, Total: 421767 ns
[2020-09-11T16:05:07.188+0000][1][safepoint    ] Safepoint "RevokeBias", Time since last: 412109852 ns, Reaching safepoint: 21223745 ns, At safepoint: 185642 ns, Total: 21409387 ns
[2020-09-11T16:05:07.386+0000][1][gc,start     ] GC(151) Pause Young (Allocation Failure)
[2020-09-11T16:05:07.386+0000][1][gc,task      ] GC(151) Using 1 workers of 1 for evacuation
[2020-09-11T16:05:07.432+0000][1][gc,age       ] GC(151) Desired survivor size 4358144 bytes, new threshold 6 (max threshold 6)
[2020-09-11T16:05:07.432+0000][1][gc,age       ] GC(151) Age table with threshold 6 (max threshold 6)
[2020-09-11T16:05:07.432+0000][1][gc,age       ] GC(151) - age   1:    3290816 bytes,    3290816 total
[2020-09-11T16:05:07.432+0000][1][gc,age       ] GC(151) - age   2:      77064 bytes,    3367880 total
[2020-09-11T16:05:07.432+0000][1][gc,age       ] GC(151) - age   3:     120224 bytes,    3488104 total
[2020-09-11T16:05:07.432+0000][1][gc,age       ] GC(151) - age   4:     122448 bytes,    3610552 total
[2020-09-11T16:05:07.432+0000][1][gc,age       ] GC(151) - age   5:     116224 bytes,    3726776 total
[2020-09-11T16:05:07.432+0000][1][gc,age       ] GC(151) - age   6:     466424 bytes,    4193200 total
[2020-09-11T16:05:07.432+0000][1][gc,heap      ] GC(151) ParNew: 72702K->4743K(76672K)
[2020-09-11T16:05:07.432+0000][1][gc,heap      ] GC(151) CMS: 99492K->99522K(439104K)
[2020-09-11T16:05:07.432+0000][1][gc,metaspace ] GC(151) Metaspace: 94664K->94664K(1136640K)
[2020-09-11T16:05:07.432+0000][1][gc           ] GC(151) Pause Young (Allocation Failure) 168M->101M(503M) 45.580ms
[2020-09-11T16:05:07.432+0000][1][gc,cpu       ] GC(151) User=0.01s Sys=0.00s Real=0.04s
[2020-09-11T16:05:07.450+0000][1][safepoint    ] Safepoint "GenCollectForAllocation", Time since last: 198485716 ns, Reaching safepoint: 201326 ns, At safepoint: 64025357 ns, Total: 64226683 ns
[2020-09-11T16:05:07.867+0000][1][safepoint    ] Safepoint "RevokeBias", Time since last: 417022686 ns, Reaching safepoint: 156159 ns, At safepoint: 28243 ns, Total: 184402 ns
[2020-09-11T16:05:07.868+0000][1][safepoint    ] Safepoint "RevokeBias", Time since last: 73395 ns, Reaching safepoint: 101924 ns, At safepoint: 12364 ns, Total: 114288 ns
[2020-09-11T16:05:07.868+0000][1][safepoint    ] Safepoint "RevokeBias", Time since last: 243449 ns, Reaching safepoint: 104064 ns, At safepoint: 11977 ns, Total: 116041 ns
[2020-09-11T16:05:07.868+0000][1][safepoint    ] Safepoint "RevokeBias", Time since last: 49110 ns, Reaching safepoint: 98219 ns, At safepoint: 11114 ns, Total: 109333 ns
[2020-09-11T16:05:07.979+0000][1][safepoint    ] Safepoint "RevokeBias", Time since last: 110921425 ns, Reaching safepoint: 141279 ns, At safepoint: 22383 ns, Total: 163662 ns
[2020-09-11T16:05:07.985+0000][1][safepoint    ] Safepoint "BulkRevokeBias", Time since last: 5504600 ns, Reaching safepoint: 74120 ns, At safepoint: 269806 ns, Total: 343926 ns
[2020-09-11T16:05:08.989+0000][1][safepoint    ] Safepoint "Cleanup", Time since last: 1003708954 ns, Reaching safepoint: 80994 ns, At safepoint: 8397 ns, Total: 89391 ns
[2020-09-11T16:05:09.181+0000][1][safepoint    ] Safepoint "RevokeBias", Time since last: 192033514 ns, Reaching safepoint: 88831 ns, At safepoint: 24203 ns, Total: 113034 ns
[2020-09-11T16:05:10.181+0000][1][safepoint    ] Safepoint "Cleanup", Time since last: 1000112576 ns, Reaching safepoint: 196557 ns, At safepoint: 8301 ns, Total: 204858 ns
[2020-09-11T16:05:10.245+0000][1][safepoint    ] Safepoint "RevokeBias", Time since last: 63389324 ns, Reaching safepoint: 200046 ns, At safepoint: 386845 ns, Total: 586891 ns
[2020-09-11T16:05:10.246+0000][1][safepoint    ] Safepoint "RevokeBias", Time since last: 69845 ns, Reaching safepoint: 122385 ns, At safepoint: 132065 ns, Total: 254450 ns
[2020-09-11T16:05:10.246+0000][1][safepoint    ] Safepoint "RevokeBias", Time since last: 186418 ns, Reaching safepoint: 118597 ns, At safepoint: 129522 ns, Total: 248119 ns
[2020-09-11T16:05:10.249+0000][1][safepoint    ] Safepoint "BulkRevokeBias", Time since last: 48832 ns, Reaching safepoint: 111981 ns, At safepoint: 2491506 ns, Total: 2603487 ns
[2020-09-11T16:05:10.304+0000][1][safepoint    ] Safepoint "RevokeBias", Time since last: 54537772 ns, Reaching safepoint: 182379 ns, At safepoint: 173737 ns, Total: 356116 ns
[2020-09-11T16:05:10.342+0000][1][safepoint    ] Safepoint "RevokeBias", Time since last: 37742230 ns, Reaching safepoint: 837828 ns, At safepoint: 21585 ns, Total: 859413 ns
[2020-09-11T16:05:10.345+0000][1][safepoint    ] Safepoint "RevokeBias", Time since last: 2509517 ns, Reaching safepoint: 179899 ns, At safepoint: 20297 ns, Total: 200196 ns
[2020-09-11T16:05:10.345+0000][1][safepoint    ] Safepoint "RevokeBias", Time since last: 128765 ns, Reaching safepoint: 122231 ns, At safepoint: 18911 ns, Total: 141142 ns
[2020-09-11T16:05:10.345+0000][1][safepoint    ] Safepoint "RevokeBias", Time since last: 112298 ns, Reaching safepoint: 110869 ns, At safepoint: 12508 ns, Total: 123377 ns
[2020-09-11T16:05:10.353+0000][1][safepoint    ] Safepoint "BulkRevokeBias", Time since last: 3268317 ns, Reaching safepoint: 116995 ns, At safepoint: 3923544 ns, Total: 4040539 ns
[2020-09-11T16:05:10.454+0000][1][gc,start     ] GC(152) Pause Young (Allocation Failure)
[2020-09-11T16:05:10.454+0000][1][gc,task      ] GC(152) Using 1 workers of 1 for evacuation
[2020-09-11T16:05:10.505+0000][1][gc,age       ] GC(152) Desired survivor size 4358144 bytes, new threshold 6 (max threshold 6)
[2020-09-11T16:05:10.505+0000][1][gc,age       ] GC(152) Age table with threshold 6 (max threshold 6)
[2020-09-11T16:05:10.505+0000][1][gc,age       ] GC(152) - age   1:    2796104 bytes,    2796104 total
[2020-09-11T16:05:10.505+0000][1][gc,age       ] GC(152) - age   2:     153488 bytes,    2949592 total
[2020-09-11T16:05:10.505+0000][1][gc,age       ] GC(152) - age   3:      71880 bytes,    3021472 total
[2020-09-11T16:05:10.505+0000][1][gc,age       ] GC(152) - age   4:     118984 bytes,    3140456 total
[2020-09-11T16:05:10.505+0000][1][gc,age       ] GC(152) - age   5:     122448 bytes,    3262904 total
[2020-09-11T16:05:10.505+0000][1][gc,age       ] GC(152) - age   6:     116224 bytes,    3379128 total
[2020-09-11T16:05:10.505+0000][1][gc,heap      ] GC(152) ParNew: 72903K->3466K(76672K)
[2020-09-11T16:05:10.505+0000][1][gc,heap      ] GC(152) CMS: 99522K->99977K(439104K)
[2020-09-11T16:05:10.505+0000][1][gc,metaspace ] GC(152) Metaspace: 94681K->94681K(1136640K)
[2020-09-11T16:05:10.505+0000][1][gc           ] GC(152) Pause Young (Allocation Failure) 168M->101M(503M) 51.442ms
[2020-09-11T16:05:10.505+0000][1][gc,cpu       ] GC(152) User=0.01s Sys=0.00s Real=0.05s
[2020-09-11T16:05:10.521+0000][1][safepoint    ] Safepoint "GenCollectForAllocation", Time since last: 100825551 ns, Reaching safepoint: 187475 ns, At safepoint: 66974686 ns, Total: 67162161 ns
[2020-09-11T16:05:11.285+0000][1][safepoint    ] Safepoint "RevokeBias", Time since last: 764064287 ns, Reaching safepoint: 153121 ns, At safepoint: 25894 ns, Total: 179015 ns
[2020-09-11T16:05:11.483+0000][1][safepoint    ] Safepoint "RevokeBias", Time since last: 184144249 ns, Reaching safepoint: 13640383 ns, At safepoint: 34063 ns, Total: 13674446 ns
[2020-09-11T16:05:11.483+0000][1][safepoint    ] Safepoint "RevokeBias", Time since last: 82184 ns, Reaching safepoint: 107984 ns, At safepoint: 13897 ns, Total: 121881 ns
[2020-09-11T16:05:11.875+0000][1][safepoint    ] Safepoint "RevokeBias", Time since last: 391623388 ns, Reaching safepoint: 242170 ns, At safepoint: 39844 ns, Total: 282014 ns
[2020-09-11T16:05:11.876+0000][1][safepoint    ] Safepoint "RevokeBias", Time since last: 767031 ns, Reaching safepoint: 171110 ns, At safepoint: 36110 ns, Total: 207220 ns
[2020-09-11T16:05:12.007+0000][1][safepoint    ] Safepoint "RevokeBias", Time since last: 128843232 ns, Reaching safepoint: 2109245 ns, At safepoint: 36487 ns, Total: 2145732 ns
[2020-09-11T16:05:12.039+0000][1][safepoint    ] Safepoint "RevokeBias", Time since last: 30919180 ns, Reaching safepoint: 1003008 ns, At safepoint: 24053 ns, Total: 1027061 ns
[2020-09-11T16:05:12.056+0000][1][gc,start     ] GC(153) Pause Young (Allocation Failure)
[2020-09-11T16:05:12.056+0000][1][gc,task      ] GC(153) Using 1 workers of 1 for evacuation
[2020-09-11T16:05:12.078+0000][1][gc,age       ] GC(153) Desired survivor size 4358144 bytes, new threshold 6 (max threshold 6)
[2020-09-11T16:05:12.078+0000][1][gc,age       ] GC(153) Age table with threshold 6 (max threshold 6)
[2020-09-11T16:05:12.078+0000][1][gc,age       ] GC(153) - age   1:     393288 bytes,     393288 total
[2020-09-11T16:05:12.078+0000][1][gc,age       ] GC(153) - age   2:     907104 bytes,    1300392 total
[2020-09-11T16:05:12.078+0000][1][gc,age       ] GC(153) - age   3:     149296 bytes,    1449688 total
[2020-09-11T16:05:12.078+0000][1][gc,age       ] GC(153) - age   4:      69008 bytes,    1518696 total
[2020-09-11T16:05:12.078+0000][1][gc,age       ] GC(153) - age   5:     118736 bytes,    1637432 total
[2020-09-11T16:05:12.078+0000][1][gc,age       ] GC(153) - age   6:     122064 bytes,    1759496 total
[2020-09-11T16:05:12.078+0000][1][gc,heap      ] GC(153) ParNew: 71609K->3341K(76672K)
[2020-09-11T16:05:12.078+0000][1][gc,heap      ] GC(153) CMS: 99977K->100092K(439104K)
[2020-09-11T16:05:12.078+0000][1][gc,metaspace ] GC(153) Metaspace: 94704K->94704K(1136640K)
[2020-09-11T16:05:12.078+0000][1][gc           ] GC(153) Pause Young (Allocation Failure) 167M->101M(503M) 22.753ms
[2020-09-11T16:05:12.078+0000][1][gc,cpu       ] GC(153) User=0.01s Sys=0.00s Real=0.02s
[2020-09-11T16:05:12.109+0000][1][safepoint    ] Safepoint "GenCollectForAllocation", Time since last: 13907875 ns, Reaching safepoint: 2754240 ns, At safepoint: 53256860 ns, Total: 56011100 ns
[2020-09-11T16:05:12.409+0000][1][safepoint    ] Safepoint "RevokeBias", Time since last: 300484615 ns, Reaching safepoint: 162094 ns, At safepoint: 23364 ns, Total: 185458 ns
[2020-09-11T16:05:12.471+0000][1][safepoint    ] Safepoint "RevokeBias", Time since last: 61634223 ns, Reaching safepoint: 92023 ns, At safepoint: 28210 ns, Total: 120233 ns
[2020-09-11T16:05:13.321+0000][1][safepoint    ] Safepoint "RevokeBias", Time since last: 849737181 ns, Reaching safepoint: 91117 ns, At safepoint: 22831 ns, Total: 113948 ns
[2020-09-11T16:05:13.669+0000][1][safepoint    ] Safepoint "RevokeBias", Time since last: 347758039 ns, Reaching safepoint: 162413 ns, At safepoint: 24477 ns, Total: 186890 ns
[2020-09-11T16:05:14.025+0000][1][safepoint    ] Safepoint "RevokeBias", Time since last: 356084671 ns, Reaching safepoint: 84827 ns, At safepoint: 22572 ns, Total: 107399 ns
[2020-09-11T16:05:15.029+0000][1][safepoint    ] Safepoint "Cleanup", Time since last: 1000096119 ns, Reaching safepoint: 3575909 ns, At safepoint: 12747 ns, Total: 3588656 ns
[2020-09-11T16:05:15.141+0000][1][safepoint    ] Safepoint "RevokeBias", Time since last: 109558567 ns, Reaching safepoint: 2441943 ns, At safepoint: 181664 ns, Total: 2623607 ns
[2020-09-11T16:05:15.311+0000][1][safepoint    ] Safepoint "RevokeBias", Time since last: 169635001 ns, Reaching safepoint: 163693 ns, At safepoint: 23891 ns, Total: 187584 ns
[2020-09-11T16:05:15.853+0000][1][safepoint    ] Safepoint "RevokeBias", Time since last: 542091523 ns, Reaching safepoint: 93761 ns, At safepoint: 23227 ns, Total: 116988 ns
[2020-09-11T16:05:16.199+0000][1][gc,start     ] GC(154) Pause Young (Allocation Failure)
[2020-09-11T16:05:16.199+0000][1][gc,task      ] GC(154) Using 1 workers of 1 for evacuation
[2020-09-11T16:05:16.238+0000][1][gc,age       ] GC(154) Desired survivor size 4358144 bytes, new threshold 6 (max threshold 6)
[2020-09-11T16:05:16.238+0000][1][gc,age       ] GC(154) Age table with threshold 6 (max threshold 6)
[2020-09-11T16:05:16.238+0000][1][gc,age       ] GC(154) - age   1:    2792256 bytes,    2792256 total
[2020-09-11T16:05:16.238+0000][1][gc,age       ] GC(154) - age   2:      93504 bytes,    2885760 total
[2020-09-11T16:05:16.238+0000][1][gc,age       ] GC(154) - age   3:     120256 bytes,    3006016 total
[2020-09-11T16:05:16.238+0000][1][gc,age       ] GC(154) - age   4:     143696 bytes,    3149712 total
[2020-09-11T16:05:16.238+0000][1][gc,age       ] GC(154) - age   5:      65408 bytes,    3215120 total
[2020-09-11T16:05:16.238+0000][1][gc,age       ] GC(154) - age   6:     116240 bytes,    3331360 total
[2020-09-11T16:05:16.238+0000][1][gc,heap      ] GC(154) ParNew: 71501K->4439K(76672K)
[2020-09-11T16:05:16.238+0000][1][gc,heap      ] GC(154) CMS: 100092K->100209K(439104K)
[2020-09-11T16:05:16.239+0000][1][gc,metaspace ] GC(154) Metaspace: 94734K->94734K(1136640K)
[2020-09-11T16:05:16.239+0000][1][gc           ] GC(154) Pause Young (Allocation Failure) 167M->102M(503M) 39.171ms
[2020-09-11T16:05:16.239+0000][1][gc,cpu       ] GC(154) User=0.01s Sys=0.00s Real=0.04s
[2020-09-11T16:05:16.256+0000][1][safepoint    ] Safepoint "GenCollectForAllocation", Time since last: 346065660 ns, Reaching safepoint: 180519 ns, At safepoint: 57129319 ns, Total: 57309838 ns
[2020-09-11T16:05:17.276+0000][1][safepoint    ] Safepoint "Cleanup", Time since last: 1019630592 ns, Reaching safepoint: 79446 ns, At safepoint: 8022 ns, Total: 87468 ns
[2020-09-11T16:05:17.541+0000][1][safepoint    ] Safepoint "RevokeBias", Time since last: 265022876 ns, Reaching safepoint: 91530 ns, At safepoint: 21632 ns, Total: 113162 ns
[2020-09-11T16:05:18.542+0000][1][safepoint    ] Safepoint "Cleanup", Time since last: 1000110484 ns, Reaching safepoint: 76652 ns, At safepoint: 7461 ns, Total: 84113 ns
[2020-09-11T16:05:18.777+0000][1][safepoint    ] Safepoint "RevokeBias", Time since last: 235349871 ns, Reaching safepoint: 90179 ns, At safepoint: 23756 ns, Total: 113935 ns
[2020-09-11T16:05:19.777+0000][1][safepoint    ] Safepoint "Cleanup", Time since last: 1000107203 ns, Reaching safepoint: 81767 ns, At safepoint: 8750 ns, Total: 90517 ns
[2020-09-11T16:05:19.788+0000][1][safepoint    ] Safepoint "RevokeBias", Time since last: 10655367 ns, Reaching safepoint: 86398 ns, At safepoint: 23407 ns, Total: 109805 ns
[2020-09-11T16:05:20.229+0000][1][gc,start     ] GC(155) Pause Young (Allocation Failure)
[2020-09-11T16:05:20.229+0000][1][gc,task      ] GC(155) Using 1 workers of 1 for evacuation
[2020-09-11T16:05:20.245+0000][1][gc,age       ] GC(155) Desired survivor size 4358144 bytes, new threshold 6 (max threshold 6)
[2020-09-11T16:05:20.245+0000][1][gc,age       ] GC(155) Age table with threshold 6 (max threshold 6)
[2020-09-11T16:05:20.245+0000][1][gc,age       ] GC(155) - age   1:    1523512 bytes,    1523512 total
[2020-09-11T16:05:20.245+0000][1][gc,age       ] GC(155) - age   2:    1904384 bytes,    3427896 total
[2020-09-11T16:05:20.245+0000][1][gc,age       ] GC(155) - age   3:      71384 bytes,    3499280 total
[2020-09-11T16:05:20.245+0000][1][gc,age       ] GC(155) - age   4:     120256 bytes,    3619536 total
[2020-09-11T16:05:20.245+0000][1][gc,age       ] GC(155) - age   5:     141216 bytes,    3760752 total
[2020-09-11T16:05:20.245+0000][1][gc,age       ] GC(155) - age   6:      65408 bytes,    3826160 total
[2020-09-11T16:05:20.245+0000][1][gc,heap      ] GC(155) ParNew: 72599K->5619K(76672K)
[2020-09-11T16:05:20.245+0000][1][gc,heap      ] GC(155) CMS: 100209K->100323K(439104K)
[2020-09-11T16:05:20.245+0000][1][gc,metaspace ] GC(155) Metaspace: 94735K->94735K(1136640K)
[2020-09-11T16:05:20.246+0000][1][gc           ] GC(155) Pause Young (Allocation Failure) 168M->103M(503M) 16.630ms
[2020-09-11T16:05:20.246+0000][1][gc,cpu       ] GC(155) User=0.01s Sys=0.00s Real=0.02s
[2020-09-11T16:05:20.257+0000][1][safepoint    ] Safepoint "GenCollectForAllocation", Time since last: 440430593 ns, Reaching safepoint: 475416 ns, At safepoint: 27989975 ns, Total: 28465391 ns
[2020-09-11T16:05:20.855+0000][1][safepoint    ] Safepoint "RevokeBias", Time since last: 598408940 ns, Reaching safepoint: 93982 ns, At safepoint: 22849 ns, Total: 116831 ns
[2020-09-11T16:05:21.856+0000][1][safepoint    ] Safepoint "Cleanup", Time since last: 1000126762 ns, Reaching safepoint: 100756 ns, At safepoint: 8468 ns, Total: 109224 ns
[2020-09-11T16:05:21.856+0000][1][safepoint    ] Safepoint "RevokeBias", Time since last: 217116 ns, Reaching safepoint: 44751 ns, At safepoint: 21569 ns, Total: 66320 ns
[2020-09-11T16:05:22.258+0000][1][safepoint    ] Safepoint "RevokeBias", Time since last: 397060467 ns, Reaching safepoint: 4998630 ns, At safepoint: 174016 ns, Total: 5172646 ns
[2020-09-11T16:05:22.391+0000][1][safepoint    ] Safepoint "RevokeBias", Time since last: 132707836 ns, Reaching safepoint: 86312 ns, At safepoint: 22281 ns, Total: 108593 ns
[2020-09-11T16:05:22.775+0000][1][safepoint    ] Safepoint "RevokeBias", Time since last: 383693812 ns, Reaching safepoint: 88518 ns, At safepoint: 23028 ns, Total: 111546 ns
[2020-09-11T16:05:23.428+0000][1][gc,start     ] GC(156) Pause Young (Allocation Failure)
[2020-09-11T16:05:23.428+0000][1][gc,task      ] GC(156) Using 1 workers of 1 for evacuation
[2020-09-11T16:05:23.448+0000][1][gc,age       ] GC(156) Desired survivor size 4358144 bytes, new threshold 5 (max threshold 6)
[2020-09-11T16:05:23.448+0000][1][gc,age       ] GC(156) Age table with threshold 5 (max threshold 6)
[2020-09-11T16:05:23.448+0000][1][gc,age       ] GC(156) - age   1:    2034224 bytes,    2034224 total
[2020-09-11T16:05:23.448+0000][1][gc,age       ] GC(156) - age   2:     304664 bytes,    2338888 total
[2020-09-11T16:05:23.448+0000][1][gc,age       ] GC(156) - age   3:    1888784 bytes,    4227672 total
[2020-09-11T16:05:23.448+0000][1][gc,age       ] GC(156) - age   4:      71136 bytes,    4298808 total
[2020-09-11T16:05:23.448+0000][1][gc,age       ] GC(156) - age   5:     116488 bytes,    4415296 total
[2020-09-11T16:05:23.448+0000][1][gc,age       ] GC(156) - age   6:     141184 bytes,    4556480 total
[2020-09-11T16:05:23.448+0000][1][gc,heap      ] GC(156) ParNew: 73779K->7009K(76672K)
[2020-09-11T16:05:23.448+0000][1][gc,heap      ] GC(156) CMS: 100323K->100388K(439104K)
[2020-09-11T16:05:23.448+0000][1][gc,metaspace ] GC(156) Metaspace: 94737K->94737K(1136640K)
[2020-09-11T16:05:23.448+0000][1][gc           ] GC(156) Pause Young (Allocation Failure) 170M->104M(503M) 19.711ms
[2020-09-11T16:05:23.448+0000][1][gc,cpu       ] GC(156) User=0.00s Sys=0.00s Real=0.02s
[2020-09-11T16:05:23.465+0000][1][safepoint    ] Safepoint "GenCollectForAllocation", Time since last: 653184027 ns, Reaching safepoint: 183540 ns, At safepoint: 36685307 ns, Total: 36868847 ns
[2020-09-11T16:05:24.165+0000][1][safepoint    ] Safepoint "RevokeBias", Time since last: 696819846 ns, Reaching safepoint: 3251470 ns, At safepoint: 35818 ns, Total: 3287288 ns
[2020-09-11T16:05:25.149+0000][1][safepoint    ] Safepoint "RevokeBias", Time since last: 984235625 ns, Reaching safepoint: 180082 ns, At safepoint: 22583 ns, Total: 202665 ns
[2020-09-11T16:05:25.209+0000][1][safepoint    ] Safepoint "RevokeBias", Time since last: 59326930 ns, Reaching safepoint: 153780 ns, At safepoint: 23795 ns, Total: 177575 ns
[2020-09-11T16:05:25.729+0000][1][safepoint    ] Safepoint "RevokeBias", Time since last: 520317672 ns, Reaching safepoint: 163509 ns, At safepoint: 24402 ns, Total: 187911 ns
[2020-09-11T16:05:26.734+0000][1][safepoint    ] Safepoint "Cleanup", Time since last: 1004334080 ns, Reaching safepoint: 188892 ns, At safepoint: 7962 ns, Total: 196854 ns
[2020-09-11T16:05:26.824+0000][1][safepoint    ] Safepoint "BulkRevokeBias", Time since last: 90065625 ns, Reaching safepoint: 149564 ns, At safepoint: 214102 ns, Total: 363666 ns
[2020-09-11T16:05:26.825+0000][1][safepoint    ] Safepoint "RevokeBias", Time since last: 60057 ns, Reaching safepoint: 111539 ns, At safepoint: 12702 ns, Total: 124241 ns
[2020-09-11T16:05:26.925+0000][1][gc,start     ] GC(157) Pause Young (Allocation Failure)
[2020-09-11T16:05:26.925+0000][1][gc,task      ] GC(157) Using 1 workers of 1 for evacuation
[2020-09-11T16:05:26.952+0000][1][gc,age       ] GC(157) Desired survivor size 4358144 bytes, new threshold 6 (max threshold 6)
[2020-09-11T16:05:26.952+0000][1][gc,age       ] GC(157) Age table with threshold 6 (max threshold 6)
[2020-09-11T16:05:26.952+0000][1][gc,age       ] GC(157) - age   1:    3010224 bytes,    3010224 total
[2020-09-11T16:05:26.952+0000][1][gc,age       ] GC(157) - age   2:     344112 bytes,    3354336 total
[2020-09-11T16:05:26.952+0000][1][gc,age       ] GC(157) - age   3:     208856 bytes,    3563192 total
[2020-09-11T16:05:26.952+0000][1][gc,age       ] GC(157) - age   4:     409792 bytes,    3972984 total
[2020-09-11T16:05:26.952+0000][1][gc,age       ] GC(157) - age   5:      70760 bytes,    4043744 total
[2020-09-11T16:05:26.952+0000][1][gc,heap      ] GC(157) ParNew: 75138K->4213K(76672K)
[2020-09-11T16:05:26.952+0000][1][gc,heap      ] GC(157) CMS: 100388K->100643K(439104K)
[2020-09-11T16:05:26.952+0000][1][gc,metaspace ] GC(157) Metaspace: 94777K->94777K(1136640K)
[2020-09-11T16:05:26.952+0000][1][gc           ] GC(157) Pause Young (Allocation Failure) 171M->102M(503M) 27.403ms
[2020-09-11T16:05:26.952+0000][1][gc,cpu       ] GC(157) User=0.01s Sys=0.00s Real=0.02s
[2020-09-11T16:05:26.981+0000][1][safepoint    ] Safepoint "GenCollectForAllocation", Time since last: 100287626 ns, Reaching safepoint: 156890 ns, At safepoint: 55844414 ns, Total: 56001304 ns
[2020-09-11T16:05:27.186+0000][1][safepoint    ] Safepoint "RevokeBias", Time since last: 204584914 ns, Reaching safepoint: 150814 ns, At safepoint: 26170 ns, Total: 176984 ns
[2020-09-11T16:05:27.194+0000][1][safepoint    ] Safepoint "RevokeBias", Time since last: 8738643 ns, Reaching safepoint: 142082 ns, At safepoint: 8794 ns, Total: 150876 ns
[2020-09-11T16:05:27.269+0000][1][safepoint    ] Safepoint "RevokeBias", Time since last: 74814721 ns, Reaching safepoint: 152104 ns, At safepoint: 20437 ns, Total: 172541 ns
[2020-09-11T16:05:27.441+0000][1][safepoint    ] Safepoint "BulkRevokeBias", Time since last: 171526864 ns, Reaching safepoint: 97747 ns, At safepoint: 217166 ns, Total: 314913 ns
[2020-09-11T16:05:28.366+0000][1][safepoint    ] Safepoint "RevokeBias", Time since last: 924440864 ns, Reaching safepoint: 142545 ns, At safepoint: 19614 ns, Total: 162159 ns
[2020-09-11T16:05:28.366+0000][1][safepoint    ] Safepoint "RevokeBias", Time since last: 48325 ns, Reaching safepoint: 29598 ns, At safepoint: 10560 ns, Total: 40158 ns
[2020-09-11T16:05:28.439+0000][1][safepoint    ] Safepoint "RevokeBias", Time since last: 72484129 ns, Reaching safepoint: 152463 ns, At safepoint: 23587 ns, Total: 176050 ns
[2020-09-11T16:05:28.868+0000][1][safepoint    ] Safepoint "RevokeBias", Time since last: 429623265 ns, Reaching safepoint: 90546 ns, At safepoint: 22816 ns, Total: 113362 ns
[2020-09-11T16:05:29.197+0000][1][gc,start     ] GC(158) Pause Young (Allocation Failure)
[2020-09-11T16:05:29.197+0000][1][gc,task      ] GC(158) Using 1 workers of 1 for evacuation
[2020-09-11T16:05:29.216+0000][1][gc,age       ] GC(158) Desired survivor size 4358144 bytes, new threshold 6 (max threshold 6)
[2020-09-11T16:05:29.216+0000][1][gc,age       ] GC(158) Age table with threshold 6 (max threshold 6)
[2020-09-11T16:05:29.216+0000][1][gc,age       ] GC(158) - age   1:    2611112 bytes,    2611112 total
[2020-09-11T16:05:29.216+0000][1][gc,age       ] GC(158) - age   2:      36816 bytes,    2647928 total
[2020-09-11T16:05:29.216+0000][1][gc,age       ] GC(158) - age   3:      11768 bytes,    2659696 total
[2020-09-11T16:05:29.216+0000][1][gc,age       ] GC(158) - age   4:      22848 bytes,    2682544 total
[2020-09-11T16:05:29.216+0000][1][gc,age       ] GC(158) - age   5:      19152 bytes,    2701696 total
[2020-09-11T16:05:29.216+0000][1][gc,age       ] GC(158) - age   6:      59216 bytes,    2760912 total
[2020-09-11T16:05:29.216+0000][1][gc,heap      ] GC(158) ParNew: 72373K->4015K(76672K)
[2020-09-11T16:05:29.216+0000][1][gc,heap      ] GC(158) CMS: 100643K->100643K(439104K)
[2020-09-11T16:05:29.216+0000][1][gc,metaspace ] GC(158) Metaspace: 94795K->94795K(1136640K)
[2020-09-11T16:05:29.216+0000][1][gc           ] GC(158) Pause Young (Allocation Failure) 168M->102M(503M) 19.204ms
[2020-09-11T16:05:29.216+0000][1][gc,cpu       ] GC(158) User=0.00s Sys=0.00s Real=0.02s
[2020-09-11T16:05:29.233+0000][1][safepoint    ] Safepoint "GenCollectForAllocation", Time since last: 328194032 ns, Reaching safepoint: 227639 ns, At safepoint: 36000528 ns, Total: 36228167 ns
[2020-09-11T16:05:29.525+0000][1][safepoint    ] Safepoint "RevokeBias", Time since last: 289119550 ns, Reaching safepoint: 2948806 ns, At safepoint: 31216 ns, Total: 2980022 ns
[2020-09-11T16:05:29.529+0000][1][safepoint    ] Safepoint "RevokeBias", Time since last: 73037 ns, Reaching safepoint: 3880707 ns, At safepoint: 80466 ns, Total: 3961173 ns
[2020-09-11T16:05:29.578+0000][1][safepoint    ] Safepoint "RevokeBias", Time since last: 48682665 ns, Reaching safepoint: 150901 ns, At safepoint: 22174 ns, Total: 173075 ns
[2020-09-11T16:05:30.394+0000][1][safepoint    ] Safepoint "RevokeBias", Time since last: 816607442 ns, Reaching safepoint: 91913 ns, At safepoint: 22159 ns, Total: 114072 ns
[2020-09-11T16:05:31.395+0000][1][safepoint    ] Safepoint "Cleanup", Time since last: 1000108040 ns, Reaching safepoint: 79793 ns, At safepoint: 7336 ns, Total: 87129 ns
[2020-09-11T16:05:31.437+0000][1][safepoint    ] Safepoint "RevokeBias", Time since last: 42560322 ns, Reaching safepoint: 163952 ns, At safepoint: 23134 ns, Total: 187086 ns
[2020-09-11T16:05:31.618+0000][1][gc,start     ] GC(159) Pause Young (Allocation Failure)
[2020-09-11T16:05:31.618+0000][1][gc,task      ] GC(159) Using 1 workers of 1 for evacuation
[2020-09-11T16:05:31.633+0000][1][gc,age       ] GC(159) Desired survivor size 4358144 bytes, new threshold 6 (max threshold 6)
[2020-09-11T16:05:31.633+0000][1][gc,age       ] GC(159) Age table with threshold 6 (max threshold 6)
[2020-09-11T16:05:31.633+0000][1][gc,age       ] GC(159) - age   1:    3972624 bytes,    3972624 total
[2020-09-11T16:05:31.633+0000][1][gc,age       ] GC(159) - age   2:     171648 bytes,    4144272 total
[2020-09-11T16:05:31.633+0000][1][gc,age       ] GC(159) - age   3:      33056 bytes,    4177328 total
[2020-09-11T16:05:31.633+0000][1][gc,age       ] GC(159) - age   4:      11768 bytes,    4189096 total
[2020-09-11T16:05:31.633+0000][1][gc,age       ] GC(159) - age   5:      22848 bytes,    4211944 total
[2020-09-11T16:05:31.633+0000][1][gc,age       ] GC(159) - age   6:      18536 bytes,    4230480 total
[2020-09-11T16:05:31.633+0000][1][gc,heap      ] GC(159) ParNew: 71710K->6051K(76672K)
[2020-09-11T16:05:31.633+0000][1][gc,heap      ] GC(159) CMS: 100643K->100700K(439104K)
[2020-09-11T16:05:31.633+0000][1][gc,metaspace ] GC(159) Metaspace: 94801K->94801K(1136640K)
[2020-09-11T16:05:31.642+0000][1][gc           ] GC(159) Pause Young (Allocation Failure) 168M->104M(503M) 23.423ms
[2020-09-11T16:05:31.642+0000][1][gc,cpu       ] GC(159) User=0.01s Sys=0.00s Real=0.03s
[2020-09-11T16:05:31.671+0000][1][safepoint    ] Safepoint "GenCollectForAllocation", Time since last: 180442702 ns, Reaching safepoint: 193428 ns, At safepoint: 52941627 ns, Total: 53135055 ns
[2020-09-11T16:05:31.741+0000][1][safepoint    ] Safepoint "RevokeBias", Time since last: 62936292 ns, Reaching safepoint: 6950830 ns, At safepoint: 204595 ns, Total: 7155425 ns
[2020-09-11T16:05:31.741+0000][1][safepoint    ] Safepoint "RevokeBias", Time since last: 73284 ns, Reaching safepoint: 132552 ns, At safepoint: 153217 ns, Total: 285769 ns
[2020-09-11T16:05:31.830+0000][1][safepoint    ] Safepoint "RevokeBias", Time since last: 87867487 ns, Reaching safepoint: 183446 ns, At safepoint: 138574 ns, Total: 322020 ns
[2020-09-11T16:05:31.939+0000][1][safepoint    ] Safepoint "RevokeBias", Time since last: 99178223 ns, Reaching safepoint: 10392243 ns, At safepoint: 32745 ns, Total: 10424988 ns
[2020-09-11T16:05:31.939+0000][1][safepoint    ] Safepoint "RevokeBias", Time since last: 95402 ns, Reaching safepoint: 122459 ns, At safepoint: 13705 ns, Total: 136164 ns
[2020-09-11T16:05:31.940+0000][1][safepoint    ] Safepoint "RevokeBias", Time since last: 44020 ns, Reaching safepoint: 116522 ns, At safepoint: 12362 ns, Total: 128884 ns
[2020-09-11T16:05:31.940+0000][1][safepoint    ] Safepoint "RevokeBias", Time since last: 41513 ns, Reaching safepoint: 115465 ns, At safepoint: 12131 ns, Total: 127596 ns
[2020-09-11T16:05:31.940+0000][1][safepoint    ] Safepoint "RevokeBias", Time since last: 44194 ns, Reaching safepoint: 114991 ns, At safepoint: 11860 ns, Total: 126851 ns
[2020-09-11T16:05:32.523+0000][1][safepoint    ] Safepoint "RevokeBias", Time since last: 582470963 ns, Reaching safepoint: 124015 ns, At safepoint: 24882 ns, Total: 148897 ns
[2020-09-11T16:05:32.534+0000][1][safepoint    ] Safepoint "RevokeBias", Time since last: 11266515 ns, Reaching safepoint: 89277 ns, At safepoint: 23048 ns, Total: 112325 ns
[2020-09-11T16:05:32.660+0000][1][safepoint    ] Safepoint "RevokeBias", Time since last: 125472156 ns, Reaching safepoint: 84482 ns, At safepoint: 23498 ns, Total: 107980 ns
[2020-09-11T16:05:32.901+0000][1][gc,start     ] GC(160) Pause Young (Allocation Failure)
[2020-09-11T16:05:32.901+0000][1][gc,task      ] GC(160) Using 1 workers of 1 for evacuation
[2020-09-11T16:05:32.911+0000][1][gc,age       ] GC(160) Desired survivor size 4358144 bytes, new threshold 6 (max threshold 6)
[2020-09-11T16:05:32.911+0000][1][gc,age       ] GC(160) Age table with threshold 6 (max threshold 6)
[2020-09-11T16:05:32.911+0000][1][gc,age       ] GC(160) - age   1:    2395592 bytes,    2395592 total
[2020-09-11T16:05:32.911+0000][1][gc,age       ] GC(160) - age   2:    1356736 bytes,    3752328 total
[2020-09-11T16:05:32.911+0000][1][gc,age       ] GC(160) - age   3:     168864 bytes,    3921192 total
[2020-09-11T16:05:32.911+0000][1][gc,age       ] GC(160) - age   4:      26448 bytes,    3947640 total
[2020-09-11T16:05:32.911+0000][1][gc,age       ] GC(160) - age   5:      10248 bytes,    3957888 total
[2020-09-11T16:05:32.911+0000][1][gc,age       ] GC(160) - age   6:      22848 bytes,    3980736 total
[2020-09-11T16:05:32.911+0000][1][gc,heap      ] GC(160) ParNew: 74211K->7709K(76672K)
[2020-09-11T16:05:32.911+0000][1][gc,heap      ] GC(160) CMS: 100700K->100718K(439104K)
[2020-09-11T16:05:32.911+0000][1][gc,metaspace ] GC(160) Metaspace: 94802K->94802K(1136640K)
[2020-09-11T16:05:32.912+0000][1][gc           ] GC(160) Pause Young (Allocation Failure) 170M->105M(503M) 10.479ms
[2020-09-11T16:05:32.912+0000][1][gc,cpu       ] GC(160) User=0.01s Sys=0.00s Real=0.00s
[2020-09-11T16:05:32.925+0000][1][safepoint    ] Safepoint "GenCollectForAllocation", Time since last: 241217748 ns, Reaching safepoint: 207846 ns, At safepoint: 23830735 ns, Total: 24038581 ns
[2020-09-11T16:05:32.972+0000][1][safepoint    ] Safepoint "RevokeBias", Time since last: 46049703 ns, Reaching safepoint: 1066339 ns, At safepoint: 173034 ns, Total: 1239373 ns
[2020-09-11T16:05:32.972+0000][1][safepoint    ] Safepoint "RevokeBias", Time since last: 62931 ns, Reaching safepoint: 116529 ns, At safepoint: 128249 ns, Total: 244778 ns
[2020-09-11T16:05:33.044+0000][1][safepoint    ] Safepoint "RevokeBias", Time since last: 71204620 ns, Reaching safepoint: 378767 ns, At safepoint: 179467 ns, Total: 558234 ns
[2020-09-11T16:05:33.667+0000][1][safepoint    ] Safepoint "RevokeBias", Time since last: 622710051 ns, Reaching safepoint: 147492 ns, At safepoint: 20910 ns, Total: 168402 ns
[2020-09-11T16:05:33.675+0000][1][safepoint    ] Safepoint "RevokeBias", Time since last: 7717680 ns, Reaching safepoint: 99233 ns, At safepoint: 20089 ns, Total: 119322 ns
[2020-09-11T16:05:33.787+0000][1][safepoint    ] Safepoint "RevokeBias", Time since last: 112305307 ns, Reaching safepoint: 90349 ns, At safepoint: 21946 ns, Total: 112295 ns
[2020-09-11T16:05:34.137+0000][1][safepoint    ] Safepoint "RevokeBias", Time since last: 349683675 ns, Reaching safepoint: 158448 ns, At safepoint: 22813 ns, Total: 181261 ns
[2020-09-11T16:05:34.137+0000][1][safepoint    ] Safepoint "RevokeBias", Time since last: 80108 ns, Reaching safepoint: 102820 ns, At safepoint: 12844 ns, Total: 115664 ns
[2020-09-11T16:05:34.187+0000][1][safepoint    ] Safepoint "RevokeBias", Time since last: 46708140 ns, Reaching safepoint: 3055067 ns, At safepoint: 32910 ns, Total: 3087977 ns
[2020-09-11T16:05:34.414+0000][1][safepoint    ] Safepoint "RevokeBias", Time since last: 226391564 ns, Reaching safepoint: 80741 ns, At safepoint: 20177 ns, Total: 100918 ns
[2020-09-11T16:05:34.801+0000][1][safepoint    ] Safepoint "RevokeBias", Time since last: 387447762 ns, Reaching safepoint: 88835 ns, At safepoint: 22120 ns, Total: 110955 ns
[2020-09-11T16:05:35.169+0000][1][safepoint    ] Safepoint "RevokeBias", Time since last: 368081912 ns, Reaching safepoint: 88917 ns, At safepoint: 22638 ns, Total: 111555 ns
[2020-09-11T16:05:36.170+0000][1][safepoint    ] Safepoint "Cleanup", Time since last: 1000107406 ns, Reaching safepoint: 78465 ns, At safepoint: 7342 ns, Total: 85807 ns
[2020-09-11T16:05:37.170+0000][1][safepoint    ] Safepoint "Cleanup", Time since last: 1000111824 ns, Reaching safepoint: 76681 ns, At safepoint: 8032 ns, Total: 84713 ns
[2020-09-11T16:05:38.170+0000][1][safepoint    ] Safepoint "Cleanup", Time since last: 1000095598 ns, Reaching safepoint: 77523 ns, At safepoint: 7372 ns, Total: 84895 ns
[2020-09-11T16:05:39.170+0000][1][safepoint    ] Safepoint "Cleanup", Time since last: 1000102053 ns, Reaching safepoint: 77812 ns, At safepoint: 7803 ns, Total: 85615 ns
[2020-09-11T16:05:40.170+0000][1][safepoint    ] Safepoint "Cleanup", Time since last: 1000098130 ns, Reaching safepoint: 79071 ns, At safepoint: 7619 ns, Total: 86690 ns
[2020-09-11T16:05:41.173+0000][1][safepoint    ] Safepoint "Cleanup", Time since last: 1002447899 ns, Reaching safepoint: 87552 ns, At safepoint: 8791 ns, Total: 96343 ns
[2020-09-11T16:05:41.885+0000][1][gc,start     ] GC(161) Pause Young (Allocation Failure)
[2020-09-11T16:05:41.885+0000][1][gc,task      ] GC(161) Using 1 workers of 1 for evacuation
[2020-09-11T16:05:41.894+0000][1][gc,age       ] GC(161) Desired survivor size 4358144 bytes, new threshold 6 (max threshold 6)
[2020-09-11T16:05:41.894+0000][1][gc,age       ] GC(161) Age table with threshold 6 (max threshold 6)
[2020-09-11T16:05:41.894+0000][1][gc,age       ] GC(161) - age   1:     241632 bytes,     241632 total
[2020-09-11T16:05:41.894+0000][1][gc,age       ] GC(161) - age   2:      62456 bytes,     304088 total
[2020-09-11T16:05:41.894+0000][1][gc,age       ] GC(161) - age   3:      59936 bytes,     364024 total
[2020-09-11T16:05:41.894+0000][1][gc,age       ] GC(161) - age   4:     165944 bytes,     529968 total
[2020-09-11T16:05:41.894+0000][1][gc,age       ] GC(161) - age   5:      14520 bytes,     544488 total
[2020-09-11T16:05:41.894+0000][1][gc,age       ] GC(161) - age   6:       7488 bytes,     551976 total
[2020-09-11T16:05:41.894+0000][1][gc,heap      ] GC(161) ParNew: 75869K->2421K(76672K)
[2020-09-11T16:05:41.894+0000][1][gc,heap      ] GC(161) CMS: 100718K->100741K(439104K)
[2020-09-11T16:05:41.894+0000][1][gc,metaspace ] GC(161) Metaspace: 94809K->94809K(1136640K)
[2020-09-11T16:05:41.894+0000][1][gc           ] GC(161) Pause Young (Allocation Failure) 172M->100M(503M) 9.171ms
[2020-09-11T16:05:41.894+0000][1][gc,cpu       ] GC(161) User=0.00s Sys=0.00s Real=0.01s
[2020-09-11T16:05:41.894+0000][1][safepoint    ] Safepoint "GenCollectForAllocation", Time since last: 710865044 ns, Reaching safepoint: 933457 ns, At safepoint: 9633498 ns, Total: 10566955 ns
[2020-09-11T16:05:42.259+0000][1][safepoint    ] Safepoint "RevokeBias", Time since last: 364112747 ns, Reaching safepoint: 87471 ns, At safepoint: 23105 ns, Total: 110576 ns
[2020-09-11T16:05:42.273+0000][1][safepoint    ] Safepoint "RevokeBias", Time since last: 14226838 ns, Reaching safepoint: 88229 ns, At safepoint: 23250 ns, Total: 111479 ns
[2020-09-11T16:05:43.277+0000][1][safepoint    ] Safepoint "Cleanup", Time since last: 1003851902 ns, Reaching safepoint: 77527 ns, At safepoint: 8923 ns, Total: 86450 ns
[2020-09-11T16:05:44.277+0000][1][safepoint    ] Safepoint "Cleanup", Time since last: 1000103993 ns, Reaching safepoint: 85821 ns, At safepoint: 7387 ns, Total: 93208 ns
[2020-09-11T16:05:44.365+0000][1][safepoint    ] Safepoint "RevokeBias", Time since last: 87632421 ns, Reaching safepoint: 150983 ns, At safepoint: 23773 ns, Total: 174756 ns
[2020-09-11T16:05:44.403+0000][1][safepoint    ] Safepoint "RevokeBias", Time since last: 38109868 ns, Reaching safepoint: 165976 ns, At safepoint: 23827 ns, Total: 189803 ns
[2020-09-11T16:05:45.403+0000][1][safepoint    ] Safepoint "Cleanup", Time since last: 1000115087 ns, Reaching safepoint: 79472 ns, At safepoint: 8163 ns, Total: 87635 ns
[2020-09-11T16:05:46.404+0000][1][safepoint    ] Safepoint "Cleanup", Time since last: 1000142850 ns, Reaching safepoint: 146769 ns, At safepoint: 8668 ns, Total: 155437 ns
[2020-09-11T16:05:47.404+0000][1][safepoint    ] Safepoint "Cleanup", Time since last: 1000123316 ns, Reaching safepoint: 81181 ns, At safepoint: 8158 ns, Total: 89339 ns
[2020-09-11T16:05:48.404+0000][1][safepoint    ] Safepoint "Cleanup", Time since last: 1000117638 ns, Reaching safepoint: 80820 ns, At safepoint: 7923 ns, Total: 88743 ns
[2020-09-11T16:05:49.404+0000][1][safepoint    ] Safepoint "Cleanup", Time since last: 1000123885 ns, Reaching safepoint: 89398 ns, At safepoint: 11469 ns, Total: 100867 ns
[2020-09-11T16:05:50.404+0000][1][safepoint    ] Safepoint "Cleanup", Time since last: 1000099245 ns, Reaching safepoint: 89508 ns, At safepoint: 10111 ns, Total: 99619 ns
[2020-09-11T16:05:51.405+0000][1][safepoint    ] Safepoint "Cleanup", Time since last: 1000199870 ns, Reaching safepoint: 107168 ns, At safepoint: 7300 ns, Total: 114468 ns
[2020-09-11T16:05:51.916+0000][1][safepoint    ] Safepoint "RevokeBias", Time since last: 511448046 ns, Reaching safepoint: 172513 ns, At safepoint: 26010 ns, Total: 198523 ns
[2020-09-11T16:05:52.028+0000][1][safepoint    ] Safepoint "RevokeBias", Time since last: 111394106 ns, Reaching safepoint: 162928 ns, At safepoint: 19673 ns, Total: 182601 ns
[2020-09-11T16:05:53.028+0000][1][safepoint    ] Safepoint "Cleanup", Time since last: 1000129648 ns, Reaching safepoint: 145167 ns, At safepoint: 19308 ns, Total: 164475 ns
[2020-09-11T16:05:53.990+0000][1][safepoint    ] Safepoint "RevokeBias", Time since last: 961555709 ns, Reaching safepoint: 96651 ns, At safepoint: 23669 ns, Total: 120320 ns
[2020-09-11T16:05:54.440+0000][1][safepoint    ] Safepoint "RevokeBias", Time since last: 449547444 ns, Reaching safepoint: 90268 ns, At safepoint: 23158 ns, Total: 113426 ns
[2020-09-11T16:05:55.440+0000][1][safepoint    ] Safepoint "Cleanup", Time since last: 1000127155 ns, Reaching safepoint: 83777 ns, At safepoint: 7922 ns, Total: 91699 ns
[2020-09-11T16:05:56.440+0000][1][safepoint    ] Safepoint "Cleanup", Time since last: 1000179255 ns, Reaching safepoint: 112845 ns, At safepoint: 7334 ns, Total: 120179 ns
[2020-09-11T16:05:57.441+0000][1][safepoint    ] Safepoint "Cleanup", Time since last: 1000180474 ns, Reaching safepoint: 162410 ns, At safepoint: 23801 ns, Total: 186211 ns
[2020-09-11T16:05:58.441+0000][1][safepoint    ] Safepoint "Cleanup", Time since last: 1000211378 ns, Reaching safepoint: 116388 ns, At safepoint: 10067 ns, Total: 126455 ns
[2020-09-11T16:05:59.441+0000][1][safepoint    ] Safepoint "Cleanup", Time since last: 1000125278 ns, Reaching safepoint: 84206 ns, At safepoint: 8145 ns, Total: 92351 ns
[2020-09-11T16:06:00.441+0000][1][safepoint    ] Safepoint "Cleanup", Time since last: 1000142379 ns, Reaching safepoint: 195463 ns, At safepoint: 20851 ns, Total: 216314 ns
[2020-09-11T16:06:01.442+0000][1][safepoint    ] Safepoint "Cleanup", Time since last: 1000210836 ns, Reaching safepoint: 159006 ns, At safepoint: 18984 ns, Total: 177990 ns
[2020-09-11T16:06:01.885+0000][1][gc,start     ] GC(162) Pause Young (Allocation Failure)
[2020-09-11T16:06:01.885+0000][1][gc,task      ] GC(162) Using 1 workers of 1 for evacuation
[2020-09-11T16:06:01.890+0000][1][gc,age       ] GC(162) Desired survivor size 4358144 bytes, new threshold 6 (max threshold 6)
[2020-09-11T16:06:01.890+0000][1][gc,age       ] GC(162) Age table with threshold 6 (max threshold 6)
[2020-09-11T16:06:01.890+0000][1][gc,age       ] GC(162) - age   1:     256960 bytes,     256960 total
[2020-09-11T16:06:01.890+0000][1][gc,age       ] GC(162) - age   2:     185032 bytes,     441992 total
[2020-09-11T16:06:01.890+0000][1][gc,age       ] GC(162) - age   3:      59168 bytes,     501160 total
[2020-09-11T16:06:01.890+0000][1][gc,age       ] GC(162) - age   4:      56480 bytes,     557640 total
[2020-09-11T16:06:01.890+0000][1][gc,age       ] GC(162) - age   5:     164232 bytes,     721872 total
[2020-09-11T16:06:01.890+0000][1][gc,age       ] GC(162) - age   6:      11896 bytes,     733768 total
[2020-09-11T16:06:01.890+0000][1][gc,heap      ] GC(162) ParNew: 70581K->740K(76672K)
[2020-09-11T16:06:01.890+0000][1][gc,heap      ] GC(162) CMS: 100741K->100747K(439104K)
[2020-09-11T16:06:01.891+0000][1][gc,metaspace ] GC(162) Metaspace: 94813K->94813K(1136640K)
[2020-09-11T16:06:01.891+0000][1][gc           ] GC(162) Pause Young (Allocation Failure) 167M->99M(503M) 5.436ms
[2020-09-11T16:06:01.891+0000][1][gc,cpu       ] GC(162) User=0.00s Sys=0.00s Real=0.00s
[2020-09-11T16:06:01.892+0000][1][safepoint    ] Safepoint "GenCollectForAllocation", Time since last: 443040506 ns, Reaching safepoint: 194062 ns, At safepoint: 6921061 ns, Total: 7115123 ns
[2020-09-11T16:06:01.920+0000][1][safepoint    ] Safepoint "RevokeBias", Time since last: 27962529 ns, Reaching safepoint: 100926 ns, At safepoint: 41678 ns, Total: 142604 ns
[2020-09-11T16:06:01.980+0000][1][safepoint    ] Safepoint "RevokeBias", Time since last: 59688723 ns, Reaching safepoint: 92607 ns, At safepoint: 36807 ns, Total: 129414 ns
[2020-09-11T16:06:02.982+0000][1][safepoint    ] Safepoint "Cleanup", Time since last: 1001371728 ns, Reaching safepoint: 147536 ns, At safepoint: 47532 ns, Total: 195068 ns
[2020-09-11T16:06:03.982+0000][1][safepoint    ] Safepoint "Cleanup", Time since last: 1000172970 ns, Reaching safepoint: 94352 ns, At safepoint: 8522 ns, Total: 102874 ns
[2020-09-11T16:06:04.198+0000][1][safepoint    ] Safepoint "RevokeBias", Time since last: 216073045 ns, Reaching safepoint: 87283 ns, At safepoint: 23591 ns, Total: 110874 ns
[2020-09-11T16:06:04.432+0000][1][safepoint    ] Safepoint "RevokeBias", Time since last: 233794076 ns, Reaching safepoint: 87947 ns, At safepoint: 23013 ns, Total: 110960 ns
[2020-09-11T16:06:05.432+0000][1][safepoint    ] Safepoint "Cleanup", Time since last: 1000173465 ns, Reaching safepoint: 110032 ns, At safepoint: 7278 ns, Total: 117310 ns
[2020-09-11T16:06:06.432+0000][1][safepoint    ] Safepoint "Cleanup", Time since last: 1000206835 ns, Reaching safepoint: 110820 ns, At safepoint: 9665 ns, Total: 120485 ns
[2020-09-11T16:06:07.223+0000][1][safepoint    ] Safepoint "RevokeBias", Time since last: 790373141 ns, Reaching safepoint: 75674 ns, At safepoint: 22789 ns, Total: 98463 ns
[2020-09-11T16:06:08.223+0000][1][safepoint    ] Safepoint "Cleanup", Time since last: 1000119760 ns, Reaching safepoint: 91163 ns, At safepoint: 7821 ns, Total: 98984 ns
[2020-09-11T16:06:09.223+0000][1][safepoint    ] Safepoint "Cleanup", Time since last: 1000125790 ns, Reaching safepoint: 84457 ns, At safepoint: 12672 ns, Total: 97129 ns
[2020-09-11T16:06:10.224+0000][1][safepoint    ] Safepoint "Cleanup", Time since last: 1000193911 ns, Reaching safepoint: 152868 ns, At safepoint: 19882 ns, Total: 172750 ns
[2020-09-11T16:06:11.229+0000][1][safepoint    ] Safepoint "Cleanup", Time since last: 1005005580 ns, Reaching safepoint: 693748 ns, At safepoint: 10335 ns, Total: 704083 ns
[2020-09-11T16:06:11.917+0000][1][safepoint    ] Safepoint "RevokeBias", Time since last: 687306284 ns, Reaching safepoint: 89359 ns, At safepoint: 22747 ns, Total: 112106 ns
[2020-09-11T16:06:12.016+0000][1][safepoint    ] Safepoint "RevokeBias", Time since last: 98728130 ns, Reaching safepoint: 88553 ns, At safepoint: 23638 ns, Total: 112191 ns
[2020-09-11T16:06:13.016+0000][1][safepoint    ] Safepoint "Cleanup", Time since last: 1000108357 ns, Reaching safepoint: 83769 ns, At safepoint: 7493 ns, Total: 91262 ns
[2020-09-11T16:06:13.988+0000][1][safepoint    ] Safepoint "RevokeBias", Time since last: 971525097 ns, Reaching safepoint: 93761 ns, At safepoint: 26692 ns, Total: 120453 ns
[2020-09-11T16:06:14.396+0000][1][safepoint    ] Safepoint "RevokeBias", Time since last: 408659711 ns, Reaching safepoint: 185580 ns, At safepoint: 27630 ns, Total: 213210 ns
[2020-09-11T16:06:15.397+0000][1][safepoint    ] Safepoint "Cleanup", Time since last: 1000135025 ns, Reaching safepoint: 144740 ns, At safepoint: 41104 ns, Total: 185844 ns
[2020-09-11T16:06:16.397+0000][1][safepoint    ] Safepoint "Cleanup", Time since last: 1000203706 ns, Reaching safepoint: 98840 ns, At safepoint: 9332 ns, Total: 108172 ns
[2020-09-11T16:06:17.397+0000][1][safepoint    ] Safepoint "Cleanup", Time since last: 1000164422 ns, Reaching safepoint: 151863 ns, At safepoint: 21660 ns, Total: 173523 ns
[2020-09-11T16:06:18.405+0000][1][safepoint    ] Safepoint "Cleanup", Time since last: 1007357292 ns, Reaching safepoint: 225188 ns, At safepoint: 8294 ns, Total: 233482 ns
[2020-09-11T16:06:19.405+0000][1][safepoint    ] Safepoint "Cleanup", Time since last: 1000150714 ns, Reaching safepoint: 111284 ns, At safepoint: 12221 ns, Total: 123505 ns
[2020-09-11T16:06:20.406+0000][1][safepoint    ] Safepoint "Cleanup", Time since last: 1000175987 ns, Reaching safepoint: 143941 ns, At safepoint: 18606 ns, Total: 162547 ns
[2020-09-11T16:06:21.406+0000][1][safepoint    ] Safepoint "Cleanup", Time since last: 1000209928 ns, Reaching safepoint: 143684 ns, At safepoint: 18582 ns, Total: 162266 ns
[2020-09-11T16:06:22.406+0000][1][safepoint    ] Safepoint "Cleanup", Time since last: 1000222647 ns, Reaching safepoint: 163122 ns, At safepoint: 8967 ns, Total: 172089 ns
[2020-09-11T16:06:22.723+0000][1][gc,start     ] GC(163) Pause Young (Allocation Failure)
[2020-09-11T16:06:22.723+0000][1][gc,task      ] GC(163) Using 1 workers of 1 for evacuation
[2020-09-11T16:06:22.728+0000][1][gc,age       ] GC(163) Desired survivor size 4358144 bytes, new threshold 6 (max threshold 6)
[2020-09-11T16:06:22.728+0000][1][gc,age       ] GC(163) Age table with threshold 6 (max threshold 6)
[2020-09-11T16:06:22.728+0000][1][gc,age       ] GC(163) - age   1:     300712 bytes,     300712 total
[2020-09-11T16:06:22.728+0000][1][gc,age       ] GC(163) - age   2:     196632 bytes,     497344 total
[2020-09-11T16:06:22.728+0000][1][gc,age       ] GC(163) - age   3:     180384 bytes,     677728 total
[2020-09-11T16:06:22.728+0000][1][gc,age       ] GC(163) - age   4:      57928 bytes,     735656 total
[2020-09-11T16:06:22.728+0000][1][gc,age       ] GC(163) - age   5:      55240 bytes,     790896 total
[2020-09-11T16:06:22.729+0000][1][gc,age       ] GC(163) - age   6:     164096 bytes,     954992 total
[2020-09-11T16:06:22.729+0000][1][gc,heap      ] GC(163) ParNew: 68887K->1444K(76672K)
[2020-09-11T16:06:22.729+0000][1][gc,heap      ] GC(163) CMS: 100747K->100759K(439104K)
[2020-09-11T16:06:22.729+0000][1][gc,metaspace ] GC(163) Metaspace: 95005K->95005K(1136640K)
[2020-09-11T16:06:22.729+0000][1][gc           ] GC(163) Pause Young (Allocation Failure) 165M->99M(503M) 5.811ms
[2020-09-11T16:06:22.729+0000][1][gc,cpu       ] GC(163) User=0.01s Sys=0.00s Real=0.00s
[2020-09-11T16:06:22.732+0000][1][safepoint    ] Safepoint "GenCollectForAllocation", Time since last: 316083399 ns, Reaching safepoint: 272420 ns, At safepoint: 9404651 ns, Total: 9677071 ns
[2020-09-11T16:06:23.277+0000][1][safepoint    ] Safepoint "RevokeBias", Time since last: 544232624 ns, Reaching safepoint: 167836 ns, At safepoint: 22509 ns, Total: 190345 ns
[2020-09-11T16:06:23.309+0000][1][safepoint    ] Safepoint "RevokeBias", Time since last: 32581654 ns, Reaching safepoint: 87044 ns, At safepoint: 20214 ns, Total: 107258 ns
[2020-09-11T16:06:23.838+0000][1][safepoint    ] Safepoint "RevokeBias", Time since last: 528572262 ns, Reaching safepoint: 106881 ns, At safepoint: 29337 ns, Total: 136218 ns
[2020-09-11T16:06:24.414+0000][1][safepoint    ] Safepoint "RevokeBias", Time since last: 575615457 ns, Reaching safepoint: 92654 ns, At safepoint: 22837 ns, Total: 115491 ns
[2020-09-11T16:06:25.414+0000][1][safepoint    ] Safepoint "Cleanup", Time since last: 1000170256 ns, Reaching safepoint: 138017 ns, At safepoint: 18456 ns, Total: 156473 ns
[2020-09-11T16:06:26.414+0000][1][safepoint    ] Safepoint "Cleanup", Time since last: 1000129749 ns, Reaching safepoint: 81006 ns, At safepoint: 7145 ns, Total: 88151 ns
[2020-09-11T16:06:27.415+0000][1][safepoint    ] Safepoint "Cleanup", Time since last: 1000194619 ns, Reaching safepoint: 136046 ns, At safepoint: 18840 ns, Total: 154886 ns
[2020-09-11T16:06:28.415+0000][1][safepoint    ] Safepoint "Cleanup", Time since last: 1000154449 ns, Reaching safepoint: 118648 ns, At safepoint: 7145 ns, Total: 125793 ns
[2020-09-11T16:06:29.415+0000][1][safepoint    ] Safepoint "Cleanup", Time since last: 1000151758 ns, Reaching safepoint: 105664 ns, At safepoint: 8344 ns, Total: 114008 ns
[2020-09-11T16:06:30.415+0000][1][safepoint    ] Safepoint "Cleanup", Time since last: 1000172971 ns, Reaching safepoint: 100521 ns, At safepoint: 7869 ns, Total: 108390 ns
[2020-09-11T16:06:31.912+0000][1][safepoint    ] Safepoint "RevokeBias", Time since last: 1496594475 ns, Reaching safepoint: 86767 ns, At safepoint: 22678 ns, Total: 109445 ns
[2020-09-11T16:06:31.964+0000][1][safepoint    ] Safepoint "RevokeBias", Time since last: 52242996 ns, Reaching safepoint: 90959 ns, At safepoint: 21250 ns, Total: 112209 ns
[2020-09-11T16:06:32.965+0000][1][safepoint    ] Safepoint "Cleanup", Time since last: 1000180037 ns, Reaching safepoint: 126807 ns, At safepoint: 7133 ns, Total: 133940 ns
[2020-09-11T16:06:33.880+0000][1][safepoint    ] Safepoint "RevokeBias", Time since last: 914822854 ns, Reaching safepoint: 90924 ns, At safepoint: 24693 ns, Total: 115617 ns
[2020-09-11T16:06:34.404+0000][1][safepoint    ] Safepoint "RevokeBias", Time since last: 523771769 ns, Reaching safepoint: 166532 ns, At safepoint: 26774 ns, Total: 193306 ns
[2020-09-11T16:06:41.405+0000][1][safepoint    ] Safepoint "Cleanup", Time since last: 7000967564 ns, Reaching safepoint: 124741 ns, At safepoint: 7482 ns, Total: 132223 ns
[2020-09-11T16:06:41.941+0000][1][safepoint    ] Safepoint "RevokeBias", Time since last: 536096858 ns, Reaching safepoint: 95417 ns, At safepoint: 23079 ns, Total: 118496 ns
[2020-09-11T16:06:41.989+0000][1][safepoint    ] Safepoint "BulkRevokeBias", Time since last: 47235435 ns, Reaching safepoint: 247823 ns, At safepoint: 487713 ns, Total: 735536 ns
[2020-09-11T16:06:43.870+0000][1][safepoint    ] Safepoint "RevokeBias", Time since last: 1879980358 ns, Reaching safepoint: 1294129 ns, At safepoint: 26233 ns, Total: 1320362 ns
[2020-09-11T16:06:44.402+0000][1][safepoint    ] Safepoint "RevokeBias", Time since last: 531313794 ns, Reaching safepoint: 92120 ns, At safepoint: 23032 ns, Total: 115152 ns
[2020-09-11T16:06:46.402+0000][1][safepoint    ] Safepoint "Cleanup", Time since last: 2000332028 ns, Reaching safepoint: 143159 ns, At safepoint: 19629 ns, Total: 162788 ns
[2020-09-11T16:06:47.296+0000][1][gc,start     ] GC(164) Pause Young (Allocation Failure)
[2020-09-11T16:06:47.296+0000][1][gc,task      ] GC(164) Using 1 workers of 1 for evacuation
[2020-09-11T16:06:47.302+0000][1][gc,age       ] GC(164) Desired survivor size 4358144 bytes, new threshold 6 (max threshold 6)
[2020-09-11T16:06:47.302+0000][1][gc,age       ] GC(164) Age table with threshold 6 (max threshold 6)
[2020-09-11T16:06:47.302+0000][1][gc,age       ] GC(164) - age   1:     169432 bytes,     169432 total
[2020-09-11T16:06:47.302+0000][1][gc,age       ] GC(164) - age   2:      66016 bytes,     235448 total
[2020-09-11T16:06:47.302+0000][1][gc,age       ] GC(164) - age   3:     189992 bytes,     425440 total
[2020-09-11T16:06:47.302+0000][1][gc,age       ] GC(164) - age   4:     180192 bytes,     605632 total
[2020-09-11T16:06:47.302+0000][1][gc,age       ] GC(164) - age   5:      57928 bytes,     663560 total
[2020-09-11T16:06:47.302+0000][1][gc,age       ] GC(164) - age   6:      55240 bytes,     718800 total
[2020-09-11T16:06:47.302+0000][1][gc,heap      ] GC(164) ParNew: 69604K->880K(76672K)
[2020-09-11T16:06:47.302+0000][1][gc,heap      ] GC(164) CMS: 100759K->100920K(439104K)
[2020-09-11T16:06:47.302+0000][1][gc,metaspace ] GC(164) Metaspace: 95010K->95010K(1136640K)
[2020-09-11T16:06:47.302+0000][1][gc           ] GC(164) Pause Young (Allocation Failure) 166M->99M(503M) 5.632ms
[2020-09-11T16:06:47.302+0000][1][gc,cpu       ] GC(164) User=0.00s Sys=0.00s Real=0.01s
[2020-09-11T16:06:47.302+0000][1][safepoint    ] Safepoint "GenCollectForAllocation", Time since last: 893756809 ns, Reaching safepoint: 195651 ns, At safepoint: 5699731 ns, Total: 5895382 ns
[2020-09-11T16:06:48.304+0000][1][safepoint    ] Safepoint "Cleanup", Time since last: 1002272574 ns, Reaching safepoint: 92220 ns, At safepoint: 17485 ns, Total: 109705 ns
[2020-09-11T16:06:49.305+0000][1][safepoint    ] Safepoint "Cleanup", Time since last: 1000484867 ns, Reaching safepoint: 274099 ns, At safepoint: 61174 ns, Total: 335273 ns
[2020-09-11T16:06:50.305+0000][1][safepoint    ] Safepoint "Cleanup", Time since last: 1000180427 ns, Reaching safepoint: 144673 ns, At safepoint: 42805 ns, Total: 187478 ns
[2020-09-11T16:06:51.306+0000][1][safepoint    ] Safepoint "Cleanup", Time since last: 1000167527 ns, Reaching safepoint: 143473 ns, At safepoint: 39832 ns, Total: 183305 ns
[2020-09-11T16:06:51.900+0000][1][safepoint    ] Safepoint "RevokeBias", Time since last: 593455175 ns, Reaching safepoint: 213908 ns, At safepoint: 44421 ns, Total: 258329 ns
[2020-09-11T16:06:51.962+0000][1][safepoint    ] Safepoint "RevokeBias", Time since last: 62441198 ns, Reaching safepoint: 97189 ns, At safepoint: 40449 ns, Total: 137638 ns
[2020-09-11T16:06:52.962+0000][1][safepoint    ] Safepoint "Cleanup", Time since last: 1000180910 ns, Reaching safepoint: 150880 ns, At safepoint: 19512 ns, Total: 170392 ns
[2020-09-11T16:06:53.940+0000][1][safepoint    ] Safepoint "RevokeBias", Time since last: 977351611 ns, Reaching safepoint: 88216 ns, At safepoint: 23674 ns, Total: 111890 ns
[2020-09-11T16:06:54.401+0000][1][safepoint    ] Safepoint "RevokeBias", Time since last: 460675435 ns, Reaching safepoint: 231346 ns, At safepoint: 23699 ns, Total: 255045 ns
[2020-09-11T16:06:55.401+0000][1][safepoint    ] Safepoint "Cleanup", Time since last: 1000184814 ns, Reaching safepoint: 148147 ns, At safepoint: 19452 ns, Total: 167599 ns
[2020-09-11T16:06:56.401+0000][1][safepoint    ] Safepoint "Cleanup", Time since last: 1000232524 ns, Reaching safepoint: 82313 ns, At safepoint: 7261 ns, Total: 89574 ns
[2020-09-11T16:06:57.402+0000][1][safepoint    ] Safepoint "Cleanup", Time since last: 1000184271 ns, Reaching safepoint: 96518 ns, At safepoint: 7383 ns, Total: 103901 ns
[2020-09-11T16:06:58.402+0000][1][safepoint    ] Safepoint "Cleanup", Time since last: 1000124617 ns, Reaching safepoint: 120865 ns, At safepoint: 6854 ns, Total: 127719 ns
[2020-09-11T16:06:59.402+0000][1][safepoint    ] Safepoint "Cleanup", Time since last: 1000129028 ns, Reaching safepoint: 139164 ns, At safepoint: 16695 ns, Total: 155859 ns
[2020-09-11T16:07:00.403+0000][1][safepoint    ] Safepoint "Cleanup", Time since last: 1000212208 ns, Reaching safepoint: 116781 ns, At safepoint: 7798 ns, Total: 124579 ns
[2020-09-11T16:07:01.403+0000][1][safepoint    ] Safepoint "Cleanup", Time since last: 1000108937 ns, Reaching safepoint: 81062 ns, At safepoint: 7893 ns, Total: 88955 ns
[2020-09-11T16:07:01.952+0000][1][safepoint    ] Safepoint "RevokeBias", Time since last: 548708300 ns, Reaching safepoint: 171358 ns, At safepoint: 49072 ns, Total: 220430 ns
[2020-09-11T16:07:01.983+0000][1][safepoint    ] Safepoint "RevokeBias", Time since last: 30582777 ns, Reaching safepoint: 213532 ns, At safepoint: 24893 ns, Total: 238425 ns
[2020-09-11T16:07:02.983+0000][1][safepoint    ] Safepoint "Cleanup", Time since last: 1000137707 ns, Reaching safepoint: 144705 ns, At safepoint: 16919 ns, Total: 161624 ns
[2020-09-11T16:07:03.983+0000][1][safepoint    ] Safepoint "Cleanup", Time since last: 1000130879 ns, Reaching safepoint: 81940 ns, At safepoint: 10053 ns, Total: 91993 ns
[2020-09-11T16:07:04.012+0000][1][safepoint    ] Safepoint "RevokeBias", Time since last: 28503951 ns, Reaching safepoint: 87418 ns, At safepoint: 21979 ns, Total: 109397 ns
[2020-09-11T16:07:04.395+0000][1][safepoint    ] Safepoint "RevokeBias", Time since last: 383505373 ns, Reaching safepoint: 126311 ns, At safepoint: 33950 ns, Total: 160261 ns
[2020-09-11T16:07:05.396+0000][1][safepoint    ] Safepoint "Cleanup", Time since last: 1000206705 ns, Reaching safepoint: 153827 ns, At safepoint: 18004 ns, Total: 171831 ns
[2020-09-11T16:07:06.396+0000][1][safepoint    ] Safepoint "Cleanup", Time since last: 1000194207 ns, Reaching safepoint: 110333 ns, At safepoint: 8726 ns, Total: 119059 ns
[2020-09-11T16:07:07.396+0000][1][safepoint    ] Safepoint "Cleanup", Time since last: 1000119069 ns, Reaching safepoint: 84781 ns, At safepoint: 8588 ns, Total: 93369 ns
[2020-09-11T16:07:08.397+0000][1][safepoint    ] Safepoint "Cleanup", Time since last: 1000196264 ns, Reaching safepoint: 115033 ns, At safepoint: 7712 ns, Total: 122745 ns
[2020-09-11T16:07:09.397+0000][1][safepoint    ] Safepoint "Cleanup", Time since last: 1000158861 ns, Reaching safepoint: 98288 ns, At safepoint: 7558 ns, Total: 105846 ns
[2020-09-11T16:07:10.399+0000][1][safepoint    ] Safepoint "Cleanup", Time since last: 1001764188 ns, Reaching safepoint: 92868 ns, At safepoint: 9347 ns, Total: 102215 ns
[2020-09-11T16:07:11.399+0000][1][safepoint    ] Safepoint "Cleanup", Time since last: 1000134219 ns, Reaching safepoint: 116053 ns, At safepoint: 7452 ns, Total: 123505 ns
[2020-09-11T16:07:11.901+0000][1][safepoint    ] Safepoint "RevokeBias", Time since last: 501629367 ns, Reaching safepoint: 114483 ns, At safepoint: 22148 ns, Total: 136631 ns
[2020-09-11T16:07:11.970+0000][1][safepoint    ] Safepoint "RevokeBias", Time since last: 68728022 ns, Reaching safepoint: 211961 ns, At safepoint: 23847 ns, Total: 235808 ns
[2020-09-11T16:07:12.970+0000][1][safepoint    ] Safepoint "Cleanup", Time since last: 1000206855 ns, Reaching safepoint: 108263 ns, At safepoint: 9480 ns, Total: 117743 ns
[2020-09-11T16:07:13.872+0000][1][safepoint    ] Safepoint "RevokeBias", Time since last: 901414523 ns, Reaching safepoint: 88003 ns, At safepoint: 22926 ns, Total: 110929 ns
[2020-09-11T16:07:14.378+0000][1][gc,start     ] GC(165) Pause Young (Allocation Failure)
[2020-09-11T16:07:14.378+0000][1][gc,task      ] GC(165) Using 1 workers of 1 for evacuation
[2020-09-11T16:07:14.384+0000][1][gc,age       ] GC(165) Desired survivor size 4358144 bytes, new threshold 6 (max threshold 6)
[2020-09-11T16:07:14.384+0000][1][gc,age       ] GC(165) Age table with threshold 6 (max threshold 6)
[2020-09-11T16:07:14.384+0000][1][gc,age       ] GC(165) - age   1:     851200 bytes,     851200 total
[2020-09-11T16:07:14.384+0000][1][gc,age       ] GC(165) - age   2:     118176 bytes,     969376 total
[2020-09-11T16:07:14.384+0000][1][gc,age       ] GC(165) - age   3:      63888 bytes,    1033264 total
[2020-09-11T16:07:14.384+0000][1][gc,age       ] GC(165) - age   4:     188752 bytes,    1222016 total
[2020-09-11T16:07:14.384+0000][1][gc,age       ] GC(165) - age   5:     180192 bytes,    1402208 total
[2020-09-11T16:07:14.384+0000][1][gc,age       ] GC(165) - age   6:      56688 bytes,    1458896 total
[2020-09-11T16:07:14.384+0000][1][gc,heap      ] GC(165) ParNew: 69040K->1492K(76672K)
[2020-09-11T16:07:14.384+0000][1][gc,heap      ] GC(165) CMS: 100920K->100975K(439104K)
[2020-09-11T16:07:14.384+0000][1][gc,metaspace ] GC(165) Metaspace: 95015K->95015K(1136640K)
[2020-09-11T16:07:14.384+0000][1][gc           ] GC(165) Pause Young (Allocation Failure) 165M->100M(503M) 6.324ms
[2020-09-11T16:07:14.384+0000][1][gc,cpu       ] GC(165) User=0.00s Sys=0.00s Real=0.01s
[2020-09-11T16:07:14.384+0000][1][safepoint    ] Safepoint "GenCollectForAllocation", Time since last: 505768247 ns, Reaching safepoint: 207314 ns, At safepoint: 6391126 ns, Total: 6598440 ns
[2020-09-11T16:07:14.396+0000][1][safepoint    ] Safepoint "RevokeBias", Time since last: 11606055 ns, Reaching safepoint: 115865 ns, At safepoint: 48428 ns, Total: 164293 ns
[2020-09-11T16:07:15.397+0000][1][safepoint    ] Safepoint "Cleanup", Time since last: 1001447825 ns, Reaching safepoint: 142294 ns, At safepoint: 52691 ns, Total: 194985 ns
[2020-09-11T16:07:16.398+0000][1][safepoint    ] Safepoint "Cleanup", Time since last: 1000200856 ns, Reaching safepoint: 145434 ns, At safepoint: 49461 ns, Total: 194895 ns
[2020-09-11T16:07:17.398+0000][1][safepoint    ] Safepoint "Cleanup", Time since last: 1000227440 ns, Reaching safepoint: 138969 ns, At safepoint: 19054 ns, Total: 158023 ns
[2020-09-11T16:07:18.398+0000][1][safepoint    ] Safepoint "Cleanup", Time since last: 1000209351 ns, Reaching safepoint: 99727 ns, At safepoint: 7316 ns, Total: 107043 ns
[2020-09-11T16:07:19.399+0000][1][safepoint    ] Safepoint "Cleanup", Time since last: 1000169692 ns, Reaching safepoint: 396838 ns, At safepoint: 7710 ns, Total: 404548 ns
[2020-09-11T16:07:20.432+0000][1][safepoint    ] Safepoint "Cleanup", Time since last: 1032366467 ns, Reaching safepoint: 146647 ns, At safepoint: 20631 ns, Total: 167278 ns
[2020-09-11T16:07:21.432+0000][1][safepoint    ] Safepoint "Cleanup", Time since last: 1000206651 ns, Reaching safepoint: 105466 ns, At safepoint: 8392 ns, Total: 113858 ns
[2020-09-11T16:07:21.921+0000][1][safepoint    ] Safepoint "RevokeBias", Time since last: 489123106 ns, Reaching safepoint: 92298 ns, At safepoint: 22932 ns, Total: 115230 ns
[2020-09-11T16:07:21.966+0000][1][safepoint    ] Safepoint "RevokeBias", Time since last: 44603635 ns, Reaching safepoint: 88558 ns, At safepoint: 22579 ns, Total: 111137 ns
[2020-09-11T16:07:22.966+0000][1][safepoint    ] Safepoint "Cleanup", Time since last: 1000166661 ns, Reaching safepoint: 157793 ns, At safepoint: 26858 ns, Total: 184651 ns
[2020-09-11T16:07:23.933+0000][1][safepoint    ] Safepoint "RevokeBias", Time since last: 966432318 ns, Reaching safepoint: 114636 ns, At safepoint: 24686 ns, Total: 139322 ns
[2020-09-11T16:07:24.402+0000][1][safepoint    ] Safepoint "RevokeBias", Time since last: 469428005 ns, Reaching safepoint: 92162 ns, At safepoint: 23027 ns, Total: 115189 ns
[2020-09-11T16:07:25.403+0000][1][safepoint    ] Safepoint "Cleanup", Time since last: 1000141220 ns, Reaching safepoint: 118420 ns, At safepoint: 7537 ns, Total: 125957 ns
[2020-09-11T16:07:26.403+0000][1][safepoint    ] Safepoint "Cleanup", Time since last: 1000163361 ns, Reaching safepoint: 147489 ns, At safepoint: 19355 ns, Total: 166844 ns
[2020-09-11T16:07:27.403+0000][1][safepoint    ] Safepoint "Cleanup", Time since last: 1000172473 ns, Reaching safepoint: 142231 ns, At safepoint: 18579 ns, Total: 160810 ns
[2020-09-11T16:07:28.404+0000][1][safepoint    ] Safepoint "Cleanup", Time since last: 1000237856 ns, Reaching safepoint: 146133 ns, At safepoint: 18733 ns, Total: 164866 ns
[2020-09-11T16:07:29.404+0000][1][safepoint    ] Safepoint "Cleanup", Time since last: 1000199877 ns, Reaching safepoint: 147920 ns, At safepoint: 18686 ns, Total: 166606 ns
[2020-09-11T16:07:30.404+0000][1][safepoint    ] Safepoint "Cleanup", Time since last: 1000171960 ns, Reaching safepoint: 122888 ns, At safepoint: 6509 ns, Total: 129397 ns
[2020-09-11T16:07:31.405+0000][1][safepoint    ] Safepoint "Cleanup", Time since last: 1000124295 ns, Reaching safepoint: 86715 ns, At safepoint: 7936 ns, Total: 94651 ns
[2020-09-11T16:07:31.905+0000][1][safepoint    ] Safepoint "RevokeBias", Time since last: 499956542 ns, Reaching safepoint: 92784 ns, At safepoint: 21982 ns, Total: 114766 ns
[2020-09-11T16:07:31.981+0000][1][safepoint    ] Safepoint "RevokeBias", Time since last: 76320401 ns, Reaching safepoint: 206349 ns, At safepoint: 28804 ns, Total: 235153 ns
[2020-09-11T16:07:32.981+0000][1][safepoint    ] Safepoint "Cleanup", Time since last: 1000175833 ns, Reaching safepoint: 108444 ns, At safepoint: 8145 ns, Total: 116589 ns
[2020-09-11T16:07:33.817+0000][1][safepoint    ] Safepoint "RevokeBias", Time since last: 835208495 ns, Reaching safepoint: 130689 ns, At safepoint: 26463 ns, Total: 157152 ns
[2020-09-11T16:07:34.404+0000][1][safepoint    ] Safepoint "RevokeBias", Time since last: 586546014 ns, Reaching safepoint: 96727 ns, At safepoint: 27704 ns, Total: 124431 ns
[2020-09-11T16:07:35.404+0000][1][safepoint    ] Safepoint "Cleanup", Time since last: 1000168149 ns, Reaching safepoint: 88840 ns, At safepoint: 9389 ns, Total: 98229 ns
[2020-09-11T16:07:36.404+0000][1][safepoint    ] Safepoint "Cleanup", Time since last: 1000170346 ns, Reaching safepoint: 151050 ns, At safepoint: 18212 ns, Total: 169262 ns
[2020-09-11T16:07:37.404+0000][1][safepoint    ] Safepoint "Cleanup", Time since last: 1000218991 ns, Reaching safepoint: 94799 ns, At safepoint: 8021 ns, Total: 102820 ns
[2020-09-11T16:07:38.409+0000][1][safepoint    ] Safepoint "Cleanup", Time since last: 1000339191 ns, Reaching safepoint: 4077876 ns, At safepoint: 10645 ns, Total: 4088521 ns
[2020-09-11T16:07:39.409+0000][1][safepoint    ] Safepoint "Cleanup", Time since last: 1000177268 ns, Reaching safepoint: 168257 ns, At safepoint: 22662 ns, Total: 190919 ns
[2020-09-11T16:07:40.415+0000][1][safepoint    ] Safepoint "Cleanup", Time since last: 1005589738 ns, Reaching safepoint: 151859 ns, At safepoint: 21948 ns, Total: 173807 ns
[2020-09-11T16:07:41.415+0000][1][safepoint    ] Safepoint "Cleanup", Time since last: 1000237473 ns, Reaching safepoint: 87361 ns, At safepoint: 8174 ns, Total: 95535 ns
[2020-09-11T16:07:41.939+0000][1][safepoint    ] Safepoint "RevokeBias", Time since last: 523397948 ns, Reaching safepoint: 90203 ns, At safepoint: 22869 ns, Total: 113072 ns
[2020-09-11T16:07:41.974+0000][1][safepoint    ] Safepoint "RevokeBias", Time since last: 35043350 ns, Reaching safepoint: 169618 ns, At safepoint: 25859 ns, Total: 195477 ns
[2020-09-11T16:07:42.368+0000][1][gc,start     ] GC(166) Pause Young (Allocation Failure)
[2020-09-11T16:07:42.368+0000][1][gc,task      ] GC(166) Using 1 workers of 1 for evacuation
[2020-09-11T16:07:42.374+0000][1][gc,age       ] GC(166) Desired survivor size 4358144 bytes, new threshold 6 (max threshold 6)
[2020-09-11T16:07:42.374+0000][1][gc,age       ] GC(166) Age table with threshold 6 (max threshold 6)
[2020-09-11T16:07:42.374+0000][1][gc,age       ] GC(166) - age   1:     233120 bytes,     233120 total
[2020-09-11T16:07:42.374+0000][1][gc,age       ] GC(166) - age   2:     777200 bytes,    1010320 total
[2020-09-11T16:07:42.374+0000][1][gc,age       ] GC(166) - age   3:     116936 bytes,    1127256 total
[2020-09-11T16:07:42.374+0000][1][gc,age       ] GC(166) - age   4:      62248 bytes,    1189504 total
[2020-09-11T16:07:42.374+0000][1][gc,age       ] GC(166) - age   5:     188752 bytes,    1378256 total
[2020-09-11T16:07:42.374+0000][1][gc,age       ] GC(166) - age   6:     178952 bytes,    1557208 total
[2020-09-11T16:07:42.374+0000][1][gc,heap      ] GC(166) ParNew: 69652K->2510K(76672K)
[2020-09-11T16:07:42.374+0000][1][gc,heap      ] GC(166) CMS: 100975K->101031K(439104K)
[2020-09-11T16:07:42.374+0000][1][gc,metaspace ] GC(166) Metaspace: 95336K->95336K(1136640K)
[2020-09-11T16:07:42.374+0000][1][gc           ] GC(166) Pause Young (Allocation Failure) 166M->101M(503M) 6.266ms
[2020-09-11T16:07:42.374+0000][1][gc,cpu       ] GC(166) User=0.00s Sys=0.00s Real=0.01s
[2020-09-11T16:07:42.374+0000][1][safepoint    ] Safepoint "GenCollectForAllocation", Time since last: 393396832 ns, Reaching safepoint: 194831 ns, At safepoint: 6333612 ns, Total: 6528443 ns
[2020-09-11T16:07:43.375+0000][1][safepoint    ] Safepoint "Cleanup", Time since last: 1001249461 ns, Reaching safepoint: 138983 ns, At safepoint: 39825 ns, Total: 178808 ns
[2020-09-11T16:07:43.964+0000][1][safepoint    ] Safepoint "RevokeBias", Time since last: 588168218 ns, Reaching safepoint: 175068 ns, At safepoint: 23931 ns, Total: 198999 ns
[2020-09-11T16:07:44.393+0000][1][safepoint    ] Safepoint "RevokeBias", Time since last: 429136553 ns, Reaching safepoint: 214742 ns, At safepoint: 27907 ns, Total: 242649 ns
[2020-09-11T16:07:45.394+0000][1][safepoint    ] Safepoint "Cleanup", Time since last: 1000168080 ns, Reaching safepoint: 149534 ns, At safepoint: 22014 ns, Total: 171548 ns
[2020-09-11T16:07:46.394+0000][1][safepoint    ] Safepoint "Cleanup", Time since last: 1000214921 ns, Reaching safepoint: 133614 ns, At safepoint: 18910 ns, Total: 152524 ns
[2020-09-11T16:07:47.394+0000][1][safepoint    ] Safepoint "Cleanup", Time since last: 1000218108 ns, Reaching safepoint: 104939 ns, At safepoint: 7798 ns, Total: 112737 ns
[2020-09-11T16:07:48.395+0000][1][safepoint    ] Safepoint "Cleanup", Time since last: 1000143253 ns, Reaching safepoint: 143019 ns, At safepoint: 14724 ns, Total: 157743 ns
[2020-09-11T16:07:49.395+0000][1][safepoint    ] Safepoint "Cleanup", Time since last: 1000240976 ns, Reaching safepoint: 99247 ns, At safepoint: 7265 ns, Total: 106512 ns
[2020-09-11T16:07:50.400+0000][1][safepoint    ] Safepoint "Cleanup", Time since last: 1005165766 ns, Reaching safepoint: 122173 ns, At safepoint: 8742 ns, Total: 130915 ns
[2020-09-11T16:07:51.400+0000][1][safepoint    ] Safepoint "Cleanup", Time since last: 1000148903 ns, Reaching safepoint: 106927 ns, At safepoint: 8529 ns, Total: 115456 ns
[2020-09-11T16:07:51.898+0000][1][safepoint    ] Safepoint "RevokeBias", Time since last: 497084127 ns, Reaching safepoint: 215657 ns, At safepoint: 40460 ns, Total: 256117 ns
[2020-09-11T16:07:51.995+0000][1][safepoint    ] Safepoint "RevokeBias", Time since last: 96773008 ns, Reaching safepoint: 94385 ns, At safepoint: 23970 ns, Total: 118355 ns
[2020-09-11T16:07:52.995+0000][1][safepoint    ] Safepoint "Cleanup", Time since last: 1000184555 ns, Reaching safepoint: 105307 ns, At safepoint: 8193 ns, Total: 113500 ns
[2020-09-11T16:07:53.853+0000][1][safepoint    ] Safepoint "RevokeBias", Time since last: 858080007 ns, Reaching safepoint: 97480 ns, At safepoint: 26454 ns, Total: 123934 ns
[2020-09-11T16:07:54.399+0000][1][safepoint    ] Safepoint "BulkRevokeBias", Time since last: 544991227 ns, Reaching safepoint: 88739 ns, At safepoint: 300581 ns, Total: 389320 ns
[2020-09-11T16:07:55.399+0000][1][safepoint    ] Safepoint "Cleanup", Time since last: 1000169220 ns, Reaching safepoint: 95936 ns, At safepoint: 8237 ns, Total: 104173 ns
[2020-09-11T16:07:56.399+0000][1][safepoint    ] Safepoint "Cleanup", Time since last: 1000164614 ns, Reaching safepoint: 97196 ns, At safepoint: 7691 ns, Total: 104887 ns
[2020-09-11T16:07:57.400+0000][1][safepoint    ] Safepoint "Cleanup", Time since last: 1000500671 ns, Reaching safepoint: 78923 ns, At safepoint: 7977 ns, Total: 86900 ns
[2020-09-11T16:07:58.400+0000][1][safepoint    ] Safepoint "Cleanup", Time since last: 1000166949 ns, Reaching safepoint: 100726 ns, At safepoint: 9250 ns, Total: 109976 ns
[2020-09-11T16:07:59.400+0000][1][safepoint    ] Safepoint "Cleanup", Time since last: 1000144552 ns, Reaching safepoint: 143032 ns, At safepoint: 15753 ns, Total: 158785 ns
[2020-09-11T16:08:00.400+0000][1][safepoint    ] Safepoint "Cleanup", Time since last: 1000148426 ns, Reaching safepoint: 82050 ns, At safepoint: 8396 ns, Total: 90446 ns
[2020-09-11T16:08:01.401+0000][1][safepoint    ] Safepoint "Cleanup", Time since last: 1000122776 ns, Reaching safepoint: 123432 ns, At safepoint: 35483 ns, Total: 158915 ns
[2020-09-11T16:08:01.903+0000][1][safepoint    ] Safepoint "RevokeBias", Time since last: 502329492 ns, Reaching safepoint: 94220 ns, At safepoint: 34249 ns, Total: 128469 ns
[2020-09-11T16:08:01.963+0000][1][safepoint    ] Safepoint "RevokeBias", Time since last: 59370229 ns, Reaching safepoint: 91350 ns, At safepoint: 27357 ns, Total: 118707 ns
[2020-09-11T16:08:02.963+0000][1][safepoint    ] Safepoint "Cleanup", Time since last: 1000128584 ns, Reaching safepoint: 128541 ns, At safepoint: 9511 ns, Total: 138052 ns
[2020-09-11T16:08:03.823+0000][1][safepoint    ] Safepoint "RevokeBias", Time since last: 859973412 ns, Reaching safepoint: 92910 ns, At safepoint: 28147 ns, Total: 121057 ns
[2020-09-11T16:08:04.444+0000][1][safepoint    ] Safepoint "RevokeBias", Time since last: 620946562 ns, Reaching safepoint: 180438 ns, At safepoint: 53583 ns, Total: 234021 ns
[2020-09-11T16:08:11.445+0000][1][safepoint    ] Safepoint "Cleanup", Time since last: 7001022546 ns, Reaching safepoint: 100834 ns, At safepoint: 8067 ns, Total: 108901 ns
[2020-09-11T16:08:11.891+0000][1][gc,start     ] GC(167) Pause Young (Allocation Failure)
[2020-09-11T16:08:11.891+0000][1][gc,task      ] GC(167) Using 1 workers of 1 for evacuation
[2020-09-11T16:08:11.898+0000][1][gc,age       ] GC(167) Desired survivor size 4358144 bytes, new threshold 6 (max threshold 6)
[2020-09-11T16:08:11.898+0000][1][gc,age       ] GC(167) Age table with threshold 6 (max threshold 6)
[2020-09-11T16:08:11.898+0000][1][gc,age       ] GC(167) - age   1:     303952 bytes,     303952 total
[2020-09-11T16:08:11.898+0000][1][gc,age       ] GC(167) - age   2:     180392 bytes,     484344 total
[2020-09-11T16:08:11.898+0000][1][gc,age       ] GC(167) - age   3:     775048 bytes,    1259392 total
[2020-09-11T16:08:11.898+0000][1][gc,age       ] GC(167) - age   4:     116936 bytes,    1376328 total
[2020-09-11T16:08:11.898+0000][1][gc,age       ] GC(167) - age   5:      62248 bytes,    1438576 total
[2020-09-11T16:08:11.898+0000][1][gc,age       ] GC(167) - age   6:     188752 bytes,    1627328 total
[2020-09-11T16:08:11.898+0000][1][gc,heap      ] GC(167) ParNew: 70670K->2908K(76672K)
[2020-09-11T16:08:11.898+0000][1][gc,heap      ] GC(167) CMS: 101031K->101161K(439104K)
[2020-09-11T16:08:11.898+0000][1][gc,metaspace ] GC(167) Metaspace: 95339K->95339K(1136640K)
[2020-09-11T16:08:11.898+0000][1][gc           ] GC(167) Pause Young (Allocation Failure) 167M->101M(503M) 6.667ms
[2020-09-11T16:08:11.898+0000][1][gc,cpu       ] GC(167) User=0.01s Sys=0.00s Real=0.01s
[2020-09-11T16:08:11.898+0000][1][safepoint    ] Safepoint "GenCollectForAllocation", Time since last: 445531265 ns, Reaching safepoint: 203523 ns, At safepoint: 6764184 ns, Total: 6967707 ns
[2020-09-11T16:08:11.912+0000][1][safepoint    ] Safepoint "RevokeBias", Time since last: 14330282 ns, Reaching safepoint: 93104 ns, At safepoint: 35641 ns, Total: 128745 ns
[2020-09-11T16:08:11.973+0000][1][safepoint    ] Safepoint "RevokeBias", Time since last: 60562492 ns, Reaching safepoint: 87525 ns, At safepoint: 34465 ns, Total: 121990 ns
[2020-09-11T16:08:12.974+0000][1][safepoint    ] Safepoint "Cleanup", Time since last: 1000857744 ns, Reaching safepoint: 106368 ns, At safepoint: 7551 ns, Total: 113919 ns
[2020-09-11T16:08:13.795+0000][1][safepoint    ] Safepoint "RevokeBias", Time since last: 821228516 ns, Reaching safepoint: 90906 ns, At safepoint: 24661 ns, Total: 115567 ns
[2020-09-11T16:08:14.400+0000][1][safepoint    ] Safepoint "RevokeBias", Time since last: 604368393 ns, Reaching safepoint: 92659 ns, At safepoint: 24011 ns, Total: 116670 ns
[2020-09-11T16:08:15.400+0000][1][safepoint    ] Safepoint "Cleanup", Time since last: 1000184801 ns, Reaching safepoint: 94056 ns, At safepoint: 7795 ns, Total: 101851 ns
[2020-09-11T16:08:16.400+0000][1][safepoint    ] Safepoint "Cleanup", Time since last: 1000155104 ns, Reaching safepoint: 147609 ns, At safepoint: 18653 ns, Total: 166262 ns
[2020-09-11T16:08:17.401+0000][1][safepoint    ] Safepoint "Cleanup", Time since last: 1000186988 ns, Reaching safepoint: 132207 ns, At safepoint: 7180 ns, Total: 139387 ns
[2020-09-11T16:08:18.401+0000][1][safepoint    ] Safepoint "Cleanup", Time since last: 1000156830 ns, Reaching safepoint: 147566 ns, At safepoint: 18639 ns, Total: 166205 ns
[2020-09-11T16:08:19.401+0000][1][safepoint    ] Safepoint "Cleanup", Time since last: 1000202398 ns, Reaching safepoint: 137930 ns, At safepoint: 18579 ns, Total: 156509 ns
[2020-09-11T16:08:20.407+0000][1][safepoint    ] Safepoint "Cleanup", Time since last: 1005570366 ns, Reaching safepoint: 173108 ns, At safepoint: 19367 ns, Total: 192475 ns
[2020-09-11T16:08:21.408+0000][1][safepoint    ] Safepoint "Cleanup", Time since last: 1000185473 ns, Reaching safepoint: 151087 ns, At safepoint: 19421 ns, Total: 170508 ns
[2020-09-11T16:08:21.925+0000][1][safepoint    ] Safepoint "RevokeBias", Time since last: 517584299 ns, Reaching safepoint: 91019 ns, At safepoint: 22121 ns, Total: 113140 ns
[2020-09-11T16:08:21.967+0000][1][safepoint    ] Safepoint "RevokeBias", Time since last: 41602968 ns, Reaching safepoint: 94041 ns, At safepoint: 25495 ns, Total: 119536 ns
[2020-09-11T16:08:22.967+0000][1][safepoint    ] Safepoint "Cleanup", Time since last: 1000170571 ns, Reaching safepoint: 139166 ns, At safepoint: 18032 ns, Total: 157198 ns
[2020-09-11T16:08:23.841+0000][1][safepoint    ] Safepoint "RevokeBias", Time since last: 873653455 ns, Reaching safepoint: 91464 ns, At safepoint: 22062 ns, Total: 113526 ns
[2020-09-11T16:08:24.403+0000][1][safepoint    ] Safepoint "RevokeBias", Time since last: 561328967 ns, Reaching safepoint: 213963 ns, At safepoint: 24912 ns, Total: 238875 ns
[2020-09-11T16:08:25.403+0000][1][safepoint    ] Safepoint "Cleanup", Time since last: 1000168755 ns, Reaching safepoint: 152797 ns, At safepoint: 19301 ns, Total: 172098 ns
[2020-09-11T16:08:26.403+0000][1][safepoint    ] Safepoint "Cleanup", Time since last: 1000240210 ns, Reaching safepoint: 150229 ns, At safepoint: 18636 ns, Total: 168865 ns
[2020-09-11T16:08:27.404+0000][1][safepoint    ] Safepoint "Cleanup", Time since last: 1000224901 ns, Reaching safepoint: 144221 ns, At safepoint: 17744 ns, Total: 161965 ns
[2020-09-11T16:08:28.404+0000][1][safepoint    ] Safepoint "Cleanup", Time since last: 1000222304 ns, Reaching safepoint: 102680 ns, At safepoint: 8001 ns, Total: 110681 ns
[2020-09-11T16:08:29.404+0000][1][safepoint    ] Safepoint "Cleanup", Time since last: 1000205049 ns, Reaching safepoint: 107759 ns, At safepoint: 8131 ns, Total: 115890 ns
[2020-09-11T16:08:30.405+0000][1][safepoint    ] Safepoint "Cleanup", Time since last: 1000183385 ns, Reaching safepoint: 105527 ns, At safepoint: 8035 ns, Total: 113562 ns
[2020-09-11T16:08:31.405+0000][1][safepoint    ] Safepoint "Cleanup", Time since last: 1000254317 ns, Reaching safepoint: 92993 ns, At safepoint: 8062 ns, Total: 101055 ns
[2020-09-11T16:08:31.904+0000][1][safepoint    ] Safepoint "RevokeBias", Time since last: 498598762 ns, Reaching safepoint: 85673 ns, At safepoint: 21865 ns, Total: 107538 ns
[2020-09-11T16:08:31.981+0000][1][safepoint    ] Safepoint "RevokeBias", Time since last: 77108960 ns, Reaching safepoint: 88553 ns, At safepoint: 22148 ns, Total: 110701 ns
[2020-09-11T16:08:32.981+0000][1][safepoint    ] Safepoint "Cleanup", Time since last: 1000190412 ns, Reaching safepoint: 154478 ns, At safepoint: 18723 ns, Total: 173201 ns
[2020-09-11T16:08:33.865+0000][1][safepoint    ] Safepoint "RevokeBias", Time since last: 883888713 ns, Reaching safepoint: 95063 ns, At safepoint: 22659 ns, Total: 117722 ns
[2020-09-11T16:08:34.402+0000][1][safepoint    ] Safepoint "RevokeBias", Time since last: 536868364 ns, Reaching safepoint: 95848 ns, At safepoint: 23541 ns, Total: 119389 ns
[2020-09-11T16:08:35.403+0000][1][safepoint    ] Safepoint "Cleanup", Time since last: 1000180416 ns, Reaching safepoint: 144569 ns, At safepoint: 18790 ns, Total: 163359 ns
[2020-09-11T16:08:36.403+0000][1][safepoint    ] Safepoint "Cleanup", Time since last: 1000164300 ns, Reaching safepoint: 82561 ns, At safepoint: 18437 ns, Total: 100998 ns
[2020-09-11T16:08:37.403+0000][1][safepoint    ] Safepoint "Cleanup", Time since last: 1000196969 ns, Reaching safepoint: 107783 ns, At safepoint: 7583 ns, Total: 115366 ns
[2020-09-11T16:08:38.403+0000][1][safepoint    ] Safepoint "Cleanup", Time since last: 1000111886 ns, Reaching safepoint: 80032 ns, At safepoint: 7331 ns, Total: 87363 ns
[2020-09-11T16:08:39.404+0000][1][safepoint    ] Safepoint "Cleanup", Time since last: 1000185986 ns, Reaching safepoint: 104573 ns, At safepoint: 8241 ns, Total: 112814 ns
[2020-09-11T16:08:40.409+0000][1][safepoint    ] Safepoint "Cleanup", Time since last: 1005309789 ns, Reaching safepoint: 114032 ns, At safepoint: 8729 ns, Total: 122761 ns
[2020-09-11T16:08:40.556+0000][1][gc,start     ] GC(168) Pause Young (Allocation Failure)
[2020-09-11T16:08:40.556+0000][1][gc,task      ] GC(168) Using 1 workers of 1 for evacuation
[2020-09-11T16:08:40.562+0000][1][gc,age       ] GC(168) Desired survivor size 4358144 bytes, new threshold 6 (max threshold 6)
[2020-09-11T16:08:40.562+0000][1][gc,age       ] GC(168) Age table with threshold 6 (max threshold 6)
[2020-09-11T16:08:40.562+0000][1][gc,age       ] GC(168) - age   1:     228880 bytes,     228880 total
[2020-09-11T16:08:40.562+0000][1][gc,age       ] GC(168) - age   2:     235432 bytes,     464312 total
[2020-09-11T16:08:40.562+0000][1][gc,age       ] GC(168) - age   3:     178864 bytes,     643176 total
[2020-09-11T16:08:40.562+0000][1][gc,age       ] GC(168) - age   4:     775048 bytes,    1418224 total
[2020-09-11T16:08:40.562+0000][1][gc,age       ] GC(168) - age   5:     116936 bytes,    1535160 total
[2020-09-11T16:08:40.562+0000][1][gc,age       ] GC(168) - age   6:      62248 bytes,    1597408 total
[2020-09-11T16:08:40.562+0000][1][gc,heap      ] GC(168) ParNew: 71068K->1919K(76672K)
[2020-09-11T16:08:40.562+0000][1][gc,heap      ] GC(168) CMS: 101161K->101227K(439104K)
[2020-09-11T16:08:40.562+0000][1][gc,metaspace ] GC(168) Metaspace: 95358K->95358K(1136640K)
[2020-09-11T16:08:40.562+0000][1][gc           ] GC(168) Pause Young (Allocation Failure) 168M->100M(503M) 5.933ms
[2020-09-11T16:08:40.562+0000][1][gc,cpu       ] GC(168) User=0.00s Sys=0.00s Real=0.01s
[2020-09-11T16:08:40.562+0000][1][safepoint    ] Safepoint "GenCollectForAllocation", Time since last: 147029598 ns, Reaching safepoint: 76276 ns, At safepoint: 6003118 ns, Total: 6079394 ns
[2020-09-11T16:08:41.563+0000][1][safepoint    ] Safepoint "Cleanup", Time since last: 1000964465 ns, Reaching safepoint: 76940 ns, At safepoint: 18473 ns, Total: 95413 ns
[2020-09-11T16:08:41.905+0000][1][safepoint    ] Safepoint "RevokeBias", Time since last: 341069350 ns, Reaching safepoint: 94074 ns, At safepoint: 36894 ns, Total: 130968 ns
[2020-09-11T16:08:41.986+0000][1][safepoint    ] Safepoint "RevokeBias", Time since last: 81561689 ns, Reaching safepoint: 176041 ns, At safepoint: 82840 ns, Total: 258881 ns
[2020-09-11T16:08:42.987+0000][1][safepoint    ] Safepoint "Cleanup", Time since last: 1000178410 ns, Reaching safepoint: 174968 ns, At safepoint: 25279 ns, Total: 200247 ns
[2020-09-11T16:08:43.865+0000][1][safepoint    ] Safepoint "RevokeBias", Time since last: 878123432 ns, Reaching safepoint: 86169 ns, At safepoint: 22661 ns, Total: 108830 ns
[2020-09-11T16:08:44.421+0000][1][safepoint    ] Safepoint "RevokeBias", Time since last: 555989365 ns, Reaching safepoint: 136890 ns, At safepoint: 38797 ns, Total: 175687 ns
[2020-09-11T16:08:45.421+0000][1][safepoint    ] Safepoint "Cleanup", Time since last: 1000153593 ns, Reaching safepoint: 123967 ns, At safepoint: 7053 ns, Total: 131020 ns
[2020-09-11T16:08:46.422+0000][1][safepoint    ] Safepoint "Cleanup", Time since last: 1000131031 ns, Reaching safepoint: 120874 ns, At safepoint: 7278 ns, Total: 128152 ns
[2020-09-11T16:08:47.422+0000][1][safepoint    ] Safepoint "Cleanup", Time since last: 1000161369 ns, Reaching safepoint: 139403 ns, At safepoint: 18386 ns, Total: 157789 ns
[2020-09-11T16:08:48.422+0000][1][safepoint    ] Safepoint "Cleanup", Time since last: 1000198423 ns, Reaching safepoint: 144649 ns, At safepoint: 18877 ns, Total: 163526 ns
[2020-09-11T16:08:49.423+0000][1][safepoint    ] Safepoint "Cleanup", Time since last: 1000202769 ns, Reaching safepoint: 145130 ns, At safepoint: 18746 ns, Total: 163876 ns
[2020-09-11T16:08:50.455+0000][1][safepoint    ] Safepoint "Cleanup", Time since last: 1032112585 ns, Reaching safepoint: 128971 ns, At safepoint: 7357 ns, Total: 136328 ns
[2020-09-11T16:08:51.455+0000][1][safepoint    ] Safepoint "Cleanup", Time since last: 1000156255 ns, Reaching safepoint: 173963 ns, At safepoint: 18727 ns, Total: 192690 ns
[2020-09-11T16:08:51.902+0000][1][safepoint    ] Safepoint "RevokeBias", Time since last: 446320107 ns, Reaching safepoint: 216148 ns, At safepoint: 38517 ns, Total: 254665 ns
[2020-09-11T16:08:51.967+0000][1][safepoint    ] Safepoint "RevokeBias", Time since last: 64845322 ns, Reaching safepoint: 93680 ns, At safepoint: 26036 ns, Total: 119716 ns
[2020-09-11T16:08:52.967+0000][1][safepoint    ] Safepoint "Cleanup", Time since last: 1000191862 ns, Reaching safepoint: 152370 ns, At safepoint: 20711 ns, Total: 173081 ns
[2020-09-11T16:08:53.893+0000][1][safepoint    ] Safepoint "RevokeBias", Time since last: 925834653 ns, Reaching safepoint: 87724 ns, At safepoint: 22550 ns, Total: 110274 ns
[2020-09-11T16:08:54.394+0000][1][safepoint    ] Safepoint "RevokeBias", Time since last: 500937414 ns, Reaching safepoint: 91605 ns, At safepoint: 24395 ns, Total: 116000 ns
[2020-09-11T16:08:55.395+0000][1][safepoint    ] Safepoint "Cleanup", Time since last: 1000174107 ns, Reaching safepoint: 106317 ns, At safepoint: 8834 ns, Total: 115151 ns
[2020-09-11T16:08:56.395+0000][1][safepoint    ] Safepoint "Cleanup", Time since last: 1000177086 ns, Reaching safepoint: 104797 ns, At safepoint: 8045 ns, Total: 112842 ns
[2020-09-11T16:08:57.395+0000][1][safepoint    ] Safepoint "Cleanup", Time since last: 1000132009 ns, Reaching safepoint: 149404 ns, At safepoint: 18155 ns, Total: 167559 ns
[2020-09-11T16:08:58.395+0000][1][safepoint    ] Safepoint "Cleanup", Time since last: 1000196636 ns, Reaching safepoint: 109841 ns, At safepoint: 7494 ns, Total: 117335 ns
[2020-09-11T16:08:59.396+0000][1][safepoint    ] Safepoint "Cleanup", Time since last: 1000145217 ns, Reaching safepoint: 133304 ns, At safepoint: 10704 ns, Total: 144008 ns
[2020-09-11T16:09:00.396+0000][1][safepoint    ] Safepoint "Cleanup", Time since last: 1000146067 ns, Reaching safepoint: 166950 ns, At safepoint: 20049 ns, Total: 186999 ns
[2020-09-11T16:09:01.905+0000][1][safepoint    ] Safepoint "RevokeBias", Time since last: 1508669086 ns, Reaching safepoint: 95385 ns, At safepoint: 26175 ns, Total: 121560 ns
[2020-09-11T16:09:01.966+0000][1][safepoint    ] Safepoint "RevokeBias", Time since last: 61030828 ns, Reaching safepoint: 169349 ns, At safepoint: 27004 ns, Total: 196353 ns
[2020-09-11T16:09:03.813+0000][1][safepoint    ] Safepoint "RevokeBias", Time since last: 1846451951 ns, Reaching safepoint: 92648 ns, At safepoint: 23036 ns, Total: 115684 ns
[2020-09-11T16:09:04.402+0000][1][safepoint    ] Safepoint "BulkRevokeBias", Time since last: 589011324 ns, Reaching safepoint: 88595 ns, At safepoint: 263163 ns, Total: 351758 ns
[2020-09-11T16:09:07.604+0000][1][gc,start     ] GC(169) Pause Young (Allocation Failure)
[2020-09-11T16:09:07.604+0000][1][gc,task      ] GC(169) Using 1 workers of 1 for evacuation
[2020-09-11T16:09:07.610+0000][1][gc,age       ] GC(169) Desired survivor size 4358144 bytes, new threshold 6 (max threshold 6)
[2020-09-11T16:09:07.610+0000][1][gc,age       ] GC(169) Age table with threshold 6 (max threshold 6)
[2020-09-11T16:09:07.610+0000][1][gc,age       ] GC(169) - age   1:     110856 bytes,     110856 total
[2020-09-11T16:09:07.610+0000][1][gc,age       ] GC(169) - age   2:     178192 bytes,     289048 total
[2020-09-11T16:09:07.610+0000][1][gc,age       ] GC(169) - age   3:     234888 bytes,     523936 total
[2020-09-11T16:09:07.610+0000][1][gc,age       ] GC(169) - age   4:     178864 bytes,     702800 total
[2020-09-11T16:09:07.610+0000][1][gc,age       ] GC(169) - age   5:     775048 bytes,    1477848 total
[2020-09-11T16:09:07.610+0000][1][gc,age       ] GC(169) - age   6:     116936 bytes,    1594784 total
[2020-09-11T16:09:07.610+0000][1][gc,heap      ] GC(169) ParNew: 70079K->2819K(76672K)
[2020-09-11T16:09:07.610+0000][1][gc,heap      ] GC(169) CMS: 101227K->101270K(439104K)
[2020-09-11T16:09:07.610+0000][1][gc,metaspace ] GC(169) Metaspace: 95375K->95375K(1136640K)
[2020-09-11T16:09:07.610+0000][1][gc           ] GC(169) Pause Young (Allocation Failure) 167M->101M(503M) 6.153ms
[2020-09-11T16:09:07.610+0000][1][gc,cpu       ] GC(169) User=0.00s Sys=0.00s Real=0.00s
[2020-09-11T16:09:07.610+0000][1][safepoint    ] Safepoint "GenCollectForAllocation", Time since last: 3201279261 ns, Reaching safepoint: 196591 ns, At safepoint: 6249215 ns, Total: 6445806 ns
[2020-09-11T16:09:11.959+0000][1][safepoint    ] Safepoint "RevokeBias", Time since last: 4349035747 ns, Reaching safepoint: 97140 ns, At safepoint: 26568 ns, Total: 123708 ns
[2020-09-11T16:09:11.973+0000][1][safepoint    ] Safepoint "RevokeBias", Time since last: 14248008 ns, Reaching safepoint: 94512 ns, At safepoint: 36920 ns, Total: 131432 ns
[2020-09-11T16:09:13.848+0000][1][safepoint    ] Safepoint "RevokeBias", Time since last: 1874648979 ns, Reaching safepoint: 89360 ns, At safepoint: 22420 ns, Total: 111780 ns
[2020-09-11T16:09:14.394+0000][1][safepoint    ] Safepoint "RevokeBias", Time since last: 545779794 ns, Reaching safepoint: 103882 ns, At safepoint: 23961 ns, Total: 127843 ns
[2020-09-11T16:09:18.395+0000][1][safepoint    ] Safepoint "Cleanup", Time since last: 4000514996 ns, Reaching safepoint: 110702 ns, At safepoint: 7870 ns, Total: 118572 ns
[2020-09-11T16:09:19.395+0000][1][safepoint    ] Safepoint "Cleanup", Time since last: 1000176628 ns, Reaching safepoint: 114167 ns, At safepoint: 7740 ns, Total: 121907 ns
[2020-09-11T16:09:21.401+0000][1][safepoint    ] Safepoint "Cleanup", Time since last: 2005767625 ns, Reaching safepoint: 129992 ns, At safepoint: 7863 ns, Total: 137855 ns
[2020-09-11T16:09:21.915+0000][1][safepoint    ] Safepoint "RevokeBias", Time since last: 514126822 ns, Reaching safepoint: 107167 ns, At safepoint: 25059 ns, Total: 132226 ns
[2020-09-11T16:09:21.968+0000][1][safepoint    ] Safepoint "RevokeBias", Time since last: 52709549 ns, Reaching safepoint: 97365 ns, At safepoint: 36864 ns, Total: 134229 ns
[2020-09-11T16:09:23.892+0000][1][safepoint    ] Safepoint "RevokeBias", Time since last: 1924377533 ns, Reaching safepoint: 93262 ns, At safepoint: 22682 ns, Total: 115944 ns
[2020-09-11T16:09:24.403+0000][1][safepoint    ] Safepoint "RevokeBias", Time since last: 510010217 ns, Reaching safepoint: 95757 ns, At safepoint: 23496 ns, Total: 119253 ns
[2020-09-11T16:09:31.971+0000][1][safepoint    ] Safepoint "RevokeBias", Time since last: 7567896512 ns, Reaching safepoint: 136283 ns, At safepoint: 165655 ns, Total: 301938 ns
[2020-09-11T16:09:31.975+0000][1][safepoint    ] Safepoint "RevokeBias", Time since last: 4113598 ns, Reaching safepoint: 88549 ns, At safepoint: 22845 ns, Total: 111394 ns
[2020-09-11T16:09:32.975+0000][1][safepoint    ] Safepoint "Cleanup", Time since last: 1000122428 ns, Reaching safepoint: 202311 ns, At safepoint: 18904 ns, Total: 221215 ns
[2020-09-11T16:09:33.833+0000][1][gc,start     ] GC(170) Pause Young (Allocation Failure)
[2020-09-11T16:09:33.833+0000][1][gc,task      ] GC(170) Using 1 workers of 1 for evacuation
[2020-09-11T16:09:33.842+0000][1][gc,age       ] GC(170) Desired survivor size 4358144 bytes, new threshold 6 (max threshold 6)
[2020-09-11T16:09:33.842+0000][1][gc,age       ] GC(170) Age table with threshold 6 (max threshold 6)
[2020-09-11T16:09:33.842+0000][1][gc,age       ] GC(170) - age   1:     176856 bytes,     176856 total
[2020-09-11T16:09:33.842+0000][1][gc,age       ] GC(170) - age   2:      60552 bytes,     237408 total
[2020-09-11T16:09:33.842+0000][1][gc,age       ] GC(170) - age   3:     178096 bytes,     415504 total
[2020-09-11T16:09:33.842+0000][1][gc,age       ] GC(170) - age   4:     234888 bytes,     650392 total
[2020-09-11T16:09:33.842+0000][1][gc,age       ] GC(170) - age   5:     178568 bytes,     828960 total
[2020-09-11T16:09:33.842+0000][1][gc,age       ] GC(170) - age   6:     775048 bytes,    1604008 total
[2020-09-11T16:09:33.842+0000][1][gc,heap      ] GC(170) ParNew: 70979K->1872K(76672K)
[2020-09-11T16:09:33.842+0000][1][gc,heap      ] GC(170) CMS: 101270K->101381K(439104K)
[2020-09-11T16:09:33.842+0000][1][gc,metaspace ] GC(170) Metaspace: 95380K->95380K(1136640K)
[2020-09-11T16:09:33.842+0000][1][gc           ] GC(170) Pause Young (Allocation Failure) 168M->100M(503M) 9.566ms
[2020-09-11T16:09:33.842+0000][1][gc,cpu       ] GC(170) User=0.01s Sys=0.00s Real=0.01s
[2020-09-11T16:09:33.843+0000][1][safepoint    ] Safepoint "GenCollectForAllocation", Time since last: 853192087 ns, Reaching safepoint: 4370708 ns, At safepoint: 9635460 ns, Total: 14006168 ns
[2020-09-11T16:09:33.903+0000][1][safepoint    ] Safepoint "RevokeBias", Time since last: 60598286 ns, Reaching safepoint: 93863 ns, At safepoint: 35300 ns, Total: 129163 ns
[2020-09-11T16:09:34.436+0000][1][safepoint    ] Safepoint "RevokeBias", Time since last: 532082584 ns, Reaching safepoint: 168945 ns, At safepoint: 79182 ns, Total: 248127 ns
[2020-09-11T16:09:35.437+0000][1][safepoint    ] Safepoint "Cleanup", Time since last: 1001538436 ns, Reaching safepoint: 146844 ns, At safepoint: 48763 ns, Total: 195607 ns
[2020-09-11T16:09:36.438+0000][1][safepoint    ] Safepoint "Cleanup", Time since last: 1000153625 ns, Reaching safepoint: 125832 ns, At safepoint: 18376 ns, Total: 144208 ns
[2020-09-11T16:09:37.438+0000][1][safepoint    ] Safepoint "Cleanup", Time since last: 1000172940 ns, Reaching safepoint: 107710 ns, At safepoint: 19739 ns, Total: 127449 ns
[2020-09-11T16:09:38.438+0000][1][safepoint    ] Safepoint "Cleanup", Time since last: 1000129558 ns, Reaching safepoint: 148180 ns, At safepoint: 18055 ns, Total: 166235 ns
[2020-09-11T16:09:39.439+0000][1][safepoint    ] Safepoint "Cleanup", Time since last: 1000162000 ns, Reaching safepoint: 130750 ns, At safepoint: 16518 ns, Total: 147268 ns
[2020-09-11T16:09:40.439+0000][1][safepoint    ] Safepoint "Cleanup", Time since last: 1000163165 ns, Reaching safepoint: 152591 ns, At safepoint: 22769 ns, Total: 175360 ns
[2020-09-11T16:09:41.439+0000][1][safepoint    ] Safepoint "Cleanup", Time since last: 1000198768 ns, Reaching safepoint: 104175 ns, At safepoint: 9439 ns, Total: 113614 ns
[2020-09-11T16:09:41.910+0000][1][safepoint    ] Safepoint "RevokeBias", Time since last: 470765127 ns, Reaching safepoint: 96580 ns, At safepoint: 26400 ns, Total: 122980 ns
[2020-09-11T16:09:41.971+0000][1][safepoint    ] Safepoint "RevokeBias", Time since last: 60571627 ns, Reaching safepoint: 175543 ns, At safepoint: 27804 ns, Total: 203347 ns
[2020-09-11T16:09:42.971+0000][1][safepoint    ] Safepoint "Cleanup", Time since last: 1000176802 ns, Reaching safepoint: 101988 ns, At safepoint: 7802 ns, Total: 109790 ns
[2020-09-11T16:09:43.869+0000][1][safepoint    ] Safepoint "RevokeBias", Time since last: 897676015 ns, Reaching safepoint: 87656 ns, At safepoint: 23640 ns, Total: 111296 ns
[2020-09-11T16:09:44.398+0000][1][safepoint    ] Safepoint "RevokeBias", Time since last: 529092109 ns, Reaching safepoint: 206432 ns, At safepoint: 24152 ns, Total: 230584 ns
[2020-09-11T16:09:45.399+0000][1][safepoint    ] Safepoint "Cleanup", Time since last: 1000141119 ns, Reaching safepoint: 138939 ns, At safepoint: 19023 ns, Total: 157962 ns
[2020-09-11T16:09:46.399+0000][1][safepoint    ] Safepoint "Cleanup", Time since last: 1000239305 ns, Reaching safepoint: 149096 ns, At safepoint: 19876 ns, Total: 168972 ns
[2020-09-11T16:09:47.399+0000][1][safepoint    ] Safepoint "Cleanup", Time since last: 1000221312 ns, Reaching safepoint: 148123 ns, At safepoint: 19174 ns, Total: 167297 ns
[2020-09-11T16:09:48.400+0000][1][safepoint    ] Safepoint "Cleanup", Time since last: 1000232852 ns, Reaching safepoint: 97663 ns, At safepoint: 8013 ns, Total: 105676 ns
[2020-09-11T16:09:49.400+0000][1][safepoint    ] Safepoint "Cleanup", Time since last: 1000181452 ns, Reaching safepoint: 107401 ns, At safepoint: 7333 ns, Total: 114734 ns
[2020-09-11T16:09:50.405+0000][1][safepoint    ] Safepoint "Cleanup", Time since last: 1005195144 ns, Reaching safepoint: 105458 ns, At safepoint: 8618 ns, Total: 114076 ns
[2020-09-11T16:09:51.406+0000][1][safepoint    ] Safepoint "Cleanup", Time since last: 1000198010 ns, Reaching safepoint: 148023 ns, At safepoint: 19365 ns, Total: 167388 ns
[2020-09-11T16:09:51.906+0000][1][safepoint    ] Safepoint "RevokeBias", Time since last: 500525190 ns, Reaching safepoint: 96429 ns, At safepoint: 22943 ns, Total: 119372 ns
[2020-09-11T16:09:51.986+0000][1][safepoint    ] Safepoint "RevokeBias", Time since last: 79490801 ns, Reaching safepoint: 167431 ns, At safepoint: 50356 ns, Total: 217787 ns
[2020-09-11T16:09:52.986+0000][1][safepoint    ] Safepoint "Cleanup", Time since last: 1000181357 ns, Reaching safepoint: 123914 ns, At safepoint: 8336 ns, Total: 132250 ns
[2020-09-11T16:09:53.916+0000][1][safepoint    ] Safepoint "RevokeBias", Time since last: 929430091 ns, Reaching safepoint: 101051 ns, At safepoint: 27838 ns, Total: 128889 ns
[2020-09-11T16:09:54.401+0000][1][safepoint    ] Safepoint "RevokeBias", Time since last: 485232378 ns, Reaching safepoint: 92873 ns, At safepoint: 23492 ns, Total: 116365 ns
[2020-09-11T16:09:55.401+0000][1][safepoint    ] Safepoint "Cleanup", Time since last: 1000196225 ns, Reaching safepoint: 87242 ns, At safepoint: 7574 ns, Total: 94816 ns
[2020-09-11T16:09:56.402+0000][1][safepoint    ] Safepoint "Cleanup", Time since last: 1000166357 ns, Reaching safepoint: 95717 ns, At safepoint: 7871 ns, Total: 103588 ns
[2020-09-11T16:09:57.402+0000][1][safepoint    ] Safepoint "Cleanup", Time since last: 1000162871 ns, Reaching safepoint: 98875 ns, At safepoint: 7886 ns, Total: 106761 ns
[2020-09-11T16:09:58.402+0000][1][safepoint    ] Safepoint "Cleanup", Time since last: 1000154767 ns, Reaching safepoint: 101401 ns, At safepoint: 7835 ns, Total: 109236 ns
[2020-09-11T16:09:59.403+0000][1][safepoint    ] Safepoint "Cleanup", Time since last: 1000120146 ns, Reaching safepoint: 86354 ns, At safepoint: 7720 ns, Total: 94074 ns
[2020-09-11T16:10:00.403+0000][1][safepoint    ] Safepoint "Cleanup", Time since last: 1000198336 ns, Reaching safepoint: 163058 ns, At safepoint: 20417 ns, Total: 183475 ns
[2020-09-11T16:10:01.403+0000][1][safepoint    ] Safepoint "Cleanup", Time since last: 1000191110 ns, Reaching safepoint: 142357 ns, At safepoint: 18656 ns, Total: 161013 ns
[2020-09-11T16:10:01.942+0000][1][safepoint    ] Safepoint "RevokeBias", Time since last: 538372597 ns, Reaching safepoint: 110540 ns, At safepoint: 28611 ns, Total: 139151 ns
[2020-09-11T16:10:01.968+0000][1][safepoint    ] Safepoint "RevokeBias", Time since last: 25823770 ns, Reaching safepoint: 210577 ns, At safepoint: 26892 ns, Total: 237469 ns
[2020-09-11T16:10:02.968+0000][1][safepoint    ] Safepoint "Cleanup", Time since last: 1000135536 ns, Reaching safepoint: 158791 ns, At safepoint: 23287 ns, Total: 182078 ns
[2020-09-11T16:10:03.733+0000][1][gc,start     ] GC(171) Pause Young (Allocation Failure)
[2020-09-11T16:10:03.733+0000][1][gc,task      ] GC(171) Using 1 workers of 1 for evacuation
[2020-09-11T16:10:03.741+0000][1][gc,age       ] GC(171) Desired survivor size 4358144 bytes, new threshold 6 (max threshold 6)
[2020-09-11T16:10:03.742+0000][1][gc,age       ] GC(171) Age table with threshold 6 (max threshold 6)
[2020-09-11T16:10:03.742+0000][1][gc,age       ] GC(171) - age   1:     836024 bytes,     836024 total
[2020-09-11T16:10:03.742+0000][1][gc,age       ] GC(171) - age   2:      38856 bytes,     874880 total
[2020-09-11T16:10:03.742+0000][1][gc,age       ] GC(171) - age   3:      58320 bytes,     933200 total
[2020-09-11T16:10:03.742+0000][1][gc,age       ] GC(171) - age   4:     177608 bytes,    1110808 total
[2020-09-11T16:10:03.742+0000][1][gc,age       ] GC(171) - age   5:     234888 bytes,    1345696 total
[2020-09-11T16:10:03.742+0000][1][gc,age       ] GC(171) - age   6:     178568 bytes,    1524264 total
[2020-09-11T16:10:03.742+0000][1][gc,heap      ] GC(171) ParNew: 70032K->2817K(76672K)
[2020-09-11T16:10:03.742+0000][1][gc,heap      ] GC(171) CMS: 101381K->101625K(439104K)
[2020-09-11T16:10:03.742+0000][1][gc,metaspace ] GC(171) Metaspace: 95380K->95380K(1136640K)
[2020-09-11T16:10:03.742+0000][1][gc           ] GC(171) Pause Young (Allocation Failure) 167M->101M(503M) 8.466ms
[2020-09-11T16:10:03.742+0000][1][gc,cpu       ] GC(171) User=0.00s Sys=0.00s Real=0.01s
[2020-09-11T16:10:03.742+0000][1][safepoint    ] Safepoint "GenCollectForAllocation", Time since last: 764870956 ns, Reaching safepoint: 158996 ns, At safepoint: 8531523 ns, Total: 8690519 ns
[2020-09-11T16:10:04.014+0000][1][safepoint    ] Safepoint "RevokeBias", Time since last: 271767137 ns, Reaching safepoint: 269904 ns, At safepoint: 50639 ns, Total: 320543 ns
[2020-09-11T16:10:04.398+0000][1][safepoint    ] Safepoint "RevokeBias", Time since last: 383970518 ns, Reaching safepoint: 86870 ns, At safepoint: 22622 ns, Total: 109492 ns
[2020-09-11T16:10:05.398+0000][1][safepoint    ] Safepoint "Cleanup", Time since last: 1000182790 ns, Reaching safepoint: 103816 ns, At safepoint: 8472 ns, Total: 112288 ns
[2020-09-11T16:10:06.398+0000][1][safepoint    ] Safepoint "Cleanup", Time since last: 1000141040 ns, Reaching safepoint: 131042 ns, At safepoint: 7360 ns, Total: 138402 ns
[2020-09-11T16:10:07.399+0000][1][safepoint    ] Safepoint "Cleanup", Time since last: 1000230940 ns, Reaching safepoint: 88057 ns, At safepoint: 8262 ns, Total: 96319 ns
[2020-09-11T16:10:08.399+0000][1][safepoint    ] Safepoint "Cleanup", Time since last: 1000146700 ns, Reaching safepoint: 146767 ns, At safepoint: 19388 ns, Total: 166155 ns
[2020-09-11T16:10:09.399+0000][1][safepoint    ] Safepoint "Cleanup", Time since last: 1000241549 ns, Reaching safepoint: 119215 ns, At safepoint: 8481 ns, Total: 127696 ns
[2020-09-11T16:10:10.405+0000][1][safepoint    ] Safepoint "Cleanup", Time since last: 1005498669 ns, Reaching safepoint: 105819 ns, At safepoint: 8325 ns, Total: 114144 ns
[2020-09-11T16:10:11.405+0000][1][safepoint    ] Safepoint "Cleanup", Time since last: 1000178974 ns, Reaching safepoint: 110844 ns, At safepoint: 7805 ns, Total: 118649 ns
[2020-09-11T16:10:11.960+0000][1][safepoint    ] Safepoint "RevokeBias", Time since last: 554515574 ns, Reaching safepoint: 96025 ns, At safepoint: 27187 ns, Total: 123212 ns
[2020-09-11T16:10:12.010+0000][1][safepoint    ] Safepoint "RevokeBias", Time since last: 49702760 ns, Reaching safepoint: 235703 ns, At safepoint: 37965 ns, Total: 273668 ns
[2020-09-11T16:10:13.010+0000][1][safepoint    ] Safepoint "Cleanup", Time since last: 1000123950 ns, Reaching safepoint: 84387 ns, At safepoint: 8610 ns, Total: 92997 ns
[2020-09-11T16:10:13.903+0000][1][safepoint    ] Safepoint "RevokeBias", Time since last: 892525400 ns, Reaching safepoint: 174676 ns, At safepoint: 29871 ns, Total: 204547 ns
[2020-09-11T16:10:14.397+0000][1][safepoint    ] Safepoint "BulkRevokeBias", Time since last: 494005000 ns, Reaching safepoint: 214357 ns, At safepoint: 259817 ns, Total: 474174 ns
[2020-09-11T16:10:15.398+0000][1][safepoint    ] Safepoint "Cleanup", Time since last: 1000166542 ns, Reaching safepoint: 158511 ns, At safepoint: 21877 ns, Total: 180388 ns
[2020-09-11T16:10:16.398+0000][1][safepoint    ] Safepoint "Cleanup", Time since last: 1000215170 ns, Reaching safepoint: 148789 ns, At safepoint: 21613 ns, Total: 170402 ns
[2020-09-11T16:10:17.399+0000][1][safepoint    ] Safepoint "Cleanup", Time since last: 1000216107 ns, Reaching safepoint: 144856 ns, At safepoint: 17310 ns, Total: 162166 ns
[2020-09-11T16:10:18.399+0000][1][safepoint    ] Safepoint "Cleanup", Time since last: 1000184006 ns, Reaching safepoint: 142283 ns, At safepoint: 17364 ns, Total: 159647 ns
[2020-09-11T16:10:19.399+0000][1][safepoint    ] Safepoint "Cleanup", Time since last: 1000156461 ns, Reaching safepoint: 131863 ns, At safepoint: 16842 ns, Total: 148705 ns
[2020-09-11T16:10:20.427+0000][1][safepoint    ] Safepoint "Cleanup", Time since last: 1027852524 ns, Reaching safepoint: 143990 ns, At safepoint: 16030 ns, Total: 160020 ns
[2020-09-11T16:10:21.427+0000][1][safepoint    ] Safepoint "Cleanup", Time since last: 1000169744 ns, Reaching safepoint: 130505 ns, At safepoint: 7065 ns, Total: 137570 ns
[2020-09-11T16:10:21.920+0000][1][safepoint    ] Safepoint "RevokeBias", Time since last: 491901920 ns, Reaching safepoint: 219038 ns, At safepoint: 27993 ns, Total: 247031 ns
[2020-09-11T16:10:21.976+0000][1][safepoint    ] Safepoint "RevokeBias", Time since last: 56553340 ns, Reaching safepoint: 89081 ns, At safepoint: 26799 ns, Total: 115880 ns
[2020-09-11T16:10:22.977+0000][1][safepoint    ] Safepoint "Cleanup", Time since last: 1000170934 ns, Reaching safepoint: 111366 ns, At safepoint: 10764 ns, Total: 122130 ns
[2020-09-11T16:10:23.923+0000][1][safepoint    ] Safepoint "RevokeBias", Time since last: 946199899 ns, Reaching safepoint: 95086 ns, At safepoint: 28882 ns, Total: 123968 ns
[2020-09-11T16:10:24.402+0000][1][safepoint    ] Safepoint "RevokeBias", Time since last: 479210550 ns, Reaching safepoint: 284712 ns, At safepoint: 48688 ns, Total: 333400 ns
[2020-09-11T16:10:25.403+0000][1][safepoint    ] Safepoint "Cleanup", Time since last: 1000196384 ns, Reaching safepoint: 104673 ns, At safepoint: 7977 ns, Total: 112650 ns
[2020-09-11T16:10:26.403+0000][1][safepoint    ] Safepoint "Cleanup", Time since last: 1000182383 ns, Reaching safepoint: 93855 ns, At safepoint: 8006 ns, Total: 101861 ns
[2020-09-11T16:10:27.403+0000][1][safepoint    ] Safepoint "Cleanup", Time since last: 1000147505 ns, Reaching safepoint: 105773 ns, At safepoint: 8124 ns, Total: 113897 ns
[2020-09-11T16:10:28.404+0000][1][safepoint    ] Safepoint "Cleanup", Time since last: 1000158145 ns, Reaching safepoint: 103782 ns, At safepoint: 7617 ns, Total: 111399 ns
[2020-09-11T16:10:29.404+0000][1][safepoint    ] Safepoint "Cleanup", Time since last: 1000158814 ns, Reaching safepoint: 154328 ns, At safepoint: 18499 ns, Total: 172827 ns
[2020-09-11T16:10:30.404+0000][1][safepoint    ] Safepoint "Cleanup", Time since last: 1000220460 ns, Reaching safepoint: 149820 ns, At safepoint: 18733 ns, Total: 168553 ns
[2020-09-11T16:10:31.405+0000][1][safepoint    ] Safepoint "Cleanup", Time since last: 1000167449 ns, Reaching safepoint: 141031 ns, At safepoint: 16491 ns, Total: 157522 ns
[2020-09-11T16:10:31.913+0000][1][safepoint    ] Safepoint "RevokeBias", Time since last: 508411135 ns, Reaching safepoint: 105759 ns, At safepoint: 30581 ns, Total: 136340 ns
[2020-09-11T16:10:31.977+0000][1][safepoint    ] Safepoint "RevokeBias", Time since last: 63897067 ns, Reaching safepoint: 99464 ns, At safepoint: 28682 ns, Total: 128146 ns
[2020-09-11T16:10:32.977+0000][1][safepoint    ] Safepoint "Cleanup", Time since last: 1000133416 ns, Reaching safepoint: 128589 ns, At safepoint: 8882 ns, Total: 137471 ns
[2020-09-11T16:10:33.662+0000][1][gc,start     ] GC(172) Pause Young (Allocation Failure)
[2020-09-11T16:10:33.662+0000][1][gc,task      ] GC(172) Using 1 workers of 1 for evacuation
[2020-09-11T16:10:33.679+0000][1][gc,age       ] GC(172) Desired survivor size 4358144 bytes, new threshold 6 (max threshold 6)
[2020-09-11T16:10:33.679+0000][1][gc,age       ] GC(172) Age table with threshold 6 (max threshold 6)
[2020-09-11T16:10:33.679+0000][1][gc,age       ] GC(172) - age   1:     521496 bytes,     521496 total
[2020-09-11T16:10:33.679+0000][1][gc,age       ] GC(172) - age   2:     785592 bytes,    1307088 total
[2020-09-11T16:10:33.679+0000][1][gc,age       ] GC(172) - age   3:      38144 bytes,    1345232 total
[2020-09-11T16:10:33.679+0000][1][gc,age       ] GC(172) - age   4:      58024 bytes,    1403256 total
[2020-09-11T16:10:33.679+0000][1][gc,age       ] GC(172) - age   5:     177608 bytes,    1580864 total
[2020-09-11T16:10:33.679+0000][1][gc,age       ] GC(172) - age   6:     234888 bytes,    1815752 total
[2020-09-11T16:10:33.679+0000][1][gc,heap      ] GC(172) ParNew: 70977K->1820K(76672K)
[2020-09-11T16:10:33.679+0000][1][gc,heap      ] GC(172) CMS: 101625K->101749K(439104K)
[2020-09-11T16:10:33.679+0000][1][gc,metaspace ] GC(172) Metaspace: 95380K->95380K(1136640K)
[2020-09-11T16:10:33.679+0000][1][gc           ] GC(172) Pause Young (Allocation Failure) 168M->101M(503M) 16.783ms
[2020-09-11T16:10:33.679+0000][1][gc,cpu       ] GC(172) User=0.00s Sys=0.00s Real=0.01s
[2020-09-11T16:10:33.681+0000][1][safepoint    ] Safepoint "GenCollectForAllocation", Time since last: 684369835 ns, Reaching safepoint: 196428 ns, At safepoint: 18479794 ns, Total: 18676222 ns
[2020-09-11T16:10:33.866+0000][1][safepoint    ] Safepoint "RevokeBias", Time since last: 185583741 ns, Reaching safepoint: 93377 ns, At safepoint: 26463 ns, Total: 119840 ns
[2020-09-11T16:10:34.427+0000][1][safepoint    ] Safepoint "RevokeBias", Time since last: 560428882 ns, Reaching safepoint: 86721 ns, At safepoint: 23248 ns, Total: 109969 ns
[2020-09-11T16:10:35.427+0000][1][safepoint    ] Safepoint "Cleanup", Time since last: 1000162839 ns, Reaching safepoint: 138996 ns, At safepoint: 18439 ns, Total: 157435 ns
[2020-09-11T16:10:36.427+0000][1][safepoint    ] Safepoint "Cleanup", Time since last: 1000160327 ns, Reaching safepoint: 157766 ns, At safepoint: 19057 ns, Total: 176823 ns
[2020-09-11T16:10:37.428+0000][1][safepoint    ] Safepoint "Cleanup", Time since last: 1000214680 ns, Reaching safepoint: 133246 ns, At safepoint: 17701 ns, Total: 150947 ns
[2020-09-11T16:10:37.635+0000][1][safepoint    ] Safepoint "RevokeBias", Time since last: 206533405 ns, Reaching safepoint: 198724 ns, At safepoint: 29000 ns, Total: 227724 ns
[2020-09-11T16:10:37.695+0000][1][safepoint    ] Safepoint "RevokeBias", Time since last: 60142959 ns, Reaching safepoint: 202884 ns, At safepoint: 22382 ns, Total: 225266 ns
[2020-09-11T16:10:37.698+0000][1][safepoint    ] Safepoint "BulkRevokeBias", Time since last: 2580568 ns, Reaching safepoint: 192073 ns, At safepoint: 216515 ns, Total: 408588 ns
[2020-09-11T16:10:37.703+0000][1][safepoint    ] Safepoint "RevokeBias", Time since last: 4507002 ns, Reaching safepoint: 196753 ns, At safepoint: 22921 ns, Total: 219674 ns
[2020-09-11T16:10:37.703+0000][1][safepoint    ] Safepoint "RevokeBias", Time since last: 169292 ns, Reaching safepoint: 172718 ns, At safepoint: 15337 ns, Total: 188055 ns
[2020-09-11T16:10:38.703+0000][1][safepoint    ] Safepoint "Cleanup", Time since last: 1000131139 ns, Reaching safepoint: 161999 ns, At safepoint: 26494 ns, Total: 188493 ns
[2020-09-11T16:10:39.704+0000][1][safepoint    ] Safepoint "Cleanup", Time since last: 1000398315 ns, Reaching safepoint: 115841 ns, At safepoint: 7784 ns, Total: 123625 ns
[2020-09-11T16:10:40.704+0000][1][safepoint    ] Safepoint "Cleanup", Time since last: 1000175923 ns, Reaching safepoint: 158725 ns, At safepoint: 20808 ns, Total: 179533 ns
[2020-09-11T16:10:41.705+0000][1][safepoint    ] Safepoint "Cleanup", Time since last: 1000210979 ns, Reaching safepoint: 165226 ns, At safepoint: 18867 ns, Total: 184093 ns
[2020-09-11T16:10:41.921+0000][1][safepoint    ] Safepoint "RevokeBias", Time since last: 216374575 ns, Reaching safepoint: 98461 ns, At safepoint: 22937 ns, Total: 121398 ns
[2020-09-11T16:10:42.006+0000][1][safepoint    ] Safepoint "RevokeBias", Time since last: 84602357 ns, Reaching safepoint: 173762 ns, At safepoint: 50363 ns, Total: 224125 ns
[2020-09-11T16:10:43.006+0000][1][safepoint    ] Safepoint "Cleanup", Time since last: 1000203767 ns, Reaching safepoint: 166221 ns, At safepoint: 20240 ns, Total: 186461 ns
[2020-09-11T16:10:43.845+0000][1][safepoint    ] Safepoint "RevokeBias", Time since last: 838610704 ns, Reaching safepoint: 176809 ns, At safepoint: 50142 ns, Total: 226951 ns
[2020-09-11T16:10:44.410+0000][1][safepoint    ] Safepoint "RevokeBias", Time since last: 564428288 ns, Reaching safepoint: 204648 ns, At safepoint: 34689 ns, Total: 239337 ns
[2020-09-11T16:10:45.410+0000][1][safepoint    ] Safepoint "Cleanup", Time since last: 1000199511 ns, Reaching safepoint: 106795 ns, At safepoint: 7466 ns, Total: 114261 ns
[2020-09-11T16:10:46.410+0000][1][safepoint    ] Safepoint "Cleanup", Time since last: 1000152113 ns, Reaching safepoint: 141622 ns, At safepoint: 21499 ns, Total: 163121 ns
[2020-09-11T16:10:47.411+0000][1][safepoint    ] Safepoint "Cleanup", Time since last: 1000217510 ns, Reaching safepoint: 146012 ns, At safepoint: 19244 ns, Total: 165256 ns
[2020-09-11T16:10:48.411+0000][1][safepoint    ] Safepoint "Cleanup", Time since last: 1000207783 ns, Reaching safepoint: 109404 ns, At safepoint: 8693 ns, Total: 118097 ns
[2020-09-11T16:10:49.411+0000][1][safepoint    ] Safepoint "Cleanup", Time since last: 1000189180 ns, Reaching safepoint: 152861 ns, At safepoint: 20838 ns, Total: 173699 ns
[2020-09-11T16:10:50.451+0000][1][safepoint    ] Safepoint "Cleanup", Time since last: 1039319592 ns, Reaching safepoint: 104093 ns, At safepoint: 8343 ns, Total: 112436 ns
[2020-09-11T16:10:51.451+0000][1][safepoint    ] Safepoint "Cleanup", Time since last: 1000212348 ns, Reaching safepoint: 106604 ns, At safepoint: 8862 ns, Total: 115466 ns
[2020-09-11T16:10:51.910+0000][1][safepoint    ] Safepoint "RevokeBias", Time since last: 458626486 ns, Reaching safepoint: 85590 ns, At safepoint: 24063 ns, Total: 109653 ns
[2020-09-11T16:10:51.985+0000][1][safepoint    ] Safepoint "RevokeBias", Time since last: 74311937 ns, Reaching safepoint: 279970 ns, At safepoint: 56309 ns, Total: 336279 ns
[2020-09-11T16:10:52.985+0000][1][safepoint    ] Safepoint "Cleanup", Time since last: 1000205638 ns, Reaching safepoint: 152163 ns, At safepoint: 19979 ns, Total: 172142 ns
[2020-09-11T16:10:54.017+0000][1][safepoint    ] Safepoint "Cleanup", Time since last: 1000189868 ns, Reaching safepoint: 32029319 ns, At safepoint: 11853 ns, Total: 32041172 ns
[2020-09-11T16:10:54.051+0000][1][safepoint    ] Safepoint "RevokeBias", Time since last: 33779754 ns, Reaching safepoint: 89749 ns, At safepoint: 41641 ns, Total: 131390 ns
[2020-09-11T16:10:54.536+0000][1][safepoint    ] Safepoint "RevokeBias", Time since last: 485132354 ns, Reaching safepoint: 86042 ns, At safepoint: 23478 ns, Total: 109520 ns
[2020-09-11T16:10:55.537+0000][1][safepoint    ] Safepoint "Cleanup", Time since last: 1000197670 ns, Reaching safepoint: 103365 ns, At safepoint: 7928 ns, Total: 111293 ns
[2020-09-11T16:10:56.537+0000][1][safepoint    ] Safepoint "Cleanup", Time since last: 1000223885 ns, Reaching safepoint: 105230 ns, At safepoint: 9838 ns, Total: 115068 ns
[2020-09-11T16:10:56.832+0000][1][gc,start     ] GC(173) Pause Young (Allocation Failure)
[2020-09-11T16:10:56.832+0000][1][gc,task      ] GC(173) Using 1 workers of 1 for evacuation
[2020-09-11T16:10:56.839+0000][1][gc,age       ] GC(173) Desired survivor size 4358144 bytes, new threshold 6 (max threshold 6)
[2020-09-11T16:10:56.839+0000][1][gc,age       ] GC(173) Age table with threshold 6 (max threshold 6)
[2020-09-11T16:10:56.839+0000][1][gc,age       ] GC(173) - age   1:     336616 bytes,     336616 total
[2020-09-11T16:10:56.839+0000][1][gc,age       ] GC(173) - age   2:     393704 bytes,     730320 total
[2020-09-11T16:10:56.839+0000][1][gc,age       ] GC(173) - age   3:     785400 bytes,    1515720 total
[2020-09-11T16:10:56.839+0000][1][gc,age       ] GC(173) - age   4:      38144 bytes,    1553864 total
[2020-09-11T16:10:56.839+0000][1][gc,age       ] GC(173) - age   5:      56784 bytes,    1610648 total
[2020-09-11T16:10:56.839+0000][1][gc,age       ] GC(173) - age   6:     177608 bytes,    1788256 total
[2020-09-11T16:10:56.839+0000][1][gc,heap      ] GC(173) ParNew: 69980K->3115K(76672K)
[2020-09-11T16:10:56.839+0000][1][gc,heap      ] GC(173) CMS: 101749K->101864K(439104K)
[2020-09-11T16:10:56.839+0000][1][gc,metaspace ] GC(173) Metaspace: 95382K->95382K(1136640K)
[2020-09-11T16:10:56.839+0000][1][gc           ] GC(173) Pause Young (Allocation Failure) 167M->102M(503M) 6.912ms
[2020-09-11T16:10:56.839+0000][1][gc,cpu       ] GC(173) User=0.01s Sys=0.00s Real=0.01s
[2020-09-11T16:10:56.839+0000][1][safepoint    ] Safepoint "GenCollectForAllocation", Time since last: 294720884 ns, Reaching safepoint: 89707 ns, At safepoint: 6992143 ns, Total: 7081850 ns
[2020-09-11T16:10:57.840+0000][1][safepoint    ] Safepoint "Cleanup", Time since last: 1000864899 ns, Reaching safepoint: 112885 ns, At safepoint: 78563 ns, Total: 191448 ns
[2020-09-11T16:10:58.840+0000][1][safepoint    ] Safepoint "Cleanup", Time since last: 1000177797 ns, Reaching safepoint: 148993 ns, At safepoint: 41508 ns, Total: 190501 ns
[2020-09-11T16:10:59.841+0000][1][safepoint    ] Safepoint "Cleanup", Time since last: 1000210485 ns, Reaching safepoint: 117986 ns, At safepoint: 8293 ns, Total: 126279 ns
[2020-09-11T16:11:00.841+0000][1][safepoint    ] Safepoint "Cleanup", Time since last: 1000144779 ns, Reaching safepoint: 121920 ns, At safepoint: 6509 ns, Total: 128429 ns
[2020-09-11T16:11:01.841+0000][1][safepoint    ] Safepoint "Cleanup", Time since last: 1000203136 ns, Reaching safepoint: 109029 ns, At safepoint: 9059 ns, Total: 118088 ns
[2020-09-11T16:11:01.916+0000][1][safepoint    ] Safepoint "RevokeBias", Time since last: 75123369 ns, Reaching safepoint: 96440 ns, At safepoint: 26566 ns, Total: 123006 ns
[2020-09-11T16:11:01.988+0000][1][safepoint    ] Safepoint "RevokeBias", Time since last: 71685116 ns, Reaching safepoint: 213896 ns, At safepoint: 27644 ns, Total: 241540 ns
[2020-09-11T16:11:02.989+0000][1][safepoint    ] Safepoint "Cleanup", Time since last: 1000161722 ns, Reaching safepoint: 113714 ns, At safepoint: 9687 ns, Total: 123401 ns
[2020-09-11T16:11:03.841+0000][1][safepoint    ] Safepoint "RevokeBias", Time since last: 852476080 ns, Reaching safepoint: 92696 ns, At safepoint: 23695 ns, Total: 116391 ns
[2020-09-11T16:11:04.426+0000][1][safepoint    ] Safepoint "RevokeBias", Time since last: 584629515 ns, Reaching safepoint: 86336 ns, At safepoint: 22435 ns, Total: 108771 ns
[2020-09-11T16:11:05.426+0000][1][safepoint    ] Safepoint "Cleanup", Time since last: 1000167186 ns, Reaching safepoint: 147926 ns, At safepoint: 20852 ns, Total: 168778 ns
[2020-09-11T16:11:06.427+0000][1][safepoint    ] Safepoint "Cleanup", Time since last: 1000213581 ns, Reaching safepoint: 146701 ns, At safepoint: 19244 ns, Total: 165945 ns
[2020-09-11T16:11:07.427+0000][1][safepoint    ] Safepoint "Cleanup", Time since last: 1000175921 ns, Reaching safepoint: 121483 ns, At safepoint: 8288 ns, Total: 129771 ns
[2020-09-11T16:11:08.427+0000][1][safepoint    ] Safepoint "Cleanup", Time since last: 1000170468 ns, Reaching safepoint: 149721 ns, At safepoint: 19154 ns, Total: 168875 ns
[2020-09-11T16:11:09.428+0000][1][safepoint    ] Safepoint "Cleanup", Time since last: 1000227018 ns, Reaching safepoint: 110040 ns, At safepoint: 8362 ns, Total: 118402 ns
[2020-09-11T16:11:10.430+0000][1][safepoint    ] Safepoint "Cleanup", Time since last: 1002590686 ns, Reaching safepoint: 153449 ns, At safepoint: 19485 ns, Total: 172934 ns
[2020-09-11T16:11:11.431+0000][1][safepoint    ] Safepoint "Cleanup", Time since last: 1000217195 ns, Reaching safepoint: 148451 ns, At safepoint: 19301 ns, Total: 167752 ns
[2020-09-11T16:11:11.911+0000][1][safepoint    ] Safepoint "RevokeBias", Time since last: 479920629 ns, Reaching safepoint: 96946 ns, At safepoint: 91941 ns, Total: 188887 ns
[2020-09-11T16:11:11.979+0000][1][safepoint    ] Safepoint "RevokeBias", Time since last: 67539982 ns, Reaching safepoint: 213797 ns, At safepoint: 27296 ns, Total: 241093 ns
[2020-09-11T16:11:12.979+0000][1][safepoint    ] Safepoint "Cleanup", Time since last: 1000180421 ns, Reaching safepoint: 107473 ns, At safepoint: 8400 ns, Total: 115873 ns
[2020-09-11T16:11:13.908+0000][1][safepoint    ] Safepoint "RevokeBias", Time since last: 929150770 ns, Reaching safepoint: 148934 ns, At safepoint: 24647 ns, Total: 173581 ns
[2020-09-11T16:11:14.399+0000][1][safepoint    ] Safepoint "RevokeBias", Time since last: 490234058 ns, Reaching safepoint: 169892 ns, At safepoint: 26255 ns, Total: 196147 ns
[2020-09-11T16:11:15.399+0000][1][safepoint    ] Safepoint "Cleanup", Time since last: 1000141881 ns, Reaching safepoint: 124061 ns, At safepoint: 10566 ns, Total: 134627 ns
[2020-09-11T16:11:16.399+0000][1][safepoint    ] Safepoint "Cleanup", Time since last: 1000167605 ns, Reaching safepoint: 111553 ns, At safepoint: 10404 ns, Total: 121957 ns
[2020-09-11T16:11:17.400+0000][1][safepoint    ] Safepoint "Cleanup", Time since last: 1000144943 ns, Reaching safepoint: 144743 ns, At safepoint: 17430 ns, Total: 162173 ns
[2020-09-11T16:11:18.400+0000][1][safepoint    ] Safepoint "Cleanup", Time since last: 1000226542 ns, Reaching safepoint: 102719 ns, At safepoint: 9430 ns, Total: 112149 ns
[2020-09-11T16:11:19.400+0000][1][safepoint    ] Safepoint "Cleanup", Time since last: 1000181474 ns, Reaching safepoint: 149256 ns, At safepoint: 19658 ns, Total: 168914 ns
[2020-09-11T16:11:20.436+0000][1][safepoint    ] Safepoint "Cleanup", Time since last: 1035381796 ns, Reaching safepoint: 145374 ns, At safepoint: 19725 ns, Total: 165099 ns
[2020-09-11T16:11:21.436+0000][1][safepoint    ] Safepoint "Cleanup", Time since last: 1000229799 ns, Reaching safepoint: 146897 ns, At safepoint: 20437 ns, Total: 167334 ns
[2020-09-11T16:11:21.904+0000][1][safepoint    ] Safepoint "RevokeBias", Time since last: 467382927 ns, Reaching safepoint: 210759 ns, At safepoint: 24981 ns, Total: 235740 ns
[2020-09-11T16:11:22.002+0000][1][safepoint    ] Safepoint "RevokeBias", Time since last: 98336399 ns, Reaching safepoint: 168314 ns, At safepoint: 49483 ns, Total: 217797 ns
[2020-09-11T16:11:23.003+0000][1][safepoint    ] Safepoint "Cleanup", Time since last: 1000208436 ns, Reaching safepoint: 107649 ns, At safepoint: 10030 ns, Total: 117679 ns
[2020-09-11T16:11:23.829+0000][1][gc,start     ] GC(174) Pause Young (Allocation Failure)
[2020-09-11T16:11:23.829+0000][1][gc,task      ] GC(174) Using 1 workers of 1 for evacuation
[2020-09-11T16:11:23.842+0000][1][gc,age       ] GC(174) Desired survivor size 4358144 bytes, new threshold 6 (max threshold 6)
[2020-09-11T16:11:23.842+0000][1][gc,age       ] GC(174) Age table with threshold 6 (max threshold 6)
[2020-09-11T16:11:23.842+0000][1][gc,age       ] GC(174) - age   1:     306960 bytes,     306960 total
[2020-09-11T16:11:23.842+0000][1][gc,age       ] GC(174) - age   2:     292424 bytes,     599384 total
[2020-09-11T16:11:23.842+0000][1][gc,age       ] GC(174) - age   3:     388600 bytes,     987984 total
[2020-09-11T16:11:23.842+0000][1][gc,age       ] GC(174) - age   4:     784160 bytes,    1772144 total
[2020-09-11T16:11:23.842+0000][1][gc,age       ] GC(174) - age   5:      37848 bytes,    1809992 total
[2020-09-11T16:11:23.842+0000][1][gc,age       ] GC(174) - age   6:      56784 bytes,    1866776 total
[2020-09-11T16:11:23.843+0000][1][gc,heap      ] GC(174) ParNew: 71275K->2088K(76672K)
[2020-09-11T16:11:23.843+0000][1][gc,heap      ] GC(174) CMS: 101864K->101936K(439104K)
[2020-09-11T16:11:23.843+0000][1][gc,metaspace ] GC(174) Metaspace: 95385K->95385K(1136640K)
[2020-09-11T16:11:23.843+0000][1][gc           ] GC(174) Pause Young (Allocation Failure) 169M->101M(503M) 13.688ms
[2020-09-11T16:11:23.843+0000][1][gc,cpu       ] GC(174) User=0.00s Sys=0.00s Real=0.02s
[2020-09-11T16:11:23.843+0000][1][safepoint    ] Safepoint "GenCollectForAllocation", Time since last: 823902754 ns, Reaching safepoint: 2165194 ns, At safepoint: 13758068 ns, Total: 15923262 ns
[2020-09-11T16:11:23.887+0000][1][safepoint    ] Safepoint "RevokeBias", Time since last: 44253936 ns, Reaching safepoint: 91988 ns, At safepoint: 39304 ns, Total: 131292 ns
[2020-09-11T16:11:24.414+0000][1][safepoint    ] Safepoint "BulkRevokeBias", Time since last: 526535434 ns, Reaching safepoint: 91948 ns, At safepoint: 291430 ns, Total: 383378 ns
[2020-09-11T16:11:25.930+0000][1][safepoint    ] Safepoint "Cleanup", Time since last: 1515789539 ns, Reaching safepoint: 147950 ns, At safepoint: 9133 ns, Total: 157083 ns
[2020-09-11T16:11:26.930+0000][1][safepoint    ] Safepoint "Cleanup", Time since last: 1000136605 ns, Reaching safepoint: 121134 ns, At safepoint: 8233 ns, Total: 129367 ns
[2020-09-11T16:11:27.931+0000][1][safepoint    ] Safepoint "Cleanup", Time since last: 1000191468 ns, Reaching safepoint: 150165 ns, At safepoint: 20099 ns, Total: 170264 ns
[2020-09-11T16:11:28.931+0000][1][safepoint    ] Safepoint "Cleanup", Time since last: 1000221099 ns, Reaching safepoint: 103637 ns, At safepoint: 7342 ns, Total: 110979 ns
[2020-09-11T16:11:30.503+0000][1][safepoint    ] Safepoint "Cleanup", Time since last: 1571811333 ns, Reaching safepoint: 134802 ns, At safepoint: 8545 ns, Total: 143347 ns
[2020-09-11T16:11:31.503+0000][1][safepoint    ] Safepoint "Cleanup", Time since last: 1000205380 ns, Reaching safepoint: 162677 ns, At safepoint: 20250 ns, Total: 182927 ns
[2020-09-11T16:11:31.918+0000][1][safepoint    ] Safepoint "RevokeBias", Time since last: 414987892 ns, Reaching safepoint: 89637 ns, At safepoint: 25000 ns, Total: 114637 ns
[2020-09-11T16:11:31.979+0000][1][safepoint    ] Safepoint "RevokeBias", Time since last: 60918513 ns, Reaching safepoint: 217130 ns, At safepoint: 29948 ns, Total: 247078 ns
[2020-09-11T16:11:32.980+0000][1][safepoint    ] Safepoint "Cleanup", Time since last: 1000170743 ns, Reaching safepoint: 151445 ns, At safepoint: 20005 ns, Total: 171450 ns
[2020-09-11T16:11:33.870+0000][1][safepoint    ] Safepoint "RevokeBias", Time since last: 889996001 ns, Reaching safepoint: 94399 ns, At safepoint: 24684 ns, Total: 119083 ns
[2020-09-11T16:11:34.421+0000][1][safepoint    ] Safepoint "RevokeBias", Time since last: 551252926 ns, Reaching safepoint: 92705 ns, At safepoint: 23756 ns, Total: 116461 ns
[2020-09-11T16:11:35.422+0000][1][safepoint    ] Safepoint "Cleanup", Time since last: 1000176458 ns, Reaching safepoint: 98166 ns, At safepoint: 8161 ns, Total: 106327 ns
[2020-09-11T16:11:36.422+0000][1][safepoint    ] Safepoint "Cleanup", Time since last: 1000169337 ns, Reaching safepoint: 148849 ns, At safepoint: 20163 ns, Total: 169012 ns
[2020-09-11T16:11:37.422+0000][1][safepoint    ] Safepoint "Cleanup", Time since last: 1000229913 ns, Reaching safepoint: 147152 ns, At safepoint: 19608 ns, Total: 166760 ns
[2020-09-11T16:11:38.423+0000][1][safepoint    ] Safepoint "Cleanup", Time since last: 1000221535 ns, Reaching safepoint: 109558 ns, At safepoint: 8122 ns, Total: 117680 ns
[2020-09-11T16:11:39.423+0000][1][safepoint    ] Safepoint "Cleanup", Time since last: 1000173886 ns, Reaching safepoint: 141051 ns, At safepoint: 17503 ns, Total: 158554 ns
[2020-09-11T16:11:40.454+0000][1][safepoint    ] Safepoint "Cleanup", Time since last: 1030930159 ns, Reaching safepoint: 149497 ns, At safepoint: 20113 ns, Total: 169610 ns
[2020-09-11T16:11:41.454+0000][1][safepoint    ] Safepoint "Cleanup", Time since last: 1000220169 ns, Reaching safepoint: 100499 ns, At safepoint: 8753 ns, Total: 109252 ns
[2020-09-11T16:11:41.918+0000][1][safepoint    ] Safepoint "RevokeBias", Time since last: 463522580 ns, Reaching safepoint: 92808 ns, At safepoint: 26853 ns, Total: 119661 ns
[2020-09-11T16:11:41.983+0000][1][safepoint    ] Safepoint "RevokeBias", Time since last: 64452495 ns, Reaching safepoint: 91178 ns, At safepoint: 26643 ns, Total: 117821 ns
[2020-09-11T16:11:42.983+0000][1][safepoint    ] Safepoint "Cleanup", Time since last: 1000171039 ns, Reaching safepoint: 149510 ns, At safepoint: 18266 ns, Total: 167776 ns
[2020-09-11T16:11:43.806+0000][1][safepoint    ] Safepoint "RevokeBias", Time since last: 822920602 ns, Reaching safepoint: 88134 ns, At safepoint: 24164 ns, Total: 112298 ns
[2020-09-11T16:11:44.402+0000][1][safepoint    ] Safepoint "RevokeBias", Time since last: 595545938 ns, Reaching safepoint: 90605 ns, At safepoint: 23942 ns, Total: 114547 ns
[2020-09-11T16:11:45.402+0000][1][safepoint    ] Safepoint "Cleanup", Time since last: 1000182242 ns, Reaching safepoint: 106563 ns, At safepoint: 7888 ns, Total: 114451 ns
[2020-09-11T16:11:46.402+0000][1][safepoint    ] Safepoint "Cleanup", Time since last: 1000169880 ns, Reaching safepoint: 104255 ns, At safepoint: 8387 ns, Total: 112642 ns
[2020-09-11T16:11:47.403+0000][1][safepoint    ] Safepoint "Cleanup", Time since last: 1000203851 ns, Reaching safepoint: 101436 ns, At safepoint: 8636 ns, Total: 110072 ns
[2020-09-11T16:11:48.403+0000][1][safepoint    ] Safepoint "Cleanup", Time since last: 1000150857 ns, Reaching safepoint: 146965 ns, At safepoint: 20383 ns, Total: 167348 ns
[2020-09-11T16:11:49.403+0000][1][safepoint    ] Safepoint "Cleanup", Time since last: 1000249379 ns, Reaching safepoint: 157017 ns, At safepoint: 19134 ns, Total: 176151 ns
[2020-09-11T16:11:50.446+0000][1][safepoint    ] Safepoint "Cleanup", Time since last: 1043095793 ns, Reaching safepoint: 107452 ns, At safepoint: 8405 ns, Total: 115857 ns
[2020-09-11T16:11:51.447+0000][1][safepoint    ] Safepoint "Cleanup", Time since last: 1000214696 ns, Reaching safepoint: 89990 ns, At safepoint: 8377 ns, Total: 98367 ns
[2020-09-11T16:11:51.915+0000][1][safepoint    ] Safepoint "RevokeBias", Time since last: 467696485 ns, Reaching safepoint: 91878 ns, At safepoint: 22603 ns, Total: 114481 ns
[2020-09-11T16:11:51.975+0000][1][safepoint    ] Safepoint "RevokeBias", Time since last: 60694255 ns, Reaching safepoint: 92976 ns, At safepoint: 26979 ns, Total: 119955 ns
[2020-09-11T16:11:52.976+0000][1][safepoint    ] Safepoint "Cleanup", Time since last: 1000172057 ns, Reaching safepoint: 105606 ns, At safepoint: 8169 ns, Total: 113775 ns
[2020-09-11T16:11:53.787+0000][1][gc,start     ] GC(175) Pause Young (Allocation Failure)
[2020-09-11T16:11:53.787+0000][1][gc,task      ] GC(175) Using 1 workers of 1 for evacuation
[2020-09-11T16:11:53.796+0000][1][gc,age       ] GC(175) Desired survivor size 4358144 bytes, new threshold 6 (max threshold 6)
[2020-09-11T16:11:53.796+0000][1][gc,age       ] GC(175) Age table with threshold 6 (max threshold 6)
[2020-09-11T16:11:53.796+0000][1][gc,age       ] GC(175) - age   1:     215792 bytes,     215792 total
[2020-09-11T16:11:53.796+0000][1][gc,age       ] GC(175) - age   2:     169056 bytes,     384848 total
[2020-09-11T16:11:53.796+0000][1][gc,age       ] GC(175) - age   3:     290336 bytes,     675184 total
[2020-09-11T16:11:53.796+0000][1][gc,age       ] GC(175) - age   4:     387264 bytes,    1062448 total
[2020-09-11T16:11:53.796+0000][1][gc,age       ] GC(175) - age   5:     784160 bytes,    1846608 total
[2020-09-11T16:11:53.796+0000][1][gc,age       ] GC(175) - age   6:      37848 bytes,    1884456 total
[2020-09-11T16:11:53.796+0000][1][gc,heap      ] GC(175) ParNew: 70248K->3256K(76672K)
[2020-09-11T16:11:53.796+0000][1][gc,heap      ] GC(175) CMS: 101936K->101971K(439104K)
[2020-09-11T16:11:53.796+0000][1][gc,metaspace ] GC(175) Metaspace: 95402K->95402K(1136640K)
[2020-09-11T16:11:53.796+0000][1][gc           ] GC(175) Pause Young (Allocation Failure) 168M->102M(503M) 9.353ms
[2020-09-11T16:11:53.796+0000][1][gc,cpu       ] GC(175) User=0.00s Sys=0.00s Real=0.01s
[2020-09-11T16:11:53.801+0000][1][safepoint    ] Safepoint "GenCollectForAllocation", Time since last: 811064774 ns, Reaching safepoint: 166770 ns, At safepoint: 14187420 ns, Total: 14354190 ns
[2020-09-11T16:11:53.892+0000][1][safepoint    ] Safepoint "RevokeBias", Time since last: 90316467 ns, Reaching safepoint: 93395 ns, At safepoint: 23295 ns, Total: 116690 ns
[2020-09-11T16:11:54.399+0000][1][safepoint    ] Safepoint "RevokeBias", Time since last: 506912392 ns, Reaching safepoint: 87495 ns, At safepoint: 23103 ns, Total: 110598 ns
[2020-09-11T16:11:55.399+0000][1][safepoint    ] Safepoint "Cleanup", Time since last: 1000158909 ns, Reaching safepoint: 145247 ns, At safepoint: 19107 ns, Total: 164354 ns
[2020-09-11T16:11:56.399+0000][1][safepoint    ] Safepoint "Cleanup", Time since last: 1000185679 ns, Reaching safepoint: 194837 ns, At safepoint: 20741 ns, Total: 215578 ns
[2020-09-11T16:11:57.400+0000][1][safepoint    ] Safepoint "Cleanup", Time since last: 1000196017 ns, Reaching safepoint: 106080 ns, At safepoint: 8300 ns, Total: 114380 ns
[2020-09-11T16:11:58.400+0000][1][safepoint    ] Safepoint "Cleanup", Time since last: 1000146098 ns, Reaching safepoint: 153516 ns, At safepoint: 19972 ns, Total: 173488 ns
[2020-09-11T16:11:59.400+0000][1][safepoint    ] Safepoint "Cleanup", Time since last: 1000210902 ns, Reaching safepoint: 143265 ns, At safepoint: 18636 ns, Total: 161901 ns
[2020-09-11T16:12:00.401+0000][1][safepoint    ] Safepoint "Cleanup", Time since last: 1000203638 ns, Reaching safepoint: 130059 ns, At safepoint: 7894 ns, Total: 137953 ns
[2020-09-11T16:12:01.401+0000][1][safepoint    ] Safepoint "Cleanup", Time since last: 1000186886 ns, Reaching safepoint: 151796 ns, At safepoint: 20380 ns, Total: 172176 ns
[2020-09-11T16:12:01.919+0000][1][safepoint    ] Safepoint "RevokeBias", Time since last: 517495701 ns, Reaching safepoint: 89535 ns, At safepoint: 23989 ns, Total: 113524 ns
[2020-09-11T16:12:01.977+0000][1][safepoint    ] Safepoint "RevokeBias", Time since last: 57744177 ns, Reaching safepoint: 164650 ns, At safepoint: 68241 ns, Total: 232891 ns
[2020-09-11T16:12:02.977+0000][1][safepoint    ] Safepoint "Cleanup", Time since last: 1000189915 ns, Reaching safepoint: 105837 ns, At safepoint: 16686 ns, Total: 122523 ns
[2020-09-11T16:12:03.809+0000][1][safepoint    ] Safepoint "RevokeBias", Time since last: 832111344 ns, Reaching safepoint: 93947 ns, At safepoint: 22093 ns, Total: 116040 ns
[2020-09-11T16:12:04.409+0000][1][safepoint    ] Safepoint "RevokeBias", Time since last: 599284306 ns, Reaching safepoint: 198065 ns, At safepoint: 49005 ns, Total: 247070 ns
[2020-09-11T16:12:05.409+0000][1][safepoint    ] Safepoint "Cleanup", Time since last: 1000220477 ns, Reaching safepoint: 143032 ns, At safepoint: 19549 ns, Total: 162581 ns
[2020-09-11T16:12:06.409+0000][1][safepoint    ] Safepoint "Cleanup", Time since last: 1000224513 ns, Reaching safepoint: 151064 ns, At safepoint: 19645 ns, Total: 170709 ns
[2020-09-11T16:12:07.410+0000][1][safepoint    ] Safepoint "Cleanup", Time since last: 1000216299 ns, Reaching safepoint: 109453 ns, At safepoint: 8877 ns, Total: 118330 ns
[2020-09-11T16:12:08.410+0000][1][safepoint    ] Safepoint "Cleanup", Time since last: 1000179585 ns, Reaching safepoint: 149249 ns, At safepoint: 20217 ns, Total: 169466 ns
[2020-09-11T16:12:09.411+0000][1][safepoint    ] Safepoint "Cleanup", Time since last: 1000238286 ns, Reaching safepoint: 151474 ns, At safepoint: 18904 ns, Total: 170378 ns
[2020-09-11T16:12:10.416+0000][1][safepoint    ] Safepoint "Cleanup", Time since last: 1005547561 ns, Reaching safepoint: 80696 ns, At safepoint: 7150 ns, Total: 87846 ns
[2020-09-11T16:12:11.417+0000][1][safepoint    ] Safepoint "Cleanup", Time since last: 1000186983 ns, Reaching safepoint: 147479 ns, At safepoint: 19271 ns, Total: 166750 ns
[2020-09-11T16:12:11.967+0000][1][safepoint    ] Safepoint "RevokeBias", Time since last: 550546149 ns, Reaching safepoint: 91999 ns, At safepoint: 24355 ns, Total: 116354 ns
[2020-09-11T16:12:11.981+0000][1][safepoint    ] Safepoint "RevokeBias", Time since last: 13746004 ns, Reaching safepoint: 86924 ns, At safepoint: 23891 ns, Total: 110815 ns
[2020-09-11T16:12:12.981+0000][1][safepoint    ] Safepoint "Cleanup", Time since last: 1000207171 ns, Reaching safepoint: 101018 ns, At safepoint: 8104 ns, Total: 109122 ns
[2020-09-11T16:12:13.907+0000][1][safepoint    ] Safepoint "RevokeBias", Time since last: 925645882 ns, Reaching safepoint: 87125 ns, At safepoint: 22518 ns, Total: 109643 ns
[2020-09-11T16:12:14.397+0000][1][safepoint    ] Safepoint "RevokeBias", Time since last: 489439226 ns, Reaching safepoint: 226741 ns, At safepoint: 24096 ns, Total: 250837 ns
[2020-09-11T16:12:15.397+0000][1][safepoint    ] Safepoint "Cleanup", Time since last: 1000150368 ns, Reaching safepoint: 160565 ns, At safepoint: 22525 ns, Total: 183090 ns
[2020-09-11T16:12:16.397+0000][1][safepoint    ] Safepoint "Cleanup", Time since last: 1000159960 ns, Reaching safepoint: 89538 ns, At safepoint: 10306 ns, Total: 99844 ns
[2020-09-11T16:12:17.398+0000][1][safepoint    ] Safepoint "Cleanup", Time since last: 1000147540 ns, Reaching safepoint: 96756 ns, At safepoint: 8287 ns, Total: 105043 ns
[2020-09-11T16:12:18.398+0000][1][safepoint    ] Safepoint "Cleanup", Time since last: 1000138114 ns, Reaching safepoint: 155360 ns, At safepoint: 22693 ns, Total: 178053 ns
[2020-09-11T16:12:19.398+0000][1][safepoint    ] Safepoint "Cleanup", Time since last: 1000250217 ns, Reaching safepoint: 109218 ns, At safepoint: 9299 ns, Total: 118517 ns
[2020-09-11T16:12:20.441+0000][1][safepoint    ] Safepoint "Cleanup", Time since last: 1042241347 ns, Reaching safepoint: 104832 ns, At safepoint: 7787 ns, Total: 112619 ns
[2020-09-11T16:12:21.441+0000][1][safepoint    ] Safepoint "Cleanup", Time since last: 1000150656 ns, Reaching safepoint: 152106 ns, At safepoint: 20534 ns, Total: 172640 ns
[2020-09-11T16:12:21.914+0000][1][safepoint    ] Safepoint "RevokeBias", Time since last: 473024895 ns, Reaching safepoint: 103332 ns, At safepoint: 28329 ns, Total: 131661 ns
[2020-09-11T16:12:21.976+0000][1][safepoint    ] Safepoint "RevokeBias", Time since last: 61740883 ns, Reaching safepoint: 95194 ns, At safepoint: 26983 ns, Total: 122177 ns
[2020-09-11T16:12:22.976+0000][1][safepoint    ] Safepoint "Cleanup", Time since last: 1000167509 ns, Reaching safepoint: 155587 ns, At safepoint: 20641 ns, Total: 176228 ns
[2020-09-11T16:12:23.665+0000][1][gc,start     ] GC(176) Pause Young (Allocation Failure)
[2020-09-11T16:12:23.665+0000][1][gc,task      ] GC(176) Using 1 workers of 1 for evacuation
[2020-09-11T16:12:23.680+0000][1][gc,age       ] GC(176) Desired survivor size 4358144 bytes, new threshold 6 (max threshold 6)
[2020-09-11T16:12:23.680+0000][1][gc,age       ] GC(176) Age table with threshold 6 (max threshold 6)
[2020-09-11T16:12:23.680+0000][1][gc,age       ] GC(176) - age   1:     119000 bytes,     119000 total
[2020-09-11T16:12:23.680+0000][1][gc,age       ] GC(176) - age   2:      83936 bytes,     202936 total
[2020-09-11T16:12:23.680+0000][1][gc,age       ] GC(176) - age   3:     168440 bytes,     371376 total
[2020-09-11T16:12:23.680+0000][1][gc,age       ] GC(176) - age   4:     289096 bytes,     660472 total
[2020-09-11T16:12:23.680+0000][1][gc,age       ] GC(176) - age   5:     387264 bytes,    1047736 total
[2020-09-11T16:12:23.680+0000][1][gc,age       ] GC(176) - age   6:     782624 bytes,    1830360 total
[2020-09-11T16:12:23.680+0000][1][gc,heap      ] GC(176) ParNew: 71416K->2194K(76672K)
[2020-09-11T16:12:23.680+0000][1][gc,heap      ] GC(176) CMS: 101971K->102008K(439104K)
[2020-09-11T16:12:23.680+0000][1][gc,metaspace ] GC(176) Metaspace: 95429K->95429K(1136640K)
[2020-09-11T16:12:23.680+0000][1][gc           ] GC(176) Pause Young (Allocation Failure) 169M->101M(503M) 15.121ms
[2020-09-11T16:12:23.680+0000][1][gc,cpu       ] GC(176) User=0.00s Sys=0.00s Real=0.01s
[2020-09-11T16:12:23.680+0000][1][safepoint    ] Safepoint "GenCollectForAllocation", Time since last: 687556072 ns, Reaching safepoint: 899131 ns, At safepoint: 15182939 ns, Total: 16082070 ns
[2020-09-11T16:12:23.961+0000][1][safepoint    ] Safepoint "RevokeBias", Time since last: 280589171 ns, Reaching safepoint: 89660 ns, At safepoint: 22858 ns, Total: 112518 ns
[2020-09-11T16:12:24.393+0000][1][safepoint    ] Safepoint "RevokeBias", Time since last: 432482306 ns, Reaching safepoint: 164227 ns, At safepoint: 24878 ns, Total: 189105 ns
[2020-09-11T16:12:31.947+0000][1][safepoint    ] Safepoint "RevokeBias", Time since last: 7553599665 ns, Reaching safepoint: 89543 ns, At safepoint: 38269 ns, Total: 127812 ns
[2020-09-11T16:12:31.982+0000][1][safepoint    ] Safepoint "RevokeBias", Time since last: 34414799 ns, Reaching safepoint: 212661 ns, At safepoint: 27102 ns, Total: 239763 ns
[2020-09-11T16:12:33.848+0000][1][safepoint    ] Safepoint "RevokeBias", Time since last: 1865914505 ns, Reaching safepoint: 99416 ns, At safepoint: 24200 ns, Total: 123616 ns
[2020-09-11T16:12:34.400+0000][1][safepoint    ] Safepoint "BulkRevokeBias", Time since last: 552020506 ns, Reaching safepoint: 83994 ns, At safepoint: 214782 ns, Total: 298776 ns
[2020-09-11T16:12:41.950+0000][1][safepoint    ] Safepoint "RevokeBias", Time since last: 7549419584 ns, Reaching safepoint: 88921 ns, At safepoint: 22973 ns, Total: 111894 ns
[2020-09-11T16:12:41.983+0000][1][safepoint    ] Safepoint "RevokeBias", Time since last: 32833075 ns, Reaching safepoint: 90099 ns, At safepoint: 22471 ns, Total: 112570 ns
[2020-09-11T16:12:43.884+0000][1][safepoint    ] Safepoint "RevokeBias", Time since last: 1901366030 ns, Reaching safepoint: 91493 ns, At safepoint: 32102 ns, Total: 123595 ns
[2020-09-11T16:12:44.461+0000][1][safepoint    ] Safepoint "RevokeBias", Time since last: 576457457 ns, Reaching safepoint: 169904 ns, At safepoint: 97758 ns, Total: 267662 ns
[2020-09-11T16:12:48.462+0000][1][safepoint    ] Safepoint "Cleanup", Time since last: 4000851119 ns, Reaching safepoint: 108767 ns, At safepoint: 8935 ns, Total: 117702 ns
[2020-09-11T16:12:49.462+0000][1][safepoint    ] Safepoint "Cleanup", Time since last: 1000180842 ns, Reaching safepoint: 103921 ns, At safepoint: 7818 ns, Total: 111739 ns
[2020-09-11T16:12:50.468+0000][1][safepoint    ] Safepoint "Cleanup", Time since last: 1005629905 ns, Reaching safepoint: 103081 ns, At safepoint: 7348 ns, Total: 110429 ns
[2020-09-11T16:12:51.468+0000][1][safepoint    ] Safepoint "Cleanup", Time since last: 1000119501 ns, Reaching safepoint: 145120 ns, At safepoint: 16812 ns, Total: 161932 ns
[2020-09-11T16:12:51.914+0000][1][gc,start     ] GC(177) Pause Young (Allocation Failure)
[2020-09-11T16:12:51.914+0000][1][gc,task      ] GC(177) Using 1 workers of 1 for evacuation
[2020-09-11T16:12:51.920+0000][1][gc,age       ] GC(177) Desired survivor size 4358144 bytes, new threshold 6 (max threshold 6)
[2020-09-11T16:12:51.920+0000][1][gc,age       ] GC(177) Age table with threshold 6 (max threshold 6)
[2020-09-11T16:12:51.920+0000][1][gc,age       ] GC(177) - age   1:     846880 bytes,     846880 total
[2020-09-11T16:12:51.920+0000][1][gc,age       ] GC(177) - age   2:      52632 bytes,     899512 total
[2020-09-11T16:12:51.920+0000][1][gc,age       ] GC(177) - age   3:      83648 bytes,     983160 total
[2020-09-11T16:12:51.920+0000][1][gc,age       ] GC(177) - age   4:     168440 bytes,    1151600 total
[2020-09-11T16:12:51.920+0000][1][gc,age       ] GC(177) - age   5:     289096 bytes,    1440696 total
[2020-09-11T16:12:51.920+0000][1][gc,age       ] GC(177) - age   6:     385728 bytes,    1826424 total
[2020-09-11T16:12:51.920+0000][1][gc,heap      ] GC(177) ParNew: 70312K->3229K(76672K)
[2020-09-11T16:12:51.920+0000][1][gc,heap      ] GC(177) CMS: 102008K->102286K(439104K)
[2020-09-11T16:12:51.920+0000][1][gc,metaspace ] GC(177) Metaspace: 95436K->95436K(1136640K)
[2020-09-11T16:12:51.920+0000][1][gc           ] GC(177) Pause Young (Allocation Failure) 168M->103M(503M) 5.821ms
[2020-09-11T16:12:51.920+0000][1][gc,cpu       ] GC(177) User=0.01s Sys=0.00s Real=0.00s
[2020-09-11T16:12:51.920+0000][1][safepoint    ] Safepoint "GenCollectForAllocation", Time since last: 445909431 ns, Reaching safepoint: 77080 ns, At safepoint: 6014057 ns, Total: 6091137 ns
[2020-09-11T16:12:51.920+0000][1][safepoint    ] Safepoint "RevokeBias", Time since last: 172788 ns, Reaching safepoint: 75036 ns, At safepoint: 36648 ns, Total: 111684 ns
[2020-09-11T16:12:51.980+0000][1][safepoint    ] Safepoint "RevokeBias", Time since last: 59013635 ns, Reaching safepoint: 84165 ns, At safepoint: 36753 ns, Total: 120918 ns
[2020-09-11T16:12:52.980+0000][1][safepoint    ] Safepoint "Cleanup", Time since last: 1000796697 ns, Reaching safepoint: 113451 ns, At safepoint: 7587 ns, Total: 121038 ns
[2020-09-11T16:12:53.914+0000][1][safepoint    ] Safepoint "RevokeBias", Time since last: 933453606 ns, Reaching safepoint: 92426 ns, At safepoint: 23850 ns, Total: 116276 ns
[2020-09-11T16:12:54.408+0000][1][safepoint    ] Safepoint "RevokeBias", Time since last: 493336886 ns, Reaching safepoint: 165580 ns, At safepoint: 24553 ns, Total: 190133 ns
[2020-09-11T16:12:55.408+0000][1][safepoint    ] Safepoint "Cleanup", Time since last: 1000169588 ns, Reaching safepoint: 150599 ns, At safepoint: 19759 ns, Total: 170358 ns
[2020-09-11T16:12:56.408+0000][1][safepoint    ] Safepoint "Cleanup", Time since last: 1000188008 ns, Reaching safepoint: 149049 ns, At safepoint: 19307 ns, Total: 168356 ns
[2020-09-11T16:12:57.409+0000][1][safepoint    ] Safepoint "Cleanup", Time since last: 1000258683 ns, Reaching safepoint: 123709 ns, At safepoint: 8997 ns, Total: 132706 ns
[2020-09-11T16:12:58.409+0000][1][safepoint    ] Safepoint "Cleanup", Time since last: 1000140973 ns, Reaching safepoint: 149935 ns, At safepoint: 18893 ns, Total: 168828 ns
[2020-09-11T16:12:59.409+0000][1][safepoint    ] Safepoint "Cleanup", Time since last: 1000220918 ns, Reaching safepoint: 105405 ns, At safepoint: 8146 ns, Total: 113551 ns
[2020-09-11T16:13:00.410+0000][1][safepoint    ] Safepoint "Cleanup", Time since last: 1000192097 ns, Reaching safepoint: 151498 ns, At safepoint: 19468 ns, Total: 170966 ns
[2020-09-11T16:13:01.410+0000][1][safepoint    ] Safepoint "Cleanup", Time since last: 1000229764 ns, Reaching safepoint: 108233 ns, At safepoint: 8500 ns, Total: 116733 ns
[2020-09-11T16:13:01.967+0000][1][safepoint    ] Safepoint "RevokeBias", Time since last: 556797064 ns, Reaching safepoint: 85258 ns, At safepoint: 22877 ns, Total: 108135 ns
[2020-09-11T16:13:01.986+0000][1][safepoint    ] Safepoint "RevokeBias", Time since last: 18625553 ns, Reaching safepoint: 93013 ns, At safepoint: 24098 ns, Total: 117111 ns
[2020-09-11T16:13:02.986+0000][1][safepoint    ] Safepoint "Cleanup", Time since last: 1000219590 ns, Reaching safepoint: 141989 ns, At safepoint: 17450 ns, Total: 159439 ns
[2020-09-11T16:13:03.938+0000][1][safepoint    ] Safepoint "RevokeBias", Time since last: 951411800 ns, Reaching safepoint: 97275 ns, At safepoint: 23974 ns, Total: 121249 ns
[2020-09-11T16:13:04.402+0000][1][safepoint    ] Safepoint "RevokeBias", Time since last: 464038701 ns, Reaching safepoint: 91025 ns, At safepoint: 23209 ns, Total: 114234 ns
[2020-09-11T16:13:05.402+0000][1][safepoint    ] Safepoint "Cleanup", Time since last: 1000164912 ns, Reaching safepoint: 134622 ns, At safepoint: 18603 ns, Total: 153225 ns
[2020-09-11T16:13:06.402+0000][1][safepoint    ] Safepoint "Cleanup", Time since last: 1000194799 ns, Reaching safepoint: 115857 ns, At safepoint: 7860 ns, Total: 123717 ns
[2020-09-11T16:13:07.403+0000][1][safepoint    ] Safepoint "Cleanup", Time since last: 1000139954 ns, Reaching safepoint: 120756 ns, At safepoint: 7185 ns, Total: 127941 ns
[2020-09-11T16:13:08.403+0000][1][safepoint    ] Safepoint "Cleanup", Time since last: 1000166637 ns, Reaching safepoint: 148675 ns, At safepoint: 22191 ns, Total: 170866 ns
[2020-09-11T16:13:09.403+0000][1][safepoint    ] Safepoint "Cleanup", Time since last: 1000167226 ns, Reaching safepoint: 118535 ns, At safepoint: 8917 ns, Total: 127452 ns
[2020-09-11T16:13:10.409+0000][1][safepoint    ] Safepoint "Cleanup", Time since last: 1005394452 ns, Reaching safepoint: 70069 ns, At safepoint: 6424 ns, Total: 76493 ns
[2020-09-11T16:13:11.412+0000][1][safepoint    ] Safepoint "Cleanup", Time since last: 1002939305 ns, Reaching safepoint: 150763 ns, At safepoint: 17784 ns, Total: 168547 ns
[2020-09-11T16:13:11.954+0000][1][safepoint    ] Safepoint "RevokeBias", Time since last: 541754158 ns, Reaching safepoint: 164879 ns, At safepoint: 48979 ns, Total: 213858 ns
[2020-09-11T16:13:11.978+0000][1][safepoint    ] Safepoint "RevokeBias", Time since last: 24429830 ns, Reaching safepoint: 208589 ns, At safepoint: 23461 ns, Total: 232050 ns
[2020-09-11T16:13:12.979+0000][1][safepoint    ] Safepoint "Cleanup", Time since last: 1000133982 ns, Reaching safepoint: 147726 ns, At safepoint: 17547 ns, Total: 165273 ns
[2020-09-11T16:13:13.822+0000][1][safepoint    ] Safepoint "RevokeBias", Time since last: 842860850 ns, Reaching safepoint: 90664 ns, At safepoint: 22331 ns, Total: 112995 ns
[2020-09-11T16:13:14.412+0000][1][safepoint    ] Safepoint "RevokeBias", Time since last: 589676905 ns, Reaching safepoint: 214432 ns, At safepoint: 28736 ns, Total: 243168 ns
[2020-09-11T16:13:15.412+0000][1][safepoint    ] Safepoint "Cleanup", Time since last: 1000139175 ns, Reaching safepoint: 112680 ns, At safepoint: 7425 ns, Total: 120105 ns
[2020-09-11T16:13:16.412+0000][1][safepoint    ] Safepoint "Cleanup", Time since last: 1000182782 ns, Reaching safepoint: 113273 ns, At safepoint: 8844 ns, Total: 122117 ns
[2020-09-11T16:13:17.412+0000][1][safepoint    ] Safepoint "Cleanup", Time since last: 1000139427 ns, Reaching safepoint: 133776 ns, At safepoint: 7307 ns, Total: 141083 ns
[2020-09-11T16:13:18.413+0000][1][safepoint    ] Safepoint "Cleanup", Time since last: 1000164235 ns, Reaching safepoint: 123612 ns, At safepoint: 8301 ns, Total: 131913 ns
[2020-09-11T16:13:19.413+0000][1][safepoint    ] Safepoint "Cleanup", Time since last: 1000115845 ns, Reaching safepoint: 72613 ns, At safepoint: 8714 ns, Total: 81327 ns
[2020-09-11T16:13:20.442+0000][1][safepoint    ] Safepoint "Cleanup", Time since last: 1029253718 ns, Reaching safepoint: 111854 ns, At safepoint: 7431 ns, Total: 119285 ns
[2020-09-11T16:13:21.443+0000][1][safepoint    ] Safepoint "Cleanup", Time since last: 1000170003 ns, Reaching safepoint: 141207 ns, At safepoint: 20030 ns, Total: 161237 ns
[2020-09-11T16:13:21.897+0000][1][gc,start     ] GC(178) Pause Young (Allocation Failure)
[2020-09-11T16:13:21.897+0000][1][gc,task      ] GC(178) Using 1 workers of 1 for evacuation
[2020-09-11T16:13:21.905+0000][1][gc,age       ] GC(178) Desired survivor size 4358144 bytes, new threshold 6 (max threshold 6)
[2020-09-11T16:13:21.905+0000][1][gc,age       ] GC(178) Age table with threshold 6 (max threshold 6)
[2020-09-11T16:13:21.905+0000][1][gc,age       ] GC(178) - age   1:     251376 bytes,     251376 total
[2020-09-11T16:13:21.905+0000][1][gc,age       ] GC(178) - age   2:     791456 bytes,    1042832 total
[2020-09-11T16:13:21.905+0000][1][gc,age       ] GC(178) - age   3:      51120 bytes,    1093952 total
[2020-09-11T16:13:21.905+0000][1][gc,age       ] GC(178) - age   4:      83648 bytes,    1177600 total
[2020-09-11T16:13:21.905+0000][1][gc,age       ] GC(178) - age   5:     168144 bytes,    1345744 total
[2020-09-11T16:13:21.905+0000][1][gc,age       ] GC(178) - age   6:     287856 bytes,    1633600 total
[2020-09-11T16:13:21.905+0000][1][gc,heap      ] GC(178) ParNew: 71389K->2145K(76672K)
[2020-09-11T16:13:21.905+0000][1][gc,heap      ] GC(178) CMS: 102286K->102662K(439104K)
[2020-09-11T16:13:21.905+0000][1][gc,metaspace ] GC(178) Metaspace: 95443K->95443K(1136640K)
[2020-09-11T16:13:21.905+0000][1][gc           ] GC(178) Pause Young (Allocation Failure) 169M->102M(503M) 7.574ms
[2020-09-11T16:13:21.905+0000][1][gc,cpu       ] GC(178) User=0.00s Sys=0.00s Real=0.01s
[2020-09-11T16:13:21.905+0000][1][safepoint    ] Safepoint "GenCollectForAllocation", Time since last: 454307093 ns, Reaching safepoint: 205379 ns, At safepoint: 7699000 ns, Total: 7904379 ns
[2020-09-11T16:13:21.917+0000][1][safepoint    ] Safepoint "RevokeBias", Time since last: 12255660 ns, Reaching safepoint: 92928 ns, At safepoint: 39113 ns, Total: 132041 ns
[2020-09-11T16:13:21.978+0000][1][safepoint    ] Safepoint "RevokeBias", Time since last: 60652373 ns, Reaching safepoint: 99766 ns, At safepoint: 39880 ns, Total: 139646 ns
[2020-09-11T16:13:22.979+0000][1][safepoint    ] Safepoint "Cleanup", Time since last: 1000878165 ns, Reaching safepoint: 149303 ns, At safepoint: 20554 ns, Total: 169857 ns
[2020-09-11T16:13:23.815+0000][1][safepoint    ] Safepoint "RevokeBias", Time since last: 835776794 ns, Reaching safepoint: 87703 ns, At safepoint: 23521 ns, Total: 111224 ns
[2020-09-11T16:13:24.412+0000][1][safepoint    ] Safepoint "RevokeBias", Time since last: 597249798 ns, Reaching safepoint: 211319 ns, At safepoint: 25698 ns, Total: 237017 ns
[2020-09-11T16:13:25.413+0000][1][safepoint    ] Safepoint "Cleanup", Time since last: 1000163659 ns, Reaching safepoint: 122251 ns, At safepoint: 7040 ns, Total: 129291 ns
[2020-09-11T16:13:26.413+0000][1][safepoint    ] Safepoint "Cleanup", Time since last: 1000169435 ns, Reaching safepoint: 102769 ns, At safepoint: 7437 ns, Total: 110206 ns
[2020-09-11T16:13:27.413+0000][1][safepoint    ] Safepoint "Cleanup", Time since last: 1000176652 ns, Reaching safepoint: 91210 ns, At safepoint: 7410 ns, Total: 98620 ns
[2020-09-11T16:13:28.414+0000][1][safepoint    ] Safepoint "Cleanup", Time since last: 1000143562 ns, Reaching safepoint: 105445 ns, At safepoint: 7159 ns, Total: 112604 ns
[2020-09-11T16:13:29.414+0000][1][safepoint    ] Safepoint "Cleanup", Time since last: 1000172185 ns, Reaching safepoint: 108755 ns, At safepoint: 8407 ns, Total: 117162 ns
[2020-09-11T16:13:30.414+0000][1][safepoint    ] Safepoint "Cleanup", Time since last: 1000172242 ns, Reaching safepoint: 132902 ns, At safepoint: 18783 ns, Total: 151685 ns
[2020-09-11T16:13:31.415+0000][1][safepoint    ] Safepoint "Cleanup", Time since last: 1000201422 ns, Reaching safepoint: 99529 ns, At safepoint: 7825 ns, Total: 107354 ns
[2020-09-11T16:13:31.910+0000][1][safepoint    ] Safepoint "RevokeBias", Time since last: 495542388 ns, Reaching safepoint: 89907 ns, At safepoint: 42918 ns, Total: 132825 ns
[2020-09-11T16:13:31.983+0000][1][safepoint    ] Safepoint "RevokeBias", Time since last: 72697945 ns, Reaching safepoint: 212966 ns, At safepoint: 27655 ns, Total: 240621 ns
[2020-09-11T16:13:32.983+0000][1][safepoint    ] Safepoint "Cleanup", Time since last: 1000220685 ns, Reaching safepoint: 78141 ns, At safepoint: 8208 ns, Total: 86349 ns
[2020-09-11T16:13:33.818+0000][1][safepoint    ] Safepoint "RevokeBias", Time since last: 834188923 ns, Reaching safepoint: 93298 ns, At safepoint: 27920 ns, Total: 121218 ns
[2020-09-11T16:13:34.480+0000][1][safepoint    ] Safepoint "RevokeBias", Time since last: 662528332 ns, Reaching safepoint: 170394 ns, At safepoint: 54352 ns, Total: 224746 ns
[2020-09-11T16:13:35.481+0000][1][safepoint    ] Safepoint "Cleanup", Time since last: 1000183053 ns, Reaching safepoint: 173963 ns, At safepoint: 19354 ns, Total: 193317 ns
[2020-09-11T16:13:36.481+0000][1][safepoint    ] Safepoint "Cleanup", Time since last: 1000165769 ns, Reaching safepoint: 156098 ns, At safepoint: 21386 ns, Total: 177484 ns
[2020-09-11T16:13:37.482+0000][1][safepoint    ] Safepoint "Cleanup", Time since last: 1000214234 ns, Reaching safepoint: 148738 ns, At safepoint: 19618 ns, Total: 168356 ns
[2020-09-11T16:13:38.482+0000][1][safepoint    ] Safepoint "Cleanup", Time since last: 1000221798 ns, Reaching safepoint: 104639 ns, At safepoint: 8126 ns, Total: 112765 ns
[2020-09-11T16:13:39.482+0000][1][safepoint    ] Safepoint "Cleanup", Time since last: 1000171390 ns, Reaching safepoint: 152317 ns, At safepoint: 19388 ns, Total: 171705 ns
[2020-09-11T16:13:40.483+0000][1][safepoint    ] Safepoint "Cleanup", Time since last: 1000185706 ns, Reaching safepoint: 154077 ns, At safepoint: 19298 ns, Total: 173375 ns
[2020-09-11T16:13:41.483+0000][1][safepoint    ] Safepoint "Cleanup", Time since last: 1000237494 ns, Reaching safepoint: 103479 ns, At safepoint: 7776 ns, Total: 111255 ns
[2020-09-11T16:13:41.946+0000][1][safepoint    ] Safepoint "RevokeBias", Time since last: 462963984 ns, Reaching safepoint: 88902 ns, At safepoint: 23722 ns, Total: 112624 ns
[2020-09-11T16:13:42.002+0000][1][safepoint    ] Safepoint "RevokeBias", Time since last: 55714241 ns, Reaching safepoint: 212925 ns, At safepoint: 28329 ns, Total: 241254 ns
[2020-09-11T16:13:43.002+0000][1][safepoint    ] Safepoint "Cleanup", Time since last: 1000169899 ns, Reaching safepoint: 147836 ns, At safepoint: 20685 ns, Total: 168521 ns
[2020-09-11T16:13:43.824+0000][1][safepoint    ] Safepoint "RevokeBias", Time since last: 821006894 ns, Reaching safepoint: 162665 ns, At safepoint: 23928 ns, Total: 186593 ns
[2020-09-11T16:13:44.400+0000][1][safepoint    ] Safepoint "BulkRevokeBias", Time since last: 576019598 ns, Reaching safepoint: 211811 ns, At safepoint: 267404 ns, Total: 479215 ns
[2020-09-11T16:13:45.400+0000][1][safepoint    ] Safepoint "Cleanup", Time since last: 1000175705 ns, Reaching safepoint: 99581 ns, At safepoint: 7102 ns, Total: 106683 ns
[2020-09-11T16:13:46.401+0000][1][safepoint    ] Safepoint "Cleanup", Time since last: 1000164930 ns, Reaching safepoint: 99689 ns, At safepoint: 7220 ns, Total: 106909 ns
[2020-09-11T16:13:47.401+0000][1][safepoint    ] Safepoint "Cleanup", Time since last: 1000181297 ns, Reaching safepoint: 90616 ns, At safepoint: 6747 ns, Total: 97363 ns
[2020-09-11T16:13:47.835+0000][1][gc,start     ] GC(179) Pause Young (Allocation Failure)
[2020-09-11T16:13:47.835+0000][1][gc,task      ] GC(179) Using 1 workers of 1 for evacuation
[2020-09-11T16:13:47.840+0000][1][gc,age       ] GC(179) Desired survivor size 4358144 bytes, new threshold 6 (max threshold 6)
[2020-09-11T16:13:47.840+0000][1][gc,age       ] GC(179) Age table with threshold 6 (max threshold 6)
[2020-09-11T16:13:47.840+0000][1][gc,age       ] GC(179) - age   1:     506680 bytes,     506680 total
[2020-09-11T16:13:47.840+0000][1][gc,age       ] GC(179) - age   2:     139768 bytes,     646448 total
[2020-09-11T16:13:47.840+0000][1][gc,age       ] GC(179) - age   3:     791168 bytes,    1437616 total
[2020-09-11T16:13:47.840+0000][1][gc,age       ] GC(179) - age   4:      51120 bytes,    1488736 total
[2020-09-11T16:13:47.840+0000][1][gc,age       ] GC(179) - age   5:      83352 bytes,    1572088 total
[2020-09-11T16:13:47.840+0000][1][gc,age       ] GC(179) - age   6:     168144 bytes,    1740232 total
[2020-09-11T16:13:47.840+0000][1][gc,heap      ] GC(179) ParNew: 70305K->2929K(76672K)
[2020-09-11T16:13:47.840+0000][1][gc,heap      ] GC(179) CMS: 102662K->102888K(439104K)
[2020-09-11T16:13:47.840+0000][1][gc,metaspace ] GC(179) Metaspace: 95447K->95447K(1136640K)
[2020-09-11T16:13:47.840+0000][1][gc           ] GC(179) Pause Young (Allocation Failure) 168M->103M(503M) 5.561ms
[2020-09-11T16:13:47.840+0000][1][gc,cpu       ] GC(179) User=0.01s Sys=0.00s Real=0.00s
[2020-09-11T16:13:47.840+0000][1][safepoint    ] Safepoint "GenCollectForAllocation", Time since last: 433547046 ns, Reaching safepoint: 200641 ns, At safepoint: 5625331 ns, Total: 5825972 ns
[2020-09-11T16:13:48.844+0000][1][safepoint    ] Safepoint "Cleanup", Time since last: 1003579149 ns, Reaching safepoint: 108774 ns, At safepoint: 19896 ns, Total: 128670 ns
[2020-09-11T16:13:49.844+0000][1][safepoint    ] Safepoint "Cleanup", Time since last: 1000196349 ns, Reaching safepoint: 122142 ns, At safepoint: 16148 ns, Total: 138290 ns
[2020-09-11T16:13:50.845+0000][1][safepoint    ] Safepoint "Cleanup", Time since last: 1000210437 ns, Reaching safepoint: 173759 ns, At safepoint: 48876 ns, Total: 222635 ns
[2020-09-11T16:13:51.845+0000][1][safepoint    ] Safepoint "Cleanup", Time since last: 1000229579 ns, Reaching safepoint: 151240 ns, At safepoint: 46928 ns, Total: 198168 ns
[2020-09-11T16:13:51.915+0000][1][safepoint    ] Safepoint "RevokeBias", Time since last: 69926213 ns, Reaching safepoint: 89155 ns, At safepoint: 22388 ns, Total: 111543 ns
[2020-09-11T16:13:51.983+0000][1][safepoint    ] Safepoint "RevokeBias", Time since last: 67741013 ns, Reaching safepoint: 102776 ns, At safepoint: 30889 ns, Total: 133665 ns
[2020-09-11T16:13:53.835+0000][1][safepoint    ] Safepoint "RevokeBias", Time since last: 1852173882 ns, Reaching safepoint: 90757 ns, At safepoint: 23496 ns, Total: 114253 ns
[2020-09-11T16:13:54.408+0000][1][safepoint    ] Safepoint "RevokeBias", Time since last: 572484193 ns, Reaching safepoint: 160156 ns, At safepoint: 45726 ns, Total: 205882 ns
[2020-09-11T16:14:01.921+0000][1][safepoint    ] Safepoint "RevokeBias", Time since last: 7512402790 ns, Reaching safepoint: 126760 ns, At safepoint: 33335 ns, Total: 160095 ns
[2020-09-11T16:14:01.990+0000][1][safepoint    ] Safepoint "RevokeBias", Time since last: 68664968 ns, Reaching safepoint: 201378 ns, At safepoint: 34441 ns, Total: 235819 ns
[2020-09-11T16:14:03.857+0000][1][safepoint    ] Safepoint "RevokeBias", Time since last: 1867276407 ns, Reaching safepoint: 88076 ns, At safepoint: 22653 ns, Total: 110729 ns
[2020-09-11T16:14:04.397+0000][1][safepoint    ] Safepoint "RevokeBias", Time since last: 540486149 ns, Reaching safepoint: 89400 ns, At safepoint: 21975 ns, Total: 111375 ns
[2020-09-11T16:14:05.398+0000][1][safepoint    ] Safepoint "Cleanup", Time since last: 1000168489 ns, Reaching safepoint: 99108 ns, At safepoint: 8136 ns, Total: 107244 ns
[2020-09-11T16:14:06.398+0000][1][safepoint    ] Safepoint "Cleanup", Time since last: 1000159840 ns, Reaching safepoint: 104550 ns, At safepoint: 8058 ns, Total: 112608 ns
[2020-09-11T16:14:07.398+0000][1][safepoint    ] Safepoint "Cleanup", Time since last: 1000180868 ns, Reaching safepoint: 102592 ns, At safepoint: 7229 ns, Total: 109821 ns
[2020-09-11T16:14:08.399+0000][1][safepoint    ] Safepoint "Cleanup", Time since last: 1000114852 ns, Reaching safepoint: 140783 ns, At safepoint: 16394 ns, Total: 157177 ns
[2020-09-11T16:14:09.399+0000][1][safepoint    ] Safepoint "Cleanup", Time since last: 1000180887 ns, Reaching safepoint: 174280 ns, At safepoint: 16862 ns, Total: 191142 ns
[2020-09-11T16:14:10.405+0000][1][safepoint    ] Safepoint "Cleanup", Time since last: 1006005658 ns, Reaching safepoint: 76940 ns, At safepoint: 7529 ns, Total: 84469 ns
[2020-09-11T16:14:11.405+0000][1][safepoint    ] Safepoint "Cleanup", Time since last: 1000201948 ns, Reaching safepoint: 106999 ns, At safepoint: 7458 ns, Total: 114457 ns
[2020-09-11T16:14:11.966+0000][1][safepoint    ] Safepoint "RevokeBias", Time since last: 560247586 ns, Reaching safepoint: 87921 ns, At safepoint: 26134 ns, Total: 114055 ns
[2020-09-11T16:14:11.989+0000][1][safepoint    ] Safepoint "RevokeBias", Time since last: 23283096 ns, Reaching safepoint: 229659 ns, At safepoint: 38198 ns, Total: 267857 ns
[2020-09-11T16:14:12.990+0000][1][safepoint    ] Safepoint "Cleanup", Time since last: 1000183937 ns, Reaching safepoint: 106454 ns, At safepoint: 9970 ns, Total: 116424 ns
[2020-09-11T16:14:13.864+0000][1][safepoint    ] Safepoint "RevokeBias", Time since last: 873793492 ns, Reaching safepoint: 111106 ns, At safepoint: 27459 ns, Total: 138565 ns
[2020-09-11T16:14:14.405+0000][1][safepoint    ] Safepoint "RevokeBias", Time since last: 541066660 ns, Reaching safepoint: 229588 ns, At safepoint: 28465 ns, Total: 258053 ns
[2020-09-11T16:14:14.406+0000][1][gc,start     ] GC(180) Pause Young (Allocation Failure)
[2020-09-11T16:14:14.406+0000][1][gc,task      ] GC(180) Using 1 workers of 1 for evacuation
[2020-09-11T16:14:14.413+0000][1][gc,age       ] GC(180) Desired survivor size 4358144 bytes, new threshold 6 (max threshold 6)
[2020-09-11T16:14:14.413+0000][1][gc,age       ] GC(180) Age table with threshold 6 (max threshold 6)
[2020-09-11T16:14:14.413+0000][1][gc,age       ] GC(180) - age   1:     167480 bytes,     167480 total
[2020-09-11T16:14:14.413+0000][1][gc,age       ] GC(180) - age   2:     456640 bytes,     624120 total
[2020-09-11T16:14:14.413+0000][1][gc,age       ] GC(180) - age   3:     139768 bytes,     763888 total
[2020-09-11T16:14:14.413+0000][1][gc,age       ] GC(180) - age   4:     791168 bytes,    1555056 total
[2020-09-11T16:14:14.413+0000][1][gc,age       ] GC(180) - age   5:      50824 bytes,    1605880 total
[2020-09-11T16:14:14.413+0000][1][gc,age       ] GC(180) - age   6:      83352 bytes,    1689232 total
[2020-09-11T16:14:14.413+0000][1][gc,heap      ] GC(180) ParNew: 71089K->2006K(76672K)
[2020-09-11T16:14:14.413+0000][1][gc,heap      ] GC(180) CMS: 102888K->103049K(439104K)
[2020-09-11T16:14:14.413+0000][1][gc,metaspace ] GC(180) Metaspace: 95450K->95450K(1136640K)
[2020-09-11T16:14:14.413+0000][1][gc           ] GC(180) Pause Young (Allocation Failure) 169M->102M(503M) 7.587ms
[2020-09-11T16:14:14.413+0000][1][gc,cpu       ] GC(180) User=0.01s Sys=0.00s Real=0.01s
[2020-09-11T16:14:14.414+0000][1][safepoint    ] Safepoint "GenCollectForAllocation", Time since last: 498132 ns, Reaching safepoint: 234555 ns, At safepoint: 8211537 ns, Total: 8446092 ns
[2020-09-11T16:14:15.414+0000][1][safepoint    ] Safepoint "Cleanup", Time since last: 1000318284 ns, Reaching safepoint: 83634 ns, At safepoint: 22447 ns, Total: 106081 ns
[2020-09-11T16:14:16.414+0000][1][safepoint    ] Safepoint "Cleanup", Time since last: 1000123229 ns, Reaching safepoint: 122097 ns, At safepoint: 14129 ns, Total: 136226 ns
[2020-09-11T16:14:17.415+0000][1][safepoint    ] Safepoint "Cleanup", Time since last: 1000186174 ns, Reaching safepoint: 104306 ns, At safepoint: 20476 ns, Total: 124782 ns
[2020-09-11T16:14:18.415+0000][1][safepoint    ] Safepoint "Cleanup", Time since last: 1000129426 ns, Reaching safepoint: 118332 ns, At safepoint: 9041 ns, Total: 127373 ns
[2020-09-11T16:14:19.415+0000][1][safepoint    ] Safepoint "Cleanup", Time since last: 1000198641 ns, Reaching safepoint: 101983 ns, At safepoint: 8401 ns, Total: 110384 ns
[2020-09-11T16:14:20.439+0000][1][safepoint    ] Safepoint "Cleanup", Time since last: 1023576450 ns, Reaching safepoint: 131752 ns, At safepoint: 17454 ns, Total: 149206 ns
[2020-09-11T16:14:21.439+0000][1][safepoint    ] Safepoint "Cleanup", Time since last: 1000111756 ns, Reaching safepoint: 77030 ns, At safepoint: 8572 ns, Total: 85602 ns
[2020-09-11T16:14:21.937+0000][1][safepoint    ] Safepoint "RevokeBias", Time since last: 497875762 ns, Reaching safepoint: 175723 ns, At safepoint: 54265 ns, Total: 229988 ns
[2020-09-11T16:14:21.980+0000][1][safepoint    ] Safepoint "RevokeBias", Time since last: 42532987 ns, Reaching safepoint: 93830 ns, At safepoint: 28201 ns, Total: 122031 ns
[2020-09-11T16:14:22.980+0000][1][safepoint    ] Safepoint "Cleanup", Time since last: 1000175402 ns, Reaching safepoint: 149209 ns, At safepoint: 21038 ns, Total: 170247 ns
[2020-09-11T16:14:23.897+0000][1][safepoint    ] Safepoint "RevokeBias", Time since last: 916707330 ns, Reaching safepoint: 169923 ns, At safepoint: 51351 ns, Total: 221274 ns
[2020-09-11T16:14:24.400+0000][1][safepoint    ] Safepoint "RevokeBias", Time since last: 502942444 ns, Reaching safepoint: 207705 ns, At safepoint: 24039 ns, Total: 231744 ns
[2020-09-11T16:14:25.401+0000][1][safepoint    ] Safepoint "Cleanup", Time since last: 1000189021 ns, Reaching safepoint: 169179 ns, At safepoint: 16945 ns, Total: 186124 ns
[2020-09-11T16:14:26.401+0000][1][safepoint    ] Safepoint "Cleanup", Time since last: 1000193246 ns, Reaching safepoint: 150358 ns, At safepoint: 20243 ns, Total: 170601 ns
[2020-09-11T16:14:27.402+0000][1][safepoint    ] Safepoint "Cleanup", Time since last: 1000185648 ns, Reaching safepoint: 121905 ns, At safepoint: 8974 ns, Total: 130879 ns
[2020-09-11T16:14:28.402+0000][1][safepoint    ] Safepoint "Cleanup", Time since last: 1000194985 ns, Reaching safepoint: 108868 ns, At safepoint: 7957 ns, Total: 116825 ns
[2020-09-11T16:14:29.402+0000][1][safepoint    ] Safepoint "Cleanup", Time since last: 1000189849 ns, Reaching safepoint: 108529 ns, At safepoint: 8092 ns, Total: 116621 ns
[2020-09-11T16:14:30.402+0000][1][safepoint    ] Safepoint "Cleanup", Time since last: 1000151113 ns, Reaching safepoint: 124302 ns, At safepoint: 8311 ns, Total: 132613 ns
[2020-09-11T16:14:31.403+0000][1][safepoint    ] Safepoint "Cleanup", Time since last: 1000195582 ns, Reaching safepoint: 105375 ns, At safepoint: 8446 ns, Total: 113821 ns
[2020-09-11T16:14:31.946+0000][1][safepoint    ] Safepoint "RevokeBias", Time since last: 543348414 ns, Reaching safepoint: 168102 ns, At safepoint: 85801 ns, Total: 253903 ns
[2020-09-11T16:14:31.999+0000][1][safepoint    ] Safepoint "RevokeBias", Time since last: 52632074 ns, Reaching safepoint: 281647 ns, At safepoint: 55989 ns, Total: 337636 ns
[2020-09-11T16:14:33.000+0000][1][safepoint    ] Safepoint "Cleanup", Time since last: 1000209226 ns, Reaching safepoint: 102184 ns, At safepoint: 9805 ns, Total: 111989 ns
[2020-09-11T16:14:33.887+0000][1][safepoint    ] Safepoint "RevokeBias", Time since last: 886991952 ns, Reaching safepoint: 95156 ns, At safepoint: 22795 ns, Total: 117951 ns
[2020-09-11T16:14:34.402+0000][1][safepoint    ] Safepoint "RevokeBias", Time since last: 515258258 ns, Reaching safepoint: 84201 ns, At safepoint: 21857 ns, Total: 106058 ns
[2020-09-11T16:14:35.403+0000][1][safepoint    ] Safepoint "Cleanup", Time since last: 1000191777 ns, Reaching safepoint: 161892 ns, At safepoint: 21553 ns, Total: 183445 ns
[2020-09-11T16:14:36.403+0000][1][safepoint    ] Safepoint "Cleanup", Time since last: 1000216653 ns, Reaching safepoint: 110076 ns, At safepoint: 8460 ns, Total: 118536 ns
[2020-09-11T16:14:37.403+0000][1][safepoint    ] Safepoint "Cleanup", Time since last: 1000171087 ns, Reaching safepoint: 103043 ns, At safepoint: 10643 ns, Total: 113686 ns
[2020-09-11T16:14:38.403+0000][1][safepoint    ] Safepoint "Cleanup", Time since last: 1000188050 ns, Reaching safepoint: 155741 ns, At safepoint: 21630 ns, Total: 177371 ns
[2020-09-11T16:14:39.404+0000][1][safepoint    ] Safepoint "Cleanup", Time since last: 1000229111 ns, Reaching safepoint: 156041 ns, At safepoint: 21660 ns, Total: 177701 ns
[2020-09-11T16:14:40.407+0000][1][safepoint    ] Safepoint "Cleanup", Time since last: 1002589856 ns, Reaching safepoint: 87074 ns, At safepoint: 16325 ns, Total: 103399 ns
[2020-09-11T16:14:41.279+0000][1][safepoint    ] Safepoint "RevokeBias", Time since last: 871966573 ns, Reaching safepoint: 157142 ns, At safepoint: 25769 ns, Total: 182911 ns
[2020-09-11T16:14:41.922+0000][1][safepoint    ] Safepoint "RevokeBias", Time since last: 643357821 ns, Reaching safepoint: 90557 ns, At safepoint: 22882 ns, Total: 113439 ns
[2020-09-11T16:14:41.980+0000][1][safepoint    ] Safepoint "RevokeBias", Time since last: 58070510 ns, Reaching safepoint: 91296 ns, At safepoint: 23446 ns, Total: 114742 ns
[2020-09-11T16:14:42.981+0000][1][safepoint    ] Safepoint "Cleanup", Time since last: 1000182627 ns, Reaching safepoint: 138397 ns, At safepoint: 19188 ns, Total: 157585 ns
[2020-09-11T16:14:43.747+0000][1][gc,start     ] GC(181) Pause Young (Allocation Failure)
[2020-09-11T16:14:43.747+0000][1][gc,task      ] GC(181) Using 1 workers of 1 for evacuation
[2020-09-11T16:14:43.756+0000][1][gc,age       ] GC(181) Desired survivor size 4358144 bytes, new threshold 6 (max threshold 6)
[2020-09-11T16:14:43.756+0000][1][gc,age       ] GC(181) Age table with threshold 6 (max threshold 6)
[2020-09-11T16:14:43.756+0000][1][gc,age       ] GC(181) - age   1:     190016 bytes,     190016 total
[2020-09-11T16:14:43.756+0000][1][gc,age       ] GC(181) - age   2:      41920 bytes,     231936 total
[2020-09-11T16:14:43.756+0000][1][gc,age       ] GC(181) - age   3:     455728 bytes,     687664 total
[2020-09-11T16:14:43.756+0000][1][gc,age       ] GC(181) - age   4:     139768 bytes,     827432 total
[2020-09-11T16:14:43.756+0000][1][gc,age       ] GC(181) - age   5:     790872 bytes,    1618304 total
[2020-09-11T16:14:43.756+0000][1][gc,age       ] GC(181) - age   6:      50824 bytes,    1669128 total
[2020-09-11T16:14:43.756+0000][1][gc,heap      ] GC(181) ParNew: 70166K->2976K(76672K)
[2020-09-11T16:14:43.756+0000][1][gc,heap      ] GC(181) CMS: 103049K->103128K(439104K)
[2020-09-11T16:14:43.756+0000][1][gc,metaspace ] GC(181) Metaspace: 95451K->95451K(1136640K)
[2020-09-11T16:14:43.756+0000][1][gc           ] GC(181) Pause Young (Allocation Failure) 169M->103M(503M) 9.285ms
[2020-09-11T16:14:43.756+0000][1][gc,cpu       ] GC(181) User=0.00s Sys=0.00s Real=0.01s
[2020-09-11T16:14:43.757+0000][1][safepoint    ] Safepoint "GenCollectForAllocation", Time since last: 766216336 ns, Reaching safepoint: 154661 ns, At safepoint: 9761148 ns, Total: 9915809 ns
[2020-09-11T16:14:43.839+0000][1][safepoint    ] Safepoint "RevokeBias", Time since last: 82388056 ns, Reaching safepoint: 87022 ns, At safepoint: 22525 ns, Total: 109547 ns
[2020-09-11T16:14:44.410+0000][1][safepoint    ] Safepoint "RevokeBias", Time since last: 570397437 ns, Reaching safepoint: 88839 ns, At safepoint: 22810 ns, Total: 111649 ns
[2020-09-11T16:14:51.933+0000][1][safepoint    ] Safepoint "RevokeBias", Time since last: 7522978387 ns, Reaching safepoint: 207981 ns, At safepoint: 24594 ns, Total: 232575 ns
[2020-09-11T16:14:51.974+0000][1][safepoint    ] Safepoint "RevokeBias", Time since last: 40877656 ns, Reaching safepoint: 164822 ns, At safepoint: 25930 ns, Total: 190752 ns
[2020-09-11T16:14:53.784+0000][1][safepoint    ] Safepoint "RevokeBias", Time since last: 1809598876 ns, Reaching safepoint: 90447 ns, At safepoint: 24844 ns, Total: 115291 ns
[2020-09-11T16:14:54.408+0000][1][safepoint    ] Safepoint "BulkRevokeBias", Time since last: 624082506 ns, Reaching safepoint: 219118 ns, At safepoint: 238507 ns, Total: 457625 ns
[2020-09-11T16:14:55.409+0000][1][safepoint    ] Safepoint "Cleanup", Time since last: 1000137398 ns, Reaching safepoint: 143690 ns, At safepoint: 18419 ns, Total: 162109 ns
[2020-09-11T16:14:56.409+0000][1][safepoint    ] Safepoint "Cleanup", Time since last: 1000253112 ns, Reaching safepoint: 101395 ns, At safepoint: 8109 ns, Total: 109504 ns
[2020-09-11T16:14:57.409+0000][1][safepoint    ] Safepoint "Cleanup", Time since last: 1000168240 ns, Reaching safepoint: 100973 ns, At safepoint: 10388 ns, Total: 111361 ns
[2020-09-11T16:14:58.410+0000][1][safepoint    ] Safepoint "Cleanup", Time since last: 1000167288 ns, Reaching safepoint: 148591 ns, At safepoint: 19979 ns, Total: 168570 ns
[2020-09-11T16:14:59.410+0000][1][safepoint    ] Safepoint "Cleanup", Time since last: 1000214994 ns, Reaching safepoint: 102311 ns, At safepoint: 7853 ns, Total: 110164 ns
[2020-09-11T16:15:00.410+0000][1][safepoint    ] Safepoint "Cleanup", Time since last: 1000181895 ns, Reaching safepoint: 135835 ns, At safepoint: 18159 ns, Total: 153994 ns
[2020-09-11T16:15:01.411+0000][1][safepoint    ] Safepoint "Cleanup", Time since last: 1000187772 ns, Reaching safepoint: 158881 ns, At safepoint: 21984 ns, Total: 180865 ns
[2020-09-11T16:15:02.069+0000][1][safepoint    ] Safepoint "RevokeBias", Time since last: 658444218 ns, Reaching safepoint: 89332 ns, At safepoint: 42618 ns, Total: 131950 ns
[2020-09-11T16:15:02.095+0000][1][safepoint    ] Safepoint "RevokeBias", Time since last: 25261444 ns, Reaching safepoint: 206233 ns, At safepoint: 26362 ns, Total: 232595 ns
[2020-09-11T16:15:03.095+0000][1][safepoint    ] Safepoint "Cleanup", Time since last: 1000158723 ns, Reaching safepoint: 143336 ns, At safepoint: 19478 ns, Total: 162814 ns
[2020-09-11T16:15:03.900+0000][1][safepoint    ] Safepoint "RevokeBias", Time since last: 804548122 ns, Reaching safepoint: 93601 ns, At safepoint: 24137 ns, Total: 117738 ns
[2020-09-11T16:15:04.446+0000][1][safepoint    ] Safepoint "RevokeBias", Time since last: 546287164 ns, Reaching safepoint: 93389 ns, At safepoint: 23728 ns, Total: 117117 ns
[2020-09-11T16:15:05.446+0000][1][safepoint    ] Safepoint "Cleanup", Time since last: 1000192972 ns, Reaching safepoint: 96240 ns, At safepoint: 8630 ns, Total: 104870 ns
[2020-09-11T16:15:06.447+0000][1][safepoint    ] Safepoint "Cleanup", Time since last: 1000175965 ns, Reaching safepoint: 107244 ns, At safepoint: 10526 ns, Total: 117770 ns
[2020-09-11T16:15:07.447+0000][1][safepoint    ] Safepoint "Cleanup", Time since last: 1000181504 ns, Reaching safepoint: 114683 ns, At safepoint: 8256 ns, Total: 122939 ns
[2020-09-11T16:15:08.447+0000][1][safepoint    ] Safepoint "Cleanup", Time since last: 1000152168 ns, Reaching safepoint: 131082 ns, At safepoint: 8260 ns, Total: 139342 ns
[2020-09-11T16:15:09.448+0000][1][safepoint    ] Safepoint "Cleanup", Time since last: 1000189533 ns, Reaching safepoint: 155023 ns, At safepoint: 20577 ns, Total: 175600 ns
[2020-09-11T16:15:10.453+0000][1][safepoint    ] Safepoint "Cleanup", Time since last: 1005584368 ns, Reaching safepoint: 90407 ns, At safepoint: 8468 ns, Total: 98875 ns
[2020-09-11T16:15:11.454+0000][1][safepoint    ] Safepoint "Cleanup", Time since last: 1000125944 ns, Reaching safepoint: 121831 ns, At safepoint: 8149 ns, Total: 129980 ns
[2020-09-11T16:15:11.944+0000][1][safepoint    ] Safepoint "RevokeBias", Time since last: 489761494 ns, Reaching safepoint: 87627 ns, At safepoint: 23392 ns, Total: 111019 ns
[2020-09-11T16:15:11.989+0000][1][safepoint    ] Safepoint "RevokeBias", Time since last: 45570721 ns, Reaching safepoint: 86055 ns, At safepoint: 22520 ns, Total: 108575 ns
[2020-09-11T16:15:12.989+0000][1][safepoint    ] Safepoint "Cleanup", Time since last: 1000172874 ns, Reaching safepoint: 101492 ns, At safepoint: 7202 ns, Total: 108694 ns
[2020-09-11T16:15:13.691+0000][1][gc,start     ] GC(182) Pause Young (Allocation Failure)
[2020-09-11T16:15:13.691+0000][1][gc,task      ] GC(182) Using 1 workers of 1 for evacuation
[2020-09-11T16:15:13.696+0000][1][gc,age       ] GC(182) Desired survivor size 4358144 bytes, new threshold 6 (max threshold 6)
[2020-09-11T16:15:13.696+0000][1][gc,age       ] GC(182) Age table with threshold 6 (max threshold 6)
[2020-09-11T16:15:13.696+0000][1][gc,age       ] GC(182) - age   1:     365440 bytes,     365440 total
[2020-09-11T16:15:13.696+0000][1][gc,age       ] GC(182) - age   2:     128232 bytes,     493672 total
[2020-09-11T16:15:13.696+0000][1][gc,age       ] GC(182) - age   3:      40064 bytes,     533736 total
[2020-09-11T16:15:13.696+0000][1][gc,age       ] GC(182) - age   4:     455728 bytes,     989464 total
[2020-09-11T16:15:13.696+0000][1][gc,age       ] GC(182) - age   5:     139768 bytes,    1129232 total
[2020-09-11T16:15:13.696+0000][1][gc,age       ] GC(182) - age   6:     790872 bytes,    1920104 total
[2020-09-11T16:15:13.696+0000][1][gc,heap      ] GC(182) ParNew: 71136K->1966K(76672K)
[2020-09-11T16:15:13.696+0000][1][gc,heap      ] GC(182) CMS: 103128K->103176K(439104K)
[2020-09-11T16:15:13.696+0000][1][gc,metaspace ] GC(182) Metaspace: 95453K->95453K(1136640K)
[2020-09-11T16:15:13.696+0000][1][gc           ] GC(182) Pause Young (Allocation Failure) 170M->102M(503M) 5.422ms
[2020-09-11T16:15:13.696+0000][1][gc,cpu       ] GC(182) User=0.00s Sys=0.00s Real=0.01s
[2020-09-11T16:15:13.700+0000][1][safepoint    ] Safepoint "GenCollectForAllocation", Time since last: 700120768 ns, Reaching safepoint: 986830 ns, At safepoint: 8998019 ns, Total: 9984849 ns
[2020-09-11T16:15:13.842+0000][1][safepoint    ] Safepoint "RevokeBias", Time since last: 142239938 ns, Reaching safepoint: 92691 ns, At safepoint: 25221 ns, Total: 117912 ns
[2020-09-11T16:15:14.406+0000][1][safepoint    ] Safepoint "RevokeBias", Time since last: 563521014 ns, Reaching safepoint: 97235 ns, At safepoint: 28513 ns, Total: 125748 ns
[2020-09-11T16:15:15.406+0000][1][safepoint    ] Safepoint "Cleanup", Time since last: 1000220411 ns, Reaching safepoint: 99170 ns, At safepoint: 10080 ns, Total: 109250 ns
[2020-09-11T16:15:16.406+0000][1][safepoint    ] Safepoint "Cleanup", Time since last: 1000171153 ns, Reaching safepoint: 103712 ns, At safepoint: 9711 ns, Total: 113423 ns
[2020-09-11T16:15:17.406+0000][1][safepoint    ] Safepoint "Cleanup", Time since last: 1000154115 ns, Reaching safepoint: 106366 ns, At safepoint: 9958 ns, Total: 116324 ns
[2020-09-11T16:15:18.407+0000][1][safepoint    ] Safepoint "Cleanup", Time since last: 1000156924 ns, Reaching safepoint: 139226 ns, At safepoint: 20090 ns, Total: 159316 ns
[2020-09-11T16:15:19.407+0000][1][safepoint    ] Safepoint "Cleanup", Time since last: 1000212936 ns, Reaching safepoint: 147903 ns, At safepoint: 20854 ns, Total: 168757 ns
[2020-09-11T16:15:20.455+0000][1][safepoint    ] Safepoint "Cleanup", Time since last: 1047732322 ns, Reaching safepoint: 148280 ns, At safepoint: 20711 ns, Total: 168991 ns
[2020-09-11T16:15:21.455+0000][1][safepoint    ] Safepoint "Cleanup", Time since last: 1000195399 ns, Reaching safepoint: 146696 ns, At safepoint: 21166 ns, Total: 167862 ns
[2020-09-11T16:15:21.915+0000][1][safepoint    ] Safepoint "RevokeBias", Time since last: 459772316 ns, Reaching safepoint: 205742 ns, At safepoint: 53369 ns, Total: 259111 ns
[2020-09-11T16:15:21.985+0000][1][safepoint    ] Safepoint "RevokeBias", Time since last: 69580412 ns, Reaching safepoint: 81613 ns, At safepoint: 21940 ns, Total: 103553 ns
[2020-09-11T16:15:22.985+0000][1][safepoint    ] Safepoint "Cleanup", Time since last: 1000182239 ns, Reaching safepoint: 93750 ns, At safepoint: 7925 ns, Total: 101675 ns
[2020-09-11T16:15:23.800+0000][1][safepoint    ] Safepoint "RevokeBias", Time since last: 814630079 ns, Reaching safepoint: 108143 ns, At safepoint: 29867 ns, Total: 138010 ns
[2020-09-11T16:15:24.408+0000][1][safepoint    ] Safepoint "RevokeBias", Time since last: 607939813 ns, Reaching safepoint: 89182 ns, At safepoint: 23665 ns, Total: 112847 ns
[2020-09-11T16:15:25.409+0000][1][safepoint    ] Safepoint "Cleanup", Time since last: 1000170576 ns, Reaching safepoint: 100956 ns, At safepoint: 7908 ns, Total: 108864 ns
[2020-09-11T16:15:26.409+0000][1][safepoint    ] Safepoint "Cleanup", Time since last: 1000106408 ns, Reaching safepoint: 98530 ns, At safepoint: 9179 ns, Total: 107709 ns
[2020-09-11T16:15:27.409+0000][1][safepoint    ] Safepoint "Cleanup", Time since last: 1000231141 ns, Reaching safepoint: 86711 ns, At safepoint: 7877 ns, Total: 94588 ns
[2020-09-11T16:15:28.409+0000][1][safepoint    ] Safepoint "Cleanup", Time since last: 1000162031 ns, Reaching safepoint: 118034 ns, At safepoint: 8785 ns, Total: 126819 ns
[2020-09-11T16:15:29.410+0000][1][safepoint    ] Safepoint "Cleanup", Time since last: 1000202417 ns, Reaching safepoint: 108486 ns, At safepoint: 8118 ns, Total: 116604 ns
[2020-09-11T16:15:30.410+0000][1][safepoint    ] Safepoint "Cleanup", Time since last: 1000185906 ns, Reaching safepoint: 104323 ns, At safepoint: 8068 ns, Total: 112391 ns
[2020-09-11T16:15:31.410+0000][1][safepoint    ] Safepoint "Cleanup", Time since last: 1000189504 ns, Reaching safepoint: 102838 ns, At safepoint: 8502 ns, Total: 111340 ns
[2020-09-11T16:15:31.913+0000][1][safepoint    ] Safepoint "RevokeBias", Time since last: 502539225 ns, Reaching safepoint: 90199 ns, At safepoint: 38742 ns, Total: 128941 ns
[2020-09-11T16:15:31.982+0000][1][safepoint    ] Safepoint "RevokeBias", Time since last: 69138840 ns, Reaching safepoint: 213062 ns, At safepoint: 28084 ns, Total: 241146 ns
[2020-09-11T16:15:32.983+0000][1][safepoint    ] Safepoint "Cleanup", Time since last: 1000182929 ns, Reaching safepoint: 99759 ns, At safepoint: 9068 ns, Total: 108827 ns
[2020-09-11T16:15:33.896+0000][1][safepoint    ] Safepoint "RevokeBias", Time since last: 912998400 ns, Reaching safepoint: 85508 ns, At safepoint: 23489 ns, Total: 108997 ns
[2020-09-11T16:15:34.409+0000][1][safepoint    ] Safepoint "RevokeBias", Time since last: 513543018 ns, Reaching safepoint: 137496 ns, At safepoint: 36905 ns, Total: 174401 ns
[2020-09-11T16:15:35.410+0000][1][safepoint    ] Safepoint "Cleanup", Time since last: 1000202356 ns, Reaching safepoint: 92725 ns, At safepoint: 8090 ns, Total: 100815 ns
[2020-09-11T16:15:36.410+0000][1][safepoint    ] Safepoint "Cleanup", Time since last: 1000099853 ns, Reaching safepoint: 78457 ns, At safepoint: 7791 ns, Total: 86248 ns
[2020-09-11T16:15:37.410+0000][1][safepoint    ] Safepoint "Cleanup", Time since last: 1000175259 ns, Reaching safepoint: 138658 ns, At safepoint: 18630 ns, Total: 157288 ns
[2020-09-11T16:15:38.411+0000][1][safepoint    ] Safepoint "Cleanup", Time since last: 1000215935 ns, Reaching safepoint: 106554 ns, At safepoint: 9502 ns, Total: 116056 ns
[2020-09-11T16:15:39.411+0000][1][safepoint    ] Safepoint "Cleanup", Time since last: 1000154471 ns, Reaching safepoint: 121467 ns, At safepoint: 9255 ns, Total: 130722 ns
[2020-09-11T16:15:40.417+0000][1][safepoint    ] Safepoint "Cleanup", Time since last: 1005599197 ns, Reaching safepoint: 78152 ns, At safepoint: 8837 ns, Total: 86989 ns
[2020-09-11T16:15:41.417+0000][1][safepoint    ] Safepoint "Cleanup", Time since last: 1000187768 ns, Reaching safepoint: 99228 ns, At safepoint: 9489 ns, Total: 108717 ns
[2020-09-11T16:15:41.923+0000][1][safepoint    ] Safepoint "RevokeBias", Time since last: 505795758 ns, Reaching safepoint: 89209 ns, At safepoint: 25767 ns, Total: 114976 ns
[2020-09-11T16:15:41.990+0000][1][safepoint    ] Safepoint "RevokeBias", Time since last: 67221648 ns, Reaching safepoint: 93280 ns, At safepoint: 26866 ns, Total: 120146 ns
[2020-09-11T16:15:42.982+0000][1][gc,start     ] GC(183) Pause Young (Allocation Failure)
[2020-09-11T16:15:42.982+0000][1][gc,task      ] GC(183) Using 1 workers of 1 for evacuation
[2020-09-11T16:15:42.989+0000][1][gc,age       ] GC(183) Desired survivor size 4358144 bytes, new threshold 6 (max threshold 6)
[2020-09-11T16:15:42.989+0000][1][gc,age       ] GC(183) Age table with threshold 6 (max threshold 6)
[2020-09-11T16:15:42.989+0000][1][gc,age       ] GC(183) - age   1:      96256 bytes,      96256 total
[2020-09-11T16:15:42.989+0000][1][gc,age       ] GC(183) - age   2:     298760 bytes,     395016 total
[2020-09-11T16:15:42.989+0000][1][gc,age       ] GC(183) - age   3:     127944 bytes,     522960 total
[2020-09-11T16:15:42.989+0000][1][gc,age       ] GC(183) - age   4:      39768 bytes,     562728 total
[2020-09-11T16:15:42.997+0000][1][gc,age       ] GC(183) - age   5:     455728 bytes,    1018456 total
[2020-09-11T16:15:42.997+0000][1][gc,age       ] GC(183) - age   6:     139768 bytes,    1158224 total
[2020-09-11T16:15:42.997+0000][1][gc,heap      ] GC(183) ParNew: 70126K->1652K(76672K)
[2020-09-11T16:15:42.997+0000][1][gc,heap      ] GC(183) CMS: 103176K->103946K(439104K)
[2020-09-11T16:15:42.997+0000][1][gc,metaspace ] GC(183) Metaspace: 95453K->95453K(1136640K)
[2020-09-11T16:15:42.997+0000][1][gc           ] GC(183) Pause Young (Allocation Failure) 169M->103M(503M) 15.187ms
[2020-09-11T16:15:42.997+0000][1][gc,cpu       ] GC(183) User=0.00s Sys=0.00s Real=0.01s
[2020-09-11T16:15:42.997+0000][1][safepoint    ] Safepoint "GenCollectForAllocation", Time since last: 991411280 ns, Reaching safepoint: 183420 ns, At safepoint: 15260222 ns, Total: 15443642 ns
[2020-09-11T16:15:43.827+0000][1][safepoint    ] Safepoint "RevokeBias", Time since last: 830344534 ns, Reaching safepoint: 96464 ns, At safepoint: 26774 ns, Total: 123238 ns
[2020-09-11T16:15:44.407+0000][1][safepoint    ] Safepoint "RevokeBias", Time since last: 579043533 ns, Reaching safepoint: 89383 ns, At safepoint: 23015 ns, Total: 112398 ns
[2020-09-11T16:15:45.407+0000][1][safepoint    ] Safepoint "Cleanup", Time since last: 1000160197 ns, Reaching safepoint: 111067 ns, At safepoint: 7875 ns, Total: 118942 ns
[2020-09-11T16:15:46.407+0000][1][safepoint    ] Safepoint "Cleanup", Time since last: 1000146790 ns, Reaching safepoint: 109420 ns, At safepoint: 7937 ns, Total: 117357 ns
[2020-09-11T16:15:47.407+0000][1][safepoint    ] Safepoint "Cleanup", Time since last: 1000165811 ns, Reaching safepoint: 115529 ns, At safepoint: 8273 ns, Total: 123802 ns
[2020-09-11T16:15:48.408+0000][1][safepoint    ] Safepoint "Cleanup", Time since last: 1000141635 ns, Reaching safepoint: 149286 ns, At safepoint: 17377 ns, Total: 166663 ns
[2020-09-11T16:15:49.408+0000][1][safepoint    ] Safepoint "Cleanup", Time since last: 1000174067 ns, Reaching safepoint: 153993 ns, At safepoint: 18556 ns, Total: 172549 ns
[2020-09-11T16:15:50.414+0000][1][safepoint    ] Safepoint "Cleanup", Time since last: 1005629914 ns, Reaching safepoint: 107858 ns, At safepoint: 7800 ns, Total: 115658 ns
[2020-09-11T16:15:51.919+0000][1][safepoint    ] Safepoint "RevokeBias", Time since last: 1504544142 ns, Reaching safepoint: 97192 ns, At safepoint: 25583 ns, Total: 122775 ns
[2020-09-11T16:15:51.987+0000][1][safepoint    ] Safepoint "RevokeBias", Time since last: 67743292 ns, Reaching safepoint: 222939 ns, At safepoint: 34033 ns, Total: 256972 ns
[2020-09-11T16:15:52.987+0000][1][safepoint    ] Safepoint "Cleanup", Time since last: 1000186694 ns, Reaching safepoint: 102736 ns, At safepoint: 7649 ns, Total: 110385 ns
[2020-09-11T16:15:53.879+0000][1][safepoint    ] Safepoint "RevokeBias", Time since last: 892238972 ns, Reaching safepoint: 84031 ns, At safepoint: 24354 ns, Total: 108385 ns
[2020-09-11T16:15:54.420+0000][1][safepoint    ] Safepoint "RevokeBias", Time since last: 540717638 ns, Reaching safepoint: 186264 ns, At safepoint: 27233 ns, Total: 213497 ns
[2020-09-11T16:15:55.420+0000][1][safepoint    ] Safepoint "Cleanup", Time since last: 1000169400 ns, Reaching safepoint: 147475 ns, At safepoint: 18847 ns, Total: 166322 ns
[2020-09-11T16:15:56.421+0000][1][safepoint    ] Safepoint "Cleanup", Time since last: 1000170343 ns, Reaching safepoint: 83015 ns, At safepoint: 8186 ns, Total: 91201 ns
[2020-09-11T16:15:57.421+0000][1][safepoint    ] Safepoint "Cleanup", Time since last: 1000168837 ns, Reaching safepoint: 104383 ns, At safepoint: 7725 ns, Total: 112108 ns
[2020-09-11T16:15:58.421+0000][1][safepoint    ] Safepoint "Cleanup", Time since last: 1000160369 ns, Reaching safepoint: 136840 ns, At safepoint: 18660 ns, Total: 155500 ns
[2020-09-11T16:15:59.422+0000][1][safepoint    ] Safepoint "Cleanup", Time since last: 1000225248 ns, Reaching safepoint: 102192 ns, At safepoint: 8011 ns, Total: 110203 ns
[2020-09-11T16:16:00.422+0000][1][safepoint    ] Safepoint "Cleanup", Time since last: 1000207069 ns, Reaching safepoint: 99367 ns, At safepoint: 16233 ns, Total: 115600 ns
[2020-09-11T16:16:01.422+0000][1][safepoint    ] Safepoint "Cleanup", Time since last: 1000140896 ns, Reaching safepoint: 194226 ns, At safepoint: 11817 ns, Total: 206043 ns
[2020-09-11T16:16:01.925+0000][1][safepoint    ] Safepoint "RevokeBias", Time since last: 502400352 ns, Reaching safepoint: 115563 ns, At safepoint: 38168 ns, Total: 153731 ns
[2020-09-11T16:16:01.987+0000][1][safepoint    ] Safepoint "RevokeBias", Time since last: 62266957 ns, Reaching safepoint: 164763 ns, At safepoint: 27969 ns, Total: 192732 ns
[2020-09-11T16:16:02.988+0000][1][safepoint    ] Safepoint "Cleanup", Time since last: 1000190974 ns, Reaching safepoint: 148959 ns, At safepoint: 19321 ns, Total: 168280 ns
[2020-09-11T16:16:03.796+0000][1][safepoint    ] Safepoint "RevokeBias", Time since last: 807950026 ns, Reaching safepoint: 85578 ns, At safepoint: 23117 ns, Total: 108695 ns
[2020-09-11T16:16:04.415+0000][1][safepoint    ] Safepoint "BulkRevokeBias", Time since last: 619174986 ns, Reaching safepoint: 88789 ns, At safepoint: 257649 ns, Total: 346438 ns
[2020-09-11T16:16:05.445+0000][1][safepoint    ] Safepoint "Cleanup", Time since last: 1029640854 ns, Reaching safepoint: 160542 ns, At safepoint: 20885 ns, Total: 181427 ns
[2020-09-11T16:16:06.445+0000][1][safepoint    ] Safepoint "Cleanup", Time since last: 1000163913 ns, Reaching safepoint: 125545 ns, At safepoint: 8096 ns, Total: 133641 ns
[2020-09-11T16:16:07.446+0000][1][safepoint    ] Safepoint "Cleanup", Time since last: 1000182272 ns, Reaching safepoint: 145443 ns, At safepoint: 18961 ns, Total: 164404 ns
[2020-09-11T16:16:08.446+0000][1][safepoint    ] Safepoint "Cleanup", Time since last: 1000208322 ns, Reaching safepoint: 143052 ns, At safepoint: 20718 ns, Total: 163770 ns
[2020-09-11T16:16:09.446+0000][1][safepoint    ] Safepoint "Cleanup", Time since last: 1000201081 ns, Reaching safepoint: 148982 ns, At safepoint: 19886 ns, Total: 168868 ns
[2020-09-11T16:16:11.961+0000][1][gc,start     ] GC(184) Pause Young (Allocation Failure)
[2020-09-11T16:16:11.961+0000][1][gc,task      ] GC(184) Using 1 workers of 1 for evacuation
[2020-09-11T16:16:11.972+0000][1][gc,age       ] GC(184) Desired survivor size 4358144 bytes, new threshold 6 (max threshold 6)
[2020-09-11T16:16:11.972+0000][1][gc,age       ] GC(184) Age table with threshold 6 (max threshold 6)
[2020-09-11T16:16:11.972+0000][1][gc,age       ] GC(184) - age   1:     731752 bytes,     731752 total
[2020-09-11T16:16:11.972+0000][1][gc,age       ] GC(184) - age   2:      46248 bytes,     778000 total
[2020-09-11T16:16:11.972+0000][1][gc,age       ] GC(184) - age   3:     298760 bytes,    1076760 total
[2020-09-11T16:16:11.972+0000][1][gc,age       ] GC(184) - age   4:     127944 bytes,    1204704 total
[2020-09-11T16:16:11.972+0000][1][gc,age       ] GC(184) - age   5:      39768 bytes,    1244472 total
[2020-09-11T16:16:11.972+0000][1][gc,age       ] GC(184) - age   6:     455728 bytes,    1700200 total
[2020-09-11T16:16:11.972+0000][1][gc,heap      ] GC(184) ParNew: 69812K->2522K(76672K)
[2020-09-11T16:16:11.972+0000][1][gc,heap      ] GC(184) CMS: 103946K->104080K(439104K)
[2020-09-11T16:16:11.972+0000][1][gc,metaspace ] GC(184) Metaspace: 95454K->95454K(1136640K)
[2020-09-11T16:16:11.972+0000][1][gc           ] GC(184) Pause Young (Allocation Failure) 169M->104M(503M) 11.197ms
[2020-09-11T16:16:11.972+0000][1][gc,cpu       ] GC(184) User=0.00s Sys=0.00s Real=0.00s
[2020-09-11T16:16:11.978+0000][1][safepoint    ] Safepoint "GenCollectForAllocation", Time since last: 2514652961 ns, Reaching safepoint: 80062 ns, At safepoint: 16613701 ns, Total: 16693763 ns
[2020-09-11T16:16:11.978+0000][1][safepoint    ] Safepoint "RevokeBias", Time since last: 180843 ns, Reaching safepoint: 124487 ns, At safepoint: 146760 ns, Total: 271247 ns
[2020-09-11T16:16:11.989+0000][1][safepoint    ] Safepoint "RevokeBias", Time since last: 10260080 ns, Reaching safepoint: 85401 ns, At safepoint: 31560 ns, Total: 116961 ns
[2020-09-11T16:16:13.855+0000][1][safepoint    ] Safepoint "RevokeBias", Time since last: 1865856162 ns, Reaching safepoint: 171286 ns, At safepoint: 53707 ns, Total: 224993 ns
[2020-09-11T16:16:14.449+0000][1][safepoint    ] Safepoint "RevokeBias", Time since last: 593784134 ns, Reaching safepoint: 309934 ns, At safepoint: 52865 ns, Total: 362799 ns
[2020-09-11T16:16:21.909+0000][1][safepoint    ] Safepoint "RevokeBias", Time since last: 7460204691 ns, Reaching safepoint: 210237 ns, At safepoint: 25160 ns, Total: 235397 ns
[2020-09-11T16:16:21.998+0000][1][safepoint    ] Safepoint "RevokeBias", Time since last: 88458685 ns, Reaching safepoint: 89230 ns, At safepoint: 25756 ns, Total: 114986 ns
[2020-09-11T16:16:23.898+0000][1][safepoint    ] Safepoint "RevokeBias", Time since last: 1899712684 ns, Reaching safepoint: 92196 ns, At safepoint: 27926 ns, Total: 120122 ns
[2020-09-11T16:16:24.407+0000][1][safepoint    ] Safepoint "RevokeBias", Time since last: 509520617 ns, Reaching safepoint: 93295 ns, At safepoint: 26801 ns, Total: 120096 ns
[2020-09-11T16:16:25.408+0000][1][safepoint    ] Safepoint "Cleanup", Time since last: 1000175827 ns, Reaching safepoint: 143967 ns, At safepoint: 18997 ns, Total: 162964 ns
[2020-09-11T16:16:26.408+0000][1][safepoint    ] Safepoint "Cleanup", Time since last: 1000203344 ns, Reaching safepoint: 97871 ns, At safepoint: 7776 ns, Total: 105647 ns
[2020-09-11T16:16:27.408+0000][1][safepoint    ] Safepoint "Cleanup", Time since last: 1000125668 ns, Reaching safepoint: 112429 ns, At safepoint: 7067 ns, Total: 119496 ns
[2020-09-11T16:16:28.409+0000][1][safepoint    ] Safepoint "Cleanup", Time since last: 1000153315 ns, Reaching safepoint: 135417 ns, At safepoint: 17313 ns, Total: 152730 ns
[2020-09-11T16:16:29.409+0000][1][safepoint    ] Safepoint "Cleanup", Time since last: 1000231204 ns, Reaching safepoint: 147877 ns, At safepoint: 17794 ns, Total: 165671 ns
[2020-09-11T16:16:30.410+0000][1][safepoint    ] Safepoint "Cleanup", Time since last: 1001116026 ns, Reaching safepoint: 85712 ns, At safepoint: 23316 ns, Total: 109028 ns
[2020-09-11T16:16:30.475+0000][1][safepoint    ] Safepoint "RevokeBias", Time since last: 64618383 ns, Reaching safepoint: 84460 ns, At safepoint: 29348 ns, Total: 113808 ns
[2020-09-11T16:16:30.477+0000][1][safepoint    ] Safepoint "BulkRevokeBias", Time since last: 543342 ns, Reaching safepoint: 905382 ns, At safepoint: 322054 ns, Total: 1227436 ns
[2020-09-11T16:16:30.529+0000][1][safepoint    ] Safepoint "RevokeBias", Time since last: 44186101 ns, Reaching safepoint: 8037403 ns, At safepoint: 41087 ns, Total: 8078490 ns
[2020-09-11T16:16:30.573+0000][1][safepoint    ] Safepoint "RevokeBias", Time since last: 38748904 ns, Reaching safepoint: 5203398 ns, At safepoint: 37454 ns, Total: 5240852 ns
[2020-09-11T16:16:30.809+0000][1][safepoint    ] Safepoint "RevokeBias", Time since last: 230040009 ns, Reaching safepoint: 5611925 ns, At safepoint: 30493 ns, Total: 5642418 ns
[2020-09-11T16:16:31.809+0000][1][safepoint    ] Safepoint "Cleanup", Time since last: 1000179805 ns, Reaching safepoint: 175607 ns, At safepoint: 19100 ns, Total: 194707 ns
[2020-09-11T16:16:32.557+0000][1][safepoint    ] Safepoint "RevokeBias", Time since last: 747690583 ns, Reaching safepoint: 219316 ns, At safepoint: 41673 ns, Total: 260989 ns
[2020-09-11T16:16:32.718+0000][1][safepoint    ] Safepoint "RevokeBias", Time since last: 161337334 ns, Reaching safepoint: 174323 ns, At safepoint: 48265 ns, Total: 222588 ns
[2020-09-11T16:16:32.926+0000][1][gc,start     ] GC(185) Pause Young (Allocation Failure)
[2020-09-11T16:16:32.926+0000][1][gc,task      ] GC(185) Using 1 workers of 1 for evacuation
[2020-09-11T16:16:32.932+0000][1][gc,age       ] GC(185) Desired survivor size 4358144 bytes, new threshold 6 (max threshold 6)
[2020-09-11T16:16:32.932+0000][1][gc,age       ] GC(185) Age table with threshold 6 (max threshold 6)
[2020-09-11T16:16:32.932+0000][1][gc,age       ] GC(185) - age   1:     208784 bytes,     208784 total
[2020-09-11T16:16:32.932+0000][1][gc,age       ] GC(185) - age   2:     677896 bytes,     886680 total
[2020-09-11T16:16:32.932+0000][1][gc,age       ] GC(185) - age   3:      44912 bytes,     931592 total
[2020-09-11T16:16:32.932+0000][1][gc,age       ] GC(185) - age   4:     298760 bytes,    1230352 total
[2020-09-11T16:16:32.932+0000][1][gc,age       ] GC(185) - age   5:     127320 bytes,    1357672 total
[2020-09-11T16:16:32.932+0000][1][gc,age       ] GC(185) - age   6:      39768 bytes,    1397440 total
[2020-09-11T16:16:32.932+0000][1][gc,heap      ] GC(185) ParNew: 70682K->1560K(76672K)
[2020-09-11T16:16:32.932+0000][1][gc,heap      ] GC(185) CMS: 104080K->104525K(439104K)
[2020-09-11T16:16:32.932+0000][1][gc,metaspace ] GC(185) Metaspace: 95482K->95482K(1136640K)
[2020-09-11T16:16:32.932+0000][1][gc           ] GC(185) Pause Young (Allocation Failure) 170M->103M(503M) 5.933ms
[2020-09-11T16:16:32.932+0000][1][gc,cpu       ] GC(185) User=0.00s Sys=0.00s Real=0.00s
[2020-09-11T16:16:32.932+0000][1][safepoint    ] Safepoint "GenCollectForAllocation", Time since last: 207722568 ns, Reaching safepoint: 203704 ns, At safepoint: 6037937 ns, Total: 6241641 ns
[2020-09-11T16:16:33.536+0000][1][safepoint    ] Safepoint "RevokeBias", Time since last: 603674384 ns, Reaching safepoint: 94266 ns, At safepoint: 36093 ns, Total: 130359 ns
[2020-09-11T16:16:33.537+0000][1][safepoint    ] Safepoint "RevokeBias", Time since last: 444053 ns, Reaching safepoint: 65682 ns, At safepoint: 12814 ns, Total: 78496 ns
[2020-09-11T16:16:34.335+0000][1][safepoint    ] Safepoint "RevokeBias", Time since last: 798378073 ns, Reaching safepoint: 105890 ns, At safepoint: 29030 ns, Total: 134920 ns
[2020-09-11T16:16:35.336+0000][1][safepoint    ] Safepoint "Cleanup", Time since last: 1000173835 ns, Reaching safepoint: 152947 ns, At safepoint: 18276 ns, Total: 171223 ns
[2020-09-11T16:16:36.336+0000][1][safepoint    ] Safepoint "Cleanup", Time since last: 1000201505 ns, Reaching safepoint: 149724 ns, At safepoint: 18439 ns, Total: 168163 ns
[2020-09-11T16:16:37.336+0000][1][safepoint    ] Safepoint "Cleanup", Time since last: 1000186912 ns, Reaching safepoint: 124564 ns, At safepoint: 7983 ns, Total: 132547 ns
[2020-09-11T16:16:38.337+0000][1][safepoint    ] Safepoint "Cleanup", Time since last: 1000137565 ns, Reaching safepoint: 150395 ns, At safepoint: 18813 ns, Total: 169208 ns
[2020-09-11T16:16:39.337+0000][1][safepoint    ] Safepoint "Cleanup", Time since last: 1000165459 ns, Reaching safepoint: 154812 ns, At safepoint: 17918 ns, Total: 172730 ns
[2020-09-11T16:16:40.337+0000][1][safepoint    ] Safepoint "Cleanup", Time since last: 1000211777 ns, Reaching safepoint: 151197 ns, At safepoint: 18265 ns, Total: 169462 ns
[2020-09-11T16:16:41.338+0000][1][safepoint    ] Safepoint "Cleanup", Time since last: 1000217125 ns, Reaching safepoint: 144839 ns, At safepoint: 18953 ns, Total: 163792 ns
[2020-09-11T16:16:41.921+0000][1][safepoint    ] Safepoint "RevokeBias", Time since last: 583087181 ns, Reaching safepoint: 86708 ns, At safepoint: 22307 ns, Total: 109015 ns
[2020-09-11T16:16:41.989+0000][1][safepoint    ] Safepoint "RevokeBias", Time since last: 67732968 ns, Reaching safepoint: 213935 ns, At safepoint: 26738 ns, Total: 240673 ns
[2020-09-11T16:16:42.989+0000][1][safepoint    ] Safepoint "Cleanup", Time since last: 1000190734 ns, Reaching safepoint: 101215 ns, At safepoint: 7720 ns, Total: 108935 ns
[2020-09-11T16:16:43.807+0000][1][safepoint    ] Safepoint "RevokeBias", Time since last: 817961627 ns, Reaching safepoint: 90697 ns, At safepoint: 22432 ns, Total: 113129 ns
[2020-09-11T16:16:44.808+0000][1][safepoint    ] Safepoint "Cleanup", Time since last: 1000169015 ns, Reaching safepoint: 112723 ns, At safepoint: 8271 ns, Total: 120994 ns
[2020-09-11T16:16:45.808+0000][1][safepoint    ] Safepoint "Cleanup", Time since last: 1000168504 ns, Reaching safepoint: 112147 ns, At safepoint: 9163 ns, Total: 121310 ns
[2020-09-11T16:16:46.808+0000][1][safepoint    ] Safepoint "Cleanup", Time since last: 1000180998 ns, Reaching safepoint: 109207 ns, At safepoint: 8436 ns, Total: 117643 ns
[2020-09-11T16:16:47.809+0000][1][safepoint    ] Safepoint "Cleanup", Time since last: 1000178575 ns, Reaching safepoint: 153171 ns, At safepoint: 19294 ns, Total: 172465 ns
[2020-09-11T16:16:48.809+0000][1][safepoint    ] Safepoint "Cleanup", Time since last: 1000273742 ns, Reaching safepoint: 103300 ns, At safepoint: 7895 ns, Total: 111195 ns
[2020-09-11T16:16:49.817+0000][1][safepoint    ] Safepoint "Cleanup", Time since last: 1008454106 ns, Reaching safepoint: 107312 ns, At safepoint: 8482 ns, Total: 115794 ns
[2020-09-11T16:16:50.818+0000][1][safepoint    ] Safepoint "Cleanup", Time since last: 1000171975 ns, Reaching safepoint: 113165 ns, At safepoint: 8784 ns, Total: 121949 ns
[2020-09-11T16:16:51.818+0000][1][safepoint    ] Safepoint "Cleanup", Time since last: 1000168827 ns, Reaching safepoint: 108504 ns, At safepoint: 7909 ns, Total: 116413 ns
[2020-09-11T16:16:51.926+0000][1][safepoint    ] Safepoint "RevokeBias", Time since last: 107672721 ns, Reaching safepoint: 86494 ns, At safepoint: 21432 ns, Total: 107926 ns
[2020-09-11T16:16:51.977+0000][1][safepoint    ] Safepoint "RevokeBias", Time since last: 51193929 ns, Reaching safepoint: 89267 ns, At safepoint: 22551 ns, Total: 111818 ns
[2020-09-11T16:16:52.977+0000][1][safepoint    ] Safepoint "Cleanup", Time since last: 1000169095 ns, Reaching safepoint: 103292 ns, At safepoint: 7950 ns, Total: 111242 ns
[2020-09-11T16:16:53.839+0000][1][safepoint    ] Safepoint "RevokeBias", Time since last: 861733983 ns, Reaching safepoint: 96109 ns, At safepoint: 26250 ns, Total: 122359 ns
[2020-09-11T16:16:54.840+0000][1][safepoint    ] Safepoint "Cleanup", Time since last: 1000183719 ns, Reaching safepoint: 178449 ns, At safepoint: 24009 ns, Total: 202458 ns
[2020-09-11T16:16:55.840+0000][1][safepoint    ] Safepoint "Cleanup", Time since last: 1000220248 ns, Reaching safepoint: 156406 ns, At safepoint: 19855 ns, Total: 176261 ns
[2020-09-11T16:16:56.840+0000][1][safepoint    ] Safepoint "Cleanup", Time since last: 1000215629 ns, Reaching safepoint: 151120 ns, At safepoint: 18663 ns, Total: 169783 ns
[2020-09-11T16:16:57.841+0000][1][safepoint    ] Safepoint "Cleanup", Time since last: 1000251787 ns, Reaching safepoint: 180688 ns, At safepoint: 18105 ns, Total: 198793 ns
[2020-09-11T16:16:58.841+0000][1][safepoint    ] Safepoint "Cleanup", Time since last: 1000216247 ns, Reaching safepoint: 163456 ns, At safepoint: 22257 ns, Total: 185713 ns
[2020-09-11T16:16:59.877+0000][1][safepoint    ] Safepoint "Cleanup", Time since last: 1035715251 ns, Reaching safepoint: 147037 ns, At safepoint: 17868 ns, Total: 164905 ns
[2020-09-11T16:17:00.878+0000][1][safepoint    ] Safepoint "Cleanup", Time since last: 1000222579 ns, Reaching safepoint: 147495 ns, At safepoint: 19598 ns, Total: 167093 ns
[2020-09-11T16:17:01.878+0000][1][safepoint    ] Safepoint "Cleanup", Time since last: 1000245239 ns, Reaching safepoint: 134875 ns, At safepoint: 17789 ns, Total: 152664 ns
[2020-09-11T16:17:01.905+0000][1][gc,start     ] GC(186) Pause Young (Allocation Failure)
[2020-09-11T16:17:01.905+0000][1][gc,task      ] GC(186) Using 1 workers of 1 for evacuation
[2020-09-11T16:17:01.912+0000][1][gc,age       ] GC(186) Desired survivor size 4358144 bytes, new threshold 6 (max threshold 6)
[2020-09-11T16:17:01.912+0000][1][gc,age       ] GC(186) Age table with threshold 6 (max threshold 6)
[2020-09-11T16:17:01.912+0000][1][gc,age       ] GC(186) - age   1:     318216 bytes,     318216 total
[2020-09-11T16:17:01.912+0000][1][gc,age       ] GC(186) - age   2:     142984 bytes,     461200 total
[2020-09-11T16:17:01.912+0000][1][gc,age       ] GC(186) - age   3:     675448 bytes,    1136648 total
[2020-09-11T16:17:01.912+0000][1][gc,age       ] GC(186) - age   4:      43480 bytes,    1180128 total
[2020-09-11T16:17:01.912+0000][1][gc,age       ] GC(186) - age   5:     298760 bytes,    1478888 total
[2020-09-11T16:17:01.912+0000][1][gc,age       ] GC(186) - age   6:     127320 bytes,    1606208 total
[2020-09-11T16:17:01.912+0000][1][gc,heap      ] GC(186) ParNew: 69720K->2827K(76672K)
[2020-09-11T16:17:01.912+0000][1][gc,heap      ] GC(186) CMS: 104525K->104563K(439104K)
[2020-09-11T16:17:01.912+0000][1][gc,metaspace ] GC(186) Metaspace: 95496K->95496K(1136640K)
[2020-09-11T16:17:01.913+0000][1][gc           ] GC(186) Pause Young (Allocation Failure) 170M->104M(503M) 7.282ms
[2020-09-11T16:17:01.913+0000][1][gc,cpu       ] GC(186) User=0.01s Sys=0.00s Real=0.00s
[2020-09-11T16:17:01.913+0000][1][safepoint    ] Safepoint "GenCollectForAllocation", Time since last: 27114298 ns, Reaching safepoint: 158746 ns, At safepoint: 7936730 ns, Total: 8095476 ns
[2020-09-11T16:17:01.961+0000][1][safepoint    ] Safepoint "RevokeBias", Time since last: 47992736 ns, Reaching safepoint: 165490 ns, At safepoint: 75543 ns, Total: 241033 ns
[2020-09-11T16:17:01.980+0000][1][safepoint    ] Safepoint "RevokeBias", Time since last: 18839051 ns, Reaching safepoint: 89528 ns, At safepoint: 38164 ns, Total: 127692 ns
[2020-09-11T16:17:02.982+0000][1][safepoint    ] Safepoint "Cleanup", Time since last: 1000890525 ns, Reaching safepoint: 190758 ns, At safepoint: 51558 ns, Total: 242316 ns
[2020-09-11T16:17:03.789+0000][1][safepoint    ] Safepoint "RevokeBias", Time since last: 807503065 ns, Reaching safepoint: 93509 ns, At safepoint: 29642 ns, Total: 123151 ns
[2020-09-11T16:17:04.789+0000][1][safepoint    ] Safepoint "Cleanup", Time since last: 1000138825 ns, Reaching safepoint: 150743 ns, At safepoint: 20527 ns, Total: 171270 ns
[2020-09-11T16:17:05.790+0000][1][safepoint    ] Safepoint "Cleanup", Time since last: 1000217564 ns, Reaching safepoint: 138017 ns, At safepoint: 17744 ns, Total: 155761 ns
[2020-09-11T16:17:06.790+0000][1][safepoint    ] Safepoint "Cleanup", Time since last: 1000224953 ns, Reaching safepoint: 97039 ns, At safepoint: 7426 ns, Total: 104465 ns
[2020-09-11T16:17:07.790+0000][1][safepoint    ] Safepoint "Cleanup", Time since last: 1000159508 ns, Reaching safepoint: 145244 ns, At safepoint: 18472 ns, Total: 163716 ns
[2020-09-11T16:17:08.791+0000][1][safepoint    ] Safepoint "Cleanup", Time since last: 1000194270 ns, Reaching safepoint: 144398 ns, At safepoint: 18386 ns, Total: 162784 ns
[2020-09-11T16:17:09.791+0000][1][safepoint    ] Safepoint "Cleanup", Time since last: 1000209972 ns, Reaching safepoint: 145384 ns, At safepoint: 21219 ns, Total: 166603 ns
[2020-09-11T16:17:10.792+0000][1][safepoint    ] Safepoint "Cleanup", Time since last: 1000248907 ns, Reaching safepoint: 99509 ns, At safepoint: 7534 ns, Total: 107043 ns
[2020-09-11T16:17:11.792+0000][1][safepoint    ] Safepoint "Cleanup", Time since last: 1000182863 ns, Reaching safepoint: 100270 ns, At safepoint: 7534 ns, Total: 107804 ns
[2020-09-11T16:17:11.914+0000][1][safepoint    ] Safepoint "RevokeBias", Time since last: 122535807 ns, Reaching safepoint: 90319 ns, At safepoint: 21983 ns, Total: 112302 ns
[2020-09-11T16:17:11.978+0000][1][safepoint    ] Safepoint "RevokeBias", Time since last: 63234417 ns, Reaching safepoint: 209294 ns, At safepoint: 25216 ns, Total: 234510 ns
[2020-09-11T16:17:12.978+0000][1][safepoint    ] Safepoint "Cleanup", Time since last: 1000170913 ns, Reaching safepoint: 99226 ns, At safepoint: 7497 ns, Total: 106723 ns
[2020-09-11T16:17:13.875+0000][1][safepoint    ] Safepoint "RevokeBias", Time since last: 896412330 ns, Reaching safepoint: 173148 ns, At safepoint: 27819 ns, Total: 200967 ns
[2020-09-11T16:17:14.875+0000][1][safepoint    ] Safepoint "Cleanup", Time since last: 1000171558 ns, Reaching safepoint: 103749 ns, At safepoint: 9438 ns, Total: 113187 ns
[2020-09-11T16:17:15.875+0000][1][safepoint    ] Safepoint "Cleanup", Time since last: 1000187187 ns, Reaching safepoint: 145614 ns, At safepoint: 19608 ns, Total: 165222 ns
[2020-09-11T16:17:16.876+0000][1][safepoint    ] Safepoint "Cleanup", Time since last: 1000200187 ns, Reaching safepoint: 147689 ns, At safepoint: 18987 ns, Total: 166676 ns
[2020-09-11T16:17:17.876+0000][1][safepoint    ] Safepoint "Cleanup", Time since last: 1000179166 ns, Reaching safepoint: 140672 ns, At safepoint: 17410 ns, Total: 158082 ns
[2020-09-11T16:17:18.876+0000][1][safepoint    ] Safepoint "Cleanup", Time since last: 1000169744 ns, Reaching safepoint: 84864 ns, At safepoint: 15354 ns, Total: 100218 ns
[2020-09-11T16:17:19.878+0000][1][safepoint    ] Safepoint "Cleanup", Time since last: 1001734571 ns, Reaching safepoint: 141806 ns, At safepoint: 17410 ns, Total: 159216 ns
[2020-09-11T16:17:20.879+0000][1][safepoint    ] Safepoint "Cleanup", Time since last: 1000155799 ns, Reaching safepoint: 261962 ns, At safepoint: 18185 ns, Total: 280147 ns
[2020-09-11T16:17:21.879+0000][1][safepoint    ] Safepoint "Cleanup", Time since last: 1000159970 ns, Reaching safepoint: 126007 ns, At safepoint: 8339 ns, Total: 134346 ns
[2020-09-11T16:17:21.928+0000][1][safepoint    ] Safepoint "RevokeBias", Time since last: 49187769 ns, Reaching safepoint: 89346 ns, At safepoint: 25161 ns, Total: 114507 ns
[2020-09-11T16:17:21.980+0000][1][safepoint    ] Safepoint "RevokeBias", Time since last: 51605079 ns, Reaching safepoint: 88535 ns, At safepoint: 26060 ns, Total: 114595 ns
[2020-09-11T16:17:22.980+0000][1][safepoint    ] Safepoint "Cleanup", Time since last: 1000125218 ns, Reaching safepoint: 150840 ns, At safepoint: 18676 ns, Total: 169516 ns
[2020-09-11T16:17:23.841+0000][1][safepoint    ] Safepoint "RevokeBias", Time since last: 860609223 ns, Reaching safepoint: 86952 ns, At safepoint: 22346 ns, Total: 109298 ns
[2020-09-11T16:17:24.841+0000][1][safepoint    ] Safepoint "Cleanup", Time since last: 1000169542 ns, Reaching safepoint: 140372 ns, At safepoint: 18660 ns, Total: 159032 ns
[2020-09-11T16:17:25.842+0000][1][safepoint    ] Safepoint "Cleanup", Time since last: 1000164983 ns, Reaching safepoint: 157308 ns, At safepoint: 18833 ns, Total: 176141 ns
[2020-09-11T16:17:26.842+0000][1][safepoint    ] Safepoint "Cleanup", Time since last: 1000207101 ns, Reaching safepoint: 109088 ns, At safepoint: 8539 ns, Total: 117627 ns
[2020-09-11T16:17:27.842+0000][1][safepoint    ] Safepoint "Cleanup", Time since last: 1000121782 ns, Reaching safepoint: 120034 ns, At safepoint: 7323 ns, Total: 127357 ns
[2020-09-11T16:17:28.843+0000][1][safepoint    ] Safepoint "Cleanup", Time since last: 1000199989 ns, Reaching safepoint: 92861 ns, At safepoint: 7128 ns, Total: 99989 ns
[2020-09-11T16:17:29.848+0000][1][safepoint    ] Safepoint "Cleanup", Time since last: 1005257372 ns, Reaching safepoint: 85911 ns, At safepoint: 11625 ns, Total: 97536 ns
[2020-09-11T16:17:30.619+0000][1][safepoint    ] Safepoint "RevokeBias", Time since last: 770972370 ns, Reaching safepoint: 76630 ns, At safepoint: 19561 ns, Total: 96191 ns
[2020-09-11T16:17:30.636+0000][1][gc,start     ] GC(187) Pause Young (Allocation Failure)
[2020-09-11T16:17:30.636+0000][1][gc,task      ] GC(187) Using 1 workers of 1 for evacuation
[2020-09-11T16:17:30.642+0000][1][gc,age       ] GC(187) Desired survivor size 4358144 bytes, new threshold 6 (max threshold 6)
[2020-09-11T16:17:30.642+0000][1][gc,age       ] GC(187) Age table with threshold 6 (max threshold 6)
[2020-09-11T16:17:30.642+0000][1][gc,age       ] GC(187) - age   1:     481400 bytes,     481400 total
[2020-09-11T16:17:30.642+0000][1][gc,age       ] GC(187) - age   2:     256664 bytes,     738064 total
[2020-09-11T16:17:30.642+0000][1][gc,age       ] GC(187) - age   3:     141112 bytes,     879176 total
[2020-09-11T16:17:30.642+0000][1][gc,age       ] GC(187) - age   4:     675448 bytes,    1554624 total
[2020-09-11T16:17:30.642+0000][1][gc,age       ] GC(187) - age   5:      43480 bytes,    1598104 total
[2020-09-11T16:17:30.642+0000][1][gc,age       ] GC(187) - age   6:     298464 bytes,    1896568 total
[2020-09-11T16:17:30.642+0000][1][gc,heap      ] GC(187) ParNew: 70987K->1883K(76672K)
[2020-09-11T16:17:30.642+0000][1][gc,heap      ] GC(187) CMS: 104563K->104687K(439104K)
[2020-09-11T16:17:30.642+0000][1][gc,metaspace ] GC(187) Metaspace: 95509K->95509K(1136640K)
[2020-09-11T16:17:30.642+0000][1][gc           ] GC(187) Pause Young (Allocation Failure) 171M->104M(503M) 6.063ms
[2020-09-11T16:17:30.642+0000][1][gc,cpu       ] GC(187) User=0.01s Sys=0.00s Real=0.01s
[2020-09-11T16:17:30.642+0000][1][safepoint    ] Safepoint "GenCollectForAllocation", Time since last: 16525925 ns, Reaching safepoint: 209912 ns, At safepoint: 6485621 ns, Total: 6695533 ns
[2020-09-11T16:17:30.646+0000][1][safepoint    ] Safepoint "RevokeBias", Time since last: 3490550 ns, Reaching safepoint: 160126 ns, At safepoint: 518134 ns, Total: 678260 ns
[2020-09-11T16:17:30.697+0000][1][safepoint    ] Safepoint "RevokeBias", Time since last: 50075262 ns, Reaching safepoint: 92350 ns, At safepoint: 17967 ns, Total: 110317 ns
[2020-09-11T16:17:30.697+0000][1][safepoint    ] Safepoint "RevokeBias", Time since last: 59698 ns, Reaching safepoint: 67894 ns, At safepoint: 12004 ns, Total: 79898 ns
[2020-09-11T16:17:30.699+0000][1][safepoint    ] Safepoint "RevokeBias", Time since last: 1617713 ns, Reaching safepoint: 70206 ns, At safepoint: 15123 ns, Total: 85329 ns
[2020-09-11T16:17:30.699+0000][1][safepoint    ] Safepoint "RevokeBias", Time since last: 575403 ns, Reaching safepoint: 51919 ns, At safepoint: 32704 ns, Total: 84623 ns
[2020-09-11T16:17:30.962+0000][1][safepoint    ] Safepoint "RevokeBias", Time since last: 261756590 ns, Reaching safepoint: 716552 ns, At safepoint: 39259 ns, Total: 755811 ns
[2020-09-11T16:17:30.962+0000][1][safepoint    ] Safepoint "RevokeBias", Time since last: 85632 ns, Reaching safepoint: 106579 ns, At safepoint: 26890 ns, Total: 133469 ns
[2020-09-11T16:17:31.008+0000][1][safepoint    ] Safepoint "RevokeBias", Time since last: 45391186 ns, Reaching safepoint: 173444 ns, At safepoint: 86613 ns, Total: 260057 ns
[2020-09-11T16:17:31.008+0000][1][safepoint    ] Safepoint "RevokeBias", Time since last: 345205 ns, Reaching safepoint: 107420 ns, At safepoint: 67328 ns, Total: 174748 ns
[2020-09-11T16:17:31.185+0000][1][safepoint    ] Safepoint "RevokeBias", Time since last: 176348627 ns, Reaching safepoint: 177481 ns, At safepoint: 79272 ns, Total: 256753 ns
[2020-09-11T16:17:31.187+0000][1][safepoint    ] Safepoint "RevokeBias", Time since last: 2354014 ns, Reaching safepoint: 164514 ns, At safepoint: 112973 ns, Total: 277487 ns
[2020-09-11T16:17:31.189+0000][1][safepoint    ] Safepoint "RevokeBias", Time since last: 982054 ns, Reaching safepoint: 235564 ns, At safepoint: 66937 ns, Total: 302501 ns
[2020-09-11T16:17:31.463+0000][1][safepoint    ] Safepoint "RevokeBias", Time since last: 274686009 ns, Reaching safepoint: 81994 ns, At safepoint: 30817 ns, Total: 112811 ns
[2020-09-11T16:17:31.465+0000][1][safepoint    ] Safepoint "RevokeBias", Time since last: 354216 ns, Reaching safepoint: 751273 ns, At safepoint: 41179 ns, Total: 792452 ns
[2020-09-11T16:17:31.630+0000][1][safepoint    ] Safepoint "RevokeBias", Time since last: 165544092 ns, Reaching safepoint: 99539 ns, At safepoint: 20650 ns, Total: 120189 ns
[2020-09-11T16:17:31.662+0000][1][safepoint    ] Safepoint "RevokeBias", Time since last: 31925321 ns, Reaching safepoint: 171110 ns, At safepoint: 40713 ns, Total: 211823 ns
[2020-09-11T16:17:31.792+0000][1][safepoint    ] Safepoint "RevokeBias", Time since last: 129821183 ns, Reaching safepoint: 200860 ns, At safepoint: 22073 ns, Total: 222933 ns
[2020-09-11T16:17:31.800+0000][1][safepoint    ] Safepoint "RevokeBias", Time since last: 7350962 ns, Reaching safepoint: 191647 ns, At safepoint: 22029 ns, Total: 213676 ns
[2020-09-11T16:17:31.801+0000][1][safepoint    ] Safepoint "RevokeBias", Time since last: 676652 ns, Reaching safepoint: 179160 ns, At safepoint: 34862 ns, Total: 214022 ns
[2020-09-11T16:17:31.822+0000][1][safepoint    ] Safepoint "RevokeBias", Time since last: 21376759 ns, Reaching safepoint: 107471 ns, At safepoint: 25263 ns, Total: 132734 ns
[2020-09-11T16:17:31.978+0000][1][safepoint    ] Safepoint "RevokeBias", Time since last: 154962384 ns, Reaching safepoint: 522617 ns, At safepoint: 22721 ns, Total: 545338 ns
[2020-09-11T16:17:32.577+0000][1][safepoint    ] Safepoint "RevokeBias", Time since last: 599089121 ns, Reaching safepoint: 239062 ns, At safepoint: 24041 ns, Total: 263103 ns
[2020-09-11T16:17:32.578+0000][1][safepoint    ] Safepoint "RevokeBias", Time since last: 481146 ns, Reaching safepoint: 296833 ns, At safepoint: 18062 ns, Total: 314895 ns
[2020-09-11T16:17:32.579+0000][1][safepoint    ] Safepoint "BulkRevokeBias", Time since last: 237012 ns, Reaching safepoint: 485388 ns, At safepoint: 389719 ns, Total: 875107 ns
[2020-09-11T16:17:32.585+0000][1][safepoint    ] Safepoint "RevokeBias", Time since last: 5875898 ns, Reaching safepoint: 124128 ns, At safepoint: 21323 ns, Total: 145451 ns
[2020-09-11T16:17:32.610+0000][1][safepoint    ] Safepoint "RevokeBias", Time since last: 20795385 ns, Reaching safepoint: 4133506 ns, At safepoint: 143274 ns, Total: 4276780 ns
[2020-09-11T16:17:32.614+0000][1][safepoint    ] Safepoint "RevokeBias", Time since last: 3762169 ns, Reaching safepoint: 210926 ns, At safepoint: 25726 ns, Total: 236652 ns
[2020-09-11T16:17:32.723+0000][1][safepoint    ] Safepoint "RevokeBias", Time since last: 108698557 ns, Reaching safepoint: 82438 ns, At safepoint: 19350 ns, Total: 101788 ns
[2020-09-11T16:17:32.723+0000][1][safepoint    ] Safepoint "RevokeBias", Time since last: 267858 ns, Reaching safepoint: 34832 ns, At safepoint: 11359 ns, Total: 46191 ns
[2020-09-11T16:17:32.723+0000][1][safepoint    ] Safepoint "RevokeBias", Time since last: 31687 ns, Reaching safepoint: 31108 ns, At safepoint: 9561 ns, Total: 40669 ns
[2020-09-11T16:17:32.867+0000][1][safepoint    ] Safepoint "RevokeBias", Time since last: 143165108 ns, Reaching safepoint: 831717 ns, At safepoint: 44115 ns, Total: 875832 ns
[2020-09-11T16:17:32.868+0000][1][safepoint    ] Safepoint "RevokeBias", Time since last: 252238 ns, Reaching safepoint: 137699 ns, At safepoint: 29570 ns, Total: 167269 ns
[2020-09-11T16:17:32.868+0000][1][safepoint    ] Safepoint "RevokeBias", Time since last: 33101 ns, Reaching safepoint: 145597 ns, At safepoint: 23652 ns, Total: 169249 ns
[2020-09-11T16:17:33.212+0000][1][safepoint    ] Safepoint "BulkRevokeBias", Time since last: 343543814 ns, Reaching safepoint: 224943 ns, At safepoint: 269698 ns, Total: 494641 ns
[2020-09-11T16:17:33.342+0000][1][gc,start     ] GC(188) Pause Young (Allocation Failure)
[2020-09-11T16:17:33.342+0000][1][gc,task      ] GC(188) Using 1 workers of 1 for evacuation
[2020-09-11T16:17:33.357+0000][1][gc,age       ] GC(188) Desired survivor size 4358144 bytes, new threshold 6 (max threshold 6)
[2020-09-11T16:17:33.357+0000][1][gc,age       ] GC(188) Age table with threshold 6 (max threshold 6)
[2020-09-11T16:17:33.357+0000][1][gc,age       ] GC(188) - age   1:    2322080 bytes,    2322080 total
[2020-09-11T16:17:33.357+0000][1][gc,age       ] GC(188) - age   2:     457488 bytes,    2779568 total
[2020-09-11T16:17:33.357+0000][1][gc,age       ] GC(188) - age   3:     239616 bytes,    3019184 total
[2020-09-11T16:17:33.357+0000][1][gc,age       ] GC(188) - age   4:     132096 bytes,    3151280 total
[2020-09-11T16:17:33.357+0000][1][gc,age       ] GC(188) - age   5:     675448 bytes,    3826728 total
[2020-09-11T16:17:33.357+0000][1][gc,age       ] GC(188) - age   6:      43480 bytes,    3870208 total
[2020-09-11T16:17:33.357+0000][1][gc,heap      ] GC(188) ParNew: 70030K->4873K(76672K)
[2020-09-11T16:17:33.357+0000][1][gc,heap      ] GC(188) CMS: 104687K->104978K(439104K)
[2020-09-11T16:17:33.357+0000][1][gc,metaspace ] GC(188) Metaspace: 95542K->95542K(1136640K)
[2020-09-11T16:17:33.357+0000][1][gc           ] GC(188) Pause Young (Allocation Failure) 170M->107M(503M) 15.264ms
[2020-09-11T16:17:33.357+0000][1][gc,cpu       ] GC(188) User=0.01s Sys=0.00s Real=0.01s
[2020-09-11T16:17:33.357+0000][1][safepoint    ] Safepoint "GenCollectForAllocation", Time since last: 129713494 ns, Reaching safepoint: 168475 ns, At safepoint: 15332753 ns, Total: 15501228 ns
[2020-09-11T16:17:33.365+0000][1][safepoint    ] Safepoint "RevokeBias", Time since last: 7715298 ns, Reaching safepoint: 90697 ns, At safepoint: 50102 ns, Total: 140799 ns
[2020-09-11T16:17:33.365+0000][1][safepoint    ] Safepoint "RevokeBias", Time since last: 78250 ns, Reaching safepoint: 67733 ns, At safepoint: 35882 ns, Total: 103615 ns
[2020-09-11T16:17:33.370+0000][1][safepoint    ] Safepoint "RevokeBias", Time since last: 4090895 ns, Reaching safepoint: 86259 ns, At safepoint: 29910 ns, Total: 116169 ns
[2020-09-11T16:17:33.981+0000][1][safepoint    ] Safepoint "RevokeBias", Time since last: 610949722 ns, Reaching safepoint: 248760 ns, At safepoint: 24287 ns, Total: 273047 ns
[2020-09-11T16:17:34.193+0000][1][safepoint    ] Safepoint "RevokeBias", Time since last: 211728855 ns, Reaching safepoint: 689255 ns, At safepoint: 96368 ns, Total: 785623 ns
[2020-09-11T16:17:34.194+0000][1][safepoint    ] Safepoint "RevokeBias", Time since last: 193280 ns, Reaching safepoint: 85219 ns, At safepoint: 33704 ns, Total: 118923 ns
[2020-09-11T16:17:34.194+0000][1][safepoint    ] Safepoint "RevokeBias", Time since last: 181627 ns, Reaching safepoint: 100230 ns, At safepoint: 53881 ns, Total: 154111 ns
[2020-09-11T16:17:34.972+0000][1][safepoint    ] Safepoint "RevokeBias", Time since last: 777835471 ns, Reaching safepoint: 115765 ns, At safepoint: 20401 ns, Total: 136166 ns
[2020-09-11T16:17:34.993+0000][1][safepoint    ] Safepoint "RevokeBias", Time since last: 21039982 ns, Reaching safepoint: 168991 ns, At safepoint: 25051 ns, Total: 194042 ns
[2020-09-11T16:17:35.009+0000][1][safepoint    ] Safepoint "RevokeBias", Time since last: 16134787 ns, Reaching safepoint: 93429 ns, At safepoint: 20049 ns, Total: 113478 ns
[2020-09-11T16:17:35.657+0000][1][safepoint    ] Safepoint "RevokeBias", Time since last: 645821905 ns, Reaching safepoint: 1268941 ns, At safepoint: 22141 ns, Total: 1291082 ns
[2020-09-11T16:17:35.658+0000][1][safepoint    ] Safepoint "RevokeBias", Time since last: 1152636 ns, Reaching safepoint: 405464 ns, At safepoint: 20082 ns, Total: 425546 ns
[2020-09-11T16:17:35.939+0000][1][safepoint    ] Safepoint "RevokeBias", Time since last: 279918051 ns, Reaching safepoint: 455572 ns, At safepoint: 52447 ns, Total: 508019 ns
[2020-09-11T16:17:36.544+0000][1][gc,start     ] GC(189) Pause Young (Allocation Failure)
[2020-09-11T16:17:36.544+0000][1][gc,task      ] GC(189) Using 1 workers of 1 for evacuation
[2020-09-11T16:17:36.551+0000][1][gc,age       ] GC(189) Desired survivor size 4358144 bytes, new threshold 6 (max threshold 6)
[2020-09-11T16:17:36.563+0000][1][gc,age       ] GC(189) Age table with threshold 6 (max threshold 6)
[2020-09-11T16:17:36.563+0000][1][gc,age       ] GC(189) - age   1:     350896 bytes,     350896 total
[2020-09-11T16:17:36.563+0000][1][gc,age       ] GC(189) - age   2:     883296 bytes,    1234192 total
[2020-09-11T16:17:36.563+0000][1][gc,age       ] GC(189) - age   3:     430264 bytes,    1664456 total
[2020-09-11T16:17:36.563+0000][1][gc,age       ] GC(189) - age   4:     238448 bytes,    1902904 total
[2020-09-11T16:17:36.563+0000][1][gc,age       ] GC(189) - age   5:     130560 bytes,    2033464 total
[2020-09-11T16:17:36.563+0000][1][gc,age       ] GC(189) - age   6:     675448 bytes,    2708912 total
[2020-09-11T16:17:36.563+0000][1][gc,heap      ] GC(189) ParNew: 73033K->3240K(76672K)
[2020-09-11T16:17:36.563+0000][1][gc,heap      ] GC(189) CMS: 104978K->105020K(439104K)
[2020-09-11T16:17:36.563+0000][1][gc,metaspace ] GC(189) Metaspace: 95581K->95581K(1136640K)
[2020-09-11T16:17:36.563+0000][1][gc           ] GC(189) Pause Young (Allocation Failure) 173M->105M(503M) 19.797ms
[2020-09-11T16:17:36.563+0000][1][gc,cpu       ] GC(189) User=0.01s Sys=0.00s Real=0.02s
[2020-09-11T16:17:36.564+0000][1][safepoint    ] Safepoint "GenCollectForAllocation", Time since last: 604775537 ns, Reaching safepoint: 372127 ns, At safepoint: 20385863 ns, Total: 20757990 ns
[2020-09-11T16:17:36.570+0000][1][safepoint    ] Safepoint "RevokeBias", Time since last: 5912568 ns, Reaching safepoint: 200607 ns, At safepoint: 50310 ns, Total: 250917 ns
[2020-09-11T16:17:36.826+0000][1][safepoint    ] Safepoint "RevokeBias", Time since last: 255211267 ns, Reaching safepoint: 986254 ns, At safepoint: 26068 ns, Total: 1012322 ns
[2020-09-11T16:17:36.849+0000][1][safepoint    ] Safepoint "RevokeBias", Time since last: 21230335 ns, Reaching safepoint: 1176462 ns, At safepoint: 22419 ns, Total: 1198881 ns
[2020-09-11T16:17:36.850+0000][1][safepoint    ] Safepoint "RevokeBias", Time since last: 180050 ns, Reaching safepoint: 894592 ns, At safepoint: 16347 ns, Total: 910939 ns
[2020-09-11T16:17:36.850+0000][1][safepoint    ] Safepoint "RevokeBias", Time since last: 58962 ns, Reaching safepoint: 109959 ns, At safepoint: 12525 ns, Total: 122484 ns
[2020-09-11T16:17:36.850+0000][1][safepoint    ] Safepoint "RevokeBias", Time since last: 32930 ns, Reaching safepoint: 107289 ns, At safepoint: 11833 ns, Total: 119122 ns
[2020-09-11T16:17:36.852+0000][1][safepoint    ] Safepoint "RevokeBias", Time since last: 31542 ns, Reaching safepoint: 1224819 ns, At safepoint: 14837 ns, Total: 1239656 ns
[2020-09-11T16:17:36.852+0000][1][safepoint    ] Safepoint "RevokeBias", Time since last: 70751 ns, Reaching safepoint: 108842 ns, At safepoint: 12289 ns, Total: 121131 ns
[2020-09-11T16:17:36.855+0000][1][safepoint    ] Safepoint "RevokeBias", Time since last: 1961048 ns, Reaching safepoint: 867240 ns, At safepoint: 59884 ns, Total: 927124 ns
[2020-09-11T16:17:36.855+0000][1][safepoint    ] Safepoint "RevokeBias", Time since last: 127763 ns, Reaching safepoint: 304569 ns, At safepoint: 17344 ns, Total: 321913 ns
[2020-09-11T16:17:36.857+0000][1][safepoint    ] Safepoint "RevokeBias", Time since last: 47267 ns, Reaching safepoint: 1687749 ns, At safepoint: 18936 ns, Total: 1706685 ns
[2020-09-11T16:17:36.857+0000][1][safepoint    ] Safepoint "RevokeBias", Time since last: 167939 ns, Reaching safepoint: 114382 ns, At safepoint: 48859 ns, Total: 163241 ns
[2020-09-11T16:17:36.857+0000][1][safepoint    ] Safepoint "RevokeBias", Time since last: 32024 ns, Reaching safepoint: 110069 ns, At safepoint: 22456 ns, Total: 132525 ns
[2020-09-11T16:17:36.872+0000][1][safepoint    ] Safepoint "RevokeBias", Time since last: 13123302 ns, Reaching safepoint: 1362156 ns, At safepoint: 24816 ns, Total: 1386972 ns
[2020-09-11T16:17:37.017+0000][1][safepoint    ] Safepoint "RevokeBias", Time since last: 144956167 ns, Reaching safepoint: 319778 ns, At safepoint: 23105 ns, Total: 342883 ns
[2020-09-11T16:17:37.018+0000][1][safepoint    ] Safepoint "RevokeBias", Time since last: 300078 ns, Reaching safepoint: 270107 ns, At safepoint: 15893 ns, Total: 286000 ns
[2020-09-11T16:17:37.079+0000][1][safepoint    ] Safepoint "RevokeBias", Time since last: 57209295 ns, Reaching safepoint: 3855461 ns, At safepoint: 31322 ns, Total: 3886783 ns
[2020-09-11T16:17:37.082+0000][1][safepoint    ] Safepoint "RevokeBias", Time since last: 1421524 ns, Reaching safepoint: 1925193 ns, At safepoint: 28683 ns, Total: 1953876 ns
[2020-09-11T16:17:37.087+0000][1][safepoint    ] Safepoint "RevokeBias", Time since last: 1069228 ns, Reaching safepoint: 3282565 ns, At safepoint: 31758 ns, Total: 3314323 ns
[2020-09-11T16:17:37.093+0000][1][safepoint    ] Safepoint "RevokeBias", Time since last: 2928782 ns, Reaching safepoint: 3364311 ns, At safepoint: 27376 ns, Total: 3391687 ns
[2020-09-11T16:17:37.908+0000][1][safepoint    ] Safepoint "RevokeBias", Time since last: 814764914 ns, Reaching safepoint: 95154 ns, At safepoint: 25684 ns, Total: 120838 ns
[2020-09-11T16:17:37.909+0000][1][safepoint    ] Safepoint "RevokeBias", Time since last: 987583 ns, Reaching safepoint: 48269 ns, At safepoint: 13290 ns, Total: 61559 ns
[2020-09-11T16:17:37.909+0000][1][safepoint    ] Safepoint "RevokeBias", Time since last: 47345 ns, Reaching safepoint: 29552 ns, At safepoint: 10229 ns, Total: 39781 ns
[2020-09-11T16:17:37.911+0000][1][safepoint    ] Safepoint "RevokeBias", Time since last: 2094954 ns, Reaching safepoint: 52935 ns, At safepoint: 15928 ns, Total: 68863 ns
[2020-09-11T16:17:37.935+0000][1][safepoint    ] Safepoint "RevokeBias", Time since last: 15512136 ns, Reaching safepoint: 8476947 ns, At safepoint: 31191 ns, Total: 8508138 ns
[2020-09-11T16:17:37.935+0000][1][safepoint    ] Safepoint "RevokeBias", Time since last: 93597 ns, Reaching safepoint: 231532 ns, At safepoint: 14531 ns, Total: 246063 ns
[2020-09-11T16:17:38.009+0000][1][safepoint    ] Safepoint "RevokeBias", Time since last: 73499732 ns, Reaching safepoint: 163779 ns, At safepoint: 22189 ns, Total: 185968 ns
[2020-09-11T16:17:38.010+0000][1][safepoint    ] Safepoint "RevokeBias", Time since last: 375194 ns, Reaching safepoint: 36278 ns, At safepoint: 11304 ns, Total: 47582 ns
[2020-09-11T16:17:38.010+0000][1][safepoint    ] Safepoint "RevokeBias", Time since last: 32205 ns, Reaching safepoint: 30470 ns, At safepoint: 9327 ns, Total: 39797 ns
[2020-09-11T16:17:38.029+0000][1][safepoint    ] Safepoint "RevokeBias", Time since last: 19519087 ns, Reaching safepoint: 160005 ns, At safepoint: 21009 ns, Total: 181014 ns
[2020-09-11T16:17:38.030+0000][1][safepoint    ] Safepoint "RevokeBias", Time since last: 136060 ns, Reaching safepoint: 102496 ns, At safepoint: 12151 ns, Total: 114647 ns
[2020-09-11T16:17:38.031+0000][1][safepoint    ] Safepoint "RevokeBias", Time since last: 1120516 ns, Reaching safepoint: 105135 ns, At safepoint: 11583 ns, Total: 116718 ns
[2020-09-11T16:17:38.031+0000][1][safepoint    ] Safepoint "RevokeBias", Time since last: 38450 ns, Reaching safepoint: 100860 ns, At safepoint: 10313 ns, Total: 111173 ns
[2020-09-11T16:17:38.031+0000][1][safepoint    ] Safepoint "RevokeBias", Time since last: 31524 ns, Reaching safepoint: 98699 ns, At safepoint: 10498 ns, Total: 109197 ns
[2020-09-11T16:17:38.033+0000][1][safepoint    ] Safepoint "RevokeBias", Time since last: 30600 ns, Reaching safepoint: 1671032 ns, At safepoint: 25111 ns, Total: 1696143 ns
[2020-09-11T16:17:38.033+0000][1][safepoint    ] Safepoint "RevokeBias", Time since last: 41222 ns, Reaching safepoint: 98846 ns, At safepoint: 10103 ns, Total: 108949 ns
[2020-09-11T16:17:38.033+0000][1][safepoint    ] Safepoint "RevokeBias", Time since last: 31233 ns, Reaching safepoint: 97452 ns, At safepoint: 9925 ns, Total: 107377 ns
[2020-09-11T16:17:38.033+0000][1][safepoint    ] Safepoint "RevokeBias", Time since last: 29936 ns, Reaching safepoint: 98115 ns, At safepoint: 9764 ns, Total: 107879 ns
[2020-09-11T16:17:38.033+0000][1][safepoint    ] Safepoint "RevokeBias", Time since last: 29719 ns, Reaching safepoint: 97081 ns, At safepoint: 9473 ns, Total: 106554 ns
[2020-09-11T16:17:38.034+0000][1][safepoint    ] Safepoint "RevokeBias", Time since last: 29245 ns, Reaching safepoint: 95565 ns, At safepoint: 9247 ns, Total: 104812 ns
[2020-09-11T16:17:38.034+0000][1][safepoint    ] Safepoint "RevokeBias", Time since last: 28182 ns, Reaching safepoint: 96886 ns, At safepoint: 9380 ns, Total: 106266 ns
[2020-09-11T16:17:38.034+0000][1][safepoint    ] Safepoint "RevokeBias", Time since last: 28966 ns, Reaching safepoint: 96260 ns, At safepoint: 9313 ns, Total: 105573 ns
[2020-09-11T16:17:38.065+0000][1][safepoint    ] Safepoint "RevokeBias", Time since last: 31576161 ns, Reaching safepoint: 72657 ns, At safepoint: 31105 ns, Total: 103762 ns
[2020-09-11T16:17:38.119+0000][1][safepoint    ] Safepoint "RevokeBias", Time since last: 53009042 ns, Reaching safepoint: 112751 ns, At safepoint: 23608 ns, Total: 136359 ns
[2020-09-11T16:17:38.125+0000][1][gc,start     ] GC(190) Pause Young (Allocation Failure)
[2020-09-11T16:17:38.125+0000][1][gc,task      ] GC(190) Using 1 workers of 1 for evacuation
[2020-09-11T16:17:38.139+0000][1][gc,age       ] GC(190) Desired survivor size 4358144 bytes, new threshold 6 (max threshold 6)
[2020-09-11T16:17:38.139+0000][1][gc,age       ] GC(190) Age table with threshold 6 (max threshold 6)
[2020-09-11T16:17:38.139+0000][1][gc,age       ] GC(190) - age   1:    1027968 bytes,    1027968 total
[2020-09-11T16:17:38.139+0000][1][gc,age       ] GC(190) - age   2:     260608 bytes,    1288576 total
[2020-09-11T16:17:38.139+0000][1][gc,age       ] GC(190) - age   3:     872784 bytes,    2161360 total
[2020-09-11T16:17:38.139+0000][1][gc,age       ] GC(190) - age   4:     423064 bytes,    2584424 total
[2020-09-11T16:17:38.139+0000][1][gc,age       ] GC(190) - age   5:     237824 bytes,    2822248 total
[2020-09-11T16:17:38.139+0000][1][gc,age       ] GC(190) - age   6:     130560 bytes,    2952808 total
[2020-09-11T16:17:38.139+0000][1][gc,heap      ] GC(190) ParNew: 71400K->5588K(76672K)
[2020-09-11T16:17:38.139+0000][1][gc,heap      ] GC(190) CMS: 105020K->105680K(439104K)
[2020-09-11T16:17:38.139+0000][1][gc,metaspace ] GC(190) Metaspace: 95595K->95595K(1136640K)
[2020-09-11T16:17:38.139+0000][1][gc           ] GC(190) Pause Young (Allocation Failure) 172M->108M(503M) 14.115ms
[2020-09-11T16:17:38.139+0000][1][gc,cpu       ] GC(190) User=0.02s Sys=0.00s Real=0.01s
[2020-09-11T16:17:38.140+0000][1][safepoint    ] Safepoint "GenCollectForAllocation", Time since last: 6425907 ns, Reaching safepoint: 147415 ns, At safepoint: 14313738 ns, Total: 14461153 ns
[2020-09-11T16:17:38.143+0000][1][safepoint    ] Safepoint "RevokeBias", Time since last: 3692620 ns, Reaching safepoint: 90627 ns, At safepoint: 50833 ns, Total: 141460 ns
[2020-09-11T16:17:38.146+0000][1][safepoint    ] Safepoint "RevokeBias", Time since last: 2142813 ns, Reaching safepoint: 83133 ns, At safepoint: 31512 ns, Total: 114645 ns
[2020-09-11T16:17:38.198+0000][1][safepoint    ] Safepoint "RevokeBias", Time since last: 52027984 ns, Reaching safepoint: 97138 ns, At safepoint: 27919 ns, Total: 125057 ns
[2020-09-11T16:17:38.199+0000][1][safepoint    ] Safepoint "RevokeBias", Time since last: 1054598 ns, Reaching safepoint: 123561 ns, At safepoint: 19006 ns, Total: 142567 ns
[2020-09-11T16:17:38.199+0000][1][safepoint    ] Safepoint "RevokeBias", Time since last: 43307 ns, Reaching safepoint: 50908 ns, At safepoint: 34855 ns, Total: 85763 ns
[2020-09-11T16:17:38.199+0000][1][safepoint    ] Safepoint "RevokeBias", Time since last: 112153 ns, Reaching safepoint: 46833 ns, At safepoint: 13458 ns, Total: 60291 ns
[2020-09-11T16:17:38.199+0000][1][safepoint    ] Safepoint "RevokeBias", Time since last: 80495 ns, Reaching safepoint: 39746 ns, At safepoint: 11697 ns, Total: 51443 ns
[2020-09-11T16:17:38.200+0000][1][safepoint    ] Safepoint "RevokeBias", Time since last: 72383 ns, Reaching safepoint: 38226 ns, At safepoint: 10955 ns, Total: 49181 ns
[2020-09-11T16:17:38.200+0000][1][safepoint    ] Safepoint "RevokeBias", Time since last: 71142 ns, Reaching safepoint: 35762 ns, At safepoint: 10838 ns, Total: 46600 ns
[2020-09-11T16:17:38.200+0000][1][safepoint    ] Safepoint "RevokeBias", Time since last: 77861 ns, Reaching safepoint: 35892 ns, At safepoint: 10786 ns, Total: 46678 ns
[2020-09-11T16:17:38.200+0000][1][safepoint    ] Safepoint "RevokeBias", Time since last: 68250 ns, Reaching safepoint: 34316 ns, At safepoint: 10892 ns, Total: 45208 ns
[2020-09-11T16:17:38.200+0000][1][safepoint    ] Safepoint "RevokeBias", Time since last: 69164 ns, Reaching safepoint: 34749 ns, At safepoint: 10158 ns, Total: 44907 ns
[2020-09-11T16:17:38.200+0000][1][safepoint    ] Safepoint "RevokeBias", Time since last: 67023 ns, Reaching safepoint: 33811 ns, At safepoint: 10038 ns, Total: 43849 ns
[2020-09-11T16:17:38.200+0000][1][safepoint    ] Safepoint "RevokeBias", Time since last: 70962 ns, Reaching safepoint: 33639 ns, At safepoint: 9957 ns, Total: 43596 ns
[2020-09-11T16:17:38.202+0000][1][safepoint    ] Safepoint "RevokeBias", Time since last: 1597230 ns, Reaching safepoint: 48989 ns, At safepoint: 23654 ns, Total: 72643 ns
[2020-09-11T16:17:38.210+0000][1][safepoint    ] Safepoint "RevokeBias", Time since last: 7747400 ns, Reaching safepoint: 164468 ns, At safepoint: 18416 ns, Total: 182884 ns
[2020-09-11T16:17:38.227+0000][1][safepoint    ] Safepoint "RevokeBias", Time since last: 17130263 ns, Reaching safepoint: 194093 ns, At safepoint: 18640 ns, Total: 212733 ns
[2020-09-11T16:17:38.234+0000][1][safepoint    ] Safepoint "RevokeBias", Time since last: 7121959 ns, Reaching safepoint: 175728 ns, At safepoint: 43484 ns, Total: 219212 ns
[2020-09-11T16:17:38.655+0000][1][safepoint    ] Safepoint "RevokeBias", Time since last: 420088543 ns, Reaching safepoint: 80208 ns, At safepoint: 8279 ns, Total: 88487 ns
[2020-09-11T16:17:38.655+0000][1][safepoint    ] Safepoint "RevokeBias", Time since last: 77605 ns, Reaching safepoint: 30640 ns, At safepoint: 16439 ns, Total: 47079 ns
[2020-09-11T16:17:38.710+0000][1][safepoint    ] Safepoint "RevokeBias", Time since last: 55308207 ns, Reaching safepoint: 93700 ns, At safepoint: 24776 ns, Total: 118476 ns
[2020-09-11T16:17:38.711+0000][1][safepoint    ] Safepoint "RevokeBias", Time since last: 297729 ns, Reaching safepoint: 80246 ns, At safepoint: 16279 ns, Total: 96525 ns
[2020-09-11T16:17:38.711+0000][1][safepoint    ] Safepoint "RevokeBias", Time since last: 49575 ns, Reaching safepoint: 49154 ns, At safepoint: 12054 ns, Total: 61208 ns
[2020-09-11T16:17:38.711+0000][1][safepoint    ] Safepoint "RevokeBias", Time since last: 39533 ns, Reaching safepoint: 42818 ns, At safepoint: 11350 ns, Total: 54168 ns
[2020-09-11T16:17:38.711+0000][1][safepoint    ] Safepoint "RevokeBias", Time since last: 36451 ns, Reaching safepoint: 41429 ns, At safepoint: 11157 ns, Total: 52586 ns
[2020-09-11T16:17:38.711+0000][1][safepoint    ] Safepoint "RevokeBias", Time since last: 36172 ns, Reaching safepoint: 40040 ns, At safepoint: 10819 ns, Total: 50859 ns
[2020-09-11T16:17:38.711+0000][1][safepoint    ] Safepoint "RevokeBias", Time since last: 35574 ns, Reaching safepoint: 39570 ns, At safepoint: 10523 ns, Total: 50093 ns
[2020-09-11T16:17:38.711+0000][1][safepoint    ] Safepoint "RevokeBias", Time since last: 35938 ns, Reaching safepoint: 39109 ns, At safepoint: 10257 ns, Total: 49366 ns
[2020-09-11T16:17:38.711+0000][1][safepoint    ] Safepoint "RevokeBias", Time since last: 34807 ns, Reaching safepoint: 38462 ns, At safepoint: 10455 ns, Total: 48917 ns
[2020-09-11T16:17:38.711+0000][1][safepoint    ] Safepoint "RevokeBias", Time since last: 34953 ns, Reaching safepoint: 37622 ns, At safepoint: 18465 ns, Total: 56087 ns
[2020-09-11T16:17:38.714+0000][1][safepoint    ] Safepoint "RevokeBias", Time since last: 2777925 ns, Reaching safepoint: 159960 ns, At safepoint: 39982 ns, Total: 199942 ns
[2020-09-11T16:17:38.719+0000][1][safepoint    ] Safepoint "RevokeBias", Time since last: 3960757 ns, Reaching safepoint: 848315 ns, At safepoint: 44554 ns, Total: 892869 ns
[2020-09-11T16:17:39.326+0000][1][safepoint    ] Safepoint "RevokeBias", Time since last: 606328293 ns, Reaching safepoint: 113769 ns, At safepoint: 25556 ns, Total: 139325 ns
[2020-09-11T16:17:39.326+0000][1][safepoint    ] Safepoint "RevokeBias", Time since last: 126945 ns, Reaching safepoint: 36410 ns, At safepoint: 11147 ns, Total: 47557 ns
[2020-09-11T16:17:39.895+0000][1][safepoint    ] Safepoint "RevokeBias", Time since last: 568481116 ns, Reaching safepoint: 266121 ns, At safepoint: 48441 ns, Total: 314562 ns
[2020-09-11T16:17:40.019+0000][1][safepoint    ] Safepoint "RevokeBias", Time since last: 124178286 ns, Reaching safepoint: 588684 ns, At safepoint: 20270 ns, Total: 608954 ns
[2020-09-11T16:17:40.036+0000][1][safepoint    ] Safepoint "RevokeBias", Time since last: 16144463 ns, Reaching safepoint: 161388 ns, At safepoint: 19222 ns, Total: 180610 ns
[2020-09-11T16:17:40.036+0000][1][safepoint    ] Safepoint "RevokeBias", Time since last: 176587 ns, Reaching safepoint: 104192 ns, At safepoint: 11693 ns, Total: 115885 ns
[2020-09-11T16:17:40.039+0000][1][safepoint    ] Safepoint "RevokeBias", Time since last: 3016092 ns, Reaching safepoint: 152020 ns, At safepoint: 17799 ns, Total: 169819 ns
[2020-09-11T16:17:40.039+0000][1][safepoint    ] Safepoint "RevokeBias", Time since last: 153361 ns, Reaching safepoint: 105531 ns, At safepoint: 11886 ns, Total: 117417 ns
[2020-09-11T16:17:40.040+0000][1][safepoint    ] Safepoint "RevokeBias", Time since last: 97983 ns, Reaching safepoint: 104261 ns, At safepoint: 10664 ns, Total: 114925 ns
[2020-09-11T16:17:40.040+0000][1][safepoint    ] Safepoint "RevokeBias", Time since last: 95916 ns, Reaching safepoint: 104000 ns, At safepoint: 10545 ns, Total: 114545 ns
[2020-09-11T16:17:40.040+0000][1][safepoint    ] Safepoint "RevokeBias", Time since last: 94832 ns, Reaching safepoint: 103235 ns, At safepoint: 10533 ns, Total: 113768 ns
[2020-09-11T16:17:40.040+0000][1][safepoint    ] Safepoint "RevokeBias", Time since last: 94116 ns, Reaching safepoint: 103817 ns, At safepoint: 10790 ns, Total: 114607 ns
[2020-09-11T16:17:40.041+0000][1][safepoint    ] Safepoint "RevokeBias", Time since last: 540036 ns, Reaching safepoint: 106756 ns, At safepoint: 12305 ns, Total: 119061 ns
[2020-09-11T16:17:40.041+0000][1][safepoint    ] Safepoint "RevokeBias", Time since last: 122981 ns, Reaching safepoint: 103492 ns, At safepoint: 11119 ns, Total: 114611 ns
[2020-09-11T16:17:40.054+0000][1][safepoint    ] Safepoint "RevokeBias", Time since last: 12560392 ns, Reaching safepoint: 164376 ns, At safepoint: 61912 ns, Total: 226288 ns
[2020-09-11T16:17:41.054+0000][1][safepoint    ] Safepoint "Cleanup", Time since last: 1000188126 ns, Reaching safepoint: 106855 ns, At safepoint: 7876 ns, Total: 114731 ns
[2020-09-11T16:17:41.096+0000][1][safepoint    ] Safepoint "RevokeBias", Time since last: 41356426 ns, Reaching safepoint: 75257 ns, At safepoint: 20372 ns, Total: 95629 ns
[2020-09-11T16:17:41.489+0000][1][safepoint    ] Safepoint "RevokeBias", Time since last: 393273769 ns, Reaching safepoint: 108254 ns, At safepoint: 20564 ns, Total: 128818 ns
[2020-09-11T16:17:41.489+0000][1][safepoint    ] Safepoint "RevokeBias", Time since last: 60408 ns, Reaching safepoint: 34228 ns, At safepoint: 10993 ns, Total: 45221 ns
[2020-09-11T16:17:41.497+0000][1][safepoint    ] Safepoint "RevokeBias", Time since last: 7891597 ns, Reaching safepoint: 92220 ns, At safepoint: 19696 ns, Total: 111916 ns
[2020-09-11T16:17:41.498+0000][1][safepoint    ] Safepoint "RevokeBias", Time since last: 457122 ns, Reaching safepoint: 43138 ns, At safepoint: 30511 ns, Total: 73649 ns
[2020-09-11T16:17:41.825+0000][1][safepoint    ] Safepoint "RevokeBias", Time since last: 326892749 ns, Reaching safepoint: 125010 ns, At safepoint: 21290 ns, Total: 146300 ns
[2020-09-11T16:17:41.905+0000][1][safepoint    ] Safepoint "RevokeBias", Time since last: 79873532 ns, Reaching safepoint: 138018 ns, At safepoint: 48304 ns, Total: 186322 ns
[2020-09-11T16:17:41.905+0000][1][safepoint    ] Safepoint "RevokeBias", Time since last: 122377 ns, Reaching safepoint: 179192 ns, At safepoint: 29939 ns, Total: 209131 ns
[2020-09-11T16:17:41.908+0000][1][safepoint    ] Safepoint "RevokeBias", Time since last: 2680514 ns, Reaching safepoint: 263739 ns, At safepoint: 58182 ns, Total: 321921 ns
[2020-09-11T16:17:41.908+0000][1][safepoint    ] Safepoint "RevokeBias", Time since last: 63152 ns, Reaching safepoint: 159121 ns, At safepoint: 11508 ns, Total: 170629 ns
[2020-09-11T16:17:42.099+0000][1][safepoint    ] Safepoint "RevokeBias", Time since last: 190411489 ns, Reaching safepoint: 134880 ns, At safepoint: 25166 ns, Total: 160046 ns
[2020-09-11T16:17:42.448+0000][1][safepoint    ] Safepoint "RevokeBias", Time since last: 349103849 ns, Reaching safepoint: 89899 ns, At safepoint: 25253 ns, Total: 115152 ns
[2020-09-11T16:17:42.727+0000][1][safepoint    ] Safepoint "RevokeBias", Time since last: 278909726 ns, Reaching safepoint: 179881 ns, At safepoint: 23675 ns, Total: 203556 ns
[2020-09-11T16:17:42.939+0000][1][gc,start     ] GC(191) Pause Young (Allocation Failure)
[2020-09-11T16:17:42.939+0000][1][gc,task      ] GC(191) Using 1 workers of 1 for evacuation
[2020-09-11T16:17:42.953+0000][1][gc,age       ] GC(191) Desired survivor size 4358144 bytes, new threshold 6 (max threshold 6)
[2020-09-11T16:17:42.953+0000][1][gc,age       ] GC(191) Age table with threshold 6 (max threshold 6)
[2020-09-11T16:17:42.953+0000][1][gc,age       ] GC(191) - age   1:     626416 bytes,     626416 total
[2020-09-11T16:17:42.953+0000][1][gc,age       ] GC(191) - age   2:     384832 bytes,    1011248 total
[2020-09-11T16:17:42.953+0000][1][gc,age       ] GC(191) - age   3:     247136 bytes,    1258384 total
[2020-09-11T16:17:42.953+0000][1][gc,age       ] GC(191) - age   4:     320752 bytes,    1579136 total
[2020-09-11T16:17:42.953+0000][1][gc,age       ] GC(191) - age   5:     414312 bytes,    1993448 total
[2020-09-11T16:17:42.953+0000][1][gc,age       ] GC(191) - age   6:     236472 bytes,    2229920 total
[2020-09-11T16:17:42.953+0000][1][gc,heap      ] GC(191) ParNew: 73748K->3559K(76672K)
[2020-09-11T16:17:42.953+0000][1][gc,heap      ] GC(191) CMS: 105680K->105807K(439104K)
[2020-09-11T16:17:42.953+0000][1][gc,metaspace ] GC(191) Metaspace: 95627K->95627K(1136640K)
[2020-09-11T16:17:42.953+0000][1][gc           ] GC(191) Pause Young (Allocation Failure) 175M->106M(503M) 14.215ms
[2020-09-11T16:17:42.953+0000][1][gc,cpu       ] GC(191) User=0.01s Sys=0.00s Real=0.02s
[2020-09-11T16:17:42.953+0000][1][safepoint    ] Safepoint "GenCollectForAllocation", Time since last: 211421905 ns, Reaching safepoint: 178023 ns, At safepoint: 14282635 ns, Total: 14460658 ns
[2020-09-11T16:17:42.956+0000][1][safepoint    ] Safepoint "RevokeBias", Time since last: 2239383 ns, Reaching safepoint: 72493 ns, At safepoint: 24550 ns, Total: 97043 ns
[2020-09-11T16:17:43.015+0000][1][safepoint    ] Safepoint "RevokeBias", Time since last: 59277299 ns, Reaching safepoint: 148598 ns, At safepoint: 72657 ns, Total: 221255 ns
[2020-09-11T16:17:43.430+0000][1][safepoint    ] Safepoint "RevokeBias", Time since last: 414903088 ns, Reaching safepoint: 190460 ns, At safepoint: 22252 ns, Total: 212712 ns
[2020-09-11T16:17:43.682+0000][1][safepoint    ] Safepoint "RevokeBias", Time since last: 244994610 ns, Reaching safepoint: 6610440 ns, At safepoint: 30189 ns, Total: 6640629 ns
[2020-09-11T16:17:43.690+0000][1][safepoint    ] Safepoint "RevokeBias", Time since last: 6963289 ns, Reaching safepoint: 863039 ns, At safepoint: 22516 ns, Total: 885555 ns
[2020-09-11T16:17:43.690+0000][1][safepoint    ] Safepoint "RevokeBias", Time since last: 66037 ns, Reaching safepoint: 120964 ns, At safepoint: 13387 ns, Total: 134351 ns
[2020-09-11T16:17:43.692+0000][1][safepoint    ] Safepoint "RevokeBias", Time since last: 159912 ns, Reaching safepoint: 1740839 ns, At safepoint: 18039 ns, Total: 1758878 ns
[2020-09-11T16:17:43.951+0000][1][safepoint    ] Safepoint "RevokeBias", Time since last: 258751430 ns, Reaching safepoint: 245423 ns, At safepoint: 51495 ns, Total: 296918 ns
[2020-09-11T16:17:43.961+0000][1][safepoint    ] Safepoint "RevokeBias", Time since last: 9442481 ns, Reaching safepoint: 679731 ns, At safepoint: 230849 ns, Total: 910580 ns
[2020-09-11T16:17:43.963+0000][1][safepoint    ] Safepoint "RevokeBias", Time since last: 181290 ns, Reaching safepoint: 1425703 ns, At safepoint: 76395 ns, Total: 1502098 ns
[2020-09-11T16:17:43.969+0000][1][safepoint    ] Safepoint "RevokeBias", Time since last: 6313706 ns, Reaching safepoint: 169524 ns, At safepoint: 99971 ns, Total: 269495 ns
[2020-09-11T16:17:43.974+0000][1][safepoint    ] Safepoint "RevokeBias", Time since last: 3943281 ns, Reaching safepoint: 146986 ns, At safepoint: 31096 ns, Total: 178082 ns
[2020-09-11T16:17:43.974+0000][1][safepoint    ] Safepoint "RevokeBias", Time since last: 167921 ns, Reaching safepoint: 107439 ns, At safepoint: 20896 ns, Total: 128335 ns
[2020-09-11T16:17:43.974+0000][1][safepoint    ] Safepoint "RevokeBias", Time since last: 32053 ns, Reaching safepoint: 103465 ns, At safepoint: 18843 ns, Total: 122308 ns
[2020-09-11T16:17:43.974+0000][1][safepoint    ] Safepoint "RevokeBias", Time since last: 27796 ns, Reaching safepoint: 103189 ns, At safepoint: 18700 ns, Total: 121889 ns
[2020-09-11T16:17:43.974+0000][1][safepoint    ] Safepoint "RevokeBias", Time since last: 27385 ns, Reaching safepoint: 101594 ns, At safepoint: 18235 ns, Total: 119829 ns
[2020-09-11T16:17:43.978+0000][1][safepoint    ] Safepoint "RevokeBias", Time since last: 3237449 ns, Reaching safepoint: 584128 ns, At safepoint: 32436 ns, Total: 616564 ns
[2020-09-11T16:17:43.979+0000][1][safepoint    ] Safepoint "RevokeBias", Time since last: 108744 ns, Reaching safepoint: 288055 ns, At safepoint: 56058 ns, Total: 344113 ns
[2020-09-11T16:17:44.651+0000][1][safepoint    ] Safepoint "RevokeBias", Time since last: 672321519 ns, Reaching safepoint: 187705 ns, At safepoint: 29139 ns, Total: 216844 ns
[2020-09-11T16:17:44.869+0000][1][safepoint    ] Safepoint "RevokeBias", Time since last: 217595676 ns, Reaching safepoint: 191995 ns, At safepoint: 31116 ns, Total: 223111 ns
[2020-09-11T16:17:44.874+0000][1][safepoint    ] Safepoint "RevokeBias", Time since last: 4664821 ns, Reaching safepoint: 190060 ns, At safepoint: 20371 ns, Total: 210431 ns
[2020-09-11T16:17:44.874+0000][1][safepoint    ] Safepoint "RevokeBias", Time since last: 158707 ns, Reaching safepoint: 174903 ns, At safepoint: 15245 ns, Total: 190148 ns
[2020-09-11T16:17:45.875+0000][1][safepoint    ] Safepoint "Cleanup", Time since last: 1000148458 ns, Reaching safepoint: 181413 ns, At safepoint: 17603 ns, Total: 199016 ns
[2020-09-11T16:17:46.876+0000][1][safepoint    ] Safepoint "Cleanup", Time since last: 1000911796 ns, Reaching safepoint: 152153 ns, At safepoint: 18746 ns, Total: 170899 ns
[2020-09-11T16:17:47.876+0000][1][safepoint    ] Safepoint "Cleanup", Time since last: 1000216618 ns, Reaching safepoint: 174804 ns, At safepoint: 16221 ns, Total: 191025 ns
[2020-09-11T16:17:48.202+0000][1][safepoint    ] Safepoint "RevokeBias", Time since last: 325284724 ns, Reaching safepoint: 195845 ns, At safepoint: 22183 ns, Total: 218028 ns
[2020-09-11T16:17:49.202+0000][1][safepoint    ] Safepoint "Cleanup", Time since last: 1000167141 ns, Reaching safepoint: 110060 ns, At safepoint: 7722 ns, Total: 117782 ns
[2020-09-11T16:17:50.202+0000][1][safepoint    ] Safepoint "Cleanup", Time since last: 1000170193 ns, Reaching safepoint: 122119 ns, At safepoint: 8339 ns, Total: 130458 ns
[2020-09-11T16:17:50.665+0000][1][safepoint    ] Safepoint "RevokeBias", Time since last: 463070028 ns, Reaching safepoint: 191697 ns, At safepoint: 24655 ns, Total: 216352 ns
[2020-09-11T16:17:50.666+0000][1][safepoint    ] Safepoint "RevokeBias", Time since last: 455867 ns, Reaching safepoint: 134563 ns, At safepoint: 16607 ns, Total: 151170 ns
[2020-09-11T16:17:51.666+0000][1][safepoint    ] Safepoint "Cleanup", Time since last: 1000156220 ns, Reaching safepoint: 111631 ns, At safepoint: 8895 ns, Total: 120526 ns
[2020-09-11T16:17:51.900+0000][1][safepoint    ] Safepoint "RevokeBias", Time since last: 233134455 ns, Reaching safepoint: 209097 ns, At safepoint: 21204 ns, Total: 230301 ns
[2020-09-11T16:17:51.901+0000][1][safepoint    ] Safepoint "RevokeBias", Time since last: 1128179 ns, Reaching safepoint: 168082 ns, At safepoint: 14778 ns, Total: 182860 ns
[2020-09-11T16:17:51.901+0000][1][safepoint    ] Safepoint "RevokeBias", Time since last: 51878 ns, Reaching safepoint: 143751 ns, At safepoint: 11982 ns, Total: 155733 ns
[2020-09-11T16:17:51.902+0000][1][gc,start     ] GC(192) Pause Young (Allocation Failure)
[2020-09-11T16:17:51.902+0000][1][gc,task      ] GC(192) Using 1 workers of 1 for evacuation
[2020-09-11T16:17:51.909+0000][1][gc,age       ] GC(192) Desired survivor size 4358144 bytes, new threshold 6 (max threshold 6)
[2020-09-11T16:17:51.909+0000][1][gc,age       ] GC(192) Age table with threshold 6 (max threshold 6)
[2020-09-11T16:17:51.909+0000][1][gc,age       ] GC(192) - age   1:     486352 bytes,     486352 total
[2020-09-11T16:17:51.909+0000][1][gc,age       ] GC(192) - age   2:     537152 bytes,    1023504 total
[2020-09-11T16:17:51.909+0000][1][gc,age       ] GC(192) - age   3:     381520 bytes,    1405024 total
[2020-09-11T16:17:51.909+0000][1][gc,age       ] GC(192) - age   4:     238080 bytes,    1643104 total
[2020-09-11T16:17:51.909+0000][1][gc,age       ] GC(192) - age   5:     320656 bytes,    1963760 total
[2020-09-11T16:17:51.909+0000][1][gc,age       ] GC(192) - age   6:     411832 bytes,    2375592 total
[2020-09-11T16:17:51.910+0000][1][gc,heap      ] GC(192) ParNew: 71719K->4156K(76672K)
[2020-09-11T16:17:51.910+0000][1][gc,heap      ] GC(192) CMS: 105807K->106038K(439104K)
[2020-09-11T16:17:51.910+0000][1][gc,metaspace ] GC(192) Metaspace: 95642K->95642K(1136640K)
[2020-09-11T16:17:51.910+0000][1][gc           ] GC(192) Pause Young (Allocation Failure) 173M->107M(503M) 7.970ms
[2020-09-11T16:17:51.910+0000][1][gc,cpu       ] GC(192) User=0.01s Sys=0.00s Real=0.00s
[2020-09-11T16:17:51.910+0000][1][safepoint    ] Safepoint "GenCollectForAllocation", Time since last: 226463 ns, Reaching safepoint: 155734 ns, At safepoint: 8063581 ns, Total: 8219315 ns
[2020-09-11T16:17:51.910+0000][1][safepoint    ] Safepoint "RevokeBias", Time since last: 416638 ns, Reaching safepoint: 72137 ns, At safepoint: 25148 ns, Total: 97285 ns
[2020-09-11T16:17:51.945+0000][1][safepoint    ] Safepoint "RevokeBias", Time since last: 34248881 ns, Reaching safepoint: 86983 ns, At safepoint: 32556 ns, Total: 119539 ns
[2020-09-11T16:17:51.983+0000][1][safepoint    ] Safepoint "RevokeBias", Time since last: 38430315 ns, Reaching safepoint: 92573 ns, At safepoint: 36660 ns, Total: 129233 ns
[2020-09-11T16:17:52.984+0000][1][safepoint    ] Safepoint "Cleanup", Time since last: 1000935076 ns, Reaching safepoint: 107994 ns, At safepoint: 19487 ns, Total: 127481 ns
[2020-09-11T16:17:53.863+0000][1][safepoint    ] Safepoint "RevokeBias", Time since last: 878269598 ns, Reaching safepoint: 97202 ns, At safepoint: 22807 ns, Total: 120009 ns
[2020-09-11T16:17:53.892+0000][1][safepoint    ] Safepoint "RevokeBias", Time since last: 29315551 ns, Reaching safepoint: 191025 ns, At safepoint: 21196 ns, Total: 212221 ns
[2020-09-11T16:17:53.893+0000][1][safepoint    ] Safepoint "BulkRevokeBias", Time since last: 894664 ns, Reaching safepoint: 158337 ns, At safepoint: 237536 ns, Total: 395873 ns
[2020-09-11T16:17:54.894+0000][1][safepoint    ] Safepoint "Cleanup", Time since last: 1000164449 ns, Reaching safepoint: 97516 ns, At safepoint: 7750 ns, Total: 105266 ns
[2020-09-11T16:17:55.894+0000][1][safepoint    ] Safepoint "Cleanup", Time since last: 1000160448 ns, Reaching safepoint: 138955 ns, At safepoint: 18606 ns, Total: 157561 ns
[2020-09-11T16:17:56.894+0000][1][safepoint    ] Safepoint "Cleanup", Time since last: 1000192211 ns, Reaching safepoint: 155751 ns, At safepoint: 18897 ns, Total: 174648 ns
[2020-09-11T16:17:57.895+0000][1][safepoint    ] Safepoint "Cleanup", Time since last: 1000238812 ns, Reaching safepoint: 97271 ns, At safepoint: 7836 ns, Total: 105107 ns
[2020-09-11T16:17:58.895+0000][1][safepoint    ] Safepoint "Cleanup", Time since last: 1000176247 ns, Reaching safepoint: 106718 ns, At safepoint: 7688 ns, Total: 114406 ns
[2020-09-11T16:17:59.895+0000][1][safepoint    ] Safepoint "Cleanup", Time since last: 1000145291 ns, Reaching safepoint: 148444 ns, At safepoint: 18479 ns, Total: 166923 ns
[2020-09-11T16:18:00.630+0000][1][safepoint    ] Safepoint "RevokeBias", Time since last: 734860187 ns, Reaching safepoint: 254274 ns, At safepoint: 48033 ns, Total: 302307 ns
[2020-09-11T16:18:00.631+0000][1][safepoint    ] Safepoint "RevokeBias", Time since last: 253328 ns, Reaching safepoint: 185703 ns, At safepoint: 32164 ns, Total: 217867 ns
[2020-09-11T16:18:00.662+0000][1][safepoint    ] Safepoint "RevokeBias", Time since last: 31182798 ns, Reaching safepoint: 220502 ns, At safepoint: 41272 ns, Total: 261774 ns
[2020-09-11T16:18:00.663+0000][1][safepoint    ] Safepoint "RevokeBias", Time since last: 216681 ns, Reaching safepoint: 189351 ns, At safepoint: 78914 ns, Total: 268265 ns
[2020-09-11T16:18:01.663+0000][1][safepoint    ] Safepoint "Cleanup", Time since last: 1000228760 ns, Reaching safepoint: 159693 ns, At safepoint: 53092 ns, Total: 212785 ns
[2020-09-11T16:18:01.902+0000][1][safepoint    ] Safepoint "RevokeBias", Time since last: 238776116 ns, Reaching safepoint: 292718 ns, At safepoint: 79062 ns, Total: 371780 ns
[2020-09-11T16:18:01.934+0000][1][safepoint    ] Safepoint "RevokeBias", Time since last: 31522822 ns, Reaching safepoint: 80865 ns, At safepoint: 23339 ns, Total: 104204 ns
[2020-09-11T16:18:01.991+0000][1][safepoint    ] Safepoint "RevokeBias", Time since last: 56968340 ns, Reaching safepoint: 87103 ns, At safepoint: 22285 ns, Total: 109388 ns
[2020-09-11T16:18:02.991+0000][1][safepoint    ] Safepoint "Cleanup", Time since last: 1000165269 ns, Reaching safepoint: 151455 ns, At safepoint: 17747 ns, Total: 169202 ns
[2020-09-11T16:18:03.753+0000][1][gc,start     ] GC(193) Pause Young (Allocation Failure)
[2020-09-11T16:18:03.753+0000][1][gc,task      ] GC(193) Using 1 workers of 1 for evacuation
[2020-09-11T16:18:03.763+0000][1][gc,age       ] GC(193) Desired survivor size 4358144 bytes, new threshold 6 (max threshold 6)
[2020-09-11T16:18:03.763+0000][1][gc,age       ] GC(193) Age table with threshold 6 (max threshold 6)
[2020-09-11T16:18:03.763+0000][1][gc,age       ] GC(193) - age   1:    2286216 bytes,    2286216 total
[2020-09-11T16:18:03.763+0000][1][gc,age       ] GC(193) - age   2:     436104 bytes,    2722320 total
[2020-09-11T16:18:03.763+0000][1][gc,age       ] GC(193) - age   3:     528032 bytes,    3250352 total
[2020-09-11T16:18:03.763+0000][1][gc,age       ] GC(193) - age   4:     377896 bytes,    3628248 total
[2020-09-11T16:18:03.763+0000][1][gc,age       ] GC(193) - age   5:     236896 bytes,    3865144 total
[2020-09-11T16:18:03.763+0000][1][gc,age       ] GC(193) - age   6:     319288 bytes,    4184432 total
[2020-09-11T16:18:03.763+0000][1][gc,heap      ] GC(193) ParNew: 72311K->4168K(76672K)
[2020-09-11T16:18:03.763+0000][1][gc,heap      ] GC(193) CMS: 106038K->106447K(439104K)
[2020-09-11T16:18:03.763+0000][1][gc,metaspace ] GC(193) Metaspace: 95653K->95653K(1136640K)
[2020-09-11T16:18:03.763+0000][1][gc           ] GC(193) Pause Young (Allocation Failure) 174M->108M(503M) 9.992ms
[2020-09-11T16:18:03.763+0000][1][gc,cpu       ] GC(193) User=0.01s Sys=0.00s Real=0.01s
[2020-09-11T16:18:03.763+0000][1][safepoint    ] Safepoint "GenCollectForAllocation", Time since last: 761234196 ns, Reaching safepoint: 88474 ns, At safepoint: 10101849 ns, Total: 10190323 ns
[2020-09-11T16:18:03.837+0000][1][safepoint    ] Safepoint "RevokeBias", Time since last: 74036190 ns, Reaching safepoint: 166272 ns, At safepoint: 49380 ns, Total: 215652 ns
[2020-09-11T16:18:04.837+0000][1][safepoint    ] Safepoint "Cleanup", Time since last: 1000170030 ns, Reaching safepoint: 125408 ns, At safepoint: 7479 ns, Total: 132887 ns
[2020-09-11T16:18:05.728+0000][1][safepoint    ] Safepoint "RevokeBias", Time since last: 890390175 ns, Reaching safepoint: 164267 ns, At safepoint: 29314 ns, Total: 193581 ns
[2020-09-11T16:18:05.728+0000][1][safepoint    ] Safepoint "RevokeBias", Time since last: 59755 ns, Reaching safepoint: 30408 ns, At safepoint: 12640 ns, Total: 43048 ns
[2020-09-11T16:18:06.728+0000][1][safepoint    ] Safepoint "Cleanup", Time since last: 1000156380 ns, Reaching safepoint: 161691 ns, At safepoint: 19816 ns, Total: 181507 ns
[2020-09-11T16:18:07.729+0000][1][safepoint    ] Safepoint "Cleanup", Time since last: 1000177709 ns, Reaching safepoint: 210904 ns, At safepoint: 17082 ns, Total: 227986 ns
[2020-09-11T16:18:08.729+0000][1][safepoint    ] Safepoint "Cleanup", Time since last: 1000232384 ns, Reaching safepoint: 114844 ns, At safepoint: 8171 ns, Total: 123015 ns
[2020-09-11T16:18:09.730+0000][1][safepoint    ] Safepoint "Cleanup", Time since last: 1000183307 ns, Reaching safepoint: 110949 ns, At safepoint: 8594 ns, Total: 119543 ns
[2020-09-11T16:18:10.730+0000][1][safepoint    ] Safepoint "Cleanup", Time since last: 1000139033 ns, Reaching safepoint: 162152 ns, At safepoint: 19160 ns, Total: 181312 ns
[2020-09-11T16:18:11.099+0000][1][safepoint    ] Safepoint "RevokeBias", Time since last: 369028191 ns, Reaching safepoint: 191827 ns, At safepoint: 20958 ns, Total: 212785 ns
[2020-09-11T16:18:11.099+0000][1][safepoint    ] Safepoint "RevokeBias", Time since last: 96146 ns, Reaching safepoint: 151920 ns, At safepoint: 12454 ns, Total: 164374 ns
[2020-09-11T16:18:11.978+0000][1][safepoint    ] Safepoint "RevokeBias", Time since last: 878880436 ns, Reaching safepoint: 84164 ns, At safepoint: 21675 ns, Total: 105839 ns
[2020-09-11T16:18:11.991+0000][1][safepoint    ] Safepoint "RevokeBias", Time since last: 12530638 ns, Reaching safepoint: 208926 ns, At safepoint: 23138 ns, Total: 232064 ns
[2020-09-11T16:18:12.991+0000][1][safepoint    ] Safepoint "Cleanup", Time since last: 1000194352 ns, Reaching safepoint: 101474 ns, At safepoint: 7851 ns, Total: 109325 ns
[2020-09-11T16:18:13.866+0000][1][safepoint    ] Safepoint "RevokeBias", Time since last: 874046298 ns, Reaching safepoint: 91770 ns, At safepoint: 24584 ns, Total: 116354 ns
[2020-09-11T16:18:14.866+0000][1][safepoint    ] Safepoint "Cleanup", Time since last: 1000173139 ns, Reaching safepoint: 170993 ns, At safepoint: 20714 ns, Total: 191707 ns
[2020-09-11T16:18:15.866+0000][1][safepoint    ] Safepoint "Cleanup", Time since last: 1000215751 ns, Reaching safepoint: 157645 ns, At safepoint: 18633 ns, Total: 176278 ns
[2020-09-11T16:18:16.867+0000][1][safepoint    ] Safepoint "Cleanup", Time since last: 1000235719 ns, Reaching safepoint: 155618 ns, At safepoint: 19411 ns, Total: 175029 ns
[2020-09-11T16:18:17.413+0000][1][safepoint    ] Safepoint "RevokeBias", Time since last: 546059477 ns, Reaching safepoint: 82510 ns, At safepoint: 20543 ns, Total: 103053 ns
[2020-09-11T16:18:18.413+0000][1][safepoint    ] Safepoint "Cleanup", Time since last: 1000165070 ns, Reaching safepoint: 111453 ns, At safepoint: 7999 ns, Total: 119452 ns
[2020-09-11T16:18:19.413+0000][1][safepoint    ] Safepoint "Cleanup", Time since last: 1000167077 ns, Reaching safepoint: 107611 ns, At safepoint: 7614 ns, Total: 115225 ns
[2020-09-11T16:18:20.414+0000][1][safepoint    ] Safepoint "Cleanup", Time since last: 1000204998 ns, Reaching safepoint: 152978 ns, At safepoint: 20807 ns, Total: 173785 ns
[2020-09-11T16:18:21.414+0000][1][safepoint    ] Safepoint "Cleanup", Time since last: 1000223612 ns, Reaching safepoint: 152237 ns, At safepoint: 20470 ns, Total: 172707 ns
[2020-09-11T16:18:21.920+0000][1][safepoint    ] Safepoint "RevokeBias", Time since last: 505375315 ns, Reaching safepoint: 87809 ns, At safepoint: 23752 ns, Total: 111561 ns
[2020-09-11T16:18:22.007+0000][1][safepoint    ] Safepoint "RevokeBias", Time since last: 86482909 ns, Reaching safepoint: 343479 ns, At safepoint: 51969 ns, Total: 395448 ns
[2020-09-11T16:18:23.007+0000][1][safepoint    ] Safepoint "Cleanup", Time since last: 1000227282 ns, Reaching safepoint: 152049 ns, At safepoint: 19371 ns, Total: 171420 ns
[2020-09-11T16:18:23.963+0000][1][safepoint    ] Safepoint "RevokeBias", Time since last: 955714999 ns, Reaching safepoint: 92186 ns, At safepoint: 27714 ns, Total: 119900 ns
[2020-09-11T16:18:24.963+0000][1][safepoint    ] Safepoint "Cleanup", Time since last: 1000145133 ns, Reaching safepoint: 119261 ns, At safepoint: 9720 ns, Total: 128981 ns
[2020-09-11T16:18:25.954+0000][1][safepoint    ] Safepoint "RevokeBias", Time since last: 990540765 ns, Reaching safepoint: 209387 ns, At safepoint: 22751 ns, Total: 232138 ns
[2020-09-11T16:18:26.954+0000][1][safepoint    ] Safepoint "Cleanup", Time since last: 1000204301 ns, Reaching safepoint: 173284 ns, At safepoint: 20952 ns, Total: 194236 ns
[2020-09-11T16:18:27.955+0000][1][safepoint    ] Safepoint "Cleanup", Time since last: 1000230712 ns, Reaching safepoint: 149696 ns, At safepoint: 18944 ns, Total: 168640 ns
[2020-09-11T16:18:28.955+0000][1][safepoint    ] Safepoint "Cleanup", Time since last: 1000236081 ns, Reaching safepoint: 102129 ns, At safepoint: 7135 ns, Total: 109264 ns
[2020-09-11T16:18:29.055+0000][1][gc,start     ] GC(194) Pause Young (Allocation Failure)
[2020-09-11T16:18:29.055+0000][1][gc,task      ] GC(194) Using 1 workers of 1 for evacuation
[2020-09-11T16:18:29.063+0000][1][gc,age       ] GC(194) Desired survivor size 4358144 bytes, new threshold 6 (max threshold 6)
[2020-09-11T16:18:29.063+0000][1][gc,age       ] GC(194) Age table with threshold 6 (max threshold 6)
[2020-09-11T16:18:29.063+0000][1][gc,age       ] GC(194) - age   1:     190864 bytes,     190864 total
[2020-09-11T16:18:29.063+0000][1][gc,age       ] GC(194) - age   2:    2242680 bytes,    2433544 total
[2020-09-11T16:18:29.063+0000][1][gc,age       ] GC(194) - age   3:     431096 bytes,    2864640 total
[2020-09-11T16:18:29.063+0000][1][gc,age       ] GC(194) - age   4:     527504 bytes,    3392144 total
[2020-09-11T16:18:29.063+0000][1][gc,age       ] GC(194) - age   5:     377768 bytes,    3769912 total
[2020-09-11T16:18:29.063+0000][1][gc,age       ] GC(194) - age   6:     235632 bytes,    4005544 total
[2020-09-11T16:18:29.063+0000][1][gc,heap      ] GC(194) ParNew: 72328K->6824K(76672K)
[2020-09-11T16:18:29.063+0000][1][gc,heap      ] GC(194) CMS: 106447K->106769K(439104K)
[2020-09-11T16:18:29.063+0000][1][gc,metaspace ] GC(194) Metaspace: 95654K->95654K(1136640K)
[2020-09-11T16:18:29.063+0000][1][gc           ] GC(194) Pause Young (Allocation Failure) 174M->110M(503M) 8.319ms
[2020-09-11T16:18:29.063+0000][1][gc,cpu       ] GC(194) User=0.01s Sys=0.00s Real=0.01s
[2020-09-11T16:18:29.063+0000][1][safepoint    ] Safepoint "GenCollectForAllocation", Time since last: 99382814 ns, Reaching safepoint: 204413 ns, At safepoint: 8408184 ns, Total: 8612597 ns
[2020-09-11T16:18:30.065+0000][1][safepoint    ] Safepoint "Cleanup", Time since last: 1001563470 ns, Reaching safepoint: 152242 ns, At safepoint: 75694 ns, Total: 227936 ns
[2020-09-11T16:18:31.065+0000][1][safepoint    ] Safepoint "Cleanup", Time since last: 1000239520 ns, Reaching safepoint: 147264 ns, At safepoint: 47533 ns, Total: 194797 ns
[2020-09-11T16:18:31.921+0000][1][safepoint    ] Safepoint "RevokeBias", Time since last: 855931833 ns, Reaching safepoint: 100504 ns, At safepoint: 35139 ns, Total: 135643 ns
[2020-09-11T16:18:32.000+0000][1][safepoint    ] Safepoint "RevokeBias", Time since last: 78418699 ns, Reaching safepoint: 84469 ns, At safepoint: 21811 ns, Total: 106280 ns
[2020-09-11T16:18:33.000+0000][1][safepoint    ] Safepoint "Cleanup", Time since last: 1000174104 ns, Reaching safepoint: 106533 ns, At safepoint: 8000 ns, Total: 114533 ns
[2020-09-11T16:18:33.862+0000][1][safepoint    ] Safepoint "RevokeBias", Time since last: 861476643 ns, Reaching safepoint: 86091 ns, At safepoint: 23204 ns, Total: 109295 ns
[2020-09-11T16:18:34.862+0000][1][safepoint    ] Safepoint "Cleanup", Time since last: 1000176708 ns, Reaching safepoint: 143065 ns, At safepoint: 17600 ns, Total: 160665 ns
[2020-09-11T16:18:35.862+0000][1][safepoint    ] Safepoint "Cleanup", Time since last: 1000223654 ns, Reaching safepoint: 109648 ns, At safepoint: 8478 ns, Total: 118126 ns
[2020-09-11T16:18:36.863+0000][1][safepoint    ] Safepoint "Cleanup", Time since last: 1000128860 ns, Reaching safepoint: 195969 ns, At safepoint: 16769 ns, Total: 212738 ns
[2020-09-11T16:18:37.863+0000][1][safepoint    ] Safepoint "Cleanup", Time since last: 1000176156 ns, Reaching safepoint: 173846 ns, At safepoint: 16484 ns, Total: 190330 ns
[2020-09-11T16:18:38.863+0000][1][safepoint    ] Safepoint "Cleanup", Time since last: 1000158602 ns, Reaching safepoint: 83981 ns, At safepoint: 7881 ns, Total: 91862 ns
[2020-09-11T16:18:39.869+0000][1][safepoint    ] Safepoint "Cleanup", Time since last: 1005578056 ns, Reaching safepoint: 155169 ns, At safepoint: 18860 ns, Total: 174029 ns
[2020-09-11T16:18:40.869+0000][1][safepoint    ] Safepoint "Cleanup", Time since last: 1000208649 ns, Reaching safepoint: 118131 ns, At safepoint: 9612 ns, Total: 127743 ns
[2020-09-11T16:18:41.870+0000][1][safepoint    ] Safepoint "Cleanup", Time since last: 1000193163 ns, Reaching safepoint: 113665 ns, At safepoint: 8468 ns, Total: 122133 ns
[2020-09-11T16:18:41.917+0000][1][safepoint    ] Safepoint "RevokeBias", Time since last: 47509194 ns, Reaching safepoint: 85869 ns, At safepoint: 21433 ns, Total: 107302 ns
[2020-09-11T16:18:41.985+0000][1][safepoint    ] Safepoint "RevokeBias", Time since last: 67165959 ns, Reaching safepoint: 245114 ns, At safepoint: 26619 ns, Total: 271733 ns
[2020-09-11T16:18:42.985+0000][1][safepoint    ] Safepoint "Cleanup", Time since last: 1000132139 ns, Reaching safepoint: 157047 ns, At safepoint: 19372 ns, Total: 176419 ns
[2020-09-11T16:18:43.858+0000][1][safepoint    ] Safepoint "RevokeBias", Time since last: 872491850 ns, Reaching safepoint: 87588 ns, At safepoint: 22948 ns, Total: 110536 ns
[2020-09-11T16:18:51.947+0000][1][safepoint    ] Safepoint "RevokeBias", Time since last: 8089461903 ns, Reaching safepoint: 165807 ns, At safepoint: 49039 ns, Total: 214846 ns
[2020-09-11T16:18:51.998+0000][1][safepoint    ] Safepoint "RevokeBias", Time since last: 50085713 ns, Reaching safepoint: 287968 ns, At safepoint: 56897 ns, Total: 344865 ns
[2020-09-11T16:18:53.285+0000][1][gc,start     ] GC(195) Pause Young (Allocation Failure)
[2020-09-11T16:18:53.285+0000][1][gc,task      ] GC(195) Using 1 workers of 1 for evacuation
[2020-09-11T16:18:53.292+0000][1][gc,age       ] GC(195) Desired survivor size 4358144 bytes, new threshold 6 (max threshold 6)
[2020-09-11T16:18:53.292+0000][1][gc,age       ] GC(195) Age table with threshold 6 (max threshold 6)
[2020-09-11T16:18:53.292+0000][1][gc,age       ] GC(195) - age   1:     337208 bytes,     337208 total
[2020-09-11T16:18:53.292+0000][1][gc,age       ] GC(195) - age   2:     138528 bytes,     475736 total
[2020-09-11T16:18:53.292+0000][1][gc,age       ] GC(195) - age   3:    2241160 bytes,    2716896 total
[2020-09-11T16:18:53.292+0000][1][gc,age       ] GC(195) - age   4:     431096 bytes,    3147992 total
[2020-09-11T16:18:53.292+0000][1][gc,age       ] GC(195) - age   5:     527208 bytes,    3675200 total
[2020-09-11T16:18:53.292+0000][1][gc,age       ] GC(195) - age   6:     377768 bytes,    4052968 total
[2020-09-11T16:18:53.292+0000][1][gc,heap      ] GC(195) ParNew: 74984K->4639K(76672K)
[2020-09-11T16:18:53.292+0000][1][gc,heap      ] GC(195) CMS: 106769K->107000K(439104K)
[2020-09-11T16:18:53.292+0000][1][gc,metaspace ] GC(195) Metaspace: 95659K->95659K(1136640K)
[2020-09-11T16:18:53.292+0000][1][gc           ] GC(195) Pause Young (Allocation Failure) 177M->109M(503M) 7.753ms
[2020-09-11T16:18:53.292+0000][1][gc,cpu       ] GC(195) User=0.01s Sys=0.00s Real=0.00s
[2020-09-11T16:18:53.293+0000][1][safepoint    ] Safepoint "GenCollectForAllocation", Time since last: 1286587291 ns, Reaching safepoint: 268166 ns, At safepoint: 7844237 ns, Total: 8112403 ns
[2020-09-11T16:18:53.901+0000][1][safepoint    ] Safepoint "RevokeBias", Time since last: 607923521 ns, Reaching safepoint: 98128 ns, At safepoint: 23812 ns, Total: 121940 ns
[2020-09-11T16:19:01.925+0000][1][safepoint    ] Safepoint "RevokeBias", Time since last: 8024032308 ns, Reaching safepoint: 90787 ns, At safepoint: 29364 ns, Total: 120151 ns
[2020-09-11T16:19:02.059+0000][1][safepoint    ] Safepoint "BulkRevokeBias", Time since last: 134258636 ns, Reaching safepoint: 90430 ns, At safepoint: 269933 ns, Total: 360363 ns
[2020-09-11T16:19:04.039+0000][1][safepoint    ] Safepoint "RevokeBias", Time since last: 1979851784 ns, Reaching safepoint: 89186 ns, At safepoint: 22924 ns, Total: 112110 ns
[2020-09-11T16:19:07.040+0000][1][safepoint    ] Safepoint "Cleanup", Time since last: 3000420674 ns, Reaching safepoint: 140221 ns, At safepoint: 8254 ns, Total: 148475 ns
[2020-09-11T16:19:11.922+0000][1][safepoint    ] Safepoint "RevokeBias", Time since last: 4881603751 ns, Reaching safepoint: 90504 ns, At safepoint: 25901 ns, Total: 116405 ns
[2020-09-11T16:19:11.990+0000][1][safepoint    ] Safepoint "RevokeBias", Time since last: 68427946 ns, Reaching safepoint: 212147 ns, At safepoint: 26591 ns, Total: 238738 ns
[2020-09-11T16:19:13.972+0000][1][safepoint    ] Safepoint "RevokeBias", Time since last: 1981756251 ns, Reaching safepoint: 85070 ns, At safepoint: 23678 ns, Total: 108748 ns
[2020-09-11T16:19:14.973+0000][1][safepoint    ] Safepoint "Cleanup", Time since last: 1000189440 ns, Reaching safepoint: 166292 ns, At safepoint: 19518 ns, Total: 185810 ns
[2020-09-11T16:19:18.317+0000][1][gc,start     ] GC(196) Pause Young (Allocation Failure)
[2020-09-11T16:19:18.317+0000][1][gc,task      ] GC(196) Using 1 workers of 1 for evacuation
[2020-09-11T16:19:18.325+0000][1][gc,age       ] GC(196) Desired survivor size 4358144 bytes, new threshold 6 (max threshold 6)
[2020-09-11T16:19:18.325+0000][1][gc,age       ] GC(196) Age table with threshold 6 (max threshold 6)
[2020-09-11T16:19:18.325+0000][1][gc,age       ] GC(196) - age   1:     137976 bytes,     137976 total
[2020-09-11T16:19:18.325+0000][1][gc,age       ] GC(196) - age   2:     287280 bytes,     425256 total
[2020-09-11T16:19:18.325+0000][1][gc,age       ] GC(196) - age   3:     134712 bytes,     559968 total
[2020-09-11T16:19:18.325+0000][1][gc,age       ] GC(196) - age   4:    2240568 bytes,    2800536 total
[2020-09-11T16:19:18.325+0000][1][gc,age       ] GC(196) - age   5:     431096 bytes,    3231632 total
[2020-09-11T16:19:18.325+0000][1][gc,age       ] GC(196) - age   6:     527208 bytes,    3758840 total
[2020-09-11T16:19:18.325+0000][1][gc,heap      ] GC(196) ParNew: 72799K->7096K(76672K)
[2020-09-11T16:19:18.325+0000][1][gc,heap      ] GC(196) CMS: 107000K->107372K(439104K)
[2020-09-11T16:19:18.325+0000][1][gc,metaspace ] GC(196) Metaspace: 95663K->95663K(1136640K)
[2020-09-11T16:19:18.325+0000][1][gc           ] GC(196) Pause Young (Allocation Failure) 175M->111M(503M) 8.300ms
[2020-09-11T16:19:18.325+0000][1][gc,cpu       ] GC(196) User=0.01s Sys=0.01s Real=0.01s
[2020-09-11T16:19:18.325+0000][1][safepoint    ] Safepoint "GenCollectForAllocation", Time since last: 3344120063 ns, Reaching safepoint: 78590 ns, At safepoint: 8367868 ns, Total: 8446458 ns
[2020-09-11T16:19:21.942+0000][1][safepoint    ] Safepoint "RevokeBias", Time since last: 3617126926 ns, Reaching safepoint: 176816 ns, At safepoint: 52417 ns, Total: 229233 ns
[2020-09-11T16:19:21.987+0000][1][safepoint    ] Safepoint "RevokeBias", Time since last: 44409967 ns, Reaching safepoint: 202798 ns, At safepoint: 26407 ns, Total: 229205 ns
[2020-09-11T16:19:23.879+0000][1][safepoint    ] Safepoint "RevokeBias", Time since last: 1891878313 ns, Reaching safepoint: 277126 ns, At safepoint: 52791 ns, Total: 329917 ns
[2020-09-11T16:19:27.880+0000][1][safepoint    ] Safepoint "Cleanup", Time since last: 4000638292 ns, Reaching safepoint: 119824 ns, At safepoint: 8761 ns, Total: 128585 ns
[2020-09-11T16:19:31.966+0000][1][safepoint    ] Safepoint "RevokeBias", Time since last: 4085435307 ns, Reaching safepoint: 96566 ns, At safepoint: 26908 ns, Total: 123474 ns
[2020-09-11T16:19:32.001+0000][1][safepoint    ] Safepoint "RevokeBias", Time since last: 35221135 ns, Reaching safepoint: 213521 ns, At safepoint: 26511 ns, Total: 240032 ns
[2020-09-11T16:19:33.003+0000][1][safepoint    ] Safepoint "Cleanup", Time since last: 1001632208 ns, Reaching safepoint: 225825 ns, At safepoint: 9043 ns, Total: 234868 ns
[2020-09-11T16:19:33.880+0000][1][safepoint    ] Safepoint "RevokeBias", Time since last: 876793092 ns, Reaching safepoint: 121535 ns, At safepoint: 28528 ns, Total: 150063 ns
[2020-09-11T16:19:34.880+0000][1][safepoint    ] Safepoint "Cleanup", Time since last: 1000137079 ns, Reaching safepoint: 142390 ns, At safepoint: 15706 ns, Total: 158096 ns
[2020-09-11T16:19:35.881+0000][1][safepoint    ] Safepoint "Cleanup", Time since last: 1000197683 ns, Reaching safepoint: 130842 ns, At safepoint: 8348 ns, Total: 139190 ns
[2020-09-11T16:19:36.881+0000][1][safepoint    ] Safepoint "Cleanup", Time since last: 1000185339 ns, Reaching safepoint: 191573 ns, At safepoint: 19658 ns, Total: 211231 ns
[2020-09-11T16:19:37.881+0000][1][safepoint    ] Safepoint "Cleanup", Time since last: 1000190456 ns, Reaching safepoint: 142218 ns, At safepoint: 8683 ns, Total: 150901 ns
[2020-09-11T16:19:38.882+0000][1][safepoint    ] Safepoint "Cleanup", Time since last: 1000171345 ns, Reaching safepoint: 156102 ns, At safepoint: 18639 ns, Total: 174741 ns
[2020-09-11T16:19:39.882+0000][1][safepoint    ] Safepoint "Cleanup", Time since last: 1000238558 ns, Reaching safepoint: 193571 ns, At safepoint: 18496 ns, Total: 212067 ns
[2020-09-11T16:19:40.882+0000][1][safepoint    ] Safepoint "Cleanup", Time since last: 1000223118 ns, Reaching safepoint: 149834 ns, At safepoint: 19421 ns, Total: 169255 ns
[2020-09-11T16:19:41.883+0000][1][safepoint    ] Safepoint "Cleanup", Time since last: 1000222843 ns, Reaching safepoint: 153345 ns, At safepoint: 19421 ns, Total: 172766 ns
[2020-09-11T16:19:41.923+0000][1][gc,start     ] GC(197) Pause Young (Allocation Failure)
[2020-09-11T16:19:41.923+0000][1][gc,task      ] GC(197) Using 1 workers of 1 for evacuation
[2020-09-11T16:19:41.932+0000][1][gc,age       ] GC(197) Desired survivor size 4358144 bytes, new threshold 6 (max threshold 6)
[2020-09-11T16:19:41.932+0000][1][gc,age       ] GC(197) Age table with threshold 6 (max threshold 6)
[2020-09-11T16:19:41.932+0000][1][gc,age       ] GC(197) - age   1:     161688 bytes,     161688 total
[2020-09-11T16:19:41.932+0000][1][gc,age       ] GC(197) - age   2:      87552 bytes,     249240 total
[2020-09-11T16:19:41.932+0000][1][gc,age       ] GC(197) - age   3:     285576 bytes,     534816 total
[2020-09-11T16:19:41.932+0000][1][gc,age       ] GC(197) - age   4:     134320 bytes,     669136 total
[2020-09-11T16:19:41.932+0000][1][gc,age       ] GC(197) - age   5:    2240568 bytes,    2909704 total
[2020-09-11T16:19:41.932+0000][1][gc,age       ] GC(197) - age   6:     430480 bytes,    3340184 total
[2020-09-11T16:19:41.933+0000][1][gc,heap      ] GC(197) ParNew: 75256K->4527K(76672K)
[2020-09-11T16:19:41.933+0000][1][gc,heap      ] GC(197) CMS: 107372K->107896K(439104K)
[2020-09-11T16:19:41.933+0000][1][gc,metaspace ] GC(197) Metaspace: 95696K->95696K(1136640K)
[2020-09-11T16:19:41.933+0000][1][gc           ] GC(197) Pause Young (Allocation Failure) 178M->109M(503M) 9.738ms
[2020-09-11T16:19:41.933+0000][1][gc,cpu       ] GC(197) User=0.01s Sys=0.00s Real=0.00s
[2020-09-11T16:19:41.933+0000][1][safepoint    ] Safepoint "GenCollectForAllocation", Time since last: 39774762 ns, Reaching safepoint: 224534 ns, At safepoint: 10041768 ns, Total: 10266302 ns
[2020-09-11T16:19:41.950+0000][1][safepoint    ] Safepoint "RevokeBias", Time since last: 16681538 ns, Reaching safepoint: 132978 ns, At safepoint: 60400 ns, Total: 193378 ns
[2020-09-11T16:19:41.994+0000][1][safepoint    ] Safepoint "RevokeBias", Time since last: 43982159 ns, Reaching safepoint: 91545 ns, At safepoint: 38246 ns, Total: 129791 ns
[2020-09-11T16:19:42.995+0000][1][safepoint    ] Safepoint "Cleanup", Time since last: 1000848785 ns, Reaching safepoint: 151841 ns, At safepoint: 41448 ns, Total: 193289 ns
[2020-09-11T16:19:43.895+0000][1][safepoint    ] Safepoint "RevokeBias", Time since last: 899779800 ns, Reaching safepoint: 106703 ns, At safepoint: 28226 ns, Total: 134929 ns
[2020-09-11T16:19:44.895+0000][1][safepoint    ] Safepoint "Cleanup", Time since last: 1000101735 ns, Reaching safepoint: 85605 ns, At safepoint: 10468 ns, Total: 96073 ns
[2020-09-11T16:19:45.895+0000][1][safepoint    ] Safepoint "Cleanup", Time since last: 1000055789 ns, Reaching safepoint: 90383 ns, At safepoint: 8875 ns, Total: 99258 ns
[2020-09-11T16:19:46.895+0000][1][safepoint    ] Safepoint "Cleanup", Time since last: 1000136559 ns, Reaching safepoint: 93290 ns, At safepoint: 8580 ns, Total: 101870 ns
[2020-09-11T16:19:47.896+0000][1][safepoint    ] Safepoint "Cleanup", Time since last: 1000105708 ns, Reaching safepoint: 90197 ns, At safepoint: 8925 ns, Total: 99122 ns
[2020-09-11T16:19:48.896+0000][1][safepoint    ] Safepoint "Cleanup", Time since last: 1000150848 ns, Reaching safepoint: 92098 ns, At safepoint: 9008 ns, Total: 101106 ns
[2020-09-11T16:19:49.896+0000][1][safepoint    ] Safepoint "Cleanup", Time since last: 1000101052 ns, Reaching safepoint: 90315 ns, At safepoint: 10245 ns, Total: 100560 ns
[2020-09-11T16:19:50.896+0000][1][safepoint    ] Safepoint "Cleanup", Time since last: 1000142543 ns, Reaching safepoint: 88198 ns, At safepoint: 9343 ns, Total: 97541 ns
[2020-09-11T16:19:51.896+0000][1][safepoint    ] Safepoint "Cleanup", Time since last: 1000074582 ns, Reaching safepoint: 88067 ns, At safepoint: 10261 ns, Total: 98328 ns
[2020-09-11T16:19:51.938+0000][1][safepoint    ] Safepoint "RevokeBias", Time since last: 41273539 ns, Reaching safepoint: 128749 ns, At safepoint: 28734 ns, Total: 157483 ns
[2020-09-11T16:19:52.006+0000][1][safepoint    ] Safepoint "RevokeBias", Time since last: 67778209 ns, Reaching safepoint: 168691 ns, At safepoint: 26480 ns, Total: 195171 ns
[2020-09-11T16:19:53.006+0000][1][safepoint    ] Safepoint "Cleanup", Time since last: 1000100910 ns, Reaching safepoint: 86730 ns, At safepoint: 10909 ns, Total: 97639 ns
[2020-09-11T16:19:53.873+0000][1][safepoint    ] Safepoint "RevokeBias", Time since last: 867193095 ns, Reaching safepoint: 172848 ns, At safepoint: 32898 ns, Total: 205746 ns
[2020-09-11T16:19:54.874+0000][1][safepoint    ] Safepoint "Cleanup", Time since last: 1000087246 ns, Reaching safepoint: 83991 ns, At safepoint: 21664 ns, Total: 105655 ns
[2020-09-11T16:19:55.874+0000][1][safepoint    ] Safepoint "Cleanup", Time since last: 1000079002 ns, Reaching safepoint: 88500 ns, At safepoint: 8501 ns, Total: 97001 ns
[2020-09-11T16:19:56.874+0000][1][safepoint    ] Safepoint "Cleanup", Time since last: 1000089852 ns, Reaching safepoint: 84988 ns, At safepoint: 7399 ns, Total: 92387 ns
[2020-09-11T16:19:57.874+0000][1][safepoint    ] Safepoint "Cleanup", Time since last: 1000057112 ns, Reaching safepoint: 84071 ns, At safepoint: 7482 ns, Total: 91553 ns
[2020-09-11T16:19:58.874+0000][1][safepoint    ] Safepoint "Cleanup", Time since last: 1000148371 ns, Reaching safepoint: 84019 ns, At safepoint: 7256 ns, Total: 91275 ns
[2020-09-11T16:19:59.899+0000][1][safepoint    ] Safepoint "Cleanup", Time since last: 1024897525 ns, Reaching safepoint: 87202 ns, At safepoint: 7890 ns, Total: 95092 ns
[2020-09-11T16:20:00.900+0000][1][safepoint    ] Safepoint "Cleanup", Time since last: 1000128678 ns, Reaching safepoint: 87486 ns, At safepoint: 7930 ns, Total: 95416 ns
[2020-09-11T16:20:01.900+0000][1][safepoint    ] Safepoint "Cleanup", Time since last: 1000116646 ns, Reaching safepoint: 110603 ns, At safepoint: 9977 ns, Total: 120580 ns
[2020-09-11T16:20:01.958+0000][1][safepoint    ] Safepoint "RevokeBias", Time since last: 57811360 ns, Reaching safepoint: 89128 ns, At safepoint: 25653 ns, Total: 114781 ns
[2020-09-11T16:20:02.001+0000][1][safepoint    ] Safepoint "RevokeBias", Time since last: 43188430 ns, Reaching safepoint: 90576 ns, At safepoint: 26812 ns, Total: 117388 ns
[2020-09-11T16:20:03.001+0000][1][safepoint    ] Safepoint "Cleanup", Time since last: 1000078024 ns, Reaching safepoint: 87016 ns, At safepoint: 10712 ns, Total: 97728 ns
[2020-09-11T16:20:03.794+0000][1][gc,start     ] GC(198) Pause Young (Allocation Failure)
[2020-09-11T16:20:03.794+0000][1][gc,task      ] GC(198) Using 1 workers of 1 for evacuation
[2020-09-11T16:20:03.805+0000][1][gc,age       ] GC(198) Desired survivor size 4358144 bytes, new threshold 6 (max threshold 6)
[2020-09-11T16:20:03.805+0000][1][gc,age       ] GC(198) Age table with threshold 6 (max threshold 6)
[2020-09-11T16:20:03.805+0000][1][gc,age       ] GC(198) - age   1:     809072 bytes,     809072 total
[2020-09-11T16:20:03.805+0000][1][gc,age       ] GC(198) - age   2:      37168 bytes,     846240 total
[2020-09-11T16:20:03.805+0000][1][gc,age       ] GC(198) - age   3:      83208 bytes,     929448 total
[2020-09-11T16:20:03.805+0000][1][gc,age       ] GC(198) - age   4:     285280 bytes,    1214728 total
[2020-09-11T16:20:03.805+0000][1][gc,age       ] GC(198) - age   5:     134320 bytes,    1349048 total
[2020-09-11T16:20:03.805+0000][1][gc,age       ] GC(198) - age   6:    2240568 bytes,    3589616 total
[2020-09-11T16:20:03.805+0000][1][gc,heap      ] GC(198) ParNew: 72687K->6024K(76672K)
[2020-09-11T16:20:03.805+0000][1][gc,heap      ] GC(198) CMS: 107896K->108333K(439104K)
[2020-09-11T16:20:03.805+0000][1][gc,metaspace ] GC(198) Metaspace: 95699K->95699K(1136640K)
[2020-09-11T16:20:03.805+0000][1][gc           ] GC(198) Pause Young (Allocation Failure) 176M->111M(503M) 11.798ms
[2020-09-11T16:20:03.806+0000][1][gc,cpu       ] GC(198) User=0.01s Sys=0.00s Real=0.01s
[2020-09-11T16:20:03.806+0000][1][safepoint    ] Safepoint "GenCollectForAllocation", Time since last: 792017169 ns, Reaching safepoint: 193883 ns, At safepoint: 12073189 ns, Total: 12267072 ns
[2020-09-11T16:20:03.888+0000][1][safepoint    ] Safepoint "RevokeBias", Time since last: 81813955 ns, Reaching safepoint: 180683 ns, At safepoint: 28188 ns, Total: 208871 ns
[2020-09-11T16:20:04.888+0000][1][safepoint    ] Safepoint "Cleanup", Time since last: 1000130954 ns, Reaching safepoint: 78575 ns, At safepoint: 6955 ns, Total: 85530 ns
[2020-09-11T16:20:05.888+0000][1][safepoint    ] Safepoint "Cleanup", Time since last: 1000110190 ns, Reaching safepoint: 79841 ns, At safepoint: 6599 ns, Total: 86440 ns
[2020-09-11T16:20:06.889+0000][1][safepoint    ] Safepoint "Cleanup", Time since last: 1000699475 ns, Reaching safepoint: 119333 ns, At safepoint: 8041 ns, Total: 127374 ns
[2020-09-11T16:20:07.889+0000][1][safepoint    ] Safepoint "Cleanup", Time since last: 1000104098 ns, Reaching safepoint: 86107 ns, At safepoint: 8305 ns, Total: 94412 ns
[2020-09-11T16:20:08.889+0000][1][safepoint    ] Safepoint "Cleanup", Time since last: 1000150923 ns, Reaching safepoint: 105028 ns, At safepoint: 9306 ns, Total: 114334 ns
[2020-09-11T16:20:09.932+0000][1][safepoint    ] Safepoint "Cleanup", Time since last: 1042923734 ns, Reaching safepoint: 83990 ns, At safepoint: 7518 ns, Total: 91508 ns
[2020-09-11T16:20:10.933+0000][1][safepoint    ] Safepoint "Cleanup", Time since last: 1000109515 ns, Reaching safepoint: 82710 ns, At safepoint: 6827 ns, Total: 89537 ns
[2020-09-11T16:20:11.933+0000][1][safepoint    ] Safepoint "Cleanup", Time since last: 1000098901 ns, Reaching safepoint: 121430 ns, At safepoint: 8201 ns, Total: 129631 ns
[2020-09-11T16:20:11.997+0000][1][safepoint    ] Safepoint "RevokeBias", Time since last: 64563338 ns, Reaching safepoint: 89587 ns, At safepoint: 23562 ns, Total: 113149 ns
[2020-09-11T16:20:12.027+0000][1][safepoint    ] Safepoint "RevokeBias", Time since last: 29482624 ns, Reaching safepoint: 160447 ns, At safepoint: 23993 ns, Total: 184440 ns
[2020-09-11T16:20:13.027+0000][1][safepoint    ] Safepoint "Cleanup", Time since last: 1000055701 ns, Reaching safepoint: 86399 ns, At safepoint: 10107 ns, Total: 96506 ns
[2020-09-11T16:20:14.028+0000][1][safepoint    ] Safepoint "Cleanup", Time since last: 1000167699 ns, Reaching safepoint: 165771 ns, At safepoint: 11886 ns, Total: 177657 ns
[2020-09-11T16:20:14.689+0000][1][safepoint    ] Safepoint "RevokeBias", Time since last: 661739581 ns, Reaching safepoint: 103623 ns, At safepoint: 28225 ns, Total: 131848 ns
[2020-09-11T16:20:15.690+0000][1][safepoint    ] Safepoint "Cleanup", Time since last: 1000085151 ns, Reaching safepoint: 86082 ns, At safepoint: 9770 ns, Total: 95852 ns
[2020-09-11T16:20:16.690+0000][1][safepoint    ] Safepoint "Cleanup", Time since last: 1000059793 ns, Reaching safepoint: 82371 ns, At safepoint: 7596 ns, Total: 89967 ns
[2020-09-11T16:20:17.690+0000][1][safepoint    ] Safepoint "Cleanup", Time since last: 1000102546 ns, Reaching safepoint: 81364 ns, At safepoint: 7481 ns, Total: 88845 ns
[2020-09-11T16:20:18.690+0000][1][safepoint    ] Safepoint "Cleanup", Time since last: 1000104365 ns, Reaching safepoint: 87676 ns, At safepoint: 8558 ns, Total: 96234 ns
[2020-09-11T16:20:19.691+0000][1][safepoint    ] Safepoint "Cleanup", Time since last: 1000183571 ns, Reaching safepoint: 170208 ns, At safepoint: 21289 ns, Total: 191497 ns
[2020-09-11T16:20:21.344+0000][1][safepoint    ] Safepoint "Cleanup", Time since last: 1653432538 ns, Reaching safepoint: 112663 ns, At safepoint: 9582 ns, Total: 122245 ns
[2020-09-11T16:20:22.344+0000][1][safepoint    ] Safepoint "Cleanup", Time since last: 1000084563 ns, Reaching safepoint: 247351 ns, At safepoint: 20420 ns, Total: 267771 ns
[2020-09-11T16:20:23.345+0000][1][safepoint    ] Safepoint "Cleanup", Time since last: 1000229572 ns, Reaching safepoint: 177202 ns, At safepoint: 8902 ns, Total: 186104 ns
[2020-09-11T16:20:24.345+0000][1][safepoint    ] Safepoint "Cleanup", Time since last: 1000109854 ns, Reaching safepoint: 137421 ns, At safepoint: 10865 ns, Total: 148286 ns
[2020-09-11T16:20:25.345+0000][1][safepoint    ] Safepoint "Cleanup", Time since last: 1000130944 ns, Reaching safepoint: 189371 ns, At safepoint: 8230 ns, Total: 197601 ns
[2020-09-11T16:20:29.556+0000][1][safepoint    ] Safepoint "RevokeBias", Time since last: 4210196646 ns, Reaching safepoint: 273271 ns, At safepoint: 292114 ns, Total: 565385 ns
[2020-09-11T16:20:29.668+0000][1][safepoint    ] Safepoint "RevokeBias", Time since last: 110902116 ns, Reaching safepoint: 261961 ns, At safepoint: 300293 ns, Total: 562254 ns
[2020-09-11T16:20:29.703+0000][1][gc,start     ] GC(199) Pause Young (Allocation Failure)
[2020-09-11T16:20:29.948+0000][1][gc,task      ] GC(199) Using 1 workers of 1 for evacuation
[2020-09-11T16:20:29.960+0000][1][gc,age       ] GC(199) Desired survivor size 4358144 bytes, new threshold 6 (max threshold 6)
[2020-09-11T16:20:29.960+0000][1][gc,age       ] GC(199) Age table with threshold 6 (max threshold 6)
[2020-09-11T16:20:29.960+0000][1][gc,age       ] GC(199) - age   1:     217528 bytes,     217528 total
[2020-09-11T16:20:29.960+0000][1][gc,age       ] GC(199) - age   2:     743816 bytes,     961344 total
[2020-09-11T16:20:29.960+0000][1][gc,age       ] GC(199) - age   3:      33408 bytes,     994752 total
[2020-09-11T16:20:29.960+0000][1][gc,age       ] GC(199) - age   4:      81968 bytes,    1076720 total
[2020-09-11T16:20:29.960+0000][1][gc,age       ] GC(199) - age   5:     285280 bytes,    1362000 total
[2020-09-11T16:20:29.960+0000][1][gc,age       ] GC(199) - age   6:     134320 bytes,    1496320 total
[2020-09-11T16:20:29.960+0000][1][gc,heap      ] GC(199) ParNew: 74138K->2067K(76672K)
[2020-09-11T16:20:29.960+0000][1][gc,heap      ] GC(199) CMS: 108333K->110522K(439104K)
[2020-09-11T16:20:29.960+0000][1][gc,metaspace ] GC(199) Metaspace: 95707K->95707K(1136640K)
[2020-09-11T16:20:29.960+0000][1][gc           ] GC(199) Pause Young (Allocation Failure) 178M->109M(503M) 256.594ms
[2020-09-11T16:20:29.960+0000][1][gc,cpu       ] GC(199) User=0.01s Sys=0.00s Real=0.25s
[2020-09-11T16:20:29.962+0000][1][safepoint    ] Safepoint "GenCollectForAllocation", Time since last: 35542302 ns, Reaching safepoint: 229564 ns, At safepoint: 259038966 ns, Total: 259268530 ns
[2020-09-11T16:20:30.678+0000][1][safepoint    ] Safepoint "RevokeBias", Time since last: 715100577 ns, Reaching safepoint: 91256 ns, At safepoint: 34084 ns, Total: 125340 ns
[2020-09-11T16:20:31.678+0000][1][safepoint    ] Safepoint "Cleanup", Time since last: 1000154103 ns, Reaching safepoint: 141324 ns, At safepoint: 46731 ns, Total: 188055 ns
[2020-09-11T16:20:32.481+0000][1][safepoint    ] Safepoint "RevokeBias", Time since last: 802070559 ns, Reaching safepoint: 237258 ns, At safepoint: 288211 ns, Total: 525469 ns
[2020-09-11T16:20:32.587+0000][1][safepoint    ] Safepoint "BulkRevokeBias", Time since last: 106355464 ns, Reaching safepoint: 89395 ns, At safepoint: 257048 ns, Total: 346443 ns
[2020-09-11T16:20:33.588+0000][1][safepoint    ] Safepoint "Cleanup", Time since last: 1000169136 ns, Reaching safepoint: 170548 ns, At safepoint: 18993 ns, Total: 189541 ns
[2020-09-11T16:20:34.588+0000][1][safepoint    ] Safepoint "Cleanup", Time since last: 1000234233 ns, Reaching safepoint: 232146 ns, At safepoint: 21101 ns, Total: 253247 ns
[2020-09-11T16:20:35.016+0000][1][safepoint    ] Safepoint "RevokeBias", Time since last: 427902237 ns, Reaching safepoint: 85063 ns, At safepoint: 22446 ns, Total: 107509 ns
[2020-09-11T16:20:36.016+0000][1][safepoint    ] Safepoint "Cleanup", Time since last: 1000141260 ns, Reaching safepoint: 117115 ns, At safepoint: 8712 ns, Total: 125827 ns
[2020-09-11T16:20:37.017+0000][1][safepoint    ] Safepoint "Cleanup", Time since last: 1000147024 ns, Reaching safepoint: 103882 ns, At safepoint: 9224 ns, Total: 113106 ns
[2020-09-11T16:20:38.017+0000][1][safepoint    ] Safepoint "Cleanup", Time since last: 1000216528 ns, Reaching safepoint: 103098 ns, At safepoint: 14104 ns, Total: 117202 ns
[2020-09-11T16:20:39.017+0000][1][safepoint    ] Safepoint "Cleanup", Time since last: 1000121053 ns, Reaching safepoint: 143927 ns, At safepoint: 15923 ns, Total: 159850 ns
[2020-09-11T16:20:39.640+0000][1][safepoint    ] Safepoint "RevokeBias", Time since last: 618073661 ns, Reaching safepoint: 4957923 ns, At safepoint: 26007 ns, Total: 4983930 ns
[2020-09-11T16:20:39.650+0000][1][safepoint    ] Safepoint "RevokeBias", Time since last: 840910 ns, Reaching safepoint: 9041154 ns, At safepoint: 45733 ns, Total: 9086887 ns
[2020-09-11T16:20:39.658+0000][1][safepoint    ] Safepoint "RevokeBias", Time since last: 1601068 ns, Reaching safepoint: 6370708 ns, At safepoint: 44356 ns, Total: 6415064 ns
[2020-09-11T16:20:39.659+0000][1][safepoint    ] Safepoint "RevokeBias", Time since last: 520717 ns, Reaching safepoint: 153483 ns, At safepoint: 17864 ns, Total: 171347 ns
[2020-09-11T16:20:39.660+0000][1][safepoint    ] Safepoint "RevokeBias", Time since last: 534953 ns, Reaching safepoint: 356434 ns, At safepoint: 17017 ns, Total: 373451 ns
[2020-09-11T16:20:39.662+0000][1][safepoint    ] Safepoint "RevokeBias", Time since last: 1673830 ns, Reaching safepoint: 675306 ns, At safepoint: 19849 ns, Total: 695155 ns
[2020-09-11T16:20:39.666+0000][1][safepoint    ] Safepoint "RevokeBias", Time since last: 2611723 ns, Reaching safepoint: 585158 ns, At safepoint: 23487 ns, Total: 608645 ns
[2020-09-11T16:20:39.674+0000][1][safepoint    ] Safepoint "RevokeBias", Time since last: 7524027 ns, Reaching safepoint: 1192797 ns, At safepoint: 40276 ns, Total: 1233073 ns
[2020-09-11T16:20:39.676+0000][1][safepoint    ] Safepoint "RevokeBias", Time since last: 1332062 ns, Reaching safepoint: 350514 ns, At safepoint: 17998 ns, Total: 368512 ns
[2020-09-11T16:20:39.680+0000][1][safepoint    ] Safepoint "RevokeBias", Time since last: 3445990 ns, Reaching safepoint: 838521 ns, At safepoint: 21372 ns, Total: 859893 ns
[2020-09-11T16:20:39.681+0000][1][safepoint    ] Safepoint "RevokeBias", Time since last: 873801 ns, Reaching safepoint: 155494 ns, At safepoint: 19796 ns, Total: 175290 ns
[2020-09-11T16:20:39.682+0000][1][safepoint    ] Safepoint "RevokeBias", Time since last: 143322 ns, Reaching safepoint: 879965 ns, At safepoint: 15500 ns, Total: 895465 ns
[2020-09-11T16:20:39.686+0000][1][safepoint    ] Safepoint "RevokeBias", Time since last: 646832 ns, Reaching safepoint: 2969274 ns, At safepoint: 35663 ns, Total: 3004937 ns
[2020-09-11T16:20:39.689+0000][1][safepoint    ] Safepoint "RevokeBias", Time since last: 547463 ns, Reaching safepoint: 2254742 ns, At safepoint: 25690 ns, Total: 2280432 ns
[2020-09-11T16:20:39.690+0000][1][safepoint    ] Safepoint "RevokeBias", Time since last: 429009 ns, Reaching safepoint: 581104 ns, At safepoint: 18434 ns, Total: 599538 ns
[2020-09-11T16:20:39.691+0000][1][safepoint    ] Safepoint "BulkRevokeBias", Time since last: 164401 ns, Reaching safepoint: 508259 ns, At safepoint: 252270 ns, Total: 760529 ns
[2020-09-11T16:20:39.691+0000][1][safepoint    ] Safepoint "RevokeBias", Time since last: 43259 ns, Reaching safepoint: 608525 ns, At safepoint: 23636 ns, Total: 632161 ns
[2020-09-11T16:20:39.692+0000][1][safepoint    ] Safepoint "RevokeBias", Time since last: 124839 ns, Reaching safepoint: 499272 ns, At safepoint: 37378 ns, Total: 536650 ns
[2020-09-11T16:20:39.692+0000][1][safepoint    ] Safepoint "RevokeBias", Time since last: 80134 ns, Reaching safepoint: 141725 ns, At safepoint: 37902 ns, Total: 179627 ns
[2020-09-11T16:20:39.693+0000][1][safepoint    ] Safepoint "RevokeBias", Time since last: 38503 ns, Reaching safepoint: 344307 ns, At safepoint: 42341 ns, Total: 386648 ns
[2020-09-11T16:20:39.707+0000][1][safepoint    ] Safepoint "RevokeBias", Time since last: 13834214 ns, Reaching safepoint: 603756 ns, At safepoint: 25948 ns, Total: 629704 ns
[2020-09-11T16:20:39.710+0000][1][safepoint    ] Safepoint "RevokeBias", Time since last: 2205837 ns, Reaching safepoint: 147530 ns, At safepoint: 16777 ns, Total: 164307 ns
[2020-09-11T16:20:39.711+0000][1][safepoint    ] Safepoint "RevokeBias", Time since last: 1008355 ns, Reaching safepoint: 89258 ns, At safepoint: 14667 ns, Total: 103925 ns
[2020-09-11T16:20:39.716+0000][1][safepoint    ] Safepoint "RevokeBias", Time since last: 4592026 ns, Reaching safepoint: 162693 ns, At safepoint: 16279 ns, Total: 178972 ns
[2020-09-11T16:20:39.716+0000][1][safepoint    ] Safepoint "RevokeBias", Time since last: 245976 ns, Reaching safepoint: 105587 ns, At safepoint: 12499 ns, Total: 118086 ns
[2020-09-11T16:20:39.794+0000][1][safepoint    ] Safepoint "RevokeBias", Time since last: 77992019 ns, Reaching safepoint: 80601 ns, At safepoint: 18077 ns, Total: 98678 ns
[2020-09-11T16:20:40.609+0000][1][safepoint    ] Safepoint "RevokeBias", Time since last: 814763266 ns, Reaching safepoint: 186581 ns, At safepoint: 24349 ns, Total: 210930 ns
[2020-09-11T16:20:41.467+0000][1][safepoint    ] Safepoint "RevokeBias", Time since last: 857731852 ns, Reaching safepoint: 177908 ns, At safepoint: 56166 ns, Total: 234074 ns
[2020-09-11T16:20:41.610+0000][1][safepoint    ] Safepoint "RevokeBias", Time since last: 142514335 ns, Reaching safepoint: 264203 ns, At safepoint: 46550 ns, Total: 310753 ns
[2020-09-11T16:20:41.612+0000][1][safepoint    ] Safepoint "RevokeBias", Time since last: 2091657 ns, Reaching safepoint: 326359 ns, At safepoint: 51148 ns, Total: 377507 ns
[2020-09-11T16:20:41.954+0000][1][safepoint    ] Safepoint "RevokeBias", Time since last: 341945669 ns, Reaching safepoint: 153649 ns, At safepoint: 9032 ns, Total: 162681 ns
[2020-09-11T16:20:42.340+0000][1][safepoint    ] Safepoint "RevokeBias", Time since last: 384974987 ns, Reaching safepoint: 203025 ns, At safepoint: 10202 ns, Total: 213227 ns
[2020-09-11T16:20:42.341+0000][1][safepoint    ] Safepoint "RevokeBias", Time since last: 747692 ns, Reaching safepoint: 194139 ns, At safepoint: 9828 ns, Total: 203967 ns
[2020-09-11T16:20:42.341+0000][1][safepoint    ] Safepoint "RevokeBias", Time since last: 114977 ns, Reaching safepoint: 180817 ns, At safepoint: 9295 ns, Total: 190112 ns
[2020-09-11T16:20:42.341+0000][1][safepoint    ] Safepoint "RevokeBias", Time since last: 263217 ns, Reaching safepoint: 156639 ns, At safepoint: 6628 ns, Total: 163267 ns
[2020-09-11T16:20:42.342+0000][1][safepoint    ] Safepoint "RevokeBias", Time since last: 434721 ns, Reaching safepoint: 162037 ns, At safepoint: 7013 ns, Total: 169050 ns
[2020-09-11T16:20:42.342+0000][1][safepoint    ] Safepoint "RevokeBias", Time since last: 64467 ns, Reaching safepoint: 171630 ns, At safepoint: 6806 ns, Total: 178436 ns
[2020-09-11T16:20:42.343+0000][1][safepoint    ] Safepoint "RevokeBias", Time since last: 348600 ns, Reaching safepoint: 153022 ns, At safepoint: 19001 ns, Total: 172023 ns
[2020-09-11T16:20:42.343+0000][1][safepoint    ] Safepoint "RevokeBias", Time since last: 412633 ns, Reaching safepoint: 152781 ns, At safepoint: 14968 ns, Total: 167749 ns
[2020-09-11T16:20:42.344+0000][1][safepoint    ] Safepoint "RevokeBias", Time since last: 345484 ns, Reaching safepoint: 168349 ns, At safepoint: 7834 ns, Total: 176183 ns
[2020-09-11T16:20:42.346+0000][1][safepoint    ] Safepoint "RevokeBias", Time since last: 1580797 ns, Reaching safepoint: 279990 ns, At safepoint: 9489 ns, Total: 289479 ns
[2020-09-11T16:20:42.346+0000][1][safepoint    ] Safepoint "RevokeBias", Time since last: 360499 ns, Reaching safepoint: 160063 ns, At safepoint: 6966 ns, Total: 167029 ns
[2020-09-11T16:20:42.346+0000][1][safepoint    ] Safepoint "RevokeBias", Time since last: 201891 ns, Reaching safepoint: 144557 ns, At safepoint: 14954 ns, Total: 159511 ns
[2020-09-11T16:20:42.347+0000][1][safepoint    ] Safepoint "RevokeBias", Time since last: 205299 ns, Reaching safepoint: 155603 ns, At safepoint: 7144 ns, Total: 162747 ns
[2020-09-11T16:20:42.347+0000][1][safepoint    ] Safepoint "RevokeBias", Time since last: 48952 ns, Reaching safepoint: 153036 ns, At safepoint: 6661 ns, Total: 159697 ns
[2020-09-11T16:20:42.347+0000][1][safepoint    ] Safepoint "RevokeBias", Time since last: 44440 ns, Reaching safepoint: 151479 ns, At safepoint: 6527 ns, Total: 158006 ns
[2020-09-11T16:20:42.347+0000][1][safepoint    ] Safepoint "RevokeBias", Time since last: 71722 ns, Reaching safepoint: 147914 ns, At safepoint: 6712 ns, Total: 154626 ns
[2020-09-11T16:20:42.348+0000][1][safepoint    ] Safepoint "RevokeBias", Time since last: 37364 ns, Reaching safepoint: 151948 ns, At safepoint: 6465 ns, Total: 158413 ns
[2020-09-11T16:20:42.348+0000][1][safepoint    ] Safepoint "RevokeBias", Time since last: 637319 ns, Reaching safepoint: 153883 ns, At safepoint: 7051 ns, Total: 160934 ns
[2020-09-11T16:20:42.357+0000][1][safepoint    ] Safepoint "RevokeBias", Time since last: 8318723 ns, Reaching safepoint: 194460 ns, At safepoint: 22580 ns, Total: 217040 ns
[2020-09-11T16:20:42.527+0000][1][safepoint    ] Safepoint "RevokeBias", Time since last: 170297479 ns, Reaching safepoint: 82639 ns, At safepoint: 10381 ns, Total: 93020 ns
[2020-09-11T16:20:42.530+0000][1][safepoint    ] Safepoint "RevokeBias", Time since last: 2628757 ns, Reaching safepoint: 78889 ns, At safepoint: 8433 ns, Total: 87322 ns
[2020-09-11T16:20:42.530+0000][1][safepoint    ] Safepoint "RevokeBias", Time since last: 55636 ns, Reaching safepoint: 28885 ns, At safepoint: 4939 ns, Total: 33824 ns
[2020-09-11T16:20:42.531+0000][1][safepoint    ] Safepoint "RevokeBias", Time since last: 303397 ns, Reaching safepoint: 32497 ns, At safepoint: 5661 ns, Total: 38158 ns
[2020-09-11T16:20:42.531+0000][1][safepoint    ] Safepoint "RevokeBias", Time since last: 34798 ns, Reaching safepoint: 27338 ns, At safepoint: 4799 ns, Total: 32137 ns
[2020-09-11T16:20:42.538+0000][1][safepoint    ] Safepoint "RevokeBias", Time since last: 6773648 ns, Reaching safepoint: 140818 ns, At safepoint: 9097 ns, Total: 149915 ns
[2020-09-11T16:20:42.538+0000][1][safepoint    ] Safepoint "RevokeBias", Time since last: 70600 ns, Reaching safepoint: 109912 ns, At safepoint: 6862 ns, Total: 116774 ns
[2020-09-11T16:20:42.538+0000][1][safepoint    ] Safepoint "RevokeBias", Time since last: 41894 ns, Reaching safepoint: 282686 ns, At safepoint: 7483 ns, Total: 290169 ns
[2020-09-11T16:20:42.538+0000][1][safepoint    ] Safepoint "RevokeBias", Time since last: 60737 ns, Reaching safepoint: 147859 ns, At safepoint: 6585 ns, Total: 154444 ns
[2020-09-11T16:20:42.538+0000][1][safepoint    ] Safepoint "RevokeBias", Time since last: 56569 ns, Reaching safepoint: 147454 ns, At safepoint: 6469 ns, Total: 153923 ns
[2020-09-11T16:20:42.539+0000][1][safepoint    ] Safepoint "RevokeBias", Time since last: 53248 ns, Reaching safepoint: 144383 ns, At safepoint: 6983 ns, Total: 151366 ns
[2020-09-11T16:20:42.539+0000][1][safepoint    ] Safepoint "RevokeBias", Time since last: 325342 ns, Reaching safepoint: 148538 ns, At safepoint: 6744 ns, Total: 155282 ns
[2020-09-11T16:20:42.540+0000][1][safepoint    ] Safepoint "RevokeBias", Time since last: 259764 ns, Reaching safepoint: 151395 ns, At safepoint: 7041 ns, Total: 158436 ns
[2020-09-11T16:20:42.541+0000][1][safepoint    ] Safepoint "RevokeBias", Time since last: 943143 ns, Reaching safepoint: 186176 ns, At safepoint: 18712 ns, Total: 204888 ns
[2020-09-11T16:20:42.542+0000][1][safepoint    ] Safepoint "BulkRevokeBias", Time since last: 1415912 ns, Reaching safepoint: 162154 ns, At safepoint: 168420 ns, Total: 330574 ns
[2020-09-11T16:20:42.546+0000][1][safepoint    ] Safepoint "RevokeBias", Time since last: 2876576 ns, Reaching safepoint: 198342 ns, At safepoint: 9956 ns, Total: 208298 ns
[2020-09-11T16:20:42.546+0000][1][safepoint    ] Safepoint "RevokeBias", Time since last: 176251 ns, Reaching safepoint: 218251 ns, At safepoint: 9137 ns, Total: 227388 ns
[2020-09-11T16:20:42.546+0000][1][safepoint    ] Safepoint "RevokeBias", Time since last: 170608 ns, Reaching safepoint: 254737 ns, At safepoint: 9322 ns, Total: 264059 ns
[2020-09-11T16:20:42.547+0000][1][safepoint    ] Safepoint "RevokeBias", Time since last: 206221 ns, Reaching safepoint: 824745 ns, At safepoint: 25084 ns, Total: 849829 ns
[2020-09-11T16:20:42.548+0000][1][safepoint    ] Safepoint "RevokeBias", Time since last: 595710 ns, Reaching safepoint: 161917 ns, At safepoint: 15012 ns, Total: 176929 ns
[2020-09-11T16:20:42.548+0000][1][safepoint    ] Safepoint "RevokeBias", Time since last: 115033 ns, Reaching safepoint: 138305 ns, At safepoint: 14466 ns, Total: 152771 ns
[2020-09-11T16:20:42.550+0000][1][safepoint    ] Safepoint "RevokeBias", Time since last: 1148094 ns, Reaching safepoint: 239164 ns, At safepoint: 18697 ns, Total: 257861 ns
[2020-09-11T16:20:42.550+0000][1][safepoint    ] Safepoint "RevokeBias", Time since last: 88161 ns, Reaching safepoint: 145604 ns, At safepoint: 22089 ns, Total: 167693 ns
[2020-09-11T16:20:42.550+0000][1][safepoint    ] Safepoint "RevokeBias", Time since last: 135547 ns, Reaching safepoint: 149200 ns, At safepoint: 15479 ns, Total: 164679 ns
[2020-09-11T16:20:42.551+0000][1][safepoint    ] Safepoint "RevokeBias", Time since last: 71572 ns, Reaching safepoint: 144298 ns, At safepoint: 15205 ns, Total: 159503 ns
[2020-09-11T16:20:42.551+0000][1][safepoint    ] Safepoint "RevokeBias", Time since last: 258253 ns, Reaching safepoint: 142748 ns, At safepoint: 14162 ns, Total: 156910 ns
[2020-09-11T16:20:42.551+0000][1][safepoint    ] Safepoint "RevokeBias", Time since last: 104545 ns, Reaching safepoint: 142862 ns, At safepoint: 14851 ns, Total: 157713 ns
[2020-09-11T16:20:42.552+0000][1][safepoint    ] Safepoint "RevokeBias", Time since last: 63253 ns, Reaching safepoint: 269781 ns, At safepoint: 15319 ns, Total: 285100 ns
[2020-09-11T16:20:42.552+0000][1][safepoint    ] Safepoint "RevokeBias", Time since last: 105224 ns, Reaching safepoint: 140692 ns, At safepoint: 14134 ns, Total: 154826 ns
[2020-09-11T16:20:42.552+0000][1][safepoint    ] Safepoint "RevokeBias", Time since last: 168156 ns, Reaching safepoint: 143409 ns, At safepoint: 27674 ns, Total: 171083 ns
[2020-09-11T16:20:42.554+0000][1][safepoint    ] Safepoint "RevokeBias", Time since last: 193091 ns, Reaching safepoint: 118379 ns, At safepoint: 1448859 ns, Total: 1567238 ns
[2020-09-11T16:20:42.555+0000][1][safepoint    ] Safepoint "RevokeBias", Time since last: 138641 ns, Reaching safepoint: 122039 ns, At safepoint: 305981 ns, Total: 428020 ns
[2020-09-11T16:20:42.555+0000][1][safepoint    ] Safepoint "RevokeBias", Time since last: 19882 ns, Reaching safepoint: 235185 ns, At safepoint: 340022 ns, Total: 575207 ns
[2020-09-11T16:20:42.556+0000][1][safepoint    ] Safepoint "RevokeBias", Time since last: 561428 ns, Reaching safepoint: 157297 ns, At safepoint: 120024 ns, Total: 277321 ns
[2020-09-11T16:20:42.556+0000][1][safepoint    ] Safepoint "RevokeBias", Time since last: 18477 ns, Reaching safepoint: 142101 ns, At safepoint: 65413 ns, Total: 207514 ns
[2020-09-11T16:20:42.556+0000][1][safepoint    ] Safepoint "RevokeBias", Time since last: 16458 ns, Reaching safepoint: 114579 ns, At safepoint: 51019 ns, Total: 165598 ns
[2020-09-11T16:20:42.557+0000][1][safepoint    ] Safepoint "RevokeBias", Time since last: 42004 ns, Reaching safepoint: 156173 ns, At safepoint: 53339 ns, Total: 209512 ns
[2020-09-11T16:20:42.557+0000][1][safepoint    ] Safepoint "RevokeBias", Time since last: 55014 ns, Reaching safepoint: 154756 ns, At safepoint: 107568 ns, Total: 262324 ns
[2020-09-11T16:20:42.558+0000][1][safepoint    ] Safepoint "RevokeBias", Time since last: 277219 ns, Reaching safepoint: 149725 ns, At safepoint: 73080 ns, Total: 222805 ns
[2020-09-11T16:20:42.558+0000][1][safepoint    ] Safepoint "RevokeBias", Time since last: 16843 ns, Reaching safepoint: 150128 ns, At safepoint: 51495 ns, Total: 201623 ns
[2020-09-11T16:20:42.558+0000][1][safepoint    ] Safepoint "RevokeBias", Time since last: 66864 ns, Reaching safepoint: 150227 ns, At safepoint: 81036 ns, Total: 231263 ns
[2020-09-11T16:20:42.558+0000][1][safepoint    ] Safepoint "RevokeBias", Time since last: 15785 ns, Reaching safepoint: 152098 ns, At safepoint: 48600 ns, Total: 200698 ns
[2020-09-11T16:20:42.558+0000][1][safepoint    ] Safepoint "RevokeBias", Time since last: 14884 ns, Reaching safepoint: 144772 ns, At safepoint: 46001 ns, Total: 190773 ns
[2020-09-11T16:20:42.559+0000][1][safepoint    ] Safepoint "RevokeBias", Time since last: 63780 ns, Reaching safepoint: 149138 ns, At safepoint: 46708 ns, Total: 195846 ns
[2020-09-11T16:20:42.559+0000][1][safepoint    ] Safepoint "RevokeBias", Time since last: 45703 ns, Reaching safepoint: 152104 ns, At safepoint: 85950 ns, Total: 238054 ns
[2020-09-11T16:20:42.560+0000][1][safepoint    ] Safepoint "RevokeBias", Time since last: 15081 ns, Reaching safepoint: 152419 ns, At safepoint: 349377 ns, Total: 501796 ns
[2020-09-11T16:20:42.560+0000][1][safepoint    ] Safepoint "RevokeBias", Time since last: 15438 ns, Reaching safepoint: 149803 ns, At safepoint: 49108 ns, Total: 198911 ns
[2020-09-11T16:20:42.560+0000][1][safepoint    ] Safepoint "RevokeBias", Time since last: 22021 ns, Reaching safepoint: 149668 ns, At safepoint: 19211 ns, Total: 168879 ns
[2020-09-11T16:20:42.560+0000][1][safepoint    ] Safepoint "RevokeBias", Time since last: 104662 ns, Reaching safepoint: 150554 ns, At safepoint: 19365 ns, Total: 169919 ns
[2020-09-11T16:20:42.569+0000][1][safepoint    ] Safepoint "RevokeBias", Time since last: 8546440 ns, Reaching safepoint: 176594 ns, At safepoint: 24393 ns, Total: 200987 ns
[2020-09-11T16:20:42.571+0000][1][safepoint    ] Safepoint "RevokeBias", Time since last: 1753048 ns, Reaching safepoint: 174496 ns, At safepoint: 40223 ns, Total: 214719 ns
[2020-09-11T16:20:42.572+0000][1][safepoint    ] Safepoint "RevokeBias", Time since last: 77467 ns, Reaching safepoint: 165035 ns, At safepoint: 486780 ns, Total: 651815 ns
[2020-09-11T16:20:42.572+0000][1][safepoint    ] Safepoint "RevokeBias", Time since last: 66391 ns, Reaching safepoint: 157029 ns, At safepoint: 31849 ns, Total: 188878 ns
[2020-09-11T16:20:42.576+0000][1][safepoint    ] Safepoint "RevokeBias", Time since last: 1608131 ns, Reaching safepoint: 168143 ns, At safepoint: 2244254 ns, Total: 2412397 ns
[2020-09-11T16:20:42.576+0000][1][safepoint    ] Safepoint "RevokeBias", Time since last: 137409 ns, Reaching safepoint: 176008 ns, At safepoint: 36241 ns, Total: 212249 ns
[2020-09-11T16:20:42.577+0000][1][safepoint    ] Safepoint "RevokeBias", Time since last: 157726 ns, Reaching safepoint: 160259 ns, At safepoint: 39341 ns, Total: 199600 ns
[2020-09-11T16:20:42.578+0000][1][safepoint    ] Safepoint "RevokeBias", Time since last: 1531396 ns, Reaching safepoint: 162112 ns, At safepoint: 35274 ns, Total: 197386 ns
[2020-09-11T16:20:42.579+0000][1][safepoint    ] Safepoint "RevokeBias", Time since last: 205814 ns, Reaching safepoint: 161897 ns, At safepoint: 27612 ns, Total: 189509 ns
[2020-09-11T16:20:42.580+0000][1][safepoint    ] Safepoint "RevokeBias", Time since last: 472731 ns, Reaching safepoint: 160188 ns, At safepoint: 844902 ns, Total: 1005090 ns
[2020-09-11T16:20:42.581+0000][1][safepoint    ] Safepoint "RevokeBias", Time since last: 692598 ns, Reaching safepoint: 159547 ns, At safepoint: 28046 ns, Total: 187593 ns
[2020-09-11T16:20:42.582+0000][1][safepoint    ] Safepoint "RevokeBias", Time since last: 208320 ns, Reaching safepoint: 168235 ns, At safepoint: 253279 ns, Total: 421514 ns
[2020-09-11T16:20:42.584+0000][1][safepoint    ] Safepoint "RevokeBias", Time since last: 424445 ns, Reaching safepoint: 163599 ns, At safepoint: 1527644 ns, Total: 1691243 ns
[2020-09-11T16:20:42.584+0000][1][safepoint    ] Safepoint "RevokeBias", Time since last: 99177 ns, Reaching safepoint: 114843 ns, At safepoint: 29746 ns, Total: 144589 ns
[2020-09-11T16:20:42.585+0000][1][safepoint    ] Safepoint "RevokeBias", Time since last: 308401 ns, Reaching safepoint: 163966 ns, At safepoint: 28477 ns, Total: 192443 ns
[2020-09-11T16:20:42.585+0000][1][safepoint    ] Safepoint "RevokeBias", Time since last: 207352 ns, Reaching safepoint: 158332 ns, At safepoint: 24712 ns, Total: 183044 ns
[2020-09-11T16:20:42.585+0000][1][safepoint    ] Safepoint "RevokeBias", Time since last: 128703 ns, Reaching safepoint: 158774 ns, At safepoint: 23285 ns, Total: 182059 ns
[2020-09-11T16:20:42.586+0000][1][safepoint    ] Safepoint "RevokeBias", Time since last: 46079 ns, Reaching safepoint: 149911 ns, At safepoint: 22334 ns, Total: 172245 ns
[2020-09-11T16:20:42.586+0000][1][safepoint    ] Safepoint "RevokeBias", Time since last: 457697 ns, Reaching safepoint: 160659 ns, At safepoint: 34013 ns, Total: 194672 ns
[2020-09-11T16:20:42.587+0000][1][safepoint    ] Safepoint "RevokeBias", Time since last: 286233 ns, Reaching safepoint: 153413 ns, At safepoint: 19614 ns, Total: 173027 ns
[2020-09-11T16:20:42.587+0000][1][safepoint    ] Safepoint "RevokeBias", Time since last: 91348 ns, Reaching safepoint: 151156 ns, At safepoint: 19181 ns, Total: 170337 ns
[2020-09-11T16:20:42.587+0000][1][safepoint    ] Safepoint "RevokeBias", Time since last: 260161 ns, Reaching safepoint: 148482 ns, At safepoint: 14030 ns, Total: 162512 ns
[2020-09-11T16:20:43.346+0000][1][safepoint    ] Safepoint "RevokeBias", Time since last: 758172522 ns, Reaching safepoint: 86512 ns, At safepoint: 9250 ns, Total: 95762 ns
[2020-09-11T16:20:44.346+0000][1][safepoint    ] Safepoint "Cleanup", Time since last: 1000144203 ns, Reaching safepoint: 163164 ns, At safepoint: 18529 ns, Total: 181693 ns
[2020-09-11T16:20:45.346+0000][1][safepoint    ] Safepoint "Cleanup", Time since last: 1000207026 ns, Reaching safepoint: 174544 ns, At safepoint: 20918 ns, Total: 195462 ns
[2020-09-11T16:20:46.347+0000][1][safepoint    ] Safepoint "Cleanup", Time since last: 1000222953 ns, Reaching safepoint: 124428 ns, At safepoint: 8564 ns, Total: 132992 ns
[2020-09-11T16:20:47.347+0000][1][safepoint    ] Safepoint "Cleanup", Time since last: 1000185083 ns, Reaching safepoint: 216590 ns, At safepoint: 23862 ns, Total: 240452 ns
[2020-09-11T16:20:48.726+0000][1][safepoint    ] Safepoint "Cleanup", Time since last: 1379019585 ns, Reaching safepoint: 82083 ns, At safepoint: 8198 ns, Total: 90281 ns
[2020-09-11T16:20:49.727+0000][1][safepoint    ] Safepoint "Cleanup", Time since last: 1000194220 ns, Reaching safepoint: 114257 ns, At safepoint: 8005 ns, Total: 122262 ns
[2020-09-11T16:20:50.727+0000][1][safepoint    ] Safepoint "Cleanup", Time since last: 1000200562 ns, Reaching safepoint: 104503 ns, At safepoint: 7820 ns, Total: 112323 ns
[2020-09-11T16:20:51.980+0000][1][safepoint    ] Safepoint "Cleanup", Time since last: 1253030287 ns, Reaching safepoint: 159556 ns, At safepoint: 17491 ns, Total: 177047 ns
[2020-09-11T16:20:52.980+0000][1][safepoint    ] Safepoint "Cleanup", Time since last: 1000209239 ns, Reaching safepoint: 113502 ns, At safepoint: 8797 ns, Total: 122299 ns
[2020-09-11T16:20:53.981+0000][1][safepoint    ] Safepoint "Cleanup", Time since last: 1000147704 ns, Reaching safepoint: 159476 ns, At safepoint: 18396 ns, Total: 177872 ns
[2020-09-11T16:20:54.981+0000][1][safepoint    ] Safepoint "Cleanup", Time since last: 1000285245 ns, Reaching safepoint: 161855 ns, At safepoint: 19685 ns, Total: 181540 ns
[2020-09-11T16:20:56.328+0000][1][safepoint    ] Safepoint "Cleanup", Time since last: 1000235433 ns, Reaching safepoint: 346092645 ns, At safepoint: 9935 ns, Total: 346102580 ns
[2020-09-11T16:20:57.328+0000][1][safepoint    ] Safepoint "Cleanup", Time since last: 1000229817 ns, Reaching safepoint: 85834 ns, At safepoint: 7501 ns, Total: 93335 ns
[2020-09-11T16:20:58.328+0000][1][safepoint    ] Safepoint "Cleanup", Time since last: 1000170676 ns, Reaching safepoint: 116121 ns, At safepoint: 8327 ns, Total: 124448 ns
[2020-09-11T16:20:59.328+0000][1][safepoint    ] Safepoint "Cleanup", Time since last: 1000148551 ns, Reaching safepoint: 131911 ns, At safepoint: 8539 ns, Total: 140450 ns
[2020-09-11T16:21:00.329+0000][1][safepoint    ] Safepoint "Cleanup", Time since last: 1000173159 ns, Reaching safepoint: 216971 ns, At safepoint: 7962 ns, Total: 224933 ns
[2020-09-11T16:21:01.329+0000][1][safepoint    ] Safepoint "Cleanup", Time since last: 1000171709 ns, Reaching safepoint: 165680 ns, At safepoint: 18776 ns, Total: 184456 ns
[2020-09-11T16:21:02.330+0000][1][safepoint    ] Safepoint "Cleanup", Time since last: 1000235587 ns, Reaching safepoint: 127940 ns, At safepoint: 8886 ns, Total: 136826 ns
[2020-09-11T16:21:03.659+0000][1][gc,start     ] GC(200) Pause Young (Allocation Failure)
[2020-09-11T16:21:03.659+0000][1][gc,task      ] GC(200) Using 1 workers of 1 for evacuation
[2020-09-11T16:21:03.668+0000][1][gc,age       ] GC(200) Desired survivor size 4358144 bytes, new threshold 6 (max threshold 6)
[2020-09-11T16:21:03.668+0000][1][gc,age       ] GC(200) Age table with threshold 6 (max threshold 6)
[2020-09-11T16:21:03.668+0000][1][gc,age       ] GC(200) - age   1:     614216 bytes,     614216 total
[2020-09-11T16:21:03.668+0000][1][gc,age       ] GC(200) - age   2:      68776 bytes,     682992 total
[2020-09-11T16:21:03.668+0000][1][gc,age       ] GC(200) - age   3:     739136 bytes,    1422128 total
[2020-09-11T16:21:03.668+0000][1][gc,age       ] GC(200) - age   4:      31976 bytes,    1454104 total
[2020-09-11T16:21:03.668+0000][1][gc,age       ] GC(200) - age   5:      81824 bytes,    1535928 total
[2020-09-11T16:21:03.668+0000][1][gc,age       ] GC(200) - age   6:     285280 bytes,    1821208 total
[2020-09-11T16:21:03.668+0000][1][gc,heap      ] GC(200) ParNew: 69928K->3225K(76672K)
[2020-09-11T16:21:03.668+0000][1][gc,heap      ] GC(200) CMS: 110522K->110653K(439104K)
[2020-09-11T16:21:03.668+0000][1][gc,metaspace ] GC(200) Metaspace: 95885K->95885K(1138688K)
[2020-09-11T16:21:03.668+0000][1][gc           ] GC(200) Pause Young (Allocation Failure) 176M->111M(503M) 8.851ms
[2020-09-11T16:21:03.668+0000][1][gc,cpu       ] GC(200) User=0.01s Sys=0.00s Real=0.01s
[2020-09-11T16:21:03.675+0000][1][safepoint    ] Safepoint "GenCollectForAllocation", Time since last: 1327450520 ns, Reaching safepoint: 2252316 ns, At safepoint: 15323076 ns, Total: 17575392 ns
[2020-09-11T16:21:03.679+0000][1][safepoint    ] Safepoint "RevokeBias", Time since last: 3762100 ns, Reaching safepoint: 153487 ns, At safepoint: 34062 ns, Total: 187549 ns
[2020-09-11T16:21:03.680+0000][1][safepoint    ] Safepoint "RevokeBias", Time since last: 1142986 ns, Reaching safepoint: 131012 ns, At safepoint: 26551 ns, Total: 157563 ns
[2020-09-11T16:21:04.680+0000][1][safepoint    ] Safepoint "Cleanup", Time since last: 1000123922 ns, Reaching safepoint: 150761 ns, At safepoint: 9023 ns, Total: 159784 ns
[2020-09-11T16:21:10.305+0000][1][safepoint    ] Safepoint "RevokeBias", Time since last: 5625120432 ns, Reaching safepoint: 164347 ns, At safepoint: 29366 ns, Total: 193713 ns
[2020-09-11T16:21:10.306+0000][1][safepoint    ] Safepoint "RevokeBias", Time since last: 665339 ns, Reaching safepoint: 107557 ns, At safepoint: 13048 ns, Total: 120605 ns
[2020-09-11T16:21:10.306+0000][1][safepoint    ] Safepoint "RevokeBias", Time since last: 32495 ns, Reaching safepoint: 100376 ns, At safepoint: 11213 ns, Total: 111589 ns
[2020-09-11T16:21:10.365+0000][1][safepoint    ] Safepoint "RevokeBias", Time since last: 58406356 ns, Reaching safepoint: 155798 ns, At safepoint: 21880 ns, Total: 177678 ns
