[2020-09-11T12:16:11.853+0000][1][gc] Using Concurrent Mark Sweep
[2020-09-11T12:16:11.853+0000][1][gc,heap,coops] Heap address: 0x00000000e0000000, size: 512 MB, Compressed Oops mode: 32-bit
[2020-09-11T12:16:11.987+0000][1][safepoint    ] Safepoint "EnableBiasedLocking", Time since last: 112456716 ns, Reaching safepoint: 3555694 ns, At safepoint: 44978 ns, Total: 3600672 ns
[2020-09-11T12:16:11.994+0000][1][safepoint    ] Safepoint "RevokeBias", Time since last: 3566451 ns, Reaching safepoint: 3274566 ns, At safepoint: 57114 ns, Total: 3331680 ns
[2020-09-11T12:16:12.024+0000][1][safepoint    ] Safepoint "Deoptimize", Time since last: 29095707 ns, Reaching safepoint: 98149 ns, At safepoint: 25291 ns, Total: 123440 ns
[2020-09-11T12:16:12.377+0000][1][safepoint    ] Safepoint "Deoptimize", Time since last: 353099938 ns, Reaching safepoint: 107331 ns, At safepoint: 30985 ns, Total: 138316 ns
[2020-09-11T12:16:12.379+0000][1][safepoint    ] Safepoint "Deoptimize", Time since last: 980044 ns, Reaching safepoint: 1609596 ns, At safepoint: 36678 ns, Total: 1646274 ns
[2020-09-11T12:16:12.510+0000][1][safepoint    ] Safepoint "Deoptimize", Time since last: 127991091 ns, Reaching safepoint: 2177564 ns, At safepoint: 51985 ns, Total: 2229549 ns
[2020-09-11T12:16:13.512+0000][1][safepoint    ] Safepoint "Cleanup", Time since last: 1001716588 ns, Reaching safepoint: 143956 ns, At safepoint: 7120 ns, Total: 151076 ns
[2020-09-11T12:16:13.784+0000][1][safepoint    ] Safepoint "Deoptimize", Time since last: 271877199 ns, Reaching safepoint: 107372 ns, At safepoint: 66615 ns, Total: 173987 ns
[2020-09-11T12:16:13.967+0000][1][safepoint    ] Safepoint "Deoptimize", Time since last: 181670679 ns, Reaching safepoint: 1533763 ns, At safepoint: 66539 ns, Total: 1600302 ns
[2020-09-11T12:16:14.369+0000][1][safepoint    ] Safepoint "Deoptimize", Time since last: 402143009 ns, Reaching safepoint: 109286 ns, At safepoint: 74825 ns, Total: 184111 ns
[2020-09-11T12:16:14.926+0000][1][safepoint    ] Safepoint "Deoptimize", Time since last: 557099933 ns, Reaching safepoint: 116060 ns, At safepoint: 74542 ns, Total: 190602 ns
[2020-09-11T12:16:15.692+0000][1][safepoint    ] Safepoint "Deoptimize", Time since last: 764009040 ns, Reaching safepoint: 935577 ns, At safepoint: 80073 ns, Total: 1015650 ns
[2020-09-11T12:16:15.952+0000][1][safepoint    ] Safepoint "RevokeBias", Time since last: 259903699 ns, Reaching safepoint: 123263 ns, At safepoint: 61852 ns, Total: 185115 ns
[2020-09-11T12:16:16.540+0000][1][safepoint    ] Safepoint "Deoptimize", Time since last: 587833866 ns, Reaching safepoint: 130552 ns, At safepoint: 108076 ns, Total: 238628 ns
[2020-09-11T12:16:16.540+0000][1][safepoint    ] Safepoint "Deoptimize", Time since last: 167929 ns, Reaching safepoint: 9562 ns, At safepoint: 77482 ns, Total: 87044 ns
[2020-09-11T12:16:16.687+0000][1][safepoint    ] Safepoint "Deoptimize", Time since last: 145572881 ns, Reaching safepoint: 1154046 ns, At safepoint: 107178 ns, Total: 1261224 ns
[2020-09-11T12:16:16.696+0000][1][safepoint    ] Safepoint "Deoptimize", Time since last: 4647954 ns, Reaching safepoint: 4009581 ns, At safepoint: 116493 ns, Total: 4126074 ns
[2020-09-11T12:16:16.727+0000][1][safepoint    ] Safepoint "RevokeBias", Time since last: 31208491 ns, Reaching safepoint: 673288 ns, At safepoint: 25810 ns, Total: 699098 ns
[2020-09-11T12:16:16.728+0000][1][safepoint    ] Safepoint "RevokeBias", Time since last: 63357 ns, Reaching safepoint: 82939 ns, At safepoint: 17839 ns, Total: 100778 ns
[2020-09-11T12:16:16.730+0000][1][safepoint    ] Safepoint "RevokeBias", Time since last: 62305 ns, Reaching safepoint: 2173781 ns, At safepoint: 22247 ns, Total: 2196028 ns
[2020-09-11T12:16:16.730+0000][1][safepoint    ] Safepoint "RevokeBias", Time since last: 159048 ns, Reaching safepoint: 84036 ns, At safepoint: 20221 ns, Total: 104257 ns
[2020-09-11T12:16:17.730+0000][1][safepoint    ] Safepoint "Cleanup", Time since last: 1000091528 ns, Reaching safepoint: 135067 ns, At safepoint: 6012 ns, Total: 141079 ns
[2020-09-11T12:16:18.019+0000][1][gc,start     ] GC(0) Pause Young (Allocation Failure)
[2020-09-11T12:16:18.020+0000][1][gc,task      ] GC(0) Using 1 workers of 1 for evacuation
[2020-09-11T12:16:18.049+0000][1][gc,age       ] GC(0) Desired survivor size 4358144 bytes, new threshold 1 (max threshold 6)
[2020-09-11T12:16:18.049+0000][1][gc,age       ] GC(0) Age table with threshold 1 (max threshold 6)
[2020-09-11T12:16:18.049+0000][1][gc,age       ] GC(0) - age   1:    6454240 bytes,    6454240 total
[2020-09-11T12:16:18.049+0000][1][gc,heap      ] GC(0) ParNew: 68160K->6329K(76672K)
[2020-09-11T12:16:18.049+0000][1][gc,heap      ] GC(0) CMS: 0K->0K(439104K)
[2020-09-11T12:16:18.049+0000][1][gc,metaspace ] GC(0) Metaspace: 13642K->13642K(1060864K)
[2020-09-11T12:16:18.049+0000][1][gc           ] GC(0) Pause Young (Allocation Failure) 66M->6M(503M) 29.646ms
[2020-09-11T12:16:18.049+0000][1][gc,cpu       ] GC(0) User=0.01s Sys=0.00s Real=0.03s
[2020-09-11T12:16:18.063+0000][1][safepoint    ] Safepoint "GenCollectForAllocation", Time since last: 287661774 ns, Reaching safepoint: 1399565 ns, At safepoint: 44011312 ns, Total: 45410877 ns
[2020-09-11T12:16:18.086+0000][1][safepoint    ] Safepoint "RevokeBias", Time since last: 19973129 ns, Reaching safepoint: 2890698 ns, At safepoint: 34657 ns, Total: 2925355 ns
[2020-09-11T12:16:18.087+0000][1][safepoint    ] Safepoint "RevokeBias", Time since last: 127755 ns, Reaching safepoint: 86837 ns, At safepoint: 20582 ns, Total: 107419 ns
[2020-09-11T12:16:18.087+0000][1][safepoint    ] Safepoint "RevokeBias", Time since last: 48119 ns, Reaching safepoint: 147655 ns, At safepoint: 15472 ns, Total: 163127 ns
[2020-09-11T12:16:18.087+0000][1][safepoint    ] Safepoint "RevokeBias", Time since last: 28757 ns, Reaching safepoint: 80068 ns, At safepoint: 16362 ns, Total: 96430 ns
[2020-09-11T12:16:18.087+0000][1][safepoint    ] Safepoint "RevokeBias", Time since last: 39904 ns, Reaching safepoint: 215634 ns, At safepoint: 20623 ns, Total: 236257 ns
[2020-09-11T12:16:18.087+0000][1][safepoint    ] Safepoint "RevokeBias", Time since last: 29000 ns, Reaching safepoint: 81189 ns, At safepoint: 16651 ns, Total: 97840 ns
[2020-09-11T12:16:18.087+0000][1][safepoint    ] Safepoint "RevokeBias", Time since last: 34929 ns, Reaching safepoint: 121452 ns, At safepoint: 15415 ns, Total: 136867 ns
[2020-09-11T12:16:18.088+0000][1][safepoint    ] Safepoint "RevokeBias", Time since last: 29174 ns, Reaching safepoint: 79790 ns, At safepoint: 14556 ns, Total: 94346 ns
[2020-09-11T12:16:18.088+0000][1][safepoint    ] Safepoint "RevokeBias", Time since last: 34241 ns, Reaching safepoint: 80693 ns, At safepoint: 15624 ns, Total: 96317 ns
[2020-09-11T12:16:18.088+0000][1][safepoint    ] Safepoint "RevokeBias", Time since last: 27422 ns, Reaching safepoint: 80377 ns, At safepoint: 19699 ns, Total: 100076 ns
[2020-09-11T12:16:18.088+0000][1][safepoint    ] Safepoint "RevokeBias", Time since last: 34286 ns, Reaching safepoint: 80563 ns, At safepoint: 15290 ns, Total: 95853 ns
[2020-09-11T12:16:18.088+0000][1][safepoint    ] Safepoint "RevokeBias", Time since last: 27432 ns, Reaching safepoint: 80208 ns, At safepoint: 20605 ns, Total: 100813 ns
[2020-09-11T12:16:18.088+0000][1][safepoint    ] Safepoint "RevokeBias", Time since last: 56900 ns, Reaching safepoint: 150135 ns, At safepoint: 17347 ns, Total: 167482 ns
[2020-09-11T12:16:18.088+0000][1][safepoint    ] Safepoint "RevokeBias", Time since last: 27703 ns, Reaching safepoint: 80372 ns, At safepoint: 15293 ns, Total: 95665 ns
[2020-09-11T12:16:18.089+0000][1][safepoint    ] Safepoint "RevokeBias", Time since last: 45865 ns, Reaching safepoint: 79317 ns, At safepoint: 14654 ns, Total: 93971 ns
[2020-09-11T12:16:18.089+0000][1][safepoint    ] Safepoint "RevokeBias", Time since last: 26240 ns, Reaching safepoint: 80542 ns, At safepoint: 16019 ns, Total: 96561 ns
[2020-09-11T12:16:18.089+0000][1][safepoint    ] Safepoint "RevokeBias", Time since last: 182620 ns, Reaching safepoint: 80584 ns, At safepoint: 15458 ns, Total: 96042 ns
[2020-09-11T12:16:18.089+0000][1][safepoint    ] Safepoint "RevokeBias", Time since last: 27389 ns, Reaching safepoint: 106000 ns, At safepoint: 21219 ns, Total: 127219 ns
[2020-09-11T12:16:18.089+0000][1][safepoint    ] Safepoint "RevokeBias", Time since last: 47406 ns, Reaching safepoint: 80945 ns, At safepoint: 18397 ns, Total: 99342 ns
[2020-09-11T12:16:18.089+0000][1][safepoint    ] Safepoint "RevokeBias", Time since last: 26924 ns, Reaching safepoint: 80232 ns, At safepoint: 19019 ns, Total: 99251 ns
[2020-09-11T12:16:18.090+0000][1][safepoint    ] Safepoint "RevokeBias", Time since last: 46104 ns, Reaching safepoint: 80182 ns, At safepoint: 18128 ns, Total: 98310 ns
[2020-09-11T12:16:18.090+0000][1][safepoint    ] Safepoint "RevokeBias", Time since last: 26726 ns, Reaching safepoint: 80163 ns, At safepoint: 18336 ns, Total: 98499 ns
[2020-09-11T12:16:18.090+0000][1][safepoint    ] Safepoint "RevokeBias", Time since last: 89224 ns, Reaching safepoint: 81300 ns, At safepoint: 17576 ns, Total: 98876 ns
[2020-09-11T12:16:18.090+0000][1][safepoint    ] Safepoint "RevokeBias", Time since last: 27503 ns, Reaching safepoint: 80429 ns, At safepoint: 14704 ns, Total: 95133 ns
[2020-09-11T12:16:18.090+0000][1][safepoint    ] Safepoint "RevokeBias", Time since last: 37944 ns, Reaching safepoint: 78920 ns, At safepoint: 21597 ns, Total: 100517 ns
[2020-09-11T12:16:18.090+0000][1][safepoint    ] Safepoint "RevokeBias", Time since last: 23020 ns, Reaching safepoint: 79637 ns, At safepoint: 22487 ns, Total: 102124 ns
[2020-09-11T12:16:18.090+0000][1][safepoint    ] Safepoint "RevokeBias", Time since last: 35532 ns, Reaching safepoint: 80355 ns, At safepoint: 22342 ns, Total: 102697 ns
[2020-09-11T12:16:18.091+0000][1][safepoint    ] Safepoint "RevokeBias", Time since last: 23690 ns, Reaching safepoint: 957603 ns, At safepoint: 26136 ns, Total: 983739 ns
[2020-09-11T12:16:18.095+0000][1][safepoint    ] Safepoint "RevokeBias", Time since last: 1231461 ns, Reaching safepoint: 2537718 ns, At safepoint: 58516 ns, Total: 2596234 ns
[2020-09-11T12:16:18.095+0000][1][safepoint    ] Safepoint "RevokeBias", Time since last: 55828 ns, Reaching safepoint: 93033 ns, At safepoint: 26096 ns, Total: 119129 ns
[2020-09-11T12:16:18.104+0000][1][safepoint    ] Safepoint "RevokeBias", Time since last: 7983667 ns, Reaching safepoint: 101626 ns, At safepoint: 16052 ns, Total: 117678 ns
[2020-09-11T12:16:18.165+0000][1][safepoint    ] Safepoint "Deoptimize", Time since last: 60311990 ns, Reaching safepoint: 559352 ns, At safepoint: 172272 ns, Total: 731624 ns
[2020-09-11T12:16:18.900+0000][1][safepoint    ] Safepoint "RevokeBias", Time since last: 734846414 ns, Reaching safepoint: 138045 ns, At safepoint: 39436 ns, Total: 177481 ns
[2020-09-11T12:16:19.866+0000][1][safepoint    ] Safepoint "Deoptimize", Time since last: 966060776 ns, Reaching safepoint: 146025 ns, At safepoint: 181245 ns, Total: 327270 ns
[2020-09-11T12:16:20.199+0000][1][gc,start     ] GC(1) Pause Young (Allocation Failure)
[2020-09-11T12:16:20.199+0000][1][gc,task      ] GC(1) Using 1 workers of 1 for evacuation
[2020-09-11T12:16:20.292+0000][1][gc,age       ] GC(1) Desired survivor size 4358144 bytes, new threshold 6 (max threshold 6)
[2020-09-11T12:16:20.292+0000][1][gc,age       ] GC(1) Age table with threshold 6 (max threshold 6)
[2020-09-11T12:16:20.292+0000][1][gc,age       ] GC(1) - age   1:    3887832 bytes,    3887832 total
[2020-09-11T12:16:20.292+0000][1][gc,heap      ] GC(1) ParNew: 74489K->4237K(76672K)
[2020-09-11T12:16:20.292+0000][1][gc,heap      ] GC(1) CMS: 0K->6838K(439104K)
[2020-09-11T12:16:20.292+0000][1][gc,metaspace ] GC(1) Metaspace: 18969K->18969K(1067008K)
[2020-09-11T12:16:20.292+0000][1][gc           ] GC(1) Pause Young (Allocation Failure) 72M->10M(503M) 92.507ms
[2020-09-11T12:16:20.292+0000][1][gc,cpu       ] GC(1) User=0.05s Sys=0.00s Real=0.09s
[2020-09-11T12:16:20.302+0000][1][safepoint    ] Safepoint "GenCollectForAllocation", Time since last: 333104628 ns, Reaching safepoint: 130912 ns, At safepoint: 102783498 ns, Total: 102914410 ns
[2020-09-11T12:16:20.310+0000][1][safepoint    ] Safepoint "BulkRevokeBias", Time since last: 8089317 ns, Reaching safepoint: 24582 ns, At safepoint: 249883 ns, Total: 274465 ns
[2020-09-11T12:16:20.317+0000][1][safepoint    ] Safepoint "RevokeBias", Time since last: 6328521 ns, Reaching safepoint: 97212 ns, At safepoint: 435297 ns, Total: 532509 ns
[2020-09-11T12:16:20.317+0000][1][safepoint    ] Safepoint "RevokeBias", Time since last: 61833 ns, Reaching safepoint: 81673 ns, At safepoint: 35476 ns, Total: 117149 ns
[2020-09-11T12:16:20.318+0000][1][safepoint    ] Safepoint "RevokeBias", Time since last: 30085 ns, Reaching safepoint: 78842 ns, At safepoint: 31060 ns, Total: 109902 ns
[2020-09-11T12:16:20.318+0000][1][safepoint    ] Safepoint "RevokeBias", Time since last: 23737 ns, Reaching safepoint: 77218 ns, At safepoint: 30219 ns, Total: 107437 ns
[2020-09-11T12:16:20.318+0000][1][safepoint    ] Safepoint "RevokeBias", Time since last: 27659 ns, Reaching safepoint: 79371 ns, At safepoint: 33959 ns, Total: 113330 ns
[2020-09-11T12:16:20.318+0000][1][safepoint    ] Safepoint "RevokeBias", Time since last: 23649 ns, Reaching safepoint: 87429 ns, At safepoint: 30907 ns, Total: 118336 ns
[2020-09-11T12:16:20.318+0000][1][safepoint    ] Safepoint "BulkRevokeBias", Time since last: 27894 ns, Reaching safepoint: 77788 ns, At safepoint: 199920 ns, Total: 277708 ns
[2020-09-11T12:16:20.323+0000][1][safepoint    ] Safepoint "BulkRevokeBias", Time since last: 25045 ns, Reaching safepoint: 78673 ns, At safepoint: 4985843 ns, Total: 5064516 ns
[2020-09-11T12:16:20.345+0000][1][safepoint    ] Safepoint "Deoptimize", Time since last: 21405770 ns, Reaching safepoint: 113528 ns, At safepoint: 171515 ns, Total: 285043 ns
[2020-09-11T12:16:20.952+0000][1][safepoint    ] Safepoint "Deoptimize", Time since last: 605562384 ns, Reaching safepoint: 823924 ns, At safepoint: 175060 ns, Total: 998984 ns
[2020-09-11T12:16:20.954+0000][1][safepoint    ] Safepoint "RevokeBias", Time since last: 493235 ns, Reaching safepoint: 1469664 ns, At safepoint: 51785 ns, Total: 1521449 ns
[2020-09-11T12:16:20.956+0000][1][safepoint    ] Safepoint "Deoptimize", Time since last: 963891 ns, Reaching safepoint: 821396 ns, At safepoint: 171242 ns, Total: 992638 ns
[2020-09-11T12:16:21.844+0000][1][gc,start     ] GC(2) Pause Young (Allocation Failure)
[2020-09-11T12:16:21.844+0000][1][gc,task      ] GC(2) Using 1 workers of 1 for evacuation
[2020-09-11T12:16:21.870+0000][1][gc,age       ] GC(2) Desired survivor size 4358144 bytes, new threshold 6 (max threshold 6)
[2020-09-11T12:16:21.870+0000][1][gc,age       ] GC(2) Age table with threshold 6 (max threshold 6)
[2020-09-11T12:16:21.870+0000][1][gc,age       ] GC(2) - age   1:     441040 bytes,     441040 total
[2020-09-11T12:16:21.870+0000][1][gc,age       ] GC(2) - age   2:    3846312 bytes,    4287352 total
[2020-09-11T12:16:21.870+0000][1][gc,heap      ] GC(2) ParNew: 72397K->7826K(76672K)
[2020-09-11T12:16:21.870+0000][1][gc,heap      ] GC(2) CMS: 6838K->6838K(439104K)
[2020-09-11T12:16:21.870+0000][1][gc,metaspace ] GC(2) Metaspace: 20008K->20008K(1067008K)
[2020-09-11T12:16:21.870+0000][1][gc           ] GC(2) Pause Young (Allocation Failure) 77M->14M(503M) 26.112ms
[2020-09-11T12:16:21.870+0000][1][gc,cpu       ] GC(2) User=0.01s Sys=0.00s Real=0.02s
[2020-09-11T12:16:21.870+0000][1][safepoint    ] Safepoint "GenCollectForAllocation", Time since last: 887830914 ns, Reaching safepoint: 135785 ns, At safepoint: 26174578 ns, Total: 26310363 ns
[2020-09-11T12:16:21.897+0000][1][safepoint    ] Safepoint "RevokeBias", Time since last: 17672034 ns, Reaching safepoint: 9109775 ns, At safepoint: 46751 ns, Total: 9156526 ns
[2020-09-11T12:16:21.904+0000][1][safepoint    ] Safepoint "RevokeBias", Time since last: 7777901 ns, Reaching safepoint: 104446 ns, At safepoint: 45468 ns, Total: 149914 ns
[2020-09-11T12:16:21.905+0000][1][safepoint    ] Safepoint "RevokeBias", Time since last: 92392 ns, Reaching safepoint: 85009 ns, At safepoint: 24000 ns, Total: 109009 ns
[2020-09-11T12:16:21.905+0000][1][safepoint    ] Safepoint "RevokeBias", Time since last: 43550 ns, Reaching safepoint: 82928 ns, At safepoint: 22985 ns, Total: 105913 ns
[2020-09-11T12:16:21.905+0000][1][safepoint    ] Safepoint "RevokeBias", Time since last: 45757 ns, Reaching safepoint: 89187 ns, At safepoint: 25686 ns, Total: 114873 ns
[2020-09-11T12:16:21.905+0000][1][safepoint    ] Safepoint "RevokeBias", Time since last: 34527 ns, Reaching safepoint: 81915 ns, At safepoint: 22031 ns, Total: 103946 ns
[2020-09-11T12:16:21.906+0000][1][safepoint    ] Safepoint "RevokeBias", Time since last: 354522 ns, Reaching safepoint: 85653 ns, At safepoint: 24507 ns, Total: 110160 ns
[2020-09-11T12:16:21.909+0000][1][safepoint    ] Safepoint "RevokeBias", Time since last: 3294952 ns, Reaching safepoint: 98001 ns, At safepoint: 29499 ns, Total: 127500 ns
[2020-09-11T12:16:22.439+0000][1][gc,start     ] GC(3) Pause Young (Allocation Failure)
[2020-09-11T12:16:22.439+0000][1][gc,task      ] GC(3) Using 1 workers of 1 for evacuation
[2020-09-11T12:16:22.470+0000][1][gc,age       ] GC(3) Desired survivor size 4358144 bytes, new threshold 3 (max threshold 6)
[2020-09-11T12:16:22.470+0000][1][gc,age       ] GC(3) Age table with threshold 3 (max threshold 6)
[2020-09-11T12:16:22.470+0000][1][gc,age       ] GC(3) - age   1:    2022528 bytes,    2022528 total
[2020-09-11T12:16:22.470+0000][1][gc,age       ] GC(3) - age   2:     413656 bytes,    2436184 total
[2020-09-11T12:16:22.470+0000][1][gc,age       ] GC(3) - age   3:    3839656 bytes,    6275840 total
[2020-09-11T12:16:22.470+0000][1][gc,heap      ] GC(3) ParNew: 75986K->7625K(76672K)
[2020-09-11T12:16:22.470+0000][1][gc,heap      ] GC(3) CMS: 6838K->6838K(439104K)
[2020-09-11T12:16:22.470+0000][1][gc,metaspace ] GC(3) Metaspace: 20260K->20260K(1067008K)
[2020-09-11T12:16:22.470+0000][1][gc           ] GC(3) Pause Young (Allocation Failure) 80M->14M(503M) 31.198ms
[2020-09-11T12:16:22.470+0000][1][gc,cpu       ] GC(3) User=0.02s Sys=0.00s Real=0.03s
[2020-09-11T12:16:22.481+0000][1][safepoint    ] Safepoint "GenCollectForAllocation", Time since last: 529691836 ns, Reaching safepoint: 113039 ns, At safepoint: 42421538 ns, Total: 42534577 ns
[2020-09-11T12:16:22.489+0000][1][safepoint    ] Safepoint "RevokeBias", Time since last: 6173226 ns, Reaching safepoint: 95906 ns, At safepoint: 1273299 ns, Total: 1369205 ns
[2020-09-11T12:16:22.492+0000][1][safepoint    ] Safepoint "RevokeBias", Time since last: 2522738 ns, Reaching safepoint: 779506 ns, At safepoint: 43397 ns, Total: 822903 ns
[2020-09-11T12:16:22.492+0000][1][safepoint    ] Safepoint "RevokeBias", Time since last: 60320 ns, Reaching safepoint: 99047 ns, At safepoint: 22362 ns, Total: 121409 ns
[2020-09-11T12:16:22.503+0000][1][safepoint    ] Safepoint "RevokeBias", Time since last: 7129486 ns, Reaching safepoint: 3982297 ns, At safepoint: 56182 ns, Total: 4038479 ns
[2020-09-11T12:16:22.508+0000][1][safepoint    ] Safepoint "RevokeBias", Time since last: 4648826 ns, Reaching safepoint: 99035 ns, At safepoint: 42803 ns, Total: 141838 ns
[2020-09-11T12:16:22.508+0000][1][safepoint    ] Safepoint "RevokeBias", Time since last: 48000 ns, Reaching safepoint: 79373 ns, At safepoint: 31210 ns, Total: 110583 ns
[2020-09-11T12:16:22.509+0000][1][safepoint    ] Safepoint "RevokeBias", Time since last: 292006 ns, Reaching safepoint: 80595 ns, At safepoint: 30363 ns, Total: 110958 ns
[2020-09-11T12:16:22.509+0000][1][safepoint    ] Safepoint "RevokeBias", Time since last: 31112 ns, Reaching safepoint: 126701 ns, At safepoint: 45853 ns, Total: 172554 ns
[2020-09-11T12:16:22.879+0000][1][safepoint    ] Safepoint "CollectForMetadataAllocation", Time since last: 369763561 ns, Reaching safepoint: 106997 ns, At safepoint: 116842 ns, Total: 223839 ns
[2020-09-11T12:16:22.976+0000][1][safepoint    ] Safepoint "CollectForMetadataAllocation", Time since last: 96414737 ns, Reaching safepoint: 112926 ns, At safepoint: 123338 ns, Total: 236264 ns
[2020-09-11T12:16:22.997+0000][1][safepoint    ] Safepoint "RevokeBias", Time since last: 21701041 ns, Reaching safepoint: 97235 ns, At safepoint: 15326 ns, Total: 112561 ns
[2020-09-11T12:16:23.100+0000][1][gc,start     ] GC(4) Pause Young (Allocation Failure)
[2020-09-11T12:16:23.100+0000][1][gc,task      ] GC(4) Using 1 workers of 1 for evacuation
[2020-09-11T12:16:23.128+0000][1][gc,age       ] GC(4) Desired survivor size 4358144 bytes, new threshold 6 (max threshold 6)
[2020-09-11T12:16:23.128+0000][1][gc,age       ] GC(4) Age table with threshold 6 (max threshold 6)
[2020-09-11T12:16:23.128+0000][1][gc,age       ] GC(4) - age   1:    1689208 bytes,    1689208 total
[2020-09-11T12:16:23.128+0000][1][gc,age       ] GC(4) - age   2:     344608 bytes,    2033816 total
[2020-09-11T12:16:23.128+0000][1][gc,age       ] GC(4) - age   3:     413560 bytes,    2447376 total
[2020-09-11T12:16:23.128+0000][1][gc,heap      ] GC(4) ParNew: 75785K->5232K(76672K)
[2020-09-11T12:16:23.128+0000][1][gc,heap      ] GC(4) CMS: 6838K->10618K(439104K)
[2020-09-11T12:16:23.128+0000][1][gc,metaspace ] GC(4) Metaspace: 20808K->20808K(1069056K)
[2020-09-11T12:16:23.128+0000][1][gc           ] GC(4) Pause Young (Allocation Failure) 80M->15M(503M) 28.328ms
[2020-09-11T12:16:23.128+0000][1][gc,cpu       ] GC(4) User=0.01s Sys=0.00s Real=0.03s
[2020-09-11T12:16:23.134+0000][1][safepoint    ] Safepoint "GenCollectForAllocation", Time since last: 101953579 ns, Reaching safepoint: 109139 ns, At safepoint: 34148811 ns, Total: 34257950 ns
[2020-09-11T12:16:23.148+0000][1][gc,start     ] GC(5) Pause Initial Mark
[2020-09-11T12:16:23.149+0000][1][gc           ] GC(5) Pause Initial Mark 20M->20M(503M) 1.930ms
[2020-09-11T12:16:23.150+0000][1][gc,cpu       ] GC(5) User=0.01s Sys=0.00s Real=0.00s
[2020-09-11T12:16:23.167+0000][1][safepoint    ] Safepoint "BulkRevokeBias", Time since last: 8110672 ns, Reaching safepoint: 5624525 ns, At safepoint: 20045414 ns, Total: 25669939 ns
[2020-09-11T12:16:23.168+0000][1][gc           ] GC(5) Concurrent Mark
[2020-09-11T12:16:23.176+0000][1][safepoint    ] Safepoint "RevokeBias", Time since last: 7981377 ns, Reaching safepoint: 233120 ns, At safepoint: 54824 ns, Total: 287944 ns
[2020-09-11T12:16:23.184+0000][1][safepoint    ] Safepoint "RevokeBias", Time since last: 7676785 ns, Reaching safepoint: 99112 ns, At safepoint: 27738 ns, Total: 126850 ns
[2020-09-11T12:16:23.184+0000][1][safepoint    ] Safepoint "RevokeBias", Time since last: 54810 ns, Reaching safepoint: 104860 ns, At safepoint: 19491 ns, Total: 124351 ns
[2020-09-11T12:16:23.184+0000][1][safepoint    ] Safepoint "RevokeBias", Time since last: 41044 ns, Reaching safepoint: 79103 ns, At safepoint: 19503 ns, Total: 98606 ns
[2020-09-11T12:16:23.184+0000][1][safepoint    ] Safepoint "RevokeBias", Time since last: 26263 ns, Reaching safepoint: 78501 ns, At safepoint: 20308 ns, Total: 98809 ns
[2020-09-11T12:16:23.220+0000][1][gc           ] GC(5) Concurrent Mark 52.879ms
[2020-09-11T12:16:23.220+0000][1][gc,cpu       ] GC(5) User=0.03s Sys=0.00s Real=0.05s
[2020-09-11T12:16:23.220+0000][1][gc           ] GC(5) Concurrent Preclean
[2020-09-11T12:16:23.221+0000][1][gc           ] GC(5) Concurrent Preclean 0.636ms
[2020-09-11T12:16:23.221+0000][1][gc,cpu       ] GC(5) User=0.00s Sys=0.00s Real=0.00s
[2020-09-11T12:16:23.221+0000][1][gc           ] GC(5) Concurrent Abortable Preclean
[2020-09-11T12:16:23.464+0000][1][safepoint    ] Safepoint "RevokeBias", Time since last: 280290536 ns, Reaching safepoint: 102167 ns, At safepoint: 16236 ns, Total: 118403 ns
[2020-09-11T12:16:23.488+0000][1][safepoint    ] Safepoint "Deoptimize", Time since last: 15016785 ns, Reaching safepoint: 7865024 ns, At safepoint: 233013 ns, Total: 8098037 ns
[2020-09-11T12:16:23.509+0000][1][safepoint    ] Safepoint "CollectForMetadataAllocation", Time since last: 20994192 ns, Reaching safepoint: 99858 ns, At safepoint: 67521 ns, Total: 167379 ns
[2020-09-11T12:16:23.704+0000][1][safepoint    ] Safepoint "Deoptimize", Time since last: 194733061 ns, Reaching safepoint: 104335 ns, At safepoint: 204979 ns, Total: 309314 ns
[2020-09-11T12:16:23.842+0000][1][gc,start     ] GC(6) Pause Young (Allocation Failure)
[2020-09-11T12:16:23.842+0000][1][gc,task      ] GC(6) Using 1 workers of 1 for evacuation
[2020-09-11T12:16:23.869+0000][1][gc,age       ] GC(6) Desired survivor size 4358144 bytes, new threshold 6 (max threshold 6)
[2020-09-11T12:16:23.869+0000][1][gc,age       ] GC(6) Age table with threshold 6 (max threshold 6)
[2020-09-11T12:16:23.869+0000][1][gc,age       ] GC(6) - age   1:    2311480 bytes,    2311480 total
[2020-09-11T12:16:23.869+0000][1][gc,age       ] GC(6) - age   2:    1252784 bytes,    3564264 total
[2020-09-11T12:16:23.869+0000][1][gc,age       ] GC(6) - age   3:     344608 bytes,    3908872 total
[2020-09-11T12:16:23.869+0000][1][gc,age       ] GC(6) - age   4:     413560 bytes,    4322432 total
[2020-09-11T12:16:23.869+0000][1][gc,heap      ] GC(6) ParNew: 73392K->4408K(76672K)
[2020-09-11T12:16:23.869+0000][1][gc,heap      ] GC(6) CMS: 10618K->10618K(439104K)
[2020-09-11T12:16:23.869+0000][1][gc,metaspace ] GC(6) Metaspace: 21120K->21120K(1069056K)
[2020-09-11T12:16:23.869+0000][1][gc           ] GC(6) Pause Young (Allocation Failure) 82M->14M(503M) 27.036ms
[2020-09-11T12:16:23.869+0000][1][gc,cpu       ] GC(6) User=0.01s Sys=0.00s Real=0.03s
[2020-09-11T12:16:23.881+0000][1][safepoint    ] Safepoint "GenCollectForAllocation", Time since last: 138488834 ns, Reaching safepoint: 60650 ns, At safepoint: 38528112 ns, Total: 38588762 ns
[2020-09-11T12:16:23.913+0000][1][safepoint    ] Safepoint "RevokeBias", Time since last: 8483536 ns, Reaching safepoint: 23289405 ns, At safepoint: 54875 ns, Total: 23344280 ns
[2020-09-11T12:16:23.914+0000][1][safepoint    ] Safepoint "RevokeBias", Time since last: 789644 ns, Reaching safepoint: 90343 ns, At safepoint: 35715 ns, Total: 126058 ns
[2020-09-11T12:16:23.914+0000][1][safepoint    ] Safepoint "RevokeBias", Time since last: 41379 ns, Reaching safepoint: 79976 ns, At safepoint: 32430 ns, Total: 112406 ns
[2020-09-11T12:16:23.914+0000][1][safepoint    ] Safepoint "RevokeBias", Time since last: 25512 ns, Reaching safepoint: 78518 ns, At safepoint: 31134 ns, Total: 109652 ns
[2020-09-11T12:16:23.914+0000][1][safepoint    ] Safepoint "RevokeBias", Time since last: 28169 ns, Reaching safepoint: 78891 ns, At safepoint: 31459 ns, Total: 110350 ns
[2020-09-11T12:16:23.914+0000][1][safepoint    ] Safepoint "RevokeBias", Time since last: 35160 ns, Reaching safepoint: 78910 ns, At safepoint: 31241 ns, Total: 110151 ns
[2020-09-11T12:16:24.305+0000][1][safepoint    ] Safepoint "RevokeBias", Time since last: 390679748 ns, Reaching safepoint: 116928 ns, At safepoint: 14691 ns, Total: 131619 ns
[2020-09-11T12:16:24.305+0000][1][gc           ] GC(5) Concurrent Abortable Preclean 1083.937ms
[2020-09-11T12:16:24.306+0000][1][gc,cpu       ] GC(5) User=0.51s Sys=0.02s Real=1.09s
[2020-09-11T12:16:24.306+0000][1][gc,start     ] GC(5) Pause Remark
[2020-09-11T12:16:24.345+0000][1][gc           ] GC(5) Pause Remark 66M->66M(503M) 39.362ms
[2020-09-11T12:16:24.345+0000][1][gc,cpu       ] GC(5) User=0.02s Sys=0.00s Real=0.04s
[2020-09-11T12:16:24.366+0000][1][safepoint    ] Safepoint "CMS_Final_Remark", Time since last: 740939 ns, Reaching safepoint: 13054 ns, At safepoint: 60730155 ns, Total: 60743209 ns
[2020-09-11T12:16:24.366+0000][1][gc           ] GC(5) Concurrent Sweep
[2020-09-11T12:16:24.371+0000][1][gc           ] GC(5) Concurrent Sweep 4.705ms
[2020-09-11T12:16:24.371+0000][1][gc,cpu       ] GC(5) User=0.00s Sys=0.00s Real=0.00s
[2020-09-11T12:16:24.371+0000][1][gc           ] GC(5) Concurrent Reset
[2020-09-11T12:16:24.376+0000][1][gc           ] GC(5) Concurrent Reset 4.658ms
[2020-09-11T12:16:24.376+0000][1][gc,cpu       ] GC(5) User=0.00s Sys=0.00s Real=0.01s
[2020-09-11T12:16:24.376+0000][1][gc,heap      ] GC(5) Old: 10618K->10617K(439104K)
[2020-09-11T12:16:24.424+0000][1][gc,start     ] GC(7) Pause Young (Allocation Failure)
[2020-09-11T12:16:24.424+0000][1][gc,task      ] GC(7) Using 1 workers of 1 for evacuation
[2020-09-11T12:16:24.438+0000][1][gc,age       ] GC(7) Desired survivor size 4358144 bytes, new threshold 5 (max threshold 6)
[2020-09-11T12:16:24.438+0000][1][gc,age       ] GC(7) Age table with threshold 5 (max threshold 6)
[2020-09-11T12:16:24.438+0000][1][gc,age       ] GC(7) - age   1:     924064 bytes,     924064 total
[2020-09-11T12:16:24.438+0000][1][gc,age       ] GC(7) - age   2:    1525888 bytes,    2449952 total
[2020-09-11T12:16:24.438+0000][1][gc,age       ] GC(7) - age   3:    1252240 bytes,    3702192 total
[2020-09-11T12:16:24.438+0000][1][gc,age       ] GC(7) - age   4:     344608 bytes,    4046800 total
[2020-09-11T12:16:24.438+0000][1][gc,age       ] GC(7) - age   5:     413448 bytes,    4460248 total
[2020-09-11T12:16:24.438+0000][1][gc,heap      ] GC(7) ParNew: 72568K->7433K(76672K)
[2020-09-11T12:16:24.438+0000][1][gc,heap      ] GC(7) CMS: 10617K->10617K(439104K)
[2020-09-11T12:16:24.438+0000][1][gc,metaspace ] GC(7) Metaspace: 21222K->21222K(1069056K)
[2020-09-11T12:16:24.438+0000][1][gc           ] GC(7) Pause Young (Allocation Failure) 81M->17M(503M) 14.627ms
[2020-09-11T12:16:24.438+0000][1][gc,cpu       ] GC(7) User=0.01s Sys=0.00s Real=0.01s
[2020-09-11T12:16:24.451+0000][1][safepoint    ] Safepoint "GenCollectForAllocation", Time since last: 56986193 ns, Reaching safepoint: 402275 ns, At safepoint: 27622493 ns, Total: 28024768 ns
[2020-09-11T12:16:24.463+0000][1][safepoint    ] Safepoint "RevokeBias", Time since last: 8055467 ns, Reaching safepoint: 3924201 ns, At safepoint: 27421 ns, Total: 3951622 ns
[2020-09-11T12:16:24.464+0000][1][safepoint    ] Safepoint "RevokeBias", Time since last: 41385 ns, Reaching safepoint: 78715 ns, At safepoint: 18320 ns, Total: 97035 ns
[2020-09-11T12:16:24.464+0000][1][safepoint    ] Safepoint "RevokeBias", Time since last: 40261 ns, Reaching safepoint: 80939 ns, At safepoint: 12062 ns, Total: 93001 ns
[2020-09-11T12:16:24.464+0000][1][safepoint    ] Safepoint "RevokeBias", Time since last: 28171 ns, Reaching safepoint: 79428 ns, At safepoint: 17674 ns, Total: 97102 ns
[2020-09-11T12:16:24.877+0000][1][gc,start     ] GC(8) Pause Young (Allocation Failure)
[2020-09-11T12:16:24.877+0000][1][gc,task      ] GC(8) Using 1 workers of 1 for evacuation
[2020-09-11T12:16:24.909+0000][1][gc,age       ] GC(8) Desired survivor size 4358144 bytes, new threshold 4 (max threshold 6)
[2020-09-11T12:16:24.909+0000][1][gc,age       ] GC(8) Age table with threshold 4 (max threshold 6)
[2020-09-11T12:16:24.909+0000][1][gc,age       ] GC(8) - age   1:    1859376 bytes,    1859376 total
[2020-09-11T12:16:24.909+0000][1][gc,age       ] GC(8) - age   2:     445896 bytes,    2305272 total
[2020-09-11T12:16:24.909+0000][1][gc,age       ] GC(8) - age   3:    1523952 bytes,    3829224 total
[2020-09-11T12:16:24.909+0000][1][gc,age       ] GC(8) - age   4:    1251584 bytes,    5080808 total
[2020-09-11T12:16:24.909+0000][1][gc,age       ] GC(8) - age   5:     344608 bytes,    5425416 total
[2020-09-11T12:16:24.909+0000][1][gc,heap      ] GC(8) ParNew: 75593K->7687K(76672K)
[2020-09-11T12:16:24.909+0000][1][gc,heap      ] GC(8) CMS: 10617K->11024K(439104K)
[2020-09-11T12:16:24.909+0000][1][gc,metaspace ] GC(8) Metaspace: 21402K->21402K(1069056K)
[2020-09-11T12:16:24.909+0000][1][gc           ] GC(8) Pause Young (Allocation Failure) 84M->18M(503M) 32.684ms
[2020-09-11T12:16:24.909+0000][1][gc,cpu       ] GC(8) User=0.01s Sys=0.00s Real=0.03s
[2020-09-11T12:16:24.915+0000][1][safepoint    ] Safepoint "GenCollectForAllocation", Time since last: 412777307 ns, Reaching safepoint: 98782 ns, At safepoint: 38721325 ns, Total: 38820107 ns
[2020-09-11T12:16:24.932+0000][1][safepoint    ] Safepoint "RevokeBias", Time since last: 8082819 ns, Reaching safepoint: 8889187 ns, At safepoint: 31098 ns, Total: 8920285 ns
[2020-09-11T12:16:24.937+0000][1][safepoint    ] Safepoint "RevokeBias", Time since last: 4310418 ns, Reaching safepoint: 93857 ns, At safepoint: 24870 ns, Total: 118727 ns
[2020-09-11T12:16:24.937+0000][1][safepoint    ] Safepoint "RevokeBias", Time since last: 59019 ns, Reaching safepoint: 77863 ns, At safepoint: 16053 ns, Total: 93916 ns
[2020-09-11T12:16:24.937+0000][1][safepoint    ] Safepoint "RevokeBias", Time since last: 27411 ns, Reaching safepoint: 77225 ns, At safepoint: 21576 ns, Total: 98801 ns
[2020-09-11T12:16:25.304+0000][1][gc,start     ] GC(9) Pause Young (Allocation Failure)
[2020-09-11T12:16:25.304+0000][1][gc,task      ] GC(9) Using 1 workers of 1 for evacuation
[2020-09-11T12:16:25.332+0000][1][gc,age       ] GC(9) Desired survivor size 4358144 bytes, new threshold 6 (max threshold 6)
[2020-09-11T12:16:25.332+0000][1][gc,age       ] GC(9) Age table with threshold 6 (max threshold 6)
[2020-09-11T12:16:25.332+0000][1][gc,age       ] GC(9) - age   1:     332248 bytes,     332248 total
[2020-09-11T12:16:25.332+0000][1][gc,age       ] GC(9) - age   2:     830760 bytes,    1163008 total
[2020-09-11T12:16:25.332+0000][1][gc,age       ] GC(9) - age   3:     445816 bytes,    1608824 total
[2020-09-11T12:16:25.332+0000][1][gc,age       ] GC(9) - age   4:    1523952 bytes,    3132776 total
[2020-09-11T12:16:25.332+0000][1][gc,heap      ] GC(9) ParNew: 75847K->4614K(76672K)
[2020-09-11T12:16:25.332+0000][1][gc,heap      ] GC(9) CMS: 11024K->12601K(439104K)
[2020-09-11T12:16:25.332+0000][1][gc,metaspace ] GC(9) Metaspace: 21514K->21514K(1069056K)
[2020-09-11T12:16:25.332+0000][1][gc           ] GC(9) Pause Young (Allocation Failure) 84M->16M(503M) 28.350ms
[2020-09-11T12:16:25.332+0000][1][gc,cpu       ] GC(9) User=0.01s Sys=0.00s Real=0.02s
[2020-09-11T12:16:25.332+0000][1][safepoint    ] Safepoint "GenCollectForAllocation", Time since last: 366289477 ns, Reaching safepoint: 116121 ns, At safepoint: 28411598 ns, Total: 28527719 ns
[2020-09-11T12:16:25.338+0000][1][safepoint    ] Safepoint "RevokeBias", Time since last: 5568242 ns, Reaching safepoint: 29727 ns, At safepoint: 39296 ns, Total: 69023 ns
[2020-09-11T12:16:25.338+0000][1][safepoint    ] Safepoint "RevokeBias", Time since last: 52120 ns, Reaching safepoint: 9506 ns, At safepoint: 22770 ns, Total: 32276 ns
[2020-09-11T12:16:25.338+0000][1][safepoint    ] Safepoint "RevokeBias", Time since last: 29253 ns, Reaching safepoint: 8345 ns, At safepoint: 22113 ns, Total: 30458 ns
[2020-09-11T12:16:25.338+0000][1][safepoint    ] Safepoint "RevokeBias", Time since last: 22574 ns, Reaching safepoint: 7678 ns, At safepoint: 21278 ns, Total: 28956 ns
[2020-09-11T12:16:25.338+0000][1][safepoint    ] Safepoint "RevokeBias", Time since last: 25042 ns, Reaching safepoint: 8022 ns, At safepoint: 21601 ns, Total: 29623 ns
[2020-09-11T12:16:25.338+0000][1][safepoint    ] Safepoint "RevokeBias", Time since last: 21949 ns, Reaching safepoint: 7589 ns, At safepoint: 21118 ns, Total: 28707 ns
[2020-09-11T12:16:25.436+0000][1][safepoint    ] Safepoint "RevokeBias", Time since last: 98296312 ns, Reaching safepoint: 106446 ns, At safepoint: 16960 ns, Total: 123406 ns
[2020-09-11T12:16:25.437+0000][1][safepoint    ] Safepoint "RevokeBias", Time since last: 424606 ns, Reaching safepoint: 80890 ns, At safepoint: 10494 ns, Total: 91384 ns
[2020-09-11T12:16:25.723+0000][1][gc,start     ] GC(10) Pause Young (Allocation Failure)
[2020-09-11T12:16:25.723+0000][1][gc,task      ] GC(10) Using 1 workers of 1 for evacuation
[2020-09-11T12:16:25.745+0000][1][gc,age       ] GC(10) Desired survivor size 4358144 bytes, new threshold 6 (max threshold 6)
[2020-09-11T12:16:25.745+0000][1][gc,age       ] GC(10) Age table with threshold 6 (max threshold 6)
[2020-09-11T12:16:25.745+0000][1][gc,age       ] GC(10) - age   1:     451432 bytes,     451432 total
[2020-09-11T12:16:25.745+0000][1][gc,age       ] GC(10) - age   2:     147008 bytes,     598440 total
[2020-09-11T12:16:25.745+0000][1][gc,age       ] GC(10) - age   3:     830760 bytes,    1429200 total
[2020-09-11T12:16:25.745+0000][1][gc,age       ] GC(10) - age   4:     445792 bytes,    1874992 total
[2020-09-11T12:16:25.745+0000][1][gc,age       ] GC(10) - age   5:    1523952 bytes,    3398944 total
[2020-09-11T12:16:25.745+0000][1][gc,heap      ] GC(10) ParNew: 72774K->3448K(76672K)
[2020-09-11T12:16:25.745+0000][1][gc,heap      ] GC(10) CMS: 12601K->12601K(439104K)
[2020-09-11T12:16:25.745+0000][1][gc,metaspace ] GC(10) Metaspace: 21649K->21649K(1069056K)
[2020-09-11T12:16:25.745+0000][1][gc           ] GC(10) Pause Young (Allocation Failure) 83M->15M(503M) 22.444ms
[2020-09-11T12:16:25.745+0000][1][gc,cpu       ] GC(10) User=0.02s Sys=0.00s Real=0.03s
[2020-09-11T12:16:25.745+0000][1][safepoint    ] Safepoint "GenCollectForAllocation", Time since last: 286014429 ns, Reaching safepoint: 118446 ns, At safepoint: 22517192 ns, Total: 22635638 ns
[2020-09-11T12:16:25.759+0000][1][safepoint    ] Safepoint "BulkRevokeBias", Time since last: 12797153 ns, Reaching safepoint: 972358 ns, At safepoint: 76177 ns, Total: 1048535 ns
[2020-09-11T12:16:25.760+0000][1][safepoint    ] Safepoint "BulkRevokeBias", Time since last: 90732 ns, Reaching safepoint: 80842 ns, At safepoint: 48440 ns, Total: 129282 ns
[2020-09-11T12:16:26.339+0000][1][gc,start     ] GC(11) Pause Young (Allocation Failure)
[2020-09-11T12:16:26.339+0000][1][gc,task      ] GC(11) Using 1 workers of 1 for evacuation
[2020-09-11T12:16:26.374+0000][1][gc,age       ] GC(11) Desired survivor size 4358144 bytes, new threshold 6 (max threshold 6)
[2020-09-11T12:16:26.374+0000][1][gc,age       ] GC(11) Age table with threshold 6 (max threshold 6)
[2020-09-11T12:16:26.374+0000][1][gc,age       ] GC(11) - age   1:    2344840 bytes,    2344840 total
[2020-09-11T12:16:26.374+0000][1][gc,age       ] GC(11) - age   2:     402624 bytes,    2747464 total
[2020-09-11T12:16:26.374+0000][1][gc,age       ] GC(11) - age   3:     147008 bytes,    2894472 total
[2020-09-11T12:16:26.374+0000][1][gc,age       ] GC(11) - age   4:     830760 bytes,    3725232 total
[2020-09-11T12:16:26.374+0000][1][gc,age       ] GC(11) - age   5:     445792 bytes,    4171024 total
[2020-09-11T12:16:26.374+0000][1][gc,age       ] GC(11) - age   6:    1523640 bytes,    5694664 total
[2020-09-11T12:16:26.374+0000][1][gc,heap      ] GC(11) ParNew: 71608K->6702K(76672K)
[2020-09-11T12:16:26.374+0000][1][gc,heap      ] GC(11) CMS: 12601K->12601K(439104K)
[2020-09-11T12:16:26.374+0000][1][gc,metaspace ] GC(11) Metaspace: 22557K->22557K(1071104K)
[2020-09-11T12:16:26.375+0000][1][gc           ] GC(11) Pause Young (Allocation Failure) 82M->18M(503M) 35.078ms
[2020-09-11T12:16:26.375+0000][1][gc,cpu       ] GC(11) User=0.02s Sys=0.00s Real=0.03s
[2020-09-11T12:16:26.386+0000][1][safepoint    ] Safepoint "GenCollectForAllocation", Time since last: 579742401 ns, Reaching safepoint: 124583 ns, At safepoint: 46580903 ns, Total: 46705486 ns
[2020-09-11T12:16:26.708+0000][1][gc,start     ] GC(12) Pause Young (Allocation Failure)
[2020-09-11T12:16:26.708+0000][1][gc,task      ] GC(12) Using 1 workers of 1 for evacuation
[2020-09-11T12:16:26.735+0000][1][gc,age       ] GC(12) Desired survivor size 4358144 bytes, new threshold 6 (max threshold 6)
[2020-09-11T12:16:26.735+0000][1][gc,age       ] GC(12) Age table with threshold 6 (max threshold 6)
[2020-09-11T12:16:26.735+0000][1][gc,age       ] GC(12) - age   1:     757792 bytes,     757792 total
[2020-09-11T12:16:26.735+0000][1][gc,age       ] GC(12) - age   2:     544232 bytes,    1302024 total
[2020-09-11T12:16:26.735+0000][1][gc,age       ] GC(12) - age   3:     402624 bytes,    1704648 total
[2020-09-11T12:16:26.735+0000][1][gc,age       ] GC(12) - age   4:     146904 bytes,    1851552 total
[2020-09-11T12:16:26.735+0000][1][gc,age       ] GC(12) - age   5:     830616 bytes,    2682168 total
[2020-09-11T12:16:26.735+0000][1][gc,age       ] GC(12) - age   6:     445648 bytes,    3127816 total
[2020-09-11T12:16:26.735+0000][1][gc,heap      ] GC(12) ParNew: 74862K->5008K(76672K)
[2020-09-11T12:16:26.735+0000][1][gc,heap      ] GC(12) CMS: 12601K->14101K(439104K)
[2020-09-11T12:16:26.735+0000][1][gc,metaspace ] GC(12) Metaspace: 22580K->22580K(1071104K)
[2020-09-11T12:16:26.735+0000][1][gc           ] GC(12) Pause Young (Allocation Failure) 85M->18M(503M) 27.420ms
[2020-09-11T12:16:26.735+0000][1][gc,cpu       ] GC(12) User=0.01s Sys=0.00s Real=0.02s
[2020-09-11T12:16:26.748+0000][1][safepoint    ] Safepoint "GenCollectForAllocation", Time since last: 321442806 ns, Reaching safepoint: 111636 ns, At safepoint: 40896057 ns, Total: 41007693 ns
[2020-09-11T12:16:27.077+0000][1][gc,start     ] GC(13) Pause Young (Allocation Failure)
[2020-09-11T12:16:27.078+0000][1][gc,task      ] GC(13) Using 1 workers of 1 for evacuation
[2020-09-11T12:16:27.093+0000][1][gc,age       ] GC(13) Desired survivor size 4358144 bytes, new threshold 6 (max threshold 6)
[2020-09-11T12:16:27.094+0000][1][gc,age       ] GC(13) Age table with threshold 6 (max threshold 6)
[2020-09-11T12:16:27.094+0000][1][gc,age       ] GC(13) - age   1:    2074696 bytes,    2074696 total
[2020-09-11T12:16:27.094+0000][1][gc,age       ] GC(13) - age   2:     203304 bytes,    2278000 total
[2020-09-11T12:16:27.094+0000][1][gc,age       ] GC(13) - age   3:     544120 bytes,    2822120 total
[2020-09-11T12:16:27.094+0000][1][gc,age       ] GC(13) - age   4:     402624 bytes,    3224744 total
[2020-09-11T12:16:27.094+0000][1][gc,age       ] GC(13) - age   5:     146904 bytes,    3371648 total
[2020-09-11T12:16:27.094+0000][1][gc,age       ] GC(13) - age   6:     830616 bytes,    4202264 total
[2020-09-11T12:16:27.094+0000][1][gc,heap      ] GC(13) ParNew: 73168K->7086K(76672K)
[2020-09-11T12:16:27.094+0000][1][gc,heap      ] GC(13) CMS: 14101K->14540K(439104K)
[2020-09-11T12:16:27.094+0000][1][gc,metaspace ] GC(13) Metaspace: 22681K->22681K(1071104K)
[2020-09-11T12:16:27.094+0000][1][gc           ] GC(13) Pause Young (Allocation Failure) 85M->21M(503M) 16.180ms
[2020-09-11T12:16:27.094+0000][1][gc,cpu       ] GC(13) User=0.01s Sys=0.00s Real=0.01s
[2020-09-11T12:16:27.102+0000][1][safepoint    ] Safepoint "GenCollectForAllocation", Time since last: 328766193 ns, Reaching safepoint: 230013 ns, At safepoint: 24256555 ns, Total: 24486568 ns
[2020-09-11T12:16:27.444+0000][1][gc,start     ] GC(14) Pause Young (Allocation Failure)
[2020-09-11T12:16:27.444+0000][1][gc,task      ] GC(14) Using 1 workers of 1 for evacuation
[2020-09-11T12:16:27.462+0000][1][gc,age       ] GC(14) Desired survivor size 4358144 bytes, new threshold 6 (max threshold 6)
[2020-09-11T12:16:27.462+0000][1][gc,age       ] GC(14) Age table with threshold 6 (max threshold 6)
[2020-09-11T12:16:27.462+0000][1][gc,age       ] GC(14) - age   1:    1073296 bytes,    1073296 total
[2020-09-11T12:16:27.462+0000][1][gc,age       ] GC(14) - age   2:     104048 bytes,    1177344 total
[2020-09-11T12:16:27.462+0000][1][gc,age       ] GC(14) - age   3:     203304 bytes,    1380648 total
[2020-09-11T12:16:27.462+0000][1][gc,age       ] GC(14) - age   4:     544120 bytes,    1924768 total
[2020-09-11T12:16:27.462+0000][1][gc,age       ] GC(14) - age   5:     402624 bytes,    2327392 total
[2020-09-11T12:16:27.462+0000][1][gc,age       ] GC(14) - age   6:     146904 bytes,    2474296 total
[2020-09-11T12:16:27.462+0000][1][gc,heap      ] GC(14) ParNew: 75246K->2424K(76672K)
[2020-09-11T12:16:27.462+0000][1][gc,heap      ] GC(14) CMS: 14540K->15357K(439104K)
[2020-09-11T12:16:27.462+0000][1][gc,metaspace ] GC(14) Metaspace: 22760K->22760K(1071104K)
[2020-09-11T12:16:27.462+0000][1][gc           ] GC(14) Pause Young (Allocation Failure) 87M->17M(503M) 18.874ms
[2020-09-11T12:16:27.462+0000][1][gc,cpu       ] GC(14) User=0.01s Sys=0.00s Real=0.01s
[2020-09-11T12:16:27.467+0000][1][safepoint    ] Safepoint "GenCollectForAllocation", Time since last: 341730588 ns, Reaching safepoint: 113335 ns, At safepoint: 23893186 ns, Total: 24006521 ns
[2020-09-11T12:16:27.799+0000][1][gc,start     ] GC(15) Pause Young (Allocation Failure)
[2020-09-11T12:16:27.800+0000][1][gc,task      ] GC(15) Using 1 workers of 1 for evacuation
[2020-09-11T12:16:27.809+0000][1][gc,age       ] GC(15) Desired survivor size 4358144 bytes, new threshold 6 (max threshold 6)
[2020-09-11T12:16:27.809+0000][1][gc,age       ] GC(15) Age table with threshold 6 (max threshold 6)
[2020-09-11T12:16:27.809+0000][1][gc,age       ] GC(15) - age   1:     484112 bytes,     484112 total
[2020-09-11T12:16:27.809+0000][1][gc,age       ] GC(15) - age   2:     318608 bytes,     802720 total
[2020-09-11T12:16:27.809+0000][1][gc,age       ] GC(15) - age   3:     104048 bytes,     906768 total
[2020-09-11T12:16:27.809+0000][1][gc,age       ] GC(15) - age   4:     203304 bytes,    1110072 total
[2020-09-11T12:16:27.809+0000][1][gc,age       ] GC(15) - age   5:     544120 bytes,    1654192 total
[2020-09-11T12:16:27.809+0000][1][gc,age       ] GC(15) - age   6:     402624 bytes,    2056816 total
[2020-09-11T12:16:27.809+0000][1][gc,heap      ] GC(15) ParNew: 70584K->2418K(76672K)
[2020-09-11T12:16:27.809+0000][1][gc,heap      ] GC(15) CMS: 15357K->15506K(439104K)
[2020-09-11T12:16:27.809+0000][1][gc,metaspace ] GC(15) Metaspace: 22848K->22848K(1071104K)
[2020-09-11T12:16:27.809+0000][1][gc           ] GC(15) Pause Young (Allocation Failure) 83M->17M(503M) 9.868ms
[2020-09-11T12:16:27.809+0000][1][gc,cpu       ] GC(15) User=0.01s Sys=0.00s Real=0.01s
[2020-09-11T12:16:27.818+0000][1][safepoint    ] Safepoint "GenCollectForAllocation", Time since last: 330514468 ns, Reaching safepoint: 1471520 ns, At safepoint: 18103078 ns, Total: 19574598 ns
[2020-09-11T12:16:28.083+0000][1][gc,start     ] GC(16) Pause Young (Allocation Failure)
[2020-09-11T12:16:28.083+0000][1][gc,task      ] GC(16) Using 1 workers of 1 for evacuation
[2020-09-11T12:16:28.117+0000][1][gc,age       ] GC(16) Desired survivor size 4358144 bytes, new threshold 6 (max threshold 6)
[2020-09-11T12:16:28.117+0000][1][gc,age       ] GC(16) Age table with threshold 6 (max threshold 6)
[2020-09-11T12:16:28.117+0000][1][gc,age       ] GC(16) - age   1:    1878016 bytes,    1878016 total
[2020-09-11T12:16:28.117+0000][1][gc,age       ] GC(16) - age   2:     188080 bytes,    2066096 total
[2020-09-11T12:16:28.117+0000][1][gc,age       ] GC(16) - age   3:     318608 bytes,    2384704 total
[2020-09-11T12:16:28.117+0000][1][gc,age       ] GC(16) - age   4:     104048 bytes,    2488752 total
[2020-09-11T12:16:28.117+0000][1][gc,age       ] GC(16) - age   5:     203152 bytes,    2691904 total
[2020-09-11T12:16:28.117+0000][1][gc,age       ] GC(16) - age   6:     544120 bytes,    3236024 total
[2020-09-11T12:16:28.117+0000][1][gc,heap      ] GC(16) ParNew: 70578K->4222K(76672K)
[2020-09-11T12:16:28.117+0000][1][gc,heap      ] GC(16) CMS: 15506K->15903K(439104K)
[2020-09-11T12:16:28.117+0000][1][gc,metaspace ] GC(16) Metaspace: 22865K->22865K(1071104K)
[2020-09-11T12:16:28.117+0000][1][gc           ] GC(16) Pause Young (Allocation Failure) 84M->19M(503M) 33.772ms
[2020-09-11T12:16:28.117+0000][1][gc,cpu       ] GC(16) User=0.02s Sys=0.00s Real=0.04s
[2020-09-11T12:16:28.117+0000][1][safepoint    ] Safepoint "GenCollectForAllocation", Time since last: 265239187 ns, Reaching safepoint: 111430 ns, At safepoint: 33831554 ns, Total: 33942984 ns
[2020-09-11T12:16:28.169+0000][1][safepoint    ] Safepoint "Deoptimize", Time since last: 52378026 ns, Reaching safepoint: 99174 ns, At safepoint: 187762 ns, Total: 286936 ns
[2020-09-11T12:16:28.932+0000][1][safepoint    ] Safepoint "RevokeBias", Time since last: 758560717 ns, Reaching safepoint: 3648511 ns, At safepoint: 24536 ns, Total: 3673047 ns
[2020-09-11T12:16:28.932+0000][1][safepoint    ] Safepoint "RevokeBias", Time since last: 77260 ns, Reaching safepoint: 80986 ns, At safepoint: 11933 ns, Total: 92919 ns
[2020-09-11T12:16:28.932+0000][1][safepoint    ] Safepoint "RevokeBias", Time since last: 199044 ns, Reaching safepoint: 8485 ns, At safepoint: 8047 ns, Total: 16532 ns
[2020-09-11T12:16:28.932+0000][1][safepoint    ] Safepoint "RevokeBias", Time since last: 35164 ns, Reaching safepoint: 7527 ns, At safepoint: 6775 ns, Total: 14302 ns
[2020-09-11T12:16:29.740+0000][1][safepoint    ] Safepoint "Deoptimize", Time since last: 807378284 ns, Reaching safepoint: 119815 ns, At safepoint: 193134 ns, Total: 312949 ns
[2020-09-11T12:16:29.740+0000][1][safepoint    ] Safepoint "Deoptimize", Time since last: 372959 ns, Reaching safepoint: 9462 ns, At safepoint: 82437 ns, Total: 91899 ns
[2020-09-11T12:16:29.807+0000][1][safepoint    ] Safepoint "Deoptimize", Time since last: 66049482 ns, Reaching safepoint: 105404 ns, At safepoint: 203214 ns, Total: 308618 ns
[2020-09-11T12:16:30.807+0000][1][safepoint    ] Safepoint "Cleanup", Time since last: 1000105339 ns, Reaching safepoint: 241541 ns, At safepoint: 8001 ns, Total: 249542 ns
[2020-09-11T12:16:31.808+0000][1][safepoint    ] Safepoint "Cleanup", Time since last: 1000481902 ns, Reaching safepoint: 521320 ns, At safepoint: 6459 ns, Total: 527779 ns
[2020-09-11T12:16:31.908+0000][1][gc,start     ] GC(17) Pause Young (Allocation Failure)
[2020-09-11T12:16:31.908+0000][1][gc,task      ] GC(17) Using 1 workers of 1 for evacuation
[2020-09-11T12:16:31.960+0000][1][gc,age       ] GC(17) Desired survivor size 4358144 bytes, new threshold 1 (max threshold 6)
[2020-09-11T12:16:31.960+0000][1][gc,age       ] GC(17) Age table with threshold 1 (max threshold 6)
[2020-09-11T12:16:31.960+0000][1][gc,age       ] GC(17) - age   1:    7636544 bytes,    7636544 total
[2020-09-11T12:16:31.960+0000][1][gc,age       ] GC(17) - age   2:      73096 bytes,    7709640 total
[2020-09-11T12:16:31.960+0000][1][gc,age       ] GC(17) - age   3:     187584 bytes,    7897224 total
[2020-09-11T12:16:31.960+0000][1][gc,age       ] GC(17) - age   4:     316344 bytes,    8213568 total
[2020-09-11T12:16:31.960+0000][1][gc,age       ] GC(17) - age   5:     103768 bytes,    8317336 total
[2020-09-11T12:16:31.960+0000][1][gc,age       ] GC(17) - age   6:     203152 bytes,    8520488 total
[2020-09-11T12:16:31.960+0000][1][gc,heap      ] GC(17) ParNew: 72382K->8512K(76672K)
[2020-09-11T12:16:31.960+0000][1][gc,heap      ] GC(17) CMS: 15903K->16441K(439104K)
[2020-09-11T12:16:31.960+0000][1][gc,metaspace ] GC(17) Metaspace: 29621K->29621K(1077248K)
[2020-09-11T12:16:31.960+0000][1][gc           ] GC(17) Pause Young (Allocation Failure) 86M->24M(503M) 52.817ms
[2020-09-11T12:16:31.960+0000][1][gc,cpu       ] GC(17) User=0.03s Sys=0.00s Real=0.05s
[2020-09-11T12:16:31.971+0000][1][safepoint    ] Safepoint "GenCollectForAllocation", Time since last: 99521851 ns, Reaching safepoint: 110328 ns, At safepoint: 63698949 ns, Total: 63809277 ns
[2020-09-11T12:16:32.980+0000][1][safepoint    ] Safepoint "Cleanup", Time since last: 1008210041 ns, Reaching safepoint: 923874 ns, At safepoint: 8743 ns, Total: 932617 ns
[2020-09-11T12:16:33.993+0000][1][safepoint    ] Safepoint "Cleanup", Time since last: 1003005592 ns, Reaching safepoint: 9109397 ns, At safepoint: 9407 ns, Total: 9118804 ns
[2020-09-11T12:16:34.799+0000][1][gc,start     ] GC(18) Pause Young (Allocation Failure)
[2020-09-11T12:16:34.800+0000][1][gc,task      ] GC(18) Using 1 workers of 1 for evacuation
[2020-09-11T12:16:34.890+0000][1][gc,age       ] GC(18) Desired survivor size 4358144 bytes, new threshold 1 (max threshold 6)
[2020-09-11T12:16:34.890+0000][1][gc,age       ] GC(18) Age table with threshold 1 (max threshold 6)
[2020-09-11T12:16:34.890+0000][1][gc,age       ] GC(18) - age   1:    8125248 bytes,    8125248 total
[2020-09-11T12:16:34.890+0000][1][gc,heap      ] GC(18) ParNew: 76672K->8512K(76672K)
[2020-09-11T12:16:34.890+0000][1][gc,heap      ] GC(18) CMS: 16441K->25169K(439104K)
[2020-09-11T12:16:34.890+0000][1][gc,metaspace ] GC(18) Metaspace: 29663K->29663K(1077248K)
[2020-09-11T12:16:34.890+0000][1][gc           ] GC(18) Pause Young (Allocation Failure) 90M->32M(503M) 90.311ms
[2020-09-11T12:16:34.890+0000][1][gc,cpu       ] GC(18) User=0.05s Sys=0.00s Real=0.09s
[2020-09-11T12:16:34.903+0000][1][safepoint    ] Safepoint "GenCollectForAllocation", Time since last: 803652505 ns, Reaching safepoint: 3265997 ns, At safepoint: 103988266 ns, Total: 107254263 ns
[2020-09-11T12:16:35.923+0000][1][safepoint    ] Safepoint "Cleanup", Time since last: 1012852420 ns, Reaching safepoint: 7143441 ns, At safepoint: 11507 ns, Total: 7154948 ns
[2020-09-11T12:16:36.988+0000][1][safepoint    ] Safepoint "RevokeBias", Time since last: 1063987878 ns, Reaching safepoint: 108518 ns, At safepoint: 35231 ns, Total: 143749 ns
[2020-09-11T12:16:37.370+0000][1][gc,start     ] GC(19) Pause Young (Allocation Failure)
[2020-09-11T12:16:37.370+0000][1][gc,task      ] GC(19) Using 1 workers of 1 for evacuation
[2020-09-11T12:16:37.471+0000][1][gc,age       ] GC(19) Desired survivor size 4358144 bytes, new threshold 1 (max threshold 6)
[2020-09-11T12:16:37.472+0000][1][gc,age       ] GC(19) Age table with threshold 1 (max threshold 6)
[2020-09-11T12:16:37.472+0000][1][gc,age       ] GC(19) - age   1:    8716232 bytes,    8716232 total
[2020-09-11T12:16:37.472+0000][1][gc,heap      ] GC(19) ParNew: 76672K->8512K(76672K)
[2020-09-11T12:16:37.472+0000][1][gc,heap      ] GC(19) CMS: 25169K->34046K(439104K)
[2020-09-11T12:16:37.472+0000][1][gc,metaspace ] GC(19) Metaspace: 29851K->29851K(1077248K)
[2020-09-11T12:16:37.472+0000][1][gc           ] GC(19) Pause Young (Allocation Failure) 99M->41M(503M) 102.003ms
[2020-09-11T12:16:37.472+0000][1][gc,cpu       ] GC(19) User=0.05s Sys=0.00s Real=0.10s
[2020-09-11T12:16:37.478+0000][1][safepoint    ] Safepoint "GenCollectForAllocation", Time since last: 381887965 ns, Reaching safepoint: 116082 ns, At safepoint: 108800719 ns, Total: 108916801 ns
[2020-09-11T12:16:38.492+0000][1][safepoint    ] Safepoint "Cleanup", Time since last: 1013031855 ns, Reaching safepoint: 259818 ns, At safepoint: 6695 ns, Total: 266513 ns
[2020-09-11T12:16:39.108+0000][1][safepoint    ] Safepoint "RevokeBias", Time since last: 615780319 ns, Reaching safepoint: 142425 ns, At safepoint: 42186 ns, Total: 184611 ns
[2020-09-11T12:16:39.639+0000][1][gc,start     ] GC(20) Pause Young (Allocation Failure)
[2020-09-11T12:16:39.639+0000][1][gc,task      ] GC(20) Using 1 workers of 1 for evacuation
[2020-09-11T12:16:39.717+0000][1][gc,age       ] GC(20) Desired survivor size 4358144 bytes, new threshold 6 (max threshold 6)
[2020-09-11T12:16:39.717+0000][1][gc,age       ] GC(20) Age table with threshold 6 (max threshold 6)
[2020-09-11T12:16:39.717+0000][1][gc,age       ] GC(20) - age   1:    4012272 bytes,    4012272 total
[2020-09-11T12:16:39.717+0000][1][gc,heap      ] GC(20) ParNew: 76672K->8307K(76672K)
[2020-09-11T12:16:39.717+0000][1][gc,heap      ] GC(20) CMS: 34046K->41746K(439104K)
[2020-09-11T12:16:39.717+0000][1][gc,metaspace ] GC(20) Metaspace: 32034K->32034K(1079296K)
[2020-09-11T12:16:39.717+0000][1][gc           ] GC(20) Pause Young (Allocation Failure) 108M->48M(503M) 77.847ms
[2020-09-11T12:16:39.717+0000][1][gc,cpu       ] GC(20) User=0.04s Sys=0.00s Real=0.08s
[2020-09-11T12:16:39.724+0000][1][safepoint    ] Safepoint "GenCollectForAllocation", Time since last: 531273175 ns, Reaching safepoint: 101603 ns, At safepoint: 85146930 ns, Total: 85248533 ns
[2020-09-11T12:16:40.083+0000][1][safepoint    ] Safepoint "Deoptimize", Time since last: 358931010 ns, Reaching safepoint: 110929 ns, At safepoint: 261898 ns, Total: 372827 ns
[2020-09-11T12:16:41.085+0000][1][safepoint    ] Safepoint "Cleanup", Time since last: 1001031776 ns, Reaching safepoint: 135172 ns, At safepoint: 5589 ns, Total: 140761 ns
[2020-09-11T12:16:41.484+0000][1][safepoint    ] Safepoint "Deoptimize", Time since last: 395079145 ns, Reaching safepoint: 3724627 ns, At safepoint: 259421 ns, Total: 3984048 ns
[2020-09-11T12:16:41.976+0000][1][gc,start     ] GC(21) Pause Young (Allocation Failure)
[2020-09-11T12:16:41.976+0000][1][gc,task      ] GC(21) Using 1 workers of 1 for evacuation
[2020-09-11T12:16:41.996+0000][1][gc,age       ] GC(21) Desired survivor size 4358144 bytes, new threshold 2 (max threshold 6)
[2020-09-11T12:16:41.996+0000][1][gc,age       ] GC(21) Age table with threshold 2 (max threshold 6)
[2020-09-11T12:16:41.996+0000][1][gc,age       ] GC(21) - age   1:     974280 bytes,     974280 total
[2020-09-11T12:16:41.996+0000][1][gc,age       ] GC(21) - age   2:    3919000 bytes,    4893280 total
[2020-09-11T12:16:41.996+0000][1][gc,heap      ] GC(21) ParNew: 76467K->7092K(76672K)
[2020-09-11T12:16:41.996+0000][1][gc,heap      ] GC(21) CMS: 41746K->41746K(439104K)
[2020-09-11T12:16:41.996+0000][1][gc,metaspace ] GC(21) Metaspace: 32339K->32339K(1079296K)
[2020-09-11T12:16:41.996+0000][1][gc           ] GC(21) Pause Young (Allocation Failure) 115M->47M(503M) 20.431ms
[2020-09-11T12:16:41.996+0000][1][gc,cpu       ] GC(21) User=0.01s Sys=0.00s Real=0.02s
[2020-09-11T12:16:42.003+0000][1][safepoint    ] Safepoint "GenCollectForAllocation", Time since last: 489448802 ns, Reaching safepoint: 2318236 ns, At safepoint: 28000191 ns, Total: 30318427 ns
[2020-09-11T12:16:42.617+0000][1][gc,start     ] GC(22) Pause Young (Allocation Failure)
[2020-09-11T12:16:42.617+0000][1][gc,task      ] GC(22) Using 1 workers of 1 for evacuation
[2020-09-11T12:16:42.641+0000][1][gc,age       ] GC(22) Desired survivor size 4358144 bytes, new threshold 6 (max threshold 6)
[2020-09-11T12:16:42.641+0000][1][gc,age       ] GC(22) Age table with threshold 6 (max threshold 6)
[2020-09-11T12:16:42.641+0000][1][gc,age       ] GC(22) - age   1:     250320 bytes,     250320 total
[2020-09-11T12:16:42.641+0000][1][gc,age       ] GC(22) - age   2:     437632 bytes,     687952 total
[2020-09-11T12:16:42.641+0000][1][gc,heap      ] GC(22) ParNew: 75252K->4470K(76672K)
[2020-09-11T12:16:42.641+0000][1][gc,heap      ] GC(22) CMS: 41746K->45590K(439104K)
[2020-09-11T12:16:42.641+0000][1][gc,metaspace ] GC(22) Metaspace: 32351K->32351K(1079296K)
[2020-09-11T12:16:42.641+0000][1][gc           ] GC(22) Pause Young (Allocation Failure) 114M->48M(503M) 23.628ms
[2020-09-11T12:16:42.641+0000][1][gc,cpu       ] GC(22) User=0.02s Sys=0.00s Real=0.02s
[2020-09-11T12:16:42.648+0000][1][safepoint    ] Safepoint "GenCollectForAllocation", Time since last: 613781539 ns, Reaching safepoint: 106362 ns, At safepoint: 31044420 ns, Total: 31150782 ns
[2020-09-11T12:16:42.938+0000][1][gc,start     ] GC(23) Pause Young (Allocation Failure)
[2020-09-11T12:16:42.938+0000][1][gc,task      ] GC(23) Using 1 workers of 1 for evacuation
[2020-09-11T12:16:42.945+0000][1][gc,age       ] GC(23) Desired survivor size 4358144 bytes, new threshold 6 (max threshold 6)
[2020-09-11T12:16:42.945+0000][1][gc,age       ] GC(23) Age table with threshold 6 (max threshold 6)
[2020-09-11T12:16:42.945+0000][1][gc,age       ] GC(23) - age   1:        192 bytes,        192 total
[2020-09-11T12:16:42.945+0000][1][gc,age       ] GC(23) - age   2:     250176 bytes,     250368 total
[2020-09-11T12:16:42.945+0000][1][gc,age       ] GC(23) - age   3:     437632 bytes,     688000 total
[2020-09-11T12:16:42.945+0000][1][gc,heap      ] GC(23) ParNew: 72630K->1243K(76672K)
[2020-09-11T12:16:42.945+0000][1][gc,heap      ] GC(23) CMS: 45590K->45590K(439104K)
[2020-09-11T12:16:42.945+0000][1][gc,metaspace ] GC(23) Metaspace: 32352K->32352K(1079296K)
[2020-09-11T12:16:42.945+0000][1][gc           ] GC(23) Pause Young (Allocation Failure) 115M->45M(503M) 7.201ms
[2020-09-11T12:16:42.945+0000][1][gc,cpu       ] GC(23) User=0.00s Sys=0.00s Real=0.01s
[2020-09-11T12:16:42.951+0000][1][safepoint    ] Safepoint "GenCollectForAllocation", Time since last: 289189879 ns, Reaching safepoint: 112023 ns, At safepoint: 13713416 ns, Total: 13825439 ns
[2020-09-11T12:16:43.132+0000][1][gc,start     ] GC(24) Pause Young (Allocation Failure)
[2020-09-11T12:16:43.132+0000][1][gc,task      ] GC(24) Using 1 workers of 1 for evacuation
[2020-09-11T12:16:43.134+0000][1][gc,age       ] GC(24) Desired survivor size 4358144 bytes, new threshold 6 (max threshold 6)
[2020-09-11T12:16:43.134+0000][1][gc,age       ] GC(24) Age table with threshold 6 (max threshold 6)
[2020-09-11T12:16:43.134+0000][1][gc,age       ] GC(24) - age   1:         64 bytes,         64 total
[2020-09-11T12:16:43.134+0000][1][gc,age       ] GC(24) - age   3:     250176 bytes,     250240 total
[2020-09-11T12:16:43.134+0000][1][gc,age       ] GC(24) - age   4:     437632 bytes,     687872 total
[2020-09-11T12:16:43.134+0000][1][gc,heap      ] GC(24) ParNew: 69403K->1125K(76672K)
[2020-09-11T12:16:43.135+0000][1][gc,heap      ] GC(24) CMS: 45590K->45590K(439104K)
[2020-09-11T12:16:43.135+0000][1][gc,metaspace ] GC(24) Metaspace: 32356K->32356K(1079296K)
[2020-09-11T12:16:43.135+0000][1][gc           ] GC(24) Pause Young (Allocation Failure) 112M->45M(503M) 3.004ms
[2020-09-11T12:16:43.135+0000][1][gc,cpu       ] GC(24) User=0.00s Sys=0.00s Real=0.00s
[2020-09-11T12:16:43.143+0000][1][safepoint    ] Safepoint "GenCollectForAllocation", Time since last: 180001510 ns, Reaching safepoint: 99757 ns, At safepoint: 11352063 ns, Total: 11451820 ns
[2020-09-11T12:16:43.320+0000][1][gc,start     ] GC(25) Pause Young (Allocation Failure)
[2020-09-11T12:16:43.320+0000][1][gc,task      ] GC(25) Using 1 workers of 1 for evacuation
[2020-09-11T12:16:43.322+0000][1][gc,age       ] GC(25) Desired survivor size 4358144 bytes, new threshold 6 (max threshold 6)
[2020-09-11T12:16:43.322+0000][1][gc,age       ] GC(25) Age table with threshold 6 (max threshold 6)
[2020-09-11T12:16:43.322+0000][1][gc,age       ] GC(25) - age   1:         24 bytes,         24 total
[2020-09-11T12:16:43.322+0000][1][gc,age       ] GC(25) - age   4:     250176 bytes,     250200 total
[2020-09-11T12:16:43.322+0000][1][gc,age       ] GC(25) - age   5:     437632 bytes,     687832 total
[2020-09-11T12:16:43.322+0000][1][gc,heap      ] GC(25) ParNew: 69285K->1289K(76672K)
[2020-09-11T12:16:43.322+0000][1][gc,heap      ] GC(25) CMS: 45590K->45590K(439104K)
[2020-09-11T12:16:43.322+0000][1][gc,metaspace ] GC(25) Metaspace: 32356K->32356K(1079296K)
[2020-09-11T12:16:43.322+0000][1][gc           ] GC(25) Pause Young (Allocation Failure) 112M->45M(503M) 2.953ms
[2020-09-11T12:16:43.323+0000][1][gc,cpu       ] GC(25) User=0.01s Sys=0.00s Real=0.00s
[2020-09-11T12:16:43.325+0000][1][safepoint    ] Safepoint "GenCollectForAllocation", Time since last: 176554017 ns, Reaching safepoint: 110579 ns, At safepoint: 5949741 ns, Total: 6060320 ns
[2020-09-11T12:16:43.476+0000][1][gc,start     ] GC(26) Pause Young (Allocation Failure)
[2020-09-11T12:16:43.476+0000][1][gc,task      ] GC(26) Using 1 workers of 1 for evacuation
[2020-09-11T12:16:43.478+0000][1][gc,age       ] GC(26) Desired survivor size 4358144 bytes, new threshold 6 (max threshold 6)
[2020-09-11T12:16:43.478+0000][1][gc,age       ] GC(26) Age table with threshold 6 (max threshold 6)
[2020-09-11T12:16:43.478+0000][1][gc,age       ] GC(26) - age   1:        120 bytes,        120 total
[2020-09-11T12:16:43.478+0000][1][gc,age       ] GC(26) - age   5:     250176 bytes,     250296 total
[2020-09-11T12:16:43.478+0000][1][gc,age       ] GC(26) - age   6:     437632 bytes,     687928 total
[2020-09-11T12:16:43.478+0000][1][gc,heap      ] GC(26) ParNew: 69449K->826K(76672K)
[2020-09-11T12:16:43.478+0000][1][gc,heap      ] GC(26) CMS: 45590K->45590K(439104K)
[2020-09-11T12:16:43.478+0000][1][gc,metaspace ] GC(26) Metaspace: 32356K->32356K(1079296K)
[2020-09-11T12:16:43.478+0000][1][gc           ] GC(26) Pause Young (Allocation Failure) 112M->45M(503M) 2.896ms
[2020-09-11T12:16:43.478+0000][1][gc,cpu       ] GC(26) User=0.01s Sys=0.00s Real=0.00s
[2020-09-11T12:16:43.479+0000][1][safepoint    ] Safepoint "GenCollectForAllocation", Time since last: 149933223 ns, Reaching safepoint: 116743 ns, At safepoint: 3894960 ns, Total: 4011703 ns
[2020-09-11T12:16:43.625+0000][1][gc,start     ] GC(27) Pause Young (Allocation Failure)
[2020-09-11T12:16:43.625+0000][1][gc,task      ] GC(27) Using 1 workers of 1 for evacuation
[2020-09-11T12:16:43.632+0000][1][gc,age       ] GC(27) Desired survivor size 4358144 bytes, new threshold 6 (max threshold 6)
[2020-09-11T12:16:43.632+0000][1][gc,age       ] GC(27) Age table with threshold 6 (max threshold 6)
[2020-09-11T12:16:43.632+0000][1][gc,age       ] GC(27) - age   1:        208 bytes,        208 total
[2020-09-11T12:16:43.632+0000][1][gc,age       ] GC(27) - age   6:     250176 bytes,     250384 total
[2020-09-11T12:16:43.632+0000][1][gc,heap      ] GC(27) ParNew: 68986K->607K(76672K)
[2020-09-11T12:16:43.632+0000][1][gc,heap      ] GC(27) CMS: 45590K->46018K(439104K)
[2020-09-11T12:16:43.632+0000][1][gc,metaspace ] GC(27) Metaspace: 32356K->32356K(1079296K)
[2020-09-11T12:16:43.632+0000][1][gc           ] GC(27) Pause Young (Allocation Failure) 111M->45M(503M) 7.006ms
[2020-09-11T12:16:43.632+0000][1][gc,cpu       ] GC(27) User=0.00s Sys=0.00s Real=0.00s
[2020-09-11T12:16:43.639+0000][1][safepoint    ] Safepoint "GenCollectForAllocation", Time since last: 145524690 ns, Reaching safepoint: 98849 ns, At safepoint: 13683578 ns, Total: 13782427 ns
[2020-09-11T12:16:43.781+0000][1][gc,start     ] GC(28) Pause Young (Allocation Failure)
[2020-09-11T12:16:43.781+0000][1][gc,task      ] GC(28) Using 1 workers of 1 for evacuation
[2020-09-11T12:16:43.788+0000][1][gc,age       ] GC(28) Desired survivor size 4358144 bytes, new threshold 6 (max threshold 6)
[2020-09-11T12:16:43.788+0000][1][gc,age       ] GC(28) Age table with threshold 6 (max threshold 6)
[2020-09-11T12:16:43.788+0000][1][gc,age       ] GC(28) - age   1:        312 bytes,        312 total
[2020-09-11T12:16:43.788+0000][1][gc,heap      ] GC(28) ParNew: 68767K->243K(76672K)
[2020-09-11T12:16:43.788+0000][1][gc,heap      ] GC(28) CMS: 46018K->46262K(439104K)
[2020-09-11T12:16:43.788+0000][1][gc,metaspace ] GC(28) Metaspace: 32356K->32356K(1079296K)
[2020-09-11T12:16:43.788+0000][1][gc           ] GC(28) Pause Young (Allocation Failure) 112M->45M(503M) 6.456ms
[2020-09-11T12:16:43.788+0000][1][gc,cpu       ] GC(28) User=0.00s Sys=0.00s Real=0.01s
[2020-09-11T12:16:43.788+0000][1][safepoint    ] Safepoint "GenCollectForAllocation", Time since last: 142340860 ns, Reaching safepoint: 98837 ns, At safepoint: 6516767 ns, Total: 6615604 ns
[2020-09-11T12:16:43.924+0000][1][gc,start     ] GC(29) Pause Young (Allocation Failure)
[2020-09-11T12:16:43.924+0000][1][gc,task      ] GC(29) Using 1 workers of 1 for evacuation
[2020-09-11T12:16:43.926+0000][1][gc,age       ] GC(29) Desired survivor size 4358144 bytes, new threshold 6 (max threshold 6)
[2020-09-11T12:16:43.926+0000][1][gc,age       ] GC(29) Age table with threshold 6 (max threshold 6)
[2020-09-11T12:16:43.926+0000][1][gc,age       ] GC(29) - age   1:        160 bytes,        160 total
[2020-09-11T12:16:43.926+0000][1][gc,age       ] GC(29) - age   2:         72 bytes,        232 total
[2020-09-11T12:16:43.926+0000][1][gc,heap      ] GC(29) ParNew: 68403K->60K(76672K)
[2020-09-11T12:16:43.926+0000][1][gc,heap      ] GC(29) CMS: 46262K->46262K(439104K)
[2020-09-11T12:16:43.926+0000][1][gc,metaspace ] GC(29) Metaspace: 32356K->32356K(1079296K)
[2020-09-11T12:16:43.926+0000][1][gc           ] GC(29) Pause Young (Allocation Failure) 111M->45M(503M) 2.380ms
[2020-09-11T12:16:43.926+0000][1][gc,cpu       ] GC(29) User=0.00s Sys=0.00s Real=0.00s
[2020-09-11T12:16:43.931+0000][1][safepoint    ] Safepoint "GenCollectForAllocation", Time since last: 135718536 ns, Reaching safepoint: 100947 ns, At safepoint: 7921033 ns, Total: 8021980 ns
[2020-09-11T12:16:44.074+0000][1][gc,start     ] GC(30) Pause Young (Allocation Failure)
[2020-09-11T12:16:44.075+0000][1][gc,task      ] GC(30) Using 1 workers of 1 for evacuation
[2020-09-11T12:16:44.077+0000][1][gc,age       ] GC(30) Desired survivor size 4358144 bytes, new threshold 6 (max threshold 6)
[2020-09-11T12:16:44.077+0000][1][gc,age       ] GC(30) Age table with threshold 6 (max threshold 6)
[2020-09-11T12:16:44.077+0000][1][gc,age       ] GC(30) - age   1:        200 bytes,        200 total
[2020-09-11T12:16:44.077+0000][1][gc,age       ] GC(30) - age   3:         72 bytes,        272 total
[2020-09-11T12:16:44.077+0000][1][gc,heap      ] GC(30) ParNew: 68220K->15K(76672K)
[2020-09-11T12:16:44.077+0000][1][gc,heap      ] GC(30) CMS: 46262K->46262K(439104K)
[2020-09-11T12:16:44.077+0000][1][gc,metaspace ] GC(30) Metaspace: 32356K->32356K(1079296K)
[2020-09-11T12:16:44.077+0000][1][gc           ] GC(30) Pause Young (Allocation Failure) 111M->45M(503M) 2.631ms
[2020-09-11T12:16:44.077+0000][1][gc,cpu       ] GC(30) User=0.00s Sys=0.00s Real=0.01s
[2020-09-11T12:16:44.079+0000][1][safepoint    ] Safepoint "GenCollectForAllocation", Time since last: 142899250 ns, Reaching safepoint: 106458 ns, At safepoint: 4987494 ns, Total: 5093952 ns
[2020-09-11T12:16:44.227+0000][1][gc,start     ] GC(31) Pause Young (Allocation Failure)
[2020-09-11T12:16:44.227+0000][1][gc,task      ] GC(31) Using 1 workers of 1 for evacuation
[2020-09-11T12:16:44.229+0000][1][gc,age       ] GC(31) Desired survivor size 4358144 bytes, new threshold 6 (max threshold 6)
[2020-09-11T12:16:44.229+0000][1][gc,age       ] GC(31) Age table with threshold 6 (max threshold 6)
[2020-09-11T12:16:44.229+0000][1][gc,age       ] GC(31) - age   1:        208 bytes,        208 total
[2020-09-11T12:16:44.229+0000][1][gc,age       ] GC(31) - age   4:         72 bytes,        280 total
[2020-09-11T12:16:44.229+0000][1][gc,heap      ] GC(31) ParNew: 68175K->3K(76672K)
[2020-09-11T12:16:44.229+0000][1][gc,heap      ] GC(31) CMS: 46262K->46262K(439104K)
[2020-09-11T12:16:44.229+0000][1][gc,metaspace ] GC(31) Metaspace: 32356K->32356K(1079296K)
[2020-09-11T12:16:44.229+0000][1][gc           ] GC(31) Pause Young (Allocation Failure) 111M->45M(503M) 2.514ms
[2020-09-11T12:16:44.229+0000][1][gc,cpu       ] GC(31) User=0.00s Sys=0.00s Real=0.00s
[2020-09-11T12:16:44.231+0000][1][safepoint    ] Safepoint "GenCollectForAllocation", Time since last: 147231862 ns, Reaching safepoint: 104438 ns, At safepoint: 4653775 ns, Total: 4758213 ns
[2020-09-11T12:16:44.378+0000][1][gc,start     ] GC(32) Pause Young (Allocation Failure)
[2020-09-11T12:16:44.378+0000][1][gc,task      ] GC(32) Using 1 workers of 1 for evacuation
[2020-09-11T12:16:44.381+0000][1][gc,age       ] GC(32) Desired survivor size 4358144 bytes, new threshold 6 (max threshold 6)
[2020-09-11T12:16:44.381+0000][1][gc,age       ] GC(32) Age table with threshold 6 (max threshold 6)
[2020-09-11T12:16:44.381+0000][1][gc,age       ] GC(32) - age   1:        232 bytes,        232 total
[2020-09-11T12:16:44.381+0000][1][gc,age       ] GC(32) - age   5:         72 bytes,        304 total
[2020-09-11T12:16:44.381+0000][1][gc,heap      ] GC(32) ParNew: 68163K->2K(76672K)
[2020-09-11T12:16:44.381+0000][1][gc,heap      ] GC(32) CMS: 46262K->46262K(439104K)
[2020-09-11T12:16:44.381+0000][1][gc,metaspace ] GC(32) Metaspace: 32356K->32356K(1079296K)
[2020-09-11T12:16:44.381+0000][1][gc           ] GC(32) Pause Young (Allocation Failure) 111M->45M(503M) 2.556ms
[2020-09-11T12:16:44.381+0000][1][gc,cpu       ] GC(32) User=0.00s Sys=0.00s Real=0.00s
[2020-09-11T12:16:44.381+0000][1][safepoint    ] Safepoint "GenCollectForAllocation", Time since last: 146891372 ns, Reaching safepoint: 99329 ns, At safepoint: 2624649 ns, Total: 2723978 ns
[2020-09-11T12:16:44.508+0000][1][gc,start     ] GC(33) Pause Young (Allocation Failure)
[2020-09-11T12:16:44.508+0000][1][gc,task      ] GC(33) Using 1 workers of 1 for evacuation
[2020-09-11T12:16:44.510+0000][1][gc,age       ] GC(33) Desired survivor size 4358144 bytes, new threshold 6 (max threshold 6)
[2020-09-11T12:16:44.510+0000][1][gc,age       ] GC(33) Age table with threshold 6 (max threshold 6)
[2020-09-11T12:16:44.510+0000][1][gc,age       ] GC(33) - age   1:        184 bytes,        184 total
[2020-09-11T12:16:44.510+0000][1][gc,age       ] GC(33) - age   6:         72 bytes,        256 total
[2020-09-11T12:16:44.510+0000][1][gc,heap      ] GC(33) ParNew: 68162K->2K(76672K)
[2020-09-11T12:16:44.510+0000][1][gc,heap      ] GC(33) CMS: 46262K->46262K(439104K)
[2020-09-11T12:16:44.510+0000][1][gc,metaspace ] GC(33) Metaspace: 32356K->32356K(1079296K)
[2020-09-11T12:16:44.510+0000][1][gc           ] GC(33) Pause Young (Allocation Failure) 111M->45M(503M) 2.527ms
[2020-09-11T12:16:44.510+0000][1][gc,cpu       ] GC(33) User=0.00s Sys=0.00s Real=0.00s
[2020-09-11T12:16:44.510+0000][1][safepoint    ] Safepoint "GenCollectForAllocation", Time since last: 126396794 ns, Reaching safepoint: 117496 ns, At safepoint: 2604211 ns, Total: 2721707 ns
[2020-09-11T12:16:45.516+0000][1][safepoint    ] Safepoint "Cleanup", Time since last: 1005251364 ns, Reaching safepoint: 1011478 ns, At safepoint: 8619 ns, Total: 1020097 ns
[2020-09-11T12:16:46.519+0000][1][safepoint    ] Safepoint "Cleanup", Time since last: 1000105279 ns, Reaching safepoint: 2925903 ns, At safepoint: 12130 ns, Total: 2938033 ns
[2020-09-11T12:16:46.944+0000][1][gc,start     ] GC(34) Pause Young (Allocation Failure)
[2020-09-11T12:16:46.944+0000][1][gc,task      ] GC(34) Using 1 workers of 1 for evacuation
[2020-09-11T12:16:46.946+0000][1][gc,age       ] GC(34) Desired survivor size 4358144 bytes, new threshold 6 (max threshold 6)
[2020-09-11T12:16:46.946+0000][1][gc,age       ] GC(34) Age table with threshold 6 (max threshold 6)
[2020-09-11T12:16:46.946+0000][1][gc,age       ] GC(34) - age   1:     277584 bytes,     277584 total
[2020-09-11T12:16:46.946+0000][1][gc,heap      ] GC(34) ParNew: 68162K->272K(76672K)
[2020-09-11T12:16:46.946+0000][1][gc,heap      ] GC(34) CMS: 46262K->46262K(439104K)
[2020-09-11T12:16:46.946+0000][1][gc,metaspace ] GC(34) Metaspace: 32376K->32376K(1079296K)
[2020-09-11T12:16:46.946+0000][1][gc           ] GC(34) Pause Young (Allocation Failure) 111M->45M(503M) 2.851ms
[2020-09-11T12:16:46.946+0000][1][gc,cpu       ] GC(34) User=0.00s Sys=0.00s Real=0.00s
[2020-09-11T12:16:46.951+0000][1][safepoint    ] Safepoint "GenCollectForAllocation", Time since last: 423961082 ns, Reaching safepoint: 109861 ns, At safepoint: 7876789 ns, Total: 7986650 ns
[2020-09-11T12:16:47.784+0000][1][gc,start     ] GC(35) Pause Young (Allocation Failure)
[2020-09-11T12:16:47.784+0000][1][gc,task      ] GC(35) Using 1 workers of 1 for evacuation
[2020-09-11T12:16:47.786+0000][1][gc,age       ] GC(35) Desired survivor size 4358144 bytes, new threshold 6 (max threshold 6)
[2020-09-11T12:16:47.786+0000][1][gc,age       ] GC(35) Age table with threshold 6 (max threshold 6)
[2020-09-11T12:16:47.786+0000][1][gc,age       ] GC(35) - age   1:     511856 bytes,     511856 total
[2020-09-11T12:16:47.786+0000][1][gc,age       ] GC(35) - age   2:     184472 bytes,     696328 total
[2020-09-11T12:16:47.786+0000][1][gc,heap      ] GC(35) ParNew: 68432K->680K(76672K)
[2020-09-11T12:16:47.786+0000][1][gc,heap      ] GC(35) CMS: 46262K->46262K(439104K)
[2020-09-11T12:16:47.786+0000][1][gc,metaspace ] GC(35) Metaspace: 32376K->32376K(1079296K)
[2020-09-11T12:16:47.786+0000][1][gc           ] GC(35) Pause Young (Allocation Failure) 112M->45M(503M) 2.734ms
[2020-09-11T12:16:47.786+0000][1][gc,cpu       ] GC(35) User=0.01s Sys=0.00s Real=0.00s
[2020-09-11T12:16:47.786+0000][1][safepoint    ] Safepoint "GenCollectForAllocation", Time since last: 832030324 ns, Reaching safepoint: 108469 ns, At safepoint: 2809796 ns, Total: 2918265 ns
[2020-09-11T12:16:48.482+0000][1][gc,start     ] GC(36) Pause Young (Allocation Failure)
[2020-09-11T12:16:48.482+0000][1][gc,task      ] GC(36) Using 1 workers of 1 for evacuation
[2020-09-11T12:16:48.484+0000][1][gc,age       ] GC(36) Desired survivor size 4358144 bytes, new threshold 6 (max threshold 6)
[2020-09-11T12:16:48.484+0000][1][gc,age       ] GC(36) Age table with threshold 6 (max threshold 6)
[2020-09-11T12:16:48.485+0000][1][gc,age       ] GC(36) - age   1:     642136 bytes,     642136 total
[2020-09-11T12:16:48.485+0000][1][gc,age       ] GC(36) - age   2:     339856 bytes,     981992 total
[2020-09-11T12:16:48.485+0000][1][gc,age       ] GC(36) - age   3:     183832 bytes,    1165824 total
[2020-09-11T12:16:48.485+0000][1][gc,heap      ] GC(36) ParNew: 68840K->1140K(76672K)
[2020-09-11T12:16:48.485+0000][1][gc,heap      ] GC(36) CMS: 46262K->46262K(439104K)
[2020-09-11T12:16:48.485+0000][1][gc,metaspace ] GC(36) Metaspace: 32377K->32377K(1079296K)
[2020-09-11T12:16:48.485+0000][1][gc           ] GC(36) Pause Young (Allocation Failure) 112M->46M(503M) 2.802ms
[2020-09-11T12:16:48.485+0000][1][gc,cpu       ] GC(36) User=0.00s Sys=0.00s Real=0.01s
[2020-09-11T12:16:48.491+0000][1][safepoint    ] Safepoint "GenCollectForAllocation", Time since last: 695295301 ns, Reaching safepoint: 100303 ns, At safepoint: 9665641 ns, Total: 9765944 ns
[2020-09-11T12:16:49.308+0000][1][gc,start     ] GC(37) Pause Young (Allocation Failure)
[2020-09-11T12:16:49.308+0000][1][gc,task      ] GC(37) Using 1 workers of 1 for evacuation
[2020-09-11T12:16:49.310+0000][1][gc,age       ] GC(37) Desired survivor size 4358144 bytes, new threshold 6 (max threshold 6)
[2020-09-11T12:16:49.310+0000][1][gc,age       ] GC(37) Age table with threshold 6 (max threshold 6)
[2020-09-11T12:16:49.310+0000][1][gc,age       ] GC(37) - age   1:     621416 bytes,     621416 total
[2020-09-11T12:16:49.310+0000][1][gc,age       ] GC(37) - age   2:     301408 bytes,     922824 total
[2020-09-11T12:16:49.310+0000][1][gc,age       ] GC(37) - age   3:     339672 bytes,    1262496 total
[2020-09-11T12:16:49.310+0000][1][gc,age       ] GC(37) - age   4:     183448 bytes,    1445944 total
[2020-09-11T12:16:49.310+0000][1][gc,heap      ] GC(37) ParNew: 69300K->1440K(76672K)
[2020-09-11T12:16:49.310+0000][1][gc,heap      ] GC(37) CMS: 46262K->46262K(439104K)
[2020-09-11T12:16:49.310+0000][1][gc,metaspace ] GC(37) Metaspace: 32378K->32378K(1079296K)
[2020-09-11T12:16:49.310+0000][1][gc           ] GC(37) Pause Young (Allocation Failure) 112M->46M(503M) 2.964ms
[2020-09-11T12:16:49.311+0000][1][gc,cpu       ] GC(37) User=0.01s Sys=0.00s Real=0.00s
[2020-09-11T12:16:49.323+0000][1][safepoint    ] Safepoint "GenCollectForAllocation", Time since last: 815997970 ns, Reaching safepoint: 102203 ns, At safepoint: 15891793 ns, Total: 15993996 ns
[2020-09-11T12:16:50.080+0000][1][gc,start     ] GC(38) Pause Young (Allocation Failure)
[2020-09-11T12:16:50.080+0000][1][gc,task      ] GC(38) Using 1 workers of 1 for evacuation
[2020-09-11T12:16:50.082+0000][1][gc,age       ] GC(38) Desired survivor size 4358144 bytes, new threshold 6 (max threshold 6)
[2020-09-11T12:16:50.082+0000][1][gc,age       ] GC(38) Age table with threshold 6 (max threshold 6)
[2020-09-11T12:16:50.082+0000][1][gc,age       ] GC(38) - age   1:     934776 bytes,     934776 total
[2020-09-11T12:16:50.082+0000][1][gc,age       ] GC(38) - age   2:     264672 bytes,    1199448 total
[2020-09-11T12:16:50.082+0000][1][gc,age       ] GC(38) - age   3:     297464 bytes,    1496912 total
[2020-09-11T12:16:50.082+0000][1][gc,age       ] GC(38) - age   4:     339592 bytes,    1836504 total
[2020-09-11T12:16:50.082+0000][1][gc,age       ] GC(38) - age   5:     183344 bytes,    2019848 total
[2020-09-11T12:16:50.082+0000][1][gc,heap      ] GC(38) ParNew: 69600K->2033K(76672K)
[2020-09-11T12:16:50.082+0000][1][gc,heap      ] GC(38) CMS: 46262K->46262K(439104K)
[2020-09-11T12:16:50.082+0000][1][gc,metaspace ] GC(38) Metaspace: 32378K->32378K(1079296K)
[2020-09-11T12:16:50.082+0000][1][gc           ] GC(38) Pause Young (Allocation Failure) 113M->47M(503M) 2.927ms
[2020-09-11T12:16:50.082+0000][1][gc,cpu       ] GC(38) User=0.00s Sys=0.00s Real=0.00s
[2020-09-11T12:16:50.095+0000][1][safepoint    ] Safepoint "GenCollectForAllocation", Time since last: 755999329 ns, Reaching safepoint: 106599 ns, At safepoint: 15912289 ns, Total: 16018888 ns
[2020-09-11T12:16:50.543+0000][1][gc,start     ] GC(39) Pause Young (Allocation Failure)
[2020-09-11T12:16:50.543+0000][1][gc,task      ] GC(39) Using 1 workers of 1 for evacuation
[2020-09-11T12:16:50.548+0000][1][gc,age       ] GC(39) Desired survivor size 4358144 bytes, new threshold 6 (max threshold 6)
[2020-09-11T12:16:50.548+0000][1][gc,age       ] GC(39) Age table with threshold 6 (max threshold 6)
[2020-09-11T12:16:50.548+0000][1][gc,age       ] GC(39) - age   1:     344144 bytes,     344144 total
[2020-09-11T12:16:50.548+0000][1][gc,age       ] GC(39) - age   2:     922904 bytes,    1267048 total
[2020-09-11T12:16:50.548+0000][1][gc,age       ] GC(39) - age   3:     263464 bytes,    1530512 total
[2020-09-11T12:16:50.548+0000][1][gc,age       ] GC(39) - age   4:     296976 bytes,    1827488 total
[2020-09-11T12:16:50.548+0000][1][gc,age       ] GC(39) - age   5:     339256 bytes,    2166744 total
[2020-09-11T12:16:50.548+0000][1][gc,age       ] GC(39) - age   6:     183304 bytes,    2350048 total
[2020-09-11T12:16:50.548+0000][1][gc,heap      ] GC(39) ParNew: 70193K->2386K(76672K)
[2020-09-11T12:16:50.548+0000][1][gc,heap      ] GC(39) CMS: 46262K->46262K(439104K)
[2020-09-11T12:16:50.548+0000][1][gc,metaspace ] GC(39) Metaspace: 32378K->32378K(1079296K)
[2020-09-11T12:16:50.548+0000][1][gc           ] GC(39) Pause Young (Allocation Failure) 113M->47M(503M) 5.424ms
[2020-09-11T12:16:50.548+0000][1][gc,cpu       ] GC(39) User=0.00s Sys=0.00s Real=0.01s
[2020-09-11T12:16:50.555+0000][1][safepoint    ] Safepoint "GenCollectForAllocation", Time since last: 447041304 ns, Reaching safepoint: 117028 ns, At safepoint: 12837778 ns, Total: 12954806 ns
[2020-09-11T12:16:50.592+0000][1][safepoint    ] Safepoint "RevokeBias", Time since last: 36131718 ns, Reaching safepoint: 97918 ns, At safepoint: 24997 ns, Total: 122915 ns
[2020-09-11T12:16:50.965+0000][1][gc,start     ] GC(40) Pause Young (Allocation Failure)
[2020-09-11T12:16:50.965+0000][1][gc,task      ] GC(40) Using 1 workers of 1 for evacuation
[2020-09-11T12:16:50.971+0000][1][gc,age       ] GC(40) Desired survivor size 4358144 bytes, new threshold 6 (max threshold 6)
[2020-09-11T12:16:50.971+0000][1][gc,age       ] GC(40) Age table with threshold 6 (max threshold 6)
[2020-09-11T12:16:50.971+0000][1][gc,age       ] GC(40) - age   1:     347872 bytes,     347872 total
[2020-09-11T12:16:50.971+0000][1][gc,age       ] GC(40) - age   2:     334304 bytes,     682176 total
[2020-09-11T12:16:50.971+0000][1][gc,age       ] GC(40) - age   3:     922552 bytes,    1604728 total
[2020-09-11T12:16:50.971+0000][1][gc,age       ] GC(40) - age   4:     263232 bytes,    1867960 total
[2020-09-11T12:16:50.971+0000][1][gc,age       ] GC(40) - age   5:     296856 bytes,    2164816 total
[2020-09-11T12:16:50.971+0000][1][gc,age       ] GC(40) - age   6:     339256 bytes,    2504072 total
[2020-09-11T12:16:50.979+0000][1][gc,heap      ] GC(40) ParNew: 70546K->2448K(76672K)
[2020-09-11T12:16:50.979+0000][1][gc,heap      ] GC(40) CMS: 46262K->46439K(439104K)
[2020-09-11T12:16:50.979+0000][1][gc,metaspace ] GC(40) Metaspace: 32381K->32381K(1079296K)
[2020-09-11T12:16:50.979+0000][1][gc           ] GC(40) Pause Young (Allocation Failure) 114M->47M(503M) 14.530ms
[2020-09-11T12:16:50.980+0000][1][gc,cpu       ] GC(40) User=0.00s Sys=0.00s Real=0.01s
[2020-09-11T12:16:50.980+0000][1][safepoint    ] Safepoint "GenCollectForAllocation", Time since last: 373149043 ns, Reaching safepoint: 118740 ns, At safepoint: 14586546 ns, Total: 14705286 ns
[2020-09-11T12:16:51.096+0000][1][gc,start     ] GC(41) Pause Young (Allocation Failure)
[2020-09-11T12:16:51.096+0000][1][gc,task      ] GC(41) Using 1 workers of 1 for evacuation
[2020-09-11T12:16:51.098+0000][1][gc,age       ] GC(41) Desired survivor size 4358144 bytes, new threshold 6 (max threshold 6)
[2020-09-11T12:16:51.099+0000][1][gc,age       ] GC(41) Age table with threshold 6 (max threshold 6)
[2020-09-11T12:16:51.099+0000][1][gc,age       ] GC(41) - age   1:        352 bytes,        352 total
[2020-09-11T12:16:51.099+0000][1][gc,age       ] GC(41) - age   2:     347640 bytes,     347992 total
[2020-09-11T12:16:51.099+0000][1][gc,age       ] GC(41) - age   3:     334304 bytes,     682296 total
[2020-09-11T12:16:51.099+0000][1][gc,age       ] GC(41) - age   4:     922552 bytes,    1604848 total
[2020-09-11T12:16:51.099+0000][1][gc,age       ] GC(41) - age   5:     263232 bytes,    1868080 total
[2020-09-11T12:16:51.099+0000][1][gc,age       ] GC(41) - age   6:     296856 bytes,    2164936 total
[2020-09-11T12:16:51.099+0000][1][gc,heap      ] GC(41) ParNew: 70608K->2161K(76672K)
[2020-09-11T12:16:51.099+0000][1][gc,heap      ] GC(41) CMS: 46439K->46770K(439104K)
[2020-09-11T12:16:51.099+0000][1][gc,metaspace ] GC(41) Metaspace: 32381K->32381K(1079296K)
[2020-09-11T12:16:51.099+0000][1][gc           ] GC(41) Pause Young (Allocation Failure) 114M->47M(503M) 3.079ms
[2020-09-11T12:16:51.099+0000][1][gc,cpu       ] GC(41) User=0.00s Sys=0.00s Real=0.00s
[2020-09-11T12:16:51.099+0000][1][safepoint    ] Safepoint "GenCollectForAllocation", Time since last: 115882644 ns, Reaching safepoint: 102326 ns, At safepoint: 3146864 ns, Total: 3249190 ns
[2020-09-11T12:16:51.195+0000][1][gc,start     ] GC(42) Pause Young (Allocation Failure)
[2020-09-11T12:16:51.195+0000][1][gc,task      ] GC(42) Using 1 workers of 1 for evacuation
[2020-09-11T12:16:51.198+0000][1][gc,age       ] GC(42) Desired survivor size 4358144 bytes, new threshold 6 (max threshold 6)
[2020-09-11T12:16:51.198+0000][1][gc,age       ] GC(42) Age table with threshold 6 (max threshold 6)
[2020-09-11T12:16:51.198+0000][1][gc,age       ] GC(42) - age   1:        152 bytes,        152 total
[2020-09-11T12:16:51.198+0000][1][gc,age       ] GC(42) - age   2:        160 bytes,        312 total
[2020-09-11T12:16:51.198+0000][1][gc,age       ] GC(42) - age   3:     347640 bytes,     347952 total
[2020-09-11T12:16:51.198+0000][1][gc,age       ] GC(42) - age   4:     334304 bytes,     682256 total
[2020-09-11T12:16:51.198+0000][1][gc,age       ] GC(42) - age   5:     922552 bytes,    1604808 total
[2020-09-11T12:16:51.198+0000][1][gc,age       ] GC(42) - age   6:     263232 bytes,    1868040 total
[2020-09-11T12:16:51.198+0000][1][gc,heap      ] GC(42) ParNew: 70321K->2239K(76672K)
[2020-09-11T12:16:51.198+0000][1][gc,heap      ] GC(42) CMS: 46770K->47060K(439104K)
[2020-09-11T12:16:51.198+0000][1][gc,metaspace ] GC(42) Metaspace: 32381K->32381K(1079296K)
[2020-09-11T12:16:51.198+0000][1][gc           ] GC(42) Pause Young (Allocation Failure) 114M->48M(503M) 2.973ms
[2020-09-11T12:16:51.198+0000][1][gc,cpu       ] GC(42) User=0.01s Sys=0.00s Real=0.01s
[2020-09-11T12:16:51.198+0000][1][safepoint    ] Safepoint "GenCollectForAllocation", Time since last: 92815794 ns, Reaching safepoint: 3403817 ns, At safepoint: 3040642 ns, Total: 6444459 ns
[2020-09-11T12:16:51.292+0000][1][gc,start     ] GC(43) Pause Young (Allocation Failure)
[2020-09-11T12:16:51.292+0000][1][gc,task      ] GC(43) Using 1 workers of 1 for evacuation
[2020-09-11T12:16:51.295+0000][1][gc,age       ] GC(43) Desired survivor size 4358144 bytes, new threshold 6 (max threshold 6)
[2020-09-11T12:16:51.295+0000][1][gc,age       ] GC(43) Age table with threshold 6 (max threshold 6)
[2020-09-11T12:16:51.295+0000][1][gc,age       ] GC(43) - age   3:        160 bytes,        160 total
[2020-09-11T12:16:51.295+0000][1][gc,age       ] GC(43) - age   4:     347640 bytes,     347800 total
[2020-09-11T12:16:51.295+0000][1][gc,age       ] GC(43) - age   5:     334304 bytes,     682104 total
[2020-09-11T12:16:51.295+0000][1][gc,age       ] GC(43) - age   6:     922552 bytes,    1604656 total
[2020-09-11T12:16:51.295+0000][1][gc,heap      ] GC(43) ParNew: 70399K->1569K(76672K)
[2020-09-11T12:16:51.295+0000][1][gc,heap      ] GC(43) CMS: 47060K->47317K(439104K)
[2020-09-11T12:16:51.295+0000][1][gc,metaspace ] GC(43) Metaspace: 32381K->32381K(1079296K)
[2020-09-11T12:16:51.295+0000][1][gc           ] GC(43) Pause Young (Allocation Failure) 114M->47M(503M) 3.061ms
[2020-09-11T12:16:51.295+0000][1][gc,cpu       ] GC(43) User=0.00s Sys=0.00s Real=0.00s
[2020-09-11T12:16:51.297+0000][1][safepoint    ] Safepoint "GenCollectForAllocation", Time since last: 94254372 ns, Reaching safepoint: 103263 ns, At safepoint: 4886248 ns, Total: 4989511 ns
[2020-09-11T12:16:51.400+0000][1][gc,start     ] GC(44) Pause Young (Allocation Failure)
[2020-09-11T12:16:51.400+0000][1][gc,task      ] GC(44) Using 1 workers of 1 for evacuation
[2020-09-11T12:16:51.402+0000][1][gc,age       ] GC(44) Desired survivor size 4358144 bytes, new threshold 6 (max threshold 6)
[2020-09-11T12:16:51.402+0000][1][gc,age       ] GC(44) Age table with threshold 6 (max threshold 6)
[2020-09-11T12:16:51.402+0000][1][gc,age       ] GC(44) - age   1:        200 bytes,        200 total
[2020-09-11T12:16:51.402+0000][1][gc,age       ] GC(44) - age   4:        160 bytes,        360 total
[2020-09-11T12:16:51.403+0000][1][gc,age       ] GC(44) - age   5:     347640 bytes,     348000 total
[2020-09-11T12:16:51.403+0000][1][gc,age       ] GC(44) - age   6:     334304 bytes,     682304 total
[2020-09-11T12:16:51.403+0000][1][gc,heap      ] GC(44) ParNew: 69729K->895K(76672K)
[2020-09-11T12:16:51.403+0000][1][gc,heap      ] GC(44) CMS: 47317K->48218K(439104K)
[2020-09-11T12:16:51.403+0000][1][gc,metaspace ] GC(44) Metaspace: 32381K->32381K(1079296K)
[2020-09-11T12:16:51.403+0000][1][gc           ] GC(44) Pause Young (Allocation Failure) 114M->47M(503M) 3.016ms
[2020-09-11T12:16:51.403+0000][1][gc,cpu       ] GC(44) User=0.00s Sys=0.00s Real=0.00s
[2020-09-11T12:16:51.403+0000][1][safepoint    ] Safepoint "GenCollectForAllocation", Time since last: 102262655 ns, Reaching safepoint: 107218 ns, At safepoint: 3068595 ns, Total: 3175813 ns
[2020-09-11T12:16:51.497+0000][1][gc,start     ] GC(45) Pause Young (Allocation Failure)
[2020-09-11T12:16:51.497+0000][1][gc,task      ] GC(45) Using 1 workers of 1 for evacuation
[2020-09-11T12:16:51.500+0000][1][gc,age       ] GC(45) Desired survivor size 4358144 bytes, new threshold 6 (max threshold 6)
[2020-09-11T12:16:51.500+0000][1][gc,age       ] GC(45) Age table with threshold 6 (max threshold 6)
[2020-09-11T12:16:51.500+0000][1][gc,age       ] GC(45) - age   1:        208 bytes,        208 total
[2020-09-11T12:16:51.500+0000][1][gc,age       ] GC(45) - age   5:        160 bytes,        368 total
[2020-09-11T12:16:51.500+0000][1][gc,age       ] GC(45) - age   6:     347640 bytes,     348008 total
[2020-09-11T12:16:51.500+0000][1][gc,heap      ] GC(45) ParNew: 69055K->723K(76672K)
[2020-09-11T12:16:51.500+0000][1][gc,heap      ] GC(45) CMS: 48218K->48544K(439104K)
[2020-09-11T12:16:51.500+0000][1][gc,metaspace ] GC(45) Metaspace: 32381K->32381K(1079296K)
[2020-09-11T12:16:51.500+0000][1][gc           ] GC(45) Pause Young (Allocation Failure) 114M->48M(503M) 2.837ms
[2020-09-11T12:16:51.500+0000][1][gc,cpu       ] GC(45) User=0.01s Sys=0.00s Real=0.00s
[2020-09-11T12:16:51.502+0000][1][safepoint    ] Safepoint "GenCollectForAllocation", Time since last: 94257421 ns, Reaching safepoint: 102023 ns, At safepoint: 5024505 ns, Total: 5126528 ns
[2020-09-11T12:16:51.599+0000][1][gc,start     ] GC(46) Pause Young (Allocation Failure)
[2020-09-11T12:16:51.599+0000][1][gc,task      ] GC(46) Using 1 workers of 1 for evacuation
[2020-09-11T12:16:51.602+0000][1][gc,age       ] GC(46) Desired survivor size 4358144 bytes, new threshold 6 (max threshold 6)
[2020-09-11T12:16:51.602+0000][1][gc,age       ] GC(46) Age table with threshold 6 (max threshold 6)
[2020-09-11T12:16:51.602+0000][1][gc,age       ] GC(46) - age   1:        200 bytes,        200 total
[2020-09-11T12:16:51.602+0000][1][gc,age       ] GC(46) - age   6:        160 bytes,        360 total
[2020-09-11T12:16:51.602+0000][1][gc,heap      ] GC(46) ParNew: 68883K->308K(76672K)
[2020-09-11T12:16:51.602+0000][1][gc,heap      ] GC(46) CMS: 48544K->48884K(439104K)
[2020-09-11T12:16:51.602+0000][1][gc,metaspace ] GC(46) Metaspace: 32381K->32381K(1079296K)
[2020-09-11T12:16:51.602+0000][1][gc           ] GC(46) Pause Young (Allocation Failure) 114M->48M(503M) 2.647ms
[2020-09-11T12:16:51.607+0000][1][gc,cpu       ] GC(46) User=0.00s Sys=0.00s Real=0.00s
[2020-09-11T12:16:51.607+0000][1][safepoint    ] Safepoint "GenCollectForAllocation", Time since last: 96359453 ns, Reaching safepoint: 1074506 ns, At safepoint: 8046948 ns, Total: 9121454 ns
[2020-09-11T12:16:51.705+0000][1][gc,start     ] GC(47) Pause Young (Allocation Failure)
[2020-09-11T12:16:51.705+0000][1][gc,task      ] GC(47) Using 1 workers of 1 for evacuation
[2020-09-11T12:16:51.707+0000][1][gc,age       ] GC(47) Desired survivor size 4358144 bytes, new threshold 6 (max threshold 6)
[2020-09-11T12:16:51.707+0000][1][gc,age       ] GC(47) Age table with threshold 6 (max threshold 6)
[2020-09-11T12:16:51.707+0000][1][gc,age       ] GC(47) - age   1:        176 bytes,        176 total
[2020-09-11T12:16:51.707+0000][1][gc,heap      ] GC(47) ParNew: 68468K->77K(76672K)
[2020-09-11T12:16:51.707+0000][1][gc,heap      ] GC(47) CMS: 48884K->48884K(439104K)
[2020-09-11T12:16:51.707+0000][1][gc,metaspace ] GC(47) Metaspace: 32381K->32381K(1079296K)
[2020-09-11T12:16:51.708+0000][1][gc           ] GC(47) Pause Young (Allocation Failure) 114M->47M(503M) 2.662ms
[2020-09-11T12:16:51.708+0000][1][gc,cpu       ] GC(47) User=0.00s Sys=0.00s Real=0.00s
[2020-09-11T12:16:51.711+0000][1][safepoint    ] Safepoint "GenCollectForAllocation", Time since last: 97259864 ns, Reaching safepoint: 109822 ns, At safepoint: 6567359 ns, Total: 6677181 ns
[2020-09-11T12:16:51.803+0000][1][gc,start     ] GC(48) Pause Young (Allocation Failure)
[2020-09-11T12:16:51.803+0000][1][gc,task      ] GC(48) Using 1 workers of 1 for evacuation
[2020-09-11T12:16:51.808+0000][1][gc,age       ] GC(48) Desired survivor size 4358144 bytes, new threshold 6 (max threshold 6)
[2020-09-11T12:16:51.808+0000][1][gc,age       ] GC(48) Age table with threshold 6 (max threshold 6)
[2020-09-11T12:16:51.808+0000][1][gc,age       ] GC(48) - age   1:         96 bytes,         96 total
[2020-09-11T12:16:51.808+0000][1][gc,heap      ] GC(48) ParNew: 68237K->19K(76672K)
[2020-09-11T12:16:51.808+0000][1][gc,heap      ] GC(48) CMS: 48884K->48884K(439104K)
[2020-09-11T12:16:51.808+0000][1][gc,metaspace ] GC(48) Metaspace: 32381K->32381K(1079296K)
[2020-09-11T12:16:51.808+0000][1][gc           ] GC(48) Pause Young (Allocation Failure) 114M->47M(503M) 5.135ms
[2020-09-11T12:16:51.808+0000][1][gc,cpu       ] GC(48) User=0.01s Sys=0.00s Real=0.01s
[2020-09-11T12:16:51.808+0000][1][safepoint    ] Safepoint "GenCollectForAllocation", Time since last: 89948142 ns, Reaching safepoint: 1135823 ns, At safepoint: 5195310 ns, Total: 6331133 ns
[2020-09-11T12:16:51.906+0000][1][gc,start     ] GC(49) Pause Young (Allocation Failure)
[2020-09-11T12:16:51.906+0000][1][gc,task      ] GC(49) Using 1 workers of 1 for evacuation
[2020-09-11T12:16:51.909+0000][1][gc,age       ] GC(49) Desired survivor size 4358144 bytes, new threshold 6 (max threshold 6)
[2020-09-11T12:16:51.909+0000][1][gc,age       ] GC(49) Age table with threshold 6 (max threshold 6)
[2020-09-11T12:16:51.909+0000][1][gc,age       ] GC(49) - age   1:         24 bytes,         24 total
[2020-09-11T12:16:51.909+0000][1][gc,heap      ] GC(49) ParNew: 68179K->4K(76672K)
[2020-09-11T12:16:51.909+0000][1][gc,heap      ] GC(49) CMS: 48884K->48884K(439104K)
[2020-09-11T12:16:51.909+0000][1][gc,metaspace ] GC(49) Metaspace: 32381K->32381K(1079296K)
[2020-09-11T12:16:51.909+0000][1][gc           ] GC(49) Pause Young (Allocation Failure) 114M->47M(503M) 3.123ms
[2020-09-11T12:16:51.909+0000][1][gc,cpu       ] GC(49) User=0.00s Sys=0.00s Real=0.00s
[2020-09-11T12:16:51.909+0000][1][safepoint    ] Safepoint "GenCollectForAllocation", Time since last: 97240350 ns, Reaching safepoint: 1293122 ns, At safepoint: 3179612 ns, Total: 4472734 ns
[2020-09-11T12:16:52.910+0000][1][safepoint    ] Safepoint "Cleanup", Time since last: 1000075412 ns, Reaching safepoint: 116278 ns, At safepoint: 6578 ns, Total: 122856 ns
[2020-09-11T12:16:53.296+0000][1][gc,start     ] GC(50) Pause Young (Allocation Failure)
[2020-09-11T12:16:53.296+0000][1][gc,task      ] GC(50) Using 1 workers of 1 for evacuation
[2020-09-11T12:16:53.298+0000][1][gc,age       ] GC(50) Desired survivor size 4358144 bytes, new threshold 6 (max threshold 6)
[2020-09-11T12:16:53.298+0000][1][gc,age       ] GC(50) Age table with threshold 6 (max threshold 6)
[2020-09-11T12:16:53.298+0000][1][gc,age       ] GC(50) - age   1:     134208 bytes,     134208 total
[2020-09-11T12:16:53.298+0000][1][gc,heap      ] GC(50) ParNew: 68164K->133K(76672K)
[2020-09-11T12:16:53.298+0000][1][gc,heap      ] GC(50) CMS: 48884K->48884K(439104K)
[2020-09-11T12:16:53.298+0000][1][gc,metaspace ] GC(50) Metaspace: 32381K->32381K(1079296K)
[2020-09-11T12:16:53.298+0000][1][gc           ] GC(50) Pause Young (Allocation Failure) 114M->47M(503M) 2.597ms
[2020-09-11T12:16:53.298+0000][1][gc,cpu       ] GC(50) User=0.00s Sys=0.00s Real=0.00s
[2020-09-11T12:16:53.303+0000][1][safepoint    ] Safepoint "GenCollectForAllocation", Time since last: 382706836 ns, Reaching safepoint: 3259637 ns, At safepoint: 7864486 ns, Total: 11124123 ns
[2020-09-11T12:16:53.625+0000][1][gc,start     ] GC(51) Pause Young (Allocation Failure)
[2020-09-11T12:16:53.625+0000][1][gc,task      ] GC(51) Using 1 workers of 1 for evacuation
[2020-09-11T12:16:53.631+0000][1][gc,age       ] GC(51) Desired survivor size 4358144 bytes, new threshold 6 (max threshold 6)
[2020-09-11T12:16:53.631+0000][1][gc,age       ] GC(51) Age table with threshold 6 (max threshold 6)
[2020-09-11T12:16:53.631+0000][1][gc,age       ] GC(51) - age   1:     546288 bytes,     546288 total
[2020-09-11T12:16:53.631+0000][1][gc,age       ] GC(51) - age   2:      83504 bytes,     629792 total
[2020-09-11T12:16:53.631+0000][1][gc,heap      ] GC(51) ParNew: 68293K->636K(76672K)
[2020-09-11T12:16:53.631+0000][1][gc,heap      ] GC(51) CMS: 48884K->48884K(439104K)
[2020-09-11T12:16:53.631+0000][1][gc,metaspace ] GC(51) Metaspace: 32381K->32381K(1079296K)
[2020-09-11T12:16:53.631+0000][1][gc           ] GC(51) Pause Young (Allocation Failure) 114M->48M(503M) 6.392ms
[2020-09-11T12:16:53.631+0000][1][gc,cpu       ] GC(51) User=0.01s Sys=0.00s Real=0.00s
[2020-09-11T12:16:53.631+0000][1][safepoint    ] Safepoint "GenCollectForAllocation", Time since last: 319988793 ns, Reaching safepoint: 1379246 ns, At safepoint: 6465822 ns, Total: 7845068 ns
[2020-09-11T12:16:53.855+0000][1][gc,start     ] GC(52) Pause Young (Allocation Failure)
[2020-09-11T12:16:53.856+0000][1][gc,task      ] GC(52) Using 1 workers of 1 for evacuation
[2020-09-11T12:16:53.858+0000][1][gc,age       ] GC(52) Desired survivor size 4358144 bytes, new threshold 6 (max threshold 6)
[2020-09-11T12:16:53.858+0000][1][gc,age       ] GC(52) Age table with threshold 6 (max threshold 6)
[2020-09-11T12:16:53.858+0000][1][gc,age       ] GC(52) - age   1:     643024 bytes,     643024 total
[2020-09-11T12:16:53.858+0000][1][gc,age       ] GC(52) - age   2:     374824 bytes,    1017848 total
[2020-09-11T12:16:53.858+0000][1][gc,age       ] GC(52) - age   3:      82904 bytes,    1100752 total
[2020-09-11T12:16:53.858+0000][1][gc,heap      ] GC(52) ParNew: 68796K->1105K(76672K)
[2020-09-11T12:16:53.858+0000][1][gc,heap      ] GC(52) CMS: 48884K->48884K(439104K)
[2020-09-11T12:16:53.858+0000][1][gc,metaspace ] GC(52) Metaspace: 32381K->32381K(1079296K)
[2020-09-11T12:16:53.858+0000][1][gc           ] GC(52) Pause Young (Allocation Failure) 114M->48M(503M) 2.993ms
[2020-09-11T12:16:53.858+0000][1][gc,cpu       ] GC(52) User=0.00s Sys=0.00s Real=0.00s
[2020-09-11T12:16:53.858+0000][1][safepoint    ] Safepoint "GenCollectForAllocation", Time since last: 220157010 ns, Reaching safepoint: 4013284 ns, At safepoint: 3051883 ns, Total: 7065167 ns
[2020-09-11T12:16:54.068+0000][1][gc,start     ] GC(53) Pause Young (Allocation Failure)
[2020-09-11T12:16:54.068+0000][1][gc,task      ] GC(53) Using 1 workers of 1 for evacuation
[2020-09-11T12:16:54.070+0000][1][gc,age       ] GC(53) Desired survivor size 4358144 bytes, new threshold 6 (max threshold 6)
[2020-09-11T12:16:54.070+0000][1][gc,age       ] GC(53) Age table with threshold 6 (max threshold 6)
[2020-09-11T12:16:54.070+0000][1][gc,age       ] GC(53) - age   1:     314416 bytes,     314416 total
[2020-09-11T12:16:54.070+0000][1][gc,age       ] GC(53) - age   2:     626728 bytes,     941144 total
[2020-09-11T12:16:54.070+0000][1][gc,age       ] GC(53) - age   3:     374088 bytes,    1315232 total
[2020-09-11T12:16:54.070+0000][1][gc,age       ] GC(53) - age   4:      82240 bytes,    1397472 total
[2020-09-11T12:16:54.070+0000][1][gc,heap      ] GC(53) ParNew: 69265K->1384K(76672K)
[2020-09-11T12:16:54.070+0000][1][gc,heap      ] GC(53) CMS: 48884K->48884K(439104K)
[2020-09-11T12:16:54.070+0000][1][gc,metaspace ] GC(53) Metaspace: 32381K->32381K(1079296K)
[2020-09-11T12:16:54.070+0000][1][gc           ] GC(53) Pause Young (Allocation Failure) 115M->49M(503M) 2.852ms
[2020-09-11T12:16:54.070+0000][1][gc,cpu       ] GC(53) User=0.01s Sys=0.00s Real=0.00s
[2020-09-11T12:16:54.070+0000][1][safepoint    ] Safepoint "GenCollectForAllocation", Time since last: 208911190 ns, Reaching safepoint: 99305 ns, At safepoint: 2944963 ns, Total: 3044268 ns
[2020-09-11T12:16:54.333+0000][1][gc,start     ] GC(54) Pause Young (Allocation Failure)
[2020-09-11T12:16:54.333+0000][1][gc,task      ] GC(54) Using 1 workers of 1 for evacuation
[2020-09-11T12:16:54.336+0000][1][gc,age       ] GC(54) Desired survivor size 4358144 bytes, new threshold 6 (max threshold 6)
[2020-09-11T12:16:54.336+0000][1][gc,age       ] GC(54) Age table with threshold 6 (max threshold 6)
[2020-09-11T12:16:54.336+0000][1][gc,age       ] GC(54) - age   1:     963632 bytes,     963632 total
[2020-09-11T12:16:54.336+0000][1][gc,age       ] GC(54) - age   2:     302520 bytes,    1266152 total
[2020-09-11T12:16:54.336+0000][1][gc,age       ] GC(54) - age   3:     298064 bytes,    1564216 total
[2020-09-11T12:16:54.336+0000][1][gc,age       ] GC(54) - age   4:     374088 bytes,    1938304 total
[2020-09-11T12:16:54.336+0000][1][gc,age       ] GC(54) - age   5:      82080 bytes,    2020384 total
[2020-09-11T12:16:54.336+0000][1][gc,heap      ] GC(54) ParNew: 69544K->2027K(76672K)
[2020-09-11T12:16:54.336+0000][1][gc,heap      ] GC(54) CMS: 48884K->48884K(439104K)
[2020-09-11T12:16:54.336+0000][1][gc,metaspace ] GC(54) Metaspace: 32381K->32381K(1079296K)
[2020-09-11T12:16:54.336+0000][1][gc           ] GC(54) Pause Young (Allocation Failure) 115M->49M(503M) 2.993ms
[2020-09-11T12:16:54.336+0000][1][gc,cpu       ] GC(54) User=0.00s Sys=0.00s Real=0.01s
[2020-09-11T12:16:54.337+0000][1][safepoint    ] Safepoint "GenCollectForAllocation", Time since last: 262410461 ns, Reaching safepoint: 108170 ns, At safepoint: 3635111 ns, Total: 3743281 ns
[2020-09-11T12:16:54.744+0000][1][gc,start     ] GC(55) Pause Young (Allocation Failure)
[2020-09-11T12:16:54.744+0000][1][gc,task      ] GC(55) Using 1 workers of 1 for evacuation
[2020-09-11T12:16:54.747+0000][1][gc,age       ] GC(55) Desired survivor size 4358144 bytes, new threshold 6 (max threshold 6)
[2020-09-11T12:16:54.747+0000][1][gc,age       ] GC(55) Age table with threshold 6 (max threshold 6)
[2020-09-11T12:16:54.747+0000][1][gc,age       ] GC(55) - age   1:     313528 bytes,     313528 total
[2020-09-11T12:16:54.747+0000][1][gc,age       ] GC(55) - age   2:     952336 bytes,    1265864 total
[2020-09-11T12:16:54.747+0000][1][gc,age       ] GC(55) - age   3:     298208 bytes,    1564072 total
[2020-09-11T12:16:54.747+0000][1][gc,age       ] GC(55) - age   4:     297424 bytes,    1861496 total
[2020-09-11T12:16:54.747+0000][1][gc,age       ] GC(55) - age   5:     373832 bytes,    2235328 total
[2020-09-11T12:16:54.747+0000][1][gc,age       ] GC(55) - age   6:      82056 bytes,    2317384 total
[2020-09-11T12:16:54.747+0000][1][gc,heap      ] GC(55) ParNew: 70187K->2322K(76672K)
[2020-09-11T12:16:54.747+0000][1][gc,heap      ] GC(55) CMS: 48884K->48884K(439104K)
[2020-09-11T12:16:54.747+0000][1][gc,metaspace ] GC(55) Metaspace: 32381K->32381K(1079296K)
[2020-09-11T12:16:54.747+0000][1][gc           ] GC(55) Pause Young (Allocation Failure) 116M->50M(503M) 3.121ms
[2020-09-11T12:16:54.747+0000][1][gc,cpu       ] GC(55) User=0.00s Sys=0.00s Real=0.00s
[2020-09-11T12:16:54.751+0000][1][safepoint    ] Safepoint "GenCollectForAllocation", Time since last: 406807340 ns, Reaching safepoint: 105645 ns, At safepoint: 7924795 ns, Total: 8030440 ns
[2020-09-11T12:16:55.459+0000][1][safepoint    ] Safepoint "Deoptimize", Time since last: 707083278 ns, Reaching safepoint: 134634 ns, At safepoint: 305154 ns, Total: 439788 ns
[2020-09-11T12:16:55.728+0000][1][safepoint    ] Safepoint "CollectForMetadataAllocation", Time since last: 268448622 ns, Reaching safepoint: 128667 ns, At safepoint: 130811 ns, Total: 259478 ns
[2020-09-11T12:16:55.775+0000][1][safepoint    ] Safepoint "CollectForMetadataAllocation", Time since last: 46632345 ns, Reaching safepoint: 104102 ns, At safepoint: 115796 ns, Total: 219898 ns
[2020-09-11T12:16:55.826+0000][1][safepoint    ] Safepoint "CollectForMetadataAllocation", Time since last: 51220613 ns, Reaching safepoint: 119010 ns, At safepoint: 108454 ns, Total: 227464 ns
[2020-09-11T12:16:55.875+0000][1][safepoint    ] Safepoint "CollectForMetadataAllocation", Time since last: 45431390 ns, Reaching safepoint: 3679417 ns, At safepoint: 143308 ns, Total: 3822725 ns
[2020-09-11T12:16:55.924+0000][1][safepoint    ] Safepoint "CollectForMetadataAllocation", Time since last: 43153842 ns, Reaching safepoint: 5049721 ns, At safepoint: 134824 ns, Total: 5184545 ns
[2020-09-11T12:16:56.021+0000][1][gc,start     ] GC(56) Pause Young (Allocation Failure)
[2020-09-11T12:16:56.021+0000][1][gc,task      ] GC(56) Using 1 workers of 1 for evacuation
[2020-09-11T12:16:56.039+0000][1][gc,age       ] GC(56) Desired survivor size 4358144 bytes, new threshold 6 (max threshold 6)
[2020-09-11T12:16:56.039+0000][1][gc,age       ] GC(56) Age table with threshold 6 (max threshold 6)
[2020-09-11T12:16:56.039+0000][1][gc,age       ] GC(56) - age   1:    1334904 bytes,    1334904 total
[2020-09-11T12:16:56.039+0000][1][gc,age       ] GC(56) - age   2:     301656 bytes,    1636560 total
[2020-09-11T12:16:56.039+0000][1][gc,age       ] GC(56) - age   3:     951640 bytes,    2588200 total
[2020-09-11T12:16:56.039+0000][1][gc,age       ] GC(56) - age   4:     297792 bytes,    2885992 total
[2020-09-11T12:16:56.039+0000][1][gc,age       ] GC(56) - age   5:     297304 bytes,    3183296 total
[2020-09-11T12:16:56.039+0000][1][gc,age       ] GC(56) - age   6:     373832 bytes,    3557128 total
[2020-09-11T12:16:56.039+0000][1][gc,heap      ] GC(56) ParNew: 70482K->3609K(76672K)
[2020-09-11T12:16:56.039+0000][1][gc,heap      ] GC(56) CMS: 48884K->48962K(439104K)
[2020-09-11T12:16:56.039+0000][1][gc,metaspace ] GC(56) Metaspace: 36136K->36136K(1083392K)
[2020-09-11T12:16:56.039+0000][1][gc           ] GC(56) Pause Young (Allocation Failure) 116M->51M(503M) 18.849ms
[2020-09-11T12:16:56.039+0000][1][gc,cpu       ] GC(56) User=0.01s Sys=0.00s Real=0.02s
[2020-09-11T12:16:56.055+0000][1][safepoint    ] Safepoint "GenCollectForAllocation", Time since last: 96887960 ns, Reaching safepoint: 94582 ns, At safepoint: 34889045 ns, Total: 34983627 ns
[2020-09-11T12:16:56.064+0000][1][gc,start     ] GC(57) Pause Initial Mark
[2020-09-11T12:16:56.066+0000][1][gc           ] GC(57) Pause Initial Mark 52M->52M(503M) 2.107ms
[2020-09-11T12:16:56.066+0000][1][gc,cpu       ] GC(57) User=0.00s Sys=0.00s Real=0.00s
[2020-09-11T12:16:56.085+0000][1][safepoint    ] Safepoint "CMS_Initial_Mark", Time since last: 8268777 ns, Reaching safepoint: 258074 ns, At safepoint: 21162617 ns, Total: 21420691 ns
[2020-09-11T12:16:56.085+0000][1][gc           ] GC(57) Concurrent Mark
[2020-09-11T12:16:56.104+0000][1][safepoint    ] Safepoint "CollectForMetadataAllocation", Time since last: 10315591 ns, Reaching safepoint: 8074685 ns, At safepoint: 135058 ns, Total: 8209743 ns
[2020-09-11T12:16:56.350+0000][1][gc           ] GC(57) Concurrent Mark 264.328ms
[2020-09-11T12:16:56.350+0000][1][gc,cpu       ] GC(57) User=0.13s Sys=0.00s Real=0.26s
[2020-09-11T12:16:56.350+0000][1][gc           ] GC(57) Concurrent Preclean
[2020-09-11T12:16:56.350+0000][1][gc           ] GC(57) Concurrent Preclean 0.697ms
[2020-09-11T12:16:56.350+0000][1][gc,cpu       ] GC(57) User=0.00s Sys=0.00s Real=0.00s
[2020-09-11T12:16:56.350+0000][1][gc           ] GC(57) Concurrent Abortable Preclean
[2020-09-11T12:16:56.560+0000][1][gc,start     ] GC(58) Pause Young (Allocation Failure)
[2020-09-11T12:16:56.560+0000][1][gc,task      ] GC(58) Using 1 workers of 1 for evacuation
[2020-09-11T12:16:56.574+0000][1][gc,age       ] GC(58) Desired survivor size 4358144 bytes, new threshold 6 (max threshold 6)
[2020-09-11T12:16:56.574+0000][1][gc,age       ] GC(58) Age table with threshold 6 (max threshold 6)
[2020-09-11T12:16:56.574+0000][1][gc,age       ] GC(58) - age   1:     209776 bytes,     209776 total
[2020-09-11T12:16:56.574+0000][1][gc,age       ] GC(58) - age   2:    1307080 bytes,    1516856 total
[2020-09-11T12:16:56.574+0000][1][gc,age       ] GC(58) - age   3:     301656 bytes,    1818512 total
[2020-09-11T12:16:56.574+0000][1][gc,age       ] GC(58) - age   4:     951640 bytes,    2770152 total
[2020-09-11T12:16:56.574+0000][1][gc,age       ] GC(58) - age   5:     297792 bytes,    3067944 total
[2020-09-11T12:16:56.574+0000][1][gc,age       ] GC(58) - age   6:     297304 bytes,    3365248 total
[2020-09-11T12:16:56.574+0000][1][gc,heap      ] GC(58) ParNew: 71769K->3662K(76672K)
[2020-09-11T12:16:56.574+0000][1][gc,heap      ] GC(58) CMS: 48962K->49327K(439104K)
[2020-09-11T12:16:56.574+0000][1][gc,metaspace ] GC(58) Metaspace: 36156K->36156K(1083392K)
[2020-09-11T12:16:56.575+0000][1][gc           ] GC(58) Pause Young (Allocation Failure) 117M->51M(503M) 14.886ms
[2020-09-11T12:16:56.575+0000][1][gc,cpu       ] GC(58) User=0.01s Sys=0.00s Real=0.01s
[2020-09-11T12:16:56.595+0000][1][safepoint    ] Safepoint "GenCollectForAllocation", Time since last: 455867246 ns, Reaching safepoint: 112842 ns, At safepoint: 35117983 ns, Total: 35230825 ns
[2020-09-11T12:16:57.124+0000][1][safepoint    ] Safepoint "CollectForMetadataAllocation", Time since last: 528687220 ns, Reaching safepoint: 114628 ns, At safepoint: 116278 ns, Total: 230906 ns
[2020-09-11T12:16:57.486+0000][1][safepoint    ] Safepoint "ICBufferFull", Time since last: 362465714 ns, Reaching safepoint: 189790 ns, At safepoint: 8804 ns, Total: 198594 ns
[2020-09-11T12:16:57.486+0000][1][gc           ] GC(57) Concurrent Abortable Preclean 1136.092ms
[2020-09-11T12:16:57.486+0000][1][gc,cpu       ] GC(57) User=0.56s Sys=0.00s Real=1.14s
[2020-09-11T12:16:57.487+0000][1][gc,start     ] GC(57) Pause Remark
[2020-09-11T12:16:57.533+0000][1][gc           ] GC(57) Pause Remark 88M->88M(503M) 46.507ms
[2020-09-11T12:16:57.533+0000][1][gc,cpu       ] GC(57) User=0.02s Sys=0.00s Real=0.04s
[2020-09-11T12:16:57.554+0000][1][safepoint    ] Safepoint "CMS_Final_Remark", Time since last: 77914 ns, Reaching safepoint: 84824 ns, At safepoint: 67155705 ns, Total: 67240529 ns
[2020-09-11T12:16:57.554+0000][1][gc           ] GC(57) Concurrent Sweep
[2020-09-11T12:16:57.609+0000][1][gc           ] GC(57) Concurrent Sweep 54.914ms
[2020-09-11T12:16:57.609+0000][1][gc,cpu       ] GC(57) User=0.03s Sys=0.00s Real=0.06s
[2020-09-11T12:16:57.609+0000][1][gc           ] GC(57) Concurrent Reset
[2020-09-11T12:16:57.609+0000][1][gc           ] GC(57) Concurrent Reset 0.637ms
[2020-09-11T12:16:57.609+0000][1][gc,cpu       ] GC(57) User=0.00s Sys=0.00s Real=0.00s
[2020-09-11T12:16:57.609+0000][1][gc,heap      ] GC(57) Old: 48962K->48246K(439104K)
[2020-09-11T12:16:58.696+0000][1][safepoint    ] Safepoint "Cleanup", Time since last: 1141814096 ns, Reaching safepoint: 512803 ns, At safepoint: 10719 ns, Total: 523522 ns
[2020-09-11T12:16:59.032+0000][1][gc,start     ] GC(59) Pause Young (Allocation Failure)
[2020-09-11T12:16:59.032+0000][1][gc,task      ] GC(59) Using 1 workers of 1 for evacuation
[2020-09-11T12:16:59.055+0000][1][gc,age       ] GC(59) Desired survivor size 4358144 bytes, new threshold 4 (max threshold 6)
[2020-09-11T12:16:59.055+0000][1][gc,age       ] GC(59) Age table with threshold 4 (max threshold 6)
[2020-09-11T12:16:59.055+0000][1][gc,age       ] GC(59) - age   1:    2650912 bytes,    2650912 total
[2020-09-11T12:16:59.055+0000][1][gc,age       ] GC(59) - age   2:     165600 bytes,    2816512 total
[2020-09-11T12:16:59.055+0000][1][gc,age       ] GC(59) - age   3:    1302848 bytes,    4119360 total
[2020-09-11T12:16:59.055+0000][1][gc,age       ] GC(59) - age   4:     301656 bytes,    4421016 total
[2020-09-11T12:16:59.055+0000][1][gc,age       ] GC(59) - age   5:     951640 bytes,    5372656 total
[2020-09-11T12:16:59.055+0000][1][gc,age       ] GC(59) - age   6:     297792 bytes,    5670448 total
[2020-09-11T12:16:59.055+0000][1][gc,heap      ] GC(59) ParNew: 71822K->6630K(76672K)
[2020-09-11T12:16:59.055+0000][1][gc,heap      ] GC(59) CMS: 48246K->48537K(439104K)
[2020-09-11T12:16:59.055+0000][1][gc,metaspace ] GC(59) Metaspace: 41804K->41804K(1087488K)
[2020-09-11T12:16:59.055+0000][1][gc           ] GC(59) Pause Young (Allocation Failure) 117M->53M(503M) 23.302ms
[2020-09-11T12:16:59.055+0000][1][gc,cpu       ] GC(59) User=0.02s Sys=0.00s Real=0.02s
[2020-09-11T12:16:59.067+0000][1][safepoint    ] Safepoint "GenCollectForAllocation", Time since last: 335441483 ns, Reaching safepoint: 111429 ns, At safepoint: 35243626 ns, Total: 35355055 ns
[2020-09-11T12:17:00.077+0000][1][safepoint    ] Safepoint "Cleanup", Time since last: 1009704418 ns, Reaching safepoint: 525254 ns, At safepoint: 7306 ns, Total: 532560 ns
[2020-09-11T12:17:01.083+0000][1][safepoint    ] Safepoint "Cleanup", Time since last: 1000105665 ns, Reaching safepoint: 6338052 ns, At safepoint: 13526 ns, Total: 6351578 ns
[2020-09-11T12:17:03.088+0000][1][safepoint    ] Safepoint "Cleanup", Time since last: 2004013079 ns, Reaching safepoint: 118909 ns, At safepoint: 6560 ns, Total: 125469 ns
[2020-09-11T12:17:03.753+0000][1][gc,start     ] GC(60) Pause Young (Allocation Failure)
[2020-09-11T12:17:03.753+0000][1][gc,task      ] GC(60) Using 1 workers of 1 for evacuation
[2020-09-11T12:17:03.792+0000][1][gc,age       ] GC(60) Desired survivor size 4358144 bytes, new threshold 2 (max threshold 6)
[2020-09-11T12:17:03.792+0000][1][gc,age       ] GC(60) Age table with threshold 2 (max threshold 6)
[2020-09-11T12:17:03.792+0000][1][gc,age       ] GC(60) - age   1:    2657616 bytes,    2657616 total
[2020-09-11T12:17:03.792+0000][1][gc,age       ] GC(60) - age   2:    2565552 bytes,    5223168 total
[2020-09-11T12:17:03.792+0000][1][gc,age       ] GC(60) - age   3:     165600 bytes,    5388768 total
[2020-09-11T12:17:03.792+0000][1][gc,age       ] GC(60) - age   4:    1302648 bytes,    6691416 total
[2020-09-11T12:17:03.792+0000][1][gc,heap      ] GC(60) ParNew: 74790K->8512K(76672K)
[2020-09-11T12:17:03.792+0000][1][gc,heap      ] GC(60) CMS: 48537K->50051K(439104K)
[2020-09-11T12:17:03.792+0000][1][gc,metaspace ] GC(60) Metaspace: 47364K->47364K(1093632K)
[2020-09-11T12:17:03.792+0000][1][gc           ] GC(60) Pause Young (Allocation Failure) 120M->57M(503M) 39.049ms
[2020-09-11T12:17:03.792+0000][1][gc,cpu       ] GC(60) User=0.02s Sys=0.00s Real=0.04s
[2020-09-11T12:17:03.799+0000][1][safepoint    ] Safepoint "GenCollectForAllocation", Time since last: 664967785 ns, Reaching safepoint: 125352 ns, At safepoint: 46721040 ns, Total: 46846392 ns
[2020-09-11T12:17:04.080+0000][1][safepoint    ] Safepoint "RevokeBias", Time since last: 280904879 ns, Reaching safepoint: 116665 ns, At safepoint: 31443 ns, Total: 148108 ns
[2020-09-11T12:17:04.096+0000][1][safepoint    ] Safepoint "RevokeBias", Time since last: 14932871 ns, Reaching safepoint: 101697 ns, At safepoint: 39905 ns, Total: 141602 ns
[2020-09-11T12:17:04.680+0000][1][safepoint    ] Safepoint "RevokeBias", Time since last: 575657099 ns, Reaching safepoint: 8514339 ns, At safepoint: 32955 ns, Total: 8547294 ns
[2020-09-11T12:17:04.680+0000][1][safepoint    ] Safepoint "RevokeBias", Time since last: 95950 ns, Reaching safepoint: 83551 ns, At safepoint: 16463 ns, Total: 100014 ns
[2020-09-11T12:17:04.680+0000][1][safepoint    ] Safepoint "RevokeBias", Time since last: 173602 ns, Reaching safepoint: 81520 ns, At safepoint: 15451 ns, Total: 96971 ns
[2020-09-11T12:17:04.680+0000][1][safepoint    ] Safepoint "RevokeBias", Time since last: 38295 ns, Reaching safepoint: 79864 ns, At safepoint: 16772 ns, Total: 96636 ns
[2020-09-11T12:17:04.828+0000][1][safepoint    ] Safepoint "RevokeBias", Time since last: 147181354 ns, Reaching safepoint: 642152 ns, At safepoint: 37946 ns, Total: 680098 ns
[2020-09-11T12:17:04.830+0000][1][safepoint    ] Safepoint "RevokeBias", Time since last: 1492996 ns, Reaching safepoint: 94823 ns, At safepoint: 35285 ns, Total: 130108 ns
[2020-09-11T12:17:04.830+0000][1][safepoint    ] Safepoint "RevokeBias", Time since last: 115545 ns, Reaching safepoint: 82224 ns, At safepoint: 22042 ns, Total: 104266 ns
[2020-09-11T12:17:04.832+0000][1][safepoint    ] Safepoint "BulkRevokeBias", Time since last: 1412308 ns, Reaching safepoint: 92933 ns, At safepoint: 73054 ns, Total: 165987 ns
[2020-09-11T12:17:04.852+0000][1][safepoint    ] Safepoint "RevokeBias", Time since last: 11796170 ns, Reaching safepoint: 8333930 ns, At safepoint: 30299 ns, Total: 8364229 ns
[2020-09-11T12:17:04.853+0000][1][safepoint    ] Safepoint "RevokeBias", Time since last: 900091 ns, Reaching safepoint: 90221 ns, At safepoint: 23835 ns, Total: 114056 ns
[2020-09-11T12:17:04.853+0000][1][safepoint    ] Safepoint "RevokeBias", Time since last: 44880 ns, Reaching safepoint: 82800 ns, At safepoint: 19251 ns, Total: 102051 ns
[2020-09-11T12:17:04.853+0000][1][safepoint    ] Safepoint "RevokeBias", Time since last: 30354 ns, Reaching safepoint: 82981 ns, At safepoint: 21717 ns, Total: 104698 ns
[2020-09-11T12:17:04.853+0000][1][safepoint    ] Safepoint "RevokeBias", Time since last: 40842 ns, Reaching safepoint: 82673 ns, At safepoint: 21410 ns, Total: 104083 ns
[2020-09-11T12:17:04.856+0000][1][safepoint    ] Safepoint "RevokeBias", Time since last: 29101 ns, Reaching safepoint: 2185257 ns, At safepoint: 40363 ns, Total: 2225620 ns
[2020-09-11T12:17:04.856+0000][1][safepoint    ] Safepoint "RevokeBias", Time since last: 64379 ns, Reaching safepoint: 82834 ns, At safepoint: 24511 ns, Total: 107345 ns
[2020-09-11T12:17:04.856+0000][1][safepoint    ] Safepoint "RevokeBias", Time since last: 53548 ns, Reaching safepoint: 81002 ns, At safepoint: 21170 ns, Total: 102172 ns
[2020-09-11T12:17:04.856+0000][1][safepoint    ] Safepoint "RevokeBias", Time since last: 29665 ns, Reaching safepoint: 80065 ns, At safepoint: 19629 ns, Total: 99694 ns
[2020-09-11T12:17:04.856+0000][1][safepoint    ] Safepoint "RevokeBias", Time since last: 27959 ns, Reaching safepoint: 80907 ns, At safepoint: 21025 ns, Total: 101932 ns
[2020-09-11T12:17:04.856+0000][1][safepoint    ] Safepoint "RevokeBias", Time since last: 28536 ns, Reaching safepoint: 80232 ns, At safepoint: 20195 ns, Total: 100427 ns
[2020-09-11T12:17:04.856+0000][1][safepoint    ] Safepoint "RevokeBias", Time since last: 30077 ns, Reaching safepoint: 80358 ns, At safepoint: 18916 ns, Total: 99274 ns
[2020-09-11T12:17:04.856+0000][1][safepoint    ] Safepoint "RevokeBias", Time since last: 28452 ns, Reaching safepoint: 79275 ns, At safepoint: 18378 ns, Total: 97653 ns
[2020-09-11T12:17:04.857+0000][1][safepoint    ] Safepoint "RevokeBias", Time since last: 77761 ns, Reaching safepoint: 84181 ns, At safepoint: 20384 ns, Total: 104565 ns
[2020-09-11T12:17:04.857+0000][1][safepoint    ] Safepoint "RevokeBias", Time since last: 40952 ns, Reaching safepoint: 84456 ns, At safepoint: 21545 ns, Total: 106001 ns
[2020-09-11T12:17:04.861+0000][1][safepoint    ] Safepoint "RevokeBias", Time since last: 4110532 ns, Reaching safepoint: 91911 ns, At safepoint: 23930 ns, Total: 115841 ns
[2020-09-11T12:17:04.862+0000][1][safepoint    ] Safepoint "RevokeBias", Time since last: 574719 ns, Reaching safepoint: 87033 ns, At safepoint: 23217 ns, Total: 110250 ns
[2020-09-11T12:17:04.862+0000][1][safepoint    ] Safepoint "RevokeBias", Time since last: 135286 ns, Reaching safepoint: 85079 ns, At safepoint: 21717 ns, Total: 106796 ns
[2020-09-11T12:17:04.862+0000][1][safepoint    ] Safepoint "RevokeBias", Time since last: 33412 ns, Reaching safepoint: 81354 ns, At safepoint: 19388 ns, Total: 100742 ns
[2020-09-11T12:17:04.862+0000][1][safepoint    ] Safepoint "RevokeBias", Time since last: 28791 ns, Reaching safepoint: 82258 ns, At safepoint: 24786 ns, Total: 107044 ns
[2020-09-11T12:17:04.862+0000][1][safepoint    ] Safepoint "RevokeBias", Time since last: 27848 ns, Reaching safepoint: 80851 ns, At safepoint: 22197 ns, Total: 103048 ns
[2020-09-11T12:17:04.864+0000][1][safepoint    ] Safepoint "RevokeBias", Time since last: 1063603 ns, Reaching safepoint: 83415 ns, At safepoint: 21189 ns, Total: 104604 ns
[2020-09-11T12:17:04.864+0000][1][safepoint    ] Safepoint "RevokeBias", Time since last: 32021 ns, Reaching safepoint: 80837 ns, At safepoint: 18797 ns, Total: 99634 ns
[2020-09-11T12:17:04.864+0000][1][safepoint    ] Safepoint "RevokeBias", Time since last: 30173 ns, Reaching safepoint: 80431 ns, At safepoint: 18997 ns, Total: 99428 ns
[2020-09-11T12:17:04.864+0000][1][safepoint    ] Safepoint "BulkRevokeBias", Time since last: 26577 ns, Reaching safepoint: 81976 ns, At safepoint: 77488 ns, Total: 159464 ns
[2020-09-11T12:17:04.864+0000][1][safepoint    ] Safepoint "RevokeBias", Time since last: 61179 ns, Reaching safepoint: 88102 ns, At safepoint: 38554 ns, Total: 126656 ns
[2020-09-11T12:17:04.864+0000][1][safepoint    ] Safepoint "RevokeBias", Time since last: 38370 ns, Reaching safepoint: 82970 ns, At safepoint: 21865 ns, Total: 104835 ns
[2020-09-11T12:17:04.885+0000][1][safepoint    ] Safepoint "RevokeBias", Time since last: 20095700 ns, Reaching safepoint: 105923 ns, At safepoint: 31847 ns, Total: 137770 ns
[2020-09-11T12:17:04.885+0000][1][safepoint    ] Safepoint "RevokeBias", Time since last: 644590 ns, Reaching safepoint: 28885 ns, At safepoint: 47970 ns, Total: 76855 ns
[2020-09-11T12:17:04.885+0000][1][safepoint    ] Safepoint "RevokeBias", Time since last: 80749 ns, Reaching safepoint: 24079 ns, At safepoint: 29514 ns, Total: 53593 ns
[2020-09-11T12:17:04.885+0000][1][safepoint    ] Safepoint "RevokeBias", Time since last: 46397 ns, Reaching safepoint: 20153 ns, At safepoint: 26953 ns, Total: 47106 ns
[2020-09-11T12:17:04.886+0000][1][safepoint    ] Safepoint "RevokeBias", Time since last: 129580 ns, Reaching safepoint: 17174 ns, At safepoint: 26773 ns, Total: 43947 ns
[2020-09-11T12:17:04.886+0000][1][safepoint    ] Safepoint "RevokeBias", Time since last: 32663 ns, Reaching safepoint: 15330 ns, At safepoint: 14306 ns, Total: 29636 ns
[2020-09-11T12:17:04.886+0000][1][safepoint    ] Safepoint "RevokeBias", Time since last: 26977 ns, Reaching safepoint: 12937 ns, At safepoint: 13092 ns, Total: 26029 ns
[2020-09-11T12:17:04.886+0000][1][safepoint    ] Safepoint "RevokeBias", Time since last: 26337 ns, Reaching safepoint: 12022 ns, At safepoint: 12400 ns, Total: 24422 ns
[2020-09-11T12:17:04.886+0000][1][safepoint    ] Safepoint "RevokeBias", Time since last: 26349 ns, Reaching safepoint: 12051 ns, At safepoint: 12099 ns, Total: 24150 ns
[2020-09-11T12:17:04.886+0000][1][safepoint    ] Safepoint "RevokeBias", Time since last: 25518 ns, Reaching safepoint: 12161 ns, At safepoint: 12388 ns, Total: 24549 ns
[2020-09-11T12:17:04.886+0000][1][safepoint    ] Safepoint "RevokeBias", Time since last: 224976 ns, Reaching safepoint: 15569 ns, At safepoint: 17157 ns, Total: 32726 ns
[2020-09-11T12:17:04.886+0000][1][safepoint    ] Safepoint "RevokeBias", Time since last: 28102 ns, Reaching safepoint: 11985 ns, At safepoint: 14746 ns, Total: 26731 ns
[2020-09-11T12:17:04.886+0000][1][safepoint    ] Safepoint "RevokeBias", Time since last: 25557 ns, Reaching safepoint: 11670 ns, At safepoint: 14295 ns, Total: 25965 ns
[2020-09-11T12:17:04.886+0000][1][safepoint    ] Safepoint "RevokeBias", Time since last: 25317 ns, Reaching safepoint: 11628 ns, At safepoint: 14147 ns, Total: 25775 ns
[2020-09-11T12:17:04.886+0000][1][safepoint    ] Safepoint "RevokeBias", Time since last: 27053 ns, Reaching safepoint: 11762 ns, At safepoint: 14391 ns, Total: 26153 ns
[2020-09-11T12:17:04.886+0000][1][safepoint    ] Safepoint "RevokeBias", Time since last: 24945 ns, Reaching safepoint: 11631 ns, At safepoint: 14175 ns, Total: 25806 ns
[2020-09-11T12:17:04.886+0000][1][safepoint    ] Safepoint "RevokeBias", Time since last: 24799 ns, Reaching safepoint: 11592 ns, At safepoint: 14023 ns, Total: 25615 ns
[2020-09-11T12:17:04.887+0000][1][safepoint    ] Safepoint "RevokeBias", Time since last: 24860 ns, Reaching safepoint: 11549 ns, At safepoint: 14087 ns, Total: 25636 ns
[2020-09-11T12:17:04.887+0000][1][safepoint    ] Safepoint "RevokeBias", Time since last: 25200 ns, Reaching safepoint: 11678 ns, At safepoint: 13952 ns, Total: 25630 ns
[2020-09-11T12:17:04.887+0000][1][safepoint    ] Safepoint "RevokeBias", Time since last: 24531 ns, Reaching safepoint: 11589 ns, At safepoint: 14159 ns, Total: 25748 ns
[2020-09-11T12:17:04.887+0000][1][safepoint    ] Safepoint "RevokeBias", Time since last: 25437 ns, Reaching safepoint: 11569 ns, At safepoint: 13937 ns, Total: 25506 ns
[2020-09-11T12:17:04.887+0000][1][safepoint    ] Safepoint "RevokeBias", Time since last: 25277 ns, Reaching safepoint: 11640 ns, At safepoint: 21702 ns, Total: 33342 ns
[2020-09-11T12:17:04.887+0000][1][safepoint    ] Safepoint "RevokeBias", Time since last: 21510 ns, Reaching safepoint: 11531 ns, At safepoint: 21048 ns, Total: 32579 ns
[2020-09-11T12:17:04.887+0000][1][safepoint    ] Safepoint "BulkRevokeBias", Time since last: 21872 ns, Reaching safepoint: 11477 ns, At safepoint: 75537 ns, Total: 87014 ns
[2020-09-11T12:17:04.892+0000][1][safepoint    ] Safepoint "RevokeBias", Time since last: 5060441 ns, Reaching safepoint: 21478 ns, At safepoint: 35591 ns, Total: 57069 ns
[2020-09-11T12:17:04.892+0000][1][safepoint    ] Safepoint "RevokeBias", Time since last: 77698 ns, Reaching safepoint: 15578 ns, At safepoint: 28783 ns, Total: 44361 ns
[2020-09-11T12:17:04.892+0000][1][safepoint    ] Safepoint "RevokeBias", Time since last: 118899 ns, Reaching safepoint: 15803 ns, At safepoint: 26759 ns, Total: 42562 ns
[2020-09-11T12:17:04.892+0000][1][safepoint    ] Safepoint "RevokeBias", Time since last: 38462 ns, Reaching safepoint: 12655 ns, At safepoint: 25328 ns, Total: 37983 ns
[2020-09-11T12:17:04.892+0000][1][safepoint    ] Safepoint "RevokeBias", Time since last: 33061 ns, Reaching safepoint: 12210 ns, At safepoint: 24083 ns, Total: 36293 ns
[2020-09-11T12:17:04.893+0000][1][safepoint    ] Safepoint "RevokeBias", Time since last: 22080 ns, Reaching safepoint: 11227 ns, At safepoint: 24145 ns, Total: 35372 ns
[2020-09-11T12:17:04.893+0000][1][safepoint    ] Safepoint "RevokeBias", Time since last: 192225 ns, Reaching safepoint: 12681 ns, At safepoint: 25342 ns, Total: 38023 ns
[2020-09-11T12:17:04.893+0000][1][safepoint    ] Safepoint "RevokeBias", Time since last: 102918 ns, Reaching safepoint: 12071 ns, At safepoint: 24532 ns, Total: 36603 ns
[2020-09-11T12:17:04.897+0000][1][safepoint    ] Safepoint "RevokeBias", Time since last: 86802 ns, Reaching safepoint: 12631 ns, At safepoint: 4149498 ns, Total: 4162129 ns
[2020-09-11T12:17:04.897+0000][1][safepoint    ] Safepoint "RevokeBias", Time since last: 42757 ns, Reaching safepoint: 21947 ns, At safepoint: 37924 ns, Total: 59871 ns
[2020-09-11T12:17:04.898+0000][1][safepoint    ] Safepoint "RevokeBias", Time since last: 258981 ns, Reaching safepoint: 17573 ns, At safepoint: 34030 ns, Total: 51603 ns
[2020-09-11T12:17:04.898+0000][1][safepoint    ] Safepoint "RevokeBias", Time since last: 406731 ns, Reaching safepoint: 17228 ns, At safepoint: 32337 ns, Total: 49565 ns
[2020-09-11T12:17:04.898+0000][1][safepoint    ] Safepoint "RevokeBias", Time since last: 71447 ns, Reaching safepoint: 24250 ns, At safepoint: 31786 ns, Total: 56036 ns
[2020-09-11T12:17:04.898+0000][1][safepoint    ] Safepoint "BulkRevokeBias", Time since last: 208742 ns, Reaching safepoint: 14625 ns, At safepoint: 70125 ns, Total: 84750 ns
[2020-09-11T12:17:04.916+0000][1][safepoint    ] Safepoint "RevokeBias", Time since last: 16996332 ns, Reaching safepoint: 117149 ns, At safepoint: 51607 ns, Total: 168756 ns
[2020-09-11T12:17:04.916+0000][1][safepoint    ] Safepoint "RevokeBias", Time since last: 762293 ns, Reaching safepoint: 106864 ns, At safepoint: 34006 ns, Total: 140870 ns
[2020-09-11T12:17:04.917+0000][1][safepoint    ] Safepoint "RevokeBias", Time since last: 44040 ns, Reaching safepoint: 127311 ns, At safepoint: 53353 ns, Total: 180664 ns
[2020-09-11T12:17:05.262+0000][1][safepoint    ] Safepoint "RevokeBias", Time since last: 345339077 ns, Reaching safepoint: 115878 ns, At safepoint: 12735 ns, Total: 128613 ns
[2020-09-11T12:17:05.262+0000][1][safepoint    ] Safepoint "RevokeBias", Time since last: 150904 ns, Reaching safepoint: 81304 ns, At safepoint: 8163 ns, Total: 89467 ns
[2020-09-11T12:17:05.263+0000][1][safepoint    ] Safepoint "RevokeBias", Time since last: 165699 ns, Reaching safepoint: 80433 ns, At safepoint: 7697 ns, Total: 88130 ns
[2020-09-11T12:17:05.263+0000][1][safepoint    ] Safepoint "RevokeBias", Time since last: 51507 ns, Reaching safepoint: 80066 ns, At safepoint: 7815 ns, Total: 87881 ns
[2020-09-11T12:17:05.680+0000][1][gc,start     ] GC(61) Pause Young (Allocation Failure)
[2020-09-11T12:17:05.680+0000][1][gc,task      ] GC(61) Using 1 workers of 1 for evacuation
[2020-09-11T12:17:05.825+0000][1][gc,age       ] GC(61) Desired survivor size 4358144 bytes, new threshold 2 (max threshold 6)
[2020-09-11T12:17:05.825+0000][1][gc,age       ] GC(61) Age table with threshold 2 (max threshold 6)
[2020-09-11T12:17:05.825+0000][1][gc,age       ] GC(61) - age   1:    2252928 bytes,    2252928 total
[2020-09-11T12:17:05.825+0000][1][gc,age       ] GC(61) - age   2:    2590840 bytes,    4843768 total
[2020-09-11T12:17:05.825+0000][1][gc,heap      ] GC(61) ParNew: 76672K->6077K(76672K)
[2020-09-11T12:17:05.825+0000][1][gc,heap      ] GC(61) CMS: 50051K->54070K(439104K)
[2020-09-11T12:17:05.825+0000][1][gc,metaspace ] GC(61) Metaspace: 52404K->52404K(1097728K)
[2020-09-11T12:17:05.825+0000][1][gc           ] GC(61) Pause Young (Allocation Failure) 123M->58M(503M) 144.585ms
[2020-09-11T12:17:05.825+0000][1][gc,cpu       ] GC(61) User=0.08s Sys=0.00s Real=0.15s
[2020-09-11T12:17:05.825+0000][1][safepoint    ] Safepoint "GenCollectForAllocation", Time since last: 417252785 ns, Reaching safepoint: 132621 ns, At safepoint: 144730183 ns, Total: 144862804 ns
[2020-09-11T12:17:05.936+0000][1][safepoint    ] Safepoint "RevokeBias", Time since last: 110464492 ns, Reaching safepoint: 371675 ns, At safepoint: 15742 ns, Total: 387417 ns
[2020-09-11T12:17:05.936+0000][1][safepoint    ] Safepoint "RevokeBias", Time since last: 62069 ns, Reaching safepoint: 11582 ns, At safepoint: 8732 ns, Total: 20314 ns
[2020-09-11T12:17:05.936+0000][1][safepoint    ] Safepoint "RevokeBias", Time since last: 29309 ns, Reaching safepoint: 9941 ns, At safepoint: 8093 ns, Total: 18034 ns
[2020-09-11T12:17:05.936+0000][1][safepoint    ] Safepoint "RevokeBias", Time since last: 25368 ns, Reaching safepoint: 9577 ns, At safepoint: 7324 ns, Total: 16901 ns
[2020-09-11T12:17:05.936+0000][1][safepoint    ] Safepoint "RevokeBias", Time since last: 30470 ns, Reaching safepoint: 9552 ns, At safepoint: 7278 ns, Total: 16830 ns
[2020-09-11T12:17:05.936+0000][1][safepoint    ] Safepoint "RevokeBias", Time since last: 24945 ns, Reaching safepoint: 9458 ns, At safepoint: 7123 ns, Total: 16581 ns
[2020-09-11T12:17:07.002+0000][1][safepoint    ] Safepoint "Cleanup", Time since last: 1064803649 ns, Reaching safepoint: 1234927 ns, At safepoint: 9071 ns, Total: 1243998 ns
[2020-09-11T12:17:08.003+0000][1][safepoint    ] Safepoint "Cleanup", Time since last: 1000108136 ns, Reaching safepoint: 430781 ns, At safepoint: 8780 ns, Total: 439561 ns
[2020-09-11T12:17:08.256+0000][1][gc,start     ] GC(62) Pause Young (Allocation Failure)
[2020-09-11T12:17:08.256+0000][1][gc,task      ] GC(62) Using 1 workers of 1 for evacuation
[2020-09-11T12:17:08.338+0000][1][gc,age       ] GC(62) Desired survivor size 4358144 bytes, new threshold 6 (max threshold 6)
[2020-09-11T12:17:08.338+0000][1][gc,age       ] GC(62) Age table with threshold 6 (max threshold 6)
[2020-09-11T12:17:08.338+0000][1][gc,age       ] GC(62) - age   1:    1529800 bytes,    1529800 total
[2020-09-11T12:17:08.338+0000][1][gc,age       ] GC(62) - age   2:    2210384 bytes,    3740184 total
[2020-09-11T12:17:08.338+0000][1][gc,heap      ] GC(62) ParNew: 74237K->5067K(76672K)
[2020-09-11T12:17:08.338+0000][1][gc,heap      ] GC(62) CMS: 54070K->56707K(439104K)
[2020-09-11T12:17:08.338+0000][1][gc,metaspace ] GC(62) Metaspace: 59991K->59991K(1103872K)
[2020-09-11T12:17:08.338+0000][1][gc           ] GC(62) Pause Young (Allocation Failure) 125M->60M(503M) 82.182ms
[2020-09-11T12:17:08.338+0000][1][gc,cpu       ] GC(62) User=0.04s Sys=0.00s Real=0.08s
[2020-09-11T12:17:08.347+0000][1][safepoint    ] Safepoint "GenCollectForAllocation", Time since last: 252791898 ns, Reaching safepoint: 130241 ns, At safepoint: 91886380 ns, Total: 92016621 ns
[2020-09-11T12:17:08.448+0000][1][safepoint    ] Safepoint "CollectForMetadataAllocation", Time since last: 99425897 ns, Reaching safepoint: 902748 ns, At safepoint: 128868 ns, Total: 1031616 ns
[2020-09-11T12:17:08.576+0000][1][safepoint    ] Safepoint "CollectForMetadataAllocation", Time since last: 125257744 ns, Reaching safepoint: 2286194 ns, At safepoint: 123411 ns, Total: 2409605 ns
[2020-09-11T12:17:08.647+0000][1][safepoint    ] Safepoint "CollectForMetadataAllocation", Time since last: 71443663 ns, Reaching safepoint: 122076 ns, At safepoint: 109034 ns, Total: 231110 ns
[2020-09-11T12:17:08.792+0000][1][safepoint    ] Safepoint "RevokeBias", Time since last: 144178225 ns, Reaching safepoint: 119604 ns, At safepoint: 35497 ns, Total: 155101 ns
[2020-09-11T12:17:08.792+0000][1][safepoint    ] Safepoint "RevokeBias", Time since last: 108849 ns, Reaching safepoint: 80314 ns, At safepoint: 21074 ns, Total: 101388 ns
[2020-09-11T12:17:08.792+0000][1][safepoint    ] Safepoint "RevokeBias", Time since last: 112748 ns, Reaching safepoint: 147288 ns, At safepoint: 19834 ns, Total: 167122 ns
[2020-09-11T12:17:08.795+0000][1][safepoint    ] Safepoint "CollectForMetadataAllocation", Time since last: 2429868 ns, Reaching safepoint: 93541 ns, At safepoint: 104156 ns, Total: 197697 ns
[2020-09-11T12:17:08.800+0000][1][safepoint    ] Safepoint "CollectForMetadataAllocation", Time since last: 4898762 ns, Reaching safepoint: 376105 ns, At safepoint: 10263 ns, Total: 386368 ns
[2020-09-11T12:17:08.803+0000][1][safepoint    ] Safepoint "RevokeBias", Time since last: 2972973 ns, Reaching safepoint: 460881 ns, At safepoint: 26683 ns, Total: 487564 ns
[2020-09-11T12:17:08.975+0000][1][safepoint    ] Safepoint "CollectForMetadataAllocation", Time since last: 170446401 ns, Reaching safepoint: 1309533 ns, At safepoint: 128412 ns, Total: 1437945 ns
[2020-09-11T12:17:09.084+0000][1][safepoint    ] Safepoint "CollectForMetadataAllocation", Time since last: 106963704 ns, Reaching safepoint: 1142194 ns, At safepoint: 125852 ns, Total: 1268046 ns
[2020-09-11T12:17:09.328+0000][1][safepoint    ] Safepoint "CollectForMetadataAllocation", Time since last: 243852459 ns, Reaching safepoint: 118305 ns, At safepoint: 132685 ns, Total: 250990 ns
[2020-09-11T12:17:09.530+0000][1][safepoint    ] Safepoint "RevokeBias", Time since last: 202019586 ns, Reaching safepoint: 111088 ns, At safepoint: 13373 ns, Total: 124461 ns
[2020-09-11T12:17:09.640+0000][1][safepoint    ] Safepoint "CollectForMetadataAllocation", Time since last: 109580699 ns, Reaching safepoint: 135268 ns, At safepoint: 124685 ns, Total: 259953 ns
[2020-09-11T12:17:09.808+0000][1][safepoint    ] Safepoint "Deoptimize", Time since last: 167789365 ns, Reaching safepoint: 165468 ns, At safepoint: 314664 ns, Total: 480132 ns
[2020-09-11T12:17:09.838+0000][1][safepoint    ] Safepoint "CollectForMetadataAllocation", Time since last: 29909627 ns, Reaching safepoint: 107501 ns, At safepoint: 111625 ns, Total: 219126 ns
[2020-09-11T12:17:10.064+0000][1][safepoint    ] Safepoint "CollectForMetadataAllocation", Time since last: 225360642 ns, Reaching safepoint: 110645 ns, At safepoint: 124029 ns, Total: 234674 ns
[2020-09-11T12:17:10.232+0000][1][safepoint    ] Safepoint "CollectForMetadataAllocation", Time since last: 167678165 ns, Reaching safepoint: 109193 ns, At safepoint: 74127 ns, Total: 183320 ns
[2020-09-11T12:17:10.305+0000][1][safepoint    ] Safepoint "RevokeBias", Time since last: 73118646 ns, Reaching safepoint: 116120 ns, At safepoint: 14567 ns, Total: 130687 ns
[2020-09-11T12:17:10.305+0000][1][safepoint    ] Safepoint "RevokeBias", Time since last: 98489 ns, Reaching safepoint: 82765 ns, At safepoint: 9006 ns, Total: 91771 ns
[2020-09-11T12:17:10.305+0000][1][safepoint    ] Safepoint "RevokeBias", Time since last: 41947 ns, Reaching safepoint: 81499 ns, At safepoint: 8272 ns, Total: 89771 ns
[2020-09-11T12:17:10.305+0000][1][safepoint    ] Safepoint "RevokeBias", Time since last: 112007 ns, Reaching safepoint: 81506 ns, At safepoint: 8179 ns, Total: 89685 ns
[2020-09-11T12:17:10.305+0000][1][safepoint    ] Safepoint "RevokeBias", Time since last: 32443 ns, Reaching safepoint: 80476 ns, At safepoint: 7773 ns, Total: 88249 ns
[2020-09-11T12:17:10.306+0000][1][safepoint    ] Safepoint "RevokeBias", Time since last: 276671 ns, Reaching safepoint: 82107 ns, At safepoint: 8513 ns, Total: 90620 ns
[2020-09-11T12:17:10.306+0000][1][safepoint    ] Safepoint "RevokeBias", Time since last: 95784 ns, Reaching safepoint: 80948 ns, At safepoint: 7966 ns, Total: 88914 ns
[2020-09-11T12:17:10.306+0000][1][safepoint    ] Safepoint "BulkRevokeBias", Time since last: 35306 ns, Reaching safepoint: 79846 ns, At safepoint: 77411 ns, Total: 157257 ns
[2020-09-11T12:17:10.359+0000][1][gc,start     ] GC(63) Pause Initial Mark
[2020-09-11T12:17:10.425+0000][1][gc           ] GC(63) Pause Initial Mark 102M->102M(503M) 65.747ms
[2020-09-11T12:17:10.425+0000][1][gc,cpu       ] GC(63) User=0.03s Sys=0.00s Real=0.07s
[2020-09-11T12:17:10.435+0000][1][safepoint    ] Safepoint "CMS_Initial_Mark", Time since last: 45309163 ns, Reaching safepoint: 7962891 ns, At safepoint: 75355652 ns, Total: 83318543 ns
[2020-09-11T12:17:10.435+0000][1][gc           ] GC(63) Concurrent Mark
[2020-09-11T12:17:10.537+0000][1][safepoint    ] Safepoint "CollectForMetadataAllocation", Time since last: 102119492 ns, Reaching safepoint: 48811 ns, At safepoint: 121690 ns, Total: 170501 ns
[2020-09-11T12:17:10.742+0000][1][gc           ] GC(63) Concurrent Mark 307.646ms
[2020-09-11T12:17:10.743+0000][1][gc,cpu       ] GC(63) User=0.15s Sys=0.00s Real=0.31s
[2020-09-11T12:17:10.743+0000][1][gc           ] GC(63) Concurrent Preclean
[2020-09-11T12:17:10.766+0000][1][gc           ] GC(63) Concurrent Preclean 23.439ms
[2020-09-11T12:17:10.766+0000][1][gc,cpu       ] GC(63) User=0.01s Sys=0.00s Real=0.03s
[2020-09-11T12:17:10.766+0000][1][gc           ] GC(63) Concurrent Abortable Preclean
[2020-09-11T12:17:10.944+0000][1][safepoint    ] Safepoint "CollectForMetadataAllocation", Time since last: 407123675 ns, Reaching safepoint: 112862 ns, At safepoint: 83694 ns, Total: 196556 ns
[2020-09-11T12:17:11.132+0000][1][safepoint    ] Safepoint "CollectForMetadataAllocation", Time since last: 187054850 ns, Reaching safepoint: 118360 ns, At safepoint: 106060 ns, Total: 224420 ns
[2020-09-11T12:17:11.266+0000][1][safepoint    ] Safepoint "CollectForMetadataAllocation", Time since last: 134408433 ns, Reaching safepoint: 113744 ns, At safepoint: 81620 ns, Total: 195364 ns
[2020-09-11T12:17:11.392+0000][1][safepoint    ] Safepoint "CollectForMetadataAllocation", Time since last: 125156462 ns, Reaching safepoint: 59024 ns, At safepoint: 108546 ns, Total: 167570 ns
[2020-09-11T12:17:11.524+0000][1][safepoint    ] Safepoint "RevokeBias", Time since last: 131821476 ns, Reaching safepoint: 77506 ns, At safepoint: 11966 ns, Total: 89472 ns
[2020-09-11T12:17:11.540+0000][1][safepoint    ] Safepoint "CollectForMetadataAllocation", Time since last: 7901913 ns, Reaching safepoint: 8530769 ns, At safepoint: 128155 ns, Total: 8658924 ns
[2020-09-11T12:17:11.752+0000][1][safepoint    ] Safepoint "CollectForMetadataAllocation", Time since last: 211352384 ns, Reaching safepoint: 55325 ns, At safepoint: 122895 ns, Total: 178220 ns
[2020-09-11T12:17:11.947+0000][1][safepoint    ] Safepoint "CollectForMetadataAllocation", Time since last: 195662250 ns, Reaching safepoint: 66389 ns, At safepoint: 135955 ns, Total: 202344 ns
[2020-09-11T12:17:11.948+0000][1][gc,start     ] GC(64) Pause Young (Allocation Failure)
[2020-09-11T12:17:11.948+0000][1][gc,task      ] GC(64) Using 1 workers of 1 for evacuation
[2020-09-11T12:17:12.047+0000][1][gc,age       ] GC(64) Desired survivor size 4358144 bytes, new threshold 2 (max threshold 6)
[2020-09-11T12:17:12.047+0000][1][gc,age       ] GC(64) Age table with threshold 2 (max threshold 6)
[2020-09-11T12:17:12.047+0000][1][gc,age       ] GC(64) - age   1:    3512640 bytes,    3512640 total
[2020-09-11T12:17:12.047+0000][1][gc,age       ] GC(64) - age   2:    1385328 bytes,    4897968 total
[2020-09-11T12:17:12.047+0000][1][gc,age       ] GC(64) - age   3:    2194032 bytes,    7092000 total
[2020-09-11T12:17:12.047+0000][1][gc,heap      ] GC(64) ParNew: 73227K->8012K(76672K)
[2020-09-11T12:17:12.047+0000][1][gc,heap      ] GC(64) CMS: 56707K->56707K(439104K)
[2020-09-11T12:17:12.047+0000][1][gc,metaspace ] GC(64) Metaspace: 66256K->66256K(1110016K)
[2020-09-11T12:17:12.047+0000][1][gc           ] GC(64) Pause Young (Allocation Failure) 126M->63M(503M) 98.558ms
[2020-09-11T12:17:12.047+0000][1][gc,cpu       ] GC(64) User=0.05s Sys=0.00s Real=0.10s
[2020-09-11T12:17:12.055+0000][1][safepoint    ] Safepoint "GenCollectForAllocation", Time since last: 667283 ns, Reaching safepoint: 21043 ns, At safepoint: 107242531 ns, Total: 107263574 ns
[2020-09-11T12:17:12.264+0000][1][safepoint    ] Safepoint "CollectForMetadataAllocation", Time since last: 200040207 ns, Reaching safepoint: 8031567 ns, At safepoint: 130458 ns, Total: 8162025 ns
[2020-09-11T12:17:12.341+0000][1][safepoint    ] Safepoint "CollectForMetadataAllocation", Time since last: 74353441 ns, Reaching safepoint: 3315580 ns, At safepoint: 113944 ns, Total: 3429524 ns
[2020-09-11T12:17:12.540+0000][1][safepoint    ] Safepoint "CollectForMetadataAllocation", Time since last: 190032526 ns, Reaching safepoint: 8044478 ns, At safepoint: 89179 ns, Total: 8133657 ns
[2020-09-11T12:17:12.623+0000][1][safepoint    ] Safepoint "RevokeBias", Time since last: 71547531 ns, Reaching safepoint: 11920214 ns, At safepoint: 14788 ns, Total: 11935002 ns
[2020-09-11T12:17:12.671+0000][1][safepoint    ] Safepoint "CollectForMetadataAllocation", Time since last: 39539292 ns, Reaching safepoint: 8228407 ns, At safepoint: 121367 ns, Total: 8349774 ns
[2020-09-11T12:17:12.767+0000][1][safepoint    ] Safepoint "CollectForMetadataAllocation", Time since last: 92485655 ns, Reaching safepoint: 3565983 ns, At safepoint: 123922 ns, Total: 3689905 ns
[2020-09-11T12:17:12.814+0000][1][safepoint    ] Safepoint "CollectForMetadataAllocation", Time since last: 46393347 ns, Reaching safepoint: 63345 ns, At safepoint: 111126 ns, Total: 174471 ns
[2020-09-11T12:17:12.853+0000][1][safepoint    ] Safepoint "Deoptimize", Time since last: 38742017 ns, Reaching safepoint: 103231 ns, At safepoint: 307716 ns, Total: 410947 ns
[2020-09-11T12:17:12.880+0000][1][safepoint    ] Safepoint "CollectForMetadataAllocation", Time since last: 26731707 ns, Reaching safepoint: 64338 ns, At safepoint: 119703 ns, Total: 184041 ns
[2020-09-11T12:17:12.905+0000][1][safepoint    ] Safepoint "Deoptimize", Time since last: 24537408 ns, Reaching safepoint: 55178 ns, At safepoint: 315742 ns, Total: 370920 ns
[2020-09-11T12:17:13.071+0000][1][safepoint    ] Safepoint "CollectForMetadataAllocation", Time since last: 158864052 ns, Reaching safepoint: 7513105 ns, At safepoint: 92931 ns, Total: 7606036 ns
[2020-09-11T12:17:13.156+0000][1][safepoint    ] Safepoint "CollectForMetadataAllocation", Time since last: 84921390 ns, Reaching safepoint: 57463 ns, At safepoint: 121041 ns, Total: 178504 ns
[2020-09-11T12:17:13.234+0000][1][safepoint    ] Safepoint "RevokeBias", Time since last: 75951652 ns, Reaching safepoint: 1356698 ns, At safepoint: 21429 ns, Total: 1378127 ns
[2020-09-11T12:17:13.234+0000][1][safepoint    ] Safepoint "RevokeBias", Time since last: 398512 ns, Reaching safepoint: 84814 ns, At safepoint: 19592 ns, Total: 104406 ns
[2020-09-11T12:17:13.243+0000][1][safepoint    ] Safepoint "RevokeBias", Time since last: 5375900 ns, Reaching safepoint: 3291193 ns, At safepoint: 23461 ns, Total: 3314654 ns
[2020-09-11T12:17:13.243+0000][1][safepoint    ] Safepoint "RevokeBias", Time since last: 593778 ns, Reaching safepoint: 99861 ns, At safepoint: 21636 ns, Total: 121497 ns
[2020-09-11T12:17:13.244+0000][1][safepoint    ] Safepoint "RevokeBias", Time since last: 44716 ns, Reaching safepoint: 14485 ns, At safepoint: 13579 ns, Total: 28064 ns
[2020-09-11T12:17:13.255+0000][1][safepoint    ] Safepoint "RevokeBias", Time since last: 10082782 ns, Reaching safepoint: 1858600 ns, At safepoint: 25989 ns, Total: 1884589 ns
[2020-09-11T12:17:13.256+0000][1][safepoint    ] Safepoint "RevokeBias", Time since last: 299242 ns, Reaching safepoint: 12214 ns, At safepoint: 16603 ns, Total: 28817 ns
[2020-09-11T12:17:13.256+0000][1][safepoint    ] Safepoint "RevokeBias", Time since last: 211817 ns, Reaching safepoint: 16923 ns, At safepoint: 14563 ns, Total: 31486 ns
[2020-09-11T12:17:13.256+0000][1][safepoint    ] Safepoint "RevokeBias", Time since last: 43016 ns, Reaching safepoint: 14873 ns, At safepoint: 13424 ns, Total: 28297 ns
[2020-09-11T12:17:13.259+0000][1][safepoint    ] Safepoint "RevokeBias", Time since last: 2771670 ns, Reaching safepoint: 25966 ns, At safepoint: 23062 ns, Total: 49028 ns
[2020-09-11T12:17:13.260+0000][1][safepoint    ] Safepoint "RevokeBias", Time since last: 1203255 ns, Reaching safepoint: 96267 ns, At safepoint: 23355 ns, Total: 119622 ns
[2020-09-11T12:17:13.261+0000][1][safepoint    ] Safepoint "RevokeBias", Time since last: 361847 ns, Reaching safepoint: 90718 ns, At safepoint: 21160 ns, Total: 111878 ns
[2020-09-11T12:17:13.268+0000][1][safepoint    ] Safepoint "Deoptimize", Time since last: 6425782 ns, Reaching safepoint: 62046 ns, At safepoint: 393085 ns, Total: 455131 ns
[2020-09-11T12:17:13.365+0000][1][safepoint    ] Safepoint "CollectForMetadataAllocation", Time since last: 97140986 ns, Reaching safepoint: 63441 ns, At safepoint: 114098 ns, Total: 177539 ns
[2020-09-11T12:17:13.524+0000][1][safepoint    ] Safepoint "CollectForMetadataAllocation", Time since last: 158486811 ns, Reaching safepoint: 71880 ns, At safepoint: 72452 ns, Total: 144332 ns
[2020-09-11T12:17:13.555+0000][1][safepoint    ] Safepoint "RevokeBias", Time since last: 25209994 ns, Reaching safepoint: 6640733 ns, At safepoint: 28653 ns, Total: 6669386 ns
[2020-09-11T12:17:13.556+0000][1][safepoint    ] Safepoint "RevokeBias", Time since last: 84634 ns, Reaching safepoint: 94129 ns, At safepoint: 27561 ns, Total: 121690 ns
[2020-09-11T12:17:13.556+0000][1][safepoint    ] Safepoint "RevokeBias", Time since last: 47903 ns, Reaching safepoint: 91136 ns, At safepoint: 25867 ns, Total: 117003 ns
[2020-09-11T12:17:13.556+0000][1][safepoint    ] Safepoint "RevokeBias", Time since last: 43258 ns, Reaching safepoint: 89620 ns, At safepoint: 23546 ns, Total: 113166 ns
[2020-09-11T12:17:13.556+0000][1][safepoint    ] Safepoint "RevokeBias", Time since last: 41855 ns, Reaching safepoint: 88844 ns, At safepoint: 21881 ns, Total: 110725 ns
[2020-09-11T12:17:13.556+0000][1][safepoint    ] Safepoint "RevokeBias", Time since last: 44923 ns, Reaching safepoint: 88386 ns, At safepoint: 22623 ns, Total: 111009 ns
[2020-09-11T12:17:13.556+0000][1][safepoint    ] Safepoint "RevokeBias", Time since last: 41239 ns, Reaching safepoint: 86854 ns, At safepoint: 21523 ns, Total: 108377 ns
[2020-09-11T12:17:13.557+0000][1][safepoint    ] Safepoint "RevokeBias", Time since last: 40944 ns, Reaching safepoint: 86809 ns, At safepoint: 22178 ns, Total: 108987 ns
[2020-09-11T12:17:13.648+0000][1][safepoint    ] Safepoint "CollectForMetadataAllocation", Time since last: 90848276 ns, Reaching safepoint: 120653 ns, At safepoint: 135723 ns, Total: 256376 ns
[2020-09-11T12:17:13.864+0000][1][safepoint    ] Safepoint "CollectForMetadataAllocation", Time since last: 215746372 ns, Reaching safepoint: 153046 ns, At safepoint: 137522 ns, Total: 290568 ns
[2020-09-11T12:17:13.894+0000][1][safepoint    ] Safepoint "Deoptimize", Time since last: 27697759 ns, Reaching safepoint: 2356734 ns, At safepoint: 321048 ns, Total: 2677782 ns
[2020-09-11T12:17:14.003+0000][1][safepoint    ] Safepoint "CollectForMetadataAllocation", Time since last: 108294814 ns, Reaching safepoint: 112081 ns, At safepoint: 113335 ns, Total: 225416 ns
[2020-09-11T12:17:14.121+0000][1][safepoint    ] Safepoint "RevokeBias", Time since last: 102894083 ns, Reaching safepoint: 15654254 ns, At safepoint: 23295 ns, Total: 15677549 ns
[2020-09-11T12:17:14.148+0000][1][safepoint    ] Safepoint "RevokeBias", Time since last: 26615515 ns, Reaching safepoint: 141905 ns, At safepoint: 39472 ns, Total: 181377 ns
[2020-09-11T12:17:14.148+0000][1][safepoint    ] Safepoint "RevokeBias", Time since last: 204190 ns, Reaching safepoint: 85116 ns, At safepoint: 15260 ns, Total: 100376 ns
[2020-09-11T12:17:14.149+0000][1][safepoint    ] Safepoint "RevokeBias", Time since last: 125874 ns, Reaching safepoint: 88875 ns, At safepoint: 14245 ns, Total: 103120 ns
[2020-09-11T12:17:14.162+0000][1][safepoint    ] Safepoint "RevokeBias", Time since last: 6910558 ns, Reaching safepoint: 6883546 ns, At safepoint: 39996 ns, Total: 6923542 ns
[2020-09-11T12:17:14.162+0000][1][safepoint    ] Safepoint "RevokeBias", Time since last: 69900 ns, Reaching safepoint: 16799 ns, At safepoint: 14466 ns, Total: 31265 ns
[2020-09-11T12:17:14.168+0000][1][safepoint    ] Safepoint "RevokeBias", Time since last: 5122570 ns, Reaching safepoint: 183463 ns, At safepoint: 29191 ns, Total: 212654 ns
[2020-09-11T12:17:14.172+0000][1][safepoint    ] Safepoint "RevokeBias", Time since last: 4405525 ns, Reaching safepoint: 113154 ns, At safepoint: 16694 ns, Total: 129848 ns
[2020-09-11T12:17:14.172+0000][1][safepoint    ] Safepoint "RevokeBias", Time since last: 55356 ns, Reaching safepoint: 87101 ns, At safepoint: 12544 ns, Total: 99645 ns
[2020-09-11T12:17:14.176+0000][1][safepoint    ] Safepoint "CollectForMetadataAllocation", Time since last: 2983205 ns, Reaching safepoint: 105356 ns, At safepoint: 121256 ns, Total: 226612 ns
[2020-09-11T12:17:14.194+0000][1][safepoint    ] Safepoint "RevokeBias", Time since last: 8841712 ns, Reaching safepoint: 9750717 ns, At safepoint: 23308 ns, Total: 9774025 ns
[2020-09-11T12:17:14.196+0000][1][safepoint    ] Safepoint "RevokeBias", Time since last: 1310940 ns, Reaching safepoint: 35131 ns, At safepoint: 11864 ns, Total: 46995 ns
[2020-09-11T12:17:14.211+0000][1][safepoint    ] Safepoint "RevokeBias", Time since last: 7751144 ns, Reaching safepoint: 8033831 ns, At safepoint: 17053 ns, Total: 8050884 ns
[2020-09-11T12:17:14.212+0000][1][safepoint    ] Safepoint "RevokeBias", Time since last: 244964 ns, Reaching safepoint: 14859 ns, At safepoint: 8974 ns, Total: 23833 ns
[2020-09-11T12:17:14.219+0000][1][safepoint    ] Safepoint "RevokeBias", Time since last: 7670429 ns, Reaching safepoint: 47241 ns, At safepoint: 13899 ns, Total: 61140 ns
[2020-09-11T12:17:14.303+0000][1][safepoint    ] Safepoint "RevokeBias", Time since last: 71073327 ns, Reaching safepoint: 12904703 ns, At safepoint: 20150 ns, Total: 12924853 ns
[2020-09-11T12:17:14.304+0000][1][safepoint    ] Safepoint "RevokeBias", Time since last: 75551 ns, Reaching safepoint: 15994 ns, At safepoint: 9048 ns, Total: 25042 ns
[2020-09-11T12:17:15.067+0000][1][safepoint    ] Safepoint "RevokeBias", Time since last: 763381557 ns, Reaching safepoint: 53150 ns, At safepoint: 14753 ns, Total: 67903 ns
[2020-09-11T12:17:15.099+0000][1][safepoint    ] Safepoint "RevokeBias", Time since last: 32109871 ns, Reaching safepoint: 112085 ns, At safepoint: 18808 ns, Total: 130893 ns
[2020-09-11T12:17:15.099+0000][1][gc           ] GC(63) Concurrent Abortable Preclean 4333.265ms
[2020-09-11T12:17:15.099+0000][1][gc,cpu       ] GC(63) User=1.93s Sys=0.01s Real=4.33s
[2020-09-11T12:17:15.099+0000][1][gc,start     ] GC(63) Pause Remark
[2020-09-11T12:17:15.144+0000][1][gc           ] GC(63) Pause Remark 96M->96M(503M) 44.543ms
[2020-09-11T12:17:15.144+0000][1][gc,cpu       ] GC(63) User=0.02s Sys=0.00s Real=0.05s
[2020-09-11T12:17:15.151+0000][1][safepoint    ] Safepoint "CMS_Final_Remark", Time since last: 83598 ns, Reaching safepoint: 69082 ns, At safepoint: 51531544 ns, Total: 51600626 ns
[2020-09-11T12:17:15.151+0000][1][gc           ] GC(63) Concurrent Sweep
[2020-09-11T12:17:15.160+0000][1][safepoint    ] Safepoint "RevokeBias", Time since last: 8805984 ns, Reaching safepoint: 657413 ns, At safepoint: 15755 ns, Total: 673168 ns
[2020-09-11T12:17:15.161+0000][1][safepoint    ] Safepoint "RevokeBias", Time since last: 119234 ns, Reaching safepoint: 16414 ns, At safepoint: 7233 ns, Total: 23647 ns
[2020-09-11T12:17:15.176+0000][1][safepoint    ] Safepoint "RevokeBias", Time since last: 15347888 ns, Reaching safepoint: 51737 ns, At safepoint: 10725 ns, Total: 62462 ns
[2020-09-11T12:17:15.176+0000][1][safepoint    ] Safepoint "RevokeBias", Time since last: 88547 ns, Reaching safepoint: 88479 ns, At safepoint: 10467 ns, Total: 98946 ns
[2020-09-11T12:17:15.195+0000][1][gc           ] GC(63) Concurrent Sweep 43.491ms
[2020-09-11T12:17:15.195+0000][1][gc,cpu       ] GC(63) User=0.02s Sys=0.01s Real=0.04s
[2020-09-11T12:17:15.195+0000][1][gc           ] GC(63) Concurrent Reset
[2020-09-11T12:17:15.195+0000][1][gc           ] GC(63) Concurrent Reset 0.640ms
[2020-09-11T12:17:15.195+0000][1][gc,cpu       ] GC(63) User=0.00s Sys=0.00s Real=0.00s
[2020-09-11T12:17:15.195+0000][1][gc,heap      ] GC(63) Old: 56707K->55717K(439104K)
[2020-09-11T12:17:16.162+0000][1][safepoint    ] Safepoint "RevokeBias", Time since last: 985957854 ns, Reaching safepoint: 36101 ns, At safepoint: 13825 ns, Total: 49926 ns
[2020-09-11T12:17:16.731+0000][1][safepoint    ] Safepoint "RevokeBias", Time since last: 568687832 ns, Reaching safepoint: 42676 ns, At safepoint: 18955 ns, Total: 61631 ns
[2020-09-11T12:17:17.122+0000][1][safepoint    ] Safepoint "RevokeBias", Time since last: 390394066 ns, Reaching safepoint: 160647 ns, At safepoint: 21077 ns, Total: 181724 ns
[2020-09-11T12:17:18.122+0000][1][safepoint    ] Safepoint "Cleanup", Time since last: 1000178728 ns, Reaching safepoint: 99886 ns, At safepoint: 17467 ns, Total: 117353 ns
[2020-09-11T12:17:19.122+0000][1][safepoint    ] Safepoint "Cleanup", Time since last: 1000228455 ns, Reaching safepoint: 70257 ns, At safepoint: 7380 ns, Total: 77637 ns
[2020-09-11T12:17:20.122+0000][1][safepoint    ] Safepoint "Cleanup", Time since last: 1000191074 ns, Reaching safepoint: 80627 ns, At safepoint: 8096 ns, Total: 88723 ns
[2020-09-11T12:17:21.123+0000][1][safepoint    ] Safepoint "Cleanup", Time since last: 1000197514 ns, Reaching safepoint: 71258 ns, At safepoint: 8034 ns, Total: 79292 ns
[2020-09-11T12:17:23.123+0000][1][safepoint    ] Safepoint "Cleanup", Time since last: 2000446434 ns, Reaching safepoint: 197994 ns, At safepoint: 16555 ns, Total: 214549 ns
[2020-09-11T12:17:23.165+0000][1][safepoint    ] Safepoint "BulkRevokeBias", Time since last: 41732185 ns, Reaching safepoint: 143921 ns, At safepoint: 185774 ns, Total: 329695 ns
[2020-09-11T12:17:23.166+0000][1][safepoint    ] Safepoint "RevokeBias", Time since last: 57841 ns, Reaching safepoint: 122942 ns, At safepoint: 23293 ns, Total: 146235 ns
[2020-09-11T12:17:24.167+0000][1][safepoint    ] Safepoint "Cleanup", Time since last: 1001348071 ns, Reaching safepoint: 39045 ns, At safepoint: 6475 ns, Total: 45520 ns
[2020-09-11T12:17:25.165+0000][1][safepoint    ] Safepoint "RevokeBias", Time since last: 998099382 ns, Reaching safepoint: 160607 ns, At safepoint: 15440 ns, Total: 176047 ns
[2020-09-11T12:17:25.165+0000][1][safepoint    ] Safepoint "RevokeBias", Time since last: 90610 ns, Reaching safepoint: 120302 ns, At safepoint: 10215 ns, Total: 130517 ns
[2020-09-11T12:17:25.166+0000][1][safepoint    ] Safepoint "RevokeBias", Time since last: 61518 ns, Reaching safepoint: 135725 ns, At safepoint: 11199 ns, Total: 146924 ns
[2020-09-11T12:17:26.166+0000][1][safepoint    ] Safepoint "Cleanup", Time since last: 1000106415 ns, Reaching safepoint: 504628 ns, At safepoint: 23493 ns, Total: 528121 ns
[2020-09-11T12:17:27.167+0000][1][safepoint    ] Safepoint "Cleanup", Time since last: 1000167390 ns, Reaching safepoint: 157675 ns, At safepoint: 18636 ns, Total: 176311 ns
[2020-09-11T12:17:28.167+0000][1][safepoint    ] Safepoint "Cleanup", Time since last: 1000176818 ns, Reaching safepoint: 268332 ns, At safepoint: 22668 ns, Total: 291000 ns
[2020-09-11T12:17:29.167+0000][1][safepoint    ] Safepoint "Cleanup", Time since last: 1000150118 ns, Reaching safepoint: 37118 ns, At safepoint: 6010 ns, Total: 43128 ns
[2020-09-11T12:17:30.168+0000][1][safepoint    ] Safepoint "Cleanup", Time since last: 1001067424 ns, Reaching safepoint: 31457 ns, At safepoint: 5927 ns, Total: 37384 ns
[2020-09-11T12:17:31.169+0000][1][safepoint    ] Safepoint "Cleanup", Time since last: 1000117586 ns, Reaching safepoint: 260778 ns, At safepoint: 21152 ns, Total: 281930 ns
[2020-09-11T12:17:32.169+0000][1][safepoint    ] Safepoint "Cleanup", Time since last: 1000197278 ns, Reaching safepoint: 75810 ns, At safepoint: 7496 ns, Total: 83306 ns
[2020-09-11T12:17:33.168+0000][1][safepoint    ] Safepoint "BulkRevokeBias", Time since last: 997873197 ns, Reaching safepoint: 269334 ns, At safepoint: 452110 ns, Total: 721444 ns
[2020-09-11T12:17:34.169+0000][1][safepoint    ] Safepoint "Cleanup", Time since last: 1000936122 ns, Reaching safepoint: 79966 ns, At safepoint: 13592 ns, Total: 93558 ns
[2020-09-11T12:17:35.170+0000][1][safepoint    ] Safepoint "Cleanup", Time since last: 1000860517 ns, Reaching safepoint: 39430 ns, At safepoint: 6430 ns, Total: 45860 ns
[2020-09-11T12:17:36.170+0000][1][safepoint    ] Safepoint "Cleanup", Time since last: 1000116402 ns, Reaching safepoint: 284813 ns, At safepoint: 22064 ns, Total: 306877 ns
[2020-09-11T12:17:37.171+0000][1][safepoint    ] Safepoint "Cleanup", Time since last: 1000175776 ns, Reaching safepoint: 271683 ns, At safepoint: 23457 ns, Total: 295140 ns
[2020-09-11T12:17:38.171+0000][1][safepoint    ] Safepoint "Cleanup", Time since last: 1000147214 ns, Reaching safepoint: 120375 ns, At safepoint: 7616 ns, Total: 127991 ns
[2020-09-11T12:17:39.171+0000][1][safepoint    ] Safepoint "Cleanup", Time since last: 1000091343 ns, Reaching safepoint: 36532 ns, At safepoint: 5760 ns, Total: 42292 ns
[2020-09-11T12:17:40.171+0000][1][safepoint    ] Safepoint "Cleanup", Time since last: 1000102739 ns, Reaching safepoint: 39885 ns, At safepoint: 6180 ns, Total: 46065 ns
[2020-09-11T12:17:41.171+0000][1][safepoint    ] Safepoint "Cleanup", Time since last: 1000111303 ns, Reaching safepoint: 38000 ns, At safepoint: 6099 ns, Total: 44099 ns
[2020-09-11T12:17:42.172+0000][1][safepoint    ] Safepoint "Cleanup", Time since last: 1000115982 ns, Reaching safepoint: 231290 ns, At safepoint: 17707 ns, Total: 248997 ns
[2020-09-11T12:17:43.172+0000][1][safepoint    ] Safepoint "Cleanup", Time since last: 1000149838 ns, Reaching safepoint: 152578 ns, At safepoint: 6886 ns, Total: 159464 ns
[2020-09-11T12:17:44.175+0000][1][safepoint    ] Safepoint "Cleanup", Time since last: 1002470216 ns, Reaching safepoint: 131157 ns, At safepoint: 8724 ns, Total: 139881 ns
[2020-09-11T12:17:44.212+0000][1][safepoint    ] Safepoint "RevokeBias", Time since last: 37156737 ns, Reaching safepoint: 118213 ns, At safepoint: 20742 ns, Total: 138955 ns
[2020-09-11T12:17:44.212+0000][1][safepoint    ] Safepoint "RevokeBias", Time since last: 98325 ns, Reaching safepoint: 16866 ns, At safepoint: 16044 ns, Total: 32910 ns
[2020-09-11T12:17:44.212+0000][1][safepoint    ] Safepoint "RevokeBias", Time since last: 52887 ns, Reaching safepoint: 15781 ns, At safepoint: 14769 ns, Total: 30550 ns
[2020-09-11T12:17:44.212+0000][1][safepoint    ] Safepoint "RevokeBias", Time since last: 286275 ns, Reaching safepoint: 17061 ns, At safepoint: 15426 ns, Total: 32487 ns
[2020-09-11T12:17:44.212+0000][1][safepoint    ] Safepoint "RevokeBias", Time since last: 55924 ns, Reaching safepoint: 15947 ns, At safepoint: 14902 ns, Total: 30849 ns
[2020-09-11T12:17:45.213+0000][1][safepoint    ] Safepoint "Cleanup", Time since last: 1000144527 ns, Reaching safepoint: 103794 ns, At safepoint: 17400 ns, Total: 121194 ns
[2020-09-11T12:17:47.213+0000][1][safepoint    ] Safepoint "Cleanup", Time since last: 2000349031 ns, Reaching safepoint: 81028 ns, At safepoint: 7020 ns, Total: 88048 ns
[2020-09-11T12:17:47.651+0000][1][gc,start     ] GC(65) Pause Young (Allocation Failure)
[2020-09-11T12:17:47.651+0000][1][gc,task      ] GC(65) Using 1 workers of 1 for evacuation
[2020-09-11T12:17:47.681+0000][1][gc,age       ] GC(65) Desired survivor size 4358144 bytes, new threshold 2 (max threshold 6)
[2020-09-11T12:17:47.681+0000][1][gc,age       ] GC(65) Age table with threshold 2 (max threshold 6)
[2020-09-11T12:17:47.681+0000][1][gc,age       ] GC(65) - age   1:    1405176 bytes,    1405176 total
[2020-09-11T12:17:47.681+0000][1][gc,age       ] GC(65) - age   2:    3431184 bytes,    4836360 total
[2020-09-11T12:17:47.681+0000][1][gc,heap      ] GC(65) ParNew: 76172K->6195K(76672K)
[2020-09-11T12:17:47.681+0000][1][gc,heap      ] GC(65) CMS: 55717K->59223K(439104K)
[2020-09-11T12:17:47.681+0000][1][gc,metaspace ] GC(65) Metaspace: 70926K->70926K(1114112K)
[2020-09-11T12:17:47.681+0000][1][gc           ] GC(65) Pause Young (Allocation Failure) 128M->63M(503M) 30.301ms
[2020-09-11T12:17:47.681+0000][1][gc,cpu       ] GC(65) User=0.02s Sys=0.00s Real=0.03s
[2020-09-11T12:17:47.681+0000][1][safepoint    ] Safepoint "GenCollectForAllocation", Time since last: 437660127 ns, Reaching safepoint: 162755 ns, At safepoint: 30483592 ns, Total: 30646347 ns
[2020-09-11T12:17:48.686+0000][1][safepoint    ] Safepoint "Cleanup", Time since last: 1004645481 ns, Reaching safepoint: 96478 ns, At safepoint: 14473 ns, Total: 110951 ns
[2020-09-11T12:17:49.426+0000][1][safepoint    ] Safepoint "RevokeBias", Time since last: 739377117 ns, Reaching safepoint: 160405 ns, At safepoint: 8542 ns, Total: 168947 ns
[2020-09-11T12:17:49.426+0000][1][safepoint    ] Safepoint "RevokeBias", Time since last: 141277 ns, Reaching safepoint: 144275 ns, At safepoint: 5562 ns, Total: 149837 ns
[2020-09-11T12:17:49.426+0000][1][safepoint    ] Safepoint "RevokeBias", Time since last: 47406 ns, Reaching safepoint: 141964 ns, At safepoint: 5178 ns, Total: 147142 ns
[2020-09-11T12:17:49.430+0000][1][safepoint    ] Safepoint "RevokeBias", Time since last: 3176651 ns, Reaching safepoint: 161976 ns, At safepoint: 8662 ns, Total: 170638 ns
[2020-09-11T12:17:49.430+0000][1][safepoint    ] Safepoint "RevokeBias", Time since last: 71569 ns, Reaching safepoint: 144765 ns, At safepoint: 5736 ns, Total: 150501 ns
[2020-09-11T12:17:49.432+0000][1][safepoint    ] Safepoint "RevokeBias", Time since last: 1601216 ns, Reaching safepoint: 144913 ns, At safepoint: 13560 ns, Total: 158473 ns
[2020-09-11T12:17:49.432+0000][1][safepoint    ] Safepoint "RevokeBias", Time since last: 77551 ns, Reaching safepoint: 140949 ns, At safepoint: 9975 ns, Total: 150924 ns
[2020-09-11T12:17:49.432+0000][1][safepoint    ] Safepoint "RevokeBias", Time since last: 51188 ns, Reaching safepoint: 140447 ns, At safepoint: 9102 ns, Total: 149549 ns
[2020-09-11T12:17:49.433+0000][1][safepoint    ] Safepoint "RevokeBias", Time since last: 482380 ns, Reaching safepoint: 145730 ns, At safepoint: 5440 ns, Total: 151170 ns
[2020-09-11T12:17:49.433+0000][1][safepoint    ] Safepoint "RevokeBias", Time since last: 34075 ns, Reaching safepoint: 141969 ns, At safepoint: 4886 ns, Total: 146855 ns
[2020-09-11T12:17:49.433+0000][1][safepoint    ] Safepoint "RevokeBias", Time since last: 33574 ns, Reaching safepoint: 144607 ns, At safepoint: 4993 ns, Total: 149600 ns
[2020-09-11T12:17:49.442+0000][1][safepoint    ] Safepoint "RevokeBias", Time since last: 9275113 ns, Reaching safepoint: 132871 ns, At safepoint: 11101 ns, Total: 143972 ns
[2020-09-11T12:17:49.443+0000][1][safepoint    ] Safepoint "RevokeBias", Time since last: 62709 ns, Reaching safepoint: 89023 ns, At safepoint: 4932 ns, Total: 93955 ns
[2020-09-11T12:17:49.443+0000][1][safepoint    ] Safepoint "RevokeBias", Time since last: 36652 ns, Reaching safepoint: 89574 ns, At safepoint: 4917 ns, Total: 94491 ns
[2020-09-11T12:17:49.448+0000][1][safepoint    ] Safepoint "RevokeBias", Time since last: 4695041 ns, Reaching safepoint: 104906 ns, At safepoint: 6835 ns, Total: 111741 ns
[2020-09-11T12:17:49.448+0000][1][safepoint    ] Safepoint "RevokeBias", Time since last: 47738 ns, Reaching safepoint: 19929 ns, At safepoint: 4470 ns, Total: 24399 ns
[2020-09-11T12:17:49.448+0000][1][safepoint    ] Safepoint "RevokeBias", Time since last: 33485 ns, Reaching safepoint: 19405 ns, At safepoint: 3953 ns, Total: 23358 ns
[2020-09-11T12:17:49.450+0000][1][safepoint    ] Safepoint "RevokeBias", Time since last: 1884451 ns, Reaching safepoint: 93235 ns, At safepoint: 5655 ns, Total: 98890 ns
[2020-09-11T12:17:49.461+0000][1][safepoint    ] Safepoint "RevokeBias", Time since last: 11697352 ns, Reaching safepoint: 115695 ns, At safepoint: 8261 ns, Total: 123956 ns
[2020-09-11T12:17:49.462+0000][1][safepoint    ] Safepoint "RevokeBias", Time since last: 64542 ns, Reaching safepoint: 91583 ns, At safepoint: 5362 ns, Total: 96945 ns
[2020-09-11T12:17:49.489+0000][1][safepoint    ] Safepoint "Deoptimize", Time since last: 27203880 ns, Reaching safepoint: 169160 ns, At safepoint: 431957 ns, Total: 601117 ns
[2020-09-11T12:17:49.491+0000][1][safepoint    ] Safepoint "RevokeBias", Time since last: 1528749 ns, Reaching safepoint: 156867 ns, At safepoint: 9101 ns, Total: 165968 ns
[2020-09-11T12:17:49.494+0000][1][safepoint    ] Safepoint "RevokeBias", Time since last: 2440479 ns, Reaching safepoint: 152959 ns, At safepoint: 7974 ns, Total: 160933 ns
[2020-09-11T12:17:49.496+0000][1][safepoint    ] Safepoint "RevokeBias", Time since last: 1764396 ns, Reaching safepoint: 155951 ns, At safepoint: 8005 ns, Total: 163956 ns
[2020-09-11T12:17:49.496+0000][1][safepoint    ] Safepoint "RevokeBias", Time since last: 50534 ns, Reaching safepoint: 143340 ns, At safepoint: 5684 ns, Total: 149024 ns
[2020-09-11T12:17:49.496+0000][1][safepoint    ] Safepoint "RevokeBias", Time since last: 91994 ns, Reaching safepoint: 145265 ns, At safepoint: 5434 ns, Total: 150699 ns
[2020-09-11T12:17:49.496+0000][1][safepoint    ] Safepoint "RevokeBias", Time since last: 183882 ns, Reaching safepoint: 105915 ns, At safepoint: 5341 ns, Total: 111256 ns
[2020-09-11T12:17:49.497+0000][1][safepoint    ] Safepoint "RevokeBias", Time since last: 76732 ns, Reaching safepoint: 146058 ns, At safepoint: 5259 ns, Total: 151317 ns
[2020-09-11T12:17:49.497+0000][1][safepoint    ] Safepoint "RevokeBias", Time since last: 37221 ns, Reaching safepoint: 145119 ns, At safepoint: 5087 ns, Total: 150206 ns
[2020-09-11T12:17:49.497+0000][1][safepoint    ] Safepoint "RevokeBias", Time since last: 385253 ns, Reaching safepoint: 146012 ns, At safepoint: 5454 ns, Total: 151466 ns
[2020-09-11T12:17:49.498+0000][1][safepoint    ] Safepoint "RevokeBias", Time since last: 141763 ns, Reaching safepoint: 143395 ns, At safepoint: 5241 ns, Total: 148636 ns
[2020-09-11T12:17:49.498+0000][1][safepoint    ] Safepoint "RevokeBias", Time since last: 34681 ns, Reaching safepoint: 140031 ns, At safepoint: 4977 ns, Total: 145008 ns
[2020-09-11T12:17:49.498+0000][1][safepoint    ] Safepoint "RevokeBias", Time since last: 74639 ns, Reaching safepoint: 141159 ns, At safepoint: 4990 ns, Total: 146149 ns
[2020-09-11T12:17:49.498+0000][1][safepoint    ] Safepoint "RevokeBias", Time since last: 83883 ns, Reaching safepoint: 146659 ns, At safepoint: 5046 ns, Total: 151705 ns
[2020-09-11T12:17:49.498+0000][1][safepoint    ] Safepoint "RevokeBias", Time since last: 33070 ns, Reaching safepoint: 143706 ns, At safepoint: 4853 ns, Total: 148559 ns
[2020-09-11T12:17:49.499+0000][1][safepoint    ] Safepoint "RevokeBias", Time since last: 82539 ns, Reaching safepoint: 143593 ns, At safepoint: 4896 ns, Total: 148489 ns
[2020-09-11T12:17:49.499+0000][1][safepoint    ] Safepoint "RevokeBias", Time since last: 155223 ns, Reaching safepoint: 141436 ns, At safepoint: 12470 ns, Total: 153906 ns
[2020-09-11T12:17:49.499+0000][1][safepoint    ] Safepoint "BulkRevokeBias", Time since last: 84232 ns, Reaching safepoint: 140025 ns, At safepoint: 115624 ns, Total: 255649 ns
[2020-09-11T12:17:49.500+0000][1][safepoint    ] Safepoint "RevokeBias", Time since last: 107764 ns, Reaching safepoint: 139474 ns, At safepoint: 5554 ns, Total: 145028 ns
[2020-09-11T12:17:49.531+0000][1][safepoint    ] Safepoint "RevokeBias", Time since last: 29152230 ns, Reaching safepoint: 2745325 ns, At safepoint: 13287 ns, Total: 2758612 ns
[2020-09-11T12:17:49.532+0000][1][safepoint    ] Safepoint "RevokeBias", Time since last: 342195 ns, Reaching safepoint: 112391 ns, At safepoint: 14880 ns, Total: 127271 ns
[2020-09-11T12:17:49.560+0000][1][safepoint    ] Safepoint "RevokeBias", Time since last: 27464534 ns, Reaching safepoint: 124558 ns, At safepoint: 11583 ns, Total: 136141 ns
[2020-09-11T12:17:49.567+0000][1][safepoint    ] Safepoint "RevokeBias", Time since last: 7145769 ns, Reaching safepoint: 121154 ns, At safepoint: 9470 ns, Total: 130624 ns
[2020-09-11T12:17:49.567+0000][1][safepoint    ] Safepoint "RevokeBias", Time since last: 78815 ns, Reaching safepoint: 105024 ns, At safepoint: 6264 ns, Total: 111288 ns
[2020-09-11T12:17:49.575+0000][1][safepoint    ] Safepoint "RevokeBias", Time since last: 7576454 ns, Reaching safepoint: 121290 ns, At safepoint: 10760 ns, Total: 132050 ns
[2020-09-11T12:17:49.582+0000][1][safepoint    ] Safepoint "RevokeBias", Time since last: 7434506 ns, Reaching safepoint: 124823 ns, At safepoint: 10329 ns, Total: 135152 ns
[2020-09-11T12:17:49.592+0000][1][safepoint    ] Safepoint "RevokeBias", Time since last: 9123063 ns, Reaching safepoint: 124445 ns, At safepoint: 10034 ns, Total: 134479 ns
[2020-09-11T12:17:49.617+0000][1][safepoint    ] Safepoint "RevokeBias", Time since last: 25103333 ns, Reaching safepoint: 122884 ns, At safepoint: 10831 ns, Total: 133715 ns
[2020-09-11T12:17:49.623+0000][1][safepoint    ] Safepoint "RevokeBias", Time since last: 5820721 ns, Reaching safepoint: 127808 ns, At safepoint: 11857 ns, Total: 139665 ns
[2020-09-11T12:17:49.624+0000][1][safepoint    ] Safepoint "RevokeBias", Time since last: 1040138 ns, Reaching safepoint: 108240 ns, At safepoint: 13905 ns, Total: 122145 ns
[2020-09-11T12:17:49.628+0000][1][safepoint    ] Safepoint "RevokeBias", Time since last: 3494631 ns, Reaching safepoint: 110197 ns, At safepoint: 15240 ns, Total: 125437 ns
[2020-09-11T12:17:50.628+0000][1][safepoint    ] Safepoint "Cleanup", Time since last: 1000132228 ns, Reaching safepoint: 105215 ns, At safepoint: 17791 ns, Total: 123006 ns
[2020-09-11T12:17:51.628+0000][1][safepoint    ] Safepoint "Cleanup", Time since last: 1000206368 ns, Reaching safepoint: 99896 ns, At safepoint: 18065 ns, Total: 117961 ns
[2020-09-11T12:17:52.628+0000][1][safepoint    ] Safepoint "Cleanup", Time since last: 1000227258 ns, Reaching safepoint: 101029 ns, At safepoint: 18021 ns, Total: 119050 ns
[2020-09-11T12:17:53.629+0000][1][safepoint    ] Safepoint "Cleanup", Time since last: 1000208759 ns, Reaching safepoint: 81661 ns, At safepoint: 8203 ns, Total: 89864 ns
[2020-09-11T12:17:54.629+0000][1][safepoint    ] Safepoint "Cleanup", Time since last: 1000176140 ns, Reaching safepoint: 108482 ns, At safepoint: 18546 ns, Total: 127028 ns
[2020-09-11T12:17:55.629+0000][1][safepoint    ] Safepoint "Cleanup", Time since last: 1000208198 ns, Reaching safepoint: 82156 ns, At safepoint: 7434 ns, Total: 89590 ns
[2020-09-11T12:17:56.630+0000][1][safepoint    ] Safepoint "Cleanup", Time since last: 1000157437 ns, Reaching safepoint: 85582 ns, At safepoint: 7536 ns, Total: 93118 ns
[2020-09-11T12:17:57.630+0000][1][safepoint    ] Safepoint "Cleanup", Time since last: 1000188514 ns, Reaching safepoint: 112315 ns, At safepoint: 19177 ns, Total: 131492 ns
[2020-09-11T12:17:58.630+0000][1][safepoint    ] Safepoint "Cleanup", Time since last: 1000139914 ns, Reaching safepoint: 91708 ns, At safepoint: 7841 ns, Total: 99549 ns
[2020-09-11T12:17:59.630+0000][1][safepoint    ] Safepoint "Cleanup", Time since last: 1000066384 ns, Reaching safepoint: 63301 ns, At safepoint: 7636 ns, Total: 70937 ns
[2020-09-11T12:18:00.631+0000][1][safepoint    ] Safepoint "Cleanup", Time since last: 1000141242 ns, Reaching safepoint: 97320 ns, At safepoint: 6857 ns, Total: 104177 ns
[2020-09-11T12:18:01.631+0000][1][safepoint    ] Safepoint "Cleanup", Time since last: 1000157513 ns, Reaching safepoint: 97618 ns, At safepoint: 17276 ns, Total: 114894 ns
[2020-09-11T12:18:02.631+0000][1][safepoint    ] Safepoint "Cleanup", Time since last: 1000232391 ns, Reaching safepoint: 101443 ns, At safepoint: 17864 ns, Total: 119307 ns
[2020-09-11T12:18:03.631+0000][1][safepoint    ] Safepoint "Cleanup", Time since last: 1000230325 ns, Reaching safepoint: 69227 ns, At safepoint: 7205 ns, Total: 76432 ns
[2020-09-11T12:18:04.632+0000][1][safepoint    ] Safepoint "Cleanup", Time since last: 1000189549 ns, Reaching safepoint: 85924 ns, At safepoint: 7921 ns, Total: 93845 ns
[2020-09-11T12:18:05.632+0000][1][safepoint    ] Safepoint "Cleanup", Time since last: 1000138731 ns, Reaching safepoint: 96712 ns, At safepoint: 16712 ns, Total: 113424 ns
[2020-09-11T12:18:06.632+0000][1][safepoint    ] Safepoint "Cleanup", Time since last: 1000193142 ns, Reaching safepoint: 84895 ns, At safepoint: 7273 ns, Total: 92168 ns
[2020-09-11T12:18:07.633+0000][1][safepoint    ] Safepoint "Cleanup", Time since last: 1000125636 ns, Reaching safepoint: 100195 ns, At safepoint: 7694 ns, Total: 107889 ns
[2020-09-11T12:18:07.946+0000][1][safepoint    ] Safepoint "RevokeBias", Time since last: 313737059 ns, Reaching safepoint: 46023 ns, At safepoint: 16193 ns, Total: 62216 ns
[2020-09-11T12:18:07.946+0000][1][safepoint    ] Safepoint "RevokeBias", Time since last: 75295 ns, Reaching safepoint: 17610 ns, At safepoint: 9434 ns, Total: 27044 ns
[2020-09-11T12:18:07.947+0000][1][safepoint    ] Safepoint "RevokeBias", Time since last: 235200 ns, Reaching safepoint: 17546 ns, At safepoint: 9098 ns, Total: 26644 ns
[2020-09-11T12:18:07.947+0000][1][safepoint    ] Safepoint "RevokeBias", Time since last: 43600 ns, Reaching safepoint: 16735 ns, At safepoint: 8226 ns, Total: 24961 ns
[2020-09-11T12:18:08.131+0000][1][safepoint    ] Safepoint "RevokeBias", Time since last: 184204251 ns, Reaching safepoint: 135623 ns, At safepoint: 10016 ns, Total: 145639 ns
[2020-09-11T12:18:08.144+0000][1][safepoint    ] Safepoint "RevokeBias", Time since last: 12309987 ns, Reaching safepoint: 137387 ns, At safepoint: 10449 ns, Total: 147836 ns
[2020-09-11T12:18:08.156+0000][1][safepoint    ] Safepoint "RevokeBias", Time since last: 11848939 ns, Reaching safepoint: 137556 ns, At safepoint: 9696 ns, Total: 147252 ns
[2020-09-11T12:18:08.498+0000][1][safepoint    ] Safepoint "RevokeBias", Time since last: 342178583 ns, Reaching safepoint: 122543 ns, At safepoint: 24039 ns, Total: 146582 ns
[2020-09-11T12:18:08.498+0000][1][safepoint    ] Safepoint "RevokeBias", Time since last: 73648 ns, Reaching safepoint: 88421 ns, At safepoint: 16798 ns, Total: 105219 ns
[2020-09-11T12:18:08.498+0000][1][safepoint    ] Safepoint "RevokeBias", Time since last: 214392 ns, Reaching safepoint: 89315 ns, At safepoint: 15813 ns, Total: 105128 ns
[2020-09-11T12:18:08.506+0000][1][safepoint    ] Safepoint "RevokeBias", Time since last: 7065577 ns, Reaching safepoint: 116002 ns, At safepoint: 15224 ns, Total: 131226 ns
[2020-09-11T12:18:09.506+0000][1][safepoint    ] Safepoint "Cleanup", Time since last: 1000168509 ns, Reaching safepoint: 108409 ns, At safepoint: 18639 ns, Total: 127048 ns
[2020-09-11T12:18:10.506+0000][1][safepoint    ] Safepoint "Cleanup", Time since last: 1000223177 ns, Reaching safepoint: 85113 ns, At safepoint: 7738 ns, Total: 92851 ns
[2020-09-11T12:18:11.506+0000][1][safepoint    ] Safepoint "Cleanup", Time since last: 1000171919 ns, Reaching safepoint: 96261 ns, At safepoint: 18088 ns, Total: 114349 ns
[2020-09-11T12:18:12.507+0000][1][safepoint    ] Safepoint "Cleanup", Time since last: 1000218373 ns, Reaching safepoint: 98392 ns, At safepoint: 18513 ns, Total: 116905 ns
[2020-09-11T12:18:13.507+0000][1][safepoint    ] Safepoint "Cleanup", Time since last: 1000224967 ns, Reaching safepoint: 78528 ns, At safepoint: 7445 ns, Total: 85973 ns
[2020-09-11T12:18:14.507+0000][1][safepoint    ] Safepoint "Cleanup", Time since last: 1000162095 ns, Reaching safepoint: 135327 ns, At safepoint: 16812 ns, Total: 152139 ns
[2020-09-11T12:18:15.508+0000][1][safepoint    ] Safepoint "Cleanup", Time since last: 1000148018 ns, Reaching safepoint: 65851 ns, At safepoint: 6885 ns, Total: 72736 ns
[2020-09-11T12:18:16.508+0000][1][safepoint    ] Safepoint "Cleanup", Time since last: 1000163003 ns, Reaching safepoint: 79277 ns, At safepoint: 7582 ns, Total: 86859 ns
[2020-09-11T12:18:17.508+0000][1][safepoint    ] Safepoint "Cleanup", Time since last: 1000191428 ns, Reaching safepoint: 115134 ns, At safepoint: 18686 ns, Total: 133820 ns
[2020-09-11T12:18:18.509+0000][1][safepoint    ] Safepoint "Cleanup", Time since last: 1000223420 ns, Reaching safepoint: 118004 ns, At safepoint: 19351 ns, Total: 137355 ns
[2020-09-11T12:18:19.509+0000][1][safepoint    ] Safepoint "Cleanup", Time since last: 1000178416 ns, Reaching safepoint: 107313 ns, At safepoint: 17359 ns, Total: 124672 ns
[2020-09-11T12:18:20.509+0000][1][safepoint    ] Safepoint "Cleanup", Time since last: 1000213059 ns, Reaching safepoint: 108820 ns, At safepoint: 18432 ns, Total: 127252 ns
[2020-09-11T12:18:21.510+0000][1][safepoint    ] Safepoint "Cleanup", Time since last: 1000214017 ns, Reaching safepoint: 81899 ns, At safepoint: 7762 ns, Total: 89661 ns
[2020-09-11T12:18:22.510+0000][1][safepoint    ] Safepoint "Cleanup", Time since last: 1000177046 ns, Reaching safepoint: 98396 ns, At safepoint: 18318 ns, Total: 116714 ns
[2020-09-11T12:18:23.510+0000][1][safepoint    ] Safepoint "Cleanup", Time since last: 1000224519 ns, Reaching safepoint: 78380 ns, At safepoint: 7907 ns, Total: 86287 ns
[2020-09-11T12:18:24.510+0000][1][safepoint    ] Safepoint "Cleanup", Time since last: 1000178443 ns, Reaching safepoint: 98970 ns, At safepoint: 17533 ns, Total: 116503 ns
[2020-09-11T12:18:25.511+0000][1][safepoint    ] Safepoint "Cleanup", Time since last: 1000210326 ns, Reaching safepoint: 88679 ns, At safepoint: 8560 ns, Total: 97239 ns
[2020-09-11T12:18:26.511+0000][1][safepoint    ] Safepoint "Cleanup", Time since last: 1000186335 ns, Reaching safepoint: 81248 ns, At safepoint: 8338 ns, Total: 89586 ns
[2020-09-11T12:18:27.511+0000][1][safepoint    ] Safepoint "Cleanup", Time since last: 1000185720 ns, Reaching safepoint: 100751 ns, At safepoint: 19047 ns, Total: 119798 ns
[2020-09-11T12:18:28.512+0000][1][safepoint    ] Safepoint "Cleanup", Time since last: 1000266912 ns, Reaching safepoint: 106868 ns, At safepoint: 18403 ns, Total: 125271 ns
[2020-09-11T12:18:29.512+0000][1][safepoint    ] Safepoint "Cleanup", Time since last: 1000202218 ns, Reaching safepoint: 105442 ns, At safepoint: 18626 ns, Total: 124068 ns
[2020-09-11T12:18:30.512+0000][1][safepoint    ] Safepoint "Cleanup", Time since last: 1000245645 ns, Reaching safepoint: 113931 ns, At safepoint: 19140 ns, Total: 133071 ns
[2020-09-11T12:18:31.513+0000][1][safepoint    ] Safepoint "Cleanup", Time since last: 1000202159 ns, Reaching safepoint: 81340 ns, At safepoint: 8140 ns, Total: 89480 ns
[2020-09-11T12:18:32.513+0000][1][safepoint    ] Safepoint "Cleanup", Time since last: 1000138226 ns, Reaching safepoint: 108121 ns, At safepoint: 16488 ns, Total: 124609 ns
[2020-09-11T12:18:33.513+0000][1][safepoint    ] Safepoint "Cleanup", Time since last: 1000226148 ns, Reaching safepoint: 86171 ns, At safepoint: 7472 ns, Total: 93643 ns
[2020-09-11T12:18:34.514+0000][1][safepoint    ] Safepoint "Cleanup", Time since last: 1000136934 ns, Reaching safepoint: 100771 ns, At safepoint: 16178 ns, Total: 116949 ns
[2020-09-11T12:18:35.514+0000][1][safepoint    ] Safepoint "Cleanup", Time since last: 1000171382 ns, Reaching safepoint: 114252 ns, At safepoint: 19114 ns, Total: 133366 ns
[2020-09-11T12:18:36.514+0000][1][safepoint    ] Safepoint "Cleanup", Time since last: 1000231268 ns, Reaching safepoint: 101744 ns, At safepoint: 19254 ns, Total: 120998 ns
[2020-09-11T12:18:37.515+0000][1][safepoint    ] Safepoint "Cleanup", Time since last: 1000214730 ns, Reaching safepoint: 104235 ns, At safepoint: 19041 ns, Total: 123276 ns
[2020-09-11T12:18:38.158+0000][1][safepoint    ] Safepoint "RevokeBias", Time since last: 643669226 ns, Reaching safepoint: 214702 ns, At safepoint: 24366 ns, Total: 239068 ns
[2020-09-11T12:18:38.159+0000][1][safepoint    ] Safepoint "RevokeBias", Time since last: 175890 ns, Reaching safepoint: 163552 ns, At safepoint: 17537 ns, Total: 181089 ns
[2020-09-11T12:18:38.166+0000][1][gc,start     ] GC(66) Pause Young (Allocation Failure)
[2020-09-11T12:18:38.166+0000][1][gc,task      ] GC(66) Using 1 workers of 1 for evacuation
[2020-09-11T12:18:38.188+0000][1][gc,age       ] GC(66) Desired survivor size 4358144 bytes, new threshold 6 (max threshold 6)
[2020-09-11T12:18:38.188+0000][1][gc,age       ] GC(66) Age table with threshold 6 (max threshold 6)
[2020-09-11T12:18:38.188+0000][1][gc,age       ] GC(66) - age   1:     617192 bytes,     617192 total
[2020-09-11T12:18:38.188+0000][1][gc,age       ] GC(66) - age   2:    1360640 bytes,    1977832 total
[2020-09-11T12:18:38.188+0000][1][gc,heap      ] GC(66) ParNew: 74355K->5091K(76672K)
[2020-09-11T12:18:38.188+0000][1][gc,heap      ] GC(66) CMS: 59223K->62703K(439104K)
[2020-09-11T12:18:38.188+0000][1][gc,metaspace ] GC(66) Metaspace: 72842K->72842K(1116160K)
[2020-09-11T12:18:38.188+0000][1][gc           ] GC(66) Pause Young (Allocation Failure) 130M->66M(503M) 21.502ms
[2020-09-11T12:18:38.188+0000][1][gc,cpu       ] GC(66) User=0.03s Sys=0.00s Real=0.02s
[2020-09-11T12:18:38.188+0000][1][safepoint    ] Safepoint "GenCollectForAllocation", Time since last: 7269394 ns, Reaching safepoint: 168916 ns, At safepoint: 21572392 ns, Total: 21741308 ns
[2020-09-11T12:18:38.190+0000][1][safepoint    ] Safepoint "RevokeBias", Time since last: 2522842 ns, Reaching safepoint: 47330 ns, At safepoint: 29662 ns, Total: 76992 ns
[2020-09-11T12:18:39.192+0000][1][safepoint    ] Safepoint "Cleanup", Time since last: 1001656299 ns, Reaching safepoint: 106177 ns, At safepoint: 16742 ns, Total: 122919 ns
[2020-09-11T12:18:40.193+0000][1][safepoint    ] Safepoint "Cleanup", Time since last: 1000170784 ns, Reaching safepoint: 102285 ns, At safepoint: 15245 ns, Total: 117530 ns
[2020-09-11T12:18:41.193+0000][1][safepoint    ] Safepoint "Cleanup", Time since last: 1000228505 ns, Reaching safepoint: 81012 ns, At safepoint: 7413 ns, Total: 88425 ns
[2020-09-11T12:18:42.193+0000][1][safepoint    ] Safepoint "Cleanup", Time since last: 1000214978 ns, Reaching safepoint: 77280 ns, At safepoint: 5986 ns, Total: 83266 ns
[2020-09-11T12:18:42.548+0000][1][safepoint    ] Safepoint "RevokeBias", Time since last: 354466238 ns, Reaching safepoint: 59099 ns, At safepoint: 21107 ns, Total: 80206 ns
[2020-09-11T12:18:43.548+0000][1][safepoint    ] Safepoint "Cleanup", Time since last: 1000177904 ns, Reaching safepoint: 98155 ns, At safepoint: 17480 ns, Total: 115635 ns
[2020-09-11T12:18:44.060+0000][1][safepoint    ] Safepoint "Deoptimize", Time since last: 511899689 ns, Reaching safepoint: 170538 ns, At safepoint: 441084 ns, Total: 611622 ns
[2020-09-11T12:18:44.067+0000][1][safepoint    ] Safepoint "Deoptimize", Time since last: 6127670 ns, Reaching safepoint: 174111 ns, At safepoint: 462713 ns, Total: 636824 ns
[2020-09-11T12:18:45.068+0000][1][safepoint    ] Safepoint "Cleanup", Time since last: 1000162903 ns, Reaching safepoint: 104399 ns, At safepoint: 17267 ns, Total: 121666 ns
[2020-09-11T12:18:46.068+0000][1][safepoint    ] Safepoint "Cleanup", Time since last: 1000220518 ns, Reaching safepoint: 123212 ns, At safepoint: 19769 ns, Total: 142981 ns
[2020-09-11T12:18:47.068+0000][1][safepoint    ] Safepoint "Cleanup", Time since last: 1000214531 ns, Reaching safepoint: 86144 ns, At safepoint: 7248 ns, Total: 93392 ns
[2020-09-11T12:18:48.069+0000][1][safepoint    ] Safepoint "Cleanup", Time since last: 1000178131 ns, Reaching safepoint: 113798 ns, At safepoint: 17721 ns, Total: 131519 ns
[2020-09-11T12:18:49.069+0000][1][safepoint    ] Safepoint "Cleanup", Time since last: 1000200873 ns, Reaching safepoint: 108345 ns, At safepoint: 17393 ns, Total: 125738 ns
[2020-09-11T12:18:50.069+0000][1][safepoint    ] Safepoint "Cleanup", Time since last: 1000209844 ns, Reaching safepoint: 98767 ns, At safepoint: 17116 ns, Total: 115883 ns
[2020-09-11T12:18:51.070+0000][1][safepoint    ] Safepoint "Cleanup", Time since last: 1000203306 ns, Reaching safepoint: 112712 ns, At safepoint: 18375 ns, Total: 131087 ns
[2020-09-11T12:18:52.070+0000][1][safepoint    ] Safepoint "Cleanup", Time since last: 1000236547 ns, Reaching safepoint: 87853 ns, At safepoint: 7392 ns, Total: 95245 ns
[2020-09-11T12:18:53.070+0000][1][safepoint    ] Safepoint "Cleanup", Time since last: 1000182688 ns, Reaching safepoint: 109575 ns, At safepoint: 18753 ns, Total: 128328 ns
[2020-09-11T12:18:54.070+0000][1][safepoint    ] Safepoint "Cleanup", Time since last: 1000193549 ns, Reaching safepoint: 69335 ns, At safepoint: 7544 ns, Total: 76879 ns
[2020-09-11T12:18:55.071+0000][1][safepoint    ] Safepoint "Cleanup", Time since last: 1000167566 ns, Reaching safepoint: 99585 ns, At safepoint: 18141 ns, Total: 117726 ns
[2020-09-11T12:18:56.071+0000][1][safepoint    ] Safepoint "Cleanup", Time since last: 1000219073 ns, Reaching safepoint: 102458 ns, At safepoint: 17958 ns, Total: 120416 ns
[2020-09-11T12:18:57.071+0000][1][safepoint    ] Safepoint "Cleanup", Time since last: 1000209703 ns, Reaching safepoint: 109150 ns, At safepoint: 18296 ns, Total: 127446 ns
[2020-09-11T12:18:58.072+0000][1][safepoint    ] Safepoint "Cleanup", Time since last: 1000302328 ns, Reaching safepoint: 86151 ns, At safepoint: 8135 ns, Total: 94286 ns
[2020-09-11T12:18:59.072+0000][1][safepoint    ] Safepoint "Cleanup", Time since last: 1000178715 ns, Reaching safepoint: 102939 ns, At safepoint: 18075 ns, Total: 121014 ns
[2020-09-11T12:19:00.072+0000][1][safepoint    ] Safepoint "Cleanup", Time since last: 1000221926 ns, Reaching safepoint: 83617 ns, At safepoint: 7714 ns, Total: 91331 ns
[2020-09-11T12:19:01.073+0000][1][safepoint    ] Safepoint "Cleanup", Time since last: 1000174966 ns, Reaching safepoint: 111603 ns, At safepoint: 18128 ns, Total: 129731 ns
[2020-09-11T12:19:02.073+0000][1][safepoint    ] Safepoint "Cleanup", Time since last: 1000196007 ns, Reaching safepoint: 137285 ns, At safepoint: 18990 ns, Total: 156275 ns
[2020-09-11T12:19:03.073+0000][1][safepoint    ] Safepoint "Cleanup", Time since last: 1000229473 ns, Reaching safepoint: 83349 ns, At safepoint: 7877 ns, Total: 91226 ns
[2020-09-11T12:19:04.074+0000][1][safepoint    ] Safepoint "Cleanup", Time since last: 1000205351 ns, Reaching safepoint: 79495 ns, At safepoint: 7093 ns, Total: 86588 ns
[2020-09-11T12:19:05.074+0000][1][safepoint    ] Safepoint "Cleanup", Time since last: 1000141259 ns, Reaching safepoint: 89001 ns, At safepoint: 19540 ns, Total: 108541 ns
[2020-09-11T12:19:06.074+0000][1][safepoint    ] Safepoint "Cleanup", Time since last: 1000173883 ns, Reaching safepoint: 109949 ns, At safepoint: 18686 ns, Total: 128635 ns
[2020-09-11T12:19:07.075+0000][1][safepoint    ] Safepoint "Cleanup", Time since last: 1000234194 ns, Reaching safepoint: 97089 ns, At safepoint: 18188 ns, Total: 115277 ns
[2020-09-11T12:19:08.075+0000][1][safepoint    ] Safepoint "Cleanup", Time since last: 1000212358 ns, Reaching safepoint: 78471 ns, At safepoint: 7966 ns, Total: 86437 ns
[2020-09-11T12:19:09.075+0000][1][safepoint    ] Safepoint "Cleanup", Time since last: 1000166342 ns, Reaching safepoint: 67167 ns, At safepoint: 9388 ns, Total: 76555 ns
[2020-09-11T12:19:10.075+0000][1][safepoint    ] Safepoint "Cleanup", Time since last: 1000187478 ns, Reaching safepoint: 91807 ns, At safepoint: 112501 ns, Total: 204308 ns
[2020-09-11T12:19:11.076+0000][1][safepoint    ] Safepoint "Cleanup", Time since last: 1000213279 ns, Reaching safepoint: 109625 ns, At safepoint: 17848 ns, Total: 127473 ns
[2020-09-11T12:19:12.076+0000][1][safepoint    ] Safepoint "Cleanup", Time since last: 1000218162 ns, Reaching safepoint: 104883 ns, At safepoint: 88630 ns, Total: 193513 ns
[2020-09-11T12:19:13.077+0000][1][safepoint    ] Safepoint "Cleanup", Time since last: 1000214790 ns, Reaching safepoint: 110136 ns, At safepoint: 19188 ns, Total: 129324 ns
[2020-09-11T12:19:14.077+0000][1][safepoint    ] Safepoint "Cleanup", Time since last: 1000148310 ns, Reaching safepoint: 58351 ns, At safepoint: 5771 ns, Total: 64122 ns
[2020-09-11T12:19:15.077+0000][1][safepoint    ] Safepoint "Cleanup", Time since last: 1000153408 ns, Reaching safepoint: 108866 ns, At safepoint: 15659 ns, Total: 124525 ns
[2020-09-11T12:19:15.131+0000][1][safepoint    ] Safepoint "RevokeBias", Time since last: 53775728 ns, Reaching safepoint: 51267 ns, At safepoint: 17941 ns, Total: 69208 ns
[2020-09-11T12:19:15.131+0000][1][safepoint    ] Safepoint "RevokeBias", Time since last: 78498 ns, Reaching safepoint: 16903 ns, At safepoint: 11309 ns, Total: 28212 ns
[2020-09-11T12:19:15.131+0000][1][safepoint    ] Safepoint "RevokeBias", Time since last: 202789 ns, Reaching safepoint: 17148 ns, At safepoint: 10205 ns, Total: 27353 ns
[2020-09-11T12:19:15.131+0000][1][safepoint    ] Safepoint "RevokeBias", Time since last: 42949 ns, Reaching safepoint: 16018 ns, At safepoint: 8951 ns, Total: 24969 ns
[2020-09-11T12:19:16.132+0000][1][safepoint    ] Safepoint "Cleanup", Time since last: 1000119622 ns, Reaching safepoint: 123814 ns, At safepoint: 18462 ns, Total: 142276 ns
[2020-09-11T12:19:17.132+0000][1][safepoint    ] Safepoint "Cleanup", Time since last: 1000206335 ns, Reaching safepoint: 102221 ns, At safepoint: 18600 ns, Total: 120821 ns
[2020-09-11T12:19:18.132+0000][1][safepoint    ] Safepoint "Cleanup", Time since last: 1000182290 ns, Reaching safepoint: 98002 ns, At safepoint: 16718 ns, Total: 114720 ns
[2020-09-11T12:19:19.133+0000][1][safepoint    ] Safepoint "Cleanup", Time since last: 1000222548 ns, Reaching safepoint: 188753 ns, At safepoint: 18426 ns, Total: 207179 ns
[2020-09-11T12:19:20.133+0000][1][safepoint    ] Safepoint "Cleanup", Time since last: 1000231985 ns, Reaching safepoint: 96401 ns, At safepoint: 17607 ns, Total: 114008 ns
[2020-09-11T12:19:21.133+0000][1][safepoint    ] Safepoint "Cleanup", Time since last: 1000188599 ns, Reaching safepoint: 101184 ns, At safepoint: 7591 ns, Total: 108775 ns
[2020-09-11T12:19:22.134+0000][1][safepoint    ] Safepoint "Cleanup", Time since last: 1000198585 ns, Reaching safepoint: 85792 ns, At safepoint: 7731 ns, Total: 93523 ns
[2020-09-11T12:19:23.134+0000][1][safepoint    ] Safepoint "Cleanup", Time since last: 1000212744 ns, Reaching safepoint: 116250 ns, At safepoint: 17821 ns, Total: 134071 ns
[2020-09-11T12:19:24.134+0000][1][safepoint    ] Safepoint "Cleanup", Time since last: 1000226002 ns, Reaching safepoint: 103411 ns, At safepoint: 17961 ns, Total: 121372 ns
[2020-09-11T12:19:25.135+0000][1][safepoint    ] Safepoint "Cleanup", Time since last: 1000202758 ns, Reaching safepoint: 118362 ns, At safepoint: 17480 ns, Total: 135842 ns
[2020-09-11T12:19:26.135+0000][1][safepoint    ] Safepoint "Cleanup", Time since last: 1000244800 ns, Reaching safepoint: 126080 ns, At safepoint: 10308 ns, Total: 136388 ns
[2020-09-11T12:19:27.135+0000][1][safepoint    ] Safepoint "Cleanup", Time since last: 1000155639 ns, Reaching safepoint: 70801 ns, At safepoint: 8158 ns, Total: 78959 ns
[2020-09-11T12:19:28.136+0000][1][safepoint    ] Safepoint "Cleanup", Time since last: 1000196774 ns, Reaching safepoint: 109662 ns, At safepoint: 15278 ns, Total: 124940 ns
[2020-09-11T12:19:29.136+0000][1][safepoint    ] Safepoint "Cleanup", Time since last: 1000220569 ns, Reaching safepoint: 96311 ns, At safepoint: 16307 ns, Total: 112618 ns
[2020-09-11T12:19:30.136+0000][1][safepoint    ] Safepoint "Cleanup", Time since last: 1000189870 ns, Reaching safepoint: 104500 ns, At safepoint: 17129 ns, Total: 121629 ns
[2020-09-11T12:19:31.136+0000][1][safepoint    ] Safepoint "Cleanup", Time since last: 1000215096 ns, Reaching safepoint: 81144 ns, At safepoint: 7455 ns, Total: 88599 ns
[2020-09-11T12:19:32.137+0000][1][safepoint    ] Safepoint "Cleanup", Time since last: 1000173749 ns, Reaching safepoint: 107674 ns, At safepoint: 18455 ns, Total: 126129 ns
[2020-09-11T12:19:33.137+0000][1][safepoint    ] Safepoint "Cleanup", Time since last: 1000171493 ns, Reaching safepoint: 92958 ns, At safepoint: 20514 ns, Total: 113472 ns
[2020-09-11T12:19:34.137+0000][1][safepoint    ] Safepoint "Cleanup", Time since last: 1000214863 ns, Reaching safepoint: 73082 ns, At safepoint: 7537 ns, Total: 80619 ns
[2020-09-11T12:19:35.138+0000][1][safepoint    ] Safepoint "Cleanup", Time since last: 1000191370 ns, Reaching safepoint: 89505 ns, At safepoint: 7295 ns, Total: 96800 ns
[2020-09-11T12:19:36.138+0000][1][safepoint    ] Safepoint "Cleanup", Time since last: 1000194080 ns, Reaching safepoint: 81303 ns, At safepoint: 7716 ns, Total: 89019 ns
[2020-09-11T12:19:37.138+0000][1][safepoint    ] Safepoint "Cleanup", Time since last: 1000188303 ns, Reaching safepoint: 74510 ns, At safepoint: 7668 ns, Total: 82178 ns
[2020-09-11T12:19:38.138+0000][1][safepoint    ] Safepoint "Cleanup", Time since last: 1000139055 ns, Reaching safepoint: 60660 ns, At safepoint: 7466 ns, Total: 68126 ns
[2020-09-11T12:19:39.139+0000][1][safepoint    ] Safepoint "Cleanup", Time since last: 1000119315 ns, Reaching safepoint: 172427 ns, At safepoint: 7251 ns, Total: 179678 ns
[2020-09-11T12:19:40.139+0000][1][safepoint    ] Safepoint "Cleanup", Time since last: 1000167860 ns, Reaching safepoint: 110363 ns, At safepoint: 18108 ns, Total: 128471 ns
[2020-09-11T12:19:41.139+0000][1][safepoint    ] Safepoint "Cleanup", Time since last: 1000188021 ns, Reaching safepoint: 117750 ns, At safepoint: 19020 ns, Total: 136770 ns
[2020-09-11T12:19:42.140+0000][1][safepoint    ] Safepoint "Cleanup", Time since last: 1000218614 ns, Reaching safepoint: 53872 ns, At safepoint: 7070 ns, Total: 60942 ns
[2020-09-11T12:19:42.919+0000][1][gc,start     ] GC(67) Pause Young (Allocation Failure)
[2020-09-11T12:19:42.919+0000][1][gc,task      ] GC(67) Using 1 workers of 1 for evacuation
[2020-09-11T12:19:42.927+0000][1][gc,age       ] GC(67) Desired survivor size 4358144 bytes, new threshold 6 (max threshold 6)
[2020-09-11T12:19:42.928+0000][1][gc,age       ] GC(67) Age table with threshold 6 (max threshold 6)
[2020-09-11T12:19:42.928+0000][1][gc,age       ] GC(67) - age   1:      61104 bytes,      61104 total
[2020-09-11T12:19:42.928+0000][1][gc,age       ] GC(67) - age   2:     591584 bytes,     652688 total
[2020-09-11T12:19:42.928+0000][1][gc,age       ] GC(67) - age   3:    1360520 bytes,    2013208 total
[2020-09-11T12:19:42.928+0000][1][gc,heap      ] GC(67) ParNew: 73251K->3511K(76672K)
[2020-09-11T12:19:42.928+0000][1][gc,heap      ] GC(67) CMS: 62703K->62703K(439104K)
[2020-09-11T12:19:42.928+0000][1][gc,metaspace ] GC(67) Metaspace: 73346K->73346K(1116160K)
[2020-09-11T12:19:42.928+0000][1][gc           ] GC(67) Pause Young (Allocation Failure) 132M->64M(503M) 8.848ms
[2020-09-11T12:19:42.928+0000][1][gc,cpu       ] GC(67) User=0.01s Sys=0.00s Real=0.01s
[2020-09-11T12:19:42.928+0000][1][safepoint    ] Safepoint "GenCollectForAllocation", Time since last: 778967053 ns, Reaching safepoint: 171852 ns, At safepoint: 8908714 ns, Total: 9080566 ns
[2020-09-11T12:19:43.936+0000][1][safepoint    ] Safepoint "Cleanup", Time since last: 1007812467 ns, Reaching safepoint: 76388 ns, At safepoint: 7162 ns, Total: 83550 ns
[2020-09-11T12:19:44.936+0000][1][safepoint    ] Safepoint "Cleanup", Time since last: 1000125087 ns, Reaching safepoint: 108340 ns, At safepoint: 6475 ns, Total: 114815 ns
[2020-09-11T12:19:45.138+0000][1][safepoint    ] Safepoint "RevokeBias", Time since last: 201907573 ns, Reaching safepoint: 199701 ns, At safepoint: 63489 ns, Total: 263190 ns
[2020-09-11T12:19:46.138+0000][1][safepoint    ] Safepoint "Cleanup", Time since last: 1000232144 ns, Reaching safepoint: 77629 ns, At safepoint: 7800 ns, Total: 85429 ns
[2020-09-11T12:19:47.139+0000][1][safepoint    ] Safepoint "Cleanup", Time since last: 1000198479 ns, Reaching safepoint: 116798 ns, At safepoint: 17871 ns, Total: 134669 ns
[2020-09-11T12:19:48.139+0000][1][safepoint    ] Safepoint "Cleanup", Time since last: 1000213872 ns, Reaching safepoint: 101673 ns, At safepoint: 16718 ns, Total: 118391 ns
[2020-09-11T12:19:49.139+0000][1][safepoint    ] Safepoint "Cleanup", Time since last: 1000214649 ns, Reaching safepoint: 107664 ns, At safepoint: 17537 ns, Total: 125201 ns
[2020-09-11T12:19:50.140+0000][1][safepoint    ] Safepoint "Cleanup", Time since last: 1000251941 ns, Reaching safepoint: 114265 ns, At safepoint: 18626 ns, Total: 132891 ns
[2020-09-11T12:19:51.140+0000][1][safepoint    ] Safepoint "Cleanup", Time since last: 1000194490 ns, Reaching safepoint: 110499 ns, At safepoint: 8244 ns, Total: 118743 ns
[2020-09-11T12:19:52.140+0000][1][safepoint    ] Safepoint "Cleanup", Time since last: 1000136756 ns, Reaching safepoint: 113918 ns, At safepoint: 7182 ns, Total: 121100 ns
[2020-09-11T12:19:53.141+0000][1][safepoint    ] Safepoint "Cleanup", Time since last: 1000182232 ns, Reaching safepoint: 85770 ns, At safepoint: 7510 ns, Total: 93280 ns
[2020-09-11T12:19:54.141+0000][1][safepoint    ] Safepoint "Cleanup", Time since last: 1000184581 ns, Reaching safepoint: 76253 ns, At safepoint: 7757 ns, Total: 84010 ns
[2020-09-11T12:19:55.141+0000][1][safepoint    ] Safepoint "Cleanup", Time since last: 1000186391 ns, Reaching safepoint: 77486 ns, At safepoint: 7880 ns, Total: 85366 ns
[2020-09-11T12:19:56.141+0000][1][safepoint    ] Safepoint "Cleanup", Time since last: 1000145135 ns, Reaching safepoint: 100076 ns, At safepoint: 7665 ns, Total: 107741 ns
[2020-09-11T12:19:57.142+0000][1][safepoint    ] Safepoint "Cleanup", Time since last: 1000186132 ns, Reaching safepoint: 103096 ns, At safepoint: 17383 ns, Total: 120479 ns
[2020-09-11T12:19:58.142+0000][1][safepoint    ] Safepoint "Cleanup", Time since last: 1000233288 ns, Reaching safepoint: 82342 ns, At safepoint: 8006 ns, Total: 90348 ns
[2020-09-11T12:19:59.142+0000][1][safepoint    ] Safepoint "Cleanup", Time since last: 1000170698 ns, Reaching safepoint: 94218 ns, At safepoint: 7715 ns, Total: 101933 ns
[2020-09-11T12:20:00.143+0000][1][safepoint    ] Safepoint "Cleanup", Time since last: 1000144889 ns, Reaching safepoint: 133326 ns, At safepoint: 17744 ns, Total: 151070 ns
[2020-09-11T12:20:01.143+0000][1][safepoint    ] Safepoint "Cleanup", Time since last: 1000185631 ns, Reaching safepoint: 122632 ns, At safepoint: 7456 ns, Total: 130088 ns
[2020-09-11T12:20:02.143+0000][1][safepoint    ] Safepoint "Cleanup", Time since last: 1000193281 ns, Reaching safepoint: 81314 ns, At safepoint: 7963 ns, Total: 89277 ns
[2020-09-11T12:20:03.143+0000][1][safepoint    ] Safepoint "Cleanup", Time since last: 1000165567 ns, Reaching safepoint: 193846 ns, At safepoint: 7198 ns, Total: 201044 ns
[2020-09-11T12:20:04.144+0000][1][safepoint    ] Safepoint "Cleanup", Time since last: 1000133356 ns, Reaching safepoint: 103934 ns, At safepoint: 7562 ns, Total: 111496 ns
[2020-09-11T12:20:05.144+0000][1][safepoint    ] Safepoint "Cleanup", Time since last: 1000191962 ns, Reaching safepoint: 90317 ns, At safepoint: 7238 ns, Total: 97555 ns
[2020-09-11T12:20:06.144+0000][1][safepoint    ] Safepoint "Cleanup", Time since last: 1000137850 ns, Reaching safepoint: 105881 ns, At safepoint: 6882 ns, Total: 112763 ns
[2020-09-11T12:20:07.145+0000][1][safepoint    ] Safepoint "Cleanup", Time since last: 1000169097 ns, Reaching safepoint: 89898 ns, At safepoint: 7026 ns, Total: 96924 ns
[2020-09-11T12:20:08.145+0000][1][safepoint    ] Safepoint "Cleanup", Time since last: 1000191044 ns, Reaching safepoint: 88028 ns, At safepoint: 7529 ns, Total: 95557 ns
[2020-09-11T12:20:09.145+0000][1][safepoint    ] Safepoint "Cleanup", Time since last: 1000141345 ns, Reaching safepoint: 106819 ns, At safepoint: 7832 ns, Total: 114651 ns
[2020-09-11T12:20:10.145+0000][1][safepoint    ] Safepoint "Cleanup", Time since last: 1000164510 ns, Reaching safepoint: 88071 ns, At safepoint: 7196 ns, Total: 95267 ns
[2020-09-11T12:20:11.146+0000][1][safepoint    ] Safepoint "Cleanup", Time since last: 1000145676 ns, Reaching safepoint: 109963 ns, At safepoint: 17747 ns, Total: 127710 ns
[2020-09-11T12:20:12.146+0000][1][safepoint    ] Safepoint "Cleanup", Time since last: 1000188987 ns, Reaching safepoint: 102194 ns, At safepoint: 18362 ns, Total: 120556 ns
[2020-09-11T12:20:13.146+0000][1][safepoint    ] Safepoint "Cleanup", Time since last: 1000180417 ns, Reaching safepoint: 112665 ns, At safepoint: 19495 ns, Total: 132160 ns
[2020-09-11T12:20:14.147+0000][1][safepoint    ] Safepoint "Cleanup", Time since last: 1000221464 ns, Reaching safepoint: 107299 ns, At safepoint: 18613 ns, Total: 125912 ns
[2020-09-11T12:20:15.147+0000][1][safepoint    ] Safepoint "Cleanup", Time since last: 1000233174 ns, Reaching safepoint: 83291 ns, At safepoint: 7679 ns, Total: 90970 ns
[2020-09-11T12:20:16.147+0000][1][safepoint    ] Safepoint "Cleanup", Time since last: 1000200882 ns, Reaching safepoint: 85288 ns, At safepoint: 7629 ns, Total: 92917 ns
[2020-09-11T12:20:17.148+0000][1][safepoint    ] Safepoint "Cleanup", Time since last: 1000232414 ns, Reaching safepoint: 140108 ns, At safepoint: 14253 ns, Total: 154361 ns
[2020-09-11T12:20:18.148+0000][1][safepoint    ] Safepoint "Cleanup", Time since last: 1000211809 ns, Reaching safepoint: 103962 ns, At safepoint: 19264 ns, Total: 123226 ns
[2020-09-11T12:20:19.148+0000][1][safepoint    ] Safepoint "Cleanup", Time since last: 1000184963 ns, Reaching safepoint: 104199 ns, At safepoint: 16661 ns, Total: 120860 ns
[2020-09-11T12:20:20.149+0000][1][safepoint    ] Safepoint "Cleanup", Time since last: 1000334348 ns, Reaching safepoint: 88636 ns, At safepoint: 7098 ns, Total: 95734 ns
[2020-09-11T12:20:21.149+0000][1][safepoint    ] Safepoint "Cleanup", Time since last: 1000191450 ns, Reaching safepoint: 84908 ns, At safepoint: 7118 ns, Total: 92026 ns
[2020-09-11T12:20:22.149+0000][1][safepoint    ] Safepoint "Cleanup", Time since last: 1000191622 ns, Reaching safepoint: 73310 ns, At safepoint: 7447 ns, Total: 80757 ns
[2020-09-11T12:20:23.149+0000][1][safepoint    ] Safepoint "Cleanup", Time since last: 1000170720 ns, Reaching safepoint: 88636 ns, At safepoint: 7591 ns, Total: 96227 ns
[2020-09-11T12:20:24.150+0000][1][safepoint    ] Safepoint "Cleanup", Time since last: 1000179421 ns, Reaching safepoint: 81191 ns, At safepoint: 7563 ns, Total: 88754 ns
[2020-09-11T12:20:25.150+0000][1][safepoint    ] Safepoint "Cleanup", Time since last: 1000223773 ns, Reaching safepoint: 58260 ns, At safepoint: 7560 ns, Total: 65820 ns
[2020-09-11T12:20:26.151+0000][1][safepoint    ] Safepoint "Cleanup", Time since last: 1000181767 ns, Reaching safepoint: 261035 ns, At safepoint: 21252 ns, Total: 282287 ns
[2020-09-11T12:20:27.151+0000][1][safepoint    ] Safepoint "Cleanup", Time since last: 1000252151 ns, Reaching safepoint: 116354 ns, At safepoint: 17917 ns, Total: 134271 ns
[2020-09-11T12:20:28.151+0000][1][safepoint    ] Safepoint "Cleanup", Time since last: 1000221011 ns, Reaching safepoint: 79564 ns, At safepoint: 7790 ns, Total: 87354 ns
[2020-09-11T12:20:29.152+0000][1][safepoint    ] Safepoint "Cleanup", Time since last: 1000130013 ns, Reaching safepoint: 282464 ns, At safepoint: 18586 ns, Total: 301050 ns
[2020-09-11T12:20:31.057+0000][1][safepoint    ] Safepoint "Cleanup", Time since last: 1905403047 ns, Reaching safepoint: 217482 ns, At safepoint: 19144 ns, Total: 236626 ns
[2020-09-11T12:20:32.058+0000][1][safepoint    ] Safepoint "Cleanup", Time since last: 1000167775 ns, Reaching safepoint: 96457 ns, At safepoint: 8041 ns, Total: 104498 ns
[2020-09-11T12:20:33.058+0000][1][safepoint    ] Safepoint "Cleanup", Time since last: 1000141353 ns, Reaching safepoint: 110586 ns, At safepoint: 18907 ns, Total: 129493 ns
[2020-09-11T12:20:34.058+0000][1][safepoint    ] Safepoint "Cleanup", Time since last: 1000210692 ns, Reaching safepoint: 107242 ns, At safepoint: 7632 ns, Total: 114874 ns
[2020-09-11T12:20:35.059+0000][1][safepoint    ] Safepoint "Cleanup", Time since last: 1000748284 ns, Reaching safepoint: 63906 ns, At safepoint: 7324 ns, Total: 71230 ns
[2020-09-11T12:20:36.060+0000][1][safepoint    ] Safepoint "Cleanup", Time since last: 1001015797 ns, Reaching safepoint: 107286 ns, At safepoint: 17276 ns, Total: 124562 ns
[2020-09-11T12:20:37.060+0000][1][safepoint    ] Safepoint "Cleanup", Time since last: 1000197899 ns, Reaching safepoint: 86843 ns, At safepoint: 6624 ns, Total: 93467 ns
[2020-09-11T12:20:38.061+0000][1][safepoint    ] Safepoint "Cleanup", Time since last: 1000166843 ns, Reaching safepoint: 111199 ns, At safepoint: 18960 ns, Total: 130159 ns
[2020-09-11T12:20:39.061+0000][1][safepoint    ] Safepoint "Cleanup", Time since last: 1000182496 ns, Reaching safepoint: 100969 ns, At safepoint: 7354 ns, Total: 108323 ns
[2020-09-11T12:20:40.061+0000][1][safepoint    ] Safepoint "Cleanup", Time since last: 1000182784 ns, Reaching safepoint: 79613 ns, At safepoint: 8017 ns, Total: 87630 ns
[2020-09-11T12:20:41.062+0000][1][safepoint    ] Safepoint "Cleanup", Time since last: 1000173343 ns, Reaching safepoint: 87821 ns, At safepoint: 8032 ns, Total: 95853 ns
[2020-09-11T12:20:42.062+0000][1][safepoint    ] Safepoint "Cleanup", Time since last: 1000167531 ns, Reaching safepoint: 79873 ns, At safepoint: 8053 ns, Total: 87926 ns
[2020-09-11T12:20:43.062+0000][1][safepoint    ] Safepoint "Cleanup", Time since last: 1000171067 ns, Reaching safepoint: 110480 ns, At safepoint: 19254 ns, Total: 129734 ns
[2020-09-11T12:20:44.062+0000][1][safepoint    ] Safepoint "Cleanup", Time since last: 1000200508 ns, Reaching safepoint: 113734 ns, At safepoint: 17971 ns, Total: 131705 ns
[2020-09-11T12:20:45.063+0000][1][safepoint    ] Safepoint "Cleanup", Time since last: 1000249351 ns, Reaching safepoint: 63866 ns, At safepoint: 6865 ns, Total: 70731 ns
[2020-09-11T12:20:46.063+0000][1][safepoint    ] Safepoint "Cleanup", Time since last: 1000193635 ns, Reaching safepoint: 77722 ns, At safepoint: 8665 ns, Total: 86387 ns
[2020-09-11T12:20:47.063+0000][1][safepoint    ] Safepoint "Cleanup", Time since last: 1000163110 ns, Reaching safepoint: 79823 ns, At safepoint: 6325 ns, Total: 86148 ns
[2020-09-11T12:20:48.064+0000][1][safepoint    ] Safepoint "Cleanup", Time since last: 1000194409 ns, Reaching safepoint: 67551 ns, At safepoint: 7652 ns, Total: 75203 ns
[2020-09-11T12:20:49.064+0000][1][safepoint    ] Safepoint "Cleanup", Time since last: 1000169542 ns, Reaching safepoint: 78486 ns, At safepoint: 6888 ns, Total: 85374 ns
[2020-09-11T12:20:50.064+0000][1][safepoint    ] Safepoint "Cleanup", Time since last: 1000127001 ns, Reaching safepoint: 102552 ns, At safepoint: 16892 ns, Total: 119444 ns
[2020-09-11T12:20:51.066+0000][1][safepoint    ] Safepoint "Cleanup", Time since last: 1001575256 ns, Reaching safepoint: 116811 ns, At safepoint: 17323 ns, Total: 134134 ns
[2020-09-11T12:20:52.066+0000][1][safepoint    ] Safepoint "Cleanup", Time since last: 1000158620 ns, Reaching safepoint: 111873 ns, At safepoint: 18199 ns, Total: 130072 ns
[2020-09-11T12:20:53.058+0000][1][gc,start     ] GC(68) Pause Young (Allocation Failure)
[2020-09-11T12:20:53.058+0000][1][gc,task      ] GC(68) Using 1 workers of 1 for evacuation
[2020-09-11T12:20:53.066+0000][1][gc,age       ] GC(68) Desired survivor size 4358144 bytes, new threshold 6 (max threshold 6)
[2020-09-11T12:20:53.066+0000][1][gc,age       ] GC(68) Age table with threshold 6 (max threshold 6)
[2020-09-11T12:20:53.066+0000][1][gc,age       ] GC(68) - age   1:      47704 bytes,      47704 total
[2020-09-11T12:20:53.067+0000][1][gc,age       ] GC(68) - age   2:      43336 bytes,      91040 total
[2020-09-11T12:20:53.067+0000][1][gc,age       ] GC(68) - age   3:     588152 bytes,     679192 total
[2020-09-11T12:20:53.067+0000][1][gc,age       ] GC(68) - age   4:    1360344 bytes,    2039536 total
[2020-09-11T12:20:53.067+0000][1][gc,heap      ] GC(68) ParNew: 71671K->2352K(76672K)
[2020-09-11T12:20:53.067+0000][1][gc,heap      ] GC(68) CMS: 62703K->62703K(439104K)
[2020-09-11T12:20:53.067+0000][1][gc,metaspace ] GC(68) Metaspace: 73610K->73610K(1118208K)
[2020-09-11T12:20:53.067+0000][1][gc           ] GC(68) Pause Young (Allocation Failure) 131M->63M(503M) 8.901ms
[2020-09-11T12:20:53.067+0000][1][gc,cpu       ] GC(68) User=0.01s Sys=0.00s Real=0.01s
[2020-09-11T12:20:53.067+0000][1][safepoint    ] Safepoint "GenCollectForAllocation", Time since last: 991585132 ns, Reaching safepoint: 57094 ns, At safepoint: 8971732 ns, Total: 9028826 ns
[2020-09-11T12:20:54.078+0000][1][safepoint    ] Safepoint "Cleanup", Time since last: 1011095549 ns, Reaching safepoint: 54134 ns, At safepoint: 6336 ns, Total: 60470 ns
[2020-09-11T12:20:55.079+0000][1][safepoint    ] Safepoint "Cleanup", Time since last: 1000617829 ns, Reaching safepoint: 113804 ns, At safepoint: 15175 ns, Total: 128979 ns
[2020-09-11T12:20:56.079+0000][1][safepoint    ] Safepoint "Cleanup", Time since last: 1000618890 ns, Reaching safepoint: 121354 ns, At safepoint: 22753 ns, Total: 144107 ns
[2020-09-11T12:20:57.080+0000][1][safepoint    ] Safepoint "Cleanup", Time since last: 1000188260 ns, Reaching safepoint: 300024 ns, At safepoint: 17414 ns, Total: 317438 ns
[2020-09-11T12:20:58.080+0000][1][safepoint    ] Safepoint "Cleanup", Time since last: 1000138785 ns, Reaching safepoint: 181028 ns, At safepoint: 8397 ns, Total: 189425 ns
[2020-09-11T12:20:59.080+0000][1][safepoint    ] Safepoint "Cleanup", Time since last: 1000170750 ns, Reaching safepoint: 104978 ns, At safepoint: 16848 ns, Total: 121826 ns
[2020-09-11T12:21:00.081+0000][1][safepoint    ] Safepoint "Cleanup", Time since last: 1000221988 ns, Reaching safepoint: 105682 ns, At safepoint: 18513 ns, Total: 124195 ns
[2020-09-11T12:21:01.081+0000][1][safepoint    ] Safepoint "Cleanup", Time since last: 1000173714 ns, Reaching safepoint: 114740 ns, At safepoint: 18533 ns, Total: 133273 ns
[2020-09-11T12:21:02.081+0000][1][safepoint    ] Safepoint "Cleanup", Time since last: 1000165443 ns, Reaching safepoint: 110764 ns, At safepoint: 17551 ns, Total: 128315 ns
[2020-09-11T12:21:03.082+0000][1][safepoint    ] Safepoint "Cleanup", Time since last: 1000251388 ns, Reaching safepoint: 108216 ns, At safepoint: 19408 ns, Total: 127624 ns
[2020-09-11T12:21:04.082+0000][1][safepoint    ] Safepoint "Cleanup", Time since last: 1000170350 ns, Reaching safepoint: 115518 ns, At safepoint: 16738 ns, Total: 132256 ns
[2020-09-11T12:21:05.082+0000][1][safepoint    ] Safepoint "Cleanup", Time since last: 1000159060 ns, Reaching safepoint: 142524 ns, At safepoint: 16117 ns, Total: 158641 ns
[2020-09-11T12:21:06.083+0000][1][safepoint    ] Safepoint "Cleanup", Time since last: 1000196244 ns, Reaching safepoint: 125552 ns, At safepoint: 19287 ns, Total: 144839 ns
[2020-09-11T12:21:07.083+0000][1][safepoint    ] Safepoint "Cleanup", Time since last: 1000202779 ns, Reaching safepoint: 115295 ns, At safepoint: 18064 ns, Total: 133359 ns
[2020-09-11T12:21:08.083+0000][1][safepoint    ] Safepoint "Cleanup", Time since last: 1000196665 ns, Reaching safepoint: 84895 ns, At safepoint: 7483 ns, Total: 92378 ns
[2020-09-11T12:21:09.084+0000][1][safepoint    ] Safepoint "Cleanup", Time since last: 1000177638 ns, Reaching safepoint: 86214 ns, At safepoint: 6177 ns, Total: 92391 ns
[2020-09-11T12:21:10.084+0000][1][safepoint    ] Safepoint "Cleanup", Time since last: 1000177922 ns, Reaching safepoint: 81831 ns, At safepoint: 6955 ns, Total: 88786 ns
[2020-09-11T12:21:11.084+0000][1][safepoint    ] Safepoint "Cleanup", Time since last: 1000154802 ns, Reaching safepoint: 94334 ns, At safepoint: 7183 ns, Total: 101517 ns
[2020-09-11T12:21:12.084+0000][1][safepoint    ] Safepoint "Cleanup", Time since last: 1000186290 ns, Reaching safepoint: 101610 ns, At safepoint: 17630 ns, Total: 119240 ns
[2020-09-11T12:21:13.085+0000][1][safepoint    ] Safepoint "Cleanup", Time since last: 1000189157 ns, Reaching safepoint: 103247 ns, At safepoint: 16849 ns, Total: 120096 ns
[2020-09-11T12:21:14.085+0000][1][safepoint    ] Safepoint "Cleanup", Time since last: 1000205421 ns, Reaching safepoint: 77939 ns, At safepoint: 7174 ns, Total: 85113 ns
[2020-09-11T12:21:15.085+0000][1][safepoint    ] Safepoint "Cleanup", Time since last: 1000162765 ns, Reaching safepoint: 111673 ns, At safepoint: 17109 ns, Total: 128782 ns
[2020-09-11T12:21:16.086+0000][1][safepoint    ] Safepoint "Cleanup", Time since last: 1000168328 ns, Reaching safepoint: 104342 ns, At safepoint: 16508 ns, Total: 120850 ns
[2020-09-11T12:21:17.086+0000][1][safepoint    ] Safepoint "Cleanup", Time since last: 1000219685 ns, Reaching safepoint: 95995 ns, At safepoint: 6541 ns, Total: 102536 ns
[2020-09-11T12:21:18.086+0000][1][safepoint    ] Safepoint "Cleanup", Time since last: 1000162971 ns, Reaching safepoint: 92207 ns, At safepoint: 7549 ns, Total: 99756 ns
[2020-09-11T12:21:19.086+0000][1][safepoint    ] Safepoint "Cleanup", Time since last: 1000172216 ns, Reaching safepoint: 86941 ns, At safepoint: 6095 ns, Total: 93036 ns
[2020-09-11T12:21:20.087+0000][1][safepoint    ] Safepoint "Cleanup", Time since last: 1000174827 ns, Reaching safepoint: 82886 ns, At safepoint: 6931 ns, Total: 89817 ns
[2020-09-11T12:21:21.087+0000][1][safepoint    ] Safepoint "Cleanup", Time since last: 1000155919 ns, Reaching safepoint: 98233 ns, At safepoint: 7582 ns, Total: 105815 ns
[2020-09-11T12:21:22.087+0000][1][safepoint    ] Safepoint "Cleanup", Time since last: 1000165282 ns, Reaching safepoint: 82333 ns, At safepoint: 7555 ns, Total: 89888 ns
[2020-09-11T12:21:23.088+0000][1][safepoint    ] Safepoint "Cleanup", Time since last: 1000178384 ns, Reaching safepoint: 85497 ns, At safepoint: 6132 ns, Total: 91629 ns
[2020-09-11T12:21:24.088+0000][1][safepoint    ] Safepoint "Cleanup", Time since last: 1000170532 ns, Reaching safepoint: 104139 ns, At safepoint: 18068 ns, Total: 122207 ns
[2020-09-11T12:21:25.088+0000][1][safepoint    ] Safepoint "Cleanup", Time since last: 1000211054 ns, Reaching safepoint: 104951 ns, At safepoint: 16849 ns, Total: 121800 ns
[2020-09-11T12:21:26.088+0000][1][safepoint    ] Safepoint "Cleanup", Time since last: 1000185417 ns, Reaching safepoint: 116745 ns, At safepoint: 18181 ns, Total: 134926 ns
[2020-09-11T12:21:27.089+0000][1][safepoint    ] Safepoint "Cleanup", Time since last: 1000170574 ns, Reaching safepoint: 107426 ns, At safepoint: 5783 ns, Total: 113209 ns
[2020-09-11T12:21:28.089+0000][1][safepoint    ] Safepoint "Cleanup", Time since last: 1000158853 ns, Reaching safepoint: 103407 ns, At safepoint: 17329 ns, Total: 120736 ns
[2020-09-11T12:21:29.089+0000][1][safepoint    ] Safepoint "Cleanup", Time since last: 1000189371 ns, Reaching safepoint: 103206 ns, At safepoint: 16842 ns, Total: 120048 ns
[2020-09-11T12:21:30.090+0000][1][safepoint    ] Safepoint "Cleanup", Time since last: 1000206671 ns, Reaching safepoint: 112755 ns, At safepoint: 18619 ns, Total: 131374 ns
[2020-09-11T12:21:31.090+0000][1][safepoint    ] Safepoint "Cleanup", Time since last: 1000235643 ns, Reaching safepoint: 93713 ns, At safepoint: 6835 ns, Total: 100548 ns
[2020-09-11T12:21:32.090+0000][1][safepoint    ] Safepoint "Cleanup", Time since last: 1000153465 ns, Reaching safepoint: 113462 ns, At safepoint: 7387 ns, Total: 120849 ns
[2020-09-11T12:21:33.091+0000][1][safepoint    ] Safepoint "Cleanup", Time since last: 1000154026 ns, Reaching safepoint: 101713 ns, At safepoint: 16003 ns, Total: 117716 ns
[2020-09-11T12:21:34.091+0000][1][safepoint    ] Safepoint "Cleanup", Time since last: 1000215673 ns, Reaching safepoint: 82872 ns, At safepoint: 7177 ns, Total: 90049 ns
[2020-09-11T12:21:35.091+0000][1][safepoint    ] Safepoint "Cleanup", Time since last: 1000172626 ns, Reaching safepoint: 85964 ns, At safepoint: 6561 ns, Total: 92525 ns
[2020-09-11T12:21:36.091+0000][1][safepoint    ] Safepoint "Cleanup", Time since last: 1000123467 ns, Reaching safepoint: 219810 ns, At safepoint: 16879 ns, Total: 236689 ns
[2020-09-11T12:21:37.092+0000][1][safepoint    ] Safepoint "Cleanup", Time since last: 1000163731 ns, Reaching safepoint: 105198 ns, At safepoint: 16044 ns, Total: 121242 ns
[2020-09-11T12:21:38.092+0000][1][safepoint    ] Safepoint "Cleanup", Time since last: 1000159284 ns, Reaching safepoint: 101884 ns, At safepoint: 6815 ns, Total: 108699 ns
[2020-09-11T12:21:38.496+0000][1][safepoint    ] Safepoint "RevokeBias", Time since last: 403507046 ns, Reaching safepoint: 102188 ns, At safepoint: 45291 ns, Total: 147479 ns
[2020-09-11T12:21:38.496+0000][1][safepoint    ] Safepoint "RevokeBias", Time since last: 173360 ns, Reaching safepoint: 53597 ns, At safepoint: 33022 ns, Total: 86619 ns
[2020-09-11T12:21:38.497+0000][1][safepoint    ] Safepoint "RevokeBias", Time since last: 495934 ns, Reaching safepoint: 59760 ns, At safepoint: 32949 ns, Total: 92709 ns
[2020-09-11T12:21:38.497+0000][1][safepoint    ] Safepoint "RevokeBias", Time since last: 120129 ns, Reaching safepoint: 52470 ns, At safepoint: 31034 ns, Total: 83504 ns
[2020-09-11T12:21:39.497+0000][1][safepoint    ] Safepoint "Cleanup", Time since last: 1000130882 ns, Reaching safepoint: 116650 ns, At safepoint: 15386 ns, Total: 132036 ns
[2020-09-11T12:21:40.497+0000][1][safepoint    ] Safepoint "Cleanup", Time since last: 1000168041 ns, Reaching safepoint: 106360 ns, At safepoint: 16318 ns, Total: 122678 ns
[2020-09-11T12:21:41.498+0000][1][safepoint    ] Safepoint "Cleanup", Time since last: 1000185025 ns, Reaching safepoint: 79913 ns, At safepoint: 6718 ns, Total: 86631 ns
[2020-09-11T12:21:42.498+0000][1][safepoint    ] Safepoint "Cleanup", Time since last: 1000166899 ns, Reaching safepoint: 63642 ns, At safepoint: 6870 ns, Total: 70512 ns
[2020-09-11T12:21:43.498+0000][1][safepoint    ] Safepoint "Cleanup", Time since last: 1000155608 ns, Reaching safepoint: 112334 ns, At safepoint: 18553 ns, Total: 130887 ns
[2020-09-11T12:21:44.498+0000][1][safepoint    ] Safepoint "Cleanup", Time since last: 1000140482 ns, Reaching safepoint: 60582 ns, At safepoint: 8084 ns, Total: 68666 ns
[2020-09-11T12:21:45.499+0000][1][safepoint    ] Safepoint "Cleanup", Time since last: 1000196998 ns, Reaching safepoint: 79325 ns, At safepoint: 6976 ns, Total: 86301 ns
[2020-09-11T12:21:46.499+0000][1][safepoint    ] Safepoint "Cleanup", Time since last: 1000190860 ns, Reaching safepoint: 57883 ns, At safepoint: 7417 ns, Total: 65300 ns
[2020-09-11T12:21:47.499+0000][1][safepoint    ] Safepoint "Cleanup", Time since last: 1000185507 ns, Reaching safepoint: 106855 ns, At safepoint: 15759 ns, Total: 122614 ns
[2020-09-11T12:21:48.500+0000][1][safepoint    ] Safepoint "Cleanup", Time since last: 1000195787 ns, Reaching safepoint: 127549 ns, At safepoint: 16451 ns, Total: 144000 ns
[2020-09-11T12:21:49.500+0000][1][safepoint    ] Safepoint "Cleanup", Time since last: 1000157966 ns, Reaching safepoint: 97688 ns, At safepoint: 7076 ns, Total: 104764 ns
[2020-09-11T12:21:50.500+0000][1][safepoint    ] Safepoint "Cleanup", Time since last: 1000162636 ns, Reaching safepoint: 111503 ns, At safepoint: 17767 ns, Total: 129270 ns
[2020-09-11T12:21:51.500+0000][1][safepoint    ] Safepoint "Cleanup", Time since last: 1000234604 ns, Reaching safepoint: 85528 ns, At safepoint: 7156 ns, Total: 92684 ns
[2020-09-11T12:21:52.501+0000][1][safepoint    ] Safepoint "Cleanup", Time since last: 1000159135 ns, Reaching safepoint: 82360 ns, At safepoint: 7055 ns, Total: 89415 ns
[2020-09-11T12:21:53.501+0000][1][safepoint    ] Safepoint "Cleanup", Time since last: 1000215427 ns, Reaching safepoint: 65473 ns, At safepoint: 7119 ns, Total: 72592 ns
[2020-09-11T12:21:54.501+0000][1][safepoint    ] Safepoint "Cleanup", Time since last: 1000135718 ns, Reaching safepoint: 93401 ns, At safepoint: 8217 ns, Total: 101618 ns
[2020-09-11T12:21:55.501+0000][1][safepoint    ] Safepoint "Cleanup", Time since last: 1000151063 ns, Reaching safepoint: 89870 ns, At safepoint: 7059 ns, Total: 96929 ns
[2020-09-11T12:21:56.502+0000][1][safepoint    ] Safepoint "Cleanup", Time since last: 1000096865 ns, Reaching safepoint: 60869 ns, At safepoint: 7349 ns, Total: 68218 ns
[2020-09-11T12:21:57.502+0000][1][safepoint    ] Safepoint "Cleanup", Time since last: 1000179098 ns, Reaching safepoint: 115094 ns, At safepoint: 18399 ns, Total: 133493 ns
[2020-09-11T12:21:58.154+0000][1][gc,start     ] GC(69) Pause Young (Allocation Failure)
[2020-09-11T12:21:58.154+0000][1][gc,task      ] GC(69) Using 1 workers of 1 for evacuation
[2020-09-11T12:21:58.163+0000][1][gc,age       ] GC(69) Desired survivor size 4358144 bytes, new threshold 6 (max threshold 6)
[2020-09-11T12:21:58.163+0000][1][gc,age       ] GC(69) Age table with threshold 6 (max threshold 6)
[2020-09-11T12:21:58.163+0000][1][gc,age       ] GC(69) - age   1:      11904 bytes,      11904 total
[2020-09-11T12:21:58.163+0000][1][gc,age       ] GC(69) - age   2:      43040 bytes,      54944 total
[2020-09-11T12:21:58.163+0000][1][gc,age       ] GC(69) - age   3:      43192 bytes,      98136 total
[2020-09-11T12:21:58.163+0000][1][gc,age       ] GC(69) - age   4:     588152 bytes,     686288 total
[2020-09-11T12:21:58.163+0000][1][gc,age       ] GC(69) - age   5:    1360344 bytes,    2046632 total
[2020-09-11T12:21:58.163+0000][1][gc,heap      ] GC(69) ParNew: 70512K->3575K(76672K)
[2020-09-11T12:21:58.163+0000][1][gc,heap      ] GC(69) CMS: 62703K->62703K(439104K)
[2020-09-11T12:21:58.163+0000][1][gc,metaspace ] GC(69) Metaspace: 73803K->73803K(1118208K)
[2020-09-11T12:21:58.163+0000][1][gc           ] GC(69) Pause Young (Allocation Failure) 130M->64M(503M) 9.082ms
[2020-09-11T12:21:58.163+0000][1][gc,cpu       ] GC(69) User=0.01s Sys=0.00s Real=0.01s
[2020-09-11T12:21:58.163+0000][1][safepoint    ] Safepoint "GenCollectForAllocation", Time since last: 651962575 ns, Reaching safepoint: 171863 ns, At safepoint: 9150762 ns, Total: 9322625 ns
[2020-09-11T12:21:59.166+0000][1][safepoint    ] Safepoint "Cleanup", Time since last: 1002401183 ns, Reaching safepoint: 50220 ns, At safepoint: 16451 ns, Total: 66671 ns
[2020-09-11T12:22:00.166+0000][1][safepoint    ] Safepoint "Cleanup", Time since last: 1000300207 ns, Reaching safepoint: 172620 ns, At safepoint: 24602 ns, Total: 197222 ns
[2020-09-11T12:22:01.167+0000][1][safepoint    ] Safepoint "Cleanup", Time since last: 1000228132 ns, Reaching safepoint: 178781 ns, At safepoint: 18948 ns, Total: 197729 ns
[2020-09-11T12:22:02.167+0000][1][safepoint    ] Safepoint "Cleanup", Time since last: 1000186578 ns, Reaching safepoint: 175005 ns, At safepoint: 14311 ns, Total: 189316 ns
[2020-09-11T12:22:03.167+0000][1][safepoint    ] Safepoint "Cleanup", Time since last: 1000105476 ns, Reaching safepoint: 164102 ns, At safepoint: 8718 ns, Total: 172820 ns
[2020-09-11T12:22:04.168+0000][1][safepoint    ] Safepoint "Cleanup", Time since last: 1000150213 ns, Reaching safepoint: 163986 ns, At safepoint: 6775 ns, Total: 170761 ns
[2020-09-11T12:22:05.168+0000][1][safepoint    ] Safepoint "Cleanup", Time since last: 1000139151 ns, Reaching safepoint: 98327 ns, At safepoint: 7137 ns, Total: 105464 ns
[2020-09-11T12:22:06.168+0000][1][safepoint    ] Safepoint "Cleanup", Time since last: 1000176366 ns, Reaching safepoint: 124311 ns, At safepoint: 6013 ns, Total: 130324 ns
[2020-09-11T12:22:07.168+0000][1][safepoint    ] Safepoint "Cleanup", Time since last: 1000178350 ns, Reaching safepoint: 113955 ns, At safepoint: 17467 ns, Total: 131422 ns
[2020-09-11T12:22:08.169+0000][1][safepoint    ] Safepoint "Cleanup", Time since last: 1000197008 ns, Reaching safepoint: 87458 ns, At safepoint: 7186 ns, Total: 94644 ns
[2020-09-11T12:22:09.169+0000][1][safepoint    ] Safepoint "Cleanup", Time since last: 1000180923 ns, Reaching safepoint: 82755 ns, At safepoint: 7389 ns, Total: 90144 ns
[2020-09-11T12:22:10.169+0000][1][safepoint    ] Safepoint "Cleanup", Time since last: 1000175419 ns, Reaching safepoint: 99552 ns, At safepoint: 15957 ns, Total: 115509 ns
[2020-09-11T12:22:11.170+0000][1][safepoint    ] Safepoint "Cleanup", Time since last: 1000170002 ns, Reaching safepoint: 125117 ns, At safepoint: 18302 ns, Total: 143419 ns
[2020-09-11T12:22:12.170+0000][1][safepoint    ] Safepoint "Cleanup", Time since last: 1000223183 ns, Reaching safepoint: 83285 ns, At safepoint: 6875 ns, Total: 90160 ns
[2020-09-11T12:22:13.170+0000][1][safepoint    ] Safepoint "Cleanup", Time since last: 1000145826 ns, Reaching safepoint: 92445 ns, At safepoint: 16008 ns, Total: 108453 ns
[2020-09-11T12:22:14.170+0000][1][safepoint    ] Safepoint "Cleanup", Time since last: 1000179884 ns, Reaching safepoint: 94242 ns, At safepoint: 6672 ns, Total: 100914 ns
[2020-09-11T12:22:15.171+0000][1][safepoint    ] Safepoint "Cleanup", Time since last: 1000179961 ns, Reaching safepoint: 76499 ns, At safepoint: 7011 ns, Total: 83510 ns
[2020-09-11T12:22:16.171+0000][1][safepoint    ] Safepoint "Cleanup", Time since last: 1000172655 ns, Reaching safepoint: 94466 ns, At safepoint: 6985 ns, Total: 101451 ns
[2020-09-11T12:22:17.171+0000][1][safepoint    ] Safepoint "Cleanup", Time since last: 1000171086 ns, Reaching safepoint: 86449 ns, At safepoint: 8158 ns, Total: 94607 ns
[2020-09-11T12:22:18.172+0000][1][safepoint    ] Safepoint "Cleanup", Time since last: 1000199912 ns, Reaching safepoint: 127625 ns, At safepoint: 17076 ns, Total: 144701 ns
[2020-09-11T12:22:19.172+0000][1][safepoint    ] Safepoint "Cleanup", Time since last: 1000202858 ns, Reaching safepoint: 105973 ns, At safepoint: 17801 ns, Total: 123774 ns
[2020-09-11T12:22:20.172+0000][1][safepoint    ] Safepoint "Cleanup", Time since last: 1000195733 ns, Reaching safepoint: 107439 ns, At safepoint: 17931 ns, Total: 125370 ns
[2020-09-11T12:22:21.173+0000][1][safepoint    ] Safepoint "Cleanup", Time since last: 1000205164 ns, Reaching safepoint: 111940 ns, At safepoint: 17500 ns, Total: 129440 ns
[2020-09-11T12:22:22.173+0000][1][safepoint    ] Safepoint "Cleanup", Time since last: 1000207961 ns, Reaching safepoint: 109044 ns, At safepoint: 16778 ns, Total: 125822 ns
[2020-09-11T12:22:23.173+0000][1][safepoint    ] Safepoint "Cleanup", Time since last: 1000228494 ns, Reaching safepoint: 90757 ns, At safepoint: 7908 ns, Total: 98665 ns
[2020-09-11T12:22:24.174+0000][1][safepoint    ] Safepoint "Cleanup", Time since last: 1000268778 ns, Reaching safepoint: 110554 ns, At safepoint: 15418 ns, Total: 125972 ns
[2020-09-11T12:22:25.174+0000][1][safepoint    ] Safepoint "Cleanup", Time since last: 1000197465 ns, Reaching safepoint: 91089 ns, At safepoint: 7673 ns, Total: 98762 ns
[2020-09-11T12:22:26.174+0000][1][safepoint    ] Safepoint "Cleanup", Time since last: 1000153777 ns, Reaching safepoint: 90170 ns, At safepoint: 6440 ns, Total: 96610 ns
[2020-09-11T12:22:27.174+0000][1][safepoint    ] Safepoint "Cleanup", Time since last: 1000186800 ns, Reaching safepoint: 92495 ns, At safepoint: 8135 ns, Total: 100630 ns
[2020-09-11T12:22:28.175+0000][1][safepoint    ] Safepoint "Cleanup", Time since last: 1000183907 ns, Reaching safepoint: 84429 ns, At safepoint: 6947 ns, Total: 91376 ns
[2020-09-11T12:22:29.175+0000][1][safepoint    ] Safepoint "Cleanup", Time since last: 1000172094 ns, Reaching safepoint: 87325 ns, At safepoint: 8156 ns, Total: 95481 ns
[2020-09-11T12:22:30.175+0000][1][safepoint    ] Safepoint "Cleanup", Time since last: 1000224617 ns, Reaching safepoint: 53907 ns, At safepoint: 6456 ns, Total: 60363 ns
[2020-09-11T12:22:31.176+0000][1][safepoint    ] Safepoint "Cleanup", Time since last: 1000175470 ns, Reaching safepoint: 116069 ns, At safepoint: 18196 ns, Total: 134265 ns
[2020-09-11T12:22:32.176+0000][1][safepoint    ] Safepoint "Cleanup", Time since last: 1000175057 ns, Reaching safepoint: 96863 ns, At safepoint: 6052 ns, Total: 102915 ns
[2020-09-11T12:22:33.176+0000][1][safepoint    ] Safepoint "Cleanup", Time since last: 1000166016 ns, Reaching safepoint: 110126 ns, At safepoint: 16661 ns, Total: 126787 ns
[2020-09-11T12:22:34.176+0000][1][safepoint    ] Safepoint "Cleanup", Time since last: 1000202767 ns, Reaching safepoint: 111476 ns, At safepoint: 16725 ns, Total: 128201 ns
[2020-09-11T12:22:35.177+0000][1][safepoint    ] Safepoint "Cleanup", Time since last: 1000208154 ns, Reaching safepoint: 121946 ns, At safepoint: 18963 ns, Total: 140909 ns
[2020-09-11T12:22:36.177+0000][1][safepoint    ] Safepoint "Cleanup", Time since last: 1000221030 ns, Reaching safepoint: 87595 ns, At safepoint: 6705 ns, Total: 94300 ns
[2020-09-11T12:22:37.177+0000][1][safepoint    ] Safepoint "Cleanup", Time since last: 1000160680 ns, Reaching safepoint: 141070 ns, At safepoint: 17891 ns, Total: 158961 ns
[2020-09-11T12:22:38.178+0000][1][safepoint    ] Safepoint "Cleanup", Time since last: 1000203685 ns, Reaching safepoint: 84345 ns, At safepoint: 6887 ns, Total: 91232 ns
[2020-09-11T12:22:39.178+0000][1][safepoint    ] Safepoint "Cleanup", Time since last: 1000172292 ns, Reaching safepoint: 120165 ns, At safepoint: 17921 ns, Total: 138086 ns
[2020-09-11T12:22:40.178+0000][1][safepoint    ] Safepoint "Cleanup", Time since last: 1000222112 ns, Reaching safepoint: 81979 ns, At safepoint: 6485 ns, Total: 88464 ns
[2020-09-11T12:22:41.179+0000][1][safepoint    ] Safepoint "Cleanup", Time since last: 1000167306 ns, Reaching safepoint: 112886 ns, At safepoint: 18462 ns, Total: 131348 ns
[2020-09-11T12:22:42.179+0000][1][safepoint    ] Safepoint "Cleanup", Time since last: 1000140322 ns, Reaching safepoint: 107590 ns, At safepoint: 16538 ns, Total: 124128 ns
[2020-09-11T12:22:43.179+0000][1][safepoint    ] Safepoint "Cleanup", Time since last: 1000184028 ns, Reaching safepoint: 116761 ns, At safepoint: 18663 ns, Total: 135424 ns
[2020-09-11T12:22:44.180+0000][1][safepoint    ] Safepoint "Cleanup", Time since last: 1000219290 ns, Reaching safepoint: 102595 ns, At safepoint: 16100 ns, Total: 118695 ns
[2020-09-11T12:22:45.180+0000][1][safepoint    ] Safepoint "Cleanup", Time since last: 1000213135 ns, Reaching safepoint: 116280 ns, At safepoint: 17841 ns, Total: 134121 ns
[2020-09-11T12:22:46.180+0000][1][safepoint    ] Safepoint "Cleanup", Time since last: 1000208290 ns, Reaching safepoint: 124031 ns, At safepoint: 18676 ns, Total: 142707 ns
[2020-09-11T12:22:47.181+0000][1][safepoint    ] Safepoint "Cleanup", Time since last: 1000222841 ns, Reaching safepoint: 83259 ns, At safepoint: 6710 ns, Total: 89969 ns
[2020-09-11T12:22:48.181+0000][1][safepoint    ] Safepoint "Cleanup", Time since last: 1000159038 ns, Reaching safepoint: 110534 ns, At safepoint: 16127 ns, Total: 126661 ns
[2020-09-11T12:22:49.181+0000][1][safepoint    ] Safepoint "Cleanup", Time since last: 1000169030 ns, Reaching safepoint: 109100 ns, At safepoint: 16034 ns, Total: 125134 ns
[2020-09-11T12:22:50.181+0000][1][safepoint    ] Safepoint "Cleanup", Time since last: 1000168134 ns, Reaching safepoint: 107025 ns, At safepoint: 14844 ns, Total: 121869 ns
[2020-09-11T12:22:51.182+0000][1][safepoint    ] Safepoint "Cleanup", Time since last: 1000190861 ns, Reaching safepoint: 151140 ns, At safepoint: 18913 ns, Total: 170053 ns
[2020-09-11T12:22:52.182+0000][1][safepoint    ] Safepoint "Cleanup", Time since last: 1000175552 ns, Reaching safepoint: 114289 ns, At safepoint: 16571 ns, Total: 130860 ns
[2020-09-11T12:22:53.182+0000][1][safepoint    ] Safepoint "Cleanup", Time since last: 1000177237 ns, Reaching safepoint: 140379 ns, At safepoint: 19040 ns, Total: 159419 ns
[2020-09-11T12:22:54.183+0000][1][safepoint    ] Safepoint "Cleanup", Time since last: 1000229180 ns, Reaching safepoint: 103327 ns, At safepoint: 16321 ns, Total: 119648 ns
[2020-09-11T12:22:55.183+0000][1][safepoint    ] Safepoint "Cleanup", Time since last: 1000215782 ns, Reaching safepoint: 121578 ns, At safepoint: 19067 ns, Total: 140645 ns
[2020-09-11T12:22:56.184+0000][1][safepoint    ] Safepoint "Cleanup", Time since last: 1000230509 ns, Reaching safepoint: 120526 ns, At safepoint: 16972 ns, Total: 137498 ns
[2020-09-11T12:22:57.184+0000][1][safepoint    ] Safepoint "Cleanup", Time since last: 1000197939 ns, Reaching safepoint: 101780 ns, At safepoint: 17510 ns, Total: 119290 ns
[2020-09-11T12:22:58.184+0000][1][safepoint    ] Safepoint "Cleanup", Time since last: 1000224141 ns, Reaching safepoint: 105368 ns, At safepoint: 17055 ns, Total: 122423 ns
[2020-09-11T12:22:59.185+0000][1][safepoint    ] Safepoint "Cleanup", Time since last: 1000220240 ns, Reaching safepoint: 84236 ns, At safepoint: 7231 ns, Total: 91467 ns
[2020-09-11T12:23:00.185+0000][1][safepoint    ] Safepoint "Cleanup", Time since last: 1000135851 ns, Reaching safepoint: 100844 ns, At safepoint: 6480 ns, Total: 107324 ns
[2020-09-11T12:23:01.185+0000][1][safepoint    ] Safepoint "Cleanup", Time since last: 1000165262 ns, Reaching safepoint: 89678 ns, At safepoint: 7949 ns, Total: 97627 ns
[2020-09-11T12:23:02.185+0000][1][safepoint    ] Safepoint "Cleanup", Time since last: 1000136322 ns, Reaching safepoint: 79287 ns, At safepoint: 6891 ns, Total: 86178 ns
[2020-09-11T12:23:03.186+0000][1][safepoint    ] Safepoint "Cleanup", Time since last: 1000172942 ns, Reaching safepoint: 84312 ns, At safepoint: 7339 ns, Total: 91651 ns
[2020-09-11T12:23:04.186+0000][1][safepoint    ] Safepoint "Cleanup", Time since last: 1000174518 ns, Reaching safepoint: 110236 ns, At safepoint: 16825 ns, Total: 127061 ns
[2020-09-11T12:23:04.662+0000][1][gc,start     ] GC(70) Pause Young (Allocation Failure)
[2020-09-11T12:23:04.663+0000][1][gc,task      ] GC(70) Using 1 workers of 1 for evacuation
[2020-09-11T12:23:04.672+0000][1][gc,age       ] GC(70) Desired survivor size 4358144 bytes, new threshold 6 (max threshold 6)
[2020-09-11T12:23:04.672+0000][1][gc,age       ] GC(70) Age table with threshold 6 (max threshold 6)
[2020-09-11T12:23:04.672+0000][1][gc,age       ] GC(70) - age   1:       7296 bytes,       7296 total
[2020-09-11T12:23:04.672+0000][1][gc,age       ] GC(70) - age   2:       5520 bytes,      12816 total
[2020-09-11T12:23:04.672+0000][1][gc,age       ] GC(70) - age   3:      42504 bytes,      55320 total
[2020-09-11T12:23:04.672+0000][1][gc,age       ] GC(70) - age   4:      43192 bytes,      98512 total
[2020-09-11T12:23:04.672+0000][1][gc,age       ] GC(70) - age   5:     588152 bytes,     686664 total
[2020-09-11T12:23:04.672+0000][1][gc,age       ] GC(70) - age   6:    1360344 bytes,    2047008 total
[2020-09-11T12:23:04.672+0000][1][gc,heap      ] GC(70) ParNew: 71732K->2392K(76672K)
[2020-09-11T12:23:04.672+0000][1][gc,heap      ] GC(70) CMS: 62703K->62703K(439104K)
[2020-09-11T12:23:04.672+0000][1][gc,metaspace ] GC(70) Metaspace: 74010K->74010K(1118208K)
[2020-09-11T12:23:04.672+0000][1][gc           ] GC(70) Pause Young (Allocation Failure) 131M->63M(503M) 9.496ms
[2020-09-11T12:23:04.672+0000][1][gc,cpu       ] GC(70) User=0.01s Sys=0.00s Real=0.01s
[2020-09-11T12:23:04.672+0000][1][safepoint    ] Safepoint "GenCollectForAllocation", Time since last: 476537262 ns, Reaching safepoint: 114222 ns, At safepoint: 9566077 ns, Total: 9680299 ns
[2020-09-11T12:23:05.675+0000][1][safepoint    ] Safepoint "Cleanup", Time since last: 1002443467 ns, Reaching safepoint: 116431 ns, At safepoint: 45815 ns, Total: 162246 ns
[2020-09-11T12:23:06.675+0000][1][safepoint    ] Safepoint "Cleanup", Time since last: 1000266714 ns, Reaching safepoint: 108064 ns, At safepoint: 41352 ns, Total: 149416 ns
[2020-09-11T12:23:07.675+0000][1][safepoint    ] Safepoint "Cleanup", Time since last: 1000213124 ns, Reaching safepoint: 171189 ns, At safepoint: 51591 ns, Total: 222780 ns
[2020-09-11T12:23:08.676+0000][1][safepoint    ] Safepoint "Cleanup", Time since last: 1000236984 ns, Reaching safepoint: 116574 ns, At safepoint: 19047 ns, Total: 135621 ns
[2020-09-11T12:23:09.676+0000][1][safepoint    ] Safepoint "Cleanup", Time since last: 1000202796 ns, Reaching safepoint: 91972 ns, At safepoint: 7877 ns, Total: 99849 ns
[2020-09-11T12:23:10.676+0000][1][safepoint    ] Safepoint "Cleanup", Time since last: 1000129942 ns, Reaching safepoint: 102541 ns, At safepoint: 15259 ns, Total: 117800 ns
[2020-09-11T12:23:11.677+0000][1][safepoint    ] Safepoint "Cleanup", Time since last: 1000212066 ns, Reaching safepoint: 109227 ns, At safepoint: 18382 ns, Total: 127609 ns
[2020-09-11T12:23:12.677+0000][1][safepoint    ] Safepoint "Cleanup", Time since last: 1000179862 ns, Reaching safepoint: 107296 ns, At safepoint: 15476 ns, Total: 122772 ns
[2020-09-11T12:23:13.677+0000][1][safepoint    ] Safepoint "Cleanup", Time since last: 1000221189 ns, Reaching safepoint: 107643 ns, At safepoint: 17524 ns, Total: 125167 ns
[2020-09-11T12:23:14.678+0000][1][safepoint    ] Safepoint "Cleanup", Time since last: 1000210954 ns, Reaching safepoint: 108425 ns, At safepoint: 17417 ns, Total: 125842 ns
[2020-09-11T12:23:15.678+0000][1][safepoint    ] Safepoint "Cleanup", Time since last: 1000205059 ns, Reaching safepoint: 127098 ns, At safepoint: 20109 ns, Total: 147207 ns
[2020-09-11T12:23:16.678+0000][1][safepoint    ] Safepoint "Cleanup", Time since last: 1000206685 ns, Reaching safepoint: 131820 ns, At safepoint: 7018 ns, Total: 138838 ns
[2020-09-11T12:23:17.679+0000][1][safepoint    ] Safepoint "Cleanup", Time since last: 1000210696 ns, Reaching safepoint: 82488 ns, At safepoint: 8016 ns, Total: 90504 ns
[2020-09-11T12:23:18.679+0000][1][safepoint    ] Safepoint "Cleanup", Time since last: 1000193711 ns, Reaching safepoint: 81756 ns, At safepoint: 6506 ns, Total: 88262 ns
[2020-09-11T12:23:19.679+0000][1][safepoint    ] Safepoint "Cleanup", Time since last: 1000165324 ns, Reaching safepoint: 101790 ns, At safepoint: 18118 ns, Total: 119908 ns
[2020-09-11T12:23:20.680+0000][1][safepoint    ] Safepoint "Cleanup", Time since last: 1000282812 ns, Reaching safepoint: 117881 ns, At safepoint: 17891 ns, Total: 135772 ns
[2020-09-11T12:23:21.680+0000][1][safepoint    ] Safepoint "Cleanup", Time since last: 1000228711 ns, Reaching safepoint: 86758 ns, At safepoint: 7652 ns, Total: 94410 ns
[2020-09-11T12:23:22.680+0000][1][safepoint    ] Safepoint "Cleanup", Time since last: 1000203405 ns, Reaching safepoint: 56322 ns, At safepoint: 6495 ns, Total: 62817 ns
[2020-09-11T12:23:23.681+0000][1][safepoint    ] Safepoint "Cleanup", Time since last: 1000177416 ns, Reaching safepoint: 89254 ns, At safepoint: 7591 ns, Total: 96845 ns
[2020-09-11T12:23:24.681+0000][1][safepoint    ] Safepoint "Cleanup", Time since last: 1000187782 ns, Reaching safepoint: 125491 ns, At safepoint: 16912 ns, Total: 142403 ns
[2020-09-11T12:23:25.681+0000][1][safepoint    ] Safepoint "Cleanup", Time since last: 1000198544 ns, Reaching safepoint: 132136 ns, At safepoint: 20103 ns, Total: 152239 ns
[2020-09-11T12:23:26.682+0000][1][safepoint    ] Safepoint "Cleanup", Time since last: 1000184119 ns, Reaching safepoint: 102084 ns, At safepoint: 15011 ns, Total: 117095 ns
[2020-09-11T12:23:27.682+0000][1][safepoint    ] Safepoint "Cleanup", Time since last: 1000212218 ns, Reaching safepoint: 84012 ns, At safepoint: 8436 ns, Total: 92448 ns
[2020-09-11T12:23:28.682+0000][1][safepoint    ] Safepoint "Cleanup", Time since last: 1000176729 ns, Reaching safepoint: 109203 ns, At safepoint: 17043 ns, Total: 126246 ns
[2020-09-11T12:23:29.682+0000][1][safepoint    ] Safepoint "Cleanup", Time since last: 1000182682 ns, Reaching safepoint: 109154 ns, At safepoint: 16771 ns, Total: 125925 ns
[2020-09-11T12:23:30.683+0000][1][safepoint    ] Safepoint "Cleanup", Time since last: 1000217330 ns, Reaching safepoint: 111229 ns, At safepoint: 17316 ns, Total: 128545 ns
[2020-09-11T12:23:31.683+0000][1][safepoint    ] Safepoint "Cleanup", Time since last: 1000203317 ns, Reaching safepoint: 121225 ns, At safepoint: 18612 ns, Total: 139837 ns
[2020-09-11T12:23:32.684+0000][1][safepoint    ] Safepoint "Cleanup", Time since last: 1000238588 ns, Reaching safepoint: 139259 ns, At safepoint: 17293 ns, Total: 156552 ns
[2020-09-11T12:23:33.684+0000][1][safepoint    ] Safepoint "Cleanup", Time since last: 1000196816 ns, Reaching safepoint: 107249 ns, At safepoint: 17286 ns, Total: 124535 ns
[2020-09-11T12:23:34.684+0000][1][safepoint    ] Safepoint "Cleanup", Time since last: 1000199890 ns, Reaching safepoint: 88556 ns, At safepoint: 6939 ns, Total: 95495 ns
[2020-09-11T12:23:35.684+0000][1][safepoint    ] Safepoint "Cleanup", Time since last: 1000177691 ns, Reaching safepoint: 109080 ns, At safepoint: 18402 ns, Total: 127482 ns
[2020-09-11T12:23:36.685+0000][1][safepoint    ] Safepoint "Cleanup", Time since last: 1000208989 ns, Reaching safepoint: 92259 ns, At safepoint: 6568 ns, Total: 98827 ns
[2020-09-11T12:23:37.685+0000][1][safepoint    ] Safepoint "Cleanup", Time since last: 1000183243 ns, Reaching safepoint: 79489 ns, At safepoint: 7461 ns, Total: 86950 ns
[2020-09-11T12:23:38.685+0000][1][safepoint    ] Safepoint "Cleanup", Time since last: 1000201821 ns, Reaching safepoint: 80502 ns, At safepoint: 6974 ns, Total: 87476 ns
[2020-09-11T12:23:39.686+0000][1][safepoint    ] Safepoint "Cleanup", Time since last: 1000172695 ns, Reaching safepoint: 122076 ns, At safepoint: 19939 ns, Total: 142015 ns
[2020-09-11T12:23:40.686+0000][1][safepoint    ] Safepoint "Cleanup", Time since last: 1000204029 ns, Reaching safepoint: 116330 ns, At safepoint: 17386 ns, Total: 133716 ns
[2020-09-11T12:23:41.686+0000][1][safepoint    ] Safepoint "Cleanup", Time since last: 1000219051 ns, Reaching safepoint: 87077 ns, At safepoint: 8008 ns, Total: 95085 ns
[2020-09-11T12:23:42.687+0000][1][safepoint    ] Safepoint "Cleanup", Time since last: 1000158968 ns, Reaching safepoint: 110032 ns, At safepoint: 17520 ns, Total: 127552 ns
[2020-09-11T12:23:43.687+0000][1][safepoint    ] Safepoint "Cleanup", Time since last: 1000199542 ns, Reaching safepoint: 95980 ns, At safepoint: 7710 ns, Total: 103690 ns
[2020-09-11T12:23:44.687+0000][1][safepoint    ] Safepoint "Cleanup", Time since last: 1000176164 ns, Reaching safepoint: 89883 ns, At safepoint: 6965 ns, Total: 96848 ns
[2020-09-11T12:23:45.687+0000][1][safepoint    ] Safepoint "Cleanup", Time since last: 1000172276 ns, Reaching safepoint: 104981 ns, At safepoint: 7549 ns, Total: 112530 ns
[2020-09-11T12:23:46.688+0000][1][safepoint    ] Safepoint "Cleanup", Time since last: 1000196539 ns, Reaching safepoint: 110160 ns, At safepoint: 17717 ns, Total: 127877 ns
[2020-09-11T12:23:47.688+0000][1][safepoint    ] Safepoint "Cleanup", Time since last: 1000225376 ns, Reaching safepoint: 110339 ns, At safepoint: 18152 ns, Total: 128491 ns
[2020-09-11T12:23:48.688+0000][1][safepoint    ] Safepoint "Cleanup", Time since last: 1000217244 ns, Reaching safepoint: 82632 ns, At safepoint: 6785 ns, Total: 89417 ns
[2020-09-11T12:23:49.689+0000][1][safepoint    ] Safepoint "Cleanup", Time since last: 1000186686 ns, Reaching safepoint: 84413 ns, At safepoint: 7105 ns, Total: 91518 ns
[2020-09-11T12:23:50.689+0000][1][safepoint    ] Safepoint "Cleanup", Time since last: 1000130612 ns, Reaching safepoint: 110921 ns, At safepoint: 7082 ns, Total: 118003 ns
[2020-09-11T12:23:51.689+0000][1][safepoint    ] Safepoint "Cleanup", Time since last: 1000185535 ns, Reaching safepoint: 85523 ns, At safepoint: 7475 ns, Total: 92998 ns
[2020-09-11T12:23:52.690+0000][1][safepoint    ] Safepoint "Cleanup", Time since last: 1000189346 ns, Reaching safepoint: 105940 ns, At safepoint: 16795 ns, Total: 122735 ns
[2020-09-11T12:23:53.690+0000][1][safepoint    ] Safepoint "Cleanup", Time since last: 1000216309 ns, Reaching safepoint: 89234 ns, At safepoint: 7737 ns, Total: 96971 ns
[2020-09-11T12:23:54.690+0000][1][safepoint    ] Safepoint "Cleanup", Time since last: 1000183963 ns, Reaching safepoint: 68582 ns, At safepoint: 6899 ns, Total: 75481 ns
[2020-09-11T12:23:55.690+0000][1][safepoint    ] Safepoint "Cleanup", Time since last: 1000184092 ns, Reaching safepoint: 108138 ns, At safepoint: 18643 ns, Total: 126781 ns
[2020-09-11T12:23:56.691+0000][1][safepoint    ] Safepoint "Cleanup", Time since last: 1000215269 ns, Reaching safepoint: 104794 ns, At safepoint: 17319 ns, Total: 122113 ns
[2020-09-11T12:23:57.691+0000][1][safepoint    ] Safepoint "Cleanup", Time since last: 1000208399 ns, Reaching safepoint: 108452 ns, At safepoint: 18937 ns, Total: 127389 ns
[2020-09-11T12:23:58.691+0000][1][safepoint    ] Safepoint "Cleanup", Time since last: 1000215265 ns, Reaching safepoint: 94073 ns, At safepoint: 6299 ns, Total: 100372 ns
[2020-09-11T12:23:59.692+0000][1][safepoint    ] Safepoint "Cleanup", Time since last: 1000171607 ns, Reaching safepoint: 84387 ns, At safepoint: 7870 ns, Total: 92257 ns
[2020-09-11T12:24:00.692+0000][1][safepoint    ] Safepoint "Cleanup", Time since last: 1000192397 ns, Reaching safepoint: 107447 ns, At safepoint: 17533 ns, Total: 124980 ns
[2020-09-11T12:24:01.692+0000][1][safepoint    ] Safepoint "Cleanup", Time since last: 1000167707 ns, Reaching safepoint: 106771 ns, At safepoint: 15797 ns, Total: 122568 ns
[2020-09-11T12:24:02.693+0000][1][safepoint    ] Safepoint "Cleanup", Time since last: 1000225170 ns, Reaching safepoint: 102796 ns, At safepoint: 17029 ns, Total: 119825 ns
[2020-09-11T12:24:03.693+0000][1][safepoint    ] Safepoint "Cleanup", Time since last: 1000208780 ns, Reaching safepoint: 80837 ns, At safepoint: 8022 ns, Total: 88859 ns
[2020-09-11T12:24:04.693+0000][1][safepoint    ] Safepoint "Cleanup", Time since last: 1000167978 ns, Reaching safepoint: 84170 ns, At safepoint: 6862 ns, Total: 91032 ns
[2020-09-11T12:24:05.693+0000][1][safepoint    ] Safepoint "Cleanup", Time since last: 1000175546 ns, Reaching safepoint: 80922 ns, At safepoint: 16066 ns, Total: 96988 ns
[2020-09-11T12:24:06.694+0000][1][safepoint    ] Safepoint "Cleanup", Time since last: 1000188696 ns, Reaching safepoint: 76090 ns, At safepoint: 7091 ns, Total: 83181 ns
[2020-09-11T12:24:07.694+0000][1][safepoint    ] Safepoint "Cleanup", Time since last: 1000189730 ns, Reaching safepoint: 106728 ns, At safepoint: 17994 ns, Total: 124722 ns
[2020-09-11T12:24:08.694+0000][1][safepoint    ] Safepoint "Cleanup", Time since last: 1000178829 ns, Reaching safepoint: 128612 ns, At safepoint: 7102 ns, Total: 135714 ns
[2020-09-11T12:24:09.695+0000][1][safepoint    ] Safepoint "Cleanup", Time since last: 1000162566 ns, Reaching safepoint: 92424 ns, At safepoint: 7694 ns, Total: 100118 ns
[2020-09-11T12:24:10.695+0000][1][safepoint    ] Safepoint "Cleanup", Time since last: 1000171838 ns, Reaching safepoint: 106888 ns, At safepoint: 17493 ns, Total: 124381 ns
[2020-09-11T12:24:11.695+0000][1][safepoint    ] Safepoint "Cleanup", Time since last: 1000211394 ns, Reaching safepoint: 108161 ns, At safepoint: 18052 ns, Total: 126213 ns
[2020-09-11T12:24:12.696+0000][1][safepoint    ] Safepoint "Cleanup", Time since last: 1000216608 ns, Reaching safepoint: 99519 ns, At safepoint: 17269 ns, Total: 116788 ns
[2020-09-11T12:24:13.356+0000][1][gc,start     ] GC(71) Pause Young (Allocation Failure)
[2020-09-11T12:24:13.356+0000][1][gc,task      ] GC(71) Using 1 workers of 1 for evacuation
[2020-09-11T12:24:13.367+0000][1][gc,age       ] GC(71) Desired survivor size 4358144 bytes, new threshold 6 (max threshold 6)
[2020-09-11T12:24:13.367+0000][1][gc,age       ] GC(71) Age table with threshold 6 (max threshold 6)
[2020-09-11T12:24:13.367+0000][1][gc,age       ] GC(71) - age   1:       7192 bytes,       7192 total
[2020-09-11T12:24:13.367+0000][1][gc,age       ] GC(71) - age   2:       2768 bytes,       9960 total
[2020-09-11T12:24:13.367+0000][1][gc,age       ] GC(71) - age   3:       5440 bytes,      15400 total
[2020-09-11T12:24:13.367+0000][1][gc,age       ] GC(71) - age   4:      42504 bytes,      57904 total
[2020-09-11T12:24:13.367+0000][1][gc,age       ] GC(71) - age   5:      43192 bytes,     101096 total
[2020-09-11T12:24:13.367+0000][1][gc,age       ] GC(71) - age   6:     588152 bytes,     689248 total
[2020-09-11T12:24:13.367+0000][1][gc,heap      ] GC(71) ParNew: 70552K->1798K(76672K)
[2020-09-11T12:24:13.367+0000][1][gc,heap      ] GC(71) CMS: 62703K->64065K(439104K)
[2020-09-11T12:24:13.367+0000][1][gc,metaspace ] GC(71) Metaspace: 74055K->74055K(1118208K)
[2020-09-11T12:24:13.367+0000][1][gc           ] GC(71) Pause Young (Allocation Failure) 130M->64M(503M) 10.773ms
[2020-09-11T12:24:13.367+0000][1][gc,cpu       ] GC(71) User=0.01s Sys=0.00s Real=0.01s
[2020-09-11T12:24:13.367+0000][1][safepoint    ] Safepoint "GenCollectForAllocation", Time since last: 660304417 ns, Reaching safepoint: 175474 ns, At safepoint: 10839346 ns, Total: 11014820 ns
[2020-09-11T12:24:14.373+0000][1][safepoint    ] Safepoint "Cleanup", Time since last: 1006229891 ns, Reaching safepoint: 213676 ns, At safepoint: 48298 ns, Total: 261974 ns
[2020-09-11T12:24:15.376+0000][1][safepoint    ] Safepoint "Cleanup", Time since last: 1002005941 ns, Reaching safepoint: 302467 ns, At safepoint: 24503 ns, Total: 326970 ns
[2020-09-11T12:24:16.376+0000][1][safepoint    ] Safepoint "Cleanup", Time since last: 1000161526 ns, Reaching safepoint: 96454 ns, At safepoint: 15315 ns, Total: 111769 ns
[2020-09-11T12:24:17.376+0000][1][safepoint    ] Safepoint "Cleanup", Time since last: 1000167368 ns, Reaching safepoint: 95896 ns, At safepoint: 14407 ns, Total: 110303 ns
[2020-09-11T12:24:18.377+0000][1][safepoint    ] Safepoint "Cleanup", Time since last: 1000180478 ns, Reaching safepoint: 91251 ns, At safepoint: 7052 ns, Total: 98303 ns
[2020-09-11T12:24:19.377+0000][1][safepoint    ] Safepoint "Cleanup", Time since last: 1000207497 ns, Reaching safepoint: 49680 ns, At safepoint: 7151 ns, Total: 56831 ns
[2020-09-11T12:24:20.377+0000][1][safepoint    ] Safepoint "Cleanup", Time since last: 1000124992 ns, Reaching safepoint: 328984 ns, At safepoint: 21382 ns, Total: 350366 ns
[2020-09-11T12:24:21.378+0000][1][safepoint    ] Safepoint "Cleanup", Time since last: 1000183125 ns, Reaching safepoint: 91089 ns, At safepoint: 5876 ns, Total: 96965 ns
[2020-09-11T12:24:22.378+0000][1][safepoint    ] Safepoint "Cleanup", Time since last: 1000140595 ns, Reaching safepoint: 88402 ns, At safepoint: 6577 ns, Total: 94979 ns
[2020-09-11T12:24:23.378+0000][1][safepoint    ] Safepoint "Cleanup", Time since last: 1000098059 ns, Reaching safepoint: 179560 ns, At safepoint: 7791 ns, Total: 187351 ns
[2020-09-11T12:24:24.378+0000][1][safepoint    ] Safepoint "Cleanup", Time since last: 1000153677 ns, Reaching safepoint: 140539 ns, At safepoint: 16314 ns, Total: 156853 ns
[2020-09-11T12:24:25.379+0000][1][safepoint    ] Safepoint "Cleanup", Time since last: 1000222592 ns, Reaching safepoint: 83104 ns, At safepoint: 7139 ns, Total: 90243 ns
[2020-09-11T12:24:26.379+0000][1][safepoint    ] Safepoint "Cleanup", Time since last: 1000161521 ns, Reaching safepoint: 98569 ns, At safepoint: 8580 ns, Total: 107149 ns
[2020-09-11T12:24:27.379+0000][1][safepoint    ] Safepoint "Cleanup", Time since last: 1000170887 ns, Reaching safepoint: 85805 ns, At safepoint: 8337 ns, Total: 94142 ns
[2020-09-11T12:24:28.380+0000][1][safepoint    ] Safepoint "Cleanup", Time since last: 1000141718 ns, Reaching safepoint: 165776 ns, At safepoint: 8071 ns, Total: 173847 ns
[2020-09-11T12:24:29.380+0000][1][safepoint    ] Safepoint "Cleanup", Time since last: 1000143813 ns, Reaching safepoint: 96772 ns, At safepoint: 7665 ns, Total: 104437 ns
[2020-09-11T12:24:30.380+0000][1][safepoint    ] Safepoint "Cleanup", Time since last: 1000172604 ns, Reaching safepoint: 91444 ns, At safepoint: 7404 ns, Total: 98848 ns
[2020-09-11T12:24:31.380+0000][1][safepoint    ] Safepoint "Cleanup", Time since last: 1000175456 ns, Reaching safepoint: 112000 ns, At safepoint: 17283 ns, Total: 129283 ns
[2020-09-11T12:24:32.382+0000][1][safepoint    ] Safepoint "Cleanup", Time since last: 1001285512 ns, Reaching safepoint: 135548 ns, At safepoint: 17436 ns, Total: 152984 ns
[2020-09-11T12:24:33.382+0000][1][safepoint    ] Safepoint "Cleanup", Time since last: 1000203826 ns, Reaching safepoint: 91758 ns, At safepoint: 7407 ns, Total: 99165 ns
[2020-09-11T12:24:34.383+0000][1][safepoint    ] Safepoint "Cleanup", Time since last: 1000192884 ns, Reaching safepoint: 112495 ns, At safepoint: 18619 ns, Total: 131114 ns
[2020-09-11T12:24:35.383+0000][1][safepoint    ] Safepoint "Cleanup", Time since last: 1000223120 ns, Reaching safepoint: 108966 ns, At safepoint: 17567 ns, Total: 126533 ns
[2020-09-11T12:24:36.383+0000][1][safepoint    ] Safepoint "Cleanup", Time since last: 1000202242 ns, Reaching safepoint: 97818 ns, At safepoint: 7932 ns, Total: 105750 ns
[2020-09-11T12:24:37.384+0000][1][safepoint    ] Safepoint "Cleanup", Time since last: 1000178863 ns, Reaching safepoint: 146950 ns, At safepoint: 19137 ns, Total: 166087 ns
[2020-09-11T12:24:38.384+0000][1][safepoint    ] Safepoint "Cleanup", Time since last: 1000188904 ns, Reaching safepoint: 115581 ns, At safepoint: 17825 ns, Total: 133406 ns
[2020-09-11T12:24:39.384+0000][1][safepoint    ] Safepoint "Cleanup", Time since last: 1000215829 ns, Reaching safepoint: 132083 ns, At safepoint: 18930 ns, Total: 151013 ns
[2020-09-11T12:24:40.385+0000][1][safepoint    ] Safepoint "Cleanup", Time since last: 1000238785 ns, Reaching safepoint: 151534 ns, At safepoint: 18703 ns, Total: 170237 ns
[2020-09-11T12:24:41.385+0000][1][safepoint    ] Safepoint "Cleanup", Time since last: 1000215193 ns, Reaching safepoint: 79714 ns, At safepoint: 7438 ns, Total: 87152 ns
[2020-09-11T12:24:42.385+0000][1][safepoint    ] Safepoint "Cleanup", Time since last: 1000184635 ns, Reaching safepoint: 86872 ns, At safepoint: 8316 ns, Total: 95188 ns
[2020-09-11T12:24:43.386+0000][1][safepoint    ] Safepoint "Cleanup", Time since last: 1000268744 ns, Reaching safepoint: 77913 ns, At safepoint: 6965 ns, Total: 84878 ns
[2020-09-11T12:24:44.386+0000][1][safepoint    ] Safepoint "Cleanup", Time since last: 1000185159 ns, Reaching safepoint: 110911 ns, At safepoint: 18382 ns, Total: 129293 ns
[2020-09-11T12:24:45.386+0000][1][safepoint    ] Safepoint "Cleanup", Time since last: 1000213149 ns, Reaching safepoint: 89734 ns, At safepoint: 8020 ns, Total: 97754 ns
[2020-09-11T12:24:46.386+0000][1][safepoint    ] Safepoint "Cleanup", Time since last: 1000144553 ns, Reaching safepoint: 111599 ns, At safepoint: 18786 ns, Total: 130385 ns
[2020-09-11T12:24:47.387+0000][1][safepoint    ] Safepoint "Cleanup", Time since last: 1000219916 ns, Reaching safepoint: 110574 ns, At safepoint: 17159 ns, Total: 127733 ns
[2020-09-11T12:24:48.387+0000][1][safepoint    ] Safepoint "Cleanup", Time since last: 1000213699 ns, Reaching safepoint: 83506 ns, At safepoint: 8340 ns, Total: 91846 ns
[2020-09-11T12:24:49.387+0000][1][safepoint    ] Safepoint "Cleanup", Time since last: 1000178046 ns, Reaching safepoint: 134546 ns, At safepoint: 15532 ns, Total: 150078 ns
[2020-09-11T12:24:50.388+0000][1][safepoint    ] Safepoint "Cleanup", Time since last: 1000209881 ns, Reaching safepoint: 94315 ns, At safepoint: 7471 ns, Total: 101786 ns
[2020-09-11T12:24:51.388+0000][1][safepoint    ] Safepoint "Cleanup", Time since last: 1000145272 ns, Reaching safepoint: 95266 ns, At safepoint: 6392 ns, Total: 101658 ns
[2020-09-11T12:24:52.388+0000][1][safepoint    ] Safepoint "Cleanup", Time since last: 1000171314 ns, Reaching safepoint: 105178 ns, At safepoint: 18659 ns, Total: 123837 ns
[2020-09-11T12:24:53.389+0000][1][safepoint    ] Safepoint "Cleanup", Time since last: 1000207609 ns, Reaching safepoint: 132390 ns, At safepoint: 19752 ns, Total: 152142 ns
[2020-09-11T12:24:54.389+0000][1][safepoint    ] Safepoint "Cleanup", Time since last: 1000214019 ns, Reaching safepoint: 88552 ns, At safepoint: 7266 ns, Total: 95818 ns
[2020-09-11T12:24:55.389+0000][1][safepoint    ] Safepoint "Cleanup", Time since last: 1000179670 ns, Reaching safepoint: 103742 ns, At safepoint: 17313 ns, Total: 121055 ns
[2020-09-11T12:24:56.390+0000][1][safepoint    ] Safepoint "Cleanup", Time since last: 1000222124 ns, Reaching safepoint: 86515 ns, At safepoint: 7460 ns, Total: 93975 ns
[2020-09-11T12:24:57.390+0000][1][safepoint    ] Safepoint "Cleanup", Time since last: 1000137315 ns, Reaching safepoint: 105985 ns, At safepoint: 6493 ns, Total: 112478 ns
[2020-09-11T12:24:58.390+0000][1][safepoint    ] Safepoint "Cleanup", Time since last: 1000181794 ns, Reaching safepoint: 104760 ns, At safepoint: 17654 ns, Total: 122414 ns
[2020-09-11T12:24:59.390+0000][1][safepoint    ] Safepoint "Cleanup", Time since last: 1000228620 ns, Reaching safepoint: 80130 ns, At safepoint: 6051 ns, Total: 86181 ns
[2020-09-11T12:25:00.391+0000][1][safepoint    ] Safepoint "Cleanup", Time since last: 1000169662 ns, Reaching safepoint: 94187 ns, At safepoint: 8258 ns, Total: 102445 ns
[2020-09-11T12:25:01.391+0000][1][safepoint    ] Safepoint "Cleanup", Time since last: 1000180693 ns, Reaching safepoint: 111362 ns, At safepoint: 18145 ns, Total: 129507 ns
[2020-09-11T12:25:02.391+0000][1][safepoint    ] Safepoint "Cleanup", Time since last: 1000164161 ns, Reaching safepoint: 108245 ns, At safepoint: 16227 ns, Total: 124472 ns
[2020-09-11T12:25:03.392+0000][1][safepoint    ] Safepoint "Cleanup", Time since last: 1000118701 ns, Reaching safepoint: 96378 ns, At safepoint: 6570 ns, Total: 102948 ns
[2020-09-11T12:25:04.392+0000][1][safepoint    ] Safepoint "Cleanup", Time since last: 1000132684 ns, Reaching safepoint: 105684 ns, At safepoint: 15906 ns, Total: 121590 ns
[2020-09-11T12:25:05.392+0000][1][safepoint    ] Safepoint "Cleanup", Time since last: 1000178383 ns, Reaching safepoint: 112237 ns, At safepoint: 17841 ns, Total: 130078 ns
[2020-09-11T12:25:06.392+0000][1][safepoint    ] Safepoint "Cleanup", Time since last: 1000214618 ns, Reaching safepoint: 85599 ns, At safepoint: 8008 ns, Total: 93607 ns
[2020-09-11T12:25:07.393+0000][1][safepoint    ] Safepoint "Cleanup", Time since last: 1000172913 ns, Reaching safepoint: 83275 ns, At safepoint: 6887 ns, Total: 90162 ns
[2020-09-11T12:25:08.393+0000][1][safepoint    ] Safepoint "Cleanup", Time since last: 1000169465 ns, Reaching safepoint: 90796 ns, At safepoint: 7485 ns, Total: 98281 ns
[2020-09-11T12:25:09.393+0000][1][safepoint    ] Safepoint "Cleanup", Time since last: 1000166433 ns, Reaching safepoint: 89616 ns, At safepoint: 7898 ns, Total: 97514 ns
[2020-09-11T12:25:10.393+0000][1][safepoint    ] Safepoint "Cleanup", Time since last: 1000185807 ns, Reaching safepoint: 104210 ns, At safepoint: 7405 ns, Total: 111615 ns
[2020-09-11T12:25:11.394+0000][1][safepoint    ] Safepoint "Cleanup", Time since last: 1000159569 ns, Reaching safepoint: 80823 ns, At safepoint: 6456 ns, Total: 87279 ns
[2020-09-11T12:25:12.394+0000][1][safepoint    ] Safepoint "Cleanup", Time since last: 1000130978 ns, Reaching safepoint: 95058 ns, At safepoint: 6849 ns, Total: 101907 ns
[2020-09-11T12:25:13.394+0000][1][safepoint    ] Safepoint "Cleanup", Time since last: 1000150615 ns, Reaching safepoint: 113728 ns, At safepoint: 17015 ns, Total: 130743 ns
[2020-09-11T12:25:14.395+0000][1][safepoint    ] Safepoint "Cleanup", Time since last: 1000216720 ns, Reaching safepoint: 83910 ns, At safepoint: 7215 ns, Total: 91125 ns
[2020-09-11T12:25:15.395+0000][1][safepoint    ] Safepoint "Cleanup", Time since last: 1000164448 ns, Reaching safepoint: 107550 ns, At safepoint: 17300 ns, Total: 124850 ns
[2020-09-11T12:25:16.395+0000][1][safepoint    ] Safepoint "Cleanup", Time since last: 1000195259 ns, Reaching safepoint: 105000 ns, At safepoint: 16996 ns, Total: 121996 ns
[2020-09-11T12:25:17.396+0000][1][safepoint    ] Safepoint "Cleanup", Time since last: 1000197043 ns, Reaching safepoint: 128044 ns, At safepoint: 15923 ns, Total: 143967 ns
[2020-09-11T12:25:18.396+0000][1][safepoint    ] Safepoint "Cleanup", Time since last: 1000201678 ns, Reaching safepoint: 117981 ns, At safepoint: 18088 ns, Total: 136069 ns
[2020-09-11T12:25:18.459+0000][1][gc,start     ] GC(72) Pause Young (Allocation Failure)
[2020-09-11T12:25:18.459+0000][1][gc,task      ] GC(72) Using 1 workers of 1 for evacuation
[2020-09-11T12:25:18.465+0000][1][gc,age       ] GC(72) Desired survivor size 4358144 bytes, new threshold 6 (max threshold 6)
[2020-09-11T12:25:18.465+0000][1][gc,age       ] GC(72) Age table with threshold 6 (max threshold 6)
[2020-09-11T12:25:18.465+0000][1][gc,age       ] GC(72) - age   1:      16272 bytes,      16272 total
[2020-09-11T12:25:18.465+0000][1][gc,age       ] GC(72) - age   2:       2560 bytes,      18832 total
[2020-09-11T12:25:18.465+0000][1][gc,age       ] GC(72) - age   3:       2768 bytes,      21600 total
[2020-09-11T12:25:18.465+0000][1][gc,age       ] GC(72) - age   4:       5440 bytes,      27040 total
[2020-09-11T12:25:18.465+0000][1][gc,age       ] GC(72) - age   5:      42504 bytes,      69544 total
[2020-09-11T12:25:18.465+0000][1][gc,age       ] GC(72) - age   6:      43192 bytes,     112736 total
[2020-09-11T12:25:18.465+0000][1][gc,heap      ] GC(72) ParNew: 69958K->617K(76672K)
[2020-09-11T12:25:18.465+0000][1][gc,heap      ] GC(72) CMS: 64065K->64648K(439104K)
[2020-09-11T12:25:18.465+0000][1][gc,metaspace ] GC(72) Metaspace: 74139K->74139K(1118208K)
[2020-09-11T12:25:18.465+0000][1][gc           ] GC(72) Pause Young (Allocation Failure) 130M->63M(503M) 6.400ms
[2020-09-11T12:25:18.465+0000][1][gc,cpu       ] GC(72) User=0.00s Sys=0.00s Real=0.01s
[2020-09-11T12:25:18.465+0000][1][safepoint    ] Safepoint "GenCollectForAllocation", Time since last: 62495277 ns, Reaching safepoint: 172196 ns, At safepoint: 6459535 ns, Total: 6631731 ns
[2020-09-11T12:25:19.472+0000][1][safepoint    ] Safepoint "Cleanup", Time since last: 1006585977 ns, Reaching safepoint: 49175 ns, At safepoint: 19967 ns, Total: 69142 ns
[2020-09-11T12:25:20.472+0000][1][safepoint    ] Safepoint "Cleanup", Time since last: 1000173894 ns, Reaching safepoint: 84405 ns, At safepoint: 7064 ns, Total: 91469 ns
[2020-09-11T12:25:21.472+0000][1][safepoint    ] Safepoint "Cleanup", Time since last: 1000153741 ns, Reaching safepoint: 96888 ns, At safepoint: 17233 ns, Total: 114121 ns
[2020-09-11T12:25:22.472+0000][1][safepoint    ] Safepoint "Cleanup", Time since last: 1000206379 ns, Reaching safepoint: 94139 ns, At safepoint: 16966 ns, Total: 111105 ns
[2020-09-11T12:25:23.473+0000][1][safepoint    ] Safepoint "Cleanup", Time since last: 1000150146 ns, Reaching safepoint: 111091 ns, At safepoint: 16645 ns, Total: 127736 ns
[2020-09-11T12:25:24.473+0000][1][safepoint    ] Safepoint "Cleanup", Time since last: 1000209893 ns, Reaching safepoint: 84945 ns, At safepoint: 6417 ns, Total: 91362 ns
[2020-09-11T12:25:25.473+0000][1][safepoint    ] Safepoint "Cleanup", Time since last: 1000160587 ns, Reaching safepoint: 101648 ns, At safepoint: 7277 ns, Total: 108925 ns
[2020-09-11T12:25:26.474+0000][1][safepoint    ] Safepoint "Cleanup", Time since last: 1000135755 ns, Reaching safepoint: 114321 ns, At safepoint: 6169 ns, Total: 120490 ns
[2020-09-11T12:25:27.474+0000][1][safepoint    ] Safepoint "Cleanup", Time since last: 1000168084 ns, Reaching safepoint: 82454 ns, At safepoint: 7018 ns, Total: 89472 ns
[2020-09-11T12:25:28.474+0000][1][safepoint    ] Safepoint "Cleanup", Time since last: 1000183922 ns, Reaching safepoint: 85954 ns, At safepoint: 6171 ns, Total: 92125 ns
[2020-09-11T12:25:29.474+0000][1][safepoint    ] Safepoint "Cleanup", Time since last: 1000162447 ns, Reaching safepoint: 85210 ns, At safepoint: 6989 ns, Total: 92199 ns
[2020-09-11T12:25:30.475+0000][1][safepoint    ] Safepoint "Cleanup", Time since last: 1000181053 ns, Reaching safepoint: 118495 ns, At safepoint: 185736 ns, Total: 304231 ns
[2020-09-11T12:25:31.475+0000][1][safepoint    ] Safepoint "Cleanup", Time since last: 1000234410 ns, Reaching safepoint: 88737 ns, At safepoint: 7612 ns, Total: 96349 ns
[2020-09-11T12:25:32.476+0000][1][safepoint    ] Safepoint "Cleanup", Time since last: 1000149259 ns, Reaching safepoint: 190307 ns, At safepoint: 7143 ns, Total: 197450 ns
[2020-09-11T12:25:33.476+0000][1][safepoint    ] Safepoint "Cleanup", Time since last: 1000172773 ns, Reaching safepoint: 81938 ns, At safepoint: 8122 ns, Total: 90060 ns
[2020-09-11T12:25:34.476+0000][1][safepoint    ] Safepoint "Cleanup", Time since last: 1000180914 ns, Reaching safepoint: 77762 ns, At safepoint: 6238 ns, Total: 84000 ns
[2020-09-11T12:25:35.476+0000][1][safepoint    ] Safepoint "Cleanup", Time since last: 1000173200 ns, Reaching safepoint: 92387 ns, At safepoint: 7515 ns, Total: 99902 ns
[2020-09-11T12:25:36.477+0000][1][safepoint    ] Safepoint "Cleanup", Time since last: 1000213035 ns, Reaching safepoint: 103289 ns, At safepoint: 7521 ns, Total: 110810 ns
[2020-09-11T12:25:37.477+0000][1][safepoint    ] Safepoint "Cleanup", Time since last: 1000159668 ns, Reaching safepoint: 91635 ns, At safepoint: 7012 ns, Total: 98647 ns
[2020-09-11T12:25:38.477+0000][1][safepoint    ] Safepoint "Cleanup", Time since last: 1000165990 ns, Reaching safepoint: 81892 ns, At safepoint: 6222 ns, Total: 88114 ns
[2020-09-11T12:25:39.477+0000][1][safepoint    ] Safepoint "Cleanup", Time since last: 1000126814 ns, Reaching safepoint: 99259 ns, At safepoint: 7099 ns, Total: 106358 ns
[2020-09-11T12:25:40.478+0000][1][safepoint    ] Safepoint "Cleanup", Time since last: 1000128366 ns, Reaching safepoint: 103113 ns, At safepoint: 5946 ns, Total: 109059 ns
[2020-09-11T12:25:41.478+0000][1][safepoint    ] Safepoint "Cleanup", Time since last: 1000179160 ns, Reaching safepoint: 136543 ns, At safepoint: 18325 ns, Total: 154868 ns
[2020-09-11T12:25:42.478+0000][1][safepoint    ] Safepoint "Cleanup", Time since last: 1000202923 ns, Reaching safepoint: 107714 ns, At safepoint: 16868 ns, Total: 124582 ns
[2020-09-11T12:25:43.479+0000][1][safepoint    ] Safepoint "Cleanup", Time since last: 1000199042 ns, Reaching safepoint: 100981 ns, At safepoint: 17841 ns, Total: 118822 ns
[2020-09-11T12:25:44.479+0000][1][safepoint    ] Safepoint "Cleanup", Time since last: 1000116045 ns, Reaching safepoint: 117385 ns, At safepoint: 16465 ns, Total: 133850 ns
[2020-09-11T12:25:45.479+0000][1][safepoint    ] Safepoint "Cleanup", Time since last: 1000162042 ns, Reaching safepoint: 100348 ns, At safepoint: 7762 ns, Total: 108110 ns
[2020-09-11T12:25:46.479+0000][1][safepoint    ] Safepoint "Cleanup", Time since last: 1000138670 ns, Reaching safepoint: 102030 ns, At safepoint: 38632 ns, Total: 140662 ns
[2020-09-11T12:25:47.480+0000][1][safepoint    ] Safepoint "Cleanup", Time since last: 1000204127 ns, Reaching safepoint: 80405 ns, At safepoint: 7376 ns, Total: 87781 ns
[2020-09-11T12:25:48.480+0000][1][safepoint    ] Safepoint "Cleanup", Time since last: 1000163967 ns, Reaching safepoint: 83308 ns, At safepoint: 6302 ns, Total: 89610 ns
[2020-09-11T12:25:49.480+0000][1][safepoint    ] Safepoint "Cleanup", Time since last: 1000139170 ns, Reaching safepoint: 63380 ns, At safepoint: 6901 ns, Total: 70281 ns
[2020-09-11T12:25:50.480+0000][1][safepoint    ] Safepoint "Cleanup", Time since last: 1000174896 ns, Reaching safepoint: 82017 ns, At safepoint: 7011 ns, Total: 89028 ns
[2020-09-11T12:25:51.481+0000][1][safepoint    ] Safepoint "Cleanup", Time since last: 1000170214 ns, Reaching safepoint: 107634 ns, At safepoint: 17700 ns, Total: 125334 ns
[2020-09-11T12:25:52.481+0000][1][safepoint    ] Safepoint "Cleanup", Time since last: 1000207975 ns, Reaching safepoint: 98523 ns, At safepoint: 16992 ns, Total: 115515 ns
[2020-09-11T12:25:53.481+0000][1][safepoint    ] Safepoint "Cleanup", Time since last: 1000130128 ns, Reaching safepoint: 58565 ns, At safepoint: 7031 ns, Total: 65596 ns
[2020-09-11T12:25:54.482+0000][1][safepoint    ] Safepoint "Cleanup", Time since last: 1000200649 ns, Reaching safepoint: 105178 ns, At safepoint: 16952 ns, Total: 122130 ns
[2020-09-11T12:25:55.482+0000][1][safepoint    ] Safepoint "Cleanup", Time since last: 1000203192 ns, Reaching safepoint: 81935 ns, At safepoint: 7402 ns, Total: 89337 ns
[2020-09-11T12:25:56.482+0000][1][safepoint    ] Safepoint "Cleanup", Time since last: 1000134837 ns, Reaching safepoint: 99692 ns, At safepoint: 6013 ns, Total: 105705 ns
[2020-09-11T12:25:57.482+0000][1][safepoint    ] Safepoint "Cleanup", Time since last: 1000160635 ns, Reaching safepoint: 88109 ns, At safepoint: 7296 ns, Total: 95405 ns
[2020-09-11T12:25:58.483+0000][1][safepoint    ] Safepoint "Cleanup", Time since last: 1000150320 ns, Reaching safepoint: 84409 ns, At safepoint: 6485 ns, Total: 90894 ns
[2020-09-11T12:25:59.483+0000][1][safepoint    ] Safepoint "Cleanup", Time since last: 1000187797 ns, Reaching safepoint: 83240 ns, At safepoint: 7214 ns, Total: 90454 ns
[2020-09-11T12:26:00.483+0000][1][safepoint    ] Safepoint "Cleanup", Time since last: 1000147136 ns, Reaching safepoint: 90799 ns, At safepoint: 6980 ns, Total: 97779 ns
[2020-09-11T12:26:01.483+0000][1][safepoint    ] Safepoint "Cleanup", Time since last: 1000189183 ns, Reaching safepoint: 102844 ns, At safepoint: 6441 ns, Total: 109285 ns
[2020-09-11T12:26:02.484+0000][1][safepoint    ] Safepoint "Cleanup", Time since last: 1000137479 ns, Reaching safepoint: 97898 ns, At safepoint: 15670 ns, Total: 113568 ns
[2020-09-11T12:26:03.484+0000][1][safepoint    ] Safepoint "Cleanup", Time since last: 1000165345 ns, Reaching safepoint: 106656 ns, At safepoint: 17186 ns, Total: 123842 ns
[2020-09-11T12:26:04.484+0000][1][safepoint    ] Safepoint "Cleanup", Time since last: 1000207035 ns, Reaching safepoint: 78824 ns, At safepoint: 6326 ns, Total: 85150 ns
[2020-09-11T12:26:05.485+0000][1][safepoint    ] Safepoint "Cleanup", Time since last: 1000129251 ns, Reaching safepoint: 110574 ns, At safepoint: 17691 ns, Total: 128265 ns
[2020-09-11T12:26:06.485+0000][1][safepoint    ] Safepoint "Cleanup", Time since last: 1000189555 ns, Reaching safepoint: 107992 ns, At safepoint: 17567 ns, Total: 125559 ns
[2020-09-11T12:26:07.485+0000][1][safepoint    ] Safepoint "Cleanup", Time since last: 1000225132 ns, Reaching safepoint: 107708 ns, At safepoint: 18961 ns, Total: 126669 ns
[2020-09-11T12:26:08.486+0000][1][safepoint    ] Safepoint "Cleanup", Time since last: 1000212099 ns, Reaching safepoint: 108426 ns, At safepoint: 17340 ns, Total: 125766 ns
[2020-09-11T12:26:09.486+0000][1][safepoint    ] Safepoint "Cleanup", Time since last: 1000213081 ns, Reaching safepoint: 100919 ns, At safepoint: 18342 ns, Total: 119261 ns
[2020-09-11T12:26:10.486+0000][1][safepoint    ] Safepoint "Cleanup", Time since last: 1000204086 ns, Reaching safepoint: 107771 ns, At safepoint: 17123 ns, Total: 124894 ns
[2020-09-11T12:26:11.487+0000][1][safepoint    ] Safepoint "Cleanup", Time since last: 1000216038 ns, Reaching safepoint: 107961 ns, At safepoint: 18119 ns, Total: 126080 ns
[2020-09-11T12:26:12.487+0000][1][safepoint    ] Safepoint "Cleanup", Time since last: 1000201965 ns, Reaching safepoint: 142198 ns, At safepoint: 18004 ns, Total: 160202 ns
[2020-09-11T12:26:13.487+0000][1][safepoint    ] Safepoint "Cleanup", Time since last: 1000189274 ns, Reaching safepoint: 110655 ns, At safepoint: 17924 ns, Total: 128579 ns
[2020-09-11T12:26:14.487+0000][1][safepoint    ] Safepoint "Cleanup", Time since last: 1000203723 ns, Reaching safepoint: 83623 ns, At safepoint: 6604 ns, Total: 90227 ns
[2020-09-11T12:26:15.488+0000][1][safepoint    ] Safepoint "Cleanup", Time since last: 1000161594 ns, Reaching safepoint: 82479 ns, At safepoint: 7892 ns, Total: 90371 ns
[2020-09-11T12:26:16.488+0000][1][safepoint    ] Safepoint "Cleanup", Time since last: 1000199205 ns, Reaching safepoint: 76686 ns, At safepoint: 14394 ns, Total: 91080 ns
[2020-09-11T12:26:17.488+0000][1][safepoint    ] Safepoint "Cleanup", Time since last: 1000171383 ns, Reaching safepoint: 81823 ns, At safepoint: 7323 ns, Total: 89146 ns
[2020-09-11T12:26:18.489+0000][1][safepoint    ] Safepoint "Cleanup", Time since last: 1000183389 ns, Reaching safepoint: 121550 ns, At safepoint: 16802 ns, Total: 138352 ns
[2020-09-11T12:26:19.489+0000][1][safepoint    ] Safepoint "Cleanup", Time since last: 1000211679 ns, Reaching safepoint: 96098 ns, At safepoint: 16869 ns, Total: 112967 ns
[2020-09-11T12:26:20.489+0000][1][safepoint    ] Safepoint "Cleanup", Time since last: 1000212172 ns, Reaching safepoint: 121122 ns, At safepoint: 17634 ns, Total: 138756 ns
[2020-09-11T12:26:21.490+0000][1][safepoint    ] Safepoint "Cleanup", Time since last: 1000193390 ns, Reaching safepoint: 85454 ns, At safepoint: 7063 ns, Total: 92517 ns
[2020-09-11T12:26:22.490+0000][1][safepoint    ] Safepoint "Cleanup", Time since last: 1000185771 ns, Reaching safepoint: 96535 ns, At safepoint: 16899 ns, Total: 113434 ns
[2020-09-11T12:26:23.490+0000][1][safepoint    ] Safepoint "Cleanup", Time since last: 1000192725 ns, Reaching safepoint: 115539 ns, At safepoint: 20190 ns, Total: 135729 ns
[2020-09-11T12:26:24.490+0000][1][safepoint    ] Safepoint "Cleanup", Time since last: 1000181345 ns, Reaching safepoint: 89182 ns, At safepoint: 6537 ns, Total: 95719 ns
[2020-09-11T12:26:25.491+0000][1][safepoint    ] Safepoint "Cleanup", Time since last: 1000164633 ns, Reaching safepoint: 80959 ns, At safepoint: 7396 ns, Total: 88355 ns
[2020-09-11T12:26:26.491+0000][1][safepoint    ] Safepoint "Cleanup", Time since last: 1000174095 ns, Reaching safepoint: 156046 ns, At safepoint: 17861 ns, Total: 173907 ns
[2020-09-11T12:26:27.491+0000][1][safepoint    ] Safepoint "Cleanup", Time since last: 1000197098 ns, Reaching safepoint: 149674 ns, At safepoint: 15335 ns, Total: 165009 ns
[2020-09-11T12:26:28.492+0000][1][safepoint    ] Safepoint "Cleanup", Time since last: 1000199327 ns, Reaching safepoint: 107557 ns, At safepoint: 18075 ns, Total: 125632 ns
[2020-09-11T12:26:28.567+0000][1][gc,start     ] GC(73) Pause Young (Allocation Failure)
[2020-09-11T12:26:28.567+0000][1][gc,task      ] GC(73) Using 1 workers of 1 for evacuation
[2020-09-11T12:26:28.572+0000][1][gc,age       ] GC(73) Desired survivor size 4358144 bytes, new threshold 6 (max threshold 6)
[2020-09-11T12:26:28.572+0000][1][gc,age       ] GC(73) Age table with threshold 6 (max threshold 6)
[2020-09-11T12:26:28.572+0000][1][gc,age       ] GC(73) - age   1:       5936 bytes,       5936 total
[2020-09-11T12:26:28.572+0000][1][gc,age       ] GC(73) - age   2:      10464 bytes,      16400 total
[2020-09-11T12:26:28.572+0000][1][gc,age       ] GC(73) - age   3:       2560 bytes,      18960 total
[2020-09-11T12:26:28.572+0000][1][gc,age       ] GC(73) - age   4:       2768 bytes,      21728 total
[2020-09-11T12:26:28.572+0000][1][gc,age       ] GC(73) - age   5:       5440 bytes,      27168 total
[2020-09-11T12:26:28.572+0000][1][gc,age       ] GC(73) - age   6:      42504 bytes,      69672 total
[2020-09-11T12:26:28.572+0000][1][gc,heap      ] GC(73) ParNew: 68777K->175K(76672K)
[2020-09-11T12:26:28.572+0000][1][gc,heap      ] GC(73) CMS: 64648K->64691K(439104K)
[2020-09-11T12:26:28.572+0000][1][gc,metaspace ] GC(73) Metaspace: 74244K->74244K(1118208K)
[2020-09-11T12:26:28.572+0000][1][gc           ] GC(73) Pause Young (Allocation Failure) 130M->63M(503M) 5.539ms
[2020-09-11T12:26:28.572+0000][1][gc,cpu       ] GC(73) User=0.00s Sys=0.00s Real=0.00s
[2020-09-11T12:26:28.572+0000][1][safepoint    ] Safepoint "GenCollectForAllocation", Time since last: 74475957 ns, Reaching safepoint: 224340 ns, At safepoint: 5609670 ns, Total: 5834010 ns
[2020-09-11T12:26:29.578+0000][1][safepoint    ] Safepoint "Cleanup", Time since last: 1005962975 ns, Reaching safepoint: 241586 ns, At safepoint: 51165 ns, Total: 292751 ns
[2020-09-11T12:26:30.579+0000][1][safepoint    ] Safepoint "Cleanup", Time since last: 1000216818 ns, Reaching safepoint: 77843 ns, At safepoint: 18656 ns, Total: 96499 ns
[2020-09-11T12:26:31.579+0000][1][safepoint    ] Safepoint "Cleanup", Time since last: 1000187760 ns, Reaching safepoint: 77839 ns, At safepoint: 20707 ns, Total: 98546 ns
[2020-09-11T12:26:32.579+0000][1][safepoint    ] Safepoint "Cleanup", Time since last: 1000171975 ns, Reaching safepoint: 74966 ns, At safepoint: 18385 ns, Total: 93351 ns
[2020-09-11T12:26:33.579+0000][1][safepoint    ] Safepoint "Cleanup", Time since last: 1000098349 ns, Reaching safepoint: 165562 ns, At safepoint: 7380 ns, Total: 172942 ns
[2020-09-11T12:26:34.580+0000][1][safepoint    ] Safepoint "Cleanup", Time since last: 1000163361 ns, Reaching safepoint: 105446 ns, At safepoint: 16405 ns, Total: 121851 ns
[2020-09-11T12:26:35.580+0000][1][safepoint    ] Safepoint "Cleanup", Time since last: 1000205129 ns, Reaching safepoint: 112054 ns, At safepoint: 18189 ns, Total: 130243 ns
[2020-09-11T12:26:36.580+0000][1][safepoint    ] Safepoint "Cleanup", Time since last: 1000203404 ns, Reaching safepoint: 102065 ns, At safepoint: 16457 ns, Total: 118522 ns
[2020-09-11T12:26:37.581+0000][1][safepoint    ] Safepoint "Cleanup", Time since last: 1000238184 ns, Reaching safepoint: 108088 ns, At safepoint: 18065 ns, Total: 126153 ns
[2020-09-11T12:26:38.581+0000][1][safepoint    ] Safepoint "Cleanup", Time since last: 1000207141 ns, Reaching safepoint: 81841 ns, At safepoint: 6876 ns, Total: 88717 ns
[2020-09-11T12:26:39.581+0000][1][safepoint    ] Safepoint "Cleanup", Time since last: 1000199830 ns, Reaching safepoint: 111995 ns, At safepoint: 18646 ns, Total: 130641 ns
[2020-09-11T12:26:40.582+0000][1][safepoint    ] Safepoint "Cleanup", Time since last: 1000197951 ns, Reaching safepoint: 110798 ns, At safepoint: 17243 ns, Total: 128041 ns
[2020-09-11T12:26:41.582+0000][1][safepoint    ] Safepoint "Cleanup", Time since last: 1000238669 ns, Reaching safepoint: 122107 ns, At safepoint: 19091 ns, Total: 141198 ns
[2020-09-11T12:26:42.582+0000][1][safepoint    ] Safepoint "Cleanup", Time since last: 1000206235 ns, Reaching safepoint: 143958 ns, At safepoint: 17804 ns, Total: 161762 ns
[2020-09-11T12:26:43.583+0000][1][safepoint    ] Safepoint "Cleanup", Time since last: 1000202774 ns, Reaching safepoint: 120721 ns, At safepoint: 18596 ns, Total: 139317 ns
[2020-09-11T12:26:44.583+0000][1][safepoint    ] Safepoint "Cleanup", Time since last: 1000195090 ns, Reaching safepoint: 87854 ns, At safepoint: 6307 ns, Total: 94161 ns
[2020-09-11T12:26:45.583+0000][1][safepoint    ] Safepoint "Cleanup", Time since last: 1000164282 ns, Reaching safepoint: 83997 ns, At safepoint: 7584 ns, Total: 91581 ns
[2020-09-11T12:26:46.584+0000][1][safepoint    ] Safepoint "Cleanup", Time since last: 1000170996 ns, Reaching safepoint: 107307 ns, At safepoint: 16364 ns, Total: 123671 ns
[2020-09-11T12:26:47.584+0000][1][safepoint    ] Safepoint "Cleanup", Time since last: 1000174811 ns, Reaching safepoint: 110728 ns, At safepoint: 16578 ns, Total: 127306 ns
[2020-09-11T12:26:48.584+0000][1][safepoint    ] Safepoint "Cleanup", Time since last: 1000155186 ns, Reaching safepoint: 106559 ns, At safepoint: 14831 ns, Total: 121390 ns
[2020-09-11T12:26:49.585+0000][1][safepoint    ] Safepoint "Cleanup", Time since last: 1000205545 ns, Reaching safepoint: 90806 ns, At safepoint: 7750 ns, Total: 98556 ns
[2020-09-11T12:26:50.585+0000][1][safepoint    ] Safepoint "Cleanup", Time since last: 1000164114 ns, Reaching safepoint: 114333 ns, At safepoint: 17276 ns, Total: 131609 ns
[2020-09-11T12:26:51.585+0000][1][safepoint    ] Safepoint "Cleanup", Time since last: 1000180601 ns, Reaching safepoint: 100531 ns, At safepoint: 16992 ns, Total: 117523 ns
[2020-09-11T12:26:52.585+0000][1][safepoint    ] Safepoint "Cleanup", Time since last: 1000209409 ns, Reaching safepoint: 103585 ns, At safepoint: 16234 ns, Total: 119819 ns
[2020-09-11T12:26:53.586+0000][1][safepoint    ] Safepoint "Cleanup", Time since last: 1000214544 ns, Reaching safepoint: 106906 ns, At safepoint: 17978 ns, Total: 124884 ns
[2020-09-11T12:26:54.586+0000][1][safepoint    ] Safepoint "Cleanup", Time since last: 1000173570 ns, Reaching safepoint: 107264 ns, At safepoint: 15689 ns, Total: 122953 ns
[2020-09-11T12:26:55.586+0000][1][safepoint    ] Safepoint "Cleanup", Time since last: 1000222730 ns, Reaching safepoint: 108319 ns, At safepoint: 18679 ns, Total: 126998 ns
[2020-09-11T12:26:56.587+0000][1][safepoint    ] Safepoint "Cleanup", Time since last: 1000214884 ns, Reaching safepoint: 101249 ns, At safepoint: 16776 ns, Total: 118025 ns
[2020-09-11T12:26:57.587+0000][1][safepoint    ] Safepoint "Cleanup", Time since last: 1000175452 ns, Reaching safepoint: 112957 ns, At safepoint: 17500 ns, Total: 130457 ns
[2020-09-11T12:26:58.587+0000][1][safepoint    ] Safepoint "Cleanup", Time since last: 1000175237 ns, Reaching safepoint: 132745 ns, At safepoint: 16030 ns, Total: 148775 ns
[2020-09-11T12:26:59.588+0000][1][safepoint    ] Safepoint "Cleanup", Time since last: 1000165108 ns, Reaching safepoint: 119217 ns, At safepoint: 18800 ns, Total: 138017 ns
[2020-09-11T12:27:00.588+0000][1][safepoint    ] Safepoint "Cleanup", Time since last: 1000173167 ns, Reaching safepoint: 109887 ns, At safepoint: 17246 ns, Total: 127133 ns
[2020-09-11T12:27:01.588+0000][1][safepoint    ] Safepoint "Cleanup", Time since last: 1000227021 ns, Reaching safepoint: 100935 ns, At safepoint: 18426 ns, Total: 119361 ns
[2020-09-11T12:27:02.589+0000][1][safepoint    ] Safepoint "Cleanup", Time since last: 1000171611 ns, Reaching safepoint: 97173 ns, At safepoint: 16779 ns, Total: 113952 ns
[2020-09-11T12:27:03.589+0000][1][safepoint    ] Safepoint "Cleanup", Time since last: 1000203656 ns, Reaching safepoint: 85793 ns, At safepoint: 7573 ns, Total: 93366 ns
[2020-09-11T12:27:04.589+0000][1][safepoint    ] Safepoint "Cleanup", Time since last: 1000125944 ns, Reaching safepoint: 115462 ns, At safepoint: 17019 ns, Total: 132481 ns
[2020-09-11T12:27:05.590+0000][1][safepoint    ] Safepoint "Cleanup", Time since last: 1000160067 ns, Reaching safepoint: 110571 ns, At safepoint: 16060 ns, Total: 126631 ns
[2020-09-11T12:27:06.590+0000][1][safepoint    ] Safepoint "Cleanup", Time since last: 1000223947 ns, Reaching safepoint: 107003 ns, At safepoint: 17109 ns, Total: 124112 ns
[2020-09-11T12:27:07.590+0000][1][safepoint    ] Safepoint "Cleanup", Time since last: 1000205996 ns, Reaching safepoint: 106479 ns, At safepoint: 17827 ns, Total: 124306 ns
[2020-09-11T12:27:08.591+0000][1][safepoint    ] Safepoint "Cleanup", Time since last: 1000218850 ns, Reaching safepoint: 109703 ns, At safepoint: 16892 ns, Total: 126595 ns
[2020-09-11T12:27:09.591+0000][1][safepoint    ] Safepoint "Cleanup", Time since last: 1000208141 ns, Reaching safepoint: 108854 ns, At safepoint: 18677 ns, Total: 127531 ns
[2020-09-11T12:27:10.591+0000][1][safepoint    ] Safepoint "Cleanup", Time since last: 1000195921 ns, Reaching safepoint: 110027 ns, At safepoint: 17263 ns, Total: 127290 ns
[2020-09-11T12:27:11.591+0000][1][safepoint    ] Safepoint "Cleanup", Time since last: 1000224595 ns, Reaching safepoint: 88212 ns, At safepoint: 6721 ns, Total: 94933 ns
[2020-09-11T12:27:12.592+0000][1][safepoint    ] Safepoint "Cleanup", Time since last: 1000180759 ns, Reaching safepoint: 73522 ns, At safepoint: 6383 ns, Total: 79905 ns
[2020-09-11T12:27:13.592+0000][1][safepoint    ] Safepoint "Cleanup", Time since last: 1000195486 ns, Reaching safepoint: 104454 ns, At safepoint: 7603 ns, Total: 112057 ns
[2020-09-11T12:27:14.592+0000][1][safepoint    ] Safepoint "Cleanup", Time since last: 1000179159 ns, Reaching safepoint: 105650 ns, At safepoint: 17076 ns, Total: 122726 ns
[2020-09-11T12:27:15.593+0000][1][safepoint    ] Safepoint "Cleanup", Time since last: 1000208008 ns, Reaching safepoint: 105623 ns, At safepoint: 18445 ns, Total: 124068 ns
[2020-09-11T12:27:16.593+0000][1][safepoint    ] Safepoint "Cleanup", Time since last: 1000203288 ns, Reaching safepoint: 108469 ns, At safepoint: 17427 ns, Total: 125896 ns
[2020-09-11T12:27:17.593+0000][1][safepoint    ] Safepoint "Cleanup", Time since last: 1000212084 ns, Reaching safepoint: 106401 ns, At safepoint: 18817 ns, Total: 125218 ns
[2020-09-11T12:27:18.594+0000][1][safepoint    ] Safepoint "Cleanup", Time since last: 1000203587 ns, Reaching safepoint: 105332 ns, At safepoint: 17744 ns, Total: 123076 ns
[2020-09-11T12:27:19.594+0000][1][safepoint    ] Safepoint "Cleanup", Time since last: 1000200311 ns, Reaching safepoint: 108721 ns, At safepoint: 18592 ns, Total: 127313 ns
[2020-09-11T12:27:20.594+0000][1][safepoint    ] Safepoint "Cleanup", Time since last: 1000215592 ns, Reaching safepoint: 108193 ns, At safepoint: 18018 ns, Total: 126211 ns
[2020-09-11T12:27:21.595+0000][1][safepoint    ] Safepoint "Cleanup", Time since last: 1000213897 ns, Reaching safepoint: 86318 ns, At safepoint: 7542 ns, Total: 93860 ns
[2020-09-11T12:27:22.595+0000][1][safepoint    ] Safepoint "Cleanup", Time since last: 1000175985 ns, Reaching safepoint: 105375 ns, At safepoint: 17060 ns, Total: 122435 ns
[2020-09-11T12:27:23.595+0000][1][safepoint    ] Safepoint "Cleanup", Time since last: 1000201242 ns, Reaching safepoint: 85436 ns, At safepoint: 7147 ns, Total: 92583 ns
[2020-09-11T12:27:24.596+0000][1][safepoint    ] Safepoint "Cleanup", Time since last: 1000186911 ns, Reaching safepoint: 107253 ns, At safepoint: 17203 ns, Total: 124456 ns
[2020-09-11T12:27:25.596+0000][1][safepoint    ] Safepoint "Cleanup", Time since last: 1000232123 ns, Reaching safepoint: 110241 ns, At safepoint: 17874 ns, Total: 128115 ns
[2020-09-11T12:27:26.596+0000][1][safepoint    ] Safepoint "Cleanup", Time since last: 1000202250 ns, Reaching safepoint: 109692 ns, At safepoint: 17390 ns, Total: 127082 ns
[2020-09-11T12:27:27.597+0000][1][safepoint    ] Safepoint "Cleanup", Time since last: 1000205256 ns, Reaching safepoint: 113063 ns, At safepoint: 18737 ns, Total: 131800 ns
[2020-09-11T12:27:28.597+0000][1][safepoint    ] Safepoint "Cleanup", Time since last: 1000208898 ns, Reaching safepoint: 111496 ns, At safepoint: 17567 ns, Total: 129063 ns
[2020-09-11T12:27:29.597+0000][1][safepoint    ] Safepoint "Cleanup", Time since last: 1000214859 ns, Reaching safepoint: 112629 ns, At safepoint: 17784 ns, Total: 130413 ns
[2020-09-11T12:27:30.598+0000][1][safepoint    ] Safepoint "Cleanup", Time since last: 1000202934 ns, Reaching safepoint: 102534 ns, At safepoint: 11448 ns, Total: 113982 ns
[2020-09-11T12:27:31.598+0000][1][safepoint    ] Safepoint "Cleanup", Time since last: 1000229023 ns, Reaching safepoint: 70512 ns, At safepoint: 7044 ns, Total: 77556 ns
[2020-09-11T12:27:32.598+0000][1][safepoint    ] Safepoint "Cleanup", Time since last: 1000137684 ns, Reaching safepoint: 105930 ns, At safepoint: 16829 ns, Total: 122759 ns
[2020-09-11T12:27:33.599+0000][1][safepoint    ] Safepoint "Cleanup", Time since last: 1000202484 ns, Reaching safepoint: 119565 ns, At safepoint: 17928 ns, Total: 137493 ns
[2020-09-11T12:27:33.671+0000][1][gc,start     ] GC(74) Pause Young (Allocation Failure)
[2020-09-11T12:27:33.672+0000][1][gc,task      ] GC(74) Using 1 workers of 1 for evacuation
[2020-09-11T12:27:33.676+0000][1][gc,age       ] GC(74) Desired survivor size 4358144 bytes, new threshold 6 (max threshold 6)
[2020-09-11T12:27:33.676+0000][1][gc,age       ] GC(74) Age table with threshold 6 (max threshold 6)
[2020-09-11T12:27:33.676+0000][1][gc,age       ] GC(74) - age   1:       6136 bytes,       6136 total
[2020-09-11T12:27:33.676+0000][1][gc,age       ] GC(74) - age   2:       1352 bytes,       7488 total
[2020-09-11T12:27:33.676+0000][1][gc,age       ] GC(74) - age   3:      10464 bytes,      17952 total
[2020-09-11T12:27:33.676+0000][1][gc,age       ] GC(74) - age   4:       2560 bytes,      20512 total
[2020-09-11T12:27:33.676+0000][1][gc,age       ] GC(74) - age   5:       2768 bytes,      23280 total
[2020-09-11T12:27:33.676+0000][1][gc,age       ] GC(74) - age   6:       5440 bytes,      28720 total
[2020-09-11T12:27:33.676+0000][1][gc,heap      ] GC(74) ParNew: 68335K->60K(76672K)
[2020-09-11T12:27:33.676+0000][1][gc,heap      ] GC(74) CMS: 64691K->64733K(439104K)
[2020-09-11T12:27:33.676+0000][1][gc,metaspace ] GC(74) Metaspace: 74263K->74263K(1118208K)
[2020-09-11T12:27:33.676+0000][1][gc           ] GC(74) Pause Young (Allocation Failure) 129M->63M(503M) 4.213ms
[2020-09-11T12:27:33.676+0000][1][gc,cpu       ] GC(74) User=0.01s Sys=0.00s Real=0.01s
[2020-09-11T12:27:33.676+0000][1][safepoint    ] Safepoint "GenCollectForAllocation", Time since last: 72855518 ns, Reaching safepoint: 78499 ns, At safepoint: 4282023 ns, Total: 4360522 ns
[2020-09-11T12:27:34.680+0000][1][safepoint    ] Safepoint "Cleanup", Time since last: 1003836538 ns, Reaching safepoint: 100077 ns, At safepoint: 42067 ns, Total: 142144 ns
[2020-09-11T12:27:35.680+0000][1][safepoint    ] Safepoint "Cleanup", Time since last: 1000153193 ns, Reaching safepoint: 86830 ns, At safepoint: 16399 ns, Total: 103229 ns
[2020-09-11T12:27:36.680+0000][1][safepoint    ] Safepoint "Cleanup", Time since last: 1000121730 ns, Reaching safepoint: 99882 ns, At safepoint: 17186 ns, Total: 117068 ns
[2020-09-11T12:27:37.681+0000][1][safepoint    ] Safepoint "Cleanup", Time since last: 1000499658 ns, Reaching safepoint: 90782 ns, At safepoint: 69162 ns, Total: 159944 ns
[2020-09-11T12:27:38.681+0000][1][safepoint    ] Safepoint "Cleanup", Time since last: 1000292642 ns, Reaching safepoint: 168939 ns, At safepoint: 6965 ns, Total: 175904 ns
[2020-09-11T12:27:39.682+0000][1][safepoint    ] Safepoint "Cleanup", Time since last: 1000100854 ns, Reaching safepoint: 168351 ns, At safepoint: 6529 ns, Total: 174880 ns
[2020-09-11T12:27:40.683+0000][1][safepoint    ] Safepoint "Cleanup", Time since last: 1000862838 ns, Reaching safepoint: 170338 ns, At safepoint: 7129 ns, Total: 177467 ns
[2020-09-11T12:27:41.685+0000][1][safepoint    ] Safepoint "Cleanup", Time since last: 1001669941 ns, Reaching safepoint: 209943 ns, At safepoint: 17426 ns, Total: 227369 ns
[2020-09-11T12:27:42.685+0000][1][safepoint    ] Safepoint "Cleanup", Time since last: 1000159121 ns, Reaching safepoint: 129387 ns, At safepoint: 16772 ns, Total: 146159 ns
[2020-09-11T12:27:43.685+0000][1][safepoint    ] Safepoint "Cleanup", Time since last: 1000148210 ns, Reaching safepoint: 214126 ns, At safepoint: 19268 ns, Total: 233394 ns
[2020-09-11T12:27:44.686+0000][1][safepoint    ] Safepoint "Cleanup", Time since last: 1000223749 ns, Reaching safepoint: 123898 ns, At safepoint: 18135 ns, Total: 142033 ns
[2020-09-11T12:27:45.686+0000][1][safepoint    ] Safepoint "Cleanup", Time since last: 1000197029 ns, Reaching safepoint: 106158 ns, At safepoint: 16889 ns, Total: 123047 ns
[2020-09-11T12:27:46.686+0000][1][safepoint    ] Safepoint "Cleanup", Time since last: 1000198617 ns, Reaching safepoint: 101509 ns, At safepoint: 9040 ns, Total: 110549 ns
[2020-09-11T12:27:47.686+0000][1][safepoint    ] Safepoint "Cleanup", Time since last: 1000180285 ns, Reaching safepoint: 83211 ns, At safepoint: 6041 ns, Total: 89252 ns
[2020-09-11T12:27:48.687+0000][1][safepoint    ] Safepoint "Cleanup", Time since last: 1000181921 ns, Reaching safepoint: 78945 ns, At safepoint: 7631 ns, Total: 86576 ns
[2020-09-11T12:27:49.687+0000][1][safepoint    ] Safepoint "Cleanup", Time since last: 1000167644 ns, Reaching safepoint: 82102 ns, At safepoint: 6447 ns, Total: 88549 ns
[2020-09-11T12:27:50.687+0000][1][safepoint    ] Safepoint "Cleanup", Time since last: 1000156940 ns, Reaching safepoint: 86442 ns, At safepoint: 7703 ns, Total: 94145 ns
[2020-09-11T12:27:51.688+0000][1][safepoint    ] Safepoint "Cleanup", Time since last: 1000167116 ns, Reaching safepoint: 81115 ns, At safepoint: 6325 ns, Total: 87440 ns
[2020-09-11T12:27:52.688+0000][1][safepoint    ] Safepoint "Cleanup", Time since last: 1000172895 ns, Reaching safepoint: 95971 ns, At safepoint: 17306 ns, Total: 113277 ns
[2020-09-11T12:27:53.688+0000][1][safepoint    ] Safepoint "Cleanup", Time since last: 1000193189 ns, Reaching safepoint: 177509 ns, At safepoint: 16471 ns, Total: 193980 ns
[2020-09-11T12:27:54.688+0000][1][safepoint    ] Safepoint "Cleanup", Time since last: 1000156791 ns, Reaching safepoint: 108012 ns, At safepoint: 16414 ns, Total: 124426 ns
[2020-09-11T12:27:55.689+0000][1][safepoint    ] Safepoint "Cleanup", Time since last: 1000199378 ns, Reaching safepoint: 103007 ns, At safepoint: 16331 ns, Total: 119338 ns
[2020-09-11T12:27:56.689+0000][1][safepoint    ] Safepoint "Cleanup", Time since last: 1000167840 ns, Reaching safepoint: 120153 ns, At safepoint: 17931 ns, Total: 138084 ns
[2020-09-11T12:27:57.689+0000][1][safepoint    ] Safepoint "Cleanup", Time since last: 1000204841 ns, Reaching safepoint: 101486 ns, At safepoint: 16432 ns, Total: 117918 ns
[2020-09-11T12:27:58.690+0000][1][safepoint    ] Safepoint "Cleanup", Time since last: 1000193024 ns, Reaching safepoint: 115496 ns, At safepoint: 18035 ns, Total: 133531 ns
[2020-09-11T12:27:59.690+0000][1][safepoint    ] Safepoint "Cleanup", Time since last: 1000208381 ns, Reaching safepoint: 77308 ns, At safepoint: 6840 ns, Total: 84148 ns
[2020-09-11T12:28:00.690+0000][1][safepoint    ] Safepoint "Cleanup", Time since last: 1000165797 ns, Reaching safepoint: 123661 ns, At safepoint: 8119 ns, Total: 131780 ns
[2020-09-11T12:28:01.691+0000][1][safepoint    ] Safepoint "Cleanup", Time since last: 1000120396 ns, Reaching safepoint: 96779 ns, At safepoint: 16611 ns, Total: 113390 ns
[2020-09-11T12:28:02.691+0000][1][safepoint    ] Safepoint "Cleanup", Time since last: 1000234963 ns, Reaching safepoint: 82657 ns, At safepoint: 7978 ns, Total: 90635 ns
[2020-09-11T12:28:03.691+0000][1][safepoint    ] Safepoint "Cleanup", Time since last: 1000167522 ns, Reaching safepoint: 82325 ns, At safepoint: 6403 ns, Total: 88728 ns
[2020-09-11T12:28:04.692+0000][1][safepoint    ] Safepoint "Cleanup", Time since last: 1000169603 ns, Reaching safepoint: 162664 ns, At safepoint: 16849 ns, Total: 179513 ns
[2020-09-11T12:28:05.692+0000][1][safepoint    ] Safepoint "Cleanup", Time since last: 1000190096 ns, Reaching safepoint: 107634 ns, At safepoint: 17484 ns, Total: 125118 ns
[2020-09-11T12:28:06.692+0000][1][safepoint    ] Safepoint "Cleanup", Time since last: 1000173564 ns, Reaching safepoint: 109061 ns, At safepoint: 17236 ns, Total: 126297 ns
[2020-09-11T12:28:07.692+0000][1][safepoint    ] Safepoint "Cleanup", Time since last: 1000212468 ns, Reaching safepoint: 81471 ns, At safepoint: 6349 ns, Total: 87820 ns
[2020-09-11T12:28:08.693+0000][1][safepoint    ] Safepoint "Cleanup", Time since last: 1000182755 ns, Reaching safepoint: 101089 ns, At safepoint: 17741 ns, Total: 118830 ns
[2020-09-11T12:28:09.693+0000][1][safepoint    ] Safepoint "Cleanup", Time since last: 1000203074 ns, Reaching safepoint: 103925 ns, At safepoint: 16792 ns, Total: 120717 ns
[2020-09-11T12:28:10.693+0000][1][safepoint    ] Safepoint "Cleanup", Time since last: 1000208963 ns, Reaching safepoint: 107190 ns, At safepoint: 17938 ns, Total: 125128 ns
[2020-09-11T12:28:11.694+0000][1][safepoint    ] Safepoint "Cleanup", Time since last: 1000226761 ns, Reaching safepoint: 85438 ns, At safepoint: 6275 ns, Total: 91713 ns
[2020-09-11T12:28:12.694+0000][1][safepoint    ] Safepoint "Cleanup", Time since last: 1000168775 ns, Reaching safepoint: 74082 ns, At safepoint: 7066 ns, Total: 81148 ns
[2020-09-11T12:28:13.694+0000][1][safepoint    ] Safepoint "Cleanup", Time since last: 1000151287 ns, Reaching safepoint: 102516 ns, At safepoint: 16635 ns, Total: 119151 ns
[2020-09-11T12:28:14.695+0000][1][safepoint    ] Safepoint "Cleanup", Time since last: 1000203244 ns, Reaching safepoint: 138117 ns, At safepoint: 19238 ns, Total: 157355 ns
[2020-09-11T12:28:15.695+0000][1][safepoint    ] Safepoint "Cleanup", Time since last: 1000204370 ns, Reaching safepoint: 104474 ns, At safepoint: 16404 ns, Total: 120878 ns
[2020-09-11T12:28:16.695+0000][1][safepoint    ] Safepoint "Cleanup", Time since last: 1000194551 ns, Reaching safepoint: 102629 ns, At safepoint: 17714 ns, Total: 120343 ns
[2020-09-11T12:28:17.696+0000][1][safepoint    ] Safepoint "Cleanup", Time since last: 1000204401 ns, Reaching safepoint: 96645 ns, At safepoint: 16184 ns, Total: 112829 ns
[2020-09-11T12:28:18.696+0000][1][safepoint    ] Safepoint "Cleanup", Time since last: 1000233232 ns, Reaching safepoint: 100902 ns, At safepoint: 17380 ns, Total: 118282 ns
[2020-09-11T12:28:19.696+0000][1][safepoint    ] Safepoint "Cleanup", Time since last: 1000217926 ns, Reaching safepoint: 104660 ns, At safepoint: 16662 ns, Total: 121322 ns
[2020-09-11T12:28:20.697+0000][1][safepoint    ] Safepoint "Cleanup", Time since last: 1000171141 ns, Reaching safepoint: 109332 ns, At safepoint: 17801 ns, Total: 127133 ns
[2020-09-11T12:28:21.697+0000][1][safepoint    ] Safepoint "Cleanup", Time since last: 1000203688 ns, Reaching safepoint: 101343 ns, At safepoint: 16621 ns, Total: 117964 ns
[2020-09-11T12:28:22.697+0000][1][safepoint    ] Safepoint "Cleanup", Time since last: 1000195048 ns, Reaching safepoint: 103986 ns, At safepoint: 16799 ns, Total: 120785 ns
[2020-09-11T12:28:23.697+0000][1][safepoint    ] Safepoint "Cleanup", Time since last: 1000167101 ns, Reaching safepoint: 101426 ns, At safepoint: 15072 ns, Total: 116498 ns
[2020-09-11T12:28:24.698+0000][1][safepoint    ] Safepoint "Cleanup", Time since last: 1000202890 ns, Reaching safepoint: 103090 ns, At safepoint: 17661 ns, Total: 120751 ns
[2020-09-11T12:28:25.698+0000][1][safepoint    ] Safepoint "Cleanup", Time since last: 1000200377 ns, Reaching safepoint: 92462 ns, At safepoint: 7947 ns, Total: 100409 ns
[2020-09-11T12:28:26.698+0000][1][safepoint    ] Safepoint "Cleanup", Time since last: 1000192144 ns, Reaching safepoint: 99251 ns, At safepoint: 7248 ns, Total: 106499 ns
[2020-09-11T12:28:27.699+0000][1][safepoint    ] Safepoint "Cleanup", Time since last: 1000164359 ns, Reaching safepoint: 197608 ns, At safepoint: 18366 ns, Total: 215974 ns
[2020-09-11T12:28:28.699+0000][1][safepoint    ] Safepoint "Cleanup", Time since last: 1000167236 ns, Reaching safepoint: 104988 ns, At safepoint: 16779 ns, Total: 121767 ns
[2020-09-11T12:28:29.699+0000][1][safepoint    ] Safepoint "Cleanup", Time since last: 1000192960 ns, Reaching safepoint: 106391 ns, At safepoint: 17340 ns, Total: 123731 ns
[2020-09-11T12:28:30.700+0000][1][safepoint    ] Safepoint "Cleanup", Time since last: 1000239734 ns, Reaching safepoint: 59563 ns, At safepoint: 7555 ns, Total: 67118 ns
[2020-09-11T12:28:31.700+0000][1][safepoint    ] Safepoint "Cleanup", Time since last: 1000179430 ns, Reaching safepoint: 84297 ns, At safepoint: 6602 ns, Total: 90899 ns
[2020-09-11T12:28:32.700+0000][1][safepoint    ] Safepoint "Cleanup", Time since last: 1000159306 ns, Reaching safepoint: 103729 ns, At safepoint: 17751 ns, Total: 121480 ns
[2020-09-11T12:28:33.701+0000][1][safepoint    ] Safepoint "Cleanup", Time since last: 1000198387 ns, Reaching safepoint: 118503 ns, At safepoint: 17784 ns, Total: 136287 ns
[2020-09-11T12:28:34.701+0000][1][safepoint    ] Safepoint "Cleanup", Time since last: 1000176414 ns, Reaching safepoint: 96966 ns, At safepoint: 7392 ns, Total: 104358 ns
[2020-09-11T12:28:35.701+0000][1][safepoint    ] Safepoint "Cleanup", Time since last: 1000158836 ns, Reaching safepoint: 88189 ns, At safepoint: 7129 ns, Total: 95318 ns
[2020-09-11T12:28:36.701+0000][1][safepoint    ] Safepoint "Cleanup", Time since last: 1000182956 ns, Reaching safepoint: 96452 ns, At safepoint: 17387 ns, Total: 113839 ns
[2020-09-11T12:28:37.702+0000][1][safepoint    ] Safepoint "Cleanup", Time since last: 1000200322 ns, Reaching safepoint: 88802 ns, At safepoint: 7135 ns, Total: 95937 ns
[2020-09-11T12:28:38.526+0000][1][safepoint    ] Safepoint "RevokeBias", Time since last: 824588216 ns, Reaching safepoint: 168400 ns, At safepoint: 25410 ns, Total: 193810 ns
[2020-09-11T12:28:38.527+0000][1][safepoint    ] Safepoint "RevokeBias", Time since last: 85917 ns, Reaching safepoint: 139070 ns, At safepoint: 26298 ns, Total: 165368 ns
[2020-09-11T12:28:38.527+0000][1][safepoint    ] Safepoint "RevokeBias", Time since last: 209221 ns, Reaching safepoint: 140768 ns, At safepoint: 16488 ns, Total: 157256 ns
[2020-09-11T12:28:38.530+0000][1][safepoint    ] Safepoint "RevokeBias", Time since last: 2438679 ns, Reaching safepoint: 188569 ns, At safepoint: 189511 ns, Total: 378080 ns
[2020-09-11T12:28:39.530+0000][1][safepoint    ] Safepoint "Cleanup", Time since last: 1000184636 ns, Reaching safepoint: 118312 ns, At safepoint: 18118 ns, Total: 136430 ns
[2020-09-11T12:28:40.531+0000][1][safepoint    ] Safepoint "Cleanup", Time since last: 1000214819 ns, Reaching safepoint: 103642 ns, At safepoint: 18509 ns, Total: 122151 ns
[2020-09-11T12:28:41.531+0000][1][safepoint    ] Safepoint "Cleanup", Time since last: 1000201322 ns, Reaching safepoint: 110003 ns, At safepoint: 16655 ns, Total: 126658 ns
[2020-09-11T12:28:42.531+0000][1][safepoint    ] Safepoint "Cleanup", Time since last: 1000225048 ns, Reaching safepoint: 109669 ns, At safepoint: 18409 ns, Total: 128078 ns
[2020-09-11T12:28:43.532+0000][1][safepoint    ] Safepoint "Cleanup", Time since last: 1000238889 ns, Reaching safepoint: 113096 ns, At safepoint: 18653 ns, Total: 131749 ns
[2020-09-11T12:28:43.783+0000][1][gc,start     ] GC(75) Pause Young (Allocation Failure)
[2020-09-11T12:28:43.783+0000][1][gc,task      ] GC(75) Using 1 workers of 1 for evacuation
[2020-09-11T12:28:43.792+0000][1][gc,age       ] GC(75) Desired survivor size 4358144 bytes, new threshold 6 (max threshold 6)
[2020-09-11T12:28:43.792+0000][1][gc,age       ] GC(75) Age table with threshold 6 (max threshold 6)
[2020-09-11T12:28:43.792+0000][1][gc,age       ] GC(75) - age   1:      15224 bytes,      15224 total
[2020-09-11T12:28:43.792+0000][1][gc,age       ] GC(75) - age   2:        400 bytes,      15624 total
[2020-09-11T12:28:43.792+0000][1][gc,age       ] GC(75) - age   3:       1352 bytes,      16976 total
[2020-09-11T12:28:43.792+0000][1][gc,age       ] GC(75) - age   4:      10464 bytes,      27440 total
[2020-09-11T12:28:43.792+0000][1][gc,age       ] GC(75) - age   5:       2024 bytes,      29464 total
[2020-09-11T12:28:43.792+0000][1][gc,age       ] GC(75) - age   6:       2768 bytes,      32232 total
[2020-09-11T12:28:43.792+0000][1][gc,heap      ] GC(75) ParNew: 68220K->51K(76672K)
[2020-09-11T12:28:43.792+0000][1][gc,heap      ] GC(75) CMS: 64733K->64738K(439104K)
[2020-09-11T12:28:43.793+0000][1][gc,metaspace ] GC(75) Metaspace: 74573K->74573K(1118208K)
[2020-09-11T12:28:43.793+0000][1][gc           ] GC(75) Pause Young (Allocation Failure) 129M->63M(503M) 9.552ms
[2020-09-11T12:28:43.793+0000][1][gc,cpu       ] GC(75) User=0.01s Sys=0.00s Real=0.01s
[2020-09-11T12:28:43.793+0000][1][safepoint    ] Safepoint "GenCollectForAllocation", Time since last: 251156746 ns, Reaching safepoint: 241105 ns, At safepoint: 9692758 ns, Total: 9933863 ns
[2020-09-11T12:28:44.799+0000][1][safepoint    ] Safepoint "Cleanup", Time since last: 1006258561 ns, Reaching safepoint: 220230 ns, At safepoint: 47589 ns, Total: 267819 ns
[2020-09-11T12:28:45.803+0000][1][safepoint    ] Safepoint "Cleanup", Time since last: 1003838296 ns, Reaching safepoint: 129203 ns, At safepoint: 23658 ns, Total: 152861 ns
[2020-09-11T12:28:46.803+0000][1][safepoint    ] Safepoint "Cleanup", Time since last: 1000208427 ns, Reaching safepoint: 56448 ns, At safepoint: 19909 ns, Total: 76357 ns
[2020-09-11T12:28:47.804+0000][1][safepoint    ] Safepoint "Cleanup", Time since last: 1000167013 ns, Reaching safepoint: 96372 ns, At safepoint: 46293 ns, Total: 142665 ns
[2020-09-11T12:28:48.804+0000][1][safepoint    ] Safepoint "Cleanup", Time since last: 1000156098 ns, Reaching safepoint: 62235 ns, At safepoint: 6525 ns, Total: 68760 ns
[2020-09-11T12:28:49.804+0000][1][safepoint    ] Safepoint "Cleanup", Time since last: 1000176191 ns, Reaching safepoint: 76080 ns, At safepoint: 6254 ns, Total: 82334 ns
[2020-09-11T12:28:50.805+0000][1][safepoint    ] Safepoint "Cleanup", Time since last: 1000163457 ns, Reaching safepoint: 78772 ns, At safepoint: 7716 ns, Total: 86488 ns
[2020-09-11T12:28:51.805+0000][1][safepoint    ] Safepoint "Cleanup", Time since last: 1000135025 ns, Reaching safepoint: 92353 ns, At safepoint: 15064 ns, Total: 107417 ns
[2020-09-11T12:28:52.805+0000][1][safepoint    ] Safepoint "Cleanup", Time since last: 1000187454 ns, Reaching safepoint: 97885 ns, At safepoint: 18620 ns, Total: 116505 ns
[2020-09-11T12:28:53.805+0000][1][safepoint    ] Safepoint "Cleanup", Time since last: 1000156576 ns, Reaching safepoint: 205819 ns, At safepoint: 18911 ns, Total: 224730 ns
[2020-09-11T12:28:54.806+0000][1][safepoint    ] Safepoint "Cleanup", Time since last: 1000218506 ns, Reaching safepoint: 124333 ns, At safepoint: 19134 ns, Total: 143467 ns
[2020-09-11T12:28:55.806+0000][1][safepoint    ] Safepoint "Cleanup", Time since last: 1000178930 ns, Reaching safepoint: 111059 ns, At safepoint: 15348 ns, Total: 126407 ns
[2020-09-11T12:28:56.806+0000][1][safepoint    ] Safepoint "Cleanup", Time since last: 1000193039 ns, Reaching safepoint: 109037 ns, At safepoint: 18493 ns, Total: 127530 ns
[2020-09-11T12:28:57.807+0000][1][safepoint    ] Safepoint "Cleanup", Time since last: 1000202847 ns, Reaching safepoint: 93279 ns, At safepoint: 6712 ns, Total: 99991 ns
[2020-09-11T12:28:58.807+0000][1][safepoint    ] Safepoint "Cleanup", Time since last: 1000198998 ns, Reaching safepoint: 116000 ns, At safepoint: 20277 ns, Total: 136277 ns
[2020-09-11T12:28:59.807+0000][1][safepoint    ] Safepoint "Cleanup", Time since last: 1000187680 ns, Reaching safepoint: 138419 ns, At safepoint: 15415 ns, Total: 153834 ns
[2020-09-11T12:29:00.808+0000][1][safepoint    ] Safepoint "Cleanup", Time since last: 1000194420 ns, Reaching safepoint: 88306 ns, At safepoint: 12793 ns, Total: 101099 ns
[2020-09-11T12:29:01.808+0000][1][safepoint    ] Safepoint "Cleanup", Time since last: 1000162630 ns, Reaching safepoint: 98696 ns, At safepoint: 7538 ns, Total: 106234 ns
[2020-09-11T12:29:02.808+0000][1][safepoint    ] Safepoint "Cleanup", Time since last: 1000171424 ns, Reaching safepoint: 91701 ns, At safepoint: 8602 ns, Total: 100303 ns
[2020-09-11T12:29:03.809+0000][1][safepoint    ] Safepoint "Cleanup", Time since last: 1000198159 ns, Reaching safepoint: 93069 ns, At safepoint: 7312 ns, Total: 100381 ns
[2020-09-11T12:29:04.809+0000][1][safepoint    ] Safepoint "Cleanup", Time since last: 1000179138 ns, Reaching safepoint: 89326 ns, At safepoint: 7577 ns, Total: 96903 ns
[2020-09-11T12:29:05.809+0000][1][safepoint    ] Safepoint "Cleanup", Time since last: 1000176943 ns, Reaching safepoint: 89629 ns, At safepoint: 7388 ns, Total: 97017 ns
[2020-09-11T12:29:06.809+0000][1][safepoint    ] Safepoint "Cleanup", Time since last: 1000176202 ns, Reaching safepoint: 121062 ns, At safepoint: 19127 ns, Total: 140189 ns
[2020-09-11T12:29:07.810+0000][1][safepoint    ] Safepoint "Cleanup", Time since last: 1000183555 ns, Reaching safepoint: 112485 ns, At safepoint: 18041 ns, Total: 130526 ns
[2020-09-11T12:29:08.810+0000][1][safepoint    ] Safepoint "Cleanup", Time since last: 1000238027 ns, Reaching safepoint: 86334 ns, At safepoint: 9149 ns, Total: 95483 ns
[2020-09-11T12:29:09.810+0000][1][safepoint    ] Safepoint "Cleanup", Time since last: 1000183680 ns, Reaching safepoint: 112994 ns, At safepoint: 19274 ns, Total: 132268 ns
[2020-09-11T12:29:10.811+0000][1][safepoint    ] Safepoint "Cleanup", Time since last: 1000226030 ns, Reaching safepoint: 122763 ns, At safepoint: 24269 ns, Total: 147032 ns
[2020-09-11T12:29:11.811+0000][1][safepoint    ] Safepoint "Cleanup", Time since last: 1000230926 ns, Reaching safepoint: 117633 ns, At safepoint: 18085 ns, Total: 135718 ns
[2020-09-11T12:29:12.811+0000][1][safepoint    ] Safepoint "Cleanup", Time since last: 1000236112 ns, Reaching safepoint: 99007 ns, At safepoint: 8191 ns, Total: 107198 ns
[2020-09-11T12:29:13.812+0000][1][safepoint    ] Safepoint "Cleanup", Time since last: 1000194202 ns, Reaching safepoint: 115779 ns, At safepoint: 18576 ns, Total: 134355 ns
[2020-09-11T12:29:14.812+0000][1][safepoint    ] Safepoint "Cleanup", Time since last: 1000240139 ns, Reaching safepoint: 115148 ns, At safepoint: 18984 ns, Total: 134132 ns
[2020-09-11T12:29:15.813+0000][1][safepoint    ] Safepoint "Cleanup", Time since last: 1000221335 ns, Reaching safepoint: 114032 ns, At safepoint: 17420 ns, Total: 131452 ns
[2020-09-11T12:29:16.813+0000][1][safepoint    ] Safepoint "Cleanup", Time since last: 1000238287 ns, Reaching safepoint: 107464 ns, At safepoint: 8087 ns, Total: 115551 ns
[2020-09-11T12:29:17.813+0000][1][safepoint    ] Safepoint "Cleanup", Time since last: 1000176559 ns, Reaching safepoint: 87925 ns, At safepoint: 8056 ns, Total: 95981 ns
[2020-09-11T12:29:18.813+0000][1][safepoint    ] Safepoint "Cleanup", Time since last: 1000187013 ns, Reaching safepoint: 118857 ns, At safepoint: 18632 ns, Total: 137489 ns
[2020-09-11T12:29:19.814+0000][1][safepoint    ] Safepoint "Cleanup", Time since last: 1000211702 ns, Reaching safepoint: 112137 ns, At safepoint: 18383 ns, Total: 130520 ns
[2020-09-11T12:29:20.814+0000][1][safepoint    ] Safepoint "Cleanup", Time since last: 1000242125 ns, Reaching safepoint: 108857 ns, At safepoint: 18857 ns, Total: 127714 ns
[2020-09-11T12:29:21.815+0000][1][safepoint    ] Safepoint "Cleanup", Time since last: 1000179091 ns, Reaching safepoint: 107817 ns, At safepoint: 17598 ns, Total: 125415 ns
[2020-09-11T12:29:22.815+0000][1][safepoint    ] Safepoint "Cleanup", Time since last: 1000216620 ns, Reaching safepoint: 85663 ns, At safepoint: 8534 ns, Total: 94197 ns
[2020-09-11T12:29:23.815+0000][1][safepoint    ] Safepoint "Cleanup", Time since last: 1000173291 ns, Reaching safepoint: 92296 ns, At safepoint: 8414 ns, Total: 100710 ns
[2020-09-11T12:29:24.815+0000][1][safepoint    ] Safepoint "Cleanup", Time since last: 1000188119 ns, Reaching safepoint: 140801 ns, At safepoint: 16778 ns, Total: 157579 ns
[2020-09-11T12:29:25.816+0000][1][safepoint    ] Safepoint "Cleanup", Time since last: 1000182474 ns, Reaching safepoint: 113240 ns, At safepoint: 17748 ns, Total: 130988 ns
[2020-09-11T12:29:26.816+0000][1][safepoint    ] Safepoint "Cleanup", Time since last: 1000147894 ns, Reaching safepoint: 60629 ns, At safepoint: 7139 ns, Total: 67768 ns
[2020-09-11T12:29:27.816+0000][1][safepoint    ] Safepoint "Cleanup", Time since last: 1000119447 ns, Reaching safepoint: 59286 ns, At safepoint: 7484 ns, Total: 66770 ns
[2020-09-11T12:29:28.816+0000][1][safepoint    ] Safepoint "Cleanup", Time since last: 1000183907 ns, Reaching safepoint: 93021 ns, At safepoint: 7977 ns, Total: 100998 ns
[2020-09-11T12:29:29.817+0000][1][safepoint    ] Safepoint "Cleanup", Time since last: 1000166850 ns, Reaching safepoint: 113261 ns, At safepoint: 18699 ns, Total: 131960 ns
[2020-09-11T12:29:30.817+0000][1][safepoint    ] Safepoint "Cleanup", Time since last: 1000225221 ns, Reaching safepoint: 111496 ns, At safepoint: 18005 ns, Total: 129501 ns
[2020-09-11T12:29:31.817+0000][1][safepoint    ] Safepoint "Cleanup", Time since last: 1000212771 ns, Reaching safepoint: 113524 ns, At safepoint: 18737 ns, Total: 132261 ns
[2020-09-11T12:29:32.818+0000][1][safepoint    ] Safepoint "Cleanup", Time since last: 1000220507 ns, Reaching safepoint: 112451 ns, At safepoint: 18934 ns, Total: 131385 ns
[2020-09-11T12:29:33.818+0000][1][safepoint    ] Safepoint "Cleanup", Time since last: 1000203273 ns, Reaching safepoint: 120554 ns, At safepoint: 18305 ns, Total: 138859 ns
[2020-09-11T12:29:34.818+0000][1][safepoint    ] Safepoint "Cleanup", Time since last: 1000197563 ns, Reaching safepoint: 108984 ns, At safepoint: 18195 ns, Total: 127179 ns
[2020-09-11T12:29:35.819+0000][1][safepoint    ] Safepoint "Cleanup", Time since last: 1000222122 ns, Reaching safepoint: 79901 ns, At safepoint: 7618 ns, Total: 87519 ns
[2020-09-11T12:29:36.819+0000][1][safepoint    ] Safepoint "Cleanup", Time since last: 1000187131 ns, Reaching safepoint: 83041 ns, At safepoint: 7864 ns, Total: 90905 ns
[2020-09-11T12:29:37.819+0000][1][safepoint    ] Safepoint "Cleanup", Time since last: 1000177342 ns, Reaching safepoint: 82305 ns, At safepoint: 7328 ns, Total: 89633 ns
[2020-09-11T12:29:38.820+0000][1][safepoint    ] Safepoint "Cleanup", Time since last: 1000149203 ns, Reaching safepoint: 109642 ns, At safepoint: 16815 ns, Total: 126457 ns
[2020-09-11T12:29:39.820+0000][1][safepoint    ] Safepoint "Cleanup", Time since last: 1000198734 ns, Reaching safepoint: 85033 ns, At safepoint: 7132 ns, Total: 92165 ns
[2020-09-11T12:29:40.820+0000][1][safepoint    ] Safepoint "Cleanup", Time since last: 1000173941 ns, Reaching safepoint: 81228 ns, At safepoint: 7916 ns, Total: 89144 ns
[2020-09-11T12:29:41.820+0000][1][safepoint    ] Safepoint "Cleanup", Time since last: 1000125012 ns, Reaching safepoint: 111643 ns, At safepoint: 15973 ns, Total: 127616 ns
[2020-09-11T12:29:42.821+0000][1][safepoint    ] Safepoint "Cleanup", Time since last: 1000178058 ns, Reaching safepoint: 113318 ns, At safepoint: 18743 ns, Total: 132061 ns
[2020-09-11T12:29:43.821+0000][1][safepoint    ] Safepoint "Cleanup", Time since last: 1000213331 ns, Reaching safepoint: 85216 ns, At safepoint: 8252 ns, Total: 93468 ns
[2020-09-11T12:29:44.821+0000][1][safepoint    ] Safepoint "Cleanup", Time since last: 1000162431 ns, Reaching safepoint: 89859 ns, At safepoint: 7806 ns, Total: 97665 ns
[2020-09-11T12:29:45.822+0000][1][safepoint    ] Safepoint "Cleanup", Time since last: 1000170713 ns, Reaching safepoint: 84428 ns, At safepoint: 7693 ns, Total: 92121 ns
[2020-09-11T12:29:46.822+0000][1][safepoint    ] Safepoint "Cleanup", Time since last: 1000176032 ns, Reaching safepoint: 101559 ns, At safepoint: 7417 ns, Total: 108976 ns
[2020-09-11T12:29:47.822+0000][1][safepoint    ] Safepoint "Cleanup", Time since last: 1000172152 ns, Reaching safepoint: 106017 ns, At safepoint: 18232 ns, Total: 124249 ns
[2020-09-11T12:29:48.822+0000][1][safepoint    ] Safepoint "Cleanup", Time since last: 1000221562 ns, Reaching safepoint: 88802 ns, At safepoint: 7627 ns, Total: 96429 ns
[2020-09-11T12:29:48.896+0000][1][gc,start     ] GC(76) Pause Young (Allocation Failure)
[2020-09-11T12:29:48.896+0000][1][gc,task      ] GC(76) Using 1 workers of 1 for evacuation
[2020-09-11T12:29:48.899+0000][1][gc,age       ] GC(76) Desired survivor size 4358144 bytes, new threshold 6 (max threshold 6)
[2020-09-11T12:29:48.899+0000][1][gc,age       ] GC(76) Age table with threshold 6 (max threshold 6)
[2020-09-11T12:29:48.899+0000][1][gc,age       ] GC(76) - age   1:       6584 bytes,       6584 total
[2020-09-11T12:29:48.899+0000][1][gc,age       ] GC(76) - age   2:       9480 bytes,      16064 total
[2020-09-11T12:29:48.899+0000][1][gc,age       ] GC(76) - age   3:        400 bytes,      16464 total
[2020-09-11T12:29:48.899+0000][1][gc,age       ] GC(76) - age   4:       1352 bytes,      17816 total
[2020-09-11T12:29:48.899+0000][1][gc,age       ] GC(76) - age   5:      10464 bytes,      28280 total
[2020-09-11T12:29:48.899+0000][1][gc,age       ] GC(76) - age   6:       2024 bytes,      30304 total
[2020-09-11T12:29:48.899+0000][1][gc,heap      ] GC(76) ParNew: 68211K->30K(76672K)
[2020-09-11T12:29:48.899+0000][1][gc,heap      ] GC(76) CMS: 64738K->64741K(439104K)
[2020-09-11T12:29:48.899+0000][1][gc,metaspace ] GC(76) Metaspace: 74576K->74576K(1118208K)
[2020-09-11T12:29:48.899+0000][1][gc           ] GC(76) Pause Young (Allocation Failure) 129M->63M(503M) 3.429ms
[2020-09-11T12:29:48.899+0000][1][gc,cpu       ] GC(76) User=0.00s Sys=0.00s Real=0.00s
[2020-09-11T12:29:48.899+0000][1][safepoint    ] Safepoint "GenCollectForAllocation", Time since last: 72981554 ns, Reaching safepoint: 162825 ns, At safepoint: 3491598 ns, Total: 3654423 ns
[2020-09-11T12:29:49.899+0000][1][safepoint    ] Safepoint "Cleanup", Time since last: 1000143197 ns, Reaching safepoint: 106364 ns, At safepoint: 49016 ns, Total: 155380 ns
[2020-09-11T12:29:50.900+0000][1][safepoint    ] Safepoint "Cleanup", Time since last: 1000180071 ns, Reaching safepoint: 103936 ns, At safepoint: 41044 ns, Total: 144980 ns
[2020-09-11T12:29:51.900+0000][1][safepoint    ] Safepoint "Cleanup", Time since last: 1000150589 ns, Reaching safepoint: 108673 ns, At safepoint: 50426 ns, Total: 159099 ns
[2020-09-11T12:29:52.900+0000][1][safepoint    ] Safepoint "Cleanup", Time since last: 1000200952 ns, Reaching safepoint: 86587 ns, At safepoint: 15877 ns, Total: 102464 ns
[2020-09-11T12:29:53.901+0000][1][safepoint    ] Safepoint "Cleanup", Time since last: 1000124487 ns, Reaching safepoint: 200955 ns, At safepoint: 18493 ns, Total: 219448 ns
[2020-09-11T12:29:54.901+0000][1][safepoint    ] Safepoint "Cleanup", Time since last: 1000218884 ns, Reaching safepoint: 83626 ns, At safepoint: 6023 ns, Total: 89649 ns
[2020-09-11T12:29:55.901+0000][1][safepoint    ] Safepoint "Cleanup", Time since last: 1000132668 ns, Reaching safepoint: 97352 ns, At safepoint: 6741 ns, Total: 104093 ns
[2020-09-11T12:29:56.901+0000][1][safepoint    ] Safepoint "Cleanup", Time since last: 1000127599 ns, Reaching safepoint: 107815 ns, At safepoint: 16040 ns, Total: 123855 ns
[2020-09-11T12:29:57.904+0000][1][safepoint    ] Safepoint "Cleanup", Time since last: 1001986404 ns, Reaching safepoint: 116662 ns, At safepoint: 17202 ns, Total: 133864 ns
[2020-09-11T12:29:58.904+0000][1][safepoint    ] Safepoint "Cleanup", Time since last: 1000184013 ns, Reaching safepoint: 105730 ns, At safepoint: 16250 ns, Total: 121980 ns
[2020-09-11T12:29:59.904+0000][1][safepoint    ] Safepoint "Cleanup", Time since last: 1000196420 ns, Reaching safepoint: 74313 ns, At safepoint: 7425 ns, Total: 81738 ns
[2020-09-11T12:30:00.904+0000][1][safepoint    ] Safepoint "Cleanup", Time since last: 1000105042 ns, Reaching safepoint: 66643 ns, At safepoint: 7716 ns, Total: 74359 ns
[2020-09-11T12:30:01.905+0000][1][safepoint    ] Safepoint "Cleanup", Time since last: 1000140410 ns, Reaching safepoint: 100769 ns, At safepoint: 6603 ns, Total: 107372 ns
[2020-09-11T12:30:02.905+0000][1][safepoint    ] Safepoint "Cleanup", Time since last: 1000170883 ns, Reaching safepoint: 99980 ns, At safepoint: 15800 ns, Total: 115780 ns
[2020-09-11T12:30:03.905+0000][1][safepoint    ] Safepoint "Cleanup", Time since last: 1000212984 ns, Reaching safepoint: 100234 ns, At safepoint: 17674 ns, Total: 117908 ns
[2020-09-11T12:30:04.906+0000][1][safepoint    ] Safepoint "Cleanup", Time since last: 1000197155 ns, Reaching safepoint: 118169 ns, At safepoint: 24690 ns, Total: 142859 ns
[2020-09-11T12:30:05.906+0000][1][safepoint    ] Safepoint "Cleanup", Time since last: 1000193108 ns, Reaching safepoint: 117868 ns, At safepoint: 18579 ns, Total: 136447 ns
[2020-09-11T12:30:06.906+0000][1][safepoint    ] Safepoint "Cleanup", Time since last: 1000198917 ns, Reaching safepoint: 109980 ns, At safepoint: 16715 ns, Total: 126695 ns
[2020-09-11T12:30:07.907+0000][1][safepoint    ] Safepoint "Cleanup", Time since last: 1000216614 ns, Reaching safepoint: 92101 ns, At safepoint: 7386 ns, Total: 99487 ns
[2020-09-11T12:30:08.907+0000][1][safepoint    ] Safepoint "Cleanup", Time since last: 1000160407 ns, Reaching safepoint: 130991 ns, At safepoint: 16308 ns, Total: 147299 ns
[2020-09-11T12:30:09.907+0000][1][safepoint    ] Safepoint "Cleanup", Time since last: 1000200160 ns, Reaching safepoint: 85598 ns, At safepoint: 6960 ns, Total: 92558 ns
[2020-09-11T12:30:10.907+0000][1][safepoint    ] Safepoint "Cleanup", Time since last: 1000148080 ns, Reaching safepoint: 97678 ns, At safepoint: 7031 ns, Total: 104709 ns
[2020-09-11T12:30:11.908+0000][1][safepoint    ] Safepoint "Cleanup", Time since last: 1000229881 ns, Reaching safepoint: 79394 ns, At safepoint: 7653 ns, Total: 87047 ns
[2020-09-11T12:30:12.908+0000][1][safepoint    ] Safepoint "Cleanup", Time since last: 1000179053 ns, Reaching safepoint: 79192 ns, At safepoint: 6171 ns, Total: 85363 ns
[2020-09-11T12:30:13.908+0000][1][safepoint    ] Safepoint "Cleanup", Time since last: 1000126106 ns, Reaching safepoint: 99465 ns, At safepoint: 6958 ns, Total: 106423 ns
[2020-09-11T12:30:14.908+0000][1][safepoint    ] Safepoint "Cleanup", Time since last: 1000169089 ns, Reaching safepoint: 98928 ns, At safepoint: 16297 ns, Total: 115225 ns
[2020-09-11T12:30:15.909+0000][1][safepoint    ] Safepoint "Cleanup", Time since last: 1000195836 ns, Reaching safepoint: 58870 ns, At safepoint: 6474 ns, Total: 65344 ns
[2020-09-11T12:30:16.909+0000][1][safepoint    ] Safepoint "Cleanup", Time since last: 1000164535 ns, Reaching safepoint: 83388 ns, At safepoint: 6372 ns, Total: 89760 ns
[2020-09-11T12:30:17.909+0000][1][safepoint    ] Safepoint "Cleanup", Time since last: 1000094891 ns, Reaching safepoint: 68243 ns, At safepoint: 6221 ns, Total: 74464 ns
[2020-09-11T12:30:18.909+0000][1][safepoint    ] Safepoint "Cleanup", Time since last: 1000154048 ns, Reaching safepoint: 102539 ns, At safepoint: 15870 ns, Total: 118409 ns
[2020-09-11T12:30:19.910+0000][1][safepoint    ] Safepoint "Cleanup", Time since last: 1000222001 ns, Reaching safepoint: 107253 ns, At safepoint: 17320 ns, Total: 124573 ns
[2020-09-11T12:30:20.910+0000][1][safepoint    ] Safepoint "Cleanup", Time since last: 1000236076 ns, Reaching safepoint: 85090 ns, At safepoint: 6833 ns, Total: 91923 ns
[2020-09-11T12:30:21.910+0000][1][safepoint    ] Safepoint "Cleanup", Time since last: 1000158892 ns, Reaching safepoint: 82596 ns, At safepoint: 6910 ns, Total: 89506 ns
[2020-09-11T12:30:22.911+0000][1][safepoint    ] Safepoint "Cleanup", Time since last: 1000130100 ns, Reaching safepoint: 84280 ns, At safepoint: 6149 ns, Total: 90429 ns
[2020-09-11T12:30:23.911+0000][1][safepoint    ] Safepoint "Cleanup", Time since last: 1000165966 ns, Reaching safepoint: 80888 ns, At safepoint: 7034 ns, Total: 87922 ns
[2020-09-11T12:30:24.911+0000][1][safepoint    ] Safepoint "Cleanup", Time since last: 1000161823 ns, Reaching safepoint: 80238 ns, At safepoint: 6292 ns, Total: 86530 ns
[2020-09-11T12:30:25.911+0000][1][safepoint    ] Safepoint "Cleanup", Time since last: 1000177312 ns, Reaching safepoint: 85259 ns, At safepoint: 7843 ns, Total: 93102 ns
[2020-09-11T12:30:26.912+0000][1][safepoint    ] Safepoint "Cleanup", Time since last: 1000167720 ns, Reaching safepoint: 88218 ns, At safepoint: 6739 ns, Total: 94957 ns
[2020-09-11T12:30:27.912+0000][1][safepoint    ] Safepoint "Cleanup", Time since last: 1000162770 ns, Reaching safepoint: 85276 ns, At safepoint: 14391 ns, Total: 99667 ns
[2020-09-11T12:30:28.912+0000][1][safepoint    ] Safepoint "Cleanup", Time since last: 1000177374 ns, Reaching safepoint: 85826 ns, At safepoint: 6464 ns, Total: 92290 ns
[2020-09-11T12:30:29.912+0000][1][safepoint    ] Safepoint "Cleanup", Time since last: 1000159041 ns, Reaching safepoint: 109061 ns, At safepoint: 18576 ns, Total: 127637 ns
[2020-09-11T12:30:30.913+0000][1][safepoint    ] Safepoint "Cleanup", Time since last: 1000173074 ns, Reaching safepoint: 112689 ns, At safepoint: 17664 ns, Total: 130353 ns
[2020-09-11T12:30:31.913+0000][1][safepoint    ] Safepoint "Cleanup", Time since last: 1000224944 ns, Reaching safepoint: 121593 ns, At safepoint: 18121 ns, Total: 139714 ns
[2020-09-11T12:30:32.913+0000][1][safepoint    ] Safepoint "Cleanup", Time since last: 1000171826 ns, Reaching safepoint: 110411 ns, At safepoint: 17169 ns, Total: 127580 ns
[2020-09-11T12:30:33.914+0000][1][safepoint    ] Safepoint "Cleanup", Time since last: 1000175568 ns, Reaching safepoint: 113344 ns, At safepoint: 18115 ns, Total: 131459 ns
[2020-09-11T12:30:34.914+0000][1][safepoint    ] Safepoint "Cleanup", Time since last: 1000224222 ns, Reaching safepoint: 107674 ns, At safepoint: 17056 ns, Total: 124730 ns
[2020-09-11T12:30:35.914+0000][1][safepoint    ] Safepoint "Cleanup", Time since last: 1000222269 ns, Reaching safepoint: 119001 ns, At safepoint: 18826 ns, Total: 137827 ns
[2020-09-11T12:30:36.915+0000][1][safepoint    ] Safepoint "Cleanup", Time since last: 1000209428 ns, Reaching safepoint: 110364 ns, At safepoint: 17022 ns, Total: 127386 ns
[2020-09-11T12:30:37.915+0000][1][safepoint    ] Safepoint "Cleanup", Time since last: 1000166325 ns, Reaching safepoint: 105803 ns, At safepoint: 17624 ns, Total: 123427 ns
[2020-09-11T12:30:38.915+0000][1][safepoint    ] Safepoint "Cleanup", Time since last: 1000160649 ns, Reaching safepoint: 102843 ns, At safepoint: 16080 ns, Total: 118923 ns
[2020-09-11T12:30:39.916+0000][1][safepoint    ] Safepoint "Cleanup", Time since last: 1000215231 ns, Reaching safepoint: 85841 ns, At safepoint: 7270 ns, Total: 93111 ns
[2020-09-11T12:30:40.916+0000][1][safepoint    ] Safepoint "Cleanup", Time since last: 1000235654 ns, Reaching safepoint: 87298 ns, At safepoint: 14203 ns, Total: 101501 ns
[2020-09-11T12:30:41.916+0000][1][safepoint    ] Safepoint "Cleanup", Time since last: 1000183212 ns, Reaching safepoint: 102642 ns, At safepoint: 17544 ns, Total: 120186 ns
[2020-09-11T12:30:42.917+0000][1][safepoint    ] Safepoint "Cleanup", Time since last: 1000199703 ns, Reaching safepoint: 101363 ns, At safepoint: 16906 ns, Total: 118269 ns
[2020-09-11T12:30:43.917+0000][1][safepoint    ] Safepoint "Cleanup", Time since last: 1000193352 ns, Reaching safepoint: 119348 ns, At safepoint: 18927 ns, Total: 138275 ns
[2020-09-11T12:30:44.917+0000][1][safepoint    ] Safepoint "Cleanup", Time since last: 1000193121 ns, Reaching safepoint: 100645 ns, At safepoint: 16658 ns, Total: 117303 ns
[2020-09-11T12:30:45.918+0000][1][safepoint    ] Safepoint "Cleanup", Time since last: 1000206910 ns, Reaching safepoint: 103619 ns, At safepoint: 16777 ns, Total: 120396 ns
[2020-09-11T12:30:46.918+0000][1][safepoint    ] Safepoint "Cleanup", Time since last: 1000202670 ns, Reaching safepoint: 101189 ns, At safepoint: 16455 ns, Total: 117644 ns
[2020-09-11T12:30:47.918+0000][1][safepoint    ] Safepoint "Cleanup", Time since last: 1000208380 ns, Reaching safepoint: 83089 ns, At safepoint: 7250 ns, Total: 90339 ns
[2020-09-11T12:30:48.918+0000][1][safepoint    ] Safepoint "Cleanup", Time since last: 1000146738 ns, Reaching safepoint: 145564 ns, At safepoint: 19495 ns, Total: 165059 ns
[2020-09-11T12:30:49.919+0000][1][safepoint    ] Safepoint "Cleanup", Time since last: 1000233296 ns, Reaching safepoint: 106669 ns, At safepoint: 17650 ns, Total: 124319 ns
[2020-09-11T12:30:50.919+0000][1][safepoint    ] Safepoint "Cleanup", Time since last: 1000176649 ns, Reaching safepoint: 94544 ns, At safepoint: 7056 ns, Total: 101600 ns
[2020-09-11T12:30:51.919+0000][1][safepoint    ] Safepoint "Cleanup", Time since last: 1000158704 ns, Reaching safepoint: 84668 ns, At safepoint: 6967 ns, Total: 91635 ns
[2020-09-11T12:30:52.920+0000][1][safepoint    ] Safepoint "Cleanup", Time since last: 1000163797 ns, Reaching safepoint: 79500 ns, At safepoint: 6644 ns, Total: 86144 ns
[2020-09-11T12:30:53.920+0000][1][safepoint    ] Safepoint "Cleanup", Time since last: 1000130996 ns, Reaching safepoint: 102151 ns, At safepoint: 7825 ns, Total: 109976 ns
[2020-09-11T12:30:54.920+0000][1][safepoint    ] Safepoint "Cleanup", Time since last: 1000164651 ns, Reaching safepoint: 99134 ns, At safepoint: 16759 ns, Total: 115893 ns
[2020-09-11T12:30:55.920+0000][1][safepoint    ] Safepoint "Cleanup", Time since last: 1000133738 ns, Reaching safepoint: 59466 ns, At safepoint: 7126 ns, Total: 66592 ns
[2020-09-11T12:30:56.923+0000][1][safepoint    ] Safepoint "Cleanup", Time since last: 1002263237 ns, Reaching safepoint: 100270 ns, At safepoint: 15529 ns, Total: 115799 ns
[2020-09-11T12:30:57.923+0000][1][safepoint    ] Safepoint "Cleanup", Time since last: 1000154010 ns, Reaching safepoint: 102148 ns, At safepoint: 16859 ns, Total: 119007 ns
[2020-09-11T12:30:58.328+0000][1][gc,start     ] GC(77) Pause Young (Allocation Failure)
[2020-09-11T12:30:58.328+0000][1][gc,task      ] GC(77) Using 1 workers of 1 for evacuation
[2020-09-11T12:30:58.331+0000][1][gc,age       ] GC(77) Desired survivor size 4358144 bytes, new threshold 6 (max threshold 6)
[2020-09-11T12:30:58.331+0000][1][gc,age       ] GC(77) Age table with threshold 6 (max threshold 6)
[2020-09-11T12:30:58.331+0000][1][gc,age       ] GC(77) - age   1:       9312 bytes,       9312 total
[2020-09-11T12:30:58.331+0000][1][gc,age       ] GC(77) - age   2:        536 bytes,       9848 total
[2020-09-11T12:30:58.331+0000][1][gc,age       ] GC(77) - age   3:       1824 bytes,      11672 total
[2020-09-11T12:30:58.331+0000][1][gc,age       ] GC(77) - age   4:        400 bytes,      12072 total
[2020-09-11T12:30:58.331+0000][1][gc,age       ] GC(77) - age   5:       1352 bytes,      13424 total
[2020-09-11T12:30:58.331+0000][1][gc,age       ] GC(77) - age   6:      10464 bytes,      23888 total
[2020-09-11T12:30:58.331+0000][1][gc,heap      ] GC(77) ParNew: 68171K->29K(76672K)
[2020-09-11T12:30:58.331+0000][1][gc,heap      ] GC(77) CMS: 64741K->64743K(439104K)
[2020-09-11T12:30:58.331+0000][1][gc,metaspace ] GC(77) Metaspace: 74615K->74615K(1118208K)
[2020-09-11T12:30:58.331+0000][1][gc           ] GC(77) Pause Young (Allocation Failure) 129M->63M(503M) 3.455ms
[2020-09-11T12:30:58.331+0000][1][gc,cpu       ] GC(77) User=0.00s Sys=0.00s Real=0.00s
[2020-09-11T12:30:58.331+0000][1][safepoint    ] Safepoint "GenCollectForAllocation", Time since last: 404496473 ns, Reaching safepoint: 59986 ns, At safepoint: 3521123 ns, Total: 3581109 ns
[2020-09-11T12:30:59.333+0000][1][safepoint    ] Safepoint "Cleanup", Time since last: 1002014988 ns, Reaching safepoint: 101648 ns, At safepoint: 8475 ns, Total: 110123 ns
[2020-09-11T12:31:00.333+0000][1][safepoint    ] Safepoint "Cleanup", Time since last: 1000215631 ns, Reaching safepoint: 61667 ns, At safepoint: 6459 ns, Total: 68126 ns
[2020-09-11T12:31:01.334+0000][1][safepoint    ] Safepoint "Cleanup", Time since last: 1000156633 ns, Reaching safepoint: 99925 ns, At safepoint: 16263 ns, Total: 116188 ns
[2020-09-11T12:31:02.334+0000][1][safepoint    ] Safepoint "Cleanup", Time since last: 1000148054 ns, Reaching safepoint: 103488 ns, At safepoint: 6780 ns, Total: 110268 ns
[2020-09-11T12:31:03.334+0000][1][safepoint    ] Safepoint "Cleanup", Time since last: 1000193556 ns, Reaching safepoint: 111690 ns, At safepoint: 17931 ns, Total: 129621 ns
[2020-09-11T12:31:04.335+0000][1][safepoint    ] Safepoint "Cleanup", Time since last: 1000246570 ns, Reaching safepoint: 106108 ns, At safepoint: 17035 ns, Total: 123143 ns
[2020-09-11T12:31:05.335+0000][1][safepoint    ] Safepoint "Cleanup", Time since last: 1000222051 ns, Reaching safepoint: 110097 ns, At safepoint: 19318 ns, Total: 129415 ns
[2020-09-11T12:31:06.335+0000][1][safepoint    ] Safepoint "Cleanup", Time since last: 1000237724 ns, Reaching safepoint: 87538 ns, At safepoint: 6994 ns, Total: 94532 ns
[2020-09-11T12:31:07.336+0000][1][safepoint    ] Safepoint "Cleanup", Time since last: 1000179289 ns, Reaching safepoint: 114590 ns, At safepoint: 19148 ns, Total: 133738 ns
[2020-09-11T12:31:08.336+0000][1][safepoint    ] Safepoint "Cleanup", Time since last: 1000208623 ns, Reaching safepoint: 113367 ns, At safepoint: 17333 ns, Total: 130700 ns
[2020-09-11T12:31:09.336+0000][1][safepoint    ] Safepoint "Cleanup", Time since last: 1000191348 ns, Reaching safepoint: 116074 ns, At safepoint: 20413 ns, Total: 136487 ns
[2020-09-11T12:31:10.337+0000][1][safepoint    ] Safepoint "Cleanup", Time since last: 1000224893 ns, Reaching safepoint: 112987 ns, At safepoint: 17065 ns, Total: 130052 ns
[2020-09-11T12:31:11.337+0000][1][safepoint    ] Safepoint "Cleanup", Time since last: 1000242908 ns, Reaching safepoint: 116314 ns, At safepoint: 18980 ns, Total: 135294 ns
[2020-09-11T12:31:12.337+0000][1][safepoint    ] Safepoint "Cleanup", Time since last: 1000210023 ns, Reaching safepoint: 111269 ns, At safepoint: 17965 ns, Total: 129234 ns
[2020-09-11T12:31:13.338+0000][1][safepoint    ] Safepoint "Cleanup", Time since last: 1000183088 ns, Reaching safepoint: 129388 ns, At safepoint: 19875 ns, Total: 149263 ns
[2020-09-11T12:31:14.338+0000][1][safepoint    ] Safepoint "Cleanup", Time since last: 1000221593 ns, Reaching safepoint: 108580 ns, At safepoint: 17901 ns, Total: 126481 ns
[2020-09-11T12:31:15.338+0000][1][safepoint    ] Safepoint "Cleanup", Time since last: 1000205708 ns, Reaching safepoint: 113257 ns, At safepoint: 19178 ns, Total: 132435 ns
[2020-09-11T12:31:16.339+0000][1][safepoint    ] Safepoint "Cleanup", Time since last: 1000254029 ns, Reaching safepoint: 88786 ns, At safepoint: 7740 ns, Total: 96526 ns
[2020-09-11T12:31:17.339+0000][1][safepoint    ] Safepoint "Cleanup", Time since last: 1000182055 ns, Reaching safepoint: 88916 ns, At safepoint: 8016 ns, Total: 96932 ns
[2020-09-11T12:31:18.339+0000][1][safepoint    ] Safepoint "Cleanup", Time since last: 1000196562 ns, Reaching safepoint: 138170 ns, At safepoint: 16214 ns, Total: 154384 ns
[2020-09-11T12:31:19.340+0000][1][safepoint    ] Safepoint "Cleanup", Time since last: 1000193101 ns, Reaching safepoint: 107365 ns, At safepoint: 8091 ns, Total: 115456 ns
[2020-09-11T12:31:20.340+0000][1][safepoint    ] Safepoint "Cleanup", Time since last: 1000112768 ns, Reaching safepoint: 60056 ns, At safepoint: 6142 ns, Total: 66198 ns
[2020-09-11T12:31:21.340+0000][1][safepoint    ] Safepoint "Cleanup", Time since last: 1000157722 ns, Reaching safepoint: 118886 ns, At safepoint: 17297 ns, Total: 136183 ns
[2020-09-11T12:31:22.341+0000][1][safepoint    ] Safepoint "Cleanup", Time since last: 1000197677 ns, Reaching safepoint: 114403 ns, At safepoint: 17216 ns, Total: 131619 ns
[2020-09-11T12:31:23.341+0000][1][safepoint    ] Safepoint "Cleanup", Time since last: 1000220544 ns, Reaching safepoint: 88842 ns, At safepoint: 7683 ns, Total: 96525 ns
[2020-09-11T12:31:24.341+0000][1][safepoint    ] Safepoint "Cleanup", Time since last: 1000140745 ns, Reaching safepoint: 113752 ns, At safepoint: 16224 ns, Total: 129976 ns
[2020-09-11T12:31:25.341+0000][1][safepoint    ] Safepoint "Cleanup", Time since last: 1000219131 ns, Reaching safepoint: 88776 ns, At safepoint: 7812 ns, Total: 96588 ns
[2020-09-11T12:31:26.342+0000][1][safepoint    ] Safepoint "Cleanup", Time since last: 1000151900 ns, Reaching safepoint: 112049 ns, At safepoint: 6752 ns, Total: 118801 ns
[2020-09-11T12:31:27.342+0000][1][safepoint    ] Safepoint "Cleanup", Time since last: 1000171656 ns, Reaching safepoint: 144986 ns, At safepoint: 20173 ns, Total: 165159 ns
[2020-09-11T12:31:28.342+0000][1][safepoint    ] Safepoint "Cleanup", Time since last: 1000255038 ns, Reaching safepoint: 108138 ns, At safepoint: 17096 ns, Total: 125234 ns
[2020-09-11T12:31:29.343+0000][1][safepoint    ] Safepoint "Cleanup", Time since last: 1000239258 ns, Reaching safepoint: 111903 ns, At safepoint: 18660 ns, Total: 130563 ns
[2020-09-11T12:31:30.343+0000][1][safepoint    ] Safepoint "Cleanup", Time since last: 1000191863 ns, Reaching safepoint: 108463 ns, At safepoint: 16711 ns, Total: 125174 ns
[2020-09-11T12:31:31.344+0000][1][safepoint    ] Safepoint "Cleanup", Time since last: 1000225457 ns, Reaching safepoint: 162150 ns, At safepoint: 8252 ns, Total: 170402 ns
[2020-09-11T12:31:32.344+0000][1][safepoint    ] Safepoint "Cleanup", Time since last: 1000140833 ns, Reaching safepoint: 100129 ns, At safepoint: 7173 ns, Total: 107302 ns
[2020-09-11T12:31:33.344+0000][1][safepoint    ] Safepoint "Cleanup", Time since last: 1000146081 ns, Reaching safepoint: 111353 ns, At safepoint: 18005 ns, Total: 129358 ns
[2020-09-11T12:31:34.344+0000][1][safepoint    ] Safepoint "Cleanup", Time since last: 1000221505 ns, Reaching safepoint: 116869 ns, At safepoint: 17901 ns, Total: 134770 ns
[2020-09-11T12:31:35.345+0000][1][safepoint    ] Safepoint "Cleanup", Time since last: 1000224158 ns, Reaching safepoint: 79163 ns, At safepoint: 8081 ns, Total: 87244 ns
[2020-09-11T12:31:36.345+0000][1][safepoint    ] Safepoint "Cleanup", Time since last: 1000173536 ns, Reaching safepoint: 94710 ns, At safepoint: 7485 ns, Total: 102195 ns
[2020-09-11T12:31:37.345+0000][1][safepoint    ] Safepoint "Cleanup", Time since last: 1000184207 ns, Reaching safepoint: 112425 ns, At safepoint: 19365 ns, Total: 131790 ns
[2020-09-11T12:31:38.346+0000][1][safepoint    ] Safepoint "Cleanup", Time since last: 1000191452 ns, Reaching safepoint: 110551 ns, At safepoint: 17316 ns, Total: 127867 ns
[2020-09-11T12:31:39.346+0000][1][safepoint    ] Safepoint "Cleanup", Time since last: 1000189490 ns, Reaching safepoint: 104399 ns, At safepoint: 8443 ns, Total: 112842 ns
[2020-09-11T12:31:40.346+0000][1][safepoint    ] Safepoint "Cleanup", Time since last: 1000180926 ns, Reaching safepoint: 110236 ns, At safepoint: 17123 ns, Total: 127359 ns
[2020-09-11T12:31:41.347+0000][1][safepoint    ] Safepoint "Cleanup", Time since last: 1000194202 ns, Reaching safepoint: 102327 ns, At safepoint: 8035 ns, Total: 110362 ns
[2020-09-11T12:31:42.347+0000][1][safepoint    ] Safepoint "Cleanup", Time since last: 1000185628 ns, Reaching safepoint: 87808 ns, At safepoint: 7217 ns, Total: 95025 ns
[2020-09-11T12:31:43.347+0000][1][safepoint    ] Safepoint "Cleanup", Time since last: 1000176940 ns, Reaching safepoint: 112679 ns, At safepoint: 18069 ns, Total: 130748 ns
[2020-09-11T12:31:44.347+0000][1][safepoint    ] Safepoint "Cleanup", Time since last: 1000200135 ns, Reaching safepoint: 61393 ns, At safepoint: 14750 ns, Total: 76143 ns
[2020-09-11T12:31:45.348+0000][1][safepoint    ] Safepoint "Cleanup", Time since last: 1000174051 ns, Reaching safepoint: 93637 ns, At safepoint: 8152 ns, Total: 101789 ns
[2020-09-11T12:31:46.348+0000][1][safepoint    ] Safepoint "Cleanup", Time since last: 1000164456 ns, Reaching safepoint: 102376 ns, At safepoint: 7794 ns, Total: 110170 ns
[2020-09-11T12:31:47.348+0000][1][safepoint    ] Safepoint "Cleanup", Time since last: 1000162908 ns, Reaching safepoint: 112505 ns, At safepoint: 18863 ns, Total: 131368 ns
[2020-09-11T12:31:48.349+0000][1][safepoint    ] Safepoint "Cleanup", Time since last: 1000219705 ns, Reaching safepoint: 89317 ns, At safepoint: 7071 ns, Total: 96388 ns
[2020-09-11T12:31:49.349+0000][1][safepoint    ] Safepoint "Cleanup", Time since last: 1000183906 ns, Reaching safepoint: 96855 ns, At safepoint: 8472 ns, Total: 105327 ns
[2020-09-11T12:31:50.349+0000][1][safepoint    ] Safepoint "Cleanup", Time since last: 1000174569 ns, Reaching safepoint: 90821 ns, At safepoint: 7123 ns, Total: 97944 ns
[2020-09-11T12:31:51.349+0000][1][safepoint    ] Safepoint "Cleanup", Time since last: 1000202590 ns, Reaching safepoint: 89164 ns, At safepoint: 8123 ns, Total: 97287 ns
[2020-09-11T12:31:52.350+0000][1][safepoint    ] Safepoint "Cleanup", Time since last: 1000184421 ns, Reaching safepoint: 91034 ns, At safepoint: 7131 ns, Total: 98165 ns
[2020-09-11T12:31:53.350+0000][1][safepoint    ] Safepoint "Cleanup", Time since last: 1000191990 ns, Reaching safepoint: 89196 ns, At safepoint: 8594 ns, Total: 97790 ns
[2020-09-11T12:31:54.350+0000][1][safepoint    ] Safepoint "Cleanup", Time since last: 1000189755 ns, Reaching safepoint: 109756 ns, At safepoint: 17744 ns, Total: 127500 ns
[2020-09-11T12:31:55.351+0000][1][safepoint    ] Safepoint "Cleanup", Time since last: 1000219340 ns, Reaching safepoint: 106772 ns, At safepoint: 18957 ns, Total: 125729 ns
[2020-09-11T12:31:56.351+0000][1][safepoint    ] Safepoint "Cleanup", Time since last: 1000258629 ns, Reaching safepoint: 130653 ns, At safepoint: 19077 ns, Total: 149730 ns
[2020-09-11T12:31:57.351+0000][1][safepoint    ] Safepoint "Cleanup", Time since last: 1000223301 ns, Reaching safepoint: 137994 ns, At safepoint: 17764 ns, Total: 155758 ns
[2020-09-11T12:31:58.352+0000][1][safepoint    ] Safepoint "Cleanup", Time since last: 1000197388 ns, Reaching safepoint: 107022 ns, At safepoint: 18095 ns, Total: 125117 ns
[2020-09-11T12:31:59.352+0000][1][safepoint    ] Safepoint "Cleanup", Time since last: 1000234942 ns, Reaching safepoint: 81091 ns, At safepoint: 8314 ns, Total: 89405 ns
[2020-09-11T12:32:00.352+0000][1][safepoint    ] Safepoint "Cleanup", Time since last: 1000184004 ns, Reaching safepoint: 112482 ns, At safepoint: 17633 ns, Total: 130115 ns
[2020-09-11T12:32:01.353+0000][1][safepoint    ] Safepoint "Cleanup", Time since last: 1000198472 ns, Reaching safepoint: 117777 ns, At safepoint: 18295 ns, Total: 136072 ns
[2020-09-11T12:32:02.353+0000][1][safepoint    ] Safepoint "Cleanup", Time since last: 1000181086 ns, Reaching safepoint: 117300 ns, At safepoint: 8418 ns, Total: 125718 ns
[2020-09-11T12:32:03.353+0000][1][safepoint    ] Safepoint "Cleanup", Time since last: 1000141977 ns, Reaching safepoint: 112972 ns, At safepoint: 18647 ns, Total: 131619 ns
[2020-09-11T12:32:04.096+0000][1][gc,start     ] GC(78) Pause Young (Allocation Failure)
[2020-09-11T12:32:04.096+0000][1][gc,task      ] GC(78) Using 1 workers of 1 for evacuation
[2020-09-11T12:32:04.101+0000][1][gc,age       ] GC(78) Desired survivor size 4358144 bytes, new threshold 6 (max threshold 6)
[2020-09-11T12:32:04.101+0000][1][gc,age       ] GC(78) Age table with threshold 6 (max threshold 6)
[2020-09-11T12:32:04.101+0000][1][gc,age       ] GC(78) - age   1:       9184 bytes,       9184 total
[2020-09-11T12:32:04.101+0000][1][gc,age       ] GC(78) - age   2:       4248 bytes,      13432 total
[2020-09-11T12:32:04.101+0000][1][gc,age       ] GC(78) - age   4:       1824 bytes,      15256 total
[2020-09-11T12:32:04.101+0000][1][gc,age       ] GC(78) - age   5:        400 bytes,      15656 total
[2020-09-11T12:32:04.101+0000][1][gc,age       ] GC(78) - age   6:       1352 bytes,      17008 total
[2020-09-11T12:32:04.101+0000][1][gc,heap      ] GC(78) ParNew: 68189K->24K(76672K)
[2020-09-11T12:32:04.101+0000][1][gc,heap      ] GC(78) CMS: 64743K->64753K(439104K)
[2020-09-11T12:32:04.101+0000][1][gc,metaspace ] GC(78) Metaspace: 74620K->74620K(1118208K)
[2020-09-11T12:32:04.101+0000][1][gc           ] GC(78) Pause Young (Allocation Failure) 129M->63M(503M) 5.167ms
[2020-09-11T12:32:04.101+0000][1][gc,cpu       ] GC(78) User=0.00s Sys=0.00s Real=0.00s
[2020-09-11T12:32:04.102+0000][1][safepoint    ] Safepoint "GenCollectForAllocation", Time since last: 742766741 ns, Reaching safepoint: 212769 ns, At safepoint: 5238856 ns, Total: 5451625 ns
[2020-09-11T12:32:05.107+0000][1][safepoint    ] Safepoint "Cleanup", Time since last: 1004999437 ns, Reaching safepoint: 207631 ns, At safepoint: 143897 ns, Total: 351528 ns
[2020-09-11T12:32:06.109+0000][1][safepoint    ] Safepoint "Cleanup", Time since last: 1001981319 ns, Reaching safepoint: 131007 ns, At safepoint: 19174 ns, Total: 150181 ns
[2020-09-11T12:32:07.109+0000][1][safepoint    ] Safepoint "Cleanup", Time since last: 1000181851 ns, Reaching safepoint: 96686 ns, At safepoint: 51171 ns, Total: 147857 ns
[2020-09-11T12:32:08.110+0000][1][safepoint    ] Safepoint "Cleanup", Time since last: 1000195138 ns, Reaching safepoint: 120156 ns, At safepoint: 42431 ns, Total: 162587 ns
[2020-09-11T12:32:09.110+0000][1][safepoint    ] Safepoint "Cleanup", Time since last: 1000125062 ns, Reaching safepoint: 162032 ns, At safepoint: 7800 ns, Total: 169832 ns
[2020-09-11T12:32:10.110+0000][1][safepoint    ] Safepoint "Cleanup", Time since last: 1000189946 ns, Reaching safepoint: 103812 ns, At safepoint: 17052 ns, Total: 120864 ns
[2020-09-11T12:32:11.111+0000][1][safepoint    ] Safepoint "Cleanup", Time since last: 1000207386 ns, Reaching safepoint: 106351 ns, At safepoint: 41568 ns, Total: 147919 ns
[2020-09-11T12:32:12.111+0000][1][safepoint    ] Safepoint "Cleanup", Time since last: 1000206711 ns, Reaching safepoint: 81721 ns, At safepoint: 6181 ns, Total: 87902 ns
[2020-09-11T12:32:13.111+0000][1][safepoint    ] Safepoint "Cleanup", Time since last: 1000179044 ns, Reaching safepoint: 102368 ns, At safepoint: 17621 ns, Total: 119989 ns
[2020-09-11T12:32:14.112+0000][1][safepoint    ] Safepoint "Cleanup", Time since last: 1000165402 ns, Reaching safepoint: 111787 ns, At safepoint: 17383 ns, Total: 129170 ns
[2020-09-11T12:32:15.112+0000][1][safepoint    ] Safepoint "Cleanup", Time since last: 1000209548 ns, Reaching safepoint: 100778 ns, At safepoint: 16852 ns, Total: 117630 ns
[2020-09-11T12:32:16.112+0000][1][safepoint    ] Safepoint "Cleanup", Time since last: 1000219921 ns, Reaching safepoint: 100180 ns, At safepoint: 17126 ns, Total: 117306 ns
[2020-09-11T12:32:17.113+0000][1][safepoint    ] Safepoint "Cleanup", Time since last: 1000208169 ns, Reaching safepoint: 101971 ns, At safepoint: 17299 ns, Total: 119270 ns
[2020-09-11T12:32:18.113+0000][1][safepoint    ] Safepoint "Cleanup", Time since last: 1000203068 ns, Reaching safepoint: 103465 ns, At safepoint: 15883 ns, Total: 119348 ns
[2020-09-11T12:32:19.113+0000][1][safepoint    ] Safepoint "Cleanup", Time since last: 1000213474 ns, Reaching safepoint: 73852 ns, At safepoint: 7776 ns, Total: 81628 ns
[2020-09-11T12:32:20.113+0000][1][safepoint    ] Safepoint "Cleanup", Time since last: 1000191815 ns, Reaching safepoint: 83556 ns, At safepoint: 6228 ns, Total: 89784 ns
[2020-09-11T12:32:21.114+0000][1][safepoint    ] Safepoint "Cleanup", Time since last: 1000661374 ns, Reaching safepoint: 129758 ns, At safepoint: 17520 ns, Total: 147278 ns
[2020-09-11T12:32:22.115+0000][1][safepoint    ] Safepoint "Cleanup", Time since last: 1000190684 ns, Reaching safepoint: 81964 ns, At safepoint: 6329 ns, Total: 88293 ns
[2020-09-11T12:32:23.115+0000][1][safepoint    ] Safepoint "Cleanup", Time since last: 1000124274 ns, Reaching safepoint: 96437 ns, At safepoint: 6291 ns, Total: 102728 ns
[2020-09-11T12:32:24.115+0000][1][safepoint    ] Safepoint "Cleanup", Time since last: 1000116129 ns, Reaching safepoint: 101055 ns, At safepoint: 16642 ns, Total: 117697 ns
[2020-09-11T12:32:25.115+0000][1][safepoint    ] Safepoint "Cleanup", Time since last: 1000205269 ns, Reaching safepoint: 83883 ns, At safepoint: 7214 ns, Total: 91097 ns
[2020-09-11T12:32:26.116+0000][1][safepoint    ] Safepoint "Cleanup", Time since last: 1000138812 ns, Reaching safepoint: 97116 ns, At safepoint: 8401 ns, Total: 105517 ns
[2020-09-11T12:32:27.116+0000][1][safepoint    ] Safepoint "Cleanup", Time since last: 1000144289 ns, Reaching safepoint: 100872 ns, At safepoint: 16665 ns, Total: 117537 ns
[2020-09-11T12:32:28.116+0000][1][safepoint    ] Safepoint "Cleanup", Time since last: 1000204706 ns, Reaching safepoint: 114757 ns, At safepoint: 19061 ns, Total: 133818 ns
[2020-09-11T12:32:29.116+0000][1][safepoint    ] Safepoint "Cleanup", Time since last: 1000204817 ns, Reaching safepoint: 84296 ns, At safepoint: 8072 ns, Total: 92368 ns
[2020-09-11T12:32:30.117+0000][1][safepoint    ] Safepoint "Cleanup", Time since last: 1000150526 ns, Reaching safepoint: 96636 ns, At safepoint: 14262 ns, Total: 110898 ns
[2020-09-11T12:32:31.117+0000][1][safepoint    ] Safepoint "Cleanup", Time since last: 1000225495 ns, Reaching safepoint: 74725 ns, At safepoint: 7457 ns, Total: 82182 ns
[2020-09-11T12:32:32.117+0000][1][safepoint    ] Safepoint "Cleanup", Time since last: 1000158654 ns, Reaching safepoint: 84270 ns, At safepoint: 6484 ns, Total: 90754 ns
[2020-09-11T12:32:33.117+0000][1][safepoint    ] Safepoint "Cleanup", Time since last: 1000155837 ns, Reaching safepoint: 81509 ns, At safepoint: 7020 ns, Total: 88529 ns
[2020-09-11T12:32:34.118+0000][1][safepoint    ] Safepoint "Cleanup", Time since last: 1000180586 ns, Reaching safepoint: 101216 ns, At safepoint: 17273 ns, Total: 118489 ns
[2020-09-11T12:32:35.118+0000][1][safepoint    ] Safepoint "Cleanup", Time since last: 1000228087 ns, Reaching safepoint: 78927 ns, At safepoint: 7240 ns, Total: 86167 ns
[2020-09-11T12:32:36.118+0000][1][safepoint    ] Safepoint "Cleanup", Time since last: 1000158062 ns, Reaching safepoint: 85957 ns, At safepoint: 6201 ns, Total: 92158 ns
[2020-09-11T12:32:37.119+0000][1][safepoint    ] Safepoint "Cleanup", Time since last: 1000105402 ns, Reaching safepoint: 53762 ns, At safepoint: 6291 ns, Total: 60053 ns
[2020-09-11T12:32:38.119+0000][1][safepoint    ] Safepoint "Cleanup", Time since last: 1000144626 ns, Reaching safepoint: 100414 ns, At safepoint: 16494 ns, Total: 116908 ns
[2020-09-11T12:32:39.119+0000][1][safepoint    ] Safepoint "Cleanup", Time since last: 1000258842 ns, Reaching safepoint: 54983 ns, At safepoint: 7408 ns, Total: 62391 ns
[2020-09-11T12:32:40.119+0000][1][safepoint    ] Safepoint "Cleanup", Time since last: 1000243982 ns, Reaching safepoint: 72284 ns, At safepoint: 6362 ns, Total: 78646 ns
[2020-09-11T12:32:41.120+0000][1][safepoint    ] Safepoint "Cleanup", Time since last: 1000167449 ns, Reaching safepoint: 83004 ns, At safepoint: 7662 ns, Total: 90666 ns
[2020-09-11T12:32:42.120+0000][1][safepoint    ] Safepoint "Cleanup", Time since last: 1000217918 ns, Reaching safepoint: 112562 ns, At safepoint: 16769 ns, Total: 129331 ns
[2020-09-11T12:32:43.120+0000][1][safepoint    ] Safepoint "Cleanup", Time since last: 1000180807 ns, Reaching safepoint: 105433 ns, At safepoint: 17286 ns, Total: 122719 ns
[2020-09-11T12:32:44.121+0000][1][safepoint    ] Safepoint "Cleanup", Time since last: 1000278765 ns, Reaching safepoint: 103931 ns, At safepoint: 10362 ns, Total: 114293 ns
[2020-09-11T12:32:45.121+0000][1][safepoint    ] Safepoint "Cleanup", Time since last: 1000123155 ns, Reaching safepoint: 54745 ns, At safepoint: 7387 ns, Total: 62132 ns
[2020-09-11T12:32:46.121+0000][1][safepoint    ] Safepoint "Cleanup", Time since last: 1000155109 ns, Reaching safepoint: 81842 ns, At safepoint: 12461 ns, Total: 94303 ns
[2020-09-11T12:32:47.121+0000][1][safepoint    ] Safepoint "Cleanup", Time since last: 1000130922 ns, Reaching safepoint: 78860 ns, At safepoint: 9625 ns, Total: 88485 ns
[2020-09-11T12:32:48.122+0000][1][safepoint    ] Safepoint "Cleanup", Time since last: 1000185011 ns, Reaching safepoint: 83981 ns, At safepoint: 8404 ns, Total: 92385 ns
[2020-09-11T12:32:49.122+0000][1][safepoint    ] Safepoint "Cleanup", Time since last: 1000181108 ns, Reaching safepoint: 116741 ns, At safepoint: 19532 ns, Total: 136273 ns
[2020-09-11T12:32:50.122+0000][1][safepoint    ] Safepoint "Cleanup", Time since last: 1000212348 ns, Reaching safepoint: 111206 ns, At safepoint: 18425 ns, Total: 129631 ns
[2020-09-11T12:32:51.123+0000][1][safepoint    ] Safepoint "Cleanup", Time since last: 1000177723 ns, Reaching safepoint: 122336 ns, At safepoint: 8316 ns, Total: 130652 ns
[2020-09-11T12:32:52.123+0000][1][safepoint    ] Safepoint "Cleanup", Time since last: 1000162612 ns, Reaching safepoint: 129254 ns, At safepoint: 9629 ns, Total: 138883 ns
[2020-09-11T12:32:53.123+0000][1][safepoint    ] Safepoint "Cleanup", Time since last: 1000219404 ns, Reaching safepoint: 122711 ns, At safepoint: 20508 ns, Total: 143219 ns
[2020-09-11T12:32:54.124+0000][1][safepoint    ] Safepoint "Cleanup", Time since last: 1000327923 ns, Reaching safepoint: 97797 ns, At safepoint: 7152 ns, Total: 104949 ns
[2020-09-11T12:32:55.124+0000][1][safepoint    ] Safepoint "Cleanup", Time since last: 1000136192 ns, Reaching safepoint: 101035 ns, At safepoint: 8136 ns, Total: 109171 ns
[2020-09-11T12:32:56.125+0000][1][safepoint    ] Safepoint "Cleanup", Time since last: 1000794125 ns, Reaching safepoint: 61682 ns, At safepoint: 7746 ns, Total: 69428 ns
[2020-09-11T12:32:57.125+0000][1][safepoint    ] Safepoint "Cleanup", Time since last: 1000157054 ns, Reaching safepoint: 92854 ns, At safepoint: 7692 ns, Total: 100546 ns
[2020-09-11T12:32:58.125+0000][1][safepoint    ] Safepoint "Cleanup", Time since last: 1000170494 ns, Reaching safepoint: 108934 ns, At safepoint: 17560 ns, Total: 126494 ns
[2020-09-11T12:32:59.126+0000][1][safepoint    ] Safepoint "Cleanup", Time since last: 1000149124 ns, Reaching safepoint: 90937 ns, At safepoint: 11104 ns, Total: 102041 ns
[2020-09-11T12:33:00.126+0000][1][safepoint    ] Safepoint "Cleanup", Time since last: 1000154566 ns, Reaching safepoint: 60703 ns, At safepoint: 7623 ns, Total: 68326 ns
[2020-09-11T12:33:01.126+0000][1][safepoint    ] Safepoint "Cleanup", Time since last: 1000109975 ns, Reaching safepoint: 68992 ns, At safepoint: 8227 ns, Total: 77219 ns
[2020-09-11T12:33:02.126+0000][1][safepoint    ] Safepoint "Cleanup", Time since last: 1000192610 ns, Reaching safepoint: 74672 ns, At safepoint: 8710 ns, Total: 83382 ns
[2020-09-11T12:33:03.127+0000][1][safepoint    ] Safepoint "Cleanup", Time since last: 1000145912 ns, Reaching safepoint: 96356 ns, At safepoint: 7766 ns, Total: 104122 ns
[2020-09-11T12:33:04.127+0000][1][safepoint    ] Safepoint "Cleanup", Time since last: 1000178817 ns, Reaching safepoint: 80332 ns, At safepoint: 6998 ns, Total: 87330 ns
[2020-09-11T12:33:05.127+0000][1][safepoint    ] Safepoint "Cleanup", Time since last: 1000137226 ns, Reaching safepoint: 106443 ns, At safepoint: 8596 ns, Total: 115039 ns
[2020-09-11T12:33:06.127+0000][1][safepoint    ] Safepoint "Cleanup", Time since last: 1000113315 ns, Reaching safepoint: 64688 ns, At safepoint: 8878 ns, Total: 73566 ns
[2020-09-11T12:33:07.128+0000][1][safepoint    ] Safepoint "Cleanup", Time since last: 1000160226 ns, Reaching safepoint: 325327 ns, At safepoint: 19228 ns, Total: 344555 ns
[2020-09-11T12:33:08.128+0000][1][safepoint    ] Safepoint "Cleanup", Time since last: 1000169436 ns, Reaching safepoint: 95877 ns, At safepoint: 7117 ns, Total: 102994 ns
[2020-09-11T12:33:09.128+0000][1][safepoint    ] Safepoint "Cleanup", Time since last: 1000135111 ns, Reaching safepoint: 104568 ns, At safepoint: 7410 ns, Total: 111978 ns
[2020-09-11T12:33:09.190+0000][1][gc,start     ] GC(79) Pause Young (Allocation Failure)
[2020-09-11T12:33:09.190+0000][1][gc,task      ] GC(79) Using 1 workers of 1 for evacuation
[2020-09-11T12:33:09.193+0000][1][gc,age       ] GC(79) Desired survivor size 4358144 bytes, new threshold 6 (max threshold 6)
[2020-09-11T12:33:09.193+0000][1][gc,age       ] GC(79) Age table with threshold 6 (max threshold 6)
[2020-09-11T12:33:09.193+0000][1][gc,age       ] GC(79) - age   1:      11808 bytes,      11808 total
[2020-09-11T12:33:09.193+0000][1][gc,age       ] GC(79) - age   2:       2568 bytes,      14376 total
[2020-09-11T12:33:09.193+0000][1][gc,age       ] GC(79) - age   3:       4248 bytes,      18624 total
[2020-09-11T12:33:09.193+0000][1][gc,age       ] GC(79) - age   5:       1824 bytes,      20448 total
[2020-09-11T12:33:09.193+0000][1][gc,age       ] GC(79) - age   6:        400 bytes,      20848 total
[2020-09-11T12:33:09.193+0000][1][gc,heap      ] GC(79) ParNew: 68184K->37K(76672K)
[2020-09-11T12:33:09.193+0000][1][gc,heap      ] GC(79) CMS: 64753K->64754K(439104K)
[2020-09-11T12:33:09.193+0000][1][gc,metaspace ] GC(79) Metaspace: 74646K->74646K(1118208K)
[2020-09-11T12:33:09.193+0000][1][gc           ] GC(79) Pause Young (Allocation Failure) 129M->63M(503M) 3.464ms
[2020-09-11T12:33:09.193+0000][1][gc,cpu       ] GC(79) User=0.00s Sys=0.00s Real=0.00s
[2020-09-11T12:33:09.194+0000][1][safepoint    ] Safepoint "GenCollectForAllocation", Time since last: 61498043 ns, Reaching safepoint: 174074 ns, At safepoint: 3572689 ns, Total: 3746763 ns
[2020-09-11T12:33:10.195+0000][1][safepoint    ] Safepoint "Cleanup", Time since last: 1001106937 ns, Reaching safepoint: 100536 ns, At safepoint: 17886 ns, Total: 118422 ns
[2020-09-11T12:33:11.195+0000][1][safepoint    ] Safepoint "Cleanup", Time since last: 1000126282 ns, Reaching safepoint: 101720 ns, At safepoint: 46407 ns, Total: 148127 ns
[2020-09-11T12:33:12.195+0000][1][safepoint    ] Safepoint "Cleanup", Time since last: 1000205822 ns, Reaching safepoint: 95673 ns, At safepoint: 90067 ns, Total: 185740 ns
[2020-09-11T12:33:13.196+0000][1][safepoint    ] Safepoint "Cleanup", Time since last: 1000131346 ns, Reaching safepoint: 49555 ns, At safepoint: 14200 ns, Total: 63755 ns
[2020-09-11T12:33:14.196+0000][1][safepoint    ] Safepoint "Cleanup", Time since last: 1000128033 ns, Reaching safepoint: 96110 ns, At safepoint: 7187 ns, Total: 103297 ns
[2020-09-11T12:33:15.198+0000][1][safepoint    ] Safepoint "Cleanup", Time since last: 1001622077 ns, Reaching safepoint: 187524 ns, At safepoint: 19903 ns, Total: 207427 ns
[2020-09-11T12:33:16.198+0000][1][safepoint    ] Safepoint "Cleanup", Time since last: 1000159061 ns, Reaching safepoint: 91746 ns, At safepoint: 6610 ns, Total: 98356 ns
[2020-09-11T12:33:17.198+0000][1][safepoint    ] Safepoint "Cleanup", Time since last: 1000152159 ns, Reaching safepoint: 95029 ns, At safepoint: 17320 ns, Total: 112349 ns
[2020-09-11T12:33:18.199+0000][1][safepoint    ] Safepoint "Cleanup", Time since last: 1000204805 ns, Reaching safepoint: 75395 ns, At safepoint: 7353 ns, Total: 82748 ns
[2020-09-11T12:33:19.199+0000][1][safepoint    ] Safepoint "Cleanup", Time since last: 1000144064 ns, Reaching safepoint: 87011 ns, At safepoint: 6097 ns, Total: 93108 ns
[2020-09-11T12:33:20.199+0000][1][safepoint    ] Safepoint "Cleanup", Time since last: 1000099313 ns, Reaching safepoint: 134399 ns, At safepoint: 8842 ns, Total: 143241 ns
[2020-09-11T12:33:21.199+0000][1][safepoint    ] Safepoint "Cleanup", Time since last: 1000097634 ns, Reaching safepoint: 54668 ns, At safepoint: 5397 ns, Total: 60065 ns
[2020-09-11T12:33:22.201+0000][1][safepoint    ] Safepoint "Cleanup", Time since last: 1002059033 ns, Reaching safepoint: 211028 ns, At safepoint: 18707 ns, Total: 229735 ns
[2020-09-11T12:33:23.065+0000][1][safepoint    ] Safepoint "RevokeBias", Time since last: 862870701 ns, Reaching safepoint: 219493 ns, At safepoint: 11912 ns, Total: 231405 ns
[2020-09-11T12:33:23.065+0000][1][safepoint    ] Safepoint "RevokeBias", Time since last: 83462 ns, Reaching safepoint: 356725 ns, At safepoint: 6360 ns, Total: 363085 ns
[2020-09-11T12:33:23.066+0000][1][safepoint    ] Safepoint "RevokeBias", Time since last: 409155 ns, Reaching safepoint: 371544 ns, At safepoint: 9254 ns, Total: 380798 ns
[2020-09-11T12:33:23.066+0000][1][safepoint    ] Safepoint "RevokeBias", Time since last: 193276 ns, Reaching safepoint: 347553 ns, At safepoint: 8847 ns, Total: 356400 ns
[2020-09-11T12:33:23.067+0000][1][safepoint    ] Safepoint "RevokeBias", Time since last: 251701 ns, Reaching safepoint: 512112 ns, At safepoint: 6836 ns, Total: 518948 ns
[2020-09-11T12:33:23.067+0000][1][safepoint    ] Safepoint "RevokeBias", Time since last: 219270 ns, Reaching safepoint: 119323 ns, At safepoint: 6278 ns, Total: 125601 ns
[2020-09-11T12:33:23.068+0000][1][safepoint    ] Safepoint "RevokeBias", Time since last: 511759 ns, Reaching safepoint: 192484 ns, At safepoint: 6074 ns, Total: 198558 ns
[2020-09-11T12:33:23.068+0000][1][safepoint    ] Safepoint "RevokeBias", Time since last: 71339 ns, Reaching safepoint: 113120 ns, At safepoint: 5935 ns, Total: 119055 ns
[2020-09-11T12:33:23.069+0000][1][safepoint    ] Safepoint "RevokeBias", Time since last: 42740 ns, Reaching safepoint: 575000 ns, At safepoint: 6380 ns, Total: 581380 ns
[2020-09-11T12:33:23.070+0000][1][safepoint    ] Safepoint "RevokeBias", Time since last: 576412 ns, Reaching safepoint: 289814 ns, At safepoint: 6695 ns, Total: 296509 ns
[2020-09-11T12:33:23.071+0000][1][safepoint    ] Safepoint "RevokeBias", Time since last: 143794 ns, Reaching safepoint: 743646 ns, At safepoint: 34670 ns, Total: 778316 ns
[2020-09-11T12:33:23.073+0000][1][safepoint    ] Safepoint "RevokeBias", Time since last: 589110 ns, Reaching safepoint: 1681749 ns, At safepoint: 9742 ns, Total: 1691491 ns
[2020-09-11T12:33:23.081+0000][1][safepoint    ] Safepoint "RevokeBias", Time since last: 6399455 ns, Reaching safepoint: 1485711 ns, At safepoint: 11266 ns, Total: 1496977 ns
[2020-09-11T12:33:23.082+0000][1][safepoint    ] Safepoint "RevokeBias", Time since last: 621173 ns, Reaching safepoint: 96228 ns, At safepoint: 6718 ns, Total: 102946 ns
[2020-09-11T12:33:23.082+0000][1][safepoint    ] Safepoint "RevokeBias", Time since last: 85961 ns, Reaching safepoint: 196413 ns, At safepoint: 6188 ns, Total: 202601 ns
[2020-09-11T12:33:23.082+0000][1][safepoint    ] Safepoint "RevokeBias", Time since last: 48823 ns, Reaching safepoint: 122809 ns, At safepoint: 6565 ns, Total: 129374 ns
[2020-09-11T12:33:23.083+0000][1][safepoint    ] Safepoint "RevokeBias", Time since last: 79960 ns, Reaching safepoint: 1219898 ns, At safepoint: 8136 ns, Total: 1228034 ns
[2020-09-11T12:33:23.084+0000][1][safepoint    ] Safepoint "RevokeBias", Time since last: 44113 ns, Reaching safepoint: 194047 ns, At safepoint: 6629 ns, Total: 200676 ns
[2020-09-11T12:33:23.084+0000][1][safepoint    ] Safepoint "RevokeBias", Time since last: 622161 ns, Reaching safepoint: 128186 ns, At safepoint: 6860 ns, Total: 135046 ns
[2020-09-11T12:33:23.100+0000][1][safepoint    ] Safepoint "RevokeBias", Time since last: 15023577 ns, Reaching safepoint: 175511 ns, At safepoint: 22796 ns, Total: 198307 ns
[2020-09-11T12:33:23.296+0000][1][safepoint    ] Safepoint "RevokeBias", Time since last: 195716693 ns, Reaching safepoint: 175367 ns, At safepoint: 23119 ns, Total: 198486 ns
[2020-09-11T12:33:23.299+0000][1][safepoint    ] Safepoint "RevokeBias", Time since last: 3494285 ns, Reaching safepoint: 190228 ns, At safepoint: 26144 ns, Total: 216372 ns
[2020-09-11T12:33:23.301+0000][1][safepoint    ] Safepoint "RevokeBias", Time since last: 1049814 ns, Reaching safepoint: 163268 ns, At safepoint: 21837 ns, Total: 185105 ns
[2020-09-11T12:33:23.301+0000][1][safepoint    ] Safepoint "RevokeBias", Time since last: 154411 ns, Reaching safepoint: 153456 ns, At safepoint: 19789 ns, Total: 173245 ns
[2020-09-11T12:33:23.301+0000][1][safepoint    ] Safepoint "RevokeBias", Time since last: 331752 ns, Reaching safepoint: 154836 ns, At safepoint: 18345 ns, Total: 173181 ns
[2020-09-11T12:33:23.302+0000][1][safepoint    ] Safepoint "RevokeBias", Time since last: 99081 ns, Reaching safepoint: 148167 ns, At safepoint: 39795 ns, Total: 187962 ns
[2020-09-11T12:33:23.302+0000][1][safepoint    ] Safepoint "RevokeBias", Time since last: 452113 ns, Reaching safepoint: 140271 ns, At safepoint: 13305 ns, Total: 153576 ns
[2020-09-11T12:33:23.303+0000][1][safepoint    ] Safepoint "RevokeBias", Time since last: 560521 ns, Reaching safepoint: 16141 ns, At safepoint: 12269 ns, Total: 28410 ns
[2020-09-11T12:33:23.303+0000][1][safepoint    ] Safepoint "RevokeBias", Time since last: 222690 ns, Reaching safepoint: 14330 ns, At safepoint: 11852 ns, Total: 26182 ns
[2020-09-11T12:33:23.303+0000][1][safepoint    ] Safepoint "RevokeBias", Time since last: 93426 ns, Reaching safepoint: 13735 ns, At safepoint: 11490 ns, Total: 25225 ns
[2020-09-11T12:33:23.303+0000][1][safepoint    ] Safepoint "RevokeBias", Time since last: 30785 ns, Reaching safepoint: 12284 ns, At safepoint: 10636 ns, Total: 22920 ns
[2020-09-11T12:33:23.303+0000][1][safepoint    ] Safepoint "RevokeBias", Time since last: 42933 ns, Reaching safepoint: 12790 ns, At safepoint: 10783 ns, Total: 23573 ns
[2020-09-11T12:33:23.303+0000][1][safepoint    ] Safepoint "RevokeBias", Time since last: 43617 ns, Reaching safepoint: 12771 ns, At safepoint: 29437 ns, Total: 42208 ns
[2020-09-11T12:33:23.303+0000][1][safepoint    ] Safepoint "RevokeBias", Time since last: 63986 ns, Reaching safepoint: 13061 ns, At safepoint: 10869 ns, Total: 23930 ns
[2020-09-11T12:33:23.304+0000][1][safepoint    ] Safepoint "RevokeBias", Time since last: 335282 ns, Reaching safepoint: 14248 ns, At safepoint: 11505 ns, Total: 25753 ns
[2020-09-11T12:33:23.304+0000][1][safepoint    ] Safepoint "RevokeBias", Time since last: 258254 ns, Reaching safepoint: 139580 ns, At safepoint: 13662 ns, Total: 153242 ns
[2020-09-11T12:33:23.305+0000][1][safepoint    ] Safepoint "RevokeBias", Time since last: 668927 ns, Reaching safepoint: 143770 ns, At safepoint: 13792 ns, Total: 157562 ns
[2020-09-11T12:33:23.306+0000][1][safepoint    ] Safepoint "RevokeBias", Time since last: 635525 ns, Reaching safepoint: 195734 ns, At safepoint: 20886 ns, Total: 216620 ns
[2020-09-11T12:33:23.306+0000][1][safepoint    ] Safepoint "RevokeBias", Time since last: 219479 ns, Reaching safepoint: 133405 ns, At safepoint: 5917 ns, Total: 139322 ns
[2020-09-11T12:33:23.307+0000][1][safepoint    ] Safepoint "RevokeBias", Time since last: 243970 ns, Reaching safepoint: 155747 ns, At safepoint: 20060 ns, Total: 175807 ns
[2020-09-11T12:33:23.307+0000][1][safepoint    ] Safepoint "RevokeBias", Time since last: 49455 ns, Reaching safepoint: 134042 ns, At safepoint: 6014 ns, Total: 140056 ns
[2020-09-11T12:33:23.307+0000][1][safepoint    ] Safepoint "RevokeBias", Time since last: 139235 ns, Reaching safepoint: 121833 ns, At safepoint: 5653 ns, Total: 127486 ns
[2020-09-11T12:33:23.307+0000][1][safepoint    ] Safepoint "RevokeBias", Time since last: 48164 ns, Reaching safepoint: 137674 ns, At safepoint: 12867 ns, Total: 150541 ns
[2020-09-11T12:33:23.308+0000][1][safepoint    ] Safepoint "BulkRevokeBias", Time since last: 820979 ns, Reaching safepoint: 130237 ns, At safepoint: 103288 ns, Total: 233525 ns
[2020-09-11T12:33:23.336+0000][1][safepoint    ] Safepoint "RevokeBias", Time since last: 27189916 ns, Reaching safepoint: 160850 ns, At safepoint: 9868 ns, Total: 170718 ns
[2020-09-11T12:33:23.336+0000][1][safepoint    ] Safepoint "RevokeBias", Time since last: 93672 ns, Reaching safepoint: 139589 ns, At safepoint: 5924 ns, Total: 145513 ns
[2020-09-11T12:33:23.336+0000][1][safepoint    ] Safepoint "RevokeBias", Time since last: 50147 ns, Reaching safepoint: 137035 ns, At safepoint: 5556 ns, Total: 142591 ns
[2020-09-11T12:33:23.337+0000][1][safepoint    ] Safepoint "RevokeBias", Time since last: 417017 ns, Reaching safepoint: 141562 ns, At safepoint: 6526 ns, Total: 148088 ns
[2020-09-11T12:33:23.338+0000][1][safepoint    ] Safepoint "RevokeBias", Time since last: 628989 ns, Reaching safepoint: 134959 ns, At safepoint: 6975 ns, Total: 141934 ns
[2020-09-11T12:33:23.338+0000][1][safepoint    ] Safepoint "RevokeBias", Time since last: 524911 ns, Reaching safepoint: 137106 ns, At safepoint: 6594 ns, Total: 143700 ns
[2020-09-11T12:33:23.339+0000][1][safepoint    ] Safepoint "RevokeBias", Time since last: 1127642 ns, Reaching safepoint: 63407 ns, At safepoint: 6806 ns, Total: 70213 ns
[2020-09-11T12:33:23.343+0000][1][safepoint    ] Safepoint "RevokeBias", Time since last: 2996682 ns, Reaching safepoint: 144911 ns, At safepoint: 8728 ns, Total: 153639 ns
[2020-09-11T12:33:23.344+0000][1][safepoint    ] Safepoint "RevokeBias", Time since last: 1240316 ns, Reaching safepoint: 132944 ns, At safepoint: 6430 ns, Total: 139374 ns
[2020-09-11T12:33:23.344+0000][1][safepoint    ] Safepoint "RevokeBias", Time since last: 115533 ns, Reaching safepoint: 129390 ns, At safepoint: 5709 ns, Total: 135099 ns
[2020-09-11T12:33:23.344+0000][1][safepoint    ] Safepoint "RevokeBias", Time since last: 85594 ns, Reaching safepoint: 133807 ns, At safepoint: 5582 ns, Total: 139389 ns
[2020-09-11T12:33:23.345+0000][1][safepoint    ] Safepoint "RevokeBias", Time since last: 53284 ns, Reaching safepoint: 129557 ns, At safepoint: 5306 ns, Total: 134863 ns
[2020-09-11T12:33:23.349+0000][1][safepoint    ] Safepoint "RevokeBias", Time since last: 3552267 ns, Reaching safepoint: 828283 ns, At safepoint: 18271 ns, Total: 846554 ns
[2020-09-11T12:33:23.349+0000][1][safepoint    ] Safepoint "RevokeBias", Time since last: 86440 ns, Reaching safepoint: 81238 ns, At safepoint: 12564 ns, Total: 93802 ns
[2020-09-11T12:33:23.349+0000][1][safepoint    ] Safepoint "RevokeBias", Time since last: 38865 ns, Reaching safepoint: 78085 ns, At safepoint: 10330 ns, Total: 88415 ns
[2020-09-11T12:33:23.350+0000][1][safepoint    ] Safepoint "RevokeBias", Time since last: 288446 ns, Reaching safepoint: 83451 ns, At safepoint: 5699 ns, Total: 89150 ns
[2020-09-11T12:33:23.366+0000][1][gc,heap,exit ] Heap
[2020-09-11T12:33:23.366+0000][1][gc,heap,exit ]  par new generation   total 76672K, used 17243K [0x00000000e0000000, 0x00000000e5330000, 0x00000000e5330000)
[2020-09-11T12:33:23.366+0000][1][gc,heap,exit ]   eden space 68160K,  25% used [0x00000000e0000000, 0x00000000e10cd840, 0x00000000e4290000)
[2020-09-11T12:33:23.366+0000][1][gc,heap,exit ]   from space 8512K,   0% used [0x00000000e4ae0000, 0x00000000e4ae9580, 0x00000000e5330000)
[2020-09-11T12:33:23.366+0000][1][gc,heap,exit ]   to   space 8512K,   0% used [0x00000000e4290000, 0x00000000e4290000, 0x00000000e4ae0000)
[2020-09-11T12:33:23.366+0000][1][gc,heap,exit ]  concurrent mark-sweep generation total 439104K, used 64754K [0x00000000e5330000, 0x0000000100000000, 0x0000000100000000)
[2020-09-11T12:33:23.366+0000][1][gc,heap,exit ]  Metaspace       used 74794K, capacity 80744K, committed 80860K, reserved 1118208K
[2020-09-11T12:33:23.366+0000][1][gc,heap,exit ]   class space    used 9891K, capacity 12313K, committed 12372K, reserved 1048576K
[2020-09-11T12:33:23.366+0000][1][safepoint    ] Safepoint "RevokeBias", Time since last: 12831697 ns, Reaching safepoint: 24721 ns, At safepoint: 3777923 ns, Total: 3802644 ns
