[2020-09-11T13:09:46.207+0000][1][gc] Using Concurrent Mark Sweep
[2020-09-11T13:09:46.208+0000][1][gc,heap,coops] Heap address: 0x00000000e0000000, size: 512 MB, Compressed Oops mode: 32-bit
[2020-09-11T13:09:46.488+0000][1][safepoint    ] Safepoint "EnableBiasedLocking", Time since last: 242091458 ns, Reaching safepoint: 11849972 ns, At safepoint: 53531 ns, Total: 11903503 ns
[2020-09-11T13:09:46.504+0000][1][safepoint    ] Safepoint "RevokeBias", Time since last: 8715424 ns, Reaching safepoint: 7222025 ns, At safepoint: 62867 ns, Total: 7284892 ns
[2020-09-11T13:09:46.563+0000][1][safepoint    ] Safepoint "Deoptimize", Time since last: 56683095 ns, Reaching safepoint: 3254804 ns, At safepoint: 32606 ns, Total: 3287410 ns
[2020-09-11T13:09:47.294+0000][1][safepoint    ] Safepoint "Deoptimize", Time since last: 727396903 ns, Reaching safepoint: 2712768 ns, At safepoint: 33266 ns, Total: 2746034 ns
[2020-09-11T13:09:47.547+0000][1][safepoint    ] Safepoint "Deoptimize", Time since last: 251723469 ns, Reaching safepoint: 2090829 ns, At safepoint: 54461 ns, Total: 2145290 ns
[2020-09-11T13:09:48.552+0000][1][safepoint    ] Safepoint "Cleanup", Time since last: 1001719810 ns, Reaching safepoint: 2284085 ns, At safepoint: 10737 ns, Total: 2294822 ns
[2020-09-11T13:09:49.556+0000][1][safepoint    ] Safepoint "Cleanup", Time since last: 1003917343 ns, Reaching safepoint: 124959 ns, At safepoint: 5051 ns, Total: 130010 ns
[2020-09-11T13:09:49.893+0000][1][safepoint    ] Safepoint "Deoptimize", Time since last: 337781689 ns, Reaching safepoint: 95828 ns, At safepoint: 68250 ns, Total: 164078 ns
[2020-09-11T13:09:50.207+0000][1][safepoint    ] Safepoint "Deoptimize", Time since last: 313602431 ns, Reaching safepoint: 98333 ns, At safepoint: 69460 ns, Total: 167793 ns
[2020-09-11T13:09:50.540+0000][1][safepoint    ] Safepoint "Deoptimize", Time since last: 330269119 ns, Reaching safepoint: 1906916 ns, At safepoint: 78159 ns, Total: 1985075 ns
[2020-09-11T13:09:51.227+0000][1][safepoint    ] Safepoint "Deoptimize", Time since last: 687685787 ns, Reaching safepoint: 128094 ns, At safepoint: 113486 ns, Total: 241580 ns
[2020-09-11T13:09:52.235+0000][1][safepoint    ] Safepoint "Cleanup", Time since last: 1007289279 ns, Reaching safepoint: 123511 ns, At safepoint: 5856 ns, Total: 129367 ns
[2020-09-11T13:09:52.407+0000][1][safepoint    ] Safepoint "Deoptimize", Time since last: 168664991 ns, Reaching safepoint: 3783722 ns, At safepoint: 146237 ns, Total: 3929959 ns
[2020-09-11T13:09:53.410+0000][1][safepoint    ] Safepoint "Cleanup", Time since last: 1002175919 ns, Reaching safepoint: 47450 ns, At safepoint: 4656 ns, Total: 52106 ns
[2020-09-11T13:09:53.944+0000][1][safepoint    ] Safepoint "Deoptimize", Time since last: 529726764 ns, Reaching safepoint: 4043286 ns, At safepoint: 111487 ns, Total: 4154773 ns
[2020-09-11T13:09:54.955+0000][1][safepoint    ] Safepoint "Cleanup", Time since last: 1007875011 ns, Reaching safepoint: 3143053 ns, At safepoint: 8509 ns, Total: 3151562 ns
[2020-09-11T13:09:55.509+0000][1][safepoint    ] Safepoint "Deoptimize", Time since last: 554172183 ns, Reaching safepoint: 112286 ns, At safepoint: 120180 ns, Total: 232466 ns
[2020-09-11T13:09:55.518+0000][1][safepoint    ] Safepoint "Deoptimize", Time since last: 8439554 ns, Reaching safepoint: 91946 ns, At safepoint: 118158 ns, Total: 210104 ns
[2020-09-11T13:09:55.814+0000][1][safepoint    ] Safepoint "Deoptimize", Time since last: 296483984 ns, Reaching safepoint: 112882 ns, At safepoint: 128951 ns, Total: 241833 ns
[2020-09-11T13:09:55.830+0000][1][safepoint    ] Safepoint "Deoptimize", Time since last: 15219405 ns, Reaching safepoint: 107411 ns, At safepoint: 124580 ns, Total: 231991 ns
[2020-09-11T13:09:55.880+0000][1][safepoint    ] Safepoint "RevokeBias", Time since last: 41592379 ns, Reaching safepoint: 8039788 ns, At safepoint: 47994 ns, Total: 8087782 ns
[2020-09-11T13:09:55.883+0000][1][safepoint    ] Safepoint "RevokeBias", Time since last: 394831 ns, Reaching safepoint: 2825292 ns, At safepoint: 34422 ns, Total: 2859714 ns
[2020-09-11T13:09:55.883+0000][1][safepoint    ] Safepoint "RevokeBias", Time since last: 109053 ns, Reaching safepoint: 84450 ns, At safepoint: 17162 ns, Total: 101612 ns
[2020-09-11T13:09:55.884+0000][1][safepoint    ] Safepoint "RevokeBias", Time since last: 429138 ns, Reaching safepoint: 87511 ns, At safepoint: 35940 ns, Total: 123451 ns
[2020-09-11T13:09:55.889+0000][1][safepoint    ] Safepoint "RevokeBias", Time since last: 2509880 ns, Reaching safepoint: 3288540 ns, At safepoint: 43533 ns, Total: 3332073 ns
[2020-09-11T13:09:55.890+0000][1][safepoint    ] Safepoint "RevokeBias", Time since last: 109667 ns, Reaching safepoint: 904662 ns, At safepoint: 18537 ns, Total: 923199 ns
[2020-09-11T13:09:56.891+0000][1][safepoint    ] Safepoint "Cleanup", Time since last: 1000100435 ns, Reaching safepoint: 125837 ns, At safepoint: 6467 ns, Total: 132304 ns
[2020-09-11T13:09:57.891+0000][1][safepoint    ] Safepoint "Cleanup", Time since last: 1000123780 ns, Reaching safepoint: 49923 ns, At safepoint: 7722 ns, Total: 57645 ns
[2020-09-11T13:09:58.464+0000][1][gc,start     ] GC(0) Pause Young (Allocation Failure)
[2020-09-11T13:09:58.464+0000][1][gc,task      ] GC(0) Using 1 workers of 1 for evacuation
[2020-09-11T13:09:58.519+0000][1][gc,age       ] GC(0) Desired survivor size 4358144 bytes, new threshold 1 (max threshold 6)
[2020-09-11T13:09:58.519+0000][1][gc,age       ] GC(0) Age table with threshold 1 (max threshold 6)
[2020-09-11T13:09:58.519+0000][1][gc,age       ] GC(0) - age   1:    6449496 bytes,    6449496 total
[2020-09-11T13:09:58.519+0000][1][gc,heap      ] GC(0) ParNew: 68160K->6325K(76672K)
[2020-09-11T13:09:58.519+0000][1][gc,heap      ] GC(0) CMS: 0K->0K(439104K)
[2020-09-11T13:09:58.519+0000][1][gc,metaspace ] GC(0) Metaspace: 13549K->13549K(1060864K)
[2020-09-11T13:09:58.519+0000][1][gc           ] GC(0) Pause Young (Allocation Failure) 66M->6M(503M) 54.502ms
[2020-09-11T13:09:58.519+0000][1][gc,cpu       ] GC(0) User=0.02s Sys=0.00s Real=0.05s
[2020-09-11T13:09:58.543+0000][1][safepoint    ] Safepoint "GenCollectForAllocation", Time since last: 573311200 ns, Reaching safepoint: 105076 ns, At safepoint: 79215513 ns, Total: 79320589 ns
[2020-09-11T13:09:58.564+0000][1][safepoint    ] Safepoint "RevokeBias", Time since last: 15863876 ns, Reaching safepoint: 4129844 ns, At safepoint: 528046 ns, Total: 4657890 ns
[2020-09-11T13:09:58.576+0000][1][safepoint    ] Safepoint "RevokeBias", Time since last: 124823 ns, Reaching safepoint: 11433895 ns, At safepoint: 591107 ns, Total: 12025002 ns
[2020-09-11T13:09:58.579+0000][1][safepoint    ] Safepoint "RevokeBias", Time since last: 76277 ns, Reaching safepoint: 3233949 ns, At safepoint: 43152 ns, Total: 3277101 ns
[2020-09-11T13:09:58.580+0000][1][safepoint    ] Safepoint "RevokeBias", Time since last: 57688 ns, Reaching safepoint: 80430 ns, At safepoint: 19294 ns, Total: 99724 ns
[2020-09-11T13:09:58.580+0000][1][safepoint    ] Safepoint "RevokeBias", Time since last: 48999 ns, Reaching safepoint: 79103 ns, At safepoint: 17051 ns, Total: 96154 ns
[2020-09-11T13:09:58.582+0000][1][safepoint    ] Safepoint "RevokeBias", Time since last: 29539 ns, Reaching safepoint: 2392809 ns, At safepoint: 32293 ns, Total: 2425102 ns
[2020-09-11T13:09:58.596+0000][1][safepoint    ] Safepoint "RevokeBias", Time since last: 4162586 ns, Reaching safepoint: 9066914 ns, At safepoint: 45788 ns, Total: 9112702 ns
[2020-09-11T13:09:58.596+0000][1][safepoint    ] Safepoint "RevokeBias", Time since last: 78469 ns, Reaching safepoint: 81196 ns, At safepoint: 16127 ns, Total: 97323 ns
[2020-09-11T13:09:58.596+0000][1][safepoint    ] Safepoint "RevokeBias", Time since last: 53481 ns, Reaching safepoint: 78609 ns, At safepoint: 15568 ns, Total: 94177 ns
[2020-09-11T13:09:58.596+0000][1][safepoint    ] Safepoint "RevokeBias", Time since last: 28856 ns, Reaching safepoint: 78130 ns, At safepoint: 22836 ns, Total: 100966 ns
[2020-09-11T13:09:58.596+0000][1][safepoint    ] Safepoint "RevokeBias", Time since last: 34409 ns, Reaching safepoint: 78294 ns, At safepoint: 22232 ns, Total: 100526 ns
[2020-09-11T13:09:58.596+0000][1][safepoint    ] Safepoint "RevokeBias", Time since last: 27111 ns, Reaching safepoint: 77880 ns, At safepoint: 16455 ns, Total: 94335 ns
[2020-09-11T13:09:58.596+0000][1][safepoint    ] Safepoint "RevokeBias", Time since last: 71723 ns, Reaching safepoint: 78095 ns, At safepoint: 13960 ns, Total: 92055 ns
[2020-09-11T13:09:58.597+0000][1][safepoint    ] Safepoint "RevokeBias", Time since last: 27263 ns, Reaching safepoint: 87579 ns, At safepoint: 16360 ns, Total: 103939 ns
[2020-09-11T13:09:58.599+0000][1][safepoint    ] Safepoint "RevokeBias", Time since last: 47910 ns, Reaching safepoint: 2881273 ns, At safepoint: 31697 ns, Total: 2912970 ns
[2020-09-11T13:09:58.600+0000][1][safepoint    ] Safepoint "RevokeBias", Time since last: 61868 ns, Reaching safepoint: 81416 ns, At safepoint: 17431 ns, Total: 98847 ns
[2020-09-11T13:09:58.600+0000][1][safepoint    ] Safepoint "RevokeBias", Time since last: 177247 ns, Reaching safepoint: 81598 ns, At safepoint: 16340 ns, Total: 97938 ns
[2020-09-11T13:09:58.600+0000][1][safepoint    ] Safepoint "RevokeBias", Time since last: 29565 ns, Reaching safepoint: 81673 ns, At safepoint: 26865 ns, Total: 108538 ns
[2020-09-11T13:09:58.600+0000][1][safepoint    ] Safepoint "RevokeBias", Time since last: 33962 ns, Reaching safepoint: 82101 ns, At safepoint: 25976 ns, Total: 108077 ns
[2020-09-11T13:09:58.600+0000][1][safepoint    ] Safepoint "RevokeBias", Time since last: 25338 ns, Reaching safepoint: 81020 ns, At safepoint: 28768 ns, Total: 109788 ns
[2020-09-11T13:09:58.600+0000][1][safepoint    ] Safepoint "RevokeBias", Time since last: 44433 ns, Reaching safepoint: 86200 ns, At safepoint: 25426 ns, Total: 111626 ns
[2020-09-11T13:09:58.601+0000][1][safepoint    ] Safepoint "RevokeBias", Time since last: 24468 ns, Reaching safepoint: 80749 ns, At safepoint: 27771 ns, Total: 108520 ns
[2020-09-11T13:09:58.607+0000][1][safepoint    ] Safepoint "RevokeBias", Time since last: 463305 ns, Reaching safepoint: 866555 ns, At safepoint: 5497928 ns, Total: 6364483 ns
[2020-09-11T13:09:58.612+0000][1][safepoint    ] Safepoint "RevokeBias", Time since last: 64428 ns, Reaching safepoint: 3946223 ns, At safepoint: 57140 ns, Total: 4003363 ns
[2020-09-11T13:09:58.612+0000][1][safepoint    ] Safepoint "RevokeBias", Time since last: 94078 ns, Reaching safepoint: 89234 ns, At safepoint: 28960 ns, Total: 118194 ns
[2020-09-11T13:09:58.615+0000][1][safepoint    ] Safepoint "RevokeBias", Time since last: 29379 ns, Reaching safepoint: 2342170 ns, At safepoint: 1316029 ns, Total: 3658199 ns
[2020-09-11T13:09:58.616+0000][1][safepoint    ] Safepoint "RevokeBias", Time since last: 69957 ns, Reaching safepoint: 356979 ns, At safepoint: 29829 ns, Total: 386808 ns
[2020-09-11T13:09:58.616+0000][1][safepoint    ] Safepoint "RevokeBias", Time since last: 30464 ns, Reaching safepoint: 78262 ns, At safepoint: 24474 ns, Total: 102736 ns
[2020-09-11T13:09:58.618+0000][1][safepoint    ] Safepoint "RevokeBias", Time since last: 98774 ns, Reaching safepoint: 1966524 ns, At safepoint: 36637 ns, Total: 2003161 ns
[2020-09-11T13:09:58.619+0000][1][safepoint    ] Safepoint "RevokeBias", Time since last: 39474 ns, Reaching safepoint: 1274531 ns, At safepoint: 34845 ns, Total: 1309376 ns
[2020-09-11T13:09:59.684+0000][1][safepoint    ] Safepoint "Cleanup", Time since last: 1063962944 ns, Reaching safepoint: 143498 ns, At safepoint: 7255 ns, Total: 150753 ns
[2020-09-11T13:10:00.228+0000][1][safepoint    ] Safepoint "RevokeBias", Time since last: 543861519 ns, Reaching safepoint: 107150 ns, At safepoint: 37938 ns, Total: 145088 ns
[2020-09-11T13:10:01.236+0000][1][safepoint    ] Safepoint "Cleanup", Time since last: 1007847950 ns, Reaching safepoint: 132256 ns, At safepoint: 15899 ns, Total: 148155 ns
[2020-09-11T13:10:02.040+0000][1][safepoint    ] Safepoint "Deoptimize", Time since last: 801618901 ns, Reaching safepoint: 2273261 ns, At safepoint: 178695 ns, Total: 2451956 ns
[2020-09-11T13:10:02.767+0000][1][safepoint    ] Safepoint "Deoptimize", Time since last: 724853670 ns, Reaching safepoint: 2687728 ns, At safepoint: 186392 ns, Total: 2874120 ns
[2020-09-11T13:10:02.804+0000][1][gc,start     ] GC(1) Pause Young (Allocation Failure)
[2020-09-11T13:10:02.804+0000][1][gc,task      ] GC(1) Using 1 workers of 1 for evacuation
[2020-09-11T13:10:02.972+0000][1][gc,age       ] GC(1) Desired survivor size 4358144 bytes, new threshold 6 (max threshold 6)
[2020-09-11T13:10:02.972+0000][1][gc,age       ] GC(1) Age table with threshold 6 (max threshold 6)
[2020-09-11T13:10:02.972+0000][1][gc,age       ] GC(1) - age   1:    3902344 bytes,    3902344 total
[2020-09-11T13:10:02.972+0000][1][gc,heap      ] GC(1) ParNew: 74485K->4235K(76672K)
[2020-09-11T13:10:02.972+0000][1][gc,heap      ] GC(1) CMS: 0K->6841K(439104K)
[2020-09-11T13:10:02.972+0000][1][gc,metaspace ] GC(1) Metaspace: 19122K->19122K(1067008K)
[2020-09-11T13:10:02.972+0000][1][gc           ] GC(1) Pause Young (Allocation Failure) 72M->10M(503M) 167.849ms
[2020-09-11T13:10:02.972+0000][1][gc,cpu       ] GC(1) User=0.04s Sys=0.00s Real=0.16s
[2020-09-11T13:10:02.972+0000][1][safepoint    ] Safepoint "GenCollectForAllocation", Time since last: 36061660 ns, Reaching safepoint: 429928 ns, At safepoint: 167913202 ns, Total: 168343130 ns
[2020-09-11T13:10:02.976+0000][1][safepoint    ] Safepoint "Deoptimize", Time since last: 3681790 ns, Reaching safepoint: 27938 ns, At safepoint: 258376 ns, Total: 286314 ns
[2020-09-11T13:10:03.026+0000][1][safepoint    ] Safepoint "RevokeBias", Time since last: 46799442 ns, Reaching safepoint: 3007500 ns, At safepoint: 108461 ns, Total: 3115961 ns
[2020-09-11T13:10:03.035+0000][1][safepoint    ] Safepoint "RevokeBias", Time since last: 8869705 ns, Reaching safepoint: 122095 ns, At safepoint: 75015 ns, Total: 197110 ns
[2020-09-11T13:10:03.039+0000][1][safepoint    ] Safepoint "RevokeBias", Time since last: 4267891 ns, Reaching safepoint: 186852 ns, At safepoint: 54311 ns, Total: 241163 ns
[2020-09-11T13:10:03.040+0000][1][safepoint    ] Safepoint "RevokeBias", Time since last: 60998 ns, Reaching safepoint: 80486 ns, At safepoint: 152254 ns, Total: 232740 ns
[2020-09-11T13:10:03.040+0000][1][safepoint    ] Safepoint "RevokeBias", Time since last: 28659 ns, Reaching safepoint: 84302 ns, At safepoint: 34620 ns, Total: 118922 ns
[2020-09-11T13:10:03.040+0000][1][safepoint    ] Safepoint "RevokeBias", Time since last: 30513 ns, Reaching safepoint: 79336 ns, At safepoint: 33531 ns, Total: 112867 ns
[2020-09-11T13:10:03.040+0000][1][safepoint    ] Safepoint "RevokeBias", Time since last: 23976 ns, Reaching safepoint: 78684 ns, At safepoint: 33469 ns, Total: 112153 ns
[2020-09-11T13:10:03.041+0000][1][safepoint    ] Safepoint "BulkRevokeBias", Time since last: 29645 ns, Reaching safepoint: 78954 ns, At safepoint: 486053 ns, Total: 565007 ns
[2020-09-11T13:10:03.048+0000][1][safepoint    ] Safepoint "BulkRevokeBias", Time since last: 34928 ns, Reaching safepoint: 80304 ns, At safepoint: 7481250 ns, Total: 7561554 ns
[2020-09-11T13:10:04.063+0000][1][safepoint    ] Safepoint "Cleanup", Time since last: 1012187374 ns, Reaching safepoint: 3122702 ns, At safepoint: 12264 ns, Total: 3134966 ns
[2020-09-11T13:10:04.068+0000][1][safepoint    ] Safepoint "Deoptimize", Time since last: 2295325 ns, Reaching safepoint: 1669274 ns, At safepoint: 186617 ns, Total: 1855891 ns
[2020-09-11T13:10:04.071+0000][1][safepoint    ] Safepoint "RevokeBias", Time since last: 480301 ns, Reaching safepoint: 3007011 ns, At safepoint: 52354 ns, Total: 3059365 ns
[2020-09-11T13:10:04.075+0000][1][safepoint    ] Safepoint "Deoptimize", Time since last: 1087788 ns, Reaching safepoint: 2151357 ns, At safepoint: 193541 ns, Total: 2344898 ns
[2020-09-11T13:10:05.085+0000][1][safepoint    ] Safepoint "Cleanup", Time since last: 1010680128 ns, Reaching safepoint: 117689 ns, At safepoint: 6932 ns, Total: 124621 ns
[2020-09-11T13:10:05.748+0000][1][gc,start     ] GC(2) Pause Young (Allocation Failure)
[2020-09-11T13:10:05.748+0000][1][gc,task      ] GC(2) Using 1 workers of 1 for evacuation
[2020-09-11T13:10:05.763+0000][1][gc,age       ] GC(2) Desired survivor size 4358144 bytes, new threshold 6 (max threshold 6)
[2020-09-11T13:10:05.763+0000][1][gc,age       ] GC(2) Age table with threshold 6 (max threshold 6)
[2020-09-11T13:10:05.763+0000][1][gc,age       ] GC(2) - age   1:     433752 bytes,     433752 total
[2020-09-11T13:10:05.763+0000][1][gc,age       ] GC(2) - age   2:    3832424 bytes,    4266176 total
[2020-09-11T13:10:05.763+0000][1][gc,heap      ] GC(2) ParNew: 72395K->7827K(76672K)
[2020-09-11T13:10:05.763+0000][1][gc,heap      ] GC(2) CMS: 6841K->6841K(439104K)
[2020-09-11T13:10:05.763+0000][1][gc,metaspace ] GC(2) Metaspace: 20135K->20135K(1067008K)
[2020-09-11T13:10:05.763+0000][1][gc           ] GC(2) Pause Young (Allocation Failure) 77M->14M(503M) 15.162ms
[2020-09-11T13:10:05.763+0000][1][gc,cpu       ] GC(2) User=0.01s Sys=0.00s Real=0.01s
[2020-09-11T13:10:05.803+0000][1][safepoint    ] Safepoint "GenCollectForAllocation", Time since last: 662040717 ns, Reaching safepoint: 129136 ns, At safepoint: 55584372 ns, Total: 55713508 ns
[2020-09-11T13:10:05.834+0000][1][safepoint    ] Safepoint "RevokeBias", Time since last: 30293624 ns, Reaching safepoint: 103425 ns, At safepoint: 26510 ns, Total: 129935 ns
[2020-09-11T13:10:05.834+0000][1][safepoint    ] Safepoint "RevokeBias", Time since last: 58134 ns, Reaching safepoint: 79699 ns, At safepoint: 16158 ns, Total: 95857 ns
[2020-09-11T13:10:05.834+0000][1][safepoint    ] Safepoint "RevokeBias", Time since last: 133355 ns, Reaching safepoint: 81311 ns, At safepoint: 17352 ns, Total: 98663 ns
[2020-09-11T13:10:05.834+0000][1][safepoint    ] Safepoint "RevokeBias", Time since last: 31599 ns, Reaching safepoint: 77713 ns, At safepoint: 15456 ns, Total: 93169 ns
[2020-09-11T13:10:05.834+0000][1][safepoint    ] Safepoint "RevokeBias", Time since last: 185132 ns, Reaching safepoint: 80915 ns, At safepoint: 20975 ns, Total: 101890 ns
[2020-09-11T13:10:05.834+0000][1][safepoint    ] Safepoint "RevokeBias", Time since last: 30317 ns, Reaching safepoint: 76463 ns, At safepoint: 16465 ns, Total: 92928 ns
[2020-09-11T13:10:05.835+0000][1][safepoint    ] Safepoint "RevokeBias", Time since last: 26668 ns, Reaching safepoint: 77459 ns, At safepoint: 18403 ns, Total: 95862 ns
[2020-09-11T13:10:05.835+0000][1][safepoint    ] Safepoint "RevokeBias", Time since last: 26969 ns, Reaching safepoint: 78688 ns, At safepoint: 16583 ns, Total: 95271 ns
[2020-09-11T13:10:05.841+0000][1][safepoint    ] Safepoint "RevokeBias", Time since last: 27545 ns, Reaching safepoint: 6493971 ns, At safepoint: 39182 ns, Total: 6533153 ns
[2020-09-11T13:10:06.845+0000][1][safepoint    ] Safepoint "Cleanup", Time since last: 1003537325 ns, Reaching safepoint: 123318 ns, At safepoint: 7349 ns, Total: 130667 ns
[2020-09-11T13:10:06.912+0000][1][gc,start     ] GC(3) Pause Young (Allocation Failure)
[2020-09-11T13:10:06.912+0000][1][gc,task      ] GC(3) Using 1 workers of 1 for evacuation
[2020-09-11T13:10:06.973+0000][1][gc,age       ] GC(3) Desired survivor size 4358144 bytes, new threshold 3 (max threshold 6)
[2020-09-11T13:10:06.973+0000][1][gc,age       ] GC(3) Age table with threshold 3 (max threshold 6)
[2020-09-11T13:10:06.973+0000][1][gc,age       ] GC(3) - age   1:    1522208 bytes,    1522208 total
[2020-09-11T13:10:06.973+0000][1][gc,age       ] GC(3) - age   2:     406784 bytes,    1928992 total
[2020-09-11T13:10:06.973+0000][1][gc,age       ] GC(3) - age   3:    3832424 bytes,    5761416 total
[2020-09-11T13:10:06.973+0000][1][gc,heap      ] GC(3) ParNew: 75987K->7612K(76672K)
[2020-09-11T13:10:06.973+0000][1][gc,heap      ] GC(3) CMS: 6841K->6841K(439104K)
[2020-09-11T13:10:06.973+0000][1][gc,metaspace ] GC(3) Metaspace: 20252K->20252K(1067008K)
[2020-09-11T13:10:06.973+0000][1][gc           ] GC(3) Pause Young (Allocation Failure) 80M->14M(503M) 61.853ms
[2020-09-11T13:10:06.973+0000][1][gc,cpu       ] GC(3) User=0.02s Sys=0.00s Real=0.06s
[2020-09-11T13:10:06.975+0000][1][safepoint    ] Safepoint "GenCollectForAllocation", Time since last: 66454374 ns, Reaching safepoint: 102422 ns, At safepoint: 63903548 ns, Total: 64005970 ns
[2020-09-11T13:10:06.998+0000][1][safepoint    ] Safepoint "RevokeBias", Time since last: 17556374 ns, Reaching safepoint: 5373141 ns, At safepoint: 46603 ns, Total: 5419744 ns
[2020-09-11T13:10:06.999+0000][1][safepoint    ] Safepoint "RevokeBias", Time since last: 59647 ns, Reaching safepoint: 82779 ns, At safepoint: 26055 ns, Total: 108834 ns
[2020-09-11T13:10:06.999+0000][1][safepoint    ] Safepoint "RevokeBias", Time since last: 39898 ns, Reaching safepoint: 86224 ns, At safepoint: 26204 ns, Total: 112428 ns
[2020-09-11T13:10:06.999+0000][1][safepoint    ] Safepoint "RevokeBias", Time since last: 31043 ns, Reaching safepoint: 77665 ns, At safepoint: 24111 ns, Total: 101776 ns
[2020-09-11T13:10:06.999+0000][1][safepoint    ] Safepoint "RevokeBias", Time since last: 27454 ns, Reaching safepoint: 78016 ns, At safepoint: 27793 ns, Total: 105809 ns
[2020-09-11T13:10:06.999+0000][1][safepoint    ] Safepoint "RevokeBias", Time since last: 23199 ns, Reaching safepoint: 76793 ns, At safepoint: 23715 ns, Total: 100508 ns
[2020-09-11T13:10:06.999+0000][1][safepoint    ] Safepoint "RevokeBias", Time since last: 27015 ns, Reaching safepoint: 76876 ns, At safepoint: 24067 ns, Total: 100943 ns
[2020-09-11T13:10:06.999+0000][1][safepoint    ] Safepoint "RevokeBias", Time since last: 22669 ns, Reaching safepoint: 77765 ns, At safepoint: 28582 ns, Total: 106347 ns
[2020-09-11T13:10:07.808+0000][1][safepoint    ] Safepoint "CollectForMetadataAllocation", Time since last: 808065026 ns, Reaching safepoint: 120135 ns, At safepoint: 134016 ns, Total: 254151 ns
[2020-09-11T13:10:07.874+0000][1][safepoint    ] Safepoint "RevokeBias", Time since last: 65813128 ns, Reaching safepoint: 108652 ns, At safepoint: 19187 ns, Total: 127839 ns
[2020-09-11T13:10:07.874+0000][1][safepoint    ] Safepoint "RevokeBias", Time since last: 65119 ns, Reaching safepoint: 80700 ns, At safepoint: 10486 ns, Total: 91186 ns
[2020-09-11T13:10:08.020+0000][1][safepoint    ] Safepoint "CollectForMetadataAllocation", Time since last: 145649349 ns, Reaching safepoint: 108859 ns, At safepoint: 117382 ns, Total: 226241 ns
[2020-09-11T13:10:08.186+0000][1][gc,start     ] GC(4) Pause Young (Allocation Failure)
[2020-09-11T13:10:08.186+0000][1][gc,task      ] GC(4) Using 1 workers of 1 for evacuation
[2020-09-11T13:10:08.226+0000][1][gc,age       ] GC(4) Desired survivor size 4358144 bytes, new threshold 6 (max threshold 6)
[2020-09-11T13:10:08.226+0000][1][gc,age       ] GC(4) Age table with threshold 6 (max threshold 6)
[2020-09-11T13:10:08.226+0000][1][gc,age       ] GC(4) - age   1:    1531832 bytes,    1531832 total
[2020-09-11T13:10:08.226+0000][1][gc,age       ] GC(4) - age   2:     320080 bytes,    1851912 total
[2020-09-11T13:10:08.226+0000][1][gc,age       ] GC(4) - age   3:     406688 bytes,    2258600 total
[2020-09-11T13:10:08.226+0000][1][gc,heap      ] GC(4) ParNew: 75772K->4854K(76672K)
[2020-09-11T13:10:08.226+0000][1][gc,heap      ] GC(4) CMS: 6841K->10614K(439104K)
[2020-09-11T13:10:08.226+0000][1][gc,metaspace ] GC(4) Metaspace: 20796K->20796K(1069056K)
[2020-09-11T13:10:08.226+0000][1][gc           ] GC(4) Pause Young (Allocation Failure) 80M->15M(503M) 40.433ms
[2020-09-11T13:10:08.226+0000][1][gc,cpu       ] GC(4) User=0.01s Sys=0.00s Real=0.04s
[2020-09-11T13:10:08.255+0000][1][safepoint    ] Safepoint "GenCollectForAllocation", Time since last: 162518821 ns, Reaching safepoint: 3397695 ns, At safepoint: 69850929 ns, Total: 73248624 ns
[2020-09-11T13:10:08.280+0000][1][gc,start     ] GC(5) Pause Initial Mark
[2020-09-11T13:10:08.282+0000][1][gc           ] GC(5) Pause Initial Mark 20M->20M(503M) 1.963ms
[2020-09-11T13:10:08.282+0000][1][gc,cpu       ] GC(5) User=0.00s Sys=0.00s Real=0.00s
[2020-09-11T13:10:08.282+0000][1][safepoint    ] Safepoint "BulkRevokeBias", Time since last: 24007563 ns, Reaching safepoint: 118726 ns, At safepoint: 2160015 ns, Total: 2278741 ns
[2020-09-11T13:10:08.307+0000][1][gc           ] GC(5) Concurrent Mark
[2020-09-11T13:10:08.335+0000][1][safepoint    ] Safepoint "RevokeBias", Time since last: 41388047 ns, Reaching safepoint: 11418583 ns, At safepoint: 29899 ns, Total: 11448482 ns
[2020-09-11T13:10:08.335+0000][1][safepoint    ] Safepoint "RevokeBias", Time since last: 86837 ns, Reaching safepoint: 775654 ns, At safepoint: 24113 ns, Total: 799767 ns
[2020-09-11T13:10:08.338+0000][1][safepoint    ] Safepoint "RevokeBias", Time since last: 33813 ns, Reaching safepoint: 2469060 ns, At safepoint: 35305 ns, Total: 2504365 ns
[2020-09-11T13:10:08.338+0000][1][safepoint    ] Safepoint "RevokeBias", Time since last: 68424 ns, Reaching safepoint: 350562 ns, At safepoint: 20905 ns, Total: 371467 ns
[2020-09-11T13:10:08.339+0000][1][safepoint    ] Safepoint "RevokeBias", Time since last: 28566 ns, Reaching safepoint: 970892 ns, At safepoint: 26182 ns, Total: 997074 ns
[2020-09-11T13:10:08.398+0000][1][gc           ] GC(5) Concurrent Mark 90.077ms
[2020-09-11T13:10:08.398+0000][1][gc,cpu       ] GC(5) User=0.03s Sys=0.00s Real=0.09s
[2020-09-11T13:10:08.398+0000][1][gc           ] GC(5) Concurrent Preclean
[2020-09-11T13:10:08.398+0000][1][gc           ] GC(5) Concurrent Preclean 0.602ms
[2020-09-11T13:10:08.398+0000][1][gc,cpu       ] GC(5) User=0.00s Sys=0.00s Real=0.00s
[2020-09-11T13:10:08.398+0000][1][gc           ] GC(5) Concurrent Abortable Preclean
[2020-09-11T13:10:08.964+0000][1][safepoint    ] Safepoint "Deoptimize", Time since last: 623992309 ns, Reaching safepoint: 113476 ns, At safepoint: 219585 ns, Total: 333061 ns
[2020-09-11T13:10:09.047+0000][1][safepoint    ] Safepoint "CollectForMetadataAllocation", Time since last: 83449938 ns, Reaching safepoint: 115866 ns, At safepoint: 90223 ns, Total: 206089 ns
[2020-09-11T13:10:09.445+0000][1][safepoint    ] Safepoint "Deoptimize", Time since last: 397028736 ns, Reaching safepoint: 96409 ns, At safepoint: 208737 ns, Total: 305146 ns
[2020-09-11T13:10:09.726+0000][1][gc,start     ] GC(6) Pause Young (Allocation Failure)
[2020-09-11T13:10:09.726+0000][1][gc,task      ] GC(6) Using 1 workers of 1 for evacuation
[2020-09-11T13:10:09.729+0000][1][gc           ] GC(5) Concurrent Abortable Preclean 1330.753ms
[2020-09-11T13:10:09.729+0000][1][gc,cpu       ] GC(5) User=0.32s Sys=0.01s Real=1.33s
[2020-09-11T13:10:09.760+0000][1][gc,age       ] GC(6) Desired survivor size 4358144 bytes, new threshold 6 (max threshold 6)
[2020-09-11T13:10:09.760+0000][1][gc,age       ] GC(6) Age table with threshold 6 (max threshold 6)
[2020-09-11T13:10:09.760+0000][1][gc,age       ] GC(6) - age   1:    2307872 bytes,    2307872 total
[2020-09-11T13:10:09.760+0000][1][gc,age       ] GC(6) - age   2:    1252544 bytes,    3560416 total
[2020-09-11T13:10:09.760+0000][1][gc,age       ] GC(6) - age   3:     320080 bytes,    3880496 total
[2020-09-11T13:10:09.760+0000][1][gc,age       ] GC(6) - age   4:     406688 bytes,    4287184 total
[2020-09-11T13:10:09.760+0000][1][gc,heap      ] GC(6) ParNew: 73014K->6121K(76672K)
[2020-09-11T13:10:09.760+0000][1][gc,heap      ] GC(6) CMS: 10614K->10614K(439104K)
[2020-09-11T13:10:09.760+0000][1][gc,metaspace ] GC(6) Metaspace: 21107K->21107K(1069056K)
[2020-09-11T13:10:09.760+0000][1][gc           ] GC(6) Pause Young (Allocation Failure) 81M->16M(503M) 33.929ms
[2020-09-11T13:10:09.760+0000][1][gc,cpu       ] GC(6) User=0.01s Sys=0.00s Real=0.03s
[2020-09-11T13:10:09.779+0000][1][safepoint    ] Safepoint "GenCollectForAllocation", Time since last: 281011011 ns, Reaching safepoint: 126495 ns, At safepoint: 53541974 ns, Total: 53668469 ns
[2020-09-11T13:10:09.791+0000][1][gc,start     ] GC(5) Pause Remark
[2020-09-11T13:10:09.825+0000][1][gc           ] GC(5) Pause Remark 20M->20M(503M) 33.111ms
[2020-09-11T13:10:09.825+0000][1][gc,cpu       ] GC(5) User=0.00s Sys=0.00s Real=0.04s
[2020-09-11T13:10:09.855+0000][1][safepoint    ] Safepoint "CMS_Final_Remark", Time since last: 11987823 ns, Reaching safepoint: 35174 ns, At safepoint: 63953374 ns, Total: 63988548 ns
[2020-09-11T13:10:09.855+0000][1][gc           ] GC(5) Concurrent Sweep
[2020-09-11T13:10:09.858+0000][1][gc           ] GC(5) Concurrent Sweep 2.659ms
[2020-09-11T13:10:09.858+0000][1][gc,cpu       ] GC(5) User=0.00s Sys=0.00s Real=0.00s
[2020-09-11T13:10:09.858+0000][1][gc           ] GC(5) Concurrent Reset
[2020-09-11T13:10:09.859+0000][1][gc           ] GC(5) Concurrent Reset 0.661ms
[2020-09-11T13:10:09.859+0000][1][gc,cpu       ] GC(5) User=0.00s Sys=0.00s Real=0.00s
[2020-09-11T13:10:09.859+0000][1][gc,heap      ] GC(5) Old: 10614K->10614K(439104K)
[2020-09-11T13:10:09.872+0000][1][safepoint    ] Safepoint "RevokeBias", Time since last: 15355445 ns, Reaching safepoint: 792232 ns, At safepoint: 58876 ns, Total: 851108 ns
[2020-09-11T13:10:09.892+0000][1][safepoint    ] Safepoint "RevokeBias", Time since last: 19868250 ns, Reaching safepoint: 821710 ns, At safepoint: 32383 ns, Total: 854093 ns
[2020-09-11T13:10:09.895+0000][1][safepoint    ] Safepoint "RevokeBias", Time since last: 65804 ns, Reaching safepoint: 3061410 ns, At safepoint: 24160 ns, Total: 3085570 ns
[2020-09-11T13:10:09.896+0000][1][safepoint    ] Safepoint "RevokeBias", Time since last: 46627 ns, Reaching safepoint: 82425 ns, At safepoint: 19125 ns, Total: 101550 ns
[2020-09-11T13:10:09.896+0000][1][safepoint    ] Safepoint "RevokeBias", Time since last: 32674 ns, Reaching safepoint: 239894 ns, At safepoint: 21856 ns, Total: 261750 ns
[2020-09-11T13:10:10.600+0000][1][gc,start     ] GC(7) Pause Young (Allocation Failure)
[2020-09-11T13:10:10.600+0000][1][gc,task      ] GC(7) Using 1 workers of 1 for evacuation
[2020-09-11T13:10:10.638+0000][1][gc,age       ] GC(7) Desired survivor size 4358144 bytes, new threshold 5 (max threshold 6)
[2020-09-11T13:10:10.638+0000][1][gc,age       ] GC(7) Age table with threshold 5 (max threshold 6)
[2020-09-11T13:10:10.638+0000][1][gc,age       ] GC(7) - age   1:     886488 bytes,     886488 total
[2020-09-11T13:10:10.638+0000][1][gc,age       ] GC(7) - age   2:    1525936 bytes,    2412424 total
[2020-09-11T13:10:10.638+0000][1][gc,age       ] GC(7) - age   3:    1252032 bytes,    3664456 total
[2020-09-11T13:10:10.638+0000][1][gc,age       ] GC(7) - age   4:     320080 bytes,    3984536 total
[2020-09-11T13:10:10.638+0000][1][gc,age       ] GC(7) - age   5:     406608 bytes,    4391144 total
[2020-09-11T13:10:10.638+0000][1][gc,heap      ] GC(7) ParNew: 74281K->7300K(76672K)
[2020-09-11T13:10:10.638+0000][1][gc,heap      ] GC(7) CMS: 10614K->10614K(439104K)
[2020-09-11T13:10:10.638+0000][1][gc,metaspace ] GC(7) Metaspace: 21187K->21187K(1069056K)
[2020-09-11T13:10:10.638+0000][1][gc           ] GC(7) Pause Young (Allocation Failure) 82M->17M(503M) 38.771ms
[2020-09-11T13:10:10.638+0000][1][gc,cpu       ] GC(7) User=0.01s Sys=0.00s Real=0.04s
[2020-09-11T13:10:10.659+0000][1][safepoint    ] Safepoint "GenCollectForAllocation", Time since last: 703513920 ns, Reaching safepoint: 126269 ns, At safepoint: 59869334 ns, Total: 59995603 ns
[2020-09-11T13:10:10.673+0000][1][safepoint    ] Safepoint "RevokeBias", Time since last: 13470892 ns, Reaching safepoint: 97339 ns, At safepoint: 36380 ns, Total: 133719 ns
[2020-09-11T13:10:10.684+0000][1][safepoint    ] Safepoint "RevokeBias", Time since last: 45980 ns, Reaching safepoint: 10358002 ns, At safepoint: 52365 ns, Total: 10410367 ns
[2020-09-11T13:10:10.684+0000][1][safepoint    ] Safepoint "RevokeBias", Time since last: 70375 ns, Reaching safepoint: 79394 ns, At safepoint: 28179 ns, Total: 107573 ns
[2020-09-11T13:10:10.684+0000][1][safepoint    ] Safepoint "RevokeBias", Time since last: 32460 ns, Reaching safepoint: 77547 ns, At safepoint: 17196 ns, Total: 94743 ns
[2020-09-11T13:10:11.457+0000][1][gc,start     ] GC(8) Pause Young (Allocation Failure)
[2020-09-11T13:10:11.457+0000][1][gc,task      ] GC(8) Using 1 workers of 1 for evacuation
[2020-09-11T13:10:11.517+0000][1][gc,age       ] GC(8) Desired survivor size 4358144 bytes, new threshold 4 (max threshold 6)
[2020-09-11T13:10:11.517+0000][1][gc,age       ] GC(8) Age table with threshold 4 (max threshold 6)
[2020-09-11T13:10:11.517+0000][1][gc,age       ] GC(8) - age   1:    1671544 bytes,    1671544 total
[2020-09-11T13:10:11.517+0000][1][gc,age       ] GC(8) - age   2:     447760 bytes,    2119304 total
[2020-09-11T13:10:11.517+0000][1][gc,age       ] GC(8) - age   3:    1524000 bytes,    3643304 total
[2020-09-11T13:10:11.517+0000][1][gc,age       ] GC(8) - age   4:    1251376 bytes,    4894680 total
[2020-09-11T13:10:11.517+0000][1][gc,age       ] GC(8) - age   5:     320080 bytes,    5214760 total
[2020-09-11T13:10:11.517+0000][1][gc,heap      ] GC(8) ParNew: 75460K->7561K(76672K)
[2020-09-11T13:10:11.517+0000][1][gc,heap      ] GC(8) CMS: 10614K->11014K(439104K)
[2020-09-11T13:10:11.517+0000][1][gc,metaspace ] GC(8) Metaspace: 21372K->21372K(1069056K)
[2020-09-11T13:10:11.517+0000][1][gc           ] GC(8) Pause Young (Allocation Failure) 84M->18M(503M) 59.934ms
[2020-09-11T13:10:11.517+0000][1][gc,cpu       ] GC(8) User=0.02s Sys=0.00s Real=0.06s
[2020-09-11T13:10:11.530+0000][1][safepoint    ] Safepoint "GenCollectForAllocation", Time since last: 773115826 ns, Reaching safepoint: 105275 ns, At safepoint: 72486690 ns, Total: 72591965 ns
[2020-09-11T13:10:11.563+0000][1][safepoint    ] Safepoint "RevokeBias", Time since last: 22590637 ns, Reaching safepoint: 11322173 ns, At safepoint: 42543 ns, Total: 11364716 ns
[2020-09-11T13:10:11.564+0000][1][safepoint    ] Safepoint "RevokeBias", Time since last: 76184 ns, Reaching safepoint: 79149 ns, At safepoint: 19199 ns, Total: 98348 ns
[2020-09-11T13:10:11.564+0000][1][safepoint    ] Safepoint "RevokeBias", Time since last: 44186 ns, Reaching safepoint: 76782 ns, At safepoint: 18888 ns, Total: 95670 ns
[2020-09-11T13:10:11.564+0000][1][safepoint    ] Safepoint "RevokeBias", Time since last: 27664 ns, Reaching safepoint: 76102 ns, At safepoint: 13236 ns, Total: 89338 ns
[2020-09-11T13:10:12.295+0000][1][gc,start     ] GC(9) Pause Young (Allocation Failure)
[2020-09-11T13:10:12.296+0000][1][gc,task      ] GC(9) Using 1 workers of 1 for evacuation
[2020-09-11T13:10:12.311+0000][1][gc,age       ] GC(9) Desired survivor size 4358144 bytes, new threshold 6 (max threshold 6)
[2020-09-11T13:10:12.311+0000][1][gc,age       ] GC(9) Age table with threshold 6 (max threshold 6)
[2020-09-11T13:10:12.311+0000][1][gc,age       ] GC(9) - age   1:     148576 bytes,     148576 total
[2020-09-11T13:10:12.311+0000][1][gc,age       ] GC(9) - age   2:     829232 bytes,     977808 total
[2020-09-11T13:10:12.311+0000][1][gc,age       ] GC(9) - age   3:     447680 bytes,    1425488 total
[2020-09-11T13:10:12.311+0000][1][gc,age       ] GC(9) - age   4:    1524000 bytes,    2949488 total
[2020-09-11T13:10:12.311+0000][1][gc,heap      ] GC(9) ParNew: 75721K->4449K(76672K)
[2020-09-11T13:10:12.311+0000][1][gc,heap      ] GC(9) CMS: 11014K->12567K(439104K)
[2020-09-11T13:10:12.311+0000][1][gc,metaspace ] GC(9) Metaspace: 21487K->21487K(1069056K)
[2020-09-11T13:10:12.311+0000][1][gc           ] GC(9) Pause Young (Allocation Failure) 84M->16M(503M) 15.841ms
[2020-09-11T13:10:12.311+0000][1][gc,cpu       ] GC(9) User=0.01s Sys=0.00s Real=0.01s
[2020-09-11T13:10:12.339+0000][1][safepoint    ] Safepoint "GenCollectForAllocation", Time since last: 727540244 ns, Reaching safepoint: 4005979 ns, At safepoint: 43981268 ns, Total: 47987247 ns
[2020-09-11T13:10:12.354+0000][1][safepoint    ] Safepoint "RevokeBias", Time since last: 14731055 ns, Reaching safepoint: 248162 ns, At safepoint: 43146 ns, Total: 291308 ns
[2020-09-11T13:10:12.355+0000][1][safepoint    ] Safepoint "RevokeBias", Time since last: 52366 ns, Reaching safepoint: 950358 ns, At safepoint: 38555 ns, Total: 988913 ns
[2020-09-11T13:10:12.358+0000][1][safepoint    ] Safepoint "RevokeBias", Time since last: 36451 ns, Reaching safepoint: 1986448 ns, At safepoint: 38953 ns, Total: 2025401 ns
[2020-09-11T13:10:12.359+0000][1][safepoint    ] Safepoint "RevokeBias", Time since last: 34380 ns, Reaching safepoint: 1838593 ns, At safepoint: 49574 ns, Total: 1888167 ns
[2020-09-11T13:10:12.619+0000][1][safepoint    ] Safepoint "RevokeBias", Time since last: 259242683 ns, Reaching safepoint: 118412 ns, At safepoint: 26274 ns, Total: 144686 ns
[2020-09-11T13:10:12.620+0000][1][safepoint    ] Safepoint "RevokeBias", Time since last: 549363 ns, Reaching safepoint: 81854 ns, At safepoint: 9714 ns, Total: 91568 ns
[2020-09-11T13:10:13.135+0000][1][gc,start     ] GC(10) Pause Young (Allocation Failure)
[2020-09-11T13:10:13.135+0000][1][gc,task      ] GC(10) Using 1 workers of 1 for evacuation
[2020-09-11T13:10:13.160+0000][1][gc,age       ] GC(10) Desired survivor size 4358144 bytes, new threshold 6 (max threshold 6)
[2020-09-11T13:10:13.160+0000][1][gc,age       ] GC(10) Age table with threshold 6 (max threshold 6)
[2020-09-11T13:10:13.160+0000][1][gc,age       ] GC(10) - age   1:     443960 bytes,     443960 total
[2020-09-11T13:10:13.160+0000][1][gc,age       ] GC(10) - age   2:     119992 bytes,     563952 total
[2020-09-11T13:10:13.160+0000][1][gc,age       ] GC(10) - age   3:     829232 bytes,    1393184 total
[2020-09-11T13:10:13.160+0000][1][gc,age       ] GC(10) - age   4:     447656 bytes,    1840840 total
[2020-09-11T13:10:13.160+0000][1][gc,age       ] GC(10) - age   5:    1524000 bytes,    3364840 total
[2020-09-11T13:10:13.160+0000][1][gc,heap      ] GC(10) ParNew: 72609K->6545K(76672K)
[2020-09-11T13:10:13.160+0000][1][gc,heap      ] GC(10) CMS: 12567K->12567K(439104K)
[2020-09-11T13:10:13.160+0000][1][gc,metaspace ] GC(10) Metaspace: 21625K->21625K(1069056K)
[2020-09-11T13:10:13.160+0000][1][gc           ] GC(10) Pause Young (Allocation Failure) 83M->18M(503M) 24.476ms
[2020-09-11T13:10:13.160+0000][1][gc,cpu       ] GC(10) User=0.01s Sys=0.00s Real=0.03s
[2020-09-11T13:10:13.179+0000][1][safepoint    ] Safepoint "GenCollectForAllocation", Time since last: 514435192 ns, Reaching safepoint: 1330023 ns, At safepoint: 44180955 ns, Total: 45510978 ns
[2020-09-11T13:10:13.206+0000][1][safepoint    ] Safepoint "RevokeBias", Time since last: 23904512 ns, Reaching safepoint: 2874821 ns, At safepoint: 44011 ns, Total: 2918832 ns
[2020-09-11T13:10:13.206+0000][1][safepoint    ] Safepoint "RevokeBias", Time since last: 73438 ns, Reaching safepoint: 82548 ns, At safepoint: 28122 ns, Total: 110670 ns
[2020-09-11T13:10:13.207+0000][1][safepoint    ] Safepoint "BulkRevokeBias", Time since last: 43651 ns, Reaching safepoint: 80445 ns, At safepoint: 47210 ns, Total: 127655 ns
[2020-09-11T13:10:13.207+0000][1][safepoint    ] Safepoint "BulkRevokeBias", Time since last: 27650 ns, Reaching safepoint: 80290 ns, At safepoint: 38848 ns, Total: 119138 ns
[2020-09-11T13:10:14.218+0000][1][safepoint    ] Safepoint "Cleanup", Time since last: 1010691907 ns, Reaching safepoint: 112609 ns, At safepoint: 7480 ns, Total: 120089 ns
[2020-09-11T13:10:14.317+0000][1][gc,start     ] GC(11) Pause Young (Allocation Failure)
[2020-09-11T13:10:14.317+0000][1][gc,task      ] GC(11) Using 1 workers of 1 for evacuation
[2020-09-11T13:10:14.388+0000][1][gc,age       ] GC(11) Desired survivor size 4358144 bytes, new threshold 6 (max threshold 6)
[2020-09-11T13:10:14.388+0000][1][gc,age       ] GC(11) Age table with threshold 6 (max threshold 6)
[2020-09-11T13:10:14.388+0000][1][gc,age       ] GC(11) - age   1:    2200640 bytes,    2200640 total
[2020-09-11T13:10:14.388+0000][1][gc,age       ] GC(11) - age   2:     420272 bytes,    2620912 total
[2020-09-11T13:10:14.388+0000][1][gc,age       ] GC(11) - age   3:     119888 bytes,    2740800 total
[2020-09-11T13:10:14.388+0000][1][gc,age       ] GC(11) - age   4:     829232 bytes,    3570032 total
[2020-09-11T13:10:14.388+0000][1][gc,age       ] GC(11) - age   5:     447656 bytes,    4017688 total
[2020-09-11T13:10:14.388+0000][1][gc,age       ] GC(11) - age   6:    1523688 bytes,    5541376 total
[2020-09-11T13:10:14.388+0000][1][gc,heap      ] GC(11) ParNew: 74705K->6151K(76672K)
[2020-09-11T13:10:14.388+0000][1][gc,heap      ] GC(11) CMS: 12567K->12567K(439104K)
[2020-09-11T13:10:14.388+0000][1][gc,metaspace ] GC(11) Metaspace: 22541K->22541K(1071104K)
[2020-09-11T13:10:14.389+0000][1][gc           ] GC(11) Pause Young (Allocation Failure) 85M->18M(503M) 71.405ms
[2020-09-11T13:10:14.389+0000][1][gc,cpu       ] GC(11) User=0.01s Sys=0.00s Real=0.07s
[2020-09-11T13:10:14.411+0000][1][safepoint    ] Safepoint "GenCollectForAllocation", Time since last: 99401160 ns, Reaching safepoint: 99210 ns, At safepoint: 94356790 ns, Total: 94456000 ns
[2020-09-11T13:10:15.046+0000][1][gc,start     ] GC(12) Pause Young (Allocation Failure)
[2020-09-11T13:10:15.046+0000][1][gc,task      ] GC(12) Using 1 workers of 1 for evacuation
[2020-09-11T13:10:15.125+0000][1][gc,age       ] GC(12) Desired survivor size 4358144 bytes, new threshold 6 (max threshold 6)
[2020-09-11T13:10:15.125+0000][1][gc,age       ] GC(12) Age table with threshold 6 (max threshold 6)
[2020-09-11T13:10:15.125+0000][1][gc,age       ] GC(12) - age   1:     682008 bytes,     682008 total
[2020-09-11T13:10:15.125+0000][1][gc,age       ] GC(12) - age   2:     553824 bytes,    1235832 total
[2020-09-11T13:10:15.125+0000][1][gc,age       ] GC(12) - age   3:     420224 bytes,    1656056 total
[2020-09-11T13:10:15.125+0000][1][gc,age       ] GC(12) - age   4:     119784 bytes,    1775840 total
[2020-09-11T13:10:15.125+0000][1][gc,age       ] GC(12) - age   5:     829088 bytes,    2604928 total
[2020-09-11T13:10:15.125+0000][1][gc,age       ] GC(12) - age   6:     447512 bytes,    3052440 total
[2020-09-11T13:10:15.125+0000][1][gc,heap      ] GC(12) ParNew: 74311K->4571K(76672K)
[2020-09-11T13:10:15.125+0000][1][gc,heap      ] GC(12) CMS: 12567K->14067K(439104K)
[2020-09-11T13:10:15.125+0000][1][gc,metaspace ] GC(12) Metaspace: 22564K->22564K(1071104K)
[2020-09-11T13:10:15.125+0000][1][gc           ] GC(12) Pause Young (Allocation Failure) 84M->18M(503M) 79.061ms
[2020-09-11T13:10:15.125+0000][1][gc,cpu       ] GC(12) User=0.02s Sys=0.00s Real=0.08s
[2020-09-11T13:10:15.127+0000][1][safepoint    ] Safepoint "GenCollectForAllocation", Time since last: 634646352 ns, Reaching safepoint: 113366 ns, At safepoint: 81222952 ns, Total: 81336318 ns
[2020-09-11T13:10:15.744+0000][1][gc,start     ] GC(13) Pause Young (Allocation Failure)
[2020-09-11T13:10:15.744+0000][1][gc,task      ] GC(13) Using 1 workers of 1 for evacuation
[2020-09-11T13:10:15.801+0000][1][gc,age       ] GC(13) Desired survivor size 4358144 bytes, new threshold 6 (max threshold 6)
[2020-09-11T13:10:15.801+0000][1][gc,age       ] GC(13) Age table with threshold 6 (max threshold 6)
[2020-09-11T13:10:15.801+0000][1][gc,age       ] GC(13) - age   1:    1904384 bytes,    1904384 total
[2020-09-11T13:10:15.801+0000][1][gc,age       ] GC(13) - age   2:     203352 bytes,    2107736 total
[2020-09-11T13:10:15.801+0000][1][gc,age       ] GC(13) - age   3:     553712 bytes,    2661448 total
[2020-09-11T13:10:15.801+0000][1][gc,age       ] GC(13) - age   4:     420224 bytes,    3081672 total
[2020-09-11T13:10:15.801+0000][1][gc,age       ] GC(13) - age   5:     119784 bytes,    3201456 total
[2020-09-11T13:10:15.801+0000][1][gc,age       ] GC(13) - age   6:     829088 bytes,    4030544 total
[2020-09-11T13:10:15.801+0000][1][gc,heap      ] GC(13) ParNew: 72731K->6756K(76672K)
[2020-09-11T13:10:15.801+0000][1][gc,heap      ] GC(13) CMS: 14067K->14507K(439104K)
[2020-09-11T13:10:15.801+0000][1][gc,metaspace ] GC(13) Metaspace: 22664K->22664K(1071104K)
[2020-09-11T13:10:15.801+0000][1][gc           ] GC(13) Pause Young (Allocation Failure) 84M->20M(503M) 57.494ms
[2020-09-11T13:10:15.801+0000][1][gc,cpu       ] GC(13) User=0.02s Sys=0.00s Real=0.05s
[2020-09-11T13:10:15.815+0000][1][safepoint    ] Safepoint "GenCollectForAllocation", Time since last: 616004040 ns, Reaching safepoint: 109195 ns, At safepoint: 71860670 ns, Total: 71969865 ns
[2020-09-11T13:10:16.540+0000][1][gc,start     ] GC(14) Pause Young (Allocation Failure)
[2020-09-11T13:10:16.540+0000][1][gc,task      ] GC(14) Using 1 workers of 1 for evacuation
[2020-09-11T13:10:16.580+0000][1][gc,age       ] GC(14) Desired survivor size 4358144 bytes, new threshold 6 (max threshold 6)
[2020-09-11T13:10:16.580+0000][1][gc,age       ] GC(14) Age table with threshold 6 (max threshold 6)
[2020-09-11T13:10:16.580+0000][1][gc,age       ] GC(14) - age   1:     800128 bytes,     800128 total
[2020-09-11T13:10:16.580+0000][1][gc,age       ] GC(14) - age   2:     103416 bytes,     903544 total
[2020-09-11T13:10:16.580+0000][1][gc,age       ] GC(14) - age   3:     203352 bytes,    1106896 total
[2020-09-11T13:10:16.580+0000][1][gc,age       ] GC(14) - age   4:     553712 bytes,    1660608 total
[2020-09-11T13:10:16.580+0000][1][gc,age       ] GC(14) - age   5:     420224 bytes,    2080832 total
[2020-09-11T13:10:16.580+0000][1][gc,age       ] GC(14) - age   6:     119784 bytes,    2200616 total
[2020-09-11T13:10:16.580+0000][1][gc,heap      ] GC(14) ParNew: 74916K->2320K(76672K)
[2020-09-11T13:10:16.580+0000][1][gc,heap      ] GC(14) CMS: 14507K->15323K(439104K)
[2020-09-11T13:10:16.580+0000][1][gc,metaspace ] GC(14) Metaspace: 22744K->22744K(1071104K)
[2020-09-11T13:10:16.580+0000][1][gc           ] GC(14) Pause Young (Allocation Failure) 87M->17M(503M) 40.212ms
[2020-09-11T13:10:16.580+0000][1][gc,cpu       ] GC(14) User=0.01s Sys=0.00s Real=0.04s
[2020-09-11T13:10:16.595+0000][1][safepoint    ] Safepoint "GenCollectForAllocation", Time since last: 724041786 ns, Reaching safepoint: 104179 ns, At safepoint: 55802935 ns, Total: 55907114 ns
[2020-09-11T13:10:17.236+0000][1][gc,start     ] GC(15) Pause Young (Allocation Failure)
[2020-09-11T13:10:17.236+0000][1][gc,task      ] GC(15) Using 1 workers of 1 for evacuation
[2020-09-11T13:10:17.267+0000][1][gc,age       ] GC(15) Desired survivor size 4358144 bytes, new threshold 6 (max threshold 6)
[2020-09-11T13:10:17.267+0000][1][gc,age       ] GC(15) Age table with threshold 6 (max threshold 6)
[2020-09-11T13:10:17.267+0000][1][gc,age       ] GC(15) - age   1:     181944 bytes,     181944 total
[2020-09-11T13:10:17.267+0000][1][gc,age       ] GC(15) - age   2:     314664 bytes,     496608 total
[2020-09-11T13:10:17.267+0000][1][gc,age       ] GC(15) - age   3:     103416 bytes,     600024 total
[2020-09-11T13:10:17.267+0000][1][gc,age       ] GC(15) - age   4:     203352 bytes,     803376 total
[2020-09-11T13:10:17.267+0000][1][gc,age       ] GC(15) - age   5:     553712 bytes,    1357088 total
[2020-09-11T13:10:17.267+0000][1][gc,age       ] GC(15) - age   6:     420224 bytes,    1777312 total
[2020-09-11T13:10:17.267+0000][1][gc,heap      ] GC(15) ParNew: 70480K->2191K(76672K)
[2020-09-11T13:10:17.267+0000][1][gc,heap      ] GC(15) CMS: 15323K->15443K(439104K)
[2020-09-11T13:10:17.267+0000][1][gc,metaspace ] GC(15) Metaspace: 22832K->22832K(1071104K)
[2020-09-11T13:10:17.267+0000][1][gc           ] GC(15) Pause Young (Allocation Failure) 83M->17M(503M) 30.862ms
[2020-09-11T13:10:17.267+0000][1][gc,cpu       ] GC(15) User=0.00s Sys=0.00s Real=0.03s
[2020-09-11T13:10:17.275+0000][1][safepoint    ] Safepoint "GenCollectForAllocation", Time since last: 640348285 ns, Reaching safepoint: 106101 ns, At safepoint: 38774586 ns, Total: 38880687 ns
[2020-09-11T13:10:17.856+0000][1][gc,start     ] GC(16) Pause Young (Allocation Failure)
[2020-09-11T13:10:17.857+0000][1][gc,task      ] GC(16) Using 1 workers of 1 for evacuation
[2020-09-11T13:10:17.893+0000][1][gc,age       ] GC(16) Desired survivor size 4358144 bytes, new threshold 6 (max threshold 6)
[2020-09-11T13:10:17.894+0000][1][gc,age       ] GC(16) Age table with threshold 6 (max threshold 6)
[2020-09-11T13:10:17.894+0000][1][gc,age       ] GC(16) - age   1:    1795504 bytes,    1795504 total
[2020-09-11T13:10:17.894+0000][1][gc,age       ] GC(16) - age   2:     163384 bytes,    1958888 total
[2020-09-11T13:10:17.894+0000][1][gc,age       ] GC(16) - age   3:     314664 bytes,    2273552 total
[2020-09-11T13:10:17.894+0000][1][gc,age       ] GC(16) - age   4:     103416 bytes,    2376968 total
[2020-09-11T13:10:17.894+0000][1][gc,age       ] GC(16) - age   5:     203200 bytes,    2580168 total
[2020-09-11T13:10:17.894+0000][1][gc,age       ] GC(16) - age   6:     553712 bytes,    3133880 total
[2020-09-11T13:10:17.894+0000][1][gc,heap      ] GC(16) ParNew: 70351K->3699K(76672K)
[2020-09-11T13:10:17.894+0000][1][gc,heap      ] GC(16) CMS: 15443K->15859K(439104K)
[2020-09-11T13:10:17.894+0000][1][gc,metaspace ] GC(16) Metaspace: 22852K->22852K(1071104K)
[2020-09-11T13:10:17.894+0000][1][gc           ] GC(16) Pause Young (Allocation Failure) 83M->19M(503M) 37.224ms
[2020-09-11T13:10:17.894+0000][1][gc,cpu       ] GC(16) User=0.01s Sys=0.00s Real=0.03s
[2020-09-11T13:10:17.911+0000][1][safepoint    ] Safepoint "GenCollectForAllocation", Time since last: 581677462 ns, Reaching safepoint: 106258 ns, At safepoint: 55073060 ns, Total: 55179318 ns
[2020-09-11T13:10:18.036+0000][1][safepoint    ] Safepoint "Deoptimize", Time since last: 124018063 ns, Reaching safepoint: 119146 ns, At safepoint: 238190 ns, Total: 357336 ns
[2020-09-11T13:10:19.036+0000][1][safepoint    ] Safepoint "Cleanup", Time since last: 1000115969 ns, Reaching safepoint: 120657 ns, At safepoint: 7422 ns, Total: 128079 ns
[2020-09-11T13:10:19.732+0000][1][safepoint    ] Safepoint "RevokeBias", Time since last: 695403199 ns, Reaching safepoint: 246658 ns, At safepoint: 20090 ns, Total: 266748 ns
[2020-09-11T13:10:19.735+0000][1][safepoint    ] Safepoint "RevokeBias", Time since last: 88439 ns, Reaching safepoint: 3603366 ns, At safepoint: 16297 ns, Total: 3619663 ns
[2020-09-11T13:10:20.740+0000][1][safepoint    ] Safepoint "Cleanup", Time since last: 1003985525 ns, Reaching safepoint: 331321 ns, At safepoint: 7727 ns, Total: 339048 ns
[2020-09-11T13:10:21.488+0000][1][safepoint    ] Safepoint "Deoptimize", Time since last: 748034400 ns, Reaching safepoint: 106904 ns, At safepoint: 249519 ns, Total: 356423 ns
[2020-09-11T13:10:22.495+0000][1][safepoint    ] Safepoint "Cleanup", Time since last: 1006412820 ns, Reaching safepoint: 238128 ns, At safepoint: 7395 ns, Total: 245523 ns
[2020-09-11T13:10:23.512+0000][1][safepoint    ] Safepoint "Cleanup", Time since last: 1000117149 ns, Reaching safepoint: 16941149 ns, At safepoint: 8393 ns, Total: 16949542 ns
[2020-09-11T13:10:24.518+0000][1][safepoint    ] Safepoint "Cleanup", Time since last: 1003526504 ns, Reaching safepoint: 2150728 ns, At safepoint: 13633 ns, Total: 2164361 ns
[2020-09-11T13:10:25.440+0000][1][gc,start     ] GC(17) Pause Young (Allocation Failure)
[2020-09-11T13:10:25.440+0000][1][gc,task      ] GC(17) Using 1 workers of 1 for evacuation
[2020-09-11T13:10:25.545+0000][1][gc,age       ] GC(17) Desired survivor size 4358144 bytes, new threshold 1 (max threshold 6)
[2020-09-11T13:10:25.545+0000][1][gc,age       ] GC(17) Age table with threshold 1 (max threshold 6)
[2020-09-11T13:10:25.545+0000][1][gc,age       ] GC(17) - age   1:    7381328 bytes,    7381328 total
[2020-09-11T13:10:25.545+0000][1][gc,age       ] GC(17) - age   2:      98824 bytes,    7480152 total
[2020-09-11T13:10:25.545+0000][1][gc,age       ] GC(17) - age   3:     162952 bytes,    7643104 total
[2020-09-11T13:10:25.545+0000][1][gc,age       ] GC(17) - age   4:     312368 bytes,    7955472 total
[2020-09-11T13:10:25.545+0000][1][gc,age       ] GC(17) - age   5:     103136 bytes,    8058608 total
[2020-09-11T13:10:25.545+0000][1][gc,age       ] GC(17) - age   6:     203200 bytes,    8261808 total
[2020-09-11T13:10:25.545+0000][1][gc,heap      ] GC(17) ParNew: 71859K->8273K(76672K)
[2020-09-11T13:10:25.545+0000][1][gc,heap      ] GC(17) CMS: 15859K->16407K(439104K)
[2020-09-11T13:10:25.545+0000][1][gc,metaspace ] GC(17) Metaspace: 29654K->29654K(1077248K)
[2020-09-11T13:10:25.545+0000][1][gc           ] GC(17) Pause Young (Allocation Failure) 85M->24M(503M) 105.356ms
[2020-09-11T13:10:25.545+0000][1][gc,cpu       ] GC(17) User=0.02s Sys=0.00s Real=0.11s
[2020-09-11T13:10:25.558+0000][1][safepoint    ] Safepoint "GenCollectForAllocation", Time since last: 921863146 ns, Reaching safepoint: 116246 ns, At safepoint: 118167768 ns, Total: 118284014 ns
[2020-09-11T13:10:26.619+0000][1][safepoint    ] Safepoint "Cleanup", Time since last: 1057769070 ns, Reaching safepoint: 3982787 ns, At safepoint: 20352 ns, Total: 4003139 ns
[2020-09-11T13:10:28.631+0000][1][safepoint    ] Safepoint "Cleanup", Time since last: 2007929590 ns, Reaching safepoint: 4023826 ns, At safepoint: 14165 ns, Total: 4037991 ns
[2020-09-11T13:10:29.635+0000][1][safepoint    ] Safepoint "Cleanup", Time since last: 1001460900 ns, Reaching safepoint: 2535301 ns, At safepoint: 12207 ns, Total: 2547508 ns
[2020-09-11T13:10:30.639+0000][1][safepoint    ] Safepoint "Cleanup", Time since last: 1003599263 ns, Reaching safepoint: 367451 ns, At safepoint: 8032 ns, Total: 375483 ns
[2020-09-11T13:10:30.736+0000][1][gc,start     ] GC(18) Pause Young (Allocation Failure)
[2020-09-11T13:10:30.736+0000][1][gc,task      ] GC(18) Using 1 workers of 1 for evacuation
[2020-09-11T13:10:30.972+0000][1][gc,age       ] GC(18) Desired survivor size 4358144 bytes, new threshold 1 (max threshold 6)
[2020-09-11T13:10:30.972+0000][1][gc,age       ] GC(18) Age table with threshold 1 (max threshold 6)
[2020-09-11T13:10:30.972+0000][1][gc,age       ] GC(18) - age   1:    8590856 bytes,    8590856 total
[2020-09-11T13:10:30.972+0000][1][gc,heap      ] GC(18) ParNew: 76433K->8512K(76672K)
[2020-09-11T13:10:30.972+0000][1][gc,heap      ] GC(18) CMS: 16407K->25128K(439104K)
[2020-09-11T13:10:30.972+0000][1][gc,metaspace ] GC(18) Metaspace: 29815K->29815K(1077248K)
[2020-09-11T13:10:30.972+0000][1][gc           ] GC(18) Pause Young (Allocation Failure) 90M->32M(503M) 236.225ms
[2020-09-11T13:10:30.972+0000][1][gc,cpu       ] GC(18) User=0.05s Sys=0.00s Real=0.23s
[2020-09-11T13:10:30.997+0000][1][safepoint    ] Safepoint "GenCollectForAllocation", Time since last: 95996995 ns, Reaching safepoint: 99283 ns, At safepoint: 261402378 ns, Total: 261501661 ns
[2020-09-11T13:10:31.402+0000][1][safepoint    ] Safepoint "RevokeBias", Time since last: 405181843 ns, Reaching safepoint: 108461 ns, At safepoint: 49744 ns, Total: 158205 ns
[2020-09-11T13:10:32.408+0000][1][safepoint    ] Safepoint "Cleanup", Time since last: 1005131560 ns, Reaching safepoint: 122624 ns, At safepoint: 8132 ns, Total: 130756 ns
[2020-09-11T13:10:34.420+0000][1][safepoint    ] Safepoint "Cleanup", Time since last: 2011870554 ns, Reaching safepoint: 705405 ns, At safepoint: 6007 ns, Total: 711412 ns
[2020-09-11T13:10:35.169+0000][1][gc,start     ] GC(19) Pause Young (Allocation Failure)
[2020-09-11T13:10:35.169+0000][1][gc,task      ] GC(19) Using 1 workers of 1 for evacuation
[2020-09-11T13:10:35.477+0000][1][gc,age       ] GC(19) Desired survivor size 4358144 bytes, new threshold 1 (max threshold 6)
[2020-09-11T13:10:35.477+0000][1][gc,age       ] GC(19) Age table with threshold 1 (max threshold 6)
[2020-09-11T13:10:35.477+0000][1][gc,age       ] GC(19) - age   1:    8715992 bytes,    8715992 total
[2020-09-11T13:10:35.477+0000][1][gc,heap      ] GC(19) ParNew: 76672K->8512K(76672K)
[2020-09-11T13:10:35.477+0000][1][gc,heap      ] GC(19) CMS: 25128K->33676K(439104K)
[2020-09-11T13:10:35.477+0000][1][gc,metaspace ] GC(19) Metaspace: 29870K->29870K(1077248K)
[2020-09-11T13:10:35.477+0000][1][gc           ] GC(19) Pause Young (Allocation Failure) 99M->41M(503M) 308.172ms
[2020-09-11T13:10:35.477+0000][1][gc,cpu       ] GC(19) User=0.07s Sys=0.00s Real=0.31s
[2020-09-11T13:10:35.485+0000][1][safepoint    ] Safepoint "GenCollectForAllocation", Time since last: 748906082 ns, Reaching safepoint: 104174 ns, At safepoint: 316051302 ns, Total: 316155476 ns
[2020-09-11T13:10:36.520+0000][1][safepoint    ] Safepoint "Cleanup", Time since last: 1034225732 ns, Reaching safepoint: 313440 ns, At safepoint: 7286 ns, Total: 320726 ns
[2020-09-11T13:10:37.520+0000][1][safepoint    ] Safepoint "Cleanup", Time since last: 1000107485 ns, Reaching safepoint: 536567 ns, At safepoint: 7292 ns, Total: 543859 ns
[2020-09-11T13:10:38.156+0000][1][safepoint    ] Safepoint "RevokeBias", Time since last: 635032884 ns, Reaching safepoint: 121247 ns, At safepoint: 37869 ns, Total: 159116 ns
[2020-09-11T13:10:39.168+0000][1][safepoint    ] Safepoint "Cleanup", Time since last: 1011850908 ns, Reaching safepoint: 110841 ns, At safepoint: 8454 ns, Total: 119295 ns
[2020-09-11T13:10:39.195+0000][1][gc,start     ] GC(20) Pause Young (Allocation Failure)
[2020-09-11T13:10:39.196+0000][1][gc,task      ] GC(20) Using 1 workers of 1 for evacuation
[2020-09-11T13:10:39.321+0000][1][gc,age       ] GC(20) Desired survivor size 4358144 bytes, new threshold 6 (max threshold 6)
[2020-09-11T13:10:39.321+0000][1][gc,age       ] GC(20) Age table with threshold 6 (max threshold 6)
[2020-09-11T13:10:39.321+0000][1][gc,age       ] GC(20) - age   1:    3720752 bytes,    3720752 total
[2020-09-11T13:10:39.321+0000][1][gc,heap      ] GC(20) ParNew: 76672K->8378K(76672K)
[2020-09-11T13:10:39.321+0000][1][gc,heap      ] GC(20) CMS: 33676K->41948K(439104K)
[2020-09-11T13:10:39.321+0000][1][gc,metaspace ] GC(20) Metaspace: 32071K->32071K(1079296K)
[2020-09-11T13:10:39.321+0000][1][gc           ] GC(20) Pause Young (Allocation Failure) 107M->49M(503M) 125.539ms
[2020-09-11T13:10:39.321+0000][1][gc,cpu       ] GC(20) User=0.03s Sys=0.00s Real=0.12s
[2020-09-11T13:10:39.341+0000][1][safepoint    ] Safepoint "GenCollectForAllocation", Time since last: 25162193 ns, Reaching safepoint: 2720505 ns, At safepoint: 145232423 ns, Total: 147952928 ns
[2020-09-11T13:10:39.840+0000][1][safepoint    ] Safepoint "Deoptimize", Time since last: 497278555 ns, Reaching safepoint: 1256975 ns, At safepoint: 341492 ns, Total: 1598467 ns
[2020-09-11T13:10:40.855+0000][1][safepoint    ] Safepoint "Cleanup", Time since last: 1011909379 ns, Reaching safepoint: 3138209 ns, At safepoint: 9067 ns, Total: 3147276 ns
[2020-09-11T13:10:41.861+0000][1][safepoint    ] Safepoint "Cleanup", Time since last: 1000125470 ns, Reaching safepoint: 6714929 ns, At safepoint: 9423 ns, Total: 6724352 ns
[2020-09-11T13:10:42.871+0000][1][safepoint    ] Safepoint "Cleanup", Time since last: 1000148395 ns, Reaching safepoint: 9245368 ns, At safepoint: 10182 ns, Total: 9255550 ns
[2020-09-11T13:10:43.400+0000][1][safepoint    ] Safepoint "Deoptimize", Time since last: 524614793 ns, Reaching safepoint: 3963822 ns, At safepoint: 316850 ns, Total: 4280672 ns
[2020-09-11T13:10:44.353+0000][1][gc,start     ] GC(21) Pause Young (Allocation Failure)
[2020-09-11T13:10:44.353+0000][1][gc,task      ] GC(21) Using 1 workers of 1 for evacuation
[2020-09-11T13:10:44.393+0000][1][gc,age       ] GC(21) Desired survivor size 4358144 bytes, new threshold 2 (max threshold 6)
[2020-09-11T13:10:44.393+0000][1][gc,age       ] GC(21) Age table with threshold 2 (max threshold 6)
[2020-09-11T13:10:44.393+0000][1][gc,age       ] GC(21) - age   1:    1041136 bytes,    1041136 total
[2020-09-11T13:10:44.393+0000][1][gc,age       ] GC(21) - age   2:    3627288 bytes,    4668424 total
[2020-09-11T13:10:44.393+0000][1][gc,heap      ] GC(21) ParNew: 76538K->6914K(76672K)
[2020-09-11T13:10:44.393+0000][1][gc,heap      ] GC(21) CMS: 41948K->41948K(439104K)
[2020-09-11T13:10:44.393+0000][1][gc,metaspace ] GC(21) Metaspace: 32370K->32370K(1079296K)
[2020-09-11T13:10:44.394+0000][1][gc           ] GC(21) Pause Young (Allocation Failure) 115M->47M(503M) 40.509ms
[2020-09-11T13:10:44.394+0000][1][gc,cpu       ] GC(21) User=0.01s Sys=0.00s Real=0.04s
[2020-09-11T13:10:44.419+0000][1][safepoint    ] Safepoint "GenCollectForAllocation", Time since last: 953122046 ns, Reaching safepoint: 115416 ns, At safepoint: 66449644 ns, Total: 66565060 ns
[2020-09-11T13:10:45.432+0000][1][safepoint    ] Safepoint "Cleanup", Time since last: 1012107554 ns, Reaching safepoint: 109373 ns, At safepoint: 6745 ns, Total: 116118 ns
[2020-09-11T13:10:45.445+0000][1][gc,start     ] GC(22) Pause Young (Allocation Failure)
[2020-09-11T13:10:45.445+0000][1][gc,task      ] GC(22) Using 1 workers of 1 for evacuation
[2020-09-11T13:10:45.498+0000][1][gc,age       ] GC(22) Desired survivor size 4358144 bytes, new threshold 6 (max threshold 6)
[2020-09-11T13:10:45.498+0000][1][gc,age       ] GC(22) Age table with threshold 6 (max threshold 6)
[2020-09-11T13:10:45.498+0000][1][gc,age       ] GC(22) - age   1:     249608 bytes,     249608 total
[2020-09-11T13:10:45.498+0000][1][gc,age       ] GC(22) - age   2:     438328 bytes,     687936 total
[2020-09-11T13:10:45.498+0000][1][gc,heap      ] GC(22) ParNew: 75074K->4283K(76672K)
[2020-09-11T13:10:45.498+0000][1][gc,heap      ] GC(22) CMS: 41948K->45507K(439104K)
[2020-09-11T13:10:45.498+0000][1][gc,metaspace ] GC(22) Metaspace: 32384K->32384K(1079296K)
[2020-09-11T13:10:45.498+0000][1][gc           ] GC(22) Pause Young (Allocation Failure) 114M->48M(503M) 53.195ms
[2020-09-11T13:10:45.498+0000][1][gc,cpu       ] GC(22) User=0.01s Sys=0.00s Real=0.05s
[2020-09-11T13:10:45.523+0000][1][safepoint    ] Safepoint "GenCollectForAllocation", Time since last: 11769638 ns, Reaching safepoint: 1104192 ns, At safepoint: 78926419 ns, Total: 80030611 ns
[2020-09-11T13:10:46.104+0000][1][gc,start     ] GC(23) Pause Young (Allocation Failure)
[2020-09-11T13:10:46.104+0000][1][gc,task      ] GC(23) Using 1 workers of 1 for evacuation
[2020-09-11T13:10:46.106+0000][1][gc,age       ] GC(23) Desired survivor size 4358144 bytes, new threshold 6 (max threshold 6)
[2020-09-11T13:10:46.106+0000][1][gc,age       ] GC(23) Age table with threshold 6 (max threshold 6)
[2020-09-11T13:10:46.106+0000][1][gc,age       ] GC(23) - age   1:        192 bytes,        192 total
[2020-09-11T13:10:46.106+0000][1][gc,age       ] GC(23) - age   2:     249416 bytes,     249608 total
[2020-09-11T13:10:46.106+0000][1][gc,age       ] GC(23) - age   3:     438328 bytes,     687936 total
[2020-09-11T13:10:46.106+0000][1][gc,heap      ] GC(23) ParNew: 72443K->1196K(76672K)
[2020-09-11T13:10:46.106+0000][1][gc,heap      ] GC(23) CMS: 45507K->45507K(439104K)
[2020-09-11T13:10:46.106+0000][1][gc,metaspace ] GC(23) Metaspace: 32385K->32385K(1079296K)
[2020-09-11T13:10:46.106+0000][1][gc           ] GC(23) Pause Young (Allocation Failure) 115M->45M(503M) 2.755ms
[2020-09-11T13:10:46.106+0000][1][gc,cpu       ] GC(23) User=0.00s Sys=0.00s Real=0.00s
[2020-09-11T13:10:46.108+0000][1][safepoint    ] Safepoint "GenCollectForAllocation", Time since last: 576212519 ns, Reaching safepoint: 3885303 ns, At safepoint: 3993466 ns, Total: 7878769 ns
[2020-09-11T13:10:46.600+0000][1][gc,start     ] GC(24) Pause Young (Allocation Failure)
[2020-09-11T13:10:46.600+0000][1][gc,task      ] GC(24) Using 1 workers of 1 for evacuation
[2020-09-11T13:10:46.602+0000][1][gc,age       ] GC(24) Desired survivor size 4358144 bytes, new threshold 6 (max threshold 6)
[2020-09-11T13:10:46.602+0000][1][gc,age       ] GC(24) Age table with threshold 6 (max threshold 6)
[2020-09-11T13:10:46.602+0000][1][gc,age       ] GC(24) - age   1:        192 bytes,        192 total
[2020-09-11T13:10:46.602+0000][1][gc,age       ] GC(24) - age   3:     249416 bytes,     249608 total
[2020-09-11T13:10:46.602+0000][1][gc,age       ] GC(24) - age   4:     438328 bytes,     687936 total
[2020-09-11T13:10:46.602+0000][1][gc,heap      ] GC(24) ParNew: 69356K->1102K(76672K)
[2020-09-11T13:10:46.602+0000][1][gc,heap      ] GC(24) CMS: 45507K->45507K(439104K)
[2020-09-11T13:10:46.602+0000][1][gc,metaspace ] GC(24) Metaspace: 32387K->32387K(1079296K)
[2020-09-11T13:10:46.603+0000][1][gc           ] GC(24) Pause Young (Allocation Failure) 112M->45M(503M) 2.713ms
[2020-09-11T13:10:46.603+0000][1][gc,cpu       ] GC(24) User=0.00s Sys=0.00s Real=0.00s
[2020-09-11T13:10:46.615+0000][1][safepoint    ] Safepoint "GenCollectForAllocation", Time since last: 492148837 ns, Reaching safepoint: 103978 ns, At safepoint: 15619672 ns, Total: 15723650 ns
[2020-09-11T13:10:47.059+0000][1][gc,start     ] GC(25) Pause Young (Allocation Failure)
[2020-09-11T13:10:47.059+0000][1][gc,task      ] GC(25) Using 1 workers of 1 for evacuation
[2020-09-11T13:10:47.065+0000][1][gc,age       ] GC(25) Desired survivor size 4358144 bytes, new threshold 6 (max threshold 6)
[2020-09-11T13:10:47.065+0000][1][gc,age       ] GC(25) Age table with threshold 6 (max threshold 6)
[2020-09-11T13:10:47.065+0000][1][gc,age       ] GC(25) - age   1:        200 bytes,        200 total
[2020-09-11T13:10:47.065+0000][1][gc,age       ] GC(25) - age   4:     249416 bytes,     249616 total
[2020-09-11T13:10:47.065+0000][1][gc,age       ] GC(25) - age   5:     438328 bytes,     687944 total
[2020-09-11T13:10:47.065+0000][1][gc,heap      ] GC(25) ParNew: 69262K->1283K(76672K)
[2020-09-11T13:10:47.065+0000][1][gc,heap      ] GC(25) CMS: 45507K->45507K(439104K)
[2020-09-11T13:10:47.065+0000][1][gc,metaspace ] GC(25) Metaspace: 32387K->32387K(1079296K)
[2020-09-11T13:10:47.065+0000][1][gc           ] GC(25) Pause Young (Allocation Failure) 112M->45M(503M) 5.929ms
[2020-09-11T13:10:47.065+0000][1][gc,cpu       ] GC(25) User=0.01s Sys=0.00s Real=0.01s
[2020-09-11T13:10:47.065+0000][1][safepoint    ] Safepoint "GenCollectForAllocation", Time since last: 443700581 ns, Reaching safepoint: 106521 ns, At safepoint: 5998519 ns, Total: 6105040 ns
[2020-09-11T13:10:47.499+0000][1][gc,start     ] GC(26) Pause Young (Allocation Failure)
[2020-09-11T13:10:47.500+0000][1][gc,task      ] GC(26) Using 1 workers of 1 for evacuation
[2020-09-11T13:10:47.502+0000][1][gc,age       ] GC(26) Desired survivor size 4358144 bytes, new threshold 6 (max threshold 6)
[2020-09-11T13:10:47.502+0000][1][gc,age       ] GC(26) Age table with threshold 6 (max threshold 6)
[2020-09-11T13:10:47.502+0000][1][gc,age       ] GC(26) - age   1:        200 bytes,        200 total
[2020-09-11T13:10:47.502+0000][1][gc,age       ] GC(26) - age   5:     249416 bytes,     249616 total
[2020-09-11T13:10:47.502+0000][1][gc,age       ] GC(26) - age   6:     438328 bytes,     687944 total
[2020-09-11T13:10:47.502+0000][1][gc,heap      ] GC(26) ParNew: 69443K->824K(76672K)
[2020-09-11T13:10:47.502+0000][1][gc,heap      ] GC(26) CMS: 45507K->45507K(439104K)
[2020-09-11T13:10:47.502+0000][1][gc,metaspace ] GC(26) Metaspace: 32387K->32387K(1079296K)
[2020-09-11T13:10:47.502+0000][1][gc           ] GC(26) Pause Young (Allocation Failure) 112M->45M(503M) 2.794ms
[2020-09-11T13:10:47.502+0000][1][gc,cpu       ] GC(26) User=0.00s Sys=0.00s Real=0.00s
[2020-09-11T13:10:47.507+0000][1][safepoint    ] Safepoint "GenCollectForAllocation", Time since last: 425201422 ns, Reaching safepoint: 9005621 ns, At safepoint: 8002224 ns, Total: 17007845 ns
[2020-09-11T13:10:47.720+0000][1][gc,start     ] GC(27) Pause Young (Allocation Failure)
[2020-09-11T13:10:47.720+0000][1][gc,task      ] GC(27) Using 1 workers of 1 for evacuation
[2020-09-11T13:10:47.722+0000][1][gc,age       ] GC(27) Desired survivor size 4358144 bytes, new threshold 6 (max threshold 6)
[2020-09-11T13:10:47.722+0000][1][gc,age       ] GC(27) Age table with threshold 6 (max threshold 6)
[2020-09-11T13:10:47.722+0000][1][gc,age       ] GC(27) - age   1:         72 bytes,         72 total
[2020-09-11T13:10:47.722+0000][1][gc,age       ] GC(27) - age   6:     249416 bytes,     249488 total
[2020-09-11T13:10:47.722+0000][1][gc,heap      ] GC(27) ParNew: 68984K->606K(76672K)
[2020-09-11T13:10:47.722+0000][1][gc,heap      ] GC(27) CMS: 45507K->45936K(439104K)
[2020-09-11T13:10:47.722+0000][1][gc,metaspace ] GC(27) Metaspace: 32387K->32387K(1079296K)
[2020-09-11T13:10:47.722+0000][1][gc           ] GC(27) Pause Young (Allocation Failure) 111M->45M(503M) 2.904ms
[2020-09-11T13:10:47.722+0000][1][gc,cpu       ] GC(27) User=0.00s Sys=0.00s Real=0.00s
[2020-09-11T13:10:47.730+0000][1][safepoint    ] Safepoint "GenCollectForAllocation", Time since last: 212005958 ns, Reaching safepoint: 79963 ns, At safepoint: 10157622 ns, Total: 10237585 ns
[2020-09-11T13:10:47.939+0000][1][gc,start     ] GC(28) Pause Young (Allocation Failure)
[2020-09-11T13:10:47.939+0000][1][gc,task      ] GC(28) Using 1 workers of 1 for evacuation
[2020-09-11T13:10:47.942+0000][1][gc,age       ] GC(28) Desired survivor size 4358144 bytes, new threshold 6 (max threshold 6)
[2020-09-11T13:10:47.942+0000][1][gc,age       ] GC(28) Age table with threshold 6 (max threshold 6)
[2020-09-11T13:10:47.942+0000][1][gc,age       ] GC(28) - age   1:        200 bytes,        200 total
[2020-09-11T13:10:47.942+0000][1][gc,heap      ] GC(28) ParNew: 68766K->243K(76672K)
[2020-09-11T13:10:47.942+0000][1][gc,heap      ] GC(28) CMS: 45936K->46180K(439104K)
[2020-09-11T13:10:47.942+0000][1][gc,metaspace ] GC(28) Metaspace: 32387K->32387K(1079296K)
[2020-09-11T13:10:47.942+0000][1][gc           ] GC(28) Pause Young (Allocation Failure) 112M->45M(503M) 2.613ms
[2020-09-11T13:10:47.942+0000][1][gc,cpu       ] GC(28) User=0.00s Sys=0.00s Real=0.00s
[2020-09-11T13:10:47.942+0000][1][safepoint    ] Safepoint "GenCollectForAllocation", Time since last: 209454876 ns, Reaching safepoint: 112633 ns, At safepoint: 2673938 ns, Total: 2786571 ns
[2020-09-11T13:10:48.151+0000][1][gc,start     ] GC(29) Pause Young (Allocation Failure)
[2020-09-11T13:10:48.151+0000][1][gc,task      ] GC(29) Using 1 workers of 1 for evacuation
[2020-09-11T13:10:48.164+0000][1][gc,age       ] GC(29) Desired survivor size 4358144 bytes, new threshold 6 (max threshold 6)
[2020-09-11T13:10:48.164+0000][1][gc,age       ] GC(29) Age table with threshold 6 (max threshold 6)
[2020-09-11T13:10:48.164+0000][1][gc,age       ] GC(29) - age   1:        240 bytes,        240 total
[2020-09-11T13:10:48.164+0000][1][gc,heap      ] GC(29) ParNew: 68403K->60K(76672K)
[2020-09-11T13:10:48.164+0000][1][gc,heap      ] GC(29) CMS: 46180K->46180K(439104K)
[2020-09-11T13:10:48.164+0000][1][gc,metaspace ] GC(29) Metaspace: 32387K->32387K(1079296K)
[2020-09-11T13:10:48.164+0000][1][gc           ] GC(29) Pause Young (Allocation Failure) 111M->45M(503M) 13.091ms
[2020-09-11T13:10:48.164+0000][1][gc,cpu       ] GC(29) User=0.01s Sys=0.00s Real=0.02s
[2020-09-11T13:10:48.164+0000][1][safepoint    ] Safepoint "GenCollectForAllocation", Time since last: 205452173 ns, Reaching safepoint: 3571555 ns, At safepoint: 13153711 ns, Total: 16725266 ns
[2020-09-11T13:10:48.367+0000][1][gc,start     ] GC(30) Pause Young (Allocation Failure)
[2020-09-11T13:10:48.368+0000][1][gc,task      ] GC(30) Using 1 workers of 1 for evacuation
[2020-09-11T13:10:48.370+0000][1][gc,age       ] GC(30) Desired survivor size 4358144 bytes, new threshold 6 (max threshold 6)
[2020-09-11T13:10:48.370+0000][1][gc,age       ] GC(30) Age table with threshold 6 (max threshold 6)
[2020-09-11T13:10:48.370+0000][1][gc,age       ] GC(30) - age   1:        120 bytes,        120 total
[2020-09-11T13:10:48.370+0000][1][gc,heap      ] GC(30) ParNew: 68220K->15K(76672K)
[2020-09-11T13:10:48.370+0000][1][gc,heap      ] GC(30) CMS: 46180K->46180K(439104K)
[2020-09-11T13:10:48.370+0000][1][gc,metaspace ] GC(30) Metaspace: 32387K->32387K(1079296K)
[2020-09-11T13:10:48.370+0000][1][gc           ] GC(30) Pause Young (Allocation Failure) 111M->45M(503M) 2.265ms
[2020-09-11T13:10:48.370+0000][1][gc,cpu       ] GC(30) User=0.01s Sys=0.00s Real=0.00s
[2020-09-11T13:10:48.375+0000][1][safepoint    ] Safepoint "GenCollectForAllocation", Time since last: 199389389 ns, Reaching safepoint: 3963963 ns, At safepoint: 7967457 ns, Total: 11931420 ns
[2020-09-11T13:10:48.585+0000][1][gc,start     ] GC(31) Pause Young (Allocation Failure)
[2020-09-11T13:10:48.585+0000][1][gc,task      ] GC(31) Using 1 workers of 1 for evacuation
[2020-09-11T13:10:48.587+0000][1][gc,age       ] GC(31) Desired survivor size 4358144 bytes, new threshold 6 (max threshold 6)
[2020-09-11T13:10:48.587+0000][1][gc,age       ] GC(31) Age table with threshold 6 (max threshold 6)
[2020-09-11T13:10:48.587+0000][1][gc,age       ] GC(31) - age   1:        120 bytes,        120 total
[2020-09-11T13:10:48.587+0000][1][gc,heap      ] GC(31) ParNew: 68175K->3K(76672K)
[2020-09-11T13:10:48.587+0000][1][gc,heap      ] GC(31) CMS: 46180K->46180K(439104K)
[2020-09-11T13:10:48.587+0000][1][gc,metaspace ] GC(31) Metaspace: 32387K->32387K(1079296K)
[2020-09-11T13:10:48.587+0000][1][gc           ] GC(31) Pause Young (Allocation Failure) 111M->45M(503M) 2.210ms
[2020-09-11T13:10:48.587+0000][1][gc,cpu       ] GC(31) User=0.01s Sys=0.00s Real=0.00s
[2020-09-11T13:10:48.587+0000][1][safepoint    ] Safepoint "GenCollectForAllocation", Time since last: 209420244 ns, Reaching safepoint: 101550 ns, At safepoint: 2486476 ns, Total: 2588026 ns
[2020-09-11T13:10:48.808+0000][1][gc,start     ] GC(32) Pause Young (Allocation Failure)
[2020-09-11T13:10:48.808+0000][1][gc,task      ] GC(32) Using 1 workers of 1 for evacuation
[2020-09-11T13:10:48.810+0000][1][gc,age       ] GC(32) Desired survivor size 4358144 bytes, new threshold 6 (max threshold 6)
[2020-09-11T13:10:48.810+0000][1][gc,age       ] GC(32) Age table with threshold 6 (max threshold 6)
[2020-09-11T13:10:48.810+0000][1][gc,age       ] GC(32) - age   1:        440 bytes,        440 total
[2020-09-11T13:10:48.810+0000][1][gc,heap      ] GC(32) ParNew: 68163K->2K(76672K)
[2020-09-11T13:10:48.810+0000][1][gc,heap      ] GC(32) CMS: 46180K->46180K(439104K)
[2020-09-11T13:10:48.810+0000][1][gc,metaspace ] GC(32) Metaspace: 32387K->32387K(1079296K)
[2020-09-11T13:10:48.810+0000][1][gc           ] GC(32) Pause Young (Allocation Failure) 111M->45M(503M) 2.287ms
[2020-09-11T13:10:48.810+0000][1][gc,cpu       ] GC(32) User=0.00s Sys=0.00s Real=0.00s
[2020-09-11T13:10:48.810+0000][1][safepoint    ] Safepoint "GenCollectForAllocation", Time since last: 220022072 ns, Reaching safepoint: 110019 ns, At safepoint: 2345970 ns, Total: 2455989 ns
[2020-09-11T13:10:49.023+0000][1][gc,start     ] GC(33) Pause Young (Allocation Failure)
[2020-09-11T13:10:49.024+0000][1][gc,task      ] GC(33) Using 1 workers of 1 for evacuation
[2020-09-11T13:10:49.026+0000][1][gc,age       ] GC(33) Desired survivor size 4358144 bytes, new threshold 6 (max threshold 6)
[2020-09-11T13:10:49.026+0000][1][gc,age       ] GC(33) Age table with threshold 6 (max threshold 6)
[2020-09-11T13:10:49.026+0000][1][gc,age       ] GC(33) - age   1:        200 bytes,        200 total
[2020-09-11T13:10:49.026+0000][1][gc,age       ] GC(33) - age   2:        208 bytes,        408 total
[2020-09-11T13:10:49.026+0000][1][gc,heap      ] GC(33) ParNew: 68162K->2K(76672K)
[2020-09-11T13:10:49.026+0000][1][gc,heap      ] GC(33) CMS: 46180K->46180K(439104K)
[2020-09-11T13:10:49.026+0000][1][gc,metaspace ] GC(33) Metaspace: 32387K->32387K(1079296K)
[2020-09-11T13:10:49.026+0000][1][gc           ] GC(33) Pause Young (Allocation Failure) 111M->45M(503M) 2.254ms
[2020-09-11T13:10:49.026+0000][1][gc,cpu       ] GC(33) User=0.00s Sys=0.00s Real=0.00s
[2020-09-11T13:10:49.029+0000][1][safepoint    ] Safepoint "GenCollectForAllocation", Time since last: 209526482 ns, Reaching safepoint: 4015885 ns, At safepoint: 5559640 ns, Total: 9575525 ns
[2020-09-11T13:10:50.036+0000][1][safepoint    ] Safepoint "Cleanup", Time since last: 1006440348 ns, Reaching safepoint: 115198 ns, At safepoint: 6822 ns, Total: 122020 ns
[2020-09-11T13:10:52.054+0000][1][safepoint    ] Safepoint "Cleanup", Time since last: 2017993916 ns, Reaching safepoint: 788776 ns, At safepoint: 7712 ns, Total: 796488 ns
[2020-09-11T13:10:53.077+0000][1][safepoint    ] Safepoint "Cleanup", Time since last: 1009073237 ns, Reaching safepoint: 13091835 ns, At safepoint: 11505 ns, Total: 13103340 ns
[2020-09-11T13:10:53.187+0000][1][gc,start     ] GC(34) Pause Young (Allocation Failure)
[2020-09-11T13:10:53.188+0000][1][gc,task      ] GC(34) Using 1 workers of 1 for evacuation
[2020-09-11T13:10:53.191+0000][1][gc,age       ] GC(34) Desired survivor size 4358144 bytes, new threshold 6 (max threshold 6)
[2020-09-11T13:10:53.191+0000][1][gc,age       ] GC(34) Age table with threshold 6 (max threshold 6)
[2020-09-11T13:10:53.191+0000][1][gc,age       ] GC(34) - age   1:     277656 bytes,     277656 total
[2020-09-11T13:10:53.191+0000][1][gc,age       ] GC(34) - age   3:        208 bytes,     277864 total
[2020-09-11T13:10:53.191+0000][1][gc,heap      ] GC(34) ParNew: 68162K->272K(76672K)
[2020-09-11T13:10:53.191+0000][1][gc,heap      ] GC(34) CMS: 46180K->46180K(439104K)
[2020-09-11T13:10:53.191+0000][1][gc,metaspace ] GC(34) Metaspace: 32408K->32408K(1079296K)
[2020-09-11T13:10:53.191+0000][1][gc           ] GC(34) Pause Young (Allocation Failure) 111M->45M(503M) 3.239ms
[2020-09-11T13:10:53.191+0000][1][gc,cpu       ] GC(34) User=0.00s Sys=0.00s Real=0.00s
[2020-09-11T13:10:53.219+0000][1][safepoint    ] Safepoint "GenCollectForAllocation", Time since last: 107836977 ns, Reaching safepoint: 3082031 ns, At safepoint: 31992111 ns, Total: 35074142 ns
[2020-09-11T13:10:54.581+0000][1][gc,start     ] GC(35) Pause Young (Allocation Failure)
[2020-09-11T13:10:54.581+0000][1][gc,task      ] GC(35) Using 1 workers of 1 for evacuation
[2020-09-11T13:10:54.583+0000][1][gc,age       ] GC(35) Desired survivor size 4358144 bytes, new threshold 6 (max threshold 6)
[2020-09-11T13:10:54.583+0000][1][gc,age       ] GC(35) Age table with threshold 6 (max threshold 6)
[2020-09-11T13:10:54.583+0000][1][gc,age       ] GC(35) - age   1:     511512 bytes,     511512 total
[2020-09-11T13:10:54.583+0000][1][gc,age       ] GC(35) - age   2:     183520 bytes,     695032 total
[2020-09-11T13:10:54.583+0000][1][gc,age       ] GC(35) - age   4:        208 bytes,     695240 total
[2020-09-11T13:10:54.583+0000][1][gc,heap      ] GC(35) ParNew: 68432K->681K(76672K)
[2020-09-11T13:10:54.583+0000][1][gc,heap      ] GC(35) CMS: 46180K->46180K(439104K)
[2020-09-11T13:10:54.583+0000][1][gc,metaspace ] GC(35) Metaspace: 32408K->32408K(1079296K)
[2020-09-11T13:10:54.583+0000][1][gc           ] GC(35) Pause Young (Allocation Failure) 111M->45M(503M) 2.652ms
[2020-09-11T13:10:54.583+0000][1][gc,cpu       ] GC(35) User=0.01s Sys=0.00s Real=0.00s
[2020-09-11T13:10:54.599+0000][1][safepoint    ] Safepoint "GenCollectForAllocation", Time since last: 1361038897 ns, Reaching safepoint: 97100 ns, At safepoint: 18841754 ns, Total: 18938854 ns
[2020-09-11T13:10:55.908+0000][1][safepoint    ] Safepoint "RevokeBias", Time since last: 1295092400 ns, Reaching safepoint: 12940155 ns, At safepoint: 43971 ns, Total: 12984126 ns
[2020-09-11T13:10:55.908+0000][1][safepoint    ] Safepoint "RevokeBias", Time since last: 76027 ns, Reaching safepoint: 79956 ns, At safepoint: 23932 ns, Total: 103888 ns
[2020-09-11T13:10:55.908+0000][1][safepoint    ] Safepoint "RevokeBias", Time since last: 30463 ns, Reaching safepoint: 78049 ns, At safepoint: 23104 ns, Total: 101153 ns
[2020-09-11T13:10:55.908+0000][1][safepoint    ] Safepoint "BulkRevokeBias", Time since last: 29006 ns, Reaching safepoint: 76941 ns, At safepoint: 39308 ns, Total: 116249 ns
[2020-09-11T13:10:55.908+0000][1][safepoint    ] Safepoint "RevokeBias", Time since last: 224346 ns, Reaching safepoint: 89933 ns, At safepoint: 18124 ns, Total: 108057 ns
[2020-09-11T13:10:56.240+0000][1][gc,start     ] GC(36) Pause Young (Allocation Failure)
[2020-09-11T13:10:56.240+0000][1][gc,task      ] GC(36) Using 1 workers of 1 for evacuation
[2020-09-11T13:10:56.242+0000][1][gc,age       ] GC(36) Desired survivor size 4358144 bytes, new threshold 6 (max threshold 6)
[2020-09-11T13:10:56.242+0000][1][gc,age       ] GC(36) Age table with threshold 6 (max threshold 6)
[2020-09-11T13:10:56.242+0000][1][gc,age       ] GC(36) - age   1:     641736 bytes,     641736 total
[2020-09-11T13:10:56.242+0000][1][gc,age       ] GC(36) - age   2:     339856 bytes,     981592 total
[2020-09-11T13:10:56.242+0000][1][gc,age       ] GC(36) - age   3:     182800 bytes,    1164392 total
[2020-09-11T13:10:56.242+0000][1][gc,age       ] GC(36) - age   5:        208 bytes,    1164600 total
[2020-09-11T13:10:56.242+0000][1][gc,heap      ] GC(36) ParNew: 68841K->1138K(76672K)
[2020-09-11T13:10:56.242+0000][1][gc,heap      ] GC(36) CMS: 46180K->46180K(439104K)
[2020-09-11T13:10:56.242+0000][1][gc,metaspace ] GC(36) Metaspace: 32410K->32410K(1079296K)
[2020-09-11T13:10:56.242+0000][1][gc           ] GC(36) Pause Young (Allocation Failure) 112M->46M(503M) 2.695ms
[2020-09-11T13:10:56.242+0000][1][gc,cpu       ] GC(36) User=0.01s Sys=0.00s Real=0.00s
[2020-09-11T13:10:56.251+0000][1][safepoint    ] Safepoint "GenCollectForAllocation", Time since last: 331186042 ns, Reaching safepoint: 98776 ns, At safepoint: 11850335 ns, Total: 11949111 ns
[2020-09-11T13:10:57.468+0000][1][safepoint    ] Safepoint "Cleanup", Time since last: 1215982517 ns, Reaching safepoint: 199199 ns, At safepoint: 9337 ns, Total: 208536 ns
[2020-09-11T13:10:57.479+0000][1][gc,start     ] GC(37) Pause Young (Allocation Failure)
[2020-09-11T13:10:57.480+0000][1][gc,task      ] GC(37) Using 1 workers of 1 for evacuation
[2020-09-11T13:10:57.482+0000][1][gc,age       ] GC(37) Desired survivor size 4358144 bytes, new threshold 6 (max threshold 6)
[2020-09-11T13:10:57.482+0000][1][gc,age       ] GC(37) Age table with threshold 6 (max threshold 6)
[2020-09-11T13:10:57.482+0000][1][gc,age       ] GC(37) - age   1:     621360 bytes,     621360 total
[2020-09-11T13:10:57.482+0000][1][gc,age       ] GC(37) - age   2:     301848 bytes,     923208 total
[2020-09-11T13:10:57.482+0000][1][gc,age       ] GC(37) - age   3:     339672 bytes,    1262880 total
[2020-09-11T13:10:57.482+0000][1][gc,age       ] GC(37) - age   4:     182496 bytes,    1445376 total
[2020-09-11T13:10:57.482+0000][1][gc,age       ] GC(37) - age   6:        208 bytes,    1445584 total
[2020-09-11T13:10:57.482+0000][1][gc,heap      ] GC(37) ParNew: 69298K->1470K(76672K)
[2020-09-11T13:10:57.482+0000][1][gc,heap      ] GC(37) CMS: 46180K->46180K(439104K)
[2020-09-11T13:10:57.482+0000][1][gc,metaspace ] GC(37) Metaspace: 32410K->32410K(1079296K)
[2020-09-11T13:10:57.482+0000][1][gc           ] GC(37) Pause Young (Allocation Failure) 112M->46M(503M) 2.764ms
[2020-09-11T13:10:57.482+0000][1][gc,cpu       ] GC(37) User=0.00s Sys=0.00s Real=0.00s
[2020-09-11T13:10:57.487+0000][1][safepoint    ] Safepoint "GenCollectForAllocation", Time since last: 2773839 ns, Reaching safepoint: 9062294 ns, At safepoint: 7985731 ns, Total: 17048025 ns
[2020-09-11T13:10:58.684+0000][1][gc,start     ] GC(38) Pause Young (Allocation Failure)
[2020-09-11T13:10:58.684+0000][1][gc,task      ] GC(38) Using 1 workers of 1 for evacuation
[2020-09-11T13:10:58.688+0000][1][gc,age       ] GC(38) Desired survivor size 4358144 bytes, new threshold 6 (max threshold 6)
[2020-09-11T13:10:58.688+0000][1][gc,age       ] GC(38) Age table with threshold 6 (max threshold 6)
[2020-09-11T13:10:58.688+0000][1][gc,age       ] GC(38) - age   1:     968144 bytes,     968144 total
[2020-09-11T13:10:58.688+0000][1][gc,age       ] GC(38) - age   2:     264672 bytes,    1232816 total
[2020-09-11T13:10:58.688+0000][1][gc,age       ] GC(38) - age   3:     297824 bytes,    1530640 total
[2020-09-11T13:10:58.688+0000][1][gc,age       ] GC(38) - age   4:     339592 bytes,    1870232 total
[2020-09-11T13:10:58.688+0000][1][gc,age       ] GC(38) - age   5:     182392 bytes,    2052624 total
[2020-09-11T13:10:58.688+0000][1][gc,heap      ] GC(38) ParNew: 69630K->2018K(76672K)
[2020-09-11T13:10:58.688+0000][1][gc,heap      ] GC(38) CMS: 46180K->46180K(439104K)
[2020-09-11T13:10:58.688+0000][1][gc,metaspace ] GC(38) Metaspace: 32410K->32410K(1079296K)
[2020-09-11T13:10:58.688+0000][1][gc           ] GC(38) Pause Young (Allocation Failure) 113M->47M(503M) 4.859ms
[2020-09-11T13:10:58.688+0000][1][gc,cpu       ] GC(38) User=0.01s Sys=0.00s Real=0.00s
[2020-09-11T13:10:58.688+0000][1][safepoint    ] Safepoint "GenCollectForAllocation", Time since last: 1196004882 ns, Reaching safepoint: 103999 ns, At safepoint: 4916056 ns, Total: 5020055 ns
[2020-09-11T13:10:59.648+0000][1][gc,start     ] GC(39) Pause Young (Allocation Failure)
[2020-09-11T13:10:59.648+0000][1][gc,task      ] GC(39) Using 1 workers of 1 for evacuation
[2020-09-11T13:10:59.651+0000][1][gc,age       ] GC(39) Desired survivor size 4358144 bytes, new threshold 6 (max threshold 6)
[2020-09-11T13:10:59.651+0000][1][gc,age       ] GC(39) Age table with threshold 6 (max threshold 6)
[2020-09-11T13:10:59.651+0000][1][gc,age       ] GC(39) - age   1:     311600 bytes,     311600 total
[2020-09-11T13:10:59.651+0000][1][gc,age       ] GC(39) - age   2:     955424 bytes,    1267024 total
[2020-09-11T13:10:59.651+0000][1][gc,age       ] GC(39) - age   3:     263416 bytes,    1530440 total
[2020-09-11T13:10:59.651+0000][1][gc,age       ] GC(39) - age   4:     297336 bytes,    1827776 total
[2020-09-11T13:10:59.651+0000][1][gc,age       ] GC(39) - age   5:     339256 bytes,    2167032 total
[2020-09-11T13:10:59.651+0000][1][gc,age       ] GC(39) - age   6:     182352 bytes,    2349384 total
[2020-09-11T13:10:59.651+0000][1][gc,heap      ] GC(39) ParNew: 70178K->2367K(76672K)
[2020-09-11T13:10:59.651+0000][1][gc,heap      ] GC(39) CMS: 46180K->46180K(439104K)
[2020-09-11T13:10:59.651+0000][1][gc,metaspace ] GC(39) Metaspace: 32410K->32410K(1079296K)
[2020-09-11T13:10:59.651+0000][1][gc           ] GC(39) Pause Young (Allocation Failure) 113M->47M(503M) 2.962ms
[2020-09-11T13:10:59.651+0000][1][gc,cpu       ] GC(39) User=0.01s Sys=0.00s Real=0.00s
[2020-09-11T13:10:59.675+0000][1][safepoint    ] Safepoint "GenCollectForAllocation", Time since last: 959694855 ns, Reaching safepoint: 95866 ns, At safepoint: 27205287 ns, Total: 27301153 ns
[2020-09-11T13:11:00.661+0000][1][gc,start     ] GC(40) Pause Young (Allocation Failure)
[2020-09-11T13:11:00.661+0000][1][gc,task      ] GC(40) Using 1 workers of 1 for evacuation
[2020-09-11T13:11:00.676+0000][1][gc,age       ] GC(40) Desired survivor size 4358144 bytes, new threshold 6 (max threshold 6)
[2020-09-11T13:11:00.676+0000][1][gc,age       ] GC(40) Age table with threshold 6 (max threshold 6)
[2020-09-11T13:11:00.676+0000][1][gc,age       ] GC(40) - age   1:     347464 bytes,     347464 total
[2020-09-11T13:11:00.676+0000][1][gc,age       ] GC(40) - age   2:     301344 bytes,     648808 total
[2020-09-11T13:11:00.676+0000][1][gc,age       ] GC(40) - age   3:     955072 bytes,    1603880 total
[2020-09-11T13:11:00.676+0000][1][gc,age       ] GC(40) - age   4:     263232 bytes,    1867112 total
[2020-09-11T13:11:00.676+0000][1][gc,age       ] GC(40) - age   5:     297216 bytes,    2164328 total
[2020-09-11T13:11:00.676+0000][1][gc,age       ] GC(40) - age   6:     339256 bytes,    2503584 total
[2020-09-11T13:11:00.676+0000][1][gc,heap      ] GC(40) ParNew: 70527K->2455K(76672K)
[2020-09-11T13:11:00.676+0000][1][gc,heap      ] GC(40) CMS: 46180K->46355K(439104K)
[2020-09-11T13:11:00.676+0000][1][gc,metaspace ] GC(40) Metaspace: 32413K->32413K(1079296K)
[2020-09-11T13:11:00.676+0000][1][gc           ] GC(40) Pause Young (Allocation Failure) 113M->47M(503M) 15.001ms
[2020-09-11T13:11:00.676+0000][1][gc,cpu       ] GC(40) User=0.00s Sys=0.00s Real=0.02s
[2020-09-11T13:11:00.677+0000][1][safepoint    ] Safepoint "GenCollectForAllocation", Time since last: 985099907 ns, Reaching safepoint: 105005 ns, At safepoint: 16179390 ns, Total: 16284395 ns
[2020-09-11T13:11:01.006+0000][1][gc,start     ] GC(41) Pause Young (Allocation Failure)
[2020-09-11T13:11:01.006+0000][1][gc,task      ] GC(41) Using 1 workers of 1 for evacuation
[2020-09-11T13:11:01.015+0000][1][gc,age       ] GC(41) Desired survivor size 4358144 bytes, new threshold 6 (max threshold 6)
[2020-09-11T13:11:01.015+0000][1][gc,age       ] GC(41) Age table with threshold 6 (max threshold 6)
[2020-09-11T13:11:01.015+0000][1][gc,age       ] GC(41) - age   1:        408 bytes,        408 total
[2020-09-11T13:11:01.015+0000][1][gc,age       ] GC(41) - age   2:     347304 bytes,     347712 total
[2020-09-11T13:11:01.015+0000][1][gc,age       ] GC(41) - age   3:     301344 bytes,     649056 total
[2020-09-11T13:11:01.015+0000][1][gc,age       ] GC(41) - age   4:     955072 bytes,    1604128 total
[2020-09-11T13:11:01.015+0000][1][gc,age       ] GC(41) - age   5:     263232 bytes,    1867360 total
[2020-09-11T13:11:01.015+0000][1][gc,age       ] GC(41) - age   6:     297216 bytes,    2164576 total
[2020-09-11T13:11:01.015+0000][1][gc,heap      ] GC(41) ParNew: 70615K->2164K(76672K)
[2020-09-11T13:11:01.015+0000][1][gc,heap      ] GC(41) CMS: 46355K->46687K(439104K)
[2020-09-11T13:11:01.015+0000][1][gc,metaspace ] GC(41) Metaspace: 32413K->32413K(1079296K)
[2020-09-11T13:11:01.015+0000][1][gc           ] GC(41) Pause Young (Allocation Failure) 114M->47M(503M) 9.302ms
[2020-09-11T13:11:01.015+0000][1][gc,cpu       ] GC(41) User=0.01s Sys=0.00s Real=0.00s
[2020-09-11T13:11:01.015+0000][1][safepoint    ] Safepoint "GenCollectForAllocation", Time since last: 327975574 ns, Reaching safepoint: 1040416 ns, At safepoint: 9368023 ns, Total: 10408439 ns
[2020-09-11T13:11:01.232+0000][1][gc,start     ] GC(42) Pause Young (Allocation Failure)
[2020-09-11T13:11:01.232+0000][1][gc,task      ] GC(42) Using 1 workers of 1 for evacuation
[2020-09-11T13:11:01.237+0000][1][gc,age       ] GC(42) Desired survivor size 4358144 bytes, new threshold 6 (max threshold 6)
[2020-09-11T13:11:01.237+0000][1][gc,age       ] GC(42) Age table with threshold 6 (max threshold 6)
[2020-09-11T13:11:01.237+0000][1][gc,age       ] GC(42) - age   1:        176 bytes,        176 total
[2020-09-11T13:11:01.237+0000][1][gc,age       ] GC(42) - age   2:        160 bytes,        336 total
[2020-09-11T13:11:01.237+0000][1][gc,age       ] GC(42) - age   3:     347304 bytes,     347640 total
[2020-09-11T13:11:01.237+0000][1][gc,age       ] GC(42) - age   4:     301344 bytes,     648984 total
[2020-09-11T13:11:01.237+0000][1][gc,age       ] GC(42) - age   5:     955072 bytes,    1604056 total
[2020-09-11T13:11:01.237+0000][1][gc,age       ] GC(42) - age   6:     263232 bytes,    1867288 total
[2020-09-11T13:11:01.237+0000][1][gc,heap      ] GC(42) ParNew: 70324K->1839K(76672K)
[2020-09-11T13:11:01.237+0000][1][gc,heap      ] GC(42) CMS: 46687K->46977K(439104K)
[2020-09-11T13:11:01.237+0000][1][gc,metaspace ] GC(42) Metaspace: 32413K->32413K(1079296K)
[2020-09-11T13:11:01.237+0000][1][gc           ] GC(42) Pause Young (Allocation Failure) 114M->47M(503M) 5.671ms
[2020-09-11T13:11:01.237+0000][1][gc,cpu       ] GC(42) User=0.00s Sys=0.00s Real=0.01s
[2020-09-11T13:11:01.239+0000][1][safepoint    ] Safepoint "GenCollectForAllocation", Time since last: 211534880 ns, Reaching safepoint: 4765186 ns, At safepoint: 7889514 ns, Total: 12654700 ns
[2020-09-11T13:11:01.447+0000][1][gc,start     ] GC(43) Pause Young (Allocation Failure)
[2020-09-11T13:11:01.448+0000][1][gc,task      ] GC(43) Using 1 workers of 1 for evacuation
[2020-09-11T13:11:01.450+0000][1][gc,age       ] GC(43) Desired survivor size 4358144 bytes, new threshold 6 (max threshold 6)
[2020-09-11T13:11:01.450+0000][1][gc,age       ] GC(43) Age table with threshold 6 (max threshold 6)
[2020-09-11T13:11:01.450+0000][1][gc,age       ] GC(43) - age   1:        160 bytes,        160 total
[2020-09-11T13:11:01.450+0000][1][gc,age       ] GC(43) - age   3:        160 bytes,        320 total
[2020-09-11T13:11:01.450+0000][1][gc,age       ] GC(43) - age   4:     347304 bytes,     347624 total
[2020-09-11T13:11:01.450+0000][1][gc,age       ] GC(43) - age   5:     301344 bytes,     648968 total
[2020-09-11T13:11:01.450+0000][1][gc,age       ] GC(43) - age   6:     955072 bytes,    1604040 total
[2020-09-11T13:11:01.450+0000][1][gc,heap      ] GC(43) ParNew: 69999K->1581K(76672K)
[2020-09-11T13:11:01.450+0000][1][gc,heap      ] GC(43) CMS: 46977K->47234K(439104K)
[2020-09-11T13:11:01.450+0000][1][gc,metaspace ] GC(43) Metaspace: 32413K->32413K(1079296K)
[2020-09-11T13:11:01.450+0000][1][gc           ] GC(43) Pause Young (Allocation Failure) 114M->47M(503M) 2.736ms
[2020-09-11T13:11:01.450+0000][1][gc,cpu       ] GC(43) User=0.00s Sys=0.00s Real=0.00s
[2020-09-11T13:11:01.450+0000][1][safepoint    ] Safepoint "GenCollectForAllocation", Time since last: 200009090 ns, Reaching safepoint: 8006653 ns, At safepoint: 2806625 ns, Total: 10813278 ns
[2020-09-11T13:11:01.663+0000][1][gc,start     ] GC(44) Pause Young (Allocation Failure)
[2020-09-11T13:11:01.663+0000][1][gc,task      ] GC(44) Using 1 workers of 1 for evacuation
[2020-09-11T13:11:01.666+0000][1][gc,age       ] GC(44) Desired survivor size 4358144 bytes, new threshold 6 (max threshold 6)
[2020-09-11T13:11:01.666+0000][1][gc,age       ] GC(44) Age table with threshold 6 (max threshold 6)
[2020-09-11T13:11:01.666+0000][1][gc,age       ] GC(44) - age   1:        208 bytes,        208 total
[2020-09-11T13:11:01.666+0000][1][gc,age       ] GC(44) - age   4:        160 bytes,        368 total
[2020-09-11T13:11:01.666+0000][1][gc,age       ] GC(44) - age   5:     347304 bytes,     347672 total
[2020-09-11T13:11:01.666+0000][1][gc,age       ] GC(44) - age   6:     301344 bytes,     649016 total
[2020-09-11T13:11:01.666+0000][1][gc,heap      ] GC(44) ParNew: 69741K->1013K(76672K)
[2020-09-11T13:11:01.666+0000][1][gc,heap      ] GC(44) CMS: 47234K->48167K(439104K)
[2020-09-11T13:11:01.666+0000][1][gc,metaspace ] GC(44) Metaspace: 32413K->32413K(1079296K)
[2020-09-11T13:11:01.666+0000][1][gc           ] GC(44) Pause Young (Allocation Failure) 114M->48M(503M) 2.818ms
[2020-09-11T13:11:01.666+0000][1][gc,cpu       ] GC(44) User=0.00s Sys=0.00s Real=0.00s
[2020-09-11T13:11:01.666+0000][1][safepoint    ] Safepoint "GenCollectForAllocation", Time since last: 210643568 ns, Reaching safepoint: 2538055 ns, At safepoint: 2886064 ns, Total: 5424119 ns
[2020-09-11T13:11:01.896+0000][1][gc,start     ] GC(45) Pause Young (Allocation Failure)
[2020-09-11T13:11:01.896+0000][1][gc,task      ] GC(45) Using 1 workers of 1 for evacuation
[2020-09-11T13:11:01.898+0000][1][gc,age       ] GC(45) Desired survivor size 4358144 bytes, new threshold 6 (max threshold 6)
[2020-09-11T13:11:01.898+0000][1][gc,age       ] GC(45) Age table with threshold 6 (max threshold 6)
[2020-09-11T13:11:01.898+0000][1][gc,age       ] GC(45) - age   1:         48 bytes,         48 total
[2020-09-11T13:11:01.898+0000][1][gc,age       ] GC(45) - age   5:        160 bytes,        208 total
[2020-09-11T13:11:01.898+0000][1][gc,age       ] GC(45) - age   6:     347304 bytes,     347512 total
[2020-09-11T13:11:01.898+0000][1][gc,heap      ] GC(45) ParNew: 69173K->499K(76672K)
[2020-09-11T13:11:01.898+0000][1][gc,heap      ] GC(45) CMS: 48167K->48461K(439104K)
[2020-09-11T13:11:01.898+0000][1][gc,metaspace ] GC(45) Metaspace: 32413K->32413K(1079296K)
[2020-09-11T13:11:01.898+0000][1][gc           ] GC(45) Pause Young (Allocation Failure) 114M->47M(503M) 2.535ms
[2020-09-11T13:11:01.898+0000][1][gc,cpu       ] GC(45) User=0.00s Sys=0.00s Real=0.00s
[2020-09-11T13:11:01.907+0000][1][safepoint    ] Safepoint "GenCollectForAllocation", Time since last: 229120609 ns, Reaching safepoint: 113506 ns, At safepoint: 11920435 ns, Total: 12033941 ns
[2020-09-11T13:11:02.119+0000][1][gc,start     ] GC(46) Pause Young (Allocation Failure)
[2020-09-11T13:11:02.120+0000][1][gc,task      ] GC(46) Using 1 workers of 1 for evacuation
[2020-09-11T13:11:02.122+0000][1][gc,age       ] GC(46) Desired survivor size 4358144 bytes, new threshold 6 (max threshold 6)
[2020-09-11T13:11:02.122+0000][1][gc,age       ] GC(46) Age table with threshold 6 (max threshold 6)
[2020-09-11T13:11:02.122+0000][1][gc,age       ] GC(46) - age   1:        208 bytes,        208 total
[2020-09-11T13:11:02.122+0000][1][gc,age       ] GC(46) - age   6:        160 bytes,        368 total
[2020-09-11T13:11:02.122+0000][1][gc,heap      ] GC(46) ParNew: 68659K->379K(76672K)
[2020-09-11T13:11:02.122+0000][1][gc,heap      ] GC(46) CMS: 48461K->48801K(439104K)
[2020-09-11T13:11:02.122+0000][1][gc,metaspace ] GC(46) Metaspace: 32413K->32413K(1079296K)
[2020-09-11T13:11:02.122+0000][1][gc           ] GC(46) Pause Young (Allocation Failure) 114M->48M(503M) 2.508ms
[2020-09-11T13:11:02.122+0000][1][gc,cpu       ] GC(46) User=0.00s Sys=0.00s Real=0.00s
[2020-09-11T13:11:02.134+0000][1][safepoint    ] Safepoint "GenCollectForAllocation", Time since last: 210522937 ns, Reaching safepoint: 1457125 ns, At safepoint: 14065663 ns, Total: 15522788 ns
[2020-09-11T13:11:02.343+0000][1][gc,start     ] GC(47) Pause Young (Allocation Failure)
[2020-09-11T13:11:02.344+0000][1][gc,task      ] GC(47) Using 1 workers of 1 for evacuation
[2020-09-11T13:11:02.346+0000][1][gc,age       ] GC(47) Desired survivor size 4358144 bytes, new threshold 6 (max threshold 6)
[2020-09-11T13:11:02.346+0000][1][gc,age       ] GC(47) Age table with threshold 6 (max threshold 6)
[2020-09-11T13:11:02.346+0000][1][gc,age       ] GC(47) - age   1:         80 bytes,         80 total
[2020-09-11T13:11:02.346+0000][1][gc,heap      ] GC(47) ParNew: 68539K->94K(76672K)
[2020-09-11T13:11:02.346+0000][1][gc,heap      ] GC(47) CMS: 48801K->48801K(439104K)
[2020-09-11T13:11:02.346+0000][1][gc,metaspace ] GC(47) Metaspace: 32413K->32413K(1079296K)
[2020-09-11T13:11:02.346+0000][1][gc           ] GC(47) Pause Young (Allocation Failure) 114M->47M(503M) 2.564ms
[2020-09-11T13:11:02.346+0000][1][gc,cpu       ] GC(47) User=0.00s Sys=0.00s Real=0.00s
[2020-09-11T13:11:02.351+0000][1][safepoint    ] Safepoint "GenCollectForAllocation", Time since last: 205929586 ns, Reaching safepoint: 4037837 ns, At safepoint: 7972770 ns, Total: 12010607 ns
[2020-09-11T13:11:02.563+0000][1][gc,start     ] GC(48) Pause Young (Allocation Failure)
[2020-09-11T13:11:02.564+0000][1][gc,task      ] GC(48) Using 1 workers of 1 for evacuation
[2020-09-11T13:11:02.566+0000][1][gc,age       ] GC(48) Desired survivor size 4358144 bytes, new threshold 6 (max threshold 6)
[2020-09-11T13:11:02.566+0000][1][gc,age       ] GC(48) Age table with threshold 6 (max threshold 6)
[2020-09-11T13:11:02.566+0000][1][gc,age       ] GC(48) - age   1:        200 bytes,        200 total
[2020-09-11T13:11:02.566+0000][1][gc,heap      ] GC(48) ParNew: 68254K->23K(76672K)
[2020-09-11T13:11:02.566+0000][1][gc,heap      ] GC(48) CMS: 48801K->48801K(439104K)
[2020-09-11T13:11:02.566+0000][1][gc,metaspace ] GC(48) Metaspace: 32413K->32413K(1079296K)
[2020-09-11T13:11:02.566+0000][1][gc           ] GC(48) Pause Young (Allocation Failure) 114M->47M(503M) 2.576ms
[2020-09-11T13:11:02.566+0000][1][gc,cpu       ] GC(48) User=0.00s Sys=0.00s Real=0.00s
[2020-09-11T13:11:02.566+0000][1][safepoint    ] Safepoint "GenCollectForAllocation", Time since last: 208027756 ns, Reaching safepoint: 3982975 ns, At safepoint: 2639385 ns, Total: 6622360 ns
[2020-09-11T13:11:02.783+0000][1][gc,start     ] GC(49) Pause Young (Allocation Failure)
[2020-09-11T13:11:02.784+0000][1][gc,task      ] GC(49) Using 1 workers of 1 for evacuation
[2020-09-11T13:11:02.796+0000][1][gc,age       ] GC(49) Desired survivor size 4358144 bytes, new threshold 6 (max threshold 6)
[2020-09-11T13:11:02.796+0000][1][gc,age       ] GC(49) Age table with threshold 6 (max threshold 6)
[2020-09-11T13:11:02.796+0000][1][gc,age       ] GC(49) - age   1:        160 bytes,        160 total
[2020-09-11T13:11:02.796+0000][1][gc,heap      ] GC(49) ParNew: 68183K->5K(76672K)
[2020-09-11T13:11:02.796+0000][1][gc,heap      ] GC(49) CMS: 48801K->48801K(439104K)
[2020-09-11T13:11:02.796+0000][1][gc,metaspace ] GC(49) Metaspace: 32413K->32413K(1079296K)
[2020-09-11T13:11:02.796+0000][1][gc           ] GC(49) Pause Young (Allocation Failure) 114M->47M(503M) 12.780ms
[2020-09-11T13:11:02.796+0000][1][gc,cpu       ] GC(49) User=0.01s Sys=0.00s Real=0.01s
[2020-09-11T13:11:02.796+0000][1][safepoint    ] Safepoint "GenCollectForAllocation", Time since last: 216053656 ns, Reaching safepoint: 1274975 ns, At safepoint: 12851814 ns, Total: 14126789 ns
[2020-09-11T13:11:03.799+0000][1][safepoint    ] Safepoint "Cleanup", Time since last: 1000093062 ns, Reaching safepoint: 3102261 ns, At safepoint: 14418 ns, Total: 3116679 ns
[2020-09-11T13:11:04.808+0000][1][safepoint    ] Safepoint "Cleanup", Time since last: 1007957854 ns, Reaching safepoint: 107354 ns, At safepoint: 6090 ns, Total: 113444 ns
[2020-09-11T13:11:05.064+0000][1][gc,start     ] GC(50) Pause Young (Allocation Failure)
[2020-09-11T13:11:05.064+0000][1][gc,task      ] GC(50) Using 1 workers of 1 for evacuation
[2020-09-11T13:11:05.066+0000][1][gc,age       ] GC(50) Desired survivor size 4358144 bytes, new threshold 6 (max threshold 6)
[2020-09-11T13:11:05.066+0000][1][gc,age       ] GC(50) Age table with threshold 6 (max threshold 6)
[2020-09-11T13:11:05.066+0000][1][gc,age       ] GC(50) - age   1:     133904 bytes,     133904 total
[2020-09-11T13:11:05.066+0000][1][gc,heap      ] GC(50) ParNew: 68165K->131K(76672K)
[2020-09-11T13:11:05.066+0000][1][gc,heap      ] GC(50) CMS: 48801K->48801K(439104K)
[2020-09-11T13:11:05.066+0000][1][gc,metaspace ] GC(50) Metaspace: 32415K->32415K(1079296K)
[2020-09-11T13:11:05.066+0000][1][gc           ] GC(50) Pause Young (Allocation Failure) 114M->47M(503M) 2.739ms
[2020-09-11T13:11:05.066+0000][1][gc,cpu       ] GC(50) User=0.01s Sys=0.00s Real=0.00s
[2020-09-11T13:11:05.075+0000][1][safepoint    ] Safepoint "GenCollectForAllocation", Time since last: 255870021 ns, Reaching safepoint: 114838 ns, At safepoint: 11888493 ns, Total: 12003331 ns
[2020-09-11T13:11:05.942+0000][1][gc,start     ] GC(51) Pause Young (Allocation Failure)
[2020-09-11T13:11:05.942+0000][1][gc,task      ] GC(51) Using 1 workers of 1 for evacuation
[2020-09-11T13:11:05.946+0000][1][gc,age       ] GC(51) Desired survivor size 4358144 bytes, new threshold 6 (max threshold 6)
[2020-09-11T13:11:05.947+0000][1][gc,age       ] GC(51) Age table with threshold 6 (max threshold 6)
[2020-09-11T13:11:05.947+0000][1][gc,age       ] GC(51) - age   1:     545664 bytes,     545664 total
[2020-09-11T13:11:05.947+0000][1][gc,age       ] GC(51) - age   2:      83624 bytes,     629288 total
[2020-09-11T13:11:05.947+0000][1][gc,heap      ] GC(51) ParNew: 68291K->636K(76672K)
[2020-09-11T13:11:05.947+0000][1][gc,heap      ] GC(51) CMS: 48801K->48801K(439104K)
[2020-09-11T13:11:05.947+0000][1][gc,metaspace ] GC(51) Metaspace: 32415K->32415K(1079296K)
[2020-09-11T13:11:05.947+0000][1][gc           ] GC(51) Pause Young (Allocation Failure) 114M->48M(503M) 4.764ms
[2020-09-11T13:11:05.947+0000][1][gc,cpu       ] GC(51) User=0.01s Sys=0.00s Real=0.01s
[2020-09-11T13:11:05.955+0000][1][safepoint    ] Safepoint "GenCollectForAllocation", Time since last: 865198722 ns, Reaching safepoint: 1230339 ns, At safepoint: 13561941 ns, Total: 14792280 ns
[2020-09-11T13:11:06.518+0000][1][gc,start     ] GC(52) Pause Young (Allocation Failure)
[2020-09-11T13:11:06.518+0000][1][gc,task      ] GC(52) Using 1 workers of 1 for evacuation
[2020-09-11T13:11:06.531+0000][1][gc,age       ] GC(52) Desired survivor size 4358144 bytes, new threshold 6 (max threshold 6)
[2020-09-11T13:11:06.532+0000][1][gc,age       ] GC(52) Age table with threshold 6 (max threshold 6)
[2020-09-11T13:11:06.532+0000][1][gc,age       ] GC(52) - age   1:     643832 bytes,     643832 total
[2020-09-11T13:11:06.532+0000][1][gc,age       ] GC(52) - age   2:     375024 bytes,    1018856 total
[2020-09-11T13:11:06.532+0000][1][gc,age       ] GC(52) - age   3:      83000 bytes,    1101856 total
[2020-09-11T13:11:06.532+0000][1][gc,heap      ] GC(52) ParNew: 68796K->1089K(76672K)
[2020-09-11T13:11:06.532+0000][1][gc,heap      ] GC(52) CMS: 48801K->48801K(439104K)
[2020-09-11T13:11:06.532+0000][1][gc,metaspace ] GC(52) Metaspace: 32415K->32415K(1079296K)
[2020-09-11T13:11:06.532+0000][1][gc           ] GC(52) Pause Young (Allocation Failure) 114M->48M(503M) 13.971ms
[2020-09-11T13:11:06.532+0000][1][gc,cpu       ] GC(52) User=0.00s Sys=0.00s Real=0.01s
[2020-09-11T13:11:06.532+0000][1][safepoint    ] Safepoint "GenCollectForAllocation", Time since last: 559993399 ns, Reaching safepoint: 2187585 ns, At safepoint: 14028797 ns, Total: 16216382 ns
[2020-09-11T13:11:06.969+0000][1][gc,start     ] GC(53) Pause Young (Allocation Failure)
[2020-09-11T13:11:06.969+0000][1][gc,task      ] GC(53) Using 1 workers of 1 for evacuation
[2020-09-11T13:11:06.982+0000][1][gc,age       ] GC(53) Desired survivor size 4358144 bytes, new threshold 6 (max threshold 6)
[2020-09-11T13:11:06.982+0000][1][gc,age       ] GC(53) Age table with threshold 6 (max threshold 6)
[2020-09-11T13:11:06.982+0000][1][gc,age       ] GC(53) - age   1:     311000 bytes,     311000 total
[2020-09-11T13:11:06.982+0000][1][gc,age       ] GC(53) - age   2:     629648 bytes,     940648 total
[2020-09-11T13:11:06.982+0000][1][gc,age       ] GC(53) - age   3:     374288 bytes,    1314936 total
[2020-09-11T13:11:06.982+0000][1][gc,age       ] GC(53) - age   4:      82360 bytes,    1397296 total
[2020-09-11T13:11:06.982+0000][1][gc,heap      ] GC(53) ParNew: 69249K->1430K(76672K)
[2020-09-11T13:11:06.982+0000][1][gc,heap      ] GC(53) CMS: 48801K->48801K(439104K)
[2020-09-11T13:11:06.982+0000][1][gc,metaspace ] GC(53) Metaspace: 32415K->32415K(1079296K)
[2020-09-11T13:11:06.982+0000][1][gc           ] GC(53) Pause Young (Allocation Failure) 115M->49M(503M) 13.230ms
[2020-09-11T13:11:06.982+0000][1][gc,cpu       ] GC(53) User=0.00s Sys=0.00s Real=0.01s
[2020-09-11T13:11:06.982+0000][1][safepoint    ] Safepoint "GenCollectForAllocation", Time since last: 431790407 ns, Reaching safepoint: 5089035 ns, At safepoint: 13293122 ns, Total: 18382157 ns
[2020-09-11T13:11:07.523+0000][1][gc,start     ] GC(54) Pause Young (Allocation Failure)
[2020-09-11T13:11:07.524+0000][1][gc,task      ] GC(54) Using 1 workers of 1 for evacuation
[2020-09-11T13:11:07.526+0000][1][gc,age       ] GC(54) Desired survivor size 4358144 bytes, new threshold 6 (max threshold 6)
[2020-09-11T13:11:07.527+0000][1][gc,age       ] GC(54) Age table with threshold 6 (max threshold 6)
[2020-09-11T13:11:07.527+0000][1][gc,age       ] GC(54) - age   1:     963952 bytes,     963952 total
[2020-09-11T13:11:07.527+0000][1][gc,age       ] GC(54) - age   2:     299440 bytes,    1263392 total
[2020-09-11T13:11:07.527+0000][1][gc,age       ] GC(54) - age   3:     300960 bytes,    1564352 total
[2020-09-11T13:11:07.527+0000][1][gc,age       ] GC(54) - age   4:     374288 bytes,    1938640 total
[2020-09-11T13:11:07.527+0000][1][gc,age       ] GC(54) - age   5:      82200 bytes,    2020840 total
[2020-09-11T13:11:07.527+0000][1][gc,heap      ] GC(54) ParNew: 69590K->2057K(76672K)
[2020-09-11T13:11:07.527+0000][1][gc,heap      ] GC(54) CMS: 48801K->48801K(439104K)
[2020-09-11T13:11:07.527+0000][1][gc,metaspace ] GC(54) Metaspace: 32415K->32415K(1079296K)
[2020-09-11T13:11:07.527+0000][1][gc           ] GC(54) Pause Young (Allocation Failure) 115M->49M(503M) 3.149ms
[2020-09-11T13:11:07.527+0000][1][gc,cpu       ] GC(54) User=0.00s Sys=0.00s Real=0.00s
[2020-09-11T13:11:07.535+0000][1][safepoint    ] Safepoint "GenCollectForAllocation", Time since last: 538430598 ns, Reaching safepoint: 3223253 ns, At safepoint: 11583819 ns, Total: 14807072 ns
[2020-09-11T13:11:07.941+0000][1][gc,start     ] GC(55) Pause Young (Allocation Failure)
[2020-09-11T13:11:07.941+0000][1][gc,task      ] GC(55) Using 1 workers of 1 for evacuation
[2020-09-11T13:11:07.957+0000][1][gc,age       ] GC(55) Desired survivor size 4358144 bytes, new threshold 6 (max threshold 6)
[2020-09-11T13:11:07.957+0000][1][gc,age       ] GC(55) Age table with threshold 6 (max threshold 6)
[2020-09-11T13:11:07.957+0000][1][gc,age       ] GC(55) - age   1:     313616 bytes,     313616 total
[2020-09-11T13:11:07.957+0000][1][gc,age       ] GC(55) - age   2:     952336 bytes,    1265952 total
[2020-09-11T13:11:07.957+0000][1][gc,age       ] GC(55) - age   3:     298208 bytes,    1564160 total
[2020-09-11T13:11:07.957+0000][1][gc,age       ] GC(55) - age   4:     297424 bytes,    1861584 total
[2020-09-11T13:11:07.957+0000][1][gc,age       ] GC(55) - age   5:     374032 bytes,    2235616 total
[2020-09-11T13:11:07.957+0000][1][gc,age       ] GC(55) - age   6:      82176 bytes,    2317792 total
[2020-09-11T13:11:07.957+0000][1][gc,heap      ] GC(55) ParNew: 70217K->2458K(76672K)
[2020-09-11T13:11:07.957+0000][1][gc,heap      ] GC(55) CMS: 48801K->48801K(439104K)
[2020-09-11T13:11:07.957+0000][1][gc,metaspace ] GC(55) Metaspace: 32415K->32415K(1079296K)
[2020-09-11T13:11:07.957+0000][1][gc           ] GC(55) Pause Young (Allocation Failure) 116M->50M(503M) 15.419ms
[2020-09-11T13:11:07.957+0000][1][gc,cpu       ] GC(55) User=0.00s Sys=0.00s Real=0.02s
[2020-09-11T13:11:07.957+0000][1][safepoint    ] Safepoint "GenCollectForAllocation", Time since last: 404382967 ns, Reaching safepoint: 1830057 ns, At safepoint: 15478175 ns, Total: 17308232 ns
[2020-09-11T13:11:08.968+0000][1][safepoint    ] Safepoint "Cleanup", Time since last: 1010678257 ns, Reaching safepoint: 197497 ns, At safepoint: 7557 ns, Total: 205054 ns
[2020-09-11T13:11:09.261+0000][1][safepoint    ] Safepoint "Deoptimize", Time since last: 292557756 ns, Reaching safepoint: 110250 ns, At safepoint: 317215 ns, Total: 427465 ns
[2020-09-11T13:11:09.752+0000][1][safepoint    ] Safepoint "CollectForMetadataAllocation", Time since last: 491057838 ns, Reaching safepoint: 111602 ns, At safepoint: 115948 ns, Total: 227550 ns
[2020-09-11T13:11:09.877+0000][1][safepoint    ] Safepoint "CollectForMetadataAllocation", Time since last: 125302593 ns, Reaching safepoint: 95282 ns, At safepoint: 118464 ns, Total: 213746 ns
[2020-09-11T13:11:09.963+0000][1][gc,start     ] GC(56) Pause Initial Mark
[2020-09-11T13:11:10.116+0000][1][gc           ] GC(56) Pause Initial Mark 110M->110M(503M) 152.258ms
[2020-09-11T13:11:10.116+0000][1][gc,cpu       ] GC(56) User=0.04s Sys=0.00s Real=0.15s
[2020-09-11T13:11:10.131+0000][1][safepoint    ] Safepoint "CMS_Initial_Mark", Time since last: 85969050 ns, Reaching safepoint: 74610 ns, At safepoint: 167957911 ns, Total: 168032521 ns
[2020-09-11T13:11:10.131+0000][1][gc           ] GC(56) Concurrent Mark
[2020-09-11T13:11:10.224+0000][1][safepoint    ] Safepoint "CollectForMetadataAllocation", Time since last: 92762574 ns, Reaching safepoint: 46291 ns, At safepoint: 93469 ns, Total: 139760 ns
[2020-09-11T13:11:10.456+0000][1][safepoint    ] Safepoint "CollectForMetadataAllocation", Time since last: 208179088 ns, Reaching safepoint: 22966134 ns, At safepoint: 139132 ns, Total: 23105266 ns
[2020-09-11T13:11:10.636+0000][1][gc           ] GC(56) Concurrent Mark 504.467ms
[2020-09-11T13:11:10.636+0000][1][gc,cpu       ] GC(56) User=0.12s Sys=0.01s Real=0.51s
[2020-09-11T13:11:10.636+0000][1][safepoint    ] Safepoint "CollectForMetadataAllocation", Time since last: 163830473 ns, Reaching safepoint: 16618369 ns, At safepoint: 128068 ns, Total: 16746437 ns
[2020-09-11T13:11:10.653+0000][1][gc           ] GC(56) Concurrent Preclean
[2020-09-11T13:11:10.660+0000][1][gc           ] GC(56) Concurrent Preclean 7.370ms
[2020-09-11T13:11:10.660+0000][1][gc,cpu       ] GC(56) User=0.00s Sys=0.00s Real=0.01s
[2020-09-11T13:11:10.660+0000][1][gc           ] GC(56) Concurrent Abortable Preclean
[2020-09-11T13:11:10.815+0000][1][safepoint    ] Safepoint "CollectForMetadataAllocation", Time since last: 178443107 ns, Reaching safepoint: 96560 ns, At safepoint: 117819 ns, Total: 214379 ns
[2020-09-11T13:11:10.891+0000][1][gc,start     ] GC(57) Pause Young (Allocation Failure)
[2020-09-11T13:11:10.891+0000][1][gc,task      ] GC(57) Using 1 workers of 1 for evacuation
[2020-09-11T13:11:10.916+0000][1][gc           ] GC(56) Concurrent Abortable Preclean 256.166ms
[2020-09-11T13:11:10.916+0000][1][gc,cpu       ] GC(56) User=0.06s Sys=0.00s Real=0.26s
[2020-09-11T13:11:10.931+0000][1][gc,age       ] GC(57) Desired survivor size 4358144 bytes, new threshold 6 (max threshold 6)
[2020-09-11T13:11:10.931+0000][1][gc,age       ] GC(57) Age table with threshold 6 (max threshold 6)
[2020-09-11T13:11:10.931+0000][1][gc,age       ] GC(57) - age   1:    1488728 bytes,    1488728 total
[2020-09-11T13:11:10.931+0000][1][gc,age       ] GC(57) - age   2:     301760 bytes,    1790488 total
[2020-09-11T13:11:10.931+0000][1][gc,age       ] GC(57) - age   3:     951640 bytes,    2742128 total
[2020-09-11T13:11:10.931+0000][1][gc,age       ] GC(57) - age   4:     297792 bytes,    3039920 total
[2020-09-11T13:11:10.931+0000][1][gc,age       ] GC(57) - age   5:     297304 bytes,    3337224 total
[2020-09-11T13:11:10.931+0000][1][gc,age       ] GC(57) - age   6:     374032 bytes,    3711256 total
[2020-09-11T13:11:10.931+0000][1][gc,heap      ] GC(57) ParNew: 70618K->3727K(76672K)
[2020-09-11T13:11:10.931+0000][1][gc,heap      ] GC(57) CMS: 48801K->48878K(439104K)
[2020-09-11T13:11:10.931+0000][1][gc,metaspace ] GC(57) Metaspace: 36182K->36182K(1083392K)
[2020-09-11T13:11:10.931+0000][1][gc           ] GC(57) Pause Young (Allocation Failure) 116M->51M(503M) 40.349ms
[2020-09-11T13:11:10.931+0000][1][gc,cpu       ] GC(57) User=0.01s Sys=0.00s Real=0.04s
[2020-09-11T13:11:10.951+0000][1][safepoint    ] Safepoint "GenCollectForAllocation", Time since last: 75797147 ns, Reaching safepoint: 117073 ns, At safepoint: 60683474 ns, Total: 60800547 ns
[2020-09-11T13:11:10.972+0000][1][gc,start     ] GC(56) Pause Remark
[2020-09-11T13:11:11.008+0000][1][gc           ] GC(56) Pause Remark 55M->55M(503M) 36.729ms
[2020-09-11T13:11:11.008+0000][1][gc,cpu       ] GC(56) User=0.01s Sys=0.00s Real=0.04s
[2020-09-11T13:11:11.059+0000][1][safepoint    ] Safepoint "CMS_Final_Remark", Time since last: 17156773 ns, Reaching safepoint: 2953586 ns, At safepoint: 87658425 ns, Total: 90612011 ns
[2020-09-11T13:11:11.059+0000][1][gc           ] GC(56) Concurrent Sweep
[2020-09-11T13:11:11.192+0000][1][gc           ] GC(56) Concurrent Sweep 132.538ms
[2020-09-11T13:11:11.192+0000][1][gc,cpu       ] GC(56) User=0.03s Sys=0.00s Real=0.13s
[2020-09-11T13:11:11.192+0000][1][gc           ] GC(56) Concurrent Reset
[2020-09-11T13:11:11.193+0000][1][gc           ] GC(56) Concurrent Reset 0.669ms
[2020-09-11T13:11:11.193+0000][1][gc,cpu       ] GC(56) User=0.00s Sys=0.00s Real=0.00s
[2020-09-11T13:11:11.193+0000][1][gc,heap      ] GC(56) Old: 48801K->47822K(439104K)
[2020-09-11T13:11:11.657+0000][1][gc,start     ] GC(58) Pause Young (Allocation Failure)
[2020-09-11T13:11:11.657+0000][1][gc,task      ] GC(58) Using 1 workers of 1 for evacuation
[2020-09-11T13:11:11.683+0000][1][gc,age       ] GC(58) Desired survivor size 4358144 bytes, new threshold 6 (max threshold 6)
[2020-09-11T13:11:11.683+0000][1][gc,age       ] GC(58) Age table with threshold 6 (max threshold 6)
[2020-09-11T13:11:11.683+0000][1][gc,age       ] GC(58) - age   1:      60664 bytes,      60664 total
[2020-09-11T13:11:11.683+0000][1][gc,age       ] GC(58) - age   2:    1461640 bytes,    1522304 total
[2020-09-11T13:11:11.683+0000][1][gc,age       ] GC(58) - age   3:     301760 bytes,    1824064 total
[2020-09-11T13:11:11.683+0000][1][gc,age       ] GC(58) - age   4:     951640 bytes,    2775704 total
[2020-09-11T13:11:11.683+0000][1][gc,age       ] GC(58) - age   5:     297792 bytes,    3073496 total
[2020-09-11T13:11:11.683+0000][1][gc,age       ] GC(58) - age   6:     297136 bytes,    3370632 total
[2020-09-11T13:11:11.683+0000][1][gc,heap      ] GC(58) ParNew: 71887K->4619K(76672K)
[2020-09-11T13:11:11.683+0000][1][gc,heap      ] GC(58) CMS: 47822K->48187K(439104K)
[2020-09-11T13:11:11.683+0000][1][gc,metaspace ] GC(58) Metaspace: 36188K->36188K(1083392K)
[2020-09-11T13:11:11.683+0000][1][gc           ] GC(58) Pause Young (Allocation Failure) 116M->51M(503M) 26.355ms
[2020-09-11T13:11:11.683+0000][1][gc,cpu       ] GC(58) User=0.01s Sys=0.00s Real=0.02s
[2020-09-11T13:11:11.703+0000][1][safepoint    ] Safepoint "GenCollectForAllocation", Time since last: 596948305 ns, Reaching safepoint: 371062 ns, At safepoint: 46913161 ns, Total: 47284223 ns
[2020-09-11T13:11:12.724+0000][1][safepoint    ] Safepoint "Cleanup", Time since last: 1019981690 ns, Reaching safepoint: 125720 ns, At safepoint: 8230 ns, Total: 133950 ns
[2020-09-11T13:11:13.225+0000][1][safepoint    ] Safepoint "RevokeBias", Time since last: 501507997 ns, Reaching safepoint: 104589 ns, At safepoint: 35280 ns, Total: 139869 ns
[2020-09-11T13:11:14.232+0000][1][safepoint    ] Safepoint "Cleanup", Time since last: 1006221691 ns, Reaching safepoint: 344399 ns, At safepoint: 5988 ns, Total: 350387 ns
[2020-09-11T13:11:15.236+0000][1][safepoint    ] Safepoint "Cleanup", Time since last: 1003675515 ns, Reaching safepoint: 125581 ns, At safepoint: 6648 ns, Total: 132229 ns
[2020-09-11T13:11:15.868+0000][1][gc,start     ] GC(59) Pause Young (Allocation Failure)
[2020-09-11T13:11:15.868+0000][1][gc,task      ] GC(59) Using 1 workers of 1 for evacuation
[2020-09-11T13:11:15.918+0000][1][gc,age       ] GC(59) Desired survivor size 4358144 bytes, new threshold 4 (max threshold 6)
[2020-09-11T13:11:15.918+0000][1][gc,age       ] GC(59) Age table with threshold 4 (max threshold 6)
[2020-09-11T13:11:15.918+0000][1][gc,age       ] GC(59) - age   1:    2694600 bytes,    2694600 total
[2020-09-11T13:11:15.918+0000][1][gc,age       ] GC(59) - age   2:      60512 bytes,    2755112 total
[2020-09-11T13:11:15.918+0000][1][gc,age       ] GC(59) - age   3:    1415728 bytes,    4170840 total
[2020-09-11T13:11:15.918+0000][1][gc,age       ] GC(59) - age   4:     301760 bytes,    4472600 total
[2020-09-11T13:11:15.918+0000][1][gc,age       ] GC(59) - age   5:     951640 bytes,    5424240 total
[2020-09-11T13:11:15.918+0000][1][gc,age       ] GC(59) - age   6:     297792 bytes,    5722032 total
[2020-09-11T13:11:15.918+0000][1][gc,heap      ] GC(59) ParNew: 72779K->6092K(76672K)
[2020-09-11T13:11:15.918+0000][1][gc,heap      ] GC(59) CMS: 48187K->48477K(439104K)
[2020-09-11T13:11:15.918+0000][1][gc,metaspace ] GC(59) Metaspace: 42209K->42209K(1089536K)
[2020-09-11T13:11:15.918+0000][1][gc           ] GC(59) Pause Young (Allocation Failure) 118M->53M(503M) 50.452ms
[2020-09-11T13:11:15.918+0000][1][gc,cpu       ] GC(59) User=0.02s Sys=0.00s Real=0.05s
[2020-09-11T13:11:15.927+0000][1][safepoint    ] Safepoint "GenCollectForAllocation", Time since last: 631953163 ns, Reaching safepoint: 122345 ns, At safepoint: 59810669 ns, Total: 59933014 ns
[2020-09-11T13:11:16.303+0000][1][safepoint    ] Safepoint "RevokeBias", Time since last: 371992931 ns, Reaching safepoint: 3992286 ns, At safepoint: 14970 ns, Total: 4007256 ns
[2020-09-11T13:11:17.320+0000][1][safepoint    ] Safepoint "Cleanup", Time since last: 1000125346 ns, Reaching safepoint: 16087816 ns, At safepoint: 9475 ns, Total: 16097291 ns
[2020-09-11T13:11:17.886+0000][1][safepoint    ] Safepoint "RevokeBias", Time since last: 564154606 ns, Reaching safepoint: 1699409 ns, At safepoint: 10950 ns, Total: 1710359 ns
[2020-09-11T13:11:18.903+0000][1][safepoint    ] Safepoint "Cleanup", Time since last: 1000109264 ns, Reaching safepoint: 17806061 ns, At safepoint: 13103 ns, Total: 17819164 ns
[2020-09-11T13:11:22.898+0000][1][safepoint    ] Safepoint "RevokeBias", Time since last: 3978134251 ns, Reaching safepoint: 15924543 ns, At safepoint: 84064 ns, Total: 16008607 ns
[2020-09-11T13:11:22.898+0000][1][safepoint    ] Safepoint "RevokeBias", Time since last: 115801 ns, Reaching safepoint: 83778 ns, At safepoint: 34844 ns, Total: 118622 ns
[2020-09-11T13:11:22.898+0000][1][safepoint    ] Safepoint "RevokeBias", Time since last: 36427 ns, Reaching safepoint: 80195 ns, At safepoint: 31660 ns, Total: 111855 ns
[2020-09-11T13:11:22.898+0000][1][safepoint    ] Safepoint "RevokeBias", Time since last: 29903 ns, Reaching safepoint: 79412 ns, At safepoint: 31048 ns, Total: 110460 ns
[2020-09-11T13:11:22.898+0000][1][safepoint    ] Safepoint "RevokeBias", Time since last: 28297 ns, Reaching safepoint: 79062 ns, At safepoint: 44634 ns, Total: 123696 ns
[2020-09-11T13:11:22.898+0000][1][safepoint    ] Safepoint "RevokeBias", Time since last: 28771 ns, Reaching safepoint: 79213 ns, At safepoint: 31074 ns, Total: 110287 ns
[2020-09-11T13:11:22.899+0000][1][safepoint    ] Safepoint "RevokeBias", Time since last: 27341 ns, Reaching safepoint: 79314 ns, At safepoint: 44464 ns, Total: 123778 ns
[2020-09-11T13:11:22.899+0000][1][safepoint    ] Safepoint "RevokeBias", Time since last: 30501 ns, Reaching safepoint: 79313 ns, At safepoint: 30860 ns, Total: 110173 ns
[2020-09-11T13:11:22.899+0000][1][safepoint    ] Safepoint "RevokeBias", Time since last: 27538 ns, Reaching safepoint: 79156 ns, At safepoint: 30878 ns, Total: 110034 ns
[2020-09-11T13:11:22.899+0000][1][safepoint    ] Safepoint "RevokeBias", Time since last: 27526 ns, Reaching safepoint: 78823 ns, At safepoint: 30921 ns, Total: 109744 ns
[2020-09-11T13:11:22.899+0000][1][safepoint    ] Safepoint "RevokeBias", Time since last: 27105 ns, Reaching safepoint: 80378 ns, At safepoint: 30994 ns, Total: 111372 ns
[2020-09-11T13:11:22.902+0000][1][safepoint    ] Safepoint "RevokeBias", Time since last: 30183 ns, Reaching safepoint: 2324737 ns, At safepoint: 32100 ns, Total: 2356837 ns
[2020-09-11T13:11:22.902+0000][1][safepoint    ] Safepoint "RevokeBias", Time since last: 29941 ns, Reaching safepoint: 79059 ns, At safepoint: 30836 ns, Total: 109895 ns
[2020-09-11T13:11:22.902+0000][1][safepoint    ] Safepoint "RevokeBias", Time since last: 67806 ns, Reaching safepoint: 82286 ns, At safepoint: 44480 ns, Total: 126766 ns
[2020-09-11T13:11:22.902+0000][1][safepoint    ] Safepoint "RevokeBias", Time since last: 38878 ns, Reaching safepoint: 80556 ns, At safepoint: 31155 ns, Total: 111711 ns
[2020-09-11T13:11:22.902+0000][1][safepoint    ] Safepoint "RevokeBias", Time since last: 83072 ns, Reaching safepoint: 82382 ns, At safepoint: 31237 ns, Total: 113619 ns
[2020-09-11T13:11:22.910+0000][1][safepoint    ] Safepoint "RevokeBias", Time since last: 7826902 ns, Reaching safepoint: 110093 ns, At safepoint: 46298 ns, Total: 156391 ns
[2020-09-11T13:11:22.910+0000][1][safepoint    ] Safepoint "RevokeBias", Time since last: 108979 ns, Reaching safepoint: 84019 ns, At safepoint: 34777 ns, Total: 118796 ns
[2020-09-11T13:11:24.035+0000][1][safepoint    ] Safepoint "Cleanup", Time since last: 1110164474 ns, Reaching safepoint: 13950334 ns, At safepoint: 13945 ns, Total: 13964279 ns
[2020-09-11T13:11:25.040+0000][1][safepoint    ] Safepoint "Cleanup", Time since last: 1004920789 ns, Reaching safepoint: 119979 ns, At safepoint: 7381 ns, Total: 127360 ns
[2020-09-11T13:11:27.040+0000][1][safepoint    ] Safepoint "Cleanup", Time since last: 2000188504 ns, Reaching safepoint: 130869 ns, At safepoint: 8430 ns, Total: 139299 ns
[2020-09-11T13:11:28.060+0000][1][safepoint    ] Safepoint "Cleanup", Time since last: 1011509701 ns, Reaching safepoint: 8064678 ns, At safepoint: 13349 ns, Total: 8078027 ns
[2020-09-11T13:11:28.176+0000][1][gc,start     ] GC(60) Pause Young (Allocation Failure)
[2020-09-11T13:11:28.176+0000][1][gc,task      ] GC(60) Using 1 workers of 1 for evacuation
[2020-09-11T13:11:28.259+0000][1][gc,age       ] GC(60) Desired survivor size 4358144 bytes, new threshold 2 (max threshold 6)
[2020-09-11T13:11:28.259+0000][1][gc,age       ] GC(60) Age table with threshold 2 (max threshold 6)
[2020-09-11T13:11:28.259+0000][1][gc,age       ] GC(60) - age   1:    2720312 bytes,    2720312 total
[2020-09-11T13:11:28.259+0000][1][gc,age       ] GC(60) - age   2:    2621032 bytes,    5341344 total
[2020-09-11T13:11:28.259+0000][1][gc,age       ] GC(60) - age   3:      60512 bytes,    5401856 total
[2020-09-11T13:11:28.259+0000][1][gc,age       ] GC(60) - age   4:    1413976 bytes,    6815832 total
[2020-09-11T13:11:28.259+0000][1][gc,heap      ] GC(60) ParNew: 74252K->8512K(76672K)
[2020-09-11T13:11:28.259+0000][1][gc,heap      ] GC(60) CMS: 48477K->49992K(439104K)
[2020-09-11T13:11:28.259+0000][1][gc,metaspace ] GC(60) Metaspace: 47574K->47574K(1093632K)
[2020-09-11T13:11:28.271+0000][1][gc           ] GC(60) Pause Young (Allocation Failure) 119M->57M(503M) 95.860ms
[2020-09-11T13:11:28.271+0000][1][gc,cpu       ] GC(60) User=0.02s Sys=0.00s Real=0.09s
[2020-09-11T13:11:28.286+0000][1][safepoint    ] Safepoint "GenCollectForAllocation", Time since last: 115928145 ns, Reaching safepoint: 129096 ns, At safepoint: 110619445 ns, Total: 110748541 ns
[2020-09-11T13:11:28.369+0000][1][safepoint    ] Safepoint "RevokeBias", Time since last: 82438433 ns, Reaching safepoint: 105809 ns, At safepoint: 14943 ns, Total: 120752 ns
[2020-09-11T13:11:28.369+0000][1][safepoint    ] Safepoint "RevokeBias", Time since last: 64998 ns, Reaching safepoint: 79178 ns, At safepoint: 9508 ns, Total: 88686 ns
[2020-09-11T13:11:28.369+0000][1][safepoint    ] Safepoint "RevokeBias", Time since last: 31831 ns, Reaching safepoint: 77832 ns, At safepoint: 7908 ns, Total: 85740 ns
[2020-09-11T13:11:28.369+0000][1][safepoint    ] Safepoint "RevokeBias", Time since last: 30671 ns, Reaching safepoint: 77452 ns, At safepoint: 7782 ns, Total: 85234 ns
[2020-09-11T13:11:28.369+0000][1][safepoint    ] Safepoint "RevokeBias", Time since last: 32765 ns, Reaching safepoint: 80022 ns, At safepoint: 8111 ns, Total: 88133 ns
[2020-09-11T13:11:28.701+0000][1][safepoint    ] Safepoint "RevokeBias", Time since last: 331483958 ns, Reaching safepoint: 111105 ns, At safepoint: 27691 ns, Total: 138796 ns
[2020-09-11T13:11:28.732+0000][1][safepoint    ] Safepoint "RevokeBias", Time since last: 30555446 ns, Reaching safepoint: 107613 ns, At safepoint: 41774 ns, Total: 149387 ns
[2020-09-11T13:11:29.732+0000][1][safepoint    ] Safepoint "Cleanup", Time since last: 1000111473 ns, Reaching safepoint: 376185 ns, At safepoint: 8974 ns, Total: 385159 ns
[2020-09-11T13:11:29.873+0000][1][safepoint    ] Safepoint "RevokeBias", Time since last: 139515799 ns, Reaching safepoint: 1821994 ns, At safepoint: 32526 ns, Total: 1854520 ns
[2020-09-11T13:11:29.889+0000][1][safepoint    ] Safepoint "RevokeBias", Time since last: 10234677 ns, Reaching safepoint: 4825783 ns, At safepoint: 33543 ns, Total: 4859326 ns
[2020-09-11T13:11:29.896+0000][1][safepoint    ] Safepoint "RevokeBias", Time since last: 6942157 ns, Reaching safepoint: 107069 ns, At safepoint: 29437 ns, Total: 136506 ns
[2020-09-11T13:11:30.203+0000][1][safepoint    ] Safepoint "RevokeBias", Time since last: 295943784 ns, Reaching safepoint: 11883287 ns, At safepoint: 46135 ns, Total: 11929422 ns
[2020-09-11T13:11:30.204+0000][1][safepoint    ] Safepoint "RevokeBias", Time since last: 130764 ns, Reaching safepoint: 85246 ns, At safepoint: 26811 ns, Total: 112057 ns
[2020-09-11T13:11:30.205+0000][1][safepoint    ] Safepoint "RevokeBias", Time since last: 105382 ns, Reaching safepoint: 847020 ns, At safepoint: 25981 ns, Total: 873001 ns
[2020-09-11T13:11:30.216+0000][1][safepoint    ] Safepoint "RevokeBias", Time since last: 10705699 ns, Reaching safepoint: 117385 ns, At safepoint: 41971 ns, Total: 159356 ns
[2020-09-11T13:11:30.216+0000][1][safepoint    ] Safepoint "RevokeBias", Time since last: 506537 ns, Reaching safepoint: 85763 ns, At safepoint: 29414 ns, Total: 115177 ns
[2020-09-11T13:11:30.217+0000][1][safepoint    ] Safepoint "RevokeBias", Time since last: 512887 ns, Reaching safepoint: 88090 ns, At safepoint: 26429 ns, Total: 114519 ns
[2020-09-11T13:11:30.228+0000][1][safepoint    ] Safepoint "RevokeBias", Time since last: 11247394 ns, Reaching safepoint: 108101 ns, At safepoint: 30622 ns, Total: 138723 ns
[2020-09-11T13:11:30.228+0000][1][safepoint    ] Safepoint "RevokeBias", Time since last: 126895 ns, Reaching safepoint: 83118 ns, At safepoint: 18257 ns, Total: 101375 ns
[2020-09-11T13:11:30.229+0000][1][safepoint    ] Safepoint "RevokeBias", Time since last: 33797 ns, Reaching safepoint: 79807 ns, At safepoint: 16764 ns, Total: 96571 ns
[2020-09-11T13:11:30.251+0000][1][safepoint    ] Safepoint "RevokeBias", Time since last: 14861654 ns, Reaching safepoint: 8001278 ns, At safepoint: 33361 ns, Total: 8034639 ns
[2020-09-11T13:11:30.256+0000][1][safepoint    ] Safepoint "RevokeBias", Time since last: 4007637 ns, Reaching safepoint: 104617 ns, At safepoint: 31278 ns, Total: 135895 ns
[2020-09-11T13:11:30.259+0000][1][safepoint    ] Safepoint "RevokeBias", Time since last: 3605741 ns, Reaching safepoint: 115099 ns, At safepoint: 34281 ns, Total: 149380 ns
[2020-09-11T13:11:30.260+0000][1][safepoint    ] Safepoint "RevokeBias", Time since last: 76977 ns, Reaching safepoint: 83770 ns, At safepoint: 24059 ns, Total: 107829 ns
[2020-09-11T13:11:30.260+0000][1][safepoint    ] Safepoint "RevokeBias", Time since last: 32494 ns, Reaching safepoint: 81716 ns, At safepoint: 21733 ns, Total: 103449 ns
[2020-09-11T13:11:30.260+0000][1][safepoint    ] Safepoint "RevokeBias", Time since last: 30232 ns, Reaching safepoint: 81181 ns, At safepoint: 20292 ns, Total: 101473 ns
[2020-09-11T13:11:30.260+0000][1][safepoint    ] Safepoint "RevokeBias", Time since last: 32428 ns, Reaching safepoint: 81579 ns, At safepoint: 20119 ns, Total: 101698 ns
[2020-09-11T13:11:30.260+0000][1][safepoint    ] Safepoint "BulkRevokeBias", Time since last: 28913 ns, Reaching safepoint: 80725 ns, At safepoint: 63905 ns, Total: 144630 ns
[2020-09-11T13:11:30.260+0000][1][safepoint    ] Safepoint "RevokeBias", Time since last: 72713 ns, Reaching safepoint: 84060 ns, At safepoint: 20029 ns, Total: 104089 ns
[2020-09-11T13:11:30.260+0000][1][safepoint    ] Safepoint "RevokeBias", Time since last: 39927 ns, Reaching safepoint: 82300 ns, At safepoint: 19231 ns, Total: 101531 ns
[2020-09-11T13:11:30.276+0000][1][safepoint    ] Safepoint "RevokeBias", Time since last: 15074381 ns, Reaching safepoint: 108276 ns, At safepoint: 16209 ns, Total: 124485 ns
[2020-09-11T13:11:30.276+0000][1][safepoint    ] Safepoint "RevokeBias", Time since last: 61495 ns, Reaching safepoint: 81729 ns, At safepoint: 12489 ns, Total: 94218 ns
[2020-09-11T13:11:30.276+0000][1][safepoint    ] Safepoint "RevokeBias", Time since last: 32454 ns, Reaching safepoint: 81247 ns, At safepoint: 10516 ns, Total: 91763 ns
[2020-09-11T13:11:30.301+0000][1][safepoint    ] Safepoint "RevokeBias", Time since last: 15242503 ns, Reaching safepoint: 9336915 ns, At safepoint: 49185 ns, Total: 9386100 ns
[2020-09-11T13:11:30.308+0000][1][safepoint    ] Safepoint "RevokeBias", Time since last: 6873386 ns, Reaching safepoint: 105625 ns, At safepoint: 33853 ns, Total: 139478 ns
[2020-09-11T13:11:30.308+0000][1][safepoint    ] Safepoint "RevokeBias", Time since last: 61472 ns, Reaching safepoint: 81083 ns, At safepoint: 19866 ns, Total: 100949 ns
[2020-09-11T13:11:30.308+0000][1][safepoint    ] Safepoint "RevokeBias", Time since last: 30264 ns, Reaching safepoint: 79980 ns, At safepoint: 18084 ns, Total: 98064 ns
[2020-09-11T13:11:30.308+0000][1][safepoint    ] Safepoint "RevokeBias", Time since last: 28203 ns, Reaching safepoint: 80899 ns, At safepoint: 20717 ns, Total: 101616 ns
[2020-09-11T13:11:30.308+0000][1][safepoint    ] Safepoint "RevokeBias", Time since last: 41522 ns, Reaching safepoint: 80419 ns, At safepoint: 19102 ns, Total: 99521 ns
[2020-09-11T13:11:30.308+0000][1][safepoint    ] Safepoint "RevokeBias", Time since last: 27867 ns, Reaching safepoint: 80833 ns, At safepoint: 23353 ns, Total: 104186 ns
[2020-09-11T13:11:30.308+0000][1][safepoint    ] Safepoint "RevokeBias", Time since last: 27307 ns, Reaching safepoint: 80518 ns, At safepoint: 23619 ns, Total: 104137 ns
[2020-09-11T13:11:30.309+0000][1][safepoint    ] Safepoint "RevokeBias", Time since last: 29526 ns, Reaching safepoint: 80229 ns, At safepoint: 22573 ns, Total: 102802 ns
[2020-09-11T13:11:30.309+0000][1][safepoint    ] Safepoint "RevokeBias", Time since last: 27581 ns, Reaching safepoint: 80343 ns, At safepoint: 22562 ns, Total: 102905 ns
[2020-09-11T13:11:30.309+0000][1][safepoint    ] Safepoint "RevokeBias", Time since last: 26977 ns, Reaching safepoint: 80240 ns, At safepoint: 22997 ns, Total: 103237 ns
[2020-09-11T13:11:30.309+0000][1][safepoint    ] Safepoint "RevokeBias", Time since last: 26984 ns, Reaching safepoint: 80348 ns, At safepoint: 22750 ns, Total: 103098 ns
[2020-09-11T13:11:30.312+0000][1][safepoint    ] Safepoint "RevokeBias", Time since last: 2521763 ns, Reaching safepoint: 92656 ns, At safepoint: 39451 ns, Total: 132107 ns
[2020-09-11T13:11:30.312+0000][1][safepoint    ] Safepoint "RevokeBias", Time since last: 40833 ns, Reaching safepoint: 47477 ns, At safepoint: 29835 ns, Total: 77312 ns
[2020-09-11T13:11:30.312+0000][1][safepoint    ] Safepoint "RevokeBias", Time since last: 30129 ns, Reaching safepoint: 82128 ns, At safepoint: 28623 ns, Total: 110751 ns
[2020-09-11T13:11:30.312+0000][1][safepoint    ] Safepoint "RevokeBias", Time since last: 30141 ns, Reaching safepoint: 82441 ns, At safepoint: 28750 ns, Total: 111191 ns
[2020-09-11T13:11:30.312+0000][1][safepoint    ] Safepoint "RevokeBias", Time since last: 29110 ns, Reaching safepoint: 81605 ns, At safepoint: 27830 ns, Total: 109435 ns
[2020-09-11T13:11:30.312+0000][1][safepoint    ] Safepoint "BulkRevokeBias", Time since last: 28996 ns, Reaching safepoint: 81538 ns, At safepoint: 69686 ns, Total: 151224 ns
[2020-09-11T13:11:30.317+0000][1][safepoint    ] Safepoint "RevokeBias", Time since last: 4957376 ns, Reaching safepoint: 102047 ns, At safepoint: 39726 ns, Total: 141773 ns
[2020-09-11T13:11:30.318+0000][1][safepoint    ] Safepoint "RevokeBias", Time since last: 94092 ns, Reaching safepoint: 87397 ns, At safepoint: 34224 ns, Total: 121621 ns
[2020-09-11T13:11:30.318+0000][1][safepoint    ] Safepoint "RevokeBias", Time since last: 50218 ns, Reaching safepoint: 83125 ns, At safepoint: 29707 ns, Total: 112832 ns
[2020-09-11T13:11:30.318+0000][1][safepoint    ] Safepoint "RevokeBias", Time since last: 85998 ns, Reaching safepoint: 86016 ns, At safepoint: 25293 ns, Total: 111309 ns
[2020-09-11T13:11:30.318+0000][1][safepoint    ] Safepoint "RevokeBias", Time since last: 40254 ns, Reaching safepoint: 83544 ns, At safepoint: 24073 ns, Total: 107617 ns
[2020-09-11T13:11:30.318+0000][1][safepoint    ] Safepoint "RevokeBias", Time since last: 116029 ns, Reaching safepoint: 83920 ns, At safepoint: 29596 ns, Total: 113516 ns
[2020-09-11T13:11:30.319+0000][1][safepoint    ] Safepoint "RevokeBias", Time since last: 229116 ns, Reaching safepoint: 852016 ns, At safepoint: 32452 ns, Total: 884468 ns
[2020-09-11T13:11:30.320+0000][1][safepoint    ] Safepoint "RevokeBias", Time since last: 72335 ns, Reaching safepoint: 83980 ns, At safepoint: 28649 ns, Total: 112629 ns
[2020-09-11T13:11:30.320+0000][1][safepoint    ] Safepoint "RevokeBias", Time since last: 129153 ns, Reaching safepoint: 85239 ns, At safepoint: 28352 ns, Total: 113591 ns
[2020-09-11T13:11:30.328+0000][1][safepoint    ] Safepoint "RevokeBias", Time since last: 7630542 ns, Reaching safepoint: 111169 ns, At safepoint: 47391 ns, Total: 158560 ns
[2020-09-11T13:11:30.328+0000][1][safepoint    ] Safepoint "RevokeBias", Time since last: 58485 ns, Reaching safepoint: 82747 ns, At safepoint: 26685 ns, Total: 109432 ns
[2020-09-11T13:11:30.328+0000][1][safepoint    ] Safepoint "RevokeBias", Time since last: 45815 ns, Reaching safepoint: 82901 ns, At safepoint: 23945 ns, Total: 106846 ns
[2020-09-11T13:11:30.328+0000][1][safepoint    ] Safepoint "RevokeBias", Time since last: 265236 ns, Reaching safepoint: 85092 ns, At safepoint: 31171 ns, Total: 116263 ns
[2020-09-11T13:11:30.329+0000][1][safepoint    ] Safepoint "RevokeBias", Time since last: 570236 ns, Reaching safepoint: 13597 ns, At safepoint: 21298 ns, Total: 34895 ns
[2020-09-11T13:11:30.332+0000][1][safepoint    ] Safepoint "RevokeBias", Time since last: 2440124 ns, Reaching safepoint: 39989 ns, At safepoint: 47778 ns, Total: 87767 ns
[2020-09-11T13:11:30.332+0000][1][safepoint    ] Safepoint "RevokeBias", Time since last: 577956 ns, Reaching safepoint: 12730 ns, At safepoint: 28394 ns, Total: 41124 ns
[2020-09-11T13:11:30.332+0000][1][safepoint    ] Safepoint "RevokeBias", Time since last: 82643 ns, Reaching safepoint: 11622 ns, At safepoint: 26722 ns, Total: 38344 ns
[2020-09-11T13:11:30.332+0000][1][safepoint    ] Safepoint "RevokeBias", Time since last: 196370 ns, Reaching safepoint: 16741 ns, At safepoint: 25778 ns, Total: 42519 ns
[2020-09-11T13:11:30.358+0000][1][safepoint    ] Safepoint "RevokeBias", Time since last: 25306228 ns, Reaching safepoint: 100268 ns, At safepoint: 34140 ns, Total: 134408 ns
[2020-09-11T13:11:30.372+0000][1][safepoint    ] Safepoint "Deoptimize", Time since last: 13968000 ns, Reaching safepoint: 106532 ns, At safepoint: 340861 ns, Total: 447393 ns
[2020-09-11T13:11:30.386+0000][1][safepoint    ] Safepoint "RevokeBias", Time since last: 13403650 ns, Reaching safepoint: 111048 ns, At safepoint: 40689 ns, Total: 151737 ns
[2020-09-11T13:11:30.411+0000][1][safepoint    ] Safepoint "RevokeBias", Time since last: 10411456 ns, Reaching safepoint: 34502 ns, At safepoint: 15144425 ns, Total: 15178927 ns
[2020-09-11T13:11:30.429+0000][1][safepoint    ] Safepoint "RevokeBias", Time since last: 47365 ns, Reaching safepoint: 17031229 ns, At safepoint: 46772 ns, Total: 17078001 ns
[2020-09-11T13:11:30.432+0000][1][safepoint    ] Safepoint "RevokeBias", Time since last: 3432930 ns, Reaching safepoint: 110114 ns, At safepoint: 31265 ns, Total: 141379 ns
[2020-09-11T13:11:30.448+0000][1][safepoint    ] Safepoint "RevokeBias", Time since last: 15739164 ns, Reaching safepoint: 110015 ns, At safepoint: 36429 ns, Total: 146444 ns
[2020-09-11T13:11:30.452+0000][1][safepoint    ] Safepoint "BulkRevokeBias", Time since last: 3348740 ns, Reaching safepoint: 177400 ns, At safepoint: 84350 ns, Total: 261750 ns
[2020-09-11T13:11:30.469+0000][1][safepoint    ] Safepoint "RevokeBias", Time since last: 17209654 ns, Reaching safepoint: 113288 ns, At safepoint: 38740 ns, Total: 152028 ns
[2020-09-11T13:11:30.476+0000][1][safepoint    ] Safepoint "RevokeBias", Time since last: 6387902 ns, Reaching safepoint: 125396 ns, At safepoint: 47832 ns, Total: 173228 ns
[2020-09-11T13:11:30.476+0000][1][safepoint    ] Safepoint "RevokeBias", Time since last: 71981 ns, Reaching safepoint: 85604 ns, At safepoint: 22892 ns, Total: 108496 ns
[2020-09-11T13:11:31.146+0000][1][safepoint    ] Safepoint "RevokeBias", Time since last: 670080870 ns, Reaching safepoint: 126927 ns, At safepoint: 16660 ns, Total: 143587 ns
[2020-09-11T13:11:32.112+0000][1][gc,start     ] GC(61) Pause Young (Allocation Failure)
[2020-09-11T13:11:32.114+0000][1][gc,task      ] GC(61) Using 1 workers of 1 for evacuation
[2020-09-11T13:11:32.391+0000][1][gc,age       ] GC(61) Desired survivor size 4358144 bytes, new threshold 2 (max threshold 6)
[2020-09-11T13:11:32.391+0000][1][gc,age       ] GC(61) Age table with threshold 2 (max threshold 6)
[2020-09-11T13:11:32.391+0000][1][gc,age       ] GC(61) - age   1:    2215816 bytes,    2215816 total
[2020-09-11T13:11:32.391+0000][1][gc,age       ] GC(61) - age   2:    2607992 bytes,    4823808 total
[2020-09-11T13:11:32.391+0000][1][gc,heap      ] GC(61) ParNew: 76672K->6230K(76672K)
[2020-09-11T13:11:32.391+0000][1][gc,heap      ] GC(61) CMS: 49992K->54074K(439104K)
[2020-09-11T13:11:32.423+0000][1][gc,metaspace ] GC(61) Metaspace: 52563K->52563K(1097728K)
[2020-09-11T13:11:32.423+0000][1][gc           ] GC(61) Pause Young (Allocation Failure) 123M->58M(503M) 311.893ms
[2020-09-11T13:11:32.424+0000][1][gc,cpu       ] GC(61) User=0.07s Sys=0.00s Real=0.32s
[2020-09-11T13:11:32.424+0000][1][safepoint    ] Safepoint "GenCollectForAllocation", Time since last: 965431893 ns, Reaching safepoint: 144146 ns, At safepoint: 312040935 ns, Total: 312185081 ns
[2020-09-11T13:11:33.695+0000][1][safepoint    ] Safepoint "Cleanup", Time since last: 1259804435 ns, Reaching safepoint: 12024011 ns, At safepoint: 15438 ns, Total: 12039449 ns
[2020-09-11T13:11:34.709+0000][1][safepoint    ] Safepoint "Cleanup", Time since last: 1011942073 ns, Reaching safepoint: 1307726 ns, At safepoint: 9594 ns, Total: 1317320 ns
[2020-09-11T13:11:35.717+0000][1][safepoint    ] Safepoint "Cleanup", Time since last: 1000108116 ns, Reaching safepoint: 7722424 ns, At safepoint: 10374 ns, Total: 7732798 ns
[2020-09-11T13:11:36.724+0000][1][safepoint    ] Safepoint "Cleanup", Time since last: 1006851683 ns, Reaching safepoint: 483131 ns, At safepoint: 9323 ns, Total: 492454 ns
[2020-09-11T13:11:37.073+0000][1][safepoint    ] Safepoint "CollectForMetadataAllocation", Time since last: 347795984 ns, Reaching safepoint: 909705 ns, At safepoint: 76390 ns, Total: 986095 ns
[2020-09-11T13:11:37.139+0000][1][gc,start     ] GC(62) Pause Young (Allocation Failure)
[2020-09-11T13:11:37.139+0000][1][gc,task      ] GC(62) Using 1 workers of 1 for evacuation
[2020-09-11T13:11:37.303+0000][1][gc,age       ] GC(62) Desired survivor size 4358144 bytes, new threshold 6 (max threshold 6)
[2020-09-11T13:11:37.303+0000][1][gc,age       ] GC(62) Age table with threshold 6 (max threshold 6)
[2020-09-11T13:11:37.303+0000][1][gc,age       ] GC(62) - age   1:    1707008 bytes,    1707008 total
[2020-09-11T13:11:37.303+0000][1][gc,age       ] GC(62) - age   2:    2173640 bytes,    3880648 total
[2020-09-11T13:11:37.303+0000][1][gc,heap      ] GC(62) ParNew: 74390K->5090K(76672K)
[2020-09-11T13:11:37.303+0000][1][gc,heap      ] GC(62) CMS: 54074K->56727K(439104K)
[2020-09-11T13:11:37.303+0000][1][gc,metaspace ] GC(62) Metaspace: 60429K->60429K(1105920K)
[2020-09-11T13:11:37.303+0000][1][gc           ] GC(62) Pause Young (Allocation Failure) 125M->60M(503M) 163.429ms
[2020-09-11T13:11:37.303+0000][1][gc,cpu       ] GC(62) User=0.04s Sys=0.00s Real=0.16s
[2020-09-11T13:11:37.331+0000][1][safepoint    ] Safepoint "GenCollectForAllocation", Time since last: 66408308 ns, Reaching safepoint: 115292 ns, At safepoint: 192224417 ns, Total: 192339709 ns
[2020-09-11T13:11:37.333+0000][1][safepoint    ] Safepoint "CollectForMetadataAllocation", Time since last: 904878 ns, Reaching safepoint: 35904 ns, At safepoint: 132176 ns, Total: 168080 ns
[2020-09-11T13:11:37.355+0000][1][gc,start     ] GC(63) Pause Initial Mark
[2020-09-11T13:11:37.386+0000][1][gc           ] GC(63) Pause Initial Mark 61M->61M(503M) 30.822ms
[2020-09-11T13:11:37.386+0000][1][gc,cpu       ] GC(63) User=0.01s Sys=0.00s Real=0.03s
[2020-09-11T13:11:37.399+0000][1][safepoint    ] Safepoint "CMS_Initial_Mark", Time since last: 8262585 ns, Reaching safepoint: 14681369 ns, At safepoint: 43959628 ns, Total: 58640997 ns
[2020-09-11T13:11:37.399+0000][1][gc           ] GC(63) Concurrent Mark
[2020-09-11T13:11:37.584+0000][1][safepoint    ] Safepoint "CollectForMetadataAllocation", Time since last: 184013095 ns, Reaching safepoint: 67091 ns, At safepoint: 121723 ns, Total: 188814 ns
[2020-09-11T13:11:37.888+0000][1][safepoint    ] Safepoint "CollectForMetadataAllocation", Time since last: 303817272 ns, Reaching safepoint: 89405 ns, At safepoint: 137540 ns, Total: 226945 ns
[2020-09-11T13:11:37.932+0000][1][gc           ] GC(63) Concurrent Mark 532.439ms
[2020-09-11T13:11:37.932+0000][1][gc,cpu       ] GC(63) User=0.17s Sys=0.00s Real=0.53s
[2020-09-11T13:11:37.932+0000][1][gc           ] GC(63) Concurrent Preclean
[2020-09-11T13:11:37.933+0000][1][gc           ] GC(63) Concurrent Preclean 1.225ms
[2020-09-11T13:11:37.933+0000][1][gc,cpu       ] GC(63) User=0.00s Sys=0.00s Real=0.00s
[2020-09-11T13:11:37.933+0000][1][gc           ] GC(63) Concurrent Abortable Preclean
[2020-09-11T13:11:38.180+0000][1][safepoint    ] Safepoint "CollectForMetadataAllocation", Time since last: 292501857 ns, Reaching safepoint: 110332 ns, At safepoint: 108030 ns, Total: 218362 ns
[2020-09-11T13:11:38.276+0000][1][safepoint    ] Safepoint "RevokeBias", Time since last: 79021936 ns, Reaching safepoint: 16092797 ns, At safepoint: 38049 ns, Total: 16130846 ns
[2020-09-11T13:11:38.276+0000][1][safepoint    ] Safepoint "RevokeBias", Time since last: 98257 ns, Reaching safepoint: 9583 ns, At safepoint: 16481 ns, Total: 26064 ns
[2020-09-11T13:11:38.276+0000][1][safepoint    ] Safepoint "RevokeBias", Time since last: 100717 ns, Reaching safepoint: 9670 ns, At safepoint: 15099 ns, Total: 24769 ns
[2020-09-11T13:11:38.278+0000][1][safepoint    ] Safepoint "RevokeBias", Time since last: 2182942 ns, Reaching safepoint: 85582 ns, At safepoint: 23243 ns, Total: 108825 ns
[2020-09-11T13:11:38.548+0000][1][safepoint    ] Safepoint "CollectForMetadataAllocation", Time since last: 269357400 ns, Reaching safepoint: 72392 ns, At safepoint: 142449 ns, Total: 214841 ns
[2020-09-11T13:11:38.752+0000][1][safepoint    ] Safepoint "CollectForMetadataAllocation", Time since last: 199998675 ns, Reaching safepoint: 3788688 ns, At safepoint: 172767 ns, Total: 3961455 ns
[2020-09-11T13:11:39.143+0000][1][safepoint    ] Safepoint "RevokeBias", Time since last: 389990150 ns, Reaching safepoint: 1326166 ns, At safepoint: 50346 ns, Total: 1376512 ns
[2020-09-11T13:11:39.143+0000][1][safepoint    ] Safepoint "RevokeBias", Time since last: 138886 ns, Reaching safepoint: 87189 ns, At safepoint: 37353 ns, Total: 124542 ns
[2020-09-11T13:11:39.145+0000][1][safepoint    ] Safepoint "RevokeBias", Time since last: 33794 ns, Reaching safepoint: 83235 ns, At safepoint: 1901989 ns, Total: 1985224 ns
[2020-09-11T13:11:39.146+0000][1][safepoint    ] Safepoint "RevokeBias", Time since last: 199889 ns, Reaching safepoint: 106679 ns, At safepoint: 41879 ns, Total: 148558 ns
[2020-09-11T13:11:39.308+0000][1][safepoint    ] Safepoint "CollectForMetadataAllocation", Time since last: 161831019 ns, Reaching safepoint: 689694 ns, At safepoint: 115730 ns, Total: 805424 ns
[2020-09-11T13:11:39.792+0000][1][safepoint    ] Safepoint "CollectForMetadataAllocation", Time since last: 479027157 ns, Reaching safepoint: 103306 ns, At safepoint: 4170020 ns, Total: 4273326 ns
[2020-09-11T13:11:40.022+0000][1][safepoint    ] Safepoint "CollectForMetadataAllocation", Time since last: 230547572 ns, Reaching safepoint: 113430 ns, At safepoint: 117126 ns, Total: 230556 ns
[2020-09-11T13:11:40.261+0000][1][safepoint    ] Safepoint "Deoptimize", Time since last: 238210345 ns, Reaching safepoint: 110685 ns, At safepoint: 316401 ns, Total: 427086 ns
[2020-09-11T13:11:40.418+0000][1][safepoint    ] Safepoint "CollectForMetadataAllocation", Time since last: 156814675 ns, Reaching safepoint: 59147 ns, At safepoint: 105116 ns, Total: 164263 ns
[2020-09-11T13:11:40.926+0000][1][safepoint    ] Safepoint "CollectForMetadataAllocation", Time since last: 507585632 ns, Reaching safepoint: 66922 ns, At safepoint: 114956 ns, Total: 181878 ns
[2020-09-11T13:11:41.549+0000][1][safepoint    ] Safepoint "CollectForMetadataAllocation", Time since last: 623206306 ns, Reaching safepoint: 117203 ns, At safepoint: 190874 ns, Total: 308077 ns
[2020-09-11T13:11:41.876+0000][1][safepoint    ] Safepoint "CollectForMetadataAllocation", Time since last: 326346694 ns, Reaching safepoint: 77243 ns, At safepoint: 129147 ns, Total: 206390 ns
[2020-09-11T13:11:42.224+0000][1][safepoint    ] Safepoint "CollectForMetadataAllocation", Time since last: 348532301 ns, Reaching safepoint: 60003 ns, At safepoint: 78073 ns, Total: 138076 ns
[2020-09-11T13:11:42.439+0000][1][safepoint    ] Safepoint "CollectForMetadataAllocation", Time since last: 202982862 ns, Reaching safepoint: 11733289 ns, At safepoint: 124187 ns, Total: 11857476 ns
[2020-09-11T13:11:42.584+0000][1][safepoint    ] Safepoint "CollectForMetadataAllocation", Time since last: 144890359 ns, Reaching safepoint: 100591 ns, At safepoint: 116957 ns, Total: 217548 ns
[2020-09-11T13:11:42.775+0000][1][safepoint    ] Safepoint "CollectForMetadataAllocation", Time since last: 187022720 ns, Reaching safepoint: 3591153 ns, At safepoint: 130496 ns, Total: 3721649 ns
[2020-09-11T13:11:43.048+0000][1][safepoint    ] Safepoint "CollectForMetadataAllocation", Time since last: 272278679 ns, Reaching safepoint: 64789 ns, At safepoint: 141163 ns, Total: 205952 ns
[2020-09-11T13:11:43.073+0000][1][gc           ] GC(63) Concurrent Abortable Preclean 5140.219ms
[2020-09-11T13:11:43.074+0000][1][gc,cpu       ] GC(63) User=1.68s Sys=0.03s Real=5.14s
[2020-09-11T13:11:43.100+0000][1][gc,start     ] GC(63) Pause Remark
[2020-09-11T13:11:43.210+0000][1][gc           ] GC(63) Pause Remark 120M->120M(503M) 110.736ms
[2020-09-11T13:11:43.210+0000][1][gc,cpu       ] GC(63) User=0.04s Sys=0.00s Real=0.11s
[2020-09-11T13:11:43.243+0000][1][safepoint    ] Safepoint "CMS_Final_Remark", Time since last: 51815254 ns, Reaching safepoint: 103017 ns, At safepoint: 143563627 ns, Total: 143666644 ns
[2020-09-11T13:11:43.243+0000][1][gc           ] GC(63) Concurrent Sweep
[2020-09-11T13:11:43.343+0000][1][gc           ] GC(63) Concurrent Sweep 99.630ms
[2020-09-11T13:11:43.343+0000][1][gc,cpu       ] GC(63) User=0.04s Sys=0.00s Real=0.10s
[2020-09-11T13:11:43.343+0000][1][gc           ] GC(63) Concurrent Reset
[2020-09-11T13:11:43.372+0000][1][gc           ] GC(63) Concurrent Reset 28.649ms
[2020-09-11T13:11:43.372+0000][1][gc,cpu       ] GC(63) User=0.00s Sys=0.00s Real=0.03s
[2020-09-11T13:11:43.372+0000][1][gc,heap      ] GC(63) Old: 56727K->55778K(439104K)
[2020-09-11T13:11:43.678+0000][1][gc,start     ] GC(64) Pause Young (Allocation Failure)
[2020-09-11T13:11:43.678+0000][1][gc,task      ] GC(64) Using 1 workers of 1 for evacuation
[2020-09-11T13:11:43.758+0000][1][gc,age       ] GC(64) Desired survivor size 4358144 bytes, new threshold 2 (max threshold 6)
[2020-09-11T13:11:43.758+0000][1][gc,age       ] GC(64) Age table with threshold 2 (max threshold 6)
[2020-09-11T13:11:43.758+0000][1][gc,age       ] GC(64) - age   1:    3510936 bytes,    3510936 total
[2020-09-11T13:11:43.758+0000][1][gc,age       ] GC(64) - age   2:    1498264 bytes,    5009200 total
[2020-09-11T13:11:43.758+0000][1][gc,age       ] GC(64) - age   3:    2122792 bytes,    7131992 total
[2020-09-11T13:11:43.758+0000][1][gc,heap      ] GC(64) ParNew: 73250K->8229K(76672K)
[2020-09-11T13:11:43.758+0000][1][gc,heap      ] GC(64) CMS: 55778K->55778K(439104K)
[2020-09-11T13:11:43.758+0000][1][gc,metaspace ] GC(64) Metaspace: 66458K->66458K(1110016K)
[2020-09-11T13:11:43.758+0000][1][gc           ] GC(64) Pause Young (Allocation Failure) 126M->62M(503M) 80.089ms
[2020-09-11T13:11:43.758+0000][1][gc,cpu       ] GC(64) User=0.03s Sys=0.00s Real=0.08s
[2020-09-11T13:11:43.763+0000][1][safepoint    ] Safepoint "GenCollectForAllocation", Time since last: 433867169 ns, Reaching safepoint: 799547 ns, At safepoint: 85676246 ns, Total: 86475793 ns
[2020-09-11T13:11:44.052+0000][1][safepoint    ] Safepoint "BulkRevokeBias", Time since last: 283980023 ns, Reaching safepoint: 4053137 ns, At safepoint: 74278 ns, Total: 4127415 ns
[2020-09-11T13:11:44.212+0000][1][safepoint    ] Safepoint "Deoptimize", Time since last: 157716230 ns, Reaching safepoint: 2161917 ns, At safepoint: 373344 ns, Total: 2535261 ns
[2020-09-11T13:11:44.234+0000][1][safepoint    ] Safepoint "Deoptimize", Time since last: 19615686 ns, Reaching safepoint: 2098567 ns, At safepoint: 346628 ns, Total: 2445195 ns
[2020-09-11T13:11:44.443+0000][1][safepoint    ] Safepoint "RevokeBias", Time since last: 209175763 ns, Reaching safepoint: 115278 ns, At safepoint: 29434 ns, Total: 144712 ns
[2020-09-11T13:11:44.446+0000][1][safepoint    ] Safepoint "RevokeBias", Time since last: 2605390 ns, Reaching safepoint: 98481 ns, At safepoint: 25690 ns, Total: 124171 ns
[2020-09-11T13:11:44.452+0000][1][safepoint    ] Safepoint "RevokeBias", Time since last: 5504063 ns, Reaching safepoint: 102424 ns, At safepoint: 27949 ns, Total: 130373 ns
[2020-09-11T13:11:44.452+0000][1][safepoint    ] Safepoint "RevokeBias", Time since last: 209080 ns, Reaching safepoint: 81157 ns, At safepoint: 18703 ns, Total: 99860 ns
[2020-09-11T13:11:44.455+0000][1][safepoint    ] Safepoint "RevokeBias", Time since last: 506760 ns, Reaching safepoint: 3049291 ns, At safepoint: 20850 ns, Total: 3070141 ns
[2020-09-11T13:11:44.456+0000][1][safepoint    ] Safepoint "RevokeBias", Time since last: 47249 ns, Reaching safepoint: 82065 ns, At safepoint: 19045 ns, Total: 101110 ns
[2020-09-11T13:11:44.456+0000][1][safepoint    ] Safepoint "RevokeBias", Time since last: 80565 ns, Reaching safepoint: 84313 ns, At safepoint: 16284 ns, Total: 100597 ns
[2020-09-11T13:11:44.456+0000][1][safepoint    ] Safepoint "RevokeBias", Time since last: 273043 ns, Reaching safepoint: 79481 ns, At safepoint: 15387 ns, Total: 94868 ns
[2020-09-11T13:11:44.456+0000][1][safepoint    ] Safepoint "RevokeBias", Time since last: 145906 ns, Reaching safepoint: 81658 ns, At safepoint: 15467 ns, Total: 97125 ns
[2020-09-11T13:11:44.457+0000][1][safepoint    ] Safepoint "RevokeBias", Time since last: 34084 ns, Reaching safepoint: 79991 ns, At safepoint: 15161 ns, Total: 95152 ns
[2020-09-11T13:11:44.460+0000][1][safepoint    ] Safepoint "RevokeBias", Time since last: 2920719 ns, Reaching safepoint: 83870 ns, At safepoint: 24395 ns, Total: 108265 ns
[2020-09-11T13:11:44.460+0000][1][safepoint    ] Safepoint "RevokeBias", Time since last: 145743 ns, Reaching safepoint: 86881 ns, At safepoint: 26913 ns, Total: 113794 ns
[2020-09-11T13:11:44.468+0000][1][safepoint    ] Safepoint "RevokeBias", Time since last: 7641198 ns, Reaching safepoint: 111449 ns, At safepoint: 28162 ns, Total: 139611 ns
[2020-09-11T13:11:44.471+0000][1][safepoint    ] Safepoint "RevokeBias", Time since last: 131445 ns, Reaching safepoint: 3724311 ns, At safepoint: 31776 ns, Total: 3756087 ns
[2020-09-11T13:11:44.480+0000][1][safepoint    ] Safepoint "Deoptimize", Time since last: 7984506 ns, Reaching safepoint: 123511 ns, At safepoint: 389633 ns, Total: 513144 ns
[2020-09-11T13:11:44.523+0000][1][safepoint    ] Safepoint "RevokeBias", Time since last: 23471748 ns, Reaching safepoint: 209310 ns, At safepoint: 19785764 ns, Total: 19995074 ns
[2020-09-11T13:11:44.524+0000][1][safepoint    ] Safepoint "RevokeBias", Time since last: 43978 ns, Reaching safepoint: 588053 ns, At safepoint: 42997 ns, Total: 631050 ns
[2020-09-11T13:11:44.771+0000][1][safepoint    ] Safepoint "RevokeBias", Time since last: 245915944 ns, Reaching safepoint: 1417919 ns, At safepoint: 33050 ns, Total: 1450969 ns
[2020-09-11T13:11:45.015+0000][1][safepoint    ] Safepoint "RevokeBias", Time since last: 235644206 ns, Reaching safepoint: 8195417 ns, At safepoint: 35403 ns, Total: 8230820 ns
[2020-09-11T13:11:45.016+0000][1][safepoint    ] Safepoint "RevokeBias", Time since last: 121534 ns, Reaching safepoint: 157462 ns, At safepoint: 20602 ns, Total: 178064 ns
[2020-09-11T13:11:45.016+0000][1][safepoint    ] Safepoint "RevokeBias", Time since last: 115197 ns, Reaching safepoint: 85185 ns, At safepoint: 16905 ns, Total: 102090 ns
[2020-09-11T13:11:45.016+0000][1][safepoint    ] Safepoint "RevokeBias", Time since last: 41847 ns, Reaching safepoint: 83474 ns, At safepoint: 16593 ns, Total: 100067 ns
[2020-09-11T13:11:45.016+0000][1][safepoint    ] Safepoint "RevokeBias", Time since last: 38356 ns, Reaching safepoint: 199740 ns, At safepoint: 22219 ns, Total: 221959 ns
[2020-09-11T13:11:45.016+0000][1][safepoint    ] Safepoint "RevokeBias", Time since last: 44699 ns, Reaching safepoint: 83341 ns, At safepoint: 16639 ns, Total: 99980 ns
[2020-09-11T13:11:45.017+0000][1][safepoint    ] Safepoint "RevokeBias", Time since last: 39458 ns, Reaching safepoint: 82384 ns, At safepoint: 17760 ns, Total: 100144 ns
[2020-09-11T13:11:45.017+0000][1][safepoint    ] Safepoint "RevokeBias", Time since last: 39274 ns, Reaching safepoint: 212244 ns, At safepoint: 16393 ns, Total: 228637 ns
[2020-09-11T13:11:45.128+0000][1][safepoint    ] Safepoint "RevokeBias", Time since last: 111027731 ns, Reaching safepoint: 126307 ns, At safepoint: 36596 ns, Total: 162903 ns
[2020-09-11T13:11:45.339+0000][1][safepoint    ] Safepoint "RevokeBias", Time since last: 207594841 ns, Reaching safepoint: 3850782 ns, At safepoint: 26097 ns, Total: 3876879 ns
[2020-09-11T13:11:45.340+0000][1][safepoint    ] Safepoint "RevokeBias", Time since last: 68784 ns, Reaching safepoint: 86345 ns, At safepoint: 14447 ns, Total: 100792 ns
[2020-09-11T13:11:45.343+0000][1][safepoint    ] Safepoint "RevokeBias", Time since last: 453521 ns, Reaching safepoint: 3329931 ns, At safepoint: 24834 ns, Total: 3354765 ns
[2020-09-11T13:11:45.344+0000][1][safepoint    ] Safepoint "RevokeBias", Time since last: 147829 ns, Reaching safepoint: 88695 ns, At safepoint: 14165 ns, Total: 102860 ns
[2020-09-11T13:11:45.364+0000][1][safepoint    ] Safepoint "RevokeBias", Time since last: 20137485 ns, Reaching safepoint: 127516 ns, At safepoint: 25217 ns, Total: 152733 ns
[2020-09-11T13:11:45.376+0000][1][safepoint    ] Safepoint "RevokeBias", Time since last: 248870 ns, Reaching safepoint: 11416607 ns, At safepoint: 36523 ns, Total: 11453130 ns
[2020-09-11T13:11:45.376+0000][1][safepoint    ] Safepoint "RevokeBias", Time since last: 527129 ns, Reaching safepoint: 86885 ns, At safepoint: 17267 ns, Total: 104152 ns
[2020-09-11T13:11:45.376+0000][1][safepoint    ] Safepoint "RevokeBias", Time since last: 54055 ns, Reaching safepoint: 84634 ns, At safepoint: 14499 ns, Total: 99133 ns
[2020-09-11T13:11:45.377+0000][1][safepoint    ] Safepoint "RevokeBias", Time since last: 68280 ns, Reaching safepoint: 82691 ns, At safepoint: 14598 ns, Total: 97289 ns
[2020-09-11T13:11:45.377+0000][1][safepoint    ] Safepoint "RevokeBias", Time since last: 183795 ns, Reaching safepoint: 82355 ns, At safepoint: 13868 ns, Total: 96223 ns
[2020-09-11T13:11:45.377+0000][1][safepoint    ] Safepoint "RevokeBias", Time since last: 52822 ns, Reaching safepoint: 12782 ns, At safepoint: 11917 ns, Total: 24699 ns
[2020-09-11T13:11:45.377+0000][1][safepoint    ] Safepoint "RevokeBias", Time since last: 64632 ns, Reaching safepoint: 12574 ns, At safepoint: 11454 ns, Total: 24028 ns
[2020-09-11T13:11:45.380+0000][1][safepoint    ] Safepoint "RevokeBias", Time since last: 2367708 ns, Reaching safepoint: 20037 ns, At safepoint: 17524 ns, Total: 37561 ns
[2020-09-11T13:11:45.380+0000][1][safepoint    ] Safepoint "RevokeBias", Time since last: 52403 ns, Reaching safepoint: 12892 ns, At safepoint: 24521 ns, Total: 37413 ns
[2020-09-11T13:11:45.388+0000][1][safepoint    ] Safepoint "RevokeBias", Time since last: 8100563 ns, Reaching safepoint: 119883 ns, At safepoint: 34510 ns, Total: 154393 ns
[2020-09-11T13:11:45.388+0000][1][safepoint    ] Safepoint "RevokeBias", Time since last: 293218 ns, Reaching safepoint: 82960 ns, At safepoint: 84063 ns, Total: 167023 ns
[2020-09-11T13:11:45.412+0000][1][safepoint    ] Safepoint "RevokeBias", Time since last: 23932726 ns, Reaching safepoint: 143150 ns, At safepoint: 21374 ns, Total: 164524 ns
[2020-09-11T13:11:45.424+0000][1][safepoint    ] Safepoint "RevokeBias", Time since last: 831295 ns, Reaching safepoint: 10346751 ns, At safepoint: 31529 ns, Total: 10378280 ns
[2020-09-11T13:11:45.431+0000][1][safepoint    ] Safepoint "RevokeBias", Time since last: 7245210 ns, Reaching safepoint: 113915 ns, At safepoint: 23818 ns, Total: 137733 ns
[2020-09-11T13:11:45.436+0000][1][safepoint    ] Safepoint "RevokeBias", Time since last: 4498113 ns, Reaching safepoint: 111001 ns, At safepoint: 35809 ns, Total: 146810 ns
[2020-09-11T13:11:45.436+0000][1][safepoint    ] Safepoint "RevokeBias", Time since last: 93262 ns, Reaching safepoint: 89443 ns, At safepoint: 11887 ns, Total: 101330 ns
[2020-09-11T13:11:45.436+0000][1][safepoint    ] Safepoint "RevokeBias", Time since last: 383560 ns, Reaching safepoint: 86500 ns, At safepoint: 11108 ns, Total: 97608 ns
[2020-09-11T13:11:45.436+0000][1][safepoint    ] Safepoint "RevokeBias", Time since last: 38420 ns, Reaching safepoint: 84958 ns, At safepoint: 10840 ns, Total: 95798 ns
[2020-09-11T13:11:45.448+0000][1][safepoint    ] Safepoint "RevokeBias", Time since last: 11101398 ns, Reaching safepoint: 121362 ns, At safepoint: 21226 ns, Total: 142588 ns
[2020-09-11T13:11:45.448+0000][1][safepoint    ] Safepoint "RevokeBias", Time since last: 147599 ns, Reaching safepoint: 84134 ns, At safepoint: 11519 ns, Total: 95653 ns
[2020-09-11T13:11:45.448+0000][1][safepoint    ] Safepoint "RevokeBias", Time since last: 57836 ns, Reaching safepoint: 85316 ns, At safepoint: 10522 ns, Total: 95838 ns
[2020-09-11T13:11:45.484+0000][1][safepoint    ] Safepoint "RevokeBias", Time since last: 16905883 ns, Reaching safepoint: 18650187 ns, At safepoint: 22278 ns, Total: 18672465 ns
[2020-09-11T13:11:45.484+0000][1][safepoint    ] Safepoint "RevokeBias", Time since last: 105703 ns, Reaching safepoint: 84105 ns, At safepoint: 14503 ns, Total: 98608 ns
[2020-09-11T13:11:45.500+0000][1][safepoint    ] Safepoint "RevokeBias", Time since last: 15582692 ns, Reaching safepoint: 199004 ns, At safepoint: 23909 ns, Total: 222913 ns
[2020-09-11T13:11:45.500+0000][1][safepoint    ] Safepoint "RevokeBias", Time since last: 243180 ns, Reaching safepoint: 87659 ns, At safepoint: 13007 ns, Total: 100666 ns
[2020-09-11T13:11:45.500+0000][1][safepoint    ] Safepoint "RevokeBias", Time since last: 68055 ns, Reaching safepoint: 86859 ns, At safepoint: 11194 ns, Total: 98053 ns
[2020-09-11T13:11:45.500+0000][1][safepoint    ] Safepoint "RevokeBias", Time since last: 52126 ns, Reaching safepoint: 85286 ns, At safepoint: 10891 ns, Total: 96177 ns
[2020-09-11T13:11:45.501+0000][1][safepoint    ] Safepoint "RevokeBias", Time since last: 67710 ns, Reaching safepoint: 85883 ns, At safepoint: 40947 ns, Total: 126830 ns
[2020-09-11T13:11:45.501+0000][1][safepoint    ] Safepoint "RevokeBias", Time since last: 39713 ns, Reaching safepoint: 86063 ns, At safepoint: 11806 ns, Total: 97869 ns
[2020-09-11T13:11:45.501+0000][1][safepoint    ] Safepoint "RevokeBias", Time since last: 40477 ns, Reaching safepoint: 91197 ns, At safepoint: 11304 ns, Total: 102501 ns
[2020-09-11T13:11:45.513+0000][1][safepoint    ] Safepoint "RevokeBias", Time since last: 11969569 ns, Reaching safepoint: 118598 ns, At safepoint: 55030 ns, Total: 173628 ns
[2020-09-11T13:11:45.513+0000][1][safepoint    ] Safepoint "RevokeBias", Time since last: 87307 ns, Reaching safepoint: 92275 ns, At safepoint: 12763 ns, Total: 105038 ns
[2020-09-11T13:11:45.514+0000][1][safepoint    ] Safepoint "RevokeBias", Time since last: 594481 ns, Reaching safepoint: 88385 ns, At safepoint: 27011 ns, Total: 115396 ns
[2020-09-11T13:11:45.543+0000][1][safepoint    ] Safepoint "RevokeBias", Time since last: 28758838 ns, Reaching safepoint: 128658 ns, At safepoint: 20995 ns, Total: 149653 ns
[2020-09-11T13:11:45.543+0000][1][safepoint    ] Safepoint "RevokeBias", Time since last: 320818 ns, Reaching safepoint: 20676 ns, At safepoint: 36783 ns, Total: 57459 ns
[2020-09-11T13:11:45.543+0000][1][safepoint    ] Safepoint "RevokeBias", Time since last: 52935 ns, Reaching safepoint: 18058 ns, At safepoint: 11088 ns, Total: 29146 ns
[2020-09-11T13:11:45.567+0000][1][safepoint    ] Safepoint "RevokeBias", Time since last: 23621094 ns, Reaching safepoint: 117177 ns, At safepoint: 21182 ns, Total: 138359 ns
[2020-09-11T13:11:45.568+0000][1][safepoint    ] Safepoint "RevokeBias", Time since last: 445288 ns, Reaching safepoint: 103067 ns, At safepoint: 13056 ns, Total: 116123 ns
[2020-09-11T13:11:45.568+0000][1][safepoint    ] Safepoint "RevokeBias", Time since last: 50180 ns, Reaching safepoint: 87190 ns, At safepoint: 32459 ns, Total: 119649 ns
[2020-09-11T13:11:45.568+0000][1][safepoint    ] Safepoint "RevokeBias", Time since last: 516326 ns, Reaching safepoint: 85302 ns, At safepoint: 14255 ns, Total: 99557 ns
[2020-09-11T13:11:45.568+0000][1][safepoint    ] Safepoint "RevokeBias", Time since last: 35003 ns, Reaching safepoint: 12597 ns, At safepoint: 10035 ns, Total: 22632 ns
[2020-09-11T13:11:45.568+0000][1][safepoint    ] Safepoint "RevokeBias", Time since last: 42011 ns, Reaching safepoint: 12574 ns, At safepoint: 9903 ns, Total: 22477 ns
[2020-09-11T13:11:45.577+0000][1][safepoint    ] Safepoint "RevokeBias", Time since last: 8523854 ns, Reaching safepoint: 108720 ns, At safepoint: 35292 ns, Total: 144012 ns
[2020-09-11T13:11:45.607+0000][1][safepoint    ] Safepoint "RevokeBias", Time since last: 29409547 ns, Reaching safepoint: 119745 ns, At safepoint: 45210 ns, Total: 164955 ns
[2020-09-11T13:11:45.607+0000][1][safepoint    ] Safepoint "RevokeBias", Time since last: 136401 ns, Reaching safepoint: 88366 ns, At safepoint: 25612 ns, Total: 113978 ns
[2020-09-11T13:11:45.622+0000][1][safepoint    ] Safepoint "BulkRevokeBias", Time since last: 14454574 ns, Reaching safepoint: 109284 ns, At safepoint: 121013 ns, Total: 230297 ns
[2020-09-11T13:11:45.640+0000][1][safepoint    ] Safepoint "RevokeBias", Time since last: 17816703 ns, Reaching safepoint: 118347 ns, At safepoint: 21694 ns, Total: 140041 ns
[2020-09-11T13:11:45.641+0000][1][safepoint    ] Safepoint "RevokeBias", Time since last: 1602922 ns, Reaching safepoint: 94603 ns, At safepoint: 15048 ns, Total: 109651 ns
[2020-09-11T13:11:45.664+0000][1][safepoint    ] Safepoint "RevokeBias", Time since last: 22595111 ns, Reaching safepoint: 107986 ns, At safepoint: 15693 ns, Total: 123679 ns
[2020-09-11T13:11:46.326+0000][1][safepoint    ] Safepoint "RevokeBias", Time since last: 661461013 ns, Reaching safepoint: 65017 ns, At safepoint: 15276 ns, Total: 80293 ns
[2020-09-11T13:11:46.326+0000][1][safepoint    ] Safepoint "RevokeBias", Time since last: 232948 ns, Reaching safepoint: 14672 ns, At safepoint: 9836 ns, Total: 24508 ns
[2020-09-11T13:11:46.327+0000][1][safepoint    ] Safepoint "RevokeBias", Time since last: 765133 ns, Reaching safepoint: 16753 ns, At safepoint: 10737 ns, Total: 27490 ns
[2020-09-11T13:11:46.327+0000][1][safepoint    ] Safepoint "RevokeBias", Time since last: 478119 ns, Reaching safepoint: 15303 ns, At safepoint: 9827 ns, Total: 25130 ns
[2020-09-11T13:11:46.330+0000][1][safepoint    ] Safepoint "RevokeBias", Time since last: 3281280 ns, Reaching safepoint: 34646 ns, At safepoint: 16570 ns, Total: 51216 ns
[2020-09-11T13:11:46.335+0000][1][safepoint    ] Safepoint "RevokeBias", Time since last: 4638025 ns, Reaching safepoint: 41386 ns, At safepoint: 17053 ns, Total: 58439 ns
[2020-09-11T13:11:46.336+0000][1][safepoint    ] Safepoint "RevokeBias", Time since last: 659057 ns, Reaching safepoint: 18806 ns, At safepoint: 11407 ns, Total: 30213 ns
[2020-09-11T13:11:46.336+0000][1][safepoint    ] Safepoint "RevokeBias", Time since last: 200557 ns, Reaching safepoint: 16491 ns, At safepoint: 9450 ns, Total: 25941 ns
[2020-09-11T13:11:47.325+0000][1][safepoint    ] Safepoint "RevokeBias", Time since last: 988512928 ns, Reaching safepoint: 39099 ns, At safepoint: 17302 ns, Total: 56401 ns
[2020-09-11T13:11:47.327+0000][1][safepoint    ] Safepoint "RevokeBias", Time since last: 1978610 ns, Reaching safepoint: 37721 ns, At safepoint: 12748 ns, Total: 50469 ns
[2020-09-11T13:11:47.327+0000][1][safepoint    ] Safepoint "RevokeBias", Time since last: 258314 ns, Reaching safepoint: 22399 ns, At safepoint: 11520 ns, Total: 33919 ns
[2020-09-11T13:11:47.327+0000][1][safepoint    ] Safepoint "RevokeBias", Time since last: 92230 ns, Reaching safepoint: 18424 ns, At safepoint: 10043 ns, Total: 28467 ns
[2020-09-11T13:11:47.327+0000][1][safepoint    ] Safepoint "RevokeBias", Time since last: 185075 ns, Reaching safepoint: 16750 ns, At safepoint: 10766 ns, Total: 27516 ns
[2020-09-11T13:11:47.332+0000][1][safepoint    ] Safepoint "RevokeBias", Time since last: 4184740 ns, Reaching safepoint: 113459 ns, At safepoint: 24268 ns, Total: 137727 ns
[2020-09-11T13:11:47.335+0000][1][safepoint    ] Safepoint "RevokeBias", Time since last: 1315181 ns, Reaching safepoint: 2509064 ns, At safepoint: 18967 ns, Total: 2528031 ns
[2020-09-11T13:11:48.327+0000][1][safepoint    ] Safepoint "RevokeBias", Time since last: 991166460 ns, Reaching safepoint: 67314 ns, At safepoint: 20197 ns, Total: 87511 ns
[2020-09-11T13:11:48.327+0000][1][safepoint    ] Safepoint "RevokeBias", Time since last: 126674 ns, Reaching safepoint: 23183 ns, At safepoint: 11150 ns, Total: 34333 ns
[2020-09-11T13:11:48.327+0000][1][safepoint    ] Safepoint "RevokeBias", Time since last: 251926 ns, Reaching safepoint: 21148 ns, At safepoint: 10496 ns, Total: 31644 ns
[2020-09-11T13:11:48.327+0000][1][safepoint    ] Safepoint "RevokeBias", Time since last: 171129 ns, Reaching safepoint: 19151 ns, At safepoint: 9965 ns, Total: 29116 ns
[2020-09-11T13:11:48.328+0000][1][safepoint    ] Safepoint "RevokeBias", Time since last: 608687 ns, Reaching safepoint: 19413 ns, At safepoint: 10359 ns, Total: 29772 ns
[2020-09-11T13:11:48.328+0000][1][safepoint    ] Safepoint "RevokeBias", Time since last: 411663 ns, Reaching safepoint: 19490 ns, At safepoint: 9580 ns, Total: 29070 ns
[2020-09-11T13:11:48.332+0000][1][safepoint    ] Safepoint "RevokeBias", Time since last: 3420835 ns, Reaching safepoint: 37416 ns, At safepoint: 14541 ns, Total: 51957 ns
[2020-09-11T13:11:49.327+0000][1][safepoint    ] Safepoint "RevokeBias", Time since last: 995067235 ns, Reaching safepoint: 38807 ns, At safepoint: 14736 ns, Total: 53543 ns
[2020-09-11T13:11:49.327+0000][1][safepoint    ] Safepoint "RevokeBias", Time since last: 236851 ns, Reaching safepoint: 14475 ns, At safepoint: 8911 ns, Total: 23386 ns
[2020-09-11T13:11:49.328+0000][1][safepoint    ] Safepoint "RevokeBias", Time since last: 506360 ns, Reaching safepoint: 15209 ns, At safepoint: 9246 ns, Total: 24455 ns
[2020-09-11T13:11:49.329+0000][1][safepoint    ] Safepoint "RevokeBias", Time since last: 989638 ns, Reaching safepoint: 19452 ns, At safepoint: 9574 ns, Total: 29026 ns
[2020-09-11T13:11:50.327+0000][1][safepoint    ] Safepoint "RevokeBias", Time since last: 998319529 ns, Reaching safepoint: 109663 ns, At safepoint: 21250 ns, Total: 130913 ns
[2020-09-11T13:11:50.331+0000][1][safepoint    ] Safepoint "RevokeBias", Time since last: 295091 ns, Reaching safepoint: 3849510 ns, At safepoint: 17929 ns, Total: 3867439 ns
[2020-09-11T13:11:50.332+0000][1][safepoint    ] Safepoint "RevokeBias", Time since last: 603419 ns, Reaching safepoint: 99697 ns, At safepoint: 15462 ns, Total: 115159 ns
[2020-09-11T13:11:50.336+0000][1][safepoint    ] Safepoint "RevokeBias", Time since last: 2983776 ns, Reaching safepoint: 354125 ns, At safepoint: 19645 ns, Total: 373770 ns
[2020-09-11T13:11:50.361+0000][1][safepoint    ] Safepoint "RevokeBias", Time since last: 24929932 ns, Reaching safepoint: 341912 ns, At safepoint: 24681 ns, Total: 366593 ns
[2020-09-11T13:11:50.361+0000][1][safepoint    ] Safepoint "RevokeBias", Time since last: 57425 ns, Reaching safepoint: 208847 ns, At safepoint: 16492 ns, Total: 225339 ns
[2020-09-11T13:11:50.415+0000][1][safepoint    ] Safepoint "RevokeBias", Time since last: 54242480 ns, Reaching safepoint: 99075 ns, At safepoint: 25781 ns, Total: 124856 ns
[2020-09-11T13:11:50.416+0000][1][safepoint    ] Safepoint "RevokeBias", Time since last: 91644 ns, Reaching safepoint: 102699 ns, At safepoint: 16054 ns, Total: 118753 ns
[2020-09-11T13:11:50.416+0000][1][safepoint    ] Safepoint "RevokeBias", Time since last: 56465 ns, Reaching safepoint: 99004 ns, At safepoint: 14900 ns, Total: 113904 ns
[2020-09-11T13:11:50.416+0000][1][safepoint    ] Safepoint "RevokeBias", Time since last: 44394 ns, Reaching safepoint: 98984 ns, At safepoint: 14967 ns, Total: 113951 ns
[2020-09-11T13:11:50.416+0000][1][safepoint    ] Safepoint "RevokeBias", Time since last: 39555 ns, Reaching safepoint: 97514 ns, At safepoint: 14978 ns, Total: 112492 ns
[2020-09-11T13:11:50.417+0000][1][safepoint    ] Safepoint "RevokeBias", Time since last: 243827 ns, Reaching safepoint: 99789 ns, At safepoint: 14934 ns, Total: 114723 ns
[2020-09-11T13:11:50.417+0000][1][safepoint    ] Safepoint "RevokeBias", Time since last: 37428 ns, Reaching safepoint: 91947 ns, At safepoint: 13144 ns, Total: 105091 ns
[2020-09-11T13:11:50.417+0000][1][safepoint    ] Safepoint "RevokeBias", Time since last: 35418 ns, Reaching safepoint: 91824 ns, At safepoint: 12660 ns, Total: 104484 ns
[2020-09-11T13:11:50.444+0000][1][safepoint    ] Safepoint "RevokeBias", Time since last: 27341866 ns, Reaching safepoint: 118411 ns, At safepoint: 22954 ns, Total: 141365 ns
[2020-09-11T13:11:50.508+0000][1][safepoint    ] Safepoint "RevokeBias", Time since last: 63194586 ns, Reaching safepoint: 114512 ns, At safepoint: 18018 ns, Total: 132530 ns
[2020-09-11T13:11:50.509+0000][1][safepoint    ] Safepoint "RevokeBias", Time since last: 59346 ns, Reaching safepoint: 917787 ns, At safepoint: 15460 ns, Total: 933247 ns
[2020-09-11T13:11:50.509+0000][1][safepoint    ] Safepoint "RevokeBias", Time since last: 45766 ns, Reaching safepoint: 85367 ns, At safepoint: 10715 ns, Total: 96082 ns
[2020-09-11T13:11:50.509+0000][1][safepoint    ] Safepoint "RevokeBias", Time since last: 54494 ns, Reaching safepoint: 85664 ns, At safepoint: 10591 ns, Total: 96255 ns
[2020-09-11T13:11:50.580+0000][1][safepoint    ] Safepoint "RevokeBias", Time since last: 71437863 ns, Reaching safepoint: 107688 ns, At safepoint: 16984 ns, Total: 124672 ns
[2020-09-11T13:11:50.604+0000][1][safepoint    ] Safepoint "RevokeBias", Time since last: 23098887 ns, Reaching safepoint: 116074 ns, At safepoint: 25359 ns, Total: 141433 ns
[2020-09-11T13:11:50.605+0000][1][safepoint    ] Safepoint "RevokeBias", Time since last: 1466465 ns, Reaching safepoint: 95966 ns, At safepoint: 15451 ns, Total: 111417 ns
[2020-09-11T13:11:50.605+0000][1][safepoint    ] Safepoint "RevokeBias", Time since last: 73333 ns, Reaching safepoint: 87790 ns, At safepoint: 13202 ns, Total: 100992 ns
[2020-09-11T13:11:50.606+0000][1][safepoint    ] Safepoint "RevokeBias", Time since last: 40315 ns, Reaching safepoint: 88862 ns, At safepoint: 11678 ns, Total: 100540 ns
[2020-09-11T13:11:50.606+0000][1][safepoint    ] Safepoint "RevokeBias", Time since last: 434836 ns, Reaching safepoint: 88816 ns, At safepoint: 12618 ns, Total: 101434 ns
[2020-09-11T13:11:50.607+0000][1][safepoint    ] Safepoint "RevokeBias", Time since last: 479493 ns, Reaching safepoint: 86075 ns, At safepoint: 13151 ns, Total: 99226 ns
[2020-09-11T13:11:50.612+0000][1][safepoint    ] Safepoint "RevokeBias", Time since last: 4707468 ns, Reaching safepoint: 105273 ns, At safepoint: 14117 ns, Total: 119390 ns
[2020-09-11T13:11:51.148+0000][1][safepoint    ] Safepoint "RevokeBias", Time since last: 535882416 ns, Reaching safepoint: 126229 ns, At safepoint: 20207 ns, Total: 146436 ns
[2020-09-11T13:11:51.149+0000][1][safepoint    ] Safepoint "Deoptimize", Time since last: 760877 ns, Reaching safepoint: 91506 ns, At safepoint: 350300 ns, Total: 441806 ns
[2020-09-11T13:11:51.280+0000][1][safepoint    ] Safepoint "RevokeBias", Time since last: 130661319 ns, Reaching safepoint: 128585 ns, At safepoint: 26196 ns, Total: 154781 ns
[2020-09-11T13:11:51.322+0000][1][safepoint    ] Safepoint "RevokeBias", Time since last: 42477150 ns, Reaching safepoint: 118036 ns, At safepoint: 38367 ns, Total: 156403 ns
[2020-09-11T13:11:51.322+0000][1][safepoint    ] Safepoint "RevokeBias", Time since last: 68564 ns, Reaching safepoint: 95770 ns, At safepoint: 29848 ns, Total: 125618 ns
[2020-09-11T13:11:51.418+0000][1][safepoint    ] Safepoint "RevokeBias", Time since last: 95775119 ns, Reaching safepoint: 117072 ns, At safepoint: 17987 ns, Total: 135059 ns
[2020-09-11T13:11:51.500+0000][1][safepoint    ] Safepoint "RevokeBias", Time since last: 81100231 ns, Reaching safepoint: 131954 ns, At safepoint: 26981 ns, Total: 158935 ns
[2020-09-11T13:11:51.576+0000][1][safepoint    ] Safepoint "RevokeBias", Time since last: 71838388 ns, Reaching safepoint: 4100850 ns, At safepoint: 28240 ns, Total: 4129090 ns
[2020-09-11T13:11:51.593+0000][1][safepoint    ] Safepoint "RevokeBias", Time since last: 13283256 ns, Reaching safepoint: 3684385 ns, At safepoint: 36896 ns, Total: 3721281 ns
[2020-09-11T13:11:51.667+0000][1][safepoint    ] Safepoint "RevokeBias", Time since last: 70189872 ns, Reaching safepoint: 4709918 ns, At safepoint: 25863 ns, Total: 4735781 ns
[2020-09-11T13:11:51.684+0000][1][safepoint    ] Safepoint "RevokeBias", Time since last: 16530207 ns, Reaching safepoint: 123440 ns, At safepoint: 21852 ns, Total: 145292 ns
[2020-09-11T13:11:51.685+0000][1][safepoint    ] Safepoint "RevokeBias", Time since last: 420382 ns, Reaching safepoint: 107086 ns, At safepoint: 16535 ns, Total: 123621 ns
[2020-09-11T13:11:51.685+0000][1][safepoint    ] Safepoint "RevokeBias", Time since last: 268276 ns, Reaching safepoint: 103660 ns, At safepoint: 14011 ns, Total: 117671 ns
[2020-09-11T13:11:51.685+0000][1][safepoint    ] Safepoint "RevokeBias", Time since last: 122360 ns, Reaching safepoint: 99586 ns, At safepoint: 12963 ns, Total: 112549 ns
[2020-09-11T13:11:51.694+0000][1][safepoint    ] Safepoint "RevokeBias", Time since last: 6103245 ns, Reaching safepoint: 2170322 ns, At safepoint: 20915 ns, Total: 2191237 ns
[2020-09-11T13:11:51.694+0000][1][safepoint    ] Safepoint "RevokeBias", Time since last: 200194 ns, Reaching safepoint: 109673 ns, At safepoint: 16782 ns, Total: 126455 ns
[2020-09-11T13:11:51.694+0000][1][safepoint    ] Safepoint "RevokeBias", Time since last: 267026 ns, Reaching safepoint: 102397 ns, At safepoint: 13636 ns, Total: 116033 ns
[2020-09-11T13:11:51.695+0000][1][safepoint    ] Safepoint "RevokeBias", Time since last: 120856 ns, Reaching safepoint: 98767 ns, At safepoint: 13659 ns, Total: 112426 ns
[2020-09-11T13:11:51.696+0000][1][safepoint    ] Safepoint "RevokeBias", Time since last: 799271 ns, Reaching safepoint: 139928 ns, At safepoint: 12547 ns, Total: 152475 ns
[2020-09-11T13:11:51.698+0000][1][safepoint    ] Safepoint "RevokeBias", Time since last: 113945 ns, Reaching safepoint: 2603025 ns, At safepoint: 15914 ns, Total: 2618939 ns
[2020-09-11T13:11:51.699+0000][1][safepoint    ] Safepoint "RevokeBias", Time since last: 253930 ns, Reaching safepoint: 102841 ns, At safepoint: 14396 ns, Total: 117237 ns
[2020-09-11T13:11:51.699+0000][1][safepoint    ] Safepoint "RevokeBias", Time since last: 122874 ns, Reaching safepoint: 94830 ns, At safepoint: 12214 ns, Total: 107044 ns
[2020-09-11T13:11:51.699+0000][1][safepoint    ] Safepoint "RevokeBias", Time since last: 182646 ns, Reaching safepoint: 92118 ns, At safepoint: 10905 ns, Total: 103023 ns
[2020-09-11T13:11:51.699+0000][1][safepoint    ] Safepoint "RevokeBias", Time since last: 99351 ns, Reaching safepoint: 91777 ns, At safepoint: 11029 ns, Total: 102806 ns
[2020-09-11T13:11:51.700+0000][1][safepoint    ] Safepoint "BulkRevokeBias", Time since last: 431857 ns, Reaching safepoint: 92201 ns, At safepoint: 152838 ns, Total: 245039 ns
[2020-09-11T13:11:51.710+0000][1][safepoint    ] Safepoint "RevokeBias", Time since last: 7925532 ns, Reaching safepoint: 1875879 ns, At safepoint: 22060 ns, Total: 1897939 ns
[2020-09-11T13:11:51.711+0000][1][safepoint    ] Safepoint "RevokeBias", Time since last: 918869 ns, Reaching safepoint: 687920 ns, At safepoint: 19845 ns, Total: 707765 ns
[2020-09-11T13:11:51.719+0000][1][safepoint    ] Safepoint "RevokeBias", Time since last: 4671912 ns, Reaching safepoint: 3318277 ns, At safepoint: 19558 ns, Total: 3337835 ns
[2020-09-11T13:11:51.721+0000][1][safepoint    ] Safepoint "RevokeBias", Time since last: 681363 ns, Reaching safepoint: 1097248 ns, At safepoint: 18522 ns, Total: 1115770 ns
[2020-09-11T13:11:51.723+0000][1][safepoint    ] Safepoint "RevokeBias", Time since last: 538944 ns, Reaching safepoint: 859222 ns, At safepoint: 18047 ns, Total: 877269 ns
[2020-09-11T13:11:51.724+0000][1][safepoint    ] Safepoint "RevokeBias", Time since last: 1165381 ns, Reaching safepoint: 100319 ns, At safepoint: 14639 ns, Total: 114958 ns
[2020-09-11T13:11:51.729+0000][1][safepoint    ] Safepoint "RevokeBias", Time since last: 3737718 ns, Reaching safepoint: 790142 ns, At safepoint: 21205 ns, Total: 811347 ns
[2020-09-11T13:11:51.735+0000][1][safepoint    ] Safepoint "BulkRevokeBias", Time since last: 6063800 ns, Reaching safepoint: 125727 ns, At safepoint: 126994 ns, Total: 252721 ns
[2020-09-11T13:11:51.760+0000][1][safepoint    ] Safepoint "RevokeBias", Time since last: 24602133 ns, Reaching safepoint: 933771 ns, At safepoint: 21220 ns, Total: 954991 ns
[2020-09-11T13:11:51.761+0000][1][safepoint    ] Safepoint "BulkRevokeBias", Time since last: 686480 ns, Reaching safepoint: 101249 ns, At safepoint: 133960 ns, Total: 235209 ns
[2020-09-11T13:11:51.932+0000][1][safepoint    ] Safepoint "RevokeBias", Time since last: 170104386 ns, Reaching safepoint: 117329 ns, At safepoint: 39768 ns, Total: 157097 ns
[2020-09-11T13:11:51.935+0000][1][safepoint    ] Safepoint "RevokeBias", Time since last: 3455625 ns, Reaching safepoint: 104588 ns, At safepoint: 13649 ns, Total: 118237 ns
[2020-09-11T13:11:51.935+0000][1][safepoint    ] Safepoint "RevokeBias", Time since last: 119144 ns, Reaching safepoint: 83672 ns, At safepoint: 8977 ns, Total: 92649 ns
[2020-09-11T13:11:51.947+0000][1][safepoint    ] Safepoint "RevokeBias", Time since last: 7575059 ns, Reaching safepoint: 4496220 ns, At safepoint: 16902 ns, Total: 4513122 ns
[2020-09-11T13:11:51.948+0000][1][safepoint    ] Safepoint "RevokeBias", Time since last: 211046 ns, Reaching safepoint: 102858 ns, At safepoint: 10116 ns, Total: 112974 ns
[2020-09-11T13:11:51.948+0000][1][safepoint    ] Safepoint "RevokeBias", Time since last: 504831 ns, Reaching safepoint: 87807 ns, At safepoint: 11220 ns, Total: 99027 ns
[2020-09-11T13:11:51.949+0000][1][safepoint    ] Safepoint "RevokeBias", Time since last: 361689 ns, Reaching safepoint: 85066 ns, At safepoint: 10661 ns, Total: 95727 ns
[2020-09-11T13:11:51.949+0000][1][safepoint    ] Safepoint "RevokeBias", Time since last: 343389 ns, Reaching safepoint: 87422 ns, At safepoint: 11617 ns, Total: 99039 ns
[2020-09-11T13:11:52.246+0000][1][safepoint    ] Safepoint "RevokeBias", Time since last: 291128344 ns, Reaching safepoint: 5175567 ns, At safepoint: 53411 ns, Total: 5228978 ns
[2020-09-11T13:11:52.341+0000][1][safepoint    ] Safepoint "RevokeBias", Time since last: 95163118 ns, Reaching safepoint: 109508 ns, At safepoint: 12876 ns, Total: 122384 ns
[2020-09-11T13:11:52.344+0000][1][safepoint    ] Safepoint "RevokeBias", Time since last: 2505928 ns, Reaching safepoint: 96657 ns, At safepoint: 11900 ns, Total: 108557 ns
[2020-09-11T13:11:52.366+0000][1][safepoint    ] Safepoint "RevokeBias", Time since last: 19894980 ns, Reaching safepoint: 2848028 ns, At safepoint: 22540 ns, Total: 2870568 ns
[2020-09-11T13:11:52.474+0000][1][safepoint    ] Safepoint "RevokeBias", Time since last: 107906418 ns, Reaching safepoint: 116142 ns, At safepoint: 26885 ns, Total: 143027 ns
[2020-09-11T13:11:52.480+0000][1][safepoint    ] Safepoint "RevokeBias", Time since last: 5070219 ns, Reaching safepoint: 100110 ns, At safepoint: 24820 ns, Total: 124930 ns
[2020-09-11T13:11:52.871+0000][1][safepoint    ] Safepoint "RevokeBias", Time since last: 389884242 ns, Reaching safepoint: 1480894 ns, At safepoint: 36119 ns, Total: 1517013 ns
[2020-09-11T13:11:52.888+0000][1][safepoint    ] Safepoint "RevokeBias", Time since last: 16719998 ns, Reaching safepoint: 119690 ns, At safepoint: 55880 ns, Total: 175570 ns
[2020-09-11T13:11:52.961+0000][1][safepoint    ] Safepoint "RevokeBias", Time since last: 72857577 ns, Reaching safepoint: 117263 ns, At safepoint: 17983 ns, Total: 135246 ns
[2020-09-11T13:11:53.016+0000][1][safepoint    ] Safepoint "RevokeBias", Time since last: 54708691 ns, Reaching safepoint: 114704 ns, At safepoint: 29144 ns, Total: 143848 ns
[2020-09-11T13:11:53.021+0000][1][safepoint    ] Safepoint "RevokeBias", Time since last: 5165081 ns, Reaching safepoint: 108667 ns, At safepoint: 32411 ns, Total: 141078 ns
[2020-09-11T13:11:53.039+0000][1][gc,start     ] GC(65) Pause Young (Allocation Failure)
[2020-09-11T13:11:53.039+0000][1][gc,task      ] GC(65) Using 1 workers of 1 for evacuation
[2020-09-11T13:11:53.104+0000][1][gc,age       ] GC(65) Desired survivor size 4358144 bytes, new threshold 2 (max threshold 6)
[2020-09-11T13:11:53.104+0000][1][gc,age       ] GC(65) Age table with threshold 2 (max threshold 6)
[2020-09-11T13:11:53.104+0000][1][gc,age       ] GC(65) - age   1:    2219264 bytes,    2219264 total
[2020-09-11T13:11:53.104+0000][1][gc,age       ] GC(65) - age   2:    3434656 bytes,    5653920 total
[2020-09-11T13:11:53.104+0000][1][gc,heap      ] GC(65) ParNew: 76389K->6252K(76672K)
[2020-09-11T13:11:53.104+0000][1][gc,heap      ] GC(65) CMS: 55778K->59392K(439104K)
[2020-09-11T13:11:53.104+0000][1][gc,metaspace ] GC(65) Metaspace: 73537K->73537K(1116160K)
[2020-09-11T13:11:53.104+0000][1][gc           ] GC(65) Pause Young (Allocation Failure) 129M->64M(503M) 65.091ms
[2020-09-11T13:11:53.104+0000][1][gc,cpu       ] GC(65) User=0.04s Sys=0.00s Real=0.07s
[2020-09-11T13:11:53.127+0000][1][safepoint    ] Safepoint "GenCollectForAllocation", Time since last: 17428608 ns, Reaching safepoint: 127012 ns, At safepoint: 88870534 ns, Total: 88997546 ns
[2020-09-11T13:11:53.218+0000][1][safepoint    ] Safepoint "RevokeBias", Time since last: 90449617 ns, Reaching safepoint: 117912 ns, At safepoint: 78764 ns, Total: 196676 ns
[2020-09-11T13:11:53.223+0000][1][safepoint    ] Safepoint "RevokeBias", Time since last: 4418923 ns, Reaching safepoint: 315219 ns, At safepoint: 106029 ns, Total: 421248 ns
[2020-09-11T13:11:53.418+0000][1][safepoint    ] Safepoint "RevokeBias", Time since last: 189715682 ns, Reaching safepoint: 4976553 ns, At safepoint: 22234 ns, Total: 4998787 ns
[2020-09-11T13:11:54.004+0000][1][safepoint    ] Safepoint "RevokeBias", Time since last: 585814243 ns, Reaching safepoint: 254529 ns, At safepoint: 16626 ns, Total: 271155 ns
[2020-09-11T13:11:54.044+0000][1][safepoint    ] Safepoint "RevokeBias", Time since last: 40227418 ns, Reaching safepoint: 121174 ns, At safepoint: 22188 ns, Total: 143362 ns
[2020-09-11T13:11:54.044+0000][1][safepoint    ] Safepoint "RevokeBias", Time since last: 66288 ns, Reaching safepoint: 97542 ns, At safepoint: 15447 ns, Total: 112989 ns
[2020-09-11T13:11:54.195+0000][1][safepoint    ] Safepoint "RevokeBias", Time since last: 147839311 ns, Reaching safepoint: 3194101 ns, At safepoint: 33516 ns, Total: 3227617 ns
[2020-09-11T13:11:54.231+0000][1][safepoint    ] Safepoint "RevokeBias", Time since last: 35591363 ns, Reaching safepoint: 118317 ns, At safepoint: 17780 ns, Total: 136097 ns
[2020-09-11T13:11:54.256+0000][1][safepoint    ] Safepoint "RevokeBias", Time since last: 24846603 ns, Reaching safepoint: 120873 ns, At safepoint: 18058 ns, Total: 138931 ns
[2020-09-11T13:11:54.292+0000][1][safepoint    ] Safepoint "RevokeBias", Time since last: 35952705 ns, Reaching safepoint: 121772 ns, At safepoint: 16696 ns, Total: 138468 ns
[2020-09-11T13:11:54.338+0000][1][safepoint    ] Safepoint "RevokeBias", Time since last: 46054173 ns, Reaching safepoint: 44337 ns, At safepoint: 16302 ns, Total: 60639 ns
[2020-09-11T13:11:54.371+0000][1][safepoint    ] Safepoint "RevokeBias", Time since last: 30367078 ns, Reaching safepoint: 2857148 ns, At safepoint: 23261 ns, Total: 2880409 ns
[2020-09-11T13:11:54.396+0000][1][safepoint    ] Safepoint "RevokeBias", Time since last: 24541204 ns, Reaching safepoint: 117182 ns, At safepoint: 15877 ns, Total: 133059 ns
[2020-09-11T13:11:54.408+0000][1][safepoint    ] Safepoint "RevokeBias", Time since last: 12108296 ns, Reaching safepoint: 115453 ns, At safepoint: 16571 ns, Total: 132024 ns
[2020-09-11T13:11:54.413+0000][1][safepoint    ] Safepoint "RevokeBias", Time since last: 4267215 ns, Reaching safepoint: 116258 ns, At safepoint: 35077 ns, Total: 151335 ns
[2020-09-11T13:11:54.416+0000][1][safepoint    ] Safepoint "RevokeBias", Time since last: 2608207 ns, Reaching safepoint: 109342 ns, At safepoint: 13531 ns, Total: 122873 ns
[2020-09-11T13:11:54.580+0000][1][safepoint    ] Safepoint "RevokeBias", Time since last: 163887493 ns, Reaching safepoint: 132604 ns, At safepoint: 22918 ns, Total: 155522 ns
[2020-09-11T13:11:54.580+0000][1][safepoint    ] Safepoint "RevokeBias", Time since last: 77987 ns, Reaching safepoint: 90747 ns, At safepoint: 12993 ns, Total: 103740 ns
[2020-09-11T13:11:54.584+0000][1][safepoint    ] Safepoint "RevokeBias", Time since last: 3960419 ns, Reaching safepoint: 120000 ns, At safepoint: 17746 ns, Total: 137746 ns
[2020-09-11T13:11:54.584+0000][1][safepoint    ] Safepoint "RevokeBias", Time since last: 63644 ns, Reaching safepoint: 88824 ns, At safepoint: 11579 ns, Total: 100403 ns
[2020-09-11T13:11:54.646+0000][1][safepoint    ] Safepoint "BulkRevokeBias", Time since last: 62023557 ns, Reaching safepoint: 131643 ns, At safepoint: 167936 ns, Total: 299579 ns
[2020-09-11T13:11:54.813+0000][1][safepoint    ] Safepoint "RevokeBias", Time since last: 166886855 ns, Reaching safepoint: 131695 ns, At safepoint: 21190 ns, Total: 152885 ns
[2020-09-11T13:11:54.816+0000][1][safepoint    ] Safepoint "RevokeBias", Time since last: 2022746 ns, Reaching safepoint: 107471 ns, At safepoint: 16783 ns, Total: 124254 ns
[2020-09-11T13:11:54.816+0000][1][safepoint    ] Safepoint "RevokeBias", Time since last: 50086 ns, Reaching safepoint: 95079 ns, At safepoint: 14452 ns, Total: 109531 ns
[2020-09-11T13:11:54.863+0000][1][safepoint    ] Safepoint "RevokeBias", Time since last: 47196786 ns, Reaching safepoint: 127084 ns, At safepoint: 18358 ns, Total: 145442 ns
[2020-09-11T13:11:54.884+0000][1][safepoint    ] Safepoint "RevokeBias", Time since last: 20734876 ns, Reaching safepoint: 113374 ns, At safepoint: 27069 ns, Total: 140443 ns
[2020-09-11T13:11:55.222+0000][1][safepoint    ] Safepoint "RevokeBias", Time since last: 337712715 ns, Reaching safepoint: 123244 ns, At safepoint: 9022 ns, Total: 132266 ns
[2020-09-11T13:11:55.222+0000][1][safepoint    ] Safepoint "RevokeBias", Time since last: 62693 ns, Reaching safepoint: 89273 ns, At safepoint: 5005 ns, Total: 94278 ns
[2020-09-11T13:11:55.240+0000][1][safepoint    ] Safepoint "RevokeBias", Time since last: 17855174 ns, Reaching safepoint: 113610 ns, At safepoint: 15362 ns, Total: 128972 ns
[2020-09-11T13:11:55.311+0000][1][safepoint    ] Safepoint "RevokeBias", Time since last: 71515346 ns, Reaching safepoint: 46967 ns, At safepoint: 10291 ns, Total: 57258 ns
[2020-09-11T13:11:55.330+0000][1][safepoint    ] Safepoint "RevokeBias", Time since last: 17928485 ns, Reaching safepoint: 522081 ns, At safepoint: 16508 ns, Total: 538589 ns
[2020-09-11T13:11:55.338+0000][1][safepoint    ] Safepoint "RevokeBias", Time since last: 7657300 ns, Reaching safepoint: 118141 ns, At safepoint: 8719 ns, Total: 126860 ns
[2020-09-11T13:11:55.338+0000][1][safepoint    ] Safepoint "BulkRevokeBias", Time since last: 77930 ns, Reaching safepoint: 89647 ns, At safepoint: 336698 ns, Total: 426345 ns
[2020-09-11T13:11:55.338+0000][1][safepoint    ] Safepoint "RevokeBias", Time since last: 47110 ns, Reaching safepoint: 91621 ns, At safepoint: 5028 ns, Total: 96649 ns
[2020-09-11T13:11:55.339+0000][1][safepoint    ] Safepoint "RevokeBias", Time since last: 178172 ns, Reaching safepoint: 88488 ns, At safepoint: 5172 ns, Total: 93660 ns
[2020-09-11T13:11:55.652+0000][1][safepoint    ] Safepoint "RevokeBias", Time since last: 312934669 ns, Reaching safepoint: 53243 ns, At safepoint: 9192 ns, Total: 62435 ns
[2020-09-11T13:11:55.696+0000][1][safepoint    ] Safepoint "RevokeBias", Time since last: 44037151 ns, Reaching safepoint: 199831 ns, At safepoint: 21878 ns, Total: 221709 ns
[2020-09-11T13:11:55.804+0000][1][safepoint    ] Safepoint "RevokeBias", Time since last: 107532745 ns, Reaching safepoint: 55937 ns, At safepoint: 12512 ns, Total: 68449 ns
[2020-09-11T13:11:55.804+0000][1][safepoint    ] Safepoint "RevokeBias", Time since last: 155854 ns, Reaching safepoint: 19239 ns, At safepoint: 5317 ns, Total: 24556 ns
[2020-09-11T13:11:56.808+0000][1][safepoint    ] Safepoint "Cleanup", Time since last: 1003708303 ns, Reaching safepoint: 671306 ns, At safepoint: 17108 ns, Total: 688414 ns
[2020-09-11T13:11:57.811+0000][1][safepoint    ] Safepoint "Cleanup", Time since last: 1003337236 ns, Reaching safepoint: 60081 ns, At safepoint: 7766 ns, Total: 67847 ns
[2020-09-11T13:11:58.814+0000][1][safepoint    ] Safepoint "Cleanup", Time since last: 1002054663 ns, Reaching safepoint: 69125 ns, At safepoint: 6859 ns, Total: 75984 ns
[2020-09-11T13:11:58.972+0000][1][gc,start     ] GC(66) Pause Young (Allocation Failure)
[2020-09-11T13:11:58.972+0000][1][gc,task      ] GC(66) Using 1 workers of 1 for evacuation
[2020-09-11T13:11:59.029+0000][1][gc,age       ] GC(66) Desired survivor size 4358144 bytes, new threshold 6 (max threshold 6)
[2020-09-11T13:11:59.029+0000][1][gc,age       ] GC(66) Age table with threshold 6 (max threshold 6)
[2020-09-11T13:11:59.029+0000][1][gc,age       ] GC(66) - age   1:     852784 bytes,     852784 total
[2020-09-11T13:11:59.029+0000][1][gc,age       ] GC(66) - age   2:    1897960 bytes,    2750744 total
[2020-09-11T13:11:59.029+0000][1][gc,heap      ] GC(66) ParNew: 74412K->5704K(76672K)
[2020-09-11T13:11:59.029+0000][1][gc,heap      ] GC(66) CMS: 59392K->62874K(439104K)
[2020-09-11T13:11:59.029+0000][1][gc,metaspace ] GC(66) Metaspace: 74659K->74659K(1118208K)
[2020-09-11T13:11:59.029+0000][1][gc           ] GC(66) Pause Young (Allocation Failure) 130M->66M(503M) 56.970ms
[2020-09-11T13:11:59.029+0000][1][gc,cpu       ] GC(66) User=0.03s Sys=0.00s Real=0.06s
[2020-09-11T13:11:59.036+0000][1][safepoint    ] Safepoint "GenCollectForAllocation", Time since last: 158752284 ns, Reaching safepoint: 55979 ns, At safepoint: 63688389 ns, Total: 63744368 ns
[2020-09-11T13:12:00.060+0000][1][safepoint    ] Safepoint "Cleanup", Time since last: 1023381355 ns, Reaching safepoint: 96146 ns, At safepoint: 6330 ns, Total: 102476 ns
[2020-09-11T13:12:00.349+0000][1][safepoint    ] Safepoint "RevokeBias", Time since last: 289260806 ns, Reaching safepoint: 129262 ns, At safepoint: 9073 ns, Total: 138335 ns
[2020-09-11T13:12:00.793+0000][1][safepoint    ] Safepoint "RevokeBias", Time since last: 443492419 ns, Reaching safepoint: 145045 ns, At safepoint: 9275 ns, Total: 154320 ns
[2020-09-11T13:12:00.793+0000][1][safepoint    ] Safepoint "BulkRevokeBias", Time since last: 276027 ns, Reaching safepoint: 95629 ns, At safepoint: 148899 ns, Total: 244528 ns
[2020-09-11T13:12:00.796+0000][1][safepoint    ] Safepoint "RevokeBias", Time since last: 2467047 ns, Reaching safepoint: 118394 ns, At safepoint: 7179 ns, Total: 125573 ns
[2020-09-11T13:12:00.804+0000][1][safepoint    ] Safepoint "RevokeBias", Time since last: 7689372 ns, Reaching safepoint: 129432 ns, At safepoint: 10080 ns, Total: 139512 ns
[2020-09-11T13:12:00.805+0000][1][safepoint    ] Safepoint "RevokeBias", Time since last: 1429656 ns, Reaching safepoint: 25318 ns, At safepoint: 6469 ns, Total: 31787 ns
[2020-09-11T13:12:01.026+0000][1][safepoint    ] Safepoint "Deoptimize", Time since last: 220418077 ns, Reaching safepoint: 123209 ns, At safepoint: 424373 ns, Total: 547582 ns
[2020-09-11T13:12:01.274+0000][1][safepoint    ] Safepoint "RevokeBias", Time since last: 247387715 ns, Reaching safepoint: 140190 ns, At safepoint: 8635 ns, Total: 148825 ns
[2020-09-11T13:12:01.274+0000][1][safepoint    ] Safepoint "RevokeBias", Time since last: 274710 ns, Reaching safepoint: 22276 ns, At safepoint: 5020 ns, Total: 27296 ns
[2020-09-11T13:12:01.291+0000][1][safepoint    ] Safepoint "RevokeBias", Time since last: 16858580 ns, Reaching safepoint: 747062 ns, At safepoint: 11704 ns, Total: 758766 ns
[2020-09-11T13:12:01.295+0000][1][safepoint    ] Safepoint "RevokeBias", Time since last: 783527 ns, Reaching safepoint: 3212308 ns, At safepoint: 15031 ns, Total: 3227339 ns
[2020-09-11T13:12:02.296+0000][1][safepoint    ] Safepoint "Cleanup", Time since last: 1000170296 ns, Reaching safepoint: 93086 ns, At safepoint: 6495 ns, Total: 99581 ns
[2020-09-11T13:12:03.296+0000][1][safepoint    ] Safepoint "Cleanup", Time since last: 1000159910 ns, Reaching safepoint: 87580 ns, At safepoint: 8197 ns, Total: 95777 ns
[2020-09-11T13:12:04.296+0000][1][safepoint    ] Safepoint "Cleanup", Time since last: 1000138038 ns, Reaching safepoint: 101602 ns, At safepoint: 9986 ns, Total: 111588 ns
[2020-09-11T13:12:07.297+0000][1][safepoint    ] Safepoint "Cleanup", Time since last: 3000479401 ns, Reaching safepoint: 107400 ns, At safepoint: 18533 ns, Total: 125933 ns
[2020-09-11T13:12:08.297+0000][1][safepoint    ] Safepoint "Cleanup", Time since last: 1000202529 ns, Reaching safepoint: 122004 ns, At safepoint: 19341 ns, Total: 141345 ns
[2020-09-11T13:12:09.298+0000][1][safepoint    ] Safepoint "Cleanup", Time since last: 1000222254 ns, Reaching safepoint: 111058 ns, At safepoint: 19207 ns, Total: 130265 ns
[2020-09-11T13:12:10.298+0000][1][safepoint    ] Safepoint "Cleanup", Time since last: 1000236046 ns, Reaching safepoint: 102987 ns, At safepoint: 18412 ns, Total: 121399 ns
[2020-09-11T13:12:11.298+0000][1][safepoint    ] Safepoint "Cleanup", Time since last: 1000202331 ns, Reaching safepoint: 88960 ns, At safepoint: 7660 ns, Total: 96620 ns
[2020-09-11T13:12:11.802+0000][1][safepoint    ] Safepoint "RevokeBias", Time since last: 503796912 ns, Reaching safepoint: 168496 ns, At safepoint: 18277 ns, Total: 186773 ns
[2020-09-11T13:12:11.805+0000][1][safepoint    ] Safepoint "RevokeBias", Time since last: 2502881 ns, Reaching safepoint: 150764 ns, At safepoint: 8580 ns, Total: 159344 ns
[2020-09-11T13:12:11.833+0000][1][gc,start     ] GC(67) Pause Young (Allocation Failure)
[2020-09-11T13:12:11.833+0000][1][gc,task      ] GC(67) Using 1 workers of 1 for evacuation
[2020-09-11T13:12:11.847+0000][1][gc,age       ] GC(67) Desired survivor size 4358144 bytes, new threshold 6 (max threshold 6)
[2020-09-11T13:12:11.847+0000][1][gc,age       ] GC(67) Age table with threshold 6 (max threshold 6)
[2020-09-11T13:12:11.847+0000][1][gc,age       ] GC(67) - age   1:     690072 bytes,     690072 total
[2020-09-11T13:12:11.847+0000][1][gc,age       ] GC(67) - age   2:     722312 bytes,    1412384 total
[2020-09-11T13:12:11.847+0000][1][gc,age       ] GC(67) - age   3:    1895960 bytes,    3308344 total
[2020-09-11T13:12:11.847+0000][1][gc,heap      ] GC(67) ParNew: 73864K->4866K(76672K)
[2020-09-11T13:12:11.847+0000][1][gc,heap      ] GC(67) CMS: 62874K->62874K(439104K)
[2020-09-11T13:12:11.847+0000][1][gc,metaspace ] GC(67) Metaspace: 77066K->77066K(1120256K)
[2020-09-11T13:12:11.847+0000][1][gc           ] GC(67) Pause Young (Allocation Failure) 133M->66M(503M) 13.640ms
[2020-09-11T13:12:11.847+0000][1][gc,cpu       ] GC(67) User=0.01s Sys=0.00s Real=0.02s
[2020-09-11T13:12:11.851+0000][1][safepoint    ] Safepoint "GenCollectForAllocation", Time since last: 28090353 ns, Reaching safepoint: 123800 ns, At safepoint: 18341936 ns, Total: 18465736 ns
[2020-09-11T13:12:11.860+0000][1][safepoint    ] Safepoint "Deoptimize", Time since last: 7815698 ns, Reaching safepoint: 119132 ns, At safepoint: 474091 ns, Total: 593223 ns
[2020-09-11T13:12:11.896+0000][1][safepoint    ] Safepoint "RevokeBias", Time since last: 35590631 ns, Reaching safepoint: 135789 ns, At safepoint: 21439 ns, Total: 157228 ns
[2020-09-11T13:12:11.896+0000][1][safepoint    ] Safepoint "RevokeBias", Time since last: 444220 ns, Reaching safepoint: 40457 ns, At safepoint: 14628 ns, Total: 55085 ns
[2020-09-11T13:12:12.896+0000][1][safepoint    ] Safepoint "Cleanup", Time since last: 1000176499 ns, Reaching safepoint: 94926 ns, At safepoint: 7823 ns, Total: 102749 ns
[2020-09-11T13:12:13.897+0000][1][safepoint    ] Safepoint "Cleanup", Time since last: 1000164055 ns, Reaching safepoint: 108719 ns, At safepoint: 21961 ns, Total: 130680 ns
[2020-09-11T13:12:14.897+0000][1][safepoint    ] Safepoint "Cleanup", Time since last: 1000211562 ns, Reaching safepoint: 109298 ns, At safepoint: 19923 ns, Total: 129221 ns
[2020-09-11T13:12:16.897+0000][1][safepoint    ] Safepoint "Cleanup", Time since last: 2000358283 ns, Reaching safepoint: 105736 ns, At safepoint: 19495 ns, Total: 125231 ns
[2020-09-11T13:12:17.898+0000][1][safepoint    ] Safepoint "Cleanup", Time since last: 1000183386 ns, Reaching safepoint: 103110 ns, At safepoint: 18940 ns, Total: 122050 ns
[2020-09-11T13:12:18.898+0000][1][safepoint    ] Safepoint "Cleanup", Time since last: 1000218162 ns, Reaching safepoint: 140897 ns, At safepoint: 19438 ns, Total: 160335 ns
[2020-09-11T13:12:19.899+0000][1][safepoint    ] Safepoint "Cleanup", Time since last: 1000216491 ns, Reaching safepoint: 112392 ns, At safepoint: 18656 ns, Total: 131048 ns
[2020-09-11T13:12:20.899+0000][1][safepoint    ] Safepoint "Cleanup", Time since last: 1000231005 ns, Reaching safepoint: 109455 ns, At safepoint: 19659 ns, Total: 129114 ns
[2020-09-11T13:12:21.899+0000][1][safepoint    ] Safepoint "Cleanup", Time since last: 1000239760 ns, Reaching safepoint: 102605 ns, At safepoint: 19255 ns, Total: 121860 ns
[2020-09-11T13:12:22.900+0000][1][safepoint    ] Safepoint "Cleanup", Time since last: 1000192713 ns, Reaching safepoint: 95453 ns, At safepoint: 18646 ns, Total: 114099 ns
[2020-09-11T13:12:23.900+0000][1][safepoint    ] Safepoint "Cleanup", Time since last: 1000231089 ns, Reaching safepoint: 99723 ns, At safepoint: 19164 ns, Total: 118887 ns
[2020-09-11T13:12:24.900+0000][1][safepoint    ] Safepoint "Cleanup", Time since last: 1000225670 ns, Reaching safepoint: 66342 ns, At safepoint: 9928 ns, Total: 76270 ns
[2020-09-11T13:12:25.900+0000][1][safepoint    ] Safepoint "Cleanup", Time since last: 1000115438 ns, Reaching safepoint: 73175 ns, At safepoint: 9226 ns, Total: 82401 ns
[2020-09-11T13:12:26.901+0000][1][safepoint    ] Safepoint "Cleanup", Time since last: 1000179165 ns, Reaching safepoint: 90711 ns, At safepoint: 7717 ns, Total: 98428 ns
[2020-09-11T13:12:27.901+0000][1][safepoint    ] Safepoint "Cleanup", Time since last: 1000153755 ns, Reaching safepoint: 69465 ns, At safepoint: 10070 ns, Total: 79535 ns
[2020-09-11T13:12:28.901+0000][1][safepoint    ] Safepoint "Cleanup", Time since last: 1000135380 ns, Reaching safepoint: 66232 ns, At safepoint: 7373 ns, Total: 73605 ns
[2020-09-11T13:12:29.901+0000][1][safepoint    ] Safepoint "Cleanup", Time since last: 1000193353 ns, Reaching safepoint: 90432 ns, At safepoint: 8259 ns, Total: 98691 ns
[2020-09-11T13:12:30.902+0000][1][safepoint    ] Safepoint "Cleanup", Time since last: 1000111232 ns, Reaching safepoint: 167803 ns, At safepoint: 7523 ns, Total: 175326 ns
[2020-09-11T13:12:31.902+0000][1][safepoint    ] Safepoint "Cleanup", Time since last: 1000095477 ns, Reaching safepoint: 49213 ns, At safepoint: 6250 ns, Total: 55463 ns
[2020-09-11T13:12:32.902+0000][1][safepoint    ] Safepoint "Cleanup", Time since last: 1000155701 ns, Reaching safepoint: 103757 ns, At safepoint: 7042 ns, Total: 110799 ns
[2020-09-11T13:12:33.903+0000][1][safepoint    ] Safepoint "Cleanup", Time since last: 1000350248 ns, Reaching safepoint: 59562 ns, At safepoint: 6742 ns, Total: 66304 ns
[2020-09-11T13:12:34.903+0000][1][safepoint    ] Safepoint "Cleanup", Time since last: 1000099026 ns, Reaching safepoint: 134151 ns, At safepoint: 9495 ns, Total: 143646 ns
[2020-09-11T13:12:35.903+0000][1][safepoint    ] Safepoint "Cleanup", Time since last: 1000200300 ns, Reaching safepoint: 90413 ns, At safepoint: 8645 ns, Total: 99058 ns
[2020-09-11T13:12:36.903+0000][1][safepoint    ] Safepoint "Cleanup", Time since last: 1000194574 ns, Reaching safepoint: 123089 ns, At safepoint: 42969 ns, Total: 166058 ns
[2020-09-11T13:12:37.905+0000][1][safepoint    ] Safepoint "Cleanup", Time since last: 1001076958 ns, Reaching safepoint: 121061 ns, At safepoint: 18466 ns, Total: 139527 ns
[2020-09-11T13:12:38.905+0000][1][safepoint    ] Safepoint "Cleanup", Time since last: 1000147136 ns, Reaching safepoint: 68149 ns, At safepoint: 8389 ns, Total: 76538 ns
[2020-09-11T13:12:39.905+0000][1][safepoint    ] Safepoint "Cleanup", Time since last: 1000181462 ns, Reaching safepoint: 104967 ns, At safepoint: 8202 ns, Total: 113169 ns
[2020-09-11T13:12:40.905+0000][1][safepoint    ] Safepoint "Cleanup", Time since last: 1000164286 ns, Reaching safepoint: 131519 ns, At safepoint: 20944 ns, Total: 152463 ns
[2020-09-11T13:12:41.906+0000][1][safepoint    ] Safepoint "Cleanup", Time since last: 1000226586 ns, Reaching safepoint: 82074 ns, At safepoint: 6867 ns, Total: 88941 ns
[2020-09-11T13:12:42.907+0000][1][safepoint    ] Safepoint "Cleanup", Time since last: 1000886084 ns, Reaching safepoint: 57409 ns, At safepoint: 7248 ns, Total: 64657 ns
[2020-09-11T13:12:43.907+0000][1][safepoint    ] Safepoint "Cleanup", Time since last: 1000158913 ns, Reaching safepoint: 94860 ns, At safepoint: 6531 ns, Total: 101391 ns
[2020-09-11T13:12:44.907+0000][1][safepoint    ] Safepoint "Cleanup", Time since last: 1000164620 ns, Reaching safepoint: 85572 ns, At safepoint: 8341 ns, Total: 93913 ns
[2020-09-11T13:12:45.908+0000][1][safepoint    ] Safepoint "Cleanup", Time since last: 1000180973 ns, Reaching safepoint: 84466 ns, At safepoint: 7522 ns, Total: 91988 ns
[2020-09-11T13:12:46.908+0000][1][safepoint    ] Safepoint "Cleanup", Time since last: 1000198548 ns, Reaching safepoint: 97051 ns, At safepoint: 8218 ns, Total: 105269 ns
[2020-09-11T13:12:47.909+0000][1][safepoint    ] Safepoint "Cleanup", Time since last: 1000772782 ns, Reaching safepoint: 149016 ns, At safepoint: 15566 ns, Total: 164582 ns
[2020-09-11T13:12:48.909+0000][1][safepoint    ] Safepoint "Cleanup", Time since last: 1000226745 ns, Reaching safepoint: 125885 ns, At safepoint: 19071 ns, Total: 144956 ns
[2020-09-11T13:12:49.910+0000][1][safepoint    ] Safepoint "Cleanup", Time since last: 1000222304 ns, Reaching safepoint: 124582 ns, At safepoint: 18075 ns, Total: 142657 ns
[2020-09-11T13:12:50.910+0000][1][safepoint    ] Safepoint "Cleanup", Time since last: 1000239020 ns, Reaching safepoint: 97028 ns, At safepoint: 8399 ns, Total: 105427 ns
[2020-09-11T13:12:51.910+0000][1][safepoint    ] Safepoint "Cleanup", Time since last: 1000163969 ns, Reaching safepoint: 92206 ns, At safepoint: 7626 ns, Total: 99832 ns
[2020-09-11T13:12:52.911+0000][1][safepoint    ] Safepoint "Cleanup", Time since last: 1000774682 ns, Reaching safepoint: 83166 ns, At safepoint: 7663 ns, Total: 90829 ns
[2020-09-11T13:12:53.911+0000][1][safepoint    ] Safepoint "Cleanup", Time since last: 1000185998 ns, Reaching safepoint: 121572 ns, At safepoint: 18015 ns, Total: 139587 ns
[2020-09-11T13:12:54.912+0000][1][safepoint    ] Safepoint "Cleanup", Time since last: 1000227339 ns, Reaching safepoint: 126931 ns, At safepoint: 19796 ns, Total: 146727 ns
[2020-09-11T13:12:55.912+0000][1][safepoint    ] Safepoint "Cleanup", Time since last: 1000245009 ns, Reaching safepoint: 87508 ns, At safepoint: 9485 ns, Total: 96993 ns
[2020-09-11T13:12:56.912+0000][1][safepoint    ] Safepoint "Cleanup", Time since last: 1000188548 ns, Reaching safepoint: 79032 ns, At safepoint: 8253 ns, Total: 87285 ns
[2020-09-11T13:12:57.602+0000][1][safepoint    ] Safepoint "RevokeBias", Time since last: 689074080 ns, Reaching safepoint: 325524 ns, At safepoint: 27209 ns, Total: 352733 ns
[2020-09-11T13:12:57.606+0000][1][safepoint    ] Safepoint "RevokeBias", Time since last: 3826841 ns, Reaching safepoint: 176495 ns, At safepoint: 23348 ns, Total: 199843 ns
[2020-09-11T13:12:57.606+0000][1][safepoint    ] Safepoint "RevokeBias", Time since last: 62210 ns, Reaching safepoint: 146732 ns, At safepoint: 21622 ns, Total: 168354 ns
[2020-09-11T13:12:57.609+0000][1][safepoint    ] Safepoint "Deoptimize", Time since last: 1874007 ns, Reaching safepoint: 159837 ns, At safepoint: 562561 ns, Total: 722398 ns
[2020-09-11T13:12:57.626+0000][1][safepoint    ] Safepoint "Deoptimize", Time since last: 17029955 ns, Reaching safepoint: 147126 ns, At safepoint: 502808 ns, Total: 649934 ns
[2020-09-11T13:12:57.633+0000][1][safepoint    ] Safepoint "Deoptimize", Time since last: 5859224 ns, Reaching safepoint: 139615 ns, At safepoint: 481429 ns, Total: 621044 ns
[2020-09-11T13:12:57.637+0000][1][safepoint    ] Safepoint "Deoptimize", Time since last: 3950816 ns, Reaching safepoint: 125794 ns, At safepoint: 499825 ns, Total: 625619 ns
[2020-09-11T13:12:57.688+0000][1][safepoint    ] Safepoint "RevokeBias", Time since last: 50117408 ns, Reaching safepoint: 184088 ns, At safepoint: 11669 ns, Total: 195757 ns
[2020-09-11T13:12:57.692+0000][1][safepoint    ] Safepoint "RevokeBias", Time since last: 3796881 ns, Reaching safepoint: 549266 ns, At safepoint: 18733 ns, Total: 567999 ns
[2020-09-11T13:12:58.692+0000][1][safepoint    ] Safepoint "Cleanup", Time since last: 1000150260 ns, Reaching safepoint: 85542 ns, At safepoint: 7679 ns, Total: 93221 ns
[2020-09-11T13:12:59.692+0000][1][safepoint    ] Safepoint "Cleanup", Time since last: 1000145306 ns, Reaching safepoint: 102706 ns, At safepoint: 6966 ns, Total: 109672 ns
[2020-09-11T13:13:00.693+0000][1][safepoint    ] Safepoint "Cleanup", Time since last: 1000184789 ns, Reaching safepoint: 94443 ns, At safepoint: 7653 ns, Total: 102096 ns
[2020-09-11T13:13:01.693+0000][1][safepoint    ] Safepoint "Cleanup", Time since last: 1000186620 ns, Reaching safepoint: 83758 ns, At safepoint: 8052 ns, Total: 91810 ns
[2020-09-11T13:13:02.693+0000][1][safepoint    ] Safepoint "Cleanup", Time since last: 1000166034 ns, Reaching safepoint: 86786 ns, At safepoint: 7413 ns, Total: 94199 ns
[2020-09-11T13:13:03.694+0000][1][safepoint    ] Safepoint "Cleanup", Time since last: 1000152174 ns, Reaching safepoint: 92607 ns, At safepoint: 7322 ns, Total: 99929 ns
[2020-09-11T13:13:04.694+0000][1][safepoint    ] Safepoint "Cleanup", Time since last: 1000177814 ns, Reaching safepoint: 109699 ns, At safepoint: 18415 ns, Total: 128114 ns
[2020-09-11T13:13:05.694+0000][1][safepoint    ] Safepoint "Cleanup", Time since last: 1000195446 ns, Reaching safepoint: 105169 ns, At safepoint: 8423 ns, Total: 113592 ns
[2020-09-11T13:13:07.695+0000][1][safepoint    ] Safepoint "Cleanup", Time since last: 2000309513 ns, Reaching safepoint: 95234 ns, At safepoint: 7346 ns, Total: 102580 ns
[2020-09-11T13:13:09.245+0000][1][gc,start     ] GC(68) Pause Young (Allocation Failure)
[2020-09-11T13:13:09.245+0000][1][gc,task      ] GC(68) Using 1 workers of 1 for evacuation
[2020-09-11T13:13:09.258+0000][1][gc,age       ] GC(68) Desired survivor size 4358144 bytes, new threshold 6 (max threshold 6)
[2020-09-11T13:13:09.258+0000][1][gc,age       ] GC(68) Age table with threshold 6 (max threshold 6)
[2020-09-11T13:13:09.258+0000][1][gc,age       ] GC(68) - age   1:     254728 bytes,     254728 total
[2020-09-11T13:13:09.258+0000][1][gc,age       ] GC(68) - age   2:     675232 bytes,     929960 total
[2020-09-11T13:13:09.258+0000][1][gc,age       ] GC(68) - age   3:     713504 bytes,    1643464 total
[2020-09-11T13:13:09.258+0000][1][gc,age       ] GC(68) - age   4:    1892064 bytes,    3535528 total
[2020-09-11T13:13:09.258+0000][1][gc,heap      ] GC(68) ParNew: 73026K->6062K(76672K)
[2020-09-11T13:13:09.258+0000][1][gc,heap      ] GC(68) CMS: 62874K->62874K(439104K)
[2020-09-11T13:13:09.258+0000][1][gc,metaspace ] GC(68) Metaspace: 78232K->78232K(1120256K)
[2020-09-11T13:13:09.258+0000][1][gc           ] GC(68) Pause Young (Allocation Failure) 132M->67M(503M) 12.728ms
[2020-09-11T13:13:09.258+0000][1][gc,cpu       ] GC(68) User=0.02s Sys=0.00s Real=0.01s
[2020-09-11T13:13:09.258+0000][1][safepoint    ] Safepoint "GenCollectForAllocation", Time since last: 1550609138 ns, Reaching safepoint: 197117 ns, At safepoint: 12799098 ns, Total: 12996215 ns
[2020-09-11T13:13:10.264+0000][1][safepoint    ] Safepoint "Cleanup", Time since last: 1005491179 ns, Reaching safepoint: 116471 ns, At safepoint: 16775 ns, Total: 133246 ns
[2020-09-11T13:13:11.265+0000][1][safepoint    ] Safepoint "Cleanup", Time since last: 1000748525 ns, Reaching safepoint: 120817 ns, At safepoint: 15660 ns, Total: 136477 ns
[2020-09-11T13:13:13.266+0000][1][safepoint    ] Safepoint "Cleanup", Time since last: 2001631245 ns, Reaching safepoint: 120654 ns, At safepoint: 17273 ns, Total: 137927 ns
[2020-09-11T13:13:14.267+0000][1][safepoint    ] Safepoint "Cleanup", Time since last: 1000168198 ns, Reaching safepoint: 138720 ns, At safepoint: 8849 ns, Total: 147569 ns
[2020-09-11T13:13:15.267+0000][1][safepoint    ] Safepoint "Cleanup", Time since last: 1000181362 ns, Reaching safepoint: 125037 ns, At safepoint: 18015 ns, Total: 143052 ns
[2020-09-11T13:13:16.267+0000][1][safepoint    ] Safepoint "Cleanup", Time since last: 1000222698 ns, Reaching safepoint: 112396 ns, At safepoint: 7845 ns, Total: 120241 ns
[2020-09-11T13:13:20.268+0000][1][safepoint    ] Safepoint "Cleanup", Time since last: 4000552644 ns, Reaching safepoint: 97299 ns, At safepoint: 7886 ns, Total: 105185 ns
[2020-09-11T13:13:25.269+0000][1][safepoint    ] Safepoint "Cleanup", Time since last: 5000878105 ns, Reaching safepoint: 119260 ns, At safepoint: 17811 ns, Total: 137071 ns
[2020-09-11T13:13:26.269+0000][1][safepoint    ] Safepoint "Cleanup", Time since last: 1000152639 ns, Reaching safepoint: 67007 ns, At safepoint: 8460 ns, Total: 75467 ns
[2020-09-11T13:13:28.270+0000][1][safepoint    ] Safepoint "Cleanup", Time since last: 2000257243 ns, Reaching safepoint: 131519 ns, At safepoint: 19097 ns, Total: 150616 ns
[2020-09-11T13:13:29.270+0000][1][safepoint    ] Safepoint "Cleanup", Time since last: 1000186317 ns, Reaching safepoint: 127122 ns, At safepoint: 17904 ns, Total: 145026 ns
[2020-09-11T13:13:30.270+0000][1][safepoint    ] Safepoint "Cleanup", Time since last: 1000182882 ns, Reaching safepoint: 104971 ns, At safepoint: 17600 ns, Total: 122571 ns
[2020-09-11T13:13:31.271+0000][1][safepoint    ] Safepoint "Cleanup", Time since last: 1000176580 ns, Reaching safepoint: 143152 ns, At safepoint: 17707 ns, Total: 160859 ns
[2020-09-11T13:13:32.271+0000][1][safepoint    ] Safepoint "Cleanup", Time since last: 1000236145 ns, Reaching safepoint: 92728 ns, At safepoint: 7808 ns, Total: 100536 ns
[2020-09-11T13:13:33.271+0000][1][safepoint    ] Safepoint "Cleanup", Time since last: 1000136840 ns, Reaching safepoint: 123584 ns, At safepoint: 17327 ns, Total: 140911 ns
[2020-09-11T13:13:34.272+0000][1][safepoint    ] Safepoint "Cleanup", Time since last: 1000231953 ns, Reaching safepoint: 128241 ns, At safepoint: 17507 ns, Total: 145748 ns
[2020-09-11T13:13:35.272+0000][1][safepoint    ] Safepoint "Cleanup", Time since last: 1000184753 ns, Reaching safepoint: 126644 ns, At safepoint: 16598 ns, Total: 143242 ns
[2020-09-11T13:13:36.272+0000][1][safepoint    ] Safepoint "Cleanup", Time since last: 1000224958 ns, Reaching safepoint: 84108 ns, At safepoint: 7276 ns, Total: 91384 ns
[2020-09-11T13:13:37.273+0000][1][safepoint    ] Safepoint "Cleanup", Time since last: 1000130100 ns, Reaching safepoint: 107904 ns, At safepoint: 14630 ns, Total: 122534 ns
[2020-09-11T13:13:38.273+0000][1][safepoint    ] Safepoint "Cleanup", Time since last: 1000201968 ns, Reaching safepoint: 125662 ns, At safepoint: 18168 ns, Total: 143830 ns
[2020-09-11T13:13:39.273+0000][1][safepoint    ] Safepoint "Cleanup", Time since last: 1000153026 ns, Reaching safepoint: 84338 ns, At safepoint: 8430 ns, Total: 92768 ns
[2020-09-11T13:13:40.274+0000][1][safepoint    ] Safepoint "Cleanup", Time since last: 1000204211 ns, Reaching safepoint: 87637 ns, At safepoint: 7160 ns, Total: 94797 ns
[2020-09-11T13:13:41.274+0000][1][safepoint    ] Safepoint "Cleanup", Time since last: 1000140082 ns, Reaching safepoint: 93276 ns, At safepoint: 8787 ns, Total: 102063 ns
[2020-09-11T13:13:42.274+0000][1][safepoint    ] Safepoint "Cleanup", Time since last: 1000145965 ns, Reaching safepoint: 135986 ns, At safepoint: 17587 ns, Total: 153573 ns
[2020-09-11T13:13:43.274+0000][1][safepoint    ] Safepoint "Cleanup", Time since last: 1000181109 ns, Reaching safepoint: 108845 ns, At safepoint: 16871 ns, Total: 125716 ns
[2020-09-11T13:13:44.275+0000][1][safepoint    ] Safepoint "Cleanup", Time since last: 1000139253 ns, Reaching safepoint: 63632 ns, At safepoint: 7825 ns, Total: 71457 ns
[2020-09-11T13:13:45.275+0000][1][safepoint    ] Safepoint "Cleanup", Time since last: 1000106181 ns, Reaching safepoint: 53132 ns, At safepoint: 5986 ns, Total: 59118 ns
[2020-09-11T13:13:46.275+0000][1][safepoint    ] Safepoint "Cleanup", Time since last: 1000178327 ns, Reaching safepoint: 115679 ns, At safepoint: 18058 ns, Total: 133737 ns
[2020-09-11T13:13:47.275+0000][1][safepoint    ] Safepoint "Cleanup", Time since last: 1000214142 ns, Reaching safepoint: 135972 ns, At safepoint: 16932 ns, Total: 152904 ns
[2020-09-11T13:13:48.276+0000][1][safepoint    ] Safepoint "Cleanup", Time since last: 1000190811 ns, Reaching safepoint: 76740 ns, At safepoint: 6740 ns, Total: 83480 ns
[2020-09-11T13:13:49.276+0000][1][safepoint    ] Safepoint "Cleanup", Time since last: 1000139535 ns, Reaching safepoint: 223252 ns, At safepoint: 20300 ns, Total: 243552 ns
[2020-09-11T13:13:50.276+0000][1][safepoint    ] Safepoint "Cleanup", Time since last: 1000213110 ns, Reaching safepoint: 119261 ns, At safepoint: 17827 ns, Total: 137088 ns
[2020-09-11T13:13:51.277+0000][1][safepoint    ] Safepoint "Cleanup", Time since last: 1000211788 ns, Reaching safepoint: 118573 ns, At safepoint: 18506 ns, Total: 137079 ns
[2020-09-11T13:13:52.277+0000][1][safepoint    ] Safepoint "Cleanup", Time since last: 1000220466 ns, Reaching safepoint: 108129 ns, At safepoint: 8505 ns, Total: 116634 ns
[2020-09-11T13:13:53.278+0000][1][safepoint    ] Safepoint "Cleanup", Time since last: 1001011775 ns, Reaching safepoint: 83016 ns, At safepoint: 8307 ns, Total: 91323 ns
[2020-09-11T13:13:54.279+0000][1][safepoint    ] Safepoint "Cleanup", Time since last: 1000673096 ns, Reaching safepoint: 111526 ns, At safepoint: 18509 ns, Total: 130035 ns
[2020-09-11T13:13:55.279+0000][1][safepoint    ] Safepoint "Cleanup", Time since last: 1000217962 ns, Reaching safepoint: 95736 ns, At safepoint: 6982 ns, Total: 102718 ns
[2020-09-11T13:13:56.280+0000][1][safepoint    ] Safepoint "Cleanup", Time since last: 1000184557 ns, Reaching safepoint: 97244 ns, At safepoint: 7978 ns, Total: 105222 ns
[2020-09-11T13:13:57.280+0000][1][safepoint    ] Safepoint "Cleanup", Time since last: 1000149742 ns, Reaching safepoint: 110193 ns, At safepoint: 6726 ns, Total: 116919 ns
[2020-09-11T13:13:58.280+0000][1][safepoint    ] Safepoint "Cleanup", Time since last: 1000164716 ns, Reaching safepoint: 91474 ns, At safepoint: 7856 ns, Total: 99330 ns
[2020-09-11T13:13:59.281+0000][1][safepoint    ] Safepoint "Cleanup", Time since last: 1000809353 ns, Reaching safepoint: 129702 ns, At safepoint: 18933 ns, Total: 148635 ns
[2020-09-11T13:14:00.281+0000][1][safepoint    ] Safepoint "Cleanup", Time since last: 1000198741 ns, Reaching safepoint: 129979 ns, At safepoint: 19438 ns, Total: 149417 ns
[2020-09-11T13:14:06.283+0000][1][safepoint    ] Safepoint "Cleanup", Time since last: 6000898073 ns, Reaching safepoint: 133346 ns, At safepoint: 19358 ns, Total: 152704 ns
[2020-09-11T13:14:07.283+0000][1][safepoint    ] Safepoint "Cleanup", Time since last: 1000239083 ns, Reaching safepoint: 86502 ns, At safepoint: 6977 ns, Total: 93479 ns
[2020-09-11T13:14:08.283+0000][1][safepoint    ] Safepoint "Cleanup", Time since last: 1000179782 ns, Reaching safepoint: 94196 ns, At safepoint: 8270 ns, Total: 102466 ns
[2020-09-11T13:14:14.284+0000][1][safepoint    ] Safepoint "Cleanup", Time since last: 6000712760 ns, Reaching safepoint: 65816 ns, At safepoint: 9284 ns, Total: 75100 ns
[2020-09-11T13:14:14.367+0000][1][gc,start     ] GC(69) Pause Young (Allocation Failure)
[2020-09-11T13:14:14.367+0000][1][gc,task      ] GC(69) Using 1 workers of 1 for evacuation
[2020-09-11T13:14:14.393+0000][1][gc,age       ] GC(69) Desired survivor size 4358144 bytes, new threshold 6 (max threshold 6)
[2020-09-11T13:14:14.393+0000][1][gc,age       ] GC(69) Age table with threshold 6 (max threshold 6)
[2020-09-11T13:14:14.393+0000][1][gc,age       ] GC(69) - age   1:      13200 bytes,      13200 total
[2020-09-11T13:14:14.393+0000][1][gc,age       ] GC(69) - age   2:     239656 bytes,     252856 total
[2020-09-11T13:14:14.393+0000][1][gc,age       ] GC(69) - age   3:     675232 bytes,     928088 total
[2020-09-11T13:14:14.393+0000][1][gc,age       ] GC(69) - age   4:     713504 bytes,    1641592 total
[2020-09-11T13:14:14.393+0000][1][gc,age       ] GC(69) - age   5:    1892064 bytes,    3533656 total
[2020-09-11T13:14:14.393+0000][1][gc,heap      ] GC(69) ParNew: 74222K->4105K(76672K)
[2020-09-11T13:14:14.393+0000][1][gc,heap      ] GC(69) CMS: 62874K->62874K(439104K)
[2020-09-11T13:14:14.393+0000][1][gc,metaspace ] GC(69) Metaspace: 78432K->78432K(1122304K)
[2020-09-11T13:14:14.393+0000][1][gc           ] GC(69) Pause Young (Allocation Failure) 133M->65M(503M) 26.383ms
[2020-09-11T13:14:14.393+0000][1][gc,cpu       ] GC(69) User=0.01s Sys=0.00s Real=0.02s
[2020-09-11T13:14:14.393+0000][1][safepoint    ] Safepoint "GenCollectForAllocation", Time since last: 82641773 ns, Reaching safepoint: 137102 ns, At safepoint: 26507000 ns, Total: 26644102 ns
[2020-09-11T13:14:15.407+0000][1][safepoint    ] Safepoint "Cleanup", Time since last: 1013244662 ns, Reaching safepoint: 58386 ns, At safepoint: 18471 ns, Total: 76857 ns
[2020-09-11T13:14:16.411+0000][1][safepoint    ] Safepoint "Cleanup", Time since last: 1001443923 ns, Reaching safepoint: 3497400 ns, At safepoint: 15254 ns, Total: 3512654 ns
[2020-09-11T13:14:17.412+0000][1][safepoint    ] Safepoint "Cleanup", Time since last: 1000108240 ns, Reaching safepoint: 63421 ns, At safepoint: 7870 ns, Total: 71291 ns
[2020-09-11T13:14:22.412+0000][1][safepoint    ] Safepoint "Cleanup", Time since last: 5000408495 ns, Reaching safepoint: 68957 ns, At safepoint: 8615 ns, Total: 77572 ns
[2020-09-11T13:14:23.412+0000][1][safepoint    ] Safepoint "Cleanup", Time since last: 1000116422 ns, Reaching safepoint: 69410 ns, At safepoint: 9860 ns, Total: 79270 ns
[2020-09-11T13:14:24.415+0000][1][safepoint    ] Safepoint "Cleanup", Time since last: 1003067214 ns, Reaching safepoint: 66255 ns, At safepoint: 8423 ns, Total: 74678 ns
[2020-09-11T13:14:25.416+0000][1][safepoint    ] Safepoint "Cleanup", Time since last: 1000111621 ns, Reaching safepoint: 71116 ns, At safepoint: 8830 ns, Total: 79946 ns
[2020-09-11T13:14:26.416+0000][1][safepoint    ] Safepoint "Cleanup", Time since last: 1000113604 ns, Reaching safepoint: 67681 ns, At safepoint: 8952 ns, Total: 76633 ns
[2020-09-11T13:14:27.416+0000][1][safepoint    ] Safepoint "Cleanup", Time since last: 1000110577 ns, Reaching safepoint: 73872 ns, At safepoint: 9817 ns, Total: 83689 ns
[2020-09-11T13:14:28.416+0000][1][safepoint    ] Safepoint "Cleanup", Time since last: 1000106965 ns, Reaching safepoint: 73917 ns, At safepoint: 7733 ns, Total: 81650 ns
[2020-09-11T13:14:32.419+0000][1][safepoint    ] Safepoint "Cleanup", Time since last: 4002983543 ns, Reaching safepoint: 75487 ns, At safepoint: 7576 ns, Total: 83063 ns
[2020-09-11T13:14:34.424+0000][1][safepoint    ] Safepoint "Cleanup", Time since last: 2004899634 ns, Reaching safepoint: 61390 ns, At safepoint: 6329 ns, Total: 67719 ns
[2020-09-11T13:14:35.424+0000][1][safepoint    ] Safepoint "Cleanup", Time since last: 1000107219 ns, Reaching safepoint: 69889 ns, At safepoint: 9503 ns, Total: 79392 ns
[2020-09-11T13:14:36.425+0000][1][safepoint    ] Safepoint "Cleanup", Time since last: 1000109207 ns, Reaching safepoint: 72317 ns, At safepoint: 9416 ns, Total: 81733 ns
[2020-09-11T13:14:37.425+0000][1][safepoint    ] Safepoint "Cleanup", Time since last: 1000100552 ns, Reaching safepoint: 65167 ns, At safepoint: 8234 ns, Total: 73401 ns
[2020-09-11T13:14:38.425+0000][1][safepoint    ] Safepoint "Cleanup", Time since last: 1000133418 ns, Reaching safepoint: 76421 ns, At safepoint: 8917 ns, Total: 85338 ns
[2020-09-11T13:14:45.428+0000][1][safepoint    ] Safepoint "Cleanup", Time since last: 7002794193 ns, Reaching safepoint: 68798 ns, At safepoint: 8573 ns, Total: 77371 ns
[2020-09-11T13:14:49.428+0000][1][safepoint    ] Safepoint "Cleanup", Time since last: 4000334669 ns, Reaching safepoint: 69974 ns, At safepoint: 9032 ns, Total: 79006 ns
[2020-09-11T13:14:50.429+0000][1][safepoint    ] Safepoint "Cleanup", Time since last: 1000109954 ns, Reaching safepoint: 70457 ns, At safepoint: 9882 ns, Total: 80339 ns
[2020-09-11T13:14:51.429+0000][1][safepoint    ] Safepoint "Cleanup", Time since last: 1000120070 ns, Reaching safepoint: 68042 ns, At safepoint: 9073 ns, Total: 77115 ns
[2020-09-11T13:14:52.429+0000][1][safepoint    ] Safepoint "Cleanup", Time since last: 1000063456 ns, Reaching safepoint: 64738 ns, At safepoint: 6855 ns, Total: 71593 ns
[2020-09-11T13:14:53.429+0000][1][safepoint    ] Safepoint "Cleanup", Time since last: 1000116664 ns, Reaching safepoint: 63885 ns, At safepoint: 8435 ns, Total: 72320 ns
[2020-09-11T13:14:54.429+0000][1][safepoint    ] Safepoint "Cleanup", Time since last: 1000107704 ns, Reaching safepoint: 65840 ns, At safepoint: 8300 ns, Total: 74140 ns
[2020-09-11T13:14:55.430+0000][1][safepoint    ] Safepoint "Cleanup", Time since last: 1000194296 ns, Reaching safepoint: 120701 ns, At safepoint: 7775 ns, Total: 128476 ns
[2020-09-11T13:14:58.430+0000][1][safepoint    ] Safepoint "Cleanup", Time since last: 3000447973 ns, Reaching safepoint: 101768 ns, At safepoint: 8755 ns, Total: 110523 ns
[2020-09-11T13:15:00.431+0000][1][safepoint    ] Safepoint "Cleanup", Time since last: 2000330390 ns, Reaching safepoint: 94090 ns, At safepoint: 6679 ns, Total: 100769 ns
[2020-09-11T13:15:03.432+0000][1][safepoint    ] Safepoint "Cleanup", Time since last: 3001176467 ns, Reaching safepoint: 115631 ns, At safepoint: 10385 ns, Total: 126016 ns
[2020-09-11T13:15:10.433+0000][1][safepoint    ] Safepoint "Cleanup", Time since last: 7000987196 ns, Reaching safepoint: 106389 ns, At safepoint: 7286 ns, Total: 113675 ns
[2020-09-11T13:15:14.434+0000][1][safepoint    ] Safepoint "Cleanup", Time since last: 4000647483 ns, Reaching safepoint: 127596 ns, At safepoint: 16752 ns, Total: 144348 ns
[2020-09-11T13:15:15.434+0000][1][safepoint    ] Safepoint "Cleanup", Time since last: 1000215571 ns, Reaching safepoint: 101687 ns, At safepoint: 7551 ns, Total: 109238 ns
[2020-09-11T13:15:16.434+0000][1][safepoint    ] Safepoint "Cleanup", Time since last: 1000179494 ns, Reaching safepoint: 86548 ns, At safepoint: 6812 ns, Total: 93360 ns
[2020-09-11T13:15:17.435+0000][1][safepoint    ] Safepoint "Cleanup", Time since last: 1000134644 ns, Reaching safepoint: 126918 ns, At safepoint: 16542 ns, Total: 143460 ns
[2020-09-11T13:15:19.481+0000][1][gc,start     ] GC(70) Pause Young (Allocation Failure)
[2020-09-11T13:15:19.481+0000][1][gc,task      ] GC(70) Using 1 workers of 1 for evacuation
[2020-09-11T13:15:19.493+0000][1][gc,age       ] GC(70) Desired survivor size 4358144 bytes, new threshold 6 (max threshold 6)
[2020-09-11T13:15:19.493+0000][1][gc,age       ] GC(70) Age table with threshold 6 (max threshold 6)
[2020-09-11T13:15:19.493+0000][1][gc,age       ] GC(70) - age   1:      16400 bytes,      16400 total
[2020-09-11T13:15:19.493+0000][1][gc,age       ] GC(70) - age   2:       5712 bytes,      22112 total
[2020-09-11T13:15:19.493+0000][1][gc,age       ] GC(70) - age   3:     233312 bytes,     255424 total
[2020-09-11T13:15:19.493+0000][1][gc,age       ] GC(70) - age   4:     675232 bytes,     930656 total
[2020-09-11T13:15:19.493+0000][1][gc,age       ] GC(70) - age   5:     713504 bytes,    1644160 total
[2020-09-11T13:15:19.493+0000][1][gc,age       ] GC(70) - age   6:    1892064 bytes,    3536224 total
[2020-09-11T13:15:19.493+0000][1][gc,heap      ] GC(70) ParNew: 72265K->6202K(76672K)
[2020-09-11T13:15:19.493+0000][1][gc,heap      ] GC(70) CMS: 62874K->62874K(439104K)
[2020-09-11T13:15:19.493+0000][1][gc,metaspace ] GC(70) Metaspace: 78603K->78603K(1122304K)
[2020-09-11T13:15:19.493+0000][1][gc           ] GC(70) Pause Young (Allocation Failure) 131M->67M(503M) 12.739ms
[2020-09-11T13:15:19.493+0000][1][gc,cpu       ] GC(70) User=0.02s Sys=0.00s Real=0.01s
[2020-09-11T13:15:19.494+0000][1][safepoint    ] Safepoint "GenCollectForAllocation", Time since last: 2045900355 ns, Reaching safepoint: 202545 ns, At safepoint: 12806163 ns, Total: 13008708 ns
[2020-09-11T13:15:24.497+0000][1][safepoint    ] Safepoint "Cleanup", Time since last: 5003704072 ns, Reaching safepoint: 182267 ns, At safepoint: 8433 ns, Total: 190700 ns
[2020-09-11T13:15:25.498+0000][1][safepoint    ] Safepoint "Cleanup", Time since last: 1000182255 ns, Reaching safepoint: 94241 ns, At safepoint: 7161 ns, Total: 101402 ns
[2020-09-11T13:15:28.498+0000][1][safepoint    ] Safepoint "Cleanup", Time since last: 3000441026 ns, Reaching safepoint: 129714 ns, At safepoint: 18927 ns, Total: 148641 ns
[2020-09-11T13:15:29.499+0000][1][safepoint    ] Safepoint "Cleanup", Time since last: 1000259085 ns, Reaching safepoint: 128996 ns, At safepoint: 17872 ns, Total: 146868 ns
[2020-09-11T13:15:31.372+0000][1][safepoint    ] Safepoint "RevokeBias", Time since last: 1873103452 ns, Reaching safepoint: 154975 ns, At safepoint: 9234 ns, Total: 164209 ns
[2020-09-11T13:15:31.373+0000][1][safepoint    ] Safepoint "RevokeBias", Time since last: 780527 ns, Reaching safepoint: 163637 ns, At safepoint: 8038 ns, Total: 171675 ns
[2020-09-11T13:15:31.374+0000][1][safepoint    ] Safepoint "RevokeBias", Time since last: 522509 ns, Reaching safepoint: 601131 ns, At safepoint: 8589 ns, Total: 609720 ns
[2020-09-11T13:15:32.374+0000][1][safepoint    ] Safepoint "Cleanup", Time since last: 1000190706 ns, Reaching safepoint: 116363 ns, At safepoint: 7509 ns, Total: 123872 ns
[2020-09-11T13:15:33.375+0000][1][safepoint    ] Safepoint "Cleanup", Time since last: 1000178865 ns, Reaching safepoint: 98261 ns, At safepoint: 7432 ns, Total: 105693 ns
[2020-09-11T13:15:35.375+0000][1][safepoint    ] Safepoint "Cleanup", Time since last: 2000336555 ns, Reaching safepoint: 101145 ns, At safepoint: 7128 ns, Total: 108273 ns
[2020-09-11T13:15:36.375+0000][1][safepoint    ] Safepoint "Cleanup", Time since last: 1000186660 ns, Reaching safepoint: 166070 ns, At safepoint: 8564 ns, Total: 174634 ns
[2020-09-11T13:15:37.376+0000][1][safepoint    ] Safepoint "Cleanup", Time since last: 1000203563 ns, Reaching safepoint: 100095 ns, At safepoint: 8025 ns, Total: 108120 ns
[2020-09-11T13:15:38.376+0000][1][safepoint    ] Safepoint "Cleanup", Time since last: 1000127176 ns, Reaching safepoint: 134158 ns, At safepoint: 7082 ns, Total: 141240 ns
[2020-09-11T13:15:45.377+0000][1][safepoint    ] Safepoint "Cleanup", Time since last: 7001066245 ns, Reaching safepoint: 117142 ns, At safepoint: 18366 ns, Total: 135508 ns
[2020-09-11T13:15:50.378+0000][1][safepoint    ] Safepoint "Cleanup", Time since last: 5000739389 ns, Reaching safepoint: 132140 ns, At safepoint: 20297 ns, Total: 152437 ns
[2020-09-11T13:15:51.378+0000][1][safepoint    ] Safepoint "Cleanup", Time since last: 1000165145 ns, Reaching safepoint: 72514 ns, At safepoint: 9920 ns, Total: 82434 ns
[2020-09-11T13:15:52.379+0000][1][safepoint    ] Safepoint "Cleanup", Time since last: 1000205595 ns, Reaching safepoint: 138642 ns, At safepoint: 17797 ns, Total: 156439 ns
[2020-09-11T13:15:54.379+0000][1][safepoint    ] Safepoint "Cleanup", Time since last: 2000342522 ns, Reaching safepoint: 122625 ns, At safepoint: 18262 ns, Total: 140887 ns
[2020-09-11T13:15:55.380+0000][1][safepoint    ] Safepoint "Cleanup", Time since last: 1000211975 ns, Reaching safepoint: 110836 ns, At safepoint: 9046 ns, Total: 119882 ns
[2020-09-11T13:15:58.380+0000][1][safepoint    ] Safepoint "Cleanup", Time since last: 3000415817 ns, Reaching safepoint: 85245 ns, At safepoint: 8414 ns, Total: 93659 ns
[2020-09-11T13:15:59.380+0000][1][safepoint    ] Safepoint "Cleanup", Time since last: 1000187898 ns, Reaching safepoint: 143052 ns, At safepoint: 22358 ns, Total: 165410 ns
[2020-09-11T13:16:00.381+0000][1][safepoint    ] Safepoint "Cleanup", Time since last: 1000183183 ns, Reaching safepoint: 135434 ns, At safepoint: 20287 ns, Total: 155721 ns
[2020-09-11T13:16:06.382+0000][1][safepoint    ] Safepoint "Cleanup", Time since last: 6000980646 ns, Reaching safepoint: 124098 ns, At safepoint: 18700 ns, Total: 142798 ns
[2020-09-11T13:16:10.383+0000][1][safepoint    ] Safepoint "Cleanup", Time since last: 4000659092 ns, Reaching safepoint: 111408 ns, At safepoint: 8665 ns, Total: 120073 ns
[2020-09-11T13:16:11.383+0000][1][safepoint    ] Safepoint "Cleanup", Time since last: 1000182874 ns, Reaching safepoint: 128492 ns, At safepoint: 18476 ns, Total: 146968 ns
[2020-09-11T13:16:12.383+0000][1][safepoint    ] Safepoint "Cleanup", Time since last: 1000227146 ns, Reaching safepoint: 97470 ns, At safepoint: 8030 ns, Total: 105500 ns
[2020-09-11T13:16:19.587+0000][1][gc,start     ] GC(71) Pause Young (Allocation Failure)
[2020-09-11T13:16:19.587+0000][1][gc,task      ] GC(71) Using 1 workers of 1 for evacuation
[2020-09-11T13:16:19.602+0000][1][gc,age       ] GC(71) Desired survivor size 4358144 bytes, new threshold 6 (max threshold 6)
[2020-09-11T13:16:19.602+0000][1][gc,age       ] GC(71) Age table with threshold 6 (max threshold 6)
[2020-09-11T13:16:19.602+0000][1][gc,age       ] GC(71) - age   1:      51704 bytes,      51704 total
[2020-09-11T13:16:19.602+0000][1][gc,age       ] GC(71) - age   2:       8760 bytes,      60464 total
[2020-09-11T13:16:19.602+0000][1][gc,age       ] GC(71) - age   3:       5680 bytes,      66144 total
[2020-09-11T13:16:19.602+0000][1][gc,age       ] GC(71) - age   4:     229112 bytes,     295256 total
[2020-09-11T13:16:19.602+0000][1][gc,age       ] GC(71) - age   5:     669536 bytes,     964792 total
[2020-09-11T13:16:19.602+0000][1][gc,age       ] GC(71) - age   6:     711544 bytes,    1676336 total
[2020-09-11T13:16:19.602+0000][1][gc,heap      ] GC(71) ParNew: 74362K->2070K(76672K)
[2020-09-11T13:16:19.602+0000][1][gc,heap      ] GC(71) CMS: 62874K->64765K(439104K)
[2020-09-11T13:16:19.602+0000][1][gc,metaspace ] GC(71) Metaspace: 78974K->78974K(1122304K)
[2020-09-11T13:16:19.602+0000][1][gc           ] GC(71) Pause Young (Allocation Failure) 134M->65M(503M) 14.609ms
[2020-09-11T13:16:19.602+0000][1][gc,cpu       ] GC(71) User=0.01s Sys=0.00s Real=0.01s
[2020-09-11T13:16:19.602+0000][1][safepoint    ] Safepoint "GenCollectForAllocation", Time since last: 7203629592 ns, Reaching safepoint: 179471 ns, At safepoint: 14679353 ns, Total: 14858824 ns
[2020-09-11T13:16:21.604+0000][1][safepoint    ] Safepoint "Cleanup", Time since last: 2002381612 ns, Reaching safepoint: 57553 ns, At safepoint: 17093 ns, Total: 74646 ns
[2020-09-11T13:16:24.605+0000][1][safepoint    ] Safepoint "Cleanup", Time since last: 3000382041 ns, Reaching safepoint: 217874 ns, At safepoint: 19755 ns, Total: 237629 ns
[2020-09-11T13:16:25.605+0000][1][safepoint    ] Safepoint "Cleanup", Time since last: 1000189314 ns, Reaching safepoint: 122094 ns, At safepoint: 15993 ns, Total: 138087 ns
[2020-09-11T13:16:26.606+0000][1][safepoint    ] Safepoint "Cleanup", Time since last: 1000224238 ns, Reaching safepoint: 95251 ns, At safepoint: 7979 ns, Total: 103230 ns
[2020-09-11T13:16:27.606+0000][1][safepoint    ] Safepoint "Cleanup", Time since last: 1000181714 ns, Reaching safepoint: 90999 ns, At safepoint: 7767 ns, Total: 98766 ns
[2020-09-11T13:16:28.606+0000][1][safepoint    ] Safepoint "Cleanup", Time since last: 1000140136 ns, Reaching safepoint: 119642 ns, At safepoint: 18302 ns, Total: 137944 ns
[2020-09-11T13:16:29.606+0000][1][safepoint    ] Safepoint "Cleanup", Time since last: 1000236275 ns, Reaching safepoint: 91212 ns, At safepoint: 6238 ns, Total: 97450 ns
[2020-09-11T13:16:29.618+0000][1][safepoint    ] Safepoint "RevokeBias", Time since last: 11474286 ns, Reaching safepoint: 26656 ns, At safepoint: 27638 ns, Total: 54294 ns
[2020-09-11T13:16:30.618+0000][1][safepoint    ] Safepoint "Cleanup", Time since last: 1000154120 ns, Reaching safepoint: 121857 ns, At safepoint: 18426 ns, Total: 140283 ns
[2020-09-11T13:16:31.619+0000][1][safepoint    ] Safepoint "Cleanup", Time since last: 1000217316 ns, Reaching safepoint: 114958 ns, At safepoint: 17590 ns, Total: 132548 ns
[2020-09-11T13:16:32.619+0000][1][safepoint    ] Safepoint "Cleanup", Time since last: 1000222378 ns, Reaching safepoint: 194280 ns, At safepoint: 21105 ns, Total: 215385 ns
[2020-09-11T13:16:33.619+0000][1][safepoint    ] Safepoint "Cleanup", Time since last: 1000201279 ns, Reaching safepoint: 109667 ns, At safepoint: 7025 ns, Total: 116692 ns
[2020-09-11T13:16:34.620+0000][1][safepoint    ] Safepoint "Cleanup", Time since last: 1000218904 ns, Reaching safepoint: 91840 ns, At safepoint: 8571 ns, Total: 100411 ns
[2020-09-11T13:16:35.620+0000][1][safepoint    ] Safepoint "Cleanup", Time since last: 1000172906 ns, Reaching safepoint: 117212 ns, At safepoint: 18322 ns, Total: 135534 ns
[2020-09-11T13:16:36.620+0000][1][safepoint    ] Safepoint "Cleanup", Time since last: 1000200244 ns, Reaching safepoint: 112071 ns, At safepoint: 8703 ns, Total: 120774 ns
[2020-09-11T13:16:37.621+0000][1][safepoint    ] Safepoint "Cleanup", Time since last: 1000177825 ns, Reaching safepoint: 100885 ns, At safepoint: 8231 ns, Total: 109116 ns
[2020-09-11T13:16:38.621+0000][1][safepoint    ] Safepoint "Cleanup", Time since last: 1000179953 ns, Reaching safepoint: 97135 ns, At safepoint: 10143 ns, Total: 107278 ns
[2020-09-11T13:16:39.621+0000][1][safepoint    ] Safepoint "Cleanup", Time since last: 1000168213 ns, Reaching safepoint: 94862 ns, At safepoint: 6846 ns, Total: 101708 ns
[2020-09-11T13:16:40.621+0000][1][safepoint    ] Safepoint "Cleanup", Time since last: 1000181109 ns, Reaching safepoint: 100580 ns, At safepoint: 8420 ns, Total: 109000 ns
[2020-09-11T13:16:41.622+0000][1][safepoint    ] Safepoint "Cleanup", Time since last: 1000167245 ns, Reaching safepoint: 132778 ns, At safepoint: 17774 ns, Total: 150552 ns
[2020-09-11T13:16:42.622+0000][1][safepoint    ] Safepoint "Cleanup", Time since last: 1000203420 ns, Reaching safepoint: 99292 ns, At safepoint: 7889 ns, Total: 107181 ns
[2020-09-11T13:16:43.622+0000][1][safepoint    ] Safepoint "Cleanup", Time since last: 1000169021 ns, Reaching safepoint: 121251 ns, At safepoint: 16846 ns, Total: 138097 ns
[2020-09-11T13:16:44.623+0000][1][safepoint    ] Safepoint "Cleanup", Time since last: 1000240744 ns, Reaching safepoint: 128990 ns, At safepoint: 19972 ns, Total: 148962 ns
[2020-09-11T13:16:45.623+0000][1][safepoint    ] Safepoint "Cleanup", Time since last: 1000194007 ns, Reaching safepoint: 123988 ns, At safepoint: 18683 ns, Total: 142671 ns
[2020-09-11T13:16:46.623+0000][1][safepoint    ] Safepoint "Cleanup", Time since last: 1000225578 ns, Reaching safepoint: 103241 ns, At safepoint: 8258 ns, Total: 111499 ns
[2020-09-11T13:16:47.624+0000][1][safepoint    ] Safepoint "Cleanup", Time since last: 1000214595 ns, Reaching safepoint: 93490 ns, At safepoint: 7669 ns, Total: 101159 ns
[2020-09-11T13:16:48.625+0000][1][safepoint    ] Safepoint "Cleanup", Time since last: 1000806529 ns, Reaching safepoint: 92990 ns, At safepoint: 7862 ns, Total: 100852 ns
[2020-09-11T13:16:49.625+0000][1][safepoint    ] Safepoint "Cleanup", Time since last: 1000185565 ns, Reaching safepoint: 85879 ns, At safepoint: 6690 ns, Total: 92569 ns
[2020-09-11T13:16:50.625+0000][1][safepoint    ] Safepoint "Cleanup", Time since last: 1000164728 ns, Reaching safepoint: 115081 ns, At safepoint: 7660 ns, Total: 122741 ns
[2020-09-11T13:16:51.626+0000][1][safepoint    ] Safepoint "Cleanup", Time since last: 1000179502 ns, Reaching safepoint: 98218 ns, At safepoint: 6761 ns, Total: 104979 ns
[2020-09-11T13:16:52.626+0000][1][safepoint    ] Safepoint "Cleanup", Time since last: 1000182326 ns, Reaching safepoint: 91264 ns, At safepoint: 8009 ns, Total: 99273 ns
[2020-09-11T13:16:53.627+0000][1][safepoint    ] Safepoint "Cleanup", Time since last: 1001099598 ns, Reaching safepoint: 93700 ns, At safepoint: 7112 ns, Total: 100812 ns
[2020-09-11T13:16:54.627+0000][1][safepoint    ] Safepoint "Cleanup", Time since last: 1000176878 ns, Reaching safepoint: 124977 ns, At safepoint: 19812 ns, Total: 144789 ns
[2020-09-11T13:16:55.628+0000][1][safepoint    ] Safepoint "Cleanup", Time since last: 1000260751 ns, Reaching safepoint: 97139 ns, At safepoint: 8407 ns, Total: 105546 ns
[2020-09-11T13:16:56.628+0000][1][safepoint    ] Safepoint "Cleanup", Time since last: 1000178250 ns, Reaching safepoint: 141849 ns, At safepoint: 19929 ns, Total: 161778 ns
[2020-09-11T13:17:10.630+0000][1][safepoint    ] Safepoint "Cleanup", Time since last: 14002017456 ns, Reaching safepoint: 127089 ns, At safepoint: 19194 ns, Total: 146283 ns
[2020-09-11T13:17:14.631+0000][1][safepoint    ] Safepoint "Cleanup", Time since last: 4000639476 ns, Reaching safepoint: 120500 ns, At safepoint: 8175 ns, Total: 128675 ns
[2020-09-11T13:17:15.631+0000][1][safepoint    ] Safepoint "Cleanup", Time since last: 1000166906 ns, Reaching safepoint: 98035 ns, At safepoint: 7208 ns, Total: 105243 ns
[2020-09-11T13:17:17.632+0000][1][safepoint    ] Safepoint "Cleanup", Time since last: 2000367402 ns, Reaching safepoint: 103057 ns, At safepoint: 7802 ns, Total: 110859 ns
[2020-09-11T13:17:22.633+0000][1][safepoint    ] Safepoint "Cleanup", Time since last: 5000753847 ns, Reaching safepoint: 93024 ns, At safepoint: 8149 ns, Total: 101173 ns
[2020-09-11T13:17:24.701+0000][1][gc,start     ] GC(72) Pause Young (Allocation Failure)
[2020-09-11T13:17:24.701+0000][1][gc,task      ] GC(72) Using 1 workers of 1 for evacuation
[2020-09-11T13:17:24.711+0000][1][gc,age       ] GC(72) Desired survivor size 4358144 bytes, new threshold 6 (max threshold 6)
[2020-09-11T13:17:24.711+0000][1][gc,age       ] GC(72) Age table with threshold 6 (max threshold 6)
[2020-09-11T13:17:24.711+0000][1][gc,age       ] GC(72) - age   1:      15904 bytes,      15904 total
[2020-09-11T13:17:24.711+0000][1][gc,age       ] GC(72) - age   2:      43768 bytes,      59672 total
[2020-09-11T13:17:24.711+0000][1][gc,age       ] GC(72) - age   3:       6248 bytes,      65920 total
[2020-09-11T13:17:24.711+0000][1][gc,age       ] GC(72) - age   4:       3200 bytes,      69120 total
[2020-09-11T13:17:24.711+0000][1][gc,age       ] GC(72) - age   5:     227976 bytes,     297096 total
[2020-09-11T13:17:24.711+0000][1][gc,age       ] GC(72) - age   6:     669536 bytes,     966632 total
[2020-09-11T13:17:24.711+0000][1][gc,heap      ] GC(72) ParNew: 70230K->1745K(76672K)
[2020-09-11T13:17:24.711+0000][1][gc,heap      ] GC(72) CMS: 64765K->65474K(439104K)
[2020-09-11T13:17:24.711+0000][1][gc,metaspace ] GC(72) Metaspace: 79030K->79030K(1122304K)
[2020-09-11T13:17:24.711+0000][1][gc           ] GC(72) Pause Young (Allocation Failure) 131M->65M(503M) 9.887ms
[2020-09-11T13:17:24.711+0000][1][gc,cpu       ] GC(72) User=0.01s Sys=0.00s Real=0.01s
[2020-09-11T13:17:24.711+0000][1][safepoint    ] Safepoint "GenCollectForAllocation", Time since last: 2068364073 ns, Reaching safepoint: 180041 ns, At safepoint: 9951133 ns, Total: 10131174 ns
[2020-09-11T13:17:25.713+0000][1][safepoint    ] Safepoint "Cleanup", Time since last: 1002100634 ns, Reaching safepoint: 63527 ns, At safepoint: 17793 ns, Total: 81320 ns
[2020-09-11T13:17:35.715+0000][1][safepoint    ] Safepoint "Cleanup", Time since last: 10001634010 ns, Reaching safepoint: 73728 ns, At safepoint: 9771 ns, Total: 83499 ns
[2020-09-11T13:17:36.715+0000][1][safepoint    ] Safepoint "Cleanup", Time since last: 1000108568 ns, Reaching safepoint: 69692 ns, At safepoint: 9842 ns, Total: 79534 ns
[2020-09-11T13:17:37.715+0000][1][safepoint    ] Safepoint "Cleanup", Time since last: 1000120676 ns, Reaching safepoint: 76288 ns, At safepoint: 10363 ns, Total: 86651 ns
[2020-09-11T13:17:41.716+0000][1][safepoint    ] Safepoint "Cleanup", Time since last: 4000350968 ns, Reaching safepoint: 71351 ns, At safepoint: 10828 ns, Total: 82179 ns
[2020-09-11T13:17:42.716+0000][1][safepoint    ] Safepoint "Cleanup", Time since last: 1000114003 ns, Reaching safepoint: 68312 ns, At safepoint: 8404 ns, Total: 76716 ns
[2020-09-11T13:17:43.716+0000][1][safepoint    ] Safepoint "Cleanup", Time since last: 1000112712 ns, Reaching safepoint: 69960 ns, At safepoint: 8504 ns, Total: 78464 ns
[2020-09-11T13:17:47.717+0000][1][safepoint    ] Safepoint "Cleanup", Time since last: 4000329508 ns, Reaching safepoint: 66951 ns, At safepoint: 7743 ns, Total: 74694 ns
[2020-09-11T13:17:55.706+0000][1][safepoint    ] Safepoint "RevokeBias", Time since last: 7989468267 ns, Reaching safepoint: 151258 ns, At safepoint: 23047 ns, Total: 174305 ns
[2020-09-11T13:17:55.719+0000][1][safepoint    ] Safepoint "RevokeBias", Time since last: 10189342 ns, Reaching safepoint: 2100552 ns, At safepoint: 26106 ns, Total: 2126658 ns
[2020-09-11T13:17:57.719+0000][1][safepoint    ] Safepoint "Cleanup", Time since last: 2000198710 ns, Reaching safepoint: 71855 ns, At safepoint: 8659 ns, Total: 80514 ns
[2020-09-11T13:17:59.719+0000][1][safepoint    ] Safepoint "Cleanup", Time since last: 2000200035 ns, Reaching safepoint: 68831 ns, At safepoint: 8724 ns, Total: 77555 ns
[2020-09-11T13:18:00.719+0000][1][safepoint    ] Safepoint "Cleanup", Time since last: 1000113865 ns, Reaching safepoint: 65815 ns, At safepoint: 7476 ns, Total: 73291 ns
[2020-09-11T13:18:02.720+0000][1][safepoint    ] Safepoint "Cleanup", Time since last: 2000213513 ns, Reaching safepoint: 66475 ns, At safepoint: 8153 ns, Total: 74628 ns
[2020-09-11T13:18:03.720+0000][1][safepoint    ] Safepoint "Cleanup", Time since last: 1000109174 ns, Reaching safepoint: 66683 ns, At safepoint: 8548 ns, Total: 75231 ns
[2020-09-11T13:18:05.720+0000][1][safepoint    ] Safepoint "Cleanup", Time since last: 2000190564 ns, Reaching safepoint: 70042 ns, At safepoint: 8986 ns, Total: 79028 ns
[2020-09-11T13:18:07.720+0000][1][safepoint    ] Safepoint "Cleanup", Time since last: 2000177392 ns, Reaching safepoint: 65076 ns, At safepoint: 7197 ns, Total: 72273 ns
[2020-09-11T13:18:10.721+0000][1][safepoint    ] Safepoint "Cleanup", Time since last: 3000273857 ns, Reaching safepoint: 74958 ns, At safepoint: 10055 ns, Total: 85013 ns
[2020-09-11T13:18:11.723+0000][1][safepoint    ] Safepoint "Cleanup", Time since last: 1002768308 ns, Reaching safepoint: 66446 ns, At safepoint: 7653 ns, Total: 74099 ns
[2020-09-11T13:18:12.724+0000][1][safepoint    ] Safepoint "Cleanup", Time since last: 1000103873 ns, Reaching safepoint: 61268 ns, At safepoint: 7468 ns, Total: 68736 ns
[2020-09-11T13:18:13.724+0000][1][safepoint    ] Safepoint "Cleanup", Time since last: 1000106857 ns, Reaching safepoint: 67322 ns, At safepoint: 7841 ns, Total: 75163 ns
[2020-09-11T13:18:14.724+0000][1][safepoint    ] Safepoint "Cleanup", Time since last: 1000113077 ns, Reaching safepoint: 67229 ns, At safepoint: 9240 ns, Total: 76469 ns
[2020-09-11T13:18:14.755+0000][1][gc,start     ] GC(73) Pause Young (Allocation Failure)
[2020-09-11T13:18:14.756+0000][1][gc,task      ] GC(73) Using 1 workers of 1 for evacuation
[2020-09-11T13:18:14.769+0000][1][gc,age       ] GC(73) Desired survivor size 4358144 bytes, new threshold 6 (max threshold 6)
[2020-09-11T13:18:14.769+0000][1][gc,age       ] GC(73) Age table with threshold 6 (max threshold 6)
[2020-09-11T13:18:14.769+0000][1][gc,age       ] GC(73) - age   1:      29816 bytes,      29816 total
[2020-09-11T13:18:14.769+0000][1][gc,age       ] GC(73) - age   2:       3384 bytes,      33200 total
[2020-09-11T13:18:14.769+0000][1][gc,age       ] GC(73) - age   3:      41288 bytes,      74488 total
[2020-09-11T13:18:14.769+0000][1][gc,age       ] GC(73) - age   4:       6248 bytes,      80736 total
[2020-09-11T13:18:14.769+0000][1][gc,age       ] GC(73) - age   5:       3200 bytes,      83936 total
[2020-09-11T13:18:14.769+0000][1][gc,age       ] GC(73) - age   6:     227976 bytes,     311912 total
[2020-09-11T13:18:14.769+0000][1][gc,heap      ] GC(73) ParNew: 69905K->790K(76672K)
[2020-09-11T13:18:14.769+0000][1][gc,heap      ] GC(73) CMS: 65474K->66141K(439104K)
[2020-09-11T13:18:14.769+0000][1][gc,metaspace ] GC(73) Metaspace: 79119K->79119K(1122304K)
[2020-09-11T13:18:14.769+0000][1][gc           ] GC(73) Pause Young (Allocation Failure) 132M->65M(503M) 13.649ms
[2020-09-11T13:18:14.769+0000][1][gc,cpu       ] GC(73) User=0.01s Sys=0.00s Real=0.01s
[2020-09-11T13:18:14.769+0000][1][safepoint    ] Safepoint "GenCollectForAllocation", Time since last: 29101124 ns, Reaching safepoint: 2340676 ns, At safepoint: 13717959 ns, Total: 16058635 ns
[2020-09-11T13:18:18.423+0000][1][safepoint    ] Safepoint "RevokeBias", Time since last: 3654147639 ns, Reaching safepoint: 114106 ns, At safepoint: 27613 ns, Total: 141719 ns
[2020-09-11T13:18:19.178+0000][1][safepoint    ] Safepoint "RevokeBias", Time since last: 754372968 ns, Reaching safepoint: 81231 ns, At safepoint: 20896 ns, Total: 102127 ns
[2020-09-11T13:18:19.184+0000][1][safepoint    ] Safepoint "RevokeBias", Time since last: 5929636 ns, Reaching safepoint: 47359 ns, At safepoint: 20876 ns, Total: 68235 ns
[2020-09-11T13:18:19.189+0000][1][safepoint    ] Safepoint "RevokeBias", Time since last: 4527470 ns, Reaching safepoint: 43237 ns, At safepoint: 19036 ns, Total: 62273 ns
[2020-09-11T13:18:19.194+0000][1][safepoint    ] Safepoint "RevokeBias", Time since last: 3805561 ns, Reaching safepoint: 1808005 ns, At safepoint: 38486 ns, Total: 1846491 ns
[2020-09-11T13:18:19.207+0000][1][safepoint    ] Safepoint "RevokeBias", Time since last: 10430309 ns, Reaching safepoint: 2483684 ns, At safepoint: 43846 ns, Total: 2527530 ns
[2020-09-11T13:18:19.213+0000][1][safepoint    ] Safepoint "RevokeBias", Time since last: 1594567 ns, Reaching safepoint: 4301027 ns, At safepoint: 38843 ns, Total: 4339870 ns
[2020-09-11T13:18:20.215+0000][1][safepoint    ] Safepoint "Cleanup", Time since last: 1002321448 ns, Reaching safepoint: 83932 ns, At safepoint: 7805 ns, Total: 91737 ns
[2020-09-11T13:18:21.216+0000][1][safepoint    ] Safepoint "Cleanup", Time since last: 1000141156 ns, Reaching safepoint: 75260 ns, At safepoint: 10638 ns, Total: 85898 ns
[2020-09-11T13:18:22.216+0000][1][safepoint    ] Safepoint "Cleanup", Time since last: 1000111132 ns, Reaching safepoint: 69251 ns, At safepoint: 7125 ns, Total: 76376 ns
[2020-09-11T13:18:22.810+0000][1][safepoint    ] Safepoint "RevokeBias", Time since last: 593588963 ns, Reaching safepoint: 60645 ns, At safepoint: 38264 ns, Total: 98909 ns
[2020-09-11T13:18:22.823+0000][1][safepoint    ] Safepoint "RevokeBias", Time since last: 11308076 ns, Reaching safepoint: 2561567 ns, At safepoint: 38097 ns, Total: 2599664 ns
[2020-09-11T13:18:22.827+0000][1][safepoint    ] Safepoint "RevokeBias", Time since last: 399737 ns, Reaching safepoint: 3537483 ns, At safepoint: 20358 ns, Total: 3557841 ns
[2020-09-11T13:18:22.828+0000][1][safepoint    ] Safepoint "RevokeBias", Time since last: 172473 ns, Reaching safepoint: 94936 ns, At safepoint: 15889 ns, Total: 110825 ns
[2020-09-11T13:18:22.828+0000][1][safepoint    ] Safepoint "RevokeBias", Time since last: 122979 ns, Reaching safepoint: 162284 ns, At safepoint: 18836 ns, Total: 181120 ns
[2020-09-11T13:18:22.828+0000][1][safepoint    ] Safepoint "RevokeBias", Time since last: 116949 ns, Reaching safepoint: 92814 ns, At safepoint: 15158 ns, Total: 107972 ns
[2020-09-11T13:18:22.828+0000][1][safepoint    ] Safepoint "RevokeBias", Time since last: 116574 ns, Reaching safepoint: 92581 ns, At safepoint: 14237 ns, Total: 106818 ns
[2020-09-11T13:18:22.829+0000][1][safepoint    ] Safepoint "RevokeBias", Time since last: 554005 ns, Reaching safepoint: 95735 ns, At safepoint: 15385 ns, Total: 111120 ns
[2020-09-11T13:18:22.831+0000][1][safepoint    ] Safepoint "RevokeBias", Time since last: 315335 ns, Reaching safepoint: 1954758 ns, At safepoint: 23379 ns, Total: 1978137 ns
[2020-09-11T13:18:22.832+0000][1][safepoint    ] Safepoint "RevokeBias", Time since last: 78881 ns, Reaching safepoint: 96408 ns, At safepoint: 16121 ns, Total: 112529 ns
[2020-09-11T13:18:22.832+0000][1][safepoint    ] Safepoint "RevokeBias", Time since last: 211106 ns, Reaching safepoint: 95754 ns, At safepoint: 17331 ns, Total: 113085 ns
[2020-09-11T13:18:22.833+0000][1][safepoint    ] Safepoint "RevokeBias", Time since last: 402827 ns, Reaching safepoint: 569878 ns, At safepoint: 21136 ns, Total: 591014 ns
[2020-09-11T13:18:22.833+0000][1][safepoint    ] Safepoint "RevokeBias", Time since last: 170865 ns, Reaching safepoint: 221311 ns, At safepoint: 25257 ns, Total: 246568 ns
[2020-09-11T13:18:22.835+0000][1][safepoint    ] Safepoint "RevokeBias", Time since last: 129851 ns, Reaching safepoint: 1158334 ns, At safepoint: 28898 ns, Total: 1187232 ns
[2020-09-11T13:18:22.835+0000][1][safepoint    ] Safepoint "RevokeBias", Time since last: 148305 ns, Reaching safepoint: 95496 ns, At safepoint: 22868 ns, Total: 118364 ns
[2020-09-11T13:18:22.841+0000][1][safepoint    ] Safepoint "RevokeBias", Time since last: 1758230 ns, Reaching safepoint: 4496738 ns, At safepoint: 178722 ns, Total: 4675460 ns
[2020-09-11T13:18:22.843+0000][1][safepoint    ] Safepoint "RevokeBias", Time since last: 1033718 ns, Reaching safepoint: 106840 ns, At safepoint: 30211 ns, Total: 137051 ns
[2020-09-11T13:18:22.848+0000][1][safepoint    ] Safepoint "RevokeBias", Time since last: 555956 ns, Reaching safepoint: 4405682 ns, At safepoint: 63666 ns, Total: 4469348 ns
[2020-09-11T13:18:22.858+0000][1][safepoint    ] Safepoint "RevokeBias", Time since last: 5182041 ns, Reaching safepoint: 5010503 ns, At safepoint: 34491 ns, Total: 5044994 ns
[2020-09-11T13:18:22.871+0000][1][safepoint    ] Safepoint "RevokeBias", Time since last: 12759029 ns, Reaching safepoint: 873445 ns, At safepoint: 26743 ns, Total: 900188 ns
[2020-09-11T13:18:22.875+0000][1][safepoint    ] Safepoint "RevokeBias", Time since last: 556618 ns, Reaching safepoint: 3433226 ns, At safepoint: 29769 ns, Total: 3462995 ns
[2020-09-11T13:18:22.882+0000][1][safepoint    ] Safepoint "RevokeBias", Time since last: 3929983 ns, Reaching safepoint: 2425585 ns, At safepoint: 27735 ns, Total: 2453320 ns
[2020-09-11T13:18:23.531+0000][1][safepoint    ] Safepoint "RevokeBias", Time since last: 648564181 ns, Reaching safepoint: 79216 ns, At safepoint: 21002 ns, Total: 100218 ns
[2020-09-11T13:18:23.531+0000][1][safepoint    ] Safepoint "RevokeBias", Time since last: 301759 ns, Reaching safepoint: 23955 ns, At safepoint: 13364 ns, Total: 37319 ns
[2020-09-11T13:18:24.531+0000][1][safepoint    ] Safepoint "Cleanup", Time since last: 1000110364 ns, Reaching safepoint: 71699 ns, At safepoint: 8787 ns, Total: 80486 ns
[2020-09-11T13:18:25.531+0000][1][safepoint    ] Safepoint "Cleanup", Time since last: 1000146600 ns, Reaching safepoint: 79772 ns, At safepoint: 7655 ns, Total: 87427 ns
[2020-09-11T13:18:29.532+0000][1][safepoint    ] Safepoint "Cleanup", Time since last: 4000711446 ns, Reaching safepoint: 102075 ns, At safepoint: 8462 ns, Total: 110537 ns
[2020-09-11T13:18:30.532+0000][1][safepoint    ] Safepoint "Cleanup", Time since last: 1000125968 ns, Reaching safepoint: 72996 ns, At safepoint: 11680 ns, Total: 84676 ns
[2020-09-11T13:18:31.533+0000][1][safepoint    ] Safepoint "Cleanup", Time since last: 1000177747 ns, Reaching safepoint: 98297 ns, At safepoint: 8859 ns, Total: 107156 ns
[2020-09-11T13:18:35.533+0000][1][safepoint    ] Safepoint "Cleanup", Time since last: 4000537402 ns, Reaching safepoint: 125125 ns, At safepoint: 8735 ns, Total: 133860 ns
[2020-09-11T13:18:40.535+0000][1][safepoint    ] Safepoint "Cleanup", Time since last: 5001211195 ns, Reaching safepoint: 72676 ns, At safepoint: 8218 ns, Total: 80894 ns
[2020-09-11T13:18:41.535+0000][1][safepoint    ] Safepoint "Cleanup", Time since last: 1000680450 ns, Reaching safepoint: 163890 ns, At safepoint: 18305 ns, Total: 182195 ns
[2020-09-11T13:18:44.847+0000][1][gc,start     ] GC(74) Pause Young (Allocation Failure)
[2020-09-11T13:18:44.847+0000][1][gc,task      ] GC(74) Using 1 workers of 1 for evacuation
[2020-09-11T13:18:44.854+0000][1][gc,age       ] GC(74) Desired survivor size 4358144 bytes, new threshold 6 (max threshold 6)
[2020-09-11T13:18:44.854+0000][1][gc,age       ] GC(74) Age table with threshold 6 (max threshold 6)
[2020-09-11T13:18:44.854+0000][1][gc,age       ] GC(74) - age   1:     290288 bytes,     290288 total
[2020-09-11T13:18:44.854+0000][1][gc,age       ] GC(74) - age   2:      17416 bytes,     307704 total
[2020-09-11T13:18:44.854+0000][1][gc,age       ] GC(74) - age   3:       3384 bytes,     311088 total
[2020-09-11T13:18:44.854+0000][1][gc,age       ] GC(74) - age   4:      35040 bytes,     346128 total
[2020-09-11T13:18:44.854+0000][1][gc,age       ] GC(74) - age   5:       6248 bytes,     352376 total
[2020-09-11T13:18:44.854+0000][1][gc,age       ] GC(74) - age   6:       3200 bytes,     355576 total
[2020-09-11T13:18:44.854+0000][1][gc,heap      ] GC(74) ParNew: 68950K->547K(76672K)
[2020-09-11T13:18:44.854+0000][1][gc,heap      ] GC(74) CMS: 66141K->66368K(439104K)
[2020-09-11T13:18:44.854+0000][1][gc,metaspace ] GC(74) Metaspace: 79286K->79286K(1122304K)
[2020-09-11T13:18:44.854+0000][1][gc           ] GC(74) Pause Young (Allocation Failure) 131M->65M(503M) 6.894ms
[2020-09-11T13:18:44.854+0000][1][gc,cpu       ] GC(74) User=0.01s Sys=0.00s Real=0.00s
[2020-09-11T13:18:44.854+0000][1][safepoint    ] Safepoint "GenCollectForAllocation", Time since last: 3311661810 ns, Reaching safepoint: 166753 ns, At safepoint: 6963449 ns, Total: 7130202 ns
[2020-09-11T13:18:51.859+0000][1][safepoint    ] Safepoint "Cleanup", Time since last: 7004537392 ns, Reaching safepoint: 110634 ns, At safepoint: 17403 ns, Total: 128037 ns
[2020-09-11T13:18:52.859+0000][1][safepoint    ] Safepoint "Cleanup", Time since last: 1000212138 ns, Reaching safepoint: 113604 ns, At safepoint: 17480 ns, Total: 131084 ns
[2020-09-11T13:19:00.420+0000][1][safepoint    ] Safepoint "Cleanup", Time since last: 7560150084 ns, Reaching safepoint: 175177 ns, At safepoint: 18232 ns, Total: 193409 ns
[2020-09-11T13:19:01.420+0000][1][safepoint    ] Safepoint "Cleanup", Time since last: 1000164481 ns, Reaching safepoint: 87305 ns, At safepoint: 8656 ns, Total: 95961 ns
[2020-09-11T13:19:03.420+0000][1][safepoint    ] Safepoint "Cleanup", Time since last: 2000288322 ns, Reaching safepoint: 119989 ns, At safepoint: 18285 ns, Total: 138274 ns
[2020-09-11T13:19:13.746+0000][1][safepoint    ] Safepoint "Cleanup", Time since last: 10324177897 ns, Reaching safepoint: 1499962 ns, At safepoint: 26607 ns, Total: 1526569 ns
[2020-09-11T13:19:17.747+0000][1][safepoint    ] Safepoint "Cleanup", Time since last: 4000553990 ns, Reaching safepoint: 128411 ns, At safepoint: 19014 ns, Total: 147425 ns
[2020-09-11T13:19:21.748+0000][1][safepoint    ] Safepoint "Cleanup", Time since last: 4000673358 ns, Reaching safepoint: 154447 ns, At safepoint: 18159 ns, Total: 172606 ns
[2020-09-11T13:19:26.748+0000][1][safepoint    ] Safepoint "Cleanup", Time since last: 5000682439 ns, Reaching safepoint: 94526 ns, At safepoint: 8516 ns, Total: 103042 ns
[2020-09-11T13:19:28.749+0000][1][safepoint    ] Safepoint "Cleanup", Time since last: 2000282204 ns, Reaching safepoint: 130563 ns, At safepoint: 20330 ns, Total: 150893 ns
[2020-09-11T13:19:32.750+0000][1][safepoint    ] Safepoint "Cleanup", Time since last: 4000640256 ns, Reaching safepoint: 118563 ns, At safepoint: 9074 ns, Total: 127637 ns
[2020-09-11T13:19:38.751+0000][1][safepoint    ] Safepoint "Cleanup", Time since last: 6000900871 ns, Reaching safepoint: 126397 ns, At safepoint: 18081 ns, Total: 144478 ns
[2020-09-11T13:19:39.751+0000][1][safepoint    ] Safepoint "Cleanup", Time since last: 1000188048 ns, Reaching safepoint: 125000 ns, At safepoint: 19261 ns, Total: 144261 ns
[2020-09-11T13:19:44.942+0000][1][gc,start     ] GC(75) Pause Young (Allocation Failure)
[2020-09-11T13:19:44.942+0000][1][gc,task      ] GC(75) Using 1 workers of 1 for evacuation
[2020-09-11T13:19:44.948+0000][1][gc,age       ] GC(75) Desired survivor size 4358144 bytes, new threshold 6 (max threshold 6)
[2020-09-11T13:19:44.948+0000][1][gc,age       ] GC(75) Age table with threshold 6 (max threshold 6)
[2020-09-11T13:19:44.948+0000][1][gc,age       ] GC(75) - age   1:      24992 bytes,      24992 total
[2020-09-11T13:19:44.948+0000][1][gc,age       ] GC(75) - age   2:     273560 bytes,     298552 total
[2020-09-11T13:19:44.948+0000][1][gc,age       ] GC(75) - age   3:      14936 bytes,     313488 total
[2020-09-11T13:19:44.948+0000][1][gc,age       ] GC(75) - age   4:       3384 bytes,     316872 total
[2020-09-11T13:19:44.948+0000][1][gc,age       ] GC(75) - age   5:      33544 bytes,     350416 total
[2020-09-11T13:19:44.948+0000][1][gc,age       ] GC(75) - age   6:       6248 bytes,     356664 total
[2020-09-11T13:19:44.948+0000][1][gc,heap      ] GC(75) ParNew: 68707K->657K(76672K)
[2020-09-11T13:19:44.948+0000][1][gc,heap      ] GC(75) CMS: 66368K->66371K(439104K)
[2020-09-11T13:19:44.948+0000][1][gc,metaspace ] GC(75) Metaspace: 79293K->79293K(1122304K)
[2020-09-11T13:19:44.948+0000][1][gc           ] GC(75) Pause Young (Allocation Failure) 131M->65M(503M) 5.933ms
[2020-09-11T13:19:44.948+0000][1][gc,cpu       ] GC(75) User=0.01s Sys=0.00s Real=0.01s
[2020-09-11T13:19:44.948+0000][1][safepoint    ] Safepoint "GenCollectForAllocation", Time since last: 5191173648 ns, Reaching safepoint: 226166 ns, At safepoint: 6006054 ns, Total: 6232220 ns
[2020-09-11T13:20:08.954+0000][1][safepoint    ] Safepoint "Cleanup", Time since last: 24005716391 ns, Reaching safepoint: 97707 ns, At safepoint: 7542 ns, Total: 105249 ns
[2020-09-11T13:20:12.955+0000][1][safepoint    ] Safepoint "Cleanup", Time since last: 4000557472 ns, Reaching safepoint: 77026 ns, At safepoint: 20345 ns, Total: 97371 ns
[2020-09-11T13:20:17.956+0000][1][safepoint    ] Safepoint "Cleanup", Time since last: 5000797873 ns, Reaching safepoint: 167100 ns, At safepoint: 19992 ns, Total: 187092 ns
[2020-09-11T13:20:20.956+0000][1][safepoint    ] Safepoint "Cleanup", Time since last: 3000501218 ns, Reaching safepoint: 98773 ns, At safepoint: 7823 ns, Total: 106596 ns
[2020-09-11T13:20:23.878+0000][1][safepoint    ] Safepoint "RevokeBias", Time since last: 2922008503 ns, Reaching safepoint: 56069 ns, At safepoint: 20739 ns, Total: 76808 ns
[2020-09-11T13:20:24.879+0000][1][safepoint    ] Safepoint "Cleanup", Time since last: 1000197198 ns, Reaching safepoint: 112876 ns, At safepoint: 8769 ns, Total: 121645 ns
[2020-09-11T13:20:25.879+0000][1][safepoint    ] Safepoint "Cleanup", Time since last: 1000179844 ns, Reaching safepoint: 124910 ns, At safepoint: 18643 ns, Total: 143553 ns
[2020-09-11T13:20:26.879+0000][1][safepoint    ] Safepoint "Cleanup", Time since last: 1000207891 ns, Reaching safepoint: 124482 ns, At safepoint: 6937 ns, Total: 131419 ns
[2020-09-11T13:20:28.880+0000][1][safepoint    ] Safepoint "Cleanup", Time since last: 2000304475 ns, Reaching safepoint: 90514 ns, At safepoint: 8122 ns, Total: 98636 ns
[2020-09-11T13:20:29.880+0000][1][safepoint    ] Safepoint "Cleanup", Time since last: 1000185906 ns, Reaching safepoint: 94660 ns, At safepoint: 8502 ns, Total: 103162 ns
[2020-09-11T13:20:30.880+0000][1][safepoint    ] Safepoint "Cleanup", Time since last: 1000147271 ns, Reaching safepoint: 119600 ns, At safepoint: 10549 ns, Total: 130149 ns
[2020-09-11T13:20:31.881+0000][1][safepoint    ] Safepoint "Cleanup", Time since last: 1000177871 ns, Reaching safepoint: 94984 ns, At safepoint: 8546 ns, Total: 103530 ns
[2020-09-11T13:20:32.881+0000][1][safepoint    ] Safepoint "Cleanup", Time since last: 1000206024 ns, Reaching safepoint: 105270 ns, At safepoint: 12171 ns, Total: 117441 ns
[2020-09-11T13:20:33.881+0000][1][safepoint    ] Safepoint "Cleanup", Time since last: 1000182710 ns, Reaching safepoint: 92412 ns, At safepoint: 9053 ns, Total: 101465 ns
[2020-09-11T13:20:34.882+0000][1][safepoint    ] Safepoint "Cleanup", Time since last: 1000192307 ns, Reaching safepoint: 82833 ns, At safepoint: 8777 ns, Total: 91610 ns
[2020-09-11T13:20:35.882+0000][1][safepoint    ] Safepoint "Cleanup", Time since last: 1000163361 ns, Reaching safepoint: 96041 ns, At safepoint: 8842 ns, Total: 104883 ns
[2020-09-11T13:20:36.882+0000][1][safepoint    ] Safepoint "Cleanup", Time since last: 1000188346 ns, Reaching safepoint: 117397 ns, At safepoint: 18940 ns, Total: 136337 ns
[2020-09-11T13:20:37.882+0000][1][safepoint    ] Safepoint "Cleanup", Time since last: 1000164375 ns, Reaching safepoint: 72576 ns, At safepoint: 9036 ns, Total: 81612 ns
[2020-09-11T13:20:38.883+0000][1][safepoint    ] Safepoint "Cleanup", Time since last: 1000172382 ns, Reaching safepoint: 116267 ns, At safepoint: 19685 ns, Total: 135952 ns
[2020-09-11T13:20:39.883+0000][1][safepoint    ] Safepoint "Cleanup", Time since last: 1000190832 ns, Reaching safepoint: 113885 ns, At safepoint: 18863 ns, Total: 132748 ns
[2020-09-11T13:20:40.883+0000][1][safepoint    ] Safepoint "Cleanup", Time since last: 1000233907 ns, Reaching safepoint: 84656 ns, At safepoint: 16932 ns, Total: 101588 ns
[2020-09-11T13:20:41.884+0000][1][safepoint    ] Safepoint "Cleanup", Time since last: 1000152294 ns, Reaching safepoint: 116942 ns, At safepoint: 19738 ns, Total: 136680 ns
[2020-09-11T13:20:42.884+0000][1][safepoint    ] Safepoint "Cleanup", Time since last: 1000172987 ns, Reaching safepoint: 118375 ns, At safepoint: 17818 ns, Total: 136193 ns
[2020-09-11T13:20:43.884+0000][1][safepoint    ] Safepoint "Cleanup", Time since last: 1000210719 ns, Reaching safepoint: 116658 ns, At safepoint: 19060 ns, Total: 135718 ns
[2020-09-11T13:20:44.885+0000][1][safepoint    ] Safepoint "Cleanup", Time since last: 1000173419 ns, Reaching safepoint: 113972 ns, At safepoint: 18141 ns, Total: 132113 ns
[2020-09-11T13:20:45.885+0000][1][safepoint    ] Safepoint "Cleanup", Time since last: 1000200732 ns, Reaching safepoint: 116083 ns, At safepoint: 19084 ns, Total: 135167 ns
[2020-09-11T13:20:46.885+0000][1][safepoint    ] Safepoint "Cleanup", Time since last: 1000217173 ns, Reaching safepoint: 119972 ns, At safepoint: 20206 ns, Total: 140178 ns
[2020-09-11T13:20:47.693+0000][1][gc,start     ] GC(76) Pause Young (Allocation Failure)
[2020-09-11T13:20:47.693+0000][1][gc,task      ] GC(76) Using 1 workers of 1 for evacuation
[2020-09-11T13:20:47.700+0000][1][gc,age       ] GC(76) Desired survivor size 4358144 bytes, new threshold 6 (max threshold 6)
[2020-09-11T13:20:47.700+0000][1][gc,age       ] GC(76) Age table with threshold 6 (max threshold 6)
[2020-09-11T13:20:47.700+0000][1][gc,age       ] GC(76) - age   1:     104816 bytes,     104816 total
[2020-09-11T13:20:47.700+0000][1][gc,age       ] GC(76) - age   2:       9248 bytes,     114064 total
[2020-09-11T13:20:47.700+0000][1][gc,age       ] GC(76) - age   3:     271520 bytes,     385584 total
[2020-09-11T13:20:47.700+0000][1][gc,age       ] GC(76) - age   4:      13696 bytes,     399280 total
[2020-09-11T13:20:47.700+0000][1][gc,age       ] GC(76) - age   5:       3384 bytes,     402664 total
[2020-09-11T13:20:47.700+0000][1][gc,age       ] GC(76) - age   6:      33544 bytes,     436208 total
[2020-09-11T13:20:47.700+0000][1][gc,heap      ] GC(76) ParNew: 68817K->638K(76672K)
[2020-09-11T13:20:47.700+0000][1][gc,heap      ] GC(76) CMS: 66371K->66377K(439104K)
[2020-09-11T13:20:47.700+0000][1][gc,metaspace ] GC(76) Metaspace: 79328K->79328K(1122304K)
[2020-09-11T13:20:47.700+0000][1][gc           ] GC(76) Pause Young (Allocation Failure) 132M->65M(503M) 7.116ms
[2020-09-11T13:20:47.700+0000][1][gc,cpu       ] GC(76) User=0.01s Sys=0.00s Real=0.01s
[2020-09-11T13:20:47.700+0000][1][safepoint    ] Safepoint "GenCollectForAllocation", Time since last: 807155115 ns, Reaching safepoint: 131338 ns, At safepoint: 7207046 ns, Total: 7338384 ns
[2020-09-11T13:20:48.701+0000][1][safepoint    ] Safepoint "Cleanup", Time since last: 1001186403 ns, Reaching safepoint: 105639 ns, At safepoint: 44171 ns, Total: 149810 ns
[2020-09-11T13:20:49.701+0000][1][safepoint    ] Safepoint "Cleanup", Time since last: 1000158352 ns, Reaching safepoint: 107520 ns, At safepoint: 41288 ns, Total: 148808 ns
[2020-09-11T13:20:50.702+0000][1][safepoint    ] Safepoint "Cleanup", Time since last: 1000185075 ns, Reaching safepoint: 113467 ns, At safepoint: 17988 ns, Total: 131455 ns
[2020-09-11T13:20:51.702+0000][1][safepoint    ] Safepoint "Cleanup", Time since last: 1000222334 ns, Reaching safepoint: 83952 ns, At safepoint: 6050 ns, Total: 90002 ns
[2020-09-11T13:20:52.702+0000][1][safepoint    ] Safepoint "Cleanup", Time since last: 1000196484 ns, Reaching safepoint: 77404 ns, At safepoint: 7429 ns, Total: 84833 ns
[2020-09-11T13:20:53.703+0000][1][safepoint    ] Safepoint "Cleanup", Time since last: 1000174999 ns, Reaching safepoint: 83967 ns, At safepoint: 6456 ns, Total: 90423 ns
[2020-09-11T13:20:54.703+0000][1][safepoint    ] Safepoint "Cleanup", Time since last: 1000165035 ns, Reaching safepoint: 113584 ns, At safepoint: 18299 ns, Total: 131883 ns
[2020-09-11T13:20:55.703+0000][1][safepoint    ] Safepoint "Cleanup", Time since last: 1000224411 ns, Reaching safepoint: 114833 ns, At safepoint: 16829 ns, Total: 131662 ns
[2020-09-11T13:20:56.704+0000][1][safepoint    ] Safepoint "Cleanup", Time since last: 1000213009 ns, Reaching safepoint: 112662 ns, At safepoint: 17884 ns, Total: 130546 ns
[2020-09-11T13:20:57.732+0000][1][safepoint    ] Safepoint "Cleanup", Time since last: 1027878239 ns, Reaching safepoint: 153348 ns, At safepoint: 18896 ns, Total: 172244 ns
[2020-09-11T13:21:11.733+0000][1][safepoint    ] Safepoint "Cleanup", Time since last: 14001661764 ns, Reaching safepoint: 66397 ns, At safepoint: 6595 ns, Total: 72992 ns
[2020-09-11T13:21:21.735+0000][1][safepoint    ] Safepoint "Cleanup", Time since last: 10001495520 ns, Reaching safepoint: 120444 ns, At safepoint: 17924 ns, Total: 138368 ns
[2020-09-11T13:21:23.736+0000][1][safepoint    ] Safepoint "Cleanup", Time since last: 2000359337 ns, Reaching safepoint: 123456 ns, At safepoint: 17614 ns, Total: 141070 ns
[2020-09-11T13:21:29.737+0000][1][safepoint    ] Safepoint "Cleanup", Time since last: 6000875949 ns, Reaching safepoint: 170895 ns, At safepoint: 19445 ns, Total: 190340 ns
[2020-09-11T13:21:36.738+0000][1][safepoint    ] Safepoint "Cleanup", Time since last: 7001126035 ns, Reaching safepoint: 95314 ns, At safepoint: 8314 ns, Total: 103628 ns
[2020-09-11T13:21:47.740+0000][1][safepoint    ] Safepoint "Cleanup", Time since last: 11001647553 ns, Reaching safepoint: 129821 ns, At safepoint: 19131 ns, Total: 148952 ns
[2020-09-11T13:21:50.313+0000][1][gc,start     ] GC(77) Pause Young (Allocation Failure)
[2020-09-11T13:21:50.313+0000][1][gc,task      ] GC(77) Using 1 workers of 1 for evacuation
[2020-09-11T13:21:50.318+0000][1][gc,age       ] GC(77) Desired survivor size 4358144 bytes, new threshold 6 (max threshold 6)
[2020-09-11T13:21:50.318+0000][1][gc,age       ] GC(77) Age table with threshold 6 (max threshold 6)
[2020-09-11T13:21:50.318+0000][1][gc,age       ] GC(77) - age   1:      11568 bytes,      11568 total
[2020-09-11T13:21:50.318+0000][1][gc,age       ] GC(77) - age   2:      30528 bytes,      42096 total
[2020-09-11T13:21:50.318+0000][1][gc,age       ] GC(77) - age   3:       9216 bytes,      51312 total
[2020-09-11T13:21:50.318+0000][1][gc,age       ] GC(77) - age   4:     269040 bytes,     320352 total
[2020-09-11T13:21:50.318+0000][1][gc,age       ] GC(77) - age   5:      13696 bytes,     334048 total
[2020-09-11T13:21:50.318+0000][1][gc,age       ] GC(77) - age   6:       3384 bytes,     337432 total
[2020-09-11T13:21:50.318+0000][1][gc,heap      ] GC(77) ParNew: 68798K->372K(76672K)
[2020-09-11T13:21:50.318+0000][1][gc,heap      ] GC(77) CMS: 66377K->66411K(439104K)
[2020-09-11T13:21:50.318+0000][1][gc,metaspace ] GC(77) Metaspace: 79338K->79338K(1122304K)
[2020-09-11T13:21:50.318+0000][1][gc           ] GC(77) Pause Young (Allocation Failure) 132M->65M(503M) 4.836ms
[2020-09-11T13:21:50.318+0000][1][gc,cpu       ] GC(77) User=0.00s Sys=0.00s Real=0.01s
[2020-09-11T13:21:50.318+0000][1][safepoint    ] Safepoint "GenCollectForAllocation", Time since last: 2573386420 ns, Reaching safepoint: 59387 ns, At safepoint: 4899954 ns, Total: 4959341 ns
[2020-09-11T13:21:58.319+0000][1][safepoint    ] Safepoint "Cleanup", Time since last: 8001203093 ns, Reaching safepoint: 96868 ns, At safepoint: 8133 ns, Total: 105001 ns
[2020-09-11T13:22:05.320+0000][1][safepoint    ] Safepoint "Cleanup", Time since last: 7001004067 ns, Reaching safepoint: 134786 ns, At safepoint: 20330 ns, Total: 155116 ns
[2020-09-11T13:22:19.323+0000][1][safepoint    ] Safepoint "Cleanup", Time since last: 14002052540 ns, Reaching safepoint: 132497 ns, At safepoint: 20046 ns, Total: 152543 ns
[2020-09-11T13:22:20.323+0000][1][safepoint    ] Safepoint "Cleanup", Time since last: 1000189253 ns, Reaching safepoint: 110637 ns, At safepoint: 8134 ns, Total: 118771 ns
[2020-09-11T13:22:24.324+0000][1][safepoint    ] Safepoint "Cleanup", Time since last: 4000648011 ns, Reaching safepoint: 128081 ns, At safepoint: 16865 ns, Total: 144946 ns
[2020-09-11T13:22:29.325+0000][1][safepoint    ] Safepoint "Cleanup", Time since last: 5000688610 ns, Reaching safepoint: 128706 ns, At safepoint: 19294 ns, Total: 148000 ns
[2020-09-11T13:22:36.326+0000][1][safepoint    ] Safepoint "Cleanup", Time since last: 7001012857 ns, Reaching safepoint: 92630 ns, At safepoint: 7064 ns, Total: 99694 ns
[2020-09-11T13:22:38.326+0000][1][safepoint    ] Safepoint "Cleanup", Time since last: 2000321796 ns, Reaching safepoint: 132029 ns, At safepoint: 18911 ns, Total: 150940 ns
[2020-09-11T13:22:47.328+0000][1][safepoint    ] Safepoint "Cleanup", Time since last: 9001339263 ns, Reaching safepoint: 131579 ns, At safepoint: 20140 ns, Total: 151719 ns
[2020-09-11T13:22:55.198+0000][1][gc,start     ] GC(78) Pause Young (Allocation Failure)
[2020-09-11T13:22:55.199+0000][1][gc,task      ] GC(78) Using 1 workers of 1 for evacuation
[2020-09-11T13:22:55.203+0000][1][gc,age       ] GC(78) Desired survivor size 4358144 bytes, new threshold 6 (max threshold 6)
[2020-09-11T13:22:55.203+0000][1][gc,age       ] GC(78) Age table with threshold 6 (max threshold 6)
[2020-09-11T13:22:55.203+0000][1][gc,age       ] GC(78) - age   1:      18752 bytes,      18752 total
[2020-09-11T13:22:55.203+0000][1][gc,age       ] GC(78) - age   2:       2840 bytes,      21592 total
[2020-09-11T13:22:55.203+0000][1][gc,age       ] GC(78) - age   3:      28016 bytes,      49608 total
[2020-09-11T13:22:55.203+0000][1][gc,age       ] GC(78) - age   4:       7976 bytes,      57584 total
[2020-09-11T13:22:55.203+0000][1][gc,age       ] GC(78) - age   5:     269040 bytes,     326624 total
[2020-09-11T13:22:55.203+0000][1][gc,age       ] GC(78) - age   6:      13696 bytes,     340320 total
[2020-09-11T13:22:55.203+0000][1][gc,heap      ] GC(78) ParNew: 68532K->340K(76672K)
[2020-09-11T13:22:55.203+0000][1][gc,heap      ] GC(78) CMS: 66411K->66414K(439104K)
[2020-09-11T13:22:55.203+0000][1][gc,metaspace ] GC(78) Metaspace: 79350K->79350K(1122304K)
[2020-09-11T13:22:55.203+0000][1][gc           ] GC(78) Pause Young (Allocation Failure) 131M->65M(503M) 4.926ms
[2020-09-11T13:22:55.203+0000][1][gc,cpu       ] GC(78) User=0.01s Sys=0.00s Real=0.01s
[2020-09-11T13:22:55.203+0000][1][safepoint    ] Safepoint "GenCollectForAllocation", Time since last: 7870596500 ns, Reaching safepoint: 189459 ns, At safepoint: 4990995 ns, Total: 5180454 ns
[2020-09-11T13:23:07.206+0000][1][safepoint    ] Safepoint "Cleanup", Time since last: 12002875510 ns, Reaching safepoint: 129073 ns, At safepoint: 18459 ns, Total: 147532 ns
[2020-09-11T13:23:13.208+0000][1][safepoint    ] Safepoint "Cleanup", Time since last: 6000882072 ns, Reaching safepoint: 175196 ns, At safepoint: 16915 ns, Total: 192111 ns
[2020-09-11T13:23:14.208+0000][1][safepoint    ] Safepoint "Cleanup", Time since last: 1000237306 ns, Reaching safepoint: 127139 ns, At safepoint: 19882 ns, Total: 147021 ns
[2020-09-11T13:23:18.209+0000][1][safepoint    ] Safepoint "Cleanup", Time since last: 4000594856 ns, Reaching safepoint: 126620 ns, At safepoint: 18890 ns, Total: 145510 ns
[2020-09-11T13:23:23.209+0000][1][safepoint    ] Safepoint "Cleanup", Time since last: 5000676601 ns, Reaching safepoint: 94428 ns, At safepoint: 7769 ns, Total: 102197 ns
[2020-09-11T13:23:26.210+0000][1][safepoint    ] Safepoint "Cleanup", Time since last: 3000429679 ns, Reaching safepoint: 99269 ns, At safepoint: 9802 ns, Total: 109071 ns
[2020-09-11T13:23:58.215+0000][1][safepoint    ] Safepoint "Cleanup", Time since last: 32005056454 ns, Reaching safepoint: 183758 ns, At safepoint: 21536 ns, Total: 205294 ns
[2020-09-11T13:23:59.216+0000][1][safepoint    ] Safepoint "Cleanup", Time since last: 1000218593 ns, Reaching safepoint: 133453 ns, At safepoint: 20881 ns, Total: 154334 ns
[2020-09-11T13:24:00.322+0000][1][gc,start     ] GC(79) Pause Young (Allocation Failure)
[2020-09-11T13:24:00.322+0000][1][gc,task      ] GC(79) Using 1 workers of 1 for evacuation
[2020-09-11T13:24:00.327+0000][1][gc,age       ] GC(79) Desired survivor size 4358144 bytes, new threshold 6 (max threshold 6)
[2020-09-11T13:24:00.327+0000][1][gc,age       ] GC(79) Age table with threshold 6 (max threshold 6)
[2020-09-11T13:24:00.327+0000][1][gc,age       ] GC(79) - age   1:      16320 bytes,      16320 total
[2020-09-11T13:24:00.327+0000][1][gc,age       ] GC(79) - age   2:       7568 bytes,      23888 total
[2020-09-11T13:24:00.327+0000][1][gc,age       ] GC(79) - age   3:       2720 bytes,      26608 total
[2020-09-11T13:24:00.327+0000][1][gc,age       ] GC(79) - age   4:      24584 bytes,      51192 total
[2020-09-11T13:24:00.327+0000][1][gc,age       ] GC(79) - age   5:       7976 bytes,      59168 total
[2020-09-11T13:24:00.327+0000][1][gc,age       ] GC(79) - age   6:     267904 bytes,     327072 total
[2020-09-11T13:24:00.327+0000][1][gc,heap      ] GC(79) ParNew: 68500K->334K(76672K)
[2020-09-11T13:24:00.327+0000][1][gc,heap      ] GC(79) CMS: 66414K->66428K(439104K)
[2020-09-11T13:24:00.327+0000][1][gc,metaspace ] GC(79) Metaspace: 79351K->79351K(1122304K)
[2020-09-11T13:24:00.327+0000][1][gc           ] GC(79) Pause Young (Allocation Failure) 131M->65M(503M) 4.851ms
[2020-09-11T13:24:00.327+0000][1][gc,cpu       ] GC(79) User=0.00s Sys=0.00s Real=0.01s
[2020-09-11T13:24:00.327+0000][1][safepoint    ] Safepoint "GenCollectForAllocation", Time since last: 1104636192 ns, Reaching safepoint: 1985417 ns, At safepoint: 4915464 ns, Total: 6900881 ns
[2020-09-11T13:24:20.338+0000][1][safepoint    ] Safepoint "Cleanup", Time since last: 20010358577 ns, Reaching safepoint: 91814 ns, At safepoint: 7378 ns, Total: 99192 ns
[2020-09-11T13:24:21.338+0000][1][safepoint    ] Safepoint "Cleanup", Time since last: 1000161137 ns, Reaching safepoint: 121937 ns, At safepoint: 20544 ns, Total: 142481 ns
[2020-09-11T13:24:23.338+0000][1][safepoint    ] Safepoint "Cleanup", Time since last: 2000319907 ns, Reaching safepoint: 122434 ns, At safepoint: 19829 ns, Total: 142263 ns
[2020-09-11T13:24:27.339+0000][1][safepoint    ] Safepoint "Cleanup", Time since last: 4000577098 ns, Reaching safepoint: 96043 ns, At safepoint: 9174 ns, Total: 105217 ns
[2020-09-11T13:24:28.339+0000][1][safepoint    ] Safepoint "Cleanup", Time since last: 1000198852 ns, Reaching safepoint: 87412 ns, At safepoint: 7384 ns, Total: 94796 ns
[2020-09-11T13:24:29.340+0000][1][safepoint    ] Safepoint "Cleanup", Time since last: 1000205170 ns, Reaching safepoint: 83171 ns, At safepoint: 8755 ns, Total: 91926 ns
[2020-09-11T13:24:38.341+0000][1][safepoint    ] Safepoint "Cleanup", Time since last: 9001275093 ns, Reaching safepoint: 95687 ns, At safepoint: 9061 ns, Total: 104748 ns
[2020-09-11T13:24:46.342+0000][1][safepoint    ] Safepoint "Cleanup", Time since last: 8000949547 ns, Reaching safepoint: 130747 ns, At safepoint: 16544 ns, Total: 147291 ns
[2020-09-11T13:24:55.344+0000][1][safepoint    ] Safepoint "Cleanup", Time since last: 9001225657 ns, Reaching safepoint: 122151 ns, At safepoint: 7152 ns, Total: 129303 ns
[2020-09-11T13:24:56.344+0000][1][safepoint    ] Safepoint "Cleanup", Time since last: 1000132312 ns, Reaching safepoint: 111368 ns, At safepoint: 6731 ns, Total: 118099 ns
[2020-09-11T13:25:05.424+0000][1][gc,start     ] GC(80) Pause Young (Allocation Failure)
[2020-09-11T13:25:05.424+0000][1][gc,task      ] GC(80) Using 1 workers of 1 for evacuation
[2020-09-11T13:25:05.429+0000][1][gc,age       ] GC(80) Desired survivor size 4358144 bytes, new threshold 6 (max threshold 6)
[2020-09-11T13:25:05.429+0000][1][gc,age       ] GC(80) Age table with threshold 6 (max threshold 6)
[2020-09-11T13:25:05.429+0000][1][gc,age       ] GC(80) - age   1:      10600 bytes,      10600 total
[2020-09-11T13:25:05.429+0000][1][gc,age       ] GC(80) - age   2:       8808 bytes,      19408 total
[2020-09-11T13:25:05.429+0000][1][gc,age       ] GC(80) - age   3:       6328 bytes,      25736 total
[2020-09-11T13:25:05.429+0000][1][gc,age       ] GC(80) - age   4:       2720 bytes,      28456 total
[2020-09-11T13:25:05.429+0000][1][gc,age       ] GC(80) - age   5:      24584 bytes,      53040 total
[2020-09-11T13:25:05.429+0000][1][gc,age       ] GC(80) - age   6:       6736 bytes,      59776 total
[2020-09-11T13:25:05.429+0000][1][gc,heap      ] GC(80) ParNew: 68494K->323K(76672K)
[2020-09-11T13:25:05.429+0000][1][gc,heap      ] GC(80) CMS: 66428K->66697K(439104K)
[2020-09-11T13:25:05.429+0000][1][gc,metaspace ] GC(80) Metaspace: 79352K->79352K(1122304K)
[2020-09-11T13:25:05.429+0000][1][gc           ] GC(80) Pause Young (Allocation Failure) 131M->65M(503M) 5.193ms
[2020-09-11T13:25:05.429+0000][1][gc,cpu       ] GC(80) User=0.01s Sys=0.00s Real=0.00s
[2020-09-11T13:25:05.429+0000][1][safepoint    ] Safepoint "GenCollectForAllocation", Time since last: 9079798043 ns, Reaching safepoint: 176615 ns, At safepoint: 5256048 ns, Total: 5432663 ns
[2020-09-11T13:25:46.437+0000][1][safepoint    ] Safepoint "Cleanup", Time since last: 41007343264 ns, Reaching safepoint: 210156 ns, At safepoint: 21740 ns, Total: 231896 ns
[2020-09-11T13:25:53.438+0000][1][safepoint    ] Safepoint "Cleanup", Time since last: 7001018552 ns, Reaching safepoint: 88764 ns, At safepoint: 8102 ns, Total: 96866 ns
[2020-09-11T13:26:02.439+0000][1][safepoint    ] Safepoint "Cleanup", Time since last: 9001390390 ns, Reaching safepoint: 88843 ns, At safepoint: 9141 ns, Total: 97984 ns
[2020-09-11T13:26:08.440+0000][1][safepoint    ] Safepoint "Cleanup", Time since last: 6000781515 ns, Reaching safepoint: 121389 ns, At safepoint: 18913 ns, Total: 140302 ns
[2020-09-11T13:26:10.547+0000][1][gc,start     ] GC(81) Pause Young (Allocation Failure)
[2020-09-11T13:26:10.548+0000][1][gc,task      ] GC(81) Using 1 workers of 1 for evacuation
[2020-09-11T13:26:10.551+0000][1][gc,age       ] GC(81) Desired survivor size 4358144 bytes, new threshold 6 (max threshold 6)
[2020-09-11T13:26:10.551+0000][1][gc,age       ] GC(81) Age table with threshold 6 (max threshold 6)
[2020-09-11T13:26:10.551+0000][1][gc,age       ] GC(81) - age   1:      10744 bytes,      10744 total
[2020-09-11T13:26:10.551+0000][1][gc,age       ] GC(81) - age   2:       1816 bytes,      12560 total
[2020-09-11T13:26:10.551+0000][1][gc,age       ] GC(81) - age   3:       7536 bytes,      20096 total
[2020-09-11T13:26:10.551+0000][1][gc,age       ] GC(81) - age   4:       6328 bytes,      26424 total
[2020-09-11T13:26:10.551+0000][1][gc,age       ] GC(81) - age   5:       2720 bytes,      29144 total
[2020-09-11T13:26:10.551+0000][1][gc,age       ] GC(81) - age   6:      24584 bytes,      53728 total
[2020-09-11T13:26:10.551+0000][1][gc,heap      ] GC(81) ParNew: 68483K->91K(76672K)
[2020-09-11T13:26:10.551+0000][1][gc,heap      ] GC(81) CMS: 66697K->66704K(439104K)
[2020-09-11T13:26:10.551+0000][1][gc,metaspace ] GC(81) Metaspace: 79355K->79355K(1122304K)
[2020-09-11T13:26:10.552+0000][1][gc           ] GC(81) Pause Young (Allocation Failure) 132M->65M(503M) 4.081ms
[2020-09-11T13:26:10.552+0000][1][gc,cpu       ] GC(81) User=0.00s Sys=0.00s Real=0.00s
[2020-09-11T13:26:10.552+0000][1][safepoint    ] Safepoint "GenCollectForAllocation", Time since last: 2107131926 ns, Reaching safepoint: 193834 ns, At safepoint: 4167610 ns, Total: 4361444 ns
[2020-09-11T13:26:27.554+0000][1][safepoint    ] Safepoint "Cleanup", Time since last: 17002252177 ns, Reaching safepoint: 126474 ns, At safepoint: 18656 ns, Total: 145130 ns
[2020-09-11T13:26:39.556+0000][1][safepoint    ] Safepoint "Cleanup", Time since last: 12001740666 ns, Reaching safepoint: 97485 ns, At safepoint: 16681 ns, Total: 114166 ns
[2020-09-11T13:26:45.557+0000][1][safepoint    ] Safepoint "Cleanup", Time since last: 6000949100 ns, Reaching safepoint: 128134 ns, At safepoint: 19118 ns, Total: 147252 ns
[2020-09-11T13:26:58.559+0000][1][safepoint    ] Safepoint "Cleanup", Time since last: 13001917600 ns, Reaching safepoint: 99621 ns, At safepoint: 7385 ns, Total: 107006 ns
[2020-09-11T13:27:15.655+0000][1][gc,start     ] GC(82) Pause Young (Allocation Failure)
[2020-09-11T13:27:15.655+0000][1][gc,task      ] GC(82) Using 1 workers of 1 for evacuation
[2020-09-11T13:27:15.658+0000][1][gc,age       ] GC(82) Desired survivor size 4358144 bytes, new threshold 6 (max threshold 6)
[2020-09-11T13:27:15.658+0000][1][gc,age       ] GC(82) Age table with threshold 6 (max threshold 6)
[2020-09-11T13:27:15.658+0000][1][gc,age       ] GC(82) - age   1:      10248 bytes,      10248 total
[2020-09-11T13:27:15.658+0000][1][gc,age       ] GC(82) - age   2:       1384 bytes,      11632 total
[2020-09-11T13:27:15.658+0000][1][gc,age       ] GC(82) - age   3:        544 bytes,      12176 total
[2020-09-11T13:27:15.658+0000][1][gc,age       ] GC(82) - age   4:       7536 bytes,      19712 total
[2020-09-11T13:27:15.658+0000][1][gc,age       ] GC(82) - age   5:       6328 bytes,      26040 total
[2020-09-11T13:27:15.658+0000][1][gc,age       ] GC(82) - age   6:       2720 bytes,      28760 total
[2020-09-11T13:27:15.658+0000][1][gc,heap      ] GC(82) ParNew: 68251K->42K(76672K)
[2020-09-11T13:27:15.658+0000][1][gc,heap      ] GC(82) CMS: 66704K->66729K(439104K)
[2020-09-11T13:27:15.658+0000][1][gc,metaspace ] GC(82) Metaspace: 79355K->79355K(1122304K)
[2020-09-11T13:27:15.658+0000][1][gc           ] GC(82) Pause Young (Allocation Failure) 131M->65M(503M) 3.817ms
[2020-09-11T13:27:15.658+0000][1][gc,cpu       ] GC(82) User=0.00s Sys=0.00s Real=0.01s
[2020-09-11T13:27:15.658+0000][1][safepoint    ] Safepoint "GenCollectForAllocation", Time since last: 17094825454 ns, Reaching safepoint: 708360 ns, At safepoint: 3885910 ns, Total: 4594270 ns
[2020-09-11T13:27:22.659+0000][1][safepoint    ] Safepoint "Cleanup", Time since last: 7000877570 ns, Reaching safepoint: 162333 ns, At safepoint: 18575 ns, Total: 180908 ns
[2020-09-11T13:27:31.661+0000][1][safepoint    ] Safepoint "Cleanup", Time since last: 9001289977 ns, Reaching safepoint: 114633 ns, At safepoint: 16508 ns, Total: 131141 ns
[2020-09-11T13:27:36.662+0000][1][safepoint    ] Safepoint "Cleanup", Time since last: 5000735946 ns, Reaching safepoint: 128228 ns, At safepoint: 18442 ns, Total: 146670 ns
[2020-09-11T13:28:18.668+0000][1][safepoint    ] Safepoint "Cleanup", Time since last: 42006117465 ns, Reaching safepoint: 79871 ns, At safepoint: 8826 ns, Total: 88697 ns
[2020-09-11T13:28:20.760+0000][1][gc,start     ] GC(83) Pause Young (Allocation Failure)
[2020-09-11T13:28:20.760+0000][1][gc,task      ] GC(83) Using 1 workers of 1 for evacuation
[2020-09-11T13:28:20.763+0000][1][gc,age       ] GC(83) Desired survivor size 4358144 bytes, new threshold 6 (max threshold 6)
[2020-09-11T13:28:20.763+0000][1][gc,age       ] GC(83) Age table with threshold 6 (max threshold 6)
[2020-09-11T13:28:20.763+0000][1][gc,age       ] GC(83) - age   1:      12216 bytes,      12216 total
[2020-09-11T13:28:20.763+0000][1][gc,age       ] GC(83) - age   2:       1496 bytes,      13712 total
[2020-09-11T13:28:20.763+0000][1][gc,age       ] GC(83) - age   3:        112 bytes,      13824 total
[2020-09-11T13:28:20.763+0000][1][gc,age       ] GC(83) - age   4:        544 bytes,      14368 total
[2020-09-11T13:28:20.763+0000][1][gc,age       ] GC(83) - age   5:       7536 bytes,      21904 total
[2020-09-11T13:28:20.763+0000][1][gc,age       ] GC(83) - age   6:       6328 bytes,      28232 total
[2020-09-11T13:28:20.763+0000][1][gc,heap      ] GC(83) ParNew: 68202K->31K(76672K)
[2020-09-11T13:28:20.763+0000][1][gc,heap      ] GC(83) CMS: 66729K->66731K(439104K)
[2020-09-11T13:28:20.763+0000][1][gc,metaspace ] GC(83) Metaspace: 79360K->79360K(1122304K)
[2020-09-11T13:28:20.763+0000][1][gc           ] GC(83) Pause Young (Allocation Failure) 131M->65M(503M) 3.345ms
[2020-09-11T13:28:20.763+0000][1][gc,cpu       ] GC(83) User=0.01s Sys=0.00s Real=0.00s
[2020-09-11T13:28:20.764+0000][1][safepoint    ] Safepoint "GenCollectForAllocation", Time since last: 2091851618 ns, Reaching safepoint: 172935 ns, At safepoint: 3572563 ns, Total: 3745498 ns
[2020-09-11T13:28:41.766+0000][1][safepoint    ] Safepoint "Cleanup", Time since last: 21002641019 ns, Reaching safepoint: 116153 ns, At safepoint: 9350 ns, Total: 125503 ns
[2020-09-11T13:28:52.768+0000][1][safepoint    ] Safepoint "Cleanup", Time since last: 11001634116 ns, Reaching safepoint: 96299 ns, At safepoint: 7541 ns, Total: 103840 ns
[2020-09-11T13:29:07.770+0000][1][safepoint    ] Safepoint "Cleanup", Time since last: 15002253433 ns, Reaching safepoint: 70601 ns, At safepoint: 7669 ns, Total: 78270 ns
[2020-09-11T13:29:25.838+0000][1][gc,start     ] GC(84) Pause Young (Allocation Failure)
[2020-09-11T13:29:25.838+0000][1][gc,task      ] GC(84) Using 1 workers of 1 for evacuation
[2020-09-11T13:29:25.841+0000][1][gc,age       ] GC(84) Desired survivor size 4358144 bytes, new threshold 6 (max threshold 6)
[2020-09-11T13:29:25.841+0000][1][gc,age       ] GC(84) Age table with threshold 6 (max threshold 6)
[2020-09-11T13:29:25.841+0000][1][gc,age       ] GC(84) - age   1:      25424 bytes,      25424 total
[2020-09-11T13:29:25.841+0000][1][gc,age       ] GC(84) - age   2:       5976 bytes,      31400 total
[2020-09-11T13:29:25.841+0000][1][gc,age       ] GC(84) - age   3:        224 bytes,      31624 total
[2020-09-11T13:29:25.841+0000][1][gc,age       ] GC(84) - age   4:        112 bytes,      31736 total
[2020-09-11T13:29:25.841+0000][1][gc,age       ] GC(84) - age   5:        544 bytes,      32280 total
[2020-09-11T13:29:25.841+0000][1][gc,age       ] GC(84) - age   6:       5056 bytes,      37336 total
[2020-09-11T13:29:25.841+0000][1][gc,heap      ] GC(84) ParNew: 68191K->57K(76672K)
[2020-09-11T13:29:25.841+0000][1][gc,heap      ] GC(84) CMS: 66731K->66738K(439104K)
[2020-09-11T13:29:25.841+0000][1][gc,metaspace ] GC(84) Metaspace: 79369K->79369K(1122304K)
[2020-09-11T13:29:25.842+0000][1][gc           ] GC(84) Pause Young (Allocation Failure) 131M->65M(503M) 3.669ms
[2020-09-11T13:29:25.842+0000][1][gc,cpu       ] GC(84) User=0.01s Sys=0.00s Real=0.00s
[2020-09-11T13:29:25.842+0000][1][safepoint    ] Safepoint "GenCollectForAllocation", Time since last: 18067276152 ns, Reaching safepoint: 179130 ns, At safepoint: 3755420 ns, Total: 3934550 ns
[2020-09-11T13:29:50.846+0000][1][safepoint    ] Safepoint "Cleanup", Time since last: 25004313746 ns, Reaching safepoint: 126814 ns, At safepoint: 18363 ns, Total: 145177 ns
[2020-09-11T13:29:54.847+0000][1][safepoint    ] Safepoint "Cleanup", Time since last: 4000597797 ns, Reaching safepoint: 116771 ns, At safepoint: 19004 ns, Total: 135775 ns
[2020-09-11T13:29:55.847+0000][1][safepoint    ] Safepoint "Cleanup", Time since last: 1000194993 ns, Reaching safepoint: 114550 ns, At safepoint: 17817 ns, Total: 132367 ns
[2020-09-11T13:29:56.848+0000][1][safepoint    ] Safepoint "Cleanup", Time since last: 1000240458 ns, Reaching safepoint: 306955 ns, At safepoint: 21372 ns, Total: 328327 ns
[2020-09-11T13:29:57.848+0000][1][safepoint    ] Safepoint "Cleanup", Time since last: 1000193856 ns, Reaching safepoint: 115739 ns, At safepoint: 18022 ns, Total: 133761 ns
[2020-09-11T13:29:58.848+0000][1][safepoint    ] Safepoint "Cleanup", Time since last: 1000216468 ns, Reaching safepoint: 117650 ns, At safepoint: 19976 ns, Total: 137626 ns
[2020-09-11T13:29:59.850+0000][1][safepoint    ] Safepoint "Cleanup", Time since last: 1001279624 ns, Reaching safepoint: 152470 ns, At safepoint: 19755 ns, Total: 172225 ns
[2020-09-11T13:30:00.850+0000][1][safepoint    ] Safepoint "Cleanup", Time since last: 1000222446 ns, Reaching safepoint: 115816 ns, At safepoint: 20263 ns, Total: 136079 ns
[2020-09-11T13:30:01.851+0000][1][safepoint    ] Safepoint "Cleanup", Time since last: 1000238071 ns, Reaching safepoint: 148461 ns, At safepoint: 19161 ns, Total: 167622 ns
[2020-09-11T13:30:02.851+0000][1][safepoint    ] Safepoint "Cleanup", Time since last: 1000171765 ns, Reaching safepoint: 112391 ns, At safepoint: 17660 ns, Total: 130051 ns
[2020-09-11T13:30:03.851+0000][1][safepoint    ] Safepoint "Cleanup", Time since last: 1000203672 ns, Reaching safepoint: 143333 ns, At safepoint: 16628 ns, Total: 159961 ns
[2020-09-11T13:30:04.853+0000][1][safepoint    ] Safepoint "Cleanup", Time since last: 1001150267 ns, Reaching safepoint: 117320 ns, At safepoint: 19494 ns, Total: 136814 ns
[2020-09-11T13:30:05.853+0000][1][safepoint    ] Safepoint "Cleanup", Time since last: 1000220933 ns, Reaching safepoint: 114961 ns, At safepoint: 18579 ns, Total: 133540 ns
[2020-09-11T13:30:06.853+0000][1][safepoint    ] Safepoint "Cleanup", Time since last: 1000222785 ns, Reaching safepoint: 119340 ns, At safepoint: 19395 ns, Total: 138735 ns
[2020-09-11T13:30:07.854+0000][1][safepoint    ] Safepoint "Cleanup", Time since last: 1000231010 ns, Reaching safepoint: 116544 ns, At safepoint: 18185 ns, Total: 134729 ns
[2020-09-11T13:30:08.854+0000][1][safepoint    ] Safepoint "Cleanup", Time since last: 1000223567 ns, Reaching safepoint: 118826 ns, At safepoint: 19625 ns, Total: 138451 ns
[2020-09-11T13:30:09.855+0000][1][safepoint    ] Safepoint "Cleanup", Time since last: 1001042901 ns, Reaching safepoint: 118582 ns, At safepoint: 20146 ns, Total: 138728 ns
[2020-09-11T13:30:10.856+0000][1][safepoint    ] Safepoint "Cleanup", Time since last: 1000267401 ns, Reaching safepoint: 118762 ns, At safepoint: 17310 ns, Total: 136072 ns
[2020-09-11T13:30:11.856+0000][1][safepoint    ] Safepoint "Cleanup", Time since last: 1000220981 ns, Reaching safepoint: 130506 ns, At safepoint: 19592 ns, Total: 150098 ns
[2020-09-11T13:30:12.856+0000][1][safepoint    ] Safepoint "Cleanup", Time since last: 1000243815 ns, Reaching safepoint: 112317 ns, At safepoint: 17447 ns, Total: 129764 ns
[2020-09-11T13:30:13.857+0000][1][safepoint    ] Safepoint "Cleanup", Time since last: 1000216343 ns, Reaching safepoint: 117222 ns, At safepoint: 17784 ns, Total: 135006 ns
[2020-09-11T13:30:14.858+0000][1][safepoint    ] Safepoint "Cleanup", Time since last: 1001085885 ns, Reaching safepoint: 110243 ns, At safepoint: 16985 ns, Total: 127228 ns
[2020-09-11T13:30:15.858+0000][1][safepoint    ] Safepoint "Cleanup", Time since last: 1000211589 ns, Reaching safepoint: 118292 ns, At safepoint: 18415 ns, Total: 136707 ns
[2020-09-11T13:30:17.073+0000][1][safepoint    ] Safepoint "Cleanup", Time since last: 1214191086 ns, Reaching safepoint: 160492 ns, At safepoint: 19675 ns, Total: 180167 ns
[2020-09-11T13:30:30.950+0000][1][gc,start     ] GC(85) Pause Young (Allocation Failure)
[2020-09-11T13:30:30.950+0000][1][gc,task      ] GC(85) Using 1 workers of 1 for evacuation
[2020-09-11T13:30:30.955+0000][1][gc,age       ] GC(85) Desired survivor size 4358144 bytes, new threshold 6 (max threshold 6)
[2020-09-11T13:30:30.955+0000][1][gc,age       ] GC(85) Age table with threshold 6 (max threshold 6)
[2020-09-11T13:30:30.955+0000][1][gc,age       ] GC(85) - age   1:      11072 bytes,      11072 total
[2020-09-11T13:30:30.955+0000][1][gc,age       ] GC(85) - age   2:      17552 bytes,      28624 total
[2020-09-11T13:30:30.955+0000][1][gc,age       ] GC(85) - age   3:       4736 bytes,      33360 total
[2020-09-11T13:30:30.955+0000][1][gc,age       ] GC(85) - age   4:        224 bytes,      33584 total
[2020-09-11T13:30:30.955+0000][1][gc,age       ] GC(85) - age   5:        112 bytes,      33696 total
[2020-09-11T13:30:30.955+0000][1][gc,age       ] GC(85) - age   6:        544 bytes,      34240 total
[2020-09-11T13:30:30.955+0000][1][gc,heap      ] GC(85) ParNew: 68217K->34K(76672K)
[2020-09-11T13:30:30.955+0000][1][gc,heap      ] GC(85) CMS: 66738K->66743K(439104K)
[2020-09-11T13:30:30.955+0000][1][gc,metaspace ] GC(85) Metaspace: 79369K->79369K(1122304K)
[2020-09-11T13:30:30.955+0000][1][gc           ] GC(85) Pause Young (Allocation Failure) 131M->65M(503M) 4.829ms
[2020-09-11T13:30:30.955+0000][1][gc,cpu       ] GC(85) User=0.00s Sys=0.00s Real=0.00s
[2020-09-11T13:30:30.955+0000][1][safepoint    ] Safepoint "GenCollectForAllocation", Time since last: 13877079129 ns, Reaching safepoint: 223569 ns, At safepoint: 4905393 ns, Total: 5128962 ns
[2020-09-11T13:30:40.958+0000][1][safepoint    ] Safepoint "Cleanup", Time since last: 10002963623 ns, Reaching safepoint: 124509 ns, At safepoint: 15759 ns, Total: 140268 ns
[2020-09-11T13:30:42.958+0000][1][safepoint    ] Safepoint "Cleanup", Time since last: 2000320136 ns, Reaching safepoint: 119517 ns, At safepoint: 17227 ns, Total: 136744 ns
[2020-09-11T13:30:44.959+0000][1][safepoint    ] Safepoint "Cleanup", Time since last: 2000331826 ns, Reaching safepoint: 124906 ns, At safepoint: 17424 ns, Total: 142330 ns
[2020-09-11T13:30:53.960+0000][1][safepoint    ] Safepoint "Cleanup", Time since last: 9001272415 ns, Reaching safepoint: 105010 ns, At safepoint: 8137 ns, Total: 113147 ns
[2020-09-11T13:30:54.961+0000][1][safepoint    ] Safepoint "Cleanup", Time since last: 1000185648 ns, Reaching safepoint: 97935 ns, At safepoint: 7151 ns, Total: 105086 ns
[2020-09-11T13:31:04.962+0000][1][safepoint    ] Safepoint "Cleanup", Time since last: 10001297630 ns, Reaching safepoint: 115565 ns, At safepoint: 18028 ns, Total: 133593 ns
[2020-09-11T13:31:05.962+0000][1][safepoint    ] Safepoint "Cleanup", Time since last: 1000218684 ns, Reaching safepoint: 92895 ns, At safepoint: 8742 ns, Total: 101637 ns
[2020-09-11T13:31:12.963+0000][1][safepoint    ] Safepoint "Cleanup", Time since last: 7000993536 ns, Reaching safepoint: 95024 ns, At safepoint: 8985 ns, Total: 104009 ns
[2020-09-11T13:31:28.969+0000][1][safepoint    ] Safepoint "Cleanup", Time since last: 16005855741 ns, Reaching safepoint: 170118 ns, At safepoint: 7782 ns, Total: 177900 ns
[2020-09-11T13:31:36.053+0000][1][gc,start     ] GC(86) Pause Young (Allocation Failure)
[2020-09-11T13:31:36.053+0000][1][gc,task      ] GC(86) Using 1 workers of 1 for evacuation
[2020-09-11T13:31:36.057+0000][1][gc,age       ] GC(86) Desired survivor size 4358144 bytes, new threshold 6 (max threshold 6)
[2020-09-11T13:31:36.057+0000][1][gc,age       ] GC(86) Age table with threshold 6 (max threshold 6)
[2020-09-11T13:31:36.057+0000][1][gc,age       ] GC(86) - age   1:      10680 bytes,      10680 total
[2020-09-11T13:31:36.057+0000][1][gc,age       ] GC(86) - age   2:       2984 bytes,      13664 total
[2020-09-11T13:31:36.057+0000][1][gc,age       ] GC(86) - age   3:      16280 bytes,      29944 total
[2020-09-11T13:31:36.057+0000][1][gc,age       ] GC(86) - age   4:       3496 bytes,      33440 total
[2020-09-11T13:31:36.057+0000][1][gc,age       ] GC(86) - age   5:        224 bytes,      33664 total
[2020-09-11T13:31:36.057+0000][1][gc,age       ] GC(86) - age   6:        112 bytes,      33776 total
[2020-09-11T13:31:36.057+0000][1][gc,heap      ] GC(86) ParNew: 68194K->33K(76672K)
[2020-09-11T13:31:36.057+0000][1][gc,heap      ] GC(86) CMS: 66743K->66743K(439104K)
[2020-09-11T13:31:36.057+0000][1][gc,metaspace ] GC(86) Metaspace: 79370K->79370K(1122304K)
[2020-09-11T13:31:36.057+0000][1][gc           ] GC(86) Pause Young (Allocation Failure) 131M->65M(503M) 4.162ms
[2020-09-11T13:31:36.057+0000][1][gc,cpu       ] GC(86) User=0.00s Sys=0.00s Real=0.01s
[2020-09-11T13:31:36.057+0000][1][safepoint    ] Safepoint "GenCollectForAllocation", Time since last: 7083599182 ns, Reaching safepoint: 218157 ns, At safepoint: 4279733 ns, Total: 4497890 ns
[2020-09-11T13:31:52.061+0000][1][safepoint    ] Safepoint "Cleanup", Time since last: 16003788779 ns, Reaching safepoint: 128531 ns, At safepoint: 18810 ns, Total: 147341 ns
[2020-09-11T13:31:57.062+0000][1][safepoint    ] Safepoint "Cleanup", Time since last: 5000771556 ns, Reaching safepoint: 127576 ns, At safepoint: 20487 ns, Total: 148063 ns
[2020-09-11T13:31:58.063+0000][1][safepoint    ] Safepoint "Cleanup", Time since last: 1000248740 ns, Reaching safepoint: 122739 ns, At safepoint: 19391 ns, Total: 142130 ns
[2020-09-11T13:32:15.065+0000][1][safepoint    ] Safepoint "Cleanup", Time since last: 17002446084 ns, Reaching safepoint: 127345 ns, At safepoint: 19462 ns, Total: 146807 ns
[2020-09-11T13:32:21.066+0000][1][safepoint    ] Safepoint "Cleanup", Time since last: 6000955172 ns, Reaching safepoint: 167769 ns, At safepoint: 21014 ns, Total: 188783 ns
[2020-09-11T13:32:26.068+0000][1][safepoint    ] Safepoint "Cleanup", Time since last: 5000833864 ns, Reaching safepoint: 182074 ns, At safepoint: 17370 ns, Total: 199444 ns
[2020-09-11T13:32:41.184+0000][1][gc,start     ] GC(87) Pause Young (Allocation Failure)
[2020-09-11T13:32:41.184+0000][1][gc,task      ] GC(87) Using 1 workers of 1 for evacuation
[2020-09-11T13:32:41.189+0000][1][gc,age       ] GC(87) Desired survivor size 4358144 bytes, new threshold 6 (max threshold 6)
[2020-09-11T13:32:41.189+0000][1][gc,age       ] GC(87) Age table with threshold 6 (max threshold 6)
[2020-09-11T13:32:41.189+0000][1][gc,age       ] GC(87) - age   1:      10160 bytes,      10160 total
[2020-09-11T13:32:41.189+0000][1][gc,age       ] GC(87) - age   2:       1952 bytes,      12112 total
[2020-09-11T13:32:41.189+0000][1][gc,age       ] GC(87) - age   3:       1712 bytes,      13824 total
[2020-09-11T13:32:41.189+0000][1][gc,age       ] GC(87) - age   4:      16280 bytes,      30104 total
[2020-09-11T13:32:41.189+0000][1][gc,age       ] GC(87) - age   5:       3496 bytes,      33600 total
[2020-09-11T13:32:41.189+0000][1][gc,age       ] GC(87) - age   6:        224 bytes,      33824 total
[2020-09-11T13:32:41.189+0000][1][gc,heap      ] GC(87) ParNew: 68193K->33K(76672K)
[2020-09-11T13:32:41.189+0000][1][gc,heap      ] GC(87) CMS: 66743K->66743K(439104K)
[2020-09-11T13:32:41.189+0000][1][gc,metaspace ] GC(87) Metaspace: 79383K->79383K(1122304K)
[2020-09-11T13:32:41.189+0000][1][gc           ] GC(87) Pause Young (Allocation Failure) 131M->65M(503M) 4.319ms
[2020-09-11T13:32:41.189+0000][1][gc,cpu       ] GC(87) User=0.00s Sys=0.00s Real=0.00s
[2020-09-11T13:32:41.189+0000][1][safepoint    ] Safepoint "GenCollectForAllocation", Time since last: 15116538671 ns, Reaching safepoint: 255847 ns, At safepoint: 4391859 ns, Total: 4647706 ns
[2020-09-11T13:32:43.190+0000][1][safepoint    ] Safepoint "Cleanup", Time since last: 2001628712 ns, Reaching safepoint: 124346 ns, At safepoint: 50018 ns, Total: 174364 ns
[2020-09-11T13:32:45.191+0000][1][safepoint    ] Safepoint "Cleanup", Time since last: 2000431458 ns, Reaching safepoint: 129838 ns, At safepoint: 18847 ns, Total: 148685 ns
[2020-09-11T13:32:46.191+0000][1][safepoint    ] Safepoint "Cleanup", Time since last: 1000154318 ns, Reaching safepoint: 188008 ns, At safepoint: 8726 ns, Total: 196734 ns
[2020-09-11T13:32:47.192+0000][1][safepoint    ] Safepoint "Cleanup", Time since last: 1000148336 ns, Reaching safepoint: 69582 ns, At safepoint: 7550 ns, Total: 77132 ns
[2020-09-11T13:32:50.192+0000][1][safepoint    ] Safepoint "Cleanup", Time since last: 3000395699 ns, Reaching safepoint: 99036 ns, At safepoint: 9678 ns, Total: 108714 ns
[2020-09-11T13:33:16.196+0000][1][safepoint    ] Safepoint "Cleanup", Time since last: 26003693285 ns, Reaching safepoint: 127318 ns, At safepoint: 20474 ns, Total: 147792 ns
[2020-09-11T13:33:18.196+0000][1][safepoint    ] Safepoint "Cleanup", Time since last: 2000351324 ns, Reaching safepoint: 130603 ns, At safepoint: 19822 ns, Total: 150425 ns
[2020-09-11T13:33:46.274+0000][1][gc,start     ] GC(88) Pause Young (Allocation Failure)
[2020-09-11T13:33:46.274+0000][1][gc,task      ] GC(88) Using 1 workers of 1 for evacuation
[2020-09-11T13:33:46.280+0000][1][gc,age       ] GC(88) Desired survivor size 4358144 bytes, new threshold 6 (max threshold 6)
[2020-09-11T13:33:46.280+0000][1][gc,age       ] GC(88) Age table with threshold 6 (max threshold 6)
[2020-09-11T13:33:46.280+0000][1][gc,age       ] GC(88) - age   1:      12312 bytes,      12312 total
[2020-09-11T13:33:46.280+0000][1][gc,age       ] GC(88) - age   2:       3776 bytes,      16088 total
[2020-09-11T13:33:46.280+0000][1][gc,age       ] GC(88) - age   3:        680 bytes,      16768 total
[2020-09-11T13:33:46.280+0000][1][gc,age       ] GC(88) - age   4:       1712 bytes,      18480 total
[2020-09-11T13:33:46.280+0000][1][gc,age       ] GC(88) - age   5:      15040 bytes,      33520 total
[2020-09-11T13:33:46.280+0000][1][gc,age       ] GC(88) - age   6:       3496 bytes,      37016 total
[2020-09-11T13:33:46.280+0000][1][gc,heap      ] GC(88) ParNew: 68193K->66K(76672K)
[2020-09-11T13:33:46.280+0000][1][gc,heap      ] GC(88) CMS: 66743K->66744K(439104K)
[2020-09-11T13:33:46.280+0000][1][gc,metaspace ] GC(88) Metaspace: 79383K->79383K(1122304K)
[2020-09-11T13:33:46.280+0000][1][gc           ] GC(88) Pause Young (Allocation Failure) 131M->65M(503M) 5.370ms
[2020-09-11T13:33:46.280+0000][1][gc,cpu       ] GC(88) User=0.00s Sys=0.00s Real=0.01s
[2020-09-11T13:33:46.280+0000][1][safepoint    ] Safepoint "GenCollectForAllocation", Time since last: 28077577850 ns, Reaching safepoint: 218956 ns, At safepoint: 5438637 ns, Total: 5657593 ns
[2020-09-11T13:33:51.283+0000][1][safepoint    ] Safepoint "Cleanup", Time since last: 5002619259 ns, Reaching safepoint: 175159 ns, At safepoint: 8472 ns, Total: 183631 ns
[2020-09-11T13:34:27.288+0000][1][safepoint    ] Safepoint "Cleanup", Time since last: 36005051999 ns, Reaching safepoint: 131268 ns, At safepoint: 20353 ns, Total: 151621 ns
[2020-09-11T13:34:51.358+0000][1][gc,start     ] GC(89) Pause Young (Allocation Failure)
[2020-09-11T13:34:51.358+0000][1][gc,task      ] GC(89) Using 1 workers of 1 for evacuation
[2020-09-11T13:34:51.362+0000][1][gc,age       ] GC(89) Desired survivor size 4358144 bytes, new threshold 6 (max threshold 6)
[2020-09-11T13:34:51.362+0000][1][gc,age       ] GC(89) Age table with threshold 6 (max threshold 6)
[2020-09-11T13:34:51.362+0000][1][gc,age       ] GC(89) - age   1:      10712 bytes,      10712 total
[2020-09-11T13:34:51.362+0000][1][gc,age       ] GC(89) - age   2:       4784 bytes,      15496 total
[2020-09-11T13:34:51.362+0000][1][gc,age       ] GC(89) - age   3:       3744 bytes,      19240 total
[2020-09-11T13:34:51.362+0000][1][gc,age       ] GC(89) - age   4:        680 bytes,      19920 total
[2020-09-11T13:34:51.362+0000][1][gc,age       ] GC(89) - age   5:        472 bytes,      20392 total
[2020-09-11T13:34:51.362+0000][1][gc,age       ] GC(89) - age   6:      13800 bytes,      34192 total
[2020-09-11T13:34:51.362+0000][1][gc,heap      ] GC(89) ParNew: 68226K->43K(76672K)
[2020-09-11T13:34:51.362+0000][1][gc,heap      ] GC(89) CMS: 66744K->66747K(439104K)
[2020-09-11T13:34:51.362+0000][1][gc,metaspace ] GC(89) Metaspace: 79383K->79383K(1122304K)
[2020-09-11T13:34:51.362+0000][1][gc           ] GC(89) Pause Young (Allocation Failure) 131M->65M(503M) 3.762ms
[2020-09-11T13:34:51.362+0000][1][gc,cpu       ] GC(89) User=0.00s Sys=0.00s Real=0.00s
[2020-09-11T13:34:51.362+0000][1][safepoint    ] Safepoint "GenCollectForAllocation", Time since last: 24070229582 ns, Reaching safepoint: 181848 ns, At safepoint: 3823745 ns, Total: 4005593 ns
[2020-09-11T13:34:56.363+0000][1][safepoint    ] Safepoint "Cleanup", Time since last: 5000661889 ns, Reaching safepoint: 125819 ns, At safepoint: 19094 ns, Total: 144913 ns
[2020-09-11T13:34:57.239+0000][1][safepoint    ] Safepoint "RevokeBias", Time since last: 876069625 ns, Reaching safepoint: 191354 ns, At safepoint: 11276 ns, Total: 202630 ns
[2020-09-11T13:34:57.246+0000][1][safepoint    ] Safepoint "RevokeBias", Time since last: 6870131 ns, Reaching safepoint: 188705 ns, At safepoint: 10501 ns, Total: 199206 ns
[2020-09-11T13:34:57.257+0000][1][safepoint    ] Safepoint "Deoptimize", Time since last: 9513918 ns, Reaching safepoint: 132217 ns, At safepoint: 833420 ns, Total: 965637 ns
[2020-09-11T13:34:58.257+0000][1][safepoint    ] Safepoint "Cleanup", Time since last: 1000179424 ns, Reaching safepoint: 120938 ns, At safepoint: 9246 ns, Total: 130184 ns
[2020-09-11T13:34:59.257+0000][1][safepoint    ] Safepoint "Cleanup", Time since last: 1000188567 ns, Reaching safepoint: 115050 ns, At safepoint: 19813 ns, Total: 134863 ns
[2020-09-11T13:35:00.258+0000][1][safepoint    ] Safepoint "Cleanup", Time since last: 1000234389 ns, Reaching safepoint: 116290 ns, At safepoint: 20032 ns, Total: 136322 ns
[2020-09-11T13:35:01.258+0000][1][safepoint    ] Safepoint "Cleanup", Time since last: 1000238230 ns, Reaching safepoint: 119691 ns, At safepoint: 21028 ns, Total: 140719 ns
[2020-09-11T13:35:02.258+0000][1][safepoint    ] Safepoint "Cleanup", Time since last: 1000226847 ns, Reaching safepoint: 118892 ns, At safepoint: 19953 ns, Total: 138845 ns
[2020-09-11T13:35:03.259+0000][1][safepoint    ] Safepoint "Cleanup", Time since last: 1000219923 ns, Reaching safepoint: 87649 ns, At safepoint: 9047 ns, Total: 96696 ns
[2020-09-11T13:35:04.259+0000][1][safepoint    ] Safepoint "Cleanup", Time since last: 1000178943 ns, Reaching safepoint: 93604 ns, At safepoint: 8558 ns, Total: 102162 ns
[2020-09-11T13:35:07.260+0000][1][safepoint    ] Safepoint "Cleanup", Time since last: 3000423863 ns, Reaching safepoint: 190717 ns, At safepoint: 17838 ns, Total: 208555 ns
[2020-09-11T13:35:27.264+0000][1][safepoint    ] Safepoint "Cleanup", Time since last: 20004606751 ns, Reaching safepoint: 132146 ns, At safepoint: 18653 ns, Total: 150799 ns
[2020-09-11T13:35:39.267+0000][1][safepoint    ] Safepoint "Cleanup", Time since last: 12002734260 ns, Reaching safepoint: 129946 ns, At safepoint: 9385 ns, Total: 139331 ns
[2020-09-11T13:35:56.455+0000][1][gc,start     ] GC(90) Pause Young (Allocation Failure)
[2020-09-11T13:35:56.456+0000][1][gc,task      ] GC(90) Using 1 workers of 1 for evacuation
[2020-09-11T13:35:56.463+0000][1][gc,age       ] GC(90) Desired survivor size 4358144 bytes, new threshold 6 (max threshold 6)
[2020-09-11T13:35:56.463+0000][1][gc,age       ] GC(90) Age table with threshold 6 (max threshold 6)
[2020-09-11T13:35:56.463+0000][1][gc,age       ] GC(90) - age   1:      96264 bytes,      96264 total
[2020-09-11T13:35:56.463+0000][1][gc,age       ] GC(90) - age   2:        112 bytes,      96376 total
[2020-09-11T13:35:56.463+0000][1][gc,age       ] GC(90) - age   3:       4752 bytes,     101128 total
[2020-09-11T13:35:56.463+0000][1][gc,age       ] GC(90) - age   4:       2504 bytes,     103632 total
[2020-09-11T13:35:56.463+0000][1][gc,age       ] GC(90) - age   5:        680 bytes,     104312 total
[2020-09-11T13:35:56.463+0000][1][gc,age       ] GC(90) - age   6:        472 bytes,     104784 total
[2020-09-11T13:35:56.463+0000][1][gc,heap      ] GC(90) ParNew: 68203K->107K(76672K)
[2020-09-11T13:35:56.463+0000][1][gc,heap      ] GC(90) CMS: 66747K->66761K(439104K)
[2020-09-11T13:35:56.463+0000][1][gc,metaspace ] GC(90) Metaspace: 79551K->79551K(1122304K)
[2020-09-11T13:35:56.463+0000][1][gc           ] GC(90) Pause Young (Allocation Failure) 131M->65M(503M) 7.779ms
[2020-09-11T13:35:56.463+0000][1][gc,cpu       ] GC(90) User=0.01s Sys=0.00s Real=0.00s
[2020-09-11T13:35:56.463+0000][1][safepoint    ] Safepoint "GenCollectForAllocation", Time since last: 17187963417 ns, Reaching safepoint: 249519 ns, At safepoint: 7851402 ns, Total: 8100921 ns
[2020-09-11T13:36:10.468+0000][1][safepoint    ] Safepoint "Cleanup", Time since last: 14005047745 ns, Reaching safepoint: 130679 ns, At safepoint: 20267 ns, Total: 150946 ns
[2020-09-11T13:36:24.471+0000][1][safepoint    ] Safepoint "Cleanup", Time since last: 14001990806 ns, Reaching safepoint: 123577 ns, At safepoint: 19287 ns, Total: 142864 ns
[2020-09-11T13:37:01.550+0000][1][gc,start     ] GC(91) Pause Young (Allocation Failure)
[2020-09-11T13:37:01.550+0000][1][gc,task      ] GC(91) Using 1 workers of 1 for evacuation
[2020-09-11T13:37:01.554+0000][1][gc,age       ] GC(91) Desired survivor size 4358144 bytes, new threshold 6 (max threshold 6)
[2020-09-11T13:37:01.554+0000][1][gc,age       ] GC(91) Age table with threshold 6 (max threshold 6)
[2020-09-11T13:37:01.554+0000][1][gc,age       ] GC(91) - age   1:      11088 bytes,      11088 total
[2020-09-11T13:37:01.554+0000][1][gc,age       ] GC(91) - age   2:      85560 bytes,      96648 total
[2020-09-11T13:37:01.554+0000][1][gc,age       ] GC(91) - age   3:        112 bytes,      96760 total
[2020-09-11T13:37:01.554+0000][1][gc,age       ] GC(91) - age   4:       4752 bytes,     101512 total
[2020-09-11T13:37:01.554+0000][1][gc,age       ] GC(91) - age   5:       1264 bytes,     102776 total
[2020-09-11T13:37:01.554+0000][1][gc,age       ] GC(91) - age   6:        680 bytes,     103456 total
[2020-09-11T13:37:01.554+0000][1][gc,heap      ] GC(91) ParNew: 68267K->145K(76672K)
[2020-09-11T13:37:01.554+0000][1][gc,heap      ] GC(91) CMS: 66761K->66762K(439104K)
[2020-09-11T13:37:01.554+0000][1][gc,metaspace ] GC(91) Metaspace: 79551K->79551K(1122304K)
[2020-09-11T13:37:01.554+0000][1][gc           ] GC(91) Pause Young (Allocation Failure) 131M->65M(503M) 4.198ms
[2020-09-11T13:37:01.554+0000][1][gc,cpu       ] GC(91) User=0.00s Sys=0.00s Real=0.00s
[2020-09-11T13:37:01.554+0000][1][safepoint    ] Safepoint "GenCollectForAllocation", Time since last: 37079166054 ns, Reaching safepoint: 169291 ns, At safepoint: 4260413 ns, Total: 4429704 ns
[2020-09-11T13:37:22.559+0000][1][safepoint    ] Safepoint "Cleanup", Time since last: 21004771935 ns, Reaching safepoint: 128461 ns, At safepoint: 21269 ns, Total: 149730 ns
[2020-09-11T13:37:33.561+0000][1][safepoint    ] Safepoint "Cleanup", Time since last: 11001674964 ns, Reaching safepoint: 146099 ns, At safepoint: 22414 ns, Total: 168513 ns
[2020-09-11T13:37:46.563+0000][1][safepoint    ] Safepoint "Cleanup", Time since last: 13001920123 ns, Reaching safepoint: 101318 ns, At safepoint: 9974 ns, Total: 111292 ns
[2020-09-11T13:38:06.633+0000][1][gc,start     ] GC(92) Pause Young (Allocation Failure)
[2020-09-11T13:38:06.633+0000][1][gc,task      ] GC(92) Using 1 workers of 1 for evacuation
[2020-09-11T13:38:06.638+0000][1][gc,age       ] GC(92) Desired survivor size 4358144 bytes, new threshold 6 (max threshold 6)
[2020-09-11T13:38:06.638+0000][1][gc,age       ] GC(92) Age table with threshold 6 (max threshold 6)
[2020-09-11T13:38:06.638+0000][1][gc,age       ] GC(92) - age   1:      12208 bytes,      12208 total
[2020-09-11T13:38:06.638+0000][1][gc,age       ] GC(92) - age   2:       1960 bytes,      14168 total
[2020-09-11T13:38:06.638+0000][1][gc,age       ] GC(92) - age   3:      80856 bytes,      95024 total
[2020-09-11T13:38:06.638+0000][1][gc,age       ] GC(92) - age   4:        112 bytes,      95136 total
[2020-09-11T13:38:06.638+0000][1][gc,age       ] GC(92) - age   5:       4752 bytes,      99888 total
[2020-09-11T13:38:06.638+0000][1][gc,age       ] GC(92) - age   6:       1264 bytes,     101152 total
[2020-09-11T13:38:06.638+0000][1][gc,heap      ] GC(92) ParNew: 68305K->187K(76672K)
[2020-09-11T13:38:06.638+0000][1][gc,heap      ] GC(92) CMS: 66762K->66762K(439104K)
[2020-09-11T13:38:06.638+0000][1][gc,metaspace ] GC(92) Metaspace: 79551K->79551K(1122304K)
[2020-09-11T13:38:06.638+0000][1][gc           ] GC(92) Pause Young (Allocation Failure) 131M->65M(503M) 5.112ms
[2020-09-11T13:38:06.638+0000][1][gc,cpu       ] GC(92) User=0.00s Sys=0.00s Real=0.01s
[2020-09-11T13:38:06.638+0000][1][safepoint    ] Safepoint "GenCollectForAllocation", Time since last: 20069610544 ns, Reaching safepoint: 216647 ns, At safepoint: 5188527 ns, Total: 5405174 ns
[2020-09-11T13:38:11.641+0000][1][safepoint    ] Safepoint "Cleanup", Time since last: 5003219186 ns, Reaching safepoint: 115271 ns, At safepoint: 17163 ns, Total: 132434 ns
[2020-09-11T13:38:18.642+0000][1][safepoint    ] Safepoint "Cleanup", Time since last: 7000996321 ns, Reaching safepoint: 90457 ns, At safepoint: 8218 ns, Total: 98675 ns
[2020-09-11T13:38:27.644+0000][1][safepoint    ] Safepoint "Cleanup", Time since last: 9001252943 ns, Reaching safepoint: 111913 ns, At safepoint: 17915 ns, Total: 129828 ns
[2020-09-11T13:38:34.645+0000][1][safepoint    ] Safepoint "Cleanup", Time since last: 7001120366 ns, Reaching safepoint: 82847 ns, At safepoint: 7356 ns, Total: 90203 ns
[2020-09-11T13:38:38.646+0000][1][safepoint    ] Safepoint "Cleanup", Time since last: 4000467769 ns, Reaching safepoint: 90082 ns, At safepoint: 7000 ns, Total: 97082 ns
[2020-09-11T13:39:01.649+0000][1][safepoint    ] Safepoint "Cleanup", Time since last: 23003115124 ns, Reaching safepoint: 111025 ns, At safepoint: 8500 ns, Total: 119525 ns
[2020-09-11T13:39:05.650+0000][1][safepoint    ] Safepoint "Cleanup", Time since last: 4000636443 ns, Reaching safepoint: 108970 ns, At safepoint: 7916 ns, Total: 116886 ns
[2020-09-11T13:39:06.650+0000][1][safepoint    ] Safepoint "Cleanup", Time since last: 1000177427 ns, Reaching safepoint: 101154 ns, At safepoint: 8472 ns, Total: 109626 ns
[2020-09-11T13:39:07.146+0000][1][gc,start     ] GC(93) Pause Young (Allocation Failure)
[2020-09-11T13:39:07.146+0000][1][gc,task      ] GC(93) Using 1 workers of 1 for evacuation
[2020-09-11T13:39:07.150+0000][1][gc,age       ] GC(93) Desired survivor size 4358144 bytes, new threshold 6 (max threshold 6)
[2020-09-11T13:39:07.150+0000][1][gc,age       ] GC(93) Age table with threshold 6 (max threshold 6)
[2020-09-11T13:39:07.150+0000][1][gc,age       ] GC(93) - age   1:      30704 bytes,      30704 total
[2020-09-11T13:39:07.150+0000][1][gc,age       ] GC(93) - age   2:       4288 bytes,      34992 total
[2020-09-11T13:39:07.150+0000][1][gc,age       ] GC(93) - age   3:       1928 bytes,      36920 total
[2020-09-11T13:39:07.150+0000][1][gc,age       ] GC(93) - age   4:      78400 bytes,     115320 total
[2020-09-11T13:39:07.150+0000][1][gc,age       ] GC(93) - age   5:        112 bytes,     115432 total
[2020-09-11T13:39:07.150+0000][1][gc,age       ] GC(93) - age   6:       3512 bytes,     118944 total
[2020-09-11T13:39:07.150+0000][1][gc,heap      ] GC(93) ParNew: 68347K->121K(76672K)
[2020-09-11T13:39:07.150+0000][1][gc,heap      ] GC(93) CMS: 66762K->66763K(439104K)
[2020-09-11T13:39:07.150+0000][1][gc,metaspace ] GC(93) Metaspace: 79575K->79575K(1122304K)
[2020-09-11T13:39:07.150+0000][1][gc           ] GC(93) Pause Young (Allocation Failure) 131M->65M(503M) 4.130ms
[2020-09-11T13:39:07.150+0000][1][gc,cpu       ] GC(93) User=0.01s Sys=0.00s Real=0.00s
[2020-09-11T13:39:07.151+0000][1][safepoint    ] Safepoint "GenCollectForAllocation", Time since last: 495628994 ns, Reaching safepoint: 65745 ns, At safepoint: 5149114 ns, Total: 5214859 ns
[2020-09-11T13:39:08.151+0000][1][safepoint    ] Safepoint "Cleanup", Time since last: 1000562800 ns, Reaching safepoint: 62075 ns, At safepoint: 17088 ns, Total: 79163 ns
[2020-09-11T13:39:24.154+0000][1][safepoint    ] Safepoint "Cleanup", Time since last: 16002318568 ns, Reaching safepoint: 100609 ns, At safepoint: 8339 ns, Total: 108948 ns
[2020-09-11T13:39:26.154+0000][1][safepoint    ] Safepoint "Cleanup", Time since last: 2000322511 ns, Reaching safepoint: 123457 ns, At safepoint: 20086 ns, Total: 143543 ns
[2020-09-11T13:39:27.155+0000][1][safepoint    ] Safepoint "Cleanup", Time since last: 1000225072 ns, Reaching safepoint: 123393 ns, At safepoint: 19445 ns, Total: 142838 ns
[2020-09-11T13:39:51.158+0000][1][safepoint    ] Safepoint "Cleanup", Time since last: 24003397188 ns, Reaching safepoint: 127465 ns, At safepoint: 18038 ns, Total: 145503 ns
[2020-09-11T13:39:56.159+0000][1][safepoint    ] Safepoint "Cleanup", Time since last: 5000851378 ns, Reaching safepoint: 126537 ns, At safepoint: 20260 ns, Total: 146797 ns
[2020-09-11T13:40:09.161+0000][1][safepoint    ] Safepoint "Cleanup", Time since last: 13001897203 ns, Reaching safepoint: 90776 ns, At safepoint: 8279 ns, Total: 99055 ns
[2020-09-11T13:40:12.192+0000][1][gc,start     ] GC(94) Pause Young (Allocation Failure)
[2020-09-11T13:40:12.192+0000][1][gc,task      ] GC(94) Using 1 workers of 1 for evacuation
[2020-09-11T13:40:12.200+0000][1][gc,age       ] GC(94) Desired survivor size 4358144 bytes, new threshold 6 (max threshold 6)
[2020-09-11T13:40:12.200+0000][1][gc,age       ] GC(94) Age table with threshold 6 (max threshold 6)
[2020-09-11T13:40:12.200+0000][1][gc,age       ] GC(94) - age   1:      10000 bytes,      10000 total
[2020-09-11T13:40:12.200+0000][1][gc,age       ] GC(94) - age   2:      22760 bytes,      32760 total
[2020-09-11T13:40:12.200+0000][1][gc,age       ] GC(94) - age   3:       4256 bytes,      37016 total
[2020-09-11T13:40:12.200+0000][1][gc,age       ] GC(94) - age   4:       1928 bytes,      38944 total
[2020-09-11T13:40:12.200+0000][1][gc,age       ] GC(94) - age   5:      78400 bytes,     117344 total
[2020-09-11T13:40:12.200+0000][1][gc,age       ] GC(94) - age   6:        112 bytes,     117456 total
[2020-09-11T13:40:12.200+0000][1][gc,heap      ] GC(94) ParNew: 68281K->204K(76672K)
[2020-09-11T13:40:12.200+0000][1][gc,heap      ] GC(94) CMS: 66763K->66766K(439104K)
[2020-09-11T13:40:12.200+0000][1][gc,metaspace ] GC(94) Metaspace: 79576K->79576K(1122304K)
[2020-09-11T13:40:12.200+0000][1][gc           ] GC(94) Pause Young (Allocation Failure) 131M->65M(503M) 7.687ms
[2020-09-11T13:40:12.200+0000][1][gc,cpu       ] GC(94) User=0.01s Sys=0.00s Real=0.01s
[2020-09-11T13:40:12.200+0000][1][safepoint    ] Safepoint "GenCollectForAllocation", Time since last: 3030805352 ns, Reaching safepoint: 132387 ns, At safepoint: 7760605 ns, Total: 7892992 ns
[2020-09-11T13:40:34.203+0000][1][safepoint    ] Safepoint "Cleanup", Time since last: 22003163408 ns, Reaching safepoint: 60589 ns, At safepoint: 7375 ns, Total: 67964 ns
[2020-09-11T13:40:43.206+0000][1][safepoint    ] Safepoint "Cleanup", Time since last: 9002503630 ns, Reaching safepoint: 166822 ns, At safepoint: 18917 ns, Total: 185739 ns
[2020-09-11T13:40:44.206+0000][1][safepoint    ] Safepoint "Cleanup", Time since last: 1000221415 ns, Reaching safepoint: 108913 ns, At safepoint: 17784 ns, Total: 126697 ns
[2020-09-11T13:40:45.206+0000][1][safepoint    ] Safepoint "Cleanup", Time since last: 1000218610 ns, Reaching safepoint: 83997 ns, At safepoint: 8822 ns, Total: 92819 ns
[2020-09-11T13:40:46.207+0000][1][safepoint    ] Safepoint "Cleanup", Time since last: 1000136704 ns, Reaching safepoint: 60639 ns, At safepoint: 6889 ns, Total: 67528 ns
[2020-09-11T13:40:47.207+0000][1][safepoint    ] Safepoint "Cleanup", Time since last: 1000146962 ns, Reaching safepoint: 107645 ns, At safepoint: 8706 ns, Total: 116351 ns
[2020-09-11T13:40:48.207+0000][1][safepoint    ] Safepoint "Cleanup", Time since last: 1000170042 ns, Reaching safepoint: 112411 ns, At safepoint: 18392 ns, Total: 130803 ns
[2020-09-11T13:40:49.208+0000][1][safepoint    ] Safepoint "Cleanup", Time since last: 1000237757 ns, Reaching safepoint: 86423 ns, At safepoint: 8865 ns, Total: 95288 ns
[2020-09-11T13:40:50.208+0000][1][safepoint    ] Safepoint "Cleanup", Time since last: 1000213001 ns, Reaching safepoint: 87428 ns, At safepoint: 7578 ns, Total: 95006 ns
[2020-09-11T13:40:51.208+0000][1][safepoint    ] Safepoint "Cleanup", Time since last: 1000181000 ns, Reaching safepoint: 89559 ns, At safepoint: 8486 ns, Total: 98045 ns
[2020-09-11T13:40:52.208+0000][1][safepoint    ] Safepoint "Cleanup", Time since last: 1000198279 ns, Reaching safepoint: 86575 ns, At safepoint: 7615 ns, Total: 94190 ns
[2020-09-11T13:40:53.209+0000][1][safepoint    ] Safepoint "Cleanup", Time since last: 1000145707 ns, Reaching safepoint: 111105 ns, At safepoint: 18893 ns, Total: 129998 ns
[2020-09-11T13:40:54.209+0000][1][safepoint    ] Safepoint "Cleanup", Time since last: 1000184319 ns, Reaching safepoint: 80984 ns, At safepoint: 6883 ns, Total: 87867 ns
[2020-09-11T13:40:55.209+0000][1][safepoint    ] Safepoint "Cleanup", Time since last: 1000145225 ns, Reaching safepoint: 113290 ns, At safepoint: 17570 ns, Total: 130860 ns
[2020-09-11T13:40:56.210+0000][1][safepoint    ] Safepoint "Cleanup", Time since last: 1000201446 ns, Reaching safepoint: 112047 ns, At safepoint: 18646 ns, Total: 130693 ns
[2020-09-11T13:40:57.210+0000][1][safepoint    ] Safepoint "Cleanup", Time since last: 1000219180 ns, Reaching safepoint: 105409 ns, At safepoint: 17757 ns, Total: 123166 ns
[2020-09-11T13:40:58.210+0000][1][safepoint    ] Safepoint "Cleanup", Time since last: 1000218120 ns, Reaching safepoint: 109064 ns, At safepoint: 17787 ns, Total: 126851 ns
[2020-09-11T13:40:59.211+0000][1][safepoint    ] Safepoint "Cleanup", Time since last: 1000217561 ns, Reaching safepoint: 104490 ns, At safepoint: 18058 ns, Total: 122548 ns
[2020-09-11T13:41:00.211+0000][1][safepoint    ] Safepoint "Cleanup", Time since last: 1000240217 ns, Reaching safepoint: 134141 ns, At safepoint: 18533 ns, Total: 152674 ns
[2020-09-11T13:41:01.211+0000][1][safepoint    ] Safepoint "Cleanup", Time since last: 1000230068 ns, Reaching safepoint: 112652 ns, At safepoint: 19805 ns, Total: 132457 ns
[2020-09-11T13:41:02.212+0000][1][safepoint    ] Safepoint "Cleanup", Time since last: 1000256725 ns, Reaching safepoint: 109888 ns, At safepoint: 18372 ns, Total: 128260 ns
[2020-09-11T13:41:03.212+0000][1][safepoint    ] Safepoint "Cleanup", Time since last: 1000238718 ns, Reaching safepoint: 110526 ns, At safepoint: 18576 ns, Total: 129102 ns
[2020-09-11T13:41:04.212+0000][1][safepoint    ] Safepoint "Cleanup", Time since last: 1000233966 ns, Reaching safepoint: 106378 ns, At safepoint: 17750 ns, Total: 124128 ns
[2020-09-11T13:41:05.213+0000][1][safepoint    ] Safepoint "Cleanup", Time since last: 1000221799 ns, Reaching safepoint: 112110 ns, At safepoint: 19394 ns, Total: 131504 ns
[2020-09-11T13:41:06.213+0000][1][safepoint    ] Safepoint "Cleanup", Time since last: 1000223079 ns, Reaching safepoint: 111289 ns, At safepoint: 18148 ns, Total: 129437 ns
[2020-09-11T13:41:07.396+0000][1][safepoint    ] Safepoint "Cleanup", Time since last: 1182297878 ns, Reaching safepoint: 180638 ns, At safepoint: 9484 ns, Total: 190122 ns
[2020-09-11T13:41:08.396+0000][1][safepoint    ] Safepoint "Cleanup", Time since last: 1000182973 ns, Reaching safepoint: 131568 ns, At safepoint: 19762 ns, Total: 151330 ns
[2020-09-11T13:41:09.396+0000][1][safepoint    ] Safepoint "Cleanup", Time since last: 1000138656 ns, Reaching safepoint: 56543 ns, At safepoint: 6469 ns, Total: 63012 ns
[2020-09-11T13:41:16.891+0000][1][gc,start     ] GC(95) Pause Young (Allocation Failure)
[2020-09-11T13:41:16.891+0000][1][gc,task      ] GC(95) Using 1 workers of 1 for evacuation
[2020-09-11T13:41:16.895+0000][1][gc,age       ] GC(95) Desired survivor size 4358144 bytes, new threshold 6 (max threshold 6)
[2020-09-11T13:41:16.895+0000][1][gc,age       ] GC(95) Age table with threshold 6 (max threshold 6)
[2020-09-11T13:41:16.895+0000][1][gc,age       ] GC(95) - age   1:       8776 bytes,       8776 total
[2020-09-11T13:41:16.895+0000][1][gc,age       ] GC(95) - age   2:       2504 bytes,      11280 total
[2020-09-11T13:41:16.895+0000][1][gc,age       ] GC(95) - age   3:      21488 bytes,      32768 total
[2020-09-11T13:41:16.895+0000][1][gc,age       ] GC(95) - age   4:       4256 bytes,      37024 total
[2020-09-11T13:41:16.895+0000][1][gc,age       ] GC(95) - age   5:       1928 bytes,      38952 total
[2020-09-11T13:41:16.895+0000][1][gc,age       ] GC(95) - age   6:      78400 bytes,     117352 total
[2020-09-11T13:41:16.895+0000][1][gc,heap      ] GC(95) ParNew: 68364K->137K(76672K)
[2020-09-11T13:41:16.895+0000][1][gc,heap      ] GC(95) CMS: 66766K->66766K(439104K)
[2020-09-11T13:41:16.895+0000][1][gc,metaspace ] GC(95) Metaspace: 79576K->79576K(1122304K)
[2020-09-11T13:41:16.895+0000][1][gc           ] GC(95) Pause Young (Allocation Failure) 131M->65M(503M) 4.252ms
[2020-09-11T13:41:16.895+0000][1][gc,cpu       ] GC(95) User=0.00s Sys=0.00s Real=0.00s
[2020-09-11T13:41:16.895+0000][1][safepoint    ] Safepoint "GenCollectForAllocation", Time since last: 7494367447 ns, Reaching safepoint: 173479 ns, At safepoint: 4348229 ns, Total: 4521708 ns
[2020-09-11T13:41:19.896+0000][1][safepoint    ] Safepoint "Cleanup", Time since last: 3000519640 ns, Reaching safepoint: 129542 ns, At safepoint: 19688 ns, Total: 149230 ns
[2020-09-11T13:41:25.897+0000][1][safepoint    ] Safepoint "Cleanup", Time since last: 6000705149 ns, Reaching safepoint: 150412 ns, At safepoint: 16594 ns, Total: 167006 ns
[2020-09-11T13:41:38.453+0000][1][safepoint    ] Safepoint "RevokeBias", Time since last: 12556683661 ns, Reaching safepoint: 64608 ns, At safepoint: 24016 ns, Total: 88624 ns
[2020-09-11T13:41:39.454+0000][1][safepoint    ] Safepoint "Cleanup", Time since last: 1000190120 ns, Reaching safepoint: 92097 ns, At safepoint: 8709 ns, Total: 100806 ns
[2020-09-11T13:42:11.458+0000][1][safepoint    ] Safepoint "Cleanup", Time since last: 32004135015 ns, Reaching safepoint: 94389 ns, At safepoint: 8993 ns, Total: 103382 ns
[2020-09-11T13:42:15.497+0000][1][gc,start     ] GC(96) Pause Young (Allocation Failure)
[2020-09-11T13:42:15.497+0000][1][gc,task      ] GC(96) Using 1 workers of 1 for evacuation
[2020-09-11T13:42:15.502+0000][1][gc,age       ] GC(96) Desired survivor size 4358144 bytes, new threshold 6 (max threshold 6)
[2020-09-11T13:42:15.502+0000][1][gc,age       ] GC(96) Age table with threshold 6 (max threshold 6)
[2020-09-11T13:42:15.502+0000][1][gc,age       ] GC(96) - age   1:     109272 bytes,     109272 total
[2020-09-11T13:42:15.502+0000][1][gc,age       ] GC(96) - age   2:       1272 bytes,     110544 total
[2020-09-11T13:42:15.502+0000][1][gc,age       ] GC(96) - age   3:       1232 bytes,     111776 total
[2020-09-11T13:42:15.502+0000][1][gc,age       ] GC(96) - age   4:      13176 bytes,     124952 total
[2020-09-11T13:42:15.502+0000][1][gc,age       ] GC(96) - age   5:       4256 bytes,     129208 total
[2020-09-11T13:42:15.502+0000][1][gc,age       ] GC(96) - age   6:       1928 bytes,     131136 total
[2020-09-11T13:42:15.502+0000][1][gc,heap      ] GC(96) ParNew: 68297K->206K(76672K)
[2020-09-11T13:42:15.502+0000][1][gc,heap      ] GC(96) CMS: 66766K->66843K(439104K)
[2020-09-11T13:42:15.502+0000][1][gc,metaspace ] GC(96) Metaspace: 79639K->79639K(1122304K)
[2020-09-11T13:42:15.502+0000][1][gc           ] GC(96) Pause Young (Allocation Failure) 131M->65M(503M) 4.951ms
[2020-09-11T13:42:15.502+0000][1][gc,cpu       ] GC(96) User=0.01s Sys=0.00s Real=0.00s
[2020-09-11T13:42:15.503+0000][1][safepoint    ] Safepoint "GenCollectForAllocation", Time since last: 4039242881 ns, Reaching safepoint: 179998 ns, At safepoint: 5696876 ns, Total: 5876874 ns
[2020-09-11T13:42:25.507+0000][1][safepoint    ] Safepoint "Cleanup", Time since last: 10003460695 ns, Reaching safepoint: 94064 ns, At safepoint: 8837 ns, Total: 102901 ns
[2020-09-11T13:42:30.508+0000][1][safepoint    ] Safepoint "Cleanup", Time since last: 5000786112 ns, Reaching safepoint: 118572 ns, At safepoint: 18298 ns, Total: 136870 ns
[2020-09-11T13:42:44.510+0000][1][safepoint    ] Safepoint "Cleanup", Time since last: 14002074967 ns, Reaching safepoint: 144645 ns, At safepoint: 19094 ns, Total: 163739 ns
[2020-09-11T13:43:14.514+0000][1][safepoint    ] Safepoint "Cleanup", Time since last: 30004471636 ns, Reaching safepoint: 117028 ns, At safepoint: 19104 ns, Total: 136132 ns
[2020-09-11T13:43:17.622+0000][1][gc,start     ] GC(97) Pause Young (Allocation Failure)
[2020-09-11T13:43:17.622+0000][1][gc,task      ] GC(97) Using 1 workers of 1 for evacuation
[2020-09-11T13:43:17.632+0000][1][gc,age       ] GC(97) Desired survivor size 4358144 bytes, new threshold 6 (max threshold 6)
[2020-09-11T13:43:17.632+0000][1][gc,age       ] GC(97) Age table with threshold 6 (max threshold 6)
[2020-09-11T13:43:17.632+0000][1][gc,age       ] GC(97) - age   1:       9904 bytes,       9904 total
[2020-09-11T13:43:17.632+0000][1][gc,age       ] GC(97) - age   2:      95432 bytes,     105336 total
[2020-09-11T13:43:17.632+0000][1][gc,age       ] GC(97) - age   3:       1240 bytes,     106576 total
[2020-09-11T13:43:17.632+0000][1][gc,age       ] GC(97) - age   4:       1232 bytes,     107808 total
[2020-09-11T13:43:17.632+0000][1][gc,age       ] GC(97) - age   5:      13176 bytes,     120984 total
[2020-09-11T13:43:17.632+0000][1][gc,age       ] GC(97) - age   6:       3016 bytes,     124000 total
[2020-09-11T13:43:17.632+0000][1][gc,heap      ] GC(97) ParNew: 68366K->121K(76672K)
[2020-09-11T13:43:17.632+0000][1][gc,heap      ] GC(97) CMS: 66843K->66844K(439104K)
[2020-09-11T13:43:17.632+0000][1][gc,metaspace ] GC(97) Metaspace: 79651K->79651K(1122304K)
[2020-09-11T13:43:17.632+0000][1][gc           ] GC(97) Pause Young (Allocation Failure) 132M->65M(503M) 9.878ms
[2020-09-11T13:43:17.632+0000][1][gc,cpu       ] GC(97) User=0.01s Sys=0.00s Real=0.01s
[2020-09-11T13:43:17.634+0000][1][safepoint    ] Safepoint "GenCollectForAllocation", Time since last: 3107650651 ns, Reaching safepoint: 106739 ns, At safepoint: 11524508 ns, Total: 11631247 ns
[2020-09-11T13:43:24.636+0000][1][safepoint    ] Safepoint "Cleanup", Time since last: 7001792614 ns, Reaching safepoint: 107819 ns, At safepoint: 10381 ns, Total: 118200 ns
[2020-09-11T13:43:49.639+0000][1][safepoint    ] Safepoint "Cleanup", Time since last: 25003436123 ns, Reaching safepoint: 130148 ns, At safepoint: 20277 ns, Total: 150425 ns
[2020-09-11T13:44:22.164+0000][1][gc,start     ] GC(98) Pause Young (Allocation Failure)
[2020-09-11T13:44:22.164+0000][1][gc,task      ] GC(98) Using 1 workers of 1 for evacuation
[2020-09-11T13:44:22.169+0000][1][gc,age       ] GC(98) Desired survivor size 4358144 bytes, new threshold 6 (max threshold 6)
[2020-09-11T13:44:22.169+0000][1][gc,age       ] GC(98) Age table with threshold 6 (max threshold 6)
[2020-09-11T13:44:22.169+0000][1][gc,age       ] GC(98) - age   1:     120880 bytes,     120880 total
[2020-09-11T13:44:22.169+0000][1][gc,age       ] GC(98) - age   2:       2176 bytes,     123056 total
[2020-09-11T13:44:22.169+0000][1][gc,age       ] GC(98) - age   3:      94096 bytes,     217152 total
[2020-09-11T13:44:22.169+0000][1][gc,age       ] GC(98) - age   4:       1240 bytes,     218392 total
[2020-09-11T13:44:22.169+0000][1][gc,age       ] GC(98) - age   5:       1232 bytes,     219624 total
[2020-09-11T13:44:22.169+0000][1][gc,age       ] GC(98) - age   6:      13176 bytes,     232800 total
[2020-09-11T13:44:22.169+0000][1][gc,heap      ] GC(98) ParNew: 68281K->242K(76672K)
[2020-09-11T13:44:22.169+0000][1][gc,heap      ] GC(98) CMS: 66844K->66847K(439104K)
[2020-09-11T13:44:22.169+0000][1][gc,metaspace ] GC(98) Metaspace: 79929K->79929K(1122304K)
[2020-09-11T13:44:22.169+0000][1][gc           ] GC(98) Pause Young (Allocation Failure) 131M->65M(503M) 4.901ms
[2020-09-11T13:44:22.169+0000][1][gc,cpu       ] GC(98) User=0.01s Sys=0.00s Real=0.00s
[2020-09-11T13:44:22.169+0000][1][safepoint    ] Safepoint "GenCollectForAllocation", Time since last: 32524401566 ns, Reaching safepoint: 176030 ns, At safepoint: 4962180 ns, Total: 5138210 ns
[2020-09-11T13:45:27.264+0000][1][gc,start     ] GC(99) Pause Young (Allocation Failure)
[2020-09-11T13:45:27.264+0000][1][gc,task      ] GC(99) Using 1 workers of 1 for evacuation
[2020-09-11T13:45:27.268+0000][1][gc,age       ] GC(99) Desired survivor size 4358144 bytes, new threshold 6 (max threshold 6)
[2020-09-11T13:45:27.268+0000][1][gc,age       ] GC(99) Age table with threshold 6 (max threshold 6)
[2020-09-11T13:45:27.268+0000][1][gc,age       ] GC(99) - age   1:      11952 bytes,      11952 total
[2020-09-11T13:45:27.268+0000][1][gc,age       ] GC(99) - age   2:      98808 bytes,     110760 total
[2020-09-11T13:45:27.268+0000][1][gc,age       ] GC(99) - age   3:       2144 bytes,     112904 total
[2020-09-11T13:45:27.268+0000][1][gc,age       ] GC(99) - age   4:      94096 bytes,     207000 total
[2020-09-11T13:45:27.268+0000][1][gc,age       ] GC(99) - age   6:       1232 bytes,     208232 total
[2020-09-11T13:45:27.268+0000][1][gc,heap      ] GC(99) ParNew: 68402K->401K(76672K)
[2020-09-11T13:45:27.268+0000][1][gc,heap      ] GC(99) CMS: 66847K->66860K(439104K)
[2020-09-11T13:45:27.268+0000][1][gc,metaspace ] GC(99) Metaspace: 79930K->79930K(1122304K)
[2020-09-11T13:45:27.268+0000][1][gc           ] GC(99) Pause Young (Allocation Failure) 132M->65M(503M) 4.447ms
[2020-09-11T13:45:27.268+0000][1][gc,cpu       ] GC(99) User=0.00s Sys=0.00s Real=0.00s
[2020-09-11T13:45:27.268+0000][1][safepoint    ] Safepoint "GenCollectForAllocation", Time since last: 65094771887 ns, Reaching safepoint: 177264 ns, At safepoint: 4509564 ns, Total: 4686828 ns
[2020-09-11T13:45:42.356+0000][1][safepoint    ] Safepoint "RevokeBias", Time since last: 15087252543 ns, Reaching safepoint: 100812 ns, At safepoint: 89091 ns, Total: 189903 ns
[2020-09-11T13:46:32.361+0000][1][gc,start     ] GC(100) Pause Young (Allocation Failure)
[2020-09-11T13:46:32.361+0000][1][gc,task      ] GC(100) Using 1 workers of 1 for evacuation
[2020-09-11T13:46:32.366+0000][1][gc,age       ] GC(100) Desired survivor size 4358144 bytes, new threshold 6 (max threshold 6)
[2020-09-11T13:46:32.366+0000][1][gc,age       ] GC(100) Age table with threshold 6 (max threshold 6)
[2020-09-11T13:46:32.366+0000][1][gc,age       ] GC(100) - age   1:      13688 bytes,      13688 total
[2020-09-11T13:46:32.366+0000][1][gc,age       ] GC(100) - age   2:       2568 bytes,      16256 total
[2020-09-11T13:46:32.366+0000][1][gc,age       ] GC(100) - age   3:      98808 bytes,     115064 total
[2020-09-11T13:46:32.366+0000][1][gc,age       ] GC(100) - age   4:        872 bytes,     115936 total
[2020-09-11T13:46:32.366+0000][1][gc,age       ] GC(100) - age   5:      94096 bytes,     210032 total
[2020-09-11T13:46:32.366+0000][1][gc,heap      ] GC(100) ParNew: 68561K->252K(76672K)
[2020-09-11T13:46:32.366+0000][1][gc,heap      ] GC(100) CMS: 66860K->66862K(439104K)
[2020-09-11T13:46:32.366+0000][1][gc,metaspace ] GC(100) Metaspace: 79936K->79936K(1122304K)
[2020-09-11T13:46:32.366+0000][1][gc           ] GC(100) Pause Young (Allocation Failure) 132M->65M(503M) 4.522ms
[2020-09-11T13:46:32.366+0000][1][gc,cpu       ] GC(100) User=0.01s Sys=0.00s Real=0.01s
[2020-09-11T13:46:32.366+0000][1][safepoint    ] Safepoint "GenCollectForAllocation", Time since last: 50005588370 ns, Reaching safepoint: 180212 ns, At safepoint: 4588964 ns, Total: 4769176 ns
[2020-09-11T13:46:46.232+0000][1][safepoint    ] Safepoint "RevokeBias", Time since last: 13866030317 ns, Reaching safepoint: 56938 ns, At safepoint: 21399 ns, Total: 78337 ns
[2020-09-11T13:46:47.232+0000][1][safepoint    ] Safepoint "Cleanup", Time since last: 1000188220 ns, Reaching safepoint: 99149 ns, At safepoint: 9186 ns, Total: 108335 ns
[2020-09-11T13:46:57.234+0000][1][safepoint    ] Safepoint "Cleanup", Time since last: 10001458740 ns, Reaching safepoint: 86513 ns, At safepoint: 8729 ns, Total: 95242 ns
[2020-09-11T13:47:01.235+0000][1][safepoint    ] Safepoint "Cleanup", Time since last: 4000556954 ns, Reaching safepoint: 122892 ns, At safepoint: 17831 ns, Total: 140723 ns
[2020-09-11T13:47:05.264+0000][1][safepoint    ] Safepoint "RevokeBias", Time since last: 4028779238 ns, Reaching safepoint: 154815 ns, At safepoint: 45950 ns, Total: 200765 ns
[2020-09-11T13:47:06.264+0000][1][safepoint    ] Safepoint "Cleanup", Time since last: 1000179504 ns, Reaching safepoint: 128552 ns, At safepoint: 19220 ns, Total: 147772 ns
[2020-09-11T13:47:27.449+0000][1][gc,start     ] GC(101) Pause Young (Allocation Failure)
[2020-09-11T13:47:27.449+0000][1][gc,task      ] GC(101) Using 1 workers of 1 for evacuation
[2020-09-11T13:47:27.454+0000][1][gc,age       ] GC(101) Desired survivor size 4358144 bytes, new threshold 6 (max threshold 6)
[2020-09-11T13:47:27.454+0000][1][gc,age       ] GC(101) Age table with threshold 6 (max threshold 6)
[2020-09-11T13:47:27.454+0000][1][gc,age       ] GC(101) - age   1:      47656 bytes,      47656 total
[2020-09-11T13:47:27.454+0000][1][gc,age       ] GC(101) - age   2:       4952 bytes,      52608 total
[2020-09-11T13:47:27.454+0000][1][gc,age       ] GC(101) - age   3:       1296 bytes,      53904 total
[2020-09-11T13:47:27.454+0000][1][gc,age       ] GC(101) - age   4:      98496 bytes,     152400 total
[2020-09-11T13:47:27.454+0000][1][gc,age       ] GC(101) - age   5:        872 bytes,     153272 total
[2020-09-11T13:47:27.454+0000][1][gc,age       ] GC(101) - age   6:      80248 bytes,     233520 total
[2020-09-11T13:47:27.454+0000][1][gc,heap      ] GC(101) ParNew: 68412K->370K(76672K)
[2020-09-11T13:47:27.454+0000][1][gc,heap      ] GC(101) CMS: 66862K->66862K(439104K)
[2020-09-11T13:47:27.454+0000][1][gc,metaspace ] GC(101) Metaspace: 80003K->80003K(1122304K)
[2020-09-11T13:47:27.454+0000][1][gc           ] GC(101) Pause Young (Allocation Failure) 132M->65M(503M) 5.258ms
[2020-09-11T13:47:27.454+0000][1][gc,cpu       ] GC(101) User=0.00s Sys=0.00s Real=0.00s
[2020-09-11T13:47:27.454+0000][1][safepoint    ] Safepoint "GenCollectForAllocation", Time since last: 21184695831 ns, Reaching safepoint: 220506 ns, At safepoint: 5327677 ns, Total: 5548183 ns
[2020-09-11T13:47:49.003+0000][1][safepoint    ] Safepoint "RevokeBias", Time since last: 21548266711 ns, Reaching safepoint: 53238 ns, At safepoint: 20239 ns, Total: 73477 ns
[2020-09-11T13:47:50.003+0000][1][safepoint    ] Safepoint "Cleanup", Time since last: 1000101583 ns, Reaching safepoint: 100407 ns, At safepoint: 9228 ns, Total: 109635 ns
[2020-09-11T13:47:56.004+0000][1][safepoint    ] Safepoint "Cleanup", Time since last: 6000952351 ns, Reaching safepoint: 90040 ns, At safepoint: 8492 ns, Total: 98532 ns
[2020-09-11T13:47:57.004+0000][1][safepoint    ] Safepoint "Cleanup", Time since last: 1000187097 ns, Reaching safepoint: 115190 ns, At safepoint: 19863 ns, Total: 135053 ns
[2020-09-11T13:47:58.004+0000][1][safepoint    ] Safepoint "Cleanup", Time since last: 1000223918 ns, Reaching safepoint: 83742 ns, At safepoint: 7794 ns, Total: 91536 ns
[2020-09-11T13:47:59.005+0000][1][safepoint    ] Safepoint "Cleanup", Time since last: 1000153560 ns, Reaching safepoint: 92904 ns, At safepoint: 8258 ns, Total: 101162 ns
[2020-09-11T13:48:00.005+0000][1][safepoint    ] Safepoint "Cleanup", Time since last: 1000178864 ns, Reaching safepoint: 86026 ns, At safepoint: 8303 ns, Total: 94329 ns
[2020-09-11T13:48:01.005+0000][1][safepoint    ] Safepoint "Cleanup", Time since last: 1000202114 ns, Reaching safepoint: 82898 ns, At safepoint: 9548 ns, Total: 92446 ns
[2020-09-11T13:48:02.006+0000][1][safepoint    ] Safepoint "Cleanup", Time since last: 1000187702 ns, Reaching safepoint: 82598 ns, At safepoint: 9417 ns, Total: 92015 ns
[2020-09-11T13:48:03.006+0000][1][safepoint    ] Safepoint "Cleanup", Time since last: 1000152488 ns, Reaching safepoint: 119327 ns, At safepoint: 21406 ns, Total: 140733 ns
[2020-09-11T13:48:04.006+0000][1][safepoint    ] Safepoint "Cleanup", Time since last: 1000213586 ns, Reaching safepoint: 85658 ns, At safepoint: 7857 ns, Total: 93515 ns
[2020-09-11T13:48:05.006+0000][1][safepoint    ] Safepoint "Cleanup", Time since last: 1000198175 ns, Reaching safepoint: 89995 ns, At safepoint: 9379 ns, Total: 99374 ns
[2020-09-11T13:48:06.007+0000][1][safepoint    ] Safepoint "Cleanup", Time since last: 1000148040 ns, Reaching safepoint: 108619 ns, At safepoint: 18870 ns, Total: 127489 ns
[2020-09-11T13:48:07.009+0000][1][safepoint    ] Safepoint "Cleanup", Time since last: 1001716284 ns, Reaching safepoint: 175338 ns, At safepoint: 17220 ns, Total: 192558 ns
[2020-09-11T13:48:08.009+0000][1][safepoint    ] Safepoint "Cleanup", Time since last: 1000243816 ns, Reaching safepoint: 88322 ns, At safepoint: 6830 ns, Total: 95152 ns
[2020-09-11T13:48:09.009+0000][1][safepoint    ] Safepoint "Cleanup", Time since last: 1000184742 ns, Reaching safepoint: 86951 ns, At safepoint: 8218 ns, Total: 95169 ns
[2020-09-11T13:48:10.010+0000][1][safepoint    ] Safepoint "Cleanup", Time since last: 1000231545 ns, Reaching safepoint: 61782 ns, At safepoint: 8499 ns, Total: 70281 ns
[2020-09-11T13:48:11.010+0000][1][safepoint    ] Safepoint "Cleanup", Time since last: 1000173977 ns, Reaching safepoint: 90203 ns, At safepoint: 8988 ns, Total: 99191 ns
[2020-09-11T13:48:12.010+0000][1][safepoint    ] Safepoint "Cleanup", Time since last: 1000183611 ns, Reaching safepoint: 114285 ns, At safepoint: 19278 ns, Total: 133563 ns
[2020-09-11T13:48:13.010+0000][1][safepoint    ] Safepoint "Cleanup", Time since last: 1000247079 ns, Reaching safepoint: 77832 ns, At safepoint: 8102 ns, Total: 85934 ns
[2020-09-11T13:48:14.011+0000][1][safepoint    ] Safepoint "Cleanup", Time since last: 1000176184 ns, Reaching safepoint: 87650 ns, At safepoint: 8406 ns, Total: 96056 ns
[2020-09-11T13:48:15.011+0000][1][safepoint    ] Safepoint "Cleanup", Time since last: 1000180476 ns, Reaching safepoint: 86314 ns, At safepoint: 8268 ns, Total: 94582 ns
[2020-09-11T13:48:16.011+0000][1][safepoint    ] Safepoint "Cleanup", Time since last: 1000174997 ns, Reaching safepoint: 90642 ns, At safepoint: 8462 ns, Total: 99104 ns
[2020-09-11T13:48:17.012+0000][1][safepoint    ] Safepoint "Cleanup", Time since last: 1000207920 ns, Reaching safepoint: 91003 ns, At safepoint: 9522 ns, Total: 100525 ns
[2020-09-11T13:48:18.012+0000][1][safepoint    ] Safepoint "Cleanup", Time since last: 1000165059 ns, Reaching safepoint: 104699 ns, At safepoint: 9221 ns, Total: 113920 ns
[2020-09-11T13:48:19.012+0000][1][safepoint    ] Safepoint "Cleanup", Time since last: 1000153800 ns, Reaching safepoint: 112294 ns, At safepoint: 18649 ns, Total: 130943 ns
[2020-09-11T13:48:20.120+0000][1][safepoint    ] Safepoint "Cleanup", Time since last: 1107385544 ns, Reaching safepoint: 108675 ns, At safepoint: 7673 ns, Total: 116348 ns
[2020-09-11T13:48:21.120+0000][1][safepoint    ] Safepoint "Cleanup", Time since last: 1000173342 ns, Reaching safepoint: 83691 ns, At safepoint: 7464 ns, Total: 91155 ns
[2020-09-11T13:48:22.120+0000][1][safepoint    ] Safepoint "Cleanup", Time since last: 1000127415 ns, Reaching safepoint: 107420 ns, At safepoint: 17597 ns, Total: 125017 ns
[2020-09-11T13:48:23.120+0000][1][safepoint    ] Safepoint "Cleanup", Time since last: 1000158529 ns, Reaching safepoint: 131950 ns, At safepoint: 17546 ns, Total: 149496 ns
[2020-09-11T13:48:24.121+0000][1][safepoint    ] Safepoint "Cleanup", Time since last: 1000212009 ns, Reaching safepoint: 101941 ns, At safepoint: 16975 ns, Total: 118916 ns
[2020-09-11T13:48:25.121+0000][1][safepoint    ] Safepoint "Cleanup", Time since last: 1000166991 ns, Reaching safepoint: 101154 ns, At safepoint: 9912 ns, Total: 111066 ns
[2020-09-11T13:48:26.121+0000][1][safepoint    ] Safepoint "Cleanup", Time since last: 1000195833 ns, Reaching safepoint: 117747 ns, At safepoint: 19638 ns, Total: 137385 ns
[2020-09-11T13:48:27.122+0000][1][safepoint    ] Safepoint "Cleanup", Time since last: 1000245720 ns, Reaching safepoint: 110980 ns, At safepoint: 10169 ns, Total: 121149 ns
[2020-09-11T13:48:27.536+0000][1][gc,start     ] GC(102) Pause Young (Allocation Failure)
[2020-09-11T13:48:27.536+0000][1][gc,task      ] GC(102) Using 1 workers of 1 for evacuation
[2020-09-11T13:48:27.541+0000][1][gc,age       ] GC(102) Desired survivor size 4358144 bytes, new threshold 6 (max threshold 6)
[2020-09-11T13:48:27.541+0000][1][gc,age       ] GC(102) Age table with threshold 6 (max threshold 6)
[2020-09-11T13:48:27.541+0000][1][gc,age       ] GC(102) - age   1:      43264 bytes,      43264 total
[2020-09-11T13:48:27.541+0000][1][gc,age       ] GC(102) - age   2:      19400 bytes,      62664 total
[2020-09-11T13:48:27.541+0000][1][gc,age       ] GC(102) - age   3:       1488 bytes,      64152 total
[2020-09-11T13:48:27.541+0000][1][gc,age       ] GC(102) - age   4:       1296 bytes,      65448 total
[2020-09-11T13:48:27.541+0000][1][gc,age       ] GC(102) - age   5:      98496 bytes,     163944 total
[2020-09-11T13:48:27.541+0000][1][gc,age       ] GC(102) - age   6:        872 bytes,     164816 total
[2020-09-11T13:48:27.541+0000][1][gc,heap      ] GC(102) ParNew: 68530K->217K(76672K)
[2020-09-11T13:48:27.541+0000][1][gc,heap      ] GC(102) CMS: 66862K->66939K(439104K)
[2020-09-11T13:48:27.541+0000][1][gc,metaspace ] GC(102) Metaspace: 80024K->80024K(1122304K)
[2020-09-11T13:48:27.541+0000][1][gc           ] GC(102) Pause Young (Allocation Failure) 132M->65M(503M) 4.349ms
[2020-09-11T13:48:27.541+0000][1][gc,cpu       ] GC(102) User=0.00s Sys=0.00s Real=0.00s
[2020-09-11T13:48:27.541+0000][1][safepoint    ] Safepoint "GenCollectForAllocation", Time since last: 414371921 ns, Reaching safepoint: 178074 ns, At safepoint: 4411163 ns, Total: 4589237 ns
[2020-09-11T13:48:28.542+0000][1][safepoint    ] Safepoint "Cleanup", Time since last: 1000912356 ns, Reaching safepoint: 54124 ns, At safepoint: 15548 ns, Total: 69672 ns
[2020-09-11T13:48:29.542+0000][1][safepoint    ] Safepoint "Cleanup", Time since last: 1000251250 ns, Reaching safepoint: 50295 ns, At safepoint: 13111 ns, Total: 63406 ns
[2020-09-11T13:48:30.543+0000][1][safepoint    ] Safepoint "Cleanup", Time since last: 1000478609 ns, Reaching safepoint: 217369 ns, At safepoint: 48114 ns, Total: 265483 ns
[2020-09-11T13:48:31.543+0000][1][safepoint    ] Safepoint "Cleanup", Time since last: 1000171898 ns, Reaching safepoint: 211752 ns, At safepoint: 43046 ns, Total: 254798 ns
[2020-09-11T13:48:32.544+0000][1][safepoint    ] Safepoint "Cleanup", Time since last: 1000202589 ns, Reaching safepoint: 105064 ns, At safepoint: 16298 ns, Total: 121362 ns
[2020-09-11T13:48:33.545+0000][1][safepoint    ] Safepoint "Cleanup", Time since last: 1001143601 ns, Reaching safepoint: 102756 ns, At safepoint: 16705 ns, Total: 119461 ns
[2020-09-11T13:48:34.545+0000][1][safepoint    ] Safepoint "Cleanup", Time since last: 1000182947 ns, Reaching safepoint: 101038 ns, At safepoint: 17764 ns, Total: 118802 ns
[2020-09-11T13:48:35.545+0000][1][safepoint    ] Safepoint "Cleanup", Time since last: 1000203548 ns, Reaching safepoint: 82400 ns, At safepoint: 7462 ns, Total: 89862 ns
[2020-09-11T13:48:36.546+0000][1][safepoint    ] Safepoint "Cleanup", Time since last: 1000141091 ns, Reaching safepoint: 98583 ns, At safepoint: 8470 ns, Total: 107053 ns
[2020-09-11T13:48:37.546+0000][1][safepoint    ] Safepoint "Cleanup", Time since last: 1000166910 ns, Reaching safepoint: 130273 ns, At safepoint: 16223 ns, Total: 146496 ns
[2020-09-11T13:48:38.547+0000][1][safepoint    ] Safepoint "Cleanup", Time since last: 1001014129 ns, Reaching safepoint: 77991 ns, At safepoint: 7716 ns, Total: 85707 ns
[2020-09-11T13:48:39.547+0000][1][safepoint    ] Safepoint "Cleanup", Time since last: 1000185842 ns, Reaching safepoint: 86663 ns, At safepoint: 6819 ns, Total: 93482 ns
[2020-09-11T13:48:40.548+0000][1][safepoint    ] Safepoint "Cleanup", Time since last: 1000165628 ns, Reaching safepoint: 110364 ns, At safepoint: 18609 ns, Total: 128973 ns
[2020-09-11T13:48:41.548+0000][1][safepoint    ] Safepoint "Cleanup", Time since last: 1000209230 ns, Reaching safepoint: 104152 ns, At safepoint: 16712 ns, Total: 120864 ns
[2020-09-11T13:48:42.548+0000][1][safepoint    ] Safepoint "Cleanup", Time since last: 1000221497 ns, Reaching safepoint: 113650 ns, At safepoint: 18356 ns, Total: 132006 ns
[2020-09-11T13:48:43.550+0000][1][safepoint    ] Safepoint "Cleanup", Time since last: 1001165696 ns, Reaching safepoint: 97563 ns, At safepoint: 17143 ns, Total: 114706 ns
[2020-09-11T13:48:44.550+0000][1][safepoint    ] Safepoint "Cleanup", Time since last: 1000161425 ns, Reaching safepoint: 110550 ns, At safepoint: 18486 ns, Total: 129036 ns
[2020-09-11T13:48:45.550+0000][1][safepoint    ] Safepoint "Cleanup", Time since last: 1000236339 ns, Reaching safepoint: 116438 ns, At safepoint: 20129 ns, Total: 136567 ns
[2020-09-11T13:48:46.551+0000][1][safepoint    ] Safepoint "Cleanup", Time since last: 1000206851 ns, Reaching safepoint: 102097 ns, At safepoint: 18643 ns, Total: 120740 ns
[2020-09-11T13:48:47.551+0000][1][safepoint    ] Safepoint "Cleanup", Time since last: 1000166484 ns, Reaching safepoint: 117118 ns, At safepoint: 18686 ns, Total: 135804 ns
[2020-09-11T13:48:48.552+0000][1][safepoint    ] Safepoint "Cleanup", Time since last: 1001020340 ns, Reaching safepoint: 103183 ns, At safepoint: 18306 ns, Total: 121489 ns
[2020-09-11T13:49:32.654+0000][1][gc,start     ] GC(103) Pause Young (Allocation Failure)
[2020-09-11T13:49:32.654+0000][1][gc,task      ] GC(103) Using 1 workers of 1 for evacuation
[2020-09-11T13:49:32.659+0000][1][gc,age       ] GC(103) Desired survivor size 4358144 bytes, new threshold 6 (max threshold 6)
[2020-09-11T13:49:32.659+0000][1][gc,age       ] GC(103) Age table with threshold 6 (max threshold 6)
[2020-09-11T13:49:32.659+0000][1][gc,age       ] GC(103) - age   1:      10896 bytes,      10896 total
[2020-09-11T13:49:32.659+0000][1][gc,age       ] GC(103) - age   2:      25688 bytes,      36584 total
[2020-09-11T13:49:32.659+0000][1][gc,age       ] GC(103) - age   3:      18128 bytes,      54712 total
[2020-09-11T13:49:32.659+0000][1][gc,age       ] GC(103) - age   4:       1488 bytes,      56200 total
[2020-09-11T13:49:32.659+0000][1][gc,age       ] GC(103) - age   5:       1296 bytes,      57496 total
[2020-09-11T13:49:32.659+0000][1][gc,age       ] GC(103) - age   6:      98496 bytes,     155992 total
[2020-09-11T13:49:32.659+0000][1][gc,heap      ] GC(103) ParNew: 68377K->175K(76672K)
[2020-09-11T13:49:32.659+0000][1][gc,heap      ] GC(103) CMS: 66939K->66940K(439104K)
[2020-09-11T13:49:32.659+0000][1][gc,metaspace ] GC(103) Metaspace: 80030K->80030K(1122304K)
[2020-09-11T13:49:32.659+0000][1][gc           ] GC(103) Pause Young (Allocation Failure) 132M->65M(503M) 5.036ms
[2020-09-11T13:49:32.659+0000][1][gc,cpu       ] GC(103) User=0.01s Sys=0.00s Real=0.01s
[2020-09-11T13:49:32.659+0000][1][safepoint    ] Safepoint "GenCollectForAllocation", Time since last: 44101857184 ns, Reaching safepoint: 179974 ns, At safepoint: 5095693 ns, Total: 5275667 ns
[2020-09-11T13:49:44.662+0000][1][safepoint    ] Safepoint "Cleanup", Time since last: 12002781625 ns, Reaching safepoint: 120884 ns, At safepoint: 18616 ns, Total: 139500 ns
[2020-09-11T13:50:38.302+0000][1][gc,start     ] GC(104) Pause Young (Allocation Failure)
[2020-09-11T13:50:38.302+0000][1][gc,task      ] GC(104) Using 1 workers of 1 for evacuation
[2020-09-11T13:50:38.307+0000][1][gc,age       ] GC(104) Desired survivor size 4358144 bytes, new threshold 6 (max threshold 6)
[2020-09-11T13:50:38.307+0000][1][gc,age       ] GC(104) Age table with threshold 6 (max threshold 6)
[2020-09-11T13:50:38.307+0000][1][gc,age       ] GC(104) - age   1:       8768 bytes,       8768 total
[2020-09-11T13:50:38.307+0000][1][gc,age       ] GC(104) - age   2:       2168 bytes,      10936 total
[2020-09-11T13:50:38.307+0000][1][gc,age       ] GC(104) - age   3:      25656 bytes,      36592 total
[2020-09-11T13:50:38.307+0000][1][gc,age       ] GC(104) - age   4:      18128 bytes,      54720 total
[2020-09-11T13:50:38.307+0000][1][gc,age       ] GC(104) - age   5:       1488 bytes,      56208 total
[2020-09-11T13:50:38.307+0000][1][gc,age       ] GC(104) - age   6:       1296 bytes,      57504 total
[2020-09-11T13:50:38.307+0000][1][gc,heap      ] GC(104) ParNew: 68335K->158K(76672K)
[2020-09-11T13:50:38.307+0000][1][gc,heap      ] GC(104) CMS: 66940K->67037K(439104K)
[2020-09-11T13:50:38.307+0000][1][gc,metaspace ] GC(104) Metaspace: 80033K->80033K(1122304K)
[2020-09-11T13:50:38.307+0000][1][gc           ] GC(104) Pause Young (Allocation Failure) 132M->65M(503M) 5.507ms
[2020-09-11T13:50:38.307+0000][1][gc,cpu       ] GC(104) User=0.01s Sys=0.00s Real=0.01s
[2020-09-11T13:50:38.307+0000][1][safepoint    ] Safepoint "GenCollectForAllocation", Time since last: 53639338952 ns, Reaching safepoint: 84236 ns, At safepoint: 5566483 ns, Total: 5650719 ns
[2020-09-11T13:51:43.580+0000][1][gc,start     ] GC(105) Pause Young (Allocation Failure)
[2020-09-11T13:51:43.581+0000][1][gc,task      ] GC(105) Using 1 workers of 1 for evacuation
[2020-09-11T13:51:43.586+0000][1][gc,age       ] GC(105) Desired survivor size 4358144 bytes, new threshold 6 (max threshold 6)
[2020-09-11T13:51:43.586+0000][1][gc,age       ] GC(105) Age table with threshold 6 (max threshold 6)
[2020-09-11T13:51:43.586+0000][1][gc,age       ] GC(105) - age   1:       8816 bytes,       8816 total
[2020-09-11T13:51:43.586+0000][1][gc,age       ] GC(105) - age   2:       2512 bytes,      11328 total
[2020-09-11T13:51:43.586+0000][1][gc,age       ] GC(105) - age   3:       2136 bytes,      13464 total
[2020-09-11T13:51:43.586+0000][1][gc,age       ] GC(105) - age   4:      24416 bytes,      37880 total
[2020-09-11T13:51:43.586+0000][1][gc,age       ] GC(105) - age   5:      18128 bytes,      56008 total
[2020-09-11T13:51:43.586+0000][1][gc,age       ] GC(105) - age   6:        248 bytes,      56256 total
[2020-09-11T13:51:43.586+0000][1][gc,heap      ] GC(105) ParNew: 68318K->107K(76672K)
[2020-09-11T13:51:43.586+0000][1][gc,heap      ] GC(105) CMS: 67037K->67039K(439104K)
[2020-09-11T13:51:43.586+0000][1][gc,metaspace ] GC(105) Metaspace: 80033K->80033K(1122304K)
[2020-09-11T13:51:43.586+0000][1][gc           ] GC(105) Pause Young (Allocation Failure) 132M->65M(503M) 5.291ms
[2020-09-11T13:51:43.586+0000][1][gc,cpu       ] GC(105) User=0.00s Sys=0.00s Real=0.01s
[2020-09-11T13:51:43.586+0000][1][safepoint    ] Safepoint "GenCollectForAllocation", Time since last: 65273279561 ns, Reaching safepoint: 71570 ns, At safepoint: 5486592 ns, Total: 5558162 ns
[2020-09-11T13:52:04.596+0000][1][safepoint    ] Safepoint "Cleanup", Time since last: 21010157525 ns, Reaching safepoint: 117610 ns, At safepoint: 19996 ns, Total: 137606 ns
[2020-09-11T13:52:05.597+0000][1][safepoint    ] Safepoint "Cleanup", Time since last: 1000198260 ns, Reaching safepoint: 100085 ns, At safepoint: 8920 ns, Total: 109005 ns
[2020-09-11T13:52:26.602+0000][1][safepoint    ] Safepoint "Cleanup", Time since last: 21005384841 ns, Reaching safepoint: 88476 ns, At safepoint: 8054 ns, Total: 96530 ns
[2020-09-11T13:52:29.603+0000][1][safepoint    ] Safepoint "Cleanup", Time since last: 3000715149 ns, Reaching safepoint: 102489 ns, At safepoint: 6525 ns, Total: 109014 ns
[2020-09-11T13:52:49.606+0000][1][safepoint    ] Safepoint "Cleanup", Time since last: 20002663748 ns, Reaching safepoint: 118093 ns, At safepoint: 7743 ns, Total: 125836 ns
[2020-09-11T13:52:49.882+0000][1][safepoint    ] Safepoint "RevokeBias", Time since last: 276554603 ns, Reaching safepoint: 124360 ns, At safepoint: 13269 ns, Total: 137629 ns
[2020-09-11T13:52:49.882+0000][1][safepoint    ] Safepoint "RevokeBias", Time since last: 84281 ns, Reaching safepoint: 91872 ns, At safepoint: 5540 ns, Total: 97412 ns
[2020-09-11T13:52:49.883+0000][1][gc,start     ] GC(106) Pause Young (Allocation Failure)
[2020-09-11T13:52:49.883+0000][1][gc,task      ] GC(106) Using 1 workers of 1 for evacuation
[2020-09-11T13:52:49.886+0000][1][gc,age       ] GC(106) Desired survivor size 4358144 bytes, new threshold 6 (max threshold 6)
[2020-09-11T13:52:49.886+0000][1][gc,age       ] GC(106) Age table with threshold 6 (max threshold 6)
[2020-09-11T13:52:49.886+0000][1][gc,age       ] GC(106) - age   1:       9392 bytes,       9392 total
[2020-09-11T13:52:49.886+0000][1][gc,age       ] GC(106) - age   2:       1272 bytes,      10664 total
[2020-09-11T13:52:49.886+0000][1][gc,age       ] GC(106) - age   3:       1240 bytes,      11904 total
[2020-09-11T13:52:49.887+0000][1][gc,age       ] GC(106) - age   4:       2136 bytes,      14040 total
[2020-09-11T13:52:49.887+0000][1][gc,age       ] GC(106) - age   5:      24416 bytes,      38456 total
[2020-09-11T13:52:49.887+0000][1][gc,age       ] GC(106) - age   6:      18128 bytes,      56584 total
[2020-09-11T13:52:49.887+0000][1][gc,heap      ] GC(106) ParNew: 68267K->67K(76672K)
[2020-09-11T13:52:49.887+0000][1][gc,heap      ] GC(106) CMS: 67039K->67039K(439104K)
[2020-09-11T13:52:49.887+0000][1][gc,metaspace ] GC(106) Metaspace: 80037K->80037K(1122304K)
[2020-09-11T13:52:49.887+0000][1][gc           ] GC(106) Pause Young (Allocation Failure) 132M->65M(503M) 3.974ms
[2020-09-11T13:52:49.887+0000][1][gc,cpu       ] GC(106) User=0.01s Sys=0.00s Real=0.01s
[2020-09-11T13:52:49.890+0000][1][safepoint    ] Safepoint "GenCollectForAllocation", Time since last: 40795 ns, Reaching safepoint: 91157 ns, At safepoint: 7087971 ns, Total: 7179128 ns
[2020-09-11T13:52:49.891+0000][1][safepoint    ] Safepoint "RevokeBias", Time since last: 368432 ns, Reaching safepoint: 499875 ns, At safepoint: 69319 ns, Total: 569194 ns
[2020-09-11T13:52:49.891+0000][1][safepoint    ] Safepoint "RevokeBias", Time since last: 98852 ns, Reaching safepoint: 182423 ns, At safepoint: 8072 ns, Total: 190495 ns
[2020-09-11T13:52:49.899+0000][1][safepoint    ] Safepoint "RevokeBias", Time since last: 6927355 ns, Reaching safepoint: 1595085 ns, At safepoint: 13310 ns, Total: 1608395 ns
[2020-09-11T13:52:49.900+0000][1][safepoint    ] Safepoint "RevokeBias", Time since last: 130205 ns, Reaching safepoint: 94770 ns, At safepoint: 7856 ns, Total: 102626 ns
[2020-09-11T13:52:49.900+0000][1][safepoint    ] Safepoint "RevokeBias", Time since last: 272613 ns, Reaching safepoint: 101296 ns, At safepoint: 7293 ns, Total: 108589 ns
[2020-09-11T13:52:49.900+0000][1][safepoint    ] Safepoint "RevokeBias", Time since last: 118367 ns, Reaching safepoint: 94659 ns, At safepoint: 35909 ns, Total: 130568 ns
[2020-09-11T13:52:49.901+0000][1][safepoint    ] Safepoint "RevokeBias", Time since last: 342758 ns, Reaching safepoint: 435959 ns, At safepoint: 14364 ns, Total: 450323 ns
[2020-09-11T13:52:49.902+0000][1][safepoint    ] Safepoint "RevokeBias", Time since last: 337585 ns, Reaching safepoint: 470324 ns, At safepoint: 7463 ns, Total: 477787 ns
[2020-09-11T13:52:49.905+0000][1][safepoint    ] Safepoint "RevokeBias", Time since last: 1257560 ns, Reaching safepoint: 1680534 ns, At safepoint: 11722 ns, Total: 1692256 ns
[2020-09-11T13:52:49.906+0000][1][safepoint    ] Safepoint "RevokeBias", Time since last: 354238 ns, Reaching safepoint: 489132 ns, At safepoint: 7039 ns, Total: 496171 ns
[2020-09-11T13:52:49.906+0000][1][safepoint    ] Safepoint "RevokeBias", Time since last: 294993 ns, Reaching safepoint: 352644 ns, At safepoint: 7094 ns, Total: 359738 ns
[2020-09-11T13:52:49.907+0000][1][safepoint    ] Safepoint "RevokeBias", Time since last: 51927 ns, Reaching safepoint: 178042 ns, At safepoint: 6785 ns, Total: 184827 ns
[2020-09-11T13:52:49.907+0000][1][safepoint    ] Safepoint "RevokeBias", Time since last: 48352 ns, Reaching safepoint: 91398 ns, At safepoint: 6486 ns, Total: 97884 ns
[2020-09-11T13:52:49.907+0000][1][safepoint    ] Safepoint "RevokeBias", Time since last: 78612 ns, Reaching safepoint: 366359 ns, At safepoint: 5793 ns, Total: 372152 ns
[2020-09-11T13:52:49.907+0000][1][safepoint    ] Safepoint "RevokeBias", Time since last: 56959 ns, Reaching safepoint: 90524 ns, At safepoint: 6809 ns, Total: 97333 ns
[2020-09-11T13:52:49.908+0000][1][safepoint    ] Safepoint "RevokeBias", Time since last: 210542 ns, Reaching safepoint: 565106 ns, At safepoint: 7105 ns, Total: 572211 ns
[2020-09-11T13:52:49.918+0000][1][safepoint    ] Safepoint "RevokeBias", Time since last: 9766810 ns, Reaching safepoint: 352778 ns, At safepoint: 14265 ns, Total: 367043 ns
[2020-09-11T13:52:49.924+0000][1][safepoint    ] Safepoint "RevokeBias", Time since last: 5393650 ns, Reaching safepoint: 270612 ns, At safepoint: 9201 ns, Total: 279813 ns
[2020-09-11T13:52:50.042+0000][1][safepoint    ] Safepoint "RevokeBias", Time since last: 117717042 ns, Reaching safepoint: 56120 ns, At safepoint: 9534 ns, Total: 65654 ns
[2020-09-11T13:52:50.043+0000][1][safepoint    ] Safepoint "RevokeBias", Time since last: 1434910 ns, Reaching safepoint: 31178 ns, At safepoint: 5754 ns, Total: 36932 ns
[2020-09-11T13:52:50.044+0000][1][safepoint    ] Safepoint "RevokeBias", Time since last: 534261 ns, Reaching safepoint: 23248 ns, At safepoint: 13435 ns, Total: 36683 ns
[2020-09-11T13:52:50.044+0000][1][safepoint    ] Safepoint "RevokeBias", Time since last: 51621 ns, Reaching safepoint: 17201 ns, At safepoint: 4273 ns, Total: 21474 ns
[2020-09-11T13:52:50.044+0000][1][safepoint    ] Safepoint "RevokeBias", Time since last: 34022 ns, Reaching safepoint: 16082 ns, At safepoint: 3978 ns, Total: 20060 ns
[2020-09-11T13:52:50.044+0000][1][safepoint    ] Safepoint "RevokeBias", Time since last: 102025 ns, Reaching safepoint: 16784 ns, At safepoint: 4115 ns, Total: 20899 ns
[2020-09-11T13:52:50.044+0000][1][safepoint    ] Safepoint "RevokeBias", Time since last: 32721 ns, Reaching safepoint: 15024 ns, At safepoint: 3779 ns, Total: 18803 ns
[2020-09-11T13:52:50.044+0000][1][safepoint    ] Safepoint "RevokeBias", Time since last: 102610 ns, Reaching safepoint: 18616 ns, At safepoint: 4354 ns, Total: 22970 ns
[2020-09-11T13:52:50.044+0000][1][safepoint    ] Safepoint "RevokeBias", Time since last: 29509 ns, Reaching safepoint: 15081 ns, At safepoint: 3803 ns, Total: 18884 ns
[2020-09-11T13:52:50.045+0000][1][safepoint    ] Safepoint "RevokeBias", Time since last: 350167 ns, Reaching safepoint: 18116 ns, At safepoint: 4504 ns, Total: 22620 ns
[2020-09-11T13:52:50.045+0000][1][safepoint    ] Safepoint "RevokeBias", Time since last: 301455 ns, Reaching safepoint: 16868 ns, At safepoint: 4419 ns, Total: 21287 ns
[2020-09-11T13:52:50.048+0000][1][safepoint    ] Safepoint "RevokeBias", Time since last: 2452919 ns, Reaching safepoint: 275751 ns, At safepoint: 9298 ns, Total: 285049 ns
[2020-09-11T13:52:50.048+0000][1][safepoint    ] Safepoint "RevokeBias", Time since last: 153709 ns, Reaching safepoint: 136046 ns, At safepoint: 6549 ns, Total: 142595 ns
[2020-09-11T13:52:50.048+0000][1][safepoint    ] Safepoint "RevokeBias", Time since last: 39116 ns, Reaching safepoint: 133485 ns, At safepoint: 5733 ns, Total: 139218 ns
[2020-09-11T13:52:50.048+0000][1][safepoint    ] Safepoint "RevokeBias", Time since last: 57094 ns, Reaching safepoint: 134220 ns, At safepoint: 5623 ns, Total: 139843 ns
[2020-09-11T13:52:50.049+0000][1][safepoint    ] Safepoint "RevokeBias", Time since last: 54676 ns, Reaching safepoint: 134359 ns, At safepoint: 5729 ns, Total: 140088 ns
[2020-09-11T13:52:50.049+0000][1][safepoint    ] Safepoint "RevokeBias", Time since last: 64083 ns, Reaching safepoint: 137407 ns, At safepoint: 5556 ns, Total: 142963 ns
[2020-09-11T13:52:50.052+0000][1][safepoint    ] Safepoint "RevokeBias", Time since last: 2888059 ns, Reaching safepoint: 318018 ns, At safepoint: 32826 ns, Total: 350844 ns
[2020-09-11T13:52:50.053+0000][1][safepoint    ] Safepoint "RevokeBias", Time since last: 1226441 ns, Reaching safepoint: 149209 ns, At safepoint: 26314 ns, Total: 175523 ns
[2020-09-11T13:52:50.054+0000][1][safepoint    ] Safepoint "RevokeBias", Time since last: 753372 ns, Reaching safepoint: 148100 ns, At safepoint: 24572 ns, Total: 172672 ns
[2020-09-11T13:52:50.056+0000][1][safepoint    ] Safepoint "RevokeBias", Time since last: 1806422 ns, Reaching safepoint: 126643 ns, At safepoint: 31589 ns, Total: 158232 ns
[2020-09-11T13:52:50.064+0000][1][safepoint    ] Safepoint "RevokeBias", Time since last: 8003470 ns, Reaching safepoint: 163806 ns, At safepoint: 24838 ns, Total: 188644 ns
[2020-09-11T13:52:50.066+0000][1][safepoint    ] Safepoint "RevokeBias", Time since last: 1055812 ns, Reaching safepoint: 122821 ns, At safepoint: 18911 ns, Total: 141732 ns
[2020-09-11T13:52:50.067+0000][1][safepoint    ] Safepoint "RevokeBias", Time since last: 852104 ns, Reaching safepoint: 110071 ns, At safepoint: 16573 ns, Total: 126644 ns
[2020-09-11T13:52:50.070+0000][1][safepoint    ] Safepoint "BulkRevokeBias", Time since last: 365108 ns, Reaching safepoint: 146887 ns, At safepoint: 3275505 ns, Total: 3422392 ns
[2020-09-11T13:52:50.074+0000][1][safepoint    ] Safepoint "RevokeBias", Time since last: 976479 ns, Reaching safepoint: 135275 ns, At safepoint: 2611261 ns, Total: 2746536 ns
[2020-09-11T13:52:50.075+0000][1][safepoint    ] Safepoint "RevokeBias", Time since last: 52865 ns, Reaching safepoint: 261425 ns, At safepoint: 12907 ns, Total: 274332 ns
[2020-09-11T13:52:50.078+0000][1][safepoint    ] Safepoint "RevokeBias", Time since last: 3370438 ns, Reaching safepoint: 130289 ns, At safepoint: 13090 ns, Total: 143379 ns
[2020-09-11T13:52:50.084+0000][1][safepoint    ] Safepoint "RevokeBias", Time since last: 5504510 ns, Reaching safepoint: 136645 ns, At safepoint: 27719 ns, Total: 164364 ns
[2020-09-11T13:52:50.100+0000][1][safepoint    ] Safepoint "RevokeBias", Time since last: 15726729 ns, Reaching safepoint: 123484 ns, At safepoint: 21153 ns, Total: 144637 ns
[2020-09-11T13:52:50.116+0000][1][safepoint    ] Safepoint "RevokeBias", Time since last: 15932656 ns, Reaching safepoint: 141524 ns, At safepoint: 65794 ns, Total: 207318 ns
[2020-09-11T13:52:50.159+0000][1][safepoint    ] Safepoint "RevokeBias", Time since last: 42682447 ns, Reaching safepoint: 133678 ns, At safepoint: 23892 ns, Total: 157570 ns
[2020-09-11T13:52:50.205+0000][1][safepoint    ] Safepoint "BulkRevokeBias", Time since last: 46161607 ns, Reaching safepoint: 124859 ns, At safepoint: 111955 ns, Total: 236814 ns
[2020-09-11T13:52:50.214+0000][1][safepoint    ] Safepoint "RevokeBias", Time since last: 8574013 ns, Reaching safepoint: 258021 ns, At safepoint: 10635 ns, Total: 268656 ns
[2020-09-11T13:52:50.252+0000][1][safepoint    ] Safepoint "RevokeBias", Time since last: 37646560 ns, Reaching safepoint: 125247 ns, At safepoint: 9585 ns, Total: 134832 ns
[2020-09-11T13:52:50.255+0000][1][safepoint    ] Safepoint "RevokeBias", Time since last: 644700 ns, Reaching safepoint: 3004575 ns, At safepoint: 9942 ns, Total: 3014517 ns
[2020-09-11T13:52:50.256+0000][1][safepoint    ] Safepoint "BulkRevokeBias", Time since last: 1008929 ns, Reaching safepoint: 102204 ns, At safepoint: 89235 ns, Total: 191439 ns
[2020-09-11T13:52:50.268+0000][1][safepoint    ] Safepoint "RevokeBias", Time since last: 11519244 ns, Reaching safepoint: 507503 ns, At safepoint: 8601 ns, Total: 516104 ns
[2020-09-11T13:52:50.283+0000][1][safepoint    ] Safepoint "RevokeBias", Time since last: 14026646 ns, Reaching safepoint: 101318 ns, At safepoint: 8816 ns, Total: 110134 ns
[2020-09-11T13:52:50.283+0000][1][safepoint    ] Safepoint "RevokeBias", Time since last: 228567 ns, Reaching safepoint: 82261 ns, At safepoint: 5126 ns, Total: 87387 ns
[2020-09-11T13:52:50.290+0000][1][safepoint    ] Safepoint "RevokeBias", Time since last: 4749406 ns, Reaching safepoint: 2417507 ns, At safepoint: 20469 ns, Total: 2437976 ns
[2020-09-11T13:52:50.302+0000][1][safepoint    ] Safepoint "RevokeBias", Time since last: 12098364 ns, Reaching safepoint: 99167 ns, At safepoint: 7346 ns, Total: 106513 ns
[2020-09-11T13:52:50.307+0000][1][gc,heap,exit ] Heap
[2020-09-11T13:52:50.307+0000][1][gc,heap,exit ]  par new generation   total 76672K, used 7500K [0x00000000e0000000, 0x00000000e5330000, 0x00000000e5330000)
[2020-09-11T13:52:50.307+0000][1][gc,heap,exit ]   eden space 68160K,  10% used [0x00000000e0000000, 0x00000000e07420c8, 0x00000000e4290000)
[2020-09-11T13:52:50.307+0000][1][gc,heap,exit ]   from space 8512K,   0% used [0x00000000e4290000, 0x00000000e42a0fe0, 0x00000000e4ae0000)
[2020-09-11T13:52:50.307+0000][1][gc,heap,exit ]   to   space 8512K,   0% used [0x00000000e4ae0000, 0x00000000e4ae0000, 0x00000000e5330000)
[2020-09-11T13:52:50.307+0000][1][gc,heap,exit ]  concurrent mark-sweep generation total 439104K, used 67039K [0x00000000e5330000, 0x0000000100000000, 0x0000000100000000)
[2020-09-11T13:52:50.307+0000][1][gc,heap,exit ]  Metaspace       used 80189K, capacity 86486K, committed 86740K, reserved 1122304K
[2020-09-11T13:52:50.307+0000][1][gc,heap,exit ]   class space    used 10714K, capacity 13277K, committed 13340K, reserved 1048576K
