[2020-09-11T12:01:39.873+0000][1][gc] Using Concurrent Mark Sweep
[2020-09-11T12:01:39.874+0000][1][gc,heap,coops] Heap address: 0x00000000e0000000, size: 512 MB, Compressed Oops mode: 32-bit
[2020-09-11T12:01:40.142+0000][1][safepoint    ] Safepoint "EnableBiasedLocking", Time since last: 237481618 ns, Reaching safepoint: 2621339 ns, At safepoint: 40947 ns, Total: 2662286 ns
[2020-09-11T12:01:40.156+0000][1][safepoint    ] Safepoint "RevokeBias", Time since last: 13051395 ns, Reaching safepoint: 531202 ns, At safepoint: 36288 ns, Total: 567490 ns
[2020-09-11T12:01:40.223+0000][1][safepoint    ] Safepoint "Deoptimize", Time since last: 64799280 ns, Reaching safepoint: 2550610 ns, At safepoint: 31586 ns, Total: 2582196 ns
[2020-09-11T12:01:40.882+0000][1][safepoint    ] Safepoint "RevokeBias", Time since last: 657470795 ns, Reaching safepoint: 1479695 ns, At safepoint: 47782 ns, Total: 1527477 ns
[2020-09-11T12:01:40.939+0000][1][safepoint    ] Safepoint "Deoptimize", Time since last: 50125407 ns, Reaching safepoint: 6832065 ns, At safepoint: 39168 ns, Total: 6871233 ns
[2020-09-11T12:01:40.951+0000][1][safepoint    ] Safepoint "Deoptimize", Time since last: 8841374 ns, Reaching safepoint: 3134012 ns, At safepoint: 45009 ns, Total: 3179021 ns
[2020-09-11T12:01:41.192+0000][1][safepoint    ] Safepoint "Deoptimize", Time since last: 235981455 ns, Reaching safepoint: 3981557 ns, At safepoint: 53342 ns, Total: 4034899 ns
[2020-09-11T12:01:42.198+0000][1][safepoint    ] Safepoint "Cleanup", Time since last: 1006470074 ns, Reaching safepoint: 144977 ns, At safepoint: 7818 ns, Total: 152795 ns
[2020-09-11T12:01:43.200+0000][1][safepoint    ] Safepoint "Cleanup", Time since last: 1001292222 ns, Reaching safepoint: 133974 ns, At safepoint: 5383 ns, Total: 139357 ns
[2020-09-11T12:01:43.843+0000][1][safepoint    ] Safepoint "Deoptimize", Time since last: 642799429 ns, Reaching safepoint: 114595 ns, At safepoint: 73427 ns, Total: 188022 ns
[2020-09-11T12:01:44.171+0000][1][safepoint    ] Safepoint "Deoptimize", Time since last: 326166258 ns, Reaching safepoint: 1912504 ns, At safepoint: 75693 ns, Total: 1988197 ns
[2020-09-11T12:01:44.889+0000][1][safepoint    ] Safepoint "Deoptimize", Time since last: 717723591 ns, Reaching safepoint: 108586 ns, At safepoint: 82910 ns, Total: 191496 ns
[2020-09-11T12:01:45.889+0000][1][safepoint    ] Safepoint "Cleanup", Time since last: 1000107619 ns, Reaching safepoint: 53255 ns, At safepoint: 4911 ns, Total: 58166 ns
[2020-09-11T12:01:46.134+0000][1][safepoint    ] Safepoint "Deoptimize", Time since last: 242657417 ns, Reaching safepoint: 2100969 ns, At safepoint: 97813 ns, Total: 2198782 ns
[2020-09-11T12:01:47.139+0000][1][safepoint    ] Safepoint "Cleanup", Time since last: 1005546819 ns, Reaching safepoint: 48962 ns, At safepoint: 4483 ns, Total: 53445 ns
[2020-09-11T12:01:47.719+0000][1][safepoint    ] Safepoint "Deoptimize", Time since last: 577663669 ns, Reaching safepoint: 2233620 ns, At safepoint: 110339 ns, Total: 2343959 ns
[2020-09-11T12:01:48.723+0000][1][safepoint    ] Safepoint "Cleanup", Time since last: 1000117183 ns, Reaching safepoint: 3305580 ns, At safepoint: 10833 ns, Total: 3316413 ns
[2020-09-11T12:01:49.677+0000][1][safepoint    ] Safepoint "Deoptimize", Time since last: 954328816 ns, Reaching safepoint: 121167 ns, At safepoint: 120675 ns, Total: 241842 ns
[2020-09-11T12:01:49.681+0000][1][safepoint    ] Safepoint "Deoptimize", Time since last: 3861580 ns, Reaching safepoint: 87172 ns, At safepoint: 116689 ns, Total: 203861 ns
[2020-09-11T12:01:50.000+0000][1][safepoint    ] Safepoint "Deoptimize", Time since last: 316882692 ns, Reaching safepoint: 1251498 ns, At safepoint: 129303 ns, Total: 1380801 ns
[2020-09-11T12:01:50.016+0000][1][safepoint    ] Safepoint "Deoptimize", Time since last: 11862034 ns, Reaching safepoint: 4001555 ns, At safepoint: 144205 ns, Total: 4145760 ns
[2020-09-11T12:01:50.078+0000][1][safepoint    ] Safepoint "RevokeBias", Time since last: 60832598 ns, Reaching safepoint: 1130846 ns, At safepoint: 45234 ns, Total: 1176080 ns
[2020-09-11T12:01:50.083+0000][1][safepoint    ] Safepoint "RevokeBias", Time since last: 5602905 ns, Reaching safepoint: 103427 ns, At safepoint: 43727 ns, Total: 147154 ns
[2020-09-11T12:01:50.084+0000][1][safepoint    ] Safepoint "RevokeBias", Time since last: 135803 ns, Reaching safepoint: 88055 ns, At safepoint: 34348 ns, Total: 122403 ns
[2020-09-11T12:01:50.092+0000][1][safepoint    ] Safepoint "RevokeBias", Time since last: 7830498 ns, Reaching safepoint: 159486 ns, At safepoint: 24610 ns, Total: 184096 ns
[2020-09-11T12:01:51.095+0000][1][safepoint    ] Safepoint "Cleanup", Time since last: 1003030407 ns, Reaching safepoint: 130327 ns, At safepoint: 5235 ns, Total: 135562 ns
[2020-09-11T12:01:52.113+0000][1][safepoint    ] Safepoint "Cleanup", Time since last: 1008629841 ns, Reaching safepoint: 9456403 ns, At safepoint: 13653 ns, Total: 9470056 ns
[2020-09-11T12:01:52.832+0000][1][gc,start     ] GC(0) Pause Young (Allocation Failure)
[2020-09-11T12:01:52.832+0000][1][gc,task      ] GC(0) Using 1 workers of 1 for evacuation
[2020-09-11T12:01:52.898+0000][1][gc,age       ] GC(0) Desired survivor size 4358144 bytes, new threshold 1 (max threshold 6)
[2020-09-11T12:01:52.898+0000][1][gc,age       ] GC(0) Age table with threshold 1 (max threshold 6)
[2020-09-11T12:01:52.898+0000][1][gc,age       ] GC(0) - age   1:    6455208 bytes,    6455208 total
[2020-09-11T12:01:52.898+0000][1][gc,heap      ] GC(0) ParNew: 68160K->6331K(76672K)
[2020-09-11T12:01:52.898+0000][1][gc,heap      ] GC(0) CMS: 0K->0K(439104K)
[2020-09-11T12:01:52.898+0000][1][gc,metaspace ] GC(0) Metaspace: 13640K->13640K(1060864K)
[2020-09-11T12:01:52.899+0000][1][gc           ] GC(0) Pause Young (Allocation Failure) 66M->6M(503M) 66.551ms
[2020-09-11T12:01:52.899+0000][1][gc,cpu       ] GC(0) User=0.02s Sys=0.00s Real=0.07s
[2020-09-11T12:01:52.919+0000][1][safepoint    ] Safepoint "GenCollectForAllocation", Time since last: 718952095 ns, Reaching safepoint: 105855 ns, At safepoint: 86950106 ns, Total: 87055961 ns
[2020-09-11T12:01:52.951+0000][1][safepoint    ] Safepoint "RevokeBias", Time since last: 30387534 ns, Reaching safepoint: 1229427 ns, At safepoint: 70833 ns, Total: 1300260 ns
[2020-09-11T12:01:52.951+0000][1][safepoint    ] Safepoint "RevokeBias", Time since last: 144096 ns, Reaching safepoint: 695022 ns, At safepoint: 33393 ns, Total: 728415 ns
[2020-09-11T12:01:52.953+0000][1][safepoint    ] Safepoint "RevokeBias", Time since last: 60144 ns, Reaching safepoint: 995736 ns, At safepoint: 33511 ns, Total: 1029247 ns
[2020-09-11T12:01:52.954+0000][1][safepoint    ] Safepoint "RevokeBias", Time since last: 38833 ns, Reaching safepoint: 1391900 ns, At safepoint: 44622 ns, Total: 1436522 ns
[2020-09-11T12:01:52.955+0000][1][safepoint    ] Safepoint "RevokeBias", Time since last: 63206 ns, Reaching safepoint: 1376209 ns, At safepoint: 39238 ns, Total: 1415447 ns
[2020-09-11T12:01:52.956+0000][1][safepoint    ] Safepoint "RevokeBias", Time since last: 42025 ns, Reaching safepoint: 851682 ns, At safepoint: 38176 ns, Total: 889858 ns
[2020-09-11T12:01:52.957+0000][1][safepoint    ] Safepoint "RevokeBias", Time since last: 52458 ns, Reaching safepoint: 492240 ns, At safepoint: 35561 ns, Total: 527801 ns
[2020-09-11T12:01:52.957+0000][1][safepoint    ] Safepoint "RevokeBias", Time since last: 35856 ns, Reaching safepoint: 121060 ns, At safepoint: 37529 ns, Total: 158589 ns
[2020-09-11T12:01:52.957+0000][1][safepoint    ] Safepoint "RevokeBias", Time since last: 44338 ns, Reaching safepoint: 168938 ns, At safepoint: 32208 ns, Total: 201146 ns
[2020-09-11T12:01:52.958+0000][1][safepoint    ] Safepoint "RevokeBias", Time since last: 31724 ns, Reaching safepoint: 406183 ns, At safepoint: 33247 ns, Total: 439430 ns
[2020-09-11T12:01:52.959+0000][1][safepoint    ] Safepoint "RevokeBias", Time since last: 45432 ns, Reaching safepoint: 1472938 ns, At safepoint: 39036 ns, Total: 1511974 ns
[2020-09-11T12:01:52.960+0000][1][safepoint    ] Safepoint "RevokeBias", Time since last: 38967 ns, Reaching safepoint: 572770 ns, At safepoint: 45511 ns, Total: 618281 ns
[2020-09-11T12:01:52.961+0000][1][safepoint    ] Safepoint "RevokeBias", Time since last: 44947 ns, Reaching safepoint: 315192 ns, At safepoint: 41807 ns, Total: 356999 ns
[2020-09-11T12:01:52.961+0000][1][safepoint    ] Safepoint "RevokeBias", Time since last: 43913 ns, Reaching safepoint: 460901 ns, At safepoint: 41812 ns, Total: 502713 ns
[2020-09-11T12:01:52.975+0000][1][safepoint    ] Safepoint "RevokeBias", Time since last: 70005 ns, Reaching safepoint: 2285908 ns, At safepoint: 11984372 ns, Total: 14270280 ns
[2020-09-11T12:01:52.976+0000][1][safepoint    ] Safepoint "RevokeBias", Time since last: 67220 ns, Reaching safepoint: 108387 ns, At safepoint: 50509 ns, Total: 158896 ns
[2020-09-11T12:01:52.976+0000][1][safepoint    ] Safepoint "RevokeBias", Time since last: 247223 ns, Reaching safepoint: 92249 ns, At safepoint: 36478 ns, Total: 128727 ns
[2020-09-11T12:01:52.976+0000][1][safepoint    ] Safepoint "RevokeBias", Time since last: 39910 ns, Reaching safepoint: 86052 ns, At safepoint: 33521 ns, Total: 119573 ns
[2020-09-11T12:01:52.976+0000][1][safepoint    ] Safepoint "RevokeBias", Time since last: 46305 ns, Reaching safepoint: 84186 ns, At safepoint: 31463 ns, Total: 115649 ns
[2020-09-11T12:01:52.981+0000][1][safepoint    ] Safepoint "RevokeBias", Time since last: 31513 ns, Reaching safepoint: 4350904 ns, At safepoint: 59112 ns, Total: 4410016 ns
[2020-09-11T12:01:52.981+0000][1][safepoint    ] Safepoint "RevokeBias", Time since last: 106505 ns, Reaching safepoint: 95425 ns, At safepoint: 37765 ns, Total: 133190 ns
[2020-09-11T12:01:52.981+0000][1][safepoint    ] Safepoint "RevokeBias", Time since last: 39984 ns, Reaching safepoint: 86461 ns, At safepoint: 33933 ns, Total: 120394 ns
[2020-09-11T12:01:52.981+0000][1][safepoint    ] Safepoint "RevokeBias", Time since last: 109938 ns, Reaching safepoint: 86391 ns, At safepoint: 31583 ns, Total: 117974 ns
[2020-09-11T12:01:52.982+0000][1][safepoint    ] Safepoint "RevokeBias", Time since last: 33179 ns, Reaching safepoint: 83990 ns, At safepoint: 30068 ns, Total: 114058 ns
[2020-09-11T12:01:52.992+0000][1][safepoint    ] Safepoint "RevokeBias", Time since last: 9870958 ns, Reaching safepoint: 108065 ns, At safepoint: 35162 ns, Total: 143227 ns
[2020-09-11T12:01:52.992+0000][1][safepoint    ] Safepoint "RevokeBias", Time since last: 573709 ns, Reaching safepoint: 89698 ns, At safepoint: 22131 ns, Total: 111829 ns
[2020-09-11T12:01:52.992+0000][1][safepoint    ] Safepoint "RevokeBias", Time since last: 68029 ns, Reaching safepoint: 82571 ns, At safepoint: 18882 ns, Total: 101453 ns
[2020-09-11T12:01:52.993+0000][1][safepoint    ] Safepoint "RevokeBias", Time since last: 32879 ns, Reaching safepoint: 79586 ns, At safepoint: 19599 ns, Total: 99185 ns
[2020-09-11T12:01:52.996+0000][1][safepoint    ] Safepoint "RevokeBias", Time since last: 2862888 ns, Reaching safepoint: 87898 ns, At safepoint: 24006 ns, Total: 111904 ns
[2020-09-11T12:01:52.996+0000][1][safepoint    ] Safepoint "RevokeBias", Time since last: 43803 ns, Reaching safepoint: 80651 ns, At safepoint: 19114 ns, Total: 99765 ns
[2020-09-11T12:01:52.996+0000][1][safepoint    ] Safepoint "RevokeBias", Time since last: 101534 ns, Reaching safepoint: 9125 ns, At safepoint: 9123 ns, Total: 18248 ns
[2020-09-11T12:01:52.999+0000][1][safepoint    ] Safepoint "RevokeBias", Time since last: 3656232 ns, Reaching safepoint: 19105 ns, At safepoint: 11910 ns, Total: 31015 ns
[2020-09-11T12:01:53.148+0000][1][safepoint    ] Safepoint "Deoptimize", Time since last: 148492578 ns, Reaching safepoint: 120054 ns, At safepoint: 183827 ns, Total: 303881 ns
[2020-09-11T12:01:54.163+0000][1][safepoint    ] Safepoint "Cleanup", Time since last: 1012388156 ns, Reaching safepoint: 2787123 ns, At safepoint: 12089 ns, Total: 2799212 ns
[2020-09-11T12:01:54.644+0000][1][safepoint    ] Safepoint "RevokeBias", Time since last: 479959385 ns, Reaching safepoint: 561621 ns, At safepoint: 44537 ns, Total: 606158 ns
[2020-09-11T12:01:55.653+0000][1][safepoint    ] Safepoint "Cleanup", Time since last: 1008739174 ns, Reaching safepoint: 57525 ns, At safepoint: 7436 ns, Total: 64961 ns
[2020-09-11T12:01:56.664+0000][1][safepoint    ] Safepoint "Cleanup", Time since last: 1010574206 ns, Reaching safepoint: 147684 ns, At safepoint: 9749 ns, Total: 157433 ns
[2020-09-11T12:01:56.668+0000][1][safepoint    ] Safepoint "Deoptimize", Time since last: 1988341 ns, Reaching safepoint: 1869882 ns, At safepoint: 183086 ns, Total: 2052968 ns
[2020-09-11T12:01:57.492+0000][1][safepoint    ] Safepoint "Deoptimize", Time since last: 824248664 ns, Reaching safepoint: 124680 ns, At safepoint: 181831 ns, Total: 306511 ns
[2020-09-11T12:01:57.545+0000][1][safepoint    ] Safepoint "Deoptimize", Time since last: 52324275 ns, Reaching safepoint: 110165 ns, At safepoint: 182923 ns, Total: 293088 ns
[2020-09-11T12:01:57.567+0000][1][gc,start     ] GC(1) Pause Young (Allocation Failure)
[2020-09-11T12:01:57.568+0000][1][gc,task      ] GC(1) Using 1 workers of 1 for evacuation
[2020-09-11T12:01:57.733+0000][1][gc,age       ] GC(1) Desired survivor size 4358144 bytes, new threshold 6 (max threshold 6)
[2020-09-11T12:01:57.733+0000][1][gc,age       ] GC(1) Age table with threshold 6 (max threshold 6)
[2020-09-11T12:01:57.733+0000][1][gc,age       ] GC(1) - age   1:    3967944 bytes,    3967944 total
[2020-09-11T12:01:57.733+0000][1][gc,heap      ] GC(1) ParNew: 74491K->4242K(76672K)
[2020-09-11T12:01:57.733+0000][1][gc,heap      ] GC(1) CMS: 0K->6839K(439104K)
[2020-09-11T12:01:57.733+0000][1][gc,metaspace ] GC(1) Metaspace: 19219K->19219K(1067008K)
[2020-09-11T12:01:57.733+0000][1][gc           ] GC(1) Pause Young (Allocation Failure) 72M->10M(503M) 165.564ms
[2020-09-11T12:01:57.733+0000][1][gc,cpu       ] GC(1) User=0.05s Sys=0.00s Real=0.16s
[2020-09-11T12:01:57.754+0000][1][safepoint    ] Safepoint "GenCollectForAllocation", Time since last: 18635007 ns, Reaching safepoint: 4006313 ns, At safepoint: 186096810 ns, Total: 190103123 ns
[2020-09-11T12:01:57.782+0000][1][safepoint    ] Safepoint "BulkRevokeBias", Time since last: 25893447 ns, Reaching safepoint: 2573649 ns, At safepoint: 151086 ns, Total: 2724735 ns
[2020-09-11T12:01:57.782+0000][1][safepoint    ] Safepoint "RevokeBias", Time since last: 130454 ns, Reaching safepoint: 88062 ns, At safepoint: 55344 ns, Total: 143406 ns
[2020-09-11T12:01:57.783+0000][1][safepoint    ] Safepoint "RevokeBias", Time since last: 46789 ns, Reaching safepoint: 83920 ns, At safepoint: 52951 ns, Total: 136871 ns
[2020-09-11T12:01:57.783+0000][1][safepoint    ] Safepoint "RevokeBias", Time since last: 38498 ns, Reaching safepoint: 83779 ns, At safepoint: 53238 ns, Total: 137017 ns
[2020-09-11T12:01:57.784+0000][1][safepoint    ] Safepoint "RevokeBias", Time since last: 32602 ns, Reaching safepoint: 89092 ns, At safepoint: 1025799 ns, Total: 1114891 ns
[2020-09-11T12:01:57.800+0000][1][safepoint    ] Safepoint "RevokeBias", Time since last: 16356390 ns, Reaching safepoint: 110922 ns, At safepoint: 80764 ns, Total: 191686 ns
[2020-09-11T12:01:57.812+0000][1][safepoint    ] Safepoint "RevokeBias", Time since last: 11372493 ns, Reaching safepoint: 111545 ns, At safepoint: 98077 ns, Total: 209622 ns
[2020-09-11T12:01:57.812+0000][1][safepoint    ] Safepoint "BulkRevokeBias", Time since last: 90855 ns, Reaching safepoint: 96536 ns, At safepoint: 131034 ns, Total: 227570 ns
[2020-09-11T12:01:57.813+0000][1][safepoint    ] Safepoint "BulkRevokeBias", Time since last: 58675 ns, Reaching safepoint: 89215 ns, At safepoint: 111216 ns, Total: 200431 ns
[2020-09-11T12:01:57.813+0000][1][safepoint    ] Safepoint "RevokeBias", Time since last: 95785 ns, Reaching safepoint: 95428 ns, At safepoint: 59403 ns, Total: 154831 ns
[2020-09-11T12:01:57.817+0000][1][safepoint    ] Safepoint "RevokeBias", Time since last: 4064361 ns, Reaching safepoint: 107170 ns, At safepoint: 57537 ns, Total: 164707 ns
[2020-09-11T12:01:57.817+0000][1][safepoint    ] Safepoint "RevokeBias", Time since last: 73127 ns, Reaching safepoint: 92327 ns, At safepoint: 47719 ns, Total: 140046 ns
[2020-09-11T12:01:57.840+0000][1][safepoint    ] Safepoint "RevokeBias", Time since last: 22245549 ns, Reaching safepoint: 113684 ns, At safepoint: 59539 ns, Total: 173223 ns
[2020-09-11T12:01:58.862+0000][1][safepoint    ] Safepoint "Cleanup", Time since last: 1009428072 ns, Reaching safepoint: 13116706 ns, At safepoint: 11953 ns, Total: 13128659 ns
[2020-09-11T12:01:59.030+0000][1][safepoint    ] Safepoint "Deoptimize", Time since last: 167204458 ns, Reaching safepoint: 72143 ns, At safepoint: 190790 ns, Total: 262933 ns
[2020-09-11T12:01:59.030+0000][1][safepoint    ] Safepoint "RevokeBias", Time since last: 601649 ns, Reaching safepoint: 82401 ns, At safepoint: 41503 ns, Total: 123904 ns
[2020-09-11T12:01:59.056+0000][1][safepoint    ] Safepoint "Deoptimize", Time since last: 24930938 ns, Reaching safepoint: 106047 ns, At safepoint: 200301 ns, Total: 306348 ns
[2020-09-11T12:02:00.058+0000][1][safepoint    ] Safepoint "Cleanup", Time since last: 1002194601 ns, Reaching safepoint: 115466 ns, At safepoint: 6014 ns, Total: 121480 ns
[2020-09-11T12:02:00.815+0000][1][gc,start     ] GC(2) Pause Young (Allocation Failure)
[2020-09-11T12:02:00.816+0000][1][gc,task      ] GC(2) Using 1 workers of 1 for evacuation
[2020-09-11T12:02:00.838+0000][1][gc,age       ] GC(2) Desired survivor size 4358144 bytes, new threshold 6 (max threshold 6)
[2020-09-11T12:02:00.838+0000][1][gc,age       ] GC(2) Age table with threshold 6 (max threshold 6)
[2020-09-11T12:02:00.838+0000][1][gc,age       ] GC(2) - age   1:     429264 bytes,     429264 total
[2020-09-11T12:02:00.838+0000][1][gc,age       ] GC(2) - age   2:    3878632 bytes,    4307896 total
[2020-09-11T12:02:00.838+0000][1][gc,heap      ] GC(2) ParNew: 72402K->7927K(76672K)
[2020-09-11T12:02:00.838+0000][1][gc,heap      ] GC(2) CMS: 6839K->6839K(439104K)
[2020-09-11T12:02:00.838+0000][1][gc,metaspace ] GC(2) Metaspace: 20173K->20173K(1067008K)
[2020-09-11T12:02:00.838+0000][1][gc           ] GC(2) Pause Young (Allocation Failure) 77M->14M(503M) 22.827ms
[2020-09-11T12:02:00.838+0000][1][gc,cpu       ] GC(2) User=0.01s Sys=0.00s Real=0.02s
[2020-09-11T12:02:00.867+0000][1][safepoint    ] Safepoint "GenCollectForAllocation", Time since last: 753386997 ns, Reaching safepoint: 4024059 ns, At safepoint: 51975411 ns, Total: 55999470 ns
[2020-09-11T12:02:00.909+0000][1][safepoint    ] Safepoint "RevokeBias", Time since last: 27980084 ns, Reaching safepoint: 13102668 ns, At safepoint: 47016 ns, Total: 13149684 ns
[2020-09-11T12:02:00.911+0000][1][safepoint    ] Safepoint "RevokeBias", Time since last: 84179 ns, Reaching safepoint: 2780601 ns, At safepoint: 38621 ns, Total: 2819222 ns
[2020-09-11T12:02:00.912+0000][1][safepoint    ] Safepoint "RevokeBias", Time since last: 61043 ns, Reaching safepoint: 80316 ns, At safepoint: 26901 ns, Total: 107217 ns
[2020-09-11T12:02:00.912+0000][1][safepoint    ] Safepoint "RevokeBias", Time since last: 33469 ns, Reaching safepoint: 78426 ns, At safepoint: 25015 ns, Total: 103441 ns
[2020-09-11T12:02:00.915+0000][1][safepoint    ] Safepoint "RevokeBias", Time since last: 585725 ns, Reaching safepoint: 3077638 ns, At safepoint: 42439 ns, Total: 3120077 ns
[2020-09-11T12:02:00.916+0000][1][safepoint    ] Safepoint "RevokeBias", Time since last: 53282 ns, Reaching safepoint: 82606 ns, At safepoint: 21478 ns, Total: 104084 ns
[2020-09-11T12:02:01.916+0000][1][safepoint    ] Safepoint "Cleanup", Time since last: 1000075291 ns, Reaching safepoint: 111937 ns, At safepoint: 6138 ns, Total: 118075 ns
[2020-09-11T12:02:01.951+0000][1][gc,start     ] GC(3) Pause Young (Allocation Failure)
[2020-09-11T12:02:01.951+0000][1][gc,task      ] GC(3) Using 1 workers of 1 for evacuation
[2020-09-11T12:02:01.998+0000][1][gc,age       ] GC(3) Desired survivor size 4358144 bytes, new threshold 3 (max threshold 6)
[2020-09-11T12:02:01.999+0000][1][gc,age       ] GC(3) Age table with threshold 3 (max threshold 6)
[2020-09-11T12:02:01.999+0000][1][gc,age       ] GC(3) - age   1:    1777464 bytes,    1777464 total
[2020-09-11T12:02:01.999+0000][1][gc,age       ] GC(3) - age   2:     400552 bytes,    2178016 total
[2020-09-11T12:02:01.999+0000][1][gc,age       ] GC(3) - age   3:    3878616 bytes,    6056632 total
[2020-09-11T12:02:01.999+0000][1][gc,heap      ] GC(3) ParNew: 76087K->7695K(76672K)
[2020-09-11T12:02:01.999+0000][1][gc,heap      ] GC(3) CMS: 6839K->6839K(439104K)
[2020-09-11T12:02:01.999+0000][1][gc,metaspace ] GC(3) Metaspace: 20283K->20283K(1067008K)
[2020-09-11T12:02:01.999+0000][1][gc           ] GC(3) Pause Young (Allocation Failure) 80M->14M(503M) 47.738ms
[2020-09-11T12:02:01.999+0000][1][gc,cpu       ] GC(3) User=0.01s Sys=0.00s Real=0.05s
[2020-09-11T12:02:02.031+0000][1][safepoint    ] Safepoint "GenCollectForAllocation", Time since last: 34920957 ns, Reaching safepoint: 100503 ns, At safepoint: 80623039 ns, Total: 80723542 ns
[2020-09-11T12:02:02.060+0000][1][safepoint    ] Safepoint "RevokeBias", Time since last: 27965265 ns, Reaching safepoint: 1019396 ns, At safepoint: 31963 ns, Total: 1051359 ns
[2020-09-11T12:02:02.063+0000][1][safepoint    ] Safepoint "RevokeBias", Time since last: 441579 ns, Reaching safepoint: 2490936 ns, At safepoint: 31156 ns, Total: 2522092 ns
[2020-09-11T12:02:02.068+0000][1][safepoint    ] Safepoint "RevokeBias", Time since last: 61298 ns, Reaching safepoint: 3961834 ns, At safepoint: 54382 ns, Total: 4016216 ns
[2020-09-11T12:02:02.071+0000][1][safepoint    ] Safepoint "RevokeBias", Time since last: 68237 ns, Reaching safepoint: 3612989 ns, At safepoint: 43376 ns, Total: 3656365 ns
[2020-09-11T12:02:02.072+0000][1][safepoint    ] Safepoint "RevokeBias", Time since last: 158434 ns, Reaching safepoint: 83350 ns, At safepoint: 32812 ns, Total: 116162 ns
[2020-09-11T12:02:02.072+0000][1][safepoint    ] Safepoint "RevokeBias", Time since last: 27079 ns, Reaching safepoint: 80085 ns, At safepoint: 23948 ns, Total: 104033 ns
[2020-09-11T12:02:02.072+0000][1][safepoint    ] Safepoint "RevokeBias", Time since last: 29205 ns, Reaching safepoint: 81247 ns, At safepoint: 33942 ns, Total: 115189 ns
[2020-09-11T12:02:02.072+0000][1][safepoint    ] Safepoint "RevokeBias", Time since last: 23834 ns, Reaching safepoint: 81781 ns, At safepoint: 34872 ns, Total: 116653 ns
[2020-09-11T12:02:02.820+0000][1][safepoint    ] Safepoint "CollectForMetadataAllocation", Time since last: 747481060 ns, Reaching safepoint: 116476 ns, At safepoint: 74868 ns, Total: 191344 ns
[2020-09-11T12:02:02.944+0000][1][safepoint    ] Safepoint "BulkRevokeBias", Time since last: 124034201 ns, Reaching safepoint: 98966 ns, At safepoint: 50339 ns, Total: 149305 ns
[2020-09-11T12:02:03.156+0000][1][safepoint    ] Safepoint "CollectForMetadataAllocation", Time since last: 211631057 ns, Reaching safepoint: 122415 ns, At safepoint: 115934 ns, Total: 238349 ns
[2020-09-11T12:02:03.309+0000][1][gc,start     ] GC(4) Pause Young (Allocation Failure)
[2020-09-11T12:02:03.309+0000][1][gc,task      ] GC(4) Using 1 workers of 1 for evacuation
[2020-09-11T12:02:03.361+0000][1][gc,age       ] GC(4) Desired survivor size 4358144 bytes, new threshold 6 (max threshold 6)
[2020-09-11T12:02:03.361+0000][1][gc,age       ] GC(4) Age table with threshold 6 (max threshold 6)
[2020-09-11T12:02:03.361+0000][1][gc,age       ] GC(4) - age   1:    1835488 bytes,    1835488 total
[2020-09-11T12:02:03.361+0000][1][gc,age       ] GC(4) - age   2:     319680 bytes,    2155168 total
[2020-09-11T12:02:03.361+0000][1][gc,age       ] GC(4) - age   3:     400456 bytes,    2555624 total
[2020-09-11T12:02:03.361+0000][1][gc,heap      ] GC(4) ParNew: 75855K->5077K(76672K)
[2020-09-11T12:02:03.361+0000][1][gc,heap      ] GC(4) CMS: 6839K->10656K(439104K)
[2020-09-11T12:02:03.361+0000][1][gc,metaspace ] GC(4) Metaspace: 20841K->20841K(1069056K)
[2020-09-11T12:02:03.361+0000][1][gc           ] GC(4) Pause Young (Allocation Failure) 80M->15M(503M) 51.551ms
[2020-09-11T12:02:03.361+0000][1][gc,cpu       ] GC(4) User=0.02s Sys=0.00s Real=0.05s
[2020-09-11T12:02:03.391+0000][1][safepoint    ] Safepoint "GenCollectForAllocation", Time since last: 153381859 ns, Reaching safepoint: 98347 ns, At safepoint: 82313605 ns, Total: 82411952 ns
[2020-09-11T12:02:03.420+0000][1][gc,start     ] GC(5) Pause Initial Mark
[2020-09-11T12:02:03.433+0000][1][gc           ] GC(5) Pause Initial Mark 22M->22M(503M) 12.278ms
[2020-09-11T12:02:03.433+0000][1][gc,cpu       ] GC(5) User=0.00s Sys=0.00s Real=0.01s
[2020-09-11T12:02:03.433+0000][1][safepoint    ] Safepoint "BulkRevokeBias", Time since last: 28706668 ns, Reaching safepoint: 99393 ns, At safepoint: 12446136 ns, Total: 12545529 ns
[2020-09-11T12:02:03.448+0000][1][gc           ] GC(5) Concurrent Mark
[2020-09-11T12:02:03.480+0000][1][safepoint    ] Safepoint "RevokeBias", Time since last: 30740759 ns, Reaching safepoint: 16090324 ns, At safepoint: 52975 ns, Total: 16143299 ns
[2020-09-11T12:02:03.528+0000][1][safepoint    ] Safepoint "RevokeBias", Time since last: 15765174 ns, Reaching safepoint: 32151101 ns, At safepoint: 30163 ns, Total: 32181264 ns
[2020-09-11T12:02:03.552+0000][1][gc           ] GC(5) Concurrent Mark 104.363ms
[2020-09-11T12:02:03.552+0000][1][gc,cpu       ] GC(5) User=0.02s Sys=0.00s Real=0.10s
[2020-09-11T12:02:03.561+0000][1][safepoint    ] Safepoint "RevokeBias", Time since last: 7906550 ns, Reaching safepoint: 25034759 ns, At safepoint: 31550 ns, Total: 25066309 ns
[2020-09-11T12:02:03.562+0000][1][gc           ] GC(5) Concurrent Preclean
[2020-09-11T12:02:03.562+0000][1][gc           ] GC(5) Concurrent Preclean 0.610ms
[2020-09-11T12:02:03.562+0000][1][gc,cpu       ] GC(5) User=0.00s Sys=0.00s Real=0.00s
[2020-09-11T12:02:03.562+0000][1][gc           ] GC(5) Concurrent Abortable Preclean
[2020-09-11T12:02:03.576+0000][1][safepoint    ] Safepoint "RevokeBias", Time since last: 14951862 ns, Reaching safepoint: 114854 ns, At safepoint: 26437 ns, Total: 141291 ns
[2020-09-11T12:02:03.576+0000][1][safepoint    ] Safepoint "RevokeBias", Time since last: 50250 ns, Reaching safepoint: 77129 ns, At safepoint: 15412 ns, Total: 92541 ns
[2020-09-11T12:02:04.088+0000][1][safepoint    ] Safepoint "Deoptimize", Time since last: 511664625 ns, Reaching safepoint: 102622 ns, At safepoint: 201243 ns, Total: 303865 ns
[2020-09-11T12:02:04.552+0000][1][safepoint    ] Safepoint "CollectForMetadataAllocation", Time since last: 463696917 ns, Reaching safepoint: 111094 ns, At safepoint: 132453 ns, Total: 243547 ns
[2020-09-11T12:02:04.584+0000][1][safepoint    ] Safepoint "Deoptimize", Time since last: 23748721 ns, Reaching safepoint: 8112918 ns, At safepoint: 222191 ns, Total: 8335109 ns
[2020-09-11T12:02:04.892+0000][1][gc,start     ] GC(6) Pause Young (Allocation Failure)
[2020-09-11T12:02:04.892+0000][1][gc,task      ] GC(6) Using 1 workers of 1 for evacuation
[2020-09-11T12:02:04.949+0000][1][gc,age       ] GC(6) Desired survivor size 4358144 bytes, new threshold 6 (max threshold 6)
[2020-09-11T12:02:04.949+0000][1][gc,age       ] GC(6) Age table with threshold 6 (max threshold 6)
[2020-09-11T12:02:04.949+0000][1][gc,age       ] GC(6) - age   1:    2297568 bytes,    2297568 total
[2020-09-11T12:02:04.949+0000][1][gc,age       ] GC(6) - age   2:    1253000 bytes,    3550568 total
[2020-09-11T12:02:04.949+0000][1][gc,age       ] GC(6) - age   3:     319680 bytes,    3870248 total
[2020-09-11T12:02:04.949+0000][1][gc,age       ] GC(6) - age   4:     400424 bytes,    4270672 total
[2020-09-11T12:02:04.949+0000][1][gc,heap      ] GC(6) ParNew: 73237K->4410K(76672K)
[2020-09-11T12:02:04.949+0000][1][gc,heap      ] GC(6) CMS: 10656K->10656K(439104K)
[2020-09-11T12:02:04.949+0000][1][gc,metaspace ] GC(6) Metaspace: 21149K->21149K(1069056K)
[2020-09-11T12:02:04.949+0000][1][gc           ] GC(6) Pause Young (Allocation Failure) 81M->14M(503M) 57.074ms
[2020-09-11T12:02:04.949+0000][1][gc,cpu       ] GC(6) User=0.02s Sys=0.00s Real=0.06s
[2020-09-11T12:02:04.979+0000][1][safepoint    ] Safepoint "GenCollectForAllocation", Time since last: 308514220 ns, Reaching safepoint: 104013 ns, At safepoint: 87064542 ns, Total: 87168555 ns
[2020-09-11T12:02:05.008+0000][1][safepoint    ] Safepoint "RevokeBias", Time since last: 28525545 ns, Reaching safepoint: 113525 ns, At safepoint: 33878 ns, Total: 147403 ns
[2020-09-11T12:02:05.008+0000][1][safepoint    ] Safepoint "RevokeBias", Time since last: 51378 ns, Reaching safepoint: 79851 ns, At safepoint: 24464 ns, Total: 104315 ns
[2020-09-11T12:02:05.008+0000][1][safepoint    ] Safepoint "RevokeBias", Time since last: 53409 ns, Reaching safepoint: 79179 ns, At safepoint: 27054 ns, Total: 106233 ns
[2020-09-11T12:02:05.009+0000][1][safepoint    ] Safepoint "RevokeBias", Time since last: 24449 ns, Reaching safepoint: 77703 ns, At safepoint: 26579 ns, Total: 104282 ns
[2020-09-11T12:02:05.009+0000][1][safepoint    ] Safepoint "RevokeBias", Time since last: 28666 ns, Reaching safepoint: 78056 ns, At safepoint: 25621 ns, Total: 103677 ns
[2020-09-11T12:02:05.009+0000][1][safepoint    ] Safepoint "RevokeBias", Time since last: 23394 ns, Reaching safepoint: 77036 ns, At safepoint: 24757 ns, Total: 101793 ns
[2020-09-11T12:02:05.787+0000][1][gc           ] GC(5) Concurrent Abortable Preclean 2225.305ms
[2020-09-11T12:02:05.787+0000][1][gc,cpu       ] GC(5) User=0.54s Sys=0.02s Real=2.23s
[2020-09-11T12:02:05.789+0000][1][gc,start     ] GC(5) Pause Remark
[2020-09-11T12:02:05.866+0000][1][gc           ] GC(5) Pause Remark 63M->63M(503M) 77.208ms
[2020-09-11T12:02:05.866+0000][1][gc,cpu       ] GC(5) User=0.02s Sys=0.00s Real=0.08s
[2020-09-11T12:02:05.911+0000][1][safepoint    ] Safepoint "CMS_Final_Remark", Time since last: 778715876 ns, Reaching safepoint: 1072472 ns, At safepoint: 122821653 ns, Total: 123894125 ns
[2020-09-11T12:02:05.911+0000][1][gc           ] GC(5) Concurrent Sweep
[2020-09-11T12:02:05.914+0000][1][gc           ] GC(5) Concurrent Sweep 2.698ms
[2020-09-11T12:02:05.914+0000][1][gc,cpu       ] GC(5) User=0.00s Sys=0.00s Real=0.00s
[2020-09-11T12:02:05.914+0000][1][gc           ] GC(5) Concurrent Reset
[2020-09-11T12:02:05.915+0000][1][gc           ] GC(5) Concurrent Reset 0.642ms
[2020-09-11T12:02:05.915+0000][1][gc,cpu       ] GC(5) User=0.00s Sys=0.00s Real=0.00s
[2020-09-11T12:02:05.915+0000][1][gc,heap      ] GC(5) Old: 10656K->10656K(439104K)
[2020-09-11T12:02:06.148+0000][1][gc,start     ] GC(7) Pause Young (Allocation Failure)
[2020-09-11T12:02:06.148+0000][1][gc,task      ] GC(7) Using 1 workers of 1 for evacuation
[2020-09-11T12:02:06.182+0000][1][gc,age       ] GC(7) Desired survivor size 4358144 bytes, new threshold 5 (max threshold 6)
[2020-09-11T12:02:06.182+0000][1][gc,age       ] GC(7) Age table with threshold 5 (max threshold 6)
[2020-09-11T12:02:06.182+0000][1][gc,age       ] GC(7) - age   1:     995824 bytes,     995824 total
[2020-09-11T12:02:06.182+0000][1][gc,age       ] GC(7) - age   2:    1525920 bytes,    2521744 total
[2020-09-11T12:02:06.182+0000][1][gc,age       ] GC(7) - age   3:    1251112 bytes,    3772856 total
[2020-09-11T12:02:06.182+0000][1][gc,age       ] GC(7) - age   4:     319680 bytes,    4092536 total
[2020-09-11T12:02:06.182+0000][1][gc,age       ] GC(7) - age   5:     399952 bytes,    4492488 total
[2020-09-11T12:02:06.182+0000][1][gc,heap      ] GC(7) ParNew: 72570K->7358K(76672K)
[2020-09-11T12:02:06.182+0000][1][gc,heap      ] GC(7) CMS: 10656K->10656K(439104K)
[2020-09-11T12:02:06.182+0000][1][gc,metaspace ] GC(7) Metaspace: 21252K->21252K(1069056K)
[2020-09-11T12:02:06.182+0000][1][gc           ] GC(7) Pause Young (Allocation Failure) 81M->17M(503M) 34.099ms
[2020-09-11T12:02:06.182+0000][1][gc,cpu       ] GC(7) User=0.01s Sys=0.00s Real=0.03s
[2020-09-11T12:02:06.206+0000][1][safepoint    ] Safepoint "GenCollectForAllocation", Time since last: 236022849 ns, Reaching safepoint: 430650 ns, At safepoint: 57846842 ns, Total: 58277492 ns
[2020-09-11T12:02:06.232+0000][1][safepoint    ] Safepoint "RevokeBias", Time since last: 25701265 ns, Reaching safepoint: 371211 ns, At safepoint: 51468 ns, Total: 422679 ns
[2020-09-11T12:02:06.232+0000][1][safepoint    ] Safepoint "RevokeBias", Time since last: 67784 ns, Reaching safepoint: 77937 ns, At safepoint: 29597 ns, Total: 107534 ns
[2020-09-11T12:02:06.232+0000][1][safepoint    ] Safepoint "RevokeBias", Time since last: 49265 ns, Reaching safepoint: 77191 ns, At safepoint: 16770 ns, Total: 93961 ns
[2020-09-11T12:02:06.232+0000][1][safepoint    ] Safepoint "RevokeBias", Time since last: 27875 ns, Reaching safepoint: 76529 ns, At safepoint: 19758 ns, Total: 96287 ns
[2020-09-11T12:02:07.072+0000][1][gc,start     ] GC(8) Pause Young (Allocation Failure)
[2020-09-11T12:02:07.072+0000][1][gc,task      ] GC(8) Using 1 workers of 1 for evacuation
[2020-09-11T12:02:07.105+0000][1][gc,age       ] GC(8) Desired survivor size 4358144 bytes, new threshold 4 (max threshold 6)
[2020-09-11T12:02:07.105+0000][1][gc,age       ] GC(8) Age table with threshold 4 (max threshold 6)
[2020-09-11T12:02:07.105+0000][1][gc,age       ] GC(8) - age   1:    2311688 bytes,    2311688 total
[2020-09-11T12:02:07.105+0000][1][gc,age       ] GC(8) - age   2:     447160 bytes,    2758848 total
[2020-09-11T12:02:07.105+0000][1][gc,age       ] GC(8) - age   3:    1523984 bytes,    4282832 total
[2020-09-11T12:02:07.105+0000][1][gc,age       ] GC(8) - age   4:    1250328 bytes,    5533160 total
[2020-09-11T12:02:07.105+0000][1][gc,age       ] GC(8) - age   5:     319616 bytes,    5852776 total
[2020-09-11T12:02:07.105+0000][1][gc,heap      ] GC(8) ParNew: 75518K->7695K(76672K)
[2020-09-11T12:02:07.105+0000][1][gc,heap      ] GC(8) CMS: 10656K->11049K(439104K)
[2020-09-11T12:02:07.105+0000][1][gc,metaspace ] GC(8) Metaspace: 21432K->21432K(1069056K)
[2020-09-11T12:02:07.105+0000][1][gc           ] GC(8) Pause Young (Allocation Failure) 84M->18M(503M) 33.981ms
[2020-09-11T12:02:07.106+0000][1][gc,cpu       ] GC(8) User=0.02s Sys=0.00s Real=0.04s
[2020-09-11T12:02:07.127+0000][1][safepoint    ] Safepoint "GenCollectForAllocation", Time since last: 834068049 ns, Reaching safepoint: 5144075 ns, At safepoint: 55947097 ns, Total: 61091172 ns
[2020-09-11T12:02:07.144+0000][1][safepoint    ] Safepoint "RevokeBias", Time since last: 16056366 ns, Reaching safepoint: 31482 ns, At safepoint: 38854 ns, Total: 70336 ns
[2020-09-11T12:02:07.144+0000][1][safepoint    ] Safepoint "RevokeBias", Time since last: 46757 ns, Reaching safepoint: 8875 ns, At safepoint: 21818 ns, Total: 30693 ns
[2020-09-11T12:02:07.144+0000][1][safepoint    ] Safepoint "RevokeBias", Time since last: 32286 ns, Reaching safepoint: 8586 ns, At safepoint: 21071 ns, Total: 29657 ns
[2020-09-11T12:02:07.144+0000][1][safepoint    ] Safepoint "RevokeBias", Time since last: 21565 ns, Reaching safepoint: 7384 ns, At safepoint: 20455 ns, Total: 27839 ns
[2020-09-11T12:02:07.917+0000][1][gc,start     ] GC(9) Pause Young (Allocation Failure)
[2020-09-11T12:02:07.917+0000][1][gc,task      ] GC(9) Using 1 workers of 1 for evacuation
[2020-09-11T12:02:07.984+0000][1][gc,age       ] GC(9) Desired survivor size 4358144 bytes, new threshold 6 (max threshold 6)
[2020-09-11T12:02:07.984+0000][1][gc,age       ] GC(9) Age table with threshold 6 (max threshold 6)
[2020-09-11T12:02:07.984+0000][1][gc,age       ] GC(9) - age   1:     364760 bytes,     364760 total
[2020-09-11T12:02:07.984+0000][1][gc,age       ] GC(9) - age   2:     829304 bytes,    1194064 total
[2020-09-11T12:02:07.984+0000][1][gc,age       ] GC(9) - age   3:     447080 bytes,    1641144 total
[2020-09-11T12:02:07.984+0000][1][gc,age       ] GC(9) - age   4:    1523984 bytes,    3165128 total
[2020-09-11T12:02:07.984+0000][1][gc,heap      ] GC(9) ParNew: 75855K->4927K(76672K)
[2020-09-11T12:02:07.984+0000][1][gc,heap      ] GC(9) CMS: 11049K->12601K(439104K)
[2020-09-11T12:02:07.984+0000][1][gc,metaspace ] GC(9) Metaspace: 21544K->21544K(1069056K)
[2020-09-11T12:02:07.984+0000][1][gc           ] GC(9) Pause Young (Allocation Failure) 84M->17M(503M) 67.254ms
[2020-09-11T12:02:07.984+0000][1][gc,cpu       ] GC(9) User=0.02s Sys=0.00s Real=0.07s
[2020-09-11T12:02:07.984+0000][1][safepoint    ] Safepoint "GenCollectForAllocation", Time since last: 772904337 ns, Reaching safepoint: 119119 ns, At safepoint: 67317034 ns, Total: 67436153 ns
[2020-09-11T12:02:08.000+0000][1][safepoint    ] Safepoint "RevokeBias", Time since last: 15384685 ns, Reaching safepoint: 104257 ns, At safepoint: 52295 ns, Total: 156552 ns
[2020-09-11T12:02:08.000+0000][1][safepoint    ] Safepoint "RevokeBias", Time since last: 54482 ns, Reaching safepoint: 79854 ns, At safepoint: 33519 ns, Total: 113373 ns
[2020-09-11T12:02:08.000+0000][1][safepoint    ] Safepoint "RevokeBias", Time since last: 49284 ns, Reaching safepoint: 79515 ns, At safepoint: 31525 ns, Total: 111040 ns
[2020-09-11T12:02:08.000+0000][1][safepoint    ] Safepoint "RevokeBias", Time since last: 25452 ns, Reaching safepoint: 78470 ns, At safepoint: 29940 ns, Total: 108410 ns
[2020-09-11T12:02:08.001+0000][1][safepoint    ] Safepoint "RevokeBias", Time since last: 29238 ns, Reaching safepoint: 78869 ns, At safepoint: 910053 ns, Total: 988922 ns
[2020-09-11T12:02:08.001+0000][1][safepoint    ] Safepoint "RevokeBias", Time since last: 31693 ns, Reaching safepoint: 85920 ns, At safepoint: 47879 ns, Total: 133799 ns
[2020-09-11T12:02:08.183+0000][1][safepoint    ] Safepoint "RevokeBias", Time since last: 178139400 ns, Reaching safepoint: 4017357 ns, At safepoint: 24535 ns, Total: 4041892 ns
[2020-09-11T12:02:08.199+0000][1][safepoint    ] Safepoint "RevokeBias", Time since last: 11973660 ns, Reaching safepoint: 3995264 ns, At safepoint: 20370 ns, Total: 4015634 ns
[2020-09-11T12:02:08.755+0000][1][gc,start     ] GC(10) Pause Young (Allocation Failure)
[2020-09-11T12:02:08.755+0000][1][gc,task      ] GC(10) Using 1 workers of 1 for evacuation
[2020-09-11T12:02:08.774+0000][1][gc,age       ] GC(10) Desired survivor size 4358144 bytes, new threshold 6 (max threshold 6)
[2020-09-11T12:02:08.774+0000][1][gc,age       ] GC(10) Age table with threshold 6 (max threshold 6)
[2020-09-11T12:02:08.774+0000][1][gc,age       ] GC(10) - age   1:     672248 bytes,     672248 total
[2020-09-11T12:02:08.774+0000][1][gc,age       ] GC(10) - age   2:     147024 bytes,     819272 total
[2020-09-11T12:02:08.774+0000][1][gc,age       ] GC(10) - age   3:     829304 bytes,    1648576 total
[2020-09-11T12:02:08.774+0000][1][gc,age       ] GC(10) - age   4:     447056 bytes,    2095632 total
[2020-09-11T12:02:08.774+0000][1][gc,age       ] GC(10) - age   5:    1523984 bytes,    3619616 total
[2020-09-11T12:02:08.774+0000][1][gc,heap      ] GC(10) ParNew: 73087K->3550K(76672K)
[2020-09-11T12:02:08.774+0000][1][gc,heap      ] GC(10) CMS: 12601K->12601K(439104K)
[2020-09-11T12:02:08.774+0000][1][gc,metaspace ] GC(10) Metaspace: 21681K->21681K(1069056K)
[2020-09-11T12:02:08.774+0000][1][gc           ] GC(10) Pause Young (Allocation Failure) 83M->15M(503M) 19.087ms
[2020-09-11T12:02:08.774+0000][1][gc,cpu       ] GC(10) User=0.00s Sys=0.00s Real=0.02s
[2020-09-11T12:02:08.799+0000][1][safepoint    ] Safepoint "GenCollectForAllocation", Time since last: 554960646 ns, Reaching safepoint: 118428 ns, At safepoint: 44934481 ns, Total: 45052909 ns
[2020-09-11T12:02:08.824+0000][1][safepoint    ] Safepoint "BulkRevokeBias", Time since last: 16049139 ns, Reaching safepoint: 7930335 ns, At safepoint: 83894 ns, Total: 8014229 ns
[2020-09-11T12:02:08.828+0000][1][safepoint    ] Safepoint "BulkRevokeBias", Time since last: 59822 ns, Reaching safepoint: 3856785 ns, At safepoint: 68489 ns, Total: 3925274 ns
[2020-09-11T12:02:09.832+0000][1][safepoint    ] Safepoint "Cleanup", Time since last: 1003905468 ns, Reaching safepoint: 109486 ns, At safepoint: 6795 ns, Total: 116281 ns
[2020-09-11T12:02:09.872+0000][1][gc,start     ] GC(11) Pause Young (Allocation Failure)
[2020-09-11T12:02:09.873+0000][1][gc,task      ] GC(11) Using 1 workers of 1 for evacuation
[2020-09-11T12:02:09.946+0000][1][gc,age       ] GC(11) Desired survivor size 4358144 bytes, new threshold 6 (max threshold 6)
[2020-09-11T12:02:09.947+0000][1][gc,age       ] GC(11) Age table with threshold 6 (max threshold 6)
[2020-09-11T12:02:09.947+0000][1][gc,age       ] GC(11) - age   1:    2464824 bytes,    2464824 total
[2020-09-11T12:02:09.947+0000][1][gc,age       ] GC(11) - age   2:     403440 bytes,    2868264 total
[2020-09-11T12:02:09.947+0000][1][gc,age       ] GC(11) - age   3:     147024 bytes,    3015288 total
[2020-09-11T12:02:09.947+0000][1][gc,age       ] GC(11) - age   4:     829304 bytes,    3844592 total
[2020-09-11T12:02:09.947+0000][1][gc,age       ] GC(11) - age   5:     447056 bytes,    4291648 total
[2020-09-11T12:02:09.947+0000][1][gc,age       ] GC(11) - age   6:    1523672 bytes,    5815320 total
[2020-09-11T12:02:09.947+0000][1][gc,heap      ] GC(11) ParNew: 71710K->7077K(76672K)
[2020-09-11T12:02:09.947+0000][1][gc,heap      ] GC(11) CMS: 12601K->12601K(439104K)
[2020-09-11T12:02:09.947+0000][1][gc,metaspace ] GC(11) Metaspace: 22588K->22588K(1071104K)
[2020-09-11T12:02:09.947+0000][1][gc           ] GC(11) Pause Young (Allocation Failure) 82M->19M(503M) 74.172ms
[2020-09-11T12:02:09.947+0000][1][gc,cpu       ] GC(11) User=0.02s Sys=0.00s Real=0.08s
[2020-09-11T12:02:09.971+0000][1][safepoint    ] Safepoint "GenCollectForAllocation", Time since last: 40801103 ns, Reaching safepoint: 95702 ns, At safepoint: 98987755 ns, Total: 99083457 ns
[2020-09-11T12:02:10.616+0000][1][gc,start     ] GC(12) Pause Young (Allocation Failure)
[2020-09-11T12:02:10.616+0000][1][gc,task      ] GC(12) Using 1 workers of 1 for evacuation
[2020-09-11T12:02:10.682+0000][1][gc,age       ] GC(12) Desired survivor size 4358144 bytes, new threshold 6 (max threshold 6)
[2020-09-11T12:02:10.682+0000][1][gc,age       ] GC(12) Age table with threshold 6 (max threshold 6)
[2020-09-11T12:02:10.682+0000][1][gc,age       ] GC(12) - age   1:    1090736 bytes,    1090736 total
[2020-09-11T12:02:10.682+0000][1][gc,age       ] GC(12) - age   2:     544176 bytes,    1634912 total
[2020-09-11T12:02:10.682+0000][1][gc,age       ] GC(12) - age   3:     403440 bytes,    2038352 total
[2020-09-11T12:02:10.682+0000][1][gc,age       ] GC(12) - age   4:     146920 bytes,    2185272 total
[2020-09-11T12:02:10.682+0000][1][gc,age       ] GC(12) - age   5:     829160 bytes,    3014432 total
[2020-09-11T12:02:10.682+0000][1][gc,age       ] GC(12) - age   6:     446912 bytes,    3461344 total
[2020-09-11T12:02:10.682+0000][1][gc,heap      ] GC(12) ParNew: 75237K->5143K(76672K)
[2020-09-11T12:02:10.682+0000][1][gc,heap      ] GC(12) CMS: 12601K->14100K(439104K)
[2020-09-11T12:02:10.682+0000][1][gc,metaspace ] GC(12) Metaspace: 22613K->22613K(1071104K)
[2020-09-11T12:02:10.682+0000][1][gc           ] GC(12) Pause Young (Allocation Failure) 85M->18M(503M) 66.642ms
[2020-09-11T12:02:10.682+0000][1][gc,cpu       ] GC(12) User=0.02s Sys=0.00s Real=0.06s
[2020-09-11T12:02:10.707+0000][1][safepoint    ] Safepoint "GenCollectForAllocation", Time since last: 644018748 ns, Reaching safepoint: 107770 ns, At safepoint: 91861824 ns, Total: 91969594 ns
[2020-09-11T12:02:11.359+0000][1][gc,start     ] GC(13) Pause Young (Allocation Failure)
[2020-09-11T12:02:11.359+0000][1][gc,task      ] GC(13) Using 1 workers of 1 for evacuation
[2020-09-11T12:02:11.381+0000][1][gc,age       ] GC(13) Desired survivor size 4358144 bytes, new threshold 6 (max threshold 6)
[2020-09-11T12:02:11.381+0000][1][gc,age       ] GC(13) Age table with threshold 6 (max threshold 6)
[2020-09-11T12:02:11.381+0000][1][gc,age       ] GC(13) - age   1:     155752 bytes,     155752 total
[2020-09-11T12:02:11.381+0000][1][gc,age       ] GC(13) - age   2:     203304 bytes,     359056 total
[2020-09-11T12:02:11.381+0000][1][gc,age       ] GC(13) - age   3:     544064 bytes,     903120 total
[2020-09-11T12:02:11.381+0000][1][gc,age       ] GC(13) - age   4:     403440 bytes,    1306560 total
[2020-09-11T12:02:11.381+0000][1][gc,age       ] GC(13) - age   5:     146920 bytes,    1453480 total
[2020-09-11T12:02:11.381+0000][1][gc,age       ] GC(13) - age   6:     829160 bytes,    2282640 total
[2020-09-11T12:02:11.381+0000][1][gc,heap      ] GC(13) ParNew: 73303K->3821K(76672K)
[2020-09-11T12:02:11.381+0000][1][gc,heap      ] GC(13) CMS: 14100K->14540K(439104K)
[2020-09-11T12:02:11.381+0000][1][gc,metaspace ] GC(13) Metaspace: 22720K->22720K(1071104K)
[2020-09-11T12:02:11.382+0000][1][gc           ] GC(13) Pause Young (Allocation Failure) 85M->17M(503M) 22.672ms
[2020-09-11T12:02:11.382+0000][1][gc,cpu       ] GC(13) User=0.01s Sys=0.00s Real=0.02s
[2020-09-11T12:02:11.407+0000][1][safepoint    ] Safepoint "GenCollectForAllocation", Time since last: 651299785 ns, Reaching safepoint: 106092 ns, At safepoint: 48554114 ns, Total: 48660206 ns
[2020-09-11T12:02:12.059+0000][1][gc,start     ] GC(14) Pause Young (Allocation Failure)
[2020-09-11T12:02:12.059+0000][1][gc,task      ] GC(14) Using 1 workers of 1 for evacuation
[2020-09-11T12:02:12.095+0000][1][gc,age       ] GC(14) Desired survivor size 4358144 bytes, new threshold 6 (max threshold 6)
[2020-09-11T12:02:12.095+0000][1][gc,age       ] GC(14) Age table with threshold 6 (max threshold 6)
[2020-09-11T12:02:12.095+0000][1][gc,age       ] GC(14) - age   1:    1219080 bytes,    1219080 total
[2020-09-11T12:02:12.095+0000][1][gc,age       ] GC(14) - age   2:     136744 bytes,    1355824 total
[2020-09-11T12:02:12.095+0000][1][gc,age       ] GC(14) - age   3:     203304 bytes,    1559128 total
[2020-09-11T12:02:12.095+0000][1][gc,age       ] GC(14) - age   4:     544064 bytes,    2103192 total
[2020-09-11T12:02:12.095+0000][1][gc,age       ] GC(14) - age   5:     403440 bytes,    2506632 total
[2020-09-11T12:02:12.095+0000][1][gc,age       ] GC(14) - age   6:     146920 bytes,    2653552 total
[2020-09-11T12:02:12.095+0000][1][gc,heap      ] GC(14) ParNew: 71981K->3582K(76672K)
[2020-09-11T12:02:12.095+0000][1][gc,heap      ] GC(14) CMS: 14540K->15356K(439104K)
[2020-09-11T12:02:12.095+0000][1][gc,metaspace ] GC(14) Metaspace: 22796K->22796K(1071104K)
[2020-09-11T12:02:12.095+0000][1][gc           ] GC(14) Pause Young (Allocation Failure) 84M->18M(503M) 36.604ms
[2020-09-11T12:02:12.095+0000][1][gc,cpu       ] GC(14) User=0.01s Sys=0.00s Real=0.03s
[2020-09-11T12:02:12.121+0000][1][safepoint    ] Safepoint "GenCollectForAllocation", Time since last: 651018902 ns, Reaching safepoint: 110819 ns, At safepoint: 62324035 ns, Total: 62434854 ns
[2020-09-11T12:02:12.808+0000][1][gc,start     ] GC(15) Pause Young (Allocation Failure)
[2020-09-11T12:02:12.808+0000][1][gc,task      ] GC(15) Using 1 workers of 1 for evacuation
[2020-09-11T12:02:12.844+0000][1][gc,age       ] GC(15) Desired survivor size 4358144 bytes, new threshold 6 (max threshold 6)
[2020-09-11T12:02:12.844+0000][1][gc,age       ] GC(15) Age table with threshold 6 (max threshold 6)
[2020-09-11T12:02:12.844+0000][1][gc,age       ] GC(15) - age   1:     947744 bytes,     947744 total
[2020-09-11T12:02:12.844+0000][1][gc,age       ] GC(15) - age   2:     282440 bytes,    1230184 total
[2020-09-11T12:02:12.844+0000][1][gc,age       ] GC(15) - age   3:     136632 bytes,    1366816 total
[2020-09-11T12:02:12.844+0000][1][gc,age       ] GC(15) - age   4:     203304 bytes,    1570120 total
[2020-09-11T12:02:12.844+0000][1][gc,age       ] GC(15) - age   5:     544064 bytes,    2114184 total
[2020-09-11T12:02:12.844+0000][1][gc,age       ] GC(15) - age   6:     403440 bytes,    2517624 total
[2020-09-11T12:02:12.844+0000][1][gc,heap      ] GC(15) ParNew: 71742K->4782K(76672K)
[2020-09-11T12:02:12.844+0000][1][gc,heap      ] GC(15) CMS: 15356K->15504K(439104K)
[2020-09-11T12:02:12.844+0000][1][gc,metaspace ] GC(15) Metaspace: 22884K->22884K(1071104K)
[2020-09-11T12:02:12.844+0000][1][gc           ] GC(15) Pause Young (Allocation Failure) 85M->19M(503M) 36.256ms
[2020-09-11T12:02:12.844+0000][1][gc,cpu       ] GC(15) User=0.01s Sys=0.00s Real=0.04s
[2020-09-11T12:02:12.844+0000][1][safepoint    ] Safepoint "GenCollectForAllocation", Time since last: 686915301 ns, Reaching safepoint: 105150 ns, At safepoint: 36312557 ns, Total: 36417707 ns
[2020-09-11T12:02:13.425+0000][1][gc,start     ] GC(16) Pause Young (Allocation Failure)
[2020-09-11T12:02:13.425+0000][1][gc,task      ] GC(16) Using 1 workers of 1 for evacuation
[2020-09-11T12:02:13.441+0000][1][gc,age       ] GC(16) Desired survivor size 4358144 bytes, new threshold 6 (max threshold 6)
[2020-09-11T12:02:13.441+0000][1][gc,age       ] GC(16) Age table with threshold 6 (max threshold 6)
[2020-09-11T12:02:13.441+0000][1][gc,age       ] GC(16) - age   1:     112552 bytes,     112552 total
[2020-09-11T12:02:13.441+0000][1][gc,age       ] GC(16) - age   2:     188160 bytes,     300712 total
[2020-09-11T12:02:13.441+0000][1][gc,age       ] GC(16) - age   3:     282440 bytes,     583152 total
[2020-09-11T12:02:13.441+0000][1][gc,age       ] GC(16) - age   4:     136632 bytes,     719784 total
[2020-09-11T12:02:13.441+0000][1][gc,age       ] GC(16) - age   5:     203152 bytes,     922936 total
[2020-09-11T12:02:13.441+0000][1][gc,age       ] GC(16) - age   6:     544064 bytes,    1467000 total
[2020-09-11T12:02:13.441+0000][1][gc,heap      ] GC(16) ParNew: 72942K->1519K(76672K)
[2020-09-11T12:02:13.441+0000][1][gc,heap      ] GC(16) CMS: 15504K->15903K(439104K)
[2020-09-11T12:02:13.441+0000][1][gc,metaspace ] GC(16) Metaspace: 22900K->22900K(1071104K)
[2020-09-11T12:02:13.441+0000][1][gc           ] GC(16) Pause Young (Allocation Failure) 86M->17M(503M) 16.168ms
[2020-09-11T12:02:13.441+0000][1][gc,cpu       ] GC(16) User=0.00s Sys=0.00s Real=0.01s
[2020-09-11T12:02:13.464+0000][1][safepoint    ] Safepoint "GenCollectForAllocation", Time since last: 580854718 ns, Reaching safepoint: 116243 ns, At safepoint: 38778034 ns, Total: 38894277 ns
[2020-09-11T12:02:13.528+0000][1][safepoint    ] Safepoint "Deoptimize", Time since last: 63518999 ns, Reaching safepoint: 112571 ns, At safepoint: 241383 ns, Total: 353954 ns
[2020-09-11T12:02:14.534+0000][1][safepoint    ] Safepoint "Cleanup", Time since last: 1005726384 ns, Reaching safepoint: 130209 ns, At safepoint: 6522 ns, Total: 136731 ns
[2020-09-11T12:02:15.540+0000][1][safepoint    ] Safepoint "Cleanup", Time since last: 1005798505 ns, Reaching safepoint: 271697 ns, At safepoint: 7421 ns, Total: 279118 ns
[2020-09-11T12:02:16.540+0000][1][safepoint    ] Safepoint "Cleanup", Time since last: 1000111748 ns, Reaching safepoint: 122584 ns, At safepoint: 6547 ns, Total: 129131 ns
[2020-09-11T12:02:17.011+0000][1][safepoint    ] Safepoint "Deoptimize", Time since last: 467183544 ns, Reaching safepoint: 108121 ns, At safepoint: 3481818 ns, Total: 3589939 ns
[2020-09-11T12:02:18.017+0000][1][safepoint    ] Safepoint "Cleanup", Time since last: 1000131331 ns, Reaching safepoint: 5776763 ns, At safepoint: 11274 ns, Total: 5788037 ns
[2020-09-11T12:02:19.028+0000][1][safepoint    ] Safepoint "Cleanup", Time since last: 1010776095 ns, Reaching safepoint: 145111 ns, At safepoint: 6933 ns, Total: 152044 ns
[2020-09-11T12:02:20.033+0000][1][safepoint    ] Safepoint "Cleanup", Time since last: 1003827222 ns, Reaching safepoint: 1804252 ns, At safepoint: 11667 ns, Total: 1815919 ns
[2020-09-11T12:02:21.044+0000][1][safepoint    ] Safepoint "Cleanup", Time since last: 1010192231 ns, Reaching safepoint: 121762 ns, At safepoint: 6700 ns, Total: 128462 ns
[2020-09-11T12:02:21.530+0000][1][gc,start     ] GC(17) Pause Young (Allocation Failure)
[2020-09-11T12:02:21.530+0000][1][gc,task      ] GC(17) Using 1 workers of 1 for evacuation
[2020-09-11T12:02:21.652+0000][1][gc,age       ] GC(17) Desired survivor size 4358144 bytes, new threshold 1 (max threshold 6)
[2020-09-11T12:02:21.652+0000][1][gc,age       ] GC(17) Age table with threshold 1 (max threshold 6)
[2020-09-11T12:02:21.652+0000][1][gc,age       ] GC(17) - age   1:    7836288 bytes,    7836288 total
[2020-09-11T12:02:21.652+0000][1][gc,age       ] GC(17) - age   2:      83856 bytes,    7920144 total
[2020-09-11T12:02:21.652+0000][1][gc,age       ] GC(17) - age   3:     184552 bytes,    8104696 total
[2020-09-11T12:02:21.652+0000][1][gc,age       ] GC(17) - age   4:     275032 bytes,    8379728 total
[2020-09-11T12:02:21.652+0000][1][gc,age       ] GC(17) - age   5:     133512 bytes,    8513240 total
[2020-09-11T12:02:21.652+0000][1][gc,age       ] GC(17) - age   6:     200376 bytes,    8713616 total
[2020-09-11T12:02:21.652+0000][1][gc,heap      ] GC(17) ParNew: 69679K->8512K(76672K)
[2020-09-11T12:02:21.652+0000][1][gc,heap      ] GC(17) CMS: 15903K->16744K(439104K)
[2020-09-11T12:02:21.652+0000][1][gc,metaspace ] GC(17) Metaspace: 29622K->29622K(1077248K)
[2020-09-11T12:02:21.652+0000][1][gc           ] GC(17) Pause Young (Allocation Failure) 83M->24M(503M) 121.815ms
[2020-09-11T12:02:21.652+0000][1][gc,cpu       ] GC(17) User=0.03s Sys=0.00s Real=0.12s
[2020-09-11T12:02:21.665+0000][1][safepoint    ] Safepoint "GenCollectForAllocation", Time since last: 486461245 ns, Reaching safepoint: 113130 ns, At safepoint: 134627981 ns, Total: 134741111 ns
[2020-09-11T12:02:22.692+0000][1][safepoint    ] Safepoint "Cleanup", Time since last: 1026674407 ns, Reaching safepoint: 109088 ns, At safepoint: 5937 ns, Total: 115025 ns
[2020-09-11T12:02:23.697+0000][1][safepoint    ] Safepoint "Cleanup", Time since last: 1005685935 ns, Reaching safepoint: 123660 ns, At safepoint: 6947 ns, Total: 130607 ns
[2020-09-11T12:02:24.698+0000][1][safepoint    ] Safepoint "Cleanup", Time since last: 1000125412 ns, Reaching safepoint: 594202 ns, At safepoint: 6751 ns, Total: 600953 ns
[2020-09-11T12:02:25.716+0000][1][safepoint    ] Safepoint "Cleanup", Time since last: 1016964145 ns, Reaching safepoint: 713128 ns, At safepoint: 6497 ns, Total: 719625 ns
[2020-09-11T12:02:26.743+0000][1][gc,start     ] GC(18) Pause Young (Allocation Failure)
[2020-09-11T12:02:26.743+0000][1][gc,task      ] GC(18) Using 1 workers of 1 for evacuation
[2020-09-11T12:02:27.011+0000][1][gc,age       ] GC(18) Desired survivor size 4358144 bytes, new threshold 1 (max threshold 6)
[2020-09-11T12:02:27.011+0000][1][gc,age       ] GC(18) Age table with threshold 1 (max threshold 6)
[2020-09-11T12:02:27.012+0000][1][gc,age       ] GC(18) - age   1:    8716208 bytes,    8716208 total
[2020-09-11T12:02:27.012+0000][1][gc,heap      ] GC(18) ParNew: 76672K->8512K(76672K)
[2020-09-11T12:02:27.012+0000][1][gc,heap      ] GC(18) CMS: 16744K->25203K(439104K)
[2020-09-11T12:02:27.012+0000][1][gc,metaspace ] GC(18) Metaspace: 29664K->29664K(1077248K)
[2020-09-11T12:02:27.012+0000][1][gc           ] GC(18) Pause Young (Allocation Failure) 91M->32M(503M) 268.679ms
[2020-09-11T12:02:27.012+0000][1][gc,cpu       ] GC(18) User=0.06s Sys=0.00s Real=0.27s
[2020-09-11T12:02:27.031+0000][1][safepoint    ] Safepoint "GenCollectForAllocation", Time since last: 1027005045 ns, Reaching safepoint: 110106 ns, At safepoint: 288319903 ns, Total: 288430009 ns
[2020-09-11T12:02:28.059+0000][1][safepoint    ] Safepoint "Cleanup", Time since last: 1016205120 ns, Reaching safepoint: 12036399 ns, At safepoint: 12783 ns, Total: 12049182 ns
[2020-09-11T12:02:29.060+0000][1][safepoint    ] Safepoint "Cleanup", Time since last: 1000129407 ns, Reaching safepoint: 107039 ns, At safepoint: 5837 ns, Total: 112876 ns
[2020-09-11T12:02:29.616+0000][1][safepoint    ] Safepoint "RevokeBias", Time since last: 556632618 ns, Reaching safepoint: 100986 ns, At safepoint: 29102 ns, Total: 130088 ns
[2020-09-11T12:02:30.838+0000][1][gc,start     ] GC(19) Pause Young (Allocation Failure)
[2020-09-11T12:02:30.838+0000][1][gc,task      ] GC(19) Using 1 workers of 1 for evacuation
[2020-09-11T12:02:31.143+0000][1][gc,age       ] GC(19) Desired survivor size 4358144 bytes, new threshold 1 (max threshold 6)
[2020-09-11T12:02:31.143+0000][1][gc,age       ] GC(19) Age table with threshold 1 (max threshold 6)
[2020-09-11T12:02:31.143+0000][1][gc,age       ] GC(19) - age   1:    8715752 bytes,    8715752 total
[2020-09-11T12:02:31.143+0000][1][gc,heap      ] GC(19) ParNew: 76672K->8512K(76672K)
[2020-09-11T12:02:31.143+0000][1][gc,heap      ] GC(19) CMS: 25203K->34664K(439104K)
[2020-09-11T12:02:31.143+0000][1][gc,metaspace ] GC(19) Metaspace: 29854K->29854K(1077248K)
[2020-09-11T12:02:31.143+0000][1][gc           ] GC(19) Pause Young (Allocation Failure) 99M->42M(503M) 305.483ms
[2020-09-11T12:02:31.143+0000][1][gc,cpu       ] GC(19) User=0.07s Sys=0.00s Real=0.30s
[2020-09-11T12:02:31.163+0000][1][safepoint    ] Safepoint "GenCollectForAllocation", Time since last: 1221140203 ns, Reaching safepoint: 147904 ns, At safepoint: 325653051 ns, Total: 325800955 ns
[2020-09-11T12:02:32.182+0000][1][safepoint    ] Safepoint "Cleanup", Time since last: 1018381676 ns, Reaching safepoint: 658786 ns, At safepoint: 6184 ns, Total: 664970 ns
[2020-09-11T12:02:33.189+0000][1][safepoint    ] Safepoint "Cleanup", Time since last: 1005706662 ns, Reaching safepoint: 406526 ns, At safepoint: 6509 ns, Total: 413035 ns
[2020-09-11T12:02:33.487+0000][1][safepoint    ] Safepoint "RevokeBias", Time since last: 298162216 ns, Reaching safepoint: 118560 ns, At safepoint: 38564 ns, Total: 157124 ns
[2020-09-11T12:02:34.487+0000][1][safepoint    ] Safepoint "Cleanup", Time since last: 1000148902 ns, Reaching safepoint: 111763 ns, At safepoint: 5956 ns, Total: 117719 ns
[2020-09-11T12:02:35.039+0000][1][gc,start     ] GC(20) Pause Young (Allocation Failure)
[2020-09-11T12:02:35.040+0000][1][gc,task      ] GC(20) Using 1 workers of 1 for evacuation
[2020-09-11T12:02:35.158+0000][1][gc,age       ] GC(20) Desired survivor size 4358144 bytes, new threshold 6 (max threshold 6)
[2020-09-11T12:02:35.158+0000][1][gc,age       ] GC(20) Age table with threshold 6 (max threshold 6)
[2020-09-11T12:02:35.158+0000][1][gc,age       ] GC(20) - age   1:    2931104 bytes,    2931104 total
[2020-09-11T12:02:35.158+0000][1][gc,heap      ] GC(20) ParNew: 76672K->8401K(76672K)
[2020-09-11T12:02:35.158+0000][1][gc,heap      ] GC(20) CMS: 34664K->42905K(439104K)
[2020-09-11T12:02:35.158+0000][1][gc,metaspace ] GC(20) Metaspace: 32062K->32062K(1079296K)
[2020-09-11T12:02:35.158+0000][1][gc           ] GC(20) Pause Young (Allocation Failure) 108M->50M(503M) 118.551ms
[2020-09-11T12:02:35.158+0000][1][gc,cpu       ] GC(20) User=0.03s Sys=0.00s Real=0.12s
[2020-09-11T12:02:35.178+0000][1][safepoint    ] Safepoint "GenCollectForAllocation", Time since last: 550352272 ns, Reaching safepoint: 1933491 ns, At safepoint: 138878298 ns, Total: 140811789 ns
[2020-09-11T12:02:35.520+0000][1][safepoint    ] Safepoint "Deoptimize", Time since last: 337212601 ns, Reaching safepoint: 3927205 ns, At safepoint: 273418 ns, Total: 4200623 ns
[2020-09-11T12:02:36.520+0000][1][safepoint    ] Safepoint "Cleanup", Time since last: 1000114106 ns, Reaching safepoint: 114827 ns, At safepoint: 5458 ns, Total: 120285 ns
[2020-09-11T12:02:37.541+0000][1][safepoint    ] Safepoint "Cleanup", Time since last: 1007472561 ns, Reaching safepoint: 13501513 ns, At safepoint: 14625 ns, Total: 13516138 ns
[2020-09-11T12:02:38.555+0000][1][safepoint    ] Safepoint "Cleanup", Time since last: 1001460608 ns, Reaching safepoint: 12940741 ns, At safepoint: 12373 ns, Total: 12953114 ns
[2020-09-11T12:02:39.612+0000][1][safepoint    ] Safepoint "Deoptimize", Time since last: 1049982549 ns, Reaching safepoint: 6119356 ns, At safepoint: 296519 ns, Total: 6415875 ns
[2020-09-11T12:02:40.646+0000][1][safepoint    ] Safepoint "Cleanup", Time since last: 1011677322 ns, Reaching safepoint: 22145407 ns, At safepoint: 10745 ns, Total: 22156152 ns
[2020-09-11T12:02:40.790+0000][1][gc,start     ] GC(21) Pause Young (Allocation Failure)
[2020-09-11T12:02:40.790+0000][1][gc,task      ] GC(21) Using 1 workers of 1 for evacuation
[2020-09-11T12:02:40.872+0000][1][gc,age       ] GC(21) Desired survivor size 4358144 bytes, new threshold 6 (max threshold 6)
[2020-09-11T12:02:40.872+0000][1][gc,age       ] GC(21) Age table with threshold 6 (max threshold 6)
[2020-09-11T12:02:40.872+0000][1][gc,age       ] GC(21) - age   1:    1144016 bytes,    1144016 total
[2020-09-11T12:02:40.872+0000][1][gc,age       ] GC(21) - age   2:    2837728 bytes,    3981744 total
[2020-09-11T12:02:40.872+0000][1][gc,heap      ] GC(21) ParNew: 76561K->5631K(76672K)
[2020-09-11T12:02:40.872+0000][1][gc,heap      ] GC(21) CMS: 42905K->42905K(439104K)
[2020-09-11T12:02:40.872+0000][1][gc,metaspace ] GC(21) Metaspace: 32359K->32359K(1079296K)
[2020-09-11T12:02:40.872+0000][1][gc           ] GC(21) Pause Young (Allocation Failure) 116M->47M(503M) 81.464ms
[2020-09-11T12:02:40.872+0000][1][gc,cpu       ] GC(21) User=0.02s Sys=0.00s Real=0.08s
[2020-09-11T12:02:40.872+0000][1][safepoint    ] Safepoint "GenCollectForAllocation", Time since last: 144477922 ns, Reaching safepoint: 107522 ns, At safepoint: 81523535 ns, Total: 81631057 ns
[2020-09-11T12:02:41.851+0000][1][gc,start     ] GC(22) Pause Young (Allocation Failure)
[2020-09-11T12:02:41.851+0000][1][gc,task      ] GC(22) Using 1 workers of 1 for evacuation
[2020-09-11T12:02:41.895+0000][1][gc,age       ] GC(22) Desired survivor size 4358144 bytes, new threshold 6 (max threshold 6)
[2020-09-11T12:02:41.895+0000][1][gc,age       ] GC(22) Age table with threshold 6 (max threshold 6)
[2020-09-11T12:02:41.895+0000][1][gc,age       ] GC(22) - age   1:     249584 bytes,     249584 total
[2020-09-11T12:02:41.895+0000][1][gc,age       ] GC(22) - age   2:     438272 bytes,     687856 total
[2020-09-11T12:02:41.895+0000][1][gc,age       ] GC(22) - age   3:    2837728 bytes,    3525584 total
[2020-09-11T12:02:41.895+0000][1][gc,heap      ] GC(22) ParNew: 73791K->3620K(76672K)
[2020-09-11T12:02:41.895+0000][1][gc,heap      ] GC(22) CMS: 42905K->42905K(439104K)
[2020-09-11T12:02:41.895+0000][1][gc,metaspace ] GC(22) Metaspace: 32371K->32371K(1079296K)
[2020-09-11T12:02:41.895+0000][1][gc           ] GC(22) Pause Young (Allocation Failure) 113M->45M(503M) 44.347ms
[2020-09-11T12:02:41.895+0000][1][gc,cpu       ] GC(22) User=0.01s Sys=0.00s Real=0.04s
[2020-09-11T12:02:41.900+0000][1][safepoint    ] Safepoint "GenCollectForAllocation", Time since last: 978682700 ns, Reaching safepoint: 115910 ns, At safepoint: 49873942 ns, Total: 49989852 ns
[2020-09-11T12:02:42.433+0000][1][gc,start     ] GC(23) Pause Young (Allocation Failure)
[2020-09-11T12:02:42.433+0000][1][gc,task      ] GC(23) Using 1 workers of 1 for evacuation
[2020-09-11T12:02:42.473+0000][1][gc,age       ] GC(23) Desired survivor size 4358144 bytes, new threshold 6 (max threshold 6)
[2020-09-11T12:02:42.473+0000][1][gc,age       ] GC(23) Age table with threshold 6 (max threshold 6)
[2020-09-11T12:02:42.473+0000][1][gc,age       ] GC(23) - age   1:        216 bytes,        216 total
[2020-09-11T12:02:42.473+0000][1][gc,age       ] GC(23) - age   2:     249432 bytes,     249648 total
[2020-09-11T12:02:42.473+0000][1][gc,age       ] GC(23) - age   3:     438272 bytes,     687920 total
[2020-09-11T12:02:42.473+0000][1][gc,age       ] GC(23) - age   4:    2837728 bytes,    3525648 total
[2020-09-11T12:02:42.473+0000][1][gc,heap      ] GC(23) ParNew: 71780K->3487K(76672K)
[2020-09-11T12:02:42.473+0000][1][gc,heap      ] GC(23) CMS: 42905K->42905K(439104K)
[2020-09-11T12:02:42.473+0000][1][gc,metaspace ] GC(23) Metaspace: 32372K->32372K(1079296K)
[2020-09-11T12:02:42.473+0000][1][gc           ] GC(23) Pause Young (Allocation Failure) 111M->45M(503M) 39.889ms
[2020-09-11T12:02:42.473+0000][1][gc,cpu       ] GC(23) User=0.01s Sys=0.00s Real=0.04s
[2020-09-11T12:02:42.487+0000][1][safepoint    ] Safepoint "GenCollectForAllocation", Time since last: 532663543 ns, Reaching safepoint: 110885 ns, At safepoint: 54281409 ns, Total: 54392294 ns
[2020-09-11T12:02:42.960+0000][1][gc,start     ] GC(24) Pause Young (Allocation Failure)
[2020-09-11T12:02:42.960+0000][1][gc,task      ] GC(24) Using 1 workers of 1 for evacuation
[2020-09-11T12:02:42.998+0000][1][gc,age       ] GC(24) Desired survivor size 4358144 bytes, new threshold 6 (max threshold 6)
[2020-09-11T12:02:42.998+0000][1][gc,age       ] GC(24) Age table with threshold 6 (max threshold 6)
[2020-09-11T12:02:42.998+0000][1][gc,age       ] GC(24) - age   1:        208 bytes,        208 total
[2020-09-11T12:02:42.998+0000][1][gc,age       ] GC(24) - age   3:     249432 bytes,     249640 total
[2020-09-11T12:02:42.998+0000][1][gc,age       ] GC(24) - age   4:     438272 bytes,     687912 total
[2020-09-11T12:02:42.998+0000][1][gc,age       ] GC(24) - age   5:    2837728 bytes,    3525640 total
[2020-09-11T12:02:42.998+0000][1][gc,heap      ] GC(24) ParNew: 71647K->3454K(76672K)
[2020-09-11T12:02:42.998+0000][1][gc,heap      ] GC(24) CMS: 42905K->42905K(439104K)
[2020-09-11T12:02:42.998+0000][1][gc,metaspace ] GC(24) Metaspace: 32376K->32376K(1079296K)
[2020-09-11T12:02:42.998+0000][1][gc           ] GC(24) Pause Young (Allocation Failure) 111M->45M(503M) 38.240ms
[2020-09-11T12:02:42.998+0000][1][gc,cpu       ] GC(24) User=0.01s Sys=0.00s Real=0.04s
[2020-09-11T12:02:43.024+0000][1][safepoint    ] Safepoint "GenCollectForAllocation", Time since last: 472006051 ns, Reaching safepoint: 101025 ns, At safepoint: 63981897 ns, Total: 64082922 ns
[2020-09-11T12:02:43.475+0000][1][gc,start     ] GC(25) Pause Young (Allocation Failure)
[2020-09-11T12:02:43.475+0000][1][gc,task      ] GC(25) Using 1 workers of 1 for evacuation
[2020-09-11T12:02:43.494+0000][1][gc,age       ] GC(25) Desired survivor size 4358144 bytes, new threshold 6 (max threshold 6)
[2020-09-11T12:02:43.494+0000][1][gc,age       ] GC(25) Age table with threshold 6 (max threshold 6)
[2020-09-11T12:02:43.494+0000][1][gc,age       ] GC(25) - age   1:        232 bytes,        232 total
[2020-09-11T12:02:43.494+0000][1][gc,age       ] GC(25) - age   4:     249432 bytes,     249664 total
[2020-09-11T12:02:43.494+0000][1][gc,age       ] GC(25) - age   5:     438272 bytes,     687936 total
[2020-09-11T12:02:43.494+0000][1][gc,age       ] GC(25) - age   6:    2837728 bytes,    3525664 total
[2020-09-11T12:02:43.494+0000][1][gc,heap      ] GC(25) ParNew: 71614K->3445K(76672K)
[2020-09-11T12:02:43.494+0000][1][gc,heap      ] GC(25) CMS: 42905K->42905K(439104K)
[2020-09-11T12:02:43.494+0000][1][gc,metaspace ] GC(25) Metaspace: 32376K->32376K(1079296K)
[2020-09-11T12:02:43.494+0000][1][gc           ] GC(25) Pause Young (Allocation Failure) 111M->45M(503M) 19.544ms
[2020-09-11T12:02:43.494+0000][1][gc,cpu       ] GC(25) User=0.00s Sys=0.00s Real=0.02s
[2020-09-11T12:02:43.519+0000][1][safepoint    ] Safepoint "GenCollectForAllocation", Time since last: 447897241 ns, Reaching safepoint: 3429790 ns, At safepoint: 44592368 ns, Total: 48022158 ns
[2020-09-11T12:02:43.924+0000][1][gc,start     ] GC(26) Pause Young (Allocation Failure)
[2020-09-11T12:02:43.924+0000][1][gc,task      ] GC(26) Using 1 workers of 1 for evacuation
[2020-09-11T12:02:43.983+0000][1][gc,age       ] GC(26) Desired survivor size 4358144 bytes, new threshold 6 (max threshold 6)
[2020-09-11T12:02:43.983+0000][1][gc,age       ] GC(26) Age table with threshold 6 (max threshold 6)
[2020-09-11T12:02:43.983+0000][1][gc,age       ] GC(26) - age   1:        160 bytes,        160 total
[2020-09-11T12:02:43.983+0000][1][gc,age       ] GC(26) - age   5:     249432 bytes,     249592 total
[2020-09-11T12:02:43.983+0000][1][gc,age       ] GC(26) - age   6:     438272 bytes,     687864 total
[2020-09-11T12:02:43.983+0000][1][gc,heap      ] GC(26) ParNew: 71605K->3443K(76672K)
[2020-09-11T12:02:43.983+0000][1][gc,heap      ] GC(26) CMS: 42905K->45693K(439104K)
[2020-09-11T12:02:43.983+0000][1][gc,metaspace ] GC(26) Metaspace: 32376K->32376K(1079296K)
[2020-09-11T12:02:43.983+0000][1][gc           ] GC(26) Pause Young (Allocation Failure) 111M->47M(503M) 59.192ms
[2020-09-11T12:02:43.983+0000][1][gc,cpu       ] GC(26) User=0.02s Sys=0.00s Real=0.05s
[2020-09-11T12:02:44.001+0000][1][safepoint    ] Safepoint "GenCollectForAllocation", Time since last: 404009366 ns, Reaching safepoint: 106653 ns, At safepoint: 77135019 ns, Total: 77241672 ns
[2020-09-11T12:02:44.404+0000][1][gc,start     ] GC(27) Pause Young (Allocation Failure)
[2020-09-11T12:02:44.404+0000][1][gc,task      ] GC(27) Using 1 workers of 1 for evacuation
[2020-09-11T12:02:44.407+0000][1][gc,age       ] GC(27) Desired survivor size 4358144 bytes, new threshold 6 (max threshold 6)
[2020-09-11T12:02:44.407+0000][1][gc,age       ] GC(27) Age table with threshold 6 (max threshold 6)
[2020-09-11T12:02:44.407+0000][1][gc,age       ] GC(27) - age   1:         56 bytes,         56 total
[2020-09-11T12:02:44.407+0000][1][gc,age       ] GC(27) - age   6:     249432 bytes,     249488 total
[2020-09-11T12:02:44.407+0000][1][gc,heap      ] GC(27) ParNew: 71603K->986K(76672K)
[2020-09-11T12:02:44.407+0000][1][gc,heap      ] GC(27) CMS: 45693K->46122K(439104K)
[2020-09-11T12:02:44.407+0000][1][gc,metaspace ] GC(27) Metaspace: 32376K->32376K(1079296K)
[2020-09-11T12:02:44.407+0000][1][gc           ] GC(27) Pause Young (Allocation Failure) 114M->46M(503M) 2.993ms
[2020-09-11T12:02:44.407+0000][1][gc,cpu       ] GC(27) User=0.00s Sys=0.00s Real=0.00s
[2020-09-11T12:02:44.427+0000][1][safepoint    ] Safepoint "GenCollectForAllocation", Time since last: 403002857 ns, Reaching safepoint: 97171 ns, At safepoint: 23621460 ns, Total: 23718631 ns
[2020-09-11T12:02:44.824+0000][1][gc,start     ] GC(28) Pause Young (Allocation Failure)
[2020-09-11T12:02:44.824+0000][1][gc,task      ] GC(28) Using 1 workers of 1 for evacuation
[2020-09-11T12:02:44.826+0000][1][gc,age       ] GC(28) Desired survivor size 4358144 bytes, new threshold 6 (max threshold 6)
[2020-09-11T12:02:44.826+0000][1][gc,age       ] GC(28) Age table with threshold 6 (max threshold 6)
[2020-09-11T12:02:44.826+0000][1][gc,age       ] GC(28) - age   1:        296 bytes,        296 total
[2020-09-11T12:02:44.826+0000][1][gc,heap      ] GC(28) ParNew: 69146K->307K(76672K)
[2020-09-11T12:02:44.826+0000][1][gc,heap      ] GC(28) CMS: 46122K->46366K(439104K)
[2020-09-11T12:02:44.827+0000][1][gc,metaspace ] GC(28) Metaspace: 32376K->32376K(1079296K)
[2020-09-11T12:02:44.827+0000][1][gc           ] GC(28) Pause Young (Allocation Failure) 112M->45M(503M) 2.980ms
[2020-09-11T12:02:44.827+0000][1][gc,cpu       ] GC(28) User=0.00s Sys=0.00s Real=0.00s
[2020-09-11T12:02:44.851+0000][1][safepoint    ] Safepoint "GenCollectForAllocation", Time since last: 396014453 ns, Reaching safepoint: 101619 ns, At safepoint: 27898381 ns, Total: 28000000 ns
[2020-09-11T12:02:45.227+0000][1][gc,start     ] GC(29) Pause Young (Allocation Failure)
[2020-09-11T12:02:45.227+0000][1][gc,task      ] GC(29) Using 1 workers of 1 for evacuation
[2020-09-11T12:02:45.229+0000][1][gc,age       ] GC(29) Desired survivor size 4358144 bytes, new threshold 6 (max threshold 6)
[2020-09-11T12:02:45.229+0000][1][gc,age       ] GC(29) Age table with threshold 6 (max threshold 6)
[2020-09-11T12:02:45.229+0000][1][gc,age       ] GC(29) - age   1:        176 bytes,        176 total
[2020-09-11T12:02:45.229+0000][1][gc,age       ] GC(29) - age   2:         72 bytes,        248 total
[2020-09-11T12:02:45.229+0000][1][gc,heap      ] GC(29) ParNew: 68467K->76K(76672K)
[2020-09-11T12:02:45.229+0000][1][gc,heap      ] GC(29) CMS: 46366K->46366K(439104K)
[2020-09-11T12:02:45.229+0000][1][gc,metaspace ] GC(29) Metaspace: 32376K->32376K(1079296K)
[2020-09-11T12:02:45.229+0000][1][gc           ] GC(29) Pause Young (Allocation Failure) 112M->45M(503M) 2.504ms
[2020-09-11T12:02:45.229+0000][1][gc,cpu       ] GC(29) User=0.01s Sys=0.00s Real=0.00s
[2020-09-11T12:02:45.229+0000][1][safepoint    ] Safepoint "GenCollectForAllocation", Time since last: 375319206 ns, Reaching safepoint: 112558 ns, At safepoint: 2557450 ns, Total: 2670008 ns
[2020-09-11T12:02:45.443+0000][1][gc,start     ] GC(30) Pause Young (Allocation Failure)
[2020-09-11T12:02:45.444+0000][1][gc,task      ] GC(30) Using 1 workers of 1 for evacuation
[2020-09-11T12:02:45.446+0000][1][gc,age       ] GC(30) Desired survivor size 4358144 bytes, new threshold 6 (max threshold 6)
[2020-09-11T12:02:45.446+0000][1][gc,age       ] GC(30) Age table with threshold 6 (max threshold 6)
[2020-09-11T12:02:45.446+0000][1][gc,age       ] GC(30) - age   3:         72 bytes,         72 total
[2020-09-11T12:02:45.446+0000][1][gc,heap      ] GC(30) ParNew: 68236K->19K(76672K)
[2020-09-11T12:02:45.446+0000][1][gc,heap      ] GC(30) CMS: 46366K->46366K(439104K)
[2020-09-11T12:02:45.446+0000][1][gc,metaspace ] GC(30) Metaspace: 32376K->32376K(1079296K)
[2020-09-11T12:02:45.446+0000][1][gc           ] GC(30) Pause Young (Allocation Failure) 111M->45M(503M) 2.411ms
[2020-09-11T12:02:45.446+0000][1][gc,cpu       ] GC(30) User=0.00s Sys=0.00s Real=0.00s
[2020-09-11T12:02:45.446+0000][1][safepoint    ] Safepoint "GenCollectForAllocation", Time since last: 212740649 ns, Reaching safepoint: 1271812 ns, At safepoint: 2473018 ns, Total: 3744830 ns
[2020-09-11T12:02:45.667+0000][1][gc,start     ] GC(31) Pause Young (Allocation Failure)
[2020-09-11T12:02:45.667+0000][1][gc,task      ] GC(31) Using 1 workers of 1 for evacuation
[2020-09-11T12:02:45.670+0000][1][gc,age       ] GC(31) Desired survivor size 4358144 bytes, new threshold 6 (max threshold 6)
[2020-09-11T12:02:45.670+0000][1][gc,age       ] GC(31) Age table with threshold 6 (max threshold 6)
[2020-09-11T12:02:45.670+0000][1][gc,age       ] GC(31) - age   1:         80 bytes,         80 total
[2020-09-11T12:02:45.670+0000][1][gc,age       ] GC(31) - age   4:         72 bytes,        152 total
[2020-09-11T12:02:45.670+0000][1][gc,heap      ] GC(31) ParNew: 68179K->4K(76672K)
[2020-09-11T12:02:45.670+0000][1][gc,heap      ] GC(31) CMS: 46366K->46366K(439104K)
[2020-09-11T12:02:45.670+0000][1][gc,metaspace ] GC(31) Metaspace: 32376K->32376K(1079296K)
[2020-09-11T12:02:45.670+0000][1][gc           ] GC(31) Pause Young (Allocation Failure) 111M->45M(503M) 2.454ms
[2020-09-11T12:02:45.670+0000][1][gc,cpu       ] GC(31) User=0.01s Sys=0.00s Real=0.00s
[2020-09-11T12:02:45.678+0000][1][safepoint    ] Safepoint "GenCollectForAllocation", Time since last: 219671708 ns, Reaching safepoint: 1844580 ns, At safepoint: 10121254 ns, Total: 11965834 ns
[2020-09-11T12:02:45.899+0000][1][gc,start     ] GC(32) Pause Young (Allocation Failure)
[2020-09-11T12:02:45.899+0000][1][gc,task      ] GC(32) Using 1 workers of 1 for evacuation
[2020-09-11T12:02:45.902+0000][1][gc,age       ] GC(32) Desired survivor size 4358144 bytes, new threshold 6 (max threshold 6)
[2020-09-11T12:02:45.902+0000][1][gc,age       ] GC(32) Age table with threshold 6 (max threshold 6)
[2020-09-11T12:02:45.902+0000][1][gc,age       ] GC(32) - age   1:         72 bytes,         72 total
[2020-09-11T12:02:45.902+0000][1][gc,age       ] GC(32) - age   5:         72 bytes,        144 total
[2020-09-11T12:02:45.902+0000][1][gc,heap      ] GC(32) ParNew: 68164K->2K(76672K)
[2020-09-11T12:02:45.902+0000][1][gc,heap      ] GC(32) CMS: 46366K->46366K(439104K)
[2020-09-11T12:02:45.902+0000][1][gc,metaspace ] GC(32) Metaspace: 32376K->32376K(1079296K)
[2020-09-11T12:02:45.902+0000][1][gc           ] GC(32) Pause Young (Allocation Failure) 111M->45M(503M) 2.418ms
[2020-09-11T12:02:45.902+0000][1][gc,cpu       ] GC(32) User=0.00s Sys=0.00s Real=0.00s
[2020-09-11T12:02:45.903+0000][1][safepoint    ] Safepoint "GenCollectForAllocation", Time since last: 220123386 ns, Reaching safepoint: 1763737 ns, At safepoint: 3994603 ns, Total: 5758340 ns
[2020-09-11T12:02:46.139+0000][1][gc,start     ] GC(33) Pause Young (Allocation Failure)
[2020-09-11T12:02:46.140+0000][1][gc,task      ] GC(33) Using 1 workers of 1 for evacuation
[2020-09-11T12:02:46.142+0000][1][gc,age       ] GC(33) Desired survivor size 4358144 bytes, new threshold 6 (max threshold 6)
[2020-09-11T12:02:46.142+0000][1][gc,age       ] GC(33) Age table with threshold 6 (max threshold 6)
[2020-09-11T12:02:46.142+0000][1][gc,age       ] GC(33) - age   1:        160 bytes,        160 total
[2020-09-11T12:02:46.142+0000][1][gc,age       ] GC(33) - age   6:         72 bytes,        232 total
[2020-09-11T12:02:46.142+0000][1][gc,heap      ] GC(33) ParNew: 68162K->2K(76672K)
[2020-09-11T12:02:46.142+0000][1][gc,heap      ] GC(33) CMS: 46366K->46366K(439104K)
[2020-09-11T12:02:46.142+0000][1][gc,metaspace ] GC(33) Metaspace: 32376K->32376K(1079296K)
[2020-09-11T12:02:46.142+0000][1][gc           ] GC(33) Pause Young (Allocation Failure) 111M->45M(503M) 2.451ms
[2020-09-11T12:02:46.142+0000][1][gc,cpu       ] GC(33) User=0.00s Sys=0.00s Real=0.00s
[2020-09-11T12:02:46.143+0000][1][safepoint    ] Safepoint "GenCollectForAllocation", Time since last: 235824865 ns, Reaching safepoint: 181626 ns, At safepoint: 3985353 ns, Total: 4166979 ns
[2020-09-11T12:02:47.152+0000][1][safepoint    ] Safepoint "Cleanup", Time since last: 1008020599 ns, Reaching safepoint: 125535 ns, At safepoint: 6868 ns, Total: 132403 ns
[2020-09-11T12:02:48.163+0000][1][safepoint    ] Safepoint "Cleanup", Time since last: 1011265100 ns, Reaching safepoint: 108771 ns, At safepoint: 6296 ns, Total: 115067 ns
[2020-09-11T12:02:50.106+0000][1][safepoint    ] Safepoint "RevokeBias", Time since last: 1934139849 ns, Reaching safepoint: 8796373 ns, At safepoint: 43429 ns, Total: 8839802 ns
[2020-09-11T12:02:50.106+0000][1][safepoint    ] Safepoint "RevokeBias", Time since last: 68341 ns, Reaching safepoint: 83662 ns, At safepoint: 26730 ns, Total: 110392 ns
[2020-09-11T12:02:50.106+0000][1][safepoint    ] Safepoint "RevokeBias", Time since last: 29320 ns, Reaching safepoint: 79711 ns, At safepoint: 26370 ns, Total: 106081 ns
[2020-09-11T12:02:50.107+0000][1][safepoint    ] Safepoint "RevokeBias", Time since last: 213662 ns, Reaching safepoint: 82933 ns, At safepoint: 39139 ns, Total: 122072 ns
[2020-09-11T12:02:51.036+0000][1][gc,start     ] GC(34) Pause Young (Allocation Failure)
[2020-09-11T12:02:51.036+0000][1][gc,task      ] GC(34) Using 1 workers of 1 for evacuation
[2020-09-11T12:02:51.038+0000][1][gc,age       ] GC(34) Desired survivor size 4358144 bytes, new threshold 6 (max threshold 6)
[2020-09-11T12:02:51.038+0000][1][gc,age       ] GC(34) Age table with threshold 6 (max threshold 6)
[2020-09-11T12:02:51.038+0000][1][gc,age       ] GC(34) - age   1:     308800 bytes,     308800 total
[2020-09-11T12:02:51.038+0000][1][gc,heap      ] GC(34) ParNew: 68162K->304K(76672K)
[2020-09-11T12:02:51.038+0000][1][gc,heap      ] GC(34) CMS: 46366K->46366K(439104K)
[2020-09-11T12:02:51.038+0000][1][gc,metaspace ] GC(34) Metaspace: 32396K->32396K(1079296K)
[2020-09-11T12:02:51.038+0000][1][gc           ] GC(34) Pause Young (Allocation Failure) 111M->45M(503M) 2.728ms
[2020-09-11T12:02:51.038+0000][1][gc,cpu       ] GC(34) User=0.00s Sys=0.00s Real=0.00s
[2020-09-11T12:02:51.047+0000][1][safepoint    ] Safepoint "GenCollectForAllocation", Time since last: 928862583 ns, Reaching safepoint: 115946 ns, At safepoint: 11862508 ns, Total: 11978454 ns
[2020-09-11T12:02:52.068+0000][1][safepoint    ] Safepoint "Cleanup", Time since last: 1020112779 ns, Reaching safepoint: 100442 ns, At safepoint: 6496 ns, Total: 106938 ns
[2020-09-11T12:02:52.604+0000][1][gc,start     ] GC(35) Pause Young (Allocation Failure)
[2020-09-11T12:02:52.604+0000][1][gc,task      ] GC(35) Using 1 workers of 1 for evacuation
[2020-09-11T12:02:52.606+0000][1][gc,age       ] GC(35) Desired survivor size 4358144 bytes, new threshold 6 (max threshold 6)
[2020-09-11T12:02:52.606+0000][1][gc,age       ] GC(35) Age table with threshold 6 (max threshold 6)
[2020-09-11T12:02:52.606+0000][1][gc,age       ] GC(35) - age   1:     519320 bytes,     519320 total
[2020-09-11T12:02:52.606+0000][1][gc,age       ] GC(35) - age   2:     216664 bytes,     735984 total
[2020-09-11T12:02:52.606+0000][1][gc,heap      ] GC(35) ParNew: 68464K->719K(76672K)
[2020-09-11T12:02:52.606+0000][1][gc,heap      ] GC(35) CMS: 46366K->46366K(439104K)
[2020-09-11T12:02:52.606+0000][1][gc,metaspace ] GC(35) Metaspace: 32397K->32397K(1079296K)
[2020-09-11T12:02:52.606+0000][1][gc           ] GC(35) Pause Young (Allocation Failure) 112M->45M(503M) 2.937ms
[2020-09-11T12:02:52.606+0000][1][gc,cpu       ] GC(35) User=0.00s Sys=0.00s Real=0.00s
[2020-09-11T12:02:52.616+0000][1][safepoint    ] Safepoint "GenCollectForAllocation", Time since last: 535795116 ns, Reaching safepoint: 99212 ns, At safepoint: 12365742 ns, Total: 12464954 ns
[2020-09-11T12:02:53.828+0000][1][gc,start     ] GC(36) Pause Young (Allocation Failure)
[2020-09-11T12:02:53.828+0000][1][gc,task      ] GC(36) Using 1 workers of 1 for evacuation
[2020-09-11T12:02:53.830+0000][1][gc,age       ] GC(36) Desired survivor size 4358144 bytes, new threshold 6 (max threshold 6)
[2020-09-11T12:02:53.830+0000][1][gc,age       ] GC(36) Age table with threshold 6 (max threshold 6)
[2020-09-11T12:02:53.830+0000][1][gc,age       ] GC(36) - age   1:     641176 bytes,     641176 total
[2020-09-11T12:02:53.830+0000][1][gc,age       ] GC(36) - age   2:     339800 bytes,     980976 total
[2020-09-11T12:02:53.830+0000][1][gc,age       ] GC(36) - age   3:     215864 bytes,    1196840 total
[2020-09-11T12:02:53.830+0000][1][gc,heap      ] GC(36) ParNew: 68879K->1169K(76672K)
[2020-09-11T12:02:53.830+0000][1][gc,heap      ] GC(36) CMS: 46366K->46366K(439104K)
[2020-09-11T12:02:53.830+0000][1][gc,metaspace ] GC(36) Metaspace: 32397K->32397K(1079296K)
[2020-09-11T12:02:53.830+0000][1][gc           ] GC(36) Pause Young (Allocation Failure) 112M->46M(503M) 2.885ms
[2020-09-11T12:02:53.830+0000][1][gc,cpu       ] GC(36) User=0.00s Sys=0.00s Real=0.00s
[2020-09-11T12:02:53.831+0000][1][safepoint    ] Safepoint "GenCollectForAllocation", Time since last: 1211534251 ns, Reaching safepoint: 102127 ns, At safepoint: 3882786 ns, Total: 3984913 ns
[2020-09-11T12:02:55.344+0000][1][gc,start     ] GC(37) Pause Young (Allocation Failure)
[2020-09-11T12:02:55.344+0000][1][gc,task      ] GC(37) Using 1 workers of 1 for evacuation
[2020-09-11T12:02:55.346+0000][1][gc,age       ] GC(37) Desired survivor size 4358144 bytes, new threshold 6 (max threshold 6)
[2020-09-11T12:02:55.346+0000][1][gc,age       ] GC(37) Age table with threshold 6 (max threshold 6)
[2020-09-11T12:02:55.346+0000][1][gc,age       ] GC(37) - age   1:     621600 bytes,     621600 total
[2020-09-11T12:02:55.346+0000][1][gc,age       ] GC(37) - age   2:     301256 bytes,     922856 total
[2020-09-11T12:02:55.346+0000][1][gc,age       ] GC(37) - age   3:     339616 bytes,    1262472 total
[2020-09-11T12:02:55.346+0000][1][gc,age       ] GC(37) - age   4:     215480 bytes,    1477952 total
[2020-09-11T12:02:55.346+0000][1][gc,heap      ] GC(37) ParNew: 69329K->1469K(76672K)
[2020-09-11T12:02:55.346+0000][1][gc,heap      ] GC(37) CMS: 46366K->46366K(439104K)
[2020-09-11T12:02:55.346+0000][1][gc,metaspace ] GC(37) Metaspace: 32398K->32398K(1079296K)
[2020-09-11T12:02:55.346+0000][1][gc           ] GC(37) Pause Young (Allocation Failure) 112M->46M(503M) 2.935ms
[2020-09-11T12:02:55.347+0000][1][gc,cpu       ] GC(37) User=0.00s Sys=0.00s Real=0.00s
[2020-09-11T12:02:55.371+0000][1][safepoint    ] Safepoint "GenCollectForAllocation", Time since last: 1512022641 ns, Reaching safepoint: 102023 ns, At safepoint: 27896791 ns, Total: 27998814 ns
[2020-09-11T12:02:56.391+0000][1][safepoint    ] Safepoint "Cleanup", Time since last: 1015965890 ns, Reaching safepoint: 4036816 ns, At safepoint: 13825 ns, Total: 4050641 ns
[2020-09-11T12:02:56.663+0000][1][gc,start     ] GC(38) Pause Young (Allocation Failure)
[2020-09-11T12:02:56.664+0000][1][gc,task      ] GC(38) Using 1 workers of 1 for evacuation
[2020-09-11T12:02:56.666+0000][1][gc,age       ] GC(38) Desired survivor size 4358144 bytes, new threshold 6 (max threshold 6)
[2020-09-11T12:02:56.666+0000][1][gc,age       ] GC(38) Age table with threshold 6 (max threshold 6)
[2020-09-11T12:02:56.666+0000][1][gc,age       ] GC(38) - age   1:     935344 bytes,     935344 total
[2020-09-11T12:02:56.666+0000][1][gc,age       ] GC(38) - age   2:     264728 bytes,    1200072 total
[2020-09-11T12:02:56.666+0000][1][gc,age       ] GC(38) - age   3:     297464 bytes,    1497536 total
[2020-09-11T12:02:56.666+0000][1][gc,age       ] GC(38) - age   4:     339536 bytes,    1837072 total
[2020-09-11T12:02:56.666+0000][1][gc,age       ] GC(38) - age   5:     215456 bytes,    2052528 total
[2020-09-11T12:02:56.666+0000][1][gc,heap      ] GC(38) ParNew: 69629K->2064K(76672K)
[2020-09-11T12:02:56.666+0000][1][gc,heap      ] GC(38) CMS: 46366K->46366K(439104K)
[2020-09-11T12:02:56.666+0000][1][gc,metaspace ] GC(38) Metaspace: 32398K->32398K(1079296K)
[2020-09-11T12:02:56.666+0000][1][gc           ] GC(38) Pause Young (Allocation Failure) 113M->47M(503M) 3.011ms
[2020-09-11T12:02:56.666+0000][1][gc,cpu       ] GC(38) User=0.00s Sys=0.00s Real=0.00s
[2020-09-11T12:02:56.675+0000][1][safepoint    ] Safepoint "GenCollectForAllocation", Time since last: 267960077 ns, Reaching safepoint: 4010236 ns, At safepoint: 12008659 ns, Total: 16018895 ns
[2020-09-11T12:02:57.628+0000][1][gc,start     ] GC(39) Pause Young (Allocation Failure)
[2020-09-11T12:02:57.628+0000][1][gc,task      ] GC(39) Using 1 workers of 1 for evacuation
[2020-09-11T12:02:57.631+0000][1][gc,age       ] GC(39) Desired survivor size 4358144 bytes, new threshold 6 (max threshold 6)
[2020-09-11T12:02:57.631+0000][1][gc,age       ] GC(39) Age table with threshold 6 (max threshold 6)
[2020-09-11T12:02:57.631+0000][1][gc,age       ] GC(39) - age   1:     438304 bytes,     438304 total
[2020-09-11T12:02:57.631+0000][1][gc,age       ] GC(39) - age   2:     922208 bytes,    1360512 total
[2020-09-11T12:02:57.631+0000][1][gc,age       ] GC(39) - age   3:     263312 bytes,    1623824 total
[2020-09-11T12:02:57.631+0000][1][gc,age       ] GC(39) - age   4:     296856 bytes,    1920680 total
[2020-09-11T12:02:57.631+0000][1][gc,age       ] GC(39) - age   5:     339200 bytes,    2259880 total
[2020-09-11T12:02:57.631+0000][1][gc,age       ] GC(39) - age   6:     212832 bytes,    2472712 total
[2020-09-11T12:02:57.631+0000][1][gc,heap      ] GC(39) ParNew: 70224K->2514K(76672K)
[2020-09-11T12:02:57.631+0000][1][gc,heap      ] GC(39) CMS: 46366K->46366K(439104K)
[2020-09-11T12:02:57.631+0000][1][gc,metaspace ] GC(39) Metaspace: 32401K->32401K(1079296K)
[2020-09-11T12:02:57.631+0000][1][gc           ] GC(39) Pause Young (Allocation Failure) 113M->47M(503M) 3.252ms
[2020-09-11T12:02:57.631+0000][1][gc,cpu       ] GC(39) User=0.00s Sys=0.00s Real=0.00s
[2020-09-11T12:02:57.637+0000][1][safepoint    ] Safepoint "GenCollectForAllocation", Time since last: 951979669 ns, Reaching safepoint: 124200 ns, At safepoint: 9524606 ns, Total: 9648806 ns
[2020-09-11T12:02:58.471+0000][1][gc,start     ] GC(40) Pause Young (Allocation Failure)
[2020-09-11T12:02:58.471+0000][1][gc,task      ] GC(40) Using 1 workers of 1 for evacuation
[2020-09-11T12:02:58.474+0000][1][gc,age       ] GC(40) Desired survivor size 4358144 bytes, new threshold 6 (max threshold 6)
[2020-09-11T12:02:58.474+0000][1][gc,age       ] GC(40) Age table with threshold 6 (max threshold 6)
[2020-09-11T12:02:58.474+0000][1][gc,age       ] GC(40) - age   1:     250584 bytes,     250584 total
[2020-09-11T12:02:58.474+0000][1][gc,age       ] GC(40) - age   2:     398912 bytes,     649496 total
[2020-09-11T12:02:58.474+0000][1][gc,age       ] GC(40) - age   3:     922208 bytes,    1571704 total
[2020-09-11T12:02:58.474+0000][1][gc,age       ] GC(40) - age   4:     263312 bytes,    1835016 total
[2020-09-11T12:02:58.474+0000][1][gc,age       ] GC(40) - age   5:     296856 bytes,    2131872 total
[2020-09-11T12:02:58.474+0000][1][gc,age       ] GC(40) - age   6:     339200 bytes,    2471072 total
[2020-09-11T12:02:58.474+0000][1][gc,heap      ] GC(40) ParNew: 70674K->2431K(76672K)
[2020-09-11T12:02:58.474+0000][1][gc,heap      ] GC(40) CMS: 46366K->46574K(439104K)
[2020-09-11T12:02:58.474+0000][1][gc,metaspace ] GC(40) Metaspace: 32402K->32402K(1079296K)
[2020-09-11T12:02:58.474+0000][1][gc           ] GC(40) Pause Young (Allocation Failure) 114M->47M(503M) 3.292ms
[2020-09-11T12:02:58.474+0000][1][gc,cpu       ] GC(40) User=0.00s Sys=0.00s Real=0.00s
[2020-09-11T12:02:58.491+0000][1][safepoint    ] Safepoint "GenCollectForAllocation", Time since last: 833771782 ns, Reaching safepoint: 126598 ns, At safepoint: 20465986 ns, Total: 20592584 ns
[2020-09-11T12:02:58.771+0000][1][gc,start     ] GC(41) Pause Young (Allocation Failure)
[2020-09-11T12:02:58.771+0000][1][gc,task      ] GC(41) Using 1 workers of 1 for evacuation
[2020-09-11T12:02:58.774+0000][1][gc,age       ] GC(41) Desired survivor size 4358144 bytes, new threshold 6 (max threshold 6)
[2020-09-11T12:02:58.774+0000][1][gc,age       ] GC(41) Age table with threshold 6 (max threshold 6)
[2020-09-11T12:02:58.774+0000][1][gc,age       ] GC(41) - age   1:        216 bytes,        216 total
[2020-09-11T12:02:58.774+0000][1][gc,age       ] GC(41) - age   2:     250408 bytes,     250624 total
[2020-09-11T12:02:58.774+0000][1][gc,age       ] GC(41) - age   3:     398912 bytes,     649536 total
[2020-09-11T12:02:58.774+0000][1][gc,age       ] GC(41) - age   4:     922208 bytes,    1571744 total
[2020-09-11T12:02:58.774+0000][1][gc,age       ] GC(41) - age   5:     263312 bytes,    1835056 total
[2020-09-11T12:02:58.774+0000][1][gc,age       ] GC(41) - age   6:     296856 bytes,    2131912 total
[2020-09-11T12:02:58.774+0000][1][gc,heap      ] GC(41) ParNew: 70591K->2085K(76672K)
[2020-09-11T12:02:58.774+0000][1][gc,heap      ] GC(41) CMS: 46574K->46905K(439104K)
[2020-09-11T12:02:58.774+0000][1][gc,metaspace ] GC(41) Metaspace: 32402K->32402K(1079296K)
[2020-09-11T12:02:58.774+0000][1][gc           ] GC(41) Pause Young (Allocation Failure) 114M->47M(503M) 3.182ms
[2020-09-11T12:02:58.774+0000][1][gc,cpu       ] GC(41) User=0.00s Sys=0.00s Real=0.00s
[2020-09-11T12:02:58.785+0000][1][safepoint    ] Safepoint "GenCollectForAllocation", Time since last: 279081333 ns, Reaching safepoint: 111168 ns, At safepoint: 14349172 ns, Total: 14460340 ns
[2020-09-11T12:02:58.991+0000][1][gc,start     ] GC(42) Pause Young (Allocation Failure)
[2020-09-11T12:02:58.992+0000][1][gc,task      ] GC(42) Using 1 workers of 1 for evacuation
[2020-09-11T12:02:59.000+0000][1][gc,age       ] GC(42) Desired survivor size 4358144 bytes, new threshold 6 (max threshold 6)
[2020-09-11T12:02:59.000+0000][1][gc,age       ] GC(42) Age table with threshold 6 (max threshold 6)
[2020-09-11T12:02:59.000+0000][1][gc,age       ] GC(42) - age   1:         64 bytes,         64 total
[2020-09-11T12:02:59.000+0000][1][gc,age       ] GC(42) - age   2:        160 bytes,        224 total
[2020-09-11T12:02:59.000+0000][1][gc,age       ] GC(42) - age   3:     250408 bytes,     250632 total
[2020-09-11T12:02:59.000+0000][1][gc,age       ] GC(42) - age   4:     398912 bytes,     649544 total
[2020-09-11T12:02:59.000+0000][1][gc,age       ] GC(42) - age   5:     922208 bytes,    1571752 total
[2020-09-11T12:02:59.000+0000][1][gc,age       ] GC(42) - age   6:     263312 bytes,    1835064 total
[2020-09-11T12:02:59.000+0000][1][gc,heap      ] GC(42) ParNew: 70245K->2222K(76672K)
[2020-09-11T12:02:59.000+0000][1][gc,heap      ] GC(42) CMS: 46905K->47195K(439104K)
[2020-09-11T12:02:59.000+0000][1][gc,metaspace ] GC(42) Metaspace: 32402K->32402K(1079296K)
[2020-09-11T12:02:59.000+0000][1][gc           ] GC(42) Pause Young (Allocation Failure) 114M->48M(503M) 8.859ms
[2020-09-11T12:02:59.000+0000][1][gc,cpu       ] GC(42) User=0.00s Sys=0.00s Real=0.01s
[2020-09-11T12:02:59.000+0000][1][safepoint    ] Safepoint "GenCollectForAllocation", Time since last: 202449300 ns, Reaching safepoint: 4008753 ns, At safepoint: 8916974 ns, Total: 12925727 ns
[2020-09-11T12:02:59.219+0000][1][gc,start     ] GC(43) Pause Young (Allocation Failure)
[2020-09-11T12:02:59.219+0000][1][gc,task      ] GC(43) Using 1 workers of 1 for evacuation
[2020-09-11T12:02:59.222+0000][1][gc,age       ] GC(43) Desired survivor size 4358144 bytes, new threshold 6 (max threshold 6)
[2020-09-11T12:02:59.222+0000][1][gc,age       ] GC(43) Age table with threshold 6 (max threshold 6)
[2020-09-11T12:02:59.222+0000][1][gc,age       ] GC(43) - age   1:         96 bytes,         96 total
[2020-09-11T12:02:59.222+0000][1][gc,age       ] GC(43) - age   3:        160 bytes,        256 total
[2020-09-11T12:02:59.222+0000][1][gc,age       ] GC(43) - age   4:     250408 bytes,     250664 total
[2020-09-11T12:02:59.222+0000][1][gc,age       ] GC(43) - age   5:     398912 bytes,     649576 total
[2020-09-11T12:02:59.222+0000][1][gc,age       ] GC(43) - age   6:     922208 bytes,    1571784 total
[2020-09-11T12:02:59.222+0000][1][gc,heap      ] GC(43) ParNew: 70382K->1543K(76672K)
[2020-09-11T12:02:59.222+0000][1][gc,heap      ] GC(43) CMS: 47195K->47452K(439104K)
[2020-09-11T12:02:59.222+0000][1][gc,metaspace ] GC(43) Metaspace: 32402K->32402K(1079296K)
[2020-09-11T12:02:59.222+0000][1][gc           ] GC(43) Pause Young (Allocation Failure) 114M->47M(503M) 2.887ms
[2020-09-11T12:02:59.222+0000][1][gc,cpu       ] GC(43) User=0.01s Sys=0.00s Real=0.00s
[2020-09-11T12:02:59.229+0000][1][safepoint    ] Safepoint "GenCollectForAllocation", Time since last: 216285991 ns, Reaching safepoint: 2791856 ns, At safepoint: 9781073 ns, Total: 12572929 ns
[2020-09-11T12:02:59.435+0000][1][gc,start     ] GC(44) Pause Young (Allocation Failure)
[2020-09-11T12:02:59.435+0000][1][gc,task      ] GC(44) Using 1 workers of 1 for evacuation
[2020-09-11T12:02:59.437+0000][1][gc,age       ] GC(44) Desired survivor size 4358144 bytes, new threshold 6 (max threshold 6)
[2020-09-11T12:02:59.437+0000][1][gc,age       ] GC(44) Age table with threshold 6 (max threshold 6)
[2020-09-11T12:02:59.437+0000][1][gc,age       ] GC(44) - age   1:        152 bytes,        152 total
[2020-09-11T12:02:59.437+0000][1][gc,age       ] GC(44) - age   4:        160 bytes,        312 total
[2020-09-11T12:02:59.437+0000][1][gc,age       ] GC(44) - age   5:     250408 bytes,     250720 total
[2020-09-11T12:02:59.437+0000][1][gc,age       ] GC(44) - age   6:     398912 bytes,     649632 total
[2020-09-11T12:02:59.437+0000][1][gc,heap      ] GC(44) ParNew: 69703K->865K(76672K)
[2020-09-11T12:02:59.437+0000][1][gc,heap      ] GC(44) CMS: 47452K->48353K(439104K)
[2020-09-11T12:02:59.437+0000][1][gc,metaspace ] GC(44) Metaspace: 32402K->32402K(1079296K)
[2020-09-11T12:02:59.437+0000][1][gc           ] GC(44) Pause Young (Allocation Failure) 114M->48M(503M) 2.766ms
[2020-09-11T12:02:59.437+0000][1][gc,cpu       ] GC(44) User=0.00s Sys=0.00s Real=0.01s
[2020-09-11T12:02:59.446+0000][1][safepoint    ] Safepoint "GenCollectForAllocation", Time since last: 205344992 ns, Reaching safepoint: 111476 ns, At safepoint: 11121638 ns, Total: 11233114 ns
[2020-09-11T12:02:59.671+0000][1][gc,start     ] GC(45) Pause Young (Allocation Failure)
[2020-09-11T12:02:59.672+0000][1][gc,task      ] GC(45) Using 1 workers of 1 for evacuation
[2020-09-11T12:02:59.674+0000][1][gc,age       ] GC(45) Desired survivor size 4358144 bytes, new threshold 6 (max threshold 6)
[2020-09-11T12:02:59.674+0000][1][gc,age       ] GC(45) Age table with threshold 6 (max threshold 6)
[2020-09-11T12:02:59.674+0000][1][gc,age       ] GC(45) - age   1:        200 bytes,        200 total
[2020-09-11T12:02:59.674+0000][1][gc,age       ] GC(45) - age   5:        160 bytes,        360 total
[2020-09-11T12:02:59.674+0000][1][gc,age       ] GC(45) - age   6:     250408 bytes,     250768 total
[2020-09-11T12:02:59.674+0000][1][gc,heap      ] GC(45) ParNew: 69025K->692K(76672K)
[2020-09-11T12:02:59.674+0000][1][gc,heap      ] GC(45) CMS: 48353K->48742K(439104K)
[2020-09-11T12:02:59.674+0000][1][gc,metaspace ] GC(45) Metaspace: 32402K->32402K(1079296K)
[2020-09-11T12:02:59.674+0000][1][gc           ] GC(45) Pause Young (Allocation Failure) 114M->48M(503M) 2.533ms
[2020-09-11T12:02:59.674+0000][1][gc,cpu       ] GC(45) User=0.00s Sys=0.00s Real=0.00s
[2020-09-11T12:02:59.674+0000][1][safepoint    ] Safepoint "GenCollectForAllocation", Time since last: 217627646 ns, Reaching safepoint: 8024292 ns, At safepoint: 2603074 ns, Total: 10627366 ns
[2020-09-11T12:02:59.899+0000][1][gc,start     ] GC(46) Pause Young (Allocation Failure)
[2020-09-11T12:02:59.900+0000][1][gc,task      ] GC(46) Using 1 workers of 1 for evacuation
[2020-09-11T12:02:59.902+0000][1][gc,age       ] GC(46) Desired survivor size 4358144 bytes, new threshold 6 (max threshold 6)
[2020-09-11T12:02:59.902+0000][1][gc,age       ] GC(46) Age table with threshold 6 (max threshold 6)
[2020-09-11T12:02:59.902+0000][1][gc,age       ] GC(46) - age   1:        176 bytes,        176 total
[2020-09-11T12:02:59.902+0000][1][gc,age       ] GC(46) - age   6:        160 bytes,        336 total
[2020-09-11T12:02:59.902+0000][1][gc,heap      ] GC(46) ParNew: 68852K->234K(76672K)
[2020-09-11T12:02:59.902+0000][1][gc,heap      ] GC(46) CMS: 48742K->48987K(439104K)
[2020-09-11T12:02:59.902+0000][1][gc,metaspace ] GC(46) Metaspace: 32402K->32402K(1079296K)
[2020-09-11T12:02:59.902+0000][1][gc           ] GC(46) Pause Young (Allocation Failure) 114M->48M(503M) 2.480ms
[2020-09-11T12:02:59.902+0000][1][gc,cpu       ] GC(46) User=0.00s Sys=0.00s Real=0.00s
[2020-09-11T12:02:59.903+0000][1][safepoint    ] Safepoint "GenCollectForAllocation", Time since last: 221459250 ns, Reaching safepoint: 3933921 ns, At safepoint: 3991373 ns, Total: 7925294 ns
[2020-09-11T12:03:00.120+0000][1][gc,start     ] GC(47) Pause Young (Allocation Failure)
[2020-09-11T12:03:00.120+0000][1][gc,task      ] GC(47) Using 1 workers of 1 for evacuation
[2020-09-11T12:03:00.122+0000][1][gc,age       ] GC(47) Desired survivor size 4358144 bytes, new threshold 6 (max threshold 6)
[2020-09-11T12:03:00.122+0000][1][gc,age       ] GC(47) Age table with threshold 6 (max threshold 6)
[2020-09-11T12:03:00.122+0000][1][gc,heap      ] GC(47) ParNew: 68394K->0K(76672K)
[2020-09-11T12:03:00.122+0000][1][gc,heap      ] GC(47) CMS: 48987K->48987K(439104K)
[2020-09-11T12:03:00.122+0000][1][gc,metaspace ] GC(47) Metaspace: 32402K->32402K(1079296K)
[2020-09-11T12:03:00.122+0000][1][gc           ] GC(47) Pause Young (Allocation Failure) 114M->47M(503M) 2.202ms
[2020-09-11T12:03:00.122+0000][1][gc,cpu       ] GC(47) User=0.01s Sys=0.00s Real=0.00s
[2020-09-11T12:03:00.122+0000][1][safepoint    ] Safepoint "GenCollectForAllocation", Time since last: 216005133 ns, Reaching safepoint: 103683 ns, At safepoint: 2273638 ns, Total: 2377321 ns
[2020-09-11T12:03:00.337+0000][1][gc,start     ] GC(48) Pause Young (Allocation Failure)
[2020-09-11T12:03:00.337+0000][1][gc,task      ] GC(48) Using 1 workers of 1 for evacuation
[2020-09-11T12:03:00.339+0000][1][gc,age       ] GC(48) Desired survivor size 4358144 bytes, new threshold 6 (max threshold 6)
[2020-09-11T12:03:00.339+0000][1][gc,age       ] GC(48) Age table with threshold 6 (max threshold 6)
[2020-09-11T12:03:00.339+0000][1][gc,age       ] GC(48) - age   1:         88 bytes,         88 total
[2020-09-11T12:03:00.339+0000][1][gc,heap      ] GC(48) ParNew: 68160K->14K(76672K)
[2020-09-11T12:03:00.339+0000][1][gc,heap      ] GC(48) CMS: 48987K->48987K(439104K)
[2020-09-11T12:03:00.339+0000][1][gc,metaspace ] GC(48) Metaspace: 32402K->32402K(1079296K)
[2020-09-11T12:03:00.339+0000][1][gc           ] GC(48) Pause Young (Allocation Failure) 114M->47M(503M) 2.221ms
[2020-09-11T12:03:00.339+0000][1][gc,cpu       ] GC(48) User=0.01s Sys=0.00s Real=0.00s
[2020-09-11T12:03:00.339+0000][1][safepoint    ] Safepoint "GenCollectForAllocation", Time since last: 213624360 ns, Reaching safepoint: 1231253 ns, At safepoint: 2280839 ns, Total: 3512092 ns
[2020-09-11T12:03:00.555+0000][1][gc,start     ] GC(49) Pause Young (Allocation Failure)
[2020-09-11T12:03:00.556+0000][1][gc,task      ] GC(49) Using 1 workers of 1 for evacuation
[2020-09-11T12:03:00.558+0000][1][gc,age       ] GC(49) Desired survivor size 4358144 bytes, new threshold 6 (max threshold 6)
[2020-09-11T12:03:00.558+0000][1][gc,age       ] GC(49) Age table with threshold 6 (max threshold 6)
[2020-09-11T12:03:00.558+0000][1][gc,age       ] GC(49) - age   1:        152 bytes,        152 total
[2020-09-11T12:03:00.558+0000][1][gc,heap      ] GC(49) ParNew: 68174K->3K(76672K)
[2020-09-11T12:03:00.558+0000][1][gc,heap      ] GC(49) CMS: 48987K->48987K(439104K)
[2020-09-11T12:03:00.558+0000][1][gc,metaspace ] GC(49) Metaspace: 32402K->32402K(1079296K)
[2020-09-11T12:03:00.558+0000][1][gc           ] GC(49) Pause Young (Allocation Failure) 114M->47M(503M) 2.178ms
[2020-09-11T12:03:00.558+0000][1][gc,cpu       ] GC(49) User=0.00s Sys=0.00s Real=0.00s
[2020-09-11T12:03:00.563+0000][1][safepoint    ] Safepoint "GenCollectForAllocation", Time since last: 212501700 ns, Reaching safepoint: 3995921 ns, At safepoint: 8011367 ns, Total: 12007288 ns
[2020-09-11T12:03:01.564+0000][1][safepoint    ] Safepoint "Cleanup", Time since last: 1000115078 ns, Reaching safepoint: 109945 ns, At safepoint: 6381 ns, Total: 116326 ns
[2020-09-11T12:03:02.576+0000][1][safepoint    ] Safepoint "Cleanup", Time since last: 1011755016 ns, Reaching safepoint: 106960 ns, At safepoint: 5034 ns, Total: 111994 ns
[2020-09-11T12:03:02.777+0000][1][gc,start     ] GC(50) Pause Young (Allocation Failure)
[2020-09-11T12:03:02.777+0000][1][gc,task      ] GC(50) Using 1 workers of 1 for evacuation
[2020-09-11T12:03:02.789+0000][1][gc,age       ] GC(50) Desired survivor size 4358144 bytes, new threshold 6 (max threshold 6)
[2020-09-11T12:03:02.789+0000][1][gc,age       ] GC(50) Age table with threshold 6 (max threshold 6)
[2020-09-11T12:03:02.789+0000][1][gc,age       ] GC(50) - age   1:     203720 bytes,     203720 total
[2020-09-11T12:03:02.789+0000][1][gc,heap      ] GC(50) ParNew: 68163K->201K(76672K)
[2020-09-11T12:03:02.789+0000][1][gc,heap      ] GC(50) CMS: 48987K->48987K(439104K)
[2020-09-11T12:03:02.789+0000][1][gc,metaspace ] GC(50) Metaspace: 32404K->32404K(1079296K)
[2020-09-11T12:03:02.789+0000][1][gc           ] GC(50) Pause Young (Allocation Failure) 114M->48M(503M) 11.890ms
[2020-09-11T12:03:02.789+0000][1][gc,cpu       ] GC(50) User=0.01s Sys=0.00s Real=0.01s
[2020-09-11T12:03:02.789+0000][1][safepoint    ] Safepoint "GenCollectForAllocation", Time since last: 201580447 ns, Reaching safepoint: 99813 ns, At safepoint: 11949436 ns, Total: 12049249 ns
[2020-09-11T12:03:03.279+0000][1][gc,start     ] GC(51) Pause Young (Allocation Failure)
[2020-09-11T12:03:03.280+0000][1][gc,task      ] GC(51) Using 1 workers of 1 for evacuation
[2020-09-11T12:03:03.282+0000][1][gc,age       ] GC(51) Desired survivor size 4358144 bytes, new threshold 6 (max threshold 6)
[2020-09-11T12:03:03.282+0000][1][gc,age       ] GC(51) Age table with threshold 6 (max threshold 6)
[2020-09-11T12:03:03.282+0000][1][gc,age       ] GC(51) - age   1:     543664 bytes,     543664 total
[2020-09-11T12:03:03.282+0000][1][gc,age       ] GC(51) - age   2:     117720 bytes,     661384 total
[2020-09-11T12:03:03.282+0000][1][gc,heap      ] GC(51) ParNew: 68361K->648K(76672K)
[2020-09-11T12:03:03.282+0000][1][gc,heap      ] GC(51) CMS: 48987K->48987K(439104K)
[2020-09-11T12:03:03.282+0000][1][gc,metaspace ] GC(51) Metaspace: 32404K->32404K(1079296K)
[2020-09-11T12:03:03.282+0000][1][gc           ] GC(51) Pause Young (Allocation Failure) 114M->48M(503M) 2.499ms
[2020-09-11T12:03:03.282+0000][1][gc,cpu       ] GC(51) User=0.00s Sys=0.00s Real=0.00s
[2020-09-11T12:03:03.291+0000][1][safepoint    ] Safepoint "GenCollectForAllocation", Time since last: 486268137 ns, Reaching safepoint: 4010037 ns, At safepoint: 11969659 ns, Total: 15979696 ns
[2020-09-11T12:03:03.803+0000][1][gc,start     ] GC(52) Pause Young (Allocation Failure)
[2020-09-11T12:03:03.804+0000][1][gc,task      ] GC(52) Using 1 workers of 1 for evacuation
[2020-09-11T12:03:03.809+0000][1][gc,age       ] GC(52) Desired survivor size 4358144 bytes, new threshold 6 (max threshold 6)
[2020-09-11T12:03:03.809+0000][1][gc,age       ] GC(52) Age table with threshold 6 (max threshold 6)
[2020-09-11T12:03:03.809+0000][1][gc,age       ] GC(52) - age   1:     643896 bytes,     643896 total
[2020-09-11T12:03:03.809+0000][1][gc,age       ] GC(52) - age   2:     373312 bytes,    1017208 total
[2020-09-11T12:03:03.809+0000][1][gc,age       ] GC(52) - age   3:     116864 bytes,    1134072 total
[2020-09-11T12:03:03.809+0000][1][gc,heap      ] GC(52) ParNew: 68808K->1112K(76672K)
[2020-09-11T12:03:03.809+0000][1][gc,heap      ] GC(52) CMS: 48987K->48987K(439104K)
[2020-09-11T12:03:03.809+0000][1][gc,metaspace ] GC(52) Metaspace: 32404K->32404K(1079296K)
[2020-09-11T12:03:03.809+0000][1][gc           ] GC(52) Pause Young (Allocation Failure) 115M->48M(503M) 5.263ms
[2020-09-11T12:03:03.809+0000][1][gc,cpu       ] GC(52) User=0.00s Sys=0.00s Real=0.00s
[2020-09-11T12:03:03.811+0000][1][safepoint    ] Safepoint "GenCollectForAllocation", Time since last: 508260921 ns, Reaching safepoint: 3774143 ns, At safepoint: 7962525 ns, Total: 11736668 ns
[2020-09-11T12:03:04.254+0000][1][gc,start     ] GC(53) Pause Young (Allocation Failure)
[2020-09-11T12:03:04.254+0000][1][gc,task      ] GC(53) Using 1 workers of 1 for evacuation
[2020-09-11T12:03:04.260+0000][1][gc,age       ] GC(53) Desired survivor size 4358144 bytes, new threshold 6 (max threshold 6)
[2020-09-11T12:03:04.260+0000][1][gc,age       ] GC(53) Age table with threshold 6 (max threshold 6)
[2020-09-11T12:03:04.260+0000][1][gc,age       ] GC(53) - age   1:     656144 bytes,     656144 total
[2020-09-11T12:03:04.260+0000][1][gc,age       ] GC(53) - age   2:     302432 bytes,     958576 total
[2020-09-11T12:03:04.260+0000][1][gc,age       ] GC(53) - age   3:     372912 bytes,    1331488 total
[2020-09-11T12:03:04.260+0000][1][gc,age       ] GC(53) - age   4:     116200 bytes,    1447688 total
[2020-09-11T12:03:04.260+0000][1][gc,heap      ] GC(53) ParNew: 69272K->1461K(76672K)
[2020-09-11T12:03:04.260+0000][1][gc,heap      ] GC(53) CMS: 48987K->48987K(439104K)
[2020-09-11T12:03:04.260+0000][1][gc,metaspace ] GC(53) Metaspace: 32404K->32404K(1079296K)
[2020-09-11T12:03:04.261+0000][1][gc           ] GC(53) Pause Young (Allocation Failure) 115M->49M(503M) 6.928ms
[2020-09-11T12:03:04.261+0000][1][gc,cpu       ] GC(53) User=0.00s Sys=0.00s Real=0.01s
[2020-09-11T12:03:04.263+0000][1][safepoint    ] Safepoint "GenCollectForAllocation", Time since last: 437154008 ns, Reaching safepoint: 4985803 ns, At safepoint: 9852316 ns, Total: 14838119 ns
[2020-09-11T12:03:04.763+0000][1][gc,start     ] GC(54) Pause Young (Allocation Failure)
[2020-09-11T12:03:04.764+0000][1][gc,task      ] GC(54) Using 1 workers of 1 for evacuation
[2020-09-11T12:03:04.766+0000][1][gc,age       ] GC(54) Desired survivor size 4358144 bytes, new threshold 6 (max threshold 6)
[2020-09-11T12:03:04.766+0000][1][gc,age       ] GC(54) Age table with threshold 6 (max threshold 6)
[2020-09-11T12:03:04.766+0000][1][gc,age       ] GC(54) - age   1:     962776 bytes,     962776 total
[2020-09-11T12:03:04.766+0000][1][gc,age       ] GC(54) - age   2:     298944 bytes,    1261720 total
[2020-09-11T12:03:04.766+0000][1][gc,age       ] GC(54) - age   3:     301456 bytes,    1563176 total
[2020-09-11T12:03:04.766+0000][1][gc,age       ] GC(54) - age   4:     372888 bytes,    1936064 total
[2020-09-11T12:03:04.766+0000][1][gc,age       ] GC(54) - age   5:     116040 bytes,    2052104 total
[2020-09-11T12:03:04.766+0000][1][gc,heap      ] GC(54) ParNew: 69621K->2049K(76672K)
[2020-09-11T12:03:04.766+0000][1][gc,heap      ] GC(54) CMS: 48987K->48987K(439104K)
[2020-09-11T12:03:04.766+0000][1][gc,metaspace ] GC(54) Metaspace: 32404K->32404K(1079296K)
[2020-09-11T12:03:04.766+0000][1][gc           ] GC(54) Pause Young (Allocation Failure) 115M->49M(503M) 2.747ms
[2020-09-11T12:03:04.766+0000][1][gc,cpu       ] GC(54) User=0.00s Sys=0.00s Real=0.00s
[2020-09-11T12:03:04.778+0000][1][safepoint    ] Safepoint "GenCollectForAllocation", Time since last: 496771643 ns, Reaching safepoint: 3275610 ns, At safepoint: 14924959 ns, Total: 18200569 ns
[2020-09-11T12:03:05.160+0000][1][gc,start     ] GC(55) Pause Young (Allocation Failure)
[2020-09-11T12:03:05.160+0000][1][gc,task      ] GC(55) Using 1 workers of 1 for evacuation
[2020-09-11T12:03:05.163+0000][1][gc,age       ] GC(55) Desired survivor size 4358144 bytes, new threshold 6 (max threshold 6)
[2020-09-11T12:03:05.163+0000][1][gc,age       ] GC(55) Age table with threshold 6 (max threshold 6)
[2020-09-11T12:03:05.163+0000][1][gc,age       ] GC(55) - age   1:     315120 bytes,     315120 total
[2020-09-11T12:03:05.163+0000][1][gc,age       ] GC(55) - age   2:     952120 bytes,    1267240 total
[2020-09-11T12:03:05.163+0000][1][gc,age       ] GC(55) - age   3:     297992 bytes,    1565232 total
[2020-09-11T12:03:05.163+0000][1][gc,age       ] GC(55) - age   4:     297696 bytes,    1862928 total
[2020-09-11T12:03:05.163+0000][1][gc,age       ] GC(55) - age   5:     372656 bytes,    2235584 total
[2020-09-11T12:03:05.163+0000][1][gc,age       ] GC(55) - age   6:     116016 bytes,    2351600 total
[2020-09-11T12:03:05.163+0000][1][gc,heap      ] GC(55) ParNew: 70209K->2358K(76672K)
[2020-09-11T12:03:05.163+0000][1][gc,heap      ] GC(55) CMS: 48987K->48987K(439104K)
[2020-09-11T12:03:05.163+0000][1][gc,metaspace ] GC(55) Metaspace: 32404K->32404K(1079296K)
[2020-09-11T12:03:05.163+0000][1][gc           ] GC(55) Pause Young (Allocation Failure) 116M->50M(503M) 2.834ms
[2020-09-11T12:03:05.163+0000][1][gc,cpu       ] GC(55) User=0.00s Sys=0.00s Real=0.00s
[2020-09-11T12:03:05.175+0000][1][safepoint    ] Safepoint "GenCollectForAllocation", Time since last: 381829608 ns, Reaching safepoint: 98906 ns, At safepoint: 15110023 ns, Total: 15208929 ns
[2020-09-11T12:03:06.180+0000][1][safepoint    ] Safepoint "Cleanup", Time since last: 1004076805 ns, Reaching safepoint: 109619 ns, At safepoint: 6034 ns, Total: 115653 ns
[2020-09-11T12:03:06.420+0000][1][safepoint    ] Safepoint "Deoptimize", Time since last: 239801329 ns, Reaching safepoint: 123499 ns, At safepoint: 314885 ns, Total: 438384 ns
[2020-09-11T12:03:06.944+0000][1][safepoint    ] Safepoint "CollectForMetadataAllocation", Time since last: 519582224 ns, Reaching safepoint: 4058663 ns, At safepoint: 147257 ns, Total: 4205920 ns
[2020-09-11T12:03:07.088+0000][1][safepoint    ] Safepoint "CollectForMetadataAllocation", Time since last: 144582974 ns, Reaching safepoint: 104098 ns, At safepoint: 120505 ns, Total: 224603 ns
[2020-09-11T12:03:07.192+0000][1][safepoint    ] Safepoint "CollectForMetadataAllocation", Time since last: 102974004 ns, Reaching safepoint: 105168 ns, At safepoint: 123220 ns, Total: 228388 ns
[2020-09-11T12:03:07.192+0000][1][gc,start     ] GC(56) Pause Initial Mark
[2020-09-11T12:03:07.293+0000][1][gc           ] GC(56) Pause Initial Mark 102M->102M(503M) 100.735ms
[2020-09-11T12:03:07.293+0000][1][gc,cpu       ] GC(56) User=0.02s Sys=0.00s Real=0.10s
[2020-09-11T12:03:07.337+0000][1][safepoint    ] Safepoint "CMS_Initial_Mark", Time since last: 65083 ns, Reaching safepoint: 283474 ns, At safepoint: 145312667 ns, Total: 145596141 ns
[2020-09-11T12:03:07.337+0000][1][gc           ] GC(56) Concurrent Mark
[2020-09-11T12:03:07.488+0000][1][safepoint    ] Safepoint "CollectForMetadataAllocation", Time since last: 150034535 ns, Reaching safepoint: 219722 ns, At safepoint: 120081 ns, Total: 339803 ns
[2020-09-11T12:03:07.696+0000][1][safepoint    ] Safepoint "CollectForMetadataAllocation", Time since last: 207729214 ns, Reaching safepoint: 61030 ns, At safepoint: 120318 ns, Total: 181348 ns
[2020-09-11T12:03:07.768+0000][1][gc           ] GC(56) Concurrent Mark 430.696ms
[2020-09-11T12:03:07.768+0000][1][gc,cpu       ] GC(56) User=0.11s Sys=0.00s Real=0.43s
[2020-09-11T12:03:07.768+0000][1][gc           ] GC(56) Concurrent Preclean
[2020-09-11T12:03:07.770+0000][1][gc           ] GC(56) Concurrent Preclean 1.441ms
[2020-09-11T12:03:07.770+0000][1][gc,cpu       ] GC(56) User=0.00s Sys=0.00s Real=0.00s
[2020-09-11T12:03:07.770+0000][1][gc           ] GC(56) Concurrent Abortable Preclean
[2020-09-11T12:03:07.812+0000][1][safepoint    ] Safepoint "CollectForMetadataAllocation", Time since last: 109185798 ns, Reaching safepoint: 6663807 ns, At safepoint: 125614 ns, Total: 6789421 ns
[2020-09-11T12:03:08.056+0000][1][safepoint    ] Safepoint "CollectForMetadataAllocation", Time since last: 244160647 ns, Reaching safepoint: 110053 ns, At safepoint: 120081 ns, Total: 230134 ns
[2020-09-11T12:03:08.099+0000][1][gc,start     ] GC(57) Pause Young (Allocation Failure)
[2020-09-11T12:03:08.099+0000][1][gc,task      ] GC(57) Using 1 workers of 1 for evacuation
[2020-09-11T12:03:08.123+0000][1][gc,age       ] GC(57) Desired survivor size 4358144 bytes, new threshold 6 (max threshold 6)
[2020-09-11T12:03:08.123+0000][1][gc,age       ] GC(57) Age table with threshold 6 (max threshold 6)
[2020-09-11T12:03:08.123+0000][1][gc,age       ] GC(57) - age   1:    1472880 bytes,    1472880 total
[2020-09-11T12:03:08.123+0000][1][gc,age       ] GC(57) - age   2:     302264 bytes,    1775144 total
[2020-09-11T12:03:08.123+0000][1][gc,age       ] GC(57) - age   3:     951640 bytes,    2726784 total
[2020-09-11T12:03:08.123+0000][1][gc,age       ] GC(57) - age   4:     297600 bytes,    3024384 total
[2020-09-11T12:03:08.123+0000][1][gc,age       ] GC(57) - age   5:     297576 bytes,    3321960 total
[2020-09-11T12:03:08.123+0000][1][gc,age       ] GC(57) - age   6:     372656 bytes,    3694616 total
[2020-09-11T12:03:08.123+0000][1][gc,heap      ] GC(57) ParNew: 70518K->3721K(76672K)
[2020-09-11T12:03:08.123+0000][1][gc,heap      ] GC(57) CMS: 48987K->49098K(439104K)
[2020-09-11T12:03:08.123+0000][1][gc,metaspace ] GC(57) Metaspace: 36176K->36176K(1083392K)
[2020-09-11T12:03:08.123+0000][1][gc           ] GC(57) Pause Young (Allocation Failure) 116M->51M(503M) 23.649ms
[2020-09-11T12:03:08.123+0000][1][gc,cpu       ] GC(57) User=0.01s Sys=0.00s Real=0.02s
[2020-09-11T12:03:08.171+0000][1][safepoint    ] Safepoint "GenCollectForAllocation", Time since last: 43375267 ns, Reaching safepoint: 75028 ns, At safepoint: 71995815 ns, Total: 72070843 ns
[2020-09-11T12:03:08.751+0000][1][gc           ] GC(56) Concurrent Abortable Preclean 981.829ms
[2020-09-11T12:03:08.751+0000][1][gc,cpu       ] GC(56) User=0.24s Sys=0.00s Real=0.98s
[2020-09-11T12:03:08.754+0000][1][gc,start     ] GC(56) Pause Remark
[2020-09-11T12:03:08.836+0000][1][gc           ] GC(56) Pause Remark 104M->104M(503M) 82.941ms
[2020-09-11T12:03:08.837+0000][1][gc,cpu       ] GC(56) User=0.03s Sys=0.00s Real=0.09s
[2020-09-11T12:03:08.879+0000][1][safepoint    ] Safepoint "CMS_Final_Remark", Time since last: 580084103 ns, Reaching safepoint: 2007715 ns, At safepoint: 125887880 ns, Total: 127895595 ns
[2020-09-11T12:03:08.879+0000][1][gc           ] GC(56) Concurrent Sweep
[2020-09-11T12:03:09.008+0000][1][gc           ] GC(56) Concurrent Sweep 129.002ms
[2020-09-11T12:03:09.009+0000][1][gc,cpu       ] GC(56) User=0.03s Sys=0.00s Real=0.13s
[2020-09-11T12:03:09.009+0000][1][gc           ] GC(56) Concurrent Reset
[2020-09-11T12:03:09.009+0000][1][gc           ] GC(56) Concurrent Reset 0.646ms
[2020-09-11T12:03:09.009+0000][1][gc,cpu       ] GC(56) User=0.00s Sys=0.00s Real=0.00s
[2020-09-11T12:03:09.009+0000][1][gc,heap      ] GC(56) Old: 48987K->48036K(439104K)
[2020-09-11T12:03:09.120+0000][1][gc,start     ] GC(58) Pause Young (Allocation Failure)
[2020-09-11T12:03:09.120+0000][1][gc,task      ] GC(58) Using 1 workers of 1 for evacuation
[2020-09-11T12:03:09.144+0000][1][gc,age       ] GC(58) Desired survivor size 4358144 bytes, new threshold 6 (max threshold 6)
[2020-09-11T12:03:09.144+0000][1][gc,age       ] GC(58) Age table with threshold 6 (max threshold 6)
[2020-09-11T12:03:09.144+0000][1][gc,age       ] GC(58) - age   1:      51472 bytes,      51472 total
[2020-09-11T12:03:09.144+0000][1][gc,age       ] GC(58) - age   2:    1444840 bytes,    1496312 total
[2020-09-11T12:03:09.144+0000][1][gc,age       ] GC(58) - age   3:     302264 bytes,    1798576 total
[2020-09-11T12:03:09.144+0000][1][gc,age       ] GC(58) - age   4:     951640 bytes,    2750216 total
[2020-09-11T12:03:09.144+0000][1][gc,age       ] GC(58) - age   5:     297600 bytes,    3047816 total
[2020-09-11T12:03:09.144+0000][1][gc,age       ] GC(58) - age   6:     297408 bytes,    3345224 total
[2020-09-11T12:03:09.144+0000][1][gc,heap      ] GC(58) ParNew: 71881K->3325K(76672K)
[2020-09-11T12:03:09.144+0000][1][gc,heap      ] GC(58) CMS: 48036K->48400K(439104K)
[2020-09-11T12:03:09.144+0000][1][gc,metaspace ] GC(58) Metaspace: 36176K->36176K(1083392K)
[2020-09-11T12:03:09.144+0000][1][gc           ] GC(58) Pause Young (Allocation Failure) 117M->50M(503M) 24.455ms
[2020-09-11T12:03:09.144+0000][1][gc,cpu       ] GC(58) User=0.00s Sys=0.00s Real=0.03s
[2020-09-11T12:03:09.159+0000][1][safepoint    ] Safepoint "GenCollectForAllocation", Time since last: 237387239 ns, Reaching safepoint: 2903931 ns, At safepoint: 39734143 ns, Total: 42638074 ns
[2020-09-11T12:03:10.177+0000][1][safepoint    ] Safepoint "Cleanup", Time since last: 1017438452 ns, Reaching safepoint: 133931 ns, At safepoint: 5202 ns, Total: 139133 ns
[2020-09-11T12:03:11.177+0000][1][safepoint    ] Safepoint "Cleanup", Time since last: 1000101226 ns, Reaching safepoint: 111947 ns, At safepoint: 6429 ns, Total: 118376 ns
[2020-09-11T12:03:12.189+0000][1][safepoint    ] Safepoint "Cleanup", Time since last: 1000105783 ns, Reaching safepoint: 11215405 ns, At safepoint: 8410 ns, Total: 11223815 ns
[2020-09-11T12:03:13.200+0000][1][safepoint    ] Safepoint "Cleanup", Time since last: 1010884899 ns, Reaching safepoint: 130305 ns, At safepoint: 6359 ns, Total: 136664 ns
[2020-09-11T12:03:14.205+0000][1][safepoint    ] Safepoint "Cleanup", Time since last: 1005115655 ns, Reaching safepoint: 111503 ns, At safepoint: 5608 ns, Total: 117111 ns
[2020-09-11T12:03:14.316+0000][1][gc,start     ] GC(59) Pause Young (Allocation Failure)
[2020-09-11T12:03:14.316+0000][1][gc,task      ] GC(59) Using 1 workers of 1 for evacuation
[2020-09-11T12:03:14.392+0000][1][gc,age       ] GC(59) Desired survivor size 4358144 bytes, new threshold 4 (max threshold 6)
[2020-09-11T12:03:14.392+0000][1][gc,age       ] GC(59) Age table with threshold 4 (max threshold 6)
[2020-09-11T12:03:14.392+0000][1][gc,age       ] GC(59) - age   1:    2869936 bytes,    2869936 total
[2020-09-11T12:03:14.392+0000][1][gc,age       ] GC(59) - age   2:      51376 bytes,    2921312 total
[2020-09-11T12:03:14.392+0000][1][gc,age       ] GC(59) - age   3:    1398944 bytes,    4320256 total
[2020-09-11T12:03:14.392+0000][1][gc,age       ] GC(59) - age   4:     302264 bytes,    4622520 total
[2020-09-11T12:03:14.392+0000][1][gc,age       ] GC(59) - age   5:     951640 bytes,    5574160 total
[2020-09-11T12:03:14.392+0000][1][gc,age       ] GC(59) - age   6:     297600 bytes,    5871760 total
[2020-09-11T12:03:14.393+0000][1][gc,heap      ] GC(59) ParNew: 71485K->8181K(76672K)
[2020-09-11T12:03:14.393+0000][1][gc,heap      ] GC(59) CMS: 48400K->48690K(439104K)
[2020-09-11T12:03:14.393+0000][1][gc,metaspace ] GC(59) Metaspace: 43205K->43205K(1089536K)
[2020-09-11T12:03:14.393+0000][1][gc           ] GC(59) Pause Young (Allocation Failure) 117M->55M(503M) 77.034ms
[2020-09-11T12:03:14.393+0000][1][gc,cpu       ] GC(59) User=0.02s Sys=0.00s Real=0.07s
[2020-09-11T12:03:14.422+0000][1][safepoint    ] Safepoint "GenCollectForAllocation", Time since last: 110612318 ns, Reaching safepoint: 101783 ns, At safepoint: 106233209 ns, Total: 106334992 ns
[2020-09-11T12:03:15.463+0000][1][safepoint    ] Safepoint "Cleanup", Time since last: 1040425208 ns, Reaching safepoint: 1282598 ns, At safepoint: 8955 ns, Total: 1291553 ns
[2020-09-11T12:03:15.873+0000][1][safepoint    ] Safepoint "RevokeBias", Time since last: 407961820 ns, Reaching safepoint: 1763738 ns, At safepoint: 36278 ns, Total: 1800016 ns
[2020-09-11T12:03:15.889+0000][1][safepoint    ] Safepoint "RevokeBias", Time since last: 8936004 ns, Reaching safepoint: 6342248 ns, At safepoint: 22018 ns, Total: 6364266 ns
[2020-09-11T12:03:16.892+0000][1][safepoint    ] Safepoint "Cleanup", Time since last: 1002880020 ns, Reaching safepoint: 129576 ns, At safepoint: 6238 ns, Total: 135814 ns
[2020-09-11T12:03:19.915+0000][1][safepoint    ] Safepoint "Cleanup", Time since last: 3022799415 ns, Reaching safepoint: 1080439 ns, At safepoint: 7077 ns, Total: 1087516 ns
[2020-09-11T12:03:20.890+0000][1][safepoint    ] Safepoint "RevokeBias", Time since last: 971284500 ns, Reaching safepoint: 2804028 ns, At safepoint: 54896 ns, Total: 2858924 ns
[2020-09-11T12:03:20.890+0000][1][safepoint    ] Safepoint "RevokeBias", Time since last: 91381 ns, Reaching safepoint: 84703 ns, At safepoint: 30029 ns, Total: 114732 ns
[2020-09-11T12:03:20.891+0000][1][safepoint    ] Safepoint "RevokeBias", Time since last: 303695 ns, Reaching safepoint: 1329997 ns, At safepoint: 41611 ns, Total: 1371608 ns
[2020-09-11T12:03:20.892+0000][1][safepoint    ] Safepoint "RevokeBias", Time since last: 84453 ns, Reaching safepoint: 86220 ns, At safepoint: 32253 ns, Total: 118473 ns
[2020-09-11T12:03:20.892+0000][1][safepoint    ] Safepoint "RevokeBias", Time since last: 35897 ns, Reaching safepoint: 81783 ns, At safepoint: 29000 ns, Total: 110783 ns
[2020-09-11T12:03:20.892+0000][1][safepoint    ] Safepoint "RevokeBias", Time since last: 28505 ns, Reaching safepoint: 81780 ns, At safepoint: 29069 ns, Total: 110849 ns
[2020-09-11T12:03:20.892+0000][1][safepoint    ] Safepoint "RevokeBias", Time since last: 28370 ns, Reaching safepoint: 81458 ns, At safepoint: 29384 ns, Total: 110842 ns
[2020-09-11T12:03:20.892+0000][1][safepoint    ] Safepoint "RevokeBias", Time since last: 27418 ns, Reaching safepoint: 81514 ns, At safepoint: 30062 ns, Total: 111576 ns
[2020-09-11T12:03:20.892+0000][1][safepoint    ] Safepoint "RevokeBias", Time since last: 27125 ns, Reaching safepoint: 80973 ns, At safepoint: 30720 ns, Total: 111693 ns
[2020-09-11T12:03:20.893+0000][1][safepoint    ] Safepoint "RevokeBias", Time since last: 30706 ns, Reaching safepoint: 81088 ns, At safepoint: 31502 ns, Total: 112590 ns
[2020-09-11T12:03:20.894+0000][1][safepoint    ] Safepoint "RevokeBias", Time since last: 32036 ns, Reaching safepoint: 961416 ns, At safepoint: 30112 ns, Total: 991528 ns
[2020-09-11T12:03:20.894+0000][1][safepoint    ] Safepoint "RevokeBias", Time since last: 28145 ns, Reaching safepoint: 82304 ns, At safepoint: 30092 ns, Total: 112396 ns
[2020-09-11T12:03:20.894+0000][1][safepoint    ] Safepoint "RevokeBias", Time since last: 28082 ns, Reaching safepoint: 82432 ns, At safepoint: 30249 ns, Total: 112681 ns
[2020-09-11T12:03:20.894+0000][1][safepoint    ] Safepoint "RevokeBias", Time since last: 29822 ns, Reaching safepoint: 81809 ns, At safepoint: 30002 ns, Total: 111811 ns
[2020-09-11T12:03:20.894+0000][1][safepoint    ] Safepoint "RevokeBias", Time since last: 41040 ns, Reaching safepoint: 82084 ns, At safepoint: 30525 ns, Total: 112609 ns
[2020-09-11T12:03:20.894+0000][1][safepoint    ] Safepoint "RevokeBias", Time since last: 61440 ns, Reaching safepoint: 82898 ns, At safepoint: 38088 ns, Total: 120986 ns
[2020-09-11T12:03:20.895+0000][1][safepoint    ] Safepoint "RevokeBias", Time since last: 31578 ns, Reaching safepoint: 1084352 ns, At safepoint: 40748 ns, Total: 1125100 ns
[2020-09-11T12:03:20.898+0000][1][safepoint    ] Safepoint "RevokeBias", Time since last: 94258 ns, Reaching safepoint: 2185661 ns, At safepoint: 60320 ns, Total: 2245981 ns
[2020-09-11T12:03:20.900+0000][1][safepoint    ] Safepoint "RevokeBias", Time since last: 685979 ns, Reaching safepoint: 975800 ns, At safepoint: 82404 ns, Total: 1058204 ns
[2020-09-11T12:03:22.280+0000][1][safepoint    ] Safepoint "Cleanup", Time since last: 1379962980 ns, Reaching safepoint: 141068 ns, At safepoint: 6485 ns, Total: 147553 ns
[2020-09-11T12:03:23.284+0000][1][safepoint    ] Safepoint "Cleanup", Time since last: 1003777124 ns, Reaching safepoint: 126195 ns, At safepoint: 6947 ns, Total: 133142 ns
[2020-09-11T12:03:24.284+0000][1][safepoint    ] Safepoint "Cleanup", Time since last: 1000116710 ns, Reaching safepoint: 132129 ns, At safepoint: 6331 ns, Total: 138460 ns
[2020-09-11T12:03:24.996+0000][1][safepoint    ] Safepoint "RevokeBias", Time since last: 712170625 ns, Reaching safepoint: 112352 ns, At safepoint: 32092 ns, Total: 144444 ns
[2020-09-11T12:03:25.024+0000][1][safepoint    ] Safepoint "RevokeBias", Time since last: 27317535 ns, Reaching safepoint: 106257 ns, At safepoint: 40789 ns, Total: 147046 ns
[2020-09-11T12:03:25.206+0000][1][gc,start     ] GC(60) Pause Young (Allocation Failure)
[2020-09-11T12:03:25.206+0000][1][gc,task      ] GC(60) Using 1 workers of 1 for evacuation
[2020-09-11T12:03:25.372+0000][1][gc,age       ] GC(60) Desired survivor size 4358144 bytes, new threshold 2 (max threshold 6)
[2020-09-11T12:03:25.373+0000][1][gc,age       ] GC(60) Age table with threshold 2 (max threshold 6)
[2020-09-11T12:03:25.373+0000][1][gc,age       ] GC(60) - age   1:    3621360 bytes,    3621360 total
[2020-09-11T12:03:25.373+0000][1][gc,age       ] GC(60) - age   2:    2778056 bytes,    6399416 total
[2020-09-11T12:03:25.373+0000][1][gc,age       ] GC(60) - age   3:      51376 bytes,    6450792 total
[2020-09-11T12:03:25.373+0000][1][gc,age       ] GC(60) - age   4:    1395832 bytes,    7846624 total
[2020-09-11T12:03:25.373+0000][1][gc,heap      ] GC(60) ParNew: 76341K->8512K(76672K)
[2020-09-11T12:03:25.373+0000][1][gc,heap      ] GC(60) CMS: 48690K->50205K(439104K)
[2020-09-11T12:03:25.373+0000][1][gc,metaspace ] GC(60) Metaspace: 48324K->48324K(1093632K)
[2020-09-11T12:03:25.373+0000][1][gc           ] GC(60) Pause Young (Allocation Failure) 122M->57M(503M) 167.205ms
[2020-09-11T12:03:25.373+0000][1][gc,cpu       ] GC(60) User=0.04s Sys=0.00s Real=0.16s
[2020-09-11T12:03:25.373+0000][1][safepoint    ] Safepoint "GenCollectForAllocation", Time since last: 181932206 ns, Reaching safepoint: 114981 ns, At safepoint: 167287397 ns, Total: 167402378 ns
[2020-09-11T12:03:25.601+0000][1][safepoint    ] Safepoint "RevokeBias", Time since last: 228221749 ns, Reaching safepoint: 104602 ns, At safepoint: 13005 ns, Total: 117607 ns
[2020-09-11T12:03:25.601+0000][1][safepoint    ] Safepoint "RevokeBias", Time since last: 75900 ns, Reaching safepoint: 78898 ns, At safepoint: 8523 ns, Total: 87421 ns
[2020-09-11T12:03:26.342+0000][1][safepoint    ] Safepoint "RevokeBias", Time since last: 723769360 ns, Reaching safepoint: 17128999 ns, At safepoint: 37047 ns, Total: 17166046 ns
[2020-09-11T12:03:26.343+0000][1][safepoint    ] Safepoint "RevokeBias", Time since last: 222370 ns, Reaching safepoint: 88334 ns, At safepoint: 17861 ns, Total: 106195 ns
[2020-09-11T12:03:26.343+0000][1][safepoint    ] Safepoint "RevokeBias", Time since last: 40072 ns, Reaching safepoint: 78672 ns, At safepoint: 14863 ns, Total: 93535 ns
[2020-09-11T12:03:26.634+0000][1][safepoint    ] Safepoint "RevokeBias", Time since last: 290801770 ns, Reaching safepoint: 107226 ns, At safepoint: 34171 ns, Total: 141397 ns
[2020-09-11T12:03:26.634+0000][1][safepoint    ] Safepoint "RevokeBias", Time since last: 373668 ns, Reaching safepoint: 85532 ns, At safepoint: 29679 ns, Total: 115211 ns
[2020-09-11T12:03:26.644+0000][1][safepoint    ] Safepoint "RevokeBias", Time since last: 9161663 ns, Reaching safepoint: 105514 ns, At safepoint: 34760 ns, Total: 140274 ns
[2020-09-11T12:03:26.648+0000][1][safepoint    ] Safepoint "RevokeBias", Time since last: 3876527 ns, Reaching safepoint: 108550 ns, At safepoint: 36770 ns, Total: 145320 ns
[2020-09-11T12:03:26.648+0000][1][safepoint    ] Safepoint "RevokeBias", Time since last: 501766 ns, Reaching safepoint: 83947 ns, At safepoint: 29329 ns, Total: 113276 ns
[2020-09-11T12:03:26.649+0000][1][safepoint    ] Safepoint "RevokeBias", Time since last: 585655 ns, Reaching safepoint: 86817 ns, At safepoint: 25236 ns, Total: 112053 ns
[2020-09-11T12:03:26.650+0000][1][safepoint    ] Safepoint "RevokeBias", Time since last: 1133520 ns, Reaching safepoint: 87390 ns, At safepoint: 23358 ns, Total: 110748 ns
[2020-09-11T12:03:26.651+0000][1][safepoint    ] Safepoint "RevokeBias", Time since last: 73390 ns, Reaching safepoint: 1227046 ns, At safepoint: 28209 ns, Total: 1255255 ns
[2020-09-11T12:03:26.661+0000][1][safepoint    ] Safepoint "RevokeBias", Time since last: 9568844 ns, Reaching safepoint: 110262 ns, At safepoint: 32113 ns, Total: 142375 ns
[2020-09-11T12:03:26.681+0000][1][safepoint    ] Safepoint "RevokeBias", Time since last: 3759345 ns, Reaching safepoint: 15751251 ns, At safepoint: 43250 ns, Total: 15794501 ns
[2020-09-11T12:03:26.681+0000][1][safepoint    ] Safepoint "RevokeBias", Time since last: 75762 ns, Reaching safepoint: 84988 ns, At safepoint: 21976 ns, Total: 106964 ns
[2020-09-11T12:03:26.681+0000][1][safepoint    ] Safepoint "RevokeBias", Time since last: 31323 ns, Reaching safepoint: 82756 ns, At safepoint: 23828 ns, Total: 106584 ns
[2020-09-11T12:03:26.681+0000][1][safepoint    ] Safepoint "RevokeBias", Time since last: 30025 ns, Reaching safepoint: 82484 ns, At safepoint: 22321 ns, Total: 104805 ns
[2020-09-11T12:03:26.681+0000][1][safepoint    ] Safepoint "RevokeBias", Time since last: 29587 ns, Reaching safepoint: 81623 ns, At safepoint: 19391 ns, Total: 101014 ns
[2020-09-11T12:03:26.681+0000][1][safepoint    ] Safepoint "RevokeBias", Time since last: 32112 ns, Reaching safepoint: 81518 ns, At safepoint: 19599 ns, Total: 101117 ns
[2020-09-11T12:03:26.682+0000][1][safepoint    ] Safepoint "BulkRevokeBias", Time since last: 28586 ns, Reaching safepoint: 80780 ns, At safepoint: 144705 ns, Total: 225485 ns
[2020-09-11T12:03:26.682+0000][1][safepoint    ] Safepoint "RevokeBias", Time since last: 65703 ns, Reaching safepoint: 83510 ns, At safepoint: 24715 ns, Total: 108225 ns
[2020-09-11T12:03:26.682+0000][1][safepoint    ] Safepoint "RevokeBias", Time since last: 37332 ns, Reaching safepoint: 81946 ns, At safepoint: 24843 ns, Total: 106789 ns
[2020-09-11T12:03:26.698+0000][1][safepoint    ] Safepoint "RevokeBias", Time since last: 15481712 ns, Reaching safepoint: 105407 ns, At safepoint: 43476 ns, Total: 148883 ns
[2020-09-11T12:03:26.698+0000][1][safepoint    ] Safepoint "RevokeBias", Time since last: 64692 ns, Reaching safepoint: 81763 ns, At safepoint: 12584 ns, Total: 94347 ns
[2020-09-11T12:03:26.698+0000][1][safepoint    ] Safepoint "RevokeBias", Time since last: 30222 ns, Reaching safepoint: 80871 ns, At safepoint: 12278 ns, Total: 93149 ns
[2020-09-11T12:03:26.709+0000][1][safepoint    ] Safepoint "RevokeBias", Time since last: 10501709 ns, Reaching safepoint: 373760 ns, At safepoint: 36971 ns, Total: 410731 ns
[2020-09-11T12:03:26.709+0000][1][safepoint    ] Safepoint "RevokeBias", Time since last: 59531 ns, Reaching safepoint: 82214 ns, At safepoint: 26715 ns, Total: 108929 ns
[2020-09-11T12:03:26.709+0000][1][safepoint    ] Safepoint "RevokeBias", Time since last: 41980 ns, Reaching safepoint: 81881 ns, At safepoint: 23603 ns, Total: 105484 ns
[2020-09-11T12:03:26.709+0000][1][safepoint    ] Safepoint "RevokeBias", Time since last: 30290 ns, Reaching safepoint: 81949 ns, At safepoint: 22801 ns, Total: 104750 ns
[2020-09-11T12:03:26.709+0000][1][safepoint    ] Safepoint "RevokeBias", Time since last: 29851 ns, Reaching safepoint: 81665 ns, At safepoint: 25779 ns, Total: 107444 ns
[2020-09-11T12:03:26.710+0000][1][safepoint    ] Safepoint "RevokeBias", Time since last: 29296 ns, Reaching safepoint: 82082 ns, At safepoint: 25426 ns, Total: 107508 ns
[2020-09-11T12:03:26.710+0000][1][safepoint    ] Safepoint "RevokeBias", Time since last: 28810 ns, Reaching safepoint: 81151 ns, At safepoint: 36226 ns, Total: 117377 ns
[2020-09-11T12:03:26.710+0000][1][safepoint    ] Safepoint "RevokeBias", Time since last: 31454 ns, Reaching safepoint: 81989 ns, At safepoint: 23260 ns, Total: 105249 ns
[2020-09-11T12:03:26.710+0000][1][safepoint    ] Safepoint "RevokeBias", Time since last: 29318 ns, Reaching safepoint: 81379 ns, At safepoint: 21389 ns, Total: 102768 ns
[2020-09-11T12:03:26.715+0000][1][safepoint    ] Safepoint "RevokeBias", Time since last: 28309 ns, Reaching safepoint: 5419826 ns, At safepoint: 52642 ns, Total: 5472468 ns
[2020-09-11T12:03:26.716+0000][1][safepoint    ] Safepoint "RevokeBias", Time since last: 60468 ns, Reaching safepoint: 82337 ns, At safepoint: 22439 ns, Total: 104776 ns
[2020-09-11T12:03:26.716+0000][1][safepoint    ] Safepoint "RevokeBias", Time since last: 40406 ns, Reaching safepoint: 83442 ns, At safepoint: 22827 ns, Total: 106269 ns
[2020-09-11T12:03:26.716+0000][1][safepoint    ] Safepoint "RevokeBias", Time since last: 29271 ns, Reaching safepoint: 81237 ns, At safepoint: 21533 ns, Total: 102770 ns
[2020-09-11T12:03:26.716+0000][1][safepoint    ] Safepoint "RevokeBias", Time since last: 29177 ns, Reaching safepoint: 81344 ns, At safepoint: 21079 ns, Total: 102423 ns
[2020-09-11T12:03:26.716+0000][1][safepoint    ] Safepoint "RevokeBias", Time since last: 28711 ns, Reaching safepoint: 81263 ns, At safepoint: 21088 ns, Total: 102351 ns
[2020-09-11T12:03:26.716+0000][1][safepoint    ] Safepoint "RevokeBias", Time since last: 28502 ns, Reaching safepoint: 81255 ns, At safepoint: 21022 ns, Total: 102277 ns
[2020-09-11T12:03:26.717+0000][1][safepoint    ] Safepoint "BulkRevokeBias", Time since last: 28610 ns, Reaching safepoint: 81253 ns, At safepoint: 92155 ns, Total: 173408 ns
[2020-09-11T12:03:26.724+0000][1][safepoint    ] Safepoint "RevokeBias", Time since last: 6875767 ns, Reaching safepoint: 91384 ns, At safepoint: 33878 ns, Total: 125262 ns
[2020-09-11T12:03:26.724+0000][1][safepoint    ] Safepoint "RevokeBias", Time since last: 109594 ns, Reaching safepoint: 93534 ns, At safepoint: 23457 ns, Total: 116991 ns
[2020-09-11T12:03:26.724+0000][1][safepoint    ] Safepoint "RevokeBias", Time since last: 52011 ns, Reaching safepoint: 81801 ns, At safepoint: 22283 ns, Total: 104084 ns
[2020-09-11T12:03:26.724+0000][1][safepoint    ] Safepoint "RevokeBias", Time since last: 64095 ns, Reaching safepoint: 83537 ns, At safepoint: 22123 ns, Total: 105660 ns
[2020-09-11T12:03:26.724+0000][1][safepoint    ] Safepoint "RevokeBias", Time since last: 40124 ns, Reaching safepoint: 83204 ns, At safepoint: 25012 ns, Total: 108216 ns
[2020-09-11T12:03:26.726+0000][1][safepoint    ] Safepoint "RevokeBias", Time since last: 1256960 ns, Reaching safepoint: 357820 ns, At safepoint: 19897 ns, Total: 377717 ns
[2020-09-11T12:03:26.728+0000][1][safepoint    ] Safepoint "RevokeBias", Time since last: 1752260 ns, Reaching safepoint: 95388 ns, At safepoint: 36333 ns, Total: 131721 ns
[2020-09-11T12:03:26.728+0000][1][safepoint    ] Safepoint "RevokeBias", Time since last: 73561 ns, Reaching safepoint: 82828 ns, At safepoint: 19292 ns, Total: 102120 ns
[2020-09-11T12:03:26.731+0000][1][safepoint    ] Safepoint "RevokeBias", Time since last: 122736 ns, Reaching safepoint: 3377427 ns, At safepoint: 26943 ns, Total: 3404370 ns
[2020-09-11T12:03:26.732+0000][1][safepoint    ] Safepoint "RevokeBias", Time since last: 71768 ns, Reaching safepoint: 82245 ns, At safepoint: 24123 ns, Total: 106368 ns
[2020-09-11T12:03:26.735+0000][1][safepoint    ] Safepoint "RevokeBias", Time since last: 30315 ns, Reaching safepoint: 3763411 ns, At safepoint: 26401 ns, Total: 3789812 ns
[2020-09-11T12:03:26.736+0000][1][safepoint    ] Safepoint "RevokeBias", Time since last: 42936 ns, Reaching safepoint: 80236 ns, At safepoint: 19033 ns, Total: 99269 ns
[2020-09-11T12:03:26.736+0000][1][safepoint    ] Safepoint "RevokeBias", Time since last: 290455 ns, Reaching safepoint: 82889 ns, At safepoint: 19009 ns, Total: 101898 ns
[2020-09-11T12:03:26.736+0000][1][safepoint    ] Safepoint "RevokeBias", Time since last: 121557 ns, Reaching safepoint: 82796 ns, At safepoint: 26072 ns, Total: 108868 ns
[2020-09-11T12:03:26.736+0000][1][safepoint    ] Safepoint "RevokeBias", Time since last: 107632 ns, Reaching safepoint: 82567 ns, At safepoint: 24411 ns, Total: 106978 ns
[2020-09-11T12:03:26.740+0000][1][safepoint    ] Safepoint "RevokeBias", Time since last: 2974698 ns, Reaching safepoint: 83308 ns, At safepoint: 21924 ns, Total: 105232 ns
[2020-09-11T12:03:26.740+0000][1][safepoint    ] Safepoint "RevokeBias", Time since last: 75756 ns, Reaching safepoint: 84574 ns, At safepoint: 45373 ns, Total: 129947 ns
[2020-09-11T12:03:26.752+0000][1][safepoint    ] Safepoint "RevokeBias", Time since last: 11852747 ns, Reaching safepoint: 103768 ns, At safepoint: 48997 ns, Total: 152765 ns
[2020-09-11T12:03:26.752+0000][1][safepoint    ] Safepoint "RevokeBias", Time since last: 158392 ns, Reaching safepoint: 80873 ns, At safepoint: 20128 ns, Total: 101001 ns
[2020-09-11T12:03:26.765+0000][1][safepoint    ] Safepoint "BulkRevokeBias", Time since last: 13090492 ns, Reaching safepoint: 115822 ns, At safepoint: 115937 ns, Total: 231759 ns
[2020-09-11T12:03:26.776+0000][1][safepoint    ] Safepoint "RevokeBias", Time since last: 10115807 ns, Reaching safepoint: 117460 ns, At safepoint: 53858 ns, Total: 171318 ns
[2020-09-11T12:03:26.776+0000][1][safepoint    ] Safepoint "BulkRevokeBias", Time since last: 122850 ns, Reaching safepoint: 85774 ns, At safepoint: 113834 ns, Total: 199608 ns
[2020-09-11T12:03:26.824+0000][1][safepoint    ] Safepoint "RevokeBias", Time since last: 47508070 ns, Reaching safepoint: 248087 ns, At safepoint: 36690 ns, Total: 284777 ns
[2020-09-11T12:03:26.824+0000][1][safepoint    ] Safepoint "RevokeBias", Time since last: 673134 ns, Reaching safepoint: 90547 ns, At safepoint: 18082 ns, Total: 108629 ns
[2020-09-11T12:03:26.825+0000][1][safepoint    ] Safepoint "RevokeBias", Time since last: 35995 ns, Reaching safepoint: 80652 ns, At safepoint: 14799 ns, Total: 95451 ns
[2020-09-11T12:03:27.490+0000][1][safepoint    ] Safepoint "RevokeBias", Time since last: 665245658 ns, Reaching safepoint: 117059 ns, At safepoint: 14751 ns, Total: 131810 ns
[2020-09-11T12:03:27.490+0000][1][safepoint    ] Safepoint "RevokeBias", Time since last: 273889 ns, Reaching safepoint: 12623 ns, At safepoint: 8117 ns, Total: 20740 ns
[2020-09-11T12:03:28.492+0000][1][safepoint    ] Safepoint "Cleanup", Time since last: 1001130164 ns, Reaching safepoint: 339605 ns, At safepoint: 10579 ns, Total: 350184 ns
[2020-09-11T12:03:28.890+0000][1][gc,start     ] GC(61) Pause Young (Allocation Failure)
[2020-09-11T12:03:28.890+0000][1][gc,task      ] GC(61) Using 1 workers of 1 for evacuation
[2020-09-11T12:03:29.190+0000][1][gc,age       ] GC(61) Desired survivor size 4358144 bytes, new threshold 2 (max threshold 6)
[2020-09-11T12:03:29.190+0000][1][gc,age       ] GC(61) Age table with threshold 2 (max threshold 6)
[2020-09-11T12:03:29.190+0000][1][gc,age       ] GC(61) - age   1:    1212136 bytes,    1212136 total
[2020-09-11T12:03:29.190+0000][1][gc,age       ] GC(61) - age   2:    3555376 bytes,    4767512 total
[2020-09-11T12:03:29.190+0000][1][gc,heap      ] GC(61) ParNew: 76672K->6992K(76672K)
[2020-09-11T12:03:29.190+0000][1][gc,heap      ] GC(61) CMS: 50205K->54419K(439104K)
[2020-09-11T12:03:29.190+0000][1][gc,metaspace ] GC(61) Metaspace: 53192K->53192K(1097728K)
[2020-09-11T12:03:29.190+0000][1][gc           ] GC(61) Pause Young (Allocation Failure) 123M->59M(503M) 299.974ms
[2020-09-11T12:03:29.190+0000][1][gc,cpu       ] GC(61) User=0.08s Sys=0.00s Real=0.30s
[2020-09-11T12:03:29.195+0000][1][safepoint    ] Safepoint "GenCollectForAllocation", Time since last: 398325211 ns, Reaching safepoint: 121680 ns, At safepoint: 305249726 ns, Total: 305371406 ns
[2020-09-11T12:03:30.232+0000][1][safepoint    ] Safepoint "Cleanup", Time since last: 1035642107 ns, Reaching safepoint: 445075 ns, At safepoint: 8443 ns, Total: 453518 ns
[2020-09-11T12:03:31.241+0000][1][safepoint    ] Safepoint "Cleanup", Time since last: 1007864037 ns, Reaching safepoint: 2064976 ns, At safepoint: 9849 ns, Total: 2074825 ns
[2020-09-11T12:03:32.262+0000][1][safepoint    ] Safepoint "Cleanup", Time since last: 1005262891 ns, Reaching safepoint: 15132081 ns, At safepoint: 8998 ns, Total: 15141079 ns
[2020-09-11T12:03:33.270+0000][1][safepoint    ] Safepoint "Cleanup", Time since last: 1001516071 ns, Reaching safepoint: 6307899 ns, At safepoint: 14858 ns, Total: 6322757 ns
[2020-09-11T12:03:33.644+0000][1][safepoint    ] Safepoint "CollectForMetadataAllocation", Time since last: 370990777 ns, Reaching safepoint: 2927667 ns, At safepoint: 140071 ns, Total: 3067738 ns
[2020-09-11T12:03:33.869+0000][1][safepoint    ] Safepoint "CollectForMetadataAllocation", Time since last: 225481483 ns, Reaching safepoint: 69813 ns, At safepoint: 124074 ns, Total: 193887 ns
[2020-09-11T12:03:34.060+0000][1][safepoint    ] Safepoint "CollectForMetadataAllocation", Time since last: 190457431 ns, Reaching safepoint: 110861 ns, At safepoint: 111040 ns, Total: 221901 ns
[2020-09-11T12:03:34.105+0000][1][gc,start     ] GC(62) Pause Young (Allocation Failure)
[2020-09-11T12:03:34.105+0000][1][gc,task      ] GC(62) Using 1 workers of 1 for evacuation
[2020-09-11T12:03:34.227+0000][1][gc,age       ] GC(62) Desired survivor size 4358144 bytes, new threshold 6 (max threshold 6)
[2020-09-11T12:03:34.227+0000][1][gc,age       ] GC(62) Age table with threshold 6 (max threshold 6)
[2020-09-11T12:03:34.227+0000][1][gc,age       ] GC(62) - age   1:    1810248 bytes,    1810248 total
[2020-09-11T12:03:34.227+0000][1][gc,age       ] GC(62) - age   2:    1180912 bytes,    2991160 total
[2020-09-11T12:03:34.227+0000][1][gc,heap      ] GC(62) ParNew: 75152K->5239K(76672K)
[2020-09-11T12:03:34.227+0000][1][gc,heap      ] GC(62) CMS: 54419K->57996K(439104K)
[2020-09-11T12:03:34.227+0000][1][gc,metaspace ] GC(62) Metaspace: 61171K->61171K(1105920K)
[2020-09-11T12:03:34.227+0000][1][gc           ] GC(62) Pause Young (Allocation Failure) 126M->61M(503M) 121.556ms
[2020-09-11T12:03:34.227+0000][1][gc,cpu       ] GC(62) User=0.03s Sys=0.00s Real=0.12s
[2020-09-11T12:03:34.234+0000][1][safepoint    ] Safepoint "GenCollectForAllocation", Time since last: 45114050 ns, Reaching safepoint: 69956 ns, At safepoint: 128410123 ns, Total: 128480079 ns
[2020-09-11T12:03:34.265+0000][1][gc,start     ] GC(63) Pause Initial Mark
[2020-09-11T12:03:34.282+0000][1][gc           ] GC(63) Pause Initial Mark 63M->63M(503M) 16.835ms
[2020-09-11T12:03:34.282+0000][1][gc,cpu       ] GC(63) User=0.01s Sys=0.00s Real=0.01s
[2020-09-11T12:03:34.313+0000][1][safepoint    ] Safepoint "CMS_Initial_Mark", Time since last: 31513448 ns, Reaching safepoint: 75663 ns, At safepoint: 47935322 ns, Total: 48010985 ns
[2020-09-11T12:03:34.313+0000][1][gc           ] GC(63) Concurrent Mark
[2020-09-11T12:03:34.609+0000][1][safepoint    ] Safepoint "CollectForMetadataAllocation", Time since last: 288000623 ns, Reaching safepoint: 8039038 ns, At safepoint: 86791 ns, Total: 8125829 ns
[2020-09-11T12:03:34.823+0000][1][safepoint    ] Safepoint "RevokeBias", Time since last: 211922531 ns, Reaching safepoint: 1984728 ns, At safepoint: 36739 ns, Total: 2021467 ns
[2020-09-11T12:03:34.825+0000][1][safepoint    ] Safepoint "RevokeBias", Time since last: 136535 ns, Reaching safepoint: 1769163 ns, At safepoint: 23471 ns, Total: 1792634 ns
[2020-09-11T12:03:34.827+0000][1][safepoint    ] Safepoint "RevokeBias", Time since last: 141460 ns, Reaching safepoint: 1838364 ns, At safepoint: 45970 ns, Total: 1884334 ns
[2020-09-11T12:03:34.857+0000][1][safepoint    ] Safepoint "RevokeBias", Time since last: 29966565 ns, Reaching safepoint: 72599 ns, At safepoint: 34867 ns, Total: 107466 ns
[2020-09-11T12:03:35.026+0000][1][gc           ] GC(63) Concurrent Mark 712.429ms
[2020-09-11T12:03:35.026+0000][1][gc,cpu       ] GC(63) User=0.17s Sys=0.00s Real=0.72s
[2020-09-11T12:03:35.026+0000][1][gc           ] GC(63) Concurrent Preclean
[2020-09-11T12:03:35.027+0000][1][gc           ] GC(63) Concurrent Preclean 1.174ms
[2020-09-11T12:03:35.027+0000][1][gc,cpu       ] GC(63) User=0.00s Sys=0.00s Real=0.00s
[2020-09-11T12:03:35.027+0000][1][gc           ] GC(63) Concurrent Abortable Preclean
[2020-09-11T12:03:35.099+0000][1][safepoint    ] Safepoint "CollectForMetadataAllocation", Time since last: 241909892 ns, Reaching safepoint: 74042 ns, At safepoint: 143967 ns, Total: 218009 ns
[2020-09-11T12:03:35.432+0000][1][safepoint    ] Safepoint "CollectForMetadataAllocation", Time since last: 331938099 ns, Reaching safepoint: 71551 ns, At safepoint: 127106 ns, Total: 198657 ns
[2020-09-11T12:03:35.615+0000][1][safepoint    ] Safepoint "RevokeBias", Time since last: 175995187 ns, Reaching safepoint: 7821868 ns, At safepoint: 45179 ns, Total: 7867047 ns
[2020-09-11T12:03:35.616+0000][1][safepoint    ] Safepoint "RevokeBias", Time since last: 214211 ns, Reaching safepoint: 87654 ns, At safepoint: 22009 ns, Total: 109663 ns
[2020-09-11T12:03:35.616+0000][1][safepoint    ] Safepoint "RevokeBias", Time since last: 38291 ns, Reaching safepoint: 84552 ns, At safepoint: 21822 ns, Total: 106374 ns
[2020-09-11T12:03:35.616+0000][1][safepoint    ] Safepoint "RevokeBias", Time since last: 146752 ns, Reaching safepoint: 85100 ns, At safepoint: 27693 ns, Total: 112793 ns
[2020-09-11T12:03:36.083+0000][1][safepoint    ] Safepoint "CollectForMetadataAllocation", Time since last: 466246456 ns, Reaching safepoint: 65348 ns, At safepoint: 174285 ns, Total: 239633 ns
[2020-09-11T12:03:36.286+0000][1][safepoint    ] Safepoint "CollectForMetadataAllocation", Time since last: 200712674 ns, Reaching safepoint: 2013906 ns, At safepoint: 354866 ns, Total: 2368772 ns
[2020-09-11T12:03:37.272+0000][1][safepoint    ] Safepoint "CollectForMetadataAllocation", Time since last: 985646570 ns, Reaching safepoint: 75906 ns, At safepoint: 122665 ns, Total: 198571 ns
[2020-09-11T12:03:37.404+0000][1][safepoint    ] Safepoint "Deoptimize", Time since last: 131823454 ns, Reaching safepoint: 63899 ns, At safepoint: 326670 ns, Total: 390569 ns
[2020-09-11T12:03:37.876+0000][1][safepoint    ] Safepoint "CollectForMetadataAllocation", Time since last: 451565065 ns, Reaching safepoint: 20101731 ns, At safepoint: 85696 ns, Total: 20187427 ns
[2020-09-11T12:03:38.316+0000][1][safepoint    ] Safepoint "CollectForMetadataAllocation", Time since last: 431954155 ns, Reaching safepoint: 7919544 ns, At safepoint: 137628 ns, Total: 8057172 ns
[2020-09-11T12:03:38.824+0000][1][safepoint    ] Safepoint "RevokeBias", Time since last: 507826995 ns, Reaching safepoint: 75486 ns, At safepoint: 50338 ns, Total: 125824 ns
[2020-09-11T12:03:38.828+0000][1][safepoint    ] Safepoint "RevokeBias", Time since last: 3860039 ns, Reaching safepoint: 117161 ns, At safepoint: 14158 ns, Total: 131319 ns
[2020-09-11T12:03:38.842+0000][1][gc           ] GC(63) Concurrent Abortable Preclean 3814.493ms
[2020-09-11T12:03:38.842+0000][1][gc,cpu       ] GC(63) User=0.93s Sys=0.02s Real=3.81s
[2020-09-11T12:03:38.848+0000][1][gc,start     ] GC(63) Pause Remark
[2020-09-11T12:03:38.930+0000][1][gc           ] GC(63) Pause Remark 95M->95M(503M) 81.979ms
[2020-09-11T12:03:38.930+0000][1][gc,cpu       ] GC(63) User=0.03s Sys=0.00s Real=0.08s
[2020-09-11T12:03:38.974+0000][1][safepoint    ] Safepoint "CMS_Final_Remark", Time since last: 19845245 ns, Reaching safepoint: 111880 ns, At safepoint: 126896520 ns, Total: 127008400 ns
[2020-09-11T12:03:38.975+0000][1][gc           ] GC(63) Concurrent Sweep
[2020-09-11T12:03:39.115+0000][1][safepoint    ] Safepoint "CollectForMetadataAllocation", Time since last: 121040275 ns, Reaching safepoint: 19637422 ns, At safepoint: 87829 ns, Total: 19725251 ns
[2020-09-11T12:03:39.130+0000][1][gc           ] GC(63) Concurrent Sweep 155.655ms
[2020-09-11T12:03:39.130+0000][1][gc,cpu       ] GC(63) User=0.05s Sys=0.00s Real=0.16s
[2020-09-11T12:03:39.130+0000][1][gc           ] GC(63) Concurrent Reset
[2020-09-11T12:03:39.131+0000][1][gc           ] GC(63) Concurrent Reset 0.637ms
[2020-09-11T12:03:39.131+0000][1][gc,cpu       ] GC(63) User=0.00s Sys=0.00s Real=0.00s
[2020-09-11T12:03:39.131+0000][1][gc,heap      ] GC(63) Old: 57996K->57041K(439104K)
[2020-09-11T12:03:40.115+0000][1][safepoint    ] Safepoint "Cleanup", Time since last: 1000133955 ns, Reaching safepoint: 132812 ns, At safepoint: 6812 ns, Total: 139624 ns
[2020-09-11T12:03:40.546+0000][1][safepoint    ] Safepoint "RevokeBias", Time since last: 430415199 ns, Reaching safepoint: 137307 ns, At safepoint: 17484 ns, Total: 154791 ns
[2020-09-11T12:03:41.547+0000][1][safepoint    ] Safepoint "Cleanup", Time since last: 1000703252 ns, Reaching safepoint: 127423 ns, At safepoint: 6573 ns, Total: 133996 ns
[2020-09-11T12:03:41.577+0000][1][gc,start     ] GC(64) Pause Young (Allocation Failure)
[2020-09-11T12:03:41.577+0000][1][gc,task      ] GC(64) Using 1 workers of 1 for evacuation
[2020-09-11T12:03:41.696+0000][1][gc,age       ] GC(64) Desired survivor size 4358144 bytes, new threshold 2 (max threshold 6)
[2020-09-11T12:03:41.696+0000][1][gc,age       ] GC(64) Age table with threshold 2 (max threshold 6)
[2020-09-11T12:03:41.696+0000][1][gc,age       ] GC(64) - age   1:    3417032 bytes,    3417032 total
[2020-09-11T12:03:41.696+0000][1][gc,age       ] GC(64) - age   2:    1639680 bytes,    5056712 total
[2020-09-11T12:03:41.696+0000][1][gc,age       ] GC(64) - age   3:    1132776 bytes,    6189488 total
[2020-09-11T12:03:41.696+0000][1][gc,heap      ] GC(64) ParNew: 73399K->7216K(76672K)
[2020-09-11T12:03:41.696+0000][1][gc,heap      ] GC(64) CMS: 57041K->57041K(439104K)
[2020-09-11T12:03:41.696+0000][1][gc,metaspace ] GC(64) Metaspace: 66652K->66652K(1110016K)
[2020-09-11T12:03:41.696+0000][1][gc           ] GC(64) Pause Young (Allocation Failure) 127M->62M(503M) 119.100ms
[2020-09-11T12:03:41.696+0000][1][gc,cpu       ] GC(64) User=0.03s Sys=0.00s Real=0.12s
[2020-09-11T12:03:41.711+0000][1][safepoint    ] Safepoint "GenCollectForAllocation", Time since last: 30125429 ns, Reaching safepoint: 107279 ns, At safepoint: 133915997 ns, Total: 134023276 ns
[2020-09-11T12:03:42.128+0000][1][safepoint    ] Safepoint "RevokeBias", Time since last: 416433848 ns, Reaching safepoint: 130849 ns, At safepoint: 43583 ns, Total: 174432 ns
[2020-09-11T12:03:42.172+0000][1][safepoint    ] Safepoint "Deoptimize", Time since last: 40672056 ns, Reaching safepoint: 3260048 ns, At safepoint: 347345 ns, Total: 3607393 ns
[2020-09-11T12:03:42.204+0000][1][safepoint    ] Safepoint "Deoptimize", Time since last: 23530626 ns, Reaching safepoint: 8013986 ns, At safepoint: 352214 ns, Total: 8366200 ns
[2020-09-11T12:03:42.635+0000][1][safepoint    ] Safepoint "RevokeBias", Time since last: 430889383 ns, Reaching safepoint: 108812 ns, At safepoint: 22271 ns, Total: 131083 ns
[2020-09-11T12:03:42.635+0000][1][safepoint    ] Safepoint "RevokeBias", Time since last: 382743 ns, Reaching safepoint: 11635 ns, At safepoint: 17091 ns, Total: 28726 ns
[2020-09-11T12:03:42.640+0000][1][safepoint    ] Safepoint "RevokeBias", Time since last: 4836208 ns, Reaching safepoint: 100070 ns, At safepoint: 51398 ns, Total: 151468 ns
[2020-09-11T12:03:42.643+0000][1][safepoint    ] Safepoint "RevokeBias", Time since last: 173746 ns, Reaching safepoint: 2519282 ns, At safepoint: 26411 ns, Total: 2545693 ns
[2020-09-11T12:03:42.648+0000][1][safepoint    ] Safepoint "RevokeBias", Time since last: 4584627 ns, Reaching safepoint: 104495 ns, At safepoint: 27188 ns, Total: 131683 ns
[2020-09-11T12:03:42.648+0000][1][safepoint    ] Safepoint "RevokeBias", Time since last: 72583 ns, Reaching safepoint: 80918 ns, At safepoint: 16500 ns, Total: 97418 ns
[2020-09-11T12:03:42.648+0000][1][safepoint    ] Safepoint "RevokeBias", Time since last: 97019 ns, Reaching safepoint: 82092 ns, At safepoint: 15318 ns, Total: 97410 ns
[2020-09-11T12:03:42.648+0000][1][safepoint    ] Safepoint "RevokeBias", Time since last: 338562 ns, Reaching safepoint: 79485 ns, At safepoint: 16003 ns, Total: 95488 ns
[2020-09-11T12:03:42.649+0000][1][safepoint    ] Safepoint "RevokeBias", Time since last: 163969 ns, Reaching safepoint: 81458 ns, At safepoint: 15476 ns, Total: 96934 ns
[2020-09-11T12:03:42.649+0000][1][safepoint    ] Safepoint "RevokeBias", Time since last: 36021 ns, Reaching safepoint: 79657 ns, At safepoint: 15108 ns, Total: 94765 ns
[2020-09-11T12:03:42.656+0000][1][safepoint    ] Safepoint "RevokeBias", Time since last: 6562750 ns, Reaching safepoint: 90063 ns, At safepoint: 21821 ns, Total: 111884 ns
[2020-09-11T12:03:42.656+0000][1][safepoint    ] Safepoint "RevokeBias", Time since last: 116652 ns, Reaching safepoint: 82819 ns, At safepoint: 17582 ns, Total: 100401 ns
[2020-09-11T12:03:42.672+0000][1][safepoint    ] Safepoint "RevokeBias", Time since last: 15688562 ns, Reaching safepoint: 113499 ns, At safepoint: 32649 ns, Total: 146148 ns
[2020-09-11T12:03:42.672+0000][1][safepoint    ] Safepoint "RevokeBias", Time since last: 429445 ns, Reaching safepoint: 14919 ns, At safepoint: 18051 ns, Total: 32970 ns
[2020-09-11T12:03:42.680+0000][1][safepoint    ] Safepoint "Deoptimize", Time since last: 7713306 ns, Reaching safepoint: 106549 ns, At safepoint: 386196 ns, Total: 492745 ns
[2020-09-11T12:03:42.712+0000][1][safepoint    ] Safepoint "RevokeBias", Time since last: 15603093 ns, Reaching safepoint: 15621691 ns, At safepoint: 51740 ns, Total: 15673431 ns
[2020-09-11T12:03:42.720+0000][1][safepoint    ] Safepoint "RevokeBias", Time since last: 7921490 ns, Reaching safepoint: 114798 ns, At safepoint: 40097 ns, Total: 154895 ns
[2020-09-11T12:03:42.895+0000][1][safepoint    ] Safepoint "RevokeBias", Time since last: 171817148 ns, Reaching safepoint: 4052398 ns, At safepoint: 33926 ns, Total: 4086324 ns
[2020-09-11T12:03:42.898+0000][1][safepoint    ] Safepoint "RevokeBias", Time since last: 92034 ns, Reaching safepoint: 2348675 ns, At safepoint: 30486 ns, Total: 2379161 ns
[2020-09-11T12:03:42.898+0000][1][safepoint    ] Safepoint "RevokeBias", Time since last: 73164 ns, Reaching safepoint: 84985 ns, At safepoint: 17565 ns, Total: 102550 ns
[2020-09-11T12:03:42.898+0000][1][safepoint    ] Safepoint "RevokeBias", Time since last: 38668 ns, Reaching safepoint: 81795 ns, At safepoint: 16382 ns, Total: 98177 ns
[2020-09-11T12:03:42.898+0000][1][safepoint    ] Safepoint "RevokeBias", Time since last: 36707 ns, Reaching safepoint: 82000 ns, At safepoint: 15707 ns, Total: 97707 ns
[2020-09-11T12:03:42.899+0000][1][safepoint    ] Safepoint "RevokeBias", Time since last: 39779 ns, Reaching safepoint: 81656 ns, At safepoint: 15809 ns, Total: 97465 ns
[2020-09-11T12:03:42.899+0000][1][safepoint    ] Safepoint "RevokeBias", Time since last: 37280 ns, Reaching safepoint: 83359 ns, At safepoint: 24987 ns, Total: 108346 ns
[2020-09-11T12:03:42.899+0000][1][safepoint    ] Safepoint "RevokeBias", Time since last: 38790 ns, Reaching safepoint: 82387 ns, At safepoint: 23132 ns, Total: 105519 ns
[2020-09-11T12:03:43.427+0000][1][safepoint    ] Safepoint "Deoptimize", Time since last: 527733531 ns, Reaching safepoint: 126593 ns, At safepoint: 343246 ns, Total: 469839 ns
[2020-09-11T12:03:43.616+0000][1][safepoint    ] Safepoint "RevokeBias", Time since last: 188561261 ns, Reaching safepoint: 116672 ns, At safepoint: 18841 ns, Total: 135513 ns
[2020-09-11T12:03:43.616+0000][1][safepoint    ] Safepoint "RevokeBias", Time since last: 121873 ns, Reaching safepoint: 87739 ns, At safepoint: 21710 ns, Total: 109449 ns
[2020-09-11T12:03:43.616+0000][1][safepoint    ] Safepoint "RevokeBias", Time since last: 298581 ns, Reaching safepoint: 84176 ns, At safepoint: 18283 ns, Total: 102459 ns
[2020-09-11T12:03:43.620+0000][1][safepoint    ] Safepoint "RevokeBias", Time since last: 3050694 ns, Reaching safepoint: 95707 ns, At safepoint: 23055 ns, Total: 118762 ns
[2020-09-11T12:03:43.620+0000][1][safepoint    ] Safepoint "RevokeBias", Time since last: 361343 ns, Reaching safepoint: 88713 ns, At safepoint: 17410 ns, Total: 106123 ns
[2020-09-11T12:03:43.657+0000][1][safepoint    ] Safepoint "RevokeBias", Time since last: 36509983 ns, Reaching safepoint: 126508 ns, At safepoint: 21329 ns, Total: 147837 ns
[2020-09-11T12:03:43.657+0000][1][safepoint    ] Safepoint "RevokeBias", Time since last: 190490 ns, Reaching safepoint: 15353 ns, At safepoint: 26479 ns, Total: 41832 ns
[2020-09-11T12:03:43.657+0000][1][safepoint    ] Safepoint "RevokeBias", Time since last: 156137 ns, Reaching safepoint: 18217 ns, At safepoint: 29822 ns, Total: 48039 ns
[2020-09-11T12:03:43.657+0000][1][safepoint    ] Safepoint "RevokeBias", Time since last: 277690 ns, Reaching safepoint: 15834 ns, At safepoint: 11986 ns, Total: 27820 ns
[2020-09-11T12:03:43.657+0000][1][safepoint    ] Safepoint "RevokeBias", Time since last: 37197 ns, Reaching safepoint: 12387 ns, At safepoint: 10732 ns, Total: 23119 ns
[2020-09-11T12:03:43.658+0000][1][safepoint    ] Safepoint "RevokeBias", Time since last: 65495 ns, Reaching safepoint: 13727 ns, At safepoint: 10986 ns, Total: 24713 ns
[2020-09-11T12:03:43.658+0000][1][safepoint    ] Safepoint "RevokeBias", Time since last: 181610 ns, Reaching safepoint: 12700 ns, At safepoint: 11320 ns, Total: 24020 ns
[2020-09-11T12:03:43.658+0000][1][safepoint    ] Safepoint "RevokeBias", Time since last: 31227 ns, Reaching safepoint: 11115 ns, At safepoint: 10550 ns, Total: 21665 ns
[2020-09-11T12:03:43.664+0000][1][safepoint    ] Safepoint "BulkRevokeBias", Time since last: 5671221 ns, Reaching safepoint: 30618 ns, At safepoint: 95597 ns, Total: 126215 ns
[2020-09-11T12:03:43.667+0000][1][safepoint    ] Safepoint "RevokeBias", Time since last: 3823994 ns, Reaching safepoint: 33491 ns, At safepoint: 17786 ns, Total: 51277 ns
[2020-09-11T12:03:43.673+0000][1][safepoint    ] Safepoint "RevokeBias", Time since last: 4910487 ns, Reaching safepoint: 107087 ns, At safepoint: 24220 ns, Total: 131307 ns
[2020-09-11T12:03:43.673+0000][1][safepoint    ] Safepoint "RevokeBias", Time since last: 62860 ns, Reaching safepoint: 85858 ns, At safepoint: 15940 ns, Total: 101798 ns
[2020-09-11T12:03:43.708+0000][1][safepoint    ] Safepoint "RevokeBias", Time since last: 23059152 ns, Reaching safepoint: 12350750 ns, At safepoint: 23654 ns, Total: 12374404 ns
[2020-09-11T12:03:43.720+0000][1][safepoint    ] Safepoint "RevokeBias", Time since last: 11215331 ns, Reaching safepoint: 164165 ns, At safepoint: 22035 ns, Total: 186200 ns
[2020-09-11T12:03:43.721+0000][1][safepoint    ] Safepoint "RevokeBias", Time since last: 940328 ns, Reaching safepoint: 91817 ns, At safepoint: 16243 ns, Total: 108060 ns
[2020-09-11T12:03:43.721+0000][1][safepoint    ] Safepoint "RevokeBias", Time since last: 156781 ns, Reaching safepoint: 83968 ns, At safepoint: 12430 ns, Total: 96398 ns
[2020-09-11T12:03:43.724+0000][1][safepoint    ] Safepoint "RevokeBias", Time since last: 2586726 ns, Reaching safepoint: 97780 ns, At safepoint: 17929 ns, Total: 115709 ns
[2020-09-11T12:03:43.760+0000][1][safepoint    ] Safepoint "RevokeBias", Time since last: 35876870 ns, Reaching safepoint: 111765 ns, At safepoint: 20615 ns, Total: 132380 ns
[2020-09-11T12:03:44.571+0000][1][safepoint    ] Safepoint "RevokeBias", Time since last: 811744830 ns, Reaching safepoint: 132418 ns, At safepoint: 14236 ns, Total: 146654 ns
[2020-09-11T12:03:44.611+0000][1][safepoint    ] Safepoint "RevokeBias", Time since last: 39542519 ns, Reaching safepoint: 107238 ns, At safepoint: 15270 ns, Total: 122508 ns
[2020-09-11T12:03:44.612+0000][1][safepoint    ] Safepoint "RevokeBias", Time since last: 351356 ns, Reaching safepoint: 87377 ns, At safepoint: 11188 ns, Total: 98565 ns
[2020-09-11T12:03:44.612+0000][1][safepoint    ] Safepoint "RevokeBias", Time since last: 84650 ns, Reaching safepoint: 85637 ns, At safepoint: 10248 ns, Total: 95885 ns
[2020-09-11T12:03:44.619+0000][1][safepoint    ] Safepoint "RevokeBias", Time since last: 2198423 ns, Reaching safepoint: 5529649 ns, At safepoint: 24476 ns, Total: 5554125 ns
[2020-09-11T12:03:44.620+0000][1][safepoint    ] Safepoint "RevokeBias", Time since last: 171935 ns, Reaching safepoint: 91256 ns, At safepoint: 10098 ns, Total: 101354 ns
[2020-09-11T12:03:45.615+0000][1][safepoint    ] Safepoint "RevokeBias", Time since last: 994428586 ns, Reaching safepoint: 1263155 ns, At safepoint: 17936 ns, Total: 1281091 ns
[2020-09-11T12:03:46.623+0000][1][safepoint    ] Safepoint "RevokeBias", Time since last: 1007481972 ns, Reaching safepoint: 40327 ns, At safepoint: 20754 ns, Total: 61081 ns
[2020-09-11T12:03:47.623+0000][1][safepoint    ] Safepoint "Cleanup", Time since last: 1000131346 ns, Reaching safepoint: 53487 ns, At safepoint: 6935 ns, Total: 60422 ns
[2020-09-11T12:03:48.623+0000][1][safepoint    ] Safepoint "Cleanup", Time since last: 1000115703 ns, Reaching safepoint: 41956 ns, At safepoint: 5942 ns, Total: 47898 ns
[2020-09-11T12:03:49.625+0000][1][safepoint    ] Safepoint "Cleanup", Time since last: 1000137075 ns, Reaching safepoint: 1577222 ns, At safepoint: 8467 ns, Total: 1585689 ns
[2020-09-11T12:03:50.625+0000][1][safepoint    ] Safepoint "Cleanup", Time since last: 1000108166 ns, Reaching safepoint: 50387 ns, At safepoint: 7537 ns, Total: 57924 ns
[2020-09-11T12:03:51.625+0000][1][safepoint    ] Safepoint "Cleanup", Time since last: 1000135882 ns, Reaching safepoint: 72764 ns, At safepoint: 18976 ns, Total: 91740 ns
[2020-09-11T12:03:52.616+0000][1][safepoint    ] Safepoint "BulkRevokeBias", Time since last: 990194076 ns, Reaching safepoint: 76806 ns, At safepoint: 218943 ns, Total: 295749 ns
[2020-09-11T12:03:52.618+0000][1][safepoint    ] Safepoint "BulkRevokeBias", Time since last: 1670432 ns, Reaching safepoint: 146770 ns, At safepoint: 234532 ns, Total: 381302 ns
[2020-09-11T12:03:53.618+0000][1][safepoint    ] Safepoint "Cleanup", Time since last: 1000131929 ns, Reaching safepoint: 122241 ns, At safepoint: 6899 ns, Total: 129140 ns
[2020-09-11T12:03:54.617+0000][1][safepoint    ] Safepoint "RevokeBias", Time since last: 998240083 ns, Reaching safepoint: 89061 ns, At safepoint: 13557 ns, Total: 102618 ns
[2020-09-11T12:03:54.617+0000][1][safepoint    ] Safepoint "RevokeBias", Time since last: 87642 ns, Reaching safepoint: 14591 ns, At safepoint: 7906 ns, Total: 22497 ns
[2020-09-11T12:03:54.617+0000][1][safepoint    ] Safepoint "RevokeBias", Time since last: 58090 ns, Reaching safepoint: 14238 ns, At safepoint: 7625 ns, Total: 21863 ns
[2020-09-11T12:03:55.617+0000][1][safepoint    ] Safepoint "Cleanup", Time since last: 1000074753 ns, Reaching safepoint: 148637 ns, At safepoint: 6802 ns, Total: 155439 ns
[2020-09-11T12:03:58.618+0000][1][safepoint    ] Safepoint "Cleanup", Time since last: 3000342278 ns, Reaching safepoint: 149707 ns, At safepoint: 7278 ns, Total: 156985 ns
[2020-09-11T12:03:59.618+0000][1][safepoint    ] Safepoint "Cleanup", Time since last: 1000096111 ns, Reaching safepoint: 131856 ns, At safepoint: 7603 ns, Total: 139459 ns
[2020-09-11T12:04:01.619+0000][1][safepoint    ] Safepoint "Cleanup", Time since last: 2001367622 ns, Reaching safepoint: 36063 ns, At safepoint: 5263 ns, Total: 41326 ns
[2020-09-11T12:04:02.618+0000][1][safepoint    ] Safepoint "BulkRevokeBias", Time since last: 998362211 ns, Reaching safepoint: 149000 ns, At safepoint: 101502 ns, Total: 250502 ns
[2020-09-11T12:04:02.619+0000][1][safepoint    ] Safepoint "BulkRevokeBias", Time since last: 1225469 ns, Reaching safepoint: 101195 ns, At safepoint: 94888 ns, Total: 196083 ns
[2020-09-11T12:04:04.623+0000][1][safepoint    ] Safepoint "Cleanup", Time since last: 2003468475 ns, Reaching safepoint: 43183 ns, At safepoint: 5557 ns, Total: 48740 ns
[2020-09-11T12:04:06.623+0000][1][safepoint    ] Safepoint "Cleanup", Time since last: 2000269011 ns, Reaching safepoint: 43913 ns, At safepoint: 6282 ns, Total: 50195 ns
[2020-09-11T12:04:07.624+0000][1][safepoint    ] Safepoint "Cleanup", Time since last: 1000128554 ns, Reaching safepoint: 481195 ns, At safepoint: 21386 ns, Total: 502581 ns
[2020-09-11T12:04:12.624+0000][1][safepoint    ] Safepoint "Cleanup", Time since last: 5000518293 ns, Reaching safepoint: 76434 ns, At safepoint: 6037 ns, Total: 82471 ns
[2020-09-11T12:04:13.625+0000][1][safepoint    ] Safepoint "Cleanup", Time since last: 1000197337 ns, Reaching safepoint: 57610 ns, At safepoint: 5491 ns, Total: 63101 ns
[2020-09-11T12:04:13.730+0000][1][safepoint    ] Safepoint "RevokeBias", Time since last: 105453404 ns, Reaching safepoint: 189132 ns, At safepoint: 20294 ns, Total: 209426 ns
[2020-09-11T12:04:13.730+0000][1][safepoint    ] Safepoint "RevokeBias", Time since last: 94088 ns, Reaching safepoint: 141316 ns, At safepoint: 15535 ns, Total: 156851 ns
[2020-09-11T12:04:13.731+0000][1][safepoint    ] Safepoint "RevokeBias", Time since last: 55121 ns, Reaching safepoint: 139362 ns, At safepoint: 15180 ns, Total: 154542 ns
[2020-09-11T12:04:13.731+0000][1][safepoint    ] Safepoint "RevokeBias", Time since last: 219450 ns, Reaching safepoint: 139009 ns, At safepoint: 15393 ns, Total: 154402 ns
[2020-09-11T12:04:13.731+0000][1][safepoint    ] Safepoint "RevokeBias", Time since last: 60142 ns, Reaching safepoint: 140948 ns, At safepoint: 14878 ns, Total: 155826 ns
[2020-09-11T12:04:14.732+0000][1][safepoint    ] Safepoint "Cleanup", Time since last: 1000167805 ns, Reaching safepoint: 83883 ns, At safepoint: 7096 ns, Total: 90979 ns
[2020-09-11T12:04:16.732+0000][1][safepoint    ] Safepoint "Cleanup", Time since last: 2000270123 ns, Reaching safepoint: 75847 ns, At safepoint: 6176 ns, Total: 82023 ns
[2020-09-11T12:04:17.732+0000][1][safepoint    ] Safepoint "Cleanup", Time since last: 1000207641 ns, Reaching safepoint: 83734 ns, At safepoint: 6651 ns, Total: 90385 ns
[2020-09-11T12:04:19.733+0000][1][safepoint    ] Safepoint "Cleanup", Time since last: 2000373201 ns, Reaching safepoint: 84375 ns, At safepoint: 6366 ns, Total: 90741 ns
[2020-09-11T12:04:20.733+0000][1][safepoint    ] Safepoint "Cleanup", Time since last: 1000169993 ns, Reaching safepoint: 107203 ns, At safepoint: 17400 ns, Total: 124603 ns
[2020-09-11T12:04:21.733+0000][1][safepoint    ] Safepoint "Cleanup", Time since last: 1000225428 ns, Reaching safepoint: 100675 ns, At safepoint: 17189 ns, Total: 117864 ns
[2020-09-11T12:04:21.883+0000][1][safepoint    ] Safepoint "RevokeBias", Time since last: 149161552 ns, Reaching safepoint: 81073 ns, At safepoint: 41208 ns, Total: 122281 ns
[2020-09-11T12:04:22.307+0000][1][safepoint    ] Safepoint "RevokeBias", Time since last: 423717429 ns, Reaching safepoint: 598698 ns, At safepoint: 10729 ns, Total: 609427 ns
[2020-09-11T12:04:22.307+0000][1][safepoint    ] Safepoint "RevokeBias", Time since last: 107426 ns, Reaching safepoint: 136227 ns, At safepoint: 5500 ns, Total: 141727 ns
[2020-09-11T12:04:22.307+0000][1][safepoint    ] Safepoint "RevokeBias", Time since last: 52238 ns, Reaching safepoint: 142538 ns, At safepoint: 5256 ns, Total: 147794 ns
[2020-09-11T12:04:22.311+0000][1][safepoint    ] Safepoint "RevokeBias", Time since last: 3514002 ns, Reaching safepoint: 162855 ns, At safepoint: 7819 ns, Total: 170674 ns
[2020-09-11T12:04:22.311+0000][1][safepoint    ] Safepoint "RevokeBias", Time since last: 60542 ns, Reaching safepoint: 141278 ns, At safepoint: 5342 ns, Total: 146620 ns
[2020-09-11T12:04:22.313+0000][1][safepoint    ] Safepoint "RevokeBias", Time since last: 1665659 ns, Reaching safepoint: 149039 ns, At safepoint: 13427 ns, Total: 162466 ns
[2020-09-11T12:04:22.313+0000][1][safepoint    ] Safepoint "RevokeBias", Time since last: 78916 ns, Reaching safepoint: 141086 ns, At safepoint: 9839 ns, Total: 150925 ns
[2020-09-11T12:04:22.313+0000][1][safepoint    ] Safepoint "RevokeBias", Time since last: 50599 ns, Reaching safepoint: 144135 ns, At safepoint: 9524 ns, Total: 153659 ns
[2020-09-11T12:04:22.314+0000][1][safepoint    ] Safepoint "RevokeBias", Time since last: 463929 ns, Reaching safepoint: 144848 ns, At safepoint: 5479 ns, Total: 150327 ns
[2020-09-11T12:04:22.314+0000][1][safepoint    ] Safepoint "RevokeBias", Time since last: 44651 ns, Reaching safepoint: 142449 ns, At safepoint: 5117 ns, Total: 147566 ns
[2020-09-11T12:04:22.314+0000][1][safepoint    ] Safepoint "RevokeBias", Time since last: 34119 ns, Reaching safepoint: 142351 ns, At safepoint: 4997 ns, Total: 147348 ns
[2020-09-11T12:04:22.328+0000][1][safepoint    ] Safepoint "RevokeBias", Time since last: 13601936 ns, Reaching safepoint: 62377 ns, At safepoint: 18557 ns, Total: 80934 ns
[2020-09-11T12:04:22.328+0000][1][safepoint    ] Safepoint "RevokeBias", Time since last: 56297 ns, Reaching safepoint: 18490 ns, At safepoint: 11586 ns, Total: 30076 ns
[2020-09-11T12:04:22.329+0000][1][safepoint    ] Safepoint "RevokeBias", Time since last: 772817 ns, Reaching safepoint: 139110 ns, At safepoint: 6603 ns, Total: 145713 ns
[2020-09-11T12:04:22.329+0000][1][safepoint    ] Safepoint "RevokeBias", Time since last: 39963 ns, Reaching safepoint: 141613 ns, At safepoint: 5855 ns, Total: 147468 ns
[2020-09-11T12:04:22.331+0000][1][safepoint    ] Safepoint "RevokeBias", Time since last: 1725353 ns, Reaching safepoint: 144932 ns, At safepoint: 6062 ns, Total: 150994 ns
[2020-09-11T12:04:22.342+0000][1][safepoint    ] Safepoint "RevokeBias", Time since last: 10741447 ns, Reaching safepoint: 167752 ns, At safepoint: 8184 ns, Total: 175936 ns
[2020-09-11T12:04:22.342+0000][1][safepoint    ] Safepoint "RevokeBias", Time since last: 61755 ns, Reaching safepoint: 144423 ns, At safepoint: 5153 ns, Total: 149576 ns
[2020-09-11T12:04:22.361+0000][1][gc,start     ] GC(65) Pause Young (Allocation Failure)
[2020-09-11T12:04:22.361+0000][1][gc,task      ] GC(65) Using 1 workers of 1 for evacuation
[2020-09-11T12:04:22.387+0000][1][gc,age       ] GC(65) Desired survivor size 4358144 bytes, new threshold 2 (max threshold 6)
[2020-09-11T12:04:22.387+0000][1][gc,age       ] GC(65) Age table with threshold 2 (max threshold 6)
[2020-09-11T12:04:22.387+0000][1][gc,age       ] GC(65) - age   1:    1133584 bytes,    1133584 total
[2020-09-11T12:04:22.387+0000][1][gc,age       ] GC(65) - age   2:    3352720 bytes,    4486304 total
[2020-09-11T12:04:22.387+0000][1][gc,heap      ] GC(65) ParNew: 75376K->5134K(76672K)
[2020-09-11T12:04:22.387+0000][1][gc,heap      ] GC(65) CMS: 57041K->59839K(439104K)
[2020-09-11T12:04:22.387+0000][1][gc,metaspace ] GC(65) Metaspace: 71692K->71692K(1114112K)
[2020-09-11T12:04:22.387+0000][1][gc           ] GC(65) Pause Young (Allocation Failure) 129M->63M(503M) 25.845ms
[2020-09-11T12:04:22.387+0000][1][gc,cpu       ] GC(65) User=0.02s Sys=0.00s Real=0.03s
[2020-09-11T12:04:22.390+0000][1][safepoint    ] Safepoint "GenCollectForAllocation", Time since last: 18445235 ns, Reaching safepoint: 168418 ns, At safepoint: 28844795 ns, Total: 29013213 ns
[2020-09-11T12:04:22.392+0000][1][safepoint    ] Safepoint "RevokeBias", Time since last: 1899737 ns, Reaching safepoint: 43405 ns, At safepoint: 14734 ns, Total: 58139 ns
[2020-09-11T12:04:22.393+0000][1][safepoint    ] Safepoint "RevokeBias", Time since last: 1173207 ns, Reaching safepoint: 21329 ns, At safepoint: 14751 ns, Total: 36080 ns
[2020-09-11T12:04:22.394+0000][1][safepoint    ] Safepoint "Deoptimize", Time since last: 739021 ns, Reaching safepoint: 20607 ns, At safepoint: 378435 ns, Total: 399042 ns
[2020-09-11T12:04:22.396+0000][1][safepoint    ] Safepoint "RevokeBias", Time since last: 1601675 ns, Reaching safepoint: 151253 ns, At safepoint: 14679 ns, Total: 165932 ns
[2020-09-11T12:04:22.398+0000][1][safepoint    ] Safepoint "RevokeBias", Time since last: 2250610 ns, Reaching safepoint: 151364 ns, At safepoint: 6202 ns, Total: 157566 ns
[2020-09-11T12:04:22.400+0000][1][safepoint    ] Safepoint "RevokeBias", Time since last: 1757753 ns, Reaching safepoint: 149601 ns, At safepoint: 6372 ns, Total: 155973 ns
[2020-09-11T12:04:22.400+0000][1][safepoint    ] Safepoint "RevokeBias", Time since last: 45158 ns, Reaching safepoint: 141071 ns, At safepoint: 5208 ns, Total: 146279 ns
[2020-09-11T12:04:22.401+0000][1][safepoint    ] Safepoint "RevokeBias", Time since last: 106084 ns, Reaching safepoint: 144984 ns, At safepoint: 5159 ns, Total: 150143 ns
[2020-09-11T12:04:22.401+0000][1][safepoint    ] Safepoint "RevokeBias", Time since last: 189942 ns, Reaching safepoint: 145158 ns, At safepoint: 5403 ns, Total: 150561 ns
[2020-09-11T12:04:22.401+0000][1][safepoint    ] Safepoint "RevokeBias", Time since last: 61413 ns, Reaching safepoint: 144157 ns, At safepoint: 4977 ns, Total: 149134 ns
[2020-09-11T12:04:22.401+0000][1][safepoint    ] Safepoint "RevokeBias", Time since last: 36372 ns, Reaching safepoint: 144020 ns, At safepoint: 4910 ns, Total: 148930 ns
[2020-09-11T12:04:22.402+0000][1][safepoint    ] Safepoint "RevokeBias", Time since last: 390221 ns, Reaching safepoint: 146187 ns, At safepoint: 5395 ns, Total: 151582 ns
[2020-09-11T12:04:22.402+0000][1][safepoint    ] Safepoint "RevokeBias", Time since last: 132758 ns, Reaching safepoint: 143784 ns, At safepoint: 5150 ns, Total: 148934 ns
[2020-09-11T12:04:22.402+0000][1][safepoint    ] Safepoint "RevokeBias", Time since last: 33988 ns, Reaching safepoint: 142138 ns, At safepoint: 4863 ns, Total: 147001 ns
[2020-09-11T12:04:22.403+0000][1][safepoint    ] Safepoint "BulkRevokeBias", Time since last: 75617 ns, Reaching safepoint: 143779 ns, At safepoint: 114248 ns, Total: 258027 ns
[2020-09-11T12:04:22.403+0000][1][safepoint    ] Safepoint "RevokeBias", Time since last: 276806 ns, Reaching safepoint: 143196 ns, At safepoint: 10331 ns, Total: 153527 ns
[2020-09-11T12:04:22.403+0000][1][safepoint    ] Safepoint "RevokeBias", Time since last: 113639 ns, Reaching safepoint: 158406 ns, At safepoint: 5372 ns, Total: 163778 ns
[2020-09-11T12:04:22.426+0000][1][safepoint    ] Safepoint "RevokeBias", Time since last: 22310974 ns, Reaching safepoint: 171753 ns, At safepoint: 8656 ns, Total: 180409 ns
[2020-09-11T12:04:22.426+0000][1][safepoint    ] Safepoint "RevokeBias", Time since last: 307721 ns, Reaching safepoint: 144911 ns, At safepoint: 12105 ns, Total: 157016 ns
[2020-09-11T12:04:22.430+0000][1][safepoint    ] Safepoint "RevokeBias", Time since last: 3805711 ns, Reaching safepoint: 158369 ns, At safepoint: 7326 ns, Total: 165695 ns
[2020-09-11T12:04:22.432+0000][1][safepoint    ] Safepoint "RevokeBias", Time since last: 1140198 ns, Reaching safepoint: 152675 ns, At safepoint: 5866 ns, Total: 158541 ns
[2020-09-11T12:04:22.432+0000][1][safepoint    ] Safepoint "RevokeBias", Time since last: 44194 ns, Reaching safepoint: 144389 ns, At safepoint: 5300 ns, Total: 149689 ns
[2020-09-11T12:04:22.441+0000][1][safepoint    ] Safepoint "RevokeBias", Time since last: 8677708 ns, Reaching safepoint: 158219 ns, At safepoint: 9024 ns, Total: 167243 ns
[2020-09-11T12:04:22.443+0000][1][safepoint    ] Safepoint "RevokeBias", Time since last: 1958650 ns, Reaching safepoint: 151807 ns, At safepoint: 7963 ns, Total: 159770 ns
[2020-09-11T12:04:22.451+0000][1][safepoint    ] Safepoint "RevokeBias", Time since last: 8365586 ns, Reaching safepoint: 155886 ns, At safepoint: 9068 ns, Total: 164954 ns
[2020-09-11T12:04:22.474+0000][1][safepoint    ] Safepoint "RevokeBias", Time since last: 22592398 ns, Reaching safepoint: 121581 ns, At safepoint: 7744 ns, Total: 129325 ns
[2020-09-11T12:04:22.482+0000][1][safepoint    ] Safepoint "RevokeBias", Time since last: 7952090 ns, Reaching safepoint: 124515 ns, At safepoint: 8898 ns, Total: 133413 ns
[2020-09-11T12:04:22.483+0000][1][safepoint    ] Safepoint "RevokeBias", Time since last: 825824 ns, Reaching safepoint: 97131 ns, At safepoint: 12594 ns, Total: 109725 ns
[2020-09-11T12:04:22.488+0000][1][safepoint    ] Safepoint "RevokeBias", Time since last: 4326658 ns, Reaching safepoint: 112472 ns, At safepoint: 38649 ns, Total: 151121 ns
[2020-09-11T12:04:23.839+0000][1][safepoint    ] Safepoint "RevokeBias", Time since last: 1350940300 ns, Reaching safepoint: 51845 ns, At safepoint: 14494 ns, Total: 66339 ns
[2020-09-11T12:04:23.839+0000][1][safepoint    ] Safepoint "RevokeBias", Time since last: 67015 ns, Reaching safepoint: 15560 ns, At safepoint: 8510 ns, Total: 24070 ns
[2020-09-11T12:04:23.839+0000][1][safepoint    ] Safepoint "RevokeBias", Time since last: 258472 ns, Reaching safepoint: 16718 ns, At safepoint: 8244 ns, Total: 24962 ns
[2020-09-11T12:04:23.839+0000][1][safepoint    ] Safepoint "RevokeBias", Time since last: 44509 ns, Reaching safepoint: 15353 ns, At safepoint: 7641 ns, Total: 22994 ns
[2020-09-11T12:04:24.839+0000][1][safepoint    ] Safepoint "Cleanup", Time since last: 1000148796 ns, Reaching safepoint: 75846 ns, At safepoint: 6539 ns, Total: 82385 ns
[2020-09-11T12:04:25.840+0000][1][safepoint    ] Safepoint "Cleanup", Time since last: 1000291761 ns, Reaching safepoint: 72993 ns, At safepoint: 6683 ns, Total: 79676 ns
[2020-09-11T12:04:26.840+0000][1][safepoint    ] Safepoint "Cleanup", Time since last: 1000139536 ns, Reaching safepoint: 104378 ns, At safepoint: 7802 ns, Total: 112180 ns
[2020-09-11T12:04:27.840+0000][1][safepoint    ] Safepoint "Cleanup", Time since last: 1000140762 ns, Reaching safepoint: 103117 ns, At safepoint: 18799 ns, Total: 121916 ns
[2020-09-11T12:04:28.840+0000][1][safepoint    ] Safepoint "Cleanup", Time since last: 1000179564 ns, Reaching safepoint: 104958 ns, At safepoint: 17533 ns, Total: 122491 ns
[2020-09-11T12:04:29.841+0000][1][safepoint    ] Safepoint "Cleanup", Time since last: 1000207919 ns, Reaching safepoint: 77184 ns, At safepoint: 7707 ns, Total: 84891 ns
[2020-09-11T12:04:30.841+0000][1][safepoint    ] Safepoint "Cleanup", Time since last: 1000179815 ns, Reaching safepoint: 82325 ns, At safepoint: 7362 ns, Total: 89687 ns
[2020-09-11T12:04:31.841+0000][1][safepoint    ] Safepoint "Cleanup", Time since last: 1000173901 ns, Reaching safepoint: 109913 ns, At safepoint: 18482 ns, Total: 128395 ns
[2020-09-11T12:04:32.842+0000][1][safepoint    ] Safepoint "Cleanup", Time since last: 1000169964 ns, Reaching safepoint: 110550 ns, At safepoint: 15118 ns, Total: 125668 ns
[2020-09-11T12:04:33.842+0000][1][safepoint    ] Safepoint "Cleanup", Time since last: 1000221738 ns, Reaching safepoint: 73320 ns, At safepoint: 7970 ns, Total: 81290 ns
[2020-09-11T12:04:34.842+0000][1][safepoint    ] Safepoint "Cleanup", Time since last: 1000134330 ns, Reaching safepoint: 111005 ns, At safepoint: 15405 ns, Total: 126410 ns
[2020-09-11T12:04:35.842+0000][1][safepoint    ] Safepoint "Cleanup", Time since last: 1000207550 ns, Reaching safepoint: 87816 ns, At safepoint: 7805 ns, Total: 95621 ns
[2020-09-11T12:04:36.843+0000][1][safepoint    ] Safepoint "Cleanup", Time since last: 1000190399 ns, Reaching safepoint: 74110 ns, At safepoint: 7161 ns, Total: 81271 ns
[2020-09-11T12:04:37.843+0000][1][safepoint    ] Safepoint "Cleanup", Time since last: 1000176187 ns, Reaching safepoint: 109736 ns, At safepoint: 17386 ns, Total: 127122 ns
[2020-09-11T12:04:38.843+0000][1][safepoint    ] Safepoint "Cleanup", Time since last: 1000220475 ns, Reaching safepoint: 104771 ns, At safepoint: 83000 ns, Total: 187771 ns
[2020-09-11T12:04:39.844+0000][1][safepoint    ] Safepoint "Cleanup", Time since last: 1000224341 ns, Reaching safepoint: 93578 ns, At safepoint: 16795 ns, Total: 110373 ns
[2020-09-11T12:04:40.844+0000][1][safepoint    ] Safepoint "Cleanup", Time since last: 1000221870 ns, Reaching safepoint: 109291 ns, At safepoint: 17146 ns, Total: 126437 ns
[2020-09-11T12:04:41.844+0000][1][safepoint    ] Safepoint "Cleanup", Time since last: 1000226287 ns, Reaching safepoint: 64674 ns, At safepoint: 7071 ns, Total: 71745 ns
[2020-09-11T12:04:42.845+0000][1][safepoint    ] Safepoint "Cleanup", Time since last: 1000136906 ns, Reaching safepoint: 96652 ns, At safepoint: 16722 ns, Total: 113374 ns
[2020-09-11T12:04:43.845+0000][1][safepoint    ] Safepoint "Cleanup", Time since last: 1000202066 ns, Reaching safepoint: 103551 ns, At safepoint: 17794 ns, Total: 121345 ns
[2020-09-11T12:04:44.845+0000][1][safepoint    ] Safepoint "Cleanup", Time since last: 1000203099 ns, Reaching safepoint: 110968 ns, At safepoint: 18603 ns, Total: 129571 ns
[2020-09-11T12:04:45.846+0000][1][safepoint    ] Safepoint "Cleanup", Time since last: 1000209649 ns, Reaching safepoint: 118406 ns, At safepoint: 18663 ns, Total: 137069 ns
[2020-09-11T12:04:46.846+0000][1][safepoint    ] Safepoint "Cleanup", Time since last: 1000210419 ns, Reaching safepoint: 101236 ns, At safepoint: 16321 ns, Total: 117557 ns
[2020-09-11T12:04:47.846+0000][1][safepoint    ] Safepoint "Cleanup", Time since last: 1000211860 ns, Reaching safepoint: 88433 ns, At safepoint: 8262 ns, Total: 96695 ns
[2020-09-11T12:04:48.847+0000][1][safepoint    ] Safepoint "Cleanup", Time since last: 1000169109 ns, Reaching safepoint: 89737 ns, At safepoint: 7295 ns, Total: 97032 ns
[2020-09-11T12:04:49.847+0000][1][safepoint    ] Safepoint "Cleanup", Time since last: 1000188932 ns, Reaching safepoint: 102061 ns, At safepoint: 15269 ns, Total: 117330 ns
[2020-09-11T12:04:50.847+0000][1][safepoint    ] Safepoint "Cleanup", Time since last: 1000218653 ns, Reaching safepoint: 81147 ns, At safepoint: 7192 ns, Total: 88339 ns
[2020-09-11T12:04:51.848+0000][1][safepoint    ] Safepoint "Cleanup", Time since last: 1000134049 ns, Reaching safepoint: 164741 ns, At safepoint: 14253 ns, Total: 178994 ns
[2020-09-11T12:04:52.848+0000][1][safepoint    ] Safepoint "Cleanup", Time since last: 1000224299 ns, Reaching safepoint: 108683 ns, At safepoint: 18292 ns, Total: 126975 ns
[2020-09-11T12:04:53.848+0000][1][safepoint    ] Safepoint "Cleanup", Time since last: 1000210164 ns, Reaching safepoint: 112638 ns, At safepoint: 17952 ns, Total: 130590 ns
[2020-09-11T12:04:53.892+0000][1][safepoint    ] Safepoint "RevokeBias", Time since last: 43669074 ns, Reaching safepoint: 87588 ns, At safepoint: 34182 ns, Total: 121770 ns
[2020-09-11T12:04:53.892+0000][1][safepoint    ] Safepoint "RevokeBias", Time since last: 166188 ns, Reaching safepoint: 49664 ns, At safepoint: 24994 ns, Total: 74658 ns
[2020-09-11T12:04:53.893+0000][1][safepoint    ] Safepoint "RevokeBias", Time since last: 502220 ns, Reaching safepoint: 51298 ns, At safepoint: 30470 ns, Total: 81768 ns
[2020-09-11T12:04:53.893+0000][1][safepoint    ] Safepoint "RevokeBias", Time since last: 152226 ns, Reaching safepoint: 51191 ns, At safepoint: 24393 ns, Total: 75584 ns
[2020-09-11T12:04:54.893+0000][1][safepoint    ] Safepoint "Cleanup", Time since last: 1000138461 ns, Reaching safepoint: 141970 ns, At safepoint: 6891 ns, Total: 148861 ns
[2020-09-11T12:04:55.894+0000][1][safepoint    ] Safepoint "Cleanup", Time since last: 1000199678 ns, Reaching safepoint: 85105 ns, At safepoint: 6643 ns, Total: 91748 ns
[2020-09-11T12:04:56.894+0000][1][safepoint    ] Safepoint "Cleanup", Time since last: 1000187900 ns, Reaching safepoint: 79787 ns, At safepoint: 7180 ns, Total: 86967 ns
[2020-09-11T12:04:57.894+0000][1][safepoint    ] Safepoint "Cleanup", Time since last: 1000183976 ns, Reaching safepoint: 108262 ns, At safepoint: 17577 ns, Total: 125839 ns
[2020-09-11T12:04:58.895+0000][1][safepoint    ] Safepoint "Cleanup", Time since last: 1000219525 ns, Reaching safepoint: 82097 ns, At safepoint: 7163 ns, Total: 89260 ns
[2020-09-11T12:04:59.895+0000][1][safepoint    ] Safepoint "Cleanup", Time since last: 1000168799 ns, Reaching safepoint: 109050 ns, At safepoint: 17013 ns, Total: 126063 ns
[2020-09-11T12:05:00.895+0000][1][safepoint    ] Safepoint "Cleanup", Time since last: 1000181478 ns, Reaching safepoint: 99644 ns, At safepoint: 7487 ns, Total: 107131 ns
[2020-09-11T12:05:01.895+0000][1][safepoint    ] Safepoint "Cleanup", Time since last: 1000172746 ns, Reaching safepoint: 125509 ns, At safepoint: 15883 ns, Total: 141392 ns
[2020-09-11T12:05:02.896+0000][1][safepoint    ] Safepoint "Cleanup", Time since last: 1000205784 ns, Reaching safepoint: 107828 ns, At safepoint: 17630 ns, Total: 125458 ns
[2020-09-11T12:05:03.896+0000][1][safepoint    ] Safepoint "Cleanup", Time since last: 1000179818 ns, Reaching safepoint: 115057 ns, At safepoint: 17885 ns, Total: 132942 ns
[2020-09-11T12:05:04.896+0000][1][safepoint    ] Safepoint "Cleanup", Time since last: 1000209437 ns, Reaching safepoint: 111904 ns, At safepoint: 17046 ns, Total: 128950 ns
[2020-09-11T12:05:05.897+0000][1][safepoint    ] Safepoint "Cleanup", Time since last: 1000220905 ns, Reaching safepoint: 80765 ns, At safepoint: 6621 ns, Total: 87386 ns
[2020-09-11T12:05:06.898+0000][1][safepoint    ] Safepoint "Cleanup", Time since last: 1000899707 ns, Reaching safepoint: 103154 ns, At safepoint: 16237 ns, Total: 119391 ns
[2020-09-11T12:05:07.898+0000][1][safepoint    ] Safepoint "Cleanup", Time since last: 1000223346 ns, Reaching safepoint: 102803 ns, At safepoint: 17086 ns, Total: 119889 ns
[2020-09-11T12:05:08.898+0000][1][safepoint    ] Safepoint "Cleanup", Time since last: 1000196195 ns, Reaching safepoint: 93670 ns, At safepoint: 6909 ns, Total: 100579 ns
[2020-09-11T12:05:09.899+0000][1][safepoint    ] Safepoint "Cleanup", Time since last: 1000183120 ns, Reaching safepoint: 79780 ns, At safepoint: 7828 ns, Total: 87608 ns
[2020-09-11T12:05:10.899+0000][1][safepoint    ] Safepoint "Cleanup", Time since last: 1000187551 ns, Reaching safepoint: 96177 ns, At safepoint: 9549 ns, Total: 105726 ns
[2020-09-11T12:05:11.900+0000][1][safepoint    ] Safepoint "Cleanup", Time since last: 1000960684 ns, Reaching safepoint: 77930 ns, At safepoint: 6451 ns, Total: 84381 ns
[2020-09-11T12:05:12.900+0000][1][safepoint    ] Safepoint "Cleanup", Time since last: 1000176215 ns, Reaching safepoint: 86409 ns, At safepoint: 7245 ns, Total: 93654 ns
[2020-09-11T12:05:13.901+0000][1][safepoint    ] Safepoint "Cleanup", Time since last: 1000187295 ns, Reaching safepoint: 149029 ns, At safepoint: 18165 ns, Total: 167194 ns
[2020-09-11T12:05:14.901+0000][1][safepoint    ] Safepoint "Cleanup", Time since last: 1000216002 ns, Reaching safepoint: 97400 ns, At safepoint: 17484 ns, Total: 114884 ns
[2020-09-11T12:05:15.901+0000][1][safepoint    ] Safepoint "Cleanup", Time since last: 1000221289 ns, Reaching safepoint: 88072 ns, At safepoint: 7233 ns, Total: 95305 ns
[2020-09-11T12:05:16.902+0000][1][safepoint    ] Safepoint "Cleanup", Time since last: 1000896435 ns, Reaching safepoint: 88466 ns, At safepoint: 7473 ns, Total: 95939 ns
[2020-09-11T12:05:17.903+0000][1][safepoint    ] Safepoint "Cleanup", Time since last: 1000166352 ns, Reaching safepoint: 84663 ns, At safepoint: 6395 ns, Total: 91058 ns
[2020-09-11T12:05:18.903+0000][1][safepoint    ] Safepoint "Cleanup", Time since last: 1000211776 ns, Reaching safepoint: 98403 ns, At safepoint: 15131 ns, Total: 113534 ns
[2020-09-11T12:05:19.903+0000][1][safepoint    ] Safepoint "Cleanup", Time since last: 1000194990 ns, Reaching safepoint: 101667 ns, At safepoint: 17389 ns, Total: 119056 ns
[2020-09-11T12:05:20.903+0000][1][safepoint    ] Safepoint "Cleanup", Time since last: 1000230012 ns, Reaching safepoint: 88974 ns, At safepoint: 6423 ns, Total: 95397 ns
[2020-09-11T12:05:21.905+0000][1][safepoint    ] Safepoint "Cleanup", Time since last: 1000958017 ns, Reaching safepoint: 112000 ns, At safepoint: 16655 ns, Total: 128655 ns
[2020-09-11T12:05:22.905+0000][1][safepoint    ] Safepoint "Cleanup", Time since last: 1000225704 ns, Reaching safepoint: 93128 ns, At safepoint: 7458 ns, Total: 100586 ns
[2020-09-11T12:05:23.905+0000][1][safepoint    ] Safepoint "Cleanup", Time since last: 1000166046 ns, Reaching safepoint: 91458 ns, At safepoint: 7697 ns, Total: 99155 ns
[2020-09-11T12:05:24.905+0000][1][safepoint    ] Safepoint "Cleanup", Time since last: 1000132994 ns, Reaching safepoint: 102914 ns, At safepoint: 7120 ns, Total: 110034 ns
[2020-09-11T12:05:25.906+0000][1][safepoint    ] Safepoint "Cleanup", Time since last: 1000152521 ns, Reaching safepoint: 133504 ns, At safepoint: 19074 ns, Total: 152578 ns
[2020-09-11T12:05:26.907+0000][1][safepoint    ] Safepoint "Cleanup", Time since last: 1001136013 ns, Reaching safepoint: 87365 ns, At safepoint: 7677 ns, Total: 95042 ns
[2020-09-11T12:05:27.124+0000][1][gc,start     ] GC(66) Pause Young (Allocation Failure)
[2020-09-11T12:05:27.124+0000][1][gc,task      ] GC(66) Using 1 workers of 1 for evacuation
[2020-09-11T12:05:27.143+0000][1][gc,age       ] GC(66) Desired survivor size 4358144 bytes, new threshold 6 (max threshold 6)
[2020-09-11T12:05:27.143+0000][1][gc,age       ] GC(66) Age table with threshold 6 (max threshold 6)
[2020-09-11T12:05:27.144+0000][1][gc,age       ] GC(66) - age   1:     333896 bytes,     333896 total
[2020-09-11T12:05:27.144+0000][1][gc,age       ] GC(66) - age   2:    1092264 bytes,    1426160 total
[2020-09-11T12:05:27.144+0000][1][gc,heap      ] GC(66) ParNew: 73294K->4569K(76672K)
[2020-09-11T12:05:27.144+0000][1][gc,heap      ] GC(66) CMS: 59839K->63242K(439104K)
[2020-09-11T12:05:27.144+0000][1][gc,metaspace ] GC(66) Metaspace: 72686K->72686K(1116160K)
[2020-09-11T12:05:27.144+0000][1][gc           ] GC(66) Pause Young (Allocation Failure) 130M->66M(503M) 19.966ms
[2020-09-11T12:05:27.144+0000][1][gc,cpu       ] GC(66) User=0.02s Sys=0.00s Real=0.02s
[2020-09-11T12:05:27.144+0000][1][safepoint    ] Safepoint "GenCollectForAllocation", Time since last: 216537914 ns, Reaching safepoint: 164747 ns, At safepoint: 20043243 ns, Total: 20207990 ns
[2020-09-11T12:05:28.148+0000][1][safepoint    ] Safepoint "Cleanup", Time since last: 1003836598 ns, Reaching safepoint: 202181 ns, At safepoint: 18044 ns, Total: 220225 ns
[2020-09-11T12:05:29.148+0000][1][safepoint    ] Safepoint "Cleanup", Time since last: 1000152121 ns, Reaching safepoint: 115212 ns, At safepoint: 6403 ns, Total: 121615 ns
[2020-09-11T12:05:30.148+0000][1][safepoint    ] Safepoint "Cleanup", Time since last: 1000182752 ns, Reaching safepoint: 88827 ns, At safepoint: 8114 ns, Total: 96941 ns
[2020-09-11T12:05:31.149+0000][1][safepoint    ] Safepoint "Cleanup", Time since last: 1000141926 ns, Reaching safepoint: 109765 ns, At safepoint: 15446 ns, Total: 125211 ns
[2020-09-11T12:05:32.149+0000][1][safepoint    ] Safepoint "Cleanup", Time since last: 1000171427 ns, Reaching safepoint: 209621 ns, At safepoint: 18142 ns, Total: 227763 ns
[2020-09-11T12:05:33.149+0000][1][safepoint    ] Safepoint "Cleanup", Time since last: 1000210142 ns, Reaching safepoint: 85375 ns, At safepoint: 6036 ns, Total: 91411 ns
[2020-09-11T12:05:34.150+0000][1][safepoint    ] Safepoint "Cleanup", Time since last: 1000167444 ns, Reaching safepoint: 81971 ns, At safepoint: 8076 ns, Total: 90047 ns
[2020-09-11T12:05:35.150+0000][1][safepoint    ] Safepoint "Cleanup", Time since last: 1000116682 ns, Reaching safepoint: 69378 ns, At safepoint: 6895 ns, Total: 76273 ns
[2020-09-11T12:05:36.150+0000][1][safepoint    ] Safepoint "Cleanup", Time since last: 1000139146 ns, Reaching safepoint: 113323 ns, At safepoint: 16582 ns, Total: 129905 ns
[2020-09-11T12:05:37.150+0000][1][safepoint    ] Safepoint "Cleanup", Time since last: 1000184685 ns, Reaching safepoint: 102675 ns, At safepoint: 15245 ns, Total: 117920 ns
[2020-09-11T12:05:38.151+0000][1][safepoint    ] Safepoint "Cleanup", Time since last: 1000296873 ns, Reaching safepoint: 75227 ns, At safepoint: 6602 ns, Total: 81829 ns
[2020-09-11T12:05:39.151+0000][1][safepoint    ] Safepoint "Cleanup", Time since last: 1000185326 ns, Reaching safepoint: 88157 ns, At safepoint: 6630 ns, Total: 94787 ns
[2020-09-11T12:05:40.151+0000][1][safepoint    ] Safepoint "Cleanup", Time since last: 1000336264 ns, Reaching safepoint: 147128 ns, At safepoint: 16217 ns, Total: 163345 ns
[2020-09-11T12:05:41.152+0000][1][safepoint    ] Safepoint "Cleanup", Time since last: 1000202128 ns, Reaching safepoint: 107865 ns, At safepoint: 5988 ns, Total: 113853 ns
[2020-09-11T12:05:42.152+0000][1][safepoint    ] Safepoint "Cleanup", Time since last: 1000269132 ns, Reaching safepoint: 60213 ns, At safepoint: 6765 ns, Total: 66978 ns
[2020-09-11T12:05:43.152+0000][1][safepoint    ] Safepoint "Cleanup", Time since last: 1000286388 ns, Reaching safepoint: 64566 ns, At safepoint: 6289 ns, Total: 70855 ns
[2020-09-11T12:05:44.153+0000][1][safepoint    ] Safepoint "Cleanup", Time since last: 1000279886 ns, Reaching safepoint: 59502 ns, At safepoint: 7445 ns, Total: 66947 ns
[2020-09-11T12:05:45.153+0000][1][safepoint    ] Safepoint "Cleanup", Time since last: 1000306038 ns, Reaching safepoint: 119114 ns, At safepoint: 16187 ns, Total: 135301 ns
[2020-09-11T12:05:46.154+0000][1][safepoint    ] Safepoint "Cleanup", Time since last: 1000231955 ns, Reaching safepoint: 93736 ns, At safepoint: 7879 ns, Total: 101615 ns
[2020-09-11T12:05:47.155+0000][1][safepoint    ] Safepoint "Cleanup", Time since last: 1000966873 ns, Reaching safepoint: 110096 ns, At safepoint: 17617 ns, Total: 127713 ns
[2020-09-11T12:05:48.155+0000][1][safepoint    ] Safepoint "Cleanup", Time since last: 1000188822 ns, Reaching safepoint: 118472 ns, At safepoint: 18656 ns, Total: 137128 ns
[2020-09-11T12:05:49.155+0000][1][safepoint    ] Safepoint "Cleanup", Time since last: 1000209228 ns, Reaching safepoint: 104941 ns, At safepoint: 17106 ns, Total: 122047 ns
[2020-09-11T12:05:50.156+0000][1][safepoint    ] Safepoint "Cleanup", Time since last: 1000239686 ns, Reaching safepoint: 98057 ns, At safepoint: 7555 ns, Total: 105612 ns
[2020-09-11T12:05:51.156+0000][1][safepoint    ] Safepoint "Cleanup", Time since last: 1000187692 ns, Reaching safepoint: 129454 ns, At safepoint: 17310 ns, Total: 146764 ns
[2020-09-11T12:05:52.157+0000][1][safepoint    ] Safepoint "Cleanup", Time since last: 1001115236 ns, Reaching safepoint: 82240 ns, At safepoint: 7689 ns, Total: 89929 ns
[2020-09-11T12:05:53.158+0000][1][safepoint    ] Safepoint "Cleanup", Time since last: 1000172963 ns, Reaching safepoint: 119929 ns, At safepoint: 16882 ns, Total: 136811 ns
[2020-09-11T12:05:54.158+0000][1][safepoint    ] Safepoint "Cleanup", Time since last: 1000211323 ns, Reaching safepoint: 88483 ns, At safepoint: 7431 ns, Total: 95914 ns
[2020-09-11T12:05:55.158+0000][1][safepoint    ] Safepoint "Cleanup", Time since last: 1000191222 ns, Reaching safepoint: 77225 ns, At safepoint: 6972 ns, Total: 84197 ns
[2020-09-11T12:05:56.158+0000][1][safepoint    ] Safepoint "Cleanup", Time since last: 1000191831 ns, Reaching safepoint: 87462 ns, At safepoint: 7673 ns, Total: 95135 ns
[2020-09-11T12:05:57.159+0000][1][safepoint    ] Safepoint "Cleanup", Time since last: 1000899075 ns, Reaching safepoint: 94751 ns, At safepoint: 7442 ns, Total: 102193 ns
[2020-09-11T12:05:58.160+0000][1][safepoint    ] Safepoint "Cleanup", Time since last: 1000177557 ns, Reaching safepoint: 118596 ns, At safepoint: 16428 ns, Total: 135024 ns
[2020-09-11T12:05:59.160+0000][1][safepoint    ] Safepoint "Cleanup", Time since last: 1000213534 ns, Reaching safepoint: 123798 ns, At safepoint: 17106 ns, Total: 140904 ns
[2020-09-11T12:06:00.160+0000][1][safepoint    ] Safepoint "Cleanup", Time since last: 1000232241 ns, Reaching safepoint: 86033 ns, At safepoint: 6825 ns, Total: 92858 ns
[2020-09-11T12:06:01.161+0000][1][safepoint    ] Safepoint "Cleanup", Time since last: 1000191611 ns, Reaching safepoint: 123741 ns, At safepoint: 17698 ns, Total: 141439 ns
[2020-09-11T12:06:02.162+0000][1][safepoint    ] Safepoint "Cleanup", Time since last: 1001427521 ns, Reaching safepoint: 86859 ns, At safepoint: 7655 ns, Total: 94514 ns
[2020-09-11T12:06:03.162+0000][1][safepoint    ] Safepoint "Cleanup", Time since last: 1000156174 ns, Reaching safepoint: 98687 ns, At safepoint: 7158 ns, Total: 105845 ns
[2020-09-11T12:06:04.163+0000][1][safepoint    ] Safepoint "Cleanup", Time since last: 1000182623 ns, Reaching safepoint: 84816 ns, At safepoint: 7724 ns, Total: 92540 ns
[2020-09-11T12:06:05.163+0000][1][safepoint    ] Safepoint "Cleanup", Time since last: 1000187039 ns, Reaching safepoint: 121810 ns, At safepoint: 17377 ns, Total: 139187 ns
[2020-09-11T12:06:06.163+0000][1][safepoint    ] Safepoint "Cleanup", Time since last: 1000193550 ns, Reaching safepoint: 137837 ns, At safepoint: 16234 ns, Total: 154071 ns
[2020-09-11T12:06:07.165+0000][1][safepoint    ] Safepoint "Cleanup", Time since last: 1001099900 ns, Reaching safepoint: 137500 ns, At safepoint: 19324 ns, Total: 156824 ns
[2020-09-11T12:06:08.165+0000][1][safepoint    ] Safepoint "Cleanup", Time since last: 1000190019 ns, Reaching safepoint: 121088 ns, At safepoint: 17955 ns, Total: 139043 ns
[2020-09-11T12:06:09.165+0000][1][safepoint    ] Safepoint "Cleanup", Time since last: 1000224206 ns, Reaching safepoint: 119762 ns, At safepoint: 18305 ns, Total: 138067 ns
[2020-09-11T12:06:10.166+0000][1][safepoint    ] Safepoint "Cleanup", Time since last: 1000223986 ns, Reaching safepoint: 111623 ns, At safepoint: 22628 ns, Total: 134251 ns
[2020-09-11T12:06:11.166+0000][1][safepoint    ] Safepoint "Cleanup", Time since last: 1000249791 ns, Reaching safepoint: 114092 ns, At safepoint: 16775 ns, Total: 130867 ns
[2020-09-11T12:06:12.167+0000][1][safepoint    ] Safepoint "Cleanup", Time since last: 1001117003 ns, Reaching safepoint: 118311 ns, At safepoint: 15720 ns, Total: 134031 ns
[2020-09-11T12:06:13.168+0000][1][safepoint    ] Safepoint "Cleanup", Time since last: 1000204679 ns, Reaching safepoint: 114133 ns, At safepoint: 14934 ns, Total: 129067 ns
[2020-09-11T12:06:14.168+0000][1][safepoint    ] Safepoint "Cleanup", Time since last: 1000178066 ns, Reaching safepoint: 110737 ns, At safepoint: 17544 ns, Total: 128281 ns
[2020-09-11T12:06:15.168+0000][1][safepoint    ] Safepoint "Cleanup", Time since last: 1000223918 ns, Reaching safepoint: 117226 ns, At safepoint: 17390 ns, Total: 134616 ns
[2020-09-11T12:06:16.169+0000][1][safepoint    ] Safepoint "Cleanup", Time since last: 1000216521 ns, Reaching safepoint: 112181 ns, At safepoint: 17323 ns, Total: 129504 ns
[2020-09-11T12:06:17.170+0000][1][safepoint    ] Safepoint "Cleanup", Time since last: 1001260604 ns, Reaching safepoint: 86168 ns, At safepoint: 6872 ns, Total: 93040 ns
[2020-09-11T12:06:18.170+0000][1][safepoint    ] Safepoint "Cleanup", Time since last: 1000201455 ns, Reaching safepoint: 82250 ns, At safepoint: 7190 ns, Total: 89440 ns
[2020-09-11T12:06:19.171+0000][1][safepoint    ] Safepoint "Cleanup", Time since last: 1000176660 ns, Reaching safepoint: 108533 ns, At safepoint: 18055 ns, Total: 126588 ns
[2020-09-11T12:06:20.171+0000][1][safepoint    ] Safepoint "Cleanup", Time since last: 1000224199 ns, Reaching safepoint: 107998 ns, At safepoint: 17998 ns, Total: 125996 ns
[2020-09-11T12:06:21.171+0000][1][safepoint    ] Safepoint "Cleanup", Time since last: 1000225327 ns, Reaching safepoint: 129585 ns, At safepoint: 71043 ns, Total: 200628 ns
[2020-09-11T12:06:22.173+0000][1][safepoint    ] Safepoint "Cleanup", Time since last: 1001161570 ns, Reaching safepoint: 89387 ns, At safepoint: 7214 ns, Total: 96601 ns
[2020-09-11T12:06:23.173+0000][1][safepoint    ] Safepoint "Cleanup", Time since last: 1000202083 ns, Reaching safepoint: 87190 ns, At safepoint: 6969 ns, Total: 94159 ns
[2020-09-11T12:06:24.173+0000][1][safepoint    ] Safepoint "Cleanup", Time since last: 1000144536 ns, Reaching safepoint: 140329 ns, At safepoint: 20654 ns, Total: 160983 ns
[2020-09-11T12:06:25.174+0000][1][safepoint    ] Safepoint "Cleanup", Time since last: 1000246032 ns, Reaching safepoint: 91756 ns, At safepoint: 6658 ns, Total: 98414 ns
[2020-09-11T12:06:26.174+0000][1][safepoint    ] Safepoint "Cleanup", Time since last: 1000191305 ns, Reaching safepoint: 94093 ns, At safepoint: 7200 ns, Total: 101293 ns
[2020-09-11T12:06:27.175+0000][1][safepoint    ] Safepoint "Cleanup", Time since last: 1000936570 ns, Reaching safepoint: 87042 ns, At safepoint: 6751 ns, Total: 93793 ns
[2020-09-11T12:06:28.175+0000][1][safepoint    ] Safepoint "Cleanup", Time since last: 1000175698 ns, Reaching safepoint: 96828 ns, At safepoint: 7280 ns, Total: 104108 ns
[2020-09-11T12:06:29.176+0000][1][safepoint    ] Safepoint "Cleanup", Time since last: 1000184780 ns, Reaching safepoint: 111967 ns, At safepoint: 16979 ns, Total: 128946 ns
[2020-09-11T12:06:30.176+0000][1][safepoint    ] Safepoint "Cleanup", Time since last: 1000203253 ns, Reaching safepoint: 111821 ns, At safepoint: 17740 ns, Total: 129561 ns
[2020-09-11T12:06:31.176+0000][1][safepoint    ] Safepoint "Cleanup", Time since last: 1000219418 ns, Reaching safepoint: 96593 ns, At safepoint: 7749 ns, Total: 104342 ns
[2020-09-11T12:06:32.177+0000][1][safepoint    ] Safepoint "Cleanup", Time since last: 1000868804 ns, Reaching safepoint: 84786 ns, At safepoint: 6771 ns, Total: 91557 ns
[2020-09-11T12:06:32.872+0000][1][gc,start     ] GC(67) Pause Young (Allocation Failure)
[2020-09-11T12:06:32.872+0000][1][gc,task      ] GC(67) Using 1 workers of 1 for evacuation
[2020-09-11T12:06:32.880+0000][1][gc,age       ] GC(67) Desired survivor size 4358144 bytes, new threshold 6 (max threshold 6)
[2020-09-11T12:06:32.880+0000][1][gc,age       ] GC(67) Age table with threshold 6 (max threshold 6)
[2020-09-11T12:06:32.880+0000][1][gc,age       ] GC(67) - age   1:      14304 bytes,      14304 total
[2020-09-11T12:06:32.880+0000][1][gc,age       ] GC(67) - age   2:     320768 bytes,     335072 total
[2020-09-11T12:06:32.880+0000][1][gc,age       ] GC(67) - age   3:    1091680 bytes,    1426752 total
[2020-09-11T12:06:32.880+0000][1][gc,heap      ] GC(67) ParNew: 72729K->1490K(76672K)
[2020-09-11T12:06:32.880+0000][1][gc,heap      ] GC(67) CMS: 63242K->63242K(439104K)
[2020-09-11T12:06:32.880+0000][1][gc,metaspace ] GC(67) Metaspace: 73037K->73037K(1116160K)
[2020-09-11T12:06:32.880+0000][1][gc           ] GC(67) Pause Young (Allocation Failure) 132M->63M(503M) 7.728ms
[2020-09-11T12:06:32.880+0000][1][gc,cpu       ] GC(67) User=0.01s Sys=0.00s Real=0.01s
[2020-09-11T12:06:32.880+0000][1][safepoint    ] Safepoint "GenCollectForAllocation", Time since last: 694991079 ns, Reaching safepoint: 65984 ns, At safepoint: 7792285 ns, Total: 7858269 ns
[2020-09-11T12:06:33.884+0000][1][safepoint    ] Safepoint "Cleanup", Time since last: 1004264801 ns, Reaching safepoint: 108512 ns, At safepoint: 15422 ns, Total: 123934 ns
[2020-09-11T12:06:34.885+0000][1][safepoint    ] Safepoint "Cleanup", Time since last: 1000166879 ns, Reaching safepoint: 123384 ns, At safepoint: 14373 ns, Total: 137757 ns
[2020-09-11T12:06:35.885+0000][1][safepoint    ] Safepoint "Cleanup", Time since last: 1000202974 ns, Reaching safepoint: 112371 ns, At safepoint: 16819 ns, Total: 129190 ns
[2020-09-11T12:06:36.885+0000][1][safepoint    ] Safepoint "Cleanup", Time since last: 1000197025 ns, Reaching safepoint: 108319 ns, At safepoint: 15342 ns, Total: 123661 ns
[2020-09-11T12:06:37.886+0000][1][safepoint    ] Safepoint "Cleanup", Time since last: 1000239027 ns, Reaching safepoint: 129637 ns, At safepoint: 17290 ns, Total: 146927 ns
[2020-09-11T12:06:38.886+0000][1][safepoint    ] Safepoint "Cleanup", Time since last: 1000209128 ns, Reaching safepoint: 109295 ns, At safepoint: 14900 ns, Total: 124195 ns
[2020-09-11T12:06:39.886+0000][1][safepoint    ] Safepoint "Cleanup", Time since last: 1000209876 ns, Reaching safepoint: 112334 ns, At safepoint: 17170 ns, Total: 129504 ns
[2020-09-11T12:06:40.887+0000][1][safepoint    ] Safepoint "Cleanup", Time since last: 1000208381 ns, Reaching safepoint: 85657 ns, At safepoint: 6222 ns, Total: 91879 ns
[2020-09-11T12:06:41.887+0000][1][safepoint    ] Safepoint "Cleanup", Time since last: 1000171841 ns, Reaching safepoint: 82496 ns, At safepoint: 6532 ns, Total: 89028 ns
[2020-09-11T12:06:42.887+0000][1][safepoint    ] Safepoint "Cleanup", Time since last: 1000171577 ns, Reaching safepoint: 84610 ns, At safepoint: 6465 ns, Total: 91075 ns
[2020-09-11T12:06:43.888+0000][1][safepoint    ] Safepoint "Cleanup", Time since last: 1000176584 ns, Reaching safepoint: 122251 ns, At safepoint: 17831 ns, Total: 140082 ns
[2020-09-11T12:06:44.888+0000][1][safepoint    ] Safepoint "Cleanup", Time since last: 1000205262 ns, Reaching safepoint: 86151 ns, At safepoint: 6115 ns, Total: 92266 ns
[2020-09-11T12:06:45.888+0000][1][safepoint    ] Safepoint "Cleanup", Time since last: 1000195731 ns, Reaching safepoint: 95345 ns, At safepoint: 7488 ns, Total: 102833 ns
[2020-09-11T12:06:46.888+0000][1][safepoint    ] Safepoint "Cleanup", Time since last: 1000175948 ns, Reaching safepoint: 91646 ns, At safepoint: 6213 ns, Total: 97859 ns
[2020-09-11T12:06:47.889+0000][1][safepoint    ] Safepoint "Cleanup", Time since last: 1000181350 ns, Reaching safepoint: 79676 ns, At safepoint: 7455 ns, Total: 87131 ns
[2020-09-11T12:06:48.889+0000][1][safepoint    ] Safepoint "Cleanup", Time since last: 1000166893 ns, Reaching safepoint: 80460 ns, At safepoint: 6303 ns, Total: 86763 ns
[2020-09-11T12:06:49.889+0000][1][safepoint    ] Safepoint "Cleanup", Time since last: 1000135588 ns, Reaching safepoint: 106447 ns, At safepoint: 6239 ns, Total: 112686 ns
[2020-09-11T12:06:50.890+0000][1][safepoint    ] Safepoint "Cleanup", Time since last: 1000135972 ns, Reaching safepoint: 134542 ns, At safepoint: 12148 ns, Total: 146690 ns
[2020-09-11T12:06:51.890+0000][1][safepoint    ] Safepoint "Cleanup", Time since last: 1000166290 ns, Reaching safepoint: 102234 ns, At safepoint: 13582 ns, Total: 115816 ns
[2020-09-11T12:06:52.890+0000][1][safepoint    ] Safepoint "Cleanup", Time since last: 1000189827 ns, Reaching safepoint: 99041 ns, At safepoint: 6495 ns, Total: 105536 ns
[2020-09-11T12:06:53.890+0000][1][safepoint    ] Safepoint "Cleanup", Time since last: 1000159185 ns, Reaching safepoint: 119226 ns, At safepoint: 7325 ns, Total: 126551 ns
[2020-09-11T12:06:54.891+0000][1][safepoint    ] Safepoint "Cleanup", Time since last: 1000165455 ns, Reaching safepoint: 111555 ns, At safepoint: 5837 ns, Total: 117392 ns
[2020-09-11T12:06:55.891+0000][1][safepoint    ] Safepoint "Cleanup", Time since last: 1000199296 ns, Reaching safepoint: 89052 ns, At safepoint: 7420 ns, Total: 96472 ns
[2020-09-11T12:06:56.891+0000][1][safepoint    ] Safepoint "Cleanup", Time since last: 1000160522 ns, Reaching safepoint: 95207 ns, At safepoint: 6015 ns, Total: 101222 ns
[2020-09-11T12:06:57.891+0000][1][safepoint    ] Safepoint "Cleanup", Time since last: 1000173838 ns, Reaching safepoint: 102268 ns, At safepoint: 7040 ns, Total: 109308 ns
[2020-09-11T12:06:58.892+0000][1][safepoint    ] Safepoint "Cleanup", Time since last: 1000179907 ns, Reaching safepoint: 85267 ns, At safepoint: 5727 ns, Total: 90994 ns
[2020-09-11T12:06:59.892+0000][1][safepoint    ] Safepoint "Cleanup", Time since last: 1000191603 ns, Reaching safepoint: 117122 ns, At safepoint: 18061 ns, Total: 135183 ns
[2020-09-11T12:07:00.892+0000][1][safepoint    ] Safepoint "Cleanup", Time since last: 1000224404 ns, Reaching safepoint: 91258 ns, At safepoint: 6486 ns, Total: 97744 ns
[2020-09-11T12:07:01.893+0000][1][safepoint    ] Safepoint "Cleanup", Time since last: 1000141056 ns, Reaching safepoint: 106620 ns, At safepoint: 5847 ns, Total: 112467 ns
[2020-09-11T12:07:02.893+0000][1][safepoint    ] Safepoint "Cleanup", Time since last: 1000175889 ns, Reaching safepoint: 110707 ns, At safepoint: 16441 ns, Total: 127148 ns
[2020-09-11T12:07:03.893+0000][1][safepoint    ] Safepoint "Cleanup", Time since last: 1000206694 ns, Reaching safepoint: 112906 ns, At safepoint: 16494 ns, Total: 129400 ns
[2020-09-11T12:07:04.894+0000][1][safepoint    ] Safepoint "Cleanup", Time since last: 1000218018 ns, Reaching safepoint: 81113 ns, At safepoint: 6082 ns, Total: 87195 ns
[2020-09-11T12:07:05.894+0000][1][safepoint    ] Safepoint "Cleanup", Time since last: 1000108648 ns, Reaching safepoint: 62064 ns, At safepoint: 6507 ns, Total: 68571 ns
[2020-09-11T12:07:06.894+0000][1][safepoint    ] Safepoint "Cleanup", Time since last: 1000177464 ns, Reaching safepoint: 110180 ns, At safepoint: 15913 ns, Total: 126093 ns
[2020-09-11T12:07:07.894+0000][1][safepoint    ] Safepoint "Cleanup", Time since last: 1000204136 ns, Reaching safepoint: 88658 ns, At safepoint: 7232 ns, Total: 95890 ns
[2020-09-11T12:07:08.895+0000][1][safepoint    ] Safepoint "Cleanup", Time since last: 1000179249 ns, Reaching safepoint: 88882 ns, At safepoint: 6395 ns, Total: 95277 ns
[2020-09-11T12:07:09.895+0000][1][safepoint    ] Safepoint "Cleanup", Time since last: 1000129901 ns, Reaching safepoint: 105458 ns, At safepoint: 6201 ns, Total: 111659 ns
[2020-09-11T12:07:10.895+0000][1][safepoint    ] Safepoint "Cleanup", Time since last: 1000160430 ns, Reaching safepoint: 100542 ns, At safepoint: 6916 ns, Total: 107458 ns
[2020-09-11T12:07:11.896+0000][1][safepoint    ] Safepoint "Cleanup", Time since last: 1000178422 ns, Reaching safepoint: 196224 ns, At safepoint: 7192 ns, Total: 203416 ns
[2020-09-11T12:07:12.896+0000][1][safepoint    ] Safepoint "Cleanup", Time since last: 1000207685 ns, Reaching safepoint: 112346 ns, At safepoint: 17744 ns, Total: 130090 ns
[2020-09-11T12:07:13.896+0000][1][safepoint    ] Safepoint "Cleanup", Time since last: 1000200218 ns, Reaching safepoint: 125976 ns, At safepoint: 18008 ns, Total: 143984 ns
[2020-09-11T12:07:14.897+0000][1][safepoint    ] Safepoint "Cleanup", Time since last: 1000271576 ns, Reaching safepoint: 113999 ns, At safepoint: 17042 ns, Total: 131041 ns
[2020-09-11T12:07:15.897+0000][1][safepoint    ] Safepoint "Cleanup", Time since last: 1000228424 ns, Reaching safepoint: 89347 ns, At safepoint: 15725 ns, Total: 105072 ns
[2020-09-11T12:07:16.897+0000][1][safepoint    ] Safepoint "Cleanup", Time since last: 1000176363 ns, Reaching safepoint: 67839 ns, At safepoint: 6529 ns, Total: 74368 ns
[2020-09-11T12:07:17.897+0000][1][safepoint    ] Safepoint "Cleanup", Time since last: 1000119962 ns, Reaching safepoint: 62751 ns, At safepoint: 7202 ns, Total: 69953 ns
[2020-09-11T12:07:18.898+0000][1][safepoint    ] Safepoint "Cleanup", Time since last: 1000187034 ns, Reaching safepoint: 121052 ns, At safepoint: 18215 ns, Total: 139267 ns
[2020-09-11T12:07:19.898+0000][1][safepoint    ] Safepoint "Cleanup", Time since last: 1000248599 ns, Reaching safepoint: 65882 ns, At safepoint: 7454 ns, Total: 73336 ns
[2020-09-11T12:07:20.898+0000][1][safepoint    ] Safepoint "Cleanup", Time since last: 1000163750 ns, Reaching safepoint: 97431 ns, At safepoint: 5956 ns, Total: 103387 ns
[2020-09-11T12:07:21.899+0000][1][safepoint    ] Safepoint "Cleanup", Time since last: 1000194153 ns, Reaching safepoint: 89238 ns, At safepoint: 7095 ns, Total: 96333 ns
[2020-09-11T12:07:22.899+0000][1][safepoint    ] Safepoint "Cleanup", Time since last: 1000200760 ns, Reaching safepoint: 78875 ns, At safepoint: 6694 ns, Total: 85569 ns
[2020-09-11T12:07:23.899+0000][1][safepoint    ] Safepoint "Cleanup", Time since last: 1000165465 ns, Reaching safepoint: 109619 ns, At safepoint: 17804 ns, Total: 127423 ns
[2020-09-11T12:07:24.899+0000][1][safepoint    ] Safepoint "Cleanup", Time since last: 1000157451 ns, Reaching safepoint: 93606 ns, At safepoint: 7406 ns, Total: 101012 ns
[2020-09-11T12:07:25.900+0000][1][safepoint    ] Safepoint "Cleanup", Time since last: 1000183231 ns, Reaching safepoint: 90882 ns, At safepoint: 6913 ns, Total: 97795 ns
[2020-09-11T12:07:26.900+0000][1][safepoint    ] Safepoint "Cleanup", Time since last: 1000140410 ns, Reaching safepoint: 113707 ns, At safepoint: 15920 ns, Total: 129627 ns
[2020-09-11T12:07:27.900+0000][1][safepoint    ] Safepoint "Cleanup", Time since last: 1000217160 ns, Reaching safepoint: 80323 ns, At safepoint: 7610 ns, Total: 87933 ns
[2020-09-11T12:07:28.901+0000][1][safepoint    ] Safepoint "Cleanup", Time since last: 1000177087 ns, Reaching safepoint: 90854 ns, At safepoint: 6429 ns, Total: 97283 ns
[2020-09-11T12:07:29.901+0000][1][safepoint    ] Safepoint "Cleanup", Time since last: 1000131104 ns, Reaching safepoint: 113872 ns, At safepoint: 14306 ns, Total: 128178 ns
[2020-09-11T12:07:30.901+0000][1][safepoint    ] Safepoint "Cleanup", Time since last: 1000207212 ns, Reaching safepoint: 138484 ns, At safepoint: 18971 ns, Total: 157455 ns
[2020-09-11T12:07:31.902+0000][1][safepoint    ] Safepoint "Cleanup", Time since last: 1000233772 ns, Reaching safepoint: 79924 ns, At safepoint: 7267 ns, Total: 87191 ns
[2020-09-11T12:07:32.902+0000][1][safepoint    ] Safepoint "Cleanup", Time since last: 1000165981 ns, Reaching safepoint: 87997 ns, At safepoint: 6265 ns, Total: 94262 ns
[2020-09-11T12:07:33.902+0000][1][safepoint    ] Safepoint "Cleanup", Time since last: 1000171368 ns, Reaching safepoint: 84893 ns, At safepoint: 6634 ns, Total: 91527 ns
[2020-09-11T12:07:34.902+0000][1][safepoint    ] Safepoint "Cleanup", Time since last: 1000187356 ns, Reaching safepoint: 93127 ns, At safepoint: 6250 ns, Total: 99377 ns
[2020-09-11T12:07:35.903+0000][1][safepoint    ] Safepoint "Cleanup", Time since last: 1000182876 ns, Reaching safepoint: 82214 ns, At safepoint: 6650 ns, Total: 88864 ns
[2020-09-11T12:07:36.903+0000][1][safepoint    ] Safepoint "Cleanup", Time since last: 1000171785 ns, Reaching safepoint: 109331 ns, At safepoint: 16441 ns, Total: 125772 ns
[2020-09-11T12:07:37.903+0000][1][safepoint    ] Safepoint "Cleanup", Time since last: 1000231981 ns, Reaching safepoint: 84323 ns, At safepoint: 6884 ns, Total: 91207 ns
[2020-09-11T12:07:38.904+0000][1][safepoint    ] Safepoint "Cleanup", Time since last: 1000188036 ns, Reaching safepoint: 118268 ns, At safepoint: 17765 ns, Total: 136033 ns
[2020-09-11T12:07:39.904+0000][1][safepoint    ] Safepoint "Cleanup", Time since last: 1000194835 ns, Reaching safepoint: 94016 ns, At safepoint: 6911 ns, Total: 100927 ns
[2020-09-11T12:07:40.904+0000][1][safepoint    ] Safepoint "Cleanup", Time since last: 1000177943 ns, Reaching safepoint: 98300 ns, At safepoint: 6687 ns, Total: 104987 ns
[2020-09-11T12:07:41.904+0000][1][safepoint    ] Safepoint "Cleanup", Time since last: 1000175611 ns, Reaching safepoint: 91369 ns, At safepoint: 7032 ns, Total: 98401 ns
[2020-09-11T12:07:42.320+0000][1][gc,start     ] GC(68) Pause Young (Allocation Failure)
[2020-09-11T12:07:42.320+0000][1][gc,task      ] GC(68) Using 1 workers of 1 for evacuation
[2020-09-11T12:07:42.332+0000][1][gc,age       ] GC(68) Desired survivor size 4358144 bytes, new threshold 6 (max threshold 6)
[2020-09-11T12:07:42.332+0000][1][gc,age       ] GC(68) Age table with threshold 6 (max threshold 6)
[2020-09-11T12:07:42.332+0000][1][gc,age       ] GC(68) - age   1:      19560 bytes,      19560 total
[2020-09-11T12:07:42.332+0000][1][gc,age       ] GC(68) - age   2:       9776 bytes,      29336 total
[2020-09-11T12:07:42.332+0000][1][gc,age       ] GC(68) - age   3:     320768 bytes,     350104 total
[2020-09-11T12:07:42.332+0000][1][gc,age       ] GC(68) - age   4:    1091680 bytes,    1441784 total
[2020-09-11T12:07:42.332+0000][1][gc,heap      ] GC(68) ParNew: 69650K->1417K(76672K)
[2020-09-11T12:07:42.332+0000][1][gc,heap      ] GC(68) CMS: 63242K->63242K(439104K)
[2020-09-11T12:07:42.332+0000][1][gc,metaspace ] GC(68) Metaspace: 73190K->73190K(1116160K)
[2020-09-11T12:07:42.332+0000][1][gc           ] GC(68) Pause Young (Allocation Failure) 129M->63M(503M) 12.637ms
[2020-09-11T12:07:42.332+0000][1][gc,cpu       ] GC(68) User=0.01s Sys=0.00s Real=0.01s
[2020-09-11T12:07:42.332+0000][1][safepoint    ] Safepoint "GenCollectForAllocation", Time since last: 415052840 ns, Reaching safepoint: 214582 ns, At safepoint: 12718622 ns, Total: 12933204 ns
[2020-09-11T12:07:43.336+0000][1][safepoint    ] Safepoint "Cleanup", Time since last: 1003032372 ns, Reaching safepoint: 58980 ns, At safepoint: 19600 ns, Total: 78580 ns
[2020-09-11T12:07:44.336+0000][1][safepoint    ] Safepoint "Cleanup", Time since last: 1000274334 ns, Reaching safepoint: 59153 ns, At safepoint: 14384 ns, Total: 73537 ns
[2020-09-11T12:07:45.336+0000][1][safepoint    ] Safepoint "Cleanup", Time since last: 1000108093 ns, Reaching safepoint: 176183 ns, At safepoint: 17031 ns, Total: 193214 ns
[2020-09-11T12:07:46.336+0000][1][safepoint    ] Safepoint "Cleanup", Time since last: 1000166265 ns, Reaching safepoint: 120517 ns, At safepoint: 16391 ns, Total: 136908 ns
[2020-09-11T12:07:47.337+0000][1][safepoint    ] Safepoint "Cleanup", Time since last: 1000165362 ns, Reaching safepoint: 56463 ns, At safepoint: 5813 ns, Total: 62276 ns
[2020-09-11T12:07:48.337+0000][1][safepoint    ] Safepoint "Cleanup", Time since last: 1000179776 ns, Reaching safepoint: 101977 ns, At safepoint: 15392 ns, Total: 117369 ns
[2020-09-11T12:07:49.337+0000][1][safepoint    ] Safepoint "Cleanup", Time since last: 1000202685 ns, Reaching safepoint: 109311 ns, At safepoint: 17517 ns, Total: 126828 ns
[2020-09-11T12:07:50.338+0000][1][safepoint    ] Safepoint "Cleanup", Time since last: 1000183590 ns, Reaching safepoint: 107313 ns, At safepoint: 14393 ns, Total: 121706 ns
[2020-09-11T12:07:51.338+0000][1][safepoint    ] Safepoint "Cleanup", Time since last: 1000253415 ns, Reaching safepoint: 141208 ns, At safepoint: 22074 ns, Total: 163282 ns
[2020-09-11T12:07:52.338+0000][1][safepoint    ] Safepoint "Cleanup", Time since last: 1000244540 ns, Reaching safepoint: 89788 ns, At safepoint: 7735 ns, Total: 97523 ns
[2020-09-11T12:07:53.339+0000][1][safepoint    ] Safepoint "Cleanup", Time since last: 1000185042 ns, Reaching safepoint: 125678 ns, At safepoint: 19151 ns, Total: 144829 ns
[2020-09-11T12:07:54.339+0000][1][safepoint    ] Safepoint "Cleanup", Time since last: 1000221544 ns, Reaching safepoint: 111199 ns, At safepoint: 16822 ns, Total: 128021 ns
[2020-09-11T12:07:55.339+0000][1][safepoint    ] Safepoint "Cleanup", Time since last: 1000229229 ns, Reaching safepoint: 88402 ns, At safepoint: 15982 ns, Total: 104384 ns
[2020-09-11T12:07:56.340+0000][1][safepoint    ] Safepoint "Cleanup", Time since last: 1000170102 ns, Reaching safepoint: 108452 ns, At safepoint: 6762 ns, Total: 115214 ns
[2020-09-11T12:07:57.340+0000][1][safepoint    ] Safepoint "Cleanup", Time since last: 1000148321 ns, Reaching safepoint: 112092 ns, At safepoint: 7601 ns, Total: 119693 ns
[2020-09-11T12:07:58.340+0000][1][safepoint    ] Safepoint "Cleanup", Time since last: 1000167046 ns, Reaching safepoint: 92273 ns, At safepoint: 6922 ns, Total: 99195 ns
[2020-09-11T12:07:59.340+0000][1][safepoint    ] Safepoint "Cleanup", Time since last: 1000177552 ns, Reaching safepoint: 81678 ns, At safepoint: 8950 ns, Total: 90628 ns
[2020-09-11T12:08:00.341+0000][1][safepoint    ] Safepoint "Cleanup", Time since last: 1000149014 ns, Reaching safepoint: 113999 ns, At safepoint: 14991 ns, Total: 128990 ns
[2020-09-11T12:08:01.341+0000][1][safepoint    ] Safepoint "Cleanup", Time since last: 1000175344 ns, Reaching safepoint: 122611 ns, At safepoint: 14757 ns, Total: 137368 ns
[2020-09-11T12:08:02.341+0000][1][safepoint    ] Safepoint "Cleanup", Time since last: 1000209959 ns, Reaching safepoint: 110457 ns, At safepoint: 15365 ns, Total: 125822 ns
[2020-09-11T12:08:03.342+0000][1][safepoint    ] Safepoint "Cleanup", Time since last: 1000174976 ns, Reaching safepoint: 106457 ns, At safepoint: 7122 ns, Total: 113579 ns
[2020-09-11T12:08:04.342+0000][1][safepoint    ] Safepoint "Cleanup", Time since last: 1000181895 ns, Reaching safepoint: 87573 ns, At safepoint: 7508 ns, Total: 95081 ns
[2020-09-11T12:08:05.342+0000][1][safepoint    ] Safepoint "Cleanup", Time since last: 1000183649 ns, Reaching safepoint: 85523 ns, At safepoint: 8216 ns, Total: 93739 ns
[2020-09-11T12:08:06.343+0000][1][safepoint    ] Safepoint "Cleanup", Time since last: 1000188959 ns, Reaching safepoint: 92807 ns, At safepoint: 6648 ns, Total: 99455 ns
[2020-09-11T12:08:07.343+0000][1][safepoint    ] Safepoint "Cleanup", Time since last: 1000205829 ns, Reaching safepoint: 90329 ns, At safepoint: 7712 ns, Total: 98041 ns
[2020-09-11T12:08:08.343+0000][1][safepoint    ] Safepoint "Cleanup", Time since last: 1000195624 ns, Reaching safepoint: 232326 ns, At safepoint: 19378 ns, Total: 251704 ns
[2020-09-11T12:08:09.344+0000][1][safepoint    ] Safepoint "Cleanup", Time since last: 1000232957 ns, Reaching safepoint: 93279 ns, At safepoint: 7487 ns, Total: 100766 ns
[2020-09-11T12:08:10.344+0000][1][safepoint    ] Safepoint "Cleanup", Time since last: 1000178343 ns, Reaching safepoint: 93107 ns, At safepoint: 6207 ns, Total: 99314 ns
[2020-09-11T12:08:11.344+0000][1][safepoint    ] Safepoint "Cleanup", Time since last: 1000181907 ns, Reaching safepoint: 94791 ns, At safepoint: 7679 ns, Total: 102470 ns
[2020-09-11T12:08:12.344+0000][1][safepoint    ] Safepoint "Cleanup", Time since last: 1000149945 ns, Reaching safepoint: 103490 ns, At safepoint: 6957 ns, Total: 110447 ns
[2020-09-11T12:08:13.345+0000][1][safepoint    ] Safepoint "Cleanup", Time since last: 1000175849 ns, Reaching safepoint: 88452 ns, At safepoint: 7640 ns, Total: 96092 ns
[2020-09-11T12:08:14.345+0000][1][safepoint    ] Safepoint "Cleanup", Time since last: 1000167654 ns, Reaching safepoint: 94625 ns, At safepoint: 6587 ns, Total: 101212 ns
[2020-09-11T12:08:15.345+0000][1][safepoint    ] Safepoint "Cleanup", Time since last: 1000171726 ns, Reaching safepoint: 112575 ns, At safepoint: 17049 ns, Total: 129624 ns
[2020-09-11T12:08:16.346+0000][1][safepoint    ] Safepoint "Cleanup", Time since last: 1000224201 ns, Reaching safepoint: 89131 ns, At safepoint: 7120 ns, Total: 96251 ns
[2020-09-11T12:08:17.346+0000][1][safepoint    ] Safepoint "Cleanup", Time since last: 1000178416 ns, Reaching safepoint: 87988 ns, At safepoint: 7063 ns, Total: 95051 ns
[2020-09-11T12:08:18.346+0000][1][safepoint    ] Safepoint "Cleanup", Time since last: 1000197327 ns, Reaching safepoint: 107996 ns, At safepoint: 6845 ns, Total: 114841 ns
[2020-09-11T12:08:19.346+0000][1][safepoint    ] Safepoint "Cleanup", Time since last: 1000188091 ns, Reaching safepoint: 89614 ns, At safepoint: 7591 ns, Total: 97205 ns
[2020-09-11T12:08:20.347+0000][1][safepoint    ] Safepoint "Cleanup", Time since last: 1000193204 ns, Reaching safepoint: 78466 ns, At safepoint: 6618 ns, Total: 85084 ns
[2020-09-11T12:08:21.347+0000][1][safepoint    ] Safepoint "Cleanup", Time since last: 1000199894 ns, Reaching safepoint: 87383 ns, At safepoint: 7685 ns, Total: 95068 ns
[2020-09-11T12:08:22.347+0000][1][safepoint    ] Safepoint "Cleanup", Time since last: 1000191496 ns, Reaching safepoint: 85619 ns, At safepoint: 6779 ns, Total: 92398 ns
[2020-09-11T12:08:23.348+0000][1][safepoint    ] Safepoint "Cleanup", Time since last: 1000178478 ns, Reaching safepoint: 91450 ns, At safepoint: 7336 ns, Total: 98786 ns
[2020-09-11T12:08:24.348+0000][1][safepoint    ] Safepoint "Cleanup", Time since last: 1000177214 ns, Reaching safepoint: 84211 ns, At safepoint: 6732 ns, Total: 90943 ns
[2020-09-11T12:08:25.348+0000][1][safepoint    ] Safepoint "Cleanup", Time since last: 1000146994 ns, Reaching safepoint: 131532 ns, At safepoint: 19161 ns, Total: 150693 ns
[2020-09-11T12:08:26.348+0000][1][safepoint    ] Safepoint "Cleanup", Time since last: 1000218146 ns, Reaching safepoint: 95888 ns, At safepoint: 6467 ns, Total: 102355 ns
[2020-09-11T12:08:27.349+0000][1][safepoint    ] Safepoint "Cleanup", Time since last: 1000197165 ns, Reaching safepoint: 109886 ns, At safepoint: 7811 ns, Total: 117697 ns
[2020-09-11T12:08:28.349+0000][1][safepoint    ] Safepoint "Cleanup", Time since last: 1000186070 ns, Reaching safepoint: 113103 ns, At safepoint: 16959 ns, Total: 130062 ns
[2020-09-11T12:08:29.349+0000][1][safepoint    ] Safepoint "Cleanup", Time since last: 1000210605 ns, Reaching safepoint: 109454 ns, At safepoint: 18035 ns, Total: 127489 ns
[2020-09-11T12:08:30.350+0000][1][safepoint    ] Safepoint "Cleanup", Time since last: 1000221288 ns, Reaching safepoint: 109104 ns, At safepoint: 16124 ns, Total: 125228 ns
[2020-09-11T12:08:31.350+0000][1][safepoint    ] Safepoint "Cleanup", Time since last: 1000210623 ns, Reaching safepoint: 126113 ns, At safepoint: 18255 ns, Total: 144368 ns
[2020-09-11T12:08:32.351+0000][1][safepoint    ] Safepoint "Cleanup", Time since last: 1000221577 ns, Reaching safepoint: 112799 ns, At safepoint: 16882 ns, Total: 129681 ns
[2020-09-11T12:08:33.351+0000][1][safepoint    ] Safepoint "Cleanup", Time since last: 1000246208 ns, Reaching safepoint: 79190 ns, At safepoint: 6687 ns, Total: 85877 ns
[2020-09-11T12:08:34.351+0000][1][safepoint    ] Safepoint "Cleanup", Time since last: 1000150990 ns, Reaching safepoint: 100472 ns, At safepoint: 6932 ns, Total: 107404 ns
[2020-09-11T12:08:35.351+0000][1][safepoint    ] Safepoint "Cleanup", Time since last: 1000189525 ns, Reaching safepoint: 171063 ns, At safepoint: 16371 ns, Total: 187434 ns
[2020-09-11T12:08:36.352+0000][1][safepoint    ] Safepoint "Cleanup", Time since last: 1000188918 ns, Reaching safepoint: 66914 ns, At safepoint: 6857 ns, Total: 73771 ns
[2020-09-11T12:08:37.352+0000][1][safepoint    ] Safepoint "Cleanup", Time since last: 1000182694 ns, Reaching safepoint: 99980 ns, At safepoint: 6374 ns, Total: 106354 ns
[2020-09-11T12:08:38.352+0000][1][safepoint    ] Safepoint "Cleanup", Time since last: 1000173762 ns, Reaching safepoint: 112642 ns, At safepoint: 17647 ns, Total: 130289 ns
[2020-09-11T12:08:39.353+0000][1][safepoint    ] Safepoint "Cleanup", Time since last: 1000200254 ns, Reaching safepoint: 115295 ns, At safepoint: 19083 ns, Total: 134378 ns
[2020-09-11T12:08:40.353+0000][1][safepoint    ] Safepoint "Cleanup", Time since last: 1000234929 ns, Reaching safepoint: 112391 ns, At safepoint: 16575 ns, Total: 128966 ns
[2020-09-11T12:08:41.353+0000][1][safepoint    ] Safepoint "Cleanup", Time since last: 1000243060 ns, Reaching safepoint: 91296 ns, At safepoint: 7605 ns, Total: 98901 ns
[2020-09-11T12:08:42.354+0000][1][safepoint    ] Safepoint "Cleanup", Time since last: 1000188247 ns, Reaching safepoint: 86428 ns, At safepoint: 7157 ns, Total: 93585 ns
[2020-09-11T12:08:43.354+0000][1][safepoint    ] Safepoint "Cleanup", Time since last: 1000189709 ns, Reaching safepoint: 93561 ns, At safepoint: 8325 ns, Total: 101886 ns
[2020-09-11T12:08:44.354+0000][1][safepoint    ] Safepoint "Cleanup", Time since last: 1000143520 ns, Reaching safepoint: 116654 ns, At safepoint: 16876 ns, Total: 133530 ns
[2020-09-11T12:08:45.355+0000][1][safepoint    ] Safepoint "Cleanup", Time since last: 1000230317 ns, Reaching safepoint: 96123 ns, At safepoint: 7627 ns, Total: 103750 ns
[2020-09-11T12:08:46.355+0000][1][safepoint    ] Safepoint "Cleanup", Time since last: 1000172962 ns, Reaching safepoint: 89522 ns, At safepoint: 6676 ns, Total: 96198 ns
[2020-09-11T12:08:47.355+0000][1][safepoint    ] Safepoint "Cleanup", Time since last: 1000203008 ns, Reaching safepoint: 80745 ns, At safepoint: 8104 ns, Total: 88849 ns
[2020-09-11T12:08:48.355+0000][1][safepoint    ] Safepoint "Cleanup", Time since last: 1000155222 ns, Reaching safepoint: 126527 ns, At safepoint: 15245 ns, Total: 141772 ns
[2020-09-11T12:08:49.356+0000][1][safepoint    ] Safepoint "Cleanup", Time since last: 1000235043 ns, Reaching safepoint: 110252 ns, At safepoint: 7308 ns, Total: 117560 ns
[2020-09-11T12:08:50.356+0000][1][safepoint    ] Safepoint "Cleanup", Time since last: 1000187399 ns, Reaching safepoint: 111720 ns, At safepoint: 16417 ns, Total: 128137 ns
[2020-09-11T12:08:51.356+0000][1][safepoint    ] Safepoint "Cleanup", Time since last: 1000212146 ns, Reaching safepoint: 120225 ns, At safepoint: 17317 ns, Total: 137542 ns
[2020-09-11T12:08:51.726+0000][1][gc,start     ] GC(69) Pause Young (Allocation Failure)
[2020-09-11T12:08:51.726+0000][1][gc,task      ] GC(69) Using 1 workers of 1 for evacuation
[2020-09-11T12:08:51.736+0000][1][gc,age       ] GC(69) Desired survivor size 4358144 bytes, new threshold 6 (max threshold 6)
[2020-09-11T12:08:51.736+0000][1][gc,age       ] GC(69) Age table with threshold 6 (max threshold 6)
[2020-09-11T12:08:51.736+0000][1][gc,age       ] GC(69) - age   1:      14608 bytes,      14608 total
[2020-09-11T12:08:51.736+0000][1][gc,age       ] GC(69) - age   2:      13848 bytes,      28456 total
[2020-09-11T12:08:51.736+0000][1][gc,age       ] GC(69) - age   3:       9632 bytes,      38088 total
[2020-09-11T12:08:51.736+0000][1][gc,age       ] GC(69) - age   4:     320768 bytes,     358856 total
[2020-09-11T12:08:51.736+0000][1][gc,age       ] GC(69) - age   5:    1091680 bytes,    1450536 total
[2020-09-11T12:08:51.736+0000][1][gc,heap      ] GC(69) ParNew: 69577K->2820K(76672K)
[2020-09-11T12:08:51.736+0000][1][gc,heap      ] GC(69) CMS: 63242K->63242K(439104K)
[2020-09-11T12:08:51.736+0000][1][gc,metaspace ] GC(69) Metaspace: 73376K->73376K(1116160K)
[2020-09-11T12:08:51.736+0000][1][gc           ] GC(69) Pause Young (Allocation Failure) 129M->64M(503M) 9.738ms
[2020-09-11T12:08:51.736+0000][1][gc,cpu       ] GC(69) User=0.01s Sys=0.00s Real=0.01s
[2020-09-11T12:08:51.736+0000][1][safepoint    ] Safepoint "GenCollectForAllocation", Time since last: 369424817 ns, Reaching safepoint: 215044 ns, At safepoint: 9817357 ns, Total: 10032401 ns
[2020-09-11T12:08:52.736+0000][1][safepoint    ] Safepoint "Cleanup", Time since last: 1000242222 ns, Reaching safepoint: 95419 ns, At safepoint: 14577 ns, Total: 109996 ns
[2020-09-11T12:08:53.737+0000][1][safepoint    ] Safepoint "Cleanup", Time since last: 1000196209 ns, Reaching safepoint: 95786 ns, At safepoint: 15603 ns, Total: 111389 ns
[2020-09-11T12:08:54.737+0000][1][safepoint    ] Safepoint "Cleanup", Time since last: 1000165495 ns, Reaching safepoint: 94895 ns, At safepoint: 16224 ns, Total: 111119 ns
[2020-09-11T12:08:55.737+0000][1][safepoint    ] Safepoint "Cleanup", Time since last: 1000155464 ns, Reaching safepoint: 84963 ns, At safepoint: 6585 ns, Total: 91548 ns
[2020-09-11T12:08:56.737+0000][1][safepoint    ] Safepoint "Cleanup", Time since last: 1000137019 ns, Reaching safepoint: 107414 ns, At safepoint: 15856 ns, Total: 123270 ns
[2020-09-11T12:08:57.738+0000][1][safepoint    ] Safepoint "Cleanup", Time since last: 1000193036 ns, Reaching safepoint: 98664 ns, At safepoint: 16090 ns, Total: 114754 ns
[2020-09-11T12:08:58.738+0000][1][safepoint    ] Safepoint "Cleanup", Time since last: 1000196786 ns, Reaching safepoint: 102859 ns, At safepoint: 17490 ns, Total: 120349 ns
[2020-09-11T12:08:59.738+0000][1][safepoint    ] Safepoint "Cleanup", Time since last: 1000170784 ns, Reaching safepoint: 98904 ns, At safepoint: 13878 ns, Total: 112782 ns
[2020-09-11T12:09:00.739+0000][1][safepoint    ] Safepoint "Cleanup", Time since last: 1000219634 ns, Reaching safepoint: 66283 ns, At safepoint: 6386 ns, Total: 72669 ns
[2020-09-11T12:09:01.739+0000][1][safepoint    ] Safepoint "Cleanup", Time since last: 1000168542 ns, Reaching safepoint: 103274 ns, At safepoint: 16939 ns, Total: 120213 ns
[2020-09-11T12:09:02.739+0000][1][safepoint    ] Safepoint "Cleanup", Time since last: 1000136874 ns, Reaching safepoint: 166762 ns, At safepoint: 8728 ns, Total: 175490 ns
[2020-09-11T12:09:03.739+0000][1][safepoint    ] Safepoint "Cleanup", Time since last: 1000189883 ns, Reaching safepoint: 86603 ns, At safepoint: 6114 ns, Total: 92717 ns
[2020-09-11T12:09:04.740+0000][1][safepoint    ] Safepoint "Cleanup", Time since last: 1000186162 ns, Reaching safepoint: 84466 ns, At safepoint: 7272 ns, Total: 91738 ns
[2020-09-11T12:09:05.740+0000][1][safepoint    ] Safepoint "Cleanup", Time since last: 1000136121 ns, Reaching safepoint: 122569 ns, At safepoint: 6627 ns, Total: 129196 ns
[2020-09-11T12:09:06.740+0000][1][safepoint    ] Safepoint "Cleanup", Time since last: 1000162002 ns, Reaching safepoint: 85551 ns, At safepoint: 7560 ns, Total: 93111 ns
[2020-09-11T12:09:07.741+0000][1][safepoint    ] Safepoint "Cleanup", Time since last: 1000160325 ns, Reaching safepoint: 103421 ns, At safepoint: 18035 ns, Total: 121456 ns
[2020-09-11T12:09:08.741+0000][1][safepoint    ] Safepoint "Cleanup", Time since last: 1000194076 ns, Reaching safepoint: 99716 ns, At safepoint: 18419 ns, Total: 118135 ns
[2020-09-11T12:09:09.741+0000][1][safepoint    ] Safepoint "Cleanup", Time since last: 1000225893 ns, Reaching safepoint: 98724 ns, At safepoint: 16818 ns, Total: 115542 ns
[2020-09-11T12:09:10.742+0000][1][safepoint    ] Safepoint "Cleanup", Time since last: 1000219983 ns, Reaching safepoint: 99308 ns, At safepoint: 17256 ns, Total: 116564 ns
[2020-09-11T12:09:11.742+0000][1][safepoint    ] Safepoint "Cleanup", Time since last: 1000217682 ns, Reaching safepoint: 98663 ns, At safepoint: 16294 ns, Total: 114957 ns
[2020-09-11T12:09:12.742+0000][1][safepoint    ] Safepoint "Cleanup", Time since last: 1000178816 ns, Reaching safepoint: 97788 ns, At safepoint: 13982 ns, Total: 111770 ns
[2020-09-11T12:09:13.742+0000][1][safepoint    ] Safepoint "Cleanup", Time since last: 1000189715 ns, Reaching safepoint: 97096 ns, At safepoint: 15138 ns, Total: 112234 ns
[2020-09-11T12:09:14.743+0000][1][safepoint    ] Safepoint "Cleanup", Time since last: 1000192505 ns, Reaching safepoint: 97627 ns, At safepoint: 15957 ns, Total: 113584 ns
[2020-09-11T12:09:15.743+0000][1][safepoint    ] Safepoint "Cleanup", Time since last: 1000203700 ns, Reaching safepoint: 86483 ns, At safepoint: 6514 ns, Total: 92997 ns
[2020-09-11T12:09:16.743+0000][1][safepoint    ] Safepoint "Cleanup", Time since last: 1000125399 ns, Reaching safepoint: 104427 ns, At safepoint: 15051 ns, Total: 119478 ns
[2020-09-11T12:09:17.744+0000][1][safepoint    ] Safepoint "Cleanup", Time since last: 1000192992 ns, Reaching safepoint: 96722 ns, At safepoint: 15803 ns, Total: 112525 ns
[2020-09-11T12:09:18.744+0000][1][safepoint    ] Safepoint "Cleanup", Time since last: 1000226701 ns, Reaching safepoint: 77223 ns, At safepoint: 7228 ns, Total: 84451 ns
[2020-09-11T12:09:19.744+0000][1][safepoint    ] Safepoint "Cleanup", Time since last: 1000126360 ns, Reaching safepoint: 98559 ns, At safepoint: 13311 ns, Total: 111870 ns
[2020-09-11T12:09:20.744+0000][1][safepoint    ] Safepoint "Cleanup", Time since last: 1000240395 ns, Reaching safepoint: 100077 ns, At safepoint: 17443 ns, Total: 117520 ns
[2020-09-11T12:09:21.745+0000][1][safepoint    ] Safepoint "Cleanup", Time since last: 1000195690 ns, Reaching safepoint: 86715 ns, At safepoint: 6470 ns, Total: 93185 ns
[2020-09-11T12:09:22.745+0000][1][safepoint    ] Safepoint "Cleanup", Time since last: 1000172001 ns, Reaching safepoint: 79338 ns, At safepoint: 15955 ns, Total: 95293 ns
[2020-09-11T12:09:23.745+0000][1][safepoint    ] Safepoint "Cleanup", Time since last: 1000191910 ns, Reaching safepoint: 113354 ns, At safepoint: 17460 ns, Total: 130814 ns
[2020-09-11T12:09:24.746+0000][1][safepoint    ] Safepoint "Cleanup", Time since last: 1000217284 ns, Reaching safepoint: 85800 ns, At safepoint: 6743 ns, Total: 92543 ns
[2020-09-11T12:09:25.746+0000][1][safepoint    ] Safepoint "Cleanup", Time since last: 1000172741 ns, Reaching safepoint: 97645 ns, At safepoint: 6731 ns, Total: 104376 ns
[2020-09-11T12:09:26.746+0000][1][safepoint    ] Safepoint "Cleanup", Time since last: 1000167934 ns, Reaching safepoint: 108623 ns, At safepoint: 17196 ns, Total: 125819 ns
[2020-09-11T12:09:27.747+0000][1][safepoint    ] Safepoint "Cleanup", Time since last: 1000211142 ns, Reaching safepoint: 113320 ns, At safepoint: 18282 ns, Total: 131602 ns
[2020-09-11T12:09:28.747+0000][1][safepoint    ] Safepoint "Cleanup", Time since last: 1000208375 ns, Reaching safepoint: 112077 ns, At safepoint: 17928 ns, Total: 130005 ns
[2020-09-11T12:09:29.747+0000][1][safepoint    ] Safepoint "Cleanup", Time since last: 1000203656 ns, Reaching safepoint: 99445 ns, At safepoint: 16715 ns, Total: 116160 ns
[2020-09-11T12:09:30.748+0000][1][safepoint    ] Safepoint "Cleanup", Time since last: 1000207447 ns, Reaching safepoint: 79683 ns, At safepoint: 7343 ns, Total: 87026 ns
[2020-09-11T12:09:31.748+0000][1][safepoint    ] Safepoint "Cleanup", Time since last: 1000143135 ns, Reaching safepoint: 100587 ns, At safepoint: 15192 ns, Total: 115779 ns
[2020-09-11T12:09:32.748+0000][1][safepoint    ] Safepoint "Cleanup", Time since last: 1000222652 ns, Reaching safepoint: 99969 ns, At safepoint: 16805 ns, Total: 116774 ns
[2020-09-11T12:09:33.748+0000][1][safepoint    ] Safepoint "Cleanup", Time since last: 1000222558 ns, Reaching safepoint: 96899 ns, At safepoint: 16494 ns, Total: 113393 ns
[2020-09-11T12:09:34.749+0000][1][safepoint    ] Safepoint "Cleanup", Time since last: 1000196107 ns, Reaching safepoint: 101205 ns, At safepoint: 17163 ns, Total: 118368 ns
[2020-09-11T12:09:35.749+0000][1][safepoint    ] Safepoint "Cleanup", Time since last: 1000221075 ns, Reaching safepoint: 76006 ns, At safepoint: 6849 ns, Total: 82855 ns
[2020-09-11T12:09:36.749+0000][1][safepoint    ] Safepoint "Cleanup", Time since last: 1000192166 ns, Reaching safepoint: 80362 ns, At safepoint: 7325 ns, Total: 87687 ns
[2020-09-11T12:09:37.750+0000][1][safepoint    ] Safepoint "Cleanup", Time since last: 1000125636 ns, Reaching safepoint: 99821 ns, At safepoint: 5621 ns, Total: 105442 ns
[2020-09-11T12:09:38.750+0000][1][safepoint    ] Safepoint "Cleanup", Time since last: 1000186648 ns, Reaching safepoint: 70255 ns, At safepoint: 7269 ns, Total: 77524 ns
[2020-09-11T12:09:39.750+0000][1][safepoint    ] Safepoint "Cleanup", Time since last: 1000191395 ns, Reaching safepoint: 80128 ns, At safepoint: 6312 ns, Total: 86440 ns
[2020-09-11T12:09:40.750+0000][1][safepoint    ] Safepoint "Cleanup", Time since last: 1000092802 ns, Reaching safepoint: 58048 ns, At safepoint: 4768 ns, Total: 62816 ns
[2020-09-11T12:09:41.751+0000][1][safepoint    ] Safepoint "Cleanup", Time since last: 1000199835 ns, Reaching safepoint: 83062 ns, At safepoint: 6899 ns, Total: 89961 ns
[2020-09-11T12:09:42.751+0000][1][safepoint    ] Safepoint "Cleanup", Time since last: 1000169074 ns, Reaching safepoint: 99512 ns, At safepoint: 16681 ns, Total: 116193 ns
[2020-09-11T12:09:43.751+0000][1][safepoint    ] Safepoint "Cleanup", Time since last: 1000230890 ns, Reaching safepoint: 74947 ns, At safepoint: 6583 ns, Total: 81530 ns
[2020-09-11T12:09:44.751+0000][1][safepoint    ] Safepoint "Cleanup", Time since last: 1000238556 ns, Reaching safepoint: 59006 ns, At safepoint: 6296 ns, Total: 65302 ns
[2020-09-11T12:09:45.752+0000][1][safepoint    ] Safepoint "Cleanup", Time since last: 1000136380 ns, Reaching safepoint: 64525 ns, At safepoint: 6679 ns, Total: 71204 ns
[2020-09-11T12:09:46.752+0000][1][safepoint    ] Safepoint "Cleanup", Time since last: 1000135049 ns, Reaching safepoint: 111238 ns, At safepoint: 17307 ns, Total: 128545 ns
[2020-09-11T12:09:47.752+0000][1][safepoint    ] Safepoint "Cleanup", Time since last: 1000171954 ns, Reaching safepoint: 102545 ns, At safepoint: 16909 ns, Total: 119454 ns
[2020-09-11T12:09:48.753+0000][1][safepoint    ] Safepoint "Cleanup", Time since last: 1000200829 ns, Reaching safepoint: 99595 ns, At safepoint: 17547 ns, Total: 117142 ns
[2020-09-11T12:09:49.753+0000][1][safepoint    ] Safepoint "Cleanup", Time since last: 1000198411 ns, Reaching safepoint: 84761 ns, At safepoint: 6844 ns, Total: 91605 ns
[2020-09-11T12:09:50.753+0000][1][safepoint    ] Safepoint "Cleanup", Time since last: 1000167187 ns, Reaching safepoint: 98967 ns, At safepoint: 17116 ns, Total: 116083 ns
[2020-09-11T12:09:51.753+0000][1][safepoint    ] Safepoint "Cleanup", Time since last: 1000170546 ns, Reaching safepoint: 94952 ns, At safepoint: 14994 ns, Total: 109946 ns
[2020-09-11T12:09:52.754+0000][1][safepoint    ] Safepoint "Cleanup", Time since last: 1000173952 ns, Reaching safepoint: 100560 ns, At safepoint: 16859 ns, Total: 117419 ns
[2020-09-11T12:09:53.754+0000][1][safepoint    ] Safepoint "Cleanup", Time since last: 1000531576 ns, Reaching safepoint: 71760 ns, At safepoint: 6984 ns, Total: 78744 ns
[2020-09-11T12:09:54.755+0000][1][safepoint    ] Safepoint "Cleanup", Time since last: 1000184716 ns, Reaching safepoint: 97868 ns, At safepoint: 17410 ns, Total: 115278 ns
[2020-09-11T12:09:55.755+0000][1][safepoint    ] Safepoint "Cleanup", Time since last: 1000191127 ns, Reaching safepoint: 100531 ns, At safepoint: 17570 ns, Total: 118101 ns
[2020-09-11T12:09:56.755+0000][1][safepoint    ] Safepoint "Cleanup", Time since last: 1000136230 ns, Reaching safepoint: 61017 ns, At safepoint: 5393 ns, Total: 66410 ns
[2020-09-11T12:09:57.534+0000][1][gc,start     ] GC(70) Pause Young (Allocation Failure)
[2020-09-11T12:09:57.534+0000][1][gc,task      ] GC(70) Using 1 workers of 1 for evacuation
[2020-09-11T12:09:57.542+0000][1][gc,age       ] GC(70) Desired survivor size 4358144 bytes, new threshold 6 (max threshold 6)
[2020-09-11T12:09:57.542+0000][1][gc,age       ] GC(70) Age table with threshold 6 (max threshold 6)
[2020-09-11T12:09:57.542+0000][1][gc,age       ] GC(70) - age   1:       7200 bytes,       7200 total
[2020-09-11T12:09:57.542+0000][1][gc,age       ] GC(70) - age   2:       2528 bytes,       9728 total
[2020-09-11T12:09:57.542+0000][1][gc,age       ] GC(70) - age   3:      13848 bytes,      23576 total
[2020-09-11T12:09:57.542+0000][1][gc,age       ] GC(70) - age   4:       9632 bytes,      33208 total
[2020-09-11T12:09:57.542+0000][1][gc,age       ] GC(70) - age   5:     320768 bytes,     353976 total
[2020-09-11T12:09:57.542+0000][1][gc,age       ] GC(70) - age   6:    1091680 bytes,    1445656 total
[2020-09-11T12:09:57.542+0000][1][gc,heap      ] GC(70) ParNew: 70980K->1767K(76672K)
[2020-09-11T12:09:57.542+0000][1][gc,heap      ] GC(70) CMS: 63242K->63242K(439104K)
[2020-09-11T12:09:57.542+0000][1][gc,metaspace ] GC(70) Metaspace: 73533K->73533K(1116160K)
[2020-09-11T12:09:57.542+0000][1][gc           ] GC(70) Pause Young (Allocation Failure) 131M->63M(503M) 8.199ms
[2020-09-11T12:09:57.542+0000][1][gc,cpu       ] GC(70) User=0.00s Sys=0.00s Real=0.01s
[2020-09-11T12:09:57.542+0000][1][safepoint    ] Safepoint "GenCollectForAllocation", Time since last: 778241492 ns, Reaching safepoint: 171335 ns, At safepoint: 8264606 ns, Total: 8435941 ns
[2020-09-11T12:09:58.548+0000][1][safepoint    ] Safepoint "Cleanup", Time since last: 1005716617 ns, Reaching safepoint: 104841 ns, At safepoint: 17744 ns, Total: 122585 ns
[2020-09-11T12:09:59.548+0000][1][safepoint    ] Safepoint "Cleanup", Time since last: 1000218020 ns, Reaching safepoint: 104483 ns, At safepoint: 16562 ns, Total: 121045 ns
[2020-09-11T12:10:00.548+0000][1][safepoint    ] Safepoint "Cleanup", Time since last: 1000235011 ns, Reaching safepoint: 104653 ns, At safepoint: 17844 ns, Total: 122497 ns
[2020-09-11T12:10:01.549+0000][1][safepoint    ] Safepoint "Cleanup", Time since last: 1000168255 ns, Reaching safepoint: 101730 ns, At safepoint: 14093 ns, Total: 115823 ns
[2020-09-11T12:10:02.549+0000][1][safepoint    ] Safepoint "Cleanup", Time since last: 1000169270 ns, Reaching safepoint: 221648 ns, At safepoint: 21259 ns, Total: 242907 ns
[2020-09-11T12:10:03.549+0000][1][safepoint    ] Safepoint "Cleanup", Time since last: 1000207952 ns, Reaching safepoint: 84593 ns, At safepoint: 6754 ns, Total: 91347 ns
[2020-09-11T12:10:04.550+0000][1][safepoint    ] Safepoint "Cleanup", Time since last: 1000166057 ns, Reaching safepoint: 108576 ns, At safepoint: 7923 ns, Total: 116499 ns
[2020-09-11T12:10:05.550+0000][1][safepoint    ] Safepoint "Cleanup", Time since last: 1000185074 ns, Reaching safepoint: 76947 ns, At safepoint: 6722 ns, Total: 83669 ns
[2020-09-11T12:10:06.550+0000][1][safepoint    ] Safepoint "Cleanup", Time since last: 1000149540 ns, Reaching safepoint: 103610 ns, At safepoint: 7434 ns, Total: 111044 ns
[2020-09-11T12:10:07.550+0000][1][safepoint    ] Safepoint "Cleanup", Time since last: 1000173987 ns, Reaching safepoint: 87018 ns, At safepoint: 6955 ns, Total: 93973 ns
[2020-09-11T12:10:08.551+0000][1][safepoint    ] Safepoint "Cleanup", Time since last: 1000179871 ns, Reaching safepoint: 92718 ns, At safepoint: 7975 ns, Total: 100693 ns
[2020-09-11T12:10:09.551+0000][1][safepoint    ] Safepoint "Cleanup", Time since last: 1000166550 ns, Reaching safepoint: 110103 ns, At safepoint: 16732 ns, Total: 126835 ns
[2020-09-11T12:10:10.551+0000][1][safepoint    ] Safepoint "Cleanup", Time since last: 1000207208 ns, Reaching safepoint: 92812 ns, At safepoint: 7230 ns, Total: 100042 ns
[2020-09-11T12:10:11.552+0000][1][safepoint    ] Safepoint "Cleanup", Time since last: 1000199511 ns, Reaching safepoint: 91049 ns, At safepoint: 6876 ns, Total: 97925 ns
[2020-09-11T12:10:12.552+0000][1][safepoint    ] Safepoint "Cleanup", Time since last: 1000244333 ns, Reaching safepoint: 64393 ns, At safepoint: 7719 ns, Total: 72112 ns
[2020-09-11T12:10:13.552+0000][1][safepoint    ] Safepoint "Cleanup", Time since last: 1000172686 ns, Reaching safepoint: 107494 ns, At safepoint: 17162 ns, Total: 124656 ns
[2020-09-11T12:10:14.553+0000][1][safepoint    ] Safepoint "Cleanup", Time since last: 1000224574 ns, Reaching safepoint: 87715 ns, At safepoint: 7649 ns, Total: 95364 ns
[2020-09-11T12:10:15.553+0000][1][safepoint    ] Safepoint "Cleanup", Time since last: 1000191958 ns, Reaching safepoint: 110053 ns, At safepoint: 16875 ns, Total: 126928 ns
[2020-09-11T12:10:16.553+0000][1][safepoint    ] Safepoint "Cleanup", Time since last: 1000233390 ns, Reaching safepoint: 108930 ns, At safepoint: 18081 ns, Total: 127011 ns
[2020-09-11T12:10:17.554+0000][1][safepoint    ] Safepoint "Cleanup", Time since last: 1000227015 ns, Reaching safepoint: 108686 ns, At safepoint: 16929 ns, Total: 125615 ns
[2020-09-11T12:10:18.554+0000][1][safepoint    ] Safepoint "Cleanup", Time since last: 1000234433 ns, Reaching safepoint: 86629 ns, At safepoint: 7438 ns, Total: 94067 ns
[2020-09-11T12:10:19.554+0000][1][safepoint    ] Safepoint "Cleanup", Time since last: 1000196239 ns, Reaching safepoint: 91675 ns, At safepoint: 6399 ns, Total: 98074 ns
[2020-09-11T12:10:20.554+0000][1][safepoint    ] Safepoint "Cleanup", Time since last: 1000178023 ns, Reaching safepoint: 85926 ns, At safepoint: 7055 ns, Total: 92981 ns
[2020-09-11T12:10:21.555+0000][1][safepoint    ] Safepoint "Cleanup", Time since last: 1000203326 ns, Reaching safepoint: 153118 ns, At safepoint: 17119 ns, Total: 170237 ns
[2020-09-11T12:10:22.555+0000][1][safepoint    ] Safepoint "Cleanup", Time since last: 1000235242 ns, Reaching safepoint: 111680 ns, At safepoint: 17927 ns, Total: 129607 ns
[2020-09-11T12:10:23.556+0000][1][safepoint    ] Safepoint "Cleanup", Time since last: 1000221393 ns, Reaching safepoint: 87867 ns, At safepoint: 5903 ns, Total: 93770 ns
[2020-09-11T12:10:24.556+0000][1][safepoint    ] Safepoint "Cleanup", Time since last: 1000164317 ns, Reaching safepoint: 109227 ns, At safepoint: 17784 ns, Total: 127011 ns
[2020-09-11T12:10:25.556+0000][1][safepoint    ] Safepoint "Cleanup", Time since last: 1000216453 ns, Reaching safepoint: 110727 ns, At safepoint: 16816 ns, Total: 127543 ns
[2020-09-11T12:10:26.556+0000][1][safepoint    ] Safepoint "Cleanup", Time since last: 1000181261 ns, Reaching safepoint: 125271 ns, At safepoint: 19541 ns, Total: 144812 ns
[2020-09-11T12:10:27.557+0000][1][safepoint    ] Safepoint "Cleanup", Time since last: 1000237169 ns, Reaching safepoint: 111406 ns, At safepoint: 17373 ns, Total: 128779 ns
[2020-09-11T12:10:28.557+0000][1][safepoint    ] Safepoint "Cleanup", Time since last: 1000224687 ns, Reaching safepoint: 83985 ns, At safepoint: 7551 ns, Total: 91536 ns
[2020-09-11T12:10:29.557+0000][1][safepoint    ] Safepoint "Cleanup", Time since last: 1000173180 ns, Reaching safepoint: 109943 ns, At safepoint: 16825 ns, Total: 126768 ns
[2020-09-11T12:10:30.558+0000][1][safepoint    ] Safepoint "Cleanup", Time since last: 1000219406 ns, Reaching safepoint: 109755 ns, At safepoint: 17036 ns, Total: 126791 ns
[2020-09-11T12:10:31.558+0000][1][safepoint    ] Safepoint "Cleanup", Time since last: 1000219055 ns, Reaching safepoint: 108268 ns, At safepoint: 16685 ns, Total: 124953 ns
[2020-09-11T12:10:32.558+0000][1][safepoint    ] Safepoint "Cleanup", Time since last: 1000206264 ns, Reaching safepoint: 109615 ns, At safepoint: 17196 ns, Total: 126811 ns
[2020-09-11T12:10:33.559+0000][1][safepoint    ] Safepoint "Cleanup", Time since last: 1000201085 ns, Reaching safepoint: 92263 ns, At safepoint: 5783 ns, Total: 98046 ns
[2020-09-11T12:10:34.559+0000][1][safepoint    ] Safepoint "Cleanup", Time since last: 1000138281 ns, Reaching safepoint: 119708 ns, At safepoint: 17954 ns, Total: 137662 ns
[2020-09-11T12:10:35.560+0000][1][safepoint    ] Safepoint "Cleanup", Time since last: 1000289915 ns, Reaching safepoint: 157418 ns, At safepoint: 14934 ns, Total: 172352 ns
[2020-09-11T12:10:36.560+0000][1][safepoint    ] Safepoint "Cleanup", Time since last: 1000234606 ns, Reaching safepoint: 110658 ns, At safepoint: 17493 ns, Total: 128151 ns
[2020-09-11T12:10:37.560+0000][1][safepoint    ] Safepoint "Cleanup", Time since last: 1000221217 ns, Reaching safepoint: 110484 ns, At safepoint: 16524 ns, Total: 127008 ns
[2020-09-11T12:10:38.461+0000][1][safepoint    ] Safepoint "RevokeBias", Time since last: 899402988 ns, Reaching safepoint: 742527 ns, At safepoint: 248002 ns, Total: 990529 ns
[2020-09-11T12:10:38.461+0000][1][safepoint    ] Safepoint "RevokeBias", Time since last: 182225 ns, Reaching safepoint: 56944 ns, At safepoint: 33036 ns, Total: 89980 ns
[2020-09-11T12:10:38.462+0000][1][safepoint    ] Safepoint "RevokeBias", Time since last: 457930 ns, Reaching safepoint: 166466 ns, At safepoint: 35441 ns, Total: 201907 ns
[2020-09-11T12:10:38.462+0000][1][safepoint    ] Safepoint "RevokeBias", Time since last: 117727 ns, Reaching safepoint: 54532 ns, At safepoint: 29898 ns, Total: 84430 ns
[2020-09-11T12:10:39.462+0000][1][safepoint    ] Safepoint "Cleanup", Time since last: 1000174140 ns, Reaching safepoint: 91456 ns, At safepoint: 8235 ns, Total: 99691 ns
[2020-09-11T12:10:40.462+0000][1][safepoint    ] Safepoint "Cleanup", Time since last: 1000178010 ns, Reaching safepoint: 88029 ns, At safepoint: 7539 ns, Total: 95568 ns
[2020-09-11T12:10:41.463+0000][1][safepoint    ] Safepoint "Cleanup", Time since last: 1000142434 ns, Reaching safepoint: 156061 ns, At safepoint: 16692 ns, Total: 172753 ns
[2020-09-11T12:10:42.463+0000][1][safepoint    ] Safepoint "Cleanup", Time since last: 1000163370 ns, Reaching safepoint: 55975 ns, At safepoint: 7739 ns, Total: 63714 ns
[2020-09-11T12:10:43.463+0000][1][safepoint    ] Safepoint "Cleanup", Time since last: 1000222490 ns, Reaching safepoint: 97196 ns, At safepoint: 6417 ns, Total: 103613 ns
[2020-09-11T12:10:44.464+0000][1][safepoint    ] Safepoint "Cleanup", Time since last: 1000192452 ns, Reaching safepoint: 164473 ns, At safepoint: 7314 ns, Total: 171787 ns
[2020-09-11T12:10:45.464+0000][1][safepoint    ] Safepoint "Cleanup", Time since last: 1000193819 ns, Reaching safepoint: 83004 ns, At safepoint: 7459 ns, Total: 90463 ns
[2020-09-11T12:10:46.464+0000][1][safepoint    ] Safepoint "Cleanup", Time since last: 1000138486 ns, Reaching safepoint: 102674 ns, At safepoint: 6796 ns, Total: 109470 ns
[2020-09-11T12:10:47.464+0000][1][safepoint    ] Safepoint "Cleanup", Time since last: 1000194467 ns, Reaching safepoint: 111616 ns, At safepoint: 17905 ns, Total: 129521 ns
[2020-09-11T12:10:48.465+0000][1][safepoint    ] Safepoint "Cleanup", Time since last: 1000257439 ns, Reaching safepoint: 89675 ns, At safepoint: 7738 ns, Total: 97413 ns
[2020-09-11T12:10:49.465+0000][1][safepoint    ] Safepoint "Cleanup", Time since last: 1000151948 ns, Reaching safepoint: 122721 ns, At safepoint: 17791 ns, Total: 140512 ns
[2020-09-11T12:10:50.465+0000][1][safepoint    ] Safepoint "Cleanup", Time since last: 1000186978 ns, Reaching safepoint: 110867 ns, At safepoint: 15356 ns, Total: 126223 ns
[2020-09-11T12:10:51.466+0000][1][safepoint    ] Safepoint "Cleanup", Time since last: 1000221356 ns, Reaching safepoint: 106628 ns, At safepoint: 17574 ns, Total: 124202 ns
[2020-09-11T12:10:52.466+0000][1][safepoint    ] Safepoint "Cleanup", Time since last: 1000217977 ns, Reaching safepoint: 107487 ns, At safepoint: 17714 ns, Total: 125201 ns
[2020-09-11T12:10:53.466+0000][1][safepoint    ] Safepoint "Cleanup", Time since last: 1000220059 ns, Reaching safepoint: 112401 ns, At safepoint: 18205 ns, Total: 130606 ns
[2020-09-11T12:10:54.467+0000][1][safepoint    ] Safepoint "Cleanup", Time since last: 1000217684 ns, Reaching safepoint: 96467 ns, At safepoint: 7363 ns, Total: 103830 ns
[2020-09-11T12:10:55.467+0000][1][safepoint    ] Safepoint "Cleanup", Time since last: 1000180100 ns, Reaching safepoint: 127028 ns, At safepoint: 19775 ns, Total: 146803 ns
[2020-09-11T12:10:56.467+0000][1][safepoint    ] Safepoint "Cleanup", Time since last: 1000197821 ns, Reaching safepoint: 117259 ns, At safepoint: 18081 ns, Total: 135340 ns
[2020-09-11T12:10:57.468+0000][1][safepoint    ] Safepoint "Cleanup", Time since last: 1000212605 ns, Reaching safepoint: 112739 ns, At safepoint: 18262 ns, Total: 131001 ns
[2020-09-11T12:10:58.468+0000][1][safepoint    ] Safepoint "Cleanup", Time since last: 1000188047 ns, Reaching safepoint: 110641 ns, At safepoint: 16895 ns, Total: 127536 ns
[2020-09-11T12:10:59.468+0000][1][safepoint    ] Safepoint "Cleanup", Time since last: 1000228776 ns, Reaching safepoint: 81576 ns, At safepoint: 8214 ns, Total: 89790 ns
[2020-09-11T12:11:00.469+0000][1][safepoint    ] Safepoint "Cleanup", Time since last: 1000144749 ns, Reaching safepoint: 103893 ns, At safepoint: 6330 ns, Total: 110223 ns
[2020-09-11T12:11:01.469+0000][1][safepoint    ] Safepoint "Cleanup", Time since last: 1000248216 ns, Reaching safepoint: 59683 ns, At safepoint: 6682 ns, Total: 66365 ns
[2020-09-11T12:11:02.469+0000][1][safepoint    ] Safepoint "Cleanup", Time since last: 1000240189 ns, Reaching safepoint: 76539 ns, At safepoint: 6445 ns, Total: 82984 ns
[2020-09-11T12:11:03.470+0000][1][safepoint    ] Safepoint "Cleanup", Time since last: 1000293944 ns, Reaching safepoint: 111032 ns, At safepoint: 16758 ns, Total: 127790 ns
[2020-09-11T12:11:04.470+0000][1][safepoint    ] Safepoint "Cleanup", Time since last: 1000289984 ns, Reaching safepoint: 65060 ns, At safepoint: 7099 ns, Total: 72159 ns
[2020-09-11T12:11:05.470+0000][1][safepoint    ] Safepoint "Cleanup", Time since last: 1000299428 ns, Reaching safepoint: 111208 ns, At safepoint: 17012 ns, Total: 128220 ns
[2020-09-11T12:11:06.471+0000][1][safepoint    ] Safepoint "Cleanup", Time since last: 1000352161 ns, Reaching safepoint: 110570 ns, At safepoint: 17774 ns, Total: 128344 ns
[2020-09-11T12:11:07.471+0000][1][safepoint    ] Safepoint "Cleanup", Time since last: 1000242880 ns, Reaching safepoint: 110861 ns, At safepoint: 16919 ns, Total: 127780 ns
[2020-09-11T12:11:07.656+0000][1][gc,start     ] GC(71) Pause Young (Allocation Failure)
[2020-09-11T12:11:07.656+0000][1][gc,task      ] GC(71) Using 1 workers of 1 for evacuation
[2020-09-11T12:11:07.670+0000][1][gc,age       ] GC(71) Desired survivor size 4358144 bytes, new threshold 6 (max threshold 6)
[2020-09-11T12:11:07.670+0000][1][gc,age       ] GC(71) Age table with threshold 6 (max threshold 6)
[2020-09-11T12:11:07.670+0000][1][gc,age       ] GC(71) - age   1:      12688 bytes,      12688 total
[2020-09-11T12:11:07.670+0000][1][gc,age       ] GC(71) - age   2:       1472 bytes,      14160 total
[2020-09-11T12:11:07.670+0000][1][gc,age       ] GC(71) - age   3:       2448 bytes,      16608 total
[2020-09-11T12:11:07.670+0000][1][gc,age       ] GC(71) - age   4:      13848 bytes,      30456 total
[2020-09-11T12:11:07.670+0000][1][gc,age       ] GC(71) - age   5:       9632 bytes,      40088 total
[2020-09-11T12:11:07.670+0000][1][gc,age       ] GC(71) - age   6:     317336 bytes,     357424 total
[2020-09-11T12:11:07.670+0000][1][gc,heap      ] GC(71) ParNew: 69927K->1279K(76672K)
[2020-09-11T12:11:07.670+0000][1][gc,heap      ] GC(71) CMS: 63242K->64338K(439104K)
[2020-09-11T12:11:07.670+0000][1][gc,metaspace ] GC(71) Metaspace: 73601K->73601K(1116160K)
[2020-09-11T12:11:07.670+0000][1][gc           ] GC(71) Pause Young (Allocation Failure) 130M->64M(503M) 13.982ms
[2020-09-11T12:11:07.670+0000][1][gc,cpu       ] GC(71) User=0.02s Sys=0.00s Real=0.01s
[2020-09-11T12:11:07.670+0000][1][safepoint    ] Safepoint "GenCollectForAllocation", Time since last: 184358417 ns, Reaching safepoint: 207633 ns, At safepoint: 14055640 ns, Total: 14263273 ns
[2020-09-11T12:11:08.675+0000][1][safepoint    ] Safepoint "Cleanup", Time since last: 1004938849 ns, Reaching safepoint: 129186 ns, At safepoint: 56159 ns, Total: 185345 ns
[2020-09-11T12:11:09.675+0000][1][safepoint    ] Safepoint "Cleanup", Time since last: 1000240999 ns, Reaching safepoint: 161203 ns, At safepoint: 18944 ns, Total: 180147 ns
[2020-09-11T12:11:10.676+0000][1][safepoint    ] Safepoint "Cleanup", Time since last: 1000250339 ns, Reaching safepoint: 85978 ns, At safepoint: 8017 ns, Total: 93995 ns
[2020-09-11T12:11:11.676+0000][1][safepoint    ] Safepoint "Cleanup", Time since last: 1000194081 ns, Reaching safepoint: 91440 ns, At safepoint: 7229 ns, Total: 98669 ns
[2020-09-11T12:11:12.676+0000][1][safepoint    ] Safepoint "Cleanup", Time since last: 1000132822 ns, Reaching safepoint: 213185 ns, At safepoint: 18550 ns, Total: 231735 ns
[2020-09-11T12:11:13.677+0000][1][safepoint    ] Safepoint "Cleanup", Time since last: 1000202612 ns, Reaching safepoint: 96788 ns, At safepoint: 6853 ns, Total: 103641 ns
[2020-09-11T12:11:14.677+0000][1][safepoint    ] Safepoint "Cleanup", Time since last: 1000202799 ns, Reaching safepoint: 115756 ns, At safepoint: 18101 ns, Total: 133857 ns
[2020-09-11T12:11:15.677+0000][1][safepoint    ] Safepoint "Cleanup", Time since last: 1000194224 ns, Reaching safepoint: 103974 ns, At safepoint: 7079 ns, Total: 111053 ns
[2020-09-11T12:11:16.678+0000][1][safepoint    ] Safepoint "Cleanup", Time since last: 1000142288 ns, Reaching safepoint: 116234 ns, At safepoint: 17603 ns, Total: 133837 ns
[2020-09-11T12:11:17.678+0000][1][safepoint    ] Safepoint "Cleanup", Time since last: 1000242735 ns, Reaching safepoint: 118348 ns, At safepoint: 17239 ns, Total: 135587 ns
[2020-09-11T12:11:18.679+0000][1][safepoint    ] Safepoint "Cleanup", Time since last: 1000392293 ns, Reaching safepoint: 248951 ns, At safepoint: 20103 ns, Total: 269054 ns
[2020-09-11T12:11:19.679+0000][1][safepoint    ] Safepoint "Cleanup", Time since last: 1000198476 ns, Reaching safepoint: 114329 ns, At safepoint: 16969 ns, Total: 131298 ns
[2020-09-11T12:11:20.679+0000][1][safepoint    ] Safepoint "Cleanup", Time since last: 1000220305 ns, Reaching safepoint: 155767 ns, At safepoint: 16712 ns, Total: 172479 ns
[2020-09-11T12:11:21.680+0000][1][safepoint    ] Safepoint "Cleanup", Time since last: 1000210886 ns, Reaching safepoint: 113591 ns, At safepoint: 16127 ns, Total: 129718 ns
[2020-09-11T12:11:22.680+0000][1][safepoint    ] Safepoint "Cleanup", Time since last: 1000271005 ns, Reaching safepoint: 98589 ns, At safepoint: 8405 ns, Total: 106994 ns
[2020-09-11T12:11:23.680+0000][1][safepoint    ] Safepoint "Cleanup", Time since last: 1000170064 ns, Reaching safepoint: 92429 ns, At safepoint: 7648 ns, Total: 100077 ns
[2020-09-11T12:11:24.681+0000][1][safepoint    ] Safepoint "Cleanup", Time since last: 1000190305 ns, Reaching safepoint: 117526 ns, At safepoint: 18061 ns, Total: 135587 ns
[2020-09-11T12:11:25.681+0000][1][safepoint    ] Safepoint "Cleanup", Time since last: 1000209928 ns, Reaching safepoint: 97961 ns, At safepoint: 7362 ns, Total: 105323 ns
[2020-09-11T12:11:26.681+0000][1][safepoint    ] Safepoint "Cleanup", Time since last: 1000231780 ns, Reaching safepoint: 73755 ns, At safepoint: 7691 ns, Total: 81446 ns
[2020-09-11T12:11:27.682+0000][1][safepoint    ] Safepoint "Cleanup", Time since last: 1000182884 ns, Reaching safepoint: 118178 ns, At safepoint: 16795 ns, Total: 134973 ns
[2020-09-11T12:11:28.682+0000][1][safepoint    ] Safepoint "Cleanup", Time since last: 1000267259 ns, Reaching safepoint: 85263 ns, At safepoint: 7800 ns, Total: 93063 ns
[2020-09-11T12:11:29.682+0000][1][safepoint    ] Safepoint "Cleanup", Time since last: 1000176232 ns, Reaching safepoint: 95336 ns, At safepoint: 7251 ns, Total: 102587 ns
[2020-09-11T12:11:30.683+0000][1][safepoint    ] Safepoint "Cleanup", Time since last: 1000187197 ns, Reaching safepoint: 101855 ns, At safepoint: 7861 ns, Total: 109716 ns
[2020-09-11T12:11:31.683+0000][1][safepoint    ] Safepoint "Cleanup", Time since last: 1000179593 ns, Reaching safepoint: 93296 ns, At safepoint: 6642 ns, Total: 99938 ns
[2020-09-11T12:11:32.683+0000][1][safepoint    ] Safepoint "Cleanup", Time since last: 1000196174 ns, Reaching safepoint: 116364 ns, At safepoint: 17494 ns, Total: 133858 ns
[2020-09-11T12:11:33.684+0000][1][safepoint    ] Safepoint "Cleanup", Time since last: 1000243320 ns, Reaching safepoint: 87474 ns, At safepoint: 7001 ns, Total: 94475 ns
[2020-09-11T12:11:34.684+0000][1][safepoint    ] Safepoint "Cleanup", Time since last: 1000141972 ns, Reaching safepoint: 115518 ns, At safepoint: 16314 ns, Total: 131832 ns
[2020-09-11T12:11:35.684+0000][1][safepoint    ] Safepoint "Cleanup", Time since last: 1000273630 ns, Reaching safepoint: 148534 ns, At safepoint: 20594 ns, Total: 169128 ns
[2020-09-11T12:11:36.685+0000][1][safepoint    ] Safepoint "Cleanup", Time since last: 1000209641 ns, Reaching safepoint: 102621 ns, At safepoint: 7157 ns, Total: 109778 ns
[2020-09-11T12:11:37.685+0000][1][safepoint    ] Safepoint "Cleanup", Time since last: 1000176798 ns, Reaching safepoint: 116504 ns, At safepoint: 17076 ns, Total: 133580 ns
[2020-09-11T12:11:38.685+0000][1][safepoint    ] Safepoint "Cleanup", Time since last: 1000227565 ns, Reaching safepoint: 90507 ns, At safepoint: 7456 ns, Total: 97963 ns
[2020-09-11T12:11:39.686+0000][1][safepoint    ] Safepoint "Cleanup", Time since last: 1000185903 ns, Reaching safepoint: 84270 ns, At safepoint: 7480 ns, Total: 91750 ns
[2020-09-11T12:11:40.686+0000][1][safepoint    ] Safepoint "Cleanup", Time since last: 1000148204 ns, Reaching safepoint: 101052 ns, At safepoint: 7628 ns, Total: 108680 ns
[2020-09-11T12:11:41.686+0000][1][safepoint    ] Safepoint "Cleanup", Time since last: 1000179332 ns, Reaching safepoint: 92174 ns, At safepoint: 7434 ns, Total: 99608 ns
[2020-09-11T12:11:42.686+0000][1][safepoint    ] Safepoint "Cleanup", Time since last: 1000203236 ns, Reaching safepoint: 98132 ns, At safepoint: 7346 ns, Total: 105478 ns
[2020-09-11T12:11:43.687+0000][1][safepoint    ] Safepoint "Cleanup", Time since last: 1000150431 ns, Reaching safepoint: 117346 ns, At safepoint: 15455 ns, Total: 132801 ns
[2020-09-11T12:11:44.687+0000][1][safepoint    ] Safepoint "Cleanup", Time since last: 1000260232 ns, Reaching safepoint: 116384 ns, At safepoint: 17560 ns, Total: 133944 ns
[2020-09-11T12:11:45.687+0000][1][safepoint    ] Safepoint "Cleanup", Time since last: 1000224563 ns, Reaching safepoint: 142841 ns, At safepoint: 15896 ns, Total: 158737 ns
[2020-09-11T12:11:46.688+0000][1][safepoint    ] Safepoint "Cleanup", Time since last: 1000191886 ns, Reaching safepoint: 107668 ns, At safepoint: 7372 ns, Total: 115040 ns
[2020-09-11T12:11:47.688+0000][1][safepoint    ] Safepoint "Cleanup", Time since last: 1000178173 ns, Reaching safepoint: 91271 ns, At safepoint: 7273 ns, Total: 98544 ns
[2020-09-11T12:11:48.688+0000][1][safepoint    ] Safepoint "Cleanup", Time since last: 1000149897 ns, Reaching safepoint: 104907 ns, At safepoint: 7955 ns, Total: 112862 ns
[2020-09-11T12:11:49.689+0000][1][safepoint    ] Safepoint "Cleanup", Time since last: 1000169258 ns, Reaching safepoint: 130968 ns, At safepoint: 18505 ns, Total: 149473 ns
[2020-09-11T12:11:50.689+0000][1][safepoint    ] Safepoint "Cleanup", Time since last: 1000251674 ns, Reaching safepoint: 78822 ns, At safepoint: 8773 ns, Total: 87595 ns
[2020-09-11T12:11:51.689+0000][1][safepoint    ] Safepoint "Cleanup", Time since last: 1000151586 ns, Reaching safepoint: 113020 ns, At safepoint: 15171 ns, Total: 128191 ns
[2020-09-11T12:11:52.690+0000][1][safepoint    ] Safepoint "Cleanup", Time since last: 1000238554 ns, Reaching safepoint: 112913 ns, At safepoint: 17072 ns, Total: 129985 ns
[2020-09-11T12:11:53.690+0000][1][safepoint    ] Safepoint "Cleanup", Time since last: 1000216407 ns, Reaching safepoint: 132846 ns, At safepoint: 6986 ns, Total: 139832 ns
[2020-09-11T12:11:54.690+0000][1][safepoint    ] Safepoint "Cleanup", Time since last: 1000170904 ns, Reaching safepoint: 122357 ns, At safepoint: 17423 ns, Total: 139780 ns
[2020-09-11T12:11:55.691+0000][1][safepoint    ] Safepoint "Cleanup", Time since last: 1000222205 ns, Reaching safepoint: 125531 ns, At safepoint: 17540 ns, Total: 143071 ns
[2020-09-11T12:11:56.691+0000][1][safepoint    ] Safepoint "Cleanup", Time since last: 1000202905 ns, Reaching safepoint: 127286 ns, At safepoint: 18168 ns, Total: 145454 ns
[2020-09-11T12:11:57.691+0000][1][safepoint    ] Safepoint "Cleanup", Time since last: 1000222865 ns, Reaching safepoint: 116270 ns, At safepoint: 17160 ns, Total: 133430 ns
[2020-09-11T12:11:58.692+0000][1][safepoint    ] Safepoint "Cleanup", Time since last: 1000243957 ns, Reaching safepoint: 119798 ns, At safepoint: 17928 ns, Total: 137726 ns
[2020-09-11T12:11:59.692+0000][1][safepoint    ] Safepoint "Cleanup", Time since last: 1000209509 ns, Reaching safepoint: 128167 ns, At safepoint: 17340 ns, Total: 145507 ns
[2020-09-11T12:12:00.692+0000][1][safepoint    ] Safepoint "Cleanup", Time since last: 1000234014 ns, Reaching safepoint: 86310 ns, At safepoint: 7987 ns, Total: 94297 ns
[2020-09-11T12:12:01.693+0000][1][safepoint    ] Safepoint "Cleanup", Time since last: 1000189746 ns, Reaching safepoint: 113641 ns, At safepoint: 17684 ns, Total: 131325 ns
[2020-09-11T12:12:02.693+0000][1][safepoint    ] Safepoint "Cleanup", Time since last: 1000235273 ns, Reaching safepoint: 117596 ns, At safepoint: 17918 ns, Total: 135514 ns
[2020-09-11T12:12:03.693+0000][1][safepoint    ] Safepoint "Cleanup", Time since last: 1000229831 ns, Reaching safepoint: 118114 ns, At safepoint: 17230 ns, Total: 135344 ns
[2020-09-11T12:12:04.694+0000][1][safepoint    ] Safepoint "Cleanup", Time since last: 1000262950 ns, Reaching safepoint: 138517 ns, At safepoint: 18907 ns, Total: 157424 ns
[2020-09-11T12:12:05.694+0000][1][safepoint    ] Safepoint "Cleanup", Time since last: 1000243047 ns, Reaching safepoint: 124780 ns, At safepoint: 17276 ns, Total: 142056 ns
[2020-09-11T12:12:06.695+0000][1][safepoint    ] Safepoint "Cleanup", Time since last: 1000240832 ns, Reaching safepoint: 116234 ns, At safepoint: 17570 ns, Total: 133804 ns
[2020-09-11T12:12:07.695+0000][1][safepoint    ] Safepoint "Cleanup", Time since last: 1000224744 ns, Reaching safepoint: 118071 ns, At safepoint: 41107 ns, Total: 159178 ns
[2020-09-11T12:12:08.696+0000][1][safepoint    ] Safepoint "Cleanup", Time since last: 1000395102 ns, Reaching safepoint: 113340 ns, At safepoint: 15940 ns, Total: 129280 ns
[2020-09-11T12:12:09.696+0000][1][safepoint    ] Safepoint "Cleanup", Time since last: 1000227007 ns, Reaching safepoint: 116126 ns, At safepoint: 16625 ns, Total: 132751 ns
[2020-09-11T12:12:10.696+0000][1][safepoint    ] Safepoint "Cleanup", Time since last: 1000229832 ns, Reaching safepoint: 118695 ns, At safepoint: 17450 ns, Total: 136145 ns
[2020-09-11T12:12:11.697+0000][1][safepoint    ] Safepoint "Cleanup", Time since last: 1000194006 ns, Reaching safepoint: 122845 ns, At safepoint: 17380 ns, Total: 140225 ns
[2020-09-11T12:12:12.697+0000][1][safepoint    ] Safepoint "Cleanup", Time since last: 1000245517 ns, Reaching safepoint: 114657 ns, At safepoint: 16932 ns, Total: 131589 ns
[2020-09-11T12:12:12.797+0000][1][gc,start     ] GC(72) Pause Young (Allocation Failure)
[2020-09-11T12:12:12.797+0000][1][gc,task      ] GC(72) Using 1 workers of 1 for evacuation
[2020-09-11T12:12:12.802+0000][1][gc,age       ] GC(72) Desired survivor size 4358144 bytes, new threshold 6 (max threshold 6)
[2020-09-11T12:12:12.802+0000][1][gc,age       ] GC(72) Age table with threshold 6 (max threshold 6)
[2020-09-11T12:12:12.802+0000][1][gc,age       ] GC(72) - age   1:      31560 bytes,      31560 total
[2020-09-11T12:12:12.802+0000][1][gc,age       ] GC(72) - age   2:       7008 bytes,      38568 total
[2020-09-11T12:12:12.802+0000][1][gc,age       ] GC(72) - age   3:       1472 bytes,      40040 total
[2020-09-11T12:12:12.802+0000][1][gc,age       ] GC(72) - age   4:       2448 bytes,      42488 total
[2020-09-11T12:12:12.802+0000][1][gc,age       ] GC(72) - age   5:      13848 bytes,      56336 total
[2020-09-11T12:12:12.802+0000][1][gc,age       ] GC(72) - age   6:       9632 bytes,      65968 total
[2020-09-11T12:12:12.802+0000][1][gc,heap      ] GC(72) ParNew: 69439K->407K(76672K)
[2020-09-11T12:12:12.802+0000][1][gc,heap      ] GC(72) CMS: 64338K->64652K(439104K)
[2020-09-11T12:12:12.802+0000][1][gc,metaspace ] GC(72) Metaspace: 73715K->73715K(1116160K)
[2020-09-11T12:12:12.802+0000][1][gc           ] GC(72) Pause Young (Allocation Failure) 130M->63M(503M) 5.284ms
[2020-09-11T12:12:12.802+0000][1][gc,cpu       ] GC(72) User=0.00s Sys=0.00s Real=0.00s
[2020-09-11T12:12:12.802+0000][1][safepoint    ] Safepoint "GenCollectForAllocation", Time since last: 99723699 ns, Reaching safepoint: 170261 ns, At safepoint: 5392932 ns, Total: 5563193 ns
[2020-09-11T12:12:13.804+0000][1][safepoint    ] Safepoint "Cleanup", Time since last: 1001302801 ns, Reaching safepoint: 101073 ns, At safepoint: 16375 ns, Total: 117448 ns
[2020-09-11T12:12:14.806+0000][1][safepoint    ] Safepoint "Cleanup", Time since last: 1001697095 ns, Reaching safepoint: 124513 ns, At safepoint: 19712 ns, Total: 144225 ns
[2020-09-11T12:12:15.806+0000][1][safepoint    ] Safepoint "Cleanup", Time since last: 1000156991 ns, Reaching safepoint: 93180 ns, At safepoint: 7134 ns, Total: 100314 ns
[2020-09-11T12:12:16.806+0000][1][safepoint    ] Safepoint "Cleanup", Time since last: 1000129604 ns, Reaching safepoint: 97025 ns, At safepoint: 5650 ns, Total: 102675 ns
[2020-09-11T12:12:17.806+0000][1][safepoint    ] Safepoint "Cleanup", Time since last: 1000097340 ns, Reaching safepoint: 169835 ns, At safepoint: 7188 ns, Total: 177023 ns
[2020-09-11T12:12:18.807+0000][1][safepoint    ] Safepoint "Cleanup", Time since last: 1000181787 ns, Reaching safepoint: 113020 ns, At safepoint: 16969 ns, Total: 129989 ns
[2020-09-11T12:12:19.807+0000][1][safepoint    ] Safepoint "Cleanup", Time since last: 1000187716 ns, Reaching safepoint: 103628 ns, At safepoint: 14830 ns, Total: 118458 ns
[2020-09-11T12:12:20.807+0000][1][safepoint    ] Safepoint "Cleanup", Time since last: 1000213813 ns, Reaching safepoint: 114887 ns, At safepoint: 17243 ns, Total: 132130 ns
[2020-09-11T12:12:21.808+0000][1][safepoint    ] Safepoint "Cleanup", Time since last: 1000220642 ns, Reaching safepoint: 124906 ns, At safepoint: 18777 ns, Total: 143683 ns
[2020-09-11T12:12:22.809+0000][1][safepoint    ] Safepoint "Cleanup", Time since last: 1001205553 ns, Reaching safepoint: 298869 ns, At safepoint: 21893 ns, Total: 320762 ns
[2020-09-11T12:12:23.809+0000][1][safepoint    ] Safepoint "Cleanup", Time since last: 1000178649 ns, Reaching safepoint: 73489 ns, At safepoint: 6376 ns, Total: 79865 ns
[2020-09-11T12:12:24.810+0000][1][safepoint    ] Safepoint "Cleanup", Time since last: 1000171302 ns, Reaching safepoint: 110403 ns, At safepoint: 16178 ns, Total: 126581 ns
[2020-09-11T12:12:25.810+0000][1][safepoint    ] Safepoint "Cleanup", Time since last: 1000251046 ns, Reaching safepoint: 125665 ns, At safepoint: 17917 ns, Total: 143582 ns
[2020-09-11T12:12:26.810+0000][1][safepoint    ] Safepoint "Cleanup", Time since last: 1000208131 ns, Reaching safepoint: 89271 ns, At safepoint: 6632 ns, Total: 95903 ns
[2020-09-11T12:12:27.811+0000][1][safepoint    ] Safepoint "Cleanup", Time since last: 1000829982 ns, Reaching safepoint: 114543 ns, At safepoint: 79562 ns, Total: 194105 ns
[2020-09-11T12:12:29.756+0000][1][safepoint    ] Safepoint "Cleanup", Time since last: 1944157131 ns, Reaching safepoint: 275204 ns, At safepoint: 20233 ns, Total: 295437 ns
[2020-09-11T12:12:30.756+0000][1][safepoint    ] Safepoint "Cleanup", Time since last: 1000214869 ns, Reaching safepoint: 105141 ns, At safepoint: 17911 ns, Total: 123052 ns
[2020-09-11T12:12:31.757+0000][1][safepoint    ] Safepoint "Cleanup", Time since last: 1000185834 ns, Reaching safepoint: 100460 ns, At safepoint: 14921 ns, Total: 115381 ns
[2020-09-11T12:12:32.757+0000][1][safepoint    ] Safepoint "Cleanup", Time since last: 1000218563 ns, Reaching safepoint: 103400 ns, At safepoint: 16675 ns, Total: 120075 ns
[2020-09-11T12:12:33.757+0000][1][safepoint    ] Safepoint "Cleanup", Time since last: 1000248637 ns, Reaching safepoint: 71813 ns, At safepoint: 6560 ns, Total: 78373 ns
[2020-09-11T12:12:34.757+0000][1][safepoint    ] Safepoint "Cleanup", Time since last: 1000132665 ns, Reaching safepoint: 71538 ns, At safepoint: 5675 ns, Total: 77213 ns
[2020-09-11T12:12:35.758+0000][1][safepoint    ] Safepoint "Cleanup", Time since last: 1000139761 ns, Reaching safepoint: 91498 ns, At safepoint: 15208 ns, Total: 106706 ns
[2020-09-11T12:12:36.758+0000][1][safepoint    ] Safepoint "Cleanup", Time since last: 1000201732 ns, Reaching safepoint: 93589 ns, At safepoint: 7392 ns, Total: 100981 ns
[2020-09-11T12:12:37.758+0000][1][safepoint    ] Safepoint "Cleanup", Time since last: 1000175280 ns, Reaching safepoint: 93632 ns, At safepoint: 17089 ns, Total: 110721 ns
[2020-09-11T12:12:38.759+0000][1][safepoint    ] Safepoint "Cleanup", Time since last: 1000219400 ns, Reaching safepoint: 99351 ns, At safepoint: 185502 ns, Total: 284853 ns
[2020-09-11T12:12:39.759+0000][1][safepoint    ] Safepoint "Cleanup", Time since last: 1000211723 ns, Reaching safepoint: 120139 ns, At safepoint: 18934 ns, Total: 139073 ns
[2020-09-11T12:12:40.759+0000][1][safepoint    ] Safepoint "Cleanup", Time since last: 1000210965 ns, Reaching safepoint: 147061 ns, At safepoint: 15866 ns, Total: 162927 ns
[2020-09-11T12:12:41.760+0000][1][safepoint    ] Safepoint "Cleanup", Time since last: 1000251014 ns, Reaching safepoint: 103083 ns, At safepoint: 18295 ns, Total: 121378 ns
[2020-09-11T12:12:42.760+0000][1][safepoint    ] Safepoint "Cleanup", Time since last: 1000225432 ns, Reaching safepoint: 105031 ns, At safepoint: 17634 ns, Total: 122665 ns
[2020-09-11T12:12:43.761+0000][1][safepoint    ] Safepoint "Cleanup", Time since last: 1000221111 ns, Reaching safepoint: 91109 ns, At safepoint: 16622 ns, Total: 107731 ns
[2020-09-11T12:12:44.761+0000][1][safepoint    ] Safepoint "Cleanup", Time since last: 1000211094 ns, Reaching safepoint: 116691 ns, At safepoint: 17941 ns, Total: 134632 ns
[2020-09-11T12:12:45.761+0000][1][safepoint    ] Safepoint "Cleanup", Time since last: 1000219623 ns, Reaching safepoint: 103421 ns, At safepoint: 17266 ns, Total: 120687 ns
[2020-09-11T12:12:46.762+0000][1][safepoint    ] Safepoint "Cleanup", Time since last: 1000214081 ns, Reaching safepoint: 84466 ns, At safepoint: 7349 ns, Total: 91815 ns
[2020-09-11T12:12:47.762+0000][1][safepoint    ] Safepoint "Cleanup", Time since last: 1000197380 ns, Reaching safepoint: 83964 ns, At safepoint: 7534 ns, Total: 91498 ns
[2020-09-11T12:12:48.762+0000][1][safepoint    ] Safepoint "Cleanup", Time since last: 1000186221 ns, Reaching safepoint: 103908 ns, At safepoint: 17273 ns, Total: 121181 ns
[2020-09-11T12:12:49.762+0000][1][safepoint    ] Safepoint "Cleanup", Time since last: 1000233370 ns, Reaching safepoint: 79428 ns, At safepoint: 6439 ns, Total: 85867 ns
[2020-09-11T12:12:50.763+0000][1][safepoint    ] Safepoint "Cleanup", Time since last: 1000195539 ns, Reaching safepoint: 84281 ns, At safepoint: 7386 ns, Total: 91667 ns
[2020-09-11T12:12:51.763+0000][1][safepoint    ] Safepoint "Cleanup", Time since last: 1000135931 ns, Reaching safepoint: 117216 ns, At safepoint: 16354 ns, Total: 133570 ns
[2020-09-11T12:12:52.763+0000][1][safepoint    ] Safepoint "Cleanup", Time since last: 1000174986 ns, Reaching safepoint: 92141 ns, At safepoint: 14190 ns, Total: 106331 ns
[2020-09-11T12:12:53.764+0000][1][safepoint    ] Safepoint "Cleanup", Time since last: 1000214391 ns, Reaching safepoint: 60515 ns, At safepoint: 6194 ns, Total: 66709 ns
[2020-09-11T12:12:54.764+0000][1][safepoint    ] Safepoint "Cleanup", Time since last: 1000174091 ns, Reaching safepoint: 109995 ns, At safepoint: 19976 ns, Total: 129971 ns
[2020-09-11T12:12:55.764+0000][1][safepoint    ] Safepoint "Cleanup", Time since last: 1000226261 ns, Reaching safepoint: 84814 ns, At safepoint: 7926 ns, Total: 92740 ns
[2020-09-11T12:12:56.765+0000][1][safepoint    ] Safepoint "Cleanup", Time since last: 1000187324 ns, Reaching safepoint: 112869 ns, At safepoint: 20514 ns, Total: 133383 ns
[2020-09-11T12:12:57.765+0000][1][safepoint    ] Safepoint "Cleanup", Time since last: 1000222751 ns, Reaching safepoint: 109398 ns, At safepoint: 18859 ns, Total: 128257 ns
[2020-09-11T12:12:58.765+0000][1][safepoint    ] Safepoint "Cleanup", Time since last: 1000228005 ns, Reaching safepoint: 107961 ns, At safepoint: 18936 ns, Total: 126897 ns
[2020-09-11T12:12:59.766+0000][1][safepoint    ] Safepoint "Cleanup", Time since last: 1000218914 ns, Reaching safepoint: 109411 ns, At safepoint: 19144 ns, Total: 128555 ns
[2020-09-11T12:13:00.766+0000][1][safepoint    ] Safepoint "Cleanup", Time since last: 1000194297 ns, Reaching safepoint: 110651 ns, At safepoint: 19528 ns, Total: 130179 ns
[2020-09-11T12:13:01.766+0000][1][safepoint    ] Safepoint "Cleanup", Time since last: 1000210446 ns, Reaching safepoint: 101052 ns, At safepoint: 20657 ns, Total: 121709 ns
[2020-09-11T12:13:02.767+0000][1][safepoint    ] Safepoint "Cleanup", Time since last: 1000208592 ns, Reaching safepoint: 105031 ns, At safepoint: 34215 ns, Total: 139246 ns
[2020-09-11T12:13:03.767+0000][1][safepoint    ] Safepoint "Cleanup", Time since last: 1000331234 ns, Reaching safepoint: 133633 ns, At safepoint: 15773 ns, Total: 149406 ns
[2020-09-11T12:13:04.767+0000][1][safepoint    ] Safepoint "Cleanup", Time since last: 1000207872 ns, Reaching safepoint: 99481 ns, At safepoint: 17079 ns, Total: 116560 ns
[2020-09-11T12:13:05.768+0000][1][safepoint    ] Safepoint "Cleanup", Time since last: 1000400548 ns, Reaching safepoint: 104664 ns, At safepoint: 17216 ns, Total: 121880 ns
[2020-09-11T12:13:06.768+0000][1][safepoint    ] Safepoint "Cleanup", Time since last: 1000232326 ns, Reaching safepoint: 102892 ns, At safepoint: 16695 ns, Total: 119587 ns
[2020-09-11T12:13:07.769+0000][1][safepoint    ] Safepoint "Cleanup", Time since last: 1000237137 ns, Reaching safepoint: 101028 ns, At safepoint: 16578 ns, Total: 117606 ns
[2020-09-11T12:13:08.769+0000][1][safepoint    ] Safepoint "Cleanup", Time since last: 1000224607 ns, Reaching safepoint: 104350 ns, At safepoint: 16711 ns, Total: 121061 ns
[2020-09-11T12:13:09.769+0000][1][safepoint    ] Safepoint "Cleanup", Time since last: 1000210816 ns, Reaching safepoint: 94133 ns, At safepoint: 7274 ns, Total: 101407 ns
[2020-09-11T12:13:10.770+0000][1][safepoint    ] Safepoint "Cleanup", Time since last: 1000191226 ns, Reaching safepoint: 82371 ns, At safepoint: 7722 ns, Total: 90093 ns
[2020-09-11T12:13:10.920+0000][1][safepoint    ] Safepoint "Deoptimize", Time since last: 149518286 ns, Reaching safepoint: 187498 ns, At safepoint: 557438 ns, Total: 744936 ns
[2020-09-11T12:13:10.924+0000][1][safepoint    ] Safepoint "Deoptimize", Time since last: 3666742 ns, Reaching safepoint: 171269 ns, At safepoint: 524935 ns, Total: 696204 ns
[2020-09-11T12:13:10.925+0000][1][safepoint    ] Safepoint "Deoptimize", Time since last: 603721 ns, Reaching safepoint: 156433 ns, At safepoint: 391757 ns, Total: 548190 ns
[2020-09-11T12:13:10.928+0000][1][safepoint    ] Safepoint "Deoptimize", Time since last: 1863250 ns, Reaching safepoint: 164669 ns, At safepoint: 563863 ns, Total: 728532 ns
[2020-09-11T12:13:11.928+0000][1][safepoint    ] Safepoint "Cleanup", Time since last: 1000188183 ns, Reaching safepoint: 101392 ns, At safepoint: 7174 ns, Total: 108566 ns
[2020-09-11T12:13:12.928+0000][1][safepoint    ] Safepoint "Cleanup", Time since last: 1000174916 ns, Reaching safepoint: 89385 ns, At safepoint: 16715 ns, Total: 106100 ns
[2020-09-11T12:13:13.929+0000][1][safepoint    ] Safepoint "Cleanup", Time since last: 1000135312 ns, Reaching safepoint: 58469 ns, At safepoint: 6726 ns, Total: 65195 ns
[2020-09-11T12:13:14.929+0000][1][safepoint    ] Safepoint "Cleanup", Time since last: 1000171065 ns, Reaching safepoint: 153031 ns, At safepoint: 21419 ns, Total: 174450 ns
[2020-09-11T12:13:15.929+0000][1][safepoint    ] Safepoint "Cleanup", Time since last: 1000223110 ns, Reaching safepoint: 89081 ns, At safepoint: 17253 ns, Total: 106334 ns
[2020-09-11T12:13:16.930+0000][1][safepoint    ] Safepoint "Cleanup", Time since last: 1000203531 ns, Reaching safepoint: 104573 ns, At safepoint: 17874 ns, Total: 122447 ns
[2020-09-11T12:13:17.930+0000][1][safepoint    ] Safepoint "Cleanup", Time since last: 1000209051 ns, Reaching safepoint: 88129 ns, At safepoint: 16565 ns, Total: 104694 ns
[2020-09-11T12:13:18.930+0000][1][safepoint    ] Safepoint "Cleanup", Time since last: 1000208472 ns, Reaching safepoint: 72622 ns, At safepoint: 6279 ns, Total: 78901 ns
[2020-09-11T12:13:19.931+0000][1][safepoint    ] Safepoint "Cleanup", Time since last: 1000163100 ns, Reaching safepoint: 95850 ns, At safepoint: 17223 ns, Total: 113073 ns
[2020-09-11T12:13:20.931+0000][1][safepoint    ] Safepoint "Cleanup", Time since last: 1000194870 ns, Reaching safepoint: 92622 ns, At safepoint: 17033 ns, Total: 109655 ns
[2020-09-11T12:13:21.931+0000][1][safepoint    ] Safepoint "Cleanup", Time since last: 1000225166 ns, Reaching safepoint: 87835 ns, At safepoint: 16828 ns, Total: 104663 ns
[2020-09-11T12:13:22.913+0000][1][gc,start     ] GC(73) Pause Young (Allocation Failure)
[2020-09-11T12:13:22.913+0000][1][gc,task      ] GC(73) Using 1 workers of 1 for evacuation
[2020-09-11T12:13:22.919+0000][1][gc,age       ] GC(73) Desired survivor size 4358144 bytes, new threshold 6 (max threshold 6)
[2020-09-11T12:13:22.919+0000][1][gc,age       ] GC(73) Age table with threshold 6 (max threshold 6)
[2020-09-11T12:13:22.919+0000][1][gc,age       ] GC(73) - age   1:      31416 bytes,      31416 total
[2020-09-11T12:13:22.919+0000][1][gc,age       ] GC(73) - age   2:      26152 bytes,      57568 total
[2020-09-11T12:13:22.919+0000][1][gc,age       ] GC(73) - age   3:       7008 bytes,      64576 total
[2020-09-11T12:13:22.919+0000][1][gc,age       ] GC(73) - age   4:       1472 bytes,      66048 total
[2020-09-11T12:13:22.919+0000][1][gc,age       ] GC(73) - age   5:       2448 bytes,      68496 total
[2020-09-11T12:13:22.919+0000][1][gc,age       ] GC(73) - age   6:      13848 bytes,      82344 total
[2020-09-11T12:13:22.919+0000][1][gc,heap      ] GC(73) ParNew: 68567K->113K(76672K)
[2020-09-11T12:13:22.919+0000][1][gc,heap      ] GC(73) CMS: 64652K->64660K(439104K)
[2020-09-11T12:13:22.919+0000][1][gc,metaspace ] GC(73) Metaspace: 73920K->73920K(1118208K)
[2020-09-11T12:13:22.920+0000][1][gc           ] GC(73) Pause Young (Allocation Failure) 130M->63M(503M) 6.508ms
[2020-09-11T12:13:22.920+0000][1][gc,cpu       ] GC(73) User=0.01s Sys=0.00s Real=0.01s
[2020-09-11T12:13:22.920+0000][1][safepoint    ] Safepoint "GenCollectForAllocation", Time since last: 981579358 ns, Reaching safepoint: 204522 ns, At safepoint: 6576804 ns, Total: 6781326 ns
[2020-09-11T12:13:23.924+0000][1][safepoint    ] Safepoint "Cleanup", Time since last: 1004418341 ns, Reaching safepoint: 165107 ns, At safepoint: 17341 ns, Total: 182448 ns
[2020-09-11T12:13:24.927+0000][1][safepoint    ] Safepoint "Cleanup", Time since last: 1002203225 ns, Reaching safepoint: 199694 ns, At safepoint: 44549 ns, Total: 244243 ns
[2020-09-11T12:13:25.928+0000][1][safepoint    ] Safepoint "Cleanup", Time since last: 1000772817 ns, Reaching safepoint: 184916 ns, At safepoint: 7380 ns, Total: 192296 ns
[2020-09-11T12:13:26.928+0000][1][safepoint    ] Safepoint "Cleanup", Time since last: 1000188451 ns, Reaching safepoint: 227315 ns, At safepoint: 17520 ns, Total: 244835 ns
[2020-09-11T12:13:27.929+0000][1][safepoint    ] Safepoint "Cleanup", Time since last: 1000948738 ns, Reaching safepoint: 86341 ns, At safepoint: 14403 ns, Total: 100744 ns
[2020-09-11T12:13:28.930+0000][1][safepoint    ] Safepoint "Cleanup", Time since last: 1000122069 ns, Reaching safepoint: 321527 ns, At safepoint: 19659 ns, Total: 341186 ns
[2020-09-11T12:13:29.930+0000][1][safepoint    ] Safepoint "Cleanup", Time since last: 1000226573 ns, Reaching safepoint: 302477 ns, At safepoint: 19451 ns, Total: 321928 ns
[2020-09-11T12:13:30.931+0000][1][safepoint    ] Safepoint "Cleanup", Time since last: 1000148862 ns, Reaching safepoint: 321551 ns, At safepoint: 19461 ns, Total: 341012 ns
[2020-09-11T12:13:31.931+0000][1][safepoint    ] Safepoint "Cleanup", Time since last: 1000212337 ns, Reaching safepoint: 203985 ns, At safepoint: 16912 ns, Total: 220897 ns
[2020-09-11T12:13:32.933+0000][1][safepoint    ] Safepoint "Cleanup", Time since last: 1001522474 ns, Reaching safepoint: 200911 ns, At safepoint: 16674 ns, Total: 217585 ns
[2020-09-11T12:13:33.933+0000][1][safepoint    ] Safepoint "Cleanup", Time since last: 1000205600 ns, Reaching safepoint: 86679 ns, At safepoint: 6631 ns, Total: 93310 ns
[2020-09-11T12:13:34.933+0000][1][safepoint    ] Safepoint "Cleanup", Time since last: 1000168571 ns, Reaching safepoint: 93080 ns, At safepoint: 16003 ns, Total: 109083 ns
[2020-09-11T12:13:35.934+0000][1][safepoint    ] Safepoint "Cleanup", Time since last: 1000197583 ns, Reaching safepoint: 84729 ns, At safepoint: 7027 ns, Total: 91756 ns
[2020-09-11T12:13:36.934+0000][1][safepoint    ] Safepoint "Cleanup", Time since last: 1000135717 ns, Reaching safepoint: 97741 ns, At safepoint: 15234 ns, Total: 112975 ns
[2020-09-11T12:13:37.935+0000][1][safepoint    ] Safepoint "Cleanup", Time since last: 1001034697 ns, Reaching safepoint: 82141 ns, At safepoint: 7188 ns, Total: 89329 ns
[2020-09-11T12:13:38.471+0000][1][safepoint    ] Safepoint "RevokeBias", Time since last: 536212317 ns, Reaching safepoint: 93241 ns, At safepoint: 46320 ns, Total: 139561 ns
[2020-09-11T12:13:38.472+0000][1][safepoint    ] Safepoint "RevokeBias", Time since last: 280573 ns, Reaching safepoint: 48695 ns, At safepoint: 32759 ns, Total: 81454 ns
[2020-09-11T12:13:38.472+0000][1][safepoint    ] Safepoint "RevokeBias", Time since last: 463496 ns, Reaching safepoint: 53149 ns, At safepoint: 32197 ns, Total: 85346 ns
[2020-09-11T12:13:38.472+0000][1][safepoint    ] Safepoint "RevokeBias", Time since last: 114299 ns, Reaching safepoint: 48404 ns, At safepoint: 29154 ns, Total: 77558 ns
[2020-09-11T12:13:39.473+0000][1][safepoint    ] Safepoint "Cleanup", Time since last: 1000194091 ns, Reaching safepoint: 109137 ns, At safepoint: 16401 ns, Total: 125538 ns
[2020-09-11T12:13:40.473+0000][1][safepoint    ] Safepoint "Cleanup", Time since last: 1000206648 ns, Reaching safepoint: 76308 ns, At safepoint: 6743 ns, Total: 83051 ns
[2020-09-11T12:13:41.473+0000][1][safepoint    ] Safepoint "Cleanup", Time since last: 1000162091 ns, Reaching safepoint: 117102 ns, At safepoint: 17523 ns, Total: 134625 ns
[2020-09-11T12:13:42.474+0000][1][safepoint    ] Safepoint "Cleanup", Time since last: 1000250728 ns, Reaching safepoint: 108586 ns, At safepoint: 16855 ns, Total: 125441 ns
[2020-09-11T12:13:43.474+0000][1][safepoint    ] Safepoint "Cleanup", Time since last: 1000179766 ns, Reaching safepoint: 52371 ns, At safepoint: 6719 ns, Total: 59090 ns
[2020-09-11T12:13:44.474+0000][1][safepoint    ] Safepoint "Cleanup", Time since last: 1000163289 ns, Reaching safepoint: 106370 ns, At safepoint: 17310 ns, Total: 123680 ns
[2020-09-11T12:13:45.475+0000][1][safepoint    ] Safepoint "Cleanup", Time since last: 1000217529 ns, Reaching safepoint: 96207 ns, At safepoint: 16829 ns, Total: 113036 ns
[2020-09-11T12:13:46.475+0000][1][safepoint    ] Safepoint "Cleanup", Time since last: 1000203137 ns, Reaching safepoint: 100577 ns, At safepoint: 16695 ns, Total: 117272 ns
[2020-09-11T12:13:47.475+0000][1][safepoint    ] Safepoint "Cleanup", Time since last: 1000164025 ns, Reaching safepoint: 95799 ns, At safepoint: 14350 ns, Total: 110149 ns
[2020-09-11T12:13:48.475+0000][1][safepoint    ] Safepoint "Cleanup", Time since last: 1000221594 ns, Reaching safepoint: 103615 ns, At safepoint: 5994 ns, Total: 109609 ns
[2020-09-11T12:13:49.476+0000][1][safepoint    ] Safepoint "Cleanup", Time since last: 1000183597 ns, Reaching safepoint: 79504 ns, At safepoint: 6619 ns, Total: 86123 ns
[2020-09-11T12:13:50.476+0000][1][safepoint    ] Safepoint "Cleanup", Time since last: 1000128792 ns, Reaching safepoint: 95888 ns, At safepoint: 6721 ns, Total: 102609 ns
[2020-09-11T12:13:51.476+0000][1][safepoint    ] Safepoint "Cleanup", Time since last: 1000167821 ns, Reaching safepoint: 79205 ns, At safepoint: 6814 ns, Total: 86019 ns
[2020-09-11T12:13:52.476+0000][1][safepoint    ] Safepoint "Cleanup", Time since last: 1000179153 ns, Reaching safepoint: 72446 ns, At safepoint: 7088 ns, Total: 79534 ns
[2020-09-11T12:13:53.477+0000][1][safepoint    ] Safepoint "Cleanup", Time since last: 1000158447 ns, Reaching safepoint: 85710 ns, At safepoint: 6634 ns, Total: 92344 ns
[2020-09-11T12:13:54.477+0000][1][safepoint    ] Safepoint "Cleanup", Time since last: 1000156906 ns, Reaching safepoint: 84078 ns, At safepoint: 6849 ns, Total: 90927 ns
[2020-09-11T12:13:55.477+0000][1][safepoint    ] Safepoint "Cleanup", Time since last: 1000172527 ns, Reaching safepoint: 71866 ns, At safepoint: 6528 ns, Total: 78394 ns
[2020-09-11T12:13:56.478+0000][1][safepoint    ] Safepoint "Cleanup", Time since last: 1000163080 ns, Reaching safepoint: 98803 ns, At safepoint: 16387 ns, Total: 115190 ns
[2020-09-11T12:13:57.478+0000][1][safepoint    ] Safepoint "Cleanup", Time since last: 1000167693 ns, Reaching safepoint: 96922 ns, At safepoint: 14941 ns, Total: 111863 ns
[2020-09-11T12:13:58.478+0000][1][safepoint    ] Safepoint "Cleanup", Time since last: 1000164024 ns, Reaching safepoint: 105245 ns, At safepoint: 6666 ns, Total: 111911 ns
[2020-09-11T12:13:59.478+0000][1][safepoint    ] Safepoint "Cleanup", Time since last: 1000164524 ns, Reaching safepoint: 80737 ns, At safepoint: 6578 ns, Total: 87315 ns
[2020-09-11T12:14:00.479+0000][1][safepoint    ] Safepoint "Cleanup", Time since last: 1000125358 ns, Reaching safepoint: 52546 ns, At safepoint: 6613 ns, Total: 59159 ns
[2020-09-11T12:14:01.479+0000][1][safepoint    ] Safepoint "Cleanup", Time since last: 1000163348 ns, Reaching safepoint: 124232 ns, At safepoint: 16641 ns, Total: 140873 ns
[2020-09-11T12:14:02.479+0000][1][safepoint    ] Safepoint "Cleanup", Time since last: 1000211874 ns, Reaching safepoint: 75748 ns, At safepoint: 6756 ns, Total: 82504 ns
[2020-09-11T12:14:03.479+0000][1][safepoint    ] Safepoint "Cleanup", Time since last: 1000160213 ns, Reaching safepoint: 94984 ns, At safepoint: 42237 ns, Total: 137221 ns
[2020-09-11T12:14:04.480+0000][1][safepoint    ] Safepoint "Cleanup", Time since last: 1000157334 ns, Reaching safepoint: 110296 ns, At safepoint: 16151 ns, Total: 126447 ns
[2020-09-11T12:14:05.480+0000][1][safepoint    ] Safepoint "Cleanup", Time since last: 1000194720 ns, Reaching safepoint: 93411 ns, At safepoint: 16367 ns, Total: 109778 ns
[2020-09-11T12:14:06.480+0000][1][safepoint    ] Safepoint "Cleanup", Time since last: 1000233116 ns, Reaching safepoint: 100922 ns, At safepoint: 16631 ns, Total: 117553 ns
[2020-09-11T12:14:07.481+0000][1][safepoint    ] Safepoint "Cleanup", Time since last: 1000199371 ns, Reaching safepoint: 84846 ns, At safepoint: 6695 ns, Total: 91541 ns
[2020-09-11T12:14:08.481+0000][1][safepoint    ] Safepoint "Cleanup", Time since last: 1000153261 ns, Reaching safepoint: 83198 ns, At safepoint: 7481 ns, Total: 90679 ns
[2020-09-11T12:14:09.481+0000][1][safepoint    ] Safepoint "Cleanup", Time since last: 1000171056 ns, Reaching safepoint: 94537 ns, At safepoint: 16394 ns, Total: 110931 ns
[2020-09-11T12:14:10.481+0000][1][safepoint    ] Safepoint "Cleanup", Time since last: 1000201844 ns, Reaching safepoint: 100047 ns, At safepoint: 16745 ns, Total: 116792 ns
[2020-09-11T12:14:11.482+0000][1][safepoint    ] Safepoint "Cleanup", Time since last: 1000218775 ns, Reaching safepoint: 80219 ns, At safepoint: 6333 ns, Total: 86552 ns
[2020-09-11T12:14:12.482+0000][1][safepoint    ] Safepoint "Cleanup", Time since last: 1000193368 ns, Reaching safepoint: 50518 ns, At safepoint: 6085 ns, Total: 56603 ns
[2020-09-11T12:14:13.482+0000][1][safepoint    ] Safepoint "Cleanup", Time since last: 1000160285 ns, Reaching safepoint: 81672 ns, At safepoint: 6514 ns, Total: 88186 ns
[2020-09-11T12:14:14.483+0000][1][safepoint    ] Safepoint "Cleanup", Time since last: 1000183183 ns, Reaching safepoint: 74041 ns, At safepoint: 6392 ns, Total: 80433 ns
[2020-09-11T12:14:15.483+0000][1][safepoint    ] Safepoint "Cleanup", Time since last: 1000161304 ns, Reaching safepoint: 79621 ns, At safepoint: 6574 ns, Total: 86195 ns
[2020-09-11T12:14:16.483+0000][1][safepoint    ] Safepoint "Cleanup", Time since last: 1000136914 ns, Reaching safepoint: 99175 ns, At safepoint: 6626 ns, Total: 105801 ns
[2020-09-11T12:14:17.483+0000][1][safepoint    ] Safepoint "Cleanup", Time since last: 1000173633 ns, Reaching safepoint: 78021 ns, At safepoint: 6816 ns, Total: 84837 ns
[2020-09-11T12:14:18.484+0000][1][safepoint    ] Safepoint "Cleanup", Time since last: 1000172732 ns, Reaching safepoint: 75609 ns, At safepoint: 6592 ns, Total: 82201 ns
[2020-09-11T12:14:19.484+0000][1][safepoint    ] Safepoint "Cleanup", Time since last: 1000129634 ns, Reaching safepoint: 98002 ns, At safepoint: 16698 ns, Total: 114700 ns
[2020-09-11T12:14:20.484+0000][1][safepoint    ] Safepoint "Cleanup", Time since last: 1000195549 ns, Reaching safepoint: 102482 ns, At safepoint: 17908 ns, Total: 120390 ns
[2020-09-11T12:14:21.484+0000][1][safepoint    ] Safepoint "Cleanup", Time since last: 1000208422 ns, Reaching safepoint: 101957 ns, At safepoint: 17403 ns, Total: 119360 ns
[2020-09-11T12:14:22.485+0000][1][safepoint    ] Safepoint "Cleanup", Time since last: 1000176628 ns, Reaching safepoint: 101586 ns, At safepoint: 15342 ns, Total: 116928 ns
[2020-09-11T12:14:23.485+0000][1][safepoint    ] Safepoint "Cleanup", Time since last: 1000167688 ns, Reaching safepoint: 99772 ns, At safepoint: 21633 ns, Total: 121405 ns
[2020-09-11T12:14:24.485+0000][1][safepoint    ] Safepoint "Cleanup", Time since last: 1000232117 ns, Reaching safepoint: 96104 ns, At safepoint: 16768 ns, Total: 112872 ns
[2020-09-11T12:14:25.486+0000][1][safepoint    ] Safepoint "Cleanup", Time since last: 1000221115 ns, Reaching safepoint: 78297 ns, At safepoint: 7020 ns, Total: 85317 ns
[2020-09-11T12:14:26.486+0000][1][safepoint    ] Safepoint "Cleanup", Time since last: 1000185318 ns, Reaching safepoint: 98830 ns, At safepoint: 16223 ns, Total: 115053 ns
[2020-09-11T12:14:27.486+0000][1][safepoint    ] Safepoint "Cleanup", Time since last: 1000208068 ns, Reaching safepoint: 98259 ns, At safepoint: 16604 ns, Total: 114863 ns
[2020-09-11T12:14:28.487+0000][1][safepoint    ] Safepoint "Cleanup", Time since last: 1000221514 ns, Reaching safepoint: 79318 ns, At safepoint: 6529 ns, Total: 85847 ns
[2020-09-11T12:14:29.253+0000][1][gc,start     ] GC(74) Pause Young (Allocation Failure)
[2020-09-11T12:14:29.253+0000][1][gc,task      ] GC(74) Using 1 workers of 1 for evacuation
[2020-09-11T12:14:29.261+0000][1][gc,age       ] GC(74) Desired survivor size 4358144 bytes, new threshold 6 (max threshold 6)
[2020-09-11T12:14:29.261+0000][1][gc,age       ] GC(74) Age table with threshold 6 (max threshold 6)
[2020-09-11T12:14:29.261+0000][1][gc,age       ] GC(74) - age   1:       9272 bytes,       9272 total
[2020-09-11T12:14:29.261+0000][1][gc,age       ] GC(74) - age   2:      25088 bytes,      34360 total
[2020-09-11T12:14:29.261+0000][1][gc,age       ] GC(74) - age   3:      26152 bytes,      60512 total
[2020-09-11T12:14:29.261+0000][1][gc,age       ] GC(74) - age   4:       3576 bytes,      64088 total
[2020-09-11T12:14:29.261+0000][1][gc,age       ] GC(74) - age   5:       1472 bytes,      65560 total
[2020-09-11T12:14:29.261+0000][1][gc,age       ] GC(74) - age   6:       2448 bytes,      68008 total
[2020-09-11T12:14:29.261+0000][1][gc,heap      ] GC(74) ParNew: 68240K->88K(76672K)
[2020-09-11T12:14:29.261+0000][1][gc,heap      ] GC(74) CMS: 64660K->64674K(439104K)
[2020-09-11T12:14:29.261+0000][1][gc,metaspace ] GC(74) Metaspace: 73957K->73957K(1118208K)
[2020-09-11T12:14:29.261+0000][1][gc           ] GC(74) Pause Young (Allocation Failure) 129M->63M(503M) 7.626ms
[2020-09-11T12:14:29.261+0000][1][gc,cpu       ] GC(74) User=0.00s Sys=0.00s Real=0.01s
[2020-09-11T12:14:29.266+0000][1][safepoint    ] Safepoint "GenCollectForAllocation", Time since last: 766544610 ns, Reaching safepoint: 111963 ns, At safepoint: 13177665 ns, Total: 13289628 ns
[2020-09-11T12:14:30.270+0000][1][safepoint    ] Safepoint "Cleanup", Time since last: 1003293029 ns, Reaching safepoint: 106578 ns, At safepoint: 15589 ns, Total: 122167 ns
[2020-09-11T12:14:31.270+0000][1][safepoint    ] Safepoint "Cleanup", Time since last: 1000252323 ns, Reaching safepoint: 97307 ns, At safepoint: 13701 ns, Total: 111008 ns
[2020-09-11T12:14:32.271+0000][1][safepoint    ] Safepoint "Cleanup", Time since last: 1000189669 ns, Reaching safepoint: 116661 ns, At safepoint: 16507 ns, Total: 133168 ns
[2020-09-11T12:14:33.271+0000][1][safepoint    ] Safepoint "Cleanup", Time since last: 1000215728 ns, Reaching safepoint: 98195 ns, At safepoint: 16294 ns, Total: 114489 ns
[2020-09-11T12:14:34.271+0000][1][safepoint    ] Safepoint "Cleanup", Time since last: 1000203735 ns, Reaching safepoint: 104249 ns, At safepoint: 17222 ns, Total: 121471 ns
[2020-09-11T12:14:35.272+0000][1][safepoint    ] Safepoint "Cleanup", Time since last: 1000170145 ns, Reaching safepoint: 151825 ns, At safepoint: 15429 ns, Total: 167254 ns
[2020-09-11T12:14:36.272+0000][1][safepoint    ] Safepoint "Cleanup", Time since last: 1000200277 ns, Reaching safepoint: 100674 ns, At safepoint: 16491 ns, Total: 117165 ns
[2020-09-11T12:14:37.272+0000][1][safepoint    ] Safepoint "Cleanup", Time since last: 1000173912 ns, Reaching safepoint: 111629 ns, At safepoint: 16749 ns, Total: 128378 ns
[2020-09-11T12:14:38.272+0000][1][safepoint    ] Safepoint "Cleanup", Time since last: 1000177251 ns, Reaching safepoint: 104546 ns, At safepoint: 17173 ns, Total: 121719 ns
[2020-09-11T12:14:39.273+0000][1][safepoint    ] Safepoint "Cleanup", Time since last: 1000198259 ns, Reaching safepoint: 85694 ns, At safepoint: 5965 ns, Total: 91659 ns
[2020-09-11T12:14:40.273+0000][1][safepoint    ] Safepoint "Cleanup", Time since last: 1000180988 ns, Reaching safepoint: 78128 ns, At safepoint: 7274 ns, Total: 85402 ns
[2020-09-11T12:14:41.273+0000][1][safepoint    ] Safepoint "Cleanup", Time since last: 1000165122 ns, Reaching safepoint: 98810 ns, At safepoint: 15496 ns, Total: 114306 ns
[2020-09-11T12:14:42.274+0000][1][safepoint    ] Safepoint "Cleanup", Time since last: 1000216867 ns, Reaching safepoint: 101316 ns, At safepoint: 16174 ns, Total: 117490 ns
[2020-09-11T12:14:43.274+0000][1][safepoint    ] Safepoint "Cleanup", Time since last: 1000206593 ns, Reaching safepoint: 81904 ns, At safepoint: 7217 ns, Total: 89121 ns
[2020-09-11T12:14:44.274+0000][1][safepoint    ] Safepoint "Cleanup", Time since last: 1000137358 ns, Reaching safepoint: 107349 ns, At safepoint: 16388 ns, Total: 123737 ns
[2020-09-11T12:14:45.275+0000][1][safepoint    ] Safepoint "Cleanup", Time since last: 1000205916 ns, Reaching safepoint: 98102 ns, At safepoint: 16571 ns, Total: 114673 ns
[2020-09-11T12:14:46.275+0000][1][safepoint    ] Safepoint "Cleanup", Time since last: 1000227211 ns, Reaching safepoint: 79391 ns, At safepoint: 15403 ns, Total: 94794 ns
[2020-09-11T12:14:47.275+0000][1][safepoint    ] Safepoint "Cleanup", Time since last: 1000197861 ns, Reaching safepoint: 83688 ns, At safepoint: 6166 ns, Total: 89854 ns
[2020-09-11T12:14:48.275+0000][1][safepoint    ] Safepoint "Cleanup", Time since last: 1000173001 ns, Reaching safepoint: 126440 ns, At safepoint: 14771 ns, Total: 141211 ns
[2020-09-11T12:14:49.276+0000][1][safepoint    ] Safepoint "Cleanup", Time since last: 1000157784 ns, Reaching safepoint: 98889 ns, At safepoint: 16110 ns, Total: 114999 ns
[2020-09-11T12:14:50.276+0000][1][safepoint    ] Safepoint "Cleanup", Time since last: 1000163422 ns, Reaching safepoint: 100287 ns, At safepoint: 14654 ns, Total: 114941 ns
[2020-09-11T12:14:51.276+0000][1][safepoint    ] Safepoint "Cleanup", Time since last: 1000161461 ns, Reaching safepoint: 91504 ns, At safepoint: 14192 ns, Total: 105696 ns
[2020-09-11T12:14:52.277+0000][1][safepoint    ] Safepoint "Cleanup", Time since last: 1000202800 ns, Reaching safepoint: 118338 ns, At safepoint: 17944 ns, Total: 136282 ns
[2020-09-11T12:14:53.277+0000][1][safepoint    ] Safepoint "Cleanup", Time since last: 1000182669 ns, Reaching safepoint: 91868 ns, At safepoint: 15422 ns, Total: 107290 ns
[2020-09-11T12:14:54.277+0000][1][safepoint    ] Safepoint "Cleanup", Time since last: 1000189570 ns, Reaching safepoint: 92766 ns, At safepoint: 16067 ns, Total: 108833 ns
[2020-09-11T12:14:55.277+0000][1][safepoint    ] Safepoint "Cleanup", Time since last: 1000187048 ns, Reaching safepoint: 92562 ns, At safepoint: 15913 ns, Total: 108475 ns
[2020-09-11T12:14:56.278+0000][1][safepoint    ] Safepoint "Cleanup", Time since last: 1000195640 ns, Reaching safepoint: 96247 ns, At safepoint: 18252 ns, Total: 114499 ns
[2020-09-11T12:14:57.278+0000][1][safepoint    ] Safepoint "Cleanup", Time since last: 1000182701 ns, Reaching safepoint: 97296 ns, At safepoint: 15616 ns, Total: 112912 ns
[2020-09-11T12:14:58.278+0000][1][safepoint    ] Safepoint "Cleanup", Time since last: 1000221669 ns, Reaching safepoint: 95576 ns, At safepoint: 15789 ns, Total: 111365 ns
[2020-09-11T12:14:59.279+0000][1][safepoint    ] Safepoint "Cleanup", Time since last: 1000200010 ns, Reaching safepoint: 95699 ns, At safepoint: 15562 ns, Total: 111261 ns
[2020-09-11T12:15:00.279+0000][1][safepoint    ] Safepoint "Cleanup", Time since last: 1000189047 ns, Reaching safepoint: 85268 ns, At safepoint: 6835 ns, Total: 92103 ns
[2020-09-11T12:15:01.279+0000][1][safepoint    ] Safepoint "Cleanup", Time since last: 1000151496 ns, Reaching safepoint: 84481 ns, At safepoint: 5433 ns, Total: 89914 ns
[2020-09-11T12:15:02.280+0000][1][safepoint    ] Safepoint "Cleanup", Time since last: 1000176338 ns, Reaching safepoint: 96344 ns, At safepoint: 13634 ns, Total: 109978 ns
[2020-09-11T12:15:03.280+0000][1][safepoint    ] Safepoint "Cleanup", Time since last: 1000201713 ns, Reaching safepoint: 79629 ns, At safepoint: 5991 ns, Total: 85620 ns
[2020-09-11T12:15:04.280+0000][1][safepoint    ] Safepoint "Cleanup", Time since last: 1000192717 ns, Reaching safepoint: 85053 ns, At safepoint: 6389 ns, Total: 91442 ns
[2020-09-11T12:15:05.280+0000][1][safepoint    ] Safepoint "Cleanup", Time since last: 1000176305 ns, Reaching safepoint: 79426 ns, At safepoint: 6361 ns, Total: 85787 ns
[2020-09-11T12:15:06.281+0000][1][safepoint    ] Safepoint "Cleanup", Time since last: 1000166523 ns, Reaching safepoint: 73556 ns, At safepoint: 6512 ns, Total: 80068 ns
[2020-09-11T12:15:07.281+0000][1][safepoint    ] Safepoint "Cleanup", Time since last: 1000165660 ns, Reaching safepoint: 80067 ns, At safepoint: 7019 ns, Total: 87086 ns
[2020-09-11T12:15:08.281+0000][1][safepoint    ] Safepoint "Cleanup", Time since last: 1000209878 ns, Reaching safepoint: 75045 ns, At safepoint: 6865 ns, Total: 81910 ns
[2020-09-11T12:15:09.281+0000][1][safepoint    ] Safepoint "Cleanup", Time since last: 1000176913 ns, Reaching safepoint: 126133 ns, At safepoint: 16915 ns, Total: 143048 ns
[2020-09-11T12:15:10.282+0000][1][safepoint    ] Safepoint "Cleanup", Time since last: 1000193778 ns, Reaching safepoint: 97677 ns, At safepoint: 16237 ns, Total: 113914 ns
[2020-09-11T12:15:11.282+0000][1][safepoint    ] Safepoint "Cleanup", Time since last: 1000199212 ns, Reaching safepoint: 96111 ns, At safepoint: 15178 ns, Total: 111289 ns
[2020-09-11T12:15:12.282+0000][1][safepoint    ] Safepoint "Cleanup", Time since last: 1000159724 ns, Reaching safepoint: 71607 ns, At safepoint: 9317 ns, Total: 80924 ns
[2020-09-11T12:15:13.283+0000][1][safepoint    ] Safepoint "Cleanup", Time since last: 1000183182 ns, Reaching safepoint: 102649 ns, At safepoint: 17633 ns, Total: 120282 ns
[2020-09-11T12:15:14.283+0000][1][safepoint    ] Safepoint "Cleanup", Time since last: 1000200035 ns, Reaching safepoint: 111005 ns, At safepoint: 18940 ns, Total: 129945 ns
[2020-09-11T12:15:14.418+0000][1][safepoint    ] Safepoint "RevokeBias", Time since last: 134531727 ns, Reaching safepoint: 234862 ns, At safepoint: 53092 ns, Total: 287954 ns
[2020-09-11T12:15:14.423+0000][1][safepoint    ] Safepoint "RevokeBias", Time since last: 4762084 ns, Reaching safepoint: 186091 ns, At safepoint: 18251 ns, Total: 204342 ns
[2020-09-11T12:15:15.423+0000][1][safepoint    ] Safepoint "Cleanup", Time since last: 1000165044 ns, Reaching safepoint: 91435 ns, At safepoint: 7696 ns, Total: 99131 ns
[2020-09-11T12:15:16.423+0000][1][safepoint    ] Safepoint "Cleanup", Time since last: 1000164906 ns, Reaching safepoint: 91757 ns, At safepoint: 16464 ns, Total: 108221 ns
[2020-09-11T12:15:17.424+0000][1][safepoint    ] Safepoint "Cleanup", Time since last: 1000186778 ns, Reaching safepoint: 103521 ns, At safepoint: 18309 ns, Total: 121830 ns
[2020-09-11T12:15:18.424+0000][1][safepoint    ] Safepoint "Cleanup", Time since last: 1000224359 ns, Reaching safepoint: 73865 ns, At safepoint: 6993 ns, Total: 80858 ns
[2020-09-11T12:15:19.424+0000][1][safepoint    ] Safepoint "Cleanup", Time since last: 1000180952 ns, Reaching safepoint: 91258 ns, At safepoint: 8287 ns, Total: 99545 ns
[2020-09-11T12:15:20.424+0000][1][safepoint    ] Safepoint "Cleanup", Time since last: 1000167795 ns, Reaching safepoint: 101273 ns, At safepoint: 18181 ns, Total: 119454 ns
[2020-09-11T12:15:21.425+0000][1][safepoint    ] Safepoint "Cleanup", Time since last: 1000217206 ns, Reaching safepoint: 100270 ns, At safepoint: 18726 ns, Total: 118996 ns
[2020-09-11T12:15:22.425+0000][1][safepoint    ] Safepoint "Cleanup", Time since last: 1000204200 ns, Reaching safepoint: 112892 ns, At safepoint: 19061 ns, Total: 131953 ns
[2020-09-11T12:15:23.425+0000][1][safepoint    ] Safepoint "Cleanup", Time since last: 1000211205 ns, Reaching safepoint: 105295 ns, At safepoint: 18279 ns, Total: 123574 ns
[2020-09-11T12:15:24.426+0000][1][safepoint    ] Safepoint "Cleanup", Time since last: 1000185199 ns, Reaching safepoint: 104931 ns, At safepoint: 18833 ns, Total: 123764 ns
[2020-09-11T12:15:25.426+0000][1][safepoint    ] Safepoint "Cleanup", Time since last: 1000188699 ns, Reaching safepoint: 122628 ns, At safepoint: 18693 ns, Total: 141321 ns
[2020-09-11T12:15:26.426+0000][1][safepoint    ] Safepoint "Cleanup", Time since last: 1000212695 ns, Reaching safepoint: 98108 ns, At safepoint: 17303 ns, Total: 115411 ns
[2020-09-11T12:15:27.427+0000][1][safepoint    ] Safepoint "Cleanup", Time since last: 1000214495 ns, Reaching safepoint: 95810 ns, At safepoint: 15128 ns, Total: 110938 ns
[2020-09-11T12:15:28.427+0000][1][safepoint    ] Safepoint "Cleanup", Time since last: 1000181216 ns, Reaching safepoint: 140819 ns, At safepoint: 17210 ns, Total: 158029 ns
[2020-09-11T12:15:29.427+0000][1][safepoint    ] Safepoint "Cleanup", Time since last: 1000192595 ns, Reaching safepoint: 127686 ns, At safepoint: 15810 ns, Total: 143496 ns
[2020-09-11T12:15:30.428+0000][1][safepoint    ] Safepoint "Cleanup", Time since last: 1000229935 ns, Reaching safepoint: 104325 ns, At safepoint: 18830 ns, Total: 123155 ns
[2020-09-11T12:15:31.428+0000][1][safepoint    ] Safepoint "Cleanup", Time since last: 1000218190 ns, Reaching safepoint: 81743 ns, At safepoint: 7833 ns, Total: 89576 ns
[2020-09-11T12:15:32.428+0000][1][safepoint    ] Safepoint "Cleanup", Time since last: 1000165431 ns, Reaching safepoint: 79618 ns, At safepoint: 7346 ns, Total: 86964 ns
[2020-09-11T12:15:33.429+0000][1][safepoint    ] Safepoint "Cleanup", Time since last: 1000133557 ns, Reaching safepoint: 97610 ns, At safepoint: 15061 ns, Total: 112671 ns
[2020-09-11T12:15:34.429+0000][1][safepoint    ] Safepoint "Cleanup", Time since last: 1000209397 ns, Reaching safepoint: 96261 ns, At safepoint: 16912 ns, Total: 113173 ns
[2020-09-11T12:15:35.429+0000][1][safepoint    ] Safepoint "Cleanup", Time since last: 1000202815 ns, Reaching safepoint: 83404 ns, At safepoint: 6337 ns, Total: 89741 ns
[2020-09-11T12:15:36.429+0000][1][safepoint    ] Safepoint "Cleanup", Time since last: 1000164236 ns, Reaching safepoint: 79110 ns, At safepoint: 6634 ns, Total: 85744 ns
[2020-09-11T12:15:37.430+0000][1][safepoint    ] Safepoint "Cleanup", Time since last: 1000165151 ns, Reaching safepoint: 98081 ns, At safepoint: 16649 ns, Total: 114730 ns
[2020-09-11T12:15:38.103+0000][1][gc,start     ] GC(75) Pause Young (Allocation Failure)
[2020-09-11T12:15:38.104+0000][1][gc,task      ] GC(75) Using 1 workers of 1 for evacuation
[2020-09-11T12:15:38.107+0000][1][gc,age       ] GC(75) Desired survivor size 4358144 bytes, new threshold 6 (max threshold 6)
[2020-09-11T12:15:38.107+0000][1][gc,age       ] GC(75) Age table with threshold 6 (max threshold 6)
[2020-09-11T12:15:38.107+0000][1][gc,age       ] GC(75) - age   1:      59248 bytes,      59248 total
[2020-09-11T12:15:38.107+0000][1][gc,age       ] GC(75) - age   2:       4208 bytes,      63456 total
[2020-09-11T12:15:38.107+0000][1][gc,age       ] GC(75) - age   3:      20768 bytes,      84224 total
[2020-09-11T12:15:38.107+0000][1][gc,age       ] GC(75) - age   4:      26152 bytes,     110376 total
[2020-09-11T12:15:38.108+0000][1][gc,age       ] GC(75) - age   5:       3576 bytes,     113952 total
[2020-09-11T12:15:38.108+0000][1][gc,age       ] GC(75) - age   6:       1472 bytes,     115424 total
[2020-09-11T12:15:38.108+0000][1][gc,heap      ] GC(75) ParNew: 68248K->184K(76672K)
[2020-09-11T12:15:38.108+0000][1][gc,heap      ] GC(75) CMS: 64674K->64676K(439104K)
[2020-09-11T12:15:38.108+0000][1][gc,metaspace ] GC(75) Metaspace: 74293K->74293K(1118208K)
[2020-09-11T12:15:38.108+0000][1][gc           ] GC(75) Pause Young (Allocation Failure) 129M->63M(503M) 4.109ms
[2020-09-11T12:15:38.108+0000][1][gc,cpu       ] GC(75) User=0.00s Sys=0.00s Real=0.00s
[2020-09-11T12:15:38.108+0000][1][safepoint    ] Safepoint "GenCollectForAllocation", Time since last: 673605033 ns, Reaching safepoint: 103548 ns, At safepoint: 4168961 ns, Total: 4272509 ns
[2020-09-11T12:15:39.110+0000][1][safepoint    ] Safepoint "Cleanup", Time since last: 1002024495 ns, Reaching safepoint: 86186 ns, At safepoint: 19964 ns, Total: 106150 ns
[2020-09-11T12:15:40.110+0000][1][safepoint    ] Safepoint "Cleanup", Time since last: 1000167214 ns, Reaching safepoint: 73579 ns, At safepoint: 17526 ns, Total: 91105 ns
[2020-09-11T12:15:41.110+0000][1][safepoint    ] Safepoint "Cleanup", Time since last: 1000155111 ns, Reaching safepoint: 115564 ns, At safepoint: 20200 ns, Total: 135764 ns
[2020-09-11T12:15:42.111+0000][1][safepoint    ] Safepoint "Cleanup", Time since last: 1000147266 ns, Reaching safepoint: 108428 ns, At safepoint: 15071 ns, Total: 123499 ns
[2020-09-11T12:15:43.111+0000][1][safepoint    ] Safepoint "Cleanup", Time since last: 1000166562 ns, Reaching safepoint: 187465 ns, At safepoint: 9273 ns, Total: 196738 ns
[2020-09-11T12:15:44.111+0000][1][safepoint    ] Safepoint "Cleanup", Time since last: 1000217295 ns, Reaching safepoint: 83585 ns, At safepoint: 7351 ns, Total: 90936 ns
[2020-09-11T12:15:45.112+0000][1][safepoint    ] Safepoint "Cleanup", Time since last: 1000213352 ns, Reaching safepoint: 76534 ns, At safepoint: 8829 ns, Total: 85363 ns
[2020-09-11T12:15:46.112+0000][1][safepoint    ] Safepoint "Cleanup", Time since last: 1000194532 ns, Reaching safepoint: 110584 ns, At safepoint: 17062 ns, Total: 127646 ns
[2020-09-11T12:15:47.112+0000][1][safepoint    ] Safepoint "Cleanup", Time since last: 1000256317 ns, Reaching safepoint: 106146 ns, At safepoint: 18085 ns, Total: 124231 ns
[2020-09-11T12:15:48.113+0000][1][safepoint    ] Safepoint "Cleanup", Time since last: 1000215393 ns, Reaching safepoint: 104035 ns, At safepoint: 16418 ns, Total: 120453 ns
[2020-09-11T12:15:49.114+0000][1][safepoint    ] Safepoint "Cleanup", Time since last: 1001422599 ns, Reaching safepoint: 84525 ns, At safepoint: 7849 ns, Total: 92374 ns
[2020-09-11T12:15:50.114+0000][1][safepoint    ] Safepoint "Cleanup", Time since last: 1000177818 ns, Reaching safepoint: 81543 ns, At safepoint: 6667 ns, Total: 88210 ns
[2020-09-11T12:15:51.115+0000][1][safepoint    ] Safepoint "Cleanup", Time since last: 1000170029 ns, Reaching safepoint: 105695 ns, At safepoint: 17046 ns, Total: 122741 ns
[2020-09-11T12:15:52.115+0000][1][safepoint    ] Safepoint "Cleanup", Time since last: 1000234427 ns, Reaching safepoint: 79698 ns, At safepoint: 6095 ns, Total: 85793 ns
[2020-09-11T12:15:53.115+0000][1][safepoint    ] Safepoint "Cleanup", Time since last: 1000150537 ns, Reaching safepoint: 105656 ns, At safepoint: 17286 ns, Total: 122942 ns
[2020-09-11T12:15:54.116+0000][1][safepoint    ] Safepoint "Cleanup", Time since last: 1000223343 ns, Reaching safepoint: 92044 ns, At safepoint: 16976 ns, Total: 109020 ns
[2020-09-11T12:15:54.853+0000][1][safepoint    ] Safepoint "RevokeBias", Time since last: 736940476 ns, Reaching safepoint: 117962 ns, At safepoint: 8432 ns, Total: 126394 ns
[2020-09-11T12:15:54.853+0000][1][safepoint    ] Safepoint "RevokeBias", Time since last: 80525 ns, Reaching safepoint: 100759 ns, At safepoint: 5966 ns, Total: 106725 ns
[2020-09-11T12:15:54.854+0000][1][safepoint    ] Safepoint "RevokeBias", Time since last: 892640 ns, Reaching safepoint: 172152 ns, At safepoint: 8673 ns, Total: 180825 ns
[2020-09-11T12:15:54.855+0000][1][safepoint    ] Safepoint "RevokeBias", Time since last: 466108 ns, Reaching safepoint: 136349 ns, At safepoint: 8478 ns, Total: 144827 ns
[2020-09-11T12:15:54.855+0000][1][safepoint    ] Safepoint "RevokeBias", Time since last: 139931 ns, Reaching safepoint: 95804 ns, At safepoint: 6593 ns, Total: 102397 ns
[2020-09-11T12:15:54.855+0000][1][safepoint    ] Safepoint "RevokeBias", Time since last: 197040 ns, Reaching safepoint: 95487 ns, At safepoint: 5818 ns, Total: 101305 ns
[2020-09-11T12:15:54.856+0000][1][safepoint    ] Safepoint "RevokeBias", Time since last: 814959 ns, Reaching safepoint: 65592 ns, At safepoint: 6035 ns, Total: 71627 ns
[2020-09-11T12:15:54.857+0000][1][safepoint    ] Safepoint "RevokeBias", Time since last: 76576 ns, Reaching safepoint: 591903 ns, At safepoint: 6742 ns, Total: 598645 ns
[2020-09-11T12:15:54.857+0000][1][safepoint    ] Safepoint "RevokeBias", Time since last: 40667 ns, Reaching safepoint: 93250 ns, At safepoint: 5552 ns, Total: 98802 ns
[2020-09-11T12:15:54.858+0000][1][safepoint    ] Safepoint "RevokeBias", Time since last: 588456 ns, Reaching safepoint: 444520 ns, At safepoint: 6898 ns, Total: 451418 ns
[2020-09-11T12:15:54.863+0000][1][safepoint    ] Safepoint "RevokeBias", Time since last: 4908383 ns, Reaching safepoint: 166536 ns, At safepoint: 9799 ns, Total: 176335 ns
[2020-09-11T12:15:54.865+0000][1][safepoint    ] Safepoint "RevokeBias", Time since last: 1582480 ns, Reaching safepoint: 976466 ns, At safepoint: 10716 ns, Total: 987182 ns
[2020-09-11T12:15:54.866+0000][1][safepoint    ] Safepoint "RevokeBias", Time since last: 441620 ns, Reaching safepoint: 149722 ns, At safepoint: 7713 ns, Total: 157435 ns
[2020-09-11T12:15:54.866+0000][1][safepoint    ] Safepoint "RevokeBias", Time since last: 58898 ns, Reaching safepoint: 140965 ns, At safepoint: 6584 ns, Total: 147549 ns
[2020-09-11T12:15:54.866+0000][1][safepoint    ] Safepoint "RevokeBias", Time since last: 60064 ns, Reaching safepoint: 142611 ns, At safepoint: 5799 ns, Total: 148410 ns
[2020-09-11T12:15:54.867+0000][1][safepoint    ] Safepoint "RevokeBias", Time since last: 90004 ns, Reaching safepoint: 142136 ns, At safepoint: 5920 ns, Total: 148056 ns
[2020-09-11T12:15:54.867+0000][1][safepoint    ] Safepoint "RevokeBias", Time since last: 36744 ns, Reaching safepoint: 135890 ns, At safepoint: 5416 ns, Total: 141306 ns
[2020-09-11T12:15:54.868+0000][1][safepoint    ] Safepoint "RevokeBias", Time since last: 653730 ns, Reaching safepoint: 135958 ns, At safepoint: 6755 ns, Total: 142713 ns
[2020-09-11T12:15:54.868+0000][1][safepoint    ] Safepoint "RevokeBias", Time since last: 506777 ns, Reaching safepoint: 191400 ns, At safepoint: 6025 ns, Total: 197425 ns
[2020-09-11T12:15:54.870+0000][1][safepoint    ] Safepoint "RevokeBias", Time since last: 966544 ns, Reaching safepoint: 145175 ns, At safepoint: 5464 ns, Total: 150639 ns
[2020-09-11T12:15:55.300+0000][1][safepoint    ] Safepoint "RevokeBias", Time since last: 430759218 ns, Reaching safepoint: 55628 ns, At safepoint: 8248 ns, Total: 63876 ns
[2020-09-11T12:15:55.301+0000][1][safepoint    ] Safepoint "RevokeBias", Time since last: 431079 ns, Reaching safepoint: 112176 ns, At safepoint: 7078 ns, Total: 119254 ns
[2020-09-11T12:15:55.302+0000][1][safepoint    ] Safepoint "RevokeBias", Time since last: 1474552 ns, Reaching safepoint: 40600 ns, At safepoint: 5735 ns, Total: 46335 ns
[2020-09-11T12:15:55.302+0000][1][safepoint    ] Safepoint "RevokeBias", Time since last: 53516 ns, Reaching safepoint: 23410 ns, At safepoint: 4269 ns, Total: 27679 ns
[2020-09-11T12:15:55.303+0000][1][safepoint    ] Safepoint "RevokeBias", Time since last: 42680 ns, Reaching safepoint: 21190 ns, At safepoint: 4078 ns, Total: 25268 ns
[2020-09-11T12:15:55.303+0000][1][safepoint    ] Safepoint "RevokeBias", Time since last: 90366 ns, Reaching safepoint: 21991 ns, At safepoint: 4201 ns, Total: 26192 ns
[2020-09-11T12:15:55.303+0000][1][safepoint    ] Safepoint "RevokeBias", Time since last: 228520 ns, Reaching safepoint: 19836 ns, At safepoint: 4302 ns, Total: 24138 ns
[2020-09-11T12:15:55.303+0000][1][safepoint    ] Safepoint "RevokeBias", Time since last: 266301 ns, Reaching safepoint: 239724 ns, At safepoint: 5762 ns, Total: 245486 ns
[2020-09-11T12:15:55.306+0000][1][safepoint    ] Safepoint "RevokeBias", Time since last: 39405 ns, Reaching safepoint: 2412382 ns, At safepoint: 7994 ns, Total: 2420376 ns
[2020-09-11T12:15:55.306+0000][1][safepoint    ] Safepoint "RevokeBias", Time since last: 48911 ns, Reaching safepoint: 90921 ns, At safepoint: 5307 ns, Total: 96228 ns
[2020-09-11T12:15:55.306+0000][1][safepoint    ] Safepoint "RevokeBias", Time since last: 100937 ns, Reaching safepoint: 98277 ns, At safepoint: 13960 ns, Total: 112237 ns
[2020-09-11T12:15:55.306+0000][1][safepoint    ] Safepoint "RevokeBias", Time since last: 42316 ns, Reaching safepoint: 86116 ns, At safepoint: 12190 ns, Total: 98306 ns
[2020-09-11T12:15:55.307+0000][1][safepoint    ] Safepoint "RevokeBias", Time since last: 748671 ns, Reaching safepoint: 89673 ns, At safepoint: 5575 ns, Total: 95248 ns
[2020-09-11T12:15:55.307+0000][1][safepoint    ] Safepoint "RevokeBias", Time since last: 53216 ns, Reaching safepoint: 85508 ns, At safepoint: 28495 ns, Total: 114003 ns
[2020-09-11T12:15:55.308+0000][1][safepoint    ] Safepoint "RevokeBias", Time since last: 40963 ns, Reaching safepoint: 85595 ns, At safepoint: 12247 ns, Total: 97842 ns
[2020-09-11T12:15:55.308+0000][1][safepoint    ] Safepoint "RevokeBias", Time since last: 53292 ns, Reaching safepoint: 85820 ns, At safepoint: 12047 ns, Total: 97867 ns
[2020-09-11T12:15:55.308+0000][1][safepoint    ] Safepoint "RevokeBias", Time since last: 54121 ns, Reaching safepoint: 85369 ns, At safepoint: 12245 ns, Total: 97614 ns
[2020-09-11T12:15:55.308+0000][1][safepoint    ] Safepoint "RevokeBias", Time since last: 64377 ns, Reaching safepoint: 85084 ns, At safepoint: 12387 ns, Total: 97471 ns
[2020-09-11T12:15:55.308+0000][1][safepoint    ] Safepoint "RevokeBias", Time since last: 340419 ns, Reaching safepoint: 88311 ns, At safepoint: 5319 ns, Total: 93630 ns
[2020-09-11T12:15:55.309+0000][1][safepoint    ] Safepoint "RevokeBias", Time since last: 305724 ns, Reaching safepoint: 113489 ns, At safepoint: 6151 ns, Total: 119640 ns
[2020-09-11T12:15:55.311+0000][1][safepoint    ] Safepoint "RevokeBias", Time since last: 1228016 ns, Reaching safepoint: 569747 ns, At safepoint: 7767 ns, Total: 577514 ns
[2020-09-11T12:15:55.336+0000][1][safepoint    ] Safepoint "RevokeBias", Time since last: 24748678 ns, Reaching safepoint: 142520 ns, At safepoint: 27435 ns, Total: 169955 ns
[2020-09-11T12:15:55.344+0000][1][safepoint    ] Safepoint "RevokeBias", Time since last: 425436 ns, Reaching safepoint: 7532745 ns, At safepoint: 10301 ns, Total: 7543046 ns
[2020-09-11T12:15:55.344+0000][1][safepoint    ] Safepoint "RevokeBias", Time since last: 114494 ns, Reaching safepoint: 92468 ns, At safepoint: 19112 ns, Total: 111580 ns
[2020-09-11T12:15:55.345+0000][1][safepoint    ] Safepoint "BulkRevokeBias", Time since last: 828119 ns, Reaching safepoint: 93895 ns, At safepoint: 80206 ns, Total: 174101 ns
[2020-09-11T12:15:55.363+0000][1][safepoint    ] Safepoint "RevokeBias", Time since last: 17712974 ns, Reaching safepoint: 943569 ns, At safepoint: 9396 ns, Total: 952965 ns
[2020-09-11T12:15:55.364+0000][1][safepoint    ] Safepoint "RevokeBias", Time since last: 83188 ns, Reaching safepoint: 96854 ns, At safepoint: 4968 ns, Total: 101822 ns
[2020-09-11T12:15:55.367+0000][1][safepoint    ] Safepoint "RevokeBias", Time since last: 41537 ns, Reaching safepoint: 3741098 ns, At safepoint: 6007 ns, Total: 3747105 ns
[2020-09-11T12:15:55.368+0000][1][safepoint    ] Safepoint "RevokeBias", Time since last: 394961 ns, Reaching safepoint: 96940 ns, At safepoint: 4878 ns, Total: 101818 ns
[2020-09-11T12:15:55.369+0000][1][safepoint    ] Safepoint "RevokeBias", Time since last: 568919 ns, Reaching safepoint: 90630 ns, At safepoint: 5497 ns, Total: 96127 ns
[2020-09-11T12:15:55.369+0000][1][safepoint    ] Safepoint "RevokeBias", Time since last: 569797 ns, Reaching safepoint: 91295 ns, At safepoint: 5196 ns, Total: 96491 ns
[2020-09-11T12:15:55.371+0000][1][safepoint    ] Safepoint "RevokeBias", Time since last: 1227348 ns, Reaching safepoint: 936857 ns, At safepoint: 6408 ns, Total: 943265 ns
[2020-09-11T12:15:55.372+0000][1][safepoint    ] Safepoint "RevokeBias", Time since last: 281073 ns, Reaching safepoint: 86861 ns, At safepoint: 5327 ns, Total: 92188 ns
[2020-09-11T12:15:55.375+0000][1][safepoint    ] Safepoint "RevokeBias", Time since last: 1560480 ns, Reaching safepoint: 2055851 ns, At safepoint: 6391 ns, Total: 2062242 ns
[2020-09-11T12:15:55.376+0000][1][safepoint    ] Safepoint "RevokeBias", Time since last: 124013 ns, Reaching safepoint: 82894 ns, At safepoint: 4932 ns, Total: 87826 ns
[2020-09-11T12:15:55.376+0000][1][safepoint    ] Safepoint "RevokeBias", Time since last: 89509 ns, Reaching safepoint: 81344 ns, At safepoint: 4310 ns, Total: 85654 ns
[2020-09-11T12:15:55.376+0000][1][safepoint    ] Safepoint "RevokeBias", Time since last: 53928 ns, Reaching safepoint: 76854 ns, At safepoint: 4018 ns, Total: 80872 ns
[2020-09-11T12:15:55.379+0000][1][safepoint    ] Safepoint "RevokeBias", Time since last: 1046628 ns, Reaching safepoint: 2428916 ns, At safepoint: 14624 ns, Total: 2443540 ns
[2020-09-11T12:15:55.380+0000][1][safepoint    ] Safepoint "RevokeBias", Time since last: 51755 ns, Reaching safepoint: 78102 ns, At safepoint: 10139 ns, Total: 88241 ns
[2020-09-11T12:15:55.380+0000][1][safepoint    ] Safepoint "RevokeBias", Time since last: 33217 ns, Reaching safepoint: 77105 ns, At safepoint: 8913 ns, Total: 86018 ns
[2020-09-11T12:15:55.380+0000][1][safepoint    ] Safepoint "RevokeBias", Time since last: 241321 ns, Reaching safepoint: 87688 ns, At safepoint: 5214 ns, Total: 92902 ns
[2020-09-11T12:15:55.387+0000][1][safepoint    ] Safepoint "RevokeBias", Time since last: 3036655 ns, Reaching safepoint: 4354978 ns, At safepoint: 8648 ns, Total: 4363626 ns
[2020-09-11T12:15:55.389+0000][1][gc,heap,exit ] Heap
[2020-09-11T12:15:55.389+0000][1][gc,heap,exit ]  par new generation   total 76672K, used 23758K [0x00000000e0000000, 0x00000000e5330000, 0x00000000e5330000)
[2020-09-11T12:15:55.389+0000][1][gc,heap,exit ]   eden space 68160K,  34% used [0x00000000e0000000, 0x00000000e1705ab8, 0x00000000e4290000)
[2020-09-11T12:15:55.389+0000][1][gc,heap,exit ]   from space 8512K,   2% used [0x00000000e4ae0000, 0x00000000e4b0e010, 0x00000000e5330000)
[2020-09-11T12:15:55.389+0000][1][gc,heap,exit ]   to   space 8512K,   0% used [0x00000000e4290000, 0x00000000e4290000, 0x00000000e4ae0000)
[2020-09-11T12:15:55.389+0000][1][gc,heap,exit ]  concurrent mark-sweep generation total 439104K, used 64676K [0x00000000e5330000, 0x0000000100000000, 0x0000000100000000)
[2020-09-11T12:15:55.389+0000][1][gc,heap,exit ]  Metaspace       used 74440K, capacity 80248K, committed 80492K, reserved 1118208K
[2020-09-11T12:15:55.389+0000][1][gc,heap,exit ]   class space    used 9835K, capacity 12255K, committed 12260K, reserved 1048576K
