[2020-09-11T12:50:40.536+0000][1][gc] Using Concurrent Mark Sweep
[2020-09-11T12:50:40.536+0000][1][gc,heap,coops] Heap address: 0x00000000e0000000, size: 512 MB, Compressed Oops mode: 32-bit
[2020-09-11T12:50:40.800+0000][1][safepoint    ] Safepoint "EnableBiasedLocking", Time since last: 229452038 ns, Reaching safepoint: 6523494 ns, At safepoint: 45915 ns, Total: 6569409 ns
[2020-09-11T12:50:40.811+0000][1][safepoint    ] Safepoint "RevokeBias", Time since last: 8127268 ns, Reaching safepoint: 3429208 ns, At safepoint: 53908 ns, Total: 3483116 ns
[2020-09-11T12:50:40.879+0000][1][safepoint    ] Safepoint "Deoptimize", Time since last: 65722982 ns, Reaching safepoint: 2581921 ns, At safepoint: 25554 ns, Total: 2607475 ns
[2020-09-11T12:50:41.628+0000][1][safepoint    ] Safepoint "Deoptimize", Time since last: 748052471 ns, Reaching safepoint: 116619 ns, At safepoint: 40058 ns, Total: 156677 ns
[2020-09-11T12:50:41.633+0000][1][safepoint    ] Safepoint "Deoptimize", Time since last: 1846862 ns, Reaching safepoint: 3521848 ns, At safepoint: 38885 ns, Total: 3560733 ns
[2020-09-11T12:50:41.886+0000][1][safepoint    ] Safepoint "Deoptimize", Time since last: 250387520 ns, Reaching safepoint: 2205803 ns, At safepoint: 42905 ns, Total: 2248708 ns
[2020-09-11T12:50:42.893+0000][1][safepoint    ] Safepoint "Cleanup", Time since last: 1005798877 ns, Reaching safepoint: 1400933 ns, At safepoint: 7646 ns, Total: 1408579 ns
[2020-09-11T12:50:43.899+0000][1][safepoint    ] Safepoint "Cleanup", Time since last: 1006437409 ns, Reaching safepoint: 121144 ns, At safepoint: 6508 ns, Total: 127652 ns
[2020-09-11T12:50:44.516+0000][1][safepoint    ] Safepoint "Deoptimize", Time since last: 615966892 ns, Reaching safepoint: 115785 ns, At safepoint: 75866 ns, Total: 191651 ns
[2020-09-11T12:50:44.863+0000][1][safepoint    ] Safepoint "Deoptimize", Time since last: 343664081 ns, Reaching safepoint: 3497701 ns, At safepoint: 78540 ns, Total: 3576241 ns
[2020-09-11T12:50:45.544+0000][1][safepoint    ] Safepoint "Deoptimize", Time since last: 680650210 ns, Reaching safepoint: 104319 ns, At safepoint: 84852 ns, Total: 189171 ns
[2020-09-11T12:50:46.562+0000][1][safepoint    ] Safepoint "Cleanup", Time since last: 1011716810 ns, Reaching safepoint: 6356934 ns, At safepoint: 8077 ns, Total: 6365011 ns
[2020-09-11T12:50:46.688+0000][1][safepoint    ] Safepoint "Deoptimize", Time since last: 122423894 ns, Reaching safepoint: 3219175 ns, At safepoint: 97207 ns, Total: 3316382 ns
[2020-09-11T12:50:47.699+0000][1][safepoint    ] Safepoint "Cleanup", Time since last: 1007891782 ns, Reaching safepoint: 3558345 ns, At safepoint: 11465 ns, Total: 3569810 ns
[2020-09-11T12:50:48.200+0000][1][safepoint    ] Safepoint "Deoptimize", Time since last: 494520816 ns, Reaching safepoint: 5960893 ns, At safepoint: 106054 ns, Total: 6066947 ns
[2020-09-11T12:50:49.219+0000][1][safepoint    ] Safepoint "Cleanup", Time since last: 1019377981 ns, Reaching safepoint: 142899 ns, At safepoint: 6971 ns, Total: 149870 ns
[2020-09-11T12:50:49.841+0000][1][safepoint    ] Safepoint "Deoptimize", Time since last: 621398904 ns, Reaching safepoint: 99271 ns, At safepoint: 113532 ns, Total: 212803 ns
[2020-09-11T12:50:49.852+0000][1][safepoint    ] Safepoint "Deoptimize", Time since last: 11217586 ns, Reaching safepoint: 90500 ns, At safepoint: 118952 ns, Total: 209452 ns
[2020-09-11T12:50:50.100+0000][1][safepoint    ] Safepoint "Deoptimize", Time since last: 247310368 ns, Reaching safepoint: 113775 ns, At safepoint: 125688 ns, Total: 239463 ns
[2020-09-11T12:50:50.112+0000][1][safepoint    ] Safepoint "Deoptimize", Time since last: 11734455 ns, Reaching safepoint: 240329 ns, At safepoint: 127778 ns, Total: 368107 ns
[2020-09-11T12:50:50.161+0000][1][safepoint    ] Safepoint "RevokeBias", Time since last: 48025990 ns, Reaching safepoint: 1028969 ns, At safepoint: 49569 ns, Total: 1078538 ns
[2020-09-11T12:50:50.161+0000][1][safepoint    ] Safepoint "RevokeBias", Time since last: 58001 ns, Reaching safepoint: 84181 ns, At safepoint: 30070 ns, Total: 114251 ns
[2020-09-11T12:50:50.161+0000][1][safepoint    ] Safepoint "RevokeBias", Time since last: 60961 ns, Reaching safepoint: 83446 ns, At safepoint: 30019 ns, Total: 113465 ns
[2020-09-11T12:50:50.163+0000][1][safepoint    ] Safepoint "RevokeBias", Time since last: 1314101 ns, Reaching safepoint: 858984 ns, At safepoint: 40410 ns, Total: 899394 ns
[2020-09-11T12:50:50.176+0000][1][safepoint    ] Safepoint "RevokeBias", Time since last: 12358953 ns, Reaching safepoint: 521100 ns, At safepoint: 42776 ns, Total: 563876 ns
[2020-09-11T12:50:51.186+0000][1][safepoint    ] Safepoint "Cleanup", Time since last: 1007028824 ns, Reaching safepoint: 2143420 ns, At safepoint: 11534 ns, Total: 2154954 ns
[2020-09-11T12:50:52.204+0000][1][safepoint    ] Safepoint "Cleanup", Time since last: 1005891361 ns, Reaching safepoint: 12060641 ns, At safepoint: 10379 ns, Total: 12071020 ns
[2020-09-11T12:50:52.572+0000][1][safepoint    ] Safepoint "RevokeBias", Time since last: 363900959 ns, Reaching safepoint: 4071091 ns, At safepoint: 27121 ns, Total: 4098212 ns
[2020-09-11T12:50:52.792+0000][1][gc,start     ] GC(0) Pause Young (Allocation Failure)
[2020-09-11T12:50:52.792+0000][1][gc,task      ] GC(0) Using 1 workers of 1 for evacuation
[2020-09-11T12:50:52.858+0000][1][gc,age       ] GC(0) Desired survivor size 4358144 bytes, new threshold 1 (max threshold 6)
[2020-09-11T12:50:52.858+0000][1][gc,age       ] GC(0) Age table with threshold 1 (max threshold 6)
[2020-09-11T12:50:52.858+0000][1][gc,age       ] GC(0) - age   1:    6424944 bytes,    6424944 total
[2020-09-11T12:50:52.858+0000][1][gc,heap      ] GC(0) ParNew: 68160K->6301K(76672K)
[2020-09-11T12:50:52.858+0000][1][gc,heap      ] GC(0) CMS: 0K->0K(439104K)
[2020-09-11T12:50:52.858+0000][1][gc,metaspace ] GC(0) Metaspace: 13609K->13609K(1060864K)
[2020-09-11T12:50:52.858+0000][1][gc           ] GC(0) Pause Young (Allocation Failure) 66M->6M(503M) 66.465ms
[2020-09-11T12:50:52.858+0000][1][gc,cpu       ] GC(0) User=0.02s Sys=0.00s Real=0.07s
[2020-09-11T12:50:52.879+0000][1][safepoint    ] Safepoint "GenCollectForAllocation", Time since last: 219919082 ns, Reaching safepoint: 116069 ns, At safepoint: 87902242 ns, Total: 88018311 ns
[2020-09-11T12:50:52.900+0000][1][safepoint    ] Safepoint "RevokeBias", Time since last: 19752331 ns, Reaching safepoint: 275816 ns, At safepoint: 39445 ns, Total: 315261 ns
[2020-09-11T12:50:52.900+0000][1][safepoint    ] Safepoint "RevokeBias", Time since last: 111708 ns, Reaching safepoint: 80409 ns, At safepoint: 25497 ns, Total: 105906 ns
[2020-09-11T12:50:52.900+0000][1][safepoint    ] Safepoint "RevokeBias", Time since last: 39728 ns, Reaching safepoint: 77936 ns, At safepoint: 21969 ns, Total: 99905 ns
[2020-09-11T12:50:52.900+0000][1][safepoint    ] Safepoint "RevokeBias", Time since last: 23817 ns, Reaching safepoint: 79378 ns, At safepoint: 21994 ns, Total: 101372 ns
[2020-09-11T12:50:52.900+0000][1][safepoint    ] Safepoint "RevokeBias", Time since last: 30066 ns, Reaching safepoint: 79612 ns, At safepoint: 29744 ns, Total: 109356 ns
[2020-09-11T12:50:52.900+0000][1][safepoint    ] Safepoint "RevokeBias", Time since last: 23327 ns, Reaching safepoint: 76227 ns, At safepoint: 21239 ns, Total: 97466 ns
[2020-09-11T12:50:52.900+0000][1][safepoint    ] Safepoint "RevokeBias", Time since last: 28879 ns, Reaching safepoint: 77156 ns, At safepoint: 27067 ns, Total: 104223 ns
[2020-09-11T12:50:52.901+0000][1][safepoint    ] Safepoint "RevokeBias", Time since last: 22536 ns, Reaching safepoint: 77446 ns, At safepoint: 21953 ns, Total: 99399 ns
[2020-09-11T12:50:52.901+0000][1][safepoint    ] Safepoint "RevokeBias", Time since last: 29455 ns, Reaching safepoint: 78389 ns, At safepoint: 22330 ns, Total: 100719 ns
[2020-09-11T12:50:52.901+0000][1][safepoint    ] Safepoint "RevokeBias", Time since last: 23075 ns, Reaching safepoint: 76267 ns, At safepoint: 22022 ns, Total: 98289 ns
[2020-09-11T12:50:52.901+0000][1][safepoint    ] Safepoint "RevokeBias", Time since last: 28700 ns, Reaching safepoint: 79945 ns, At safepoint: 22421 ns, Total: 102366 ns
[2020-09-11T12:50:52.901+0000][1][safepoint    ] Safepoint "RevokeBias", Time since last: 22933 ns, Reaching safepoint: 78825 ns, At safepoint: 21703 ns, Total: 100528 ns
[2020-09-11T12:50:52.901+0000][1][safepoint    ] Safepoint "RevokeBias", Time since last: 66565 ns, Reaching safepoint: 81156 ns, At safepoint: 23134 ns, Total: 104290 ns
[2020-09-11T12:50:52.901+0000][1][safepoint    ] Safepoint "RevokeBias", Time since last: 23581 ns, Reaching safepoint: 79767 ns, At safepoint: 22636 ns, Total: 102403 ns
[2020-09-11T12:50:52.901+0000][1][safepoint    ] Safepoint "RevokeBias", Time since last: 41945 ns, Reaching safepoint: 80762 ns, At safepoint: 26586 ns, Total: 107348 ns
[2020-09-11T12:50:52.902+0000][1][safepoint    ] Safepoint "RevokeBias", Time since last: 23185 ns, Reaching safepoint: 80328 ns, At safepoint: 24384 ns, Total: 104712 ns
[2020-09-11T12:50:52.903+0000][1][safepoint    ] Safepoint "RevokeBias", Time since last: 156813 ns, Reaching safepoint: 1653467 ns, At safepoint: 41769 ns, Total: 1695236 ns
[2020-09-11T12:50:52.906+0000][1][safepoint    ] Safepoint "RevokeBias", Time since last: 43234 ns, Reaching safepoint: 2333580 ns, At safepoint: 44264 ns, Total: 2377844 ns
[2020-09-11T12:50:52.907+0000][1][safepoint    ] Safepoint "RevokeBias", Time since last: 64134 ns, Reaching safepoint: 1466806 ns, At safepoint: 38367 ns, Total: 1505173 ns
[2020-09-11T12:50:52.908+0000][1][safepoint    ] Safepoint "RevokeBias", Time since last: 35017 ns, Reaching safepoint: 80537 ns, At safepoint: 27039 ns, Total: 107576 ns
[2020-09-11T12:50:52.908+0000][1][safepoint    ] Safepoint "RevokeBias", Time since last: 54822 ns, Reaching safepoint: 80700 ns, At safepoint: 25624 ns, Total: 106324 ns
[2020-09-11T12:50:52.908+0000][1][safepoint    ] Safepoint "RevokeBias", Time since last: 24053 ns, Reaching safepoint: 80145 ns, At safepoint: 25457 ns, Total: 105602 ns
[2020-09-11T12:50:52.908+0000][1][safepoint    ] Safepoint "RevokeBias", Time since last: 88133 ns, Reaching safepoint: 79959 ns, At safepoint: 24476 ns, Total: 104435 ns
[2020-09-11T12:50:52.908+0000][1][safepoint    ] Safepoint "RevokeBias", Time since last: 23770 ns, Reaching safepoint: 78936 ns, At safepoint: 21202 ns, Total: 100138 ns
[2020-09-11T12:50:52.908+0000][1][safepoint    ] Safepoint "RevokeBias", Time since last: 33725 ns, Reaching safepoint: 75628 ns, At safepoint: 18320 ns, Total: 93948 ns
[2020-09-11T12:50:52.909+0000][1][safepoint    ] Safepoint "RevokeBias", Time since last: 22861 ns, Reaching safepoint: 79484 ns, At safepoint: 386065 ns, Total: 465549 ns
[2020-09-11T12:50:52.909+0000][1][safepoint    ] Safepoint "RevokeBias", Time since last: 19671 ns, Reaching safepoint: 83008 ns, At safepoint: 37142 ns, Total: 120150 ns
[2020-09-11T12:50:52.909+0000][1][safepoint    ] Safepoint "RevokeBias", Time since last: 22091 ns, Reaching safepoint: 80798 ns, At safepoint: 27557 ns, Total: 108355 ns
[2020-09-11T12:50:52.910+0000][1][safepoint    ] Safepoint "RevokeBias", Time since last: 23466 ns, Reaching safepoint: 391362 ns, At safepoint: 28767 ns, Total: 420129 ns
[2020-09-11T12:50:52.911+0000][1][safepoint    ] Safepoint "RevokeBias", Time since last: 1101680 ns, Reaching safepoint: 778967 ns, At safepoint: 57330 ns, Total: 836297 ns
[2020-09-11T12:50:52.915+0000][1][safepoint    ] Safepoint "RevokeBias", Time since last: 47486 ns, Reaching safepoint: 3920395 ns, At safepoint: 49952 ns, Total: 3970347 ns
[2020-09-11T12:50:52.920+0000][1][safepoint    ] Safepoint "RevokeBias", Time since last: 120997 ns, Reaching safepoint: 3868092 ns, At safepoint: 40035 ns, Total: 3908127 ns
[2020-09-11T12:50:52.923+0000][1][safepoint    ] Safepoint "RevokeBias", Time since last: 66190 ns, Reaching safepoint: 3852325 ns, At safepoint: 50120 ns, Total: 3902445 ns
[2020-09-11T12:50:53.062+0000][1][safepoint    ] Safepoint "Deoptimize", Time since last: 131949475 ns, Reaching safepoint: 5907325 ns, At safepoint: 215076 ns, Total: 6122401 ns
[2020-09-11T12:50:54.081+0000][1][safepoint    ] Safepoint "Cleanup", Time since last: 1005234316 ns, Reaching safepoint: 13735642 ns, At safepoint: 11496 ns, Total: 13747138 ns
[2020-09-11T12:50:54.524+0000][1][safepoint    ] Safepoint "RevokeBias", Time since last: 438993571 ns, Reaching safepoint: 3910586 ns, At safepoint: 53687 ns, Total: 3964273 ns
[2020-09-11T12:50:55.547+0000][1][safepoint    ] Safepoint "Cleanup", Time since last: 1011923334 ns, Reaching safepoint: 12034782 ns, At safepoint: 13302 ns, Total: 12048084 ns
[2020-09-11T12:50:56.332+0000][1][safepoint    ] Safepoint "Deoptimize", Time since last: 783963235 ns, Reaching safepoint: 159205 ns, At safepoint: 178874 ns, Total: 338079 ns
[2020-09-11T12:50:57.044+0000][1][safepoint    ] Safepoint "Deoptimize", Time since last: 710234034 ns, Reaching safepoint: 1444186 ns, At safepoint: 197798 ns, Total: 1641984 ns
[2020-09-11T12:50:57.092+0000][1][safepoint    ] Safepoint "Deoptimize", Time since last: 46627693 ns, Reaching safepoint: 1155068 ns, At safepoint: 213779 ns, Total: 1368847 ns
[2020-09-11T12:50:57.198+0000][1][gc,start     ] GC(1) Pause Young (Allocation Failure)
[2020-09-11T12:50:57.198+0000][1][gc,task      ] GC(1) Using 1 workers of 1 for evacuation
[2020-09-11T12:50:57.398+0000][1][gc,age       ] GC(1) Desired survivor size 4358144 bytes, new threshold 6 (max threshold 6)
[2020-09-11T12:50:57.398+0000][1][gc,age       ] GC(1) Age table with threshold 6 (max threshold 6)
[2020-09-11T12:50:57.398+0000][1][gc,age       ] GC(1) - age   1:    3982224 bytes,    3982224 total
[2020-09-11T12:50:57.398+0000][1][gc,heap      ] GC(1) ParNew: 74461K->4211K(76672K)
[2020-09-11T12:50:57.398+0000][1][gc,heap      ] GC(1) CMS: 0K->6814K(439104K)
[2020-09-11T12:50:57.398+0000][1][gc,metaspace ] GC(1) Metaspace: 19205K->19205K(1067008K)
[2020-09-11T12:50:57.398+0000][1][gc           ] GC(1) Pause Young (Allocation Failure) 72M->10M(503M) 199.359ms
[2020-09-11T12:50:57.398+0000][1][gc,cpu       ] GC(1) User=0.05s Sys=0.00s Real=0.20s
[2020-09-11T12:50:57.423+0000][1][safepoint    ] Safepoint "GenCollectForAllocation", Time since last: 106572090 ns, Reaching safepoint: 119855 ns, At safepoint: 225105608 ns, Total: 225225463 ns
[2020-09-11T12:50:57.448+0000][1][safepoint    ] Safepoint "BulkRevokeBias", Time since last: 24510478 ns, Reaching safepoint: 118799 ns, At safepoint: 170354 ns, Total: 289153 ns
[2020-09-11T12:50:57.449+0000][1][safepoint    ] Safepoint "RevokeBias", Time since last: 123921 ns, Reaching safepoint: 84647 ns, At safepoint: 72066 ns, Total: 156713 ns
[2020-09-11T12:50:57.449+0000][1][safepoint    ] Safepoint "RevokeBias", Time since last: 48496 ns, Reaching safepoint: 83107 ns, At safepoint: 72272 ns, Total: 155379 ns
[2020-09-11T12:50:57.449+0000][1][safepoint    ] Safepoint "RevokeBias", Time since last: 41211 ns, Reaching safepoint: 82433 ns, At safepoint: 75024 ns, Total: 157457 ns
[2020-09-11T12:50:57.449+0000][1][safepoint    ] Safepoint "RevokeBias", Time since last: 33665 ns, Reaching safepoint: 81777 ns, At safepoint: 70239 ns, Total: 152016 ns
[2020-09-11T12:50:57.449+0000][1][safepoint    ] Safepoint "RevokeBias", Time since last: 37397 ns, Reaching safepoint: 80733 ns, At safepoint: 69992 ns, Total: 150725 ns
[2020-09-11T12:50:57.449+0000][1][safepoint    ] Safepoint "RevokeBias", Time since last: 33097 ns, Reaching safepoint: 80236 ns, At safepoint: 69840 ns, Total: 150076 ns
[2020-09-11T12:50:57.450+0000][1][safepoint    ] Safepoint "BulkRevokeBias", Time since last: 36208 ns, Reaching safepoint: 90534 ns, At safepoint: 100007 ns, Total: 190541 ns
[2020-09-11T12:50:57.456+0000][1][safepoint    ] Safepoint "RevokeBias", Time since last: 5762308 ns, Reaching safepoint: 107723 ns, At safepoint: 138343 ns, Total: 246066 ns
[2020-09-11T12:50:57.459+0000][1][safepoint    ] Safepoint "RevokeBias", Time since last: 653401 ns, Reaching safepoint: 85639 ns, At safepoint: 2976177 ns, Total: 3061816 ns
[2020-09-11T12:50:57.460+0000][1][safepoint    ] Safepoint "RevokeBias", Time since last: 73105 ns, Reaching safepoint: 97843 ns, At safepoint: 60385 ns, Total: 158228 ns
[2020-09-11T12:50:57.477+0000][1][safepoint    ] Safepoint "RevokeBias", Time since last: 12163154 ns, Reaching safepoint: 5151756 ns, At safepoint: 70732 ns, Total: 5222488 ns
[2020-09-11T12:50:58.408+0000][1][safepoint    ] Safepoint "Deoptimize", Time since last: 926394482 ns, Reaching safepoint: 4013130 ns, At safepoint: 203543 ns, Total: 4216673 ns
[2020-09-11T12:50:58.411+0000][1][safepoint    ] Safepoint "RevokeBias", Time since last: 2727501 ns, Reaching safepoint: 1045289 ns, At safepoint: 42116 ns, Total: 1087405 ns
[2020-09-11T12:50:58.423+0000][1][safepoint    ] Safepoint "Deoptimize", Time since last: 1164094 ns, Reaching safepoint: 10145034 ns, At safepoint: 198450 ns, Total: 10343484 ns
[2020-09-11T12:50:59.428+0000][1][safepoint    ] Safepoint "Cleanup", Time since last: 1004442281 ns, Reaching safepoint: 119669 ns, At safepoint: 6294 ns, Total: 125963 ns
[2020-09-11T12:51:00.126+0000][1][gc,start     ] GC(2) Pause Young (Allocation Failure)
[2020-09-11T12:51:00.126+0000][1][gc,task      ] GC(2) Using 1 workers of 1 for evacuation
[2020-09-11T12:51:00.176+0000][1][gc,age       ] GC(2) Desired survivor size 4358144 bytes, new threshold 6 (max threshold 6)
[2020-09-11T12:51:00.176+0000][1][gc,age       ] GC(2) Age table with threshold 6 (max threshold 6)
[2020-09-11T12:51:00.176+0000][1][gc,age       ] GC(2) - age   1:     424336 bytes,     424336 total
[2020-09-11T12:51:00.176+0000][1][gc,age       ] GC(2) - age   2:    3897568 bytes,    4321904 total
[2020-09-11T12:51:00.176+0000][1][gc,heap      ] GC(2) ParNew: 72371K->7932K(76672K)
[2020-09-11T12:51:00.176+0000][1][gc,heap      ] GC(2) CMS: 6814K->6814K(439104K)
[2020-09-11T12:51:00.176+0000][1][gc,metaspace ] GC(2) Metaspace: 20103K->20103K(1067008K)
[2020-09-11T12:51:00.176+0000][1][gc           ] GC(2) Pause Young (Allocation Failure) 77M->14M(503M) 50.206ms
[2020-09-11T12:51:00.176+0000][1][gc,cpu       ] GC(2) User=0.01s Sys=0.00s Real=0.05s
[2020-09-11T12:51:00.187+0000][1][safepoint    ] Safepoint "GenCollectForAllocation", Time since last: 698406299 ns, Reaching safepoint: 128527 ns, At safepoint: 61332471 ns, Total: 61460998 ns
[2020-09-11T12:51:00.237+0000][1][safepoint    ] Safepoint "RevokeBias", Time since last: 36445740 ns, Reaching safepoint: 13255693 ns, At safepoint: 35932 ns, Total: 13291625 ns
[2020-09-11T12:51:00.238+0000][1][safepoint    ] Safepoint "RevokeBias", Time since last: 532499 ns, Reaching safepoint: 170013 ns, At safepoint: 23937 ns, Total: 193950 ns
[2020-09-11T12:51:00.238+0000][1][safepoint    ] Safepoint "BulkRevokeBias", Time since last: 39525 ns, Reaching safepoint: 79494 ns, At safepoint: 41986 ns, Total: 121480 ns
[2020-09-11T12:51:00.238+0000][1][safepoint    ] Safepoint "RevokeBias", Time since last: 311766 ns, Reaching safepoint: 81798 ns, At safepoint: 21474 ns, Total: 103272 ns
[2020-09-11T12:51:00.239+0000][1][safepoint    ] Safepoint "RevokeBias", Time since last: 32917 ns, Reaching safepoint: 77324 ns, At safepoint: 16442 ns, Total: 93766 ns
[2020-09-11T12:51:01.239+0000][1][safepoint    ] Safepoint "Cleanup", Time since last: 1000097272 ns, Reaching safepoint: 513625 ns, At safepoint: 6939 ns, Total: 520564 ns
[2020-09-11T12:51:01.287+0000][1][gc,start     ] GC(3) Pause Young (Allocation Failure)
[2020-09-11T12:51:01.287+0000][1][gc,task      ] GC(3) Using 1 workers of 1 for evacuation
[2020-09-11T12:51:01.358+0000][1][gc,age       ] GC(3) Desired survivor size 4358144 bytes, new threshold 3 (max threshold 6)
[2020-09-11T12:51:01.358+0000][1][gc,age       ] GC(3) Age table with threshold 3 (max threshold 6)
[2020-09-11T12:51:01.358+0000][1][gc,age       ] GC(3) - age   1:    1682464 bytes,    1682464 total
[2020-09-11T12:51:01.358+0000][1][gc,age       ] GC(3) - age   2:     397464 bytes,    2079928 total
[2020-09-11T12:51:01.358+0000][1][gc,age       ] GC(3) - age   3:    3897072 bytes,    5977000 total
[2020-09-11T12:51:01.358+0000][1][gc,heap      ] GC(3) ParNew: 76092K->7713K(76672K)
[2020-09-11T12:51:01.358+0000][1][gc,heap      ] GC(3) CMS: 6814K->6814K(439104K)
[2020-09-11T12:51:01.358+0000][1][gc,metaspace ] GC(3) Metaspace: 20219K->20219K(1067008K)
[2020-09-11T12:51:01.358+0000][1][gc           ] GC(3) Pause Young (Allocation Failure) 80M->14M(503M) 70.594ms
[2020-09-11T12:51:01.358+0000][1][gc,cpu       ] GC(3) User=0.01s Sys=0.00s Real=0.07s
[2020-09-11T12:51:01.365+0000][1][safepoint    ] Safepoint "GenCollectForAllocation", Time since last: 48155967 ns, Reaching safepoint: 63403 ns, At safepoint: 77219147 ns, Total: 77282550 ns
[2020-09-11T12:51:01.397+0000][1][safepoint    ] Safepoint "RevokeBias", Time since last: 32562161 ns, Reaching safepoint: 106962 ns, At safepoint: 32252 ns, Total: 139214 ns
[2020-09-11T12:51:01.399+0000][1][safepoint    ] Safepoint "RevokeBias", Time since last: 434055 ns, Reaching safepoint: 1647999 ns, At safepoint: 38644 ns, Total: 1686643 ns
[2020-09-11T12:51:01.402+0000][1][safepoint    ] Safepoint "RevokeBias", Time since last: 67309 ns, Reaching safepoint: 2356184 ns, At safepoint: 46467 ns, Total: 2402651 ns
[2020-09-11T12:51:01.411+0000][1][safepoint    ] Safepoint "RevokeBias", Time since last: 77841 ns, Reaching safepoint: 9141166 ns, At safepoint: 36550 ns, Total: 9177716 ns
[2020-09-11T12:51:01.411+0000][1][safepoint    ] Safepoint "RevokeBias", Time since last: 78602 ns, Reaching safepoint: 137824 ns, At safepoint: 16810 ns, Total: 154634 ns
[2020-09-11T12:51:01.415+0000][1][safepoint    ] Safepoint "RevokeBias", Time since last: 31588 ns, Reaching safepoint: 3984752 ns, At safepoint: 38614 ns, Total: 4023366 ns
[2020-09-11T12:51:01.416+0000][1][safepoint    ] Safepoint "RevokeBias", Time since last: 68142 ns, Reaching safepoint: 85270 ns, At safepoint: 17404 ns, Total: 102674 ns
[2020-09-11T12:51:01.416+0000][1][safepoint    ] Safepoint "RevokeBias", Time since last: 29064 ns, Reaching safepoint: 78583 ns, At safepoint: 20044 ns, Total: 98627 ns
[2020-09-11T12:51:02.253+0000][1][safepoint    ] Safepoint "RevokeBias", Time since last: 837069356 ns, Reaching safepoint: 104518 ns, At safepoint: 14871 ns, Total: 119389 ns
[2020-09-11T12:51:02.253+0000][1][safepoint    ] Safepoint "RevokeBias", Time since last: 60107 ns, Reaching safepoint: 79202 ns, At safepoint: 8479 ns, Total: 87681 ns
[2020-09-11T12:51:02.253+0000][1][safepoint    ] Safepoint "RevokeBias", Time since last: 34608 ns, Reaching safepoint: 78740 ns, At safepoint: 8231 ns, Total: 86971 ns
[2020-09-11T12:51:02.292+0000][1][safepoint    ] Safepoint "CollectForMetadataAllocation", Time since last: 38178290 ns, Reaching safepoint: 103957 ns, At safepoint: 135203 ns, Total: 239160 ns
[2020-09-11T12:51:02.313+0000][1][safepoint    ] Safepoint "CollectForMetadataAllocation", Time since last: 14998191 ns, Reaching safepoint: 5852796 ns, At safepoint: 18345 ns, Total: 5871141 ns
[2020-09-11T12:51:02.416+0000][1][safepoint    ] Safepoint "CollectForMetadataAllocation", Time since last: 103653710 ns, Reaching safepoint: 96449 ns, At safepoint: 123196 ns, Total: 219645 ns
[2020-09-11T12:51:02.577+0000][1][gc,start     ] GC(4) Pause Young (Allocation Failure)
[2020-09-11T12:51:02.577+0000][1][gc,task      ] GC(4) Using 1 workers of 1 for evacuation
[2020-09-11T12:51:02.648+0000][1][gc,age       ] GC(4) Desired survivor size 4358144 bytes, new threshold 6 (max threshold 6)
[2020-09-11T12:51:02.648+0000][1][gc,age       ] GC(4) Age table with threshold 6 (max threshold 6)
[2020-09-11T12:51:02.648+0000][1][gc,age       ] GC(4) - age   1:    1751992 bytes,    1751992 total
[2020-09-11T12:51:02.648+0000][1][gc,age       ] GC(4) - age   2:     320048 bytes,    2072040 total
[2020-09-11T12:51:02.648+0000][1][gc,age       ] GC(4) - age   3:     397336 bytes,    2469376 total
[2020-09-11T12:51:02.648+0000][1][gc,heap      ] GC(4) ParNew: 75873K->5020K(76672K)
[2020-09-11T12:51:02.648+0000][1][gc,heap      ] GC(4) CMS: 6814K->10648K(439104K)
[2020-09-11T12:51:02.648+0000][1][gc,metaspace ] GC(4) Metaspace: 20755K->20755K(1069056K)
[2020-09-11T12:51:02.648+0000][1][gc           ] GC(4) Pause Young (Allocation Failure) 80M->15M(503M) 70.892ms
[2020-09-11T12:51:02.648+0000][1][gc,cpu       ] GC(4) User=0.02s Sys=0.00s Real=0.07s
[2020-09-11T12:51:02.661+0000][1][safepoint    ] Safepoint "GenCollectForAllocation", Time since last: 160346811 ns, Reaching safepoint: 94788 ns, At safepoint: 84010079 ns, Total: 84104867 ns
[2020-09-11T12:51:02.685+0000][1][gc,start     ] GC(5) Pause Initial Mark
[2020-09-11T12:51:02.686+0000][1][gc           ] GC(5) Pause Initial Mark 20M->20M(503M) 1.840ms
[2020-09-11T12:51:02.686+0000][1][gc,cpu       ] GC(5) User=0.00s Sys=0.00s Real=0.00s
[2020-09-11T12:51:02.727+0000][1][safepoint    ] Safepoint "BulkRevokeBias", Time since last: 12104845 ns, Reaching safepoint: 11546931 ns, At safepoint: 42661780 ns, Total: 54208711 ns
[2020-09-11T12:51:02.727+0000][1][gc           ] GC(5) Concurrent Mark
[2020-09-11T12:51:02.773+0000][1][safepoint    ] Safepoint "RevokeBias", Time since last: 15387562 ns, Reaching safepoint: 30017379 ns, At safepoint: 23645 ns, Total: 30041024 ns
[2020-09-11T12:51:02.819+0000][1][safepoint    ] Safepoint "RevokeBias", Time since last: 14867529 ns, Reaching safepoint: 31962601 ns, At safepoint: 40635 ns, Total: 32003236 ns
[2020-09-11T12:51:02.823+0000][1][gc           ] GC(5) Concurrent Mark 95.344ms
[2020-09-11T12:51:02.823+0000][1][gc,cpu       ] GC(5) User=0.02s Sys=0.00s Real=0.09s
[2020-09-11T12:51:02.823+0000][1][gc           ] GC(5) Concurrent Preclean
[2020-09-11T12:51:02.823+0000][1][gc           ] GC(5) Concurrent Preclean 0.610ms
[2020-09-11T12:51:02.823+0000][1][gc,cpu       ] GC(5) User=0.00s Sys=0.00s Real=0.00s
[2020-09-11T12:51:02.823+0000][1][gc           ] GC(5) Concurrent Abortable Preclean
[2020-09-11T12:51:02.880+0000][1][safepoint    ] Safepoint "RevokeBias", Time since last: 11975623 ns, Reaching safepoint: 48027609 ns, At safepoint: 66891 ns, Total: 48094500 ns
[2020-09-11T12:51:02.911+0000][1][safepoint    ] Safepoint "RevokeBias", Time since last: 15987298 ns, Reaching safepoint: 15283744 ns, At safepoint: 74862 ns, Total: 15358606 ns
[2020-09-11T12:51:02.911+0000][1][safepoint    ] Safepoint "RevokeBias", Time since last: 74996 ns, Reaching safepoint: 87918 ns, At safepoint: 22429 ns, Total: 110347 ns
[2020-09-11T12:51:03.404+0000][1][safepoint    ] Safepoint "Deoptimize", Time since last: 492502979 ns, Reaching safepoint: 114868 ns, At safepoint: 237797 ns, Total: 352665 ns
[2020-09-11T12:51:03.489+0000][1][safepoint    ] Safepoint "CollectForMetadataAllocation", Time since last: 84510542 ns, Reaching safepoint: 100698 ns, At safepoint: 70110 ns, Total: 170808 ns
[2020-09-11T12:51:03.952+0000][1][safepoint    ] Safepoint "Deoptimize", Time since last: 438835666 ns, Reaching safepoint: 24342239 ns, At safepoint: 219432 ns, Total: 24561671 ns
[2020-09-11T12:51:04.224+0000][1][gc,start     ] GC(6) Pause Young (Allocation Failure)
[2020-09-11T12:51:04.224+0000][1][gc,task      ] GC(6) Using 1 workers of 1 for evacuation
[2020-09-11T12:51:04.237+0000][1][gc           ] GC(5) Concurrent Abortable Preclean 1413.729ms
[2020-09-11T12:51:04.237+0000][1][gc,cpu       ] GC(5) User=0.34s Sys=0.02s Real=1.42s
[2020-09-11T12:51:04.282+0000][1][gc,age       ] GC(6) Desired survivor size 4358144 bytes, new threshold 6 (max threshold 6)
[2020-09-11T12:51:04.282+0000][1][gc,age       ] GC(6) Age table with threshold 6 (max threshold 6)
[2020-09-11T12:51:04.282+0000][1][gc,age       ] GC(6) - age   1:    2313032 bytes,    2313032 total
[2020-09-11T12:51:04.282+0000][1][gc,age       ] GC(6) - age   2:    1254608 bytes,    3567640 total
[2020-09-11T12:51:04.282+0000][1][gc,age       ] GC(6) - age   3:     320048 bytes,    3887688 total
[2020-09-11T12:51:04.282+0000][1][gc,age       ] GC(6) - age   4:     397304 bytes,    4284992 total
[2020-09-11T12:51:04.282+0000][1][gc,heap      ] GC(6) ParNew: 73180K->4318K(76672K)
[2020-09-11T12:51:04.282+0000][1][gc,heap      ] GC(6) CMS: 10648K->10648K(439104K)
[2020-09-11T12:51:04.282+0000][1][gc,metaspace ] GC(6) Metaspace: 21065K->21065K(1069056K)
[2020-09-11T12:51:04.283+0000][1][gc           ] GC(6) Pause Young (Allocation Failure) 81M->14M(503M) 58.956ms
[2020-09-11T12:51:04.283+0000][1][gc,cpu       ] GC(6) User=0.02s Sys=0.00s Real=0.05s
[2020-09-11T12:51:04.295+0000][1][safepoint    ] Safepoint "GenCollectForAllocation", Time since last: 271431582 ns, Reaching safepoint: 112823 ns, At safepoint: 71875685 ns, Total: 71988508 ns
[2020-09-11T12:51:04.329+0000][1][gc,start     ] GC(5) Pause Remark
[2020-09-11T12:51:04.372+0000][1][gc           ] GC(5) Pause Remark 17M->17M(503M) 43.180ms
[2020-09-11T12:51:04.372+0000][1][gc,cpu       ] GC(5) User=0.01s Sys=0.00s Real=0.04s
[2020-09-11T12:51:04.403+0000][1][safepoint    ] Safepoint "CMS_Final_Remark", Time since last: 16125782 ns, Reaching safepoint: 16999129 ns, At safepoint: 74872093 ns, Total: 91871222 ns
[2020-09-11T12:51:04.403+0000][1][gc           ] GC(5) Concurrent Sweep
[2020-09-11T12:51:04.416+0000][1][gc           ] GC(5) Concurrent Sweep 12.637ms
[2020-09-11T12:51:04.416+0000][1][gc,cpu       ] GC(5) User=0.00s Sys=0.00s Real=0.01s
[2020-09-11T12:51:04.416+0000][1][gc           ] GC(5) Concurrent Reset
[2020-09-11T12:51:04.417+0000][1][gc           ] GC(5) Concurrent Reset 0.653ms
[2020-09-11T12:51:04.417+0000][1][gc,cpu       ] GC(5) User=0.00s Sys=0.00s Real=0.00s
[2020-09-11T12:51:04.417+0000][1][gc,heap      ] GC(5) Old: 10648K->10648K(439104K)
[2020-09-11T12:51:04.424+0000][1][safepoint    ] Safepoint "RevokeBias", Time since last: 13520708 ns, Reaching safepoint: 6735099 ns, At safepoint: 154568 ns, Total: 6889667 ns
[2020-09-11T12:51:04.438+0000][1][safepoint    ] Safepoint "RevokeBias", Time since last: 13468188 ns, Reaching safepoint: 705343 ns, At safepoint: 30564 ns, Total: 735907 ns
[2020-09-11T12:51:04.438+0000][1][safepoint    ] Safepoint "RevokeBias", Time since last: 56406 ns, Reaching safepoint: 77265 ns, At safepoint: 16741 ns, Total: 94006 ns
[2020-09-11T12:51:04.438+0000][1][safepoint    ] Safepoint "RevokeBias", Time since last: 32691 ns, Reaching safepoint: 76026 ns, At safepoint: 15826 ns, Total: 91852 ns
[2020-09-11T12:51:04.438+0000][1][safepoint    ] Safepoint "RevokeBias", Time since last: 26340 ns, Reaching safepoint: 75320 ns, At safepoint: 15547 ns, Total: 90867 ns
[2020-09-11T12:51:05.208+0000][1][gc,start     ] GC(7) Pause Young (Allocation Failure)
[2020-09-11T12:51:05.208+0000][1][gc,task      ] GC(7) Using 1 workers of 1 for evacuation
[2020-09-11T12:51:05.245+0000][1][gc,age       ] GC(7) Desired survivor size 4358144 bytes, new threshold 5 (max threshold 6)
[2020-09-11T12:51:05.245+0000][1][gc,age       ] GC(7) Age table with threshold 5 (max threshold 6)
[2020-09-11T12:51:05.245+0000][1][gc,age       ] GC(7) - age   1:     953176 bytes,     953176 total
[2020-09-11T12:51:05.245+0000][1][gc,age       ] GC(7) - age   2:    1525920 bytes,    2479096 total
[2020-09-11T12:51:05.245+0000][1][gc,age       ] GC(7) - age   3:    1253296 bytes,    3732392 total
[2020-09-11T12:51:05.245+0000][1][gc,age       ] GC(7) - age   4:     320048 bytes,    4052440 total
[2020-09-11T12:51:05.245+0000][1][gc,age       ] GC(7) - age   5:     396864 bytes,    4449304 total
[2020-09-11T12:51:05.245+0000][1][gc,heap      ] GC(7) ParNew: 72478K->7356K(76672K)
[2020-09-11T12:51:05.245+0000][1][gc,heap      ] GC(7) CMS: 10648K->10648K(439104K)
[2020-09-11T12:51:05.245+0000][1][gc,metaspace ] GC(7) Metaspace: 21145K->21145K(1069056K)
[2020-09-11T12:51:05.245+0000][1][gc           ] GC(7) Pause Young (Allocation Failure) 81M->17M(503M) 37.321ms
[2020-09-11T12:51:05.245+0000][1][gc,cpu       ] GC(7) User=0.01s Sys=0.00s Real=0.04s
[2020-09-11T12:51:05.261+0000][1][safepoint    ] Safepoint "GenCollectForAllocation", Time since last: 769090074 ns, Reaching safepoint: 104556 ns, At safepoint: 53831547 ns, Total: 53936103 ns
[2020-09-11T12:51:05.283+0000][1][safepoint    ] Safepoint "RevokeBias", Time since last: 13733557 ns, Reaching safepoint: 7573175 ns, At safepoint: 93399 ns, Total: 7666574 ns
[2020-09-11T12:51:05.283+0000][1][safepoint    ] Safepoint "RevokeBias", Time since last: 63223 ns, Reaching safepoint: 84720 ns, At safepoint: 40134 ns, Total: 124854 ns
[2020-09-11T12:51:05.283+0000][1][safepoint    ] Safepoint "RevokeBias", Time since last: 41340 ns, Reaching safepoint: 80907 ns, At safepoint: 37236 ns, Total: 118143 ns
[2020-09-11T12:51:05.283+0000][1][safepoint    ] Safepoint "RevokeBias", Time since last: 25255 ns, Reaching safepoint: 79590 ns, At safepoint: 35712 ns, Total: 115302 ns
[2020-09-11T12:51:06.108+0000][1][gc,start     ] GC(8) Pause Young (Allocation Failure)
[2020-09-11T12:51:06.108+0000][1][gc,task      ] GC(8) Using 1 workers of 1 for evacuation
[2020-09-11T12:51:06.178+0000][1][gc,age       ] GC(8) Desired survivor size 4358144 bytes, new threshold 4 (max threshold 6)
[2020-09-11T12:51:06.178+0000][1][gc,age       ] GC(8) Age table with threshold 4 (max threshold 6)
[2020-09-11T12:51:06.178+0000][1][gc,age       ] GC(8) - age   1:    2018872 bytes,    2018872 total
[2020-09-11T12:51:06.178+0000][1][gc,age       ] GC(8) - age   2:     446208 bytes,    2465080 total
[2020-09-11T12:51:06.178+0000][1][gc,age       ] GC(8) - age   3:    1523984 bytes,    3989064 total
[2020-09-11T12:51:06.178+0000][1][gc,age       ] GC(8) - age   4:    1252640 bytes,    5241704 total
[2020-09-11T12:51:06.178+0000][1][gc,age       ] GC(8) - age   5:     320048 bytes,    5561752 total
[2020-09-11T12:51:06.178+0000][1][gc,heap      ] GC(8) ParNew: 75516K->7646K(76672K)
[2020-09-11T12:51:06.178+0000][1][gc,heap      ] GC(8) CMS: 10648K->11038K(439104K)
[2020-09-11T12:51:06.178+0000][1][gc,metaspace ] GC(8) Metaspace: 21332K->21332K(1069056K)
[2020-09-11T12:51:06.178+0000][1][gc           ] GC(8) Pause Young (Allocation Failure) 84M->18M(503M) 70.111ms
[2020-09-11T12:51:06.178+0000][1][gc,cpu       ] GC(8) User=0.02s Sys=0.00s Real=0.07s
[2020-09-11T12:51:06.178+0000][1][safepoint    ] Safepoint "GenCollectForAllocation", Time since last: 824100851 ns, Reaching safepoint: 108470 ns, At safepoint: 70167037 ns, Total: 70275507 ns
[2020-09-11T12:51:06.211+0000][1][safepoint    ] Safepoint "RevokeBias", Time since last: 25692014 ns, Reaching safepoint: 7709669 ns, At safepoint: 85812 ns, Total: 7795481 ns
[2020-09-11T12:51:06.214+0000][1][safepoint    ] Safepoint "RevokeBias", Time since last: 62785 ns, Reaching safepoint: 2256777 ns, At safepoint: 40949 ns, Total: 2297726 ns
[2020-09-11T12:51:06.214+0000][1][safepoint    ] Safepoint "RevokeBias", Time since last: 67292 ns, Reaching safepoint: 81808 ns, At safepoint: 29051 ns, Total: 110859 ns
[2020-09-11T12:51:06.214+0000][1][safepoint    ] Safepoint "RevokeBias", Time since last: 29845 ns, Reaching safepoint: 88650 ns, At safepoint: 34439 ns, Total: 123089 ns
[2020-09-11T12:51:06.966+0000][1][gc,start     ] GC(9) Pause Young (Allocation Failure)
[2020-09-11T12:51:06.966+0000][1][gc,task      ] GC(9) Using 1 workers of 1 for evacuation
[2020-09-11T12:51:07.032+0000][1][gc,age       ] GC(9) Desired survivor size 4358144 bytes, new threshold 6 (max threshold 6)
[2020-09-11T12:51:07.032+0000][1][gc,age       ] GC(9) Age table with threshold 6 (max threshold 6)
[2020-09-11T12:51:07.032+0000][1][gc,age       ] GC(9) - age   1:     331248 bytes,     331248 total
[2020-09-11T12:51:07.032+0000][1][gc,age       ] GC(9) - age   2:     831296 bytes,    1162544 total
[2020-09-11T12:51:07.032+0000][1][gc,age       ] GC(9) - age   3:     446128 bytes,    1608672 total
[2020-09-11T12:51:07.032+0000][1][gc,age       ] GC(9) - age   4:    1523984 bytes,    3132656 total
[2020-09-11T12:51:07.032+0000][1][gc,heap      ] GC(9) ParNew: 75806K->4710K(76672K)
[2020-09-11T12:51:07.032+0000][1][gc,heap      ] GC(9) CMS: 11038K->12592K(439104K)
[2020-09-11T12:51:07.032+0000][1][gc,metaspace ] GC(9) Metaspace: 21459K->21459K(1069056K)
[2020-09-11T12:51:07.032+0000][1][gc           ] GC(9) Pause Young (Allocation Failure) 84M->16M(503M) 65.950ms
[2020-09-11T12:51:07.032+0000][1][gc,cpu       ] GC(9) User=0.02s Sys=0.00s Real=0.06s
[2020-09-11T12:51:07.032+0000][1][safepoint    ] Safepoint "GenCollectForAllocation", Time since last: 751763349 ns, Reaching safepoint: 125022 ns, At safepoint: 66011449 ns, Total: 66136471 ns
[2020-09-11T12:51:07.044+0000][1][safepoint    ] Safepoint "RevokeBias", Time since last: 11690836 ns, Reaching safepoint: 98918 ns, At safepoint: 35584 ns, Total: 134502 ns
[2020-09-11T12:51:07.044+0000][1][safepoint    ] Safepoint "RevokeBias", Time since last: 53581 ns, Reaching safepoint: 79637 ns, At safepoint: 22013 ns, Total: 101650 ns
[2020-09-11T12:51:07.050+0000][1][safepoint    ] Safepoint "RevokeBias", Time since last: 6228094 ns, Reaching safepoint: 110335 ns, At safepoint: 43284 ns, Total: 153619 ns
[2020-09-11T12:51:07.050+0000][1][safepoint    ] Safepoint "RevokeBias", Time since last: 64354 ns, Reaching safepoint: 80111 ns, At safepoint: 28829 ns, Total: 108940 ns
[2020-09-11T12:51:07.050+0000][1][safepoint    ] Safepoint "RevokeBias", Time since last: 42865 ns, Reaching safepoint: 78644 ns, At safepoint: 26447 ns, Total: 105091 ns
[2020-09-11T12:51:07.051+0000][1][safepoint    ] Safepoint "RevokeBias", Time since last: 26862 ns, Reaching safepoint: 77469 ns, At safepoint: 25757 ns, Total: 103226 ns
[2020-09-11T12:51:07.219+0000][1][safepoint    ] Safepoint "RevokeBias", Time since last: 168550645 ns, Reaching safepoint: 282162 ns, At safepoint: 18749 ns, Total: 300911 ns
[2020-09-11T12:51:07.223+0000][1][safepoint    ] Safepoint "RevokeBias", Time since last: 405911 ns, Reaching safepoint: 3575220 ns, At safepoint: 21375 ns, Total: 3596595 ns
[2020-09-11T12:51:07.755+0000][1][gc,start     ] GC(10) Pause Young (Allocation Failure)
[2020-09-11T12:51:07.755+0000][1][gc,task      ] GC(10) Using 1 workers of 1 for evacuation
[2020-09-11T12:51:07.790+0000][1][gc,age       ] GC(10) Desired survivor size 4358144 bytes, new threshold 6 (max threshold 6)
[2020-09-11T12:51:07.790+0000][1][gc,age       ] GC(10) Age table with threshold 6 (max threshold 6)
[2020-09-11T12:51:07.790+0000][1][gc,age       ] GC(10) - age   1:     621736 bytes,     621736 total
[2020-09-11T12:51:07.790+0000][1][gc,age       ] GC(10) - age   2:     146896 bytes,     768632 total
[2020-09-11T12:51:07.790+0000][1][gc,age       ] GC(10) - age   3:     831296 bytes,    1599928 total
[2020-09-11T12:51:07.790+0000][1][gc,age       ] GC(10) - age   4:     446104 bytes,    2046032 total
[2020-09-11T12:51:07.790+0000][1][gc,age       ] GC(10) - age   5:    1523984 bytes,    3570016 total
[2020-09-11T12:51:07.790+0000][1][gc,heap      ] GC(10) ParNew: 72870K->6944K(76672K)
[2020-09-11T12:51:07.790+0000][1][gc,heap      ] GC(10) CMS: 12592K->12592K(439104K)
[2020-09-11T12:51:07.790+0000][1][gc,metaspace ] GC(10) Metaspace: 21596K->21596K(1069056K)
[2020-09-11T12:51:07.790+0000][1][gc           ] GC(10) Pause Young (Allocation Failure) 83M->19M(503M) 34.700ms
[2020-09-11T12:51:07.790+0000][1][gc,cpu       ] GC(10) User=0.01s Sys=0.00s Real=0.04s
[2020-09-11T12:51:07.798+0000][1][safepoint    ] Safepoint "GenCollectForAllocation", Time since last: 531479170 ns, Reaching safepoint: 121558 ns, At safepoint: 43437644 ns, Total: 43559202 ns
[2020-09-11T12:51:07.839+0000][1][safepoint    ] Safepoint "BulkRevokeBias", Time since last: 20930389 ns, Reaching safepoint: 35988 ns, At safepoint: 19971386 ns, Total: 20007374 ns
[2020-09-11T12:51:07.840+0000][1][safepoint    ] Safepoint "BulkRevokeBias", Time since last: 72206 ns, Reaching safepoint: 35365 ns, At safepoint: 65025 ns, Total: 100390 ns
[2020-09-11T12:51:08.848+0000][1][safepoint    ] Safepoint "Cleanup", Time since last: 1007890377 ns, Reaching safepoint: 107208 ns, At safepoint: 6579 ns, Total: 113787 ns
[2020-09-11T12:51:08.916+0000][1][gc,start     ] GC(11) Pause Young (Allocation Failure)
[2020-09-11T12:51:08.916+0000][1][gc,task      ] GC(11) Using 1 workers of 1 for evacuation
[2020-09-11T12:51:08.990+0000][1][gc,age       ] GC(11) Desired survivor size 4358144 bytes, new threshold 6 (max threshold 6)
[2020-09-11T12:51:08.990+0000][1][gc,age       ] GC(11) Age table with threshold 6 (max threshold 6)
[2020-09-11T12:51:08.990+0000][1][gc,age       ] GC(11) - age   1:    2396552 bytes,    2396552 total
[2020-09-11T12:51:08.990+0000][1][gc,age       ] GC(11) - age   2:     403328 bytes,    2799880 total
[2020-09-11T12:51:08.990+0000][1][gc,age       ] GC(11) - age   3:     146896 bytes,    2946776 total
[2020-09-11T12:51:08.990+0000][1][gc,age       ] GC(11) - age   4:     831296 bytes,    3778072 total
[2020-09-11T12:51:08.990+0000][1][gc,age       ] GC(11) - age   5:     446104 bytes,    4224176 total
[2020-09-11T12:51:08.990+0000][1][gc,age       ] GC(11) - age   6:    1523672 bytes,    5747848 total
[2020-09-11T12:51:08.990+0000][1][gc,heap      ] GC(11) ParNew: 75104K->6526K(76672K)
[2020-09-11T12:51:08.990+0000][1][gc,heap      ] GC(11) CMS: 12592K->12592K(439104K)
[2020-09-11T12:51:08.990+0000][1][gc,metaspace ] GC(11) Metaspace: 22499K->22499K(1071104K)
[2020-09-11T12:51:08.990+0000][1][gc           ] GC(11) Pause Young (Allocation Failure) 85M->18M(503M) 74.300ms
[2020-09-11T12:51:08.990+0000][1][gc,cpu       ] GC(11) User=0.02s Sys=0.00s Real=0.07s
[2020-09-11T12:51:09.014+0000][1][safepoint    ] Safepoint "GenCollectForAllocation", Time since last: 67824057 ns, Reaching safepoint: 105008 ns, At safepoint: 98014688 ns, Total: 98119696 ns
[2020-09-11T12:51:09.624+0000][1][gc,start     ] GC(12) Pause Young (Allocation Failure)
[2020-09-11T12:51:09.624+0000][1][gc,task      ] GC(12) Using 1 workers of 1 for evacuation
[2020-09-11T12:51:09.682+0000][1][gc,age       ] GC(12) Desired survivor size 4358144 bytes, new threshold 6 (max threshold 6)
[2020-09-11T12:51:09.682+0000][1][gc,age       ] GC(12) Age table with threshold 6 (max threshold 6)
[2020-09-11T12:51:09.682+0000][1][gc,age       ] GC(12) - age   1:     881088 bytes,     881088 total
[2020-09-11T12:51:09.682+0000][1][gc,age       ] GC(12) - age   2:     544528 bytes,    1425616 total
[2020-09-11T12:51:09.682+0000][1][gc,age       ] GC(12) - age   3:     403328 bytes,    1828944 total
[2020-09-11T12:51:09.682+0000][1][gc,age       ] GC(12) - age   4:     146792 bytes,    1975736 total
[2020-09-11T12:51:09.682+0000][1][gc,age       ] GC(12) - age   5:     831152 bytes,    2806888 total
[2020-09-11T12:51:09.682+0000][1][gc,age       ] GC(12) - age   6:     445960 bytes,    3252848 total
[2020-09-11T12:51:09.682+0000][1][gc,heap      ] GC(12) ParNew: 74686K->4753K(76672K)
[2020-09-11T12:51:09.682+0000][1][gc,heap      ] GC(12) CMS: 12592K->14092K(439104K)
[2020-09-11T12:51:09.682+0000][1][gc,metaspace ] GC(12) Metaspace: 22527K->22527K(1071104K)
[2020-09-11T12:51:09.682+0000][1][gc           ] GC(12) Pause Young (Allocation Failure) 85M->18M(503M) 58.685ms
[2020-09-11T12:51:09.682+0000][1][gc,cpu       ] GC(12) User=0.02s Sys=0.00s Real=0.05s
[2020-09-11T12:51:09.703+0000][1][safepoint    ] Safepoint "GenCollectForAllocation", Time since last: 609898510 ns, Reaching safepoint: 108255 ns, At safepoint: 79892823 ns, Total: 80001078 ns
[2020-09-11T12:51:10.319+0000][1][gc,start     ] GC(13) Pause Young (Allocation Failure)
[2020-09-11T12:51:10.319+0000][1][gc,task      ] GC(13) Using 1 workers of 1 for evacuation
[2020-09-11T12:51:10.351+0000][1][gc,age       ] GC(13) Desired survivor size 4358144 bytes, new threshold 6 (max threshold 6)
[2020-09-11T12:51:10.351+0000][1][gc,age       ] GC(13) Age table with threshold 6 (max threshold 6)
[2020-09-11T12:51:10.351+0000][1][gc,age       ] GC(13) - age   1:     151264 bytes,     151264 total
[2020-09-11T12:51:10.351+0000][1][gc,age       ] GC(13) - age   2:     203304 bytes,     354568 total
[2020-09-11T12:51:10.351+0000][1][gc,age       ] GC(13) - age   3:     544416 bytes,     898984 total
[2020-09-11T12:51:10.351+0000][1][gc,age       ] GC(13) - age   4:     403328 bytes,    1302312 total
[2020-09-11T12:51:10.351+0000][1][gc,age       ] GC(13) - age   5:     146792 bytes,    1449104 total
[2020-09-11T12:51:10.351+0000][1][gc,age       ] GC(13) - age   6:     831152 bytes,    2280256 total
[2020-09-11T12:51:10.351+0000][1][gc,heap      ] GC(13) ParNew: 72913K->3570K(76672K)
[2020-09-11T12:51:10.351+0000][1][gc,heap      ] GC(13) CMS: 14092K->14531K(439104K)
[2020-09-11T12:51:10.351+0000][1][gc,metaspace ] GC(13) Metaspace: 22629K->22629K(1071104K)
[2020-09-11T12:51:10.351+0000][1][gc           ] GC(13) Pause Young (Allocation Failure) 84M->17M(503M) 32.038ms
[2020-09-11T12:51:10.351+0000][1][gc,cpu       ] GC(13) User=0.01s Sys=0.00s Real=0.03s
[2020-09-11T12:51:10.351+0000][1][safepoint    ] Safepoint "GenCollectForAllocation", Time since last: 615395039 ns, Reaching safepoint: 103435 ns, At safepoint: 32093900 ns, Total: 32197335 ns
[2020-09-11T12:51:11.028+0000][1][gc,start     ] GC(14) Pause Young (Allocation Failure)
[2020-09-11T12:51:11.028+0000][1][gc,task      ] GC(14) Using 1 workers of 1 for evacuation
[2020-09-11T12:51:11.062+0000][1][gc,age       ] GC(14) Desired survivor size 4358144 bytes, new threshold 6 (max threshold 6)
[2020-09-11T12:51:11.062+0000][1][gc,age       ] GC(14) Age table with threshold 6 (max threshold 6)
[2020-09-11T12:51:11.062+0000][1][gc,age       ] GC(14) - age   1:    1073416 bytes,    1073416 total
[2020-09-11T12:51:11.062+0000][1][gc,age       ] GC(14) - age   2:     106064 bytes,    1179480 total
[2020-09-11T12:51:11.062+0000][1][gc,age       ] GC(14) - age   3:     203304 bytes,    1382784 total
[2020-09-11T12:51:11.062+0000][1][gc,age       ] GC(14) - age   4:     544416 bytes,    1927200 total
[2020-09-11T12:51:11.062+0000][1][gc,age       ] GC(14) - age   5:     403328 bytes,    2330528 total
[2020-09-11T12:51:11.062+0000][1][gc,age       ] GC(14) - age   6:     146792 bytes,    2477320 total
[2020-09-11T12:51:11.062+0000][1][gc,heap      ] GC(14) ParNew: 71730K->2562K(76672K)
[2020-09-11T12:51:11.062+0000][1][gc,heap      ] GC(14) CMS: 14531K->15349K(439104K)
[2020-09-11T12:51:11.062+0000][1][gc,metaspace ] GC(14) Metaspace: 22708K->22708K(1071104K)
[2020-09-11T12:51:11.062+0000][1][gc           ] GC(14) Pause Young (Allocation Failure) 84M->17M(503M) 34.743ms
[2020-09-11T12:51:11.062+0000][1][gc,cpu       ] GC(14) User=0.01s Sys=0.00s Real=0.03s
[2020-09-11T12:51:11.075+0000][1][safepoint    ] Safepoint "GenCollectForAllocation", Time since last: 676390423 ns, Reaching safepoint: 104708 ns, At safepoint: 47898237 ns, Total: 48002945 ns
[2020-09-11T12:51:11.776+0000][1][gc,start     ] GC(15) Pause Young (Allocation Failure)
[2020-09-11T12:51:11.776+0000][1][gc,task      ] GC(15) Using 1 workers of 1 for evacuation
[2020-09-11T12:51:11.810+0000][1][gc,age       ] GC(15) Desired survivor size 4358144 bytes, new threshold 6 (max threshold 6)
[2020-09-11T12:51:11.810+0000][1][gc,age       ] GC(15) Age table with threshold 6 (max threshold 6)
[2020-09-11T12:51:11.810+0000][1][gc,age       ] GC(15) - age   1:     757208 bytes,     757208 total
[2020-09-11T12:51:11.810+0000][1][gc,age       ] GC(15) - age   2:     312296 bytes,    1069504 total
[2020-09-11T12:51:11.810+0000][1][gc,age       ] GC(15) - age   3:     106064 bytes,    1175568 total
[2020-09-11T12:51:11.810+0000][1][gc,age       ] GC(15) - age   4:     203304 bytes,    1378872 total
[2020-09-11T12:51:11.810+0000][1][gc,age       ] GC(15) - age   5:     544416 bytes,    1923288 total
[2020-09-11T12:51:11.810+0000][1][gc,age       ] GC(15) - age   6:     403328 bytes,    2326616 total
[2020-09-11T12:51:11.810+0000][1][gc,heap      ] GC(15) ParNew: 70722K->2455K(76672K)
[2020-09-11T12:51:11.810+0000][1][gc,heap      ] GC(15) CMS: 15349K->15497K(439104K)
[2020-09-11T12:51:11.810+0000][1][gc,metaspace ] GC(15) Metaspace: 22796K->22796K(1071104K)
[2020-09-11T12:51:11.810+0000][1][gc           ] GC(15) Pause Young (Allocation Failure) 84M->17M(503M) 34.455ms
[2020-09-11T12:51:11.810+0000][1][gc,cpu       ] GC(15) User=0.02s Sys=0.00s Real=0.03s
[2020-09-11T12:51:11.810+0000][1][safepoint    ] Safepoint "GenCollectForAllocation", Time since last: 700006050 ns, Reaching safepoint: 109426 ns, At safepoint: 34520242 ns, Total: 34629668 ns
[2020-09-11T12:51:12.376+0000][1][gc,start     ] GC(16) Pause Young (Allocation Failure)
[2020-09-11T12:51:12.376+0000][1][gc,task      ] GC(16) Using 1 workers of 1 for evacuation
[2020-09-11T12:51:12.451+0000][1][gc,age       ] GC(16) Desired survivor size 4358144 bytes, new threshold 6 (max threshold 6)
[2020-09-11T12:51:12.451+0000][1][gc,age       ] GC(16) Age table with threshold 6 (max threshold 6)
[2020-09-11T12:51:12.451+0000][1][gc,age       ] GC(16) - age   1:    2000928 bytes,    2000928 total
[2020-09-11T12:51:12.451+0000][1][gc,age       ] GC(16) - age   2:     188080 bytes,    2189008 total
[2020-09-11T12:51:12.451+0000][1][gc,age       ] GC(16) - age   3:     312296 bytes,    2501304 total
[2020-09-11T12:51:12.451+0000][1][gc,age       ] GC(16) - age   4:     106064 bytes,    2607368 total
[2020-09-11T12:51:12.451+0000][1][gc,age       ] GC(16) - age   5:     203152 bytes,    2810520 total
[2020-09-11T12:51:12.451+0000][1][gc,age       ] GC(16) - age   6:     544416 bytes,    3354936 total
[2020-09-11T12:51:12.451+0000][1][gc,heap      ] GC(16) ParNew: 70615K->4635K(76672K)
[2020-09-11T12:51:12.451+0000][1][gc,heap      ] GC(16) CMS: 15497K->15896K(439104K)
[2020-09-11T12:51:12.451+0000][1][gc,metaspace ] GC(16) Metaspace: 22812K->22812K(1071104K)
[2020-09-11T12:51:12.451+0000][1][gc           ] GC(16) Pause Young (Allocation Failure) 84M->20M(503M) 75.494ms
[2020-09-11T12:51:12.451+0000][1][gc,cpu       ] GC(16) User=0.01s Sys=0.00s Real=0.07s
[2020-09-11T12:51:12.451+0000][1][safepoint    ] Safepoint "GenCollectForAllocation", Time since last: 565371721 ns, Reaching safepoint: 105128 ns, At safepoint: 75552915 ns, Total: 75658043 ns
[2020-09-11T12:51:12.544+0000][1][safepoint    ] Safepoint "Deoptimize", Time since last: 92316779 ns, Reaching safepoint: 122018 ns, At safepoint: 241937 ns, Total: 363955 ns
[2020-09-11T12:51:13.554+0000][1][safepoint    ] Safepoint "Cleanup", Time since last: 1010266043 ns, Reaching safepoint: 134723 ns, At safepoint: 6517 ns, Total: 141240 ns
[2020-09-11T12:51:14.244+0000][1][safepoint    ] Safepoint "RevokeBias", Time since last: 689252359 ns, Reaching safepoint: 246168 ns, At safepoint: 42925 ns, Total: 289093 ns
[2020-09-11T12:51:14.244+0000][1][safepoint    ] Safepoint "RevokeBias", Time since last: 79202 ns, Reaching safepoint: 80230 ns, At safepoint: 8437 ns, Total: 88667 ns
[2020-09-11T12:51:14.244+0000][1][safepoint    ] Safepoint "RevokeBias", Time since last: 110552 ns, Reaching safepoint: 79068 ns, At safepoint: 8215 ns, Total: 87283 ns
[2020-09-11T12:51:14.244+0000][1][safepoint    ] Safepoint "RevokeBias", Time since last: 63027 ns, Reaching safepoint: 78084 ns, At safepoint: 7716 ns, Total: 85800 ns
[2020-09-11T12:51:14.244+0000][1][safepoint    ] Safepoint "RevokeBias", Time since last: 115964 ns, Reaching safepoint: 78430 ns, At safepoint: 9014 ns, Total: 87444 ns
[2020-09-11T12:51:14.245+0000][1][safepoint    ] Safepoint "RevokeBias", Time since last: 77082 ns, Reaching safepoint: 77960 ns, At safepoint: 8784 ns, Total: 86744 ns
[2020-09-11T12:51:15.248+0000][1][safepoint    ] Safepoint "Cleanup", Time since last: 1002798448 ns, Reaching safepoint: 992939 ns, At safepoint: 6387 ns, Total: 999326 ns
[2020-09-11T12:51:15.880+0000][1][safepoint    ] Safepoint "Deoptimize", Time since last: 631014483 ns, Reaching safepoint: 113216 ns, At safepoint: 241044 ns, Total: 354260 ns
[2020-09-11T12:51:16.021+0000][1][safepoint    ] Safepoint "Deoptimize", Time since last: 127853785 ns, Reaching safepoint: 12897860 ns, At safepoint: 256837 ns, Total: 13154697 ns
[2020-09-11T12:51:17.034+0000][1][safepoint    ] Safepoint "Cleanup", Time since last: 1000120202 ns, Reaching safepoint: 12777678 ns, At safepoint: 15205 ns, Total: 12792883 ns
[2020-09-11T12:51:18.048+0000][1][safepoint    ] Safepoint "Cleanup", Time since last: 1013713610 ns, Reaching safepoint: 109328 ns, At safepoint: 6651 ns, Total: 115979 ns
[2020-09-11T12:51:19.063+0000][1][safepoint    ] Safepoint "Cleanup", Time since last: 1003887492 ns, Reaching safepoint: 12016035 ns, At safepoint: 10847 ns, Total: 12026882 ns
[2020-09-11T12:51:20.072+0000][1][safepoint    ] Safepoint "Cleanup", Time since last: 1007977166 ns, Reaching safepoint: 117322 ns, At safepoint: 6421 ns, Total: 123743 ns
[2020-09-11T12:51:20.312+0000][1][gc,start     ] GC(17) Pause Young (Allocation Failure)
[2020-09-11T12:51:20.312+0000][1][gc,task      ] GC(17) Using 1 workers of 1 for evacuation
[2020-09-11T12:51:20.444+0000][1][gc,age       ] GC(17) Desired survivor size 4358144 bytes, new threshold 1 (max threshold 6)
[2020-09-11T12:51:20.444+0000][1][gc,age       ] GC(17) Age table with threshold 1 (max threshold 6)
[2020-09-11T12:51:20.444+0000][1][gc,age       ] GC(17) - age   1:    7625456 bytes,    7625456 total
[2020-09-11T12:51:20.444+0000][1][gc,age       ] GC(17) - age   2:      72904 bytes,    7698360 total
[2020-09-11T12:51:20.444+0000][1][gc,age       ] GC(17) - age   3:     187584 bytes,    7885944 total
[2020-09-11T12:51:20.444+0000][1][gc,age       ] GC(17) - age   4:     311968 bytes,    8197912 total
[2020-09-11T12:51:20.444+0000][1][gc,age       ] GC(17) - age   5:     105784 bytes,    8303696 total
[2020-09-11T12:51:20.444+0000][1][gc,age       ] GC(17) - age   6:     203152 bytes,    8506848 total
[2020-09-11T12:51:20.444+0000][1][gc,heap      ] GC(17) ParNew: 72795K->8512K(76672K)
[2020-09-11T12:51:20.444+0000][1][gc,heap      ] GC(17) CMS: 15896K->16434K(439104K)
[2020-09-11T12:51:20.444+0000][1][gc,metaspace ] GC(17) Metaspace: 29759K->29759K(1077248K)
[2020-09-11T12:51:20.444+0000][1][gc           ] GC(17) Pause Young (Allocation Failure) 86M->24M(503M) 132.369ms
[2020-09-11T12:51:20.444+0000][1][gc,cpu       ] GC(17) User=0.04s Sys=0.00s Real=0.14s
[2020-09-11T12:51:20.468+0000][1][safepoint    ] Safepoint "GenCollectForAllocation", Time since last: 239888159 ns, Reaching safepoint: 108404 ns, At safepoint: 156750459 ns, Total: 156858863 ns
[2020-09-11T12:51:21.502+0000][1][safepoint    ] Safepoint "Cleanup", Time since last: 1022356763 ns, Reaching safepoint: 10938477 ns, At safepoint: 9737 ns, Total: 10948214 ns
[2020-09-11T12:51:22.508+0000][1][safepoint    ] Safepoint "Cleanup", Time since last: 1005828327 ns, Reaching safepoint: 104893 ns, At safepoint: 6143 ns, Total: 111036 ns
[2020-09-11T12:51:23.508+0000][1][safepoint    ] Safepoint "Cleanup", Time since last: 1000102980 ns, Reaching safepoint: 115170 ns, At safepoint: 6690 ns, Total: 121860 ns
[2020-09-11T12:51:23.532+0000][1][safepoint    ] Safepoint "RevokeBias", Time since last: 23666600 ns, Reaching safepoint: 105459 ns, At safepoint: 34336 ns, Total: 139795 ns
[2020-09-11T12:51:24.547+0000][1][safepoint    ] Safepoint "Cleanup", Time since last: 1007873638 ns, Reaching safepoint: 8019916 ns, At safepoint: 16472 ns, Total: 8036388 ns
[2020-09-11T12:51:25.552+0000][1][safepoint    ] Safepoint "Cleanup", Time since last: 1003922435 ns, Reaching safepoint: 843896 ns, At safepoint: 6465 ns, Total: 850361 ns
[2020-09-11T12:51:26.325+0000][1][gc,start     ] GC(18) Pause Young (Allocation Failure)
[2020-09-11T12:51:26.325+0000][1][gc,task      ] GC(18) Using 1 workers of 1 for evacuation
[2020-09-11T12:51:26.535+0000][1][gc,age       ] GC(18) Desired survivor size 4358144 bytes, new threshold 1 (max threshold 6)
[2020-09-11T12:51:26.536+0000][1][gc,age       ] GC(18) Age table with threshold 1 (max threshold 6)
[2020-09-11T12:51:26.536+0000][1][gc,age       ] GC(18) - age   1:    8716168 bytes,    8716168 total
[2020-09-11T12:51:26.536+0000][1][gc,heap      ] GC(18) ParNew: 76672K->8512K(76672K)
[2020-09-11T12:51:26.536+0000][1][gc,heap      ] GC(18) CMS: 16434K->25606K(439104K)
[2020-09-11T12:51:26.536+0000][1][gc,metaspace ] GC(18) Metaspace: 29807K->29807K(1077248K)
[2020-09-11T12:51:26.536+0000][1][gc           ] GC(18) Pause Young (Allocation Failure) 90M->33M(503M) 210.664ms
[2020-09-11T12:51:26.536+0000][1][gc,cpu       ] GC(18) User=0.05s Sys=0.00s Real=0.21s
[2020-09-11T12:51:26.553+0000][1][safepoint    ] Safepoint "GenCollectForAllocation", Time since last: 772593035 ns, Reaching safepoint: 97074 ns, At safepoint: 228020555 ns, Total: 228117629 ns
[2020-09-11T12:51:27.580+0000][1][safepoint    ] Safepoint "Cleanup", Time since last: 1026464699 ns, Reaching safepoint: 112442 ns, At safepoint: 5872 ns, Total: 118314 ns
[2020-09-11T12:51:29.593+0000][1][safepoint    ] Safepoint "Cleanup", Time since last: 2013060401 ns, Reaching safepoint: 110083 ns, At safepoint: 6325 ns, Total: 116408 ns
[2020-09-11T12:51:30.593+0000][1][safepoint    ] Safepoint "Cleanup", Time since last: 1000111700 ns, Reaching safepoint: 105303 ns, At safepoint: 5789 ns, Total: 111092 ns
[2020-09-11T12:51:31.360+0000][1][gc,start     ] GC(19) Pause Young (Allocation Failure)
[2020-09-11T12:51:31.360+0000][1][gc,task      ] GC(19) Using 1 workers of 1 for evacuation
[2020-09-11T12:51:31.534+0000][1][gc,age       ] GC(19) Desired survivor size 4358144 bytes, new threshold 1 (max threshold 6)
[2020-09-11T12:51:31.534+0000][1][gc,age       ] GC(19) Age table with threshold 1 (max threshold 6)
[2020-09-11T12:51:31.534+0000][1][gc,age       ] GC(19) - age   1:    8715992 bytes,    8715992 total
[2020-09-11T12:51:31.534+0000][1][gc,heap      ] GC(19) ParNew: 76672K->8512K(76672K)
[2020-09-11T12:51:31.534+0000][1][gc,heap      ] GC(19) CMS: 25606K->33627K(439104K)
[2020-09-11T12:51:31.534+0000][1][gc,metaspace ] GC(19) Metaspace: 29843K->29843K(1077248K)
[2020-09-11T12:51:31.534+0000][1][gc           ] GC(19) Pause Young (Allocation Failure) 99M->41M(503M) 174.130ms
[2020-09-11T12:51:31.534+0000][1][gc,cpu       ] GC(19) User=0.04s Sys=0.00s Real=0.17s
[2020-09-11T12:51:31.559+0000][1][safepoint    ] Safepoint "GenCollectForAllocation", Time since last: 766861184 ns, Reaching safepoint: 103812 ns, At safepoint: 199531295 ns, Total: 199635107 ns
[2020-09-11T12:51:33.603+0000][1][safepoint    ] Safepoint "Cleanup", Time since last: 2031957737 ns, Reaching safepoint: 12060215 ns, At safepoint: 13885 ns, Total: 12074100 ns
[2020-09-11T12:51:34.544+0000][1][safepoint    ] Safepoint "RevokeBias", Time since last: 939953657 ns, Reaching safepoint: 133322 ns, At safepoint: 42113 ns, Total: 175435 ns
[2020-09-11T12:51:35.575+0000][1][safepoint    ] Safepoint "Cleanup", Time since last: 1015816141 ns, Reaching safepoint: 16013039 ns, At safepoint: 10637 ns, Total: 16023676 ns
[2020-09-11T12:51:35.705+0000][1][gc,start     ] GC(20) Pause Young (Allocation Failure)
[2020-09-11T12:51:35.705+0000][1][gc,task      ] GC(20) Using 1 workers of 1 for evacuation
[2020-09-11T12:51:35.858+0000][1][gc,age       ] GC(20) Desired survivor size 4358144 bytes, new threshold 6 (max threshold 6)
[2020-09-11T12:51:35.858+0000][1][gc,age       ] GC(20) Age table with threshold 6 (max threshold 6)
[2020-09-11T12:51:35.858+0000][1][gc,age       ] GC(20) - age   1:    3705840 bytes,    3705840 total
[2020-09-11T12:51:35.858+0000][1][gc,heap      ] GC(20) ParNew: 76671K->8416K(76672K)
[2020-09-11T12:51:35.858+0000][1][gc,heap      ] GC(20) CMS: 33627K->42017K(439104K)
[2020-09-11T12:51:35.858+0000][1][gc,metaspace ] GC(20) Metaspace: 32053K->32053K(1079296K)
[2020-09-11T12:51:35.858+0000][1][gc           ] GC(20) Pause Young (Allocation Failure) 107M->49M(503M) 152.396ms
[2020-09-11T12:51:35.858+0000][1][gc,cpu       ] GC(20) User=0.04s Sys=0.00s Real=0.15s
[2020-09-11T12:51:35.875+0000][1][safepoint    ] Safepoint "GenCollectForAllocation", Time since last: 129862121 ns, Reaching safepoint: 95606 ns, At safepoint: 170023586 ns, Total: 170119192 ns
[2020-09-11T12:51:36.580+0000][1][safepoint    ] Safepoint "Deoptimize", Time since last: 703990492 ns, Reaching safepoint: 139807 ns, At safepoint: 284618 ns, Total: 424425 ns
[2020-09-11T12:51:37.587+0000][1][safepoint    ] Safepoint "Cleanup", Time since last: 1003585483 ns, Reaching safepoint: 4036754 ns, At safepoint: 12236 ns, Total: 4048990 ns
[2020-09-11T12:51:38.592+0000][1][safepoint    ] Safepoint "Cleanup", Time since last: 1003940194 ns, Reaching safepoint: 114511 ns, At safepoint: 6874 ns, Total: 121385 ns
[2020-09-11T12:51:39.568+0000][1][safepoint    ] Safepoint "Deoptimize", Time since last: 975927942 ns, Reaching safepoint: 108701 ns, At safepoint: 289591 ns, Total: 398292 ns
[2020-09-11T12:51:40.583+0000][1][safepoint    ] Safepoint "Cleanup", Time since last: 1007551074 ns, Reaching safepoint: 8039076 ns, At safepoint: 13318 ns, Total: 8052394 ns
[2020-09-11T12:51:40.881+0000][1][gc,start     ] GC(21) Pause Young (Allocation Failure)
[2020-09-11T12:51:40.881+0000][1][gc,task      ] GC(21) Using 1 workers of 1 for evacuation
[2020-09-11T12:51:40.954+0000][1][gc,age       ] GC(21) Desired survivor size 4358144 bytes, new threshold 2 (max threshold 6)
[2020-09-11T12:51:40.954+0000][1][gc,age       ] GC(21) Age table with threshold 2 (max threshold 6)
[2020-09-11T12:51:40.954+0000][1][gc,age       ] GC(21) - age   1:    1019928 bytes,    1019928 total
[2020-09-11T12:51:40.954+0000][1][gc,age       ] GC(21) - age   2:    3612512 bytes,    4632440 total
[2020-09-11T12:51:40.954+0000][1][gc,heap      ] GC(21) ParNew: 76576K->6922K(76672K)
[2020-09-11T12:51:40.954+0000][1][gc,heap      ] GC(21) CMS: 42017K->42017K(439104K)
[2020-09-11T12:51:40.954+0000][1][gc,metaspace ] GC(21) Metaspace: 32348K->32348K(1079296K)
[2020-09-11T12:51:40.954+0000][1][gc           ] GC(21) Pause Young (Allocation Failure) 115M->47M(503M) 72.794ms
[2020-09-11T12:51:40.954+0000][1][gc,cpu       ] GC(21) User=0.02s Sys=0.00s Real=0.07s
[2020-09-11T12:51:40.967+0000][1][safepoint    ] Safepoint "GenCollectForAllocation", Time since last: 297457097 ns, Reaching safepoint: 99341 ns, At safepoint: 85973792 ns, Total: 86073133 ns
[2020-09-11T12:51:41.990+0000][1][safepoint    ] Safepoint "Cleanup", Time since last: 1022937637 ns, Reaching safepoint: 113622 ns, At safepoint: 6143 ns, Total: 119765 ns
[2020-09-11T12:51:42.604+0000][1][gc,start     ] GC(22) Pause Young (Allocation Failure)
[2020-09-11T12:51:42.604+0000][1][gc,task      ] GC(22) Using 1 workers of 1 for evacuation
[2020-09-11T12:51:42.690+0000][1][gc,age       ] GC(22) Desired survivor size 4358144 bytes, new threshold 6 (max threshold 6)
[2020-09-11T12:51:42.690+0000][1][gc,age       ] GC(22) Age table with threshold 6 (max threshold 6)
[2020-09-11T12:51:42.690+0000][1][gc,age       ] GC(22) - age   1:     250200 bytes,     250200 total
[2020-09-11T12:51:42.690+0000][1][gc,age       ] GC(22) - age   2:     437512 bytes,     687712 total
[2020-09-11T12:51:42.690+0000][1][gc,heap      ] GC(22) ParNew: 75082K->4258K(76672K)
[2020-09-11T12:51:42.690+0000][1][gc,heap      ] GC(22) CMS: 42017K->45562K(439104K)
[2020-09-11T12:51:42.690+0000][1][gc,metaspace ] GC(22) Metaspace: 32361K->32361K(1079296K)
[2020-09-11T12:51:42.690+0000][1][gc           ] GC(22) Pause Young (Allocation Failure) 114M->48M(503M) 86.493ms
[2020-09-11T12:51:42.690+0000][1][gc,cpu       ] GC(22) User=0.02s Sys=0.00s Real=0.08s
[2020-09-11T12:51:42.697+0000][1][safepoint    ] Safepoint "GenCollectForAllocation", Time since last: 613382150 ns, Reaching safepoint: 106477 ns, At safepoint: 93789434 ns, Total: 93895911 ns
[2020-09-11T12:51:43.483+0000][1][gc,start     ] GC(23) Pause Young (Allocation Failure)
[2020-09-11T12:51:43.484+0000][1][gc,task      ] GC(23) Using 1 workers of 1 for evacuation
[2020-09-11T12:51:43.486+0000][1][gc,age       ] GC(23) Desired survivor size 4358144 bytes, new threshold 6 (max threshold 6)
[2020-09-11T12:51:43.486+0000][1][gc,age       ] GC(23) Age table with threshold 6 (max threshold 6)
[2020-09-11T12:51:43.486+0000][1][gc,age       ] GC(23) - age   1:         72 bytes,         72 total
[2020-09-11T12:51:43.486+0000][1][gc,age       ] GC(23) - age   2:     250176 bytes,     250248 total
[2020-09-11T12:51:43.486+0000][1][gc,age       ] GC(23) - age   3:     437512 bytes,     687760 total
[2020-09-11T12:51:43.486+0000][1][gc,heap      ] GC(23) ParNew: 72418K->1190K(76672K)
[2020-09-11T12:51:43.487+0000][1][gc,heap      ] GC(23) CMS: 45562K->45562K(439104K)
[2020-09-11T12:51:43.487+0000][1][gc,metaspace ] GC(23) Metaspace: 32362K->32362K(1079296K)
[2020-09-11T12:51:43.487+0000][1][gc           ] GC(23) Pause Young (Allocation Failure) 115M->45M(503M) 3.084ms
[2020-09-11T12:51:43.487+0000][1][gc,cpu       ] GC(23) User=0.00s Sys=0.00s Real=0.00s
[2020-09-11T12:51:43.492+0000][1][safepoint    ] Safepoint "GenCollectForAllocation", Time since last: 785559330 ns, Reaching safepoint: 544514 ns, At safepoint: 8552139 ns, Total: 9096653 ns
[2020-09-11T12:51:44.464+0000][1][gc,start     ] GC(24) Pause Young (Allocation Failure)
[2020-09-11T12:51:44.464+0000][1][gc,task      ] GC(24) Using 1 workers of 1 for evacuation
[2020-09-11T12:51:44.467+0000][1][gc,age       ] GC(24) Desired survivor size 4358144 bytes, new threshold 6 (max threshold 6)
[2020-09-11T12:51:44.467+0000][1][gc,age       ] GC(24) Age table with threshold 6 (max threshold 6)
[2020-09-11T12:51:44.467+0000][1][gc,age       ] GC(24) - age   1:         88 bytes,         88 total
[2020-09-11T12:51:44.467+0000][1][gc,age       ] GC(24) - age   3:     250176 bytes,     250264 total
[2020-09-11T12:51:44.467+0000][1][gc,age       ] GC(24) - age   4:     437512 bytes,     687776 total
[2020-09-11T12:51:44.467+0000][1][gc,heap      ] GC(24) ParNew: 69350K->1098K(76672K)
[2020-09-11T12:51:44.467+0000][1][gc,heap      ] GC(24) CMS: 45562K->45562K(439104K)
[2020-09-11T12:51:44.467+0000][1][gc,metaspace ] GC(24) Metaspace: 32365K->32365K(1079296K)
[2020-09-11T12:51:44.467+0000][1][gc           ] GC(24) Pause Young (Allocation Failure) 112M->45M(503M) 3.064ms
[2020-09-11T12:51:44.467+0000][1][gc,cpu       ] GC(24) User=0.00s Sys=0.00s Real=0.00s
[2020-09-11T12:51:44.495+0000][1][safepoint    ] Safepoint "GenCollectForAllocation", Time since last: 971474636 ns, Reaching safepoint: 112141 ns, At safepoint: 31848335 ns, Total: 31960476 ns
[2020-09-11T12:51:44.999+0000][1][gc,start     ] GC(25) Pause Young (Allocation Failure)
[2020-09-11T12:51:45.000+0000][1][gc,task      ] GC(25) Using 1 workers of 1 for evacuation
[2020-09-11T12:51:45.002+0000][1][gc,age       ] GC(25) Desired survivor size 4358144 bytes, new threshold 6 (max threshold 6)
[2020-09-11T12:51:45.002+0000][1][gc,age       ] GC(25) Age table with threshold 6 (max threshold 6)
[2020-09-11T12:51:45.002+0000][1][gc,age       ] GC(25) - age   1:        208 bytes,        208 total
[2020-09-11T12:51:45.002+0000][1][gc,age       ] GC(25) - age   4:     250176 bytes,     250384 total
[2020-09-11T12:51:45.002+0000][1][gc,age       ] GC(25) - age   5:     437512 bytes,     687896 total
[2020-09-11T12:51:45.002+0000][1][gc,heap      ] GC(25) ParNew: 69258K->1282K(76672K)
[2020-09-11T12:51:45.002+0000][1][gc,heap      ] GC(25) CMS: 45562K->45562K(439104K)
[2020-09-11T12:51:45.002+0000][1][gc,metaspace ] GC(25) Metaspace: 32365K->32365K(1079296K)
[2020-09-11T12:51:45.002+0000][1][gc           ] GC(25) Pause Young (Allocation Failure) 112M->45M(503M) 2.999ms
[2020-09-11T12:51:45.002+0000][1][gc,cpu       ] GC(25) User=0.00s Sys=0.00s Real=0.00s
[2020-09-11T12:51:45.007+0000][1][safepoint    ] Safepoint "GenCollectForAllocation", Time since last: 496006852 ns, Reaching safepoint: 8028288 ns, At safepoint: 7979625 ns, Total: 16007913 ns
[2020-09-11T12:51:45.210+0000][1][gc,start     ] GC(26) Pause Young (Allocation Failure)
[2020-09-11T12:51:45.210+0000][1][gc,task      ] GC(26) Using 1 workers of 1 for evacuation
[2020-09-11T12:51:45.213+0000][1][gc,age       ] GC(26) Desired survivor size 4358144 bytes, new threshold 6 (max threshold 6)
[2020-09-11T12:51:45.213+0000][1][gc,age       ] GC(26) Age table with threshold 6 (max threshold 6)
[2020-09-11T12:51:45.213+0000][1][gc,age       ] GC(26) - age   1:         24 bytes,         24 total
[2020-09-11T12:51:45.213+0000][1][gc,age       ] GC(26) - age   5:     250176 bytes,     250200 total
[2020-09-11T12:51:45.213+0000][1][gc,age       ] GC(26) - age   6:     437512 bytes,     687712 total
[2020-09-11T12:51:45.213+0000][1][gc,heap      ] GC(26) ParNew: 69442K->824K(76672K)
[2020-09-11T12:51:45.213+0000][1][gc,heap      ] GC(26) CMS: 45562K->45562K(439104K)
[2020-09-11T12:51:45.213+0000][1][gc,metaspace ] GC(26) Metaspace: 32365K->32365K(1079296K)
[2020-09-11T12:51:45.213+0000][1][gc           ] GC(26) Pause Young (Allocation Failure) 112M->45M(503M) 3.032ms
[2020-09-11T12:51:45.213+0000][1][gc,cpu       ] GC(26) User=0.00s Sys=0.00s Real=0.00s
[2020-09-11T12:51:45.215+0000][1][safepoint    ] Safepoint "GenCollectForAllocation", Time since last: 193628419 ns, Reaching safepoint: 8975860 ns, At safepoint: 5382604 ns, Total: 14358464 ns
[2020-09-11T12:51:45.375+0000][1][gc,start     ] GC(27) Pause Young (Allocation Failure)
[2020-09-11T12:51:45.376+0000][1][gc,task      ] GC(27) Using 1 workers of 1 for evacuation
[2020-09-11T12:51:45.383+0000][1][gc,age       ] GC(27) Desired survivor size 4358144 bytes, new threshold 6 (max threshold 6)
[2020-09-11T12:51:45.383+0000][1][gc,age       ] GC(27) Age table with threshold 6 (max threshold 6)
[2020-09-11T12:51:45.383+0000][1][gc,age       ] GC(27) - age   1:        224 bytes,        224 total
[2020-09-11T12:51:45.383+0000][1][gc,age       ] GC(27) - age   6:     250176 bytes,     250400 total
[2020-09-11T12:51:45.383+0000][1][gc,heap      ] GC(27) ParNew: 68984K->606K(76672K)
[2020-09-11T12:51:45.383+0000][1][gc,heap      ] GC(27) CMS: 45562K->45990K(439104K)
[2020-09-11T12:51:45.383+0000][1][gc,metaspace ] GC(27) Metaspace: 32365K->32365K(1079296K)
[2020-09-11T12:51:45.383+0000][1][gc           ] GC(27) Pause Young (Allocation Failure) 111M->45M(503M) 7.943ms
[2020-09-11T12:51:45.383+0000][1][gc,cpu       ] GC(27) User=0.00s Sys=0.01s Real=0.01s
[2020-09-11T12:51:45.383+0000][1][safepoint    ] Safepoint "GenCollectForAllocation", Time since last: 152978986 ns, Reaching safepoint: 7056057 ns, At safepoint: 8006950 ns, Total: 15063007 ns
[2020-09-11T12:51:45.548+0000][1][gc,start     ] GC(28) Pause Young (Allocation Failure)
[2020-09-11T12:51:45.548+0000][1][gc,task      ] GC(28) Using 1 workers of 1 for evacuation
[2020-09-11T12:51:45.550+0000][1][gc,age       ] GC(28) Desired survivor size 4358144 bytes, new threshold 6 (max threshold 6)
[2020-09-11T12:51:45.550+0000][1][gc,age       ] GC(28) Age table with threshold 6 (max threshold 6)
[2020-09-11T12:51:45.550+0000][1][gc,age       ] GC(28) - age   1:        168 bytes,        168 total
[2020-09-11T12:51:45.550+0000][1][gc,heap      ] GC(28) ParNew: 68766K->243K(76672K)
[2020-09-11T12:51:45.550+0000][1][gc,heap      ] GC(28) CMS: 45990K->46234K(439104K)
[2020-09-11T12:51:45.550+0000][1][gc,metaspace ] GC(28) Metaspace: 32365K->32365K(1079296K)
[2020-09-11T12:51:45.550+0000][1][gc           ] GC(28) Pause Young (Allocation Failure) 112M->45M(503M) 2.658ms
[2020-09-11T12:51:45.550+0000][1][gc,cpu       ] GC(28) User=0.00s Sys=0.00s Real=0.00s
[2020-09-11T12:51:45.558+0000][1][safepoint    ] Safepoint "GenCollectForAllocation", Time since last: 163973905 ns, Reaching safepoint: 110668 ns, At safepoint: 10624781 ns, Total: 10735449 ns
[2020-09-11T12:51:45.711+0000][1][gc,start     ] GC(29) Pause Young (Allocation Failure)
[2020-09-11T12:51:45.712+0000][1][gc,task      ] GC(29) Using 1 workers of 1 for evacuation
[2020-09-11T12:51:45.714+0000][1][gc,age       ] GC(29) Desired survivor size 4358144 bytes, new threshold 6 (max threshold 6)
[2020-09-11T12:51:45.714+0000][1][gc,age       ] GC(29) Age table with threshold 6 (max threshold 6)
[2020-09-11T12:51:45.714+0000][1][gc,age       ] GC(29) - age   1:         48 bytes,         48 total
[2020-09-11T12:51:45.714+0000][1][gc,age       ] GC(29) - age   2:         72 bytes,        120 total
[2020-09-11T12:51:45.714+0000][1][gc,heap      ] GC(29) ParNew: 68403K->60K(76672K)
[2020-09-11T12:51:45.714+0000][1][gc,heap      ] GC(29) CMS: 46234K->46234K(439104K)
[2020-09-11T12:51:45.714+0000][1][gc,metaspace ] GC(29) Metaspace: 32365K->32365K(1079296K)
[2020-09-11T12:51:45.714+0000][1][gc           ] GC(29) Pause Young (Allocation Failure) 111M->45M(503M) 2.711ms
[2020-09-11T12:51:45.714+0000][1][gc,cpu       ] GC(29) User=0.00s Sys=0.00s Real=0.00s
[2020-09-11T12:51:45.722+0000][1][safepoint    ] Safepoint "GenCollectForAllocation", Time since last: 149260091 ns, Reaching safepoint: 4037938 ns, At safepoint: 10077959 ns, Total: 14115897 ns
[2020-09-11T12:51:45.883+0000][1][gc,start     ] GC(30) Pause Young (Allocation Failure)
[2020-09-11T12:51:45.884+0000][1][gc,task      ] GC(30) Using 1 workers of 1 for evacuation
[2020-09-11T12:51:45.886+0000][1][gc,age       ] GC(30) Desired survivor size 4358144 bytes, new threshold 6 (max threshold 6)
[2020-09-11T12:51:45.886+0000][1][gc,age       ] GC(30) Age table with threshold 6 (max threshold 6)
[2020-09-11T12:51:45.886+0000][1][gc,age       ] GC(30) - age   3:         72 bytes,         72 total
[2020-09-11T12:51:45.886+0000][1][gc,heap      ] GC(30) ParNew: 68220K->15K(76672K)
[2020-09-11T12:51:45.886+0000][1][gc,heap      ] GC(30) CMS: 46234K->46234K(439104K)
[2020-09-11T12:51:45.886+0000][1][gc,metaspace ] GC(30) Metaspace: 32365K->32365K(1079296K)
[2020-09-11T12:51:45.886+0000][1][gc           ] GC(30) Pause Young (Allocation Failure) 111M->45M(503M) 2.595ms
[2020-09-11T12:51:45.886+0000][1][gc,cpu       ] GC(30) User=0.00s Sys=0.00s Real=0.00s
[2020-09-11T12:51:45.891+0000][1][safepoint    ] Safepoint "GenCollectForAllocation", Time since last: 157871645 ns, Reaching safepoint: 4024532 ns, At safepoint: 7996503 ns, Total: 12021035 ns
[2020-09-11T12:51:46.048+0000][1][gc,start     ] GC(31) Pause Young (Allocation Failure)
[2020-09-11T12:51:46.048+0000][1][gc,task      ] GC(31) Using 1 workers of 1 for evacuation
[2020-09-11T12:51:46.050+0000][1][gc,age       ] GC(31) Desired survivor size 4358144 bytes, new threshold 6 (max threshold 6)
[2020-09-11T12:51:46.050+0000][1][gc,age       ] GC(31) Age table with threshold 6 (max threshold 6)
[2020-09-11T12:51:46.050+0000][1][gc,age       ] GC(31) - age   1:        200 bytes,        200 total
[2020-09-11T12:51:46.050+0000][1][gc,age       ] GC(31) - age   4:         72 bytes,        272 total
[2020-09-11T12:51:46.050+0000][1][gc,heap      ] GC(31) ParNew: 68175K->3K(76672K)
[2020-09-11T12:51:46.050+0000][1][gc,heap      ] GC(31) CMS: 46234K->46234K(439104K)
[2020-09-11T12:51:46.050+0000][1][gc,metaspace ] GC(31) Metaspace: 32365K->32365K(1079296K)
[2020-09-11T12:51:46.050+0000][1][gc           ] GC(31) Pause Young (Allocation Failure) 111M->45M(503M) 2.589ms
[2020-09-11T12:51:46.050+0000][1][gc,cpu       ] GC(31) User=0.00s Sys=0.00s Real=0.00s
[2020-09-11T12:51:46.058+0000][1][safepoint    ] Safepoint "GenCollectForAllocation", Time since last: 156034407 ns, Reaching safepoint: 109637 ns, At safepoint: 9921333 ns, Total: 10030970 ns
[2020-09-11T12:51:46.220+0000][1][gc,start     ] GC(32) Pause Young (Allocation Failure)
[2020-09-11T12:51:46.221+0000][1][gc,task      ] GC(32) Using 1 workers of 1 for evacuation
[2020-09-11T12:51:46.223+0000][1][gc,age       ] GC(32) Desired survivor size 4358144 bytes, new threshold 6 (max threshold 6)
[2020-09-11T12:51:46.223+0000][1][gc,age       ] GC(32) Age table with threshold 6 (max threshold 6)
[2020-09-11T12:51:46.223+0000][1][gc,age       ] GC(32) - age   1:        280 bytes,        280 total
[2020-09-11T12:51:46.223+0000][1][gc,age       ] GC(32) - age   5:         72 bytes,        352 total
[2020-09-11T12:51:46.223+0000][1][gc,heap      ] GC(32) ParNew: 68163K->2K(76672K)
[2020-09-11T12:51:46.223+0000][1][gc,heap      ] GC(32) CMS: 46234K->46234K(439104K)
[2020-09-11T12:51:46.223+0000][1][gc,metaspace ] GC(32) Metaspace: 32365K->32365K(1079296K)
[2020-09-11T12:51:46.223+0000][1][gc           ] GC(32) Pause Young (Allocation Failure) 111M->45M(503M) 2.622ms
[2020-09-11T12:51:46.223+0000][1][gc,cpu       ] GC(32) User=0.00s Sys=0.00s Real=0.00s
[2020-09-11T12:51:46.235+0000][1][safepoint    ] Safepoint "GenCollectForAllocation", Time since last: 161925653 ns, Reaching safepoint: 1010860 ns, At safepoint: 14999252 ns, Total: 16010112 ns
[2020-09-11T12:51:46.382+0000][1][gc,start     ] GC(33) Pause Young (Allocation Failure)
[2020-09-11T12:51:46.382+0000][1][gc,task      ] GC(33) Using 1 workers of 1 for evacuation
[2020-09-11T12:51:46.392+0000][1][gc,age       ] GC(33) Desired survivor size 4358144 bytes, new threshold 6 (max threshold 6)
[2020-09-11T12:51:46.392+0000][1][gc,age       ] GC(33) Age table with threshold 6 (max threshold 6)
[2020-09-11T12:51:46.392+0000][1][gc,age       ] GC(33) - age   1:        176 bytes,        176 total
[2020-09-11T12:51:46.392+0000][1][gc,age       ] GC(33) - age   2:        208 bytes,        384 total
[2020-09-11T12:51:46.392+0000][1][gc,age       ] GC(33) - age   6:         72 bytes,        456 total
[2020-09-11T12:51:46.392+0000][1][gc,heap      ] GC(33) ParNew: 68162K->2K(76672K)
[2020-09-11T12:51:46.392+0000][1][gc,heap      ] GC(33) CMS: 46234K->46234K(439104K)
[2020-09-11T12:51:46.392+0000][1][gc,metaspace ] GC(33) Metaspace: 32365K->32365K(1079296K)
[2020-09-11T12:51:46.393+0000][1][gc           ] GC(33) Pause Young (Allocation Failure) 111M->45M(503M) 10.947ms
[2020-09-11T12:51:46.393+0000][1][gc,cpu       ] GC(33) User=0.00s Sys=0.00s Real=0.01s
[2020-09-11T12:51:46.393+0000][1][safepoint    ] Safepoint "GenCollectForAllocation", Time since last: 144481394 ns, Reaching safepoint: 1637526 ns, At safepoint: 11006994 ns, Total: 12644520 ns
[2020-09-11T12:51:47.404+0000][1][safepoint    ] Safepoint "Cleanup", Time since last: 1010836822 ns, Reaching safepoint: 119777 ns, At safepoint: 7618 ns, Total: 127395 ns
[2020-09-11T12:51:48.421+0000][1][safepoint    ] Safepoint "Cleanup", Time since last: 1000092353 ns, Reaching safepoint: 16903050 ns, At safepoint: 9086 ns, Total: 16912136 ns
[2020-09-11T12:51:50.180+0000][1][safepoint    ] Safepoint "RevokeBias", Time since last: 1758968038 ns, Reaching safepoint: 104441 ns, At safepoint: 68921 ns, Total: 173362 ns
[2020-09-11T12:51:50.180+0000][1][safepoint    ] Safepoint "RevokeBias", Time since last: 51862 ns, Reaching safepoint: 83042 ns, At safepoint: 49985 ns, Total: 133027 ns
[2020-09-11T12:51:50.180+0000][1][safepoint    ] Safepoint "RevokeBias", Time since last: 201752 ns, Reaching safepoint: 84431 ns, At safepoint: 48991 ns, Total: 133422 ns
[2020-09-11T12:51:52.186+0000][1][safepoint    ] Safepoint "Cleanup", Time since last: 2005980711 ns, Reaching safepoint: 119515 ns, At safepoint: 5823 ns, Total: 125338 ns
[2020-09-11T12:51:53.590+0000][1][gc,start     ] GC(34) Pause Young (Allocation Failure)
[2020-09-11T12:51:53.590+0000][1][gc,task      ] GC(34) Using 1 workers of 1 for evacuation
[2020-09-11T12:51:53.595+0000][1][gc,age       ] GC(34) Desired survivor size 4358144 bytes, new threshold 6 (max threshold 6)
[2020-09-11T12:51:53.595+0000][1][gc,age       ] GC(34) Age table with threshold 6 (max threshold 6)
[2020-09-11T12:51:53.595+0000][1][gc,age       ] GC(34) - age   1:     279160 bytes,     279160 total
[2020-09-11T12:51:53.595+0000][1][gc,age       ] GC(34) - age   3:        208 bytes,     279368 total
[2020-09-11T12:51:53.595+0000][1][gc,heap      ] GC(34) ParNew: 68162K->274K(76672K)
[2020-09-11T12:51:53.595+0000][1][gc,heap      ] GC(34) CMS: 46234K->46234K(439104K)
[2020-09-11T12:51:53.595+0000][1][gc,metaspace ] GC(34) Metaspace: 32386K->32386K(1079296K)
[2020-09-11T12:51:53.595+0000][1][gc           ] GC(34) Pause Young (Allocation Failure) 111M->45M(503M) 5.356ms
[2020-09-11T12:51:53.595+0000][1][gc,cpu       ] GC(34) User=0.01s Sys=0.00s Real=0.00s
[2020-09-11T12:51:53.619+0000][1][safepoint    ] Safepoint "GenCollectForAllocation", Time since last: 1403456327 ns, Reaching safepoint: 111398 ns, At safepoint: 29547663 ns, Total: 29659061 ns
[2020-09-11T12:51:54.636+0000][1][safepoint    ] Safepoint "Cleanup", Time since last: 1016045480 ns, Reaching safepoint: 985429 ns, At safepoint: 7824 ns, Total: 993253 ns
[2020-09-11T12:51:55.492+0000][1][gc,start     ] GC(35) Pause Young (Allocation Failure)
[2020-09-11T12:51:55.492+0000][1][gc,task      ] GC(35) Using 1 workers of 1 for evacuation
[2020-09-11T12:51:55.494+0000][1][gc,age       ] GC(35) Desired survivor size 4358144 bytes, new threshold 6 (max threshold 6)
[2020-09-11T12:51:55.494+0000][1][gc,age       ] GC(35) Age table with threshold 6 (max threshold 6)
[2020-09-11T12:51:55.494+0000][1][gc,age       ] GC(35) - age   1:     512920 bytes,     512920 total
[2020-09-11T12:51:55.494+0000][1][gc,age       ] GC(35) - age   2:     184880 bytes,     697800 total
[2020-09-11T12:51:55.494+0000][1][gc,age       ] GC(35) - age   4:        208 bytes,     698008 total
[2020-09-11T12:51:55.494+0000][1][gc,heap      ] GC(35) ParNew: 68434K->683K(76672K)
[2020-09-11T12:51:55.494+0000][1][gc,heap      ] GC(35) CMS: 46234K->46234K(439104K)
[2020-09-11T12:51:55.494+0000][1][gc,metaspace ] GC(35) Metaspace: 32386K->32386K(1079296K)
[2020-09-11T12:51:55.494+0000][1][gc           ] GC(35) Pause Young (Allocation Failure) 111M->45M(503M) 2.936ms
[2020-09-11T12:51:55.494+0000][1][gc,cpu       ] GC(35) User=0.01s Sys=0.00s Real=0.00s
[2020-09-11T12:51:55.519+0000][1][safepoint    ] Safepoint "GenCollectForAllocation", Time since last: 854960481 ns, Reaching safepoint: 101202 ns, At safepoint: 27892533 ns, Total: 27993735 ns
[2020-09-11T12:51:56.833+0000][1][gc,start     ] GC(36) Pause Young (Allocation Failure)
[2020-09-11T12:51:56.833+0000][1][gc,task      ] GC(36) Using 1 workers of 1 for evacuation
[2020-09-11T12:51:56.848+0000][1][gc,age       ] GC(36) Desired survivor size 4358144 bytes, new threshold 6 (max threshold 6)
[2020-09-11T12:51:56.848+0000][1][gc,age       ] GC(36) Age table with threshold 6 (max threshold 6)
[2020-09-11T12:51:56.848+0000][1][gc,age       ] GC(36) - age   1:     642400 bytes,     642400 total
[2020-09-11T12:51:56.848+0000][1][gc,age       ] GC(36) - age   2:     340208 bytes,     982608 total
[2020-09-11T12:51:56.848+0000][1][gc,age       ] GC(36) - age   3:     184160 bytes,    1166768 total
[2020-09-11T12:51:56.848+0000][1][gc,age       ] GC(36) - age   5:        208 bytes,    1166976 total
[2020-09-11T12:51:56.848+0000][1][gc,heap      ] GC(36) ParNew: 68843K->1175K(76672K)
[2020-09-11T12:51:56.848+0000][1][gc,heap      ] GC(36) CMS: 46234K->46234K(439104K)
[2020-09-11T12:51:56.848+0000][1][gc,metaspace ] GC(36) Metaspace: 32387K->32387K(1079296K)
[2020-09-11T12:51:56.848+0000][1][gc           ] GC(36) Pause Young (Allocation Failure) 112M->46M(503M) 15.054ms
[2020-09-11T12:51:56.848+0000][1][gc,cpu       ] GC(36) User=0.00s Sys=0.00s Real=0.02s
[2020-09-11T12:51:56.863+0000][1][safepoint    ] Safepoint "GenCollectForAllocation", Time since last: 1313119757 ns, Reaching safepoint: 100405 ns, At safepoint: 30798699 ns, Total: 30899104 ns
[2020-09-11T12:51:58.288+0000][1][gc,start     ] GC(37) Pause Young (Allocation Failure)
[2020-09-11T12:51:58.288+0000][1][gc,task      ] GC(37) Using 1 workers of 1 for evacuation
[2020-09-11T12:51:58.290+0000][1][gc,age       ] GC(37) Desired survivor size 4358144 bytes, new threshold 6 (max threshold 6)
[2020-09-11T12:51:58.291+0000][1][gc,age       ] GC(37) Age table with threshold 6 (max threshold 6)
[2020-09-11T12:51:58.291+0000][1][gc,age       ] GC(37) - age   1:     621328 bytes,     621328 total
[2020-09-11T12:51:58.291+0000][1][gc,age       ] GC(37) - age   2:     301488 bytes,     922816 total
[2020-09-11T12:51:58.291+0000][1][gc,age       ] GC(37) - age   3:     340024 bytes,    1262840 total
[2020-09-11T12:51:58.291+0000][1][gc,age       ] GC(37) - age   4:     183856 bytes,    1446696 total
[2020-09-11T12:51:58.291+0000][1][gc,age       ] GC(37) - age   6:        208 bytes,    1446904 total
[2020-09-11T12:51:58.291+0000][1][gc,heap      ] GC(37) ParNew: 69335K->1420K(76672K)
[2020-09-11T12:51:58.291+0000][1][gc,heap      ] GC(37) CMS: 46234K->46234K(439104K)
[2020-09-11T12:51:58.291+0000][1][gc,metaspace ] GC(37) Metaspace: 32387K->32387K(1079296K)
[2020-09-11T12:51:58.291+0000][1][gc           ] GC(37) Pause Young (Allocation Failure) 112M->46M(503M) 3.059ms
[2020-09-11T12:51:58.291+0000][1][gc,cpu       ] GC(37) User=0.00s Sys=0.00s Real=0.00s
[2020-09-11T12:51:58.313+0000][1][safepoint    ] Safepoint "GenCollectForAllocation", Time since last: 1423982682 ns, Reaching safepoint: 100275 ns, At safepoint: 25004963 ns, Total: 25105238 ns
[2020-09-11T12:51:58.887+0000][1][safepoint    ] Safepoint "RevokeBias", Time since last: 571949239 ns, Reaching safepoint: 2117878 ns, At safepoint: 38530 ns, Total: 2156408 ns
[2020-09-11T12:51:59.910+0000][1][safepoint    ] Safepoint "Cleanup", Time since last: 1010456875 ns, Reaching safepoint: 12735131 ns, At safepoint: 13198 ns, Total: 12748329 ns
[2020-09-11T12:51:59.944+0000][1][gc,start     ] GC(38) Pause Young (Allocation Failure)
[2020-09-11T12:51:59.944+0000][1][gc,task      ] GC(38) Using 1 workers of 1 for evacuation
[2020-09-11T12:51:59.947+0000][1][gc,age       ] GC(38) Desired survivor size 4358144 bytes, new threshold 6 (max threshold 6)
[2020-09-11T12:51:59.947+0000][1][gc,age       ] GC(38) Age table with threshold 6 (max threshold 6)
[2020-09-11T12:51:59.947+0000][1][gc,age       ] GC(38) - age   1:     934416 bytes,     934416 total
[2020-09-11T12:51:59.947+0000][1][gc,age       ] GC(38) - age   2:     264672 bytes,    1199088 total
[2020-09-11T12:51:59.947+0000][1][gc,age       ] GC(38) - age   3:     297464 bytes,    1496552 total
[2020-09-11T12:51:59.947+0000][1][gc,age       ] GC(38) - age   4:     339944 bytes,    1836496 total
[2020-09-11T12:51:59.947+0000][1][gc,age       ] GC(38) - age   5:     183752 bytes,    2020248 total
[2020-09-11T12:51:59.947+0000][1][gc,heap      ] GC(38) ParNew: 69580K->2014K(76672K)
[2020-09-11T12:51:59.947+0000][1][gc,heap      ] GC(38) CMS: 46234K->46235K(439104K)
[2020-09-11T12:51:59.947+0000][1][gc,metaspace ] GC(38) Metaspace: 32387K->32387K(1079296K)
[2020-09-11T12:51:59.947+0000][1][gc           ] GC(38) Pause Young (Allocation Failure) 113M->47M(503M) 3.168ms
[2020-09-11T12:51:59.947+0000][1][gc,cpu       ] GC(38) User=0.00s Sys=0.00s Real=0.00s
[2020-09-11T12:51:59.971+0000][1][safepoint    ] Safepoint "GenCollectForAllocation", Time since last: 33607494 ns, Reaching safepoint: 98764 ns, At safepoint: 27893495 ns, Total: 27992259 ns
[2020-09-11T12:52:01.004+0000][1][gc,start     ] GC(39) Pause Young (Allocation Failure)
[2020-09-11T12:52:01.004+0000][1][gc,task      ] GC(39) Using 1 workers of 1 for evacuation
[2020-09-11T12:52:01.007+0000][1][gc,age       ] GC(39) Desired survivor size 4358144 bytes, new threshold 6 (max threshold 6)
[2020-09-11T12:52:01.007+0000][1][gc,age       ] GC(39) Age table with threshold 6 (max threshold 6)
[2020-09-11T12:52:01.007+0000][1][gc,age       ] GC(39) - age   1:     344560 bytes,     344560 total
[2020-09-11T12:52:01.007+0000][1][gc,age       ] GC(39) - age   2:     922640 bytes,    1267200 total
[2020-09-11T12:52:01.007+0000][1][gc,age       ] GC(39) - age   3:     263464 bytes,    1530664 total
[2020-09-11T12:52:01.007+0000][1][gc,age       ] GC(39) - age   4:     296976 bytes,    1827640 total
[2020-09-11T12:52:01.007+0000][1][gc,age       ] GC(39) - age   5:     339608 bytes,    2167248 total
[2020-09-11T12:52:01.007+0000][1][gc,age       ] GC(39) - age   6:     183712 bytes,    2350960 total
[2020-09-11T12:52:01.007+0000][1][gc,heap      ] GC(39) ParNew: 70174K->2303K(76672K)
[2020-09-11T12:52:01.007+0000][1][gc,heap      ] GC(39) CMS: 46235K->46235K(439104K)
[2020-09-11T12:52:01.007+0000][1][gc,metaspace ] GC(39) Metaspace: 32387K->32387K(1079296K)
[2020-09-11T12:52:01.007+0000][1][gc           ] GC(39) Pause Young (Allocation Failure) 113M->47M(503M) 3.371ms
[2020-09-11T12:52:01.007+0000][1][gc,cpu       ] GC(39) User=0.00s Sys=0.00s Real=0.00s
[2020-09-11T12:52:01.035+0000][1][safepoint    ] Safepoint "GenCollectForAllocation", Time since last: 1032008097 ns, Reaching safepoint: 104958 ns, At safepoint: 31416229 ns, Total: 31521187 ns
[2020-09-11T12:52:01.142+0000][1][safepoint    ] Safepoint "RevokeBias", Time since last: 107159761 ns, Reaching safepoint: 107944 ns, At safepoint: 30758 ns, Total: 138702 ns
[2020-09-11T12:52:01.896+0000][1][gc,start     ] GC(40) Pause Young (Allocation Failure)
[2020-09-11T12:52:01.896+0000][1][gc,task      ] GC(40) Using 1 workers of 1 for evacuation
[2020-09-11T12:52:01.899+0000][1][gc,age       ] GC(40) Desired survivor size 4358144 bytes, new threshold 6 (max threshold 6)
[2020-09-11T12:52:01.899+0000][1][gc,age       ] GC(40) Age table with threshold 6 (max threshold 6)
[2020-09-11T12:52:01.899+0000][1][gc,age       ] GC(40) - age   1:     347848 bytes,     347848 total
[2020-09-11T12:52:01.899+0000][1][gc,age       ] GC(40) - age   2:     333984 bytes,     681832 total
[2020-09-11T12:52:01.899+0000][1][gc,age       ] GC(40) - age   3:     922288 bytes,    1604120 total
[2020-09-11T12:52:01.899+0000][1][gc,age       ] GC(40) - age   4:     263232 bytes,    1867352 total
[2020-09-11T12:52:01.899+0000][1][gc,age       ] GC(40) - age   5:     296856 bytes,    2164208 total
[2020-09-11T12:52:01.899+0000][1][gc,age       ] GC(40) - age   6:     339608 bytes,    2503816 total
[2020-09-11T12:52:01.899+0000][1][gc,heap      ] GC(40) ParNew: 70463K->2452K(76672K)
[2020-09-11T12:52:01.899+0000][1][gc,heap      ] GC(40) CMS: 46235K->46412K(439104K)
[2020-09-11T12:52:01.899+0000][1][gc,metaspace ] GC(40) Metaspace: 32391K->32391K(1079296K)
[2020-09-11T12:52:01.899+0000][1][gc           ] GC(40) Pause Young (Allocation Failure) 113M->47M(503M) 3.310ms
[2020-09-11T12:52:01.899+0000][1][gc,cpu       ] GC(40) User=0.01s Sys=0.00s Real=0.00s
[2020-09-11T12:52:01.923+0000][1][safepoint    ] Safepoint "GenCollectForAllocation", Time since last: 753199615 ns, Reaching safepoint: 116980 ns, At safepoint: 27834835 ns, Total: 27951815 ns
[2020-09-11T12:52:02.607+0000][1][gc,start     ] GC(41) Pause Young (Allocation Failure)
[2020-09-11T12:52:02.607+0000][1][gc,task      ] GC(41) Using 1 workers of 1 for evacuation
[2020-09-11T12:52:02.610+0000][1][gc,age       ] GC(41) Desired survivor size 4358144 bytes, new threshold 6 (max threshold 6)
[2020-09-11T12:52:02.610+0000][1][gc,age       ] GC(41) Age table with threshold 6 (max threshold 6)
[2020-09-11T12:52:02.610+0000][1][gc,age       ] GC(41) - age   1:        400 bytes,        400 total
[2020-09-11T12:52:02.610+0000][1][gc,age       ] GC(41) - age   2:     347576 bytes,     347976 total
[2020-09-11T12:52:02.610+0000][1][gc,age       ] GC(41) - age   3:     333984 bytes,     681960 total
[2020-09-11T12:52:02.610+0000][1][gc,age       ] GC(41) - age   4:     922288 bytes,    1604248 total
[2020-09-11T12:52:02.610+0000][1][gc,age       ] GC(41) - age   5:     263232 bytes,    1867480 total
[2020-09-11T12:52:02.610+0000][1][gc,age       ] GC(41) - age   6:     296856 bytes,    2164336 total
[2020-09-11T12:52:02.610+0000][1][gc,heap      ] GC(41) ParNew: 70612K->2121K(76672K)
[2020-09-11T12:52:02.610+0000][1][gc,heap      ] GC(41) CMS: 46412K->46743K(439104K)
[2020-09-11T12:52:02.610+0000][1][gc,metaspace ] GC(41) Metaspace: 32391K->32391K(1079296K)
[2020-09-11T12:52:02.610+0000][1][gc           ] GC(41) Pause Young (Allocation Failure) 114M->47M(503M) 3.096ms
[2020-09-11T12:52:02.610+0000][1][gc,cpu       ] GC(41) User=0.00s Sys=0.00s Real=0.00s
[2020-09-11T12:52:02.635+0000][1][safepoint    ] Safepoint "GenCollectForAllocation", Time since last: 683836138 ns, Reaching safepoint: 98299 ns, At safepoint: 28083976 ns, Total: 28182275 ns
[2020-09-11T12:52:03.312+0000][1][gc,start     ] GC(42) Pause Young (Allocation Failure)
[2020-09-11T12:52:03.312+0000][1][gc,task      ] GC(42) Using 1 workers of 1 for evacuation
[2020-09-11T12:52:03.314+0000][1][gc,age       ] GC(42) Desired survivor size 4358144 bytes, new threshold 6 (max threshold 6)
[2020-09-11T12:52:03.315+0000][1][gc,age       ] GC(42) Age table with threshold 6 (max threshold 6)
[2020-09-11T12:52:03.315+0000][1][gc,age       ] GC(42) - age   1:         88 bytes,         88 total
[2020-09-11T12:52:03.315+0000][1][gc,age       ] GC(42) - age   2:        160 bytes,        248 total
[2020-09-11T12:52:03.315+0000][1][gc,age       ] GC(42) - age   3:     347576 bytes,     347824 total
[2020-09-11T12:52:03.315+0000][1][gc,age       ] GC(42) - age   4:     333984 bytes,     681808 total
[2020-09-11T12:52:03.315+0000][1][gc,age       ] GC(42) - age   5:     922288 bytes,    1604096 total
[2020-09-11T12:52:03.315+0000][1][gc,age       ] GC(42) - age   6:     263232 bytes,    1867328 total
[2020-09-11T12:52:03.315+0000][1][gc,heap      ] GC(42) ParNew: 70281K->1827K(76672K)
[2020-09-11T12:52:03.315+0000][1][gc,heap      ] GC(42) CMS: 46743K->47033K(439104K)
[2020-09-11T12:52:03.315+0000][1][gc,metaspace ] GC(42) Metaspace: 32391K->32391K(1079296K)
[2020-09-11T12:52:03.315+0000][1][gc           ] GC(42) Pause Young (Allocation Failure) 114M->47M(503M) 3.077ms
[2020-09-11T12:52:03.315+0000][1][gc,cpu       ] GC(42) User=0.00s Sys=0.00s Real=0.00s
[2020-09-11T12:52:03.339+0000][1][safepoint    ] Safepoint "GenCollectForAllocation", Time since last: 675971181 ns, Reaching safepoint: 98540 ns, At safepoint: 27928730 ns, Total: 28027270 ns
[2020-09-11T12:52:03.830+0000][1][gc,start     ] GC(43) Pause Young (Allocation Failure)
[2020-09-11T12:52:03.830+0000][1][gc,task      ] GC(43) Using 1 workers of 1 for evacuation
[2020-09-11T12:52:03.845+0000][1][gc,age       ] GC(43) Desired survivor size 4358144 bytes, new threshold 6 (max threshold 6)
[2020-09-11T12:52:03.845+0000][1][gc,age       ] GC(43) Age table with threshold 6 (max threshold 6)
[2020-09-11T12:52:03.845+0000][1][gc,age       ] GC(43) - age   1:         72 bytes,         72 total
[2020-09-11T12:52:03.845+0000][1][gc,age       ] GC(43) - age   3:        160 bytes,        232 total
[2020-09-11T12:52:03.845+0000][1][gc,age       ] GC(43) - age   4:     347576 bytes,     347808 total
[2020-09-11T12:52:03.845+0000][1][gc,age       ] GC(43) - age   5:     333984 bytes,     681792 total
[2020-09-11T12:52:03.845+0000][1][gc,age       ] GC(43) - age   6:     922288 bytes,    1604080 total
[2020-09-11T12:52:03.845+0000][1][gc,heap      ] GC(43) ParNew: 69987K->1568K(76672K)
[2020-09-11T12:52:03.845+0000][1][gc,heap      ] GC(43) CMS: 47033K->47290K(439104K)
[2020-09-11T12:52:03.845+0000][1][gc,metaspace ] GC(43) Metaspace: 32391K->32391K(1079296K)
[2020-09-11T12:52:03.845+0000][1][gc           ] GC(43) Pause Young (Allocation Failure) 114M->47M(503M) 15.319ms
[2020-09-11T12:52:03.845+0000][1][gc,cpu       ] GC(43) User=0.01s Sys=0.00s Real=0.02s
[2020-09-11T12:52:03.855+0000][1][safepoint    ] Safepoint "GenCollectForAllocation", Time since last: 489999229 ns, Reaching safepoint: 95734 ns, At safepoint: 25913547 ns, Total: 26009281 ns
[2020-09-11T12:52:04.360+0000][1][gc,start     ] GC(44) Pause Young (Allocation Failure)
[2020-09-11T12:52:04.360+0000][1][gc,task      ] GC(44) Using 1 workers of 1 for evacuation
[2020-09-11T12:52:04.362+0000][1][gc,age       ] GC(44) Desired survivor size 4358144 bytes, new threshold 6 (max threshold 6)
[2020-09-11T12:52:04.362+0000][1][gc,age       ] GC(44) Age table with threshold 6 (max threshold 6)
[2020-09-11T12:52:04.362+0000][1][gc,age       ] GC(44) - age   1:        224 bytes,        224 total
[2020-09-11T12:52:04.362+0000][1][gc,age       ] GC(44) - age   4:        160 bytes,        384 total
[2020-09-11T12:52:04.362+0000][1][gc,age       ] GC(44) - age   5:     347576 bytes,     347960 total
[2020-09-11T12:52:04.362+0000][1][gc,age       ] GC(44) - age   6:     333984 bytes,     681944 total
[2020-09-11T12:52:04.362+0000][1][gc,heap      ] GC(44) ParNew: 69728K->670K(76672K)
[2020-09-11T12:52:04.362+0000][1][gc,heap      ] GC(44) CMS: 47290K->48191K(439104K)
[2020-09-11T12:52:04.362+0000][1][gc,metaspace ] GC(44) Metaspace: 32391K->32391K(1079296K)
[2020-09-11T12:52:04.363+0000][1][gc           ] GC(44) Pause Young (Allocation Failure) 114M->47M(503M) 2.946ms
[2020-09-11T12:52:04.363+0000][1][gc,cpu       ] GC(44) User=0.01s Sys=0.00s Real=0.00s
[2020-09-11T12:52:04.385+0000][1][safepoint    ] Safepoint "GenCollectForAllocation", Time since last: 504025286 ns, Reaching safepoint: 97435 ns, At safepoint: 25564706 ns, Total: 25662141 ns
[2020-09-11T12:52:04.872+0000][1][gc,start     ] GC(45) Pause Young (Allocation Failure)
[2020-09-11T12:52:04.872+0000][1][gc,task      ] GC(45) Using 1 workers of 1 for evacuation
[2020-09-11T12:52:04.874+0000][1][gc,age       ] GC(45) Desired survivor size 4358144 bytes, new threshold 6 (max threshold 6)
[2020-09-11T12:52:04.874+0000][1][gc,age       ] GC(45) Age table with threshold 6 (max threshold 6)
[2020-09-11T12:52:04.874+0000][1][gc,age       ] GC(45) - age   1:        152 bytes,        152 total
[2020-09-11T12:52:04.874+0000][1][gc,age       ] GC(45) - age   5:        160 bytes,        312 total
[2020-09-11T12:52:04.874+0000][1][gc,age       ] GC(45) - age   6:     347576 bytes,     347888 total
[2020-09-11T12:52:04.875+0000][1][gc,heap      ] GC(45) ParNew: 68830K->347K(76672K)
[2020-09-11T12:52:04.875+0000][1][gc,heap      ] GC(45) CMS: 48191K->48517K(439104K)
[2020-09-11T12:52:04.875+0000][1][gc,metaspace ] GC(45) Metaspace: 32391K->32391K(1079296K)
[2020-09-11T12:52:04.875+0000][1][gc           ] GC(45) Pause Young (Allocation Failure) 114M->47M(503M) 2.746ms
[2020-09-11T12:52:04.875+0000][1][gc,cpu       ] GC(45) User=0.01s Sys=0.00s Real=0.00s
[2020-09-11T12:52:04.891+0000][1][safepoint    ] Safepoint "GenCollectForAllocation", Time since last: 486563292 ns, Reaching safepoint: 101557 ns, At safepoint: 19657994 ns, Total: 19759551 ns
[2020-09-11T12:52:05.394+0000][1][gc,start     ] GC(46) Pause Young (Allocation Failure)
[2020-09-11T12:52:05.394+0000][1][gc,task      ] GC(46) Using 1 workers of 1 for evacuation
[2020-09-11T12:52:05.405+0000][1][gc,age       ] GC(46) Desired survivor size 4358144 bytes, new threshold 6 (max threshold 6)
[2020-09-11T12:52:05.405+0000][1][gc,age       ] GC(46) Age table with threshold 6 (max threshold 6)
[2020-09-11T12:52:05.405+0000][1][gc,age       ] GC(46) - age   1:        176 bytes,        176 total
[2020-09-11T12:52:05.405+0000][1][gc,age       ] GC(46) - age   6:        160 bytes,        336 total
[2020-09-11T12:52:05.405+0000][1][gc,heap      ] GC(46) ParNew: 68507K->134K(76672K)
[2020-09-11T12:52:05.405+0000][1][gc,heap      ] GC(46) CMS: 48517K->48857K(439104K)
[2020-09-11T12:52:05.405+0000][1][gc,metaspace ] GC(46) Metaspace: 32391K->32391K(1079296K)
[2020-09-11T12:52:05.405+0000][1][gc           ] GC(46) Pause Young (Allocation Failure) 114M->47M(503M) 10.927ms
[2020-09-11T12:52:05.405+0000][1][gc,cpu       ] GC(46) User=0.00s Sys=0.00s Real=0.02s
[2020-09-11T12:52:05.405+0000][1][safepoint    ] Safepoint "GenCollectForAllocation", Time since last: 502429523 ns, Reaching safepoint: 103090 ns, At safepoint: 10984109 ns, Total: 11087199 ns
[2020-09-11T12:52:05.924+0000][1][gc,start     ] GC(47) Pause Young (Allocation Failure)
[2020-09-11T12:52:05.924+0000][1][gc,task      ] GC(47) Using 1 workers of 1 for evacuation
[2020-09-11T12:52:05.926+0000][1][gc,age       ] GC(47) Desired survivor size 4358144 bytes, new threshold 6 (max threshold 6)
[2020-09-11T12:52:05.926+0000][1][gc,age       ] GC(47) Age table with threshold 6 (max threshold 6)
[2020-09-11T12:52:05.926+0000][1][gc,age       ] GC(47) - age   1:        232 bytes,        232 total
[2020-09-11T12:52:05.926+0000][1][gc,heap      ] GC(47) ParNew: 68294K->33K(76672K)
[2020-09-11T12:52:05.926+0000][1][gc,heap      ] GC(47) CMS: 48857K->48857K(439104K)
[2020-09-11T12:52:05.926+0000][1][gc,metaspace ] GC(47) Metaspace: 32391K->32391K(1079296K)
[2020-09-11T12:52:05.926+0000][1][gc           ] GC(47) Pause Young (Allocation Failure) 114M->47M(503M) 2.384ms
[2020-09-11T12:52:05.926+0000][1][gc,cpu       ] GC(47) User=0.00s Sys=0.00s Real=0.00s
[2020-09-11T12:52:05.939+0000][1][safepoint    ] Safepoint "GenCollectForAllocation", Time since last: 518507983 ns, Reaching safepoint: 101838 ns, At safepoint: 15862236 ns, Total: 15964074 ns
[2020-09-11T12:52:06.436+0000][1][gc,start     ] GC(48) Pause Young (Allocation Failure)
[2020-09-11T12:52:06.436+0000][1][gc,task      ] GC(48) Using 1 workers of 1 for evacuation
[2020-09-11T12:52:06.438+0000][1][gc,age       ] GC(48) Desired survivor size 4358144 bytes, new threshold 6 (max threshold 6)
[2020-09-11T12:52:06.438+0000][1][gc,age       ] GC(48) Age table with threshold 6 (max threshold 6)
[2020-09-11T12:52:06.438+0000][1][gc,age       ] GC(48) - age   1:        224 bytes,        224 total
[2020-09-11T12:52:06.438+0000][1][gc,heap      ] GC(48) ParNew: 68193K->8K(76672K)
[2020-09-11T12:52:06.438+0000][1][gc,heap      ] GC(48) CMS: 48857K->48857K(439104K)
[2020-09-11T12:52:06.438+0000][1][gc,metaspace ] GC(48) Metaspace: 32391K->32391K(1079296K)
[2020-09-11T12:52:06.438+0000][1][gc           ] GC(48) Pause Young (Allocation Failure) 114M->47M(503M) 2.329ms
[2020-09-11T12:52:06.438+0000][1][gc,cpu       ] GC(48) User=0.00s Sys=0.00s Real=0.00s
[2020-09-11T12:52:06.451+0000][1][safepoint    ] Safepoint "GenCollectForAllocation", Time since last: 496175677 ns, Reaching safepoint: 99463 ns, At safepoint: 15722225 ns, Total: 15821688 ns
[2020-09-11T12:52:06.736+0000][1][gc,start     ] GC(49) Pause Young (Allocation Failure)
[2020-09-11T12:52:06.736+0000][1][gc,task      ] GC(49) Using 1 workers of 1 for evacuation
[2020-09-11T12:52:06.738+0000][1][gc,age       ] GC(49) Desired survivor size 4358144 bytes, new threshold 6 (max threshold 6)
[2020-09-11T12:52:06.738+0000][1][gc,age       ] GC(49) Age table with threshold 6 (max threshold 6)
[2020-09-11T12:52:06.738+0000][1][gc,age       ] GC(49) - age   1:        208 bytes,        208 total
[2020-09-11T12:52:06.738+0000][1][gc,heap      ] GC(49) ParNew: 68168K->2K(76672K)
[2020-09-11T12:52:06.738+0000][1][gc,heap      ] GC(49) CMS: 48857K->48857K(439104K)
[2020-09-11T12:52:06.738+0000][1][gc,metaspace ] GC(49) Metaspace: 32391K->32391K(1079296K)
[2020-09-11T12:52:06.738+0000][1][gc           ] GC(49) Pause Young (Allocation Failure) 114M->47M(503M) 2.378ms
[2020-09-11T12:52:06.738+0000][1][gc,cpu       ] GC(49) User=0.00s Sys=0.00s Real=0.00s
[2020-09-11T12:52:06.746+0000][1][safepoint    ] Safepoint "GenCollectForAllocation", Time since last: 284071228 ns, Reaching safepoint: 112187 ns, At safepoint: 9903087 ns, Total: 10015274 ns
[2020-09-11T12:52:07.203+0000][1][safepoint    ] Safepoint "RevokeBias", Time since last: 454770170 ns, Reaching safepoint: 3005737 ns, At safepoint: 46673 ns, Total: 3052410 ns
[2020-09-11T12:52:08.229+0000][1][safepoint    ] Safepoint "Cleanup", Time since last: 1012103428 ns, Reaching safepoint: 13825702 ns, At safepoint: 13368 ns, Total: 13839070 ns
[2020-09-11T12:52:10.240+0000][1][gc,start     ] GC(50) Pause Young (Allocation Failure)
[2020-09-11T12:52:10.240+0000][1][gc,task      ] GC(50) Using 1 workers of 1 for evacuation
[2020-09-11T12:52:10.242+0000][1][gc,age       ] GC(50) Desired survivor size 4358144 bytes, new threshold 6 (max threshold 6)
[2020-09-11T12:52:10.242+0000][1][gc,age       ] GC(50) Age table with threshold 6 (max threshold 6)
[2020-09-11T12:52:10.242+0000][1][gc,age       ] GC(50) - age   1:     133728 bytes,     133728 total
[2020-09-11T12:52:10.242+0000][1][gc,heap      ] GC(50) ParNew: 68162K->131K(76672K)
[2020-09-11T12:52:10.242+0000][1][gc,heap      ] GC(50) CMS: 48857K->48857K(439104K)
[2020-09-11T12:52:10.242+0000][1][gc,metaspace ] GC(50) Metaspace: 32393K->32393K(1079296K)
[2020-09-11T12:52:10.242+0000][1][gc           ] GC(50) Pause Young (Allocation Failure) 114M->47M(503M) 2.503ms
[2020-09-11T12:52:10.242+0000][1][gc,cpu       ] GC(50) User=0.00s Sys=0.00s Real=0.00s
[2020-09-11T12:52:10.249+0000][1][safepoint    ] Safepoint "GenCollectForAllocation", Time since last: 2010141846 ns, Reaching safepoint: 115402 ns, At safepoint: 9261055 ns, Total: 9376457 ns
[2020-09-11T12:52:11.234+0000][1][gc,start     ] GC(51) Pause Young (Allocation Failure)
[2020-09-11T12:52:11.234+0000][1][gc,task      ] GC(51) Using 1 workers of 1 for evacuation
[2020-09-11T12:52:11.244+0000][1][gc,age       ] GC(51) Desired survivor size 4358144 bytes, new threshold 6 (max threshold 6)
[2020-09-11T12:52:11.244+0000][1][gc,age       ] GC(51) Age table with threshold 6 (max threshold 6)
[2020-09-11T12:52:11.244+0000][1][gc,age       ] GC(51) - age   1:     546936 bytes,     546936 total
[2020-09-11T12:52:11.244+0000][1][gc,age       ] GC(51) - age   2:      83488 bytes,     630424 total
[2020-09-11T12:52:11.244+0000][1][gc,heap      ] GC(51) ParNew: 68291K->635K(76672K)
[2020-09-11T12:52:11.244+0000][1][gc,heap      ] GC(51) CMS: 48857K->48857K(439104K)
[2020-09-11T12:52:11.244+0000][1][gc,metaspace ] GC(51) Metaspace: 32393K->32393K(1079296K)
[2020-09-11T12:52:11.244+0000][1][gc           ] GC(51) Pause Young (Allocation Failure) 114M->48M(503M) 10.949ms
[2020-09-11T12:52:11.245+0000][1][gc,cpu       ] GC(51) User=0.00s Sys=0.00s Real=0.02s
[2020-09-11T12:52:11.245+0000][1][safepoint    ] Safepoint "GenCollectForAllocation", Time since last: 983074313 ns, Reaching safepoint: 1655809 ns, At safepoint: 11007817 ns, Total: 12663626 ns
[2020-09-11T12:52:11.847+0000][1][gc,start     ] GC(52) Pause Young (Allocation Failure)
[2020-09-11T12:52:11.848+0000][1][gc,task      ] GC(52) Using 1 workers of 1 for evacuation
[2020-09-11T12:52:11.852+0000][1][gc,age       ] GC(52) Desired survivor size 4358144 bytes, new threshold 6 (max threshold 6)
[2020-09-11T12:52:11.852+0000][1][gc,age       ] GC(52) Age table with threshold 6 (max threshold 6)
[2020-09-11T12:52:11.852+0000][1][gc,age       ] GC(52) - age   1:     642632 bytes,     642632 total
[2020-09-11T12:52:11.852+0000][1][gc,age       ] GC(52) - age   2:     375088 bytes,    1017720 total
[2020-09-11T12:52:11.852+0000][1][gc,age       ] GC(52) - age   3:      82888 bytes,    1100608 total
[2020-09-11T12:52:11.852+0000][1][gc,heap      ] GC(52) ParNew: 68795K->1106K(76672K)
[2020-09-11T12:52:11.852+0000][1][gc,heap      ] GC(52) CMS: 48857K->48857K(439104K)
[2020-09-11T12:52:11.852+0000][1][gc,metaspace ] GC(52) Metaspace: 32393K->32393K(1079296K)
[2020-09-11T12:52:11.852+0000][1][gc           ] GC(52) Pause Young (Allocation Failure) 114M->48M(503M) 4.738ms
[2020-09-11T12:52:11.852+0000][1][gc,cpu       ] GC(52) User=0.01s Sys=0.00s Real=0.00s
[2020-09-11T12:52:11.859+0000][1][safepoint    ] Safepoint "GenCollectForAllocation", Time since last: 602784927 ns, Reaching safepoint: 114006 ns, At safepoint: 11988084 ns, Total: 12102090 ns
[2020-09-11T12:52:12.276+0000][1][gc,start     ] GC(53) Pause Young (Allocation Failure)
[2020-09-11T12:52:12.276+0000][1][gc,task      ] GC(53) Using 1 workers of 1 for evacuation
[2020-09-11T12:52:12.278+0000][1][gc,age       ] GC(53) Desired survivor size 4358144 bytes, new threshold 6 (max threshold 6)
[2020-09-11T12:52:12.278+0000][1][gc,age       ] GC(53) Age table with threshold 6 (max threshold 6)
[2020-09-11T12:52:12.278+0000][1][gc,age       ] GC(53) - age   1:     314032 bytes,     314032 total
[2020-09-11T12:52:12.278+0000][1][gc,age       ] GC(53) - age   2:     626728 bytes,     940760 total
[2020-09-11T12:52:12.278+0000][1][gc,age       ] GC(53) - age   3:     374352 bytes,    1315112 total
[2020-09-11T12:52:12.278+0000][1][gc,age       ] GC(53) - age   4:      82224 bytes,    1397336 total
[2020-09-11T12:52:12.278+0000][1][gc,heap      ] GC(53) ParNew: 69266K->1392K(76672K)
[2020-09-11T12:52:12.278+0000][1][gc,heap      ] GC(53) CMS: 48857K->48857K(439104K)
[2020-09-11T12:52:12.278+0000][1][gc,metaspace ] GC(53) Metaspace: 32393K->32393K(1079296K)
[2020-09-11T12:52:12.278+0000][1][gc           ] GC(53) Pause Young (Allocation Failure) 115M->49M(503M) 2.780ms
[2020-09-11T12:52:12.278+0000][1][gc,cpu       ] GC(53) User=0.00s Sys=0.00s Real=0.00s
[2020-09-11T12:52:12.287+0000][1][safepoint    ] Safepoint "GenCollectForAllocation", Time since last: 416007622 ns, Reaching safepoint: 100748 ns, At safepoint: 11904129 ns, Total: 12004877 ns
[2020-09-11T12:52:12.879+0000][1][gc,start     ] GC(54) Pause Young (Allocation Failure)
[2020-09-11T12:52:12.880+0000][1][gc,task      ] GC(54) Using 1 workers of 1 for evacuation
[2020-09-11T12:52:12.882+0000][1][gc,age       ] GC(54) Desired survivor size 4358144 bytes, new threshold 6 (max threshold 6)
[2020-09-11T12:52:12.882+0000][1][gc,age       ] GC(54) Age table with threshold 6 (max threshold 6)
[2020-09-11T12:52:12.882+0000][1][gc,age       ] GC(54) - age   1:     964816 bytes,     964816 total
[2020-09-11T12:52:12.882+0000][1][gc,age       ] GC(54) - age   2:     302440 bytes,    1267256 total
[2020-09-11T12:52:12.882+0000][1][gc,age       ] GC(54) - age   3:     298064 bytes,    1565320 total
[2020-09-11T12:52:12.882+0000][1][gc,age       ] GC(54) - age   4:     374352 bytes,    1939672 total
[2020-09-11T12:52:12.882+0000][1][gc,age       ] GC(54) - age   5:      82064 bytes,    2021736 total
[2020-09-11T12:52:12.882+0000][1][gc,heap      ] GC(54) ParNew: 69552K->2054K(76672K)
[2020-09-11T12:52:12.882+0000][1][gc,heap      ] GC(54) CMS: 48857K->48857K(439104K)
[2020-09-11T12:52:12.882+0000][1][gc,metaspace ] GC(54) Metaspace: 32393K->32393K(1079296K)
[2020-09-11T12:52:12.882+0000][1][gc           ] GC(54) Pause Young (Allocation Failure) 115M->49M(503M) 2.875ms
[2020-09-11T12:52:12.882+0000][1][gc,cpu       ] GC(54) User=0.00s Sys=0.00s Real=0.00s
[2020-09-11T12:52:12.895+0000][1][safepoint    ] Safepoint "GenCollectForAllocation", Time since last: 589412499 ns, Reaching safepoint: 2586108 ns, At safepoint: 16004253 ns, Total: 18590361 ns
[2020-09-11T12:52:13.323+0000][1][gc,start     ] GC(55) Pause Young (Allocation Failure)
[2020-09-11T12:52:13.324+0000][1][gc,task      ] GC(55) Using 1 workers of 1 for evacuation
[2020-09-11T12:52:13.327+0000][1][gc,age       ] GC(55) Desired survivor size 4358144 bytes, new threshold 6 (max threshold 6)
[2020-09-11T12:52:13.327+0000][1][gc,age       ] GC(55) Age table with threshold 6 (max threshold 6)
[2020-09-11T12:52:13.327+0000][1][gc,age       ] GC(55) - age   1:     314080 bytes,     314080 total
[2020-09-11T12:52:13.327+0000][1][gc,age       ] GC(55) - age   2:     952336 bytes,    1266416 total
[2020-09-11T12:52:13.327+0000][1][gc,age       ] GC(55) - age   3:     298208 bytes,    1564624 total
[2020-09-11T12:52:13.327+0000][1][gc,age       ] GC(55) - age   4:     297424 bytes,    1862048 total
[2020-09-11T12:52:13.327+0000][1][gc,age       ] GC(55) - age   5:     374096 bytes,    2236144 total
[2020-09-11T12:52:13.327+0000][1][gc,age       ] GC(55) - age   6:      82040 bytes,    2318184 total
[2020-09-11T12:52:13.327+0000][1][gc,heap      ] GC(55) ParNew: 70214K->2314K(76672K)
[2020-09-11T12:52:13.327+0000][1][gc,heap      ] GC(55) CMS: 48857K->48857K(439104K)
[2020-09-11T12:52:13.327+0000][1][gc,metaspace ] GC(55) Metaspace: 32393K->32393K(1079296K)
[2020-09-11T12:52:13.327+0000][1][gc           ] GC(55) Pause Young (Allocation Failure) 116M->49M(503M) 3.344ms
[2020-09-11T12:52:13.327+0000][1][gc,cpu       ] GC(55) User=0.00s Sys=0.00s Real=0.00s
[2020-09-11T12:52:13.331+0000][1][safepoint    ] Safepoint "GenCollectForAllocation", Time since last: 423993952 ns, Reaching safepoint: 4001255 ns, At safepoint: 7132060 ns, Total: 11133315 ns
[2020-09-11T12:52:14.343+0000][1][safepoint    ] Safepoint "Cleanup", Time since last: 1000111631 ns, Reaching safepoint: 12783977 ns, At safepoint: 16034 ns, Total: 12800011 ns
[2020-09-11T12:52:14.640+0000][1][safepoint    ] Safepoint "Deoptimize", Time since last: 296522622 ns, Reaching safepoint: 109491 ns, At safepoint: 305089 ns, Total: 414580 ns
[2020-09-11T12:52:14.970+0000][1][safepoint    ] Safepoint "CollectForMetadataAllocation", Time since last: 329425909 ns, Reaching safepoint: 124798 ns, At safepoint: 105865 ns, Total: 230663 ns
[2020-09-11T12:52:15.140+0000][1][safepoint    ] Safepoint "CollectForMetadataAllocation", Time since last: 169914856 ns, Reaching safepoint: 104015 ns, At safepoint: 114161 ns, Total: 218176 ns
[2020-09-11T12:52:15.308+0000][1][safepoint    ] Safepoint "CollectForMetadataAllocation", Time since last: 167371547 ns, Reaching safepoint: 106691 ns, At safepoint: 132982 ns, Total: 239673 ns
[2020-09-11T12:52:15.340+0000][1][gc,start     ] GC(56) Pause Initial Mark
[2020-09-11T12:52:15.496+0000][1][gc           ] GC(56) Pause Initial Mark 109M->109M(503M) 156.120ms
[2020-09-11T12:52:15.496+0000][1][gc,cpu       ] GC(56) User=0.04s Sys=0.00s Real=0.16s
[2020-09-11T12:52:15.531+0000][1][safepoint    ] Safepoint "CMS_Initial_Mark", Time since last: 31645088 ns, Reaching safepoint: 232180 ns, At safepoint: 191729061 ns, Total: 191961241 ns
[2020-09-11T12:52:15.531+0000][1][gc           ] GC(56) Concurrent Mark
[2020-09-11T12:52:15.662+0000][1][safepoint    ] Safepoint "CollectForMetadataAllocation", Time since last: 107990905 ns, Reaching safepoint: 22952070 ns, At safepoint: 115534 ns, Total: 23067604 ns
[2020-09-11T12:52:15.788+0000][1][safepoint    ] Safepoint "CollectForMetadataAllocation", Time since last: 124949403 ns, Reaching safepoint: 50159 ns, At safepoint: 145109 ns, Total: 195268 ns
[2020-09-11T12:52:15.968+0000][1][safepoint    ] Safepoint "CollectForMetadataAllocation", Time since last: 180218561 ns, Reaching safepoint: 45941 ns, At safepoint: 107944 ns, Total: 153885 ns
[2020-09-11T12:52:16.033+0000][1][gc           ] GC(56) Concurrent Mark 501.525ms
[2020-09-11T12:52:16.033+0000][1][gc,cpu       ] GC(56) User=0.12s Sys=0.00s Real=0.50s
[2020-09-11T12:52:16.033+0000][1][gc           ] GC(56) Concurrent Preclean
[2020-09-11T12:52:16.035+0000][1][gc           ] GC(56) Concurrent Preclean 1.459ms
[2020-09-11T12:52:16.035+0000][1][gc,cpu       ] GC(56) User=0.01s Sys=0.00s Real=0.00s
[2020-09-11T12:52:16.035+0000][1][gc           ] GC(56) Concurrent Abortable Preclean
[2020-09-11T12:52:16.190+0000][1][safepoint    ] Safepoint "CollectForMetadataAllocation", Time since last: 222100306 ns, Reaching safepoint: 99353 ns, At safepoint: 104543 ns, Total: 203896 ns
[2020-09-11T12:52:16.224+0000][1][gc,start     ] GC(57) Pause Young (Allocation Failure)
[2020-09-11T12:52:16.224+0000][1][gc,task      ] GC(57) Using 1 workers of 1 for evacuation
[2020-09-11T12:52:16.270+0000][1][gc,age       ] GC(57) Desired survivor size 4358144 bytes, new threshold 6 (max threshold 6)
[2020-09-11T12:52:16.270+0000][1][gc,age       ] GC(57) Age table with threshold 6 (max threshold 6)
[2020-09-11T12:52:16.271+0000][1][gc,age       ] GC(57) - age   1:    1336304 bytes,    1336304 total
[2020-09-11T12:52:16.271+0000][1][gc,age       ] GC(57) - age   2:     301760 bytes,    1638064 total
[2020-09-11T12:52:16.271+0000][1][gc,age       ] GC(57) - age   3:     951640 bytes,    2589704 total
[2020-09-11T12:52:16.271+0000][1][gc,age       ] GC(57) - age   4:     297792 bytes,    2887496 total
[2020-09-11T12:52:16.271+0000][1][gc,age       ] GC(57) - age   5:     297304 bytes,    3184800 total
[2020-09-11T12:52:16.271+0000][1][gc,age       ] GC(57) - age   6:     374096 bytes,    3558896 total
[2020-09-11T12:52:16.271+0000][1][gc,heap      ] GC(57) ParNew: 70474K->3479K(76672K)
[2020-09-11T12:52:16.271+0000][1][gc,heap      ] GC(57) CMS: 48857K->48934K(439104K)
[2020-09-11T12:52:16.271+0000][1][gc,metaspace ] GC(57) Metaspace: 36138K->36138K(1083392K)
[2020-09-11T12:52:16.271+0000][1][gc           ] GC(57) Pause Young (Allocation Failure) 116M->51M(503M) 46.174ms
[2020-09-11T12:52:16.271+0000][1][gc,cpu       ] GC(57) User=0.01s Sys=0.00s Real=0.04s
[2020-09-11T12:52:16.330+0000][1][safepoint    ] Safepoint "GenCollectForAllocation", Time since last: 34002189 ns, Reaching safepoint: 92099 ns, At safepoint: 105120371 ns, Total: 105212470 ns
[2020-09-11T12:52:16.853+0000][1][gc           ] GC(56) Concurrent Abortable Preclean 818.038ms
[2020-09-11T12:52:16.853+0000][1][gc,cpu       ] GC(56) User=0.20s Sys=0.00s Real=0.82s
[2020-09-11T12:52:16.853+0000][1][gc,start     ] GC(56) Pause Remark
[2020-09-11T12:52:16.946+0000][1][gc           ] GC(56) Pause Remark 111M->111M(503M) 92.850ms
[2020-09-11T12:52:16.946+0000][1][gc,cpu       ] GC(56) User=0.02s Sys=0.00s Real=0.10s
[2020-09-11T12:52:16.990+0000][1][safepoint    ] Safepoint "CMS_Final_Remark", Time since last: 523160148 ns, Reaching safepoint: 117967 ns, At safepoint: 136857893 ns, Total: 136975860 ns
[2020-09-11T12:52:16.990+0000][1][gc           ] GC(56) Concurrent Sweep
[2020-09-11T12:52:17.020+0000][1][gc,start     ] GC(58) Pause Young (Allocation Failure)
[2020-09-11T12:52:17.020+0000][1][gc,task      ] GC(58) Using 1 workers of 1 for evacuation
[2020-09-11T12:52:17.057+0000][1][gc,age       ] GC(58) Desired survivor size 4358144 bytes, new threshold 6 (max threshold 6)
[2020-09-11T12:52:17.057+0000][1][gc,age       ] GC(58) Age table with threshold 6 (max threshold 6)
[2020-09-11T12:52:17.057+0000][1][gc,age       ] GC(58) - age   1:     211168 bytes,     211168 total
[2020-09-11T12:52:17.057+0000][1][gc,age       ] GC(58) - age   2:    1308224 bytes,    1519392 total
[2020-09-11T12:52:17.057+0000][1][gc,age       ] GC(58) - age   3:     301760 bytes,    1821152 total
[2020-09-11T12:52:17.057+0000][1][gc,age       ] GC(58) - age   4:     951640 bytes,    2772792 total
[2020-09-11T12:52:17.057+0000][1][gc,age       ] GC(58) - age   5:     297792 bytes,    3070584 total
[2020-09-11T12:52:17.057+0000][1][gc,age       ] GC(58) - age   6:     297136 bytes,    3367720 total
[2020-09-11T12:52:17.057+0000][1][gc,heap      ] GC(58) ParNew: 71639K->3512K(76672K)
[2020-09-11T12:52:17.057+0000][1][gc,heap      ] GC(58) CMS: 48777K->49142K(439104K)
[2020-09-11T12:52:17.057+0000][1][gc,metaspace ] GC(58) Metaspace: 36158K->36158K(1083392K)
[2020-09-11T12:52:17.057+0000][1][gc           ] GC(58) Pause Young (Allocation Failure) 117M->51M(503M) 36.670ms
[2020-09-11T12:52:17.057+0000][1][gc,cpu       ] GC(58) User=0.01s Sys=0.00s Real=0.04s
[2020-09-11T12:52:17.083+0000][1][safepoint    ] Safepoint "GenCollectForAllocation", Time since last: 30114417 ns, Reaching safepoint: 303077 ns, At safepoint: 63330174 ns, Total: 63633251 ns
[2020-09-11T12:52:17.146+0000][1][gc           ] GC(56) Concurrent Sweep 156.272ms
[2020-09-11T12:52:17.146+0000][1][gc,cpu       ] GC(56) User=0.04s Sys=0.00s Real=0.16s
[2020-09-11T12:52:17.146+0000][1][gc           ] GC(56) Concurrent Reset
[2020-09-11T12:52:17.147+0000][1][gc           ] GC(56) Concurrent Reset 0.599ms
[2020-09-11T12:52:17.147+0000][1][gc,cpu       ] GC(56) User=0.00s Sys=0.00s Real=0.00s
[2020-09-11T12:52:17.147+0000][1][gc,heap      ] GC(56) Old: 48857K->48245K(439104K)
[2020-09-11T12:52:18.107+0000][1][safepoint    ] Safepoint "Cleanup", Time since last: 1023200803 ns, Reaching safepoint: 118284 ns, At safepoint: 5867 ns, Total: 124151 ns
[2020-09-11T12:52:19.024+0000][1][safepoint    ] Safepoint "RevokeBias", Time since last: 916710268 ns, Reaching safepoint: 150346 ns, At safepoint: 43781 ns, Total: 194127 ns
[2020-09-11T12:52:20.026+0000][1][safepoint    ] Safepoint "Cleanup", Time since last: 1001113193 ns, Reaching safepoint: 1277657 ns, At safepoint: 9368 ns, Total: 1287025 ns
[2020-09-11T12:52:21.028+0000][1][safepoint    ] Safepoint "Cleanup", Time since last: 1001384461 ns, Reaching safepoint: 400005 ns, At safepoint: 8140 ns, Total: 408145 ns
[2020-09-11T12:52:21.648+0000][1][gc,start     ] GC(59) Pause Young (Allocation Failure)
[2020-09-11T12:52:21.648+0000][1][gc,task      ] GC(59) Using 1 workers of 1 for evacuation
[2020-09-11T12:52:21.750+0000][1][gc,age       ] GC(59) Desired survivor size 4358144 bytes, new threshold 4 (max threshold 6)
[2020-09-11T12:52:21.750+0000][1][gc,age       ] GC(59) Age table with threshold 4 (max threshold 6)
[2020-09-11T12:52:21.750+0000][1][gc,age       ] GC(59) - age   1:    2641400 bytes,    2641400 total
[2020-09-11T12:52:21.750+0000][1][gc,age       ] GC(59) - age   2:     167008 bytes,    2808408 total
[2020-09-11T12:52:21.750+0000][1][gc,age       ] GC(59) - age   3:    1304472 bytes,    4112880 total
[2020-09-11T12:52:21.750+0000][1][gc,age       ] GC(59) - age   4:     301760 bytes,    4414640 total
[2020-09-11T12:52:21.750+0000][1][gc,age       ] GC(59) - age   5:     951640 bytes,    5366280 total
[2020-09-11T12:52:21.750+0000][1][gc,age       ] GC(59) - age   6:     297792 bytes,    5664072 total
[2020-09-11T12:52:21.750+0000][1][gc,heap      ] GC(59) ParNew: 71672K->6597K(76672K)
[2020-09-11T12:52:21.750+0000][1][gc,heap      ] GC(59) CMS: 48245K->48535K(439104K)
[2020-09-11T12:52:21.750+0000][1][gc,metaspace ] GC(59) Metaspace: 41841K->41841K(1087488K)
[2020-09-11T12:52:21.750+0000][1][gc           ] GC(59) Pause Young (Allocation Failure) 117M->53M(503M) 102.135ms
[2020-09-11T12:52:21.750+0000][1][gc,cpu       ] GC(59) User=0.03s Sys=0.00s Real=0.10s
[2020-09-11T12:52:21.755+0000][1][safepoint    ] Safepoint "GenCollectForAllocation", Time since last: 619590071 ns, Reaching safepoint: 112141 ns, At safepoint: 107937520 ns, Total: 108049661 ns
[2020-09-11T12:52:22.815+0000][1][safepoint    ] Safepoint "Cleanup", Time since last: 1039944713 ns, Reaching safepoint: 20060666 ns, At safepoint: 15060 ns, Total: 20075726 ns
[2020-09-11T12:52:23.831+0000][1][safepoint    ] Safepoint "Cleanup", Time since last: 1011927496 ns, Reaching safepoint: 4022410 ns, At safepoint: 13030 ns, Total: 4035440 ns
[2020-09-11T12:52:24.838+0000][1][safepoint    ] Safepoint "Cleanup", Time since last: 1006431006 ns, Reaching safepoint: 118492 ns, At safepoint: 5916 ns, Total: 124408 ns
[2020-09-11T12:52:28.862+0000][1][safepoint    ] Safepoint "RevokeBias", Time since last: 4023721993 ns, Reaching safepoint: 104594 ns, At safepoint: 47824 ns, Total: 152418 ns
[2020-09-11T12:52:28.862+0000][1][safepoint    ] Safepoint "RevokeBias", Time since last: 161935 ns, Reaching safepoint: 82693 ns, At safepoint: 36200 ns, Total: 118893 ns
[2020-09-11T12:52:28.862+0000][1][safepoint    ] Safepoint "RevokeBias", Time since last: 114949 ns, Reaching safepoint: 82838 ns, At safepoint: 32634 ns, Total: 115472 ns
[2020-09-11T12:52:28.863+0000][1][safepoint    ] Safepoint "RevokeBias", Time since last: 149417 ns, Reaching safepoint: 83144 ns, At safepoint: 32853 ns, Total: 115997 ns
[2020-09-11T12:52:28.863+0000][1][safepoint    ] Safepoint "RevokeBias", Time since last: 64646 ns, Reaching safepoint: 84053 ns, At safepoint: 32323 ns, Total: 116376 ns
[2020-09-11T12:52:28.863+0000][1][safepoint    ] Safepoint "RevokeBias", Time since last: 35697 ns, Reaching safepoint: 81732 ns, At safepoint: 32672 ns, Total: 114404 ns
[2020-09-11T12:52:28.863+0000][1][safepoint    ] Safepoint "RevokeBias", Time since last: 54800 ns, Reaching safepoint: 81671 ns, At safepoint: 31572 ns, Total: 113243 ns
[2020-09-11T12:52:28.863+0000][1][safepoint    ] Safepoint "RevokeBias", Time since last: 29227 ns, Reaching safepoint: 80737 ns, At safepoint: 31226 ns, Total: 111963 ns
[2020-09-11T12:52:28.863+0000][1][safepoint    ] Safepoint "RevokeBias", Time since last: 28518 ns, Reaching safepoint: 83053 ns, At safepoint: 31379 ns, Total: 114432 ns
[2020-09-11T12:52:28.864+0000][1][safepoint    ] Safepoint "RevokeBias", Time since last: 28873 ns, Reaching safepoint: 80095 ns, At safepoint: 31251 ns, Total: 111346 ns
[2020-09-11T12:52:28.864+0000][1][safepoint    ] Safepoint "RevokeBias", Time since last: 30691 ns, Reaching safepoint: 96967 ns, At safepoint: 41963 ns, Total: 138930 ns
[2020-09-11T12:52:28.864+0000][1][safepoint    ] Safepoint "RevokeBias", Time since last: 28468 ns, Reaching safepoint: 80707 ns, At safepoint: 32320 ns, Total: 113027 ns
[2020-09-11T12:52:28.864+0000][1][safepoint    ] Safepoint "RevokeBias", Time since last: 27856 ns, Reaching safepoint: 80534 ns, At safepoint: 41131 ns, Total: 121665 ns
[2020-09-11T12:52:28.867+0000][1][safepoint    ] Safepoint "RevokeBias", Time since last: 29342 ns, Reaching safepoint: 3364665 ns, At safepoint: 45678 ns, Total: 3410343 ns
[2020-09-11T12:52:28.868+0000][1][safepoint    ] Safepoint "RevokeBias", Time since last: 59745 ns, Reaching safepoint: 82270 ns, At safepoint: 33639 ns, Total: 115909 ns
[2020-09-11T12:52:28.868+0000][1][safepoint    ] Safepoint "RevokeBias", Time since last: 30937 ns, Reaching safepoint: 80957 ns, At safepoint: 31544 ns, Total: 112501 ns
[2020-09-11T12:52:28.868+0000][1][safepoint    ] Safepoint "RevokeBias", Time since last: 68189 ns, Reaching safepoint: 82754 ns, At safepoint: 35158 ns, Total: 117912 ns
[2020-09-11T12:52:28.868+0000][1][safepoint    ] Safepoint "RevokeBias", Time since last: 37729 ns, Reaching safepoint: 83783 ns, At safepoint: 32127 ns, Total: 115910 ns
[2020-09-11T12:52:28.868+0000][1][safepoint    ] Safepoint "RevokeBias", Time since last: 83392 ns, Reaching safepoint: 83111 ns, At safepoint: 31467 ns, Total: 114578 ns
[2020-09-11T12:52:28.876+0000][1][safepoint    ] Safepoint "RevokeBias", Time since last: 7092803 ns, Reaching safepoint: 105557 ns, At safepoint: 45296 ns, Total: 150853 ns
[2020-09-11T12:52:28.876+0000][1][safepoint    ] Safepoint "RevokeBias", Time since last: 150631 ns, Reaching safepoint: 86972 ns, At safepoint: 35050 ns, Total: 122022 ns
[2020-09-11T12:52:28.894+0000][1][safepoint    ] Safepoint "RevokeBias", Time since last: 10384632 ns, Reaching safepoint: 7333534 ns, At safepoint: 64789 ns, Total: 7398323 ns
[2020-09-11T12:52:28.894+0000][1][safepoint    ] Safepoint "RevokeBias", Time since last: 421050 ns, Reaching safepoint: 87282 ns, At safepoint: 36073 ns, Total: 123355 ns
[2020-09-11T12:52:31.197+0000][1][safepoint    ] Safepoint "Cleanup", Time since last: 2293257107 ns, Reaching safepoint: 9083826 ns, At safepoint: 12743 ns, Total: 9096569 ns
[2020-09-11T12:52:32.208+0000][1][safepoint    ] Safepoint "Cleanup", Time since last: 1010868262 ns, Reaching safepoint: 122830 ns, At safepoint: 6941 ns, Total: 129771 ns
[2020-09-11T12:52:33.213+0000][1][safepoint    ] Safepoint "Cleanup", Time since last: 1000114094 ns, Reaching safepoint: 4889973 ns, At safepoint: 11050 ns, Total: 4901023 ns
[2020-09-11T12:52:33.432+0000][1][gc,start     ] GC(60) Pause Young (Allocation Failure)
[2020-09-11T12:52:33.432+0000][1][gc,task      ] GC(60) Using 1 workers of 1 for evacuation
[2020-09-11T12:52:33.533+0000][1][gc,age       ] GC(60) Desired survivor size 4358144 bytes, new threshold 2 (max threshold 6)
[2020-09-11T12:52:33.533+0000][1][gc,age       ] GC(60) Age table with threshold 2 (max threshold 6)
[2020-09-11T12:52:33.533+0000][1][gc,age       ] GC(60) - age   1:    2741808 bytes,    2741808 total
[2020-09-11T12:52:33.533+0000][1][gc,age       ] GC(60) - age   2:    2570408 bytes,    5312216 total
[2020-09-11T12:52:33.533+0000][1][gc,age       ] GC(60) - age   3:     167008 bytes,    5479224 total
[2020-09-11T12:52:33.533+0000][1][gc,age       ] GC(60) - age   4:    1304176 bytes,    6783400 total
[2020-09-11T12:52:33.533+0000][1][gc,heap      ] GC(60) ParNew: 74757K->8512K(76672K)
[2020-09-11T12:52:33.533+0000][1][gc,heap      ] GC(60) CMS: 48535K->50050K(439104K)
[2020-09-11T12:52:33.533+0000][1][gc,metaspace ] GC(60) Metaspace: 47592K->47592K(1093632K)
[2020-09-11T12:52:33.533+0000][1][gc           ] GC(60) Pause Young (Allocation Failure) 120M->57M(503M) 101.449ms
[2020-09-11T12:52:33.533+0000][1][gc,cpu       ] GC(60) User=0.03s Sys=0.00s Real=0.10s
[2020-09-11T12:52:33.550+0000][1][safepoint    ] Safepoint "GenCollectForAllocation", Time since last: 218879785 ns, Reaching safepoint: 118456 ns, At safepoint: 118138626 ns, Total: 118257082 ns
[2020-09-11T12:52:33.600+0000][1][safepoint    ] Safepoint "RevokeBias", Time since last: 49736837 ns, Reaching safepoint: 112409 ns, At safepoint: 17117 ns, Total: 129526 ns
[2020-09-11T12:52:33.600+0000][1][safepoint    ] Safepoint "RevokeBias", Time since last: 83440 ns, Reaching safepoint: 79883 ns, At safepoint: 9363 ns, Total: 89246 ns
[2020-09-11T12:52:33.836+0000][1][safepoint    ] Safepoint "RevokeBias", Time since last: 235707888 ns, Reaching safepoint: 112290 ns, At safepoint: 37077 ns, Total: 149367 ns
[2020-09-11T12:52:33.860+0000][1][safepoint    ] Safepoint "RevokeBias", Time since last: 23837564 ns, Reaching safepoint: 107298 ns, At safepoint: 39190 ns, Total: 146488 ns
[2020-09-11T12:52:34.712+0000][1][safepoint    ] Safepoint "RevokeBias", Time since last: 840075646 ns, Reaching safepoint: 12135169 ns, At safepoint: 39233 ns, Total: 12174402 ns
[2020-09-11T12:52:34.712+0000][1][safepoint    ] Safepoint "RevokeBias", Time since last: 245559 ns, Reaching safepoint: 85706 ns, At safepoint: 17794 ns, Total: 103500 ns
[2020-09-11T12:52:34.712+0000][1][safepoint    ] Safepoint "RevokeBias", Time since last: 48299 ns, Reaching safepoint: 81493 ns, At safepoint: 16589 ns, Total: 98082 ns
[2020-09-11T12:52:34.931+0000][1][safepoint    ] Safepoint "RevokeBias", Time since last: 218761877 ns, Reaching safepoint: 113557 ns, At safepoint: 36090 ns, Total: 149647 ns
[2020-09-11T12:52:34.934+0000][1][safepoint    ] Safepoint "RevokeBias", Time since last: 3035278 ns, Reaching safepoint: 106104 ns, At safepoint: 42984 ns, Total: 149088 ns
[2020-09-11T12:52:34.935+0000][1][safepoint    ] Safepoint "RevokeBias", Time since last: 122312 ns, Reaching safepoint: 83458 ns, At safepoint: 23649 ns, Total: 107107 ns
[2020-09-11T12:52:34.935+0000][1][safepoint    ] Safepoint "RevokeBias", Time since last: 388392 ns, Reaching safepoint: 84621 ns, At safepoint: 23135 ns, Total: 107756 ns
[2020-09-11T12:52:34.940+0000][1][safepoint    ] Safepoint "RevokeBias", Time since last: 4964424 ns, Reaching safepoint: 113264 ns, At safepoint: 48028 ns, Total: 161292 ns
[2020-09-11T12:52:34.944+0000][1][safepoint    ] Safepoint "RevokeBias", Time since last: 3202778 ns, Reaching safepoint: 113446 ns, At safepoint: 41327 ns, Total: 154773 ns
[2020-09-11T12:52:34.944+0000][1][safepoint    ] Safepoint "RevokeBias", Time since last: 189438 ns, Reaching safepoint: 83538 ns, At safepoint: 23242 ns, Total: 106780 ns
[2020-09-11T12:52:34.945+0000][1][safepoint    ] Safepoint "RevokeBias", Time since last: 1330903 ns, Reaching safepoint: 90306 ns, At safepoint: 24867 ns, Total: 115173 ns
[2020-09-11T12:52:34.946+0000][1][safepoint    ] Safepoint "RevokeBias", Time since last: 76596 ns, Reaching safepoint: 80846 ns, At safepoint: 18517 ns, Total: 99363 ns
[2020-09-11T12:52:34.961+0000][1][safepoint    ] Safepoint "RevokeBias", Time since last: 9892837 ns, Reaching safepoint: 5079545 ns, At safepoint: 33383 ns, Total: 5112928 ns
[2020-09-11T12:52:34.966+0000][1][safepoint    ] Safepoint "RevokeBias", Time since last: 5010003 ns, Reaching safepoint: 113136 ns, At safepoint: 34187 ns, Total: 147323 ns
[2020-09-11T12:52:34.966+0000][1][safepoint    ] Safepoint "RevokeBias", Time since last: 58685 ns, Reaching safepoint: 82527 ns, At safepoint: 20048 ns, Total: 102575 ns
[2020-09-11T12:52:34.966+0000][1][safepoint    ] Safepoint "RevokeBias", Time since last: 43266 ns, Reaching safepoint: 81392 ns, At safepoint: 17919 ns, Total: 99311 ns
[2020-09-11T12:52:34.966+0000][1][safepoint    ] Safepoint "RevokeBias", Time since last: 28478 ns, Reaching safepoint: 80707 ns, At safepoint: 16417 ns, Total: 97124 ns
[2020-09-11T12:52:34.966+0000][1][safepoint    ] Safepoint "RevokeBias", Time since last: 26901 ns, Reaching safepoint: 79564 ns, At safepoint: 14821 ns, Total: 94385 ns
[2020-09-11T12:52:34.966+0000][1][safepoint    ] Safepoint "RevokeBias", Time since last: 29883 ns, Reaching safepoint: 81622 ns, At safepoint: 17592 ns, Total: 99214 ns
[2020-09-11T12:52:34.967+0000][1][safepoint    ] Safepoint "BulkRevokeBias", Time since last: 27125 ns, Reaching safepoint: 81387 ns, At safepoint: 66339 ns, Total: 147726 ns
[2020-09-11T12:52:34.967+0000][1][safepoint    ] Safepoint "RevokeBias", Time since last: 63364 ns, Reaching safepoint: 82799 ns, At safepoint: 21985 ns, Total: 104784 ns
[2020-09-11T12:52:34.967+0000][1][safepoint    ] Safepoint "RevokeBias", Time since last: 34420 ns, Reaching safepoint: 82424 ns, At safepoint: 19210 ns, Total: 101634 ns
[2020-09-11T12:52:34.980+0000][1][safepoint    ] Safepoint "RevokeBias", Time since last: 13066769 ns, Reaching safepoint: 109368 ns, At safepoint: 50243 ns, Total: 159611 ns
[2020-09-11T12:52:34.980+0000][1][safepoint    ] Safepoint "RevokeBias", Time since last: 61497 ns, Reaching safepoint: 12856 ns, At safepoint: 10641 ns, Total: 23497 ns
[2020-09-11T12:52:34.980+0000][1][safepoint    ] Safepoint "RevokeBias", Time since last: 41720 ns, Reaching safepoint: 16439 ns, At safepoint: 11981 ns, Total: 28420 ns
[2020-09-11T12:52:34.993+0000][1][safepoint    ] Safepoint "RevokeBias", Time since last: 3237639 ns, Reaching safepoint: 9041299 ns, At safepoint: 33767 ns, Total: 9075066 ns
[2020-09-11T12:52:34.993+0000][1][safepoint    ] Safepoint "RevokeBias", Time since last: 543312 ns, Reaching safepoint: 89021 ns, At safepoint: 22803 ns, Total: 111824 ns
[2020-09-11T12:52:34.993+0000][1][safepoint    ] Safepoint "RevokeBias", Time since last: 33264 ns, Reaching safepoint: 82150 ns, At safepoint: 19898 ns, Total: 102048 ns
[2020-09-11T12:52:34.993+0000][1][safepoint    ] Safepoint "RevokeBias", Time since last: 28848 ns, Reaching safepoint: 80709 ns, At safepoint: 18451 ns, Total: 99160 ns
[2020-09-11T12:52:34.994+0000][1][safepoint    ] Safepoint "RevokeBias", Time since last: 33719 ns, Reaching safepoint: 82371 ns, At safepoint: 23750 ns, Total: 106121 ns
[2020-09-11T12:52:34.994+0000][1][safepoint    ] Safepoint "RevokeBias", Time since last: 28580 ns, Reaching safepoint: 81341 ns, At safepoint: 21828 ns, Total: 103169 ns
[2020-09-11T12:52:34.994+0000][1][safepoint    ] Safepoint "RevokeBias", Time since last: 27590 ns, Reaching safepoint: 79901 ns, At safepoint: 18415 ns, Total: 98316 ns
[2020-09-11T12:52:34.994+0000][1][safepoint    ] Safepoint "RevokeBias", Time since last: 29687 ns, Reaching safepoint: 80035 ns, At safepoint: 18431 ns, Total: 98466 ns
[2020-09-11T12:52:34.994+0000][1][safepoint    ] Safepoint "RevokeBias", Time since last: 26763 ns, Reaching safepoint: 80650 ns, At safepoint: 18637 ns, Total: 99287 ns
[2020-09-11T12:52:35.000+0000][1][safepoint    ] Safepoint "RevokeBias", Time since last: 5339375 ns, Reaching safepoint: 111364 ns, At safepoint: 39159 ns, Total: 150523 ns
[2020-09-11T12:52:35.000+0000][1][safepoint    ] Safepoint "RevokeBias", Time since last: 55290 ns, Reaching safepoint: 83111 ns, At safepoint: 27774 ns, Total: 110885 ns
[2020-09-11T12:52:35.000+0000][1][safepoint    ] Safepoint "RevokeBias", Time since last: 30830 ns, Reaching safepoint: 82127 ns, At safepoint: 21013 ns, Total: 103140 ns
[2020-09-11T12:52:35.000+0000][1][safepoint    ] Safepoint "RevokeBias", Time since last: 28384 ns, Reaching safepoint: 80431 ns, At safepoint: 19564 ns, Total: 99995 ns
[2020-09-11T12:52:35.000+0000][1][safepoint    ] Safepoint "RevokeBias", Time since last: 28612 ns, Reaching safepoint: 80392 ns, At safepoint: 19531 ns, Total: 99923 ns
[2020-09-11T12:52:35.000+0000][1][safepoint    ] Safepoint "RevokeBias", Time since last: 50877 ns, Reaching safepoint: 82381 ns, At safepoint: 20198 ns, Total: 102579 ns
[2020-09-11T12:52:35.000+0000][1][safepoint    ] Safepoint "RevokeBias", Time since last: 27759 ns, Reaching safepoint: 81468 ns, At safepoint: 25353 ns, Total: 106821 ns
[2020-09-11T12:52:35.001+0000][1][safepoint    ] Safepoint "BulkRevokeBias", Time since last: 28053 ns, Reaching safepoint: 79999 ns, At safepoint: 66954 ns, Total: 146953 ns
[2020-09-11T12:52:35.003+0000][1][safepoint    ] Safepoint "RevokeBias", Time since last: 2532514 ns, Reaching safepoint: 99201 ns, At safepoint: 37534 ns, Total: 136735 ns
[2020-09-11T12:52:35.004+0000][1][safepoint    ] Safepoint "RevokeBias", Time since last: 118349 ns, Reaching safepoint: 84282 ns, At safepoint: 27292 ns, Total: 111574 ns
[2020-09-11T12:52:35.004+0000][1][safepoint    ] Safepoint "RevokeBias", Time since last: 48679 ns, Reaching safepoint: 81865 ns, At safepoint: 22599 ns, Total: 104464 ns
[2020-09-11T12:52:35.004+0000][1][safepoint    ] Safepoint "RevokeBias", Time since last: 62798 ns, Reaching safepoint: 83284 ns, At safepoint: 19430 ns, Total: 102714 ns
[2020-09-11T12:52:35.004+0000][1][safepoint    ] Safepoint "RevokeBias", Time since last: 38072 ns, Reaching safepoint: 81654 ns, At safepoint: 19389 ns, Total: 101043 ns
[2020-09-11T12:52:35.004+0000][1][safepoint    ] Safepoint "RevokeBias", Time since last: 104618 ns, Reaching safepoint: 81665 ns, At safepoint: 42958 ns, Total: 124623 ns
[2020-09-11T12:52:35.005+0000][1][safepoint    ] Safepoint "RevokeBias", Time since last: 231723 ns, Reaching safepoint: 85753 ns, At safepoint: 24436 ns, Total: 110189 ns
[2020-09-11T12:52:35.005+0000][1][safepoint    ] Safepoint "RevokeBias", Time since last: 65068 ns, Reaching safepoint: 83749 ns, At safepoint: 23074 ns, Total: 106823 ns
[2020-09-11T12:52:35.005+0000][1][safepoint    ] Safepoint "RevokeBias", Time since last: 115567 ns, Reaching safepoint: 82906 ns, At safepoint: 19714 ns, Total: 102620 ns
[2020-09-11T12:52:35.005+0000][1][safepoint    ] Safepoint "RevokeBias", Time since last: 43313 ns, Reaching safepoint: 80428 ns, At safepoint: 19046 ns, Total: 99474 ns
[2020-09-11T12:52:35.016+0000][1][safepoint    ] Safepoint "RevokeBias", Time since last: 10392825 ns, Reaching safepoint: 115592 ns, At safepoint: 44157 ns, Total: 159749 ns
[2020-09-11T12:52:35.017+0000][1][safepoint    ] Safepoint "RevokeBias", Time since last: 955968 ns, Reaching safepoint: 88650 ns, At safepoint: 25331 ns, Total: 113981 ns
[2020-09-11T12:52:35.017+0000][1][safepoint    ] Safepoint "RevokeBias", Time since last: 248478 ns, Reaching safepoint: 87007 ns, At safepoint: 25528 ns, Total: 112535 ns
[2020-09-11T12:52:35.017+0000][1][safepoint    ] Safepoint "RevokeBias", Time since last: 121949 ns, Reaching safepoint: 83501 ns, At safepoint: 23700 ns, Total: 107201 ns
[2020-09-11T12:52:35.024+0000][1][safepoint    ] Safepoint "RevokeBias", Time since last: 6597354 ns, Reaching safepoint: 107291 ns, At safepoint: 39264 ns, Total: 146555 ns
[2020-09-11T12:52:35.025+0000][1][safepoint    ] Safepoint "RevokeBias", Time since last: 445487 ns, Reaching safepoint: 86403 ns, At safepoint: 31497 ns, Total: 117900 ns
[2020-09-11T12:52:35.025+0000][1][safepoint    ] Safepoint "RevokeBias", Time since last: 79257 ns, Reaching safepoint: 83816 ns, At safepoint: 25416 ns, Total: 109232 ns
[2020-09-11T12:52:35.025+0000][1][safepoint    ] Safepoint "BulkRevokeBias", Time since last: 197935 ns, Reaching safepoint: 83572 ns, At safepoint: 61728 ns, Total: 145300 ns
[2020-09-11T12:52:35.026+0000][1][safepoint    ] Safepoint "BulkRevokeBias", Time since last: 244558 ns, Reaching safepoint: 88313 ns, At safepoint: 56846 ns, Total: 145159 ns
[2020-09-11T12:52:35.057+0000][1][safepoint    ] Safepoint "RevokeBias", Time since last: 30893946 ns, Reaching safepoint: 250979 ns, At safepoint: 39325 ns, Total: 290304 ns
[2020-09-11T12:52:35.060+0000][1][safepoint    ] Safepoint "RevokeBias", Time since last: 3007005 ns, Reaching safepoint: 118634 ns, At safepoint: 41577 ns, Total: 160211 ns
[2020-09-11T12:52:35.060+0000][1][safepoint    ] Safepoint "RevokeBias", Time since last: 66992 ns, Reaching safepoint: 84429 ns, At safepoint: 22441 ns, Total: 106870 ns
[2020-09-11T12:52:35.556+0000][1][safepoint    ] Safepoint "RevokeBias", Time since last: 495359715 ns, Reaching safepoint: 116086 ns, At safepoint: 15211 ns, Total: 131297 ns
[2020-09-11T12:52:35.556+0000][1][safepoint    ] Safepoint "RevokeBias", Time since last: 280051 ns, Reaching safepoint: 82275 ns, At safepoint: 9576 ns, Total: 91851 ns
[2020-09-11T12:52:36.232+0000][1][gc,start     ] GC(61) Pause Young (Allocation Failure)
[2020-09-11T12:52:36.232+0000][1][gc,task      ] GC(61) Using 1 workers of 1 for evacuation
[2020-09-11T12:52:36.417+0000][1][gc,age       ] GC(61) Desired survivor size 4358144 bytes, new threshold 2 (max threshold 6)
[2020-09-11T12:52:36.417+0000][1][gc,age       ] GC(61) Age table with threshold 2 (max threshold 6)
[2020-09-11T12:52:36.417+0000][1][gc,age       ] GC(61) - age   1:    2194240 bytes,    2194240 total
[2020-09-11T12:52:36.417+0000][1][gc,age       ] GC(61) - age   2:    2659712 bytes,    4853952 total
[2020-09-11T12:52:36.417+0000][1][gc,heap      ] GC(61) ParNew: 76672K->6142K(76672K)
[2020-09-11T12:52:36.417+0000][1][gc,heap      ] GC(61) CMS: 50050K->54076K(439104K)
[2020-09-11T12:52:36.417+0000][1][gc,metaspace ] GC(61) Metaspace: 52505K->52505K(1097728K)
[2020-09-11T12:52:36.417+0000][1][gc           ] GC(61) Pause Young (Allocation Failure) 123M->58M(503M) 185.083ms
[2020-09-11T12:52:36.417+0000][1][gc,cpu       ] GC(61) User=0.07s Sys=0.00s Real=0.19s
[2020-09-11T12:52:36.430+0000][1][safepoint    ] Safepoint "GenCollectForAllocation", Time since last: 675506349 ns, Reaching safepoint: 127101 ns, At safepoint: 198144297 ns, Total: 198271398 ns
[2020-09-11T12:52:37.524+0000][1][safepoint    ] Safepoint "Cleanup", Time since last: 1093718489 ns, Reaching safepoint: 502364 ns, At safepoint: 8431 ns, Total: 510795 ns
[2020-09-11T12:52:38.063+0000][1][safepoint    ] Safepoint "RevokeBias", Time since last: 535243788 ns, Reaching safepoint: 4293496 ns, At safepoint: 17994 ns, Total: 4311490 ns
[2020-09-11T12:52:38.064+0000][1][safepoint    ] Safepoint "RevokeBias", Time since last: 78876 ns, Reaching safepoint: 95052 ns, At safepoint: 10658 ns, Total: 105710 ns
[2020-09-11T12:52:38.643+0000][1][safepoint    ] Safepoint "RevokeBias", Time since last: 577614740 ns, Reaching safepoint: 2160278 ns, At safepoint: 18746 ns, Total: 2179024 ns
[2020-09-11T12:52:38.646+0000][1][safepoint    ] Safepoint "RevokeBias", Time since last: 72764 ns, Reaching safepoint: 2685690 ns, At safepoint: 17096 ns, Total: 2702786 ns
[2020-09-11T12:52:39.225+0000][1][gc,start     ] GC(62) Pause Young (Allocation Failure)
[2020-09-11T12:52:39.225+0000][1][gc,task      ] GC(62) Using 1 workers of 1 for evacuation
[2020-09-11T12:52:39.274+0000][1][gc,age       ] GC(62) Desired survivor size 4358144 bytes, new threshold 6 (max threshold 6)
[2020-09-11T12:52:39.274+0000][1][gc,age       ] GC(62) Age table with threshold 6 (max threshold 6)
[2020-09-11T12:52:39.274+0000][1][gc,age       ] GC(62) - age   1:    1622696 bytes,    1622696 total
[2020-09-11T12:52:39.274+0000][1][gc,age       ] GC(62) - age   2:    2155008 bytes,    3777704 total
[2020-09-11T12:52:39.274+0000][1][gc,heap      ] GC(62) ParNew: 74302K->5090K(76672K)
[2020-09-11T12:52:39.274+0000][1][gc,heap      ] GC(62) CMS: 54076K->56782K(439104K)
[2020-09-11T12:52:39.274+0000][1][gc,metaspace ] GC(62) Metaspace: 60159K->60159K(1103872K)
[2020-09-11T12:52:39.274+0000][1][gc           ] GC(62) Pause Young (Allocation Failure) 125M->60M(503M) 48.740ms
[2020-09-11T12:52:39.274+0000][1][gc,cpu       ] GC(62) User=0.03s Sys=0.00s Real=0.04s
[2020-09-11T12:52:39.287+0000][1][safepoint    ] Safepoint "GenCollectForAllocation", Time since last: 578703295 ns, Reaching safepoint: 456959 ns, At safepoint: 62005711 ns, Total: 62462670 ns
[2020-09-11T12:52:39.308+0000][1][safepoint    ] Safepoint "CollectForMetadataAllocation", Time since last: 18411899 ns, Reaching safepoint: 2461229 ns, At safepoint: 156775 ns, Total: 2618004 ns
[2020-09-11T12:52:39.340+0000][1][safepoint    ] Safepoint "CollectForMetadataAllocation", Time since last: 31016417 ns, Reaching safepoint: 114291 ns, At safepoint: 132346 ns, Total: 246637 ns
[2020-09-11T12:52:39.416+0000][1][safepoint    ] Safepoint "CollectForMetadataAllocation", Time since last: 75737642 ns, Reaching safepoint: 122023 ns, At safepoint: 133930 ns, Total: 255953 ns
[2020-09-11T12:52:39.548+0000][1][safepoint    ] Safepoint "CollectForMetadataAllocation", Time since last: 131758372 ns, Reaching safepoint: 159977 ns, At safepoint: 130832 ns, Total: 290809 ns
[2020-09-11T12:52:39.669+0000][1][safepoint    ] Safepoint "CollectForMetadataAllocation", Time since last: 120905117 ns, Reaching safepoint: 114581 ns, At safepoint: 111699 ns, Total: 226280 ns
[2020-09-11T12:52:39.713+0000][1][safepoint    ] Safepoint "RevokeBias", Time since last: 43904428 ns, Reaching safepoint: 118492 ns, At safepoint: 37001 ns, Total: 155493 ns
[2020-09-11T12:52:39.713+0000][1][safepoint    ] Safepoint "RevokeBias", Time since last: 117605 ns, Reaching safepoint: 149103 ns, At safepoint: 21843 ns, Total: 170946 ns
[2020-09-11T12:52:39.713+0000][1][safepoint    ] Safepoint "RevokeBias", Time since last: 118616 ns, Reaching safepoint: 80878 ns, At safepoint: 19437 ns, Total: 100315 ns
[2020-09-11T12:52:39.728+0000][1][safepoint    ] Safepoint "RevokeBias", Time since last: 14464892 ns, Reaching safepoint: 96793 ns, At safepoint: 30923 ns, Total: 127716 ns
[2020-09-11T12:52:39.836+0000][1][safepoint    ] Safepoint "CollectForMetadataAllocation", Time since last: 105677626 ns, Reaching safepoint: 1742023 ns, At safepoint: 127803 ns, Total: 1869826 ns
[2020-09-11T12:52:39.965+0000][1][safepoint    ] Safepoint "CollectForMetadataAllocation", Time since last: 129189200 ns, Reaching safepoint: 122294 ns, At safepoint: 122729 ns, Total: 245023 ns
[2020-09-11T12:52:40.153+0000][1][safepoint    ] Safepoint "CollectForMetadataAllocation", Time since last: 188081080 ns, Reaching safepoint: 109960 ns, At safepoint: 131778 ns, Total: 241738 ns
[2020-09-11T12:52:40.468+0000][1][safepoint    ] Safepoint "CollectForMetadataAllocation", Time since last: 314099263 ns, Reaching safepoint: 115737 ns, At safepoint: 127668 ns, Total: 243405 ns
[2020-09-11T12:52:40.628+0000][1][safepoint    ] Safepoint "CollectForMetadataAllocation", Time since last: 159743588 ns, Reaching safepoint: 122067 ns, At safepoint: 134849 ns, Total: 256916 ns
[2020-09-11T12:52:40.678+0000][1][safepoint    ] Safepoint "Deoptimize", Time since last: 49972309 ns, Reaching safepoint: 120085 ns, At safepoint: 331627 ns, Total: 451712 ns
[2020-09-11T12:52:40.848+0000][1][safepoint    ] Safepoint "CollectForMetadataAllocation", Time since last: 169321911 ns, Reaching safepoint: 106788 ns, At safepoint: 115040 ns, Total: 221828 ns
[2020-09-11T12:52:41.046+0000][1][safepoint    ] Safepoint "CollectForMetadataAllocation", Time since last: 197860572 ns, Reaching safepoint: 119434 ns, At safepoint: 131076 ns, Total: 250510 ns
[2020-09-11T12:52:41.220+0000][1][safepoint    ] Safepoint "RevokeBias", Time since last: 173646413 ns, Reaching safepoint: 126653 ns, At safepoint: 16098 ns, Total: 142751 ns
[2020-09-11T12:52:41.220+0000][1][safepoint    ] Safepoint "RevokeBias", Time since last: 78828 ns, Reaching safepoint: 85752 ns, At safepoint: 8863 ns, Total: 94615 ns
[2020-09-11T12:52:41.236+0000][1][safepoint    ] Safepoint "CollectForMetadataAllocation", Time since last: 15740326 ns, Reaching safepoint: 120806 ns, At safepoint: 91898 ns, Total: 212704 ns
[2020-09-11T12:52:41.295+0000][1][gc,start     ] GC(63) Pause Initial Mark
[2020-09-11T12:52:41.354+0000][1][gc           ] GC(63) Pause Initial Mark 101M->101M(503M) 58.978ms
[2020-09-11T12:52:41.354+0000][1][gc,cpu       ] GC(63) User=0.03s Sys=0.00s Real=0.06s
[2020-09-11T12:52:41.379+0000][1][safepoint    ] Safepoint "CMS_Initial_Mark", Time since last: 59496661 ns, Reaching safepoint: 104426 ns, At safepoint: 84151878 ns, Total: 84256304 ns
[2020-09-11T12:52:41.380+0000][1][gc           ] GC(63) Concurrent Mark
[2020-09-11T12:52:41.708+0000][1][gc           ] GC(63) Concurrent Mark 328.703ms
[2020-09-11T12:52:41.708+0000][1][gc,cpu       ] GC(63) User=0.16s Sys=0.00s Real=0.33s
[2020-09-11T12:52:41.708+0000][1][gc           ] GC(63) Concurrent Preclean
[2020-09-11T12:52:41.710+0000][1][gc           ] GC(63) Concurrent Preclean 1.810ms
[2020-09-11T12:52:41.710+0000][1][gc,cpu       ] GC(63) User=0.00s Sys=0.00s Real=0.00s
[2020-09-11T12:52:41.710+0000][1][gc           ] GC(63) Concurrent Abortable Preclean
[2020-09-11T12:52:41.724+0000][1][safepoint    ] Safepoint "CollectForMetadataAllocation", Time since last: 335331886 ns, Reaching safepoint: 8744190 ns, At safepoint: 87537 ns, Total: 8831727 ns
[2020-09-11T12:52:41.992+0000][1][safepoint    ] Safepoint "CollectForMetadataAllocation", Time since last: 267839775 ns, Reaching safepoint: 70093 ns, At safepoint: 103138 ns, Total: 173231 ns
[2020-09-11T12:52:42.064+0000][1][safepoint    ] Safepoint "CollectForMetadataAllocation", Time since last: 63816944 ns, Reaching safepoint: 8086898 ns, At safepoint: 148751 ns, Total: 8235649 ns
[2020-09-11T12:52:42.144+0000][1][safepoint    ] Safepoint "CollectForMetadataAllocation", Time since last: 79763600 ns, Reaching safepoint: 123172 ns, At safepoint: 133022 ns, Total: 256194 ns
[2020-09-11T12:52:42.352+0000][1][safepoint    ] Safepoint "RevokeBias", Time since last: 207746914 ns, Reaching safepoint: 123682 ns, At safepoint: 18171 ns, Total: 141853 ns
[2020-09-11T12:52:42.366+0000][1][safepoint    ] Safepoint "CollectForMetadataAllocation", Time since last: 14507862 ns, Reaching safepoint: 53916 ns, At safepoint: 122148 ns, Total: 176064 ns
[2020-09-11T12:52:42.528+0000][1][safepoint    ] Safepoint "CollectForMetadataAllocation", Time since last: 161529810 ns, Reaching safepoint: 102789 ns, At safepoint: 114897 ns, Total: 217686 ns
[2020-09-11T12:52:42.652+0000][1][safepoint    ] Safepoint "CollectForMetadataAllocation", Time since last: 116702925 ns, Reaching safepoint: 6790731 ns, At safepoint: 112748 ns, Total: 6903479 ns
[2020-09-11T12:52:42.820+0000][1][gc,start     ] GC(64) Pause Young (Allocation Failure)
[2020-09-11T12:52:42.820+0000][1][gc,task      ] GC(64) Using 1 workers of 1 for evacuation
[2020-09-11T12:52:42.887+0000][1][gc,age       ] GC(64) Desired survivor size 4358144 bytes, new threshold 2 (max threshold 6)
[2020-09-11T12:52:42.887+0000][1][gc,age       ] GC(64) Age table with threshold 2 (max threshold 6)
[2020-09-11T12:52:42.887+0000][1][gc,age       ] GC(64) - age   1:    3516680 bytes,    3516680 total
[2020-09-11T12:52:42.887+0000][1][gc,age       ] GC(64) - age   2:    1467632 bytes,    4984312 total
[2020-09-11T12:52:42.887+0000][1][gc,age       ] GC(64) - age   3:    2125792 bytes,    7110104 total
[2020-09-11T12:52:42.887+0000][1][gc,heap      ] GC(64) ParNew: 73250K->8079K(76672K)
[2020-09-11T12:52:42.887+0000][1][gc,heap      ] GC(64) CMS: 56782K->56782K(439104K)
[2020-09-11T12:52:42.887+0000][1][gc,metaspace ] GC(64) Metaspace: 66387K->66387K(1110016K)
[2020-09-11T12:52:42.887+0000][1][gc           ] GC(64) Pause Young (Allocation Failure) 126M->63M(503M) 67.620ms
[2020-09-11T12:52:42.887+0000][1][gc,cpu       ] GC(64) User=0.04s Sys=0.00s Real=0.07s
[2020-09-11T12:52:42.914+0000][1][safepoint    ] Safepoint "GenCollectForAllocation", Time since last: 168047810 ns, Reaching safepoint: 46684 ns, At safepoint: 93864365 ns, Total: 93911049 ns
[2020-09-11T12:52:42.914+0000][1][safepoint    ] Safepoint "CollectForMetadataAllocation", Time since last: 720735 ns, Reaching safepoint: 39483 ns, At safepoint: 119608 ns, Total: 159091 ns
[2020-09-11T12:52:43.032+0000][1][safepoint    ] Safepoint "CollectForMetadataAllocation", Time since last: 116988632 ns, Reaching safepoint: 616743 ns, At safepoint: 128289 ns, Total: 745032 ns
[2020-09-11T12:52:43.182+0000][1][safepoint    ] Safepoint "CollectForMetadataAllocation", Time since last: 149897689 ns, Reaching safepoint: 49630 ns, At safepoint: 104156 ns, Total: 153786 ns
[2020-09-11T12:52:43.289+0000][1][safepoint    ] Safepoint "CollectForMetadataAllocation", Time since last: 105941039 ns, Reaching safepoint: 506773 ns, At safepoint: 518308 ns, Total: 1025081 ns
[2020-09-11T12:52:43.374+0000][1][safepoint    ] Safepoint "CollectForMetadataAllocation", Time since last: 84306734 ns, Reaching safepoint: 360783 ns, At safepoint: 117428 ns, Total: 478211 ns
[2020-09-11T12:52:43.444+0000][1][safepoint    ] Safepoint "CollectForMetadataAllocation", Time since last: 69438017 ns, Reaching safepoint: 55409 ns, At safepoint: 110892 ns, Total: 166301 ns
[2020-09-11T12:52:43.468+0000][1][safepoint    ] Safepoint "CollectForMetadataAllocation", Time since last: 23826423 ns, Reaching safepoint: 52586 ns, At safepoint: 135711 ns, Total: 188297 ns
[2020-09-11T12:52:43.484+0000][1][safepoint    ] Safepoint "Deoptimize", Time since last: 15803729 ns, Reaching safepoint: 47017 ns, At safepoint: 333221 ns, Total: 380238 ns
[2020-09-11T12:52:43.508+0000][1][safepoint    ] Safepoint "Deoptimize", Time since last: 23621776 ns, Reaching safepoint: 45015 ns, At safepoint: 329377 ns, Total: 374392 ns
[2020-09-11T12:52:43.552+0000][1][safepoint    ] Safepoint "CollectForMetadataAllocation", Time since last: 35633745 ns, Reaching safepoint: 8036777 ns, At safepoint: 126177 ns, Total: 8162954 ns
[2020-09-11T12:52:43.779+0000][1][safepoint    ] Safepoint "CollectForMetadataAllocation", Time since last: 222806557 ns, Reaching safepoint: 4070090 ns, At safepoint: 97822 ns, Total: 4167912 ns
[2020-09-11T12:52:43.836+0000][1][safepoint    ] Safepoint "CollectForMetadataAllocation", Time since last: 56881750 ns, Reaching safepoint: 101929 ns, At safepoint: 129864 ns, Total: 231793 ns
[2020-09-11T12:52:43.869+0000][1][safepoint    ] Safepoint "RevokeBias", Time since last: 28223299 ns, Reaching safepoint: 5545953 ns, At safepoint: 34024 ns, Total: 5579977 ns
[2020-09-11T12:52:43.870+0000][1][safepoint    ] Safepoint "RevokeBias", Time since last: 392459 ns, Reaching safepoint: 15892 ns, At safepoint: 17212 ns, Total: 33104 ns
[2020-09-11T12:52:43.872+0000][1][safepoint    ] Safepoint "RevokeBias", Time since last: 1631856 ns, Reaching safepoint: 22339 ns, At safepoint: 23563 ns, Total: 45902 ns
[2020-09-11T12:52:43.873+0000][1][safepoint    ] Safepoint "RevokeBias", Time since last: 1522101 ns, Reaching safepoint: 95536 ns, At safepoint: 23662 ns, Total: 119198 ns
[2020-09-11T12:52:43.873+0000][1][safepoint    ] Safepoint "RevokeBias", Time since last: 159435 ns, Reaching safepoint: 12223 ns, At safepoint: 16682 ns, Total: 28905 ns
[2020-09-11T12:52:43.874+0000][1][safepoint    ] Safepoint "RevokeBias", Time since last: 1036038 ns, Reaching safepoint: 32270 ns, At safepoint: 18347 ns, Total: 50617 ns
[2020-09-11T12:52:43.875+0000][1][safepoint    ] Safepoint "RevokeBias", Time since last: 45015 ns, Reaching safepoint: 13949 ns, At safepoint: 14450 ns, Total: 28399 ns
[2020-09-11T12:52:43.875+0000][1][safepoint    ] Safepoint "RevokeBias", Time since last: 81882 ns, Reaching safepoint: 14175 ns, At safepoint: 13775 ns, Total: 27950 ns
[2020-09-11T12:52:43.875+0000][1][safepoint    ] Safepoint "RevokeBias", Time since last: 110929 ns, Reaching safepoint: 14530 ns, At safepoint: 13951 ns, Total: 28481 ns
[2020-09-11T12:52:43.876+0000][1][safepoint    ] Safepoint "RevokeBias", Time since last: 1492022 ns, Reaching safepoint: 18707 ns, At safepoint: 18842 ns, Total: 37549 ns
[2020-09-11T12:52:43.877+0000][1][safepoint    ] Safepoint "RevokeBias", Time since last: 231286 ns, Reaching safepoint: 15451 ns, At safepoint: 16525 ns, Total: 31976 ns
[2020-09-11T12:52:43.877+0000][1][safepoint    ] Safepoint "RevokeBias", Time since last: 37046 ns, Reaching safepoint: 12943 ns, At safepoint: 13591 ns, Total: 26534 ns
[2020-09-11T12:52:43.880+0000][1][safepoint    ] Safepoint "RevokeBias", Time since last: 3001364 ns, Reaching safepoint: 36482 ns, At safepoint: 23362 ns, Total: 59844 ns
[2020-09-11T12:52:43.880+0000][1][safepoint    ] Safepoint "RevokeBias", Time since last: 143460 ns, Reaching safepoint: 89796 ns, At safepoint: 19060 ns, Total: 108856 ns
[2020-09-11T12:52:43.885+0000][1][safepoint    ] Safepoint "RevokeBias", Time since last: 5427002 ns, Reaching safepoint: 62696 ns, At safepoint: 28283 ns, Total: 90979 ns
[2020-09-11T12:52:43.886+0000][1][safepoint    ] Safepoint "RevokeBias", Time since last: 417676 ns, Reaching safepoint: 86679 ns, At safepoint: 20556 ns, Total: 107235 ns
[2020-09-11T12:52:43.897+0000][1][safepoint    ] Safepoint "RevokeBias", Time since last: 10972597 ns, Reaching safepoint: 109192 ns, At safepoint: 32476 ns, Total: 141668 ns
[2020-09-11T12:52:43.897+0000][1][safepoint    ] Safepoint "RevokeBias", Time since last: 104381 ns, Reaching safepoint: 85417 ns, At safepoint: 17989 ns, Total: 103406 ns
[2020-09-11T12:52:43.897+0000][1][safepoint    ] Safepoint "RevokeBias", Time since last: 57959 ns, Reaching safepoint: 83031 ns, At safepoint: 17250 ns, Total: 100281 ns
[2020-09-11T12:52:43.900+0000][1][safepoint    ] Safepoint "RevokeBias", Time since last: 1657672 ns, Reaching safepoint: 1185093 ns, At safepoint: 30197 ns, Total: 1215290 ns
[2020-09-11T12:52:43.901+0000][1][safepoint    ] Safepoint "RevokeBias", Time since last: 96482 ns, Reaching safepoint: 85775 ns, At safepoint: 18807 ns, Total: 104582 ns
[2020-09-11T12:52:43.908+0000][1][safepoint    ] Safepoint "Deoptimize", Time since last: 6495773 ns, Reaching safepoint: 566889 ns, At safepoint: 339290 ns, Total: 906179 ns
[2020-09-11T12:52:43.932+0000][1][safepoint    ] Safepoint "RevokeBias", Time since last: 19562639 ns, Reaching safepoint: 4250783 ns, At safepoint: 46182 ns, Total: 4296965 ns
[2020-09-11T12:52:43.933+0000][1][safepoint    ] Safepoint "RevokeBias", Time since last: 1016732 ns, Reaching safepoint: 135312 ns, At safepoint: 14117 ns, Total: 149429 ns
[2020-09-11T12:52:43.990+0000][1][safepoint    ] Safepoint "CollectForMetadataAllocation", Time since last: 46411900 ns, Reaching safepoint: 10324993 ns, At safepoint: 136344 ns, Total: 10461337 ns
[2020-09-11T12:52:44.108+0000][1][safepoint    ] Safepoint "CollectForMetadataAllocation", Time since last: 118103061 ns, Reaching safepoint: 57682 ns, At safepoint: 81730 ns, Total: 139412 ns
[2020-09-11T12:52:44.160+0000][1][safepoint    ] Safepoint "RevokeBias", Time since last: 44873195 ns, Reaching safepoint: 6561517 ns, At safepoint: 38863 ns, Total: 6600380 ns
[2020-09-11T12:52:44.160+0000][1][safepoint    ] Safepoint "RevokeBias", Time since last: 173822 ns, Reaching safepoint: 140685 ns, At safepoint: 33003 ns, Total: 173688 ns
[2020-09-11T12:52:44.160+0000][1][safepoint    ] Safepoint "RevokeBias", Time since last: 44819 ns, Reaching safepoint: 133882 ns, At safepoint: 28645 ns, Total: 162527 ns
[2020-09-11T12:52:44.164+0000][1][safepoint    ] Safepoint "CollectForMetadataAllocation", Time since last: 3925179 ns, Reaching safepoint: 31507 ns, At safepoint: 127220 ns, Total: 158727 ns
[2020-09-11T12:52:44.204+0000][1][safepoint    ] Safepoint "Deoptimize", Time since last: 39099625 ns, Reaching safepoint: 127829 ns, At safepoint: 325128 ns, Total: 452957 ns
[2020-09-11T12:52:44.244+0000][1][safepoint    ] Safepoint "CollectForMetadataAllocation", Time since last: 40416615 ns, Reaching safepoint: 63248 ns, At safepoint: 114248 ns, Total: 177496 ns
[2020-09-11T12:52:44.252+0000][1][safepoint    ] Safepoint "RevokeBias", Time since last: 4451269 ns, Reaching safepoint: 2705817 ns, At safepoint: 35771 ns, Total: 2741588 ns
[2020-09-11T12:52:44.252+0000][1][safepoint    ] Safepoint "RevokeBias", Time since last: 64184 ns, Reaching safepoint: 135417 ns, At safepoint: 29323 ns, Total: 164740 ns
[2020-09-11T12:52:44.252+0000][1][safepoint    ] Safepoint "RevokeBias", Time since last: 44780 ns, Reaching safepoint: 134029 ns, At safepoint: 25202 ns, Total: 159231 ns
[2020-09-11T12:52:44.252+0000][1][safepoint    ] Safepoint "RevokeBias", Time since last: 40760 ns, Reaching safepoint: 133350 ns, At safepoint: 24469 ns, Total: 157819 ns
[2020-09-11T12:52:44.252+0000][1][safepoint    ] Safepoint "RevokeBias", Time since last: 39289 ns, Reaching safepoint: 134653 ns, At safepoint: 25883 ns, Total: 160536 ns
[2020-09-11T12:52:44.253+0000][1][safepoint    ] Safepoint "RevokeBias", Time since last: 54395 ns, Reaching safepoint: 129955 ns, At safepoint: 24088 ns, Total: 154043 ns
[2020-09-11T12:52:44.253+0000][1][safepoint    ] Safepoint "RevokeBias", Time since last: 37101 ns, Reaching safepoint: 133401 ns, At safepoint: 22467 ns, Total: 155868 ns
[2020-09-11T12:52:44.253+0000][1][safepoint    ] Safepoint "RevokeBias", Time since last: 36092 ns, Reaching safepoint: 127041 ns, At safepoint: 26734 ns, Total: 153775 ns
[2020-09-11T12:52:44.296+0000][1][safepoint    ] Safepoint "CollectForMetadataAllocation", Time since last: 43159854 ns, Reaching safepoint: 200069 ns, At safepoint: 140137 ns, Total: 340206 ns
[2020-09-11T12:52:44.305+0000][1][safepoint    ] Safepoint "RevokeBias", Time since last: 7856116 ns, Reaching safepoint: 141456 ns, At safepoint: 29533 ns, Total: 170989 ns
[2020-09-11T12:52:44.305+0000][1][safepoint    ] Safepoint "RevokeBias", Time since last: 80220 ns, Reaching safepoint: 96180 ns, At safepoint: 14616 ns, Total: 110796 ns
[2020-09-11T12:52:44.305+0000][1][safepoint    ] Safepoint "RevokeBias", Time since last: 338913 ns, Reaching safepoint: 90822 ns, At safepoint: 13750 ns, Total: 104572 ns
[2020-09-11T12:52:44.319+0000][1][safepoint    ] Safepoint "RevokeBias", Time since last: 9549450 ns, Reaching safepoint: 4448006 ns, At safepoint: 104042 ns, Total: 4552048 ns
[2020-09-11T12:52:44.320+0000][1][safepoint    ] Safepoint "RevokeBias", Time since last: 190038 ns, Reaching safepoint: 177431 ns, At safepoint: 51535 ns, Total: 228966 ns
[2020-09-11T12:52:44.320+0000][1][safepoint    ] Safepoint "RevokeBias", Time since last: 228843 ns, Reaching safepoint: 101597 ns, At safepoint: 25893 ns, Total: 127490 ns
[2020-09-11T12:52:44.320+0000][1][safepoint    ] Safepoint "RevokeBias", Time since last: 237866 ns, Reaching safepoint: 141893 ns, At safepoint: 17590 ns, Total: 159483 ns
[2020-09-11T12:52:44.321+0000][1][safepoint    ] Safepoint "RevokeBias", Time since last: 36822 ns, Reaching safepoint: 135725 ns, At safepoint: 16282 ns, Total: 152007 ns
[2020-09-11T12:52:44.329+0000][1][safepoint    ] Safepoint "RevokeBias", Time since last: 8408590 ns, Reaching safepoint: 291311 ns, At safepoint: 13976 ns, Total: 305287 ns
[2020-09-11T12:52:44.329+0000][1][safepoint    ] Safepoint "RevokeBias", Time since last: 62625 ns, Reaching safepoint: 23539 ns, At safepoint: 10061 ns, Total: 33600 ns
[2020-09-11T12:52:44.334+0000][1][safepoint    ] Safepoint "RevokeBias", Time since last: 4111744 ns, Reaching safepoint: 151765 ns, At safepoint: 19683 ns, Total: 171448 ns
[2020-09-11T12:52:44.344+0000][1][safepoint    ] Safepoint "RevokeBias", Time since last: 9797444 ns, Reaching safepoint: 51778 ns, At safepoint: 15434 ns, Total: 67212 ns
[2020-09-11T12:52:44.344+0000][1][safepoint    ] Safepoint "RevokeBias", Time since last: 274833 ns, Reaching safepoint: 24755 ns, At safepoint: 12045 ns, Total: 36800 ns
[2020-09-11T12:52:44.344+0000][1][safepoint    ] Safepoint "RevokeBias", Time since last: 75066 ns, Reaching safepoint: 18421 ns, At safepoint: 10386 ns, Total: 28807 ns
[2020-09-11T12:52:44.344+0000][1][safepoint    ] Safepoint "RevokeBias", Time since last: 68897 ns, Reaching safepoint: 16255 ns, At safepoint: 9631 ns, Total: 25886 ns
[2020-09-11T12:52:44.353+0000][1][safepoint    ] Safepoint "RevokeBias", Time since last: 9122759 ns, Reaching safepoint: 50770 ns, At safepoint: 15869 ns, Total: 66639 ns
[2020-09-11T12:52:45.283+0000][1][safepoint    ] Safepoint "RevokeBias", Time since last: 929137973 ns, Reaching safepoint: 156728 ns, At safepoint: 18038 ns, Total: 174766 ns
[2020-09-11T12:52:45.300+0000][1][safepoint    ] Safepoint "RevokeBias", Time since last: 16990095 ns, Reaching safepoint: 46951 ns, At safepoint: 12551 ns, Total: 59502 ns
[2020-09-11T12:52:45.304+0000][1][safepoint    ] Safepoint "RevokeBias", Time since last: 3927966 ns, Reaching safepoint: 40152 ns, At safepoint: 10696 ns, Total: 50848 ns
[2020-09-11T12:52:45.304+0000][1][safepoint    ] Safepoint "RevokeBias", Time since last: 97011 ns, Reaching safepoint: 141821 ns, At safepoint: 11406 ns, Total: 153227 ns
[2020-09-11T12:52:45.307+0000][1][safepoint    ] Safepoint "RevokeBias", Time since last: 3009166 ns, Reaching safepoint: 148414 ns, At safepoint: 13137 ns, Total: 161551 ns
[2020-09-11T12:52:45.307+0000][1][safepoint    ] Safepoint "RevokeBias", Time since last: 82474 ns, Reaching safepoint: 140354 ns, At safepoint: 10266 ns, Total: 150620 ns
[2020-09-11T12:52:45.410+0000][1][gc           ] GC(63) Concurrent Abortable Preclean 3699.709ms
[2020-09-11T12:52:45.410+0000][1][gc,cpu       ] GC(63) User=1.84s Sys=0.02s Real=3.70s
[2020-09-11T12:52:45.410+0000][1][gc,start     ] GC(63) Pause Remark
[2020-09-11T12:52:45.432+0000][1][gc           ] GC(63) Pause Remark 96M->96M(503M) 21.712ms
[2020-09-11T12:52:45.432+0000][1][gc,cpu       ] GC(63) User=0.02s Sys=0.00s Real=0.02s
[2020-09-11T12:52:45.435+0000][1][safepoint    ] Safepoint "CMS_Final_Remark", Time since last: 102653866 ns, Reaching safepoint: 35423 ns, At safepoint: 24794472 ns, Total: 24829895 ns
[2020-09-11T12:52:45.435+0000][1][gc           ] GC(63) Concurrent Sweep
[2020-09-11T12:52:45.451+0000][1][gc           ] GC(63) Concurrent Sweep 15.799ms
[2020-09-11T12:52:45.451+0000][1][gc,cpu       ] GC(63) User=0.02s Sys=0.00s Real=0.02s
[2020-09-11T12:52:45.451+0000][1][gc           ] GC(63) Concurrent Reset
[2020-09-11T12:52:45.451+0000][1][gc           ] GC(63) Concurrent Reset 0.646ms
[2020-09-11T12:52:45.451+0000][1][gc,cpu       ] GC(63) User=0.00s Sys=0.00s Real=0.00s
[2020-09-11T12:52:45.451+0000][1][gc,heap      ] GC(63) Old: 56782K->55766K(439104K)
[2020-09-11T12:52:46.306+0000][1][safepoint    ] Safepoint "RevokeBias", Time since last: 870247272 ns, Reaching safepoint: 700289 ns, At safepoint: 17579 ns, Total: 717868 ns
[2020-09-11T12:52:47.306+0000][1][safepoint    ] Safepoint "Cleanup", Time since last: 1000109118 ns, Reaching safepoint: 118896 ns, At safepoint: 8113 ns, Total: 127009 ns
[2020-09-11T12:52:47.306+0000][1][safepoint    ] Safepoint "RevokeBias", Time since last: 87429 ns, Reaching safepoint: 129505 ns, At safepoint: 16051 ns, Total: 145556 ns
[2020-09-11T12:52:48.308+0000][1][safepoint    ] Safepoint "Cleanup", Time since last: 1001248029 ns, Reaching safepoint: 176873 ns, At safepoint: 21285 ns, Total: 198158 ns
[2020-09-11T12:52:49.308+0000][1][safepoint    ] Safepoint "Cleanup", Time since last: 1000137232 ns, Reaching safepoint: 225241 ns, At safepoint: 9365 ns, Total: 234606 ns
[2020-09-11T12:52:50.308+0000][1][safepoint    ] Safepoint "Cleanup", Time since last: 1000092213 ns, Reaching safepoint: 150936 ns, At safepoint: 8184 ns, Total: 159120 ns
[2020-09-11T12:52:51.309+0000][1][safepoint    ] Safepoint "Cleanup", Time since last: 1000112901 ns, Reaching safepoint: 190610 ns, At safepoint: 18402 ns, Total: 209012 ns
[2020-09-11T12:52:52.309+0000][1][safepoint    ] Safepoint "Cleanup", Time since last: 1000175826 ns, Reaching safepoint: 263999 ns, At safepoint: 21599 ns, Total: 285598 ns
[2020-09-11T12:52:53.307+0000][1][safepoint    ] Safepoint "BulkRevokeBias", Time since last: 997907908 ns, Reaching safepoint: 37040 ns, At safepoint: 199871 ns, Total: 236911 ns
[2020-09-11T12:52:53.309+0000][1][safepoint    ] Safepoint "BulkRevokeBias", Time since last: 1356557 ns, Reaching safepoint: 23045 ns, At safepoint: 136818 ns, Total: 159863 ns
[2020-09-11T12:52:54.309+0000][1][safepoint    ] Safepoint "Cleanup", Time since last: 1000087515 ns, Reaching safepoint: 156754 ns, At safepoint: 7939 ns, Total: 164693 ns
[2020-09-11T12:52:55.310+0000][1][safepoint    ] Safepoint "Cleanup", Time since last: 1000204392 ns, Reaching safepoint: 1118929 ns, At safepoint: 19318 ns, Total: 1138247 ns
[2020-09-11T12:52:55.313+0000][1][safepoint    ] Safepoint "RevokeBias", Time since last: 2442639 ns, Reaching safepoint: 164777 ns, At safepoint: 34820 ns, Total: 199597 ns
[2020-09-11T12:52:55.313+0000][1][safepoint    ] Safepoint "RevokeBias", Time since last: 206517 ns, Reaching safepoint: 136764 ns, At safepoint: 28986 ns, Total: 165750 ns
[2020-09-11T12:52:55.314+0000][1][safepoint    ] Safepoint "BulkRevokeBias", Time since last: 207523 ns, Reaching safepoint: 149189 ns, At safepoint: 264152 ns, Total: 413341 ns
[2020-09-11T12:52:56.314+0000][1][safepoint    ] Safepoint "Cleanup", Time since last: 1000149843 ns, Reaching safepoint: 90464 ns, At safepoint: 6492 ns, Total: 96956 ns
[2020-09-11T12:52:57.314+0000][1][safepoint    ] Safepoint "Cleanup", Time since last: 1000119542 ns, Reaching safepoint: 80902 ns, At safepoint: 19081 ns, Total: 99983 ns
[2020-09-11T12:52:58.315+0000][1][safepoint    ] Safepoint "Cleanup", Time since last: 1000092930 ns, Reaching safepoint: 36843 ns, At safepoint: 6483 ns, Total: 43326 ns
[2020-09-11T12:52:59.312+0000][1][safepoint    ] Safepoint "RevokeBias", Time since last: 997384032 ns, Reaching safepoint: 145279 ns, At safepoint: 17003 ns, Total: 162282 ns
[2020-09-11T12:53:00.313+0000][1][safepoint    ] Safepoint "Cleanup", Time since last: 1000669032 ns, Reaching safepoint: 268619 ns, At safepoint: 20644 ns, Total: 289263 ns
[2020-09-11T12:53:01.314+0000][1][safepoint    ] Safepoint "Cleanup", Time since last: 1000793744 ns, Reaching safepoint: 180300 ns, At safepoint: 18786 ns, Total: 199086 ns
[2020-09-11T12:53:02.314+0000][1][safepoint    ] Safepoint "Cleanup", Time since last: 1000218710 ns, Reaching safepoint: 36380 ns, At safepoint: 5632 ns, Total: 42012 ns
[2020-09-11T12:53:03.315+0000][1][safepoint    ] Safepoint "Cleanup", Time since last: 1000106541 ns, Reaching safepoint: 460918 ns, At safepoint: 8330 ns, Total: 469248 ns
[2020-09-11T12:53:03.324+0000][1][safepoint    ] Safepoint "BulkRevokeBias", Time since last: 9218665 ns, Reaching safepoint: 110576 ns, At safepoint: 186762 ns, Total: 297338 ns
[2020-09-11T12:53:04.325+0000][1][safepoint    ] Safepoint "Cleanup", Time since last: 1000782767 ns, Reaching safepoint: 38420 ns, At safepoint: 9048 ns, Total: 47468 ns
[2020-09-11T12:53:05.326+0000][1][safepoint    ] Safepoint "Cleanup", Time since last: 1000467333 ns, Reaching safepoint: 424995 ns, At safepoint: 19862 ns, Total: 444857 ns
[2020-09-11T12:53:06.326+0000][1][safepoint    ] Safepoint "Cleanup", Time since last: 1000139879 ns, Reaching safepoint: 44833 ns, At safepoint: 6871 ns, Total: 51704 ns
[2020-09-11T12:53:07.327+0000][1][safepoint    ] Safepoint "Cleanup", Time since last: 1000099823 ns, Reaching safepoint: 110816 ns, At safepoint: 5971 ns, Total: 116787 ns
[2020-09-11T12:53:08.327+0000][1][safepoint    ] Safepoint "Cleanup", Time since last: 1000132829 ns, Reaching safepoint: 89635 ns, At safepoint: 16675 ns, Total: 106310 ns
[2020-09-11T12:53:09.327+0000][1][safepoint    ] Safepoint "Cleanup", Time since last: 1000402766 ns, Reaching safepoint: 98563 ns, At safepoint: 18155 ns, Total: 116718 ns
[2020-09-11T12:53:10.328+0000][1][safepoint    ] Safepoint "Cleanup", Time since last: 1001068894 ns, Reaching safepoint: 97243 ns, At safepoint: 19746 ns, Total: 116989 ns
[2020-09-11T12:53:11.329+0000][1][safepoint    ] Safepoint "Cleanup", Time since last: 1000212932 ns, Reaching safepoint: 83899 ns, At safepoint: 17427 ns, Total: 101326 ns
[2020-09-11T12:53:12.329+0000][1][safepoint    ] Safepoint "Cleanup", Time since last: 1000225252 ns, Reaching safepoint: 77338 ns, At safepoint: 7664 ns, Total: 85002 ns
[2020-09-11T12:53:13.329+0000][1][safepoint    ] Safepoint "Cleanup", Time since last: 1000175452 ns, Reaching safepoint: 71059 ns, At safepoint: 7471 ns, Total: 78530 ns
[2020-09-11T12:53:14.330+0000][1][safepoint    ] Safepoint "Cleanup", Time since last: 1000130583 ns, Reaching safepoint: 93074 ns, At safepoint: 16765 ns, Total: 109839 ns
[2020-09-11T12:53:14.361+0000][1][safepoint    ] Safepoint "RevokeBias", Time since last: 31216758 ns, Reaching safepoint: 161471 ns, At safepoint: 23961 ns, Total: 185432 ns
[2020-09-11T12:53:14.361+0000][1][safepoint    ] Safepoint "RevokeBias", Time since last: 280109 ns, Reaching safepoint: 150467 ns, At safepoint: 20760 ns, Total: 171227 ns
[2020-09-11T12:53:14.363+0000][1][safepoint    ] Safepoint "RevokeBias", Time since last: 1525746 ns, Reaching safepoint: 153983 ns, At safepoint: 20043 ns, Total: 174026 ns
[2020-09-11T12:53:14.363+0000][1][safepoint    ] Safepoint "RevokeBias", Time since last: 140564 ns, Reaching safepoint: 155107 ns, At safepoint: 17583 ns, Total: 172690 ns
[2020-09-11T12:53:15.365+0000][1][safepoint    ] Safepoint "Cleanup", Time since last: 1000236987 ns, Reaching safepoint: 1022077 ns, At safepoint: 24830 ns, Total: 1046907 ns
[2020-09-11T12:53:16.365+0000][1][safepoint    ] Safepoint "Cleanup", Time since last: 1000160133 ns, Reaching safepoint: 359467 ns, At safepoint: 22245 ns, Total: 381712 ns
[2020-09-11T12:53:18.377+0000][1][gc,start     ] GC(65) Pause Young (Allocation Failure)
[2020-09-11T12:53:18.377+0000][1][gc,task      ] GC(65) Using 1 workers of 1 for evacuation
[2020-09-11T12:53:18.406+0000][1][gc,age       ] GC(65) Desired survivor size 4358144 bytes, new threshold 2 (max threshold 6)
[2020-09-11T12:53:18.406+0000][1][gc,age       ] GC(65) Age table with threshold 2 (max threshold 6)
[2020-09-11T12:53:18.406+0000][1][gc,age       ] GC(65) - age   1:    1284992 bytes,    1284992 total
[2020-09-11T12:53:18.406+0000][1][gc,age       ] GC(65) - age   2:    3448040 bytes,    4733032 total
[2020-09-11T12:53:18.406+0000][1][gc,heap      ] GC(65) ParNew: 76239K->6217K(76672K)
[2020-09-11T12:53:18.406+0000][1][gc,heap      ] GC(65) CMS: 55766K->59330K(439104K)
[2020-09-11T12:53:18.406+0000][1][gc,metaspace ] GC(65) Metaspace: 70959K->70959K(1114112K)
[2020-09-11T12:53:18.406+0000][1][gc           ] GC(65) Pause Young (Allocation Failure) 128M->64M(503M) 28.890ms
[2020-09-11T12:53:18.406+0000][1][gc,cpu       ] GC(65) User=0.03s Sys=0.00s Real=0.03s
[2020-09-11T12:53:18.406+0000][1][safepoint    ] Safepoint "GenCollectForAllocation", Time since last: 2011435711 ns, Reaching safepoint: 116932 ns, At safepoint: 29429190 ns, Total: 29546122 ns
[2020-09-11T12:53:19.416+0000][1][safepoint    ] Safepoint "Cleanup", Time since last: 1009208686 ns, Reaching safepoint: 43445 ns, At safepoint: 6255 ns, Total: 49700 ns
[2020-09-11T12:53:20.416+0000][1][safepoint    ] Safepoint "Cleanup", Time since last: 1000401267 ns, Reaching safepoint: 194718 ns, At safepoint: 8567 ns, Total: 203285 ns
[2020-09-11T12:53:22.417+0000][1][safepoint    ] Safepoint "Cleanup", Time since last: 2000185137 ns, Reaching safepoint: 182071 ns, At safepoint: 20560 ns, Total: 202631 ns
[2020-09-11T12:53:23.419+0000][1][safepoint    ] Safepoint "Cleanup", Time since last: 1002068573 ns, Reaching safepoint: 170809 ns, At safepoint: 9753 ns, Total: 180562 ns
[2020-09-11T12:53:24.419+0000][1][safepoint    ] Safepoint "Cleanup", Time since last: 1000186785 ns, Reaching safepoint: 102548 ns, At safepoint: 18332 ns, Total: 120880 ns
[2020-09-11T12:53:29.421+0000][1][safepoint    ] Safepoint "Cleanup", Time since last: 5001665418 ns, Reaching safepoint: 83839 ns, At safepoint: 7197 ns, Total: 91036 ns
[2020-09-11T12:53:31.422+0000][1][safepoint    ] Safepoint "Cleanup", Time since last: 2000883897 ns, Reaching safepoint: 106905 ns, At safepoint: 18192 ns, Total: 125097 ns
[2020-09-11T12:53:32.422+0000][1][safepoint    ] Safepoint "Cleanup", Time since last: 1000172989 ns, Reaching safepoint: 103952 ns, At safepoint: 17036 ns, Total: 120988 ns
[2020-09-11T12:53:33.422+0000][1][safepoint    ] Safepoint "Cleanup", Time since last: 1000185933 ns, Reaching safepoint: 80533 ns, At safepoint: 7387 ns, Total: 87920 ns
[2020-09-11T12:53:37.423+0000][1][safepoint    ] Safepoint "Cleanup", Time since last: 4000599008 ns, Reaching safepoint: 59810 ns, At safepoint: 6638 ns, Total: 66448 ns
[2020-09-11T12:53:39.423+0000][1][safepoint    ] Safepoint "Cleanup", Time since last: 2000338685 ns, Reaching safepoint: 69036 ns, At safepoint: 6634 ns, Total: 75670 ns
[2020-09-11T12:53:41.424+0000][1][safepoint    ] Safepoint "Cleanup", Time since last: 2000321961 ns, Reaching safepoint: 71033 ns, At safepoint: 6960 ns, Total: 77993 ns
[2020-09-11T12:53:42.424+0000][1][safepoint    ] Safepoint "Cleanup", Time since last: 1000154467 ns, Reaching safepoint: 85947 ns, At safepoint: 6720 ns, Total: 92667 ns
[2020-09-11T12:53:43.424+0000][1][safepoint    ] Safepoint "Cleanup", Time since last: 1000190330 ns, Reaching safepoint: 81061 ns, At safepoint: 7067 ns, Total: 88128 ns
[2020-09-11T12:53:49.425+0000][1][safepoint    ] Safepoint "Cleanup", Time since last: 6000959622 ns, Reaching safepoint: 84946 ns, At safepoint: 8078 ns, Total: 93024 ns
[2020-09-11T12:53:51.426+0000][1][safepoint    ] Safepoint "Cleanup", Time since last: 2000349943 ns, Reaching safepoint: 83224 ns, At safepoint: 7630 ns, Total: 90854 ns
[2020-09-11T12:53:55.427+0000][1][safepoint    ] Safepoint "Cleanup", Time since last: 4000732132 ns, Reaching safepoint: 88511 ns, At safepoint: 7516 ns, Total: 96027 ns
[2020-09-11T12:53:56.427+0000][1][safepoint    ] Safepoint "Cleanup", Time since last: 1000113117 ns, Reaching safepoint: 69170 ns, At safepoint: 7089 ns, Total: 76259 ns
[2020-09-11T12:53:59.428+0000][1][safepoint    ] Safepoint "Cleanup", Time since last: 3000502664 ns, Reaching safepoint: 87791 ns, At safepoint: 7927 ns, Total: 95718 ns
[2020-09-11T12:54:00.428+0000][1][safepoint    ] Safepoint "Cleanup", Time since last: 1000176570 ns, Reaching safepoint: 80953 ns, At safepoint: 7149 ns, Total: 88102 ns
[2020-09-11T12:54:01.428+0000][1][safepoint    ] Safepoint "Cleanup", Time since last: 1000171139 ns, Reaching safepoint: 76936 ns, At safepoint: 7900 ns, Total: 84836 ns
[2020-09-11T12:54:02.428+0000][1][safepoint    ] Safepoint "Cleanup", Time since last: 1000174090 ns, Reaching safepoint: 87203 ns, At safepoint: 7723 ns, Total: 94926 ns
[2020-09-11T12:54:04.429+0000][1][safepoint    ] Safepoint "Cleanup", Time since last: 2000261860 ns, Reaching safepoint: 90436 ns, At safepoint: 7407 ns, Total: 97843 ns
[2020-09-11T12:54:05.429+0000][1][safepoint    ] Safepoint "Cleanup", Time since last: 1000166908 ns, Reaching safepoint: 86750 ns, At safepoint: 7363 ns, Total: 94113 ns
[2020-09-11T12:54:06.429+0000][1][safepoint    ] Safepoint "Cleanup", Time since last: 1000170146 ns, Reaching safepoint: 105785 ns, At safepoint: 16936 ns, Total: 122721 ns
[2020-09-11T12:54:07.430+0000][1][safepoint    ] Safepoint "Cleanup", Time since last: 1000566630 ns, Reaching safepoint: 56852 ns, At safepoint: 8065 ns, Total: 64917 ns
[2020-09-11T12:54:08.430+0000][1][safepoint    ] Safepoint "Cleanup", Time since last: 1000204737 ns, Reaching safepoint: 75209 ns, At safepoint: 7006 ns, Total: 82215 ns
[2020-09-11T12:54:09.430+0000][1][safepoint    ] Safepoint "Cleanup", Time since last: 1000152189 ns, Reaching safepoint: 101556 ns, At safepoint: 17210 ns, Total: 118766 ns
[2020-09-11T12:54:10.431+0000][1][safepoint    ] Safepoint "Cleanup", Time since last: 1000216265 ns, Reaching safepoint: 101960 ns, At safepoint: 17393 ns, Total: 119353 ns
[2020-09-11T12:54:11.431+0000][1][safepoint    ] Safepoint "Cleanup", Time since last: 1000210426 ns, Reaching safepoint: 86563 ns, At safepoint: 7069 ns, Total: 93632 ns
[2020-09-11T12:54:12.431+0000][1][safepoint    ] Safepoint "Cleanup", Time since last: 1000144462 ns, Reaching safepoint: 85421 ns, At safepoint: 6949 ns, Total: 92370 ns
[2020-09-11T12:54:13.432+0000][1][safepoint    ] Safepoint "Cleanup", Time since last: 1000166294 ns, Reaching safepoint: 92987 ns, At safepoint: 15419 ns, Total: 108406 ns
[2020-09-11T12:54:14.432+0000][1][safepoint    ] Safepoint "Cleanup", Time since last: 1000164800 ns, Reaching safepoint: 95650 ns, At safepoint: 6601 ns, Total: 102251 ns
[2020-09-11T12:54:15.432+0000][1][safepoint    ] Safepoint "Cleanup", Time since last: 1000167243 ns, Reaching safepoint: 109321 ns, At safepoint: 18319 ns, Total: 127640 ns
[2020-09-11T12:54:16.432+0000][1][safepoint    ] Safepoint "Cleanup", Time since last: 1000196402 ns, Reaching safepoint: 95705 ns, At safepoint: 7905 ns, Total: 103610 ns
[2020-09-11T12:54:17.433+0000][1][safepoint    ] Safepoint "Cleanup", Time since last: 1000144968 ns, Reaching safepoint: 100759 ns, At safepoint: 7575 ns, Total: 108334 ns
[2020-09-11T12:54:18.433+0000][1][safepoint    ] Safepoint "Cleanup", Time since last: 1000143368 ns, Reaching safepoint: 105970 ns, At safepoint: 15429 ns, Total: 121399 ns
[2020-09-11T12:54:19.433+0000][1][safepoint    ] Safepoint "Cleanup", Time since last: 1000211893 ns, Reaching safepoint: 114630 ns, At safepoint: 16895 ns, Total: 131525 ns
[2020-09-11T12:54:20.434+0000][1][safepoint    ] Safepoint "Cleanup", Time since last: 1000251777 ns, Reaching safepoint: 88399 ns, At safepoint: 7824 ns, Total: 96223 ns
[2020-09-11T12:54:21.434+0000][1][safepoint    ] Safepoint "Cleanup", Time since last: 1000141200 ns, Reaching safepoint: 79600 ns, At safepoint: 6800 ns, Total: 86400 ns
[2020-09-11T12:54:22.434+0000][1][safepoint    ] Safepoint "Cleanup", Time since last: 1000197174 ns, Reaching safepoint: 116250 ns, At safepoint: 18623 ns, Total: 134873 ns
[2020-09-11T12:54:23.435+0000][1][safepoint    ] Safepoint "Cleanup", Time since last: 1000225871 ns, Reaching safepoint: 90789 ns, At safepoint: 8173 ns, Total: 98962 ns
[2020-09-11T12:54:24.435+0000][1][safepoint    ] Safepoint "Cleanup", Time since last: 1000153957 ns, Reaching safepoint: 99674 ns, At safepoint: 8120 ns, Total: 107794 ns
[2020-09-11T12:54:25.435+0000][1][safepoint    ] Safepoint "Cleanup", Time since last: 1000195866 ns, Reaching safepoint: 106625 ns, At safepoint: 17834 ns, Total: 124459 ns
[2020-09-11T12:54:26.435+0000][1][safepoint    ] Safepoint "Cleanup", Time since last: 1000231089 ns, Reaching safepoint: 86221 ns, At safepoint: 7299 ns, Total: 93520 ns
[2020-09-11T12:54:27.436+0000][1][safepoint    ] Safepoint "Cleanup", Time since last: 1000183686 ns, Reaching safepoint: 81633 ns, At safepoint: 8162 ns, Total: 89795 ns
[2020-09-11T12:54:28.436+0000][1][safepoint    ] Safepoint "Cleanup", Time since last: 1000313027 ns, Reaching safepoint: 113503 ns, At safepoint: 16214 ns, Total: 129717 ns
[2020-09-11T12:54:29.436+0000][1][safepoint    ] Safepoint "Cleanup", Time since last: 1000224621 ns, Reaching safepoint: 78214 ns, At safepoint: 7351 ns, Total: 85565 ns
[2020-09-11T12:54:30.437+0000][1][safepoint    ] Safepoint "Cleanup", Time since last: 1000192192 ns, Reaching safepoint: 95356 ns, At safepoint: 7910 ns, Total: 103266 ns
[2020-09-11T12:54:31.437+0000][1][safepoint    ] Safepoint "Cleanup", Time since last: 1000189250 ns, Reaching safepoint: 112769 ns, At safepoint: 18589 ns, Total: 131358 ns
[2020-09-11T12:54:32.437+0000][1][safepoint    ] Safepoint "Cleanup", Time since last: 1000227365 ns, Reaching safepoint: 108826 ns, At safepoint: 8570 ns, Total: 117396 ns
[2020-09-11T12:54:33.438+0000][1][safepoint    ] Safepoint "Cleanup", Time since last: 1000212156 ns, Reaching safepoint: 95812 ns, At safepoint: 7735 ns, Total: 103547 ns
[2020-09-11T12:54:33.534+0000][1][gc,start     ] GC(66) Pause Young (Allocation Failure)
[2020-09-11T12:54:33.535+0000][1][gc,task      ] GC(66) Using 1 workers of 1 for evacuation
[2020-09-11T12:54:33.554+0000][1][gc,age       ] GC(66) Desired survivor size 4358144 bytes, new threshold 6 (max threshold 6)
[2020-09-11T12:54:33.554+0000][1][gc,age       ] GC(66) Age table with threshold 6 (max threshold 6)
[2020-09-11T12:54:33.554+0000][1][gc,age       ] GC(66) - age   1:      34968 bytes,      34968 total
[2020-09-11T12:54:33.554+0000][1][gc,age       ] GC(66) - age   2:    1246640 bytes,    1281608 total
[2020-09-11T12:54:33.554+0000][1][gc,heap      ] GC(66) ParNew: 74377K->5020K(76672K)
[2020-09-11T12:54:33.554+0000][1][gc,heap      ] GC(66) CMS: 59330K->62829K(439104K)
[2020-09-11T12:54:33.554+0000][1][gc,metaspace ] GC(66) Metaspace: 71185K->71185K(1116160K)
[2020-09-11T12:54:33.554+0000][1][gc           ] GC(66) Pause Young (Allocation Failure) 130M->66M(503M) 19.502ms
[2020-09-11T12:54:33.554+0000][1][gc,cpu       ] GC(66) User=0.02s Sys=0.00s Real=0.02s
[2020-09-11T12:54:33.554+0000][1][safepoint    ] Safepoint "GenCollectForAllocation", Time since last: 96547917 ns, Reaching safepoint: 173588 ns, At safepoint: 19570636 ns, Total: 19744224 ns
[2020-09-11T12:54:34.566+0000][1][safepoint    ] Safepoint "Cleanup", Time since last: 1011846661 ns, Reaching safepoint: 104190 ns, At safepoint: 7170 ns, Total: 111360 ns
[2020-09-11T12:54:35.566+0000][1][safepoint    ] Safepoint "Cleanup", Time since last: 1000176003 ns, Reaching safepoint: 85952 ns, At safepoint: 6945 ns, Total: 92897 ns
[2020-09-11T12:54:36.567+0000][1][safepoint    ] Safepoint "Cleanup", Time since last: 1000183076 ns, Reaching safepoint: 110857 ns, At safepoint: 18469 ns, Total: 129326 ns
[2020-09-11T12:54:37.567+0000][1][safepoint    ] Safepoint "Cleanup", Time since last: 1000162401 ns, Reaching safepoint: 200346 ns, At safepoint: 19301 ns, Total: 219647 ns
[2020-09-11T12:54:38.567+0000][1][safepoint    ] Safepoint "Cleanup", Time since last: 1000177281 ns, Reaching safepoint: 88895 ns, At safepoint: 7908 ns, Total: 96803 ns
[2020-09-11T12:54:39.567+0000][1][safepoint    ] Safepoint "Cleanup", Time since last: 1000100796 ns, Reaching safepoint: 124394 ns, At safepoint: 7166 ns, Total: 131560 ns
[2020-09-11T12:54:40.570+0000][1][safepoint    ] Safepoint "Cleanup", Time since last: 1002700052 ns, Reaching safepoint: 97487 ns, At safepoint: 16641 ns, Total: 114128 ns
[2020-09-11T12:54:41.571+0000][1][safepoint    ] Safepoint "Cleanup", Time since last: 1000190269 ns, Reaching safepoint: 83812 ns, At safepoint: 7503 ns, Total: 91315 ns
[2020-09-11T12:54:42.571+0000][1][safepoint    ] Safepoint "Cleanup", Time since last: 1000167572 ns, Reaching safepoint: 83985 ns, At safepoint: 7717 ns, Total: 91702 ns
[2020-09-11T12:54:43.571+0000][1][safepoint    ] Safepoint "Cleanup", Time since last: 1000167253 ns, Reaching safepoint: 48608 ns, At safepoint: 6510 ns, Total: 55118 ns
[2020-09-11T12:54:44.571+0000][1][safepoint    ] Safepoint "Cleanup", Time since last: 1000097690 ns, Reaching safepoint: 170892 ns, At safepoint: 7457 ns, Total: 178349 ns
[2020-09-11T12:54:45.572+0000][1][safepoint    ] Safepoint "Cleanup", Time since last: 1000305156 ns, Reaching safepoint: 712096 ns, At safepoint: 21376 ns, Total: 733472 ns
[2020-09-11T12:54:46.573+0000][1][safepoint    ] Safepoint "Cleanup", Time since last: 1000195655 ns, Reaching safepoint: 385995 ns, At safepoint: 23100 ns, Total: 409095 ns
[2020-09-11T12:54:47.573+0000][1][safepoint    ] Safepoint "Cleanup", Time since last: 1000180166 ns, Reaching safepoint: 100263 ns, At safepoint: 7392 ns, Total: 107655 ns
[2020-09-11T12:54:48.574+0000][1][safepoint    ] Safepoint "Cleanup", Time since last: 1000200850 ns, Reaching safepoint: 237574 ns, At safepoint: 20651 ns, Total: 258225 ns
[2020-09-11T12:54:49.574+0000][1][safepoint    ] Safepoint "Cleanup", Time since last: 1000219616 ns, Reaching safepoint: 107473 ns, At safepoint: 18519 ns, Total: 125992 ns
[2020-09-11T12:54:50.575+0000][1][safepoint    ] Safepoint "Cleanup", Time since last: 1001099809 ns, Reaching safepoint: 82932 ns, At safepoint: 8187 ns, Total: 91119 ns
[2020-09-11T12:54:51.576+0000][1][safepoint    ] Safepoint "Cleanup", Time since last: 1000205013 ns, Reaching safepoint: 121406 ns, At safepoint: 17416 ns, Total: 138822 ns
[2020-09-11T12:54:52.576+0000][1][safepoint    ] Safepoint "Cleanup", Time since last: 1000245774 ns, Reaching safepoint: 94320 ns, At safepoint: 8514 ns, Total: 102834 ns
[2020-09-11T12:54:53.576+0000][1][safepoint    ] Safepoint "Cleanup", Time since last: 1000188129 ns, Reaching safepoint: 91065 ns, At safepoint: 7134 ns, Total: 98199 ns
[2020-09-11T12:54:54.576+0000][1][safepoint    ] Safepoint "Cleanup", Time since last: 1000167271 ns, Reaching safepoint: 89696 ns, At safepoint: 7854 ns, Total: 97550 ns
[2020-09-11T12:54:55.578+0000][1][safepoint    ] Safepoint "Cleanup", Time since last: 1000967923 ns, Reaching safepoint: 107159 ns, At safepoint: 17243 ns, Total: 124402 ns
[2020-09-11T12:54:56.578+0000][1][safepoint    ] Safepoint "Cleanup", Time since last: 1000215703 ns, Reaching safepoint: 82102 ns, At safepoint: 8296 ns, Total: 90398 ns
[2020-09-11T12:54:57.578+0000][1][safepoint    ] Safepoint "Cleanup", Time since last: 1000226965 ns, Reaching safepoint: 80917 ns, At safepoint: 7428 ns, Total: 88345 ns
[2020-09-11T12:54:58.578+0000][1][safepoint    ] Safepoint "Cleanup", Time since last: 1000139711 ns, Reaching safepoint: 108742 ns, At safepoint: 17093 ns, Total: 125835 ns
[2020-09-11T12:54:59.579+0000][1][safepoint    ] Safepoint "Cleanup", Time since last: 1000280356 ns, Reaching safepoint: 93404 ns, At safepoint: 7798 ns, Total: 101202 ns
[2020-09-11T12:55:00.580+0000][1][safepoint    ] Safepoint "Cleanup", Time since last: 1000810476 ns, Reaching safepoint: 86899 ns, At safepoint: 8078 ns, Total: 94977 ns
[2020-09-11T12:55:01.580+0000][1][safepoint    ] Safepoint "Cleanup", Time since last: 1000177705 ns, Reaching safepoint: 108970 ns, At safepoint: 17945 ns, Total: 126915 ns
[2020-09-11T12:55:02.580+0000][1][safepoint    ] Safepoint "Cleanup", Time since last: 1000231731 ns, Reaching safepoint: 111900 ns, At safepoint: 18730 ns, Total: 130630 ns
[2020-09-11T12:55:03.581+0000][1][safepoint    ] Safepoint "Cleanup", Time since last: 1000203478 ns, Reaching safepoint: 108332 ns, At safepoint: 17063 ns, Total: 125395 ns
[2020-09-11T12:55:04.581+0000][1][safepoint    ] Safepoint "Cleanup", Time since last: 1000190118 ns, Reaching safepoint: 103595 ns, At safepoint: 17934 ns, Total: 121529 ns
[2020-09-11T12:55:05.582+0000][1][safepoint    ] Safepoint "Cleanup", Time since last: 1000865874 ns, Reaching safepoint: 109692 ns, At safepoint: 18572 ns, Total: 128264 ns
[2020-09-11T12:55:06.582+0000][1][safepoint    ] Safepoint "Cleanup", Time since last: 1000167721 ns, Reaching safepoint: 121101 ns, At safepoint: 18539 ns, Total: 139640 ns
[2020-09-11T12:55:07.583+0000][1][safepoint    ] Safepoint "Cleanup", Time since last: 1000203937 ns, Reaching safepoint: 71752 ns, At safepoint: 6745 ns, Total: 78497 ns
[2020-09-11T12:55:08.583+0000][1][safepoint    ] Safepoint "Cleanup", Time since last: 1000187797 ns, Reaching safepoint: 88831 ns, At safepoint: 8003 ns, Total: 96834 ns
[2020-09-11T12:55:09.583+0000][1][safepoint    ] Safepoint "Cleanup", Time since last: 1000194272 ns, Reaching safepoint: 88977 ns, At safepoint: 7088 ns, Total: 96065 ns
[2020-09-11T12:55:10.584+0000][1][safepoint    ] Safepoint "Cleanup", Time since last: 1000901062 ns, Reaching safepoint: 92608 ns, At safepoint: 7945 ns, Total: 100553 ns
[2020-09-11T12:55:11.585+0000][1][safepoint    ] Safepoint "Cleanup", Time since last: 1000171820 ns, Reaching safepoint: 110096 ns, At safepoint: 18115 ns, Total: 128211 ns
[2020-09-11T12:55:12.585+0000][1][safepoint    ] Safepoint "Cleanup", Time since last: 1000221332 ns, Reaching safepoint: 113817 ns, At safepoint: 9301 ns, Total: 123118 ns
[2020-09-11T12:55:13.585+0000][1][safepoint    ] Safepoint "Cleanup", Time since last: 1000149942 ns, Reaching safepoint: 92680 ns, At safepoint: 7233 ns, Total: 99913 ns
[2020-09-11T12:55:14.585+0000][1][safepoint    ] Safepoint "Cleanup", Time since last: 1000181707 ns, Reaching safepoint: 109485 ns, At safepoint: 19541 ns, Total: 129026 ns
[2020-09-11T12:55:15.587+0000][1][safepoint    ] Safepoint "Cleanup", Time since last: 1001041649 ns, Reaching safepoint: 109614 ns, At safepoint: 17788 ns, Total: 127402 ns
[2020-09-11T12:55:16.587+0000][1][safepoint    ] Safepoint "Cleanup", Time since last: 1000205400 ns, Reaching safepoint: 92037 ns, At safepoint: 8167 ns, Total: 100204 ns
[2020-09-11T12:55:17.587+0000][1][safepoint    ] Safepoint "Cleanup", Time since last: 1000210503 ns, Reaching safepoint: 89198 ns, At safepoint: 7873 ns, Total: 97071 ns
[2020-09-11T12:55:18.588+0000][1][safepoint    ] Safepoint "Cleanup", Time since last: 1000267091 ns, Reaching safepoint: 60890 ns, At safepoint: 7100 ns, Total: 67990 ns
[2020-09-11T12:55:19.588+0000][1][safepoint    ] Safepoint "Cleanup", Time since last: 1000182775 ns, Reaching safepoint: 90594 ns, At safepoint: 7673 ns, Total: 98267 ns
[2020-09-11T12:55:20.589+0000][1][safepoint    ] Safepoint "Cleanup", Time since last: 1000881826 ns, Reaching safepoint: 119335 ns, At safepoint: 7557 ns, Total: 126892 ns
[2020-09-11T12:55:21.589+0000][1][safepoint    ] Safepoint "Cleanup", Time since last: 1000189066 ns, Reaching safepoint: 106238 ns, At safepoint: 6718 ns, Total: 112956 ns
[2020-09-11T12:55:22.589+0000][1][safepoint    ] Safepoint "Cleanup", Time since last: 1000115516 ns, Reaching safepoint: 68633 ns, At safepoint: 6906 ns, Total: 75539 ns
[2020-09-11T12:55:23.590+0000][1][safepoint    ] Safepoint "Cleanup", Time since last: 1000166541 ns, Reaching safepoint: 102475 ns, At safepoint: 6465 ns, Total: 108940 ns
[2020-09-11T12:55:24.590+0000][1][safepoint    ] Safepoint "Cleanup", Time since last: 1000143667 ns, Reaching safepoint: 102615 ns, At safepoint: 7171 ns, Total: 109786 ns
[2020-09-11T12:55:25.591+0000][1][safepoint    ] Safepoint "Cleanup", Time since last: 1000919543 ns, Reaching safepoint: 130122 ns, At safepoint: 19555 ns, Total: 149677 ns
[2020-09-11T12:55:26.591+0000][1][safepoint    ] Safepoint "Cleanup", Time since last: 1000223316 ns, Reaching safepoint: 81953 ns, At safepoint: 7612 ns, Total: 89565 ns
[2020-09-11T12:55:27.592+0000][1][safepoint    ] Safepoint "Cleanup", Time since last: 1000209731 ns, Reaching safepoint: 83118 ns, At safepoint: 8038 ns, Total: 91156 ns
[2020-09-11T12:55:28.592+0000][1][safepoint    ] Safepoint "Cleanup", Time since last: 1000171748 ns, Reaching safepoint: 120941 ns, At safepoint: 17964 ns, Total: 138905 ns
[2020-09-11T12:55:29.592+0000][1][safepoint    ] Safepoint "Cleanup", Time since last: 1000186801 ns, Reaching safepoint: 135841 ns, At safepoint: 17560 ns, Total: 153401 ns
[2020-09-11T12:55:30.593+0000][1][safepoint    ] Safepoint "Cleanup", Time since last: 1001062471 ns, Reaching safepoint: 109765 ns, At safepoint: 16454 ns, Total: 126219 ns
[2020-09-11T12:55:31.594+0000][1][safepoint    ] Safepoint "Cleanup", Time since last: 1000231752 ns, Reaching safepoint: 90716 ns, At safepoint: 6728 ns, Total: 97444 ns
[2020-09-11T12:55:32.594+0000][1][safepoint    ] Safepoint "Cleanup", Time since last: 1000116412 ns, Reaching safepoint: 61469 ns, At safepoint: 7381 ns, Total: 68850 ns
[2020-09-11T12:55:33.594+0000][1][safepoint    ] Safepoint "Cleanup", Time since last: 1000132289 ns, Reaching safepoint: 102892 ns, At safepoint: 7504 ns, Total: 110396 ns
[2020-09-11T12:55:34.594+0000][1][safepoint    ] Safepoint "Cleanup", Time since last: 1000176678 ns, Reaching safepoint: 132735 ns, At safepoint: 18028 ns, Total: 150763 ns
[2020-09-11T12:55:35.596+0000][1][safepoint    ] Safepoint "Cleanup", Time since last: 1000999103 ns, Reaching safepoint: 53771 ns, At safepoint: 6655 ns, Total: 60426 ns
[2020-09-11T12:55:36.596+0000][1][safepoint    ] Safepoint "Cleanup", Time since last: 1000187986 ns, Reaching safepoint: 89635 ns, At safepoint: 8001 ns, Total: 97636 ns
[2020-09-11T12:55:37.596+0000][1][safepoint    ] Safepoint "Cleanup", Time since last: 1000186043 ns, Reaching safepoint: 79853 ns, At safepoint: 7023 ns, Total: 86876 ns
[2020-09-11T12:55:38.596+0000][1][safepoint    ] Safepoint "Cleanup", Time since last: 1000136182 ns, Reaching safepoint: 141699 ns, At safepoint: 7701 ns, Total: 149400 ns
[2020-09-11T12:55:39.597+0000][1][safepoint    ] Safepoint "Cleanup", Time since last: 1000180838 ns, Reaching safepoint: 82739 ns, At safepoint: 6867 ns, Total: 89606 ns
[2020-09-11T12:55:40.598+0000][1][safepoint    ] Safepoint "Cleanup", Time since last: 1001031864 ns, Reaching safepoint: 88250 ns, At safepoint: 8244 ns, Total: 96494 ns
[2020-09-11T12:55:41.598+0000][1][safepoint    ] Safepoint "Cleanup", Time since last: 1000180364 ns, Reaching safepoint: 110130 ns, At safepoint: 17988 ns, Total: 128118 ns
[2020-09-11T12:55:42.598+0000][1][safepoint    ] Safepoint "Cleanup", Time since last: 1000220018 ns, Reaching safepoint: 118959 ns, At safepoint: 19555 ns, Total: 138514 ns
[2020-09-11T12:55:43.599+0000][1][safepoint    ] Safepoint "Cleanup", Time since last: 1000227213 ns, Reaching safepoint: 109024 ns, At safepoint: 17266 ns, Total: 126290 ns
[2020-09-11T12:55:43.654+0000][1][gc,start     ] GC(67) Pause Young (Allocation Failure)
[2020-09-11T12:55:43.654+0000][1][gc,task      ] GC(67) Using 1 workers of 1 for evacuation
[2020-09-11T12:55:43.664+0000][1][gc,age       ] GC(67) Desired survivor size 4358144 bytes, new threshold 6 (max threshold 6)
[2020-09-11T12:55:43.664+0000][1][gc,age       ] GC(67) Age table with threshold 6 (max threshold 6)
[2020-09-11T12:55:43.664+0000][1][gc,age       ] GC(67) - age   1:       7608 bytes,       7608 total
[2020-09-11T12:55:43.664+0000][1][gc,age       ] GC(67) - age   2:      29360 bytes,      36968 total
[2020-09-11T12:55:43.664+0000][1][gc,age       ] GC(67) - age   3:    1246640 bytes,    1283608 total
[2020-09-11T12:55:43.664+0000][1][gc,heap      ] GC(67) ParNew: 73180K->1568K(76672K)
[2020-09-11T12:55:43.664+0000][1][gc,heap      ] GC(67) CMS: 62829K->62829K(439104K)
[2020-09-11T12:55:43.664+0000][1][gc,metaspace ] GC(67) Metaspace: 71318K->71318K(1116160K)
[2020-09-11T12:55:43.664+0000][1][gc           ] GC(67) Pause Young (Allocation Failure) 132M->62M(503M) 9.934ms
[2020-09-11T12:55:43.664+0000][1][gc,cpu       ] GC(67) User=0.00s Sys=0.00s Real=0.02s
[2020-09-11T12:55:43.664+0000][1][safepoint    ] Safepoint "GenCollectForAllocation", Time since last: 54999811 ns, Reaching safepoint: 179889 ns, At safepoint: 9998834 ns, Total: 10178723 ns
[2020-09-11T12:55:44.672+0000][1][safepoint    ] Safepoint "Cleanup", Time since last: 1007564211 ns, Reaching safepoint: 81365 ns, At safepoint: 6639 ns, Total: 88004 ns
[2020-09-11T12:55:45.672+0000][1][safepoint    ] Safepoint "Cleanup", Time since last: 1000129904 ns, Reaching safepoint: 97169 ns, At safepoint: 7156 ns, Total: 104325 ns
[2020-09-11T12:55:46.672+0000][1][safepoint    ] Safepoint "Cleanup", Time since last: 1000094428 ns, Reaching safepoint: 54512 ns, At safepoint: 6886 ns, Total: 61398 ns
[2020-09-11T12:55:47.672+0000][1][safepoint    ] Safepoint "Cleanup", Time since last: 1000101253 ns, Reaching safepoint: 52564 ns, At safepoint: 5852 ns, Total: 58416 ns
[2020-09-11T12:55:48.672+0000][1][safepoint    ] Safepoint "Cleanup", Time since last: 1000093818 ns, Reaching safepoint: 137298 ns, At safepoint: 9839 ns, Total: 147137 ns
[2020-09-11T12:55:49.673+0000][1][safepoint    ] Safepoint "Cleanup", Time since last: 1000112184 ns, Reaching safepoint: 64131 ns, At safepoint: 7661 ns, Total: 71792 ns
[2020-09-11T12:55:50.673+0000][1][safepoint    ] Safepoint "Cleanup", Time since last: 1000178767 ns, Reaching safepoint: 86292 ns, At safepoint: 7781 ns, Total: 94073 ns
[2020-09-11T12:55:51.673+0000][1][safepoint    ] Safepoint "Cleanup", Time since last: 1000137924 ns, Reaching safepoint: 113691 ns, At safepoint: 15268 ns, Total: 128959 ns
[2020-09-11T12:55:52.673+0000][1][safepoint    ] Safepoint "Cleanup", Time since last: 1000225931 ns, Reaching safepoint: 115551 ns, At safepoint: 17932 ns, Total: 133483 ns
[2020-09-11T12:55:53.674+0000][1][safepoint    ] Safepoint "Cleanup", Time since last: 1000164592 ns, Reaching safepoint: 116627 ns, At safepoint: 15870 ns, Total: 132497 ns
[2020-09-11T12:55:54.674+0000][1][safepoint    ] Safepoint "Cleanup", Time since last: 1000179370 ns, Reaching safepoint: 106511 ns, At safepoint: 7388 ns, Total: 113899 ns
[2020-09-11T12:55:55.674+0000][1][safepoint    ] Safepoint "Cleanup", Time since last: 1000224029 ns, Reaching safepoint: 71319 ns, At safepoint: 7418 ns, Total: 78737 ns
[2020-09-11T12:55:56.675+0000][1][safepoint    ] Safepoint "Cleanup", Time since last: 1000191816 ns, Reaching safepoint: 93785 ns, At safepoint: 8248 ns, Total: 102033 ns
[2020-09-11T12:55:57.675+0000][1][safepoint    ] Safepoint "Cleanup", Time since last: 1000198616 ns, Reaching safepoint: 60667 ns, At safepoint: 7025 ns, Total: 67692 ns
[2020-09-11T12:55:58.675+0000][1][safepoint    ] Safepoint "Cleanup", Time since last: 1000101361 ns, Reaching safepoint: 62344 ns, At safepoint: 7232 ns, Total: 69576 ns
[2020-09-11T12:55:59.675+0000][1][safepoint    ] Safepoint "Cleanup", Time since last: 1000120934 ns, Reaching safepoint: 67438 ns, At safepoint: 7428 ns, Total: 74866 ns
[2020-09-11T12:56:00.676+0000][1][safepoint    ] Safepoint "Cleanup", Time since last: 1000182383 ns, Reaching safepoint: 83125 ns, At safepoint: 7887 ns, Total: 91012 ns
[2020-09-11T12:56:01.676+0000][1][safepoint    ] Safepoint "Cleanup", Time since last: 1000171800 ns, Reaching safepoint: 86418 ns, At safepoint: 7360 ns, Total: 93778 ns
[2020-09-11T12:56:02.676+0000][1][safepoint    ] Safepoint "Cleanup", Time since last: 1000186283 ns, Reaching safepoint: 88807 ns, At safepoint: 9054 ns, Total: 97861 ns
[2020-09-11T12:56:03.676+0000][1][safepoint    ] Safepoint "Cleanup", Time since last: 1000241965 ns, Reaching safepoint: 66456 ns, At safepoint: 7780 ns, Total: 74236 ns
[2020-09-11T12:56:04.677+0000][1][safepoint    ] Safepoint "Cleanup", Time since last: 1000191670 ns, Reaching safepoint: 96106 ns, At safepoint: 7847 ns, Total: 103953 ns
[2020-09-11T12:56:05.677+0000][1][safepoint    ] Safepoint "Cleanup", Time since last: 1000166238 ns, Reaching safepoint: 113143 ns, At safepoint: 17490 ns, Total: 130633 ns
[2020-09-11T12:56:06.677+0000][1][safepoint    ] Safepoint "Cleanup", Time since last: 1000213269 ns, Reaching safepoint: 115037 ns, At safepoint: 18569 ns, Total: 133606 ns
[2020-09-11T12:56:07.678+0000][1][safepoint    ] Safepoint "Cleanup", Time since last: 1000192757 ns, Reaching safepoint: 99711 ns, At safepoint: 8651 ns, Total: 108362 ns
[2020-09-11T12:56:08.678+0000][1][safepoint    ] Safepoint "Cleanup", Time since last: 1000139764 ns, Reaching safepoint: 102725 ns, At safepoint: 8012 ns, Total: 110737 ns
[2020-09-11T12:56:09.678+0000][1][safepoint    ] Safepoint "Cleanup", Time since last: 1000148668 ns, Reaching safepoint: 112485 ns, At safepoint: 7072 ns, Total: 119557 ns
[2020-09-11T12:56:10.678+0000][1][safepoint    ] Safepoint "Cleanup", Time since last: 1000157015 ns, Reaching safepoint: 92188 ns, At safepoint: 8065 ns, Total: 100253 ns
[2020-09-11T12:56:11.679+0000][1][safepoint    ] Safepoint "Cleanup", Time since last: 1000165353 ns, Reaching safepoint: 113744 ns, At safepoint: 18285 ns, Total: 132029 ns
[2020-09-11T12:56:12.679+0000][1][safepoint    ] Safepoint "Cleanup", Time since last: 1000142688 ns, Reaching safepoint: 62683 ns, At safepoint: 7270 ns, Total: 69953 ns
[2020-09-11T12:56:13.679+0000][1][safepoint    ] Safepoint "Cleanup", Time since last: 1000115929 ns, Reaching safepoint: 81382 ns, At safepoint: 10458 ns, Total: 91840 ns
[2020-09-11T12:56:14.679+0000][1][safepoint    ] Safepoint "Cleanup", Time since last: 1000111832 ns, Reaching safepoint: 66950 ns, At safepoint: 8907 ns, Total: 75857 ns
[2020-09-11T12:56:15.680+0000][1][safepoint    ] Safepoint "Cleanup", Time since last: 1000134953 ns, Reaching safepoint: 67265 ns, At safepoint: 9755 ns, Total: 77020 ns
[2020-09-11T12:56:16.680+0000][1][safepoint    ] Safepoint "Cleanup", Time since last: 1000116643 ns, Reaching safepoint: 65077 ns, At safepoint: 9876 ns, Total: 74953 ns
[2020-09-11T12:56:17.680+0000][1][safepoint    ] Safepoint "Cleanup", Time since last: 1000110420 ns, Reaching safepoint: 65426 ns, At safepoint: 9726 ns, Total: 75152 ns
[2020-09-11T12:56:18.680+0000][1][safepoint    ] Safepoint "Cleanup", Time since last: 1000118505 ns, Reaching safepoint: 60894 ns, At safepoint: 7221 ns, Total: 68115 ns
[2020-09-11T12:56:19.680+0000][1][safepoint    ] Safepoint "Cleanup", Time since last: 1000118474 ns, Reaching safepoint: 77498 ns, At safepoint: 8594 ns, Total: 86092 ns
[2020-09-11T12:56:20.681+0000][1][safepoint    ] Safepoint "Cleanup", Time since last: 1000110202 ns, Reaching safepoint: 59747 ns, At safepoint: 7409 ns, Total: 67156 ns
[2020-09-11T12:56:21.681+0000][1][safepoint    ] Safepoint "Cleanup", Time since last: 1000118314 ns, Reaching safepoint: 60225 ns, At safepoint: 10068 ns, Total: 70293 ns
[2020-09-11T12:56:22.681+0000][1][safepoint    ] Safepoint "Cleanup", Time since last: 1000113162 ns, Reaching safepoint: 59215 ns, At safepoint: 7306 ns, Total: 66521 ns
[2020-09-11T12:56:23.681+0000][1][safepoint    ] Safepoint "Cleanup", Time since last: 1000110577 ns, Reaching safepoint: 61114 ns, At safepoint: 8086 ns, Total: 69200 ns
[2020-09-11T12:56:24.681+0000][1][safepoint    ] Safepoint "Cleanup", Time since last: 1000118420 ns, Reaching safepoint: 64887 ns, At safepoint: 7535 ns, Total: 72422 ns
[2020-09-11T12:56:25.681+0000][1][safepoint    ] Safepoint "Cleanup", Time since last: 1000128472 ns, Reaching safepoint: 62399 ns, At safepoint: 7820 ns, Total: 70219 ns
[2020-09-11T12:56:26.682+0000][1][safepoint    ] Safepoint "Cleanup", Time since last: 1000132283 ns, Reaching safepoint: 62066 ns, At safepoint: 7893 ns, Total: 69959 ns
[2020-09-11T12:56:27.682+0000][1][safepoint    ] Safepoint "Cleanup", Time since last: 1000104902 ns, Reaching safepoint: 61007 ns, At safepoint: 6655 ns, Total: 67662 ns
[2020-09-11T12:56:28.682+0000][1][safepoint    ] Safepoint "Cleanup", Time since last: 1000106316 ns, Reaching safepoint: 60065 ns, At safepoint: 7396 ns, Total: 67461 ns
[2020-09-11T12:56:29.682+0000][1][safepoint    ] Safepoint "Cleanup", Time since last: 1000107182 ns, Reaching safepoint: 63964 ns, At safepoint: 7517 ns, Total: 71481 ns
[2020-09-11T12:56:30.682+0000][1][safepoint    ] Safepoint "Cleanup", Time since last: 1000117752 ns, Reaching safepoint: 71631 ns, At safepoint: 7507 ns, Total: 79138 ns
[2020-09-11T12:56:31.683+0000][1][safepoint    ] Safepoint "Cleanup", Time since last: 1000107038 ns, Reaching safepoint: 59573 ns, At safepoint: 6613 ns, Total: 66186 ns
[2020-09-11T12:56:32.683+0000][1][safepoint    ] Safepoint "Cleanup", Time since last: 1000139511 ns, Reaching safepoint: 63706 ns, At safepoint: 8179 ns, Total: 71885 ns
[2020-09-11T12:56:33.683+0000][1][safepoint    ] Safepoint "Cleanup", Time since last: 1000122678 ns, Reaching safepoint: 69462 ns, At safepoint: 8099 ns, Total: 77561 ns
[2020-09-11T12:56:34.683+0000][1][safepoint    ] Safepoint "Cleanup", Time since last: 1000113317 ns, Reaching safepoint: 64302 ns, At safepoint: 8187 ns, Total: 72489 ns
[2020-09-11T12:56:35.683+0000][1][safepoint    ] Safepoint "Cleanup", Time since last: 1000106375 ns, Reaching safepoint: 61603 ns, At safepoint: 7970 ns, Total: 69573 ns
[2020-09-11T12:56:36.683+0000][1][safepoint    ] Safepoint "Cleanup", Time since last: 1000073143 ns, Reaching safepoint: 62154 ns, At safepoint: 7598 ns, Total: 69752 ns
[2020-09-11T12:56:37.684+0000][1][safepoint    ] Safepoint "Cleanup", Time since last: 1000106693 ns, Reaching safepoint: 59857 ns, At safepoint: 7324 ns, Total: 67181 ns
[2020-09-11T12:56:38.684+0000][1][safepoint    ] Safepoint "Cleanup", Time since last: 1000118823 ns, Reaching safepoint: 61590 ns, At safepoint: 9726 ns, Total: 71316 ns
[2020-09-11T12:56:39.684+0000][1][safepoint    ] Safepoint "Cleanup", Time since last: 1000106863 ns, Reaching safepoint: 74976 ns, At safepoint: 6748 ns, Total: 81724 ns
[2020-09-11T12:56:40.684+0000][1][safepoint    ] Safepoint "Cleanup", Time since last: 1000097386 ns, Reaching safepoint: 62038 ns, At safepoint: 9954 ns, Total: 71992 ns
[2020-09-11T12:56:41.684+0000][1][safepoint    ] Safepoint "Cleanup", Time since last: 1000110415 ns, Reaching safepoint: 62539 ns, At safepoint: 7854 ns, Total: 70393 ns
[2020-09-11T12:56:42.685+0000][1][safepoint    ] Safepoint "Cleanup", Time since last: 1000121413 ns, Reaching safepoint: 64859 ns, At safepoint: 7394 ns, Total: 72253 ns
[2020-09-11T12:56:43.685+0000][1][safepoint    ] Safepoint "Cleanup", Time since last: 1000120846 ns, Reaching safepoint: 63925 ns, At safepoint: 8540 ns, Total: 72465 ns
[2020-09-11T12:56:44.685+0000][1][safepoint    ] Safepoint "Cleanup", Time since last: 1000112929 ns, Reaching safepoint: 66230 ns, At safepoint: 8362 ns, Total: 74592 ns
[2020-09-11T12:56:45.685+0000][1][safepoint    ] Safepoint "Cleanup", Time since last: 1000113230 ns, Reaching safepoint: 60116 ns, At safepoint: 7892 ns, Total: 68008 ns
[2020-09-11T12:56:46.685+0000][1][safepoint    ] Safepoint "Cleanup", Time since last: 1000118145 ns, Reaching safepoint: 59637 ns, At safepoint: 8117 ns, Total: 67754 ns
[2020-09-11T12:56:47.686+0000][1][safepoint    ] Safepoint "Cleanup", Time since last: 1000195494 ns, Reaching safepoint: 73327 ns, At safepoint: 9816 ns, Total: 83143 ns
[2020-09-11T12:56:48.686+0000][1][safepoint    ] Safepoint "Cleanup", Time since last: 1000143552 ns, Reaching safepoint: 125908 ns, At safepoint: 7633 ns, Total: 133541 ns
[2020-09-11T12:56:49.686+0000][1][safepoint    ] Safepoint "Cleanup", Time since last: 1000137091 ns, Reaching safepoint: 117737 ns, At safepoint: 18830 ns, Total: 136567 ns
[2020-09-11T12:56:50.686+0000][1][safepoint    ] Safepoint "Cleanup", Time since last: 1000166058 ns, Reaching safepoint: 64618 ns, At safepoint: 7653 ns, Total: 72271 ns
[2020-09-11T12:56:51.687+0000][1][safepoint    ] Safepoint "Cleanup", Time since last: 1000186432 ns, Reaching safepoint: 84899 ns, At safepoint: 7269 ns, Total: 92168 ns
[2020-09-11T12:56:52.687+0000][1][safepoint    ] Safepoint "Cleanup", Time since last: 1000178450 ns, Reaching safepoint: 87452 ns, At safepoint: 7827 ns, Total: 95279 ns
[2020-09-11T12:56:53.687+0000][1][safepoint    ] Safepoint "Cleanup", Time since last: 1000117195 ns, Reaching safepoint: 60625 ns, At safepoint: 8268 ns, Total: 68893 ns
[2020-09-11T12:56:54.687+0000][1][safepoint    ] Safepoint "Cleanup", Time since last: 1000187009 ns, Reaching safepoint: 144201 ns, At safepoint: 17640 ns, Total: 161841 ns
[2020-09-11T12:56:55.688+0000][1][safepoint    ] Safepoint "Cleanup", Time since last: 1000199428 ns, Reaching safepoint: 95896 ns, At safepoint: 8219 ns, Total: 104115 ns
[2020-09-11T12:56:56.688+0000][1][safepoint    ] Safepoint "Cleanup", Time since last: 1000169762 ns, Reaching safepoint: 85958 ns, At safepoint: 8001 ns, Total: 93959 ns
[2020-09-11T12:56:57.688+0000][1][safepoint    ] Safepoint "Cleanup", Time since last: 1000102586 ns, Reaching safepoint: 69406 ns, At safepoint: 7744 ns, Total: 77150 ns
[2020-09-11T12:56:58.689+0000][1][safepoint    ] Safepoint "Cleanup", Time since last: 1000183198 ns, Reaching safepoint: 114395 ns, At safepoint: 18409 ns, Total: 132804 ns
[2020-09-11T12:56:58.762+0000][1][gc,start     ] GC(68) Pause Young (Allocation Failure)
[2020-09-11T12:56:58.762+0000][1][gc,task      ] GC(68) Using 1 workers of 1 for evacuation
[2020-09-11T12:56:58.769+0000][1][gc,age       ] GC(68) Desired survivor size 4358144 bytes, new threshold 6 (max threshold 6)
[2020-09-11T12:56:58.769+0000][1][gc,age       ] GC(68) Age table with threshold 6 (max threshold 6)
[2020-09-11T12:56:58.769+0000][1][gc,age       ] GC(68) - age   1:      32928 bytes,      32928 total
[2020-09-11T12:56:58.769+0000][1][gc,age       ] GC(68) - age   2:       1992 bytes,      34920 total
[2020-09-11T12:56:58.769+0000][1][gc,age       ] GC(68) - age   3:      29360 bytes,      64280 total
[2020-09-11T12:56:58.769+0000][1][gc,age       ] GC(68) - age   4:    1246496 bytes,    1310776 total
[2020-09-11T12:56:58.769+0000][1][gc,heap      ] GC(68) ParNew: 69728K->1332K(76672K)
[2020-09-11T12:56:58.769+0000][1][gc,heap      ] GC(68) CMS: 62829K->62829K(439104K)
[2020-09-11T12:56:58.769+0000][1][gc,metaspace ] GC(68) Metaspace: 71455K->71455K(1116160K)
[2020-09-11T12:56:58.769+0000][1][gc           ] GC(68) Pause Young (Allocation Failure) 129M->62M(503M) 7.409ms
[2020-09-11T12:56:58.769+0000][1][gc,cpu       ] GC(68) User=0.01s Sys=0.00s Real=0.01s
[2020-09-11T12:56:58.769+0000][1][safepoint    ] Safepoint "GenCollectForAllocation", Time since last: 72777677 ns, Reaching safepoint: 201854 ns, At safepoint: 7473426 ns, Total: 7675280 ns
[2020-09-11T12:56:59.775+0000][1][safepoint    ] Safepoint "Cleanup", Time since last: 1005743261 ns, Reaching safepoint: 174180 ns, At safepoint: 17996 ns, Total: 192176 ns
[2020-09-11T12:57:00.775+0000][1][safepoint    ] Safepoint "Cleanup", Time since last: 1000176551 ns, Reaching safepoint: 110213 ns, At safepoint: 17256 ns, Total: 127469 ns
[2020-09-11T12:57:01.776+0000][1][safepoint    ] Safepoint "Cleanup", Time since last: 1000174659 ns, Reaching safepoint: 101286 ns, At safepoint: 7799 ns, Total: 109085 ns
[2020-09-11T12:57:02.776+0000][1][safepoint    ] Safepoint "Cleanup", Time since last: 1000166561 ns, Reaching safepoint: 107881 ns, At safepoint: 17266 ns, Total: 125147 ns
[2020-09-11T12:57:03.776+0000][1][safepoint    ] Safepoint "Cleanup", Time since last: 1000162131 ns, Reaching safepoint: 457098 ns, At safepoint: 20848 ns, Total: 477946 ns
[2020-09-11T12:57:04.777+0000][1][safepoint    ] Safepoint "Cleanup", Time since last: 1000180958 ns, Reaching safepoint: 122010 ns, At safepoint: 15679 ns, Total: 137689 ns
[2020-09-11T12:57:05.777+0000][1][safepoint    ] Safepoint "Cleanup", Time since last: 1000233030 ns, Reaching safepoint: 112338 ns, At safepoint: 18646 ns, Total: 130984 ns
[2020-09-11T12:57:06.777+0000][1][safepoint    ] Safepoint "Cleanup", Time since last: 1000235606 ns, Reaching safepoint: 94438 ns, At safepoint: 7237 ns, Total: 101675 ns
[2020-09-11T12:57:07.778+0000][1][safepoint    ] Safepoint "Cleanup", Time since last: 1000166760 ns, Reaching safepoint: 91534 ns, At safepoint: 7460 ns, Total: 98994 ns
[2020-09-11T12:57:08.778+0000][1][safepoint    ] Safepoint "Cleanup", Time since last: 1000166572 ns, Reaching safepoint: 109408 ns, At safepoint: 17503 ns, Total: 126911 ns
[2020-09-11T12:57:09.778+0000][1][safepoint    ] Safepoint "Cleanup", Time since last: 1000198788 ns, Reaching safepoint: 90518 ns, At safepoint: 7704 ns, Total: 98222 ns
[2020-09-11T12:57:10.779+0000][1][safepoint    ] Safepoint "Cleanup", Time since last: 1000171748 ns, Reaching safepoint: 85630 ns, At safepoint: 7875 ns, Total: 93505 ns
[2020-09-11T12:57:11.779+0000][1][safepoint    ] Safepoint "Cleanup", Time since last: 1000182800 ns, Reaching safepoint: 87875 ns, At safepoint: 7601 ns, Total: 95476 ns
[2020-09-11T12:57:12.779+0000][1][safepoint    ] Safepoint "Cleanup", Time since last: 1000151280 ns, Reaching safepoint: 107787 ns, At safepoint: 16952 ns, Total: 124739 ns
[2020-09-11T12:57:13.780+0000][1][safepoint    ] Safepoint "Cleanup", Time since last: 1000218418 ns, Reaching safepoint: 137689 ns, At safepoint: 17450 ns, Total: 155139 ns
[2020-09-11T12:57:14.780+0000][1][safepoint    ] Safepoint "Cleanup", Time since last: 1000173956 ns, Reaching safepoint: 123784 ns, At safepoint: 7954 ns, Total: 131738 ns
[2020-09-11T12:57:15.780+0000][1][safepoint    ] Safepoint "Cleanup", Time since last: 1000165298 ns, Reaching safepoint: 119590 ns, At safepoint: 23100 ns, Total: 142690 ns
[2020-09-11T12:57:16.780+0000][1][safepoint    ] Safepoint "Cleanup", Time since last: 1000202882 ns, Reaching safepoint: 88172 ns, At safepoint: 7166 ns, Total: 95338 ns
[2020-09-11T12:57:17.781+0000][1][safepoint    ] Safepoint "Cleanup", Time since last: 1000168496 ns, Reaching safepoint: 85072 ns, At safepoint: 7658 ns, Total: 92730 ns
[2020-09-11T12:57:18.781+0000][1][safepoint    ] Safepoint "Cleanup", Time since last: 1000166505 ns, Reaching safepoint: 84635 ns, At safepoint: 7448 ns, Total: 92083 ns
[2020-09-11T12:57:19.781+0000][1][safepoint    ] Safepoint "Cleanup", Time since last: 1000126802 ns, Reaching safepoint: 114065 ns, At safepoint: 16601 ns, Total: 130666 ns
[2020-09-11T12:57:20.782+0000][1][safepoint    ] Safepoint "Cleanup", Time since last: 1000209461 ns, Reaching safepoint: 85167 ns, At safepoint: 7380 ns, Total: 92547 ns
[2020-09-11T12:57:21.782+0000][1][safepoint    ] Safepoint "Cleanup", Time since last: 1000176798 ns, Reaching safepoint: 84224 ns, At safepoint: 7983 ns, Total: 92207 ns
[2020-09-11T12:57:22.782+0000][1][safepoint    ] Safepoint "Cleanup", Time since last: 1000141796 ns, Reaching safepoint: 126045 ns, At safepoint: 18884 ns, Total: 144929 ns
[2020-09-11T12:57:23.782+0000][1][safepoint    ] Safepoint "Cleanup", Time since last: 1000238267 ns, Reaching safepoint: 112896 ns, At safepoint: 18990 ns, Total: 131886 ns
[2020-09-11T12:57:24.783+0000][1][safepoint    ] Safepoint "Cleanup", Time since last: 1000211093 ns, Reaching safepoint: 120770 ns, At safepoint: 17674 ns, Total: 138444 ns
[2020-09-11T12:57:25.783+0000][1][safepoint    ] Safepoint "Cleanup", Time since last: 1000209239 ns, Reaching safepoint: 89590 ns, At safepoint: 7819 ns, Total: 97409 ns
[2020-09-11T12:57:26.783+0000][1][safepoint    ] Safepoint "Cleanup", Time since last: 1000204048 ns, Reaching safepoint: 72188 ns, At safepoint: 7846 ns, Total: 80034 ns
[2020-09-11T12:57:27.784+0000][1][safepoint    ] Safepoint "Cleanup", Time since last: 1000198871 ns, Reaching safepoint: 75106 ns, At safepoint: 8135 ns, Total: 83241 ns
[2020-09-11T12:57:28.784+0000][1][safepoint    ] Safepoint "Cleanup", Time since last: 1000147967 ns, Reaching safepoint: 110871 ns, At safepoint: 17737 ns, Total: 128608 ns
[2020-09-11T12:57:29.784+0000][1][safepoint    ] Safepoint "Cleanup", Time since last: 1000206086 ns, Reaching safepoint: 129877 ns, At safepoint: 21577 ns, Total: 151454 ns
[2020-09-11T12:57:30.785+0000][1][safepoint    ] Safepoint "Cleanup", Time since last: 1000229175 ns, Reaching safepoint: 89766 ns, At safepoint: 7431 ns, Total: 97197 ns
[2020-09-11T12:57:31.785+0000][1][safepoint    ] Safepoint "Cleanup", Time since last: 1000131512 ns, Reaching safepoint: 106180 ns, At safepoint: 7950 ns, Total: 114130 ns
[2020-09-11T12:57:32.785+0000][1][safepoint    ] Safepoint "Cleanup", Time since last: 1000173308 ns, Reaching safepoint: 86994 ns, At safepoint: 7324 ns, Total: 94318 ns
[2020-09-11T12:57:33.785+0000][1][safepoint    ] Safepoint "Cleanup", Time since last: 1000118517 ns, Reaching safepoint: 67234 ns, At safepoint: 8633 ns, Total: 75867 ns
[2020-09-11T12:57:34.786+0000][1][safepoint    ] Safepoint "Cleanup", Time since last: 1000185106 ns, Reaching safepoint: 115692 ns, At safepoint: 17286 ns, Total: 132978 ns
[2020-09-11T12:57:35.786+0000][1][safepoint    ] Safepoint "Cleanup", Time since last: 1000150073 ns, Reaching safepoint: 64868 ns, At safepoint: 9572 ns, Total: 74440 ns
[2020-09-11T12:57:36.786+0000][1][safepoint    ] Safepoint "Cleanup", Time since last: 1000120615 ns, Reaching safepoint: 63952 ns, At safepoint: 8408 ns, Total: 72360 ns
[2020-09-11T12:57:37.786+0000][1][safepoint    ] Safepoint "Cleanup", Time since last: 1000118316 ns, Reaching safepoint: 62734 ns, At safepoint: 9427 ns, Total: 72161 ns
[2020-09-11T12:57:38.786+0000][1][safepoint    ] Safepoint "Cleanup", Time since last: 1000126941 ns, Reaching safepoint: 77356 ns, At safepoint: 9291 ns, Total: 86647 ns
[2020-09-11T12:57:39.787+0000][1][safepoint    ] Safepoint "Cleanup", Time since last: 1000121813 ns, Reaching safepoint: 64086 ns, At safepoint: 6436 ns, Total: 70522 ns
[2020-09-11T12:57:40.787+0000][1][safepoint    ] Safepoint "Cleanup", Time since last: 1000102674 ns, Reaching safepoint: 60256 ns, At safepoint: 7401 ns, Total: 67657 ns
[2020-09-11T12:57:41.787+0000][1][safepoint    ] Safepoint "Cleanup", Time since last: 1000109500 ns, Reaching safepoint: 70873 ns, At safepoint: 9950 ns, Total: 80823 ns
[2020-09-11T12:57:42.787+0000][1][safepoint    ] Safepoint "Cleanup", Time since last: 1000115746 ns, Reaching safepoint: 63550 ns, At safepoint: 8263 ns, Total: 71813 ns
[2020-09-11T12:57:43.787+0000][1][safepoint    ] Safepoint "Cleanup", Time since last: 1000107382 ns, Reaching safepoint: 61477 ns, At safepoint: 14747 ns, Total: 76224 ns
[2020-09-11T12:57:44.788+0000][1][safepoint    ] Safepoint "Cleanup", Time since last: 1000112560 ns, Reaching safepoint: 64767 ns, At safepoint: 8120 ns, Total: 72887 ns
[2020-09-11T12:57:45.788+0000][1][safepoint    ] Safepoint "Cleanup", Time since last: 1000111792 ns, Reaching safepoint: 59395 ns, At safepoint: 7388 ns, Total: 66783 ns
[2020-09-11T12:57:46.788+0000][1][safepoint    ] Safepoint "Cleanup", Time since last: 1000121289 ns, Reaching safepoint: 68175 ns, At safepoint: 11215 ns, Total: 79390 ns
[2020-09-11T12:57:47.788+0000][1][safepoint    ] Safepoint "Cleanup", Time since last: 1000125789 ns, Reaching safepoint: 62858 ns, At safepoint: 8173 ns, Total: 71031 ns
[2020-09-11T12:57:48.788+0000][1][safepoint    ] Safepoint "Cleanup", Time since last: 1000113220 ns, Reaching safepoint: 61519 ns, At safepoint: 7653 ns, Total: 69172 ns
[2020-09-11T12:57:49.790+0000][1][safepoint    ] Safepoint "Cleanup", Time since last: 1001320910 ns, Reaching safepoint: 67345 ns, At safepoint: 8566 ns, Total: 75911 ns
[2020-09-11T12:57:50.790+0000][1][safepoint    ] Safepoint "Cleanup", Time since last: 1000106896 ns, Reaching safepoint: 62334 ns, At safepoint: 8275 ns, Total: 70609 ns
[2020-09-11T12:57:51.790+0000][1][safepoint    ] Safepoint "Cleanup", Time since last: 1000126473 ns, Reaching safepoint: 63860 ns, At safepoint: 9823 ns, Total: 73683 ns
[2020-09-11T12:57:52.790+0000][1][safepoint    ] Safepoint "Cleanup", Time since last: 1000118458 ns, Reaching safepoint: 61428 ns, At safepoint: 8996 ns, Total: 70424 ns
[2020-09-11T12:57:53.790+0000][1][safepoint    ] Safepoint "Cleanup", Time since last: 1000125125 ns, Reaching safepoint: 61070 ns, At safepoint: 9080 ns, Total: 70150 ns
[2020-09-11T12:57:54.791+0000][1][safepoint    ] Safepoint "Cleanup", Time since last: 1000119808 ns, Reaching safepoint: 62368 ns, At safepoint: 7294 ns, Total: 69662 ns
[2020-09-11T12:57:55.791+0000][1][safepoint    ] Safepoint "Cleanup", Time since last: 1000112783 ns, Reaching safepoint: 62680 ns, At safepoint: 7353 ns, Total: 70033 ns
[2020-09-11T12:57:56.791+0000][1][safepoint    ] Safepoint "Cleanup", Time since last: 1000113294 ns, Reaching safepoint: 58675 ns, At safepoint: 6945 ns, Total: 65620 ns
[2020-09-11T12:57:57.791+0000][1][safepoint    ] Safepoint "Cleanup", Time since last: 1000106968 ns, Reaching safepoint: 61440 ns, At safepoint: 8288 ns, Total: 69728 ns
[2020-09-11T12:57:58.791+0000][1][safepoint    ] Safepoint "Cleanup", Time since last: 1000123876 ns, Reaching safepoint: 147084 ns, At safepoint: 7119 ns, Total: 154203 ns
[2020-09-11T12:57:59.792+0000][1][safepoint    ] Safepoint "Cleanup", Time since last: 1000104044 ns, Reaching safepoint: 64211 ns, At safepoint: 7501 ns, Total: 71712 ns
[2020-09-11T12:58:00.792+0000][1][safepoint    ] Safepoint "Cleanup", Time since last: 1000109973 ns, Reaching safepoint: 61990 ns, At safepoint: 8478 ns, Total: 70468 ns
[2020-09-11T12:58:01.792+0000][1][safepoint    ] Safepoint "Cleanup", Time since last: 1000108799 ns, Reaching safepoint: 69802 ns, At safepoint: 9375 ns, Total: 79177 ns
[2020-09-11T12:58:02.792+0000][1][safepoint    ] Safepoint "Cleanup", Time since last: 1000107162 ns, Reaching safepoint: 60139 ns, At safepoint: 7503 ns, Total: 67642 ns
[2020-09-11T12:58:03.792+0000][1][safepoint    ] Safepoint "Cleanup", Time since last: 1000118493 ns, Reaching safepoint: 67038 ns, At safepoint: 8613 ns, Total: 75651 ns
[2020-09-11T12:58:04.793+0000][1][safepoint    ] Safepoint "Cleanup", Time since last: 1000111060 ns, Reaching safepoint: 65838 ns, At safepoint: 7506 ns, Total: 73344 ns
[2020-09-11T12:58:05.793+0000][1][safepoint    ] Safepoint "Cleanup", Time since last: 1000110215 ns, Reaching safepoint: 69342 ns, At safepoint: 7319 ns, Total: 76661 ns
[2020-09-11T12:58:06.793+0000][1][safepoint    ] Safepoint "Cleanup", Time since last: 1000120429 ns, Reaching safepoint: 63100 ns, At safepoint: 10271 ns, Total: 73371 ns
[2020-09-11T12:58:07.793+0000][1][safepoint    ] Safepoint "Cleanup", Time since last: 1000116289 ns, Reaching safepoint: 64498 ns, At safepoint: 8710 ns, Total: 73208 ns
[2020-09-11T12:58:08.793+0000][1][safepoint    ] Safepoint "Cleanup", Time since last: 1000130401 ns, Reaching safepoint: 59998 ns, At safepoint: 8838 ns, Total: 68836 ns
[2020-09-11T12:58:09.794+0000][1][safepoint    ] Safepoint "Cleanup", Time since last: 1000096738 ns, Reaching safepoint: 66132 ns, At safepoint: 9247 ns, Total: 75379 ns
[2020-09-11T12:58:10.794+0000][1][safepoint    ] Safepoint "Cleanup", Time since last: 1000199413 ns, Reaching safepoint: 124305 ns, At safepoint: 18689 ns, Total: 142994 ns
[2020-09-11T12:58:10.890+0000][1][gc,start     ] GC(69) Pause Young (Allocation Failure)
[2020-09-11T12:58:10.890+0000][1][gc,task      ] GC(69) Using 1 workers of 1 for evacuation
[2020-09-11T12:58:10.905+0000][1][gc,age       ] GC(69) Desired survivor size 4358144 bytes, new threshold 6 (max threshold 6)
[2020-09-11T12:58:10.905+0000][1][gc,age       ] GC(69) Age table with threshold 6 (max threshold 6)
[2020-09-11T12:58:10.905+0000][1][gc,age       ] GC(69) - age   1:      10872 bytes,      10872 total
[2020-09-11T12:58:10.905+0000][1][gc,age       ] GC(69) - age   2:      26968 bytes,      37840 total
[2020-09-11T12:58:10.905+0000][1][gc,age       ] GC(69) - age   3:       1992 bytes,      39832 total
[2020-09-11T12:58:10.905+0000][1][gc,age       ] GC(69) - age   4:      29360 bytes,      69192 total
[2020-09-11T12:58:10.905+0000][1][gc,age       ] GC(69) - age   5:    1246496 bytes,    1315688 total
[2020-09-11T12:58:10.905+0000][1][gc,heap      ] GC(69) ParNew: 69492K->1293K(76672K)
[2020-09-11T12:58:10.905+0000][1][gc,heap      ] GC(69) CMS: 62829K->62829K(439104K)
[2020-09-11T12:58:10.905+0000][1][gc,metaspace ] GC(69) Metaspace: 71511K->71511K(1116160K)
[2020-09-11T12:58:10.905+0000][1][gc           ] GC(69) Pause Young (Allocation Failure) 129M->62M(503M) 15.569ms
[2020-09-11T12:58:10.905+0000][1][gc,cpu       ] GC(69) User=0.01s Sys=0.00s Real=0.02s
[2020-09-11T12:58:10.905+0000][1][safepoint    ] Safepoint "GenCollectForAllocation", Time since last: 95683052 ns, Reaching safepoint: 131785 ns, At safepoint: 15808505 ns, Total: 15940290 ns
[2020-09-11T12:58:11.906+0000][1][safepoint    ] Safepoint "Cleanup", Time since last: 1000661725 ns, Reaching safepoint: 84508 ns, At safepoint: 27599 ns, Total: 112107 ns
[2020-09-11T12:58:12.906+0000][1][safepoint    ] Safepoint "Cleanup", Time since last: 1000128574 ns, Reaching safepoint: 62776 ns, At safepoint: 17119 ns, Total: 79895 ns
[2020-09-11T12:58:13.907+0000][1][safepoint    ] Safepoint "Cleanup", Time since last: 1000187499 ns, Reaching safepoint: 83716 ns, At safepoint: 7554 ns, Total: 91270 ns
[2020-09-11T12:58:14.907+0000][1][safepoint    ] Safepoint "Cleanup", Time since last: 1000133634 ns, Reaching safepoint: 102425 ns, At safepoint: 14236 ns, Total: 116661 ns
[2020-09-11T12:58:15.907+0000][1][safepoint    ] Safepoint "Cleanup", Time since last: 1000142696 ns, Reaching safepoint: 91195 ns, At safepoint: 16093 ns, Total: 107288 ns
[2020-09-11T12:58:16.908+0000][1][safepoint    ] Safepoint "Cleanup", Time since last: 1000180483 ns, Reaching safepoint: 107540 ns, At safepoint: 14500 ns, Total: 122040 ns
[2020-09-11T12:58:17.908+0000][1][safepoint    ] Safepoint "Cleanup", Time since last: 1000183813 ns, Reaching safepoint: 96914 ns, At safepoint: 15070 ns, Total: 111984 ns
[2020-09-11T12:58:18.908+0000][1][safepoint    ] Safepoint "Cleanup", Time since last: 1000167768 ns, Reaching safepoint: 84160 ns, At safepoint: 6722 ns, Total: 90882 ns
[2020-09-11T12:58:19.908+0000][1][safepoint    ] Safepoint "Cleanup", Time since last: 1000160139 ns, Reaching safepoint: 101432 ns, At safepoint: 18780 ns, Total: 120212 ns
[2020-09-11T12:58:20.909+0000][1][safepoint    ] Safepoint "Cleanup", Time since last: 1000195298 ns, Reaching safepoint: 83611 ns, At safepoint: 7218 ns, Total: 90829 ns
[2020-09-11T12:58:21.909+0000][1][safepoint    ] Safepoint "Cleanup", Time since last: 1000112709 ns, Reaching safepoint: 52739 ns, At safepoint: 7473 ns, Total: 60212 ns
[2020-09-11T12:58:22.909+0000][1][safepoint    ] Safepoint "Cleanup", Time since last: 1000103713 ns, Reaching safepoint: 55263 ns, At safepoint: 6481 ns, Total: 61744 ns
[2020-09-11T12:58:23.909+0000][1][safepoint    ] Safepoint "Cleanup", Time since last: 1000162600 ns, Reaching safepoint: 90597 ns, At safepoint: 7428 ns, Total: 98025 ns
[2020-09-11T12:58:24.910+0000][1][safepoint    ] Safepoint "Cleanup", Time since last: 1000148939 ns, Reaching safepoint: 223212 ns, At safepoint: 27112 ns, Total: 250324 ns
[2020-09-11T12:58:25.910+0000][1][safepoint    ] Safepoint "Cleanup", Time since last: 1000203277 ns, Reaching safepoint: 110807 ns, At safepoint: 15225 ns, Total: 126032 ns
[2020-09-11T12:58:26.910+0000][1][safepoint    ] Safepoint "Cleanup", Time since last: 1000176872 ns, Reaching safepoint: 49339 ns, At safepoint: 6098 ns, Total: 55437 ns
[2020-09-11T12:58:27.910+0000][1][safepoint    ] Safepoint "Cleanup", Time since last: 1000125524 ns, Reaching safepoint: 91560 ns, At safepoint: 6927 ns, Total: 98487 ns
[2020-09-11T12:58:28.911+0000][1][safepoint    ] Safepoint "Cleanup", Time since last: 1000612793 ns, Reaching safepoint: 168661 ns, At safepoint: 7834 ns, Total: 176495 ns
[2020-09-11T12:58:29.912+0000][1][safepoint    ] Safepoint "Cleanup", Time since last: 1000146227 ns, Reaching safepoint: 172517 ns, At safepoint: 6772 ns, Total: 179289 ns
[2020-09-11T12:58:30.912+0000][1][safepoint    ] Safepoint "Cleanup", Time since last: 1000348883 ns, Reaching safepoint: 171493 ns, At safepoint: 6571 ns, Total: 178064 ns
[2020-09-11T12:58:31.912+0000][1][safepoint    ] Safepoint "Cleanup", Time since last: 1000173565 ns, Reaching safepoint: 168324 ns, At safepoint: 7303 ns, Total: 175627 ns
[2020-09-11T12:58:32.913+0000][1][safepoint    ] Safepoint "Cleanup", Time since last: 1000215682 ns, Reaching safepoint: 170017 ns, At safepoint: 6860 ns, Total: 176877 ns
[2020-09-11T12:58:33.913+0000][1][safepoint    ] Safepoint "Cleanup", Time since last: 1000101305 ns, Reaching safepoint: 59229 ns, At safepoint: 13547 ns, Total: 72776 ns
[2020-09-11T12:58:34.914+0000][1][safepoint    ] Safepoint "Cleanup", Time since last: 1001044505 ns, Reaching safepoint: 64606 ns, At safepoint: 7734 ns, Total: 72340 ns
[2020-09-11T12:58:35.914+0000][1][safepoint    ] Safepoint "Cleanup", Time since last: 1000187713 ns, Reaching safepoint: 98002 ns, At safepoint: 7241 ns, Total: 105243 ns
[2020-09-11T12:58:36.915+0000][1][safepoint    ] Safepoint "Cleanup", Time since last: 1000206798 ns, Reaching safepoint: 97795 ns, At safepoint: 7472 ns, Total: 105267 ns
[2020-09-11T12:58:37.915+0000][1][safepoint    ] Safepoint "Cleanup", Time since last: 1000174882 ns, Reaching safepoint: 116935 ns, At safepoint: 18593 ns, Total: 135528 ns
[2020-09-11T12:58:38.916+0000][1][safepoint    ] Safepoint "Cleanup", Time since last: 1000195700 ns, Reaching safepoint: 245807 ns, At safepoint: 17557 ns, Total: 263364 ns
[2020-09-11T12:58:39.916+0000][1][safepoint    ] Safepoint "Cleanup", Time since last: 1000215912 ns, Reaching safepoint: 86693 ns, At safepoint: 7418 ns, Total: 94111 ns
[2020-09-11T12:58:40.916+0000][1][safepoint    ] Safepoint "Cleanup", Time since last: 1000174612 ns, Reaching safepoint: 91153 ns, At safepoint: 8187 ns, Total: 99340 ns
[2020-09-11T12:58:41.916+0000][1][safepoint    ] Safepoint "Cleanup", Time since last: 1000186905 ns, Reaching safepoint: 76687 ns, At safepoint: 7421 ns, Total: 84108 ns
[2020-09-11T12:58:42.917+0000][1][safepoint    ] Safepoint "Cleanup", Time since last: 1000167937 ns, Reaching safepoint: 92931 ns, At safepoint: 7540 ns, Total: 100471 ns
[2020-09-11T12:58:43.917+0000][1][safepoint    ] Safepoint "Cleanup", Time since last: 1000185365 ns, Reaching safepoint: 90712 ns, At safepoint: 8069 ns, Total: 98781 ns
[2020-09-11T12:58:44.917+0000][1][safepoint    ] Safepoint "Cleanup", Time since last: 1000136905 ns, Reaching safepoint: 126697 ns, At safepoint: 6470 ns, Total: 133167 ns
[2020-09-11T12:58:45.917+0000][1][safepoint    ] Safepoint "Cleanup", Time since last: 1000211155 ns, Reaching safepoint: 75415 ns, At safepoint: 7837 ns, Total: 83252 ns
[2020-09-11T12:58:46.918+0000][1][safepoint    ] Safepoint "Cleanup", Time since last: 1000182015 ns, Reaching safepoint: 150635 ns, At safepoint: 18523 ns, Total: 169158 ns
[2020-09-11T12:58:47.918+0000][1][safepoint    ] Safepoint "Cleanup", Time since last: 1000142918 ns, Reaching safepoint: 71461 ns, At safepoint: 8314 ns, Total: 79775 ns
[2020-09-11T12:58:48.918+0000][1][safepoint    ] Safepoint "Cleanup", Time since last: 1000207108 ns, Reaching safepoint: 95265 ns, At safepoint: 8377 ns, Total: 103642 ns
[2020-09-11T12:58:49.919+0000][1][safepoint    ] Safepoint "Cleanup", Time since last: 1000178740 ns, Reaching safepoint: 94278 ns, At safepoint: 7961 ns, Total: 102239 ns
[2020-09-11T12:58:50.919+0000][1][safepoint    ] Safepoint "Cleanup", Time since last: 1000166349 ns, Reaching safepoint: 90933 ns, At safepoint: 7033 ns, Total: 97966 ns
[2020-09-11T12:58:51.919+0000][1][safepoint    ] Safepoint "Cleanup", Time since last: 1000185669 ns, Reaching safepoint: 89772 ns, At safepoint: 7855 ns, Total: 97627 ns
[2020-09-11T12:58:52.919+0000][1][safepoint    ] Safepoint "Cleanup", Time since last: 1000198156 ns, Reaching safepoint: 82813 ns, At safepoint: 6908 ns, Total: 89721 ns
[2020-09-11T12:58:53.920+0000][1][safepoint    ] Safepoint "Cleanup", Time since last: 1000184306 ns, Reaching safepoint: 118135 ns, At safepoint: 17506 ns, Total: 135641 ns
[2020-09-11T12:58:54.920+0000][1][safepoint    ] Safepoint "Cleanup", Time since last: 1000179274 ns, Reaching safepoint: 140021 ns, At safepoint: 17243 ns, Total: 157264 ns
[2020-09-11T12:58:55.920+0000][1][safepoint    ] Safepoint "Cleanup", Time since last: 1000235366 ns, Reaching safepoint: 87443 ns, At safepoint: 16204 ns, Total: 103647 ns
[2020-09-11T12:58:56.921+0000][1][safepoint    ] Safepoint "Cleanup", Time since last: 1000227843 ns, Reaching safepoint: 133082 ns, At safepoint: 19364 ns, Total: 152446 ns
[2020-09-11T12:58:57.921+0000][1][safepoint    ] Safepoint "Cleanup", Time since last: 1000228912 ns, Reaching safepoint: 115007 ns, At safepoint: 17777 ns, Total: 132784 ns
[2020-09-11T12:58:58.922+0000][1][safepoint    ] Safepoint "Cleanup", Time since last: 1000205559 ns, Reaching safepoint: 99986 ns, At safepoint: 7144 ns, Total: 107130 ns
[2020-09-11T12:58:59.922+0000][1][safepoint    ] Safepoint "Cleanup", Time since last: 1000148649 ns, Reaching safepoint: 87417 ns, At safepoint: 7696 ns, Total: 95113 ns
[2020-09-11T12:59:00.922+0000][1][safepoint    ] Safepoint "Cleanup", Time since last: 1000133822 ns, Reaching safepoint: 122120 ns, At safepoint: 16581 ns, Total: 138701 ns
[2020-09-11T12:59:01.922+0000][1][safepoint    ] Safepoint "Cleanup", Time since last: 1000230359 ns, Reaching safepoint: 93527 ns, At safepoint: 8864 ns, Total: 102391 ns
[2020-09-11T12:59:02.923+0000][1][safepoint    ] Safepoint "Cleanup", Time since last: 1000183680 ns, Reaching safepoint: 86662 ns, At safepoint: 6876 ns, Total: 93538 ns
[2020-09-11T12:59:03.923+0000][1][safepoint    ] Safepoint "Cleanup", Time since last: 1000239291 ns, Reaching safepoint: 124041 ns, At safepoint: 19211 ns, Total: 143252 ns
[2020-09-11T12:59:04.923+0000][1][safepoint    ] Safepoint "Cleanup", Time since last: 1000197562 ns, Reaching safepoint: 113988 ns, At safepoint: 17821 ns, Total: 131809 ns
[2020-09-11T12:59:05.924+0000][1][safepoint    ] Safepoint "Cleanup", Time since last: 1000283653 ns, Reaching safepoint: 125280 ns, At safepoint: 20397 ns, Total: 145677 ns
[2020-09-11T12:59:06.924+0000][1][safepoint    ] Safepoint "Cleanup", Time since last: 1000165261 ns, Reaching safepoint: 69426 ns, At safepoint: 7769 ns, Total: 77195 ns
[2020-09-11T12:59:07.924+0000][1][safepoint    ] Safepoint "Cleanup", Time since last: 1000172088 ns, Reaching safepoint: 93874 ns, At safepoint: 7375 ns, Total: 101249 ns
[2020-09-11T12:59:08.925+0000][1][safepoint    ] Safepoint "Cleanup", Time since last: 1000174903 ns, Reaching safepoint: 85895 ns, At safepoint: 8107 ns, Total: 94002 ns
[2020-09-11T12:59:09.925+0000][1][safepoint    ] Safepoint "Cleanup", Time since last: 1000170912 ns, Reaching safepoint: 89937 ns, At safepoint: 7419 ns, Total: 97356 ns
[2020-09-11T12:59:10.925+0000][1][safepoint    ] Safepoint "Cleanup", Time since last: 1000190721 ns, Reaching safepoint: 94274 ns, At safepoint: 7497 ns, Total: 101771 ns
[2020-09-11T12:59:11.925+0000][1][safepoint    ] Safepoint "Cleanup", Time since last: 1000192549 ns, Reaching safepoint: 92102 ns, At safepoint: 8234 ns, Total: 100336 ns
[2020-09-11T12:59:12.926+0000][1][safepoint    ] Safepoint "Cleanup", Time since last: 1000185072 ns, Reaching safepoint: 87972 ns, At safepoint: 8057 ns, Total: 96029 ns
[2020-09-11T12:59:13.926+0000][1][safepoint    ] Safepoint "Cleanup", Time since last: 1000196590 ns, Reaching safepoint: 115070 ns, At safepoint: 17641 ns, Total: 132711 ns
[2020-09-11T12:59:14.926+0000][1][safepoint    ] Safepoint "Cleanup", Time since last: 1000232150 ns, Reaching safepoint: 130349 ns, At safepoint: 17871 ns, Total: 148220 ns
[2020-09-11T12:59:15.927+0000][1][safepoint    ] Safepoint "Cleanup", Time since last: 1000234810 ns, Reaching safepoint: 127275 ns, At safepoint: 18369 ns, Total: 145644 ns
[2020-09-11T12:59:16.927+0000][1][safepoint    ] Safepoint "Cleanup", Time since last: 1000163274 ns, Reaching safepoint: 76692 ns, At safepoint: 8423 ns, Total: 85115 ns
[2020-09-11T12:59:17.927+0000][1][safepoint    ] Safepoint "Cleanup", Time since last: 1000157663 ns, Reaching safepoint: 221849 ns, At safepoint: 17517 ns, Total: 239366 ns
[2020-09-11T12:59:18.928+0000][1][safepoint    ] Safepoint "Cleanup", Time since last: 1000197593 ns, Reaching safepoint: 92298 ns, At safepoint: 7024 ns, Total: 99322 ns
[2020-09-11T12:59:19.928+0000][1][safepoint    ] Safepoint "Cleanup", Time since last: 1000190273 ns, Reaching safepoint: 93137 ns, At safepoint: 8051 ns, Total: 101188 ns
[2020-09-11T12:59:20.928+0000][1][safepoint    ] Safepoint "Cleanup", Time since last: 1000148816 ns, Reaching safepoint: 121412 ns, At safepoint: 15956 ns, Total: 137368 ns
[2020-09-11T12:59:21.929+0000][1][safepoint    ] Safepoint "Cleanup", Time since last: 1000223069 ns, Reaching safepoint: 96482 ns, At safepoint: 8319 ns, Total: 104801 ns
[2020-09-11T12:59:22.929+0000][1][safepoint    ] Safepoint "Cleanup", Time since last: 1000142198 ns, Reaching safepoint: 103732 ns, At safepoint: 8082 ns, Total: 111814 ns
[2020-09-11T12:59:23.929+0000][1][safepoint    ] Safepoint "Cleanup", Time since last: 1000182075 ns, Reaching safepoint: 93403 ns, At safepoint: 7409 ns, Total: 100812 ns
[2020-09-11T12:59:24.001+0000][1][gc,start     ] GC(70) Pause Young (Allocation Failure)
[2020-09-11T12:59:24.001+0000][1][gc,task      ] GC(70) Using 1 workers of 1 for evacuation
[2020-09-11T12:59:24.009+0000][1][gc,age       ] GC(70) Desired survivor size 4358144 bytes, new threshold 6 (max threshold 6)
[2020-09-11T12:59:24.009+0000][1][gc,age       ] GC(70) Age table with threshold 6 (max threshold 6)
[2020-09-11T12:59:24.009+0000][1][gc,age       ] GC(70) - age   1:       5888 bytes,       5888 total
[2020-09-11T12:59:24.009+0000][1][gc,age       ] GC(70) - age   2:       2024 bytes,       7912 total
[2020-09-11T12:59:24.009+0000][1][gc,age       ] GC(70) - age   3:      26968 bytes,      34880 total
[2020-09-11T12:59:24.009+0000][1][gc,age       ] GC(70) - age   4:       1992 bytes,      36872 total
[2020-09-11T12:59:24.009+0000][1][gc,age       ] GC(70) - age   5:      29360 bytes,      66232 total
[2020-09-11T12:59:24.009+0000][1][gc,age       ] GC(70) - age   6:    1245960 bytes,    1312192 total
[2020-09-11T12:59:24.009+0000][1][gc,heap      ] GC(70) ParNew: 69453K->1286K(76672K)
[2020-09-11T12:59:24.009+0000][1][gc,heap      ] GC(70) CMS: 62829K->62829K(439104K)
[2020-09-11T12:59:24.009+0000][1][gc,metaspace ] GC(70) Metaspace: 71580K->71580K(1116160K)
[2020-09-11T12:59:24.009+0000][1][gc           ] GC(70) Pause Young (Allocation Failure) 129M->62M(503M) 7.629ms
[2020-09-11T12:59:24.009+0000][1][gc,cpu       ] GC(70) User=0.01s Sys=0.00s Real=0.01s
[2020-09-11T12:59:24.009+0000][1][safepoint    ] Safepoint "GenCollectForAllocation", Time since last: 72044202 ns, Reaching safepoint: 167659 ns, At safepoint: 7687460 ns, Total: 7855119 ns
[2020-09-11T12:59:25.016+0000][1][safepoint    ] Safepoint "Cleanup", Time since last: 1006489748 ns, Reaching safepoint: 170337 ns, At safepoint: 8022 ns, Total: 178359 ns
[2020-09-11T12:59:26.016+0000][1][safepoint    ] Safepoint "Cleanup", Time since last: 1000131172 ns, Reaching safepoint: 97526 ns, At safepoint: 7426 ns, Total: 104952 ns
[2020-09-11T12:59:27.016+0000][1][safepoint    ] Safepoint "Cleanup", Time since last: 1000166896 ns, Reaching safepoint: 85765 ns, At safepoint: 7774 ns, Total: 93539 ns
[2020-09-11T12:59:28.017+0000][1][safepoint    ] Safepoint "Cleanup", Time since last: 1000167293 ns, Reaching safepoint: 80541 ns, At safepoint: 6735 ns, Total: 87276 ns
[2020-09-11T12:59:29.023+0000][1][safepoint    ] Safepoint "Cleanup", Time since last: 1002922452 ns, Reaching safepoint: 3208327 ns, At safepoint: 9406 ns, Total: 3217733 ns
[2020-09-11T12:59:30.023+0000][1][safepoint    ] Safepoint "Cleanup", Time since last: 1000177943 ns, Reaching safepoint: 103885 ns, At safepoint: 18045 ns, Total: 121930 ns
[2020-09-11T12:59:31.023+0000][1][safepoint    ] Safepoint "Cleanup", Time since last: 1000199264 ns, Reaching safepoint: 81504 ns, At safepoint: 13369 ns, Total: 94873 ns
[2020-09-11T12:59:32.024+0000][1][safepoint    ] Safepoint "Cleanup", Time since last: 1000156627 ns, Reaching safepoint: 85623 ns, At safepoint: 7673 ns, Total: 93296 ns
[2020-09-11T12:59:33.024+0000][1][safepoint    ] Safepoint "Cleanup", Time since last: 1000152621 ns, Reaching safepoint: 85068 ns, At safepoint: 7538 ns, Total: 92606 ns
[2020-09-11T12:59:34.024+0000][1][safepoint    ] Safepoint "Cleanup", Time since last: 1000126258 ns, Reaching safepoint: 205445 ns, At safepoint: 17079 ns, Total: 222524 ns
[2020-09-11T12:59:35.024+0000][1][safepoint    ] Safepoint "Cleanup", Time since last: 1000196434 ns, Reaching safepoint: 90683 ns, At safepoint: 7178 ns, Total: 97861 ns
[2020-09-11T12:59:36.025+0000][1][safepoint    ] Safepoint "Cleanup", Time since last: 1000178813 ns, Reaching safepoint: 94343 ns, At safepoint: 7195 ns, Total: 101538 ns
[2020-09-11T12:59:37.025+0000][1][safepoint    ] Safepoint "Cleanup", Time since last: 1000177098 ns, Reaching safepoint: 119053 ns, At safepoint: 18683 ns, Total: 137736 ns
[2020-09-11T12:59:38.025+0000][1][safepoint    ] Safepoint "Cleanup", Time since last: 1000178307 ns, Reaching safepoint: 107445 ns, At safepoint: 7717 ns, Total: 115162 ns
[2020-09-11T12:59:39.026+0000][1][safepoint    ] Safepoint "Cleanup", Time since last: 1000173598 ns, Reaching safepoint: 86189 ns, At safepoint: 7881 ns, Total: 94070 ns
[2020-09-11T12:59:40.026+0000][1][safepoint    ] Safepoint "Cleanup", Time since last: 1000121832 ns, Reaching safepoint: 120765 ns, At safepoint: 7330 ns, Total: 128095 ns
[2020-09-11T12:59:41.026+0000][1][safepoint    ] Safepoint "Cleanup", Time since last: 1000188890 ns, Reaching safepoint: 91446 ns, At safepoint: 9166 ns, Total: 100612 ns
[2020-09-11T12:59:42.026+0000][1][safepoint    ] Safepoint "Cleanup", Time since last: 1000186814 ns, Reaching safepoint: 93292 ns, At safepoint: 7695 ns, Total: 100987 ns
[2020-09-11T12:59:43.027+0000][1][safepoint    ] Safepoint "Cleanup", Time since last: 1000197213 ns, Reaching safepoint: 94260 ns, At safepoint: 8533 ns, Total: 102793 ns
[2020-09-11T12:59:44.027+0000][1][safepoint    ] Safepoint "Cleanup", Time since last: 1000202824 ns, Reaching safepoint: 107526 ns, At safepoint: 17106 ns, Total: 124632 ns
[2020-09-11T12:59:45.027+0000][1][safepoint    ] Safepoint "Cleanup", Time since last: 1000200883 ns, Reaching safepoint: 87034 ns, At safepoint: 7677 ns, Total: 94711 ns
[2020-09-11T12:59:46.028+0000][1][safepoint    ] Safepoint "Cleanup", Time since last: 1000168259 ns, Reaching safepoint: 116233 ns, At safepoint: 17517 ns, Total: 133750 ns
[2020-09-11T12:59:47.028+0000][1][safepoint    ] Safepoint "Cleanup", Time since last: 1000222787 ns, Reaching safepoint: 98514 ns, At safepoint: 7657 ns, Total: 106171 ns
[2020-09-11T12:59:48.028+0000][1][safepoint    ] Safepoint "Cleanup", Time since last: 1000161632 ns, Reaching safepoint: 157618 ns, At safepoint: 18543 ns, Total: 176161 ns
[2020-09-11T12:59:49.029+0000][1][safepoint    ] Safepoint "Cleanup", Time since last: 1000209008 ns, Reaching safepoint: 91572 ns, At safepoint: 7429 ns, Total: 99001 ns
[2020-09-11T12:59:50.029+0000][1][safepoint    ] Safepoint "Cleanup", Time since last: 1000149281 ns, Reaching safepoint: 110490 ns, At safepoint: 18112 ns, Total: 128602 ns
[2020-09-11T12:59:51.029+0000][1][safepoint    ] Safepoint "Cleanup", Time since last: 1000210734 ns, Reaching safepoint: 126113 ns, At safepoint: 19371 ns, Total: 145484 ns
[2020-09-11T12:59:52.030+0000][1][safepoint    ] Safepoint "Cleanup", Time since last: 1000186938 ns, Reaching safepoint: 118608 ns, At safepoint: 17551 ns, Total: 136159 ns
[2020-09-11T12:59:53.030+0000][1][safepoint    ] Safepoint "Cleanup", Time since last: 1000227260 ns, Reaching safepoint: 108178 ns, At safepoint: 18102 ns, Total: 126280 ns
[2020-09-11T12:59:54.030+0000][1][safepoint    ] Safepoint "Cleanup", Time since last: 1000199296 ns, Reaching safepoint: 107460 ns, At safepoint: 17283 ns, Total: 124743 ns
[2020-09-11T12:59:55.030+0000][1][safepoint    ] Safepoint "Cleanup", Time since last: 1000165248 ns, Reaching safepoint: 109308 ns, At safepoint: 7306 ns, Total: 116614 ns
[2020-09-11T12:59:56.031+0000][1][safepoint    ] Safepoint "Cleanup", Time since last: 1000122884 ns, Reaching safepoint: 104458 ns, At safepoint: 7178 ns, Total: 111636 ns
[2020-09-11T12:59:57.031+0000][1][safepoint    ] Safepoint "Cleanup", Time since last: 1000144059 ns, Reaching safepoint: 117162 ns, At safepoint: 19291 ns, Total: 136453 ns
[2020-09-11T12:59:58.031+0000][1][safepoint    ] Safepoint "Cleanup", Time since last: 1000233097 ns, Reaching safepoint: 86093 ns, At safepoint: 6571 ns, Total: 92664 ns
[2020-09-11T12:59:59.032+0000][1][safepoint    ] Safepoint "Cleanup", Time since last: 1000115230 ns, Reaching safepoint: 115689 ns, At safepoint: 16872 ns, Total: 132561 ns
[2020-09-11T13:00:00.032+0000][1][safepoint    ] Safepoint "Cleanup", Time since last: 1000220130 ns, Reaching safepoint: 114032 ns, At safepoint: 17934 ns, Total: 131966 ns
[2020-09-11T13:00:01.032+0000][1][safepoint    ] Safepoint "Cleanup", Time since last: 1000227040 ns, Reaching safepoint: 87855 ns, At safepoint: 8959 ns, Total: 96814 ns
[2020-09-11T13:00:02.032+0000][1][safepoint    ] Safepoint "Cleanup", Time since last: 1000156721 ns, Reaching safepoint: 70480 ns, At safepoint: 7288 ns, Total: 77768 ns
[2020-09-11T13:00:03.033+0000][1][safepoint    ] Safepoint "Cleanup", Time since last: 1000168116 ns, Reaching safepoint: 93661 ns, At safepoint: 8107 ns, Total: 101768 ns
[2020-09-11T13:00:04.033+0000][1][safepoint    ] Safepoint "Cleanup", Time since last: 1000178262 ns, Reaching safepoint: 88241 ns, At safepoint: 7449 ns, Total: 95690 ns
[2020-09-11T13:00:05.033+0000][1][safepoint    ] Safepoint "Cleanup", Time since last: 1000173648 ns, Reaching safepoint: 91352 ns, At safepoint: 8170 ns, Total: 99522 ns
[2020-09-11T13:00:06.034+0000][1][safepoint    ] Safepoint "Cleanup", Time since last: 1000184966 ns, Reaching safepoint: 84771 ns, At safepoint: 7585 ns, Total: 92356 ns
[2020-09-11T13:00:07.034+0000][1][safepoint    ] Safepoint "Cleanup", Time since last: 1000181076 ns, Reaching safepoint: 126560 ns, At safepoint: 19344 ns, Total: 145904 ns
[2020-09-11T13:00:08.034+0000][1][safepoint    ] Safepoint "Cleanup", Time since last: 1000220634 ns, Reaching safepoint: 109278 ns, At safepoint: 18255 ns, Total: 127533 ns
[2020-09-11T13:00:09.035+0000][1][safepoint    ] Safepoint "Cleanup", Time since last: 1000248647 ns, Reaching safepoint: 94653 ns, At safepoint: 8742 ns, Total: 103395 ns
[2020-09-11T13:00:10.035+0000][1][safepoint    ] Safepoint "Cleanup", Time since last: 1000177224 ns, Reaching safepoint: 61283 ns, At safepoint: 6633 ns, Total: 67916 ns
[2020-09-11T13:00:11.035+0000][1][safepoint    ] Safepoint "Cleanup", Time since last: 1000126784 ns, Reaching safepoint: 101024 ns, At safepoint: 7607 ns, Total: 108631 ns
[2020-09-11T13:00:12.035+0000][1][safepoint    ] Safepoint "Cleanup", Time since last: 1000147933 ns, Reaching safepoint: 94856 ns, At safepoint: 7856 ns, Total: 102712 ns
[2020-09-11T13:00:13.036+0000][1][safepoint    ] Safepoint "Cleanup", Time since last: 1000146270 ns, Reaching safepoint: 116900 ns, At safepoint: 18566 ns, Total: 135466 ns
[2020-09-11T13:00:14.036+0000][1][safepoint    ] Safepoint "Cleanup", Time since last: 1000245657 ns, Reaching safepoint: 160199 ns, At safepoint: 18560 ns, Total: 178759 ns
[2020-09-11T13:00:15.036+0000][1][safepoint    ] Safepoint "Cleanup", Time since last: 1000205112 ns, Reaching safepoint: 113288 ns, At safepoint: 18509 ns, Total: 131797 ns
[2020-09-11T13:00:16.037+0000][1][safepoint    ] Safepoint "Cleanup", Time since last: 1000238419 ns, Reaching safepoint: 135496 ns, At safepoint: 19491 ns, Total: 154987 ns
[2020-09-11T13:00:17.037+0000][1][safepoint    ] Safepoint "Cleanup", Time since last: 1000212178 ns, Reaching safepoint: 117177 ns, At safepoint: 18416 ns, Total: 135593 ns
[2020-09-11T13:00:18.037+0000][1][safepoint    ] Safepoint "Cleanup", Time since last: 1000209323 ns, Reaching safepoint: 110925 ns, At safepoint: 17524 ns, Total: 128449 ns
[2020-09-11T13:00:19.038+0000][1][safepoint    ] Safepoint "Cleanup", Time since last: 1000240752 ns, Reaching safepoint: 118483 ns, At safepoint: 18876 ns, Total: 137359 ns
[2020-09-11T13:00:20.038+0000][1][safepoint    ] Safepoint "Cleanup", Time since last: 1000199943 ns, Reaching safepoint: 117508 ns, At safepoint: 18696 ns, Total: 136204 ns
[2020-09-11T13:00:21.039+0000][1][safepoint    ] Safepoint "Cleanup", Time since last: 1000191692 ns, Reaching safepoint: 119666 ns, At safepoint: 18746 ns, Total: 138412 ns
[2020-09-11T13:00:22.039+0000][1][safepoint    ] Safepoint "Cleanup", Time since last: 1000261110 ns, Reaching safepoint: 118299 ns, At safepoint: 18496 ns, Total: 136795 ns
[2020-09-11T13:00:23.039+0000][1][safepoint    ] Safepoint "Cleanup", Time since last: 1000181645 ns, Reaching safepoint: 119836 ns, At safepoint: 18773 ns, Total: 138609 ns
[2020-09-11T13:00:24.040+0000][1][safepoint    ] Safepoint "Cleanup", Time since last: 1000223218 ns, Reaching safepoint: 118930 ns, At safepoint: 18687 ns, Total: 137617 ns
[2020-09-11T13:00:25.040+0000][1][safepoint    ] Safepoint "Cleanup", Time since last: 1000222287 ns, Reaching safepoint: 126141 ns, At safepoint: 19000 ns, Total: 145141 ns
[2020-09-11T13:00:26.040+0000][1][safepoint    ] Safepoint "Cleanup", Time since last: 1000225715 ns, Reaching safepoint: 86067 ns, At safepoint: 8430 ns, Total: 94497 ns
[2020-09-11T13:00:27.041+0000][1][safepoint    ] Safepoint "Cleanup", Time since last: 1000149380 ns, Reaching safepoint: 118614 ns, At safepoint: 18322 ns, Total: 136936 ns
[2020-09-11T13:00:28.041+0000][1][safepoint    ] Safepoint "Cleanup", Time since last: 1000218048 ns, Reaching safepoint: 130330 ns, At safepoint: 18389 ns, Total: 148719 ns
[2020-09-11T13:00:29.041+0000][1][safepoint    ] Safepoint "Cleanup", Time since last: 1000219672 ns, Reaching safepoint: 94012 ns, At safepoint: 8651 ns, Total: 102663 ns
[2020-09-11T13:00:30.042+0000][1][safepoint    ] Safepoint "Cleanup", Time since last: 1000179171 ns, Reaching safepoint: 91321 ns, At safepoint: 7488 ns, Total: 98809 ns
[2020-09-11T13:00:31.042+0000][1][safepoint    ] Safepoint "Cleanup", Time since last: 1000162009 ns, Reaching safepoint: 108347 ns, At safepoint: 8940 ns, Total: 117287 ns
[2020-09-11T13:00:32.042+0000][1][safepoint    ] Safepoint "Cleanup", Time since last: 1000185627 ns, Reaching safepoint: 117287 ns, At safepoint: 18135 ns, Total: 135422 ns
[2020-09-11T13:00:33.042+0000][1][safepoint    ] Safepoint "Cleanup", Time since last: 1000210493 ns, Reaching safepoint: 118459 ns, At safepoint: 19138 ns, Total: 137597 ns
[2020-09-11T13:00:34.043+0000][1][safepoint    ] Safepoint "Cleanup", Time since last: 1000184682 ns, Reaching safepoint: 117374 ns, At safepoint: 16438 ns, Total: 133812 ns
[2020-09-11T13:00:35.043+0000][1][safepoint    ] Safepoint "Cleanup", Time since last: 1000220763 ns, Reaching safepoint: 117267 ns, At safepoint: 18489 ns, Total: 135756 ns
[2020-09-11T13:00:36.044+0000][1][safepoint    ] Safepoint "Cleanup", Time since last: 1000216467 ns, Reaching safepoint: 115226 ns, At safepoint: 6972 ns, Total: 122198 ns
[2020-09-11T13:00:37.044+0000][1][safepoint    ] Safepoint "Cleanup", Time since last: 1000184451 ns, Reaching safepoint: 118517 ns, At safepoint: 19157 ns, Total: 137674 ns
[2020-09-11T13:00:38.044+0000][1][safepoint    ] Safepoint "Cleanup", Time since last: 1000213324 ns, Reaching safepoint: 125509 ns, At safepoint: 17959 ns, Total: 143468 ns
[2020-09-11T13:00:39.045+0000][1][safepoint    ] Safepoint "Cleanup", Time since last: 1000218310 ns, Reaching safepoint: 135702 ns, At safepoint: 19332 ns, Total: 155034 ns
[2020-09-11T13:00:39.119+0000][1][gc,start     ] GC(71) Pause Young (Allocation Failure)
[2020-09-11T13:00:39.119+0000][1][gc,task      ] GC(71) Using 1 workers of 1 for evacuation
[2020-09-11T13:00:39.128+0000][1][gc,age       ] GC(71) Desired survivor size 4358144 bytes, new threshold 6 (max threshold 6)
[2020-09-11T13:00:39.128+0000][1][gc,age       ] GC(71) Age table with threshold 6 (max threshold 6)
[2020-09-11T13:00:39.128+0000][1][gc,age       ] GC(71) - age   1:       6432 bytes,       6432 total
[2020-09-11T13:00:39.128+0000][1][gc,age       ] GC(71) - age   2:       1312 bytes,       7744 total
[2020-09-11T13:00:39.128+0000][1][gc,age       ] GC(71) - age   3:       2024 bytes,       9768 total
[2020-09-11T13:00:39.128+0000][1][gc,age       ] GC(71) - age   4:      26968 bytes,      36736 total
[2020-09-11T13:00:39.128+0000][1][gc,age       ] GC(71) - age   5:       1992 bytes,      38728 total
[2020-09-11T13:00:39.128+0000][1][gc,age       ] GC(71) - age   6:      29360 bytes,      68088 total
[2020-09-11T13:00:39.128+0000][1][gc,heap      ] GC(71) ParNew: 69446K->1282K(76672K)
[2020-09-11T13:00:39.128+0000][1][gc,heap      ] GC(71) CMS: 62829K->64078K(439104K)
[2020-09-11T13:00:39.128+0000][1][gc,metaspace ] GC(71) Metaspace: 71625K->71625K(1116160K)
[2020-09-11T13:00:39.128+0000][1][gc           ] GC(71) Pause Young (Allocation Failure) 129M->63M(503M) 9.312ms
[2020-09-11T13:00:39.128+0000][1][gc,cpu       ] GC(71) User=0.01s Sys=0.00s Real=0.01s
[2020-09-11T13:00:39.128+0000][1][safepoint    ] Safepoint "GenCollectForAllocation", Time since last: 73909346 ns, Reaching safepoint: 177006 ns, At safepoint: 9396068 ns, Total: 9573074 ns
[2020-09-11T13:00:40.135+0000][1][safepoint    ] Safepoint "Cleanup", Time since last: 1006330381 ns, Reaching safepoint: 228232 ns, At safepoint: 47586 ns, Total: 275818 ns
[2020-09-11T13:00:41.135+0000][1][safepoint    ] Safepoint "Cleanup", Time since last: 1000336463 ns, Reaching safepoint: 217725 ns, At safepoint: 44543 ns, Total: 262268 ns
[2020-09-11T13:00:42.136+0000][1][safepoint    ] Safepoint "Cleanup", Time since last: 1000203709 ns, Reaching safepoint: 321908 ns, At safepoint: 46925 ns, Total: 368833 ns
[2020-09-11T13:00:43.136+0000][1][safepoint    ] Safepoint "Cleanup", Time since last: 1000309171 ns, Reaching safepoint: 217040 ns, At safepoint: 43898 ns, Total: 260938 ns
[2020-09-11T13:00:44.137+0000][1][safepoint    ] Safepoint "Cleanup", Time since last: 1000147497 ns, Reaching safepoint: 141686 ns, At safepoint: 17263 ns, Total: 158949 ns
[2020-09-11T13:00:45.137+0000][1][safepoint    ] Safepoint "Cleanup", Time since last: 1000204452 ns, Reaching safepoint: 130273 ns, At safepoint: 18055 ns, Total: 148328 ns
[2020-09-11T13:00:46.137+0000][1][safepoint    ] Safepoint "Cleanup", Time since last: 1000231388 ns, Reaching safepoint: 119238 ns, At safepoint: 18553 ns, Total: 137791 ns
[2020-09-11T13:00:47.138+0000][1][safepoint    ] Safepoint "Cleanup", Time since last: 1000212609 ns, Reaching safepoint: 116732 ns, At safepoint: 17594 ns, Total: 134326 ns
[2020-09-11T13:00:48.139+0000][1][safepoint    ] Safepoint "Cleanup", Time since last: 1001406156 ns, Reaching safepoint: 117554 ns, At safepoint: 18670 ns, Total: 136224 ns
[2020-09-11T13:00:49.140+0000][1][safepoint    ] Safepoint "Cleanup", Time since last: 1000132634 ns, Reaching safepoint: 117952 ns, At safepoint: 15960 ns, Total: 133912 ns
[2020-09-11T13:00:50.140+0000][1][safepoint    ] Safepoint "Cleanup", Time since last: 1000186447 ns, Reaching safepoint: 106374 ns, At safepoint: 8031 ns, Total: 114405 ns
[2020-09-11T13:00:51.140+0000][1][safepoint    ] Safepoint "Cleanup", Time since last: 1000194746 ns, Reaching safepoint: 115773 ns, At safepoint: 17945 ns, Total: 133718 ns
[2020-09-11T13:00:52.141+0000][1][safepoint    ] Safepoint "Cleanup", Time since last: 1000184729 ns, Reaching safepoint: 118607 ns, At safepoint: 18456 ns, Total: 137063 ns
[2020-09-11T13:00:53.142+0000][1][safepoint    ] Safepoint "Cleanup", Time since last: 1001257978 ns, Reaching safepoint: 89289 ns, At safepoint: 7954 ns, Total: 97243 ns
[2020-09-11T13:00:54.142+0000][1][safepoint    ] Safepoint "Cleanup", Time since last: 1000180109 ns, Reaching safepoint: 121684 ns, At safepoint: 18268 ns, Total: 139952 ns
[2020-09-11T13:00:55.143+0000][1][safepoint    ] Safepoint "Cleanup", Time since last: 1001112172 ns, Reaching safepoint: 164005 ns, At safepoint: 18810 ns, Total: 182815 ns
[2020-09-11T13:00:56.144+0000][1][safepoint    ] Safepoint "Cleanup", Time since last: 1000213731 ns, Reaching safepoint: 117691 ns, At safepoint: 18252 ns, Total: 135943 ns
[2020-09-11T13:00:57.144+0000][1][safepoint    ] Safepoint "Cleanup", Time since last: 1000194927 ns, Reaching safepoint: 118647 ns, At safepoint: 17771 ns, Total: 136418 ns
[2020-09-11T13:00:58.145+0000][1][safepoint    ] Safepoint "Cleanup", Time since last: 1001008114 ns, Reaching safepoint: 117584 ns, At safepoint: 20638 ns, Total: 138222 ns
[2020-09-11T13:00:59.146+0000][1][safepoint    ] Safepoint "Cleanup", Time since last: 1000257904 ns, Reaching safepoint: 118343 ns, At safepoint: 18566 ns, Total: 136909 ns
[2020-09-11T13:01:00.146+0000][1][safepoint    ] Safepoint "Cleanup", Time since last: 1000214360 ns, Reaching safepoint: 131009 ns, At safepoint: 18733 ns, Total: 149742 ns
[2020-09-11T13:01:01.146+0000][1][safepoint    ] Safepoint "Cleanup", Time since last: 1000208240 ns, Reaching safepoint: 92772 ns, At safepoint: 7384 ns, Total: 100156 ns
[2020-09-11T13:01:02.147+0000][1][safepoint    ] Safepoint "Cleanup", Time since last: 1000177790 ns, Reaching safepoint: 94163 ns, At safepoint: 7805 ns, Total: 101968 ns
[2020-09-11T13:01:03.148+0000][1][safepoint    ] Safepoint "Cleanup", Time since last: 1000786743 ns, Reaching safepoint: 119516 ns, At safepoint: 18185 ns, Total: 137701 ns
[2020-09-11T13:01:04.148+0000][1][safepoint    ] Safepoint "Cleanup", Time since last: 1000211824 ns, Reaching safepoint: 119596 ns, At safepoint: 18799 ns, Total: 138395 ns
[2020-09-11T13:01:05.148+0000][1][safepoint    ] Safepoint "Cleanup", Time since last: 1000217171 ns, Reaching safepoint: 126699 ns, At safepoint: 18409 ns, Total: 145108 ns
[2020-09-11T13:01:06.149+0000][1][safepoint    ] Safepoint "Cleanup", Time since last: 1000236975 ns, Reaching safepoint: 160369 ns, At safepoint: 21787 ns, Total: 182156 ns
[2020-09-11T13:01:07.149+0000][1][safepoint    ] Safepoint "Cleanup", Time since last: 1000247855 ns, Reaching safepoint: 85980 ns, At safepoint: 7946 ns, Total: 93926 ns
[2020-09-11T13:01:08.149+0000][1][safepoint    ] Safepoint "Cleanup", Time since last: 1000181111 ns, Reaching safepoint: 85730 ns, At safepoint: 8303 ns, Total: 94033 ns
[2020-09-11T13:01:09.150+0000][1][safepoint    ] Safepoint "Cleanup", Time since last: 1000113382 ns, Reaching safepoint: 90994 ns, At safepoint: 7174 ns, Total: 98168 ns
[2020-09-11T13:01:10.150+0000][1][safepoint    ] Safepoint "Cleanup", Time since last: 1000805068 ns, Reaching safepoint: 99944 ns, At safepoint: 15805 ns, Total: 115749 ns
[2020-09-11T13:01:11.151+0000][1][safepoint    ] Safepoint "Cleanup", Time since last: 1000123150 ns, Reaching safepoint: 118981 ns, At safepoint: 16037 ns, Total: 135018 ns
[2020-09-11T13:01:12.151+0000][1][safepoint    ] Safepoint "Cleanup", Time since last: 1000214201 ns, Reaching safepoint: 84289 ns, At safepoint: 8403 ns, Total: 92692 ns
[2020-09-11T13:01:13.151+0000][1][safepoint    ] Safepoint "Cleanup", Time since last: 1000170956 ns, Reaching safepoint: 91458 ns, At safepoint: 7330 ns, Total: 98788 ns
[2020-09-11T13:01:14.152+0000][1][safepoint    ] Safepoint "Cleanup", Time since last: 1000182812 ns, Reaching safepoint: 88728 ns, At safepoint: 8378 ns, Total: 97106 ns
[2020-09-11T13:01:15.153+0000][1][safepoint    ] Safepoint "Cleanup", Time since last: 1000883343 ns, Reaching safepoint: 115433 ns, At safepoint: 7887 ns, Total: 123320 ns
[2020-09-11T13:01:16.153+0000][1][safepoint    ] Safepoint "Cleanup", Time since last: 1000178477 ns, Reaching safepoint: 89947 ns, At safepoint: 7975 ns, Total: 97922 ns
[2020-09-11T13:01:17.153+0000][1][safepoint    ] Safepoint "Cleanup", Time since last: 1000172004 ns, Reaching safepoint: 92171 ns, At safepoint: 7336 ns, Total: 99507 ns
[2020-09-11T13:01:18.153+0000][1][safepoint    ] Safepoint "Cleanup", Time since last: 1000197290 ns, Reaching safepoint: 89550 ns, At safepoint: 8311 ns, Total: 97861 ns
[2020-09-11T13:01:19.154+0000][1][safepoint    ] Safepoint "Cleanup", Time since last: 1000197989 ns, Reaching safepoint: 93517 ns, At safepoint: 7781 ns, Total: 101298 ns
[2020-09-11T13:01:20.155+0000][1][safepoint    ] Safepoint "Cleanup", Time since last: 1000848808 ns, Reaching safepoint: 94092 ns, At safepoint: 7737 ns, Total: 101829 ns
[2020-09-11T13:01:21.155+0000][1][safepoint    ] Safepoint "Cleanup", Time since last: 1000151936 ns, Reaching safepoint: 117594 ns, At safepoint: 18386 ns, Total: 135980 ns
[2020-09-11T13:01:22.155+0000][1][safepoint    ] Safepoint "Cleanup", Time since last: 1000194592 ns, Reaching safepoint: 113141 ns, At safepoint: 18466 ns, Total: 131607 ns
[2020-09-11T13:01:23.156+0000][1][safepoint    ] Safepoint "Cleanup", Time since last: 1000253572 ns, Reaching safepoint: 89565 ns, At safepoint: 6978 ns, Total: 96543 ns
[2020-09-11T13:01:24.156+0000][1][safepoint    ] Safepoint "Cleanup", Time since last: 1000183849 ns, Reaching safepoint: 95823 ns, At safepoint: 8874 ns, Total: 104697 ns
[2020-09-11T13:01:25.157+0000][1][safepoint    ] Safepoint "Cleanup", Time since last: 1000824502 ns, Reaching safepoint: 125462 ns, At safepoint: 17303 ns, Total: 142765 ns
[2020-09-11T13:01:26.157+0000][1][safepoint    ] Safepoint "Cleanup", Time since last: 1000229311 ns, Reaching safepoint: 114269 ns, At safepoint: 18012 ns, Total: 132281 ns
[2020-09-11T13:01:27.158+0000][1][safepoint    ] Safepoint "Cleanup", Time since last: 1000237153 ns, Reaching safepoint: 83801 ns, At safepoint: 7198 ns, Total: 90999 ns
[2020-09-11T13:01:28.158+0000][1][safepoint    ] Safepoint "Cleanup", Time since last: 1000140622 ns, Reaching safepoint: 106769 ns, At safepoint: 7935 ns, Total: 114704 ns
[2020-09-11T13:01:29.158+0000][1][safepoint    ] Safepoint "Cleanup", Time since last: 1000175222 ns, Reaching safepoint: 113515 ns, At safepoint: 17888 ns, Total: 131403 ns
[2020-09-11T13:01:30.159+0000][1][safepoint    ] Safepoint "Cleanup", Time since last: 1001036275 ns, Reaching safepoint: 78151 ns, At safepoint: 7934 ns, Total: 86085 ns
[2020-09-11T13:01:31.160+0000][1][safepoint    ] Safepoint "Cleanup", Time since last: 1000261299 ns, Reaching safepoint: 109201 ns, At safepoint: 17985 ns, Total: 127186 ns
[2020-09-11T13:01:32.160+0000][1][safepoint    ] Safepoint "Cleanup", Time since last: 1000221758 ns, Reaching safepoint: 118760 ns, At safepoint: 20330 ns, Total: 139090 ns
[2020-09-11T13:01:33.160+0000][1][safepoint    ] Safepoint "Cleanup", Time since last: 1000215957 ns, Reaching safepoint: 105243 ns, At safepoint: 19785 ns, Total: 125028 ns
[2020-09-11T13:01:34.161+0000][1][safepoint    ] Safepoint "Cleanup", Time since last: 1000213974 ns, Reaching safepoint: 92206 ns, At safepoint: 9193 ns, Total: 101399 ns
[2020-09-11T13:01:35.161+0000][1][safepoint    ] Safepoint "Cleanup", Time since last: 1000188863 ns, Reaching safepoint: 107695 ns, At safepoint: 19207 ns, Total: 126902 ns
[2020-09-11T13:01:36.161+0000][1][safepoint    ] Safepoint "Cleanup", Time since last: 1000215976 ns, Reaching safepoint: 84926 ns, At safepoint: 8998 ns, Total: 93924 ns
[2020-09-11T13:01:37.162+0000][1][safepoint    ] Safepoint "Cleanup", Time since last: 1000190527 ns, Reaching safepoint: 108737 ns, At safepoint: 20657 ns, Total: 129394 ns
[2020-09-11T13:01:38.162+0000][1][safepoint    ] Safepoint "Cleanup", Time since last: 1000232494 ns, Reaching safepoint: 114083 ns, At safepoint: 21817 ns, Total: 135900 ns
[2020-09-11T13:01:39.162+0000][1][safepoint    ] Safepoint "Cleanup", Time since last: 1000207910 ns, Reaching safepoint: 90220 ns, At safepoint: 8119 ns, Total: 98339 ns
[2020-09-11T13:01:40.163+0000][1][safepoint    ] Safepoint "Cleanup", Time since last: 1000188332 ns, Reaching safepoint: 106589 ns, At safepoint: 20253 ns, Total: 126842 ns
[2020-09-11T13:01:41.163+0000][1][safepoint    ] Safepoint "Cleanup", Time since last: 1000216344 ns, Reaching safepoint: 106214 ns, At safepoint: 19549 ns, Total: 125763 ns
[2020-09-11T13:01:42.163+0000][1][safepoint    ] Safepoint "Cleanup", Time since last: 1000225824 ns, Reaching safepoint: 110838 ns, At safepoint: 20340 ns, Total: 131178 ns
[2020-09-11T13:01:43.164+0000][1][safepoint    ] Safepoint "Cleanup", Time since last: 1000298309 ns, Reaching safepoint: 106031 ns, At safepoint: 19909 ns, Total: 125940 ns
[2020-09-11T13:01:44.164+0000][1][safepoint    ] Safepoint "Cleanup", Time since last: 1000233609 ns, Reaching safepoint: 102115 ns, At safepoint: 20380 ns, Total: 122495 ns
[2020-09-11T13:01:45.164+0000][1][safepoint    ] Safepoint "Cleanup", Time since last: 1000226172 ns, Reaching safepoint: 105152 ns, At safepoint: 20206 ns, Total: 125358 ns
[2020-09-11T13:01:46.165+0000][1][safepoint    ] Safepoint "Cleanup", Time since last: 1000240860 ns, Reaching safepoint: 159985 ns, At safepoint: 22986 ns, Total: 182971 ns
[2020-09-11T13:01:47.165+0000][1][safepoint    ] Safepoint "Cleanup", Time since last: 1000209005 ns, Reaching safepoint: 106509 ns, At safepoint: 19204 ns, Total: 125713 ns
[2020-09-11T13:01:48.166+0000][1][safepoint    ] Safepoint "Cleanup", Time since last: 1000180888 ns, Reaching safepoint: 113108 ns, At safepoint: 18569 ns, Total: 131677 ns
[2020-09-11T13:01:49.166+0000][1][safepoint    ] Safepoint "Cleanup", Time since last: 1000176749 ns, Reaching safepoint: 103089 ns, At safepoint: 7879 ns, Total: 110968 ns
[2020-09-11T13:01:49.218+0000][1][gc,start     ] GC(72) Pause Young (Allocation Failure)
[2020-09-11T13:01:49.218+0000][1][gc,task      ] GC(72) Using 1 workers of 1 for evacuation
[2020-09-11T13:01:49.222+0000][1][gc,age       ] GC(72) Desired survivor size 4358144 bytes, new threshold 6 (max threshold 6)
[2020-09-11T13:01:49.222+0000][1][gc,age       ] GC(72) Age table with threshold 6 (max threshold 6)
[2020-09-11T13:01:49.222+0000][1][gc,age       ] GC(72) - age   1:      13760 bytes,      13760 total
[2020-09-11T13:01:49.222+0000][1][gc,age       ] GC(72) - age   2:        856 bytes,      14616 total
[2020-09-11T13:01:49.222+0000][1][gc,age       ] GC(72) - age   3:       1312 bytes,      15928 total
[2020-09-11T13:01:49.222+0000][1][gc,age       ] GC(72) - age   4:       2024 bytes,      17952 total
[2020-09-11T13:01:49.222+0000][1][gc,age       ] GC(72) - age   5:      26968 bytes,      44920 total
[2020-09-11T13:01:49.222+0000][1][gc,age       ] GC(72) - age   6:       1992 bytes,      46912 total
[2020-09-11T13:01:49.222+0000][1][gc,heap      ] GC(72) ParNew: 69442K->333K(76672K)
[2020-09-11T13:01:49.222+0000][1][gc,heap      ] GC(72) CMS: 64078K->64107K(439104K)
[2020-09-11T13:01:49.222+0000][1][gc,metaspace ] GC(72) Metaspace: 71676K->71676K(1116160K)
[2020-09-11T13:01:49.222+0000][1][gc           ] GC(72) Pause Young (Allocation Failure) 130M->62M(503M) 3.736ms
[2020-09-11T13:01:49.222+0000][1][gc,cpu       ] GC(72) User=0.00s Sys=0.00s Real=0.00s
[2020-09-11T13:01:49.222+0000][1][safepoint    ] Safepoint "GenCollectForAllocation", Time since last: 52406373 ns, Reaching safepoint: 178109 ns, At safepoint: 3899291 ns, Total: 4077400 ns
[2020-09-11T13:01:50.223+0000][1][safepoint    ] Safepoint "Cleanup", Time since last: 1000928368 ns, Reaching safepoint: 76974 ns, At safepoint: 21265 ns, Total: 98239 ns
[2020-09-11T13:01:51.224+0000][1][safepoint    ] Safepoint "Cleanup", Time since last: 1000129242 ns, Reaching safepoint: 95465 ns, At safepoint: 14939 ns, Total: 110404 ns
[2020-09-11T13:01:52.225+0000][1][safepoint    ] Safepoint "Cleanup", Time since last: 1001164213 ns, Reaching safepoint: 266384 ns, At safepoint: 68243 ns, Total: 334627 ns
[2020-09-11T13:01:53.225+0000][1][safepoint    ] Safepoint "Cleanup", Time since last: 1000192999 ns, Reaching safepoint: 80540 ns, At safepoint: 18337 ns, Total: 98877 ns
[2020-09-11T13:01:54.226+0000][1][safepoint    ] Safepoint "Cleanup", Time since last: 1000122938 ns, Reaching safepoint: 104270 ns, At safepoint: 18402 ns, Total: 122672 ns
[2020-09-11T13:01:55.226+0000][1][safepoint    ] Safepoint "Cleanup", Time since last: 1000211934 ns, Reaching safepoint: 107301 ns, At safepoint: 19364 ns, Total: 126665 ns
[2020-09-11T13:01:56.226+0000][1][safepoint    ] Safepoint "Cleanup", Time since last: 1000222881 ns, Reaching safepoint: 109672 ns, At safepoint: 20601 ns, Total: 130273 ns
[2020-09-11T13:01:57.227+0000][1][safepoint    ] Safepoint "Cleanup", Time since last: 1000218872 ns, Reaching safepoint: 108900 ns, At safepoint: 19752 ns, Total: 128652 ns
[2020-09-11T13:01:58.227+0000][1][safepoint    ] Safepoint "Cleanup", Time since last: 1000235687 ns, Reaching safepoint: 88138 ns, At safepoint: 8622 ns, Total: 96760 ns
[2020-09-11T13:01:59.227+0000][1][safepoint    ] Safepoint "Cleanup", Time since last: 1000183057 ns, Reaching safepoint: 82867 ns, At safepoint: 8859 ns, Total: 91726 ns
[2020-09-11T13:02:00.228+0000][1][safepoint    ] Safepoint "Cleanup", Time since last: 1000185290 ns, Reaching safepoint: 82710 ns, At safepoint: 8897 ns, Total: 91607 ns
[2020-09-11T13:02:01.228+0000][1][safepoint    ] Safepoint "Cleanup", Time since last: 1000194417 ns, Reaching safepoint: 85437 ns, At safepoint: 8506 ns, Total: 93943 ns
[2020-09-11T13:02:02.228+0000][1][safepoint    ] Safepoint "Cleanup", Time since last: 1000178495 ns, Reaching safepoint: 111825 ns, At safepoint: 20614 ns, Total: 132439 ns
[2020-09-11T13:02:03.228+0000][1][safepoint    ] Safepoint "Cleanup", Time since last: 1000187514 ns, Reaching safepoint: 100428 ns, At safepoint: 7731 ns, Total: 108159 ns
[2020-09-11T13:02:04.229+0000][1][safepoint    ] Safepoint "Cleanup", Time since last: 1000173785 ns, Reaching safepoint: 84347 ns, At safepoint: 8856 ns, Total: 93203 ns
[2020-09-11T13:02:05.229+0000][1][safepoint    ] Safepoint "Cleanup", Time since last: 1000154637 ns, Reaching safepoint: 88748 ns, At safepoint: 8538 ns, Total: 97286 ns
[2020-09-11T13:02:06.229+0000][1][safepoint    ] Safepoint "Cleanup", Time since last: 1000152267 ns, Reaching safepoint: 111944 ns, At safepoint: 20300 ns, Total: 132244 ns
[2020-09-11T13:02:07.230+0000][1][safepoint    ] Safepoint "Cleanup", Time since last: 1000193441 ns, Reaching safepoint: 98277 ns, At safepoint: 7793 ns, Total: 106070 ns
[2020-09-11T13:02:08.230+0000][1][safepoint    ] Safepoint "Cleanup", Time since last: 1000161632 ns, Reaching safepoint: 61629 ns, At safepoint: 8702 ns, Total: 70331 ns
[2020-09-11T13:02:09.230+0000][1][safepoint    ] Safepoint "Cleanup", Time since last: 1000106006 ns, Reaching safepoint: 108834 ns, At safepoint: 17734 ns, Total: 126568 ns
[2020-09-11T13:02:10.230+0000][1][safepoint    ] Safepoint "Cleanup", Time since last: 1000315049 ns, Reaching safepoint: 132428 ns, At safepoint: 17871 ns, Total: 150299 ns
[2020-09-11T13:02:11.231+0000][1][safepoint    ] Safepoint "Cleanup", Time since last: 1000227804 ns, Reaching safepoint: 81930 ns, At safepoint: 8041 ns, Total: 89971 ns
[2020-09-11T13:02:12.231+0000][1][safepoint    ] Safepoint "Cleanup", Time since last: 1000183972 ns, Reaching safepoint: 89862 ns, At safepoint: 9585 ns, Total: 99447 ns
[2020-09-11T13:02:13.231+0000][1][safepoint    ] Safepoint "Cleanup", Time since last: 1000179674 ns, Reaching safepoint: 108527 ns, At safepoint: 19742 ns, Total: 128269 ns
[2020-09-11T13:02:14.232+0000][1][safepoint    ] Safepoint "Cleanup", Time since last: 1000255463 ns, Reaching safepoint: 108797 ns, At safepoint: 19819 ns, Total: 128616 ns
[2020-09-11T13:02:15.232+0000][1][safepoint    ] Safepoint "Cleanup", Time since last: 1000190606 ns, Reaching safepoint: 106963 ns, At safepoint: 19555 ns, Total: 126518 ns
[2020-09-11T13:02:16.232+0000][1][safepoint    ] Safepoint "Cleanup", Time since last: 1000211779 ns, Reaching safepoint: 172888 ns, At safepoint: 22254 ns, Total: 195142 ns
[2020-09-11T13:02:17.233+0000][1][safepoint    ] Safepoint "Cleanup", Time since last: 1000228373 ns, Reaching safepoint: 107694 ns, At safepoint: 19191 ns, Total: 126885 ns
[2020-09-11T13:02:18.233+0000][1][safepoint    ] Safepoint "Cleanup", Time since last: 1000244496 ns, Reaching safepoint: 119157 ns, At safepoint: 20314 ns, Total: 139471 ns
[2020-09-11T13:02:19.234+0000][1][safepoint    ] Safepoint "Cleanup", Time since last: 1000213317 ns, Reaching safepoint: 92548 ns, At safepoint: 7705 ns, Total: 100253 ns
[2020-09-11T13:02:20.234+0000][1][safepoint    ] Safepoint "Cleanup", Time since last: 1000196518 ns, Reaching safepoint: 110495 ns, At safepoint: 20981 ns, Total: 131476 ns
[2020-09-11T13:02:21.234+0000][1][safepoint    ] Safepoint "Cleanup", Time since last: 1000218111 ns, Reaching safepoint: 121937 ns, At safepoint: 19692 ns, Total: 141629 ns
[2020-09-11T13:02:22.235+0000][1][safepoint    ] Safepoint "Cleanup", Time since last: 1000222623 ns, Reaching safepoint: 91308 ns, At safepoint: 8636 ns, Total: 99944 ns
[2020-09-11T13:02:23.235+0000][1][safepoint    ] Safepoint "Cleanup", Time since last: 1000173891 ns, Reaching safepoint: 85565 ns, At safepoint: 8695 ns, Total: 94260 ns
[2020-09-11T13:02:24.235+0000][1][safepoint    ] Safepoint "Cleanup", Time since last: 1000217904 ns, Reaching safepoint: 84155 ns, At safepoint: 8425 ns, Total: 92580 ns
[2020-09-11T13:02:25.235+0000][1][safepoint    ] Safepoint "Cleanup", Time since last: 1000199982 ns, Reaching safepoint: 137156 ns, At safepoint: 18496 ns, Total: 155652 ns
[2020-09-11T13:02:26.236+0000][1][safepoint    ] Safepoint "Cleanup", Time since last: 1000184799 ns, Reaching safepoint: 71864 ns, At safepoint: 9763 ns, Total: 81627 ns
[2020-09-11T13:02:27.236+0000][1][safepoint    ] Safepoint "Cleanup", Time since last: 1000179190 ns, Reaching safepoint: 87347 ns, At safepoint: 7742 ns, Total: 95089 ns
[2020-09-11T13:02:28.236+0000][1][safepoint    ] Safepoint "Cleanup", Time since last: 1000138535 ns, Reaching safepoint: 99432 ns, At safepoint: 8141 ns, Total: 107573 ns
[2020-09-11T13:02:29.237+0000][1][safepoint    ] Safepoint "Cleanup", Time since last: 1000194632 ns, Reaching safepoint: 112689 ns, At safepoint: 20321 ns, Total: 133010 ns
[2020-09-11T13:02:30.237+0000][1][safepoint    ] Safepoint "Cleanup", Time since last: 1000254820 ns, Reaching safepoint: 121222 ns, At safepoint: 9338 ns, Total: 130560 ns
[2020-09-11T13:02:31.237+0000][1][safepoint    ] Safepoint "Cleanup", Time since last: 1000178479 ns, Reaching safepoint: 103859 ns, At safepoint: 8073 ns, Total: 111932 ns
[2020-09-11T13:02:32.238+0000][1][safepoint    ] Safepoint "Cleanup", Time since last: 1000197539 ns, Reaching safepoint: 111514 ns, At safepoint: 22054 ns, Total: 133568 ns
[2020-09-11T13:02:33.238+0000][1][safepoint    ] Safepoint "Cleanup", Time since last: 1000238146 ns, Reaching safepoint: 85254 ns, At safepoint: 8783 ns, Total: 94037 ns
[2020-09-11T13:02:34.238+0000][1][safepoint    ] Safepoint "Cleanup", Time since last: 1000152912 ns, Reaching safepoint: 106588 ns, At safepoint: 19545 ns, Total: 126133 ns
[2020-09-11T13:02:35.239+0000][1][safepoint    ] Safepoint "Cleanup", Time since last: 1000186363 ns, Reaching safepoint: 119702 ns, At safepoint: 19341 ns, Total: 139043 ns
[2020-09-11T13:02:36.239+0000][1][safepoint    ] Safepoint "Cleanup", Time since last: 1000217043 ns, Reaching safepoint: 110808 ns, At safepoint: 23324 ns, Total: 134132 ns
[2020-09-11T13:02:37.239+0000][1][safepoint    ] Safepoint "Cleanup", Time since last: 1000241712 ns, Reaching safepoint: 110224 ns, At safepoint: 19933 ns, Total: 130157 ns
[2020-09-11T13:02:38.240+0000][1][safepoint    ] Safepoint "Cleanup", Time since last: 1000194101 ns, Reaching safepoint: 115181 ns, At safepoint: 21249 ns, Total: 136430 ns
[2020-09-11T13:02:39.240+0000][1][safepoint    ] Safepoint "Cleanup", Time since last: 1000181834 ns, Reaching safepoint: 108823 ns, At safepoint: 17671 ns, Total: 126494 ns
[2020-09-11T13:02:40.240+0000][1][safepoint    ] Safepoint "Cleanup", Time since last: 1000197695 ns, Reaching safepoint: 111102 ns, At safepoint: 19231 ns, Total: 130333 ns
[2020-09-11T13:02:41.241+0000][1][safepoint    ] Safepoint "Cleanup", Time since last: 1000243751 ns, Reaching safepoint: 84436 ns, At safepoint: 8130 ns, Total: 92566 ns
[2020-09-11T13:02:42.241+0000][1][safepoint    ] Safepoint "Cleanup", Time since last: 1000150400 ns, Reaching safepoint: 102203 ns, At safepoint: 9216 ns, Total: 111419 ns
[2020-09-11T13:02:43.241+0000][1][safepoint    ] Safepoint "Cleanup", Time since last: 1000201865 ns, Reaching safepoint: 88950 ns, At safepoint: 8048 ns, Total: 96998 ns
[2020-09-11T13:02:44.241+0000][1][safepoint    ] Safepoint "Cleanup", Time since last: 1000187568 ns, Reaching safepoint: 81659 ns, At safepoint: 8981 ns, Total: 90640 ns
[2020-09-11T13:02:45.242+0000][1][safepoint    ] Safepoint "Cleanup", Time since last: 1000142798 ns, Reaching safepoint: 105155 ns, At safepoint: 18957 ns, Total: 124112 ns
[2020-09-11T13:02:46.242+0000][1][safepoint    ] Safepoint "Cleanup", Time since last: 1000224565 ns, Reaching safepoint: 113661 ns, At safepoint: 19843 ns, Total: 133504 ns
[2020-09-11T13:02:47.242+0000][1][safepoint    ] Safepoint "Cleanup", Time since last: 1000260578 ns, Reaching safepoint: 168037 ns, At safepoint: 21172 ns, Total: 189209 ns
[2020-09-11T13:02:48.243+0000][1][safepoint    ] Safepoint "Cleanup", Time since last: 1000215431 ns, Reaching safepoint: 63121 ns, At safepoint: 9158 ns, Total: 72279 ns
[2020-09-11T13:02:49.243+0000][1][safepoint    ] Safepoint "Cleanup", Time since last: 1000189450 ns, Reaching safepoint: 81843 ns, At safepoint: 7482 ns, Total: 89325 ns
[2020-09-11T13:02:50.324+0000][1][safepoint    ] Safepoint "Cleanup", Time since last: 1080558664 ns, Reaching safepoint: 114659 ns, At safepoint: 8549 ns, Total: 123208 ns
[2020-09-11T13:02:51.324+0000][1][safepoint    ] Safepoint "Cleanup", Time since last: 1000181896 ns, Reaching safepoint: 92817 ns, At safepoint: 18840 ns, Total: 111657 ns
[2020-09-11T13:02:52.324+0000][1][safepoint    ] Safepoint "Cleanup", Time since last: 1000230764 ns, Reaching safepoint: 94815 ns, At safepoint: 18566 ns, Total: 113381 ns
[2020-09-11T13:02:53.325+0000][1][safepoint    ] Safepoint "Cleanup", Time since last: 1000177184 ns, Reaching safepoint: 92496 ns, At safepoint: 6657 ns, Total: 99153 ns
[2020-09-11T13:02:54.325+0000][1][safepoint    ] Safepoint "Cleanup", Time since last: 1000127325 ns, Reaching safepoint: 96815 ns, At safepoint: 7458 ns, Total: 104273 ns
[2020-09-11T13:02:55.325+0000][1][safepoint    ] Safepoint "Cleanup", Time since last: 1000151977 ns, Reaching safepoint: 81117 ns, At safepoint: 8131 ns, Total: 89248 ns
[2020-09-11T13:02:56.326+0000][1][safepoint    ] Safepoint "Cleanup", Time since last: 1000145556 ns, Reaching safepoint: 309567 ns, At safepoint: 21138 ns, Total: 330705 ns
[2020-09-11T13:02:57.326+0000][1][safepoint    ] Safepoint "Cleanup", Time since last: 1000209249 ns, Reaching safepoint: 86098 ns, At safepoint: 7099 ns, Total: 93197 ns
[2020-09-11T13:02:58.326+0000][1][safepoint    ] Safepoint "Cleanup", Time since last: 1000146165 ns, Reaching safepoint: 90775 ns, At safepoint: 16104 ns, Total: 106879 ns
[2020-09-11T13:02:59.326+0000][1][safepoint    ] Safepoint "Cleanup", Time since last: 1000169684 ns, Reaching safepoint: 102941 ns, At safepoint: 7229 ns, Total: 110170 ns
[2020-09-11T13:03:00.327+0000][1][safepoint    ] Safepoint "Cleanup", Time since last: 1000144099 ns, Reaching safepoint: 88924 ns, At safepoint: 6859 ns, Total: 95783 ns
[2020-09-11T13:03:01.327+0000][1][safepoint    ] Safepoint "Cleanup", Time since last: 1000127173 ns, Reaching safepoint: 206285 ns, At safepoint: 20470 ns, Total: 226755 ns
[2020-09-11T13:03:02.327+0000][1][safepoint    ] Safepoint "Cleanup", Time since last: 1000213447 ns, Reaching safepoint: 78118 ns, At safepoint: 8660 ns, Total: 86778 ns
[2020-09-11T13:03:03.328+0000][1][safepoint    ] Safepoint "Cleanup", Time since last: 1000138144 ns, Reaching safepoint: 320277 ns, At safepoint: 21146 ns, Total: 341423 ns
[2020-09-11T13:03:04.325+0000][1][gc,start     ] GC(73) Pause Young (Allocation Failure)
[2020-09-11T13:03:04.325+0000][1][gc,task      ] GC(73) Using 1 workers of 1 for evacuation
[2020-09-11T13:03:04.329+0000][1][gc,age       ] GC(73) Desired survivor size 4358144 bytes, new threshold 6 (max threshold 6)
[2020-09-11T13:03:04.329+0000][1][gc,age       ] GC(73) Age table with threshold 6 (max threshold 6)
[2020-09-11T13:03:04.329+0000][1][gc,age       ] GC(73) - age   1:       7960 bytes,       7960 total
[2020-09-11T13:03:04.329+0000][1][gc,age       ] GC(73) - age   2:       1400 bytes,       9360 total
[2020-09-11T13:03:04.329+0000][1][gc,age       ] GC(73) - age   3:        856 bytes,      10216 total
[2020-09-11T13:03:04.329+0000][1][gc,age       ] GC(73) - age   4:       1312 bytes,      11528 total
[2020-09-11T13:03:04.329+0000][1][gc,age       ] GC(73) - age   5:       2024 bytes,      13552 total
[2020-09-11T13:03:04.329+0000][1][gc,age       ] GC(73) - age   6:      26432 bytes,      39984 total
[2020-09-11T13:03:04.329+0000][1][gc,heap      ] GC(73) ParNew: 68493K->91K(76672K)
[2020-09-11T13:03:04.329+0000][1][gc,heap      ] GC(73) CMS: 64107K->64109K(439104K)
[2020-09-11T13:03:04.329+0000][1][gc,metaspace ] GC(73) Metaspace: 71697K->71697K(1116160K)
[2020-09-11T13:03:04.329+0000][1][gc           ] GC(73) Pause Young (Allocation Failure) 129M->62M(503M) 3.580ms
[2020-09-11T13:03:04.329+0000][1][gc,cpu       ] GC(73) User=0.01s Sys=0.00s Real=0.00s
[2020-09-11T13:03:04.329+0000][1][safepoint    ] Safepoint "GenCollectForAllocation", Time since last: 997329121 ns, Reaching safepoint: 175979 ns, At safepoint: 3642955 ns, Total: 3818934 ns
[2020-09-11T13:03:05.329+0000][1][safepoint    ] Safepoint "Cleanup", Time since last: 1000164963 ns, Reaching safepoint: 93469 ns, At safepoint: 8932 ns, Total: 102401 ns
[2020-09-11T13:03:06.330+0000][1][safepoint    ] Safepoint "Cleanup", Time since last: 1000192559 ns, Reaching safepoint: 109987 ns, At safepoint: 19060 ns, Total: 129047 ns
[2020-09-11T13:03:07.330+0000][1][safepoint    ] Safepoint "Cleanup", Time since last: 1000197025 ns, Reaching safepoint: 111299 ns, At safepoint: 20391 ns, Total: 131690 ns
[2020-09-11T13:03:08.330+0000][1][safepoint    ] Safepoint "Cleanup", Time since last: 1000219312 ns, Reaching safepoint: 84930 ns, At safepoint: 8403 ns, Total: 93333 ns
[2020-09-11T13:03:09.330+0000][1][safepoint    ] Safepoint "Cleanup", Time since last: 1000190399 ns, Reaching safepoint: 87039 ns, At safepoint: 8634 ns, Total: 95673 ns
[2020-09-11T13:03:10.331+0000][1][safepoint    ] Safepoint "Cleanup", Time since last: 1000218207 ns, Reaching safepoint: 115008 ns, At safepoint: 18770 ns, Total: 133778 ns
[2020-09-11T13:03:11.331+0000][1][safepoint    ] Safepoint "Cleanup", Time since last: 1000205523 ns, Reaching safepoint: 93505 ns, At safepoint: 8914 ns, Total: 102419 ns
[2020-09-11T13:03:12.331+0000][1][safepoint    ] Safepoint "Cleanup", Time since last: 1000174076 ns, Reaching safepoint: 106736 ns, At safepoint: 44586 ns, Total: 151322 ns
[2020-09-11T13:03:13.332+0000][1][safepoint    ] Safepoint "Cleanup", Time since last: 1000171625 ns, Reaching safepoint: 102855 ns, At safepoint: 8029 ns, Total: 110884 ns
[2020-09-11T13:03:14.332+0000][1][safepoint    ] Safepoint "Cleanup", Time since last: 1000143245 ns, Reaching safepoint: 108700 ns, At safepoint: 19100 ns, Total: 127800 ns
[2020-09-11T13:03:15.332+0000][1][safepoint    ] Safepoint "Cleanup", Time since last: 1000214109 ns, Reaching safepoint: 100889 ns, At safepoint: 19017 ns, Total: 119906 ns
[2020-09-11T13:03:16.333+0000][1][safepoint    ] Safepoint "Cleanup", Time since last: 1000318840 ns, Reaching safepoint: 74613 ns, At safepoint: 7666 ns, Total: 82279 ns
[2020-09-11T13:03:17.333+0000][1][safepoint    ] Safepoint "Cleanup", Time since last: 1000175106 ns, Reaching safepoint: 86583 ns, At safepoint: 9246 ns, Total: 95829 ns
[2020-09-11T13:03:18.333+0000][1][safepoint    ] Safepoint "Cleanup", Time since last: 1000147231 ns, Reaching safepoint: 158809 ns, At safepoint: 18616 ns, Total: 177425 ns
[2020-09-11T13:03:19.334+0000][1][safepoint    ] Safepoint "Cleanup", Time since last: 1000234648 ns, Reaching safepoint: 121900 ns, At safepoint: 20735 ns, Total: 142635 ns
[2020-09-11T13:03:20.334+0000][1][safepoint    ] Safepoint "Cleanup", Time since last: 1000195474 ns, Reaching safepoint: 110561 ns, At safepoint: 17851 ns, Total: 128412 ns
[2020-09-11T13:03:21.334+0000][1][safepoint    ] Safepoint "Cleanup", Time since last: 1000246269 ns, Reaching safepoint: 81094 ns, At safepoint: 9249 ns, Total: 90343 ns
[2020-09-11T13:03:22.335+0000][1][safepoint    ] Safepoint "Cleanup", Time since last: 1000220970 ns, Reaching safepoint: 110177 ns, At safepoint: 19127 ns, Total: 129304 ns
[2020-09-11T13:03:23.335+0000][1][safepoint    ] Safepoint "Cleanup", Time since last: 1000196313 ns, Reaching safepoint: 88234 ns, At safepoint: 7954 ns, Total: 96188 ns
[2020-09-11T13:03:24.335+0000][1][safepoint    ] Safepoint "Cleanup", Time since last: 1000197717 ns, Reaching safepoint: 84715 ns, At safepoint: 7864 ns, Total: 92579 ns
[2020-09-11T13:03:25.336+0000][1][safepoint    ] Safepoint "Cleanup", Time since last: 1000194447 ns, Reaching safepoint: 76330 ns, At safepoint: 9076 ns, Total: 85406 ns
[2020-09-11T13:03:26.336+0000][1][safepoint    ] Safepoint "Cleanup", Time since last: 1000179502 ns, Reaching safepoint: 118192 ns, At safepoint: 19004 ns, Total: 137196 ns
[2020-09-11T13:03:27.336+0000][1][safepoint    ] Safepoint "Cleanup", Time since last: 1000259686 ns, Reaching safepoint: 82564 ns, At safepoint: 9017 ns, Total: 91581 ns
[2020-09-11T13:03:28.337+0000][1][safepoint    ] Safepoint "Cleanup", Time since last: 1000942281 ns, Reaching safepoint: 81082 ns, At safepoint: 7773 ns, Total: 88855 ns
[2020-09-11T13:03:29.338+0000][1][safepoint    ] Safepoint "Cleanup", Time since last: 1000147650 ns, Reaching safepoint: 101134 ns, At safepoint: 8631 ns, Total: 109765 ns
[2020-09-11T13:03:30.338+0000][1][safepoint    ] Safepoint "Cleanup", Time since last: 1000187022 ns, Reaching safepoint: 127183 ns, At safepoint: 20564 ns, Total: 147747 ns
[2020-09-11T13:03:31.338+0000][1][safepoint    ] Safepoint "Cleanup", Time since last: 1000209333 ns, Reaching safepoint: 106246 ns, At safepoint: 8645 ns, Total: 114891 ns
[2020-09-11T13:03:32.339+0000][1][safepoint    ] Safepoint "Cleanup", Time since last: 1000199131 ns, Reaching safepoint: 118690 ns, At safepoint: 18780 ns, Total: 137470 ns
[2020-09-11T13:03:33.339+0000][1][safepoint    ] Safepoint "Cleanup", Time since last: 1000246612 ns, Reaching safepoint: 78802 ns, At safepoint: 8199 ns, Total: 87001 ns
[2020-09-11T13:03:34.339+0000][1][safepoint    ] Safepoint "Cleanup", Time since last: 1000199548 ns, Reaching safepoint: 67234 ns, At safepoint: 7877 ns, Total: 75111 ns
[2020-09-11T13:03:35.339+0000][1][safepoint    ] Safepoint "Cleanup", Time since last: 1000211590 ns, Reaching safepoint: 103595 ns, At safepoint: 8227 ns, Total: 111822 ns
[2020-09-11T13:03:36.340+0000][1][safepoint    ] Safepoint "Cleanup", Time since last: 1000180815 ns, Reaching safepoint: 80663 ns, At safepoint: 8237 ns, Total: 88900 ns
[2020-09-11T13:03:37.340+0000][1][safepoint    ] Safepoint "Cleanup", Time since last: 1000211967 ns, Reaching safepoint: 85896 ns, At safepoint: 9540 ns, Total: 95436 ns
[2020-09-11T13:03:38.340+0000][1][safepoint    ] Safepoint "Cleanup", Time since last: 1000174687 ns, Reaching safepoint: 111498 ns, At safepoint: 7797 ns, Total: 119295 ns
[2020-09-11T13:03:39.341+0000][1][safepoint    ] Safepoint "Cleanup", Time since last: 1000174156 ns, Reaching safepoint: 85571 ns, At safepoint: 9518 ns, Total: 95089 ns
[2020-09-11T13:03:40.341+0000][1][safepoint    ] Safepoint "Cleanup", Time since last: 1000182372 ns, Reaching safepoint: 100775 ns, At safepoint: 18683 ns, Total: 119458 ns
[2020-09-11T13:03:41.341+0000][1][safepoint    ] Safepoint "Cleanup", Time since last: 1000216756 ns, Reaching safepoint: 80371 ns, At safepoint: 8451 ns, Total: 88822 ns
[2020-09-11T13:03:42.341+0000][1][safepoint    ] Safepoint "Cleanup", Time since last: 1000174606 ns, Reaching safepoint: 113130 ns, At safepoint: 18132 ns, Total: 131262 ns
[2020-09-11T13:03:43.342+0000][1][safepoint    ] Safepoint "Cleanup", Time since last: 1000216793 ns, Reaching safepoint: 92275 ns, At safepoint: 18396 ns, Total: 110671 ns
[2020-09-11T13:03:44.342+0000][1][safepoint    ] Safepoint "Cleanup", Time since last: 1000197456 ns, Reaching safepoint: 96629 ns, At safepoint: 17698 ns, Total: 114327 ns
[2020-09-11T13:03:45.342+0000][1][safepoint    ] Safepoint "Cleanup", Time since last: 1000200405 ns, Reaching safepoint: 111981 ns, At safepoint: 18449 ns, Total: 130430 ns
[2020-09-11T13:03:46.343+0000][1][safepoint    ] Safepoint "Cleanup", Time since last: 1000204298 ns, Reaching safepoint: 85896 ns, At safepoint: 6950 ns, Total: 92846 ns
[2020-09-11T13:03:47.343+0000][1][safepoint    ] Safepoint "Cleanup", Time since last: 1000098879 ns, Reaching safepoint: 73026 ns, At safepoint: 8311 ns, Total: 81337 ns
[2020-09-11T13:03:48.343+0000][1][safepoint    ] Safepoint "Cleanup", Time since last: 1000160131 ns, Reaching safepoint: 79971 ns, At safepoint: 7040 ns, Total: 87011 ns
[2020-09-11T13:03:49.343+0000][1][safepoint    ] Safepoint "Cleanup", Time since last: 1000131845 ns, Reaching safepoint: 127781 ns, At safepoint: 18493 ns, Total: 146274 ns
[2020-09-11T13:03:50.344+0000][1][safepoint    ] Safepoint "Cleanup", Time since last: 1000165940 ns, Reaching safepoint: 100050 ns, At safepoint: 18386 ns, Total: 118436 ns
[2020-09-11T13:03:51.344+0000][1][safepoint    ] Safepoint "Cleanup", Time since last: 1000249925 ns, Reaching safepoint: 101276 ns, At safepoint: 19803 ns, Total: 121079 ns
[2020-09-11T13:03:52.344+0000][1][safepoint    ] Safepoint "Cleanup", Time since last: 1000170032 ns, Reaching safepoint: 101706 ns, At safepoint: 6876 ns, Total: 108582 ns
[2020-09-11T13:03:53.345+0000][1][safepoint    ] Safepoint "Cleanup", Time since last: 1000179713 ns, Reaching safepoint: 91648 ns, At safepoint: 18449 ns, Total: 110097 ns
[2020-09-11T13:03:54.345+0000][1][safepoint    ] Safepoint "Cleanup", Time since last: 1000193535 ns, Reaching safepoint: 59432 ns, At safepoint: 7116 ns, Total: 66548 ns
[2020-09-11T13:03:55.345+0000][1][safepoint    ] Safepoint "Cleanup", Time since last: 1000167160 ns, Reaching safepoint: 94928 ns, At safepoint: 19034 ns, Total: 113962 ns
[2020-09-11T13:03:56.346+0000][1][safepoint    ] Safepoint "Cleanup", Time since last: 1000219541 ns, Reaching safepoint: 76923 ns, At safepoint: 7075 ns, Total: 83998 ns
[2020-09-11T13:03:57.346+0000][1][safepoint    ] Safepoint "Cleanup", Time since last: 1000161771 ns, Reaching safepoint: 99459 ns, At safepoint: 19391 ns, Total: 118850 ns
[2020-09-11T13:03:58.346+0000][1][safepoint    ] Safepoint "Cleanup", Time since last: 1000201410 ns, Reaching safepoint: 78672 ns, At safepoint: 6515 ns, Total: 85187 ns
[2020-09-11T13:03:59.346+0000][1][safepoint    ] Safepoint "Cleanup", Time since last: 1000172840 ns, Reaching safepoint: 74146 ns, At safepoint: 7878 ns, Total: 82024 ns
[2020-09-11T13:04:00.347+0000][1][safepoint    ] Safepoint "Cleanup", Time since last: 1000166880 ns, Reaching safepoint: 74471 ns, At safepoint: 7141 ns, Total: 81612 ns
[2020-09-11T13:04:01.347+0000][1][safepoint    ] Safepoint "Cleanup", Time since last: 1000173432 ns, Reaching safepoint: 80539 ns, At safepoint: 7775 ns, Total: 88314 ns
[2020-09-11T13:04:02.347+0000][1][safepoint    ] Safepoint "Cleanup", Time since last: 1000180683 ns, Reaching safepoint: 78125 ns, At safepoint: 6826 ns, Total: 84951 ns
[2020-09-11T13:04:03.347+0000][1][safepoint    ] Safepoint "Cleanup", Time since last: 1000196933 ns, Reaching safepoint: 88239 ns, At safepoint: 7269 ns, Total: 95508 ns
[2020-09-11T13:04:04.348+0000][1][safepoint    ] Safepoint "Cleanup", Time since last: 1000139257 ns, Reaching safepoint: 59158 ns, At safepoint: 7139 ns, Total: 66297 ns
[2020-09-11T13:04:05.348+0000][1][safepoint    ] Safepoint "Cleanup", Time since last: 1000166727 ns, Reaching safepoint: 78998 ns, At safepoint: 8998 ns, Total: 87996 ns
[2020-09-11T13:04:06.348+0000][1][safepoint    ] Safepoint "Cleanup", Time since last: 1000183618 ns, Reaching safepoint: 94821 ns, At safepoint: 18383 ns, Total: 113204 ns
[2020-09-11T13:04:07.348+0000][1][safepoint    ] Safepoint "Cleanup", Time since last: 1000191271 ns, Reaching safepoint: 93590 ns, At safepoint: 8104 ns, Total: 101694 ns
[2020-09-11T13:04:08.349+0000][1][safepoint    ] Safepoint "Cleanup", Time since last: 1000138435 ns, Reaching safepoint: 99168 ns, At safepoint: 18449 ns, Total: 117617 ns
[2020-09-11T13:04:09.349+0000][1][safepoint    ] Safepoint "Cleanup", Time since last: 1000211449 ns, Reaching safepoint: 144062 ns, At safepoint: 21325 ns, Total: 165387 ns
[2020-09-11T13:04:10.349+0000][1][safepoint    ] Safepoint "Cleanup", Time since last: 1000224529 ns, Reaching safepoint: 73964 ns, At safepoint: 7622 ns, Total: 81586 ns
[2020-09-11T13:04:11.350+0000][1][safepoint    ] Safepoint "Cleanup", Time since last: 1000134018 ns, Reaching safepoint: 76297 ns, At safepoint: 13809 ns, Total: 90106 ns
[2020-09-11T13:04:12.350+0000][1][safepoint    ] Safepoint "Cleanup", Time since last: 1000184288 ns, Reaching safepoint: 102556 ns, At safepoint: 18653 ns, Total: 121209 ns
[2020-09-11T13:04:13.350+0000][1][safepoint    ] Safepoint "Cleanup", Time since last: 1000194896 ns, Reaching safepoint: 100965 ns, At safepoint: 19034 ns, Total: 119999 ns
[2020-09-11T13:04:14.351+0000][1][safepoint    ] Safepoint "Cleanup", Time since last: 1000230923 ns, Reaching safepoint: 79385 ns, At safepoint: 7626 ns, Total: 87011 ns
[2020-09-11T13:04:15.351+0000][1][safepoint    ] Safepoint "Cleanup", Time since last: 1000140556 ns, Reaching safepoint: 105134 ns, At safepoint: 9060 ns, Total: 114194 ns
[2020-09-11T13:04:16.351+0000][1][safepoint    ] Safepoint "Cleanup", Time since last: 1000173417 ns, Reaching safepoint: 203849 ns, At safepoint: 20965 ns, Total: 224814 ns
[2020-09-11T13:04:17.352+0000][1][safepoint    ] Safepoint "Cleanup", Time since last: 1000181088 ns, Reaching safepoint: 108550 ns, At safepoint: 19618 ns, Total: 128168 ns
[2020-09-11T13:04:18.352+0000][1][safepoint    ] Safepoint "Cleanup", Time since last: 1000345035 ns, Reaching safepoint: 59185 ns, At safepoint: 8757 ns, Total: 67942 ns
[2020-09-11T13:04:19.352+0000][1][safepoint    ] Safepoint "Cleanup", Time since last: 1000176268 ns, Reaching safepoint: 106097 ns, At safepoint: 20210 ns, Total: 126307 ns
[2020-09-11T13:04:19.423+0000][1][gc,start     ] GC(74) Pause Young (Allocation Failure)
[2020-09-11T13:04:19.423+0000][1][gc,task      ] GC(74) Using 1 workers of 1 for evacuation
[2020-09-11T13:04:19.428+0000][1][gc,age       ] GC(74) Desired survivor size 4358144 bytes, new threshold 6 (max threshold 6)
[2020-09-11T13:04:19.428+0000][1][gc,age       ] GC(74) Age table with threshold 6 (max threshold 6)
[2020-09-11T13:04:19.428+0000][1][gc,age       ] GC(74) - age   1:       7192 bytes,       7192 total
[2020-09-11T13:04:19.428+0000][1][gc,age       ] GC(74) - age   2:       1656 bytes,       8848 total
[2020-09-11T13:04:19.428+0000][1][gc,age       ] GC(74) - age   3:       1400 bytes,      10248 total
[2020-09-11T13:04:19.428+0000][1][gc,age       ] GC(74) - age   4:        856 bytes,      11104 total
[2020-09-11T13:04:19.428+0000][1][gc,age       ] GC(74) - age   5:       1312 bytes,      12416 total
[2020-09-11T13:04:19.428+0000][1][gc,age       ] GC(74) - age   6:       2024 bytes,      14440 total
[2020-09-11T13:04:19.428+0000][1][gc,heap      ] GC(74) ParNew: 68251K->37K(76672K)
[2020-09-11T13:04:19.428+0000][1][gc,heap      ] GC(74) CMS: 64109K->64134K(439104K)
[2020-09-11T13:04:19.428+0000][1][gc,metaspace ] GC(74) Metaspace: 71712K->71712K(1116160K)
[2020-09-11T13:04:19.428+0000][1][gc           ] GC(74) Pause Young (Allocation Failure) 129M->62M(503M) 4.633ms
[2020-09-11T13:04:19.428+0000][1][gc,cpu       ] GC(74) User=0.00s Sys=0.00s Real=0.01s
[2020-09-11T13:04:19.428+0000][1][safepoint    ] Safepoint "GenCollectForAllocation", Time since last: 70807572 ns, Reaching safepoint: 202710 ns, At safepoint: 4704788 ns, Total: 4907498 ns
[2020-09-11T13:04:20.433+0000][1][safepoint    ] Safepoint "Cleanup", Time since last: 1004734144 ns, Reaching safepoint: 166773 ns, At safepoint: 18821 ns, Total: 185594 ns
[2020-09-11T13:04:21.433+0000][1][safepoint    ] Safepoint "Cleanup", Time since last: 1000219539 ns, Reaching safepoint: 166826 ns, At safepoint: 19306 ns, Total: 186132 ns
[2020-09-11T13:04:22.434+0000][1][safepoint    ] Safepoint "Cleanup", Time since last: 1000108683 ns, Reaching safepoint: 165228 ns, At safepoint: 7599 ns, Total: 172827 ns
[2020-09-11T13:04:24.424+0000][1][safepoint    ] Safepoint "Cleanup", Time since last: 1990004849 ns, Reaching safepoint: 134092 ns, At safepoint: 20310 ns, Total: 154402 ns
[2020-09-11T13:04:25.424+0000][1][safepoint    ] Safepoint "Cleanup", Time since last: 1000183698 ns, Reaching safepoint: 96503 ns, At safepoint: 8573 ns, Total: 105076 ns
[2020-09-11T13:04:26.424+0000][1][safepoint    ] Safepoint "Cleanup", Time since last: 1000174866 ns, Reaching safepoint: 102719 ns, At safepoint: 19438 ns, Total: 122157 ns
[2020-09-11T13:04:27.425+0000][1][safepoint    ] Safepoint "Cleanup", Time since last: 1000185179 ns, Reaching safepoint: 104056 ns, At safepoint: 8328 ns, Total: 112384 ns
[2020-09-11T13:04:28.425+0000][1][safepoint    ] Safepoint "Cleanup", Time since last: 1000174817 ns, Reaching safepoint: 84262 ns, At safepoint: 8663 ns, Total: 92925 ns
[2020-09-11T13:04:29.432+0000][1][safepoint    ] Safepoint "Cleanup", Time since last: 1006534484 ns, Reaching safepoint: 167194 ns, At safepoint: 19734 ns, Total: 186928 ns
[2020-09-11T13:04:30.432+0000][1][safepoint    ] Safepoint "Cleanup", Time since last: 1000144806 ns, Reaching safepoint: 123279 ns, At safepoint: 8957 ns, Total: 132236 ns
[2020-09-11T13:04:31.432+0000][1][safepoint    ] Safepoint "Cleanup", Time since last: 1000196786 ns, Reaching safepoint: 81859 ns, At safepoint: 8063 ns, Total: 89922 ns
[2020-09-11T13:04:32.432+0000][1][safepoint    ] Safepoint "Cleanup", Time since last: 1000175773 ns, Reaching safepoint: 99569 ns, At safepoint: 19876 ns, Total: 119445 ns
[2020-09-11T13:04:33.433+0000][1][safepoint    ] Safepoint "Cleanup", Time since last: 1000217046 ns, Reaching safepoint: 108490 ns, At safepoint: 19789 ns, Total: 128279 ns
[2020-09-11T13:04:34.433+0000][1][safepoint    ] Safepoint "Cleanup", Time since last: 1000220444 ns, Reaching safepoint: 106445 ns, At safepoint: 19341 ns, Total: 125786 ns
[2020-09-11T13:04:35.434+0000][1][safepoint    ] Safepoint "Cleanup", Time since last: 1000218208 ns, Reaching safepoint: 145929 ns, At safepoint: 19311 ns, Total: 165240 ns
[2020-09-11T13:04:36.434+0000][1][safepoint    ] Safepoint "Cleanup", Time since last: 1000233053 ns, Reaching safepoint: 107818 ns, At safepoint: 20390 ns, Total: 128208 ns
[2020-09-11T13:04:37.434+0000][1][safepoint    ] Safepoint "Cleanup", Time since last: 1000221512 ns, Reaching safepoint: 102556 ns, At safepoint: 17180 ns, Total: 119736 ns
[2020-09-11T13:04:38.434+0000][1][safepoint    ] Safepoint "Cleanup", Time since last: 1000159081 ns, Reaching safepoint: 73360 ns, At safepoint: 11475 ns, Total: 84835 ns
[2020-09-11T13:04:39.435+0000][1][safepoint    ] Safepoint "Cleanup", Time since last: 1000187921 ns, Reaching safepoint: 103682 ns, At safepoint: 18616 ns, Total: 122298 ns
[2020-09-11T13:04:40.435+0000][1][safepoint    ] Safepoint "Cleanup", Time since last: 1000225027 ns, Reaching safepoint: 78822 ns, At safepoint: 8530 ns, Total: 87352 ns
[2020-09-11T13:04:41.435+0000][1][safepoint    ] Safepoint "Cleanup", Time since last: 1000178029 ns, Reaching safepoint: 79995 ns, At safepoint: 8532 ns, Total: 88527 ns
[2020-09-11T13:04:42.436+0000][1][safepoint    ] Safepoint "Cleanup", Time since last: 1000206536 ns, Reaching safepoint: 84297 ns, At safepoint: 8903 ns, Total: 93200 ns
[2020-09-11T13:04:43.436+0000][1][safepoint    ] Safepoint "Cleanup", Time since last: 1000187214 ns, Reaching safepoint: 81808 ns, At safepoint: 8068 ns, Total: 89876 ns
[2020-09-11T13:04:44.436+0000][1][safepoint    ] Safepoint "Cleanup", Time since last: 1000192984 ns, Reaching safepoint: 83942 ns, At safepoint: 8751 ns, Total: 92693 ns
[2020-09-11T13:04:45.436+0000][1][safepoint    ] Safepoint "Cleanup", Time since last: 1000151107 ns, Reaching safepoint: 59193 ns, At safepoint: 9024 ns, Total: 68217 ns
[2020-09-11T13:04:46.437+0000][1][safepoint    ] Safepoint "Cleanup", Time since last: 1000177639 ns, Reaching safepoint: 110474 ns, At safepoint: 20169 ns, Total: 130643 ns
[2020-09-11T13:04:47.437+0000][1][safepoint    ] Safepoint "Cleanup", Time since last: 1000173339 ns, Reaching safepoint: 55140 ns, At safepoint: 7339 ns, Total: 62479 ns
[2020-09-11T13:04:48.437+0000][1][safepoint    ] Safepoint "Cleanup", Time since last: 1000106138 ns, Reaching safepoint: 63227 ns, At safepoint: 8178 ns, Total: 71405 ns
[2020-09-11T13:04:49.437+0000][1][safepoint    ] Safepoint "Cleanup", Time since last: 1000154190 ns, Reaching safepoint: 97816 ns, At safepoint: 8594 ns, Total: 106410 ns
[2020-09-11T13:04:50.438+0000][1][safepoint    ] Safepoint "Cleanup", Time since last: 1000154160 ns, Reaching safepoint: 67491 ns, At safepoint: 9563 ns, Total: 77054 ns
[2020-09-11T13:04:51.438+0000][1][safepoint    ] Safepoint "Cleanup", Time since last: 1000138741 ns, Reaching safepoint: 58670 ns, At safepoint: 8401 ns, Total: 67071 ns
[2020-09-11T13:04:52.438+0000][1][safepoint    ] Safepoint "Cleanup", Time since last: 1000170981 ns, Reaching safepoint: 110962 ns, At safepoint: 18913 ns, Total: 129875 ns
[2020-09-11T13:04:53.438+0000][1][safepoint    ] Safepoint "Cleanup", Time since last: 1000204079 ns, Reaching safepoint: 54958 ns, At safepoint: 8107 ns, Total: 63065 ns
[2020-09-11T13:04:54.439+0000][1][safepoint    ] Safepoint "Cleanup", Time since last: 1000139665 ns, Reaching safepoint: 59387 ns, At safepoint: 8309 ns, Total: 67696 ns
[2020-09-11T13:04:55.439+0000][1][safepoint    ] Safepoint "Cleanup", Time since last: 1000165970 ns, Reaching safepoint: 109866 ns, At safepoint: 19431 ns, Total: 129297 ns
[2020-09-11T13:04:56.439+0000][1][safepoint    ] Safepoint "Cleanup", Time since last: 1000186493 ns, Reaching safepoint: 113449 ns, At safepoint: 8387 ns, Total: 121836 ns
[2020-09-11T13:04:57.440+0000][1][safepoint    ] Safepoint "Cleanup", Time since last: 1000187141 ns, Reaching safepoint: 105876 ns, At safepoint: 19321 ns, Total: 125197 ns
[2020-09-11T13:04:58.440+0000][1][safepoint    ] Safepoint "Cleanup", Time since last: 1000191143 ns, Reaching safepoint: 109796 ns, At safepoint: 20156 ns, Total: 129952 ns
[2020-09-11T13:04:59.440+0000][1][safepoint    ] Safepoint "Cleanup", Time since last: 1000224096 ns, Reaching safepoint: 77876 ns, At safepoint: 8557 ns, Total: 86433 ns
[2020-09-11T13:05:00.440+0000][1][safepoint    ] Safepoint "Cleanup", Time since last: 1000209915 ns, Reaching safepoint: 72773 ns, At safepoint: 9011 ns, Total: 81784 ns
[2020-09-11T13:05:01.441+0000][1][safepoint    ] Safepoint "Cleanup", Time since last: 1000130522 ns, Reaching safepoint: 57550 ns, At safepoint: 8156 ns, Total: 65706 ns
[2020-09-11T13:05:02.441+0000][1][safepoint    ] Safepoint "Cleanup", Time since last: 1000127081 ns, Reaching safepoint: 56367 ns, At safepoint: 8522 ns, Total: 64889 ns
[2020-09-11T13:05:03.441+0000][1][safepoint    ] Safepoint "Cleanup", Time since last: 1000177196 ns, Reaching safepoint: 89289 ns, At safepoint: 8210 ns, Total: 97499 ns
[2020-09-11T13:05:04.441+0000][1][safepoint    ] Safepoint "Cleanup", Time since last: 1000176273 ns, Reaching safepoint: 109539 ns, At safepoint: 19796 ns, Total: 129335 ns
[2020-09-11T13:05:05.442+0000][1][safepoint    ] Safepoint "Cleanup", Time since last: 1000222436 ns, Reaching safepoint: 156076 ns, At safepoint: 21452 ns, Total: 177528 ns
[2020-09-11T13:05:06.442+0000][1][safepoint    ] Safepoint "Cleanup", Time since last: 1000177865 ns, Reaching safepoint: 109148 ns, At safepoint: 19989 ns, Total: 129137 ns
[2020-09-11T13:05:07.443+0000][1][safepoint    ] Safepoint "Cleanup", Time since last: 1000215710 ns, Reaching safepoint: 108700 ns, At safepoint: 19796 ns, Total: 128496 ns
[2020-09-11T13:05:08.443+0000][1][safepoint    ] Safepoint "Cleanup", Time since last: 1000241304 ns, Reaching safepoint: 73983 ns, At safepoint: 8903 ns, Total: 82886 ns
[2020-09-11T13:05:09.443+0000][1][safepoint    ] Safepoint "Cleanup", Time since last: 1000201141 ns, Reaching safepoint: 103487 ns, At safepoint: 8159 ns, Total: 111646 ns
[2020-09-11T13:05:10.443+0000][1][safepoint    ] Safepoint "Cleanup", Time since last: 1000154761 ns, Reaching safepoint: 58424 ns, At safepoint: 9063 ns, Total: 67487 ns
[2020-09-11T13:05:11.444+0000][1][safepoint    ] Safepoint "Cleanup", Time since last: 1000190538 ns, Reaching safepoint: 103558 ns, At safepoint: 27706 ns, Total: 131264 ns
[2020-09-11T13:05:12.444+0000][1][safepoint    ] Safepoint "Cleanup", Time since last: 1000131401 ns, Reaching safepoint: 58883 ns, At safepoint: 8820 ns, Total: 67703 ns
[2020-09-11T13:05:13.444+0000][1][safepoint    ] Safepoint "Cleanup", Time since last: 1000134818 ns, Reaching safepoint: 59723 ns, At safepoint: 9365 ns, Total: 69088 ns
[2020-09-11T13:05:14.444+0000][1][safepoint    ] Safepoint "Cleanup", Time since last: 1000179046 ns, Reaching safepoint: 107023 ns, At safepoint: 19699 ns, Total: 126722 ns
[2020-09-11T13:05:15.445+0000][1][safepoint    ] Safepoint "Cleanup", Time since last: 1000218926 ns, Reaching safepoint: 106335 ns, At safepoint: 18846 ns, Total: 125181 ns
[2020-09-11T13:05:16.445+0000][1][safepoint    ] Safepoint "Cleanup", Time since last: 1000224733 ns, Reaching safepoint: 114457 ns, At safepoint: 20811 ns, Total: 135268 ns
[2020-09-11T13:05:17.445+0000][1][safepoint    ] Safepoint "Cleanup", Time since last: 1000256856 ns, Reaching safepoint: 106191 ns, At safepoint: 18977 ns, Total: 125168 ns
[2020-09-11T13:05:18.446+0000][1][safepoint    ] Safepoint "Cleanup", Time since last: 1000830762 ns, Reaching safepoint: 59127 ns, At safepoint: 8769 ns, Total: 67896 ns
[2020-09-11T13:05:19.516+0000][1][safepoint    ] Safepoint "Cleanup", Time since last: 1069237750 ns, Reaching safepoint: 46581 ns, At safepoint: 8705 ns, Total: 55286 ns
[2020-09-11T13:05:20.516+0000][1][safepoint    ] Safepoint "Cleanup", Time since last: 1000170725 ns, Reaching safepoint: 97354 ns, At safepoint: 18857 ns, Total: 116211 ns
[2020-09-11T13:05:21.516+0000][1][safepoint    ] Safepoint "Cleanup", Time since last: 1000221165 ns, Reaching safepoint: 94828 ns, At safepoint: 18933 ns, Total: 113761 ns
[2020-09-11T13:05:22.517+0000][1][safepoint    ] Safepoint "Cleanup", Time since last: 1000229549 ns, Reaching safepoint: 94908 ns, At safepoint: 19161 ns, Total: 114069 ns
[2020-09-11T13:05:23.517+0000][1][safepoint    ] Safepoint "Cleanup", Time since last: 1000214698 ns, Reaching safepoint: 95186 ns, At safepoint: 18539 ns, Total: 113725 ns
[2020-09-11T13:05:24.517+0000][1][safepoint    ] Safepoint "Cleanup", Time since last: 1000164388 ns, Reaching safepoint: 103211 ns, At safepoint: 17580 ns, Total: 120791 ns
[2020-09-11T13:05:25.518+0000][1][safepoint    ] Safepoint "Cleanup", Time since last: 1000190317 ns, Reaching safepoint: 94059 ns, At safepoint: 8582 ns, Total: 102641 ns
[2020-09-11T13:05:26.518+0000][1][safepoint    ] Safepoint "Cleanup", Time since last: 1000165961 ns, Reaching safepoint: 102222 ns, At safepoint: 19174 ns, Total: 121396 ns
[2020-09-11T13:05:27.518+0000][1][safepoint    ] Safepoint "Cleanup", Time since last: 1000218119 ns, Reaching safepoint: 110758 ns, At safepoint: 20147 ns, Total: 130905 ns
[2020-09-11T13:05:28.519+0000][1][safepoint    ] Safepoint "Cleanup", Time since last: 1000236184 ns, Reaching safepoint: 108219 ns, At safepoint: 20230 ns, Total: 128449 ns
[2020-09-11T13:05:29.519+0000][1][safepoint    ] Safepoint "Cleanup", Time since last: 1000169735 ns, Reaching safepoint: 211293 ns, At safepoint: 21660 ns, Total: 232953 ns
[2020-09-11T13:05:29.536+0000][1][gc,start     ] GC(75) Pause Young (Allocation Failure)
[2020-09-11T13:05:29.536+0000][1][gc,task      ] GC(75) Using 1 workers of 1 for evacuation
[2020-09-11T13:05:29.539+0000][1][gc,age       ] GC(75) Desired survivor size 4358144 bytes, new threshold 6 (max threshold 6)
[2020-09-11T13:05:29.539+0000][1][gc,age       ] GC(75) Age table with threshold 6 (max threshold 6)
[2020-09-11T13:05:29.539+0000][1][gc,age       ] GC(75) - age   1:      10000 bytes,      10000 total
[2020-09-11T13:05:29.539+0000][1][gc,age       ] GC(75) - age   2:        960 bytes,      10960 total
[2020-09-11T13:05:29.539+0000][1][gc,age       ] GC(75) - age   3:       1120 bytes,      12080 total
[2020-09-11T13:05:29.539+0000][1][gc,age       ] GC(75) - age   4:       1400 bytes,      13480 total
[2020-09-11T13:05:29.539+0000][1][gc,age       ] GC(75) - age   5:        856 bytes,      14336 total
[2020-09-11T13:05:29.539+0000][1][gc,age       ] GC(75) - age   6:       1312 bytes,      15648 total
[2020-09-11T13:05:29.539+0000][1][gc,heap      ] GC(75) ParNew: 68197K->25K(76672K)
[2020-09-11T13:05:29.539+0000][1][gc,heap      ] GC(75) CMS: 64134K->64136K(439104K)
[2020-09-11T13:05:29.539+0000][1][gc,metaspace ] GC(75) Metaspace: 71725K->71725K(1116160K)
[2020-09-11T13:05:29.539+0000][1][gc           ] GC(75) Pause Young (Allocation Failure) 129M->62M(503M) 3.207ms
[2020-09-11T13:05:29.539+0000][1][gc,cpu       ] GC(75) User=0.00s Sys=0.00s Real=0.00s
[2020-09-11T13:05:29.543+0000][1][safepoint    ] Safepoint "GenCollectForAllocation", Time since last: 17021676 ns, Reaching safepoint: 175247 ns, At safepoint: 7274009 ns, Total: 7449256 ns
[2020-09-11T13:05:30.545+0000][1][safepoint    ] Safepoint "Cleanup", Time since last: 1001066586 ns, Reaching safepoint: 122215 ns, At safepoint: 18843 ns, Total: 141058 ns
[2020-09-11T13:05:31.545+0000][1][safepoint    ] Safepoint "Cleanup", Time since last: 1000176621 ns, Reaching safepoint: 95926 ns, At safepoint: 6047 ns, Total: 101973 ns
[2020-09-11T13:05:32.545+0000][1][safepoint    ] Safepoint "Cleanup", Time since last: 1000137882 ns, Reaching safepoint: 98795 ns, At safepoint: 7257 ns, Total: 106052 ns
[2020-09-11T13:05:33.545+0000][1][safepoint    ] Safepoint "Cleanup", Time since last: 1000131621 ns, Reaching safepoint: 91316 ns, At safepoint: 15349 ns, Total: 106665 ns
[2020-09-11T13:05:34.546+0000][1][safepoint    ] Safepoint "Cleanup", Time since last: 1000196007 ns, Reaching safepoint: 78756 ns, At safepoint: 7430 ns, Total: 86186 ns
[2020-09-11T13:05:35.546+0000][1][safepoint    ] Safepoint "Cleanup", Time since last: 1000188328 ns, Reaching safepoint: 81790 ns, At safepoint: 7046 ns, Total: 88836 ns
[2020-09-11T13:05:36.546+0000][1][safepoint    ] Safepoint "Cleanup", Time since last: 1000163531 ns, Reaching safepoint: 82059 ns, At safepoint: 7175 ns, Total: 89234 ns
[2020-09-11T13:05:37.546+0000][1][safepoint    ] Safepoint "Cleanup", Time since last: 1000177851 ns, Reaching safepoint: 73859 ns, At safepoint: 6433 ns, Total: 80292 ns
[2020-09-11T13:05:38.547+0000][1][safepoint    ] Safepoint "Cleanup", Time since last: 1000176740 ns, Reaching safepoint: 78874 ns, At safepoint: 7411 ns, Total: 86285 ns
[2020-09-11T13:05:39.547+0000][1][safepoint    ] Safepoint "Cleanup", Time since last: 1000120581 ns, Reaching safepoint: 207848 ns, At safepoint: 19131 ns, Total: 226979 ns
[2020-09-11T13:05:40.547+0000][1][safepoint    ] Safepoint "Cleanup", Time since last: 1000182850 ns, Reaching safepoint: 109068 ns, At safepoint: 75580 ns, Total: 184648 ns
[2020-09-11T13:05:41.548+0000][1][safepoint    ] Safepoint "Cleanup", Time since last: 1000214715 ns, Reaching safepoint: 107631 ns, At safepoint: 16889 ns, Total: 124520 ns
[2020-09-11T13:05:42.548+0000][1][safepoint    ] Safepoint "Cleanup", Time since last: 1000259626 ns, Reaching safepoint: 89678 ns, At safepoint: 8230 ns, Total: 97908 ns
[2020-09-11T13:05:43.548+0000][1][safepoint    ] Safepoint "Cleanup", Time since last: 1000230965 ns, Reaching safepoint: 67385 ns, At safepoint: 7553 ns, Total: 74938 ns
[2020-09-11T13:05:44.549+0000][1][safepoint    ] Safepoint "Cleanup", Time since last: 1000172158 ns, Reaching safepoint: 102941 ns, At safepoint: 18843 ns, Total: 121784 ns
[2020-09-11T13:05:45.549+0000][1][safepoint    ] Safepoint "Cleanup", Time since last: 1000206582 ns, Reaching safepoint: 108486 ns, At safepoint: 18226 ns, Total: 126712 ns
[2020-09-11T13:05:46.549+0000][1][safepoint    ] Safepoint "Cleanup", Time since last: 1000226450 ns, Reaching safepoint: 111256 ns, At safepoint: 19595 ns, Total: 130851 ns
[2020-09-11T13:05:47.550+0000][1][safepoint    ] Safepoint "Cleanup", Time since last: 1000197256 ns, Reaching safepoint: 110177 ns, At safepoint: 16675 ns, Total: 126852 ns
[2020-09-11T13:05:48.550+0000][1][safepoint    ] Safepoint "Cleanup", Time since last: 1000239571 ns, Reaching safepoint: 102616 ns, At safepoint: 18569 ns, Total: 121185 ns
[2020-09-11T13:05:49.550+0000][1][safepoint    ] Safepoint "Cleanup", Time since last: 1000234796 ns, Reaching safepoint: 109786 ns, At safepoint: 18171 ns, Total: 127957 ns
[2020-09-11T13:05:50.551+0000][1][safepoint    ] Safepoint "Cleanup", Time since last: 1000241202 ns, Reaching safepoint: 81532 ns, At safepoint: 8043 ns, Total: 89575 ns
[2020-09-11T13:05:51.551+0000][1][safepoint    ] Safepoint "Cleanup", Time since last: 1000185439 ns, Reaching safepoint: 102328 ns, At safepoint: 17357 ns, Total: 119685 ns
[2020-09-11T13:05:52.551+0000][1][safepoint    ] Safepoint "Cleanup", Time since last: 1000217746 ns, Reaching safepoint: 130460 ns, At safepoint: 16942 ns, Total: 147402 ns
[2020-09-11T13:05:53.552+0000][1][safepoint    ] Safepoint "Cleanup", Time since last: 1000195669 ns, Reaching safepoint: 91277 ns, At safepoint: 8071 ns, Total: 99348 ns
[2020-09-11T13:05:54.552+0000][1][safepoint    ] Safepoint "Cleanup", Time since last: 1000175529 ns, Reaching safepoint: 102299 ns, At safepoint: 17881 ns, Total: 120180 ns
[2020-09-11T13:05:55.552+0000][1][safepoint    ] Safepoint "Cleanup", Time since last: 1000196549 ns, Reaching safepoint: 110274 ns, At safepoint: 17437 ns, Total: 127711 ns
[2020-09-11T13:05:56.553+0000][1][safepoint    ] Safepoint "Cleanup", Time since last: 1000188982 ns, Reaching safepoint: 102630 ns, At safepoint: 16568 ns, Total: 119198 ns
[2020-09-11T13:05:57.553+0000][1][safepoint    ] Safepoint "Cleanup", Time since last: 1000234960 ns, Reaching safepoint: 112609 ns, At safepoint: 17530 ns, Total: 130139 ns
[2020-09-11T13:05:58.553+0000][1][safepoint    ] Safepoint "Cleanup", Time since last: 1000185249 ns, Reaching safepoint: 112635 ns, At safepoint: 17049 ns, Total: 129684 ns
[2020-09-11T13:05:59.554+0000][1][safepoint    ] Safepoint "Cleanup", Time since last: 1000220020 ns, Reaching safepoint: 109578 ns, At safepoint: 18075 ns, Total: 127653 ns
[2020-09-11T13:06:00.554+0000][1][safepoint    ] Safepoint "Cleanup", Time since last: 1000219230 ns, Reaching safepoint: 112235 ns, At safepoint: 18262 ns, Total: 130497 ns
[2020-09-11T13:06:01.554+0000][1][safepoint    ] Safepoint "Cleanup", Time since last: 1000228302 ns, Reaching safepoint: 104788 ns, At safepoint: 17333 ns, Total: 122121 ns
[2020-09-11T13:06:02.555+0000][1][safepoint    ] Safepoint "Cleanup", Time since last: 1000243117 ns, Reaching safepoint: 111206 ns, At safepoint: 18870 ns, Total: 130076 ns
[2020-09-11T13:06:03.555+0000][1][safepoint    ] Safepoint "Cleanup", Time since last: 1000234538 ns, Reaching safepoint: 83447 ns, At safepoint: 7747 ns, Total: 91194 ns
[2020-09-11T13:06:04.555+0000][1][safepoint    ] Safepoint "Cleanup", Time since last: 1000149113 ns, Reaching safepoint: 132251 ns, At safepoint: 16140 ns, Total: 148391 ns
[2020-09-11T13:06:05.556+0000][1][safepoint    ] Safepoint "Cleanup", Time since last: 1000223975 ns, Reaching safepoint: 109776 ns, At safepoint: 18028 ns, Total: 127804 ns
[2020-09-11T13:06:06.556+0000][1][safepoint    ] Safepoint "Cleanup", Time since last: 1000240654 ns, Reaching safepoint: 80804 ns, At safepoint: 7388 ns, Total: 88192 ns
[2020-09-11T13:06:07.556+0000][1][safepoint    ] Safepoint "Cleanup", Time since last: 1000205672 ns, Reaching safepoint: 153058 ns, At safepoint: 18773 ns, Total: 171831 ns
[2020-09-11T13:06:08.557+0000][1][safepoint    ] Safepoint "Cleanup", Time since last: 1000213264 ns, Reaching safepoint: 110253 ns, At safepoint: 19108 ns, Total: 129361 ns
[2020-09-11T13:06:09.557+0000][1][safepoint    ] Safepoint "Cleanup", Time since last: 1000196504 ns, Reaching safepoint: 109816 ns, At safepoint: 17894 ns, Total: 127710 ns
[2020-09-11T13:06:10.557+0000][1][safepoint    ] Safepoint "Cleanup", Time since last: 1000197005 ns, Reaching safepoint: 111519 ns, At safepoint: 18764 ns, Total: 130283 ns
[2020-09-11T13:06:11.558+0000][1][safepoint    ] Safepoint "Cleanup", Time since last: 1000225704 ns, Reaching safepoint: 107908 ns, At safepoint: 18029 ns, Total: 125937 ns
[2020-09-11T13:06:12.558+0000][1][safepoint    ] Safepoint "Cleanup", Time since last: 1000213089 ns, Reaching safepoint: 108679 ns, At safepoint: 19295 ns, Total: 127974 ns
[2020-09-11T13:06:13.559+0000][1][safepoint    ] Safepoint "Cleanup", Time since last: 1000330725 ns, Reaching safepoint: 103117 ns, At safepoint: 18462 ns, Total: 121579 ns
[2020-09-11T13:06:15.480+0000][1][safepoint    ] Safepoint "Cleanup", Time since last: 1920848920 ns, Reaching safepoint: 120897 ns, At safepoint: 20380 ns, Total: 141277 ns
[2020-09-11T13:06:16.480+0000][1][safepoint    ] Safepoint "Cleanup", Time since last: 1000216927 ns, Reaching safepoint: 115288 ns, At safepoint: 19037 ns, Total: 134325 ns
[2020-09-11T13:06:17.480+0000][1][safepoint    ] Safepoint "Cleanup", Time since last: 1000222414 ns, Reaching safepoint: 110985 ns, At safepoint: 18697 ns, Total: 129682 ns
[2020-09-11T13:06:18.481+0000][1][safepoint    ] Safepoint "Cleanup", Time since last: 1000227066 ns, Reaching safepoint: 115248 ns, At safepoint: 19238 ns, Total: 134486 ns
[2020-09-11T13:06:19.481+0000][1][safepoint    ] Safepoint "Cleanup", Time since last: 1000261906 ns, Reaching safepoint: 82384 ns, At safepoint: 8560 ns, Total: 90944 ns
[2020-09-11T13:06:20.481+0000][1][safepoint    ] Safepoint "Cleanup", Time since last: 1000171896 ns, Reaching safepoint: 109959 ns, At safepoint: 18683 ns, Total: 128642 ns
[2020-09-11T13:06:21.482+0000][1][safepoint    ] Safepoint "Cleanup", Time since last: 1000258280 ns, Reaching safepoint: 114620 ns, At safepoint: 18716 ns, Total: 133336 ns
[2020-09-11T13:06:22.482+0000][1][safepoint    ] Safepoint "Cleanup", Time since last: 1000215961 ns, Reaching safepoint: 113213 ns, At safepoint: 19101 ns, Total: 132314 ns
[2020-09-11T13:06:23.482+0000][1][safepoint    ] Safepoint "Cleanup", Time since last: 1000228257 ns, Reaching safepoint: 109833 ns, At safepoint: 19137 ns, Total: 128970 ns
[2020-09-11T13:06:24.483+0000][1][safepoint    ] Safepoint "Cleanup", Time since last: 1000226399 ns, Reaching safepoint: 93912 ns, At safepoint: 17287 ns, Total: 111199 ns
[2020-09-11T13:06:25.483+0000][1][safepoint    ] Safepoint "Cleanup", Time since last: 1000199497 ns, Reaching safepoint: 110731 ns, At safepoint: 18637 ns, Total: 129368 ns
[2020-09-11T13:06:26.484+0000][1][safepoint    ] Safepoint "Cleanup", Time since last: 1000218814 ns, Reaching safepoint: 166841 ns, At safepoint: 16868 ns, Total: 183709 ns
[2020-09-11T13:06:27.484+0000][1][safepoint    ] Safepoint "Cleanup", Time since last: 1000227722 ns, Reaching safepoint: 116284 ns, At safepoint: 19615 ns, Total: 135899 ns
[2020-09-11T13:06:28.485+0000][1][safepoint    ] Safepoint "Cleanup", Time since last: 1001195582 ns, Reaching safepoint: 108516 ns, At safepoint: 19675 ns, Total: 128191 ns
[2020-09-11T13:06:29.486+0000][1][safepoint    ] Safepoint "Cleanup", Time since last: 1000224185 ns, Reaching safepoint: 112368 ns, At safepoint: 19361 ns, Total: 131729 ns
[2020-09-11T13:06:30.486+0000][1][safepoint    ] Safepoint "Cleanup", Time since last: 1000246684 ns, Reaching safepoint: 139590 ns, At safepoint: 20695 ns, Total: 160285 ns
[2020-09-11T13:06:31.486+0000][1][safepoint    ] Safepoint "Cleanup", Time since last: 1000282302 ns, Reaching safepoint: 65514 ns, At safepoint: 8258 ns, Total: 73772 ns
[2020-09-11T13:06:32.487+0000][1][safepoint    ] Safepoint "Cleanup", Time since last: 1000175607 ns, Reaching safepoint: 104855 ns, At safepoint: 18763 ns, Total: 123618 ns
[2020-09-11T13:06:33.487+0000][1][safepoint    ] Safepoint "Cleanup", Time since last: 1000224519 ns, Reaching safepoint: 125462 ns, At safepoint: 20250 ns, Total: 145712 ns
[2020-09-11T13:06:34.487+0000][1][safepoint    ] Safepoint "Cleanup", Time since last: 1000212587 ns, Reaching safepoint: 98185 ns, At safepoint: 17581 ns, Total: 115766 ns
[2020-09-11T13:06:35.488+0000][1][safepoint    ] Safepoint "Cleanup", Time since last: 1000172368 ns, Reaching safepoint: 111386 ns, At safepoint: 17186 ns, Total: 128572 ns
[2020-09-11T13:06:36.488+0000][1][safepoint    ] Safepoint "Cleanup", Time since last: 1000230281 ns, Reaching safepoint: 112739 ns, At safepoint: 19027 ns, Total: 131766 ns
[2020-09-11T13:06:37.488+0000][1][safepoint    ] Safepoint "Cleanup", Time since last: 1000223711 ns, Reaching safepoint: 146062 ns, At safepoint: 18630 ns, Total: 164692 ns
[2020-09-11T13:06:38.489+0000][1][safepoint    ] Safepoint "Cleanup", Time since last: 1000229474 ns, Reaching safepoint: 109158 ns, At safepoint: 18790 ns, Total: 127948 ns
[2020-09-11T13:06:39.489+0000][1][safepoint    ] Safepoint "Cleanup", Time since last: 1000222642 ns, Reaching safepoint: 112158 ns, At safepoint: 18813 ns, Total: 130971 ns
[2020-09-11T13:06:40.489+0000][1][safepoint    ] Safepoint "Cleanup", Time since last: 1000217835 ns, Reaching safepoint: 112211 ns, At safepoint: 18820 ns, Total: 131031 ns
[2020-09-11T13:06:41.490+0000][1][safepoint    ] Safepoint "Cleanup", Time since last: 1000209311 ns, Reaching safepoint: 116548 ns, At safepoint: 18719 ns, Total: 135267 ns
[2020-09-11T13:06:42.490+0000][1][safepoint    ] Safepoint "Cleanup", Time since last: 1000217715 ns, Reaching safepoint: 107667 ns, At safepoint: 18095 ns, Total: 125762 ns
[2020-09-11T13:06:43.490+0000][1][safepoint    ] Safepoint "Cleanup", Time since last: 1000261983 ns, Reaching safepoint: 110317 ns, At safepoint: 17907 ns, Total: 128224 ns
[2020-09-11T13:06:44.491+0000][1][safepoint    ] Safepoint "Cleanup", Time since last: 1000234572 ns, Reaching safepoint: 70823 ns, At safepoint: 6959 ns, Total: 77782 ns
[2020-09-11T13:06:44.654+0000][1][gc,start     ] GC(76) Pause Young (Allocation Failure)
[2020-09-11T13:06:44.654+0000][1][gc,task      ] GC(76) Using 1 workers of 1 for evacuation
[2020-09-11T13:06:44.657+0000][1][gc,age       ] GC(76) Desired survivor size 4358144 bytes, new threshold 6 (max threshold 6)
[2020-09-11T13:06:44.657+0000][1][gc,age       ] GC(76) Age table with threshold 6 (max threshold 6)
[2020-09-11T13:06:44.657+0000][1][gc,age       ] GC(76) - age   1:       5600 bytes,       5600 total
[2020-09-11T13:06:44.657+0000][1][gc,age       ] GC(76) - age   2:        536 bytes,       6136 total
[2020-09-11T13:06:44.657+0000][1][gc,age       ] GC(76) - age   3:        960 bytes,       7096 total
[2020-09-11T13:06:44.657+0000][1][gc,age       ] GC(76) - age   4:       1120 bytes,       8216 total
[2020-09-11T13:06:44.657+0000][1][gc,age       ] GC(76) - age   5:       1400 bytes,       9616 total
[2020-09-11T13:06:44.657+0000][1][gc,age       ] GC(76) - age   6:        856 bytes,      10472 total
[2020-09-11T13:06:44.657+0000][1][gc,heap      ] GC(76) ParNew: 68185K->17K(76672K)
[2020-09-11T13:06:44.657+0000][1][gc,heap      ] GC(76) CMS: 64136K->64138K(439104K)
[2020-09-11T13:06:44.657+0000][1][gc,metaspace ] GC(76) Metaspace: 71746K->71746K(1116160K)
[2020-09-11T13:06:44.657+0000][1][gc           ] GC(76) Pause Young (Allocation Failure) 129M->62M(503M) 3.421ms
[2020-09-11T13:06:44.657+0000][1][gc,cpu       ] GC(76) User=0.00s Sys=0.00s Real=0.01s
[2020-09-11T13:06:44.657+0000][1][safepoint    ] Safepoint "GenCollectForAllocation", Time since last: 162723595 ns, Reaching safepoint: 168059 ns, At safepoint: 3480280 ns, Total: 3648339 ns
[2020-09-11T13:06:45.657+0000][1][safepoint    ] Safepoint "Cleanup", Time since last: 1000143182 ns, Reaching safepoint: 87984 ns, At safepoint: 21017 ns, Total: 109001 ns
[2020-09-11T13:06:46.658+0000][1][safepoint    ] Safepoint "Cleanup", Time since last: 1000132720 ns, Reaching safepoint: 111690 ns, At safepoint: 41245 ns, Total: 152935 ns
[2020-09-11T13:06:47.658+0000][1][safepoint    ] Safepoint "Cleanup", Time since last: 1000214904 ns, Reaching safepoint: 84552 ns, At safepoint: 19624 ns, Total: 104176 ns
[2020-09-11T13:06:48.658+0000][1][safepoint    ] Safepoint "Cleanup", Time since last: 1000174735 ns, Reaching safepoint: 86107 ns, At safepoint: 17257 ns, Total: 103364 ns
[2020-09-11T13:06:49.659+0000][1][safepoint    ] Safepoint "Cleanup", Time since last: 1000184912 ns, Reaching safepoint: 85601 ns, At safepoint: 20669 ns, Total: 106270 ns
[2020-09-11T13:06:50.659+0000][1][safepoint    ] Safepoint "Cleanup", Time since last: 1000136808 ns, Reaching safepoint: 102674 ns, At safepoint: 7312 ns, Total: 109986 ns
[2020-09-11T13:06:51.659+0000][1][safepoint    ] Safepoint "Cleanup", Time since last: 1000183741 ns, Reaching safepoint: 106729 ns, At safepoint: 18021 ns, Total: 124750 ns
[2020-09-11T13:06:52.660+0000][1][safepoint    ] Safepoint "Cleanup", Time since last: 1000602196 ns, Reaching safepoint: 106795 ns, At safepoint: 17624 ns, Total: 124419 ns
[2020-09-11T13:06:53.660+0000][1][safepoint    ] Safepoint "Cleanup", Time since last: 1000211012 ns, Reaching safepoint: 110638 ns, At safepoint: 19875 ns, Total: 130513 ns
[2020-09-11T13:06:54.661+0000][1][safepoint    ] Safepoint "Cleanup", Time since last: 1000211178 ns, Reaching safepoint: 105145 ns, At safepoint: 17384 ns, Total: 122529 ns
[2020-09-11T13:06:55.661+0000][1][safepoint    ] Safepoint "Cleanup", Time since last: 1000201460 ns, Reaching safepoint: 72634 ns, At safepoint: 8022 ns, Total: 80656 ns
[2020-09-11T13:06:56.661+0000][1][safepoint    ] Safepoint "Cleanup", Time since last: 1000139532 ns, Reaching safepoint: 101780 ns, At safepoint: 14557 ns, Total: 116337 ns
[2020-09-11T13:06:57.661+0000][1][safepoint    ] Safepoint "Cleanup", Time since last: 1000232625 ns, Reaching safepoint: 82284 ns, At safepoint: 7947 ns, Total: 90231 ns
[2020-09-11T13:06:58.662+0000][1][safepoint    ] Safepoint "Cleanup", Time since last: 1000172691 ns, Reaching safepoint: 106922 ns, At safepoint: 17815 ns, Total: 124737 ns
[2020-09-11T13:06:59.662+0000][1][safepoint    ] Safepoint "Cleanup", Time since last: 1000235094 ns, Reaching safepoint: 84485 ns, At safepoint: 8227 ns, Total: 92712 ns
[2020-09-11T13:07:00.662+0000][1][safepoint    ] Safepoint "Cleanup", Time since last: 1000205277 ns, Reaching safepoint: 106665 ns, At safepoint: 18022 ns, Total: 124687 ns
[2020-09-11T13:07:01.663+0000][1][safepoint    ] Safepoint "Cleanup", Time since last: 1000241749 ns, Reaching safepoint: 104487 ns, At safepoint: 18663 ns, Total: 123150 ns
[2020-09-11T13:07:02.663+0000][1][safepoint    ] Safepoint "Cleanup", Time since last: 1000226627 ns, Reaching safepoint: 78652 ns, At safepoint: 7410 ns, Total: 86062 ns
[2020-09-11T13:07:03.663+0000][1][safepoint    ] Safepoint "Cleanup", Time since last: 1000184330 ns, Reaching safepoint: 121252 ns, At safepoint: 44552 ns, Total: 165804 ns
[2020-09-11T13:07:04.664+0000][1][safepoint    ] Safepoint "Cleanup", Time since last: 1000239020 ns, Reaching safepoint: 83371 ns, At safepoint: 8486 ns, Total: 91857 ns
[2020-09-11T13:07:05.664+0000][1][safepoint    ] Safepoint "Cleanup", Time since last: 1000181220 ns, Reaching safepoint: 83647 ns, At safepoint: 8405 ns, Total: 92052 ns
[2020-09-11T13:07:06.664+0000][1][safepoint    ] Safepoint "Cleanup", Time since last: 1000140680 ns, Reaching safepoint: 101940 ns, At safepoint: 6473 ns, Total: 108413 ns
[2020-09-11T13:07:07.665+0000][1][safepoint    ] Safepoint "Cleanup", Time since last: 1000168222 ns, Reaching safepoint: 107040 ns, At safepoint: 18716 ns, Total: 125756 ns
[2020-09-11T13:07:08.665+0000][1][safepoint    ] Safepoint "Cleanup", Time since last: 1000214938 ns, Reaching safepoint: 123611 ns, At safepoint: 17276 ns, Total: 140887 ns
[2020-09-11T13:07:09.665+0000][1][safepoint    ] Safepoint "Cleanup", Time since last: 1000212949 ns, Reaching safepoint: 100755 ns, At safepoint: 18596 ns, Total: 119351 ns
[2020-09-11T13:07:10.666+0000][1][safepoint    ] Safepoint "Cleanup", Time since last: 1000215863 ns, Reaching safepoint: 102195 ns, At safepoint: 17700 ns, Total: 119895 ns
[2020-09-11T13:07:11.666+0000][1][safepoint    ] Safepoint "Cleanup", Time since last: 1000238056 ns, Reaching safepoint: 83867 ns, At safepoint: 8110 ns, Total: 91977 ns
[2020-09-11T13:07:12.666+0000][1][safepoint    ] Safepoint "Cleanup", Time since last: 1000137591 ns, Reaching safepoint: 106749 ns, At safepoint: 16862 ns, Total: 123611 ns
[2020-09-11T13:07:13.667+0000][1][safepoint    ] Safepoint "Cleanup", Time since last: 1000255160 ns, Reaching safepoint: 87509 ns, At safepoint: 7790 ns, Total: 95299 ns
[2020-09-11T13:07:14.667+0000][1][safepoint    ] Safepoint "Cleanup", Time since last: 1000176826 ns, Reaching safepoint: 109866 ns, At safepoint: 17624 ns, Total: 127490 ns
[2020-09-11T13:07:15.667+0000][1][safepoint    ] Safepoint "Cleanup", Time since last: 1000174312 ns, Reaching safepoint: 101250 ns, At safepoint: 15629 ns, Total: 116879 ns
[2020-09-11T13:07:16.668+0000][1][safepoint    ] Safepoint "Cleanup", Time since last: 1000221493 ns, Reaching safepoint: 165617 ns, At safepoint: 16829 ns, Total: 182446 ns
[2020-09-11T13:07:17.668+0000][1][safepoint    ] Safepoint "Cleanup", Time since last: 1000215206 ns, Reaching safepoint: 105596 ns, At safepoint: 18285 ns, Total: 123881 ns
[2020-09-11T13:07:18.668+0000][1][safepoint    ] Safepoint "Cleanup", Time since last: 1000207847 ns, Reaching safepoint: 105232 ns, At safepoint: 17664 ns, Total: 122896 ns
[2020-09-11T13:07:19.669+0000][1][safepoint    ] Safepoint "Cleanup", Time since last: 1000220871 ns, Reaching safepoint: 104798 ns, At safepoint: 18048 ns, Total: 122846 ns
[2020-09-11T13:07:20.669+0000][1][safepoint    ] Safepoint "Cleanup", Time since last: 1000208427 ns, Reaching safepoint: 106863 ns, At safepoint: 15853 ns, Total: 122716 ns
[2020-09-11T13:07:21.669+0000][1][safepoint    ] Safepoint "Cleanup", Time since last: 1000177532 ns, Reaching safepoint: 133761 ns, At safepoint: 15222 ns, Total: 148983 ns
[2020-09-11T13:07:22.670+0000][1][safepoint    ] Safepoint "Cleanup", Time since last: 1000190289 ns, Reaching safepoint: 107153 ns, At safepoint: 21329 ns, Total: 128482 ns
[2020-09-11T13:07:23.670+0000][1][safepoint    ] Safepoint "Cleanup", Time since last: 1000278019 ns, Reaching safepoint: 88399 ns, At safepoint: 8321 ns, Total: 96720 ns
[2020-09-11T13:07:24.670+0000][1][safepoint    ] Safepoint "Cleanup", Time since last: 1000211299 ns, Reaching safepoint: 82681 ns, At safepoint: 7411 ns, Total: 90092 ns
[2020-09-11T13:07:25.670+0000][1][safepoint    ] Safepoint "Cleanup", Time since last: 1000190408 ns, Reaching safepoint: 79424 ns, At safepoint: 8893 ns, Total: 88317 ns
[2020-09-11T13:07:26.671+0000][1][safepoint    ] Safepoint "Cleanup", Time since last: 1000137070 ns, Reaching safepoint: 105570 ns, At safepoint: 16197 ns, Total: 121767 ns
[2020-09-11T13:07:27.671+0000][1][safepoint    ] Safepoint "Cleanup", Time since last: 1000185199 ns, Reaching safepoint: 106922 ns, At safepoint: 18031 ns, Total: 124953 ns
[2020-09-11T13:07:28.671+0000][1][safepoint    ] Safepoint "Cleanup", Time since last: 1000233379 ns, Reaching safepoint: 85123 ns, At safepoint: 7367 ns, Total: 92490 ns
[2020-09-11T13:07:29.672+0000][1][safepoint    ] Safepoint "Cleanup", Time since last: 1000145130 ns, Reaching safepoint: 105259 ns, At safepoint: 17022 ns, Total: 122281 ns
[2020-09-11T13:07:30.672+0000][1][safepoint    ] Safepoint "Cleanup", Time since last: 1000246680 ns, Reaching safepoint: 107918 ns, At safepoint: 17811 ns, Total: 125729 ns
[2020-09-11T13:07:31.672+0000][1][safepoint    ] Safepoint "Cleanup", Time since last: 1000188126 ns, Reaching safepoint: 142391 ns, At safepoint: 20904 ns, Total: 163295 ns
[2020-09-11T13:07:32.673+0000][1][safepoint    ] Safepoint "Cleanup", Time since last: 1000220333 ns, Reaching safepoint: 108239 ns, At safepoint: 17704 ns, Total: 125943 ns
[2020-09-11T13:07:33.673+0000][1][safepoint    ] Safepoint "Cleanup", Time since last: 1000225336 ns, Reaching safepoint: 75150 ns, At safepoint: 7718 ns, Total: 82868 ns
[2020-09-11T13:07:34.673+0000][1][safepoint    ] Safepoint "Cleanup", Time since last: 1000195211 ns, Reaching safepoint: 82086 ns, At safepoint: 7324 ns, Total: 89410 ns
[2020-09-11T13:07:35.674+0000][1][safepoint    ] Safepoint "Cleanup", Time since last: 1000196371 ns, Reaching safepoint: 86042 ns, At safepoint: 7933 ns, Total: 93975 ns
[2020-09-11T13:07:36.674+0000][1][safepoint    ] Safepoint "Cleanup", Time since last: 1000212877 ns, Reaching safepoint: 84553 ns, At safepoint: 7168 ns, Total: 91721 ns
[2020-09-11T13:07:37.675+0000][1][safepoint    ] Safepoint "Cleanup", Time since last: 1001130720 ns, Reaching safepoint: 107815 ns, At safepoint: 17617 ns, Total: 125432 ns
[2020-09-11T13:07:38.676+0000][1][safepoint    ] Safepoint "Cleanup", Time since last: 1000210808 ns, Reaching safepoint: 131479 ns, At safepoint: 17129 ns, Total: 148608 ns
[2020-09-11T13:07:39.676+0000][1][safepoint    ] Safepoint "Cleanup", Time since last: 1000190013 ns, Reaching safepoint: 149082 ns, At safepoint: 16829 ns, Total: 165911 ns
[2020-09-11T13:07:40.676+0000][1][safepoint    ] Safepoint "Cleanup", Time since last: 1000197014 ns, Reaching safepoint: 98664 ns, At safepoint: 17163 ns, Total: 115827 ns
[2020-09-11T13:07:41.676+0000][1][safepoint    ] Safepoint "Cleanup", Time since last: 1000185164 ns, Reaching safepoint: 109752 ns, At safepoint: 18984 ns, Total: 128736 ns
[2020-09-11T13:07:42.678+0000][1][safepoint    ] Safepoint "Cleanup", Time since last: 1001072751 ns, Reaching safepoint: 109685 ns, At safepoint: 16077 ns, Total: 125762 ns
[2020-09-11T13:07:43.678+0000][1][safepoint    ] Safepoint "Cleanup", Time since last: 1000220724 ns, Reaching safepoint: 79509 ns, At safepoint: 8788 ns, Total: 88297 ns
[2020-09-11T13:07:44.678+0000][1][safepoint    ] Safepoint "Cleanup", Time since last: 1000194716 ns, Reaching safepoint: 79518 ns, At safepoint: 7043 ns, Total: 86561 ns
[2020-09-11T13:07:45.679+0000][1][safepoint    ] Safepoint "Cleanup", Time since last: 1000179273 ns, Reaching safepoint: 87019 ns, At safepoint: 8043 ns, Total: 95062 ns
[2020-09-11T13:07:46.679+0000][1][safepoint    ] Safepoint "Cleanup", Time since last: 1000144770 ns, Reaching safepoint: 105094 ns, At safepoint: 17377 ns, Total: 122471 ns
[2020-09-11T13:07:47.680+0000][1][safepoint    ] Safepoint "Cleanup", Time since last: 1000949749 ns, Reaching safepoint: 106919 ns, At safepoint: 18042 ns, Total: 124961 ns
[2020-09-11T13:07:48.680+0000][1][safepoint    ] Safepoint "Cleanup", Time since last: 1000208057 ns, Reaching safepoint: 84697 ns, At safepoint: 7654 ns, Total: 92351 ns
[2020-09-11T13:07:49.681+0000][1][safepoint    ] Safepoint "Cleanup", Time since last: 1000193889 ns, Reaching safepoint: 104066 ns, At safepoint: 18515 ns, Total: 122581 ns
[2020-09-11T13:07:50.681+0000][1][safepoint    ] Safepoint "Cleanup", Time since last: 1000218823 ns, Reaching safepoint: 100371 ns, At safepoint: 18463 ns, Total: 118834 ns
[2020-09-11T13:07:51.681+0000][1][safepoint    ] Safepoint "Cleanup", Time since last: 1000232239 ns, Reaching safepoint: 106805 ns, At safepoint: 18927 ns, Total: 125732 ns
[2020-09-11T13:07:52.683+0000][1][safepoint    ] Safepoint "Cleanup", Time since last: 1001594704 ns, Reaching safepoint: 106168 ns, At safepoint: 17573 ns, Total: 123741 ns
[2020-09-11T13:07:53.683+0000][1][safepoint    ] Safepoint "Cleanup", Time since last: 1000208187 ns, Reaching safepoint: 105763 ns, At safepoint: 18246 ns, Total: 124009 ns
[2020-09-11T13:07:54.684+0000][1][safepoint    ] Safepoint "Cleanup", Time since last: 1000225833 ns, Reaching safepoint: 84229 ns, At safepoint: 7348 ns, Total: 91577 ns
[2020-09-11T13:07:55.684+0000][1][safepoint    ] Safepoint "Cleanup", Time since last: 1000171068 ns, Reaching safepoint: 85010 ns, At safepoint: 8187 ns, Total: 93197 ns
[2020-09-11T13:07:56.684+0000][1][safepoint    ] Safepoint "Cleanup", Time since last: 1000126577 ns, Reaching safepoint: 67433 ns, At safepoint: 10966 ns, Total: 78399 ns
[2020-09-11T13:07:57.684+0000][1][safepoint    ] Safepoint "Cleanup", Time since last: 1000184754 ns, Reaching safepoint: 106649 ns, At safepoint: 18309 ns, Total: 124958 ns
[2020-09-11T13:07:58.685+0000][1][safepoint    ] Safepoint "Cleanup", Time since last: 1000232167 ns, Reaching safepoint: 84029 ns, At safepoint: 7451 ns, Total: 91480 ns
[2020-09-11T13:07:59.685+0000][1][safepoint    ] Safepoint "Cleanup", Time since last: 1000172989 ns, Reaching safepoint: 83139 ns, At safepoint: 7877 ns, Total: 91016 ns
[2020-09-11T13:07:59.751+0000][1][gc,start     ] GC(77) Pause Young (Allocation Failure)
[2020-09-11T13:07:59.751+0000][1][gc,task      ] GC(77) Using 1 workers of 1 for evacuation
[2020-09-11T13:07:59.754+0000][1][gc,age       ] GC(77) Desired survivor size 4358144 bytes, new threshold 6 (max threshold 6)
[2020-09-11T13:07:59.754+0000][1][gc,age       ] GC(77) Age table with threshold 6 (max threshold 6)
[2020-09-11T13:07:59.755+0000][1][gc,age       ] GC(77) - age   1:       6632 bytes,       6632 total
[2020-09-11T13:07:59.755+0000][1][gc,age       ] GC(77) - age   3:        536 bytes,       7168 total
[2020-09-11T13:07:59.755+0000][1][gc,age       ] GC(77) - age   4:        960 bytes,       8128 total
[2020-09-11T13:07:59.755+0000][1][gc,age       ] GC(77) - age   5:       1120 bytes,       9248 total
[2020-09-11T13:07:59.755+0000][1][gc,age       ] GC(77) - age   6:       1400 bytes,      10648 total
[2020-09-11T13:07:59.755+0000][1][gc,heap      ] GC(77) ParNew: 68177K->12K(76672K)
[2020-09-11T13:07:59.755+0000][1][gc,heap      ] GC(77) CMS: 64138K->64139K(439104K)
[2020-09-11T13:07:59.755+0000][1][gc,metaspace ] GC(77) Metaspace: 71757K->71757K(1116160K)
[2020-09-11T13:07:59.755+0000][1][gc           ] GC(77) Pause Young (Allocation Failure) 129M->62M(503M) 3.147ms
[2020-09-11T13:07:59.755+0000][1][gc,cpu       ] GC(77) User=0.01s Sys=0.00s Real=0.00s
[2020-09-11T13:07:59.755+0000][1][safepoint    ] Safepoint "GenCollectForAllocation", Time since last: 66420403 ns, Reaching safepoint: 78528 ns, At safepoint: 3226821 ns, Total: 3305349 ns
[2020-09-11T13:08:00.768+0000][1][safepoint    ] Safepoint "Cleanup", Time since last: 1012904542 ns, Reaching safepoint: 108734 ns, At safepoint: 18559 ns, Total: 127293 ns
[2020-09-11T13:08:01.768+0000][1][safepoint    ] Safepoint "Cleanup", Time since last: 1000213884 ns, Reaching safepoint: 89725 ns, At safepoint: 7755 ns, Total: 97480 ns
[2020-09-11T13:08:02.768+0000][1][safepoint    ] Safepoint "Cleanup", Time since last: 1000174651 ns, Reaching safepoint: 82487 ns, At safepoint: 7608 ns, Total: 90095 ns
[2020-09-11T13:08:03.769+0000][1][safepoint    ] Safepoint "Cleanup", Time since last: 1000169344 ns, Reaching safepoint: 85792 ns, At safepoint: 7835 ns, Total: 93627 ns
[2020-09-11T13:08:04.769+0000][1][safepoint    ] Safepoint "Cleanup", Time since last: 1000133707 ns, Reaching safepoint: 204446 ns, At safepoint: 18860 ns, Total: 223306 ns
[2020-09-11T13:08:05.769+0000][1][safepoint    ] Safepoint "Cleanup", Time since last: 1000202352 ns, Reaching safepoint: 85752 ns, At safepoint: 6473 ns, Total: 92225 ns
[2020-09-11T13:08:06.769+0000][1][safepoint    ] Safepoint "Cleanup", Time since last: 1000174648 ns, Reaching safepoint: 111740 ns, At safepoint: 20003 ns, Total: 131743 ns
[2020-09-11T13:08:07.770+0000][1][safepoint    ] Safepoint "Cleanup", Time since last: 1000222029 ns, Reaching safepoint: 103307 ns, At safepoint: 17353 ns, Total: 120660 ns
[2020-09-11T13:08:08.770+0000][1][safepoint    ] Safepoint "Cleanup", Time since last: 1000212380 ns, Reaching safepoint: 82446 ns, At safepoint: 7453 ns, Total: 89899 ns
[2020-09-11T13:08:09.770+0000][1][safepoint    ] Safepoint "Cleanup", Time since last: 1000137166 ns, Reaching safepoint: 133544 ns, At safepoint: 16762 ns, Total: 150306 ns
[2020-09-11T13:08:10.771+0000][1][safepoint    ] Safepoint "Cleanup", Time since last: 1000175740 ns, Reaching safepoint: 109170 ns, At safepoint: 7693 ns, Total: 116863 ns
[2020-09-11T13:08:11.771+0000][1][safepoint    ] Safepoint "Cleanup", Time since last: 1000181968 ns, Reaching safepoint: 79758 ns, At safepoint: 8626 ns, Total: 88384 ns
[2020-09-11T13:08:12.771+0000][1][safepoint    ] Safepoint "Cleanup", Time since last: 1000184093 ns, Reaching safepoint: 82990 ns, At safepoint: 8403 ns, Total: 91393 ns
[2020-09-11T13:08:13.772+0000][1][safepoint    ] Safepoint "Cleanup", Time since last: 1000159105 ns, Reaching safepoint: 109418 ns, At safepoint: 17921 ns, Total: 127339 ns
[2020-09-11T13:08:14.772+0000][1][safepoint    ] Safepoint "Cleanup", Time since last: 1000184574 ns, Reaching safepoint: 100370 ns, At safepoint: 7604 ns, Total: 107974 ns
[2020-09-11T13:08:15.772+0000][1][safepoint    ] Safepoint "Cleanup", Time since last: 1000166101 ns, Reaching safepoint: 103458 ns, At safepoint: 17437 ns, Total: 120895 ns
[2020-09-11T13:08:16.772+0000][1][safepoint    ] Safepoint "Cleanup", Time since last: 1000186240 ns, Reaching safepoint: 111927 ns, At safepoint: 18786 ns, Total: 130713 ns
[2020-09-11T13:08:17.773+0000][1][safepoint    ] Safepoint "Cleanup", Time since last: 1000225016 ns, Reaching safepoint: 106769 ns, At safepoint: 18292 ns, Total: 125061 ns
[2020-09-11T13:08:18.773+0000][1][safepoint    ] Safepoint "Cleanup", Time since last: 1000205973 ns, Reaching safepoint: 106796 ns, At safepoint: 19077 ns, Total: 125873 ns
[2020-09-11T13:08:19.773+0000][1][safepoint    ] Safepoint "Cleanup", Time since last: 1000206498 ns, Reaching safepoint: 97728 ns, At safepoint: 7906 ns, Total: 105634 ns
[2020-09-11T13:08:20.774+0000][1][safepoint    ] Safepoint "Cleanup", Time since last: 1000161252 ns, Reaching safepoint: 101768 ns, At safepoint: 17938 ns, Total: 119706 ns
[2020-09-11T13:08:21.774+0000][1][safepoint    ] Safepoint "Cleanup", Time since last: 1000215204 ns, Reaching safepoint: 105522 ns, At safepoint: 16979 ns, Total: 122501 ns
[2020-09-11T13:08:22.793+0000][1][safepoint    ] Safepoint "Cleanup", Time since last: 1018448266 ns, Reaching safepoint: 214941 ns, At safepoint: 19268 ns, Total: 234209 ns
[2020-09-11T13:08:23.793+0000][1][safepoint    ] Safepoint "Cleanup", Time since last: 1000141674 ns, Reaching safepoint: 137137 ns, At safepoint: 7183 ns, Total: 144320 ns
[2020-09-11T13:08:24.793+0000][1][safepoint    ] Safepoint "Cleanup", Time since last: 1000107850 ns, Reaching safepoint: 178209 ns, At safepoint: 7646 ns, Total: 185855 ns
[2020-09-11T13:08:25.794+0000][1][safepoint    ] Safepoint "Cleanup", Time since last: 1000184748 ns, Reaching safepoint: 95917 ns, At safepoint: 7635 ns, Total: 103552 ns
[2020-09-11T13:08:26.794+0000][1][safepoint    ] Safepoint "Cleanup", Time since last: 1000189225 ns, Reaching safepoint: 86756 ns, At safepoint: 8141 ns, Total: 94897 ns
[2020-09-11T13:08:27.795+0000][1][safepoint    ] Safepoint "Cleanup", Time since last: 1000935980 ns, Reaching safepoint: 79263 ns, At safepoint: 7230 ns, Total: 86493 ns
[2020-09-11T13:08:28.795+0000][1][safepoint    ] Safepoint "Cleanup", Time since last: 1000164363 ns, Reaching safepoint: 105606 ns, At safepoint: 18062 ns, Total: 123668 ns
[2020-09-11T13:08:29.796+0000][1][safepoint    ] Safepoint "Cleanup", Time since last: 1000167658 ns, Reaching safepoint: 234084 ns, At safepoint: 16916 ns, Total: 251000 ns
[2020-09-11T13:08:30.796+0000][1][safepoint    ] Safepoint "Cleanup", Time since last: 1000174397 ns, Reaching safepoint: 107941 ns, At safepoint: 18169 ns, Total: 126110 ns
[2020-09-11T13:08:31.824+0000][1][safepoint    ] Safepoint "Cleanup", Time since last: 1027557134 ns, Reaching safepoint: 73969 ns, At safepoint: 8476 ns, Total: 82445 ns
[2020-09-11T13:08:32.824+0000][1][safepoint    ] Safepoint "Cleanup", Time since last: 1000111354 ns, Reaching safepoint: 50329 ns, At safepoint: 6823 ns, Total: 57152 ns
[2020-09-11T13:08:33.824+0000][1][safepoint    ] Safepoint "Cleanup", Time since last: 1000218637 ns, Reaching safepoint: 71725 ns, At safepoint: 15754 ns, Total: 87479 ns
[2020-09-11T13:08:34.824+0000][1][safepoint    ] Safepoint "Cleanup", Time since last: 1000134459 ns, Reaching safepoint: 101770 ns, At safepoint: 17494 ns, Total: 119264 ns
[2020-09-11T13:08:35.825+0000][1][safepoint    ] Safepoint "Cleanup", Time since last: 1000234166 ns, Reaching safepoint: 79918 ns, At safepoint: 7730 ns, Total: 87648 ns
[2020-09-11T13:08:36.825+0000][1][safepoint    ] Safepoint "Cleanup", Time since last: 1000148566 ns, Reaching safepoint: 95688 ns, At safepoint: 9043 ns, Total: 104731 ns
[2020-09-11T13:08:37.825+0000][1][safepoint    ] Safepoint "Cleanup", Time since last: 1000179616 ns, Reaching safepoint: 69110 ns, At safepoint: 7575 ns, Total: 76685 ns
[2020-09-11T13:08:38.825+0000][1][safepoint    ] Safepoint "Cleanup", Time since last: 1000137256 ns, Reaching safepoint: 95757 ns, At safepoint: 17393 ns, Total: 113150 ns
[2020-09-11T13:08:39.826+0000][1][safepoint    ] Safepoint "Cleanup", Time since last: 1000330713 ns, Reaching safepoint: 166811 ns, At safepoint: 6991 ns, Total: 173802 ns
[2020-09-11T13:08:40.826+0000][1][safepoint    ] Safepoint "Cleanup", Time since last: 1000240999 ns, Reaching safepoint: 167599 ns, At safepoint: 6962 ns, Total: 174561 ns
[2020-09-11T13:08:41.827+0000][1][safepoint    ] Safepoint "Cleanup", Time since last: 1000346067 ns, Reaching safepoint: 135495 ns, At safepoint: 7608 ns, Total: 143103 ns
[2020-09-11T13:08:42.828+0000][1][safepoint    ] Safepoint "Cleanup", Time since last: 1000801493 ns, Reaching safepoint: 91495 ns, At safepoint: 6287 ns, Total: 97782 ns
[2020-09-11T13:08:43.828+0000][1][safepoint    ] Safepoint "Cleanup", Time since last: 1000128269 ns, Reaching safepoint: 95740 ns, At safepoint: 5979 ns, Total: 101719 ns
[2020-09-11T13:08:44.828+0000][1][safepoint    ] Safepoint "Cleanup", Time since last: 1000095099 ns, Reaching safepoint: 170321 ns, At safepoint: 7490 ns, Total: 177811 ns
[2020-09-11T13:08:45.828+0000][1][safepoint    ] Safepoint "Cleanup", Time since last: 1000143653 ns, Reaching safepoint: 98234 ns, At safepoint: 7482 ns, Total: 105716 ns
[2020-09-11T13:08:46.829+0000][1][safepoint    ] Safepoint "Cleanup", Time since last: 1000185327 ns, Reaching safepoint: 108376 ns, At safepoint: 17804 ns, Total: 126180 ns
[2020-09-11T13:08:47.830+0000][1][safepoint    ] Safepoint "Cleanup", Time since last: 1001137447 ns, Reaching safepoint: 235819 ns, At safepoint: 20079 ns, Total: 255898 ns
[2020-09-11T13:08:48.830+0000][1][safepoint    ] Safepoint "Cleanup", Time since last: 1000173057 ns, Reaching safepoint: 148157 ns, At safepoint: 16883 ns, Total: 165040 ns
[2020-09-11T13:08:49.831+0000][1][safepoint    ] Safepoint "Cleanup", Time since last: 1000166501 ns, Reaching safepoint: 104720 ns, At safepoint: 16057 ns, Total: 120777 ns
[2020-09-11T13:08:50.831+0000][1][safepoint    ] Safepoint "Cleanup", Time since last: 1000202053 ns, Reaching safepoint: 104367 ns, At safepoint: 18549 ns, Total: 122916 ns
[2020-09-11T13:08:51.831+0000][1][safepoint    ] Safepoint "Cleanup", Time since last: 1000206207 ns, Reaching safepoint: 129664 ns, At safepoint: 16699 ns, Total: 146363 ns
[2020-09-11T13:08:52.832+0000][1][safepoint    ] Safepoint "Cleanup", Time since last: 1000211230 ns, Reaching safepoint: 81009 ns, At safepoint: 7373 ns, Total: 88382 ns
[2020-09-11T13:08:53.833+0000][1][safepoint    ] Safepoint "Cleanup", Time since last: 1000906144 ns, Reaching safepoint: 78341 ns, At safepoint: 6739 ns, Total: 85080 ns
[2020-09-11T13:08:55.508+0000][1][safepoint    ] Safepoint "Cleanup", Time since last: 1674813716 ns, Reaching safepoint: 120086 ns, At safepoint: 18175 ns, Total: 138261 ns
[2020-09-11T13:08:56.508+0000][1][safepoint    ] Safepoint "Cleanup", Time since last: 1000227190 ns, Reaching safepoint: 106514 ns, At safepoint: 18073 ns, Total: 124587 ns
[2020-09-11T13:08:57.508+0000][1][safepoint    ] Safepoint "Cleanup", Time since last: 1000183661 ns, Reaching safepoint: 102002 ns, At safepoint: 7863 ns, Total: 109865 ns
[2020-09-11T13:08:58.509+0000][1][safepoint    ] Safepoint "Cleanup", Time since last: 1000186958 ns, Reaching safepoint: 82281 ns, At safepoint: 7831 ns, Total: 90112 ns
[2020-09-11T13:08:59.509+0000][1][safepoint    ] Safepoint "Cleanup", Time since last: 1000137429 ns, Reaching safepoint: 108402 ns, At safepoint: 16765 ns, Total: 125167 ns
[2020-09-11T13:09:00.509+0000][1][safepoint    ] Safepoint "Cleanup", Time since last: 1000207389 ns, Reaching safepoint: 109234 ns, At safepoint: 18680 ns, Total: 127914 ns
[2020-09-11T13:09:01.511+0000][1][safepoint    ] Safepoint "Cleanup", Time since last: 1001548284 ns, Reaching safepoint: 110564 ns, At safepoint: 18419 ns, Total: 128983 ns
[2020-09-11T13:09:02.511+0000][1][safepoint    ] Safepoint "Cleanup", Time since last: 1000230437 ns, Reaching safepoint: 108539 ns, At safepoint: 18249 ns, Total: 126788 ns
[2020-09-11T13:09:03.512+0000][1][safepoint    ] Safepoint "Cleanup", Time since last: 1000213323 ns, Reaching safepoint: 84948 ns, At safepoint: 7960 ns, Total: 92908 ns
[2020-09-11T13:09:04.512+0000][1][safepoint    ] Safepoint "Cleanup", Time since last: 1000141230 ns, Reaching safepoint: 97708 ns, At safepoint: 15466 ns, Total: 113174 ns
[2020-09-11T13:09:05.512+0000][1][safepoint    ] Safepoint "Cleanup", Time since last: 1000172126 ns, Reaching safepoint: 111806 ns, At safepoint: 19258 ns, Total: 131064 ns
[2020-09-11T13:09:06.512+0000][1][safepoint    ] Safepoint "Cleanup", Time since last: 1000206687 ns, Reaching safepoint: 91081 ns, At safepoint: 8407 ns, Total: 99488 ns
[2020-09-11T13:09:07.513+0000][1][safepoint    ] Safepoint "Cleanup", Time since last: 1000195210 ns, Reaching safepoint: 114463 ns, At safepoint: 19334 ns, Total: 133797 ns
[2020-09-11T13:09:08.513+0000][1][safepoint    ] Safepoint "Cleanup", Time since last: 1000246243 ns, Reaching safepoint: 112812 ns, At safepoint: 19365 ns, Total: 132177 ns
[2020-09-11T13:09:09.513+0000][1][safepoint    ] Safepoint "Cleanup", Time since last: 1000223865 ns, Reaching safepoint: 113618 ns, At safepoint: 19378 ns, Total: 132996 ns
[2020-09-11T13:09:09.866+0000][1][gc,start     ] GC(78) Pause Young (Allocation Failure)
[2020-09-11T13:09:09.866+0000][1][gc,task      ] GC(78) Using 1 workers of 1 for evacuation
[2020-09-11T13:09:09.869+0000][1][gc,age       ] GC(78) Desired survivor size 4358144 bytes, new threshold 6 (max threshold 6)
[2020-09-11T13:09:09.869+0000][1][gc,age       ] GC(78) Age table with threshold 6 (max threshold 6)
[2020-09-11T13:09:09.869+0000][1][gc,age       ] GC(78) - age   1:      11416 bytes,      11416 total
[2020-09-11T13:09:09.869+0000][1][gc,age       ] GC(78) - age   2:        664 bytes,      12080 total
[2020-09-11T13:09:09.869+0000][1][gc,age       ] GC(78) - age   4:        536 bytes,      12616 total
[2020-09-11T13:09:09.869+0000][1][gc,age       ] GC(78) - age   5:        960 bytes,      13576 total
[2020-09-11T13:09:09.869+0000][1][gc,age       ] GC(78) - age   6:       1120 bytes,      14696 total
[2020-09-11T13:09:09.869+0000][1][gc,heap      ] GC(78) ParNew: 68172K->18K(76672K)
[2020-09-11T13:09:09.869+0000][1][gc,heap      ] GC(78) CMS: 64139K->64140K(439104K)
[2020-09-11T13:09:09.869+0000][1][gc,metaspace ] GC(78) Metaspace: 71775K->71775K(1116160K)
[2020-09-11T13:09:09.869+0000][1][gc           ] GC(78) Pause Young (Allocation Failure) 129M->62M(503M) 3.325ms
[2020-09-11T13:09:09.869+0000][1][gc,cpu       ] GC(78) User=0.01s Sys=0.00s Real=0.00s
[2020-09-11T13:09:09.869+0000][1][safepoint    ] Safepoint "GenCollectForAllocation", Time since last: 352010242 ns, Reaching safepoint: 175160 ns, At safepoint: 3413414 ns, Total: 3588574 ns
[2020-09-11T13:09:10.870+0000][1][safepoint    ] Safepoint "Cleanup", Time since last: 1001121838 ns, Reaching safepoint: 93509 ns, At safepoint: 50676 ns, Total: 144185 ns
[2020-09-11T13:09:11.871+0000][1][safepoint    ] Safepoint "Cleanup", Time since last: 1000199142 ns, Reaching safepoint: 78860 ns, At safepoint: 16635 ns, Total: 95495 ns
[2020-09-11T13:09:12.871+0000][1][safepoint    ] Safepoint "Cleanup", Time since last: 1000170053 ns, Reaching safepoint: 75644 ns, At safepoint: 20530 ns, Total: 96174 ns
[2020-09-11T13:09:13.874+0000][1][safepoint    ] Safepoint "Cleanup", Time since last: 1002603633 ns, Reaching safepoint: 52302 ns, At safepoint: 16169 ns, Total: 68471 ns
[2020-09-11T13:09:13.876+0000][1][safepoint    ] Safepoint "RevokeBias", Time since last: 2335580 ns, Reaching safepoint: 372344 ns, At safepoint: 31238 ns, Total: 403582 ns
[2020-09-11T13:09:13.877+0000][1][safepoint    ] Safepoint "RevokeBias", Time since last: 68641 ns, Reaching safepoint: 735892 ns, At safepoint: 15374 ns, Total: 751266 ns
[2020-09-11T13:09:13.878+0000][1][safepoint    ] Safepoint "RevokeBias", Time since last: 383246 ns, Reaching safepoint: 296297 ns, At safepoint: 8897 ns, Total: 305194 ns
[2020-09-11T13:09:13.880+0000][1][safepoint    ] Safepoint "RevokeBias", Time since last: 1598406 ns, Reaching safepoint: 221671 ns, At safepoint: 9764 ns, Total: 231435 ns
[2020-09-11T13:09:13.880+0000][1][safepoint    ] Safepoint "RevokeBias", Time since last: 151209 ns, Reaching safepoint: 192431 ns, At safepoint: 6970 ns, Total: 199401 ns
[2020-09-11T13:09:13.880+0000][1][safepoint    ] Safepoint "RevokeBias", Time since last: 362565 ns, Reaching safepoint: 95518 ns, At safepoint: 6329 ns, Total: 101847 ns
[2020-09-11T13:09:13.881+0000][1][safepoint    ] Safepoint "RevokeBias", Time since last: 464211 ns, Reaching safepoint: 410440 ns, At safepoint: 6527 ns, Total: 416967 ns
[2020-09-11T13:09:13.882+0000][1][safepoint    ] Safepoint "RevokeBias", Time since last: 73825 ns, Reaching safepoint: 703969 ns, At safepoint: 6681 ns, Total: 710650 ns
[2020-09-11T13:09:13.882+0000][1][safepoint    ] Safepoint "RevokeBias", Time since last: 46099 ns, Reaching safepoint: 280113 ns, At safepoint: 6013 ns, Total: 286126 ns
[2020-09-11T13:09:13.885+0000][1][safepoint    ] Safepoint "RevokeBias", Time since last: 640437 ns, Reaching safepoint: 2044112 ns, At safepoint: 10410 ns, Total: 2054522 ns
[2020-09-11T13:09:13.887+0000][1][safepoint    ] Safepoint "RevokeBias", Time since last: 221853 ns, Reaching safepoint: 1590060 ns, At safepoint: 23525 ns, Total: 1613585 ns
[2020-09-11T13:09:13.892+0000][1][safepoint    ] Safepoint "RevokeBias", Time since last: 3945005 ns, Reaching safepoint: 986185 ns, At safepoint: 17189 ns, Total: 1003374 ns
[2020-09-11T13:09:13.900+0000][1][safepoint    ] Safepoint "RevokeBias", Time since last: 8018862 ns, Reaching safepoint: 426146 ns, At safepoint: 9789 ns, Total: 435935 ns
[2020-09-11T13:09:13.901+0000][1][safepoint    ] Safepoint "RevokeBias", Time since last: 85819 ns, Reaching safepoint: 198250 ns, At safepoint: 6918 ns, Total: 205168 ns
[2020-09-11T13:09:13.901+0000][1][safepoint    ] Safepoint "RevokeBias", Time since last: 445529 ns, Reaching safepoint: 170373 ns, At safepoint: 6749 ns, Total: 177122 ns
[2020-09-11T13:09:13.902+0000][1][safepoint    ] Safepoint "RevokeBias", Time since last: 346133 ns, Reaching safepoint: 167264 ns, At safepoint: 6557 ns, Total: 173821 ns
[2020-09-11T13:09:13.902+0000][1][safepoint    ] Safepoint "RevokeBias", Time since last: 63369 ns, Reaching safepoint: 174216 ns, At safepoint: 6662 ns, Total: 180878 ns
[2020-09-11T13:09:13.902+0000][1][safepoint    ] Safepoint "RevokeBias", Time since last: 63367 ns, Reaching safepoint: 121740 ns, At safepoint: 7194 ns, Total: 128934 ns
[2020-09-11T13:09:13.903+0000][1][safepoint    ] Safepoint "RevokeBias", Time since last: 93655 ns, Reaching safepoint: 714286 ns, At safepoint: 8034 ns, Total: 722320 ns
[2020-09-11T13:09:13.903+0000][1][safepoint    ] Safepoint "RevokeBias", Time since last: 46370 ns, Reaching safepoint: 112936 ns, At safepoint: 7379 ns, Total: 120315 ns
[2020-09-11T13:09:13.905+0000][1][safepoint    ] Safepoint "RevokeBias", Time since last: 764826 ns, Reaching safepoint: 726878 ns, At safepoint: 9541 ns, Total: 736419 ns
[2020-09-11T13:09:13.905+0000][1][safepoint    ] Safepoint "RevokeBias", Time since last: 564028 ns, Reaching safepoint: 139589 ns, At safepoint: 5931 ns, Total: 145520 ns
[2020-09-11T13:09:14.206+0000][1][safepoint    ] Safepoint "RevokeBias", Time since last: 300248491 ns, Reaching safepoint: 51184 ns, At safepoint: 7620 ns, Total: 58804 ns
[2020-09-11T13:09:14.206+0000][1][safepoint    ] Safepoint "RevokeBias", Time since last: 377954 ns, Reaching safepoint: 95325 ns, At safepoint: 6043 ns, Total: 101368 ns
[2020-09-11T13:09:14.208+0000][1][safepoint    ] Safepoint "RevokeBias", Time since last: 2096084 ns, Reaching safepoint: 42485 ns, At safepoint: 6864 ns, Total: 49349 ns
[2020-09-11T13:09:14.208+0000][1][safepoint    ] Safepoint "RevokeBias", Time since last: 56792 ns, Reaching safepoint: 16628 ns, At safepoint: 4630 ns, Total: 21258 ns
[2020-09-11T13:09:14.209+0000][1][safepoint    ] Safepoint "RevokeBias", Time since last: 36128 ns, Reaching safepoint: 15523 ns, At safepoint: 4349 ns, Total: 19872 ns
[2020-09-11T13:09:14.209+0000][1][safepoint    ] Safepoint "RevokeBias", Time since last: 89623 ns, Reaching safepoint: 18574 ns, At safepoint: 4553 ns, Total: 23127 ns
[2020-09-11T13:09:14.209+0000][1][safepoint    ] Safepoint "RevokeBias", Time since last: 232668 ns, Reaching safepoint: 16871 ns, At safepoint: 4763 ns, Total: 21634 ns
[2020-09-11T13:09:14.211+0000][1][safepoint    ] Safepoint "RevokeBias", Time since last: 772805 ns, Reaching safepoint: 943472 ns, At safepoint: 6593 ns, Total: 950065 ns
[2020-09-11T13:09:14.211+0000][1][safepoint    ] Safepoint "RevokeBias", Time since last: 42994 ns, Reaching safepoint: 122886 ns, At safepoint: 5597 ns, Total: 128483 ns
[2020-09-11T13:09:14.211+0000][1][safepoint    ] Safepoint "RevokeBias", Time since last: 37321 ns, Reaching safepoint: 88591 ns, At safepoint: 6110 ns, Total: 94701 ns
[2020-09-11T13:09:14.211+0000][1][safepoint    ] Safepoint "RevokeBias", Time since last: 102684 ns, Reaching safepoint: 107146 ns, At safepoint: 5472 ns, Total: 112618 ns
[2020-09-11T13:09:14.211+0000][1][safepoint    ] Safepoint "RevokeBias", Time since last: 35153 ns, Reaching safepoint: 96724 ns, At safepoint: 5230 ns, Total: 101954 ns
[2020-09-11T13:09:14.212+0000][1][safepoint    ] Safepoint "RevokeBias", Time since last: 676030 ns, Reaching safepoint: 279518 ns, At safepoint: 5897 ns, Total: 285415 ns
[2020-09-11T13:09:14.213+0000][1][safepoint    ] Safepoint "RevokeBias", Time since last: 56976 ns, Reaching safepoint: 736179 ns, At safepoint: 6692 ns, Total: 742871 ns
[2020-09-11T13:09:14.213+0000][1][safepoint    ] Safepoint "RevokeBias", Time since last: 44652 ns, Reaching safepoint: 89090 ns, At safepoint: 5290 ns, Total: 94380 ns
[2020-09-11T13:09:14.213+0000][1][safepoint    ] Safepoint "RevokeBias", Time since last: 56500 ns, Reaching safepoint: 86894 ns, At safepoint: 5243 ns, Total: 92137 ns
[2020-09-11T13:09:14.213+0000][1][safepoint    ] Safepoint "RevokeBias", Time since last: 56946 ns, Reaching safepoint: 85111 ns, At safepoint: 5290 ns, Total: 90401 ns
[2020-09-11T13:09:14.214+0000][1][safepoint    ] Safepoint "RevokeBias", Time since last: 73433 ns, Reaching safepoint: 125660 ns, At safepoint: 5082 ns, Total: 130742 ns
[2020-09-11T13:09:14.215+0000][1][safepoint    ] Safepoint "RevokeBias", Time since last: 412068 ns, Reaching safepoint: 440211 ns, At safepoint: 6221 ns, Total: 446432 ns
[2020-09-11T13:09:14.216+0000][1][safepoint    ] Safepoint "RevokeBias", Time since last: 353514 ns, Reaching safepoint: 632276 ns, At safepoint: 8242 ns, Total: 640518 ns
[2020-09-11T13:09:14.217+0000][1][safepoint    ] Safepoint "RevokeBias", Time since last: 893777 ns, Reaching safepoint: 170957 ns, At safepoint: 7168 ns, Total: 178125 ns
[2020-09-11T13:09:14.218+0000][1][safepoint    ] Safepoint "RevokeBias", Time since last: 726356 ns, Reaching safepoint: 1064167 ns, At safepoint: 9907 ns, Total: 1074074 ns
[2020-09-11T13:09:14.219+0000][1][safepoint    ] Safepoint "RevokeBias", Time since last: 402551 ns, Reaching safepoint: 638330 ns, At safepoint: 8929 ns, Total: 647259 ns
[2020-09-11T13:09:14.220+0000][1][safepoint    ] Safepoint "RevokeBias", Time since last: 100001 ns, Reaching safepoint: 561092 ns, At safepoint: 7887 ns, Total: 568979 ns
[2020-09-11T13:09:14.222+0000][1][safepoint    ] Safepoint "BulkRevokeBias", Time since last: 781823 ns, Reaching safepoint: 618014 ns, At safepoint: 90155 ns, Total: 708169 ns
[2020-09-11T13:09:14.264+0000][1][safepoint    ] Safepoint "RevokeBias", Time since last: 41826421 ns, Reaching safepoint: 1044725 ns, At safepoint: 11892 ns, Total: 1056617 ns
[2020-09-11T13:09:14.265+0000][1][safepoint    ] Safepoint "RevokeBias", Time since last: 80092 ns, Reaching safepoint: 106980 ns, At safepoint: 6763 ns, Total: 113743 ns
[2020-09-11T13:09:14.265+0000][1][safepoint    ] Safepoint "RevokeBias", Time since last: 48035 ns, Reaching safepoint: 92754 ns, At safepoint: 6093 ns, Total: 98847 ns
[2020-09-11T13:09:14.266+0000][1][safepoint    ] Safepoint "RevokeBias", Time since last: 434286 ns, Reaching safepoint: 731230 ns, At safepoint: 8031 ns, Total: 739261 ns
[2020-09-11T13:09:14.267+0000][1][safepoint    ] Safepoint "RevokeBias", Time since last: 765922 ns, Reaching safepoint: 92231 ns, At safepoint: 6626 ns, Total: 98857 ns
[2020-09-11T13:09:14.268+0000][1][safepoint    ] Safepoint "RevokeBias", Time since last: 613999 ns, Reaching safepoint: 88577 ns, At safepoint: 6495 ns, Total: 95072 ns
[2020-09-11T13:09:14.276+0000][1][safepoint    ] Safepoint "RevokeBias", Time since last: 8574207 ns, Reaching safepoint: 102613 ns, At safepoint: 8965 ns, Total: 111578 ns
[2020-09-11T13:09:14.280+0000][1][safepoint    ] Safepoint "RevokeBias", Time since last: 3453503 ns, Reaching safepoint: 91002 ns, At safepoint: 6547 ns, Total: 97549 ns
[2020-09-11T13:09:14.282+0000][1][safepoint    ] Safepoint "RevokeBias", Time since last: 1670861 ns, Reaching safepoint: 85979 ns, At safepoint: 5724 ns, Total: 91703 ns
[2020-09-11T13:09:14.282+0000][1][safepoint    ] Safepoint "RevokeBias", Time since last: 110215 ns, Reaching safepoint: 80804 ns, At safepoint: 4600 ns, Total: 85404 ns
[2020-09-11T13:09:14.282+0000][1][safepoint    ] Safepoint "RevokeBias", Time since last: 83206 ns, Reaching safepoint: 80815 ns, At safepoint: 4747 ns, Total: 85562 ns
[2020-09-11T13:09:14.284+0000][1][safepoint    ] Safepoint "RevokeBias", Time since last: 114104 ns, Reaching safepoint: 1448974 ns, At safepoint: 7284 ns, Total: 1456258 ns
[2020-09-11T13:09:14.291+0000][1][safepoint    ] Safepoint "RevokeBias", Time since last: 7667782 ns, Reaching safepoint: 111957 ns, At safepoint: 24048 ns, Total: 136005 ns
[2020-09-11T13:09:14.292+0000][1][safepoint    ] Safepoint "RevokeBias", Time since last: 448729 ns, Reaching safepoint: 94223 ns, At safepoint: 7244 ns, Total: 101467 ns
[2020-09-11T13:09:14.303+0000][1][safepoint    ] Safepoint "RevokeBias", Time since last: 11324707 ns, Reaching safepoint: 99818 ns, At safepoint: 8938 ns, Total: 108756 ns
[2020-09-11T13:09:14.311+0000][1][gc,heap,exit ] Heap
[2020-09-11T13:09:14.312+0000][1][gc,heap,exit ]  par new generation   total 76672K, used 8197K [0x00000000e0000000, 0x00000000e5330000, 0x00000000e5330000)
[2020-09-11T13:09:14.312+0000][1][gc,heap,exit ]   eden space 68160K,  12% used [0x00000000e0000000, 0x00000000e07fcd08, 0x00000000e4290000)
[2020-09-11T13:09:14.312+0000][1][gc,heap,exit ]   from space 8512K,   0% used [0x00000000e4290000, 0x00000000e4294a80, 0x00000000e4ae0000)
[2020-09-11T13:09:14.312+0000][1][gc,heap,exit ]   to   space 8512K,   0% used [0x00000000e4ae0000, 0x00000000e4ae0000, 0x00000000e5330000)
[2020-09-11T13:09:14.312+0000][1][gc,heap,exit ]  concurrent mark-sweep generation total 439104K, used 64140K [0x00000000e5330000, 0x0000000100000000, 0x0000000100000000)
[2020-09-11T13:09:14.312+0000][1][gc,heap,exit ]  Metaspace       used 71924K, capacity 77784K, committed 78060K, reserved 1116160K
[2020-09-11T13:09:14.312+0000][1][gc,heap,exit ]   class space    used 9621K, capacity 12009K, committed 12100K, reserved 1048576K
