[2020-09-11T12:34:52.424+0000][1][gc] Using Concurrent Mark Sweep
[2020-09-11T12:34:52.424+0000][1][gc,heap,coops] Heap address: 0x00000000e0000000, size: 512 MB, Compressed Oops mode: 32-bit
[2020-09-11T12:34:52.692+0000][1][safepoint    ] Safepoint "EnableBiasedLocking", Time since last: 232138265 ns, Reaching safepoint: 7842387 ns, At safepoint: 47386 ns, Total: 7889773 ns
[2020-09-11T12:34:52.699+0000][1][safepoint    ] Safepoint "RevokeBias", Time since last: 5590511 ns, Reaching safepoint: 2333023 ns, At safepoint: 34661 ns, Total: 2367684 ns
[2020-09-11T12:34:52.771+0000][1][safepoint    ] Safepoint "Deoptimize", Time since last: 69565409 ns, Reaching safepoint: 2405352 ns, At safepoint: 31005 ns, Total: 2436357 ns
[2020-09-11T12:34:53.450+0000][1][safepoint    ] Safepoint "RevokeBias", Time since last: 676529249 ns, Reaching safepoint: 1895170 ns, At safepoint: 42999 ns, Total: 1938169 ns
[2020-09-11T12:34:53.497+0000][1][safepoint    ] Safepoint "RevokeBias", Time since last: 46124903 ns, Reaching safepoint: 1021440 ns, At safepoint: 30788 ns, Total: 1052228 ns
[2020-09-11T12:34:53.507+0000][1][safepoint    ] Safepoint "Deoptimize", Time since last: 9852066 ns, Reaching safepoint: 93119 ns, At safepoint: 35668 ns, Total: 128787 ns
[2020-09-11T12:34:53.520+0000][1][safepoint    ] Safepoint "Deoptimize", Time since last: 8772493 ns, Reaching safepoint: 3579855 ns, At safepoint: 57800 ns, Total: 3637655 ns
[2020-09-11T12:34:53.750+0000][1][safepoint    ] Safepoint "Deoptimize", Time since last: 230077642 ns, Reaching safepoint: 663904 ns, At safepoint: 65006 ns, Total: 728910 ns
[2020-09-11T12:34:54.756+0000][1][safepoint    ] Safepoint "Cleanup", Time since last: 1005096334 ns, Reaching safepoint: 132250 ns, At safepoint: 5035 ns, Total: 137285 ns
[2020-09-11T12:34:55.758+0000][1][safepoint    ] Safepoint "Cleanup", Time since last: 1002757771 ns, Reaching safepoint: 125005 ns, At safepoint: 5623 ns, Total: 130628 ns
[2020-09-11T12:34:56.355+0000][1][safepoint    ] Safepoint "Deoptimize", Time since last: 596864403 ns, Reaching safepoint: 63702 ns, At safepoint: 88828 ns, Total: 152530 ns
[2020-09-11T12:34:56.652+0000][1][safepoint    ] Safepoint "Deoptimize", Time since last: 291990154 ns, Reaching safepoint: 4028315 ns, At safepoint: 95774 ns, Total: 4124089 ns
[2020-09-11T12:34:57.367+0000][1][safepoint    ] Safepoint "Deoptimize", Time since last: 714796922 ns, Reaching safepoint: 106849 ns, At safepoint: 95244 ns, Total: 202093 ns
[2020-09-11T12:34:58.378+0000][1][safepoint    ] Safepoint "Cleanup", Time since last: 1011104275 ns, Reaching safepoint: 721580 ns, At safepoint: 6514 ns, Total: 728094 ns
[2020-09-11T12:34:58.533+0000][1][safepoint    ] Safepoint "Deoptimize", Time since last: 153939029 ns, Reaching safepoint: 89004 ns, At safepoint: 85606 ns, Total: 174610 ns
[2020-09-11T12:34:59.539+0000][1][safepoint    ] Safepoint "Cleanup", Time since last: 1000100443 ns, Reaching safepoint: 6836766 ns, At safepoint: 13363 ns, Total: 6850129 ns
[2020-09-11T12:35:00.048+0000][1][safepoint    ] Safepoint "Deoptimize", Time since last: 505189811 ns, Reaching safepoint: 2783376 ns, At safepoint: 92563 ns, Total: 2875939 ns
[2020-09-11T12:35:01.049+0000][1][safepoint    ] Safepoint "Cleanup", Time since last: 1001714433 ns, Reaching safepoint: 134820 ns, At safepoint: 5697 ns, Total: 140517 ns
[2020-09-11T12:35:01.744+0000][1][safepoint    ] Safepoint "Deoptimize", Time since last: 693996546 ns, Reaching safepoint: 483146 ns, At safepoint: 124472 ns, Total: 607618 ns
[2020-09-11T12:35:01.748+0000][1][safepoint    ] Safepoint "Deoptimize", Time since last: 3445768 ns, Reaching safepoint: 87390 ns, At safepoint: 112750 ns, Total: 200140 ns
[2020-09-11T12:35:02.020+0000][1][safepoint    ] Safepoint "Deoptimize", Time since last: 267814048 ns, Reaching safepoint: 3982116 ns, At safepoint: 124729 ns, Total: 4106845 ns
[2020-09-11T12:35:02.029+0000][1][safepoint    ] Safepoint "Deoptimize", Time since last: 7871360 ns, Reaching safepoint: 1737292 ns, At safepoint: 127524 ns, Total: 1864816 ns
[2020-09-11T12:35:02.081+0000][1][safepoint    ] Safepoint "RevokeBias", Time since last: 50381987 ns, Reaching safepoint: 1561060 ns, At safepoint: 40643 ns, Total: 1601703 ns
[2020-09-11T12:35:02.094+0000][1][safepoint    ] Safepoint "RevokeBias", Time since last: 10389971 ns, Reaching safepoint: 2535634 ns, At safepoint: 29996 ns, Total: 2565630 ns
[2020-09-11T12:35:02.095+0000][1][safepoint    ] Safepoint "RevokeBias", Time since last: 178897 ns, Reaching safepoint: 83281 ns, At safepoint: 19382 ns, Total: 102663 ns
[2020-09-11T12:35:02.095+0000][1][safepoint    ] Safepoint "RevokeBias", Time since last: 39357 ns, Reaching safepoint: 152396 ns, At safepoint: 14705 ns, Total: 167101 ns
[2020-09-11T12:35:02.095+0000][1][safepoint    ] Safepoint "RevokeBias", Time since last: 61739 ns, Reaching safepoint: 80456 ns, At safepoint: 19970 ns, Total: 100426 ns
[2020-09-11T12:35:02.095+0000][1][safepoint    ] Safepoint "RevokeBias", Time since last: 166629 ns, Reaching safepoint: 217105 ns, At safepoint: 23421 ns, Total: 240526 ns
[2020-09-11T12:35:03.111+0000][1][safepoint    ] Safepoint "Cleanup", Time since last: 1000118360 ns, Reaching safepoint: 16065972 ns, At safepoint: 9275 ns, Total: 16075247 ns
[2020-09-11T12:35:03.333+0000][1][safepoint    ] Safepoint "RevokeBias", Time since last: 221397482 ns, Reaching safepoint: 105403 ns, At safepoint: 15109 ns, Total: 120512 ns
[2020-09-11T12:35:04.339+0000][1][safepoint    ] Safepoint "Cleanup", Time since last: 1006429573 ns, Reaching safepoint: 41810 ns, At safepoint: 6568 ns, Total: 48378 ns
[2020-09-11T12:35:04.773+0000][1][gc,start     ] GC(0) Pause Young (Allocation Failure)
[2020-09-11T12:35:04.773+0000][1][gc,task      ] GC(0) Using 1 workers of 1 for evacuation
[2020-09-11T12:35:04.838+0000][1][gc,age       ] GC(0) Desired survivor size 4358144 bytes, new threshold 1 (max threshold 6)
[2020-09-11T12:35:04.838+0000][1][gc,age       ] GC(0) Age table with threshold 1 (max threshold 6)
[2020-09-11T12:35:04.838+0000][1][gc,age       ] GC(0) - age   1:    6409472 bytes,    6409472 total
[2020-09-11T12:35:04.838+0000][1][gc,heap      ] GC(0) ParNew: 68160K->6292K(76672K)
[2020-09-11T12:35:04.838+0000][1][gc,heap      ] GC(0) CMS: 0K->0K(439104K)
[2020-09-11T12:35:04.838+0000][1][gc,metaspace ] GC(0) Metaspace: 13639K->13639K(1062912K)
[2020-09-11T12:35:04.838+0000][1][gc           ] GC(0) Pause Young (Allocation Failure) 66M->6M(503M) 64.708ms
[2020-09-11T12:35:04.838+0000][1][gc,cpu       ] GC(0) User=0.02s Sys=0.00s Real=0.07s
[2020-09-11T12:35:04.869+0000][1][safepoint    ] Safepoint "GenCollectForAllocation", Time since last: 433659388 ns, Reaching safepoint: 107766 ns, At safepoint: 96247756 ns, Total: 96355522 ns
[2020-09-11T12:35:04.882+0000][1][safepoint    ] Safepoint "RevokeBias", Time since last: 12720828 ns, Reaching safepoint: 23714 ns, At safepoint: 46814 ns, Total: 70528 ns
[2020-09-11T12:35:04.907+0000][1][safepoint    ] Safepoint "RevokeBias", Time since last: 24624372 ns, Reaching safepoint: 106870 ns, At safepoint: 26936 ns, Total: 133806 ns
[2020-09-11T12:35:04.908+0000][1][safepoint    ] Safepoint "RevokeBias", Time since last: 411720 ns, Reaching safepoint: 164993 ns, At safepoint: 22853 ns, Total: 187846 ns
[2020-09-11T12:35:04.908+0000][1][safepoint    ] Safepoint "RevokeBias", Time since last: 42054 ns, Reaching safepoint: 82662 ns, At safepoint: 20698 ns, Total: 103360 ns
[2020-09-11T12:35:04.908+0000][1][safepoint    ] Safepoint "RevokeBias", Time since last: 47886 ns, Reaching safepoint: 80906 ns, At safepoint: 19921 ns, Total: 100827 ns
[2020-09-11T12:35:04.908+0000][1][safepoint    ] Safepoint "RevokeBias", Time since last: 32010 ns, Reaching safepoint: 79826 ns, At safepoint: 18595 ns, Total: 98421 ns
[2020-09-11T12:35:04.908+0000][1][safepoint    ] Safepoint "RevokeBias", Time since last: 40684 ns, Reaching safepoint: 79616 ns, At safepoint: 19757 ns, Total: 99373 ns
[2020-09-11T12:35:04.908+0000][1][safepoint    ] Safepoint "RevokeBias", Time since last: 29854 ns, Reaching safepoint: 78169 ns, At safepoint: 17577 ns, Total: 95746 ns
[2020-09-11T12:35:04.915+0000][1][safepoint    ] Safepoint "RevokeBias", Time since last: 6798555 ns, Reaching safepoint: 99566 ns, At safepoint: 31089 ns, Total: 130655 ns
[2020-09-11T12:35:04.915+0000][1][safepoint    ] Safepoint "RevokeBias", Time since last: 75988 ns, Reaching safepoint: 79627 ns, At safepoint: 23159 ns, Total: 102786 ns
[2020-09-11T12:35:04.916+0000][1][safepoint    ] Safepoint "RevokeBias", Time since last: 58436 ns, Reaching safepoint: 83120 ns, At safepoint: 21521 ns, Total: 104641 ns
[2020-09-11T12:35:04.916+0000][1][safepoint    ] Safepoint "RevokeBias", Time since last: 33997 ns, Reaching safepoint: 80025 ns, At safepoint: 20613 ns, Total: 100638 ns
[2020-09-11T12:35:04.916+0000][1][safepoint    ] Safepoint "RevokeBias", Time since last: 65186 ns, Reaching safepoint: 78607 ns, At safepoint: 16585 ns, Total: 95192 ns
[2020-09-11T12:35:04.916+0000][1][safepoint    ] Safepoint "RevokeBias", Time since last: 28298 ns, Reaching safepoint: 77558 ns, At safepoint: 15325 ns, Total: 92883 ns
[2020-09-11T12:35:04.916+0000][1][safepoint    ] Safepoint "RevokeBias", Time since last: 49552 ns, Reaching safepoint: 76926 ns, At safepoint: 14392 ns, Total: 91318 ns
[2020-09-11T12:35:04.916+0000][1][safepoint    ] Safepoint "RevokeBias", Time since last: 27014 ns, Reaching safepoint: 75693 ns, At safepoint: 12780 ns, Total: 88473 ns
[2020-09-11T12:35:04.923+0000][1][safepoint    ] Safepoint "RevokeBias", Time since last: 186581 ns, Reaching safepoint: 6994272 ns, At safepoint: 33707 ns, Total: 7027979 ns
[2020-09-11T12:35:04.924+0000][1][safepoint    ] Safepoint "RevokeBias", Time since last: 67669 ns, Reaching safepoint: 88667 ns, At safepoint: 20508 ns, Total: 109175 ns
[2020-09-11T12:35:04.924+0000][1][safepoint    ] Safepoint "RevokeBias", Time since last: 61851 ns, Reaching safepoint: 83927 ns, At safepoint: 17765 ns, Total: 101692 ns
[2020-09-11T12:35:04.924+0000][1][safepoint    ] Safepoint "RevokeBias", Time since last: 33831 ns, Reaching safepoint: 80674 ns, At safepoint: 16778 ns, Total: 97452 ns
[2020-09-11T12:35:04.924+0000][1][safepoint    ] Safepoint "RevokeBias", Time since last: 62082 ns, Reaching safepoint: 81076 ns, At safepoint: 16291 ns, Total: 97367 ns
[2020-09-11T12:35:04.925+0000][1][safepoint    ] Safepoint "RevokeBias", Time since last: 465889 ns, Reaching safepoint: 82500 ns, At safepoint: 14769 ns, Total: 97269 ns
[2020-09-11T12:35:04.925+0000][1][safepoint    ] Safepoint "RevokeBias", Time since last: 117415 ns, Reaching safepoint: 80819 ns, At safepoint: 13562 ns, Total: 94381 ns
[2020-09-11T12:35:04.925+0000][1][safepoint    ] Safepoint "RevokeBias", Time since last: 30869 ns, Reaching safepoint: 79068 ns, At safepoint: 15794 ns, Total: 94862 ns
[2020-09-11T12:35:04.925+0000][1][safepoint    ] Safepoint "RevokeBias", Time since last: 40312 ns, Reaching safepoint: 78384 ns, At safepoint: 15391 ns, Total: 93775 ns
[2020-09-11T12:35:04.928+0000][1][safepoint    ] Safepoint "RevokeBias", Time since last: 2264372 ns, Reaching safepoint: 86157 ns, At safepoint: 21320 ns, Total: 107477 ns
[2020-09-11T12:35:04.930+0000][1][safepoint    ] Safepoint "RevokeBias", Time since last: 62725 ns, Reaching safepoint: 2576559 ns, At safepoint: 30955 ns, Total: 2607514 ns
[2020-09-11T12:35:04.930+0000][1][safepoint    ] Safepoint "RevokeBias", Time since last: 55473 ns, Reaching safepoint: 89431 ns, At safepoint: 19646 ns, Total: 109077 ns
[2020-09-11T12:35:04.932+0000][1][safepoint    ] Safepoint "RevokeBias", Time since last: 1047521 ns, Reaching safepoint: 86691 ns, At safepoint: 20591 ns, Total: 107282 ns
[2020-09-11T12:35:04.932+0000][1][safepoint    ] Safepoint "RevokeBias", Time since last: 38973 ns, Reaching safepoint: 81060 ns, At safepoint: 19423 ns, Total: 100483 ns
[2020-09-11T12:35:05.046+0000][1][safepoint    ] Safepoint "Deoptimize", Time since last: 114532641 ns, Reaching safepoint: 120826 ns, At safepoint: 183637 ns, Total: 304463 ns
[2020-09-11T12:35:06.050+0000][1][safepoint    ] Safepoint "Cleanup", Time since last: 1003183068 ns, Reaching safepoint: 601130 ns, At safepoint: 6916 ns, Total: 608046 ns
[2020-09-11T12:35:06.585+0000][1][safepoint    ] Safepoint "RevokeBias", Time since last: 534945099 ns, Reaching safepoint: 102955 ns, At safepoint: 33213 ns, Total: 136168 ns
[2020-09-11T12:35:07.588+0000][1][safepoint    ] Safepoint "Cleanup", Time since last: 1002068258 ns, Reaching safepoint: 109480 ns, At safepoint: 5432 ns, Total: 114912 ns
[2020-09-11T12:35:08.553+0000][1][safepoint    ] Safepoint "Deoptimize", Time since last: 964263295 ns, Reaching safepoint: 1130799 ns, At safepoint: 177367 ns, Total: 1308166 ns
[2020-09-11T12:35:09.358+0000][1][gc,start     ] GC(1) Pause Young (Allocation Failure)
[2020-09-11T12:35:09.358+0000][1][gc,task      ] GC(1) Using 1 workers of 1 for evacuation
[2020-09-11T12:35:09.538+0000][1][gc,age       ] GC(1) Desired survivor size 4358144 bytes, new threshold 6 (max threshold 6)
[2020-09-11T12:35:09.538+0000][1][gc,age       ] GC(1) Age table with threshold 6 (max threshold 6)
[2020-09-11T12:35:09.538+0000][1][gc,age       ] GC(1) - age   1:    3924960 bytes,    3924960 total
[2020-09-11T12:35:09.538+0000][1][gc,heap      ] GC(1) ParNew: 74452K->4175K(76672K)
[2020-09-11T12:35:09.538+0000][1][gc,heap      ] GC(1) CMS: 0K->6797K(439104K)
[2020-09-11T12:35:09.538+0000][1][gc,metaspace ] GC(1) Metaspace: 18912K->18912K(1067008K)
[2020-09-11T12:35:09.538+0000][1][gc           ] GC(1) Pause Young (Allocation Failure) 72M->10M(503M) 179.829ms
[2020-09-11T12:35:09.538+0000][1][gc,cpu       ] GC(1) User=0.05s Sys=0.00s Real=0.18s
[2020-09-11T12:35:09.555+0000][1][safepoint    ] Safepoint "GenCollectForAllocation", Time since last: 804677236 ns, Reaching safepoint: 132642 ns, At safepoint: 196908753 ns, Total: 197041395 ns
[2020-09-11T12:35:09.583+0000][1][safepoint    ] Safepoint "BulkRevokeBias", Time since last: 2989750 ns, Reaching safepoint: 5633739 ns, At safepoint: 19758105 ns, Total: 25391844 ns
[2020-09-11T12:35:09.584+0000][1][safepoint    ] Safepoint "RevokeBias", Time since last: 108545 ns, Reaching safepoint: 240706 ns, At safepoint: 537495 ns, Total: 778201 ns
[2020-09-11T12:35:09.584+0000][1][safepoint    ] Safepoint "RevokeBias", Time since last: 32128 ns, Reaching safepoint: 85800 ns, At safepoint: 46544 ns, Total: 132344 ns
[2020-09-11T12:35:09.584+0000][1][safepoint    ] Safepoint "RevokeBias", Time since last: 38080 ns, Reaching safepoint: 118282 ns, At safepoint: 41162 ns, Total: 159444 ns
[2020-09-11T12:35:09.585+0000][1][safepoint    ] Safepoint "RevokeBias", Time since last: 30586 ns, Reaching safepoint: 332293 ns, At safepoint: 351065 ns, Total: 683358 ns
[2020-09-11T12:35:09.587+0000][1][safepoint    ] Safepoint "Deoptimize", Time since last: 24118 ns, Reaching safepoint: 1600811 ns, At safepoint: 360419 ns, Total: 1961230 ns
[2020-09-11T12:35:09.588+0000][1][safepoint    ] Safepoint "RevokeBias", Time since last: 31547 ns, Reaching safepoint: 215149 ns, At safepoint: 1050245 ns, Total: 1265394 ns
[2020-09-11T12:35:09.600+0000][1][safepoint    ] Safepoint "RevokeBias", Time since last: 9283304 ns, Reaching safepoint: 1688090 ns, At safepoint: 476348 ns, Total: 2164438 ns
[2020-09-11T12:35:09.601+0000][1][safepoint    ] Safepoint "RevokeBias", Time since last: 50171 ns, Reaching safepoint: 699196 ns, At safepoint: 43030 ns, Total: 742226 ns
[2020-09-11T12:35:09.601+0000][1][safepoint    ] Safepoint "BulkRevokeBias", Time since last: 43919 ns, Reaching safepoint: 83587 ns, At safepoint: 74094 ns, Total: 157681 ns
[2020-09-11T12:35:09.601+0000][1][safepoint    ] Safepoint "BulkRevokeBias", Time since last: 36614 ns, Reaching safepoint: 83814 ns, At safepoint: 45157 ns, Total: 128971 ns
[2020-09-11T12:35:09.636+0000][1][safepoint    ] Safepoint "Deoptimize", Time since last: 32561731 ns, Reaching safepoint: 1807077 ns, At safepoint: 188624 ns, Total: 1995701 ns
[2020-09-11T12:35:10.661+0000][1][safepoint    ] Safepoint "Cleanup", Time since last: 1002517881 ns, Reaching safepoint: 22387805 ns, At safepoint: 11090 ns, Total: 22398895 ns
[2020-09-11T12:35:10.696+0000][1][safepoint    ] Safepoint "Deoptimize", Time since last: 34091700 ns, Reaching safepoint: 800084 ns, At safepoint: 195720 ns, Total: 995804 ns
[2020-09-11T12:35:10.698+0000][1][safepoint    ] Safepoint "RevokeBias", Time since last: 565228 ns, Reaching safepoint: 2061597 ns, At safepoint: 51177 ns, Total: 2112774 ns
[2020-09-11T12:35:10.702+0000][1][safepoint    ] Safepoint "Deoptimize", Time since last: 962360 ns, Reaching safepoint: 2860417 ns, At safepoint: 188110 ns, Total: 3048527 ns
[2020-09-11T12:35:11.722+0000][1][safepoint    ] Safepoint "Cleanup", Time since last: 1006206500 ns, Reaching safepoint: 13048083 ns, At safepoint: 8618 ns, Total: 13056701 ns
[2020-09-11T12:35:12.103+0000][1][safepoint    ] Safepoint "RevokeBias", Time since last: 381751764 ns, Reaching safepoint: 96913 ns, At safepoint: 37487 ns, Total: 134400 ns
[2020-09-11T12:35:12.123+0000][1][safepoint    ] Safepoint "RevokeBias", Time since last: 19110735 ns, Reaching safepoint: 98634 ns, At safepoint: 33555 ns, Total: 132189 ns
[2020-09-11T12:35:12.441+0000][1][safepoint    ] Safepoint "RevokeBias", Time since last: 314275983 ns, Reaching safepoint: 4457243 ns, At safepoint: 43075 ns, Total: 4500318 ns
[2020-09-11T12:35:12.457+0000][1][gc,start     ] GC(2) Pause Young (Allocation Failure)
[2020-09-11T12:35:12.457+0000][1][gc,task      ] GC(2) Using 1 workers of 1 for evacuation
[2020-09-11T12:35:12.477+0000][1][gc,age       ] GC(2) Desired survivor size 4358144 bytes, new threshold 6 (max threshold 6)
[2020-09-11T12:35:12.478+0000][1][gc,age       ] GC(2) Age table with threshold 6 (max threshold 6)
[2020-09-11T12:35:12.478+0000][1][gc,age       ] GC(2) - age   1:     462128 bytes,     462128 total
[2020-09-11T12:35:12.478+0000][1][gc,age       ] GC(2) - age   2:    3883528 bytes,    4345656 total
[2020-09-11T12:35:12.478+0000][1][gc,heap      ] GC(2) ParNew: 72335K->7850K(76672K)
[2020-09-11T12:35:12.478+0000][1][gc,heap      ] GC(2) CMS: 6797K->6797K(439104K)
[2020-09-11T12:35:12.478+0000][1][gc,metaspace ] GC(2) Metaspace: 19950K->19950K(1067008K)
[2020-09-11T12:35:12.478+0000][1][gc           ] GC(2) Pause Young (Allocation Failure) 77M->14M(503M) 21.062ms
[2020-09-11T12:35:12.478+0000][1][gc,cpu       ] GC(2) User=0.00s Sys=0.00s Real=0.02s
[2020-09-11T12:35:12.483+0000][1][safepoint    ] Safepoint "GenCollectForAllocation", Time since last: 5053783 ns, Reaching safepoint: 9953508 ns, At safepoint: 26078332 ns, Total: 36031840 ns
[2020-09-11T12:35:12.524+0000][1][safepoint    ] Safepoint "RevokeBias", Time since last: 40842330 ns, Reaching safepoint: 46360 ns, At safepoint: 87538 ns, Total: 133898 ns
[2020-09-11T12:35:12.540+0000][1][safepoint    ] Safepoint "RevokeBias", Time since last: 12823374 ns, Reaching safepoint: 3856250 ns, At safepoint: 47981 ns, Total: 3904231 ns
[2020-09-11T12:35:12.542+0000][1][safepoint    ] Safepoint "RevokeBias", Time since last: 120831 ns, Reaching safepoint: 1094282 ns, At safepoint: 24757 ns, Total: 1119039 ns
[2020-09-11T12:35:12.543+0000][1][safepoint    ] Safepoint "RevokeBias", Time since last: 48173 ns, Reaching safepoint: 1860536 ns, At safepoint: 25966 ns, Total: 1886502 ns
[2020-09-11T12:35:12.547+0000][1][safepoint    ] Safepoint "RevokeBias", Time since last: 53792 ns, Reaching safepoint: 3930522 ns, At safepoint: 36728 ns, Total: 3967250 ns
[2020-09-11T12:35:12.548+0000][1][safepoint    ] Safepoint "RevokeBias", Time since last: 74040 ns, Reaching safepoint: 82593 ns, At safepoint: 18800 ns, Total: 101393 ns
[2020-09-11T12:35:12.548+0000][1][safepoint    ] Safepoint "RevokeBias", Time since last: 384652 ns, Reaching safepoint: 86371 ns, At safepoint: 25987 ns, Total: 112358 ns
[2020-09-11T12:35:12.560+0000][1][safepoint    ] Safepoint "RevokeBias", Time since last: 11955883 ns, Reaching safepoint: 103399 ns, At safepoint: 39045 ns, Total: 142444 ns
[2020-09-11T12:35:13.567+0000][1][safepoint    ] Safepoint "Cleanup", Time since last: 1005959330 ns, Reaching safepoint: 458456 ns, At safepoint: 6426 ns, Total: 464882 ns
[2020-09-11T12:35:13.612+0000][1][gc,start     ] GC(3) Pause Young (Allocation Failure)
[2020-09-11T12:35:13.612+0000][1][gc,task      ] GC(3) Using 1 workers of 1 for evacuation
[2020-09-11T12:35:13.668+0000][1][gc,age       ] GC(3) Desired survivor size 4358144 bytes, new threshold 3 (max threshold 6)
[2020-09-11T12:35:13.669+0000][1][gc,age       ] GC(3) Age table with threshold 3 (max threshold 6)
[2020-09-11T12:35:13.669+0000][1][gc,age       ] GC(3) - age   1:    1991128 bytes,    1991128 total
[2020-09-11T12:35:13.669+0000][1][gc,age       ] GC(3) - age   2:     425208 bytes,    2416336 total
[2020-09-11T12:35:13.669+0000][1][gc,age       ] GC(3) - age   3:    3876872 bytes,    6293208 total
[2020-09-11T12:35:13.669+0000][1][gc,heap      ] GC(3) ParNew: 76010K->7698K(76672K)
[2020-09-11T12:35:13.669+0000][1][gc,heap      ] GC(3) CMS: 6797K->6797K(439104K)
[2020-09-11T12:35:13.669+0000][1][gc,metaspace ] GC(3) Metaspace: 20206K->20206K(1067008K)
[2020-09-11T12:35:13.669+0000][1][gc           ] GC(3) Pause Young (Allocation Failure) 80M->14M(503M) 56.461ms
[2020-09-11T12:35:13.669+0000][1][gc,cpu       ] GC(3) User=0.01s Sys=0.00s Real=0.06s
[2020-09-11T12:35:13.703+0000][1][safepoint    ] Safepoint "GenCollectForAllocation", Time since last: 45353855 ns, Reaching safepoint: 98264 ns, At safepoint: 91316453 ns, Total: 91414717 ns
[2020-09-11T12:35:13.732+0000][1][safepoint    ] Safepoint "RevokeBias", Time since last: 28004014 ns, Reaching safepoint: 102631 ns, At safepoint: 27285 ns, Total: 129916 ns
[2020-09-11T12:35:13.732+0000][1][safepoint    ] Safepoint "RevokeBias", Time since last: 524431 ns, Reaching safepoint: 84192 ns, At safepoint: 26104 ns, Total: 110296 ns
[2020-09-11T12:35:13.732+0000][1][safepoint    ] Safepoint "RevokeBias", Time since last: 46460 ns, Reaching safepoint: 79172 ns, At safepoint: 22678 ns, Total: 101850 ns
[2020-09-11T12:35:13.732+0000][1][safepoint    ] Safepoint "RevokeBias", Time since last: 28165 ns, Reaching safepoint: 78255 ns, At safepoint: 20967 ns, Total: 99222 ns
[2020-09-11T12:35:13.733+0000][1][safepoint    ] Safepoint "RevokeBias", Time since last: 31684 ns, Reaching safepoint: 77787 ns, At safepoint: 13657 ns, Total: 91444 ns
[2020-09-11T12:35:13.733+0000][1][safepoint    ] Safepoint "RevokeBias", Time since last: 26983 ns, Reaching safepoint: 77846 ns, At safepoint: 26817 ns, Total: 104663 ns
[2020-09-11T12:35:13.736+0000][1][safepoint    ] Safepoint "RevokeBias", Time since last: 2678933 ns, Reaching safepoint: 90258 ns, At safepoint: 24980 ns, Total: 115238 ns
[2020-09-11T12:35:13.736+0000][1][safepoint    ] Safepoint "RevokeBias", Time since last: 46923 ns, Reaching safepoint: 76981 ns, At safepoint: 15592 ns, Total: 92573 ns
[2020-09-11T12:35:14.622+0000][1][safepoint    ] Safepoint "CollectForMetadataAllocation", Time since last: 883737172 ns, Reaching safepoint: 2560735 ns, At safepoint: 352460 ns, Total: 2913195 ns
[2020-09-11T12:35:14.772+0000][1][safepoint    ] Safepoint "RevokeBias", Time since last: 149108434 ns, Reaching safepoint: 114945 ns, At safepoint: 19340 ns, Total: 134285 ns
[2020-09-11T12:35:14.810+0000][1][safepoint    ] Safepoint "CollectForMetadataAllocation", Time since last: 37969751 ns, Reaching safepoint: 108623 ns, At safepoint: 112936 ns, Total: 221559 ns
[2020-09-11T12:35:14.965+0000][1][gc,start     ] GC(4) Pause Young (Allocation Failure)
[2020-09-11T12:35:14.965+0000][1][gc,task      ] GC(4) Using 1 workers of 1 for evacuation
[2020-09-11T12:35:15.056+0000][1][gc,age       ] GC(4) Desired survivor size 4358144 bytes, new threshold 6 (max threshold 6)
[2020-09-11T12:35:15.056+0000][1][gc,age       ] GC(4) Age table with threshold 6 (max threshold 6)
[2020-09-11T12:35:15.056+0000][1][gc,age       ] GC(4) - age   1:    1586696 bytes,    1586696 total
[2020-09-11T12:35:15.056+0000][1][gc,age       ] GC(4) - age   2:     344544 bytes,    1931240 total
[2020-09-11T12:35:15.056+0000][1][gc,age       ] GC(4) - age   3:     425112 bytes,    2356352 total
[2020-09-11T12:35:15.056+0000][1][gc,heap      ] GC(4) ParNew: 75858K->5250K(76672K)
[2020-09-11T12:35:15.056+0000][1][gc,heap      ] GC(4) CMS: 6797K->10613K(439104K)
[2020-09-11T12:35:15.056+0000][1][gc,metaspace ] GC(4) Metaspace: 20766K->20766K(1069056K)
[2020-09-11T12:35:15.056+0000][1][gc           ] GC(4) Pause Young (Allocation Failure) 80M->15M(503M) 91.365ms
[2020-09-11T12:35:15.056+0000][1][gc,cpu       ] GC(4) User=0.03s Sys=0.00s Real=0.09s
[2020-09-11T12:35:15.056+0000][1][safepoint    ] Safepoint "GenCollectForAllocation", Time since last: 154706934 ns, Reaching safepoint: 106686 ns, At safepoint: 91437158 ns, Total: 91543844 ns
[2020-09-11T12:35:15.088+0000][1][gc,start     ] GC(5) Pause Initial Mark
[2020-09-11T12:35:15.090+0000][1][gc           ] GC(5) Pause Initial Mark 22M->22M(503M) 2.177ms
[2020-09-11T12:35:15.090+0000][1][gc,cpu       ] GC(5) User=0.00s Sys=0.00s Real=0.00s
[2020-09-11T12:35:15.090+0000][1][safepoint    ] Safepoint "BulkRevokeBias", Time since last: 32107857 ns, Reaching safepoint: 32972 ns, At safepoint: 2304739 ns, Total: 2337711 ns
[2020-09-11T12:35:15.117+0000][1][gc           ] GC(5) Concurrent Mark
[2020-09-11T12:35:15.148+0000][1][safepoint    ] Safepoint "RevokeBias", Time since last: 40967240 ns, Reaching safepoint: 16258298 ns, At safepoint: 37070 ns, Total: 16295368 ns
[2020-09-11T12:35:15.193+0000][1][safepoint    ] Safepoint "RevokeBias", Time since last: 15740549 ns, Reaching safepoint: 29163258 ns, At safepoint: 28757 ns, Total: 29192015 ns
[2020-09-11T12:35:15.212+0000][1][gc           ] GC(5) Concurrent Mark 94.993ms
[2020-09-11T12:35:15.212+0000][1][gc,cpu       ] GC(5) User=0.02s Sys=0.00s Real=0.09s
[2020-09-11T12:35:15.245+0000][1][safepoint    ] Safepoint "RevokeBias", Time since last: 18820452 ns, Reaching safepoint: 33036261 ns, At safepoint: 33420 ns, Total: 33069681 ns
[2020-09-11T12:35:15.245+0000][1][gc           ] GC(5) Concurrent Preclean
[2020-09-11T12:35:15.245+0000][1][gc           ] GC(5) Concurrent Preclean 0.640ms
[2020-09-11T12:35:15.245+0000][1][gc,cpu       ] GC(5) User=0.00s Sys=0.00s Real=0.00s
[2020-09-11T12:35:15.245+0000][1][gc           ] GC(5) Concurrent Abortable Preclean
[2020-09-11T12:35:15.273+0000][1][safepoint    ] Safepoint "RevokeBias", Time since last: 14937792 ns, Reaching safepoint: 13616521 ns, At safepoint: 31288 ns, Total: 13647809 ns
[2020-09-11T12:35:15.273+0000][1][safepoint    ] Safepoint "RevokeBias", Time since last: 69453 ns, Reaching safepoint: 9829 ns, At safepoint: 12594 ns, Total: 22423 ns
[2020-09-11T12:35:15.774+0000][1][safepoint    ] Safepoint "RevokeBias", Time since last: 500328806 ns, Reaching safepoint: 120370 ns, At safepoint: 20533 ns, Total: 140903 ns
[2020-09-11T12:35:15.816+0000][1][safepoint    ] Safepoint "Deoptimize", Time since last: 41543322 ns, Reaching safepoint: 61778 ns, At safepoint: 254833 ns, Total: 316611 ns
[2020-09-11T12:35:15.893+0000][1][safepoint    ] Safepoint "CollectForMetadataAllocation", Time since last: 76919241 ns, Reaching safepoint: 101080 ns, At safepoint: 69104 ns, Total: 170184 ns
[2020-09-11T12:35:16.380+0000][1][safepoint    ] Safepoint "Deoptimize", Time since last: 484222895 ns, Reaching safepoint: 2614768 ns, At safepoint: 222043 ns, Total: 2836811 ns
[2020-09-11T12:35:16.483+0000][1][safepoint    ] Safepoint "RevokeBias", Time since last: 99546358 ns, Reaching safepoint: 109622 ns, At safepoint: 3532418 ns, Total: 3642040 ns
[2020-09-11T12:35:16.523+0000][1][safepoint    ] Safepoint "RevokeBias", Time since last: 24424861 ns, Reaching safepoint: 16154939 ns, At safepoint: 34363 ns, Total: 16189302 ns
[2020-09-11T12:35:16.741+0000][1][gc,start     ] GC(6) Pause Young (Allocation Failure)
[2020-09-11T12:35:16.741+0000][1][gc,task      ] GC(6) Using 1 workers of 1 for evacuation
[2020-09-11T12:35:16.777+0000][1][gc           ] GC(5) Concurrent Abortable Preclean 1531.607ms
[2020-09-11T12:35:16.777+0000][1][gc,cpu       ] GC(5) User=0.37s Sys=0.01s Real=1.53s
[2020-09-11T12:35:16.777+0000][1][gc,age       ] GC(6) Desired survivor size 4358144 bytes, new threshold 6 (max threshold 6)
[2020-09-11T12:35:16.777+0000][1][gc,age       ] GC(6) Age table with threshold 6 (max threshold 6)
[2020-09-11T12:35:16.777+0000][1][gc,age       ] GC(6) - age   1:    2310952 bytes,    2310952 total
[2020-09-11T12:35:16.777+0000][1][gc,age       ] GC(6) - age   2:    1252896 bytes,    3563848 total
[2020-09-11T12:35:16.777+0000][1][gc,age       ] GC(6) - age   3:     344544 bytes,    3908392 total
[2020-09-11T12:35:16.777+0000][1][gc,age       ] GC(6) - age   4:     425112 bytes,    4333504 total
[2020-09-11T12:35:16.777+0000][1][gc,heap      ] GC(6) ParNew: 73410K->4351K(76672K)
[2020-09-11T12:35:16.777+0000][1][gc,heap      ] GC(6) CMS: 10613K->10613K(439104K)
[2020-09-11T12:35:16.777+0000][1][gc,metaspace ] GC(6) Metaspace: 21079K->21079K(1069056K)
[2020-09-11T12:35:16.777+0000][1][gc           ] GC(6) Pause Young (Allocation Failure) 82M->14M(503M) 36.574ms
[2020-09-11T12:35:16.777+0000][1][gc,cpu       ] GC(6) User=0.01s Sys=0.00s Real=0.04s
[2020-09-11T12:35:16.796+0000][1][safepoint    ] Safepoint "GenCollectForAllocation", Time since last: 215929511 ns, Reaching safepoint: 1264455 ns, At safepoint: 55001439 ns, Total: 56265894 ns
[2020-09-11T12:35:16.820+0000][1][gc,start     ] GC(5) Pause Remark
[2020-09-11T12:35:16.838+0000][1][gc           ] GC(5) Pause Remark 18M->18M(503M) 18.526ms
[2020-09-11T12:35:16.838+0000][1][gc,cpu       ] GC(5) User=0.00s Sys=0.00s Real=0.02s
[2020-09-11T12:35:16.891+0000][1][safepoint    ] Safepoint "CMS_Final_Remark", Time since last: 23751242 ns, Reaching safepoint: 418384 ns, At safepoint: 71547947 ns, Total: 71966331 ns
[2020-09-11T12:35:16.891+0000][1][gc           ] GC(5) Concurrent Sweep
[2020-09-11T12:35:16.894+0000][1][gc           ] GC(5) Concurrent Sweep 2.637ms
[2020-09-11T12:35:16.894+0000][1][gc,cpu       ] GC(5) User=0.01s Sys=0.00s Real=0.00s
[2020-09-11T12:35:16.894+0000][1][gc           ] GC(5) Concurrent Reset
[2020-09-11T12:35:16.895+0000][1][gc           ] GC(5) Concurrent Reset 0.608ms
[2020-09-11T12:35:16.895+0000][1][gc,cpu       ] GC(5) User=0.00s Sys=0.00s Real=0.00s
[2020-09-11T12:35:16.895+0000][1][gc,heap      ] GC(5) Old: 10613K->10612K(439104K)
[2020-09-11T12:35:16.904+0000][1][safepoint    ] Safepoint "RevokeBias", Time since last: 11671665 ns, Reaching safepoint: 625740 ns, At safepoint: 30544 ns, Total: 656284 ns
[2020-09-11T12:35:16.907+0000][1][safepoint    ] Safepoint "RevokeBias", Time since last: 73544 ns, Reaching safepoint: 3611032 ns, At safepoint: 29733 ns, Total: 3640765 ns
[2020-09-11T12:35:16.910+0000][1][safepoint    ] Safepoint "RevokeBias", Time since last: 45884 ns, Reaching safepoint: 2172487 ns, At safepoint: 33933 ns, Total: 2206420 ns
[2020-09-11T12:35:16.910+0000][1][safepoint    ] Safepoint "RevokeBias", Time since last: 74258 ns, Reaching safepoint: 86413 ns, At safepoint: 22937 ns, Total: 109350 ns
[2020-09-11T12:35:16.910+0000][1][safepoint    ] Safepoint "RevokeBias", Time since last: 29347 ns, Reaching safepoint: 80733 ns, At safepoint: 18556 ns, Total: 99289 ns
[2020-09-11T12:35:17.008+0000][1][safepoint    ] Safepoint "RevokeBias", Time since last: 97422991 ns, Reaching safepoint: 102160 ns, At safepoint: 35649 ns, Total: 137809 ns
[2020-09-11T12:35:17.025+0000][1][safepoint    ] Safepoint "RevokeBias", Time since last: 16946613 ns, Reaching safepoint: 99741 ns, At safepoint: 33613 ns, Total: 133354 ns
[2020-09-11T12:35:17.059+0000][1][safepoint    ] Safepoint "RevokeBias", Time since last: 30771727 ns, Reaching safepoint: 4024041 ns, At safepoint: 44777 ns, Total: 4068818 ns
[2020-09-11T12:35:17.405+0000][1][safepoint    ] Safepoint "RevokeBias", Time since last: 345569793 ns, Reaching safepoint: 114171 ns, At safepoint: 29105 ns, Total: 143276 ns
[2020-09-11T12:35:17.425+0000][1][safepoint    ] Safepoint "RevokeBias", Time since last: 19290071 ns, Reaching safepoint: 94806 ns, At safepoint: 30244 ns, Total: 125050 ns
[2020-09-11T12:35:17.650+0000][1][gc,start     ] GC(7) Pause Young (Allocation Failure)
[2020-09-11T12:35:17.651+0000][1][gc,task      ] GC(7) Using 1 workers of 1 for evacuation
[2020-09-11T12:35:17.717+0000][1][gc,age       ] GC(7) Desired survivor size 4358144 bytes, new threshold 5 (max threshold 6)
[2020-09-11T12:35:17.717+0000][1][gc,age       ] GC(7) Age table with threshold 5 (max threshold 6)
[2020-09-11T12:35:17.717+0000][1][gc,age       ] GC(7) - age   1:     886016 bytes,     886016 total
[2020-09-11T12:35:17.717+0000][1][gc,age       ] GC(7) - age   2:    1527632 bytes,    2413648 total
[2020-09-11T12:35:17.717+0000][1][gc,age       ] GC(7) - age   3:    1252352 bytes,    3666000 total
[2020-09-11T12:35:17.717+0000][1][gc,age       ] GC(7) - age   4:     344544 bytes,    4010544 total
[2020-09-11T12:35:17.717+0000][1][gc,age       ] GC(7) - age   5:     425000 bytes,    4435544 total
[2020-09-11T12:35:17.717+0000][1][gc,heap      ] GC(7) ParNew: 72511K->7435K(76672K)
[2020-09-11T12:35:17.717+0000][1][gc,heap      ] GC(7) CMS: 10612K->10612K(439104K)
[2020-09-11T12:35:17.717+0000][1][gc,metaspace ] GC(7) Metaspace: 21162K->21162K(1069056K)
[2020-09-11T12:35:17.717+0000][1][gc           ] GC(7) Pause Young (Allocation Failure) 81M->17M(503M) 66.275ms
[2020-09-11T12:35:17.717+0000][1][gc,cpu       ] GC(7) User=0.02s Sys=0.00s Real=0.07s
[2020-09-11T12:35:17.717+0000][1][safepoint    ] Safepoint "GenCollectForAllocation", Time since last: 225737436 ns, Reaching safepoint: 105993 ns, At safepoint: 66334505 ns, Total: 66440498 ns
[2020-09-11T12:35:17.757+0000][1][safepoint    ] Safepoint "RevokeBias", Time since last: 30621830 ns, Reaching safepoint: 9085518 ns, At safepoint: 32809 ns, Total: 9118327 ns
[2020-09-11T12:35:17.757+0000][1][safepoint    ] Safepoint "RevokeBias", Time since last: 74093 ns, Reaching safepoint: 79084 ns, At safepoint: 18748 ns, Total: 97832 ns
[2020-09-11T12:35:17.759+0000][1][safepoint    ] Safepoint "RevokeBias", Time since last: 44659 ns, Reaching safepoint: 2664773 ns, At safepoint: 26244 ns, Total: 2691017 ns
[2020-09-11T12:35:17.760+0000][1][safepoint    ] Safepoint "RevokeBias", Time since last: 45317 ns, Reaching safepoint: 78007 ns, At safepoint: 21745 ns, Total: 99752 ns
[2020-09-11T12:35:17.807+0000][1][safepoint    ] Safepoint "RevokeBias", Time since last: 44880360 ns, Reaching safepoint: 2956057 ns, At safepoint: 44462 ns, Total: 3000519 ns
[2020-09-11T12:35:17.835+0000][1][safepoint    ] Safepoint "RevokeBias", Time since last: 23943710 ns, Reaching safepoint: 3873952 ns, At safepoint: 38255 ns, Total: 3912207 ns
[2020-09-11T12:35:18.260+0000][1][safepoint    ] Safepoint "RevokeBias", Time since last: 424088568 ns, Reaching safepoint: 110951 ns, At safepoint: 38758 ns, Total: 149709 ns
[2020-09-11T12:35:18.290+0000][1][safepoint    ] Safepoint "RevokeBias", Time since last: 30518699 ns, Reaching safepoint: 98650 ns, At safepoint: 38065 ns, Total: 136715 ns
[2020-09-11T12:35:18.352+0000][1][safepoint    ] Safepoint "RevokeBias", Time since last: 61241250 ns, Reaching safepoint: 103606 ns, At safepoint: 45168 ns, Total: 148774 ns
[2020-09-11T12:35:18.595+0000][1][gc,start     ] GC(8) Pause Young (Allocation Failure)
[2020-09-11T12:35:18.595+0000][1][gc,task      ] GC(8) Using 1 workers of 1 for evacuation
[2020-09-11T12:35:18.634+0000][1][gc,age       ] GC(8) Desired survivor size 4358144 bytes, new threshold 4 (max threshold 6)
[2020-09-11T12:35:18.634+0000][1][gc,age       ] GC(8) Age table with threshold 4 (max threshold 6)
[2020-09-11T12:35:18.634+0000][1][gc,age       ] GC(8) - age   1:    1676208 bytes,    1676208 total
[2020-09-11T12:35:18.634+0000][1][gc,age       ] GC(8) - age   2:     445896 bytes,    2122104 total
[2020-09-11T12:35:18.634+0000][1][gc,age       ] GC(8) - age   3:    1525696 bytes,    3647800 total
[2020-09-11T12:35:18.634+0000][1][gc,age       ] GC(8) - age   4:    1251696 bytes,    4899496 total
[2020-09-11T12:35:18.634+0000][1][gc,age       ] GC(8) - age   5:     344544 bytes,    5244040 total
[2020-09-11T12:35:18.634+0000][1][gc,heap      ] GC(8) ParNew: 75595K->7661K(76672K)
[2020-09-11T12:35:18.634+0000][1][gc,heap      ] GC(8) CMS: 10612K->11031K(439104K)
[2020-09-11T12:35:18.634+0000][1][gc,metaspace ] GC(8) Metaspace: 21351K->21351K(1069056K)
[2020-09-11T12:35:18.634+0000][1][gc           ] GC(8) Pause Young (Allocation Failure) 84M->18M(503M) 39.110ms
[2020-09-11T12:35:18.634+0000][1][gc,cpu       ] GC(8) User=0.01s Sys=0.00s Real=0.04s
[2020-09-11T12:35:18.655+0000][1][safepoint    ] Safepoint "GenCollectForAllocation", Time since last: 243190232 ns, Reaching safepoint: 100408 ns, At safepoint: 60524370 ns, Total: 60624778 ns
[2020-09-11T12:35:18.688+0000][1][safepoint    ] Safepoint "RevokeBias", Time since last: 32010019 ns, Reaching safepoint: 228150 ns, At safepoint: 36207 ns, Total: 264357 ns
[2020-09-11T12:35:18.688+0000][1][safepoint    ] Safepoint "RevokeBias", Time since last: 70357 ns, Reaching safepoint: 82372 ns, At safepoint: 16818 ns, Total: 99190 ns
[2020-09-11T12:35:18.688+0000][1][safepoint    ] Safepoint "RevokeBias", Time since last: 47823 ns, Reaching safepoint: 79983 ns, At safepoint: 15595 ns, Total: 95578 ns
[2020-09-11T12:35:18.688+0000][1][safepoint    ] Safepoint "RevokeBias", Time since last: 28861 ns, Reaching safepoint: 80609 ns, At safepoint: 15347 ns, Total: 95956 ns
[2020-09-11T12:35:18.749+0000][1][safepoint    ] Safepoint "RevokeBias", Time since last: 60593393 ns, Reaching safepoint: 93899 ns, At safepoint: 32653 ns, Total: 126552 ns
[2020-09-11T12:35:18.787+0000][1][safepoint    ] Safepoint "RevokeBias", Time since last: 37576231 ns, Reaching safepoint: 102555 ns, At safepoint: 48742 ns, Total: 151297 ns
[2020-09-11T12:35:19.048+0000][1][safepoint    ] Safepoint "RevokeBias", Time since last: 260855055 ns, Reaching safepoint: 107242 ns, At safepoint: 38846 ns, Total: 146088 ns
[2020-09-11T12:35:19.059+0000][1][safepoint    ] Safepoint "RevokeBias", Time since last: 11145227 ns, Reaching safepoint: 99297 ns, At safepoint: 30665 ns, Total: 129962 ns
[2020-09-11T12:35:19.372+0000][1][safepoint    ] Safepoint "RevokeBias", Time since last: 309898606 ns, Reaching safepoint: 2705217 ns, At safepoint: 46785 ns, Total: 2752002 ns
[2020-09-11T12:35:19.407+0000][1][safepoint    ] Safepoint "RevokeBias", Time since last: 31899350 ns, Reaching safepoint: 3225594 ns, At safepoint: 33528 ns, Total: 3259122 ns
[2020-09-11T12:35:19.414+0000][1][gc,start     ] GC(9) Pause Young (Allocation Failure)
[2020-09-11T12:35:19.414+0000][1][gc,task      ] GC(9) Using 1 workers of 1 for evacuation
[2020-09-11T12:35:19.434+0000][1][gc,age       ] GC(9) Desired survivor size 4358144 bytes, new threshold 6 (max threshold 6)
[2020-09-11T12:35:19.434+0000][1][gc,age       ] GC(9) Age table with threshold 6 (max threshold 6)
[2020-09-11T12:35:19.434+0000][1][gc,age       ] GC(9) - age   1:     163216 bytes,     163216 total
[2020-09-11T12:35:19.434+0000][1][gc,age       ] GC(9) - age   2:     829432 bytes,     992648 total
[2020-09-11T12:35:19.434+0000][1][gc,age       ] GC(9) - age   3:     445816 bytes,    1438464 total
[2020-09-11T12:35:19.434+0000][1][gc,age       ] GC(9) - age   4:    1525696 bytes,    2964160 total
[2020-09-11T12:35:19.434+0000][1][gc,heap      ] GC(9) ParNew: 75821K->4479K(76672K)
[2020-09-11T12:35:19.434+0000][1][gc,heap      ] GC(9) CMS: 11031K->12608K(439104K)
[2020-09-11T12:35:19.434+0000][1][gc,metaspace ] GC(9) Metaspace: 21462K->21462K(1069056K)
[2020-09-11T12:35:19.434+0000][1][gc           ] GC(9) Pause Young (Allocation Failure) 84M->16M(503M) 20.241ms
[2020-09-11T12:35:19.434+0000][1][gc,cpu       ] GC(9) User=0.01s Sys=0.00s Real=0.02s
[2020-09-11T12:35:19.459+0000][1][safepoint    ] Safepoint "GenCollectForAllocation", Time since last: 1113860 ns, Reaching safepoint: 5915464 ns, At safepoint: 45739555 ns, Total: 51655019 ns
[2020-09-11T12:35:19.477+0000][1][safepoint    ] Safepoint "RevokeBias", Time since last: 16042916 ns, Reaching safepoint: 1340971 ns, At safepoint: 37140 ns, Total: 1378111 ns
[2020-09-11T12:35:19.477+0000][1][safepoint    ] Safepoint "RevokeBias", Time since last: 54113 ns, Reaching safepoint: 82913 ns, At safepoint: 23736 ns, Total: 106649 ns
[2020-09-11T12:35:19.477+0000][1][safepoint    ] Safepoint "RevokeBias", Time since last: 33697 ns, Reaching safepoint: 80599 ns, At safepoint: 22484 ns, Total: 103083 ns
[2020-09-11T12:35:19.477+0000][1][safepoint    ] Safepoint "RevokeBias", Time since last: 23109 ns, Reaching safepoint: 79720 ns, At safepoint: 22521 ns, Total: 102241 ns
[2020-09-11T12:35:19.620+0000][1][safepoint    ] Safepoint "RevokeBias", Time since last: 142426624 ns, Reaching safepoint: 93760 ns, At safepoint: 71434 ns, Total: 165194 ns
[2020-09-11T12:35:19.652+0000][1][safepoint    ] Safepoint "RevokeBias", Time since last: 31561881 ns, Reaching safepoint: 99336 ns, At safepoint: 50649 ns, Total: 149985 ns
[2020-09-11T12:35:19.708+0000][1][safepoint    ] Safepoint "RevokeBias", Time since last: 56712851 ns, Reaching safepoint: 104568 ns, At safepoint: 16490 ns, Total: 121058 ns
[2020-09-11T12:35:19.709+0000][1][safepoint    ] Safepoint "RevokeBias", Time since last: 398007 ns, Reaching safepoint: 81162 ns, At safepoint: 8817 ns, Total: 89979 ns
[2020-09-11T12:35:19.888+0000][1][safepoint    ] Safepoint "RevokeBias", Time since last: 178762237 ns, Reaching safepoint: 99937 ns, At safepoint: 30613 ns, Total: 130550 ns
[2020-09-11T12:35:19.933+0000][1][safepoint    ] Safepoint "RevokeBias", Time since last: 45518997 ns, Reaching safepoint: 99856 ns, At safepoint: 29033 ns, Total: 128889 ns
[2020-09-11T12:35:19.960+0000][1][safepoint    ] Safepoint "RevokeBias", Time since last: 26015517 ns, Reaching safepoint: 100675 ns, At safepoint: 36421 ns, Total: 137096 ns
[2020-09-11T12:35:20.193+0000][1][safepoint    ] Safepoint "RevokeBias", Time since last: 233342738 ns, Reaching safepoint: 100937 ns, At safepoint: 35796 ns, Total: 136733 ns
[2020-09-11T12:35:20.208+0000][1][safepoint    ] Safepoint "RevokeBias", Time since last: 14361519 ns, Reaching safepoint: 104216 ns, At safepoint: 36094 ns, Total: 140310 ns
[2020-09-11T12:35:20.237+0000][1][gc,start     ] GC(10) Pause Young (Allocation Failure)
[2020-09-11T12:35:20.237+0000][1][gc,task      ] GC(10) Using 1 workers of 1 for evacuation
[2020-09-11T12:35:20.255+0000][1][gc,age       ] GC(10) Desired survivor size 4358144 bytes, new threshold 6 (max threshold 6)
[2020-09-11T12:35:20.255+0000][1][gc,age       ] GC(10) Age table with threshold 6 (max threshold 6)
[2020-09-11T12:35:20.255+0000][1][gc,age       ] GC(10) - age   1:     440688 bytes,     440688 total
[2020-09-11T12:35:20.255+0000][1][gc,age       ] GC(10) - age   2:     124496 bytes,     565184 total
[2020-09-11T12:35:20.255+0000][1][gc,age       ] GC(10) - age   3:     829432 bytes,    1394616 total
[2020-09-11T12:35:20.255+0000][1][gc,age       ] GC(10) - age   4:     445792 bytes,    1840408 total
[2020-09-11T12:35:20.255+0000][1][gc,age       ] GC(10) - age   5:    1525696 bytes,    3366104 total
[2020-09-11T12:35:20.255+0000][1][gc,heap      ] GC(10) ParNew: 72639K->3290K(76672K)
[2020-09-11T12:35:20.255+0000][1][gc,heap      ] GC(10) CMS: 12608K->12608K(439104K)
[2020-09-11T12:35:20.255+0000][1][gc,metaspace ] GC(10) Metaspace: 21596K->21596K(1069056K)
[2020-09-11T12:35:20.255+0000][1][gc           ] GC(10) Pause Young (Allocation Failure) 83M->15M(503M) 18.138ms
[2020-09-11T12:35:20.255+0000][1][gc,cpu       ] GC(10) User=0.00s Sys=0.00s Real=0.01s
[2020-09-11T12:35:20.279+0000][1][safepoint    ] Safepoint "GenCollectForAllocation", Time since last: 29200147 ns, Reaching safepoint: 96186 ns, At safepoint: 42543693 ns, Total: 42639879 ns
[2020-09-11T12:35:20.310+0000][1][safepoint    ] Safepoint "RevokeBias", Time since last: 28012294 ns, Reaching safepoint: 2152651 ns, At safepoint: 31368 ns, Total: 2184019 ns
[2020-09-11T12:35:20.311+0000][1][safepoint    ] Safepoint "RevokeBias", Time since last: 67479 ns, Reaching safepoint: 1675503 ns, At safepoint: 51438 ns, Total: 1726941 ns
[2020-09-11T12:35:20.314+0000][1][safepoint    ] Safepoint "BulkRevokeBias", Time since last: 56154 ns, Reaching safepoint: 2046563 ns, At safepoint: 53083 ns, Total: 2099646 ns
[2020-09-11T12:35:20.315+0000][1][safepoint    ] Safepoint "BulkRevokeBias", Time since last: 50986 ns, Reaching safepoint: 1786042 ns, At safepoint: 40821 ns, Total: 1826863 ns
[2020-09-11T12:35:20.441+0000][1][safepoint    ] Safepoint "RevokeBias", Time since last: 125039291 ns, Reaching safepoint: 94304 ns, At safepoint: 32373 ns, Total: 126677 ns
[2020-09-11T12:35:20.468+0000][1][safepoint    ] Safepoint "RevokeBias", Time since last: 27073478 ns, Reaching safepoint: 94487 ns, At safepoint: 30268 ns, Total: 124755 ns
[2020-09-11T12:35:21.052+0000][1][safepoint    ] Safepoint "RevokeBias", Time since last: 583612878 ns, Reaching safepoint: 110391 ns, At safepoint: 40285 ns, Total: 150676 ns
[2020-09-11T12:35:21.063+0000][1][safepoint    ] Safepoint "RevokeBias", Time since last: 7870872 ns, Reaching safepoint: 3962789 ns, At safepoint: 37476 ns, Total: 4000265 ns
[2020-09-11T12:35:21.118+0000][1][safepoint    ] Safepoint "RevokeBias", Time since last: 54145399 ns, Reaching safepoint: 94525 ns, At safepoint: 34417 ns, Total: 128942 ns
[2020-09-11T12:35:21.125+0000][1][safepoint    ] Safepoint "RevokeBias", Time since last: 6847461 ns, Reaching safepoint: 98379 ns, At safepoint: 35922 ns, Total: 134301 ns
[2020-09-11T12:35:21.151+0000][1][safepoint    ] Safepoint "RevokeBias", Time since last: 25721216 ns, Reaching safepoint: 104732 ns, At safepoint: 35407 ns, Total: 140139 ns
[2020-09-11T12:35:21.363+0000][1][safepoint    ] Safepoint "RevokeBias", Time since last: 211826090 ns, Reaching safepoint: 106492 ns, At safepoint: 78017 ns, Total: 184509 ns
[2020-09-11T12:35:21.368+0000][1][safepoint    ] Safepoint "RevokeBias", Time since last: 5570671 ns, Reaching safepoint: 92245 ns, At safepoint: 101943 ns, Total: 194188 ns
[2020-09-11T12:35:21.496+0000][1][gc,start     ] GC(11) Pause Young (Allocation Failure)
[2020-09-11T12:35:21.496+0000][1][gc,task      ] GC(11) Using 1 workers of 1 for evacuation
[2020-09-11T12:35:21.563+0000][1][gc,age       ] GC(11) Desired survivor size 4358144 bytes, new threshold 6 (max threshold 6)
[2020-09-11T12:35:21.563+0000][1][gc,age       ] GC(11) Age table with threshold 6 (max threshold 6)
[2020-09-11T12:35:21.563+0000][1][gc,age       ] GC(11) - age   1:    2207032 bytes,    2207032 total
[2020-09-11T12:35:21.563+0000][1][gc,age       ] GC(11) - age   2:     419208 bytes,    2626240 total
[2020-09-11T12:35:21.563+0000][1][gc,age       ] GC(11) - age   3:     124392 bytes,    2750632 total
[2020-09-11T12:35:21.563+0000][1][gc,age       ] GC(11) - age   4:     829432 bytes,    3580064 total
[2020-09-11T12:35:21.563+0000][1][gc,age       ] GC(11) - age   5:     445792 bytes,    4025856 total
[2020-09-11T12:35:21.563+0000][1][gc,age       ] GC(11) - age   6:    1525384 bytes,    5551240 total
[2020-09-11T12:35:21.563+0000][1][gc,heap      ] GC(11) ParNew: 71450K->6576K(76672K)
[2020-09-11T12:35:21.563+0000][1][gc,heap      ] GC(11) CMS: 12608K->12608K(439104K)
[2020-09-11T12:35:21.563+0000][1][gc,metaspace ] GC(11) Metaspace: 22509K->22509K(1071104K)
[2020-09-11T12:35:21.563+0000][1][gc           ] GC(11) Pause Young (Allocation Failure) 82M->18M(503M) 66.496ms
[2020-09-11T12:35:21.563+0000][1][gc,cpu       ] GC(11) User=0.02s Sys=0.00s Real=0.06s
[2020-09-11T12:35:21.575+0000][1][safepoint    ] Safepoint "GenCollectForAllocation", Time since last: 127849059 ns, Reaching safepoint: 96490 ns, At safepoint: 79158237 ns, Total: 79254727 ns
[2020-09-11T12:35:22.248+0000][1][gc,start     ] GC(12) Pause Young (Allocation Failure)
[2020-09-11T12:35:22.248+0000][1][gc,task      ] GC(12) Using 1 workers of 1 for evacuation
[2020-09-11T12:35:22.314+0000][1][gc,age       ] GC(12) Desired survivor size 4358144 bytes, new threshold 6 (max threshold 6)
[2020-09-11T12:35:22.314+0000][1][gc,age       ] GC(12) Age table with threshold 6 (max threshold 6)
[2020-09-11T12:35:22.314+0000][1][gc,age       ] GC(12) - age   1:     709784 bytes,     709784 total
[2020-09-11T12:35:22.314+0000][1][gc,age       ] GC(12) - age   2:     551312 bytes,    1261096 total
[2020-09-11T12:35:22.314+0000][1][gc,age       ] GC(12) - age   3:     418384 bytes,    1679480 total
[2020-09-11T12:35:22.314+0000][1][gc,age       ] GC(12) - age   4:     124288 bytes,    1803768 total
[2020-09-11T12:35:22.314+0000][1][gc,age       ] GC(12) - age   5:     829288 bytes,    2633056 total
[2020-09-11T12:35:22.314+0000][1][gc,age       ] GC(12) - age   6:     445648 bytes,    3078704 total
[2020-09-11T12:35:22.314+0000][1][gc,heap      ] GC(12) ParNew: 74736K->4887K(76672K)
[2020-09-11T12:35:22.314+0000][1][gc,heap      ] GC(12) CMS: 12608K->14110K(439104K)
[2020-09-11T12:35:22.314+0000][1][gc,metaspace ] GC(12) Metaspace: 22539K->22539K(1071104K)
[2020-09-11T12:35:22.314+0000][1][gc           ] GC(12) Pause Young (Allocation Failure) 85M->18M(503M) 66.359ms
[2020-09-11T12:35:22.314+0000][1][gc,cpu       ] GC(12) User=0.01s Sys=0.00s Real=0.06s
[2020-09-11T12:35:22.323+0000][1][safepoint    ] Safepoint "GenCollectForAllocation", Time since last: 671994474 ns, Reaching safepoint: 106771 ns, At safepoint: 75866318 ns, Total: 75973089 ns
[2020-09-11T12:35:22.956+0000][1][gc,start     ] GC(13) Pause Young (Allocation Failure)
[2020-09-11T12:35:22.956+0000][1][gc,task      ] GC(13) Using 1 workers of 1 for evacuation
[2020-09-11T12:35:23.005+0000][1][gc,age       ] GC(13) Desired survivor size 4358144 bytes, new threshold 6 (max threshold 6)
[2020-09-11T12:35:23.005+0000][1][gc,age       ] GC(13) Age table with threshold 6 (max threshold 6)
[2020-09-11T12:35:23.005+0000][1][gc,age       ] GC(13) - age   1:    1904960 bytes,    1904960 total
[2020-09-11T12:35:23.005+0000][1][gc,age       ] GC(13) - age   2:     203352 bytes,    2108312 total
[2020-09-11T12:35:23.005+0000][1][gc,age       ] GC(13) - age   3:     551200 bytes,    2659512 total
[2020-09-11T12:35:23.005+0000][1][gc,age       ] GC(13) - age   4:     418384 bytes,    3077896 total
[2020-09-11T12:35:23.005+0000][1][gc,age       ] GC(13) - age   5:     124288 bytes,    3202184 total
[2020-09-11T12:35:23.005+0000][1][gc,age       ] GC(13) - age   6:     829288 bytes,    4031472 total
[2020-09-11T12:35:23.005+0000][1][gc,heap      ] GC(13) ParNew: 73047K->6953K(76672K)
[2020-09-11T12:35:23.005+0000][1][gc,heap      ] GC(13) CMS: 14110K->14548K(439104K)
[2020-09-11T12:35:23.005+0000][1][gc,metaspace ] GC(13) Metaspace: 22641K->22641K(1071104K)
[2020-09-11T12:35:23.005+0000][1][gc           ] GC(13) Pause Young (Allocation Failure) 85M->20M(503M) 49.668ms
[2020-09-11T12:35:23.005+0000][1][gc,cpu       ] GC(13) User=0.02s Sys=0.00s Real=0.05s
[2020-09-11T12:35:23.019+0000][1][safepoint    ] Safepoint "GenCollectForAllocation", Time since last: 632016481 ns, Reaching safepoint: 111878 ns, At safepoint: 63893121 ns, Total: 64004999 ns
[2020-09-11T12:35:23.775+0000][1][gc,start     ] GC(14) Pause Young (Allocation Failure)
[2020-09-11T12:35:23.775+0000][1][gc,task      ] GC(14) Using 1 workers of 1 for evacuation
[2020-09-11T12:35:23.797+0000][1][gc,age       ] GC(14) Desired survivor size 4358144 bytes, new threshold 6 (max threshold 6)
[2020-09-11T12:35:23.797+0000][1][gc,age       ] GC(14) Age table with threshold 6 (max threshold 6)
[2020-09-11T12:35:23.797+0000][1][gc,age       ] GC(14) - age   1:     832312 bytes,     832312 total
[2020-09-11T12:35:23.797+0000][1][gc,age       ] GC(14) - age   2:     103416 bytes,     935728 total
[2020-09-11T12:35:23.797+0000][1][gc,age       ] GC(14) - age   3:     203352 bytes,    1139080 total
[2020-09-11T12:35:23.797+0000][1][gc,age       ] GC(14) - age   4:     551200 bytes,    1690280 total
[2020-09-11T12:35:23.797+0000][1][gc,age       ] GC(14) - age   5:     418384 bytes,    2108664 total
[2020-09-11T12:35:23.797+0000][1][gc,age       ] GC(14) - age   6:     124288 bytes,    2232952 total
[2020-09-11T12:35:23.797+0000][1][gc,heap      ] GC(14) ParNew: 75113K->2345K(76672K)
[2020-09-11T12:35:23.797+0000][1][gc,heap      ] GC(14) CMS: 14548K->15364K(439104K)
[2020-09-11T12:35:23.797+0000][1][gc,metaspace ] GC(14) Metaspace: 22721K->22721K(1071104K)
[2020-09-11T12:35:23.797+0000][1][gc           ] GC(14) Pause Young (Allocation Failure) 87M->17M(503M) 22.489ms
[2020-09-11T12:35:23.797+0000][1][gc,cpu       ] GC(14) User=0.01s Sys=0.00s Real=0.03s
[2020-09-11T12:35:23.827+0000][1][safepoint    ] Safepoint "GenCollectForAllocation", Time since last: 753033299 ns, Reaching safepoint: 2292200 ns, At safepoint: 52150471 ns, Total: 54442671 ns
[2020-09-11T12:35:24.460+0000][1][gc,start     ] GC(15) Pause Young (Allocation Failure)
[2020-09-11T12:35:24.460+0000][1][gc,task      ] GC(15) Using 1 workers of 1 for evacuation
[2020-09-11T12:35:24.477+0000][1][gc,age       ] GC(15) Desired survivor size 4358144 bytes, new threshold 6 (max threshold 6)
[2020-09-11T12:35:24.477+0000][1][gc,age       ] GC(15) Age table with threshold 6 (max threshold 6)
[2020-09-11T12:35:24.477+0000][1][gc,age       ] GC(15) - age   1:     191760 bytes,     191760 total
[2020-09-11T12:35:24.477+0000][1][gc,age       ] GC(15) - age   2:     314664 bytes,     506424 total
[2020-09-11T12:35:24.477+0000][1][gc,age       ] GC(15) - age   3:     103416 bytes,     609840 total
[2020-09-11T12:35:24.477+0000][1][gc,age       ] GC(15) - age   4:     203352 bytes,     813192 total
[2020-09-11T12:35:24.477+0000][1][gc,age       ] GC(15) - age   5:     551200 bytes,    1364392 total
[2020-09-11T12:35:24.477+0000][1][gc,age       ] GC(15) - age   6:     418384 bytes,    1782776 total
[2020-09-11T12:35:24.477+0000][1][gc,heap      ] GC(15) ParNew: 70505K->2221K(76672K)
[2020-09-11T12:35:24.477+0000][1][gc,heap      ] GC(15) CMS: 15364K->15490K(439104K)
[2020-09-11T12:35:24.477+0000][1][gc,metaspace ] GC(15) Metaspace: 22806K->22806K(1071104K)
[2020-09-11T12:35:24.478+0000][1][gc           ] GC(15) Pause Young (Allocation Failure) 83M->17M(503M) 17.541ms
[2020-09-11T12:35:24.478+0000][1][gc,cpu       ] GC(15) User=0.01s Sys=0.00s Real=0.02s
[2020-09-11T12:35:24.497+0000][1][safepoint    ] Safepoint "GenCollectForAllocation", Time since last: 632537209 ns, Reaching safepoint: 514874 ns, At safepoint: 36964630 ns, Total: 37479504 ns
[2020-09-11T12:35:25.075+0000][1][gc,start     ] GC(16) Pause Young (Allocation Failure)
[2020-09-11T12:35:25.076+0000][1][gc,task      ] GC(16) Using 1 workers of 1 for evacuation
[2020-09-11T12:35:25.108+0000][1][gc,age       ] GC(16) Desired survivor size 4358144 bytes, new threshold 6 (max threshold 6)
[2020-09-11T12:35:25.108+0000][1][gc,age       ] GC(16) Age table with threshold 6 (max threshold 6)
[2020-09-11T12:35:25.108+0000][1][gc,age       ] GC(16) - age   1:    1815104 bytes,    1815104 total
[2020-09-11T12:35:25.108+0000][1][gc,age       ] GC(16) - age   2:     163312 bytes,    1978416 total
[2020-09-11T12:35:25.108+0000][1][gc,age       ] GC(16) - age   3:     314664 bytes,    2293080 total
[2020-09-11T12:35:25.108+0000][1][gc,age       ] GC(16) - age   4:     103416 bytes,    2396496 total
[2020-09-11T12:35:25.108+0000][1][gc,age       ] GC(16) - age   5:     203200 bytes,    2599696 total
[2020-09-11T12:35:25.108+0000][1][gc,age       ] GC(16) - age   6:     551200 bytes,    3150896 total
[2020-09-11T12:35:25.108+0000][1][gc,heap      ] GC(16) ParNew: 70381K->3722K(76672K)
[2020-09-11T12:35:25.108+0000][1][gc,heap      ] GC(16) CMS: 15490K->15904K(439104K)
[2020-09-11T12:35:25.108+0000][1][gc,metaspace ] GC(16) Metaspace: 22824K->22824K(1071104K)
[2020-09-11T12:35:25.108+0000][1][gc           ] GC(16) Pause Young (Allocation Failure) 83M->19M(503M) 32.494ms
[2020-09-11T12:35:25.108+0000][1][gc,cpu       ] GC(16) User=0.01s Sys=0.00s Real=0.03s
[2020-09-11T12:35:25.123+0000][1][safepoint    ] Safepoint "GenCollectForAllocation", Time since last: 574513285 ns, Reaching safepoint: 4024567 ns, At safepoint: 47968907 ns, Total: 51993474 ns
[2020-09-11T12:35:25.248+0000][1][safepoint    ] Safepoint "Deoptimize", Time since last: 124006936 ns, Reaching safepoint: 112541 ns, At safepoint: 218990 ns, Total: 331531 ns
[2020-09-11T12:35:26.264+0000][1][safepoint    ] Safepoint "Cleanup", Time since last: 1006197545 ns, Reaching safepoint: 9519923 ns, At safepoint: 13142 ns, Total: 9533065 ns
[2020-09-11T12:35:26.998+0000][1][safepoint    ] Safepoint "RevokeBias", Time since last: 734055980 ns, Reaching safepoint: 241674 ns, At safepoint: 19766 ns, Total: 261440 ns
[2020-09-11T12:35:26.999+0000][1][safepoint    ] Safepoint "RevokeBias", Time since last: 88020 ns, Reaching safepoint: 884350 ns, At safepoint: 11967 ns, Total: 896317 ns
[2020-09-11T12:35:28.003+0000][1][safepoint    ] Safepoint "Cleanup", Time since last: 1000094095 ns, Reaching safepoint: 3954148 ns, At safepoint: 15980 ns, Total: 3970128 ns
[2020-09-11T12:35:28.772+0000][1][safepoint    ] Safepoint "Deoptimize", Time since last: 768548642 ns, Reaching safepoint: 118589 ns, At safepoint: 237643 ns, Total: 356232 ns
[2020-09-11T12:35:29.778+0000][1][safepoint    ] Safepoint "Cleanup", Time since last: 1005486739 ns, Reaching safepoint: 259304 ns, At safepoint: 9179 ns, Total: 268483 ns
[2020-09-11T12:35:30.778+0000][1][safepoint    ] Safepoint "Cleanup", Time since last: 1000132177 ns, Reaching safepoint: 54101 ns, At safepoint: 6272 ns, Total: 60373 ns
[2020-09-11T12:35:31.784+0000][1][safepoint    ] Safepoint "Cleanup", Time since last: 1005705974 ns, Reaching safepoint: 129772 ns, At safepoint: 7293 ns, Total: 137065 ns
[2020-09-11T12:35:32.763+0000][1][gc,start     ] GC(17) Pause Young (Allocation Failure)
[2020-09-11T12:35:32.763+0000][1][gc,task      ] GC(17) Using 1 workers of 1 for evacuation
[2020-09-11T12:35:32.944+0000][1][gc,age       ] GC(17) Desired survivor size 4358144 bytes, new threshold 1 (max threshold 6)
[2020-09-11T12:35:32.944+0000][1][gc,age       ] GC(17) Age table with threshold 1 (max threshold 6)
[2020-09-11T12:35:32.944+0000][1][gc,age       ] GC(17) - age   1:    7176072 bytes,    7176072 total
[2020-09-11T12:35:32.944+0000][1][gc,age       ] GC(17) - age   2:     101592 bytes,    7277664 total
[2020-09-11T12:35:32.944+0000][1][gc,age       ] GC(17) - age   3:     162784 bytes,    7440448 total
[2020-09-11T12:35:32.944+0000][1][gc,age       ] GC(17) - age   4:     312400 bytes,    7752848 total
[2020-09-11T12:35:32.944+0000][1][gc,age       ] GC(17) - age   5:     103104 bytes,    7855952 total
[2020-09-11T12:35:32.944+0000][1][gc,age       ] GC(17) - age   6:     203200 bytes,    8059152 total
[2020-09-11T12:35:32.944+0000][1][gc,heap      ] GC(17) ParNew: 71882K->8319K(76672K)
[2020-09-11T12:35:32.944+0000][1][gc,heap      ] GC(17) CMS: 15904K->16448K(439104K)
[2020-09-11T12:35:32.944+0000][1][gc,metaspace ] GC(17) Metaspace: 29751K->29751K(1077248K)
[2020-09-11T12:35:32.944+0000][1][gc           ] GC(17) Pause Young (Allocation Failure) 85M->24M(503M) 180.617ms
[2020-09-11T12:35:32.944+0000][1][gc,cpu       ] GC(17) User=0.04s Sys=0.00s Real=0.19s
[2020-09-11T12:35:32.959+0000][1][safepoint    ] Safepoint "GenCollectForAllocation", Time since last: 979318860 ns, Reaching safepoint: 113843 ns, At safepoint: 196429595 ns, Total: 196543438 ns
[2020-09-11T12:35:33.982+0000][1][safepoint    ] Safepoint "Cleanup", Time since last: 1020008506 ns, Reaching safepoint: 2107050 ns, At safepoint: 12432 ns, Total: 2119482 ns
[2020-09-11T12:35:34.988+0000][1][safepoint    ] Safepoint "Cleanup", Time since last: 1005873888 ns, Reaching safepoint: 106302 ns, At safepoint: 6271 ns, Total: 112573 ns
[2020-09-11T12:35:36.000+0000][1][safepoint    ] Safepoint "Cleanup", Time since last: 1011868064 ns, Reaching safepoint: 111460 ns, At safepoint: 5584 ns, Total: 117044 ns
[2020-09-11T12:35:37.004+0000][1][safepoint    ] Safepoint "Cleanup", Time since last: 1003880159 ns, Reaching safepoint: 113474 ns, At safepoint: 7541 ns, Total: 121015 ns
[2020-09-11T12:35:38.011+0000][1][safepoint    ] Safepoint "Cleanup", Time since last: 1003878788 ns, Reaching safepoint: 4057647 ns, At safepoint: 15685 ns, Total: 4073332 ns
[2020-09-11T12:35:38.208+0000][1][gc,start     ] GC(18) Pause Young (Allocation Failure)
[2020-09-11T12:35:38.208+0000][1][gc,task      ] GC(18) Using 1 workers of 1 for evacuation
[2020-09-11T12:35:38.403+0000][1][gc,age       ] GC(18) Desired survivor size 4358144 bytes, new threshold 1 (max threshold 6)
[2020-09-11T12:35:38.404+0000][1][gc,age       ] GC(18) Age table with threshold 1 (max threshold 6)
[2020-09-11T12:35:38.404+0000][1][gc,age       ] GC(18) - age   1:    8716248 bytes,    8716248 total
[2020-09-11T12:35:38.404+0000][1][gc,heap      ] GC(18) ParNew: 76479K->8512K(76672K)
[2020-09-11T12:35:38.404+0000][1][gc,heap      ] GC(18) CMS: 16448K->24945K(439104K)
[2020-09-11T12:35:38.404+0000][1][gc,metaspace ] GC(18) Metaspace: 29803K->29803K(1077248K)
[2020-09-11T12:35:38.404+0000][1][gc           ] GC(18) Pause Young (Allocation Failure) 90M->32M(503M) 196.030ms
[2020-09-11T12:35:38.404+0000][1][gc,cpu       ] GC(18) User=0.05s Sys=0.00s Real=0.20s
[2020-09-11T12:35:38.437+0000][1][safepoint    ] Safepoint "GenCollectForAllocation", Time since last: 195960295 ns, Reaching safepoint: 108532 ns, At safepoint: 229346014 ns, Total: 229454546 ns
[2020-09-11T12:35:39.458+0000][1][safepoint    ] Safepoint "Cleanup", Time since last: 1020494349 ns, Reaching safepoint: 117323 ns, At safepoint: 6150 ns, Total: 123473 ns
[2020-09-11T12:35:41.470+0000][1][safepoint    ] Safepoint "Cleanup", Time since last: 2012729551 ns, Reaching safepoint: 109316 ns, At safepoint: 5432 ns, Total: 114748 ns
[2020-09-11T12:35:43.180+0000][1][gc,start     ] GC(19) Pause Young (Allocation Failure)
[2020-09-11T12:35:43.180+0000][1][gc,task      ] GC(19) Using 1 workers of 1 for evacuation
[2020-09-11T12:35:43.477+0000][1][gc,age       ] GC(19) Desired survivor size 4358144 bytes, new threshold 1 (max threshold 6)
[2020-09-11T12:35:43.477+0000][1][gc,age       ] GC(19) Age table with threshold 1 (max threshold 6)
[2020-09-11T12:35:43.477+0000][1][gc,age       ] GC(19) - age   1:    8129464 bytes,    8129464 total
[2020-09-11T12:35:43.477+0000][1][gc,heap      ] GC(19) ParNew: 76672K->8032K(76672K)
[2020-09-11T12:35:43.477+0000][1][gc,heap      ] GC(19) CMS: 24945K->33654K(439104K)
[2020-09-11T12:35:43.477+0000][1][gc,metaspace ] GC(19) Metaspace: 29839K->29839K(1077248K)
[2020-09-11T12:35:43.477+0000][1][gc           ] GC(19) Pause Young (Allocation Failure) 99M->40M(503M) 297.238ms
[2020-09-11T12:35:43.477+0000][1][gc,cpu       ] GC(19) User=0.07s Sys=0.00s Real=0.30s
[2020-09-11T12:35:43.477+0000][1][safepoint    ] Safepoint "GenCollectForAllocation", Time since last: 1709193779 ns, Reaching safepoint: 100748 ns, At safepoint: 297328845 ns, Total: 297429593 ns
[2020-09-11T12:35:44.534+0000][1][safepoint    ] Safepoint "Cleanup", Time since last: 1038427694 ns, Reaching safepoint: 18624909 ns, At safepoint: 16761 ns, Total: 18641670 ns
[2020-09-11T12:35:45.414+0000][1][safepoint    ] Safepoint "RevokeBias", Time since last: 879817418 ns, Reaching safepoint: 115551 ns, At safepoint: 44145 ns, Total: 159696 ns
[2020-09-11T12:35:46.416+0000][1][safepoint    ] Safepoint "Cleanup", Time since last: 1001385867 ns, Reaching safepoint: 142256 ns, At safepoint: 5503 ns, Total: 147759 ns
[2020-09-11T12:35:47.416+0000][1][safepoint    ] Safepoint "Cleanup", Time since last: 1000100693 ns, Reaching safepoint: 106206 ns, At safepoint: 5421 ns, Total: 111627 ns
[2020-09-11T12:35:47.604+0000][1][gc,start     ] GC(20) Pause Young (Allocation Failure)
[2020-09-11T12:35:47.604+0000][1][gc,task      ] GC(20) Using 1 workers of 1 for evacuation
[2020-09-11T12:35:47.805+0000][1][gc,age       ] GC(20) Desired survivor size 4358144 bytes, new threshold 1 (max threshold 6)
[2020-09-11T12:35:47.805+0000][1][gc,age       ] GC(20) Age table with threshold 1 (max threshold 6)
[2020-09-11T12:35:47.805+0000][1][gc,age       ] GC(20) - age   1:    4489272 bytes,    4489272 total
[2020-09-11T12:35:47.805+0000][1][gc,heap      ] GC(20) ParNew: 76192K->7962K(76672K)
[2020-09-11T12:35:47.805+0000][1][gc,heap      ] GC(20) CMS: 33654K->41246K(439104K)
[2020-09-11T12:35:47.805+0000][1][gc,metaspace ] GC(20) Metaspace: 32047K->32047K(1079296K)
[2020-09-11T12:35:47.805+0000][1][gc           ] GC(20) Pause Young (Allocation Failure) 107M->48M(503M) 201.461ms
[2020-09-11T12:35:47.805+0000][1][gc,cpu       ] GC(20) User=0.06s Sys=0.00s Real=0.20s
[2020-09-11T12:35:47.831+0000][1][safepoint    ] Safepoint "GenCollectForAllocation", Time since last: 187721996 ns, Reaching safepoint: 103043 ns, At safepoint: 227840732 ns, Total: 227943775 ns
[2020-09-11T12:35:48.544+0000][1][safepoint    ] Safepoint "Deoptimize", Time since last: 711988159 ns, Reaching safepoint: 114191 ns, At safepoint: 272365 ns, Total: 386556 ns
[2020-09-11T12:35:49.544+0000][1][safepoint    ] Safepoint "Cleanup", Time since last: 1000102502 ns, Reaching safepoint: 129370 ns, At safepoint: 5365 ns, Total: 134735 ns
[2020-09-11T12:35:50.549+0000][1][safepoint    ] Safepoint "Cleanup", Time since last: 1005220190 ns, Reaching safepoint: 149861 ns, At safepoint: 5429 ns, Total: 155290 ns
[2020-09-11T12:35:51.408+0000][1][safepoint    ] Safepoint "Deoptimize", Time since last: 858402148 ns, Reaching safepoint: 106364 ns, At safepoint: 283640 ns, Total: 390004 ns
[2020-09-11T12:35:52.390+0000][1][gc,start     ] GC(21) Pause Young (Allocation Failure)
[2020-09-11T12:35:52.390+0000][1][gc,task      ] GC(21) Using 1 workers of 1 for evacuation
[2020-09-11T12:35:52.458+0000][1][gc,age       ] GC(21) Desired survivor size 4358144 bytes, new threshold 6 (max threshold 6)
[2020-09-11T12:35:52.458+0000][1][gc,age       ] GC(21) Age table with threshold 6 (max threshold 6)
[2020-09-11T12:35:52.458+0000][1][gc,age       ] GC(21) - age   1:     939816 bytes,     939816 total
[2020-09-11T12:35:52.458+0000][1][gc,heap      ] GC(21) ParNew: 76122K->3634K(76672K)
[2020-09-11T12:35:52.458+0000][1][gc,heap      ] GC(21) CMS: 41246K->45556K(439104K)
[2020-09-11T12:35:52.458+0000][1][gc,metaspace ] GC(21) Metaspace: 32351K->32351K(1079296K)
[2020-09-11T12:35:52.458+0000][1][gc           ] GC(21) Pause Young (Allocation Failure) 114M->48M(503M) 68.375ms
[2020-09-11T12:35:52.458+0000][1][gc,cpu       ] GC(21) User=0.01s Sys=0.00s Real=0.07s
[2020-09-11T12:35:52.486+0000][1][safepoint    ] Safepoint "GenCollectForAllocation", Time since last: 981616930 ns, Reaching safepoint: 113615 ns, At safepoint: 95706364 ns, Total: 95819979 ns
[2020-09-11T12:35:53.540+0000][1][safepoint    ] Safepoint "Cleanup", Time since last: 1031081997 ns, Reaching safepoint: 23264722 ns, At safepoint: 9163 ns, Total: 23273885 ns
[2020-09-11T12:35:53.737+0000][1][gc,start     ] GC(22) Pause Young (Allocation Failure)
[2020-09-11T12:35:53.737+0000][1][gc,task      ] GC(22) Using 1 workers of 1 for evacuation
[2020-09-11T12:35:53.749+0000][1][gc,age       ] GC(22) Desired survivor size 4358144 bytes, new threshold 6 (max threshold 6)
[2020-09-11T12:35:53.749+0000][1][gc,age       ] GC(22) Age table with threshold 6 (max threshold 6)
[2020-09-11T12:35:53.749+0000][1][gc,age       ] GC(22) - age   1:     249672 bytes,     249672 total
[2020-09-11T12:35:53.749+0000][1][gc,age       ] GC(22) - age   2:     439800 bytes,     689472 total
[2020-09-11T12:35:53.749+0000][1][gc,heap      ] GC(22) ParNew: 71794K->1138K(76672K)
[2020-09-11T12:35:53.749+0000][1][gc,heap      ] GC(22) CMS: 45556K->45556K(439104K)
[2020-09-11T12:35:53.749+0000][1][gc,metaspace ] GC(22) Metaspace: 32363K->32363K(1079296K)
[2020-09-11T12:35:53.749+0000][1][gc           ] GC(22) Pause Young (Allocation Failure) 114M->45M(503M) 12.569ms
[2020-09-11T12:35:53.749+0000][1][gc,cpu       ] GC(22) User=0.00s Sys=0.00s Real=0.01s
[2020-09-11T12:35:53.759+0000][1][safepoint    ] Safepoint "GenCollectForAllocation", Time since last: 196484285 ns, Reaching safepoint: 97563 ns, At safepoint: 22812654 ns, Total: 22910217 ns
[2020-09-11T12:35:54.573+0000][1][gc,start     ] GC(23) Pause Young (Allocation Failure)
[2020-09-11T12:35:54.573+0000][1][gc,task      ] GC(23) Using 1 workers of 1 for evacuation
[2020-09-11T12:35:54.586+0000][1][gc,age       ] GC(23) Desired survivor size 4358144 bytes, new threshold 6 (max threshold 6)
[2020-09-11T12:35:54.586+0000][1][gc,age       ] GC(23) Age table with threshold 6 (max threshold 6)
[2020-09-11T12:35:54.586+0000][1][gc,age       ] GC(23) - age   1:        208 bytes,        208 total
[2020-09-11T12:35:54.586+0000][1][gc,age       ] GC(23) - age   2:     249432 bytes,     249640 total
[2020-09-11T12:35:54.586+0000][1][gc,age       ] GC(23) - age   3:     439800 bytes,     689440 total
[2020-09-11T12:35:54.586+0000][1][gc,heap      ] GC(23) ParNew: 69298K->1074K(76672K)
[2020-09-11T12:35:54.586+0000][1][gc,heap      ] GC(23) CMS: 45556K->45556K(439104K)
[2020-09-11T12:35:54.586+0000][1][gc,metaspace ] GC(23) Metaspace: 32364K->32364K(1079296K)
[2020-09-11T12:35:54.586+0000][1][gc           ] GC(23) Pause Young (Allocation Failure) 112M->45M(503M) 13.312ms
[2020-09-11T12:35:54.586+0000][1][gc,cpu       ] GC(23) User=0.00s Sys=0.00s Real=0.02s
[2020-09-11T12:35:54.611+0000][1][safepoint    ] Safepoint "GenCollectForAllocation", Time since last: 813240479 ns, Reaching safepoint: 99884 ns, At safepoint: 38699695 ns, Total: 38799579 ns
[2020-09-11T12:35:55.212+0000][1][gc,start     ] GC(24) Pause Young (Allocation Failure)
[2020-09-11T12:35:55.212+0000][1][gc,task      ] GC(24) Using 1 workers of 1 for evacuation
[2020-09-11T12:35:55.214+0000][1][gc,age       ] GC(24) Desired survivor size 4358144 bytes, new threshold 6 (max threshold 6)
[2020-09-11T12:35:55.214+0000][1][gc,age       ] GC(24) Age table with threshold 6 (max threshold 6)
[2020-09-11T12:35:55.214+0000][1][gc,age       ] GC(24) - age   1:         72 bytes,         72 total
[2020-09-11T12:35:55.214+0000][1][gc,age       ] GC(24) - age   3:     249432 bytes,     249504 total
[2020-09-11T12:35:55.214+0000][1][gc,age       ] GC(24) - age   4:     439800 bytes,     689304 total
[2020-09-11T12:35:55.214+0000][1][gc,heap      ] GC(24) ParNew: 69234K->1278K(76672K)
[2020-09-11T12:35:55.214+0000][1][gc,heap      ] GC(24) CMS: 45556K->45556K(439104K)
[2020-09-11T12:35:55.214+0000][1][gc,metaspace ] GC(24) Metaspace: 32368K->32368K(1079296K)
[2020-09-11T12:35:55.214+0000][1][gc           ] GC(24) Pause Young (Allocation Failure) 112M->45M(503M) 2.989ms
[2020-09-11T12:35:55.215+0000][1][gc,cpu       ] GC(24) User=0.00s Sys=0.01s Real=0.00s
[2020-09-11T12:35:55.225+0000][1][safepoint    ] Safepoint "GenCollectForAllocation", Time since last: 599957280 ns, Reaching safepoint: 90693 ns, At safepoint: 13693960 ns, Total: 13784653 ns
[2020-09-11T12:35:55.747+0000][1][gc,start     ] GC(25) Pause Young (Allocation Failure)
[2020-09-11T12:35:55.748+0000][1][gc,task      ] GC(25) Using 1 workers of 1 for evacuation
[2020-09-11T12:35:55.750+0000][1][gc,age       ] GC(25) Desired survivor size 4358144 bytes, new threshold 6 (max threshold 6)
[2020-09-11T12:35:55.750+0000][1][gc,age       ] GC(25) Age table with threshold 6 (max threshold 6)
[2020-09-11T12:35:55.750+0000][1][gc,age       ] GC(25) - age   1:        232 bytes,        232 total
[2020-09-11T12:35:55.750+0000][1][gc,age       ] GC(25) - age   4:     249432 bytes,     249664 total
[2020-09-11T12:35:55.750+0000][1][gc,age       ] GC(25) - age   5:     439800 bytes,     689464 total
[2020-09-11T12:35:55.750+0000][1][gc,heap      ] GC(25) ParNew: 69438K->824K(76672K)
[2020-09-11T12:35:55.750+0000][1][gc,heap      ] GC(25) CMS: 45556K->45556K(439104K)
[2020-09-11T12:35:55.750+0000][1][gc,metaspace ] GC(25) Metaspace: 32368K->32368K(1079296K)
[2020-09-11T12:35:55.750+0000][1][gc           ] GC(25) Pause Young (Allocation Failure) 112M->45M(503M) 2.957ms
[2020-09-11T12:35:55.750+0000][1][gc,cpu       ] GC(25) User=0.01s Sys=0.00s Real=0.00s
[2020-09-11T12:35:55.767+0000][1][safepoint    ] Safepoint "GenCollectForAllocation", Time since last: 518932331 ns, Reaching safepoint: 3325632 ns, At safepoint: 19982839 ns, Total: 23308471 ns
[2020-09-11T12:35:56.288+0000][1][gc,start     ] GC(26) Pause Young (Allocation Failure)
[2020-09-11T12:35:56.288+0000][1][gc,task      ] GC(26) Using 1 workers of 1 for evacuation
[2020-09-11T12:35:56.290+0000][1][gc,age       ] GC(26) Desired survivor size 4358144 bytes, new threshold 6 (max threshold 6)
[2020-09-11T12:35:56.291+0000][1][gc,age       ] GC(26) Age table with threshold 6 (max threshold 6)
[2020-09-11T12:35:56.291+0000][1][gc,age       ] GC(26) - age   1:        160 bytes,        160 total
[2020-09-11T12:35:56.291+0000][1][gc,age       ] GC(26) - age   5:     249432 bytes,     249592 total
[2020-09-11T12:35:56.291+0000][1][gc,age       ] GC(26) - age   6:     439800 bytes,     689392 total
[2020-09-11T12:35:56.291+0000][1][gc,heap      ] GC(26) ParNew: 68984K->1216K(76672K)
[2020-09-11T12:35:56.291+0000][1][gc,heap      ] GC(26) CMS: 45556K->45556K(439104K)
[2020-09-11T12:35:56.291+0000][1][gc,metaspace ] GC(26) Metaspace: 32368K->32368K(1079296K)
[2020-09-11T12:35:56.291+0000][1][gc           ] GC(26) Pause Young (Allocation Failure) 111M->45M(503M) 3.018ms
[2020-09-11T12:35:56.291+0000][1][gc,cpu       ] GC(26) User=0.00s Sys=0.00s Real=0.00s
[2020-09-11T12:35:56.299+0000][1][safepoint    ] Safepoint "GenCollectForAllocation", Time since last: 520003838 ns, Reaching safepoint: 125331 ns, At safepoint: 11853490 ns, Total: 11978821 ns
[2020-09-11T12:35:56.788+0000][1][gc,start     ] GC(27) Pause Young (Allocation Failure)
[2020-09-11T12:35:56.788+0000][1][gc,task      ] GC(27) Using 1 workers of 1 for evacuation
[2020-09-11T12:35:56.790+0000][1][gc,age       ] GC(27) Desired survivor size 4358144 bytes, new threshold 6 (max threshold 6)
[2020-09-11T12:35:56.790+0000][1][gc,age       ] GC(27) Age table with threshold 6 (max threshold 6)
[2020-09-11T12:35:56.790+0000][1][gc,age       ] GC(27) - age   1:         96 bytes,         96 total
[2020-09-11T12:35:56.790+0000][1][gc,age       ] GC(27) - age   6:     249432 bytes,     249528 total
[2020-09-11T12:35:56.790+0000][1][gc,heap      ] GC(27) ParNew: 69376K->404K(76672K)
[2020-09-11T12:35:56.790+0000][1][gc,heap      ] GC(27) CMS: 45556K->45986K(439104K)
[2020-09-11T12:35:56.790+0000][1][gc,metaspace ] GC(27) Metaspace: 32368K->32368K(1079296K)
[2020-09-11T12:35:56.790+0000][1][gc           ] GC(27) Pause Young (Allocation Failure) 112M->45M(503M) 2.849ms
[2020-09-11T12:35:56.790+0000][1][gc,cpu       ] GC(27) User=0.00s Sys=0.00s Real=0.00s
[2020-09-11T12:35:56.803+0000][1][safepoint    ] Safepoint "GenCollectForAllocation", Time since last: 488006042 ns, Reaching safepoint: 97627 ns, At safepoint: 15909963 ns, Total: 16007590 ns
[2020-09-11T12:35:57.079+0000][1][safepoint    ] Safepoint "RevokeBias", Time since last: 272741325 ns, Reaching safepoint: 2013383 ns, At safepoint: 1247480 ns, Total: 3260863 ns
[2020-09-11T12:35:57.428+0000][1][gc,start     ] GC(28) Pause Young (Allocation Failure)
[2020-09-11T12:35:57.428+0000][1][gc,task      ] GC(28) Using 1 workers of 1 for evacuation
[2020-09-11T12:35:57.430+0000][1][gc,age       ] GC(28) Desired survivor size 4358144 bytes, new threshold 6 (max threshold 6)
[2020-09-11T12:35:57.430+0000][1][gc,age       ] GC(28) Age table with threshold 6 (max threshold 6)
[2020-09-11T12:35:57.430+0000][1][gc,age       ] GC(28) - age   1:        336 bytes,        336 total
[2020-09-11T12:35:57.430+0000][1][gc,heap      ] GC(28) ParNew: 68564K->283K(76672K)
[2020-09-11T12:35:57.430+0000][1][gc,heap      ] GC(28) CMS: 45986K->46230K(439104K)
[2020-09-11T12:35:57.430+0000][1][gc,metaspace ] GC(28) Metaspace: 32368K->32368K(1079296K)
[2020-09-11T12:35:57.430+0000][1][gc           ] GC(28) Pause Young (Allocation Failure) 111M->45M(503M) 2.324ms
[2020-09-11T12:35:57.431+0000][1][gc,cpu       ] GC(28) User=0.00s Sys=0.00s Real=0.00s
[2020-09-11T12:35:57.443+0000][1][safepoint    ] Safepoint "GenCollectForAllocation", Time since last: 348637813 ns, Reaching safepoint: 97952 ns, At safepoint: 15273922 ns, Total: 15371874 ns
[2020-09-11T12:35:58.042+0000][1][gc,start     ] GC(29) Pause Young (Allocation Failure)
[2020-09-11T12:35:58.042+0000][1][gc,task      ] GC(29) Using 1 workers of 1 for evacuation
[2020-09-11T12:35:58.052+0000][1][gc,age       ] GC(29) Desired survivor size 4358144 bytes, new threshold 6 (max threshold 6)
[2020-09-11T12:35:58.052+0000][1][gc,age       ] GC(29) Age table with threshold 6 (max threshold 6)
[2020-09-11T12:35:58.052+0000][1][gc,age       ] GC(29) - age   1:        176 bytes,        176 total
[2020-09-11T12:35:58.052+0000][1][gc,age       ] GC(29) - age   2:         72 bytes,        248 total
[2020-09-11T12:35:58.052+0000][1][gc,heap      ] GC(29) ParNew: 68443K->71K(76672K)
[2020-09-11T12:35:58.052+0000][1][gc,heap      ] GC(29) CMS: 46230K->46230K(439104K)
[2020-09-11T12:35:58.052+0000][1][gc,metaspace ] GC(29) Metaspace: 32368K->32368K(1079296K)
[2020-09-11T12:35:58.052+0000][1][gc           ] GC(29) Pause Young (Allocation Failure) 111M->45M(503M) 10.747ms
[2020-09-11T12:35:58.052+0000][1][gc,cpu       ] GC(29) User=0.00s Sys=0.00s Real=0.01s
[2020-09-11T12:35:58.052+0000][1][safepoint    ] Safepoint "GenCollectForAllocation", Time since last: 598077672 ns, Reaching safepoint: 102174 ns, At safepoint: 10806178 ns, Total: 10908352 ns
[2020-09-11T12:35:58.672+0000][1][gc,start     ] GC(30) Pause Young (Allocation Failure)
[2020-09-11T12:35:58.672+0000][1][gc,task      ] GC(30) Using 1 workers of 1 for evacuation
[2020-09-11T12:35:58.674+0000][1][gc,age       ] GC(30) Desired survivor size 4358144 bytes, new threshold 6 (max threshold 6)
[2020-09-11T12:35:58.674+0000][1][gc,age       ] GC(30) Age table with threshold 6 (max threshold 6)
[2020-09-11T12:35:58.674+0000][1][gc,age       ] GC(30) - age   1:        296 bytes,        296 total
[2020-09-11T12:35:58.674+0000][1][gc,age       ] GC(30) - age   3:         72 bytes,        368 total
[2020-09-11T12:35:58.674+0000][1][gc,heap      ] GC(30) ParNew: 68231K->17K(76672K)
[2020-09-11T12:35:58.674+0000][1][gc,heap      ] GC(30) CMS: 46230K->46230K(439104K)
[2020-09-11T12:35:58.674+0000][1][gc,metaspace ] GC(30) Metaspace: 32368K->32368K(1079296K)
[2020-09-11T12:35:58.674+0000][1][gc           ] GC(30) Pause Young (Allocation Failure) 111M->45M(503M) 2.312ms
[2020-09-11T12:35:58.674+0000][1][gc,cpu       ] GC(30) User=0.00s Sys=0.00s Real=0.00s
[2020-09-11T12:35:58.684+0000][1][safepoint    ] Safepoint "GenCollectForAllocation", Time since last: 619609545 ns, Reaching safepoint: 100967 ns, At safepoint: 11554613 ns, Total: 11655580 ns
[2020-09-11T12:35:59.347+0000][1][gc,start     ] GC(31) Pause Young (Allocation Failure)
[2020-09-11T12:35:59.348+0000][1][gc,task      ] GC(31) Using 1 workers of 1 for evacuation
[2020-09-11T12:35:59.352+0000][1][gc,age       ] GC(31) Desired survivor size 4358144 bytes, new threshold 6 (max threshold 6)
[2020-09-11T12:35:59.352+0000][1][gc,age       ] GC(31) Age table with threshold 6 (max threshold 6)
[2020-09-11T12:35:59.352+0000][1][gc,age       ] GC(31) - age   1:        128 bytes,        128 total
[2020-09-11T12:35:59.352+0000][1][gc,age       ] GC(31) - age   4:         72 bytes,        200 total
[2020-09-11T12:35:59.352+0000][1][gc,heap      ] GC(31) ParNew: 68177K->4K(76672K)
[2020-09-11T12:35:59.352+0000][1][gc,heap      ] GC(31) CMS: 46230K->46230K(439104K)
[2020-09-11T12:35:59.352+0000][1][gc,metaspace ] GC(31) Metaspace: 32368K->32368K(1079296K)
[2020-09-11T12:35:59.352+0000][1][gc           ] GC(31) Pause Young (Allocation Failure) 111M->45M(503M) 4.310ms
[2020-09-11T12:35:59.352+0000][1][gc,cpu       ] GC(31) User=0.00s Sys=0.00s Real=0.00s
[2020-09-11T12:35:59.356+0000][1][safepoint    ] Safepoint "GenCollectForAllocation", Time since last: 660923836 ns, Reaching safepoint: 2814029 ns, At safepoint: 8798617 ns, Total: 11612646 ns
[2020-09-11T12:35:59.836+0000][1][gc,start     ] GC(32) Pause Young (Allocation Failure)
[2020-09-11T12:35:59.836+0000][1][gc,task      ] GC(32) Using 1 workers of 1 for evacuation
[2020-09-11T12:35:59.838+0000][1][gc,age       ] GC(32) Desired survivor size 4358144 bytes, new threshold 6 (max threshold 6)
[2020-09-11T12:35:59.838+0000][1][gc,age       ] GC(32) Age table with threshold 6 (max threshold 6)
[2020-09-11T12:35:59.838+0000][1][gc,age       ] GC(32) - age   1:         48 bytes,         48 total
[2020-09-11T12:35:59.838+0000][1][gc,age       ] GC(32) - age   5:         72 bytes,        120 total
[2020-09-11T12:35:59.838+0000][1][gc,heap      ] GC(32) ParNew: 68164K->2K(76672K)
[2020-09-11T12:35:59.838+0000][1][gc,heap      ] GC(32) CMS: 46230K->46230K(439104K)
[2020-09-11T12:35:59.838+0000][1][gc,metaspace ] GC(32) Metaspace: 32368K->32368K(1079296K)
[2020-09-11T12:35:59.838+0000][1][gc           ] GC(32) Pause Young (Allocation Failure) 111M->45M(503M) 2.245ms
[2020-09-11T12:35:59.838+0000][1][gc,cpu       ] GC(32) User=0.00s Sys=0.00s Real=0.00s
[2020-09-11T12:35:59.843+0000][1][safepoint    ] Safepoint "GenCollectForAllocation", Time since last: 479634984 ns, Reaching safepoint: 107919 ns, At safepoint: 7025489 ns, Total: 7133408 ns
[2020-09-11T12:36:00.259+0000][1][gc,start     ] GC(33) Pause Young (Allocation Failure)
[2020-09-11T12:36:00.259+0000][1][gc,task      ] GC(33) Using 1 workers of 1 for evacuation
[2020-09-11T12:36:00.262+0000][1][gc,age       ] GC(33) Desired survivor size 4358144 bytes, new threshold 6 (max threshold 6)
[2020-09-11T12:36:00.262+0000][1][gc,age       ] GC(33) Age table with threshold 6 (max threshold 6)
[2020-09-11T12:36:00.262+0000][1][gc,age       ] GC(33) - age   1:         96 bytes,         96 total
[2020-09-11T12:36:00.262+0000][1][gc,age       ] GC(33) - age   6:         72 bytes,        168 total
[2020-09-11T12:36:00.262+0000][1][gc,heap      ] GC(33) ParNew: 68162K->2K(76672K)
[2020-09-11T12:36:00.262+0000][1][gc,heap      ] GC(33) CMS: 46230K->46230K(439104K)
[2020-09-11T12:36:00.262+0000][1][gc,metaspace ] GC(33) Metaspace: 32368K->32368K(1079296K)
[2020-09-11T12:36:00.262+0000][1][gc           ] GC(33) Pause Young (Allocation Failure) 111M->45M(503M) 2.303ms
[2020-09-11T12:36:00.262+0000][1][gc,cpu       ] GC(33) User=0.01s Sys=0.00s Real=0.00s
[2020-09-11T12:36:00.268+0000][1][safepoint    ] Safepoint "GenCollectForAllocation", Time since last: 414942031 ns, Reaching safepoint: 1494664 ns, At safepoint: 9054488 ns, Total: 10549152 ns
[2020-09-11T12:36:01.272+0000][1][safepoint    ] Safepoint "Cleanup", Time since last: 1002926994 ns, Reaching safepoint: 662236 ns, At safepoint: 6232 ns, Total: 668468 ns
[2020-09-11T12:36:02.114+0000][1][safepoint    ] Safepoint "RevokeBias", Time since last: 823757219 ns, Reaching safepoint: 17799911 ns, At safepoint: 60052 ns, Total: 17859963 ns
[2020-09-11T12:36:02.114+0000][1][safepoint    ] Safepoint "RevokeBias", Time since last: 92761 ns, Reaching safepoint: 87681 ns, At safepoint: 32918 ns, Total: 120599 ns
[2020-09-11T12:36:02.114+0000][1][safepoint    ] Safepoint "RevokeBias", Time since last: 222583 ns, Reaching safepoint: 82955 ns, At safepoint: 34687 ns, Total: 117642 ns
[2020-09-11T12:36:07.139+0000][1][safepoint    ] Safepoint "Cleanup", Time since last: 5023392983 ns, Reaching safepoint: 1789578 ns, At safepoint: 8121 ns, Total: 1797699 ns
[2020-09-11T12:36:07.832+0000][1][gc,start     ] GC(34) Pause Young (Allocation Failure)
[2020-09-11T12:36:07.832+0000][1][gc,task      ] GC(34) Using 1 workers of 1 for evacuation
[2020-09-11T12:36:07.834+0000][1][gc,age       ] GC(34) Desired survivor size 4358144 bytes, new threshold 6 (max threshold 6)
[2020-09-11T12:36:07.834+0000][1][gc,age       ] GC(34) Age table with threshold 6 (max threshold 6)
[2020-09-11T12:36:07.834+0000][1][gc,age       ] GC(34) - age   1:     242248 bytes,     242248 total
[2020-09-11T12:36:07.834+0000][1][gc,heap      ] GC(34) ParNew: 68162K->238K(76672K)
[2020-09-11T12:36:07.834+0000][1][gc,heap      ] GC(34) CMS: 46230K->46230K(439104K)
[2020-09-11T12:36:07.834+0000][1][gc,metaspace ] GC(34) Metaspace: 32390K->32390K(1079296K)
[2020-09-11T12:36:07.834+0000][1][gc           ] GC(34) Pause Young (Allocation Failure) 111M->45M(503M) 2.492ms
[2020-09-11T12:36:07.834+0000][1][gc,cpu       ] GC(34) User=0.00s Sys=0.00s Real=0.00s
[2020-09-11T12:36:07.843+0000][1][safepoint    ] Safepoint "GenCollectForAllocation", Time since last: 691996304 ns, Reaching safepoint: 114590 ns, At safepoint: 11879248 ns, Total: 11993838 ns
[2020-09-11T12:36:09.723+0000][1][gc,start     ] GC(35) Pause Young (Allocation Failure)
[2020-09-11T12:36:09.723+0000][1][gc,task      ] GC(35) Using 1 workers of 1 for evacuation
[2020-09-11T12:36:09.726+0000][1][gc,age       ] GC(35) Desired survivor size 4358144 bytes, new threshold 6 (max threshold 6)
[2020-09-11T12:36:09.726+0000][1][gc,age       ] GC(35) Age table with threshold 6 (max threshold 6)
[2020-09-11T12:36:09.726+0000][1][gc,age       ] GC(35) - age   1:     512504 bytes,     512504 total
[2020-09-11T12:36:09.726+0000][1][gc,age       ] GC(35) - age   2:     149960 bytes,     662464 total
[2020-09-11T12:36:09.726+0000][1][gc,heap      ] GC(35) ParNew: 68398K->667K(76672K)
[2020-09-11T12:36:09.726+0000][1][gc,heap      ] GC(35) CMS: 46230K->46230K(439104K)
[2020-09-11T12:36:09.726+0000][1][gc,metaspace ] GC(35) Metaspace: 32390K->32390K(1079296K)
[2020-09-11T12:36:09.726+0000][1][gc           ] GC(35) Pause Young (Allocation Failure) 111M->45M(503M) 2.622ms
[2020-09-11T12:36:09.726+0000][1][gc,cpu       ] GC(35) User=0.00s Sys=0.00s Real=0.01s
[2020-09-11T12:36:09.727+0000][1][safepoint    ] Safepoint "GenCollectForAllocation", Time since last: 1879557503 ns, Reaching safepoint: 108910 ns, At safepoint: 4315350 ns, Total: 4424260 ns
[2020-09-11T12:36:11.267+0000][1][gc,start     ] GC(36) Pause Young (Allocation Failure)
[2020-09-11T12:36:11.268+0000][1][gc,task      ] GC(36) Using 1 workers of 1 for evacuation
[2020-09-11T12:36:11.273+0000][1][gc,age       ] GC(36) Desired survivor size 4358144 bytes, new threshold 6 (max threshold 6)
[2020-09-11T12:36:11.273+0000][1][gc,age       ] GC(36) Age table with threshold 6 (max threshold 6)
[2020-09-11T12:36:11.273+0000][1][gc,age       ] GC(36) - age   1:     642048 bytes,     642048 total
[2020-09-11T12:36:11.273+0000][1][gc,age       ] GC(36) - age   2:     340264 bytes,     982312 total
[2020-09-11T12:36:11.273+0000][1][gc,age       ] GC(36) - age   3:     149376 bytes,    1131688 total
[2020-09-11T12:36:11.273+0000][1][gc,heap      ] GC(36) ParNew: 68827K->1145K(76672K)
[2020-09-11T12:36:11.273+0000][1][gc,heap      ] GC(36) CMS: 46230K->46230K(439104K)
[2020-09-11T12:36:11.273+0000][1][gc,metaspace ] GC(36) Metaspace: 32390K->32390K(1079296K)
[2020-09-11T12:36:11.273+0000][1][gc           ] GC(36) Pause Young (Allocation Failure) 112M->46M(503M) 5.597ms
[2020-09-11T12:36:11.273+0000][1][gc,cpu       ] GC(36) User=0.00s Sys=0.00s Real=0.00s
[2020-09-11T12:36:11.273+0000][1][safepoint    ] Safepoint "GenCollectForAllocation", Time since last: 1536016417 ns, Reaching safepoint: 4026525 ns, At safepoint: 5673906 ns, Total: 9700431 ns
[2020-09-11T12:36:12.279+0000][1][safepoint    ] Safepoint "Cleanup", Time since last: 1002266354 ns, Reaching safepoint: 3824211 ns, At safepoint: 9298 ns, Total: 3833509 ns
[2020-09-11T12:36:12.303+0000][1][gc,start     ] GC(37) Pause Young (Allocation Failure)
[2020-09-11T12:36:12.303+0000][1][gc,task      ] GC(37) Using 1 workers of 1 for evacuation
[2020-09-11T12:36:12.306+0000][1][gc,age       ] GC(37) Desired survivor size 4358144 bytes, new threshold 6 (max threshold 6)
[2020-09-11T12:36:12.306+0000][1][gc,age       ] GC(37) Age table with threshold 6 (max threshold 6)
[2020-09-11T12:36:12.306+0000][1][gc,age       ] GC(37) - age   1:     277440 bytes,     277440 total
[2020-09-11T12:36:12.306+0000][1][gc,age       ] GC(37) - age   2:     629296 bytes,     906736 total
[2020-09-11T12:36:12.306+0000][1][gc,age       ] GC(37) - age   3:     340136 bytes,    1246872 total
[2020-09-11T12:36:12.306+0000][1][gc,age       ] GC(37) - age   4:     148992 bytes,    1395864 total
[2020-09-11T12:36:12.306+0000][1][gc,heap      ] GC(37) ParNew: 69305K->1363K(76672K)
[2020-09-11T12:36:12.306+0000][1][gc,heap      ] GC(37) CMS: 46230K->46230K(439104K)
[2020-09-11T12:36:12.306+0000][1][gc,metaspace ] GC(37) Metaspace: 32390K->32390K(1079296K)
[2020-09-11T12:36:12.306+0000][1][gc           ] GC(37) Pause Young (Allocation Failure) 112M->46M(503M) 2.704ms
[2020-09-11T12:36:12.306+0000][1][gc,cpu       ] GC(37) User=0.01s Sys=0.00s Real=0.00s
[2020-09-11T12:36:12.319+0000][1][safepoint    ] Safepoint "GenCollectForAllocation", Time since last: 23277628 ns, Reaching safepoint: 904149 ns, At safepoint: 16035113 ns, Total: 16939262 ns
[2020-09-11T12:36:13.396+0000][1][gc,start     ] GC(38) Pause Young (Allocation Failure)
[2020-09-11T12:36:13.396+0000][1][gc,task      ] GC(38) Using 1 workers of 1 for evacuation
[2020-09-11T12:36:13.401+0000][1][gc,age       ] GC(38) Desired survivor size 4358144 bytes, new threshold 6 (max threshold 6)
[2020-09-11T12:36:13.401+0000][1][gc,age       ] GC(38) Age table with threshold 6 (max threshold 6)
[2020-09-11T12:36:13.401+0000][1][gc,age       ] GC(38) - age   1:     967512 bytes,     967512 total
[2020-09-11T12:36:13.401+0000][1][gc,age       ] GC(38) - age   2:     264696 bytes,    1232208 total
[2020-09-11T12:36:13.401+0000][1][gc,age       ] GC(38) - age   3:     297400 bytes,    1529608 total
[2020-09-11T12:36:13.401+0000][1][gc,age       ] GC(38) - age   4:     340136 bytes,    1869744 total
[2020-09-11T12:36:13.401+0000][1][gc,age       ] GC(38) - age   5:     148888 bytes,    2018632 total
[2020-09-11T12:36:13.401+0000][1][gc,heap      ] GC(38) ParNew: 69523K->1972K(76672K)
[2020-09-11T12:36:13.401+0000][1][gc,heap      ] GC(38) CMS: 46230K->46230K(439104K)
[2020-09-11T12:36:13.401+0000][1][gc,metaspace ] GC(38) Metaspace: 32391K->32391K(1079296K)
[2020-09-11T12:36:13.401+0000][1][gc           ] GC(38) Pause Young (Allocation Failure) 113M->47M(503M) 4.998ms
[2020-09-11T12:36:13.401+0000][1][gc,cpu       ] GC(38) User=0.00s Sys=0.00s Real=0.00s
[2020-09-11T12:36:13.427+0000][1][safepoint    ] Safepoint "GenCollectForAllocation", Time since last: 1076720057 ns, Reaching safepoint: 96210 ns, At safepoint: 31153286 ns, Total: 31249496 ns
[2020-09-11T12:36:14.191+0000][1][gc,start     ] GC(39) Pause Young (Allocation Failure)
[2020-09-11T12:36:14.192+0000][1][gc,task      ] GC(39) Using 1 workers of 1 for evacuation
[2020-09-11T12:36:14.194+0000][1][gc,age       ] GC(39) Desired survivor size 4358144 bytes, new threshold 6 (max threshold 6)
[2020-09-11T12:36:14.194+0000][1][gc,age       ] GC(39) Age table with threshold 6 (max threshold 6)
[2020-09-11T12:36:14.194+0000][1][gc,age       ] GC(39) - age   1:     311600 bytes,     311600 total
[2020-09-11T12:36:14.194+0000][1][gc,age       ] GC(39) - age   2:     955336 bytes,    1266936 total
[2020-09-11T12:36:14.194+0000][1][gc,age       ] GC(39) - age   3:     263544 bytes,    1530480 total
[2020-09-11T12:36:14.194+0000][1][gc,age       ] GC(39) - age   4:     296896 bytes,    1827376 total
[2020-09-11T12:36:14.194+0000][1][gc,age       ] GC(39) - age   5:     339720 bytes,    2167096 total
[2020-09-11T12:36:14.194+0000][1][gc,age       ] GC(39) - age   6:     148848 bytes,    2315944 total
[2020-09-11T12:36:14.194+0000][1][gc,heap      ] GC(39) ParNew: 70132K->2302K(76672K)
[2020-09-11T12:36:14.194+0000][1][gc,heap      ] GC(39) CMS: 46230K->46230K(439104K)
[2020-09-11T12:36:14.194+0000][1][gc,metaspace ] GC(39) Metaspace: 32391K->32391K(1079296K)
[2020-09-11T12:36:14.194+0000][1][gc           ] GC(39) Pause Young (Allocation Failure) 113M->47M(503M) 2.936ms
[2020-09-11T12:36:14.194+0000][1][gc,cpu       ] GC(39) User=0.00s Sys=0.00s Real=0.00s
[2020-09-11T12:36:14.199+0000][1][safepoint    ] Safepoint "GenCollectForAllocation", Time since last: 760715367 ns, Reaching safepoint: 3340228 ns, At safepoint: 7036710 ns, Total: 10376938 ns
[2020-09-11T12:36:14.298+0000][1][safepoint    ] Safepoint "RevokeBias", Time since last: 97050999 ns, Reaching safepoint: 2662638 ns, At safepoint: 29921 ns, Total: 2692559 ns
[2020-09-11T12:36:14.416+0000][1][safepoint    ] Safepoint "ICBufferFull", Time since last: 117148734 ns, Reaching safepoint: 204490 ns, At safepoint: 8580 ns, Total: 213070 ns
[2020-09-11T12:36:15.141+0000][1][gc,start     ] GC(40) Pause Young (Allocation Failure)
[2020-09-11T12:36:15.141+0000][1][gc,task      ] GC(40) Using 1 workers of 1 for evacuation
[2020-09-11T12:36:15.152+0000][1][gc,age       ] GC(40) Desired survivor size 4358144 bytes, new threshold 6 (max threshold 6)
[2020-09-11T12:36:15.152+0000][1][gc,age       ] GC(40) Age table with threshold 6 (max threshold 6)
[2020-09-11T12:36:15.152+0000][1][gc,age       ] GC(40) - age   1:     381168 bytes,     381168 total
[2020-09-11T12:36:15.152+0000][1][gc,age       ] GC(40) - age   2:     301304 bytes,     682472 total
[2020-09-11T12:36:15.152+0000][1][gc,age       ] GC(40) - age   3:     954768 bytes,    1637240 total
[2020-09-11T12:36:15.152+0000][1][gc,age       ] GC(40) - age   4:     263312 bytes,    1900552 total
[2020-09-11T12:36:15.152+0000][1][gc,age       ] GC(40) - age   5:     296776 bytes,    2197328 total
[2020-09-11T12:36:15.152+0000][1][gc,age       ] GC(40) - age   6:     339720 bytes,    2537048 total
[2020-09-11T12:36:15.153+0000][1][gc,heap      ] GC(40) ParNew: 70462K->2502K(76672K)
[2020-09-11T12:36:15.153+0000][1][gc,heap      ] GC(40) CMS: 46230K->46373K(439104K)
[2020-09-11T12:36:15.153+0000][1][gc,metaspace ] GC(40) Metaspace: 32395K->32395K(1079296K)
[2020-09-11T12:36:15.153+0000][1][gc           ] GC(40) Pause Young (Allocation Failure) 113M->47M(503M) 11.449ms
[2020-09-11T12:36:15.153+0000][1][gc,cpu       ] GC(40) User=0.00s Sys=0.00s Real=0.01s
[2020-09-11T12:36:15.175+0000][1][safepoint    ] Safepoint "GenCollectForAllocation", Time since last: 725358480 ns, Reaching safepoint: 115897 ns, At safepoint: 34355199 ns, Total: 34471096 ns
[2020-09-11T12:36:15.469+0000][1][gc,start     ] GC(41) Pause Young (Allocation Failure)
[2020-09-11T12:36:15.470+0000][1][gc,task      ] GC(41) Using 1 workers of 1 for evacuation
[2020-09-11T12:36:15.473+0000][1][gc,age       ] GC(41) Desired survivor size 4358144 bytes, new threshold 6 (max threshold 6)
[2020-09-11T12:36:15.473+0000][1][gc,age       ] GC(41) Age table with threshold 6 (max threshold 6)
[2020-09-11T12:36:15.473+0000][1][gc,age       ] GC(41) - age   1:        368 bytes,        368 total
[2020-09-11T12:36:15.473+0000][1][gc,age       ] GC(41) - age   2:     381008 bytes,     381376 total
[2020-09-11T12:36:15.473+0000][1][gc,age       ] GC(41) - age   3:     301304 bytes,     682680 total
[2020-09-11T12:36:15.473+0000][1][gc,age       ] GC(41) - age   4:     954768 bytes,    1637448 total
[2020-09-11T12:36:15.473+0000][1][gc,age       ] GC(41) - age   5:     263312 bytes,    1900760 total
[2020-09-11T12:36:15.473+0000][1][gc,age       ] GC(41) - age   6:     296776 bytes,    2197536 total
[2020-09-11T12:36:15.473+0000][1][gc,heap      ] GC(41) ParNew: 70662K->2156K(76672K)
[2020-09-11T12:36:15.473+0000][1][gc,heap      ] GC(41) CMS: 46373K->46704K(439104K)
[2020-09-11T12:36:15.473+0000][1][gc,metaspace ] GC(41) Metaspace: 32395K->32395K(1079296K)
[2020-09-11T12:36:15.473+0000][1][gc           ] GC(41) Pause Young (Allocation Failure) 114M->47M(503M) 3.544ms
[2020-09-11T12:36:15.473+0000][1][gc,cpu       ] GC(41) User=0.01s Sys=0.00s Real=0.00s
[2020-09-11T12:36:15.482+0000][1][safepoint    ] Safepoint "GenCollectForAllocation", Time since last: 291974450 ns, Reaching safepoint: 2056503 ns, At safepoint: 12150732 ns, Total: 14207235 ns
[2020-09-11T12:36:15.683+0000][1][gc,start     ] GC(42) Pause Young (Allocation Failure)
[2020-09-11T12:36:15.683+0000][1][gc,task      ] GC(42) Using 1 workers of 1 for evacuation
[2020-09-11T12:36:15.686+0000][1][gc,age       ] GC(42) Desired survivor size 4358144 bytes, new threshold 6 (max threshold 6)
[2020-09-11T12:36:15.686+0000][1][gc,age       ] GC(42) Age table with threshold 6 (max threshold 6)
[2020-09-11T12:36:15.686+0000][1][gc,age       ] GC(42) - age   1:        160 bytes,        160 total
[2020-09-11T12:36:15.686+0000][1][gc,age       ] GC(42) - age   2:        160 bytes,        320 total
[2020-09-11T12:36:15.686+0000][1][gc,age       ] GC(42) - age   3:     381008 bytes,     381328 total
[2020-09-11T12:36:15.686+0000][1][gc,age       ] GC(42) - age   4:     301304 bytes,     682632 total
[2020-09-11T12:36:15.686+0000][1][gc,age       ] GC(42) - age   5:     954768 bytes,    1637400 total
[2020-09-11T12:36:15.686+0000][1][gc,age       ] GC(42) - age   6:     263312 bytes,    1900712 total
[2020-09-11T12:36:15.686+0000][1][gc,heap      ] GC(42) ParNew: 70316K->1869K(76672K)
[2020-09-11T12:36:15.686+0000][1][gc,heap      ] GC(42) CMS: 46704K->46994K(439104K)
[2020-09-11T12:36:15.686+0000][1][gc,metaspace ] GC(42) Metaspace: 32395K->32395K(1079296K)
[2020-09-11T12:36:15.686+0000][1][gc           ] GC(42) Pause Young (Allocation Failure) 114M->47M(503M) 3.232ms
[2020-09-11T12:36:15.686+0000][1][gc,cpu       ] GC(42) User=0.00s Sys=0.00s Real=0.01s
[2020-09-11T12:36:15.686+0000][1][safepoint    ] Safepoint "GenCollectForAllocation", Time since last: 201149654 ns, Reaching safepoint: 118691 ns, At safepoint: 3285817 ns, Total: 3404508 ns
[2020-09-11T12:36:15.892+0000][1][gc,start     ] GC(43) Pause Young (Allocation Failure)
[2020-09-11T12:36:15.892+0000][1][gc,task      ] GC(43) Using 1 workers of 1 for evacuation
[2020-09-11T12:36:15.895+0000][1][gc,age       ] GC(43) Desired survivor size 4358144 bytes, new threshold 6 (max threshold 6)
[2020-09-11T12:36:15.895+0000][1][gc,age       ] GC(43) Age table with threshold 6 (max threshold 6)
[2020-09-11T12:36:15.895+0000][1][gc,age       ] GC(43) - age   1:        216 bytes,        216 total
[2020-09-11T12:36:15.895+0000][1][gc,age       ] GC(43) - age   3:        160 bytes,        376 total
[2020-09-11T12:36:15.895+0000][1][gc,age       ] GC(43) - age   4:     381008 bytes,     381384 total
[2020-09-11T12:36:15.895+0000][1][gc,age       ] GC(43) - age   5:     301304 bytes,     682688 total
[2020-09-11T12:36:15.895+0000][1][gc,age       ] GC(43) - age   6:     954768 bytes,    1637456 total
[2020-09-11T12:36:15.895+0000][1][gc,heap      ] GC(43) ParNew: 70029K->1629K(76672K)
[2020-09-11T12:36:15.895+0000][1][gc,heap      ] GC(43) CMS: 46994K->47251K(439104K)
[2020-09-11T12:36:15.895+0000][1][gc,metaspace ] GC(43) Metaspace: 32395K->32395K(1079296K)
[2020-09-11T12:36:15.895+0000][1][gc           ] GC(43) Pause Young (Allocation Failure) 114M->47M(503M) 3.118ms
[2020-09-11T12:36:15.895+0000][1][gc,cpu       ] GC(43) User=0.01s Sys=0.00s Real=0.00s
[2020-09-11T12:36:15.895+0000][1][safepoint    ] Safepoint "GenCollectForAllocation", Time since last: 201255050 ns, Reaching safepoint: 4138088 ns, At safepoint: 3877898 ns, Total: 8015986 ns
[2020-09-11T12:36:16.111+0000][1][gc,start     ] GC(44) Pause Young (Allocation Failure)
[2020-09-11T12:36:16.112+0000][1][gc,task      ] GC(44) Using 1 workers of 1 for evacuation
[2020-09-11T12:36:16.114+0000][1][gc,age       ] GC(44) Desired survivor size 4358144 bytes, new threshold 6 (max threshold 6)
[2020-09-11T12:36:16.114+0000][1][gc,age       ] GC(44) Age table with threshold 6 (max threshold 6)
[2020-09-11T12:36:16.114+0000][1][gc,age       ] GC(44) - age   1:         56 bytes,         56 total
[2020-09-11T12:36:16.114+0000][1][gc,age       ] GC(44) - age   4:        160 bytes,        216 total
[2020-09-11T12:36:16.114+0000][1][gc,age       ] GC(44) - age   5:     381008 bytes,     381224 total
[2020-09-11T12:36:16.114+0000][1][gc,age       ] GC(44) - age   6:     301304 bytes,     682528 total
[2020-09-11T12:36:16.114+0000][1][gc,heap      ] GC(44) ParNew: 69789K->1074K(76672K)
[2020-09-11T12:36:16.114+0000][1][gc,heap      ] GC(44) CMS: 47251K->48184K(439104K)
[2020-09-11T12:36:16.114+0000][1][gc,metaspace ] GC(44) Metaspace: 32395K->32395K(1079296K)
[2020-09-11T12:36:16.114+0000][1][gc           ] GC(44) Pause Young (Allocation Failure) 114M->48M(503M) 2.842ms
[2020-09-11T12:36:16.114+0000][1][gc,cpu       ] GC(44) User=0.00s Sys=0.00s Real=0.00s
[2020-09-11T12:36:16.123+0000][1][safepoint    ] Safepoint "GenCollectForAllocation", Time since last: 211961861 ns, Reaching safepoint: 4042697 ns, At safepoint: 11972480 ns, Total: 16015177 ns
[2020-09-11T12:36:16.318+0000][1][gc,start     ] GC(45) Pause Young (Allocation Failure)
[2020-09-11T12:36:16.318+0000][1][gc,task      ] GC(45) Using 1 workers of 1 for evacuation
[2020-09-11T12:36:16.326+0000][1][gc,age       ] GC(45) Desired survivor size 4358144 bytes, new threshold 6 (max threshold 6)
[2020-09-11T12:36:16.326+0000][1][gc,age       ] GC(45) Age table with threshold 6 (max threshold 6)
[2020-09-11T12:36:16.326+0000][1][gc,age       ] GC(45) - age   5:        160 bytes,        160 total
[2020-09-11T12:36:16.326+0000][1][gc,age       ] GC(45) - age   6:     381008 bytes,     381168 total
[2020-09-11T12:36:16.326+0000][1][gc,heap      ] GC(45) ParNew: 69234K->651K(76672K)
[2020-09-11T12:36:16.326+0000][1][gc,heap      ] GC(45) CMS: 48184K->48478K(439104K)
[2020-09-11T12:36:16.326+0000][1][gc,metaspace ] GC(45) Metaspace: 32395K->32395K(1079296K)
[2020-09-11T12:36:16.326+0000][1][gc           ] GC(45) Pause Young (Allocation Failure) 114M->47M(503M) 8.925ms
[2020-09-11T12:36:16.326+0000][1][gc,cpu       ] GC(45) User=0.00s Sys=0.00s Real=0.01s
[2020-09-11T12:36:16.326+0000][1][safepoint    ] Safepoint "GenCollectForAllocation", Time since last: 192924869 ns, Reaching safepoint: 1140983 ns, At safepoint: 8979828 ns, Total: 10120811 ns
[2020-09-11T12:36:16.534+0000][1][gc,start     ] GC(46) Pause Young (Allocation Failure)
[2020-09-11T12:36:16.534+0000][1][gc,task      ] GC(46) Using 1 workers of 1 for evacuation
[2020-09-11T12:36:16.540+0000][1][gc,age       ] GC(46) Desired survivor size 4358144 bytes, new threshold 6 (max threshold 6)
[2020-09-11T12:36:16.540+0000][1][gc,age       ] GC(46) Age table with threshold 6 (max threshold 6)
[2020-09-11T12:36:16.540+0000][1][gc,age       ] GC(46) - age   1:        232 bytes,        232 total
[2020-09-11T12:36:16.540+0000][1][gc,age       ] GC(46) - age   6:        160 bytes,        392 total
[2020-09-11T12:36:16.540+0000][1][gc,heap      ] GC(46) ParNew: 68811K->221K(76672K)
[2020-09-11T12:36:16.540+0000][1][gc,heap      ] GC(46) CMS: 48478K->48850K(439104K)
[2020-09-11T12:36:16.540+0000][1][gc,metaspace ] GC(46) Metaspace: 32395K->32395K(1079296K)
[2020-09-11T12:36:16.540+0000][1][gc           ] GC(46) Pause Young (Allocation Failure) 114M->47M(503M) 6.877ms
[2020-09-11T12:36:16.540+0000][1][gc,cpu       ] GC(46) User=0.00s Sys=0.00s Real=0.01s
[2020-09-11T12:36:16.540+0000][1][safepoint    ] Safepoint "GenCollectForAllocation", Time since last: 205371033 ns, Reaching safepoint: 1678364 ns, At safepoint: 6932789 ns, Total: 8611153 ns
[2020-09-11T12:36:16.743+0000][1][gc,start     ] GC(47) Pause Young (Allocation Failure)
[2020-09-11T12:36:16.744+0000][1][gc,task      ] GC(47) Using 1 workers of 1 for evacuation
[2020-09-11T12:36:16.746+0000][1][gc,age       ] GC(47) Desired survivor size 4358144 bytes, new threshold 6 (max threshold 6)
[2020-09-11T12:36:16.746+0000][1][gc,age       ] GC(47) Age table with threshold 6 (max threshold 6)
[2020-09-11T12:36:16.746+0000][1][gc,age       ] GC(47) - age   1:         88 bytes,         88 total
[2020-09-11T12:36:16.746+0000][1][gc,heap      ] GC(47) ParNew: 68381K->55K(76672K)
[2020-09-11T12:36:16.746+0000][1][gc,heap      ] GC(47) CMS: 48850K->48851K(439104K)
[2020-09-11T12:36:16.746+0000][1][gc,metaspace ] GC(47) Metaspace: 32395K->32395K(1079296K)
[2020-09-11T12:36:16.746+0000][1][gc           ] GC(47) Pause Young (Allocation Failure) 114M->47M(503M) 2.282ms
[2020-09-11T12:36:16.746+0000][1][gc,cpu       ] GC(47) User=0.01s Sys=0.00s Real=0.00s
[2020-09-11T12:36:16.751+0000][1][safepoint    ] Safepoint "GenCollectForAllocation", Time since last: 198979366 ns, Reaching safepoint: 3987112 ns, At safepoint: 7884554 ns, Total: 11871666 ns
[2020-09-11T12:36:16.945+0000][1][gc,start     ] GC(48) Pause Young (Allocation Failure)
[2020-09-11T12:36:16.945+0000][1][gc,task      ] GC(48) Using 1 workers of 1 for evacuation
[2020-09-11T12:36:16.947+0000][1][gc,age       ] GC(48) Desired survivor size 4358144 bytes, new threshold 6 (max threshold 6)
[2020-09-11T12:36:16.947+0000][1][gc,age       ] GC(48) Age table with threshold 6 (max threshold 6)
[2020-09-11T12:36:16.947+0000][1][gc,age       ] GC(48) - age   1:         24 bytes,         24 total
[2020-09-11T12:36:16.947+0000][1][gc,heap      ] GC(48) ParNew: 68215K->13K(76672K)
[2020-09-11T12:36:16.947+0000][1][gc,heap      ] GC(48) CMS: 48851K->48851K(439104K)
[2020-09-11T12:36:16.947+0000][1][gc,metaspace ] GC(48) Metaspace: 32395K->32395K(1079296K)
[2020-09-11T12:36:16.947+0000][1][gc           ] GC(48) Pause Young (Allocation Failure) 114M->47M(503M) 2.141ms
[2020-09-11T12:36:16.947+0000][1][gc,cpu       ] GC(48) User=0.00s Sys=0.00s Real=0.00s
[2020-09-11T12:36:16.960+0000][1][safepoint    ] Safepoint "GenCollectForAllocation", Time since last: 192425548 ns, Reaching safepoint: 1475932 ns, At safepoint: 14581752 ns, Total: 16057684 ns
[2020-09-11T12:36:17.163+0000][1][gc,start     ] GC(49) Pause Young (Allocation Failure)
[2020-09-11T12:36:17.164+0000][1][gc,task      ] GC(49) Using 1 workers of 1 for evacuation
[2020-09-11T12:36:17.166+0000][1][gc,age       ] GC(49) Desired survivor size 4358144 bytes, new threshold 6 (max threshold 6)
[2020-09-11T12:36:17.166+0000][1][gc,age       ] GC(49) Age table with threshold 6 (max threshold 6)
[2020-09-11T12:36:17.166+0000][1][gc,age       ] GC(49) - age   1:        240 bytes,        240 total
[2020-09-11T12:36:17.166+0000][1][gc,heap      ] GC(49) ParNew: 68173K->3K(76672K)
[2020-09-11T12:36:17.166+0000][1][gc,heap      ] GC(49) CMS: 48851K->48851K(439104K)
[2020-09-11T12:36:17.166+0000][1][gc,metaspace ] GC(49) Metaspace: 32395K->32395K(1079296K)
[2020-09-11T12:36:17.166+0000][1][gc           ] GC(49) Pause Young (Allocation Failure) 114M->47M(503M) 2.198ms
[2020-09-11T12:36:17.166+0000][1][gc,cpu       ] GC(49) User=0.00s Sys=0.00s Real=0.00s
[2020-09-11T12:36:17.166+0000][1][safepoint    ] Safepoint "GenCollectForAllocation", Time since last: 199627536 ns, Reaching safepoint: 4041096 ns, At safepoint: 2259159 ns, Total: 6300255 ns
[2020-09-11T12:36:18.176+0000][1][safepoint    ] Safepoint "Cleanup", Time since last: 1009690424 ns, Reaching safepoint: 114045 ns, At safepoint: 7004 ns, Total: 121049 ns
[2020-09-11T12:36:19.184+0000][1][safepoint    ] Safepoint "Cleanup", Time since last: 1007880267 ns, Reaching safepoint: 913959 ns, At safepoint: 6574 ns, Total: 920533 ns
[2020-09-11T12:36:19.284+0000][1][gc,start     ] GC(50) Pause Young (Allocation Failure)
[2020-09-11T12:36:19.284+0000][1][gc,task      ] GC(50) Using 1 workers of 1 for evacuation
[2020-09-11T12:36:19.286+0000][1][gc,age       ] GC(50) Desired survivor size 4358144 bytes, new threshold 6 (max threshold 6)
[2020-09-11T12:36:19.286+0000][1][gc,age       ] GC(50) Age table with threshold 6 (max threshold 6)
[2020-09-11T12:36:19.286+0000][1][gc,age       ] GC(50) - age   1:      96536 bytes,      96536 total
[2020-09-11T12:36:19.286+0000][1][gc,heap      ] GC(50) ParNew: 68163K->96K(76672K)
[2020-09-11T12:36:19.286+0000][1][gc,heap      ] GC(50) CMS: 48851K->48851K(439104K)
[2020-09-11T12:36:19.286+0000][1][gc,metaspace ] GC(50) Metaspace: 32397K->32397K(1079296K)
[2020-09-11T12:36:19.286+0000][1][gc           ] GC(50) Pause Young (Allocation Failure) 114M->47M(503M) 2.313ms
[2020-09-11T12:36:19.286+0000][1][gc,cpu       ] GC(50) User=0.00s Sys=0.00s Real=0.00s
[2020-09-11T12:36:19.286+0000][1][safepoint    ] Safepoint "GenCollectForAllocation", Time since last: 99114400 ns, Reaching safepoint: 110532 ns, At safepoint: 2369366 ns, Total: 2479898 ns
[2020-09-11T12:36:19.843+0000][1][gc,start     ] GC(51) Pause Young (Allocation Failure)
[2020-09-11T12:36:19.844+0000][1][gc,task      ] GC(51) Using 1 workers of 1 for evacuation
[2020-09-11T12:36:19.846+0000][1][gc,age       ] GC(51) Desired survivor size 4358144 bytes, new threshold 6 (max threshold 6)
[2020-09-11T12:36:19.846+0000][1][gc,age       ] GC(51) Age table with threshold 6 (max threshold 6)
[2020-09-11T12:36:19.846+0000][1][gc,age       ] GC(51) - age   1:     545368 bytes,     545368 total
[2020-09-11T12:36:19.846+0000][1][gc,age       ] GC(51) - age   2:      49696 bytes,     595064 total
[2020-09-11T12:36:19.846+0000][1][gc,heap      ] GC(51) ParNew: 68256K->600K(76672K)
[2020-09-11T12:36:19.846+0000][1][gc,heap      ] GC(51) CMS: 48851K->48851K(439104K)
[2020-09-11T12:36:19.846+0000][1][gc,metaspace ] GC(51) Metaspace: 32397K->32397K(1079296K)
[2020-09-11T12:36:19.846+0000][1][gc           ] GC(51) Pause Young (Allocation Failure) 114M->48M(503M) 2.492ms
[2020-09-11T12:36:19.846+0000][1][gc,cpu       ] GC(51) User=0.00s Sys=0.00s Real=0.00s
[2020-09-11T12:36:19.855+0000][1][safepoint    ] Safepoint "GenCollectForAllocation", Time since last: 555415720 ns, Reaching safepoint: 2096558 ns, At safepoint: 11981889 ns, Total: 14078447 ns
[2020-09-11T12:36:20.319+0000][1][gc,start     ] GC(52) Pause Young (Allocation Failure)
[2020-09-11T12:36:20.319+0000][1][gc,task      ] GC(52) Using 1 workers of 1 for evacuation
[2020-09-11T12:36:20.328+0000][1][gc,age       ] GC(52) Desired survivor size 4358144 bytes, new threshold 6 (max threshold 6)
[2020-09-11T12:36:20.328+0000][1][gc,age       ] GC(52) Age table with threshold 6 (max threshold 6)
[2020-09-11T12:36:20.328+0000][1][gc,age       ] GC(52) - age   1:     644816 bytes,     644816 total
[2020-09-11T12:36:20.328+0000][1][gc,age       ] GC(52) - age   2:     374184 bytes,    1019000 total
[2020-09-11T12:36:20.328+0000][1][gc,age       ] GC(52) - age   3:      48944 bytes,    1067944 total
[2020-09-11T12:36:20.328+0000][1][gc,heap      ] GC(52) ParNew: 68760K->1046K(76672K)
[2020-09-11T12:36:20.328+0000][1][gc,heap      ] GC(52) CMS: 48851K->48851K(439104K)
[2020-09-11T12:36:20.328+0000][1][gc,metaspace ] GC(52) Metaspace: 32397K->32397K(1079296K)
[2020-09-11T12:36:20.328+0000][1][gc           ] GC(52) Pause Young (Allocation Failure) 114M->48M(503M) 9.258ms
[2020-09-11T12:36:20.328+0000][1][gc,cpu       ] GC(52) User=0.00s Sys=0.00s Real=0.01s
[2020-09-11T12:36:20.328+0000][1][safepoint    ] Safepoint "GenCollectForAllocation", Time since last: 462463121 ns, Reaching safepoint: 1112632 ns, At safepoint: 9334468 ns, Total: 10447100 ns
[2020-09-11T12:36:20.680+0000][1][gc,start     ] GC(53) Pause Young (Allocation Failure)
[2020-09-11T12:36:20.680+0000][1][gc,task      ] GC(53) Using 1 workers of 1 for evacuation
[2020-09-11T12:36:20.682+0000][1][gc,age       ] GC(53) Desired survivor size 4358144 bytes, new threshold 6 (max threshold 6)
[2020-09-11T12:36:20.682+0000][1][gc,age       ] GC(53) Age table with threshold 6 (max threshold 6)
[2020-09-11T12:36:20.682+0000][1][gc,age       ] GC(53) - age   1:     347032 bytes,     347032 total
[2020-09-11T12:36:20.682+0000][1][gc,age       ] GC(53) - age   2:     628064 bytes,     975096 total
[2020-09-11T12:36:20.682+0000][1][gc,age       ] GC(53) - age   3:     373536 bytes,    1348632 total
[2020-09-11T12:36:20.682+0000][1][gc,age       ] GC(53) - age   4:      48464 bytes,    1397096 total
[2020-09-11T12:36:20.682+0000][1][gc,heap      ] GC(53) ParNew: 69206K->1378K(76672K)
[2020-09-11T12:36:20.682+0000][1][gc,heap      ] GC(53) CMS: 48851K->48851K(439104K)
[2020-09-11T12:36:20.682+0000][1][gc,metaspace ] GC(53) Metaspace: 32397K->32397K(1079296K)
[2020-09-11T12:36:20.682+0000][1][gc           ] GC(53) Pause Young (Allocation Failure) 115M->49M(503M) 2.733ms
[2020-09-11T12:36:20.682+0000][1][gc,cpu       ] GC(53) User=0.00s Sys=0.00s Real=0.00s
[2020-09-11T12:36:20.695+0000][1][safepoint    ] Safepoint "GenCollectForAllocation", Time since last: 351131733 ns, Reaching safepoint: 105481 ns, At safepoint: 15843611 ns, Total: 15949092 ns
[2020-09-11T12:36:21.268+0000][1][gc,start     ] GC(54) Pause Young (Allocation Failure)
[2020-09-11T12:36:21.268+0000][1][gc,task      ] GC(54) Using 1 workers of 1 for evacuation
[2020-09-11T12:36:21.270+0000][1][gc,age       ] GC(54) Desired survivor size 4358144 bytes, new threshold 6 (max threshold 6)
[2020-09-11T12:36:21.270+0000][1][gc,age       ] GC(54) Age table with threshold 6 (max threshold 6)
[2020-09-11T12:36:21.270+0000][1][gc,age       ] GC(54) - age   1:     930488 bytes,     930488 total
[2020-09-11T12:36:21.270+0000][1][gc,age       ] GC(54) - age   2:     335776 bytes,    1266264 total
[2020-09-11T12:36:21.270+0000][1][gc,age       ] GC(54) - age   3:     299712 bytes,    1565976 total
[2020-09-11T12:36:21.270+0000][1][gc,age       ] GC(54) - age   4:     373376 bytes,    1939352 total
[2020-09-11T12:36:21.270+0000][1][gc,age       ] GC(54) - age   5:      48464 bytes,    1987816 total
[2020-09-11T12:36:21.270+0000][1][gc,heap      ] GC(54) ParNew: 69538K->1943K(76672K)
[2020-09-11T12:36:21.270+0000][1][gc,heap      ] GC(54) CMS: 48851K->48851K(439104K)
[2020-09-11T12:36:21.270+0000][1][gc,metaspace ] GC(54) Metaspace: 32397K->32397K(1079296K)
[2020-09-11T12:36:21.270+0000][1][gc           ] GC(54) Pause Young (Allocation Failure) 115M->49M(503M) 2.704ms
[2020-09-11T12:36:21.270+0000][1][gc,cpu       ] GC(54) User=0.01s Sys=0.00s Real=0.00s
[2020-09-11T12:36:21.270+0000][1][safepoint    ] Safepoint "GenCollectForAllocation", Time since last: 572020249 ns, Reaching safepoint: 116068 ns, At safepoint: 2768468 ns, Total: 2884536 ns
[2020-09-11T12:36:21.651+0000][1][gc,start     ] GC(55) Pause Young (Allocation Failure)
[2020-09-11T12:36:21.652+0000][1][gc,task      ] GC(55) Using 1 workers of 1 for evacuation
[2020-09-11T12:36:21.654+0000][1][gc,age       ] GC(55) Desired survivor size 4358144 bytes, new threshold 6 (max threshold 6)
[2020-09-11T12:36:21.654+0000][1][gc,age       ] GC(55) Age table with threshold 6 (max threshold 6)
[2020-09-11T12:36:21.654+0000][1][gc,age       ] GC(55) - age   1:     315128 bytes,     315128 total
[2020-09-11T12:36:21.654+0000][1][gc,age       ] GC(55) - age   2:     918848 bytes,    1233976 total
[2020-09-11T12:36:21.654+0000][1][gc,age       ] GC(55) - age   3:     331280 bytes,    1565256 total
[2020-09-11T12:36:21.654+0000][1][gc,age       ] GC(55) - age   4:     299072 bytes,    1864328 total
[2020-09-11T12:36:21.654+0000][1][gc,age       ] GC(55) - age   5:     373224 bytes,    2237552 total
[2020-09-11T12:36:21.654+0000][1][gc,age       ] GC(55) - age   6:      48440 bytes,    2285992 total
[2020-09-11T12:36:21.654+0000][1][gc,heap      ] GC(55) ParNew: 70103K->2240K(76672K)
[2020-09-11T12:36:21.654+0000][1][gc,heap      ] GC(55) CMS: 48851K->48851K(439104K)
[2020-09-11T12:36:21.654+0000][1][gc,metaspace ] GC(55) Metaspace: 32397K->32397K(1079296K)
[2020-09-11T12:36:21.654+0000][1][gc           ] GC(55) Pause Young (Allocation Failure) 116M->49M(503M) 2.932ms
[2020-09-11T12:36:21.654+0000][1][gc,cpu       ] GC(55) User=0.01s Sys=0.00s Real=0.00s
[2020-09-11T12:36:21.658+0000][1][safepoint    ] Safepoint "GenCollectForAllocation", Time since last: 372514666 ns, Reaching safepoint: 8616801 ns, At safepoint: 6997840 ns, Total: 15614641 ns
[2020-09-11T12:36:21.859+0000][1][safepoint    ] Safepoint "BulkRevokeBias", Time since last: 196991694 ns, Reaching safepoint: 3988630 ns, At safepoint: 56003 ns, Total: 4044633 ns
[2020-09-11T12:36:22.860+0000][1][safepoint    ] Safepoint "Cleanup", Time since last: 1000106886 ns, Reaching safepoint: 113354 ns, At safepoint: 6085 ns, Total: 119439 ns
[2020-09-11T12:36:22.935+0000][1][safepoint    ] Safepoint "Deoptimize", Time since last: 74970564 ns, Reaching safepoint: 113841 ns, At safepoint: 321701 ns, Total: 435542 ns
[2020-09-11T12:36:23.248+0000][1][safepoint    ] Safepoint "CollectForMetadataAllocation", Time since last: 312271964 ns, Reaching safepoint: 124402 ns, At safepoint: 137468 ns, Total: 261870 ns
[2020-09-11T12:36:23.388+0000][1][safepoint    ] Safepoint "CollectForMetadataAllocation", Time since last: 139777866 ns, Reaching safepoint: 111845 ns, At safepoint: 128944 ns, Total: 240789 ns
[2020-09-11T12:36:23.600+0000][1][safepoint    ] Safepoint "CollectForMetadataAllocation", Time since last: 211759406 ns, Reaching safepoint: 108530 ns, At safepoint: 117448 ns, Total: 225978 ns
[2020-09-11T12:36:23.658+0000][1][gc,start     ] GC(56) Pause Initial Mark
[2020-09-11T12:36:23.834+0000][1][gc           ] GC(56) Pause Initial Mark 115M->115M(503M) 175.440ms
[2020-09-11T12:36:23.834+0000][1][gc,cpu       ] GC(56) User=0.04s Sys=0.00s Real=0.17s
[2020-09-11T12:36:23.848+0000][1][safepoint    ] Safepoint "CMS_Initial_Mark", Time since last: 58155106 ns, Reaching safepoint: 635201 ns, At safepoint: 189067763 ns, Total: 189702964 ns
[2020-09-11T12:36:23.848+0000][1][gc           ] GC(56) Concurrent Mark
[2020-09-11T12:36:23.904+0000][1][safepoint    ] Safepoint "CollectForMetadataAllocation", Time since last: 47282806 ns, Reaching safepoint: 8664382 ns, At safepoint: 111299 ns, Total: 8775681 ns
[2020-09-11T12:36:24.072+0000][1][safepoint    ] Safepoint "CollectForMetadataAllocation", Time since last: 167865426 ns, Reaching safepoint: 55587 ns, At safepoint: 100654 ns, Total: 156241 ns
[2020-09-11T12:36:24.212+0000][1][gc,start     ] GC(57) Pause Young (Allocation Failure)
[2020-09-11T12:36:24.212+0000][1][gc,task      ] GC(57) Using 1 workers of 1 for evacuation
[2020-09-11T12:36:24.239+0000][1][gc,age       ] GC(57) Desired survivor size 4358144 bytes, new threshold 6 (max threshold 6)
[2020-09-11T12:36:24.239+0000][1][gc,age       ] GC(57) Age table with threshold 6 (max threshold 6)
[2020-09-11T12:36:24.239+0000][1][gc,age       ] GC(57) - age   1:    1250760 bytes,    1250760 total
[2020-09-11T12:36:24.239+0000][1][gc,age       ] GC(57) - age   2:     301544 bytes,    1552304 total
[2020-09-11T12:36:24.239+0000][1][gc,age       ] GC(57) - age   3:     918504 bytes,    2470808 total
[2020-09-11T12:36:24.239+0000][1][gc,age       ] GC(57) - age   4:     330656 bytes,    2801464 total
[2020-09-11T12:36:24.239+0000][1][gc,age       ] GC(57) - age   5:     298664 bytes,    3100128 total
[2020-09-11T12:36:24.239+0000][1][gc,age       ] GC(57) - age   6:     373224 bytes,    3473352 total
[2020-09-11T12:36:24.239+0000][1][gc,heap      ] GC(57) ParNew: 70400K->3437K(76672K)
[2020-09-11T12:36:24.239+0000][1][gc,heap      ] GC(57) CMS: 48851K->48895K(439104K)
[2020-09-11T12:36:24.239+0000][1][gc,metaspace ] GC(57) Metaspace: 35523K->35523K(1083392K)
[2020-09-11T12:36:24.239+0000][1][gc           ] GC(57) Pause Young (Allocation Failure) 116M->51M(503M) 27.255ms
[2020-09-11T12:36:24.239+0000][1][gc,cpu       ] GC(57) User=0.01s Sys=0.00s Real=0.03s
[2020-09-11T12:36:24.279+0000][1][safepoint    ] Safepoint "GenCollectForAllocation", Time since last: 119846307 ns, Reaching safepoint: 20059643 ns, At safepoint: 67920583 ns, Total: 87980226 ns
[2020-09-11T12:36:24.343+0000][1][gc           ] GC(56) Concurrent Mark 495.100ms
[2020-09-11T12:36:24.343+0000][1][gc,cpu       ] GC(56) User=0.12s Sys=0.00s Real=0.49s
[2020-09-11T12:36:24.343+0000][1][gc           ] GC(56) Concurrent Preclean
[2020-09-11T12:36:24.366+0000][1][safepoint    ] Safepoint "CollectForMetadataAllocation", Time since last: 86487925 ns, Reaching safepoint: 107106 ns, At safepoint: 141556 ns, Total: 248662 ns
[2020-09-11T12:36:24.408+0000][1][gc           ] GC(56) Concurrent Preclean 65.649ms
[2020-09-11T12:36:24.408+0000][1][gc,cpu       ] GC(56) User=0.02s Sys=0.00s Real=0.07s
[2020-09-11T12:36:24.408+0000][1][gc           ] GC(56) Concurrent Abortable Preclean
[2020-09-11T12:36:24.537+0000][1][safepoint    ] Safepoint "CollectForMetadataAllocation", Time since last: 170348123 ns, Reaching safepoint: 100946 ns, At safepoint: 107502 ns, Total: 208448 ns
[2020-09-11T12:36:25.239+0000][1][gc           ] GC(56) Concurrent Abortable Preclean 830.979ms
[2020-09-11T12:36:25.239+0000][1][gc,cpu       ] GC(56) User=0.20s Sys=0.00s Real=0.83s
[2020-09-11T12:36:25.243+0000][1][gc,start     ] GC(56) Pause Remark
[2020-09-11T12:36:25.337+0000][1][gc           ] GC(56) Pause Remark 109M->109M(503M) 93.234ms
[2020-09-11T12:36:25.337+0000][1][gc,cpu       ] GC(56) User=0.03s Sys=0.00s Real=0.09s
[2020-09-11T12:36:25.379+0000][1][safepoint    ] Safepoint "CMS_Final_Remark", Time since last: 702790477 ns, Reaching safepoint: 3957872 ns, At safepoint: 135269968 ns, Total: 139227840 ns
[2020-09-11T12:36:25.379+0000][1][gc           ] GC(56) Concurrent Sweep
[2020-09-11T12:36:25.469+0000][1][gc,start     ] GC(58) Pause Young (Allocation Failure)
[2020-09-11T12:36:25.469+0000][1][gc,task      ] GC(58) Using 1 workers of 1 for evacuation
[2020-09-11T12:36:25.490+0000][1][gc,age       ] GC(58) Desired survivor size 4358144 bytes, new threshold 6 (max threshold 6)
[2020-09-11T12:36:25.490+0000][1][gc,age       ] GC(58) Age table with threshold 6 (max threshold 6)
[2020-09-11T12:36:25.490+0000][1][gc,age       ] GC(58) - age   1:     347752 bytes,     347752 total
[2020-09-11T12:36:25.490+0000][1][gc,age       ] GC(58) - age   2:    1204704 bytes,    1552456 total
[2020-09-11T12:36:25.490+0000][1][gc,age       ] GC(58) - age   3:     301544 bytes,    1854000 total
[2020-09-11T12:36:25.490+0000][1][gc,age       ] GC(58) - age   4:     918504 bytes,    2772504 total
[2020-09-11T12:36:25.490+0000][1][gc,age       ] GC(58) - age   5:     330656 bytes,    3103160 total
[2020-09-11T12:36:25.490+0000][1][gc,age       ] GC(58) - age   6:     298496 bytes,    3401656 total
[2020-09-11T12:36:25.490+0000][1][gc,heap      ] GC(58) ParNew: 71597K->4119K(76672K)
[2020-09-11T12:36:25.490+0000][1][gc,heap      ] GC(58) CMS: 48686K->49051K(439104K)
[2020-09-11T12:36:25.490+0000][1][gc,metaspace ] GC(58) Metaspace: 36179K->36179K(1083392K)
[2020-09-11T12:36:25.490+0000][1][gc           ] GC(58) Pause Young (Allocation Failure) 117M->51M(503M) 20.689ms
[2020-09-11T12:36:25.490+0000][1][gc,cpu       ] GC(58) User=0.01s Sys=0.00s Real=0.02s
[2020-09-11T12:36:25.507+0000][1][gc           ] GC(56) Concurrent Sweep 127.926ms
[2020-09-11T12:36:25.507+0000][1][gc,cpu       ] GC(56) User=0.03s Sys=0.00s Real=0.13s
[2020-09-11T12:36:25.507+0000][1][safepoint    ] Safepoint "GenCollectForAllocation", Time since last: 80693626 ns, Reaching safepoint: 9982937 ns, At safepoint: 37396816 ns, Total: 47379753 ns
[2020-09-11T12:36:25.535+0000][1][gc           ] GC(56) Concurrent Reset
[2020-09-11T12:36:25.535+0000][1][gc           ] GC(56) Concurrent Reset 0.728ms
[2020-09-11T12:36:25.535+0000][1][gc,cpu       ] GC(56) User=0.00s Sys=0.00s Real=0.00s
[2020-09-11T12:36:25.535+0000][1][gc,heap      ] GC(56) Old: 48851K->48203K(439104K)
[2020-09-11T12:36:26.575+0000][1][safepoint    ] Safepoint "Cleanup", Time since last: 1056608621 ns, Reaching safepoint: 12050954 ns, At safepoint: 15352 ns, Total: 12066306 ns
[2020-09-11T12:36:27.578+0000][1][safepoint    ] Safepoint "Cleanup", Time since last: 1002341299 ns, Reaching safepoint: 194506 ns, At safepoint: 5334 ns, Total: 199840 ns
[2020-09-11T12:36:28.595+0000][1][safepoint    ] Safepoint "Cleanup", Time since last: 1004502305 ns, Reaching safepoint: 12919054 ns, At safepoint: 12566 ns, Total: 12931620 ns
[2020-09-11T12:36:29.600+0000][1][safepoint    ] Safepoint "Cleanup", Time since last: 1003958632 ns, Reaching safepoint: 271988 ns, At safepoint: 6516 ns, Total: 278504 ns
[2020-09-11T12:36:29.896+0000][1][gc,start     ] GC(59) Pause Young (Allocation Failure)
[2020-09-11T12:36:29.896+0000][1][gc,task      ] GC(59) Using 1 workers of 1 for evacuation
[2020-09-11T12:36:29.945+0000][1][gc,age       ] GC(59) Desired survivor size 4358144 bytes, new threshold 4 (max threshold 6)
[2020-09-11T12:36:29.945+0000][1][gc,age       ] GC(59) Age table with threshold 4 (max threshold 6)
[2020-09-11T12:36:29.945+0000][1][gc,age       ] GC(59) - age   1:    2560312 bytes,    2560312 total
[2020-09-11T12:36:29.945+0000][1][gc,age       ] GC(59) - age   2:     302344 bytes,    2862656 total
[2020-09-11T12:36:29.945+0000][1][gc,age       ] GC(59) - age   3:    1202408 bytes,    4065064 total
[2020-09-11T12:36:29.945+0000][1][gc,age       ] GC(59) - age   4:     301544 bytes,    4366608 total
[2020-09-11T12:36:29.945+0000][1][gc,age       ] GC(59) - age   5:     918504 bytes,    5285112 total
[2020-09-11T12:36:29.945+0000][1][gc,age       ] GC(59) - age   6:     330656 bytes,    5615768 total
[2020-09-11T12:36:29.945+0000][1][gc,heap      ] GC(59) ParNew: 72279K->6608K(76672K)
[2020-09-11T12:36:29.945+0000][1][gc,heap      ] GC(59) CMS: 48203K->48495K(439104K)
[2020-09-11T12:36:29.945+0000][1][gc,metaspace ] GC(59) Metaspace: 41270K->41270K(1087488K)
[2020-09-11T12:36:29.945+0000][1][gc           ] GC(59) Pause Young (Allocation Failure) 117M->53M(503M) 49.637ms
[2020-09-11T12:36:29.945+0000][1][gc,cpu       ] GC(59) User=0.01s Sys=0.00s Real=0.05s
[2020-09-11T12:36:29.971+0000][1][safepoint    ] Safepoint "GenCollectForAllocation", Time since last: 295730272 ns, Reaching safepoint: 106723 ns, At safepoint: 75593190 ns, Total: 75699913 ns
[2020-09-11T12:36:32.000+0000][1][safepoint    ] Safepoint "Cleanup", Time since last: 2028321670 ns, Reaching safepoint: 254154 ns, At safepoint: 5261 ns, Total: 259415 ns
[2020-09-11T12:36:33.017+0000][1][safepoint    ] Safepoint "Cleanup", Time since last: 1003444008 ns, Reaching safepoint: 14169459 ns, At safepoint: 14572 ns, Total: 14184031 ns
[2020-09-11T12:36:37.370+0000][1][safepoint    ] Safepoint "RevokeBias", Time since last: 4342495915 ns, Reaching safepoint: 9770064 ns, At safepoint: 52572 ns, Total: 9822636 ns
[2020-09-11T12:36:37.374+0000][1][safepoint    ] Safepoint "RevokeBias", Time since last: 117786 ns, Reaching safepoint: 4081285 ns, At safepoint: 52357 ns, Total: 4133642 ns
[2020-09-11T12:36:37.374+0000][1][safepoint    ] Safepoint "RevokeBias", Time since last: 72266 ns, Reaching safepoint: 86616 ns, At safepoint: 31692 ns, Total: 118308 ns
[2020-09-11T12:36:37.374+0000][1][safepoint    ] Safepoint "RevokeBias", Time since last: 31153 ns, Reaching safepoint: 80630 ns, At safepoint: 30310 ns, Total: 110940 ns
[2020-09-11T12:36:37.374+0000][1][safepoint    ] Safepoint "RevokeBias", Time since last: 30745 ns, Reaching safepoint: 79625 ns, At safepoint: 32483 ns, Total: 112108 ns
[2020-09-11T12:36:37.375+0000][1][safepoint    ] Safepoint "RevokeBias", Time since last: 28430 ns, Reaching safepoint: 79091 ns, At safepoint: 31925 ns, Total: 111016 ns
[2020-09-11T12:36:37.375+0000][1][safepoint    ] Safepoint "RevokeBias", Time since last: 40753 ns, Reaching safepoint: 78871 ns, At safepoint: 31229 ns, Total: 110100 ns
[2020-09-11T12:36:37.375+0000][1][safepoint    ] Safepoint "RevokeBias", Time since last: 29792 ns, Reaching safepoint: 78841 ns, At safepoint: 31638 ns, Total: 110479 ns
[2020-09-11T12:36:37.375+0000][1][safepoint    ] Safepoint "RevokeBias", Time since last: 26969 ns, Reaching safepoint: 78604 ns, At safepoint: 31341 ns, Total: 109945 ns
[2020-09-11T12:36:37.375+0000][1][safepoint    ] Safepoint "RevokeBias", Time since last: 27100 ns, Reaching safepoint: 78822 ns, At safepoint: 31482 ns, Total: 110304 ns
[2020-09-11T12:36:37.375+0000][1][safepoint    ] Safepoint "RevokeBias", Time since last: 27172 ns, Reaching safepoint: 78858 ns, At safepoint: 31332 ns, Total: 110190 ns
[2020-09-11T12:36:37.375+0000][1][safepoint    ] Safepoint "RevokeBias", Time since last: 29311 ns, Reaching safepoint: 78438 ns, At safepoint: 31995 ns, Total: 110433 ns
[2020-09-11T12:36:37.384+0000][1][safepoint    ] Safepoint "RevokeBias", Time since last: 8084777 ns, Reaching safepoint: 103781 ns, At safepoint: 58702 ns, Total: 162483 ns
[2020-09-11T12:36:37.384+0000][1][safepoint    ] Safepoint "RevokeBias", Time since last: 97013 ns, Reaching safepoint: 82804 ns, At safepoint: 35223 ns, Total: 118027 ns
[2020-09-11T12:36:37.384+0000][1][safepoint    ] Safepoint "RevokeBias", Time since last: 38595 ns, Reaching safepoint: 81600 ns, At safepoint: 33724 ns, Total: 115324 ns
[2020-09-11T12:36:37.384+0000][1][safepoint    ] Safepoint "RevokeBias", Time since last: 84319 ns, Reaching safepoint: 82088 ns, At safepoint: 33863 ns, Total: 115951 ns
[2020-09-11T12:36:37.388+0000][1][safepoint    ] Safepoint "RevokeBias", Time since last: 3235058 ns, Reaching safepoint: 107853 ns, At safepoint: 43888 ns, Total: 151741 ns
[2020-09-11T12:36:39.905+0000][1][safepoint    ] Safepoint "Cleanup", Time since last: 2511842420 ns, Reaching safepoint: 5110033 ns, At safepoint: 8963 ns, Total: 5118996 ns
[2020-09-11T12:36:40.911+0000][1][safepoint    ] Safepoint "Cleanup", Time since last: 1005677814 ns, Reaching safepoint: 1225342 ns, At safepoint: 5892 ns, Total: 1231234 ns
[2020-09-11T12:36:41.912+0000][1][safepoint    ] Safepoint "Cleanup", Time since last: 1000108200 ns, Reaching safepoint: 135058 ns, At safepoint: 7048 ns, Total: 142106 ns
[2020-09-11T12:36:42.313+0000][1][gc,start     ] GC(60) Pause Young (Allocation Failure)
[2020-09-11T12:36:42.313+0000][1][gc,task      ] GC(60) Using 1 workers of 1 for evacuation
[2020-09-11T12:36:42.366+0000][1][gc,age       ] GC(60) Desired survivor size 4358144 bytes, new threshold 2 (max threshold 6)
[2020-09-11T12:36:42.366+0000][1][gc,age       ] GC(60) Age table with threshold 2 (max threshold 6)
[2020-09-11T12:36:42.366+0000][1][gc,age       ] GC(60) - age   1:    2763472 bytes,    2763472 total
[2020-09-11T12:36:42.366+0000][1][gc,age       ] GC(60) - age   2:    2469232 bytes,    5232704 total
[2020-09-11T12:36:42.366+0000][1][gc,age       ] GC(60) - age   3:     302296 bytes,    5535000 total
[2020-09-11T12:36:42.366+0000][1][gc,age       ] GC(60) - age   4:    1202256 bytes,    6737256 total
[2020-09-11T12:36:42.366+0000][1][gc,heap      ] GC(60) ParNew: 74768K->8512K(76672K)
[2020-09-11T12:36:42.366+0000][1][gc,heap      ] GC(60) CMS: 48495K->50009K(439104K)
[2020-09-11T12:36:42.366+0000][1][gc,metaspace ] GC(60) Metaspace: 47182K->47182K(1093632K)
[2020-09-11T12:36:42.366+0000][1][gc           ] GC(60) Pause Young (Allocation Failure) 120M->57M(503M) 53.435ms
[2020-09-11T12:36:42.366+0000][1][gc,cpu       ] GC(60) User=0.02s Sys=0.00s Real=0.06s
[2020-09-11T12:36:42.383+0000][1][safepoint    ] Safepoint "GenCollectForAllocation", Time since last: 400981830 ns, Reaching safepoint: 121602 ns, At safepoint: 70653217 ns, Total: 70774819 ns
[2020-09-11T12:36:42.464+0000][1][safepoint    ] Safepoint "RevokeBias", Time since last: 80000122 ns, Reaching safepoint: 116206 ns, At safepoint: 16835 ns, Total: 133041 ns
[2020-09-11T12:36:42.464+0000][1][safepoint    ] Safepoint "RevokeBias", Time since last: 87173 ns, Reaching safepoint: 79844 ns, At safepoint: 8987 ns, Total: 88831 ns
[2020-09-11T12:36:42.464+0000][1][safepoint    ] Safepoint "RevokeBias", Time since last: 45937 ns, Reaching safepoint: 78693 ns, At safepoint: 8316 ns, Total: 87009 ns
[2020-09-11T12:36:42.464+0000][1][safepoint    ] Safepoint "RevokeBias", Time since last: 31524 ns, Reaching safepoint: 79996 ns, At safepoint: 8490 ns, Total: 88486 ns
[2020-09-11T12:36:42.889+0000][1][safepoint    ] Safepoint "RevokeBias", Time since last: 425234827 ns, Reaching safepoint: 112761 ns, At safepoint: 30147 ns, Total: 142908 ns
[2020-09-11T12:36:42.901+0000][1][safepoint    ] Safepoint "RevokeBias", Time since last: 11748992 ns, Reaching safepoint: 97424 ns, At safepoint: 33418 ns, Total: 130842 ns
[2020-09-11T12:36:43.754+0000][1][safepoint    ] Safepoint "RevokeBias", Time since last: 844352079 ns, Reaching safepoint: 8559063 ns, At safepoint: 32796 ns, Total: 8591859 ns
[2020-09-11T12:36:43.755+0000][1][safepoint    ] Safepoint "RevokeBias", Time since last: 248252 ns, Reaching safepoint: 86004 ns, At safepoint: 18444 ns, Total: 104448 ns
[2020-09-11T12:36:43.755+0000][1][safepoint    ] Safepoint "RevokeBias", Time since last: 44078 ns, Reaching safepoint: 80990 ns, At safepoint: 16342 ns, Total: 97332 ns
[2020-09-11T12:36:43.972+0000][1][safepoint    ] Safepoint "RevokeBias", Time since last: 216857925 ns, Reaching safepoint: 448096 ns, At safepoint: 40309 ns, Total: 488405 ns
[2020-09-11T12:36:43.973+0000][1][safepoint    ] Safepoint "RevokeBias", Time since last: 371672 ns, Reaching safepoint: 85994 ns, At safepoint: 32557 ns, Total: 118551 ns
[2020-09-11T12:36:43.973+0000][1][safepoint    ] Safepoint "RevokeBias", Time since last: 107927 ns, Reaching safepoint: 82831 ns, At safepoint: 22674 ns, Total: 105505 ns
[2020-09-11T12:36:43.976+0000][1][safepoint    ] Safepoint "RevokeBias", Time since last: 3225751 ns, Reaching safepoint: 90705 ns, At safepoint: 27399 ns, Total: 118104 ns
[2020-09-11T12:36:43.980+0000][1][safepoint    ] Safepoint "RevokeBias", Time since last: 3628853 ns, Reaching safepoint: 84278 ns, At safepoint: 28185 ns, Total: 112463 ns
[2020-09-11T12:36:44.004+0000][1][safepoint    ] Safepoint "RevokeBias", Time since last: 11794007 ns, Reaching safepoint: 11841603 ns, At safepoint: 47831 ns, Total: 11889434 ns
[2020-09-11T12:36:44.005+0000][1][safepoint    ] Safepoint "RevokeBias", Time since last: 982687 ns, Reaching safepoint: 426838 ns, At safepoint: 35583 ns, Total: 462421 ns
[2020-09-11T12:36:44.005+0000][1][safepoint    ] Safepoint "RevokeBias", Time since last: 70917 ns, Reaching safepoint: 82358 ns, At safepoint: 25118 ns, Total: 107476 ns
[2020-09-11T12:36:44.005+0000][1][safepoint    ] Safepoint "RevokeBias", Time since last: 122671 ns, Reaching safepoint: 84101 ns, At safepoint: 24521 ns, Total: 108622 ns
[2020-09-11T12:36:44.007+0000][1][safepoint    ] Safepoint "RevokeBias", Time since last: 31225 ns, Reaching safepoint: 2020946 ns, At safepoint: 27878 ns, Total: 2048824 ns
[2020-09-11T12:36:44.008+0000][1][safepoint    ] Safepoint "RevokeBias", Time since last: 30768 ns, Reaching safepoint: 80595 ns, At safepoint: 25893 ns, Total: 106488 ns
[2020-09-11T12:36:44.008+0000][1][safepoint    ] Safepoint "RevokeBias", Time since last: 27034 ns, Reaching safepoint: 91759 ns, At safepoint: 25232 ns, Total: 116991 ns
[2020-09-11T12:36:44.008+0000][1][safepoint    ] Safepoint "RevokeBias", Time since last: 27656 ns, Reaching safepoint: 79790 ns, At safepoint: 21770 ns, Total: 101560 ns
[2020-09-11T12:36:44.008+0000][1][safepoint    ] Safepoint "RevokeBias", Time since last: 25791 ns, Reaching safepoint: 79201 ns, At safepoint: 21890 ns, Total: 101091 ns
[2020-09-11T12:36:44.008+0000][1][safepoint    ] Safepoint "RevokeBias", Time since last: 28415 ns, Reaching safepoint: 78997 ns, At safepoint: 21097 ns, Total: 100094 ns
[2020-09-11T12:36:44.008+0000][1][safepoint    ] Safepoint "BulkRevokeBias", Time since last: 25604 ns, Reaching safepoint: 79423 ns, At safepoint: 64994 ns, Total: 144417 ns
[2020-09-11T12:36:44.008+0000][1][safepoint    ] Safepoint "RevokeBias", Time since last: 59160 ns, Reaching safepoint: 82039 ns, At safepoint: 25145 ns, Total: 107184 ns
[2020-09-11T12:36:44.009+0000][1][safepoint    ] Safepoint "RevokeBias", Time since last: 30982 ns, Reaching safepoint: 80664 ns, At safepoint: 21996 ns, Total: 102660 ns
[2020-09-11T12:36:44.022+0000][1][safepoint    ] Safepoint "RevokeBias", Time since last: 13254991 ns, Reaching safepoint: 108580 ns, At safepoint: 48794 ns, Total: 157374 ns
[2020-09-11T12:36:44.022+0000][1][safepoint    ] Safepoint "RevokeBias", Time since last: 79884 ns, Reaching safepoint: 81402 ns, At safepoint: 11409 ns, Total: 92811 ns
[2020-09-11T12:36:44.022+0000][1][safepoint    ] Safepoint "RevokeBias", Time since last: 31059 ns, Reaching safepoint: 79496 ns, At safepoint: 10338 ns, Total: 89834 ns
[2020-09-11T12:36:44.027+0000][1][safepoint    ] Safepoint "RevokeBias", Time since last: 924363 ns, Reaching safepoint: 4202514 ns, At safepoint: 27153 ns, Total: 4229667 ns
[2020-09-11T12:36:44.028+0000][1][safepoint    ] Safepoint "RevokeBias", Time since last: 561462 ns, Reaching safepoint: 86634 ns, At safepoint: 23373 ns, Total: 110007 ns
[2020-09-11T12:36:44.028+0000][1][safepoint    ] Safepoint "RevokeBias", Time since last: 34260 ns, Reaching safepoint: 80475 ns, At safepoint: 19070 ns, Total: 99545 ns
[2020-09-11T12:36:44.031+0000][1][safepoint    ] Safepoint "RevokeBias", Time since last: 29764 ns, Reaching safepoint: 3175060 ns, At safepoint: 42470 ns, Total: 3217530 ns
[2020-09-11T12:36:44.032+0000][1][safepoint    ] Safepoint "RevokeBias", Time since last: 65791 ns, Reaching safepoint: 83684 ns, At safepoint: 25371 ns, Total: 109055 ns
[2020-09-11T12:36:44.032+0000][1][safepoint    ] Safepoint "RevokeBias", Time since last: 31404 ns, Reaching safepoint: 81063 ns, At safepoint: 22312 ns, Total: 103375 ns
[2020-09-11T12:36:44.032+0000][1][safepoint    ] Safepoint "RevokeBias", Time since last: 29530 ns, Reaching safepoint: 79892 ns, At safepoint: 18530 ns, Total: 98422 ns
[2020-09-11T12:36:44.032+0000][1][safepoint    ] Safepoint "RevokeBias", Time since last: 31691 ns, Reaching safepoint: 79615 ns, At safepoint: 18078 ns, Total: 97693 ns
[2020-09-11T12:36:44.032+0000][1][safepoint    ] Safepoint "RevokeBias", Time since last: 28965 ns, Reaching safepoint: 79148 ns, At safepoint: 17866 ns, Total: 97014 ns
[2020-09-11T12:36:44.032+0000][1][safepoint    ] Safepoint "RevokeBias", Time since last: 28477 ns, Reaching safepoint: 81051 ns, At safepoint: 25678 ns, Total: 106729 ns
[2020-09-11T12:36:44.032+0000][1][safepoint    ] Safepoint "RevokeBias", Time since last: 28600 ns, Reaching safepoint: 80274 ns, At safepoint: 23564 ns, Total: 103838 ns
[2020-09-11T12:36:44.033+0000][1][safepoint    ] Safepoint "RevokeBias", Time since last: 28505 ns, Reaching safepoint: 79823 ns, At safepoint: 19000 ns, Total: 98823 ns
[2020-09-11T12:36:44.033+0000][1][safepoint    ] Safepoint "RevokeBias", Time since last: 27707 ns, Reaching safepoint: 82364 ns, At safepoint: 24647 ns, Total: 107011 ns
[2020-09-11T12:36:44.033+0000][1][safepoint    ] Safepoint "RevokeBias", Time since last: 30412 ns, Reaching safepoint: 81244 ns, At safepoint: 19205 ns, Total: 100449 ns
[2020-09-11T12:36:44.033+0000][1][safepoint    ] Safepoint "RevokeBias", Time since last: 28830 ns, Reaching safepoint: 79446 ns, At safepoint: 19163 ns, Total: 98609 ns
[2020-09-11T12:36:44.033+0000][1][safepoint    ] Safepoint "RevokeBias", Time since last: 27900 ns, Reaching safepoint: 80327 ns, At safepoint: 24547 ns, Total: 104874 ns
[2020-09-11T12:36:44.033+0000][1][safepoint    ] Safepoint "BulkRevokeBias", Time since last: 28636 ns, Reaching safepoint: 79387 ns, At safepoint: 66302 ns, Total: 145689 ns
[2020-09-11T12:36:44.034+0000][1][safepoint    ] Safepoint "RevokeBias", Time since last: 167053 ns, Reaching safepoint: 83259 ns, At safepoint: 26883 ns, Total: 110142 ns
[2020-09-11T12:36:44.034+0000][1][safepoint    ] Safepoint "RevokeBias", Time since last: 73617 ns, Reaching safepoint: 81980 ns, At safepoint: 23280 ns, Total: 105260 ns
[2020-09-11T12:36:44.034+0000][1][safepoint    ] Safepoint "RevokeBias", Time since last: 58252 ns, Reaching safepoint: 80600 ns, At safepoint: 21418 ns, Total: 102018 ns
[2020-09-11T12:36:44.036+0000][1][safepoint    ] Safepoint "RevokeBias", Time since last: 1562527 ns, Reaching safepoint: 92564 ns, At safepoint: 27455 ns, Total: 120019 ns
[2020-09-11T12:36:44.036+0000][1][safepoint    ] Safepoint "RevokeBias", Time since last: 50977 ns, Reaching safepoint: 85635 ns, At safepoint: 20931 ns, Total: 106566 ns
[2020-09-11T12:36:44.036+0000][1][safepoint    ] Safepoint "RevokeBias", Time since last: 115278 ns, Reaching safepoint: 83195 ns, At safepoint: 20548 ns, Total: 103743 ns
[2020-09-11T12:36:44.044+0000][1][safepoint    ] Safepoint "RevokeBias", Time since last: 7799088 ns, Reaching safepoint: 108015 ns, At safepoint: 38340 ns, Total: 146355 ns
[2020-09-11T12:36:44.044+0000][1][safepoint    ] Safepoint "RevokeBias", Time since last: 86772 ns, Reaching safepoint: 83400 ns, At safepoint: 24814 ns, Total: 108214 ns
[2020-09-11T12:36:44.044+0000][1][safepoint    ] Safepoint "RevokeBias", Time since last: 119178 ns, Reaching safepoint: 83809 ns, At safepoint: 20211 ns, Total: 104020 ns
[2020-09-11T12:36:44.044+0000][1][safepoint    ] Safepoint "RevokeBias", Time since last: 47102 ns, Reaching safepoint: 80639 ns, At safepoint: 19356 ns, Total: 99995 ns
[2020-09-11T12:36:44.045+0000][1][safepoint    ] Safepoint "RevokeBias", Time since last: 29584 ns, Reaching safepoint: 78686 ns, At safepoint: 18302 ns, Total: 96988 ns
[2020-09-11T12:36:44.045+0000][1][safepoint    ] Safepoint "RevokeBias", Time since last: 28279 ns, Reaching safepoint: 80491 ns, At safepoint: 25756 ns, Total: 106247 ns
[2020-09-11T12:36:44.045+0000][1][safepoint    ] Safepoint "RevokeBias", Time since last: 666733 ns, Reaching safepoint: 83100 ns, At safepoint: 19295 ns, Total: 102395 ns
[2020-09-11T12:36:44.046+0000][1][safepoint    ] Safepoint "RevokeBias", Time since last: 626430 ns, Reaching safepoint: 84477 ns, At safepoint: 22482 ns, Total: 106959 ns
[2020-09-11T12:36:44.046+0000][1][safepoint    ] Safepoint "RevokeBias", Time since last: 124206 ns, Reaching safepoint: 82683 ns, At safepoint: 19732 ns, Total: 102415 ns
[2020-09-11T12:36:44.047+0000][1][safepoint    ] Safepoint "RevokeBias", Time since last: 323522 ns, Reaching safepoint: 83888 ns, At safepoint: 19743 ns, Total: 103631 ns
[2020-09-11T12:36:44.052+0000][1][safepoint    ] Safepoint "RevokeBias", Time since last: 5098365 ns, Reaching safepoint: 99850 ns, At safepoint: 30086 ns, Total: 129936 ns
[2020-09-11T12:36:44.052+0000][1][safepoint    ] Safepoint "RevokeBias", Time since last: 109476 ns, Reaching safepoint: 82204 ns, At safepoint: 20236 ns, Total: 102440 ns
[2020-09-11T12:36:44.068+0000][1][safepoint    ] Safepoint "RevokeBias", Time since last: 15096864 ns, Reaching safepoint: 125921 ns, At safepoint: 44091 ns, Total: 170012 ns
[2020-09-11T12:36:44.068+0000][1][safepoint    ] Safepoint "BulkRevokeBias", Time since last: 152431 ns, Reaching safepoint: 85450 ns, At safepoint: 65657 ns, Total: 151107 ns
[2020-09-11T12:36:44.081+0000][1][safepoint    ] Safepoint "RevokeBias", Time since last: 13149374 ns, Reaching safepoint: 79300 ns, At safepoint: 42910 ns, Total: 122210 ns
[2020-09-11T12:36:44.088+0000][1][safepoint    ] Safepoint "RevokeBias", Time since last: 6246075 ns, Reaching safepoint: 114555 ns, At safepoint: 38656 ns, Total: 153211 ns
[2020-09-11T12:36:44.100+0000][1][safepoint    ] Safepoint "RevokeBias", Time since last: 11844323 ns, Reaching safepoint: 110401 ns, At safepoint: 42068 ns, Total: 152469 ns
[2020-09-11T12:36:44.100+0000][1][safepoint    ] Safepoint "RevokeBias", Time since last: 617602 ns, Reaching safepoint: 93610 ns, At safepoint: 25943 ns, Total: 119553 ns
[2020-09-11T12:36:44.100+0000][1][safepoint    ] Safepoint "RevokeBias", Time since last: 35135 ns, Reaching safepoint: 82506 ns, At safepoint: 20918 ns, Total: 103424 ns
[2020-09-11T12:36:44.204+0000][1][safepoint    ] Safepoint "RevokeBias", Time since last: 103852732 ns, Reaching safepoint: 100758 ns, At safepoint: 13322 ns, Total: 114080 ns
[2020-09-11T12:36:44.576+0000][1][safepoint    ] Safepoint "RevokeBias", Time since last: 371024654 ns, Reaching safepoint: 125167 ns, At safepoint: 16105 ns, Total: 141272 ns
[2020-09-11T12:36:44.576+0000][1][safepoint    ] Safepoint "RevokeBias", Time since last: 248388 ns, Reaching safepoint: 13430 ns, At safepoint: 7764 ns, Total: 21194 ns
[2020-09-11T12:36:45.120+0000][1][gc,start     ] GC(61) Pause Young (Allocation Failure)
[2020-09-11T12:36:45.120+0000][1][gc,task      ] GC(61) Using 1 workers of 1 for evacuation
[2020-09-11T12:36:45.349+0000][1][gc,age       ] GC(61) Desired survivor size 4358144 bytes, new threshold 2 (max threshold 6)
[2020-09-11T12:36:45.349+0000][1][gc,age       ] GC(61) Age table with threshold 2 (max threshold 6)
[2020-09-11T12:36:45.349+0000][1][gc,age       ] GC(61) - age   1:    2217512 bytes,    2217512 total
[2020-09-11T12:36:45.349+0000][1][gc,age       ] GC(61) - age   2:    2688048 bytes,    4905560 total
[2020-09-11T12:36:45.349+0000][1][gc,heap      ] GC(61) ParNew: 76672K->6100K(76672K)
[2020-09-11T12:36:45.349+0000][1][gc,heap      ] GC(61) CMS: 50009K->53991K(439104K)
[2020-09-11T12:36:45.349+0000][1][gc,metaspace ] GC(61) Metaspace: 52353K->52353K(1097728K)
[2020-09-11T12:36:45.349+0000][1][gc           ] GC(61) Pause Young (Allocation Failure) 123M->58M(503M) 228.992ms
[2020-09-11T12:36:45.349+0000][1][gc,cpu       ] GC(61) User=0.08s Sys=0.00s Real=0.23s
[2020-09-11T12:36:45.349+0000][1][safepoint    ] Safepoint "GenCollectForAllocation", Time since last: 543958063 ns, Reaching safepoint: 107758 ns, At safepoint: 229171588 ns, Total: 229279346 ns
[2020-09-11T12:36:46.681+0000][1][safepoint    ] Safepoint "Cleanup", Time since last: 1321657389 ns, Reaching safepoint: 10171460 ns, At safepoint: 13208 ns, Total: 10184668 ns
[2020-09-11T12:36:47.687+0000][1][safepoint    ] Safepoint "Cleanup", Time since last: 1005485482 ns, Reaching safepoint: 593683 ns, At safepoint: 6863 ns, Total: 600546 ns
[2020-09-11T12:36:48.702+0000][1][safepoint    ] Safepoint "Cleanup", Time since last: 1002766924 ns, Reaching safepoint: 12198566 ns, At safepoint: 16456 ns, Total: 12215022 ns
[2020-09-11T12:36:48.825+0000][1][gc,start     ] GC(62) Pause Young (Allocation Failure)
[2020-09-11T12:36:48.825+0000][1][gc,task      ] GC(62) Using 1 workers of 1 for evacuation
[2020-09-11T12:36:48.903+0000][1][gc,age       ] GC(62) Desired survivor size 4358144 bytes, new threshold 6 (max threshold 6)
[2020-09-11T12:36:48.903+0000][1][gc,age       ] GC(62) Age table with threshold 6 (max threshold 6)
[2020-09-11T12:36:48.903+0000][1][gc,age       ] GC(62) - age   1:    1403888 bytes,    1403888 total
[2020-09-11T12:36:48.903+0000][1][gc,age       ] GC(62) - age   2:    2174440 bytes,    3578328 total
[2020-09-11T12:36:48.904+0000][1][gc,heap      ] GC(62) ParNew: 74260K->5118K(76672K)
[2020-09-11T12:36:48.904+0000][1][gc,heap      ] GC(62) CMS: 53991K->56732K(439104K)
[2020-09-11T12:36:48.904+0000][1][gc,metaspace ] GC(62) Metaspace: 59840K->59840K(1103872K)
[2020-09-11T12:36:48.904+0000][1][gc           ] GC(62) Pause Young (Allocation Failure) 125M->60M(503M) 78.819ms
[2020-09-11T12:36:48.904+0000][1][gc,cpu       ] GC(62) User=0.02s Sys=0.00s Real=0.08s
[2020-09-11T12:36:48.916+0000][1][safepoint    ] Safepoint "GenCollectForAllocation", Time since last: 122627577 ns, Reaching safepoint: 105388 ns, At safepoint: 90815147 ns, Total: 90920535 ns
[2020-09-11T12:36:49.177+0000][1][safepoint    ] Safepoint "CollectForMetadataAllocation", Time since last: 260758001 ns, Reaching safepoint: 115498 ns, At safepoint: 121364 ns, Total: 236862 ns
[2020-09-11T12:36:49.256+0000][1][safepoint    ] Safepoint "CollectForMetadataAllocation", Time since last: 71201412 ns, Reaching safepoint: 8495881 ns, At safepoint: 145659 ns, Total: 8641540 ns
[2020-09-11T12:36:49.324+0000][1][safepoint    ] Safepoint "CollectForMetadataAllocation", Time since last: 67041304 ns, Reaching safepoint: 117330 ns, At safepoint: 110361 ns, Total: 227691 ns
[2020-09-11T12:36:49.513+0000][1][safepoint    ] Safepoint "CollectForMetadataAllocation", Time since last: 189264497 ns, Reaching safepoint: 110463 ns, At safepoint: 353302 ns, Total: 463765 ns
[2020-09-11T12:36:49.634+0000][1][safepoint    ] Safepoint "CollectForMetadataAllocation", Time since last: 120575219 ns, Reaching safepoint: 105720 ns, At safepoint: 177099 ns, Total: 282819 ns
[2020-09-11T12:36:49.801+0000][1][safepoint    ] Safepoint "RevokeBias", Time since last: 166773192 ns, Reaching safepoint: 181318 ns, At safepoint: 32367 ns, Total: 213685 ns
[2020-09-11T12:36:49.803+0000][1][safepoint    ] Safepoint "RevokeBias", Time since last: 97654 ns, Reaching safepoint: 1937779 ns, At safepoint: 33469 ns, Total: 1971248 ns
[2020-09-11T12:36:49.804+0000][1][safepoint    ] Safepoint "RevokeBias", Time since last: 158940 ns, Reaching safepoint: 98347 ns, At safepoint: 24679 ns, Total: 123026 ns
[2020-09-11T12:36:49.824+0000][1][safepoint    ] Safepoint "RevokeBias", Time since last: 20136006 ns, Reaching safepoint: 103062 ns, At safepoint: 31008 ns, Total: 134070 ns
[2020-09-11T12:36:49.976+0000][1][safepoint    ] Safepoint "CollectForMetadataAllocation", Time since last: 151576541 ns, Reaching safepoint: 117630 ns, At safepoint: 131998 ns, Total: 249628 ns
[2020-09-11T12:36:50.162+0000][1][safepoint    ] Safepoint "CollectForMetadataAllocation", Time since last: 185816953 ns, Reaching safepoint: 107340 ns, At safepoint: 127300 ns, Total: 234640 ns
[2020-09-11T12:36:50.463+0000][1][safepoint    ] Safepoint "CollectForMetadataAllocation", Time since last: 293709955 ns, Reaching safepoint: 7668153 ns, At safepoint: 111625 ns, Total: 7779778 ns
[2020-09-11T12:36:50.573+0000][1][safepoint    ] Safepoint "CollectForMetadataAllocation", Time since last: 109585008 ns, Reaching safepoint: 112238 ns, At safepoint: 91271 ns, Total: 203509 ns
[2020-09-11T12:36:50.784+0000][1][safepoint    ] Safepoint "RevokeBias", Time since last: 210434650 ns, Reaching safepoint: 122438 ns, At safepoint: 16064 ns, Total: 138502 ns
[2020-09-11T12:36:50.932+0000][1][gc,start     ] GC(63) Pause Initial Mark
[2020-09-11T12:36:50.993+0000][1][gc           ] GC(63) Pause Initial Mark 92M->92M(503M) 61.870ms
[2020-09-11T12:36:50.994+0000][1][gc,cpu       ] GC(63) User=0.02s Sys=0.00s Real=0.06s
[2020-09-11T12:36:51.035+0000][1][safepoint    ] Safepoint "CMS_Initial_Mark", Time since last: 147892575 ns, Reaching safepoint: 117715 ns, At safepoint: 103814215 ns, Total: 103931930 ns
[2020-09-11T12:36:51.035+0000][1][gc           ] GC(63) Concurrent Mark
[2020-09-11T12:36:51.168+0000][1][safepoint    ] Safepoint "CollectForMetadataAllocation", Time since last: 122438013 ns, Reaching safepoint: 9659795 ns, At safepoint: 129196 ns, Total: 9788991 ns
[2020-09-11T12:36:51.372+0000][1][safepoint    ] Safepoint "Deoptimize", Time since last: 203834577 ns, Reaching safepoint: 55734 ns, At safepoint: 332799 ns, Total: 388533 ns
[2020-09-11T12:36:51.523+0000][1][gc           ] GC(63) Concurrent Mark 487.823ms
[2020-09-11T12:36:51.523+0000][1][gc,cpu       ] GC(63) User=0.16s Sys=0.00s Real=0.48s
[2020-09-11T12:36:51.523+0000][1][gc           ] GC(63) Concurrent Preclean
[2020-09-11T12:36:51.531+0000][1][gc           ] GC(63) Concurrent Preclean 7.370ms
[2020-09-11T12:36:51.531+0000][1][gc,cpu       ] GC(63) User=0.00s Sys=0.00s Real=0.01s
[2020-09-11T12:36:51.531+0000][1][gc           ] GC(63) Concurrent Abortable Preclean
[2020-09-11T12:36:51.545+0000][1][safepoint    ] Safepoint "CollectForMetadataAllocation", Time since last: 172849045 ns, Reaching safepoint: 63491 ns, At safepoint: 114535 ns, Total: 178026 ns
[2020-09-11T12:36:52.004+0000][1][safepoint    ] Safepoint "CollectForMetadataAllocation", Time since last: 447104526 ns, Reaching safepoint: 11504320 ns, At safepoint: 128252 ns, Total: 11632572 ns
[2020-09-11T12:36:52.310+0000][1][safepoint    ] Safepoint "CollectForMetadataAllocation", Time since last: 306370349 ns, Reaching safepoint: 110924 ns, At safepoint: 66632 ns, Total: 177556 ns
[2020-09-11T12:36:52.442+0000][1][safepoint    ] Safepoint "RevokeBias", Time since last: 126531471 ns, Reaching safepoint: 5780136 ns, At safepoint: 17845 ns, Total: 5797981 ns
[2020-09-11T12:36:52.443+0000][1][safepoint    ] Safepoint "RevokeBias", Time since last: 772630 ns, Reaching safepoint: 159355 ns, At safepoint: 12073 ns, Total: 171428 ns
[2020-09-11T12:36:52.447+0000][1][safepoint    ] Safepoint "RevokeBias", Time since last: 374605 ns, Reaching safepoint: 3651904 ns, At safepoint: 29500 ns, Total: 3681404 ns
[2020-09-11T12:36:52.448+0000][1][safepoint    ] Safepoint "RevokeBias", Time since last: 121085 ns, Reaching safepoint: 85518 ns, At safepoint: 10893 ns, Total: 96411 ns
[2020-09-11T12:36:52.448+0000][1][safepoint    ] Safepoint "RevokeBias", Time since last: 43109 ns, Reaching safepoint: 83968 ns, At safepoint: 9421 ns, Total: 93389 ns
[2020-09-11T12:36:52.888+0000][1][safepoint    ] Safepoint "CollectForMetadataAllocation", Time since last: 440040474 ns, Reaching safepoint: 78555 ns, At safepoint: 102249 ns, Total: 180804 ns
[2020-09-11T12:36:53.220+0000][1][safepoint    ] Safepoint "RevokeBias", Time since last: 327508140 ns, Reaching safepoint: 3899133 ns, At safepoint: 51642 ns, Total: 3950775 ns
[2020-09-11T12:36:53.224+0000][1][safepoint    ] Safepoint "RevokeBias", Time since last: 1513200 ns, Reaching safepoint: 2509681 ns, At safepoint: 47103 ns, Total: 2556784 ns
[2020-09-11T12:36:53.228+0000][1][safepoint    ] Safepoint "RevokeBias", Time since last: 93654 ns, Reaching safepoint: 3771633 ns, At safepoint: 50936 ns, Total: 3822569 ns
[2020-09-11T12:36:53.228+0000][1][safepoint    ] Safepoint "RevokeBias", Time since last: 111435 ns, Reaching safepoint: 93016 ns, At safepoint: 31072 ns, Total: 124088 ns
[2020-09-11T12:36:53.228+0000][1][safepoint    ] Safepoint "RevokeBias", Time since last: 117908 ns, Reaching safepoint: 102548 ns, At safepoint: 36721 ns, Total: 139269 ns
[2020-09-11T12:36:53.280+0000][1][safepoint    ] Safepoint "CollectForMetadataAllocation", Time since last: 50410728 ns, Reaching safepoint: 1050420 ns, At safepoint: 84686 ns, Total: 1135106 ns
[2020-09-11T12:36:53.616+0000][1][safepoint    ] Safepoint "CollectForMetadataAllocation", Time since last: 335874434 ns, Reaching safepoint: 73766 ns, At safepoint: 127772 ns, Total: 201538 ns
[2020-09-11T12:36:53.816+0000][1][safepoint    ] Safepoint "CollectForMetadataAllocation", Time since last: 199633439 ns, Reaching safepoint: 103755 ns, At safepoint: 164422 ns, Total: 268177 ns
[2020-09-11T12:36:53.906+0000][1][safepoint    ] Safepoint "CollectForMetadataAllocation", Time since last: 90549841 ns, Reaching safepoint: 48890 ns, At safepoint: 117704 ns, Total: 166594 ns
[2020-09-11T12:36:54.135+0000][1][safepoint    ] Safepoint "RevokeBias", Time since last: 218294900 ns, Reaching safepoint: 10929987 ns, At safepoint: 13549 ns, Total: 10943536 ns
[2020-09-11T12:36:54.270+0000][1][safepoint    ] Safepoint "CollectForMetadataAllocation", Time since last: 134377568 ns, Reaching safepoint: 102444 ns, At safepoint: 88450 ns, Total: 190894 ns
[2020-09-11T12:36:54.501+0000][1][safepoint    ] Safepoint "CollectForMetadataAllocation", Time since last: 230263222 ns, Reaching safepoint: 107488 ns, At safepoint: 113009 ns, Total: 220497 ns
[2020-09-11T12:36:54.639+0000][1][gc,start     ] GC(64) Pause Young (Allocation Failure)
[2020-09-11T12:36:54.639+0000][1][gc,task      ] GC(64) Using 1 workers of 1 for evacuation
[2020-09-11T12:36:54.730+0000][1][gc,age       ] GC(64) Desired survivor size 4358144 bytes, new threshold 2 (max threshold 6)
[2020-09-11T12:36:54.730+0000][1][gc,age       ] GC(64) Age table with threshold 2 (max threshold 6)
[2020-09-11T12:36:54.730+0000][1][gc,age       ] GC(64) - age   1:    3540792 bytes,    3540792 total
[2020-09-11T12:36:54.730+0000][1][gc,age       ] GC(64) - age   2:    1268760 bytes,    4809552 total
[2020-09-11T12:36:54.730+0000][1][gc,age       ] GC(64) - age   3:    2168264 bytes,    6977816 total
[2020-09-11T12:36:54.730+0000][1][gc,heap      ] GC(64) ParNew: 73278K->7800K(76672K)
[2020-09-11T12:36:54.730+0000][1][gc,heap      ] GC(64) CMS: 56732K->56732K(439104K)
[2020-09-11T12:36:54.730+0000][1][gc,metaspace ] GC(64) Metaspace: 66118K->66118K(1110016K)
[2020-09-11T12:36:54.730+0000][1][gc           ] GC(64) Pause Young (Allocation Failure) 126M->63M(503M) 91.552ms
[2020-09-11T12:36:54.730+0000][1][gc,cpu       ] GC(64) User=0.03s Sys=0.00s Real=0.09s
[2020-09-11T12:36:54.762+0000][1][safepoint    ] Safepoint "GenCollectForAllocation", Time since last: 137911175 ns, Reaching safepoint: 52482 ns, At safepoint: 123008528 ns, Total: 123061010 ns
[2020-09-11T12:36:54.920+0000][1][safepoint    ] Safepoint "CollectForMetadataAllocation", Time since last: 157923553 ns, Reaching safepoint: 272745 ns, At safepoint: 315768 ns, Total: 588513 ns
[2020-09-11T12:36:55.159+0000][1][safepoint    ] Safepoint "RevokeBias", Time since last: 227430723 ns, Reaching safepoint: 12033751 ns, At safepoint: 14381 ns, Total: 12048132 ns
[2020-09-11T12:36:55.160+0000][1][safepoint    ] Safepoint "RevokeBias", Time since last: 114265 ns, Reaching safepoint: 10905 ns, At safepoint: 5275 ns, Total: 16180 ns
[2020-09-11T12:36:55.272+0000][1][safepoint    ] Safepoint "CollectForMetadataAllocation", Time since last: 99794296 ns, Reaching safepoint: 12054751 ns, At safepoint: 125076 ns, Total: 12179827 ns
[2020-09-11T12:36:55.396+0000][1][safepoint    ] Safepoint "CollectForMetadataAllocation", Time since last: 124687770 ns, Reaching safepoint: 51253 ns, At safepoint: 104000 ns, Total: 155253 ns
[2020-09-11T12:36:55.708+0000][1][safepoint    ] Safepoint "CollectForMetadataAllocation", Time since last: 301143672 ns, Reaching safepoint: 9896149 ns, At safepoint: 138724 ns, Total: 10034873 ns
[2020-09-11T12:36:55.785+0000][1][safepoint    ] Safepoint "CollectForMetadataAllocation", Time since last: 77029356 ns, Reaching safepoint: 53604 ns, At safepoint: 120291 ns, Total: 173895 ns
[2020-09-11T12:36:56.000+0000][1][safepoint    ] Safepoint "CollectForMetadataAllocation", Time since last: 196580774 ns, Reaching safepoint: 18077221 ns, At safepoint: 125952 ns, Total: 18203173 ns
[2020-09-11T12:36:56.060+0000][1][safepoint    ] Safepoint "CollectForMetadataAllocation", Time since last: 59823765 ns, Reaching safepoint: 67243 ns, At safepoint: 121197 ns, Total: 188440 ns
[2020-09-11T12:36:56.109+0000][1][safepoint    ] Safepoint "Deoptimize", Time since last: 48772140 ns, Reaching safepoint: 49606 ns, At safepoint: 341357 ns, Total: 390963 ns
[2020-09-11T12:36:56.180+0000][1][safepoint    ] Safepoint "Deoptimize", Time since last: 59240016 ns, Reaching safepoint: 11453252 ns, At safepoint: 352318 ns, Total: 11805570 ns
[2020-09-11T12:36:56.212+0000][1][safepoint    ] Safepoint "CollectForMetadataAllocation", Time since last: 24301887 ns, Reaching safepoint: 7350667 ns, At safepoint: 348792 ns, Total: 7699459 ns
[2020-09-11T12:36:56.380+0000][1][safepoint    ] Safepoint "CollectForMetadataAllocation", Time since last: 151636519 ns, Reaching safepoint: 16056556 ns, At safepoint: 232938 ns, Total: 16289494 ns
[2020-09-11T12:36:56.559+0000][1][safepoint    ] Safepoint "CollectForMetadataAllocation", Time since last: 169132220 ns, Reaching safepoint: 10410556 ns, At safepoint: 143625 ns, Total: 10554181 ns
[2020-09-11T12:36:56.645+0000][1][safepoint    ] Safepoint "RevokeBias", Time since last: 85074175 ns, Reaching safepoint: 47261 ns, At safepoint: 18948 ns, Total: 66209 ns
[2020-09-11T12:36:56.648+0000][1][safepoint    ] Safepoint "RevokeBias", Time since last: 2839553 ns, Reaching safepoint: 94075 ns, At safepoint: 22268 ns, Total: 116343 ns
[2020-09-11T12:36:56.648+0000][1][safepoint    ] Safepoint "RevokeBias", Time since last: 653819 ns, Reaching safepoint: 84734 ns, At safepoint: 18416 ns, Total: 103150 ns
[2020-09-11T12:36:56.648+0000][1][safepoint    ] Safepoint "RevokeBias", Time since last: 38809 ns, Reaching safepoint: 79088 ns, At safepoint: 16030 ns, Total: 95118 ns
[2020-09-11T12:36:56.649+0000][1][safepoint    ] Safepoint "RevokeBias", Time since last: 120041 ns, Reaching safepoint: 79706 ns, At safepoint: 17323 ns, Total: 97029 ns
[2020-09-11T12:36:56.649+0000][1][safepoint    ] Safepoint "RevokeBias", Time since last: 487510 ns, Reaching safepoint: 84391 ns, At safepoint: 16535 ns, Total: 100926 ns
[2020-09-11T12:36:56.649+0000][1][safepoint    ] Safepoint "RevokeBias", Time since last: 50301 ns, Reaching safepoint: 81077 ns, At safepoint: 15935 ns, Total: 97012 ns
[2020-09-11T12:36:56.650+0000][1][safepoint    ] Safepoint "RevokeBias", Time since last: 74076 ns, Reaching safepoint: 128697 ns, At safepoint: 16048 ns, Total: 144745 ns
[2020-09-11T12:36:56.654+0000][1][safepoint    ] Safepoint "RevokeBias", Time since last: 4532503 ns, Reaching safepoint: 105383 ns, At safepoint: 28144 ns, Total: 133527 ns
[2020-09-11T12:36:56.663+0000][1][safepoint    ] Safepoint "RevokeBias", Time since last: 5167693 ns, Reaching safepoint: 4041374 ns, At safepoint: 24716 ns, Total: 4066090 ns
[2020-09-11T12:36:56.664+0000][1][safepoint    ] Safepoint "RevokeBias", Time since last: 71007 ns, Reaching safepoint: 83406 ns, At safepoint: 17294 ns, Total: 100700 ns
[2020-09-11T12:36:56.664+0000][1][safepoint    ] Safepoint "RevokeBias", Time since last: 587268 ns, Reaching safepoint: 81550 ns, At safepoint: 17023 ns, Total: 98573 ns
[2020-09-11T12:36:56.664+0000][1][safepoint    ] Safepoint "RevokeBias", Time since last: 74587 ns, Reaching safepoint: 12027 ns, At safepoint: 13273 ns, Total: 25300 ns
[2020-09-11T12:36:56.665+0000][1][safepoint    ] Safepoint "RevokeBias", Time since last: 29690 ns, Reaching safepoint: 9727 ns, At safepoint: 12579 ns, Total: 22306 ns
[2020-09-11T12:36:56.690+0000][1][safepoint    ] Safepoint "RevokeBias", Time since last: 16552428 ns, Reaching safepoint: 8679936 ns, At safepoint: 39254 ns, Total: 8719190 ns
[2020-09-11T12:36:56.690+0000][1][safepoint    ] Safepoint "RevokeBias", Time since last: 337713 ns, Reaching safepoint: 14524 ns, At safepoint: 24620 ns, Total: 39144 ns
[2020-09-11T12:36:56.698+0000][1][safepoint    ] Safepoint "RevokeBias", Time since last: 7064514 ns, Reaching safepoint: 33836 ns, At safepoint: 387104 ns, Total: 420940 ns
[2020-09-11T12:36:56.702+0000][1][safepoint    ] Safepoint "RevokeBias", Time since last: 4460651 ns, Reaching safepoint: 47694 ns, At safepoint: 35774 ns, Total: 83468 ns
[2020-09-11T12:36:56.702+0000][1][safepoint    ] Safepoint "RevokeBias", Time since last: 59135 ns, Reaching safepoint: 12033 ns, At safepoint: 19344 ns, Total: 31377 ns
[2020-09-11T12:36:56.702+0000][1][safepoint    ] Safepoint "RevokeBias", Time since last: 38495 ns, Reaching safepoint: 11283 ns, At safepoint: 16623 ns, Total: 27906 ns
[2020-09-11T12:36:56.702+0000][1][safepoint    ] Safepoint "RevokeBias", Time since last: 33367 ns, Reaching safepoint: 11027 ns, At safepoint: 16106 ns, Total: 27133 ns
[2020-09-11T12:36:56.702+0000][1][safepoint    ] Safepoint "RevokeBias", Time since last: 34280 ns, Reaching safepoint: 10939 ns, At safepoint: 15908 ns, Total: 26847 ns
[2020-09-11T12:36:56.706+0000][1][safepoint    ] Safepoint "RevokeBias", Time since last: 3410959 ns, Reaching safepoint: 102591 ns, At safepoint: 35790 ns, Total: 138381 ns
[2020-09-11T12:36:56.734+0000][1][gc           ] GC(63) Concurrent Abortable Preclean 5203.344ms
[2020-09-11T12:36:56.734+0000][1][gc,cpu       ] GC(63) User=1.69s Sys=0.05s Real=5.20s
[2020-09-11T12:36:56.742+0000][1][gc,start     ] GC(63) Pause Remark
[2020-09-11T12:36:56.804+0000][1][gc           ] GC(63) Pause Remark 87M->87M(503M) 62.067ms
[2020-09-11T12:36:56.804+0000][1][gc,cpu       ] GC(63) User=0.02s Sys=0.00s Real=0.07s
[2020-09-11T12:36:56.828+0000][1][safepoint    ] Safepoint "CMS_Final_Remark", Time since last: 35539708 ns, Reaching safepoint: 101918 ns, At safepoint: 86652963 ns, Total: 86754881 ns
[2020-09-11T12:36:56.828+0000][1][gc           ] GC(63) Concurrent Sweep
[2020-09-11T12:36:56.902+0000][1][safepoint    ] Safepoint "CollectForMetadataAllocation", Time since last: 73174534 ns, Reaching safepoint: 737858 ns, At safepoint: 10471 ns, Total: 748329 ns
[2020-09-11T12:36:56.966+0000][1][safepoint    ] Safepoint "CollectForMetadataAllocation", Time since last: 29644066 ns, Reaching safepoint: 34094895 ns, At safepoint: 159990 ns, Total: 34254885 ns
[2020-09-11T12:36:56.993+0000][1][gc           ] GC(63) Concurrent Sweep 164.870ms
[2020-09-11T12:36:56.993+0000][1][gc,cpu       ] GC(63) User=0.05s Sys=0.00s Real=0.16s
[2020-09-11T12:36:56.993+0000][1][gc           ] GC(63) Concurrent Reset
[2020-09-11T12:36:56.994+0000][1][gc           ] GC(63) Concurrent Reset 0.642ms
[2020-09-11T12:36:56.994+0000][1][gc,cpu       ] GC(63) User=0.00s Sys=0.00s Real=0.00s
[2020-09-11T12:36:56.994+0000][1][gc,heap      ] GC(63) Old: 56732K->55779K(439104K)
[2020-09-11T12:36:57.428+0000][1][safepoint    ] Safepoint "RevokeBias", Time since last: 461293981 ns, Reaching safepoint: 1005671 ns, At safepoint: 18391 ns, Total: 1024062 ns
[2020-09-11T12:36:57.476+0000][1][safepoint    ] Safepoint "Deoptimize", Time since last: 42977727 ns, Reaching safepoint: 4021747 ns, At safepoint: 359859 ns, Total: 4381606 ns
[2020-09-11T12:36:57.660+0000][1][safepoint    ] Safepoint "RevokeBias", Time since last: 180981457 ns, Reaching safepoint: 2674080 ns, At safepoint: 45119 ns, Total: 2719199 ns
[2020-09-11T12:36:57.660+0000][1][safepoint    ] Safepoint "RevokeBias", Time since last: 148164 ns, Reaching safepoint: 89003 ns, At safepoint: 26062 ns, Total: 115065 ns
[2020-09-11T12:36:57.660+0000][1][safepoint    ] Safepoint "BulkRevokeBias", Time since last: 349144 ns, Reaching safepoint: 86173 ns, At safepoint: 71633 ns, Total: 157806 ns
[2020-09-11T12:36:57.702+0000][1][safepoint    ] Safepoint "RevokeBias", Time since last: 39386091 ns, Reaching safepoint: 2139485 ns, At safepoint: 26584 ns, Total: 2166069 ns
[2020-09-11T12:36:57.707+0000][1][safepoint    ] Safepoint "RevokeBias", Time since last: 273586 ns, Reaching safepoint: 5330930 ns, At safepoint: 28589 ns, Total: 5359519 ns
[2020-09-11T12:36:57.712+0000][1][safepoint    ] Safepoint "RevokeBias", Time since last: 4279799 ns, Reaching safepoint: 449027 ns, At safepoint: 43082 ns, Total: 492109 ns
[2020-09-11T12:36:57.713+0000][1][safepoint    ] Safepoint "RevokeBias", Time since last: 251767 ns, Reaching safepoint: 89187 ns, At safepoint: 23026 ns, Total: 112213 ns
[2020-09-11T12:36:57.713+0000][1][safepoint    ] Safepoint "RevokeBias", Time since last: 38929 ns, Reaching safepoint: 84490 ns, At safepoint: 20110 ns, Total: 104600 ns
[2020-09-11T12:36:57.740+0000][1][safepoint    ] Safepoint "RevokeBias", Time since last: 19547244 ns, Reaching safepoint: 7201764 ns, At safepoint: 28183 ns, Total: 7229947 ns
[2020-09-11T12:36:57.741+0000][1][safepoint    ] Safepoint "RevokeBias", Time since last: 77913 ns, Reaching safepoint: 1608782 ns, At safepoint: 32773 ns, Total: 1641555 ns
[2020-09-11T12:36:57.758+0000][1][safepoint    ] Safepoint "RevokeBias", Time since last: 14422457 ns, Reaching safepoint: 1974690 ns, At safepoint: 25429 ns, Total: 2000119 ns
[2020-09-11T12:36:57.759+0000][1][safepoint    ] Safepoint "RevokeBias", Time since last: 321207 ns, Reaching safepoint: 1074283 ns, At safepoint: 17888 ns, Total: 1092171 ns
[2020-09-11T12:36:57.763+0000][1][safepoint    ] Safepoint "RevokeBias", Time since last: 1590296 ns, Reaching safepoint: 2773691 ns, At safepoint: 19354 ns, Total: 2793045 ns
[2020-09-11T12:36:57.767+0000][1][safepoint    ] Safepoint "RevokeBias", Time since last: 133186 ns, Reaching safepoint: 3859722 ns, At safepoint: 26381 ns, Total: 3886103 ns
[2020-09-11T12:36:57.768+0000][1][safepoint    ] Safepoint "RevokeBias", Time since last: 195719 ns, Reaching safepoint: 87387 ns, At safepoint: 11898 ns, Total: 99285 ns
[2020-09-11T12:36:57.791+0000][1][safepoint    ] Safepoint "RevokeBias", Time since last: 19835389 ns, Reaching safepoint: 3836523 ns, At safepoint: 25362 ns, Total: 3861885 ns
[2020-09-11T12:36:58.625+0000][1][safepoint    ] Safepoint "RevokeBias", Time since last: 833509173 ns, Reaching safepoint: 112714 ns, At safepoint: 15750 ns, Total: 128464 ns
[2020-09-11T12:36:58.638+0000][1][safepoint    ] Safepoint "RevokeBias", Time since last: 12953903 ns, Reaching safepoint: 106136 ns, At safepoint: 15823 ns, Total: 121959 ns
[2020-09-11T12:36:58.639+0000][1][safepoint    ] Safepoint "RevokeBias", Time since last: 353272 ns, Reaching safepoint: 86460 ns, At safepoint: 10377 ns, Total: 96837 ns
[2020-09-11T12:36:58.639+0000][1][safepoint    ] Safepoint "RevokeBias", Time since last: 96399 ns, Reaching safepoint: 84728 ns, At safepoint: 9506 ns, Total: 94234 ns
[2020-09-11T12:36:58.657+0000][1][safepoint    ] Safepoint "RevokeBias", Time since last: 17647055 ns, Reaching safepoint: 108732 ns, At safepoint: 13599 ns, Total: 122331 ns
[2020-09-11T12:36:58.657+0000][1][safepoint    ] Safepoint "RevokeBias", Time since last: 52607 ns, Reaching safepoint: 13473 ns, At safepoint: 7877 ns, Total: 21350 ns
[2020-09-11T12:36:58.657+0000][1][safepoint    ] Safepoint "RevokeBias", Time since last: 66238 ns, Reaching safepoint: 14485 ns, At safepoint: 7826 ns, Total: 22311 ns
[2020-09-11T12:36:58.657+0000][1][safepoint    ] Safepoint "RevokeBias", Time since last: 64519 ns, Reaching safepoint: 14219 ns, At safepoint: 7601 ns, Total: 21820 ns
[2020-09-11T12:36:59.647+0000][1][safepoint    ] Safepoint "RevokeBias", Time since last: 990216928 ns, Reaching safepoint: 196795 ns, At safepoint: 36761 ns, Total: 233556 ns
[2020-09-11T12:36:59.648+0000][1][safepoint    ] Safepoint "RevokeBias", Time since last: 176295 ns, Reaching safepoint: 145190 ns, At safepoint: 29097 ns, Total: 174287 ns
[2020-09-11T12:37:00.648+0000][1][safepoint    ] Safepoint "Cleanup", Time since last: 1000133352 ns, Reaching safepoint: 76305 ns, At safepoint: 11827 ns, Total: 88132 ns
[2020-09-11T12:37:00.703+0000][1][safepoint    ] Safepoint "RevokeBias", Time since last: 55376156 ns, Reaching safepoint: 110719 ns, At safepoint: 17040 ns, Total: 127759 ns
[2020-09-11T12:37:01.707+0000][1][safepoint    ] Safepoint "Cleanup", Time since last: 1004041175 ns, Reaching safepoint: 57236 ns, At safepoint: 7270 ns, Total: 64506 ns
[2020-09-11T12:37:02.708+0000][1][safepoint    ] Safepoint "Cleanup", Time since last: 1000153785 ns, Reaching safepoint: 95827 ns, At safepoint: 15833 ns, Total: 111660 ns
[2020-09-11T12:37:03.708+0000][1][safepoint    ] Safepoint "Cleanup", Time since last: 1000191613 ns, Reaching safepoint: 79052 ns, At safepoint: 6770 ns, Total: 85822 ns
[2020-09-11T12:37:04.708+0000][1][safepoint    ] Safepoint "Cleanup", Time since last: 1000151328 ns, Reaching safepoint: 77374 ns, At safepoint: 6599 ns, Total: 83973 ns
[2020-09-11T12:37:05.708+0000][1][safepoint    ] Safepoint "Cleanup", Time since last: 1000115972 ns, Reaching safepoint: 44607 ns, At safepoint: 5738 ns, Total: 50345 ns
[2020-09-11T12:37:06.642+0000][1][safepoint    ] Safepoint "BulkRevokeBias", Time since last: 933275644 ns, Reaching safepoint: 152632 ns, At safepoint: 101747 ns, Total: 254379 ns
[2020-09-11T12:37:06.643+0000][1][safepoint    ] Safepoint "BulkRevokeBias", Time since last: 1206349 ns, Reaching safepoint: 136142 ns, At safepoint: 109932 ns, Total: 246074 ns
[2020-09-11T12:37:07.644+0000][1][safepoint    ] Safepoint "Cleanup", Time since last: 1000930837 ns, Reaching safepoint: 157557 ns, At safepoint: 7053 ns, Total: 164610 ns
[2020-09-11T12:37:08.642+0000][1][safepoint    ] Safepoint "RevokeBias", Time since last: 997690818 ns, Reaching safepoint: 44578 ns, At safepoint: 32355 ns, Total: 76933 ns
[2020-09-11T12:37:08.644+0000][1][safepoint    ] Safepoint "RevokeBias", Time since last: 1774661 ns, Reaching safepoint: 33508 ns, At safepoint: 10242 ns, Total: 43750 ns
[2020-09-11T12:37:08.644+0000][1][safepoint    ] Safepoint "RevokeBias", Time since last: 75162 ns, Reaching safepoint: 15017 ns, At safepoint: 8371 ns, Total: 23388 ns
[2020-09-11T12:37:08.644+0000][1][safepoint    ] Safepoint "RevokeBias", Time since last: 59179 ns, Reaching safepoint: 14479 ns, At safepoint: 7936 ns, Total: 22415 ns
[2020-09-11T12:37:09.644+0000][1][safepoint    ] Safepoint "Cleanup", Time since last: 1000077261 ns, Reaching safepoint: 150943 ns, At safepoint: 6364 ns, Total: 157307 ns
[2020-09-11T12:37:10.645+0000][1][safepoint    ] Safepoint "Cleanup", Time since last: 1000091349 ns, Reaching safepoint: 142282 ns, At safepoint: 6506 ns, Total: 148788 ns
[2020-09-11T12:37:11.645+0000][1][safepoint    ] Safepoint "Cleanup", Time since last: 1000128632 ns, Reaching safepoint: 263932 ns, At safepoint: 20621 ns, Total: 284553 ns
[2020-09-11T12:37:12.646+0000][1][safepoint    ] Safepoint "Cleanup", Time since last: 1000171254 ns, Reaching safepoint: 264584 ns, At safepoint: 19348 ns, Total: 283932 ns
[2020-09-11T12:37:13.646+0000][1][safepoint    ] Safepoint "Cleanup", Time since last: 1000153288 ns, Reaching safepoint: 39515 ns, At safepoint: 5128 ns, Total: 44643 ns
[2020-09-11T12:37:14.647+0000][1][safepoint    ] Safepoint "Cleanup", Time since last: 1001600719 ns, Reaching safepoint: 42859 ns, At safepoint: 5919 ns, Total: 48778 ns
[2020-09-11T12:37:15.648+0000][1][safepoint    ] Safepoint "Cleanup", Time since last: 1000108291 ns, Reaching safepoint: 159205 ns, At safepoint: 14219 ns, Total: 173424 ns
[2020-09-11T12:37:16.646+0000][1][safepoint    ] Safepoint "BulkRevokeBias", Time since last: 997811914 ns, Reaching safepoint: 176812 ns, At safepoint: 396016 ns, Total: 572828 ns
[2020-09-11T12:37:17.648+0000][1][safepoint    ] Safepoint "Cleanup", Time since last: 1001324095 ns, Reaching safepoint: 186979 ns, At safepoint: 16381 ns, Total: 203360 ns
[2020-09-11T12:37:18.648+0000][1][safepoint    ] Safepoint "RevokeBias", Time since last: 999681217 ns, Reaching safepoint: 150288 ns, At safepoint: 47075 ns, Total: 197363 ns
[2020-09-11T12:37:19.648+0000][1][safepoint    ] Safepoint "Cleanup", Time since last: 1000143757 ns, Reaching safepoint: 117083 ns, At safepoint: 7116 ns, Total: 124199 ns
[2020-09-11T12:37:20.648+0000][1][safepoint    ] Safepoint "Cleanup", Time since last: 1000092599 ns, Reaching safepoint: 145246 ns, At safepoint: 6137 ns, Total: 151383 ns
[2020-09-11T12:37:21.651+0000][1][safepoint    ] Safepoint "Cleanup", Time since last: 1002872250 ns, Reaching safepoint: 283962 ns, At safepoint: 21206 ns, Total: 305168 ns
[2020-09-11T12:37:22.651+0000][1][safepoint    ] Safepoint "Cleanup", Time since last: 1000145829 ns, Reaching safepoint: 93358 ns, At safepoint: 12378 ns, Total: 105736 ns
[2020-09-11T12:37:23.655+0000][1][safepoint    ] Safepoint "Cleanup", Time since last: 1003187554 ns, Reaching safepoint: 70643 ns, At safepoint: 14105 ns, Total: 84748 ns
[2020-09-11T12:37:24.655+0000][1][safepoint    ] Safepoint "Cleanup", Time since last: 1000154218 ns, Reaching safepoint: 75504 ns, At safepoint: 13584 ns, Total: 89088 ns
[2020-09-11T12:37:25.655+0000][1][safepoint    ] Safepoint "Cleanup", Time since last: 1000191414 ns, Reaching safepoint: 68275 ns, At safepoint: 6822 ns, Total: 75097 ns
[2020-09-11T12:37:26.656+0000][1][safepoint    ] Safepoint "Cleanup", Time since last: 1000196018 ns, Reaching safepoint: 62450 ns, At safepoint: 6620 ns, Total: 69070 ns
[2020-09-11T12:37:27.656+0000][1][safepoint    ] Safepoint "Cleanup", Time since last: 1000128137 ns, Reaching safepoint: 84693 ns, At safepoint: 6833 ns, Total: 91526 ns
[2020-09-11T12:37:27.776+0000][1][safepoint    ] Safepoint "RevokeBias", Time since last: 119961996 ns, Reaching safepoint: 120133 ns, At safepoint: 19953 ns, Total: 140086 ns
[2020-09-11T12:37:27.776+0000][1][safepoint    ] Safepoint "RevokeBias", Time since last: 100542 ns, Reaching safepoint: 86573 ns, At safepoint: 15864 ns, Total: 102437 ns
[2020-09-11T12:37:27.776+0000][1][safepoint    ] Safepoint "RevokeBias", Time since last: 56304 ns, Reaching safepoint: 85070 ns, At safepoint: 14461 ns, Total: 99531 ns
[2020-09-11T12:37:27.777+0000][1][safepoint    ] Safepoint "RevokeBias", Time since last: 256435 ns, Reaching safepoint: 87672 ns, At safepoint: 15440 ns, Total: 103112 ns
[2020-09-11T12:37:27.777+0000][1][safepoint    ] Safepoint "RevokeBias", Time since last: 59754 ns, Reaching safepoint: 85288 ns, At safepoint: 14513 ns, Total: 99801 ns
[2020-09-11T12:37:28.777+0000][1][safepoint    ] Safepoint "Cleanup", Time since last: 1000169376 ns, Reaching safepoint: 81470 ns, At safepoint: 6532 ns, Total: 88002 ns
[2020-09-11T12:37:29.892+0000][1][safepoint    ] Safepoint "RevokeBias", Time since last: 1114774186 ns, Reaching safepoint: 121679 ns, At safepoint: 8771 ns, Total: 130450 ns
[2020-09-11T12:37:29.894+0000][1][safepoint    ] Safepoint "RevokeBias", Time since last: 1872787 ns, Reaching safepoint: 442070 ns, At safepoint: 9064 ns, Total: 451134 ns
[2020-09-11T12:37:29.894+0000][1][safepoint    ] Safepoint "RevokeBias", Time since last: 94367 ns, Reaching safepoint: 133040 ns, At safepoint: 5500 ns, Total: 138540 ns
[2020-09-11T12:37:29.895+0000][1][safepoint    ] Safepoint "RevokeBias", Time since last: 50617 ns, Reaching safepoint: 140295 ns, At safepoint: 5205 ns, Total: 145500 ns
[2020-09-11T12:37:29.902+0000][1][safepoint    ] Safepoint "RevokeBias", Time since last: 6960801 ns, Reaching safepoint: 121098 ns, At safepoint: 8277 ns, Total: 129375 ns
[2020-09-11T12:37:29.902+0000][1][safepoint    ] Safepoint "RevokeBias", Time since last: 63879 ns, Reaching safepoint: 86632 ns, At safepoint: 4683 ns, Total: 91315 ns
[2020-09-11T12:37:29.905+0000][1][safepoint    ] Safepoint "RevokeBias", Time since last: 3348490 ns, Reaching safepoint: 154018 ns, At safepoint: 13771 ns, Total: 167789 ns
[2020-09-11T12:37:29.906+0000][1][safepoint    ] Safepoint "RevokeBias", Time since last: 385450 ns, Reaching safepoint: 142109 ns, At safepoint: 10110 ns, Total: 152219 ns
[2020-09-11T12:37:29.906+0000][1][safepoint    ] Safepoint "RevokeBias", Time since last: 52857 ns, Reaching safepoint: 107331 ns, At safepoint: 9138 ns, Total: 116469 ns
[2020-09-11T12:37:29.907+0000][1][safepoint    ] Safepoint "RevokeBias", Time since last: 536833 ns, Reaching safepoint: 143445 ns, At safepoint: 5687 ns, Total: 149132 ns
[2020-09-11T12:37:29.907+0000][1][safepoint    ] Safepoint "RevokeBias", Time since last: 34556 ns, Reaching safepoint: 142229 ns, At safepoint: 4932 ns, Total: 147161 ns
[2020-09-11T12:37:29.907+0000][1][safepoint    ] Safepoint "RevokeBias", Time since last: 30249 ns, Reaching safepoint: 161179 ns, At safepoint: 4893 ns, Total: 166072 ns
[2020-09-11T12:37:29.907+0000][1][safepoint    ] Safepoint "RevokeBias", Time since last: 33882 ns, Reaching safepoint: 142462 ns, At safepoint: 5015 ns, Total: 147477 ns
[2020-09-11T12:37:29.908+0000][1][safepoint    ] Safepoint "RevokeBias", Time since last: 92892 ns, Reaching safepoint: 142313 ns, At safepoint: 4721 ns, Total: 147034 ns
[2020-09-11T12:37:29.911+0000][1][safepoint    ] Safepoint "RevokeBias", Time since last: 2765571 ns, Reaching safepoint: 158113 ns, At safepoint: 8308 ns, Total: 166421 ns
[2020-09-11T12:37:29.911+0000][1][safepoint    ] Safepoint "RevokeBias", Time since last: 49492 ns, Reaching safepoint: 145070 ns, At safepoint: 5249 ns, Total: 150319 ns
[2020-09-11T12:37:29.911+0000][1][safepoint    ] Safepoint "RevokeBias", Time since last: 75693 ns, Reaching safepoint: 143577 ns, At safepoint: 5277 ns, Total: 148854 ns
[2020-09-11T12:37:29.911+0000][1][gc,start     ] GC(65) Pause Young (Allocation Failure)
[2020-09-11T12:37:29.911+0000][1][gc,task      ] GC(65) Using 1 workers of 1 for evacuation
[2020-09-11T12:37:29.941+0000][1][gc,age       ] GC(65) Desired survivor size 4358144 bytes, new threshold 2 (max threshold 6)
[2020-09-11T12:37:29.941+0000][1][gc,age       ] GC(65) Age table with threshold 2 (max threshold 6)
[2020-09-11T12:37:29.941+0000][1][gc,age       ] GC(65) - age   1:    1465736 bytes,    1465736 total
[2020-09-11T12:37:29.941+0000][1][gc,age       ] GC(65) - age   2:    3475760 bytes,    4941496 total
[2020-09-11T12:37:29.941+0000][1][gc,heap      ] GC(65) ParNew: 75960K->6085K(76672K)
[2020-09-11T12:37:29.941+0000][1][gc,heap      ] GC(65) CMS: 55779K->59181K(439104K)
[2020-09-11T12:37:29.941+0000][1][gc,metaspace ] GC(65) Metaspace: 71034K->71034K(1114112K)
[2020-09-11T12:37:29.941+0000][1][gc           ] GC(65) Pause Young (Allocation Failure) 128M->63M(503M) 29.806ms
[2020-09-11T12:37:29.941+0000][1][gc,cpu       ] GC(65) User=0.03s Sys=0.00s Real=0.03s
[2020-09-11T12:37:29.944+0000][1][safepoint    ] Safepoint "GenCollectForAllocation", Time since last: 132305 ns, Reaching safepoint: 146642 ns, At safepoint: 32781745 ns, Total: 32928387 ns
[2020-09-11T12:37:29.945+0000][1][safepoint    ] Safepoint "RevokeBias", Time since last: 1108454 ns, Reaching safepoint: 44522 ns, At safepoint: 14025 ns, Total: 58547 ns
[2020-09-11T12:37:29.945+0000][1][safepoint    ] Safepoint "RevokeBias", Time since last: 40006 ns, Reaching safepoint: 17352 ns, At safepoint: 11153 ns, Total: 28505 ns
[2020-09-11T12:37:29.945+0000][1][safepoint    ] Safepoint "RevokeBias", Time since last: 25505 ns, Reaching safepoint: 17585 ns, At safepoint: 10777 ns, Total: 28362 ns
[2020-09-11T12:37:29.945+0000][1][safepoint    ] Safepoint "RevokeBias", Time since last: 106637 ns, Reaching safepoint: 18661 ns, At safepoint: 11488 ns, Total: 30149 ns
[2020-09-11T12:37:29.947+0000][1][safepoint    ] Safepoint "RevokeBias", Time since last: 1794478 ns, Reaching safepoint: 19549 ns, At safepoint: 16238 ns, Total: 35787 ns
[2020-09-11T12:37:29.947+0000][1][safepoint    ] Safepoint "RevokeBias", Time since last: 181530 ns, Reaching safepoint: 18844 ns, At safepoint: 12396 ns, Total: 31240 ns
[2020-09-11T12:37:29.953+0000][1][safepoint    ] Safepoint "RevokeBias", Time since last: 5743657 ns, Reaching safepoint: 153818 ns, At safepoint: 8383 ns, Total: 162201 ns
[2020-09-11T12:37:29.954+0000][1][safepoint    ] Safepoint "RevokeBias", Time since last: 52792 ns, Reaching safepoint: 147800 ns, At safepoint: 5822 ns, Total: 153622 ns
[2020-09-11T12:37:29.988+0000][1][safepoint    ] Safepoint "Deoptimize", Time since last: 33830317 ns, Reaching safepoint: 121611 ns, At safepoint: 404921 ns, Total: 526532 ns
[2020-09-11T12:37:29.992+0000][1][safepoint    ] Safepoint "RevokeBias", Time since last: 3750963 ns, Reaching safepoint: 75098 ns, At safepoint: 8673 ns, Total: 83771 ns
[2020-09-11T12:37:30.000+0000][1][safepoint    ] Safepoint "RevokeBias", Time since last: 7644201 ns, Reaching safepoint: 119739 ns, At safepoint: 10100 ns, Total: 129839 ns
[2020-09-11T12:37:30.000+0000][1][safepoint    ] Safepoint "RevokeBias", Time since last: 605697 ns, Reaching safepoint: 35233 ns, At safepoint: 12621 ns, Total: 47854 ns
[2020-09-11T12:37:30.000+0000][1][safepoint    ] Safepoint "RevokeBias", Time since last: 42945 ns, Reaching safepoint: 22971 ns, At safepoint: 12571 ns, Total: 35542 ns
[2020-09-11T12:37:30.000+0000][1][safepoint    ] Safepoint "RevokeBias", Time since last: 34445 ns, Reaching safepoint: 19265 ns, At safepoint: 4150 ns, Total: 23415 ns
[2020-09-11T12:37:30.000+0000][1][safepoint    ] Safepoint "RevokeBias", Time since last: 31240 ns, Reaching safepoint: 18006 ns, At safepoint: 10047 ns, Total: 28053 ns
[2020-09-11T12:37:30.000+0000][1][safepoint    ] Safepoint "RevokeBias", Time since last: 31113 ns, Reaching safepoint: 17471 ns, At safepoint: 4073 ns, Total: 21544 ns
[2020-09-11T12:37:30.001+0000][1][safepoint    ] Safepoint "RevokeBias", Time since last: 26699 ns, Reaching safepoint: 16582 ns, At safepoint: 9584 ns, Total: 26166 ns
[2020-09-11T12:37:30.001+0000][1][safepoint    ] Safepoint "RevokeBias", Time since last: 27036 ns, Reaching safepoint: 16787 ns, At safepoint: 8780 ns, Total: 25567 ns
[2020-09-11T12:37:30.001+0000][1][safepoint    ] Safepoint "RevokeBias", Time since last: 26195 ns, Reaching safepoint: 16121 ns, At safepoint: 8501 ns, Total: 24622 ns
[2020-09-11T12:37:30.002+0000][1][safepoint    ] Safepoint "RevokeBias", Time since last: 1440715 ns, Reaching safepoint: 97769 ns, At safepoint: 5537 ns, Total: 103306 ns
[2020-09-11T12:37:30.002+0000][1][safepoint    ] Safepoint "RevokeBias", Time since last: 41441 ns, Reaching safepoint: 87096 ns, At safepoint: 4899 ns, Total: 91995 ns
[2020-09-11T12:37:30.002+0000][1][safepoint    ] Safepoint "RevokeBias", Time since last: 101275 ns, Reaching safepoint: 88361 ns, At safepoint: 4874 ns, Total: 93235 ns
[2020-09-11T12:37:30.003+0000][1][safepoint    ] Safepoint "RevokeBias", Time since last: 206951 ns, Reaching safepoint: 89711 ns, At safepoint: 4994 ns, Total: 94705 ns
[2020-09-11T12:37:30.003+0000][1][safepoint    ] Safepoint "RevokeBias", Time since last: 63603 ns, Reaching safepoint: 89130 ns, At safepoint: 5134 ns, Total: 94264 ns
[2020-09-11T12:37:30.003+0000][1][safepoint    ] Safepoint "RevokeBias", Time since last: 39004 ns, Reaching safepoint: 101978 ns, At safepoint: 5551 ns, Total: 107529 ns
[2020-09-11T12:37:30.003+0000][1][safepoint    ] Safepoint "RevokeBias", Time since last: 88189 ns, Reaching safepoint: 90037 ns, At safepoint: 4941 ns, Total: 94978 ns
[2020-09-11T12:37:30.004+0000][1][safepoint    ] Safepoint "RevokeBias", Time since last: 405571 ns, Reaching safepoint: 90526 ns, At safepoint: 5337 ns, Total: 95863 ns
[2020-09-11T12:37:30.004+0000][1][safepoint    ] Safepoint "RevokeBias", Time since last: 147526 ns, Reaching safepoint: 87507 ns, At safepoint: 4795 ns, Total: 92302 ns
[2020-09-11T12:37:30.004+0000][1][safepoint    ] Safepoint "RevokeBias", Time since last: 34619 ns, Reaching safepoint: 85565 ns, At safepoint: 4531 ns, Total: 90096 ns
[2020-09-11T12:37:30.004+0000][1][safepoint    ] Safepoint "RevokeBias", Time since last: 78553 ns, Reaching safepoint: 85893 ns, At safepoint: 4573 ns, Total: 90466 ns
[2020-09-11T12:37:30.004+0000][1][safepoint    ] Safepoint "RevokeBias", Time since last: 88121 ns, Reaching safepoint: 93171 ns, At safepoint: 4804 ns, Total: 97975 ns
[2020-09-11T12:37:30.005+0000][1][safepoint    ] Safepoint "RevokeBias", Time since last: 33837 ns, Reaching safepoint: 87701 ns, At safepoint: 4689 ns, Total: 92390 ns
[2020-09-11T12:37:30.005+0000][1][safepoint    ] Safepoint "RevokeBias", Time since last: 87540 ns, Reaching safepoint: 87962 ns, At safepoint: 4862 ns, Total: 92824 ns
[2020-09-11T12:37:30.005+0000][1][safepoint    ] Safepoint "RevokeBias", Time since last: 169697 ns, Reaching safepoint: 85194 ns, At safepoint: 12431 ns, Total: 97625 ns
[2020-09-11T12:37:30.005+0000][1][safepoint    ] Safepoint "BulkRevokeBias", Time since last: 83293 ns, Reaching safepoint: 84452 ns, At safepoint: 229175 ns, Total: 313627 ns
[2020-09-11T12:37:30.006+0000][1][safepoint    ] Safepoint "RevokeBias", Time since last: 83144 ns, Reaching safepoint: 84707 ns, At safepoint: 4671 ns, Total: 89378 ns
[2020-09-11T12:37:30.048+0000][1][safepoint    ] Safepoint "RevokeBias", Time since last: 42099791 ns, Reaching safepoint: 152270 ns, At safepoint: 10134 ns, Total: 162404 ns
[2020-09-11T12:37:30.048+0000][1][safepoint    ] Safepoint "RevokeBias", Time since last: 359514 ns, Reaching safepoint: 34092 ns, At safepoint: 14400 ns, Total: 48492 ns
[2020-09-11T12:37:30.057+0000][1][safepoint    ] Safepoint "RevokeBias", Time since last: 8661860 ns, Reaching safepoint: 117498 ns, At safepoint: 9650 ns, Total: 127148 ns
[2020-09-11T12:37:30.059+0000][1][safepoint    ] Safepoint "RevokeBias", Time since last: 1371128 ns, Reaching safepoint: 110650 ns, At safepoint: 7398 ns, Total: 118048 ns
[2020-09-11T12:37:30.059+0000][1][safepoint    ] Safepoint "RevokeBias", Time since last: 48770 ns, Reaching safepoint: 97133 ns, At safepoint: 6026 ns, Total: 103159 ns
[2020-09-11T12:37:30.064+0000][1][safepoint    ] Safepoint "RevokeBias", Time since last: 5520222 ns, Reaching safepoint: 164026 ns, At safepoint: 10727 ns, Total: 174753 ns
[2020-09-11T12:37:30.075+0000][1][safepoint    ] Safepoint "RevokeBias", Time since last: 6991631 ns, Reaching safepoint: 166362 ns, At safepoint: 3435931 ns, Total: 3602293 ns
[2020-09-11T12:37:30.088+0000][1][safepoint    ] Safepoint "RevokeBias", Time since last: 12392320 ns, Reaching safepoint: 135737 ns, At safepoint: 12234 ns, Total: 147971 ns
[2020-09-11T12:37:30.111+0000][1][safepoint    ] Safepoint "RevokeBias", Time since last: 23417960 ns, Reaching safepoint: 100800 ns, At safepoint: 12339 ns, Total: 113139 ns
[2020-09-11T12:37:30.119+0000][1][safepoint    ] Safepoint "RevokeBias", Time since last: 7499018 ns, Reaching safepoint: 132288 ns, At safepoint: 11057 ns, Total: 143345 ns
[2020-09-11T12:37:30.121+0000][1][safepoint    ] Safepoint "RevokeBias", Time since last: 1682468 ns, Reaching safepoint: 108123 ns, At safepoint: 14793 ns, Total: 122916 ns
[2020-09-11T12:37:30.124+0000][1][safepoint    ] Safepoint "RevokeBias", Time since last: 2874246 ns, Reaching safepoint: 108398 ns, At safepoint: 14944 ns, Total: 123342 ns
[2020-09-11T12:37:31.124+0000][1][safepoint    ] Safepoint "Cleanup", Time since last: 1000140436 ns, Reaching safepoint: 93881 ns, At safepoint: 6840 ns, Total: 100721 ns
[2020-09-11T12:37:32.124+0000][1][safepoint    ] Safepoint "Cleanup", Time since last: 1000171714 ns, Reaching safepoint: 103013 ns, At safepoint: 16558 ns, Total: 119571 ns
[2020-09-11T12:37:33.124+0000][1][safepoint    ] Safepoint "Cleanup", Time since last: 1000214067 ns, Reaching safepoint: 106331 ns, At safepoint: 18101 ns, Total: 124432 ns
[2020-09-11T12:37:34.125+0000][1][safepoint    ] Safepoint "Cleanup", Time since last: 1000172696 ns, Reaching safepoint: 121559 ns, At safepoint: 15442 ns, Total: 137001 ns
[2020-09-11T12:37:35.125+0000][1][safepoint    ] Safepoint "Cleanup", Time since last: 1000185899 ns, Reaching safepoint: 107430 ns, At safepoint: 15098 ns, Total: 122528 ns
[2020-09-11T12:37:38.126+0000][1][safepoint    ] Safepoint "Cleanup", Time since last: 3000457383 ns, Reaching safepoint: 105022 ns, At safepoint: 6737 ns, Total: 111759 ns
[2020-09-11T12:37:40.126+0000][1][safepoint    ] Safepoint "Cleanup", Time since last: 2000251609 ns, Reaching safepoint: 90939 ns, At safepoint: 6515 ns, Total: 97454 ns
[2020-09-11T12:37:40.901+0000][1][safepoint    ] Safepoint "RevokeBias", Time since last: 775307060 ns, Reaching safepoint: 49225 ns, At safepoint: 15054 ns, Total: 64279 ns
[2020-09-11T12:37:40.901+0000][1][safepoint    ] Safepoint "RevokeBias", Time since last: 75708 ns, Reaching safepoint: 16521 ns, At safepoint: 9248 ns, Total: 25769 ns
[2020-09-11T12:37:40.902+0000][1][safepoint    ] Safepoint "RevokeBias", Time since last: 241752 ns, Reaching safepoint: 17041 ns, At safepoint: 8588 ns, Total: 25629 ns
[2020-09-11T12:37:40.907+0000][1][safepoint    ] Safepoint "RevokeBias", Time since last: 5583451 ns, Reaching safepoint: 46787 ns, At safepoint: 16348 ns, Total: 63135 ns
[2020-09-11T12:37:41.908+0000][1][safepoint    ] Safepoint "Cleanup", Time since last: 1000172878 ns, Reaching safepoint: 64010 ns, At safepoint: 6232 ns, Total: 70242 ns
[2020-09-11T12:37:42.908+0000][1][safepoint    ] Safepoint "Cleanup", Time since last: 1000142958 ns, Reaching safepoint: 107582 ns, At safepoint: 6684 ns, Total: 114266 ns
[2020-09-11T12:37:43.908+0000][1][safepoint    ] Safepoint "Cleanup", Time since last: 1000183389 ns, Reaching safepoint: 99094 ns, At safepoint: 16060 ns, Total: 115154 ns
[2020-09-11T12:37:45.909+0000][1][safepoint    ] Safepoint "Cleanup", Time since last: 2000264689 ns, Reaching safepoint: 102411 ns, At safepoint: 7184 ns, Total: 109595 ns
[2020-09-11T12:37:47.909+0000][1][safepoint    ] Safepoint "Cleanup", Time since last: 2000379065 ns, Reaching safepoint: 112645 ns, At safepoint: 17373 ns, Total: 130018 ns
[2020-09-11T12:37:48.909+0000][1][safepoint    ] Safepoint "Cleanup", Time since last: 1000207803 ns, Reaching safepoint: 86457 ns, At safepoint: 7631 ns, Total: 94088 ns
[2020-09-11T12:37:51.910+0000][1][safepoint    ] Safepoint "Cleanup", Time since last: 3000396012 ns, Reaching safepoint: 120003 ns, At safepoint: 19177 ns, Total: 139180 ns
[2020-09-11T12:37:52.910+0000][1][safepoint    ] Safepoint "Cleanup", Time since last: 1000190876 ns, Reaching safepoint: 132765 ns, At safepoint: 23167 ns, Total: 155932 ns
[2020-09-11T12:37:55.911+0000][1][safepoint    ] Safepoint "Cleanup", Time since last: 3000459337 ns, Reaching safepoint: 78170 ns, At safepoint: 6787 ns, Total: 84957 ns
[2020-09-11T12:37:57.911+0000][1][safepoint    ] Safepoint "Cleanup", Time since last: 2000259610 ns, Reaching safepoint: 85316 ns, At safepoint: 7914 ns, Total: 93230 ns
[2020-09-11T12:37:58.912+0000][1][safepoint    ] Safepoint "Cleanup", Time since last: 1000180256 ns, Reaching safepoint: 312337 ns, At safepoint: 17082 ns, Total: 329419 ns
[2020-09-11T12:37:59.661+0000][1][safepoint    ] Safepoint "RevokeBias", Time since last: 748765309 ns, Reaching safepoint: 158488 ns, At safepoint: 22013 ns, Total: 180501 ns
[2020-09-11T12:38:00.662+0000][1][safepoint    ] Safepoint "Cleanup", Time since last: 1000882960 ns, Reaching safepoint: 91637 ns, At safepoint: 13184 ns, Total: 104821 ns
[2020-09-11T12:38:01.664+0000][1][safepoint    ] Safepoint "Cleanup", Time since last: 1001415469 ns, Reaching safepoint: 526519 ns, At safepoint: 19561 ns, Total: 546080 ns
[2020-09-11T12:38:03.664+0000][1][safepoint    ] Safepoint "Cleanup", Time since last: 2000293350 ns, Reaching safepoint: 293590 ns, At safepoint: 20992 ns, Total: 314582 ns
[2020-09-11T12:38:04.664+0000][1][safepoint    ] Safepoint "Cleanup", Time since last: 1000146882 ns, Reaching safepoint: 47277 ns, At safepoint: 6222 ns, Total: 53499 ns
[2020-09-11T12:38:06.665+0000][1][safepoint    ] Safepoint "Cleanup", Time since last: 2000216519 ns, Reaching safepoint: 289378 ns, At safepoint: 20925 ns, Total: 310303 ns
[2020-09-11T12:38:07.665+0000][1][safepoint    ] Safepoint "Cleanup", Time since last: 1000142612 ns, Reaching safepoint: 172939 ns, At safepoint: 7132 ns, Total: 180071 ns
[2020-09-11T12:38:07.705+0000][1][safepoint    ] Safepoint "RevokeBias", Time since last: 40251295 ns, Reaching safepoint: 46399 ns, At safepoint: 15265 ns, Total: 61664 ns
[2020-09-11T12:38:07.706+0000][1][safepoint    ] Safepoint "RevokeBias", Time since last: 75826 ns, Reaching safepoint: 16527 ns, At safepoint: 9226 ns, Total: 25753 ns
[2020-09-11T12:38:07.706+0000][1][safepoint    ] Safepoint "RevokeBias", Time since last: 205812 ns, Reaching safepoint: 17200 ns, At safepoint: 8383 ns, Total: 25583 ns
[2020-09-11T12:38:07.706+0000][1][safepoint    ] Safepoint "RevokeBias", Time since last: 42333 ns, Reaching safepoint: 16252 ns, At safepoint: 7847 ns, Total: 24099 ns
[2020-09-11T12:38:07.711+0000][1][safepoint    ] Safepoint "Deoptimize", Time since last: 4489419 ns, Reaching safepoint: 166365 ns, At safepoint: 419026 ns, Total: 585391 ns
[2020-09-11T12:38:07.723+0000][1][safepoint    ] Safepoint "Deoptimize", Time since last: 11695074 ns, Reaching safepoint: 166847 ns, At safepoint: 429816 ns, Total: 596663 ns
[2020-09-11T12:38:08.723+0000][1][safepoint    ] Safepoint "Cleanup", Time since last: 1000106728 ns, Reaching safepoint: 67338 ns, At safepoint: 6872 ns, Total: 74210 ns
[2020-09-11T12:38:09.664+0000][1][safepoint    ] Safepoint "RevokeBias", Time since last: 940625106 ns, Reaching safepoint: 203400 ns, At safepoint: 48425 ns, Total: 251825 ns
[2020-09-11T12:38:10.666+0000][1][safepoint    ] Safepoint "Cleanup", Time since last: 1001153302 ns, Reaching safepoint: 52706 ns, At safepoint: 6186 ns, Total: 58892 ns
[2020-09-11T12:38:11.666+0000][1][safepoint    ] Safepoint "Cleanup", Time since last: 1000093572 ns, Reaching safepoint: 158262 ns, At safepoint: 7261 ns, Total: 165523 ns
[2020-09-11T12:38:12.668+0000][1][safepoint    ] Safepoint "Cleanup", Time since last: 1001671550 ns, Reaching safepoint: 191884 ns, At safepoint: 17383 ns, Total: 209267 ns
[2020-09-11T12:38:13.668+0000][1][safepoint    ] Safepoint "Cleanup", Time since last: 1000152783 ns, Reaching safepoint: 99687 ns, At safepoint: 5575 ns, Total: 105262 ns
[2020-09-11T12:38:14.668+0000][1][safepoint    ] Safepoint "Cleanup", Time since last: 1000116276 ns, Reaching safepoint: 190654 ns, At safepoint: 19792 ns, Total: 210446 ns
[2020-09-11T12:38:15.669+0000][1][safepoint    ] Safepoint "Cleanup", Time since last: 1000166981 ns, Reaching safepoint: 220035 ns, At safepoint: 18495 ns, Total: 238530 ns
[2020-09-11T12:38:16.670+0000][1][safepoint    ] Safepoint "Cleanup", Time since last: 1001464983 ns, Reaching safepoint: 205967 ns, At safepoint: 19778 ns, Total: 225745 ns
[2020-09-11T12:38:17.671+0000][1][safepoint    ] Safepoint "Cleanup", Time since last: 1000153545 ns, Reaching safepoint: 78593 ns, At safepoint: 6723 ns, Total: 85316 ns
[2020-09-11T12:38:18.671+0000][1][safepoint    ] Safepoint "Cleanup", Time since last: 1000101076 ns, Reaching safepoint: 48179 ns, At safepoint: 7558 ns, Total: 55737 ns
[2020-09-11T12:38:19.667+0000][1][safepoint    ] Safepoint "RevokeBias", Time since last: 995891421 ns, Reaching safepoint: 43987 ns, At safepoint: 18652 ns, Total: 62639 ns
[2020-09-11T12:38:20.667+0000][1][safepoint    ] Safepoint "Cleanup", Time since last: 1000197612 ns, Reaching safepoint: 53840 ns, At safepoint: 5643 ns, Total: 59483 ns
[2020-09-11T12:38:20.854+0000][1][gc,start     ] GC(66) Pause Young (Allocation Failure)
[2020-09-11T12:38:20.854+0000][1][gc,task      ] GC(66) Using 1 workers of 1 for evacuation
[2020-09-11T12:38:20.875+0000][1][gc,age       ] GC(66) Desired survivor size 4358144 bytes, new threshold 6 (max threshold 6)
[2020-09-11T12:38:20.875+0000][1][gc,age       ] GC(66) Age table with threshold 6 (max threshold 6)
[2020-09-11T12:38:20.875+0000][1][gc,age       ] GC(66) - age   1:     558400 bytes,     558400 total
[2020-09-11T12:38:20.875+0000][1][gc,age       ] GC(66) - age   2:    1414064 bytes,    1972464 total
[2020-09-11T12:38:20.875+0000][1][gc,heap      ] GC(66) ParNew: 74245K->5140K(76672K)
[2020-09-11T12:38:20.875+0000][1][gc,heap      ] GC(66) CMS: 59181K->62712K(439104K)
[2020-09-11T12:38:20.875+0000][1][gc,metaspace ] GC(66) Metaspace: 72943K->72943K(1116160K)
[2020-09-11T12:38:20.875+0000][1][gc           ] GC(66) Pause Young (Allocation Failure) 130M->66M(503M) 21.186ms
[2020-09-11T12:38:20.875+0000][1][gc,cpu       ] GC(66) User=0.02s Sys=0.00s Real=0.02s
[2020-09-11T12:38:20.875+0000][1][safepoint    ] Safepoint "GenCollectForAllocation", Time since last: 186898829 ns, Reaching safepoint: 177211 ns, At safepoint: 21256286 ns, Total: 21433497 ns
[2020-09-11T12:38:22.879+0000][1][safepoint    ] Safepoint "Cleanup", Time since last: 2003360778 ns, Reaching safepoint: 113917 ns, At safepoint: 6053 ns, Total: 119970 ns
[2020-09-11T12:38:23.879+0000][1][safepoint    ] Safepoint "Cleanup", Time since last: 1000178784 ns, Reaching safepoint: 116066 ns, At safepoint: 16832 ns, Total: 132898 ns
[2020-09-11T12:38:25.880+0000][1][safepoint    ] Safepoint "Cleanup", Time since last: 2000317400 ns, Reaching safepoint: 150488 ns, At safepoint: 15453 ns, Total: 165941 ns
[2020-09-11T12:38:27.880+0000][1][safepoint    ] Safepoint "Cleanup", Time since last: 2000338040 ns, Reaching safepoint: 112244 ns, At safepoint: 16955 ns, Total: 129199 ns
[2020-09-11T12:38:28.671+0000][1][safepoint    ] Safepoint "RevokeBias", Time since last: 790213522 ns, Reaching safepoint: 254587 ns, At safepoint: 50209 ns, Total: 304796 ns
[2020-09-11T12:38:29.670+0000][1][safepoint    ] Safepoint "RevokeBias", Time since last: 999444868 ns, Reaching safepoint: 48497 ns, At safepoint: 23071 ns, Total: 71568 ns
[2020-09-11T12:38:30.322+0000][1][safepoint    ] Safepoint "RevokeBias", Time since last: 651610712 ns, Reaching safepoint: 183970 ns, At safepoint: 8999 ns, Total: 192969 ns
[2020-09-11T12:38:31.322+0000][1][safepoint    ] Safepoint "Cleanup", Time since last: 1000180339 ns, Reaching safepoint: 93107 ns, At safepoint: 7717 ns, Total: 100824 ns
[2020-09-11T12:38:33.323+0000][1][safepoint    ] Safepoint "Cleanup", Time since last: 2000340116 ns, Reaching safepoint: 88445 ns, At safepoint: 7153 ns, Total: 95598 ns
[2020-09-11T12:38:34.323+0000][1][safepoint    ] Safepoint "Cleanup", Time since last: 1000197329 ns, Reaching safepoint: 84284 ns, At safepoint: 6554 ns, Total: 90838 ns
[2020-09-11T12:38:36.323+0000][1][safepoint    ] Safepoint "Cleanup", Time since last: 2000315408 ns, Reaching safepoint: 93281 ns, At safepoint: 6705 ns, Total: 99986 ns
[2020-09-11T12:38:37.324+0000][1][safepoint    ] Safepoint "Cleanup", Time since last: 1000176190 ns, Reaching safepoint: 114176 ns, At safepoint: 16761 ns, Total: 130937 ns
[2020-09-11T12:38:38.324+0000][1][safepoint    ] Safepoint "Cleanup", Time since last: 1000184126 ns, Reaching safepoint: 125414 ns, At safepoint: 18807 ns, Total: 144221 ns
[2020-09-11T12:38:39.324+0000][1][safepoint    ] Safepoint "Cleanup", Time since last: 1000159539 ns, Reaching safepoint: 119217 ns, At safepoint: 17092 ns, Total: 136309 ns
[2020-09-11T12:38:39.674+0000][1][safepoint    ] Safepoint "BulkRevokeBias", Time since last: 349466494 ns, Reaching safepoint: 98990 ns, At safepoint: 557673 ns, Total: 656663 ns
[2020-09-11T12:38:40.675+0000][1][safepoint    ] Safepoint "Cleanup", Time since last: 1000287779 ns, Reaching safepoint: 146754 ns, At safepoint: 14884 ns, Total: 161638 ns
[2020-09-11T12:38:41.267+0000][1][safepoint    ] Safepoint "RevokeBias", Time since last: 591809323 ns, Reaching safepoint: 219527 ns, At safepoint: 41038 ns, Total: 260565 ns
[2020-09-11T12:38:41.267+0000][1][safepoint    ] Safepoint "RevokeBias", Time since last: 230068 ns, Reaching safepoint: 165747 ns, At safepoint: 31983 ns, Total: 197730 ns
[2020-09-11T12:38:41.268+0000][1][safepoint    ] Safepoint "RevokeBias", Time since last: 171551 ns, Reaching safepoint: 154120 ns, At safepoint: 30323 ns, Total: 184443 ns
[2020-09-11T12:38:41.268+0000][1][safepoint    ] Safepoint "RevokeBias", Time since last: 192198 ns, Reaching safepoint: 156766 ns, At safepoint: 15155 ns, Total: 171921 ns
[2020-09-11T12:38:41.268+0000][1][safepoint    ] Safepoint "RevokeBias", Time since last: 96087 ns, Reaching safepoint: 151408 ns, At safepoint: 14733 ns, Total: 166141 ns
[2020-09-11T12:38:41.269+0000][1][safepoint    ] Safepoint "RevokeBias", Time since last: 93475 ns, Reaching safepoint: 148477 ns, At safepoint: 13852 ns, Total: 162329 ns
[2020-09-11T12:38:41.291+0000][1][safepoint    ] Safepoint "RevokeBias", Time since last: 21831346 ns, Reaching safepoint: 171515 ns, At safepoint: 17510 ns, Total: 189025 ns
[2020-09-11T12:38:41.291+0000][1][safepoint    ] Safepoint "RevokeBias", Time since last: 77612 ns, Reaching safepoint: 143208 ns, At safepoint: 10482 ns, Total: 153690 ns
[2020-09-11T12:38:42.291+0000][1][safepoint    ] Safepoint "Cleanup", Time since last: 1000157679 ns, Reaching safepoint: 136430 ns, At safepoint: 17219 ns, Total: 153649 ns
[2020-09-11T12:38:43.292+0000][1][safepoint    ] Safepoint "Cleanup", Time since last: 1000249921 ns, Reaching safepoint: 177333 ns, At safepoint: 15913 ns, Total: 193246 ns
[2020-09-11T12:38:46.292+0000][1][safepoint    ] Safepoint "Cleanup", Time since last: 3000477574 ns, Reaching safepoint: 92307 ns, At safepoint: 7082 ns, Total: 99389 ns
[2020-09-11T12:38:48.293+0000][1][safepoint    ] Safepoint "Cleanup", Time since last: 2000328786 ns, Reaching safepoint: 93821 ns, At safepoint: 7404 ns, Total: 101225 ns
[2020-09-11T12:38:50.293+0000][1][safepoint    ] Safepoint "Cleanup", Time since last: 2000340421 ns, Reaching safepoint: 115021 ns, At safepoint: 16250 ns, Total: 131271 ns
[2020-09-11T12:38:51.293+0000][1][safepoint    ] Safepoint "Cleanup", Time since last: 1000217097 ns, Reaching safepoint: 95889 ns, At safepoint: 7068 ns, Total: 102957 ns
[2020-09-11T12:38:52.294+0000][1][safepoint    ] Safepoint "Cleanup", Time since last: 1000203479 ns, Reaching safepoint: 72731 ns, At safepoint: 6279 ns, Total: 79010 ns
[2020-09-11T12:38:53.294+0000][1][safepoint    ] Safepoint "Cleanup", Time since last: 1000150499 ns, Reaching safepoint: 118271 ns, At safepoint: 17718 ns, Total: 135989 ns
[2020-09-11T12:38:54.294+0000][1][safepoint    ] Safepoint "Cleanup", Time since last: 1000236716 ns, Reaching safepoint: 115535 ns, At safepoint: 15980 ns, Total: 131515 ns
[2020-09-11T12:38:54.311+0000][1][safepoint    ] Safepoint "RevokeBias", Time since last: 16537153 ns, Reaching safepoint: 182991 ns, At safepoint: 9121 ns, Total: 192112 ns
[2020-09-11T12:38:54.311+0000][1][safepoint    ] Safepoint "RevokeBias", Time since last: 62285 ns, Reaching safepoint: 148582 ns, At safepoint: 5505 ns, Total: 154087 ns
[2020-09-11T12:38:55.312+0000][1][safepoint    ] Safepoint "Cleanup", Time since last: 1000169260 ns, Reaching safepoint: 155584 ns, At safepoint: 17985 ns, Total: 173569 ns
[2020-09-11T12:38:56.312+0000][1][safepoint    ] Safepoint "Cleanup", Time since last: 1000219900 ns, Reaching safepoint: 117202 ns, At safepoint: 17207 ns, Total: 134409 ns
[2020-09-11T12:38:57.312+0000][1][safepoint    ] Safepoint "Cleanup", Time since last: 1000233083 ns, Reaching safepoint: 113748 ns, At safepoint: 16765 ns, Total: 130513 ns
[2020-09-11T12:38:58.313+0000][1][safepoint    ] Safepoint "Cleanup", Time since last: 1000194559 ns, Reaching safepoint: 126714 ns, At safepoint: 17587 ns, Total: 144301 ns
[2020-09-11T12:39:00.313+0000][1][safepoint    ] Safepoint "Cleanup", Time since last: 2000336996 ns, Reaching safepoint: 112144 ns, At safepoint: 16320 ns, Total: 128464 ns
[2020-09-11T12:39:00.325+0000][1][safepoint    ] Safepoint "RevokeBias", Time since last: 11243129 ns, Reaching safepoint: 191967 ns, At safepoint: 19368 ns, Total: 211335 ns
[2020-09-11T12:39:00.325+0000][1][safepoint    ] Safepoint "RevokeBias", Time since last: 134131 ns, Reaching safepoint: 58755 ns, At safepoint: 12866 ns, Total: 71621 ns
[2020-09-11T12:39:00.343+0000][1][safepoint    ] Safepoint "RevokeBias", Time since last: 18232023 ns, Reaching safepoint: 135651 ns, At safepoint: 27384 ns, Total: 163035 ns
[2020-09-11T12:39:01.343+0000][1][safepoint    ] Safepoint "Cleanup", Time since last: 1000137238 ns, Reaching safepoint: 185606 ns, At safepoint: 15489 ns, Total: 201095 ns
[2020-09-11T12:39:02.344+0000][1][safepoint    ] Safepoint "Cleanup", Time since last: 1000234012 ns, Reaching safepoint: 80942 ns, At safepoint: 6667 ns, Total: 87609 ns
[2020-09-11T12:39:03.344+0000][1][safepoint    ] Safepoint "Cleanup", Time since last: 1000146958 ns, Reaching safepoint: 99739 ns, At safepoint: 6968 ns, Total: 106707 ns
[2020-09-11T12:39:04.344+0000][1][safepoint    ] Safepoint "Cleanup", Time since last: 1000106535 ns, Reaching safepoint: 58868 ns, At safepoint: 6366 ns, Total: 65234 ns
[2020-09-11T12:39:05.346+0000][1][safepoint    ] Safepoint "Cleanup", Time since last: 1001487472 ns, Reaching safepoint: 114610 ns, At safepoint: 19341 ns, Total: 133951 ns
[2020-09-11T12:39:05.682+0000][1][safepoint    ] Safepoint "RevokeBias", Time since last: 336426730 ns, Reaching safepoint: 50464 ns, At safepoint: 19215 ns, Total: 69679 ns
[2020-09-11T12:39:06.683+0000][1][safepoint    ] Safepoint "Cleanup", Time since last: 1000097015 ns, Reaching safepoint: 138198 ns, At safepoint: 8626 ns, Total: 146824 ns
[2020-09-11T12:39:07.683+0000][1][safepoint    ] Safepoint "Cleanup", Time since last: 1000543352 ns, Reaching safepoint: 173341 ns, At safepoint: 6512 ns, Total: 179853 ns
[2020-09-11T12:39:08.684+0000][1][safepoint    ] Safepoint "Cleanup", Time since last: 1000142654 ns, Reaching safepoint: 209330 ns, At safepoint: 18058 ns, Total: 227388 ns
[2020-09-11T12:39:09.682+0000][1][safepoint    ] Safepoint "RevokeBias", Time since last: 998512348 ns, Reaching safepoint: 173939 ns, At safepoint: 21923 ns, Total: 195862 ns
[2020-09-11T12:39:10.683+0000][1][safepoint    ] Safepoint "RevokeBias", Time since last: 1000121009 ns, Reaching safepoint: 66445 ns, At safepoint: 22889 ns, Total: 89334 ns
[2020-09-11T12:39:10.954+0000][1][safepoint    ] Safepoint "RevokeBias", Time since last: 270945925 ns, Reaching safepoint: 103467 ns, At safepoint: 43801 ns, Total: 147268 ns
[2020-09-11T12:39:10.954+0000][1][safepoint    ] Safepoint "RevokeBias", Time since last: 173648 ns, Reaching safepoint: 53633 ns, At safepoint: 31402 ns, Total: 85035 ns
[2020-09-11T12:39:10.955+0000][1][safepoint    ] Safepoint "RevokeBias", Time since last: 487973 ns, Reaching safepoint: 57843 ns, At safepoint: 30975 ns, Total: 88818 ns
[2020-09-11T12:39:10.955+0000][1][safepoint    ] Safepoint "RevokeBias", Time since last: 121057 ns, Reaching safepoint: 53517 ns, At safepoint: 28588 ns, Total: 82105 ns
[2020-09-11T12:39:11.955+0000][1][safepoint    ] Safepoint "Cleanup", Time since last: 1000132525 ns, Reaching safepoint: 115000 ns, At safepoint: 7374 ns, Total: 122374 ns
[2020-09-11T12:39:12.955+0000][1][safepoint    ] Safepoint "Cleanup", Time since last: 1000160630 ns, Reaching safepoint: 106414 ns, At safepoint: 17854 ns, Total: 124268 ns
[2020-09-11T12:39:13.956+0000][1][safepoint    ] Safepoint "Cleanup", Time since last: 1000209539 ns, Reaching safepoint: 115882 ns, At safepoint: 17220 ns, Total: 133102 ns
[2020-09-11T12:39:14.956+0000][1][safepoint    ] Safepoint "Cleanup", Time since last: 1000237826 ns, Reaching safepoint: 114516 ns, At safepoint: 17096 ns, Total: 131612 ns
[2020-09-11T12:39:15.956+0000][1][safepoint    ] Safepoint "Cleanup", Time since last: 1000221363 ns, Reaching safepoint: 133690 ns, At safepoint: 17420 ns, Total: 151110 ns
[2020-09-11T12:39:16.957+0000][1][safepoint    ] Safepoint "Cleanup", Time since last: 1000256546 ns, Reaching safepoint: 118168 ns, At safepoint: 16421 ns, Total: 134589 ns
[2020-09-11T12:39:17.957+0000][1][safepoint    ] Safepoint "Cleanup", Time since last: 1000210150 ns, Reaching safepoint: 115559 ns, At safepoint: 17854 ns, Total: 133413 ns
[2020-09-11T12:39:18.957+0000][1][safepoint    ] Safepoint "Cleanup", Time since last: 1000172382 ns, Reaching safepoint: 114654 ns, At safepoint: 14112 ns, Total: 128766 ns
[2020-09-11T12:39:19.686+0000][1][safepoint    ] Safepoint "RevokeBias", Time since last: 728177612 ns, Reaching safepoint: 216019 ns, At safepoint: 49032 ns, Total: 265051 ns
[2020-09-11T12:39:20.686+0000][1][safepoint    ] Safepoint "RevokeBias", Time since last: 999752960 ns, Reaching safepoint: 57935 ns, At safepoint: 22950 ns, Total: 80885 ns
[2020-09-11T12:39:20.983+0000][1][gc,start     ] GC(67) Pause Young (Allocation Failure)
[2020-09-11T12:39:20.983+0000][1][gc,task      ] GC(67) Using 1 workers of 1 for evacuation
[2020-09-11T12:39:20.992+0000][1][gc,age       ] GC(67) Desired survivor size 4358144 bytes, new threshold 6 (max threshold 6)
[2020-09-11T12:39:20.992+0000][1][gc,age       ] GC(67) Age table with threshold 6 (max threshold 6)
[2020-09-11T12:39:20.992+0000][1][gc,age       ] GC(67) - age   1:     398552 bytes,     398552 total
[2020-09-11T12:39:20.992+0000][1][gc,age       ] GC(67) - age   2:     543656 bytes,     942208 total
[2020-09-11T12:39:20.992+0000][1][gc,age       ] GC(67) - age   3:    1413304 bytes,    2355512 total
[2020-09-11T12:39:20.992+0000][1][gc,heap      ] GC(67) ParNew: 73300K->3533K(76672K)
[2020-09-11T12:39:20.992+0000][1][gc,heap      ] GC(67) CMS: 62712K->62712K(439104K)
[2020-09-11T12:39:20.992+0000][1][gc,metaspace ] GC(67) Metaspace: 73604K->73604K(1116160K)
[2020-09-11T12:39:20.992+0000][1][gc           ] GC(67) Pause Young (Allocation Failure) 132M->64M(503M) 9.227ms
[2020-09-11T12:39:20.992+0000][1][gc,cpu       ] GC(67) User=0.01s Sys=0.00s Real=0.01s
[2020-09-11T12:39:20.992+0000][1][safepoint    ] Safepoint "GenCollectForAllocation", Time since last: 297352909 ns, Reaching safepoint: 176410 ns, At safepoint: 9288952 ns, Total: 9465362 ns
[2020-09-11T12:39:21.994+0000][1][safepoint    ] Safepoint "Cleanup", Time since last: 1001665772 ns, Reaching safepoint: 58486 ns, At safepoint: 18602 ns, Total: 77088 ns
[2020-09-11T12:39:22.995+0000][1][safepoint    ] Safepoint "Cleanup", Time since last: 1000379797 ns, Reaching safepoint: 54089 ns, At safepoint: 17125 ns, Total: 71214 ns
[2020-09-11T12:39:23.995+0000][1][safepoint    ] Safepoint "Cleanup", Time since last: 1000359558 ns, Reaching safepoint: 57611 ns, At safepoint: 18616 ns, Total: 76227 ns
[2020-09-11T12:39:24.315+0000][1][safepoint    ] Safepoint "RevokeBias", Time since last: 319723581 ns, Reaching safepoint: 183660 ns, At safepoint: 68091 ns, Total: 251751 ns
[2020-09-11T12:39:25.316+0000][1][safepoint    ] Safepoint "Cleanup", Time since last: 1000303393 ns, Reaching safepoint: 128775 ns, At safepoint: 43079 ns, Total: 171854 ns
[2020-09-11T12:39:26.316+0000][1][safepoint    ] Safepoint "Cleanup", Time since last: 1000200415 ns, Reaching safepoint: 124559 ns, At safepoint: 16689 ns, Total: 141248 ns
[2020-09-11T12:39:27.316+0000][1][safepoint    ] Safepoint "Cleanup", Time since last: 1000201383 ns, Reaching safepoint: 110501 ns, At safepoint: 15792 ns, Total: 126293 ns
[2020-09-11T12:39:28.317+0000][1][safepoint    ] Safepoint "Cleanup", Time since last: 1000199206 ns, Reaching safepoint: 135872 ns, At safepoint: 17857 ns, Total: 153729 ns
[2020-09-11T12:39:29.317+0000][1][safepoint    ] Safepoint "Cleanup", Time since last: 1000196737 ns, Reaching safepoint: 82865 ns, At safepoint: 6982 ns, Total: 89847 ns
[2020-09-11T12:39:30.317+0000][1][safepoint    ] Safepoint "Cleanup", Time since last: 1000164408 ns, Reaching safepoint: 94988 ns, At safepoint: 6666 ns, Total: 101654 ns
[2020-09-11T12:39:30.688+0000][1][safepoint    ] Safepoint "RevokeBias", Time since last: 370788218 ns, Reaching safepoint: 54765 ns, At safepoint: 35035 ns, Total: 89800 ns
[2020-09-11T12:39:31.689+0000][1][safepoint    ] Safepoint "Cleanup", Time since last: 1000397695 ns, Reaching safepoint: 415618 ns, At safepoint: 7616 ns, Total: 423234 ns
[2020-09-11T12:39:32.690+0000][1][safepoint    ] Safepoint "Cleanup", Time since last: 1000618318 ns, Reaching safepoint: 162921 ns, At safepoint: 7494 ns, Total: 170415 ns
[2020-09-11T12:39:33.690+0000][1][safepoint    ] Safepoint "Cleanup", Time since last: 1000138746 ns, Reaching safepoint: 53489 ns, At safepoint: 5394 ns, Total: 58883 ns
[2020-09-11T12:39:34.690+0000][1][safepoint    ] Safepoint "Cleanup", Time since last: 1000094228 ns, Reaching safepoint: 168706 ns, At safepoint: 6739 ns, Total: 175445 ns
[2020-09-11T12:39:35.690+0000][1][safepoint    ] Safepoint "Cleanup", Time since last: 1000096655 ns, Reaching safepoint: 175840 ns, At safepoint: 8376 ns, Total: 184216 ns
[2020-09-11T12:39:36.691+0000][1][safepoint    ] Safepoint "Cleanup", Time since last: 1000142632 ns, Reaching safepoint: 90301 ns, At safepoint: 5896 ns, Total: 96197 ns
[2020-09-11T12:39:37.691+0000][1][safepoint    ] Safepoint "Cleanup", Time since last: 1000469434 ns, Reaching safepoint: 158921 ns, At safepoint: 8498 ns, Total: 167419 ns
[2020-09-11T12:39:38.691+0000][1][safepoint    ] Safepoint "Cleanup", Time since last: 1000182241 ns, Reaching safepoint: 74199 ns, At safepoint: 6635 ns, Total: 80834 ns
[2020-09-11T12:39:39.692+0000][1][safepoint    ] Safepoint "Cleanup", Time since last: 1000116039 ns, Reaching safepoint: 233676 ns, At safepoint: 21239 ns, Total: 254915 ns
[2020-09-11T12:39:40.692+0000][1][safepoint    ] Safepoint "Cleanup", Time since last: 1000145715 ns, Reaching safepoint: 58137 ns, At safepoint: 5583 ns, Total: 63720 ns
[2020-09-11T12:39:41.691+0000][1][safepoint    ] Safepoint "RevokeBias", Time since last: 998903424 ns, Reaching safepoint: 187770 ns, At safepoint: 24612 ns, Total: 212382 ns
[2020-09-11T12:39:42.694+0000][1][safepoint    ] Safepoint "Cleanup", Time since last: 1002208989 ns, Reaching safepoint: 147001 ns, At safepoint: 9258 ns, Total: 156259 ns
[2020-09-11T12:39:43.694+0000][1][safepoint    ] Safepoint "Cleanup", Time since last: 1000164111 ns, Reaching safepoint: 91912 ns, At safepoint: 6798 ns, Total: 98710 ns
[2020-09-11T12:39:44.694+0000][1][safepoint    ] Safepoint "Cleanup", Time since last: 1000126397 ns, Reaching safepoint: 216207 ns, At safepoint: 20480 ns, Total: 236687 ns
[2020-09-11T12:39:45.694+0000][1][safepoint    ] Safepoint "Cleanup", Time since last: 1000216080 ns, Reaching safepoint: 86100 ns, At safepoint: 7096 ns, Total: 93196 ns
[2020-09-11T12:39:46.695+0000][1][safepoint    ] Safepoint "Cleanup", Time since last: 1000140595 ns, Reaching safepoint: 102482 ns, At safepoint: 6531 ns, Total: 109013 ns
[2020-09-11T12:39:47.695+0000][1][safepoint    ] Safepoint "Cleanup", Time since last: 1000155214 ns, Reaching safepoint: 97053 ns, At safepoint: 6936 ns, Total: 103989 ns
[2020-09-11T12:39:48.695+0000][1][safepoint    ] Safepoint "Cleanup", Time since last: 1000133687 ns, Reaching safepoint: 222945 ns, At safepoint: 16929 ns, Total: 239874 ns
[2020-09-11T12:39:49.696+0000][1][safepoint    ] Safepoint "Cleanup", Time since last: 1000149574 ns, Reaching safepoint: 52864 ns, At safepoint: 5943 ns, Total: 58807 ns
[2020-09-11T12:39:50.694+0000][1][safepoint    ] Safepoint "RevokeBias", Time since last: 997898998 ns, Reaching safepoint: 126297 ns, At safepoint: 46593 ns, Total: 172890 ns
[2020-09-11T12:39:51.695+0000][1][safepoint    ] Safepoint "RevokeBias", Time since last: 1000553968 ns, Reaching safepoint: 956071 ns, At safepoint: 59256 ns, Total: 1015327 ns
[2020-09-11T12:39:52.696+0000][1][safepoint    ] Safepoint "Cleanup", Time since last: 1000194862 ns, Reaching safepoint: 310205 ns, At safepoint: 19024 ns, Total: 329229 ns
[2020-09-11T12:39:53.696+0000][1][safepoint    ] Safepoint "Cleanup", Time since last: 1000147061 ns, Reaching safepoint: 53219 ns, At safepoint: 5962 ns, Total: 59181 ns
[2020-09-11T12:39:54.696+0000][1][safepoint    ] Safepoint "Cleanup", Time since last: 1000160561 ns, Reaching safepoint: 80732 ns, At safepoint: 6930 ns, Total: 87662 ns
[2020-09-11T12:39:55.696+0000][1][safepoint    ] Safepoint "Cleanup", Time since last: 1000173937 ns, Reaching safepoint: 86157 ns, At safepoint: 7148 ns, Total: 93305 ns
[2020-09-11T12:39:56.697+0000][1][safepoint    ] Safepoint "Cleanup", Time since last: 1000097368 ns, Reaching safepoint: 172465 ns, At safepoint: 7749 ns, Total: 180214 ns
[2020-09-11T12:39:57.697+0000][1][safepoint    ] Safepoint "Cleanup", Time since last: 1000092777 ns, Reaching safepoint: 161704 ns, At safepoint: 7284 ns, Total: 168988 ns
[2020-09-11T12:39:58.697+0000][1][safepoint    ] Safepoint "Cleanup", Time since last: 1000116780 ns, Reaching safepoint: 313864 ns, At safepoint: 19191 ns, Total: 333055 ns
[2020-09-11T12:39:59.698+0000][1][safepoint    ] Safepoint "Cleanup", Time since last: 1000154609 ns, Reaching safepoint: 308037 ns, At safepoint: 19197 ns, Total: 327234 ns
[2020-09-11T12:40:00.699+0000][1][safepoint    ] Safepoint "Cleanup", Time since last: 1000299358 ns, Reaching safepoint: 327648 ns, At safepoint: 20337 ns, Total: 347985 ns
[2020-09-11T12:40:01.699+0000][1][safepoint    ] Safepoint "Cleanup", Time since last: 1000201761 ns, Reaching safepoint: 84362 ns, At safepoint: 6831 ns, Total: 91193 ns
[2020-09-11T12:40:02.696+0000][1][safepoint    ] Safepoint "RevokeBias", Time since last: 997397407 ns, Reaching safepoint: 53729 ns, At safepoint: 19683 ns, Total: 73412 ns
[2020-09-11T12:40:03.697+0000][1][safepoint    ] Safepoint "Cleanup", Time since last: 1000112897 ns, Reaching safepoint: 177962 ns, At safepoint: 7111 ns, Total: 185073 ns
[2020-09-11T12:40:04.697+0000][1][safepoint    ] Safepoint "Cleanup", Time since last: 1000180102 ns, Reaching safepoint: 63773 ns, At safepoint: 5691 ns, Total: 69464 ns
[2020-09-11T12:40:05.697+0000][1][safepoint    ] Safepoint "Cleanup", Time since last: 1000313534 ns, Reaching safepoint: 53203 ns, At safepoint: 6617 ns, Total: 59820 ns
[2020-09-11T12:40:06.700+0000][1][safepoint    ] Safepoint "Cleanup", Time since last: 1002136652 ns, Reaching safepoint: 130288 ns, At safepoint: 7820 ns, Total: 138108 ns
[2020-09-11T12:40:07.700+0000][1][safepoint    ] Safepoint "Cleanup", Time since last: 1000098605 ns, Reaching safepoint: 48843 ns, At safepoint: 5461 ns, Total: 54304 ns
[2020-09-11T12:40:08.700+0000][1][safepoint    ] Safepoint "Cleanup", Time since last: 1000118009 ns, Reaching safepoint: 215285 ns, At safepoint: 16253 ns, Total: 231538 ns
[2020-09-11T12:40:09.700+0000][1][safepoint    ] Safepoint "Cleanup", Time since last: 1000171516 ns, Reaching safepoint: 214549 ns, At safepoint: 17700 ns, Total: 232249 ns
[2020-09-11T12:40:10.701+0000][1][safepoint    ] Safepoint "Cleanup", Time since last: 1000193728 ns, Reaching safepoint: 82081 ns, At safepoint: 7747 ns, Total: 89828 ns
[2020-09-11T12:40:11.701+0000][1][safepoint    ] Safepoint "Cleanup", Time since last: 1000110881 ns, Reaching safepoint: 57099 ns, At safepoint: 6949 ns, Total: 64048 ns
[2020-09-11T12:40:12.700+0000][1][safepoint    ] Safepoint "RevokeBias", Time since last: 998565786 ns, Reaching safepoint: 358723 ns, At safepoint: 62871 ns, Total: 421594 ns
[2020-09-11T12:40:13.700+0000][1][safepoint    ] Safepoint "Cleanup", Time since last: 1000162422 ns, Reaching safepoint: 174441 ns, At safepoint: 7657 ns, Total: 182098 ns
[2020-09-11T12:40:14.701+0000][1][safepoint    ] Safepoint "Cleanup", Time since last: 1000381120 ns, Reaching safepoint: 50441 ns, At safepoint: 5750 ns, Total: 56191 ns
[2020-09-11T12:40:15.703+0000][1][safepoint    ] Safepoint "Cleanup", Time since last: 1002527474 ns, Reaching safepoint: 100851 ns, At safepoint: 15429 ns, Total: 116280 ns
[2020-09-11T12:40:16.704+0000][1][safepoint    ] Safepoint "Cleanup", Time since last: 1000200126 ns, Reaching safepoint: 102863 ns, At safepoint: 13952 ns, Total: 116815 ns
[2020-09-11T12:40:17.704+0000][1][safepoint    ] Safepoint "Cleanup", Time since last: 1000162498 ns, Reaching safepoint: 124379 ns, At safepoint: 15976 ns, Total: 140355 ns
[2020-09-11T12:40:18.705+0000][1][safepoint    ] Safepoint "Cleanup", Time since last: 1000525886 ns, Reaching safepoint: 173108 ns, At safepoint: 10277 ns, Total: 183385 ns
[2020-09-11T12:40:19.705+0000][1][safepoint    ] Safepoint "Cleanup", Time since last: 1000178572 ns, Reaching safepoint: 81987 ns, At safepoint: 7227 ns, Total: 89214 ns
[2020-09-11T12:40:20.705+0000][1][safepoint    ] Safepoint "Cleanup", Time since last: 1000130574 ns, Reaching safepoint: 119493 ns, At safepoint: 15606 ns, Total: 135099 ns
[2020-09-11T12:40:21.709+0000][1][safepoint    ] Safepoint "Cleanup", Time since last: 1003686533 ns, Reaching safepoint: 610051 ns, At safepoint: 7740 ns, Total: 617791 ns
[2020-09-11T12:40:22.710+0000][1][safepoint    ] Safepoint "Cleanup", Time since last: 1000141962 ns, Reaching safepoint: 94803 ns, At safepoint: 7007 ns, Total: 101810 ns
[2020-09-11T12:40:23.702+0000][1][safepoint    ] Safepoint "RevokeBias", Time since last: 992415013 ns, Reaching safepoint: 54217 ns, At safepoint: 19123 ns, Total: 73340 ns
[2020-09-11T12:40:24.703+0000][1][safepoint    ] Safepoint "Cleanup", Time since last: 1000483097 ns, Reaching safepoint: 54760 ns, At safepoint: 6050 ns, Total: 60810 ns
[2020-09-11T12:40:25.704+0000][1][safepoint    ] Safepoint "Cleanup", Time since last: 1000518221 ns, Reaching safepoint: 219687 ns, At safepoint: 23073 ns, Total: 242760 ns
[2020-09-11T12:40:26.704+0000][1][safepoint    ] Safepoint "Cleanup", Time since last: 1000460479 ns, Reaching safepoint: 177758 ns, At safepoint: 6787 ns, Total: 184545 ns
[2020-09-11T12:40:27.705+0000][1][safepoint    ] Safepoint "Cleanup", Time since last: 1000203166 ns, Reaching safepoint: 236974 ns, At safepoint: 8278 ns, Total: 245252 ns
[2020-09-11T12:40:27.705+0000][1][gc,start     ] GC(68) Pause Young (Allocation Failure)
[2020-09-11T12:40:27.705+0000][1][gc,task      ] GC(68) Using 1 workers of 1 for evacuation
[2020-09-11T12:40:27.715+0000][1][gc,age       ] GC(68) Desired survivor size 4358144 bytes, new threshold 6 (max threshold 6)
[2020-09-11T12:40:27.715+0000][1][gc,age       ] GC(68) Age table with threshold 6 (max threshold 6)
[2020-09-11T12:40:27.715+0000][1][gc,age       ] GC(68) - age   1:      47128 bytes,      47128 total
[2020-09-11T12:40:27.715+0000][1][gc,age       ] GC(68) - age   2:     387272 bytes,     434400 total
[2020-09-11T12:40:27.715+0000][1][gc,age       ] GC(68) - age   3:     540224 bytes,     974624 total
[2020-09-11T12:40:27.715+0000][1][gc,age       ] GC(68) - age   4:    1413128 bytes,    2387752 total
[2020-09-11T12:40:27.715+0000][1][gc,heap      ] GC(68) ParNew: 71693K->4333K(76672K)
[2020-09-11T12:40:27.715+0000][1][gc,heap      ] GC(68) CMS: 62712K->62712K(439104K)
[2020-09-11T12:40:27.715+0000][1][gc,metaspace ] GC(68) Metaspace: 73839K->73839K(1118208K)
[2020-09-11T12:40:27.715+0000][1][gc           ] GC(68) Pause Young (Allocation Failure) 131M->65M(503M) 9.890ms
[2020-09-11T12:40:27.715+0000][1][gc,cpu       ] GC(68) User=0.01s Sys=0.00s Real=0.00s
[2020-09-11T12:40:27.716+0000][1][safepoint    ] Safepoint "GenCollectForAllocation", Time since last: 623648 ns, Reaching safepoint: 149239 ns, At safepoint: 10421528 ns, Total: 10570767 ns
[2020-09-11T12:40:28.717+0000][1][safepoint    ] Safepoint "Cleanup", Time since last: 1001063522 ns, Reaching safepoint: 117212 ns, At safepoint: 44706 ns, Total: 161918 ns
[2020-09-11T12:40:29.717+0000][1][safepoint    ] Safepoint "Cleanup", Time since last: 1000309708 ns, Reaching safepoint: 85186 ns, At safepoint: 15385 ns, Total: 100571 ns
[2020-09-11T12:40:30.718+0000][1][safepoint    ] Safepoint "Cleanup", Time since last: 1000160578 ns, Reaching safepoint: 112896 ns, At safepoint: 17985 ns, Total: 130881 ns
[2020-09-11T12:40:31.718+0000][1][safepoint    ] Safepoint "Cleanup", Time since last: 1000194714 ns, Reaching safepoint: 85215 ns, At safepoint: 5662 ns, Total: 90877 ns
[2020-09-11T12:40:32.718+0000][1][safepoint    ] Safepoint "Cleanup", Time since last: 1000160949 ns, Reaching safepoint: 90228 ns, At safepoint: 6954 ns, Total: 97182 ns
[2020-09-11T12:40:33.718+0000][1][safepoint    ] Safepoint "Cleanup", Time since last: 1000150960 ns, Reaching safepoint: 52140 ns, At safepoint: 5823 ns, Total: 57963 ns
[2020-09-11T12:40:34.705+0000][1][safepoint    ] Safepoint "RevokeBias", Time since last: 986656820 ns, Reaching safepoint: 182796 ns, At safepoint: 46242 ns, Total: 229038 ns
[2020-09-11T12:40:35.706+0000][1][safepoint    ] Safepoint "Cleanup", Time since last: 1000192768 ns, Reaching safepoint: 51466 ns, At safepoint: 6144 ns, Total: 57610 ns
[2020-09-11T12:40:36.706+0000][1][safepoint    ] Safepoint "Cleanup", Time since last: 1000246431 ns, Reaching safepoint: 165825 ns, At safepoint: 8835 ns, Total: 174660 ns
[2020-09-11T12:40:37.707+0000][1][safepoint    ] Safepoint "Cleanup", Time since last: 1000497168 ns, Reaching safepoint: 213620 ns, At safepoint: 18843 ns, Total: 232463 ns
[2020-09-11T12:40:38.708+0000][1][safepoint    ] Safepoint "Cleanup", Time since last: 1000937570 ns, Reaching safepoint: 56318 ns, At safepoint: 7071 ns, Total: 63389 ns
[2020-09-11T12:40:39.708+0000][1][safepoint    ] Safepoint "Cleanup", Time since last: 1000133843 ns, Reaching safepoint: 92822 ns, At safepoint: 5887 ns, Total: 98709 ns
[2020-09-11T12:40:40.710+0000][1][safepoint    ] Safepoint "Cleanup", Time since last: 1001850426 ns, Reaching safepoint: 115442 ns, At safepoint: 14346 ns, Total: 129788 ns
[2020-09-11T12:40:41.710+0000][1][safepoint    ] Safepoint "Cleanup", Time since last: 1000146626 ns, Reaching safepoint: 215879 ns, At safepoint: 19261 ns, Total: 235140 ns
[2020-09-11T12:40:42.711+0000][1][safepoint    ] Safepoint "Cleanup", Time since last: 1000165868 ns, Reaching safepoint: 97344 ns, At safepoint: 5931 ns, Total: 103275 ns
[2020-09-11T12:40:43.711+0000][1][safepoint    ] Safepoint "Cleanup", Time since last: 1000122112 ns, Reaching safepoint: 324989 ns, At safepoint: 21697 ns, Total: 346686 ns
[2020-09-11T12:40:44.712+0000][1][safepoint    ] Safepoint "Cleanup", Time since last: 1000161686 ns, Reaching safepoint: 245601 ns, At safepoint: 20256 ns, Total: 265857 ns
[2020-09-11T12:40:45.713+0000][1][safepoint    ] Safepoint "Cleanup", Time since last: 1001020689 ns, Reaching safepoint: 112294 ns, At safepoint: 13812 ns, Total: 126106 ns
[2020-09-11T12:40:46.713+0000][1][safepoint    ] Safepoint "Cleanup", Time since last: 1000168470 ns, Reaching safepoint: 99044 ns, At safepoint: 6220 ns, Total: 105264 ns
[2020-09-11T12:40:47.713+0000][1][safepoint    ] Safepoint "Cleanup", Time since last: 1000118098 ns, Reaching safepoint: 104814 ns, At safepoint: 4649 ns, Total: 109463 ns
[2020-09-11T12:40:48.713+0000][1][safepoint    ] Safepoint "Cleanup", Time since last: 1000134338 ns, Reaching safepoint: 97037 ns, At safepoint: 6077 ns, Total: 103114 ns
[2020-09-11T12:40:49.716+0000][1][safepoint    ] Safepoint "Cleanup", Time since last: 1001969738 ns, Reaching safepoint: 173348 ns, At safepoint: 7167 ns, Total: 180515 ns
[2020-09-11T12:40:50.716+0000][1][safepoint    ] Safepoint "Cleanup", Time since last: 1000144741 ns, Reaching safepoint: 92298 ns, At safepoint: 6421 ns, Total: 98719 ns
[2020-09-11T12:40:51.716+0000][1][safepoint    ] Safepoint "Cleanup", Time since last: 1000131991 ns, Reaching safepoint: 102318 ns, At safepoint: 13277 ns, Total: 115595 ns
[2020-09-11T12:40:52.716+0000][1][safepoint    ] Safepoint "Cleanup", Time since last: 1000159085 ns, Reaching safepoint: 111149 ns, At safepoint: 14473 ns, Total: 125622 ns
[2020-09-11T12:40:53.717+0000][1][safepoint    ] Safepoint "Cleanup", Time since last: 1000178637 ns, Reaching safepoint: 102594 ns, At safepoint: 5786 ns, Total: 108380 ns
[2020-09-11T12:40:54.717+0000][1][safepoint    ] Safepoint "Cleanup", Time since last: 1000169754 ns, Reaching safepoint: 93546 ns, At safepoint: 7331 ns, Total: 100877 ns
[2020-09-11T12:40:55.718+0000][1][safepoint    ] Safepoint "Cleanup", Time since last: 1000777673 ns, Reaching safepoint: 106120 ns, At safepoint: 5772 ns, Total: 111892 ns
[2020-09-11T12:40:56.718+0000][1][safepoint    ] Safepoint "Cleanup", Time since last: 1000169720 ns, Reaching safepoint: 101797 ns, At safepoint: 15833 ns, Total: 117630 ns
[2020-09-11T12:40:57.718+0000][1][safepoint    ] Safepoint "Cleanup", Time since last: 1000198161 ns, Reaching safepoint: 78975 ns, At safepoint: 10855 ns, Total: 89830 ns
[2020-09-11T12:40:58.719+0000][1][safepoint    ] Safepoint "Cleanup", Time since last: 1000177265 ns, Reaching safepoint: 126160 ns, At safepoint: 16451 ns, Total: 142611 ns
[2020-09-11T12:40:59.719+0000][1][safepoint    ] Safepoint "Cleanup", Time since last: 1000220316 ns, Reaching safepoint: 79023 ns, At safepoint: 7142 ns, Total: 86165 ns
[2020-09-11T12:41:00.720+0000][1][safepoint    ] Safepoint "Cleanup", Time since last: 1000818303 ns, Reaching safepoint: 119732 ns, At safepoint: 6628 ns, Total: 126360 ns
[2020-09-11T12:41:01.720+0000][1][safepoint    ] Safepoint "Cleanup", Time since last: 1000130799 ns, Reaching safepoint: 106030 ns, At safepoint: 14182 ns, Total: 120212 ns
[2020-09-11T12:41:02.713+0000][1][safepoint    ] Safepoint "RevokeBias", Time since last: 992549016 ns, Reaching safepoint: 175681 ns, At safepoint: 20826 ns, Total: 196507 ns
[2020-09-11T12:41:03.714+0000][1][safepoint    ] Safepoint "Cleanup", Time since last: 1000905128 ns, Reaching safepoint: 178689 ns, At safepoint: 6614 ns, Total: 185303 ns
[2020-09-11T12:41:04.715+0000][1][safepoint    ] Safepoint "Cleanup", Time since last: 1000343140 ns, Reaching safepoint: 126226 ns, At safepoint: 15028 ns, Total: 141254 ns
[2020-09-11T12:41:05.717+0000][1][safepoint    ] Safepoint "Cleanup", Time since last: 1002291464 ns, Reaching safepoint: 110323 ns, At safepoint: 15111 ns, Total: 125434 ns
[2020-09-11T12:41:06.717+0000][1][safepoint    ] Safepoint "Cleanup", Time since last: 1000206557 ns, Reaching safepoint: 91520 ns, At safepoint: 7092 ns, Total: 98612 ns
[2020-09-11T12:41:07.718+0000][1][safepoint    ] Safepoint "Cleanup", Time since last: 1000108774 ns, Reaching safepoint: 166203 ns, At safepoint: 8691 ns, Total: 174894 ns
[2020-09-11T12:41:08.718+0000][1][safepoint    ] Safepoint "Cleanup", Time since last: 1000115523 ns, Reaching safepoint: 223887 ns, At safepoint: 18629 ns, Total: 242516 ns
[2020-09-11T12:41:09.718+0000][1][safepoint    ] Safepoint "Cleanup", Time since last: 1000166334 ns, Reaching safepoint: 98794 ns, At safepoint: 13564 ns, Total: 112358 ns
[2020-09-11T12:41:10.718+0000][1][safepoint    ] Safepoint "Cleanup", Time since last: 1000125602 ns, Reaching safepoint: 172881 ns, At safepoint: 7361 ns, Total: 180242 ns
[2020-09-11T12:41:11.719+0000][1][safepoint    ] Safepoint "Cleanup", Time since last: 1000127670 ns, Reaching safepoint: 220609 ns, At safepoint: 21954 ns, Total: 242563 ns
[2020-09-11T12:41:12.719+0000][1][safepoint    ] Safepoint "Cleanup", Time since last: 1000122925 ns, Reaching safepoint: 57691 ns, At safepoint: 6101 ns, Total: 63792 ns
[2020-09-11T12:41:13.719+0000][1][safepoint    ] Safepoint "Cleanup", Time since last: 1000109909 ns, Reaching safepoint: 190883 ns, At safepoint: 7762 ns, Total: 198645 ns
[2020-09-11T12:41:14.720+0000][1][safepoint    ] Safepoint "Cleanup", Time since last: 1000105301 ns, Reaching safepoint: 211837 ns, At safepoint: 18081 ns, Total: 229918 ns
[2020-09-11T12:41:15.720+0000][1][safepoint    ] Safepoint "Cleanup", Time since last: 1000214710 ns, Reaching safepoint: 104844 ns, At safepoint: 16294 ns, Total: 121138 ns
[2020-09-11T12:41:16.720+0000][1][safepoint    ] Safepoint "Cleanup", Time since last: 1000209025 ns, Reaching safepoint: 110892 ns, At safepoint: 16461 ns, Total: 127353 ns
[2020-09-11T12:41:17.721+0000][1][safepoint    ] Safepoint "Cleanup", Time since last: 1000174255 ns, Reaching safepoint: 101185 ns, At safepoint: 13825 ns, Total: 115010 ns
[2020-09-11T12:41:18.721+0000][1][safepoint    ] Safepoint "Cleanup", Time since last: 1000191711 ns, Reaching safepoint: 116604 ns, At safepoint: 16444 ns, Total: 133048 ns
[2020-09-11T12:41:19.721+0000][1][safepoint    ] Safepoint "Cleanup", Time since last: 1000207304 ns, Reaching safepoint: 76542 ns, At safepoint: 6318 ns, Total: 82860 ns
[2020-09-11T12:41:20.724+0000][1][safepoint    ] Safepoint "Cleanup", Time since last: 1002182540 ns, Reaching safepoint: 192920 ns, At safepoint: 20630 ns, Total: 213550 ns
[2020-09-11T12:41:21.724+0000][1][safepoint    ] Safepoint "Cleanup", Time since last: 1000222111 ns, Reaching safepoint: 107617 ns, At safepoint: 16000 ns, Total: 123617 ns
[2020-09-11T12:41:22.724+0000][1][safepoint    ] Safepoint "Cleanup", Time since last: 1000161463 ns, Reaching safepoint: 310265 ns, At safepoint: 23237 ns, Total: 333502 ns
[2020-09-11T12:41:23.725+0000][1][safepoint    ] Safepoint "Cleanup", Time since last: 1000208378 ns, Reaching safepoint: 106765 ns, At safepoint: 16668 ns, Total: 123433 ns
[2020-09-11T12:41:24.720+0000][1][safepoint    ] Safepoint "RevokeBias", Time since last: 994364615 ns, Reaching safepoint: 284155 ns, At safepoint: 46747 ns, Total: 330902 ns
[2020-09-11T12:41:25.720+0000][1][safepoint    ] Safepoint "Cleanup", Time since last: 1000200775 ns, Reaching safepoint: 177254 ns, At safepoint: 9173 ns, Total: 186427 ns
[2020-09-11T12:41:26.721+0000][1][safepoint    ] Safepoint "Cleanup", Time since last: 1000594653 ns, Reaching safepoint: 98492 ns, At safepoint: 7724 ns, Total: 106216 ns
[2020-09-11T12:41:27.721+0000][1][safepoint    ] Safepoint "Cleanup", Time since last: 1000136483 ns, Reaching safepoint: 92246 ns, At safepoint: 5627 ns, Total: 97873 ns
[2020-09-11T12:41:28.721+0000][1][safepoint    ] Safepoint "Cleanup", Time since last: 1000138703 ns, Reaching safepoint: 94616 ns, At safepoint: 6558 ns, Total: 101174 ns
[2020-09-11T12:41:29.723+0000][1][safepoint    ] Safepoint "Cleanup", Time since last: 1001617643 ns, Reaching safepoint: 215194 ns, At safepoint: 17072 ns, Total: 232266 ns
[2020-09-11T12:41:30.723+0000][1][safepoint    ] Safepoint "Cleanup", Time since last: 1000152901 ns, Reaching safepoint: 145266 ns, At safepoint: 14611 ns, Total: 159877 ns
[2020-09-11T12:41:31.724+0000][1][safepoint    ] Safepoint "Cleanup", Time since last: 1000210436 ns, Reaching safepoint: 115301 ns, At safepoint: 15496 ns, Total: 130797 ns
[2020-09-11T12:41:32.724+0000][1][safepoint    ] Safepoint "Cleanup", Time since last: 1000310513 ns, Reaching safepoint: 113624 ns, At safepoint: 15863 ns, Total: 129487 ns
[2020-09-11T12:41:33.724+0000][1][safepoint    ] Safepoint "Cleanup", Time since last: 1000204544 ns, Reaching safepoint: 113220 ns, At safepoint: 15302 ns, Total: 128522 ns
[2020-09-11T12:41:34.725+0000][1][safepoint    ] Safepoint "Cleanup", Time since last: 1000174672 ns, Reaching safepoint: 111933 ns, At safepoint: 14814 ns, Total: 126747 ns
[2020-09-11T12:41:35.725+0000][1][safepoint    ] Safepoint "Cleanup", Time since last: 1000208426 ns, Reaching safepoint: 110787 ns, At safepoint: 15185 ns, Total: 125972 ns
[2020-09-11T12:41:36.176+0000][1][gc,start     ] GC(69) Pause Young (Allocation Failure)
[2020-09-11T12:41:36.176+0000][1][gc,task      ] GC(69) Using 1 workers of 1 for evacuation
[2020-09-11T12:41:36.186+0000][1][gc,age       ] GC(69) Desired survivor size 4358144 bytes, new threshold 6 (max threshold 6)
[2020-09-11T12:41:36.186+0000][1][gc,age       ] GC(69) Age table with threshold 6 (max threshold 6)
[2020-09-11T12:41:36.186+0000][1][gc,age       ] GC(69) - age   1:      12608 bytes,      12608 total
[2020-09-11T12:41:36.186+0000][1][gc,age       ] GC(69) - age   2:      38840 bytes,      51448 total
[2020-09-11T12:41:36.186+0000][1][gc,age       ] GC(69) - age   3:     383480 bytes,     434928 total
[2020-09-11T12:41:36.186+0000][1][gc,age       ] GC(69) - age   4:     536536 bytes,     971464 total
[2020-09-11T12:41:36.186+0000][1][gc,age       ] GC(69) - age   5:    1413096 bytes,    2384560 total
[2020-09-11T12:41:36.186+0000][1][gc,heap      ] GC(69) ParNew: 72493K->2832K(76672K)
[2020-09-11T12:41:36.186+0000][1][gc,heap      ] GC(69) CMS: 62712K->62712K(439104K)
[2020-09-11T12:41:36.186+0000][1][gc,metaspace ] GC(69) Metaspace: 74097K->74097K(1118208K)
[2020-09-11T12:41:36.186+0000][1][gc           ] GC(69) Pause Young (Allocation Failure) 132M->64M(503M) 9.610ms
[2020-09-11T12:41:36.186+0000][1][gc,cpu       ] GC(69) User=0.01s Sys=0.00s Real=0.01s
[2020-09-11T12:41:36.186+0000][1][safepoint    ] Safepoint "GenCollectForAllocation", Time since last: 451050205 ns, Reaching safepoint: 168790 ns, At safepoint: 9673671 ns, Total: 9842461 ns
[2020-09-11T12:41:37.190+0000][1][safepoint    ] Safepoint "Cleanup", Time since last: 1004172929 ns, Reaching safepoint: 95925 ns, At safepoint: 19033 ns, Total: 114958 ns
[2020-09-11T12:41:38.190+0000][1][safepoint    ] Safepoint "Cleanup", Time since last: 1000173435 ns, Reaching safepoint: 95008 ns, At safepoint: 17665 ns, Total: 112673 ns
[2020-09-11T12:41:39.191+0000][1][safepoint    ] Safepoint "Cleanup", Time since last: 1000185056 ns, Reaching safepoint: 96548 ns, At safepoint: 7249 ns, Total: 103797 ns
[2020-09-11T12:41:40.191+0000][1][safepoint    ] Safepoint "Cleanup", Time since last: 1000166905 ns, Reaching safepoint: 95978 ns, At safepoint: 6250 ns, Total: 102228 ns
[2020-09-11T12:41:41.192+0000][1][safepoint    ] Safepoint "Cleanup", Time since last: 1000132993 ns, Reaching safepoint: 352071 ns, At safepoint: 18018 ns, Total: 370089 ns
[2020-09-11T12:41:42.192+0000][1][safepoint    ] Safepoint "Cleanup", Time since last: 1000197378 ns, Reaching safepoint: 123012 ns, At safepoint: 15576 ns, Total: 138588 ns
[2020-09-11T12:41:42.730+0000][1][safepoint    ] Safepoint "RevokeBias", Time since last: 537767861 ns, Reaching safepoint: 226620 ns, At safepoint: 47723 ns, Total: 274343 ns
[2020-09-11T12:41:43.732+0000][1][safepoint    ] Safepoint "Cleanup", Time since last: 1001548612 ns, Reaching safepoint: 217108 ns, At safepoint: 16809 ns, Total: 233917 ns
[2020-09-11T12:41:44.732+0000][1][safepoint    ] Safepoint "Cleanup", Time since last: 1000152531 ns, Reaching safepoint: 231765 ns, At safepoint: 17423 ns, Total: 249188 ns
[2020-09-11T12:41:45.732+0000][1][safepoint    ] Safepoint "Cleanup", Time since last: 1000158943 ns, Reaching safepoint: 226593 ns, At safepoint: 17591 ns, Total: 244184 ns
[2020-09-11T12:41:46.731+0000][1][safepoint    ] Safepoint "RevokeBias", Time since last: 998090161 ns, Reaching safepoint: 225878 ns, At safepoint: 49427 ns, Total: 275305 ns
[2020-09-11T12:41:47.732+0000][1][safepoint    ] Safepoint "Cleanup", Time since last: 1000523961 ns, Reaching safepoint: 1015550 ns, At safepoint: 21623 ns, Total: 1037173 ns
[2020-09-11T12:41:48.733+0000][1][safepoint    ] Safepoint "Cleanup", Time since last: 1000164626 ns, Reaching safepoint: 205531 ns, At safepoint: 19408 ns, Total: 224939 ns
[2020-09-11T12:41:49.733+0000][1][safepoint    ] Safepoint "Cleanup", Time since last: 1000164252 ns, Reaching safepoint: 199425 ns, At safepoint: 17059 ns, Total: 216484 ns
[2020-09-11T12:41:50.734+0000][1][safepoint    ] Safepoint "Cleanup", Time since last: 1000154329 ns, Reaching safepoint: 230496 ns, At safepoint: 18966 ns, Total: 249462 ns
[2020-09-11T12:41:51.734+0000][1][safepoint    ] Safepoint "Cleanup", Time since last: 1000133009 ns, Reaching safepoint: 175968 ns, At safepoint: 7464 ns, Total: 183432 ns
[2020-09-11T12:41:52.736+0000][1][safepoint    ] Safepoint "Cleanup", Time since last: 1001545538 ns, Reaching safepoint: 320816 ns, At safepoint: 19649 ns, Total: 340465 ns
[2020-09-11T12:41:53.736+0000][1][safepoint    ] Safepoint "Cleanup", Time since last: 1000128726 ns, Reaching safepoint: 55206 ns, At safepoint: 6052 ns, Total: 61258 ns
[2020-09-11T12:41:54.736+0000][1][safepoint    ] Safepoint "Cleanup", Time since last: 1000131323 ns, Reaching safepoint: 105552 ns, At safepoint: 14711 ns, Total: 120263 ns
[2020-09-11T12:41:55.736+0000][1][safepoint    ] Safepoint "Cleanup", Time since last: 1000154145 ns, Reaching safepoint: 100578 ns, At safepoint: 14937 ns, Total: 115515 ns
[2020-09-11T12:41:56.737+0000][1][safepoint    ] Safepoint "Cleanup", Time since last: 1000236549 ns, Reaching safepoint: 69442 ns, At safepoint: 15350 ns, Total: 84792 ns
[2020-09-11T12:41:57.733+0000][1][safepoint    ] Safepoint "RevokeBias", Time since last: 996293343 ns, Reaching safepoint: 179034 ns, At safepoint: 21015 ns, Total: 200049 ns
[2020-09-11T12:41:58.734+0000][1][safepoint    ] Safepoint "Cleanup", Time since last: 1000296497 ns, Reaching safepoint: 56401 ns, At safepoint: 5253 ns, Total: 61654 ns
[2020-09-11T12:41:59.734+0000][1][safepoint    ] Safepoint "Cleanup", Time since last: 1000267630 ns, Reaching safepoint: 101883 ns, At safepoint: 12185 ns, Total: 114068 ns
[2020-09-11T12:42:00.735+0000][1][safepoint    ] Safepoint "Cleanup", Time since last: 1000301815 ns, Reaching safepoint: 222086 ns, At safepoint: 20574 ns, Total: 242660 ns
[2020-09-11T12:42:01.736+0000][1][safepoint    ] Safepoint "Cleanup", Time since last: 1000855536 ns, Reaching safepoint: 238467 ns, At safepoint: 17280 ns, Total: 255747 ns
[2020-09-11T12:42:02.735+0000][1][safepoint    ] Safepoint "BulkRevokeBias", Time since last: 998831980 ns, Reaching safepoint: 223710 ns, At safepoint: 343952 ns, Total: 567662 ns
[2020-09-11T12:42:03.737+0000][1][safepoint    ] Safepoint "Cleanup", Time since last: 1001484155 ns, Reaching safepoint: 111279 ns, At safepoint: 15572 ns, Total: 126851 ns
[2020-09-11T12:42:04.738+0000][1][safepoint    ] Safepoint "Cleanup", Time since last: 1000812925 ns, Reaching safepoint: 51396 ns, At safepoint: 5675 ns, Total: 57071 ns
[2020-09-11T12:42:05.738+0000][1][safepoint    ] Safepoint "Cleanup", Time since last: 1000117304 ns, Reaching safepoint: 298822 ns, At safepoint: 18589 ns, Total: 317411 ns
[2020-09-11T12:42:06.738+0000][1][safepoint    ] Safepoint "Cleanup", Time since last: 1000162536 ns, Reaching safepoint: 102545 ns, At safepoint: 14620 ns, Total: 117165 ns
[2020-09-11T12:42:07.739+0000][1][safepoint    ] Safepoint "Cleanup", Time since last: 1000203574 ns, Reaching safepoint: 77563 ns, At safepoint: 6764 ns, Total: 84327 ns
[2020-09-11T12:42:08.740+0000][1][safepoint    ] Safepoint "Cleanup", Time since last: 1000853889 ns, Reaching safepoint: 230906 ns, At safepoint: 20304 ns, Total: 251210 ns
[2020-09-11T12:42:09.740+0000][1][safepoint    ] Safepoint "Cleanup", Time since last: 1000203630 ns, Reaching safepoint: 101797 ns, At safepoint: 16281 ns, Total: 118078 ns
[2020-09-11T12:42:10.740+0000][1][safepoint    ] Safepoint "Cleanup", Time since last: 1000206527 ns, Reaching safepoint: 81527 ns, At safepoint: 7240 ns, Total: 88767 ns
[2020-09-11T12:42:11.741+0000][1][safepoint    ] Safepoint "Cleanup", Time since last: 1000179459 ns, Reaching safepoint: 91729 ns, At safepoint: 6647 ns, Total: 98376 ns
[2020-09-11T12:42:12.741+0000][1][safepoint    ] Safepoint "Cleanup", Time since last: 1000165001 ns, Reaching safepoint: 80969 ns, At safepoint: 7437 ns, Total: 88406 ns
[2020-09-11T12:42:13.741+0000][1][safepoint    ] Safepoint "Cleanup", Time since last: 1000164442 ns, Reaching safepoint: 82015 ns, At safepoint: 8097 ns, Total: 90112 ns
[2020-09-11T12:42:14.742+0000][1][safepoint    ] Safepoint "Cleanup", Time since last: 1000125654 ns, Reaching safepoint: 320589 ns, At safepoint: 20948 ns, Total: 341537 ns
[2020-09-11T12:42:15.743+0000][1][safepoint    ] Safepoint "Cleanup", Time since last: 1000159429 ns, Reaching safepoint: 1017444 ns, At safepoint: 22208 ns, Total: 1039652 ns
[2020-09-11T12:42:16.743+0000][1][safepoint    ] Safepoint "Cleanup", Time since last: 1000134132 ns, Reaching safepoint: 57732 ns, At safepoint: 6095 ns, Total: 63827 ns
[2020-09-11T12:42:17.743+0000][1][safepoint    ] Safepoint "Cleanup", Time since last: 1000160156 ns, Reaching safepoint: 108209 ns, At safepoint: 20610 ns, Total: 128819 ns
[2020-09-11T12:42:18.744+0000][1][safepoint    ] Safepoint "Cleanup", Time since last: 1000185214 ns, Reaching safepoint: 112271 ns, At safepoint: 14176 ns, Total: 126447 ns
[2020-09-11T12:42:19.744+0000][1][safepoint    ] Safepoint "Cleanup", Time since last: 1000192514 ns, Reaching safepoint: 80813 ns, At safepoint: 6827 ns, Total: 87640 ns
[2020-09-11T12:42:20.744+0000][1][safepoint    ] Safepoint "Cleanup", Time since last: 1000163875 ns, Reaching safepoint: 103918 ns, At safepoint: 15716 ns, Total: 119634 ns
[2020-09-11T12:42:21.744+0000][1][safepoint    ] Safepoint "Cleanup", Time since last: 1000204065 ns, Reaching safepoint: 112187 ns, At safepoint: 16147 ns, Total: 128334 ns
[2020-09-11T12:42:22.745+0000][1][safepoint    ] Safepoint "Cleanup", Time since last: 1000175160 ns, Reaching safepoint: 97838 ns, At safepoint: 13845 ns, Total: 111683 ns
[2020-09-11T12:42:23.745+0000][1][safepoint    ] Safepoint "Cleanup", Time since last: 1000173698 ns, Reaching safepoint: 103700 ns, At safepoint: 6635 ns, Total: 110335 ns
[2020-09-11T12:42:24.741+0000][1][safepoint    ] Safepoint "RevokeBias", Time since last: 996058397 ns, Reaching safepoint: 178331 ns, At safepoint: 21406 ns, Total: 199737 ns
[2020-09-11T12:42:25.742+0000][1][safepoint    ] Safepoint "Cleanup", Time since last: 1000930485 ns, Reaching safepoint: 169606 ns, At safepoint: 6784 ns, Total: 176390 ns
[2020-09-11T12:42:26.744+0000][1][safepoint    ] Safepoint "Cleanup", Time since last: 1001854573 ns, Reaching safepoint: 216105 ns, At safepoint: 17193 ns, Total: 233298 ns
[2020-09-11T12:42:27.745+0000][1][safepoint    ] Safepoint "Cleanup", Time since last: 1000160697 ns, Reaching safepoint: 102883 ns, At safepoint: 13648 ns, Total: 116531 ns
[2020-09-11T12:42:28.747+0000][1][safepoint    ] Safepoint "Cleanup", Time since last: 1001959213 ns, Reaching safepoint: 126968 ns, At safepoint: 14573 ns, Total: 141541 ns
[2020-09-11T12:42:29.747+0000][1][safepoint    ] Safepoint "Cleanup", Time since last: 1000204222 ns, Reaching safepoint: 103548 ns, At safepoint: 16661 ns, Total: 120209 ns
[2020-09-11T12:42:30.747+0000][1][safepoint    ] Safepoint "Cleanup", Time since last: 1000147589 ns, Reaching safepoint: 76384 ns, At safepoint: 6135 ns, Total: 82519 ns
[2020-09-11T12:42:31.748+0000][1][safepoint    ] Safepoint "Cleanup", Time since last: 1000173696 ns, Reaching safepoint: 103368 ns, At safepoint: 6871 ns, Total: 110239 ns
[2020-09-11T12:42:32.748+0000][1][safepoint    ] Safepoint "Cleanup", Time since last: 1000185749 ns, Reaching safepoint: 79648 ns, At safepoint: 15578 ns, Total: 95226 ns
[2020-09-11T12:42:33.748+0000][1][safepoint    ] Safepoint "Cleanup", Time since last: 1000103781 ns, Reaching safepoint: 58359 ns, At safepoint: 7089 ns, Total: 65448 ns
[2020-09-11T12:42:34.748+0000][1][safepoint    ] Safepoint "Cleanup", Time since last: 1000123444 ns, Reaching safepoint: 112285 ns, At safepoint: 13795 ns, Total: 126080 ns
[2020-09-11T12:42:35.749+0000][1][safepoint    ] Safepoint "Cleanup", Time since last: 1000178148 ns, Reaching safepoint: 110608 ns, At safepoint: 16327 ns, Total: 126935 ns
[2020-09-11T12:42:36.749+0000][1][safepoint    ] Safepoint "Cleanup", Time since last: 1000215918 ns, Reaching safepoint: 103721 ns, At safepoint: 16608 ns, Total: 120329 ns
[2020-09-11T12:42:37.749+0000][1][safepoint    ] Safepoint "Cleanup", Time since last: 1000219692 ns, Reaching safepoint: 104366 ns, At safepoint: 16184 ns, Total: 120550 ns
[2020-09-11T12:42:38.750+0000][1][safepoint    ] Safepoint "Cleanup", Time since last: 1000167486 ns, Reaching safepoint: 325196 ns, At safepoint: 22569 ns, Total: 347765 ns
[2020-09-11T12:42:39.750+0000][1][safepoint    ] Safepoint "Cleanup", Time since last: 1000158143 ns, Reaching safepoint: 203968 ns, At safepoint: 17103 ns, Total: 221071 ns
[2020-09-11T12:42:40.751+0000][1][safepoint    ] Safepoint "Cleanup", Time since last: 1000222809 ns, Reaching safepoint: 103404 ns, At safepoint: 16060 ns, Total: 119464 ns
[2020-09-11T12:42:41.289+0000][1][gc,start     ] GC(70) Pause Young (Allocation Failure)
[2020-09-11T12:42:41.289+0000][1][gc,task      ] GC(70) Using 1 workers of 1 for evacuation
[2020-09-11T12:42:41.298+0000][1][gc,age       ] GC(70) Desired survivor size 4358144 bytes, new threshold 6 (max threshold 6)
[2020-09-11T12:42:41.298+0000][1][gc,age       ] GC(70) Age table with threshold 6 (max threshold 6)
[2020-09-11T12:42:41.298+0000][1][gc,age       ] GC(70) - age   1:       9856 bytes,       9856 total
[2020-09-11T12:42:41.298+0000][1][gc,age       ] GC(70) - age   2:       6920 bytes,      16776 total
[2020-09-11T12:42:41.298+0000][1][gc,age       ] GC(70) - age   3:      38840 bytes,      55616 total
[2020-09-11T12:42:41.298+0000][1][gc,age       ] GC(70) - age   4:     383480 bytes,     439096 total
[2020-09-11T12:42:41.298+0000][1][gc,age       ] GC(70) - age   5:     536536 bytes,     975632 total
[2020-09-11T12:42:41.298+0000][1][gc,age       ] GC(70) - age   6:    1413096 bytes,    2388728 total
[2020-09-11T12:42:41.298+0000][1][gc,heap      ] GC(70) ParNew: 70992K->4201K(76672K)
[2020-09-11T12:42:41.298+0000][1][gc,heap      ] GC(70) CMS: 62712K->62712K(439104K)
[2020-09-11T12:42:41.298+0000][1][gc,metaspace ] GC(70) Metaspace: 74287K->74287K(1118208K)
[2020-09-11T12:42:41.298+0000][1][gc           ] GC(70) Pause Young (Allocation Failure) 130M->65M(503M) 9.756ms
[2020-09-11T12:42:41.298+0000][1][gc,cpu       ] GC(70) User=0.01s Sys=0.00s Real=0.01s
[2020-09-11T12:42:41.298+0000][1][safepoint    ] Safepoint "GenCollectForAllocation", Time since last: 537714111 ns, Reaching safepoint: 181172 ns, At safepoint: 9824568 ns, Total: 10005740 ns
[2020-09-11T12:42:42.301+0000][1][safepoint    ] Safepoint "Cleanup", Time since last: 1002791059 ns, Reaching safepoint: 57536 ns, At safepoint: 17357 ns, Total: 74893 ns
[2020-09-11T12:42:43.302+0000][1][safepoint    ] Safepoint "Cleanup", Time since last: 1000291028 ns, Reaching safepoint: 55101 ns, At safepoint: 14605 ns, Total: 69706 ns
[2020-09-11T12:42:44.302+0000][1][safepoint    ] Safepoint "Cleanup", Time since last: 1000322585 ns, Reaching safepoint: 56223 ns, At safepoint: 16360 ns, Total: 72583 ns
[2020-09-11T12:42:45.302+0000][1][safepoint    ] Safepoint "Cleanup", Time since last: 1000112450 ns, Reaching safepoint: 139633 ns, At safepoint: 14883 ns, Total: 154516 ns
[2020-09-11T12:42:46.303+0000][1][safepoint    ] Safepoint "Cleanup", Time since last: 1000132203 ns, Reaching safepoint: 288468 ns, At safepoint: 19739 ns, Total: 308207 ns
[2020-09-11T12:42:47.303+0000][1][safepoint    ] Safepoint "Cleanup", Time since last: 1000238087 ns, Reaching safepoint: 97161 ns, At safepoint: 6562 ns, Total: 103723 ns
[2020-09-11T12:42:48.303+0000][1][safepoint    ] Safepoint "Cleanup", Time since last: 1000174324 ns, Reaching safepoint: 121469 ns, At safepoint: 16347 ns, Total: 137816 ns
[2020-09-11T12:42:49.304+0000][1][safepoint    ] Safepoint "Cleanup", Time since last: 1000291744 ns, Reaching safepoint: 96499 ns, At safepoint: 6295 ns, Total: 102794 ns
[2020-09-11T12:42:50.304+0000][1][safepoint    ] Safepoint "Cleanup", Time since last: 1000190288 ns, Reaching safepoint: 99002 ns, At safepoint: 7287 ns, Total: 106289 ns
[2020-09-11T12:42:51.304+0000][1][safepoint    ] Safepoint "Cleanup", Time since last: 1000170432 ns, Reaching safepoint: 98972 ns, At safepoint: 6058 ns, Total: 105030 ns
[2020-09-11T12:42:52.305+0000][1][safepoint    ] Safepoint "Cleanup", Time since last: 1000170411 ns, Reaching safepoint: 116878 ns, At safepoint: 16999 ns, Total: 133877 ns
[2020-09-11T12:42:53.305+0000][1][safepoint    ] Safepoint "Cleanup", Time since last: 1000228574 ns, Reaching safepoint: 116187 ns, At safepoint: 15278 ns, Total: 131465 ns
[2020-09-11T12:42:54.305+0000][1][safepoint    ] Safepoint "Cleanup", Time since last: 1000221734 ns, Reaching safepoint: 93613 ns, At safepoint: 7781 ns, Total: 101394 ns
[2020-09-11T12:42:54.749+0000][1][safepoint    ] Safepoint "RevokeBias", Time since last: 443980584 ns, Reaching safepoint: 57550 ns, At safepoint: 21311 ns, Total: 78861 ns
[2020-09-11T12:42:55.750+0000][1][safepoint    ] Safepoint "Cleanup", Time since last: 1000355891 ns, Reaching safepoint: 219316 ns, At safepoint: 19224 ns, Total: 238540 ns
[2020-09-11T12:42:56.750+0000][1][safepoint    ] Safepoint "Cleanup", Time since last: 1000241058 ns, Reaching safepoint: 250816 ns, At safepoint: 18850 ns, Total: 269666 ns
[2020-09-11T12:42:57.751+0000][1][safepoint    ] Safepoint "Cleanup", Time since last: 1000393324 ns, Reaching safepoint: 50160 ns, At safepoint: 5690 ns, Total: 55850 ns
[2020-09-11T12:42:58.752+0000][1][safepoint    ] Safepoint "Cleanup", Time since last: 1000560542 ns, Reaching safepoint: 227134 ns, At safepoint: 17470 ns, Total: 244604 ns
[2020-09-11T12:42:59.750+0000][1][safepoint    ] Safepoint "RevokeBias", Time since last: 998728921 ns, Reaching safepoint: 59356 ns, At safepoint: 20539 ns, Total: 79895 ns
[2020-09-11T12:43:00.751+0000][1][safepoint    ] Safepoint "Cleanup", Time since last: 1000234397 ns, Reaching safepoint: 149218 ns, At safepoint: 7668 ns, Total: 156886 ns
[2020-09-11T12:43:01.752+0000][1][safepoint    ] Safepoint "Cleanup", Time since last: 1000553092 ns, Reaching safepoint: 232754 ns, At safepoint: 17083 ns, Total: 249837 ns
[2020-09-11T12:43:02.754+0000][1][safepoint    ] Safepoint "Cleanup", Time since last: 1002189863 ns, Reaching safepoint: 211940 ns, At safepoint: 19197 ns, Total: 231137 ns
[2020-09-11T12:43:03.755+0000][1][safepoint    ] Safepoint "Cleanup", Time since last: 1000151360 ns, Reaching safepoint: 320228 ns, At safepoint: 20745 ns, Total: 340973 ns
[2020-09-11T12:43:04.756+0000][1][safepoint    ] Safepoint "Cleanup", Time since last: 1000833294 ns, Reaching safepoint: 248374 ns, At safepoint: 17961 ns, Total: 266335 ns
[2020-09-11T12:43:05.756+0000][1][safepoint    ] Safepoint "Cleanup", Time since last: 1000157293 ns, Reaching safepoint: 111228 ns, At safepoint: 15806 ns, Total: 127034 ns
[2020-09-11T12:43:06.756+0000][1][safepoint    ] Safepoint "Cleanup", Time since last: 1000208701 ns, Reaching safepoint: 85410 ns, At safepoint: 7408 ns, Total: 92818 ns
[2020-09-11T12:43:07.757+0000][1][safepoint    ] Safepoint "Cleanup", Time since last: 1000145385 ns, Reaching safepoint: 119116 ns, At safepoint: 5695 ns, Total: 124811 ns
[2020-09-11T12:43:08.757+0000][1][safepoint    ] Safepoint "Cleanup", Time since last: 1000168954 ns, Reaching safepoint: 91476 ns, At safepoint: 6623 ns, Total: 98099 ns
[2020-09-11T12:43:09.757+0000][1][safepoint    ] Safepoint "Cleanup", Time since last: 1000120016 ns, Reaching safepoint: 134071 ns, At safepoint: 13207 ns, Total: 147278 ns
[2020-09-11T12:43:10.757+0000][1][safepoint    ] Safepoint "Cleanup", Time since last: 1000215997 ns, Reaching safepoint: 98565 ns, At safepoint: 5482 ns, Total: 104047 ns
[2020-09-11T12:43:11.758+0000][1][safepoint    ] Safepoint "Cleanup", Time since last: 1000165395 ns, Reaching safepoint: 90140 ns, At safepoint: 6638 ns, Total: 96778 ns
[2020-09-11T12:43:12.758+0000][1][safepoint    ] Safepoint "Cleanup", Time since last: 1000216039 ns, Reaching safepoint: 67115 ns, At safepoint: 6856 ns, Total: 73971 ns
[2020-09-11T12:43:13.758+0000][1][safepoint    ] Safepoint "Cleanup", Time since last: 1000189501 ns, Reaching safepoint: 96234 ns, At safepoint: 7028 ns, Total: 103262 ns
[2020-09-11T12:43:14.759+0000][1][safepoint    ] Safepoint "Cleanup", Time since last: 1000141819 ns, Reaching safepoint: 118227 ns, At safepoint: 6606 ns, Total: 124833 ns
[2020-09-11T12:43:14.760+0000][1][safepoint    ] Safepoint "RevokeBias", Time since last: 1362435 ns, Reaching safepoint: 149532 ns, At safepoint: 21262 ns, Total: 170794 ns
[2020-09-11T12:43:15.761+0000][1][safepoint    ] Safepoint "Cleanup", Time since last: 1000924029 ns, Reaching safepoint: 47750 ns, At safepoint: 5518 ns, Total: 53268 ns
[2020-09-11T12:43:16.761+0000][1][safepoint    ] Safepoint "Cleanup", Time since last: 1000172011 ns, Reaching safepoint: 171210 ns, At safepoint: 6896 ns, Total: 178106 ns
[2020-09-11T12:43:17.763+0000][1][safepoint    ] Safepoint "Cleanup", Time since last: 1001757026 ns, Reaching safepoint: 94891 ns, At safepoint: 14049 ns, Total: 108940 ns
[2020-09-11T12:43:18.765+0000][1][safepoint    ] Safepoint "Cleanup", Time since last: 1000852170 ns, Reaching safepoint: 370910 ns, At safepoint: 22252 ns, Total: 393162 ns
[2020-09-11T12:43:19.767+0000][1][safepoint    ] Safepoint "Cleanup", Time since last: 1002117457 ns, Reaching safepoint: 214820 ns, At safepoint: 15956 ns, Total: 230776 ns
[2020-09-11T12:43:20.767+0000][1][safepoint    ] Safepoint "Cleanup", Time since last: 1000162356 ns, Reaching safepoint: 99804 ns, At safepoint: 5731 ns, Total: 105535 ns
[2020-09-11T12:43:21.767+0000][1][safepoint    ] Safepoint "Cleanup", Time since last: 1000125288 ns, Reaching safepoint: 70916 ns, At safepoint: 7076 ns, Total: 77992 ns
[2020-09-11T12:43:22.768+0000][1][safepoint    ] Safepoint "Cleanup", Time since last: 1000179604 ns, Reaching safepoint: 102869 ns, At safepoint: 16151 ns, Total: 119020 ns
[2020-09-11T12:43:23.768+0000][1][safepoint    ] Safepoint "Cleanup", Time since last: 1000196241 ns, Reaching safepoint: 109354 ns, At safepoint: 13578 ns, Total: 122932 ns
[2020-09-11T12:43:23.940+0000][1][safepoint    ] Safepoint "RevokeBias", Time since last: 172174914 ns, Reaching safepoint: 119228 ns, At safepoint: 16522 ns, Total: 135750 ns
[2020-09-11T12:43:23.940+0000][1][safepoint    ] Safepoint "RevokeBias", Time since last: 98161 ns, Reaching safepoint: 92296 ns, At safepoint: 5852 ns, Total: 98148 ns
[2020-09-11T12:43:23.942+0000][1][safepoint    ] Safepoint "RevokeBias", Time since last: 1446597 ns, Reaching safepoint: 183519 ns, At safepoint: 9785 ns, Total: 193304 ns
[2020-09-11T12:43:23.943+0000][1][safepoint    ] Safepoint "RevokeBias", Time since last: 391242 ns, Reaching safepoint: 129646 ns, At safepoint: 8639 ns, Total: 138285 ns
[2020-09-11T12:43:23.943+0000][1][safepoint    ] Safepoint "RevokeBias", Time since last: 139958 ns, Reaching safepoint: 92740 ns, At safepoint: 7179 ns, Total: 99919 ns
[2020-09-11T12:43:23.943+0000][1][safepoint    ] Safepoint "RevokeBias", Time since last: 195105 ns, Reaching safepoint: 93734 ns, At safepoint: 5827 ns, Total: 99561 ns
[2020-09-11T12:43:23.944+0000][1][safepoint    ] Safepoint "RevokeBias", Time since last: 659757 ns, Reaching safepoint: 107979 ns, At safepoint: 6404 ns, Total: 114383 ns
[2020-09-11T12:43:23.944+0000][1][safepoint    ] Safepoint "RevokeBias", Time since last: 93366 ns, Reaching safepoint: 138801 ns, At safepoint: 5846 ns, Total: 144647 ns
[2020-09-11T12:43:23.945+0000][1][safepoint    ] Safepoint "RevokeBias", Time since last: 45642 ns, Reaching safepoint: 392667 ns, At safepoint: 6520 ns, Total: 399187 ns
[2020-09-11T12:43:23.945+0000][1][safepoint    ] Safepoint "RevokeBias", Time since last: 600201 ns, Reaching safepoint: 161294 ns, At safepoint: 7231 ns, Total: 168525 ns
[2020-09-11T12:43:23.947+0000][1][safepoint    ] Safepoint "RevokeBias", Time since last: 710080 ns, Reaching safepoint: 1408137 ns, At safepoint: 10419 ns, Total: 1418556 ns
[2020-09-11T12:43:23.950+0000][1][safepoint    ] Safepoint "RevokeBias", Time since last: 1372115 ns, Reaching safepoint: 1037089 ns, At safepoint: 18340 ns, Total: 1055429 ns
[2020-09-11T12:43:23.951+0000][1][safepoint    ] Safepoint "RevokeBias", Time since last: 460009 ns, Reaching safepoint: 1068552 ns, At safepoint: 9386 ns, Total: 1077938 ns
[2020-09-11T12:43:23.964+0000][1][safepoint    ] Safepoint "RevokeBias", Time since last: 11941099 ns, Reaching safepoint: 176911 ns, At safepoint: 21064 ns, Total: 197975 ns
[2020-09-11T12:43:23.966+0000][1][safepoint    ] Safepoint "RevokeBias", Time since last: 144584 ns, Reaching safepoint: 157740 ns, At safepoint: 2458396 ns, Total: 2616136 ns
[2020-09-11T12:43:23.967+0000][1][safepoint    ] Safepoint "RevokeBias", Time since last: 113932 ns, Reaching safepoint: 172030 ns, At safepoint: 7340 ns, Total: 179370 ns
[2020-09-11T12:43:23.967+0000][1][safepoint    ] Safepoint "RevokeBias", Time since last: 43002 ns, Reaching safepoint: 143956 ns, At safepoint: 6005 ns, Total: 149961 ns
[2020-09-11T12:43:23.968+0000][1][safepoint    ] Safepoint "RevokeBias", Time since last: 515079 ns, Reaching safepoint: 185350 ns, At safepoint: 6536 ns, Total: 191886 ns
[2020-09-11T12:43:23.968+0000][1][safepoint    ] Safepoint "RevokeBias", Time since last: 531268 ns, Reaching safepoint: 156885 ns, At safepoint: 14423 ns, Total: 171308 ns
[2020-09-11T12:43:24.134+0000][1][safepoint    ] Safepoint "RevokeBias", Time since last: 165662852 ns, Reaching safepoint: 153983 ns, At safepoint: 21045 ns, Total: 175028 ns
[2020-09-11T12:43:24.138+0000][1][safepoint    ] Safepoint "RevokeBias", Time since last: 3780569 ns, Reaching safepoint: 82302 ns, At safepoint: 18479 ns, Total: 100781 ns
[2020-09-11T12:43:24.139+0000][1][safepoint    ] Safepoint "RevokeBias", Time since last: 1353816 ns, Reaching safepoint: 38965 ns, At safepoint: 31522 ns, Total: 70487 ns
[2020-09-11T12:43:24.140+0000][1][safepoint    ] Safepoint "RevokeBias", Time since last: 63061 ns, Reaching safepoint: 32845 ns, At safepoint: 5044 ns, Total: 37889 ns
[2020-09-11T12:43:24.140+0000][1][safepoint    ] Safepoint "RevokeBias", Time since last: 58460 ns, Reaching safepoint: 28488 ns, At safepoint: 4840 ns, Total: 33328 ns
[2020-09-11T12:43:24.140+0000][1][safepoint    ] Safepoint "RevokeBias", Time since last: 134036 ns, Reaching safepoint: 30160 ns, At safepoint: 5043 ns, Total: 35203 ns
[2020-09-11T12:43:24.140+0000][1][safepoint    ] Safepoint "RevokeBias", Time since last: 40161 ns, Reaching safepoint: 22102 ns, At safepoint: 4223 ns, Total: 26325 ns
[2020-09-11T12:43:24.140+0000][1][safepoint    ] Safepoint "RevokeBias", Time since last: 106393 ns, Reaching safepoint: 23534 ns, At safepoint: 4993 ns, Total: 28527 ns
[2020-09-11T12:43:24.140+0000][1][safepoint    ] Safepoint "RevokeBias", Time since last: 35183 ns, Reaching safepoint: 19254 ns, At safepoint: 4134 ns, Total: 23388 ns
[2020-09-11T12:43:24.141+0000][1][safepoint    ] Safepoint "RevokeBias", Time since last: 899883 ns, Reaching safepoint: 25882 ns, At safepoint: 5279 ns, Total: 31161 ns
[2020-09-11T12:43:24.141+0000][1][safepoint    ] Safepoint "RevokeBias", Time since last: 53485 ns, Reaching safepoint: 18550 ns, At safepoint: 4752 ns, Total: 23302 ns
[2020-09-11T12:43:24.141+0000][1][safepoint    ] Safepoint "RevokeBias", Time since last: 258783 ns, Reaching safepoint: 19169 ns, At safepoint: 4502 ns, Total: 23671 ns
[2020-09-11T12:43:24.141+0000][1][safepoint    ] Safepoint "RevokeBias", Time since last: 42262 ns, Reaching safepoint: 15677 ns, At safepoint: 4144 ns, Total: 19821 ns
[2020-09-11T12:43:24.141+0000][1][safepoint    ] Safepoint "RevokeBias", Time since last: 32409 ns, Reaching safepoint: 14951 ns, At safepoint: 4205 ns, Total: 19156 ns
[2020-09-11T12:43:24.142+0000][1][safepoint    ] Safepoint "RevokeBias", Time since last: 51226 ns, Reaching safepoint: 15733 ns, At safepoint: 12000 ns, Total: 27733 ns
[2020-09-11T12:43:24.142+0000][1][safepoint    ] Safepoint "RevokeBias", Time since last: 65911 ns, Reaching safepoint: 16476 ns, At safepoint: 11660 ns, Total: 28136 ns
[2020-09-11T12:43:24.142+0000][1][safepoint    ] Safepoint "RevokeBias", Time since last: 66144 ns, Reaching safepoint: 16324 ns, At safepoint: 11379 ns, Total: 27703 ns
[2020-09-11T12:43:24.142+0000][1][safepoint    ] Safepoint "RevokeBias", Time since last: 347479 ns, Reaching safepoint: 17174 ns, At safepoint: 12829 ns, Total: 30003 ns
[2020-09-11T12:43:24.143+0000][1][safepoint    ] Safepoint "RevokeBias", Time since last: 374635 ns, Reaching safepoint: 132664 ns, At safepoint: 14864 ns, Total: 147528 ns
[2020-09-11T12:43:24.143+0000][1][safepoint    ] Safepoint "RevokeBias", Time since last: 450277 ns, Reaching safepoint: 140181 ns, At safepoint: 14595 ns, Total: 154776 ns
[2020-09-11T12:43:24.147+0000][1][safepoint    ] Safepoint "RevokeBias", Time since last: 2442935 ns, Reaching safepoint: 22900 ns, At safepoint: 1789477 ns, Total: 1812377 ns
[2020-09-11T12:43:24.148+0000][1][safepoint    ] Safepoint "RevokeBias", Time since last: 35392 ns, Reaching safepoint: 133276 ns, At safepoint: 14500 ns, Total: 147776 ns
[2020-09-11T12:43:24.152+0000][1][safepoint    ] Safepoint "RevokeBias", Time since last: 254203 ns, Reaching safepoint: 3651890 ns, At safepoint: 9058 ns, Total: 3660948 ns
[2020-09-11T12:43:24.152+0000][1][safepoint    ] Safepoint "RevokeBias", Time since last: 125963 ns, Reaching safepoint: 124913 ns, At safepoint: 6056 ns, Total: 130969 ns
[2020-09-11T12:43:24.153+0000][1][safepoint    ] Safepoint "BulkRevokeBias", Time since last: 709777 ns, Reaching safepoint: 139354 ns, At safepoint: 82209 ns, Total: 221563 ns
[2020-09-11T12:43:24.166+0000][1][safepoint    ] Safepoint "RevokeBias", Time since last: 12770892 ns, Reaching safepoint: 151275 ns, At safepoint: 9981 ns, Total: 161256 ns
[2020-09-11T12:43:24.166+0000][1][safepoint    ] Safepoint "RevokeBias", Time since last: 81965 ns, Reaching safepoint: 146462 ns, At safepoint: 6296 ns, Total: 152758 ns
[2020-09-11T12:43:24.166+0000][1][safepoint    ] Safepoint "RevokeBias", Time since last: 40610 ns, Reaching safepoint: 137058 ns, At safepoint: 5722 ns, Total: 142780 ns
[2020-09-11T12:43:24.167+0000][1][safepoint    ] Safepoint "RevokeBias", Time since last: 904051 ns, Reaching safepoint: 161259 ns, At safepoint: 16007 ns, Total: 177266 ns
[2020-09-11T12:43:24.168+0000][1][safepoint    ] Safepoint "RevokeBias", Time since last: 606874 ns, Reaching safepoint: 142153 ns, At safepoint: 5945 ns, Total: 148098 ns
[2020-09-11T12:43:24.169+0000][1][safepoint    ] Safepoint "RevokeBias", Time since last: 506916 ns, Reaching safepoint: 140960 ns, At safepoint: 5811 ns, Total: 146771 ns
[2020-09-11T12:43:24.169+0000][1][safepoint    ] Safepoint "RevokeBias", Time since last: 620762 ns, Reaching safepoint: 143314 ns, At safepoint: 5298 ns, Total: 148612 ns
[2020-09-11T12:43:24.170+0000][1][safepoint    ] Safepoint "RevokeBias", Time since last: 644537 ns, Reaching safepoint: 142241 ns, At safepoint: 16829 ns, Total: 159070 ns
[2020-09-11T12:43:24.171+0000][1][safepoint    ] Safepoint "RevokeBias", Time since last: 352079 ns, Reaching safepoint: 137905 ns, At safepoint: 5671 ns, Total: 143576 ns
[2020-09-11T12:43:24.180+0000][1][safepoint    ] Safepoint "RevokeBias", Time since last: 5346254 ns, Reaching safepoint: 15616 ns, At safepoint: 3492434 ns, Total: 3508050 ns
[2020-09-11T12:43:24.180+0000][1][safepoint    ] Safepoint "RevokeBias", Time since last: 27330 ns, Reaching safepoint: 127869 ns, At safepoint: 86670 ns, Total: 214539 ns
[2020-09-11T12:43:24.180+0000][1][safepoint    ] Safepoint "RevokeBias", Time since last: 16651 ns, Reaching safepoint: 131524 ns, At safepoint: 43168 ns, Total: 174692 ns
[2020-09-11T12:43:24.181+0000][1][safepoint    ] Safepoint "RevokeBias", Time since last: 14482 ns, Reaching safepoint: 129029 ns, At safepoint: 955054 ns, Total: 1084083 ns
[2020-09-11T12:43:24.181+0000][1][safepoint    ] Safepoint "RevokeBias", Time since last: 18802 ns, Reaching safepoint: 130092 ns, At safepoint: 40405 ns, Total: 170497 ns
[2020-09-11T12:43:24.181+0000][1][safepoint    ] Safepoint "RevokeBias", Time since last: 15186 ns, Reaching safepoint: 124685 ns, At safepoint: 28587 ns, Total: 153272 ns
[2020-09-11T12:43:24.182+0000][1][safepoint    ] Safepoint "RevokeBias", Time since last: 13861 ns, Reaching safepoint: 127148 ns, At safepoint: 254940 ns, Total: 382088 ns
[2020-09-11T12:43:24.182+0000][1][safepoint    ] Safepoint "RevokeBias", Time since last: 15536 ns, Reaching safepoint: 130105 ns, At safepoint: 13519 ns, Total: 143624 ns
[2020-09-11T12:43:24.188+0000][1][safepoint    ] Safepoint "RevokeBias", Time since last: 5467330 ns, Reaching safepoint: 138620 ns, At safepoint: 7756 ns, Total: 146376 ns
[2020-09-11T12:43:24.193+0000][1][gc,heap,exit ] Heap
[2020-09-11T12:43:24.193+0000][1][gc,heap,exit ]  par new generation   total 76672K, used 53575K [0x00000000e0000000, 0x00000000e5330000, 0x00000000e5330000)
[2020-09-11T12:43:24.193+0000][1][gc,heap,exit ]   eden space 68160K,  72% used [0x00000000e0000000, 0x00000000e3037b58, 0x00000000e4290000)
[2020-09-11T12:43:24.193+0000][1][gc,heap,exit ]   from space 8512K,  49% used [0x00000000e4290000, 0x00000000e46aa450, 0x00000000e4ae0000)
[2020-09-11T12:43:24.193+0000][1][gc,heap,exit ]   to   space 8512K,   0% used [0x00000000e4ae0000, 0x00000000e4ae0000, 0x00000000e5330000)
[2020-09-11T12:43:24.193+0000][1][gc,heap,exit ]  concurrent mark-sweep generation total 439104K, used 62712K [0x00000000e5330000, 0x0000000100000000, 0x0000000100000000)
[2020-09-11T12:43:24.193+0000][1][gc,heap,exit ]  Metaspace       used 74487K, capacity 80409K, committed 80728K, reserved 1118208K
[2020-09-11T12:43:24.193+0000][1][gc,heap,exit ]   class space    used 9909K, capacity 12332K, committed 12436K, reserved 1048576K
