[2020-09-11T13:57:34.323+0000][1][gc] Using Concurrent Mark Sweep
[2020-09-11T13:57:34.324+0000][1][gc,heap,coops] Heap address: 0x00000000e0000000, size: 512 MB, Compressed Oops mode: 32-bit
[2020-09-11T13:57:34.528+0000][1][safepoint    ] Safepoint "EnableBiasedLocking", Time since last: 176146076 ns, Reaching safepoint: 3746001 ns, At safepoint: 50859 ns, Total: 3796860 ns
[2020-09-11T13:57:34.535+0000][1][safepoint    ] Safepoint "RevokeBias", Time since last: 6818124 ns, Reaching safepoint: 1102499 ns, At safepoint: 36848 ns, Total: 1139347 ns
[2020-09-11T13:57:34.585+0000][1][safepoint    ] Safepoint "Deoptimize", Time since last: 49359501 ns, Reaching safepoint: 103404 ns, At safepoint: 23855 ns, Total: 127259 ns
[2020-09-11T13:57:35.051+0000][1][safepoint    ] Safepoint "RevokeBias", Time since last: 465070266 ns, Reaching safepoint: 929719 ns, At safepoint: 29757 ns, Total: 959476 ns
[2020-09-11T13:57:35.089+0000][1][safepoint    ] Safepoint "RevokeBias", Time since last: 37394680 ns, Reaching safepoint: 99575 ns, At safepoint: 33029 ns, Total: 132604 ns
[2020-09-11T13:57:35.099+0000][1][safepoint    ] Safepoint "Deoptimize", Time since last: 10735673 ns, Reaching safepoint: 101795 ns, At safepoint: 76182 ns, Total: 177977 ns
[2020-09-11T13:57:35.103+0000][1][safepoint    ] Safepoint "Deoptimize", Time since last: 1871430 ns, Reaching safepoint: 2131698 ns, At safepoint: 30888 ns, Total: 2162586 ns
[2020-09-11T13:57:35.308+0000][1][safepoint    ] Safepoint "Deoptimize", Time since last: 196014931 ns, Reaching safepoint: 7982322 ns, At safepoint: 52504 ns, Total: 8034826 ns
[2020-09-11T13:57:36.311+0000][1][safepoint    ] Safepoint "Cleanup", Time since last: 1000127256 ns, Reaching safepoint: 3832545 ns, At safepoint: 6375 ns, Total: 3838920 ns
[2020-09-11T13:57:37.083+0000][1][safepoint    ] Safepoint "Deoptimize", Time since last: 770983561 ns, Reaching safepoint: 119204 ns, At safepoint: 56455 ns, Total: 175659 ns
[2020-09-11T13:57:37.324+0000][1][safepoint    ] Safepoint "Deoptimize", Time since last: 241161847 ns, Reaching safepoint: 92898 ns, At safepoint: 79641 ns, Total: 172539 ns
[2020-09-11T13:57:37.574+0000][1][safepoint    ] Safepoint "Deoptimize", Time since last: 248046763 ns, Reaching safepoint: 2129995 ns, At safepoint: 72068 ns, Total: 2202063 ns
[2020-09-11T13:57:38.099+0000][1][safepoint    ] Safepoint "Deoptimize", Time since last: 524885655 ns, Reaching safepoint: 104769 ns, At safepoint: 68634 ns, Total: 173403 ns
[2020-09-11T13:57:38.963+0000][1][safepoint    ] Safepoint "Deoptimize", Time since last: 863137005 ns, Reaching safepoint: 130281 ns, At safepoint: 83310 ns, Total: 213591 ns
[2020-09-11T13:57:39.967+0000][1][safepoint    ] Safepoint "Cleanup", Time since last: 1004001211 ns, Reaching safepoint: 45074 ns, At safepoint: 7351 ns, Total: 52425 ns
[2020-09-11T13:57:40.180+0000][1][safepoint    ] Safepoint "Deoptimize", Time since last: 208253443 ns, Reaching safepoint: 4523361 ns, At safepoint: 103790 ns, Total: 4627151 ns
[2020-09-11T13:57:41.184+0000][1][safepoint    ] Safepoint "Cleanup", Time since last: 1003896965 ns, Reaching safepoint: 143404 ns, At safepoint: 6836 ns, Total: 150240 ns
[2020-09-11T13:57:41.446+0000][1][safepoint    ] Safepoint "Deoptimize", Time since last: 262236183 ns, Reaching safepoint: 108342 ns, At safepoint: 198095 ns, Total: 306437 ns
[2020-09-11T13:57:41.446+0000][1][safepoint    ] Safepoint "Deoptimize", Time since last: 163764 ns, Reaching safepoint: 11104 ns, At safepoint: 93012 ns, Total: 104116 ns
[2020-09-11T13:57:41.671+0000][1][safepoint    ] Safepoint "Deoptimize", Time since last: 224621486 ns, Reaching safepoint: 111813 ns, At safepoint: 105626 ns, Total: 217439 ns
[2020-09-11T13:57:41.680+0000][1][safepoint    ] Safepoint "Deoptimize", Time since last: 4169247 ns, Reaching safepoint: 3993824 ns, At safepoint: 103442 ns, Total: 4097266 ns
[2020-09-11T13:57:41.718+0000][1][safepoint    ] Safepoint "RevokeBias", Time since last: 36144400 ns, Reaching safepoint: 1924725 ns, At safepoint: 34857 ns, Total: 1959582 ns
[2020-09-11T13:57:41.718+0000][1][safepoint    ] Safepoint "RevokeBias", Time since last: 256750 ns, Reaching safepoint: 87910 ns, At safepoint: 26119 ns, Total: 114029 ns
[2020-09-11T13:57:41.718+0000][1][safepoint    ] Safepoint "RevokeBias", Time since last: 55949 ns, Reaching safepoint: 81986 ns, At safepoint: 17669 ns, Total: 99655 ns
[2020-09-11T13:57:41.718+0000][1][safepoint    ] Safepoint "RevokeBias", Time since last: 59409 ns, Reaching safepoint: 80239 ns, At safepoint: 16805 ns, Total: 97044 ns
[2020-09-11T13:57:41.719+0000][1][safepoint    ] Safepoint "RevokeBias", Time since last: 155462 ns, Reaching safepoint: 89215 ns, At safepoint: 18438 ns, Total: 107653 ns
[2020-09-11T13:57:42.011+0000][1][safepoint    ] Safepoint "RevokeBias", Time since last: 284841540 ns, Reaching safepoint: 8045265 ns, At safepoint: 20867 ns, Total: 8066132 ns
[2020-09-11T13:57:43.012+0000][1][safepoint    ] Safepoint "Cleanup", Time since last: 1000086525 ns, Reaching safepoint: 126614 ns, At safepoint: 6581 ns, Total: 133195 ns
[2020-09-11T13:57:43.617+0000][1][gc,start     ] GC(0) Pause Young (Allocation Failure)
[2020-09-11T13:57:43.617+0000][1][gc,task      ] GC(0) Using 1 workers of 1 for evacuation
[2020-09-11T13:57:43.654+0000][1][gc,age       ] GC(0) Desired survivor size 4358144 bytes, new threshold 1 (max threshold 6)
[2020-09-11T13:57:43.654+0000][1][gc,age       ] GC(0) Age table with threshold 1 (max threshold 6)
[2020-09-11T13:57:43.654+0000][1][gc,age       ] GC(0) - age   1:    6404000 bytes,    6404000 total
[2020-09-11T13:57:43.654+0000][1][gc,heap      ] GC(0) ParNew: 68160K->6277K(76672K)
[2020-09-11T13:57:43.654+0000][1][gc,heap      ] GC(0) CMS: 0K->0K(439104K)
[2020-09-11T13:57:43.654+0000][1][gc,metaspace ] GC(0) Metaspace: 13557K->13557K(1060864K)
[2020-09-11T13:57:43.654+0000][1][gc           ] GC(0) Pause Young (Allocation Failure) 66M->6M(503M) 37.098ms
[2020-09-11T13:57:43.654+0000][1][gc,cpu       ] GC(0) User=0.01s Sys=0.00s Real=0.03s
[2020-09-11T13:57:43.676+0000][1][safepoint    ] Safepoint "GenCollectForAllocation", Time since last: 603744051 ns, Reaching safepoint: 1842595 ns, At safepoint: 58477740 ns, Total: 60320335 ns
[2020-09-11T13:57:43.694+0000][1][safepoint    ] Safepoint "RevokeBias", Time since last: 17831617 ns, Reaching safepoint: 104150 ns, At safepoint: 407109 ns, Total: 511259 ns
[2020-09-11T13:57:43.694+0000][1][safepoint    ] Safepoint "RevokeBias", Time since last: 114467 ns, Reaching safepoint: 81696 ns, At safepoint: 34766 ns, Total: 116462 ns
[2020-09-11T13:57:43.694+0000][1][safepoint    ] Safepoint "RevokeBias", Time since last: 39906 ns, Reaching safepoint: 78248 ns, At safepoint: 24106 ns, Total: 102354 ns
[2020-09-11T13:57:43.695+0000][1][safepoint    ] Safepoint "RevokeBias", Time since last: 24936 ns, Reaching safepoint: 77497 ns, At safepoint: 22923 ns, Total: 100420 ns
[2020-09-11T13:57:43.695+0000][1][safepoint    ] Safepoint "RevokeBias", Time since last: 31080 ns, Reaching safepoint: 78165 ns, At safepoint: 25271 ns, Total: 103436 ns
[2020-09-11T13:57:43.695+0000][1][safepoint    ] Safepoint "RevokeBias", Time since last: 23961 ns, Reaching safepoint: 76123 ns, At safepoint: 22921 ns, Total: 99044 ns
[2020-09-11T13:57:43.695+0000][1][safepoint    ] Safepoint "RevokeBias", Time since last: 29553 ns, Reaching safepoint: 77163 ns, At safepoint: 29725 ns, Total: 106888 ns
[2020-09-11T13:57:43.695+0000][1][safepoint    ] Safepoint "RevokeBias", Time since last: 23487 ns, Reaching safepoint: 80078 ns, At safepoint: 32117 ns, Total: 112195 ns
[2020-09-11T13:57:43.695+0000][1][safepoint    ] Safepoint "RevokeBias", Time since last: 38757 ns, Reaching safepoint: 78658 ns, At safepoint: 29798 ns, Total: 108456 ns
[2020-09-11T13:57:43.697+0000][1][safepoint    ] Safepoint "RevokeBias", Time since last: 23685 ns, Reaching safepoint: 1727006 ns, At safepoint: 269617 ns, Total: 1996623 ns
[2020-09-11T13:57:43.698+0000][1][safepoint    ] Safepoint "RevokeBias", Time since last: 51342 ns, Reaching safepoint: 82520 ns, At safepoint: 320289 ns, Total: 402809 ns
[2020-09-11T13:57:43.698+0000][1][safepoint    ] Safepoint "RevokeBias", Time since last: 27784 ns, Reaching safepoint: 78865 ns, At safepoint: 22103 ns, Total: 100968 ns
[2020-09-11T13:57:43.698+0000][1][safepoint    ] Safepoint "RevokeBias", Time since last: 66307 ns, Reaching safepoint: 76759 ns, At safepoint: 20587 ns, Total: 97346 ns
[2020-09-11T13:57:43.698+0000][1][safepoint    ] Safepoint "RevokeBias", Time since last: 32367 ns, Reaching safepoint: 78797 ns, At safepoint: 203820 ns, Total: 282617 ns
[2020-09-11T13:57:43.703+0000][1][safepoint    ] Safepoint "RevokeBias", Time since last: 42257 ns, Reaching safepoint: 76987 ns, At safepoint: 4943322 ns, Total: 5020309 ns
[2020-09-11T13:57:43.704+0000][1][safepoint    ] Safepoint "RevokeBias", Time since last: 51274 ns, Reaching safepoint: 90711 ns, At safepoint: 33897 ns, Total: 124608 ns
[2020-09-11T13:57:43.715+0000][1][safepoint    ] Safepoint "RevokeBias", Time since last: 184985 ns, Reaching safepoint: 79082 ns, At safepoint: 11604270 ns, Total: 11683352 ns
[2020-09-11T13:57:43.727+0000][1][safepoint    ] Safepoint "RevokeBias", Time since last: 57108 ns, Reaching safepoint: 11910394 ns, At safepoint: 42953 ns, Total: 11953347 ns
[2020-09-11T13:57:43.732+0000][1][safepoint    ] Safepoint "RevokeBias", Time since last: 1967990 ns, Reaching safepoint: 2067024 ns, At safepoint: 38177 ns, Total: 2105201 ns
[2020-09-11T13:57:43.732+0000][1][safepoint    ] Safepoint "RevokeBias", Time since last: 63493 ns, Reaching safepoint: 153206 ns, At safepoint: 23200 ns, Total: 176406 ns
[2020-09-11T13:57:43.732+0000][1][safepoint    ] Safepoint "RevokeBias", Time since last: 70491 ns, Reaching safepoint: 80960 ns, At safepoint: 19694 ns, Total: 100654 ns
[2020-09-11T13:57:43.732+0000][1][safepoint    ] Safepoint "RevokeBias", Time since last: 32292 ns, Reaching safepoint: 79392 ns, At safepoint: 18755 ns, Total: 98147 ns
[2020-09-11T13:57:43.732+0000][1][safepoint    ] Safepoint "RevokeBias", Time since last: 103027 ns, Reaching safepoint: 79969 ns, At safepoint: 19608 ns, Total: 99577 ns
[2020-09-11T13:57:43.732+0000][1][safepoint    ] Safepoint "RevokeBias", Time since last: 30047 ns, Reaching safepoint: 78056 ns, At safepoint: 18861 ns, Total: 96917 ns
[2020-09-11T13:57:43.733+0000][1][safepoint    ] Safepoint "RevokeBias", Time since last: 40615 ns, Reaching safepoint: 78060 ns, At safepoint: 18897 ns, Total: 96957 ns
[2020-09-11T13:57:43.733+0000][1][safepoint    ] Safepoint "RevokeBias", Time since last: 28657 ns, Reaching safepoint: 78172 ns, At safepoint: 27406 ns, Total: 105578 ns
[2020-09-11T13:57:43.733+0000][1][safepoint    ] Safepoint "RevokeBias", Time since last: 42599 ns, Reaching safepoint: 80119 ns, At safepoint: 24100 ns, Total: 104219 ns
[2020-09-11T13:57:43.733+0000][1][safepoint    ] Safepoint "RevokeBias", Time since last: 29287 ns, Reaching safepoint: 78645 ns, At safepoint: 19605 ns, Total: 98250 ns
[2020-09-11T13:57:43.733+0000][1][safepoint    ] Safepoint "RevokeBias", Time since last: 116252 ns, Reaching safepoint: 79027 ns, At safepoint: 19070 ns, Total: 98097 ns
[2020-09-11T13:57:43.733+0000][1][safepoint    ] Safepoint "RevokeBias", Time since last: 28513 ns, Reaching safepoint: 78270 ns, At safepoint: 21272 ns, Total: 99542 ns
[2020-09-11T13:57:43.888+0000][1][safepoint    ] Safepoint "Deoptimize", Time since last: 154122411 ns, Reaching safepoint: 137392 ns, At safepoint: 183192 ns, Total: 320584 ns
[2020-09-11T13:57:44.892+0000][1][safepoint    ] Safepoint "Cleanup", Time since last: 1003670828 ns, Reaching safepoint: 941414 ns, At safepoint: 8400 ns, Total: 949814 ns
[2020-09-11T13:57:45.108+0000][1][safepoint    ] Safepoint "RevokeBias", Time since last: 215052479 ns, Reaching safepoint: 115395 ns, At safepoint: 40887 ns, Total: 156282 ns
[2020-09-11T13:57:46.112+0000][1][safepoint    ] Safepoint "Cleanup", Time since last: 1003902747 ns, Reaching safepoint: 126894 ns, At safepoint: 6089 ns, Total: 132983 ns
[2020-09-11T13:57:46.644+0000][1][safepoint    ] Safepoint "Deoptimize", Time since last: 531824416 ns, Reaching safepoint: 126393 ns, At safepoint: 162855 ns, Total: 289248 ns
[2020-09-11T13:57:47.079+0000][1][gc,start     ] GC(1) Pause Young (Allocation Failure)
[2020-09-11T13:57:47.080+0000][1][gc,task      ] GC(1) Using 1 workers of 1 for evacuation
[2020-09-11T13:57:47.195+0000][1][gc,age       ] GC(1) Desired survivor size 4358144 bytes, new threshold 6 (max threshold 6)
[2020-09-11T13:57:47.195+0000][1][gc,age       ] GC(1) Age table with threshold 6 (max threshold 6)
[2020-09-11T13:57:47.195+0000][1][gc,age       ] GC(1) - age   1:    3915632 bytes,    3915632 total
[2020-09-11T13:57:47.195+0000][1][gc,heap      ] GC(1) ParNew: 74437K->4208K(76672K)
[2020-09-11T13:57:47.195+0000][1][gc,heap      ] GC(1) CMS: 0K->6789K(439104K)
[2020-09-11T13:57:47.195+0000][1][gc,metaspace ] GC(1) Metaspace: 18124K->18124K(1067008K)
[2020-09-11T13:57:47.195+0000][1][gc           ] GC(1) Pause Young (Allocation Failure) 72M->10M(503M) 115.161ms
[2020-09-11T13:57:47.195+0000][1][gc,cpu       ] GC(1) User=0.04s Sys=0.00s Real=0.11s
[2020-09-11T13:57:47.202+0000][1][safepoint    ] Safepoint "GenCollectForAllocation", Time since last: 433010274 ns, Reaching safepoint: 2715695 ns, At safepoint: 123030183 ns, Total: 125745878 ns
[2020-09-11T13:57:47.232+0000][1][safepoint    ] Safepoint "BulkRevokeBias", Time since last: 28922713 ns, Reaching safepoint: 113076 ns, At safepoint: 124744 ns, Total: 237820 ns
[2020-09-11T13:57:47.232+0000][1][safepoint    ] Safepoint "RevokeBias", Time since last: 101226 ns, Reaching safepoint: 543023 ns, At safepoint: 51357 ns, Total: 594380 ns
[2020-09-11T13:57:47.235+0000][1][safepoint    ] Safepoint "RevokeBias", Time since last: 42767 ns, Reaching safepoint: 3044786 ns, At safepoint: 62788 ns, Total: 3107574 ns
[2020-09-11T13:57:47.236+0000][1][safepoint    ] Safepoint "RevokeBias", Time since last: 52439 ns, Reaching safepoint: 83735 ns, At safepoint: 47505 ns, Total: 131240 ns
[2020-09-11T13:57:47.236+0000][1][safepoint    ] Safepoint "RevokeBias", Time since last: 25464 ns, Reaching safepoint: 82731 ns, At safepoint: 44490 ns, Total: 127221 ns
[2020-09-11T13:57:47.237+0000][1][safepoint    ] Safepoint "RevokeBias", Time since last: 30580 ns, Reaching safepoint: 594704 ns, At safepoint: 49261 ns, Total: 643965 ns
[2020-09-11T13:57:47.237+0000][1][safepoint    ] Safepoint "RevokeBias", Time since last: 28361 ns, Reaching safepoint: 83886 ns, At safepoint: 43298 ns, Total: 127184 ns
[2020-09-11T13:57:47.237+0000][1][safepoint    ] Safepoint "BulkRevokeBias", Time since last: 32062 ns, Reaching safepoint: 83654 ns, At safepoint: 65966 ns, Total: 149620 ns
[2020-09-11T13:57:47.237+0000][1][safepoint    ] Safepoint "BulkRevokeBias", Time since last: 24570 ns, Reaching safepoint: 82129 ns, At safepoint: 55761 ns, Total: 137890 ns
[2020-09-11T13:57:47.440+0000][1][safepoint    ] Safepoint "Deoptimize", Time since last: 198769689 ns, Reaching safepoint: 3673643 ns, At safepoint: 177698 ns, Total: 3851341 ns
[2020-09-11T13:57:47.472+0000][1][safepoint    ] Safepoint "Deoptimize", Time since last: 25280992 ns, Reaching safepoint: 6552084 ns, At safepoint: 175581 ns, Total: 6727665 ns
[2020-09-11T13:57:48.075+0000][1][safepoint    ] Safepoint "Deoptimize", Time since last: 601201840 ns, Reaching safepoint: 1977063 ns, At safepoint: 178045 ns, Total: 2155108 ns
[2020-09-11T13:57:48.284+0000][1][safepoint    ] Safepoint "Deoptimize", Time since last: 204432252 ns, Reaching safepoint: 4006152 ns, At safepoint: 175974 ns, Total: 4182126 ns
[2020-09-11T13:57:48.284+0000][1][safepoint    ] Safepoint "RevokeBias", Time since last: 527765 ns, Reaching safepoint: 89580 ns, At safepoint: 53676 ns, Total: 143256 ns
[2020-09-11T13:57:48.285+0000][1][safepoint    ] Safepoint "Deoptimize", Time since last: 866768 ns, Reaching safepoint: 83982 ns, At safepoint: 137216 ns, Total: 221198 ns
[2020-09-11T13:57:49.291+0000][1][safepoint    ] Safepoint "Cleanup", Time since last: 1002052193 ns, Reaching safepoint: 4044714 ns, At safepoint: 17623 ns, Total: 4062337 ns
[2020-09-11T13:57:49.556+0000][1][gc,start     ] GC(2) Pause Young (Allocation Failure)
[2020-09-11T13:57:49.556+0000][1][gc,task      ] GC(2) Using 1 workers of 1 for evacuation
[2020-09-11T13:57:49.597+0000][1][gc,age       ] GC(2) Desired survivor size 4358144 bytes, new threshold 2 (max threshold 6)
[2020-09-11T13:57:49.597+0000][1][gc,age       ] GC(2) Age table with threshold 2 (max threshold 6)
[2020-09-11T13:57:49.597+0000][1][gc,age       ] GC(2) - age   1:    2745992 bytes,    2745992 total
[2020-09-11T13:57:49.597+0000][1][gc,age       ] GC(2) - age   2:    3587552 bytes,    6333544 total
[2020-09-11T13:57:49.597+0000][1][gc,heap      ] GC(2) ParNew: 72368K->7853K(76672K)
[2020-09-11T13:57:49.597+0000][1][gc,heap      ] GC(2) CMS: 6789K->6789K(439104K)
[2020-09-11T13:57:49.597+0000][1][gc,metaspace ] GC(2) Metaspace: 20141K->20141K(1067008K)
[2020-09-11T13:57:49.598+0000][1][gc           ] GC(2) Pause Young (Allocation Failure) 77M->14M(503M) 41.252ms
[2020-09-11T13:57:49.598+0000][1][gc,cpu       ] GC(2) User=0.01s Sys=0.00s Real=0.04s
[2020-09-11T13:57:49.615+0000][1][safepoint    ] Safepoint "GenCollectForAllocation", Time since last: 264637036 ns, Reaching safepoint: 117050 ns, At safepoint: 59205460 ns, Total: 59322510 ns
[2020-09-11T13:57:49.646+0000][1][safepoint    ] Safepoint "RevokeBias", Time since last: 26570008 ns, Reaching safepoint: 4153860 ns, At safepoint: 144411 ns, Total: 4298271 ns
[2020-09-11T13:57:49.648+0000][1][safepoint    ] Safepoint "RevokeBias", Time since last: 65104 ns, Reaching safepoint: 1133064 ns, At safepoint: 120985 ns, Total: 1254049 ns
[2020-09-11T13:57:49.648+0000][1][safepoint    ] Safepoint "RevokeBias", Time since last: 50639 ns, Reaching safepoint: 83689 ns, At safepoint: 64346 ns, Total: 148035 ns
[2020-09-11T13:57:49.648+0000][1][safepoint    ] Safepoint "RevokeBias", Time since last: 52848 ns, Reaching safepoint: 81548 ns, At safepoint: 45788 ns, Total: 127336 ns
[2020-09-11T13:57:49.649+0000][1][safepoint    ] Safepoint "RevokeBias", Time since last: 27855 ns, Reaching safepoint: 1095402 ns, At safepoint: 49506 ns, Total: 1144908 ns
[2020-09-11T13:57:49.650+0000][1][safepoint    ] Safepoint "RevokeBias", Time since last: 33180 ns, Reaching safepoint: 690924 ns, At safepoint: 59069 ns, Total: 749993 ns
[2020-09-11T13:57:49.651+0000][1][safepoint    ] Safepoint "RevokeBias", Time since last: 576002 ns, Reaching safepoint: 85414 ns, At safepoint: 44521 ns, Total: 129935 ns
[2020-09-11T13:57:49.660+0000][1][safepoint    ] Safepoint "RevokeBias", Time since last: 8745338 ns, Reaching safepoint: 105559 ns, At safepoint: 57692 ns, Total: 163251 ns
[2020-09-11T13:57:49.861+0000][1][safepoint    ] Safepoint "RevokeBias", Time since last: 200918846 ns, Reaching safepoint: 103188 ns, At safepoint: 27894 ns, Total: 131082 ns
[2020-09-11T13:57:49.892+0000][1][safepoint    ] Safepoint "RevokeBias", Time since last: 30802490 ns, Reaching safepoint: 99915 ns, At safepoint: 34093 ns, Total: 134008 ns
[2020-09-11T13:57:50.120+0000][1][safepoint    ] Safepoint "RevokeBias", Time since last: 228644524 ns, Reaching safepoint: 98795 ns, At safepoint: 29676 ns, Total: 128471 ns
[2020-09-11T13:57:50.163+0000][1][safepoint    ] Safepoint "RevokeBias", Time since last: 42822981 ns, Reaching safepoint: 95454 ns, At safepoint: 28335 ns, Total: 123789 ns
[2020-09-11T13:57:50.188+0000][1][safepoint    ] Safepoint "RevokeBias", Time since last: 25082032 ns, Reaching safepoint: 93349 ns, At safepoint: 29629 ns, Total: 122978 ns
[2020-09-11T13:57:50.335+0000][1][safepoint    ] Safepoint "RevokeBias", Time since last: 146438091 ns, Reaching safepoint: 98207 ns, At safepoint: 29074 ns, Total: 127281 ns
[2020-09-11T13:57:50.336+0000][1][safepoint    ] Safepoint "RevokeBias", Time since last: 947644 ns, Reaching safepoint: 81083 ns, At safepoint: 24895 ns, Total: 105978 ns
[2020-09-11T13:57:50.430+0000][1][gc,start     ] GC(3) Pause Young (Allocation Failure)
[2020-09-11T13:57:50.430+0000][1][gc,task      ] GC(3) Using 1 workers of 1 for evacuation
[2020-09-11T13:57:50.463+0000][1][gc,age       ] GC(3) Desired survivor size 4358144 bytes, new threshold 6 (max threshold 6)
[2020-09-11T13:57:50.463+0000][1][gc,age       ] GC(3) Age table with threshold 6 (max threshold 6)
[2020-09-11T13:57:50.463+0000][1][gc,age       ] GC(3) - age   1:    1697504 bytes,    1697504 total
[2020-09-11T13:57:50.463+0000][1][gc,age       ] GC(3) - age   2:     727296 bytes,    2424800 total
[2020-09-11T13:57:50.463+0000][1][gc,heap      ] GC(3) ParNew: 76013K->5608K(76672K)
[2020-09-11T13:57:50.463+0000][1][gc,heap      ] GC(3) CMS: 6789K->10321K(439104K)
[2020-09-11T13:57:50.463+0000][1][gc,metaspace ] GC(3) Metaspace: 20395K->20395K(1067008K)
[2020-09-11T13:57:50.463+0000][1][gc           ] GC(3) Pause Young (Allocation Failure) 80M->15M(503M) 32.293ms
[2020-09-11T13:57:50.463+0000][1][gc,cpu       ] GC(3) User=0.01s Sys=0.00s Real=0.03s
[2020-09-11T13:57:50.475+0000][1][safepoint    ] Safepoint "GenCollectForAllocation", Time since last: 93552291 ns, Reaching safepoint: 744655 ns, At safepoint: 45029436 ns, Total: 45774091 ns
[2020-09-11T13:57:50.498+0000][1][safepoint    ] Safepoint "RevokeBias", Time since last: 22071203 ns, Reaching safepoint: 165464 ns, At safepoint: 134510 ns, Total: 299974 ns
[2020-09-11T13:57:50.498+0000][1][safepoint    ] Safepoint "RevokeBias", Time since last: 49650 ns, Reaching safepoint: 82147 ns, At safepoint: 30313 ns, Total: 112460 ns
[2020-09-11T13:57:50.498+0000][1][safepoint    ] Safepoint "RevokeBias", Time since last: 36847 ns, Reaching safepoint: 80641 ns, At safepoint: 31215 ns, Total: 111856 ns
[2020-09-11T13:57:50.498+0000][1][safepoint    ] Safepoint "RevokeBias", Time since last: 23288 ns, Reaching safepoint: 84269 ns, At safepoint: 28156 ns, Total: 112425 ns
[2020-09-11T13:57:50.498+0000][1][safepoint    ] Safepoint "RevokeBias", Time since last: 28283 ns, Reaching safepoint: 80998 ns, At safepoint: 26740 ns, Total: 107738 ns
[2020-09-11T13:57:50.499+0000][1][safepoint    ] Safepoint "RevokeBias", Time since last: 23578 ns, Reaching safepoint: 79750 ns, At safepoint: 24671 ns, Total: 104421 ns
[2020-09-11T13:57:50.499+0000][1][safepoint    ] Safepoint "RevokeBias", Time since last: 27047 ns, Reaching safepoint: 80145 ns, At safepoint: 25272 ns, Total: 105417 ns
[2020-09-11T13:57:50.499+0000][1][safepoint    ] Safepoint "RevokeBias", Time since last: 22914 ns, Reaching safepoint: 79492 ns, At safepoint: 30735 ns, Total: 110227 ns
[2020-09-11T13:57:50.499+0000][1][safepoint    ] Safepoint "RevokeBias", Time since last: 138497 ns, Reaching safepoint: 488598 ns, At safepoint: 27831 ns, Total: 516429 ns
[2020-09-11T13:57:50.546+0000][1][safepoint    ] Safepoint "RevokeBias", Time since last: 46481232 ns, Reaching safepoint: 99586 ns, At safepoint: 29004 ns, Total: 128590 ns
[2020-09-11T13:57:50.557+0000][1][safepoint    ] Safepoint "RevokeBias", Time since last: 10892917 ns, Reaching safepoint: 93226 ns, At safepoint: 29259 ns, Total: 122485 ns
[2020-09-11T13:57:51.000+0000][1][safepoint    ] Safepoint "RevokeBias", Time since last: 442478657 ns, Reaching safepoint: 100164 ns, At safepoint: 32799 ns, Total: 132963 ns
[2020-09-11T13:57:51.024+0000][1][safepoint    ] Safepoint "RevokeBias", Time since last: 23762343 ns, Reaching safepoint: 102379 ns, At safepoint: 37481 ns, Total: 139860 ns
[2020-09-11T13:57:51.066+0000][1][safepoint    ] Safepoint "CollectForMetadataAllocation", Time since last: 41795989 ns, Reaching safepoint: 96476 ns, At safepoint: 68266 ns, Total: 164742 ns
[2020-09-11T13:57:51.272+0000][1][safepoint    ] Safepoint "CollectForMetadataAllocation", Time since last: 205895090 ns, Reaching safepoint: 108220 ns, At safepoint: 132630 ns, Total: 240850 ns
[2020-09-11T13:57:51.386+0000][1][gc,start     ] GC(4) Pause Young (Allocation Failure)
[2020-09-11T13:57:51.386+0000][1][gc,task      ] GC(4) Using 1 workers of 1 for evacuation
[2020-09-11T13:57:51.416+0000][1][gc,age       ] GC(4) Desired survivor size 4358144 bytes, new threshold 6 (max threshold 6)
[2020-09-11T13:57:51.416+0000][1][gc,age       ] GC(4) Age table with threshold 6 (max threshold 6)
[2020-09-11T13:57:51.416+0000][1][gc,age       ] GC(4) - age   1:    1288240 bytes,    1288240 total
[2020-09-11T13:57:51.416+0000][1][gc,age       ] GC(4) - age   2:     351512 bytes,    1639752 total
[2020-09-11T13:57:51.416+0000][1][gc,age       ] GC(4) - age   3:     727200 bytes,    2366952 total
[2020-09-11T13:57:51.416+0000][1][gc,heap      ] GC(4) ParNew: 73768K->4580K(76672K)
[2020-09-11T13:57:51.416+0000][1][gc,heap      ] GC(4) CMS: 10321K->10321K(439104K)
[2020-09-11T13:57:51.416+0000][1][gc,metaspace ] GC(4) Metaspace: 20924K->20924K(1069056K)
[2020-09-11T13:57:51.416+0000][1][gc           ] GC(4) Pause Young (Allocation Failure) 82M->14M(503M) 29.460ms
[2020-09-11T13:57:51.416+0000][1][gc,cpu       ] GC(4) User=0.01s Sys=0.00s Real=0.03s
[2020-09-11T13:57:51.416+0000][1][safepoint    ] Safepoint "GenCollectForAllocation", Time since last: 114420608 ns, Reaching safepoint: 94257 ns, At safepoint: 29514156 ns, Total: 29608413 ns
[2020-09-11T13:57:51.425+0000][1][gc,start     ] GC(5) Pause Initial Mark
[2020-09-11T13:57:51.427+0000][1][gc           ] GC(5) Pause Initial Mark 19M->19M(503M) 1.992ms
[2020-09-11T13:57:51.427+0000][1][gc,cpu       ] GC(5) User=0.00s Sys=0.00s Real=0.00s
[2020-09-11T13:57:51.459+0000][1][safepoint    ] Safepoint "BulkRevokeBias", Time since last: 7837052 ns, Reaching safepoint: 1189440 ns, At safepoint: 34694182 ns, Total: 35883622 ns
[2020-09-11T13:57:51.459+0000][1][gc           ] GC(5) Concurrent Mark
[2020-09-11T13:57:51.484+0000][1][safepoint    ] Safepoint "RevokeBias", Time since last: 15820366 ns, Reaching safepoint: 9071276 ns, At safepoint: 35362 ns, Total: 9106638 ns
[2020-09-11T13:57:51.494+0000][1][safepoint    ] Safepoint "RevokeBias", Time since last: 9391156 ns, Reaching safepoint: 111534 ns, At safepoint: 35990 ns, Total: 147524 ns
[2020-09-11T13:57:51.494+0000][1][safepoint    ] Safepoint "RevokeBias", Time since last: 47857 ns, Reaching safepoint: 78326 ns, At safepoint: 23877 ns, Total: 102203 ns
[2020-09-11T13:57:51.494+0000][1][safepoint    ] Safepoint "RevokeBias", Time since last: 28738 ns, Reaching safepoint: 76921 ns, At safepoint: 21603 ns, Total: 98524 ns
[2020-09-11T13:57:51.494+0000][1][safepoint    ] Safepoint "RevokeBias", Time since last: 23195 ns, Reaching safepoint: 76437 ns, At safepoint: 22239 ns, Total: 98676 ns
[2020-09-11T13:57:51.502+0000][1][gc           ] GC(5) Concurrent Mark 42.935ms
[2020-09-11T13:57:51.502+0000][1][gc,cpu       ] GC(5) User=0.01s Sys=0.00s Real=0.04s
[2020-09-11T13:57:51.502+0000][1][gc           ] GC(5) Concurrent Preclean
[2020-09-11T13:57:51.532+0000][1][gc           ] GC(5) Concurrent Preclean 29.460ms
[2020-09-11T13:57:51.532+0000][1][gc,cpu       ] GC(5) User=0.01s Sys=0.00s Real=0.03s
[2020-09-11T13:57:51.532+0000][1][gc           ] GC(5) Concurrent Abortable Preclean
[2020-09-11T13:57:51.911+0000][1][safepoint    ] Safepoint "CollectForMetadataAllocation", Time since last: 416198336 ns, Reaching safepoint: 104879 ns, At safepoint: 122151 ns, Total: 227030 ns
[2020-09-11T13:57:51.929+0000][1][safepoint    ] Safepoint "RevokeBias", Time since last: 14825837 ns, Reaching safepoint: 3619966 ns, At safepoint: 14962 ns, Total: 3634928 ns
[2020-09-11T13:57:51.940+0000][1][safepoint    ] Safepoint "Deoptimize", Time since last: 10295119 ns, Reaching safepoint: 103649 ns, At safepoint: 205601 ns, Total: 309250 ns
[2020-09-11T13:57:52.272+0000][1][safepoint    ] Safepoint "Deoptimize", Time since last: 319665836 ns, Reaching safepoint: 12425852 ns, At safepoint: 200890 ns, Total: 12626742 ns
[2020-09-11T13:57:52.281+0000][1][safepoint    ] Safepoint "RevokeBias", Time since last: 8546656 ns, Reaching safepoint: 98493 ns, At safepoint: 28396 ns, Total: 126889 ns
[2020-09-11T13:57:52.321+0000][1][safepoint    ] Safepoint "RevokeBias", Time since last: 40185629 ns, Reaching safepoint: 45223 ns, At safepoint: 23843 ns, Total: 69066 ns
[2020-09-11T13:57:52.492+0000][1][gc,start     ] GC(6) Pause Young (Allocation Failure)
[2020-09-11T13:57:52.492+0000][1][gc,task      ] GC(6) Using 1 workers of 1 for evacuation
[2020-09-11T13:57:52.542+0000][1][gc,age       ] GC(6) Desired survivor size 4358144 bytes, new threshold 4 (max threshold 6)
[2020-09-11T13:57:52.542+0000][1][gc,age       ] GC(6) Age table with threshold 4 (max threshold 6)
[2020-09-11T13:57:52.542+0000][1][gc,age       ] GC(6) - age   1:    2304864 bytes,    2304864 total
[2020-09-11T13:57:52.542+0000][1][gc,age       ] GC(6) - age   2:    1252208 bytes,    3557072 total
[2020-09-11T13:57:52.542+0000][1][gc,age       ] GC(6) - age   3:     351512 bytes,    3908584 total
[2020-09-11T13:57:52.542+0000][1][gc,age       ] GC(6) - age   4:     727200 bytes,    4635784 total
[2020-09-11T13:57:52.542+0000][1][gc,heap      ] GC(6) ParNew: 72740K->5757K(76672K)
[2020-09-11T13:57:52.542+0000][1][gc,heap      ] GC(6) CMS: 10321K->10321K(439104K)
[2020-09-11T13:57:52.542+0000][1][gc,metaspace ] GC(6) Metaspace: 21236K->21236K(1069056K)
[2020-09-11T13:57:52.542+0000][1][gc           ] GC(6) Pause Young (Allocation Failure) 81M->15M(503M) 50.200ms
[2020-09-11T13:57:52.542+0000][1][gc,cpu       ] GC(6) User=0.02s Sys=0.00s Real=0.05s
[2020-09-11T13:57:52.562+0000][1][safepoint    ] Safepoint "GenCollectForAllocation", Time since last: 170803644 ns, Reaching safepoint: 126306 ns, At safepoint: 70145444 ns, Total: 70271750 ns
[2020-09-11T13:57:52.613+0000][1][safepoint    ] Safepoint "RevokeBias", Time since last: 10346843 ns, Reaching safepoint: 40096443 ns, At safepoint: 34379 ns, Total: 40130822 ns
[2020-09-11T13:57:52.616+0000][1][safepoint    ] Safepoint "RevokeBias", Time since last: 3751514 ns, Reaching safepoint: 104226 ns, At safepoint: 26297 ns, Total: 130523 ns
[2020-09-11T13:57:52.617+0000][1][safepoint    ] Safepoint "RevokeBias", Time since last: 59737 ns, Reaching safepoint: 78041 ns, At safepoint: 15959 ns, Total: 94000 ns
[2020-09-11T13:57:52.617+0000][1][safepoint    ] Safepoint "RevokeBias", Time since last: 24359 ns, Reaching safepoint: 74154 ns, At safepoint: 10055 ns, Total: 84209 ns
[2020-09-11T13:57:52.617+0000][1][safepoint    ] Safepoint "RevokeBias", Time since last: 26656 ns, Reaching safepoint: 75445 ns, At safepoint: 15442 ns, Total: 90887 ns
[2020-09-11T13:57:52.617+0000][1][safepoint    ] Safepoint "RevokeBias", Time since last: 22983 ns, Reaching safepoint: 75199 ns, At safepoint: 20458 ns, Total: 95657 ns
[2020-09-11T13:57:52.712+0000][1][safepoint    ] Safepoint "RevokeBias", Time since last: 94497881 ns, Reaching safepoint: 54636 ns, At safepoint: 35939 ns, Total: 90575 ns
[2020-09-11T13:57:52.764+0000][1][safepoint    ] Safepoint "RevokeBias", Time since last: 39920893 ns, Reaching safepoint: 12033975 ns, At safepoint: 33636 ns, Total: 12067611 ns
[2020-09-11T13:57:52.812+0000][1][safepoint    ] Safepoint "RevokeBias", Time since last: 35935752 ns, Reaching safepoint: 12032694 ns, At safepoint: 35033 ns, Total: 12067727 ns
[2020-09-11T13:57:53.134+0000][1][safepoint    ] Safepoint "RevokeBias", Time since last: 309530223 ns, Reaching safepoint: 13417277 ns, At safepoint: 36238 ns, Total: 13453515 ns
[2020-09-11T13:57:53.141+0000][1][safepoint    ] Safepoint "RevokeBias", Time since last: 6426059 ns, Reaching safepoint: 101063 ns, At safepoint: 53325 ns, Total: 154388 ns
[2020-09-11T13:57:53.141+0000][1][gc           ] GC(5) Concurrent Abortable Preclean 1609.113ms
[2020-09-11T13:57:53.141+0000][1][gc,cpu       ] GC(5) User=0.51s Sys=0.02s Real=1.61s
[2020-09-11T13:57:53.141+0000][1][gc,start     ] GC(5) Pause Remark
[2020-09-11T13:57:53.257+0000][1][gc           ] GC(5) Pause Remark 67M->67M(503M) 115.536ms
[2020-09-11T13:57:53.257+0000][1][gc,cpu       ] GC(5) User=0.04s Sys=0.00s Real=0.12s
[2020-09-11T13:57:53.271+0000][1][safepoint    ] Safepoint "CMS_Final_Remark", Time since last: 77856 ns, Reaching safepoint: 8246 ns, At safepoint: 130269139 ns, Total: 130277385 ns
[2020-09-11T13:57:53.271+0000][1][gc           ] GC(5) Concurrent Sweep
[2020-09-11T13:57:53.274+0000][1][gc           ] GC(5) Concurrent Sweep 2.691ms
[2020-09-11T13:57:53.274+0000][1][gc,cpu       ] GC(5) User=0.00s Sys=0.00s Real=0.00s
[2020-09-11T13:57:53.274+0000][1][gc           ] GC(5) Concurrent Reset
[2020-09-11T13:57:53.275+0000][1][gc           ] GC(5) Concurrent Reset 0.643ms
[2020-09-11T13:57:53.275+0000][1][gc,cpu       ] GC(5) User=0.01s Sys=0.00s Real=0.00s
[2020-09-11T13:57:53.275+0000][1][gc,heap      ] GC(5) Old: 10321K->10320K(439104K)
[2020-09-11T13:57:53.452+0000][1][gc,start     ] GC(7) Pause Young (Allocation Failure)
[2020-09-11T13:57:53.452+0000][1][gc,task      ] GC(7) Using 1 workers of 1 for evacuation
[2020-09-11T13:57:53.506+0000][1][gc,age       ] GC(7) Desired survivor size 4358144 bytes, new threshold 6 (max threshold 6)
[2020-09-11T13:57:53.506+0000][1][gc,age       ] GC(7) Age table with threshold 6 (max threshold 6)
[2020-09-11T13:57:53.506+0000][1][gc,age       ] GC(7) - age   1:     879152 bytes,     879152 total
[2020-09-11T13:57:53.506+0000][1][gc,age       ] GC(7) - age   2:    1525960 bytes,    2405112 total
[2020-09-11T13:57:53.506+0000][1][gc,age       ] GC(7) - age   3:    1251600 bytes,    3656712 total
[2020-09-11T13:57:53.506+0000][1][gc,age       ] GC(7) - age   4:     351512 bytes,    4008224 total
[2020-09-11T13:57:53.506+0000][1][gc,heap      ] GC(7) ParNew: 73917K->7510K(76672K)
[2020-09-11T13:57:53.506+0000][1][gc,heap      ] GC(7) CMS: 10320K->11036K(439104K)
[2020-09-11T13:57:53.506+0000][1][gc,metaspace ] GC(7) Metaspace: 21335K->21335K(1069056K)
[2020-09-11T13:57:53.506+0000][1][gc           ] GC(7) Pause Young (Allocation Failure) 82M->18M(503M) 53.964ms
[2020-09-11T13:57:53.506+0000][1][gc,cpu       ] GC(7) User=0.02s Sys=0.00s Real=0.06s
[2020-09-11T13:57:53.507+0000][1][safepoint    ] Safepoint "GenCollectForAllocation", Time since last: 180009408 ns, Reaching safepoint: 403824 ns, At safepoint: 55572493 ns, Total: 55976317 ns
[2020-09-11T13:57:53.520+0000][1][safepoint    ] Safepoint "RevokeBias", Time since last: 12069079 ns, Reaching safepoint: 96963 ns, At safepoint: 37832 ns, Total: 134795 ns
[2020-09-11T13:57:53.520+0000][1][safepoint    ] Safepoint "RevokeBias", Time since last: 50428 ns, Reaching safepoint: 77574 ns, At safepoint: 24761 ns, Total: 102335 ns
[2020-09-11T13:57:53.520+0000][1][safepoint    ] Safepoint "RevokeBias", Time since last: 33088 ns, Reaching safepoint: 76356 ns, At safepoint: 23842 ns, Total: 100198 ns
[2020-09-11T13:57:53.520+0000][1][safepoint    ] Safepoint "RevokeBias", Time since last: 22700 ns, Reaching safepoint: 75328 ns, At safepoint: 23726 ns, Total: 99054 ns
[2020-09-11T13:57:53.584+0000][1][safepoint    ] Safepoint "RevokeBias", Time since last: 63405170 ns, Reaching safepoint: 102186 ns, At safepoint: 88969 ns, Total: 191155 ns
[2020-09-11T13:57:53.600+0000][1][safepoint    ] Safepoint "RevokeBias", Time since last: 15814646 ns, Reaching safepoint: 99322 ns, At safepoint: 34139 ns, Total: 133461 ns
[2020-09-11T13:57:53.885+0000][1][safepoint    ] Safepoint "RevokeBias", Time since last: 285205340 ns, Reaching safepoint: 98592 ns, At safepoint: 70104 ns, Total: 168696 ns
[2020-09-11T13:57:53.924+0000][1][safepoint    ] Safepoint "RevokeBias", Time since last: 39406229 ns, Reaching safepoint: 21839 ns, At safepoint: 63030 ns, Total: 84869 ns
[2020-09-11T13:57:53.936+0000][1][safepoint    ] Safepoint "RevokeBias", Time since last: 10995506 ns, Reaching safepoint: 97233 ns, At safepoint: 57023 ns, Total: 154256 ns
[2020-09-11T13:57:54.145+0000][1][gc,start     ] GC(8) Pause Young (Allocation Failure)
[2020-09-11T13:57:54.145+0000][1][gc,task      ] GC(8) Using 1 workers of 1 for evacuation
[2020-09-11T13:57:54.172+0000][1][gc,age       ] GC(8) Desired survivor size 4358144 bytes, new threshold 4 (max threshold 6)
[2020-09-11T13:57:54.172+0000][1][gc,age       ] GC(8) Age table with threshold 4 (max threshold 6)
[2020-09-11T13:57:54.172+0000][1][gc,age       ] GC(8) - age   1:    1661480 bytes,    1661480 total
[2020-09-11T13:57:54.172+0000][1][gc,age       ] GC(8) - age   2:     445872 bytes,    2107352 total
[2020-09-11T13:57:54.172+0000][1][gc,age       ] GC(8) - age   3:    1524024 bytes,    3631376 total
[2020-09-11T13:57:54.172+0000][1][gc,age       ] GC(8) - age   4:    1250944 bytes,    4882320 total
[2020-09-11T13:57:54.172+0000][1][gc,age       ] GC(8) - age   5:     351512 bytes,    5233832 total
[2020-09-11T13:57:54.173+0000][1][gc,heap      ] GC(8) ParNew: 75670K->7219K(76672K)
[2020-09-11T13:57:54.173+0000][1][gc,heap      ] GC(8) CMS: 11036K->11036K(439104K)
[2020-09-11T13:57:54.173+0000][1][gc,metaspace ] GC(8) Metaspace: 21517K->21517K(1069056K)
[2020-09-11T13:57:54.173+0000][1][gc           ] GC(8) Pause Young (Allocation Failure) 84M->17M(503M) 27.262ms
[2020-09-11T13:57:54.173+0000][1][gc,cpu       ] GC(8) User=0.00s Sys=0.00s Real=0.02s
[2020-09-11T13:57:54.190+0000][1][safepoint    ] Safepoint "GenCollectForAllocation", Time since last: 209585256 ns, Reaching safepoint: 112416 ns, At safepoint: 44342215 ns, Total: 44454631 ns
[2020-09-11T13:57:54.201+0000][1][safepoint    ] Safepoint "RevokeBias", Time since last: 11348675 ns, Reaching safepoint: 102256 ns, At safepoint: 35910 ns, Total: 138166 ns
[2020-09-11T13:57:54.201+0000][1][safepoint    ] Safepoint "RevokeBias", Time since last: 65357 ns, Reaching safepoint: 78605 ns, At safepoint: 24671 ns, Total: 103276 ns
[2020-09-11T13:57:54.201+0000][1][safepoint    ] Safepoint "RevokeBias", Time since last: 36421 ns, Reaching safepoint: 84807 ns, At safepoint: 25067 ns, Total: 109874 ns
[2020-09-11T13:57:54.202+0000][1][safepoint    ] Safepoint "RevokeBias", Time since last: 28601 ns, Reaching safepoint: 76885 ns, At safepoint: 22028 ns, Total: 98913 ns
[2020-09-11T13:57:54.255+0000][1][safepoint    ] Safepoint "RevokeBias", Time since last: 53291306 ns, Reaching safepoint: 94604 ns, At safepoint: 30951 ns, Total: 125555 ns
[2020-09-11T13:57:54.276+0000][1][safepoint    ] Safepoint "RevokeBias", Time since last: 20836557 ns, Reaching safepoint: 92301 ns, At safepoint: 29371 ns, Total: 121672 ns
[2020-09-11T13:57:54.483+0000][1][safepoint    ] Safepoint "RevokeBias", Time since last: 203610963 ns, Reaching safepoint: 3386317 ns, At safepoint: 43640 ns, Total: 3429957 ns
[2020-09-11T13:57:54.486+0000][1][safepoint    ] Safepoint "RevokeBias", Time since last: 1895272 ns, Reaching safepoint: 639824 ns, At safepoint: 32777 ns, Total: 672601 ns
[2020-09-11T13:57:54.717+0000][1][safepoint    ] Safepoint "RevokeBias", Time since last: 231035066 ns, Reaching safepoint: 93794 ns, At safepoint: 28627 ns, Total: 122421 ns
[2020-09-11T13:57:54.736+0000][1][gc,start     ] GC(9) Pause Young (Allocation Failure)
[2020-09-11T13:57:54.736+0000][1][gc,task      ] GC(9) Using 1 workers of 1 for evacuation
[2020-09-11T13:57:54.755+0000][1][gc,age       ] GC(9) Desired survivor size 4358144 bytes, new threshold 6 (max threshold 6)
[2020-09-11T13:57:54.755+0000][1][gc,age       ] GC(9) Age table with threshold 6 (max threshold 6)
[2020-09-11T13:57:54.755+0000][1][gc,age       ] GC(9) - age   1:     148728 bytes,     148728 total
[2020-09-11T13:57:54.755+0000][1][gc,age       ] GC(9) - age   2:     829208 bytes,     977936 total
[2020-09-11T13:57:54.755+0000][1][gc,age       ] GC(9) - age   3:     445792 bytes,    1423728 total
[2020-09-11T13:57:54.755+0000][1][gc,age       ] GC(9) - age   4:    1524024 bytes,    2947752 total
[2020-09-11T13:57:54.755+0000][1][gc,heap      ] GC(9) ParNew: 75379K->4435K(76672K)
[2020-09-11T13:57:54.755+0000][1][gc,heap      ] GC(9) CMS: 11036K->12620K(439104K)
[2020-09-11T13:57:54.755+0000][1][gc,metaspace ] GC(9) Metaspace: 21613K->21613K(1069056K)
[2020-09-11T13:57:54.771+0000][1][gc           ] GC(9) Pause Young (Allocation Failure) 84M->16M(503M) 35.827ms
[2020-09-11T13:57:54.771+0000][1][gc,cpu       ] GC(9) User=0.01s Sys=0.00s Real=0.03s
[2020-09-11T13:57:54.783+0000][1][safepoint    ] Safepoint "GenCollectForAllocation", Time since last: 18758268 ns, Reaching safepoint: 122677 ns, At safepoint: 47844001 ns, Total: 47966678 ns
[2020-09-11T13:57:54.784+0000][1][safepoint    ] Safepoint "RevokeBias", Time since last: 377345 ns, Reaching safepoint: 28657 ns, At safepoint: 53484 ns, Total: 82141 ns
[2020-09-11T13:57:54.800+0000][1][safepoint    ] Safepoint "RevokeBias", Time since last: 15569568 ns, Reaching safepoint: 112276 ns, At safepoint: 64230 ns, Total: 176506 ns
[2020-09-11T13:57:54.800+0000][1][safepoint    ] Safepoint "RevokeBias", Time since last: 79978 ns, Reaching safepoint: 81446 ns, At safepoint: 41166 ns, Total: 122612 ns
[2020-09-11T13:57:54.800+0000][1][safepoint    ] Safepoint "RevokeBias", Time since last: 42774 ns, Reaching safepoint: 80751 ns, At safepoint: 38876 ns, Total: 119627 ns
[2020-09-11T13:57:54.904+0000][1][safepoint    ] Safepoint "RevokeBias", Time since last: 103513901 ns, Reaching safepoint: 105049 ns, At safepoint: 31196 ns, Total: 136245 ns
[2020-09-11T13:57:54.924+0000][1][safepoint    ] Safepoint "RevokeBias", Time since last: 19777471 ns, Reaching safepoint: 95337 ns, At safepoint: 33194 ns, Total: 128531 ns
[2020-09-11T13:57:54.979+0000][1][safepoint    ] Safepoint "RevokeBias", Time since last: 55261008 ns, Reaching safepoint: 113462 ns, At safepoint: 17758 ns, Total: 131220 ns
[2020-09-11T13:57:54.980+0000][1][safepoint    ] Safepoint "RevokeBias", Time since last: 550385 ns, Reaching safepoint: 82976 ns, At safepoint: 10474 ns, Total: 93450 ns
[2020-09-11T13:57:55.107+0000][1][safepoint    ] Safepoint "RevokeBias", Time since last: 127730999 ns, Reaching safepoint: 133968 ns, At safepoint: 38516 ns, Total: 172484 ns
[2020-09-11T13:57:55.140+0000][1][safepoint    ] Safepoint "RevokeBias", Time since last: 31972967 ns, Reaching safepoint: 107916 ns, At safepoint: 37455 ns, Total: 145371 ns
[2020-09-11T13:57:55.156+0000][1][safepoint    ] Safepoint "RevokeBias", Time since last: 15926387 ns, Reaching safepoint: 104178 ns, At safepoint: 37855 ns, Total: 142033 ns
[2020-09-11T13:57:55.324+0000][1][safepoint    ] Safepoint "RevokeBias", Time since last: 167790650 ns, Reaching safepoint: 102540 ns, At safepoint: 38806 ns, Total: 141346 ns
[2020-09-11T13:57:55.332+0000][1][safepoint    ] Safepoint "RevokeBias", Time since last: 7862138 ns, Reaching safepoint: 93543 ns, At safepoint: 31430 ns, Total: 124973 ns
[2020-09-11T13:57:55.358+0000][1][gc,start     ] GC(10) Pause Young (Allocation Failure)
[2020-09-11T13:57:55.358+0000][1][gc,task      ] GC(10) Using 1 workers of 1 for evacuation
[2020-09-11T13:57:55.389+0000][1][gc,age       ] GC(10) Desired survivor size 4358144 bytes, new threshold 6 (max threshold 6)
[2020-09-11T13:57:55.389+0000][1][gc,age       ] GC(10) Age table with threshold 6 (max threshold 6)
[2020-09-11T13:57:55.389+0000][1][gc,age       ] GC(10) - age   1:     449400 bytes,     449400 total
[2020-09-11T13:57:55.389+0000][1][gc,age       ] GC(10) - age   2:     120168 bytes,     569568 total
[2020-09-11T13:57:55.389+0000][1][gc,age       ] GC(10) - age   3:     829208 bytes,    1398776 total
[2020-09-11T13:57:55.389+0000][1][gc,age       ] GC(10) - age   4:     445768 bytes,    1844544 total
[2020-09-11T13:57:55.389+0000][1][gc,age       ] GC(10) - age   5:    1524024 bytes,    3368568 total
[2020-09-11T13:57:55.389+0000][1][gc,heap      ] GC(10) ParNew: 72595K->6535K(76672K)
[2020-09-11T13:57:55.389+0000][1][gc,heap      ] GC(10) CMS: 12620K->12620K(439104K)
[2020-09-11T13:57:55.389+0000][1][gc,metaspace ] GC(10) Metaspace: 21750K->21750K(1069056K)
[2020-09-11T13:57:55.389+0000][1][gc           ] GC(10) Pause Young (Allocation Failure) 83M->18M(503M) 31.614ms
[2020-09-11T13:57:55.389+0000][1][gc,cpu       ] GC(10) User=0.01s Sys=0.00s Real=0.03s
[2020-09-11T13:57:55.403+0000][1][safepoint    ] Safepoint "GenCollectForAllocation", Time since last: 23823557 ns, Reaching safepoint: 2168900 ns, At safepoint: 45827868 ns, Total: 47996768 ns
[2020-09-11T13:57:55.419+0000][1][safepoint    ] Safepoint "RevokeBias", Time since last: 12001328 ns, Reaching safepoint: 3347894 ns, At safepoint: 53768 ns, Total: 3401662 ns
[2020-09-11T13:57:55.423+0000][1][safepoint    ] Safepoint "RevokeBias", Time since last: 62947 ns, Reaching safepoint: 3770244 ns, At safepoint: 30065 ns, Total: 3800309 ns
[2020-09-11T13:57:55.428+0000][1][safepoint    ] Safepoint "BulkRevokeBias", Time since last: 4783752 ns, Reaching safepoint: 99930 ns, At safepoint: 58404 ns, Total: 158334 ns
[2020-09-11T13:57:55.428+0000][1][safepoint    ] Safepoint "BulkRevokeBias", Time since last: 54508 ns, Reaching safepoint: 82116 ns, At safepoint: 40226 ns, Total: 122342 ns
[2020-09-11T13:57:55.516+0000][1][safepoint    ] Safepoint "RevokeBias", Time since last: 87623055 ns, Reaching safepoint: 104412 ns, At safepoint: 38674 ns, Total: 143086 ns
[2020-09-11T13:57:55.536+0000][1][safepoint    ] Safepoint "RevokeBias", Time since last: 19921461 ns, Reaching safepoint: 101733 ns, At safepoint: 55518 ns, Total: 157251 ns
[2020-09-11T13:57:56.284+0000][1][gc,start     ] GC(11) Pause Young (Allocation Failure)
[2020-09-11T13:57:56.284+0000][1][gc,task      ] GC(11) Using 1 workers of 1 for evacuation
[2020-09-11T13:57:56.336+0000][1][gc,age       ] GC(11) Desired survivor size 4358144 bytes, new threshold 6 (max threshold 6)
[2020-09-11T13:57:56.336+0000][1][gc,age       ] GC(11) Age table with threshold 6 (max threshold 6)
[2020-09-11T13:57:56.336+0000][1][gc,age       ] GC(11) - age   1:    2290728 bytes,    2290728 total
[2020-09-11T13:57:56.336+0000][1][gc,age       ] GC(11) - age   2:     427768 bytes,    2718496 total
[2020-09-11T13:57:56.336+0000][1][gc,age       ] GC(11) - age   3:     120064 bytes,    2838560 total
[2020-09-11T13:57:56.336+0000][1][gc,age       ] GC(11) - age   4:     829208 bytes,    3667768 total
[2020-09-11T13:57:56.336+0000][1][gc,age       ] GC(11) - age   5:     445768 bytes,    4113536 total
[2020-09-11T13:57:56.336+0000][1][gc,age       ] GC(11) - age   6:    1523712 bytes,    5637248 total
[2020-09-11T13:57:56.337+0000][1][gc,heap      ] GC(11) ParNew: 74695K->6151K(76672K)
[2020-09-11T13:57:56.337+0000][1][gc,heap      ] GC(11) CMS: 12620K->12620K(439104K)
[2020-09-11T13:57:56.337+0000][1][gc,metaspace ] GC(11) Metaspace: 22663K->22663K(1071104K)
[2020-09-11T13:57:56.337+0000][1][gc           ] GC(11) Pause Young (Allocation Failure) 85M->18M(503M) 52.365ms
[2020-09-11T13:57:56.337+0000][1][gc,cpu       ] GC(11) User=0.02s Sys=0.00s Real=0.05s
[2020-09-11T13:57:56.337+0000][1][safepoint    ] Safepoint "GenCollectForAllocation", Time since last: 748430185 ns, Reaching safepoint: 102724 ns, At safepoint: 52421655 ns, Total: 52524379 ns
[2020-09-11T13:57:56.831+0000][1][gc,start     ] GC(12) Pause Young (Allocation Failure)
[2020-09-11T13:57:56.831+0000][1][gc,task      ] GC(12) Using 1 workers of 1 for evacuation
[2020-09-11T13:57:56.871+0000][1][gc,age       ] GC(12) Desired survivor size 4358144 bytes, new threshold 6 (max threshold 6)
[2020-09-11T13:57:56.871+0000][1][gc,age       ] GC(12) Age table with threshold 6 (max threshold 6)
[2020-09-11T13:57:56.871+0000][1][gc,age       ] GC(12) - age   1:     715632 bytes,     715632 total
[2020-09-11T13:57:56.871+0000][1][gc,age       ] GC(12) - age   2:     546696 bytes,    1262328 total
[2020-09-11T13:57:56.871+0000][1][gc,age       ] GC(12) - age   3:     427768 bytes,    1690096 total
[2020-09-11T13:57:56.871+0000][1][gc,age       ] GC(12) - age   4:     119960 bytes,    1810056 total
[2020-09-11T13:57:56.871+0000][1][gc,age       ] GC(12) - age   5:     829064 bytes,    2639120 total
[2020-09-11T13:57:56.871+0000][1][gc,age       ] GC(12) - age   6:     445624 bytes,    3084744 total
[2020-09-11T13:57:56.871+0000][1][gc,heap      ] GC(12) ParNew: 74311K->4641K(76672K)
[2020-09-11T13:57:56.871+0000][1][gc,heap      ] GC(12) CMS: 12620K->14120K(439104K)
[2020-09-11T13:57:56.871+0000][1][gc,metaspace ] GC(12) Metaspace: 22689K->22689K(1071104K)
[2020-09-11T13:57:56.871+0000][1][gc           ] GC(12) Pause Young (Allocation Failure) 84M->18M(503M) 40.052ms
[2020-09-11T13:57:56.871+0000][1][gc,cpu       ] GC(12) User=0.01s Sys=0.00s Real=0.04s
[2020-09-11T13:57:56.891+0000][1][safepoint    ] Safepoint "GenCollectForAllocation", Time since last: 494162478 ns, Reaching safepoint: 107886 ns, At safepoint: 60582277 ns, Total: 60690163 ns
[2020-09-11T13:57:57.332+0000][1][gc,start     ] GC(13) Pause Young (Allocation Failure)
[2020-09-11T13:57:57.332+0000][1][gc,task      ] GC(13) Using 1 workers of 1 for evacuation
[2020-09-11T13:57:57.358+0000][1][gc,age       ] GC(13) Desired survivor size 4358144 bytes, new threshold 6 (max threshold 6)
[2020-09-11T13:57:57.358+0000][1][gc,age       ] GC(13) Age table with threshold 6 (max threshold 6)
[2020-09-11T13:57:57.358+0000][1][gc,age       ] GC(13) - age   1:    2011864 bytes,    2011864 total
[2020-09-11T13:57:57.358+0000][1][gc,age       ] GC(13) - age   2:     203304 bytes,    2215168 total
[2020-09-11T13:57:57.358+0000][1][gc,age       ] GC(13) - age   3:     546584 bytes,    2761752 total
[2020-09-11T13:57:57.358+0000][1][gc,age       ] GC(13) - age   4:     427768 bytes,    3189520 total
[2020-09-11T13:57:57.358+0000][1][gc,age       ] GC(13) - age   5:     119960 bytes,    3309480 total
[2020-09-11T13:57:57.358+0000][1][gc,age       ] GC(13) - age   6:     829064 bytes,    4138544 total
[2020-09-11T13:57:57.358+0000][1][gc,heap      ] GC(13) ParNew: 72801K->6839K(76672K)
[2020-09-11T13:57:57.358+0000][1][gc,heap      ] GC(13) CMS: 14120K->14558K(439104K)
[2020-09-11T13:57:57.358+0000][1][gc,metaspace ] GC(13) Metaspace: 22791K->22791K(1071104K)
[2020-09-11T13:57:57.358+0000][1][gc           ] GC(13) Pause Young (Allocation Failure) 84M->20M(503M) 26.249ms
[2020-09-11T13:57:57.358+0000][1][gc,cpu       ] GC(13) User=0.01s Sys=0.00s Real=0.03s
[2020-09-11T13:57:57.375+0000][1][safepoint    ] Safepoint "GenCollectForAllocation", Time since last: 440207830 ns, Reaching safepoint: 101018 ns, At safepoint: 43673377 ns, Total: 43774395 ns
[2020-09-11T13:57:57.906+0000][1][gc,start     ] GC(14) Pause Young (Allocation Failure)
[2020-09-11T13:57:57.906+0000][1][gc,task      ] GC(14) Using 1 workers of 1 for evacuation
[2020-09-11T13:57:57.925+0000][1][gc,age       ] GC(14) Desired survivor size 4358144 bytes, new threshold 6 (max threshold 6)
[2020-09-11T13:57:57.925+0000][1][gc,age       ] GC(14) Age table with threshold 6 (max threshold 6)
[2020-09-11T13:57:57.925+0000][1][gc,age       ] GC(14) - age   1:    1005000 bytes,    1005000 total
[2020-09-11T13:57:57.925+0000][1][gc,age       ] GC(14) - age   2:     103416 bytes,    1108416 total
[2020-09-11T13:57:57.925+0000][1][gc,age       ] GC(14) - age   3:     203304 bytes,    1311720 total
[2020-09-11T13:57:57.925+0000][1][gc,age       ] GC(14) - age   4:     546584 bytes,    1858304 total
[2020-09-11T13:57:57.925+0000][1][gc,age       ] GC(14) - age   5:     427768 bytes,    2286072 total
[2020-09-11T13:57:57.925+0000][1][gc,age       ] GC(14) - age   6:     119960 bytes,    2406032 total
[2020-09-11T13:57:57.925+0000][1][gc,heap      ] GC(14) ParNew: 74999K->2370K(76672K)
[2020-09-11T13:57:57.925+0000][1][gc,heap      ] GC(14) CMS: 14558K->15374K(439104K)
[2020-09-11T13:57:57.925+0000][1][gc,metaspace ] GC(14) Metaspace: 22876K->22876K(1071104K)
[2020-09-11T13:57:57.925+0000][1][gc           ] GC(14) Pause Young (Allocation Failure) 87M->17M(503M) 19.811ms
[2020-09-11T13:57:57.925+0000][1][gc,cpu       ] GC(14) User=0.01s Sys=0.00s Real=0.02s
[2020-09-11T13:57:57.943+0000][1][safepoint    ] Safepoint "GenCollectForAllocation", Time since last: 530092582 ns, Reaching safepoint: 113175 ns, At safepoint: 37805846 ns, Total: 37919021 ns
[2020-09-11T13:57:58.484+0000][1][gc,start     ] GC(15) Pause Young (Allocation Failure)
[2020-09-11T13:57:58.484+0000][1][gc,task      ] GC(15) Using 1 workers of 1 for evacuation
[2020-09-11T13:57:58.509+0000][1][gc,age       ] GC(15) Desired survivor size 4358144 bytes, new threshold 6 (max threshold 6)
[2020-09-11T13:57:58.509+0000][1][gc,age       ] GC(15) Age table with threshold 6 (max threshold 6)
[2020-09-11T13:57:58.509+0000][1][gc,age       ] GC(15) - age   1:     222872 bytes,     222872 total
[2020-09-11T13:57:58.509+0000][1][gc,age       ] GC(15) - age   2:     315248 bytes,     538120 total
[2020-09-11T13:57:58.509+0000][1][gc,age       ] GC(15) - age   3:     103416 bytes,     641536 total
[2020-09-11T13:57:58.509+0000][1][gc,age       ] GC(15) - age   4:     203304 bytes,     844840 total
[2020-09-11T13:57:58.509+0000][1][gc,age       ] GC(15) - age   5:     546584 bytes,    1391424 total
[2020-09-11T13:57:58.509+0000][1][gc,age       ] GC(15) - age   6:     427768 bytes,    1819192 total
[2020-09-11T13:57:58.509+0000][1][gc,heap      ] GC(15) ParNew: 70530K->2354K(76672K)
[2020-09-11T13:57:58.509+0000][1][gc,heap      ] GC(15) CMS: 15374K->15495K(439104K)
[2020-09-11T13:57:58.509+0000][1][gc,metaspace ] GC(15) Metaspace: 22965K->22965K(1071104K)
[2020-09-11T13:57:58.509+0000][1][gc           ] GC(15) Pause Young (Allocation Failure) 83M->17M(503M) 25.199ms
[2020-09-11T13:57:58.509+0000][1][gc,cpu       ] GC(15) User=0.01s Sys=0.00s Real=0.02s
[2020-09-11T13:57:58.509+0000][1][safepoint    ] Safepoint "GenCollectForAllocation", Time since last: 539980894 ns, Reaching safepoint: 115618 ns, At safepoint: 25260361 ns, Total: 25375979 ns
[2020-09-11T13:57:58.895+0000][1][gc,start     ] GC(16) Pause Young (Allocation Failure)
[2020-09-11T13:57:58.896+0000][1][gc,task      ] GC(16) Using 1 workers of 1 for evacuation
[2020-09-11T13:57:58.921+0000][1][gc,age       ] GC(16) Desired survivor size 4358144 bytes, new threshold 6 (max threshold 6)
[2020-09-11T13:57:58.921+0000][1][gc,age       ] GC(16) Age table with threshold 6 (max threshold 6)
[2020-09-11T13:57:58.921+0000][1][gc,age       ] GC(16) - age   1:    1868520 bytes,    1868520 total
[2020-09-11T13:57:58.921+0000][1][gc,age       ] GC(16) - age   2:     188728 bytes,    2057248 total
[2020-09-11T13:57:58.921+0000][1][gc,age       ] GC(16) - age   3:     315248 bytes,    2372496 total
[2020-09-11T13:57:58.921+0000][1][gc,age       ] GC(16) - age   4:     103416 bytes,    2475912 total
[2020-09-11T13:57:58.921+0000][1][gc,age       ] GC(16) - age   5:     203152 bytes,    2679064 total
[2020-09-11T13:57:58.921+0000][1][gc,age       ] GC(16) - age   6:     546584 bytes,    3225648 total
[2020-09-11T13:57:58.921+0000][1][gc,heap      ] GC(16) ParNew: 70514K->3842K(76672K)
[2020-09-11T13:57:58.921+0000][1][gc,heap      ] GC(16) CMS: 15495K->15918K(439104K)
[2020-09-11T13:57:58.921+0000][1][gc,metaspace ] GC(16) Metaspace: 22981K->22981K(1071104K)
[2020-09-11T13:57:58.921+0000][1][gc           ] GC(16) Pause Young (Allocation Failure) 83M->19M(503M) 25.188ms
[2020-09-11T13:57:58.921+0000][1][gc,cpu       ] GC(16) User=0.01s Sys=0.00s Real=0.02s
[2020-09-11T13:57:58.933+0000][1][safepoint    ] Safepoint "GenCollectForAllocation", Time since last: 384573583 ns, Reaching safepoint: 2061454 ns, At safepoint: 37059545 ns, Total: 39120999 ns
[2020-09-11T13:57:59.018+0000][1][safepoint    ] Safepoint "Deoptimize", Time since last: 80895424 ns, Reaching safepoint: 4617164 ns, At safepoint: 206899 ns, Total: 4824063 ns
[2020-09-11T13:57:59.136+0000][1][safepoint    ] Safepoint "RevokeBias", Time since last: 117233538 ns, Reaching safepoint: 120214 ns, At safepoint: 18460 ns, Total: 138674 ns
[2020-09-11T13:58:00.143+0000][1][safepoint    ] Safepoint "Cleanup", Time since last: 1007549284 ns, Reaching safepoint: 338190 ns, At safepoint: 7188 ns, Total: 345378 ns
[2020-09-11T13:58:00.211+0000][1][safepoint    ] Safepoint "RevokeBias", Time since last: 67411032 ns, Reaching safepoint: 109042 ns, At safepoint: 16046 ns, Total: 125088 ns
[2020-09-11T13:58:01.216+0000][1][safepoint    ] Safepoint "Cleanup", Time since last: 1004389891 ns, Reaching safepoint: 115640 ns, At safepoint: 6007 ns, Total: 121647 ns
[2020-09-11T13:58:01.436+0000][1][safepoint    ] Safepoint "Deoptimize", Time since last: 219899857 ns, Reaching safepoint: 113233 ns, At safepoint: 205039 ns, Total: 318272 ns
[2020-09-11T13:58:01.527+0000][1][safepoint    ] Safepoint "Deoptimize", Time since last: 90444431 ns, Reaching safepoint: 102617 ns, At safepoint: 201175 ns, Total: 303792 ns
[2020-09-11T13:58:02.527+0000][1][safepoint    ] Safepoint "Cleanup", Time since last: 1000454709 ns, Reaching safepoint: 242082 ns, At safepoint: 7733 ns, Total: 249815 ns
[2020-09-11T13:58:03.531+0000][1][safepoint    ] Safepoint "Cleanup", Time since last: 1000135950 ns, Reaching safepoint: 4119698 ns, At safepoint: 11698 ns, Total: 4131396 ns
[2020-09-11T13:58:04.518+0000][1][gc,start     ] GC(17) Pause Young (Allocation Failure)
[2020-09-11T13:58:04.518+0000][1][gc,task      ] GC(17) Using 1 workers of 1 for evacuation
[2020-09-11T13:58:04.677+0000][1][gc,age       ] GC(17) Desired survivor size 4358144 bytes, new threshold 1 (max threshold 6)
[2020-09-11T13:58:04.677+0000][1][gc,age       ] GC(17) Age table with threshold 1 (max threshold 6)
[2020-09-11T13:58:04.677+0000][1][gc,age       ] GC(17) - age   1:    7603208 bytes,    7603208 total
[2020-09-11T13:58:04.677+0000][1][gc,age       ] GC(17) - age   2:      72904 bytes,    7676112 total
[2020-09-11T13:58:04.677+0000][1][gc,age       ] GC(17) - age   3:     188232 bytes,    7864344 total
[2020-09-11T13:58:04.677+0000][1][gc,age       ] GC(17) - age   4:     312952 bytes,    8177296 total
[2020-09-11T13:58:04.677+0000][1][gc,age       ] GC(17) - age   5:     103136 bytes,    8280432 total
[2020-09-11T13:58:04.677+0000][1][gc,age       ] GC(17) - age   6:     203152 bytes,    8483584 total
[2020-09-11T13:58:04.677+0000][1][gc,heap      ] GC(17) ParNew: 72002K->8512K(76672K)
[2020-09-11T13:58:04.677+0000][1][gc,heap      ] GC(17) CMS: 15918K->16458K(439104K)
[2020-09-11T13:58:04.677+0000][1][gc,metaspace ] GC(17) Metaspace: 29699K->29699K(1077248K)
[2020-09-11T13:58:04.677+0000][1][gc           ] GC(17) Pause Young (Allocation Failure) 85M->24M(503M) 159.650ms
[2020-09-11T13:58:04.677+0000][1][gc,cpu       ] GC(17) User=0.05s Sys=0.00s Real=0.16s
[2020-09-11T13:58:04.679+0000][1][safepoint    ] Safepoint "GenCollectForAllocation", Time since last: 986035090 ns, Reaching safepoint: 115256 ns, At safepoint: 161807382 ns, Total: 161922638 ns
[2020-09-11T13:58:05.704+0000][1][safepoint    ] Safepoint "Cleanup", Time since last: 1024032319 ns, Reaching safepoint: 108662 ns, At safepoint: 7899 ns, Total: 116561 ns
[2020-09-11T13:58:06.708+0000][1][safepoint    ] Safepoint "Cleanup", Time since last: 1003822725 ns, Reaching safepoint: 111129 ns, At safepoint: 6314 ns, Total: 117443 ns
[2020-09-11T13:58:07.709+0000][1][safepoint    ] Safepoint "Cleanup", Time since last: 1000709388 ns, Reaching safepoint: 585714 ns, At safepoint: 6198 ns, Total: 591912 ns
[2020-09-11T13:58:08.871+0000][1][gc,start     ] GC(18) Pause Young (Allocation Failure)
[2020-09-11T13:58:08.871+0000][1][gc,task      ] GC(18) Using 1 workers of 1 for evacuation
[2020-09-11T13:58:09.033+0000][1][gc,age       ] GC(18) Desired survivor size 4358144 bytes, new threshold 1 (max threshold 6)
[2020-09-11T13:58:09.033+0000][1][gc,age       ] GC(18) Age table with threshold 1 (max threshold 6)
[2020-09-11T13:58:09.033+0000][1][gc,age       ] GC(18) - age   1:    8062624 bytes,    8062624 total
[2020-09-11T13:58:09.033+0000][1][gc,heap      ] GC(18) ParNew: 76672K->8512K(76672K)
[2020-09-11T13:58:09.033+0000][1][gc,heap      ] GC(18) CMS: 16458K->25192K(439104K)
[2020-09-11T13:58:09.033+0000][1][gc,metaspace ] GC(18) Metaspace: 29720K->29720K(1077248K)
[2020-09-11T13:58:09.033+0000][1][gc           ] GC(18) Pause Young (Allocation Failure) 90M->32M(503M) 162.468ms
[2020-09-11T13:58:09.033+0000][1][gc,cpu       ] GC(18) User=0.06s Sys=0.00s Real=0.16s
[2020-09-11T13:58:09.067+0000][1][safepoint    ] Safepoint "GenCollectForAllocation", Time since last: 1161628731 ns, Reaching safepoint: 112419 ns, At safepoint: 196868732 ns, Total: 196981151 ns
[2020-09-11T13:58:10.076+0000][1][safepoint    ] Safepoint "Cleanup", Time since last: 1008017804 ns, Reaching safepoint: 261948 ns, At safepoint: 6644 ns, Total: 268592 ns
[2020-09-11T13:58:11.076+0000][1][safepoint    ] Safepoint "Cleanup", Time since last: 1000107870 ns, Reaching safepoint: 37003 ns, At safepoint: 4851 ns, Total: 41854 ns
[2020-09-11T13:58:12.087+0000][1][safepoint    ] Safepoint "Cleanup", Time since last: 1007553738 ns, Reaching safepoint: 3246863 ns, At safepoint: 8869 ns, Total: 3255732 ns
[2020-09-11T13:58:12.291+0000][1][gc,start     ] GC(19) Pause Young (Allocation Failure)
[2020-09-11T13:58:12.291+0000][1][gc,task      ] GC(19) Using 1 workers of 1 for evacuation
[2020-09-11T13:58:12.404+0000][1][gc,age       ] GC(19) Desired survivor size 4358144 bytes, new threshold 1 (max threshold 6)
[2020-09-11T13:58:12.405+0000][1][gc,age       ] GC(19) Age table with threshold 1 (max threshold 6)
[2020-09-11T13:58:12.405+0000][1][gc,age       ] GC(19) - age   1:    8716240 bytes,    8716240 total
[2020-09-11T13:58:12.405+0000][1][gc,heap      ] GC(19) ParNew: 76672K->8512K(76672K)
[2020-09-11T13:58:12.405+0000][1][gc,heap      ] GC(19) CMS: 25192K->33638K(439104K)
[2020-09-11T13:58:12.405+0000][1][gc,metaspace ] GC(19) Metaspace: 29923K->29923K(1077248K)
[2020-09-11T13:58:12.405+0000][1][gc           ] GC(19) Pause Young (Allocation Failure) 99M->41M(503M) 113.395ms
[2020-09-11T13:58:12.405+0000][1][gc,cpu       ] GC(19) User=0.04s Sys=0.00s Real=0.12s
[2020-09-11T13:58:12.431+0000][1][safepoint    ] Safepoint "GenCollectForAllocation", Time since last: 204425963 ns, Reaching safepoint: 96901 ns, At safepoint: 140232175 ns, Total: 140329076 ns
[2020-09-11T13:58:13.443+0000][1][safepoint    ] Safepoint "Cleanup", Time since last: 1008034366 ns, Reaching safepoint: 3230107 ns, At safepoint: 6258 ns, Total: 3236365 ns
[2020-09-11T13:58:13.562+0000][1][safepoint    ] Safepoint "RevokeBias", Time since last: 118804278 ns, Reaching safepoint: 101041 ns, At safepoint: 35344 ns, Total: 136385 ns
[2020-09-11T13:58:14.571+0000][1][safepoint    ] Safepoint "Cleanup", Time since last: 1001758134 ns, Reaching safepoint: 8076269 ns, At safepoint: 14199 ns, Total: 8090468 ns
[2020-09-11T13:58:15.156+0000][1][gc,start     ] GC(20) Pause Young (Allocation Failure)
[2020-09-11T13:58:15.156+0000][1][gc,task      ] GC(20) Using 1 workers of 1 for evacuation
[2020-09-11T13:58:15.253+0000][1][gc,age       ] GC(20) Desired survivor size 4358144 bytes, new threshold 6 (max threshold 6)
[2020-09-11T13:58:15.253+0000][1][gc,age       ] GC(20) Age table with threshold 6 (max threshold 6)
[2020-09-11T13:58:15.253+0000][1][gc,age       ] GC(20) - age   1:    3718424 bytes,    3718424 total
[2020-09-11T13:58:15.254+0000][1][gc,heap      ] GC(20) ParNew: 76672K->8293K(76672K)
[2020-09-11T13:58:15.254+0000][1][gc,heap      ] GC(20) CMS: 33638K->42009K(439104K)
[2020-09-11T13:58:15.254+0000][1][gc,metaspace ] GC(20) Metaspace: 32129K->32129K(1079296K)
[2020-09-11T13:58:15.254+0000][1][gc           ] GC(20) Pause Young (Allocation Failure) 107M->49M(503M) 97.998ms
[2020-09-11T13:58:15.254+0000][1][gc,cpu       ] GC(20) User=0.04s Sys=0.00s Real=0.09s
[2020-09-11T13:58:15.265+0000][1][safepoint    ] Safepoint "GenCollectForAllocation", Time since last: 583941324 ns, Reaching safepoint: 102605 ns, At safepoint: 109829428 ns, Total: 109932033 ns
[2020-09-11T13:58:15.645+0000][1][safepoint    ] Safepoint "Deoptimize", Time since last: 379013302 ns, Reaching safepoint: 115169 ns, At safepoint: 245228 ns, Total: 360397 ns
[2020-09-11T13:58:16.645+0000][1][safepoint    ] Safepoint "Cleanup", Time since last: 1000110565 ns, Reaching safepoint: 126617 ns, At safepoint: 14750 ns, Total: 141367 ns
[2020-09-11T13:58:17.647+0000][1][safepoint    ] Safepoint "Cleanup", Time since last: 1000105402 ns, Reaching safepoint: 2347470 ns, At safepoint: 10239 ns, Total: 2357709 ns
[2020-09-11T13:58:17.764+0000][1][safepoint    ] Safepoint "Deoptimize", Time since last: 111813861 ns, Reaching safepoint: 103466 ns, At safepoint: 4322410 ns, Total: 4425876 ns
[2020-09-11T13:58:18.544+0000][1][gc,start     ] GC(21) Pause Young (Allocation Failure)
[2020-09-11T13:58:18.544+0000][1][gc,task      ] GC(21) Using 1 workers of 1 for evacuation
[2020-09-11T13:58:18.579+0000][1][gc,age       ] GC(21) Desired survivor size 4358144 bytes, new threshold 2 (max threshold 6)
[2020-09-11T13:58:18.579+0000][1][gc,age       ] GC(21) Age table with threshold 2 (max threshold 6)
[2020-09-11T13:58:18.579+0000][1][gc,age       ] GC(21) - age   1:    1026888 bytes,    1026888 total
[2020-09-11T13:58:18.579+0000][1][gc,age       ] GC(21) - age   2:    3625152 bytes,    4652040 total
[2020-09-11T13:58:18.579+0000][1][gc,heap      ] GC(21) ParNew: 76453K->6869K(76672K)
[2020-09-11T13:58:18.579+0000][1][gc,heap      ] GC(21) CMS: 42009K->42009K(439104K)
[2020-09-11T13:58:18.579+0000][1][gc,metaspace ] GC(21) Metaspace: 32429K->32429K(1079296K)
[2020-09-11T13:58:18.579+0000][1][gc           ] GC(21) Pause Young (Allocation Failure) 115M->47M(503M) 35.718ms
[2020-09-11T13:58:18.579+0000][1][gc,cpu       ] GC(21) User=0.02s Sys=0.00s Real=0.03s
[2020-09-11T13:58:18.599+0000][1][safepoint    ] Safepoint "GenCollectForAllocation", Time since last: 779732257 ns, Reaching safepoint: 108853 ns, At safepoint: 55064579 ns, Total: 55173432 ns
[2020-09-11T13:58:19.608+0000][1][gc,start     ] GC(22) Pause Young (Allocation Failure)
[2020-09-11T13:58:19.608+0000][1][gc,task      ] GC(22) Using 1 workers of 1 for evacuation
[2020-09-11T13:58:19.651+0000][1][gc,age       ] GC(22) Desired survivor size 4358144 bytes, new threshold 6 (max threshold 6)
[2020-09-11T13:58:19.651+0000][1][gc,age       ] GC(22) Age table with threshold 6 (max threshold 6)
[2020-09-11T13:58:19.651+0000][1][gc,age       ] GC(22) - age   1:     249704 bytes,     249704 total
[2020-09-11T13:58:19.651+0000][1][gc,age       ] GC(22) - age   2:     438752 bytes,     688456 total
[2020-09-11T13:58:19.651+0000][1][gc,heap      ] GC(22) ParNew: 75029K->4266K(76672K)
[2020-09-11T13:58:19.651+0000][1][gc,heap      ] GC(22) CMS: 42009K->45566K(439104K)
[2020-09-11T13:58:19.651+0000][1][gc,metaspace ] GC(22) Metaspace: 32441K->32441K(1079296K)
[2020-09-11T13:58:19.651+0000][1][gc           ] GC(22) Pause Young (Allocation Failure) 114M->48M(503M) 43.794ms
[2020-09-11T13:58:19.651+0000][1][gc,cpu       ] GC(22) User=0.02s Sys=0.00s Real=0.04s
[2020-09-11T13:58:19.663+0000][1][safepoint    ] Safepoint "GenCollectForAllocation", Time since last: 1008818783 ns, Reaching safepoint: 114350 ns, At safepoint: 55930659 ns, Total: 56045009 ns
[2020-09-11T13:58:20.292+0000][1][gc,start     ] GC(23) Pause Young (Allocation Failure)
[2020-09-11T13:58:20.292+0000][1][gc,task      ] GC(23) Using 1 workers of 1 for evacuation
[2020-09-11T13:58:20.294+0000][1][gc,age       ] GC(23) Desired survivor size 4358144 bytes, new threshold 6 (max threshold 6)
[2020-09-11T13:58:20.294+0000][1][gc,age       ] GC(23) Age table with threshold 6 (max threshold 6)
[2020-09-11T13:58:20.294+0000][1][gc,age       ] GC(23) - age   1:         64 bytes,         64 total
[2020-09-11T13:58:20.294+0000][1][gc,age       ] GC(23) - age   2:     249416 bytes,     249480 total
[2020-09-11T13:58:20.294+0000][1][gc,age       ] GC(23) - age   3:     438752 bytes,     688232 total
[2020-09-11T13:58:20.294+0000][1][gc,heap      ] GC(23) ParNew: 72426K->1192K(76672K)
[2020-09-11T13:58:20.294+0000][1][gc,heap      ] GC(23) CMS: 45566K->45566K(439104K)
[2020-09-11T13:58:20.294+0000][1][gc,metaspace ] GC(23) Metaspace: 32442K->32442K(1079296K)
[2020-09-11T13:58:20.294+0000][1][gc           ] GC(23) Pause Young (Allocation Failure) 115M->45M(503M) 2.873ms
[2020-09-11T13:58:20.294+0000][1][gc,cpu       ] GC(23) User=0.00s Sys=0.00s Real=0.00s
[2020-09-11T13:58:20.303+0000][1][safepoint    ] Safepoint "GenCollectForAllocation", Time since last: 627965698 ns, Reaching safepoint: 112926 ns, At safepoint: 11900092 ns, Total: 12013018 ns
[2020-09-11T13:58:20.724+0000][1][gc,start     ] GC(24) Pause Young (Allocation Failure)
[2020-09-11T13:58:20.724+0000][1][gc,task      ] GC(24) Using 1 workers of 1 for evacuation
[2020-09-11T13:58:20.727+0000][1][gc,age       ] GC(24) Desired survivor size 4358144 bytes, new threshold 6 (max threshold 6)
[2020-09-11T13:58:20.727+0000][1][gc,age       ] GC(24) Age table with threshold 6 (max threshold 6)
[2020-09-11T13:58:20.727+0000][1][gc,age       ] GC(24) - age   1:         48 bytes,         48 total
[2020-09-11T13:58:20.727+0000][1][gc,age       ] GC(24) - age   3:     249416 bytes,     249464 total
[2020-09-11T13:58:20.727+0000][1][gc,age       ] GC(24) - age   4:     438752 bytes,     688216 total
[2020-09-11T13:58:20.727+0000][1][gc,heap      ] GC(24) ParNew: 69352K->1100K(76672K)
[2020-09-11T13:58:20.727+0000][1][gc,heap      ] GC(24) CMS: 45566K->45566K(439104K)
[2020-09-11T13:58:20.727+0000][1][gc,metaspace ] GC(24) Metaspace: 32446K->32446K(1079296K)
[2020-09-11T13:58:20.727+0000][1][gc           ] GC(24) Pause Young (Allocation Failure) 112M->45M(503M) 2.808ms
[2020-09-11T13:58:20.727+0000][1][gc,cpu       ] GC(24) User=0.00s Sys=0.00s Real=0.00s
[2020-09-11T13:58:20.739+0000][1][safepoint    ] Safepoint "GenCollectForAllocation", Time since last: 420871904 ns, Reaching safepoint: 106777 ns, At safepoint: 14891442 ns, Total: 14998219 ns
[2020-09-11T13:58:21.012+0000][1][gc,start     ] GC(25) Pause Young (Allocation Failure)
[2020-09-11T13:58:21.012+0000][1][gc,task      ] GC(25) Using 1 workers of 1 for evacuation
[2020-09-11T13:58:21.014+0000][1][gc,age       ] GC(25) Desired survivor size 4358144 bytes, new threshold 6 (max threshold 6)
[2020-09-11T13:58:21.014+0000][1][gc,age       ] GC(25) Age table with threshold 6 (max threshold 6)
[2020-09-11T13:58:21.014+0000][1][gc,age       ] GC(25) - age   1:        176 bytes,        176 total
[2020-09-11T13:58:21.014+0000][1][gc,age       ] GC(25) - age   4:     249416 bytes,     249592 total
[2020-09-11T13:58:21.014+0000][1][gc,age       ] GC(25) - age   5:     438752 bytes,     688344 total
[2020-09-11T13:58:21.014+0000][1][gc,heap      ] GC(25) ParNew: 69260K->1283K(76672K)
[2020-09-11T13:58:21.014+0000][1][gc,heap      ] GC(25) CMS: 45566K->45566K(439104K)
[2020-09-11T13:58:21.014+0000][1][gc,metaspace ] GC(25) Metaspace: 32446K->32446K(1079296K)
[2020-09-11T13:58:21.014+0000][1][gc           ] GC(25) Pause Young (Allocation Failure) 112M->45M(503M) 2.748ms
[2020-09-11T13:58:21.014+0000][1][gc,cpu       ] GC(25) User=0.00s Sys=0.00s Real=0.00s
[2020-09-11T13:58:21.023+0000][1][safepoint    ] Safepoint "GenCollectForAllocation", Time since last: 272109795 ns, Reaching safepoint: 96133 ns, At safepoint: 11907272 ns, Total: 12003405 ns
[2020-09-11T13:58:21.317+0000][1][gc,start     ] GC(26) Pause Young (Allocation Failure)
[2020-09-11T13:58:21.317+0000][1][gc,task      ] GC(26) Using 1 workers of 1 for evacuation
[2020-09-11T13:58:21.319+0000][1][gc,age       ] GC(26) Desired survivor size 4358144 bytes, new threshold 6 (max threshold 6)
[2020-09-11T13:58:21.319+0000][1][gc,age       ] GC(26) Age table with threshold 6 (max threshold 6)
[2020-09-11T13:58:21.319+0000][1][gc,age       ] GC(26) - age   1:        176 bytes,        176 total
[2020-09-11T13:58:21.319+0000][1][gc,age       ] GC(26) - age   5:     249416 bytes,     249592 total
[2020-09-11T13:58:21.319+0000][1][gc,age       ] GC(26) - age   6:     438752 bytes,     688344 total
[2020-09-11T13:58:21.319+0000][1][gc,heap      ] GC(26) ParNew: 69443K->824K(76672K)
[2020-09-11T13:58:21.319+0000][1][gc,heap      ] GC(26) CMS: 45566K->45566K(439104K)
[2020-09-11T13:58:21.319+0000][1][gc,metaspace ] GC(26) Metaspace: 32446K->32446K(1079296K)
[2020-09-11T13:58:21.319+0000][1][gc           ] GC(26) Pause Young (Allocation Failure) 112M->45M(503M) 2.808ms
[2020-09-11T13:58:21.319+0000][1][gc,cpu       ] GC(26) User=0.00s Sys=0.00s Real=0.00s
[2020-09-11T13:58:21.328+0000][1][safepoint    ] Safepoint "GenCollectForAllocation", Time since last: 292011618 ns, Reaching safepoint: 1059321 ns, At safepoint: 11020924 ns, Total: 12080245 ns
[2020-09-11T13:58:21.584+0000][1][gc,start     ] GC(27) Pause Young (Allocation Failure)
[2020-09-11T13:58:21.584+0000][1][gc,task      ] GC(27) Using 1 workers of 1 for evacuation
[2020-09-11T13:58:21.587+0000][1][gc,age       ] GC(27) Desired survivor size 4358144 bytes, new threshold 6 (max threshold 6)
[2020-09-11T13:58:21.587+0000][1][gc,age       ] GC(27) Age table with threshold 6 (max threshold 6)
[2020-09-11T13:58:21.587+0000][1][gc,age       ] GC(27) - age   1:        184 bytes,        184 total
[2020-09-11T13:58:21.587+0000][1][gc,age       ] GC(27) - age   6:     249416 bytes,     249600 total
[2020-09-11T13:58:21.587+0000][1][gc,heap      ] GC(27) ParNew: 68984K->607K(76672K)
[2020-09-11T13:58:21.587+0000][1][gc,heap      ] GC(27) CMS: 45566K->45995K(439104K)
[2020-09-11T13:58:21.587+0000][1][gc,metaspace ] GC(27) Metaspace: 32446K->32446K(1079296K)
[2020-09-11T13:58:21.587+0000][1][gc           ] GC(27) Pause Young (Allocation Failure) 111M->45M(503M) 2.881ms
[2020-09-11T13:58:21.587+0000][1][gc,cpu       ] GC(27) User=0.00s Sys=0.00s Real=0.00s
[2020-09-11T13:58:21.599+0000][1][safepoint    ] Safepoint "GenCollectForAllocation", Time since last: 256614164 ns, Reaching safepoint: 99869 ns, At safepoint: 15184699 ns, Total: 15284568 ns
[2020-09-11T13:58:21.841+0000][1][gc,start     ] GC(28) Pause Young (Allocation Failure)
[2020-09-11T13:58:21.841+0000][1][gc,task      ] GC(28) Using 1 workers of 1 for evacuation
[2020-09-11T13:58:21.846+0000][1][gc,age       ] GC(28) Desired survivor size 4358144 bytes, new threshold 6 (max threshold 6)
[2020-09-11T13:58:21.846+0000][1][gc,age       ] GC(28) Age table with threshold 6 (max threshold 6)
[2020-09-11T13:58:21.846+0000][1][gc,age       ] GC(28) - age   1:        304 bytes,        304 total
[2020-09-11T13:58:21.846+0000][1][gc,heap      ] GC(28) ParNew: 68767K->243K(76672K)
[2020-09-11T13:58:21.846+0000][1][gc,heap      ] GC(28) CMS: 45995K->46238K(439104K)
[2020-09-11T13:58:21.846+0000][1][gc,metaspace ] GC(28) Metaspace: 32446K->32446K(1079296K)
[2020-09-11T13:58:21.846+0000][1][gc           ] GC(28) Pause Young (Allocation Failure) 112M->45M(503M) 5.134ms
[2020-09-11T13:58:21.846+0000][1][gc,cpu       ] GC(28) User=0.00s Sys=0.00s Real=0.01s
[2020-09-11T13:58:21.847+0000][1][safepoint    ] Safepoint "GenCollectForAllocation", Time since last: 241088804 ns, Reaching safepoint: 98288 ns, At safepoint: 6815092 ns, Total: 6913380 ns
[2020-09-11T13:58:22.105+0000][1][gc,start     ] GC(29) Pause Young (Allocation Failure)
[2020-09-11T13:58:22.105+0000][1][gc,task      ] GC(29) Using 1 workers of 1 for evacuation
[2020-09-11T13:58:22.107+0000][1][gc,age       ] GC(29) Desired survivor size 4358144 bytes, new threshold 6 (max threshold 6)
[2020-09-11T13:58:22.107+0000][1][gc,age       ] GC(29) Age table with threshold 6 (max threshold 6)
[2020-09-11T13:58:22.107+0000][1][gc,age       ] GC(29) - age   1:        200 bytes,        200 total
[2020-09-11T13:58:22.107+0000][1][gc,age       ] GC(29) - age   2:         72 bytes,        272 total
[2020-09-11T13:58:22.107+0000][1][gc,heap      ] GC(29) ParNew: 68403K->60K(76672K)
[2020-09-11T13:58:22.107+0000][1][gc,heap      ] GC(29) CMS: 46238K->46238K(439104K)
[2020-09-11T13:58:22.107+0000][1][gc,metaspace ] GC(29) Metaspace: 32446K->32446K(1079296K)
[2020-09-11T13:58:22.115+0000][1][gc           ] GC(29) Pause Young (Allocation Failure) 111M->45M(503M) 10.470ms
[2020-09-11T13:58:22.115+0000][1][gc,cpu       ] GC(29) User=0.01s Sys=0.00s Real=0.01s
[2020-09-11T13:58:22.116+0000][1][safepoint    ] Safepoint "GenCollectForAllocation", Time since last: 257460615 ns, Reaching safepoint: 100319 ns, At safepoint: 10540336 ns, Total: 10640655 ns
[2020-09-11T13:58:22.360+0000][1][gc,start     ] GC(30) Pause Young (Allocation Failure)
[2020-09-11T13:58:22.360+0000][1][gc,task      ] GC(30) Using 1 workers of 1 for evacuation
[2020-09-11T13:58:22.362+0000][1][gc,age       ] GC(30) Desired survivor size 4358144 bytes, new threshold 6 (max threshold 6)
[2020-09-11T13:58:22.362+0000][1][gc,age       ] GC(30) Age table with threshold 6 (max threshold 6)
[2020-09-11T13:58:22.362+0000][1][gc,age       ] GC(30) - age   1:        240 bytes,        240 total
[2020-09-11T13:58:22.362+0000][1][gc,age       ] GC(30) - age   3:         72 bytes,        312 total
[2020-09-11T13:58:22.362+0000][1][gc,heap      ] GC(30) ParNew: 68220K->15K(76672K)
[2020-09-11T13:58:22.362+0000][1][gc,heap      ] GC(30) CMS: 46238K->46238K(439104K)
[2020-09-11T13:58:22.362+0000][1][gc,metaspace ] GC(30) Metaspace: 32446K->32446K(1079296K)
[2020-09-11T13:58:22.362+0000][1][gc           ] GC(30) Pause Young (Allocation Failure) 111M->45M(503M) 2.311ms
[2020-09-11T13:58:22.362+0000][1][gc,cpu       ] GC(30) User=0.00s Sys=0.00s Real=0.00s
[2020-09-11T13:58:22.365+0000][1][safepoint    ] Safepoint "GenCollectForAllocation", Time since last: 244224673 ns, Reaching safepoint: 95564 ns, At safepoint: 5432467 ns, Total: 5528031 ns
[2020-09-11T13:58:22.620+0000][1][gc,start     ] GC(31) Pause Young (Allocation Failure)
[2020-09-11T13:58:22.620+0000][1][gc,task      ] GC(31) Using 1 workers of 1 for evacuation
[2020-09-11T13:58:22.622+0000][1][gc,age       ] GC(31) Desired survivor size 4358144 bytes, new threshold 6 (max threshold 6)
[2020-09-11T13:58:22.622+0000][1][gc,age       ] GC(31) Age table with threshold 6 (max threshold 6)
[2020-09-11T13:58:22.622+0000][1][gc,age       ] GC(31) - age   1:        224 bytes,        224 total
[2020-09-11T13:58:22.622+0000][1][gc,age       ] GC(31) - age   4:         72 bytes,        296 total
[2020-09-11T13:58:22.622+0000][1][gc,heap      ] GC(31) ParNew: 68175K->3K(76672K)
[2020-09-11T13:58:22.622+0000][1][gc,heap      ] GC(31) CMS: 46238K->46238K(439104K)
[2020-09-11T13:58:22.622+0000][1][gc,metaspace ] GC(31) Metaspace: 32446K->32446K(1079296K)
[2020-09-11T13:58:22.622+0000][1][gc           ] GC(31) Pause Young (Allocation Failure) 111M->45M(503M) 2.346ms
[2020-09-11T13:58:22.622+0000][1][gc,cpu       ] GC(31) User=0.00s Sys=0.00s Real=0.00s
[2020-09-11T13:58:22.622+0000][1][safepoint    ] Safepoint "GenCollectForAllocation", Time since last: 254161103 ns, Reaching safepoint: 103258 ns, At safepoint: 2404984 ns, Total: 2508242 ns
[2020-09-11T13:58:22.880+0000][1][gc,start     ] GC(32) Pause Young (Allocation Failure)
[2020-09-11T13:58:22.880+0000][1][gc,task      ] GC(32) Using 1 workers of 1 for evacuation
[2020-09-11T13:58:22.882+0000][1][gc,age       ] GC(32) Desired survivor size 4358144 bytes, new threshold 6 (max threshold 6)
[2020-09-11T13:58:22.882+0000][1][gc,age       ] GC(32) Age table with threshold 6 (max threshold 6)
[2020-09-11T13:58:22.882+0000][1][gc,age       ] GC(32) - age   1:        200 bytes,        200 total
[2020-09-11T13:58:22.882+0000][1][gc,age       ] GC(32) - age   5:         72 bytes,        272 total
[2020-09-11T13:58:22.882+0000][1][gc,heap      ] GC(32) ParNew: 68163K->2K(76672K)
[2020-09-11T13:58:22.882+0000][1][gc,heap      ] GC(32) CMS: 46238K->46238K(439104K)
[2020-09-11T13:58:22.882+0000][1][gc,metaspace ] GC(32) Metaspace: 32446K->32446K(1079296K)
[2020-09-11T13:58:22.882+0000][1][gc           ] GC(32) Pause Young (Allocation Failure) 111M->45M(503M) 2.298ms
[2020-09-11T13:58:22.882+0000][1][gc,cpu       ] GC(32) User=0.00s Sys=0.00s Real=0.00s
[2020-09-11T13:58:22.890+0000][1][safepoint    ] Safepoint "GenCollectForAllocation", Time since last: 257501634 ns, Reaching safepoint: 104826 ns, At safepoint: 10103014 ns, Total: 10207840 ns
[2020-09-11T13:58:23.143+0000][1][gc,start     ] GC(33) Pause Young (Allocation Failure)
[2020-09-11T13:58:23.143+0000][1][gc,task      ] GC(33) Using 1 workers of 1 for evacuation
[2020-09-11T13:58:23.145+0000][1][gc,age       ] GC(33) Desired survivor size 4358144 bytes, new threshold 6 (max threshold 6)
[2020-09-11T13:58:23.145+0000][1][gc,age       ] GC(33) Age table with threshold 6 (max threshold 6)
[2020-09-11T13:58:23.145+0000][1][gc,age       ] GC(33) - age   1:        200 bytes,        200 total
[2020-09-11T13:58:23.145+0000][1][gc,age       ] GC(33) - age   6:         72 bytes,        272 total
[2020-09-11T13:58:23.145+0000][1][gc,heap      ] GC(33) ParNew: 68162K->2K(76672K)
[2020-09-11T13:58:23.145+0000][1][gc,heap      ] GC(33) CMS: 46238K->46238K(439104K)
[2020-09-11T13:58:23.145+0000][1][gc,metaspace ] GC(33) Metaspace: 32446K->32446K(1079296K)
[2020-09-11T13:58:23.145+0000][1][gc           ] GC(33) Pause Young (Allocation Failure) 111M->45M(503M) 2.427ms
[2020-09-11T13:58:23.145+0000][1][gc,cpu       ] GC(33) User=0.00s Sys=0.00s Real=0.01s
[2020-09-11T13:58:23.151+0000][1][safepoint    ] Safepoint "GenCollectForAllocation", Time since last: 253208499 ns, Reaching safepoint: 108484 ns, At safepoint: 8486488 ns, Total: 8594972 ns
[2020-09-11T13:58:24.172+0000][1][safepoint    ] Safepoint "Cleanup", Time since last: 1019953742 ns, Reaching safepoint: 131119 ns, At safepoint: 6274 ns, Total: 137393 ns
[2020-09-11T13:58:29.184+0000][1][safepoint    ] Safepoint "Cleanup", Time since last: 5011865833 ns, Reaching safepoint: 118668 ns, At safepoint: 5396 ns, Total: 124064 ns
[2020-09-11T13:58:29.796+0000][1][gc,start     ] GC(34) Pause Young (Allocation Failure)
[2020-09-11T13:58:29.796+0000][1][gc,task      ] GC(34) Using 1 workers of 1 for evacuation
[2020-09-11T13:58:29.798+0000][1][gc,age       ] GC(34) Desired survivor size 4358144 bytes, new threshold 6 (max threshold 6)
[2020-09-11T13:58:29.798+0000][1][gc,age       ] GC(34) Age table with threshold 6 (max threshold 6)
[2020-09-11T13:58:29.798+0000][1][gc,age       ] GC(34) - age   1:     277744 bytes,     277744 total
[2020-09-11T13:58:29.798+0000][1][gc,heap      ] GC(34) ParNew: 68162K->272K(76672K)
[2020-09-11T13:58:29.798+0000][1][gc,heap      ] GC(34) CMS: 46238K->46239K(439104K)
[2020-09-11T13:58:29.798+0000][1][gc,metaspace ] GC(34) Metaspace: 32466K->32466K(1079296K)
[2020-09-11T13:58:29.798+0000][1][gc           ] GC(34) Pause Young (Allocation Failure) 111M->45M(503M) 2.575ms
[2020-09-11T13:58:29.798+0000][1][gc,cpu       ] GC(34) User=0.00s Sys=0.00s Real=0.00s
[2020-09-11T13:58:29.802+0000][1][safepoint    ] Safepoint "GenCollectForAllocation", Time since last: 611894565 ns, Reaching safepoint: 109612 ns, At safepoint: 6770717 ns, Total: 6880329 ns
[2020-09-11T13:58:31.416+0000][1][gc,start     ] GC(35) Pause Young (Allocation Failure)
[2020-09-11T13:58:31.416+0000][1][gc,task      ] GC(35) Using 1 workers of 1 for evacuation
[2020-09-11T13:58:31.418+0000][1][gc,age       ] GC(35) Desired survivor size 4358144 bytes, new threshold 6 (max threshold 6)
[2020-09-11T13:58:31.418+0000][1][gc,age       ] GC(35) Age table with threshold 6 (max threshold 6)
[2020-09-11T13:58:31.418+0000][1][gc,age       ] GC(35) - age   1:     511128 bytes,     511128 total
[2020-09-11T13:58:31.418+0000][1][gc,age       ] GC(35) - age   2:     184376 bytes,     695504 total
[2020-09-11T13:58:31.418+0000][1][gc,heap      ] GC(35) ParNew: 68432K->682K(76672K)
[2020-09-11T13:58:31.418+0000][1][gc,heap      ] GC(35) CMS: 46239K->46239K(439104K)
[2020-09-11T13:58:31.418+0000][1][gc,metaspace ] GC(35) Metaspace: 32466K->32466K(1079296K)
[2020-09-11T13:58:31.418+0000][1][gc           ] GC(35) Pause Young (Allocation Failure) 111M->45M(503M) 2.607ms
[2020-09-11T13:58:31.418+0000][1][gc,cpu       ] GC(35) User=0.00s Sys=0.00s Real=0.00s
[2020-09-11T13:58:31.427+0000][1][safepoint    ] Safepoint "GenCollectForAllocation", Time since last: 1613115567 ns, Reaching safepoint: 103600 ns, At safepoint: 11903165 ns, Total: 12006765 ns
[2020-09-11T13:58:32.396+0000][1][gc,start     ] GC(36) Pause Young (Allocation Failure)
[2020-09-11T13:58:32.396+0000][1][gc,task      ] GC(36) Using 1 workers of 1 for evacuation
[2020-09-11T13:58:32.398+0000][1][gc,age       ] GC(36) Desired survivor size 4358144 bytes, new threshold 6 (max threshold 6)
[2020-09-11T13:58:32.398+0000][1][gc,age       ] GC(36) Age table with threshold 6 (max threshold 6)
[2020-09-11T13:58:32.398+0000][1][gc,age       ] GC(36) - age   1:     641992 bytes,     641992 total
[2020-09-11T13:58:32.399+0000][1][gc,age       ] GC(36) - age   2:     339856 bytes,     981848 total
[2020-09-11T13:58:32.399+0000][1][gc,age       ] GC(36) - age   3:     183656 bytes,    1165504 total
[2020-09-11T13:58:32.399+0000][1][gc,heap      ] GC(36) ParNew: 68842K->1179K(76672K)
[2020-09-11T13:58:32.399+0000][1][gc,heap      ] GC(36) CMS: 46239K->46239K(439104K)
[2020-09-11T13:58:32.399+0000][1][gc,metaspace ] GC(36) Metaspace: 32467K->32467K(1079296K)
[2020-09-11T13:58:32.399+0000][1][gc           ] GC(36) Pause Young (Allocation Failure) 112M->46M(503M) 2.720ms
[2020-09-11T13:58:32.399+0000][1][gc,cpu       ] GC(36) User=0.00s Sys=0.00s Real=0.00s
[2020-09-11T13:58:32.403+0000][1][safepoint    ] Safepoint "GenCollectForAllocation", Time since last: 968297207 ns, Reaching safepoint: 104983 ns, At safepoint: 7575308 ns, Total: 7680291 ns
[2020-09-11T13:58:33.327+0000][1][gc,start     ] GC(37) Pause Young (Allocation Failure)
[2020-09-11T13:58:33.328+0000][1][gc,task      ] GC(37) Using 1 workers of 1 for evacuation
[2020-09-11T13:58:33.330+0000][1][gc,age       ] GC(37) Desired survivor size 4358144 bytes, new threshold 6 (max threshold 6)
[2020-09-11T13:58:33.330+0000][1][gc,age       ] GC(37) Age table with threshold 6 (max threshold 6)
[2020-09-11T13:58:33.330+0000][1][gc,age       ] GC(37) - age   1:     621056 bytes,     621056 total
[2020-09-11T13:58:33.330+0000][1][gc,age       ] GC(37) - age   2:     301752 bytes,     922808 total
[2020-09-11T13:58:33.330+0000][1][gc,age       ] GC(37) - age   3:     339672 bytes,    1262480 total
[2020-09-11T13:58:33.330+0000][1][gc,age       ] GC(37) - age   4:     183352 bytes,    1445832 total
[2020-09-11T13:58:33.330+0000][1][gc,heap      ] GC(37) ParNew: 69339K->1412K(76672K)
[2020-09-11T13:58:33.330+0000][1][gc,heap      ] GC(37) CMS: 46239K->46239K(439104K)
[2020-09-11T13:58:33.330+0000][1][gc,metaspace ] GC(37) Metaspace: 32468K->32468K(1079296K)
[2020-09-11T13:58:33.330+0000][1][gc           ] GC(37) Pause Young (Allocation Failure) 112M->46M(503M) 2.901ms
[2020-09-11T13:58:33.330+0000][1][gc,cpu       ] GC(37) User=0.00s Sys=0.00s Real=0.00s
[2020-09-11T13:58:33.330+0000][1][safepoint    ] Safepoint "GenCollectForAllocation", Time since last: 920568107 ns, Reaching safepoint: 3459651 ns, At safepoint: 2978268 ns, Total: 6437919 ns
[2020-09-11T13:58:34.039+0000][1][gc,start     ] GC(38) Pause Young (Allocation Failure)
[2020-09-11T13:58:34.039+0000][1][gc,task      ] GC(38) Using 1 workers of 1 for evacuation
[2020-09-11T13:58:34.041+0000][1][gc,age       ] GC(38) Desired survivor size 4358144 bytes, new threshold 6 (max threshold 6)
[2020-09-11T13:58:34.041+0000][1][gc,age       ] GC(38) Age table with threshold 6 (max threshold 6)
[2020-09-11T13:58:34.041+0000][1][gc,age       ] GC(38) - age   1:     935472 bytes,     935472 total
[2020-09-11T13:58:34.041+0000][1][gc,age       ] GC(38) - age   2:     264672 bytes,    1200144 total
[2020-09-11T13:58:34.041+0000][1][gc,age       ] GC(38) - age   3:     297728 bytes,    1497872 total
[2020-09-11T13:58:34.041+0000][1][gc,age       ] GC(38) - age   4:     339592 bytes,    1837464 total
[2020-09-11T13:58:34.041+0000][1][gc,age       ] GC(38) - age   5:     183248 bytes,    2020712 total
[2020-09-11T13:58:34.041+0000][1][gc,heap      ] GC(38) ParNew: 69572K->1973K(76672K)
[2020-09-11T13:58:34.041+0000][1][gc,heap      ] GC(38) CMS: 46239K->46239K(439104K)
[2020-09-11T13:58:34.041+0000][1][gc,metaspace ] GC(38) Metaspace: 32468K->32468K(1079296K)
[2020-09-11T13:58:34.041+0000][1][gc           ] GC(38) Pause Young (Allocation Failure) 113M->47M(503M) 2.857ms
[2020-09-11T13:58:34.041+0000][1][gc,cpu       ] GC(38) User=0.01s Sys=0.00s Real=0.00s
[2020-09-11T13:58:34.050+0000][1][safepoint    ] Safepoint "GenCollectForAllocation", Time since last: 708062106 ns, Reaching safepoint: 121172 ns, At safepoint: 11388371 ns, Total: 11509543 ns
[2020-09-11T13:58:34.495+0000][1][gc,start     ] GC(39) Pause Young (Allocation Failure)
[2020-09-11T13:58:34.496+0000][1][gc,task      ] GC(39) Using 1 workers of 1 for evacuation
[2020-09-11T13:58:34.499+0000][1][gc,age       ] GC(39) Desired survivor size 4358144 bytes, new threshold 6 (max threshold 6)
[2020-09-11T13:58:34.499+0000][1][gc,age       ] GC(39) Age table with threshold 6 (max threshold 6)
[2020-09-11T13:58:34.499+0000][1][gc,age       ] GC(39) - age   1:     344616 bytes,     344616 total
[2020-09-11T13:58:34.499+0000][1][gc,age       ] GC(39) - age   2:     923120 bytes,    1267736 total
[2020-09-11T13:58:34.499+0000][1][gc,age       ] GC(39) - age   3:     263464 bytes,    1531200 total
[2020-09-11T13:58:34.499+0000][1][gc,age       ] GC(39) - age   4:     297240 bytes,    1828440 total
[2020-09-11T13:58:34.499+0000][1][gc,age       ] GC(39) - age   5:     339256 bytes,    2167696 total
[2020-09-11T13:58:34.499+0000][1][gc,age       ] GC(39) - age   6:     183208 bytes,    2350904 total
[2020-09-11T13:58:34.499+0000][1][gc,heap      ] GC(39) ParNew: 70133K->2338K(76672K)
[2020-09-11T13:58:34.499+0000][1][gc,heap      ] GC(39) CMS: 46239K->46239K(439104K)
[2020-09-11T13:58:34.499+0000][1][gc,metaspace ] GC(39) Metaspace: 32468K->32468K(1079296K)
[2020-09-11T13:58:34.499+0000][1][gc           ] GC(39) Pause Young (Allocation Failure) 113M->47M(503M) 3.292ms
[2020-09-11T13:58:34.499+0000][1][gc,cpu       ] GC(39) User=0.01s Sys=0.00s Real=0.00s
[2020-09-11T13:58:34.507+0000][1][safepoint    ] Safepoint "GenCollectForAllocation", Time since last: 443302067 ns, Reaching safepoint: 2146303 ns, At safepoint: 11987463 ns, Total: 14133766 ns
[2020-09-11T13:58:34.539+0000][1][safepoint    ] Safepoint "RevokeBias", Time since last: 29936470 ns, Reaching safepoint: 2071402 ns, At safepoint: 30988 ns, Total: 2102390 ns
[2020-09-11T13:58:34.542+0000][1][safepoint    ] Safepoint "RevokeBias", Time since last: 575460 ns, Reaching safepoint: 1485791 ns, At safepoint: 24993 ns, Total: 1510784 ns
[2020-09-11T13:58:35.081+0000][1][gc,start     ] GC(40) Pause Young (Allocation Failure)
[2020-09-11T13:58:35.081+0000][1][gc,task      ] GC(40) Using 1 workers of 1 for evacuation
[2020-09-11T13:58:35.092+0000][1][gc,age       ] GC(40) Desired survivor size 4358144 bytes, new threshold 6 (max threshold 6)
[2020-09-11T13:58:35.092+0000][1][gc,age       ] GC(40) Age table with threshold 6 (max threshold 6)
[2020-09-11T13:58:35.092+0000][1][gc,age       ] GC(40) - age   1:     347712 bytes,     347712 total
[2020-09-11T13:58:35.092+0000][1][gc,age       ] GC(40) - age   2:     333984 bytes,     681696 total
[2020-09-11T13:58:35.092+0000][1][gc,age       ] GC(40) - age   3:     922768 bytes,    1604464 total
[2020-09-11T13:58:35.092+0000][1][gc,age       ] GC(40) - age   4:     263232 bytes,    1867696 total
[2020-09-11T13:58:35.093+0000][1][gc,age       ] GC(40) - age   5:     297120 bytes,    2164816 total
[2020-09-11T13:58:35.093+0000][1][gc,age       ] GC(40) - age   6:     339256 bytes,    2504072 total
[2020-09-11T13:58:35.093+0000][1][gc,heap      ] GC(40) ParNew: 70498K->2446K(76672K)
[2020-09-11T13:58:35.093+0000][1][gc,heap      ] GC(40) CMS: 46239K->46415K(439104K)
[2020-09-11T13:58:35.093+0000][1][gc,metaspace ] GC(40) Metaspace: 32471K->32471K(1079296K)
[2020-09-11T13:58:35.093+0000][1][gc           ] GC(40) Pause Young (Allocation Failure) 114M->47M(503M) 11.473ms
[2020-09-11T13:58:35.093+0000][1][gc,cpu       ] GC(40) User=0.00s Sys=0.00s Real=0.01s
[2020-09-11T13:58:35.099+0000][1][safepoint    ] Safepoint "GenCollectForAllocation", Time since last: 539421288 ns, Reaching safepoint: 113453 ns, At safepoint: 18341747 ns, Total: 18455200 ns
[2020-09-11T13:58:35.467+0000][1][gc,start     ] GC(41) Pause Young (Allocation Failure)
[2020-09-11T13:58:35.468+0000][1][gc,task      ] GC(41) Using 1 workers of 1 for evacuation
[2020-09-11T13:58:35.470+0000][1][gc,age       ] GC(41) Desired survivor size 4358144 bytes, new threshold 6 (max threshold 6)
[2020-09-11T13:58:35.471+0000][1][gc,age       ] GC(41) Age table with threshold 6 (max threshold 6)
[2020-09-11T13:58:35.471+0000][1][gc,age       ] GC(41) - age   1:        184 bytes,        184 total
[2020-09-11T13:58:35.471+0000][1][gc,age       ] GC(41) - age   2:     347448 bytes,     347632 total
[2020-09-11T13:58:35.471+0000][1][gc,age       ] GC(41) - age   3:     333984 bytes,     681616 total
[2020-09-11T13:58:35.471+0000][1][gc,age       ] GC(41) - age   4:     922768 bytes,    1604384 total
[2020-09-11T13:58:35.471+0000][1][gc,age       ] GC(41) - age   5:     263232 bytes,    1867616 total
[2020-09-11T13:58:35.471+0000][1][gc,age       ] GC(41) - age   6:     297120 bytes,    2164736 total
[2020-09-11T13:58:35.471+0000][1][gc,heap      ] GC(41) ParNew: 70606K->2126K(76672K)
[2020-09-11T13:58:35.471+0000][1][gc,heap      ] GC(41) CMS: 46415K->46746K(439104K)
[2020-09-11T13:58:35.471+0000][1][gc,metaspace ] GC(41) Metaspace: 32471K->32471K(1079296K)
[2020-09-11T13:58:35.471+0000][1][gc           ] GC(41) Pause Young (Allocation Failure) 114M->47M(503M) 3.153ms
[2020-09-11T13:58:35.471+0000][1][gc,cpu       ] GC(41) User=0.01s Sys=0.00s Real=0.00s
[2020-09-11T13:58:35.475+0000][1][safepoint    ] Safepoint "GenCollectForAllocation", Time since last: 364452818 ns, Reaching safepoint: 3551195 ns, At safepoint: 7981182 ns, Total: 11532377 ns
[2020-09-11T13:58:35.715+0000][1][gc,start     ] GC(42) Pause Young (Allocation Failure)
[2020-09-11T13:58:35.716+0000][1][gc,task      ] GC(42) Using 1 workers of 1 for evacuation
[2020-09-11T13:58:35.718+0000][1][gc,age       ] GC(42) Desired survivor size 4358144 bytes, new threshold 6 (max threshold 6)
[2020-09-11T13:58:35.718+0000][1][gc,age       ] GC(42) Age table with threshold 6 (max threshold 6)
[2020-09-11T13:58:35.718+0000][1][gc,age       ] GC(42) - age   1:        152 bytes,        152 total
[2020-09-11T13:58:35.718+0000][1][gc,age       ] GC(42) - age   2:        160 bytes,        312 total
[2020-09-11T13:58:35.718+0000][1][gc,age       ] GC(42) - age   3:     347448 bytes,     347760 total
[2020-09-11T13:58:35.718+0000][1][gc,age       ] GC(42) - age   4:     333984 bytes,     681744 total
[2020-09-11T13:58:35.718+0000][1][gc,age       ] GC(42) - age   5:     922768 bytes,    1604512 total
[2020-09-11T13:58:35.718+0000][1][gc,age       ] GC(42) - age   6:     263232 bytes,    1867744 total
[2020-09-11T13:58:35.718+0000][1][gc,heap      ] GC(42) ParNew: 70286K->1846K(76672K)
[2020-09-11T13:58:35.718+0000][1][gc,heap      ] GC(42) CMS: 46746K->47036K(439104K)
[2020-09-11T13:58:35.718+0000][1][gc,metaspace ] GC(42) Metaspace: 32471K->32471K(1079296K)
[2020-09-11T13:58:35.718+0000][1][gc           ] GC(42) Pause Young (Allocation Failure) 114M->47M(503M) 2.866ms
[2020-09-11T13:58:35.718+0000][1][gc,cpu       ] GC(42) User=0.00s Sys=0.00s Real=0.00s
[2020-09-11T13:58:35.718+0000][1][safepoint    ] Safepoint "GenCollectForAllocation", Time since last: 237209698 ns, Reaching safepoint: 2814180 ns, At safepoint: 2928750 ns, Total: 5742930 ns
[2020-09-11T13:58:35.900+0000][1][gc,start     ] GC(43) Pause Young (Allocation Failure)
[2020-09-11T13:58:35.900+0000][1][gc,task      ] GC(43) Using 1 workers of 1 for evacuation
[2020-09-11T13:58:35.902+0000][1][gc,age       ] GC(43) Desired survivor size 4358144 bytes, new threshold 6 (max threshold 6)
[2020-09-11T13:58:35.903+0000][1][gc,age       ] GC(43) Age table with threshold 6 (max threshold 6)
[2020-09-11T13:58:35.903+0000][1][gc,age       ] GC(43) - age   1:        176 bytes,        176 total
[2020-09-11T13:58:35.903+0000][1][gc,age       ] GC(43) - age   3:        160 bytes,        336 total
[2020-09-11T13:58:35.903+0000][1][gc,age       ] GC(43) - age   4:     347448 bytes,     347784 total
[2020-09-11T13:58:35.903+0000][1][gc,age       ] GC(43) - age   5:     333984 bytes,     681768 total
[2020-09-11T13:58:35.903+0000][1][gc,age       ] GC(43) - age   6:     922768 bytes,    1604536 total
[2020-09-11T13:58:35.903+0000][1][gc,heap      ] GC(43) ParNew: 70006K->1580K(76672K)
[2020-09-11T13:58:35.903+0000][1][gc,heap      ] GC(43) CMS: 47036K->47293K(439104K)
[2020-09-11T13:58:35.903+0000][1][gc,metaspace ] GC(43) Metaspace: 32471K->32471K(1079296K)
[2020-09-11T13:58:35.903+0000][1][gc           ] GC(43) Pause Young (Allocation Failure) 114M->47M(503M) 3.086ms
[2020-09-11T13:58:35.903+0000][1][gc,cpu       ] GC(43) User=0.01s Sys=0.00s Real=0.00s
[2020-09-11T13:58:35.911+0000][1][safepoint    ] Safepoint "GenCollectForAllocation", Time since last: 181064176 ns, Reaching safepoint: 105163 ns, At safepoint: 11123440 ns, Total: 11228603 ns
[2020-09-11T13:58:36.094+0000][1][gc,start     ] GC(44) Pause Young (Allocation Failure)
[2020-09-11T13:58:36.094+0000][1][gc,task      ] GC(44) Using 1 workers of 1 for evacuation
[2020-09-11T13:58:36.100+0000][1][gc,age       ] GC(44) Desired survivor size 4358144 bytes, new threshold 6 (max threshold 6)
[2020-09-11T13:58:36.100+0000][1][gc,age       ] GC(44) Age table with threshold 6 (max threshold 6)
[2020-09-11T13:58:36.100+0000][1][gc,age       ] GC(44) - age   1:        232 bytes,        232 total
[2020-09-11T13:58:36.100+0000][1][gc,age       ] GC(44) - age   4:        160 bytes,        392 total
[2020-09-11T13:58:36.100+0000][1][gc,age       ] GC(44) - age   5:     347448 bytes,     347840 total
[2020-09-11T13:58:36.100+0000][1][gc,age       ] GC(44) - age   6:     333984 bytes,     681824 total
[2020-09-11T13:58:36.100+0000][1][gc,heap      ] GC(44) ParNew: 69740K->723K(76672K)
[2020-09-11T13:58:36.100+0000][1][gc,heap      ] GC(44) CMS: 47293K->48195K(439104K)
[2020-09-11T13:58:36.100+0000][1][gc,metaspace ] GC(44) Metaspace: 32471K->32471K(1079296K)
[2020-09-11T13:58:36.100+0000][1][gc           ] GC(44) Pause Young (Allocation Failure) 114M->47M(503M) 6.940ms
[2020-09-11T13:58:36.100+0000][1][gc,cpu       ] GC(44) User=0.00s Sys=0.00s Real=0.01s
[2020-09-11T13:58:36.101+0000][1][safepoint    ] Safepoint "GenCollectForAllocation", Time since last: 180766502 ns, Reaching safepoint: 2082766 ns, At safepoint: 7012735 ns, Total: 9095501 ns
[2020-09-11T13:58:36.283+0000][1][gc,start     ] GC(45) Pause Young (Allocation Failure)
[2020-09-11T13:58:36.284+0000][1][gc,task      ] GC(45) Using 1 workers of 1 for evacuation
[2020-09-11T13:58:36.286+0000][1][gc,age       ] GC(45) Desired survivor size 4358144 bytes, new threshold 6 (max threshold 6)
[2020-09-11T13:58:36.286+0000][1][gc,age       ] GC(45) Age table with threshold 6 (max threshold 6)
[2020-09-11T13:58:36.286+0000][1][gc,age       ] GC(45) - age   5:        160 bytes,        160 total
[2020-09-11T13:58:36.286+0000][1][gc,age       ] GC(45) - age   6:     347448 bytes,     347608 total
[2020-09-11T13:58:36.286+0000][1][gc,heap      ] GC(45) ParNew: 68883K->505K(76672K)
[2020-09-11T13:58:36.286+0000][1][gc,heap      ] GC(45) CMS: 48195K->48521K(439104K)
[2020-09-11T13:58:36.286+0000][1][gc,metaspace ] GC(45) Metaspace: 32471K->32471K(1079296K)
[2020-09-11T13:58:36.286+0000][1][gc           ] GC(45) Pause Young (Allocation Failure) 114M->47M(503M) 2.849ms
[2020-09-11T13:58:36.286+0000][1][gc,cpu       ] GC(45) User=0.00s Sys=0.00s Real=0.00s
[2020-09-11T13:58:36.294+0000][1][safepoint    ] Safepoint "GenCollectForAllocation", Time since last: 181410796 ns, Reaching safepoint: 1509490 ns, At safepoint: 10079583 ns, Total: 11589073 ns
[2020-09-11T13:58:36.481+0000][1][gc,start     ] GC(46) Pause Young (Allocation Failure)
[2020-09-11T13:58:36.481+0000][1][gc,task      ] GC(46) Using 1 workers of 1 for evacuation
[2020-09-11T13:58:36.491+0000][1][gc,age       ] GC(46) Desired survivor size 4358144 bytes, new threshold 6 (max threshold 6)
[2020-09-11T13:58:36.491+0000][1][gc,age       ] GC(46) Age table with threshold 6 (max threshold 6)
[2020-09-11T13:58:36.491+0000][1][gc,age       ] GC(46) - age   1:        224 bytes,        224 total
[2020-09-11T13:58:36.491+0000][1][gc,age       ] GC(46) - age   6:        160 bytes,        384 total
[2020-09-11T13:58:36.492+0000][1][gc,heap      ] GC(46) ParNew: 68665K->381K(76672K)
[2020-09-11T13:58:36.492+0000][1][gc,heap      ] GC(46) CMS: 48521K->48861K(439104K)
[2020-09-11T13:58:36.492+0000][1][gc,metaspace ] GC(46) Metaspace: 32471K->32471K(1079296K)
[2020-09-11T13:58:36.492+0000][1][gc           ] GC(46) Pause Young (Allocation Failure) 114M->48M(503M) 10.681ms
[2020-09-11T13:58:36.492+0000][1][gc,cpu       ] GC(46) User=0.01s Sys=0.00s Real=0.01s
[2020-09-11T13:58:36.492+0000][1][safepoint    ] Safepoint "GenCollectForAllocation", Time since last: 187251125 ns, Reaching safepoint: 105454 ns, At safepoint: 10741251 ns, Total: 10846705 ns
[2020-09-11T13:58:36.673+0000][1][gc,start     ] GC(47) Pause Young (Allocation Failure)
[2020-09-11T13:58:36.673+0000][1][gc,task      ] GC(47) Using 1 workers of 1 for evacuation
[2020-09-11T13:58:36.675+0000][1][gc,age       ] GC(47) Desired survivor size 4358144 bytes, new threshold 6 (max threshold 6)
[2020-09-11T13:58:36.679+0000][1][gc,age       ] GC(47) Age table with threshold 6 (max threshold 6)
[2020-09-11T13:58:36.679+0000][1][gc,age       ] GC(47) - age   1:        232 bytes,        232 total
[2020-09-11T13:58:36.679+0000][1][gc,heap      ] GC(47) ParNew: 68541K->95K(76672K)
[2020-09-11T13:58:36.679+0000][1][gc,heap      ] GC(47) CMS: 48861K->48861K(439104K)
[2020-09-11T13:58:36.679+0000][1][gc,metaspace ] GC(47) Metaspace: 32471K->32471K(1079296K)
[2020-09-11T13:58:36.680+0000][1][gc           ] GC(47) Pause Young (Allocation Failure) 114M->47M(503M) 6.672ms
[2020-09-11T13:58:36.680+0000][1][gc,cpu       ] GC(47) User=0.00s Sys=0.00s Real=0.01s
[2020-09-11T13:58:36.680+0000][1][safepoint    ] Safepoint "GenCollectForAllocation", Time since last: 179976577 ns, Reaching safepoint: 1227210 ns, At safepoint: 6738062 ns, Total: 7965272 ns
[2020-09-11T13:58:36.864+0000][1][gc,start     ] GC(48) Pause Young (Allocation Failure)
[2020-09-11T13:58:36.864+0000][1][gc,task      ] GC(48) Using 1 workers of 1 for evacuation
[2020-09-11T13:58:36.867+0000][1][gc,age       ] GC(48) Desired survivor size 4358144 bytes, new threshold 6 (max threshold 6)
[2020-09-11T13:58:36.867+0000][1][gc,age       ] GC(48) Age table with threshold 6 (max threshold 6)
[2020-09-11T13:58:36.867+0000][1][gc,age       ] GC(48) - age   1:        176 bytes,        176 total
[2020-09-11T13:58:36.867+0000][1][gc,heap      ] GC(48) ParNew: 68255K->23K(76672K)
[2020-09-11T13:58:36.867+0000][1][gc,heap      ] GC(48) CMS: 48861K->48861K(439104K)
[2020-09-11T13:58:36.867+0000][1][gc,metaspace ] GC(48) Metaspace: 32471K->32471K(1079296K)
[2020-09-11T13:58:36.867+0000][1][gc           ] GC(48) Pause Young (Allocation Failure) 114M->47M(503M) 2.615ms
[2020-09-11T13:58:36.867+0000][1][gc,cpu       ] GC(48) User=0.00s Sys=0.00s Real=0.00s
[2020-09-11T13:58:36.867+0000][1][safepoint    ] Safepoint "GenCollectForAllocation", Time since last: 184440467 ns, Reaching safepoint: 99062 ns, At safepoint: 2667198 ns, Total: 2766260 ns
[2020-09-11T13:58:37.052+0000][1][gc,start     ] GC(49) Pause Young (Allocation Failure)
[2020-09-11T13:58:37.052+0000][1][gc,task      ] GC(49) Using 1 workers of 1 for evacuation
[2020-09-11T13:58:37.057+0000][1][gc,age       ] GC(49) Desired survivor size 4358144 bytes, new threshold 6 (max threshold 6)
[2020-09-11T13:58:37.057+0000][1][gc,age       ] GC(49) Age table with threshold 6 (max threshold 6)
[2020-09-11T13:58:37.057+0000][1][gc,age       ] GC(49) - age   1:         64 bytes,         64 total
[2020-09-11T13:58:37.057+0000][1][gc,heap      ] GC(49) ParNew: 68183K->5K(76672K)
[2020-09-11T13:58:37.057+0000][1][gc,heap      ] GC(49) CMS: 48861K->48861K(439104K)
[2020-09-11T13:58:37.057+0000][1][gc,metaspace ] GC(49) Metaspace: 32471K->32471K(1079296K)
[2020-09-11T13:58:37.057+0000][1][gc           ] GC(49) Pause Young (Allocation Failure) 114M->47M(503M) 5.449ms
[2020-09-11T13:58:37.057+0000][1][gc,cpu       ] GC(49) User=0.01s Sys=0.00s Real=0.01s
[2020-09-11T13:58:37.057+0000][1][safepoint    ] Safepoint "GenCollectForAllocation", Time since last: 184981027 ns, Reaching safepoint: 101229 ns, At safepoint: 5502999 ns, Total: 5604228 ns
[2020-09-11T13:58:38.068+0000][1][safepoint    ] Safepoint "Cleanup", Time since last: 1010059144 ns, Reaching safepoint: 113856 ns, At safepoint: 6350 ns, Total: 120206 ns
[2020-09-11T13:58:38.892+0000][1][gc,start     ] GC(50) Pause Young (Allocation Failure)
[2020-09-11T13:58:38.892+0000][1][gc,task      ] GC(50) Using 1 workers of 1 for evacuation
[2020-09-11T13:58:38.895+0000][1][gc,age       ] GC(50) Desired survivor size 4358144 bytes, new threshold 6 (max threshold 6)
[2020-09-11T13:58:38.895+0000][1][gc,age       ] GC(50) Age table with threshold 6 (max threshold 6)
[2020-09-11T13:58:38.895+0000][1][gc,age       ] GC(50) - age   1:     134296 bytes,     134296 total
[2020-09-11T13:58:38.895+0000][1][gc,heap      ] GC(50) ParNew: 68165K->133K(76672K)
[2020-09-11T13:58:38.895+0000][1][gc,heap      ] GC(50) CMS: 48861K->48861K(439104K)
[2020-09-11T13:58:38.895+0000][1][gc,metaspace ] GC(50) Metaspace: 32473K->32473K(1079296K)
[2020-09-11T13:58:38.895+0000][1][gc           ] GC(50) Pause Young (Allocation Failure) 114M->47M(503M) 2.771ms
[2020-09-11T13:58:38.895+0000][1][gc,cpu       ] GC(50) User=0.01s Sys=0.00s Real=0.00s
[2020-09-11T13:58:38.903+0000][1][safepoint    ] Safepoint "GenCollectForAllocation", Time since last: 824719666 ns, Reaching safepoint: 110748 ns, At safepoint: 11071537 ns, Total: 11182285 ns
[2020-09-11T13:58:39.333+0000][1][gc,start     ] GC(51) Pause Young (Allocation Failure)
[2020-09-11T13:58:39.333+0000][1][gc,task      ] GC(51) Using 1 workers of 1 for evacuation
[2020-09-11T13:58:39.340+0000][1][gc,age       ] GC(51) Desired survivor size 4358144 bytes, new threshold 6 (max threshold 6)
[2020-09-11T13:58:39.340+0000][1][gc,age       ] GC(51) Age table with threshold 6 (max threshold 6)
[2020-09-11T13:58:39.340+0000][1][gc,age       ] GC(51) - age   1:     546520 bytes,     546520 total
[2020-09-11T13:58:39.340+0000][1][gc,age       ] GC(51) - age   2:      83480 bytes,     630000 total
[2020-09-11T13:58:39.340+0000][1][gc,heap      ] GC(51) ParNew: 68293K->637K(76672K)
[2020-09-11T13:58:39.340+0000][1][gc,heap      ] GC(51) CMS: 48861K->48861K(439104K)
[2020-09-11T13:58:39.340+0000][1][gc,metaspace ] GC(51) Metaspace: 32473K->32473K(1079296K)
[2020-09-11T13:58:39.340+0000][1][gc           ] GC(51) Pause Young (Allocation Failure) 114M->48M(503M) 7.054ms
[2020-09-11T13:58:39.340+0000][1][gc,cpu       ] GC(51) User=0.00s Sys=0.00s Real=0.01s
[2020-09-11T13:58:39.340+0000][1][safepoint    ] Safepoint "GenCollectForAllocation", Time since last: 429802522 ns, Reaching safepoint: 131130 ns, At safepoint: 7115250 ns, Total: 7246380 ns
[2020-09-11T13:58:39.674+0000][1][gc,start     ] GC(52) Pause Young (Allocation Failure)
[2020-09-11T13:58:39.674+0000][1][gc,task      ] GC(52) Using 1 workers of 1 for evacuation
[2020-09-11T13:58:39.677+0000][1][gc,age       ] GC(52) Desired survivor size 4358144 bytes, new threshold 6 (max threshold 6)
[2020-09-11T13:58:39.677+0000][1][gc,age       ] GC(52) Age table with threshold 6 (max threshold 6)
[2020-09-11T13:58:39.677+0000][1][gc,age       ] GC(52) - age   1:     643064 bytes,     643064 total
[2020-09-11T13:58:39.677+0000][1][gc,age       ] GC(52) - age   2:     375024 bytes,    1018088 total
[2020-09-11T13:58:39.677+0000][1][gc,age       ] GC(52) - age   3:      82880 bytes,    1100968 total
[2020-09-11T13:58:39.677+0000][1][gc,heap      ] GC(52) ParNew: 68797K->1114K(76672K)
[2020-09-11T13:58:39.677+0000][1][gc,heap      ] GC(52) CMS: 48861K->48861K(439104K)
[2020-09-11T13:58:39.677+0000][1][gc,metaspace ] GC(52) Metaspace: 32473K->32473K(1079296K)
[2020-09-11T13:58:39.677+0000][1][gc           ] GC(52) Pause Young (Allocation Failure) 114M->48M(503M) 3.278ms
[2020-09-11T13:58:39.677+0000][1][gc,cpu       ] GC(52) User=0.01s Sys=0.00s Real=0.01s
[2020-09-11T13:58:39.682+0000][1][safepoint    ] Safepoint "GenCollectForAllocation", Time since last: 330947578 ns, Reaching safepoint: 2112716 ns, At safepoint: 8522268 ns, Total: 10634984 ns
[2020-09-11T13:58:40.008+0000][1][gc,start     ] GC(53) Pause Young (Allocation Failure)
[2020-09-11T13:58:40.008+0000][1][gc,task      ] GC(53) Using 1 workers of 1 for evacuation
[2020-09-11T13:58:40.011+0000][1][gc,age       ] GC(53) Desired survivor size 4358144 bytes, new threshold 6 (max threshold 6)
[2020-09-11T13:58:40.011+0000][1][gc,age       ] GC(53) Age table with threshold 6 (max threshold 6)
[2020-09-11T13:58:40.011+0000][1][gc,age       ] GC(53) - age   1:     314520 bytes,     314520 total
[2020-09-11T13:58:40.011+0000][1][gc,age       ] GC(53) - age   2:     626728 bytes,     941248 total
[2020-09-11T13:58:40.011+0000][1][gc,age       ] GC(53) - age   3:     374288 bytes,    1315536 total
[2020-09-11T13:58:40.011+0000][1][gc,age       ] GC(53) - age   4:      82216 bytes,    1397752 total
[2020-09-11T13:58:40.011+0000][1][gc,heap      ] GC(53) ParNew: 69274K->1365K(76672K)
[2020-09-11T13:58:40.011+0000][1][gc,heap      ] GC(53) CMS: 48861K->48861K(439104K)
[2020-09-11T13:58:40.011+0000][1][gc,metaspace ] GC(53) Metaspace: 32473K->32473K(1079296K)
[2020-09-11T13:58:40.011+0000][1][gc           ] GC(53) Pause Young (Allocation Failure) 115M->49M(503M) 3.047ms
[2020-09-11T13:58:40.011+0000][1][gc,cpu       ] GC(53) User=0.00s Sys=0.00s Real=0.00s
[2020-09-11T13:58:40.019+0000][1][safepoint    ] Safepoint "GenCollectForAllocation", Time since last: 325901745 ns, Reaching safepoint: 101227 ns, At safepoint: 11364834 ns, Total: 11466061 ns
[2020-09-11T13:58:40.402+0000][1][gc,start     ] GC(54) Pause Young (Allocation Failure)
[2020-09-11T13:58:40.402+0000][1][gc,task      ] GC(54) Using 1 workers of 1 for evacuation
[2020-09-11T13:58:40.409+0000][1][gc,age       ] GC(54) Desired survivor size 4358144 bytes, new threshold 6 (max threshold 6)
[2020-09-11T13:58:40.409+0000][1][gc,age       ] GC(54) Age table with threshold 6 (max threshold 6)
[2020-09-11T13:58:40.409+0000][1][gc,age       ] GC(54) - age   1:     963712 bytes,     963712 total
[2020-09-11T13:58:40.409+0000][1][gc,age       ] GC(54) - age   2:     302336 bytes,    1266048 total
[2020-09-11T13:58:40.409+0000][1][gc,age       ] GC(54) - age   3:     298064 bytes,    1564112 total
[2020-09-11T13:58:40.409+0000][1][gc,age       ] GC(54) - age   4:     374288 bytes,    1938400 total
[2020-09-11T13:58:40.409+0000][1][gc,age       ] GC(54) - age   5:      82056 bytes,    2020456 total
[2020-09-11T13:58:40.409+0000][1][gc,heap      ] GC(54) ParNew: 69525K->1994K(76672K)
[2020-09-11T13:58:40.409+0000][1][gc,heap      ] GC(54) CMS: 48861K->48861K(439104K)
[2020-09-11T13:58:40.409+0000][1][gc,metaspace ] GC(54) Metaspace: 32473K->32473K(1079296K)
[2020-09-11T13:58:40.409+0000][1][gc           ] GC(54) Pause Young (Allocation Failure) 115M->49M(503M) 7.408ms
[2020-09-11T13:58:40.409+0000][1][gc,cpu       ] GC(54) User=0.00s Sys=0.00s Real=0.01s
[2020-09-11T13:58:40.409+0000][1][safepoint    ] Safepoint "GenCollectForAllocation", Time since last: 380417455 ns, Reaching safepoint: 1759027 ns, At safepoint: 7466889 ns, Total: 9225916 ns
[2020-09-11T13:58:41.040+0000][1][gc,start     ] GC(55) Pause Young (Allocation Failure)
[2020-09-11T13:58:41.040+0000][1][gc,task      ] GC(55) Using 1 workers of 1 for evacuation
[2020-09-11T13:58:41.043+0000][1][gc,age       ] GC(55) Desired survivor size 4358144 bytes, new threshold 6 (max threshold 6)
[2020-09-11T13:58:41.043+0000][1][gc,age       ] GC(55) Age table with threshold 6 (max threshold 6)
[2020-09-11T13:58:41.043+0000][1][gc,age       ] GC(55) - age   1:     312584 bytes,     312584 total
[2020-09-11T13:58:41.043+0000][1][gc,age       ] GC(55) - age   2:     952336 bytes,    1264920 total
[2020-09-11T13:58:41.043+0000][1][gc,age       ] GC(55) - age   3:     298208 bytes,    1563128 total
[2020-09-11T13:58:41.043+0000][1][gc,age       ] GC(55) - age   4:     297424 bytes,    1860552 total
[2020-09-11T13:58:41.043+0000][1][gc,age       ] GC(55) - age   5:     374032 bytes,    2234584 total
[2020-09-11T13:58:41.043+0000][1][gc,age       ] GC(55) - age   6:      82032 bytes,    2316616 total
[2020-09-11T13:58:41.043+0000][1][gc,heap      ] GC(55) ParNew: 70154K->2342K(76672K)
[2020-09-11T13:58:41.043+0000][1][gc,heap      ] GC(55) CMS: 48861K->48861K(439104K)
[2020-09-11T13:58:41.043+0000][1][gc,metaspace ] GC(55) Metaspace: 32473K->32473K(1079296K)
[2020-09-11T13:58:41.043+0000][1][gc           ] GC(55) Pause Young (Allocation Failure) 116M->50M(503M) 3.242ms
[2020-09-11T13:58:41.043+0000][1][gc,cpu       ] GC(55) User=0.00s Sys=0.00s Real=0.00s
[2020-09-11T13:58:41.062+0000][1][safepoint    ] Safepoint "GenCollectForAllocation", Time since last: 630756001 ns, Reaching safepoint: 106508 ns, At safepoint: 22163707 ns, Total: 22270215 ns
[2020-09-11T13:58:41.731+0000][1][safepoint    ] Safepoint "RevokeBias", Time since last: 665568747 ns, Reaching safepoint: 3769183 ns, At safepoint: 40159 ns, Total: 3809342 ns
[2020-09-11T13:58:42.200+0000][1][safepoint    ] Safepoint "Deoptimize", Time since last: 465351081 ns, Reaching safepoint: 2617125 ns, At safepoint: 308147 ns, Total: 2925272 ns
[2020-09-11T13:58:42.276+0000][1][safepoint    ] Safepoint "ICBufferFull", Time since last: 71713861 ns, Reaching safepoint: 4053615 ns, At safepoint: 12360 ns, Total: 4065975 ns
[2020-09-11T13:58:42.604+0000][1][safepoint    ] Safepoint "CollectForMetadataAllocation", Time since last: 313016827 ns, Reaching safepoint: 41284 ns, At safepoint: 15167373 ns, Total: 15208657 ns
[2020-09-11T13:58:42.706+0000][1][safepoint    ] Safepoint "CollectForMetadataAllocation", Time since last: 101373509 ns, Reaching safepoint: 799600 ns, At safepoint: 113272 ns, Total: 912872 ns
[2020-09-11T13:58:42.812+0000][1][safepoint    ] Safepoint "CollectForMetadataAllocation", Time since last: 102599820 ns, Reaching safepoint: 2797792 ns, At safepoint: 134747 ns, Total: 2932539 ns
[2020-09-11T13:58:42.852+0000][1][safepoint    ] Safepoint "CollectForMetadataAllocation", Time since last: 36041433 ns, Reaching safepoint: 3807047 ns, At safepoint: 140816 ns, Total: 3947863 ns
[2020-09-11T13:58:42.960+0000][1][safepoint    ] Safepoint "CollectForMetadataAllocation", Time since last: 107845359 ns, Reaching safepoint: 104228 ns, At safepoint: 128967 ns, Total: 233195 ns
[2020-09-11T13:58:43.041+0000][1][safepoint    ] Safepoint "CollectForMetadataAllocation", Time since last: 81044216 ns, Reaching safepoint: 96449 ns, At safepoint: 111137 ns, Total: 207586 ns
[2020-09-11T13:58:43.067+0000][1][gc,start     ] GC(56) Pause Initial Mark
[2020-09-11T13:58:43.197+0000][1][gc           ] GC(56) Pause Initial Mark 114M->114M(503M) 129.978ms
[2020-09-11T13:58:43.197+0000][1][gc,cpu       ] GC(56) User=0.04s Sys=0.00s Real=0.13s
[2020-09-11T13:58:43.211+0000][1][safepoint    ] Safepoint "CMS_Initial_Mark", Time since last: 26092778 ns, Reaching safepoint: 99182 ns, At safepoint: 144321466 ns, Total: 144420648 ns
[2020-09-11T13:58:43.211+0000][1][gc           ] GC(56) Concurrent Mark
[2020-09-11T13:58:43.331+0000][1][gc,start     ] GC(57) Pause Young (Allocation Failure)
[2020-09-11T13:58:43.332+0000][1][gc,task      ] GC(57) Using 1 workers of 1 for evacuation
[2020-09-11T13:58:43.350+0000][1][gc,age       ] GC(57) Desired survivor size 4358144 bytes, new threshold 6 (max threshold 6)
[2020-09-11T13:58:43.350+0000][1][gc,age       ] GC(57) Age table with threshold 6 (max threshold 6)
[2020-09-11T13:58:43.350+0000][1][gc,age       ] GC(57) - age   1:    1485304 bytes,    1485304 total
[2020-09-11T13:58:43.350+0000][1][gc,age       ] GC(57) - age   2:     301760 bytes,    1787064 total
[2020-09-11T13:58:43.350+0000][1][gc,age       ] GC(57) - age   3:     951640 bytes,    2738704 total
[2020-09-11T13:58:43.350+0000][1][gc,age       ] GC(57) - age   4:     297792 bytes,    3036496 total
[2020-09-11T13:58:43.350+0000][1][gc,age       ] GC(57) - age   5:     297304 bytes,    3333800 total
[2020-09-11T13:58:43.350+0000][1][gc,age       ] GC(57) - age   6:     374032 bytes,    3707832 total
[2020-09-11T13:58:43.350+0000][1][gc,heap      ] GC(57) ParNew: 70502K->3676K(76672K)
[2020-09-11T13:58:43.350+0000][1][gc,heap      ] GC(57) CMS: 48861K->48938K(439104K)
[2020-09-11T13:58:43.350+0000][1][gc,metaspace ] GC(57) Metaspace: 36242K->36242K(1083392K)
[2020-09-11T13:58:43.350+0000][1][gc           ] GC(57) Pause Young (Allocation Failure) 116M->51M(503M) 18.799ms
[2020-09-11T13:58:43.350+0000][1][gc,cpu       ] GC(57) User=0.01s Sys=0.00s Real=0.02s
[2020-09-11T13:58:43.383+0000][1][safepoint    ] Safepoint "GenCollectForAllocation", Time since last: 116012512 ns, Reaching safepoint: 4024991 ns, At safepoint: 51954790 ns, Total: 55979781 ns
[2020-09-11T13:58:43.622+0000][1][gc           ] GC(56) Concurrent Mark 410.614ms
[2020-09-11T13:58:43.622+0000][1][gc,cpu       ] GC(56) User=0.13s Sys=0.01s Real=0.41s
[2020-09-11T13:58:43.622+0000][1][gc           ] GC(56) Concurrent Preclean
[2020-09-11T13:58:43.623+0000][1][gc           ] GC(56) Concurrent Preclean 1.039ms
[2020-09-11T13:58:43.623+0000][1][gc,cpu       ] GC(56) User=0.00s Sys=0.00s Real=0.00s
[2020-09-11T13:58:43.623+0000][1][gc           ] GC(56) Concurrent Abortable Preclean
[2020-09-11T13:58:44.218+0000][1][gc,start     ] GC(58) Pause Young (Allocation Failure)
[2020-09-11T13:58:44.218+0000][1][gc,task      ] GC(58) Using 1 workers of 1 for evacuation
[2020-09-11T13:58:44.227+0000][1][gc           ] GC(56) Concurrent Abortable Preclean 604.196ms
[2020-09-11T13:58:44.227+0000][1][gc,cpu       ] GC(56) User=0.20s Sys=0.00s Real=0.61s
[2020-09-11T13:58:44.240+0000][1][gc,age       ] GC(58) Desired survivor size 4358144 bytes, new threshold 6 (max threshold 6)
[2020-09-11T13:58:44.240+0000][1][gc,age       ] GC(58) Age table with threshold 6 (max threshold 6)
[2020-09-11T13:58:44.240+0000][1][gc,age       ] GC(58) - age   1:      63384 bytes,      63384 total
[2020-09-11T13:58:44.240+0000][1][gc,age       ] GC(58) - age   2:    1458768 bytes,    1522152 total
[2020-09-11T13:58:44.240+0000][1][gc,age       ] GC(58) - age   3:     301760 bytes,    1823912 total
[2020-09-11T13:58:44.240+0000][1][gc,age       ] GC(58) - age   4:     951640 bytes,    2775552 total
[2020-09-11T13:58:44.240+0000][1][gc,age       ] GC(58) - age   5:     297792 bytes,    3073344 total
[2020-09-11T13:58:44.240+0000][1][gc,age       ] GC(58) - age   6:     297304 bytes,    3370648 total
[2020-09-11T13:58:44.240+0000][1][gc,heap      ] GC(58) ParNew: 71836K->3693K(76672K)
[2020-09-11T13:58:44.240+0000][1][gc,heap      ] GC(58) CMS: 48938K->49303K(439104K)
[2020-09-11T13:58:44.240+0000][1][gc,metaspace ] GC(58) Metaspace: 36249K->36249K(1083392K)
[2020-09-11T13:58:44.240+0000][1][gc           ] GC(58) Pause Young (Allocation Failure) 117M->51M(503M) 22.740ms
[2020-09-11T13:58:44.240+0000][1][gc,cpu       ] GC(58) User=0.01s Sys=0.00s Real=0.02s
[2020-09-11T13:58:44.251+0000][1][safepoint    ] Safepoint "GenCollectForAllocation", Time since last: 831136137 ns, Reaching safepoint: 3082046 ns, At safepoint: 33797382 ns, Total: 36879428 ns
[2020-09-11T13:58:44.268+0000][1][gc,start     ] GC(56) Pause Remark
[2020-09-11T13:58:44.310+0000][1][gc           ] GC(56) Pause Remark 61M->61M(503M) 41.995ms
[2020-09-11T13:58:44.310+0000][1][gc,cpu       ] GC(56) User=0.01s Sys=0.00s Real=0.04s
[2020-09-11T13:58:44.343+0000][1][safepoint    ] Safepoint "CMS_Final_Remark", Time since last: 15985746 ns, Reaching safepoint: 436201 ns, At safepoint: 75558221 ns, Total: 75994422 ns
[2020-09-11T13:58:44.343+0000][1][gc           ] GC(56) Concurrent Sweep
[2020-09-11T13:58:44.395+0000][1][gc           ] GC(56) Concurrent Sweep 51.228ms
[2020-09-11T13:58:44.395+0000][1][gc,cpu       ] GC(56) User=0.02s Sys=0.00s Real=0.04s
[2020-09-11T13:58:44.395+0000][1][gc           ] GC(56) Concurrent Reset
[2020-09-11T13:58:44.442+0000][1][gc           ] GC(56) Concurrent Reset 46.860ms
[2020-09-11T13:58:44.442+0000][1][gc,cpu       ] GC(56) User=0.01s Sys=0.00s Real=0.05s
[2020-09-11T13:58:44.442+0000][1][gc,heap      ] GC(56) Old: 48861K->48247K(439104K)
[2020-09-11T13:58:45.353+0000][1][safepoint    ] Safepoint "Cleanup", Time since last: 1009277362 ns, Reaching safepoint: 390667 ns, At safepoint: 8963 ns, Total: 399630 ns
[2020-09-11T13:58:45.450+0000][1][safepoint    ] Safepoint "RevokeBias", Time since last: 93437588 ns, Reaching safepoint: 3451510 ns, At safepoint: 46036 ns, Total: 3497546 ns
[2020-09-11T13:58:46.456+0000][1][safepoint    ] Safepoint "Cleanup", Time since last: 1005398351 ns, Reaching safepoint: 120577 ns, At safepoint: 4969 ns, Total: 125546 ns
[2020-09-11T13:58:47.477+0000][1][safepoint    ] Safepoint "Cleanup", Time since last: 1007875518 ns, Reaching safepoint: 13091870 ns, At safepoint: 9413 ns, Total: 13101283 ns
[2020-09-11T13:58:47.568+0000][1][gc,start     ] GC(59) Pause Young (Allocation Failure)
[2020-09-11T13:58:47.568+0000][1][gc,task      ] GC(59) Using 1 workers of 1 for evacuation
[2020-09-11T13:58:47.644+0000][1][gc,age       ] GC(59) Desired survivor size 4358144 bytes, new threshold 4 (max threshold 6)
[2020-09-11T13:58:47.644+0000][1][gc,age       ] GC(59) Age table with threshold 4 (max threshold 6)
[2020-09-11T13:58:47.644+0000][1][gc,age       ] GC(59) - age   1:    2677072 bytes,    2677072 total
[2020-09-11T13:58:47.644+0000][1][gc,age       ] GC(59) - age   2:      61120 bytes,    2738192 total
[2020-09-11T13:58:47.644+0000][1][gc,age       ] GC(59) - age   3:    1412472 bytes,    4150664 total
[2020-09-11T13:58:47.644+0000][1][gc,age       ] GC(59) - age   4:     301760 bytes,    4452424 total
[2020-09-11T13:58:47.644+0000][1][gc,age       ] GC(59) - age   5:     951640 bytes,    5404064 total
[2020-09-11T13:58:47.644+0000][1][gc,age       ] GC(59) - age   6:     297792 bytes,    5701856 total
[2020-09-11T13:58:47.644+0000][1][gc,heap      ] GC(59) ParNew: 71853K->6649K(76672K)
[2020-09-11T13:58:47.644+0000][1][gc,heap      ] GC(59) CMS: 48247K->48537K(439104K)
[2020-09-11T13:58:47.644+0000][1][gc,metaspace ] GC(59) Metaspace: 42088K->42088K(1087488K)
[2020-09-11T13:58:47.644+0000][1][gc           ] GC(59) Pause Young (Allocation Failure) 117M->53M(503M) 76.949ms
[2020-09-11T13:58:47.644+0000][1][gc,cpu       ] GC(59) User=0.03s Sys=0.00s Real=0.08s
[2020-09-11T13:58:47.645+0000][1][safepoint    ] Safepoint "GenCollectForAllocation", Time since last: 90912159 ns, Reaching safepoint: 98600 ns, At safepoint: 77004717 ns, Total: 77103317 ns
[2020-09-11T13:58:48.668+0000][1][safepoint    ] Safepoint "Cleanup", Time since last: 1022906437 ns, Reaching safepoint: 116173 ns, At safepoint: 6098 ns, Total: 122271 ns
[2020-09-11T13:58:49.246+0000][1][safepoint    ] Safepoint "RevokeBias", Time since last: 576309699 ns, Reaching safepoint: 1691491 ns, At safepoint: 42183 ns, Total: 1733674 ns
[2020-09-11T13:58:49.259+0000][1][safepoint    ] Safepoint "RevokeBias", Time since last: 5935966 ns, Reaching safepoint: 7113950 ns, At safepoint: 37237 ns, Total: 7151187 ns
[2020-09-11T13:58:50.260+0000][1][safepoint    ] Safepoint "Cleanup", Time since last: 1000736451 ns, Reaching safepoint: 122774 ns, At safepoint: 5966 ns, Total: 128740 ns
[2020-09-11T13:58:51.266+0000][1][safepoint    ] Safepoint "Cleanup", Time since last: 1006294309 ns, Reaching safepoint: 111501 ns, At safepoint: 5884 ns, Total: 117385 ns
[2020-09-11T13:58:52.272+0000][1][safepoint    ] Safepoint "Cleanup", Time since last: 1005453879 ns, Reaching safepoint: 112278 ns, At safepoint: 6151 ns, Total: 118429 ns
[2020-09-11T13:58:53.283+0000][1][safepoint    ] Safepoint "Cleanup", Time since last: 1000702350 ns, Reaching safepoint: 11228432 ns, At safepoint: 14768 ns, Total: 11243200 ns
[2020-09-11T13:58:53.622+0000][1][gc,start     ] GC(60) Pause Young (Allocation Failure)
[2020-09-11T13:58:53.622+0000][1][gc,task      ] GC(60) Using 1 workers of 1 for evacuation
[2020-09-11T13:58:53.726+0000][1][gc,age       ] GC(60) Desired survivor size 4358144 bytes, new threshold 2 (max threshold 6)
[2020-09-11T13:58:53.726+0000][1][gc,age       ] GC(60) Age table with threshold 2 (max threshold 6)
[2020-09-11T13:58:53.726+0000][1][gc,age       ] GC(60) - age   1:    2674640 bytes,    2674640 total
[2020-09-11T13:58:53.726+0000][1][gc,age       ] GC(60) - age   2:    2608472 bytes,    5283112 total
[2020-09-11T13:58:53.726+0000][1][gc,age       ] GC(60) - age   3:      61120 bytes,    5344232 total
[2020-09-11T13:58:53.726+0000][1][gc,age       ] GC(60) - age   4:    1410720 bytes,    6754952 total
[2020-09-11T13:58:53.726+0000][1][gc,heap      ] GC(60) ParNew: 74809K->8512K(76672K)
[2020-09-11T13:58:53.726+0000][1][gc,heap      ] GC(60) CMS: 48537K->50052K(439104K)
[2020-09-11T13:58:53.726+0000][1][gc,metaspace ] GC(60) Metaspace: 47529K->47529K(1093632K)
[2020-09-11T13:58:53.738+0000][1][gc           ] GC(60) Pause Young (Allocation Failure) 120M->57M(503M) 115.207ms
[2020-09-11T13:58:53.738+0000][1][gc,cpu       ] GC(60) User=0.04s Sys=0.00s Real=0.12s
[2020-09-11T13:58:53.738+0000][1][safepoint    ] Safepoint "GenCollectForAllocation", Time since last: 338727421 ns, Reaching safepoint: 108540 ns, At safepoint: 115284497 ns, Total: 115393037 ns
[2020-09-11T13:58:53.767+0000][1][safepoint    ] Safepoint "RevokeBias", Time since last: 29164616 ns, Reaching safepoint: 90042 ns, At safepoint: 18390 ns, Total: 108432 ns
[2020-09-11T13:58:54.097+0000][1][safepoint    ] Safepoint "RevokeBias", Time since last: 329584654 ns, Reaching safepoint: 109000 ns, At safepoint: 31185 ns, Total: 140185 ns
[2020-09-11T13:58:54.120+0000][1][safepoint    ] Safepoint "RevokeBias", Time since last: 22835865 ns, Reaching safepoint: 106995 ns, At safepoint: 40054 ns, Total: 147049 ns
[2020-09-11T13:58:54.248+0000][1][safepoint    ] Safepoint "RevokeBias", Time since last: 127926481 ns, Reaching safepoint: 100974 ns, At safepoint: 30621 ns, Total: 131595 ns
[2020-09-11T13:58:54.248+0000][1][safepoint    ] Safepoint "BulkRevokeBias", Time since last: 89960 ns, Reaching safepoint: 81101 ns, At safepoint: 60138 ns, Total: 141239 ns
[2020-09-11T13:58:54.248+0000][1][safepoint    ] Safepoint "RevokeBias", Time since last: 312927 ns, Reaching safepoint: 81826 ns, At safepoint: 21195 ns, Total: 103021 ns
[2020-09-11T13:58:54.248+0000][1][safepoint    ] Safepoint "RevokeBias", Time since last: 53307 ns, Reaching safepoint: 80375 ns, At safepoint: 19114 ns, Total: 99489 ns
[2020-09-11T13:58:54.249+0000][1][safepoint    ] Safepoint "RevokeBias", Time since last: 32794 ns, Reaching safepoint: 77670 ns, At safepoint: 18197 ns, Total: 95867 ns
[2020-09-11T13:58:54.249+0000][1][safepoint    ] Safepoint "RevokeBias", Time since last: 39701 ns, Reaching safepoint: 77539 ns, At safepoint: 18148 ns, Total: 95687 ns
[2020-09-11T13:58:54.249+0000][1][safepoint    ] Safepoint "RevokeBias", Time since last: 26861 ns, Reaching safepoint: 77736 ns, At safepoint: 18317 ns, Total: 96053 ns
[2020-09-11T13:58:54.249+0000][1][safepoint    ] Safepoint "RevokeBias", Time since last: 26097 ns, Reaching safepoint: 78748 ns, At safepoint: 19397 ns, Total: 98145 ns
[2020-09-11T13:58:54.249+0000][1][safepoint    ] Safepoint "RevokeBias", Time since last: 26000 ns, Reaching safepoint: 90464 ns, At safepoint: 20169 ns, Total: 110633 ns
[2020-09-11T13:58:54.249+0000][1][safepoint    ] Safepoint "RevokeBias", Time since last: 29518 ns, Reaching safepoint: 77553 ns, At safepoint: 19082 ns, Total: 96635 ns
[2020-09-11T13:58:54.249+0000][1][safepoint    ] Safepoint "RevokeBias", Time since last: 25676 ns, Reaching safepoint: 80707 ns, At safepoint: 41652 ns, Total: 122359 ns
[2020-09-11T13:58:54.249+0000][1][safepoint    ] Safepoint "RevokeBias", Time since last: 27385 ns, Reaching safepoint: 79063 ns, At safepoint: 29137 ns, Total: 108200 ns
[2020-09-11T13:58:54.250+0000][1][safepoint    ] Safepoint "RevokeBias", Time since last: 26190 ns, Reaching safepoint: 78698 ns, At safepoint: 30372 ns, Total: 109070 ns
[2020-09-11T13:58:54.260+0000][1][safepoint    ] Safepoint "RevokeBias", Time since last: 9796948 ns, Reaching safepoint: 109803 ns, At safepoint: 32459 ns, Total: 142262 ns
[2020-09-11T13:58:54.260+0000][1][safepoint    ] Safepoint "RevokeBias", Time since last: 67054 ns, Reaching safepoint: 79229 ns, At safepoint: 21827 ns, Total: 101056 ns
[2020-09-11T13:58:54.260+0000][1][safepoint    ] Safepoint "RevokeBias", Time since last: 79477 ns, Reaching safepoint: 81636 ns, At safepoint: 19105 ns, Total: 100741 ns
[2020-09-11T13:58:54.260+0000][1][safepoint    ] Safepoint "RevokeBias", Time since last: 39864 ns, Reaching safepoint: 81694 ns, At safepoint: 22871 ns, Total: 104565 ns
[2020-09-11T13:58:55.000+0000][1][safepoint    ] Safepoint "RevokeBias", Time since last: 739530347 ns, Reaching safepoint: 554418 ns, At safepoint: 28750 ns, Total: 583168 ns
[2020-09-11T13:58:55.000+0000][1][safepoint    ] Safepoint "RevokeBias", Time since last: 180653 ns, Reaching safepoint: 82908 ns, At safepoint: 17216 ns, Total: 100124 ns
[2020-09-11T13:58:55.001+0000][1][safepoint    ] Safepoint "RevokeBias", Time since last: 41279 ns, Reaching safepoint: 79713 ns, At safepoint: 15564 ns, Total: 95277 ns
[2020-09-11T13:58:55.219+0000][1][safepoint    ] Safepoint "RevokeBias", Time since last: 217948475 ns, Reaching safepoint: 121447 ns, At safepoint: 41772 ns, Total: 163219 ns
[2020-09-11T13:58:55.219+0000][1][safepoint    ] Safepoint "RevokeBias", Time since last: 102932 ns, Reaching safepoint: 83776 ns, At safepoint: 25127 ns, Total: 108903 ns
[2020-09-11T13:58:55.219+0000][1][safepoint    ] Safepoint "RevokeBias", Time since last: 102253 ns, Reaching safepoint: 97226 ns, At safepoint: 28324 ns, Total: 125550 ns
[2020-09-11T13:58:55.241+0000][1][safepoint    ] Safepoint "RevokeBias", Time since last: 10423073 ns, Reaching safepoint: 10935411 ns, At safepoint: 36367 ns, Total: 10971778 ns
[2020-09-11T13:58:55.243+0000][1][safepoint    ] Safepoint "RevokeBias", Time since last: 1859095 ns, Reaching safepoint: 98397 ns, At safepoint: 28555 ns, Total: 126952 ns
[2020-09-11T13:58:55.243+0000][1][safepoint    ] Safepoint "RevokeBias", Time since last: 78943 ns, Reaching safepoint: 81554 ns, At safepoint: 20205 ns, Total: 101759 ns
[2020-09-11T13:58:55.243+0000][1][safepoint    ] Safepoint "RevokeBias", Time since last: 121489 ns, Reaching safepoint: 582840 ns, At safepoint: 23952 ns, Total: 606792 ns
[2020-09-11T13:58:55.244+0000][1][safepoint    ] Safepoint "RevokeBias", Time since last: 37487 ns, Reaching safepoint: 81109 ns, At safepoint: 23171 ns, Total: 104280 ns
[2020-09-11T13:58:55.244+0000][1][safepoint    ] Safepoint "RevokeBias", Time since last: 30361 ns, Reaching safepoint: 79938 ns, At safepoint: 18620 ns, Total: 98558 ns
[2020-09-11T13:58:55.244+0000][1][safepoint    ] Safepoint "RevokeBias", Time since last: 41470 ns, Reaching safepoint: 79327 ns, At safepoint: 18455 ns, Total: 97782 ns
[2020-09-11T13:58:55.248+0000][1][safepoint    ] Safepoint "RevokeBias", Time since last: 3629549 ns, Reaching safepoint: 110564 ns, At safepoint: 36342 ns, Total: 146906 ns
[2020-09-11T13:58:55.248+0000][1][safepoint    ] Safepoint "RevokeBias", Time since last: 57862 ns, Reaching safepoint: 81861 ns, At safepoint: 27741 ns, Total: 109602 ns
[2020-09-11T13:58:55.248+0000][1][safepoint    ] Safepoint "RevokeBias", Time since last: 31708 ns, Reaching safepoint: 80136 ns, At safepoint: 24922 ns, Total: 105058 ns
[2020-09-11T13:58:55.248+0000][1][safepoint    ] Safepoint "BulkRevokeBias", Time since last: 27272 ns, Reaching safepoint: 79767 ns, At safepoint: 73850 ns, Total: 153617 ns
[2020-09-11T13:58:55.252+0000][1][safepoint    ] Safepoint "RevokeBias", Time since last: 3367986 ns, Reaching safepoint: 93214 ns, At safepoint: 28320 ns, Total: 121534 ns
[2020-09-11T13:58:55.252+0000][1][safepoint    ] Safepoint "RevokeBias", Time since last: 50991 ns, Reaching safepoint: 81765 ns, At safepoint: 21232 ns, Total: 102997 ns
[2020-09-11T13:58:55.273+0000][1][safepoint    ] Safepoint "RevokeBias", Time since last: 21368377 ns, Reaching safepoint: 114309 ns, At safepoint: 54627 ns, Total: 168936 ns
[2020-09-11T13:58:55.273+0000][1][safepoint    ] Safepoint "RevokeBias", Time since last: 64143 ns, Reaching safepoint: 12554 ns, At safepoint: 11070 ns, Total: 23624 ns
[2020-09-11T13:58:55.273+0000][1][safepoint    ] Safepoint "RevokeBias", Time since last: 27879 ns, Reaching safepoint: 11430 ns, At safepoint: 10459 ns, Total: 21889 ns
[2020-09-11T13:58:55.281+0000][1][safepoint    ] Safepoint "RevokeBias", Time since last: 7963051 ns, Reaching safepoint: 40634 ns, At safepoint: 41676 ns, Total: 82310 ns
[2020-09-11T13:58:55.282+0000][1][safepoint    ] Safepoint "RevokeBias", Time since last: 54160 ns, Reaching safepoint: 12461 ns, At safepoint: 21374 ns, Total: 33835 ns
[2020-09-11T13:58:55.282+0000][1][safepoint    ] Safepoint "RevokeBias", Time since last: 28259 ns, Reaching safepoint: 11484 ns, At safepoint: 19535 ns, Total: 31019 ns
[2020-09-11T13:58:55.282+0000][1][safepoint    ] Safepoint "RevokeBias", Time since last: 27398 ns, Reaching safepoint: 11355 ns, At safepoint: 19239 ns, Total: 30594 ns
[2020-09-11T13:58:55.282+0000][1][safepoint    ] Safepoint "RevokeBias", Time since last: 26625 ns, Reaching safepoint: 10920 ns, At safepoint: 19084 ns, Total: 30004 ns
[2020-09-11T13:58:55.282+0000][1][safepoint    ] Safepoint "RevokeBias", Time since last: 26068 ns, Reaching safepoint: 10972 ns, At safepoint: 18889 ns, Total: 29861 ns
[2020-09-11T13:58:55.282+0000][1][safepoint    ] Safepoint "RevokeBias", Time since last: 25620 ns, Reaching safepoint: 10848 ns, At safepoint: 18905 ns, Total: 29753 ns
[2020-09-11T13:58:55.282+0000][1][safepoint    ] Safepoint "RevokeBias", Time since last: 27349 ns, Reaching safepoint: 10988 ns, At safepoint: 18690 ns, Total: 29678 ns
[2020-09-11T13:58:55.282+0000][1][safepoint    ] Safepoint "RevokeBias", Time since last: 26095 ns, Reaching safepoint: 10747 ns, At safepoint: 18830 ns, Total: 29577 ns
[2020-09-11T13:58:55.282+0000][1][safepoint    ] Safepoint "RevokeBias", Time since last: 25102 ns, Reaching safepoint: 10915 ns, At safepoint: 18526 ns, Total: 29441 ns
[2020-09-11T13:58:55.282+0000][1][safepoint    ] Safepoint "RevokeBias", Time since last: 25015 ns, Reaching safepoint: 10722 ns, At safepoint: 18631 ns, Total: 29353 ns
[2020-09-11T13:58:55.282+0000][1][safepoint    ] Safepoint "RevokeBias", Time since last: 35058 ns, Reaching safepoint: 11665 ns, At safepoint: 18921 ns, Total: 30586 ns
[2020-09-11T13:58:55.282+0000][1][safepoint    ] Safepoint "RevokeBias", Time since last: 25432 ns, Reaching safepoint: 10784 ns, At safepoint: 18749 ns, Total: 29533 ns
[2020-09-11T13:58:55.282+0000][1][safepoint    ] Safepoint "RevokeBias", Time since last: 36524 ns, Reaching safepoint: 10991 ns, At safepoint: 18780 ns, Total: 29771 ns
[2020-09-11T13:58:55.282+0000][1][safepoint    ] Safepoint "RevokeBias", Time since last: 25427 ns, Reaching safepoint: 10685 ns, At safepoint: 18724 ns, Total: 29409 ns
[2020-09-11T13:58:55.282+0000][1][safepoint    ] Safepoint "RevokeBias", Time since last: 25170 ns, Reaching safepoint: 10754 ns, At safepoint: 18515 ns, Total: 29269 ns
[2020-09-11T13:58:55.282+0000][1][safepoint    ] Safepoint "BulkRevokeBias", Time since last: 25531 ns, Reaching safepoint: 10710 ns, At safepoint: 70190 ns, Total: 80900 ns
[2020-09-11T13:58:55.283+0000][1][safepoint    ] Safepoint "RevokeBias", Time since last: 149500 ns, Reaching safepoint: 12625 ns, At safepoint: 30386 ns, Total: 43011 ns
[2020-09-11T13:58:55.283+0000][1][safepoint    ] Safepoint "RevokeBias", Time since last: 37222 ns, Reaching safepoint: 10867 ns, At safepoint: 26545 ns, Total: 37412 ns
[2020-09-11T13:58:55.283+0000][1][safepoint    ] Safepoint "RevokeBias", Time since last: 64645 ns, Reaching safepoint: 13273 ns, At safepoint: 26716 ns, Total: 39989 ns
[2020-09-11T13:58:55.283+0000][1][safepoint    ] Safepoint "RevokeBias", Time since last: 32243 ns, Reaching safepoint: 11772 ns, At safepoint: 26091 ns, Total: 37863 ns
[2020-09-11T13:58:55.283+0000][1][safepoint    ] Safepoint "RevokeBias", Time since last: 99924 ns, Reaching safepoint: 12048 ns, At safepoint: 26448 ns, Total: 38496 ns
[2020-09-11T13:58:55.283+0000][1][safepoint    ] Safepoint "RevokeBias", Time since last: 232591 ns, Reaching safepoint: 14001 ns, At safepoint: 117670 ns, Total: 131671 ns
[2020-09-11T13:58:55.288+0000][1][safepoint    ] Safepoint "RevokeBias", Time since last: 4006173 ns, Reaching safepoint: 39599 ns, At safepoint: 46827 ns, Total: 86426 ns
[2020-09-11T13:58:55.288+0000][1][safepoint    ] Safepoint "RevokeBias", Time since last: 182775 ns, Reaching safepoint: 14566 ns, At safepoint: 30120 ns, Total: 44686 ns
[2020-09-11T13:58:55.288+0000][1][safepoint    ] Safepoint "RevokeBias", Time since last: 46121 ns, Reaching safepoint: 11150 ns, At safepoint: 26644 ns, Total: 37794 ns
[2020-09-11T13:58:55.288+0000][1][safepoint    ] Safepoint "RevokeBias", Time since last: 22402 ns, Reaching safepoint: 10238 ns, At safepoint: 25822 ns, Total: 36060 ns
[2020-09-11T13:58:55.288+0000][1][safepoint    ] Safepoint "RevokeBias", Time since last: 21199 ns, Reaching safepoint: 10046 ns, At safepoint: 25328 ns, Total: 35374 ns
[2020-09-11T13:58:55.288+0000][1][safepoint    ] Safepoint "RevokeBias", Time since last: 230870 ns, Reaching safepoint: 11850 ns, At safepoint: 27559 ns, Total: 39409 ns
[2020-09-11T13:58:55.288+0000][1][safepoint    ] Safepoint "RevokeBias", Time since last: 105794 ns, Reaching safepoint: 11965 ns, At safepoint: 27148 ns, Total: 39113 ns
[2020-09-11T13:58:55.288+0000][1][safepoint    ] Safepoint "RevokeBias", Time since last: 100487 ns, Reaching safepoint: 12108 ns, At safepoint: 29259 ns, Total: 41367 ns
[2020-09-11T13:58:55.289+0000][1][safepoint    ] Safepoint "RevokeBias", Time since last: 293812 ns, Reaching safepoint: 12201 ns, At safepoint: 28315 ns, Total: 40516 ns
[2020-09-11T13:58:55.296+0000][1][safepoint    ] Safepoint "BulkRevokeBias", Time since last: 6620496 ns, Reaching safepoint: 39847 ns, At safepoint: 106707 ns, Total: 146554 ns
[2020-09-11T13:58:55.328+0000][1][safepoint    ] Safepoint "RevokeBias", Time since last: 31829674 ns, Reaching safepoint: 118104 ns, At safepoint: 44028 ns, Total: 162132 ns
[2020-09-11T13:58:55.329+0000][1][safepoint    ] Safepoint "RevokeBias", Time since last: 940141 ns, Reaching safepoint: 87865 ns, At safepoint: 30996 ns, Total: 118861 ns
[2020-09-11T13:58:55.336+0000][1][safepoint    ] Safepoint "RevokeBias", Time since last: 7164655 ns, Reaching safepoint: 107699 ns, At safepoint: 37562 ns, Total: 145261 ns
[2020-09-11T13:58:55.336+0000][1][safepoint    ] Safepoint "RevokeBias", Time since last: 54809 ns, Reaching safepoint: 97533 ns, At safepoint: 29934 ns, Total: 127467 ns
[2020-09-11T13:58:55.472+0000][1][safepoint    ] Safepoint "RevokeBias", Time since last: 135302423 ns, Reaching safepoint: 109461 ns, At safepoint: 15873 ns, Total: 125334 ns
[2020-09-11T13:58:55.843+0000][1][safepoint    ] Safepoint "RevokeBias", Time since last: 371469656 ns, Reaching safepoint: 121472 ns, At safepoint: 16141 ns, Total: 137613 ns
[2020-09-11T13:58:55.843+0000][1][safepoint    ] Safepoint "RevokeBias", Time since last: 157095 ns, Reaching safepoint: 12471 ns, At safepoint: 7291 ns, Total: 19762 ns
[2020-09-11T13:58:55.844+0000][1][safepoint    ] Safepoint "RevokeBias", Time since last: 238154 ns, Reaching safepoint: 12602 ns, At safepoint: 7283 ns, Total: 19885 ns
[2020-09-11T13:58:56.492+0000][1][gc,start     ] GC(61) Pause Young (Allocation Failure)
[2020-09-11T13:58:56.492+0000][1][gc,task      ] GC(61) Using 1 workers of 1 for evacuation
[2020-09-11T13:58:56.712+0000][1][gc,age       ] GC(61) Desired survivor size 4358144 bytes, new threshold 2 (max threshold 6)
[2020-09-11T13:58:56.712+0000][1][gc,age       ] GC(61) Age table with threshold 2 (max threshold 6)
[2020-09-11T13:58:56.712+0000][1][gc,age       ] GC(61) - age   1:    2242304 bytes,    2242304 total
[2020-09-11T13:58:56.712+0000][1][gc,age       ] GC(61) - age   2:    2597992 bytes,    4840296 total
[2020-09-11T13:58:56.712+0000][1][gc,heap      ] GC(61) ParNew: 76672K->6130K(76672K)
[2020-09-11T13:58:56.712+0000][1][gc,heap      ] GC(61) CMS: 50052K->54117K(439104K)
[2020-09-11T13:58:56.712+0000][1][gc,metaspace ] GC(61) Metaspace: 52556K->52556K(1097728K)
[2020-09-11T13:58:56.712+0000][1][gc           ] GC(61) Pause Young (Allocation Failure) 123M->58M(503M) 220.520ms
[2020-09-11T13:58:56.712+0000][1][gc,cpu       ] GC(61) User=0.07s Sys=0.00s Real=0.22s
[2020-09-11T13:58:56.712+0000][1][safepoint    ] Safepoint "GenCollectForAllocation", Time since last: 647807481 ns, Reaching safepoint: 124021 ns, At safepoint: 220692824 ns, Total: 220816845 ns
[2020-09-11T13:58:56.848+0000][1][safepoint    ] Safepoint "RevokeBias", Time since last: 135196906 ns, Reaching safepoint: 419878 ns, At safepoint: 26295 ns, Total: 446173 ns
[2020-09-11T13:58:56.848+0000][1][safepoint    ] Safepoint "RevokeBias", Time since last: 69486 ns, Reaching safepoint: 13063 ns, At safepoint: 8132 ns, Total: 21195 ns
[2020-09-11T13:58:56.848+0000][1][safepoint    ] Safepoint "RevokeBias", Time since last: 32498 ns, Reaching safepoint: 9903 ns, At safepoint: 7049 ns, Total: 16952 ns
[2020-09-11T13:58:56.848+0000][1][safepoint    ] Safepoint "RevokeBias", Time since last: 26264 ns, Reaching safepoint: 9385 ns, At safepoint: 6750 ns, Total: 16135 ns
[2020-09-11T13:58:56.848+0000][1][safepoint    ] Safepoint "RevokeBias", Time since last: 26803 ns, Reaching safepoint: 9221 ns, At safepoint: 16445 ns, Total: 25666 ns
[2020-09-11T13:58:56.848+0000][1][safepoint    ] Safepoint "RevokeBias", Time since last: 27577 ns, Reaching safepoint: 18653 ns, At safepoint: 7309 ns, Total: 25962 ns
[2020-09-11T13:58:56.848+0000][1][safepoint    ] Safepoint "RevokeBias", Time since last: 24984 ns, Reaching safepoint: 9312 ns, At safepoint: 6830 ns, Total: 16142 ns
[2020-09-11T13:58:57.963+0000][1][safepoint    ] Safepoint "Cleanup", Time since last: 1113873009 ns, Reaching safepoint: 509513 ns, At safepoint: 7816 ns, Total: 517329 ns
[2020-09-11T13:58:58.824+0000][1][safepoint    ] Safepoint "RevokeBias", Time since last: 860841714 ns, Reaching safepoint: 118604 ns, At safepoint: 15849 ns, Total: 134453 ns
[2020-09-11T13:58:59.799+0000][1][safepoint    ] Safepoint "CollectForMetadataAllocation", Time since last: 974692365 ns, Reaching safepoint: 463753 ns, At safepoint: 78091 ns, Total: 541844 ns
[2020-09-11T13:59:00.060+0000][1][gc,start     ] GC(62) Pause Young (Allocation Failure)
[2020-09-11T13:59:00.060+0000][1][gc,task      ] GC(62) Using 1 workers of 1 for evacuation
[2020-09-11T13:59:00.136+0000][1][gc,age       ] GC(62) Desired survivor size 4358144 bytes, new threshold 6 (max threshold 6)
[2020-09-11T13:59:00.136+0000][1][gc,age       ] GC(62) Age table with threshold 6 (max threshold 6)
[2020-09-11T13:59:00.136+0000][1][gc,age       ] GC(62) - age   1:    1626512 bytes,    1626512 total
[2020-09-11T13:59:00.136+0000][1][gc,age       ] GC(62) - age   2:    2188544 bytes,    3815056 total
[2020-09-11T13:59:00.136+0000][1][gc,heap      ] GC(62) ParNew: 74290K->5077K(76672K)
[2020-09-11T13:59:00.136+0000][1][gc,heap      ] GC(62) CMS: 54117K->56762K(439104K)
[2020-09-11T13:59:00.136+0000][1][gc,metaspace ] GC(62) Metaspace: 60245K->60245K(1103872K)
[2020-09-11T13:59:00.136+0000][1][gc           ] GC(62) Pause Young (Allocation Failure) 125M->60M(503M) 75.943ms
[2020-09-11T13:59:00.136+0000][1][gc,cpu       ] GC(62) User=0.02s Sys=0.00s Real=0.08s
[2020-09-11T13:59:00.136+0000][1][safepoint    ] Safepoint "GenCollectForAllocation", Time since last: 259368602 ns, Reaching safepoint: 2034914 ns, At safepoint: 76249098 ns, Total: 78284012 ns
[2020-09-11T13:59:00.182+0000][1][gc,start     ] GC(63) Pause Initial Mark
[2020-09-11T13:59:00.186+0000][1][gc           ] GC(63) Pause Initial Mark 61M->61M(503M) 4.147ms
[2020-09-11T13:59:00.186+0000][1][gc,cpu       ] GC(63) User=0.00s Sys=0.00s Real=0.01s
[2020-09-11T13:59:00.207+0000][1][safepoint    ] Safepoint "CMS_Initial_Mark", Time since last: 35020787 ns, Reaching safepoint: 10076145 ns, At safepoint: 25861911 ns, Total: 35938056 ns
[2020-09-11T13:59:00.207+0000][1][gc           ] GC(63) Concurrent Mark
[2020-09-11T13:59:00.231+0000][1][safepoint    ] Safepoint "CollectForMetadataAllocation", Time since last: 12023629 ns, Reaching safepoint: 11331331 ns, At safepoint: 287551 ns, Total: 11618882 ns
[2020-09-11T13:59:00.304+0000][1][safepoint    ] Safepoint "CollectForMetadataAllocation", Time since last: 60351325 ns, Reaching safepoint: 12038678 ns, At safepoint: 126388 ns, Total: 12165066 ns
[2020-09-11T13:59:00.664+0000][1][safepoint    ] Safepoint "CollectForMetadataAllocation", Time since last: 359859217 ns, Reaching safepoint: 141096 ns, At safepoint: 123889 ns, Total: 264985 ns
[2020-09-11T13:59:00.690+0000][1][gc           ] GC(63) Concurrent Mark 482.128ms
[2020-09-11T13:59:00.690+0000][1][gc,cpu       ] GC(63) User=0.16s Sys=0.00s Real=0.48s
[2020-09-11T13:59:00.690+0000][1][gc           ] GC(63) Concurrent Preclean
[2020-09-11T13:59:00.691+0000][1][gc           ] GC(63) Concurrent Preclean 1.201ms
[2020-09-11T13:59:00.691+0000][1][gc,cpu       ] GC(63) User=0.00s Sys=0.00s Real=0.00s
[2020-09-11T13:59:00.691+0000][1][gc           ] GC(63) Concurrent Abortable Preclean
[2020-09-11T13:59:00.784+0000][1][safepoint    ] Safepoint "CollectForMetadataAllocation", Time since last: 115719532 ns, Reaching safepoint: 4025746 ns, At safepoint: 125560 ns, Total: 4151306 ns
[2020-09-11T13:59:01.067+0000][1][safepoint    ] Safepoint "RevokeBias", Time since last: 277831559 ns, Reaching safepoint: 6061570 ns, At safepoint: 29760 ns, Total: 6091330 ns
[2020-09-11T13:59:01.068+0000][1][safepoint    ] Safepoint "RevokeBias", Time since last: 99402 ns, Reaching safepoint: 9392 ns, At safepoint: 17301 ns, Total: 26693 ns
[2020-09-11T13:59:01.068+0000][1][safepoint    ] Safepoint "RevokeBias", Time since last: 106543 ns, Reaching safepoint: 9634 ns, At safepoint: 15716 ns, Total: 25350 ns
[2020-09-11T13:59:01.074+0000][1][safepoint    ] Safepoint "RevokeBias", Time since last: 5937088 ns, Reaching safepoint: 106549 ns, At safepoint: 34933 ns, Total: 141482 ns
[2020-09-11T13:59:01.171+0000][1][safepoint    ] Safepoint "CollectForMetadataAllocation", Time since last: 97107364 ns, Reaching safepoint: 48605 ns, At safepoint: 101872 ns, Total: 150477 ns
[2020-09-11T13:59:01.444+0000][1][safepoint    ] Safepoint "CollectForMetadataAllocation", Time since last: 271141563 ns, Reaching safepoint: 1220302 ns, At safepoint: 110792 ns, Total: 1331094 ns
[2020-09-11T13:59:01.965+0000][1][safepoint    ] Safepoint "CollectForMetadataAllocation", Time since last: 521511107 ns, Reaching safepoint: 124527 ns, At safepoint: 86098 ns, Total: 210625 ns
[2020-09-11T13:59:02.147+0000][1][safepoint    ] Safepoint "CollectForMetadataAllocation", Time since last: 180373867 ns, Reaching safepoint: 253529 ns, At safepoint: 597201 ns, Total: 850730 ns
[2020-09-11T13:59:02.478+0000][1][safepoint    ] Safepoint "RevokeBias", Time since last: 329005407 ns, Reaching safepoint: 2951021 ns, At safepoint: 23648 ns, Total: 2974669 ns
[2020-09-11T13:59:02.648+0000][1][safepoint    ] Safepoint "CollectForMetadataAllocation", Time since last: 158663153 ns, Reaching safepoint: 10334755 ns, At safepoint: 115363 ns, Total: 10450118 ns
[2020-09-11T13:59:03.024+0000][1][safepoint    ] Safepoint "Deoptimize", Time since last: 375825924 ns, Reaching safepoint: 115736 ns, At safepoint: 316599 ns, Total: 432335 ns
[2020-09-11T13:59:03.200+0000][1][safepoint    ] Safepoint "CollectForMetadataAllocation", Time since last: 159571615 ns, Reaching safepoint: 16066204 ns, At safepoint: 69149 ns, Total: 16135353 ns
[2020-09-11T13:59:03.560+0000][1][safepoint    ] Safepoint "CollectForMetadataAllocation", Time since last: 347860774 ns, Reaching safepoint: 12066238 ns, At safepoint: 86474 ns, Total: 12152712 ns
[2020-09-11T13:59:03.834+0000][1][safepoint    ] Safepoint "CollectForMetadataAllocation", Time since last: 273934715 ns, Reaching safepoint: 118469 ns, At safepoint: 128921 ns, Total: 247390 ns
[2020-09-11T13:59:04.032+0000][1][safepoint    ] Safepoint "RevokeBias", Time since last: 198545767 ns, Reaching safepoint: 116149 ns, At safepoint: 13871 ns, Total: 130020 ns
[2020-09-11T13:59:04.048+0000][1][safepoint    ] Safepoint "RevokeBias", Time since last: 14997016 ns, Reaching safepoint: 71431 ns, At safepoint: 12687 ns, Total: 84118 ns
[2020-09-11T13:59:04.048+0000][1][safepoint    ] Safepoint "RevokeBias", Time since last: 110571 ns, Reaching safepoint: 14297 ns, At safepoint: 7998 ns, Total: 22295 ns
[2020-09-11T13:59:04.048+0000][1][safepoint    ] Safepoint "BulkRevokeBias", Time since last: 88527 ns, Reaching safepoint: 12129 ns, At safepoint: 73677 ns, Total: 85806 ns
[2020-09-11T13:59:04.229+0000][1][safepoint    ] Safepoint "CollectForMetadataAllocation", Time since last: 180725220 ns, Reaching safepoint: 105747 ns, At safepoint: 106284 ns, Total: 212031 ns
[2020-09-11T13:59:04.462+0000][1][safepoint    ] Safepoint "RevokeBias", Time since last: 224488932 ns, Reaching safepoint: 8337171 ns, At safepoint: 50077 ns, Total: 8387248 ns
[2020-09-11T13:59:04.469+0000][1][safepoint    ] Safepoint "RevokeBias", Time since last: 5787978 ns, Reaching safepoint: 1190249 ns, At safepoint: 37267 ns, Total: 1227516 ns
[2020-09-11T13:59:04.470+0000][1][safepoint    ] Safepoint "RevokeBias", Time since last: 783911 ns, Reaching safepoint: 76692 ns, At safepoint: 35906 ns, Total: 112598 ns
[2020-09-11T13:59:04.525+0000][1][safepoint    ] Safepoint "CollectForMetadataAllocation", Time since last: 55084743 ns, Reaching safepoint: 52417 ns, At safepoint: 78070 ns, Total: 130487 ns
[2020-09-11T13:59:04.820+0000][1][safepoint    ] Safepoint "CollectForMetadataAllocation", Time since last: 294673285 ns, Reaching safepoint: 119810 ns, At safepoint: 120661 ns, Total: 240471 ns
[2020-09-11T13:59:04.940+0000][1][safepoint    ] Safepoint "CollectForMetadataAllocation", Time since last: 120390589 ns, Reaching safepoint: 49866 ns, At safepoint: 112505 ns, Total: 162371 ns
[2020-09-11T13:59:04.996+0000][1][safepoint    ] Safepoint "CollectForMetadataAllocation", Time since last: 55203281 ns, Reaching safepoint: 112472 ns, At safepoint: 116901 ns, Total: 229373 ns
[2020-09-11T13:59:05.164+0000][1][safepoint    ] Safepoint "RevokeBias", Time since last: 167784785 ns, Reaching safepoint: 110784 ns, At safepoint: 16365 ns, Total: 127149 ns
[2020-09-11T13:59:05.174+0000][1][safepoint    ] Safepoint "RevokeBias", Time since last: 8196201 ns, Reaching safepoint: 1807523 ns, At safepoint: 14866 ns, Total: 1822389 ns
[2020-09-11T13:59:05.272+0000][1][safepoint    ] Safepoint "CollectForMetadataAllocation", Time since last: 89851570 ns, Reaching safepoint: 8039086 ns, At safepoint: 80144 ns, Total: 8119230 ns
[2020-09-11T13:59:05.384+0000][1][safepoint    ] Safepoint "CollectForMetadataAllocation", Time since last: 111855218 ns, Reaching safepoint: 106801 ns, At safepoint: 130409 ns, Total: 237210 ns
[2020-09-11T13:59:05.516+0000][1][safepoint    ] Safepoint "CollectForMetadataAllocation", Time since last: 124447662 ns, Reaching safepoint: 7444131 ns, At safepoint: 121797 ns, Total: 7565928 ns
[2020-09-11T13:59:05.587+0000][1][gc,start     ] GC(64) Pause Young (Allocation Failure)
[2020-09-11T13:59:05.588+0000][1][gc,task      ] GC(64) Using 1 workers of 1 for evacuation
[2020-09-11T13:59:05.627+0000][1][gc           ] GC(63) Concurrent Abortable Preclean 4936.248ms
[2020-09-11T13:59:05.627+0000][1][gc,cpu       ] GC(63) User=1.88s Sys=0.02s Real=4.94s
[2020-09-11T13:59:05.635+0000][1][gc,age       ] GC(64) Desired survivor size 4358144 bytes, new threshold 2 (max threshold 6)
[2020-09-11T13:59:05.635+0000][1][gc,age       ] GC(64) Age table with threshold 2 (max threshold 6)
[2020-09-11T13:59:05.635+0000][1][gc,age       ] GC(64) - age   1:    3533696 bytes,    3533696 total
[2020-09-11T13:59:05.635+0000][1][gc,age       ] GC(64) - age   2:    1456824 bytes,    4990520 total
[2020-09-11T13:59:05.635+0000][1][gc,age       ] GC(64) - age   3:    2142320 bytes,    7132840 total
[2020-09-11T13:59:05.635+0000][1][gc,heap      ] GC(64) ParNew: 73237K->8127K(76672K)
[2020-09-11T13:59:05.635+0000][1][gc,heap      ] GC(64) CMS: 56762K->56762K(439104K)
[2020-09-11T13:59:05.635+0000][1][gc,metaspace ] GC(64) Metaspace: 66414K->66414K(1110016K)
[2020-09-11T13:59:05.635+0000][1][gc           ] GC(64) Pause Young (Allocation Failure) 126M->63M(503M) 47.291ms
[2020-09-11T13:59:05.635+0000][1][gc,cpu       ] GC(64) User=0.03s Sys=0.00s Real=0.04s
[2020-09-11T13:59:05.639+0000][1][safepoint    ] Safepoint "GenCollectForAllocation", Time since last: 71205065 ns, Reaching safepoint: 559291 ns, At safepoint: 52045158 ns, Total: 52604449 ns
[2020-09-11T13:59:05.656+0000][1][gc,start     ] GC(63) Pause Remark
[2020-09-11T13:59:05.702+0000][1][gc           ] GC(63) Pause Remark 64M->64M(503M) 45.590ms
[2020-09-11T13:59:05.702+0000][1][gc,cpu       ] GC(63) User=0.02s Sys=0.00s Real=0.04s
[2020-09-11T13:59:05.723+0000][1][safepoint    ] Safepoint "CMS_Final_Remark", Time since last: 16607887 ns, Reaching safepoint: 186519 ns, At safepoint: 67154606 ns, Total: 67341125 ns
[2020-09-11T13:59:05.724+0000][1][gc           ] GC(63) Concurrent Sweep
[2020-09-11T13:59:05.779+0000][1][gc           ] GC(63) Concurrent Sweep 55.029ms
[2020-09-11T13:59:05.779+0000][1][gc,cpu       ] GC(63) User=0.03s Sys=0.00s Real=0.05s
[2020-09-11T13:59:05.780+0000][1][safepoint    ] Safepoint "CollectForMetadataAllocation", Time since last: 55200422 ns, Reaching safepoint: 1451039 ns, At safepoint: 10563 ns, Total: 1461602 ns
[2020-09-11T13:59:05.804+0000][1][safepoint    ] Safepoint "CollectForMetadataAllocation", Time since last: 23345070 ns, Reaching safepoint: 110937 ns, At safepoint: 128461 ns, Total: 239398 ns
[2020-09-11T13:59:05.811+0000][1][gc           ] GC(63) Concurrent Reset
[2020-09-11T13:59:05.812+0000][1][gc           ] GC(63) Concurrent Reset 0.673ms
[2020-09-11T13:59:05.812+0000][1][gc,cpu       ] GC(63) User=0.00s Sys=0.00s Real=0.00s
[2020-09-11T13:59:05.812+0000][1][gc,heap      ] GC(63) Old: 56762K->55814K(439104K)
[2020-09-11T13:59:06.093+0000][1][safepoint    ] Safepoint "Deoptimize", Time since last: 288516708 ns, Reaching safepoint: 114792 ns, At safepoint: 337856 ns, Total: 452648 ns
[2020-09-11T13:59:06.107+0000][1][safepoint    ] Safepoint "Deoptimize", Time since last: 10337684 ns, Reaching safepoint: 3204699 ns, At safepoint: 324719 ns, Total: 3529418 ns
[2020-09-11T13:59:06.376+0000][1][safepoint    ] Safepoint "RevokeBias", Time since last: 269588814 ns, Reaching safepoint: 107803 ns, At safepoint: 27264 ns, Total: 135067 ns
[2020-09-11T13:59:06.377+0000][1][safepoint    ] Safepoint "RevokeBias", Time since last: 414389 ns, Reaching safepoint: 92195 ns, At safepoint: 22074 ns, Total: 114269 ns
[2020-09-11T13:59:06.379+0000][1][safepoint    ] Safepoint "RevokeBias", Time since last: 746923 ns, Reaching safepoint: 1926083 ns, At safepoint: 29478 ns, Total: 1955561 ns
[2020-09-11T13:59:06.388+0000][1][safepoint    ] Safepoint "RevokeBias", Time since last: 8741408 ns, Reaching safepoint: 109181 ns, At safepoint: 27127 ns, Total: 136308 ns
[2020-09-11T13:59:06.388+0000][1][safepoint    ] Safepoint "RevokeBias", Time since last: 79067 ns, Reaching safepoint: 20843 ns, At safepoint: 19825 ns, Total: 40668 ns
[2020-09-11T13:59:06.389+0000][1][safepoint    ] Safepoint "RevokeBias", Time since last: 357720 ns, Reaching safepoint: 16946 ns, At safepoint: 18821 ns, Total: 35767 ns
[2020-09-11T13:59:06.389+0000][1][safepoint    ] Safepoint "RevokeBias", Time since last: 171180 ns, Reaching safepoint: 19198 ns, At safepoint: 19381 ns, Total: 38579 ns
[2020-09-11T13:59:06.389+0000][1][safepoint    ] Safepoint "RevokeBias", Time since last: 36503 ns, Reaching safepoint: 13599 ns, At safepoint: 16606 ns, Total: 30205 ns
[2020-09-11T13:59:06.390+0000][1][safepoint    ] Safepoint "RevokeBias", Time since last: 519251 ns, Reaching safepoint: 12425 ns, At safepoint: 17277 ns, Total: 29702 ns
[2020-09-11T13:59:06.392+0000][1][safepoint    ] Safepoint "RevokeBias", Time since last: 1733367 ns, Reaching safepoint: 90128 ns, At safepoint: 20376 ns, Total: 110504 ns
[2020-09-11T13:59:06.392+0000][1][safepoint    ] Safepoint "RevokeBias", Time since last: 90650 ns, Reaching safepoint: 83539 ns, At safepoint: 18588 ns, Total: 102127 ns
[2020-09-11T13:59:06.401+0000][1][safepoint    ] Safepoint "Deoptimize", Time since last: 8686214 ns, Reaching safepoint: 104843 ns, At safepoint: 322636 ns, Total: 427479 ns
[2020-09-11T13:59:06.564+0000][1][safepoint    ] Safepoint "RevokeBias", Time since last: 162977064 ns, Reaching safepoint: 119053 ns, At safepoint: 31128 ns, Total: 150181 ns
[2020-09-11T13:59:06.607+0000][1][safepoint    ] Safepoint "RevokeBias", Time since last: 42952989 ns, Reaching safepoint: 118860 ns, At safepoint: 27081 ns, Total: 145941 ns
[2020-09-11T13:59:06.620+0000][1][safepoint    ] Safepoint "RevokeBias", Time since last: 12386353 ns, Reaching safepoint: 111511 ns, At safepoint: 30052 ns, Total: 141563 ns
[2020-09-11T13:59:06.629+0000][1][safepoint    ] Safepoint "RevokeBias", Time since last: 7848279 ns, Reaching safepoint: 1508185 ns, At safepoint: 38542 ns, Total: 1546727 ns
[2020-09-11T13:59:06.680+0000][1][safepoint    ] Safepoint "RevokeBias", Time since last: 48176171 ns, Reaching safepoint: 2301309 ns, At safepoint: 53005 ns, Total: 2354314 ns
[2020-09-11T13:59:06.680+0000][1][safepoint    ] Safepoint "RevokeBias", Time since last: 110659 ns, Reaching safepoint: 83318 ns, At safepoint: 30465 ns, Total: 113783 ns
[2020-09-11T13:59:06.680+0000][1][safepoint    ] Safepoint "RevokeBias", Time since last: 52715 ns, Reaching safepoint: 82862 ns, At safepoint: 27565 ns, Total: 110427 ns
[2020-09-11T13:59:06.701+0000][1][safepoint    ] Safepoint "RevokeBias", Time since last: 19544942 ns, Reaching safepoint: 1991273 ns, At safepoint: 62692 ns, Total: 2053965 ns
[2020-09-11T13:59:06.702+0000][1][safepoint    ] Safepoint "RevokeBias", Time since last: 79209 ns, Reaching safepoint: 89597 ns, At safepoint: 37492 ns, Total: 127089 ns
[2020-09-11T13:59:06.730+0000][1][safepoint    ] Safepoint "RevokeBias", Time since last: 28268621 ns, Reaching safepoint: 103383 ns, At safepoint: 13450 ns, Total: 116833 ns
[2020-09-11T13:59:06.730+0000][1][safepoint    ] Safepoint "RevokeBias", Time since last: 94120 ns, Reaching safepoint: 84592 ns, At safepoint: 9920 ns, Total: 94512 ns
[2020-09-11T13:59:06.730+0000][1][safepoint    ] Safepoint "RevokeBias", Time since last: 51231 ns, Reaching safepoint: 82159 ns, At safepoint: 9502 ns, Total: 91661 ns
[2020-09-11T13:59:06.731+0000][1][safepoint    ] Safepoint "RevokeBias", Time since last: 88633 ns, Reaching safepoint: 84124 ns, At safepoint: 21788 ns, Total: 105912 ns
[2020-09-11T13:59:06.731+0000][1][safepoint    ] Safepoint "RevokeBias", Time since last: 55136 ns, Reaching safepoint: 742679 ns, At safepoint: 20963 ns, Total: 763642 ns
[2020-09-11T13:59:06.732+0000][1][safepoint    ] Safepoint "RevokeBias", Time since last: 39960 ns, Reaching safepoint: 81585 ns, At safepoint: 25268 ns, Total: 106853 ns
[2020-09-11T13:59:06.748+0000][1][safepoint    ] Safepoint "RevokeBias", Time since last: 15857114 ns, Reaching safepoint: 113680 ns, At safepoint: 26721 ns, Total: 140401 ns
[2020-09-11T13:59:06.748+0000][1][safepoint    ] Safepoint "RevokeBias", Time since last: 601855 ns, Reaching safepoint: 88848 ns, At safepoint: 27712 ns, Total: 116560 ns
[2020-09-11T13:59:06.748+0000][1][safepoint    ] Safepoint "RevokeBias", Time since last: 42942 ns, Reaching safepoint: 83842 ns, At safepoint: 24409 ns, Total: 108251 ns
[2020-09-11T13:59:06.775+0000][1][safepoint    ] Safepoint "RevokeBias", Time since last: 15049935 ns, Reaching safepoint: 11952925 ns, At safepoint: 33821 ns, Total: 11986746 ns
[2020-09-11T13:59:06.776+0000][1][safepoint    ] Safepoint "RevokeBias", Time since last: 481380 ns, Reaching safepoint: 95530 ns, At safepoint: 15389 ns, Total: 110919 ns
[2020-09-11T13:59:06.900+0000][1][safepoint    ] Safepoint "RevokeBias", Time since last: 119361873 ns, Reaching safepoint: 4061324 ns, At safepoint: 34121 ns, Total: 4095445 ns
[2020-09-11T13:59:06.900+0000][1][safepoint    ] Safepoint "RevokeBias", Time since last: 90649 ns, Reaching safepoint: 374377 ns, At safepoint: 17468 ns, Total: 391845 ns
[2020-09-11T13:59:06.901+0000][1][safepoint    ] Safepoint "RevokeBias", Time since last: 130878 ns, Reaching safepoint: 837009 ns, At safepoint: 17929 ns, Total: 854938 ns
[2020-09-11T13:59:06.905+0000][1][safepoint    ] Safepoint "RevokeBias", Time since last: 4341282 ns, Reaching safepoint: 105827 ns, At safepoint: 22087 ns, Total: 127914 ns
[2020-09-11T13:59:06.906+0000][1][safepoint    ] Safepoint "RevokeBias", Time since last: 90802 ns, Reaching safepoint: 84094 ns, At safepoint: 14581 ns, Total: 98675 ns
[2020-09-11T13:59:06.906+0000][1][safepoint    ] Safepoint "RevokeBias", Time since last: 46180 ns, Reaching safepoint: 83659 ns, At safepoint: 13671 ns, Total: 97330 ns
[2020-09-11T13:59:06.914+0000][1][safepoint    ] Safepoint "RevokeBias", Time since last: 8134123 ns, Reaching safepoint: 116736 ns, At safepoint: 25179 ns, Total: 141915 ns
[2020-09-11T13:59:06.914+0000][1][safepoint    ] Safepoint "RevokeBias", Time since last: 251507 ns, Reaching safepoint: 86137 ns, At safepoint: 21510 ns, Total: 107647 ns
[2020-09-11T13:59:06.915+0000][1][safepoint    ] Safepoint "RevokeBias", Time since last: 39213 ns, Reaching safepoint: 83021 ns, At safepoint: 20668 ns, Total: 103689 ns
[2020-09-11T13:59:06.915+0000][1][safepoint    ] Safepoint "RevokeBias", Time since last: 121912 ns, Reaching safepoint: 84349 ns, At safepoint: 21864 ns, Total: 106213 ns
[2020-09-11T13:59:06.915+0000][1][safepoint    ] Safepoint "RevokeBias", Time since last: 109947 ns, Reaching safepoint: 89710 ns, At safepoint: 21555 ns, Total: 111265 ns
[2020-09-11T13:59:06.915+0000][1][safepoint    ] Safepoint "RevokeBias", Time since last: 36102 ns, Reaching safepoint: 84518 ns, At safepoint: 20162 ns, Total: 104680 ns
[2020-09-11T13:59:06.915+0000][1][safepoint    ] Safepoint "RevokeBias", Time since last: 88394 ns, Reaching safepoint: 85622 ns, At safepoint: 19074 ns, Total: 104696 ns
[2020-09-11T13:59:06.916+0000][1][safepoint    ] Safepoint "RevokeBias", Time since last: 273408 ns, Reaching safepoint: 85145 ns, At safepoint: 9813 ns, Total: 94958 ns
[2020-09-11T13:59:06.930+0000][1][safepoint    ] Safepoint "RevokeBias", Time since last: 11724339 ns, Reaching safepoint: 2044509 ns, At safepoint: 19929 ns, Total: 2064438 ns
[2020-09-11T13:59:06.930+0000][1][safepoint    ] Safepoint "RevokeBias", Time since last: 143386 ns, Reaching safepoint: 87155 ns, At safepoint: 29107 ns, Total: 116262 ns
[2020-09-11T13:59:06.994+0000][1][safepoint    ] Safepoint "RevokeBias", Time since last: 56543695 ns, Reaching safepoint: 8017372 ns, At safepoint: 26485 ns, Total: 8043857 ns
[2020-09-11T13:59:06.995+0000][1][safepoint    ] Safepoint "RevokeBias", Time since last: 90025 ns, Reaching safepoint: 81900 ns, At safepoint: 15004 ns, Total: 96904 ns
[2020-09-11T13:59:06.995+0000][1][safepoint    ] Safepoint "RevokeBias", Time since last: 39035 ns, Reaching safepoint: 80005 ns, At safepoint: 15165 ns, Total: 95170 ns
[2020-09-11T13:59:06.995+0000][1][safepoint    ] Safepoint "RevokeBias", Time since last: 48374 ns, Reaching safepoint: 79526 ns, At safepoint: 14070 ns, Total: 93596 ns
[2020-09-11T13:59:06.995+0000][1][safepoint    ] Safepoint "RevokeBias", Time since last: 37327 ns, Reaching safepoint: 79836 ns, At safepoint: 14533 ns, Total: 94369 ns
[2020-09-11T13:59:06.995+0000][1][safepoint    ] Safepoint "RevokeBias", Time since last: 41308 ns, Reaching safepoint: 79876 ns, At safepoint: 14030 ns, Total: 93906 ns
[2020-09-11T13:59:06.995+0000][1][safepoint    ] Safepoint "RevokeBias", Time since last: 38573 ns, Reaching safepoint: 81171 ns, At safepoint: 20845 ns, Total: 102016 ns
[2020-09-11T13:59:07.003+0000][1][safepoint    ] Safepoint "RevokeBias", Time since last: 37434 ns, Reaching safepoint: 81565 ns, At safepoint: 7989880 ns, Total: 8071445 ns
[2020-09-11T13:59:07.038+0000][1][safepoint    ] Safepoint "RevokeBias", Time since last: 34766918 ns, Reaching safepoint: 112581 ns, At safepoint: 38448 ns, Total: 151029 ns
[2020-09-11T13:59:07.038+0000][1][safepoint    ] Safepoint "RevokeBias", Time since last: 64196 ns, Reaching safepoint: 86672 ns, At safepoint: 23080 ns, Total: 109752 ns
[2020-09-11T13:59:07.084+0000][1][safepoint    ] Safepoint "BulkRevokeBias", Time since last: 45009594 ns, Reaching safepoint: 122053 ns, At safepoint: 93393 ns, Total: 215446 ns
[2020-09-11T13:59:07.107+0000][1][safepoint    ] Safepoint "RevokeBias", Time since last: 23217755 ns, Reaching safepoint: 558637 ns, At safepoint: 27222 ns, Total: 585859 ns
[2020-09-11T13:59:07.111+0000][1][safepoint    ] Safepoint "RevokeBias", Time since last: 188309 ns, Reaching safepoint: 3788546 ns, At safepoint: 30757 ns, Total: 3819303 ns
[2020-09-11T13:59:07.112+0000][1][safepoint    ] Safepoint "RevokeBias", Time since last: 785782 ns, Reaching safepoint: 94363 ns, At safepoint: 31976 ns, Total: 126339 ns
[2020-09-11T13:59:07.113+0000][1][safepoint    ] Safepoint "RevokeBias", Time since last: 53189 ns, Reaching safepoint: 86401 ns, At safepoint: 17759 ns, Total: 104160 ns
[2020-09-11T13:59:07.113+0000][1][safepoint    ] Safepoint "RevokeBias", Time since last: 32940 ns, Reaching safepoint: 85287 ns, At safepoint: 16715 ns, Total: 102002 ns
[2020-09-11T13:59:07.113+0000][1][safepoint    ] Safepoint "RevokeBias", Time since last: 229211 ns, Reaching safepoint: 88934 ns, At safepoint: 16398 ns, Total: 105332 ns
[2020-09-11T13:59:07.113+0000][1][safepoint    ] Safepoint "RevokeBias", Time since last: 33863 ns, Reaching safepoint: 83500 ns, At safepoint: 15767 ns, Total: 99267 ns
[2020-09-11T13:59:07.113+0000][1][safepoint    ] Safepoint "RevokeBias", Time since last: 30349 ns, Reaching safepoint: 82231 ns, At safepoint: 15597 ns, Total: 97828 ns
[2020-09-11T13:59:07.216+0000][1][safepoint    ] Safepoint "RevokeBias", Time since last: 102232572 ns, Reaching safepoint: 110890 ns, At safepoint: 23062 ns, Total: 133952 ns
[2020-09-11T13:59:07.256+0000][1][safepoint    ] Safepoint "RevokeBias", Time since last: 35804018 ns, Reaching safepoint: 4031392 ns, At safepoint: 36644 ns, Total: 4068036 ns
[2020-09-11T13:59:07.256+0000][1][safepoint    ] Safepoint "RevokeBias", Time since last: 84456 ns, Reaching safepoint: 88416 ns, At safepoint: 23627 ns, Total: 112043 ns
[2020-09-11T13:59:07.256+0000][1][safepoint    ] Safepoint "RevokeBias", Time since last: 37951 ns, Reaching safepoint: 87596 ns, At safepoint: 19659 ns, Total: 107255 ns
[2020-09-11T13:59:07.256+0000][1][safepoint    ] Safepoint "RevokeBias", Time since last: 58510 ns, Reaching safepoint: 86575 ns, At safepoint: 19242 ns, Total: 105817 ns
[2020-09-11T13:59:07.504+0000][1][safepoint    ] Safepoint "RevokeBias", Time since last: 242658599 ns, Reaching safepoint: 5760690 ns, At safepoint: 36434 ns, Total: 5797124 ns
[2020-09-11T13:59:07.728+0000][1][safepoint    ] Safepoint "RevokeBias", Time since last: 222931117 ns, Reaching safepoint: 111758 ns, At safepoint: 28655 ns, Total: 140413 ns
[2020-09-11T13:59:07.728+0000][1][safepoint    ] Safepoint "RevokeBias", Time since last: 57535 ns, Reaching safepoint: 81616 ns, At safepoint: 17327 ns, Total: 98943 ns
[2020-09-11T13:59:07.744+0000][1][safepoint    ] Safepoint "RevokeBias", Time since last: 11749743 ns, Reaching safepoint: 4274616 ns, At safepoint: 31331 ns, Total: 4305947 ns
[2020-09-11T13:59:07.780+0000][1][safepoint    ] Safepoint "RevokeBias", Time since last: 7781143 ns, Reaching safepoint: 28151845 ns, At safepoint: 28457 ns, Total: 28180302 ns
[2020-09-11T13:59:07.791+0000][1][safepoint    ] Safepoint "RevokeBias", Time since last: 1225336 ns, Reaching safepoint: 9870385 ns, At safepoint: 32882 ns, Total: 9903267 ns
[2020-09-11T13:59:07.793+0000][1][safepoint    ] Safepoint "RevokeBias", Time since last: 553148 ns, Reaching safepoint: 1195576 ns, At safepoint: 29260 ns, Total: 1224836 ns
[2020-09-11T13:59:07.793+0000][1][safepoint    ] Safepoint "RevokeBias", Time since last: 212140 ns, Reaching safepoint: 88102 ns, At safepoint: 23638 ns, Total: 111740 ns
[2020-09-11T13:59:07.815+0000][1][safepoint    ] Safepoint "RevokeBias", Time since last: 14217696 ns, Reaching safepoint: 8292520 ns, At safepoint: 28458 ns, Total: 8320978 ns
[2020-09-11T13:59:07.819+0000][1][safepoint    ] Safepoint "RevokeBias", Time since last: 1024433 ns, Reaching safepoint: 2938265 ns, At safepoint: 40332 ns, Total: 2978597 ns
[2020-09-11T13:59:07.830+0000][1][safepoint    ] Safepoint "RevokeBias", Time since last: 5208602 ns, Reaching safepoint: 4917396 ns, At safepoint: 26532 ns, Total: 4943928 ns
[2020-09-11T13:59:07.831+0000][1][safepoint    ] Safepoint "RevokeBias", Time since last: 958418 ns, Reaching safepoint: 830273 ns, At safepoint: 20418 ns, Total: 850691 ns
[2020-09-11T13:59:07.833+0000][1][safepoint    ] Safepoint "RevokeBias", Time since last: 63447 ns, Reaching safepoint: 1300979 ns, At safepoint: 18840 ns, Total: 1319819 ns
[2020-09-11T13:59:07.840+0000][1][safepoint    ] Safepoint "RevokeBias", Time since last: 6604131 ns, Reaching safepoint: 125722 ns, At safepoint: 34149 ns, Total: 159871 ns
[2020-09-11T13:59:07.852+0000][1][safepoint    ] Safepoint "RevokeBias", Time since last: 11825098 ns, Reaching safepoint: 125216 ns, At safepoint: 21881 ns, Total: 147097 ns
[2020-09-11T13:59:07.852+0000][1][safepoint    ] Safepoint "RevokeBias", Time since last: 81477 ns, Reaching safepoint: 91533 ns, At safepoint: 14986 ns, Total: 106519 ns
[2020-09-11T13:59:07.852+0000][1][safepoint    ] Safepoint "RevokeBias", Time since last: 124347 ns, Reaching safepoint: 89082 ns, At safepoint: 18405 ns, Total: 107487 ns
[2020-09-11T13:59:07.863+0000][1][safepoint    ] Safepoint "RevokeBias", Time since last: 8369453 ns, Reaching safepoint: 2854740 ns, At safepoint: 27864 ns, Total: 2882604 ns
[2020-09-11T13:59:07.865+0000][1][safepoint    ] Safepoint "RevokeBias", Time since last: 1590962 ns, Reaching safepoint: 98752 ns, At safepoint: 16854 ns, Total: 115606 ns
[2020-09-11T13:59:07.865+0000][1][safepoint    ] Safepoint "RevokeBias", Time since last: 73650 ns, Reaching safepoint: 82971 ns, At safepoint: 13879 ns, Total: 96850 ns
[2020-09-11T13:59:07.875+0000][1][safepoint    ] Safepoint "RevokeBias", Time since last: 10076373 ns, Reaching safepoint: 113662 ns, At safepoint: 41258 ns, Total: 154920 ns
[2020-09-11T13:59:07.896+0000][1][safepoint    ] Safepoint "RevokeBias", Time since last: 20139902 ns, Reaching safepoint: 317569 ns, At safepoint: 31118 ns, Total: 348687 ns
[2020-09-11T13:59:07.897+0000][1][safepoint    ] Safepoint "RevokeBias", Time since last: 697682 ns, Reaching safepoint: 91217 ns, At safepoint: 15761 ns, Total: 106978 ns
[2020-09-11T13:59:07.907+0000][1][safepoint    ] Safepoint "RevokeBias", Time since last: 10218814 ns, Reaching safepoint: 113531 ns, At safepoint: 15892 ns, Total: 129423 ns
[2020-09-11T13:59:07.955+0000][1][safepoint    ] Safepoint "RevokeBias", Time since last: 47330902 ns, Reaching safepoint: 1114735 ns, At safepoint: 33399 ns, Total: 1148134 ns
[2020-09-11T13:59:08.103+0000][1][safepoint    ] Safepoint "RevokeBias", Time since last: 146305212 ns, Reaching safepoint: 1669435 ns, At safepoint: 25170 ns, Total: 1694605 ns
[2020-09-11T13:59:08.152+0000][1][safepoint    ] Safepoint "RevokeBias", Time since last: 47948194 ns, Reaching safepoint: 118401 ns, At safepoint: 15456 ns, Total: 133857 ns
[2020-09-11T13:59:08.348+0000][1][safepoint    ] Safepoint "RevokeBias", Time since last: 195864120 ns, Reaching safepoint: 119878 ns, At safepoint: 16300 ns, Total: 136178 ns
[2020-09-11T13:59:08.348+0000][1][safepoint    ] Safepoint "RevokeBias", Time since last: 81200 ns, Reaching safepoint: 83118 ns, At safepoint: 9820 ns, Total: 92938 ns
[2020-09-11T13:59:08.508+0000][1][safepoint    ] Safepoint "RevokeBias", Time since last: 160248461 ns, Reaching safepoint: 119934 ns, At safepoint: 17791 ns, Total: 137725 ns
[2020-09-11T13:59:08.592+0000][1][safepoint    ] Safepoint "RevokeBias", Time since last: 83944140 ns, Reaching safepoint: 126392 ns, At safepoint: 17627 ns, Total: 144019 ns
[2020-09-11T13:59:08.624+0000][1][safepoint    ] Safepoint "RevokeBias", Time since last: 31320959 ns, Reaching safepoint: 112663 ns, At safepoint: 31011 ns, Total: 143674 ns
[2020-09-11T13:59:08.728+0000][1][safepoint    ] Safepoint "RevokeBias", Time since last: 104075023 ns, Reaching safepoint: 37702 ns, At safepoint: 15504 ns, Total: 53206 ns
[2020-09-11T13:59:08.730+0000][1][safepoint    ] Safepoint "RevokeBias", Time since last: 1977257 ns, Reaching safepoint: 27986 ns, At safepoint: 13930 ns, Total: 41916 ns
[2020-09-11T13:59:08.730+0000][1][safepoint    ] Safepoint "RevokeBias", Time since last: 229137 ns, Reaching safepoint: 14718 ns, At safepoint: 9336 ns, Total: 24054 ns
[2020-09-11T13:59:08.731+0000][1][safepoint    ] Safepoint "RevokeBias", Time since last: 521300 ns, Reaching safepoint: 15494 ns, At safepoint: 8846 ns, Total: 24340 ns
[2020-09-11T13:59:08.739+0000][1][safepoint    ] Safepoint "RevokeBias", Time since last: 8087141 ns, Reaching safepoint: 44178 ns, At safepoint: 17126 ns, Total: 61304 ns
[2020-09-11T13:59:08.895+0000][1][safepoint    ] Safepoint "RevokeBias", Time since last: 147564628 ns, Reaching safepoint: 8507662 ns, At safepoint: 53864 ns, Total: 8561526 ns
[2020-09-11T13:59:08.896+0000][1][safepoint    ] Safepoint "RevokeBias", Time since last: 697432 ns, Reaching safepoint: 95178 ns, At safepoint: 27421 ns, Total: 122599 ns
[2020-09-11T13:59:08.917+0000][1][safepoint    ] Safepoint "RevokeBias", Time since last: 20534853 ns, Reaching safepoint: 252005 ns, At safepoint: 16397 ns, Total: 268402 ns
[2020-09-11T13:59:08.932+0000][1][safepoint    ] Safepoint "RevokeBias", Time since last: 14922383 ns, Reaching safepoint: 116824 ns, At safepoint: 34203 ns, Total: 151027 ns
[2020-09-11T13:59:08.952+0000][1][safepoint    ] Safepoint "RevokeBias", Time since last: 20281889 ns, Reaching safepoint: 250212 ns, At safepoint: 16262 ns, Total: 266474 ns
[2020-09-11T13:59:08.952+0000][1][safepoint    ] Safepoint "RevokeBias", Time since last: 257649 ns, Reaching safepoint: 86742 ns, At safepoint: 11188 ns, Total: 97930 ns
[2020-09-11T13:59:08.953+0000][1][safepoint    ] Safepoint "RevokeBias", Time since last: 130454 ns, Reaching safepoint: 86491 ns, At safepoint: 10244 ns, Total: 96735 ns
[2020-09-11T13:59:08.953+0000][1][safepoint    ] Safepoint "RevokeBias", Time since last: 73433 ns, Reaching safepoint: 85472 ns, At safepoint: 11039 ns, Total: 96511 ns
[2020-09-11T13:59:08.953+0000][1][safepoint    ] Safepoint "RevokeBias", Time since last: 123639 ns, Reaching safepoint: 85048 ns, At safepoint: 10596 ns, Total: 95644 ns
[2020-09-11T13:59:08.953+0000][1][safepoint    ] Safepoint "RevokeBias", Time since last: 69288 ns, Reaching safepoint: 85267 ns, At safepoint: 9820 ns, Total: 95087 ns
[2020-09-11T13:59:08.956+0000][1][safepoint    ] Safepoint "RevokeBias", Time since last: 120279 ns, Reaching safepoint: 2101610 ns, At safepoint: 19331 ns, Total: 2120941 ns
[2020-09-11T13:59:08.956+0000][1][safepoint    ] Safepoint "RevokeBias", Time since last: 131602 ns, Reaching safepoint: 87634 ns, At safepoint: 11234 ns, Total: 98868 ns
[2020-09-11T13:59:08.956+0000][1][safepoint    ] Safepoint "RevokeBias", Time since last: 181032 ns, Reaching safepoint: 86510 ns, At safepoint: 11790 ns, Total: 98300 ns
[2020-09-11T13:59:08.964+0000][1][safepoint    ] Safepoint "RevokeBias", Time since last: 7586720 ns, Reaching safepoint: 113829 ns, At safepoint: 16138 ns, Total: 129967 ns
[2020-09-11T13:59:08.964+0000][1][safepoint    ] Safepoint "RevokeBias", Time since last: 267607 ns, Reaching safepoint: 87007 ns, At safepoint: 11024 ns, Total: 98031 ns
[2020-09-11T13:59:08.964+0000][1][safepoint    ] Safepoint "RevokeBias", Time since last: 73964 ns, Reaching safepoint: 86145 ns, At safepoint: 10238 ns, Total: 96383 ns
[2020-09-11T13:59:08.965+0000][1][safepoint    ] Safepoint "RevokeBias", Time since last: 125497 ns, Reaching safepoint: 95821 ns, At safepoint: 11441 ns, Total: 107262 ns
[2020-09-11T13:59:08.965+0000][1][safepoint    ] Safepoint "RevokeBias", Time since last: 537923 ns, Reaching safepoint: 88505 ns, At safepoint: 11279 ns, Total: 99784 ns
[2020-09-11T13:59:08.970+0000][1][safepoint    ] Safepoint "RevokeBias", Time since last: 4882878 ns, Reaching safepoint: 115120 ns, At safepoint: 14729 ns, Total: 129849 ns
[2020-09-11T13:59:08.971+0000][1][safepoint    ] Safepoint "RevokeBias", Time since last: 634106 ns, Reaching safepoint: 91038 ns, At safepoint: 11869 ns, Total: 102907 ns
[2020-09-11T13:59:08.990+0000][1][safepoint    ] Safepoint "RevokeBias", Time since last: 7950079 ns, Reaching safepoint: 10677130 ns, At safepoint: 24839 ns, Total: 10701969 ns
[2020-09-11T13:59:08.991+0000][1][safepoint    ] Safepoint "RevokeBias", Time since last: 928098 ns, Reaching safepoint: 90307 ns, At safepoint: 11385 ns, Total: 101692 ns
[2020-09-11T13:59:08.991+0000][1][safepoint    ] Safepoint "RevokeBias", Time since last: 587060 ns, Reaching safepoint: 89940 ns, At safepoint: 11191 ns, Total: 101131 ns
[2020-09-11T13:59:09.016+0000][1][safepoint    ] Safepoint "RevokeBias", Time since last: 15146466 ns, Reaching safepoint: 9066965 ns, At safepoint: 42431 ns, Total: 9109396 ns
[2020-09-11T13:59:09.117+0000][1][safepoint    ] Safepoint "RevokeBias", Time since last: 95207454 ns, Reaching safepoint: 5779728 ns, At safepoint: 21286 ns, Total: 5801014 ns
[2020-09-11T13:59:09.117+0000][1][safepoint    ] Safepoint "RevokeBias", Time since last: 304669 ns, Reaching safepoint: 88917 ns, At safepoint: 10506 ns, Total: 99423 ns
[2020-09-11T13:59:09.117+0000][1][safepoint    ] Safepoint "RevokeBias", Time since last: 121057 ns, Reaching safepoint: 85986 ns, At safepoint: 9822 ns, Total: 95808 ns
[2020-09-11T13:59:09.117+0000][1][safepoint    ] Safepoint "RevokeBias", Time since last: 126646 ns, Reaching safepoint: 88140 ns, At safepoint: 9731 ns, Total: 97871 ns
[2020-09-11T13:59:09.118+0000][1][safepoint    ] Safepoint "RevokeBias", Time since last: 83145 ns, Reaching safepoint: 87897 ns, At safepoint: 9922 ns, Total: 97819 ns
[2020-09-11T13:59:09.122+0000][1][safepoint    ] Safepoint "RevokeBias", Time since last: 3989951 ns, Reaching safepoint: 116328 ns, At safepoint: 16983 ns, Total: 133311 ns
[2020-09-11T13:59:09.122+0000][1][safepoint    ] Safepoint "RevokeBias", Time since last: 193608 ns, Reaching safepoint: 87342 ns, At safepoint: 10626 ns, Total: 97968 ns
[2020-09-11T13:59:09.129+0000][1][safepoint    ] Safepoint "RevokeBias", Time since last: 6528526 ns, Reaching safepoint: 122713 ns, At safepoint: 17694 ns, Total: 140407 ns
[2020-09-11T13:59:09.129+0000][1][safepoint    ] Safepoint "RevokeBias", Time since last: 210836 ns, Reaching safepoint: 87380 ns, At safepoint: 11343 ns, Total: 98723 ns
[2020-09-11T13:59:09.148+0000][1][safepoint    ] Safepoint "RevokeBias", Time since last: 8814035 ns, Reaching safepoint: 9786346 ns, At safepoint: 25798 ns, Total: 9812144 ns
[2020-09-11T13:59:09.149+0000][1][safepoint    ] Safepoint "RevokeBias", Time since last: 1281152 ns, Reaching safepoint: 91322 ns, At safepoint: 11601 ns, Total: 102923 ns
[2020-09-11T13:59:09.149+0000][1][safepoint    ] Safepoint "BulkRevokeBias", Time since last: 237262 ns, Reaching safepoint: 85622 ns, At safepoint: 93689 ns, Total: 179311 ns
[2020-09-11T13:59:09.150+0000][1][safepoint    ] Safepoint "RevokeBias", Time since last: 568108 ns, Reaching safepoint: 88638 ns, At safepoint: 11595 ns, Total: 100233 ns
[2020-09-11T13:59:09.150+0000][1][safepoint    ] Safepoint "RevokeBias", Time since last: 336382 ns, Reaching safepoint: 86024 ns, At safepoint: 10065 ns, Total: 96089 ns
[2020-09-11T13:59:09.151+0000][1][safepoint    ] Safepoint "RevokeBias", Time since last: 315442 ns, Reaching safepoint: 86027 ns, At safepoint: 9558 ns, Total: 95585 ns
[2020-09-11T13:59:09.171+0000][1][safepoint    ] Safepoint "RevokeBias", Time since last: 17742098 ns, Reaching safepoint: 2826020 ns, At safepoint: 30948 ns, Total: 2856968 ns
[2020-09-11T13:59:09.174+0000][1][safepoint    ] Safepoint "RevokeBias", Time since last: 644946 ns, Reaching safepoint: 1600527 ns, At safepoint: 17674 ns, Total: 1618201 ns
[2020-09-11T13:59:09.183+0000][1][safepoint    ] Safepoint "RevokeBias", Time since last: 461855 ns, Reaching safepoint: 9204483 ns, At safepoint: 30057 ns, Total: 9234540 ns
[2020-09-11T13:59:09.733+0000][1][safepoint    ] Safepoint "BulkRevokeBias", Time since last: 549341752 ns, Reaching safepoint: 121949 ns, At safepoint: 134483 ns, Total: 256432 ns
[2020-09-11T13:59:09.736+0000][1][safepoint    ] Safepoint "RevokeBias", Time since last: 3285321 ns, Reaching safepoint: 104936 ns, At safepoint: 12948 ns, Total: 117884 ns
[2020-09-11T13:59:09.737+0000][1][safepoint    ] Safepoint "RevokeBias", Time since last: 547142 ns, Reaching safepoint: 90552 ns, At safepoint: 10558 ns, Total: 101110 ns
[2020-09-11T13:59:09.747+0000][1][safepoint    ] Safepoint "RevokeBias", Time since last: 9715994 ns, Reaching safepoint: 116789 ns, At safepoint: 15185 ns, Total: 131974 ns
[2020-09-11T13:59:10.082+0000][1][safepoint    ] Safepoint "RevokeBias", Time since last: 334203147 ns, Reaching safepoint: 737465 ns, At safepoint: 51772 ns, Total: 789237 ns
[2020-09-11T13:59:10.186+0000][1][safepoint    ] Safepoint "RevokeBias", Time since last: 103911598 ns, Reaching safepoint: 110657 ns, At safepoint: 26091 ns, Total: 136748 ns
[2020-09-11T13:59:10.557+0000][1][safepoint    ] Safepoint "RevokeBias", Time since last: 370454968 ns, Reaching safepoint: 115093 ns, At safepoint: 15197 ns, Total: 130290 ns
[2020-09-11T13:59:10.642+0000][1][safepoint    ] Safepoint "RevokeBias", Time since last: 74736516 ns, Reaching safepoint: 10615100 ns, At safepoint: 66597 ns, Total: 10681697 ns
[2020-09-11T13:59:10.727+0000][1][safepoint    ] Safepoint "RevokeBias", Time since last: 85097632 ns, Reaching safepoint: 131330 ns, At safepoint: 58518 ns, Total: 189848 ns
[2020-09-11T13:59:10.905+0000][1][safepoint    ] Safepoint "RevokeBias", Time since last: 178071729 ns, Reaching safepoint: 125363 ns, At safepoint: 17012 ns, Total: 142375 ns
[2020-09-11T13:59:10.910+0000][1][safepoint    ] Safepoint "RevokeBias", Time since last: 4078994 ns, Reaching safepoint: 105108 ns, At safepoint: 12778 ns, Total: 117886 ns
[2020-09-11T13:59:10.910+0000][1][safepoint    ] Safepoint "RevokeBias", Time since last: 253791 ns, Reaching safepoint: 85462 ns, At safepoint: 9370 ns, Total: 94832 ns
[2020-09-11T13:59:10.916+0000][1][safepoint    ] Safepoint "RevokeBias", Time since last: 5390814 ns, Reaching safepoint: 118583 ns, At safepoint: 15044 ns, Total: 133627 ns
[2020-09-11T13:59:10.932+0000][1][safepoint    ] Safepoint "RevokeBias", Time since last: 15870214 ns, Reaching safepoint: 132146 ns, At safepoint: 17973 ns, Total: 150119 ns
[2020-09-11T13:59:10.960+0000][1][safepoint    ] Safepoint "RevokeBias", Time since last: 27829687 ns, Reaching safepoint: 140977 ns, At safepoint: 36343 ns, Total: 177320 ns
[2020-09-11T13:59:10.999+0000][1][gc,start     ] GC(65) Pause Young (Allocation Failure)
[2020-09-11T13:59:11.000+0000][1][gc,task      ] GC(65) Using 1 workers of 1 for evacuation
[2020-09-11T13:59:11.188+0000][1][gc,age       ] GC(65) Desired survivor size 4358144 bytes, new threshold 2 (max threshold 6)
[2020-09-11T13:59:11.188+0000][1][gc,age       ] GC(65) Age table with threshold 2 (max threshold 6)
[2020-09-11T13:59:11.188+0000][1][gc,age       ] GC(65) - age   1:    2183576 bytes,    2183576 total
[2020-09-11T13:59:11.188+0000][1][gc,age       ] GC(65) - age   2:    3460880 bytes,    5644456 total
[2020-09-11T13:59:11.188+0000][1][gc,heap      ] GC(65) ParNew: 76287K->6240K(76672K)
[2020-09-11T13:59:11.188+0000][1][gc,heap      ] GC(65) CMS: 55814K->59373K(439104K)
[2020-09-11T13:59:11.188+0000][1][gc,metaspace ] GC(65) Metaspace: 73768K->73768K(1116160K)
[2020-09-11T13:59:11.188+0000][1][gc           ] GC(65) Pause Young (Allocation Failure) 129M->64M(503M) 188.257ms
[2020-09-11T13:59:11.188+0000][1][gc,cpu       ] GC(65) User=0.06s Sys=0.00s Real=0.19s
[2020-09-11T13:59:11.207+0000][1][safepoint    ] Safepoint "GenCollectForAllocation", Time since last: 39746044 ns, Reaching safepoint: 106790 ns, At safepoint: 207977696 ns, Total: 208084486 ns
[2020-09-11T13:59:11.262+0000][1][safepoint    ] Safepoint "RevokeBias", Time since last: 54425934 ns, Reaching safepoint: 264843 ns, At safepoint: 23170 ns, Total: 288013 ns
[2020-09-11T13:59:11.280+0000][1][safepoint    ] Safepoint "RevokeBias", Time since last: 17054173 ns, Reaching safepoint: 651556 ns, At safepoint: 17505 ns, Total: 669061 ns
[2020-09-11T13:59:11.286+0000][1][safepoint    ] Safepoint "RevokeBias", Time since last: 6139319 ns, Reaching safepoint: 111034 ns, At safepoint: 15921 ns, Total: 126955 ns
[2020-09-11T13:59:11.292+0000][1][safepoint    ] Safepoint "RevokeBias", Time since last: 5229515 ns, Reaching safepoint: 133920 ns, At safepoint: 30852 ns, Total: 164772 ns
[2020-09-11T13:59:11.292+0000][1][safepoint    ] Safepoint "RevokeBias", Time since last: 523470 ns, Reaching safepoint: 86486 ns, At safepoint: 13094 ns, Total: 99580 ns
[2020-09-11T13:59:11.316+0000][1][safepoint    ] Safepoint "RevokeBias", Time since last: 23419439 ns, Reaching safepoint: 117739 ns, At safepoint: 25520 ns, Total: 143259 ns
[2020-09-11T13:59:11.336+0000][1][safepoint    ] Safepoint "RevokeBias", Time since last: 14178659 ns, Reaching safepoint: 6256032 ns, At safepoint: 57833 ns, Total: 6313865 ns
[2020-09-11T13:59:11.880+0000][1][safepoint    ] Safepoint "RevokeBias", Time since last: 543234485 ns, Reaching safepoint: 165605 ns, At safepoint: 18985 ns, Total: 184590 ns
[2020-09-11T13:59:11.880+0000][1][safepoint    ] Safepoint "RevokeBias", Time since last: 246303 ns, Reaching safepoint: 86875 ns, At safepoint: 27575 ns, Total: 114450 ns
[2020-09-11T13:59:11.884+0000][1][safepoint    ] Safepoint "RevokeBias", Time since last: 3449772 ns, Reaching safepoint: 119209 ns, At safepoint: 61773 ns, Total: 180982 ns
[2020-09-11T13:59:11.916+0000][1][safepoint    ] Safepoint "RevokeBias", Time since last: 13923287 ns, Reaching safepoint: 17938883 ns, At safepoint: 30752 ns, Total: 17969635 ns
[2020-09-11T13:59:11.916+0000][1][safepoint    ] Safepoint "RevokeBias", Time since last: 327125 ns, Reaching safepoint: 90833 ns, At safepoint: 11335 ns, Total: 102168 ns
[2020-09-11T13:59:11.924+0000][1][safepoint    ] Safepoint "RevokeBias", Time since last: 7487179 ns, Reaching safepoint: 131259 ns, At safepoint: 26754 ns, Total: 158013 ns
[2020-09-11T13:59:11.958+0000][1][safepoint    ] Safepoint "RevokeBias", Time since last: 31855842 ns, Reaching safepoint: 2126794 ns, At safepoint: 17091 ns, Total: 2143885 ns
[2020-09-11T13:59:12.080+0000][1][safepoint    ] Safepoint "RevokeBias", Time since last: 122135224 ns, Reaching safepoint: 117890 ns, At safepoint: 50345 ns, Total: 168235 ns
[2020-09-11T13:59:12.081+0000][1][safepoint    ] Safepoint "RevokeBias", Time since last: 563540 ns, Reaching safepoint: 99307 ns, At safepoint: 48111 ns, Total: 147418 ns
[2020-09-11T13:59:12.320+0000][1][safepoint    ] Safepoint "RevokeBias", Time since last: 239684349 ns, Reaching safepoint: 111834 ns, At safepoint: 21457 ns, Total: 133291 ns
[2020-09-11T13:59:12.332+0000][1][safepoint    ] Safepoint "RevokeBias", Time since last: 11028240 ns, Reaching safepoint: 134207 ns, At safepoint: 62266 ns, Total: 196473 ns
[2020-09-11T13:59:12.476+0000][1][safepoint    ] Safepoint "RevokeBias", Time since last: 136597034 ns, Reaching safepoint: 7215653 ns, At safepoint: 61243 ns, Total: 7276896 ns
[2020-09-11T13:59:12.481+0000][1][safepoint    ] Safepoint "RevokeBias", Time since last: 1020639 ns, Reaching safepoint: 3979713 ns, At safepoint: 49878 ns, Total: 4029591 ns
[2020-09-11T13:59:12.536+0000][1][safepoint    ] Safepoint "RevokeBias", Time since last: 54864887 ns, Reaching safepoint: 135889 ns, At safepoint: 18352 ns, Total: 154241 ns
[2020-09-11T13:59:12.740+0000][1][safepoint    ] Safepoint "RevokeBias", Time since last: 204505080 ns, Reaching safepoint: 121464 ns, At safepoint: 16725 ns, Total: 138189 ns
[2020-09-11T13:59:12.756+0000][1][safepoint    ] Safepoint "BulkRevokeBias", Time since last: 15802856 ns, Reaching safepoint: 40388 ns, At safepoint: 138609 ns, Total: 178997 ns
[2020-09-11T13:59:12.763+0000][1][safepoint    ] Safepoint "RevokeBias", Time since last: 6732621 ns, Reaching safepoint: 44505 ns, At safepoint: 15287 ns, Total: 59792 ns
[2020-09-11T13:59:12.764+0000][1][safepoint    ] Safepoint "RevokeBias", Time since last: 778109 ns, Reaching safepoint: 26834 ns, At safepoint: 10504 ns, Total: 37338 ns
[2020-09-11T13:59:12.772+0000][1][safepoint    ] Safepoint "RevokeBias", Time since last: 7968972 ns, Reaching safepoint: 112341 ns, At safepoint: 16869 ns, Total: 129210 ns
[2020-09-11T13:59:12.859+0000][1][safepoint    ] Safepoint "RevokeBias", Time since last: 86789789 ns, Reaching safepoint: 35343 ns, At safepoint: 17492 ns, Total: 52835 ns
[2020-09-11T13:59:12.859+0000][1][safepoint    ] Safepoint "RevokeBias", Time since last: 48896 ns, Reaching safepoint: 14677 ns, At safepoint: 10496 ns, Total: 25173 ns
[2020-09-11T13:59:13.204+0000][1][safepoint    ] Safepoint "RevokeBias", Time since last: 345445989 ns, Reaching safepoint: 128621 ns, At safepoint: 22078 ns, Total: 150699 ns
[2020-09-11T13:59:13.205+0000][1][safepoint    ] Safepoint "RevokeBias", Time since last: 76493 ns, Reaching safepoint: 101058 ns, At safepoint: 16016 ns, Total: 117074 ns
[2020-09-11T13:59:13.426+0000][1][safepoint    ] Safepoint "RevokeBias", Time since last: 221712687 ns, Reaching safepoint: 132474 ns, At safepoint: 20477 ns, Total: 152951 ns
[2020-09-11T13:59:13.427+0000][1][safepoint    ] Safepoint "RevokeBias", Time since last: 436028 ns, Reaching safepoint: 105488 ns, At safepoint: 16330 ns, Total: 121818 ns
[2020-09-11T13:59:13.431+0000][1][safepoint    ] Safepoint "RevokeBias", Time since last: 257181 ns, Reaching safepoint: 4142392 ns, At safepoint: 21659 ns, Total: 4164051 ns
[2020-09-11T13:59:13.656+0000][1][safepoint    ] Safepoint "RevokeBias", Time since last: 224166961 ns, Reaching safepoint: 152245 ns, At safepoint: 24196 ns, Total: 176441 ns
[2020-09-11T13:59:13.656+0000][1][safepoint    ] Safepoint "RevokeBias", Time since last: 192606 ns, Reaching safepoint: 107398 ns, At safepoint: 16500 ns, Total: 123898 ns
[2020-09-11T13:59:13.656+0000][1][safepoint    ] Safepoint "RevokeBias", Time since last: 45761 ns, Reaching safepoint: 95346 ns, At safepoint: 14940 ns, Total: 110286 ns
[2020-09-11T13:59:13.702+0000][1][safepoint    ] Safepoint "RevokeBias", Time since last: 45175223 ns, Reaching safepoint: 590809 ns, At safepoint: 15248 ns, Total: 606057 ns
[2020-09-11T13:59:13.724+0000][1][safepoint    ] Safepoint "BulkRevokeBias", Time since last: 22109134 ns, Reaching safepoint: 107601 ns, At safepoint: 114862 ns, Total: 222463 ns
[2020-09-11T13:59:13.725+0000][1][safepoint    ] Safepoint "RevokeBias", Time since last: 206595 ns, Reaching safepoint: 86327 ns, At safepoint: 16001 ns, Total: 102328 ns
[2020-09-11T13:59:14.077+0000][1][safepoint    ] Safepoint "RevokeBias", Time since last: 351774224 ns, Reaching safepoint: 113620 ns, At safepoint: 14942 ns, Total: 128562 ns
[2020-09-11T13:59:14.078+0000][1][safepoint    ] Safepoint "RevokeBias", Time since last: 841645 ns, Reaching safepoint: 89973 ns, At safepoint: 10508 ns, Total: 100481 ns
[2020-09-11T13:59:14.145+0000][1][safepoint    ] Safepoint "RevokeBias", Time since last: 58021839 ns, Reaching safepoint: 8972431 ns, At safepoint: 17420 ns, Total: 8989851 ns
[2020-09-11T13:59:14.428+0000][1][safepoint    ] Safepoint "RevokeBias", Time since last: 283677653 ns, Reaching safepoint: 65074 ns, At safepoint: 8795 ns, Total: 73869 ns
[2020-09-11T13:59:14.476+0000][1][safepoint    ] Safepoint "RevokeBias", Time since last: 47246819 ns, Reaching safepoint: 129474 ns, At safepoint: 9144 ns, Total: 138618 ns
[2020-09-11T13:59:14.476+0000][1][safepoint    ] Safepoint "RevokeBias", Time since last: 282128 ns, Reaching safepoint: 21013 ns, At safepoint: 4768 ns, Total: 25781 ns
[2020-09-11T13:59:14.476+0000][1][safepoint    ] Safepoint "RevokeBias", Time since last: 38802 ns, Reaching safepoint: 16295 ns, At safepoint: 4064 ns, Total: 20359 ns
[2020-09-11T13:59:14.476+0000][1][safepoint    ] Safepoint "RevokeBias", Time since last: 159710 ns, Reaching safepoint: 18579 ns, At safepoint: 4324 ns, Total: 22903 ns
[2020-09-11T13:59:14.484+0000][1][safepoint    ] Safepoint "RevokeBias", Time since last: 7430669 ns, Reaching safepoint: 56446 ns, At safepoint: 10834 ns, Total: 67280 ns
[2020-09-11T13:59:14.485+0000][1][safepoint    ] Safepoint "RevokeBias", Time since last: 791017 ns, Reaching safepoint: 103811 ns, At safepoint: 6191 ns, Total: 110002 ns
[2020-09-11T13:59:14.513+0000][1][safepoint    ] Safepoint "RevokeBias", Time since last: 23986049 ns, Reaching safepoint: 4009303 ns, At safepoint: 14903 ns, Total: 4024206 ns
[2020-09-11T13:59:14.513+0000][1][safepoint    ] Safepoint "RevokeBias", Time since last: 83957 ns, Reaching safepoint: 23465 ns, At safepoint: 4099 ns, Total: 27564 ns
[2020-09-11T13:59:14.801+0000][1][safepoint    ] Safepoint "Deoptimize", Time since last: 287880035 ns, Reaching safepoint: 118282 ns, At safepoint: 367477 ns, Total: 485759 ns
[2020-09-11T13:59:15.107+0000][1][safepoint    ] Safepoint "RevokeBias", Time since last: 305919330 ns, Reaching safepoint: 378961 ns, At safepoint: 8350 ns, Total: 387311 ns
[2020-09-11T13:59:15.108+0000][1][safepoint    ] Safepoint "RevokeBias", Time since last: 52444 ns, Reaching safepoint: 93804 ns, At safepoint: 6162 ns, Total: 99966 ns
[2020-09-11T13:59:15.149+0000][1][safepoint    ] Safepoint "RevokeBias", Time since last: 36841203 ns, Reaching safepoint: 4669801 ns, At safepoint: 16284 ns, Total: 4686085 ns
[2020-09-11T13:59:15.149+0000][1][safepoint    ] Safepoint "BulkRevokeBias", Time since last: 100161 ns, Reaching safepoint: 90826 ns, At safepoint: 121838 ns, Total: 212664 ns
[2020-09-11T13:59:15.150+0000][1][safepoint    ] Safepoint "RevokeBias", Time since last: 45042 ns, Reaching safepoint: 637276 ns, At safepoint: 7284 ns, Total: 644560 ns
[2020-09-11T13:59:15.151+0000][1][safepoint    ] Safepoint "RevokeBias", Time since last: 294818 ns, Reaching safepoint: 92438 ns, At safepoint: 7022 ns, Total: 99460 ns
[2020-09-11T13:59:15.204+0000][1][safepoint    ] Safepoint "RevokeBias", Time since last: 52910175 ns, Reaching safepoint: 126174 ns, At safepoint: 8407 ns, Total: 134581 ns
[2020-09-11T13:59:15.204+0000][1][safepoint    ] Safepoint "BulkRevokeBias", Time since last: 112098 ns, Reaching safepoint: 90401 ns, At safepoint: 126275 ns, Total: 216676 ns
[2020-09-11T13:59:15.204+0000][1][safepoint    ] Safepoint "RevokeBias", Time since last: 192168 ns, Reaching safepoint: 90307 ns, At safepoint: 5458 ns, Total: 95765 ns
[2020-09-11T13:59:15.336+0000][1][safepoint    ] Safepoint "RevokeBias", Time since last: 131886113 ns, Reaching safepoint: 121762 ns, At safepoint: 8677 ns, Total: 130439 ns
[2020-09-11T13:59:15.373+0000][1][safepoint    ] Safepoint "RevokeBias", Time since last: 36331556 ns, Reaching safepoint: 81391 ns, At safepoint: 7887 ns, Total: 89278 ns
[2020-09-11T13:59:15.376+0000][1][safepoint    ] Safepoint "RevokeBias", Time since last: 2798616 ns, Reaching safepoint: 101148 ns, At safepoint: 6629 ns, Total: 107777 ns
[2020-09-11T13:59:16.053+0000][1][safepoint    ] Safepoint "RevokeBias", Time since last: 676990748 ns, Reaching safepoint: 38493 ns, At safepoint: 12988 ns, Total: 51481 ns
[2020-09-11T13:59:16.388+0000][1][safepoint    ] Safepoint "RevokeBias", Time since last: 335625377 ns, Reaching safepoint: 55213 ns, At safepoint: 7906 ns, Total: 63119 ns
[2020-09-11T13:59:16.388+0000][1][safepoint    ] Safepoint "RevokeBias", Time since last: 137654 ns, Reaching safepoint: 18565 ns, At safepoint: 4754 ns, Total: 23319 ns
[2020-09-11T13:59:17.140+0000][1][safepoint    ] Safepoint "RevokeBias", Time since last: 751690664 ns, Reaching safepoint: 62882 ns, At safepoint: 13993 ns, Total: 76875 ns
[2020-09-11T13:59:17.147+0000][1][safepoint    ] Safepoint "RevokeBias", Time since last: 6676644 ns, Reaching safepoint: 114341 ns, At safepoint: 21493 ns, Total: 135834 ns
[2020-09-11T13:59:17.154+0000][1][safepoint    ] Safepoint "RevokeBias", Time since last: 6573234 ns, Reaching safepoint: 114960 ns, At safepoint: 26952 ns, Total: 141912 ns
[2020-09-11T13:59:17.168+0000][1][safepoint    ] Safepoint "RevokeBias", Time since last: 13717948 ns, Reaching safepoint: 109756 ns, At safepoint: 22558 ns, Total: 132314 ns
[2020-09-11T13:59:17.179+0000][1][safepoint    ] Safepoint "RevokeBias", Time since last: 11455054 ns, Reaching safepoint: 119404 ns, At safepoint: 25115 ns, Total: 144519 ns
[2020-09-11T13:59:17.196+0000][1][safepoint    ] Safepoint "RevokeBias", Time since last: 16385581 ns, Reaching safepoint: 116872 ns, At safepoint: 44062 ns, Total: 160934 ns
[2020-09-11T13:59:17.417+0000][1][gc,start     ] GC(66) Pause Young (Allocation Failure)
[2020-09-11T13:59:17.417+0000][1][gc,task      ] GC(66) Using 1 workers of 1 for evacuation
[2020-09-11T13:59:17.492+0000][1][gc,age       ] GC(66) Desired survivor size 4358144 bytes, new threshold 6 (max threshold 6)
[2020-09-11T13:59:17.492+0000][1][gc,age       ] GC(66) Age table with threshold 6 (max threshold 6)
[2020-09-11T13:59:17.492+0000][1][gc,age       ] GC(66) - age   1:    1398408 bytes,    1398408 total
[2020-09-11T13:59:17.492+0000][1][gc,age       ] GC(66) - age   2:    2038304 bytes,    3436712 total
[2020-09-11T13:59:17.492+0000][1][gc,heap      ] GC(66) ParNew: 74400K->5694K(76672K)
[2020-09-11T13:59:17.492+0000][1][gc,heap      ] GC(66) CMS: 59373K->62880K(439104K)
[2020-09-11T13:59:17.492+0000][1][gc,metaspace ] GC(66) Metaspace: 76543K->76543K(1120256K)
[2020-09-11T13:59:17.492+0000][1][gc           ] GC(66) Pause Young (Allocation Failure) 130M->66M(503M) 75.581ms
[2020-09-11T13:59:17.492+0000][1][gc,cpu       ] GC(66) User=0.03s Sys=0.00s Real=0.07s
[2020-09-11T13:59:17.518+0000][1][safepoint    ] Safepoint "GenCollectForAllocation", Time since last: 220712795 ns, Reaching safepoint: 130537 ns, At safepoint: 101836965 ns, Total: 101967502 ns
[2020-09-11T13:59:18.537+0000][1][safepoint    ] Safepoint "Cleanup", Time since last: 1018104021 ns, Reaching safepoint: 67220 ns, At safepoint: 6208 ns, Total: 73428 ns
[2020-09-11T13:59:19.537+0000][1][safepoint    ] Safepoint "Cleanup", Time since last: 1000108073 ns, Reaching safepoint: 67730 ns, At safepoint: 5911 ns, Total: 73641 ns
[2020-09-11T13:59:19.936+0000][1][safepoint    ] Safepoint "RevokeBias", Time since last: 398786868 ns, Reaching safepoint: 52558 ns, At safepoint: 30670 ns, Total: 83228 ns
[2020-09-11T13:59:19.948+0000][1][safepoint    ] Safepoint "RevokeBias", Time since last: 11828842 ns, Reaching safepoint: 125392 ns, At safepoint: 139328 ns, Total: 264720 ns
[2020-09-11T13:59:19.949+0000][1][safepoint    ] Safepoint "RevokeBias", Time since last: 1280436 ns, Reaching safepoint: 26165 ns, At safepoint: 13770 ns, Total: 39935 ns
[2020-09-11T13:59:19.950+0000][1][safepoint    ] Safepoint "RevokeBias", Time since last: 1102871 ns, Reaching safepoint: 93205 ns, At safepoint: 18620 ns, Total: 111825 ns
[2020-09-11T13:59:19.955+0000][1][safepoint    ] Safepoint "RevokeBias", Time since last: 4719863 ns, Reaching safepoint: 114941 ns, At safepoint: 19631 ns, Total: 134572 ns
[2020-09-11T13:59:19.956+0000][1][safepoint    ] Safepoint "RevokeBias", Time since last: 867510 ns, Reaching safepoint: 94745 ns, At safepoint: 23172 ns, Total: 117917 ns
[2020-09-11T13:59:19.957+0000][1][safepoint    ] Safepoint "RevokeBias", Time since last: 561586 ns, Reaching safepoint: 88450 ns, At safepoint: 21392 ns, Total: 109842 ns
[2020-09-11T13:59:19.961+0000][1][safepoint    ] Safepoint "RevokeBias", Time since last: 4589542 ns, Reaching safepoint: 112840 ns, At safepoint: 23783 ns, Total: 136623 ns
[2020-09-11T13:59:19.972+0000][1][safepoint    ] Safepoint "RevokeBias", Time since last: 9522429 ns, Reaching safepoint: 1448022 ns, At safepoint: 21891 ns, Total: 1469913 ns
[2020-09-11T13:59:19.996+0000][1][safepoint    ] Safepoint "RevokeBias", Time since last: 18146570 ns, Reaching safepoint: 4864435 ns, At safepoint: 33666 ns, Total: 4898101 ns
[2020-09-11T13:59:20.692+0000][1][safepoint    ] Safepoint "RevokeBias", Time since last: 696557946 ns, Reaching safepoint: 64518 ns, At safepoint: 21198 ns, Total: 85716 ns
[2020-09-11T13:59:20.692+0000][1][safepoint    ] Safepoint "RevokeBias", Time since last: 87877 ns, Reaching safepoint: 16392 ns, At safepoint: 11385 ns, Total: 27777 ns
[2020-09-11T13:59:21.692+0000][1][safepoint    ] Safepoint "Cleanup", Time since last: 1000088749 ns, Reaching safepoint: 61210 ns, At safepoint: 6392 ns, Total: 67602 ns
[2020-09-11T13:59:22.693+0000][1][safepoint    ] Safepoint "Cleanup", Time since last: 1000177045 ns, Reaching safepoint: 113153 ns, At safepoint: 18422 ns, Total: 131575 ns
[2020-09-11T13:59:23.693+0000][1][safepoint    ] Safepoint "Cleanup", Time since last: 1000209433 ns, Reaching safepoint: 95265 ns, At safepoint: 9360 ns, Total: 104625 ns
[2020-09-11T13:59:24.693+0000][1][safepoint    ] Safepoint "Cleanup", Time since last: 1000172844 ns, Reaching safepoint: 112722 ns, At safepoint: 18028 ns, Total: 130750 ns
[2020-09-11T13:59:25.694+0000][1][safepoint    ] Safepoint "Cleanup", Time since last: 1000232004 ns, Reaching safepoint: 105475 ns, At safepoint: 17053 ns, Total: 122528 ns
[2020-09-11T13:59:27.694+0000][1][safepoint    ] Safepoint "Cleanup", Time since last: 2000388522 ns, Reaching safepoint: 76793 ns, At safepoint: 8398 ns, Total: 85191 ns
[2020-09-11T13:59:29.695+0000][1][safepoint    ] Safepoint "Cleanup", Time since last: 2000278381 ns, Reaching safepoint: 117225 ns, At safepoint: 19328 ns, Total: 136553 ns
[2020-09-11T13:59:30.695+0000][1][safepoint    ] Safepoint "Cleanup", Time since last: 1000227953 ns, Reaching safepoint: 115285 ns, At safepoint: 18786 ns, Total: 134071 ns
[2020-09-11T13:59:31.695+0000][1][safepoint    ] Safepoint "Cleanup", Time since last: 1000229839 ns, Reaching safepoint: 82552 ns, At safepoint: 6932 ns, Total: 89484 ns
[2020-09-11T13:59:32.696+0000][1][safepoint    ] Safepoint "Cleanup", Time since last: 1000161909 ns, Reaching safepoint: 116226 ns, At safepoint: 15596 ns, Total: 131822 ns
[2020-09-11T13:59:33.696+0000][1][safepoint    ] Safepoint "Cleanup", Time since last: 1000174292 ns, Reaching safepoint: 139370 ns, At safepoint: 18482 ns, Total: 157852 ns
[2020-09-11T13:59:34.696+0000][1][safepoint    ] Safepoint "Cleanup", Time since last: 1000212418 ns, Reaching safepoint: 129921 ns, At safepoint: 20076 ns, Total: 149997 ns
[2020-09-11T13:59:35.697+0000][1][safepoint    ] Safepoint "Cleanup", Time since last: 1000190806 ns, Reaching safepoint: 134298 ns, At safepoint: 19478 ns, Total: 153776 ns
[2020-09-11T13:59:37.697+0000][1][safepoint    ] Safepoint "Cleanup", Time since last: 2000280784 ns, Reaching safepoint: 104535 ns, At safepoint: 6477 ns, Total: 111012 ns
[2020-09-11T13:59:38.697+0000][1][safepoint    ] Safepoint "Cleanup", Time since last: 1000172626 ns, Reaching safepoint: 116597 ns, At safepoint: 17213 ns, Total: 133810 ns
[2020-09-11T13:59:39.698+0000][1][safepoint    ] Safepoint "Cleanup", Time since last: 1000228288 ns, Reaching safepoint: 116764 ns, At safepoint: 17170 ns, Total: 133934 ns
[2020-09-11T13:59:41.698+0000][1][safepoint    ] Safepoint "Cleanup", Time since last: 2000292838 ns, Reaching safepoint: 129744 ns, At safepoint: 7100 ns, Total: 136844 ns
[2020-09-11T13:59:42.698+0000][1][safepoint    ] Safepoint "Cleanup", Time since last: 1000197030 ns, Reaching safepoint: 98323 ns, At safepoint: 6843 ns, Total: 105166 ns
[2020-09-11T13:59:43.699+0000][1][safepoint    ] Safepoint "Cleanup", Time since last: 1000171630 ns, Reaching safepoint: 125531 ns, At safepoint: 19167 ns, Total: 144698 ns
[2020-09-11T13:59:44.699+0000][1][safepoint    ] Safepoint "Cleanup", Time since last: 1000249014 ns, Reaching safepoint: 132527 ns, At safepoint: 17307 ns, Total: 149834 ns
[2020-09-11T13:59:45.699+0000][1][safepoint    ] Safepoint "Cleanup", Time since last: 1000183362 ns, Reaching safepoint: 159743 ns, At safepoint: 15289 ns, Total: 175032 ns
[2020-09-11T13:59:46.700+0000][1][safepoint    ] Safepoint "Cleanup", Time since last: 1000241975 ns, Reaching safepoint: 92448 ns, At safepoint: 7246 ns, Total: 99694 ns
[2020-09-11T13:59:47.700+0000][1][safepoint    ] Safepoint "Cleanup", Time since last: 1000177918 ns, Reaching safepoint: 123346 ns, At safepoint: 17440 ns, Total: 140786 ns
[2020-09-11T13:59:48.701+0000][1][safepoint    ] Safepoint "Cleanup", Time since last: 1000224834 ns, Reaching safepoint: 132587 ns, At safepoint: 17604 ns, Total: 150191 ns
[2020-09-11T13:59:49.701+0000][1][safepoint    ] Safepoint "Cleanup", Time since last: 1000241170 ns, Reaching safepoint: 120767 ns, At safepoint: 17580 ns, Total: 138347 ns
[2020-09-11T13:59:50.701+0000][1][safepoint    ] Safepoint "Cleanup", Time since last: 1000227635 ns, Reaching safepoint: 120407 ns, At safepoint: 17256 ns, Total: 137663 ns
[2020-09-11T13:59:52.702+0000][1][safepoint    ] Safepoint "Cleanup", Time since last: 2000352525 ns, Reaching safepoint: 128892 ns, At safepoint: 17878 ns, Total: 146770 ns
[2020-09-11T13:59:53.702+0000][1][safepoint    ] Safepoint "Cleanup", Time since last: 1000231991 ns, Reaching safepoint: 131602 ns, At safepoint: 19802 ns, Total: 151404 ns
[2020-09-11T13:59:54.702+0000][1][safepoint    ] Safepoint "Cleanup", Time since last: 1000176127 ns, Reaching safepoint: 120005 ns, At safepoint: 16107 ns, Total: 136112 ns
[2020-09-11T13:59:55.703+0000][1][safepoint    ] Safepoint "Cleanup", Time since last: 1000220973 ns, Reaching safepoint: 121566 ns, At safepoint: 17303 ns, Total: 138869 ns
[2020-09-11T13:59:56.418+0000][1][gc,start     ] GC(67) Pause Young (Allocation Failure)
[2020-09-11T13:59:56.418+0000][1][gc,task      ] GC(67) Using 1 workers of 1 for evacuation
[2020-09-11T13:59:56.430+0000][1][gc,age       ] GC(67) Desired survivor size 4358144 bytes, new threshold 6 (max threshold 6)
[2020-09-11T13:59:56.430+0000][1][gc,age       ] GC(67) Age table with threshold 6 (max threshold 6)
[2020-09-11T13:59:56.430+0000][1][gc,age       ] GC(67) - age   1:     230152 bytes,     230152 total
[2020-09-11T13:59:56.430+0000][1][gc,age       ] GC(67) - age   2:    1233744 bytes,    1463896 total
[2020-09-11T13:59:56.430+0000][1][gc,age       ] GC(67) - age   3:    2037824 bytes,    3501720 total
[2020-09-11T13:59:56.430+0000][1][gc,heap      ] GC(67) ParNew: 73854K->5364K(76672K)
[2020-09-11T13:59:56.430+0000][1][gc,heap      ] GC(67) CMS: 62880K->62880K(439104K)
[2020-09-11T13:59:56.430+0000][1][gc,metaspace ] GC(67) Metaspace: 76998K->76998K(1120256K)
[2020-09-11T13:59:56.430+0000][1][gc           ] GC(67) Pause Young (Allocation Failure) 133M->66M(503M) 11.852ms
[2020-09-11T13:59:56.430+0000][1][gc,cpu       ] GC(67) User=0.01s Sys=0.00s Real=0.01s
[2020-09-11T13:59:56.430+0000][1][safepoint    ] Safepoint "GenCollectForAllocation", Time since last: 715035394 ns, Reaching safepoint: 174746 ns, At safepoint: 11922190 ns, Total: 12096936 ns
[2020-09-11T13:59:57.439+0000][1][safepoint    ] Safepoint "Cleanup", Time since last: 1008549274 ns, Reaching safepoint: 116944 ns, At safepoint: 14507 ns, Total: 131451 ns
[2020-09-11T13:59:59.439+0000][1][safepoint    ] Safepoint "Cleanup", Time since last: 2000319097 ns, Reaching safepoint: 103465 ns, At safepoint: 7123 ns, Total: 110588 ns
[2020-09-11T14:00:00.439+0000][1][safepoint    ] Safepoint "Cleanup", Time since last: 1000172939 ns, Reaching safepoint: 113667 ns, At safepoint: 16047 ns, Total: 129714 ns
[2020-09-11T14:00:02.440+0000][1][safepoint    ] Safepoint "Cleanup", Time since last: 2000350726 ns, Reaching safepoint: 114647 ns, At safepoint: 6659 ns, Total: 121306 ns
[2020-09-11T14:00:03.440+0000][1][safepoint    ] Safepoint "Cleanup", Time since last: 1000196436 ns, Reaching safepoint: 86595 ns, At safepoint: 15751 ns, Total: 102346 ns
[2020-09-11T14:00:05.441+0000][1][safepoint    ] Safepoint "Cleanup", Time since last: 2000286135 ns, Reaching safepoint: 128465 ns, At safepoint: 17714 ns, Total: 146179 ns
[2020-09-11T14:00:07.441+0000][1][safepoint    ] Safepoint "Cleanup", Time since last: 2000381817 ns, Reaching safepoint: 124770 ns, At safepoint: 35581 ns, Total: 160351 ns
[2020-09-11T14:00:09.442+0000][1][safepoint    ] Safepoint "Cleanup", Time since last: 2000371875 ns, Reaching safepoint: 121569 ns, At safepoint: 17243 ns, Total: 138812 ns
[2020-09-11T14:00:11.442+0000][1][safepoint    ] Safepoint "Cleanup", Time since last: 2000335188 ns, Reaching safepoint: 103297 ns, At safepoint: 7747 ns, Total: 111044 ns
[2020-09-11T14:00:12.442+0000][1][safepoint    ] Safepoint "Cleanup", Time since last: 1000187749 ns, Reaching safepoint: 88731 ns, At safepoint: 6675 ns, Total: 95406 ns
[2020-09-11T14:00:13.443+0000][1][safepoint    ] Safepoint "Cleanup", Time since last: 1000149025 ns, Reaching safepoint: 122678 ns, At safepoint: 17737 ns, Total: 140415 ns
[2020-09-11T14:00:14.443+0000][1][safepoint    ] Safepoint "Cleanup", Time since last: 1000220805 ns, Reaching safepoint: 113958 ns, At safepoint: 17530 ns, Total: 131488 ns
[2020-09-11T14:00:17.444+0000][1][safepoint    ] Safepoint "Cleanup", Time since last: 3000566211 ns, Reaching safepoint: 115782 ns, At safepoint: 18790 ns, Total: 134572 ns
[2020-09-11T14:00:18.444+0000][1][safepoint    ] Safepoint "Cleanup", Time since last: 1000224945 ns, Reaching safepoint: 121930 ns, At safepoint: 16918 ns, Total: 138848 ns
[2020-09-11T14:00:19.444+0000][1][safepoint    ] Safepoint "Cleanup", Time since last: 1000209924 ns, Reaching safepoint: 91374 ns, At safepoint: 6720 ns, Total: 98094 ns
[2020-09-11T14:00:20.445+0000][1][safepoint    ] Safepoint "Cleanup", Time since last: 1000171999 ns, Reaching safepoint: 117426 ns, At safepoint: 17343 ns, Total: 134769 ns
[2020-09-11T14:00:22.445+0000][1][safepoint    ] Safepoint "Cleanup", Time since last: 2000349096 ns, Reaching safepoint: 161671 ns, At safepoint: 16364 ns, Total: 178035 ns
[2020-09-11T14:00:23.446+0000][1][safepoint    ] Safepoint "Cleanup", Time since last: 1000233541 ns, Reaching safepoint: 90299 ns, At safepoint: 9854 ns, Total: 100153 ns
[2020-09-11T14:00:25.446+0000][1][safepoint    ] Safepoint "Cleanup", Time since last: 2000356777 ns, Reaching safepoint: 112489 ns, At safepoint: 18025 ns, Total: 130514 ns
[2020-09-11T14:00:27.447+0000][1][safepoint    ] Safepoint "Cleanup", Time since last: 2000348301 ns, Reaching safepoint: 120022 ns, At safepoint: 17814 ns, Total: 137836 ns
[2020-09-11T14:00:28.447+0000][1][safepoint    ] Safepoint "Cleanup", Time since last: 1000227228 ns, Reaching safepoint: 116885 ns, At safepoint: 17022 ns, Total: 133907 ns
[2020-09-11T14:00:29.447+0000][1][safepoint    ] Safepoint "Cleanup", Time since last: 1000222154 ns, Reaching safepoint: 77795 ns, At safepoint: 6872 ns, Total: 84667 ns
[2020-09-11T14:00:30.447+0000][1][safepoint    ] Safepoint "Cleanup", Time since last: 1000179930 ns, Reaching safepoint: 94662 ns, At safepoint: 6409 ns, Total: 101071 ns
[2020-09-11T14:00:32.448+0000][1][safepoint    ] Safepoint "Cleanup", Time since last: 2000301890 ns, Reaching safepoint: 121559 ns, At safepoint: 7047 ns, Total: 128606 ns
[2020-09-11T14:00:34.448+0000][1][safepoint    ] Safepoint "Cleanup", Time since last: 2000278493 ns, Reaching safepoint: 89431 ns, At safepoint: 7045 ns, Total: 96476 ns
[2020-09-11T14:00:36.449+0000][1][safepoint    ] Safepoint "Cleanup", Time since last: 2000319864 ns, Reaching safepoint: 118421 ns, At safepoint: 15933 ns, Total: 134354 ns
[2020-09-11T14:00:37.449+0000][1][safepoint    ] Safepoint "Cleanup", Time since last: 1000236322 ns, Reaching safepoint: 88101 ns, At safepoint: 6792 ns, Total: 94893 ns
[2020-09-11T14:00:41.450+0000][1][safepoint    ] Safepoint "Cleanup", Time since last: 4000635670 ns, Reaching safepoint: 88083 ns, At safepoint: 6639 ns, Total: 94722 ns
[2020-09-11T14:00:42.450+0000][1][safepoint    ] Safepoint "Cleanup", Time since last: 1000192436 ns, Reaching safepoint: 129647 ns, At safepoint: 17374 ns, Total: 147021 ns
[2020-09-11T14:00:43.450+0000][1][safepoint    ] Safepoint "Cleanup", Time since last: 1000250546 ns, Reaching safepoint: 98272 ns, At safepoint: 7878 ns, Total: 106150 ns
[2020-09-11T14:00:44.451+0000][1][safepoint    ] Safepoint "Cleanup", Time since last: 1000177810 ns, Reaching safepoint: 135614 ns, At safepoint: 17347 ns, Total: 152961 ns
[2020-09-11T14:00:45.451+0000][1][safepoint    ] Safepoint "Cleanup", Time since last: 1000209173 ns, Reaching safepoint: 99562 ns, At safepoint: 6759 ns, Total: 106321 ns
[2020-09-11T14:00:47.452+0000][1][safepoint    ] Safepoint "Cleanup", Time since last: 2000302758 ns, Reaching safepoint: 89415 ns, At safepoint: 7764 ns, Total: 97179 ns
[2020-09-11T14:00:49.452+0000][1][safepoint    ] Safepoint "Cleanup", Time since last: 2000255457 ns, Reaching safepoint: 103092 ns, At safepoint: 7418 ns, Total: 110510 ns
[2020-09-11T14:00:50.452+0000][1][safepoint    ] Safepoint "Cleanup", Time since last: 1000178489 ns, Reaching safepoint: 140061 ns, At safepoint: 17417 ns, Total: 157478 ns
[2020-09-11T14:00:51.453+0000][1][safepoint    ] Safepoint "Cleanup", Time since last: 1000240109 ns, Reaching safepoint: 88351 ns, At safepoint: 6443 ns, Total: 94794 ns
[2020-09-11T14:00:52.453+0000][1][safepoint    ] Safepoint "Cleanup", Time since last: 1000194963 ns, Reaching safepoint: 107879 ns, At safepoint: 7413 ns, Total: 115292 ns
[2020-09-11T14:00:53.453+0000][1][safepoint    ] Safepoint "Cleanup", Time since last: 1000133955 ns, Reaching safepoint: 122311 ns, At safepoint: 16865 ns, Total: 139176 ns
[2020-09-11T14:00:55.454+0000][1][safepoint    ] Safepoint "Cleanup", Time since last: 2000286519 ns, Reaching safepoint: 115799 ns, At safepoint: 17701 ns, Total: 133500 ns
[2020-09-11T14:00:56.454+0000][1][safepoint    ] Safepoint "Cleanup", Time since last: 1000138867 ns, Reaching safepoint: 120416 ns, At safepoint: 18433 ns, Total: 138849 ns
[2020-09-11T14:00:58.454+0000][1][safepoint    ] Safepoint "Cleanup", Time since last: 2000376700 ns, Reaching safepoint: 96178 ns, At safepoint: 7629 ns, Total: 103807 ns
[2020-09-11T14:00:59.455+0000][1][safepoint    ] Safepoint "Cleanup", Time since last: 1000149015 ns, Reaching safepoint: 136303 ns, At safepoint: 18044 ns, Total: 154347 ns
[2020-09-11T14:01:00.455+0000][1][safepoint    ] Safepoint "Cleanup", Time since last: 1000215625 ns, Reaching safepoint: 123326 ns, At safepoint: 17200 ns, Total: 140526 ns
[2020-09-11T14:01:01.551+0000][1][gc,start     ] GC(68) Pause Young (Allocation Failure)
[2020-09-11T14:01:01.551+0000][1][gc,task      ] GC(68) Using 1 workers of 1 for evacuation
[2020-09-11T14:01:01.564+0000][1][gc,age       ] GC(68) Desired survivor size 4358144 bytes, new threshold 6 (max threshold 6)
[2020-09-11T14:01:01.564+0000][1][gc,age       ] GC(68) Age table with threshold 6 (max threshold 6)
[2020-09-11T14:01:01.564+0000][1][gc,age       ] GC(68) - age   1:      14744 bytes,      14744 total
[2020-09-11T14:01:01.564+0000][1][gc,age       ] GC(68) - age   2:     221912 bytes,     236656 total
[2020-09-11T14:01:01.564+0000][1][gc,age       ] GC(68) - age   3:    1231040 bytes,    1467696 total
[2020-09-11T14:01:01.564+0000][1][gc,age       ] GC(68) - age   4:    2035208 bytes,    3502904 total
[2020-09-11T14:01:01.564+0000][1][gc,heap      ] GC(68) ParNew: 73524K->6470K(76672K)
[2020-09-11T14:01:01.564+0000][1][gc,heap      ] GC(68) CMS: 62880K->62880K(439104K)
[2020-09-11T14:01:01.564+0000][1][gc,metaspace ] GC(68) Metaspace: 77239K->77239K(1120256K)
[2020-09-11T14:01:01.564+0000][1][gc           ] GC(68) Pause Young (Allocation Failure) 133M->67M(503M) 13.607ms
[2020-09-11T14:01:01.564+0000][1][gc,cpu       ] GC(68) User=0.01s Sys=0.00s Real=0.02s
[2020-09-11T14:01:01.564+0000][1][safepoint    ] Safepoint "GenCollectForAllocation", Time since last: 1095489467 ns, Reaching safepoint: 176344 ns, At safepoint: 13669588 ns, Total: 13845932 ns
[2020-09-11T14:01:06.566+0000][1][safepoint    ] Safepoint "Cleanup", Time since last: 5002124646 ns, Reaching safepoint: 57155 ns, At safepoint: 5889 ns, Total: 63044 ns
[2020-09-11T14:01:08.567+0000][1][safepoint    ] Safepoint "Cleanup", Time since last: 2000197763 ns, Reaching safepoint: 67440 ns, At safepoint: 7544 ns, Total: 74984 ns
[2020-09-11T14:01:09.567+0000][1][safepoint    ] Safepoint "Cleanup", Time since last: 1000123927 ns, Reaching safepoint: 62434 ns, At safepoint: 6933 ns, Total: 69367 ns
[2020-09-11T14:01:10.567+0000][1][safepoint    ] Safepoint "Cleanup", Time since last: 1000129208 ns, Reaching safepoint: 64934 ns, At safepoint: 8307 ns, Total: 73241 ns
[2020-09-11T14:01:11.567+0000][1][safepoint    ] Safepoint "Cleanup", Time since last: 1000118403 ns, Reaching safepoint: 66638 ns, At safepoint: 8232 ns, Total: 74870 ns
[2020-09-11T14:01:13.568+0000][1][safepoint    ] Safepoint "Cleanup", Time since last: 2000208562 ns, Reaching safepoint: 68573 ns, At safepoint: 8469 ns, Total: 77042 ns
[2020-09-11T14:01:14.568+0000][1][safepoint    ] Safepoint "Cleanup", Time since last: 1000115665 ns, Reaching safepoint: 63696 ns, At safepoint: 6982 ns, Total: 70678 ns
[2020-09-11T14:01:16.568+0000][1][safepoint    ] Safepoint "Cleanup", Time since last: 2000183974 ns, Reaching safepoint: 63304 ns, At safepoint: 5534 ns, Total: 68838 ns
[2020-09-11T14:01:17.568+0000][1][safepoint    ] Safepoint "Cleanup", Time since last: 1000117340 ns, Reaching safepoint: 69925 ns, At safepoint: 6921 ns, Total: 76846 ns
[2020-09-11T14:01:18.568+0000][1][safepoint    ] Safepoint "Cleanup", Time since last: 1000114390 ns, Reaching safepoint: 65297 ns, At safepoint: 6234 ns, Total: 71531 ns
[2020-09-11T14:01:19.569+0000][1][safepoint    ] Safepoint "Cleanup", Time since last: 1000749671 ns, Reaching safepoint: 65783 ns, At safepoint: 7001 ns, Total: 72784 ns
[2020-09-11T14:01:20.569+0000][1][safepoint    ] Safepoint "Cleanup", Time since last: 1000123575 ns, Reaching safepoint: 66979 ns, At safepoint: 6516 ns, Total: 73495 ns
[2020-09-11T14:01:23.570+0000][1][safepoint    ] Safepoint "Cleanup", Time since last: 3000273488 ns, Reaching safepoint: 185810 ns, At safepoint: 8345 ns, Total: 194155 ns
[2020-09-11T14:01:25.571+0000][1][safepoint    ] Safepoint "Cleanup", Time since last: 2000497050 ns, Reaching safepoint: 63561 ns, At safepoint: 6895 ns, Total: 70456 ns
[2020-09-11T14:01:26.571+0000][1][safepoint    ] Safepoint "Cleanup", Time since last: 1000123523 ns, Reaching safepoint: 70571 ns, At safepoint: 7577 ns, Total: 78148 ns
[2020-09-11T14:01:27.571+0000][1][safepoint    ] Safepoint "Cleanup", Time since last: 1000112537 ns, Reaching safepoint: 63178 ns, At safepoint: 6571 ns, Total: 69749 ns
[2020-09-11T14:01:28.571+0000][1][safepoint    ] Safepoint "Cleanup", Time since last: 1000115860 ns, Reaching safepoint: 62876 ns, At safepoint: 6144 ns, Total: 69020 ns
[2020-09-11T14:01:29.572+0000][1][safepoint    ] Safepoint "Cleanup", Time since last: 1000647172 ns, Reaching safepoint: 64530 ns, At safepoint: 7080 ns, Total: 71610 ns
[2020-09-11T14:01:30.572+0000][1][safepoint    ] Safepoint "Cleanup", Time since last: 1000111123 ns, Reaching safepoint: 66094 ns, At safepoint: 6023 ns, Total: 72117 ns
[2020-09-11T14:01:31.572+0000][1][safepoint    ] Safepoint "Cleanup", Time since last: 1000115018 ns, Reaching safepoint: 66958 ns, At safepoint: 6767 ns, Total: 73725 ns
[2020-09-11T14:01:32.572+0000][1][safepoint    ] Safepoint "Cleanup", Time since last: 1000111149 ns, Reaching safepoint: 66191 ns, At safepoint: 8478 ns, Total: 74669 ns
[2020-09-11T14:01:34.573+0000][1][safepoint    ] Safepoint "Cleanup", Time since last: 2000247079 ns, Reaching safepoint: 164561 ns, At safepoint: 19147 ns, Total: 183708 ns
[2020-09-11T14:01:35.573+0000][1][safepoint    ] Safepoint "Cleanup", Time since last: 1000168835 ns, Reaching safepoint: 117109 ns, At safepoint: 15255 ns, Total: 132364 ns
[2020-09-11T14:01:41.574+0000][1][safepoint    ] Safepoint "Cleanup", Time since last: 6000861266 ns, Reaching safepoint: 113911 ns, At safepoint: 15720 ns, Total: 129631 ns
[2020-09-11T14:01:45.575+0000][1][safepoint    ] Safepoint "Cleanup", Time since last: 4000580641 ns, Reaching safepoint: 117707 ns, At safepoint: 17784 ns, Total: 135491 ns
[2020-09-11T14:01:46.575+0000][1][safepoint    ] Safepoint "Cleanup", Time since last: 1000240871 ns, Reaching safepoint: 97373 ns, At safepoint: 6825 ns, Total: 104198 ns
[2020-09-11T14:01:49.576+0000][1][safepoint    ] Safepoint "Cleanup", Time since last: 3000423979 ns, Reaching safepoint: 78718 ns, At safepoint: 5581 ns, Total: 84299 ns
[2020-09-11T14:01:50.576+0000][1][safepoint    ] Safepoint "Cleanup", Time since last: 1000124906 ns, Reaching safepoint: 115779 ns, At safepoint: 16221 ns, Total: 132000 ns
[2020-09-11T14:01:51.576+0000][1][safepoint    ] Safepoint "Cleanup", Time since last: 1000197729 ns, Reaching safepoint: 119577 ns, At safepoint: 15603 ns, Total: 135180 ns
[2020-09-11T14:01:52.577+0000][1][safepoint    ] Safepoint "Cleanup", Time since last: 1000188394 ns, Reaching safepoint: 87213 ns, At safepoint: 6344 ns, Total: 93557 ns
[2020-09-11T14:01:56.577+0000][1][safepoint    ] Safepoint "Cleanup", Time since last: 4000547627 ns, Reaching safepoint: 94954 ns, At safepoint: 6412 ns, Total: 101366 ns
[2020-09-11T14:01:57.577+0000][1][safepoint    ] Safepoint "Cleanup", Time since last: 1000108404 ns, Reaching safepoint: 58593 ns, At safepoint: 5172 ns, Total: 63765 ns
[2020-09-11T14:01:58.578+0000][1][safepoint    ] Safepoint "Cleanup", Time since last: 1000155081 ns, Reaching safepoint: 121719 ns, At safepoint: 17013 ns, Total: 138732 ns
[2020-09-11T14:01:59.578+0000][1][safepoint    ] Safepoint "Cleanup", Time since last: 1000199781 ns, Reaching safepoint: 85997 ns, At safepoint: 6135 ns, Total: 92132 ns
[2020-09-11T14:02:01.578+0000][1][safepoint    ] Safepoint "Cleanup", Time since last: 2000286844 ns, Reaching safepoint: 91348 ns, At safepoint: 5676 ns, Total: 97024 ns
[2020-09-11T14:02:02.125+0000][1][gc,start     ] GC(69) Pause Young (Allocation Failure)
[2020-09-11T14:02:02.125+0000][1][gc,task      ] GC(69) Using 1 workers of 1 for evacuation
[2020-09-11T14:02:02.140+0000][1][gc,age       ] GC(69) Desired survivor size 4358144 bytes, new threshold 6 (max threshold 6)
[2020-09-11T14:02:02.140+0000][1][gc,age       ] GC(69) Age table with threshold 6 (max threshold 6)
[2020-09-11T14:02:02.140+0000][1][gc,age       ] GC(69) - age   1:     119176 bytes,     119176 total
[2020-09-11T14:02:02.140+0000][1][gc,age       ] GC(69) - age   2:       6904 bytes,     126080 total
[2020-09-11T14:02:02.140+0000][1][gc,age       ] GC(69) - age   3:     214288 bytes,     340368 total
[2020-09-11T14:02:02.140+0000][1][gc,age       ] GC(69) - age   4:    1227424 bytes,    1567792 total
[2020-09-11T14:02:02.140+0000][1][gc,age       ] GC(69) - age   5:    2035128 bytes,    3602920 total
[2020-09-11T14:02:02.140+0000][1][gc,heap      ] GC(69) ParNew: 74630K->4183K(76672K)
[2020-09-11T14:02:02.140+0000][1][gc,heap      ] GC(69) CMS: 62880K->62880K(439104K)
[2020-09-11T14:02:02.140+0000][1][gc,metaspace ] GC(69) Metaspace: 77382K->77382K(1120256K)
[2020-09-11T14:02:02.140+0000][1][gc           ] GC(69) Pause Young (Allocation Failure) 134M->65M(503M) 14.640ms
[2020-09-11T14:02:02.140+0000][1][gc,cpu       ] GC(69) User=0.01s Sys=0.00s Real=0.01s
[2020-09-11T14:02:02.140+0000][1][safepoint    ] Safepoint "GenCollectForAllocation", Time since last: 546539928 ns, Reaching safepoint: 146012 ns, At safepoint: 14701979 ns, Total: 14847991 ns
[2020-09-11T14:02:09.141+0000][1][safepoint    ] Safepoint "Cleanup", Time since last: 7001462207 ns, Reaching safepoint: 101773 ns, At safepoint: 16622 ns, Total: 118395 ns
[2020-09-11T14:02:13.142+0000][1][safepoint    ] Safepoint "Cleanup", Time since last: 4000570844 ns, Reaching safepoint: 87355 ns, At safepoint: 6379 ns, Total: 93734 ns
[2020-09-11T14:02:14.142+0000][1][safepoint    ] Safepoint "Cleanup", Time since last: 1000179544 ns, Reaching safepoint: 98104 ns, At safepoint: 6842 ns, Total: 104946 ns
[2020-09-11T14:02:16.143+0000][1][safepoint    ] Safepoint "Cleanup", Time since last: 2000298526 ns, Reaching safepoint: 102555 ns, At safepoint: 15937 ns, Total: 118492 ns
[2020-09-11T14:02:23.144+0000][1][safepoint    ] Safepoint "Cleanup", Time since last: 7001135457 ns, Reaching safepoint: 109705 ns, At safepoint: 16124 ns, Total: 125829 ns
[2020-09-11T14:02:28.145+0000][1][safepoint    ] Safepoint "Cleanup", Time since last: 5000731454 ns, Reaching safepoint: 115973 ns, At safepoint: 16801 ns, Total: 132774 ns
[2020-09-11T14:02:32.146+0000][1][safepoint    ] Safepoint "Cleanup", Time since last: 4000693024 ns, Reaching safepoint: 143372 ns, At safepoint: 15322 ns, Total: 158694 ns
[2020-09-11T14:02:40.147+0000][1][safepoint    ] Safepoint "Cleanup", Time since last: 8001281671 ns, Reaching safepoint: 98249 ns, At safepoint: 7000 ns, Total: 105249 ns
[2020-09-11T14:02:44.148+0000][1][safepoint    ] Safepoint "Cleanup", Time since last: 4000550858 ns, Reaching safepoint: 71406 ns, At safepoint: 8158 ns, Total: 79564 ns
[2020-09-11T14:02:47.148+0000][1][safepoint    ] Safepoint "Cleanup", Time since last: 3000441891 ns, Reaching safepoint: 91129 ns, At safepoint: 7180 ns, Total: 98309 ns
[2020-09-11T14:02:49.149+0000][1][safepoint    ] Safepoint "Cleanup", Time since last: 2000963686 ns, Reaching safepoint: 79988 ns, At safepoint: 10524 ns, Total: 90512 ns
[2020-09-11T14:02:50.150+0000][1][safepoint    ] Safepoint "Cleanup", Time since last: 1000187555 ns, Reaching safepoint: 90499 ns, At safepoint: 14529 ns, Total: 105028 ns
[2020-09-11T14:02:53.150+0000][1][safepoint    ] Safepoint "Cleanup", Time since last: 3000456905 ns, Reaching safepoint: 98773 ns, At safepoint: 5225 ns, Total: 103998 ns
[2020-09-11T14:02:55.150+0000][1][safepoint    ] Safepoint "Cleanup", Time since last: 2000259261 ns, Reaching safepoint: 117102 ns, At safepoint: 16625 ns, Total: 133727 ns
[2020-09-11T14:02:57.151+0000][1][safepoint    ] Safepoint "Cleanup", Time since last: 2000356596 ns, Reaching safepoint: 106229 ns, At safepoint: 6519 ns, Total: 112748 ns
[2020-09-11T14:03:01.152+0000][1][safepoint    ] Safepoint "Cleanup", Time since last: 4000607759 ns, Reaching safepoint: 124492 ns, At safepoint: 17190 ns, Total: 141682 ns
[2020-09-11T14:03:04.152+0000][1][safepoint    ] Safepoint "Cleanup", Time since last: 3000441785 ns, Reaching safepoint: 117616 ns, At safepoint: 15436 ns, Total: 133052 ns
[2020-09-11T14:03:05.153+0000][1][safepoint    ] Safepoint "Cleanup", Time since last: 1000219612 ns, Reaching safepoint: 92245 ns, At safepoint: 6992 ns, Total: 99237 ns
[2020-09-11T14:03:06.153+0000][1][safepoint    ] Safepoint "Cleanup", Time since last: 1000159690 ns, Reaching safepoint: 81428 ns, At safepoint: 6382 ns, Total: 87810 ns
[2020-09-11T14:03:07.153+0000][1][safepoint    ] Safepoint "Cleanup", Time since last: 1000152594 ns, Reaching safepoint: 88961 ns, At safepoint: 6893 ns, Total: 95854 ns
[2020-09-11T14:03:07.457+0000][1][gc,start     ] GC(70) Pause Young (Allocation Failure)
[2020-09-11T14:03:07.458+0000][1][gc,task      ] GC(70) Using 1 workers of 1 for evacuation
[2020-09-11T14:03:07.470+0000][1][gc,age       ] GC(70) Desired survivor size 4358144 bytes, new threshold 6 (max threshold 6)
[2020-09-11T14:03:07.470+0000][1][gc,age       ] GC(70) Age table with threshold 6 (max threshold 6)
[2020-09-11T14:03:07.470+0000][1][gc,age       ] GC(70) - age   1:      14176 bytes,      14176 total
[2020-09-11T14:03:07.470+0000][1][gc,age       ] GC(70) - age   2:      42320 bytes,      56496 total
[2020-09-11T14:03:07.470+0000][1][gc,age       ] GC(70) - age   3:       5632 bytes,      62128 total
[2020-09-11T14:03:07.470+0000][1][gc,age       ] GC(70) - age   4:     214288 bytes,     276416 total
[2020-09-11T14:03:07.470+0000][1][gc,age       ] GC(70) - age   5:    1226184 bytes,    1502600 total
[2020-09-11T14:03:07.470+0000][1][gc,age       ] GC(70) - age   6:    2035128 bytes,    3537728 total
[2020-09-11T14:03:07.470+0000][1][gc,heap      ] GC(70) ParNew: 72343K->6323K(76672K)
[2020-09-11T14:03:07.470+0000][1][gc,heap      ] GC(70) CMS: 62880K->62880K(439104K)
[2020-09-11T14:03:07.470+0000][1][gc,metaspace ] GC(70) Metaspace: 77561K->77561K(1120256K)
[2020-09-11T14:03:07.470+0000][1][gc           ] GC(70) Pause Young (Allocation Failure) 132M->67M(503M) 13.067ms
[2020-09-11T14:03:07.470+0000][1][gc,cpu       ] GC(70) User=0.01s Sys=0.00s Real=0.01s
[2020-09-11T14:03:07.470+0000][1][safepoint    ] Safepoint "GenCollectForAllocation", Time since last: 304065402 ns, Reaching safepoint: 67133 ns, At safepoint: 13152862 ns, Total: 13219995 ns
[2020-09-11T14:03:08.471+0000][1][safepoint    ] Safepoint "Cleanup", Time since last: 1000190679 ns, Reaching safepoint: 93269 ns, At safepoint: 72731 ns, Total: 166000 ns
[2020-09-11T14:03:09.471+0000][1][safepoint    ] Safepoint "Cleanup", Time since last: 1000164281 ns, Reaching safepoint: 106317 ns, At safepoint: 64454 ns, Total: 170771 ns
[2020-09-11T14:03:11.471+0000][1][safepoint    ] Safepoint "Cleanup", Time since last: 2000234910 ns, Reaching safepoint: 146870 ns, At safepoint: 16101 ns, Total: 162971 ns
[2020-09-11T14:03:14.472+0000][1][safepoint    ] Safepoint "Cleanup", Time since last: 3000469770 ns, Reaching safepoint: 93996 ns, At safepoint: 7006 ns, Total: 101002 ns
[2020-09-11T14:03:22.473+0000][1][safepoint    ] Safepoint "Cleanup", Time since last: 8001070304 ns, Reaching safepoint: 88698 ns, At safepoint: 7592 ns, Total: 96290 ns
[2020-09-11T14:03:23.474+0000][1][safepoint    ] Safepoint "Cleanup", Time since last: 1000343011 ns, Reaching safepoint: 122495 ns, At safepoint: 14871 ns, Total: 137366 ns
[2020-09-11T14:03:25.474+0000][1][safepoint    ] Safepoint "Cleanup", Time since last: 2000335289 ns, Reaching safepoint: 93953 ns, At safepoint: 8500 ns, Total: 102453 ns
[2020-09-11T14:03:30.475+0000][1][safepoint    ] Safepoint "Cleanup", Time since last: 5000618417 ns, Reaching safepoint: 112602 ns, At safepoint: 18091 ns, Total: 130693 ns
[2020-09-11T14:03:46.480+0000][1][safepoint    ] Safepoint "Cleanup", Time since last: 16005213688 ns, Reaching safepoint: 114777 ns, At safepoint: 17233 ns, Total: 132010 ns
[2020-09-11T14:03:55.483+0000][1][safepoint    ] Safepoint "Cleanup", Time since last: 9002870462 ns, Reaching safepoint: 79850 ns, At safepoint: 7087 ns, Total: 86937 ns
[2020-09-11T14:03:59.484+0000][1][safepoint    ] Safepoint "Cleanup", Time since last: 4001146681 ns, Reaching safepoint: 115204 ns, At safepoint: 7280 ns, Total: 122484 ns
[2020-09-11T14:04:06.486+0000][1][safepoint    ] Safepoint "Cleanup", Time since last: 7001340891 ns, Reaching safepoint: 117246 ns, At safepoint: 16735 ns, Total: 133981 ns
[2020-09-11T14:04:07.486+0000][1][safepoint    ] Safepoint "Cleanup", Time since last: 1000188776 ns, Reaching safepoint: 106111 ns, At safepoint: 8609 ns, Total: 114720 ns
[2020-09-11T14:04:12.563+0000][1][gc,start     ] GC(71) Pause Young (Allocation Failure)
[2020-09-11T14:04:12.563+0000][1][gc,task      ] GC(71) Using 1 workers of 1 for evacuation
[2020-09-11T14:04:12.577+0000][1][gc,age       ] GC(71) Desired survivor size 4358144 bytes, new threshold 6 (max threshold 6)
[2020-09-11T14:04:12.577+0000][1][gc,age       ] GC(71) Age table with threshold 6 (max threshold 6)
[2020-09-11T14:04:12.577+0000][1][gc,age       ] GC(71) - age   1:      78936 bytes,      78936 total
[2020-09-11T14:04:12.577+0000][1][gc,age       ] GC(71) - age   2:       8088 bytes,      87024 total
[2020-09-11T14:04:12.577+0000][1][gc,age       ] GC(71) - age   3:      42240 bytes,     129264 total
[2020-09-11T14:04:12.577+0000][1][gc,age       ] GC(71) - age   4:       4392 bytes,     133656 total
[2020-09-11T14:04:12.577+0000][1][gc,age       ] GC(71) - age   5:     213048 bytes,     346704 total
[2020-09-11T14:04:12.577+0000][1][gc,age       ] GC(71) - age   6:    1226184 bytes,    1572888 total
[2020-09-11T14:04:12.577+0000][1][gc,heap      ] GC(71) ParNew: 74483K->2085K(76672K)
[2020-09-11T14:04:12.577+0000][1][gc,heap      ] GC(71) CMS: 62880K->64913K(439104K)
[2020-09-11T14:04:12.577+0000][1][gc,metaspace ] GC(71) Metaspace: 77662K->77662K(1120256K)
[2020-09-11T14:04:12.577+0000][1][gc           ] GC(71) Pause Young (Allocation Failure) 134M->65M(503M) 14.613ms
[2020-09-11T14:04:12.577+0000][1][gc,cpu       ] GC(71) User=0.01s Sys=0.00s Real=0.02s
[2020-09-11T14:04:12.577+0000][1][safepoint    ] Safepoint "GenCollectForAllocation", Time since last: 5076344532 ns, Reaching safepoint: 69950 ns, At safepoint: 14696144 ns, Total: 14766094 ns
[2020-09-11T14:04:14.579+0000][1][safepoint    ] Safepoint "Cleanup", Time since last: 2001212160 ns, Reaching safepoint: 115361 ns, At safepoint: 45288 ns, Total: 160649 ns
[2020-09-11T14:04:17.579+0000][1][safepoint    ] Safepoint "Cleanup", Time since last: 3000491578 ns, Reaching safepoint: 88123 ns, At safepoint: 6940 ns, Total: 95063 ns
[2020-09-11T14:04:18.580+0000][1][safepoint    ] Safepoint "Cleanup", Time since last: 1000167537 ns, Reaching safepoint: 95071 ns, At safepoint: 6595 ns, Total: 101666 ns
[2020-09-11T14:04:21.580+0000][1][safepoint    ] Safepoint "Cleanup", Time since last: 3000421216 ns, Reaching safepoint: 118345 ns, At safepoint: 18011 ns, Total: 136356 ns
[2020-09-11T14:04:27.581+0000][1][safepoint    ] Safepoint "Cleanup", Time since last: 6000880600 ns, Reaching safepoint: 87730 ns, At safepoint: 7633 ns, Total: 95363 ns
[2020-09-11T14:04:30.582+0000][1][safepoint    ] Safepoint "Cleanup", Time since last: 3000424255 ns, Reaching safepoint: 86154 ns, At safepoint: 5952 ns, Total: 92106 ns
[2020-09-11T14:04:46.584+0000][1][safepoint    ] Safepoint "Cleanup", Time since last: 16002269995 ns, Reaching safepoint: 116675 ns, At safepoint: 7245 ns, Total: 123920 ns
[2020-09-11T14:04:47.584+0000][1][safepoint    ] Safepoint "Cleanup", Time since last: 1000182942 ns, Reaching safepoint: 75999 ns, At safepoint: 6777 ns, Total: 82776 ns
[2020-09-11T14:04:55.586+0000][1][safepoint    ] Safepoint "Cleanup", Time since last: 8001170330 ns, Reaching safepoint: 86843 ns, At safepoint: 8167 ns, Total: 95010 ns
[2020-09-11T14:04:59.586+0000][1][safepoint    ] Safepoint "Cleanup", Time since last: 4000583848 ns, Reaching safepoint: 96564 ns, At safepoint: 7987 ns, Total: 104551 ns
[2020-09-11T14:05:10.588+0000][1][safepoint    ] Safepoint "Cleanup", Time since last: 11001453086 ns, Reaching safepoint: 92552 ns, At safepoint: 8000 ns, Total: 100552 ns
[2020-09-11T14:05:11.588+0000][1][safepoint    ] Safepoint "Cleanup", Time since last: 1000205589 ns, Reaching safepoint: 88533 ns, At safepoint: 7316 ns, Total: 95849 ns
[2020-09-11T14:05:12.588+0000][1][safepoint    ] Safepoint "Cleanup", Time since last: 1000188310 ns, Reaching safepoint: 83907 ns, At safepoint: 7212 ns, Total: 91119 ns
[2020-09-11T14:05:14.589+0000][1][safepoint    ] Safepoint "Cleanup", Time since last: 2000326307 ns, Reaching safepoint: 80126 ns, At safepoint: 7954 ns, Total: 88080 ns
[2020-09-11T14:05:16.989+0000][1][gc,start     ] GC(72) Pause Young (Allocation Failure)
[2020-09-11T14:05:16.989+0000][1][gc,task      ] GC(72) Using 1 workers of 1 for evacuation
[2020-09-11T14:05:16.999+0000][1][gc,age       ] GC(72) Desired survivor size 4358144 bytes, new threshold 6 (max threshold 6)
[2020-09-11T14:05:16.999+0000][1][gc,age       ] GC(72) Age table with threshold 6 (max threshold 6)
[2020-09-11T14:05:16.999+0000][1][gc,age       ] GC(72) - age   1:      13328 bytes,      13328 total
[2020-09-11T14:05:16.999+0000][1][gc,age       ] GC(72) - age   2:       5600 bytes,      18928 total
[2020-09-11T14:05:16.999+0000][1][gc,age       ] GC(72) - age   3:       5576 bytes,      24504 total
[2020-09-11T14:05:16.999+0000][1][gc,age       ] GC(72) - age   4:      41000 bytes,      65504 total
[2020-09-11T14:05:16.999+0000][1][gc,age       ] GC(72) - age   5:       4392 bytes,      69896 total
[2020-09-11T14:05:16.999+0000][1][gc,age       ] GC(72) - age   6:     213048 bytes,     282944 total
[2020-09-11T14:05:16.999+0000][1][gc,heap      ] GC(72) ParNew: 70245K->1673K(76672K)
[2020-09-11T14:05:16.999+0000][1][gc,heap      ] GC(72) CMS: 64913K->66138K(439104K)
[2020-09-11T14:05:16.999+0000][1][gc,metaspace ] GC(72) Metaspace: 77702K->77702K(1120256K)
[2020-09-11T14:05:16.999+0000][1][gc           ] GC(72) Pause Young (Allocation Failure) 131M->66M(503M) 9.306ms
[2020-09-11T14:05:16.999+0000][1][gc,cpu       ] GC(72) User=0.01s Sys=0.00s Real=0.01s
[2020-09-11T14:05:16.999+0000][1][safepoint    ] Safepoint "GenCollectForAllocation", Time since last: 2400468958 ns, Reaching safepoint: 174679 ns, At safepoint: 9391310 ns, Total: 9565989 ns
[2020-09-11T14:05:24.002+0000][1][safepoint    ] Safepoint "Cleanup", Time since last: 7003580092 ns, Reaching safepoint: 92927 ns, At safepoint: 7260 ns, Total: 100187 ns
[2020-09-11T14:05:31.004+0000][1][safepoint    ] Safepoint "Cleanup", Time since last: 7000990330 ns, Reaching safepoint: 122762 ns, At safepoint: 16865 ns, Total: 139627 ns
[2020-09-11T14:05:33.004+0000][1][safepoint    ] Safepoint "Cleanup", Time since last: 2000345283 ns, Reaching safepoint: 119889 ns, At safepoint: 17644 ns, Total: 137533 ns
[2020-09-11T14:05:35.005+0000][1][safepoint    ] Safepoint "Cleanup", Time since last: 2000383728 ns, Reaching safepoint: 114784 ns, At safepoint: 17202 ns, Total: 131986 ns
[2020-09-11T14:05:35.537+0000][1][safepoint    ] Safepoint "RevokeBias", Time since last: 532475864 ns, Reaching safepoint: 145202 ns, At safepoint: 17397 ns, Total: 162599 ns
[2020-09-11T14:05:35.546+0000][1][safepoint    ] Safepoint "RevokeBias", Time since last: 5820033 ns, Reaching safepoint: 3195229 ns, At safepoint: 28676 ns, Total: 3223905 ns
[2020-09-11T14:05:35.551+0000][1][safepoint    ] Safepoint "RevokeBias", Time since last: 3981192 ns, Reaching safepoint: 1176658 ns, At safepoint: 25717 ns, Total: 1202375 ns
[2020-09-11T14:05:35.555+0000][1][safepoint    ] Safepoint "RevokeBias", Time since last: 1556760 ns, Reaching safepoint: 2433513 ns, At safepoint: 25037 ns, Total: 2458550 ns
[2020-09-11T14:05:35.564+0000][1][safepoint    ] Safepoint "RevokeBias", Time since last: 7853845 ns, Reaching safepoint: 184657 ns, At safepoint: 25744 ns, Total: 210401 ns
[2020-09-11T14:05:35.567+0000][1][safepoint    ] Safepoint "RevokeBias", Time since last: 1298082 ns, Reaching safepoint: 2604009 ns, At safepoint: 28930 ns, Total: 2632939 ns
[2020-09-11T14:05:35.571+0000][1][safepoint    ] Safepoint "RevokeBias", Time since last: 2059489 ns, Reaching safepoint: 1908785 ns, At safepoint: 25329 ns, Total: 1934114 ns
[2020-09-11T14:05:35.576+0000][1][safepoint    ] Safepoint "RevokeBias", Time since last: 969238 ns, Reaching safepoint: 3204576 ns, At safepoint: 24995 ns, Total: 3229571 ns
[2020-09-11T14:05:35.582+0000][1][safepoint    ] Safepoint "BulkRevokeBias", Time since last: 1872679 ns, Reaching safepoint: 4177309 ns, At safepoint: 231710 ns, Total: 4409019 ns
[2020-09-11T14:05:36.582+0000][1][safepoint    ] Safepoint "Cleanup", Time since last: 1000157279 ns, Reaching safepoint: 121663 ns, At safepoint: 9476 ns, Total: 131139 ns
[2020-09-11T14:05:37.983+0000][1][safepoint    ] Safepoint "RevokeBias", Time since last: 1400571240 ns, Reaching safepoint: 128440 ns, At safepoint: 10188 ns, Total: 138628 ns
[2020-09-11T14:05:37.983+0000][1][safepoint    ] Safepoint "RevokeBias", Time since last: 97921 ns, Reaching safepoint: 111744 ns, At safepoint: 6772 ns, Total: 118516 ns
[2020-09-11T14:05:37.984+0000][1][safepoint    ] Safepoint "RevokeBias", Time since last: 770350 ns, Reaching safepoint: 154795 ns, At safepoint: 9833 ns, Total: 164628 ns
[2020-09-11T14:05:37.985+0000][1][safepoint    ] Safepoint "RevokeBias", Time since last: 1026337 ns, Reaching safepoint: 136815 ns, At safepoint: 9096 ns, Total: 145911 ns
[2020-09-11T14:05:37.986+0000][1][safepoint    ] Safepoint "RevokeBias", Time since last: 122646 ns, Reaching safepoint: 102171 ns, At safepoint: 7192 ns, Total: 109363 ns
[2020-09-11T14:05:37.986+0000][1][safepoint    ] Safepoint "RevokeBias", Time since last: 219329 ns, Reaching safepoint: 101104 ns, At safepoint: 6812 ns, Total: 107916 ns
[2020-09-11T14:05:37.991+0000][1][safepoint    ] Safepoint "RevokeBias", Time since last: 5312266 ns, Reaching safepoint: 123223 ns, At safepoint: 8893 ns, Total: 132116 ns
[2020-09-11T14:05:37.992+0000][1][safepoint    ] Safepoint "RevokeBias", Time since last: 152516 ns, Reaching safepoint: 106002 ns, At safepoint: 6712 ns, Total: 112714 ns
[2020-09-11T14:05:37.993+0000][1][safepoint    ] Safepoint "RevokeBias", Time since last: 934928 ns, Reaching safepoint: 114901 ns, At safepoint: 7412 ns, Total: 122313 ns
[2020-09-11T14:05:37.998+0000][1][safepoint    ] Safepoint "RevokeBias", Time since last: 2240466 ns, Reaching safepoint: 2698706 ns, At safepoint: 13753 ns, Total: 2712459 ns
[2020-09-11T14:05:37.999+0000][1][safepoint    ] Safepoint "RevokeBias", Time since last: 468559 ns, Reaching safepoint: 1151927 ns, At safepoint: 8253 ns, Total: 1160180 ns
[2020-09-11T14:05:38.000+0000][1][safepoint    ] Safepoint "RevokeBias", Time since last: 284491 ns, Reaching safepoint: 105904 ns, At safepoint: 16829 ns, Total: 122733 ns
[2020-09-11T14:05:38.000+0000][1][safepoint    ] Safepoint "RevokeBias", Time since last: 228290 ns, Reaching safepoint: 106119 ns, At safepoint: 6723 ns, Total: 112842 ns
[2020-09-11T14:05:38.000+0000][1][safepoint    ] Safepoint "RevokeBias", Time since last: 57394 ns, Reaching safepoint: 98557 ns, At safepoint: 6502 ns, Total: 105059 ns
[2020-09-11T14:05:38.003+0000][1][safepoint    ] Safepoint "RevokeBias", Time since last: 62528 ns, Reaching safepoint: 3276054 ns, At safepoint: 10059 ns, Total: 3286113 ns
[2020-09-11T14:05:38.004+0000][1][safepoint    ] Safepoint "RevokeBias", Time since last: 116960 ns, Reaching safepoint: 98979 ns, At safepoint: 6876 ns, Total: 105855 ns
[2020-09-11T14:05:38.004+0000][1][safepoint    ] Safepoint "RevokeBias", Time since last: 41780 ns, Reaching safepoint: 95936 ns, At safepoint: 6147 ns, Total: 102083 ns
[2020-09-11T14:05:38.004+0000][1][safepoint    ] Safepoint "RevokeBias", Time since last: 193280 ns, Reaching safepoint: 98848 ns, At safepoint: 6462 ns, Total: 105310 ns
[2020-09-11T14:05:38.006+0000][1][safepoint    ] Safepoint "RevokeBias", Time since last: 1319587 ns, Reaching safepoint: 115507 ns, At safepoint: 7457 ns, Total: 122964 ns
[2020-09-11T14:05:38.035+0000][1][safepoint    ] Safepoint "RevokeBias", Time since last: 29846640 ns, Reaching safepoint: 59043 ns, At safepoint: 10646 ns, Total: 69689 ns
[2020-09-11T14:05:38.040+0000][1][safepoint    ] Safepoint "RevokeBias", Time since last: 4892174 ns, Reaching safepoint: 46259 ns, At safepoint: 8283 ns, Total: 54542 ns
[2020-09-11T14:05:38.041+0000][1][safepoint    ] Safepoint "RevokeBias", Time since last: 478292 ns, Reaching safepoint: 39870 ns, At safepoint: 6383 ns, Total: 46253 ns
[2020-09-11T14:05:38.041+0000][1][safepoint    ] Safepoint "RevokeBias", Time since last: 53676 ns, Reaching safepoint: 26250 ns, At safepoint: 4768 ns, Total: 31018 ns
[2020-09-11T14:05:38.041+0000][1][safepoint    ] Safepoint "RevokeBias", Time since last: 38244 ns, Reaching safepoint: 23286 ns, At safepoint: 4366 ns, Total: 27652 ns
[2020-09-11T14:05:38.041+0000][1][safepoint    ] Safepoint "RevokeBias", Time since last: 87963 ns, Reaching safepoint: 25001 ns, At safepoint: 4638 ns, Total: 29639 ns
[2020-09-11T14:05:38.041+0000][1][safepoint    ] Safepoint "RevokeBias", Time since last: 34585 ns, Reaching safepoint: 19610 ns, At safepoint: 4063 ns, Total: 23673 ns
[2020-09-11T14:05:38.041+0000][1][safepoint    ] Safepoint "RevokeBias", Time since last: 98272 ns, Reaching safepoint: 23214 ns, At safepoint: 4553 ns, Total: 27767 ns
[2020-09-11T14:05:38.041+0000][1][safepoint    ] Safepoint "RevokeBias", Time since last: 31471 ns, Reaching safepoint: 19099 ns, At safepoint: 4084 ns, Total: 23183 ns
[2020-09-11T14:05:38.044+0000][1][safepoint    ] Safepoint "RevokeBias", Time since last: 2421987 ns, Reaching safepoint: 29925 ns, At safepoint: 5889 ns, Total: 35814 ns
[2020-09-11T14:05:38.044+0000][1][safepoint    ] Safepoint "RevokeBias", Time since last: 59689 ns, Reaching safepoint: 20864 ns, At safepoint: 4428 ns, Total: 25292 ns
[2020-09-11T14:05:38.048+0000][1][safepoint    ] Safepoint "RevokeBias", Time since last: 3424479 ns, Reaching safepoint: 129931 ns, At safepoint: 9894 ns, Total: 139825 ns
[2020-09-11T14:05:38.048+0000][1][safepoint    ] Safepoint "RevokeBias", Time since last: 540684 ns, Reaching safepoint: 96931 ns, At safepoint: 7275 ns, Total: 104206 ns
[2020-09-11T14:05:38.048+0000][1][safepoint    ] Safepoint "RevokeBias", Time since last: 73270 ns, Reaching safepoint: 93664 ns, At safepoint: 6031 ns, Total: 99695 ns
[2020-09-11T14:05:38.049+0000][1][safepoint    ] Safepoint "RevokeBias", Time since last: 81165 ns, Reaching safepoint: 91103 ns, At safepoint: 6056 ns, Total: 97159 ns
[2020-09-11T14:05:38.049+0000][1][safepoint    ] Safepoint "RevokeBias", Time since last: 65604 ns, Reaching safepoint: 90366 ns, At safepoint: 5604 ns, Total: 95970 ns
[2020-09-11T14:05:38.049+0000][1][safepoint    ] Safepoint "RevokeBias", Time since last: 72630 ns, Reaching safepoint: 88647 ns, At safepoint: 5405 ns, Total: 94052 ns
[2020-09-11T14:05:38.084+0000][1][safepoint    ] Safepoint "RevokeBias", Time since last: 34539767 ns, Reaching safepoint: 816993 ns, At safepoint: 12766 ns, Total: 829759 ns
[2020-09-11T14:05:38.087+0000][1][safepoint    ] Safepoint "RevokeBias", Time since last: 2987091 ns, Reaching safepoint: 194622 ns, At safepoint: 10421 ns, Total: 205043 ns
[2020-09-11T14:05:38.109+0000][1][safepoint    ] Safepoint "RevokeBias", Time since last: 21266429 ns, Reaching safepoint: 200473 ns, At safepoint: 20231 ns, Total: 220704 ns
[2020-09-11T14:05:38.153+0000][1][safepoint    ] Safepoint "RevokeBias", Time since last: 44267973 ns, Reaching safepoint: 134141 ns, At safepoint: 20969 ns, Total: 155110 ns
[2020-09-11T14:05:38.158+0000][1][safepoint    ] Safepoint "BulkRevokeBias", Time since last: 4224538 ns, Reaching safepoint: 129949 ns, At safepoint: 172448 ns, Total: 302397 ns
[2020-09-11T14:05:38.158+0000][1][safepoint    ] Safepoint "RevokeBias", Time since last: 352964 ns, Reaching safepoint: 90587 ns, At safepoint: 6578 ns, Total: 97165 ns
[2020-09-11T14:05:38.209+0000][1][safepoint    ] Safepoint "RevokeBias", Time since last: 50717232 ns, Reaching safepoint: 121651 ns, At safepoint: 9668 ns, Total: 131319 ns
[2020-09-11T14:05:38.210+0000][1][safepoint    ] Safepoint "RevokeBias", Time since last: 800805 ns, Reaching safepoint: 97200 ns, At safepoint: 6916 ns, Total: 104116 ns
[2020-09-11T14:05:38.218+0000][1][safepoint    ] Safepoint "RevokeBias", Time since last: 7345203 ns, Reaching safepoint: 120208 ns, At safepoint: 10330 ns, Total: 130538 ns
[2020-09-11T14:05:38.222+0000][1][safepoint    ] Safepoint "BulkRevokeBias", Time since last: 3917826 ns, Reaching safepoint: 113833 ns, At safepoint: 91835 ns, Total: 205668 ns
[2020-09-11T14:05:38.235+0000][1][safepoint    ] Safepoint "RevokeBias", Time since last: 12976429 ns, Reaching safepoint: 585109 ns, At safepoint: 10295 ns, Total: 595404 ns
[2020-09-11T14:05:38.253+0000][1][safepoint    ] Safepoint "RevokeBias", Time since last: 17734502 ns, Reaching safepoint: 101256 ns, At safepoint: 7921 ns, Total: 109177 ns
[2020-09-11T14:05:38.253+0000][1][safepoint    ] Safepoint "RevokeBias", Time since last: 121467 ns, Reaching safepoint: 89034 ns, At safepoint: 5802 ns, Total: 94836 ns
[2020-09-11T14:05:38.256+0000][1][safepoint    ] Safepoint "RevokeBias", Time since last: 2100465 ns, Reaching safepoint: 90490 ns, At safepoint: 16572 ns, Total: 107062 ns
[2020-09-11T14:05:38.277+0000][1][safepoint    ] Safepoint "RevokeBias", Time since last: 19891605 ns, Reaching safepoint: 1857278 ns, At safepoint: 12537 ns, Total: 1869815 ns
[2020-09-11T14:05:38.286+0000][1][gc,heap,exit ] Heap
[2020-09-11T14:05:38.286+0000][1][gc,heap,exit ]  par new generation   total 76672K, used 33875K [0x00000000e0000000, 0x00000000e5330000, 0x00000000e5330000)
[2020-09-11T14:05:38.286+0000][1][gc,heap,exit ]   eden space 68160K,  47% used [0x00000000e0000000, 0x00000000e1f72748, 0x00000000e4290000)
[2020-09-11T14:05:38.286+0000][1][gc,heap,exit ]   from space 8512K,  19% used [0x00000000e4290000, 0x00000000e4432610, 0x00000000e4ae0000)
[2020-09-11T14:05:38.286+0000][1][gc,heap,exit ]   to   space 8512K,   0% used [0x00000000e4ae0000, 0x00000000e4ae0000, 0x00000000e5330000)
[2020-09-11T14:05:38.286+0000][1][gc,heap,exit ]  concurrent mark-sweep generation total 439104K, used 66138K [0x00000000e5330000, 0x0000000100000000, 0x0000000100000000)
[2020-09-11T14:05:38.286+0000][1][gc,heap,exit ]  Metaspace       used 77960K, capacity 84031K, committed 84280K, reserved 1120256K
[2020-09-11T14:05:38.286+0000][1][gc,heap,exit ]   class space    used 10397K, capacity 12868K, committed 12992K, reserved 1048576K
