[2020-09-11T14:10:57.020+0000][1][gc] Using Concurrent Mark Sweep
[2020-09-11T14:10:57.020+0000][1][gc,heap,coops] Heap address: 0x00000000e0000000, size: 512 MB, Compressed Oops mode: 32-bit
[2020-09-11T14:10:57.315+0000][1][safepoint    ] Safepoint "EnableBiasedLocking", Time since last: 261389997 ns, Reaching safepoint: 3393318 ns, At safepoint: 43475 ns, Total: 3436793 ns
[2020-09-11T14:10:57.335+0000][1][safepoint    ] Safepoint "RevokeBias", Time since last: 17806099 ns, Reaching safepoint: 1780995 ns, At safepoint: 44918 ns, Total: 1825913 ns
[2020-09-11T14:10:57.387+0000][1][safepoint    ] Safepoint "Deoptimize", Time since last: 52186008 ns, Reaching safepoint: 112755 ns, At safepoint: 22965 ns, Total: 135720 ns
[2020-09-11T14:10:58.088+0000][1][safepoint    ] Safepoint "RevokeBias", Time since last: 700036778 ns, Reaching safepoint: 890120 ns, At safepoint: 44420 ns, Total: 934540 ns
[2020-09-11T14:10:58.139+0000][1][safepoint    ] Safepoint "RevokeBias", Time since last: 45114864 ns, Reaching safepoint: 5197053 ns, At safepoint: 40255 ns, Total: 5237308 ns
[2020-09-11T14:10:58.145+0000][1][safepoint    ] Safepoint "Deoptimize", Time since last: 4676035 ns, Reaching safepoint: 1893361 ns, At safepoint: 36805 ns, Total: 1930166 ns
[2020-09-11T14:10:58.157+0000][1][safepoint    ] Safepoint "Deoptimize", Time since last: 10121349 ns, Reaching safepoint: 1615738 ns, At safepoint: 42790 ns, Total: 1658528 ns
[2020-09-11T14:10:58.389+0000][1][safepoint    ] Safepoint "Deoptimize", Time since last: 231652333 ns, Reaching safepoint: 490846 ns, At safepoint: 42496 ns, Total: 533342 ns
[2020-09-11T14:10:59.393+0000][1][safepoint    ] Safepoint "Cleanup", Time since last: 1002096720 ns, Reaching safepoint: 1281887 ns, At safepoint: 8755 ns, Total: 1290642 ns
[2020-09-11T14:11:00.393+0000][1][safepoint    ] Safepoint "Cleanup", Time since last: 1000103770 ns, Reaching safepoint: 528195 ns, At safepoint: 5848 ns, Total: 534043 ns
[2020-09-11T14:11:00.504+0000][1][safepoint    ] Safepoint "Deoptimize", Time since last: 110686541 ns, Reaching safepoint: 103715 ns, At safepoint: 67166 ns, Total: 170881 ns
[2020-09-11T14:11:00.816+0000][1][safepoint    ] Safepoint "Deoptimize", Time since last: 311210790 ns, Reaching safepoint: 103169 ns, At safepoint: 69156 ns, Total: 172325 ns
[2020-09-11T14:11:01.186+0000][1][safepoint    ] Safepoint "Deoptimize", Time since last: 369193427 ns, Reaching safepoint: 1334661 ns, At safepoint: 76293 ns, Total: 1410954 ns
[2020-09-11T14:11:02.187+0000][1][safepoint    ] Safepoint "Cleanup", Time since last: 1000355590 ns, Reaching safepoint: 118555 ns, At safepoint: 6093 ns, Total: 124648 ns
[2020-09-11T14:11:03.087+0000][1][safepoint    ] Safepoint "Deoptimize", Time since last: 898113776 ns, Reaching safepoint: 103802 ns, At safepoint: 2089594 ns, Total: 2193396 ns
[2020-09-11T14:11:04.096+0000][1][safepoint    ] Safepoint "Cleanup", Time since last: 1008424533 ns, Reaching safepoint: 112408 ns, At safepoint: 6328 ns, Total: 118736 ns
[2020-09-11T14:11:05.285+0000][1][safepoint    ] Safepoint "Deoptimize", Time since last: 1188981561 ns, Reaching safepoint: 101064 ns, At safepoint: 89999 ns, Total: 191063 ns
[2020-09-11T14:11:06.287+0000][1][safepoint    ] Safepoint "Cleanup", Time since last: 1000102702 ns, Reaching safepoint: 2654638 ns, At safepoint: 8429 ns, Total: 2663067 ns
[2020-09-11T14:11:07.228+0000][1][safepoint    ] Safepoint "Deoptimize", Time since last: 940085340 ns, Reaching safepoint: 106877 ns, At safepoint: 108105 ns, Total: 214982 ns
[2020-09-11T14:11:07.228+0000][1][safepoint    ] Safepoint "Deoptimize", Time since last: 151716 ns, Reaching safepoint: 82845 ns, At safepoint: 45335 ns, Total: 128180 ns
[2020-09-11T14:11:07.492+0000][1][safepoint    ] Safepoint "Deoptimize", Time since last: 263519081 ns, Reaching safepoint: 139349 ns, At safepoint: 113151 ns, Total: 252500 ns
[2020-09-11T14:11:07.516+0000][1][safepoint    ] Safepoint "Deoptimize", Time since last: 20021414 ns, Reaching safepoint: 3601263 ns, At safepoint: 150205 ns, Total: 3751468 ns
[2020-09-11T14:11:07.577+0000][1][safepoint    ] Safepoint "RevokeBias", Time since last: 61257141 ns, Reaching safepoint: 231657 ns, At safepoint: 27546 ns, Total: 259203 ns
[2020-09-11T14:11:07.583+0000][1][safepoint    ] Safepoint "RevokeBias", Time since last: 6098254 ns, Reaching safepoint: 88904 ns, At safepoint: 19363 ns, Total: 108267 ns
[2020-09-11T14:11:07.584+0000][1][safepoint    ] Safepoint "RevokeBias", Time since last: 112415 ns, Reaching safepoint: 77601 ns, At safepoint: 14049 ns, Total: 91650 ns
[2020-09-11T14:11:07.584+0000][1][safepoint    ] Safepoint "RevokeBias", Time since last: 158439 ns, Reaching safepoint: 77683 ns, At safepoint: 15920 ns, Total: 93603 ns
[2020-09-11T14:11:08.104+0000][1][safepoint    ] Safepoint "RevokeBias", Time since last: 520556051 ns, Reaching safepoint: 131938 ns, At safepoint: 23344 ns, Total: 155282 ns
[2020-09-11T14:11:09.110+0000][1][safepoint    ] Safepoint "Cleanup", Time since last: 1005195720 ns, Reaching safepoint: 134596 ns, At safepoint: 8834 ns, Total: 143430 ns
[2020-09-11T14:11:10.115+0000][1][safepoint    ] Safepoint "Cleanup", Time since last: 1005026028 ns, Reaching safepoint: 120209 ns, At safepoint: 5661 ns, Total: 125870 ns
[2020-09-11T14:11:10.164+0000][1][gc,start     ] GC(0) Pause Young (Allocation Failure)
[2020-09-11T14:11:10.164+0000][1][gc,task      ] GC(0) Using 1 workers of 1 for evacuation
[2020-09-11T14:11:10.218+0000][1][gc,age       ] GC(0) Desired survivor size 4358144 bytes, new threshold 1 (max threshold 6)
[2020-09-11T14:11:10.218+0000][1][gc,age       ] GC(0) Age table with threshold 1 (max threshold 6)
[2020-09-11T14:11:10.218+0000][1][gc,age       ] GC(0) - age   1:    6444712 bytes,    6444712 total
[2020-09-11T14:11:10.218+0000][1][gc,heap      ] GC(0) ParNew: 68160K->6323K(76672K)
[2020-09-11T14:11:10.218+0000][1][gc,heap      ] GC(0) CMS: 0K->0K(439104K)
[2020-09-11T14:11:10.218+0000][1][gc,metaspace ] GC(0) Metaspace: 13654K->13654K(1060864K)
[2020-09-11T14:11:10.218+0000][1][gc           ] GC(0) Pause Young (Allocation Failure) 66M->6M(503M) 54.297ms
[2020-09-11T14:11:10.218+0000][1][gc,cpu       ] GC(0) User=0.01s Sys=0.00s Real=0.05s
[2020-09-11T14:11:10.243+0000][1][safepoint    ] Safepoint "GenCollectForAllocation", Time since last: 48462196 ns, Reaching safepoint: 110895 ns, At safepoint: 79725122 ns, Total: 79836017 ns
[2020-09-11T14:11:10.284+0000][1][safepoint    ] Safepoint "RevokeBias", Time since last: 20142029 ns, Reaching safepoint: 20021922 ns, At safepoint: 458762 ns, Total: 20480684 ns
[2020-09-11T14:11:10.285+0000][1][safepoint    ] Safepoint "RevokeBias", Time since last: 125067 ns, Reaching safepoint: 670360 ns, At safepoint: 34149 ns, Total: 704509 ns
[2020-09-11T14:11:10.300+0000][1][safepoint    ] Safepoint "RevokeBias", Time since last: 14733004 ns, Reaching safepoint: 640546 ns, At safepoint: 22021 ns, Total: 662567 ns
[2020-09-11T14:11:10.300+0000][1][safepoint    ] Safepoint "RevokeBias", Time since last: 62702 ns, Reaching safepoint: 77804 ns, At safepoint: 14497 ns, Total: 92301 ns
[2020-09-11T14:11:10.302+0000][1][safepoint    ] Safepoint "RevokeBias", Time since last: 53460 ns, Reaching safepoint: 1499986 ns, At safepoint: 17902 ns, Total: 1517888 ns
[2020-09-11T14:11:10.303+0000][1][safepoint    ] Safepoint "RevokeBias", Time since last: 36272 ns, Reaching safepoint: 1522947 ns, At safepoint: 19115 ns, Total: 1542062 ns
[2020-09-11T14:11:10.304+0000][1][safepoint    ] Safepoint "RevokeBias", Time since last: 54138 ns, Reaching safepoint: 78284 ns, At safepoint: 16546 ns, Total: 94830 ns
[2020-09-11T14:11:10.304+0000][1][safepoint    ] Safepoint "RevokeBias", Time since last: 28429 ns, Reaching safepoint: 75528 ns, At safepoint: 12923 ns, Total: 88451 ns
[2020-09-11T14:11:10.304+0000][1][safepoint    ] Safepoint "RevokeBias", Time since last: 33448 ns, Reaching safepoint: 76890 ns, At safepoint: 18907 ns, Total: 95797 ns
[2020-09-11T14:11:10.304+0000][1][safepoint    ] Safepoint "RevokeBias", Time since last: 26943 ns, Reaching safepoint: 76691 ns, At safepoint: 15697 ns, Total: 92388 ns
[2020-09-11T14:11:10.304+0000][1][safepoint    ] Safepoint "RevokeBias", Time since last: 33221 ns, Reaching safepoint: 217173 ns, At safepoint: 14115 ns, Total: 231288 ns
[2020-09-11T14:11:10.307+0000][1][safepoint    ] Safepoint "RevokeBias", Time since last: 50419 ns, Reaching safepoint: 3170983 ns, At safepoint: 26669 ns, Total: 3197652 ns
[2020-09-11T14:11:10.309+0000][1][safepoint    ] Safepoint "RevokeBias", Time since last: 114105 ns, Reaching safepoint: 1526830 ns, At safepoint: 22854 ns, Total: 1549684 ns
[2020-09-11T14:11:10.311+0000][1][safepoint    ] Safepoint "RevokeBias", Time since last: 45740 ns, Reaching safepoint: 2154013 ns, At safepoint: 27300 ns, Total: 2181313 ns
[2020-09-11T14:11:10.312+0000][1][safepoint    ] Safepoint "RevokeBias", Time since last: 132521 ns, Reaching safepoint: 83000 ns, At safepoint: 19301 ns, Total: 102301 ns
[2020-09-11T14:11:10.312+0000][1][safepoint    ] Safepoint "RevokeBias", Time since last: 31824 ns, Reaching safepoint: 79720 ns, At safepoint: 18775 ns, Total: 98495 ns
[2020-09-11T14:11:10.312+0000][1][safepoint    ] Safepoint "RevokeBias", Time since last: 128709 ns, Reaching safepoint: 80469 ns, At safepoint: 17836 ns, Total: 98305 ns
[2020-09-11T14:11:10.315+0000][1][safepoint    ] Safepoint "RevokeBias", Time since last: 29128 ns, Reaching safepoint: 3443576 ns, At safepoint: 22274 ns, Total: 3465850 ns
[2020-09-11T14:11:10.316+0000][1][safepoint    ] Safepoint "RevokeBias", Time since last: 55409 ns, Reaching safepoint: 230066 ns, At safepoint: 18923 ns, Total: 248989 ns
[2020-09-11T14:11:10.317+0000][1][safepoint    ] Safepoint "RevokeBias", Time since last: 31296 ns, Reaching safepoint: 1432792 ns, At safepoint: 19115 ns, Total: 1451907 ns
[2020-09-11T14:11:10.319+0000][1][safepoint    ] Safepoint "RevokeBias", Time since last: 69728 ns, Reaching safepoint: 1950945 ns, At safepoint: 20087 ns, Total: 1971032 ns
[2020-09-11T14:11:10.319+0000][1][safepoint    ] Safepoint "RevokeBias", Time since last: 41757 ns, Reaching safepoint: 101644 ns, At safepoint: 15073 ns, Total: 116717 ns
[2020-09-11T14:11:10.320+0000][1][safepoint    ] Safepoint "RevokeBias", Time since last: 183847 ns, Reaching safepoint: 79988 ns, At safepoint: 14329 ns, Total: 94317 ns
[2020-09-11T14:11:10.320+0000][1][safepoint    ] Safepoint "RevokeBias", Time since last: 29329 ns, Reaching safepoint: 104705 ns, At safepoint: 16944 ns, Total: 121649 ns
[2020-09-11T14:11:10.320+0000][1][safepoint    ] Safepoint "RevokeBias", Time since last: 39160 ns, Reaching safepoint: 79996 ns, At safepoint: 24163 ns, Total: 104159 ns
[2020-09-11T14:11:10.320+0000][1][safepoint    ] Safepoint "RevokeBias", Time since last: 24622 ns, Reaching safepoint: 78490 ns, At safepoint: 23270 ns, Total: 101760 ns
[2020-09-11T14:11:10.320+0000][1][safepoint    ] Safepoint "RevokeBias", Time since last: 36137 ns, Reaching safepoint: 79920 ns, At safepoint: 23137 ns, Total: 103057 ns
[2020-09-11T14:11:10.323+0000][1][safepoint    ] Safepoint "RevokeBias", Time since last: 24000 ns, Reaching safepoint: 3154160 ns, At safepoint: 43162 ns, Total: 3197322 ns
[2020-09-11T14:11:10.327+0000][1][safepoint    ] Safepoint "RevokeBias", Time since last: 1971327 ns, Reaching safepoint: 1684139 ns, At safepoint: 36984 ns, Total: 1721123 ns
[2020-09-11T14:11:10.328+0000][1][safepoint    ] Safepoint "RevokeBias", Time since last: 47786 ns, Reaching safepoint: 547750 ns, At safepoint: 27413 ns, Total: 575163 ns
[2020-09-11T14:11:10.528+0000][1][safepoint    ] Safepoint "Deoptimize", Time since last: 196267463 ns, Reaching safepoint: 3400052 ns, At safepoint: 205341 ns, Total: 3605393 ns
[2020-09-11T14:11:11.529+0000][1][safepoint    ] Safepoint "Cleanup", Time since last: 1001488003 ns, Reaching safepoint: 134236 ns, At safepoint: 5856 ns, Total: 140092 ns
[2020-09-11T14:11:12.125+0000][1][safepoint    ] Safepoint "RevokeBias", Time since last: 595928484 ns, Reaching safepoint: 116778 ns, At safepoint: 37828 ns, Total: 154606 ns
[2020-09-11T14:11:13.138+0000][1][safepoint    ] Safepoint "Cleanup", Time since last: 1000110424 ns, Reaching safepoint: 12045680 ns, At safepoint: 10666 ns, Total: 12056346 ns
[2020-09-11T14:11:14.096+0000][1][safepoint    ] Safepoint "Deoptimize", Time since last: 957964534 ns, Reaching safepoint: 157554 ns, At safepoint: 164597 ns, Total: 322151 ns
[2020-09-11T14:11:14.672+0000][1][gc,start     ] GC(1) Pause Young (Allocation Failure)
[2020-09-11T14:11:14.672+0000][1][gc,task      ] GC(1) Using 1 workers of 1 for evacuation
[2020-09-11T14:11:14.854+0000][1][gc,age       ] GC(1) Desired survivor size 4358144 bytes, new threshold 6 (max threshold 6)
[2020-09-11T14:11:14.854+0000][1][gc,age       ] GC(1) Age table with threshold 6 (max threshold 6)
[2020-09-11T14:11:14.854+0000][1][gc,age       ] GC(1) - age   1:    3768216 bytes,    3768216 total
[2020-09-11T14:11:14.854+0000][1][gc,heap      ] GC(1) ParNew: 74483K->4226K(76672K)
[2020-09-11T14:11:14.854+0000][1][gc,heap      ] GC(1) CMS: 0K->6836K(439104K)
[2020-09-11T14:11:14.854+0000][1][gc,metaspace ] GC(1) Metaspace: 18223K->18223K(1067008K)
[2020-09-11T14:11:14.854+0000][1][gc           ] GC(1) Pause Young (Allocation Failure) 72M->10M(503M) 182.090ms
[2020-09-11T14:11:14.854+0000][1][gc,cpu       ] GC(1) User=0.05s Sys=0.00s Real=0.18s
[2020-09-11T14:11:14.864+0000][1][safepoint    ] Safepoint "GenCollectForAllocation", Time since last: 575599438 ns, Reaching safepoint: 276307 ns, At safepoint: 192429778 ns, Total: 192706085 ns
[2020-09-11T14:11:14.908+0000][1][safepoint    ] Safepoint "BulkRevokeBias", Time since last: 43365455 ns, Reaching safepoint: 124108 ns, At safepoint: 135752 ns, Total: 259860 ns
[2020-09-11T14:11:14.925+0000][1][safepoint    ] Safepoint "RevokeBias", Time since last: 11116207 ns, Reaching safepoint: 6249801 ns, At safepoint: 59908 ns, Total: 6309709 ns
[2020-09-11T14:11:14.927+0000][1][safepoint    ] Safepoint "RevokeBias", Time since last: 96154 ns, Reaching safepoint: 2129813 ns, At safepoint: 30525 ns, Total: 2160338 ns
[2020-09-11T14:11:14.928+0000][1][safepoint    ] Safepoint "RevokeBias", Time since last: 41520 ns, Reaching safepoint: 83583 ns, At safepoint: 24489 ns, Total: 108072 ns
[2020-09-11T14:11:14.928+0000][1][safepoint    ] Safepoint "RevokeBias", Time since last: 43324 ns, Reaching safepoint: 185647 ns, At safepoint: 34394 ns, Total: 220041 ns
[2020-09-11T14:11:14.928+0000][1][safepoint    ] Safepoint "RevokeBias", Time since last: 36530 ns, Reaching safepoint: 81423 ns, At safepoint: 30804 ns, Total: 112227 ns
[2020-09-11T14:11:14.928+0000][1][safepoint    ] Safepoint "RevokeBias", Time since last: 302124 ns, Reaching safepoint: 82061 ns, At safepoint: 25834 ns, Total: 107895 ns
[2020-09-11T14:11:14.929+0000][1][safepoint    ] Safepoint "BulkRevokeBias", Time since last: 36874 ns, Reaching safepoint: 80641 ns, At safepoint: 43220 ns, Total: 123861 ns
[2020-09-11T14:11:14.929+0000][1][safepoint    ] Safepoint "BulkRevokeBias", Time since last: 28143 ns, Reaching safepoint: 88304 ns, At safepoint: 39633 ns, Total: 127937 ns
[2020-09-11T14:11:15.124+0000][1][safepoint    ] Safepoint "Deoptimize", Time since last: 194571044 ns, Reaching safepoint: 138238 ns, At safepoint: 175175 ns, Total: 313413 ns
[2020-09-11T14:11:15.191+0000][1][safepoint    ] Safepoint "Deoptimize", Time since last: 67301391 ns, Reaching safepoint: 101027 ns, At safepoint: 167169 ns, Total: 268196 ns
[2020-09-11T14:11:16.199+0000][1][safepoint    ] Safepoint "Cleanup", Time since last: 1000119412 ns, Reaching safepoint: 7535353 ns, At safepoint: 7263 ns, Total: 7542616 ns
[2020-09-11T14:11:16.244+0000][1][safepoint    ] Safepoint "Deoptimize", Time since last: 43117226 ns, Reaching safepoint: 1473688 ns, At safepoint: 176237 ns, Total: 1649925 ns
[2020-09-11T14:11:16.245+0000][1][safepoint    ] Safepoint "RevokeBias", Time since last: 500526 ns, Reaching safepoint: 1220484 ns, At safepoint: 44392 ns, Total: 1264876 ns
[2020-09-11T14:11:16.248+0000][1][safepoint    ] Safepoint "Deoptimize", Time since last: 883465 ns, Reaching safepoint: 1159275 ns, At safepoint: 174661 ns, Total: 1333936 ns
[2020-09-11T14:11:17.255+0000][1][safepoint    ] Safepoint "Cleanup", Time since last: 1007321731 ns, Reaching safepoint: 126314 ns, At safepoint: 5716 ns, Total: 132030 ns
[2020-09-11T14:11:17.907+0000][1][gc,start     ] GC(2) Pause Young (Allocation Failure)
[2020-09-11T14:11:17.908+0000][1][gc,task      ] GC(2) Using 1 workers of 1 for evacuation
[2020-09-11T14:11:17.947+0000][1][gc,age       ] GC(2) Desired survivor size 4358144 bytes, new threshold 2 (max threshold 6)
[2020-09-11T14:11:17.947+0000][1][gc,age       ] GC(2) Age table with threshold 2 (max threshold 6)
[2020-09-11T14:11:17.947+0000][1][gc,age       ] GC(2) - age   1:    2686344 bytes,    2686344 total
[2020-09-11T14:11:17.947+0000][1][gc,age       ] GC(2) - age   2:    3570328 bytes,    6256672 total
[2020-09-11T14:11:17.947+0000][1][gc,heap      ] GC(2) ParNew: 72386K->7646K(76672K)
[2020-09-11T14:11:17.947+0000][1][gc,heap      ] GC(2) CMS: 6836K->6836K(439104K)
[2020-09-11T14:11:17.947+0000][1][gc,metaspace ] GC(2) Metaspace: 20125K->20125K(1067008K)
[2020-09-11T14:11:17.947+0000][1][gc           ] GC(2) Pause Young (Allocation Failure) 77M->14M(503M) 39.658ms
[2020-09-11T14:11:17.947+0000][1][gc,cpu       ] GC(2) User=0.01s Sys=0.00s Real=0.04s
[2020-09-11T14:11:17.979+0000][1][safepoint    ] Safepoint "GenCollectForAllocation", Time since last: 649578245 ns, Reaching safepoint: 2835968 ns, At safepoint: 71964536 ns, Total: 74800504 ns
[2020-09-11T14:11:18.000+0000][1][safepoint    ] Safepoint "RevokeBias", Time since last: 20363789 ns, Reaching safepoint: 97562 ns, At safepoint: 38209 ns, Total: 135771 ns
[2020-09-11T14:11:18.000+0000][1][safepoint    ] Safepoint "RevokeBias", Time since last: 66443 ns, Reaching safepoint: 80077 ns, At safepoint: 25911 ns, Total: 105988 ns
[2020-09-11T14:11:18.008+0000][1][safepoint    ] Safepoint "RevokeBias", Time since last: 361609 ns, Reaching safepoint: 7064170 ns, At safepoint: 50673 ns, Total: 7114843 ns
[2020-09-11T14:11:18.008+0000][1][safepoint    ] Safepoint "RevokeBias", Time since last: 74704 ns, Reaching safepoint: 80290 ns, At safepoint: 28846 ns, Total: 109136 ns
[2020-09-11T14:11:18.008+0000][1][safepoint    ] Safepoint "RevokeBias", Time since last: 29199 ns, Reaching safepoint: 79822 ns, At safepoint: 26703 ns, Total: 106525 ns
[2020-09-11T14:11:18.008+0000][1][safepoint    ] Safepoint "RevokeBias", Time since last: 31294 ns, Reaching safepoint: 80683 ns, At safepoint: 37627 ns, Total: 118310 ns
[2020-09-11T14:11:18.008+0000][1][safepoint    ] Safepoint "RevokeBias", Time since last: 32416 ns, Reaching safepoint: 78949 ns, At safepoint: 35217 ns, Total: 114166 ns
[2020-09-11T14:11:18.030+0000][1][safepoint    ] Safepoint "RevokeBias", Time since last: 21846910 ns, Reaching safepoint: 105634 ns, At safepoint: 83924 ns, Total: 189558 ns
[2020-09-11T14:11:19.043+0000][1][safepoint    ] Safepoint "Cleanup", Time since last: 1012612878 ns, Reaching safepoint: 252952 ns, At safepoint: 5767 ns, Total: 258719 ns
[2020-09-11T14:11:19.059+0000][1][gc,start     ] GC(3) Pause Young (Allocation Failure)
[2020-09-11T14:11:19.060+0000][1][gc,task      ] GC(3) Using 1 workers of 1 for evacuation
[2020-09-11T14:11:19.099+0000][1][gc,age       ] GC(3) Desired survivor size 4358144 bytes, new threshold 6 (max threshold 6)
[2020-09-11T14:11:19.099+0000][1][gc,age       ] GC(3) Age table with threshold 6 (max threshold 6)
[2020-09-11T14:11:19.099+0000][1][gc,age       ] GC(3) - age   1:    1756992 bytes,    1756992 total
[2020-09-11T14:11:19.099+0000][1][gc,age       ] GC(3) - age   2:     672432 bytes,    2429424 total
[2020-09-11T14:11:19.099+0000][1][gc,heap      ] GC(3) ParNew: 75806K->5526K(76672K)
[2020-09-11T14:11:19.099+0000][1][gc,heap      ] GC(3) CMS: 6836K->10351K(439104K)
[2020-09-11T14:11:19.099+0000][1][gc,metaspace ] GC(3) Metaspace: 20383K->20383K(1067008K)
[2020-09-11T14:11:19.099+0000][1][gc           ] GC(3) Pause Young (Allocation Failure) 80M->15M(503M) 39.807ms
[2020-09-11T14:11:19.099+0000][1][gc,cpu       ] GC(3) User=0.01s Sys=0.00s Real=0.04s
[2020-09-11T14:11:19.120+0000][1][safepoint    ] Safepoint "GenCollectForAllocation", Time since last: 12926195 ns, Reaching safepoint: 3396489 ns, At safepoint: 60389170 ns, Total: 63785659 ns
[2020-09-11T14:11:19.169+0000][1][safepoint    ] Safepoint "RevokeBias", Time since last: 43541207 ns, Reaching safepoint: 5154857 ns, At safepoint: 26740 ns, Total: 5181597 ns
[2020-09-11T14:11:19.169+0000][1][safepoint    ] Safepoint "RevokeBias", Time since last: 533226 ns, Reaching safepoint: 82611 ns, At safepoint: 25405 ns, Total: 108016 ns
[2020-09-11T14:11:19.176+0000][1][safepoint    ] Safepoint "RevokeBias", Time since last: 53264 ns, Reaching safepoint: 6216272 ns, At safepoint: 46410 ns, Total: 6262682 ns
[2020-09-11T14:11:19.176+0000][1][safepoint    ] Safepoint "RevokeBias", Time since last: 69442 ns, Reaching safepoint: 79945 ns, At safepoint: 23058 ns, Total: 103003 ns
[2020-09-11T14:11:19.176+0000][1][safepoint    ] Safepoint "RevokeBias", Time since last: 49264 ns, Reaching safepoint: 87170 ns, At safepoint: 15056 ns, Total: 102226 ns
[2020-09-11T14:11:19.176+0000][1][safepoint    ] Safepoint "RevokeBias", Time since last: 27667 ns, Reaching safepoint: 77864 ns, At safepoint: 22407 ns, Total: 100271 ns
[2020-09-11T14:11:19.176+0000][1][safepoint    ] Safepoint "RevokeBias", Time since last: 33903 ns, Reaching safepoint: 77441 ns, At safepoint: 15772 ns, Total: 93213 ns
[2020-09-11T14:11:19.176+0000][1][safepoint    ] Safepoint "RevokeBias", Time since last: 26842 ns, Reaching safepoint: 45815 ns, At safepoint: 13596 ns, Total: 59411 ns
[2020-09-11T14:11:19.900+0000][1][safepoint    ] Safepoint "CollectForMetadataAllocation", Time since last: 723278820 ns, Reaching safepoint: 111203 ns, At safepoint: 74815 ns, Total: 186018 ns
[2020-09-11T14:11:20.180+0000][1][safepoint    ] Safepoint "CollectForMetadataAllocation", Time since last: 280379458 ns, Reaching safepoint: 101259 ns, At safepoint: 122527 ns, Total: 223786 ns
[2020-09-11T14:11:20.348+0000][1][gc,start     ] GC(4) Pause Young (Allocation Failure)
[2020-09-11T14:11:20.348+0000][1][gc,task      ] GC(4) Using 1 workers of 1 for evacuation
[2020-09-11T14:11:20.377+0000][1][gc,age       ] GC(4) Desired survivor size 4358144 bytes, new threshold 6 (max threshold 6)
[2020-09-11T14:11:20.377+0000][1][gc,age       ] GC(4) Age table with threshold 6 (max threshold 6)
[2020-09-11T14:11:20.377+0000][1][gc,age       ] GC(4) - age   1:    1462800 bytes,    1462800 total
[2020-09-11T14:11:20.377+0000][1][gc,age       ] GC(4) - age   2:     351344 bytes,    1814144 total
[2020-09-11T14:11:20.377+0000][1][gc,age       ] GC(4) - age   3:     672336 bytes,    2486480 total
[2020-09-11T14:11:20.377+0000][1][gc,heap      ] GC(4) ParNew: 73686K->4542K(76672K)
[2020-09-11T14:11:20.377+0000][1][gc,heap      ] GC(4) CMS: 10351K->10351K(439104K)
[2020-09-11T14:11:20.377+0000][1][gc,metaspace ] GC(4) Metaspace: 20910K->20910K(1069056K)
[2020-09-11T14:11:20.377+0000][1][gc           ] GC(4) Pause Young (Allocation Failure) 82M->14M(503M) 29.153ms
[2020-09-11T14:11:20.377+0000][1][gc,cpu       ] GC(4) User=0.01s Sys=0.00s Real=0.03s
[2020-09-11T14:11:20.390+0000][1][safepoint    ] Safepoint "GenCollectForAllocation", Time since last: 167197138 ns, Reaching safepoint: 115609 ns, At safepoint: 42473980 ns, Total: 42589589 ns
[2020-09-11T14:11:20.402+0000][1][gc,start     ] GC(5) Pause Initial Mark
[2020-09-11T14:11:20.410+0000][1][gc           ] GC(5) Pause Initial Mark 19M->19M(503M) 8.336ms
[2020-09-11T14:11:20.410+0000][1][gc,cpu       ] GC(5) User=0.00s Sys=0.00s Real=0.01s
[2020-09-11T14:11:20.439+0000][1][safepoint    ] Safepoint "BulkRevokeBias", Time since last: 11826910 ns, Reaching safepoint: 108405 ns, At safepoint: 37152298 ns, Total: 37260703 ns
[2020-09-11T14:11:20.439+0000][1][gc           ] GC(5) Concurrent Mark
[2020-09-11T14:11:20.474+0000][1][safepoint    ] Safepoint "RevokeBias", Time since last: 13850717 ns, Reaching safepoint: 21224405 ns, At safepoint: 48832 ns, Total: 21273237 ns
[2020-09-11T14:11:20.475+0000][1][safepoint    ] Safepoint "RevokeBias", Time since last: 87457 ns, Reaching safepoint: 1099595 ns, At safepoint: 38970 ns, Total: 1138565 ns
[2020-09-11T14:11:20.476+0000][1][safepoint    ] Safepoint "RevokeBias", Time since last: 42594 ns, Reaching safepoint: 80737 ns, At safepoint: 29740 ns, Total: 110477 ns
[2020-09-11T14:11:20.476+0000][1][safepoint    ] Safepoint "RevokeBias", Time since last: 48030 ns, Reaching safepoint: 83803 ns, At safepoint: 29202 ns, Total: 113005 ns
[2020-09-11T14:11:20.476+0000][1][safepoint    ] Safepoint "RevokeBias", Time since last: 26366 ns, Reaching safepoint: 80234 ns, At safepoint: 28766 ns, Total: 109000 ns
[2020-09-11T14:11:20.525+0000][1][gc           ] GC(5) Concurrent Mark 86.312ms
[2020-09-11T14:11:20.526+0000][1][gc,cpu       ] GC(5) User=0.02s Sys=0.00s Real=0.09s
[2020-09-11T14:11:20.526+0000][1][gc           ] GC(5) Concurrent Preclean
[2020-09-11T14:11:20.526+0000][1][gc           ] GC(5) Concurrent Preclean 0.608ms
[2020-09-11T14:11:20.526+0000][1][gc,cpu       ] GC(5) User=0.00s Sys=0.00s Real=0.00s
[2020-09-11T14:11:20.526+0000][1][gc           ] GC(5) Concurrent Abortable Preclean
[2020-09-11T14:11:21.076+0000][1][safepoint    ] Safepoint "CollectForMetadataAllocation", Time since last: 599511824 ns, Reaching safepoint: 119643 ns, At safepoint: 137174 ns, Total: 256817 ns
[2020-09-11T14:11:21.110+0000][1][safepoint    ] Safepoint "RevokeBias", Time since last: 16592598 ns, Reaching safepoint: 17260223 ns, At safepoint: 12903 ns, Total: 17273126 ns
[2020-09-11T14:11:21.110+0000][1][safepoint    ] Safepoint "RevokeBias", Time since last: 81876 ns, Reaching safepoint: 8743 ns, At safepoint: 4253 ns, Total: 12996 ns
[2020-09-11T14:11:21.116+0000][1][safepoint    ] Safepoint "Deoptimize", Time since last: 5910598 ns, Reaching safepoint: 101768 ns, At safepoint: 206711 ns, Total: 308479 ns
[2020-09-11T14:11:21.521+0000][1][safepoint    ] Safepoint "Deoptimize", Time since last: 404369966 ns, Reaching safepoint: 97881 ns, At safepoint: 198697 ns, Total: 296578 ns
[2020-09-11T14:11:21.799+0000][1][gc,start     ] GC(6) Pause Young (Allocation Failure)
[2020-09-11T14:11:21.800+0000][1][gc,task      ] GC(6) Using 1 workers of 1 for evacuation
[2020-09-11T14:11:21.811+0000][1][gc           ] GC(5) Concurrent Abortable Preclean 1285.255ms
[2020-09-11T14:11:21.811+0000][1][gc,cpu       ] GC(5) User=0.32s Sys=0.00s Real=1.28s
[2020-09-11T14:11:21.851+0000][1][gc,age       ] GC(6) Desired survivor size 4358144 bytes, new threshold 4 (max threshold 6)
[2020-09-11T14:11:21.851+0000][1][gc,age       ] GC(6) Age table with threshold 4 (max threshold 6)
[2020-09-11T14:11:21.851+0000][1][gc,age       ] GC(6) - age   1:    2308720 bytes,    2308720 total
[2020-09-11T14:11:21.851+0000][1][gc,age       ] GC(6) - age   2:    1253536 bytes,    3562256 total
[2020-09-11T14:11:21.851+0000][1][gc,age       ] GC(6) - age   3:     351344 bytes,    3913600 total
[2020-09-11T14:11:21.851+0000][1][gc,age       ] GC(6) - age   4:     672336 bytes,    4585936 total
[2020-09-11T14:11:21.851+0000][1][gc,heap      ] GC(6) ParNew: 72702K->5913K(76672K)
[2020-09-11T14:11:21.851+0000][1][gc,heap      ] GC(6) CMS: 10351K->10351K(439104K)
[2020-09-11T14:11:21.851+0000][1][gc,metaspace ] GC(6) Metaspace: 21217K->21217K(1069056K)
[2020-09-11T14:11:21.851+0000][1][gc           ] GC(6) Pause Young (Allocation Failure) 81M->15M(503M) 51.419ms
[2020-09-11T14:11:21.851+0000][1][gc,cpu       ] GC(6) User=0.02s Sys=0.00s Real=0.05s
[2020-09-11T14:11:21.883+0000][1][safepoint    ] Safepoint "GenCollectForAllocation", Time since last: 278824606 ns, Reaching safepoint: 91499 ns, At safepoint: 84005385 ns, Total: 84096884 ns
[2020-09-11T14:11:21.904+0000][1][gc,start     ] GC(5) Pause Remark
[2020-09-11T14:11:21.923+0000][1][gc           ] GC(5) Pause Remark 19M->19M(503M) 19.126ms
[2020-09-11T14:11:21.923+0000][1][gc,cpu       ] GC(5) User=0.01s Sys=0.00s Real=0.01s
[2020-09-11T14:11:21.970+0000][1][safepoint    ] Safepoint "CMS_Final_Remark", Time since last: 19970063 ns, Reaching safepoint: 93789 ns, At safepoint: 65999728 ns, Total: 66093517 ns
[2020-09-11T14:11:21.970+0000][1][gc           ] GC(5) Concurrent Sweep
[2020-09-11T14:11:21.980+0000][1][gc           ] GC(5) Concurrent Sweep 10.727ms
[2020-09-11T14:11:21.980+0000][1][gc,cpu       ] GC(5) User=0.00s Sys=0.00s Real=0.01s
[2020-09-11T14:11:21.980+0000][1][gc           ] GC(5) Concurrent Reset
[2020-09-11T14:11:21.981+0000][1][gc           ] GC(5) Concurrent Reset 0.683ms
[2020-09-11T14:11:21.981+0000][1][gc,cpu       ] GC(5) User=0.00s Sys=0.00s Real=0.00s
[2020-09-11T14:11:21.981+0000][1][gc,heap      ] GC(5) Old: 10351K->10349K(439104K)
[2020-09-11T14:11:21.994+0000][1][safepoint    ] Safepoint "RevokeBias", Time since last: 11662725 ns, Reaching safepoint: 13215434 ns, At safepoint: 44787 ns, Total: 13260221 ns
[2020-09-11T14:11:21.995+0000][1][safepoint    ] Safepoint "RevokeBias", Time since last: 84421 ns, Reaching safepoint: 901676 ns, At safepoint: 22797 ns, Total: 924473 ns
[2020-09-11T14:11:21.996+0000][1][safepoint    ] Safepoint "RevokeBias", Time since last: 35992 ns, Reaching safepoint: 991453 ns, At safepoint: 23887 ns, Total: 1015340 ns
[2020-09-11T14:11:21.999+0000][1][safepoint    ] Safepoint "RevokeBias", Time since last: 53111 ns, Reaching safepoint: 2389394 ns, At safepoint: 32066 ns, Total: 2421460 ns
[2020-09-11T14:11:21.999+0000][1][safepoint    ] Safepoint "RevokeBias", Time since last: 55876 ns, Reaching safepoint: 391614 ns, At safepoint: 18283 ns, Total: 409897 ns
[2020-09-11T14:11:22.689+0000][1][gc,start     ] GC(7) Pause Young (Allocation Failure)
[2020-09-11T14:11:22.689+0000][1][gc,task      ] GC(7) Using 1 workers of 1 for evacuation
[2020-09-11T14:11:22.761+0000][1][gc,age       ] GC(7) Desired survivor size 4358144 bytes, new threshold 6 (max threshold 6)
[2020-09-11T14:11:22.761+0000][1][gc,age       ] GC(7) Age table with threshold 6 (max threshold 6)
[2020-09-11T14:11:22.761+0000][1][gc,age       ] GC(7) - age   1:     898624 bytes,     898624 total
[2020-09-11T14:11:22.761+0000][1][gc,age       ] GC(7) - age   2:    1525888 bytes,    2424512 total
[2020-09-11T14:11:22.761+0000][1][gc,age       ] GC(7) - age   3:    1252928 bytes,    3677440 total
[2020-09-11T14:11:22.761+0000][1][gc,age       ] GC(7) - age   4:     351344 bytes,    4028784 total
[2020-09-11T14:11:22.761+0000][1][gc,heap      ] GC(7) ParNew: 74073K->7456K(76672K)
[2020-09-11T14:11:22.761+0000][1][gc,heap      ] GC(7) CMS: 10349K->11011K(439104K)
[2020-09-11T14:11:22.761+0000][1][gc,metaspace ] GC(7) Metaspace: 21300K->21300K(1069056K)
[2020-09-11T14:11:22.761+0000][1][gc           ] GC(7) Pause Young (Allocation Failure) 82M->18M(503M) 71.787ms
[2020-09-11T14:11:22.761+0000][1][gc,cpu       ] GC(7) User=0.01s Sys=0.00s Real=0.07s
[2020-09-11T14:11:22.767+0000][1][safepoint    ] Safepoint "GenCollectForAllocation", Time since last: 689479867 ns, Reaching safepoint: 102235 ns, At safepoint: 78422906 ns, Total: 78525141 ns
[2020-09-11T14:11:22.783+0000][1][safepoint    ] Safepoint "RevokeBias", Time since last: 15429273 ns, Reaching safepoint: 101123 ns, At safepoint: 27924 ns, Total: 129047 ns
[2020-09-11T14:11:22.783+0000][1][safepoint    ] Safepoint "RevokeBias", Time since last: 55977 ns, Reaching safepoint: 77409 ns, At safepoint: 18415 ns, Total: 95824 ns
[2020-09-11T14:11:22.783+0000][1][safepoint    ] Safepoint "RevokeBias", Time since last: 43844 ns, Reaching safepoint: 76910 ns, At safepoint: 16477 ns, Total: 93387 ns
[2020-09-11T14:11:22.783+0000][1][safepoint    ] Safepoint "RevokeBias", Time since last: 27661 ns, Reaching safepoint: 84420 ns, At safepoint: 17468 ns, Total: 101888 ns
[2020-09-11T14:11:23.604+0000][1][gc,start     ] GC(8) Pause Young (Allocation Failure)
[2020-09-11T14:11:23.604+0000][1][gc,task      ] GC(8) Using 1 workers of 1 for evacuation
[2020-09-11T14:11:23.663+0000][1][gc,age       ] GC(8) Desired survivor size 4358144 bytes, new threshold 4 (max threshold 6)
[2020-09-11T14:11:23.663+0000][1][gc,age       ] GC(8) Age table with threshold 4 (max threshold 6)
[2020-09-11T14:11:23.663+0000][1][gc,age       ] GC(8) - age   1:    1836440 bytes,    1836440 total
[2020-09-11T14:11:23.663+0000][1][gc,age       ] GC(8) - age   2:     445824 bytes,    2282264 total
[2020-09-11T14:11:23.663+0000][1][gc,age       ] GC(8) - age   3:    1523952 bytes,    3806216 total
[2020-09-11T14:11:23.663+0000][1][gc,age       ] GC(8) - age   4:    1252272 bytes,    5058488 total
[2020-09-11T14:11:23.663+0000][1][gc,age       ] GC(8) - age   5:     351344 bytes,    5409832 total
[2020-09-11T14:11:23.663+0000][1][gc,heap      ] GC(8) ParNew: 75616K->7222K(76672K)
[2020-09-11T14:11:23.663+0000][1][gc,heap      ] GC(8) CMS: 11011K->11011K(439104K)
[2020-09-11T14:11:23.663+0000][1][gc,metaspace ] GC(8) Metaspace: 21485K->21485K(1069056K)
[2020-09-11T14:11:23.663+0000][1][gc           ] GC(8) Pause Young (Allocation Failure) 84M->17M(503M) 59.682ms
[2020-09-11T14:11:23.663+0000][1][gc,cpu       ] GC(8) User=0.02s Sys=0.00s Real=0.05s
[2020-09-11T14:11:23.687+0000][1][safepoint    ] Safepoint "GenCollectForAllocation", Time since last: 820042699 ns, Reaching safepoint: 107498 ns, At safepoint: 83880289 ns, Total: 83987787 ns
[2020-09-11T14:11:23.705+0000][1][safepoint    ] Safepoint "RevokeBias", Time since last: 17529728 ns, Reaching safepoint: 36125 ns, At safepoint: 96037 ns, Total: 132162 ns
[2020-09-11T14:11:23.705+0000][1][safepoint    ] Safepoint "RevokeBias", Time since last: 57015 ns, Reaching safepoint: 10105 ns, At safepoint: 24046 ns, Total: 34151 ns
[2020-09-11T14:11:23.705+0000][1][safepoint    ] Safepoint "RevokeBias", Time since last: 43733 ns, Reaching safepoint: 8708 ns, At safepoint: 23338 ns, Total: 32046 ns
[2020-09-11T14:11:23.705+0000][1][safepoint    ] Safepoint "RevokeBias", Time since last: 22483 ns, Reaching safepoint: 7576 ns, At safepoint: 21847 ns, Total: 29423 ns
[2020-09-11T14:11:24.460+0000][1][gc,start     ] GC(9) Pause Young (Allocation Failure)
[2020-09-11T14:11:24.460+0000][1][gc,task      ] GC(9) Using 1 workers of 1 for evacuation
[2020-09-11T14:11:24.484+0000][1][gc,age       ] GC(9) Desired survivor size 4358144 bytes, new threshold 6 (max threshold 6)
[2020-09-11T14:11:24.484+0000][1][gc,age       ] GC(9) Age table with threshold 6 (max threshold 6)
[2020-09-11T14:11:24.484+0000][1][gc,age       ] GC(9) - age   1:     348192 bytes,     348192 total
[2020-09-11T14:11:24.484+0000][1][gc,age       ] GC(9) - age   2:     829208 bytes,    1177400 total
[2020-09-11T14:11:24.484+0000][1][gc,age       ] GC(9) - age   3:     445744 bytes,    1623144 total
[2020-09-11T14:11:24.484+0000][1][gc,age       ] GC(9) - age   4:    1523952 bytes,    3147096 total
[2020-09-11T14:11:24.484+0000][1][gc,heap      ] GC(9) ParNew: 75382K->4564K(76672K)
[2020-09-11T14:11:24.484+0000][1][gc,heap      ] GC(9) CMS: 11011K->12596K(439104K)
[2020-09-11T14:11:24.484+0000][1][gc,metaspace ] GC(9) Metaspace: 21611K->21611K(1069056K)
[2020-09-11T14:11:24.484+0000][1][gc           ] GC(9) Pause Young (Allocation Failure) 84M->16M(503M) 24.203ms
[2020-09-11T14:11:24.484+0000][1][gc,cpu       ] GC(9) User=0.01s Sys=0.00s Real=0.03s
[2020-09-11T14:11:24.495+0000][1][safepoint    ] Safepoint "GenCollectForAllocation", Time since last: 754571609 ns, Reaching safepoint: 117546 ns, At safepoint: 35457006 ns, Total: 35574552 ns
[2020-09-11T14:11:24.512+0000][1][safepoint    ] Safepoint "RevokeBias", Time since last: 16025229 ns, Reaching safepoint: 176830 ns, At safepoint: 35761 ns, Total: 212591 ns
[2020-09-11T14:11:24.523+0000][1][safepoint    ] Safepoint "RevokeBias", Time since last: 11182612 ns, Reaching safepoint: 105888 ns, At safepoint: 34227 ns, Total: 140115 ns
[2020-09-11T14:11:24.523+0000][1][safepoint    ] Safepoint "RevokeBias", Time since last: 84033 ns, Reaching safepoint: 80034 ns, At safepoint: 21620 ns, Total: 101654 ns
[2020-09-11T14:11:24.523+0000][1][safepoint    ] Safepoint "RevokeBias", Time since last: 29804 ns, Reaching safepoint: 76731 ns, At safepoint: 19992 ns, Total: 96723 ns
[2020-09-11T14:11:24.523+0000][1][safepoint    ] Safepoint "RevokeBias", Time since last: 33411 ns, Reaching safepoint: 89672 ns, At safepoint: 20158 ns, Total: 109830 ns
[2020-09-11T14:11:24.524+0000][1][safepoint    ] Safepoint "RevokeBias", Time since last: 27937 ns, Reaching safepoint: 76513 ns, At safepoint: 19904 ns, Total: 96417 ns
[2020-09-11T14:11:24.664+0000][1][safepoint    ] Safepoint "RevokeBias", Time since last: 139838852 ns, Reaching safepoint: 111767 ns, At safepoint: 15021 ns, Total: 126788 ns
[2020-09-11T14:11:24.664+0000][1][safepoint    ] Safepoint "RevokeBias", Time since last: 534338 ns, Reaching safepoint: 82078 ns, At safepoint: 8191 ns, Total: 90269 ns
[2020-09-11T14:11:25.076+0000][1][gc,start     ] GC(10) Pause Young (Allocation Failure)
[2020-09-11T14:11:25.076+0000][1][gc,task      ] GC(10) Using 1 workers of 1 for evacuation
[2020-09-11T14:11:25.095+0000][1][gc,age       ] GC(10) Desired survivor size 4358144 bytes, new threshold 6 (max threshold 6)
[2020-09-11T14:11:25.095+0000][1][gc,age       ] GC(10) Age table with threshold 6 (max threshold 6)
[2020-09-11T14:11:25.095+0000][1][gc,age       ] GC(10) - age   1:     578896 bytes,     578896 total
[2020-09-11T14:11:25.095+0000][1][gc,age       ] GC(10) - age   2:     146960 bytes,     725856 total
[2020-09-11T14:11:25.095+0000][1][gc,age       ] GC(10) - age   3:     829208 bytes,    1555064 total
[2020-09-11T14:11:25.095+0000][1][gc,age       ] GC(10) - age   4:     445720 bytes,    2000784 total
[2020-09-11T14:11:25.095+0000][1][gc,age       ] GC(10) - age   5:    1523952 bytes,    3524736 total
[2020-09-11T14:11:25.095+0000][1][gc,heap      ] GC(10) ParNew: 72724K->3446K(76672K)
[2020-09-11T14:11:25.095+0000][1][gc,heap      ] GC(10) CMS: 12596K->12596K(439104K)
[2020-09-11T14:11:25.095+0000][1][gc,metaspace ] GC(10) Metaspace: 21751K->21751K(1069056K)
[2020-09-11T14:11:25.095+0000][1][gc           ] GC(10) Pause Young (Allocation Failure) 83M->15M(503M) 19.148ms
[2020-09-11T14:11:25.095+0000][1][gc,cpu       ] GC(10) User=0.01s Sys=0.00s Real=0.01s
[2020-09-11T14:11:25.111+0000][1][safepoint    ] Safepoint "GenCollectForAllocation", Time since last: 411218108 ns, Reaching safepoint: 112969 ns, At safepoint: 35899899 ns, Total: 36012868 ns
[2020-09-11T14:11:25.124+0000][1][safepoint    ] Safepoint "BulkRevokeBias", Time since last: 12054592 ns, Reaching safepoint: 32711 ns, At safepoint: 72084 ns, Total: 104795 ns
[2020-09-11T14:11:25.124+0000][1][safepoint    ] Safepoint "BulkRevokeBias", Time since last: 55146 ns, Reaching safepoint: 16642 ns, At safepoint: 50551 ns, Total: 67193 ns
[2020-09-11T14:11:25.945+0000][1][gc,start     ] GC(11) Pause Young (Allocation Failure)
[2020-09-11T14:11:25.945+0000][1][gc,task      ] GC(11) Using 1 workers of 1 for evacuation
[2020-09-11T14:11:25.980+0000][1][gc,age       ] GC(11) Desired survivor size 4358144 bytes, new threshold 6 (max threshold 6)
[2020-09-11T14:11:25.980+0000][1][gc,age       ] GC(11) Age table with threshold 6 (max threshold 6)
[2020-09-11T14:11:25.980+0000][1][gc,age       ] GC(11) - age   1:    2385192 bytes,    2385192 total
[2020-09-11T14:11:25.980+0000][1][gc,age       ] GC(11) - age   2:     402848 bytes,    2788040 total
[2020-09-11T14:11:25.980+0000][1][gc,age       ] GC(11) - age   3:     146960 bytes,    2935000 total
[2020-09-11T14:11:25.980+0000][1][gc,age       ] GC(11) - age   4:     829208 bytes,    3764208 total
[2020-09-11T14:11:25.980+0000][1][gc,age       ] GC(11) - age   5:     445720 bytes,    4209928 total
[2020-09-11T14:11:25.980+0000][1][gc,age       ] GC(11) - age   6:    1523640 bytes,    5733568 total
[2020-09-11T14:11:25.980+0000][1][gc,heap      ] GC(11) ParNew: 71606K->6886K(76672K)
[2020-09-11T14:11:25.980+0000][1][gc,heap      ] GC(11) CMS: 12596K->12596K(439104K)
[2020-09-11T14:11:25.980+0000][1][gc,metaspace ] GC(11) Metaspace: 22656K->22656K(1071104K)
[2020-09-11T14:11:25.980+0000][1][gc           ] GC(11) Pause Young (Allocation Failure) 82M->19M(503M) 35.084ms
[2020-09-11T14:11:25.980+0000][1][gc,cpu       ] GC(11) User=0.01s Sys=0.00s Real=0.03s
[2020-09-11T14:11:25.991+0000][1][safepoint    ] Safepoint "GenCollectForAllocation", Time since last: 820969623 ns, Reaching safepoint: 111224 ns, At safepoint: 46644210 ns, Total: 46755434 ns
[2020-09-11T14:11:26.492+0000][1][gc,start     ] GC(12) Pause Young (Allocation Failure)
[2020-09-11T14:11:26.492+0000][1][gc,task      ] GC(12) Using 1 workers of 1 for evacuation
[2020-09-11T14:11:26.552+0000][1][gc,age       ] GC(12) Desired survivor size 4358144 bytes, new threshold 6 (max threshold 6)
[2020-09-11T14:11:26.552+0000][1][gc,age       ] GC(12) Age table with threshold 6 (max threshold 6)
[2020-09-11T14:11:26.552+0000][1][gc,age       ] GC(12) - age   1:     876456 bytes,     876456 total
[2020-09-11T14:11:26.552+0000][1][gc,age       ] GC(12) - age   2:     544280 bytes,    1420736 total
[2020-09-11T14:11:26.552+0000][1][gc,age       ] GC(12) - age   3:     402848 bytes,    1823584 total
[2020-09-11T14:11:26.552+0000][1][gc,age       ] GC(12) - age   4:     146856 bytes,    1970440 total
[2020-09-11T14:11:26.552+0000][1][gc,age       ] GC(12) - age   5:     829064 bytes,    2799504 total
[2020-09-11T14:11:26.552+0000][1][gc,age       ] GC(12) - age   6:     445576 bytes,    3245080 total
[2020-09-11T14:11:26.552+0000][1][gc,heap      ] GC(12) ParNew: 75046K->5060K(76672K)
[2020-09-11T14:11:26.552+0000][1][gc,heap      ] GC(12) CMS: 12596K->14096K(439104K)
[2020-09-11T14:11:26.552+0000][1][gc,metaspace ] GC(12) Metaspace: 22682K->22682K(1071104K)
[2020-09-11T14:11:26.552+0000][1][gc           ] GC(12) Pause Young (Allocation Failure) 85M->18M(503M) 60.859ms
[2020-09-11T14:11:26.552+0000][1][gc,cpu       ] GC(12) User=0.02s Sys=0.00s Real=0.06s
[2020-09-11T14:11:26.552+0000][1][safepoint    ] Safepoint "GenCollectForAllocation", Time since last: 499987796 ns, Reaching safepoint: 114903 ns, At safepoint: 60923079 ns, Total: 61037982 ns
[2020-09-11T14:11:27.009+0000][1][gc,start     ] GC(13) Pause Young (Allocation Failure)
[2020-09-11T14:11:27.009+0000][1][gc,task      ] GC(13) Using 1 workers of 1 for evacuation
[2020-09-11T14:11:27.047+0000][1][gc,age       ] GC(13) Desired survivor size 4358144 bytes, new threshold 6 (max threshold 6)
[2020-09-11T14:11:27.047+0000][1][gc,age       ] GC(13) Age table with threshold 6 (max threshold 6)
[2020-09-11T14:11:27.047+0000][1][gc,age       ] GC(13) - age   1:    2073032 bytes,    2073032 total
[2020-09-11T14:11:27.047+0000][1][gc,age       ] GC(13) - age   2:     203304 bytes,    2276336 total
[2020-09-11T14:11:27.047+0000][1][gc,age       ] GC(13) - age   3:     544168 bytes,    2820504 total
[2020-09-11T14:11:27.047+0000][1][gc,age       ] GC(13) - age   4:     402848 bytes,    3223352 total
[2020-09-11T14:11:27.047+0000][1][gc,age       ] GC(13) - age   5:     146856 bytes,    3370208 total
[2020-09-11T14:11:27.047+0000][1][gc,age       ] GC(13) - age   6:     829064 bytes,    4199272 total
[2020-09-11T14:11:27.047+0000][1][gc,heap      ] GC(13) ParNew: 73220K->7283K(76672K)
[2020-09-11T14:11:27.047+0000][1][gc,heap      ] GC(13) CMS: 14096K->14535K(439104K)
[2020-09-11T14:11:27.047+0000][1][gc,metaspace ] GC(13) Metaspace: 22782K->22782K(1071104K)
[2020-09-11T14:11:27.047+0000][1][gc           ] GC(13) Pause Young (Allocation Failure) 85M->21M(503M) 37.856ms
[2020-09-11T14:11:27.047+0000][1][gc,cpu       ] GC(13) User=0.01s Sys=0.00s Real=0.04s
[2020-09-11T14:11:27.103+0000][1][safepoint    ] Safepoint "GenCollectForAllocation", Time since last: 456825514 ns, Reaching safepoint: 97066 ns, At safepoint: 93920899 ns, Total: 94017965 ns
[2020-09-11T14:11:27.604+0000][1][gc,start     ] GC(14) Pause Young (Allocation Failure)
[2020-09-11T14:11:27.604+0000][1][gc,task      ] GC(14) Using 1 workers of 1 for evacuation
[2020-09-11T14:11:27.630+0000][1][gc,age       ] GC(14) Desired survivor size 4358144 bytes, new threshold 6 (max threshold 6)
[2020-09-11T14:11:27.630+0000][1][gc,age       ] GC(14) Age table with threshold 6 (max threshold 6)
[2020-09-11T14:11:27.630+0000][1][gc,age       ] GC(14) - age   1:    1070128 bytes,    1070128 total
[2020-09-11T14:11:27.630+0000][1][gc,age       ] GC(14) - age   2:     103416 bytes,    1173544 total
[2020-09-11T14:11:27.630+0000][1][gc,age       ] GC(14) - age   3:     203304 bytes,    1376848 total
[2020-09-11T14:11:27.630+0000][1][gc,age       ] GC(14) - age   4:     544168 bytes,    1921016 total
[2020-09-11T14:11:27.630+0000][1][gc,age       ] GC(14) - age   5:     402848 bytes,    2323864 total
[2020-09-11T14:11:27.630+0000][1][gc,age       ] GC(14) - age   6:     146856 bytes,    2470720 total
[2020-09-11T14:11:27.630+0000][1][gc,heap      ] GC(14) ParNew: 75443K->2448K(76672K)
[2020-09-11T14:11:27.630+0000][1][gc,heap      ] GC(14) CMS: 14535K->15350K(439104K)
[2020-09-11T14:11:27.630+0000][1][gc,metaspace ] GC(14) Metaspace: 22861K->22861K(1071104K)
[2020-09-11T14:11:27.630+0000][1][gc           ] GC(14) Pause Young (Allocation Failure) 87M->17M(503M) 26.502ms
[2020-09-11T14:11:27.630+0000][1][gc,cpu       ] GC(14) User=0.01s Sys=0.00s Real=0.02s
[2020-09-11T14:11:27.635+0000][1][safepoint    ] Safepoint "GenCollectForAllocation", Time since last: 500142961 ns, Reaching safepoint: 109672 ns, At safepoint: 31853211 ns, Total: 31962883 ns
[2020-09-11T14:11:28.160+0000][1][gc,start     ] GC(15) Pause Young (Allocation Failure)
[2020-09-11T14:11:28.160+0000][1][gc,task      ] GC(15) Using 1 workers of 1 for evacuation
[2020-09-11T14:11:28.186+0000][1][gc,age       ] GC(15) Desired survivor size 4358144 bytes, new threshold 6 (max threshold 6)
[2020-09-11T14:11:28.186+0000][1][gc,age       ] GC(15) Age table with threshold 6 (max threshold 6)
[2020-09-11T14:11:28.186+0000][1][gc,age       ] GC(15) - age   1:     542280 bytes,     542280 total
[2020-09-11T14:11:28.186+0000][1][gc,age       ] GC(15) - age   2:     314664 bytes,     856944 total
[2020-09-11T14:11:28.186+0000][1][gc,age       ] GC(15) - age   3:     103416 bytes,     960360 total
[2020-09-11T14:11:28.186+0000][1][gc,age       ] GC(15) - age   4:     203304 bytes,    1163664 total
[2020-09-11T14:11:28.186+0000][1][gc,age       ] GC(15) - age   5:     544168 bytes,    1707832 total
[2020-09-11T14:11:28.186+0000][1][gc,age       ] GC(15) - age   6:     402848 bytes,    2110680 total
[2020-09-11T14:11:28.186+0000][1][gc,heap      ] GC(15) ParNew: 70608K->2421K(76672K)
[2020-09-11T14:11:28.186+0000][1][gc,heap      ] GC(15) CMS: 15350K->15499K(439104K)
[2020-09-11T14:11:28.186+0000][1][gc,metaspace ] GC(15) Metaspace: 22950K->22950K(1071104K)
[2020-09-11T14:11:28.186+0000][1][gc           ] GC(15) Pause Young (Allocation Failure) 83M->17M(503M) 25.627ms
[2020-09-11T14:11:28.186+0000][1][gc,cpu       ] GC(15) User=0.01s Sys=0.00s Real=0.03s
[2020-09-11T14:11:28.191+0000][1][safepoint    ] Safepoint "GenCollectForAllocation", Time since last: 524623726 ns, Reaching safepoint: 108998 ns, At safepoint: 31285088 ns, Total: 31394086 ns
[2020-09-11T14:11:28.616+0000][1][gc,start     ] GC(16) Pause Young (Allocation Failure)
[2020-09-11T14:11:28.616+0000][1][gc,task      ] GC(16) Using 1 workers of 1 for evacuation
[2020-09-11T14:11:28.648+0000][1][gc,age       ] GC(16) Desired survivor size 4358144 bytes, new threshold 6 (max threshold 6)
[2020-09-11T14:11:28.648+0000][1][gc,age       ] GC(16) Age table with threshold 6 (max threshold 6)
[2020-09-11T14:11:28.648+0000][1][gc,age       ] GC(16) - age   1:    1887536 bytes,    1887536 total
[2020-09-11T14:11:28.648+0000][1][gc,age       ] GC(16) - age   2:     188160 bytes,    2075696 total
[2020-09-11T14:11:28.648+0000][1][gc,age       ] GC(16) - age   3:     314664 bytes,    2390360 total
[2020-09-11T14:11:28.648+0000][1][gc,age       ] GC(16) - age   4:     103416 bytes,    2493776 total
[2020-09-11T14:11:28.648+0000][1][gc,age       ] GC(16) - age   5:     203152 bytes,    2696928 total
[2020-09-11T14:11:28.648+0000][1][gc,age       ] GC(16) - age   6:     544168 bytes,    3241096 total
[2020-09-11T14:11:28.648+0000][1][gc,heap      ] GC(16) ParNew: 70581K->4302K(76672K)
[2020-09-11T14:11:28.648+0000][1][gc,heap      ] GC(16) CMS: 15499K->15897K(439104K)
[2020-09-11T14:11:28.648+0000][1][gc,metaspace ] GC(16) Metaspace: 22967K->22967K(1071104K)
[2020-09-11T14:11:28.648+0000][1][gc           ] GC(16) Pause Young (Allocation Failure) 84M->19M(503M) 32.121ms
[2020-09-11T14:11:28.648+0000][1][gc,cpu       ] GC(16) User=0.01s Sys=0.00s Real=0.03s
[2020-09-11T14:11:28.663+0000][1][safepoint    ] Safepoint "GenCollectForAllocation", Time since last: 423990354 ns, Reaching safepoint: 122512 ns, At safepoint: 47899300 ns, Total: 48021812 ns
[2020-09-11T14:11:28.740+0000][1][safepoint    ] Safepoint "Deoptimize", Time since last: 67820815 ns, Reaching safepoint: 101908 ns, At safepoint: 8279995 ns, Total: 8381903 ns
[2020-09-11T14:11:29.748+0000][1][safepoint    ] Safepoint "Cleanup", Time since last: 1003776344 ns, Reaching safepoint: 4199983 ns, At safepoint: 18217 ns, Total: 4218200 ns
[2020-09-11T14:11:29.963+0000][1][safepoint    ] Safepoint "RevokeBias", Time since last: 211805992 ns, Reaching safepoint: 4013912 ns, At safepoint: 19518 ns, Total: 4033430 ns
[2020-09-11T14:11:29.976+0000][1][safepoint    ] Safepoint "RevokeBias", Time since last: 12178028 ns, Reaching safepoint: 101863 ns, At safepoint: 11232 ns, Total: 113095 ns
[2020-09-11T14:11:30.984+0000][1][safepoint    ] Safepoint "Cleanup", Time since last: 1007651124 ns, Reaching safepoint: 210531 ns, At safepoint: 7025 ns, Total: 217556 ns
[2020-09-11T14:11:31.156+0000][1][safepoint    ] Safepoint "Deoptimize", Time since last: 169879145 ns, Reaching safepoint: 2021496 ns, At safepoint: 236050 ns, Total: 2257546 ns
[2020-09-11T14:11:31.252+0000][1][safepoint    ] Safepoint "Deoptimize", Time since last: 95688279 ns, Reaching safepoint: 115483 ns, At safepoint: 254188 ns, Total: 369671 ns
[2020-09-11T14:11:32.255+0000][1][safepoint    ] Safepoint "Cleanup", Time since last: 1002626728 ns, Reaching safepoint: 246269 ns, At safepoint: 7660 ns, Total: 253929 ns
[2020-09-11T14:11:33.267+0000][1][safepoint    ] Safepoint "Cleanup", Time since last: 1008706454 ns, Reaching safepoint: 4039806 ns, At safepoint: 12008 ns, Total: 4051814 ns
[2020-09-11T14:11:34.268+0000][1][safepoint    ] Safepoint "Cleanup", Time since last: 1000113023 ns, Reaching safepoint: 169347 ns, At safepoint: 5629 ns, Total: 174976 ns
[2020-09-11T14:11:34.480+0000][1][gc,start     ] GC(17) Pause Young (Allocation Failure)
[2020-09-11T14:11:34.480+0000][1][gc,task      ] GC(17) Using 1 workers of 1 for evacuation
[2020-09-11T14:11:34.595+0000][1][gc,age       ] GC(17) Desired survivor size 4358144 bytes, new threshold 1 (max threshold 6)
[2020-09-11T14:11:34.595+0000][1][gc,age       ] GC(17) Age table with threshold 1 (max threshold 6)
[2020-09-11T14:11:34.596+0000][1][gc,age       ] GC(17) - age   1:    7584216 bytes,    7584216 total
[2020-09-11T14:11:34.596+0000][1][gc,age       ] GC(17) - age   2:      73160 bytes,    7657376 total
[2020-09-11T14:11:34.596+0000][1][gc,age       ] GC(17) - age   3:     187792 bytes,    7845168 total
[2020-09-11T14:11:34.596+0000][1][gc,age       ] GC(17) - age   4:     314600 bytes,    8159768 total
[2020-09-11T14:11:34.596+0000][1][gc,age       ] GC(17) - age   5:     103200 bytes,    8262968 total
[2020-09-11T14:11:34.596+0000][1][gc,age       ] GC(17) - age   6:     203152 bytes,    8466120 total
[2020-09-11T14:11:34.596+0000][1][gc,heap      ] GC(17) ParNew: 72462K->8512K(76672K)
[2020-09-11T14:11:34.596+0000][1][gc,heap      ] GC(17) CMS: 15897K->16435K(439104K)
[2020-09-11T14:11:34.596+0000][1][gc,metaspace ] GC(17) Metaspace: 29541K->29541K(1077248K)
[2020-09-11T14:11:34.596+0000][1][gc           ] GC(17) Pause Young (Allocation Failure) 86M->24M(503M) 116.049ms
[2020-09-11T14:11:34.596+0000][1][gc,cpu       ] GC(17) User=0.04s Sys=0.00s Real=0.12s
[2020-09-11T14:11:34.619+0000][1][safepoint    ] Safepoint "GenCollectForAllocation", Time since last: 211677163 ns, Reaching safepoint: 101828 ns, At safepoint: 139907113 ns, Total: 140008941 ns
[2020-09-11T14:11:35.632+0000][1][safepoint    ] Safepoint "Cleanup", Time since last: 1011961723 ns, Reaching safepoint: 122262 ns, At safepoint: 6349 ns, Total: 128611 ns
[2020-09-11T14:11:36.128+0000][1][safepoint    ] Safepoint "RevokeBias", Time since last: 495884821 ns, Reaching safepoint: 118319 ns, At safepoint: 39530 ns, Total: 157849 ns
[2020-09-11T14:11:37.136+0000][1][safepoint    ] Safepoint "Cleanup", Time since last: 1007821830 ns, Reaching safepoint: 115768 ns, At safepoint: 5693 ns, Total: 121461 ns
[2020-09-11T14:11:38.142+0000][1][safepoint    ] Safepoint "Cleanup", Time since last: 1006191233 ns, Reaching safepoint: 109062 ns, At safepoint: 5735 ns, Total: 114797 ns
[2020-09-11T14:11:38.628+0000][1][gc,start     ] GC(18) Pause Young (Allocation Failure)
[2020-09-11T14:11:38.628+0000][1][gc,task      ] GC(18) Using 1 workers of 1 for evacuation
[2020-09-11T14:11:38.775+0000][1][gc,age       ] GC(18) Desired survivor size 4358144 bytes, new threshold 1 (max threshold 6)
[2020-09-11T14:11:38.775+0000][1][gc,age       ] GC(18) Age table with threshold 1 (max threshold 6)
[2020-09-11T14:11:38.775+0000][1][gc,age       ] GC(18) - age   1:    8716240 bytes,    8716240 total
[2020-09-11T14:11:38.776+0000][1][gc,heap      ] GC(18) ParNew: 76672K->8512K(76672K)
[2020-09-11T14:11:38.776+0000][1][gc,heap      ] GC(18) CMS: 16435K->25691K(439104K)
[2020-09-11T14:11:38.776+0000][1][gc,metaspace ] GC(18) Metaspace: 29742K->29742K(1077248K)
[2020-09-11T14:11:38.776+0000][1][gc           ] GC(18) Pause Young (Allocation Failure) 90M->33M(503M) 147.977ms
[2020-09-11T14:11:38.776+0000][1][gc,cpu       ] GC(18) User=0.05s Sys=0.00s Real=0.15s
[2020-09-11T14:11:38.791+0000][1][safepoint    ] Safepoint "GenCollectForAllocation", Time since last: 485614059 ns, Reaching safepoint: 111871 ns, At safepoint: 163512204 ns, Total: 163624075 ns
[2020-09-11T14:11:39.831+0000][1][safepoint    ] Safepoint "Cleanup", Time since last: 1028340874 ns, Reaching safepoint: 12035814 ns, At safepoint: 12264 ns, Total: 12048078 ns
[2020-09-11T14:11:41.843+0000][1][safepoint    ] Safepoint "Cleanup", Time since last: 2011956979 ns, Reaching safepoint: 38288 ns, At safepoint: 6718 ns, Total: 45006 ns
[2020-09-11T14:11:42.293+0000][1][gc,start     ] GC(19) Pause Young (Allocation Failure)
[2020-09-11T14:11:42.293+0000][1][gc,task      ] GC(19) Using 1 workers of 1 for evacuation
[2020-09-11T14:11:42.412+0000][1][gc,age       ] GC(19) Desired survivor size 4358144 bytes, new threshold 1 (max threshold 6)
[2020-09-11T14:11:42.412+0000][1][gc,age       ] GC(19) Age table with threshold 1 (max threshold 6)
[2020-09-11T14:11:42.412+0000][1][gc,age       ] GC(19) - age   1:    8122720 bytes,    8122720 total
[2020-09-11T14:11:42.412+0000][1][gc,heap      ] GC(19) ParNew: 76672K->8116K(76672K)
[2020-09-11T14:11:42.412+0000][1][gc,heap      ] GC(19) CMS: 25691K->34298K(439104K)
[2020-09-11T14:11:42.412+0000][1][gc,metaspace ] GC(19) Metaspace: 29770K->29770K(1077248K)
[2020-09-11T14:11:42.412+0000][1][gc           ] GC(19) Pause Young (Allocation Failure) 99M->41M(503M) 118.985ms
[2020-09-11T14:11:42.412+0000][1][gc,cpu       ] GC(19) User=0.03s Sys=0.00s Real=0.12s
[2020-09-11T14:11:42.423+0000][1][safepoint    ] Safepoint "GenCollectForAllocation", Time since last: 448962372 ns, Reaching safepoint: 437449 ns, At safepoint: 130589450 ns, Total: 131026899 ns
[2020-09-11T14:11:43.448+0000][1][safepoint    ] Safepoint "Cleanup", Time since last: 1023967009 ns, Reaching safepoint: 191564 ns, At safepoint: 6012 ns, Total: 197576 ns
[2020-09-11T14:11:43.741+0000][1][safepoint    ] Safepoint "RevokeBias", Time since last: 293214365 ns, Reaching safepoint: 108628 ns, At safepoint: 35257 ns, Total: 143885 ns
[2020-09-11T14:11:44.653+0000][1][safepoint    ] Safepoint "RevokeBias", Time since last: 912137974 ns, Reaching safepoint: 138341 ns, At safepoint: 38695 ns, Total: 177036 ns
[2020-09-11T14:11:45.420+0000][1][gc,start     ] GC(20) Pause Young (Allocation Failure)
[2020-09-11T14:11:45.420+0000][1][gc,task      ] GC(20) Using 1 workers of 1 for evacuation
[2020-09-11T14:11:45.530+0000][1][gc,age       ] GC(20) Desired survivor size 4358144 bytes, new threshold 6 (max threshold 6)
[2020-09-11T14:11:45.530+0000][1][gc,age       ] GC(20) Age table with threshold 6 (max threshold 6)
[2020-09-11T14:11:45.530+0000][1][gc,age       ] GC(20) - age   1:    3771968 bytes,    3771968 total
[2020-09-11T14:11:45.530+0000][1][gc,heap      ] GC(20) ParNew: 76276K->7978K(76672K)
[2020-09-11T14:11:45.530+0000][1][gc,heap      ] GC(20) CMS: 34298K->41913K(439104K)
[2020-09-11T14:11:45.530+0000][1][gc,metaspace ] GC(20) Metaspace: 32104K->32104K(1079296K)
[2020-09-11T14:11:45.530+0000][1][gc           ] GC(20) Pause Young (Allocation Failure) 107M->48M(503M) 110.695ms
[2020-09-11T14:11:45.530+0000][1][gc,cpu       ] GC(20) User=0.04s Sys=0.00s Real=0.11s
[2020-09-11T14:11:45.551+0000][1][safepoint    ] Safepoint "GenCollectForAllocation", Time since last: 766171503 ns, Reaching safepoint: 107785 ns, At safepoint: 131860495 ns, Total: 131968280 ns
[2020-09-11T14:11:45.944+0000][1][safepoint    ] Safepoint "Deoptimize", Time since last: 386402184 ns, Reaching safepoint: 5618657 ns, At safepoint: 329271 ns, Total: 5947928 ns
[2020-09-11T14:11:46.957+0000][1][safepoint    ] Safepoint "Cleanup", Time since last: 1002471620 ns, Reaching safepoint: 10308915 ns, At safepoint: 21859 ns, Total: 10330774 ns
[2020-09-11T14:11:47.960+0000][1][safepoint    ] Safepoint "Cleanup", Time since last: 1002861317 ns, Reaching safepoint: 109819 ns, At safepoint: 6970 ns, Total: 116789 ns
[2020-09-11T14:11:48.128+0000][1][safepoint    ] Safepoint "Deoptimize", Time since last: 167889741 ns, Reaching safepoint: 110628 ns, At safepoint: 294419 ns, Total: 405047 ns
[2020-09-11T14:11:48.888+0000][1][gc,start     ] GC(21) Pause Young (Allocation Failure)
[2020-09-11T14:11:48.888+0000][1][gc,task      ] GC(21) Using 1 workers of 1 for evacuation
[2020-09-11T14:11:48.938+0000][1][gc,age       ] GC(21) Desired survivor size 4358144 bytes, new threshold 2 (max threshold 6)
[2020-09-11T14:11:48.938+0000][1][gc,age       ] GC(21) Age table with threshold 2 (max threshold 6)
[2020-09-11T14:11:48.938+0000][1][gc,age       ] GC(21) - age   1:    1025632 bytes,    1025632 total
[2020-09-11T14:11:48.938+0000][1][gc,age       ] GC(21) - age   2:    3678384 bytes,    4704016 total
[2020-09-11T14:11:48.938+0000][1][gc,heap      ] GC(21) ParNew: 76138K->6751K(76672K)
[2020-09-11T14:11:48.938+0000][1][gc,heap      ] GC(21) CMS: 41913K->41913K(439104K)
[2020-09-11T14:11:48.938+0000][1][gc,metaspace ] GC(21) Metaspace: 32407K->32407K(1079296K)
[2020-09-11T14:11:48.938+0000][1][gc           ] GC(21) Pause Young (Allocation Failure) 115M->47M(503M) 49.496ms
[2020-09-11T14:11:48.938+0000][1][gc,cpu       ] GC(21) User=0.02s Sys=0.00s Real=0.05s
[2020-09-11T14:11:48.957+0000][1][safepoint    ] Safepoint "GenCollectForAllocation", Time since last: 760400143 ns, Reaching safepoint: 111748 ns, At safepoint: 69034314 ns, Total: 69146062 ns
[2020-09-11T14:11:49.892+0000][1][gc,start     ] GC(22) Pause Young (Allocation Failure)
[2020-09-11T14:11:49.892+0000][1][gc,task      ] GC(22) Using 1 workers of 1 for evacuation
[2020-09-11T14:11:49.949+0000][1][gc,age       ] GC(22) Desired survivor size 4358144 bytes, new threshold 6 (max threshold 6)
[2020-09-11T14:11:49.949+0000][1][gc,age       ] GC(22) Age table with threshold 6 (max threshold 6)
[2020-09-11T14:11:49.949+0000][1][gc,age       ] GC(22) - age   1:     249520 bytes,     249520 total
[2020-09-11T14:11:49.949+0000][1][gc,age       ] GC(22) - age   2:     438448 bytes,     687968 total
[2020-09-11T14:11:49.949+0000][1][gc,heap      ] GC(22) ParNew: 74911K->4289K(76672K)
[2020-09-11T14:11:49.949+0000][1][gc,heap      ] GC(22) CMS: 41913K->45524K(439104K)
[2020-09-11T14:11:49.949+0000][1][gc,metaspace ] GC(22) Metaspace: 32421K->32421K(1079296K)
[2020-09-11T14:11:49.949+0000][1][gc           ] GC(22) Pause Young (Allocation Failure) 114M->48M(503M) 57.032ms
[2020-09-11T14:11:49.949+0000][1][gc,cpu       ] GC(22) User=0.02s Sys=0.00s Real=0.06s
[2020-09-11T14:11:49.963+0000][1][safepoint    ] Safepoint "GenCollectForAllocation", Time since last: 934186808 ns, Reaching safepoint: 109754 ns, At safepoint: 71758539 ns, Total: 71868293 ns
[2020-09-11T14:11:50.527+0000][1][gc,start     ] GC(23) Pause Young (Allocation Failure)
[2020-09-11T14:11:50.528+0000][1][gc,task      ] GC(23) Using 1 workers of 1 for evacuation
[2020-09-11T14:11:50.530+0000][1][gc,age       ] GC(23) Desired survivor size 4358144 bytes, new threshold 6 (max threshold 6)
[2020-09-11T14:11:50.530+0000][1][gc,age       ] GC(23) Age table with threshold 6 (max threshold 6)
[2020-09-11T14:11:50.530+0000][1][gc,age       ] GC(23) - age   1:        224 bytes,        224 total
[2020-09-11T14:11:50.530+0000][1][gc,age       ] GC(23) - age   2:     249416 bytes,     249640 total
[2020-09-11T14:11:50.530+0000][1][gc,age       ] GC(23) - age   3:     438448 bytes,     688088 total
[2020-09-11T14:11:50.530+0000][1][gc,heap      ] GC(23) ParNew: 72449K->1198K(76672K)
[2020-09-11T14:11:50.530+0000][1][gc,heap      ] GC(23) CMS: 45524K->45524K(439104K)
[2020-09-11T14:11:50.530+0000][1][gc,metaspace ] GC(23) Metaspace: 32422K->32422K(1079296K)
[2020-09-11T14:11:50.530+0000][1][gc           ] GC(23) Pause Young (Allocation Failure) 115M->45M(503M) 2.873ms
[2020-09-11T14:11:50.530+0000][1][gc,cpu       ] GC(23) User=0.00s Sys=0.00s Real=0.00s
[2020-09-11T14:11:50.538+0000][1][safepoint    ] Safepoint "GenCollectForAllocation", Time since last: 563881508 ns, Reaching safepoint: 111929 ns, At safepoint: 10659253 ns, Total: 10771182 ns
[2020-09-11T14:11:50.840+0000][1][gc,start     ] GC(24) Pause Young (Allocation Failure)
[2020-09-11T14:11:50.840+0000][1][gc,task      ] GC(24) Using 1 workers of 1 for evacuation
[2020-09-11T14:11:50.842+0000][1][gc,age       ] GC(24) Desired survivor size 4358144 bytes, new threshold 6 (max threshold 6)
[2020-09-11T14:11:50.842+0000][1][gc,age       ] GC(24) Age table with threshold 6 (max threshold 6)
[2020-09-11T14:11:50.842+0000][1][gc,age       ] GC(24) - age   1:        224 bytes,        224 total
[2020-09-11T14:11:50.842+0000][1][gc,age       ] GC(24) - age   3:     249416 bytes,     249640 total
[2020-09-11T14:11:50.842+0000][1][gc,age       ] GC(24) - age   4:     438448 bytes,     688088 total
[2020-09-11T14:11:50.842+0000][1][gc,heap      ] GC(24) ParNew: 69358K->1103K(76672K)
[2020-09-11T14:11:50.842+0000][1][gc,heap      ] GC(24) CMS: 45524K->45524K(439104K)
[2020-09-11T14:11:50.842+0000][1][gc,metaspace ] GC(24) Metaspace: 32424K->32424K(1079296K)
[2020-09-11T14:11:50.842+0000][1][gc           ] GC(24) Pause Young (Allocation Failure) 112M->45M(503M) 2.583ms
[2020-09-11T14:11:50.842+0000][1][gc,cpu       ] GC(24) User=0.00s Sys=0.00s Real=0.00s
[2020-09-11T14:11:50.847+0000][1][safepoint    ] Safepoint "GenCollectForAllocation", Time since last: 301313386 ns, Reaching safepoint: 109402 ns, At safepoint: 7888937 ns, Total: 7998339 ns
[2020-09-11T14:11:51.096+0000][1][gc,start     ] GC(25) Pause Young (Allocation Failure)
[2020-09-11T14:11:51.096+0000][1][gc,task      ] GC(25) Using 1 workers of 1 for evacuation
[2020-09-11T14:11:51.098+0000][1][gc,age       ] GC(25) Desired survivor size 4358144 bytes, new threshold 6 (max threshold 6)
[2020-09-11T14:11:51.098+0000][1][gc,age       ] GC(25) Age table with threshold 6 (max threshold 6)
[2020-09-11T14:11:51.098+0000][1][gc,age       ] GC(25) - age   1:        240 bytes,        240 total
[2020-09-11T14:11:51.098+0000][1][gc,age       ] GC(25) - age   4:     249416 bytes,     249656 total
[2020-09-11T14:11:51.098+0000][1][gc,age       ] GC(25) - age   5:     438448 bytes,     688104 total
[2020-09-11T14:11:51.098+0000][1][gc,heap      ] GC(25) ParNew: 69263K->1283K(76672K)
[2020-09-11T14:11:51.098+0000][1][gc,heap      ] GC(25) CMS: 45524K->45524K(439104K)
[2020-09-11T14:11:51.098+0000][1][gc,metaspace ] GC(25) Metaspace: 32424K->32424K(1079296K)
[2020-09-11T14:11:51.098+0000][1][gc           ] GC(25) Pause Young (Allocation Failure) 112M->45M(503M) 2.568ms
[2020-09-11T14:11:51.098+0000][1][gc,cpu       ] GC(25) User=0.00s Sys=0.00s Real=0.00s
[2020-09-11T14:11:51.107+0000][1][safepoint    ] Safepoint "GenCollectForAllocation", Time since last: 248217192 ns, Reaching safepoint: 101436 ns, At safepoint: 11695185 ns, Total: 11796621 ns
[2020-09-11T14:11:51.364+0000][1][gc,start     ] GC(26) Pause Young (Allocation Failure)
[2020-09-11T14:11:51.364+0000][1][gc,task      ] GC(26) Using 1 workers of 1 for evacuation
[2020-09-11T14:11:51.366+0000][1][gc,age       ] GC(26) Desired survivor size 4358144 bytes, new threshold 6 (max threshold 6)
[2020-09-11T14:11:51.366+0000][1][gc,age       ] GC(26) Age table with threshold 6 (max threshold 6)
[2020-09-11T14:11:51.366+0000][1][gc,age       ] GC(26) - age   5:     249416 bytes,     249416 total
[2020-09-11T14:11:51.366+0000][1][gc,age       ] GC(26) - age   6:     438448 bytes,     687864 total
[2020-09-11T14:11:51.366+0000][1][gc,heap      ] GC(26) ParNew: 69443K->824K(76672K)
[2020-09-11T14:11:51.366+0000][1][gc,heap      ] GC(26) CMS: 45524K->45524K(439104K)
[2020-09-11T14:11:51.366+0000][1][gc,metaspace ] GC(26) Metaspace: 32424K->32424K(1079296K)
[2020-09-11T14:11:51.367+0000][1][gc           ] GC(26) Pause Young (Allocation Failure) 112M->45M(503M) 2.590ms
[2020-09-11T14:11:51.367+0000][1][gc,cpu       ] GC(26) User=0.00s Sys=0.00s Real=0.00s
[2020-09-11T14:11:51.371+0000][1][safepoint    ] Safepoint "GenCollectForAllocation", Time since last: 256371436 ns, Reaching safepoint: 100212 ns, At safepoint: 7522006 ns, Total: 7622218 ns
[2020-09-11T14:11:51.584+0000][1][gc,start     ] GC(27) Pause Young (Allocation Failure)
[2020-09-11T14:11:51.584+0000][1][gc,task      ] GC(27) Using 1 workers of 1 for evacuation
[2020-09-11T14:11:51.589+0000][1][gc,age       ] GC(27) Desired survivor size 4358144 bytes, new threshold 6 (max threshold 6)
[2020-09-11T14:11:51.589+0000][1][gc,age       ] GC(27) Age table with threshold 6 (max threshold 6)
[2020-09-11T14:11:51.589+0000][1][gc,age       ] GC(27) - age   1:         40 bytes,         40 total
[2020-09-11T14:11:51.589+0000][1][gc,age       ] GC(27) - age   6:     249416 bytes,     249456 total
[2020-09-11T14:11:51.589+0000][1][gc,heap      ] GC(27) ParNew: 68984K->606K(76672K)
[2020-09-11T14:11:51.589+0000][1][gc,heap      ] GC(27) CMS: 45524K->45953K(439104K)
[2020-09-11T14:11:51.589+0000][1][gc,metaspace ] GC(27) Metaspace: 32424K->32424K(1079296K)
[2020-09-11T14:11:51.589+0000][1][gc           ] GC(27) Pause Young (Allocation Failure) 111M->45M(503M) 5.288ms
[2020-09-11T14:11:51.589+0000][1][gc,cpu       ] GC(27) User=0.00s Sys=0.00s Real=0.00s
[2020-09-11T14:11:51.607+0000][1][safepoint    ] Safepoint "GenCollectForAllocation", Time since last: 211993509 ns, Reaching safepoint: 102105 ns, At safepoint: 23923875 ns, Total: 24025980 ns
[2020-09-11T14:11:51.812+0000][1][gc,start     ] GC(28) Pause Young (Allocation Failure)
[2020-09-11T14:11:51.812+0000][1][gc,task      ] GC(28) Using 1 workers of 1 for evacuation
[2020-09-11T14:11:51.821+0000][1][gc,age       ] GC(28) Desired survivor size 4358144 bytes, new threshold 6 (max threshold 6)
[2020-09-11T14:11:51.821+0000][1][gc,age       ] GC(28) Age table with threshold 6 (max threshold 6)
[2020-09-11T14:11:51.821+0000][1][gc,age       ] GC(28) - age   1:        208 bytes,        208 total
[2020-09-11T14:11:51.821+0000][1][gc,heap      ] GC(28) ParNew: 68766K->243K(76672K)
[2020-09-11T14:11:51.821+0000][1][gc,heap      ] GC(28) CMS: 45953K->46196K(439104K)
[2020-09-11T14:11:51.821+0000][1][gc,metaspace ] GC(28) Metaspace: 32424K->32424K(1079296K)
[2020-09-11T14:11:51.821+0000][1][gc           ] GC(28) Pause Young (Allocation Failure) 112M->45M(503M) 8.782ms
[2020-09-11T14:11:51.821+0000][1][gc,cpu       ] GC(28) User=0.01s Sys=0.00s Real=0.01s
[2020-09-11T14:11:51.823+0000][1][safepoint    ] Safepoint "GenCollectForAllocation", Time since last: 204648561 ns, Reaching safepoint: 101288 ns, At safepoint: 11229082 ns, Total: 11330370 ns
[2020-09-11T14:11:52.048+0000][1][gc,start     ] GC(29) Pause Young (Allocation Failure)
[2020-09-11T14:11:52.048+0000][1][gc,task      ] GC(29) Using 1 workers of 1 for evacuation
[2020-09-11T14:11:52.056+0000][1][gc,age       ] GC(29) Desired survivor size 4358144 bytes, new threshold 6 (max threshold 6)
[2020-09-11T14:11:52.056+0000][1][gc,age       ] GC(29) Age table with threshold 6 (max threshold 6)
[2020-09-11T14:11:52.056+0000][1][gc,age       ] GC(29) - age   1:         88 bytes,         88 total
[2020-09-11T14:11:52.056+0000][1][gc,age       ] GC(29) - age   2:         72 bytes,        160 total
[2020-09-11T14:11:52.056+0000][1][gc,heap      ] GC(29) ParNew: 68403K->60K(76672K)
[2020-09-11T14:11:52.056+0000][1][gc,heap      ] GC(29) CMS: 46196K->46196K(439104K)
[2020-09-11T14:11:52.056+0000][1][gc,metaspace ] GC(29) Metaspace: 32424K->32424K(1079296K)
[2020-09-11T14:11:52.056+0000][1][gc           ] GC(29) Pause Young (Allocation Failure) 111M->45M(503M) 8.490ms
[2020-09-11T14:11:52.056+0000][1][gc,cpu       ] GC(29) User=0.00s Sys=0.00s Real=0.01s
[2020-09-11T14:11:52.056+0000][1][safepoint    ] Safepoint "GenCollectForAllocation", Time since last: 223990203 ns, Reaching safepoint: 101932 ns, At safepoint: 8580504 ns, Total: 8682436 ns
[2020-09-11T14:11:52.274+0000][1][gc,start     ] GC(30) Pause Young (Allocation Failure)
[2020-09-11T14:11:52.274+0000][1][gc,task      ] GC(30) Using 1 workers of 1 for evacuation
[2020-09-11T14:11:52.279+0000][1][gc,age       ] GC(30) Desired survivor size 4358144 bytes, new threshold 6 (max threshold 6)
[2020-09-11T14:11:52.279+0000][1][gc,age       ] GC(30) Age table with threshold 6 (max threshold 6)
[2020-09-11T14:11:52.279+0000][1][gc,age       ] GC(30) - age   1:         24 bytes,         24 total
[2020-09-11T14:11:52.279+0000][1][gc,age       ] GC(30) - age   3:         72 bytes,         96 total
[2020-09-11T14:11:52.279+0000][1][gc,heap      ] GC(30) ParNew: 68220K->15K(76672K)
[2020-09-11T14:11:52.279+0000][1][gc,heap      ] GC(30) CMS: 46196K->46196K(439104K)
[2020-09-11T14:11:52.279+0000][1][gc,metaspace ] GC(30) Metaspace: 32424K->32424K(1079296K)
[2020-09-11T14:11:52.279+0000][1][gc           ] GC(30) Pause Young (Allocation Failure) 111M->45M(503M) 5.167ms
[2020-09-11T14:11:52.279+0000][1][gc,cpu       ] GC(30) User=0.01s Sys=0.00s Real=0.01s
[2020-09-11T14:11:52.279+0000][1][safepoint    ] Safepoint "GenCollectForAllocation", Time since last: 217498715 ns, Reaching safepoint: 111171 ns, At safepoint: 5221977 ns, Total: 5333148 ns
[2020-09-11T14:11:52.506+0000][1][gc,start     ] GC(31) Pause Young (Allocation Failure)
[2020-09-11T14:11:52.506+0000][1][gc,task      ] GC(31) Using 1 workers of 1 for evacuation
[2020-09-11T14:11:52.508+0000][1][gc,age       ] GC(31) Desired survivor size 4358144 bytes, new threshold 6 (max threshold 6)
[2020-09-11T14:11:52.508+0000][1][gc,age       ] GC(31) Age table with threshold 6 (max threshold 6)
[2020-09-11T14:11:52.508+0000][1][gc,age       ] GC(31) - age   1:        240 bytes,        240 total
[2020-09-11T14:11:52.508+0000][1][gc,age       ] GC(31) - age   4:         72 bytes,        312 total
[2020-09-11T14:11:52.508+0000][1][gc,heap      ] GC(31) ParNew: 68175K->3K(76672K)
[2020-09-11T14:11:52.508+0000][1][gc,heap      ] GC(31) CMS: 46196K->46196K(439104K)
[2020-09-11T14:11:52.508+0000][1][gc,metaspace ] GC(31) Metaspace: 32424K->32424K(1079296K)
[2020-09-11T14:11:52.508+0000][1][gc           ] GC(31) Pause Young (Allocation Failure) 111M->45M(503M) 2.385ms
[2020-09-11T14:11:52.508+0000][1][gc,cpu       ] GC(31) User=0.00s Sys=0.00s Real=0.00s
[2020-09-11T14:11:52.508+0000][1][safepoint    ] Safepoint "GenCollectForAllocation", Time since last: 224491866 ns, Reaching safepoint: 2106428 ns, At safepoint: 2449018 ns, Total: 4555446 ns
[2020-09-11T14:11:52.760+0000][1][gc,start     ] GC(32) Pause Young (Allocation Failure)
[2020-09-11T14:11:52.760+0000][1][gc,task      ] GC(32) Using 1 workers of 1 for evacuation
[2020-09-11T14:11:52.762+0000][1][gc,age       ] GC(32) Desired survivor size 4358144 bytes, new threshold 6 (max threshold 6)
[2020-09-11T14:11:52.762+0000][1][gc,age       ] GC(32) Age table with threshold 6 (max threshold 6)
[2020-09-11T14:11:52.762+0000][1][gc,age       ] GC(32) - age   1:        208 bytes,        208 total
[2020-09-11T14:11:52.762+0000][1][gc,age       ] GC(32) - age   5:         72 bytes,        280 total
[2020-09-11T14:11:52.762+0000][1][gc,heap      ] GC(32) ParNew: 68163K->2K(76672K)
[2020-09-11T14:11:52.762+0000][1][gc,heap      ] GC(32) CMS: 46196K->46196K(439104K)
[2020-09-11T14:11:52.762+0000][1][gc,metaspace ] GC(32) Metaspace: 32424K->32424K(1079296K)
[2020-09-11T14:11:52.762+0000][1][gc           ] GC(32) Pause Young (Allocation Failure) 111M->45M(503M) 2.413ms
[2020-09-11T14:11:52.762+0000][1][gc,cpu       ] GC(32) User=0.00s Sys=0.00s Real=0.00s
[2020-09-11T14:11:52.767+0000][1][safepoint    ] Safepoint "GenCollectForAllocation", Time since last: 248168164 ns, Reaching safepoint: 3352306 ns, At safepoint: 7941263 ns, Total: 11293569 ns
[2020-09-11T14:11:52.879+0000][1][gc,start     ] GC(33) Pause Young (Allocation Failure)
[2020-09-11T14:11:52.879+0000][1][gc,task      ] GC(33) Using 1 workers of 1 for evacuation
[2020-09-11T14:11:52.882+0000][1][gc,age       ] GC(33) Desired survivor size 4358144 bytes, new threshold 6 (max threshold 6)
[2020-09-11T14:11:52.882+0000][1][gc,age       ] GC(33) Age table with threshold 6 (max threshold 6)
[2020-09-11T14:11:52.882+0000][1][gc,age       ] GC(33) - age   1:         40 bytes,         40 total
[2020-09-11T14:11:52.882+0000][1][gc,age       ] GC(33) - age   6:         72 bytes,        112 total
[2020-09-11T14:11:52.882+0000][1][gc,heap      ] GC(33) ParNew: 68162K->2K(76672K)
[2020-09-11T14:11:52.882+0000][1][gc,heap      ] GC(33) CMS: 46196K->46196K(439104K)
[2020-09-11T14:11:52.882+0000][1][gc,metaspace ] GC(33) Metaspace: 32424K->32424K(1079296K)
[2020-09-11T14:11:52.882+0000][1][gc           ] GC(33) Pause Young (Allocation Failure) 111M->45M(503M) 2.384ms
[2020-09-11T14:11:52.882+0000][1][gc,cpu       ] GC(33) User=0.00s Sys=0.00s Real=0.00s
[2020-09-11T14:11:52.883+0000][1][safepoint    ] Safepoint "GenCollectForAllocation", Time since last: 109529312 ns, Reaching safepoint: 2455639 ns, At safepoint: 3996980 ns, Total: 6452619 ns
[2020-09-11T14:11:53.903+0000][1][safepoint    ] Safepoint "Cleanup", Time since last: 1007985797 ns, Reaching safepoint: 11213131 ns, At safepoint: 12861 ns, Total: 11225992 ns
[2020-09-11T14:11:55.908+0000][1][safepoint    ] Safepoint "Cleanup", Time since last: 2004789707 ns, Reaching safepoint: 657636 ns, At safepoint: 6927 ns, Total: 664563 ns
[2020-09-11T14:11:56.756+0000][1][gc,start     ] GC(34) Pause Young (Allocation Failure)
[2020-09-11T14:11:56.756+0000][1][gc,task      ] GC(34) Using 1 workers of 1 for evacuation
[2020-09-11T14:11:56.759+0000][1][gc,age       ] GC(34) Desired survivor size 4358144 bytes, new threshold 6 (max threshold 6)
[2020-09-11T14:11:56.759+0000][1][gc,age       ] GC(34) Age table with threshold 6 (max threshold 6)
[2020-09-11T14:11:56.759+0000][1][gc,age       ] GC(34) - age   1:     277312 bytes,     277312 total
[2020-09-11T14:11:56.759+0000][1][gc,heap      ] GC(34) ParNew: 68162K->272K(76672K)
[2020-09-11T14:11:56.759+0000][1][gc,heap      ] GC(34) CMS: 46196K->46196K(439104K)
[2020-09-11T14:11:56.759+0000][1][gc,metaspace ] GC(34) Metaspace: 32445K->32445K(1079296K)
[2020-09-11T14:11:56.759+0000][1][gc           ] GC(34) Pause Young (Allocation Failure) 111M->45M(503M) 2.697ms
[2020-09-11T14:11:56.759+0000][1][gc,cpu       ] GC(34) User=0.00s Sys=0.00s Real=0.00s
[2020-09-11T14:11:56.767+0000][1][safepoint    ] Safepoint "GenCollectForAllocation", Time since last: 848070125 ns, Reaching safepoint: 102504 ns, At safepoint: 11167466 ns, Total: 11269970 ns
[2020-09-11T14:11:57.780+0000][1][safepoint    ] Safepoint "Cleanup", Time since last: 1012095893 ns, Reaching safepoint: 107650 ns, At safepoint: 5859 ns, Total: 113509 ns
[2020-09-11T14:11:58.460+0000][1][gc,start     ] GC(35) Pause Young (Allocation Failure)
[2020-09-11T14:11:58.460+0000][1][gc,task      ] GC(35) Using 1 workers of 1 for evacuation
[2020-09-11T14:11:58.462+0000][1][gc,age       ] GC(35) Desired survivor size 4358144 bytes, new threshold 6 (max threshold 6)
[2020-09-11T14:11:58.462+0000][1][gc,age       ] GC(35) Age table with threshold 6 (max threshold 6)
[2020-09-11T14:11:58.462+0000][1][gc,age       ] GC(35) - age   1:     511288 bytes,     511288 total
[2020-09-11T14:11:58.462+0000][1][gc,age       ] GC(35) - age   2:     183784 bytes,     695072 total
[2020-09-11T14:11:58.462+0000][1][gc,heap      ] GC(35) ParNew: 68432K->680K(76672K)
[2020-09-11T14:11:58.462+0000][1][gc,heap      ] GC(35) CMS: 46196K->46196K(439104K)
[2020-09-11T14:11:58.462+0000][1][gc,metaspace ] GC(35) Metaspace: 32445K->32445K(1079296K)
[2020-09-11T14:11:58.462+0000][1][gc           ] GC(35) Pause Young (Allocation Failure) 111M->45M(503M) 2.745ms
[2020-09-11T14:11:58.462+0000][1][gc,cpu       ] GC(35) User=0.01s Sys=0.00s Real=0.00s
[2020-09-11T14:11:58.463+0000][1][safepoint    ] Safepoint "GenCollectForAllocation", Time since last: 679807509 ns, Reaching safepoint: 119685 ns, At safepoint: 3853053 ns, Total: 3972738 ns
[2020-09-11T14:11:59.424+0000][1][gc,start     ] GC(36) Pause Young (Allocation Failure)
[2020-09-11T14:11:59.424+0000][1][gc,task      ] GC(36) Using 1 workers of 1 for evacuation
[2020-09-11T14:11:59.426+0000][1][gc,age       ] GC(36) Desired survivor size 4358144 bytes, new threshold 6 (max threshold 6)
[2020-09-11T14:11:59.426+0000][1][gc,age       ] GC(36) Age table with threshold 6 (max threshold 6)
[2020-09-11T14:11:59.426+0000][1][gc,age       ] GC(36) - age   1:     641072 bytes,     641072 total
[2020-09-11T14:11:59.426+0000][1][gc,age       ] GC(36) - age   2:     339856 bytes,     980928 total
[2020-09-11T14:11:59.426+0000][1][gc,age       ] GC(36) - age   3:     183064 bytes,    1163992 total
[2020-09-11T14:11:59.426+0000][1][gc,heap      ] GC(36) ParNew: 68840K->1138K(76672K)
[2020-09-11T14:11:59.426+0000][1][gc,heap      ] GC(36) CMS: 46196K->46196K(439104K)
[2020-09-11T14:11:59.426+0000][1][gc,metaspace ] GC(36) Metaspace: 32446K->32446K(1079296K)
[2020-09-11T14:11:59.426+0000][1][gc           ] GC(36) Pause Young (Allocation Failure) 112M->46M(503M) 2.765ms
[2020-09-11T14:11:59.426+0000][1][gc,cpu       ] GC(36) User=0.00s Sys=0.00s Real=0.00s
[2020-09-11T14:11:59.426+0000][1][safepoint    ] Safepoint "GenCollectForAllocation", Time since last: 960004269 ns, Reaching safepoint: 120207 ns, At safepoint: 2841103 ns, Total: 2961310 ns
[2020-09-11T14:12:00.339+0000][1][gc,start     ] GC(37) Pause Young (Allocation Failure)
[2020-09-11T14:12:00.340+0000][1][gc,task      ] GC(37) Using 1 workers of 1 for evacuation
[2020-09-11T14:12:00.342+0000][1][gc,age       ] GC(37) Desired survivor size 4358144 bytes, new threshold 6 (max threshold 6)
[2020-09-11T14:12:00.342+0000][1][gc,age       ] GC(37) Age table with threshold 6 (max threshold 6)
[2020-09-11T14:12:00.342+0000][1][gc,age       ] GC(37) - age   1:     621256 bytes,     621256 total
[2020-09-11T14:12:00.342+0000][1][gc,age       ] GC(37) - age   2:     301488 bytes,     922744 total
[2020-09-11T14:12:00.342+0000][1][gc,age       ] GC(37) - age   3:     339672 bytes,    1262416 total
[2020-09-11T14:12:00.342+0000][1][gc,age       ] GC(37) - age   4:     182760 bytes,    1445176 total
[2020-09-11T14:12:00.342+0000][1][gc,heap      ] GC(37) ParNew: 69298K->1469K(76672K)
[2020-09-11T14:12:00.342+0000][1][gc,heap      ] GC(37) CMS: 46196K->46196K(439104K)
[2020-09-11T14:12:00.342+0000][1][gc,metaspace ] GC(37) Metaspace: 32446K->32446K(1079296K)
[2020-09-11T14:12:00.342+0000][1][gc           ] GC(37) Pause Young (Allocation Failure) 112M->46M(503M) 2.863ms
[2020-09-11T14:12:00.342+0000][1][gc,cpu       ] GC(37) User=0.01s Sys=0.00s Real=0.00s
[2020-09-11T14:12:00.343+0000][1][safepoint    ] Safepoint "GenCollectForAllocation", Time since last: 909042536 ns, Reaching safepoint: 4005922 ns, At safepoint: 4005518 ns, Total: 8011440 ns
[2020-09-11T14:12:01.164+0000][1][gc,start     ] GC(38) Pause Young (Allocation Failure)
[2020-09-11T14:12:01.164+0000][1][gc,task      ] GC(38) Using 1 workers of 1 for evacuation
[2020-09-11T14:12:01.166+0000][1][gc,age       ] GC(38) Desired survivor size 4358144 bytes, new threshold 6 (max threshold 6)
[2020-09-11T14:12:01.166+0000][1][gc,age       ] GC(38) Age table with threshold 6 (max threshold 6)
[2020-09-11T14:12:01.166+0000][1][gc,age       ] GC(38) - age   1:     968200 bytes,     968200 total
[2020-09-11T14:12:01.166+0000][1][gc,age       ] GC(38) - age   2:     264936 bytes,    1233136 total
[2020-09-11T14:12:01.166+0000][1][gc,age       ] GC(38) - age   3:     297464 bytes,    1530600 total
[2020-09-11T14:12:01.166+0000][1][gc,age       ] GC(38) - age   4:     339592 bytes,    1870192 total
[2020-09-11T14:12:01.166+0000][1][gc,age       ] GC(38) - age   5:     182656 bytes,    2052848 total
[2020-09-11T14:12:01.166+0000][1][gc,heap      ] GC(38) ParNew: 69629K->2017K(76672K)
[2020-09-11T14:12:01.166+0000][1][gc,heap      ] GC(38) CMS: 46196K->46196K(439104K)
[2020-09-11T14:12:01.166+0000][1][gc,metaspace ] GC(38) Metaspace: 32446K->32446K(1079296K)
[2020-09-11T14:12:01.167+0000][1][gc           ] GC(38) Pause Young (Allocation Failure) 113M->47M(503M) 2.963ms
[2020-09-11T14:12:01.167+0000][1][gc,cpu       ] GC(38) User=0.01s Sys=0.00s Real=0.00s
[2020-09-11T14:12:01.187+0000][1][safepoint    ] Safepoint "GenCollectForAllocation", Time since last: 819987772 ns, Reaching safepoint: 112313 ns, At safepoint: 23878654 ns, Total: 23990967 ns
[2020-09-11T14:12:01.535+0000][1][gc,start     ] GC(39) Pause Young (Allocation Failure)
[2020-09-11T14:12:01.536+0000][1][gc,task      ] GC(39) Using 1 workers of 1 for evacuation
[2020-09-11T14:12:01.538+0000][1][gc,age       ] GC(39) Desired survivor size 4358144 bytes, new threshold 6 (max threshold 6)
[2020-09-11T14:12:01.538+0000][1][gc,age       ] GC(39) Age table with threshold 6 (max threshold 6)
[2020-09-11T14:12:01.538+0000][1][gc,age       ] GC(39) - age   1:     311360 bytes,     311360 total
[2020-09-11T14:12:01.538+0000][1][gc,age       ] GC(39) - age   2:     955904 bytes,    1267264 total
[2020-09-11T14:12:01.538+0000][1][gc,age       ] GC(39) - age   3:     263680 bytes,    1530944 total
[2020-09-11T14:12:01.539+0000][1][gc,age       ] GC(39) - age   4:     296976 bytes,    1827920 total
[2020-09-11T14:12:01.539+0000][1][gc,age       ] GC(39) - age   5:     339256 bytes,    2167176 total
[2020-09-11T14:12:01.539+0000][1][gc,age       ] GC(39) - age   6:     182616 bytes,    2349792 total
[2020-09-11T14:12:01.539+0000][1][gc,heap      ] GC(39) ParNew: 70177K->2359K(76672K)
[2020-09-11T14:12:01.539+0000][1][gc,heap      ] GC(39) CMS: 46196K->46196K(439104K)
[2020-09-11T14:12:01.539+0000][1][gc,metaspace ] GC(39) Metaspace: 32446K->32446K(1079296K)
[2020-09-11T14:12:01.539+0000][1][gc           ] GC(39) Pause Young (Allocation Failure) 113M->47M(503M) 3.131ms
[2020-09-11T14:12:01.539+0000][1][gc,cpu       ] GC(39) User=0.00s Sys=0.00s Real=0.00s
[2020-09-11T14:12:01.542+0000][1][safepoint    ] Safepoint "GenCollectForAllocation", Time since last: 344010266 ns, Reaching safepoint: 4010398 ns, At safepoint: 6973653 ns, Total: 10984051 ns
[2020-09-11T14:12:01.604+0000][1][safepoint    ] Safepoint "RevokeBias", Time since last: 61011905 ns, Reaching safepoint: 110267 ns, At safepoint: 37927 ns, Total: 148194 ns
[2020-09-11T14:12:01.604+0000][1][safepoint    ] Safepoint "RevokeBias", Time since last: 141104 ns, Reaching safepoint: 8105 ns, At safepoint: 14902 ns, Total: 23007 ns
[2020-09-11T14:12:02.190+0000][1][gc,start     ] GC(40) Pause Young (Allocation Failure)
[2020-09-11T14:12:02.190+0000][1][gc,task      ] GC(40) Using 1 workers of 1 for evacuation
[2020-09-11T14:12:02.197+0000][1][gc,age       ] GC(40) Desired survivor size 4358144 bytes, new threshold 6 (max threshold 6)
[2020-09-11T14:12:02.197+0000][1][gc,age       ] GC(40) Age table with threshold 6 (max threshold 6)
[2020-09-11T14:12:02.197+0000][1][gc,age       ] GC(40) - age   1:     347576 bytes,     347576 total
[2020-09-11T14:12:02.197+0000][1][gc,age       ] GC(40) - age   2:     301344 bytes,     648920 total
[2020-09-11T14:12:02.197+0000][1][gc,age       ] GC(40) - age   3:     955552 bytes,    1604472 total
[2020-09-11T14:12:02.197+0000][1][gc,age       ] GC(40) - age   4:     263496 bytes,    1867968 total
[2020-09-11T14:12:02.197+0000][1][gc,age       ] GC(40) - age   5:     296856 bytes,    2164824 total
[2020-09-11T14:12:02.197+0000][1][gc,age       ] GC(40) - age   6:     339256 bytes,    2504080 total
[2020-09-11T14:12:02.197+0000][1][gc,heap      ] GC(40) ParNew: 70519K->2457K(76672K)
[2020-09-11T14:12:02.197+0000][1][gc,heap      ] GC(40) CMS: 46196K->46372K(439104K)
[2020-09-11T14:12:02.197+0000][1][gc,metaspace ] GC(40) Metaspace: 32451K->32451K(1079296K)
[2020-09-11T14:12:02.197+0000][1][gc           ] GC(40) Pause Young (Allocation Failure) 113M->47M(503M) 7.205ms
[2020-09-11T14:12:02.197+0000][1][gc,cpu       ] GC(40) User=0.01s Sys=0.00s Real=0.01s
[2020-09-11T14:12:02.199+0000][1][safepoint    ] Safepoint "GenCollectForAllocation", Time since last: 585779422 ns, Reaching safepoint: 117667 ns, At safepoint: 9789504 ns, Total: 9907171 ns
[2020-09-11T14:12:02.484+0000][1][gc,start     ] GC(41) Pause Young (Allocation Failure)
[2020-09-11T14:12:02.484+0000][1][gc,task      ] GC(41) Using 1 workers of 1 for evacuation
[2020-09-11T14:12:02.486+0000][1][gc,age       ] GC(41) Desired survivor size 4358144 bytes, new threshold 6 (max threshold 6)
[2020-09-11T14:12:02.487+0000][1][gc,age       ] GC(41) Age table with threshold 6 (max threshold 6)
[2020-09-11T14:12:02.487+0000][1][gc,age       ] GC(41) - age   1:        288 bytes,        288 total
[2020-09-11T14:12:02.487+0000][1][gc,age       ] GC(41) - age   2:     347320 bytes,     347608 total
[2020-09-11T14:12:02.487+0000][1][gc,age       ] GC(41) - age   3:     301344 bytes,     648952 total
[2020-09-11T14:12:02.487+0000][1][gc,age       ] GC(41) - age   4:     955552 bytes,    1604504 total
[2020-09-11T14:12:02.487+0000][1][gc,age       ] GC(41) - age   5:     263496 bytes,    1868000 total
[2020-09-11T14:12:02.487+0000][1][gc,age       ] GC(41) - age   6:     296856 bytes,    2164856 total
[2020-09-11T14:12:02.487+0000][1][gc,heap      ] GC(41) ParNew: 70617K->2118K(76672K)
[2020-09-11T14:12:02.487+0000][1][gc,heap      ] GC(41) CMS: 46372K->46703K(439104K)
[2020-09-11T14:12:02.487+0000][1][gc,metaspace ] GC(41) Metaspace: 32451K->32451K(1079296K)
[2020-09-11T14:12:02.487+0000][1][gc           ] GC(41) Pause Young (Allocation Failure) 114M->47M(503M) 3.071ms
[2020-09-11T14:12:02.487+0000][1][gc,cpu       ] GC(41) User=0.00s Sys=0.00s Real=0.00s
[2020-09-11T14:12:02.491+0000][1][safepoint    ] Safepoint "GenCollectForAllocation", Time since last: 284001926 ns, Reaching safepoint: 111009 ns, At safepoint: 7894091 ns, Total: 8005100 ns
[2020-09-11T14:12:02.664+0000][1][gc,start     ] GC(42) Pause Young (Allocation Failure)
[2020-09-11T14:12:02.664+0000][1][gc,task      ] GC(42) Using 1 workers of 1 for evacuation
[2020-09-11T14:12:02.674+0000][1][gc,age       ] GC(42) Desired survivor size 4358144 bytes, new threshold 6 (max threshold 6)
[2020-09-11T14:12:02.674+0000][1][gc,age       ] GC(42) Age table with threshold 6 (max threshold 6)
[2020-09-11T14:12:02.674+0000][1][gc,age       ] GC(42) - age   1:         24 bytes,         24 total
[2020-09-11T14:12:02.675+0000][1][gc,age       ] GC(42) - age   2:        160 bytes,        184 total
[2020-09-11T14:12:02.675+0000][1][gc,age       ] GC(42) - age   3:     347320 bytes,     347504 total
[2020-09-11T14:12:02.675+0000][1][gc,age       ] GC(42) - age   4:     301344 bytes,     648848 total
[2020-09-11T14:12:02.675+0000][1][gc,age       ] GC(42) - age   5:     955552 bytes,    1604400 total
[2020-09-11T14:12:02.675+0000][1][gc,age       ] GC(42) - age   6:     263496 bytes,    1867896 total
[2020-09-11T14:12:02.675+0000][1][gc,heap      ] GC(42) ParNew: 70278K->1830K(76672K)
[2020-09-11T14:12:02.675+0000][1][gc,heap      ] GC(42) CMS: 46703K->46993K(439104K)
[2020-09-11T14:12:02.675+0000][1][gc,metaspace ] GC(42) Metaspace: 32451K->32451K(1079296K)
[2020-09-11T14:12:02.675+0000][1][gc           ] GC(42) Pause Young (Allocation Failure) 114M->47M(503M) 10.837ms
[2020-09-11T14:12:02.675+0000][1][gc,cpu       ] GC(42) User=0.00s Sys=0.00s Real=0.00s
[2020-09-11T14:12:02.675+0000][1][safepoint    ] Safepoint "GenCollectForAllocation", Time since last: 169497597 ns, Reaching safepoint: 2813386 ns, At safepoint: 10912351 ns, Total: 13725737 ns
[2020-09-11T14:12:02.843+0000][1][gc,start     ] GC(43) Pause Young (Allocation Failure)
[2020-09-11T14:12:02.843+0000][1][gc,task      ] GC(43) Using 1 workers of 1 for evacuation
[2020-09-11T14:12:02.846+0000][1][gc,age       ] GC(43) Desired survivor size 4358144 bytes, new threshold 6 (max threshold 6)
[2020-09-11T14:12:02.846+0000][1][gc,age       ] GC(43) Age table with threshold 6 (max threshold 6)
[2020-09-11T14:12:02.846+0000][1][gc,age       ] GC(43) - age   1:        152 bytes,        152 total
[2020-09-11T14:12:02.846+0000][1][gc,age       ] GC(43) - age   3:        160 bytes,        312 total
[2020-09-11T14:12:02.846+0000][1][gc,age       ] GC(43) - age   4:     347320 bytes,     347632 total
[2020-09-11T14:12:02.846+0000][1][gc,age       ] GC(43) - age   5:     301344 bytes,     648976 total
[2020-09-11T14:12:02.846+0000][1][gc,age       ] GC(43) - age   6:     955552 bytes,    1604528 total
[2020-09-11T14:12:02.846+0000][1][gc,heap      ] GC(43) ParNew: 69990K->1769K(76672K)
[2020-09-11T14:12:02.846+0000][1][gc,heap      ] GC(43) CMS: 46993K->47251K(439104K)
[2020-09-11T14:12:02.846+0000][1][gc,metaspace ] GC(43) Metaspace: 32451K->32451K(1079296K)
[2020-09-11T14:12:02.846+0000][1][gc           ] GC(43) Pause Young (Allocation Failure) 114M->47M(503M) 2.906ms
[2020-09-11T14:12:02.846+0000][1][gc,cpu       ] GC(43) User=0.00s Sys=0.00s Real=0.00s
[2020-09-11T14:12:02.851+0000][1][safepoint    ] Safepoint "GenCollectForAllocation", Time since last: 163700982 ns, Reaching safepoint: 5073642 ns, At safepoint: 8004696 ns, Total: 13078338 ns
[2020-09-11T14:12:03.019+0000][1][gc,start     ] GC(44) Pause Young (Allocation Failure)
[2020-09-11T14:12:03.019+0000][1][gc,task      ] GC(44) Using 1 workers of 1 for evacuation
[2020-09-11T14:12:03.022+0000][1][gc,age       ] GC(44) Desired survivor size 4358144 bytes, new threshold 6 (max threshold 6)
[2020-09-11T14:12:03.022+0000][1][gc,age       ] GC(44) Age table with threshold 6 (max threshold 6)
[2020-09-11T14:12:03.022+0000][1][gc,age       ] GC(44) - age   1:         80 bytes,         80 total
[2020-09-11T14:12:03.022+0000][1][gc,age       ] GC(44) - age   4:        160 bytes,        240 total
[2020-09-11T14:12:03.022+0000][1][gc,age       ] GC(44) - age   5:     347320 bytes,     347560 total
[2020-09-11T14:12:03.022+0000][1][gc,age       ] GC(44) - age   6:     301344 bytes,     648904 total
[2020-09-11T14:12:03.022+0000][1][gc,heap      ] GC(44) ParNew: 69929K->681K(76672K)
[2020-09-11T14:12:03.022+0000][1][gc,heap      ] GC(44) CMS: 47251K->48184K(439104K)
[2020-09-11T14:12:03.022+0000][1][gc,metaspace ] GC(44) Metaspace: 32451K->32451K(1079296K)
[2020-09-11T14:12:03.022+0000][1][gc           ] GC(44) Pause Young (Allocation Failure) 114M->47M(503M) 2.806ms
[2020-09-11T14:12:03.022+0000][1][gc,cpu       ] GC(44) User=0.01s Sys=0.00s Real=0.00s
[2020-09-11T14:12:03.023+0000][1][safepoint    ] Safepoint "GenCollectForAllocation", Time since last: 166275884 ns, Reaching safepoint: 1720963 ns, At safepoint: 3995863 ns, Total: 5716826 ns
[2020-09-11T14:12:03.211+0000][1][gc,start     ] GC(45) Pause Young (Allocation Failure)
[2020-09-11T14:12:03.212+0000][1][gc,task      ] GC(45) Using 1 workers of 1 for evacuation
[2020-09-11T14:12:03.214+0000][1][gc,age       ] GC(45) Desired survivor size 4358144 bytes, new threshold 6 (max threshold 6)
[2020-09-11T14:12:03.214+0000][1][gc,age       ] GC(45) Age table with threshold 6 (max threshold 6)
[2020-09-11T14:12:03.214+0000][1][gc,age       ] GC(45) - age   1:        208 bytes,        208 total
[2020-09-11T14:12:03.214+0000][1][gc,age       ] GC(45) - age   5:        160 bytes,        368 total
[2020-09-11T14:12:03.214+0000][1][gc,age       ] GC(45) - age   6:     347320 bytes,     347688 total
[2020-09-11T14:12:03.214+0000][1][gc,heap      ] GC(45) ParNew: 68841K->560K(76672K)
[2020-09-11T14:12:03.214+0000][1][gc,heap      ] GC(45) CMS: 48184K->48478K(439104K)
[2020-09-11T14:12:03.214+0000][1][gc,metaspace ] GC(45) Metaspace: 32451K->32451K(1079296K)
[2020-09-11T14:12:03.214+0000][1][gc           ] GC(45) Pause Young (Allocation Failure) 114M->47M(503M) 2.688ms
[2020-09-11T14:12:03.214+0000][1][gc,cpu       ] GC(45) User=0.01s Sys=0.00s Real=0.00s
[2020-09-11T14:12:03.219+0000][1][safepoint    ] Safepoint "GenCollectForAllocation", Time since last: 184489382 ns, Reaching safepoint: 3538906 ns, At safepoint: 7962115 ns, Total: 11501021 ns
[2020-09-11T14:12:03.395+0000][1][gc,start     ] GC(46) Pause Young (Allocation Failure)
[2020-09-11T14:12:03.395+0000][1][gc,task      ] GC(46) Using 1 workers of 1 for evacuation
[2020-09-11T14:12:03.398+0000][1][gc,age       ] GC(46) Desired survivor size 4358144 bytes, new threshold 6 (max threshold 6)
[2020-09-11T14:12:03.398+0000][1][gc,age       ] GC(46) Age table with threshold 6 (max threshold 6)
[2020-09-11T14:12:03.398+0000][1][gc,age       ] GC(46) - age   1:        160 bytes,        160 total
[2020-09-11T14:12:03.398+0000][1][gc,age       ] GC(46) - age   6:        160 bytes,        320 total
[2020-09-11T14:12:03.398+0000][1][gc,heap      ] GC(46) ParNew: 68720K->394K(76672K)
[2020-09-11T14:12:03.398+0000][1][gc,heap      ] GC(46) CMS: 48478K->48818K(439104K)
[2020-09-11T14:12:03.398+0000][1][gc,metaspace ] GC(46) Metaspace: 32451K->32451K(1079296K)
[2020-09-11T14:12:03.398+0000][1][gc           ] GC(46) Pause Young (Allocation Failure) 114M->48M(503M) 2.718ms
[2020-09-11T14:12:03.398+0000][1][gc,cpu       ] GC(46) User=0.00s Sys=0.00s Real=0.00s
[2020-09-11T14:12:03.398+0000][1][safepoint    ] Safepoint "GenCollectForAllocation", Time since last: 172291426 ns, Reaching safepoint: 3721400 ns, At safepoint: 2779379 ns, Total: 6500779 ns
[2020-09-11T14:12:03.575+0000][1][gc,start     ] GC(47) Pause Young (Allocation Failure)
[2020-09-11T14:12:03.575+0000][1][gc,task      ] GC(47) Using 1 workers of 1 for evacuation
[2020-09-11T14:12:03.577+0000][1][gc,age       ] GC(47) Desired survivor size 4358144 bytes, new threshold 6 (max threshold 6)
[2020-09-11T14:12:03.577+0000][1][gc,age       ] GC(47) Age table with threshold 6 (max threshold 6)
[2020-09-11T14:12:03.577+0000][1][gc,age       ] GC(47) - age   1:        200 bytes,        200 total
[2020-09-11T14:12:03.577+0000][1][gc,heap      ] GC(47) ParNew: 68554K->98K(76672K)
[2020-09-11T14:12:03.577+0000][1][gc,heap      ] GC(47) CMS: 48818K->48818K(439104K)
[2020-09-11T14:12:03.577+0000][1][gc,metaspace ] GC(47) Metaspace: 32451K->32451K(1079296K)
[2020-09-11T14:12:03.577+0000][1][gc           ] GC(47) Pause Young (Allocation Failure) 114M->47M(503M) 2.484ms
[2020-09-11T14:12:03.577+0000][1][gc,cpu       ] GC(47) User=0.00s Sys=0.00s Real=0.01s
[2020-09-11T14:12:03.577+0000][1][safepoint    ] Safepoint "GenCollectForAllocation", Time since last: 173224904 ns, Reaching safepoint: 3368251 ns, At safepoint: 2541424 ns, Total: 5909675 ns
[2020-09-11T14:12:03.753+0000][1][gc,start     ] GC(48) Pause Young (Allocation Failure)
[2020-09-11T14:12:03.753+0000][1][gc,task      ] GC(48) Using 1 workers of 1 for evacuation
[2020-09-11T14:12:03.755+0000][1][gc,age       ] GC(48) Desired survivor size 4358144 bytes, new threshold 6 (max threshold 6)
[2020-09-11T14:12:03.755+0000][1][gc,age       ] GC(48) Age table with threshold 6 (max threshold 6)
[2020-09-11T14:12:03.755+0000][1][gc,age       ] GC(48) - age   1:        152 bytes,        152 total
[2020-09-11T14:12:03.755+0000][1][gc,heap      ] GC(48) ParNew: 68258K->24K(76672K)
[2020-09-11T14:12:03.755+0000][1][gc,heap      ] GC(48) CMS: 48818K->48818K(439104K)
[2020-09-11T14:12:03.755+0000][1][gc,metaspace ] GC(48) Metaspace: 32451K->32451K(1079296K)
[2020-09-11T14:12:03.755+0000][1][gc           ] GC(48) Pause Young (Allocation Failure) 114M->47M(503M) 2.437ms
[2020-09-11T14:12:03.755+0000][1][gc,cpu       ] GC(48) User=0.01s Sys=0.00s Real=0.00s
[2020-09-11T14:12:03.759+0000][1][safepoint    ] Safepoint "GenCollectForAllocation", Time since last: 175356013 ns, Reaching safepoint: 105569 ns, At safepoint: 6632346 ns, Total: 6737915 ns
[2020-09-11T14:12:03.932+0000][1][gc,start     ] GC(49) Pause Young (Allocation Failure)
[2020-09-11T14:12:03.932+0000][1][gc,task      ] GC(49) Using 1 workers of 1 for evacuation
[2020-09-11T14:12:03.934+0000][1][gc,age       ] GC(49) Desired survivor size 4358144 bytes, new threshold 6 (max threshold 6)
[2020-09-11T14:12:03.934+0000][1][gc,age       ] GC(49) Age table with threshold 6 (max threshold 6)
[2020-09-11T14:12:03.934+0000][1][gc,age       ] GC(49) - age   1:         48 bytes,         48 total
[2020-09-11T14:12:03.934+0000][1][gc,heap      ] GC(49) ParNew: 68184K->6K(76672K)
[2020-09-11T14:12:03.934+0000][1][gc,heap      ] GC(49) CMS: 48818K->48818K(439104K)
[2020-09-11T14:12:03.934+0000][1][gc,metaspace ] GC(49) Metaspace: 32451K->32451K(1079296K)
[2020-09-11T14:12:03.934+0000][1][gc           ] GC(49) Pause Young (Allocation Failure) 114M->47M(503M) 2.476ms
[2020-09-11T14:12:03.934+0000][1][gc,cpu       ] GC(49) User=0.00s Sys=0.00s Real=0.00s
[2020-09-11T14:12:03.939+0000][1][safepoint    ] Safepoint "GenCollectForAllocation", Time since last: 172017447 ns, Reaching safepoint: 107333 ns, At safepoint: 7863016 ns, Total: 7970349 ns
[2020-09-11T14:12:04.954+0000][1][safepoint    ] Safepoint "Cleanup", Time since last: 1007993803 ns, Reaching safepoint: 6106074 ns, At safepoint: 11839 ns, Total: 6117913 ns
[2020-09-11T14:12:05.958+0000][1][safepoint    ] Safepoint "Cleanup", Time since last: 1001895587 ns, Reaching safepoint: 2267000 ns, At safepoint: 7681 ns, Total: 2274681 ns
[2020-09-11T14:12:05.976+0000][1][gc,start     ] GC(50) Pause Young (Allocation Failure)
[2020-09-11T14:12:05.976+0000][1][gc,task      ] GC(50) Using 1 workers of 1 for evacuation
[2020-09-11T14:12:05.978+0000][1][gc,age       ] GC(50) Desired survivor size 4358144 bytes, new threshold 6 (max threshold 6)
[2020-09-11T14:12:05.978+0000][1][gc,age       ] GC(50) Age table with threshold 6 (max threshold 6)
[2020-09-11T14:12:05.978+0000][1][gc,age       ] GC(50) - age   1:     133480 bytes,     133480 total
[2020-09-11T14:12:05.978+0000][1][gc,heap      ] GC(50) ParNew: 68166K->132K(76672K)
[2020-09-11T14:12:05.978+0000][1][gc,heap      ] GC(50) CMS: 48818K->48818K(439104K)
[2020-09-11T14:12:05.978+0000][1][gc,metaspace ] GC(50) Metaspace: 32453K->32453K(1079296K)
[2020-09-11T14:12:05.978+0000][1][gc           ] GC(50) Pause Young (Allocation Failure) 114M->47M(503M) 2.605ms
[2020-09-11T14:12:05.978+0000][1][gc,cpu       ] GC(50) User=0.00s Sys=0.00s Real=0.00s
[2020-09-11T14:12:05.983+0000][1][safepoint    ] Safepoint "GenCollectForAllocation", Time since last: 18001598 ns, Reaching safepoint: 97648 ns, At safepoint: 7171745 ns, Total: 7269393 ns
[2020-09-11T14:12:06.407+0000][1][gc,start     ] GC(51) Pause Young (Allocation Failure)
[2020-09-11T14:12:06.408+0000][1][gc,task      ] GC(51) Using 1 workers of 1 for evacuation
[2020-09-11T14:12:06.410+0000][1][gc,age       ] GC(51) Desired survivor size 4358144 bytes, new threshold 6 (max threshold 6)
[2020-09-11T14:12:06.410+0000][1][gc,age       ] GC(51) Age table with threshold 6 (max threshold 6)
[2020-09-11T14:12:06.410+0000][1][gc,age       ] GC(51) - age   1:     545976 bytes,     545976 total
[2020-09-11T14:12:06.410+0000][1][gc,age       ] GC(51) - age   2:      83496 bytes,     629472 total
[2020-09-11T14:12:06.410+0000][1][gc,heap      ] GC(51) ParNew: 68292K->619K(76672K)
[2020-09-11T14:12:06.410+0000][1][gc,heap      ] GC(51) CMS: 48818K->48818K(439104K)
[2020-09-11T14:12:06.410+0000][1][gc,metaspace ] GC(51) Metaspace: 32453K->32453K(1079296K)
[2020-09-11T14:12:06.410+0000][1][gc           ] GC(51) Pause Young (Allocation Failure) 114M->48M(503M) 2.921ms
[2020-09-11T14:12:06.410+0000][1][gc,cpu       ] GC(51) User=0.00s Sys=0.00s Real=0.00s
[2020-09-11T14:12:06.419+0000][1][safepoint    ] Safepoint "GenCollectForAllocation", Time since last: 421458549 ns, Reaching safepoint: 3014470 ns, At safepoint: 11979499 ns, Total: 14993969 ns
[2020-09-11T14:12:06.771+0000][1][gc,start     ] GC(52) Pause Young (Allocation Failure)
[2020-09-11T14:12:06.772+0000][1][gc,task      ] GC(52) Using 1 workers of 1 for evacuation
[2020-09-11T14:12:06.774+0000][1][gc,age       ] GC(52) Desired survivor size 4358144 bytes, new threshold 6 (max threshold 6)
[2020-09-11T14:12:06.774+0000][1][gc,age       ] GC(52) Age table with threshold 6 (max threshold 6)
[2020-09-11T14:12:06.774+0000][1][gc,age       ] GC(52) - age   1:     643752 bytes,     643752 total
[2020-09-11T14:12:06.774+0000][1][gc,age       ] GC(52) - age   2:     375024 bytes,    1018776 total
[2020-09-11T14:12:06.774+0000][1][gc,age       ] GC(52) - age   3:      82872 bytes,    1101648 total
[2020-09-11T14:12:06.774+0000][1][gc,heap      ] GC(52) ParNew: 68779K->1095K(76672K)
[2020-09-11T14:12:06.774+0000][1][gc,heap      ] GC(52) CMS: 48818K->48818K(439104K)
[2020-09-11T14:12:06.774+0000][1][gc,metaspace ] GC(52) Metaspace: 32453K->32453K(1079296K)
[2020-09-11T14:12:06.774+0000][1][gc           ] GC(52) Pause Young (Allocation Failure) 114M->48M(503M) 3.032ms
[2020-09-11T14:12:06.774+0000][1][gc,cpu       ] GC(52) User=0.00s Sys=0.00s Real=0.00s
[2020-09-11T14:12:06.783+0000][1][safepoint    ] Safepoint "GenCollectForAllocation", Time since last: 350010015 ns, Reaching safepoint: 1996290 ns, At safepoint: 12001723 ns, Total: 13998013 ns
[2020-09-11T14:12:07.083+0000][1][gc,start     ] GC(53) Pause Young (Allocation Failure)
[2020-09-11T14:12:07.083+0000][1][gc,task      ] GC(53) Using 1 workers of 1 for evacuation
[2020-09-11T14:12:07.086+0000][1][gc,age       ] GC(53) Desired survivor size 4358144 bytes, new threshold 6 (max threshold 6)
[2020-09-11T14:12:07.086+0000][1][gc,age       ] GC(53) Age table with threshold 6 (max threshold 6)
[2020-09-11T14:12:07.086+0000][1][gc,age       ] GC(53) - age   1:     311528 bytes,     311528 total
[2020-09-11T14:12:07.086+0000][1][gc,age       ] GC(53) - age   2:     629648 bytes,     941176 total
[2020-09-11T14:12:07.086+0000][1][gc,age       ] GC(53) - age   3:     374288 bytes,    1315464 total
[2020-09-11T14:12:07.086+0000][1][gc,age       ] GC(53) - age   4:      82232 bytes,    1397696 total
[2020-09-11T14:12:07.086+0000][1][gc,heap      ] GC(53) ParNew: 69255K->1366K(76672K)
[2020-09-11T14:12:07.086+0000][1][gc,heap      ] GC(53) CMS: 48818K->48818K(439104K)
[2020-09-11T14:12:07.086+0000][1][gc,metaspace ] GC(53) Metaspace: 32453K->32453K(1079296K)
[2020-09-11T14:12:07.086+0000][1][gc           ] GC(53) Pause Young (Allocation Failure) 115M->49M(503M) 2.991ms
[2020-09-11T14:12:07.086+0000][1][gc,cpu       ] GC(53) User=0.01s Sys=0.00s Real=0.00s
[2020-09-11T14:12:07.093+0000][1][safepoint    ] Safepoint "GenCollectForAllocation", Time since last: 297286374 ns, Reaching safepoint: 2710168 ns, At safepoint: 9292871 ns, Total: 12003039 ns
[2020-09-11T14:12:07.482+0000][1][gc,start     ] GC(54) Pause Young (Allocation Failure)
[2020-09-11T14:12:07.482+0000][1][gc,task      ] GC(54) Using 1 workers of 1 for evacuation
[2020-09-11T14:12:07.485+0000][1][gc,age       ] GC(54) Desired survivor size 4358144 bytes, new threshold 6 (max threshold 6)
[2020-09-11T14:12:07.485+0000][1][gc,age       ] GC(54) Age table with threshold 6 (max threshold 6)
[2020-09-11T14:12:07.485+0000][1][gc,age       ] GC(54) - age   1:     965040 bytes,     965040 total
[2020-09-11T14:12:07.485+0000][1][gc,age       ] GC(54) - age   2:     299440 bytes,    1264480 total
[2020-09-11T14:12:07.485+0000][1][gc,age       ] GC(54) - age   3:     300960 bytes,    1565440 total
[2020-09-11T14:12:07.485+0000][1][gc,age       ] GC(54) - age   4:     374288 bytes,    1939728 total
[2020-09-11T14:12:07.485+0000][1][gc,age       ] GC(54) - age   5:      82072 bytes,    2021800 total
[2020-09-11T14:12:07.485+0000][1][gc,heap      ] GC(54) ParNew: 69526K->1979K(76672K)
[2020-09-11T14:12:07.485+0000][1][gc,heap      ] GC(54) CMS: 48818K->48818K(439104K)
[2020-09-11T14:12:07.485+0000][1][gc,metaspace ] GC(54) Metaspace: 32453K->32453K(1079296K)
[2020-09-11T14:12:07.485+0000][1][gc           ] GC(54) Pause Young (Allocation Failure) 115M->49M(503M) 3.217ms
[2020-09-11T14:12:07.485+0000][1][gc,cpu       ] GC(54) User=0.00s Sys=0.00s Real=0.01s
[2020-09-11T14:12:07.491+0000][1][safepoint    ] Safepoint "GenCollectForAllocation", Time since last: 387124011 ns, Reaching safepoint: 1695599 ns, At safepoint: 9879335 ns, Total: 11574934 ns
[2020-09-11T14:12:07.592+0000][1][safepoint    ] Safepoint "RevokeBias", Time since last: 100084598 ns, Reaching safepoint: 744449 ns, At safepoint: 41445 ns, Total: 785894 ns
[2020-09-11T14:12:07.595+0000][1][safepoint    ] Safepoint "RevokeBias", Time since last: 58993 ns, Reaching safepoint: 2767121 ns, At safepoint: 33022 ns, Total: 2800143 ns
[2020-09-11T14:12:07.595+0000][1][safepoint    ] Safepoint "RevokeBias", Time since last: 50173 ns, Reaching safepoint: 84992 ns, At safepoint: 25859 ns, Total: 110851 ns
[2020-09-11T14:12:07.599+0000][1][safepoint    ] Safepoint "RevokeBias", Time since last: 236684 ns, Reaching safepoint: 2979197 ns, At safepoint: 41740 ns, Total: 3020937 ns
[2020-09-11T14:12:07.795+0000][1][gc,start     ] GC(55) Pause Young (Allocation Failure)
[2020-09-11T14:12:07.795+0000][1][gc,task      ] GC(55) Using 1 workers of 1 for evacuation
[2020-09-11T14:12:07.798+0000][1][gc,age       ] GC(55) Desired survivor size 4358144 bytes, new threshold 6 (max threshold 6)
[2020-09-11T14:12:07.798+0000][1][gc,age       ] GC(55) Age table with threshold 6 (max threshold 6)
[2020-09-11T14:12:07.798+0000][1][gc,age       ] GC(55) - age   1:     313408 bytes,     313408 total
[2020-09-11T14:12:07.798+0000][1][gc,age       ] GC(55) - age   2:     952336 bytes,    1265744 total
[2020-09-11T14:12:07.798+0000][1][gc,age       ] GC(55) - age   3:     298208 bytes,    1563952 total
[2020-09-11T14:12:07.798+0000][1][gc,age       ] GC(55) - age   4:     297424 bytes,    1861376 total
[2020-09-11T14:12:07.798+0000][1][gc,age       ] GC(55) - age   5:     374032 bytes,    2235408 total
[2020-09-11T14:12:07.799+0000][1][gc,age       ] GC(55) - age   6:      82048 bytes,    2317456 total
[2020-09-11T14:12:07.799+0000][1][gc,heap      ] GC(55) ParNew: 70139K->2263K(76672K)
[2020-09-11T14:12:07.799+0000][1][gc,heap      ] GC(55) CMS: 48818K->48818K(439104K)
[2020-09-11T14:12:07.799+0000][1][gc,metaspace ] GC(55) Metaspace: 32454K->32454K(1079296K)
[2020-09-11T14:12:07.799+0000][1][gc           ] GC(55) Pause Young (Allocation Failure) 116M->49M(503M) 3.136ms
[2020-09-11T14:12:07.799+0000][1][gc,cpu       ] GC(55) User=0.00s Sys=0.00s Real=0.00s
[2020-09-11T14:12:07.811+0000][1][safepoint    ] Safepoint "GenCollectForAllocation", Time since last: 196756668 ns, Reaching safepoint: 94410 ns, At safepoint: 16002259 ns, Total: 16096669 ns
[2020-09-11T14:12:08.798+0000][1][safepoint    ] Safepoint "Deoptimize", Time since last: 986538543 ns, Reaching safepoint: 118938 ns, At safepoint: 303398 ns, Total: 422336 ns
[2020-09-11T14:12:09.120+0000][1][safepoint    ] Safepoint "CollectForMetadataAllocation", Time since last: 321043534 ns, Reaching safepoint: 127081 ns, At safepoint: 133011 ns, Total: 260092 ns
[2020-09-11T14:12:09.220+0000][1][safepoint    ] Safepoint "CollectForMetadataAllocation", Time since last: 99729105 ns, Reaching safepoint: 109280 ns, At safepoint: 131544 ns, Total: 240824 ns
[2020-09-11T14:12:09.397+0000][1][safepoint    ] Safepoint "CollectForMetadataAllocation", Time since last: 177547867 ns, Reaching safepoint: 106121 ns, At safepoint: 138638 ns, Total: 244759 ns
[2020-09-11T14:12:09.479+0000][1][safepoint    ] Safepoint "CollectForMetadataAllocation", Time since last: 78164268 ns, Reaching safepoint: 2903268 ns, At safepoint: 143050 ns, Total: 3046318 ns
[2020-09-11T14:12:09.584+0000][1][safepoint    ] Safepoint "CollectForMetadataAllocation", Time since last: 104866664 ns, Reaching safepoint: 108705 ns, At safepoint: 136538 ns, Total: 245243 ns
[2020-09-11T14:12:09.684+0000][1][safepoint    ] Safepoint "CollectForMetadataAllocation", Time since last: 99657062 ns, Reaching safepoint: 110231 ns, At safepoint: 133572 ns, Total: 243803 ns
[2020-09-11T14:12:09.801+0000][1][gc,start     ] GC(56) Pause Young (Allocation Failure)
[2020-09-11T14:12:09.801+0000][1][gc,task      ] GC(56) Using 1 workers of 1 for evacuation
[2020-09-11T14:12:09.845+0000][1][gc,age       ] GC(56) Desired survivor size 4358144 bytes, new threshold 6 (max threshold 6)
[2020-09-11T14:12:09.845+0000][1][gc,age       ] GC(56) Age table with threshold 6 (max threshold 6)
[2020-09-11T14:12:09.845+0000][1][gc,age       ] GC(56) - age   1:    1488560 bytes,    1488560 total
[2020-09-11T14:12:09.845+0000][1][gc,age       ] GC(56) - age   2:     301928 bytes,    1790488 total
[2020-09-11T14:12:09.845+0000][1][gc,age       ] GC(56) - age   3:     951640 bytes,    2742128 total
[2020-09-11T14:12:09.845+0000][1][gc,age       ] GC(56) - age   4:     297792 bytes,    3039920 total
[2020-09-11T14:12:09.845+0000][1][gc,age       ] GC(56) - age   5:     297304 bytes,    3337224 total
[2020-09-11T14:12:09.845+0000][1][gc,age       ] GC(56) - age   6:     374032 bytes,    3711256 total
[2020-09-11T14:12:09.845+0000][1][gc,heap      ] GC(56) ParNew: 70423K->3631K(76672K)
[2020-09-11T14:12:09.845+0000][1][gc,heap      ] GC(56) CMS: 48818K->48895K(439104K)
[2020-09-11T14:12:09.845+0000][1][gc,metaspace ] GC(56) Metaspace: 36224K->36224K(1083392K)
[2020-09-11T14:12:09.845+0000][1][gc           ] GC(56) Pause Young (Allocation Failure) 116M->51M(503M) 43.904ms
[2020-09-11T14:12:09.845+0000][1][gc,cpu       ] GC(56) User=0.02s Sys=0.00s Real=0.05s
[2020-09-11T14:12:09.849+0000][1][safepoint    ] Safepoint "GenCollectForAllocation", Time since last: 117561245 ns, Reaching safepoint: 102319 ns, At safepoint: 48146361 ns, Total: 48248680 ns
[2020-09-11T14:12:09.879+0000][1][gc,start     ] GC(57) Pause Initial Mark
[2020-09-11T14:12:09.882+0000][1][gc           ] GC(57) Pause Initial Mark 55M->55M(503M) 2.676ms
[2020-09-11T14:12:09.882+0000][1][gc,cpu       ] GC(57) User=0.00s Sys=0.00s Real=0.00s
[2020-09-11T14:12:09.899+0000][1][safepoint    ] Safepoint "CMS_Initial_Mark", Time since last: 22194181 ns, Reaching safepoint: 7761803 ns, At safepoint: 19965088 ns, Total: 27726891 ns
[2020-09-11T14:12:09.899+0000][1][gc           ] GC(57) Concurrent Mark
[2020-09-11T14:12:10.270+0000][1][gc           ] GC(57) Concurrent Mark 370.352ms
[2020-09-11T14:12:10.270+0000][1][gc,cpu       ] GC(57) User=0.13s Sys=0.00s Real=0.37s
[2020-09-11T14:12:10.270+0000][1][gc           ] GC(57) Concurrent Preclean
[2020-09-11T14:12:10.271+0000][1][gc           ] GC(57) Concurrent Preclean 0.709ms
[2020-09-11T14:12:10.271+0000][1][gc,cpu       ] GC(57) User=0.00s Sys=0.00s Real=0.00s
[2020-09-11T14:12:10.271+0000][1][gc           ] GC(57) Concurrent Abortable Preclean
[2020-09-11T14:12:10.572+0000][1][gc,start     ] GC(58) Pause Young (Allocation Failure)
[2020-09-11T14:12:10.572+0000][1][gc,task      ] GC(58) Using 1 workers of 1 for evacuation
[2020-09-11T14:12:10.596+0000][1][gc,age       ] GC(58) Desired survivor size 4358144 bytes, new threshold 6 (max threshold 6)
[2020-09-11T14:12:10.596+0000][1][gc,age       ] GC(58) Age table with threshold 6 (max threshold 6)
[2020-09-11T14:12:10.596+0000][1][gc,age       ] GC(58) - age   1:      62072 bytes,      62072 total
[2020-09-11T14:12:10.596+0000][1][gc,age       ] GC(58) - age   2:    1462040 bytes,    1524112 total
[2020-09-11T14:12:10.596+0000][1][gc,age       ] GC(58) - age   3:     301928 bytes,    1826040 total
[2020-09-11T14:12:10.596+0000][1][gc,age       ] GC(58) - age   4:     951640 bytes,    2777680 total
[2020-09-11T14:12:10.596+0000][1][gc,age       ] GC(58) - age   5:     297792 bytes,    3075472 total
[2020-09-11T14:12:10.596+0000][1][gc,age       ] GC(58) - age   6:     297304 bytes,    3372776 total
[2020-09-11T14:12:10.596+0000][1][gc,heap      ] GC(58) ParNew: 71791K->3945K(76672K)
[2020-09-11T14:12:10.596+0000][1][gc,heap      ] GC(58) CMS: 48895K->49261K(439104K)
[2020-09-11T14:12:10.596+0000][1][gc,metaspace ] GC(58) Metaspace: 36230K->36230K(1083392K)
[2020-09-11T14:12:10.596+0000][1][gc           ] GC(58) Pause Young (Allocation Failure) 117M->51M(503M) 24.131ms
[2020-09-11T14:12:10.596+0000][1][gc,cpu       ] GC(58) User=0.01s Sys=0.00s Real=0.03s
[2020-09-11T14:12:10.631+0000][1][safepoint    ] Safepoint "GenCollectForAllocation", Time since last: 672018873 ns, Reaching safepoint: 111118 ns, At safepoint: 59796855 ns, Total: 59907973 ns
[2020-09-11T14:12:10.788+0000][1][safepoint    ] Safepoint "CollectForMetadataAllocation", Time since last: 156086303 ns, Reaching safepoint: 108370 ns, At safepoint: 114790 ns, Total: 223160 ns
[2020-09-11T14:12:11.788+0000][1][safepoint    ] Safepoint "Cleanup", Time since last: 1000101669 ns, Reaching safepoint: 726611 ns, At safepoint: 6312 ns, Total: 732923 ns
[2020-09-11T14:12:11.909+0000][1][safepoint    ] Safepoint "CollectForMetadataAllocation", Time since last: 120755027 ns, Reaching safepoint: 105803 ns, At safepoint: 120068 ns, Total: 225871 ns
[2020-09-11T14:12:11.910+0000][1][gc           ] GC(57) Concurrent Abortable Preclean 1638.896ms
[2020-09-11T14:12:11.910+0000][1][gc,cpu       ] GC(57) User=0.52s Sys=0.02s Real=1.64s
[2020-09-11T14:12:11.910+0000][1][gc,start     ] GC(57) Pause Remark
[2020-09-11T14:12:11.971+0000][1][gc           ] GC(57) Pause Remark 89M->89M(503M) 61.718ms
[2020-09-11T14:12:11.982+0000][1][gc,cpu       ] GC(57) User=0.02s Sys=0.00s Real=0.07s
[2020-09-11T14:12:12.011+0000][1][safepoint    ] Safepoint "CMS_Final_Remark", Time since last: 100072 ns, Reaching safepoint: 78326 ns, At safepoint: 101777865 ns, Total: 101856191 ns
[2020-09-11T14:12:12.011+0000][1][gc           ] GC(57) Concurrent Sweep
[2020-09-11T14:12:12.106+0000][1][gc           ] GC(57) Concurrent Sweep 94.665ms
[2020-09-11T14:12:12.106+0000][1][gc,cpu       ] GC(57) User=0.04s Sys=0.00s Real=0.10s
[2020-09-11T14:12:12.106+0000][1][gc           ] GC(57) Concurrent Reset
[2020-09-11T14:12:12.107+0000][1][gc           ] GC(57) Concurrent Reset 0.618ms
[2020-09-11T14:12:12.107+0000][1][gc,cpu       ] GC(57) User=0.00s Sys=0.00s Real=0.00s
[2020-09-11T14:12:12.107+0000][1][gc,heap      ] GC(57) Old: 48895K->48179K(439104K)
[2020-09-11T14:12:13.028+0000][1][safepoint    ] Safepoint "Cleanup", Time since last: 1012102341 ns, Reaching safepoint: 4299062 ns, At safepoint: 10539 ns, Total: 4309601 ns
[2020-09-11T14:12:14.036+0000][1][safepoint    ] Safepoint "Cleanup", Time since last: 1007588412 ns, Reaching safepoint: 127466 ns, At safepoint: 6309 ns, Total: 133775 ns
[2020-09-11T14:12:14.372+0000][1][gc,start     ] GC(59) Pause Young (Allocation Failure)
[2020-09-11T14:12:14.372+0000][1][gc,task      ] GC(59) Using 1 workers of 1 for evacuation
[2020-09-11T14:12:14.439+0000][1][gc,age       ] GC(59) Desired survivor size 4358144 bytes, new threshold 4 (max threshold 6)
[2020-09-11T14:12:14.439+0000][1][gc,age       ] GC(59) Age table with threshold 4 (max threshold 6)
[2020-09-11T14:12:14.439+0000][1][gc,age       ] GC(59) - age   1:    2682880 bytes,    2682880 total
[2020-09-11T14:12:14.439+0000][1][gc,age       ] GC(59) - age   2:      59872 bytes,    2742752 total
[2020-09-11T14:12:14.439+0000][1][gc,age       ] GC(59) - age   3:    1415968 bytes,    4158720 total
[2020-09-11T14:12:14.439+0000][1][gc,age       ] GC(59) - age   4:     301928 bytes,    4460648 total
[2020-09-11T14:12:14.439+0000][1][gc,age       ] GC(59) - age   5:     951640 bytes,    5412288 total
[2020-09-11T14:12:14.439+0000][1][gc,age       ] GC(59) - age   6:     297792 bytes,    5710080 total
[2020-09-11T14:12:14.439+0000][1][gc,heap      ] GC(59) ParNew: 72105K->6717K(76672K)
[2020-09-11T14:12:14.439+0000][1][gc,heap      ] GC(59) CMS: 48179K->48469K(439104K)
[2020-09-11T14:12:14.439+0000][1][gc,metaspace ] GC(59) Metaspace: 42134K->42134K(1087488K)
[2020-09-11T14:12:14.439+0000][1][gc           ] GC(59) Pause Young (Allocation Failure) 117M->53M(503M) 67.358ms
[2020-09-11T14:12:14.439+0000][1][gc,cpu       ] GC(59) User=0.02s Sys=0.00s Real=0.07s
[2020-09-11T14:12:14.467+0000][1][safepoint    ] Safepoint "GenCollectForAllocation", Time since last: 335877738 ns, Reaching safepoint: 100060 ns, At safepoint: 95909767 ns, Total: 96009827 ns
[2020-09-11T14:12:15.482+0000][1][safepoint    ] Safepoint "Cleanup", Time since last: 1011978604 ns, Reaching safepoint: 2918882 ns, At safepoint: 7569 ns, Total: 2926451 ns
[2020-09-11T14:12:16.008+0000][1][safepoint    ] Safepoint "RevokeBias", Time since last: 525376884 ns, Reaching safepoint: 108183 ns, At safepoint: 34698 ns, Total: 142881 ns
[2020-09-11T14:12:16.008+0000][1][safepoint    ] Safepoint "RevokeBias", Time since last: 78516 ns, Reaching safepoint: 88114 ns, At safepoint: 25014 ns, Total: 113128 ns
[2020-09-11T14:12:16.008+0000][1][safepoint    ] Safepoint "RevokeBias", Time since last: 101130 ns, Reaching safepoint: 85541 ns, At safepoint: 24551 ns, Total: 110092 ns
[2020-09-11T14:12:17.012+0000][1][safepoint    ] Safepoint "Cleanup", Time since last: 1003167975 ns, Reaching safepoint: 115424 ns, At safepoint: 6061 ns, Total: 121485 ns
[2020-09-11T14:12:20.033+0000][1][safepoint    ] Safepoint "Cleanup", Time since last: 3011873321 ns, Reaching safepoint: 9102410 ns, At safepoint: 10478 ns, Total: 9112888 ns
[2020-09-11T14:12:20.999+0000][1][safepoint    ] Safepoint "RevokeBias", Time since last: 965064434 ns, Reaching safepoint: 1826473 ns, At safepoint: 49833 ns, Total: 1876306 ns
[2020-09-11T14:12:21.000+0000][1][safepoint    ] Safepoint "RevokeBias", Time since last: 100280 ns, Reaching safepoint: 92618 ns, At safepoint: 36460 ns, Total: 129078 ns
[2020-09-11T14:12:21.000+0000][1][safepoint    ] Safepoint "RevokeBias", Time since last: 41242 ns, Reaching safepoint: 88703 ns, At safepoint: 34364 ns, Total: 123067 ns
[2020-09-11T14:12:21.000+0000][1][safepoint    ] Safepoint "RevokeBias", Time since last: 34053 ns, Reaching safepoint: 86270 ns, At safepoint: 36302 ns, Total: 122572 ns
[2020-09-11T14:12:21.000+0000][1][safepoint    ] Safepoint "RevokeBias", Time since last: 33078 ns, Reaching safepoint: 85087 ns, At safepoint: 33497 ns, Total: 118584 ns
[2020-09-11T14:12:21.000+0000][1][safepoint    ] Safepoint "RevokeBias", Time since last: 31635 ns, Reaching safepoint: 84269 ns, At safepoint: 31051 ns, Total: 115320 ns
[2020-09-11T14:12:21.000+0000][1][safepoint    ] Safepoint "RevokeBias", Time since last: 30822 ns, Reaching safepoint: 83943 ns, At safepoint: 30693 ns, Total: 114636 ns
[2020-09-11T14:12:21.001+0000][1][safepoint    ] Safepoint "RevokeBias", Time since last: 43851 ns, Reaching safepoint: 86991 ns, At safepoint: 43258 ns, Total: 130249 ns
[2020-09-11T14:12:21.001+0000][1][safepoint    ] Safepoint "RevokeBias", Time since last: 29975 ns, Reaching safepoint: 83156 ns, At safepoint: 33007 ns, Total: 116163 ns
[2020-09-11T14:12:21.003+0000][1][safepoint    ] Safepoint "RevokeBias", Time since last: 29490 ns, Reaching safepoint: 2599560 ns, At safepoint: 36720 ns, Total: 2636280 ns
[2020-09-11T14:12:21.004+0000][1][safepoint    ] Safepoint "RevokeBias", Time since last: 52541 ns, Reaching safepoint: 742840 ns, At safepoint: 36219 ns, Total: 779059 ns
[2020-09-11T14:12:21.004+0000][1][safepoint    ] Safepoint "RevokeBias", Time since last: 42801 ns, Reaching safepoint: 84738 ns, At safepoint: 33781 ns, Total: 118519 ns
[2020-09-11T14:12:21.005+0000][1][safepoint    ] Safepoint "RevokeBias", Time since last: 32087 ns, Reaching safepoint: 83382 ns, At safepoint: 32866 ns, Total: 116248 ns
[2020-09-11T14:12:21.005+0000][1][safepoint    ] Safepoint "RevokeBias", Time since last: 93815 ns, Reaching safepoint: 85104 ns, At safepoint: 32837 ns, Total: 117941 ns
[2020-09-11T14:12:21.005+0000][1][safepoint    ] Safepoint "RevokeBias", Time since last: 37960 ns, Reaching safepoint: 85092 ns, At safepoint: 40714 ns, Total: 125806 ns
[2020-09-11T14:12:21.005+0000][1][safepoint    ] Safepoint "BulkRevokeBias", Time since last: 91400 ns, Reaching safepoint: 84001 ns, At safepoint: 74757 ns, Total: 158758 ns
[2020-09-11T14:12:22.572+0000][1][safepoint    ] Safepoint "Cleanup", Time since last: 1566217027 ns, Reaching safepoint: 162774 ns, At safepoint: 8519 ns, Total: 171293 ns
[2020-09-11T14:12:23.576+0000][1][safepoint    ] Safepoint "Cleanup", Time since last: 1003826018 ns, Reaching safepoint: 138266 ns, At safepoint: 6071 ns, Total: 144337 ns
[2020-09-11T14:12:23.728+0000][1][gc,start     ] GC(60) Pause Young (Allocation Failure)
[2020-09-11T14:12:23.728+0000][1][gc,task      ] GC(60) Using 1 workers of 1 for evacuation
[2020-09-11T14:12:23.835+0000][1][gc,age       ] GC(60) Desired survivor size 4358144 bytes, new threshold 2 (max threshold 6)
[2020-09-11T14:12:23.835+0000][1][gc,age       ] GC(60) Age table with threshold 2 (max threshold 6)
[2020-09-11T14:12:23.835+0000][1][gc,age       ] GC(60) - age   1:    2702472 bytes,    2702472 total
[2020-09-11T14:12:23.835+0000][1][gc,age       ] GC(60) - age   2:    2612448 bytes,    5314920 total
[2020-09-11T14:12:23.835+0000][1][gc,age       ] GC(60) - age   3:      59872 bytes,    5374792 total
[2020-09-11T14:12:23.835+0000][1][gc,age       ] GC(60) - age   4:    1410728 bytes,    6785520 total
[2020-09-11T14:12:23.835+0000][1][gc,heap      ] GC(60) ParNew: 74877K->8512K(76672K)
[2020-09-11T14:12:23.835+0000][1][gc,heap      ] GC(60) CMS: 48469K->49984K(439104K)
[2020-09-11T14:12:23.835+0000][1][gc,metaspace ] GC(60) Metaspace: 47633K->47633K(1093632K)
[2020-09-11T14:12:23.835+0000][1][gc           ] GC(60) Pause Young (Allocation Failure) 120M->57M(503M) 107.256ms
[2020-09-11T14:12:23.835+0000][1][gc,cpu       ] GC(60) User=0.04s Sys=0.00s Real=0.10s
[2020-09-11T14:12:23.835+0000][1][safepoint    ] Safepoint "GenCollectForAllocation", Time since last: 151159091 ns, Reaching safepoint: 764235 ns, At safepoint: 107322342 ns, Total: 108086577 ns
[2020-09-11T14:12:24.140+0000][1][safepoint    ] Safepoint "RevokeBias", Time since last: 305513303 ns, Reaching safepoint: 108134 ns, At safepoint: 34221 ns, Total: 142355 ns
[2020-09-11T14:12:24.162+0000][1][safepoint    ] Safepoint "RevokeBias", Time since last: 21261778 ns, Reaching safepoint: 108050 ns, At safepoint: 38567 ns, Total: 146617 ns
[2020-09-11T14:12:25.036+0000][1][safepoint    ] Safepoint "RevokeBias", Time since last: 861817869 ns, Reaching safepoint: 11991003 ns, At safepoint: 29918 ns, Total: 12020921 ns
[2020-09-11T14:12:25.036+0000][1][safepoint    ] Safepoint "RevokeBias", Time since last: 203429 ns, Reaching safepoint: 83606 ns, At safepoint: 17710 ns, Total: 101316 ns
[2020-09-11T14:12:25.036+0000][1][safepoint    ] Safepoint "RevokeBias", Time since last: 42893 ns, Reaching safepoint: 80068 ns, At safepoint: 15534 ns, Total: 95602 ns
[2020-09-11T14:12:25.266+0000][1][safepoint    ] Safepoint "RevokeBias", Time since last: 218631816 ns, Reaching safepoint: 10753144 ns, At safepoint: 35747 ns, Total: 10788891 ns
[2020-09-11T14:12:25.268+0000][1][safepoint    ] Safepoint "RevokeBias", Time since last: 1902618 ns, Reaching safepoint: 88951 ns, At safepoint: 26425 ns, Total: 115376 ns
[2020-09-11T14:12:25.268+0000][1][safepoint    ] Safepoint "RevokeBias", Time since last: 108020 ns, Reaching safepoint: 81875 ns, At safepoint: 20354 ns, Total: 102229 ns
[2020-09-11T14:12:25.272+0000][1][safepoint    ] Safepoint "RevokeBias", Time since last: 3656040 ns, Reaching safepoint: 111507 ns, At safepoint: 51439 ns, Total: 162946 ns
[2020-09-11T14:12:25.273+0000][1][safepoint    ] Safepoint "RevokeBias", Time since last: 943396 ns, Reaching safepoint: 87446 ns, At safepoint: 28316 ns, Total: 115762 ns
[2020-09-11T14:12:25.280+0000][1][safepoint    ] Safepoint "RevokeBias", Time since last: 6702118 ns, Reaching safepoint: 106681 ns, At safepoint: 35626 ns, Total: 142307 ns
[2020-09-11T14:12:25.284+0000][1][safepoint    ] Safepoint "RevokeBias", Time since last: 3869240 ns, Reaching safepoint: 101551 ns, At safepoint: 27404 ns, Total: 128955 ns
[2020-09-11T14:12:25.284+0000][1][safepoint    ] Safepoint "RevokeBias", Time since last: 105502 ns, Reaching safepoint: 87792 ns, At safepoint: 20956 ns, Total: 108748 ns
[2020-09-11T14:12:25.311+0000][1][safepoint    ] Safepoint "RevokeBias", Time since last: 11703496 ns, Reaching safepoint: 15962370 ns, At safepoint: 57266 ns, Total: 16019636 ns
[2020-09-11T14:12:25.312+0000][1][safepoint    ] Safepoint "RevokeBias", Time since last: 83340 ns, Reaching safepoint: 85191 ns, At safepoint: 32285 ns, Total: 117476 ns
[2020-09-11T14:12:25.312+0000][1][safepoint    ] Safepoint "RevokeBias", Time since last: 30209 ns, Reaching safepoint: 81151 ns, At safepoint: 29752 ns, Total: 110903 ns
[2020-09-11T14:12:25.312+0000][1][safepoint    ] Safepoint "RevokeBias", Time since last: 28543 ns, Reaching safepoint: 80648 ns, At safepoint: 29226 ns, Total: 109874 ns
[2020-09-11T14:12:25.312+0000][1][safepoint    ] Safepoint "RevokeBias", Time since last: 27970 ns, Reaching safepoint: 80841 ns, At safepoint: 29300 ns, Total: 110141 ns
[2020-09-11T14:12:25.312+0000][1][safepoint    ] Safepoint "RevokeBias", Time since last: 27456 ns, Reaching safepoint: 80592 ns, At safepoint: 28960 ns, Total: 109552 ns
[2020-09-11T14:12:25.312+0000][1][safepoint    ] Safepoint "RevokeBias", Time since last: 30017 ns, Reaching safepoint: 80373 ns, At safepoint: 29351 ns, Total: 109724 ns
[2020-09-11T14:12:25.313+0000][1][safepoint    ] Safepoint "BulkRevokeBias", Time since last: 27378 ns, Reaching safepoint: 80509 ns, At safepoint: 71637 ns, Total: 152146 ns
[2020-09-11T14:12:25.329+0000][1][safepoint    ] Safepoint "RevokeBias", Time since last: 14885958 ns, Reaching safepoint: 1053615 ns, At safepoint: 28718 ns, Total: 1082333 ns
[2020-09-11T14:12:25.329+0000][1][safepoint    ] Safepoint "RevokeBias", Time since last: 63038 ns, Reaching safepoint: 82721 ns, At safepoint: 21933 ns, Total: 104654 ns
[2020-09-11T14:12:25.329+0000][1][safepoint    ] Safepoint "RevokeBias", Time since last: 74528 ns, Reaching safepoint: 84491 ns, At safepoint: 19811 ns, Total: 104302 ns
[2020-09-11T14:12:25.329+0000][1][safepoint    ] Safepoint "RevokeBias", Time since last: 40198 ns, Reaching safepoint: 84037 ns, At safepoint: 18523 ns, Total: 102560 ns
[2020-09-11T14:12:25.364+0000][1][safepoint    ] Safepoint "RevokeBias", Time since last: 26420547 ns, Reaching safepoint: 8035754 ns, At safepoint: 55219 ns, Total: 8090973 ns
[2020-09-11T14:12:25.364+0000][1][safepoint    ] Safepoint "RevokeBias", Time since last: 182322 ns, Reaching safepoint: 88880 ns, At safepoint: 26610 ns, Total: 115490 ns
[2020-09-11T14:12:25.364+0000][1][safepoint    ] Safepoint "RevokeBias", Time since last: 31321 ns, Reaching safepoint: 80816 ns, At safepoint: 21569 ns, Total: 102385 ns
[2020-09-11T14:12:25.364+0000][1][safepoint    ] Safepoint "RevokeBias", Time since last: 29227 ns, Reaching safepoint: 80100 ns, At safepoint: 20348 ns, Total: 100448 ns
[2020-09-11T14:12:25.364+0000][1][safepoint    ] Safepoint "RevokeBias", Time since last: 28047 ns, Reaching safepoint: 81402 ns, At safepoint: 21380 ns, Total: 102782 ns
[2020-09-11T14:12:25.364+0000][1][safepoint    ] Safepoint "RevokeBias", Time since last: 27349 ns, Reaching safepoint: 80930 ns, At safepoint: 21586 ns, Total: 102516 ns
[2020-09-11T14:12:25.364+0000][1][safepoint    ] Safepoint "RevokeBias", Time since last: 27530 ns, Reaching safepoint: 80161 ns, At safepoint: 20869 ns, Total: 101030 ns
[2020-09-11T14:12:25.365+0000][1][safepoint    ] Safepoint "RevokeBias", Time since last: 26985 ns, Reaching safepoint: 81134 ns, At safepoint: 26211 ns, Total: 107345 ns
[2020-09-11T14:12:25.365+0000][1][safepoint    ] Safepoint "RevokeBias", Time since last: 29263 ns, Reaching safepoint: 81117 ns, At safepoint: 21394 ns, Total: 102511 ns
[2020-09-11T14:12:25.365+0000][1][safepoint    ] Safepoint "RevokeBias", Time since last: 27687 ns, Reaching safepoint: 80587 ns, At safepoint: 20725 ns, Total: 101312 ns
[2020-09-11T14:12:25.368+0000][1][safepoint    ] Safepoint "RevokeBias", Time since last: 2534830 ns, Reaching safepoint: 82453 ns, At safepoint: 21725 ns, Total: 104178 ns
[2020-09-11T14:12:25.368+0000][1][safepoint    ] Safepoint "RevokeBias", Time since last: 28593 ns, Reaching safepoint: 81028 ns, At safepoint: 24549 ns, Total: 105577 ns
[2020-09-11T14:12:25.368+0000][1][safepoint    ] Safepoint "RevokeBias", Time since last: 26999 ns, Reaching safepoint: 81166 ns, At safepoint: 26385 ns, Total: 107551 ns
[2020-09-11T14:12:25.368+0000][1][safepoint    ] Safepoint "RevokeBias", Time since last: 26913 ns, Reaching safepoint: 81183 ns, At safepoint: 24781 ns, Total: 105964 ns
[2020-09-11T14:12:25.368+0000][1][safepoint    ] Safepoint "RevokeBias", Time since last: 26905 ns, Reaching safepoint: 80819 ns, At safepoint: 23823 ns, Total: 104642 ns
[2020-09-11T14:12:25.368+0000][1][safepoint    ] Safepoint "RevokeBias", Time since last: 26891 ns, Reaching safepoint: 80444 ns, At safepoint: 24012 ns, Total: 104456 ns
[2020-09-11T14:12:25.368+0000][1][safepoint    ] Safepoint "RevokeBias", Time since last: 26783 ns, Reaching safepoint: 80556 ns, At safepoint: 23190 ns, Total: 103746 ns
[2020-09-11T14:12:25.368+0000][1][safepoint    ] Safepoint "RevokeBias", Time since last: 26803 ns, Reaching safepoint: 73297 ns, At safepoint: 22464 ns, Total: 95761 ns
[2020-09-11T14:12:25.369+0000][1][safepoint    ] Safepoint "BulkRevokeBias", Time since last: 104892 ns, Reaching safepoint: 82104 ns, At safepoint: 64188 ns, Total: 146292 ns
[2020-09-11T14:12:25.369+0000][1][safepoint    ] Safepoint "RevokeBias", Time since last: 100528 ns, Reaching safepoint: 81742 ns, At safepoint: 23142 ns, Total: 104884 ns
[2020-09-11T14:12:25.369+0000][1][safepoint    ] Safepoint "RevokeBias", Time since last: 58912 ns, Reaching safepoint: 80528 ns, At safepoint: 18968 ns, Total: 99496 ns
[2020-09-11T14:12:25.369+0000][1][safepoint    ] Safepoint "RevokeBias", Time since last: 69738 ns, Reaching safepoint: 83590 ns, At safepoint: 18854 ns, Total: 102444 ns
[2020-09-11T14:12:25.369+0000][1][safepoint    ] Safepoint "RevokeBias", Time since last: 39164 ns, Reaching safepoint: 83860 ns, At safepoint: 20950 ns, Total: 104810 ns
[2020-09-11T14:12:25.370+0000][1][safepoint    ] Safepoint "RevokeBias", Time since last: 111660 ns, Reaching safepoint: 81182 ns, At safepoint: 20493 ns, Total: 101675 ns
[2020-09-11T14:12:25.371+0000][1][safepoint    ] Safepoint "RevokeBias", Time since last: 250171 ns, Reaching safepoint: 1596010 ns, At safepoint: 28762 ns, Total: 1624772 ns
[2020-09-11T14:12:25.372+0000][1][safepoint    ] Safepoint "RevokeBias", Time since last: 87383 ns, Reaching safepoint: 94652 ns, At safepoint: 21854 ns, Total: 116506 ns
[2020-09-11T14:12:25.372+0000][1][safepoint    ] Safepoint "RevokeBias", Time since last: 133161 ns, Reaching safepoint: 84401 ns, At safepoint: 22196 ns, Total: 106597 ns
[2020-09-11T14:12:25.384+0000][1][safepoint    ] Safepoint "RevokeBias", Time since last: 11522318 ns, Reaching safepoint: 299429 ns, At safepoint: 32779 ns, Total: 332208 ns
[2020-09-11T14:12:25.384+0000][1][safepoint    ] Safepoint "RevokeBias", Time since last: 605266 ns, Reaching safepoint: 86747 ns, At safepoint: 23047 ns, Total: 109794 ns
[2020-09-11T14:12:25.385+0000][1][safepoint    ] Safepoint "RevokeBias", Time since last: 32912 ns, Reaching safepoint: 82216 ns, At safepoint: 26475 ns, Total: 108691 ns
[2020-09-11T14:12:25.385+0000][1][safepoint    ] Safepoint "RevokeBias", Time since last: 254627 ns, Reaching safepoint: 82816 ns, At safepoint: 20585 ns, Total: 103401 ns
[2020-09-11T14:12:25.385+0000][1][safepoint    ] Safepoint "RevokeBias", Time since last: 111783 ns, Reaching safepoint: 82315 ns, At safepoint: 25144 ns, Total: 107459 ns
[2020-09-11T14:12:25.386+0000][1][safepoint    ] Safepoint "RevokeBias", Time since last: 356374 ns, Reaching safepoint: 83411 ns, At safepoint: 24490 ns, Total: 107901 ns
[2020-09-11T14:12:25.392+0000][1][safepoint    ] Safepoint "RevokeBias", Time since last: 6440788 ns, Reaching safepoint: 106399 ns, At safepoint: 34059 ns, Total: 140458 ns
[2020-09-11T14:12:25.392+0000][1][safepoint    ] Safepoint "RevokeBias", Time since last: 105678 ns, Reaching safepoint: 83204 ns, At safepoint: 22681 ns, Total: 105885 ns
[2020-09-11T14:12:25.393+0000][1][safepoint    ] Safepoint "BulkRevokeBias", Time since last: 210494 ns, Reaching safepoint: 83369 ns, At safepoint: 61000 ns, Total: 144369 ns
[2020-09-11T14:12:25.422+0000][1][safepoint    ] Safepoint "RevokeBias", Time since last: 28912777 ns, Reaching safepoint: 122763 ns, At safepoint: 31257 ns, Total: 154020 ns
[2020-09-11T14:12:25.423+0000][1][safepoint    ] Safepoint "RevokeBias", Time since last: 977251 ns, Reaching safepoint: 84762 ns, At safepoint: 20571 ns, Total: 105333 ns
[2020-09-11T14:12:25.447+0000][1][safepoint    ] Safepoint "RevokeBias", Time since last: 12760285 ns, Reaching safepoint: 11741797 ns, At safepoint: 48202 ns, Total: 11789999 ns
[2020-09-11T14:12:25.448+0000][1][safepoint    ] Safepoint "RevokeBias", Time since last: 72383 ns, Reaching safepoint: 97254 ns, At safepoint: 35822 ns, Total: 133076 ns
[2020-09-11T14:12:25.896+0000][1][safepoint    ] Safepoint "RevokeBias", Time since last: 448190173 ns, Reaching safepoint: 121278 ns, At safepoint: 14643 ns, Total: 135921 ns
[2020-09-11T14:12:25.896+0000][1][safepoint    ] Safepoint "RevokeBias", Time since last: 159546 ns, Reaching safepoint: 82366 ns, At safepoint: 8896 ns, Total: 91262 ns
[2020-09-11T14:12:25.897+0000][1][safepoint    ] Safepoint "RevokeBias", Time since last: 191975 ns, Reaching safepoint: 82359 ns, At safepoint: 8471 ns, Total: 90830 ns
[2020-09-11T14:12:26.588+0000][1][gc,start     ] GC(61) Pause Young (Allocation Failure)
[2020-09-11T14:12:26.588+0000][1][gc,task      ] GC(61) Using 1 workers of 1 for evacuation
[2020-09-11T14:12:26.798+0000][1][gc,age       ] GC(61) Desired survivor size 4358144 bytes, new threshold 2 (max threshold 6)
[2020-09-11T14:12:26.798+0000][1][gc,age       ] GC(61) Age table with threshold 2 (max threshold 6)
[2020-09-11T14:12:26.798+0000][1][gc,age       ] GC(61) - age   1:    2220736 bytes,    2220736 total
[2020-09-11T14:12:26.798+0000][1][gc,age       ] GC(61) - age   2:    2628520 bytes,    4849256 total
[2020-09-11T14:12:26.798+0000][1][gc,heap      ] GC(61) ParNew: 76672K->6155K(76672K)
[2020-09-11T14:12:26.798+0000][1][gc,heap      ] GC(61) CMS: 49984K->54032K(439104K)
[2020-09-11T14:12:26.798+0000][1][gc,metaspace ] GC(61) Metaspace: 52547K->52547K(1097728K)
[2020-09-11T14:12:26.798+0000][1][gc           ] GC(61) Pause Young (Allocation Failure) 123M->58M(503M) 210.349ms
[2020-09-11T14:12:26.798+0000][1][gc,cpu       ] GC(61) User=0.07s Sys=0.00s Real=0.21s
[2020-09-11T14:12:26.807+0000][1][safepoint    ] Safepoint "GenCollectForAllocation", Time since last: 690939243 ns, Reaching safepoint: 109843 ns, At safepoint: 219803775 ns, Total: 219913618 ns
[2020-09-11T14:12:28.073+0000][1][safepoint    ] Safepoint "RevokeBias", Time since last: 1264674676 ns, Reaching safepoint: 465149 ns, At safepoint: 16060 ns, Total: 481209 ns
[2020-09-11T14:12:29.073+0000][1][safepoint    ] Safepoint "Cleanup", Time since last: 1000224337 ns, Reaching safepoint: 130371 ns, At safepoint: 7187 ns, Total: 137558 ns
[2020-09-11T14:12:30.078+0000][1][safepoint    ] Safepoint "Cleanup", Time since last: 1004579273 ns, Reaching safepoint: 464743 ns, At safepoint: 9896 ns, Total: 474639 ns
[2020-09-11T14:12:30.460+0000][1][gc,start     ] GC(62) Pause Young (Allocation Failure)
[2020-09-11T14:12:30.460+0000][1][gc,task      ] GC(62) Using 1 workers of 1 for evacuation
[2020-09-11T14:12:30.525+0000][1][gc,age       ] GC(62) Desired survivor size 4358144 bytes, new threshold 6 (max threshold 6)
[2020-09-11T14:12:30.525+0000][1][gc,age       ] GC(62) Age table with threshold 6 (max threshold 6)
[2020-09-11T14:12:30.525+0000][1][gc,age       ] GC(62) - age   1:    1708632 bytes,    1708632 total
[2020-09-11T14:12:30.525+0000][1][gc,age       ] GC(62) - age   2:    2184968 bytes,    3893600 total
[2020-09-11T14:12:30.525+0000][1][gc,heap      ] GC(62) ParNew: 74315K->5090K(76672K)
[2020-09-11T14:12:30.525+0000][1][gc,heap      ] GC(62) CMS: 54032K->56709K(439104K)
[2020-09-11T14:12:30.525+0000][1][gc,metaspace ] GC(62) Metaspace: 60318K->60318K(1103872K)
[2020-09-11T14:12:30.525+0000][1][gc           ] GC(62) Pause Young (Allocation Failure) 125M->60M(503M) 65.070ms
[2020-09-11T14:12:30.525+0000][1][gc,cpu       ] GC(62) User=0.03s Sys=0.00s Real=0.07s
[2020-09-11T14:12:30.542+0000][1][safepoint    ] Safepoint "GenCollectForAllocation", Time since last: 377451005 ns, Reaching safepoint: 4879863 ns, At safepoint: 81996597 ns, Total: 86876460 ns
[2020-09-11T14:12:30.840+0000][1][safepoint    ] Safepoint "CollectForMetadataAllocation", Time since last: 293113291 ns, Reaching safepoint: 4021910 ns, At safepoint: 145290 ns, Total: 4167200 ns
[2020-09-11T14:12:31.014+0000][1][safepoint    ] Safepoint "CollectForMetadataAllocation", Time since last: 172310631 ns, Reaching safepoint: 1623374 ns, At safepoint: 152656 ns, Total: 1776030 ns
[2020-09-11T14:12:31.135+0000][1][safepoint    ] Safepoint "RevokeBias", Time since last: 119548187 ns, Reaching safepoint: 2233720 ns, At safepoint: 39931 ns, Total: 2273651 ns
[2020-09-11T14:12:31.136+0000][1][safepoint    ] Safepoint "RevokeBias", Time since last: 128139 ns, Reaching safepoint: 86236 ns, At safepoint: 22666 ns, Total: 108902 ns
[2020-09-11T14:12:31.139+0000][1][safepoint    ] Safepoint "RevokeBias", Time since last: 119164 ns, Reaching safepoint: 3594545 ns, At safepoint: 39775 ns, Total: 3634320 ns
[2020-09-11T14:12:31.147+0000][1][safepoint    ] Safepoint "RevokeBias", Time since last: 3939620 ns, Reaching safepoint: 3992687 ns, At safepoint: 31489 ns, Total: 4024176 ns
[2020-09-11T14:12:31.280+0000][1][safepoint    ] Safepoint "CollectForMetadataAllocation", Time since last: 130072383 ns, Reaching safepoint: 1902166 ns, At safepoint: 123036 ns, Total: 2025202 ns
[2020-09-11T14:12:31.448+0000][1][safepoint    ] Safepoint "CollectForMetadataAllocation", Time since last: 164090438 ns, Reaching safepoint: 3802748 ns, At safepoint: 141488 ns, Total: 3944236 ns
[2020-09-11T14:12:31.824+0000][1][safepoint    ] Safepoint "CollectForMetadataAllocation", Time since last: 375849178 ns, Reaching safepoint: 126641 ns, At safepoint: 85847 ns, Total: 212488 ns
[2020-09-11T14:12:32.080+0000][1][safepoint    ] Safepoint "CollectForMetadataAllocation", Time since last: 256577417 ns, Reaching safepoint: 114630 ns, At safepoint: 116777 ns, Total: 231407 ns
[2020-09-11T14:12:32.188+0000][1][safepoint    ] Safepoint "RevokeBias", Time since last: 106960284 ns, Reaching safepoint: 106798 ns, At safepoint: 14985 ns, Total: 121783 ns
[2020-09-11T14:12:32.477+0000][1][safepoint    ] Safepoint "CollectForMetadataAllocation", Time since last: 288948934 ns, Reaching safepoint: 112918 ns, At safepoint: 141283 ns, Total: 254201 ns
[2020-09-11T14:12:32.552+0000][1][gc,start     ] GC(63) Pause Initial Mark
[2020-09-11T14:12:32.620+0000][1][gc           ] GC(63) Pause Initial Mark 91M->91M(503M) 68.868ms
[2020-09-11T14:12:32.621+0000][1][gc,cpu       ] GC(63) User=0.03s Sys=0.00s Real=0.07s
[2020-09-11T14:12:32.643+0000][1][safepoint    ] Safepoint "CMS_Initial_Mark", Time since last: 74740713 ns, Reaching safepoint: 116347 ns, At safepoint: 91815636 ns, Total: 91931983 ns
[2020-09-11T14:12:32.643+0000][1][gc           ] GC(63) Concurrent Mark
[2020-09-11T14:12:32.781+0000][1][safepoint    ] Safepoint "Deoptimize", Time since last: 131458317 ns, Reaching safepoint: 4281270 ns, At safepoint: 1411402 ns, Total: 5692672 ns
[2020-09-11T14:12:32.960+0000][1][safepoint    ] Safepoint "CollectForMetadataAllocation", Time since last: 170163427 ns, Reaching safepoint: 8804897 ns, At safepoint: 131083 ns, Total: 8935980 ns
[2020-09-11T14:12:33.117+0000][1][gc           ] GC(63) Concurrent Mark 473.174ms
[2020-09-11T14:12:33.117+0000][1][gc,cpu       ] GC(63) User=0.16s Sys=0.00s Real=0.47s
[2020-09-11T14:12:33.117+0000][1][gc           ] GC(63) Concurrent Preclean
[2020-09-11T14:12:33.118+0000][1][gc           ] GC(63) Concurrent Preclean 1.625ms
[2020-09-11T14:12:33.118+0000][1][gc,cpu       ] GC(63) User=0.00s Sys=0.00s Real=0.00s
[2020-09-11T14:12:33.118+0000][1][gc           ] GC(63) Concurrent Abortable Preclean
[2020-09-11T14:12:33.472+0000][1][safepoint    ] Safepoint "CollectForMetadataAllocation", Time since last: 511773937 ns, Reaching safepoint: 72848 ns, At safepoint: 123859 ns, Total: 196707 ns
[2020-09-11T14:12:33.840+0000][1][safepoint    ] Safepoint "RevokeBias", Time since last: 367807261 ns, Reaching safepoint: 72023 ns, At safepoint: 13673 ns, Total: 85696 ns
[2020-09-11T14:12:33.840+0000][1][safepoint    ] Safepoint "RevokeBias", Time since last: 217765 ns, Reaching safepoint: 84014 ns, At safepoint: 19160 ns, Total: 103174 ns
[2020-09-11T14:12:33.840+0000][1][safepoint    ] Safepoint "RevokeBias", Time since last: 123529 ns, Reaching safepoint: 13372 ns, At safepoint: 5396 ns, Total: 18768 ns
[2020-09-11T14:12:33.840+0000][1][safepoint    ] Safepoint "RevokeBias", Time since last: 104675 ns, Reaching safepoint: 12009 ns, At safepoint: 5341 ns, Total: 17350 ns
[2020-09-11T14:12:33.840+0000][1][safepoint    ] Safepoint "RevokeBias", Time since last: 31619 ns, Reaching safepoint: 10941 ns, At safepoint: 5939 ns, Total: 16880 ns
[2020-09-11T14:12:33.847+0000][1][safepoint    ] Safepoint "RevokeBias", Time since last: 7242593 ns, Reaching safepoint: 40008 ns, At safepoint: 12768 ns, Total: 52776 ns
[2020-09-11T14:12:33.848+0000][1][safepoint    ] Safepoint "RevokeBias", Time since last: 65692 ns, Reaching safepoint: 12189 ns, At safepoint: 6954 ns, Total: 19143 ns
[2020-09-11T14:12:33.848+0000][1][safepoint    ] Safepoint "RevokeBias", Time since last: 38206 ns, Reaching safepoint: 11244 ns, At safepoint: 4789 ns, Total: 16033 ns
[2020-09-11T14:12:34.106+0000][1][safepoint    ] Safepoint "CollectForMetadataAllocation", Time since last: 257895981 ns, Reaching safepoint: 64027 ns, At safepoint: 89583 ns, Total: 153610 ns
[2020-09-11T14:12:34.480+0000][1][safepoint    ] Safepoint "BulkRevokeBias", Time since last: 367462574 ns, Reaching safepoint: 6352403 ns, At safepoint: 94719 ns, Total: 6447122 ns
[2020-09-11T14:12:34.518+0000][1][safepoint    ] Safepoint "CollectForMetadataAllocation", Time since last: 38268383 ns, Reaching safepoint: 81217 ns, At safepoint: 169683 ns, Total: 250900 ns
[2020-09-11T14:12:34.518+0000][1][safepoint    ] Safepoint "RevokeBias", Time since last: 68325 ns, Reaching safepoint: 16852 ns, At safepoint: 21524 ns, Total: 38376 ns
[2020-09-11T14:12:34.518+0000][1][safepoint    ] Safepoint "RevokeBias", Time since last: 189130 ns, Reaching safepoint: 16508 ns, At safepoint: 19787 ns, Total: 36295 ns
[2020-09-11T14:12:34.982+0000][1][safepoint    ] Safepoint "CollectForMetadataAllocation", Time since last: 463566805 ns, Reaching safepoint: 110247 ns, At safepoint: 100662 ns, Total: 210909 ns
[2020-09-11T14:12:35.084+0000][1][safepoint    ] Safepoint "CollectForMetadataAllocation", Time since last: 101263811 ns, Reaching safepoint: 112699 ns, At safepoint: 74312 ns, Total: 187011 ns
[2020-09-11T14:12:35.299+0000][1][safepoint    ] Safepoint "CollectForMetadataAllocation", Time since last: 215442366 ns, Reaching safepoint: 108643 ns, At safepoint: 137880 ns, Total: 246523 ns
[2020-09-11T14:12:35.532+0000][1][safepoint    ] Safepoint "CollectForMetadataAllocation", Time since last: 232094336 ns, Reaching safepoint: 537112 ns, At safepoint: 131975 ns, Total: 669087 ns
[2020-09-11T14:12:35.600+0000][1][safepoint    ] Safepoint "RevokeBias", Time since last: 67345684 ns, Reaching safepoint: 114025 ns, At safepoint: 15874 ns, Total: 129899 ns
[2020-09-11T14:12:35.810+0000][1][safepoint    ] Safepoint "CollectForMetadataAllocation", Time since last: 210700906 ns, Reaching safepoint: 105781 ns, At safepoint: 112965 ns, Total: 218746 ns
[2020-09-11T14:12:36.124+0000][1][safepoint    ] Safepoint "CollectForMetadataAllocation", Time since last: 312953726 ns, Reaching safepoint: 58166 ns, At safepoint: 128728 ns, Total: 186894 ns
[2020-09-11T14:12:36.328+0000][1][safepoint    ] Safepoint "CollectForMetadataAllocation", Time since last: 204239659 ns, Reaching safepoint: 105434 ns, At safepoint: 126193 ns, Total: 231627 ns
[2020-09-11T14:12:36.384+0000][1][gc,start     ] GC(64) Pause Young (Allocation Failure)
[2020-09-11T14:12:36.384+0000][1][gc,task      ] GC(64) Using 1 workers of 1 for evacuation
[2020-09-11T14:12:36.517+0000][1][gc,age       ] GC(64) Desired survivor size 4358144 bytes, new threshold 2 (max threshold 6)
[2020-09-11T14:12:36.517+0000][1][gc,age       ] GC(64) Age table with threshold 2 (max threshold 6)
[2020-09-11T14:12:36.517+0000][1][gc,age       ] GC(64) - age   1:    3542744 bytes,    3542744 total
[2020-09-11T14:12:36.517+0000][1][gc,age       ] GC(64) - age   2:    1469800 bytes,    5012544 total
[2020-09-11T14:12:36.517+0000][1][gc,age       ] GC(64) - age   3:    2142392 bytes,    7154936 total
[2020-09-11T14:12:36.517+0000][1][gc,heap      ] GC(64) ParNew: 73250K->8248K(76672K)
[2020-09-11T14:12:36.517+0000][1][gc,heap      ] GC(64) CMS: 56709K->56709K(439104K)
[2020-09-11T14:12:36.517+0000][1][gc,metaspace ] GC(64) Metaspace: 66468K->66468K(1110016K)
[2020-09-11T14:12:36.517+0000][1][gc           ] GC(64) Pause Young (Allocation Failure) 126M->63M(503M) 133.392ms
[2020-09-11T14:12:36.517+0000][1][gc,cpu       ] GC(64) User=0.05s Sys=0.00s Real=0.13s
[2020-09-11T14:12:36.535+0000][1][safepoint    ] Safepoint "GenCollectForAllocation", Time since last: 43349532 ns, Reaching safepoint: 12040934 ns, At safepoint: 151635397 ns, Total: 163676331 ns
[2020-09-11T14:12:36.706+0000][1][safepoint    ] Safepoint "CollectForMetadataAllocation", Time since last: 161367006 ns, Reaching safepoint: 9784535 ns, At safepoint: 120439 ns, Total: 9904974 ns
[2020-09-11T14:12:36.848+0000][1][safepoint    ] Safepoint "CollectForMetadataAllocation", Time since last: 136176685 ns, Reaching safepoint: 4918601 ns, At safepoint: 108851 ns, Total: 5027452 ns
[2020-09-11T14:12:37.140+0000][1][safepoint    ] Safepoint "CollectForMetadataAllocation", Time since last: 281494540 ns, Reaching safepoint: 10395116 ns, At safepoint: 93132 ns, Total: 10488248 ns
[2020-09-11T14:12:37.319+0000][1][safepoint    ] Safepoint "CollectForMetadataAllocation", Time since last: 177823584 ns, Reaching safepoint: 1002277 ns, At safepoint: 131509 ns, Total: 1133786 ns
[2020-09-11T14:12:37.500+0000][1][safepoint    ] Safepoint "CollectForMetadataAllocation", Time since last: 180890033 ns, Reaching safepoint: 68776 ns, At safepoint: 119595 ns, Total: 188371 ns
[2020-09-11T14:12:37.540+0000][1][safepoint    ] Safepoint "CollectForMetadataAllocation", Time since last: 39809544 ns, Reaching safepoint: 60396 ns, At safepoint: 85312 ns, Total: 145708 ns
[2020-09-11T14:12:37.588+0000][1][safepoint    ] Safepoint "Deoptimize", Time since last: 47868621 ns, Reaching safepoint: 65230 ns, At safepoint: 381008 ns, Total: 446238 ns
[2020-09-11T14:12:37.654+0000][1][safepoint    ] Safepoint "Deoptimize", Time since last: 62710080 ns, Reaching safepoint: 2939935 ns, At safepoint: 331794 ns, Total: 3271729 ns
[2020-09-11T14:12:37.688+0000][1][safepoint    ] Safepoint "CollectForMetadataAllocation", Time since last: 33633694 ns, Reaching safepoint: 63057 ns, At safepoint: 128588 ns, Total: 191645 ns
[2020-09-11T14:12:37.924+0000][1][safepoint    ] Safepoint "CollectForMetadataAllocation", Time since last: 219893914 ns, Reaching safepoint: 15907175 ns, At safepoint: 122089 ns, Total: 16029264 ns
[2020-09-11T14:12:38.084+0000][1][safepoint    ] Safepoint "RevokeBias", Time since last: 159812777 ns, Reaching safepoint: 111050 ns, At safepoint: 26229 ns, Total: 137279 ns
[2020-09-11T14:12:38.092+0000][1][safepoint    ] Safepoint "RevokeBias", Time since last: 8302564 ns, Reaching safepoint: 49116 ns, At safepoint: 24883 ns, Total: 73999 ns
[2020-09-11T14:12:38.092+0000][1][safepoint    ] Safepoint "CollectForMetadataAllocation", Time since last: 292803 ns, Reaching safepoint: 10962 ns, At safepoint: 77773 ns, Total: 88735 ns
[2020-09-11T14:12:38.095+0000][1][safepoint    ] Safepoint "RevokeBias", Time since last: 480267 ns, Reaching safepoint: 2154403 ns, At safepoint: 32752 ns, Total: 2187155 ns
[2020-09-11T14:12:38.096+0000][1][safepoint    ] Safepoint "RevokeBias", Time since last: 493716 ns, Reaching safepoint: 15857 ns, At safepoint: 16953 ns, Total: 32810 ns
[2020-09-11T14:12:38.096+0000][1][safepoint    ] Safepoint "RevokeBias", Time since last: 39707 ns, Reaching safepoint: 9594 ns, At safepoint: 13222 ns, Total: 22816 ns
[2020-09-11T14:12:38.096+0000][1][safepoint    ] Safepoint "RevokeBias", Time since last: 32253 ns, Reaching safepoint: 9026 ns, At safepoint: 12721 ns, Total: 21747 ns
[2020-09-11T14:12:38.096+0000][1][safepoint    ] Safepoint "RevokeBias", Time since last: 30353 ns, Reaching safepoint: 8902 ns, At safepoint: 12677 ns, Total: 21579 ns
[2020-09-11T14:12:38.096+0000][1][safepoint    ] Safepoint "RevokeBias", Time since last: 30469 ns, Reaching safepoint: 8956 ns, At safepoint: 12607 ns, Total: 21563 ns
[2020-09-11T14:12:38.096+0000][1][safepoint    ] Safepoint "RevokeBias", Time since last: 32661 ns, Reaching safepoint: 9082 ns, At safepoint: 12608 ns, Total: 21690 ns
[2020-09-11T14:12:38.096+0000][1][safepoint    ] Safepoint "RevokeBias", Time since last: 31500 ns, Reaching safepoint: 9021 ns, At safepoint: 12661 ns, Total: 21682 ns
[2020-09-11T14:12:38.096+0000][1][safepoint    ] Safepoint "RevokeBias", Time since last: 30546 ns, Reaching safepoint: 8977 ns, At safepoint: 12631 ns, Total: 21608 ns
[2020-09-11T14:12:38.123+0000][1][safepoint    ] Safepoint "RevokeBias", Time since last: 19530299 ns, Reaching safepoint: 8025144 ns, At safepoint: 36746 ns, Total: 8061890 ns
[2020-09-11T14:12:38.124+0000][1][safepoint    ] Safepoint "RevokeBias", Time since last: 89394 ns, Reaching safepoint: 95218 ns, At safepoint: 21293 ns, Total: 116511 ns
[2020-09-11T14:12:38.124+0000][1][safepoint    ] Safepoint "RevokeBias", Time since last: 428971 ns, Reaching safepoint: 15859 ns, At safepoint: 19206 ns, Total: 35065 ns
[2020-09-11T14:12:38.124+0000][1][safepoint    ] Safepoint "RevokeBias", Time since last: 201669 ns, Reaching safepoint: 18687 ns, At safepoint: 18154 ns, Total: 36841 ns
[2020-09-11T14:12:38.124+0000][1][safepoint    ] Safepoint "RevokeBias", Time since last: 32850 ns, Reaching safepoint: 15410 ns, At safepoint: 15886 ns, Total: 31296 ns
[2020-09-11T14:12:38.125+0000][1][safepoint    ] Safepoint "RevokeBias", Time since last: 470459 ns, Reaching safepoint: 11973 ns, At safepoint: 16277 ns, Total: 28250 ns
[2020-09-11T14:12:38.131+0000][1][safepoint    ] Safepoint "RevokeBias", Time since last: 5639285 ns, Reaching safepoint: 116188 ns, At safepoint: 27987 ns, Total: 144175 ns
[2020-09-11T14:12:38.131+0000][1][safepoint    ] Safepoint "RevokeBias", Time since last: 123547 ns, Reaching safepoint: 83175 ns, At safepoint: 19329 ns, Total: 102504 ns
[2020-09-11T14:12:38.141+0000][1][safepoint    ] Safepoint "Deoptimize", Time since last: 9107455 ns, Reaching safepoint: 104890 ns, At safepoint: 320686 ns, Total: 425576 ns
[2020-09-11T14:12:38.320+0000][1][safepoint    ] Safepoint "CollectForMetadataAllocation", Time since last: 178921608 ns, Reaching safepoint: 72524 ns, At safepoint: 149893 ns, Total: 222417 ns
[2020-09-11T14:12:38.574+0000][1][gc           ] GC(63) Concurrent Abortable Preclean 5455.758ms
[2020-09-11T14:12:38.574+0000][1][gc,cpu       ] GC(63) User=1.80s Sys=0.01s Real=5.45s
[2020-09-11T14:12:38.592+0000][1][gc,start     ] GC(63) Pause Remark
[2020-09-11T14:12:38.648+0000][1][gc           ] GC(63) Pause Remark 85M->85M(503M) 55.585ms
[2020-09-11T14:12:38.648+0000][1][gc,cpu       ] GC(63) User=0.02s Sys=0.00s Real=0.06s
[2020-09-11T14:12:38.691+0000][1][safepoint    ] Safepoint "CMS_Final_Remark", Time since last: 271784164 ns, Reaching safepoint: 686161 ns, At safepoint: 99291912 ns, Total: 99978073 ns
[2020-09-11T14:12:38.691+0000][1][gc           ] GC(63) Concurrent Sweep
[2020-09-11T14:12:38.793+0000][1][gc           ] GC(63) Concurrent Sweep 101.919ms
[2020-09-11T14:12:38.793+0000][1][gc,cpu       ] GC(63) User=0.04s Sys=0.00s Real=0.10s
[2020-09-11T14:12:38.793+0000][1][gc           ] GC(63) Concurrent Reset
[2020-09-11T14:12:38.794+0000][1][gc           ] GC(63) Concurrent Reset 0.743ms
[2020-09-11T14:12:38.794+0000][1][gc,cpu       ] GC(63) User=0.00s Sys=0.00s Real=0.00s
[2020-09-11T14:12:38.794+0000][1][gc,heap      ] GC(63) Old: 56709K->55779K(439104K)
[2020-09-11T14:12:39.704+0000][1][safepoint    ] Safepoint "Cleanup", Time since last: 1009732780 ns, Reaching safepoint: 2982127 ns, At safepoint: 12296 ns, Total: 2994423 ns
[2020-09-11T14:12:39.928+0000][1][safepoint    ] Safepoint "RevokeBias", Time since last: 209550257 ns, Reaching safepoint: 14487733 ns, At safepoint: 49294 ns, Total: 14537027 ns
[2020-09-11T14:12:39.928+0000][1][safepoint    ] Safepoint "RevokeBias", Time since last: 81149 ns, Reaching safepoint: 122152 ns, At safepoint: 30899 ns, Total: 153051 ns
[2020-09-11T14:12:39.955+0000][1][safepoint    ] Safepoint "RevokeBias", Time since last: 25950476 ns, Reaching safepoint: 292497 ns, At safepoint: 31035 ns, Total: 323532 ns
[2020-09-11T14:12:39.959+0000][1][safepoint    ] Safepoint "RevokeBias", Time since last: 375198 ns, Reaching safepoint: 4341682 ns, At safepoint: 42527 ns, Total: 4384209 ns
[2020-09-11T14:12:39.967+0000][1][safepoint    ] Safepoint "RevokeBias", Time since last: 489698 ns, Reaching safepoint: 6991893 ns, At safepoint: 28914 ns, Total: 7020807 ns
[2020-09-11T14:12:39.967+0000][1][safepoint    ] Safepoint "RevokeBias", Time since last: 74577 ns, Reaching safepoint: 175247 ns, At safepoint: 21512 ns, Total: 196759 ns
[2020-09-11T14:12:39.970+0000][1][safepoint    ] Safepoint "RevokeBias", Time since last: 1967823 ns, Reaching safepoint: 1100237 ns, At safepoint: 24048 ns, Total: 1124285 ns
[2020-09-11T14:12:39.979+0000][1][safepoint    ] Safepoint "RevokeBias", Time since last: 1377935 ns, Reaching safepoint: 7694717 ns, At safepoint: 32419 ns, Total: 7727136 ns
[2020-09-11T14:12:40.009+0000][1][safepoint    ] Safepoint "RevokeBias", Time since last: 28934996 ns, Reaching safepoint: 131661 ns, At safepoint: 21540 ns, Total: 153201 ns
[2020-09-11T14:12:40.012+0000][1][safepoint    ] Safepoint "RevokeBias", Time since last: 2954306 ns, Reaching safepoint: 103420 ns, At safepoint: 14836 ns, Total: 118256 ns
[2020-09-11T14:12:40.024+0000][1][safepoint    ] Safepoint "RevokeBias", Time since last: 3876733 ns, Reaching safepoint: 7973387 ns, At safepoint: 36554 ns, Total: 8009941 ns
[2020-09-11T14:12:40.024+0000][1][safepoint    ] Safepoint "RevokeBias", Time since last: 490291 ns, Reaching safepoint: 18146 ns, At safepoint: 22737 ns, Total: 40883 ns
[2020-09-11T14:12:40.024+0000][1][safepoint    ] Safepoint "RevokeBias", Time since last: 92052 ns, Reaching safepoint: 86491 ns, At safepoint: 12049 ns, Total: 98540 ns
[2020-09-11T14:12:40.025+0000][1][safepoint    ] Safepoint "RevokeBias", Time since last: 280691 ns, Reaching safepoint: 88156 ns, At safepoint: 13813 ns, Total: 101969 ns
[2020-09-11T14:12:40.025+0000][1][safepoint    ] Safepoint "RevokeBias", Time since last: 41529 ns, Reaching safepoint: 86725 ns, At safepoint: 12303 ns, Total: 99028 ns
[2020-09-11T14:12:40.027+0000][1][safepoint    ] Safepoint "RevokeBias", Time since last: 295282 ns, Reaching safepoint: 2223313 ns, At safepoint: 13714 ns, Total: 2237027 ns
[2020-09-11T14:12:40.027+0000][1][safepoint    ] Safepoint "RevokeBias", Time since last: 38425 ns, Reaching safepoint: 77131 ns, At safepoint: 13359 ns, Total: 90490 ns
[2020-09-11T14:12:40.029+0000][1][safepoint    ] Safepoint "RevokeBias", Time since last: 1809767 ns, Reaching safepoint: 94516 ns, At safepoint: 14696 ns, Total: 109212 ns
[2020-09-11T14:12:40.040+0000][1][safepoint    ] Safepoint "RevokeBias", Time since last: 10207209 ns, Reaching safepoint: 110805 ns, At safepoint: 20508 ns, Total: 131313 ns
[2020-09-11T14:12:40.040+0000][1][safepoint    ] Safepoint "RevokeBias", Time since last: 87663 ns, Reaching safepoint: 88417 ns, At safepoint: 13498 ns, Total: 101915 ns
[2020-09-11T14:12:40.128+0000][1][safepoint    ] Safepoint "RevokeBias", Time since last: 52334306 ns, Reaching safepoint: 3246163 ns, At safepoint: 32925040 ns, Total: 36171203 ns
[2020-09-11T14:12:40.130+0000][1][safepoint    ] Safepoint "RevokeBias", Time since last: 48059 ns, Reaching safepoint: 1398040 ns, At safepoint: 33686 ns, Total: 1431726 ns
[2020-09-11T14:12:40.143+0000][1][safepoint    ] Safepoint "RevokeBias", Time since last: 5615079 ns, Reaching safepoint: 3184567 ns, At safepoint: 4771528 ns, Total: 7956095 ns
[2020-09-11T14:12:40.144+0000][1][safepoint    ] Safepoint "RevokeBias", Time since last: 148929 ns, Reaching safepoint: 121558 ns, At safepoint: 71816 ns, Total: 193374 ns
[2020-09-11T14:12:40.145+0000][1][safepoint    ] Safepoint "RevokeBias", Time since last: 59801 ns, Reaching safepoint: 1097060 ns, At safepoint: 29545 ns, Total: 1126605 ns
[2020-09-11T14:12:40.155+0000][1][safepoint    ] Safepoint "RevokeBias", Time since last: 6800138 ns, Reaching safepoint: 3691110 ns, At safepoint: 37775 ns, Total: 3728885 ns
[2020-09-11T14:12:40.164+0000][1][safepoint    ] Safepoint "RevokeBias", Time since last: 3961558 ns, Reaching safepoint: 4025418 ns, At safepoint: 44722 ns, Total: 4070140 ns
[2020-09-11T14:12:40.195+0000][1][safepoint    ] Safepoint "RevokeBias", Time since last: 28116267 ns, Reaching safepoint: 3500922 ns, At safepoint: 26845 ns, Total: 3527767 ns
[2020-09-11T14:12:40.196+0000][1][safepoint    ] Safepoint "RevokeBias", Time since last: 663578 ns, Reaching safepoint: 109802 ns, At safepoint: 17616 ns, Total: 127418 ns
[2020-09-11T14:12:40.196+0000][1][safepoint    ] Safepoint "RevokeBias", Time since last: 53835 ns, Reaching safepoint: 100389 ns, At safepoint: 14986 ns, Total: 115375 ns
[2020-09-11T14:12:40.199+0000][1][safepoint    ] Safepoint "RevokeBias", Time since last: 2780079 ns, Reaching safepoint: 520836 ns, At safepoint: 22214 ns, Total: 543050 ns
[2020-09-11T14:12:40.201+0000][1][safepoint    ] Safepoint "RevokeBias", Time since last: 72282 ns, Reaching safepoint: 1695380 ns, At safepoint: 25959 ns, Total: 1721339 ns
[2020-09-11T14:12:40.203+0000][1][safepoint    ] Safepoint "RevokeBias", Time since last: 90470 ns, Reaching safepoint: 2120761 ns, At safepoint: 24552 ns, Total: 2145313 ns
[2020-09-11T14:12:40.207+0000][1][safepoint    ] Safepoint "RevokeBias", Time since last: 974867 ns, Reaching safepoint: 2983235 ns, At safepoint: 21390 ns, Total: 3004625 ns
[2020-09-11T14:12:40.209+0000][1][safepoint    ] Safepoint "RevokeBias", Time since last: 51697 ns, Reaching safepoint: 1027766 ns, At safepoint: 40619 ns, Total: 1068385 ns
[2020-09-11T14:12:40.210+0000][1][safepoint    ] Safepoint "RevokeBias", Time since last: 52146 ns, Reaching safepoint: 1286007 ns, At safepoint: 19637 ns, Total: 1305644 ns
[2020-09-11T14:12:40.267+0000][1][safepoint    ] Safepoint "RevokeBias", Time since last: 55532908 ns, Reaching safepoint: 1981631 ns, At safepoint: 26505 ns, Total: 2008136 ns
[2020-09-11T14:12:40.270+0000][1][safepoint    ] Safepoint "RevokeBias", Time since last: 1281979 ns, Reaching safepoint: 1497131 ns, At safepoint: 18675 ns, Total: 1515806 ns
[2020-09-11T14:12:40.283+0000][1][safepoint    ] Safepoint "RevokeBias", Time since last: 9217967 ns, Reaching safepoint: 3966639 ns, At safepoint: 26258 ns, Total: 3992897 ns
[2020-09-11T14:12:40.284+0000][1][safepoint    ] Safepoint "RevokeBias", Time since last: 678378 ns, Reaching safepoint: 107357 ns, At safepoint: 19015 ns, Total: 126372 ns
[2020-09-11T14:12:40.313+0000][1][safepoint    ] Safepoint "RevokeBias", Time since last: 28107604 ns, Reaching safepoint: 107605 ns, At safepoint: 14365 ns, Total: 121970 ns
[2020-09-11T14:12:40.880+0000][1][safepoint    ] Safepoint "RevokeBias", Time since last: 563606445 ns, Reaching safepoint: 3356896 ns, At safepoint: 28825 ns, Total: 3385721 ns
[2020-09-11T14:12:40.883+0000][1][safepoint    ] Safepoint "RevokeBias", Time since last: 121903 ns, Reaching safepoint: 3816122 ns, At safepoint: 21562 ns, Total: 3837684 ns
[2020-09-11T14:12:40.884+0000][1][safepoint    ] Safepoint "RevokeBias", Time since last: 392729 ns, Reaching safepoint: 17909 ns, At safepoint: 9929 ns, Total: 27838 ns
[2020-09-11T14:12:40.884+0000][1][safepoint    ] Safepoint "RevokeBias", Time since last: 438227 ns, Reaching safepoint: 15462 ns, At safepoint: 8597 ns, Total: 24059 ns
[2020-09-11T14:12:40.885+0000][1][safepoint    ] Safepoint "RevokeBias", Time since last: 562315 ns, Reaching safepoint: 15523 ns, At safepoint: 8604 ns, Total: 24127 ns
[2020-09-11T14:12:40.885+0000][1][safepoint    ] Safepoint "RevokeBias", Time since last: 50545 ns, Reaching safepoint: 14078 ns, At safepoint: 7739 ns, Total: 21817 ns
[2020-09-11T14:12:40.885+0000][1][safepoint    ] Safepoint "RevokeBias", Time since last: 175676 ns, Reaching safepoint: 15546 ns, At safepoint: 8324 ns, Total: 23870 ns
[2020-09-11T14:12:40.886+0000][1][safepoint    ] Safepoint "BulkRevokeBias", Time since last: 298425 ns, Reaching safepoint: 15869 ns, At safepoint: 120241 ns, Total: 136110 ns
[2020-09-11T14:12:40.886+0000][1][safepoint    ] Safepoint "RevokeBias", Time since last: 157257 ns, Reaching safepoint: 16720 ns, At safepoint: 9623 ns, Total: 26343 ns
[2020-09-11T14:12:40.886+0000][1][safepoint    ] Safepoint "RevokeBias", Time since last: 294789 ns, Reaching safepoint: 16464 ns, At safepoint: 8908 ns, Total: 25372 ns
[2020-09-11T14:12:40.886+0000][1][safepoint    ] Safepoint "RevokeBias", Time since last: 99959 ns, Reaching safepoint: 15996 ns, At safepoint: 8690 ns, Total: 24686 ns
[2020-09-11T14:12:40.890+0000][1][safepoint    ] Safepoint "RevokeBias", Time since last: 3189674 ns, Reaching safepoint: 38239 ns, At safepoint: 12889 ns, Total: 51128 ns
[2020-09-11T14:12:41.874+0000][1][safepoint    ] Safepoint "RevokeBias", Time since last: 984702401 ns, Reaching safepoint: 118507 ns, At safepoint: 16514 ns, Total: 135021 ns
[2020-09-11T14:12:41.876+0000][1][safepoint    ] Safepoint "RevokeBias", Time since last: 1573890 ns, Reaching safepoint: 93458 ns, At safepoint: 13652 ns, Total: 107110 ns
[2020-09-11T14:12:41.879+0000][1][safepoint    ] Safepoint "RevokeBias", Time since last: 266579 ns, Reaching safepoint: 3119126 ns, At safepoint: 14444 ns, Total: 3133570 ns
[2020-09-11T14:12:41.880+0000][1][safepoint    ] Safepoint "RevokeBias", Time since last: 524784 ns, Reaching safepoint: 63661 ns, At safepoint: 12591 ns, Total: 76252 ns
[2020-09-11T14:12:41.880+0000][1][safepoint    ] Safepoint "RevokeBias", Time since last: 175769 ns, Reaching safepoint: 86233 ns, At safepoint: 14414 ns, Total: 100647 ns
[2020-09-11T14:12:41.884+0000][1][safepoint    ] Safepoint "RevokeBias", Time since last: 172772 ns, Reaching safepoint: 3011313 ns, At safepoint: 31244 ns, Total: 3042557 ns
[2020-09-11T14:12:41.884+0000][1][safepoint    ] Safepoint "RevokeBias", Time since last: 690114 ns, Reaching safepoint: 93214 ns, At safepoint: 13491 ns, Total: 106705 ns
[2020-09-11T14:12:41.885+0000][1][safepoint    ] Safepoint "RevokeBias", Time since last: 316484 ns, Reaching safepoint: 88856 ns, At safepoint: 12316 ns, Total: 101172 ns
[2020-09-11T14:12:41.885+0000][1][safepoint    ] Safepoint "RevokeBias", Time since last: 192928 ns, Reaching safepoint: 89513 ns, At safepoint: 11967 ns, Total: 101480 ns
[2020-09-11T14:12:42.876+0000][1][safepoint    ] Safepoint "RevokeBias", Time since last: 991054790 ns, Reaching safepoint: 129353 ns, At safepoint: 17116 ns, Total: 146469 ns
[2020-09-11T14:12:42.878+0000][1][safepoint    ] Safepoint "RevokeBias", Time since last: 630647 ns, Reaching safepoint: 839432 ns, At safepoint: 19598 ns, Total: 859030 ns
[2020-09-11T14:12:42.880+0000][1][safepoint    ] Safepoint "RevokeBias", Time since last: 679647 ns, Reaching safepoint: 1093160 ns, At safepoint: 20576 ns, Total: 1113736 ns
[2020-09-11T14:12:42.891+0000][1][safepoint    ] Safepoint "RevokeBias", Time since last: 8852773 ns, Reaching safepoint: 3062943 ns, At safepoint: 21959 ns, Total: 3084902 ns
[2020-09-11T14:12:42.892+0000][1][safepoint    ] Safepoint "RevokeBias", Time since last: 423170 ns, Reaching safepoint: 90736 ns, At safepoint: 11930 ns, Total: 102666 ns
[2020-09-11T14:12:43.876+0000][1][safepoint    ] Safepoint "RevokeBias", Time since last: 984120470 ns, Reaching safepoint: 112300 ns, At safepoint: 20068 ns, Total: 132368 ns
[2020-09-11T14:12:43.878+0000][1][safepoint    ] Safepoint "RevokeBias", Time since last: 750221 ns, Reaching safepoint: 1043211 ns, At safepoint: 23317 ns, Total: 1066528 ns
[2020-09-11T14:12:43.879+0000][1][safepoint    ] Safepoint "RevokeBias", Time since last: 751750 ns, Reaching safepoint: 635896 ns, At safepoint: 21986 ns, Total: 657882 ns
[2020-09-11T14:12:43.883+0000][1][safepoint    ] Safepoint "RevokeBias", Time since last: 775206 ns, Reaching safepoint: 3215765 ns, At safepoint: 28889 ns, Total: 3244654 ns
[2020-09-11T14:12:43.894+0000][1][safepoint    ] Safepoint "RevokeBias", Time since last: 8711537 ns, Reaching safepoint: 1502992 ns, At safepoint: 24393 ns, Total: 1527385 ns
[2020-09-11T14:12:43.913+0000][1][safepoint    ] Safepoint "RevokeBias", Time since last: 18610919 ns, Reaching safepoint: 1035585 ns, At safepoint: 22976 ns, Total: 1058561 ns
[2020-09-11T14:12:43.915+0000][1][safepoint    ] Safepoint "RevokeBias", Time since last: 69375 ns, Reaching safepoint: 1991533 ns, At safepoint: 21497 ns, Total: 2013030 ns
[2020-09-11T14:12:43.951+0000][1][safepoint    ] Safepoint "RevokeBias", Time since last: 35577451 ns, Reaching safepoint: 390951 ns, At safepoint: 19384 ns, Total: 410335 ns
[2020-09-11T14:12:43.955+0000][1][safepoint    ] Safepoint "RevokeBias", Time since last: 73457 ns, Reaching safepoint: 3350737 ns, At safepoint: 20491 ns, Total: 3371228 ns
[2020-09-11T14:12:43.955+0000][1][safepoint    ] Safepoint "RevokeBias", Time since last: 57150 ns, Reaching safepoint: 471249 ns, At safepoint: 17819 ns, Total: 489068 ns
[2020-09-11T14:12:43.957+0000][1][safepoint    ] Safepoint "RevokeBias", Time since last: 50389 ns, Reaching safepoint: 1427670 ns, At safepoint: 17865 ns, Total: 1445535 ns
[2020-09-11T14:12:43.957+0000][1][safepoint    ] Safepoint "RevokeBias", Time since last: 58824 ns, Reaching safepoint: 97575 ns, At safepoint: 14546 ns, Total: 112121 ns
[2020-09-11T14:12:43.957+0000][1][safepoint    ] Safepoint "RevokeBias", Time since last: 259567 ns, Reaching safepoint: 98541 ns, At safepoint: 15044 ns, Total: 113585 ns
[2020-09-11T14:12:43.958+0000][1][safepoint    ] Safepoint "RevokeBias", Time since last: 38093 ns, Reaching safepoint: 94372 ns, At safepoint: 13671 ns, Total: 108043 ns
[2020-09-11T14:12:43.958+0000][1][safepoint    ] Safepoint "RevokeBias", Time since last: 33967 ns, Reaching safepoint: 93189 ns, At safepoint: 13516 ns, Total: 106705 ns
[2020-09-11T14:12:44.000+0000][1][safepoint    ] Safepoint "RevokeBias", Time since last: 42334202 ns, Reaching safepoint: 116462 ns, At safepoint: 19553 ns, Total: 136015 ns
[2020-09-11T14:12:44.124+0000][1][safepoint    ] Safepoint "RevokeBias", Time since last: 123195873 ns, Reaching safepoint: 138452 ns, At safepoint: 21085 ns, Total: 159537 ns
[2020-09-11T14:12:44.124+0000][1][safepoint    ] Safepoint "RevokeBias", Time since last: 74549 ns, Reaching safepoint: 17824 ns, At safepoint: 11467 ns, Total: 29291 ns
[2020-09-11T14:12:44.124+0000][1][safepoint    ] Safepoint "RevokeBias", Time since last: 35445 ns, Reaching safepoint: 17783 ns, At safepoint: 10767 ns, Total: 28550 ns
[2020-09-11T14:12:44.124+0000][1][safepoint    ] Safepoint "RevokeBias", Time since last: 57893 ns, Reaching safepoint: 17369 ns, At safepoint: 11722 ns, Total: 29091 ns
[2020-09-11T14:12:44.215+0000][1][safepoint    ] Safepoint "RevokeBias", Time since last: 90539667 ns, Reaching safepoint: 308830 ns, At safepoint: 22766 ns, Total: 331596 ns
[2020-09-11T14:12:44.392+0000][1][safepoint    ] Safepoint "RevokeBias", Time since last: 173983211 ns, Reaching safepoint: 2821444 ns, At safepoint: 27968 ns, Total: 2849412 ns
[2020-09-11T14:12:44.395+0000][1][safepoint    ] Safepoint "RevokeBias", Time since last: 1459822 ns, Reaching safepoint: 1808212 ns, At safepoint: 22870 ns, Total: 1831082 ns
[2020-09-11T14:12:44.395+0000][1][safepoint    ] Safepoint "RevokeBias", Time since last: 89043 ns, Reaching safepoint: 106345 ns, At safepoint: 16640 ns, Total: 122985 ns
[2020-09-11T14:12:44.395+0000][1][safepoint    ] Safepoint "RevokeBias", Time since last: 48263 ns, Reaching safepoint: 101180 ns, At safepoint: 14429 ns, Total: 115609 ns
[2020-09-11T14:12:44.397+0000][1][safepoint    ] Safepoint "RevokeBias", Time since last: 514732 ns, Reaching safepoint: 799984 ns, At safepoint: 17997 ns, Total: 817981 ns
[2020-09-11T14:12:44.399+0000][1][safepoint    ] Safepoint "RevokeBias", Time since last: 641268 ns, Reaching safepoint: 2234905 ns, At safepoint: 20628 ns, Total: 2255533 ns
[2020-09-11T14:12:44.400+0000][1][safepoint    ] Safepoint "RevokeBias", Time since last: 600103 ns, Reaching safepoint: 413288 ns, At safepoint: 12540 ns, Total: 425828 ns
[2020-09-11T14:12:44.762+0000][1][safepoint    ] Safepoint "RevokeBias", Time since last: 358943635 ns, Reaching safepoint: 2133024 ns, At safepoint: 27608 ns, Total: 2160632 ns
[2020-09-11T14:12:44.763+0000][1][safepoint    ] Safepoint "Deoptimize", Time since last: 1083113 ns, Reaching safepoint: 111238 ns, At safepoint: 347802 ns, Total: 459040 ns
[2020-09-11T14:12:44.945+0000][1][safepoint    ] Safepoint "RevokeBias", Time since last: 171707065 ns, Reaching safepoint: 9669758 ns, At safepoint: 24807 ns, Total: 9694565 ns
[2020-09-11T14:12:44.992+0000][1][safepoint    ] Safepoint "RevokeBias", Time since last: 46261865 ns, Reaching safepoint: 652460 ns, At safepoint: 58189 ns, Total: 710649 ns
[2020-09-11T14:12:44.992+0000][1][safepoint    ] Safepoint "RevokeBias", Time since last: 85574 ns, Reaching safepoint: 88759 ns, At safepoint: 39228 ns, Total: 127987 ns
[2020-09-11T14:12:45.127+0000][1][safepoint    ] Safepoint "RevokeBias", Time since last: 135317879 ns, Reaching safepoint: 107971 ns, At safepoint: 14121 ns, Total: 122092 ns
[2020-09-11T14:12:45.131+0000][1][safepoint    ] Safepoint "RevokeBias", Time since last: 4140139 ns, Reaching safepoint: 128196 ns, At safepoint: 13540 ns, Total: 141736 ns
[2020-09-11T14:12:45.132+0000][1][safepoint    ] Safepoint "RevokeBias", Time since last: 618773 ns, Reaching safepoint: 88624 ns, At safepoint: 10302 ns, Total: 98926 ns
[2020-09-11T14:12:45.210+0000][1][safepoint    ] Safepoint "RevokeBias", Time since last: 77541350 ns, Reaching safepoint: 123588 ns, At safepoint: 19139 ns, Total: 142727 ns
[2020-09-11T14:12:45.261+0000][1][safepoint    ] Safepoint "RevokeBias", Time since last: 50594754 ns, Reaching safepoint: 112556 ns, At safepoint: 15226 ns, Total: 127782 ns
[2020-09-11T14:12:45.340+0000][1][safepoint    ] Safepoint "RevokeBias", Time since last: 77006919 ns, Reaching safepoint: 2188930 ns, At safepoint: 26726 ns, Total: 2215656 ns
[2020-09-11T14:12:45.363+0000][1][safepoint    ] Safepoint "RevokeBias", Time since last: 23277060 ns, Reaching safepoint: 124478 ns, At safepoint: 40213 ns, Total: 164691 ns
[2020-09-11T14:12:45.508+0000][1][safepoint    ] Safepoint "RevokeBias", Time since last: 144199697 ns, Reaching safepoint: 199765 ns, At safepoint: 27808 ns, Total: 227573 ns
[2020-09-11T14:12:45.538+0000][1][safepoint    ] Safepoint "RevokeBias", Time since last: 23767247 ns, Reaching safepoint: 6121101 ns, At safepoint: 47449 ns, Total: 6168550 ns
[2020-09-11T14:12:45.544+0000][1][safepoint    ] Safepoint "RevokeBias", Time since last: 1819668 ns, Reaching safepoint: 4040754 ns, At safepoint: 52377 ns, Total: 4093131 ns
[2020-09-11T14:12:45.556+0000][1][safepoint    ] Safepoint "RevokeBias", Time since last: 12074642 ns, Reaching safepoint: 119954 ns, At safepoint: 39016 ns, Total: 158970 ns
[2020-09-11T14:12:45.561+0000][1][safepoint    ] Safepoint "RevokeBias", Time since last: 3896884 ns, Reaching safepoint: 1324975 ns, At safepoint: 19045 ns, Total: 1344020 ns
[2020-09-11T14:12:45.562+0000][1][safepoint    ] Safepoint "RevokeBias", Time since last: 621545 ns, Reaching safepoint: 178980 ns, At safepoint: 16239 ns, Total: 195219 ns
[2020-09-11T14:12:45.566+0000][1][safepoint    ] Safepoint "RevokeBias", Time since last: 817556 ns, Reaching safepoint: 2893220 ns, At safepoint: 19835 ns, Total: 2913055 ns
[2020-09-11T14:12:45.571+0000][1][safepoint    ] Safepoint "RevokeBias", Time since last: 1891191 ns, Reaching safepoint: 4029923 ns, At safepoint: 21635 ns, Total: 4051558 ns
[2020-09-11T14:12:45.575+0000][1][safepoint    ] Safepoint "RevokeBias", Time since last: 146530 ns, Reaching safepoint: 3862551 ns, At safepoint: 18814 ns, Total: 3881365 ns
[2020-09-11T14:12:45.585+0000][1][safepoint    ] Safepoint "RevokeBias", Time since last: 3538730 ns, Reaching safepoint: 5621957 ns, At safepoint: 24546 ns, Total: 5646503 ns
[2020-09-11T14:12:45.586+0000][1][safepoint    ] Safepoint "RevokeBias", Time since last: 200503 ns, Reaching safepoint: 1507435 ns, At safepoint: 19618 ns, Total: 1527053 ns
[2020-09-11T14:12:45.587+0000][1][safepoint    ] Safepoint "RevokeBias", Time since last: 265089 ns, Reaching safepoint: 91723 ns, At safepoint: 12423 ns, Total: 104146 ns
[2020-09-11T14:12:45.587+0000][1][safepoint    ] Safepoint "RevokeBias", Time since last: 112338 ns, Reaching safepoint: 88889 ns, At safepoint: 11826 ns, Total: 100715 ns
[2020-09-11T14:12:45.587+0000][1][safepoint    ] Safepoint "BulkRevokeBias", Time since last: 130038 ns, Reaching safepoint: 89403 ns, At safepoint: 227865 ns, Total: 317268 ns
[2020-09-11T14:12:45.589+0000][1][safepoint    ] Safepoint "RevokeBias", Time since last: 804232 ns, Reaching safepoint: 1041058 ns, At safepoint: 15444 ns, Total: 1056502 ns
[2020-09-11T14:12:45.612+0000][1][safepoint    ] Safepoint "RevokeBias", Time since last: 22128398 ns, Reaching safepoint: 122509 ns, At safepoint: 72330 ns, Total: 194839 ns
[2020-09-11T14:12:45.613+0000][1][safepoint    ] Safepoint "RevokeBias", Time since last: 933514 ns, Reaching safepoint: 110895 ns, At safepoint: 15281 ns, Total: 126176 ns
[2020-09-11T14:12:45.616+0000][1][safepoint    ] Safepoint "BulkRevokeBias", Time since last: 1926618 ns, Reaching safepoint: 904612 ns, At safepoint: 320983 ns, Total: 1225595 ns
[2020-09-11T14:12:45.619+0000][1][safepoint    ] Safepoint "RevokeBias", Time since last: 591250 ns, Reaching safepoint: 2818818 ns, At safepoint: 20249 ns, Total: 2839067 ns
[2020-09-11T14:12:45.621+0000][1][safepoint    ] Safepoint "RevokeBias", Time since last: 664229 ns, Reaching safepoint: 1319338 ns, At safepoint: 16933 ns, Total: 1336271 ns
[2020-09-11T14:12:45.647+0000][1][safepoint    ] Safepoint "RevokeBias", Time since last: 23129062 ns, Reaching safepoint: 3052832 ns, At safepoint: 23073 ns, Total: 3075905 ns
[2020-09-11T14:12:45.661+0000][1][safepoint    ] Safepoint "BulkRevokeBias", Time since last: 12601795 ns, Reaching safepoint: 124409 ns, At safepoint: 487626 ns, Total: 612035 ns
[2020-09-11T14:12:45.924+0000][1][safepoint    ] Safepoint "RevokeBias", Time since last: 263257803 ns, Reaching safepoint: 132170 ns, At safepoint: 50529 ns, Total: 182699 ns
[2020-09-11T14:12:45.935+0000][1][safepoint    ] Safepoint "RevokeBias", Time since last: 10500347 ns, Reaching safepoint: 118767 ns, At safepoint: 53734 ns, Total: 172501 ns
[2020-09-11T14:12:45.939+0000][1][safepoint    ] Safepoint "RevokeBias", Time since last: 4436609 ns, Reaching safepoint: 200743 ns, At safepoint: 35342 ns, Total: 236085 ns
[2020-09-11T14:12:45.940+0000][1][safepoint    ] Safepoint "RevokeBias", Time since last: 606285 ns, Reaching safepoint: 101610 ns, At safepoint: 45465 ns, Total: 147075 ns
[2020-09-11T14:12:46.719+0000][1][safepoint    ] Safepoint "RevokeBias", Time since last: 778857345 ns, Reaching safepoint: 88721 ns, At safepoint: 18007 ns, Total: 106728 ns
[2020-09-11T14:12:46.785+0000][1][gc,start     ] GC(65) Pause Young (Allocation Failure)
[2020-09-11T14:12:46.785+0000][1][gc,task      ] GC(65) Using 1 workers of 1 for evacuation
[2020-09-11T14:12:46.981+0000][1][gc,age       ] GC(65) Desired survivor size 4358144 bytes, new threshold 2 (max threshold 6)
[2020-09-11T14:12:46.981+0000][1][gc,age       ] GC(65) Age table with threshold 2 (max threshold 6)
[2020-09-11T14:12:46.981+0000][1][gc,age       ] GC(65) - age   1:    2364120 bytes,    2364120 total
[2020-09-11T14:12:46.981+0000][1][gc,age       ] GC(65) - age   2:    3467288 bytes,    5831408 total
[2020-09-11T14:12:46.981+0000][1][gc,heap      ] GC(65) ParNew: 76408K->6271K(76672K)
[2020-09-11T14:12:46.981+0000][1][gc,heap      ] GC(65) CMS: 55779K->59354K(439104K)
[2020-09-11T14:12:46.981+0000][1][gc,metaspace ] GC(65) Metaspace: 73708K->73708K(1118208K)
[2020-09-11T14:12:46.981+0000][1][gc           ] GC(65) Pause Young (Allocation Failure) 129M->64M(503M) 196.001ms
[2020-09-11T14:12:46.981+0000][1][gc,cpu       ] GC(65) User=0.06s Sys=0.00s Real=0.19s
[2020-09-11T14:12:47.018+0000][1][safepoint    ] Safepoint "GenCollectForAllocation", Time since last: 63903516 ns, Reaching safepoint: 2020297 ns, At safepoint: 232498388 ns, Total: 234518685 ns
[2020-09-11T14:12:47.048+0000][1][safepoint    ] Safepoint "RevokeBias", Time since last: 28929967 ns, Reaching safepoint: 1039799 ns, At safepoint: 45917 ns, Total: 1085716 ns
[2020-09-11T14:12:47.288+0000][1][safepoint    ] Safepoint "RevokeBias", Time since last: 225312318 ns, Reaching safepoint: 14548279 ns, At safepoint: 29224 ns, Total: 14577503 ns
[2020-09-11T14:12:47.288+0000][1][safepoint    ] Safepoint "RevokeBias", Time since last: 387022 ns, Reaching safepoint: 90253 ns, At safepoint: 11230 ns, Total: 101483 ns
[2020-09-11T14:12:47.289+0000][1][safepoint    ] Safepoint "RevokeBias", Time since last: 591447 ns, Reaching safepoint: 90877 ns, At safepoint: 10809 ns, Total: 101686 ns
[2020-09-11T14:12:47.686+0000][1][safepoint    ] Safepoint "RevokeBias", Time since last: 396136751 ns, Reaching safepoint: 715277 ns, At safepoint: 50859 ns, Total: 766136 ns
[2020-09-11T14:12:48.080+0000][1][safepoint    ] Safepoint "RevokeBias", Time since last: 393831165 ns, Reaching safepoint: 863769 ns, At safepoint: 22165 ns, Total: 885934 ns
[2020-09-11T14:12:48.088+0000][1][safepoint    ] Safepoint "RevokeBias", Time since last: 7370803 ns, Reaching safepoint: 112916 ns, At safepoint: 39057 ns, Total: 151973 ns
[2020-09-11T14:12:48.089+0000][1][safepoint    ] Safepoint "RevokeBias", Time since last: 626812 ns, Reaching safepoint: 104842 ns, At safepoint: 33912 ns, Total: 138754 ns
[2020-09-11T14:12:48.482+0000][1][safepoint    ] Safepoint "RevokeBias", Time since last: 381514033 ns, Reaching safepoint: 12090842 ns, At safepoint: 20466 ns, Total: 12111308 ns
[2020-09-11T14:12:49.064+0000][1][safepoint    ] Safepoint "RevokeBias", Time since last: 582001688 ns, Reaching safepoint: 125553 ns, At safepoint: 17016 ns, Total: 142569 ns
[2020-09-11T14:12:49.231+0000][1][safepoint    ] Safepoint "RevokeBias", Time since last: 166038454 ns, Reaching safepoint: 118304 ns, At safepoint: 19856 ns, Total: 138160 ns
[2020-09-11T14:12:49.236+0000][1][safepoint    ] Safepoint "RevokeBias", Time since last: 5241867 ns, Reaching safepoint: 115162 ns, At safepoint: 16982 ns, Total: 132144 ns
[2020-09-11T14:12:49.259+0000][1][safepoint    ] Safepoint "RevokeBias", Time since last: 11558209 ns, Reaching safepoint: 11735915 ns, At safepoint: 68983 ns, Total: 11804898 ns
[2020-09-11T14:12:49.264+0000][1][safepoint    ] Safepoint "RevokeBias", Time since last: 4753272 ns, Reaching safepoint: 114491 ns, At safepoint: 54957 ns, Total: 169448 ns
[2020-09-11T14:12:49.265+0000][1][safepoint    ] Safepoint "RevokeBias", Time since last: 628691 ns, Reaching safepoint: 107830 ns, At safepoint: 13568 ns, Total: 121398 ns
[2020-09-11T14:12:49.268+0000][1][safepoint    ] Safepoint "RevokeBias", Time since last: 2533070 ns, Reaching safepoint: 106740 ns, At safepoint: 14276 ns, Total: 121016 ns
[2020-09-11T14:12:49.269+0000][1][safepoint    ] Safepoint "RevokeBias", Time since last: 960913 ns, Reaching safepoint: 102434 ns, At safepoint: 13443 ns, Total: 115877 ns
[2020-09-11T14:12:49.280+0000][1][safepoint    ] Safepoint "RevokeBias", Time since last: 11148742 ns, Reaching safepoint: 114933 ns, At safepoint: 15503 ns, Total: 130436 ns
[2020-09-11T14:12:49.289+0000][1][safepoint    ] Safepoint "RevokeBias", Time since last: 8545447 ns, Reaching safepoint: 517705 ns, At safepoint: 26288 ns, Total: 543993 ns
[2020-09-11T14:12:49.289+0000][1][safepoint    ] Safepoint "RevokeBias", Time since last: 67987 ns, Reaching safepoint: 101235 ns, At safepoint: 18084 ns, Total: 119319 ns
[2020-09-11T14:12:49.348+0000][1][safepoint    ] Safepoint "RevokeBias", Time since last: 58982461 ns, Reaching safepoint: 137166 ns, At safepoint: 14233 ns, Total: 151399 ns
[2020-09-11T14:12:49.595+0000][1][safepoint    ] Safepoint "RevokeBias", Time since last: 245882692 ns, Reaching safepoint: 934880 ns, At safepoint: 41618 ns, Total: 976498 ns
[2020-09-11T14:12:49.602+0000][1][safepoint    ] Safepoint "RevokeBias", Time since last: 6111863 ns, Reaching safepoint: 108493 ns, At safepoint: 42737 ns, Total: 151230 ns
[2020-09-11T14:12:49.619+0000][1][safepoint    ] Safepoint "RevokeBias", Time since last: 17604029 ns, Reaching safepoint: 116618 ns, At safepoint: 15155 ns, Total: 131773 ns
[2020-09-11T14:12:49.623+0000][1][safepoint    ] Safepoint "RevokeBias", Time since last: 3310859 ns, Reaching safepoint: 40377 ns, At safepoint: 28966 ns, Total: 69343 ns
[2020-09-11T14:12:49.623+0000][1][safepoint    ] Safepoint "RevokeBias", Time since last: 632344 ns, Reaching safepoint: 19943 ns, At safepoint: 10774 ns, Total: 30717 ns
[2020-09-11T14:12:49.895+0000][1][safepoint    ] Safepoint "RevokeBias", Time since last: 271628337 ns, Reaching safepoint: 129750 ns, At safepoint: 20372 ns, Total: 150122 ns
[2020-09-11T14:12:49.895+0000][1][safepoint    ] Safepoint "RevokeBias", Time since last: 76608 ns, Reaching safepoint: 88593 ns, At safepoint: 12108 ns, Total: 100701 ns
[2020-09-11T14:12:49.900+0000][1][safepoint    ] Safepoint "RevokeBias", Time since last: 1529344 ns, Reaching safepoint: 2785216 ns, At safepoint: 26356 ns, Total: 2811572 ns
[2020-09-11T14:12:49.910+0000][1][safepoint    ] Safepoint "RevokeBias", Time since last: 10234514 ns, Reaching safepoint: 124045 ns, At safepoint: 18708 ns, Total: 142753 ns
[2020-09-11T14:12:49.980+0000][1][safepoint    ] Safepoint "RevokeBias", Time since last: 69468948 ns, Reaching safepoint: 130728 ns, At safepoint: 19248 ns, Total: 149976 ns
[2020-09-11T14:12:50.020+0000][1][safepoint    ] Safepoint "RevokeBias", Time since last: 39825939 ns, Reaching safepoint: 992495 ns, At safepoint: 43527 ns, Total: 1036022 ns
[2020-09-11T14:12:50.046+0000][1][safepoint    ] Safepoint "RevokeBias", Time since last: 19385759 ns, Reaching safepoint: 5768518 ns, At safepoint: 20044 ns, Total: 5788562 ns
[2020-09-11T14:12:50.185+0000][1][safepoint    ] Safepoint "RevokeBias", Time since last: 138961886 ns, Reaching safepoint: 45864 ns, At safepoint: 16891 ns, Total: 62755 ns
[2020-09-11T14:12:50.264+0000][1][safepoint    ] Safepoint "RevokeBias", Time since last: 79538059 ns, Reaching safepoint: 111684 ns, At safepoint: 15234 ns, Total: 126918 ns
[2020-09-11T14:12:50.265+0000][1][safepoint    ] Safepoint "RevokeBias", Time since last: 198773 ns, Reaching safepoint: 15222 ns, At safepoint: 9293 ns, Total: 24515 ns
[2020-09-11T14:12:50.291+0000][1][safepoint    ] Safepoint "RevokeBias", Time since last: 26455294 ns, Reaching safepoint: 111670 ns, At safepoint: 19165 ns, Total: 130835 ns
[2020-09-11T14:12:50.297+0000][1][safepoint    ] Safepoint "RevokeBias", Time since last: 5527597 ns, Reaching safepoint: 109528 ns, At safepoint: 17842 ns, Total: 127370 ns
[2020-09-11T14:12:50.345+0000][1][safepoint    ] Safepoint "RevokeBias", Time since last: 47925313 ns, Reaching safepoint: 116518 ns, At safepoint: 14299 ns, Total: 130817 ns
[2020-09-11T14:12:50.354+0000][1][safepoint    ] Safepoint "RevokeBias", Time since last: 8941574 ns, Reaching safepoint: 111565 ns, At safepoint: 18681 ns, Total: 130246 ns
[2020-09-11T14:12:50.429+0000][1][safepoint    ] Safepoint "RevokeBias", Time since last: 74723072 ns, Reaching safepoint: 120203 ns, At safepoint: 18299 ns, Total: 138502 ns
[2020-09-11T14:12:50.429+0000][1][safepoint    ] Safepoint "RevokeBias", Time since last: 68368 ns, Reaching safepoint: 87604 ns, At safepoint: 11384 ns, Total: 98988 ns
[2020-09-11T14:12:50.493+0000][1][safepoint    ] Safepoint "RevokeBias", Time since last: 64294321 ns, Reaching safepoint: 137160 ns, At safepoint: 50064 ns, Total: 187224 ns
[2020-09-11T14:12:50.599+0000][1][safepoint    ] Safepoint "BulkRevokeBias", Time since last: 104302469 ns, Reaching safepoint: 698445 ns, At safepoint: 440765 ns, Total: 1139210 ns
[2020-09-11T14:12:50.868+0000][1][safepoint    ] Safepoint "RevokeBias", Time since last: 269249033 ns, Reaching safepoint: 143446 ns, At safepoint: 21140 ns, Total: 164586 ns
[2020-09-11T14:12:50.871+0000][1][safepoint    ] Safepoint "RevokeBias", Time since last: 2155711 ns, Reaching safepoint: 117255 ns, At safepoint: 19466 ns, Total: 136721 ns
[2020-09-11T14:12:50.871+0000][1][safepoint    ] Safepoint "RevokeBias", Time since last: 316173 ns, Reaching safepoint: 93661 ns, At safepoint: 14696 ns, Total: 108357 ns
[2020-09-11T14:12:50.961+0000][1][safepoint    ] Safepoint "RevokeBias", Time since last: 89994496 ns, Reaching safepoint: 126499 ns, At safepoint: 14429 ns, Total: 140928 ns
[2020-09-11T14:12:50.980+0000][1][safepoint    ] Safepoint "RevokeBias", Time since last: 18401440 ns, Reaching safepoint: 128019 ns, At safepoint: 16966 ns, Total: 144985 ns
[2020-09-11T14:12:51.297+0000][1][safepoint    ] Safepoint "RevokeBias", Time since last: 312281794 ns, Reaching safepoint: 4598873 ns, At safepoint: 48008 ns, Total: 4646881 ns
[2020-09-11T14:12:51.676+0000][1][safepoint    ] Safepoint "RevokeBias", Time since last: 379249648 ns, Reaching safepoint: 117842 ns, At safepoint: 33747 ns, Total: 151589 ns
[2020-09-11T14:12:51.807+0000][1][safepoint    ] Safepoint "RevokeBias", Time since last: 130494603 ns, Reaching safepoint: 127218 ns, At safepoint: 21911 ns, Total: 149129 ns
[2020-09-11T14:12:51.887+0000][1][safepoint    ] Safepoint "RevokeBias", Time since last: 75374159 ns, Reaching safepoint: 4998836 ns, At safepoint: 65387 ns, Total: 5064223 ns
[2020-09-11T14:12:52.020+0000][1][safepoint    ] Safepoint "RevokeBias", Time since last: 131567016 ns, Reaching safepoint: 818161 ns, At safepoint: 47172 ns, Total: 865333 ns
[2020-09-11T14:12:52.132+0000][1][safepoint    ] Safepoint "RevokeBias", Time since last: 112283116 ns, Reaching safepoint: 112487 ns, At safepoint: 14557 ns, Total: 127044 ns
[2020-09-11T14:12:52.367+0000][1][safepoint    ] Safepoint "RevokeBias", Time since last: 235362101 ns, Reaching safepoint: 175516 ns, At safepoint: 19922 ns, Total: 195438 ns
[2020-09-11T14:12:52.368+0000][1][safepoint    ] Safepoint "RevokeBias", Time since last: 180019 ns, Reaching safepoint: 92057 ns, At safepoint: 14903 ns, Total: 106960 ns
[2020-09-11T14:12:52.368+0000][1][safepoint    ] Safepoint "RevokeBias", Time since last: 40931 ns, Reaching safepoint: 86743 ns, At safepoint: 14511 ns, Total: 101254 ns
[2020-09-11T14:12:52.428+0000][1][safepoint    ] Safepoint "RevokeBias", Time since last: 59869325 ns, Reaching safepoint: 142556 ns, At safepoint: 26484 ns, Total: 169040 ns
[2020-09-11T14:12:52.441+0000][1][safepoint    ] Safepoint "RevokeBias", Time since last: 9754280 ns, Reaching safepoint: 1650963 ns, At safepoint: 2062261 ns, Total: 3713224 ns
[2020-09-11T14:12:52.448+0000][1][safepoint    ] Safepoint "RevokeBias", Time since last: 198018 ns, Reaching safepoint: 5912089 ns, At safepoint: 28350 ns, Total: 5940439 ns
[2020-09-11T14:12:52.452+0000][1][safepoint    ] Safepoint "RevokeBias", Time since last: 4560604 ns, Reaching safepoint: 117699 ns, At safepoint: 18713 ns, Total: 136412 ns
[2020-09-11T14:12:52.477+0000][1][safepoint    ] Safepoint "RevokeBias", Time since last: 13892535 ns, Reaching safepoint: 10422431 ns, At safepoint: 48258 ns, Total: 10470689 ns
[2020-09-11T14:12:52.480+0000][1][safepoint    ] Safepoint "RevokeBias", Time since last: 2906871 ns, Reaching safepoint: 143363 ns, At safepoint: 81924 ns, Total: 225287 ns
[2020-09-11T14:12:52.492+0000][1][safepoint    ] Safepoint "RevokeBias", Time since last: 11732999 ns, Reaching safepoint: 213333 ns, At safepoint: 38455 ns, Total: 251788 ns
[2020-09-11T14:12:52.496+0000][1][safepoint    ] Safepoint "RevokeBias", Time since last: 3682150 ns, Reaching safepoint: 123385 ns, At safepoint: 66759 ns, Total: 190144 ns
[2020-09-11T14:12:52.496+0000][1][safepoint    ] Safepoint "RevokeBias", Time since last: 197083 ns, Reaching safepoint: 102404 ns, At safepoint: 56232 ns, Total: 158636 ns
[2020-09-11T14:12:52.572+0000][1][safepoint    ] Safepoint "RevokeBias", Time since last: 23992601 ns, Reaching safepoint: 51547695 ns, At safepoint: 42480 ns, Total: 51590175 ns
[2020-09-11T14:12:52.637+0000][1][safepoint    ] Safepoint "RevokeBias", Time since last: 55904615 ns, Reaching safepoint: 9101490 ns, At safepoint: 36771 ns, Total: 9138261 ns
[2020-09-11T14:12:52.696+0000][1][safepoint    ] Safepoint "RevokeBias", Time since last: 38866987 ns, Reaching safepoint: 20169713 ns, At safepoint: 20641 ns, Total: 20190354 ns
[2020-09-11T14:12:52.721+0000][1][safepoint    ] Safepoint "RevokeBias", Time since last: 14925014 ns, Reaching safepoint: 10012574 ns, At safepoint: 15751 ns, Total: 10028325 ns
[2020-09-11T14:12:52.721+0000][1][safepoint    ] Safepoint "RevokeBias", Time since last: 179048 ns, Reaching safepoint: 98111 ns, At safepoint: 6229 ns, Total: 104340 ns
[2020-09-11T14:12:52.721+0000][1][safepoint    ] Safepoint "RevokeBias", Time since last: 66250 ns, Reaching safepoint: 100763 ns, At safepoint: 35730 ns, Total: 136493 ns
[2020-09-11T14:12:52.724+0000][1][safepoint    ] Safepoint "RevokeBias", Time since last: 2356377 ns, Reaching safepoint: 107156 ns, At safepoint: 8920 ns, Total: 116076 ns
[2020-09-11T14:12:52.724+0000][1][safepoint    ] Safepoint "RevokeBias", Time since last: 98494 ns, Reaching safepoint: 96783 ns, At safepoint: 6889 ns, Total: 103672 ns
[2020-09-11T14:12:52.757+0000][1][safepoint    ] Safepoint "RevokeBias", Time since last: 31867431 ns, Reaching safepoint: 951400 ns, At safepoint: 23169 ns, Total: 974569 ns
[2020-09-11T14:12:52.757+0000][1][safepoint    ] Safepoint "RevokeBias", Time since last: 311709 ns, Reaching safepoint: 95872 ns, At safepoint: 14146 ns, Total: 110018 ns
[2020-09-11T14:12:52.757+0000][1][safepoint    ] Safepoint "RevokeBias", Time since last: 141339 ns, Reaching safepoint: 93421 ns, At safepoint: 13334 ns, Total: 106755 ns
[2020-09-11T14:12:52.758+0000][1][safepoint    ] Safepoint "BulkRevokeBias", Time since last: 150613 ns, Reaching safepoint: 93426 ns, At safepoint: 183564 ns, Total: 276990 ns
[2020-09-11T14:12:52.760+0000][1][safepoint    ] Safepoint "RevokeBias", Time since last: 1735308 ns, Reaching safepoint: 123602 ns, At safepoint: 18807 ns, Total: 142409 ns
[2020-09-11T14:12:52.772+0000][1][safepoint    ] Safepoint "RevokeBias", Time since last: 11889258 ns, Reaching safepoint: 346401 ns, At safepoint: 27304 ns, Total: 373705 ns
[2020-09-11T14:12:52.775+0000][1][safepoint    ] Safepoint "RevokeBias", Time since last: 3453972 ns, Reaching safepoint: 153556 ns, At safepoint: 25011 ns, Total: 178567 ns
[2020-09-11T14:12:52.776+0000][1][safepoint    ] Safepoint "RevokeBias", Time since last: 793137 ns, Reaching safepoint: 103538 ns, At safepoint: 26539 ns, Total: 130077 ns
[2020-09-11T14:12:52.797+0000][1][safepoint    ] Safepoint "RevokeBias", Time since last: 11909951 ns, Reaching safepoint: 8254291 ns, At safepoint: 31145 ns, Total: 8285436 ns
[2020-09-11T14:12:52.800+0000][1][safepoint    ] Safepoint "RevokeBias", Time since last: 921164 ns, Reaching safepoint: 2025706 ns, At safepoint: 27766 ns, Total: 2053472 ns
[2020-09-11T14:12:52.811+0000][1][safepoint    ] Safepoint "RevokeBias", Time since last: 9797438 ns, Reaching safepoint: 2111054 ns, At safepoint: 28798 ns, Total: 2139852 ns
[2020-09-11T14:12:52.812+0000][1][safepoint    ] Safepoint "RevokeBias", Time since last: 557810 ns, Reaching safepoint: 102181 ns, At safepoint: 15695 ns, Total: 117876 ns
[2020-09-11T14:12:52.847+0000][1][gc,start     ] GC(66) Pause Young (Allocation Failure)
[2020-09-11T14:12:52.847+0000][1][gc,task      ] GC(66) Using 1 workers of 1 for evacuation
[2020-09-11T14:12:52.945+0000][1][gc,age       ] GC(66) Desired survivor size 4358144 bytes, new threshold 6 (max threshold 6)
[2020-09-11T14:12:52.945+0000][1][gc,age       ] GC(66) Age table with threshold 6 (max threshold 6)
[2020-09-11T14:12:52.945+0000][1][gc,age       ] GC(66) - age   1:    1164128 bytes,    1164128 total
[2020-09-11T14:12:52.945+0000][1][gc,age       ] GC(66) - age   2:    2019088 bytes,    3183216 total
[2020-09-11T14:12:52.945+0000][1][gc,heap      ] GC(66) ParNew: 74431K->5838K(76672K)
[2020-09-11T14:12:52.945+0000][1][gc,heap      ] GC(66) CMS: 59354K->62869K(439104K)
[2020-09-11T14:12:52.945+0000][1][gc,metaspace ] GC(66) Metaspace: 75725K->75725K(1118208K)
[2020-09-11T14:12:52.945+0000][1][gc           ] GC(66) Pause Young (Allocation Failure) 130M->67M(503M) 97.408ms
[2020-09-11T14:12:52.945+0000][1][gc,cpu       ] GC(66) User=0.03s Sys=0.00s Real=0.10s
[2020-09-11T14:12:53.011+0000][1][safepoint    ] Safepoint "GenCollectForAllocation", Time since last: 34949779 ns, Reaching safepoint: 197201 ns, At safepoint: 164092169 ns, Total: 164289370 ns
[2020-09-11T14:12:53.941+0000][1][safepoint    ] Safepoint "RevokeBias", Time since last: 929721243 ns, Reaching safepoint: 155982 ns, At safepoint: 19399 ns, Total: 175381 ns
[2020-09-11T14:12:53.972+0000][1][safepoint    ] Safepoint "Deoptimize", Time since last: 26236449 ns, Reaching safepoint: 3965214 ns, At safepoint: 472156 ns, Total: 4437370 ns
[2020-09-11T14:12:54.627+0000][1][safepoint    ] Safepoint "RevokeBias", Time since last: 655058451 ns, Reaching safepoint: 60340 ns, At safepoint: 8031 ns, Total: 68371 ns
[2020-09-11T14:12:54.724+0000][1][safepoint    ] Safepoint "RevokeBias", Time since last: 96308024 ns, Reaching safepoint: 138196 ns, At safepoint: 9098 ns, Total: 147294 ns
[2020-09-11T14:12:54.724+0000][1][safepoint    ] Safepoint "BulkRevokeBias", Time since last: 310144 ns, Reaching safepoint: 28189 ns, At safepoint: 187396 ns, Total: 215585 ns
[2020-09-11T14:12:54.724+0000][1][safepoint    ] Safepoint "RevokeBias", Time since last: 51350 ns, Reaching safepoint: 26022 ns, At safepoint: 4849 ns, Total: 30871 ns
[2020-09-11T14:12:54.724+0000][1][safepoint    ] Safepoint "RevokeBias", Time since last: 197907 ns, Reaching safepoint: 26405 ns, At safepoint: 5134 ns, Total: 31539 ns
[2020-09-11T14:12:54.725+0000][1][safepoint    ] Safepoint "RevokeBias", Time since last: 1066628 ns, Reaching safepoint: 28883 ns, At safepoint: 5495 ns, Total: 34378 ns
[2020-09-11T14:12:54.741+0000][1][safepoint    ] Safepoint "BulkRevokeBias", Time since last: 15319675 ns, Reaching safepoint: 140705 ns, At safepoint: 205618 ns, Total: 346323 ns
[2020-09-11T14:12:54.964+0000][1][safepoint    ] Safepoint "Deoptimize", Time since last: 222285997 ns, Reaching safepoint: 130564 ns, At safepoint: 418746 ns, Total: 549310 ns
[2020-09-11T14:12:55.185+0000][1][safepoint    ] Safepoint "RevokeBias", Time since last: 220694697 ns, Reaching safepoint: 149245 ns, At safepoint: 9132 ns, Total: 158377 ns
[2020-09-11T14:12:55.185+0000][1][safepoint    ] Safepoint "RevokeBias", Time since last: 245231 ns, Reaching safepoint: 36881 ns, At safepoint: 5967 ns, Total: 42848 ns
[2020-09-11T14:12:55.232+0000][1][safepoint    ] Safepoint "RevokeBias", Time since last: 46297918 ns, Reaching safepoint: 143090 ns, At safepoint: 9046 ns, Total: 152136 ns
[2020-09-11T14:12:55.232+0000][1][safepoint    ] Safepoint "RevokeBias", Time since last: 464779 ns, Reaching safepoint: 27939 ns, At safepoint: 5271 ns, Total: 33210 ns
[2020-09-11T14:12:55.251+0000][1][safepoint    ] Safepoint "RevokeBias", Time since last: 18528945 ns, Reaching safepoint: 130897 ns, At safepoint: 8051 ns, Total: 138948 ns
[2020-09-11T14:12:55.475+0000][1][safepoint    ] Safepoint "RevokeBias", Time since last: 224134311 ns, Reaching safepoint: 572158 ns, At safepoint: 9727 ns, Total: 581885 ns
[2020-09-11T14:12:55.536+0000][1][safepoint    ] Safepoint "RevokeBias", Time since last: 59967321 ns, Reaching safepoint: 143131 ns, At safepoint: 9130 ns, Total: 152261 ns
[2020-09-11T14:12:55.536+0000][1][safepoint    ] Safepoint "RevokeBias", Time since last: 776027 ns, Reaching safepoint: 118015 ns, At safepoint: 15257 ns, Total: 133272 ns
[2020-09-11T14:12:56.347+0000][1][safepoint    ] Safepoint "RevokeBias", Time since last: 809814164 ns, Reaching safepoint: 826346 ns, At safepoint: 15468 ns, Total: 841814 ns
[2020-09-11T14:12:56.351+0000][1][safepoint    ] Safepoint "RevokeBias", Time since last: 561646 ns, Reaching safepoint: 2913906 ns, At safepoint: 16616 ns, Total: 2930522 ns
[2020-09-11T14:12:57.440+0000][1][safepoint    ] Safepoint "Cleanup", Time since last: 1088754507 ns, Reaching safepoint: 203258 ns, At safepoint: 9854 ns, Total: 213112 ns
[2020-09-11T14:12:57.864+0000][1][safepoint    ] Safepoint "RevokeBias", Time since last: 423797372 ns, Reaching safepoint: 143631 ns, At safepoint: 10233 ns, Total: 153864 ns
[2020-09-11T14:12:57.904+0000][1][safepoint    ] Safepoint "RevokeBias", Time since last: 39858202 ns, Reaching safepoint: 156764 ns, At safepoint: 11694 ns, Total: 168458 ns
[2020-09-11T14:12:58.036+0000][1][safepoint    ] Safepoint "RevokeBias", Time since last: 132052955 ns, Reaching safepoint: 148530 ns, At safepoint: 9276 ns, Total: 157806 ns
[2020-09-11T14:12:58.101+0000][1][safepoint    ] Safepoint "RevokeBias", Time since last: 64912082 ns, Reaching safepoint: 176583 ns, At safepoint: 18380 ns, Total: 194963 ns
[2020-09-11T14:12:58.102+0000][1][safepoint    ] Safepoint "RevokeBias", Time since last: 1097750 ns, Reaching safepoint: 106198 ns, At safepoint: 13833 ns, Total: 120031 ns
[2020-09-11T14:12:59.103+0000][1][safepoint    ] Safepoint "Cleanup", Time since last: 1001081557 ns, Reaching safepoint: 84415 ns, At safepoint: 6183 ns, Total: 90598 ns
[2020-09-11T14:13:00.104+0000][1][safepoint    ] Safepoint "Cleanup", Time since last: 1000175455 ns, Reaching safepoint: 127510 ns, At safepoint: 18432 ns, Total: 145942 ns
[2020-09-11T14:13:01.104+0000][1][safepoint    ] Safepoint "Cleanup", Time since last: 1000211480 ns, Reaching safepoint: 152854 ns, At safepoint: 17748 ns, Total: 170602 ns
[2020-09-11T14:13:02.104+0000][1][safepoint    ] Safepoint "Cleanup", Time since last: 1000216204 ns, Reaching safepoint: 160695 ns, At safepoint: 18697 ns, Total: 179392 ns
[2020-09-11T14:13:03.105+0000][1][safepoint    ] Safepoint "Cleanup", Time since last: 1000148842 ns, Reaching safepoint: 85052 ns, At safepoint: 5758 ns, Total: 90810 ns
[2020-09-11T14:13:04.105+0000][1][safepoint    ] Safepoint "Cleanup", Time since last: 1000176597 ns, Reaching safepoint: 145895 ns, At safepoint: 18622 ns, Total: 164517 ns
[2020-09-11T14:13:05.105+0000][1][safepoint    ] Safepoint "Cleanup", Time since last: 1000176598 ns, Reaching safepoint: 141762 ns, At safepoint: 16819 ns, Total: 158581 ns
[2020-09-11T14:13:06.106+0000][1][safepoint    ] Safepoint "Cleanup", Time since last: 1000223498 ns, Reaching safepoint: 218394 ns, At safepoint: 20962 ns, Total: 239356 ns
[2020-09-11T14:13:07.106+0000][1][safepoint    ] Safepoint "Cleanup", Time since last: 1000177449 ns, Reaching safepoint: 106486 ns, At safepoint: 5426 ns, Total: 111912 ns
[2020-09-11T14:13:08.106+0000][1][safepoint    ] Safepoint "Cleanup", Time since last: 1000184816 ns, Reaching safepoint: 131739 ns, At safepoint: 17136 ns, Total: 148875 ns
[2020-09-11T14:13:09.107+0000][1][safepoint    ] Safepoint "Cleanup", Time since last: 1000219620 ns, Reaching safepoint: 95104 ns, At safepoint: 6531 ns, Total: 101635 ns
[2020-09-11T14:13:10.107+0000][1][safepoint    ] Safepoint "Cleanup", Time since last: 1000180939 ns, Reaching safepoint: 109836 ns, At safepoint: 7580 ns, Total: 117416 ns
[2020-09-11T14:13:11.107+0000][1][safepoint    ] Safepoint "Cleanup", Time since last: 1000146501 ns, Reaching safepoint: 97978 ns, At safepoint: 10042 ns, Total: 108020 ns
[2020-09-11T14:13:12.108+0000][1][safepoint    ] Safepoint "Cleanup", Time since last: 1000151263 ns, Reaching safepoint: 106396 ns, At safepoint: 6776 ns, Total: 113172 ns
[2020-09-11T14:13:13.108+0000][1][safepoint    ] Safepoint "Cleanup", Time since last: 1000803300 ns, Reaching safepoint: 108876 ns, At safepoint: 6494 ns, Total: 115370 ns
[2020-09-11T14:13:13.408+0000][1][gc,start     ] GC(67) Pause Young (Allocation Failure)
[2020-09-11T14:13:13.409+0000][1][gc,task      ] GC(67) Using 1 workers of 1 for evacuation
[2020-09-11T14:13:13.429+0000][1][gc,age       ] GC(67) Desired survivor size 4358144 bytes, new threshold 6 (max threshold 6)
[2020-09-11T14:13:13.429+0000][1][gc,age       ] GC(67) Age table with threshold 6 (max threshold 6)
[2020-09-11T14:13:13.429+0000][1][gc,age       ] GC(67) - age   1:    1194536 bytes,    1194536 total
[2020-09-11T14:13:13.429+0000][1][gc,age       ] GC(67) - age   2:     918984 bytes,    2113520 total
[2020-09-11T14:13:13.429+0000][1][gc,age       ] GC(67) - age   3:    2017504 bytes,    4131024 total
[2020-09-11T14:13:13.429+0000][1][gc,heap      ] GC(67) ParNew: 73998K->5250K(76672K)
[2020-09-11T14:13:13.429+0000][1][gc,heap      ] GC(67) CMS: 62869K->62869K(439104K)
[2020-09-11T14:13:13.429+0000][1][gc,metaspace ] GC(67) Metaspace: 78527K->78527K(1122304K)
[2020-09-11T14:13:13.429+0000][1][gc           ] GC(67) Pause Young (Allocation Failure) 133M->66M(503M) 20.983ms
[2020-09-11T14:13:13.429+0000][1][gc,cpu       ] GC(67) User=0.01s Sys=0.00s Real=0.02s
[2020-09-11T14:13:13.437+0000][1][safepoint    ] Safepoint "GenCollectForAllocation", Time since last: 299190981 ns, Reaching safepoint: 781113 ns, At safepoint: 28160892 ns, Total: 28942005 ns
[2020-09-11T14:13:14.440+0000][1][safepoint    ] Safepoint "Cleanup", Time since last: 1003725713 ns, Reaching safepoint: 130696 ns, At safepoint: 6763 ns, Total: 137459 ns
[2020-09-11T14:13:15.441+0000][1][safepoint    ] Safepoint "Cleanup", Time since last: 1000170973 ns, Reaching safepoint: 95741 ns, At safepoint: 5830 ns, Total: 101571 ns
[2020-09-11T14:13:16.441+0000][1][safepoint    ] Safepoint "Cleanup", Time since last: 1000129328 ns, Reaching safepoint: 139364 ns, At safepoint: 15589 ns, Total: 154953 ns
[2020-09-11T14:13:17.441+0000][1][safepoint    ] Safepoint "Cleanup", Time since last: 1000177896 ns, Reaching safepoint: 128174 ns, At safepoint: 16588 ns, Total: 144762 ns
[2020-09-11T14:13:18.442+0000][1][safepoint    ] Safepoint "Cleanup", Time since last: 1000219774 ns, Reaching safepoint: 137422 ns, At safepoint: 17183 ns, Total: 154605 ns
[2020-09-11T14:13:19.442+0000][1][safepoint    ] Safepoint "Cleanup", Time since last: 1000220598 ns, Reaching safepoint: 107172 ns, At safepoint: 6409 ns, Total: 113581 ns
[2020-09-11T14:13:20.442+0000][1][safepoint    ] Safepoint "Cleanup", Time since last: 1000140597 ns, Reaching safepoint: 148304 ns, At safepoint: 16257 ns, Total: 164561 ns
[2020-09-11T14:13:21.443+0000][1][safepoint    ] Safepoint "Cleanup", Time since last: 1000155371 ns, Reaching safepoint: 138006 ns, At safepoint: 14848 ns, Total: 152854 ns
[2020-09-11T14:13:22.444+0000][1][safepoint    ] Safepoint "Cleanup", Time since last: 1001410942 ns, Reaching safepoint: 205833 ns, At safepoint: 7465 ns, Total: 213298 ns
[2020-09-11T14:13:23.445+0000][1][safepoint    ] Safepoint "Cleanup", Time since last: 1000142147 ns, Reaching safepoint: 113172 ns, At safepoint: 6679 ns, Total: 119851 ns
[2020-09-11T14:13:24.445+0000][1][safepoint    ] Safepoint "Cleanup", Time since last: 1000099707 ns, Reaching safepoint: 171887 ns, At safepoint: 7956 ns, Total: 179843 ns
[2020-09-11T14:13:25.445+0000][1][safepoint    ] Safepoint "Cleanup", Time since last: 1000205629 ns, Reaching safepoint: 128542 ns, At safepoint: 16080 ns, Total: 144622 ns
[2020-09-11T14:13:26.445+0000][1][safepoint    ] Safepoint "Cleanup", Time since last: 1000153855 ns, Reaching safepoint: 110275 ns, At safepoint: 6410 ns, Total: 116685 ns
[2020-09-11T14:13:27.446+0000][1][safepoint    ] Safepoint "Cleanup", Time since last: 1000116401 ns, Reaching safepoint: 143643 ns, At safepoint: 14663 ns, Total: 158306 ns
[2020-09-11T14:13:28.446+0000][1][safepoint    ] Safepoint "Cleanup", Time since last: 1000164501 ns, Reaching safepoint: 113462 ns, At safepoint: 7472 ns, Total: 120934 ns
[2020-09-11T14:13:29.446+0000][1][safepoint    ] Safepoint "Cleanup", Time since last: 1000172779 ns, Reaching safepoint: 103207 ns, At safepoint: 6770 ns, Total: 109977 ns
[2020-09-11T14:13:30.447+0000][1][safepoint    ] Safepoint "Cleanup", Time since last: 1000133170 ns, Reaching safepoint: 156556 ns, At safepoint: 17129 ns, Total: 173685 ns
[2020-09-11T14:13:31.447+0000][1][safepoint    ] Safepoint "Cleanup", Time since last: 1000203974 ns, Reaching safepoint: 186855 ns, At safepoint: 17386 ns, Total: 204241 ns
[2020-09-11T14:13:32.447+0000][1][safepoint    ] Safepoint "Cleanup", Time since last: 1000202132 ns, Reaching safepoint: 155784 ns, At safepoint: 17180 ns, Total: 172964 ns
[2020-09-11T14:13:33.449+0000][1][safepoint    ] Safepoint "Cleanup", Time since last: 1001148972 ns, Reaching safepoint: 148621 ns, At safepoint: 17043 ns, Total: 165664 ns
[2020-09-11T14:13:34.449+0000][1][safepoint    ] Safepoint "Cleanup", Time since last: 1000215200 ns, Reaching safepoint: 99198 ns, At safepoint: 7533 ns, Total: 106731 ns
[2020-09-11T14:13:35.449+0000][1][safepoint    ] Safepoint "Cleanup", Time since last: 1000215092 ns, Reaching safepoint: 92978 ns, At safepoint: 6669 ns, Total: 99647 ns
[2020-09-11T14:13:36.450+0000][1][safepoint    ] Safepoint "Cleanup", Time since last: 1000179232 ns, Reaching safepoint: 105362 ns, At safepoint: 7806 ns, Total: 113168 ns
[2020-09-11T14:13:37.450+0000][1][safepoint    ] Safepoint "Cleanup", Time since last: 1000207339 ns, Reaching safepoint: 115388 ns, At safepoint: 6332 ns, Total: 121720 ns
[2020-09-11T14:13:38.451+0000][1][safepoint    ] Safepoint "Cleanup", Time since last: 1000818201 ns, Reaching safepoint: 154765 ns, At safepoint: 17727 ns, Total: 172492 ns
[2020-09-11T14:13:39.451+0000][1][safepoint    ] Safepoint "Cleanup", Time since last: 1000218428 ns, Reaching safepoint: 138026 ns, At safepoint: 16896 ns, Total: 154922 ns
[2020-09-11T14:13:41.452+0000][1][safepoint    ] Safepoint "Cleanup", Time since last: 2000391812 ns, Reaching safepoint: 142063 ns, At safepoint: 17440 ns, Total: 159503 ns
[2020-09-11T14:13:42.452+0000][1][safepoint    ] Safepoint "Cleanup", Time since last: 1000220656 ns, Reaching safepoint: 161991 ns, At safepoint: 17751 ns, Total: 179742 ns
[2020-09-11T14:13:43.453+0000][1][safepoint    ] Safepoint "Cleanup", Time since last: 1001052251 ns, Reaching safepoint: 101049 ns, At safepoint: 6578 ns, Total: 107627 ns
[2020-09-11T14:13:44.454+0000][1][safepoint    ] Safepoint "Cleanup", Time since last: 1000184369 ns, Reaching safepoint: 135976 ns, At safepoint: 18205 ns, Total: 154181 ns
[2020-09-11T14:13:45.454+0000][1][safepoint    ] Safepoint "Cleanup", Time since last: 1000211388 ns, Reaching safepoint: 149409 ns, At safepoint: 16104 ns, Total: 165513 ns
[2020-09-11T14:13:47.455+0000][1][safepoint    ] Safepoint "Cleanup", Time since last: 2000334284 ns, Reaching safepoint: 99924 ns, At safepoint: 7523 ns, Total: 107447 ns
[2020-09-11T14:13:48.456+0000][1][safepoint    ] Safepoint "Cleanup", Time since last: 1000851461 ns, Reaching safepoint: 87284 ns, At safepoint: 6288 ns, Total: 93572 ns
[2020-09-11T14:13:49.456+0000][1][safepoint    ] Safepoint "Cleanup", Time since last: 1000172914 ns, Reaching safepoint: 223827 ns, At safepoint: 17590 ns, Total: 241417 ns
[2020-09-11T14:13:49.798+0000][1][safepoint    ] Safepoint "RevokeBias", Time since last: 341853438 ns, Reaching safepoint: 198247 ns, At safepoint: 10637 ns, Total: 208884 ns
[2020-09-11T14:13:49.818+0000][1][safepoint    ] Safepoint "Deoptimize", Time since last: 19316324 ns, Reaching safepoint: 187649 ns, At safepoint: 514759 ns, Total: 702408 ns
[2020-09-11T14:13:49.846+0000][1][safepoint    ] Safepoint "RevokeBias", Time since last: 28171069 ns, Reaching safepoint: 196830 ns, At safepoint: 10626 ns, Total: 207456 ns
[2020-09-11T14:13:49.847+0000][1][safepoint    ] Safepoint "RevokeBias", Time since last: 360222 ns, Reaching safepoint: 177944 ns, At safepoint: 18001 ns, Total: 195945 ns
[2020-09-11T14:13:49.858+0000][1][safepoint    ] Safepoint "Deoptimize", Time since last: 10009532 ns, Reaching safepoint: 192403 ns, At safepoint: 561360 ns, Total: 753763 ns
[2020-09-11T14:13:49.862+0000][1][safepoint    ] Safepoint "Deoptimize", Time since last: 3490957 ns, Reaching safepoint: 177647 ns, At safepoint: 472867 ns, Total: 650514 ns
[2020-09-11T14:13:49.863+0000][1][safepoint    ] Safepoint "Deoptimize", Time since last: 558061 ns, Reaching safepoint: 225119 ns, At safepoint: 507085 ns, Total: 732204 ns
[2020-09-11T14:13:50.863+0000][1][safepoint    ] Safepoint "Cleanup", Time since last: 1000155889 ns, Reaching safepoint: 121236 ns, At safepoint: 6235 ns, Total: 127471 ns
[2020-09-11T14:13:51.864+0000][1][safepoint    ] Safepoint "Cleanup", Time since last: 1000172819 ns, Reaching safepoint: 98306 ns, At safepoint: 7546 ns, Total: 105852 ns
[2020-09-11T14:13:52.864+0000][1][safepoint    ] Safepoint "Cleanup", Time since last: 1000171894 ns, Reaching safepoint: 150689 ns, At safepoint: 17500 ns, Total: 168189 ns
[2020-09-11T14:13:53.864+0000][1][safepoint    ] Safepoint "Cleanup", Time since last: 1000225446 ns, Reaching safepoint: 145861 ns, At safepoint: 16482 ns, Total: 162343 ns
[2020-09-11T14:13:54.865+0000][1][safepoint    ] Safepoint "Cleanup", Time since last: 1000210603 ns, Reaching safepoint: 147178 ns, At safepoint: 18238 ns, Total: 165416 ns
[2020-09-11T14:13:54.947+0000][1][safepoint    ] Safepoint "RevokeBias", Time since last: 82264333 ns, Reaching safepoint: 190085 ns, At safepoint: 10029 ns, Total: 200114 ns
[2020-09-11T14:13:54.956+0000][1][safepoint    ] Safepoint "RevokeBias", Time since last: 9052755 ns, Reaching safepoint: 149088 ns, At safepoint: 9872 ns, Total: 158960 ns
[2020-09-11T14:13:55.957+0000][1][safepoint    ] Safepoint "Cleanup", Time since last: 1000175225 ns, Reaching safepoint: 190778 ns, At safepoint: 19966 ns, Total: 210744 ns
[2020-09-11T14:13:56.957+0000][1][safepoint    ] Safepoint "Cleanup", Time since last: 1000209756 ns, Reaching safepoint: 131100 ns, At safepoint: 16585 ns, Total: 147685 ns
[2020-09-11T14:13:56.986+0000][1][gc,start     ] GC(68) Pause Young (Allocation Failure)
[2020-09-11T14:13:56.986+0000][1][gc,task      ] GC(68) Using 1 workers of 1 for evacuation
[2020-09-11T14:13:57.005+0000][1][gc,age       ] GC(68) Desired survivor size 4358144 bytes, new threshold 6 (max threshold 6)
[2020-09-11T14:13:57.005+0000][1][gc,age       ] GC(68) Age table with threshold 6 (max threshold 6)
[2020-09-11T14:13:57.005+0000][1][gc,age       ] GC(68) - age   1:     252656 bytes,     252656 total
[2020-09-11T14:13:57.005+0000][1][gc,age       ] GC(68) - age   2:    1036512 bytes,    1289168 total
[2020-09-11T14:13:57.005+0000][1][gc,age       ] GC(68) - age   3:     915160 bytes,    2204328 total
[2020-09-11T14:13:57.005+0000][1][gc,age       ] GC(68) - age   4:    2014400 bytes,    4218728 total
[2020-09-11T14:13:57.005+0000][1][gc,heap      ] GC(68) ParNew: 73410K->7364K(76672K)
[2020-09-11T14:13:57.005+0000][1][gc,heap      ] GC(68) CMS: 62869K->62869K(439104K)
[2020-09-11T14:13:57.005+0000][1][gc,metaspace ] GC(68) Metaspace: 79946K->79946K(1122304K)
[2020-09-11T14:13:57.005+0000][1][gc           ] GC(68) Pause Young (Allocation Failure) 133M->68M(503M) 19.015ms
[2020-09-11T14:13:57.005+0000][1][gc,cpu       ] GC(68) User=0.02s Sys=0.00s Real=0.02s
[2020-09-11T14:13:57.005+0000][1][safepoint    ] Safepoint "GenCollectForAllocation", Time since last: 28658759 ns, Reaching safepoint: 112077 ns, At safepoint: 19092704 ns, Total: 19204781 ns
[2020-09-11T14:13:58.011+0000][1][safepoint    ] Safepoint "Cleanup", Time since last: 1006044334 ns, Reaching safepoint: 76960 ns, At safepoint: 6148 ns, Total: 83108 ns
[2020-09-11T14:13:59.013+0000][1][safepoint    ] Safepoint "Cleanup", Time since last: 1001132640 ns, Reaching safepoint: 252698 ns, At safepoint: 6833 ns, Total: 259531 ns
[2020-09-11T14:14:00.016+0000][1][safepoint    ] Safepoint "Cleanup", Time since last: 1002826273 ns, Reaching safepoint: 143820 ns, At safepoint: 16097 ns, Total: 159917 ns
[2020-09-11T14:14:01.016+0000][1][safepoint    ] Safepoint "Cleanup", Time since last: 1000202247 ns, Reaching safepoint: 149059 ns, At safepoint: 16675 ns, Total: 165734 ns
[2020-09-11T14:14:02.016+0000][1][safepoint    ] Safepoint "Cleanup", Time since last: 1000202251 ns, Reaching safepoint: 142801 ns, At safepoint: 20299 ns, Total: 163100 ns
[2020-09-11T14:14:03.017+0000][1][safepoint    ] Safepoint "Cleanup", Time since last: 1000216694 ns, Reaching safepoint: 141288 ns, At safepoint: 15913 ns, Total: 157201 ns
[2020-09-11T14:14:04.017+0000][1][safepoint    ] Safepoint "Cleanup", Time since last: 1000216538 ns, Reaching safepoint: 158230 ns, At safepoint: 18098 ns, Total: 176328 ns
[2020-09-11T14:14:06.018+0000][1][safepoint    ] Safepoint "Cleanup", Time since last: 2000337218 ns, Reaching safepoint: 145086 ns, At safepoint: 16534 ns, Total: 161620 ns
[2020-09-11T14:14:06.344+0000][1][safepoint    ] Safepoint "Deoptimize", Time since last: 325122771 ns, Reaching safepoint: 213875 ns, At safepoint: 573899 ns, Total: 787774 ns
[2020-09-11T14:14:07.344+0000][1][safepoint    ] Safepoint "Cleanup", Time since last: 1000186698 ns, Reaching safepoint: 163068 ns, At safepoint: 17106 ns, Total: 180174 ns
[2020-09-11T14:14:08.344+0000][1][safepoint    ] Safepoint "Cleanup", Time since last: 1000201299 ns, Reaching safepoint: 157685 ns, At safepoint: 17764 ns, Total: 175449 ns
[2020-09-11T14:14:09.345+0000][1][safepoint    ] Safepoint "Cleanup", Time since last: 1000248556 ns, Reaching safepoint: 107753 ns, At safepoint: 7290 ns, Total: 115043 ns
[2020-09-11T14:14:10.345+0000][1][safepoint    ] Safepoint "Cleanup", Time since last: 1000197002 ns, Reaching safepoint: 149736 ns, At safepoint: 16759 ns, Total: 166495 ns
[2020-09-11T14:14:11.345+0000][1][safepoint    ] Safepoint "Cleanup", Time since last: 1000258754 ns, Reaching safepoint: 97689 ns, At safepoint: 7423 ns, Total: 105112 ns
[2020-09-11T14:14:13.346+0000][1][safepoint    ] Safepoint "Cleanup", Time since last: 2000286560 ns, Reaching safepoint: 149720 ns, At safepoint: 17070 ns, Total: 166790 ns
[2020-09-11T14:14:14.346+0000][1][safepoint    ] Safepoint "Cleanup", Time since last: 1000206922 ns, Reaching safepoint: 83433 ns, At safepoint: 7217 ns, Total: 90650 ns
[2020-09-11T14:14:17.347+0000][1][safepoint    ] Safepoint "Cleanup", Time since last: 3000499945 ns, Reaching safepoint: 156081 ns, At safepoint: 22031 ns, Total: 178112 ns
[2020-09-11T14:14:18.347+0000][1][safepoint    ] Safepoint "Cleanup", Time since last: 1000198415 ns, Reaching safepoint: 152379 ns, At safepoint: 17457 ns, Total: 169836 ns
[2020-09-11T14:14:19.348+0000][1][safepoint    ] Safepoint "Cleanup", Time since last: 1000276023 ns, Reaching safepoint: 97205 ns, At safepoint: 7023 ns, Total: 104228 ns
[2020-09-11T14:14:20.348+0000][1][safepoint    ] Safepoint "Cleanup", Time since last: 1000150424 ns, Reaching safepoint: 124982 ns, At safepoint: 7520 ns, Total: 132502 ns
[2020-09-11T14:14:23.348+0000][1][safepoint    ] Safepoint "Cleanup", Time since last: 3000459368 ns, Reaching safepoint: 114601 ns, At safepoint: 7454 ns, Total: 122055 ns
[2020-09-11T14:14:26.349+0000][1][safepoint    ] Safepoint "Cleanup", Time since last: 3000428500 ns, Reaching safepoint: 111306 ns, At safepoint: 7995 ns, Total: 119301 ns
[2020-09-11T14:14:27.349+0000][1][safepoint    ] Safepoint "Cleanup", Time since last: 1000181411 ns, Reaching safepoint: 160926 ns, At safepoint: 17166 ns, Total: 178092 ns
[2020-09-11T14:14:28.350+0000][1][safepoint    ] Safepoint "Cleanup", Time since last: 1000219039 ns, Reaching safepoint: 155507 ns, At safepoint: 16829 ns, Total: 172336 ns
[2020-09-11T14:14:29.350+0000][1][safepoint    ] Safepoint "Cleanup", Time since last: 1000223768 ns, Reaching safepoint: 109396 ns, At safepoint: 7766 ns, Total: 117162 ns
[2020-09-11T14:14:30.350+0000][1][safepoint    ] Safepoint "Cleanup", Time since last: 1000139072 ns, Reaching safepoint: 124662 ns, At safepoint: 6537 ns, Total: 131199 ns
[2020-09-11T14:14:31.351+0000][1][safepoint    ] Safepoint "Cleanup", Time since last: 1000125869 ns, Reaching safepoint: 83099 ns, At safepoint: 6734 ns, Total: 89833 ns
[2020-09-11T14:14:33.351+0000][1][safepoint    ] Safepoint "Cleanup", Time since last: 2000320643 ns, Reaching safepoint: 93131 ns, At safepoint: 7365 ns, Total: 100496 ns
[2020-09-11T14:14:34.351+0000][1][safepoint    ] Safepoint "Cleanup", Time since last: 1000172966 ns, Reaching safepoint: 142176 ns, At safepoint: 17427 ns, Total: 159603 ns
[2020-09-11T14:14:35.352+0000][1][safepoint    ] Safepoint "Cleanup", Time since last: 1000208922 ns, Reaching safepoint: 140031 ns, At safepoint: 17090 ns, Total: 157121 ns
[2020-09-11T14:14:36.352+0000][1][safepoint    ] Safepoint "Cleanup", Time since last: 1000193367 ns, Reaching safepoint: 117386 ns, At safepoint: 7189 ns, Total: 124575 ns
[2020-09-11T14:14:37.352+0000][1][safepoint    ] Safepoint "Cleanup", Time since last: 1000185036 ns, Reaching safepoint: 177487 ns, At safepoint: 19595 ns, Total: 197082 ns
[2020-09-11T14:14:38.101+0000][1][safepoint    ] Safepoint "RevokeBias", Time since last: 748293646 ns, Reaching safepoint: 282957 ns, At safepoint: 25649 ns, Total: 308606 ns
[2020-09-11T14:14:39.102+0000][1][safepoint    ] Safepoint "Cleanup", Time since last: 1000703472 ns, Reaching safepoint: 128416 ns, At safepoint: 6879 ns, Total: 135295 ns
[2020-09-11T14:14:40.032+0000][1][gc,start     ] GC(69) Pause Young (Allocation Failure)
[2020-09-11T14:14:40.032+0000][1][gc,task      ] GC(69) Using 1 workers of 1 for evacuation
[2020-09-11T14:14:40.047+0000][1][gc,age       ] GC(69) Desired survivor size 4358144 bytes, new threshold 5 (max threshold 6)
[2020-09-11T14:14:40.047+0000][1][gc,age       ] GC(69) Age table with threshold 5 (max threshold 6)
[2020-09-11T14:14:40.047+0000][1][gc,age       ] GC(69) - age   1:     282880 bytes,     282880 total
[2020-09-11T14:14:40.047+0000][1][gc,age       ] GC(69) - age   2:     226208 bytes,     509088 total
[2020-09-11T14:14:40.047+0000][1][gc,age       ] GC(69) - age   3:    1035000 bytes,    1544088 total
[2020-09-11T14:14:40.047+0000][1][gc,age       ] GC(69) - age   4:     913920 bytes,    2458008 total
[2020-09-11T14:14:40.047+0000][1][gc,age       ] GC(69) - age   5:    2014272 bytes,    4472280 total
[2020-09-11T14:14:40.047+0000][1][gc,heap      ] GC(69) ParNew: 75524K->4930K(76672K)
[2020-09-11T14:14:40.047+0000][1][gc,heap      ] GC(69) CMS: 62869K->62869K(439104K)
[2020-09-11T14:14:40.047+0000][1][gc,metaspace ] GC(69) Metaspace: 80652K->80652K(1124352K)
[2020-09-11T14:14:40.047+0000][1][gc           ] GC(69) Pause Young (Allocation Failure) 135M->66M(503M) 14.601ms
[2020-09-11T14:14:40.047+0000][1][gc,cpu       ] GC(69) User=0.01s Sys=0.00s Real=0.02s
[2020-09-11T14:14:40.047+0000][1][safepoint    ] Safepoint "GenCollectForAllocation", Time since last: 930390117 ns, Reaching safepoint: 207539 ns, At safepoint: 14918887 ns, Total: 15126426 ns
[2020-09-11T14:14:41.051+0000][1][safepoint    ] Safepoint "Cleanup", Time since last: 1003534920 ns, Reaching safepoint: 64620 ns, At safepoint: 16879 ns, Total: 81499 ns
[2020-09-11T14:14:42.051+0000][1][safepoint    ] Safepoint "Cleanup", Time since last: 1000175893 ns, Reaching safepoint: 131134 ns, At safepoint: 16130 ns, Total: 147264 ns
[2020-09-11T14:14:43.051+0000][1][safepoint    ] Safepoint "Cleanup", Time since last: 1000169775 ns, Reaching safepoint: 84184 ns, At safepoint: 6383 ns, Total: 90567 ns
[2020-09-11T14:14:44.052+0000][1][safepoint    ] Safepoint "Cleanup", Time since last: 1000188695 ns, Reaching safepoint: 136804 ns, At safepoint: 16949 ns, Total: 153753 ns
[2020-09-11T14:14:45.052+0000][1][safepoint    ] Safepoint "Cleanup", Time since last: 1000211648 ns, Reaching safepoint: 140790 ns, At safepoint: 16674 ns, Total: 157464 ns
[2020-09-11T14:14:46.052+0000][1][safepoint    ] Safepoint "Cleanup", Time since last: 1000170878 ns, Reaching safepoint: 100464 ns, At safepoint: 5411 ns, Total: 105875 ns
[2020-09-11T14:14:47.053+0000][1][safepoint    ] Safepoint "Cleanup", Time since last: 1000168008 ns, Reaching safepoint: 99314 ns, At safepoint: 6857 ns, Total: 106171 ns
[2020-09-11T14:14:48.053+0000][1][safepoint    ] Safepoint "Cleanup", Time since last: 1000185030 ns, Reaching safepoint: 106406 ns, At safepoint: 6244 ns, Total: 112650 ns
[2020-09-11T14:14:49.053+0000][1][safepoint    ] Safepoint "Cleanup", Time since last: 1000175272 ns, Reaching safepoint: 103111 ns, At safepoint: 7066 ns, Total: 110177 ns
[2020-09-11T14:14:50.054+0000][1][safepoint    ] Safepoint "Cleanup", Time since last: 1000155030 ns, Reaching safepoint: 109740 ns, At safepoint: 6458 ns, Total: 116198 ns
[2020-09-11T14:14:51.054+0000][1][safepoint    ] Safepoint "Cleanup", Time since last: 1000177128 ns, Reaching safepoint: 102116 ns, At safepoint: 7259 ns, Total: 109375 ns
[2020-09-11T14:14:52.054+0000][1][safepoint    ] Safepoint "Cleanup", Time since last: 1000182481 ns, Reaching safepoint: 135835 ns, At safepoint: 16478 ns, Total: 152313 ns
[2020-09-11T14:14:53.055+0000][1][safepoint    ] Safepoint "Cleanup", Time since last: 1000229056 ns, Reaching safepoint: 203751 ns, At safepoint: 19491 ns, Total: 223242 ns
[2020-09-11T14:14:54.055+0000][1][safepoint    ] Safepoint "Cleanup", Time since last: 1000191529 ns, Reaching safepoint: 137623 ns, At safepoint: 17299 ns, Total: 154922 ns
[2020-09-11T14:14:55.056+0000][1][safepoint    ] Safepoint "Cleanup", Time since last: 1001208380 ns, Reaching safepoint: 143322 ns, At safepoint: 17182 ns, Total: 160504 ns
[2020-09-11T14:14:56.057+0000][1][safepoint    ] Safepoint "Cleanup", Time since last: 1000221661 ns, Reaching safepoint: 103464 ns, At safepoint: 6197 ns, Total: 109661 ns
[2020-09-11T14:14:57.057+0000][1][safepoint    ] Safepoint "Cleanup", Time since last: 1000147250 ns, Reaching safepoint: 134465 ns, At safepoint: 17039 ns, Total: 151504 ns
[2020-09-11T14:14:58.057+0000][1][safepoint    ] Safepoint "Cleanup", Time since last: 1000212676 ns, Reaching safepoint: 146593 ns, At safepoint: 16882 ns, Total: 163475 ns
[2020-09-11T14:14:59.058+0000][1][safepoint    ] Safepoint "Cleanup", Time since last: 1000225134 ns, Reaching safepoint: 97425 ns, At safepoint: 7628 ns, Total: 105053 ns
[2020-09-11T14:15:00.059+0000][1][safepoint    ] Safepoint "Cleanup", Time since last: 1000762772 ns, Reaching safepoint: 104013 ns, At safepoint: 7414 ns, Total: 111427 ns
[2020-09-11T14:15:01.059+0000][1][safepoint    ] Safepoint "Cleanup", Time since last: 1000203849 ns, Reaching safepoint: 134325 ns, At safepoint: 17610 ns, Total: 151935 ns
[2020-09-11T14:15:02.060+0000][1][safepoint    ] Safepoint "Cleanup", Time since last: 1000184046 ns, Reaching safepoint: 381552 ns, At safepoint: 20958 ns, Total: 402510 ns
[2020-09-11T14:15:03.060+0000][1][safepoint    ] Safepoint "Cleanup", Time since last: 1000253341 ns, Reaching safepoint: 133646 ns, At safepoint: 17648 ns, Total: 151294 ns
[2020-09-11T14:15:04.060+0000][1][safepoint    ] Safepoint "Cleanup", Time since last: 1000222033 ns, Reaching safepoint: 129985 ns, At safepoint: 16839 ns, Total: 146824 ns
[2020-09-11T14:15:05.062+0000][1][safepoint    ] Safepoint "Cleanup", Time since last: 1001085086 ns, Reaching safepoint: 134144 ns, At safepoint: 17033 ns, Total: 151177 ns
[2020-09-11T14:15:06.062+0000][1][safepoint    ] Safepoint "Cleanup", Time since last: 1000204170 ns, Reaching safepoint: 130440 ns, At safepoint: 16498 ns, Total: 146938 ns
[2020-09-11T14:15:07.062+0000][1][safepoint    ] Safepoint "Cleanup", Time since last: 1000212349 ns, Reaching safepoint: 135451 ns, At safepoint: 17085 ns, Total: 152536 ns
[2020-09-11T14:15:08.063+0000][1][safepoint    ] Safepoint "Cleanup", Time since last: 1000197207 ns, Reaching safepoint: 147565 ns, At safepoint: 18182 ns, Total: 165747 ns
[2020-09-11T14:15:09.063+0000][1][safepoint    ] Safepoint "Cleanup", Time since last: 1000213093 ns, Reaching safepoint: 127342 ns, At safepoint: 17457 ns, Total: 144799 ns
[2020-09-11T14:15:10.064+0000][1][safepoint    ] Safepoint "Cleanup", Time since last: 1000911523 ns, Reaching safepoint: 129417 ns, At safepoint: 16374 ns, Total: 145791 ns
[2020-09-11T14:15:11.064+0000][1][safepoint    ] Safepoint "Cleanup", Time since last: 1000213254 ns, Reaching safepoint: 119741 ns, At safepoint: 16969 ns, Total: 136710 ns
[2020-09-11T14:15:12.065+0000][1][safepoint    ] Safepoint "Cleanup", Time since last: 1000230063 ns, Reaching safepoint: 139507 ns, At safepoint: 16946 ns, Total: 156453 ns
[2020-09-11T14:15:13.065+0000][1][safepoint    ] Safepoint "Cleanup", Time since last: 1000231912 ns, Reaching safepoint: 93687 ns, At safepoint: 7687 ns, Total: 101374 ns
[2020-09-11T14:15:14.065+0000][1][safepoint    ] Safepoint "Cleanup", Time since last: 1000205252 ns, Reaching safepoint: 97323 ns, At safepoint: 6183 ns, Total: 103506 ns
[2020-09-11T14:15:15.066+0000][1][safepoint    ] Safepoint "Cleanup", Time since last: 1000772365 ns, Reaching safepoint: 126663 ns, At safepoint: 7735 ns, Total: 134398 ns
[2020-09-11T14:15:16.067+0000][1][safepoint    ] Safepoint "Cleanup", Time since last: 1000198255 ns, Reaching safepoint: 124356 ns, At safepoint: 16447 ns, Total: 140803 ns
[2020-09-11T14:15:17.067+0000][1][safepoint    ] Safepoint "Cleanup", Time since last: 1000202279 ns, Reaching safepoint: 150602 ns, At safepoint: 17717 ns, Total: 168319 ns
[2020-09-11T14:15:18.067+0000][1][safepoint    ] Safepoint "Cleanup", Time since last: 1000181080 ns, Reaching safepoint: 176886 ns, At safepoint: 14673 ns, Total: 191559 ns
[2020-09-11T14:15:19.068+0000][1][safepoint    ] Safepoint "Cleanup", Time since last: 1000214686 ns, Reaching safepoint: 132648 ns, At safepoint: 16731 ns, Total: 149379 ns
[2020-09-11T14:15:20.069+0000][1][safepoint    ] Safepoint "Cleanup", Time since last: 1000843740 ns, Reaching safepoint: 132838 ns, At safepoint: 16220 ns, Total: 149058 ns
[2020-09-11T14:15:21.069+0000][1][safepoint    ] Safepoint "Cleanup", Time since last: 1000214542 ns, Reaching safepoint: 143235 ns, At safepoint: 17524 ns, Total: 160759 ns
[2020-09-11T14:15:22.070+0000][1][safepoint    ] Safepoint "Cleanup", Time since last: 1000233611 ns, Reaching safepoint: 131762 ns, At safepoint: 17033 ns, Total: 148795 ns
[2020-09-11T14:15:23.070+0000][1][safepoint    ] Safepoint "Cleanup", Time since last: 1000266268 ns, Reaching safepoint: 148768 ns, At safepoint: 18038 ns, Total: 166806 ns
[2020-09-11T14:15:24.070+0000][1][safepoint    ] Safepoint "Cleanup", Time since last: 1000190409 ns, Reaching safepoint: 228724 ns, At safepoint: 7233 ns, Total: 235957 ns
[2020-09-11T14:15:25.071+0000][1][safepoint    ] Safepoint "Cleanup", Time since last: 1000630148 ns, Reaching safepoint: 95384 ns, At safepoint: 7423 ns, Total: 102807 ns
[2020-09-11T14:15:26.071+0000][1][safepoint    ] Safepoint "Cleanup", Time since last: 1000227145 ns, Reaching safepoint: 93780 ns, At safepoint: 5984 ns, Total: 99764 ns
[2020-09-11T14:15:27.015+0000][1][gc,start     ] GC(70) Pause Young (Allocation Failure)
[2020-09-11T14:15:27.015+0000][1][gc,task      ] GC(70) Using 1 workers of 1 for evacuation
[2020-09-11T14:15:27.033+0000][1][gc,age       ] GC(70) Desired survivor size 4358144 bytes, new threshold 6 (max threshold 6)
[2020-09-11T14:15:27.033+0000][1][gc,age       ] GC(70) Age table with threshold 6 (max threshold 6)
[2020-09-11T14:15:27.033+0000][1][gc,age       ] GC(70) - age   1:     165312 bytes,     165312 total
[2020-09-11T14:15:27.033+0000][1][gc,age       ] GC(70) - age   2:     136232 bytes,     301544 total
[2020-09-11T14:15:27.033+0000][1][gc,age       ] GC(70) - age   3:     223496 bytes,     525040 total
[2020-09-11T14:15:27.033+0000][1][gc,age       ] GC(70) - age   4:    1033488 bytes,    1558528 total
[2020-09-11T14:15:27.033+0000][1][gc,age       ] GC(70) - age   5:     912680 bytes,    2471208 total
[2020-09-11T14:15:27.033+0000][1][gc,heap      ] GC(70) ParNew: 73090K->3891K(76672K)
[2020-09-11T14:15:27.033+0000][1][gc,heap      ] GC(70) CMS: 62869K->64881K(439104K)
[2020-09-11T14:15:27.033+0000][1][gc,metaspace ] GC(70) Metaspace: 80786K->80786K(1124352K)
[2020-09-11T14:15:27.033+0000][1][gc           ] GC(70) Pause Young (Allocation Failure) 132M->67M(503M) 18.426ms
[2020-09-11T14:15:27.033+0000][1][gc,cpu       ] GC(70) User=0.01s Sys=0.00s Real=0.02s
[2020-09-11T14:15:27.033+0000][1][safepoint    ] Safepoint "GenCollectForAllocation", Time since last: 943115856 ns, Reaching safepoint: 235179 ns, At safepoint: 18497356 ns, Total: 18732535 ns
[2020-09-11T14:15:28.036+0000][1][safepoint    ] Safepoint "Cleanup", Time since last: 1002934215 ns, Reaching safepoint: 102581 ns, At safepoint: 6895 ns, Total: 109476 ns
[2020-09-11T14:15:29.037+0000][1][safepoint    ] Safepoint "Cleanup", Time since last: 1000173495 ns, Reaching safepoint: 92974 ns, At safepoint: 6761 ns, Total: 99735 ns
[2020-09-11T14:15:30.037+0000][1][safepoint    ] Safepoint "Cleanup", Time since last: 1000115255 ns, Reaching safepoint: 84194 ns, At safepoint: 7280 ns, Total: 91474 ns
[2020-09-11T14:15:31.037+0000][1][safepoint    ] Safepoint "Cleanup", Time since last: 1000170906 ns, Reaching safepoint: 133513 ns, At safepoint: 16495 ns, Total: 150008 ns
[2020-09-11T14:15:32.038+0000][1][safepoint    ] Safepoint "Cleanup", Time since last: 1000234488 ns, Reaching safepoint: 153202 ns, At safepoint: 17273 ns, Total: 170475 ns
[2020-09-11T14:15:33.038+0000][1][safepoint    ] Safepoint "Cleanup", Time since last: 1000183167 ns, Reaching safepoint: 142119 ns, At safepoint: 16919 ns, Total: 159038 ns
[2020-09-11T14:15:34.038+0000][1][safepoint    ] Safepoint "Cleanup", Time since last: 1000153849 ns, Reaching safepoint: 96010 ns, At safepoint: 7253 ns, Total: 103263 ns
[2020-09-11T14:15:35.038+0000][1][safepoint    ] Safepoint "Cleanup", Time since last: 1000173837 ns, Reaching safepoint: 108298 ns, At safepoint: 6920 ns, Total: 115218 ns
[2020-09-11T14:15:36.039+0000][1][safepoint    ] Safepoint "Cleanup", Time since last: 1000154905 ns, Reaching safepoint: 113027 ns, At safepoint: 7064 ns, Total: 120091 ns
[2020-09-11T14:15:37.039+0000][1][safepoint    ] Safepoint "Cleanup", Time since last: 1000169177 ns, Reaching safepoint: 120957 ns, At safepoint: 16328 ns, Total: 137285 ns
[2020-09-11T14:15:38.039+0000][1][safepoint    ] Safepoint "Cleanup", Time since last: 1000176006 ns, Reaching safepoint: 142306 ns, At safepoint: 16999 ns, Total: 159305 ns
[2020-09-11T14:15:39.040+0000][1][safepoint    ] Safepoint "Cleanup", Time since last: 1000194098 ns, Reaching safepoint: 120181 ns, At safepoint: 6481 ns, Total: 126662 ns
[2020-09-11T14:15:40.047+0000][1][safepoint    ] Safepoint "Cleanup", Time since last: 1006702612 ns, Reaching safepoint: 144315 ns, At safepoint: 17600 ns, Total: 161915 ns
[2020-09-11T14:15:41.047+0000][1][safepoint    ] Safepoint "Cleanup", Time since last: 1000212007 ns, Reaching safepoint: 126544 ns, At safepoint: 15529 ns, Total: 142073 ns
[2020-09-11T14:15:42.047+0000][1][safepoint    ] Safepoint "Cleanup", Time since last: 1000262474 ns, Reaching safepoint: 135170 ns, At safepoint: 17444 ns, Total: 152614 ns
[2020-09-11T14:15:43.048+0000][1][safepoint    ] Safepoint "Cleanup", Time since last: 1000186775 ns, Reaching safepoint: 74403 ns, At safepoint: 6049 ns, Total: 80452 ns
[2020-09-11T14:15:44.048+0000][1][safepoint    ] Safepoint "Cleanup", Time since last: 1000213742 ns, Reaching safepoint: 91126 ns, At safepoint: 6487 ns, Total: 97613 ns
[2020-09-11T14:15:45.048+0000][1][safepoint    ] Safepoint "Cleanup", Time since last: 1000194357 ns, Reaching safepoint: 135447 ns, At safepoint: 16568 ns, Total: 152015 ns
[2020-09-11T14:15:46.049+0000][1][safepoint    ] Safepoint "Cleanup", Time since last: 1000189095 ns, Reaching safepoint: 128656 ns, At safepoint: 16067 ns, Total: 144723 ns
[2020-09-11T14:15:47.049+0000][1][safepoint    ] Safepoint "Cleanup", Time since last: 1000225481 ns, Reaching safepoint: 99426 ns, At safepoint: 6252 ns, Total: 105678 ns
[2020-09-11T14:15:48.049+0000][1][safepoint    ] Safepoint "Cleanup", Time since last: 1000180325 ns, Reaching safepoint: 153596 ns, At safepoint: 18880 ns, Total: 172476 ns
[2020-09-11T14:15:49.050+0000][1][safepoint    ] Safepoint "Cleanup", Time since last: 1000201454 ns, Reaching safepoint: 77167 ns, At safepoint: 6621 ns, Total: 83788 ns
[2020-09-11T14:15:50.050+0000][1][safepoint    ] Safepoint "Cleanup", Time since last: 1000192018 ns, Reaching safepoint: 84105 ns, At safepoint: 7058 ns, Total: 91163 ns
[2020-09-11T14:15:51.050+0000][1][safepoint    ] Safepoint "Cleanup", Time since last: 1000154926 ns, Reaching safepoint: 95055 ns, At safepoint: 6080 ns, Total: 101135 ns
[2020-09-11T14:15:52.050+0000][1][safepoint    ] Safepoint "Cleanup", Time since last: 1000157372 ns, Reaching safepoint: 127152 ns, At safepoint: 17193 ns, Total: 144345 ns
[2020-09-11T14:15:53.051+0000][1][safepoint    ] Safepoint "Cleanup", Time since last: 1000203252 ns, Reaching safepoint: 126520 ns, At safepoint: 6397 ns, Total: 132917 ns
[2020-09-11T14:15:54.051+0000][1][safepoint    ] Safepoint "Cleanup", Time since last: 1000166822 ns, Reaching safepoint: 126250 ns, At safepoint: 15766 ns, Total: 142016 ns
[2020-09-11T14:15:55.051+0000][1][safepoint    ] Safepoint "Cleanup", Time since last: 1000209970 ns, Reaching safepoint: 111412 ns, At safepoint: 6611 ns, Total: 118023 ns
[2020-09-11T14:15:56.052+0000][1][safepoint    ] Safepoint "Cleanup", Time since last: 1000173535 ns, Reaching safepoint: 140061 ns, At safepoint: 17213 ns, Total: 157274 ns
[2020-09-11T14:15:57.052+0000][1][safepoint    ] Safepoint "Cleanup", Time since last: 1000186569 ns, Reaching safepoint: 110650 ns, At safepoint: 6259 ns, Total: 116909 ns
[2020-09-11T14:15:58.052+0000][1][safepoint    ] Safepoint "Cleanup", Time since last: 1000138704 ns, Reaching safepoint: 104542 ns, At safepoint: 25041 ns, Total: 129583 ns
[2020-09-11T14:15:59.056+0000][1][safepoint    ] Safepoint "Cleanup", Time since last: 1003193308 ns, Reaching safepoint: 163452 ns, At safepoint: 18843 ns, Total: 182295 ns
[2020-09-11T14:16:00.056+0000][1][safepoint    ] Safepoint "Cleanup", Time since last: 1000208474 ns, Reaching safepoint: 147779 ns, At safepoint: 17821 ns, Total: 165600 ns
[2020-09-11T14:16:03.057+0000][1][safepoint    ] Safepoint "Cleanup", Time since last: 3000455377 ns, Reaching safepoint: 127868 ns, At safepoint: 7942 ns, Total: 135810 ns
[2020-09-11T14:16:04.057+0000][1][safepoint    ] Safepoint "Cleanup", Time since last: 1000184081 ns, Reaching safepoint: 111765 ns, At safepoint: 8217 ns, Total: 119982 ns
[2020-09-11T14:16:05.057+0000][1][safepoint    ] Safepoint "Cleanup", Time since last: 1000164730 ns, Reaching safepoint: 149082 ns, At safepoint: 17584 ns, Total: 166666 ns
[2020-09-11T14:16:07.058+0000][1][safepoint    ] Safepoint "Cleanup", Time since last: 2000308957 ns, Reaching safepoint: 135350 ns, At safepoint: 16368 ns, Total: 151718 ns
[2020-09-11T14:16:08.058+0000][1][safepoint    ] Safepoint "Cleanup", Time since last: 1000242264 ns, Reaching safepoint: 91704 ns, At safepoint: 7432 ns, Total: 99136 ns
[2020-09-11T14:16:09.058+0000][1][safepoint    ] Safepoint "Cleanup", Time since last: 1000205018 ns, Reaching safepoint: 89830 ns, At safepoint: 6731 ns, Total: 96561 ns
[2020-09-11T14:16:10.059+0000][1][safepoint    ] Safepoint "Cleanup", Time since last: 1000204934 ns, Reaching safepoint: 92670 ns, At safepoint: 6118 ns, Total: 98788 ns
[2020-09-11T14:16:11.059+0000][1][safepoint    ] Safepoint "Cleanup", Time since last: 1000155085 ns, Reaching safepoint: 128328 ns, At safepoint: 17123 ns, Total: 145451 ns
[2020-09-11T14:16:12.059+0000][1][safepoint    ] Safepoint "Cleanup", Time since last: 1000215557 ns, Reaching safepoint: 67810 ns, At safepoint: 7436 ns, Total: 75246 ns
[2020-09-11T14:16:12.582+0000][1][gc,start     ] GC(71) Pause Young (Allocation Failure)
[2020-09-11T14:16:12.582+0000][1][gc,task      ] GC(71) Using 1 workers of 1 for evacuation
[2020-09-11T14:16:12.593+0000][1][gc,age       ] GC(71) Desired survivor size 4358144 bytes, new threshold 6 (max threshold 6)
[2020-09-11T14:16:12.593+0000][1][gc,age       ] GC(71) Age table with threshold 6 (max threshold 6)
[2020-09-11T14:16:12.593+0000][1][gc,age       ] GC(71) - age   1:      26536 bytes,      26536 total
[2020-09-11T14:16:12.593+0000][1][gc,age       ] GC(71) - age   2:      28336 bytes,      54872 total
[2020-09-11T14:16:12.593+0000][1][gc,age       ] GC(71) - age   3:     129928 bytes,     184800 total
[2020-09-11T14:16:12.593+0000][1][gc,age       ] GC(71) - age   4:     223496 bytes,     408296 total
[2020-09-11T14:16:12.593+0000][1][gc,age       ] GC(71) - age   5:    1033488 bytes,    1441784 total
[2020-09-11T14:16:12.593+0000][1][gc,age       ] GC(71) - age   6:     912680 bytes,    2354464 total
[2020-09-11T14:16:12.593+0000][1][gc,heap      ] GC(71) ParNew: 72051K->2782K(76672K)
[2020-09-11T14:16:12.593+0000][1][gc,heap      ] GC(71) CMS: 64881K->64881K(439104K)
[2020-09-11T14:16:12.593+0000][1][gc,metaspace ] GC(71) Metaspace: 80972K->80972K(1124352K)
[2020-09-11T14:16:12.593+0000][1][gc           ] GC(71) Pause Young (Allocation Failure) 133M->66M(503M) 10.806ms
[2020-09-11T14:16:12.593+0000][1][gc,cpu       ] GC(71) User=0.01s Sys=0.00s Real=0.01s
[2020-09-11T14:16:12.593+0000][1][safepoint    ] Safepoint "GenCollectForAllocation", Time since last: 522872006 ns, Reaching safepoint: 189095 ns, At safepoint: 10876164 ns, Total: 11065259 ns
[2020-09-11T14:16:13.597+0000][1][safepoint    ] Safepoint "Cleanup", Time since last: 1003224524 ns, Reaching safepoint: 99618 ns, At safepoint: 20806 ns, Total: 120424 ns
[2020-09-11T14:16:14.597+0000][1][safepoint    ] Safepoint "Cleanup", Time since last: 1000190331 ns, Reaching safepoint: 141768 ns, At safepoint: 36177 ns, Total: 177945 ns
[2020-09-11T14:16:15.597+0000][1][safepoint    ] Safepoint "Cleanup", Time since last: 1000171554 ns, Reaching safepoint: 83817 ns, At safepoint: 7995 ns, Total: 91812 ns
[2020-09-11T14:16:15.814+0000][1][safepoint    ] Safepoint "RevokeBias", Time since last: 216263381 ns, Reaching safepoint: 135206 ns, At safepoint: 8795 ns, Total: 144001 ns
[2020-09-11T14:16:15.814+0000][1][safepoint    ] Safepoint "RevokeBias", Time since last: 89452 ns, Reaching safepoint: 98402 ns, At safepoint: 6158 ns, Total: 104560 ns
[2020-09-11T14:16:15.814+0000][1][safepoint    ] Safepoint "BulkRevokeBias", Time since last: 221025 ns, Reaching safepoint: 182766 ns, At safepoint: 153964 ns, Total: 336730 ns
[2020-09-11T14:16:15.815+0000][1][safepoint    ] Safepoint "RevokeBias", Time since last: 233894 ns, Reaching safepoint: 132113 ns, At safepoint: 8651 ns, Total: 140764 ns
[2020-09-11T14:16:15.815+0000][1][safepoint    ] Safepoint "RevokeBias", Time since last: 112491 ns, Reaching safepoint: 210168 ns, At safepoint: 8583 ns, Total: 218751 ns
[2020-09-11T14:16:15.815+0000][1][safepoint    ] Safepoint "RevokeBias", Time since last: 243436 ns, Reaching safepoint: 99617 ns, At safepoint: 6061 ns, Total: 105678 ns
[2020-09-11T14:16:15.821+0000][1][safepoint    ] Safepoint "RevokeBias", Time since last: 4626716 ns, Reaching safepoint: 1254500 ns, At safepoint: 14934 ns, Total: 1269434 ns
[2020-09-11T14:16:15.822+0000][1][safepoint    ] Safepoint "RevokeBias", Time since last: 138477 ns, Reaching safepoint: 101759 ns, At safepoint: 5991 ns, Total: 107750 ns
[2020-09-11T14:16:15.822+0000][1][safepoint    ] Safepoint "RevokeBias", Time since last: 226988 ns, Reaching safepoint: 248037 ns, At safepoint: 6903 ns, Total: 254940 ns
[2020-09-11T14:16:15.823+0000][1][safepoint    ] Safepoint "RevokeBias", Time since last: 641918 ns, Reaching safepoint: 821978 ns, At safepoint: 8754 ns, Total: 830732 ns
[2020-09-11T14:16:15.827+0000][1][safepoint    ] Safepoint "RevokeBias", Time since last: 1221495 ns, Reaching safepoint: 1994372 ns, At safepoint: 14215 ns, Total: 2008587 ns
[2020-09-11T14:16:15.827+0000][1][safepoint    ] Safepoint "RevokeBias", Time since last: 449401 ns, Reaching safepoint: 306947 ns, At safepoint: 7460 ns, Total: 314407 ns
[2020-09-11T14:16:15.828+0000][1][safepoint    ] Safepoint "RevokeBias", Time since last: 56496 ns, Reaching safepoint: 98366 ns, At safepoint: 6927 ns, Total: 105293 ns
[2020-09-11T14:16:15.828+0000][1][safepoint    ] Safepoint "RevokeBias", Time since last: 48291 ns, Reaching safepoint: 98227 ns, At safepoint: 7021 ns, Total: 105248 ns
[2020-09-11T14:16:15.829+0000][1][safepoint    ] Safepoint "RevokeBias", Time since last: 96600 ns, Reaching safepoint: 727742 ns, At safepoint: 7613 ns, Total: 735355 ns
[2020-09-11T14:16:15.829+0000][1][safepoint    ] Safepoint "RevokeBias", Time since last: 47624 ns, Reaching safepoint: 98090 ns, At safepoint: 6751 ns, Total: 104841 ns
[2020-09-11T14:16:15.829+0000][1][safepoint    ] Safepoint "RevokeBias", Time since last: 194385 ns, Reaching safepoint: 101478 ns, At safepoint: 7128 ns, Total: 108606 ns
[2020-09-11T14:16:15.830+0000][1][safepoint    ] Safepoint "RevokeBias", Time since last: 639859 ns, Reaching safepoint: 432328 ns, At safepoint: 6774 ns, Total: 439102 ns
[2020-09-11T14:16:15.834+0000][1][safepoint    ] Safepoint "RevokeBias", Time since last: 3221662 ns, Reaching safepoint: 705053 ns, At safepoint: 8831 ns, Total: 713884 ns
[2020-09-11T14:16:15.921+0000][1][safepoint    ] Safepoint "RevokeBias", Time since last: 86881441 ns, Reaching safepoint: 64804 ns, At safepoint: 10099 ns, Total: 74903 ns
[2020-09-11T14:16:15.922+0000][1][safepoint    ] Safepoint "RevokeBias", Time since last: 488093 ns, Reaching safepoint: 134278 ns, At safepoint: 8458 ns, Total: 142736 ns
[2020-09-11T14:16:15.923+0000][1][safepoint    ] Safepoint "RevokeBias", Time since last: 968116 ns, Reaching safepoint: 128091 ns, At safepoint: 9102 ns, Total: 137193 ns
[2020-09-11T14:16:15.923+0000][1][safepoint    ] Safepoint "RevokeBias", Time since last: 59910 ns, Reaching safepoint: 116395 ns, At safepoint: 7708 ns, Total: 124103 ns
[2020-09-11T14:16:15.927+0000][1][safepoint    ] Safepoint "RevokeBias", Time since last: 911109 ns, Reaching safepoint: 3588868 ns, At safepoint: 11210 ns, Total: 3600078 ns
[2020-09-11T14:16:15.928+0000][1][safepoint    ] Safepoint "RevokeBias", Time since last: 342712 ns, Reaching safepoint: 119696 ns, At safepoint: 7569 ns, Total: 127265 ns
[2020-09-11T14:16:15.929+0000][1][safepoint    ] Safepoint "RevokeBias", Time since last: 671486 ns, Reaching safepoint: 115228 ns, At safepoint: 18733 ns, Total: 133961 ns
[2020-09-11T14:16:15.929+0000][1][safepoint    ] Safepoint "RevokeBias", Time since last: 110703 ns, Reaching safepoint: 104464 ns, At safepoint: 6139 ns, Total: 110603 ns
[2020-09-11T14:16:15.929+0000][1][safepoint    ] Safepoint "RevokeBias", Time since last: 40525 ns, Reaching safepoint: 97920 ns, At safepoint: 5883 ns, Total: 103803 ns
[2020-09-11T14:16:15.929+0000][1][safepoint    ] Safepoint "RevokeBias", Time since last: 38279 ns, Reaching safepoint: 96518 ns, At safepoint: 5838 ns, Total: 102356 ns
[2020-09-11T14:16:15.930+0000][1][safepoint    ] Safepoint "RevokeBias", Time since last: 399570 ns, Reaching safepoint: 99828 ns, At safepoint: 6149 ns, Total: 105977 ns
[2020-09-11T14:16:15.930+0000][1][safepoint    ] Safepoint "RevokeBias", Time since last: 49672 ns, Reaching safepoint: 95590 ns, At safepoint: 5838 ns, Total: 101428 ns
[2020-09-11T14:16:15.931+0000][1][safepoint    ] Safepoint "RevokeBias", Time since last: 624083 ns, Reaching safepoint: 95977 ns, At safepoint: 5916 ns, Total: 101893 ns
[2020-09-11T14:16:15.931+0000][1][safepoint    ] Safepoint "RevokeBias", Time since last: 43760 ns, Reaching safepoint: 92301 ns, At safepoint: 5366 ns, Total: 97667 ns
[2020-09-11T14:16:15.931+0000][1][safepoint    ] Safepoint "RevokeBias", Time since last: 37962 ns, Reaching safepoint: 91504 ns, At safepoint: 5230 ns, Total: 96734 ns
[2020-09-11T14:16:15.931+0000][1][safepoint    ] Safepoint "RevokeBias", Time since last: 53929 ns, Reaching safepoint: 92475 ns, At safepoint: 5269 ns, Total: 97744 ns
[2020-09-11T14:16:15.931+0000][1][safepoint    ] Safepoint "RevokeBias", Time since last: 56339 ns, Reaching safepoint: 91890 ns, At safepoint: 5362 ns, Total: 97252 ns
[2020-09-11T14:16:15.931+0000][1][safepoint    ] Safepoint "RevokeBias", Time since last: 66184 ns, Reaching safepoint: 181530 ns, At safepoint: 6006 ns, Total: 187536 ns
[2020-09-11T14:16:15.935+0000][1][safepoint    ] Safepoint "RevokeBias", Time since last: 3549176 ns, Reaching safepoint: 145844 ns, At safepoint: 21913 ns, Total: 167757 ns
[2020-09-11T14:16:15.939+0000][1][safepoint    ] Safepoint "RevokeBias", Time since last: 1641213 ns, Reaching safepoint: 1980059 ns, At safepoint: 22404 ns, Total: 2002463 ns
[2020-09-11T14:16:15.985+0000][1][safepoint    ] Safepoint "RevokeBias", Time since last: 36906819 ns, Reaching safepoint: 261795 ns, At safepoint: 9181755 ns, Total: 9443550 ns
[2020-09-11T14:16:15.994+0000][1][safepoint    ] Safepoint "RevokeBias", Time since last: 4643662 ns, Reaching safepoint: 4123930 ns, At safepoint: 203009 ns, Total: 4326939 ns
[2020-09-11T14:16:16.013+0000][1][safepoint    ] Safepoint "RevokeBias", Time since last: 16979189 ns, Reaching safepoint: 1449833 ns, At safepoint: 16668 ns, Total: 1466501 ns
[2020-09-11T14:16:16.016+0000][1][safepoint    ] Safepoint "RevokeBias", Time since last: 451969 ns, Reaching safepoint: 2450221 ns, At safepoint: 19660 ns, Total: 2469881 ns
[2020-09-11T14:16:16.141+0000][1][safepoint    ] Safepoint "BulkRevokeBias", Time since last: 124706083 ns, Reaching safepoint: 1073763 ns, At safepoint: 140960 ns, Total: 1214723 ns
[2020-09-11T14:16:16.191+0000][1][safepoint    ] Safepoint "RevokeBias", Time since last: 47467205 ns, Reaching safepoint: 2570573 ns, At safepoint: 13268 ns, Total: 2583841 ns
[2020-09-11T14:16:16.199+0000][1][safepoint    ] Safepoint "RevokeBias", Time since last: 526020 ns, Reaching safepoint: 7469893 ns, At safepoint: 17368 ns, Total: 7487261 ns
[2020-09-11T14:16:16.211+0000][1][safepoint    ] Safepoint "RevokeBias", Time since last: 8070024 ns, Reaching safepoint: 3149665 ns, At safepoint: 10594 ns, Total: 3160259 ns
[2020-09-11T14:16:16.223+0000][1][safepoint    ] Safepoint "RevokeBias", Time since last: 9926475 ns, Reaching safepoint: 2003027 ns, At safepoint: 10649 ns, Total: 2013676 ns
[2020-09-11T14:16:16.223+0000][1][safepoint    ] Safepoint "RevokeBias", Time since last: 123378 ns, Reaching safepoint: 637086 ns, At safepoint: 5620 ns, Total: 642706 ns
[2020-09-11T14:16:16.227+0000][1][safepoint    ] Safepoint "RevokeBias", Time since last: 1109011 ns, Reaching safepoint: 2912558 ns, At safepoint: 32746 ns, Total: 2945304 ns
[2020-09-11T14:16:16.247+0000][1][safepoint    ] Safepoint "RevokeBias", Time since last: 9267988 ns, Reaching safepoint: 9912909 ns, At safepoint: 11250 ns, Total: 9924159 ns
[2020-09-11T14:16:16.252+0000][1][gc,heap,exit ] Heap
[2020-09-11T14:16:16.252+0000][1][gc,heap,exit ]  par new generation   total 76672K, used 15504K [0x00000000e0000000, 0x00000000e5330000, 0x00000000e5330000)
[2020-09-11T14:16:16.252+0000][1][gc,heap,exit ]   eden space 68160K,  18% used [0x00000000e0000000, 0x00000000e0c6c6a0, 0x00000000e4290000)
[2020-09-11T14:16:16.252+0000][1][gc,heap,exit ]   from space 8512K,  32% used [0x00000000e4ae0000, 0x00000000e4d97bd0, 0x00000000e5330000)
[2020-09-11T14:16:16.252+0000][1][gc,heap,exit ]   to   space 8512K,   0% used [0x00000000e4290000, 0x00000000e4290000, 0x00000000e4ae0000)
[2020-09-11T14:16:16.252+0000][1][gc,heap,exit ]  concurrent mark-sweep generation total 439104K, used 64881K [0x00000000e5330000, 0x0000000100000000, 0x0000000100000000)
[2020-09-11T14:16:16.252+0000][1][gc,heap,exit ]  Metaspace       used 81127K, capacity 87542K, committed 87668K, reserved 1124352K
[2020-09-11T14:16:16.252+0000][1][gc,heap,exit ]   class space    used 10866K, capacity 13500K, committed 13536K, reserved 1048576K
