[2020-09-11T16:23:41.809+0000][1][gc] Using Concurrent Mark Sweep
[2020-09-11T16:23:41.809+0000][1][gc,heap,coops] Heap address: 0x00000000e0000000, size: 512 MB, Compressed Oops mode: 32-bit
[2020-09-11T16:23:42.140+0000][1][safepoint    ] Safepoint "EnableBiasedLocking", Time since last: 293401605 ns, Reaching safepoint: 11135894 ns, At safepoint: 43991 ns, Total: 11179885 ns
[2020-09-11T16:23:42.161+0000][1][safepoint    ] Safepoint "RevokeBias", Time since last: 12601738 ns, Reaching safepoint: 8562956 ns, At safepoint: 65589 ns, Total: 8628545 ns
[2020-09-11T16:23:42.238+0000][1][safepoint    ] Safepoint "Deoptimize", Time since last: 73433812 ns, Reaching safepoint: 3755548 ns, At safepoint: 28977 ns, Total: 3784525 ns
[2020-09-11T16:23:43.097+0000][1][safepoint    ] Safepoint "RevokeBias", Time since last: 854690958 ns, Reaching safepoint: 4039347 ns, At safepoint: 50320 ns, Total: 4089667 ns
[2020-09-11T16:23:43.231+0000][1][safepoint    ] Safepoint "Deoptimize", Time since last: 129211169 ns, Reaching safepoint: 5058997 ns, At safepoint: 53739 ns, Total: 5112736 ns
[2020-09-11T16:23:43.517+0000][1][safepoint    ] Safepoint "Deoptimize", Time since last: 285252594 ns, Reaching safepoint: 338220 ns, At safepoint: 44936 ns, Total: 383156 ns
[2020-09-11T16:23:44.521+0000][1][safepoint    ] Safepoint "Cleanup", Time since last: 1003589667 ns, Reaching safepoint: 135024 ns, At safepoint: 6028 ns, Total: 141052 ns
[2020-09-11T16:23:45.521+0000][1][safepoint    ] Safepoint "Cleanup", Time since last: 1000126337 ns, Reaching safepoint: 114790 ns, At safepoint: 5579 ns, Total: 120369 ns
[2020-09-11T16:23:46.469+0000][1][safepoint    ] Safepoint "Deoptimize", Time since last: 947503761 ns, Reaching safepoint: 119327 ns, At safepoint: 63982 ns, Total: 183309 ns
[2020-09-11T16:23:46.885+0000][1][safepoint    ] Safepoint "Deoptimize", Time since last: 416295717 ns, Reaching safepoint: 102585 ns, At safepoint: 70295 ns, Total: 172880 ns
[2020-09-11T16:23:47.253+0000][1][safepoint    ] Safepoint "Deoptimize", Time since last: 364910927 ns, Reaching safepoint: 2819598 ns, At safepoint: 111351 ns, Total: 2930949 ns
[2020-09-11T16:23:48.113+0000][1][safepoint    ] Safepoint "Deoptimize", Time since last: 859965268 ns, Reaching safepoint: 101594 ns, At safepoint: 77056 ns, Total: 178650 ns
[2020-09-11T16:23:49.164+0000][1][safepoint    ] Safepoint "Cleanup", Time since last: 1023816634 ns, Reaching safepoint: 26800451 ns, At safepoint: 8377 ns, Total: 26808828 ns
[2020-09-11T16:23:49.598+0000][1][safepoint    ] Safepoint "Deoptimize", Time since last: 426247289 ns, Reaching safepoint: 8536326 ns, At safepoint: 96232 ns, Total: 8632558 ns
[2020-09-11T16:23:50.605+0000][1][safepoint    ] Safepoint "Cleanup", Time since last: 1006300298 ns, Reaching safepoint: 46109 ns, At safepoint: 5153 ns, Total: 51262 ns
[2020-09-11T16:23:51.607+0000][1][safepoint    ] Safepoint "Cleanup", Time since last: 1002305654 ns, Reaching safepoint: 121589 ns, At safepoint: 6608 ns, Total: 128197 ns
[2020-09-11T16:23:51.622+0000][1][safepoint    ] Safepoint "Deoptimize", Time since last: 14725328 ns, Reaching safepoint: 103182 ns, At safepoint: 95341 ns, Total: 198523 ns
[2020-09-11T16:23:52.622+0000][1][safepoint    ] Safepoint "Cleanup", Time since last: 1000146416 ns, Reaching safepoint: 122659 ns, At safepoint: 5807 ns, Total: 128466 ns
[2020-09-11T16:23:53.625+0000][1][safepoint    ] Safepoint "Cleanup", Time since last: 1002315678 ns, Reaching safepoint: 124064 ns, At safepoint: 4990 ns, Total: 129054 ns
[2020-09-11T16:23:53.977+0000][1][safepoint    ] Safepoint "Deoptimize", Time since last: 351895163 ns, Reaching safepoint: 102004 ns, At safepoint: 114269 ns, Total: 216273 ns
[2020-09-11T16:23:53.977+0000][1][safepoint    ] Safepoint "Deoptimize", Time since last: 183260 ns, Reaching safepoint: 5989 ns, At safepoint: 40717 ns, Total: 46706 ns
[2020-09-11T16:23:54.345+0000][1][safepoint    ] Safepoint "Deoptimize", Time since last: 366487921 ns, Reaching safepoint: 965154 ns, At safepoint: 137817 ns, Total: 1102971 ns
[2020-09-11T16:23:54.359+0000][1][safepoint    ] Safepoint "Deoptimize", Time since last: 13608278 ns, Reaching safepoint: 104063 ns, At safepoint: 124741 ns, Total: 228804 ns
[2020-09-11T16:23:54.417+0000][1][safepoint    ] Safepoint "RevokeBias", Time since last: 57114079 ns, Reaching safepoint: 1047861 ns, At safepoint: 35052 ns, Total: 1082913 ns
[2020-09-11T16:23:54.420+0000][1][safepoint    ] Safepoint "RevokeBias", Time since last: 62014 ns, Reaching safepoint: 2785472 ns, At safepoint: 41777 ns, Total: 2827249 ns
[2020-09-11T16:23:54.421+0000][1][safepoint    ] Safepoint "RevokeBias", Time since last: 108387 ns, Reaching safepoint: 931416 ns, At safepoint: 27623 ns, Total: 959039 ns
[2020-09-11T16:23:54.423+0000][1][safepoint    ] Safepoint "RevokeBias", Time since last: 185016 ns, Reaching safepoint: 1967493 ns, At safepoint: 50521 ns, Total: 2018014 ns
[2020-09-11T16:23:54.924+0000][1][safepoint    ] Safepoint "RevokeBias", Time since last: 499858415 ns, Reaching safepoint: 1001922 ns, At safepoint: 22941 ns, Total: 1024863 ns
[2020-09-11T16:23:55.927+0000][1][safepoint    ] Safepoint "Cleanup", Time since last: 1002278231 ns, Reaching safepoint: 1190012 ns, At safepoint: 10495 ns, Total: 1200507 ns
[2020-09-11T16:23:56.946+0000][1][safepoint    ] Safepoint "Cleanup", Time since last: 1013214106 ns, Reaching safepoint: 5274225 ns, At safepoint: 8575 ns, Total: 5282800 ns
[2020-09-11T16:23:57.730+0000][1][gc,start     ] GC(0) Pause Young (Allocation Failure)
[2020-09-11T16:23:57.730+0000][1][gc,task      ] GC(0) Using 1 workers of 1 for evacuation
[2020-09-11T16:23:57.866+0000][1][gc,age       ] GC(0) Desired survivor size 4358144 bytes, new threshold 1 (max threshold 6)
[2020-09-11T16:23:57.866+0000][1][gc,age       ] GC(0) Age table with threshold 1 (max threshold 6)
[2020-09-11T16:23:57.866+0000][1][gc,age       ] GC(0) - age   1:    6411888 bytes,    6411888 total
[2020-09-11T16:23:57.866+0000][1][gc,heap      ] GC(0) ParNew: 68160K->6288K(76672K)
[2020-09-11T16:23:57.866+0000][1][gc,heap      ] GC(0) CMS: 0K->0K(439104K)
[2020-09-11T16:23:57.866+0000][1][gc,metaspace ] GC(0) Metaspace: 13493K->13493K(1060864K)
[2020-09-11T16:23:57.866+0000][1][gc           ] GC(0) Pause Young (Allocation Failure) 66M->6M(503M) 135.957ms
[2020-09-11T16:23:57.866+0000][1][gc,cpu       ] GC(0) User=0.02s Sys=0.00s Real=0.14s
[2020-09-11T16:23:57.895+0000][1][safepoint    ] Safepoint "GenCollectForAllocation", Time since last: 784165532 ns, Reaching safepoint: 107505 ns, At safepoint: 165207130 ns, Total: 165314635 ns
[2020-09-11T16:23:57.919+0000][1][safepoint    ] Safepoint "RevokeBias", Time since last: 23754055 ns, Reaching safepoint: 27147 ns, At safepoint: 50558 ns, Total: 77705 ns
[2020-09-11T16:23:57.919+0000][1][safepoint    ] Safepoint "RevokeBias", Time since last: 113938 ns, Reaching safepoint: 81867 ns, At safepoint: 17237 ns, Total: 99104 ns
[2020-09-11T16:23:57.969+0000][1][safepoint    ] Safepoint "RevokeBias", Time since last: 25746533 ns, Reaching safepoint: 23525969 ns, At safepoint: 55251 ns, Total: 23581220 ns
[2020-09-11T16:23:57.969+0000][1][safepoint    ] Safepoint "RevokeBias", Time since last: 99899 ns, Reaching safepoint: 88414 ns, At safepoint: 33272 ns, Total: 121686 ns
[2020-09-11T16:23:57.969+0000][1][safepoint    ] Safepoint "RevokeBias", Time since last: 57272 ns, Reaching safepoint: 84923 ns, At safepoint: 29561 ns, Total: 114484 ns
[2020-09-11T16:23:57.969+0000][1][safepoint    ] Safepoint "RevokeBias", Time since last: 31488 ns, Reaching safepoint: 80665 ns, At safepoint: 27804 ns, Total: 108469 ns
[2020-09-11T16:23:57.969+0000][1][safepoint    ] Safepoint "RevokeBias", Time since last: 38963 ns, Reaching safepoint: 78632 ns, At safepoint: 23528 ns, Total: 102160 ns
[2020-09-11T16:23:57.970+0000][1][safepoint    ] Safepoint "RevokeBias", Time since last: 27645 ns, Reaching safepoint: 78960 ns, At safepoint: 29140 ns, Total: 108100 ns
[2020-09-11T16:23:57.970+0000][1][safepoint    ] Safepoint "RevokeBias", Time since last: 34498 ns, Reaching safepoint: 79151 ns, At safepoint: 27234 ns, Total: 106385 ns
[2020-09-11T16:23:57.970+0000][1][safepoint    ] Safepoint "RevokeBias", Time since last: 27036 ns, Reaching safepoint: 87349 ns, At safepoint: 23174 ns, Total: 110523 ns
[2020-09-11T16:23:57.970+0000][1][safepoint    ] Safepoint "RevokeBias", Time since last: 44836 ns, Reaching safepoint: 78186 ns, At safepoint: 22514 ns, Total: 100700 ns
[2020-09-11T16:23:57.970+0000][1][safepoint    ] Safepoint "RevokeBias", Time since last: 26673 ns, Reaching safepoint: 76884 ns, At safepoint: 22185 ns, Total: 99069 ns
[2020-09-11T16:23:57.970+0000][1][safepoint    ] Safepoint "RevokeBias", Time since last: 58040 ns, Reaching safepoint: 78487 ns, At safepoint: 26300 ns, Total: 104787 ns
[2020-09-11T16:23:57.970+0000][1][safepoint    ] Safepoint "RevokeBias", Time since last: 26694 ns, Reaching safepoint: 78047 ns, At safepoint: 28000 ns, Total: 106047 ns
[2020-09-11T16:23:57.972+0000][1][safepoint    ] Safepoint "RevokeBias", Time since last: 45333 ns, Reaching safepoint: 1886545 ns, At safepoint: 42054 ns, Total: 1928599 ns
[2020-09-11T16:23:57.973+0000][1][safepoint    ] Safepoint "RevokeBias", Time since last: 55927 ns, Reaching safepoint: 82808 ns, At safepoint: 29241 ns, Total: 112049 ns
[2020-09-11T16:23:57.973+0000][1][safepoint    ] Safepoint "RevokeBias", Time since last: 714099 ns, Reaching safepoint: 83983 ns, At safepoint: 33435 ns, Total: 117418 ns
[2020-09-11T16:23:57.973+0000][1][safepoint    ] Safepoint "RevokeBias", Time since last: 34508 ns, Reaching safepoint: 79022 ns, At safepoint: 26968 ns, Total: 105990 ns
[2020-09-11T16:23:57.974+0000][1][safepoint    ] Safepoint "RevokeBias", Time since last: 39715 ns, Reaching safepoint: 79077 ns, At safepoint: 25500 ns, Total: 104577 ns
[2020-09-11T16:23:57.974+0000][1][safepoint    ] Safepoint "RevokeBias", Time since last: 28658 ns, Reaching safepoint: 88772 ns, At safepoint: 24852 ns, Total: 113624 ns
[2020-09-11T16:23:57.974+0000][1][safepoint    ] Safepoint "RevokeBias", Time since last: 46398 ns, Reaching safepoint: 78337 ns, At safepoint: 23213 ns, Total: 101550 ns
[2020-09-11T16:23:57.974+0000][1][safepoint    ] Safepoint "RevokeBias", Time since last: 27278 ns, Reaching safepoint: 77444 ns, At safepoint: 20850 ns, Total: 98294 ns
[2020-09-11T16:23:57.974+0000][1][safepoint    ] Safepoint "RevokeBias", Time since last: 82395 ns, Reaching safepoint: 77881 ns, At safepoint: 20112 ns, Total: 97993 ns
[2020-09-11T16:23:57.977+0000][1][safepoint    ] Safepoint "RevokeBias", Time since last: 27312 ns, Reaching safepoint: 2503184 ns, At safepoint: 23561 ns, Total: 2526745 ns
[2020-09-11T16:23:57.977+0000][1][safepoint    ] Safepoint "RevokeBias", Time since last: 43170 ns, Reaching safepoint: 78941 ns, At safepoint: 19772 ns, Total: 98713 ns
[2020-09-11T16:23:58.017+0000][1][safepoint    ] Safepoint "RevokeBias", Time since last: 27842466 ns, Reaching safepoint: 12042941 ns, At safepoint: 43353 ns, Total: 12086294 ns
[2020-09-11T16:23:58.017+0000][1][safepoint    ] Safepoint "RevokeBias", Time since last: 105540 ns, Reaching safepoint: 80569 ns, At safepoint: 20222 ns, Total: 100791 ns
[2020-09-11T16:23:58.017+0000][1][safepoint    ] Safepoint "RevokeBias", Time since last: 30243 ns, Reaching safepoint: 77203 ns, At safepoint: 19379 ns, Total: 96582 ns
[2020-09-11T16:23:58.018+0000][1][safepoint    ] Safepoint "RevokeBias", Time since last: 1023776 ns, Reaching safepoint: 81558 ns, At safepoint: 17816 ns, Total: 99374 ns
[2020-09-11T16:23:58.018+0000][1][safepoint    ] Safepoint "RevokeBias", Time since last: 32829 ns, Reaching safepoint: 77525 ns, At safepoint: 18977 ns, Total: 96502 ns
[2020-09-11T16:23:58.205+0000][1][safepoint    ] Safepoint "Deoptimize", Time since last: 186329491 ns, Reaching safepoint: 132909 ns, At safepoint: 195251 ns, Total: 328160 ns
[2020-09-11T16:23:59.209+0000][1][safepoint    ] Safepoint "Cleanup", Time since last: 1003668941 ns, Reaching safepoint: 123514 ns, At safepoint: 6427 ns, Total: 129941 ns
[2020-09-11T16:24:00.211+0000][1][safepoint    ] Safepoint "Cleanup", Time since last: 1002428047 ns, Reaching safepoint: 119031 ns, At safepoint: 6207 ns, Total: 125238 ns
[2020-09-11T16:24:00.533+0000][1][safepoint    ] Safepoint "RevokeBias", Time since last: 321633759 ns, Reaching safepoint: 111870 ns, At safepoint: 39181 ns, Total: 151051 ns
[2020-09-11T16:24:01.537+0000][1][safepoint    ] Safepoint "Cleanup", Time since last: 1003531731 ns, Reaching safepoint: 119930 ns, At safepoint: 7339 ns, Total: 127269 ns
[2020-09-11T16:24:02.544+0000][1][safepoint    ] Safepoint "Cleanup", Time since last: 1003894106 ns, Reaching safepoint: 2706349 ns, At safepoint: 12591 ns, Total: 2718940 ns
[2020-09-11T16:24:03.105+0000][1][safepoint    ] Safepoint "Deoptimize", Time since last: 551292311 ns, Reaching safepoint: 10001190 ns, At safepoint: 209558 ns, Total: 10210748 ns
[2020-09-11T16:24:03.341+0000][1][gc,start     ] GC(1) Pause Young (Allocation Failure)
[2020-09-11T16:24:03.341+0000][1][gc,task      ] GC(1) Using 1 workers of 1 for evacuation
[2020-09-11T16:24:03.536+0000][1][gc,age       ] GC(1) Desired survivor size 4358144 bytes, new threshold 6 (max threshold 6)
[2020-09-11T16:24:03.536+0000][1][gc,age       ] GC(1) Age table with threshold 6 (max threshold 6)
[2020-09-11T16:24:03.536+0000][1][gc,age       ] GC(1) - age   1:    2993288 bytes,    2993288 total
[2020-09-11T16:24:03.536+0000][1][gc,heap      ] GC(1) ParNew: 74448K->4181K(76672K)
[2020-09-11T16:24:03.536+0000][1][gc,heap      ] GC(1) CMS: 0K->6800K(439104K)
[2020-09-11T16:24:03.536+0000][1][gc,metaspace ] GC(1) Metaspace: 17950K->17950K(1064960K)
[2020-09-11T16:24:03.536+0000][1][gc           ] GC(1) Pause Young (Allocation Failure) 72M->10M(503M) 195.588ms
[2020-09-11T16:24:03.536+0000][1][gc,cpu       ] GC(1) User=0.04s Sys=0.00s Real=0.19s
[2020-09-11T16:24:03.549+0000][1][safepoint    ] Safepoint "GenCollectForAllocation", Time since last: 233195637 ns, Reaching safepoint: 2603079 ns, At safepoint: 208167786 ns, Total: 210770865 ns
[2020-09-11T16:24:03.599+0000][1][safepoint    ] Safepoint "BulkRevokeBias", Time since last: 49914517 ns, Reaching safepoint: 254703 ns, At safepoint: 101044 ns, Total: 355747 ns
[2020-09-11T16:24:03.601+0000][1][safepoint    ] Safepoint "RevokeBias", Time since last: 103929 ns, Reaching safepoint: 1433167 ns, At safepoint: 53892 ns, Total: 1487059 ns
[2020-09-11T16:24:03.605+0000][1][safepoint    ] Safepoint "RevokeBias", Time since last: 55345 ns, Reaching safepoint: 3871372 ns, At safepoint: 48196 ns, Total: 3919568 ns
[2020-09-11T16:24:03.607+0000][1][safepoint    ] Safepoint "RevokeBias", Time since last: 41768 ns, Reaching safepoint: 2385487 ns, At safepoint: 60063 ns, Total: 2445550 ns
[2020-09-11T16:24:03.609+0000][1][safepoint    ] Safepoint "RevokeBias", Time since last: 52525 ns, Reaching safepoint: 1450364 ns, At safepoint: 68985 ns, Total: 1519349 ns
[2020-09-11T16:24:03.613+0000][1][safepoint    ] Safepoint "RevokeBias", Time since last: 76809 ns, Reaching safepoint: 3823014 ns, At safepoint: 54997 ns, Total: 3878011 ns
[2020-09-11T16:24:03.613+0000][1][safepoint    ] Safepoint "RevokeBias", Time since last: 43799 ns, Reaching safepoint: 83625 ns, At safepoint: 496194 ns, Total: 579819 ns
[2020-09-11T16:24:03.619+0000][1][safepoint    ] Safepoint "BulkRevokeBias", Time since last: 42091 ns, Reaching safepoint: 3327290 ns, At safepoint: 2066838 ns, Total: 5394128 ns
[2020-09-11T16:24:03.622+0000][1][safepoint    ] Safepoint "BulkRevokeBias", Time since last: 1898676 ns, Reaching safepoint: 1153364 ns, At safepoint: 95916 ns, Total: 1249280 ns
[2020-09-11T16:24:04.427+0000][1][safepoint    ] Safepoint "Deoptimize", Time since last: 804831990 ns, Reaching safepoint: 135579 ns, At safepoint: 181778 ns, Total: 317357 ns
[2020-09-11T16:24:04.508+0000][1][safepoint    ] Safepoint "Deoptimize", Time since last: 79202710 ns, Reaching safepoint: 1460257 ns, At safepoint: 181766 ns, Total: 1642023 ns
[2020-09-11T16:24:05.529+0000][1][safepoint    ] Safepoint "Cleanup", Time since last: 1008794019 ns, Reaching safepoint: 11988385 ns, At safepoint: 11979 ns, Total: 12000364 ns
[2020-09-11T16:24:05.748+0000][1][safepoint    ] Safepoint "Deoptimize", Time since last: 215961360 ns, Reaching safepoint: 3042390 ns, At safepoint: 186420 ns, Total: 3228810 ns
[2020-09-11T16:24:05.753+0000][1][safepoint    ] Safepoint "RevokeBias", Time since last: 598431 ns, Reaching safepoint: 4190379 ns, At safepoint: 63648 ns, Total: 4254027 ns
[2020-09-11T16:24:05.758+0000][1][safepoint    ] Safepoint "Deoptimize", Time since last: 3914097 ns, Reaching safepoint: 1182233 ns, At safepoint: 195165 ns, Total: 1377398 ns
[2020-09-11T16:24:06.777+0000][1][safepoint    ] Safepoint "Cleanup", Time since last: 1014592759 ns, Reaching safepoint: 4036111 ns, At safepoint: 10219 ns, Total: 4046330 ns
[2020-09-11T16:24:07.769+0000][1][gc,start     ] GC(2) Pause Young (Allocation Failure)
[2020-09-11T16:24:07.769+0000][1][gc,task      ] GC(2) Using 1 workers of 1 for evacuation
[2020-09-11T16:24:07.812+0000][1][gc,age       ] GC(2) Desired survivor size 4358144 bytes, new threshold 2 (max threshold 6)
[2020-09-11T16:24:07.812+0000][1][gc,age       ] GC(2) Age table with threshold 2 (max threshold 6)
[2020-09-11T16:24:07.812+0000][1][gc,age       ] GC(2) - age   1:    3101728 bytes,    3101728 total
[2020-09-11T16:24:07.812+0000][1][gc,age       ] GC(2) - age   2:    2909808 bytes,    6011536 total
[2020-09-11T16:24:07.812+0000][1][gc,heap      ] GC(2) ParNew: 72341K->6488K(76672K)
[2020-09-11T16:24:07.812+0000][1][gc,heap      ] GC(2) CMS: 6800K->6800K(439104K)
[2020-09-11T16:24:07.812+0000][1][gc,metaspace ] GC(2) Metaspace: 20036K->20036K(1067008K)
[2020-09-11T16:24:07.812+0000][1][gc           ] GC(2) Pause Young (Allocation Failure) 77M->12M(503M) 42.959ms
[2020-09-11T16:24:07.812+0000][1][gc,cpu       ] GC(2) User=0.01s Sys=0.00s Real=0.04s
[2020-09-11T16:24:07.845+0000][1][safepoint    ] Safepoint "GenCollectForAllocation", Time since last: 992006791 ns, Reaching safepoint: 125069 ns, At safepoint: 75871237 ns, Total: 75996306 ns
[2020-09-11T16:24:07.901+0000][1][safepoint    ] Safepoint "RevokeBias", Time since last: 32244837 ns, Reaching safepoint: 23760843 ns, At safepoint: 61056 ns, Total: 23821899 ns
[2020-09-11T16:24:07.902+0000][1][safepoint    ] Safepoint "RevokeBias", Time since last: 86753 ns, Reaching safepoint: 1252590 ns, At safepoint: 45901 ns, Total: 1298491 ns
[2020-09-11T16:24:07.904+0000][1][safepoint    ] Safepoint "RevokeBias", Time since last: 1454955 ns, Reaching safepoint: 95452 ns, At safepoint: 34571 ns, Total: 130023 ns
[2020-09-11T16:24:07.904+0000][1][safepoint    ] Safepoint "RevokeBias", Time since last: 47981 ns, Reaching safepoint: 79255 ns, At safepoint: 17877 ns, Total: 97132 ns
[2020-09-11T16:24:07.904+0000][1][safepoint    ] Safepoint "RevokeBias", Time since last: 54075 ns, Reaching safepoint: 79536 ns, At safepoint: 16852 ns, Total: 96388 ns
[2020-09-11T16:24:07.904+0000][1][safepoint    ] Safepoint "RevokeBias", Time since last: 32277 ns, Reaching safepoint: 77909 ns, At safepoint: 16383 ns, Total: 94292 ns
[2020-09-11T16:24:07.905+0000][1][safepoint    ] Safepoint "RevokeBias", Time since last: 31079 ns, Reaching safepoint: 479750 ns, At safepoint: 19970 ns, Total: 499720 ns
[2020-09-11T16:24:07.949+0000][1][safepoint    ] Safepoint "RevokeBias", Time since last: 40203916 ns, Reaching safepoint: 3805754 ns, At safepoint: 36553 ns, Total: 3842307 ns
[2020-09-11T16:24:08.962+0000][1][safepoint    ] Safepoint "Cleanup", Time since last: 1010905781 ns, Reaching safepoint: 2179294 ns, At safepoint: 8615 ns, Total: 2187909 ns
[2020-09-11T16:24:09.361+0000][1][gc,start     ] GC(3) Pause Young (Allocation Failure)
[2020-09-11T16:24:09.361+0000][1][gc,task      ] GC(3) Using 1 workers of 1 for evacuation
[2020-09-11T16:24:09.429+0000][1][gc,age       ] GC(3) Desired survivor size 4358144 bytes, new threshold 6 (max threshold 6)
[2020-09-11T16:24:09.429+0000][1][gc,age       ] GC(3) Age table with threshold 6 (max threshold 6)
[2020-09-11T16:24:09.429+0000][1][gc,age       ] GC(3) - age   1:     947864 bytes,     947864 total
[2020-09-11T16:24:09.429+0000][1][gc,age       ] GC(3) - age   2:    1375584 bytes,    2323448 total
[2020-09-11T16:24:09.458+0000][1][gc,heap      ] GC(3) ParNew: 74648K->5202K(76672K)
[2020-09-11T16:24:09.458+0000][1][gc,heap      ] GC(3) CMS: 6800K->9664K(439104K)
[2020-09-11T16:24:09.458+0000][1][gc,metaspace ] GC(3) Metaspace: 20304K->20304K(1067008K)
[2020-09-11T16:24:09.459+0000][1][gc           ] GC(3) Pause Young (Allocation Failure) 79M->14M(503M) 97.978ms
[2020-09-11T16:24:09.459+0000][1][gc,cpu       ] GC(3) User=0.02s Sys=0.00s Real=0.10s
[2020-09-11T16:24:09.459+0000][1][safepoint    ] Safepoint "GenCollectForAllocation", Time since last: 398479718 ns, Reaching safepoint: 115089 ns, At safepoint: 98042327 ns, Total: 98157416 ns
[2020-09-11T16:24:09.507+0000][1][safepoint    ] Safepoint "RevokeBias", Time since last: 40239901 ns, Reaching safepoint: 8146903 ns, At safepoint: 35507 ns, Total: 8182410 ns
[2020-09-11T16:24:09.509+0000][1][safepoint    ] Safepoint "RevokeBias", Time since last: 64329 ns, Reaching safepoint: 1441154 ns, At safepoint: 29485 ns, Total: 1470639 ns
[2020-09-11T16:24:09.509+0000][1][safepoint    ] Safepoint "RevokeBias", Time since last: 74810 ns, Reaching safepoint: 80030 ns, At safepoint: 18734 ns, Total: 98764 ns
[2020-09-11T16:24:09.509+0000][1][safepoint    ] Safepoint "RevokeBias", Time since last: 60999 ns, Reaching safepoint: 78116 ns, At safepoint: 17957 ns, Total: 96073 ns
[2020-09-11T16:24:09.509+0000][1][safepoint    ] Safepoint "RevokeBias", Time since last: 35167 ns, Reaching safepoint: 79386 ns, At safepoint: 22654 ns, Total: 102040 ns
[2020-09-11T16:24:09.509+0000][1][safepoint    ] Safepoint "RevokeBias", Time since last: 29023 ns, Reaching safepoint: 77821 ns, At safepoint: 18155 ns, Total: 95976 ns
[2020-09-11T16:24:09.509+0000][1][safepoint    ] Safepoint "RevokeBias", Time since last: 32746 ns, Reaching safepoint: 78282 ns, At safepoint: 17900 ns, Total: 96182 ns
[2020-09-11T16:24:09.509+0000][1][safepoint    ] Safepoint "RevokeBias", Time since last: 28238 ns, Reaching safepoint: 77841 ns, At safepoint: 18801 ns, Total: 96642 ns
[2020-09-11T16:24:10.458+0000][1][safepoint    ] Safepoint "CollectForMetadataAllocation", Time since last: 947406704 ns, Reaching safepoint: 579606 ns, At safepoint: 336290 ns, Total: 915896 ns
[2020-09-11T16:24:10.715+0000][1][safepoint    ] Safepoint "CollectForMetadataAllocation", Time since last: 257229270 ns, Reaching safepoint: 111673 ns, At safepoint: 113742 ns, Total: 225415 ns
[2020-09-11T16:24:10.983+0000][1][gc,start     ] GC(4) Pause Young (Allocation Failure)
[2020-09-11T16:24:10.983+0000][1][gc,task      ] GC(4) Using 1 workers of 1 for evacuation
[2020-09-11T16:24:11.048+0000][1][gc,age       ] GC(4) Desired survivor size 4358144 bytes, new threshold 6 (max threshold 6)
[2020-09-11T16:24:11.048+0000][1][gc,age       ] GC(4) Age table with threshold 6 (max threshold 6)
[2020-09-11T16:24:11.048+0000][1][gc,age       ] GC(4) - age   1:    2001192 bytes,    2001192 total
[2020-09-11T16:24:11.048+0000][1][gc,age       ] GC(4) - age   2:     351664 bytes,    2352856 total
[2020-09-11T16:24:11.048+0000][1][gc,age       ] GC(4) - age   3:    1375488 bytes,    3728344 total
[2020-09-11T16:24:11.048+0000][1][gc,heap      ] GC(4) ParNew: 73362K->4303K(76672K)
[2020-09-11T16:24:11.048+0000][1][gc,heap      ] GC(4) CMS: 9664K->9664K(439104K)
[2020-09-11T16:24:11.048+0000][1][gc,metaspace ] GC(4) Metaspace: 20833K->20833K(1069056K)
[2020-09-11T16:24:11.048+0000][1][gc           ] GC(4) Pause Young (Allocation Failure) 81M->13M(503M) 65.010ms
[2020-09-11T16:24:11.048+0000][1][gc,cpu       ] GC(4) User=0.01s Sys=0.00s Real=0.06s
[2020-09-11T16:24:11.049+0000][1][safepoint    ] Safepoint "GenCollectForAllocation", Time since last: 267478642 ns, Reaching safepoint: 102072 ns, At safepoint: 66042782 ns, Total: 66144854 ns
[2020-09-11T16:24:11.106+0000][1][gc,start     ] GC(5) Pause Initial Mark
[2020-09-11T16:24:11.125+0000][1][gc           ] GC(5) Pause Initial Mark 22M->22M(503M) 19.066ms
[2020-09-11T16:24:11.125+0000][1][gc,cpu       ] GC(5) User=0.01s Sys=0.00s Real=0.02s
[2020-09-11T16:24:11.177+0000][1][safepoint    ] Safepoint "BulkRevokeBias", Time since last: 39997391 ns, Reaching safepoint: 17087813 ns, At safepoint: 70920854 ns, Total: 88008667 ns
[2020-09-11T16:24:11.177+0000][1][gc           ] GC(5) Concurrent Mark
[2020-09-11T16:24:11.205+0000][1][safepoint    ] Safepoint "RevokeBias", Time since last: 18516351 ns, Reaching safepoint: 9591992 ns, At safepoint: 46966 ns, Total: 9638958 ns
[2020-09-11T16:24:11.205+0000][1][safepoint    ] Safepoint "RevokeBias", Time since last: 71708 ns, Reaching safepoint: 81343 ns, At safepoint: 41461 ns, Total: 122804 ns
[2020-09-11T16:24:11.205+0000][1][safepoint    ] Safepoint "RevokeBias", Time since last: 28471 ns, Reaching safepoint: 87081 ns, At safepoint: 27368 ns, Total: 114449 ns
[2020-09-11T16:24:11.267+0000][1][safepoint    ] Safepoint "RevokeBias", Time since last: 19526593 ns, Reaching safepoint: 42001632 ns, At safepoint: 45870 ns, Total: 42047502 ns
[2020-09-11T16:24:11.279+0000][1][gc           ] GC(5) Concurrent Mark 101.653ms
[2020-09-11T16:24:11.279+0000][1][gc,cpu       ] GC(5) User=0.02s Sys=0.00s Real=0.10s
[2020-09-11T16:24:11.279+0000][1][safepoint    ] Safepoint "RevokeBias", Time since last: 11593975 ns, Reaching safepoint: 243396 ns, At safepoint: 48494 ns, Total: 291890 ns
[2020-09-11T16:24:11.279+0000][1][gc           ] GC(5) Concurrent Preclean
[2020-09-11T16:24:11.279+0000][1][gc           ] GC(5) Concurrent Preclean 0.670ms
[2020-09-11T16:24:11.279+0000][1][gc,cpu       ] GC(5) User=0.00s Sys=0.00s Real=0.00s
[2020-09-11T16:24:11.279+0000][1][gc           ] GC(5) Concurrent Abortable Preclean
[2020-09-11T16:24:12.045+0000][1][safepoint    ] Safepoint "RevokeBias", Time since last: 765832456 ns, Reaching safepoint: 47449 ns, At safepoint: 12407 ns, Total: 59856 ns
[2020-09-11T16:24:12.047+0000][1][safepoint    ] Safepoint "RevokeBias", Time since last: 46760 ns, Reaching safepoint: 1807597 ns, At safepoint: 19596 ns, Total: 1827193 ns
[2020-09-11T16:24:12.047+0000][1][safepoint    ] Safepoint "RevokeBias", Time since last: 192118 ns, Reaching safepoint: 15216 ns, At safepoint: 6512 ns, Total: 21728 ns
[2020-09-11T16:24:12.086+0000][1][safepoint    ] Safepoint "Deoptimize", Time since last: 39312243 ns, Reaching safepoint: 106438 ns, At safepoint: 209602 ns, Total: 316040 ns
[2020-09-11T16:24:12.205+0000][1][safepoint    ] Safepoint "CollectForMetadataAllocation", Time since last: 118532983 ns, Reaching safepoint: 70004 ns, At safepoint: 85204 ns, Total: 155208 ns
[2020-09-11T16:24:12.757+0000][1][safepoint    ] Safepoint "Deoptimize", Time since last: 551896911 ns, Reaching safepoint: 107987 ns, At safepoint: 208567 ns, Total: 316554 ns
[2020-09-11T16:24:12.825+0000][1][safepoint    ] Safepoint "RevokeBias", Time since last: 67551220 ns, Reaching safepoint: 60768 ns, At safepoint: 33459 ns, Total: 94227 ns
[2020-09-11T16:24:12.877+0000][1][safepoint    ] Safepoint "RevokeBias", Time since last: 37369262 ns, Reaching safepoint: 14567227 ns, At safepoint: 35211 ns, Total: 14602438 ns
[2020-09-11T16:24:13.141+0000][1][gc,start     ] GC(6) Pause Young (Allocation Failure)
[2020-09-11T16:24:13.141+0000][1][gc,task      ] GC(6) Using 1 workers of 1 for evacuation
[2020-09-11T16:24:13.200+0000][1][gc,age       ] GC(6) Desired survivor size 4358144 bytes, new threshold 4 (max threshold 6)
[2020-09-11T16:24:13.200+0000][1][gc,age       ] GC(6) Age table with threshold 4 (max threshold 6)
[2020-09-11T16:24:13.200+0000][1][gc,age       ] GC(6) - age   1:    2483608 bytes,    2483608 total
[2020-09-11T16:24:13.200+0000][1][gc,age       ] GC(6) - age   2:    1252336 bytes,    3735944 total
[2020-09-11T16:24:13.200+0000][1][gc,age       ] GC(6) - age   3:     351664 bytes,    4087608 total
[2020-09-11T16:24:13.200+0000][1][gc,age       ] GC(6) - age   4:    1375488 bytes,    5463096 total
[2020-09-11T16:24:13.200+0000][1][gc,heap      ] GC(6) ParNew: 72463K->6537K(76672K)
[2020-09-11T16:24:13.200+0000][1][gc,heap      ] GC(6) CMS: 9664K->9664K(439104K)
[2020-09-11T16:24:13.200+0000][1][gc,metaspace ] GC(6) Metaspace: 21143K->21143K(1069056K)
[2020-09-11T16:24:13.200+0000][1][gc           ] GC(6) Pause Young (Allocation Failure) 80M->15M(503M) 59.274ms
[2020-09-11T16:24:13.200+0000][1][gc,cpu       ] GC(6) User=0.02s Sys=0.00s Real=0.05s
[2020-09-11T16:24:13.236+0000][1][safepoint    ] Safepoint "GenCollectForAllocation", Time since last: 238793287 ns, Reaching safepoint: 25175841 ns, At safepoint: 95568548 ns, Total: 120744389 ns
[2020-09-11T16:24:13.269+0000][1][safepoint    ] Safepoint "RevokeBias", Time since last: 31675046 ns, Reaching safepoint: 735862 ns, At safepoint: 32985 ns, Total: 768847 ns
[2020-09-11T16:24:13.269+0000][1][safepoint    ] Safepoint "RevokeBias", Time since last: 59759 ns, Reaching safepoint: 9267 ns, At safepoint: 14505 ns, Total: 23772 ns
[2020-09-11T16:24:13.269+0000][1][safepoint    ] Safepoint "RevokeBias", Time since last: 37973 ns, Reaching safepoint: 8421 ns, At safepoint: 13512 ns, Total: 21933 ns
[2020-09-11T16:24:13.269+0000][1][safepoint    ] Safepoint "RevokeBias", Time since last: 22329 ns, Reaching safepoint: 7536 ns, At safepoint: 12781 ns, Total: 20317 ns
[2020-09-11T16:24:13.269+0000][1][safepoint    ] Safepoint "RevokeBias", Time since last: 25541 ns, Reaching safepoint: 7885 ns, At safepoint: 13167 ns, Total: 21052 ns
[2020-09-11T16:24:13.269+0000][1][safepoint    ] Safepoint "RevokeBias", Time since last: 21523 ns, Reaching safepoint: 7205 ns, At safepoint: 12754 ns, Total: 19959 ns
[2020-09-11T16:24:13.595+0000][1][safepoint    ] Safepoint "RevokeBias", Time since last: 325300472 ns, Reaching safepoint: 95401 ns, At safepoint: 32479 ns, Total: 127880 ns
[2020-09-11T16:24:13.668+0000][1][safepoint    ] Safepoint "RevokeBias", Time since last: 73337091 ns, Reaching safepoint: 51882 ns, At safepoint: 35617 ns, Total: 87499 ns
[2020-09-11T16:24:14.305+0000][1][safepoint    ] Safepoint "RevokeBias", Time since last: 620520343 ns, Reaching safepoint: 16342366 ns, At safepoint: 37056 ns, Total: 16379422 ns
[2020-09-11T16:24:14.334+0000][1][safepoint    ] Safepoint "RevokeBias", Time since last: 28589155 ns, Reaching safepoint: 104014 ns, At safepoint: 40806 ns, Total: 144820 ns
[2020-09-11T16:24:14.334+0000][1][gc           ] GC(5) Concurrent Abortable Preclean 3054.159ms
[2020-09-11T16:24:14.334+0000][1][gc,cpu       ] GC(5) User=0.59s Sys=0.01s Real=3.06s
[2020-09-11T16:24:14.334+0000][1][gc,start     ] GC(5) Pause Remark
[2020-09-11T16:24:14.520+0000][1][gc           ] GC(5) Pause Remark 71M->71M(503M) 186.157ms
[2020-09-11T16:24:14.520+0000][1][gc,cpu       ] GC(5) User=0.04s Sys=0.00s Real=0.18s
[2020-09-11T16:24:14.569+0000][1][safepoint    ] Safepoint "CMS_Final_Remark", Time since last: 75618 ns, Reaching safepoint: 8685 ns, At safepoint: 235182959 ns, Total: 235191644 ns
[2020-09-11T16:24:14.569+0000][1][safepoint    ] Safepoint "RevokeBias", Time since last: 51142 ns, Reaching safepoint: 319683 ns, At safepoint: 39854 ns, Total: 359537 ns
[2020-09-11T16:24:14.569+0000][1][gc           ] GC(5) Concurrent Sweep
[2020-09-11T16:24:14.583+0000][1][gc           ] GC(5) Concurrent Sweep 13.905ms
[2020-09-11T16:24:14.583+0000][1][gc,cpu       ] GC(5) User=0.00s Sys=0.00s Real=0.02s
[2020-09-11T16:24:14.583+0000][1][gc           ] GC(5) Concurrent Reset
[2020-09-11T16:24:14.584+0000][1][gc           ] GC(5) Concurrent Reset 0.663ms
[2020-09-11T16:24:14.584+0000][1][gc,cpu       ] GC(5) User=0.00s Sys=0.00s Real=0.00s
[2020-09-11T16:24:14.584+0000][1][gc,heap      ] GC(5) Old: 9664K->9662K(439104K)
[2020-09-11T16:24:14.859+0000][1][gc,start     ] GC(7) Pause Young (Allocation Failure)
[2020-09-11T16:24:14.859+0000][1][gc,task      ] GC(7) Using 1 workers of 1 for evacuation
[2020-09-11T16:24:14.972+0000][1][gc,age       ] GC(7) Desired survivor size 4358144 bytes, new threshold 6 (max threshold 6)
[2020-09-11T16:24:14.972+0000][1][gc,age       ] GC(7) Age table with threshold 6 (max threshold 6)
[2020-09-11T16:24:14.972+0000][1][gc,age       ] GC(7) - age   1:    1204400 bytes,    1204400 total
[2020-09-11T16:24:14.972+0000][1][gc,age       ] GC(7) - age   2:    1525920 bytes,    2730320 total
[2020-09-11T16:24:14.972+0000][1][gc,age       ] GC(7) - age   3:    1251728 bytes,    3982048 total
[2020-09-11T16:24:14.972+0000][1][gc,age       ] GC(7) - age   4:     351664 bytes,    4333712 total
[2020-09-11T16:24:14.972+0000][1][gc,heap      ] GC(7) ParNew: 74697K->4818K(76672K)
[2020-09-11T16:24:14.972+0000][1][gc,heap      ] GC(7) CMS: 9662K->11018K(439104K)
[2020-09-11T16:24:14.972+0000][1][gc,metaspace ] GC(7) Metaspace: 21234K->21234K(1069056K)
[2020-09-11T16:24:14.972+0000][1][gc           ] GC(7) Pause Young (Allocation Failure) 82M->15M(503M) 112.846ms
[2020-09-11T16:24:14.972+0000][1][gc,cpu       ] GC(7) User=0.02s Sys=0.00s Real=0.11s
[2020-09-11T16:24:14.972+0000][1][safepoint    ] Safepoint "GenCollectForAllocation", Time since last: 289575447 ns, Reaching safepoint: 106878 ns, At safepoint: 112902308 ns, Total: 113009186 ns
[2020-09-11T16:24:15.014+0000][1][safepoint    ] Safepoint "RevokeBias", Time since last: 40899232 ns, Reaching safepoint: 776774 ns, At safepoint: 67991 ns, Total: 844765 ns
[2020-09-11T16:24:15.014+0000][1][safepoint    ] Safepoint "RevokeBias", Time since last: 66778 ns, Reaching safepoint: 78111 ns, At safepoint: 16976 ns, Total: 95087 ns
[2020-09-11T16:24:15.014+0000][1][safepoint    ] Safepoint "RevokeBias", Time since last: 46649 ns, Reaching safepoint: 76220 ns, At safepoint: 16408 ns, Total: 92628 ns
[2020-09-11T16:24:15.017+0000][1][safepoint    ] Safepoint "RevokeBias", Time since last: 26613 ns, Reaching safepoint: 2846609 ns, At safepoint: 31779 ns, Total: 2878388 ns
[2020-09-11T16:24:15.145+0000][1][safepoint    ] Safepoint "RevokeBias", Time since last: 128003015 ns, Reaching safepoint: 100192 ns, At safepoint: 33423 ns, Total: 133615 ns
[2020-09-11T16:24:15.173+0000][1][safepoint    ] Safepoint "RevokeBias", Time since last: 27819973 ns, Reaching safepoint: 101600 ns, At safepoint: 37809 ns, Total: 139409 ns
[2020-09-11T16:24:15.701+0000][1][safepoint    ] Safepoint "RevokeBias", Time since last: 527862536 ns, Reaching safepoint: 101463 ns, At safepoint: 30150 ns, Total: 131613 ns
[2020-09-11T16:24:15.735+0000][1][safepoint    ] Safepoint "RevokeBias", Time since last: 31884812 ns, Reaching safepoint: 2082561 ns, At safepoint: 46257 ns, Total: 2128818 ns
[2020-09-11T16:24:16.097+0000][1][gc,start     ] GC(8) Pause Young (Allocation Failure)
[2020-09-11T16:24:16.097+0000][1][gc,task      ] GC(8) Using 1 workers of 1 for evacuation
[2020-09-11T16:24:16.124+0000][1][gc,age       ] GC(8) Desired survivor size 4358144 bytes, new threshold 4 (max threshold 6)
[2020-09-11T16:24:16.124+0000][1][gc,age       ] GC(8) Age table with threshold 4 (max threshold 6)
[2020-09-11T16:24:16.124+0000][1][gc,age       ] GC(8) - age   1:    1311088 bytes,    1311088 total
[2020-09-11T16:24:16.124+0000][1][gc,age       ] GC(8) - age   2:     446040 bytes,    1757128 total
[2020-09-11T16:24:16.124+0000][1][gc,age       ] GC(8) - age   3:    1523984 bytes,    3281112 total
[2020-09-11T16:24:16.124+0000][1][gc,age       ] GC(8) - age   4:    1251072 bytes,    4532184 total
[2020-09-11T16:24:16.124+0000][1][gc,age       ] GC(8) - age   5:     351664 bytes,    4883848 total
[2020-09-11T16:24:16.125+0000][1][gc,heap      ] GC(8) ParNew: 72978K->8512K(76672K)
[2020-09-11T16:24:16.125+0000][1][gc,heap      ] GC(8) CMS: 11018K->11018K(439104K)
[2020-09-11T16:24:16.125+0000][1][gc,metaspace ] GC(8) Metaspace: 21419K->21419K(1069056K)
[2020-09-11T16:24:16.125+0000][1][gc           ] GC(8) Pause Young (Allocation Failure) 82M->19M(503M) 27.633ms
[2020-09-11T16:24:16.125+0000][1][gc,cpu       ] GC(8) User=0.01s Sys=0.00s Real=0.03s
[2020-09-11T16:24:16.173+0000][1][safepoint    ] Safepoint "GenCollectForAllocation", Time since last: 361883136 ns, Reaching safepoint: 106163 ns, At safepoint: 75898442 ns, Total: 76004605 ns
[2020-09-11T16:24:16.201+0000][1][safepoint    ] Safepoint "RevokeBias", Time since last: 27951533 ns, Reaching safepoint: 101664 ns, At safepoint: 26175 ns, Total: 127839 ns
[2020-09-11T16:24:16.201+0000][1][safepoint    ] Safepoint "RevokeBias", Time since last: 62425 ns, Reaching safepoint: 79309 ns, At safepoint: 19521 ns, Total: 98830 ns
[2020-09-11T16:24:16.201+0000][1][safepoint    ] Safepoint "RevokeBias", Time since last: 43952 ns, Reaching safepoint: 79013 ns, At safepoint: 18376 ns, Total: 97389 ns
[2020-09-11T16:24:16.201+0000][1][safepoint    ] Safepoint "RevokeBias", Time since last: 42212 ns, Reaching safepoint: 87685 ns, At safepoint: 21737 ns, Total: 109422 ns
[2020-09-11T16:24:16.291+0000][1][safepoint    ] Safepoint "RevokeBias", Time since last: 89944846 ns, Reaching safepoint: 90222 ns, At safepoint: 28658 ns, Total: 118880 ns
[2020-09-11T16:24:16.349+0000][1][safepoint    ] Safepoint "RevokeBias", Time since last: 57709623 ns, Reaching safepoint: 94359 ns, At safepoint: 31231 ns, Total: 125590 ns
[2020-09-11T16:24:16.694+0000][1][safepoint    ] Safepoint "RevokeBias", Time since last: 344338931 ns, Reaching safepoint: 94257 ns, At safepoint: 31158 ns, Total: 125415 ns
[2020-09-11T16:24:16.733+0000][1][safepoint    ] Safepoint "RevokeBias", Time since last: 39086213 ns, Reaching safepoint: 101515 ns, At safepoint: 38867 ns, Total: 140382 ns
[2020-09-11T16:24:17.089+0000][1][gc,start     ] GC(9) Pause Young (Allocation Failure)
[2020-09-11T16:24:17.089+0000][1][gc,task      ] GC(9) Using 1 workers of 1 for evacuation
[2020-09-11T16:24:17.147+0000][1][gc,age       ] GC(9) Desired survivor size 4358144 bytes, new threshold 4 (max threshold 6)
[2020-09-11T16:24:17.147+0000][1][gc,age       ] GC(9) Age table with threshold 4 (max threshold 6)
[2020-09-11T16:24:17.147+0000][1][gc,age       ] GC(9) - age   1:    1921888 bytes,    1921888 total
[2020-09-11T16:24:17.147+0000][1][gc,age       ] GC(9) - age   2:     831192 bytes,    2753080 total
[2020-09-11T16:24:17.147+0000][1][gc,age       ] GC(9) - age   3:     445960 bytes,    3199040 total
[2020-09-11T16:24:17.147+0000][1][gc,age       ] GC(9) - age   4:    1523984 bytes,    4723024 total
[2020-09-11T16:24:17.147+0000][1][gc,heap      ] GC(9) ParNew: 76672K->5766K(76672K)
[2020-09-11T16:24:17.148+0000][1][gc,heap      ] GC(9) CMS: 11018K->12601K(439104K)
[2020-09-11T16:24:17.148+0000][1][gc,metaspace ] GC(9) Metaspace: 21514K->21514K(1069056K)
[2020-09-11T16:24:17.148+0000][1][gc           ] GC(9) Pause Young (Allocation Failure) 85M->17M(503M) 58.649ms
[2020-09-11T16:24:17.148+0000][1][gc,cpu       ] GC(9) User=0.02s Sys=0.00s Real=0.06s
[2020-09-11T16:24:17.177+0000][1][safepoint    ] Safepoint "GenCollectForAllocation", Time since last: 355842912 ns, Reaching safepoint: 97146 ns, At safepoint: 87939955 ns, Total: 88037101 ns
[2020-09-11T16:24:17.191+0000][1][safepoint    ] Safepoint "RevokeBias", Time since last: 13942527 ns, Reaching safepoint: 31782 ns, At safepoint: 72377 ns, Total: 104159 ns
[2020-09-11T16:24:17.206+0000][1][safepoint    ] Safepoint "RevokeBias", Time since last: 536235 ns, Reaching safepoint: 13390233 ns, At safepoint: 903302 ns, Total: 14293535 ns
[2020-09-11T16:24:17.213+0000][1][safepoint    ] Safepoint "RevokeBias", Time since last: 60368 ns, Reaching safepoint: 82949 ns, At safepoint: 7033110 ns, Total: 7116059 ns
[2020-09-11T16:24:17.214+0000][1][safepoint    ] Safepoint "RevokeBias", Time since last: 69020 ns, Reaching safepoint: 100460 ns, At safepoint: 836553 ns, Total: 937013 ns
[2020-09-11T16:24:17.241+0000][1][safepoint    ] Safepoint "RevokeBias", Time since last: 22731142 ns, Reaching safepoint: 107494 ns, At safepoint: 4085607 ns, Total: 4193101 ns
[2020-09-11T16:24:17.275+0000][1][safepoint    ] Safepoint "RevokeBias", Time since last: 33851270 ns, Reaching safepoint: 108418 ns, At safepoint: 38733 ns, Total: 147151 ns
[2020-09-11T16:24:17.509+0000][1][safepoint    ] Safepoint "RevokeBias", Time since last: 234060393 ns, Reaching safepoint: 108249 ns, At safepoint: 57232 ns, Total: 165481 ns
[2020-09-11T16:24:17.525+0000][1][safepoint    ] Safepoint "RevokeBias", Time since last: 15778629 ns, Reaching safepoint: 106332 ns, At safepoint: 40858 ns, Total: 147190 ns
[2020-09-11T16:24:17.606+0000][1][safepoint    ] Safepoint "RevokeBias", Time since last: 80967056 ns, Reaching safepoint: 106555 ns, At safepoint: 17292 ns, Total: 123847 ns
[2020-09-11T16:24:17.613+0000][1][safepoint    ] Safepoint "RevokeBias", Time since last: 6732694 ns, Reaching safepoint: 103051 ns, At safepoint: 16831 ns, Total: 119882 ns
[2020-09-11T16:24:17.887+0000][1][safepoint    ] Safepoint "RevokeBias", Time since last: 273996598 ns, Reaching safepoint: 112980 ns, At safepoint: 58407 ns, Total: 171387 ns
[2020-09-11T16:24:17.929+0000][1][safepoint    ] Safepoint "RevokeBias", Time since last: 41737793 ns, Reaching safepoint: 107879 ns, At safepoint: 39742 ns, Total: 147621 ns
[2020-09-11T16:24:18.209+0000][1][gc,start     ] GC(10) Pause Young (Allocation Failure)
[2020-09-11T16:24:18.209+0000][1][gc,task      ] GC(10) Using 1 workers of 1 for evacuation
[2020-09-11T16:24:18.300+0000][1][gc,age       ] GC(10) Desired survivor size 4358144 bytes, new threshold 6 (max threshold 6)
[2020-09-11T16:24:18.300+0000][1][gc,age       ] GC(10) Age table with threshold 6 (max threshold 6)
[2020-09-11T16:24:18.300+0000][1][gc,age       ] GC(10) - age   1:    2315936 bytes,    2315936 total
[2020-09-11T16:24:18.300+0000][1][gc,age       ] GC(10) - age   2:     112576 bytes,    2428512 total
[2020-09-11T16:24:18.300+0000][1][gc,age       ] GC(10) - age   3:     831192 bytes,    3259704 total
[2020-09-11T16:24:18.300+0000][1][gc,age       ] GC(10) - age   4:     445936 bytes,    3705640 total
[2020-09-11T16:24:18.300+0000][1][gc,heap      ] GC(10) ParNew: 73926K->4180K(76672K)
[2020-09-11T16:24:18.300+0000][1][gc,heap      ] GC(10) CMS: 12601K->14102K(439104K)
[2020-09-11T16:24:18.300+0000][1][gc,metaspace ] GC(10) Metaspace: 21658K->21658K(1069056K)
[2020-09-11T16:24:18.300+0000][1][gc           ] GC(10) Pause Young (Allocation Failure) 84M->17M(503M) 90.811ms
[2020-09-11T16:24:18.300+0000][1][gc,cpu       ] GC(10) User=0.02s Sys=0.00s Real=0.09s
[2020-09-11T16:24:18.329+0000][1][safepoint    ] Safepoint "GenCollectForAllocation", Time since last: 279850716 ns, Reaching safepoint: 104419 ns, At safepoint: 119900446 ns, Total: 120004865 ns
[2020-09-11T16:24:18.345+0000][1][safepoint    ] Safepoint "RevokeBias", Time since last: 16139104 ns, Reaching safepoint: 26044 ns, At safepoint: 55992 ns, Total: 82036 ns
[2020-09-11T16:24:18.354+0000][1][safepoint    ] Safepoint "RevokeBias", Time since last: 9142472 ns, Reaching safepoint: 34732 ns, At safepoint: 68161 ns, Total: 102893 ns
[2020-09-11T16:24:18.354+0000][1][safepoint    ] Safepoint "BulkRevokeBias", Time since last: 98412 ns, Reaching safepoint: 83736 ns, At safepoint: 49253 ns, Total: 132989 ns
[2020-09-11T16:24:18.355+0000][1][safepoint    ] Safepoint "BulkRevokeBias", Time since last: 25505 ns, Reaching safepoint: 76511 ns, At safepoint: 34881 ns, Total: 111392 ns
[2020-09-11T16:24:18.394+0000][1][safepoint    ] Safepoint "RevokeBias", Time since last: 38956750 ns, Reaching safepoint: 94378 ns, At safepoint: 30159 ns, Total: 124537 ns
[2020-09-11T16:24:18.661+0000][1][safepoint    ] Safepoint "RevokeBias", Time since last: 267058973 ns, Reaching safepoint: 104550 ns, At safepoint: 39126 ns, Total: 143676 ns
[2020-09-11T16:24:18.669+0000][1][safepoint    ] Safepoint "RevokeBias", Time since last: 7862783 ns, Reaching safepoint: 100410 ns, At safepoint: 36934 ns, Total: 137344 ns
[2020-09-11T16:24:19.362+0000][1][safepoint    ] Safepoint "RevokeBias", Time since last: 692597822 ns, Reaching safepoint: 98930 ns, At safepoint: 35265 ns, Total: 134195 ns
[2020-09-11T16:24:19.381+0000][1][safepoint    ] Safepoint "RevokeBias", Time since last: 19136754 ns, Reaching safepoint: 106876 ns, At safepoint: 40206 ns, Total: 147082 ns
[2020-09-11T16:24:19.403+0000][1][safepoint    ] Safepoint "RevokeBias", Time since last: 22167149 ns, Reaching safepoint: 100664 ns, At safepoint: 33426 ns, Total: 134090 ns
[2020-09-11T16:24:19.439+0000][1][safepoint    ] Safepoint "RevokeBias", Time since last: 35638404 ns, Reaching safepoint: 105350 ns, At safepoint: 40597 ns, Total: 145947 ns
[2020-09-11T16:24:19.473+0000][1][safepoint    ] Safepoint "RevokeBias", Time since last: 33456821 ns, Reaching safepoint: 98287 ns, At safepoint: 32583 ns, Total: 130870 ns
[2020-09-11T16:24:19.769+0000][1][safepoint    ] Safepoint "RevokeBias", Time since last: 296190009 ns, Reaching safepoint: 99571 ns, At safepoint: 40301 ns, Total: 139872 ns
[2020-09-11T16:24:19.805+0000][1][safepoint    ] Safepoint "RevokeBias", Time since last: 35841982 ns, Reaching safepoint: 103381 ns, At safepoint: 93424 ns, Total: 196805 ns
[2020-09-11T16:24:19.922+0000][1][gc,start     ] GC(11) Pause Young (Allocation Failure)
[2020-09-11T16:24:19.922+0000][1][gc,task      ] GC(11) Using 1 workers of 1 for evacuation
[2020-09-11T16:24:19.975+0000][1][gc,age       ] GC(11) Desired survivor size 4358144 bytes, new threshold 6 (max threshold 6)
[2020-09-11T16:24:19.975+0000][1][gc,age       ] GC(11) Age table with threshold 6 (max threshold 6)
[2020-09-11T16:24:19.975+0000][1][gc,age       ] GC(11) - age   1:    1411048 bytes,    1411048 total
[2020-09-11T16:24:19.975+0000][1][gc,age       ] GC(11) - age   2:     403760 bytes,    1814808 total
[2020-09-11T16:24:19.975+0000][1][gc,age       ] GC(11) - age   3:     112472 bytes,    1927280 total
[2020-09-11T16:24:19.975+0000][1][gc,age       ] GC(11) - age   4:     831192 bytes,    2758472 total
[2020-09-11T16:24:19.975+0000][1][gc,age       ] GC(11) - age   5:     445936 bytes,    3204408 total
[2020-09-11T16:24:19.975+0000][1][gc,heap      ] GC(11) ParNew: 72340K->3759K(76672K)
[2020-09-11T16:24:19.975+0000][1][gc,heap      ] GC(11) CMS: 14102K->14102K(439104K)
[2020-09-11T16:24:19.975+0000][1][gc,metaspace ] GC(11) Metaspace: 22573K->22573K(1071104K)
[2020-09-11T16:24:19.975+0000][1][gc           ] GC(11) Pause Young (Allocation Failure) 84M->17M(503M) 53.081ms
[2020-09-11T16:24:19.975+0000][1][gc,cpu       ] GC(11) User=0.01s Sys=0.00s Real=0.05s
[2020-09-11T16:24:19.993+0000][1][safepoint    ] Safepoint "GenCollectForAllocation", Time since last: 116909391 ns, Reaching safepoint: 100630 ns, At safepoint: 70631957 ns, Total: 70732587 ns
[2020-09-11T16:24:20.082+0000][1][safepoint    ] Safepoint "RevokeBias", Time since last: 85441960 ns, Reaching safepoint: 4065208 ns, At safepoint: 43871 ns, Total: 4109079 ns
[2020-09-11T16:24:20.137+0000][1][safepoint    ] Safepoint "RevokeBias", Time since last: 54601825 ns, Reaching safepoint: 99707 ns, At safepoint: 36944 ns, Total: 136651 ns
[2020-09-11T16:24:20.159+0000][1][safepoint    ] Safepoint "RevokeBias", Time since last: 21491188 ns, Reaching safepoint: 102965 ns, At safepoint: 38838 ns, Total: 141803 ns
[2020-09-11T16:24:20.457+0000][1][safepoint    ] Safepoint "RevokeBias", Time since last: 298266771 ns, Reaching safepoint: 110014 ns, At safepoint: 38247 ns, Total: 148261 ns
[2020-09-11T16:24:20.782+0000][1][gc,start     ] GC(12) Pause Young (Allocation Failure)
[2020-09-11T16:24:20.782+0000][1][gc,task      ] GC(12) Using 1 workers of 1 for evacuation
[2020-09-11T16:24:20.799+0000][1][gc,age       ] GC(12) Desired survivor size 4358144 bytes, new threshold 6 (max threshold 6)
[2020-09-11T16:24:20.799+0000][1][gc,age       ] GC(12) Age table with threshold 6 (max threshold 6)
[2020-09-11T16:24:20.799+0000][1][gc,age       ] GC(12) - age   1:     194664 bytes,     194664 total
[2020-09-11T16:24:20.799+0000][1][gc,age       ] GC(12) - age   2:     577880 bytes,     772544 total
[2020-09-11T16:24:20.799+0000][1][gc,age       ] GC(12) - age   3:     403760 bytes,    1176304 total
[2020-09-11T16:24:20.799+0000][1][gc,age       ] GC(12) - age   4:     112368 bytes,    1288672 total
[2020-09-11T16:24:20.799+0000][1][gc,age       ] GC(12) - age   5:     831048 bytes,    2119720 total
[2020-09-11T16:24:20.799+0000][1][gc,age       ] GC(12) - age   6:     445936 bytes,    2565656 total
[2020-09-11T16:24:20.799+0000][1][gc,heap      ] GC(12) ParNew: 71919K->3286K(76672K)
[2020-09-11T16:24:20.799+0000][1][gc,heap      ] GC(12) CMS: 14102K->14102K(439104K)
[2020-09-11T16:24:20.799+0000][1][gc,metaspace ] GC(12) Metaspace: 22596K->22596K(1071104K)
[2020-09-11T16:24:20.799+0000][1][gc           ] GC(12) Pause Young (Allocation Failure) 84M->16M(503M) 17.050ms
[2020-09-11T16:24:20.799+0000][1][gc,cpu       ] GC(12) User=0.01s Sys=0.00s Real=0.01s
[2020-09-11T16:24:20.861+0000][1][safepoint    ] Safepoint "GenCollectForAllocation", Time since last: 325099213 ns, Reaching safepoint: 93416 ns, At safepoint: 78644396 ns, Total: 78737812 ns
[2020-09-11T16:24:21.661+0000][1][gc,start     ] GC(13) Pause Young (Allocation Failure)
[2020-09-11T16:24:21.661+0000][1][gc,task      ] GC(13) Using 1 workers of 1 for evacuation
[2020-09-11T16:24:21.703+0000][1][gc,age       ] GC(13) Desired survivor size 4358144 bytes, new threshold 6 (max threshold 6)
[2020-09-11T16:24:21.703+0000][1][gc,age       ] GC(13) Age table with threshold 6 (max threshold 6)
[2020-09-11T16:24:21.703+0000][1][gc,age       ] GC(13) - age   1:    1532112 bytes,    1532112 total
[2020-09-11T16:24:21.703+0000][1][gc,age       ] GC(13) - age   2:     176296 bytes,    1708408 total
[2020-09-11T16:24:21.703+0000][1][gc,age       ] GC(13) - age   3:     577768 bytes,    2286176 total
[2020-09-11T16:24:21.703+0000][1][gc,age       ] GC(13) - age   4:     403760 bytes,    2689936 total
[2020-09-11T16:24:21.703+0000][1][gc,age       ] GC(13) - age   5:     112368 bytes,    2802304 total
[2020-09-11T16:24:21.703+0000][1][gc,age       ] GC(13) - age   6:     830904 bytes,    3633208 total
[2020-09-11T16:24:21.703+0000][1][gc,heap      ] GC(13) ParNew: 71446K->5401K(76672K)
[2020-09-11T16:24:21.703+0000][1][gc,heap      ] GC(13) CMS: 14102K->14540K(439104K)
[2020-09-11T16:24:21.703+0000][1][gc,metaspace ] GC(13) Metaspace: 22706K->22706K(1071104K)
[2020-09-11T16:24:21.703+0000][1][gc           ] GC(13) Pause Young (Allocation Failure) 83M->19M(503M) 42.437ms
[2020-09-11T16:24:21.703+0000][1][gc,cpu       ] GC(13) User=0.01s Sys=0.00s Real=0.04s
[2020-09-11T16:24:21.731+0000][1][safepoint    ] Safepoint "GenCollectForAllocation", Time since last: 799491339 ns, Reaching safepoint: 505560 ns, At safepoint: 70103702 ns, Total: 70609262 ns
[2020-09-11T16:24:22.620+0000][1][gc,start     ] GC(14) Pause Young (Allocation Failure)
[2020-09-11T16:24:22.620+0000][1][gc,task      ] GC(14) Using 1 workers of 1 for evacuation
[2020-09-11T16:24:22.677+0000][1][gc,age       ] GC(14) Desired survivor size 4358144 bytes, new threshold 6 (max threshold 6)
[2020-09-11T16:24:22.677+0000][1][gc,age       ] GC(14) Age table with threshold 6 (max threshold 6)
[2020-09-11T16:24:22.677+0000][1][gc,age       ] GC(14) - age   1:    1077552 bytes,    1077552 total
[2020-09-11T16:24:22.677+0000][1][gc,age       ] GC(14) - age   2:     130624 bytes,    1208176 total
[2020-09-11T16:24:22.677+0000][1][gc,age       ] GC(14) - age   3:     176296 bytes,    1384472 total
[2020-09-11T16:24:22.677+0000][1][gc,age       ] GC(14) - age   4:     577768 bytes,    1962240 total
[2020-09-11T16:24:22.677+0000][1][gc,age       ] GC(14) - age   5:     403760 bytes,    2366000 total
[2020-09-11T16:24:22.677+0000][1][gc,age       ] GC(14) - age   6:     112368 bytes,    2478368 total
[2020-09-11T16:24:22.678+0000][1][gc,heap      ] GC(14) ParNew: 73561K->3336K(76672K)
[2020-09-11T16:24:22.678+0000][1][gc,heap      ] GC(14) CMS: 14540K->15358K(439104K)
[2020-09-11T16:24:22.678+0000][1][gc,metaspace ] GC(14) Metaspace: 22785K->22785K(1071104K)
[2020-09-11T16:24:22.678+0000][1][gc           ] GC(14) Pause Young (Allocation Failure) 86M->18M(503M) 57.358ms
[2020-09-11T16:24:22.678+0000][1][gc,cpu       ] GC(14) User=0.01s Sys=0.00s Real=0.06s
[2020-09-11T16:24:22.697+0000][1][safepoint    ] Safepoint "GenCollectForAllocation", Time since last: 889172193 ns, Reaching safepoint: 130556 ns, At safepoint: 76478208 ns, Total: 76608764 ns
[2020-09-11T16:24:23.585+0000][1][gc,start     ] GC(15) Pause Young (Allocation Failure)
[2020-09-11T16:24:23.585+0000][1][gc,task      ] GC(15) Using 1 workers of 1 for evacuation
[2020-09-11T16:24:23.622+0000][1][gc,age       ] GC(15) Desired survivor size 4358144 bytes, new threshold 6 (max threshold 6)
[2020-09-11T16:24:23.622+0000][1][gc,age       ] GC(15) Age table with threshold 6 (max threshold 6)
[2020-09-11T16:24:23.622+0000][1][gc,age       ] GC(15) - age   1:    2092744 bytes,    2092744 total
[2020-09-11T16:24:23.622+0000][1][gc,age       ] GC(15) - age   2:     314632 bytes,    2407376 total
[2020-09-11T16:24:23.622+0000][1][gc,age       ] GC(15) - age   3:     130624 bytes,    2538000 total
[2020-09-11T16:24:23.622+0000][1][gc,age       ] GC(15) - age   4:     176296 bytes,    2714296 total
[2020-09-11T16:24:23.622+0000][1][gc,age       ] GC(15) - age   5:     577768 bytes,    3292064 total
[2020-09-11T16:24:23.622+0000][1][gc,age       ] GC(15) - age   6:     403760 bytes,    3695824 total
[2020-09-11T16:24:23.622+0000][1][gc,heap      ] GC(15) ParNew: 71496K->5298K(76672K)
[2020-09-11T16:24:23.622+0000][1][gc,heap      ] GC(15) CMS: 15358K->15471K(439104K)
[2020-09-11T16:24:23.622+0000][1][gc,metaspace ] GC(15) Metaspace: 22871K->22871K(1071104K)
[2020-09-11T16:24:23.622+0000][1][gc           ] GC(15) Pause Young (Allocation Failure) 84M->20M(503M) 37.654ms
[2020-09-11T16:24:23.622+0000][1][gc,cpu       ] GC(15) User=0.01s Sys=0.00s Real=0.04s
[2020-09-11T16:24:23.631+0000][1][safepoint    ] Safepoint "GenCollectForAllocation", Time since last: 886393158 ns, Reaching safepoint: 1736839 ns, At safepoint: 46536817 ns, Total: 48273656 ns
[2020-09-11T16:24:24.445+0000][1][gc,start     ] GC(16) Pause Young (Allocation Failure)
[2020-09-11T16:24:24.445+0000][1][gc,task      ] GC(16) Using 1 workers of 1 for evacuation
[2020-09-11T16:24:24.485+0000][1][gc,age       ] GC(16) Desired survivor size 4358144 bytes, new threshold 6 (max threshold 6)
[2020-09-11T16:24:24.485+0000][1][gc,age       ] GC(16) Age table with threshold 6 (max threshold 6)
[2020-09-11T16:24:24.485+0000][1][gc,age       ] GC(16) - age   1:    1187928 bytes,    1187928 total
[2020-09-11T16:24:24.485+0000][1][gc,age       ] GC(16) - age   2:     105224 bytes,    1293152 total
[2020-09-11T16:24:24.485+0000][1][gc,age       ] GC(16) - age   3:     314632 bytes,    1607784 total
[2020-09-11T16:24:24.485+0000][1][gc,age       ] GC(16) - age   4:     130624 bytes,    1738408 total
[2020-09-11T16:24:24.485+0000][1][gc,age       ] GC(16) - age   5:     176144 bytes,    1914552 total
[2020-09-11T16:24:24.485+0000][1][gc,age       ] GC(16) - age   6:     577768 bytes,    2492320 total
[2020-09-11T16:24:24.485+0000][1][gc,heap      ] GC(16) ParNew: 73458K->3369K(76672K)
[2020-09-11T16:24:24.485+0000][1][gc,heap      ] GC(16) CMS: 15471K->15870K(439104K)
[2020-09-11T16:24:24.485+0000][1][gc,metaspace ] GC(16) Metaspace: 22892K->22892K(1071104K)
[2020-09-11T16:24:24.485+0000][1][gc           ] GC(16) Pause Young (Allocation Failure) 86M->18M(503M) 40.031ms
[2020-09-11T16:24:24.485+0000][1][gc,cpu       ] GC(16) User=0.01s Sys=0.00s Real=0.04s
[2020-09-11T16:24:24.504+0000][1][safepoint    ] Safepoint "GenCollectForAllocation", Time since last: 813534568 ns, Reaching safepoint: 119771 ns, At safepoint: 59021883 ns, Total: 59141654 ns
[2020-09-11T16:24:24.677+0000][1][safepoint    ] Safepoint "Deoptimize", Time since last: 172769155 ns, Reaching safepoint: 107328 ns, At safepoint: 210666 ns, Total: 317994 ns
[2020-09-11T16:24:25.254+0000][1][safepoint    ] Safepoint "RevokeBias", Time since last: 576548446 ns, Reaching safepoint: 388401 ns, At safepoint: 17515 ns, Total: 405916 ns
[2020-09-11T16:24:26.257+0000][1][safepoint    ] Safepoint "Cleanup", Time since last: 1002708501 ns, Reaching safepoint: 198057 ns, At safepoint: 6252 ns, Total: 204309 ns
[2020-09-11T16:24:26.877+0000][1][safepoint    ] Safepoint "RevokeBias", Time since last: 619927295 ns, Reaching safepoint: 236485 ns, At safepoint: 16018 ns, Total: 252503 ns
[2020-09-11T16:24:27.892+0000][1][safepoint    ] Safepoint "Cleanup", Time since last: 1014806192 ns, Reaching safepoint: 130371 ns, At safepoint: 5851 ns, Total: 136222 ns
[2020-09-11T16:24:28.892+0000][1][safepoint    ] Safepoint "Cleanup", Time since last: 1000139696 ns, Reaching safepoint: 118649 ns, At safepoint: 5801 ns, Total: 124450 ns
[2020-09-11T16:24:28.990+0000][1][safepoint    ] Safepoint "Deoptimize", Time since last: 97450357 ns, Reaching safepoint: 106616 ns, At safepoint: 207236 ns, Total: 313852 ns
[2020-09-11T16:24:29.161+0000][1][safepoint    ] Safepoint "Deoptimize", Time since last: 170651652 ns, Reaching safepoint: 110635 ns, At safepoint: 239350 ns, Total: 349985 ns
[2020-09-11T16:24:30.165+0000][1][safepoint    ] Safepoint "Cleanup", Time since last: 1003648260 ns, Reaching safepoint: 241308 ns, At safepoint: 7622 ns, Total: 248930 ns
[2020-09-11T16:24:31.169+0000][1][safepoint    ] Safepoint "Cleanup", Time since last: 1000101704 ns, Reaching safepoint: 3657197 ns, At safepoint: 9757 ns, Total: 3666954 ns
[2020-09-11T16:24:32.175+0000][1][safepoint    ] Safepoint "Cleanup", Time since last: 1006105961 ns, Reaching safepoint: 117890 ns, At safepoint: 6354 ns, Total: 124244 ns
[2020-09-11T16:24:33.189+0000][1][safepoint    ] Safepoint "Cleanup", Time since last: 1013756958 ns, Reaching safepoint: 121007 ns, At safepoint: 5879 ns, Total: 126886 ns
[2020-09-11T16:24:33.593+0000][1][gc,start     ] GC(17) Pause Young (Allocation Failure)
[2020-09-11T16:24:33.593+0000][1][gc,task      ] GC(17) Using 1 workers of 1 for evacuation
[2020-09-11T16:24:33.727+0000][1][gc,age       ] GC(17) Desired survivor size 4358144 bytes, new threshold 1 (max threshold 6)
[2020-09-11T16:24:33.727+0000][1][gc,age       ] GC(17) Age table with threshold 1 (max threshold 6)
[2020-09-11T16:24:33.727+0000][1][gc,age       ] GC(17) - age   1:    7848240 bytes,    7848240 total
[2020-09-11T16:24:33.727+0000][1][gc,age       ] GC(17) - age   2:     154480 bytes,    8002720 total
[2020-09-11T16:24:33.727+0000][1][gc,age       ] GC(17) - age   3:     102552 bytes,    8105272 total
[2020-09-11T16:24:33.727+0000][1][gc,age       ] GC(17) - age   4:     309568 bytes,    8414840 total
[2020-09-11T16:24:33.727+0000][1][gc,age       ] GC(17) - age   5:     127328 bytes,    8542168 total
[2020-09-11T16:24:33.727+0000][1][gc,age       ] GC(17) - age   6:     173968 bytes,    8716136 total
[2020-09-11T16:24:33.728+0000][1][gc,heap      ] GC(17) ParNew: 71529K->8512K(76672K)
[2020-09-11T16:24:33.728+0000][1][gc,heap      ] GC(17) CMS: 15870K->16585K(439104K)
[2020-09-11T16:24:33.728+0000][1][gc,metaspace ] GC(17) Metaspace: 29717K->29717K(1077248K)
[2020-09-11T16:24:33.728+0000][1][gc           ] GC(17) Pause Young (Allocation Failure) 85M->24M(503M) 134.890ms
[2020-09-11T16:24:33.728+0000][1][gc,cpu       ] GC(17) User=0.02s Sys=0.01s Real=0.14s
[2020-09-11T16:24:33.748+0000][1][safepoint    ] Safepoint "GenCollectForAllocation", Time since last: 403639821 ns, Reaching safepoint: 109414 ns, At safepoint: 155262698 ns, Total: 155372112 ns
[2020-09-11T16:24:34.785+0000][1][safepoint    ] Safepoint "Cleanup", Time since last: 1023336021 ns, Reaching safepoint: 13465456 ns, At safepoint: 11090 ns, Total: 13476546 ns
[2020-09-11T16:24:35.787+0000][1][safepoint    ] Safepoint "Cleanup", Time since last: 1000718626 ns, Reaching safepoint: 1414844 ns, At safepoint: 9262 ns, Total: 1424106 ns
[2020-09-11T16:24:36.797+0000][1][safepoint    ] Safepoint "Cleanup", Time since last: 1009892579 ns, Reaching safepoint: 119676 ns, At safepoint: 6455 ns, Total: 126131 ns
[2020-09-11T16:24:37.801+0000][1][safepoint    ] Safepoint "Cleanup", Time since last: 1001959667 ns, Reaching safepoint: 1948008 ns, At safepoint: 11667 ns, Total: 1959675 ns
[2020-09-11T16:24:38.856+0000][1][safepoint    ] Safepoint "Cleanup", Time since last: 1055154727 ns, Reaching safepoint: 112867 ns, At safepoint: 5589 ns, Total: 118456 ns
[2020-09-11T16:24:39.884+0000][1][safepoint    ] Safepoint "Cleanup", Time since last: 1008697039 ns, Reaching safepoint: 18873224 ns, At safepoint: 8943 ns, Total: 18882167 ns
[2020-09-11T16:24:41.249+0000][1][gc,start     ] GC(18) Pause Young (Allocation Failure)
[2020-09-11T16:24:41.249+0000][1][gc,task      ] GC(18) Using 1 workers of 1 for evacuation
[2020-09-11T16:24:41.721+0000][1][gc,age       ] GC(18) Desired survivor size 4358144 bytes, new threshold 1 (max threshold 6)
[2020-09-11T16:24:41.721+0000][1][gc,age       ] GC(18) Age table with threshold 1 (max threshold 6)
[2020-09-11T16:24:41.721+0000][1][gc,age       ] GC(18) - age   1:    8004752 bytes,    8004752 total
[2020-09-11T16:24:41.721+0000][1][gc,heap      ] GC(18) ParNew: 76672K->8512K(76672K)
[2020-09-11T16:24:41.721+0000][1][gc,heap      ] GC(18) CMS: 16585K->25594K(439104K)
[2020-09-11T16:24:41.721+0000][1][gc,metaspace ] GC(18) Metaspace: 29742K->29742K(1077248K)
[2020-09-11T16:24:41.721+0000][1][gc           ] GC(18) Pause Young (Allocation Failure) 91M->33M(503M) 472.031ms
[2020-09-11T16:24:41.721+0000][1][gc,cpu       ] GC(18) User=0.09s Sys=0.00s Real=0.48s
[2020-09-11T16:24:41.727+0000][1][safepoint    ] Safepoint "GenCollectForAllocation", Time since last: 1365141776 ns, Reaching safepoint: 104302 ns, At safepoint: 477931214 ns, Total: 478035516 ns
[2020-09-11T16:24:43.784+0000][1][safepoint    ] Safepoint "Cleanup", Time since last: 2056880396 ns, Reaching safepoint: 115975 ns, At safepoint: 6132 ns, Total: 122107 ns
[2020-09-11T16:24:44.801+0000][1][safepoint    ] Safepoint "Cleanup", Time since last: 1015872836 ns, Reaching safepoint: 991328 ns, At safepoint: 7078 ns, Total: 998406 ns
[2020-09-11T16:24:45.816+0000][1][safepoint    ] Safepoint "Cleanup", Time since last: 1012061207 ns, Reaching safepoint: 3246283 ns, At safepoint: 10964 ns, Total: 3257247 ns
[2020-09-11T16:24:48.129+0000][1][gc,start     ] GC(19) Pause Young (Allocation Failure)
[2020-09-11T16:24:48.145+0000][1][gc,task      ] GC(19) Using 1 workers of 1 for evacuation
[2020-09-11T16:24:48.431+0000][1][gc,age       ] GC(19) Desired survivor size 4358144 bytes, new threshold 1 (max threshold 6)
[2020-09-11T16:24:48.431+0000][1][gc,age       ] GC(19) Age table with threshold 1 (max threshold 6)
[2020-09-11T16:24:48.431+0000][1][gc,age       ] GC(19) - age   1:    7965656 bytes,    7965656 total
[2020-09-11T16:24:48.431+0000][1][gc,heap      ] GC(19) ParNew: 76672K->8512K(76672K)
[2020-09-11T16:24:48.431+0000][1][gc,heap      ] GC(19) CMS: 25594K->33473K(439104K)
[2020-09-11T16:24:48.431+0000][1][gc,metaspace ] GC(19) Metaspace: 29903K->29903K(1077248K)
[2020-09-11T16:24:48.431+0000][1][gc           ] GC(19) Pause Young (Allocation Failure) 99M->41M(503M) 302.286ms
[2020-09-11T16:24:48.431+0000][1][gc,cpu       ] GC(19) User=0.06s Sys=0.00s Real=0.30s
[2020-09-11T16:24:48.453+0000][1][safepoint    ] Safepoint "GenCollectForAllocation", Time since last: 2312754590 ns, Reaching safepoint: 105485 ns, At safepoint: 323911188 ns, Total: 324016673 ns
[2020-09-11T16:24:50.493+0000][1][safepoint    ] Safepoint "Cleanup", Time since last: 2040170798 ns, Reaching safepoint: 317112 ns, At safepoint: 6148 ns, Total: 323260 ns
[2020-09-11T16:24:51.498+0000][1][safepoint    ] Safepoint "Cleanup", Time since last: 1004262440 ns, Reaching safepoint: 200236 ns, At safepoint: 7296 ns, Total: 207532 ns
[2020-09-11T16:24:52.517+0000][1][safepoint    ] Safepoint "Cleanup", Time since last: 1019030990 ns, Reaching safepoint: 135021 ns, At safepoint: 7417 ns, Total: 142438 ns
[2020-09-11T16:24:53.525+0000][1][safepoint    ] Safepoint "Cleanup", Time since last: 1007837302 ns, Reaching safepoint: 109404 ns, At safepoint: 5927 ns, Total: 115331 ns
[2020-09-11T16:24:53.633+0000][1][gc,start     ] GC(20) Pause Young (Allocation Failure)
[2020-09-11T16:24:53.633+0000][1][gc,task      ] GC(20) Using 1 workers of 1 for evacuation
[2020-09-11T16:24:53.918+0000][1][gc,age       ] GC(20) Desired survivor size 4358144 bytes, new threshold 1 (max threshold 6)
[2020-09-11T16:24:53.918+0000][1][gc,age       ] GC(20) Age table with threshold 1 (max threshold 6)
[2020-09-11T16:24:53.918+0000][1][gc,age       ] GC(20) - age   1:    4492528 bytes,    4492528 total
[2020-09-11T16:24:53.918+0000][1][gc,heap      ] GC(20) ParNew: 76672K->7740K(76672K)
[2020-09-11T16:24:53.918+0000][1][gc,heap      ] GC(20) CMS: 33473K->41140K(439104K)
[2020-09-11T16:24:53.918+0000][1][gc,metaspace ] GC(20) Metaspace: 32109K->32109K(1079296K)
[2020-09-11T16:24:53.918+0000][1][gc           ] GC(20) Pause Young (Allocation Failure) 107M->47M(503M) 285.202ms
[2020-09-11T16:24:53.918+0000][1][gc,cpu       ] GC(20) User=0.06s Sys=0.00s Real=0.28s
[2020-09-11T16:24:53.937+0000][1][safepoint    ] Safepoint "GenCollectForAllocation", Time since last: 107908105 ns, Reaching safepoint: 104084 ns, At safepoint: 303886311 ns, Total: 303990395 ns
[2020-09-11T16:24:54.441+0000][1][safepoint    ] Safepoint "RevokeBias", Time since last: 504108273 ns, Reaching safepoint: 97445 ns, At safepoint: 35390 ns, Total: 132835 ns
[2020-09-11T16:24:54.441+0000][1][safepoint    ] Safepoint "RevokeBias", Time since last: 62986 ns, Reaching safepoint: 77762 ns, At safepoint: 22078 ns, Total: 99840 ns
[2020-09-11T16:24:54.441+0000][1][safepoint    ] Safepoint "RevokeBias", Time since last: 28898 ns, Reaching safepoint: 76929 ns, At safepoint: 21523 ns, Total: 98452 ns
[2020-09-11T16:24:54.441+0000][1][safepoint    ] Safepoint "RevokeBias", Time since last: 27394 ns, Reaching safepoint: 75294 ns, At safepoint: 14095 ns, Total: 89389 ns
[2020-09-11T16:24:54.442+0000][1][safepoint    ] Safepoint "BulkRevokeBias", Time since last: 27023 ns, Reaching safepoint: 76895 ns, At safepoint: 49140 ns, Total: 126035 ns
[2020-09-11T16:24:54.442+0000][1][safepoint    ] Safepoint "RevokeBias", Time since last: 208972 ns, Reaching safepoint: 79805 ns, At safepoint: 25669 ns, Total: 105474 ns
[2020-09-11T16:24:54.935+0000][1][safepoint    ] Safepoint "Deoptimize", Time since last: 492598186 ns, Reaching safepoint: 113793 ns, At safepoint: 249605 ns, Total: 363398 ns
[2020-09-11T16:24:55.941+0000][1][safepoint    ] Safepoint "Cleanup", Time since last: 1003865682 ns, Reaching safepoint: 2077096 ns, At safepoint: 12193 ns, Total: 2089289 ns
[2020-09-11T16:24:56.957+0000][1][safepoint    ] Safepoint "Cleanup", Time since last: 1015936990 ns, Reaching safepoint: 118512 ns, At safepoint: 6790 ns, Total: 125302 ns
[2020-09-11T16:24:57.965+0000][1][safepoint    ] Safepoint "Cleanup", Time since last: 1007876807 ns, Reaching safepoint: 116722 ns, At safepoint: 6132 ns, Total: 122854 ns
[2020-09-11T16:24:58.245+0000][1][safepoint    ] Safepoint "Deoptimize", Time since last: 279909335 ns, Reaching safepoint: 104535 ns, At safepoint: 284402 ns, Total: 388937 ns
[2020-09-11T16:24:59.253+0000][1][safepoint    ] Safepoint "Cleanup", Time since last: 1003588306 ns, Reaching safepoint: 4024469 ns, At safepoint: 13081 ns, Total: 4037550 ns
[2020-09-11T16:24:59.345+0000][1][gc,start     ] GC(21) Pause Young (Allocation Failure)
[2020-09-11T16:24:59.345+0000][1][gc,task      ] GC(21) Using 1 workers of 1 for evacuation
[2020-09-11T16:24:59.418+0000][1][gc,age       ] GC(21) Desired survivor size 4358144 bytes, new threshold 6 (max threshold 6)
[2020-09-11T16:24:59.418+0000][1][gc,age       ] GC(21) Age table with threshold 6 (max threshold 6)
[2020-09-11T16:24:59.418+0000][1][gc,age       ] GC(21) - age   1:     895608 bytes,     895608 total
[2020-09-11T16:24:59.419+0000][1][gc,heap      ] GC(21) ParNew: 75900K->3580K(76672K)
[2020-09-11T16:24:59.419+0000][1][gc,heap      ] GC(21) CMS: 41140K->45453K(439104K)
[2020-09-11T16:24:59.419+0000][1][gc,metaspace ] GC(21) Metaspace: 32413K->32413K(1079296K)
[2020-09-11T16:24:59.419+0000][1][gc           ] GC(21) Pause Young (Allocation Failure) 114M->47M(503M) 73.749ms
[2020-09-11T16:24:59.419+0000][1][gc,cpu       ] GC(21) User=0.02s Sys=0.00s Real=0.07s
[2020-09-11T16:24:59.449+0000][1][safepoint    ] Safepoint "GenCollectForAllocation", Time since last: 88820253 ns, Reaching safepoint: 3155727 ns, At safepoint: 104005891 ns, Total: 107161618 ns
[2020-09-11T16:25:00.477+0000][1][safepoint    ] Safepoint "Cleanup", Time since last: 1027983127 ns, Reaching safepoint: 116280 ns, At safepoint: 6591 ns, Total: 122871 ns
[2020-09-11T16:25:01.173+0000][1][gc,start     ] GC(22) Pause Young (Allocation Failure)
[2020-09-11T16:25:01.173+0000][1][gc,task      ] GC(22) Using 1 workers of 1 for evacuation
[2020-09-11T16:25:01.175+0000][1][gc,age       ] GC(22) Desired survivor size 4358144 bytes, new threshold 6 (max threshold 6)
[2020-09-11T16:25:01.176+0000][1][gc,age       ] GC(22) Age table with threshold 6 (max threshold 6)
[2020-09-11T16:25:01.176+0000][1][gc,age       ] GC(22) - age   1:     249656 bytes,     249656 total
[2020-09-11T16:25:01.176+0000][1][gc,age       ] GC(22) - age   2:     439176 bytes,     688832 total
[2020-09-11T16:25:01.176+0000][1][gc,heap      ] GC(22) ParNew: 71740K->1113K(76672K)
[2020-09-11T16:25:01.176+0000][1][gc,heap      ] GC(22) CMS: 45453K->45453K(439104K)
[2020-09-11T16:25:01.176+0000][1][gc,metaspace ] GC(22) Metaspace: 32426K->32426K(1079296K)
[2020-09-11T16:25:01.176+0000][1][gc           ] GC(22) Pause Young (Allocation Failure) 114M->45M(503M) 2.677ms
[2020-09-11T16:25:01.176+0000][1][gc,cpu       ] GC(22) User=0.00s Sys=0.00s Real=0.00s
[2020-09-11T16:25:01.193+0000][1][safepoint    ] Safepoint "GenCollectForAllocation", Time since last: 695922605 ns, Reaching safepoint: 109451 ns, At safepoint: 19868340 ns, Total: 19977791 ns
[2020-09-11T16:25:02.221+0000][1][safepoint    ] Safepoint "Cleanup", Time since last: 1027987934 ns, Reaching safepoint: 114928 ns, At safepoint: 4843 ns, Total: 119771 ns
[2020-09-11T16:25:02.321+0000][1][gc,start     ] GC(23) Pause Young (Allocation Failure)
[2020-09-11T16:25:02.321+0000][1][gc,task      ] GC(23) Using 1 workers of 1 for evacuation
[2020-09-11T16:25:02.323+0000][1][gc,age       ] GC(23) Desired survivor size 4358144 bytes, new threshold 6 (max threshold 6)
[2020-09-11T16:25:02.323+0000][1][gc,age       ] GC(23) Age table with threshold 6 (max threshold 6)
[2020-09-11T16:25:02.323+0000][1][gc,age       ] GC(23) - age   1:        176 bytes,        176 total
[2020-09-11T16:25:02.323+0000][1][gc,age       ] GC(23) - age   2:     249432 bytes,     249608 total
[2020-09-11T16:25:02.323+0000][1][gc,age       ] GC(23) - age   3:     439176 bytes,     688784 total
[2020-09-11T16:25:02.323+0000][1][gc,heap      ] GC(23) ParNew: 69273K->782K(76672K)
[2020-09-11T16:25:02.323+0000][1][gc,heap      ] GC(23) CMS: 45453K->45453K(439104K)
[2020-09-11T16:25:02.324+0000][1][gc,metaspace ] GC(23) Metaspace: 32427K->32427K(1079296K)
[2020-09-11T16:25:02.324+0000][1][gc           ] GC(23) Pause Young (Allocation Failure) 112M->45M(503M) 2.690ms
[2020-09-11T16:25:02.324+0000][1][gc,cpu       ] GC(23) User=0.00s Sys=0.00s Real=0.00s
[2020-09-11T16:25:02.333+0000][1][safepoint    ] Safepoint "GenCollectForAllocation", Time since last: 95906054 ns, Reaching safepoint: 4004257 ns, At safepoint: 11961279 ns, Total: 15965536 ns
[2020-09-11T16:25:02.833+0000][1][gc,start     ] GC(24) Pause Young (Allocation Failure)
[2020-09-11T16:25:02.837+0000][1][gc,task      ] GC(24) Using 1 workers of 1 for evacuation
[2020-09-11T16:25:02.840+0000][1][gc,age       ] GC(24) Desired survivor size 4358144 bytes, new threshold 6 (max threshold 6)
[2020-09-11T16:25:02.840+0000][1][gc,age       ] GC(24) Age table with threshold 6 (max threshold 6)
[2020-09-11T16:25:02.840+0000][1][gc,age       ] GC(24) - age   1:        176 bytes,        176 total
[2020-09-11T16:25:02.840+0000][1][gc,age       ] GC(24) - age   3:     249432 bytes,     249608 total
[2020-09-11T16:25:02.840+0000][1][gc,age       ] GC(24) - age   4:     439176 bytes,     688784 total
[2020-09-11T16:25:02.840+0000][1][gc,heap      ] GC(24) ParNew: 68942K->700K(76672K)
[2020-09-11T16:25:02.840+0000][1][gc,heap      ] GC(24) CMS: 45453K->45453K(439104K)
[2020-09-11T16:25:02.840+0000][1][gc,metaspace ] GC(24) Metaspace: 32430K->32430K(1079296K)
[2020-09-11T16:25:02.840+0000][1][gc           ] GC(24) Pause Young (Allocation Failure) 111M->45M(503M) 7.128ms
[2020-09-11T16:25:02.840+0000][1][gc,cpu       ] GC(24) User=0.00s Sys=0.00s Real=0.00s
[2020-09-11T16:25:02.861+0000][1][safepoint    ] Safepoint "GenCollectForAllocation", Time since last: 500020272 ns, Reaching safepoint: 108912 ns, At safepoint: 27864852 ns, Total: 27973764 ns
[2020-09-11T16:25:03.372+0000][1][gc,start     ] GC(25) Pause Young (Allocation Failure)
[2020-09-11T16:25:03.372+0000][1][gc,task      ] GC(25) Using 1 workers of 1 for evacuation
[2020-09-11T16:25:03.379+0000][1][gc,age       ] GC(25) Desired survivor size 4358144 bytes, new threshold 6 (max threshold 6)
[2020-09-11T16:25:03.379+0000][1][gc,age       ] GC(25) Age table with threshold 6 (max threshold 6)
[2020-09-11T16:25:03.379+0000][1][gc,age       ] GC(25) - age   1:        224 bytes,        224 total
[2020-09-11T16:25:03.379+0000][1][gc,age       ] GC(25) - age   4:     249432 bytes,     249656 total
[2020-09-11T16:25:03.379+0000][1][gc,age       ] GC(25) - age   5:     439176 bytes,     688832 total
[2020-09-11T16:25:03.379+0000][1][gc,heap      ] GC(25) ParNew: 68860K->679K(76672K)
[2020-09-11T16:25:03.379+0000][1][gc,heap      ] GC(25) CMS: 45453K->45453K(439104K)
[2020-09-11T16:25:03.379+0000][1][gc,metaspace ] GC(25) Metaspace: 32430K->32430K(1079296K)
[2020-09-11T16:25:03.379+0000][1][gc           ] GC(25) Pause Young (Allocation Failure) 111M->45M(503M) 6.792ms
[2020-09-11T16:25:03.379+0000][1][gc,cpu       ] GC(25) User=0.00s Sys=0.00s Real=0.01s
[2020-09-11T16:25:03.391+0000][1][safepoint    ] Safepoint "GenCollectForAllocation", Time since last: 511125490 ns, Reaching safepoint: 107984 ns, At safepoint: 18917362 ns, Total: 19025346 ns
[2020-09-11T16:25:03.871+0000][1][gc,start     ] GC(26) Pause Young (Allocation Failure)
[2020-09-11T16:25:03.871+0000][1][gc,task      ] GC(26) Using 1 workers of 1 for evacuation
[2020-09-11T16:25:03.882+0000][1][gc,age       ] GC(26) Desired survivor size 4358144 bytes, new threshold 6 (max threshold 6)
[2020-09-11T16:25:03.882+0000][1][gc,age       ] GC(26) Age table with threshold 6 (max threshold 6)
[2020-09-11T16:25:03.882+0000][1][gc,age       ] GC(26) - age   1:        176 bytes,        176 total
[2020-09-11T16:25:03.882+0000][1][gc,age       ] GC(26) - age   5:     249432 bytes,     249608 total
[2020-09-11T16:25:03.882+0000][1][gc,age       ] GC(26) - age   6:     439176 bytes,     688784 total
[2020-09-11T16:25:03.882+0000][1][gc,heap      ] GC(26) ParNew: 68839K->674K(76672K)
[2020-09-11T16:25:03.882+0000][1][gc,heap      ] GC(26) CMS: 45453K->45453K(439104K)
[2020-09-11T16:25:03.882+0000][1][gc,metaspace ] GC(26) Metaspace: 32430K->32430K(1079296K)
[2020-09-11T16:25:03.882+0000][1][gc           ] GC(26) Pause Young (Allocation Failure) 111M->45M(503M) 10.985ms
[2020-09-11T16:25:03.882+0000][1][gc,cpu       ] GC(26) User=0.01s Sys=0.00s Real=0.02s
[2020-09-11T16:25:03.882+0000][1][safepoint    ] Safepoint "GenCollectForAllocation", Time since last: 477873261 ns, Reaching safepoint: 2020385 ns, At safepoint: 11142429 ns, Total: 13162814 ns
[2020-09-11T16:25:04.261+0000][1][gc,start     ] GC(27) Pause Young (Allocation Failure)
[2020-09-11T16:25:04.261+0000][1][gc,task      ] GC(27) Using 1 workers of 1 for evacuation
[2020-09-11T16:25:04.264+0000][1][gc,age       ] GC(27) Desired survivor size 4358144 bytes, new threshold 6 (max threshold 6)
[2020-09-11T16:25:04.264+0000][1][gc,age       ] GC(27) Age table with threshold 6 (max threshold 6)
[2020-09-11T16:25:04.264+0000][1][gc,age       ] GC(27) - age   1:         88 bytes,         88 total
[2020-09-11T16:25:04.264+0000][1][gc,age       ] GC(27) - age   6:     249432 bytes,     249520 total
[2020-09-11T16:25:04.264+0000][1][gc,heap      ] GC(27) ParNew: 68834K->673K(76672K)
[2020-09-11T16:25:04.264+0000][1][gc,heap      ] GC(27) CMS: 45453K->45883K(439104K)
[2020-09-11T16:25:04.264+0000][1][gc,metaspace ] GC(27) Metaspace: 32430K->32430K(1079296K)
[2020-09-11T16:25:04.264+0000][1][gc           ] GC(27) Pause Young (Allocation Failure) 111M->45M(503M) 2.685ms
[2020-09-11T16:25:04.264+0000][1][gc,cpu       ] GC(27) User=0.00s Sys=0.00s Real=0.00s
[2020-09-11T16:25:04.277+0000][1][safepoint    ] Safepoint "GenCollectForAllocation", Time since last: 378857702 ns, Reaching safepoint: 104075 ns, At safepoint: 15876782 ns, Total: 15980857 ns
[2020-09-11T16:25:04.499+0000][1][gc,start     ] GC(28) Pause Young (Allocation Failure)
[2020-09-11T16:25:04.499+0000][1][gc,task      ] GC(28) Using 1 workers of 1 for evacuation
[2020-09-11T16:25:04.506+0000][1][gc,age       ] GC(28) Desired survivor size 4358144 bytes, new threshold 6 (max threshold 6)
[2020-09-11T16:25:04.506+0000][1][gc,age       ] GC(28) Age table with threshold 6 (max threshold 6)
[2020-09-11T16:25:04.506+0000][1][gc,age       ] GC(28) - age   1:        144 bytes,        144 total
[2020-09-11T16:25:04.506+0000][1][gc,heap      ] GC(28) ParNew: 68833K->229K(76672K)
[2020-09-11T16:25:04.506+0000][1][gc,heap      ] GC(28) CMS: 45883K->46126K(439104K)
[2020-09-11T16:25:04.506+0000][1][gc,metaspace ] GC(28) Metaspace: 32430K->32430K(1079296K)
[2020-09-11T16:25:04.506+0000][1][gc           ] GC(28) Pause Young (Allocation Failure) 112M->45M(503M) 6.803ms
[2020-09-11T16:25:04.506+0000][1][gc,cpu       ] GC(28) User=0.01s Sys=0.00s Real=0.01s
[2020-09-11T16:25:04.506+0000][1][safepoint    ] Safepoint "GenCollectForAllocation", Time since last: 220111101 ns, Reaching safepoint: 1982237 ns, At safepoint: 6862887 ns, Total: 8845124 ns
[2020-09-11T16:25:04.688+0000][1][gc,start     ] GC(29) Pause Young (Allocation Failure)
[2020-09-11T16:25:04.688+0000][1][gc,task      ] GC(29) Using 1 workers of 1 for evacuation
[2020-09-11T16:25:04.695+0000][1][gc,age       ] GC(29) Desired survivor size 4358144 bytes, new threshold 6 (max threshold 6)
[2020-09-11T16:25:04.695+0000][1][gc,age       ] GC(29) Age table with threshold 6 (max threshold 6)
[2020-09-11T16:25:04.695+0000][1][gc,age       ] GC(29) - age   1:         64 bytes,         64 total
[2020-09-11T16:25:04.695+0000][1][gc,age       ] GC(29) - age   2:         72 bytes,        136 total
[2020-09-11T16:25:04.695+0000][1][gc,heap      ] GC(29) ParNew: 68389K->57K(76672K)
[2020-09-11T16:25:04.695+0000][1][gc,heap      ] GC(29) CMS: 46126K->46126K(439104K)
[2020-09-11T16:25:04.695+0000][1][gc,metaspace ] GC(29) Metaspace: 32430K->32430K(1079296K)
[2020-09-11T16:25:04.695+0000][1][gc           ] GC(29) Pause Young (Allocation Failure) 111M->45M(503M) 6.298ms
[2020-09-11T16:25:04.695+0000][1][gc,cpu       ] GC(29) User=0.00s Sys=0.00s Real=0.01s
[2020-09-11T16:25:04.701+0000][1][safepoint    ] Safepoint "GenCollectForAllocation", Time since last: 175035943 ns, Reaching safepoint: 7522550 ns, At safepoint: 12467605 ns, Total: 19990155 ns
[2020-09-11T16:25:04.889+0000][1][gc,start     ] GC(30) Pause Young (Allocation Failure)
[2020-09-11T16:25:04.889+0000][1][gc,task      ] GC(30) Using 1 workers of 1 for evacuation
[2020-09-11T16:25:04.891+0000][1][gc,age       ] GC(30) Desired survivor size 4358144 bytes, new threshold 6 (max threshold 6)
[2020-09-11T16:25:04.891+0000][1][gc,age       ] GC(30) Age table with threshold 6 (max threshold 6)
[2020-09-11T16:25:04.891+0000][1][gc,age       ] GC(30) - age   1:        232 bytes,        232 total
[2020-09-11T16:25:04.891+0000][1][gc,age       ] GC(30) - age   3:         72 bytes,        304 total
[2020-09-11T16:25:04.891+0000][1][gc,heap      ] GC(30) ParNew: 68217K->14K(76672K)
[2020-09-11T16:25:04.891+0000][1][gc,heap      ] GC(30) CMS: 46126K->46126K(439104K)
[2020-09-11T16:25:04.891+0000][1][gc,metaspace ] GC(30) Metaspace: 32430K->32430K(1079296K)
[2020-09-11T16:25:04.891+0000][1][gc           ] GC(30) Pause Young (Allocation Failure) 111M->45M(503M) 2.199ms
[2020-09-11T16:25:04.891+0000][1][gc,cpu       ] GC(30) User=0.00s Sys=0.00s Real=0.00s
[2020-09-11T16:25:04.897+0000][1][safepoint    ] Safepoint "GenCollectForAllocation", Time since last: 179139885 ns, Reaching safepoint: 8870816 ns, At safepoint: 8012521 ns, Total: 16883337 ns
[2020-09-11T16:25:05.099+0000][1][gc,start     ] GC(31) Pause Young (Allocation Failure)
[2020-09-11T16:25:05.099+0000][1][gc,task      ] GC(31) Using 1 workers of 1 for evacuation
[2020-09-11T16:25:05.105+0000][1][gc,age       ] GC(31) Desired survivor size 4358144 bytes, new threshold 6 (max threshold 6)
[2020-09-11T16:25:05.105+0000][1][gc,age       ] GC(31) Age table with threshold 6 (max threshold 6)
[2020-09-11T16:25:05.105+0000][1][gc,age       ] GC(31) - age   1:        152 bytes,        152 total
[2020-09-11T16:25:05.105+0000][1][gc,age       ] GC(31) - age   2:        208 bytes,        360 total
[2020-09-11T16:25:05.105+0000][1][gc,age       ] GC(31) - age   4:         72 bytes,        432 total
[2020-09-11T16:25:05.105+0000][1][gc,heap      ] GC(31) ParNew: 68174K->3K(76672K)
[2020-09-11T16:25:05.105+0000][1][gc,heap      ] GC(31) CMS: 46126K->46126K(439104K)
[2020-09-11T16:25:05.105+0000][1][gc,metaspace ] GC(31) Metaspace: 32430K->32430K(1079296K)
[2020-09-11T16:25:05.105+0000][1][gc           ] GC(31) Pause Young (Allocation Failure) 111M->45M(503M) 6.307ms
[2020-09-11T16:25:05.105+0000][1][gc,cpu       ] GC(31) User=0.00s Sys=0.00s Real=0.01s
[2020-09-11T16:25:05.105+0000][1][safepoint    ] Safepoint "GenCollectForAllocation", Time since last: 199970414 ns, Reaching safepoint: 2137286 ns, At safepoint: 6375715 ns, Total: 8513001 ns
[2020-09-11T16:25:05.305+0000][1][gc,start     ] GC(32) Pause Young (Allocation Failure)
[2020-09-11T16:25:05.305+0000][1][gc,task      ] GC(32) Using 1 workers of 1 for evacuation
[2020-09-11T16:25:05.307+0000][1][gc,age       ] GC(32) Desired survivor size 4358144 bytes, new threshold 6 (max threshold 6)
[2020-09-11T16:25:05.307+0000][1][gc,age       ] GC(32) Age table with threshold 6 (max threshold 6)
[2020-09-11T16:25:05.307+0000][1][gc,age       ] GC(32) - age   1:        208 bytes,        208 total
[2020-09-11T16:25:05.307+0000][1][gc,age       ] GC(32) - age   3:        208 bytes,        416 total
[2020-09-11T16:25:05.307+0000][1][gc,age       ] GC(32) - age   5:         72 bytes,        488 total
[2020-09-11T16:25:05.307+0000][1][gc,heap      ] GC(32) ParNew: 68163K->2K(76672K)
[2020-09-11T16:25:05.307+0000][1][gc,heap      ] GC(32) CMS: 46126K->46126K(439104K)
[2020-09-11T16:25:05.307+0000][1][gc,metaspace ] GC(32) Metaspace: 32430K->32430K(1079296K)
[2020-09-11T16:25:05.307+0000][1][gc           ] GC(32) Pause Young (Allocation Failure) 111M->45M(503M) 2.346ms
[2020-09-11T16:25:05.307+0000][1][gc,cpu       ] GC(32) User=0.00s Sys=0.00s Real=0.00s
[2020-09-11T16:25:05.307+0000][1][safepoint    ] Safepoint "GenCollectForAllocation", Time since last: 185305502 ns, Reaching safepoint: 14210142 ns, At safepoint: 2411532 ns, Total: 16621674 ns
[2020-09-11T16:25:05.505+0000][1][gc,start     ] GC(33) Pause Young (Allocation Failure)
[2020-09-11T16:25:05.505+0000][1][gc,task      ] GC(33) Using 1 workers of 1 for evacuation
[2020-09-11T16:25:05.507+0000][1][gc,age       ] GC(33) Desired survivor size 4358144 bytes, new threshold 6 (max threshold 6)
[2020-09-11T16:25:05.507+0000][1][gc,age       ] GC(33) Age table with threshold 6 (max threshold 6)
[2020-09-11T16:25:05.507+0000][1][gc,age       ] GC(33) - age   1:        168 bytes,        168 total
[2020-09-11T16:25:05.507+0000][1][gc,age       ] GC(33) - age   4:        208 bytes,        376 total
[2020-09-11T16:25:05.507+0000][1][gc,age       ] GC(33) - age   6:         72 bytes,        448 total
[2020-09-11T16:25:05.507+0000][1][gc,heap      ] GC(33) ParNew: 68162K->2K(76672K)
[2020-09-11T16:25:05.507+0000][1][gc,heap      ] GC(33) CMS: 46126K->46126K(439104K)
[2020-09-11T16:25:05.507+0000][1][gc,metaspace ] GC(33) Metaspace: 32430K->32430K(1079296K)
[2020-09-11T16:25:05.507+0000][1][gc           ] GC(33) Pause Young (Allocation Failure) 111M->45M(503M) 2.236ms
[2020-09-11T16:25:05.507+0000][1][gc,cpu       ] GC(33) User=0.00s Sys=0.00s Real=0.00s
[2020-09-11T16:25:05.507+0000][1][safepoint    ] Safepoint "GenCollectForAllocation", Time since last: 197567799 ns, Reaching safepoint: 106554 ns, At safepoint: 2293620 ns, Total: 2400174 ns
[2020-09-11T16:25:06.509+0000][1][safepoint    ] Safepoint "Cleanup", Time since last: 1000108138 ns, Reaching safepoint: 1532655 ns, At safepoint: 17319 ns, Total: 1549974 ns
[2020-09-11T16:25:07.529+0000][1][safepoint    ] Safepoint "Cleanup", Time since last: 1007975997 ns, Reaching safepoint: 11986191 ns, At safepoint: 11961 ns, Total: 11998152 ns
[2020-09-11T16:25:13.585+0000][1][safepoint    ] Safepoint "Cleanup", Time since last: 6038076913 ns, Reaching safepoint: 17894848 ns, At safepoint: 9711 ns, Total: 17904559 ns
[2020-09-11T16:25:14.590+0000][1][safepoint    ] Safepoint "Cleanup", Time since last: 1003983170 ns, Reaching safepoint: 901505 ns, At safepoint: 7361 ns, Total: 908866 ns
[2020-09-11T16:25:15.427+0000][1][gc,start     ] GC(34) Pause Young (Allocation Failure)
[2020-09-11T16:25:15.427+0000][1][gc,task      ] GC(34) Using 1 workers of 1 for evacuation
[2020-09-11T16:25:15.438+0000][1][gc,age       ] GC(34) Desired survivor size 4358144 bytes, new threshold 6 (max threshold 6)
[2020-09-11T16:25:15.438+0000][1][gc,age       ] GC(34) Age table with threshold 6 (max threshold 6)
[2020-09-11T16:25:15.438+0000][1][gc,age       ] GC(34) - age   1:     243576 bytes,     243576 total
[2020-09-11T16:25:15.438+0000][1][gc,age       ] GC(34) - age   5:        208 bytes,     243784 total
[2020-09-11T16:25:15.438+0000][1][gc,heap      ] GC(34) ParNew: 68162K->240K(76672K)
[2020-09-11T16:25:15.438+0000][1][gc,heap      ] GC(34) CMS: 46126K->46126K(439104K)
[2020-09-11T16:25:15.438+0000][1][gc,metaspace ] GC(34) Metaspace: 32451K->32451K(1079296K)
[2020-09-11T16:25:15.438+0000][1][gc           ] GC(34) Pause Young (Allocation Failure) 111M->45M(503M) 10.714ms
[2020-09-11T16:25:15.438+0000][1][gc,cpu       ] GC(34) User=0.00s Sys=0.00s Real=0.01s
[2020-09-11T16:25:15.438+0000][1][safepoint    ] Safepoint "GenCollectForAllocation", Time since last: 837580923 ns, Reaching safepoint: 108020 ns, At safepoint: 10774650 ns, Total: 10882670 ns
[2020-09-11T16:25:17.303+0000][1][gc,start     ] GC(35) Pause Young (Allocation Failure)
[2020-09-11T16:25:17.303+0000][1][gc,task      ] GC(35) Using 1 workers of 1 for evacuation
[2020-09-11T16:25:17.308+0000][1][gc,age       ] GC(35) Desired survivor size 4358144 bytes, new threshold 6 (max threshold 6)
[2020-09-11T16:25:17.308+0000][1][gc,age       ] GC(35) Age table with threshold 6 (max threshold 6)
[2020-09-11T16:25:17.308+0000][1][gc,age       ] GC(35) - age   1:     512856 bytes,     512856 total
[2020-09-11T16:25:17.308+0000][1][gc,age       ] GC(35) - age   2:     150720 bytes,     663576 total
[2020-09-11T16:25:17.308+0000][1][gc,age       ] GC(35) - age   6:        208 bytes,     663784 total
[2020-09-11T16:25:17.308+0000][1][gc,heap      ] GC(35) ParNew: 68400K->651K(76672K)
[2020-09-11T16:25:17.308+0000][1][gc,heap      ] GC(35) CMS: 46126K->46126K(439104K)
[2020-09-11T16:25:17.308+0000][1][gc,metaspace ] GC(35) Metaspace: 32451K->32451K(1079296K)
[2020-09-11T16:25:17.308+0000][1][gc           ] GC(35) Pause Young (Allocation Failure) 111M->45M(503M) 5.515ms
[2020-09-11T16:25:17.308+0000][1][gc,cpu       ] GC(35) User=0.00s Sys=0.00s Real=0.00s
[2020-09-11T16:25:17.308+0000][1][safepoint    ] Safepoint "GenCollectForAllocation", Time since last: 1864486158 ns, Reaching safepoint: 124162 ns, At safepoint: 5571430 ns, Total: 5695592 ns
[2020-09-11T16:25:18.853+0000][1][gc,start     ] GC(36) Pause Young (Allocation Failure)
[2020-09-11T16:25:18.853+0000][1][gc,task      ] GC(36) Using 1 workers of 1 for evacuation
[2020-09-11T16:25:18.855+0000][1][gc,age       ] GC(36) Desired survivor size 4358144 bytes, new threshold 6 (max threshold 6)
[2020-09-11T16:25:18.855+0000][1][gc,age       ] GC(36) Age table with threshold 6 (max threshold 6)
[2020-09-11T16:25:18.855+0000][1][gc,age       ] GC(36) - age   1:     642504 bytes,     642504 total
[2020-09-11T16:25:18.855+0000][1][gc,age       ] GC(36) - age   2:     340264 bytes,     982768 total
[2020-09-11T16:25:18.855+0000][1][gc,age       ] GC(36) - age   3:     150136 bytes,    1132904 total
[2020-09-11T16:25:18.855+0000][1][gc,heap      ] GC(36) ParNew: 68811K->1106K(76672K)
[2020-09-11T16:25:18.855+0000][1][gc,heap      ] GC(36) CMS: 46126K->46127K(439104K)
[2020-09-11T16:25:18.855+0000][1][gc,metaspace ] GC(36) Metaspace: 32452K->32452K(1079296K)
[2020-09-11T16:25:18.856+0000][1][gc           ] GC(36) Pause Young (Allocation Failure) 112M->46M(503M) 2.602ms
[2020-09-11T16:25:18.856+0000][1][gc,cpu       ] GC(36) User=0.00s Sys=0.00s Real=0.00s
[2020-09-11T16:25:18.856+0000][1][safepoint    ] Safepoint "GenCollectForAllocation", Time since last: 1544451353 ns, Reaching safepoint: 100705 ns, At safepoint: 2663838 ns, Total: 2764543 ns
[2020-09-11T16:25:20.608+0000][1][gc,start     ] GC(37) Pause Young (Allocation Failure)
[2020-09-11T16:25:20.608+0000][1][gc,task      ] GC(37) Using 1 workers of 1 for evacuation
[2020-09-11T16:25:20.615+0000][1][gc,age       ] GC(37) Desired survivor size 4358144 bytes, new threshold 6 (max threshold 6)
[2020-09-11T16:25:20.615+0000][1][gc,age       ] GC(37) Age table with threshold 6 (max threshold 6)
[2020-09-11T16:25:20.615+0000][1][gc,age       ] GC(37) - age   1:     276992 bytes,     276992 total
[2020-09-11T16:25:20.615+0000][1][gc,age       ] GC(37) - age   2:     629296 bytes,     906288 total
[2020-09-11T16:25:20.615+0000][1][gc,age       ] GC(37) - age   3:     340136 bytes,    1246424 total
[2020-09-11T16:25:20.615+0000][1][gc,age       ] GC(37) - age   4:     149752 bytes,    1396176 total
[2020-09-11T16:25:20.615+0000][1][gc,heap      ] GC(37) ParNew: 69266K->1404K(76672K)
[2020-09-11T16:25:20.615+0000][1][gc,heap      ] GC(37) CMS: 46127K->46127K(439104K)
[2020-09-11T16:25:20.615+0000][1][gc,metaspace ] GC(37) Metaspace: 32452K->32452K(1079296K)
[2020-09-11T16:25:20.615+0000][1][gc           ] GC(37) Pause Young (Allocation Failure) 112M->46M(503M) 6.922ms
[2020-09-11T16:25:20.615+0000][1][gc,cpu       ] GC(37) User=0.00s Sys=0.00s Real=0.01s
[2020-09-11T16:25:20.645+0000][1][safepoint    ] Safepoint "GenCollectForAllocation", Time since last: 1745242403 ns, Reaching safepoint: 7083437 ns, At safepoint: 36916216 ns, Total: 43999653 ns
[2020-09-11T16:25:22.465+0000][1][gc,start     ] GC(38) Pause Young (Allocation Failure)
[2020-09-11T16:25:22.465+0000][1][gc,task      ] GC(38) Using 1 workers of 1 for evacuation
[2020-09-11T16:25:22.468+0000][1][gc,age       ] GC(38) Desired survivor size 4358144 bytes, new threshold 6 (max threshold 6)
[2020-09-11T16:25:22.468+0000][1][gc,age       ] GC(38) Age table with threshold 6 (max threshold 6)
[2020-09-11T16:25:22.468+0000][1][gc,age       ] GC(38) - age   1:     967280 bytes,     967280 total
[2020-09-11T16:25:22.468+0000][1][gc,age       ] GC(38) - age   2:     264696 bytes,    1231976 total
[2020-09-11T16:25:22.468+0000][1][gc,age       ] GC(38) - age   3:     297400 bytes,    1529376 total
[2020-09-11T16:25:22.468+0000][1][gc,age       ] GC(38) - age   4:     340136 bytes,    1869512 total
[2020-09-11T16:25:22.468+0000][1][gc,age       ] GC(38) - age   5:     149648 bytes,    2019160 total
[2020-09-11T16:25:22.468+0000][1][gc,heap      ] GC(38) ParNew: 69564K->1973K(76672K)
[2020-09-11T16:25:22.468+0000][1][gc,heap      ] GC(38) CMS: 46127K->46127K(439104K)
[2020-09-11T16:25:22.468+0000][1][gc,metaspace ] GC(38) Metaspace: 32452K->32452K(1079296K)
[2020-09-11T16:25:22.468+0000][1][gc           ] GC(38) Pause Young (Allocation Failure) 112M->46M(503M) 2.921ms
[2020-09-11T16:25:22.468+0000][1][gc,cpu       ] GC(38) User=0.01s Sys=0.00s Real=0.00s
[2020-09-11T16:25:22.485+0000][1][safepoint    ] Safepoint "GenCollectForAllocation", Time since last: 1819998091 ns, Reaching safepoint: 105529 ns, At safepoint: 19856687 ns, Total: 19962216 ns
[2020-09-11T16:25:23.677+0000][1][gc,start     ] GC(39) Pause Young (Allocation Failure)
[2020-09-11T16:25:23.677+0000][1][gc,task      ] GC(39) Using 1 workers of 1 for evacuation
[2020-09-11T16:25:23.680+0000][1][gc,age       ] GC(39) Desired survivor size 4358144 bytes, new threshold 6 (max threshold 6)
[2020-09-11T16:25:23.680+0000][1][gc,age       ] GC(39) Age table with threshold 6 (max threshold 6)
[2020-09-11T16:25:23.680+0000][1][gc,age       ] GC(39) - age   1:     311560 bytes,     311560 total
[2020-09-11T16:25:23.680+0000][1][gc,age       ] GC(39) - age   2:     955256 bytes,    1266816 total
[2020-09-11T16:25:23.680+0000][1][gc,age       ] GC(39) - age   3:     263544 bytes,    1530360 total
[2020-09-11T16:25:23.680+0000][1][gc,age       ] GC(39) - age   4:     296896 bytes,    1827256 total
[2020-09-11T16:25:23.680+0000][1][gc,age       ] GC(39) - age   5:     339720 bytes,    2166976 total
[2020-09-11T16:25:23.680+0000][1][gc,age       ] GC(39) - age   6:     149608 bytes,    2316584 total
[2020-09-11T16:25:23.680+0000][1][gc,heap      ] GC(39) ParNew: 70133K->2306K(76672K)
[2020-09-11T16:25:23.680+0000][1][gc,heap      ] GC(39) CMS: 46127K->46127K(439104K)
[2020-09-11T16:25:23.680+0000][1][gc,metaspace ] GC(39) Metaspace: 32452K->32452K(1079296K)
[2020-09-11T16:25:23.680+0000][1][gc           ] GC(39) Pause Young (Allocation Failure) 113M->47M(503M) 2.871ms
[2020-09-11T16:25:23.680+0000][1][gc,cpu       ] GC(39) User=0.01s Sys=0.00s Real=0.00s
[2020-09-11T16:25:23.697+0000][1][safepoint    ] Safepoint "GenCollectForAllocation", Time since last: 1192081172 ns, Reaching safepoint: 100481 ns, At safepoint: 19861553 ns, Total: 19962034 ns
[2020-09-11T16:25:23.917+0000][1][safepoint    ] Safepoint "RevokeBias", Time since last: 220201147 ns, Reaching safepoint: 99466 ns, At safepoint: 28626 ns, Total: 128092 ns
[2020-09-11T16:25:24.853+0000][1][gc,start     ] GC(40) Pause Young (Allocation Failure)
[2020-09-11T16:25:24.853+0000][1][gc,task      ] GC(40) Using 1 workers of 1 for evacuation
[2020-09-11T16:25:24.856+0000][1][gc,age       ] GC(40) Desired survivor size 4358144 bytes, new threshold 6 (max threshold 6)
[2020-09-11T16:25:24.856+0000][1][gc,age       ] GC(40) Age table with threshold 6 (max threshold 6)
[2020-09-11T16:25:24.856+0000][1][gc,age       ] GC(40) - age   1:     381496 bytes,     381496 total
[2020-09-11T16:25:24.856+0000][1][gc,age       ] GC(40) - age   2:     300744 bytes,     682240 total
[2020-09-11T16:25:24.856+0000][1][gc,age       ] GC(40) - age   3:     954688 bytes,    1636928 total
[2020-09-11T16:25:24.856+0000][1][gc,age       ] GC(40) - age   4:     263312 bytes,    1900240 total
[2020-09-11T16:25:24.856+0000][1][gc,age       ] GC(40) - age   5:     296776 bytes,    2197016 total
[2020-09-11T16:25:24.856+0000][1][gc,age       ] GC(40) - age   6:     339720 bytes,    2536736 total
[2020-09-11T16:25:24.856+0000][1][gc,heap      ] GC(40) ParNew: 70466K->2507K(76672K)
[2020-09-11T16:25:24.856+0000][1][gc,heap      ] GC(40) CMS: 46127K->46270K(439104K)
[2020-09-11T16:25:24.856+0000][1][gc,metaspace ] GC(40) Metaspace: 32456K->32456K(1079296K)
[2020-09-11T16:25:24.856+0000][1][gc           ] GC(40) Pause Young (Allocation Failure) 113M->47M(503M) 3.016ms
[2020-09-11T16:25:24.856+0000][1][gc,cpu       ] GC(40) User=0.01s Sys=0.00s Real=0.00s
[2020-09-11T16:25:24.887+0000][1][safepoint    ] Safepoint "GenCollectForAllocation", Time since last: 935690736 ns, Reaching safepoint: 127343 ns, At safepoint: 34030176 ns, Total: 34157519 ns
[2020-09-11T16:25:25.719+0000][1][gc,start     ] GC(41) Pause Young (Allocation Failure)
[2020-09-11T16:25:25.719+0000][1][gc,task      ] GC(41) Using 1 workers of 1 for evacuation
[2020-09-11T16:25:25.732+0000][1][gc,age       ] GC(41) Desired survivor size 4358144 bytes, new threshold 6 (max threshold 6)
[2020-09-11T16:25:25.732+0000][1][gc,age       ] GC(41) Age table with threshold 6 (max threshold 6)
[2020-09-11T16:25:25.732+0000][1][gc,age       ] GC(41) - age   1:        224 bytes,        224 total
[2020-09-11T16:25:25.732+0000][1][gc,age       ] GC(41) - age   2:     381208 bytes,     381432 total
[2020-09-11T16:25:25.732+0000][1][gc,age       ] GC(41) - age   3:     300744 bytes,     682176 total
[2020-09-11T16:25:25.732+0000][1][gc,age       ] GC(41) - age   4:     954688 bytes,    1636864 total
[2020-09-11T16:25:25.732+0000][1][gc,age       ] GC(41) - age   5:     263312 bytes,    1900176 total
[2020-09-11T16:25:25.732+0000][1][gc,age       ] GC(41) - age   6:     296776 bytes,    2196952 total
[2020-09-11T16:25:25.732+0000][1][gc,heap      ] GC(41) ParNew: 70667K->2175K(76672K)
[2020-09-11T16:25:25.732+0000][1][gc,heap      ] GC(41) CMS: 46270K->46602K(439104K)
[2020-09-11T16:25:25.732+0000][1][gc,metaspace ] GC(41) Metaspace: 32456K->32456K(1079296K)
[2020-09-11T16:25:25.732+0000][1][gc           ] GC(41) Pause Young (Allocation Failure) 114M->47M(503M) 13.070ms
[2020-09-11T16:25:25.732+0000][1][gc,cpu       ] GC(41) User=0.00s Sys=0.00s Real=0.01s
[2020-09-11T16:25:25.749+0000][1][safepoint    ] Safepoint "GenCollectForAllocation", Time since last: 831988734 ns, Reaching safepoint: 100520 ns, At safepoint: 29721736 ns, Total: 29822256 ns
[2020-09-11T16:25:26.431+0000][1][gc,start     ] GC(42) Pause Young (Allocation Failure)
[2020-09-11T16:25:26.431+0000][1][gc,task      ] GC(42) Using 1 workers of 1 for evacuation
[2020-09-11T16:25:26.440+0000][1][gc,age       ] GC(42) Desired survivor size 4358144 bytes, new threshold 6 (max threshold 6)
[2020-09-11T16:25:26.440+0000][1][gc,age       ] GC(42) Age table with threshold 6 (max threshold 6)
[2020-09-11T16:25:26.440+0000][1][gc,age       ] GC(42) - age   1:        208 bytes,        208 total
[2020-09-11T16:25:26.440+0000][1][gc,age       ] GC(42) - age   2:        160 bytes,        368 total
[2020-09-11T16:25:26.440+0000][1][gc,age       ] GC(42) - age   3:     381208 bytes,     381576 total
[2020-09-11T16:25:26.440+0000][1][gc,age       ] GC(42) - age   4:     300744 bytes,     682320 total
[2020-09-11T16:25:26.440+0000][1][gc,age       ] GC(42) - age   5:     954688 bytes,    1637008 total
[2020-09-11T16:25:26.440+0000][1][gc,age       ] GC(42) - age   6:     263312 bytes,    1900320 total
[2020-09-11T16:25:26.440+0000][1][gc,heap      ] GC(42) ParNew: 70335K->1965K(76672K)
[2020-09-11T16:25:26.440+0000][1][gc,heap      ] GC(42) CMS: 46602K->46892K(439104K)
[2020-09-11T16:25:26.440+0000][1][gc,metaspace ] GC(42) Metaspace: 32456K->32456K(1079296K)
[2020-09-11T16:25:26.440+0000][1][gc           ] GC(42) Pause Young (Allocation Failure) 114M->47M(503M) 9.869ms
[2020-09-11T16:25:26.440+0000][1][gc,cpu       ] GC(42) User=0.00s Sys=0.00s Real=0.01s
[2020-09-11T16:25:26.461+0000][1][safepoint    ] Safepoint "GenCollectForAllocation", Time since last: 681611377 ns, Reaching safepoint: 104024 ns, At safepoint: 30390891 ns, Total: 30494915 ns
[2020-09-11T16:25:27.065+0000][1][gc,start     ] GC(43) Pause Young (Allocation Failure)
[2020-09-11T16:25:27.065+0000][1][gc,task      ] GC(43) Using 1 workers of 1 for evacuation
[2020-09-11T16:25:27.068+0000][1][gc,age       ] GC(43) Desired survivor size 4358144 bytes, new threshold 6 (max threshold 6)
[2020-09-11T16:25:27.068+0000][1][gc,age       ] GC(43) Age table with threshold 6 (max threshold 6)
[2020-09-11T16:25:27.068+0000][1][gc,age       ] GC(43) - age   1:        192 bytes,        192 total
[2020-09-11T16:25:27.068+0000][1][gc,age       ] GC(43) - age   3:        160 bytes,        352 total
[2020-09-11T16:25:27.068+0000][1][gc,age       ] GC(43) - age   4:     381208 bytes,     381560 total
[2020-09-11T16:25:27.068+0000][1][gc,age       ] GC(43) - age   5:     300744 bytes,     682304 total
[2020-09-11T16:25:27.068+0000][1][gc,age       ] GC(43) - age   6:     954688 bytes,    1636992 total
[2020-09-11T16:25:27.068+0000][1][gc,heap      ] GC(43) ParNew: 70125K->1850K(76672K)
[2020-09-11T16:25:27.068+0000][1][gc,heap      ] GC(43) CMS: 46892K->47149K(439104K)
[2020-09-11T16:25:27.068+0000][1][gc,metaspace ] GC(43) Metaspace: 32456K->32456K(1079296K)
[2020-09-11T16:25:27.068+0000][1][gc           ] GC(43) Pause Young (Allocation Failure) 114M->47M(503M) 2.798ms
[2020-09-11T16:25:27.068+0000][1][gc,cpu       ] GC(43) User=0.01s Sys=0.00s Real=0.00s
[2020-09-11T16:25:27.083+0000][1][safepoint    ] Safepoint "GenCollectForAllocation", Time since last: 603880130 ns, Reaching safepoint: 104998 ns, At safepoint: 18493875 ns, Total: 18598873 ns
[2020-09-11T16:25:27.714+0000][1][gc,start     ] GC(44) Pause Young (Allocation Failure)
[2020-09-11T16:25:27.714+0000][1][gc,task      ] GC(44) Using 1 workers of 1 for evacuation
[2020-09-11T16:25:27.716+0000][1][gc,age       ] GC(44) Desired survivor size 4358144 bytes, new threshold 6 (max threshold 6)
[2020-09-11T16:25:27.716+0000][1][gc,age       ] GC(44) Age table with threshold 6 (max threshold 6)
[2020-09-11T16:25:27.716+0000][1][gc,age       ] GC(44) - age   1:         48 bytes,         48 total
[2020-09-11T16:25:27.716+0000][1][gc,age       ] GC(44) - age   4:        160 bytes,        208 total
[2020-09-11T16:25:27.716+0000][1][gc,age       ] GC(44) - age   5:     381208 bytes,     381416 total
[2020-09-11T16:25:27.716+0000][1][gc,age       ] GC(44) - age   6:     300744 bytes,     682160 total
[2020-09-11T16:25:27.716+0000][1][gc,heap      ] GC(44) ParNew: 70010K->790K(76672K)
[2020-09-11T16:25:27.716+0000][1][gc,heap      ] GC(44) CMS: 47149K->48081K(439104K)
[2020-09-11T16:25:27.716+0000][1][gc,metaspace ] GC(44) Metaspace: 32456K->32456K(1079296K)
[2020-09-11T16:25:27.716+0000][1][gc           ] GC(44) Pause Young (Allocation Failure) 114M->47M(503M) 2.694ms
[2020-09-11T16:25:27.717+0000][1][gc,cpu       ] GC(44) User=0.00s Sys=0.00s Real=0.00s
[2020-09-11T16:25:27.731+0000][1][safepoint    ] Safepoint "GenCollectForAllocation", Time since last: 630314847 ns, Reaching safepoint: 102362 ns, At safepoint: 17614408 ns, Total: 17716770 ns
[2020-09-11T16:25:28.334+0000][1][gc,start     ] GC(45) Pause Young (Allocation Failure)
[2020-09-11T16:25:28.334+0000][1][gc,task      ] GC(45) Using 1 workers of 1 for evacuation
[2020-09-11T16:25:28.336+0000][1][gc,age       ] GC(45) Desired survivor size 4358144 bytes, new threshold 6 (max threshold 6)
[2020-09-11T16:25:28.336+0000][1][gc,age       ] GC(45) Age table with threshold 6 (max threshold 6)
[2020-09-11T16:25:28.336+0000][1][gc,age       ] GC(45) - age   1:         80 bytes,         80 total
[2020-09-11T16:25:28.336+0000][1][gc,age       ] GC(45) - age   5:        160 bytes,        240 total
[2020-09-11T16:25:28.336+0000][1][gc,age       ] GC(45) - age   6:     381208 bytes,     381448 total
[2020-09-11T16:25:28.336+0000][1][gc,heap      ] GC(45) ParNew: 68950K->713K(76672K)
[2020-09-11T16:25:28.336+0000][1][gc,heap      ] GC(45) CMS: 48081K->48375K(439104K)
[2020-09-11T16:25:28.336+0000][1][gc,metaspace ] GC(45) Metaspace: 32456K->32456K(1079296K)
[2020-09-11T16:25:28.336+0000][1][gc           ] GC(45) Pause Young (Allocation Failure) 114M->47M(503M) 2.731ms
[2020-09-11T16:25:28.336+0000][1][gc,cpu       ] GC(45) User=0.01s Sys=0.00s Real=0.00s
[2020-09-11T16:25:28.353+0000][1][safepoint    ] Safepoint "GenCollectForAllocation", Time since last: 601994887 ns, Reaching safepoint: 98051 ns, At safepoint: 19319916 ns, Total: 19417967 ns
[2020-09-11T16:25:28.973+0000][1][gc,start     ] GC(46) Pause Young (Allocation Failure)
[2020-09-11T16:25:28.973+0000][1][gc,task      ] GC(46) Using 1 workers of 1 for evacuation
[2020-09-11T16:25:28.986+0000][1][gc,age       ] GC(46) Desired survivor size 4358144 bytes, new threshold 6 (max threshold 6)
[2020-09-11T16:25:28.986+0000][1][gc,age       ] GC(46) Age table with threshold 6 (max threshold 6)
[2020-09-11T16:25:28.986+0000][1][gc,age       ] GC(46) - age   6:        160 bytes,        160 total
[2020-09-11T16:25:28.986+0000][1][gc,heap      ] GC(46) ParNew: 68873K->228K(76672K)
[2020-09-11T16:25:28.986+0000][1][gc,heap      ] GC(46) CMS: 48375K->48748K(439104K)
[2020-09-11T16:25:28.986+0000][1][gc,metaspace ] GC(46) Metaspace: 32456K->32456K(1079296K)
[2020-09-11T16:25:28.986+0000][1][gc           ] GC(46) Pause Young (Allocation Failure) 114M->47M(503M) 12.994ms
[2020-09-11T16:25:28.986+0000][1][gc,cpu       ] GC(46) User=0.00s Sys=0.00s Real=0.01s
[2020-09-11T16:25:29.003+0000][1][safepoint    ] Safepoint "GenCollectForAllocation", Time since last: 619981626 ns, Reaching safepoint: 101756 ns, At safepoint: 30571619 ns, Total: 30673375 ns
[2020-09-11T16:25:29.589+0000][1][gc,start     ] GC(47) Pause Young (Allocation Failure)
[2020-09-11T16:25:29.589+0000][1][gc,task      ] GC(47) Using 1 workers of 1 for evacuation
[2020-09-11T16:25:29.592+0000][1][gc,age       ] GC(47) Desired survivor size 4358144 bytes, new threshold 6 (max threshold 6)
[2020-09-11T16:25:29.592+0000][1][gc,age       ] GC(47) Age table with threshold 6 (max threshold 6)
[2020-09-11T16:25:29.592+0000][1][gc,age       ] GC(47) - age   1:        184 bytes,        184 total
[2020-09-11T16:25:29.592+0000][1][gc,heap      ] GC(47) ParNew: 68388K->57K(76672K)
[2020-09-11T16:25:29.592+0000][1][gc,heap      ] GC(47) CMS: 48748K->48748K(439104K)
[2020-09-11T16:25:29.592+0000][1][gc,metaspace ] GC(47) Metaspace: 32456K->32456K(1079296K)
[2020-09-11T16:25:29.592+0000][1][gc           ] GC(47) Pause Young (Allocation Failure) 114M->47M(503M) 2.961ms
[2020-09-11T16:25:29.592+0000][1][gc,cpu       ] GC(47) User=0.00s Sys=0.00s Real=0.00s
[2020-09-11T16:25:29.623+0000][1][safepoint    ] Safepoint "GenCollectForAllocation", Time since last: 585313094 ns, Reaching safepoint: 106142 ns, At safepoint: 33820255 ns, Total: 33926397 ns
[2020-09-11T16:25:29.985+0000][1][gc,start     ] GC(48) Pause Young (Allocation Failure)
[2020-09-11T16:25:29.985+0000][1][gc,task      ] GC(48) Using 1 workers of 1 for evacuation
[2020-09-11T16:25:29.988+0000][1][gc,age       ] GC(48) Desired survivor size 4358144 bytes, new threshold 6 (max threshold 6)
[2020-09-11T16:25:29.988+0000][1][gc,age       ] GC(48) Age table with threshold 6 (max threshold 6)
[2020-09-11T16:25:29.988+0000][1][gc,age       ] GC(48) - age   1:        192 bytes,        192 total
[2020-09-11T16:25:29.988+0000][1][gc,heap      ] GC(48) ParNew: 68217K->14K(76672K)
[2020-09-11T16:25:29.988+0000][1][gc,heap      ] GC(48) CMS: 48748K->48748K(439104K)
[2020-09-11T16:25:29.988+0000][1][gc,metaspace ] GC(48) Metaspace: 32456K->32456K(1079296K)
[2020-09-11T16:25:29.988+0000][1][gc           ] GC(48) Pause Young (Allocation Failure) 114M->47M(503M) 3.067ms
[2020-09-11T16:25:29.988+0000][1][gc,cpu       ] GC(48) User=0.00s Sys=0.00s Real=0.00s
[2020-09-11T16:25:29.988+0000][1][safepoint    ] Safepoint "GenCollectForAllocation", Time since last: 359080526 ns, Reaching safepoint: 3005245 ns, At safepoint: 3124646 ns, Total: 6129891 ns
[2020-09-11T16:25:30.285+0000][1][gc,start     ] GC(49) Pause Young (Allocation Failure)
[2020-09-11T16:25:30.285+0000][1][gc,task      ] GC(49) Using 1 workers of 1 for evacuation
[2020-09-11T16:25:30.287+0000][1][gc,age       ] GC(49) Desired survivor size 4358144 bytes, new threshold 6 (max threshold 6)
[2020-09-11T16:25:30.287+0000][1][gc,age       ] GC(49) Age table with threshold 6 (max threshold 6)
[2020-09-11T16:25:30.287+0000][1][gc,age       ] GC(49) - age   1:        184 bytes,        184 total
[2020-09-11T16:25:30.287+0000][1][gc,heap      ] GC(49) ParNew: 68174K->3K(76672K)
[2020-09-11T16:25:30.287+0000][1][gc,heap      ] GC(49) CMS: 48748K->48748K(439104K)
[2020-09-11T16:25:30.287+0000][1][gc,metaspace ] GC(49) Metaspace: 32456K->32456K(1079296K)
[2020-09-11T16:25:30.287+0000][1][gc           ] GC(49) Pause Young (Allocation Failure) 114M->47M(503M) 2.537ms
[2020-09-11T16:25:30.287+0000][1][gc,cpu       ] GC(49) User=0.00s Sys=0.00s Real=0.00s
[2020-09-11T16:25:30.301+0000][1][safepoint    ] Safepoint "GenCollectForAllocation", Time since last: 296582130 ns, Reaching safepoint: 285716 ns, At safepoint: 16019597 ns, Total: 16305313 ns
[2020-09-11T16:25:31.318+0000][1][safepoint    ] Safepoint "Cleanup", Time since last: 1007989844 ns, Reaching safepoint: 9063182 ns, At safepoint: 10103 ns, Total: 9073285 ns
[2020-09-11T16:25:33.335+0000][1][safepoint    ] Safepoint "Cleanup", Time since last: 2016988632 ns, Reaching safepoint: 125399 ns, At safepoint: 6563 ns, Total: 131962 ns
[2020-09-11T16:25:33.426+0000][1][gc,start     ] GC(50) Pause Young (Allocation Failure)
[2020-09-11T16:25:33.427+0000][1][gc,task      ] GC(50) Using 1 workers of 1 for evacuation
[2020-09-11T16:25:33.439+0000][1][gc,age       ] GC(50) Desired survivor size 4358144 bytes, new threshold 6 (max threshold 6)
[2020-09-11T16:25:33.439+0000][1][gc,age       ] GC(50) Age table with threshold 6 (max threshold 6)
[2020-09-11T16:25:33.439+0000][1][gc,age       ] GC(50) - age   1:      96048 bytes,      96048 total
[2020-09-11T16:25:33.439+0000][1][gc,heap      ] GC(50) ParNew: 68163K->94K(76672K)
[2020-09-11T16:25:33.439+0000][1][gc,heap      ] GC(50) CMS: 48748K->48748K(439104K)
[2020-09-11T16:25:33.439+0000][1][gc,metaspace ] GC(50) Metaspace: 32457K->32457K(1079296K)
[2020-09-11T16:25:33.439+0000][1][gc           ] GC(50) Pause Young (Allocation Failure) 114M->47M(503M) 12.798ms
[2020-09-11T16:25:33.439+0000][1][gc,cpu       ] GC(50) User=0.01s Sys=0.00s Real=0.01s
[2020-09-11T16:25:33.439+0000][1][safepoint    ] Safepoint "GenCollectForAllocation", Time since last: 91316294 ns, Reaching safepoint: 105107 ns, At safepoint: 12855191 ns, Total: 12960298 ns
[2020-09-11T16:25:34.464+0000][1][safepoint    ] Safepoint "Cleanup", Time since last: 1024261299 ns, Reaching safepoint: 43510 ns, At safepoint: 7701 ns, Total: 51211 ns
[2020-09-11T16:25:34.548+0000][1][gc,start     ] GC(51) Pause Young (Allocation Failure)
[2020-09-11T16:25:34.548+0000][1][gc,task      ] GC(51) Using 1 workers of 1 for evacuation
[2020-09-11T16:25:34.551+0000][1][gc,age       ] GC(51) Desired survivor size 4358144 bytes, new threshold 6 (max threshold 6)
[2020-09-11T16:25:34.551+0000][1][gc,age       ] GC(51) Age table with threshold 6 (max threshold 6)
[2020-09-11T16:25:34.551+0000][1][gc,age       ] GC(51) - age   1:     546216 bytes,     546216 total
[2020-09-11T16:25:34.551+0000][1][gc,age       ] GC(51) - age   2:      49408 bytes,     595624 total
[2020-09-11T16:25:34.551+0000][1][gc,heap      ] GC(51) ParNew: 68254K->585K(76672K)
[2020-09-11T16:25:34.551+0000][1][gc,heap      ] GC(51) CMS: 48748K->48748K(439104K)
[2020-09-11T16:25:34.551+0000][1][gc,metaspace ] GC(51) Metaspace: 32457K->32457K(1079296K)
[2020-09-11T16:25:34.551+0000][1][gc           ] GC(51) Pause Young (Allocation Failure) 114M->48M(503M) 2.826ms
[2020-09-11T16:25:34.551+0000][1][gc,cpu       ] GC(51) User=0.00s Sys=0.00s Real=0.00s
[2020-09-11T16:25:34.559+0000][1][safepoint    ] Safepoint "GenCollectForAllocation", Time since last: 84623515 ns, Reaching safepoint: 110100 ns, At safepoint: 10344801 ns, Total: 10454901 ns
[2020-09-11T16:25:35.201+0000][1][gc,start     ] GC(52) Pause Young (Allocation Failure)
[2020-09-11T16:25:35.201+0000][1][gc,task      ] GC(52) Using 1 workers of 1 for evacuation
[2020-09-11T16:25:35.204+0000][1][gc,age       ] GC(52) Desired survivor size 4358144 bytes, new threshold 6 (max threshold 6)
[2020-09-11T16:25:35.204+0000][1][gc,age       ] GC(52) Age table with threshold 6 (max threshold 6)
[2020-09-11T16:25:35.204+0000][1][gc,age       ] GC(52) - age   1:     645088 bytes,     645088 total
[2020-09-11T16:25:35.204+0000][1][gc,age       ] GC(52) - age   2:     374720 bytes,    1019808 total
[2020-09-11T16:25:35.204+0000][1][gc,age       ] GC(52) - age   3:      48656 bytes,    1068464 total
[2020-09-11T16:25:35.204+0000][1][gc,heap      ] GC(52) ParNew: 68745K->1058K(76672K)
[2020-09-11T16:25:35.204+0000][1][gc,heap      ] GC(52) CMS: 48748K->48748K(439104K)
[2020-09-11T16:25:35.204+0000][1][gc,metaspace ] GC(52) Metaspace: 32457K->32457K(1079296K)
[2020-09-11T16:25:35.204+0000][1][gc           ] GC(52) Pause Young (Allocation Failure) 114M->48M(503M) 2.989ms
[2020-09-11T16:25:35.204+0000][1][gc,cpu       ] GC(52) User=0.00s Sys=0.00s Real=0.00s
[2020-09-11T16:25:35.213+0000][1][safepoint    ] Safepoint "GenCollectForAllocation", Time since last: 639934098 ns, Reaching safepoint: 2216262 ns, At safepoint: 11992251 ns, Total: 14208513 ns
[2020-09-11T16:25:35.698+0000][1][gc,start     ] GC(53) Pause Young (Allocation Failure)
[2020-09-11T16:25:35.698+0000][1][gc,task      ] GC(53) Using 1 workers of 1 for evacuation
[2020-09-11T16:25:35.701+0000][1][gc,age       ] GC(53) Desired survivor size 4358144 bytes, new threshold 6 (max threshold 6)
[2020-09-11T16:25:35.701+0000][1][gc,age       ] GC(53) Age table with threshold 6 (max threshold 6)
[2020-09-11T16:25:35.701+0000][1][gc,age       ] GC(53) - age   1:     315240 bytes,     315240 total
[2020-09-11T16:25:35.701+0000][1][gc,age       ] GC(53) - age   2:     627960 bytes,     943200 total
[2020-09-11T16:25:35.701+0000][1][gc,age       ] GC(53) - age   3:     373936 bytes,    1317136 total
[2020-09-11T16:25:35.701+0000][1][gc,age       ] GC(53) - age   4:      48312 bytes,    1365448 total
[2020-09-11T16:25:35.713+0000][1][gc,heap      ] GC(53) ParNew: 69218K->1335K(76672K)
[2020-09-11T16:25:35.713+0000][1][gc,heap      ] GC(53) CMS: 48748K->48748K(439104K)
[2020-09-11T16:25:35.713+0000][1][gc,metaspace ] GC(53) Metaspace: 32457K->32457K(1079296K)
[2020-09-11T16:25:35.713+0000][1][gc           ] GC(53) Pause Young (Allocation Failure) 115M->48M(503M) 15.087ms
[2020-09-11T16:25:35.713+0000][1][gc,cpu       ] GC(53) User=0.00s Sys=0.00s Real=0.02s
[2020-09-11T16:25:35.713+0000][1][safepoint    ] Safepoint "GenCollectForAllocation", Time since last: 483990321 ns, Reaching safepoint: 977656 ns, At safepoint: 15143593 ns, Total: 16121249 ns
[2020-09-11T16:25:36.381+0000][1][gc,start     ] GC(54) Pause Young (Allocation Failure)
[2020-09-11T16:25:36.381+0000][1][gc,task      ] GC(54) Using 1 workers of 1 for evacuation
[2020-09-11T16:25:36.384+0000][1][gc,age       ] GC(54) Desired survivor size 4358144 bytes, new threshold 6 (max threshold 6)
[2020-09-11T16:25:36.384+0000][1][gc,age       ] GC(54) Age table with threshold 6 (max threshold 6)
[2020-09-11T16:25:36.384+0000][1][gc,age       ] GC(54) - age   1:     963456 bytes,     963456 total
[2020-09-11T16:25:36.384+0000][1][gc,age       ] GC(54) - age   2:     302856 bytes,    1266312 total
[2020-09-11T16:25:36.384+0000][1][gc,age       ] GC(54) - age   3:     299712 bytes,    1566024 total
[2020-09-11T16:25:36.384+0000][1][gc,age       ] GC(54) - age   4:     373776 bytes,    1939800 total
[2020-09-11T16:25:36.384+0000][1][gc,age       ] GC(54) - age   5:      48312 bytes,    1988112 total
[2020-09-11T16:25:36.384+0000][1][gc,heap      ] GC(54) ParNew: 69495K->1941K(76672K)
[2020-09-11T16:25:36.384+0000][1][gc,heap      ] GC(54) CMS: 48748K->48748K(439104K)
[2020-09-11T16:25:36.384+0000][1][gc,metaspace ] GC(54) Metaspace: 32457K->32457K(1079296K)
[2020-09-11T16:25:36.384+0000][1][gc           ] GC(54) Pause Young (Allocation Failure) 115M->49M(503M) 3.106ms
[2020-09-11T16:25:36.384+0000][1][gc,cpu       ] GC(54) User=0.00s Sys=0.00s Real=0.00s
[2020-09-11T16:25:36.399+0000][1][safepoint    ] Safepoint "GenCollectForAllocation", Time since last: 665315136 ns, Reaching safepoint: 2574479 ns, At safepoint: 17904783 ns, Total: 20479262 ns
[2020-09-11T16:25:37.372+0000][1][gc,start     ] GC(55) Pause Young (Allocation Failure)
[2020-09-11T16:25:37.372+0000][1][gc,task      ] GC(55) Using 1 workers of 1 for evacuation
[2020-09-11T16:25:37.388+0000][1][gc,age       ] GC(55) Desired survivor size 4358144 bytes, new threshold 6 (max threshold 6)
[2020-09-11T16:25:37.388+0000][1][gc,age       ] GC(55) Age table with threshold 6 (max threshold 6)
[2020-09-11T16:25:37.388+0000][1][gc,age       ] GC(55) - age   1:     313416 bytes,     313416 total
[2020-09-11T16:25:37.388+0000][1][gc,age       ] GC(55) - age   2:     951632 bytes,    1265048 total
[2020-09-11T16:25:37.388+0000][1][gc,age       ] GC(55) - age   3:     298496 bytes,    1563544 total
[2020-09-11T16:25:37.388+0000][1][gc,age       ] GC(55) - age   4:     299072 bytes,    1862616 total
[2020-09-11T16:25:37.388+0000][1][gc,age       ] GC(55) - age   5:     373624 bytes,    2236240 total
[2020-09-11T16:25:37.388+0000][1][gc,age       ] GC(55) - age   6:      48288 bytes,    2284528 total
[2020-09-11T16:25:37.388+0000][1][gc,heap      ] GC(55) ParNew: 70101K->2274K(76672K)
[2020-09-11T16:25:37.388+0000][1][gc,heap      ] GC(55) CMS: 48748K->48748K(439104K)
[2020-09-11T16:25:37.388+0000][1][gc,metaspace ] GC(55) Metaspace: 32457K->32457K(1079296K)
[2020-09-11T16:25:37.388+0000][1][gc           ] GC(55) Pause Young (Allocation Failure) 116M->49M(503M) 15.741ms
[2020-09-11T16:25:37.388+0000][1][gc,cpu       ] GC(55) User=0.01s Sys=0.00s Real=0.02s
[2020-09-11T16:25:37.406+0000][1][safepoint    ] Safepoint "GenCollectForAllocation", Time since last: 973455761 ns, Reaching safepoint: 110431 ns, At safepoint: 33733520 ns, Total: 33843951 ns
[2020-09-11T16:25:38.042+0000][1][safepoint    ] Safepoint "RevokeBias", Time since last: 635690250 ns, Reaching safepoint: 97090 ns, At safepoint: 6441 ns, Total: 103531 ns
[2020-09-11T16:25:39.045+0000][1][safepoint    ] Safepoint "Cleanup", Time since last: 1000537359 ns, Reaching safepoint: 2484437 ns, At safepoint: 16566 ns, Total: 2501003 ns
[2020-09-11T16:25:39.533+0000][1][safepoint    ] Safepoint "Deoptimize", Time since last: 484734607 ns, Reaching safepoint: 3234336 ns, At safepoint: 350634 ns, Total: 3584970 ns
[2020-09-11T16:25:40.073+0000][1][safepoint    ] Safepoint "CollectForMetadataAllocation", Time since last: 538366560 ns, Reaching safepoint: 1288412 ns, At safepoint: 116257 ns, Total: 1404669 ns
[2020-09-11T16:25:40.217+0000][1][safepoint    ] Safepoint "CollectForMetadataAllocation", Time since last: 139851113 ns, Reaching safepoint: 4006093 ns, At safepoint: 136987 ns, Total: 4143080 ns
[2020-09-11T16:25:40.349+0000][1][safepoint    ] Safepoint "CollectForMetadataAllocation", Time since last: 125003111 ns, Reaching safepoint: 6878969 ns, At safepoint: 115211 ns, Total: 6994180 ns
[2020-09-11T16:25:40.405+0000][1][gc,start     ] GC(56) Pause Young (Allocation Failure)
[2020-09-11T16:25:40.405+0000][1][gc,task      ] GC(56) Using 1 workers of 1 for evacuation
[2020-09-11T16:25:40.428+0000][1][gc,age       ] GC(56) Desired survivor size 4358144 bytes, new threshold 6 (max threshold 6)
[2020-09-11T16:25:40.429+0000][1][gc,age       ] GC(56) Age table with threshold 6 (max threshold 6)
[2020-09-11T16:25:40.429+0000][1][gc,age       ] GC(56) - age   1:    1202920 bytes,    1202920 total
[2020-09-11T16:25:40.429+0000][1][gc,age       ] GC(56) - age   2:     301544 bytes,    1504464 total
[2020-09-11T16:25:40.429+0000][1][gc,age       ] GC(56) - age   3:     951288 bytes,    2455752 total
[2020-09-11T16:25:40.429+0000][1][gc,age       ] GC(56) - age   4:     297872 bytes,    2753624 total
[2020-09-11T16:25:40.429+0000][1][gc,age       ] GC(56) - age   5:     298664 bytes,    3052288 total
[2020-09-11T16:25:40.429+0000][1][gc,age       ] GC(56) - age   6:     373480 bytes,    3425768 total
[2020-09-11T16:25:40.429+0000][1][gc,heap      ] GC(56) ParNew: 70434K->3374K(76672K)
[2020-09-11T16:25:40.429+0000][1][gc,heap      ] GC(56) CMS: 48748K->48792K(439104K)
[2020-09-11T16:25:40.429+0000][1][gc,metaspace ] GC(56) Metaspace: 35341K->35341K(1081344K)
[2020-09-11T16:25:40.429+0000][1][gc           ] GC(56) Pause Young (Allocation Failure) 116M->50M(503M) 23.818ms
[2020-09-11T16:25:40.429+0000][1][gc,cpu       ] GC(56) User=0.01s Sys=0.00s Real=0.02s
[2020-09-11T16:25:40.441+0000][1][safepoint    ] Safepoint "GenCollectForAllocation", Time since last: 51440516 ns, Reaching safepoint: 4429915 ns, At safepoint: 36022991 ns, Total: 40452906 ns
[2020-09-11T16:25:40.464+0000][1][gc,start     ] GC(57) Pause Initial Mark
[2020-09-11T16:25:40.474+0000][1][gc           ] GC(57) Pause Initial Mark 52M->52M(503M) 9.770ms
[2020-09-11T16:25:40.474+0000][1][gc,cpu       ] GC(57) User=0.00s Sys=0.00s Real=0.01s
[2020-09-11T16:25:40.477+0000][1][safepoint    ] Safepoint "CMS_Initial_Mark", Time since last: 20565205 ns, Reaching safepoint: 2441056 ns, At safepoint: 12949381 ns, Total: 15390437 ns
[2020-09-11T16:25:40.477+0000][1][gc           ] GC(57) Concurrent Mark
[2020-09-11T16:25:40.494+0000][1][safepoint    ] Safepoint "CollectForMetadataAllocation", Time since last: 17361263 ns, Reaching safepoint: 47711 ns, At safepoint: 134033 ns, Total: 181744 ns
[2020-09-11T16:25:40.670+0000][1][safepoint    ] Safepoint "CollectForMetadataAllocation", Time since last: 175225357 ns, Reaching safepoint: 43836 ns, At safepoint: 121483 ns, Total: 165319 ns
[2020-09-11T16:25:40.951+0000][1][gc           ] GC(57) Concurrent Mark 474.647ms
[2020-09-11T16:25:40.952+0000][1][gc,cpu       ] GC(57) User=0.09s Sys=0.01s Real=0.47s
[2020-09-11T16:25:40.952+0000][1][gc           ] GC(57) Concurrent Preclean
[2020-09-11T16:25:40.952+0000][1][gc           ] GC(57) Concurrent Preclean 0.941ms
[2020-09-11T16:25:40.952+0000][1][gc,cpu       ] GC(57) User=0.00s Sys=0.00s Real=0.00s
[2020-09-11T16:25:40.952+0000][1][gc           ] GC(57) Concurrent Abortable Preclean
[2020-09-11T16:25:40.999+0000][1][safepoint    ] Safepoint "CollectForMetadataAllocation", Time since last: 329506530 ns, Reaching safepoint: 53392 ns, At safepoint: 119912 ns, Total: 173304 ns
[2020-09-11T16:25:41.747+0000][1][gc           ] GC(57) Concurrent Abortable Preclean 794.376ms
[2020-09-11T16:25:41.747+0000][1][gc,cpu       ] GC(57) User=0.15s Sys=0.01s Real=0.80s
[2020-09-11T16:25:41.749+0000][1][gc,start     ] GC(57) Pause Remark
[2020-09-11T16:25:41.840+0000][1][gc           ] GC(57) Pause Remark 100M->100M(503M) 91.549ms
[2020-09-11T16:25:41.840+0000][1][gc,cpu       ] GC(57) User=0.02s Sys=0.00s Real=0.09s
[2020-09-11T16:25:41.897+0000][1][safepoint    ] Safepoint "CMS_Final_Remark", Time since last: 747559028 ns, Reaching safepoint: 1867729 ns, At safepoint: 148016110 ns, Total: 149883839 ns
[2020-09-11T16:25:41.897+0000][1][gc           ] GC(57) Concurrent Sweep
[2020-09-11T16:25:42.062+0000][1][gc           ] GC(57) Concurrent Sweep 164.801ms
[2020-09-11T16:25:42.062+0000][1][gc,cpu       ] GC(57) User=0.03s Sys=0.00s Real=0.17s
[2020-09-11T16:25:42.062+0000][1][gc           ] GC(57) Concurrent Reset
[2020-09-11T16:25:42.062+0000][1][gc           ] GC(57) Concurrent Reset 0.623ms
[2020-09-11T16:25:42.062+0000][1][gc,cpu       ] GC(57) User=0.00s Sys=0.00s Real=0.00s
[2020-09-11T16:25:42.062+0000][1][gc,heap      ] GC(57) Old: 48792K->47704K(439104K)
[2020-09-11T16:25:42.149+0000][1][gc,start     ] GC(58) Pause Young (Allocation Failure)
[2020-09-11T16:25:42.149+0000][1][gc,task      ] GC(58) Using 1 workers of 1 for evacuation
[2020-09-11T16:25:42.198+0000][1][gc,age       ] GC(58) Desired survivor size 4358144 bytes, new threshold 6 (max threshold 6)
[2020-09-11T16:25:42.198+0000][1][gc,age       ] GC(58) Age table with threshold 6 (max threshold 6)
[2020-09-11T16:25:42.198+0000][1][gc,age       ] GC(58) - age   1:     385272 bytes,     385272 total
[2020-09-11T16:25:42.198+0000][1][gc,age       ] GC(58) - age   2:    1163816 bytes,    1549088 total
[2020-09-11T16:25:42.198+0000][1][gc,age       ] GC(58) - age   3:     301544 bytes,    1850632 total
[2020-09-11T16:25:42.198+0000][1][gc,age       ] GC(58) - age   4:     951288 bytes,    2801920 total
[2020-09-11T16:25:42.198+0000][1][gc,age       ] GC(58) - age   5:     297872 bytes,    3099792 total
[2020-09-11T16:25:42.198+0000][1][gc,age       ] GC(58) - age   6:     298496 bytes,    3398288 total
[2020-09-11T16:25:42.198+0000][1][gc,heap      ] GC(58) ParNew: 71534K->3698K(76672K)
[2020-09-11T16:25:42.198+0000][1][gc,heap      ] GC(58) CMS: 47704K->48069K(439104K)
[2020-09-11T16:25:42.198+0000][1][gc,metaspace ] GC(58) Metaspace: 36232K->36232K(1083392K)
[2020-09-11T16:25:42.198+0000][1][gc           ] GC(58) Pause Young (Allocation Failure) 116M->50M(503M) 48.700ms
[2020-09-11T16:25:42.198+0000][1][gc,cpu       ] GC(58) User=0.01s Sys=0.00s Real=0.05s
[2020-09-11T16:25:42.215+0000][1][safepoint    ] Safepoint "GenCollectForAllocation", Time since last: 251975292 ns, Reaching safepoint: 377196 ns, At safepoint: 65432755 ns, Total: 65809951 ns
[2020-09-11T16:25:43.797+0000][1][safepoint    ] Safepoint "Cleanup", Time since last: 1582196724 ns, Reaching safepoint: 336416 ns, At safepoint: 5689 ns, Total: 342105 ns
[2020-09-11T16:25:44.805+0000][1][safepoint    ] Safepoint "Cleanup", Time since last: 1007646829 ns, Reaching safepoint: 188649 ns, At safepoint: 6388 ns, Total: 195037 ns
[2020-09-11T16:25:45.017+0000][1][safepoint    ] Safepoint "RevokeBias", Time since last: 209984386 ns, Reaching safepoint: 1819101 ns, At safepoint: 61549 ns, Total: 1880650 ns
[2020-09-11T16:25:46.021+0000][1][safepoint    ] Safepoint "Cleanup", Time since last: 1003939778 ns, Reaching safepoint: 590303 ns, At safepoint: 6371 ns, Total: 596674 ns
[2020-09-11T16:25:47.031+0000][1][safepoint    ] Safepoint "Cleanup", Time since last: 1009462968 ns, Reaching safepoint: 114122 ns, At safepoint: 6622 ns, Total: 120744 ns
[2020-09-11T16:25:48.182+0000][1][gc,start     ] GC(59) Pause Young (Allocation Failure)
[2020-09-11T16:25:48.182+0000][1][gc,task      ] GC(59) Using 1 workers of 1 for evacuation
[2020-09-11T16:25:48.239+0000][1][gc,age       ] GC(59) Desired survivor size 4358144 bytes, new threshold 5 (max threshold 6)
[2020-09-11T16:25:48.239+0000][1][gc,age       ] GC(59) Age table with threshold 5 (max threshold 6)
[2020-09-11T16:25:48.239+0000][1][gc,age       ] GC(59) - age   1:    2494056 bytes,    2494056 total
[2020-09-11T16:25:48.239+0000][1][gc,age       ] GC(59) - age   2:     339360 bytes,    2833416 total
[2020-09-11T16:25:48.239+0000][1][gc,age       ] GC(59) - age   3:    1161504 bytes,    3994920 total
[2020-09-11T16:25:48.239+0000][1][gc,age       ] GC(59) - age   4:     301544 bytes,    4296464 total
[2020-09-11T16:25:48.239+0000][1][gc,age       ] GC(59) - age   5:     951288 bytes,    5247752 total
[2020-09-11T16:25:48.239+0000][1][gc,age       ] GC(59) - age   6:     297872 bytes,    5545624 total
[2020-09-11T16:25:48.239+0000][1][gc,heap      ] GC(59) ParNew: 71858K->6522K(76672K)
[2020-09-11T16:25:48.239+0000][1][gc,heap      ] GC(59) CMS: 48069K->48360K(439104K)
[2020-09-11T16:25:48.239+0000][1][gc,metaspace ] GC(59) Metaspace: 41085K->41085K(1087488K)
[2020-09-11T16:25:48.256+0000][1][gc           ] GC(59) Pause Young (Allocation Failure) 117M->53M(503M) 73.657ms
[2020-09-11T16:25:48.256+0000][1][gc,cpu       ] GC(59) User=0.01s Sys=0.00s Real=0.07s
[2020-09-11T16:25:48.256+0000][1][safepoint    ] Safepoint "GenCollectForAllocation", Time since last: 1149832741 ns, Reaching safepoint: 1454263 ns, At safepoint: 74154130 ns, Total: 75608393 ns
[2020-09-11T16:25:49.280+0000][1][safepoint    ] Safepoint "Cleanup", Time since last: 1023779538 ns, Reaching safepoint: 100792 ns, At safepoint: 6237 ns, Total: 107029 ns
[2020-09-11T16:25:50.281+0000][1][safepoint    ] Safepoint "Cleanup", Time since last: 1000118893 ns, Reaching safepoint: 366381 ns, At safepoint: 8496 ns, Total: 374877 ns
[2020-09-11T16:25:51.285+0000][1][safepoint    ] Safepoint "Cleanup", Time since last: 1000101558 ns, Reaching safepoint: 3889870 ns, At safepoint: 9143 ns, Total: 3899013 ns
[2020-09-11T16:25:51.297+0000][1][safepoint    ] Safepoint "RevokeBias", Time since last: 10710220 ns, Reaching safepoint: 1295150 ns, At safepoint: 41821 ns, Total: 1336971 ns
[2020-09-11T16:25:51.297+0000][1][safepoint    ] Safepoint "RevokeBias", Time since last: 87825 ns, Reaching safepoint: 82349 ns, At safepoint: 18348 ns, Total: 100697 ns
[2020-09-11T16:25:52.310+0000][1][safepoint    ] Safepoint "Cleanup", Time since last: 1003748477 ns, Reaching safepoint: 9096732 ns, At safepoint: 10755 ns, Total: 9107487 ns
[2020-09-11T16:25:56.265+0000][1][safepoint    ] Safepoint "RevokeBias", Time since last: 3954877278 ns, Reaching safepoint: 105001 ns, At safepoint: 45104 ns, Total: 150105 ns
[2020-09-11T16:25:56.265+0000][1][safepoint    ] Safepoint "RevokeBias", Time since last: 223888 ns, Reaching safepoint: 82161 ns, At safepoint: 30667 ns, Total: 112828 ns
[2020-09-11T16:25:56.265+0000][1][safepoint    ] Safepoint "RevokeBias", Time since last: 74558 ns, Reaching safepoint: 80204 ns, At safepoint: 29088 ns, Total: 109292 ns
[2020-09-11T16:25:56.277+0000][1][safepoint    ] Safepoint "RevokeBias", Time since last: 161045 ns, Reaching safepoint: 11210915 ns, At safepoint: 60053 ns, Total: 11270968 ns
[2020-09-11T16:25:56.281+0000][1][safepoint    ] Safepoint "RevokeBias", Time since last: 150561 ns, Reaching safepoint: 3785118 ns, At safepoint: 55155 ns, Total: 3840273 ns
[2020-09-11T16:25:56.298+0000][1][safepoint    ] Safepoint "RevokeBias", Time since last: 16626285 ns, Reaching safepoint: 864974 ns, At safepoint: 49925 ns, Total: 914899 ns
[2020-09-11T16:25:56.299+0000][1][safepoint    ] Safepoint "RevokeBias", Time since last: 66964 ns, Reaching safepoint: 400871 ns, At safepoint: 31674 ns, Total: 432545 ns
[2020-09-11T16:25:56.299+0000][1][safepoint    ] Safepoint "RevokeBias", Time since last: 32652 ns, Reaching safepoint: 82728 ns, At safepoint: 30162 ns, Total: 112890 ns
[2020-09-11T16:25:56.301+0000][1][safepoint    ] Safepoint "RevokeBias", Time since last: 29968 ns, Reaching safepoint: 1689047 ns, At safepoint: 31882 ns, Total: 1720929 ns
[2020-09-11T16:25:56.301+0000][1][safepoint    ] Safepoint "RevokeBias", Time since last: 31132 ns, Reaching safepoint: 368101 ns, At safepoint: 34031 ns, Total: 402132 ns
[2020-09-11T16:25:56.301+0000][1][safepoint    ] Safepoint "RevokeBias", Time since last: 38323 ns, Reaching safepoint: 83830 ns, At safepoint: 32809 ns, Total: 116639 ns
[2020-09-11T16:25:56.302+0000][1][safepoint    ] Safepoint "RevokeBias", Time since last: 30058 ns, Reaching safepoint: 83502 ns, At safepoint: 32818 ns, Total: 116320 ns
[2020-09-11T16:25:56.302+0000][1][safepoint    ] Safepoint "RevokeBias", Time since last: 29207 ns, Reaching safepoint: 83394 ns, At safepoint: 32376 ns, Total: 115770 ns
[2020-09-11T16:25:56.302+0000][1][safepoint    ] Safepoint "RevokeBias", Time since last: 29137 ns, Reaching safepoint: 365958 ns, At safepoint: 33398 ns, Total: 399356 ns
[2020-09-11T16:25:56.302+0000][1][safepoint    ] Safepoint "RevokeBias", Time since last: 47461 ns, Reaching safepoint: 83864 ns, At safepoint: 32740 ns, Total: 116604 ns
[2020-09-11T16:25:56.302+0000][1][safepoint    ] Safepoint "RevokeBias", Time since last: 28946 ns, Reaching safepoint: 86109 ns, At safepoint: 32381 ns, Total: 118490 ns
[2020-09-11T16:25:56.303+0000][1][safepoint    ] Safepoint "RevokeBias", Time since last: 68657 ns, Reaching safepoint: 86231 ns, At safepoint: 32902 ns, Total: 119133 ns
[2020-09-11T16:25:56.303+0000][1][safepoint    ] Safepoint "RevokeBias", Time since last: 40357 ns, Reaching safepoint: 272692 ns, At safepoint: 34092 ns, Total: 306784 ns
[2020-09-11T16:25:56.303+0000][1][safepoint    ] Safepoint "RevokeBias", Time since last: 89478 ns, Reaching safepoint: 101602 ns, At safepoint: 43036 ns, Total: 144638 ns
[2020-09-11T16:25:58.407+0000][1][safepoint    ] Safepoint "Cleanup", Time since last: 2103693933 ns, Reaching safepoint: 259692 ns, At safepoint: 7643 ns, Total: 267335 ns
[2020-09-11T16:25:59.409+0000][1][safepoint    ] Safepoint "Cleanup", Time since last: 1000134373 ns, Reaching safepoint: 1511469 ns, At safepoint: 12020 ns, Total: 1523489 ns
[2020-09-11T16:26:00.417+0000][1][safepoint    ] Safepoint "Cleanup", Time since last: 1003980790 ns, Reaching safepoint: 4036643 ns, At safepoint: 19449 ns, Total: 4056092 ns
[2020-09-11T16:26:01.429+0000][1][safepoint    ] Safepoint "Cleanup", Time since last: 1011918856 ns, Reaching safepoint: 135251 ns, At safepoint: 7221 ns, Total: 142472 ns
[2020-09-11T16:26:02.317+0000][1][gc,start     ] GC(60) Pause Young (Allocation Failure)
[2020-09-11T16:26:02.317+0000][1][gc,task      ] GC(60) Using 1 workers of 1 for evacuation
[2020-09-11T16:26:02.468+0000][1][gc,age       ] GC(60) Desired survivor size 4358144 bytes, new threshold 2 (max threshold 6)
[2020-09-11T16:26:02.468+0000][1][gc,age       ] GC(60) Age table with threshold 2 (max threshold 6)
[2020-09-11T16:26:02.468+0000][1][gc,age       ] GC(60) - age   1:    2795696 bytes,    2795696 total
[2020-09-11T16:26:02.468+0000][1][gc,age       ] GC(60) - age   2:    2434632 bytes,    5230328 total
[2020-09-11T16:26:02.468+0000][1][gc,age       ] GC(60) - age   3:     339312 bytes,    5569640 total
[2020-09-11T16:26:02.468+0000][1][gc,age       ] GC(60) - age   4:    1161352 bytes,    6730992 total
[2020-09-11T16:26:02.468+0000][1][gc,age       ] GC(60) - age   5:     301544 bytes,    7032536 total
[2020-09-11T16:26:02.468+0000][1][gc,heap      ] GC(60) ParNew: 74682K->8512K(76672K)
[2020-09-11T16:26:02.468+0000][1][gc,heap      ] GC(60) CMS: 48360K->49580K(439104K)
[2020-09-11T16:26:02.468+0000][1][gc,metaspace ] GC(60) Metaspace: 47088K->47088K(1093632K)
[2020-09-11T16:26:02.468+0000][1][gc           ] GC(60) Pause Young (Allocation Failure) 120M->56M(503M) 150.905ms
[2020-09-11T16:26:02.468+0000][1][gc,cpu       ] GC(60) User=0.04s Sys=0.00s Real=0.15s
[2020-09-11T16:26:02.468+0000][1][safepoint    ] Safepoint "GenCollectForAllocation", Time since last: 887872145 ns, Reaching safepoint: 119972 ns, At safepoint: 150965713 ns, Total: 151085685 ns
[2020-09-11T16:26:02.633+0000][1][safepoint    ] Safepoint "RevokeBias", Time since last: 164937575 ns, Reaching safepoint: 115275 ns, At safepoint: 62768 ns, Total: 178043 ns
[2020-09-11T16:26:02.633+0000][1][safepoint    ] Safepoint "RevokeBias", Time since last: 89136 ns, Reaching safepoint: 81334 ns, At safepoint: 24761 ns, Total: 106095 ns
[2020-09-11T16:26:02.633+0000][1][safepoint    ] Safepoint "RevokeBias", Time since last: 41235 ns, Reaching safepoint: 79074 ns, At safepoint: 8342 ns, Total: 87416 ns
[2020-09-11T16:26:03.237+0000][1][safepoint    ] Safepoint "RevokeBias", Time since last: 603510954 ns, Reaching safepoint: 138173 ns, At safepoint: 41553 ns, Total: 179726 ns
[2020-09-11T16:26:03.273+0000][1][safepoint    ] Safepoint "RevokeBias", Time since last: 36136173 ns, Reaching safepoint: 101162 ns, At safepoint: 36800 ns, Total: 137962 ns
[2020-09-11T16:26:04.274+0000][1][safepoint    ] Safepoint "Cleanup", Time since last: 1000113021 ns, Reaching safepoint: 384425 ns, At safepoint: 7127 ns, Total: 391552 ns
[2020-09-11T16:26:04.418+0000][1][safepoint    ] Safepoint "RevokeBias", Time since last: 143240406 ns, Reaching safepoint: 976756 ns, At safepoint: 27499 ns, Total: 1004255 ns
[2020-09-11T16:26:04.425+0000][1][safepoint    ] Safepoint "RevokeBias", Time since last: 182293 ns, Reaching safepoint: 6607502 ns, At safepoint: 37337 ns, Total: 6644839 ns
[2020-09-11T16:26:04.425+0000][1][safepoint    ] Safepoint "RevokeBias", Time since last: 94715 ns, Reaching safepoint: 82418 ns, At safepoint: 16788 ns, Total: 99206 ns
[2020-09-11T16:26:04.781+0000][1][safepoint    ] Safepoint "RevokeBias", Time since last: 355764571 ns, Reaching safepoint: 120507 ns, At safepoint: 35066 ns, Total: 155573 ns
[2020-09-11T16:26:04.783+0000][1][safepoint    ] Safepoint "RevokeBias", Time since last: 1722993 ns, Reaching safepoint: 22342 ns, At safepoint: 26752 ns, Total: 49094 ns
[2020-09-11T16:26:04.786+0000][1][safepoint    ] Safepoint "RevokeBias", Time since last: 3480613 ns, Reaching safepoint: 31002 ns, At safepoint: 30832 ns, Total: 61834 ns
[2020-09-11T16:26:04.787+0000][1][safepoint    ] Safepoint "RevokeBias", Time since last: 479843 ns, Reaching safepoint: 13694 ns, At safepoint: 19769 ns, Total: 33463 ns
[2020-09-11T16:26:04.801+0000][1][safepoint    ] Safepoint "RevokeBias", Time since last: 13710161 ns, Reaching safepoint: 103365 ns, At safepoint: 28766 ns, Total: 132131 ns
[2020-09-11T16:26:04.809+0000][1][safepoint    ] Safepoint "RevokeBias", Time since last: 8652878 ns, Reaching safepoint: 111820 ns, At safepoint: 44452 ns, Total: 156272 ns
[2020-09-11T16:26:04.810+0000][1][safepoint    ] Safepoint "RevokeBias", Time since last: 109601 ns, Reaching safepoint: 81503 ns, At safepoint: 18880 ns, Total: 100383 ns
[2020-09-11T16:26:04.810+0000][1][safepoint    ] Safepoint "RevokeBias", Time since last: 148195 ns, Reaching safepoint: 84013 ns, At safepoint: 19149 ns, Total: 103162 ns
[2020-09-11T16:26:04.813+0000][1][safepoint    ] Safepoint "RevokeBias", Time since last: 34543 ns, Reaching safepoint: 2923636 ns, At safepoint: 48909 ns, Total: 2972545 ns
[2020-09-11T16:26:04.813+0000][1][safepoint    ] Safepoint "RevokeBias", Time since last: 85432 ns, Reaching safepoint: 84292 ns, At safepoint: 21457 ns, Total: 105749 ns
[2020-09-11T16:26:04.813+0000][1][safepoint    ] Safepoint "RevokeBias", Time since last: 32197 ns, Reaching safepoint: 80354 ns, At safepoint: 18141 ns, Total: 98495 ns
[2020-09-11T16:26:04.813+0000][1][safepoint    ] Safepoint "RevokeBias", Time since last: 30762 ns, Reaching safepoint: 79649 ns, At safepoint: 27210 ns, Total: 106859 ns
[2020-09-11T16:26:04.814+0000][1][safepoint    ] Safepoint "RevokeBias", Time since last: 40955 ns, Reaching safepoint: 81057 ns, At safepoint: 20959 ns, Total: 102016 ns
[2020-09-11T16:26:04.814+0000][1][safepoint    ] Safepoint "RevokeBias", Time since last: 33883 ns, Reaching safepoint: 80891 ns, At safepoint: 24660 ns, Total: 105551 ns
[2020-09-11T16:26:04.814+0000][1][safepoint    ] Safepoint "BulkRevokeBias", Time since last: 29914 ns, Reaching safepoint: 80984 ns, At safepoint: 76031 ns, Total: 157015 ns
[2020-09-11T16:26:04.814+0000][1][safepoint    ] Safepoint "RevokeBias", Time since last: 76488 ns, Reaching safepoint: 83757 ns, At safepoint: 23811 ns, Total: 107568 ns
[2020-09-11T16:26:04.817+0000][1][safepoint    ] Safepoint "RevokeBias", Time since last: 2787531 ns, Reaching safepoint: 89661 ns, At safepoint: 25258 ns, Total: 114919 ns
[2020-09-11T16:26:04.853+0000][1][safepoint    ] Safepoint "RevokeBias", Time since last: 35871012 ns, Reaching safepoint: 118052 ns, At safepoint: 56174 ns, Total: 174226 ns
[2020-09-11T16:26:04.853+0000][1][safepoint    ] Safepoint "RevokeBias", Time since last: 78538 ns, Reaching safepoint: 12521 ns, At safepoint: 11276 ns, Total: 23797 ns
[2020-09-11T16:26:04.853+0000][1][safepoint    ] Safepoint "RevokeBias", Time since last: 29128 ns, Reaching safepoint: 11105 ns, At safepoint: 10534 ns, Total: 21639 ns
[2020-09-11T16:26:04.881+0000][1][safepoint    ] Safepoint "RevokeBias", Time since last: 27748103 ns, Reaching safepoint: 108811 ns, At safepoint: 27055 ns, Total: 135866 ns
[2020-09-11T16:26:04.881+0000][1][safepoint    ] Safepoint "RevokeBias", Time since last: 430851 ns, Reaching safepoint: 14876 ns, At safepoint: 21928 ns, Total: 36804 ns
[2020-09-11T16:26:04.882+0000][1][safepoint    ] Safepoint "RevokeBias", Time since last: 31725 ns, Reaching safepoint: 11016 ns, At safepoint: 16947 ns, Total: 27963 ns
[2020-09-11T16:26:04.882+0000][1][safepoint    ] Safepoint "RevokeBias", Time since last: 27233 ns, Reaching safepoint: 10659 ns, At safepoint: 15377 ns, Total: 26036 ns
[2020-09-11T16:26:04.882+0000][1][safepoint    ] Safepoint "RevokeBias", Time since last: 26541 ns, Reaching safepoint: 10491 ns, At safepoint: 15494 ns, Total: 25985 ns
[2020-09-11T16:26:04.882+0000][1][safepoint    ] Safepoint "RevokeBias", Time since last: 26194 ns, Reaching safepoint: 10248 ns, At safepoint: 15165 ns, Total: 25413 ns
[2020-09-11T16:26:04.882+0000][1][safepoint    ] Safepoint "RevokeBias", Time since last: 25486 ns, Reaching safepoint: 10288 ns, At safepoint: 15288 ns, Total: 25576 ns
[2020-09-11T16:26:04.882+0000][1][safepoint    ] Safepoint "RevokeBias", Time since last: 27123 ns, Reaching safepoint: 10258 ns, At safepoint: 15113 ns, Total: 25371 ns
[2020-09-11T16:26:04.882+0000][1][safepoint    ] Safepoint "RevokeBias", Time since last: 25338 ns, Reaching safepoint: 10361 ns, At safepoint: 15052 ns, Total: 25413 ns
[2020-09-11T16:26:04.882+0000][1][safepoint    ] Safepoint "RevokeBias", Time since last: 25027 ns, Reaching safepoint: 10117 ns, At safepoint: 15124 ns, Total: 25241 ns
[2020-09-11T16:26:04.882+0000][1][safepoint    ] Safepoint "RevokeBias", Time since last: 24841 ns, Reaching safepoint: 10126 ns, At safepoint: 15032 ns, Total: 25158 ns
[2020-09-11T16:26:04.882+0000][1][safepoint    ] Safepoint "RevokeBias", Time since last: 25065 ns, Reaching safepoint: 10073 ns, At safepoint: 15081 ns, Total: 25154 ns
[2020-09-11T16:26:04.882+0000][1][safepoint    ] Safepoint "RevokeBias", Time since last: 25020 ns, Reaching safepoint: 10214 ns, At safepoint: 15081 ns, Total: 25295 ns
[2020-09-11T16:26:04.882+0000][1][safepoint    ] Safepoint "RevokeBias", Time since last: 24931 ns, Reaching safepoint: 10179 ns, At safepoint: 15087 ns, Total: 25266 ns
[2020-09-11T16:26:04.885+0000][1][safepoint    ] Safepoint "RevokeBias", Time since last: 2695803 ns, Reaching safepoint: 17861 ns, At safepoint: 20278 ns, Total: 38139 ns
[2020-09-11T16:26:04.885+0000][1][safepoint    ] Safepoint "RevokeBias", Time since last: 34024 ns, Reaching safepoint: 10728 ns, At safepoint: 16371 ns, Total: 27099 ns
[2020-09-11T16:26:04.885+0000][1][safepoint    ] Safepoint "BulkRevokeBias", Time since last: 26443 ns, Reaching safepoint: 10509 ns, At safepoint: 59656 ns, Total: 70165 ns
[2020-09-11T16:26:04.885+0000][1][safepoint    ] Safepoint "RevokeBias", Time since last: 158110 ns, Reaching safepoint: 12468 ns, At safepoint: 18545 ns, Total: 31013 ns
[2020-09-11T16:26:04.885+0000][1][safepoint    ] Safepoint "RevokeBias", Time since last: 73118 ns, Reaching safepoint: 11820 ns, At safepoint: 16907 ns, Total: 28727 ns
[2020-09-11T16:26:04.889+0000][1][safepoint    ] Safepoint "RevokeBias", Time since last: 3507547 ns, Reaching safepoint: 197718 ns, At safepoint: 26495 ns, Total: 224213 ns
[2020-09-11T16:26:04.889+0000][1][safepoint    ] Safepoint "RevokeBias", Time since last: 107948 ns, Reaching safepoint: 84262 ns, At safepoint: 24568 ns, Total: 108830 ns
[2020-09-11T16:26:04.889+0000][1][safepoint    ] Safepoint "RevokeBias", Time since last: 38266 ns, Reaching safepoint: 82534 ns, At safepoint: 27567 ns, Total: 110101 ns
[2020-09-11T16:26:04.890+0000][1][safepoint    ] Safepoint "RevokeBias", Time since last: 108774 ns, Reaching safepoint: 81381 ns, At safepoint: 27325 ns, Total: 108706 ns
[2020-09-11T16:26:04.890+0000][1][safepoint    ] Safepoint "RevokeBias", Time since last: 221250 ns, Reaching safepoint: 84061 ns, At safepoint: 28337 ns, Total: 112398 ns
[2020-09-11T16:26:04.893+0000][1][safepoint    ] Safepoint "RevokeBias", Time since last: 65524 ns, Reaching safepoint: 2790228 ns, At safepoint: 37051 ns, Total: 2827279 ns
[2020-09-11T16:26:04.912+0000][1][safepoint    ] Safepoint "RevokeBias", Time since last: 18864138 ns, Reaching safepoint: 46318 ns, At safepoint: 55488 ns, Total: 101806 ns
[2020-09-11T16:26:04.912+0000][1][safepoint    ] Safepoint "RevokeBias", Time since last: 86836 ns, Reaching safepoint: 12689 ns, At safepoint: 29326 ns, Total: 42015 ns
[2020-09-11T16:26:04.912+0000][1][safepoint    ] Safepoint "RevokeBias", Time since last: 25074 ns, Reaching safepoint: 11065 ns, At safepoint: 26533 ns, Total: 37598 ns
[2020-09-11T16:26:04.912+0000][1][safepoint    ] Safepoint "RevokeBias", Time since last: 22465 ns, Reaching safepoint: 10404 ns, At safepoint: 26002 ns, Total: 36406 ns
[2020-09-11T16:26:04.912+0000][1][safepoint    ] Safepoint "RevokeBias", Time since last: 228432 ns, Reaching safepoint: 13418 ns, At safepoint: 27845 ns, Total: 41263 ns
[2020-09-11T16:26:04.912+0000][1][safepoint    ] Safepoint "RevokeBias", Time since last: 113313 ns, Reaching safepoint: 12162 ns, At safepoint: 27187 ns, Total: 39349 ns
[2020-09-11T16:26:04.913+0000][1][safepoint    ] Safepoint "RevokeBias", Time since last: 374384 ns, Reaching safepoint: 12926 ns, At safepoint: 28103 ns, Total: 41029 ns
[2020-09-11T16:26:04.913+0000][1][safepoint    ] Safepoint "RevokeBias", Time since last: 370915 ns, Reaching safepoint: 12743 ns, At safepoint: 28107 ns, Total: 40850 ns
[2020-09-11T16:26:04.913+0000][1][safepoint    ] Safepoint "RevokeBias", Time since last: 68614 ns, Reaching safepoint: 21599 ns, At safepoint: 31216 ns, Total: 52815 ns
[2020-09-11T16:26:04.914+0000][1][safepoint    ] Safepoint "BulkRevokeBias", Time since last: 224482 ns, Reaching safepoint: 12797 ns, At safepoint: 64268 ns, Total: 77065 ns
[2020-09-11T16:26:04.925+0000][1][safepoint    ] Safepoint "RevokeBias", Time since last: 11617392 ns, Reaching safepoint: 120517 ns, At safepoint: 55170 ns, Total: 175687 ns
[2020-09-11T16:26:04.945+0000][1][safepoint    ] Safepoint "RevokeBias", Time since last: 19301708 ns, Reaching safepoint: 115232 ns, At safepoint: 42435 ns, Total: 157667 ns
[2020-09-11T16:26:04.972+0000][1][safepoint    ] Safepoint "RevokeBias", Time since last: 20028936 ns, Reaching safepoint: 7236498 ns, At safepoint: 50450 ns, Total: 7286948 ns
[2020-09-11T16:26:04.977+0000][1][safepoint    ] Safepoint "RevokeBias", Time since last: 4292940 ns, Reaching safepoint: 231331 ns, At safepoint: 36872 ns, Total: 268203 ns
[2020-09-11T16:26:04.981+0000][1][safepoint    ] Safepoint "RevokeBias", Time since last: 570405 ns, Reaching safepoint: 3428481 ns, At safepoint: 51384 ns, Total: 3479865 ns
[2020-09-11T16:26:05.637+0000][1][safepoint    ] Safepoint "RevokeBias", Time since last: 655912845 ns, Reaching safepoint: 128283 ns, At safepoint: 18172 ns, Total: 146455 ns
[2020-09-11T16:26:05.637+0000][1][safepoint    ] Safepoint "RevokeBias", Time since last: 264753 ns, Reaching safepoint: 84092 ns, At safepoint: 8600 ns, Total: 92692 ns
[2020-09-11T16:26:05.709+0000][1][safepoint    ] Safepoint "BulkRevokeBias", Time since last: 71500059 ns, Reaching safepoint: 112199 ns, At safepoint: 69164 ns, Total: 181363 ns
[2020-09-11T16:26:06.353+0000][1][gc,start     ] GC(61) Pause Young (Allocation Failure)
[2020-09-11T16:26:06.353+0000][1][gc,task      ] GC(61) Using 1 workers of 1 for evacuation
[2020-09-11T16:26:06.670+0000][1][gc,age       ] GC(61) Desired survivor size 4358144 bytes, new threshold 2 (max threshold 6)
[2020-09-11T16:26:06.670+0000][1][gc,age       ] GC(61) Age table with threshold 2 (max threshold 6)
[2020-09-11T16:26:06.670+0000][1][gc,age       ] GC(61) - age   1:    2208808 bytes,    2208808 total
[2020-09-11T16:26:06.670+0000][1][gc,age       ] GC(61) - age   2:    2715592 bytes,    4924400 total
[2020-09-11T16:26:06.670+0000][1][gc,heap      ] GC(61) ParNew: 76672K->6302K(76672K)
[2020-09-11T16:26:06.670+0000][1][gc,heap      ] GC(61) CMS: 49580K->53816K(439104K)
[2020-09-11T16:26:06.670+0000][1][gc,metaspace ] GC(61) Metaspace: 52332K->52332K(1097728K)
[2020-09-11T16:26:06.670+0000][1][gc           ] GC(61) Pause Young (Allocation Failure) 123M->58M(503M) 316.701ms
[2020-09-11T16:26:06.670+0000][1][gc,cpu       ] GC(61) User=0.08s Sys=0.00s Real=0.31s
[2020-09-11T16:26:06.670+0000][1][safepoint    ] Safepoint "GenCollectForAllocation", Time since last: 643951244 ns, Reaching safepoint: 113652 ns, At safepoint: 316843808 ns, Total: 316957460 ns
[2020-09-11T16:26:07.815+0000][1][safepoint    ] Safepoint "Cleanup", Time since last: 1142869502 ns, Reaching safepoint: 2647944 ns, At safepoint: 11703 ns, Total: 2659647 ns
[2020-09-11T16:26:08.817+0000][1][safepoint    ] Safepoint "Cleanup", Time since last: 1000129518 ns, Reaching safepoint: 1557916 ns, At safepoint: 12938 ns, Total: 1570854 ns
[2020-09-11T16:26:09.817+0000][1][safepoint    ] Safepoint "Cleanup", Time since last: 1000109383 ns, Reaching safepoint: 255916 ns, At safepoint: 6534 ns, Total: 262450 ns
[2020-09-11T16:26:10.825+0000][1][safepoint    ] Safepoint "Cleanup", Time since last: 1007295764 ns, Reaching safepoint: 472692 ns, At safepoint: 8027 ns, Total: 480719 ns
[2020-09-11T16:26:11.228+0000][1][gc,start     ] GC(62) Pause Young (Allocation Failure)
[2020-09-11T16:26:11.228+0000][1][gc,task      ] GC(62) Using 1 workers of 1 for evacuation
[2020-09-11T16:26:11.327+0000][1][gc,age       ] GC(62) Desired survivor size 4358144 bytes, new threshold 6 (max threshold 6)
[2020-09-11T16:26:11.327+0000][1][gc,age       ] GC(62) Age table with threshold 6 (max threshold 6)
[2020-09-11T16:26:11.327+0000][1][gc,age       ] GC(62) - age   1:    1327680 bytes,    1327680 total
[2020-09-11T16:26:11.327+0000][1][gc,age       ] GC(62) - age   2:    2161256 bytes,    3488936 total
[2020-09-11T16:26:11.327+0000][1][gc,heap      ] GC(62) ParNew: 74462K->5182K(76672K)
[2020-09-11T16:26:11.327+0000][1][gc,heap      ] GC(62) CMS: 53816K->56576K(439104K)
[2020-09-11T16:26:11.327+0000][1][gc,metaspace ] GC(62) Metaspace: 59663K->59663K(1103872K)
[2020-09-11T16:26:11.327+0000][1][gc           ] GC(62) Pause Young (Allocation Failure) 125M->60M(503M) 99.456ms
[2020-09-11T16:26:11.327+0000][1][gc,cpu       ] GC(62) User=0.02s Sys=0.00s Real=0.10s
[2020-09-11T16:26:11.352+0000][1][safepoint    ] Safepoint "GenCollectForAllocation", Time since last: 402621122 ns, Reaching safepoint: 118313 ns, At safepoint: 124077400 ns, Total: 124195713 ns
[2020-09-11T16:26:11.899+0000][1][safepoint    ] Safepoint "CollectForMetadataAllocation", Time since last: 545803934 ns, Reaching safepoint: 870790 ns, At safepoint: 79030 ns, Total: 949820 ns
[2020-09-11T16:26:12.005+0000][1][safepoint    ] Safepoint "CollectForMetadataAllocation", Time since last: 105972324 ns, Reaching safepoint: 122912 ns, At safepoint: 131711 ns, Total: 254623 ns
[2020-09-11T16:26:12.149+0000][1][safepoint    ] Safepoint "CollectForMetadataAllocation", Time since last: 143364235 ns, Reaching safepoint: 103023 ns, At safepoint: 118614 ns, Total: 221637 ns
[2020-09-11T16:26:12.414+0000][1][safepoint    ] Safepoint "CollectForMetadataAllocation", Time since last: 265189691 ns, Reaching safepoint: 110784 ns, At safepoint: 124012 ns, Total: 234796 ns
[2020-09-11T16:26:12.569+0000][1][safepoint    ] Safepoint "CollectForMetadataAllocation", Time since last: 154702312 ns, Reaching safepoint: 107940 ns, At safepoint: 120105 ns, Total: 228045 ns
[2020-09-11T16:26:13.024+0000][1][safepoint    ] Safepoint "CollectForMetadataAllocation", Time since last: 454488814 ns, Reaching safepoint: 126705 ns, At safepoint: 78876 ns, Total: 205581 ns
[2020-09-11T16:26:13.357+0000][1][gc,start     ] GC(63) Pause Initial Mark
[2020-09-11T16:26:13.384+0000][1][gc           ] GC(63) Pause Initial Mark 81M->81M(503M) 27.636ms
[2020-09-11T16:26:13.385+0000][1][gc,cpu       ] GC(63) User=0.01s Sys=0.00s Real=0.03s
[2020-09-11T16:26:13.434+0000][1][safepoint    ] Safepoint "CMS_Initial_Mark", Time since last: 329156545 ns, Reaching safepoint: 3949939 ns, At safepoint: 76776779 ns, Total: 80726718 ns
[2020-09-11T16:26:13.434+0000][1][gc           ] GC(63) Concurrent Mark
[2020-09-11T16:26:13.463+0000][1][safepoint    ] Safepoint "CollectForMetadataAllocation", Time since last: 23206020 ns, Reaching safepoint: 6137405 ns, At safepoint: 404808 ns, Total: 6542213 ns
[2020-09-11T16:26:13.745+0000][1][safepoint    ] Safepoint "RevokeBias", Time since last: 225652336 ns, Reaching safepoint: 55929247 ns, At safepoint: 40522 ns, Total: 55969769 ns
[2020-09-11T16:26:13.789+0000][1][safepoint    ] Safepoint "RevokeBias", Time since last: 23990408 ns, Reaching safepoint: 19946303 ns, At safepoint: 57709 ns, Total: 20004012 ns
[2020-09-11T16:26:13.790+0000][1][safepoint    ] Safepoint "RevokeBias", Time since last: 453441 ns, Reaching safepoint: 91169 ns, At safepoint: 39267 ns, Total: 130436 ns
[2020-09-11T16:26:13.790+0000][1][safepoint    ] Safepoint "RevokeBias", Time since last: 191117 ns, Reaching safepoint: 86602 ns, At safepoint: 34882 ns, Total: 121484 ns
[2020-09-11T16:26:14.075+0000][1][safepoint    ] Safepoint "CollectForMetadataAllocation", Time since last: 282955171 ns, Reaching safepoint: 1644518 ns, At safepoint: 130427 ns, Total: 1774945 ns
[2020-09-11T16:26:14.127+0000][1][gc           ] GC(63) Concurrent Mark 693.194ms
[2020-09-11T16:26:14.127+0000][1][gc,cpu       ] GC(63) User=0.16s Sys=0.01s Real=0.69s
[2020-09-11T16:26:14.127+0000][1][gc           ] GC(63) Concurrent Preclean
[2020-09-11T16:26:14.129+0000][1][gc           ] GC(63) Concurrent Preclean 1.654ms
[2020-09-11T16:26:14.129+0000][1][gc,cpu       ] GC(63) User=0.00s Sys=0.00s Real=0.00s
[2020-09-11T16:26:14.129+0000][1][gc           ] GC(63) Concurrent Abortable Preclean
[2020-09-11T16:26:14.738+0000][1][safepoint    ] Safepoint "CollectForMetadataAllocation", Time since last: 662990567 ns, Reaching safepoint: 133910 ns, At safepoint: 203226 ns, Total: 337136 ns
[2020-09-11T16:26:15.239+0000][1][safepoint    ] Safepoint "CollectForMetadataAllocation", Time since last: 487541606 ns, Reaching safepoint: 13469439 ns, At safepoint: 112761 ns, Total: 13582200 ns
[2020-09-11T16:26:15.494+0000][1][safepoint    ] Safepoint "Deoptimize", Time since last: 255026300 ns, Reaching safepoint: 50711 ns, At safepoint: 308821 ns, Total: 359532 ns
[2020-09-11T16:26:15.737+0000][1][safepoint    ] Safepoint "CollectForMetadataAllocation", Time since last: 242389756 ns, Reaching safepoint: 125839 ns, At safepoint: 87001 ns, Total: 212840 ns
[2020-09-11T16:26:16.333+0000][1][safepoint    ] Safepoint "CollectForMetadataAllocation", Time since last: 591775590 ns, Reaching safepoint: 4017173 ns, At safepoint: 138537 ns, Total: 4155710 ns
[2020-09-11T16:26:16.934+0000][1][safepoint    ] Safepoint "CollectForMetadataAllocation", Time since last: 600833953 ns, Reaching safepoint: 120897 ns, At safepoint: 63402 ns, Total: 184299 ns
[2020-09-11T16:26:17.801+0000][1][safepoint    ] Safepoint "CollectForMetadataAllocation", Time since last: 866826924 ns, Reaching safepoint: 199361 ns, At safepoint: 89110 ns, Total: 288471 ns
[2020-09-11T16:26:18.509+0000][1][safepoint    ] Safepoint "CollectForMetadataAllocation", Time since last: 699720591 ns, Reaching safepoint: 8058242 ns, At safepoint: 110381 ns, Total: 8168623 ns
[2020-09-11T16:26:18.685+0000][1][safepoint    ] Safepoint "CollectForMetadataAllocation", Time since last: 171810830 ns, Reaching safepoint: 3708589 ns, At safepoint: 132897 ns, Total: 3841486 ns
[2020-09-11T16:26:18.889+0000][1][safepoint    ] Safepoint "CollectForMetadataAllocation", Time since last: 202645950 ns, Reaching safepoint: 1336177 ns, At safepoint: 115352 ns, Total: 1451529 ns
[2020-09-11T16:26:19.062+0000][1][safepoint    ] Safepoint "CollectForMetadataAllocation", Time since last: 172702309 ns, Reaching safepoint: 107155 ns, At safepoint: 114240 ns, Total: 221395 ns
[2020-09-11T16:26:19.207+0000][1][safepoint    ] Safepoint "RevokeBias", Time since last: 145343457 ns, Reaching safepoint: 51604 ns, At safepoint: 12037 ns, Total: 63641 ns
[2020-09-11T16:26:19.216+0000][1][gc           ] GC(63) Concurrent Abortable Preclean 5087.033ms
[2020-09-11T16:26:19.216+0000][1][gc,cpu       ] GC(63) User=1.25s Sys=0.02s Real=5.09s
[2020-09-11T16:26:19.245+0000][1][gc,start     ] GC(63) Pause Remark
[2020-09-11T16:26:19.384+0000][1][gc           ] GC(63) Pause Remark 124M->124M(503M) 138.700ms
[2020-09-11T16:26:19.384+0000][1][gc,cpu       ] GC(63) User=0.03s Sys=0.00s Real=0.14s
[2020-09-11T16:26:19.407+0000][1][safepoint    ] Safepoint "CMS_Final_Remark", Time since last: 34792782 ns, Reaching safepoint: 2961116 ns, At safepoint: 161876866 ns, Total: 164837982 ns
[2020-09-11T16:26:19.407+0000][1][gc           ] GC(63) Concurrent Sweep
[2020-09-11T16:26:19.571+0000][1][gc           ] GC(63) Concurrent Sweep 163.897ms
[2020-09-11T16:26:19.571+0000][1][gc,cpu       ] GC(63) User=0.03s Sys=0.01s Real=0.16s
[2020-09-11T16:26:19.572+0000][1][safepoint    ] Safepoint "CollectForMetadataAllocation", Time since last: 164020628 ns, Reaching safepoint: 729112 ns, At safepoint: 117792 ns, Total: 846904 ns
[2020-09-11T16:26:19.581+0000][1][gc           ] GC(63) Concurrent Reset
[2020-09-11T16:26:19.581+0000][1][gc           ] GC(63) Concurrent Reset 0.671ms
[2020-09-11T16:26:19.582+0000][1][gc,cpu       ] GC(63) User=0.00s Sys=0.00s Real=0.00s
[2020-09-11T16:26:19.582+0000][1][gc,heap      ] GC(63) Old: 56576K->55654K(439104K)
[2020-09-11T16:26:19.709+0000][1][gc,start     ] GC(64) Pause Young (Allocation Failure)
[2020-09-11T16:26:19.709+0000][1][gc,task      ] GC(64) Using 1 workers of 1 for evacuation
[2020-09-11T16:26:19.833+0000][1][gc,age       ] GC(64) Desired survivor size 4358144 bytes, new threshold 2 (max threshold 6)
[2020-09-11T16:26:19.833+0000][1][gc,age       ] GC(64) Age table with threshold 2 (max threshold 6)
[2020-09-11T16:26:19.833+0000][1][gc,age       ] GC(64) - age   1:    3512576 bytes,    3512576 total
[2020-09-11T16:26:19.833+0000][1][gc,age       ] GC(64) - age   2:    1252528 bytes,    4765104 total
[2020-09-11T16:26:19.833+0000][1][gc,age       ] GC(64) - age   3:    2138360 bytes,    6903464 total
[2020-09-11T16:26:19.833+0000][1][gc,heap      ] GC(64) ParNew: 73342K->7701K(76672K)
[2020-09-11T16:26:19.833+0000][1][gc,heap      ] GC(64) CMS: 55654K->55654K(439104K)
[2020-09-11T16:26:19.833+0000][1][gc,metaspace ] GC(64) Metaspace: 65900K->65900K(1110016K)
[2020-09-11T16:26:19.833+0000][1][gc           ] GC(64) Pause Young (Allocation Failure) 125M->61M(503M) 124.567ms
[2020-09-11T16:26:19.834+0000][1][gc,cpu       ] GC(64) User=0.03s Sys=0.00s Real=0.13s
[2020-09-11T16:26:19.841+0000][1][safepoint    ] Safepoint "GenCollectForAllocation", Time since last: 137249098 ns, Reaching safepoint: 110484 ns, At safepoint: 131909587 ns, Total: 132020071 ns
[2020-09-11T16:26:20.873+0000][1][safepoint    ] Safepoint "Cleanup", Time since last: 1031971789 ns, Reaching safepoint: 56097 ns, At safepoint: 6873 ns, Total: 62970 ns
[2020-09-11T16:26:21.251+0000][1][safepoint    ] Safepoint "Deoptimize", Time since last: 377457759 ns, Reaching safepoint: 110908 ns, At safepoint: 330195 ns, Total: 441103 ns
[2020-09-11T16:26:21.324+0000][1][safepoint    ] Safepoint "Deoptimize", Time since last: 66947917 ns, Reaching safepoint: 6209295 ns, At safepoint: 356734 ns, Total: 6566029 ns
[2020-09-11T16:26:21.704+0000][1][safepoint    ] Safepoint "RevokeBias", Time since last: 378845091 ns, Reaching safepoint: 390548 ns, At safepoint: 65635 ns, Total: 456183 ns
[2020-09-11T16:26:21.704+0000][1][safepoint    ] Safepoint "RevokeBias", Time since last: 66835 ns, Reaching safepoint: 94270 ns, At safepoint: 50278 ns, Total: 144548 ns
[2020-09-11T16:26:21.704+0000][1][safepoint    ] Safepoint "RevokeBias", Time since last: 40792 ns, Reaching safepoint: 157729 ns, At safepoint: 48049 ns, Total: 205778 ns
[2020-09-11T16:26:21.704+0000][1][safepoint    ] Safepoint "RevokeBias", Time since last: 40452 ns, Reaching safepoint: 171204 ns, At safepoint: 45025 ns, Total: 216229 ns
[2020-09-11T16:26:21.706+0000][1][safepoint    ] Safepoint "RevokeBias", Time since last: 40193 ns, Reaching safepoint: 1189866 ns, At safepoint: 40813 ns, Total: 1230679 ns
[2020-09-11T16:26:21.706+0000][1][safepoint    ] Safepoint "RevokeBias", Time since last: 51905 ns, Reaching safepoint: 86926 ns, At safepoint: 36805 ns, Total: 123731 ns
[2020-09-11T16:26:21.706+0000][1][safepoint    ] Safepoint "RevokeBias", Time since last: 55018 ns, Reaching safepoint: 87360 ns, At safepoint: 49469 ns, Total: 136829 ns
[2020-09-11T16:26:21.706+0000][1][safepoint    ] Safepoint "RevokeBias", Time since last: 39468 ns, Reaching safepoint: 84060 ns, At safepoint: 38632 ns, Total: 122692 ns
[2020-09-11T16:26:21.877+0000][1][safepoint    ] Safepoint "RevokeBias", Time since last: 171039420 ns, Reaching safepoint: 111543 ns, At safepoint: 30624 ns, Total: 142167 ns
[2020-09-11T16:26:21.878+0000][1][safepoint    ] Safepoint "RevokeBias", Time since last: 407014 ns, Reaching safepoint: 84220 ns, At safepoint: 20360 ns, Total: 104580 ns
[2020-09-11T16:26:21.879+0000][1][safepoint    ] Safepoint "RevokeBias", Time since last: 636800 ns, Reaching safepoint: 86662 ns, At safepoint: 18102 ns, Total: 104764 ns
[2020-09-11T16:26:21.879+0000][1][safepoint    ] Safepoint "RevokeBias", Time since last: 114937 ns, Reaching safepoint: 82915 ns, At safepoint: 16933 ns, Total: 99848 ns
[2020-09-11T16:26:21.879+0000][1][safepoint    ] Safepoint "RevokeBias", Time since last: 475185 ns, Reaching safepoint: 89435 ns, At safepoint: 17690 ns, Total: 107125 ns
[2020-09-11T16:26:21.879+0000][1][safepoint    ] Safepoint "RevokeBias", Time since last: 40934 ns, Reaching safepoint: 84482 ns, At safepoint: 16890 ns, Total: 101372 ns
[2020-09-11T16:26:21.880+0000][1][safepoint    ] Safepoint "RevokeBias", Time since last: 78393 ns, Reaching safepoint: 85294 ns, At safepoint: 16022 ns, Total: 101316 ns
[2020-09-11T16:26:21.880+0000][1][safepoint    ] Safepoint "RevokeBias", Time since last: 246463 ns, Reaching safepoint: 84220 ns, At safepoint: 17059 ns, Total: 101279 ns
[2020-09-11T16:26:21.880+0000][1][safepoint    ] Safepoint "RevokeBias", Time since last: 138922 ns, Reaching safepoint: 286706 ns, At safepoint: 17704 ns, Total: 304410 ns
[2020-09-11T16:26:21.881+0000][1][safepoint    ] Safepoint "RevokeBias", Time since last: 37697 ns, Reaching safepoint: 307039 ns, At safepoint: 18333 ns, Total: 325372 ns
[2020-09-11T16:26:21.883+0000][1][safepoint    ] Safepoint "RevokeBias", Time since last: 467147 ns, Reaching safepoint: 1258559 ns, At safepoint: 22954 ns, Total: 1281513 ns
[2020-09-11T16:26:21.909+0000][1][safepoint    ] Safepoint "RevokeBias", Time since last: 24961929 ns, Reaching safepoint: 1295671 ns, At safepoint: 34336 ns, Total: 1330007 ns
[2020-09-11T16:26:21.909+0000][1][safepoint    ] Safepoint "RevokeBias", Time since last: 143283 ns, Reaching safepoint: 83509 ns, At safepoint: 18800 ns, Total: 102309 ns
[2020-09-11T16:26:21.927+0000][1][safepoint    ] Safepoint "Deoptimize", Time since last: 14244128 ns, Reaching safepoint: 1486985 ns, At safepoint: 2359681 ns, Total: 3846666 ns
[2020-09-11T16:26:21.943+0000][1][safepoint    ] Safepoint "RevokeBias", Time since last: 14174976 ns, Reaching safepoint: 1116833 ns, At safepoint: 41645 ns, Total: 1158478 ns
[2020-09-11T16:26:21.981+0000][1][safepoint    ] Safepoint "RevokeBias", Time since last: 36770998 ns, Reaching safepoint: 1659250 ns, At safepoint: 34606 ns, Total: 1693856 ns
[2020-09-11T16:26:21.984+0000][1][safepoint    ] Safepoint "RevokeBias", Time since last: 274231 ns, Reaching safepoint: 3152360 ns, At safepoint: 25048 ns, Total: 3177408 ns
[2020-09-11T16:26:21.990+0000][1][safepoint    ] Safepoint "RevokeBias", Time since last: 894051 ns, Reaching safepoint: 4342723 ns, At safepoint: 28705 ns, Total: 4371428 ns
[2020-09-11T16:26:21.995+0000][1][safepoint    ] Safepoint "RevokeBias", Time since last: 1465851 ns, Reaching safepoint: 3586519 ns, At safepoint: 38166 ns, Total: 3624685 ns
[2020-09-11T16:26:22.005+0000][1][safepoint    ] Safepoint "RevokeBias", Time since last: 9999805 ns, Reaching safepoint: 191770 ns, At safepoint: 37456 ns, Total: 229226 ns
[2020-09-11T16:26:22.023+0000][1][safepoint    ] Safepoint "RevokeBias", Time since last: 17659035 ns, Reaching safepoint: 107632 ns, At safepoint: 40592 ns, Total: 148224 ns
[2020-09-11T16:26:22.025+0000][1][safepoint    ] Safepoint "RevokeBias", Time since last: 1213531 ns, Reaching safepoint: 748271 ns, At safepoint: 30362 ns, Total: 778633 ns
[2020-09-11T16:26:22.029+0000][1][safepoint    ] Safepoint "RevokeBias", Time since last: 74200 ns, Reaching safepoint: 3941754 ns, At safepoint: 55883 ns, Total: 3997637 ns
[2020-09-11T16:26:22.033+0000][1][safepoint    ] Safepoint "RevokeBias", Time since last: 356196 ns, Reaching safepoint: 3562711 ns, At safepoint: 43614 ns, Total: 3606325 ns
[2020-09-11T16:26:22.041+0000][1][safepoint    ] Safepoint "RevokeBias", Time since last: 2269242 ns, Reaching safepoint: 5771374 ns, At safepoint: 40506 ns, Total: 5811880 ns
[2020-09-11T16:26:22.043+0000][1][safepoint    ] Safepoint "RevokeBias", Time since last: 947246 ns, Reaching safepoint: 1527253 ns, At safepoint: 26070 ns, Total: 1553323 ns
[2020-09-11T16:26:22.065+0000][1][safepoint    ] Safepoint "RevokeBias", Time since last: 20687188 ns, Reaching safepoint: 685930 ns, At safepoint: 32226 ns, Total: 718156 ns
[2020-09-11T16:26:22.083+0000][1][safepoint    ] Safepoint "RevokeBias", Time since last: 12971747 ns, Reaching safepoint: 2795929 ns, At safepoint: 2669680 ns, Total: 5465609 ns
[2020-09-11T16:26:22.086+0000][1][safepoint    ] Safepoint "RevokeBias", Time since last: 82017 ns, Reaching safepoint: 2883945 ns, At safepoint: 45267 ns, Total: 2929212 ns
[2020-09-11T16:26:22.089+0000][1][safepoint    ] Safepoint "RevokeBias", Time since last: 75498 ns, Reaching safepoint: 2443115 ns, At safepoint: 30594 ns, Total: 2473709 ns
[2020-09-11T16:26:22.089+0000][1][safepoint    ] Safepoint "RevokeBias", Time since last: 188521 ns, Reaching safepoint: 90055 ns, At safepoint: 17564 ns, Total: 107619 ns
[2020-09-11T16:26:22.089+0000][1][safepoint    ] Safepoint "RevokeBias", Time since last: 42113 ns, Reaching safepoint: 86267 ns, At safepoint: 22630 ns, Total: 108897 ns
[2020-09-11T16:26:22.155+0000][1][safepoint    ] Safepoint "RevokeBias", Time since last: 65174548 ns, Reaching safepoint: 115485 ns, At safepoint: 18112 ns, Total: 133597 ns
[2020-09-11T16:26:22.157+0000][1][safepoint    ] Safepoint "RevokeBias", Time since last: 160062 ns, Reaching safepoint: 2050599 ns, At safepoint: 20928 ns, Total: 2071527 ns
[2020-09-11T16:26:22.161+0000][1][safepoint    ] Safepoint "RevokeBias", Time since last: 90462 ns, Reaching safepoint: 3899744 ns, At safepoint: 25441 ns, Total: 3925185 ns
[2020-09-11T16:26:22.173+0000][1][safepoint    ] Safepoint "RevokeBias", Time since last: 10373276 ns, Reaching safepoint: 1591344 ns, At safepoint: 33986 ns, Total: 1625330 ns
[2020-09-11T16:26:22.189+0000][1][safepoint    ] Safepoint "RevokeBias", Time since last: 15580785 ns, Reaching safepoint: 109265 ns, At safepoint: 31393 ns, Total: 140658 ns
[2020-09-11T16:26:22.189+0000][1][safepoint    ] Safepoint "RevokeBias", Time since last: 53515 ns, Reaching safepoint: 87514 ns, At safepoint: 20010 ns, Total: 107524 ns
[2020-09-11T16:26:22.193+0000][1][safepoint    ] Safepoint "RevokeBias", Time since last: 1505262 ns, Reaching safepoint: 2584818 ns, At safepoint: 38772 ns, Total: 2623590 ns
[2020-09-11T16:26:22.193+0000][1][safepoint    ] Safepoint "RevokeBias", Time since last: 77355 ns, Reaching safepoint: 83323 ns, At safepoint: 18388 ns, Total: 101711 ns
[2020-09-11T16:26:22.193+0000][1][safepoint    ] Safepoint "RevokeBias", Time since last: 34459 ns, Reaching safepoint: 82891 ns, At safepoint: 19849 ns, Total: 102740 ns
[2020-09-11T16:26:22.193+0000][1][safepoint    ] Safepoint "BulkRevokeBias", Time since last: 31288 ns, Reaching safepoint: 83334 ns, At safepoint: 91800 ns, Total: 175134 ns
[2020-09-11T16:26:22.194+0000][1][safepoint    ] Safepoint "RevokeBias", Time since last: 48420 ns, Reaching safepoint: 84334 ns, At safepoint: 17874 ns, Total: 102208 ns
[2020-09-11T16:26:22.196+0000][1][safepoint    ] Safepoint "RevokeBias", Time since last: 31158 ns, Reaching safepoint: 2381805 ns, At safepoint: 45604 ns, Total: 2427409 ns
[2020-09-11T16:26:22.198+0000][1][safepoint    ] Safepoint "RevokeBias", Time since last: 64274 ns, Reaching safepoint: 1846431 ns, At safepoint: 30091 ns, Total: 1876522 ns
[2020-09-11T16:26:22.218+0000][1][safepoint    ] Safepoint "RevokeBias", Time since last: 20039107 ns, Reaching safepoint: 123637 ns, At safepoint: 43121 ns, Total: 166758 ns
[2020-09-11T16:26:22.218+0000][1][safepoint    ] Safepoint "RevokeBias", Time since last: 66749 ns, Reaching safepoint: 91186 ns, At safepoint: 24451 ns, Total: 115637 ns
[2020-09-11T16:26:22.557+0000][1][safepoint    ] Safepoint "RevokeBias", Time since last: 338507395 ns, Reaching safepoint: 592532 ns, At safepoint: 48454 ns, Total: 640986 ns
[2020-09-11T16:26:22.558+0000][1][safepoint    ] Safepoint "RevokeBias", Time since last: 75238 ns, Reaching safepoint: 83817 ns, At safepoint: 36016 ns, Total: 119833 ns
[2020-09-11T16:26:22.558+0000][1][safepoint    ] Safepoint "RevokeBias", Time since last: 134587 ns, Reaching safepoint: 83454 ns, At safepoint: 44255 ns, Total: 127709 ns
[2020-09-11T16:26:22.569+0000][1][safepoint    ] Safepoint "RevokeBias", Time since last: 10888113 ns, Reaching safepoint: 121008 ns, At safepoint: 48976 ns, Total: 169984 ns
[2020-09-11T16:26:22.571+0000][1][safepoint    ] Safepoint "RevokeBias", Time since last: 1797719 ns, Reaching safepoint: 101236 ns, At safepoint: 39586 ns, Total: 140822 ns
[2020-09-11T16:26:22.572+0000][1][safepoint    ] Safepoint "RevokeBias", Time since last: 75496 ns, Reaching safepoint: 530601 ns, At safepoint: 39392 ns, Total: 569993 ns
[2020-09-11T16:26:22.597+0000][1][safepoint    ] Safepoint "RevokeBias", Time since last: 17803140 ns, Reaching safepoint: 7467385 ns, At safepoint: 56819 ns, Total: 7524204 ns
[2020-09-11T16:26:22.601+0000][1][safepoint    ] Safepoint "RevokeBias", Time since last: 1436988 ns, Reaching safepoint: 2511416 ns, At safepoint: 53068 ns, Total: 2564484 ns
[2020-09-11T16:26:22.615+0000][1][safepoint    ] Safepoint "RevokeBias", Time since last: 11916937 ns, Reaching safepoint: 2024243 ns, At safepoint: 34021 ns, Total: 2058264 ns
[2020-09-11T16:26:22.617+0000][1][safepoint    ] Safepoint "RevokeBias", Time since last: 159424 ns, Reaching safepoint: 1774670 ns, At safepoint: 29986 ns, Total: 1804656 ns
[2020-09-11T16:26:22.618+0000][1][safepoint    ] Safepoint "RevokeBias", Time since last: 180088 ns, Reaching safepoint: 1413966 ns, At safepoint: 28312 ns, Total: 1442278 ns
[2020-09-11T16:26:22.634+0000][1][safepoint    ] Safepoint "RevokeBias", Time since last: 14372848 ns, Reaching safepoint: 753648 ns, At safepoint: 31593 ns, Total: 785241 ns
[2020-09-11T16:26:22.634+0000][1][safepoint    ] Safepoint "RevokeBias", Time since last: 169058 ns, Reaching safepoint: 88249 ns, At safepoint: 20487 ns, Total: 108736 ns
[2020-09-11T16:26:22.637+0000][1][safepoint    ] Safepoint "RevokeBias", Time since last: 251353 ns, Reaching safepoint: 2528044 ns, At safepoint: 19244 ns, Total: 2547288 ns
[2020-09-11T16:26:22.637+0000][1][safepoint    ] Safepoint "RevokeBias", Time since last: 140956 ns, Reaching safepoint: 86654 ns, At safepoint: 12979 ns, Total: 99633 ns
[2020-09-11T16:26:22.637+0000][1][safepoint    ] Safepoint "RevokeBias", Time since last: 89473 ns, Reaching safepoint: 84995 ns, At safepoint: 22870 ns, Total: 107865 ns
[2020-09-11T16:26:22.813+0000][1][safepoint    ] Safepoint "RevokeBias", Time since last: 176033763 ns, Reaching safepoint: 116064 ns, At safepoint: 40641 ns, Total: 156705 ns
[2020-09-11T16:26:22.820+0000][1][safepoint    ] Safepoint "RevokeBias", Time since last: 69923 ns, Reaching safepoint: 6103646 ns, At safepoint: 48833 ns, Total: 6152479 ns
[2020-09-11T16:26:22.933+0000][1][safepoint    ] Safepoint "RevokeBias", Time since last: 103667908 ns, Reaching safepoint: 9643876 ns, At safepoint: 53219 ns, Total: 9697095 ns
[2020-09-11T16:26:22.967+0000][1][safepoint    ] Safepoint "RevokeBias", Time since last: 33852025 ns, Reaching safepoint: 465558 ns, At safepoint: 56534 ns, Total: 522092 ns
[2020-09-11T16:26:22.968+0000][1][safepoint    ] Safepoint "RevokeBias", Time since last: 90073 ns, Reaching safepoint: 426460 ns, At safepoint: 39535 ns, Total: 465995 ns
[2020-09-11T16:26:22.968+0000][1][safepoint    ] Safepoint "RevokeBias", Time since last: 35285 ns, Reaching safepoint: 104608 ns, At safepoint: 43451 ns, Total: 148059 ns
[2020-09-11T16:26:22.968+0000][1][safepoint    ] Safepoint "RevokeBias", Time since last: 49936 ns, Reaching safepoint: 87107 ns, At safepoint: 31870 ns, Total: 118977 ns
[2020-09-11T16:26:22.968+0000][1][safepoint    ] Safepoint "RevokeBias", Time since last: 30521 ns, Reaching safepoint: 87101 ns, At safepoint: 33537 ns, Total: 120638 ns
[2020-09-11T16:26:22.969+0000][1][safepoint    ] Safepoint "RevokeBias", Time since last: 252640 ns, Reaching safepoint: 280337 ns, At safepoint: 39708 ns, Total: 320045 ns
[2020-09-11T16:26:22.973+0000][1][safepoint    ] Safepoint "RevokeBias", Time since last: 62436 ns, Reaching safepoint: 3874223 ns, At safepoint: 69103 ns, Total: 3943326 ns
[2020-09-11T16:26:22.975+0000][1][safepoint    ] Safepoint "RevokeBias", Time since last: 76647 ns, Reaching safepoint: 1505809 ns, At safepoint: 49216 ns, Total: 1555025 ns
[2020-09-11T16:26:23.108+0000][1][safepoint    ] Safepoint "RevokeBias", Time since last: 128701895 ns, Reaching safepoint: 4997441 ns, At safepoint: 54647 ns, Total: 5052088 ns
[2020-09-11T16:26:23.109+0000][1][safepoint    ] Safepoint "BulkRevokeBias", Time since last: 125692 ns, Reaching safepoint: 369444 ns, At safepoint: 106289 ns, Total: 475733 ns
[2020-09-11T16:26:23.249+0000][1][safepoint    ] Safepoint "RevokeBias", Time since last: 139901768 ns, Reaching safepoint: 315289 ns, At safepoint: 41943 ns, Total: 357232 ns
[2020-09-11T16:26:23.249+0000][1][safepoint    ] Safepoint "RevokeBias", Time since last: 63664 ns, Reaching safepoint: 83179 ns, At safepoint: 19098 ns, Total: 102277 ns
[2020-09-11T16:26:23.250+0000][1][safepoint    ] Safepoint "RevokeBias", Time since last: 34668 ns, Reaching safepoint: 819308 ns, At safepoint: 29597 ns, Total: 848905 ns
[2020-09-11T16:26:23.253+0000][1][safepoint    ] Safepoint "RevokeBias", Time since last: 66457 ns, Reaching safepoint: 2521226 ns, At safepoint: 31837 ns, Total: 2553063 ns
[2020-09-11T16:26:23.794+0000][1][safepoint    ] Safepoint "RevokeBias", Time since last: 541174513 ns, Reaching safepoint: 337655 ns, At safepoint: 25115 ns, Total: 362770 ns
[2020-09-11T16:26:24.495+0000][1][safepoint    ] Safepoint "RevokeBias", Time since last: 698209657 ns, Reaching safepoint: 2810081 ns, At safepoint: 40330 ns, Total: 2850411 ns
[2020-09-11T16:26:24.543+0000][1][safepoint    ] Safepoint "RevokeBias", Time since last: 47066811 ns, Reaching safepoint: 111745 ns, At safepoint: 24099 ns, Total: 135844 ns
[2020-09-11T16:26:24.543+0000][1][safepoint    ] Safepoint "RevokeBias", Time since last: 418227 ns, Reaching safepoint: 87010 ns, At safepoint: 14381 ns, Total: 101391 ns
[2020-09-11T16:26:24.549+0000][1][safepoint    ] Safepoint "RevokeBias", Time since last: 5712364 ns, Reaching safepoint: 110505 ns, At safepoint: 21516 ns, Total: 132021 ns
[2020-09-11T16:26:24.616+0000][1][safepoint    ] Safepoint "RevokeBias", Time since last: 62454672 ns, Reaching safepoint: 4563693 ns, At safepoint: 57770 ns, Total: 4621463 ns
[2020-09-11T16:26:24.617+0000][1][safepoint    ] Safepoint "RevokeBias", Time since last: 93916 ns, Reaching safepoint: 642985 ns, At safepoint: 34915 ns, Total: 677900 ns
[2020-09-11T16:26:24.643+0000][1][safepoint    ] Safepoint "RevokeBias", Time since last: 25872976 ns, Reaching safepoint: 124744 ns, At safepoint: 49714 ns, Total: 174458 ns
[2020-09-11T16:26:24.645+0000][1][safepoint    ] Safepoint "RevokeBias", Time since last: 71647 ns, Reaching safepoint: 1845071 ns, At safepoint: 36638 ns, Total: 1881709 ns
[2020-09-11T16:26:24.669+0000][1][safepoint    ] Safepoint "RevokeBias", Time since last: 16512931 ns, Reaching safepoint: 7479802 ns, At safepoint: 53786 ns, Total: 7533588 ns
[2020-09-11T16:26:24.670+0000][1][safepoint    ] Safepoint "RevokeBias", Time since last: 97429 ns, Reaching safepoint: 1196514 ns, At safepoint: 42577 ns, Total: 1239091 ns
[2020-09-11T16:26:24.743+0000][1][safepoint    ] Safepoint "RevokeBias", Time since last: 72663792 ns, Reaching safepoint: 124133 ns, At safepoint: 27466 ns, Total: 151599 ns
[2020-09-11T16:26:25.456+0000][1][safepoint    ] Safepoint "RevokeBias", Time since last: 704180388 ns, Reaching safepoint: 9076400 ns, At safepoint: 43743 ns, Total: 9120143 ns
[2020-09-11T16:26:25.600+0000][1][safepoint    ] Safepoint "RevokeBias", Time since last: 143113908 ns, Reaching safepoint: 119082 ns, At safepoint: 23148 ns, Total: 142230 ns
[2020-09-11T16:26:25.600+0000][1][safepoint    ] Safepoint "RevokeBias", Time since last: 488711 ns, Reaching safepoint: 88379 ns, At safepoint: 22312 ns, Total: 110691 ns
[2020-09-11T16:26:25.701+0000][1][safepoint    ] Safepoint "RevokeBias", Time since last: 100775111 ns, Reaching safepoint: 188984 ns, At safepoint: 31623 ns, Total: 220607 ns
[2020-09-11T16:26:25.745+0000][1][safepoint    ] Safepoint "RevokeBias", Time since last: 43648122 ns, Reaching safepoint: 174089 ns, At safepoint: 35859 ns, Total: 209948 ns
[2020-09-11T16:26:25.762+0000][1][safepoint    ] Safepoint "RevokeBias", Time since last: 2303833 ns, Reaching safepoint: 14693001 ns, At safepoint: 49979 ns, Total: 14742980 ns
[2020-09-11T16:26:25.764+0000][1][safepoint    ] Safepoint "RevokeBias", Time since last: 395566 ns, Reaching safepoint: 1830931 ns, At safepoint: 43762 ns, Total: 1874693 ns
[2020-09-11T16:26:25.765+0000][1][safepoint    ] Safepoint "RevokeBias", Time since last: 66795 ns, Reaching safepoint: 365169 ns, At safepoint: 29369 ns, Total: 394538 ns
[2020-09-11T16:26:25.773+0000][1][safepoint    ] Safepoint "RevokeBias", Time since last: 6851012 ns, Reaching safepoint: 1137167 ns, At safepoint: 26392 ns, Total: 1163559 ns
[2020-09-11T16:26:25.807+0000][1][safepoint    ] Safepoint "RevokeBias", Time since last: 28753959 ns, Reaching safepoint: 5038984 ns, At safepoint: 26351 ns, Total: 5065335 ns
[2020-09-11T16:26:25.824+0000][1][safepoint    ] Safepoint "RevokeBias", Time since last: 7636661 ns, Reaching safepoint: 9215120 ns, At safepoint: 16974 ns, Total: 9232094 ns
[2020-09-11T16:26:25.833+0000][1][safepoint    ] Safepoint "RevokeBias", Time since last: 9371291 ns, Reaching safepoint: 115120 ns, At safepoint: 31076 ns, Total: 146196 ns
[2020-09-11T16:26:25.837+0000][1][safepoint    ] Safepoint "RevokeBias", Time since last: 3747412 ns, Reaching safepoint: 151381 ns, At safepoint: 21402 ns, Total: 172783 ns
[2020-09-11T16:26:25.841+0000][1][safepoint    ] Safepoint "RevokeBias", Time since last: 130991 ns, Reaching safepoint: 3712678 ns, At safepoint: 33610 ns, Total: 3746288 ns
[2020-09-11T16:26:25.842+0000][1][safepoint    ] Safepoint "RevokeBias", Time since last: 951074 ns, Reaching safepoint: 101899 ns, At safepoint: 16535 ns, Total: 118434 ns
[2020-09-11T16:26:25.842+0000][1][safepoint    ] Safepoint "RevokeBias", Time since last: 47069 ns, Reaching safepoint: 99036 ns, At safepoint: 12870 ns, Total: 111906 ns
[2020-09-11T16:26:25.857+0000][1][safepoint    ] Safepoint "RevokeBias", Time since last: 14150862 ns, Reaching safepoint: 730709 ns, At safepoint: 57306 ns, Total: 788015 ns
[2020-09-11T16:26:25.869+0000][1][safepoint    ] Safepoint "RevokeBias", Time since last: 11793606 ns, Reaching safepoint: 114617 ns, At safepoint: 21232 ns, Total: 135849 ns
[2020-09-11T16:26:25.869+0000][1][safepoint    ] Safepoint "RevokeBias", Time since last: 113022 ns, Reaching safepoint: 82465 ns, At safepoint: 12901 ns, Total: 95366 ns
[2020-09-11T16:26:25.877+0000][1][safepoint    ] Safepoint "RevokeBias", Time since last: 7663773 ns, Reaching safepoint: 112742 ns, At safepoint: 17209 ns, Total: 129951 ns
[2020-09-11T16:26:25.901+0000][1][safepoint    ] Safepoint "RevokeBias", Time since last: 24188396 ns, Reaching safepoint: 106706 ns, At safepoint: 14332 ns, Total: 121038 ns
[2020-09-11T16:26:25.902+0000][1][safepoint    ] Safepoint "RevokeBias", Time since last: 1026576 ns, Reaching safepoint: 20975 ns, At safepoint: 26956 ns, Total: 47931 ns
[2020-09-11T16:26:26.465+0000][1][safepoint    ] Safepoint "RevokeBias", Time since last: 561150236 ns, Reaching safepoint: 1347960 ns, At safepoint: 22734 ns, Total: 1370694 ns
[2020-09-11T16:26:26.479+0000][1][safepoint    ] Safepoint "RevokeBias", Time since last: 11343278 ns, Reaching safepoint: 2905634 ns, At safepoint: 17349 ns, Total: 2922983 ns
[2020-09-11T16:26:26.493+0000][1][safepoint    ] Safepoint "RevokeBias", Time since last: 10193316 ns, Reaching safepoint: 3517140 ns, At safepoint: 28115 ns, Total: 3545255 ns
[2020-09-11T16:26:26.499+0000][1][safepoint    ] Safepoint "RevokeBias", Time since last: 1381775 ns, Reaching safepoint: 4447242 ns, At safepoint: 25753 ns, Total: 4472995 ns
[2020-09-11T16:26:26.610+0000][1][gc,start     ] GC(65) Pause Young (Allocation Failure)
[2020-09-11T16:26:26.610+0000][1][gc,task      ] GC(65) Using 1 workers of 1 for evacuation
[2020-09-11T16:26:26.705+0000][1][gc,age       ] GC(65) Desired survivor size 4358144 bytes, new threshold 2 (max threshold 6)
[2020-09-11T16:26:26.705+0000][1][gc,age       ] GC(65) Age table with threshold 2 (max threshold 6)
[2020-09-11T16:26:26.705+0000][1][gc,age       ] GC(65) - age   1:    2703672 bytes,    2703672 total
[2020-09-11T16:26:26.705+0000][1][gc,age       ] GC(65) - age   2:    3450800 bytes,    6154472 total
[2020-09-11T16:26:26.705+0000][1][gc,heap      ] GC(65) ParNew: 75861K->6018K(76672K)
[2020-09-11T16:26:26.705+0000][1][gc,heap      ] GC(65) CMS: 55654K->58986K(439104K)
[2020-09-11T16:26:26.705+0000][1][gc,metaspace ] GC(65) Metaspace: 73546K->73546K(1116160K)
[2020-09-11T16:26:26.705+0000][1][gc           ] GC(65) Pause Young (Allocation Failure) 128M->63M(503M) 94.602ms
[2020-09-11T16:26:26.705+0000][1][gc,cpu       ] GC(65) User=0.03s Sys=0.00s Real=0.10s
[2020-09-11T16:26:26.757+0000][1][safepoint    ] Safepoint "GenCollectForAllocation", Time since last: 111259337 ns, Reaching safepoint: 424978 ns, At safepoint: 146699469 ns, Total: 147124447 ns
[2020-09-11T16:26:26.774+0000][1][safepoint    ] Safepoint "RevokeBias", Time since last: 15911681 ns, Reaching safepoint: 122332 ns, At safepoint: 755096 ns, Total: 877428 ns
[2020-09-11T16:26:26.849+0000][1][safepoint    ] Safepoint "RevokeBias", Time since last: 75444415 ns, Reaching safepoint: 117571 ns, At safepoint: 15745 ns, Total: 133316 ns
[2020-09-11T16:26:26.901+0000][1][safepoint    ] Safepoint "RevokeBias", Time since last: 49459530 ns, Reaching safepoint: 1933750 ns, At safepoint: 30589 ns, Total: 1964339 ns
[2020-09-11T16:26:26.945+0000][1][safepoint    ] Safepoint "RevokeBias", Time since last: 40904778 ns, Reaching safepoint: 3047006 ns, At safepoint: 37775 ns, Total: 3084781 ns
[2020-09-11T16:26:26.982+0000][1][safepoint    ] Safepoint "RevokeBias", Time since last: 37213989 ns, Reaching safepoint: 113592 ns, At safepoint: 15553 ns, Total: 129145 ns
[2020-09-11T16:26:27.132+0000][1][safepoint    ] Safepoint "RevokeBias", Time since last: 149575453 ns, Reaching safepoint: 115284 ns, At safepoint: 20565 ns, Total: 135849 ns
[2020-09-11T16:26:27.137+0000][1][safepoint    ] Safepoint "RevokeBias", Time since last: 5192492 ns, Reaching safepoint: 252277 ns, At safepoint: 16102 ns, Total: 268379 ns
[2020-09-11T16:26:27.143+0000][1][safepoint    ] Safepoint "RevokeBias", Time since last: 5217114 ns, Reaching safepoint: 718091 ns, At safepoint: 66190 ns, Total: 784281 ns
[2020-09-11T16:26:27.170+0000][1][safepoint    ] Safepoint "RevokeBias", Time since last: 25739735 ns, Reaching safepoint: 586142 ns, At safepoint: 38245 ns, Total: 624387 ns
[2020-09-11T16:26:27.186+0000][1][safepoint    ] Safepoint "RevokeBias", Time since last: 3856408 ns, Reaching safepoint: 12295995 ns, At safepoint: 41733 ns, Total: 12337728 ns
[2020-09-11T16:26:27.186+0000][1][safepoint    ] Safepoint "RevokeBias", Time since last: 434686 ns, Reaching safepoint: 92200 ns, At safepoint: 22676 ns, Total: 114876 ns
[2020-09-11T16:26:27.197+0000][1][safepoint    ] Safepoint "RevokeBias", Time since last: 10593197 ns, Reaching safepoint: 110781 ns, At safepoint: 36454 ns, Total: 147235 ns
[2020-09-11T16:26:27.205+0000][1][safepoint    ] Safepoint "RevokeBias", Time since last: 7850195 ns, Reaching safepoint: 110107 ns, At safepoint: 35294 ns, Total: 145401 ns
[2020-09-11T16:26:27.213+0000][1][safepoint    ] Safepoint "RevokeBias", Time since last: 7852859 ns, Reaching safepoint: 113692 ns, At safepoint: 16275 ns, Total: 129967 ns
[2020-09-11T16:26:27.240+0000][1][safepoint    ] Safepoint "RevokeBias", Time since last: 19605813 ns, Reaching safepoint: 7439572 ns, At safepoint: 26503 ns, Total: 7466075 ns
[2020-09-11T16:26:27.241+0000][1][safepoint    ] Safepoint "RevokeBias", Time since last: 183530 ns, Reaching safepoint: 108095 ns, At safepoint: 11286 ns, Total: 119381 ns
[2020-09-11T16:26:27.241+0000][1][safepoint    ] Safepoint "RevokeBias", Time since last: 265183 ns, Reaching safepoint: 86584 ns, At safepoint: 11168 ns, Total: 97752 ns
[2020-09-11T16:26:27.241+0000][1][safepoint    ] Safepoint "RevokeBias", Time since last: 103377 ns, Reaching safepoint: 93970 ns, At safepoint: 10428 ns, Total: 104398 ns
[2020-09-11T16:26:27.241+0000][1][safepoint    ] Safepoint "RevokeBias", Time since last: 131196 ns, Reaching safepoint: 84660 ns, At safepoint: 9864 ns, Total: 94524 ns
[2020-09-11T16:26:27.242+0000][1][safepoint    ] Safepoint "RevokeBias", Time since last: 69173 ns, Reaching safepoint: 84328 ns, At safepoint: 9770 ns, Total: 94098 ns
[2020-09-11T16:26:27.242+0000][1][safepoint    ] Safepoint "RevokeBias", Time since last: 119014 ns, Reaching safepoint: 84579 ns, At safepoint: 9871 ns, Total: 94450 ns
[2020-09-11T16:26:27.242+0000][1][safepoint    ] Safepoint "RevokeBias", Time since last: 72334 ns, Reaching safepoint: 83384 ns, At safepoint: 10259 ns, Total: 93643 ns
[2020-09-11T16:26:27.249+0000][1][safepoint    ] Safepoint "RevokeBias", Time since last: 6855513 ns, Reaching safepoint: 110692 ns, At safepoint: 15793 ns, Total: 126485 ns
[2020-09-11T16:26:27.250+0000][1][safepoint    ] Safepoint "RevokeBias", Time since last: 655453 ns, Reaching safepoint: 229620 ns, At safepoint: 11989 ns, Total: 241609 ns
[2020-09-11T16:26:27.265+0000][1][safepoint    ] Safepoint "RevokeBias", Time since last: 13885239 ns, Reaching safepoint: 860927 ns, At safepoint: 16916 ns, Total: 877843 ns
[2020-09-11T16:26:27.277+0000][1][safepoint    ] Safepoint "RevokeBias", Time since last: 12220118 ns, Reaching safepoint: 111230 ns, At safepoint: 14410 ns, Total: 125640 ns
[2020-09-11T16:26:27.278+0000][1][safepoint    ] Safepoint "RevokeBias", Time since last: 602502 ns, Reaching safepoint: 91086 ns, At safepoint: 11102 ns, Total: 102188 ns
[2020-09-11T16:26:27.278+0000][1][safepoint    ] Safepoint "RevokeBias", Time since last: 337092 ns, Reaching safepoint: 110907 ns, At safepoint: 10894 ns, Total: 121801 ns
[2020-09-11T16:26:27.325+0000][1][safepoint    ] Safepoint "RevokeBias", Time since last: 46721346 ns, Reaching safepoint: 334248 ns, At safepoint: 18309 ns, Total: 352557 ns
[2020-09-11T16:26:27.326+0000][1][safepoint    ] Safepoint "RevokeBias", Time since last: 315627 ns, Reaching safepoint: 89292 ns, At safepoint: 11896 ns, Total: 101188 ns
[2020-09-11T16:26:27.326+0000][1][safepoint    ] Safepoint "RevokeBias", Time since last: 124279 ns, Reaching safepoint: 86817 ns, At safepoint: 11371 ns, Total: 98188 ns
[2020-09-11T16:26:27.326+0000][1][safepoint    ] Safepoint "RevokeBias", Time since last: 130647 ns, Reaching safepoint: 87992 ns, At safepoint: 11474 ns, Total: 99466 ns
[2020-09-11T16:26:27.329+0000][1][safepoint    ] Safepoint "RevokeBias", Time since last: 2889404 ns, Reaching safepoint: 102892 ns, At safepoint: 14202 ns, Total: 117094 ns
[2020-09-11T16:26:27.329+0000][1][safepoint    ] Safepoint "RevokeBias", Time since last: 226051 ns, Reaching safepoint: 87609 ns, At safepoint: 11098 ns, Total: 98707 ns
[2020-09-11T16:26:27.330+0000][1][safepoint    ] Safepoint "RevokeBias", Time since last: 78318 ns, Reaching safepoint: 86148 ns, At safepoint: 10338 ns, Total: 96486 ns
[2020-09-11T16:26:27.330+0000][1][safepoint    ] Safepoint "RevokeBias", Time since last: 129148 ns, Reaching safepoint: 85938 ns, At safepoint: 11807 ns, Total: 97745 ns
[2020-09-11T16:26:27.330+0000][1][safepoint    ] Safepoint "RevokeBias", Time since last: 71828 ns, Reaching safepoint: 85449 ns, At safepoint: 11150 ns, Total: 96599 ns
[2020-09-11T16:26:27.330+0000][1][safepoint    ] Safepoint "RevokeBias", Time since last: 148170 ns, Reaching safepoint: 86742 ns, At safepoint: 10362 ns, Total: 97104 ns
[2020-09-11T16:26:27.330+0000][1][safepoint    ] Safepoint "RevokeBias", Time since last: 71574 ns, Reaching safepoint: 86013 ns, At safepoint: 10464 ns, Total: 96477 ns
[2020-09-11T16:26:27.331+0000][1][safepoint    ] Safepoint "RevokeBias", Time since last: 123741 ns, Reaching safepoint: 85517 ns, At safepoint: 9929 ns, Total: 95446 ns
[2020-09-11T16:26:27.361+0000][1][safepoint    ] Safepoint "RevokeBias", Time since last: 16069586 ns, Reaching safepoint: 14196459 ns, At safepoint: 25573 ns, Total: 14222032 ns
[2020-09-11T16:26:27.363+0000][1][safepoint    ] Safepoint "RevokeBias", Time since last: 668581 ns, Reaching safepoint: 1732293 ns, At safepoint: 18368 ns, Total: 1750661 ns
[2020-09-11T16:26:27.364+0000][1][safepoint    ] Safepoint "RevokeBias", Time since last: 520612 ns, Reaching safepoint: 88384 ns, At safepoint: 11853 ns, Total: 100237 ns
[2020-09-11T16:26:27.380+0000][1][safepoint    ] Safepoint "RevokeBias", Time since last: 16302492 ns, Reaching safepoint: 115534 ns, At safepoint: 15114 ns, Total: 130648 ns
[2020-09-11T16:26:27.385+0000][1][safepoint    ] Safepoint "RevokeBias", Time since last: 4559783 ns, Reaching safepoint: 117399 ns, At safepoint: 16047 ns, Total: 133446 ns
[2020-09-11T16:26:27.386+0000][1][safepoint    ] Safepoint "RevokeBias", Time since last: 585526 ns, Reaching safepoint: 87954 ns, At safepoint: 11592 ns, Total: 99546 ns
[2020-09-11T16:26:27.754+0000][1][safepoint    ] Safepoint "RevokeBias", Time since last: 367901850 ns, Reaching safepoint: 126261 ns, At safepoint: 17618 ns, Total: 143879 ns
[2020-09-11T16:26:27.778+0000][1][safepoint    ] Safepoint "BulkRevokeBias", Time since last: 23513978 ns, Reaching safepoint: 107206 ns, At safepoint: 283390 ns, Total: 390596 ns
[2020-09-11T16:26:27.781+0000][1][safepoint    ] Safepoint "RevokeBias", Time since last: 3137957 ns, Reaching safepoint: 107090 ns, At safepoint: 14124 ns, Total: 121214 ns
[2020-09-11T16:26:28.247+0000][1][safepoint    ] Safepoint "BulkRevokeBias", Time since last: 466287966 ns, Reaching safepoint: 120949 ns, At safepoint: 125499 ns, Total: 246448 ns
[2020-09-11T16:26:28.252+0000][1][safepoint    ] Safepoint "RevokeBias", Time since last: 4005345 ns, Reaching safepoint: 107531 ns, At safepoint: 15205 ns, Total: 122736 ns
[2020-09-11T16:26:28.266+0000][1][safepoint    ] Safepoint "RevokeBias", Time since last: 14000758 ns, Reaching safepoint: 108268 ns, At safepoint: 19049 ns, Total: 127317 ns
[2020-09-11T16:26:28.288+0000][1][safepoint    ] Safepoint "RevokeBias", Time since last: 18093301 ns, Reaching safepoint: 3973613 ns, At safepoint: 66055 ns, Total: 4039668 ns
[2020-09-11T16:26:28.434+0000][1][safepoint    ] Safepoint "RevokeBias", Time since last: 145893410 ns, Reaching safepoint: 132211 ns, At safepoint: 36425 ns, Total: 168636 ns
[2020-09-11T16:26:28.445+0000][1][safepoint    ] Safepoint "RevokeBias", Time since last: 911083 ns, Reaching safepoint: 10030078 ns, At safepoint: 43725 ns, Total: 10073803 ns
[2020-09-11T16:26:28.894+0000][1][safepoint    ] Safepoint "RevokeBias", Time since last: 449135336 ns, Reaching safepoint: 458676 ns, At safepoint: 15869 ns, Total: 474545 ns
[2020-09-11T16:26:29.244+0000][1][safepoint    ] Safepoint "RevokeBias", Time since last: 343257096 ns, Reaching safepoint: 6080331 ns, At safepoint: 23539 ns, Total: 6103870 ns
[2020-09-11T16:26:29.246+0000][1][safepoint    ] Safepoint "RevokeBias", Time since last: 2212065 ns, Reaching safepoint: 109062 ns, At safepoint: 28672 ns, Total: 137734 ns
[2020-09-11T16:26:29.253+0000][1][safepoint    ] Safepoint "RevokeBias", Time since last: 6598283 ns, Reaching safepoint: 117456 ns, At safepoint: 46047 ns, Total: 163503 ns
[2020-09-11T16:26:29.446+0000][1][safepoint    ] Safepoint "RevokeBias", Time since last: 193010793 ns, Reaching safepoint: 117984 ns, At safepoint: 14979 ns, Total: 132963 ns
[2020-09-11T16:26:29.562+0000][1][safepoint    ] Safepoint "RevokeBias", Time since last: 112318571 ns, Reaching safepoint: 3462944 ns, At safepoint: 36054 ns, Total: 3498998 ns
[2020-09-11T16:26:29.715+0000][1][safepoint    ] Safepoint "RevokeBias", Time since last: 151831965 ns, Reaching safepoint: 859737 ns, At safepoint: 17882 ns, Total: 877619 ns
[2020-09-11T16:26:29.854+0000][1][safepoint    ] Safepoint "RevokeBias", Time since last: 126504663 ns, Reaching safepoint: 12749914 ns, At safepoint: 57104 ns, Total: 12807018 ns
[2020-09-11T16:26:29.855+0000][1][safepoint    ] Safepoint "RevokeBias", Time since last: 679072 ns, Reaching safepoint: 91717 ns, At safepoint: 40774 ns, Total: 132491 ns
[2020-09-11T16:26:29.855+0000][1][safepoint    ] Safepoint "RevokeBias", Time since last: 140304 ns, Reaching safepoint: 86748 ns, At safepoint: 10138 ns, Total: 96886 ns
[2020-09-11T16:26:29.857+0000][1][safepoint    ] Safepoint "RevokeBias", Time since last: 1790787 ns, Reaching safepoint: 105162 ns, At safepoint: 14998 ns, Total: 120160 ns
[2020-09-11T16:26:29.866+0000][1][safepoint    ] Safepoint "RevokeBias", Time since last: 9467163 ns, Reaching safepoint: 122241 ns, At safepoint: 17648 ns, Total: 139889 ns
[2020-09-11T16:26:30.136+0000][1][safepoint    ] Safepoint "RevokeBias", Time since last: 253069371 ns, Reaching safepoint: 16382881 ns, At safepoint: 46249 ns, Total: 16429130 ns
[2020-09-11T16:26:30.145+0000][1][safepoint    ] Safepoint "RevokeBias", Time since last: 9361066 ns, Reaching safepoint: 112213 ns, At safepoint: 30524 ns, Total: 142737 ns
[2020-09-11T16:26:30.630+0000][1][safepoint    ] Safepoint "RevokeBias", Time since last: 484643878 ns, Reaching safepoint: 116227 ns, At safepoint: 14841 ns, Total: 131068 ns
[2020-09-11T16:26:30.814+0000][1][safepoint    ] Safepoint "RevokeBias", Time since last: 183750141 ns, Reaching safepoint: 113554 ns, At safepoint: 17631 ns, Total: 131185 ns
[2020-09-11T16:26:30.925+0000][1][safepoint    ] Safepoint "RevokeBias", Time since last: 102466351 ns, Reaching safepoint: 8272558 ns, At safepoint: 38484 ns, Total: 8311042 ns
[2020-09-11T16:26:30.926+0000][1][safepoint    ] Safepoint "RevokeBias", Time since last: 1047362 ns, Reaching safepoint: 105428 ns, At safepoint: 15937 ns, Total: 121365 ns
[2020-09-11T16:26:30.926+0000][1][safepoint    ] Safepoint "RevokeBias", Time since last: 203852 ns, Reaching safepoint: 86974 ns, At safepoint: 13713 ns, Total: 100687 ns
[2020-09-11T16:26:30.927+0000][1][safepoint    ] Safepoint "RevokeBias", Time since last: 169077 ns, Reaching safepoint: 86973 ns, At safepoint: 13191 ns, Total: 100164 ns
[2020-09-11T16:26:30.927+0000][1][safepoint    ] Safepoint "RevokeBias", Time since last: 161065 ns, Reaching safepoint: 86059 ns, At safepoint: 16523 ns, Total: 102582 ns
[2020-09-11T16:26:30.927+0000][1][safepoint    ] Safepoint "RevokeBias", Time since last: 158638 ns, Reaching safepoint: 86192 ns, At safepoint: 13224 ns, Total: 99416 ns
[2020-09-11T16:26:30.930+0000][1][safepoint    ] Safepoint "RevokeBias", Time since last: 374877 ns, Reaching safepoint: 2280737 ns, At safepoint: 20212 ns, Total: 2300949 ns
[2020-09-11T16:26:30.937+0000][1][safepoint    ] Safepoint "RevokeBias", Time since last: 6909947 ns, Reaching safepoint: 128844 ns, At safepoint: 27450 ns, Total: 156294 ns
[2020-09-11T16:26:30.937+0000][1][safepoint    ] Safepoint "RevokeBias", Time since last: 171932 ns, Reaching safepoint: 84813 ns, At safepoint: 11440 ns, Total: 96253 ns
[2020-09-11T16:26:30.938+0000][1][safepoint    ] Safepoint "RevokeBias", Time since last: 761109 ns, Reaching safepoint: 15232 ns, At safepoint: 10572 ns, Total: 25804 ns
[2020-09-11T16:26:30.938+0000][1][safepoint    ] Safepoint "RevokeBias", Time since last: 257720 ns, Reaching safepoint: 15405 ns, At safepoint: 8952 ns, Total: 24357 ns
[2020-09-11T16:26:30.939+0000][1][safepoint    ] Safepoint "BulkRevokeBias", Time since last: 129226 ns, Reaching safepoint: 15331 ns, At safepoint: 99695 ns, Total: 115026 ns
[2020-09-11T16:26:30.939+0000][1][safepoint    ] Safepoint "RevokeBias", Time since last: 69371 ns, Reaching safepoint: 14604 ns, At safepoint: 8604 ns, Total: 23208 ns
[2020-09-11T16:26:30.953+0000][1][safepoint    ] Safepoint "RevokeBias", Time since last: 13942512 ns, Reaching safepoint: 126197 ns, At safepoint: 20244 ns, Total: 146441 ns
[2020-09-11T16:26:30.953+0000][1][safepoint    ] Safepoint "RevokeBias", Time since last: 412388 ns, Reaching safepoint: 18392 ns, At safepoint: 9739 ns, Total: 28131 ns
[2020-09-11T16:26:30.953+0000][1][safepoint    ] Safepoint "RevokeBias", Time since last: 152872 ns, Reaching safepoint: 15509 ns, At safepoint: 8521 ns, Total: 24030 ns
[2020-09-11T16:26:30.959+0000][1][safepoint    ] Safepoint "RevokeBias", Time since last: 4958293 ns, Reaching safepoint: 115299 ns, At safepoint: 128152 ns, Total: 243451 ns
[2020-09-11T16:26:31.232+0000][1][safepoint    ] Safepoint "RevokeBias", Time since last: 250865871 ns, Reaching safepoint: 22687869 ns, At safepoint: 32428 ns, Total: 22720297 ns
[2020-09-11T16:26:31.241+0000][1][safepoint    ] Safepoint "RevokeBias", Time since last: 8715826 ns, Reaching safepoint: 117279 ns, At safepoint: 20399 ns, Total: 137678 ns
[2020-09-11T16:26:31.285+0000][1][safepoint    ] Safepoint "BulkRevokeBias", Time since last: 36457581 ns, Reaching safepoint: 7390430 ns, At safepoint: 246889 ns, Total: 7637319 ns
[2020-09-11T16:26:32.305+0000][1][safepoint    ] Safepoint "Cleanup", Time since last: 1019715643 ns, Reaching safepoint: 160419 ns, At safepoint: 8882 ns, Total: 169301 ns
[2020-09-11T16:26:32.701+0000][1][safepoint    ] Safepoint "RevokeBias", Time since last: 395847256 ns, Reaching safepoint: 143638 ns, At safepoint: 17977 ns, Total: 161615 ns
[2020-09-11T16:26:32.709+0000][1][safepoint    ] Safepoint "RevokeBias", Time since last: 7941155 ns, Reaching safepoint: 117585 ns, At safepoint: 17136 ns, Total: 134721 ns
[2020-09-11T16:26:32.798+0000][1][safepoint    ] Safepoint "RevokeBias", Time since last: 88216359 ns, Reaching safepoint: 267587 ns, At safepoint: 16772 ns, Total: 284359 ns
[2020-09-11T16:26:32.822+0000][1][safepoint    ] Safepoint "RevokeBias", Time since last: 23827440 ns, Reaching safepoint: 724206 ns, At safepoint: 20443 ns, Total: 744649 ns
[2020-09-11T16:26:32.858+0000][1][safepoint    ] Safepoint "RevokeBias", Time since last: 35977070 ns, Reaching safepoint: 145496 ns, At safepoint: 23668 ns, Total: 169164 ns
[2020-09-11T16:26:33.030+0000][1][safepoint    ] Safepoint "RevokeBias", Time since last: 171449231 ns, Reaching safepoint: 129915 ns, At safepoint: 21362 ns, Total: 151277 ns
[2020-09-11T16:26:33.233+0000][1][safepoint    ] Safepoint "RevokeBias", Time since last: 202919478 ns, Reaching safepoint: 132681 ns, At safepoint: 21300 ns, Total: 153981 ns
[2020-09-11T16:26:33.241+0000][1][safepoint    ] Safepoint "RevokeBias", Time since last: 7926269 ns, Reaching safepoint: 126966 ns, At safepoint: 21357 ns, Total: 148323 ns
[2020-09-11T16:26:33.540+0000][1][safepoint    ] Safepoint "Deoptimize", Time since last: 298299459 ns, Reaching safepoint: 209108 ns, At safepoint: 448350 ns, Total: 657458 ns
[2020-09-11T16:26:33.801+0000][1][gc,start     ] GC(66) Pause Young (Allocation Failure)
[2020-09-11T16:26:33.801+0000][1][gc,task      ] GC(66) Using 1 workers of 1 for evacuation
[2020-09-11T16:26:33.998+0000][1][gc,age       ] GC(66) Desired survivor size 4358144 bytes, new threshold 6 (max threshold 6)
[2020-09-11T16:26:33.998+0000][1][gc,age       ] GC(66) Age table with threshold 6 (max threshold 6)
[2020-09-11T16:26:33.998+0000][1][gc,age       ] GC(66) - age   1:    1406256 bytes,    1406256 total
[2020-09-11T16:26:33.998+0000][1][gc,age       ] GC(66) - age   2:    2256864 bytes,    3663120 total
[2020-09-11T16:26:33.998+0000][1][gc,heap      ] GC(66) ParNew: 74178K->6012K(76672K)
[2020-09-11T16:26:33.998+0000][1][gc,heap      ] GC(66) CMS: 58986K->62491K(439104K)
[2020-09-11T16:26:33.998+0000][1][gc,metaspace ] GC(66) Metaspace: 74929K->74929K(1118208K)
[2020-09-11T16:26:33.998+0000][1][gc           ] GC(66) Pause Young (Allocation Failure) 130M->66M(503M) 197.557ms
[2020-09-11T16:26:33.998+0000][1][gc,cpu       ] GC(66) User=0.05s Sys=0.00s Real=0.19s
[2020-09-11T16:26:34.062+0000][1][safepoint    ] Safepoint "GenCollectForAllocation", Time since last: 249751870 ns, Reaching safepoint: 11149245 ns, At safepoint: 261302002 ns, Total: 272451247 ns
[2020-09-11T16:26:34.741+0000][1][safepoint    ] Safepoint "RevokeBias", Time since last: 678745682 ns, Reaching safepoint: 142533 ns, At safepoint: 17808 ns, Total: 160341 ns
[2020-09-11T16:26:34.749+0000][1][safepoint    ] Safepoint "RevokeBias", Time since last: 8247603 ns, Reaching safepoint: 116039 ns, At safepoint: 25532 ns, Total: 141571 ns
[2020-09-11T16:26:34.802+0000][1][safepoint    ] Safepoint "RevokeBias", Time since last: 52238617 ns, Reaching safepoint: 128738 ns, At safepoint: 20919 ns, Total: 149657 ns
[2020-09-11T16:26:34.808+0000][1][safepoint    ] Safepoint "RevokeBias", Time since last: 5816259 ns, Reaching safepoint: 122394 ns, At safepoint: 19006 ns, Total: 141400 ns
[2020-09-11T16:26:34.809+0000][1][safepoint    ] Safepoint "RevokeBias", Time since last: 1409880 ns, Reaching safepoint: 107681 ns, At safepoint: 15800 ns, Total: 123481 ns
[2020-09-11T16:26:35.709+0000][1][safepoint    ] Safepoint "RevokeBias", Time since last: 899677042 ns, Reaching safepoint: 124831 ns, At safepoint: 19520 ns, Total: 144351 ns
[2020-09-11T16:26:35.720+0000][1][safepoint    ] Safepoint "RevokeBias", Time since last: 11208901 ns, Reaching safepoint: 55510 ns, At safepoint: 17056 ns, Total: 72566 ns
[2020-09-11T16:26:36.049+0000][1][safepoint    ] Safepoint "RevokeBias", Time since last: 328360347 ns, Reaching safepoint: 252352 ns, At safepoint: 36425 ns, Total: 288777 ns
[2020-09-11T16:26:36.057+0000][1][safepoint    ] Safepoint "RevokeBias", Time since last: 8312730 ns, Reaching safepoint: 53964 ns, At safepoint: 16438 ns, Total: 70402 ns
[2020-09-11T16:26:36.770+0000][1][safepoint    ] Safepoint "RevokeBias", Time since last: 712190527 ns, Reaching safepoint: 139271 ns, At safepoint: 19402 ns, Total: 158673 ns
[2020-09-11T16:26:37.321+0000][1][safepoint    ] Safepoint "RevokeBias", Time since last: 550983894 ns, Reaching safepoint: 150921 ns, At safepoint: 23389 ns, Total: 174310 ns
[2020-09-11T16:26:37.321+0000][1][safepoint    ] Safepoint "RevokeBias", Time since last: 188294 ns, Reaching safepoint: 20941 ns, At safepoint: 11344 ns, Total: 32285 ns
[2020-09-11T16:26:37.321+0000][1][safepoint    ] Safepoint "RevokeBias", Time since last: 36410 ns, Reaching safepoint: 17253 ns, At safepoint: 10124 ns, Total: 27377 ns
[2020-09-11T16:26:37.369+0000][1][safepoint    ] Safepoint "RevokeBias", Time since last: 41890719 ns, Reaching safepoint: 6201788 ns, At safepoint: 30316 ns, Total: 6232104 ns
[2020-09-11T16:26:37.395+0000][1][safepoint    ] Safepoint "BulkRevokeBias", Time since last: 18032371 ns, Reaching safepoint: 7761052 ns, At safepoint: 186448 ns, Total: 7947500 ns
[2020-09-11T16:26:37.440+0000][1][safepoint    ] Safepoint "RevokeBias", Time since last: 31942826 ns, Reaching safepoint: 12324481 ns, At safepoint: 35219 ns, Total: 12359700 ns
[2020-09-11T16:26:37.449+0000][1][safepoint    ] Safepoint "RevokeBias", Time since last: 9129744 ns, Reaching safepoint: 129834 ns, At safepoint: 40166 ns, Total: 170000 ns
[2020-09-11T16:26:37.465+0000][1][safepoint    ] Safepoint "RevokeBias", Time since last: 15845068 ns, Reaching safepoint: 312484 ns, At safepoint: 45776 ns, Total: 358260 ns
[2020-09-11T16:26:37.465+0000][1][safepoint    ] Safepoint "RevokeBias", Time since last: 98479 ns, Reaching safepoint: 97416 ns, At safepoint: 28902 ns, Total: 126318 ns
[2020-09-11T16:26:37.466+0000][1][safepoint    ] Safepoint "RevokeBias", Time since last: 483516 ns, Reaching safepoint: 99980 ns, At safepoint: 27938 ns, Total: 127918 ns
[2020-09-11T16:26:37.466+0000][1][safepoint    ] Safepoint "RevokeBias", Time since last: 196425 ns, Reaching safepoint: 109745 ns, At safepoint: 39039 ns, Total: 148784 ns
[2020-09-11T16:26:37.536+0000][1][safepoint    ] Safepoint "RevokeBias", Time since last: 48033831 ns, Reaching safepoint: 21715552 ns, At safepoint: 35029 ns, Total: 21750581 ns
[2020-09-11T16:26:37.622+0000][1][safepoint    ] Safepoint "RevokeBias", Time since last: 42711833 ns, Reaching safepoint: 42949401 ns, At safepoint: 21468 ns, Total: 42970869 ns
[2020-09-11T16:26:38.622+0000][1][safepoint    ] Safepoint "Cleanup", Time since last: 1000109267 ns, Reaching safepoint: 81256 ns, At safepoint: 7688 ns, Total: 88944 ns
[2020-09-11T16:26:39.637+0000][1][safepoint    ] Safepoint "Cleanup", Time since last: 1002760785 ns, Reaching safepoint: 12067791 ns, At safepoint: 18500 ns, Total: 12086291 ns
[2020-09-11T16:26:39.763+0000][1][safepoint    ] Safepoint "RevokeBias", Time since last: 126366177 ns, Reaching safepoint: 137627 ns, At safepoint: 25774 ns, Total: 163401 ns
[2020-09-11T16:26:39.809+0000][1][safepoint    ] Safepoint "RevokeBias", Time since last: 40803728 ns, Reaching safepoint: 4664214 ns, At safepoint: 71143 ns, Total: 4735357 ns
[2020-09-11T16:26:39.923+0000][1][safepoint    ] Safepoint "RevokeBias", Time since last: 104681001 ns, Reaching safepoint: 9769742 ns, At safepoint: 19897 ns, Total: 9789639 ns
[2020-09-11T16:26:39.933+0000][1][safepoint    ] Safepoint "RevokeBias", Time since last: 9461463 ns, Reaching safepoint: 203908 ns, At safepoint: 9510 ns, Total: 213418 ns
[2020-09-11T16:26:39.982+0000][1][safepoint    ] Safepoint "RevokeBias", Time since last: 48738919 ns, Reaching safepoint: 236441 ns, At safepoint: 46817 ns, Total: 283258 ns
[2020-09-11T16:26:40.487+0000][1][safepoint    ] Safepoint "RevokeBias", Time since last: 504731764 ns, Reaching safepoint: 230608 ns, At safepoint: 24581 ns, Total: 255189 ns
[2020-09-11T16:26:40.513+0000][1][gc,start     ] GC(67) Pause Young (Allocation Failure)
[2020-09-11T16:26:40.513+0000][1][gc,task      ] GC(67) Using 1 workers of 1 for evacuation
[2020-09-11T16:26:40.614+0000][1][gc,age       ] GC(67) Desired survivor size 4358144 bytes, new threshold 6 (max threshold 6)
[2020-09-11T16:26:40.614+0000][1][gc,age       ] GC(67) Age table with threshold 6 (max threshold 6)
[2020-09-11T16:26:40.614+0000][1][gc,age       ] GC(67) - age   1:    1239816 bytes,    1239816 total
[2020-09-11T16:26:40.614+0000][1][gc,age       ] GC(67) - age   2:     770232 bytes,    2010048 total
[2020-09-11T16:26:40.614+0000][1][gc,age       ] GC(67) - age   3:    2194248 bytes,    4204296 total
[2020-09-11T16:26:40.614+0000][1][gc,heap      ] GC(67) ParNew: 74172K->5689K(76672K)
[2020-09-11T16:26:40.614+0000][1][gc,heap      ] GC(67) CMS: 62491K->62491K(439104K)
[2020-09-11T16:26:40.614+0000][1][gc,metaspace ] GC(67) Metaspace: 76657K->76657K(1120256K)
[2020-09-11T16:26:40.614+0000][1][gc           ] GC(67) Pause Young (Allocation Failure) 133M->66M(503M) 101.340ms
[2020-09-11T16:26:40.614+0000][1][gc,cpu       ] GC(67) User=0.03s Sys=0.00s Real=0.10s
[2020-09-11T16:26:40.641+0000][1][safepoint    ] Safepoint "GenCollectForAllocation", Time since last: 25899043 ns, Reaching safepoint: 150481 ns, At safepoint: 128073110 ns, Total: 128223591 ns
[2020-09-11T16:26:40.665+0000][1][safepoint    ] Safepoint "RevokeBias", Time since last: 20542594 ns, Reaching safepoint: 160272 ns, At safepoint: 2972261 ns, Total: 3132533 ns
[2020-09-11T16:26:40.925+0000][1][safepoint    ] Safepoint "RevokeBias", Time since last: 260513237 ns, Reaching safepoint: 72492 ns, At safepoint: 22516 ns, Total: 95008 ns
[2020-09-11T16:26:40.926+0000][1][safepoint    ] Safepoint "RevokeBias", Time since last: 254085 ns, Reaching safepoint: 26506 ns, At safepoint: 13498 ns, Total: 40004 ns
[2020-09-11T16:26:40.926+0000][1][safepoint    ] Safepoint "RevokeBias", Time since last: 208168 ns, Reaching safepoint: 25904 ns, At safepoint: 12815 ns, Total: 38719 ns
[2020-09-11T16:26:40.926+0000][1][safepoint    ] Safepoint "RevokeBias", Time since last: 246195 ns, Reaching safepoint: 25818 ns, At safepoint: 12506 ns, Total: 38324 ns
[2020-09-11T16:26:41.151+0000][1][safepoint    ] Safepoint "RevokeBias", Time since last: 224576310 ns, Reaching safepoint: 67568 ns, At safepoint: 26730 ns, Total: 94298 ns
[2020-09-11T16:26:41.172+0000][1][safepoint    ] Safepoint "RevokeBias", Time since last: 20758211 ns, Reaching safepoint: 62707 ns, At safepoint: 22577 ns, Total: 85284 ns
[2020-09-11T16:26:41.345+0000][1][safepoint    ] Safepoint "RevokeBias", Time since last: 173537219 ns, Reaching safepoint: 61854 ns, At safepoint: 23237 ns, Total: 85091 ns
[2020-09-11T16:26:41.349+0000][1][safepoint    ] Safepoint "RevokeBias", Time since last: 3342968 ns, Reaching safepoint: 123351 ns, At safepoint: 25252 ns, Total: 148603 ns
[2020-09-11T16:26:41.366+0000][1][safepoint    ] Safepoint "RevokeBias", Time since last: 16462267 ns, Reaching safepoint: 133685 ns, At safepoint: 24411 ns, Total: 158096 ns
[2020-09-11T16:26:41.497+0000][1][safepoint    ] Safepoint "RevokeBias", Time since last: 131377600 ns, Reaching safepoint: 74301 ns, At safepoint: 24890 ns, Total: 99191 ns
[2020-09-11T16:26:42.497+0000][1][safepoint    ] Safepoint "Cleanup", Time since last: 1000111625 ns, Reaching safepoint: 87668 ns, At safepoint: 5773 ns, Total: 93441 ns
[2020-09-11T16:26:42.703+0000][1][safepoint    ] Safepoint "RevokeBias", Time since last: 205967641 ns, Reaching safepoint: 150188 ns, At safepoint: 10847 ns, Total: 161035 ns
[2020-09-11T16:26:42.761+0000][1][safepoint    ] Safepoint "RevokeBias", Time since last: 53066787 ns, Reaching safepoint: 4430439 ns, At safepoint: 22442 ns, Total: 4452881 ns
[2020-09-11T16:26:42.934+0000][1][safepoint    ] Safepoint "RevokeBias", Time since last: 171896422 ns, Reaching safepoint: 1220814 ns, At safepoint: 14953 ns, Total: 1235767 ns
[2020-09-11T16:26:43.286+0000][1][safepoint    ] Safepoint "RevokeBias", Time since last: 351682822 ns, Reaching safepoint: 62192 ns, At safepoint: 9012 ns, Total: 71204 ns
[2020-09-11T16:26:43.474+0000][1][safepoint    ] Safepoint "RevokeBias", Time since last: 187870460 ns, Reaching safepoint: 153161 ns, At safepoint: 11370 ns, Total: 164531 ns
[2020-09-11T16:26:43.474+0000][1][safepoint    ] Safepoint "BulkRevokeBias", Time since last: 316474 ns, Reaching safepoint: 44790 ns, At safepoint: 222914 ns, Total: 267704 ns
[2020-09-11T16:26:43.474+0000][1][safepoint    ] Safepoint "RevokeBias", Time since last: 50130 ns, Reaching safepoint: 36632 ns, At safepoint: 5430 ns, Total: 42062 ns
[2020-09-11T16:26:43.475+0000][1][safepoint    ] Safepoint "RevokeBias", Time since last: 188691 ns, Reaching safepoint: 36073 ns, At safepoint: 5225 ns, Total: 41298 ns
[2020-09-11T16:26:43.476+0000][1][safepoint    ] Safepoint "RevokeBias", Time since last: 1059680 ns, Reaching safepoint: 32952 ns, At safepoint: 5711 ns, Total: 38663 ns
[2020-09-11T16:26:43.504+0000][1][safepoint    ] Safepoint "BulkRevokeBias", Time since last: 27553752 ns, Reaching safepoint: 138591 ns, At safepoint: 250662 ns, Total: 389253 ns
[2020-09-11T16:26:43.874+0000][1][safepoint    ] Safepoint "Deoptimize", Time since last: 370035454 ns, Reaching safepoint: 138576 ns, At safepoint: 448275 ns, Total: 586851 ns
[2020-09-11T16:26:44.275+0000][1][safepoint    ] Safepoint "RevokeBias", Time since last: 400741233 ns, Reaching safepoint: 159000 ns, At safepoint: 10642 ns, Total: 169642 ns
[2020-09-11T16:26:44.276+0000][1][safepoint    ] Safepoint "RevokeBias", Time since last: 246784 ns, Reaching safepoint: 120409 ns, At safepoint: 8478 ns, Total: 128887 ns
[2020-09-11T16:26:44.340+0000][1][safepoint    ] Safepoint "RevokeBias", Time since last: 64513430 ns, Reaching safepoint: 141162 ns, At safepoint: 12142 ns, Total: 153304 ns
[2020-09-11T16:26:44.349+0000][1][safepoint    ] Safepoint "RevokeBias", Time since last: 8891919 ns, Reaching safepoint: 140373 ns, At safepoint: 12683 ns, Total: 153056 ns
[2020-09-11T16:26:44.398+0000][1][safepoint    ] Safepoint "RevokeBias", Time since last: 48557438 ns, Reaching safepoint: 140553 ns, At safepoint: 11902 ns, Total: 152455 ns
[2020-09-11T16:26:44.701+0000][1][safepoint    ] Safepoint "RevokeBias", Time since last: 302966862 ns, Reaching safepoint: 144311 ns, At safepoint: 8993 ns, Total: 153304 ns
[2020-09-11T16:26:44.791+0000][1][safepoint    ] Safepoint "RevokeBias", Time since last: 89228286 ns, Reaching safepoint: 151820 ns, At safepoint: 10709 ns, Total: 162529 ns
[2020-09-11T16:26:44.792+0000][1][safepoint    ] Safepoint "RevokeBias", Time since last: 804302 ns, Reaching safepoint: 103002 ns, At safepoint: 6141 ns, Total: 109143 ns
[2020-09-11T16:26:44.829+0000][1][safepoint    ] Safepoint "RevokeBias", Time since last: 37264545 ns, Reaching safepoint: 137904 ns, At safepoint: 10582 ns, Total: 148486 ns
[2020-09-11T16:26:44.838+0000][1][safepoint    ] Safepoint "RevokeBias", Time since last: 8621439 ns, Reaching safepoint: 128359 ns, At safepoint: 8875 ns, Total: 137234 ns
[2020-09-11T16:26:45.845+0000][1][safepoint    ] Safepoint "Cleanup", Time since last: 1007072671 ns, Reaching safepoint: 83407 ns, At safepoint: 7845 ns, Total: 91252 ns
[2020-09-11T16:26:46.861+0000][1][safepoint    ] Safepoint "Cleanup", Time since last: 1015916237 ns, Reaching safepoint: 80143 ns, At safepoint: 8326 ns, Total: 88469 ns
[2020-09-11T16:26:47.371+0000][1][safepoint    ] Safepoint "RevokeBias", Time since last: 509723026 ns, Reaching safepoint: 144835 ns, At safepoint: 30839 ns, Total: 175674 ns
[2020-09-11T16:26:47.382+0000][1][safepoint    ] Safepoint "RevokeBias", Time since last: 11297693 ns, Reaching safepoint: 132469 ns, At safepoint: 17646 ns, Total: 150115 ns
[2020-09-11T16:26:47.419+0000][1][safepoint    ] Safepoint "RevokeBias", Time since last: 37137551 ns, Reaching safepoint: 140702 ns, At safepoint: 11362 ns, Total: 152064 ns
[2020-09-11T16:26:47.425+0000][1][safepoint    ] Safepoint "RevokeBias", Time since last: 5301599 ns, Reaching safepoint: 140087 ns, At safepoint: 13279 ns, Total: 153366 ns
[2020-09-11T16:26:47.463+0000][1][safepoint    ] Safepoint "RevokeBias", Time since last: 35964954 ns, Reaching safepoint: 2376076 ns, At safepoint: 19098 ns, Total: 2395174 ns
[2020-09-11T16:26:47.465+0000][1][safepoint    ] Safepoint "RevokeBias", Time since last: 888159 ns, Reaching safepoint: 643559 ns, At safepoint: 485011 ns, Total: 1128570 ns
[2020-09-11T16:26:47.473+0000][1][safepoint    ] Safepoint "RevokeBias", Time since last: 422061 ns, Reaching safepoint: 7132343 ns, At safepoint: 26202 ns, Total: 7158545 ns
[2020-09-11T16:26:47.503+0000][1][safepoint    ] Safepoint "RevokeBias", Time since last: 30161371 ns, Reaching safepoint: 177710 ns, At safepoint: 12920 ns, Total: 190630 ns
[2020-09-11T16:26:47.547+0000][1][safepoint    ] Safepoint "RevokeBias", Time since last: 44044782 ns, Reaching safepoint: 64854 ns, At safepoint: 11379 ns, Total: 76233 ns
[2020-09-11T16:26:47.548+0000][1][safepoint    ] Safepoint "RevokeBias", Time since last: 307760 ns, Reaching safepoint: 51371 ns, At safepoint: 8005 ns, Total: 59376 ns
[2020-09-11T16:26:47.549+0000][1][safepoint    ] Safepoint "RevokeBias", Time since last: 919864 ns, Reaching safepoint: 49680 ns, At safepoint: 8184 ns, Total: 57864 ns
[2020-09-11T16:26:47.557+0000][1][safepoint    ] Safepoint "RevokeBias", Time since last: 8069382 ns, Reaching safepoint: 134986 ns, At safepoint: 12265 ns, Total: 147251 ns
[2020-09-11T16:26:47.563+0000][1][safepoint    ] Safepoint "RevokeBias", Time since last: 1203228 ns, Reaching safepoint: 5286133 ns, At safepoint: 17576 ns, Total: 5303709 ns
[2020-09-11T16:26:47.564+0000][1][safepoint    ] Safepoint "RevokeBias", Time since last: 508578 ns, Reaching safepoint: 126840 ns, At safepoint: 10231 ns, Total: 137071 ns
[2020-09-11T16:26:47.565+0000][1][safepoint    ] Safepoint "RevokeBias", Time since last: 272460 ns, Reaching safepoint: 439229 ns, At safepoint: 10274 ns, Total: 449503 ns
[2020-09-11T16:26:47.569+0000][1][safepoint    ] Safepoint "RevokeBias", Time since last: 610609 ns, Reaching safepoint: 3401413 ns, At safepoint: 12592 ns, Total: 3414005 ns
[2020-09-11T16:26:48.909+0000][1][safepoint    ] Safepoint "Cleanup", Time since last: 1340220189 ns, Reaching safepoint: 165515 ns, At safepoint: 6237 ns, Total: 171752 ns
[2020-09-11T16:26:49.909+0000][1][safepoint    ] Safepoint "Cleanup", Time since last: 1000106786 ns, Reaching safepoint: 90831 ns, At safepoint: 10741 ns, Total: 101572 ns
[2020-09-11T16:26:50.910+0000][1][safepoint    ] Safepoint "Cleanup", Time since last: 1000110388 ns, Reaching safepoint: 82256 ns, At safepoint: 10072 ns, Total: 92328 ns
[2020-09-11T16:26:51.910+0000][1][safepoint    ] Safepoint "Cleanup", Time since last: 1000117494 ns, Reaching safepoint: 84915 ns, At safepoint: 7532 ns, Total: 92447 ns
[2020-09-11T16:26:52.049+0000][1][gc,start     ] GC(68) Pause Young (Allocation Failure)
[2020-09-11T16:26:52.287+0000][1][gc,task      ] GC(68) Using 1 workers of 1 for evacuation
[2020-09-11T16:26:52.333+0000][1][gc,age       ] GC(68) Desired survivor size 4358144 bytes, new threshold 4 (max threshold 6)
[2020-09-11T16:26:52.333+0000][1][gc,age       ] GC(68) Age table with threshold 4 (max threshold 6)
[2020-09-11T16:26:52.333+0000][1][gc,age       ] GC(68) - age   1:    1087608 bytes,    1087608 total
[2020-09-11T16:26:52.333+0000][1][gc,age       ] GC(68) - age   2:     899000 bytes,    1986608 total
[2020-09-11T16:26:52.333+0000][1][gc,age       ] GC(68) - age   3:     767840 bytes,    2754448 total
[2020-09-11T16:26:52.333+0000][1][gc,age       ] GC(68) - age   4:    2181528 bytes,    4935976 total
[2020-09-11T16:26:52.333+0000][1][gc,heap      ] GC(68) ParNew: 73849K->7580K(76672K)
[2020-09-11T16:26:52.333+0000][1][gc,heap      ] GC(68) CMS: 62491K->62491K(439104K)
[2020-09-11T16:26:52.333+0000][1][gc,metaspace ] GC(68) Metaspace: 79453K->79453K(1122304K)
[2020-09-11T16:26:52.333+0000][1][gc           ] GC(68) Pause Young (Allocation Failure) 133M->68M(503M) 283.599ms
[2020-09-11T16:26:52.333+0000][1][gc,cpu       ] GC(68) User=0.02s Sys=0.00s Real=0.28s
[2020-09-11T16:26:52.379+0000][1][safepoint    ] Safepoint "GenCollectForAllocation", Time since last: 139024110 ns, Reaching safepoint: 165248 ns, At safepoint: 329838163 ns, Total: 330003411 ns
[2020-09-11T16:26:52.533+0000][1][safepoint    ] Safepoint "RevokeBias", Time since last: 149245582 ns, Reaching safepoint: 4708025 ns, At safepoint: 14165 ns, Total: 4722190 ns
[2020-09-11T16:26:52.825+0000][1][safepoint    ] Safepoint "RevokeBias", Time since last: 291942973 ns, Reaching safepoint: 150495 ns, At safepoint: 11083 ns, Total: 161578 ns
[2020-09-11T16:26:52.825+0000][1][safepoint    ] Safepoint "RevokeBias", Time since last: 260603 ns, Reaching safepoint: 105828 ns, At safepoint: 6301 ns, Total: 112129 ns
[2020-09-11T16:26:53.366+0000][1][safepoint    ] Safepoint "RevokeBias", Time since last: 540055377 ns, Reaching safepoint: 165008 ns, At safepoint: 33415 ns, Total: 198423 ns
[2020-09-11T16:26:53.370+0000][1][safepoint    ] Safepoint "RevokeBias", Time since last: 4732761 ns, Reaching safepoint: 148943 ns, At safepoint: 40074 ns, Total: 189017 ns
[2020-09-11T16:26:53.616+0000][1][safepoint    ] Safepoint "RevokeBias", Time since last: 241953999 ns, Reaching safepoint: 3215115 ns, At safepoint: 34754 ns, Total: 3249869 ns
[2020-09-11T16:26:53.635+0000][1][safepoint    ] Safepoint "RevokeBias", Time since last: 18590453 ns, Reaching safepoint: 287838 ns, At safepoint: 32166 ns, Total: 320004 ns
[2020-09-11T16:26:54.054+0000][1][safepoint    ] Safepoint "RevokeBias", Time since last: 418857415 ns, Reaching safepoint: 359362 ns, At safepoint: 22005 ns, Total: 381367 ns
[2020-09-11T16:26:54.058+0000][1][safepoint    ] Safepoint "RevokeBias", Time since last: 3526188 ns, Reaching safepoint: 140703 ns, At safepoint: 20258 ns, Total: 160961 ns
[2020-09-11T16:26:54.058+0000][1][safepoint    ] Safepoint "RevokeBias", Time since last: 557426 ns, Reaching safepoint: 101683 ns, At safepoint: 19296 ns, Total: 120979 ns
[2020-09-11T16:26:54.154+0000][1][safepoint    ] Safepoint "Deoptimize", Time since last: 95530835 ns, Reaching safepoint: 147340 ns, At safepoint: 461185 ns, Total: 608525 ns
[2020-09-11T16:26:54.236+0000][1][safepoint    ] Safepoint "RevokeBias", Time since last: 76966656 ns, Reaching safepoint: 4295555 ns, At safepoint: 39815 ns, Total: 4335370 ns
[2020-09-11T16:26:54.236+0000][1][safepoint    ] Safepoint "RevokeBias", Time since last: 77259 ns, Reaching safepoint: 107656 ns, At safepoint: 19034 ns, Total: 126690 ns
[2020-09-11T16:26:54.537+0000][1][safepoint    ] Safepoint "Deoptimize", Time since last: 281913954 ns, Reaching safepoint: 19130942 ns, At safepoint: 508692 ns, Total: 19639634 ns
[2020-09-11T16:26:54.573+0000][1][safepoint    ] Safepoint "RevokeBias", Time since last: 35378824 ns, Reaching safepoint: 289518 ns, At safepoint: 75034 ns, Total: 364552 ns
[2020-09-11T16:26:54.627+0000][1][safepoint    ] Safepoint "RevokeBias", Time since last: 48242874 ns, Reaching safepoint: 5583546 ns, At safepoint: 51268 ns, Total: 5634814 ns
[2020-09-11T16:26:54.656+0000][1][safepoint    ] Safepoint "RevokeBias", Time since last: 28499191 ns, Reaching safepoint: 563422 ns, At safepoint: 37382 ns, Total: 600804 ns
[2020-09-11T16:26:54.673+0000][1][safepoint    ] Safepoint "RevokeBias", Time since last: 16660637 ns, Reaching safepoint: 402581 ns, At safepoint: 44685 ns, Total: 447266 ns
[2020-09-11T16:26:55.337+0000][1][safepoint    ] Safepoint "RevokeBias", Time since last: 649519315 ns, Reaching safepoint: 14122198 ns, At safepoint: 61894 ns, Total: 14184092 ns
[2020-09-11T16:26:55.341+0000][1][safepoint    ] Safepoint "RevokeBias", Time since last: 1403426 ns, Reaching safepoint: 2507203 ns, At safepoint: 26273 ns, Total: 2533476 ns
[2020-09-11T16:26:55.819+0000][1][safepoint    ] Safepoint "RevokeBias", Time since last: 477499400 ns, Reaching safepoint: 198105 ns, At safepoint: 25544 ns, Total: 223649 ns
[2020-09-11T16:26:55.845+0000][1][safepoint    ] Safepoint "RevokeBias", Time since last: 25887549 ns, Reaching safepoint: 150051 ns, At safepoint: 21496 ns, Total: 171547 ns
[2020-09-11T16:26:55.969+0000][1][gc,start     ] GC(69) Pause Young (Allocation Failure)
[2020-09-11T16:26:56.237+0000][1][gc,task      ] GC(69) Using 1 workers of 1 for evacuation
[2020-09-11T16:26:56.325+0000][1][gc,age       ] GC(69) Desired survivor size 4358144 bytes, new threshold 4 (max threshold 6)
[2020-09-11T16:26:56.325+0000][1][gc,age       ] GC(69) Age table with threshold 4 (max threshold 6)
[2020-09-11T16:26:56.325+0000][1][gc,age       ] GC(69) - age   1:    1935720 bytes,    1935720 total
[2020-09-11T16:26:56.325+0000][1][gc,age       ] GC(69) - age   2:    1020208 bytes,    2955928 total
[2020-09-11T16:26:56.325+0000][1][gc,age       ] GC(69) - age   3:     821016 bytes,    3776944 total
[2020-09-11T16:26:56.325+0000][1][gc,age       ] GC(69) - age   4:     761424 bytes,    4538368 total
[2020-09-11T16:26:56.325+0000][1][gc,heap      ] GC(69) ParNew: 75740K->4562K(76672K)
[2020-09-11T16:26:56.325+0000][1][gc,heap      ] GC(69) CMS: 62491K->64652K(439104K)
[2020-09-11T16:26:56.325+0000][1][gc,metaspace ] GC(69) Metaspace: 82536K->82536K(1124352K)
[2020-09-11T16:26:56.325+0000][1][gc           ] GC(69) Pause Young (Allocation Failure) 134M->67M(503M) 356.049ms
[2020-09-11T16:26:56.325+0000][1][gc,cpu       ] GC(69) User=0.02s Sys=0.00s Real=0.36s
[2020-09-11T16:26:56.342+0000][1][safepoint    ] Safepoint "RevokeBias", Time since last: 120115029 ns, Reaching safepoint: 4074799 ns, At safepoint: 372722824 ns, Total: 376797623 ns
[2020-09-11T16:26:56.625+0000][1][safepoint    ] Safepoint "RevokeBias", Time since last: 282544403 ns, Reaching safepoint: 375065 ns, At safepoint: 11500 ns, Total: 386565 ns
[2020-09-11T16:26:56.913+0000][1][safepoint    ] Safepoint "Deoptimize", Time since last: 280701265 ns, Reaching safepoint: 7700595 ns, At safepoint: 508837 ns, Total: 8209432 ns
[2020-09-11T16:26:56.994+0000][1][safepoint    ] Safepoint "RevokeBias", Time since last: 80327983 ns, Reaching safepoint: 227357 ns, At safepoint: 61813 ns, Total: 289170 ns
[2020-09-11T16:26:57.071+0000][1][safepoint    ] Safepoint "RevokeBias", Time since last: 71473780 ns, Reaching safepoint: 5185094 ns, At safepoint: 38490 ns, Total: 5223584 ns
[2020-09-11T16:26:57.153+0000][1][safepoint    ] Safepoint "RevokeBias", Time since last: 78685919 ns, Reaching safepoint: 3440829 ns, At safepoint: 63951 ns, Total: 3504780 ns
[2020-09-11T16:26:57.313+0000][1][safepoint    ] Safepoint "RevokeBias", Time since last: 158728561 ns, Reaching safepoint: 1210494 ns, At safepoint: 36673 ns, Total: 1247167 ns
[2020-09-11T16:26:57.463+0000][1][safepoint    ] Safepoint "RevokeBias", Time since last: 149489080 ns, Reaching safepoint: 1045560 ns, At safepoint: 32346 ns, Total: 1077906 ns
[2020-09-11T16:26:57.597+0000][1][safepoint    ] Safepoint "RevokeBias", Time since last: 133399565 ns, Reaching safepoint: 239424 ns, At safepoint: 28610 ns, Total: 268034 ns
[2020-09-11T16:26:57.668+0000][1][safepoint    ] Safepoint "RevokeBias", Time since last: 59712919 ns, Reaching safepoint: 10369179 ns, At safepoint: 516750 ns, Total: 10885929 ns
[2020-09-11T16:26:57.722+0000][1][safepoint    ] Safepoint "RevokeBias", Time since last: 46215622 ns, Reaching safepoint: 8013803 ns, At safepoint: 39818 ns, Total: 8053621 ns
[2020-09-11T16:26:57.753+0000][1][safepoint    ] Safepoint "RevokeBias", Time since last: 30776676 ns, Reaching safepoint: 232180 ns, At safepoint: 22543 ns, Total: 254723 ns
[2020-09-11T16:26:57.813+0000][1][safepoint    ] Safepoint "RevokeBias", Time since last: 56614595 ns, Reaching safepoint: 3197072 ns, At safepoint: 54357 ns, Total: 3251429 ns
[2020-09-11T16:26:57.817+0000][1][safepoint    ] Safepoint "RevokeBias", Time since last: 874570 ns, Reaching safepoint: 3216477 ns, At safepoint: 51064 ns, Total: 3267541 ns
[2020-09-11T16:26:57.877+0000][1][safepoint    ] Safepoint "RevokeBias", Time since last: 56770362 ns, Reaching safepoint: 3036991 ns, At safepoint: 53536 ns, Total: 3090527 ns
[2020-09-11T16:26:57.877+0000][1][safepoint    ] Safepoint "RevokeBias", Time since last: 437522 ns, Reaching safepoint: 116774 ns, At safepoint: 16204 ns, Total: 132978 ns
[2020-09-11T16:26:58.132+0000][1][gc,start     ] GC(70) Pause Young (Allocation Failure)
[2020-09-11T16:26:58.132+0000][1][gc,task      ] GC(70) Using 1 workers of 1 for evacuation
[2020-09-11T16:26:58.203+0000][1][gc,age       ] GC(70) Desired survivor size 4358144 bytes, new threshold 3 (max threshold 6)
[2020-09-11T16:26:58.203+0000][1][gc,age       ] GC(70) Age table with threshold 3 (max threshold 6)
[2020-09-11T16:26:58.203+0000][1][gc,age       ] GC(70) - age   1:    2242904 bytes,    2242904 total
[2020-09-11T16:26:58.203+0000][1][gc,age       ] GC(70) - age   2:    1753656 bytes,    3996560 total
[2020-09-11T16:26:58.203+0000][1][gc,age       ] GC(70) - age   3:     977144 bytes,    4973704 total
[2020-09-11T16:26:58.203+0000][1][gc,age       ] GC(70) - age   4:     815040 bytes,    5788744 total
[2020-09-11T16:26:58.203+0000][1][gc,heap      ] GC(70) ParNew: 72722K->8512K(76672K)
[2020-09-11T16:26:58.203+0000][1][gc,heap      ] GC(70) CMS: 64652K->65412K(439104K)
[2020-09-11T16:26:58.203+0000][1][gc,metaspace ] GC(70) Metaspace: 84625K->84625K(1126400K)
[2020-09-11T16:26:58.203+0000][1][gc           ] GC(70) Pause Young (Allocation Failure) 134M->72M(503M) 71.430ms
[2020-09-11T16:26:58.203+0000][1][gc,cpu       ] GC(70) User=0.02s Sys=0.00s Real=0.08s
[2020-09-11T16:26:58.210+0000][1][safepoint    ] Safepoint "GenCollectForAllocation", Time since last: 249039819 ns, Reaching safepoint: 5438347 ns, At safepoint: 77998845 ns, Total: 83437192 ns
[2020-09-11T16:26:58.405+0000][1][safepoint    ] Safepoint "RevokeBias", Time since last: 187667474 ns, Reaching safepoint: 7233787 ns, At safepoint: 34534 ns, Total: 7268321 ns
[2020-09-11T16:26:58.422+0000][1][safepoint    ] Safepoint "RevokeBias", Time since last: 16917686 ns, Reaching safepoint: 157447 ns, At safepoint: 29099 ns, Total: 186546 ns
[2020-09-11T16:26:58.422+0000][1][safepoint    ] Safepoint "RevokeBias", Time since last: 85535 ns, Reaching safepoint: 252387 ns, At safepoint: 19736 ns, Total: 272123 ns
[2020-09-11T16:26:58.615+0000][1][safepoint    ] Safepoint "RevokeBias", Time since last: 190461912 ns, Reaching safepoint: 2430724 ns, At safepoint: 34959 ns, Total: 2465683 ns
[2020-09-11T16:26:58.617+0000][1][safepoint    ] Safepoint "RevokeBias", Time since last: 115263 ns, Reaching safepoint: 1297680 ns, At safepoint: 25757 ns, Total: 1323437 ns
[2020-09-11T16:26:58.618+0000][1][safepoint    ] Safepoint "RevokeBias", Time since last: 86753 ns, Reaching safepoint: 690159 ns, At safepoint: 24028 ns, Total: 714187 ns
[2020-09-11T16:26:58.619+0000][1][safepoint    ] Safepoint "RevokeBias", Time since last: 54112 ns, Reaching safepoint: 1475534 ns, At safepoint: 17774 ns, Total: 1493308 ns
[2020-09-11T16:26:58.620+0000][1][safepoint    ] Safepoint "RevokeBias", Time since last: 53513 ns, Reaching safepoint: 438406 ns, At safepoint: 16791 ns, Total: 455197 ns
[2020-09-11T16:26:58.620+0000][1][safepoint    ] Safepoint "RevokeBias", Time since last: 35283 ns, Reaching safepoint: 108882 ns, At safepoint: 14547 ns, Total: 123429 ns
[2020-09-11T16:26:58.621+0000][1][safepoint    ] Safepoint "RevokeBias", Time since last: 31754 ns, Reaching safepoint: 1050205 ns, At safepoint: 21350 ns, Total: 1071555 ns
[2020-09-11T16:26:58.622+0000][1][safepoint    ] Safepoint "RevokeBias", Time since last: 44569 ns, Reaching safepoint: 820827 ns, At safepoint: 17851 ns, Total: 838678 ns
[2020-09-11T16:26:58.622+0000][1][safepoint    ] Safepoint "RevokeBias", Time since last: 47036 ns, Reaching safepoint: 107735 ns, At safepoint: 22821 ns, Total: 130556 ns
[2020-09-11T16:26:58.625+0000][1][safepoint    ] Safepoint "RevokeBias", Time since last: 33453 ns, Reaching safepoint: 2871259 ns, At safepoint: 29257 ns, Total: 2900516 ns
[2020-09-11T16:26:58.625+0000][1][safepoint    ] Safepoint "RevokeBias", Time since last: 36801 ns, Reaching safepoint: 178958 ns, At safepoint: 22974 ns, Total: 201932 ns
[2020-09-11T16:26:58.683+0000][1][safepoint    ] Safepoint "RevokeBias", Time since last: 56011426 ns, Reaching safepoint: 1476082 ns, At safepoint: 32646 ns, Total: 1508728 ns
[2020-09-11T16:26:58.684+0000][1][safepoint    ] Safepoint "RevokeBias", Time since last: 85884 ns, Reaching safepoint: 1003537 ns, At safepoint: 24174 ns, Total: 1027711 ns
[2020-09-11T16:26:58.684+0000][1][safepoint    ] Safepoint "RevokeBias", Time since last: 50982 ns, Reaching safepoint: 144208 ns, At safepoint: 17930 ns, Total: 162138 ns
[2020-09-11T16:26:58.684+0000][1][safepoint    ] Safepoint "RevokeBias", Time since last: 41481 ns, Reaching safepoint: 133019 ns, At safepoint: 17445 ns, Total: 150464 ns
[2020-09-11T16:26:58.684+0000][1][safepoint    ] Safepoint "RevokeBias", Time since last: 36574 ns, Reaching safepoint: 129559 ns, At safepoint: 16869 ns, Total: 146428 ns
[2020-09-11T16:26:58.684+0000][1][safepoint    ] Safepoint "RevokeBias", Time since last: 34333 ns, Reaching safepoint: 126158 ns, At safepoint: 17116 ns, Total: 143274 ns
[2020-09-11T16:26:58.685+0000][1][safepoint    ] Safepoint "RevokeBias", Time since last: 33606 ns, Reaching safepoint: 305893 ns, At safepoint: 16528 ns, Total: 322421 ns
[2020-09-11T16:26:58.703+0000][1][safepoint    ] Safepoint "RevokeBias", Time since last: 15954230 ns, Reaching safepoint: 2511556 ns, At safepoint: 33181 ns, Total: 2544737 ns
[2020-09-11T16:26:58.727+0000][1][safepoint    ] Safepoint "RevokeBias", Time since last: 23377409 ns, Reaching safepoint: 233196 ns, At safepoint: 41622 ns, Total: 274818 ns
[2020-09-11T16:26:58.741+0000][1][safepoint    ] Safepoint "RevokeBias", Time since last: 14035007 ns, Reaching safepoint: 228759 ns, At safepoint: 23551 ns, Total: 252310 ns
[2020-09-11T16:26:58.741+0000][1][safepoint    ] Safepoint "RevokeBias", Time since last: 56499 ns, Reaching safepoint: 110936 ns, At safepoint: 15830 ns, Total: 126766 ns
[2020-09-11T16:26:58.772+0000][1][safepoint    ] Safepoint "RevokeBias", Time since last: 30281641 ns, Reaching safepoint: 169295 ns, At safepoint: 30564 ns, Total: 199859 ns
[2020-09-11T16:26:58.772+0000][1][safepoint    ] Safepoint "RevokeBias", Time since last: 120672 ns, Reaching safepoint: 140181 ns, At safepoint: 22249 ns, Total: 162430 ns
[2020-09-11T16:26:58.772+0000][1][safepoint    ] Safepoint "RevokeBias", Time since last: 46354 ns, Reaching safepoint: 132368 ns, At safepoint: 17107 ns, Total: 149475 ns
[2020-09-11T16:26:58.773+0000][1][safepoint    ] Safepoint "BulkRevokeBias", Time since last: 40581 ns, Reaching safepoint: 117524 ns, At safepoint: 320993 ns, Total: 438517 ns
[2020-09-11T16:26:59.789+0000][1][safepoint    ] Safepoint "Cleanup", Time since last: 1013451509 ns, Reaching safepoint: 2544871 ns, At safepoint: 16806 ns, Total: 2561677 ns
[2020-09-11T16:26:59.880+0000][1][safepoint    ] Safepoint "RevokeBias", Time since last: 91112435 ns, Reaching safepoint: 162340 ns, At safepoint: 43730 ns, Total: 206070 ns
[2020-09-11T16:27:00.053+0000][1][safepoint    ] Safepoint "RevokeBias", Time since last: 164795903 ns, Reaching safepoint: 7864299 ns, At safepoint: 40397 ns, Total: 7904696 ns
[2020-09-11T16:27:00.135+0000][1][safepoint    ] Safepoint "RevokeBias", Time since last: 81410073 ns, Reaching safepoint: 727918 ns, At safepoint: 27347 ns, Total: 755265 ns
[2020-09-11T16:27:00.433+0000][1][safepoint    ] Safepoint "RevokeBias", Time since last: 295370361 ns, Reaching safepoint: 2400692 ns, At safepoint: 31489 ns, Total: 2432181 ns
[2020-09-11T16:27:00.497+0000][1][safepoint    ] Safepoint "RevokeBias", Time since last: 60833694 ns, Reaching safepoint: 3146398 ns, At safepoint: 30743 ns, Total: 3177141 ns
[2020-09-11T16:27:00.741+0000][1][safepoint    ] Safepoint "RevokeBias", Time since last: 243097976 ns, Reaching safepoint: 873697 ns, At safepoint: 30076 ns, Total: 903773 ns
[2020-09-11T16:27:00.793+0000][1][safepoint    ] Safepoint "RevokeBias", Time since last: 52449784 ns, Reaching safepoint: 95824 ns, At safepoint: 22481 ns, Total: 118305 ns
[2020-09-11T16:27:00.810+0000][1][safepoint    ] Safepoint "BulkRevokeBias", Time since last: 15999301 ns, Reaching safepoint: 172111 ns, At safepoint: 376022 ns, Total: 548133 ns
[2020-09-11T16:27:01.504+0000][1][safepoint    ] Safepoint "RevokeBias", Time since last: 684983482 ns, Reaching safepoint: 8822608 ns, At safepoint: 30034 ns, Total: 8852642 ns
[2020-09-11T16:27:01.504+0000][1][safepoint    ] Safepoint "RevokeBias", Time since last: 134342 ns, Reaching safepoint: 112684 ns, At safepoint: 44344 ns, Total: 157028 ns
[2020-09-11T16:27:01.504+0000][1][safepoint    ] Safepoint "RevokeBias", Time since last: 40592 ns, Reaching safepoint: 109893 ns, At safepoint: 12745 ns, Total: 122638 ns
[2020-09-11T16:27:01.513+0000][1][safepoint    ] Safepoint "RevokeBias", Time since last: 8477407 ns, Reaching safepoint: 172882 ns, At safepoint: 39544 ns, Total: 212426 ns
[2020-09-11T16:27:01.589+0000][1][safepoint    ] Safepoint "RevokeBias", Time since last: 75799049 ns, Reaching safepoint: 169120 ns, At safepoint: 25231 ns, Total: 194351 ns
[2020-09-11T16:27:01.647+0000][1][safepoint    ] Safepoint "RevokeBias", Time since last: 48806176 ns, Reaching safepoint: 9210260 ns, At safepoint: 39311 ns, Total: 9249571 ns
[2020-09-11T16:27:01.653+0000][1][safepoint    ] Safepoint "RevokeBias", Time since last: 5739690 ns, Reaching safepoint: 165702 ns, At safepoint: 25280 ns, Total: 190982 ns
[2020-09-11T16:27:02.321+0000][1][safepoint    ] Safepoint "RevokeBias", Time since last: 664365261 ns, Reaching safepoint: 3516475 ns, At safepoint: 31188 ns, Total: 3547663 ns
[2020-09-11T16:27:02.503+0000][1][gc,start     ] GC(71) Pause Young (Allocation Failure)
[2020-09-11T16:27:02.647+0000][1][gc,task      ] GC(71) Using 1 workers of 1 for evacuation
[2020-09-11T16:27:02.769+0000][1][gc,age       ] GC(71) Desired survivor size 4358144 bytes, new threshold 1 (max threshold 6)
[2020-09-11T16:27:02.769+0000][1][gc,age       ] GC(71) Age table with threshold 1 (max threshold 6)
[2020-09-11T16:27:02.769+0000][1][gc,age       ] GC(71) - age   1:    7344208 bytes,    7344208 total
[2020-09-11T16:27:02.769+0000][1][gc,age       ] GC(71) - age   2:     568752 bytes,    7912960 total
[2020-09-11T16:27:02.769+0000][1][gc,age       ] GC(71) - age   3:     776992 bytes,    8689952 total
[2020-09-11T16:27:02.769+0000][1][gc,heap      ] GC(71) ParNew: 76672K->8512K(76672K)
[2020-09-11T16:27:02.769+0000][1][gc,heap      ] GC(71) CMS: 65412K->72257K(439104K)
[2020-09-11T16:27:02.769+0000][1][gc,metaspace ] GC(71) Metaspace: 86169K->86169K(1128448K)
[2020-09-11T16:27:02.769+0000][1][gc           ] GC(71) Pause Young (Allocation Failure) 138M->78M(503M) 265.763ms
[2020-09-11T16:27:02.769+0000][1][gc,cpu       ] GC(71) User=0.03s Sys=0.00s Real=0.26s
[2020-09-11T16:27:02.821+0000][1][safepoint    ] Safepoint "GenCollectForAllocation", Time since last: 182137997 ns, Reaching safepoint: 166350 ns, At safepoint: 317594774 ns, Total: 317761124 ns
[2020-09-11T16:27:02.858+0000][1][safepoint    ] Safepoint "RevokeBias", Time since last: 18175364 ns, Reaching safepoint: 1435389 ns, At safepoint: 17447740 ns, Total: 18883129 ns
[2020-09-11T16:27:02.867+0000][1][safepoint    ] Safepoint "RevokeBias", Time since last: 1450711 ns, Reaching safepoint: 7836918 ns, At safepoint: 57738 ns, Total: 7894656 ns
[2020-09-11T16:27:03.171+0000][1][safepoint    ] Safepoint "RevokeBias", Time since last: 304025279 ns, Reaching safepoint: 232000 ns, At safepoint: 23171 ns, Total: 255171 ns
[2020-09-11T16:27:03.197+0000][1][safepoint    ] Safepoint "RevokeBias", Time since last: 25478473 ns, Reaching safepoint: 168470 ns, At safepoint: 22087 ns, Total: 190557 ns
[2020-09-11T16:27:03.197+0000][1][safepoint    ] Safepoint "RevokeBias", Time since last: 94501 ns, Reaching safepoint: 109454 ns, At safepoint: 14929 ns, Total: 124383 ns
[2020-09-11T16:27:03.203+0000][1][safepoint    ] Safepoint "RevokeBias", Time since last: 5291030 ns, Reaching safepoint: 158975 ns, At safepoint: 28410 ns, Total: 187385 ns
[2020-09-11T16:27:03.357+0000][1][safepoint    ] Safepoint "RevokeBias", Time since last: 151664093 ns, Reaching safepoint: 2919050 ns, At safepoint: 27533 ns, Total: 2946583 ns
[2020-09-11T16:27:03.362+0000][1][safepoint    ] Safepoint "RevokeBias", Time since last: 627465 ns, Reaching safepoint: 3936751 ns, At safepoint: 31099 ns, Total: 3967850 ns
[2020-09-11T16:27:03.639+0000][1][safepoint    ] Safepoint "RevokeBias", Time since last: 272026861 ns, Reaching safepoint: 4887569 ns, At safepoint: 35518 ns, Total: 4923087 ns
[2020-09-11T16:27:03.678+0000][1][safepoint    ] Safepoint "RevokeBias", Time since last: 39224588 ns, Reaching safepoint: 162314 ns, At safepoint: 20107 ns, Total: 182421 ns
[2020-09-11T16:27:03.688+0000][1][safepoint    ] Safepoint "RevokeBias", Time since last: 9221148 ns, Reaching safepoint: 166308 ns, At safepoint: 32907 ns, Total: 199215 ns
[2020-09-11T16:27:03.916+0000][1][safepoint    ] Safepoint "RevokeBias", Time since last: 226111897 ns, Reaching safepoint: 1836731 ns, At safepoint: 31622 ns, Total: 1868353 ns
[2020-09-11T16:27:03.917+0000][1][safepoint    ] Safepoint "RevokeBias", Time since last: 139451 ns, Reaching safepoint: 877169 ns, At safepoint: 19065 ns, Total: 896234 ns
[2020-09-11T16:27:03.918+0000][1][safepoint    ] Safepoint "RevokeBias", Time since last: 175121 ns, Reaching safepoint: 952580 ns, At safepoint: 22153 ns, Total: 974733 ns
[2020-09-11T16:27:03.919+0000][1][safepoint    ] Safepoint "RevokeBias", Time since last: 106043 ns, Reaching safepoint: 1373369 ns, At safepoint: 21667 ns, Total: 1395036 ns
[2020-09-11T16:27:03.921+0000][1][safepoint    ] Safepoint "RevokeBias", Time since last: 67125 ns, Reaching safepoint: 1267592 ns, At safepoint: 21667 ns, Total: 1289259 ns
[2020-09-11T16:27:03.921+0000][1][safepoint    ] Safepoint "RevokeBias", Time since last: 68614 ns, Reaching safepoint: 283906 ns, At safepoint: 16620 ns, Total: 300526 ns
[2020-09-11T16:27:03.922+0000][1][safepoint    ] Safepoint "RevokeBias", Time since last: 44799 ns, Reaching safepoint: 582035 ns, At safepoint: 15620 ns, Total: 597655 ns
[2020-09-11T16:27:03.925+0000][1][safepoint    ] Safepoint "RevokeBias", Time since last: 45026 ns, Reaching safepoint: 2949669 ns, At safepoint: 23052 ns, Total: 2972721 ns
[2020-09-11T16:27:03.927+0000][1][safepoint    ] Safepoint "RevokeBias", Time since last: 76412 ns, Reaching safepoint: 2159624 ns, At safepoint: 43870 ns, Total: 2203494 ns
[2020-09-11T16:27:03.928+0000][1][safepoint    ] Safepoint "RevokeBias", Time since last: 82319 ns, Reaching safepoint: 474506 ns, At safepoint: 24528 ns, Total: 499034 ns
[2020-09-11T16:27:03.929+0000][1][safepoint    ] Safepoint "RevokeBias", Time since last: 43465 ns, Reaching safepoint: 1044023 ns, At safepoint: 30432 ns, Total: 1074455 ns
[2020-09-11T16:27:03.929+0000][1][safepoint    ] Safepoint "RevokeBias", Time since last: 51434 ns, Reaching safepoint: 111025 ns, At safepoint: 22378 ns, Total: 133403 ns
[2020-09-11T16:27:04.065+0000][1][safepoint    ] Safepoint "RevokeBias", Time since last: 129065906 ns, Reaching safepoint: 6775120 ns, At safepoint: 38570 ns, Total: 6813690 ns
[2020-09-11T16:27:04.066+0000][1][safepoint    ] Safepoint "RevokeBias", Time since last: 797280 ns, Reaching safepoint: 121077 ns, At safepoint: 17990 ns, Total: 139067 ns
[2020-09-11T16:27:04.197+0000][1][safepoint    ] Safepoint "RevokeBias", Time since last: 114856917 ns, Reaching safepoint: 16150030 ns, At safepoint: 35253 ns, Total: 16185283 ns
[2020-09-11T16:27:05.210+0000][1][safepoint    ] Safepoint "Cleanup", Time since last: 1011877373 ns, Reaching safepoint: 1487357 ns, At safepoint: 9607 ns, Total: 1496964 ns
[2020-09-11T16:27:05.363+0000][1][safepoint    ] Safepoint "RevokeBias", Time since last: 152710131 ns, Reaching safepoint: 199111 ns, At safepoint: 29555 ns, Total: 228666 ns
[2020-09-11T16:27:05.385+0000][1][safepoint    ] Safepoint "RevokeBias", Time since last: 21882973 ns, Reaching safepoint: 184523 ns, At safepoint: 32721 ns, Total: 217244 ns
[2020-09-11T16:27:05.434+0000][1][safepoint    ] Safepoint "RevokeBias", Time since last: 47676027 ns, Reaching safepoint: 846655 ns, At safepoint: 62128 ns, Total: 908783 ns
[2020-09-11T16:27:05.445+0000][1][safepoint    ] Safepoint "RevokeBias", Time since last: 95019 ns, Reaching safepoint: 10899737 ns, At safepoint: 40287 ns, Total: 10940024 ns
[2020-09-11T16:27:05.559+0000][1][safepoint    ] Safepoint "RevokeBias", Time since last: 107710306 ns, Reaching safepoint: 6058244 ns, At safepoint: 55476 ns, Total: 6113720 ns
[2020-09-11T16:27:05.576+0000][1][safepoint    ] Safepoint "RevokeBias", Time since last: 16794693 ns, Reaching safepoint: 176317 ns, At safepoint: 54072 ns, Total: 230389 ns
[2020-09-11T16:27:05.583+0000][1][safepoint    ] Safepoint "RevokeBias", Time since last: 7261643 ns, Reaching safepoint: 311231 ns, At safepoint: 52137 ns, Total: 363368 ns
[2020-09-11T16:27:05.584+0000][1][safepoint    ] Safepoint "RevokeBias", Time since last: 108059 ns, Reaching safepoint: 149584 ns, At safepoint: 40151 ns, Total: 189735 ns
[2020-09-11T16:27:05.584+0000][1][safepoint    ] Safepoint "RevokeBias", Time since last: 68025 ns, Reaching safepoint: 141692 ns, At safepoint: 38395 ns, Total: 180087 ns
[2020-09-11T16:27:05.584+0000][1][safepoint    ] Safepoint "RevokeBias", Time since last: 62247 ns, Reaching safepoint: 137094 ns, At safepoint: 34589 ns, Total: 171683 ns
[2020-09-11T16:27:05.599+0000][1][safepoint    ] Safepoint "BulkRevokeBias", Time since last: 5235846 ns, Reaching safepoint: 164822 ns, At safepoint: 9213732 ns, Total: 9378554 ns
[2020-09-11T16:27:05.851+0000][1][safepoint    ] Safepoint "RevokeBias", Time since last: 240879025 ns, Reaching safepoint: 11550211 ns, At safepoint: 36814 ns, Total: 11587025 ns
[2020-09-11T16:27:05.924+0000][1][safepoint    ] Safepoint "RevokeBias", Time since last: 59814681 ns, Reaching safepoint: 12422858 ns, At safepoint: 39719 ns, Total: 12462577 ns
[2020-09-11T16:27:06.499+0000][1][safepoint    ] Safepoint "RevokeBias", Time since last: 575337169 ns, Reaching safepoint: 171120 ns, At safepoint: 24998 ns, Total: 196118 ns
[2020-09-11T16:27:06.499+0000][1][safepoint    ] Safepoint "RevokeBias", Time since last: 160632 ns, Reaching safepoint: 110506 ns, At safepoint: 36163 ns, Total: 146669 ns
[2020-09-11T16:27:06.505+0000][1][safepoint    ] Safepoint "RevokeBias", Time since last: 5067597 ns, Reaching safepoint: 162164 ns, At safepoint: 23223 ns, Total: 185387 ns
[2020-09-11T16:27:06.673+0000][1][safepoint    ] Safepoint "RevokeBias", Time since last: 168159931 ns, Reaching safepoint: 238209 ns, At safepoint: 27793 ns, Total: 266002 ns
[2020-09-11T16:27:06.679+0000][1][safepoint    ] Safepoint "RevokeBias", Time since last: 5716286 ns, Reaching safepoint: 164748 ns, At safepoint: 26916 ns, Total: 191664 ns
[2020-09-11T16:27:06.679+0000][1][safepoint    ] Safepoint "RevokeBias", Time since last: 85177 ns, Reaching safepoint: 142337 ns, At safepoint: 18604 ns, Total: 160941 ns
[2020-09-11T16:27:06.679+0000][1][safepoint    ] Safepoint "RevokeBias", Time since last: 42381 ns, Reaching safepoint: 121389 ns, At safepoint: 16978 ns, Total: 138367 ns
[2020-09-11T16:27:06.680+0000][1][safepoint    ] Safepoint "RevokeBias", Time since last: 49707 ns, Reaching safepoint: 117088 ns, At safepoint: 14890 ns, Total: 131978 ns
[2020-09-11T16:27:06.680+0000][1][safepoint    ] Safepoint "RevokeBias", Time since last: 73217 ns, Reaching safepoint: 114584 ns, At safepoint: 15692 ns, Total: 130276 ns
[2020-09-11T16:27:06.680+0000][1][safepoint    ] Safepoint "RevokeBias", Time since last: 439764 ns, Reaching safepoint: 256790 ns, At safepoint: 15574 ns, Total: 272364 ns
[2020-09-11T16:27:06.702+0000][1][safepoint    ] Safepoint "RevokeBias", Time since last: 20811632 ns, Reaching safepoint: 181691 ns, At safepoint: 26671 ns, Total: 208362 ns
[2020-09-11T16:27:06.702+0000][1][safepoint    ] Safepoint "RevokeBias", Time since last: 211740 ns, Reaching safepoint: 155954 ns, At safepoint: 46459 ns, Total: 202413 ns
[2020-09-11T16:27:07.161+0000][1][safepoint    ] Safepoint "RevokeBias", Time since last: 457685444 ns, Reaching safepoint: 1254744 ns, At safepoint: 26359 ns, Total: 1281103 ns
[2020-09-11T16:27:07.162+0000][1][safepoint    ] Safepoint "RevokeBias", Time since last: 115032 ns, Reaching safepoint: 799952 ns, At safepoint: 27812 ns, Total: 827764 ns
[2020-09-11T16:27:07.162+0000][1][safepoint    ] Safepoint "RevokeBias", Time since last: 59423 ns, Reaching safepoint: 115885 ns, At safepoint: 14362 ns, Total: 130247 ns
[2020-09-11T16:27:07.165+0000][1][safepoint    ] Safepoint "RevokeBias", Time since last: 285842 ns, Reaching safepoint: 2564831 ns, At safepoint: 36117 ns, Total: 2600948 ns
[2020-09-11T16:27:07.169+0000][1][safepoint    ] Safepoint "RevokeBias", Time since last: 113335 ns, Reaching safepoint: 3827879 ns, At safepoint: 28353 ns, Total: 3856232 ns
[2020-09-11T16:27:07.169+0000][1][safepoint    ] Safepoint "RevokeBias", Time since last: 85399 ns, Reaching safepoint: 199892 ns, At safepoint: 17725 ns, Total: 217617 ns
[2020-09-11T16:27:07.169+0000][1][safepoint    ] Safepoint "RevokeBias", Time since last: 45520 ns, Reaching safepoint: 115475 ns, At safepoint: 14325 ns, Total: 129800 ns
[2020-09-11T16:27:07.170+0000][1][safepoint    ] Safepoint "RevokeBias", Time since last: 41308 ns, Reaching safepoint: 113636 ns, At safepoint: 14071 ns, Total: 127707 ns
[2020-09-11T16:27:07.181+0000][1][safepoint    ] Safepoint "RevokeBias", Time since last: 8148050 ns, Reaching safepoint: 3224923 ns, At safepoint: 75934 ns, Total: 3300857 ns
[2020-09-11T16:27:07.405+0000][1][gc,start     ] GC(72) Pause Young (Allocation Failure)
[2020-09-11T16:27:07.437+0000][1][gc,task      ] GC(72) Using 1 workers of 1 for evacuation
[2020-09-11T16:27:07.552+0000][1][gc,age       ] GC(72) Desired survivor size 4358144 bytes, new threshold 6 (max threshold 6)
[2020-09-11T16:27:07.552+0000][1][gc,age       ] GC(72) Age table with threshold 6 (max threshold 6)
[2020-09-11T16:27:07.552+0000][1][gc,age       ] GC(72) - age   1:    1130168 bytes,    1130168 total
[2020-09-11T16:27:07.552+0000][1][gc,heap      ] GC(72) ParNew: 76672K->7703K(76672K)
[2020-09-11T16:27:07.552+0000][1][gc,heap      ] GC(72) CMS: 72257K->80677K(439104K)
[2020-09-11T16:27:07.552+0000][1][gc,metaspace ] GC(72) Metaspace: 86827K->86827K(1128448K)
[2020-09-11T16:27:07.552+0000][1][gc           ] GC(72) Pause Young (Allocation Failure) 145M->86M(503M) 146.373ms
[2020-09-11T16:27:07.552+0000][1][gc,cpu       ] GC(72) User=0.04s Sys=0.00s Real=0.14s
[2020-09-11T16:27:07.588+0000][1][safepoint    ] Safepoint "GenCollectForAllocation", Time since last: 224259882 ns, Reaching safepoint: 182107 ns, At safepoint: 182589894 ns, Total: 182772001 ns
[2020-09-11T16:27:07.621+0000][1][safepoint    ] Safepoint "RevokeBias", Time since last: 32777672 ns, Reaching safepoint: 344108 ns, At safepoint: 53928 ns, Total: 398036 ns
[2020-09-11T16:27:07.635+0000][1][safepoint    ] Safepoint "RevokeBias", Time since last: 13994247 ns, Reaching safepoint: 179424 ns, At safepoint: 65237 ns, Total: 244661 ns
[2020-09-11T16:27:07.724+0000][1][safepoint    ] Safepoint "RevokeBias", Time since last: 85365106 ns, Reaching safepoint: 3595110 ns, At safepoint: 35854 ns, Total: 3630964 ns
[2020-09-11T16:27:07.767+0000][1][safepoint    ] Safepoint "RevokeBias", Time since last: 34040341 ns, Reaching safepoint: 8853779 ns, At safepoint: 55524 ns, Total: 8909303 ns
[2020-09-11T16:27:07.938+0000][1][safepoint    ] Safepoint "RevokeBias", Time since last: 170384828 ns, Reaching safepoint: 183318 ns, At safepoint: 22829 ns, Total: 206147 ns
[2020-09-11T16:27:07.938+0000][1][safepoint    ] Safepoint "RevokeBias", Time since last: 160849 ns, Reaching safepoint: 115493 ns, At safepoint: 14323 ns, Total: 129816 ns
[2020-09-11T16:27:08.940+0000][1][safepoint    ] Safepoint "Cleanup", Time since last: 1000146825 ns, Reaching safepoint: 1313820 ns, At safepoint: 14831 ns, Total: 1328651 ns
[2020-09-11T16:27:09.247+0000][1][safepoint    ] Safepoint "RevokeBias", Time since last: 306735374 ns, Reaching safepoint: 252800 ns, At safepoint: 33047 ns, Total: 285847 ns
[2020-09-11T16:27:09.628+0000][1][safepoint    ] Safepoint "Deoptimize", Time since last: 371957211 ns, Reaching safepoint: 8290038 ns, At safepoint: 686723 ns, Total: 8976761 ns
[2020-09-11T16:27:09.717+0000][1][gc,start     ] GC(73) Pause Young (Allocation Failure)
[2020-09-11T16:27:09.717+0000][1][gc,task      ] GC(73) Using 1 workers of 1 for evacuation
[2020-09-11T16:27:09.732+0000][1][gc,age       ] GC(73) Desired survivor size 4358144 bytes, new threshold 6 (max threshold 6)
[2020-09-11T16:27:09.732+0000][1][gc,age       ] GC(73) Age table with threshold 6 (max threshold 6)
[2020-09-11T16:27:09.732+0000][1][gc,age       ] GC(73) - age   1:    2567280 bytes,    2567280 total
[2020-09-11T16:27:09.732+0000][1][gc,age       ] GC(73) - age   2:     704640 bytes,    3271920 total
[2020-09-11T16:27:09.732+0000][1][gc,heap      ] GC(73) ParNew: 75860K->4265K(76672K)
[2020-09-11T16:27:09.732+0000][1][gc,heap      ] GC(73) CMS: 80677K->80677K(439104K)
[2020-09-11T16:27:09.732+0000][1][gc,metaspace ] GC(73) Metaspace: 87319K->87319K(1130496K)
[2020-09-11T16:27:09.732+0000][1][gc           ] GC(73) Pause Young (Allocation Failure) 152M->82M(503M) 15.165ms
[2020-09-11T16:27:09.732+0000][1][gc,cpu       ] GC(73) User=0.00s Sys=0.00s Real=0.01s
[2020-09-11T16:27:09.748+0000][1][safepoint    ] Safepoint "GenCollectForAllocation", Time since last: 89099827 ns, Reaching safepoint: 182827 ns, At safepoint: 31031016 ns, Total: 31213843 ns
[2020-09-11T16:27:09.877+0000][1][safepoint    ] Safepoint "Deoptimize", Time since last: 122345639 ns, Reaching safepoint: 6532621 ns, At safepoint: 620696 ns, Total: 7153317 ns
[2020-09-11T16:27:10.065+0000][1][safepoint    ] Safepoint "RevokeBias", Time since last: 186800286 ns, Reaching safepoint: 576866 ns, At safepoint: 28495 ns, Total: 605361 ns
[2020-09-11T16:27:10.425+0000][1][safepoint    ] Safepoint "RevokeBias", Time since last: 358466681 ns, Reaching safepoint: 1519541 ns, At safepoint: 46302 ns, Total: 1565843 ns
[2020-09-11T16:27:10.602+0000][1][safepoint    ] Safepoint "RevokeBias", Time since last: 175875541 ns, Reaching safepoint: 776520 ns, At safepoint: 24474 ns, Total: 800994 ns
[2020-09-11T16:27:10.709+0000][1][safepoint    ] Safepoint "RevokeBias", Time since last: 103750979 ns, Reaching safepoint: 3178630 ns, At safepoint: 29604 ns, Total: 3208234 ns
[2020-09-11T16:27:10.726+0000][1][safepoint    ] Safepoint "RevokeBias", Time since last: 16976406 ns, Reaching safepoint: 93073 ns, At safepoint: 22628 ns, Total: 115701 ns
[2020-09-11T16:27:10.726+0000][1][safepoint    ] Safepoint "RevokeBias", Time since last: 229648 ns, Reaching safepoint: 41223 ns, At safepoint: 12547 ns, Total: 53770 ns
[2020-09-11T16:27:10.726+0000][1][safepoint    ] Safepoint "RevokeBias", Time since last: 45507 ns, Reaching safepoint: 37476 ns, At safepoint: 10976 ns, Total: 48452 ns
[2020-09-11T16:27:10.726+0000][1][safepoint    ] Safepoint "RevokeBias", Time since last: 31157 ns, Reaching safepoint: 36550 ns, At safepoint: 10572 ns, Total: 47122 ns
[2020-09-11T16:27:10.726+0000][1][safepoint    ] Safepoint "RevokeBias", Time since last: 29296 ns, Reaching safepoint: 36259 ns, At safepoint: 10301 ns, Total: 46560 ns
[2020-09-11T16:27:10.726+0000][1][safepoint    ] Safepoint "RevokeBias", Time since last: 40892 ns, Reaching safepoint: 36116 ns, At safepoint: 10546 ns, Total: 46662 ns
[2020-09-11T16:27:10.726+0000][1][safepoint    ] Safepoint "RevokeBias", Time since last: 48898 ns, Reaching safepoint: 37025 ns, At safepoint: 10544 ns, Total: 47569 ns
[2020-09-11T16:27:10.726+0000][1][safepoint    ] Safepoint "RevokeBias", Time since last: 70356 ns, Reaching safepoint: 37806 ns, At safepoint: 10450 ns, Total: 48256 ns
[2020-09-11T16:27:10.727+0000][1][safepoint    ] Safepoint "RevokeBias", Time since last: 40157 ns, Reaching safepoint: 36868 ns, At safepoint: 10342 ns, Total: 47210 ns
[2020-09-11T16:27:10.727+0000][1][safepoint    ] Safepoint "RevokeBias", Time since last: 36124 ns, Reaching safepoint: 36723 ns, At safepoint: 10234 ns, Total: 46957 ns
[2020-09-11T16:27:10.727+0000][1][safepoint    ] Safepoint "RevokeBias", Time since last: 305644 ns, Reaching safepoint: 38090 ns, At safepoint: 11255 ns, Total: 49345 ns
[2020-09-11T16:27:10.727+0000][1][safepoint    ] Safepoint "RevokeBias", Time since last: 145986 ns, Reaching safepoint: 38315 ns, At safepoint: 10960 ns, Total: 49275 ns
[2020-09-11T16:27:10.734+0000][1][safepoint    ] Safepoint "RevokeBias", Time since last: 6833917 ns, Reaching safepoint: 168274 ns, At safepoint: 22083 ns, Total: 190357 ns
[2020-09-11T16:27:11.073+0000][1][gc,start     ] GC(74) Pause Young (Allocation Failure)
[2020-09-11T16:27:11.073+0000][1][gc,task      ] GC(74) Using 1 workers of 1 for evacuation
[2020-09-11T16:27:11.087+0000][1][gc,age       ] GC(74) Desired survivor size 4358144 bytes, new threshold 6 (max threshold 6)
[2020-09-11T16:27:11.087+0000][1][gc,age       ] GC(74) Age table with threshold 6 (max threshold 6)
[2020-09-11T16:27:11.087+0000][1][gc,age       ] GC(74) - age   1:     728056 bytes,     728056 total
[2020-09-11T16:27:11.087+0000][1][gc,age       ] GC(74) - age   2:     559536 bytes,    1287592 total
[2020-09-11T16:27:11.087+0000][1][gc,age       ] GC(74) - age   3:     694976 bytes,    1982568 total
[2020-09-11T16:27:11.087+0000][1][gc,heap      ] GC(74) ParNew: 72425K->2929K(76672K)
[2020-09-11T16:27:11.087+0000][1][gc,heap      ] GC(74) CMS: 80677K->80677K(439104K)
[2020-09-11T16:27:11.087+0000][1][gc,metaspace ] GC(74) Metaspace: 87786K->87786K(1130496K)
[2020-09-11T16:27:11.087+0000][1][gc           ] GC(74) Pause Young (Allocation Failure) 149M->81M(503M) 14.292ms
[2020-09-11T16:27:11.087+0000][1][gc,cpu       ] GC(74) User=0.01s Sys=0.00s Real=0.01s
[2020-09-11T16:27:11.113+0000][1][safepoint    ] Safepoint "GenCollectForAllocation", Time since last: 338011160 ns, Reaching safepoint: 673692 ns, At safepoint: 39960463 ns, Total: 40634155 ns
[2020-09-11T16:27:11.222+0000][1][safepoint    ] Safepoint "RevokeBias", Time since last: 108548681 ns, Reaching safepoint: 392736 ns, At safepoint: 35058 ns, Total: 427794 ns
[2020-09-11T16:27:11.278+0000][1][safepoint    ] Safepoint "RevokeBias", Time since last: 56140713 ns, Reaching safepoint: 175420 ns, At safepoint: 22913 ns, Total: 198333 ns
[2020-09-11T16:27:11.761+0000][1][safepoint    ] Safepoint "RevokeBias", Time since last: 482434558 ns, Reaching safepoint: 208238 ns, At safepoint: 28934 ns, Total: 237172 ns
[2020-09-11T16:27:11.762+0000][1][safepoint    ] Safepoint "RevokeBias", Time since last: 1186965 ns, Reaching safepoint: 149084 ns, At safepoint: 28980 ns, Total: 178064 ns
[2020-09-11T16:27:12.565+0000][1][safepoint    ] Safepoint "RevokeBias", Time since last: 798680605 ns, Reaching safepoint: 3969739 ns, At safepoint: 49244 ns, Total: 4018983 ns
[2020-09-11T16:27:12.628+0000][1][safepoint    ] Safepoint "RevokeBias", Time since last: 59449654 ns, Reaching safepoint: 3326051 ns, At safepoint: 32505 ns, Total: 3358556 ns
[2020-09-11T16:27:12.870+0000][1][safepoint    ] Safepoint "RevokeBias", Time since last: 241179887 ns, Reaching safepoint: 1377350 ns, At safepoint: 26901 ns, Total: 1404251 ns
[2020-09-11T16:27:12.871+0000][1][safepoint    ] Safepoint "RevokeBias", Time since last: 274515 ns, Reaching safepoint: 117958 ns, At safepoint: 15109 ns, Total: 133067 ns
[2020-09-11T16:27:12.871+0000][1][safepoint    ] Safepoint "RevokeBias", Time since last: 61573 ns, Reaching safepoint: 113540 ns, At safepoint: 13212 ns, Total: 126752 ns
[2020-09-11T16:27:12.872+0000][1][safepoint    ] Safepoint "RevokeBias", Time since last: 51436 ns, Reaching safepoint: 1108817 ns, At safepoint: 16214 ns, Total: 1125031 ns
[2020-09-11T16:27:12.872+0000][1][safepoint    ] Safepoint "RevokeBias", Time since last: 157688 ns, Reaching safepoint: 114517 ns, At safepoint: 13710 ns, Total: 128227 ns
[2020-09-11T16:27:12.877+0000][1][safepoint    ] Safepoint "RevokeBias", Time since last: 3507713 ns, Reaching safepoint: 953555 ns, At safepoint: 22806 ns, Total: 976361 ns
[2020-09-11T16:27:12.877+0000][1][safepoint    ] Safepoint "RevokeBias", Time since last: 142643 ns, Reaching safepoint: 116526 ns, At safepoint: 16064 ns, Total: 132590 ns
[2020-09-11T16:27:13.797+0000][1][safepoint    ] Safepoint "RevokeBias", Time since last: 916302357 ns, Reaching safepoint: 3373605 ns, At safepoint: 35835 ns, Total: 3409440 ns
[2020-09-11T16:27:13.801+0000][1][safepoint    ] Safepoint "RevokeBias", Time since last: 866113 ns, Reaching safepoint: 3142974 ns, At safepoint: 40007 ns, Total: 3182981 ns
[2020-09-11T16:27:13.812+0000][1][safepoint    ] Safepoint "RevokeBias", Time since last: 10577409 ns, Reaching safepoint: 923223 ns, At safepoint: 26179 ns, Total: 949402 ns
[2020-09-11T16:27:13.813+0000][1][safepoint    ] Safepoint "RevokeBias", Time since last: 413102 ns, Reaching safepoint: 295570 ns, At safepoint: 15607 ns, Total: 311177 ns
[2020-09-11T16:27:13.816+0000][1][safepoint    ] Safepoint "RevokeBias", Time since last: 615937 ns, Reaching safepoint: 2406243 ns, At safepoint: 26380 ns, Total: 2432623 ns
[2020-09-11T16:27:13.821+0000][1][safepoint    ] Safepoint "RevokeBias", Time since last: 83193 ns, Reaching safepoint: 4577719 ns, At safepoint: 31473 ns, Total: 4609192 ns
[2020-09-11T16:27:13.822+0000][1][safepoint    ] Safepoint "RevokeBias", Time since last: 1258281 ns, Reaching safepoint: 151113 ns, At safepoint: 17176 ns, Total: 168289 ns
[2020-09-11T16:27:13.823+0000][1][safepoint    ] Safepoint "RevokeBias", Time since last: 61311 ns, Reaching safepoint: 112913 ns, At safepoint: 14054 ns, Total: 126967 ns
[2020-09-11T16:27:13.823+0000][1][safepoint    ] Safepoint "RevokeBias", Time since last: 43067 ns, Reaching safepoint: 154437 ns, At safepoint: 22613 ns, Total: 177050 ns
[2020-09-11T16:27:13.841+0000][1][safepoint    ] Safepoint "RevokeBias", Time since last: 17646887 ns, Reaching safepoint: 172483 ns, At safepoint: 23474 ns, Total: 195957 ns
[2020-09-11T16:27:13.859+0000][1][safepoint    ] Safepoint "RevokeBias", Time since last: 18413823 ns, Reaching safepoint: 158191 ns, At safepoint: 21329 ns, Total: 179520 ns
[2020-09-11T16:27:13.859+0000][1][safepoint    ] Safepoint "RevokeBias", Time since last: 63652 ns, Reaching safepoint: 117391 ns, At safepoint: 12920 ns, Total: 130311 ns
[2020-09-11T16:27:13.860+0000][1][safepoint    ] Safepoint "RevokeBias", Time since last: 39373 ns, Reaching safepoint: 106816 ns, At safepoint: 11252 ns, Total: 118068 ns
[2020-09-11T16:27:13.860+0000][1][safepoint    ] Safepoint "RevokeBias", Time since last: 40114 ns, Reaching safepoint: 104761 ns, At safepoint: 11040 ns, Total: 115801 ns
[2020-09-11T16:27:13.860+0000][1][safepoint    ] Safepoint "RevokeBias", Time since last: 35816 ns, Reaching safepoint: 106067 ns, At safepoint: 11068 ns, Total: 117135 ns
[2020-09-11T16:27:13.860+0000][1][safepoint    ] Safepoint "RevokeBias", Time since last: 126803 ns, Reaching safepoint: 107868 ns, At safepoint: 11516 ns, Total: 119384 ns
[2020-09-11T16:27:13.860+0000][1][safepoint    ] Safepoint "RevokeBias", Time since last: 37591 ns, Reaching safepoint: 106212 ns, At safepoint: 11122 ns, Total: 117334 ns
[2020-09-11T16:27:13.860+0000][1][safepoint    ] Safepoint "RevokeBias", Time since last: 36541 ns, Reaching safepoint: 117509 ns, At safepoint: 11410 ns, Total: 128919 ns
[2020-09-11T16:27:13.861+0000][1][safepoint    ] Safepoint "RevokeBias", Time since last: 47983 ns, Reaching safepoint: 105709 ns, At safepoint: 10958 ns, Total: 116667 ns
[2020-09-11T16:27:13.870+0000][1][safepoint    ] Safepoint "RevokeBias", Time since last: 9546701 ns, Reaching safepoint: 158315 ns, At safepoint: 19434 ns, Total: 177749 ns
[2020-09-11T16:27:13.870+0000][1][safepoint    ] Safepoint "RevokeBias", Time since last: 61875 ns, Reaching safepoint: 108007 ns, At safepoint: 12078 ns, Total: 120085 ns
[2020-09-11T16:27:13.871+0000][1][safepoint    ] Safepoint "RevokeBias", Time since last: 38148 ns, Reaching safepoint: 372052 ns, At safepoint: 13983 ns, Total: 386035 ns
[2020-09-11T16:27:13.875+0000][1][safepoint    ] Safepoint "RevokeBias", Time since last: 1882700 ns, Reaching safepoint: 2182655 ns, At safepoint: 24557 ns, Total: 2207212 ns
[2020-09-11T16:27:13.877+0000][1][safepoint    ] Safepoint "RevokeBias", Time since last: 86344 ns, Reaching safepoint: 1750251 ns, At safepoint: 19066 ns, Total: 1769317 ns
[2020-09-11T16:27:13.877+0000][1][safepoint    ] Safepoint "RevokeBias", Time since last: 252271 ns, Reaching safepoint: 116749 ns, At safepoint: 14472 ns, Total: 131221 ns
[2020-09-11T16:27:13.877+0000][1][safepoint    ] Safepoint "RevokeBias", Time since last: 123754 ns, Reaching safepoint: 113519 ns, At safepoint: 21899 ns, Total: 135418 ns
[2020-09-11T16:27:13.878+0000][1][safepoint    ] Safepoint "RevokeBias", Time since last: 117680 ns, Reaching safepoint: 110244 ns, At safepoint: 20686 ns, Total: 130930 ns
[2020-09-11T16:27:13.878+0000][1][safepoint    ] Safepoint "RevokeBias", Time since last: 36459 ns, Reaching safepoint: 109978 ns, At safepoint: 20054 ns, Total: 130032 ns
[2020-09-11T16:27:13.878+0000][1][safepoint    ] Safepoint "RevokeBias", Time since last: 35266 ns, Reaching safepoint: 109219 ns, At safepoint: 20060 ns, Total: 129279 ns
[2020-09-11T16:27:13.878+0000][1][safepoint    ] Safepoint "RevokeBias", Time since last: 35400 ns, Reaching safepoint: 108825 ns, At safepoint: 19701 ns, Total: 128526 ns
[2020-09-11T16:27:13.880+0000][1][safepoint    ] Safepoint "RevokeBias", Time since last: 33821 ns, Reaching safepoint: 1447123 ns, At safepoint: 25587 ns, Total: 1472710 ns
[2020-09-11T16:27:13.881+0000][1][safepoint    ] Safepoint "RevokeBias", Time since last: 42606 ns, Reaching safepoint: 1025010 ns, At safepoint: 578937 ns, Total: 1603947 ns
[2020-09-11T16:27:13.882+0000][1][safepoint    ] Safepoint "RevokeBias", Time since last: 59745 ns, Reaching safepoint: 114270 ns, At safepoint: 21231 ns, Total: 135501 ns
[2020-09-11T16:27:13.882+0000][1][safepoint    ] Safepoint "RevokeBias", Time since last: 34066 ns, Reaching safepoint: 104881 ns, At safepoint: 19365 ns, Total: 124246 ns
[2020-09-11T16:27:13.882+0000][1][safepoint    ] Safepoint "RevokeBias", Time since last: 33061 ns, Reaching safepoint: 103364 ns, At safepoint: 18504 ns, Total: 121868 ns
[2020-09-11T16:27:13.901+0000][1][safepoint    ] Safepoint "RevokeBias", Time since last: 2908443 ns, Reaching safepoint: 157244 ns, At safepoint: 15855666 ns, Total: 16012910 ns
[2020-09-11T16:27:13.914+0000][1][safepoint    ] Safepoint "RevokeBias", Time since last: 110288 ns, Reaching safepoint: 921138 ns, At safepoint: 11997660 ns, Total: 12918798 ns
[2020-09-11T16:27:13.914+0000][1][safepoint    ] Safepoint "RevokeBias", Time since last: 87661 ns, Reaching safepoint: 160369 ns, At safepoint: 27488 ns, Total: 187857 ns
[2020-09-11T16:27:13.915+0000][1][safepoint    ] Safepoint "BulkRevokeBias", Time since last: 39668 ns, Reaching safepoint: 108369 ns, At safepoint: 303778 ns, Total: 412147 ns
[2020-09-11T16:27:13.929+0000][1][gc,start     ] GC(75) Pause Young (Allocation Failure)
[2020-09-11T16:27:13.929+0000][1][gc,task      ] GC(75) Using 1 workers of 1 for evacuation
[2020-09-11T16:27:13.962+0000][1][gc,age       ] GC(75) Desired survivor size 4358144 bytes, new threshold 6 (max threshold 6)
[2020-09-11T16:27:13.983+0000][1][gc,age       ] GC(75) Age table with threshold 6 (max threshold 6)
[2020-09-11T16:27:13.983+0000][1][gc,age       ] GC(75) - age   1:     977696 bytes,     977696 total
[2020-09-11T16:27:13.983+0000][1][gc,age       ] GC(75) - age   2:     422688 bytes,    1400384 total
[2020-09-11T16:27:13.983+0000][1][gc,age       ] GC(75) - age   3:     512776 bytes,    1913160 total
[2020-09-11T16:27:13.983+0000][1][gc,age       ] GC(75) - age   4:     688912 bytes,    2602072 total
[2020-09-11T16:27:13.983+0000][1][gc,heap      ] GC(75) ParNew: 71089K->4368K(76672K)
[2020-09-11T16:27:13.983+0000][1][gc,heap      ] GC(75) CMS: 80677K->80677K(439104K)
[2020-09-11T16:27:13.983+0000][1][gc,metaspace ] GC(75) Metaspace: 88003K->88003K(1130496K)
[2020-09-11T16:27:13.983+0000][1][gc           ] GC(75) Pause Young (Allocation Failure) 148M->83M(503M) 54.265ms
[2020-09-11T16:27:13.983+0000][1][gc,cpu       ] GC(75) User=0.01s Sys=0.00s Real=0.06s
[2020-09-11T16:27:14.021+0000][1][safepoint    ] Safepoint "GenCollectForAllocation", Time since last: 14209744 ns, Reaching safepoint: 173034 ns, At safepoint: 92005397 ns, Total: 92178431 ns
[2020-09-11T16:27:14.057+0000][1][safepoint    ] Safepoint "RevokeBias", Time since last: 35820360 ns, Reaching safepoint: 184234 ns, At safepoint: 22397 ns, Total: 206631 ns
[2020-09-11T16:27:14.105+0000][1][safepoint    ] Safepoint "RevokeBias", Time since last: 41033300 ns, Reaching safepoint: 6881846 ns, At safepoint: 34213 ns, Total: 6916059 ns
[2020-09-11T16:27:14.285+0000][1][safepoint    ] Safepoint "RevokeBias", Time since last: 168707070 ns, Reaching safepoint: 10583876 ns, At safepoint: 857990 ns, Total: 11441866 ns
[2020-09-11T16:27:14.311+0000][1][safepoint    ] Safepoint "RevokeBias", Time since last: 6893678 ns, Reaching safepoint: 8153178 ns, At safepoint: 11219976 ns, Total: 19373154 ns
[2020-09-11T16:27:14.650+0000][1][safepoint    ] Safepoint "RevokeBias", Time since last: 338595049 ns, Reaching safepoint: 257075 ns, At safepoint: 27429 ns, Total: 284504 ns
[2020-09-11T16:27:14.650+0000][1][safepoint    ] Safepoint "RevokeBias", Time since last: 99228 ns, Reaching safepoint: 112530 ns, At safepoint: 17288 ns, Total: 129818 ns
[2020-09-11T16:27:14.653+0000][1][safepoint    ] Safepoint "RevokeBias", Time since last: 259359 ns, Reaching safepoint: 2140360 ns, At safepoint: 30920 ns, Total: 2171280 ns
[2020-09-11T16:27:14.654+0000][1][safepoint    ] Safepoint "RevokeBias", Time since last: 92953 ns, Reaching safepoint: 762967 ns, At safepoint: 19184 ns, Total: 782151 ns
[2020-09-11T16:27:14.654+0000][1][safepoint    ] Safepoint "RevokeBias", Time since last: 50014 ns, Reaching safepoint: 111174 ns, At safepoint: 16214 ns, Total: 127388 ns
[2020-09-11T16:27:14.654+0000][1][safepoint    ] Safepoint "RevokeBias", Time since last: 40531 ns, Reaching safepoint: 109912 ns, At safepoint: 15388 ns, Total: 125300 ns
[2020-09-11T16:27:14.654+0000][1][safepoint    ] Safepoint "RevokeBias", Time since last: 37559 ns, Reaching safepoint: 108999 ns, At safepoint: 15200 ns, Total: 124199 ns
[2020-09-11T16:27:14.654+0000][1][safepoint    ] Safepoint "RevokeBias", Time since last: 38046 ns, Reaching safepoint: 110387 ns, At safepoint: 15540 ns, Total: 125927 ns
[2020-09-11T16:27:14.655+0000][1][safepoint    ] Safepoint "RevokeBias", Time since last: 38706 ns, Reaching safepoint: 108860 ns, At safepoint: 15148 ns, Total: 124008 ns
[2020-09-11T16:27:14.655+0000][1][safepoint    ] Safepoint "RevokeBias", Time since last: 35278 ns, Reaching safepoint: 108823 ns, At safepoint: 15273 ns, Total: 124096 ns
[2020-09-11T16:27:14.659+0000][1][safepoint    ] Safepoint "RevokeBias", Time since last: 35130 ns, Reaching safepoint: 4427600 ns, At safepoint: 49780 ns, Total: 4477380 ns
[2020-09-11T16:27:14.660+0000][1][safepoint    ] Safepoint "RevokeBias", Time since last: 93700 ns, Reaching safepoint: 151362 ns, At safepoint: 25185 ns, Total: 176547 ns
[2020-09-11T16:27:14.660+0000][1][safepoint    ] Safepoint "RevokeBias", Time since last: 36744 ns, Reaching safepoint: 111827 ns, At safepoint: 23702 ns, Total: 135529 ns
[2020-09-11T16:27:14.660+0000][1][safepoint    ] Safepoint "RevokeBias", Time since last: 217373 ns, Reaching safepoint: 337470 ns, At safepoint: 25274 ns, Total: 362744 ns
[2020-09-11T16:27:14.665+0000][1][safepoint    ] Safepoint "RevokeBias", Time since last: 506185 ns, Reaching safepoint: 4089844 ns, At safepoint: 54541 ns, Total: 4144385 ns
[2020-09-11T16:27:14.665+0000][1][safepoint    ] Safepoint "RevokeBias", Time since last: 292508 ns, Reaching safepoint: 135835 ns, At safepoint: 26226 ns, Total: 162061 ns
[2020-09-11T16:27:14.666+0000][1][safepoint    ] Safepoint "RevokeBias", Time since last: 46250 ns, Reaching safepoint: 108576 ns, At safepoint: 23223 ns, Total: 131799 ns
[2020-09-11T16:27:14.666+0000][1][safepoint    ] Safepoint "RevokeBias", Time since last: 39469 ns, Reaching safepoint: 108779 ns, At safepoint: 22731 ns, Total: 131510 ns
[2020-09-11T16:27:14.666+0000][1][safepoint    ] Safepoint "RevokeBias", Time since last: 33223 ns, Reaching safepoint: 107727 ns, At safepoint: 22713 ns, Total: 130440 ns
[2020-09-11T16:27:14.666+0000][1][safepoint    ] Safepoint "BulkRevokeBias", Time since last: 33427 ns, Reaching safepoint: 108304 ns, At safepoint: 301429 ns, Total: 409733 ns
[2020-09-11T16:27:14.907+0000][1][safepoint    ] Safepoint "RevokeBias", Time since last: 239986211 ns, Reaching safepoint: 257178 ns, At safepoint: 27383 ns, Total: 284561 ns
[2020-09-11T16:27:14.926+0000][1][safepoint    ] Safepoint "RevokeBias", Time since last: 19370871 ns, Reaching safepoint: 172733 ns, At safepoint: 29250 ns, Total: 201983 ns
[2020-09-11T16:27:15.271+0000][1][safepoint    ] Safepoint "RevokeBias", Time since last: 330758806 ns, Reaching safepoint: 14350012 ns, At safepoint: 36113 ns, Total: 14386125 ns
[2020-09-11T16:27:15.329+0000][1][safepoint    ] Safepoint "RevokeBias", Time since last: 57709491 ns, Reaching safepoint: 239725 ns, At safepoint: 24805 ns, Total: 264530 ns
[2020-09-11T16:27:15.393+0000][1][safepoint    ] Safepoint "RevokeBias", Time since last: 44416466 ns, Reaching safepoint: 19146193 ns, At safepoint: 35397 ns, Total: 19181590 ns
[2020-09-11T16:27:15.441+0000][1][safepoint    ] Safepoint "RevokeBias", Time since last: 48269951 ns, Reaching safepoint: 167611 ns, At safepoint: 31089 ns, Total: 198700 ns
[2020-09-11T16:27:15.442+0000][1][safepoint    ] Safepoint "RevokeBias", Time since last: 118475 ns, Reaching safepoint: 110907 ns, At safepoint: 13709 ns, Total: 124616 ns
[2020-09-11T16:27:15.582+0000][1][safepoint    ] Safepoint "RevokeBias", Time since last: 137521988 ns, Reaching safepoint: 2799117 ns, At safepoint: 29486 ns, Total: 2828603 ns
[2020-09-11T16:27:15.590+0000][1][safepoint    ] Safepoint "RevokeBias", Time since last: 7358407 ns, Reaching safepoint: 173583 ns, At safepoint: 24920 ns, Total: 198503 ns
[2020-09-11T16:27:15.593+0000][1][safepoint    ] Safepoint "RevokeBias", Time since last: 3399898 ns, Reaching safepoint: 165381 ns, At safepoint: 24220 ns, Total: 189601 ns
[2020-09-11T16:27:15.602+0000][1][safepoint    ] Safepoint "RevokeBias", Time since last: 8883099 ns, Reaching safepoint: 242555 ns, At safepoint: 23974 ns, Total: 266529 ns
[2020-09-11T16:27:15.603+0000][1][safepoint    ] Safepoint "RevokeBias", Time since last: 308639 ns, Reaching safepoint: 114685 ns, At safepoint: 15990 ns, Total: 130675 ns
[2020-09-11T16:27:15.644+0000][1][safepoint    ] Safepoint "RevokeBias", Time since last: 26476043 ns, Reaching safepoint: 14401165 ns, At safepoint: 36567 ns, Total: 14437732 ns
[2020-09-11T16:27:15.649+0000][1][safepoint    ] Safepoint "RevokeBias", Time since last: 5158522 ns, Reaching safepoint: 167238 ns, At safepoint: 23658 ns, Total: 190896 ns
[2020-09-11T16:27:15.687+0000][1][safepoint    ] Safepoint "RevokeBias", Time since last: 29918266 ns, Reaching safepoint: 8370327 ns, At safepoint: 51336 ns, Total: 8421663 ns
[2020-09-11T16:27:16.455+0000][1][gc,start     ] GC(76) Pause Young (Allocation Failure)
[2020-09-11T16:27:16.455+0000][1][gc,task      ] GC(76) Using 1 workers of 1 for evacuation
[2020-09-11T16:27:16.487+0000][1][gc,age       ] GC(76) Desired survivor size 4358144 bytes, new threshold 6 (max threshold 6)
[2020-09-11T16:27:16.487+0000][1][gc,age       ] GC(76) Age table with threshold 6 (max threshold 6)
[2020-09-11T16:27:16.487+0000][1][gc,age       ] GC(76) - age   1:    1197112 bytes,    1197112 total
[2020-09-11T16:27:16.487+0000][1][gc,age       ] GC(76) - age   2:     446160 bytes,    1643272 total
[2020-09-11T16:27:16.487+0000][1][gc,age       ] GC(76) - age   3:     411864 bytes,    2055136 total
[2020-09-11T16:27:16.487+0000][1][gc,age       ] GC(76) - age   4:     503728 bytes,    2558864 total
[2020-09-11T16:27:16.487+0000][1][gc,age       ] GC(76) - age   5:     682888 bytes,    3241752 total
[2020-09-11T16:27:16.487+0000][1][gc,heap      ] GC(76) ParNew: 72528K->4497K(76672K)
[2020-09-11T16:27:16.487+0000][1][gc,heap      ] GC(76) CMS: 80677K->80677K(439104K)
[2020-09-11T16:27:16.487+0000][1][gc,metaspace ] GC(76) Metaspace: 88224K->88224K(1130496K)
[2020-09-11T16:27:16.487+0000][1][gc           ] GC(76) Pause Young (Allocation Failure) 149M->83M(503M) 32.028ms
[2020-09-11T16:27:16.487+0000][1][gc,cpu       ] GC(76) User=0.01s Sys=0.00s Real=0.03s
[2020-09-11T16:27:16.542+0000][1][safepoint    ] Safepoint "GenCollectForAllocation", Time since last: 767317627 ns, Reaching safepoint: 200398 ns, At safepoint: 87541266 ns, Total: 87741664 ns
[2020-09-11T16:27:17.028+0000][1][safepoint    ] Safepoint "RevokeBias", Time since last: 484703393 ns, Reaching safepoint: 936702 ns, At safepoint: 56665 ns, Total: 993367 ns
[2020-09-11T16:27:17.032+0000][1][safepoint    ] Safepoint "RevokeBias", Time since last: 3335674 ns, Reaching safepoint: 664336 ns, At safepoint: 35267 ns, Total: 699603 ns
[2020-09-11T16:27:17.684+0000][1][safepoint    ] Safepoint "RevokeBias", Time since last: 646519624 ns, Reaching safepoint: 5399170 ns, At safepoint: 32861 ns, Total: 5432031 ns
[2020-09-11T16:27:17.742+0000][1][safepoint    ] Safepoint "RevokeBias", Time since last: 57065431 ns, Reaching safepoint: 863233 ns, At safepoint: 31832 ns, Total: 895065 ns
[2020-09-11T16:27:17.791+0000][1][safepoint    ] Safepoint "RevokeBias", Time since last: 48512866 ns, Reaching safepoint: 168431 ns, At safepoint: 22243 ns, Total: 190674 ns
[2020-09-11T16:27:17.802+0000][1][safepoint    ] Safepoint "RevokeBias", Time since last: 11283553 ns, Reaching safepoint: 169000 ns, At safepoint: 22024 ns, Total: 191024 ns
[2020-09-11T16:27:17.802+0000][1][safepoint    ] Safepoint "RevokeBias", Time since last: 72167 ns, Reaching safepoint: 113147 ns, At safepoint: 14942 ns, Total: 128089 ns
[2020-09-11T16:27:17.804+0000][1][safepoint    ] Safepoint "RevokeBias", Time since last: 1008962 ns, Reaching safepoint: 1034401 ns, At safepoint: 23364 ns, Total: 1057765 ns
[2020-09-11T16:27:17.805+0000][1][safepoint    ] Safepoint "RevokeBias", Time since last: 174387 ns, Reaching safepoint: 167275 ns, At safepoint: 16288 ns, Total: 183563 ns
[2020-09-11T16:27:17.813+0000][1][safepoint    ] Safepoint "RevokeBias", Time since last: 7509420 ns, Reaching safepoint: 170171 ns, At safepoint: 22394 ns, Total: 192565 ns
[2020-09-11T16:27:17.849+0000][1][safepoint    ] Safepoint "RevokeBias", Time since last: 35312097 ns, Reaching safepoint: 1027884 ns, At safepoint: 31493 ns, Total: 1059377 ns
[2020-09-11T16:27:18.479+0000][1][gc,start     ] GC(77) Pause Young (Allocation Failure)
[2020-09-11T16:27:18.479+0000][1][gc,task      ] GC(77) Using 1 workers of 1 for evacuation
[2020-09-11T16:27:18.509+0000][1][gc,age       ] GC(77) Desired survivor size 4358144 bytes, new threshold 6 (max threshold 6)
[2020-09-11T16:27:18.509+0000][1][gc,age       ] GC(77) Age table with threshold 6 (max threshold 6)
[2020-09-11T16:27:18.509+0000][1][gc,age       ] GC(77) - age   1:    1644744 bytes,    1644744 total
[2020-09-11T16:27:18.509+0000][1][gc,age       ] GC(77) - age   2:     468560 bytes,    2113304 total
[2020-09-11T16:27:18.509+0000][1][gc,age       ] GC(77) - age   3:     427560 bytes,    2540864 total
[2020-09-11T16:27:18.509+0000][1][gc,age       ] GC(77) - age   4:     411864 bytes,    2952728 total
[2020-09-11T16:27:18.509+0000][1][gc,age       ] GC(77) - age   5:     501776 bytes,    3454504 total
[2020-09-11T16:27:18.509+0000][1][gc,age       ] GC(77) - age   6:     682232 bytes,    4136736 total
[2020-09-11T16:27:18.509+0000][1][gc,heap      ] GC(77) ParNew: 72657K->5498K(76672K)
[2020-09-11T16:27:18.509+0000][1][gc,heap      ] GC(77) CMS: 80677K->80677K(439104K)
[2020-09-11T16:27:18.509+0000][1][gc,metaspace ] GC(77) Metaspace: 88314K->88314K(1130496K)
[2020-09-11T16:27:18.516+0000][1][gc           ] GC(77) Pause Young (Allocation Failure) 149M->84M(503M) 37.098ms
[2020-09-11T16:27:18.540+0000][1][gc,cpu       ] GC(77) User=0.01s Sys=0.00s Real=0.06s
[2020-09-11T16:27:18.561+0000][1][safepoint    ] Safepoint "GenCollectForAllocation", Time since last: 630233402 ns, Reaching safepoint: 193984 ns, At safepoint: 81264530 ns, Total: 81458514 ns
[2020-09-11T16:27:18.811+0000][1][safepoint    ] Safepoint "RevokeBias", Time since last: 237583868 ns, Reaching safepoint: 12310162 ns, At safepoint: 38468 ns, Total: 12348630 ns
[2020-09-11T16:27:18.964+0000][1][safepoint    ] Safepoint "RevokeBias", Time since last: 153416793 ns, Reaching safepoint: 112456 ns, At safepoint: 25050 ns, Total: 137506 ns
[2020-09-11T16:27:19.250+0000][1][safepoint    ] Safepoint "RevokeBias", Time since last: 285333464 ns, Reaching safepoint: 207256 ns, At safepoint: 28765 ns, Total: 236021 ns
[2020-09-11T16:27:19.251+0000][1][safepoint    ] Safepoint "RevokeBias", Time since last: 1162335 ns, Reaching safepoint: 153303 ns, At safepoint: 36003 ns, Total: 189306 ns
[2020-09-11T16:27:20.091+0000][1][safepoint    ] Safepoint "RevokeBias", Time since last: 839482943 ns, Reaching safepoint: 215842 ns, At safepoint: 31116 ns, Total: 246958 ns
[2020-09-11T16:27:20.099+0000][1][safepoint    ] Safepoint "RevokeBias", Time since last: 7684095 ns, Reaching safepoint: 386671 ns, At safepoint: 50902 ns, Total: 437573 ns
[2020-09-11T16:27:20.117+0000][1][safepoint    ] Safepoint "RevokeBias", Time since last: 13595838 ns, Reaching safepoint: 4426989 ns, At safepoint: 35406 ns, Total: 4462395 ns
[2020-09-11T16:27:20.118+0000][1][safepoint    ] Safepoint "RevokeBias", Time since last: 295051 ns, Reaching safepoint: 1041453 ns, At safepoint: 25786 ns, Total: 1067239 ns
[2020-09-11T16:27:20.119+0000][1][safepoint    ] Safepoint "RevokeBias", Time since last: 69446 ns, Reaching safepoint: 366474 ns, At safepoint: 21134 ns, Total: 387608 ns
[2020-09-11T16:27:20.121+0000][1][safepoint    ] Safepoint "RevokeBias", Time since last: 366827 ns, Reaching safepoint: 1761273 ns, At safepoint: 24618 ns, Total: 1785891 ns
[2020-09-11T16:27:20.122+0000][1][safepoint    ] Safepoint "RevokeBias", Time since last: 206230 ns, Reaching safepoint: 1068672 ns, At safepoint: 21815 ns, Total: 1090487 ns
[2020-09-11T16:27:20.133+0000][1][safepoint    ] Safepoint "RevokeBias", Time since last: 7018367 ns, Reaching safepoint: 3682227 ns, At safepoint: 51265 ns, Total: 3733492 ns
[2020-09-11T16:27:20.134+0000][1][safepoint    ] Safepoint "RevokeBias", Time since last: 163184 ns, Reaching safepoint: 591915 ns, At safepoint: 58301 ns, Total: 650216 ns
[2020-09-11T16:27:20.453+0000][1][safepoint    ] Safepoint "RevokeBias", Time since last: 316531907 ns, Reaching safepoint: 3143447 ns, At safepoint: 37256 ns, Total: 3180703 ns
[2020-09-11T16:27:20.465+0000][1][safepoint    ] Safepoint "RevokeBias", Time since last: 11008266 ns, Reaching safepoint: 414817 ns, At safepoint: 31012 ns, Total: 445829 ns
[2020-09-11T16:27:20.469+0000][1][safepoint    ] Safepoint "RevokeBias", Time since last: 3643191 ns, Reaching safepoint: 159815 ns, At safepoint: 31013 ns, Total: 190828 ns
[2020-09-11T16:27:20.786+0000][1][safepoint    ] Safepoint "RevokeBias", Time since last: 317135585 ns, Reaching safepoint: 226399 ns, At safepoint: 24672 ns, Total: 251071 ns
[2020-09-11T16:27:20.786+0000][1][safepoint    ] Safepoint "RevokeBias", Time since last: 79142 ns, Reaching safepoint: 191297 ns, At safepoint: 15731 ns, Total: 207028 ns
[2020-09-11T16:27:21.036+0000][1][gc,start     ] GC(78) Pause Young (Allocation Failure)
[2020-09-11T16:27:21.036+0000][1][gc,task      ] GC(78) Using 1 workers of 1 for evacuation
[2020-09-11T16:27:21.050+0000][1][gc,age       ] GC(78) Desired survivor size 4358144 bytes, new threshold 6 (max threshold 6)
[2020-09-11T16:27:21.345+0000][1][gc,age       ] GC(78) Age table with threshold 6 (max threshold 6)
[2020-09-11T16:27:21.345+0000][1][gc,age       ] GC(78) - age   1:    1652720 bytes,    1652720 total
[2020-09-11T16:27:21.345+0000][1][gc,age       ] GC(78) - age   2:     730904 bytes,    2383624 total
[2020-09-11T16:27:21.345+0000][1][gc,age       ] GC(78) - age   3:     431376 bytes,    2815000 total
[2020-09-11T16:27:21.345+0000][1][gc,age       ] GC(78) - age   4:     421904 bytes,    3236904 total
[2020-09-11T16:27:21.345+0000][1][gc,age       ] GC(78) - age   5:     406048 bytes,    3642952 total
[2020-09-11T16:27:21.345+0000][1][gc,age       ] GC(78) - age   6:     498848 bytes,    4141800 total
[2020-09-11T16:27:21.345+0000][1][gc,heap      ] GC(78) ParNew: 73658K->7434K(76672K)
[2020-09-11T16:27:21.345+0000][1][gc,heap      ] GC(78) CMS: 80677K->81354K(439104K)
[2020-09-11T16:27:21.345+0000][1][gc,metaspace ] GC(78) Metaspace: 88427K->88427K(1130496K)
[2020-09-11T16:27:21.345+0000][1][gc           ] GC(78) Pause Young (Allocation Failure) 150M->86M(503M) 309.631ms
[2020-09-11T16:27:21.345+0000][1][gc,cpu       ] GC(78) User=0.01s Sys=0.00s Real=0.31s
[2020-09-11T16:27:21.406+0000][1][safepoint    ] Safepoint "GenCollectForAllocation", Time since last: 248910570 ns, Reaching safepoint: 201452 ns, At safepoint: 370657279 ns, Total: 370858731 ns
[2020-09-11T16:27:21.537+0000][1][safepoint    ] Safepoint "RevokeBias", Time since last: 131164083 ns, Reaching safepoint: 105127 ns, At safepoint: 22782 ns, Total: 127909 ns
[2020-09-11T16:27:21.562+0000][1][safepoint    ] Safepoint "RevokeBias", Time since last: 23644021 ns, Reaching safepoint: 538899 ns, At safepoint: 41844 ns, Total: 580743 ns
[2020-09-11T16:27:21.581+0000][1][safepoint    ] Safepoint "RevokeBias", Time since last: 18556556 ns, Reaching safepoint: 252419 ns, At safepoint: 26203 ns, Total: 278622 ns
[2020-09-11T16:27:22.582+0000][1][safepoint    ] Safepoint "Cleanup", Time since last: 1000773787 ns, Reaching safepoint: 527209 ns, At safepoint: 13608 ns, Total: 540817 ns
[2020-09-11T16:27:22.610+0000][1][safepoint    ] Safepoint "RevokeBias", Time since last: 26968556 ns, Reaching safepoint: 1083130 ns, At safepoint: 27866 ns, Total: 1110996 ns
[2020-09-11T16:27:22.620+0000][1][safepoint    ] Safepoint "RevokeBias", Time since last: 9514929 ns, Reaching safepoint: 386344 ns, At safepoint: 29501 ns, Total: 415845 ns
[2020-09-11T16:27:23.058+0000][1][safepoint    ] Safepoint "RevokeBias", Time since last: 438353001 ns, Reaching safepoint: 128959 ns, At safepoint: 27706 ns, Total: 156665 ns
[2020-09-11T16:27:23.334+0000][1][gc,start     ] GC(79) Pause Young (Allocation Failure)
[2020-09-11T16:27:23.334+0000][1][gc,task      ] GC(79) Using 1 workers of 1 for evacuation
[2020-09-11T16:27:23.356+0000][1][gc,age       ] GC(79) Desired survivor size 4358144 bytes, new threshold 6 (max threshold 6)
[2020-09-11T16:27:23.356+0000][1][gc,age       ] GC(79) Age table with threshold 6 (max threshold 6)
[2020-09-11T16:27:23.356+0000][1][gc,age       ] GC(79) - age   1:    1947336 bytes,    1947336 total
[2020-09-11T16:27:23.356+0000][1][gc,age       ] GC(79) - age   2:     537640 bytes,    2484976 total
[2020-09-11T16:27:23.356+0000][1][gc,age       ] GC(79) - age   3:     691960 bytes,    3176936 total
[2020-09-11T16:27:23.356+0000][1][gc,age       ] GC(79) - age   4:     430128 bytes,    3607064 total
[2020-09-11T16:27:23.356+0000][1][gc,age       ] GC(79) - age   5:     418328 bytes,    4025392 total
[2020-09-11T16:27:23.356+0000][1][gc,age       ] GC(79) - age   6:     405952 bytes,    4431344 total
[2020-09-11T16:27:23.356+0000][1][gc,heap      ] GC(79) ParNew: 75594K->4892K(76672K)
[2020-09-11T16:27:23.356+0000][1][gc,heap      ] GC(79) CMS: 81354K->81852K(439104K)
[2020-09-11T16:27:23.356+0000][1][gc,metaspace ] GC(79) Metaspace: 88686K->88686K(1130496K)
[2020-09-11T16:27:23.356+0000][1][gc           ] GC(79) Pause Young (Allocation Failure) 153M->84M(503M) 21.693ms
[2020-09-11T16:27:23.356+0000][1][gc,cpu       ] GC(79) User=0.01s Sys=0.00s Real=0.02s
[2020-09-11T16:27:23.380+0000][1][safepoint    ] Safepoint "GenCollectForAllocation", Time since last: 274303208 ns, Reaching safepoint: 1659706 ns, At safepoint: 46084294 ns, Total: 47744000 ns
[2020-09-11T16:27:23.531+0000][1][safepoint    ] Safepoint "RevokeBias", Time since last: 149587959 ns, Reaching safepoint: 1197533 ns, At safepoint: 30198 ns, Total: 1227731 ns
[2020-09-11T16:27:23.648+0000][1][safepoint    ] Safepoint "RevokeBias", Time since last: 116206927 ns, Reaching safepoint: 227933 ns, At safepoint: 65093 ns, Total: 293026 ns
[2020-09-11T16:27:24.649+0000][1][safepoint    ] Safepoint "Cleanup", Time since last: 1001061703 ns, Reaching safepoint: 183835 ns, At safepoint: 7822 ns, Total: 191657 ns
[2020-09-11T16:27:25.459+0000][1][safepoint    ] Safepoint "RevokeBias", Time since last: 803810125 ns, Reaching safepoint: 6517151 ns, At safepoint: 25427 ns, Total: 6542578 ns
[2020-09-11T16:27:25.474+0000][1][safepoint    ] Safepoint "RevokeBias", Time since last: 14549704 ns, Reaching safepoint: 529631 ns, At safepoint: 19812 ns, Total: 549443 ns
[2020-09-11T16:27:25.565+0000][1][safepoint    ] Safepoint "RevokeBias", Time since last: 90716693 ns, Reaching safepoint: 207671 ns, At safepoint: 138069 ns, Total: 345740 ns
[2020-09-11T16:27:25.566+0000][1][safepoint    ] Safepoint "RevokeBias", Time since last: 325993 ns, Reaching safepoint: 177082 ns, At safepoint: 117828 ns, Total: 294910 ns
[2020-09-11T16:27:25.590+0000][1][safepoint    ] Safepoint "RevokeBias", Time since last: 23516738 ns, Reaching safepoint: 179325 ns, At safepoint: 14839 ns, Total: 194164 ns
[2020-09-11T16:27:25.590+0000][1][safepoint    ] Safepoint "RevokeBias", Time since last: 107417 ns, Reaching safepoint: 147335 ns, At safepoint: 11217 ns, Total: 158552 ns
[2020-09-11T16:27:25.597+0000][1][safepoint    ] Safepoint "RevokeBias", Time since last: 6495990 ns, Reaching safepoint: 469952 ns, At safepoint: 33305 ns, Total: 503257 ns
[2020-09-11T16:27:25.601+0000][1][safepoint    ] Safepoint "RevokeBias", Time since last: 288337 ns, Reaching safepoint: 3305425 ns, At safepoint: 37987 ns, Total: 3343412 ns
[2020-09-11T16:27:25.605+0000][1][safepoint    ] Safepoint "RevokeBias", Time since last: 3150040 ns, Reaching safepoint: 984930 ns, At safepoint: 15722 ns, Total: 1000652 ns
[2020-09-11T16:27:25.622+0000][1][gc,start     ] GC(80) Pause Young (Allocation Failure)
[2020-09-11T16:27:25.622+0000][1][gc,task      ] GC(80) Using 1 workers of 1 for evacuation
[2020-09-11T16:27:25.646+0000][1][gc,age       ] GC(80) Desired survivor size 4358144 bytes, new threshold 5 (max threshold 6)
[2020-09-11T16:27:25.646+0000][1][gc,age       ] GC(80) Age table with threshold 5 (max threshold 6)
[2020-09-11T16:27:25.646+0000][1][gc,age       ] GC(80) - age   1:    2384744 bytes,    2384744 total
[2020-09-11T16:27:25.646+0000][1][gc,age       ] GC(80) - age   2:     656688 bytes,    3041432 total
[2020-09-11T16:27:25.646+0000][1][gc,age       ] GC(80) - age   3:     514064 bytes,    3555496 total
[2020-09-11T16:27:25.646+0000][1][gc,age       ] GC(80) - age   4:     691344 bytes,    4246840 total
[2020-09-11T16:27:25.646+0000][1][gc,age       ] GC(80) - age   5:     428888 bytes,    4675728 total
[2020-09-11T16:27:25.646+0000][1][gc,age       ] GC(80) - age   6:     418280 bytes,    5094008 total
[2020-09-11T16:27:25.646+0000][1][gc,heap      ] GC(80) ParNew: 73052K->7714K(76672K)
[2020-09-11T16:27:25.646+0000][1][gc,heap      ] GC(80) CMS: 81852K->82251K(439104K)
[2020-09-11T16:27:25.646+0000][1][gc,metaspace ] GC(80) Metaspace: 89239K->89239K(1130496K)
[2020-09-11T16:27:25.646+0000][1][gc           ] GC(80) Pause Young (Allocation Failure) 151M->87M(503M) 24.056ms
[2020-09-11T16:27:25.646+0000][1][gc,cpu       ] GC(80) User=0.01s Sys=0.00s Real=0.02s
[2020-09-11T16:27:25.680+0000][1][safepoint    ] Safepoint "GenCollectForAllocation", Time since last: 15911408 ns, Reaching safepoint: 1214349 ns, At safepoint: 58485054 ns, Total: 59699403 ns
[2020-09-11T16:27:25.733+0000][1][safepoint    ] Safepoint "RevokeBias", Time since last: 48298309 ns, Reaching safepoint: 4398602 ns, At safepoint: 42110 ns, Total: 4440712 ns
[2020-09-11T16:27:25.745+0000][1][safepoint    ] Safepoint "RevokeBias", Time since last: 11548158 ns, Reaching safepoint: 186130 ns, At safepoint: 28830 ns, Total: 214960 ns
[2020-09-11T16:27:25.835+0000][1][safepoint    ] Safepoint "RevokeBias", Time since last: 87797142 ns, Reaching safepoint: 2273844 ns, At safepoint: 31175 ns, Total: 2305019 ns
[2020-09-11T16:27:26.045+0000][1][safepoint    ] Safepoint "RevokeBias", Time since last: 209695638 ns, Reaching safepoint: 262680 ns, At safepoint: 27219 ns, Total: 289899 ns
[2020-09-11T16:27:26.782+0000][1][gc,start     ] GC(81) Pause Young (Allocation Failure)
[2020-09-11T16:27:26.782+0000][1][gc,task      ] GC(81) Using 1 workers of 1 for evacuation
[2020-09-11T16:27:26.796+0000][1][gc,age       ] GC(81) Desired survivor size 4358144 bytes, new threshold 4 (max threshold 6)
[2020-09-11T16:27:26.796+0000][1][gc,age       ] GC(81) Age table with threshold 4 (max threshold 6)
[2020-09-11T16:27:26.796+0000][1][gc,age       ] GC(81) - age   1:    2568368 bytes,    2568368 total
[2020-09-11T16:27:26.796+0000][1][gc,age       ] GC(81) - age   2:     795056 bytes,    3363424 total
[2020-09-11T16:27:26.796+0000][1][gc,age       ] GC(81) - age   3:     654608 bytes,    4018032 total
[2020-09-11T16:27:26.796+0000][1][gc,age       ] GC(81) - age   4:     512336 bytes,    4530368 total
[2020-09-11T16:27:26.796+0000][1][gc,age       ] GC(81) - age   5:     690720 bytes,    5221088 total
[2020-09-11T16:27:26.796+0000][1][gc,heap      ] GC(81) ParNew: 75874K->8512K(76672K)
[2020-09-11T16:27:26.796+0000][1][gc,heap      ] GC(81) CMS: 82251K->83100K(439104K)
[2020-09-11T16:27:26.796+0000][1][gc,metaspace ] GC(81) Metaspace: 90750K->90750K(1132544K)
[2020-09-11T16:27:26.796+0000][1][gc           ] GC(81) Pause Young (Allocation Failure) 154M->89M(503M) 14.027ms
[2020-09-11T16:27:26.796+0000][1][gc,cpu       ] GC(81) User=0.01s Sys=0.00s Real=0.01s
[2020-09-11T16:27:26.801+0000][1][safepoint    ] Safepoint "GenCollectForAllocation", Time since last: 736636511 ns, Reaching safepoint: 220245 ns, At safepoint: 18867068 ns, Total: 19087313 ns
[2020-09-11T16:27:27.073+0000][1][safepoint    ] Safepoint "Deoptimize", Time since last: 271532372 ns, Reaching safepoint: 182839 ns, At safepoint: 738933 ns, Total: 921772 ns
[2020-09-11T16:27:28.002+0000][1][safepoint    ] Safepoint "Deoptimize", Time since last: 927551810 ns, Reaching safepoint: 254082 ns, At safepoint: 668879 ns, Total: 922961 ns
[2020-09-11T16:27:28.329+0000][1][safepoint    ] Safepoint "RevokeBias", Time since last: 327060311 ns, Reaching safepoint: 208532 ns, At safepoint: 25107 ns, Total: 233639 ns
[2020-09-11T16:27:28.337+0000][1][safepoint    ] Safepoint "RevokeBias", Time since last: 7756445 ns, Reaching safepoint: 158025 ns, At safepoint: 34749 ns, Total: 192774 ns
[2020-09-11T16:27:28.337+0000][1][safepoint    ] Safepoint "RevokeBias", Time since last: 106018 ns, Reaching safepoint: 142294 ns, At safepoint: 45042 ns, Total: 187336 ns
[2020-09-11T16:27:28.340+0000][1][safepoint    ] Safepoint "RevokeBias", Time since last: 2202431 ns, Reaching safepoint: 140795 ns, At safepoint: 29410 ns, Total: 170205 ns
[2020-09-11T16:27:28.340+0000][1][safepoint    ] Safepoint "RevokeBias", Time since last: 51230 ns, Reaching safepoint: 141848 ns, At safepoint: 23759 ns, Total: 165607 ns
[2020-09-11T16:27:28.340+0000][1][safepoint    ] Safepoint "RevokeBias", Time since last: 59084 ns, Reaching safepoint: 125161 ns, At safepoint: 22977 ns, Total: 148138 ns
[2020-09-11T16:27:28.345+0000][1][safepoint    ] Safepoint "RevokeBias", Time since last: 4714997 ns, Reaching safepoint: 151891 ns, At safepoint: 38083 ns, Total: 189974 ns
[2020-09-11T16:27:28.346+0000][1][safepoint    ] Safepoint "RevokeBias", Time since last: 760670 ns, Reaching safepoint: 148578 ns, At safepoint: 34973 ns, Total: 183551 ns
[2020-09-11T16:27:28.407+0000][1][safepoint    ] Safepoint "RevokeBias", Time since last: 60818859 ns, Reaching safepoint: 165343 ns, At safepoint: 35283 ns, Total: 200626 ns
[2020-09-11T16:27:28.408+0000][1][safepoint    ] Safepoint "RevokeBias", Time since last: 688926 ns, Reaching safepoint: 143969 ns, At safepoint: 37957 ns, Total: 181926 ns
[2020-09-11T16:27:28.409+0000][1][safepoint    ] Safepoint "RevokeBias", Time since last: 995687 ns, Reaching safepoint: 151518 ns, At safepoint: 42275 ns, Total: 193793 ns
[2020-09-11T16:27:28.417+0000][1][safepoint    ] Safepoint "RevokeBias", Time since last: 7800158 ns, Reaching safepoint: 154731 ns, At safepoint: 31422 ns, Total: 186153 ns
[2020-09-11T16:27:28.425+0000][1][safepoint    ] Safepoint "RevokeBias", Time since last: 7825633 ns, Reaching safepoint: 161782 ns, At safepoint: 30550 ns, Total: 192332 ns
[2020-09-11T16:27:28.820+0000][1][safepoint    ] Safepoint "GenCollectForAllocation", Time since last: 394612930 ns, Reaching safepoint: 258328 ns, At safepoint: 21690 ns, Total: 280018 ns
[2020-09-11T16:27:28.829+0000][1][safepoint    ] Safepoint "RevokeBias", Time since last: 8898489 ns, Reaching safepoint: 212465 ns, At safepoint: 30371 ns, Total: 242836 ns
[2020-09-11T16:27:28.847+0000][1][safepoint    ] Safepoint "RevokeBias", Time since last: 17286760 ns, Reaching safepoint: 204187 ns, At safepoint: 28007 ns, Total: 232194 ns
[2020-09-11T16:27:28.859+0000][1][safepoint    ] Safepoint "RevokeBias", Time since last: 5046761 ns, Reaching safepoint: 7476257 ns, At safepoint: 33717 ns, Total: 7509974 ns
[2020-09-11T16:27:28.861+0000][1][safepoint    ] Safepoint "RevokeBias", Time since last: 136000 ns, Reaching safepoint: 2043738 ns, At safepoint: 31505 ns, Total: 2075243 ns
[2020-09-11T16:27:28.867+0000][1][gc,start     ] GC(82) Pause Young (GCLocker Initiated GC)
[2020-09-11T16:27:28.867+0000][1][gc,task      ] GC(82) Using 1 workers of 1 for evacuation
[2020-09-11T16:27:28.901+0000][1][gc,age       ] GC(82) Desired survivor size 4358144 bytes, new threshold 2 (max threshold 6)
[2020-09-11T16:27:28.901+0000][1][gc,age       ] GC(82) Age table with threshold 2 (max threshold 6)
[2020-09-11T16:27:28.901+0000][1][gc,age       ] GC(82) - age   1:    3541680 bytes,    3541680 total
[2020-09-11T16:27:28.901+0000][1][gc,age       ] GC(82) - age   2:    2516320 bytes,    6058000 total
[2020-09-11T16:27:28.901+0000][1][gc,age       ] GC(82) - age   3:     792696 bytes,    6850696 total
[2020-09-11T16:27:28.901+0000][1][gc,age       ] GC(82) - age   4:     617832 bytes,    7468528 total
[2020-09-11T16:27:28.901+0000][1][gc,heap      ] GC(82) ParNew: 76672K->8512K(76672K)
[2020-09-11T16:27:28.901+0000][1][gc,heap      ] GC(82) CMS: 86039K->87234K(439104K)
[2020-09-11T16:27:28.901+0000][1][gc,metaspace ] GC(82) Metaspace: 91294K->91294K(1132544K)
[2020-09-11T16:27:28.901+0000][1][gc           ] GC(82) Pause Young (GCLocker Initiated GC) 158M->93M(503M) 34.113ms
[2020-09-11T16:27:28.901+0000][1][gc,cpu       ] GC(82) User=0.02s Sys=0.00s Real=0.03s
[2020-09-11T16:27:28.909+0000][1][safepoint    ] Safepoint "GenCollectFull", Time since last: 5037011 ns, Reaching safepoint: 210567 ns, At safepoint: 42482308 ns, Total: 42692875 ns
[2020-09-11T16:27:28.920+0000][1][safepoint    ] Safepoint "RevokeBias", Time since last: 8638583 ns, Reaching safepoint: 118016 ns, At safepoint: 2272495 ns, Total: 2390511 ns
[2020-09-11T16:27:29.920+0000][1][safepoint    ] Safepoint "Cleanup", Time since last: 1000104675 ns, Reaching safepoint: 218849 ns, At safepoint: 11171 ns, Total: 230020 ns
[2020-09-11T16:27:30.087+0000][1][safepoint    ] Safepoint "Deoptimize", Time since last: 166105051 ns, Reaching safepoint: 194728 ns, At safepoint: 741155 ns, Total: 935883 ns
[2020-09-11T16:27:30.268+0000][1][safepoint    ] Safepoint "RevokeBias", Time since last: 180743938 ns, Reaching safepoint: 203763 ns, At safepoint: 65299 ns, Total: 269062 ns
[2020-09-11T16:27:30.310+0000][1][safepoint    ] Safepoint "RevokeBias", Time since last: 40537703 ns, Reaching safepoint: 1128438 ns, At safepoint: 28903 ns, Total: 1157341 ns
[2020-09-11T16:27:30.310+0000][1][safepoint    ] Safepoint "RevokeBias", Time since last: 96630 ns, Reaching safepoint: 214479 ns, At safepoint: 21384 ns, Total: 235863 ns
[2020-09-11T16:27:30.313+0000][1][safepoint    ] Safepoint "RevokeBias", Time since last: 1222066 ns, Reaching safepoint: 1146939 ns, At safepoint: 42350 ns, Total: 1189289 ns
[2020-09-11T16:27:30.319+0000][1][safepoint    ] Safepoint "RevokeBias", Time since last: 5514571 ns, Reaching safepoint: 201309 ns, At safepoint: 31814 ns, Total: 233123 ns
[2020-09-11T16:27:31.321+0000][1][safepoint    ] Safepoint "Cleanup", Time since last: 1000106379 ns, Reaching safepoint: 2251641 ns, At safepoint: 12301 ns, Total: 2263942 ns
[2020-09-11T16:27:32.013+0000][1][gc,start     ] GC(83) Pause Young (Allocation Failure)
[2020-09-11T16:27:32.013+0000][1][gc,task      ] GC(83) Using 1 workers of 1 for evacuation
[2020-09-11T16:27:32.063+0000][1][gc,age       ] GC(83) Desired survivor size 4358144 bytes, new threshold 6 (max threshold 6)
[2020-09-11T16:27:32.063+0000][1][gc,age       ] GC(83) Age table with threshold 6 (max threshold 6)
[2020-09-11T16:27:32.063+0000][1][gc,age       ] GC(83) - age   1:     863696 bytes,     863696 total
[2020-09-11T16:27:32.063+0000][1][gc,age       ] GC(83) - age   2:    3364192 bytes,    4227888 total
[2020-09-11T16:27:32.063+0000][1][gc,heap      ] GC(83) ParNew: 76669K->6241K(76672K)
[2020-09-11T16:27:32.063+0000][1][gc,heap      ] GC(83) CMS: 87234K->91074K(439104K)
[2020-09-11T16:27:32.063+0000][1][gc,metaspace ] GC(83) Metaspace: 91864K->91864K(1134592K)
[2020-09-11T16:27:32.063+0000][1][gc           ] GC(83) Pause Young (Allocation Failure) 160M->95M(503M) 49.829ms
[2020-09-11T16:27:32.063+0000][1][gc,cpu       ] GC(83) User=0.03s Sys=0.00s Real=0.05s
[2020-09-11T16:27:32.063+0000][1][safepoint    ] Safepoint "GenCollectForAllocation", Time since last: 691633981 ns, Reaching safepoint: 221693 ns, At safepoint: 49895942 ns, Total: 50117635 ns
[2020-09-11T16:27:32.214+0000][1][safepoint    ] Safepoint "RevokeBias", Time since last: 147583519 ns, Reaching safepoint: 3228438 ns, At safepoint: 34146 ns, Total: 3262584 ns
[2020-09-11T16:27:32.217+0000][1][safepoint    ] Safepoint "RevokeBias", Time since last: 610210 ns, Reaching safepoint: 2626765 ns, At safepoint: 26844 ns, Total: 2653609 ns
[2020-09-11T16:27:32.250+0000][1][safepoint    ] Safepoint "RevokeBias", Time since last: 33292202 ns, Reaching safepoint: 244596 ns, At safepoint: 27716 ns, Total: 272312 ns
[2020-09-11T16:27:32.252+0000][1][safepoint    ] Safepoint "RevokeBias", Time since last: 1192903 ns, Reaching safepoint: 146491 ns, At safepoint: 20651 ns, Total: 167142 ns
[2020-09-11T16:27:33.182+0000][1][safepoint    ] Safepoint "RevokeBias", Time since last: 930083272 ns, Reaching safepoint: 172971 ns, At safepoint: 20398 ns, Total: 193369 ns
[2020-09-11T16:27:33.182+0000][1][safepoint    ] Safepoint "RevokeBias", Time since last: 155686 ns, Reaching safepoint: 35544 ns, At safepoint: 11462 ns, Total: 47006 ns
[2020-09-11T16:27:33.398+0000][1][safepoint    ] Safepoint "RevokeBias", Time since last: 215786442 ns, Reaching safepoint: 106040 ns, At safepoint: 25406 ns, Total: 131446 ns
[2020-09-11T16:27:33.419+0000][1][safepoint    ] Safepoint "RevokeBias", Time since last: 20763862 ns, Reaching safepoint: 174374 ns, At safepoint: 22811 ns, Total: 197185 ns
[2020-09-11T16:27:33.419+0000][1][safepoint    ] Safepoint "RevokeBias", Time since last: 204311 ns, Reaching safepoint: 108233 ns, At safepoint: 12838 ns, Total: 121071 ns
[2020-09-11T16:27:33.420+0000][1][safepoint    ] Safepoint "RevokeBias", Time since last: 73053 ns, Reaching safepoint: 104722 ns, At safepoint: 11562 ns, Total: 116284 ns
[2020-09-11T16:27:33.420+0000][1][safepoint    ] Safepoint "RevokeBias", Time since last: 69134 ns, Reaching safepoint: 103998 ns, At safepoint: 11317 ns, Total: 115315 ns
[2020-09-11T16:27:33.420+0000][1][safepoint    ] Safepoint "RevokeBias", Time since last: 110376 ns, Reaching safepoint: 104644 ns, At safepoint: 11048 ns, Total: 115692 ns
[2020-09-11T16:27:33.420+0000][1][safepoint    ] Safepoint "RevokeBias", Time since last: 75090 ns, Reaching safepoint: 103971 ns, At safepoint: 11289 ns, Total: 115260 ns
[2020-09-11T16:27:33.420+0000][1][safepoint    ] Safepoint "RevokeBias", Time since last: 76282 ns, Reaching safepoint: 103548 ns, At safepoint: 10808 ns, Total: 114356 ns
[2020-09-11T16:27:33.425+0000][1][safepoint    ] Safepoint "RevokeBias", Time since last: 3886721 ns, Reaching safepoint: 132573 ns, At safepoint: 17189 ns, Total: 149762 ns
[2020-09-11T16:27:33.425+0000][1][safepoint    ] Safepoint "RevokeBias", Time since last: 80348 ns, Reaching safepoint: 107266 ns, At safepoint: 12142 ns, Total: 119408 ns
[2020-09-11T16:27:33.449+0000][1][safepoint    ] Safepoint "BulkRevokeBias", Time since last: 24084502 ns, Reaching safepoint: 176177 ns, At safepoint: 338553 ns, Total: 514730 ns
[2020-09-11T16:27:33.470+0000][1][safepoint    ] Safepoint "RevokeBias", Time since last: 20684648 ns, Reaching safepoint: 162020 ns, At safepoint: 20329 ns, Total: 182349 ns
[2020-09-11T16:27:33.527+0000][1][safepoint    ] Safepoint "RevokeBias", Time since last: 55042635 ns, Reaching safepoint: 2209045 ns, At safepoint: 57299 ns, Total: 2266344 ns
[2020-09-11T16:27:33.531+0000][1][safepoint    ] Safepoint "RevokeBias", Time since last: 3711052 ns, Reaching safepoint: 169899 ns, At safepoint: 49724 ns, Total: 219623 ns
[2020-09-11T16:27:33.537+0000][1][safepoint    ] Safepoint "RevokeBias", Time since last: 4891783 ns, Reaching safepoint: 391970 ns, At safepoint: 62846 ns, Total: 454816 ns
[2020-09-11T16:27:33.543+0000][1][safepoint    ] Safepoint "RevokeBias", Time since last: 5583353 ns, Reaching safepoint: 256355 ns, At safepoint: 49493 ns, Total: 305848 ns
[2020-09-11T16:27:33.543+0000][1][safepoint    ] Safepoint "RevokeBias", Time since last: 177985 ns, Reaching safepoint: 131076 ns, At safepoint: 45522 ns, Total: 176598 ns
[2020-09-11T16:27:33.543+0000][1][safepoint    ] Safepoint "RevokeBias", Time since last: 71099 ns, Reaching safepoint: 114047 ns, At safepoint: 39862 ns, Total: 153909 ns
[2020-09-11T16:27:33.543+0000][1][safepoint    ] Safepoint "RevokeBias", Time since last: 67735 ns, Reaching safepoint: 114321 ns, At safepoint: 54329 ns, Total: 168650 ns
[2020-09-11T16:27:33.544+0000][1][safepoint    ] Safepoint "RevokeBias", Time since last: 63043 ns, Reaching safepoint: 112042 ns, At safepoint: 35791 ns, Total: 147833 ns
[2020-09-11T16:27:33.544+0000][1][safepoint    ] Safepoint "RevokeBias", Time since last: 61388 ns, Reaching safepoint: 111292 ns, At safepoint: 48397 ns, Total: 159689 ns
[2020-09-11T16:27:33.544+0000][1][safepoint    ] Safepoint "RevokeBias", Time since last: 70701 ns, Reaching safepoint: 234155 ns, At safepoint: 33552 ns, Total: 267707 ns
[2020-09-11T16:27:33.547+0000][1][safepoint    ] Safepoint "RevokeBias", Time since last: 1898347 ns, Reaching safepoint: 141365 ns, At safepoint: 317763 ns, Total: 459128 ns
[2020-09-11T16:27:33.547+0000][1][safepoint    ] Safepoint "RevokeBias", Time since last: 204719 ns, Reaching safepoint: 123016 ns, At safepoint: 48607 ns, Total: 171623 ns
[2020-09-11T16:27:33.551+0000][1][safepoint    ] Safepoint "RevokeBias", Time since last: 3290655 ns, Reaching safepoint: 152245 ns, At safepoint: 505415 ns, Total: 657660 ns
[2020-09-11T16:27:33.551+0000][1][safepoint    ] Safepoint "RevokeBias", Time since last: 178326 ns, Reaching safepoint: 143417 ns, At safepoint: 34669 ns, Total: 178086 ns
[2020-09-11T16:27:33.552+0000][1][safepoint    ] Safepoint "RevokeBias", Time since last: 106520 ns, Reaching safepoint: 129198 ns, At safepoint: 23695 ns, Total: 152893 ns
[2020-09-11T16:27:33.552+0000][1][safepoint    ] Safepoint "RevokeBias", Time since last: 124940 ns, Reaching safepoint: 125233 ns, At safepoint: 22870 ns, Total: 148103 ns
[2020-09-11T16:27:33.555+0000][1][safepoint    ] Safepoint "RevokeBias", Time since last: 196981 ns, Reaching safepoint: 123907 ns, At safepoint: 2417739 ns, Total: 2541646 ns
[2020-09-11T16:27:33.555+0000][1][safepoint    ] Safepoint "RevokeBias", Time since last: 118795 ns, Reaching safepoint: 135275 ns, At safepoint: 31968 ns, Total: 167243 ns
[2020-09-11T16:27:33.555+0000][1][safepoint    ] Safepoint "RevokeBias", Time since last: 101093 ns, Reaching safepoint: 132988 ns, At safepoint: 265282 ns, Total: 398270 ns
[2020-09-11T16:27:33.556+0000][1][safepoint    ] Safepoint "RevokeBias", Time since last: 532931 ns, Reaching safepoint: 127131 ns, At safepoint: 24719 ns, Total: 151850 ns
[2020-09-11T16:27:33.559+0000][1][safepoint    ] Safepoint "RevokeBias", Time since last: 175780 ns, Reaching safepoint: 2888315 ns, At safepoint: 34568 ns, Total: 2922883 ns
[2020-09-11T16:27:33.560+0000][1][safepoint    ] Safepoint "RevokeBias", Time since last: 500050 ns, Reaching safepoint: 137328 ns, At safepoint: 27047 ns, Total: 164375 ns
[2020-09-11T16:27:33.560+0000][1][safepoint    ] Safepoint "RevokeBias", Time since last: 471034 ns, Reaching safepoint: 129939 ns, At safepoint: 25313 ns, Total: 155252 ns
[2020-09-11T16:27:33.563+0000][1][safepoint    ] Safepoint "RevokeBias", Time since last: 69051 ns, Reaching safepoint: 121037 ns, At safepoint: 2281711 ns, Total: 2402748 ns
[2020-09-11T16:27:34.313+0000][1][safepoint    ] Safepoint "RevokeBias", Time since last: 750259817 ns, Reaching safepoint: 211122 ns, At safepoint: 24855 ns, Total: 235977 ns
[2020-09-11T16:27:34.358+0000][1][safepoint    ] Safepoint "RevokeBias", Time since last: 44028624 ns, Reaching safepoint: 174525 ns, At safepoint: 19281 ns, Total: 193806 ns
[2020-09-11T16:27:34.358+0000][1][safepoint    ] Safepoint "RevokeBias", Time since last: 65159 ns, Reaching safepoint: 115624 ns, At safepoint: 11759 ns, Total: 127383 ns
[2020-09-11T16:27:34.651+0000][1][safepoint    ] Safepoint "RevokeBias", Time since last: 292836907 ns, Reaching safepoint: 662991 ns, At safepoint: 10430 ns, Total: 673421 ns
[2020-09-11T16:27:34.652+0000][1][safepoint    ] Safepoint "RevokeBias", Time since last: 273822 ns, Reaching safepoint: 121519 ns, At safepoint: 7094 ns, Total: 128613 ns
[2020-09-11T16:27:34.698+0000][1][safepoint    ] Safepoint "RevokeBias", Time since last: 45901355 ns, Reaching safepoint: 172074 ns, At safepoint: 20315 ns, Total: 192389 ns
[2020-09-11T16:27:34.877+0000][1][safepoint    ] Safepoint "RevokeBias", Time since last: 179304568 ns, Reaching safepoint: 188716 ns, At safepoint: 21973 ns, Total: 210689 ns
[2020-09-11T16:27:34.878+0000][1][safepoint    ] Safepoint "RevokeBias", Time since last: 830387 ns, Reaching safepoint: 39413 ns, At safepoint: 13131 ns, Total: 52544 ns
[2020-09-11T16:27:34.883+0000][1][safepoint    ] Safepoint "RevokeBias", Time since last: 4635611 ns, Reaching safepoint: 149246 ns, At safepoint: 19575 ns, Total: 168821 ns
[2020-09-11T16:27:34.885+0000][1][safepoint    ] Safepoint "RevokeBias", Time since last: 1785421 ns, Reaching safepoint: 133554 ns, At safepoint: 19725 ns, Total: 153279 ns
[2020-09-11T16:27:34.885+0000][1][safepoint    ] Safepoint "RevokeBias", Time since last: 151259 ns, Reaching safepoint: 106728 ns, At safepoint: 13079 ns, Total: 119807 ns
[2020-09-11T16:27:34.889+0000][1][safepoint    ] Safepoint "RevokeBias", Time since last: 3578404 ns, Reaching safepoint: 137298 ns, At safepoint: 19884 ns, Total: 157182 ns
[2020-09-11T16:27:34.889+0000][1][safepoint    ] Safepoint "RevokeBias", Time since last: 265498 ns, Reaching safepoint: 107129 ns, At safepoint: 12578 ns, Total: 119707 ns
[2020-09-11T16:27:34.890+0000][1][safepoint    ] Safepoint "RevokeBias", Time since last: 108258 ns, Reaching safepoint: 103449 ns, At safepoint: 11576 ns, Total: 115025 ns
[2020-09-11T16:27:34.891+0000][1][safepoint    ] Safepoint "RevokeBias", Time since last: 1286572 ns, Reaching safepoint: 109128 ns, At safepoint: 16762 ns, Total: 125890 ns
[2020-09-11T16:27:34.892+0000][1][safepoint    ] Safepoint "RevokeBias", Time since last: 450757 ns, Reaching safepoint: 107657 ns, At safepoint: 13873 ns, Total: 121530 ns
[2020-09-11T16:27:34.903+0000][1][safepoint    ] Safepoint "RevokeBias", Time since last: 11276561 ns, Reaching safepoint: 227660 ns, At safepoint: 24369 ns, Total: 252029 ns
[2020-09-11T16:27:34.904+0000][1][safepoint    ] Safepoint "RevokeBias", Time since last: 1205850 ns, Reaching safepoint: 55387 ns, At safepoint: 14109 ns, Total: 69496 ns
[2020-09-11T16:27:34.905+0000][1][safepoint    ] Safepoint "RevokeBias", Time since last: 272760 ns, Reaching safepoint: 34409 ns, At safepoint: 11803 ns, Total: 46212 ns
[2020-09-11T16:27:34.907+0000][1][safepoint    ] Safepoint "RevokeBias", Time since last: 2475372 ns, Reaching safepoint: 105210 ns, At safepoint: 17454 ns, Total: 122664 ns
[2020-09-11T16:27:34.908+0000][1][safepoint    ] Safepoint "RevokeBias", Time since last: 792274 ns, Reaching safepoint: 114034 ns, At safepoint: 15666 ns, Total: 129700 ns
[2020-09-11T16:27:34.911+0000][1][safepoint    ] Safepoint "RevokeBias", Time since last: 456336 ns, Reaching safepoint: 105699 ns, At safepoint: 2162063 ns, Total: 2267762 ns
[2020-09-11T16:27:34.912+0000][1][safepoint    ] Safepoint "RevokeBias", Time since last: 661270 ns, Reaching safepoint: 137037 ns, At safepoint: 16123 ns, Total: 153160 ns
[2020-09-11T16:27:34.915+0000][1][safepoint    ] Safepoint "RevokeBias", Time since last: 3457111 ns, Reaching safepoint: 150037 ns, At safepoint: 21516 ns, Total: 171553 ns
[2020-09-11T16:27:34.916+0000][1][safepoint    ] Safepoint "RevokeBias", Time since last: 600353 ns, Reaching safepoint: 122218 ns, At safepoint: 14995 ns, Total: 137213 ns
[2020-09-11T16:27:34.941+0000][1][safepoint    ] Safepoint "RevokeBias", Time since last: 24713096 ns, Reaching safepoint: 176286 ns, At safepoint: 25230 ns, Total: 201516 ns
[2020-09-11T16:27:34.941+0000][1][safepoint    ] Safepoint "RevokeBias", Time since last: 92815 ns, Reaching safepoint: 109191 ns, At safepoint: 14155 ns, Total: 123346 ns
[2020-09-11T16:27:35.942+0000][1][safepoint    ] Safepoint "Cleanup", Time since last: 1000254768 ns, Reaching safepoint: 113626 ns, At safepoint: 6391 ns, Total: 120017 ns
[2020-09-11T16:27:36.579+0000][1][safepoint    ] Safepoint "RevokeBias", Time since last: 635228994 ns, Reaching safepoint: 1894554 ns, At safepoint: 32261 ns, Total: 1926815 ns
[2020-09-11T16:27:36.601+0000][1][safepoint    ] Safepoint "RevokeBias", Time since last: 22034144 ns, Reaching safepoint: 212056 ns, At safepoint: 29017 ns, Total: 241073 ns
[2020-09-11T16:27:36.605+0000][1][safepoint    ] Safepoint "RevokeBias", Time since last: 1839943 ns, Reaching safepoint: 1720144 ns, At safepoint: 27714 ns, Total: 1747858 ns
[2020-09-11T16:27:36.609+0000][1][safepoint    ] Safepoint "RevokeBias", Time since last: 1335475 ns, Reaching safepoint: 2931570 ns, At safepoint: 28339 ns, Total: 2959909 ns
[2020-09-11T16:27:36.653+0000][1][safepoint    ] Safepoint "RevokeBias", Time since last: 43488363 ns, Reaching safepoint: 187420 ns, At safepoint: 21250 ns, Total: 208670 ns
[2020-09-11T16:27:36.653+0000][1][safepoint    ] Safepoint "RevokeBias", Time since last: 444303 ns, Reaching safepoint: 54659 ns, At safepoint: 15945 ns, Total: 70604 ns
[2020-09-11T16:27:36.653+0000][1][safepoint    ] Safepoint "RevokeBias", Time since last: 38406 ns, Reaching safepoint: 40262 ns, At safepoint: 12842 ns, Total: 53104 ns
[2020-09-11T16:27:37.388+0000][1][safepoint    ] Safepoint "RevokeBias", Time since last: 734383508 ns, Reaching safepoint: 186579 ns, At safepoint: 28971 ns, Total: 215550 ns
[2020-09-11T16:27:37.388+0000][1][safepoint    ] Safepoint "RevokeBias", Time since last: 125215 ns, Reaching safepoint: 145512 ns, At safepoint: 20060 ns, Total: 165572 ns
[2020-09-11T16:27:37.389+0000][1][safepoint    ] Safepoint "RevokeBias", Time since last: 768995 ns, Reaching safepoint: 144917 ns, At safepoint: 20018 ns, Total: 164935 ns
[2020-09-11T16:27:37.398+0000][1][gc,start     ] GC(84) Pause Young (Allocation Failure)
[2020-09-11T16:27:37.398+0000][1][gc,task      ] GC(84) Using 1 workers of 1 for evacuation
[2020-09-11T16:27:37.425+0000][1][gc,age       ] GC(84) Desired survivor size 4358144 bytes, new threshold 1 (max threshold 6)
[2020-09-11T16:27:37.425+0000][1][gc,age       ] GC(84) Age table with threshold 1 (max threshold 6)
[2020-09-11T16:27:37.425+0000][1][gc,age       ] GC(84) - age   1:    5927968 bytes,    5927968 total
[2020-09-11T16:27:37.425+0000][1][gc,age       ] GC(84) - age   2:     560616 bytes,    6488584 total
[2020-09-11T16:27:37.425+0000][1][gc,age       ] GC(84) - age   3:    2187088 bytes,    8675672 total
[2020-09-11T16:27:37.425+0000][1][gc,heap      ] GC(84) ParNew: 74401K->8512K(76672K)
[2020-09-11T16:27:37.425+0000][1][gc,heap      ] GC(84) CMS: 91074K->92533K(439104K)
[2020-09-11T16:27:37.425+0000][1][gc,metaspace ] GC(84) Metaspace: 93291K->93291K(1134592K)
[2020-09-11T16:27:37.425+0000][1][gc           ] GC(84) Pause Young (Allocation Failure) 161M->98M(503M) 26.850ms
[2020-09-11T16:27:37.425+0000][1][gc,cpu       ] GC(84) User=0.01s Sys=0.00s Real=0.03s
[2020-09-11T16:27:37.425+0000][1][safepoint    ] Safepoint "GenCollectForAllocation", Time since last: 8858991 ns, Reaching safepoint: 190472 ns, At safepoint: 27021818 ns, Total: 27212290 ns
[2020-09-11T16:27:37.436+0000][1][safepoint    ] Safepoint "RevokeBias", Time since last: 10597447 ns, Reaching safepoint: 91940 ns, At safepoint: 28991 ns, Total: 120931 ns
[2020-09-11T16:27:37.436+0000][1][safepoint    ] Safepoint "RevokeBias", Time since last: 256018 ns, Reaching safepoint: 36431 ns, At safepoint: 20937 ns, Total: 57368 ns
[2020-09-11T16:27:37.436+0000][1][safepoint    ] Safepoint "RevokeBias", Time since last: 128301 ns, Reaching safepoint: 39733 ns, At safepoint: 19933 ns, Total: 59666 ns
[2020-09-11T16:27:37.436+0000][1][safepoint    ] Safepoint "RevokeBias", Time since last: 45846 ns, Reaching safepoint: 36178 ns, At safepoint: 19786 ns, Total: 55964 ns
[2020-09-11T16:27:37.482+0000][1][safepoint    ] Safepoint "RevokeBias", Time since last: 44972994 ns, Reaching safepoint: 159693 ns, At safepoint: 22487 ns, Total: 182180 ns
[2020-09-11T16:27:37.482+0000][1][safepoint    ] Safepoint "RevokeBias", Time since last: 129181 ns, Reaching safepoint: 105122 ns, At safepoint: 14558 ns, Total: 119680 ns
[2020-09-11T16:27:37.495+0000][1][safepoint    ] Safepoint "RevokeBias", Time since last: 13208997 ns, Reaching safepoint: 164165 ns, At safepoint: 21733 ns, Total: 185898 ns
[2020-09-11T16:27:37.495+0000][1][safepoint    ] Safepoint "RevokeBias", Time since last: 73182 ns, Reaching safepoint: 109539 ns, At safepoint: 13038 ns, Total: 122577 ns
[2020-09-11T16:27:37.496+0000][1][safepoint    ] Safepoint "RevokeBias", Time since last: 38433 ns, Reaching safepoint: 105764 ns, At safepoint: 12087 ns, Total: 117851 ns
[2020-09-11T16:27:38.496+0000][1][safepoint    ] Safepoint "Cleanup", Time since last: 1000085635 ns, Reaching safepoint: 94586 ns, At safepoint: 7172 ns, Total: 101758 ns
[2020-09-11T16:27:39.065+0000][1][safepoint    ] Safepoint "RevokeBias", Time since last: 568550760 ns, Reaching safepoint: 173411 ns, At safepoint: 24548 ns, Total: 197959 ns
[2020-09-11T16:27:39.065+0000][1][safepoint    ] Safepoint "RevokeBias", Time since last: 140377 ns, Reaching safepoint: 163621 ns, At safepoint: 17483 ns, Total: 181104 ns
[2020-09-11T16:27:40.065+0000][1][safepoint    ] Safepoint "Cleanup", Time since last: 1000092516 ns, Reaching safepoint: 99162 ns, At safepoint: 11309 ns, Total: 110471 ns
[2020-09-11T16:27:41.065+0000][1][safepoint    ] Safepoint "Cleanup", Time since last: 1000118111 ns, Reaching safepoint: 108473 ns, At safepoint: 10002 ns, Total: 118475 ns
[2020-09-11T16:27:41.559+0000][1][safepoint    ] Safepoint "RevokeBias", Time since last: 493115837 ns, Reaching safepoint: 97850 ns, At safepoint: 22249 ns, Total: 120099 ns
[2020-09-11T16:27:42.559+0000][1][safepoint    ] Safepoint "Cleanup", Time since last: 1000113524 ns, Reaching safepoint: 97849 ns, At safepoint: 8626 ns, Total: 106475 ns
[2020-09-11T16:27:42.928+0000][1][safepoint    ] Safepoint "RevokeBias", Time since last: 369646004 ns, Reaching safepoint: 90578 ns, At safepoint: 24102 ns, Total: 114680 ns
[2020-09-11T16:27:42.929+0000][1][safepoint    ] Safepoint "RevokeBias", Time since last: 106249 ns, Reaching safepoint: 67105 ns, At safepoint: 16317 ns, Total: 83422 ns
[2020-09-11T16:27:42.930+0000][1][safepoint    ] Safepoint "RevokeBias", Time since last: 779553 ns, Reaching safepoint: 68676 ns, At safepoint: 16231 ns, Total: 84907 ns
[2020-09-11T16:27:43.010+0000][1][safepoint    ] Safepoint "RevokeBias", Time since last: 79963680 ns, Reaching safepoint: 179835 ns, At safepoint: 26870 ns, Total: 206705 ns
[2020-09-11T16:27:43.010+0000][1][safepoint    ] Safepoint "RevokeBias", Time since last: 74536 ns, Reaching safepoint: 141111 ns, At safepoint: 19736 ns, Total: 160847 ns
[2020-09-11T16:27:43.011+0000][1][safepoint    ] Safepoint "RevokeBias", Time since last: 470699 ns, Reaching safepoint: 142407 ns, At safepoint: 21133 ns, Total: 163540 ns
[2020-09-11T16:27:43.011+0000][1][safepoint    ] Safepoint "RevokeBias", Time since last: 123582 ns, Reaching safepoint: 136415 ns, At safepoint: 16293 ns, Total: 152708 ns
[2020-09-11T16:27:43.011+0000][1][safepoint    ] Safepoint "RevokeBias", Time since last: 59751 ns, Reaching safepoint: 129159 ns, At safepoint: 15189 ns, Total: 144348 ns
[2020-09-11T16:27:43.051+0000][1][gc,start     ] GC(85) Pause Young (Allocation Failure)
[2020-09-11T16:27:43.051+0000][1][gc,task      ] GC(85) Using 1 workers of 1 for evacuation
[2020-09-11T16:27:43.066+0000][1][gc,age       ] GC(85) Desired survivor size 4358144 bytes, new threshold 6 (max threshold 6)
[2020-09-11T16:27:43.066+0000][1][gc,age       ] GC(85) Age table with threshold 6 (max threshold 6)
[2020-09-11T16:27:43.066+0000][1][gc,age       ] GC(85) - age   1:     193544 bytes,     193544 total
[2020-09-11T16:27:43.066+0000][1][gc,heap      ] GC(85) ParNew: 76672K->7518K(76672K)
[2020-09-11T16:27:43.066+0000][1][gc,heap      ] GC(85) CMS: 92533K->93257K(439104K)
[2020-09-11T16:27:43.066+0000][1][gc,metaspace ] GC(85) Metaspace: 93337K->93337K(1134592K)
[2020-09-11T16:27:43.066+0000][1][gc           ] GC(85) Pause Young (Allocation Failure) 165M->98M(503M) 15.085ms
[2020-09-11T16:27:43.066+0000][1][gc,cpu       ] GC(85) User=0.00s Sys=0.00s Real=0.02s
[2020-09-11T16:27:43.074+0000][1][safepoint    ] Safepoint "GenCollectForAllocation", Time since last: 37724797 ns, Reaching safepoint: 2163897 ns, At safepoint: 23034525 ns, Total: 25198422 ns
[2020-09-11T16:27:43.086+0000][1][safepoint    ] Safepoint "RevokeBias", Time since last: 11765226 ns, Reaching safepoint: 90469 ns, At safepoint: 36704 ns, Total: 127173 ns
[2020-09-11T16:27:43.097+0000][1][safepoint    ] Safepoint "RevokeBias", Time since last: 10968086 ns, Reaching safepoint: 172627 ns, At safepoint: 8925 ns, Total: 181552 ns
[2020-09-11T16:27:43.137+0000][1][safepoint    ] Safepoint "RevokeBias", Time since last: 39795081 ns, Reaching safepoint: 188544 ns, At safepoint: 13673 ns, Total: 202217 ns
[2020-09-11T16:27:43.154+0000][1][safepoint    ] Safepoint "RevokeBias", Time since last: 17121911 ns, Reaching safepoint: 173440 ns, At safepoint: 13186 ns, Total: 186626 ns
[2020-09-11T16:27:43.170+0000][1][safepoint    ] Safepoint "RevokeBias", Time since last: 15576985 ns, Reaching safepoint: 179977 ns, At safepoint: 29200 ns, Total: 209177 ns
[2020-09-11T16:27:43.463+0000][1][safepoint    ] Safepoint "RevokeBias", Time since last: 292912798 ns, Reaching safepoint: 102643 ns, At safepoint: 20440 ns, Total: 123083 ns
[2020-09-11T16:27:43.464+0000][1][safepoint    ] Safepoint "RevokeBias", Time since last: 501437 ns, Reaching safepoint: 38735 ns, At safepoint: 12524 ns, Total: 51259 ns
[2020-09-11T16:27:43.465+0000][1][safepoint    ] Safepoint "RevokeBias", Time since last: 752426 ns, Reaching safepoint: 38298 ns, At safepoint: 12387 ns, Total: 50685 ns
[2020-09-11T16:27:43.469+0000][1][safepoint    ] Safepoint "RevokeBias", Time since last: 4283746 ns, Reaching safepoint: 94459 ns, At safepoint: 23894 ns, Total: 118353 ns
[2020-09-11T16:27:43.471+0000][1][safepoint    ] Safepoint "RevokeBias", Time since last: 1849171 ns, Reaching safepoint: 143222 ns, At safepoint: 19055 ns, Total: 162277 ns
[2020-09-11T16:27:43.479+0000][1][safepoint    ] Safepoint "RevokeBias", Time since last: 7735330 ns, Reaching safepoint: 173963 ns, At safepoint: 24069 ns, Total: 198032 ns
[2020-09-11T16:27:43.479+0000][1][safepoint    ] Safepoint "RevokeBias", Time since last: 197060 ns, Reaching safepoint: 129595 ns, At safepoint: 17239 ns, Total: 146834 ns
[2020-09-11T16:27:43.710+0000][1][safepoint    ] Safepoint "RevokeBias", Time since last: 230461727 ns, Reaching safepoint: 191174 ns, At safepoint: 28501 ns, Total: 219675 ns
[2020-09-11T16:27:43.710+0000][1][safepoint    ] Safepoint "RevokeBias", Time since last: 103929 ns, Reaching safepoint: 153077 ns, At safepoint: 20308 ns, Total: 173385 ns
[2020-09-11T16:27:43.711+0000][1][safepoint    ] Safepoint "RevokeBias", Time since last: 298426 ns, Reaching safepoint: 149185 ns, At safepoint: 19035 ns, Total: 168220 ns
[2020-09-11T16:27:43.714+0000][1][safepoint    ] Safepoint "RevokeBias", Time since last: 2893932 ns, Reaching safepoint: 157708 ns, At safepoint: 21065 ns, Total: 178773 ns
[2020-09-11T16:27:43.816+0000][1][safepoint    ] Safepoint "RevokeBias", Time since last: 102093146 ns, Reaching safepoint: 539757 ns, At safepoint: 20188 ns, Total: 559945 ns
[2020-09-11T16:27:43.934+0000][1][safepoint    ] Safepoint "RevokeBias", Time since last: 116363872 ns, Reaching safepoint: 1214317 ns, At safepoint: 248960 ns, Total: 1463277 ns
[2020-09-11T16:27:44.005+0000][1][safepoint    ] Safepoint "RevokeBias", Time since last: 71001759 ns, Reaching safepoint: 259939 ns, At safepoint: 26978 ns, Total: 286917 ns
[2020-09-11T16:27:44.214+0000][1][safepoint    ] Safepoint "RevokeBias", Time since last: 208548909 ns, Reaching safepoint: 168908 ns, At safepoint: 32190 ns, Total: 201098 ns
[2020-09-11T16:27:44.218+0000][1][safepoint    ] Safepoint "RevokeBias", Time since last: 3197939 ns, Reaching safepoint: 152527 ns, At safepoint: 20447 ns, Total: 172974 ns
[2020-09-11T16:27:44.218+0000][1][safepoint    ] Safepoint "RevokeBias", Time since last: 118851 ns, Reaching safepoint: 105388 ns, At safepoint: 13078 ns, Total: 118466 ns
[2020-09-11T16:27:44.224+0000][1][safepoint    ] Safepoint "RevokeBias", Time since last: 5494365 ns, Reaching safepoint: 227321 ns, At safepoint: 22455 ns, Total: 249776 ns
[2020-09-11T16:27:44.224+0000][1][safepoint    ] Safepoint "RevokeBias", Time since last: 347630 ns, Reaching safepoint: 104225 ns, At safepoint: 13403 ns, Total: 117628 ns
[2020-09-11T16:27:44.597+0000][1][safepoint    ] Safepoint "RevokeBias", Time since last: 373185594 ns, Reaching safepoint: 174203 ns, At safepoint: 24640 ns, Total: 198843 ns
[2020-09-11T16:27:44.678+0000][1][safepoint    ] Safepoint "RevokeBias", Time since last: 80662518 ns, Reaching safepoint: 87269 ns, At safepoint: 25220 ns, Total: 112489 ns
[2020-09-11T16:27:45.112+0000][1][safepoint    ] Safepoint "RevokeBias", Time since last: 433229625 ns, Reaching safepoint: 113011 ns, At safepoint: 23163 ns, Total: 136174 ns
[2020-09-11T16:27:45.514+0000][1][safepoint    ] Safepoint "RevokeBias", Time since last: 402267710 ns, Reaching safepoint: 117278 ns, At safepoint: 22521 ns, Total: 139799 ns
[2020-09-11T16:27:46.514+0000][1][safepoint    ] Safepoint "Cleanup", Time since last: 1000118866 ns, Reaching safepoint: 104877 ns, At safepoint: 8467 ns, Total: 113344 ns
[2020-09-11T16:27:46.747+0000][1][safepoint    ] Safepoint "RevokeBias", Time since last: 232257906 ns, Reaching safepoint: 169452 ns, At safepoint: 19742 ns, Total: 189194 ns
[2020-09-11T16:27:46.747+0000][1][safepoint    ] Safepoint "RevokeBias", Time since last: 128046 ns, Reaching safepoint: 111592 ns, At safepoint: 15122 ns, Total: 126714 ns
[2020-09-11T16:27:47.747+0000][1][safepoint    ] Safepoint "Cleanup", Time since last: 1000112180 ns, Reaching safepoint: 181624 ns, At safepoint: 17684 ns, Total: 199308 ns
[2020-09-11T16:27:48.748+0000][1][safepoint    ] Safepoint "Cleanup", Time since last: 1000212134 ns, Reaching safepoint: 132758 ns, At safepoint: 7589 ns, Total: 140347 ns
[2020-09-11T16:27:49.097+0000][1][safepoint    ] Safepoint "RevokeBias", Time since last: 349008023 ns, Reaching safepoint: 95025 ns, At safepoint: 31486 ns, Total: 126511 ns
[2020-09-11T16:27:50.097+0000][1][safepoint    ] Safepoint "Cleanup", Time since last: 1000160707 ns, Reaching safepoint: 206167 ns, At safepoint: 19712 ns, Total: 225879 ns
[2020-09-11T16:27:51.097+0000][1][safepoint    ] Safepoint "Cleanup", Time since last: 1000169536 ns, Reaching safepoint: 132771 ns, At safepoint: 11195 ns, Total: 143966 ns
[2020-09-11T16:27:51.797+0000][1][safepoint    ] Safepoint "RevokeBias", Time since last: 697657007 ns, Reaching safepoint: 1843139 ns, At safepoint: 35919 ns, Total: 1879058 ns
[2020-09-11T16:27:52.797+0000][1][safepoint    ] Safepoint "Cleanup", Time since last: 1000144189 ns, Reaching safepoint: 229724 ns, At safepoint: 21499 ns, Total: 251223 ns
[2020-09-11T16:27:58.432+0000][1][gc,start     ] GC(86) Pause Young (Allocation Failure)
[2020-09-11T16:27:58.432+0000][1][gc,task      ] GC(86) Using 1 workers of 1 for evacuation
[2020-09-11T16:27:58.451+0000][1][gc,age       ] GC(86) Desired survivor size 4358144 bytes, new threshold 1 (max threshold 6)
[2020-09-11T16:27:58.451+0000][1][gc,age       ] GC(86) Age table with threshold 1 (max threshold 6)
[2020-09-11T16:27:58.451+0000][1][gc,age       ] GC(86) - age   1:    8628440 bytes,    8628440 total
[2020-09-11T16:27:58.451+0000][1][gc,age       ] GC(86) - age   2:      17896 bytes,    8646336 total
[2020-09-11T16:27:58.451+0000][1][gc,heap      ] GC(86) ParNew: 75678K->8512K(76672K)
[2020-09-11T16:27:58.451+0000][1][gc,heap      ] GC(86) CMS: 93257K->97195K(439104K)
[2020-09-11T16:27:58.451+0000][1][gc,metaspace ] GC(86) Metaspace: 93663K->93663K(1134592K)
[2020-09-11T16:27:58.451+0000][1][gc           ] GC(86) Pause Young (Allocation Failure) 164M->103M(503M) 19.388ms
[2020-09-11T16:27:58.451+0000][1][gc,cpu       ] GC(86) User=0.01s Sys=0.00s Real=0.02s
[2020-09-11T16:27:58.452+0000][1][safepoint    ] Safepoint "RevokeBias", Time since last: 5634326726 ns, Reaching safepoint: 225362 ns, At safepoint: 20540807 ns, Total: 20766169 ns
[2020-09-11T16:27:58.484+0000][1][safepoint    ] Safepoint "RevokeBias", Time since last: 30806547 ns, Reaching safepoint: 220465 ns, At safepoint: 78873 ns, Total: 299338 ns
[2020-09-11T16:27:59.605+0000][1][safepoint    ] Safepoint "Cleanup", Time since last: 1121388359 ns, Reaching safepoint: 395871 ns, At safepoint: 23414 ns, Total: 419285 ns
[2020-09-11T16:28:00.606+0000][1][safepoint    ] Safepoint "Cleanup", Time since last: 1000185493 ns, Reaching safepoint: 169526 ns, At safepoint: 18790 ns, Total: 188316 ns
[2020-09-11T16:28:01.606+0000][1][safepoint    ] Safepoint "Cleanup", Time since last: 1000191046 ns, Reaching safepoint: 157526 ns, At safepoint: 8486 ns, Total: 166012 ns
[2020-09-11T16:28:03.248+0000][1][safepoint    ] Safepoint "Cleanup", Time since last: 1641464456 ns, Reaching safepoint: 173654 ns, At safepoint: 10812 ns, Total: 184466 ns
[2020-09-11T16:28:04.225+0000][1][safepoint    ] Safepoint "RevokeBias", Time since last: 976766276 ns, Reaching safepoint: 305046 ns, At safepoint: 329880 ns, Total: 634926 ns
[2020-09-11T16:28:04.256+0000][1][safepoint    ] Safepoint "RevokeBias", Time since last: 30696944 ns, Reaching safepoint: 224164 ns, At safepoint: 215104 ns, Total: 439268 ns
[2020-09-11T16:28:04.415+0000][1][safepoint    ] Safepoint "RevokeBias", Time since last: 158236764 ns, Reaching safepoint: 179773 ns, At safepoint: 25838 ns, Total: 205611 ns
[2020-09-11T16:28:05.415+0000][1][safepoint    ] Safepoint "Cleanup", Time since last: 1000195344 ns, Reaching safepoint: 170314 ns, At safepoint: 19996 ns, Total: 190310 ns
[2020-09-11T16:28:06.416+0000][1][safepoint    ] Safepoint "Cleanup", Time since last: 1000213442 ns, Reaching safepoint: 215705 ns, At safepoint: 19762 ns, Total: 235467 ns
[2020-09-11T16:28:07.416+0000][1][safepoint    ] Safepoint "Cleanup", Time since last: 1000178260 ns, Reaching safepoint: 186775 ns, At safepoint: 17801 ns, Total: 204576 ns
[2020-09-11T16:28:08.416+0000][1][safepoint    ] Safepoint "Cleanup", Time since last: 1000190967 ns, Reaching safepoint: 211158 ns, At safepoint: 23340 ns, Total: 234498 ns
[2020-09-11T16:28:09.417+0000][1][safepoint    ] Safepoint "Cleanup", Time since last: 1000225937 ns, Reaching safepoint: 130060 ns, At safepoint: 10130 ns, Total: 140190 ns
[2020-09-11T16:28:10.417+0000][1][safepoint    ] Safepoint "Cleanup", Time since last: 1000150614 ns, Reaching safepoint: 125537 ns, At safepoint: 8174 ns, Total: 133711 ns
[2020-09-11T16:28:11.231+0000][1][safepoint    ] Safepoint "RevokeBias", Time since last: 813925519 ns, Reaching safepoint: 148223 ns, At safepoint: 140869 ns, Total: 289092 ns
[2020-09-11T16:28:11.298+0000][1][safepoint    ] Safepoint "RevokeBias", Time since last: 66392367 ns, Reaching safepoint: 100539 ns, At safepoint: 24182 ns, Total: 124721 ns
[2020-09-11T16:28:12.298+0000][1][safepoint    ] Safepoint "Cleanup", Time since last: 1000139081 ns, Reaching safepoint: 145206 ns, At safepoint: 10188 ns, Total: 155394 ns
[2020-09-11T16:28:13.298+0000][1][safepoint    ] Safepoint "Cleanup", Time since last: 1000173782 ns, Reaching safepoint: 142634 ns, At safepoint: 9515 ns, Total: 152149 ns
[2020-09-11T16:28:13.557+0000][1][safepoint    ] Safepoint "RevokeBias", Time since last: 257650195 ns, Reaching safepoint: 328207 ns, At safepoint: 269457 ns, Total: 597664 ns
[2020-09-11T16:28:14.063+0000][1][safepoint    ] Safepoint "RevokeBias", Time since last: 506181601 ns, Reaching safepoint: 105497 ns, At safepoint: 24244 ns, Total: 129741 ns
[2020-09-11T16:28:15.063+0000][1][safepoint    ] Safepoint "Cleanup", Time since last: 1000110836 ns, Reaching safepoint: 122457 ns, At safepoint: 10240 ns, Total: 132697 ns
[2020-09-11T16:28:16.064+0000][1][safepoint    ] Safepoint "Cleanup", Time since last: 1000149622 ns, Reaching safepoint: 196497 ns, At safepoint: 20507 ns, Total: 217004 ns
[2020-09-11T16:28:17.064+0000][1][safepoint    ] Safepoint "Cleanup", Time since last: 1000193608 ns, Reaching safepoint: 182516 ns, At safepoint: 21372 ns, Total: 203888 ns
[2020-09-11T16:28:18.064+0000][1][safepoint    ] Safepoint "Cleanup", Time since last: 1000170614 ns, Reaching safepoint: 221344 ns, At safepoint: 23300 ns, Total: 244644 ns
[2020-09-11T16:28:19.065+0000][1][safepoint    ] Safepoint "Cleanup", Time since last: 1000227405 ns, Reaching safepoint: 241390 ns, At safepoint: 19058 ns, Total: 260448 ns
[2020-09-11T16:28:20.065+0000][1][safepoint    ] Safepoint "Cleanup", Time since last: 1000156795 ns, Reaching safepoint: 98527 ns, At safepoint: 9754 ns, Total: 108281 ns
[2020-09-11T16:28:20.754+0000][1][safepoint    ] Safepoint "RevokeBias", Time since last: 688486474 ns, Reaching safepoint: 185444 ns, At safepoint: 25154 ns, Total: 210598 ns
[2020-09-11T16:28:20.843+0000][1][safepoint    ] Safepoint "RevokeBias", Time since last: 89492904 ns, Reaching safepoint: 98887 ns, At safepoint: 23124 ns, Total: 122011 ns
[2020-09-11T16:28:20.904+0000][1][gc,start     ] GC(87) Pause Young (Allocation Failure)
[2020-09-11T16:28:20.904+0000][1][gc,task      ] GC(87) Using 1 workers of 1 for evacuation
[2020-09-11T16:28:20.912+0000][1][gc,age       ] GC(87) Desired survivor size 4358144 bytes, new threshold 6 (max threshold 6)
[2020-09-11T16:28:20.912+0000][1][gc,age       ] GC(87) Age table with threshold 6 (max threshold 6)
[2020-09-11T16:28:20.912+0000][1][gc,age       ] GC(87) - age   1:     197568 bytes,     197568 total
[2020-09-11T16:28:20.912+0000][1][gc,heap      ] GC(87) ParNew: 76672K->6811K(76672K)
[2020-09-11T16:28:20.912+0000][1][gc,heap      ] GC(87) CMS: 97195K->105166K(439104K)
[2020-09-11T16:28:20.912+0000][1][gc,metaspace ] GC(87) Metaspace: 93892K->93892K(1136640K)
[2020-09-11T16:28:20.912+0000][1][gc           ] GC(87) Pause Young (Allocation Failure) 169M->109M(503M) 8.386ms
[2020-09-11T16:28:20.912+0000][1][gc,cpu       ] GC(87) User=0.01s Sys=0.00s Real=0.00s
[2020-09-11T16:28:20.917+0000][1][safepoint    ] Safepoint "GenCollectForAllocation", Time since last: 60375828 ns, Reaching safepoint: 214421 ns, At safepoint: 12810167 ns, Total: 13024588 ns
[2020-09-11T16:28:21.922+0000][1][safepoint    ] Safepoint "Cleanup", Time since last: 1004938922 ns, Reaching safepoint: 149698 ns, At safepoint: 9011 ns, Total: 158709 ns
[2020-09-11T16:28:22.922+0000][1][safepoint    ] Safepoint "Cleanup", Time since last: 1000161996 ns, Reaching safepoint: 213336 ns, At safepoint: 20303 ns, Total: 233639 ns
[2020-09-11T16:28:23.617+0000][1][safepoint    ] Safepoint "RevokeBias", Time since last: 694696644 ns, Reaching safepoint: 242238 ns, At safepoint: 27991 ns, Total: 270229 ns
[2020-09-11T16:28:23.618+0000][1][safepoint    ] Safepoint "RevokeBias", Time since last: 94679 ns, Reaching safepoint: 227699 ns, At safepoint: 20543 ns, Total: 248242 ns
[2020-09-11T16:28:23.618+0000][1][safepoint    ] Safepoint "RevokeBias", Time since last: 43315 ns, Reaching safepoint: 176526 ns, At safepoint: 18230 ns, Total: 194756 ns
[2020-09-11T16:28:23.618+0000][1][safepoint    ] Safepoint "RevokeBias", Time since last: 40618 ns, Reaching safepoint: 201469 ns, At safepoint: 17615 ns, Total: 219084 ns
[2020-09-11T16:28:23.618+0000][1][safepoint    ] Safepoint "RevokeBias", Time since last: 39786 ns, Reaching safepoint: 196043 ns, At safepoint: 16965 ns, Total: 213008 ns
[2020-09-11T16:28:23.619+0000][1][safepoint    ] Safepoint "RevokeBias", Time since last: 37368 ns, Reaching safepoint: 196482 ns, At safepoint: 16118 ns, Total: 212600 ns
[2020-09-11T16:28:23.619+0000][1][safepoint    ] Safepoint "RevokeBias", Time since last: 36714 ns, Reaching safepoint: 194707 ns, At safepoint: 25066 ns, Total: 219773 ns
[2020-09-11T16:28:23.619+0000][1][safepoint    ] Safepoint "RevokeBias", Time since last: 31336 ns, Reaching safepoint: 187965 ns, At safepoint: 24063 ns, Total: 212028 ns
[2020-09-11T16:28:23.619+0000][1][safepoint    ] Safepoint "RevokeBias", Time since last: 30745 ns, Reaching safepoint: 192696 ns, At safepoint: 24900 ns, Total: 217596 ns
[2020-09-11T16:28:23.633+0000][1][safepoint    ] Safepoint "RevokeBias", Time since last: 13206190 ns, Reaching safepoint: 304225 ns, At safepoint: 326222 ns, Total: 630447 ns
[2020-09-11T16:28:23.988+0000][1][safepoint    ] Safepoint "RevokeBias", Time since last: 354271646 ns, Reaching safepoint: 139711 ns, At safepoint: 23619 ns, Total: 163330 ns
[2020-09-11T16:28:24.988+0000][1][safepoint    ] Safepoint "Cleanup", Time since last: 1000156069 ns, Reaching safepoint: 206588 ns, At safepoint: 22535 ns, Total: 229123 ns
[2020-09-11T16:28:25.988+0000][1][safepoint    ] Safepoint "Cleanup", Time since last: 1000206138 ns, Reaching safepoint: 190367 ns, At safepoint: 22094 ns, Total: 212461 ns
[2020-09-11T16:28:26.989+0000][1][safepoint    ] Safepoint "Cleanup", Time since last: 1000201481 ns, Reaching safepoint: 135969 ns, At safepoint: 6193 ns, Total: 142162 ns
[2020-09-11T16:28:27.989+0000][1][safepoint    ] Safepoint "Cleanup", Time since last: 1000185840 ns, Reaching safepoint: 124014 ns, At safepoint: 8422 ns, Total: 132436 ns
[2020-09-11T16:28:28.989+0000][1][safepoint    ] Safepoint "Cleanup", Time since last: 1000176477 ns, Reaching safepoint: 133082 ns, At safepoint: 9181 ns, Total: 142263 ns
[2020-09-11T16:28:29.990+0000][1][safepoint    ] Safepoint "Cleanup", Time since last: 1000177776 ns, Reaching safepoint: 122866 ns, At safepoint: 9900 ns, Total: 132766 ns
[2020-09-11T16:28:30.822+0000][1][safepoint    ] Safepoint "RevokeBias", Time since last: 831596300 ns, Reaching safepoint: 194217 ns, At safepoint: 24875 ns, Total: 219092 ns
[2020-09-11T16:28:30.848+0000][1][safepoint    ] Safepoint "RevokeBias", Time since last: 26602085 ns, Reaching safepoint: 105037 ns, At safepoint: 26334 ns, Total: 131371 ns
[2020-09-11T16:28:31.849+0000][1][safepoint    ] Safepoint "Cleanup", Time since last: 1000168886 ns, Reaching safepoint: 122672 ns, At safepoint: 9976 ns, Total: 132648 ns
[2020-09-11T16:28:32.849+0000][1][safepoint    ] Safepoint "Cleanup", Time since last: 1000175115 ns, Reaching safepoint: 139514 ns, At safepoint: 9071 ns, Total: 148585 ns
[2020-09-11T16:28:33.654+0000][1][safepoint    ] Safepoint "RevokeBias", Time since last: 804896245 ns, Reaching safepoint: 306366 ns, At safepoint: 234090 ns, Total: 540456 ns
[2020-09-11T16:28:33.853+0000][1][safepoint    ] Safepoint "RevokeBias", Time since last: 198196922 ns, Reaching safepoint: 130599 ns, At safepoint: 29250 ns, Total: 159849 ns
[2020-09-11T16:28:34.853+0000][1][safepoint    ] Safepoint "Cleanup", Time since last: 1000169110 ns, Reaching safepoint: 140931 ns, At safepoint: 11061 ns, Total: 151992 ns
[2020-09-11T16:28:35.853+0000][1][safepoint    ] Safepoint "Cleanup", Time since last: 1000182172 ns, Reaching safepoint: 182946 ns, At safepoint: 21934 ns, Total: 204880 ns
[2020-09-11T16:28:36.854+0000][1][safepoint    ] Safepoint "Cleanup", Time since last: 1000262521 ns, Reaching safepoint: 130531 ns, At safepoint: 9848 ns, Total: 140379 ns
[2020-09-11T16:28:37.854+0000][1][safepoint    ] Safepoint "Cleanup", Time since last: 1000195942 ns, Reaching safepoint: 104819 ns, At safepoint: 9775 ns, Total: 114594 ns
[2020-09-11T16:28:38.854+0000][1][safepoint    ] Safepoint "Cleanup", Time since last: 1000140248 ns, Reaching safepoint: 194968 ns, At safepoint: 22969 ns, Total: 217937 ns
[2020-09-11T16:28:39.654+0000][1][gc,start     ] GC(88) Pause Young (Allocation Failure)
[2020-09-11T16:28:39.654+0000][1][gc,task      ] GC(88) Using 1 workers of 1 for evacuation
[2020-09-11T16:28:39.658+0000][1][gc,age       ] GC(88) Desired survivor size 4358144 bytes, new threshold 6 (max threshold 6)
[2020-09-11T16:28:39.658+0000][1][gc,age       ] GC(88) Age table with threshold 6 (max threshold 6)
[2020-09-11T16:28:39.658+0000][1][gc,age       ] GC(88) - age   1:     181752 bytes,     181752 total
[2020-09-11T16:28:39.658+0000][1][gc,age       ] GC(88) - age   2:      54992 bytes,     236744 total
[2020-09-11T16:28:39.658+0000][1][gc,heap      ] GC(88) ParNew: 74971K->1739K(76672K)
[2020-09-11T16:28:39.658+0000][1][gc,heap      ] GC(88) CMS: 105166K->105166K(439104K)
[2020-09-11T16:28:39.658+0000][1][gc,metaspace ] GC(88) Metaspace: 94063K->94063K(1136640K)
[2020-09-11T16:28:39.658+0000][1][gc           ] GC(88) Pause Young (Allocation Failure) 175M->104M(503M) 4.770ms
[2020-09-11T16:28:39.659+0000][1][gc,cpu       ] GC(88) User=0.01s Sys=0.00s Real=0.00s
[2020-09-11T16:28:39.659+0000][1][safepoint    ] Safepoint "GenCollectForAllocation", Time since last: 799030900 ns, Reaching safepoint: 219377 ns, At safepoint: 4889658 ns, Total: 5109035 ns
[2020-09-11T16:28:40.664+0000][1][safepoint    ] Safepoint "Cleanup", Time since last: 1005703278 ns, Reaching safepoint: 87975 ns, At safepoint: 17796 ns, Total: 105771 ns
[2020-09-11T16:28:40.722+0000][1][safepoint    ] Safepoint "RevokeBias", Time since last: 57187535 ns, Reaching safepoint: 177283 ns, At safepoint: 24392 ns, Total: 201675 ns
[2020-09-11T16:28:40.841+0000][1][safepoint    ] Safepoint "BulkRevokeBias", Time since last: 118990313 ns, Reaching safepoint: 170067 ns, At safepoint: 274243 ns, Total: 444310 ns
[2020-09-11T16:28:41.842+0000][1][safepoint    ] Safepoint "Cleanup", Time since last: 1000175443 ns, Reaching safepoint: 184052 ns, At safepoint: 22685 ns, Total: 206737 ns
[2020-09-11T16:28:42.842+0000][1][safepoint    ] Safepoint "Cleanup", Time since last: 1000156461 ns, Reaching safepoint: 112732 ns, At safepoint: 10342 ns, Total: 123074 ns
[2020-09-11T16:28:43.551+0000][1][safepoint    ] Safepoint "RevokeBias", Time since last: 709007717 ns, Reaching safepoint: 225765 ns, At safepoint: 281007 ns, Total: 506772 ns
[2020-09-11T16:28:43.782+0000][1][safepoint    ] Safepoint "RevokeBias", Time since last: 230947234 ns, Reaching safepoint: 119031 ns, At safepoint: 26342 ns, Total: 145373 ns
[2020-09-11T16:28:44.783+0000][1][safepoint    ] Safepoint "Cleanup", Time since last: 1000193541 ns, Reaching safepoint: 191683 ns, At safepoint: 22081 ns, Total: 213764 ns
[2020-09-11T16:28:45.783+0000][1][safepoint    ] Safepoint "Cleanup", Time since last: 1000184767 ns, Reaching safepoint: 194530 ns, At safepoint: 20884 ns, Total: 215414 ns
[2020-09-11T16:28:46.784+0000][1][safepoint    ] Safepoint "Cleanup", Time since last: 1000260976 ns, Reaching safepoint: 112254 ns, At safepoint: 7636 ns, Total: 119890 ns
[2020-09-11T16:28:47.784+0000][1][safepoint    ] Safepoint "Cleanup", Time since last: 1000151269 ns, Reaching safepoint: 181433 ns, At safepoint: 22424 ns, Total: 203857 ns
[2020-09-11T16:28:48.784+0000][1][safepoint    ] Safepoint "Cleanup", Time since last: 1000172024 ns, Reaching safepoint: 102481 ns, At safepoint: 9772 ns, Total: 112253 ns
[2020-09-11T16:28:49.785+0000][1][safepoint    ] Safepoint "Cleanup", Time since last: 1000169117 ns, Reaching safepoint: 191276 ns, At safepoint: 23590 ns, Total: 214866 ns
[2020-09-11T16:28:50.710+0000][1][safepoint    ] Safepoint "RevokeBias", Time since last: 924884799 ns, Reaching safepoint: 194666 ns, At safepoint: 28492 ns, Total: 223158 ns
[2020-09-11T16:28:50.920+0000][1][safepoint    ] Safepoint "RevokeBias", Time since last: 210293288 ns, Reaching safepoint: 105984 ns, At safepoint: 29139 ns, Total: 135123 ns
[2020-09-11T16:28:51.921+0000][1][safepoint    ] Safepoint "Cleanup", Time since last: 1000165696 ns, Reaching safepoint: 194466 ns, At safepoint: 22382 ns, Total: 216848 ns
[2020-09-11T16:28:52.921+0000][1][safepoint    ] Safepoint "Cleanup", Time since last: 1000181577 ns, Reaching safepoint: 149006 ns, At safepoint: 8830 ns, Total: 157836 ns
[2020-09-11T16:28:53.611+0000][1][safepoint    ] Safepoint "RevokeBias", Time since last: 689049812 ns, Reaching safepoint: 247728 ns, At safepoint: 280314 ns, Total: 528042 ns
[2020-09-11T16:28:53.853+0000][1][safepoint    ] Safepoint "RevokeBias", Time since last: 242520054 ns, Reaching safepoint: 204805 ns, At safepoint: 23162 ns, Total: 227967 ns
[2020-09-11T16:28:54.854+0000][1][safepoint    ] Safepoint "Cleanup", Time since last: 1000162269 ns, Reaching safepoint: 188452 ns, At safepoint: 23230 ns, Total: 211682 ns
[2020-09-11T16:28:55.854+0000][1][safepoint    ] Safepoint "Cleanup", Time since last: 1000151703 ns, Reaching safepoint: 103416 ns, At safepoint: 9132 ns, Total: 112548 ns
[2020-09-11T16:28:56.854+0000][1][safepoint    ] Safepoint "Cleanup", Time since last: 1000132764 ns, Reaching safepoint: 195592 ns, At safepoint: 17651 ns, Total: 213243 ns
[2020-09-11T16:28:57.855+0000][1][safepoint    ] Safepoint "Cleanup", Time since last: 1000208579 ns, Reaching safepoint: 205942 ns, At safepoint: 21954 ns, Total: 227896 ns
[2020-09-11T16:28:58.633+0000][1][gc,start     ] GC(89) Pause Young (Allocation Failure)
[2020-09-11T16:28:58.633+0000][1][gc,task      ] GC(89) Using 1 workers of 1 for evacuation
[2020-09-11T16:28:58.638+0000][1][gc,age       ] GC(89) Desired survivor size 4358144 bytes, new threshold 6 (max threshold 6)
[2020-09-11T16:28:58.638+0000][1][gc,age       ] GC(89) Age table with threshold 6 (max threshold 6)
[2020-09-11T16:28:58.638+0000][1][gc,age       ] GC(89) - age   1:     145600 bytes,     145600 total
[2020-09-11T16:28:58.638+0000][1][gc,age       ] GC(89) - age   2:      87312 bytes,     232912 total
[2020-09-11T16:28:58.638+0000][1][gc,age       ] GC(89) - age   3:      46824 bytes,     279736 total
[2020-09-11T16:28:58.638+0000][1][gc,heap      ] GC(89) ParNew: 69899K->478K(76672K)
[2020-09-11T16:28:58.638+0000][1][gc,heap      ] GC(89) CMS: 105166K->105166K(439104K)
[2020-09-11T16:28:58.638+0000][1][gc,metaspace ] GC(89) Metaspace: 94189K->94189K(1136640K)
[2020-09-11T16:28:58.638+0000][1][gc           ] GC(89) Pause Young (Allocation Failure) 170M->103M(503M) 5.095ms
[2020-09-11T16:28:58.638+0000][1][gc,cpu       ] GC(89) User=0.00s Sys=0.00s Real=0.00s
[2020-09-11T16:28:58.638+0000][1][safepoint    ] Safepoint "GenCollectForAllocation", Time since last: 777431490 ns, Reaching safepoint: 708246 ns, At safepoint: 5161643 ns, Total: 5869889 ns
[2020-09-11T16:28:59.641+0000][1][safepoint    ] Safepoint "Cleanup", Time since last: 1003033620 ns, Reaching safepoint: 317903 ns, At safepoint: 53586 ns, Total: 371489 ns
[2020-09-11T16:29:00.642+0000][1][safepoint    ] Safepoint "Cleanup", Time since last: 1000203923 ns, Reaching safepoint: 222173 ns, At safepoint: 17380 ns, Total: 239553 ns
[2020-09-11T16:29:00.720+0000][1][safepoint    ] Safepoint "RevokeBias", Time since last: 78403250 ns, Reaching safepoint: 110014 ns, At safepoint: 26008 ns, Total: 136022 ns
[2020-09-11T16:29:00.833+0000][1][safepoint    ] Safepoint "RevokeBias", Time since last: 112480742 ns, Reaching safepoint: 102514 ns, At safepoint: 23257 ns, Total: 125771 ns
[2020-09-11T16:29:01.833+0000][1][safepoint    ] Safepoint "Cleanup", Time since last: 1000175917 ns, Reaching safepoint: 188689 ns, At safepoint: 21897 ns, Total: 210586 ns
[2020-09-11T16:29:02.834+0000][1][safepoint    ] Safepoint "Cleanup", Time since last: 1000225343 ns, Reaching safepoint: 182198 ns, At safepoint: 18994 ns, Total: 201192 ns
[2020-09-11T16:29:03.613+0000][1][safepoint    ] Safepoint "RevokeBias", Time since last: 777254847 ns, Reaching safepoint: 1688162 ns, At safepoint: 337457 ns, Total: 2025619 ns
[2020-09-11T16:29:03.886+0000][1][safepoint    ] Safepoint "RevokeBias", Time since last: 272632198 ns, Reaching safepoint: 142794 ns, At safepoint: 26638 ns, Total: 169432 ns
[2020-09-11T16:29:04.886+0000][1][safepoint    ] Safepoint "Cleanup", Time since last: 1000166665 ns, Reaching safepoint: 202091 ns, At safepoint: 22491 ns, Total: 224582 ns
[2020-09-11T16:29:05.887+0000][1][safepoint    ] Safepoint "Cleanup", Time since last: 1000234815 ns, Reaching safepoint: 117615 ns, At safepoint: 9900 ns, Total: 127515 ns
[2020-09-11T16:29:06.887+0000][1][safepoint    ] Safepoint "Cleanup", Time since last: 1000153962 ns, Reaching safepoint: 180568 ns, At safepoint: 19247 ns, Total: 199815 ns
[2020-09-11T16:29:07.887+0000][1][safepoint    ] Safepoint "Cleanup", Time since last: 1000221096 ns, Reaching safepoint: 183345 ns, At safepoint: 22187 ns, Total: 205532 ns
[2020-09-11T16:29:08.888+0000][1][safepoint    ] Safepoint "Cleanup", Time since last: 1000217547 ns, Reaching safepoint: 199849 ns, At safepoint: 22007 ns, Total: 221856 ns
[2020-09-11T16:29:09.888+0000][1][safepoint    ] Safepoint "Cleanup", Time since last: 1000227293 ns, Reaching safepoint: 208211 ns, At safepoint: 19127 ns, Total: 227338 ns
[2020-09-11T16:29:10.731+0000][1][safepoint    ] Safepoint "RevokeBias", Time since last: 842244423 ns, Reaching safepoint: 105488 ns, At safepoint: 23287 ns, Total: 128775 ns
[2020-09-11T16:29:10.873+0000][1][safepoint    ] Safepoint "RevokeBias", Time since last: 141770759 ns, Reaching safepoint: 171630 ns, At safepoint: 36570 ns, Total: 208200 ns
[2020-09-11T16:29:11.873+0000][1][safepoint    ] Safepoint "Cleanup", Time since last: 1000112437 ns, Reaching safepoint: 192127 ns, At safepoint: 21636 ns, Total: 213763 ns
[2020-09-11T16:29:12.873+0000][1][safepoint    ] Safepoint "Cleanup", Time since last: 1000175060 ns, Reaching safepoint: 148774 ns, At safepoint: 10305 ns, Total: 159079 ns
[2020-09-11T16:29:13.600+0000][1][safepoint    ] Safepoint "RevokeBias", Time since last: 725900711 ns, Reaching safepoint: 225818 ns, At safepoint: 272208 ns, Total: 498026 ns
[2020-09-11T16:29:13.796+0000][1][safepoint    ] Safepoint "RevokeBias", Time since last: 196072300 ns, Reaching safepoint: 197371 ns, At safepoint: 25606 ns, Total: 222977 ns
[2020-09-11T16:29:14.796+0000][1][safepoint    ] Safepoint "Cleanup", Time since last: 1000110390 ns, Reaching safepoint: 90163 ns, At safepoint: 8074 ns, Total: 98237 ns
[2020-09-11T16:29:15.797+0000][1][safepoint    ] Safepoint "Cleanup", Time since last: 1000176865 ns, Reaching safepoint: 201593 ns, At safepoint: 23096 ns, Total: 224689 ns
[2020-09-11T16:29:16.797+0000][1][safepoint    ] Safepoint "Cleanup", Time since last: 1000340992 ns, Reaching safepoint: 174881 ns, At safepoint: 19377 ns, Total: 194258 ns
[2020-09-11T16:29:17.798+0000][1][safepoint    ] Safepoint "Cleanup", Time since last: 1000182692 ns, Reaching safepoint: 177587 ns, At safepoint: 22916 ns, Total: 200503 ns
[2020-09-11T16:29:18.798+0000][1][safepoint    ] Safepoint "Cleanup", Time since last: 1000217688 ns, Reaching safepoint: 199474 ns, At safepoint: 23534 ns, Total: 223008 ns
[2020-09-11T16:29:19.798+0000][1][safepoint    ] Safepoint "Cleanup", Time since last: 1000217532 ns, Reaching safepoint: 181076 ns, At safepoint: 20597 ns, Total: 201673 ns
[2020-09-11T16:29:20.714+0000][1][safepoint    ] Safepoint "RevokeBias", Time since last: 914989243 ns, Reaching safepoint: 109113 ns, At safepoint: 23902 ns, Total: 133015 ns
[2020-09-11T16:29:20.721+0000][1][gc,start     ] GC(90) Pause Young (Allocation Failure)
[2020-09-11T16:29:20.721+0000][1][gc,task      ] GC(90) Using 1 workers of 1 for evacuation
[2020-09-11T16:29:20.726+0000][1][gc,age       ] GC(90) Desired survivor size 4358144 bytes, new threshold 6 (max threshold 6)
[2020-09-11T16:29:20.726+0000][1][gc,age       ] GC(90) Age table with threshold 6 (max threshold 6)
[2020-09-11T16:29:20.726+0000][1][gc,age       ] GC(90) - age   1:     233496 bytes,     233496 total
[2020-09-11T16:29:20.726+0000][1][gc,age       ] GC(90) - age   2:      43960 bytes,     277456 total
[2020-09-11T16:29:20.726+0000][1][gc,age       ] GC(90) - age   3:      65832 bytes,     343288 total
[2020-09-11T16:29:20.726+0000][1][gc,age       ] GC(90) - age   4:      38456 bytes,     381744 total
[2020-09-11T16:29:20.726+0000][1][gc,heap      ] GC(90) ParNew: 68632K->443K(76672K)
[2020-09-11T16:29:20.726+0000][1][gc,heap      ] GC(90) CMS: 105166K->105166K(439104K)
[2020-09-11T16:29:20.726+0000][1][gc,metaspace ] GC(90) Metaspace: 94430K->94430K(1136640K)
[2020-09-11T16:29:20.726+0000][1][gc           ] GC(90) Pause Young (Allocation Failure) 169M->103M(503M) 5.281ms
[2020-09-11T16:29:20.727+0000][1][gc,cpu       ] GC(90) User=0.00s Sys=0.00s Real=0.00s
[2020-09-11T16:29:20.727+0000][1][safepoint    ] Safepoint "GenCollectForAllocation", Time since last: 7439333 ns, Reaching safepoint: 203906 ns, At safepoint: 5347284 ns, Total: 5551190 ns
[2020-09-11T16:29:20.857+0000][1][safepoint    ] Safepoint "RevokeBias", Time since last: 130678536 ns, Reaching safepoint: 107300 ns, At safepoint: 22839 ns, Total: 130139 ns
[2020-09-11T16:29:21.858+0000][1][safepoint    ] Safepoint "Cleanup", Time since last: 1000135257 ns, Reaching safepoint: 190664 ns, At safepoint: 20417 ns, Total: 211081 ns
[2020-09-11T16:29:22.858+0000][1][safepoint    ] Safepoint "Cleanup", Time since last: 1000182308 ns, Reaching safepoint: 176382 ns, At safepoint: 20664 ns, Total: 197046 ns
[2020-09-11T16:29:23.568+0000][1][safepoint    ] Safepoint "RevokeBias", Time since last: 709235301 ns, Reaching safepoint: 252279 ns, At safepoint: 306256 ns, Total: 558535 ns
[2020-09-11T16:29:23.846+0000][1][safepoint    ] Safepoint "RevokeBias", Time since last: 277435777 ns, Reaching safepoint: 239359 ns, At safepoint: 25449 ns, Total: 264808 ns
[2020-09-11T16:29:24.847+0000][1][safepoint    ] Safepoint "Cleanup", Time since last: 1000850670 ns, Reaching safepoint: 205956 ns, At safepoint: 19685 ns, Total: 225641 ns
[2020-09-11T16:29:25.847+0000][1][safepoint    ] Safepoint "Cleanup", Time since last: 1000228053 ns, Reaching safepoint: 120662 ns, At safepoint: 7304 ns, Total: 127966 ns
[2020-09-11T16:29:26.847+0000][1][safepoint    ] Safepoint "Cleanup", Time since last: 1000202152 ns, Reaching safepoint: 175774 ns, At safepoint: 17757 ns, Total: 193531 ns
[2020-09-11T16:29:27.848+0000][1][safepoint    ] Safepoint "Cleanup", Time since last: 1000212431 ns, Reaching safepoint: 125041 ns, At safepoint: 8141 ns, Total: 133182 ns
[2020-09-11T16:29:28.848+0000][1][safepoint    ] Safepoint "Cleanup", Time since last: 1000147045 ns, Reaching safepoint: 145859 ns, At safepoint: 10407 ns, Total: 156266 ns
[2020-09-11T16:29:29.848+0000][1][safepoint    ] Safepoint "Cleanup", Time since last: 1000146325 ns, Reaching safepoint: 183989 ns, At safepoint: 19020 ns, Total: 203009 ns
[2020-09-11T16:29:30.722+0000][1][safepoint    ] Safepoint "RevokeBias", Time since last: 873233361 ns, Reaching safepoint: 202498 ns, At safepoint: 30630 ns, Total: 233128 ns
[2020-09-11T16:29:30.911+0000][1][safepoint    ] Safepoint "RevokeBias", Time since last: 188320463 ns, Reaching safepoint: 317528 ns, At safepoint: 52120 ns, Total: 369648 ns
[2020-09-11T16:29:31.911+0000][1][safepoint    ] Safepoint "Cleanup", Time since last: 1000194387 ns, Reaching safepoint: 130919 ns, At safepoint: 7375 ns, Total: 138294 ns
[2020-09-11T16:29:32.911+0000][1][safepoint    ] Safepoint "Cleanup", Time since last: 1000137851 ns, Reaching safepoint: 183809 ns, At safepoint: 23270 ns, Total: 207079 ns
[2020-09-11T16:29:33.564+0000][1][safepoint    ] Safepoint "RevokeBias", Time since last: 652400643 ns, Reaching safepoint: 282401 ns, At safepoint: 286632 ns, Total: 569033 ns
[2020-09-11T16:29:33.767+0000][1][safepoint    ] Safepoint "RevokeBias", Time since last: 202170145 ns, Reaching safepoint: 200568 ns, At safepoint: 27256 ns, Total: 227824 ns
[2020-09-11T16:29:34.768+0000][1][safepoint    ] Safepoint "Cleanup", Time since last: 1001380418 ns, Reaching safepoint: 128819 ns, At safepoint: 8434 ns, Total: 137253 ns
[2020-09-11T16:29:35.769+0000][1][safepoint    ] Safepoint "Cleanup", Time since last: 1000474995 ns, Reaching safepoint: 92631 ns, At safepoint: 7062 ns, Total: 99693 ns
[2020-09-11T16:29:36.769+0000][1][safepoint    ] Safepoint "Cleanup", Time since last: 1000275643 ns, Reaching safepoint: 173057 ns, At safepoint: 18152 ns, Total: 191209 ns
[2020-09-11T16:29:37.769+0000][1][safepoint    ] Safepoint "Cleanup", Time since last: 1000186871 ns, Reaching safepoint: 143682 ns, At safepoint: 7726 ns, Total: 151408 ns
[2020-09-11T16:29:38.693+0000][1][gc,start     ] GC(91) Pause Young (Allocation Failure)
[2020-09-11T16:29:38.694+0000][1][gc,task      ] GC(91) Using 1 workers of 1 for evacuation
[2020-09-11T16:29:38.699+0000][1][gc,age       ] GC(91) Desired survivor size 4358144 bytes, new threshold 6 (max threshold 6)
[2020-09-11T16:29:38.699+0000][1][gc,age       ] GC(91) Age table with threshold 6 (max threshold 6)
[2020-09-11T16:29:38.699+0000][1][gc,age       ] GC(91) - age   1:     193584 bytes,     193584 total
[2020-09-11T16:29:38.699+0000][1][gc,age       ] GC(91) - age   2:      34264 bytes,     227848 total
[2020-09-11T16:29:38.699+0000][1][gc,age       ] GC(91) - age   3:      37960 bytes,     265808 total
[2020-09-11T16:29:38.699+0000][1][gc,age       ] GC(91) - age   4:      65832 bytes,     331640 total
[2020-09-11T16:29:38.699+0000][1][gc,age       ] GC(91) - age   5:      38456 bytes,     370096 total
[2020-09-11T16:29:38.699+0000][1][gc,heap      ] GC(91) ParNew: 68603K->670K(76672K)
[2020-09-11T16:29:38.699+0000][1][gc,heap      ] GC(91) CMS: 105166K->105166K(439104K)
[2020-09-11T16:29:38.699+0000][1][gc,metaspace ] GC(91) Metaspace: 94574K->94574K(1136640K)
[2020-09-11T16:29:38.699+0000][1][gc           ] GC(91) Pause Young (Allocation Failure) 169M->103M(503M) 5.521ms
[2020-09-11T16:29:38.699+0000][1][gc,cpu       ] GC(91) User=0.00s Sys=0.00s Real=0.00s
[2020-09-11T16:29:38.699+0000][1][safepoint    ] Safepoint "GenCollectForAllocation", Time since last: 923694705 ns, Reaching safepoint: 224538 ns, At safepoint: 5587475 ns, Total: 5812013 ns
[2020-09-11T16:29:39.703+0000][1][safepoint    ] Safepoint "Cleanup", Time since last: 1003816203 ns, Reaching safepoint: 114474 ns, At safepoint: 20965 ns, Total: 135439 ns
[2020-09-11T16:29:40.703+0000][1][safepoint    ] Safepoint "Cleanup", Time since last: 1000188532 ns, Reaching safepoint: 169151 ns, At safepoint: 10677 ns, Total: 179828 ns
[2020-09-11T16:29:40.794+0000][1][safepoint    ] Safepoint "RevokeBias", Time since last: 91033200 ns, Reaching safepoint: 107396 ns, At safepoint: 26150 ns, Total: 133546 ns
[2020-09-11T16:29:40.834+0000][1][safepoint    ] Safepoint "RevokeBias", Time since last: 39281848 ns, Reaching safepoint: 112395 ns, At safepoint: 24764 ns, Total: 137159 ns
[2020-09-11T16:29:41.834+0000][1][safepoint    ] Safepoint "Cleanup", Time since last: 1000184990 ns, Reaching safepoint: 119739 ns, At safepoint: 9039 ns, Total: 128778 ns
[2020-09-11T16:29:42.835+0000][1][safepoint    ] Safepoint "Cleanup", Time since last: 1000145639 ns, Reaching safepoint: 134788 ns, At safepoint: 7117 ns, Total: 141905 ns
[2020-09-11T16:29:43.589+0000][1][safepoint    ] Safepoint "RevokeBias", Time since last: 754508078 ns, Reaching safepoint: 211593 ns, At safepoint: 218837 ns, Total: 430430 ns
[2020-09-11T16:29:43.839+0000][1][safepoint    ] Safepoint "RevokeBias", Time since last: 249249883 ns, Reaching safepoint: 317592 ns, At safepoint: 53222 ns, Total: 370814 ns
[2020-09-11T16:29:44.841+0000][1][safepoint    ] Safepoint "Cleanup", Time since last: 1001702257 ns, Reaching safepoint: 105731 ns, At safepoint: 8289 ns, Total: 114020 ns
[2020-09-11T16:29:45.841+0000][1][safepoint    ] Safepoint "Cleanup", Time since last: 1000145811 ns, Reaching safepoint: 141974 ns, At safepoint: 8557 ns, Total: 150531 ns
[2020-09-11T16:29:46.841+0000][1][safepoint    ] Safepoint "Cleanup", Time since last: 1000133901 ns, Reaching safepoint: 92124 ns, At safepoint: 7014 ns, Total: 99138 ns
[2020-09-11T16:29:47.842+0000][1][safepoint    ] Safepoint "Cleanup", Time since last: 1000219056 ns, Reaching safepoint: 111452 ns, At safepoint: 17750 ns, Total: 129202 ns
[2020-09-11T16:29:48.842+0000][1][safepoint    ] Safepoint "Cleanup", Time since last: 1000166676 ns, Reaching safepoint: 124696 ns, At safepoint: 10147 ns, Total: 134843 ns
[2020-09-11T16:29:49.842+0000][1][safepoint    ] Safepoint "Cleanup", Time since last: 1000140790 ns, Reaching safepoint: 134479 ns, At safepoint: 8482 ns, Total: 142961 ns
[2020-09-11T16:29:50.710+0000][1][safepoint    ] Safepoint "RevokeBias", Time since last: 867795737 ns, Reaching safepoint: 102591 ns, At safepoint: 23271 ns, Total: 125862 ns
[2020-09-11T16:29:50.841+0000][1][safepoint    ] Safepoint "RevokeBias", Time since last: 130896458 ns, Reaching safepoint: 177131 ns, At safepoint: 24812 ns, Total: 201943 ns
[2020-09-11T16:29:51.842+0000][1][safepoint    ] Safepoint "Cleanup", Time since last: 1000137351 ns, Reaching safepoint: 175730 ns, At safepoint: 19127 ns, Total: 194857 ns
[2020-09-11T16:29:52.842+0000][1][safepoint    ] Safepoint "Cleanup", Time since last: 1000184001 ns, Reaching safepoint: 178443 ns, At safepoint: 17727 ns, Total: 196170 ns
[2020-09-11T16:29:53.551+0000][1][safepoint    ] Safepoint "RevokeBias", Time since last: 708558759 ns, Reaching safepoint: 247556 ns, At safepoint: 291073 ns, Total: 538629 ns
[2020-09-11T16:29:53.717+0000][1][safepoint    ] Safepoint "RevokeBias", Time since last: 165275888 ns, Reaching safepoint: 122210 ns, At safepoint: 24390 ns, Total: 146600 ns
[2020-09-11T16:29:54.717+0000][1][safepoint    ] Safepoint "Cleanup", Time since last: 1000170956 ns, Reaching safepoint: 147897 ns, At safepoint: 7531 ns, Total: 155428 ns
[2020-09-11T16:29:55.717+0000][1][safepoint    ] Safepoint "Cleanup", Time since last: 1000184310 ns, Reaching safepoint: 123406 ns, At safepoint: 8140 ns, Total: 131546 ns
[2020-09-11T16:29:56.718+0000][1][safepoint    ] Safepoint "Cleanup", Time since last: 1000154712 ns, Reaching safepoint: 141430 ns, At safepoint: 7077 ns, Total: 148507 ns
[2020-09-11T16:29:56.848+0000][1][gc,start     ] GC(92) Pause Young (Allocation Failure)
[2020-09-11T16:29:56.848+0000][1][gc,task      ] GC(92) Using 1 workers of 1 for evacuation
[2020-09-11T16:29:56.856+0000][1][gc,age       ] GC(92) Desired survivor size 4358144 bytes, new threshold 6 (max threshold 6)
[2020-09-11T16:29:56.856+0000][1][gc,age       ] GC(92) Age table with threshold 6 (max threshold 6)
[2020-09-11T16:29:56.856+0000][1][gc,age       ] GC(92) - age   1:     193360 bytes,     193360 total
[2020-09-11T16:29:56.856+0000][1][gc,age       ] GC(92) - age   2:      68872 bytes,     262232 total
[2020-09-11T16:29:56.856+0000][1][gc,age       ] GC(92) - age   3:      29272 bytes,     291504 total
[2020-09-11T16:29:56.856+0000][1][gc,age       ] GC(92) - age   4:      28184 bytes,     319688 total
[2020-09-11T16:29:56.856+0000][1][gc,age       ] GC(92) - age   5:      65832 bytes,     385520 total
[2020-09-11T16:29:56.856+0000][1][gc,age       ] GC(92) - age   6:      38456 bytes,     423976 total
[2020-09-11T16:29:56.856+0000][1][gc,heap      ] GC(92) ParNew: 68816K->438K(76672K)
[2020-09-11T16:29:56.856+0000][1][gc,heap      ] GC(92) CMS: 105166K->105166K(439104K)
[2020-09-11T16:29:56.856+0000][1][gc,metaspace ] GC(92) Metaspace: 94694K->94694K(1136640K)
[2020-09-11T16:29:56.856+0000][1][gc           ] GC(92) Pause Young (Allocation Failure) 169M->103M(503M) 8.416ms
[2020-09-11T16:29:56.856+0000][1][gc,cpu       ] GC(92) User=0.00s Sys=0.00s Real=0.01s
[2020-09-11T16:29:56.861+0000][1][safepoint    ] Safepoint "GenCollectForAllocation", Time since last: 130024884 ns, Reaching safepoint: 213255 ns, At safepoint: 12991884 ns, Total: 13205139 ns
[2020-09-11T16:29:57.870+0000][1][safepoint    ] Safepoint "Cleanup", Time since last: 1008587999 ns, Reaching safepoint: 171554 ns, At safepoint: 51798 ns, Total: 223352 ns
[2020-09-11T16:29:58.871+0000][1][safepoint    ] Safepoint "Cleanup", Time since last: 1000916583 ns, Reaching safepoint: 187597 ns, At safepoint: 18055 ns, Total: 205652 ns
[2020-09-11T16:29:59.871+0000][1][safepoint    ] Safepoint "Cleanup", Time since last: 1000205035 ns, Reaching safepoint: 131274 ns, At safepoint: 9170 ns, Total: 140444 ns
[2020-09-11T16:30:00.717+0000][1][safepoint    ] Safepoint "RevokeBias", Time since last: 845601650 ns, Reaching safepoint: 192041 ns, At safepoint: 24909 ns, Total: 216950 ns
[2020-09-11T16:30:00.895+0000][1][safepoint    ] Safepoint "RevokeBias", Time since last: 177847178 ns, Reaching safepoint: 190029 ns, At safepoint: 30580 ns, Total: 220609 ns
[2020-09-11T16:30:01.895+0000][1][safepoint    ] Safepoint "Cleanup", Time since last: 1000167878 ns, Reaching safepoint: 132998 ns, At safepoint: 9139 ns, Total: 142137 ns
[2020-09-11T16:30:02.896+0000][1][safepoint    ] Safepoint "Cleanup", Time since last: 1000182489 ns, Reaching safepoint: 196387 ns, At safepoint: 23320 ns, Total: 219707 ns
[2020-09-11T16:30:03.511+0000][1][safepoint    ] Safepoint "RevokeBias", Time since last: 614680584 ns, Reaching safepoint: 215294 ns, At safepoint: 28428 ns, Total: 243722 ns
[2020-09-11T16:30:03.732+0000][1][safepoint    ] Safepoint "RevokeBias", Time since last: 220925689 ns, Reaching safepoint: 234778 ns, At safepoint: 34754 ns, Total: 269532 ns
[2020-09-11T16:30:04.732+0000][1][safepoint    ] Safepoint "Cleanup", Time since last: 1000146233 ns, Reaching safepoint: 182793 ns, At safepoint: 18830 ns, Total: 201623 ns
[2020-09-11T16:30:05.733+0000][1][safepoint    ] Safepoint "Cleanup", Time since last: 1000181130 ns, Reaching safepoint: 191593 ns, At safepoint: 38465 ns, Total: 230058 ns
[2020-09-11T16:30:06.733+0000][1][safepoint    ] Safepoint "Cleanup", Time since last: 1000186454 ns, Reaching safepoint: 155256 ns, At safepoint: 8123 ns, Total: 163379 ns
[2020-09-11T16:30:07.733+0000][1][safepoint    ] Safepoint "Cleanup", Time since last: 1000114342 ns, Reaching safepoint: 107643 ns, At safepoint: 8191 ns, Total: 115834 ns
[2020-09-11T16:30:08.733+0000][1][safepoint    ] Safepoint "Cleanup", Time since last: 1000191315 ns, Reaching safepoint: 130072 ns, At safepoint: 11235 ns, Total: 141307 ns
[2020-09-11T16:30:09.734+0000][1][safepoint    ] Safepoint "Cleanup", Time since last: 1000197205 ns, Reaching safepoint: 127446 ns, At safepoint: 10435 ns, Total: 137881 ns
[2020-09-11T16:30:10.729+0000][1][safepoint    ] Safepoint "RevokeBias", Time since last: 994954741 ns, Reaching safepoint: 128142 ns, At safepoint: 24106 ns, Total: 152248 ns
[2020-09-11T16:30:10.848+0000][1][safepoint    ] Safepoint "BulkRevokeBias", Time since last: 118848480 ns, Reaching safepoint: 105916 ns, At safepoint: 271440 ns, Total: 377356 ns
[2020-09-11T16:30:11.848+0000][1][safepoint    ] Safepoint "Cleanup", Time since last: 1000143430 ns, Reaching safepoint: 179846 ns, At safepoint: 20260 ns, Total: 200106 ns
[2020-09-11T16:30:12.849+0000][1][safepoint    ] Safepoint "Cleanup", Time since last: 1000220566 ns, Reaching safepoint: 210971 ns, At safepoint: 19578 ns, Total: 230549 ns
[2020-09-11T16:30:13.566+0000][1][safepoint    ] Safepoint "RevokeBias", Time since last: 716858514 ns, Reaching safepoint: 298886 ns, At safepoint: 313067 ns, Total: 611953 ns
[2020-09-11T16:30:13.759+0000][1][safepoint    ] Safepoint "RevokeBias", Time since last: 191333529 ns, Reaching safepoint: 816771 ns, At safepoint: 29518 ns, Total: 846289 ns
[2020-09-11T16:30:14.759+0000][1][safepoint    ] Safepoint "Cleanup", Time since last: 1000166025 ns, Reaching safepoint: 204382 ns, At safepoint: 22599 ns, Total: 226981 ns
[2020-09-11T16:30:15.759+0000][1][safepoint    ] Safepoint "Cleanup", Time since last: 1000216976 ns, Reaching safepoint: 196852 ns, At safepoint: 20367 ns, Total: 217219 ns
[2020-09-11T16:30:16.760+0000][1][safepoint    ] Safepoint "Cleanup", Time since last: 1000189484 ns, Reaching safepoint: 133066 ns, At safepoint: 8594 ns, Total: 141660 ns
[2020-09-11T16:30:17.760+0000][1][safepoint    ] Safepoint "Cleanup", Time since last: 1000169609 ns, Reaching safepoint: 175857 ns, At safepoint: 19384 ns, Total: 195241 ns
[2020-09-11T16:30:18.760+0000][1][safepoint    ] Safepoint "Cleanup", Time since last: 1000221408 ns, Reaching safepoint: 142903 ns, At safepoint: 8392 ns, Total: 151295 ns
[2020-09-11T16:30:19.761+0000][1][safepoint    ] Safepoint "Cleanup", Time since last: 1000176025 ns, Reaching safepoint: 168212 ns, At safepoint: 15097 ns, Total: 183309 ns
[2020-09-11T16:30:19.937+0000][1][gc,start     ] GC(93) Pause Young (Allocation Failure)
[2020-09-11T16:30:19.937+0000][1][gc,task      ] GC(93) Using 1 workers of 1 for evacuation
[2020-09-11T16:30:19.952+0000][1][gc,age       ] GC(93) Desired survivor size 4358144 bytes, new threshold 6 (max threshold 6)
[2020-09-11T16:30:19.952+0000][1][gc,age       ] GC(93) Age table with threshold 6 (max threshold 6)
[2020-09-11T16:30:19.952+0000][1][gc,age       ] GC(93) - age   1:     206544 bytes,     206544 total
[2020-09-11T16:30:19.952+0000][1][gc,age       ] GC(93) - age   2:      56200 bytes,     262744 total
[2020-09-11T16:30:19.952+0000][1][gc,age       ] GC(93) - age   3:      48016 bytes,     310760 total
[2020-09-11T16:30:19.952+0000][1][gc,age       ] GC(93) - age   4:      16984 bytes,     327744 total
[2020-09-11T16:30:19.952+0000][1][gc,age       ] GC(93) - age   5:      27560 bytes,     355304 total
[2020-09-11T16:30:19.952+0000][1][gc,age       ] GC(93) - age   6:      65576 bytes,     420880 total
[2020-09-11T16:30:19.952+0000][1][gc,heap      ] GC(93) ParNew: 68583K->730K(76672K)
[2020-09-11T16:30:19.952+0000][1][gc,heap      ] GC(93) CMS: 105166K->105203K(439104K)
[2020-09-11T16:30:19.952+0000][1][gc,metaspace ] GC(93) Metaspace: 94784K->94784K(1136640K)
[2020-09-11T16:30:19.952+0000][1][gc           ] GC(93) Pause Young (Allocation Failure) 169M->103M(503M) 15.427ms
[2020-09-11T16:30:19.952+0000][1][gc,cpu       ] GC(93) User=0.00s Sys=0.00s Real=0.01s
[2020-09-11T16:30:19.954+0000][1][safepoint    ] Safepoint "GenCollectForAllocation", Time since last: 175677832 ns, Reaching safepoint: 193801 ns, At safepoint: 17198987 ns, Total: 17392788 ns
[2020-09-11T16:30:20.829+0000][1][safepoint    ] Safepoint "RevokeBias", Time since last: 875481971 ns, Reaching safepoint: 106408 ns, At safepoint: 23483 ns, Total: 129891 ns
[2020-09-11T16:30:20.852+0000][1][safepoint    ] Safepoint "RevokeBias", Time since last: 22276650 ns, Reaching safepoint: 101764 ns, At safepoint: 24264 ns, Total: 126028 ns
[2020-09-11T16:30:21.852+0000][1][safepoint    ] Safepoint "Cleanup", Time since last: 1000130843 ns, Reaching safepoint: 148300 ns, At safepoint: 7935 ns, Total: 156235 ns
[2020-09-11T16:30:22.852+0000][1][safepoint    ] Safepoint "Cleanup", Time since last: 1000142711 ns, Reaching safepoint: 139663 ns, At safepoint: 7205 ns, Total: 146868 ns
[2020-09-11T16:30:23.565+0000][1][safepoint    ] Safepoint "BulkRevokeBias", Time since last: 711511498 ns, Reaching safepoint: 244162 ns, At safepoint: 653567 ns, Total: 897729 ns
[2020-09-11T16:30:23.638+0000][1][safepoint    ] Safepoint "RevokeBias", Time since last: 72680459 ns, Reaching safepoint: 172567 ns, At safepoint: 23698 ns, Total: 196265 ns
[2020-09-11T16:30:23.779+0000][1][safepoint    ] Safepoint "RevokeBias", Time since last: 141068262 ns, Reaching safepoint: 105689 ns, At safepoint: 23735 ns, Total: 129424 ns
[2020-09-11T16:30:24.779+0000][1][safepoint    ] Safepoint "Cleanup", Time since last: 1000112218 ns, Reaching safepoint: 99515 ns, At safepoint: 8696 ns, Total: 108211 ns
[2020-09-11T16:30:25.779+0000][1][safepoint    ] Safepoint "Cleanup", Time since last: 1000179338 ns, Reaching safepoint: 130036 ns, At safepoint: 10103 ns, Total: 140139 ns
[2020-09-11T16:30:26.780+0000][1][safepoint    ] Safepoint "Cleanup", Time since last: 1000170520 ns, Reaching safepoint: 122689 ns, At safepoint: 8584 ns, Total: 131273 ns
[2020-09-11T16:30:27.780+0000][1][safepoint    ] Safepoint "Cleanup", Time since last: 1000277170 ns, Reaching safepoint: 198222 ns, At safepoint: 20834 ns, Total: 219056 ns
[2020-09-11T16:30:28.781+0000][1][safepoint    ] Safepoint "Cleanup", Time since last: 1000182095 ns, Reaching safepoint: 174836 ns, At safepoint: 8445 ns, Total: 183281 ns
[2020-09-11T16:30:29.781+0000][1][safepoint    ] Safepoint "Cleanup", Time since last: 1000165330 ns, Reaching safepoint: 128345 ns, At safepoint: 9871 ns, Total: 138216 ns
[2020-09-11T16:30:30.718+0000][1][safepoint    ] Safepoint "RevokeBias", Time since last: 936544394 ns, Reaching safepoint: 213296 ns, At safepoint: 32806 ns, Total: 246102 ns
[2020-09-11T16:30:30.863+0000][1][safepoint    ] Safepoint "RevokeBias", Time since last: 145583090 ns, Reaching safepoint: 102354 ns, At safepoint: 28692 ns, Total: 131046 ns
[2020-09-11T16:30:31.864+0000][1][safepoint    ] Safepoint "Cleanup", Time since last: 1000134648 ns, Reaching safepoint: 135688 ns, At safepoint: 6529 ns, Total: 142217 ns
[2020-09-11T16:30:32.864+0000][1][safepoint    ] Safepoint "Cleanup", Time since last: 1000133597 ns, Reaching safepoint: 134146 ns, At safepoint: 6989 ns, Total: 141135 ns
[2020-09-11T16:30:33.551+0000][1][safepoint    ] Safepoint "RevokeBias", Time since last: 685939991 ns, Reaching safepoint: 414103 ns, At safepoint: 256234 ns, Total: 670337 ns
[2020-09-11T16:30:33.719+0000][1][safepoint    ] Safepoint "RevokeBias", Time since last: 168429403 ns, Reaching safepoint: 179778 ns, At safepoint: 22890 ns, Total: 202668 ns
[2020-09-11T16:30:34.720+0000][1][safepoint    ] Safepoint "Cleanup", Time since last: 1000168788 ns, Reaching safepoint: 129059 ns, At safepoint: 7891 ns, Total: 136950 ns
[2020-09-11T16:30:35.720+0000][1][safepoint    ] Safepoint "Cleanup", Time since last: 1000183074 ns, Reaching safepoint: 130694 ns, At safepoint: 8727 ns, Total: 139421 ns
[2020-09-11T16:30:36.720+0000][1][safepoint    ] Safepoint "Cleanup", Time since last: 1000148728 ns, Reaching safepoint: 178693 ns, At safepoint: 19264 ns, Total: 197957 ns
[2020-09-11T16:30:37.721+0000][1][safepoint    ] Safepoint "Cleanup", Time since last: 1000241728 ns, Reaching safepoint: 189792 ns, At safepoint: 21119 ns, Total: 210911 ns
[2020-09-11T16:30:38.721+0000][1][safepoint    ] Safepoint "Cleanup", Time since last: 1000520132 ns, Reaching safepoint: 193273 ns, At safepoint: 23267 ns, Total: 216540 ns
[2020-09-11T16:30:39.722+0000][1][safepoint    ] Safepoint "Cleanup", Time since last: 1000221389 ns, Reaching safepoint: 124105 ns, At safepoint: 10423 ns, Total: 134528 ns
[2020-09-11T16:30:40.078+0000][1][gc,start     ] GC(94) Pause Young (Allocation Failure)
[2020-09-11T16:30:40.078+0000][1][gc,task      ] GC(94) Using 1 workers of 1 for evacuation
[2020-09-11T16:30:40.084+0000][1][gc,age       ] GC(94) Desired survivor size 4358144 bytes, new threshold 6 (max threshold 6)
[2020-09-11T16:30:40.084+0000][1][gc,age       ] GC(94) Age table with threshold 6 (max threshold 6)
[2020-09-11T16:30:40.084+0000][1][gc,age       ] GC(94) - age   1:     197992 bytes,     197992 total
[2020-09-11T16:30:40.084+0000][1][gc,age       ] GC(94) - age   2:      42016 bytes,     240008 total
[2020-09-11T16:30:40.084+0000][1][gc,age       ] GC(94) - age   3:      47632 bytes,     287640 total
[2020-09-11T16:30:40.084+0000][1][gc,age       ] GC(94) - age   4:      47976 bytes,     335616 total
[2020-09-11T16:30:40.084+0000][1][gc,age       ] GC(94) - age   5:      16792 bytes,     352408 total
[2020-09-11T16:30:40.084+0000][1][gc,age       ] GC(94) - age   6:      27560 bytes,     379968 total
[2020-09-11T16:30:40.084+0000][1][gc,heap      ] GC(94) ParNew: 68834K->490K(76672K)
[2020-09-11T16:30:40.084+0000][1][gc,heap      ] GC(94) CMS: 105203K->105267K(439104K)
[2020-09-11T16:30:40.084+0000][1][gc,metaspace ] GC(94) Metaspace: 94866K->94866K(1136640K)
[2020-09-11T16:30:40.084+0000][1][gc           ] GC(94) Pause Young (Allocation Failure) 169M->103M(503M) 5.736ms
[2020-09-11T16:30:40.084+0000][1][gc,cpu       ] GC(94) User=0.01s Sys=0.00s Real=0.01s
[2020-09-11T16:30:40.089+0000][1][safepoint    ] Safepoint "GenCollectForAllocation", Time since last: 356208629 ns, Reaching safepoint: 95131 ns, At safepoint: 10704062 ns, Total: 10799193 ns
[2020-09-11T16:30:40.695+0000][1][safepoint    ] Safepoint "RevokeBias", Time since last: 605836779 ns, Reaching safepoint: 219385 ns, At safepoint: 25341 ns, Total: 244726 ns
[2020-09-11T16:30:40.862+0000][1][safepoint    ] Safepoint "RevokeBias", Time since last: 166823948 ns, Reaching safepoint: 103241 ns, At safepoint: 24214 ns, Total: 127455 ns
[2020-09-11T16:30:41.862+0000][1][safepoint    ] Safepoint "Cleanup", Time since last: 1000178379 ns, Reaching safepoint: 110485 ns, At safepoint: 8081 ns, Total: 118566 ns
[2020-09-11T16:30:42.862+0000][1][safepoint    ] Safepoint "Cleanup", Time since last: 1000169270 ns, Reaching safepoint: 116026 ns, At safepoint: 7093 ns, Total: 123119 ns
[2020-09-11T16:30:43.572+0000][1][safepoint    ] Safepoint "RevokeBias", Time since last: 707006528 ns, Reaching safepoint: 2093281 ns, At safepoint: 259797 ns, Total: 2353078 ns
[2020-09-11T16:30:43.794+0000][1][safepoint    ] Safepoint "RevokeBias", Time since last: 221602639 ns, Reaching safepoint: 392691 ns, At safepoint: 52958 ns, Total: 445649 ns
[2020-09-11T16:30:44.794+0000][1][safepoint    ] Safepoint "Cleanup", Time since last: 1000212604 ns, Reaching safepoint: 183377 ns, At safepoint: 18088 ns, Total: 201465 ns
[2020-09-11T16:30:45.795+0000][1][safepoint    ] Safepoint "Cleanup", Time since last: 1000215356 ns, Reaching safepoint: 187938 ns, At safepoint: 19491 ns, Total: 207429 ns
[2020-09-11T16:30:46.795+0000][1][safepoint    ] Safepoint "Cleanup", Time since last: 1000171317 ns, Reaching safepoint: 167197 ns, At safepoint: 19592 ns, Total: 186789 ns
[2020-09-11T16:30:47.795+0000][1][safepoint    ] Safepoint "Cleanup", Time since last: 1000178296 ns, Reaching safepoint: 174290 ns, At safepoint: 19181 ns, Total: 193471 ns
[2020-09-11T16:30:48.796+0000][1][safepoint    ] Safepoint "Cleanup", Time since last: 1000216948 ns, Reaching safepoint: 176004 ns, At safepoint: 19688 ns, Total: 195692 ns
[2020-09-11T16:30:49.796+0000][1][safepoint    ] Safepoint "Cleanup", Time since last: 1000204973 ns, Reaching safepoint: 172426 ns, At safepoint: 18896 ns, Total: 191322 ns
[2020-09-11T16:30:50.719+0000][1][safepoint    ] Safepoint "RevokeBias", Time since last: 922752442 ns, Reaching safepoint: 108308 ns, At safepoint: 22216 ns, Total: 130524 ns
[2020-09-11T16:30:50.826+0000][1][safepoint    ] Safepoint "RevokeBias", Time since last: 107190460 ns, Reaching safepoint: 180743 ns, At safepoint: 24530 ns, Total: 205273 ns
[2020-09-11T16:30:51.827+0000][1][safepoint    ] Safepoint "Cleanup", Time since last: 1000152640 ns, Reaching safepoint: 166158 ns, At safepoint: 20029 ns, Total: 186187 ns
[2020-09-11T16:30:52.827+0000][1][safepoint    ] Safepoint "Cleanup", Time since last: 1000226560 ns, Reaching safepoint: 176107 ns, At safepoint: 19031 ns, Total: 195138 ns
[2020-09-11T16:30:53.522+0000][1][safepoint    ] Safepoint "RevokeBias", Time since last: 693970905 ns, Reaching safepoint: 274902 ns, At safepoint: 369012 ns, Total: 643914 ns
[2020-09-11T16:30:53.710+0000][1][safepoint    ] Safepoint "RevokeBias", Time since last: 188165788 ns, Reaching safepoint: 292946 ns, At safepoint: 26130 ns, Total: 319076 ns
[2020-09-11T16:30:54.853+0000][1][safepoint    ] Safepoint "Cleanup", Time since last: 1142699200 ns, Reaching safepoint: 262008 ns, At safepoint: 22745 ns, Total: 284753 ns
[2020-09-11T16:30:55.854+0000][1][safepoint    ] Safepoint "Cleanup", Time since last: 1000192913 ns, Reaching safepoint: 127208 ns, At safepoint: 8902 ns, Total: 136110 ns
[2020-09-11T16:30:56.854+0000][1][safepoint    ] Safepoint "Cleanup", Time since last: 1000147731 ns, Reaching safepoint: 148024 ns, At safepoint: 7527 ns, Total: 155551 ns
[2020-09-11T16:30:57.854+0000][1][safepoint    ] Safepoint "Cleanup", Time since last: 1000131468 ns, Reaching safepoint: 172172 ns, At safepoint: 18024 ns, Total: 190196 ns
[2020-09-11T16:30:58.855+0000][1][safepoint    ] Safepoint "Cleanup", Time since last: 1000170177 ns, Reaching safepoint: 167744 ns, At safepoint: 10225 ns, Total: 177969 ns
[2020-09-11T16:30:59.855+0000][1][safepoint    ] Safepoint "Cleanup", Time since last: 1000141961 ns, Reaching safepoint: 131386 ns, At safepoint: 9702 ns, Total: 141088 ns
[2020-09-11T16:31:00.714+0000][1][safepoint    ] Safepoint "RevokeBias", Time since last: 858523297 ns, Reaching safepoint: 173546 ns, At safepoint: 23427 ns, Total: 196973 ns
[2020-09-11T16:31:00.849+0000][1][safepoint    ] Safepoint "RevokeBias", Time since last: 135535562 ns, Reaching safepoint: 98410 ns, At safepoint: 22126 ns, Total: 120536 ns
[2020-09-11T16:31:01.850+0000][1][safepoint    ] Safepoint "Cleanup", Time since last: 1000165804 ns, Reaching safepoint: 166896 ns, At safepoint: 19191 ns, Total: 186087 ns
[2020-09-11T16:31:02.850+0000][1][safepoint    ] Safepoint "Cleanup", Time since last: 1000233209 ns, Reaching safepoint: 136969 ns, At safepoint: 8228 ns, Total: 145197 ns
[2020-09-11T16:31:03.415+0000][1][gc,start     ] GC(95) Pause Young (Allocation Failure)
[2020-09-11T16:31:03.415+0000][1][gc,task      ] GC(95) Using 1 workers of 1 for evacuation
[2020-09-11T16:31:03.422+0000][1][gc,age       ] GC(95) Desired survivor size 4358144 bytes, new threshold 6 (max threshold 6)
[2020-09-11T16:31:03.422+0000][1][gc,age       ] GC(95) Age table with threshold 6 (max threshold 6)
[2020-09-11T16:31:03.422+0000][1][gc,age       ] GC(95) - age   1:     393352 bytes,     393352 total
[2020-09-11T16:31:03.422+0000][1][gc,age       ] GC(95) - age   2:      33040 bytes,     426392 total
[2020-09-11T16:31:03.422+0000][1][gc,age       ] GC(95) - age   3:      24000 bytes,     450392 total
[2020-09-11T16:31:03.422+0000][1][gc,age       ] GC(95) - age   4:      37576 bytes,     487968 total
[2020-09-11T16:31:03.422+0000][1][gc,age       ] GC(95) - age   5:      47976 bytes,     535944 total
[2020-09-11T16:31:03.422+0000][1][gc,age       ] GC(95) - age   6:      16792 bytes,     552736 total
[2020-09-11T16:31:03.422+0000][1][gc,heap      ] GC(95) ParNew: 68650K->679K(76672K)
[2020-09-11T16:31:03.422+0000][1][gc,heap      ] GC(95) CMS: 105267K->105294K(439104K)
[2020-09-11T16:31:03.422+0000][1][gc,metaspace ] GC(95) Metaspace: 94949K->94949K(1136640K)
[2020-09-11T16:31:03.422+0000][1][gc           ] GC(95) Pause Young (Allocation Failure) 169M->103M(503M) 7.606ms
[2020-09-11T16:31:03.422+0000][1][gc,cpu       ] GC(95) User=0.01s Sys=0.00s Real=0.01s
[2020-09-11T16:31:03.424+0000][1][safepoint    ] Safepoint "GenCollectForAllocation", Time since last: 564633634 ns, Reaching safepoint: 199545 ns, At safepoint: 9225397 ns, Total: 9424942 ns
[2020-09-11T16:31:03.586+0000][1][safepoint    ] Safepoint "RevokeBias", Time since last: 161689210 ns, Reaching safepoint: 372020 ns, At safepoint: 256187 ns, Total: 628207 ns
[2020-09-11T16:31:03.730+0000][1][safepoint    ] Safepoint "RevokeBias", Time since last: 143524756 ns, Reaching safepoint: 183548 ns, At safepoint: 23422 ns, Total: 206970 ns
[2020-09-11T16:31:04.730+0000][1][safepoint    ] Safepoint "Cleanup", Time since last: 1000143286 ns, Reaching safepoint: 129496 ns, At safepoint: 7950 ns, Total: 137446 ns
[2020-09-11T16:31:05.731+0000][1][safepoint    ] Safepoint "Cleanup", Time since last: 1000165302 ns, Reaching safepoint: 166255 ns, At safepoint: 18816 ns, Total: 185071 ns
[2020-09-11T16:31:06.731+0000][1][safepoint    ] Safepoint "Cleanup", Time since last: 1000166930 ns, Reaching safepoint: 144818 ns, At safepoint: 7335 ns, Total: 152153 ns
[2020-09-11T16:31:07.731+0000][1][safepoint    ] Safepoint "Cleanup", Time since last: 1000126519 ns, Reaching safepoint: 104668 ns, At safepoint: 7811 ns, Total: 112479 ns
[2020-09-11T16:31:08.732+0000][1][safepoint    ] Safepoint "Cleanup", Time since last: 1000155189 ns, Reaching safepoint: 115545 ns, At safepoint: 7526 ns, Total: 123071 ns
[2020-09-11T16:31:09.732+0000][1][safepoint    ] Safepoint "Cleanup", Time since last: 1000127685 ns, Reaching safepoint: 165430 ns, At safepoint: 18425 ns, Total: 183855 ns
[2020-09-11T16:31:10.725+0000][1][safepoint    ] Safepoint "RevokeBias", Time since last: 992576390 ns, Reaching safepoint: 176983 ns, At safepoint: 22142 ns, Total: 199125 ns
[2020-09-11T16:31:10.839+0000][1][safepoint    ] Safepoint "RevokeBias", Time since last: 114106325 ns, Reaching safepoint: 175744 ns, At safepoint: 23122 ns, Total: 198866 ns
[2020-09-11T16:31:11.839+0000][1][safepoint    ] Safepoint "Cleanup", Time since last: 1000147637 ns, Reaching safepoint: 174160 ns, At safepoint: 22298 ns, Total: 196458 ns
[2020-09-11T16:31:12.840+0000][1][safepoint    ] Safepoint "Cleanup", Time since last: 1000176050 ns, Reaching safepoint: 126078 ns, At safepoint: 8005 ns, Total: 134083 ns
[2020-09-11T16:31:13.595+0000][1][safepoint    ] Safepoint "RevokeBias", Time since last: 755123296 ns, Reaching safepoint: 296413 ns, At safepoint: 22059 ns, Total: 318472 ns
[2020-09-11T16:31:13.802+0000][1][safepoint    ] Safepoint "RevokeBias", Time since last: 207105158 ns, Reaching safepoint: 219088 ns, At safepoint: 29903 ns, Total: 248991 ns
[2020-09-11T16:31:14.803+0000][1][safepoint    ] Safepoint "Cleanup", Time since last: 1000182965 ns, Reaching safepoint: 122812 ns, At safepoint: 11260 ns, Total: 134072 ns
[2020-09-11T16:31:15.803+0000][1][safepoint    ] Safepoint "Cleanup", Time since last: 1000149644 ns, Reaching safepoint: 135434 ns, At safepoint: 8822 ns, Total: 144256 ns
[2020-09-11T16:31:16.803+0000][1][safepoint    ] Safepoint "Cleanup", Time since last: 1000179244 ns, Reaching safepoint: 163492 ns, At safepoint: 19551 ns, Total: 183043 ns
[2020-09-11T16:31:17.804+0000][1][safepoint    ] Safepoint "Cleanup", Time since last: 1000201021 ns, Reaching safepoint: 131332 ns, At safepoint: 8453 ns, Total: 139785 ns
[2020-09-11T16:31:18.804+0000][1][safepoint    ] Safepoint "Cleanup", Time since last: 1000175483 ns, Reaching safepoint: 130101 ns, At safepoint: 7953 ns, Total: 138054 ns
[2020-09-11T16:31:18.860+0000][1][safepoint    ] Safepoint "RevokeBias", Time since last: 55817625 ns, Reaching safepoint: 132300 ns, At safepoint: 96785 ns, Total: 229085 ns
[2020-09-11T16:31:19.861+0000][1][safepoint    ] Safepoint "Cleanup", Time since last: 1000171382 ns, Reaching safepoint: 199822 ns, At safepoint: 23761 ns, Total: 223583 ns
[2020-09-11T16:31:20.702+0000][1][safepoint    ] Safepoint "RevokeBias", Time since last: 841491439 ns, Reaching safepoint: 181694 ns, At safepoint: 23910 ns, Total: 205604 ns
[2020-09-11T16:31:20.827+0000][1][safepoint    ] Safepoint "RevokeBias", Time since last: 124996689 ns, Reaching safepoint: 180435 ns, At safepoint: 24683 ns, Total: 205118 ns
[2020-09-11T16:31:21.828+0000][1][safepoint    ] Safepoint "Cleanup", Time since last: 1000176921 ns, Reaching safepoint: 115589 ns, At safepoint: 8587 ns, Total: 124176 ns
[2020-09-11T16:31:22.828+0000][1][safepoint    ] Safepoint "Cleanup", Time since last: 1000176115 ns, Reaching safepoint: 181073 ns, At safepoint: 21335 ns, Total: 202408 ns
[2020-09-11T16:31:23.434+0000][1][gc,start     ] GC(96) Pause Young (Allocation Failure)
[2020-09-11T16:31:23.434+0000][1][gc,task      ] GC(96) Using 1 workers of 1 for evacuation
[2020-09-11T16:31:23.440+0000][1][gc,age       ] GC(96) Desired survivor size 4358144 bytes, new threshold 6 (max threshold 6)
[2020-09-11T16:31:23.440+0000][1][gc,age       ] GC(96) Age table with threshold 6 (max threshold 6)
[2020-09-11T16:31:23.440+0000][1][gc,age       ] GC(96) - age   1:     602376 bytes,     602376 total
[2020-09-11T16:31:23.440+0000][1][gc,age       ] GC(96) - age   2:     134480 bytes,     736856 total
[2020-09-11T16:31:23.440+0000][1][gc,age       ] GC(96) - age   3:      10088 bytes,     746944 total
[2020-09-11T16:31:23.440+0000][1][gc,age       ] GC(96) - age   4:      20584 bytes,     767528 total
[2020-09-11T16:31:23.440+0000][1][gc,age       ] GC(96) - age   5:      37576 bytes,     805104 total
[2020-09-11T16:31:23.440+0000][1][gc,age       ] GC(96) - age   6:      47976 bytes,     853080 total
[2020-09-11T16:31:23.440+0000][1][gc,heap      ] GC(96) ParNew: 68839K->979K(76672K)
[2020-09-11T16:31:23.440+0000][1][gc,heap      ] GC(96) CMS: 105294K->105307K(439104K)
[2020-09-11T16:31:23.440+0000][1][gc,metaspace ] GC(96) Metaspace: 94996K->94996K(1136640K)
[2020-09-11T16:31:23.440+0000][1][gc           ] GC(96) Pause Young (Allocation Failure) 170M->103M(503M) 5.910ms
[2020-09-11T16:31:23.440+0000][1][gc,cpu       ] GC(96) User=0.01s Sys=0.00s Real=0.00s
[2020-09-11T16:31:23.459+0000][1][safepoint    ] Safepoint "GenCollectForAllocation", Time since last: 605605370 ns, Reaching safepoint: 243534 ns, At safepoint: 24883427 ns, Total: 25126961 ns
[2020-09-11T16:31:23.603+0000][1][safepoint    ] Safepoint "RevokeBias", Time since last: 143363097 ns, Reaching safepoint: 222929 ns, At safepoint: 419397 ns, Total: 642326 ns
[2020-09-11T16:31:23.830+0000][1][safepoint    ] Safepoint "RevokeBias", Time since last: 226724529 ns, Reaching safepoint: 181755 ns, At safepoint: 24798 ns, Total: 206553 ns
[2020-09-11T16:31:24.830+0000][1][safepoint    ] Safepoint "Cleanup", Time since last: 1000132811 ns, Reaching safepoint: 184436 ns, At safepoint: 19385 ns, Total: 203821 ns
[2020-09-11T16:31:25.830+0000][1][safepoint    ] Safepoint "Cleanup", Time since last: 1000217196 ns, Reaching safepoint: 175753 ns, At safepoint: 19251 ns, Total: 195004 ns
[2020-09-11T16:31:26.831+0000][1][safepoint    ] Safepoint "Cleanup", Time since last: 1000214955 ns, Reaching safepoint: 121635 ns, At safepoint: 8427 ns, Total: 130062 ns
[2020-09-11T16:31:27.831+0000][1][safepoint    ] Safepoint "Cleanup", Time since last: 1000143762 ns, Reaching safepoint: 134135 ns, At safepoint: 8907 ns, Total: 143042 ns
[2020-09-11T16:31:28.831+0000][1][safepoint    ] Safepoint "Cleanup", Time since last: 1000191678 ns, Reaching safepoint: 121029 ns, At safepoint: 8429 ns, Total: 129458 ns
[2020-09-11T16:31:29.832+0000][1][safepoint    ] Safepoint "Cleanup", Time since last: 1000211298 ns, Reaching safepoint: 192385 ns, At safepoint: 23845 ns, Total: 216230 ns
[2020-09-11T16:31:30.718+0000][1][safepoint    ] Safepoint "RevokeBias", Time since last: 886225258 ns, Reaching safepoint: 254668 ns, At safepoint: 27344 ns, Total: 282012 ns
[2020-09-11T16:31:30.843+0000][1][safepoint    ] Safepoint "RevokeBias", Time since last: 124223587 ns, Reaching safepoint: 104044 ns, At safepoint: 26396 ns, Total: 130440 ns
[2020-09-11T16:31:31.843+0000][1][safepoint    ] Safepoint "Cleanup", Time since last: 1000166466 ns, Reaching safepoint: 115537 ns, At safepoint: 8606 ns, Total: 124143 ns
[2020-09-11T16:31:32.843+0000][1][safepoint    ] Safepoint "Cleanup", Time since last: 1000187076 ns, Reaching safepoint: 211465 ns, At safepoint: 7375 ns, Total: 218840 ns
[2020-09-11T16:31:33.515+0000][1][safepoint    ] Safepoint "RevokeBias", Time since last: 670112547 ns, Reaching safepoint: 1318690 ns, At safepoint: 263943 ns, Total: 1582633 ns
[2020-09-11T16:31:33.738+0000][1][safepoint    ] Safepoint "RevokeBias", Time since last: 223150159 ns, Reaching safepoint: 125711 ns, At safepoint: 27884 ns, Total: 153595 ns
[2020-09-11T16:31:35.233+0000][1][safepoint    ] Safepoint "Cleanup", Time since last: 1494463678 ns, Reaching safepoint: 145386 ns, At safepoint: 11251 ns, Total: 156637 ns
[2020-09-11T16:31:36.233+0000][1][safepoint    ] Safepoint "Cleanup", Time since last: 1000141356 ns, Reaching safepoint: 183631 ns, At safepoint: 23340 ns, Total: 206971 ns
[2020-09-11T16:31:37.234+0000][1][safepoint    ] Safepoint "Cleanup", Time since last: 1000173520 ns, Reaching safepoint: 176973 ns, At safepoint: 22394 ns, Total: 199367 ns
[2020-09-11T16:31:38.234+0000][1][safepoint    ] Safepoint "Cleanup", Time since last: 1000147363 ns, Reaching safepoint: 91721 ns, At safepoint: 6714 ns, Total: 98435 ns
[2020-09-11T16:31:39.234+0000][1][safepoint    ] Safepoint "Cleanup", Time since last: 1000114545 ns, Reaching safepoint: 136925 ns, At safepoint: 8176 ns, Total: 145101 ns
[2020-09-11T16:31:40.235+0000][1][safepoint    ] Safepoint "Cleanup", Time since last: 1000148422 ns, Reaching safepoint: 131452 ns, At safepoint: 7503 ns, Total: 138955 ns
[2020-09-11T16:31:40.712+0000][1][safepoint    ] Safepoint "RevokeBias", Time since last: 477654311 ns, Reaching safepoint: 224572 ns, At safepoint: 24797 ns, Total: 249369 ns
[2020-09-11T16:31:40.861+0000][1][safepoint    ] Safepoint "BulkRevokeBias", Time since last: 148110769 ns, Reaching safepoint: 102862 ns, At safepoint: 364517 ns, Total: 467379 ns
[2020-09-11T16:31:41.861+0000][1][safepoint    ] Safepoint "Cleanup", Time since last: 1000179041 ns, Reaching safepoint: 128039 ns, At safepoint: 9931 ns, Total: 137970 ns
[2020-09-11T16:31:42.862+0000][1][safepoint    ] Safepoint "Cleanup", Time since last: 1000121555 ns, Reaching safepoint: 95659 ns, At safepoint: 8545 ns, Total: 104204 ns
[2020-09-11T16:31:43.501+0000][1][safepoint    ] Safepoint "RevokeBias", Time since last: 638903489 ns, Reaching safepoint: 218996 ns, At safepoint: 253189 ns, Total: 472185 ns
[2020-09-11T16:31:43.502+0000][1][gc,start     ] GC(97) Pause Young (Allocation Failure)
[2020-09-11T16:31:43.502+0000][1][gc,task      ] GC(97) Using 1 workers of 1 for evacuation
[2020-09-11T16:31:43.508+0000][1][gc,age       ] GC(97) Desired survivor size 4358144 bytes, new threshold 6 (max threshold 6)
[2020-09-11T16:31:43.508+0000][1][gc,age       ] GC(97) Age table with threshold 6 (max threshold 6)
[2020-09-11T16:31:43.508+0000][1][gc,age       ] GC(97) - age   1:     663088 bytes,     663088 total
[2020-09-11T16:31:43.508+0000][1][gc,age       ] GC(97) - age   2:     147680 bytes,     810768 total
[2020-09-11T16:31:43.508+0000][1][gc,age       ] GC(97) - age   3:     117416 bytes,     928184 total
[2020-09-11T16:31:43.508+0000][1][gc,age       ] GC(97) - age   4:       8984 bytes,     937168 total
[2020-09-11T16:31:43.508+0000][1][gc,age       ] GC(97) - age   5:      20584 bytes,     957752 total
[2020-09-11T16:31:43.508+0000][1][gc,age       ] GC(97) - age   6:      36520 bytes,     994272 total
[2020-09-11T16:31:43.508+0000][1][gc,heap      ] GC(97) ParNew: 69139K->1494K(76672K)
[2020-09-11T16:31:43.508+0000][1][gc,heap      ] GC(97) CMS: 105307K->105353K(439104K)
[2020-09-11T16:31:43.508+0000][1][gc,metaspace ] GC(97) Metaspace: 95040K->95040K(1136640K)
[2020-09-11T16:31:43.508+0000][1][gc           ] GC(97) Pause Young (Allocation Failure) 170M->104M(503M) 6.472ms
[2020-09-11T16:31:43.508+0000][1][gc,cpu       ] GC(97) User=0.01s Sys=0.00s Real=0.00s
[2020-09-11T16:31:43.512+0000][1][safepoint    ] Safepoint "GenCollectForAllocation", Time since last: 455311 ns, Reaching safepoint: 155421 ns, At safepoint: 10240803 ns, Total: 10396224 ns
[2020-09-11T16:31:43.669+0000][1][safepoint    ] Safepoint "RevokeBias", Time since last: 157293014 ns, Reaching safepoint: 106489 ns, At safepoint: 22842 ns, Total: 129331 ns
[2020-09-11T16:31:44.670+0000][1][safepoint    ] Safepoint "Cleanup", Time since last: 1000183115 ns, Reaching safepoint: 182906 ns, At safepoint: 23223 ns, Total: 206129 ns
[2020-09-11T16:31:45.670+0000][1][safepoint    ] Safepoint "Cleanup", Time since last: 1000220728 ns, Reaching safepoint: 182719 ns, At safepoint: 20691 ns, Total: 203410 ns
[2020-09-11T16:31:46.670+0000][1][safepoint    ] Safepoint "Cleanup", Time since last: 1000231976 ns, Reaching safepoint: 123453 ns, At safepoint: 8916 ns, Total: 132369 ns
[2020-09-11T16:31:47.671+0000][1][safepoint    ] Safepoint "Cleanup", Time since last: 1000174403 ns, Reaching safepoint: 125577 ns, At safepoint: 8802 ns, Total: 134379 ns
[2020-09-11T16:31:48.671+0000][1][safepoint    ] Safepoint "Cleanup", Time since last: 1000183663 ns, Reaching safepoint: 178022 ns, At safepoint: 22227 ns, Total: 200249 ns
[2020-09-11T16:31:49.671+0000][1][safepoint    ] Safepoint "Cleanup", Time since last: 1000184632 ns, Reaching safepoint: 138858 ns, At safepoint: 10345 ns, Total: 149203 ns
[2020-09-11T16:31:50.672+0000][1][safepoint    ] Safepoint "Cleanup", Time since last: 1000183700 ns, Reaching safepoint: 128361 ns, At safepoint: 8944 ns, Total: 137305 ns
[2020-09-11T16:31:50.714+0000][1][safepoint    ] Safepoint "RevokeBias", Time since last: 42046024 ns, Reaching safepoint: 176746 ns, At safepoint: 25778 ns, Total: 202524 ns
[2020-09-11T16:31:50.844+0000][1][safepoint    ] Safepoint "RevokeBias", Time since last: 129387610 ns, Reaching safepoint: 180596 ns, At safepoint: 25208 ns, Total: 205804 ns
[2020-09-11T16:31:51.844+0000][1][safepoint    ] Safepoint "Cleanup", Time since last: 1000146950 ns, Reaching safepoint: 142498 ns, At safepoint: 9037 ns, Total: 151535 ns
[2020-09-11T16:31:52.383+0000][1][safepoint    ] Safepoint "RevokeBias", Time since last: 538560609 ns, Reaching safepoint: 154504 ns, At safepoint: 21463 ns, Total: 175967 ns
[2020-09-11T16:31:53.383+0000][1][safepoint    ] Safepoint "Cleanup", Time since last: 1000193675 ns, Reaching safepoint: 110243 ns, At safepoint: 10091 ns, Total: 120334 ns
[2020-09-11T16:31:53.605+0000][1][safepoint    ] Safepoint "RevokeBias", Time since last: 219770848 ns, Reaching safepoint: 1857919 ns, At safepoint: 35485 ns, Total: 1893404 ns
[2020-09-11T16:31:53.849+0000][1][safepoint    ] Safepoint "RevokeBias", Time since last: 244596626 ns, Reaching safepoint: 193102 ns, At safepoint: 23920 ns, Total: 217022 ns
[2020-09-11T16:31:54.850+0000][1][safepoint    ] Safepoint "Cleanup", Time since last: 1000139079 ns, Reaching safepoint: 135138 ns, At safepoint: 7024 ns, Total: 142162 ns
[2020-09-11T16:31:55.850+0000][1][safepoint    ] Safepoint "Cleanup", Time since last: 1000186433 ns, Reaching safepoint: 131318 ns, At safepoint: 8031 ns, Total: 139349 ns
[2020-09-11T16:31:56.850+0000][1][safepoint    ] Safepoint "Cleanup", Time since last: 1000149884 ns, Reaching safepoint: 196210 ns, At safepoint: 19889 ns, Total: 216099 ns
[2020-09-11T16:31:57.851+0000][1][safepoint    ] Safepoint "Cleanup", Time since last: 1000210328 ns, Reaching safepoint: 146771 ns, At safepoint: 8342 ns, Total: 155113 ns
[2020-09-11T16:31:58.851+0000][1][safepoint    ] Safepoint "Cleanup", Time since last: 1000173923 ns, Reaching safepoint: 119637 ns, At safepoint: 8108 ns, Total: 127745 ns
[2020-09-11T16:31:59.851+0000][1][safepoint    ] Safepoint "Cleanup", Time since last: 1000187061 ns, Reaching safepoint: 193540 ns, At safepoint: 24560 ns, Total: 218100 ns
[2020-09-11T16:32:00.714+0000][1][safepoint    ] Safepoint "RevokeBias", Time since last: 861791129 ns, Reaching safepoint: 293166 ns, At safepoint: 50853 ns, Total: 344019 ns
[2020-09-11T16:32:00.871+0000][1][safepoint    ] Safepoint "RevokeBias", Time since last: 156473949 ns, Reaching safepoint: 177173 ns, At safepoint: 283714 ns, Total: 460887 ns
[2020-09-11T16:32:01.871+0000][1][safepoint    ] Safepoint "Cleanup", Time since last: 1000198790 ns, Reaching safepoint: 95326 ns, At safepoint: 6957 ns, Total: 102283 ns
[2020-09-11T16:32:02.871+0000][1][safepoint    ] Safepoint "Cleanup", Time since last: 1000112502 ns, Reaching safepoint: 112743 ns, At safepoint: 7390 ns, Total: 120133 ns
[2020-09-11T16:32:03.458+0000][1][gc,start     ] GC(98) Pause Young (Allocation Failure)
[2020-09-11T16:32:03.458+0000][1][gc,task      ] GC(98) Using 1 workers of 1 for evacuation
[2020-09-11T16:32:03.464+0000][1][gc,age       ] GC(98) Desired survivor size 4358144 bytes, new threshold 6 (max threshold 6)
[2020-09-11T16:32:03.464+0000][1][gc,age       ] GC(98) Age table with threshold 6 (max threshold 6)
[2020-09-11T16:32:03.464+0000][1][gc,age       ] GC(98) - age   1:     776752 bytes,     776752 total
[2020-09-11T16:32:03.464+0000][1][gc,age       ] GC(98) - age   2:      56136 bytes,     832888 total
[2020-09-11T16:32:03.464+0000][1][gc,age       ] GC(98) - age   3:      61936 bytes,     894824 total
[2020-09-11T16:32:03.464+0000][1][gc,age       ] GC(98) - age   4:      87880 bytes,     982704 total
[2020-09-11T16:32:03.464+0000][1][gc,age       ] GC(98) - age   5:       8984 bytes,     991688 total
[2020-09-11T16:32:03.464+0000][1][gc,age       ] GC(98) - age   6:      20584 bytes,    1012272 total
[2020-09-11T16:32:03.464+0000][1][gc,heap      ] GC(98) ParNew: 69654K->1830K(76672K)
[2020-09-11T16:32:03.464+0000][1][gc,heap      ] GC(98) CMS: 105353K->105389K(439104K)
[2020-09-11T16:32:03.464+0000][1][gc,metaspace ] GC(98) Metaspace: 95157K->95157K(1136640K)
[2020-09-11T16:32:03.464+0000][1][gc           ] GC(98) Pause Young (Allocation Failure) 170M->104M(503M) 5.704ms
[2020-09-11T16:32:03.464+0000][1][gc,cpu       ] GC(98) User=0.01s Sys=0.00s Real=0.01s
[2020-09-11T16:32:03.467+0000][1][safepoint    ] Safepoint "GenCollectForAllocation", Time since last: 586918140 ns, Reaching safepoint: 173103 ns, At safepoint: 8836754 ns, Total: 9009857 ns
[2020-09-11T16:32:03.580+0000][1][safepoint    ] Safepoint "RevokeBias", Time since last: 112213436 ns, Reaching safepoint: 242462 ns, At safepoint: 280026 ns, Total: 522488 ns
[2020-09-11T16:32:03.703+0000][1][safepoint    ] Safepoint "RevokeBias", Time since last: 123248746 ns, Reaching safepoint: 111936 ns, At safepoint: 23647 ns, Total: 135583 ns
[2020-09-11T16:32:04.703+0000][1][safepoint    ] Safepoint "Cleanup", Time since last: 1000173615 ns, Reaching safepoint: 128250 ns, At safepoint: 7944 ns, Total: 136194 ns
[2020-09-11T16:32:05.704+0000][1][safepoint    ] Safepoint "Cleanup", Time since last: 1000183316 ns, Reaching safepoint: 126096 ns, At safepoint: 8607 ns, Total: 134703 ns
[2020-09-11T16:32:06.704+0000][1][safepoint    ] Safepoint "Cleanup", Time since last: 1000187267 ns, Reaching safepoint: 121140 ns, At safepoint: 7815 ns, Total: 128955 ns
[2020-09-11T16:32:07.704+0000][1][safepoint    ] Safepoint "Cleanup", Time since last: 1000179075 ns, Reaching safepoint: 185653 ns, At safepoint: 19795 ns, Total: 205448 ns
[2020-09-11T16:32:08.705+0000][1][safepoint    ] Safepoint "Cleanup", Time since last: 1000211269 ns, Reaching safepoint: 209959 ns, At safepoint: 18091 ns, Total: 228050 ns
[2020-09-11T16:32:09.705+0000][1][safepoint    ] Safepoint "Cleanup", Time since last: 1000184551 ns, Reaching safepoint: 185442 ns, At safepoint: 18449 ns, Total: 203891 ns
[2020-09-11T16:32:10.706+0000][1][safepoint    ] Safepoint "Cleanup", Time since last: 1000793413 ns, Reaching safepoint: 107431 ns, At safepoint: 9110 ns, Total: 116541 ns
[2020-09-11T16:32:10.709+0000][1][safepoint    ] Safepoint "RevokeBias", Time since last: 2595090 ns, Reaching safepoint: 210794 ns, At safepoint: 23343 ns, Total: 234137 ns
[2020-09-11T16:32:10.877+0000][1][safepoint    ] Safepoint "RevokeBias", Time since last: 168117585 ns, Reaching safepoint: 175805 ns, At safepoint: 25248 ns, Total: 201053 ns
[2020-09-11T16:32:11.878+0000][1][safepoint    ] Safepoint "Cleanup", Time since last: 1000168013 ns, Reaching safepoint: 121069 ns, At safepoint: 8066 ns, Total: 129135 ns
[2020-09-11T16:32:12.878+0000][1][safepoint    ] Safepoint "Cleanup", Time since last: 1000154523 ns, Reaching safepoint: 145990 ns, At safepoint: 8709 ns, Total: 154699 ns
[2020-09-11T16:32:13.552+0000][1][safepoint    ] Safepoint "RevokeBias", Time since last: 673150072 ns, Reaching safepoint: 237329 ns, At safepoint: 317301 ns, Total: 554630 ns
[2020-09-11T16:32:13.663+0000][1][safepoint    ] Safepoint "RevokeBias", Time since last: 110884910 ns, Reaching safepoint: 118919 ns, At safepoint: 28818 ns, Total: 147737 ns
[2020-09-11T16:32:14.663+0000][1][safepoint    ] Safepoint "Cleanup", Time since last: 1000199746 ns, Reaching safepoint: 126992 ns, At safepoint: 9821 ns, Total: 136813 ns
[2020-09-11T16:32:15.663+0000][1][safepoint    ] Safepoint "Cleanup", Time since last: 1000180800 ns, Reaching safepoint: 199397 ns, At safepoint: 19876 ns, Total: 219273 ns
[2020-09-11T16:32:16.664+0000][1][safepoint    ] Safepoint "Cleanup", Time since last: 1000238601 ns, Reaching safepoint: 124657 ns, At safepoint: 8745 ns, Total: 133402 ns
[2020-09-11T16:32:17.664+0000][1][safepoint    ] Safepoint "Cleanup", Time since last: 1000202141 ns, Reaching safepoint: 124429 ns, At safepoint: 8747 ns, Total: 133176 ns
[2020-09-11T16:32:18.665+0000][1][safepoint    ] Safepoint "Cleanup", Time since last: 1000189063 ns, Reaching safepoint: 175663 ns, At safepoint: 18830 ns, Total: 194493 ns
[2020-09-11T16:32:19.665+0000][1][safepoint    ] Safepoint "Cleanup", Time since last: 1000254813 ns, Reaching safepoint: 122332 ns, At safepoint: 8666 ns, Total: 130998 ns
[2020-09-11T16:32:20.665+0000][1][safepoint    ] Safepoint "Cleanup", Time since last: 1000111819 ns, Reaching safepoint: 88566 ns, At safepoint: 7667 ns, Total: 96233 ns
[2020-09-11T16:32:20.786+0000][1][safepoint    ] Safepoint "RevokeBias", Time since last: 121150414 ns, Reaching safepoint: 99611 ns, At safepoint: 23148 ns, Total: 122759 ns
[2020-09-11T16:32:20.827+0000][1][safepoint    ] Safepoint "RevokeBias", Time since last: 40773718 ns, Reaching safepoint: 176479 ns, At safepoint: 25627 ns, Total: 202106 ns
[2020-09-11T16:32:21.828+0000][1][safepoint    ] Safepoint "Cleanup", Time since last: 1000166773 ns, Reaching safepoint: 107440 ns, At safepoint: 10115 ns, Total: 117555 ns
[2020-09-11T16:32:22.828+0000][1][safepoint    ] Safepoint "Cleanup", Time since last: 1000147080 ns, Reaching safepoint: 159078 ns, At safepoint: 19014 ns, Total: 178092 ns
[2020-09-11T16:32:23.446+0000][1][gc,start     ] GC(99) Pause Young (Allocation Failure)
[2020-09-11T16:32:23.446+0000][1][gc,task      ] GC(99) Using 1 workers of 1 for evacuation
[2020-09-11T16:32:23.454+0000][1][gc,age       ] GC(99) Desired survivor size 4358144 bytes, new threshold 6 (max threshold 6)
[2020-09-11T16:32:23.454+0000][1][gc,age       ] GC(99) Age table with threshold 6 (max threshold 6)
[2020-09-11T16:32:23.454+0000][1][gc,age       ] GC(99) - age   1:     579424 bytes,     579424 total
[2020-09-11T16:32:23.454+0000][1][gc,age       ] GC(99) - age   2:     123608 bytes,     703032 total
[2020-09-11T16:32:23.454+0000][1][gc,age       ] GC(99) - age   3:      12584 bytes,     715616 total
[2020-09-11T16:32:23.454+0000][1][gc,age       ] GC(99) - age   4:      57216 bytes,     772832 total
[2020-09-11T16:32:23.454+0000][1][gc,age       ] GC(99) - age   5:      87880 bytes,     860712 total
[2020-09-11T16:32:23.454+0000][1][gc,age       ] GC(99) - age   6:       8984 bytes,     869696 total
[2020-09-11T16:32:23.454+0000][1][gc,heap      ] GC(99) ParNew: 69990K->1198K(76672K)
[2020-09-11T16:32:23.454+0000][1][gc,heap      ] GC(99) CMS: 105389K->105410K(439104K)
[2020-09-11T16:32:23.454+0000][1][gc,metaspace ] GC(99) Metaspace: 95212K->95212K(1136640K)
[2020-09-11T16:32:23.454+0000][1][gc           ] GC(99) Pause Young (Allocation Failure) 171M->104M(503M) 8.547ms
[2020-09-11T16:32:23.454+0000][1][gc,cpu       ] GC(99) User=0.00s Sys=0.00s Real=0.01s
[2020-09-11T16:32:23.456+0000][1][safepoint    ] Safepoint "GenCollectForAllocation", Time since last: 616821449 ns, Reaching safepoint: 991664 ns, At safepoint: 10699150 ns, Total: 11690814 ns
[2020-09-11T16:32:23.510+0000][1][safepoint    ] Safepoint "RevokeBias", Time since last: 53392368 ns, Reaching safepoint: 223299 ns, At safepoint: 262572 ns, Total: 485871 ns
[2020-09-11T16:32:23.649+0000][1][safepoint    ] Safepoint "RevokeBias", Time since last: 138874794 ns, Reaching safepoint: 139460 ns, At safepoint: 24426 ns, Total: 163886 ns
[2020-09-11T16:32:24.650+0000][1][safepoint    ] Safepoint "Cleanup", Time since last: 1000120931 ns, Reaching safepoint: 101774 ns, At safepoint: 8699 ns, Total: 110473 ns
[2020-09-11T16:32:25.650+0000][1][safepoint    ] Safepoint "Cleanup", Time since last: 1000195138 ns, Reaching safepoint: 189886 ns, At safepoint: 21683 ns, Total: 211569 ns
[2020-09-11T16:32:26.650+0000][1][safepoint    ] Safepoint "Cleanup", Time since last: 1000239160 ns, Reaching safepoint: 132402 ns, At safepoint: 9129 ns, Total: 141531 ns
[2020-09-11T16:32:27.651+0000][1][safepoint    ] Safepoint "Cleanup", Time since last: 1000137701 ns, Reaching safepoint: 180625 ns, At safepoint: 18709 ns, Total: 199334 ns
[2020-09-11T16:32:28.651+0000][1][safepoint    ] Safepoint "Cleanup", Time since last: 1000204419 ns, Reaching safepoint: 140312 ns, At safepoint: 11389 ns, Total: 151701 ns
[2020-09-11T16:32:29.651+0000][1][safepoint    ] Safepoint "Cleanup", Time since last: 1000180665 ns, Reaching safepoint: 128346 ns, At safepoint: 10681 ns, Total: 139027 ns
[2020-09-11T16:32:30.652+0000][1][safepoint    ] Safepoint "Cleanup", Time since last: 1000171029 ns, Reaching safepoint: 125903 ns, At safepoint: 8087 ns, Total: 133990 ns
[2020-09-11T16:32:30.726+0000][1][safepoint    ] Safepoint "RevokeBias", Time since last: 74210020 ns, Reaching safepoint: 169008 ns, At safepoint: 23587 ns, Total: 192595 ns
[2020-09-11T16:32:30.858+0000][1][safepoint    ] Safepoint "RevokeBias", Time since last: 132158011 ns, Reaching safepoint: 128710 ns, At safepoint: 26668 ns, Total: 155378 ns
[2020-09-11T16:32:31.859+0000][1][safepoint    ] Safepoint "Cleanup", Time since last: 1000156376 ns, Reaching safepoint: 129692 ns, At safepoint: 7661 ns, Total: 137353 ns
[2020-09-11T16:32:32.859+0000][1][safepoint    ] Safepoint "Cleanup", Time since last: 1000129183 ns, Reaching safepoint: 171961 ns, At safepoint: 19986 ns, Total: 191947 ns
[2020-09-11T16:32:33.639+0000][1][safepoint    ] Safepoint "RevokeBias", Time since last: 779319215 ns, Reaching safepoint: 306250 ns, At safepoint: 253229 ns, Total: 559479 ns
[2020-09-11T16:32:33.762+0000][1][safepoint    ] Safepoint "RevokeBias", Time since last: 123287185 ns, Reaching safepoint: 105551 ns, At safepoint: 23289 ns, Total: 128840 ns
[2020-09-11T16:32:34.763+0000][1][safepoint    ] Safepoint "Cleanup", Time since last: 1000186201 ns, Reaching safepoint: 121914 ns, At safepoint: 7997 ns, Total: 129911 ns
[2020-09-11T16:32:35.763+0000][1][safepoint    ] Safepoint "Cleanup", Time since last: 1000196883 ns, Reaching safepoint: 119744 ns, At safepoint: 8480 ns, Total: 128224 ns
[2020-09-11T16:32:36.763+0000][1][safepoint    ] Safepoint "Cleanup", Time since last: 1000176919 ns, Reaching safepoint: 121456 ns, At safepoint: 8290 ns, Total: 129746 ns
[2020-09-11T16:32:37.764+0000][1][safepoint    ] Safepoint "Cleanup", Time since last: 1000151619 ns, Reaching safepoint: 136881 ns, At safepoint: 8396 ns, Total: 145277 ns
[2020-09-11T16:32:38.764+0000][1][safepoint    ] Safepoint "Cleanup", Time since last: 1000180459 ns, Reaching safepoint: 123461 ns, At safepoint: 7999 ns, Total: 131460 ns
[2020-09-11T16:32:39.764+0000][1][safepoint    ] Safepoint "Cleanup", Time since last: 1000142542 ns, Reaching safepoint: 173235 ns, At safepoint: 19524 ns, Total: 192759 ns
[2020-09-11T16:32:40.709+0000][1][safepoint    ] Safepoint "RevokeBias", Time since last: 944258646 ns, Reaching safepoint: 186454 ns, At safepoint: 25708 ns, Total: 212162 ns
[2020-09-11T16:32:40.866+0000][1][safepoint    ] Safepoint "RevokeBias", Time since last: 156650383 ns, Reaching safepoint: 288035 ns, At safepoint: 52807 ns, Total: 340842 ns
[2020-09-11T16:32:41.866+0000][1][safepoint    ] Safepoint "Cleanup", Time since last: 1000150474 ns, Reaching safepoint: 89937 ns, At safepoint: 8369 ns, Total: 98306 ns
[2020-09-11T16:32:42.866+0000][1][safepoint    ] Safepoint "Cleanup", Time since last: 1000195832 ns, Reaching safepoint: 163712 ns, At safepoint: 17758 ns, Total: 181470 ns
[2020-09-11T16:32:43.523+0000][1][safepoint    ] Safepoint "RevokeBias", Time since last: 656361313 ns, Reaching safepoint: 233031 ns, At safepoint: 251547 ns, Total: 484578 ns
[2020-09-11T16:32:43.563+0000][1][gc,start     ] GC(100) Pause Young (Allocation Failure)
[2020-09-11T16:32:43.563+0000][1][gc,task      ] GC(100) Using 1 workers of 1 for evacuation
[2020-09-11T16:32:43.568+0000][1][gc,age       ] GC(100) Desired survivor size 4358144 bytes, new threshold 6 (max threshold 6)
[2020-09-11T16:32:43.568+0000][1][gc,age       ] GC(100) Age table with threshold 6 (max threshold 6)
[2020-09-11T16:32:43.568+0000][1][gc,age       ] GC(100) - age   1:     642816 bytes,     642816 total
[2020-09-11T16:32:43.568+0000][1][gc,age       ] GC(100) - age   2:     122808 bytes,     765624 total
[2020-09-11T16:32:43.568+0000][1][gc,age       ] GC(100) - age   3:      69056 bytes,     834680 total
[2020-09-11T16:32:43.568+0000][1][gc,age       ] GC(100) - age   4:      11248 bytes,     845928 total
[2020-09-11T16:32:43.568+0000][1][gc,age       ] GC(100) - age   5:      57216 bytes,     903144 total
[2020-09-11T16:32:43.568+0000][1][gc,age       ] GC(100) - age   6:      87880 bytes,     991024 total
[2020-09-11T16:32:43.569+0000][1][gc,heap      ] GC(100) ParNew: 69358K->1573K(76672K)
[2020-09-11T16:32:43.569+0000][1][gc,heap      ] GC(100) CMS: 105410K->105418K(439104K)
[2020-09-11T16:32:43.569+0000][1][gc,metaspace ] GC(100) Metaspace: 95289K->95289K(1136640K)
[2020-09-11T16:32:43.569+0000][1][gc           ] GC(100) Pause Young (Allocation Failure) 170M->104M(503M) 5.829ms
[2020-09-11T16:32:43.569+0000][1][gc,cpu       ] GC(100) User=0.01s Sys=0.00s Real=0.00s
[2020-09-11T16:32:43.573+0000][1][safepoint    ] Safepoint "GenCollectForAllocation", Time since last: 39343642 ns, Reaching safepoint: 177921 ns, At safepoint: 10072424 ns, Total: 10250345 ns
[2020-09-11T16:32:43.648+0000][1][safepoint    ] Safepoint "RevokeBias", Time since last: 75095265 ns, Reaching safepoint: 116892 ns, At safepoint: 24754 ns, Total: 141646 ns
[2020-09-11T16:32:44.648+0000][1][safepoint    ] Safepoint "Cleanup", Time since last: 1000142495 ns, Reaching safepoint: 150358 ns, At safepoint: 9152 ns, Total: 159510 ns
[2020-09-11T16:32:45.649+0000][1][safepoint    ] Safepoint "Cleanup", Time since last: 1000129453 ns, Reaching safepoint: 99696 ns, At safepoint: 8439 ns, Total: 108135 ns
[2020-09-11T16:32:46.649+0000][1][safepoint    ] Safepoint "Cleanup", Time since last: 1000262844 ns, Reaching safepoint: 102134 ns, At safepoint: 7988 ns, Total: 110122 ns
[2020-09-11T16:32:47.649+0000][1][safepoint    ] Safepoint "Cleanup", Time since last: 1000211288 ns, Reaching safepoint: 118546 ns, At safepoint: 10224 ns, Total: 128770 ns
[2020-09-11T16:32:48.650+0000][1][safepoint    ] Safepoint "Cleanup", Time since last: 1000236527 ns, Reaching safepoint: 101829 ns, At safepoint: 8142 ns, Total: 109971 ns
[2020-09-11T16:32:49.650+0000][1][safepoint    ] Safepoint "Cleanup", Time since last: 1000194516 ns, Reaching safepoint: 195389 ns, At safepoint: 11844 ns, Total: 207233 ns
[2020-09-11T16:32:50.650+0000][1][safepoint    ] Safepoint "Cleanup", Time since last: 1000254790 ns, Reaching safepoint: 94680 ns, At safepoint: 8148 ns, Total: 102828 ns
[2020-09-11T16:32:50.702+0000][1][safepoint    ] Safepoint "RevokeBias", Time since last: 51204163 ns, Reaching safepoint: 95870 ns, At safepoint: 23495 ns, Total: 119365 ns
[2020-09-11T16:32:50.842+0000][1][safepoint    ] Safepoint "RevokeBias", Time since last: 139914656 ns, Reaching safepoint: 177478 ns, At safepoint: 23035 ns, Total: 200513 ns
[2020-09-11T16:32:51.842+0000][1][safepoint    ] Safepoint "Cleanup", Time since last: 1000190752 ns, Reaching safepoint: 168326 ns, At safepoint: 18804 ns, Total: 187130 ns
[2020-09-11T16:32:52.843+0000][1][safepoint    ] Safepoint "Cleanup", Time since last: 1000208452 ns, Reaching safepoint: 124558 ns, At safepoint: 8480 ns, Total: 133038 ns
[2020-09-11T16:32:53.518+0000][1][safepoint    ] Safepoint "RevokeBias", Time since last: 675314451 ns, Reaching safepoint: 322445 ns, At safepoint: 259799 ns, Total: 582244 ns
[2020-09-11T16:32:54.392+0000][1][safepoint    ] Safepoint "RevokeBias", Time since last: 873775435 ns, Reaching safepoint: 183641 ns, At safepoint: 24641 ns, Total: 208282 ns
[2020-09-11T16:32:55.456+0000][1][safepoint    ] Safepoint "Cleanup", Time since last: 1000113745 ns, Reaching safepoint: 62207856 ns, At safepoint: 1091765 ns, Total: 63299621 ns
[2020-09-11T16:32:56.456+0000][1][safepoint    ] Safepoint "Cleanup", Time since last: 1000136430 ns, Reaching safepoint: 214910 ns, At safepoint: 30068 ns, Total: 244978 ns
[2020-09-11T16:32:57.456+0000][1][safepoint    ] Safepoint "Cleanup", Time since last: 1000103356 ns, Reaching safepoint: 89277 ns, At safepoint: 9303 ns, Total: 98580 ns
[2020-09-11T16:32:58.457+0000][1][safepoint    ] Safepoint "Cleanup", Time since last: 1000110964 ns, Reaching safepoint: 92605 ns, At safepoint: 10873 ns, Total: 103478 ns
[2020-09-11T16:32:59.457+0000][1][safepoint    ] Safepoint "Cleanup", Time since last: 1000102912 ns, Reaching safepoint: 106235 ns, At safepoint: 9300 ns, Total: 115535 ns
[2020-09-11T16:33:00.457+0000][1][safepoint    ] Safepoint "Cleanup", Time since last: 1000100298 ns, Reaching safepoint: 86591 ns, At safepoint: 9852 ns, Total: 96443 ns
[2020-09-11T16:33:00.796+0000][1][safepoint    ] Safepoint "RevokeBias", Time since last: 338874040 ns, Reaching safepoint: 183059 ns, At safepoint: 29607 ns, Total: 212666 ns
[2020-09-11T16:33:00.844+0000][1][safepoint    ] Safepoint "RevokeBias", Time since last: 47641137 ns, Reaching safepoint: 170083 ns, At safepoint: 25502 ns, Total: 195585 ns
[2020-09-11T16:33:00.845+0000][1][safepoint    ] Safepoint "RevokeBias", Time since last: 1257752 ns, Reaching safepoint: 139968 ns, At safepoint: 20359 ns, Total: 160327 ns
[2020-09-11T16:33:01.846+0000][1][safepoint    ] Safepoint "Cleanup", Time since last: 1000099626 ns, Reaching safepoint: 91318 ns, At safepoint: 10280 ns, Total: 101598 ns
[2020-09-11T16:33:02.846+0000][1][safepoint    ] Safepoint "Cleanup", Time since last: 1000109890 ns, Reaching safepoint: 90114 ns, At safepoint: 10495 ns, Total: 100609 ns
[2020-09-11T16:33:03.641+0000][1][safepoint    ] Safepoint "RevokeBias", Time since last: 794689455 ns, Reaching safepoint: 239723 ns, At safepoint: 280454 ns, Total: 520177 ns
[2020-09-11T16:33:03.697+0000][1][gc,start     ] GC(101) Pause Young (Allocation Failure)
[2020-09-11T16:33:03.697+0000][1][gc,task      ] GC(101) Using 1 workers of 1 for evacuation
[2020-09-11T16:33:03.708+0000][1][gc,age       ] GC(101) Desired survivor size 4358144 bytes, new threshold 6 (max threshold 6)
[2020-09-11T16:33:03.708+0000][1][gc,age       ] GC(101) Age table with threshold 6 (max threshold 6)
[2020-09-11T16:33:03.708+0000][1][gc,age       ] GC(101) - age   1:     713840 bytes,     713840 total
[2020-09-11T16:33:03.708+0000][1][gc,age       ] GC(101) - age   2:     122568 bytes,     836408 total
[2020-09-11T16:33:03.708+0000][1][gc,age       ] GC(101) - age   3:      15160 bytes,     851568 total
[2020-09-11T16:33:03.708+0000][1][gc,age       ] GC(101) - age   4:      33920 bytes,     885488 total
[2020-09-11T16:33:03.708+0000][1][gc,age       ] GC(101) - age   5:      11248 bytes,     896736 total
[2020-09-11T16:33:03.708+0000][1][gc,age       ] GC(101) - age   6:      57216 bytes,     953952 total
[2020-09-11T16:33:03.708+0000][1][gc,heap      ] GC(101) ParNew: 69733K->1845K(76672K)
[2020-09-11T16:33:03.708+0000][1][gc,heap      ] GC(101) CMS: 105418K->105504K(439104K)
[2020-09-11T16:33:03.708+0000][1][gc,metaspace ] GC(101) Metaspace: 95342K->95342K(1136640K)
[2020-09-11T16:33:03.708+0000][1][gc           ] GC(101) Pause Young (Allocation Failure) 171M->104M(503M) 10.808ms
[2020-09-11T16:33:03.708+0000][1][gc,cpu       ] GC(101) User=0.01s Sys=0.00s Real=0.01s
[2020-09-11T16:33:03.708+0000][1][safepoint    ] Safepoint "GenCollectForAllocation", Time since last: 56090049 ns, Reaching safepoint: 174028 ns, At safepoint: 10883787 ns, Total: 11057815 ns
[2020-09-11T16:33:03.966+0000][1][safepoint    ] Safepoint "RevokeBias", Time since last: 257277803 ns, Reaching safepoint: 98803 ns, At safepoint: 30221 ns, Total: 129024 ns
[2020-09-11T16:33:04.966+0000][1][safepoint    ] Safepoint "Cleanup", Time since last: 1000114481 ns, Reaching safepoint: 89508 ns, At safepoint: 7658 ns, Total: 97166 ns
[2020-09-11T16:33:05.966+0000][1][safepoint    ] Safepoint "Cleanup", Time since last: 1000113433 ns, Reaching safepoint: 100047 ns, At safepoint: 9689 ns, Total: 109736 ns
[2020-09-11T16:33:06.966+0000][1][safepoint    ] Safepoint "Cleanup", Time since last: 1000116316 ns, Reaching safepoint: 91371 ns, At safepoint: 10361 ns, Total: 101732 ns
[2020-09-11T16:33:07.966+0000][1][safepoint    ] Safepoint "Cleanup", Time since last: 1000111909 ns, Reaching safepoint: 93037 ns, At safepoint: 10751 ns, Total: 103788 ns
[2020-09-11T16:33:08.967+0000][1][safepoint    ] Safepoint "Cleanup", Time since last: 1000126259 ns, Reaching safepoint: 94411 ns, At safepoint: 8320 ns, Total: 102731 ns
[2020-09-11T16:33:09.967+0000][1][safepoint    ] Safepoint "Cleanup", Time since last: 1000120027 ns, Reaching safepoint: 92299 ns, At safepoint: 10093 ns, Total: 102392 ns
[2020-09-11T16:33:10.738+0000][1][safepoint    ] Safepoint "RevokeBias", Time since last: 771328457 ns, Reaching safepoint: 179511 ns, At safepoint: 23808 ns, Total: 203319 ns
[2020-09-11T16:33:10.867+0000][1][safepoint    ] Safepoint "BulkRevokeBias", Time since last: 128026996 ns, Reaching safepoint: 167498 ns, At safepoint: 274599 ns, Total: 442097 ns
[2020-09-11T16:33:11.867+0000][1][safepoint    ] Safepoint "Cleanup", Time since last: 1000117135 ns, Reaching safepoint: 100376 ns, At safepoint: 11428 ns, Total: 111804 ns
[2020-09-11T16:33:12.867+0000][1][safepoint    ] Safepoint "Cleanup", Time since last: 1000128216 ns, Reaching safepoint: 98032 ns, At safepoint: 10662 ns, Total: 108694 ns
[2020-09-11T16:33:13.591+0000][1][safepoint    ] Safepoint "RevokeBias", Time since last: 723440298 ns, Reaching safepoint: 228786 ns, At safepoint: 221460 ns, Total: 450246 ns
[2020-09-11T16:33:13.808+0000][1][safepoint    ] Safepoint "RevokeBias", Time since last: 217037116 ns, Reaching safepoint: 103883 ns, At safepoint: 24411 ns, Total: 128294 ns
[2020-09-11T16:33:14.809+0000][1][safepoint    ] Safepoint "Cleanup", Time since last: 1000116398 ns, Reaching safepoint: 127692 ns, At safepoint: 13070 ns, Total: 140762 ns
[2020-09-11T16:33:15.809+0000][1][safepoint    ] Safepoint "Cleanup", Time since last: 1000116085 ns, Reaching safepoint: 98147 ns, At safepoint: 12035 ns, Total: 110182 ns
[2020-09-11T16:33:16.809+0000][1][safepoint    ] Safepoint "Cleanup", Time since last: 1000117282 ns, Reaching safepoint: 96682 ns, At safepoint: 11596 ns, Total: 108278 ns
[2020-09-11T16:33:17.809+0000][1][safepoint    ] Safepoint "Cleanup", Time since last: 1000111596 ns, Reaching safepoint: 102101 ns, At safepoint: 10465 ns, Total: 112566 ns
[2020-09-11T16:33:18.810+0000][1][safepoint    ] Safepoint "Cleanup", Time since last: 1000117556 ns, Reaching safepoint: 93515 ns, At safepoint: 10390 ns, Total: 103905 ns
[2020-09-11T16:33:19.810+0000][1][safepoint    ] Safepoint "Cleanup", Time since last: 1000114526 ns, Reaching safepoint: 98895 ns, At safepoint: 9269 ns, Total: 108164 ns
[2020-09-11T16:33:20.733+0000][1][safepoint    ] Safepoint "RevokeBias", Time since last: 922759482 ns, Reaching safepoint: 96459 ns, At safepoint: 27247 ns, Total: 123706 ns
[2020-09-11T16:33:20.881+0000][1][safepoint    ] Safepoint "RevokeBias", Time since last: 147972237 ns, Reaching safepoint: 201368 ns, At safepoint: 27101 ns, Total: 228469 ns
[2020-09-11T16:33:21.881+0000][1][safepoint    ] Safepoint "Cleanup", Time since last: 1000107216 ns, Reaching safepoint: 88351 ns, At safepoint: 6911 ns, Total: 95262 ns
[2020-09-11T16:33:22.881+0000][1][safepoint    ] Safepoint "Cleanup", Time since last: 1000115656 ns, Reaching safepoint: 92420 ns, At safepoint: 11569 ns, Total: 103989 ns
[2020-09-11T16:33:23.658+0000][1][safepoint    ] Safepoint "RevokeBias", Time since last: 775991307 ns, Reaching safepoint: 390841 ns, At safepoint: 23073 ns, Total: 413914 ns
[2020-09-11T16:33:23.745+0000][1][gc,start     ] GC(102) Pause Young (Allocation Failure)
[2020-09-11T16:33:23.746+0000][1][gc,task      ] GC(102) Using 1 workers of 1 for evacuation
[2020-09-11T16:33:23.758+0000][1][gc,age       ] GC(102) Desired survivor size 4358144 bytes, new threshold 6 (max threshold 6)
[2020-09-11T16:33:23.758+0000][1][gc,age       ] GC(102) Age table with threshold 6 (max threshold 6)
[2020-09-11T16:33:23.758+0000][1][gc,age       ] GC(102) - age   1:     662448 bytes,     662448 total
[2020-09-11T16:33:23.758+0000][1][gc,age       ] GC(102) - age   2:     164152 bytes,     826600 total
[2020-09-11T16:33:23.758+0000][1][gc,age       ] GC(102) - age   3:      10936 bytes,     837536 total
[2020-09-11T16:33:23.758+0000][1][gc,age       ] GC(102) - age   4:      13232 bytes,     850768 total
[2020-09-11T16:33:23.758+0000][1][gc,age       ] GC(102) - age   5:      33920 bytes,     884688 total
[2020-09-11T16:33:23.758+0000][1][gc,age       ] GC(102) - age   6:      11152 bytes,     895840 total
[2020-09-11T16:33:23.758+0000][1][gc,heap      ] GC(102) ParNew: 70005K->1159K(76672K)
[2020-09-11T16:33:23.758+0000][1][gc,heap      ] GC(102) CMS: 105504K->105560K(439104K)
[2020-09-11T16:33:23.758+0000][1][gc,metaspace ] GC(102) Metaspace: 95405K->95405K(1136640K)
[2020-09-11T16:33:23.758+0000][1][gc           ] GC(102) Pause Young (Allocation Failure) 171M->104M(503M) 12.759ms
[2020-09-11T16:33:23.758+0000][1][gc,cpu       ] GC(102) User=0.00s Sys=0.00s Real=0.01s
[2020-09-11T16:33:23.758+0000][1][safepoint    ] Safepoint "GenCollectForAllocation", Time since last: 87592454 ns, Reaching safepoint: 176441 ns, At safepoint: 12826513 ns, Total: 13002954 ns
[2020-09-11T16:33:23.945+0000][1][safepoint    ] Safepoint "RevokeBias", Time since last: 186742256 ns, Reaching safepoint: 90487 ns, At safepoint: 21962 ns, Total: 112449 ns
[2020-09-11T16:33:24.945+0000][1][safepoint    ] Safepoint "Cleanup", Time since last: 1000112360 ns, Reaching safepoint: 96376 ns, At safepoint: 11505 ns, Total: 107881 ns
[2020-09-11T16:33:25.946+0000][1][safepoint    ] Safepoint "Cleanup", Time since last: 1000114806 ns, Reaching safepoint: 93461 ns, At safepoint: 7780 ns, Total: 101241 ns
[2020-09-11T16:33:26.946+0000][1][safepoint    ] Safepoint "Cleanup", Time since last: 1000115178 ns, Reaching safepoint: 117882 ns, At safepoint: 10897 ns, Total: 128779 ns
[2020-09-11T16:33:27.946+0000][1][safepoint    ] Safepoint "Cleanup", Time since last: 1000109424 ns, Reaching safepoint: 111504 ns, At safepoint: 11280 ns, Total: 122784 ns
[2020-09-11T16:33:28.946+0000][1][safepoint    ] Safepoint "Cleanup", Time since last: 1000113705 ns, Reaching safepoint: 92398 ns, At safepoint: 10595 ns, Total: 102993 ns
[2020-09-11T16:33:29.947+0000][1][safepoint    ] Safepoint "Cleanup", Time since last: 1000170084 ns, Reaching safepoint: 177424 ns, At safepoint: 21289 ns, Total: 198713 ns
[2020-09-11T16:33:30.710+0000][1][safepoint    ] Safepoint "RevokeBias", Time since last: 763507401 ns, Reaching safepoint: 168673 ns, At safepoint: 23167 ns, Total: 191840 ns
[2020-09-11T16:33:30.845+0000][1][safepoint    ] Safepoint "RevokeBias", Time since last: 134027580 ns, Reaching safepoint: 174165 ns, At safepoint: 25056 ns, Total: 199221 ns
[2020-09-11T16:33:31.845+0000][1][safepoint    ] Safepoint "Cleanup", Time since last: 1000161520 ns, Reaching safepoint: 100281 ns, At safepoint: 6936 ns, Total: 107217 ns
[2020-09-11T16:33:32.845+0000][1][safepoint    ] Safepoint "Cleanup", Time since last: 1000137831 ns, Reaching safepoint: 145607 ns, At safepoint: 16132 ns, Total: 161739 ns
[2020-09-11T16:33:33.530+0000][1][safepoint    ] Safepoint "RevokeBias", Time since last: 684044126 ns, Reaching safepoint: 237964 ns, At safepoint: 291928 ns, Total: 529892 ns
[2020-09-11T16:33:33.823+0000][1][safepoint    ] Safepoint "RevokeBias", Time since last: 293641800 ns, Reaching safepoint: 106219 ns, At safepoint: 22911 ns, Total: 129130 ns
[2020-09-11T16:33:34.824+0000][1][safepoint    ] Safepoint "Cleanup", Time since last: 1000180956 ns, Reaching safepoint: 167968 ns, At safepoint: 18196 ns, Total: 186164 ns
[2020-09-11T16:33:35.824+0000][1][safepoint    ] Safepoint "Cleanup", Time since last: 1000189960 ns, Reaching safepoint: 178971 ns, At safepoint: 19438 ns, Total: 198409 ns
[2020-09-11T16:33:36.825+0000][1][safepoint    ] Safepoint "Cleanup", Time since last: 1000240676 ns, Reaching safepoint: 115780 ns, At safepoint: 7480 ns, Total: 123260 ns
[2020-09-11T16:33:37.825+0000][1][safepoint    ] Safepoint "Cleanup", Time since last: 1000185286 ns, Reaching safepoint: 172198 ns, At safepoint: 18392 ns, Total: 190590 ns
[2020-09-11T16:33:38.825+0000][1][safepoint    ] Safepoint "Cleanup", Time since last: 1000175420 ns, Reaching safepoint: 181887 ns, At safepoint: 17277 ns, Total: 199164 ns
[2020-09-11T16:33:39.826+0000][1][safepoint    ] Safepoint "Cleanup", Time since last: 1000231834 ns, Reaching safepoint: 122590 ns, At safepoint: 10672 ns, Total: 133262 ns
[2020-09-11T16:33:40.745+0000][1][safepoint    ] Safepoint "RevokeBias", Time since last: 918806299 ns, Reaching safepoint: 173994 ns, At safepoint: 23431 ns, Total: 197425 ns
[2020-09-11T16:33:40.923+0000][1][safepoint    ] Safepoint "RevokeBias", Time since last: 178115472 ns, Reaching safepoint: 174729 ns, At safepoint: 24740 ns, Total: 199469 ns
[2020-09-11T16:33:41.923+0000][1][safepoint    ] Safepoint "Cleanup", Time since last: 1000169442 ns, Reaching safepoint: 163031 ns, At safepoint: 17791 ns, Total: 180822 ns
[2020-09-11T16:33:42.924+0000][1][safepoint    ] Safepoint "Cleanup", Time since last: 1000217355 ns, Reaching safepoint: 166492 ns, At safepoint: 19051 ns, Total: 185543 ns
[2020-09-11T16:33:43.501+0000][1][safepoint    ] Safepoint "RevokeBias", Time since last: 576816590 ns, Reaching safepoint: 294181 ns, At safepoint: 250268 ns, Total: 544449 ns
[2020-09-11T16:33:43.556+0000][1][gc,start     ] GC(103) Pause Young (Allocation Failure)
[2020-09-11T16:33:43.556+0000][1][gc,task      ] GC(103) Using 1 workers of 1 for evacuation
[2020-09-11T16:33:43.561+0000][1][gc,age       ] GC(103) Desired survivor size 4358144 bytes, new threshold 6 (max threshold 6)
[2020-09-11T16:33:43.561+0000][1][gc,age       ] GC(103) Age table with threshold 6 (max threshold 6)
[2020-09-11T16:33:43.561+0000][1][gc,age       ] GC(103) - age   1:     450296 bytes,     450296 total
[2020-09-11T16:33:43.561+0000][1][gc,age       ] GC(103) - age   2:      76056 bytes,     526352 total
[2020-09-11T16:33:43.561+0000][1][gc,age       ] GC(103) - age   3:      31624 bytes,     557976 total
[2020-09-11T16:33:43.561+0000][1][gc,age       ] GC(103) - age   4:      10936 bytes,     568912 total
[2020-09-11T16:33:43.561+0000][1][gc,age       ] GC(103) - age   5:       9512 bytes,     578424 total
[2020-09-11T16:33:43.561+0000][1][gc,age       ] GC(103) - age   6:      33920 bytes,     612344 total
[2020-09-11T16:33:43.561+0000][1][gc,heap      ] GC(103) ParNew: 69319K->801K(76672K)
[2020-09-11T16:33:43.561+0000][1][gc,heap      ] GC(103) CMS: 105560K->105571K(439104K)
[2020-09-11T16:33:43.561+0000][1][gc,metaspace ] GC(103) Metaspace: 95454K->95454K(1136640K)
[2020-09-11T16:33:43.561+0000][1][gc           ] GC(103) Pause Young (Allocation Failure) 170M->103M(503M) 5.297ms
[2020-09-11T16:33:43.561+0000][1][gc,cpu       ] GC(103) User=0.01s Sys=0.00s Real=0.01s
[2020-09-11T16:33:43.565+0000][1][safepoint    ] Safepoint "GenCollectForAllocation", Time since last: 54299036 ns, Reaching safepoint: 243107 ns, At safepoint: 9102609 ns, Total: 9345716 ns
[2020-09-11T16:33:43.633+0000][1][safepoint    ] Safepoint "RevokeBias", Time since last: 68315805 ns, Reaching safepoint: 186924 ns, At safepoint: 27606 ns, Total: 214530 ns
[2020-09-11T16:33:44.634+0000][1][safepoint    ] Safepoint "Cleanup", Time since last: 1000175644 ns, Reaching safepoint: 120920 ns, At safepoint: 10856 ns, Total: 131776 ns
[2020-09-11T16:33:45.634+0000][1][safepoint    ] Safepoint "Cleanup", Time since last: 1000185469 ns, Reaching safepoint: 171667 ns, At safepoint: 20180 ns, Total: 191847 ns
[2020-09-11T16:33:46.634+0000][1][safepoint    ] Safepoint "Cleanup", Time since last: 1000219470 ns, Reaching safepoint: 121136 ns, At safepoint: 9235 ns, Total: 130371 ns
[2020-09-11T16:33:47.635+0000][1][safepoint    ] Safepoint "Cleanup", Time since last: 1000191761 ns, Reaching safepoint: 119181 ns, At safepoint: 8562 ns, Total: 127743 ns
[2020-09-11T16:33:48.635+0000][1][safepoint    ] Safepoint "Cleanup", Time since last: 1000196971 ns, Reaching safepoint: 166268 ns, At safepoint: 19712 ns, Total: 185980 ns
[2020-09-11T16:33:49.635+0000][1][safepoint    ] Safepoint "Cleanup", Time since last: 1000218329 ns, Reaching safepoint: 121211 ns, At safepoint: 10484 ns, Total: 131695 ns
[2020-09-11T16:33:50.636+0000][1][safepoint    ] Safepoint "Cleanup", Time since last: 1000148546 ns, Reaching safepoint: 145439 ns, At safepoint: 8607 ns, Total: 154046 ns
[2020-09-11T16:33:50.705+0000][1][safepoint    ] Safepoint "RevokeBias", Time since last: 69306851 ns, Reaching safepoint: 211948 ns, At safepoint: 23849 ns, Total: 235797 ns
[2020-09-11T16:33:50.844+0000][1][safepoint    ] Safepoint "RevokeBias", Time since last: 138805268 ns, Reaching safepoint: 173246 ns, At safepoint: 24698 ns, Total: 197944 ns
[2020-09-11T16:33:51.845+0000][1][safepoint    ] Safepoint "Cleanup", Time since last: 1000167704 ns, Reaching safepoint: 119266 ns, At safepoint: 8191 ns, Total: 127457 ns
[2020-09-11T16:33:52.845+0000][1][safepoint    ] Safepoint "Cleanup", Time since last: 1000213144 ns, Reaching safepoint: 174835 ns, At safepoint: 17440 ns, Total: 192275 ns
[2020-09-11T16:33:53.496+0000][1][safepoint    ] Safepoint "RevokeBias", Time since last: 650505375 ns, Reaching safepoint: 338750 ns, At safepoint: 259778 ns, Total: 598528 ns
[2020-09-11T16:33:53.577+0000][1][safepoint    ] Safepoint "RevokeBias", Time since last: 80966379 ns, Reaching safepoint: 107926 ns, At safepoint: 23743 ns, Total: 131669 ns
[2020-09-11T16:33:54.577+0000][1][safepoint    ] Safepoint "Cleanup", Time since last: 1000187593 ns, Reaching safepoint: 119008 ns, At safepoint: 10172 ns, Total: 129180 ns
[2020-09-11T16:33:55.578+0000][1][safepoint    ] Safepoint "Cleanup", Time since last: 1000202160 ns, Reaching safepoint: 115021 ns, At safepoint: 7899 ns, Total: 122920 ns
[2020-09-11T16:33:56.578+0000][1][safepoint    ] Safepoint "Cleanup", Time since last: 1000176277 ns, Reaching safepoint: 169739 ns, At safepoint: 19087 ns, Total: 188826 ns
[2020-09-11T16:33:57.579+0000][1][safepoint    ] Safepoint "Cleanup", Time since last: 1000224654 ns, Reaching safepoint: 124948 ns, At safepoint: 7631 ns, Total: 132579 ns
[2020-09-11T16:33:58.579+0000][1][safepoint    ] Safepoint "Cleanup", Time since last: 1000167943 ns, Reaching safepoint: 115324 ns, At safepoint: 8176 ns, Total: 123500 ns
[2020-09-11T16:33:59.579+0000][1][safepoint    ] Safepoint "Cleanup", Time since last: 1000172729 ns, Reaching safepoint: 121234 ns, At safepoint: 10449 ns, Total: 131683 ns
[2020-09-11T16:34:00.579+0000][1][safepoint    ] Safepoint "Cleanup", Time since last: 1000161306 ns, Reaching safepoint: 141271 ns, At safepoint: 9183 ns, Total: 150454 ns
[2020-09-11T16:34:00.710+0000][1][safepoint    ] Safepoint "RevokeBias", Time since last: 130041191 ns, Reaching safepoint: 170130 ns, At safepoint: 24337 ns, Total: 194467 ns
[2020-09-11T16:34:00.891+0000][1][safepoint    ] Safepoint "RevokeBias", Time since last: 181261100 ns, Reaching safepoint: 283434 ns, At safepoint: 51692 ns, Total: 335126 ns
[2020-09-11T16:34:01.892+0000][1][safepoint    ] Safepoint "Cleanup", Time since last: 1000223854 ns, Reaching safepoint: 117099 ns, At safepoint: 7738 ns, Total: 124837 ns
[2020-09-11T16:34:02.892+0000][1][safepoint    ] Safepoint "Cleanup", Time since last: 1000173573 ns, Reaching safepoint: 168677 ns, At safepoint: 18950 ns, Total: 187627 ns
[2020-09-11T16:34:03.527+0000][1][safepoint    ] Safepoint "BulkRevokeBias", Time since last: 633591154 ns, Reaching safepoint: 260599 ns, At safepoint: 772716 ns, Total: 1033315 ns
[2020-09-11T16:34:03.569+0000][1][safepoint    ] Safepoint "RevokeBias", Time since last: 42523472 ns, Reaching safepoint: 209711 ns, At safepoint: 23890 ns, Total: 233601 ns
[2020-09-11T16:34:03.653+0000][1][safepoint    ] Safepoint "RevokeBias", Time since last: 83052881 ns, Reaching safepoint: 175003 ns, At safepoint: 24266 ns, Total: 199269 ns
[2020-09-11T16:34:04.136+0000][1][gc,start     ] GC(104) Pause Young (Allocation Failure)
[2020-09-11T16:34:04.136+0000][1][gc,task      ] GC(104) Using 1 workers of 1 for evacuation
[2020-09-11T16:34:04.146+0000][1][gc,age       ] GC(104) Desired survivor size 4358144 bytes, new threshold 6 (max threshold 6)
[2020-09-11T16:34:04.146+0000][1][gc,age       ] GC(104) Age table with threshold 6 (max threshold 6)
[2020-09-11T16:34:04.146+0000][1][gc,age       ] GC(104) - age   1:     103968 bytes,     103968 total
[2020-09-11T16:34:04.146+0000][1][gc,age       ] GC(104) - age   2:     310592 bytes,     414560 total
[2020-09-11T16:34:04.146+0000][1][gc,age       ] GC(104) - age   3:      61808 bytes,     476368 total
[2020-09-11T16:34:04.146+0000][1][gc,age       ] GC(104) - age   4:       7968 bytes,     484336 total
[2020-09-11T16:34:04.146+0000][1][gc,age       ] GC(104) - age   5:      10936 bytes,     495272 total
[2020-09-11T16:34:04.146+0000][1][gc,age       ] GC(104) - age   6:       9512 bytes,     504784 total
[2020-09-11T16:34:04.146+0000][1][gc,heap      ] GC(104) ParNew: 68961K->648K(76672K)
[2020-09-11T16:34:04.146+0000][1][gc,heap      ] GC(104) CMS: 105571K->105604K(439104K)
[2020-09-11T16:34:04.146+0000][1][gc,metaspace ] GC(104) Metaspace: 95490K->95490K(1136640K)
[2020-09-11T16:34:04.146+0000][1][gc           ] GC(104) Pause Young (Allocation Failure) 170M->103M(503M) 9.678ms
[2020-09-11T16:34:04.146+0000][1][gc,cpu       ] GC(104) User=0.00s Sys=0.00s Real=0.01s
[2020-09-11T16:34:04.146+0000][1][safepoint    ] Safepoint "GenCollectForAllocation", Time since last: 483566887 ns, Reaching safepoint: 95763 ns, At safepoint: 9785824 ns, Total: 9881587 ns
[2020-09-11T16:34:05.155+0000][1][safepoint    ] Safepoint "Cleanup", Time since last: 1008304762 ns, Reaching safepoint: 177587 ns, At safepoint: 53159 ns, Total: 230746 ns
[2020-09-11T16:34:06.155+0000][1][safepoint    ] Safepoint "Cleanup", Time since last: 1000221502 ns, Reaching safepoint: 181149 ns, At safepoint: 17981 ns, Total: 199130 ns
[2020-09-11T16:34:07.155+0000][1][safepoint    ] Safepoint "Cleanup", Time since last: 1000163153 ns, Reaching safepoint: 136419 ns, At safepoint: 13007 ns, Total: 149426 ns
[2020-09-11T16:34:08.156+0000][1][safepoint    ] Safepoint "Cleanup", Time since last: 1000194604 ns, Reaching safepoint: 111087 ns, At safepoint: 6543 ns, Total: 117630 ns
[2020-09-11T16:34:09.156+0000][1][safepoint    ] Safepoint "Cleanup", Time since last: 1000118083 ns, Reaching safepoint: 169309 ns, At safepoint: 19722 ns, Total: 189031 ns
[2020-09-11T16:34:10.156+0000][1][safepoint    ] Safepoint "Cleanup", Time since last: 1000143204 ns, Reaching safepoint: 90304 ns, At safepoint: 9763 ns, Total: 100067 ns
[2020-09-11T16:34:10.715+0000][1][safepoint    ] Safepoint "RevokeBias", Time since last: 558888080 ns, Reaching safepoint: 176172 ns, At safepoint: 24493 ns, Total: 200665 ns
[2020-09-11T16:34:10.844+0000][1][safepoint    ] Safepoint "RevokeBias", Time since last: 128741883 ns, Reaching safepoint: 170043 ns, At safepoint: 24156 ns, Total: 194199 ns
[2020-09-11T16:34:11.844+0000][1][safepoint    ] Safepoint "Cleanup", Time since last: 1000106955 ns, Reaching safepoint: 82609 ns, At safepoint: 8027 ns, Total: 90636 ns
[2020-09-11T16:34:12.845+0000][1][safepoint    ] Safepoint "Cleanup", Time since last: 1000131363 ns, Reaching safepoint: 85208 ns, At safepoint: 8540 ns, Total: 93748 ns
[2020-09-11T16:34:13.661+0000][1][safepoint    ] Safepoint "RevokeBias", Time since last: 815102310 ns, Reaching safepoint: 1111214 ns, At safepoint: 264314 ns, Total: 1375528 ns
[2020-09-11T16:34:13.934+0000][1][safepoint    ] Safepoint "RevokeBias", Time since last: 272978033 ns, Reaching safepoint: 96622 ns, At safepoint: 23573 ns, Total: 120195 ns
[2020-09-11T16:34:14.934+0000][1][safepoint    ] Safepoint "Cleanup", Time since last: 1000110479 ns, Reaching safepoint: 86146 ns, At safepoint: 7562 ns, Total: 93708 ns
[2020-09-11T16:34:15.935+0000][1][safepoint    ] Safepoint "Cleanup", Time since last: 1000121349 ns, Reaching safepoint: 85805 ns, At safepoint: 10221 ns, Total: 96026 ns
[2020-09-11T16:34:16.935+0000][1][safepoint    ] Safepoint "Cleanup", Time since last: 1000119223 ns, Reaching safepoint: 84777 ns, At safepoint: 7056 ns, Total: 91833 ns
[2020-09-11T16:34:17.935+0000][1][safepoint    ] Safepoint "Cleanup", Time since last: 1000118286 ns, Reaching safepoint: 89985 ns, At safepoint: 10352 ns, Total: 100337 ns
[2020-09-11T16:34:18.936+0000][1][safepoint    ] Safepoint "Cleanup", Time since last: 1000968558 ns, Reaching safepoint: 87748 ns, At safepoint: 9799 ns, Total: 97547 ns
[2020-09-11T16:34:19.936+0000][1][safepoint    ] Safepoint "Cleanup", Time since last: 1000141057 ns, Reaching safepoint: 182479 ns, At safepoint: 20944 ns, Total: 203423 ns
[2020-09-11T16:34:20.797+0000][1][safepoint    ] Safepoint "RevokeBias", Time since last: 860643911 ns, Reaching safepoint: 94126 ns, At safepoint: 23758 ns, Total: 117884 ns
[2020-09-11T16:34:20.834+0000][1][safepoint    ] Safepoint "RevokeBias", Time since last: 36160322 ns, Reaching safepoint: 169857 ns, At safepoint: 24034 ns, Total: 193891 ns
[2020-09-11T16:34:21.834+0000][1][safepoint    ] Safepoint "Cleanup", Time since last: 1000105395 ns, Reaching safepoint: 86343 ns, At safepoint: 8015 ns, Total: 94358 ns
[2020-09-11T16:34:22.834+0000][1][safepoint    ] Safepoint "Cleanup", Time since last: 1000173950 ns, Reaching safepoint: 162436 ns, At safepoint: 18620 ns, Total: 181056 ns
[2020-09-11T16:34:23.505+0000][1][safepoint    ] Safepoint "RevokeBias", Time since last: 670805874 ns, Reaching safepoint: 221017 ns, At safepoint: 222084 ns, Total: 443101 ns
[2020-09-11T16:34:23.622+0000][1][safepoint    ] Safepoint "RevokeBias", Time since last: 116934488 ns, Reaching safepoint: 91627 ns, At safepoint: 20867 ns, Total: 112494 ns
[2020-09-11T16:34:24.193+0000][1][gc,start     ] GC(105) Pause Young (Allocation Failure)
[2020-09-11T16:34:24.193+0000][1][gc,task      ] GC(105) Using 1 workers of 1 for evacuation
[2020-09-11T16:34:24.198+0000][1][gc,age       ] GC(105) Desired survivor size 4358144 bytes, new threshold 6 (max threshold 6)
[2020-09-11T16:34:24.198+0000][1][gc,age       ] GC(105) Age table with threshold 6 (max threshold 6)
[2020-09-11T16:34:24.198+0000][1][gc,age       ] GC(105) - age   1:     342192 bytes,     342192 total
[2020-09-11T16:34:24.198+0000][1][gc,age       ] GC(105) - age   2:      46112 bytes,     388304 total
[2020-09-11T16:34:24.198+0000][1][gc,age       ] GC(105) - age   3:     113744 bytes,     502048 total
[2020-09-11T16:34:24.198+0000][1][gc,age       ] GC(105) - age   4:      20168 bytes,     522216 total
[2020-09-11T16:34:24.198+0000][1][gc,age       ] GC(105) - age   5:       7968 bytes,     530184 total
[2020-09-11T16:34:24.198+0000][1][gc,age       ] GC(105) - age   6:      10936 bytes,     541120 total
[2020-09-11T16:34:24.198+0000][1][gc,heap      ] GC(105) ParNew: 68808K->531K(76672K)
[2020-09-11T16:34:24.198+0000][1][gc,heap      ] GC(105) CMS: 105604K->105614K(439104K)
[2020-09-11T16:34:24.198+0000][1][gc,metaspace ] GC(105) Metaspace: 95553K->95553K(1136640K)
[2020-09-11T16:34:24.198+0000][1][gc           ] GC(105) Pause Young (Allocation Failure) 170M->103M(503M) 4.910ms
[2020-09-11T16:34:24.198+0000][1][gc,cpu       ] GC(105) User=0.00s Sys=0.00s Real=0.00s
[2020-09-11T16:34:24.198+0000][1][safepoint    ] Safepoint "GenCollectForAllocation", Time since last: 570255523 ns, Reaching safepoint: 172603 ns, At safepoint: 4976598 ns, Total: 5149201 ns
[2020-09-11T16:34:25.199+0000][1][safepoint    ] Safepoint "Cleanup", Time since last: 1001380064 ns, Reaching safepoint: 85472 ns, At safepoint: 18142 ns, Total: 103614 ns
[2020-09-11T16:34:26.200+0000][1][safepoint    ] Safepoint "Cleanup", Time since last: 1000120201 ns, Reaching safepoint: 195207 ns, At safepoint: 14505 ns, Total: 209712 ns
[2020-09-11T16:34:27.200+0000][1][safepoint    ] Safepoint "Cleanup", Time since last: 1000188831 ns, Reaching safepoint: 83948 ns, At safepoint: 8607 ns, Total: 92555 ns
[2020-09-11T16:34:28.200+0000][1][safepoint    ] Safepoint "Cleanup", Time since last: 1000154246 ns, Reaching safepoint: 82280 ns, At safepoint: 4773 ns, Total: 87053 ns
[2020-09-11T16:34:29.200+0000][1][safepoint    ] Safepoint "Cleanup", Time since last: 1000101799 ns, Reaching safepoint: 187826 ns, At safepoint: 11514 ns, Total: 199340 ns
[2020-09-11T16:34:30.201+0000][1][safepoint    ] Safepoint "Cleanup", Time since last: 1000113013 ns, Reaching safepoint: 84357 ns, At safepoint: 8829 ns, Total: 93186 ns
[2020-09-11T16:34:30.709+0000][1][safepoint    ] Safepoint "RevokeBias", Time since last: 508602711 ns, Reaching safepoint: 171869 ns, At safepoint: 24539 ns, Total: 196408 ns
[2020-09-11T16:34:30.863+0000][1][safepoint    ] Safepoint "RevokeBias", Time since last: 153299418 ns, Reaching safepoint: 166536 ns, At safepoint: 24452 ns, Total: 190988 ns
[2020-09-11T16:34:31.863+0000][1][safepoint    ] Safepoint "Cleanup", Time since last: 1000110507 ns, Reaching safepoint: 88642 ns, At safepoint: 10915 ns, Total: 99557 ns
[2020-09-11T16:34:32.863+0000][1][safepoint    ] Safepoint "Cleanup", Time since last: 1000115187 ns, Reaching safepoint: 88943 ns, At safepoint: 11088 ns, Total: 100031 ns
[2020-09-11T16:34:33.531+0000][1][safepoint    ] Safepoint "RevokeBias", Time since last: 667168955 ns, Reaching safepoint: 363671 ns, At safepoint: 226613 ns, Total: 590284 ns
[2020-09-11T16:34:33.652+0000][1][safepoint    ] Safepoint "RevokeBias", Time since last: 120706975 ns, Reaching safepoint: 374503 ns, At safepoint: 26407 ns, Total: 400910 ns
[2020-09-11T16:34:34.653+0000][1][safepoint    ] Safepoint "Cleanup", Time since last: 1000127596 ns, Reaching safepoint: 97260 ns, At safepoint: 11558 ns, Total: 108818 ns
[2020-09-11T16:34:35.653+0000][1][safepoint    ] Safepoint "Cleanup", Time since last: 1000189863 ns, Reaching safepoint: 218601 ns, At safepoint: 19391 ns, Total: 237992 ns
[2020-09-11T16:34:36.653+0000][1][safepoint    ] Safepoint "Cleanup", Time since last: 1000193365 ns, Reaching safepoint: 132796 ns, At safepoint: 9885 ns, Total: 142681 ns
[2020-09-11T16:34:37.653+0000][1][safepoint    ] Safepoint "Cleanup", Time since last: 1000115313 ns, Reaching safepoint: 87249 ns, At safepoint: 10182 ns, Total: 97431 ns
[2020-09-11T16:34:38.654+0000][1][safepoint    ] Safepoint "Cleanup", Time since last: 1000116155 ns, Reaching safepoint: 85974 ns, At safepoint: 10653 ns, Total: 96627 ns
[2020-09-11T16:34:39.654+0000][1][safepoint    ] Safepoint "Cleanup", Time since last: 1000133588 ns, Reaching safepoint: 173906 ns, At safepoint: 46276 ns, Total: 220182 ns
[2020-09-11T16:34:40.654+0000][1][safepoint    ] Safepoint "Cleanup", Time since last: 1000217342 ns, Reaching safepoint: 183755 ns, At safepoint: 19959 ns, Total: 203714 ns
[2020-09-11T16:34:40.723+0000][1][safepoint    ] Safepoint "RevokeBias", Time since last: 68801512 ns, Reaching safepoint: 170551 ns, At safepoint: 23871 ns, Total: 194422 ns
[2020-09-11T16:34:40.837+0000][1][safepoint    ] Safepoint "BulkRevokeBias", Time since last: 113126920 ns, Reaching safepoint: 209341 ns, At safepoint: 245402 ns, Total: 454743 ns
[2020-09-11T16:34:41.837+0000][1][safepoint    ] Safepoint "Cleanup", Time since last: 1000167237 ns, Reaching safepoint: 117883 ns, At safepoint: 8786 ns, Total: 126669 ns
[2020-09-11T16:34:42.838+0000][1][safepoint    ] Safepoint "Cleanup", Time since last: 1000149196 ns, Reaching safepoint: 168246 ns, At safepoint: 21800 ns, Total: 190046 ns
[2020-09-11T16:34:43.570+0000][1][safepoint    ] Safepoint "RevokeBias", Time since last: 731840751 ns, Reaching safepoint: 255391 ns, At safepoint: 299054 ns, Total: 554445 ns
[2020-09-11T16:34:43.730+0000][1][safepoint    ] Safepoint "RevokeBias", Time since last: 159682253 ns, Reaching safepoint: 105665 ns, At safepoint: 24040 ns, Total: 129705 ns
[2020-09-11T16:34:44.223+0000][1][gc,start     ] GC(106) Pause Young (Allocation Failure)
[2020-09-11T16:34:44.223+0000][1][gc,task      ] GC(106) Using 1 workers of 1 for evacuation
[2020-09-11T16:34:44.228+0000][1][gc,age       ] GC(106) Desired survivor size 4358144 bytes, new threshold 6 (max threshold 6)
[2020-09-11T16:34:44.228+0000][1][gc,age       ] GC(106) Age table with threshold 6 (max threshold 6)
[2020-09-11T16:34:44.228+0000][1][gc,age       ] GC(106) - age   1:     124272 bytes,     124272 total
[2020-09-11T16:34:44.228+0000][1][gc,age       ] GC(106) - age   2:     274656 bytes,     398928 total
[2020-09-11T16:34:44.228+0000][1][gc,age       ] GC(106) - age   3:      40752 bytes,     439680 total
[2020-09-11T16:34:44.228+0000][1][gc,age       ] GC(106) - age   4:      76112 bytes,     515792 total
[2020-09-11T16:34:44.228+0000][1][gc,age       ] GC(106) - age   5:      20168 bytes,     535960 total
[2020-09-11T16:34:44.228+0000][1][gc,age       ] GC(106) - age   6:       7968 bytes,     543928 total
[2020-09-11T16:34:44.228+0000][1][gc,heap      ] GC(106) ParNew: 68691K->1058K(76672K)
[2020-09-11T16:34:44.228+0000][1][gc,heap      ] GC(106) CMS: 105614K->105624K(439104K)
[2020-09-11T16:34:44.228+0000][1][gc,metaspace ] GC(106) Metaspace: 95584K->95584K(1136640K)
[2020-09-11T16:34:44.228+0000][1][gc           ] GC(106) Pause Young (Allocation Failure) 170M->104M(503M) 4.854ms
[2020-09-11T16:34:44.228+0000][1][gc,cpu       ] GC(106) User=0.00s Sys=0.00s Real=0.00s
[2020-09-11T16:34:44.228+0000][1][safepoint    ] Safepoint "GenCollectForAllocation", Time since last: 492887635 ns, Reaching safepoint: 272052 ns, At safepoint: 4917439 ns, Total: 5189491 ns
[2020-09-11T16:34:45.230+0000][1][safepoint    ] Safepoint "Cleanup", Time since last: 1001835028 ns, Reaching safepoint: 201462 ns, At safepoint: 19061 ns, Total: 220523 ns
[2020-09-11T16:34:46.230+0000][1][safepoint    ] Safepoint "Cleanup", Time since last: 1000166838 ns, Reaching safepoint: 205732 ns, At safepoint: 15519 ns, Total: 221251 ns
[2020-09-11T16:34:47.231+0000][1][safepoint    ] Safepoint "Cleanup", Time since last: 1000110519 ns, Reaching safepoint: 206137 ns, At safepoint: 22199 ns, Total: 228336 ns
[2020-09-11T16:34:48.231+0000][1][safepoint    ] Safepoint "Cleanup", Time since last: 1000149159 ns, Reaching safepoint: 164568 ns, At safepoint: 19601 ns, Total: 184169 ns
[2020-09-11T16:34:49.232+0000][1][safepoint    ] Safepoint "Cleanup", Time since last: 1000153580 ns, Reaching safepoint: 950695 ns, At safepoint: 12028 ns, Total: 962723 ns
[2020-09-11T16:34:50.233+0000][1][safepoint    ] Safepoint "Cleanup", Time since last: 1000183213 ns, Reaching safepoint: 170084 ns, At safepoint: 22431 ns, Total: 192515 ns
[2020-09-11T16:34:50.702+0000][1][safepoint    ] Safepoint "RevokeBias", Time since last: 469325398 ns, Reaching safepoint: 221258 ns, At safepoint: 26808 ns, Total: 248066 ns
[2020-09-11T16:34:50.836+0000][1][safepoint    ] Safepoint "RevokeBias", Time since last: 133969119 ns, Reaching safepoint: 172491 ns, At safepoint: 24362 ns, Total: 196853 ns
[2020-09-11T16:34:51.837+0000][1][safepoint    ] Safepoint "Cleanup", Time since last: 1000139798 ns, Reaching safepoint: 170247 ns, At safepoint: 18706 ns, Total: 188953 ns
[2020-09-11T16:34:52.837+0000][1][safepoint    ] Safepoint "Cleanup", Time since last: 1000321422 ns, Reaching safepoint: 166198 ns, At safepoint: 20938 ns, Total: 187136 ns
[2020-09-11T16:34:53.501+0000][1][safepoint    ] Safepoint "RevokeBias", Time since last: 663243744 ns, Reaching safepoint: 230780 ns, At safepoint: 394712 ns, Total: 625492 ns
[2020-09-11T16:34:53.586+0000][1][safepoint    ] Safepoint "RevokeBias", Time since last: 85049093 ns, Reaching safepoint: 102578 ns, At safepoint: 24490 ns, Total: 127068 ns
[2020-09-11T16:34:54.587+0000][1][safepoint    ] Safepoint "Cleanup", Time since last: 1000166290 ns, Reaching safepoint: 133037 ns, At safepoint: 12542 ns, Total: 145579 ns
[2020-09-11T16:34:55.587+0000][1][safepoint    ] Safepoint "Cleanup", Time since last: 1000141620 ns, Reaching safepoint: 142123 ns, At safepoint: 8352 ns, Total: 150475 ns
[2020-09-11T16:34:56.587+0000][1][safepoint    ] Safepoint "Cleanup", Time since last: 1000182336 ns, Reaching safepoint: 124191 ns, At safepoint: 11410 ns, Total: 135601 ns
[2020-09-11T16:34:57.587+0000][1][safepoint    ] Safepoint "Cleanup", Time since last: 1000125334 ns, Reaching safepoint: 90357 ns, At safepoint: 10819 ns, Total: 101176 ns
[2020-09-11T16:34:58.588+0000][1][safepoint    ] Safepoint "Cleanup", Time since last: 1000135924 ns, Reaching safepoint: 88016 ns, At safepoint: 9548 ns, Total: 97564 ns
[2020-09-11T16:34:59.588+0000][1][safepoint    ] Safepoint "Cleanup", Time since last: 1000187643 ns, Reaching safepoint: 229109 ns, At safepoint: 24931 ns, Total: 254040 ns
[2020-09-11T16:35:00.588+0000][1][safepoint    ] Safepoint "Cleanup", Time since last: 1000212325 ns, Reaching safepoint: 177919 ns, At safepoint: 24212 ns, Total: 202131 ns
[2020-09-11T16:35:00.704+0000][1][safepoint    ] Safepoint "RevokeBias", Time since last: 115702217 ns, Reaching safepoint: 96526 ns, At safepoint: 23081 ns, Total: 119607 ns
[2020-09-11T16:35:00.879+0000][1][safepoint    ] Safepoint "RevokeBias", Time since last: 175117876 ns, Reaching safepoint: 101577 ns, At safepoint: 23043 ns, Total: 124620 ns
[2020-09-11T16:35:01.880+0000][1][safepoint    ] Safepoint "Cleanup", Time since last: 1000108747 ns, Reaching safepoint: 85128 ns, At safepoint: 8073 ns, Total: 93201 ns
[2020-09-11T16:35:02.880+0000][1][safepoint    ] Safepoint "Cleanup", Time since last: 1000147896 ns, Reaching safepoint: 163997 ns, At safepoint: 22067 ns, Total: 186064 ns
[2020-09-11T16:35:03.521+0000][1][safepoint    ] Safepoint "RevokeBias", Time since last: 640306976 ns, Reaching safepoint: 234025 ns, At safepoint: 294093 ns, Total: 528118 ns
[2020-09-11T16:35:03.652+0000][1][safepoint    ] Safepoint "RevokeBias", Time since last: 130598011 ns, Reaching safepoint: 107406 ns, At safepoint: 23827 ns, Total: 131233 ns
[2020-09-11T16:35:04.264+0000][1][gc,start     ] GC(107) Pause Young (Allocation Failure)
[2020-09-11T16:35:04.264+0000][1][gc,task      ] GC(107) Using 1 workers of 1 for evacuation
[2020-09-11T16:35:04.269+0000][1][gc,age       ] GC(107) Desired survivor size 4358144 bytes, new threshold 6 (max threshold 6)
[2020-09-11T16:35:04.269+0000][1][gc,age       ] GC(107) Age table with threshold 6 (max threshold 6)
[2020-09-11T16:35:04.269+0000][1][gc,age       ] GC(107) - age   1:     295616 bytes,     295616 total
[2020-09-11T16:35:04.269+0000][1][gc,age       ] GC(107) - age   2:      73320 bytes,     368936 total
[2020-09-11T16:35:04.269+0000][1][gc,age       ] GC(107) - age   3:      85856 bytes,     454792 total
[2020-09-11T16:35:04.269+0000][1][gc,age       ] GC(107) - age   4:      37400 bytes,     492192 total
[2020-09-11T16:35:04.269+0000][1][gc,age       ] GC(107) - age   5:      76112 bytes,     568304 total
[2020-09-11T16:35:04.269+0000][1][gc,age       ] GC(107) - age   6:      19856 bytes,     588160 total
[2020-09-11T16:35:04.269+0000][1][gc,heap      ] GC(107) ParNew: 69218K->663K(76672K)
[2020-09-11T16:35:04.269+0000][1][gc,heap      ] GC(107) CMS: 105624K->105632K(439104K)
[2020-09-11T16:35:04.269+0000][1][gc,metaspace ] GC(107) Metaspace: 95627K->95627K(1136640K)
[2020-09-11T16:35:04.269+0000][1][gc           ] GC(107) Pause Young (Allocation Failure) 170M->103M(503M) 5.074ms
[2020-09-11T16:35:04.269+0000][1][gc,cpu       ] GC(107) User=0.00s Sys=0.00s Real=0.00s
[2020-09-11T16:35:04.269+0000][1][safepoint    ] Safepoint "GenCollectForAllocation", Time since last: 611979048 ns, Reaching safepoint: 205637 ns, At safepoint: 5162214 ns, Total: 5367851 ns
[2020-09-11T16:35:05.270+0000][1][safepoint    ] Safepoint "Cleanup", Time since last: 1001072508 ns, Reaching safepoint: 164625 ns, At safepoint: 15151 ns, Total: 179776 ns
[2020-09-11T16:35:06.271+0000][1][safepoint    ] Safepoint "Cleanup", Time since last: 1000177924 ns, Reaching safepoint: 285021 ns, At safepoint: 20233 ns, Total: 305254 ns
[2020-09-11T16:35:07.271+0000][1][safepoint    ] Safepoint "Cleanup", Time since last: 1000222331 ns, Reaching safepoint: 192545 ns, At safepoint: 17129 ns, Total: 209674 ns
[2020-09-11T16:35:08.272+0000][1][safepoint    ] Safepoint "Cleanup", Time since last: 1000226935 ns, Reaching safepoint: 165029 ns, At safepoint: 21075 ns, Total: 186104 ns
[2020-09-11T16:35:09.272+0000][1][safepoint    ] Safepoint "Cleanup", Time since last: 1000164532 ns, Reaching safepoint: 261624 ns, At safepoint: 20003 ns, Total: 281627 ns
[2020-09-11T16:35:10.272+0000][1][safepoint    ] Safepoint "Cleanup", Time since last: 1000167317 ns, Reaching safepoint: 160548 ns, At safepoint: 18001 ns, Total: 178549 ns
[2020-09-11T16:35:10.762+0000][1][safepoint    ] Safepoint "RevokeBias", Time since last: 489633009 ns, Reaching safepoint: 169580 ns, At safepoint: 24602 ns, Total: 194182 ns
[2020-09-11T16:35:10.869+0000][1][safepoint    ] Safepoint "RevokeBias", Time since last: 106905281 ns, Reaching safepoint: 96094 ns, At safepoint: 23754 ns, Total: 119848 ns
[2020-09-11T16:35:11.870+0000][1][safepoint    ] Safepoint "Cleanup", Time since last: 1000177905 ns, Reaching safepoint: 183597 ns, At safepoint: 23494 ns, Total: 207091 ns
[2020-09-11T16:35:12.870+0000][1][safepoint    ] Safepoint "Cleanup", Time since last: 1000216842 ns, Reaching safepoint: 161631 ns, At safepoint: 20541 ns, Total: 182172 ns
[2020-09-11T16:35:13.565+0000][1][safepoint    ] Safepoint "RevokeBias", Time since last: 694263685 ns, Reaching safepoint: 233434 ns, At safepoint: 266819 ns, Total: 500253 ns
[2020-09-11T16:35:13.704+0000][1][safepoint    ] Safepoint "RevokeBias", Time since last: 138711980 ns, Reaching safepoint: 235359 ns, At safepoint: 29073 ns, Total: 264432 ns
[2020-09-11T16:35:14.704+0000][1][safepoint    ] Safepoint "Cleanup", Time since last: 1000108468 ns, Reaching safepoint: 91082 ns, At safepoint: 10058 ns, Total: 101140 ns
[2020-09-11T16:35:15.704+0000][1][safepoint    ] Safepoint "Cleanup", Time since last: 1000188479 ns, Reaching safepoint: 165851 ns, At safepoint: 20821 ns, Total: 186672 ns
[2020-09-11T16:35:16.705+0000][1][safepoint    ] Safepoint "Cleanup", Time since last: 1000239425 ns, Reaching safepoint: 165387 ns, At safepoint: 23534 ns, Total: 188921 ns
[2020-09-11T16:35:17.705+0000][1][safepoint    ] Safepoint "Cleanup", Time since last: 1000178449 ns, Reaching safepoint: 84235 ns, At safepoint: 7913 ns, Total: 92148 ns
[2020-09-11T16:35:18.705+0000][1][safepoint    ] Safepoint "Cleanup", Time since last: 1000138793 ns, Reaching safepoint: 111576 ns, At safepoint: 9044 ns, Total: 120620 ns
[2020-09-11T16:35:19.705+0000][1][safepoint    ] Safepoint "Cleanup", Time since last: 1000116416 ns, Reaching safepoint: 87748 ns, At safepoint: 11059 ns, Total: 98807 ns
[2020-09-11T16:35:20.702+0000][1][safepoint    ] Safepoint "RevokeBias", Time since last: 996026644 ns, Reaching safepoint: 87779 ns, At safepoint: 23010 ns, Total: 110789 ns
[2020-09-11T16:35:20.855+0000][1][safepoint    ] Safepoint "RevokeBias", Time since last: 153687258 ns, Reaching safepoint: 92055 ns, At safepoint: 23631 ns, Total: 115686 ns
[2020-09-11T16:35:21.856+0000][1][safepoint    ] Safepoint "Cleanup", Time since last: 1000107972 ns, Reaching safepoint: 81209 ns, At safepoint: 7183 ns, Total: 88392 ns
[2020-09-11T16:35:22.856+0000][1][safepoint    ] Safepoint "Cleanup", Time since last: 1000167046 ns, Reaching safepoint: 167815 ns, At safepoint: 21757 ns, Total: 189572 ns
[2020-09-11T16:35:23.520+0000][1][safepoint    ] Safepoint "RevokeBias", Time since last: 663714668 ns, Reaching safepoint: 230246 ns, At safepoint: 216309 ns, Total: 446555 ns
[2020-09-11T16:35:23.613+0000][1][safepoint    ] Safepoint "RevokeBias", Time since last: 92668538 ns, Reaching safepoint: 96031 ns, At safepoint: 23630 ns, Total: 119661 ns
[2020-09-11T16:35:24.613+0000][1][safepoint    ] Safepoint "Cleanup", Time since last: 1000185143 ns, Reaching safepoint: 115832 ns, At safepoint: 11730 ns, Total: 127562 ns
[2020-09-11T16:35:25.614+0000][1][safepoint    ] Safepoint "Cleanup", Time since last: 1000140427 ns, Reaching safepoint: 167274 ns, At safepoint: 20958 ns, Total: 188232 ns
[2020-09-11T16:35:26.614+0000][1][safepoint    ] Safepoint "Cleanup", Time since last: 1000232071 ns, Reaching safepoint: 168116 ns, At safepoint: 20500 ns, Total: 188616 ns
[2020-09-11T16:35:27.614+0000][1][safepoint    ] Safepoint "Cleanup", Time since last: 1000217505 ns, Reaching safepoint: 125228 ns, At safepoint: 16806 ns, Total: 142034 ns
[2020-09-11T16:35:28.615+0000][1][safepoint    ] Safepoint "Cleanup", Time since last: 1000194306 ns, Reaching safepoint: 166315 ns, At safepoint: 20220 ns, Total: 186535 ns
[2020-09-11T16:35:29.332+0000][1][gc,start     ] GC(108) Pause Young (Allocation Failure)
[2020-09-11T16:35:29.332+0000][1][gc,task      ] GC(108) Using 1 workers of 1 for evacuation
[2020-09-11T16:35:29.337+0000][1][gc,age       ] GC(108) Desired survivor size 4358144 bytes, new threshold 6 (max threshold 6)
[2020-09-11T16:35:29.337+0000][1][gc,age       ] GC(108) Age table with threshold 6 (max threshold 6)
[2020-09-11T16:35:29.337+0000][1][gc,age       ] GC(108) - age   1:     213704 bytes,     213704 total
[2020-09-11T16:35:29.337+0000][1][gc,age       ] GC(108) - age   2:     237704 bytes,     451408 total
[2020-09-11T16:35:29.337+0000][1][gc,age       ] GC(108) - age   3:      32456 bytes,     483864 total
[2020-09-11T16:35:29.337+0000][1][gc,age       ] GC(108) - age   4:      22128 bytes,     505992 total
[2020-09-11T16:35:29.337+0000][1][gc,age       ] GC(108) - age   5:       9848 bytes,     515840 total
[2020-09-11T16:35:29.337+0000][1][gc,age       ] GC(108) - age   6:      76112 bytes,     591952 total
[2020-09-11T16:35:29.337+0000][1][gc,heap      ] GC(108) ParNew: 68823K->1027K(76672K)
[2020-09-11T16:35:29.337+0000][1][gc,heap      ] GC(108) CMS: 105632K->105651K(439104K)
[2020-09-11T16:35:29.337+0000][1][gc,metaspace ] GC(108) Metaspace: 95667K->95667K(1136640K)
[2020-09-11T16:35:29.337+0000][1][gc           ] GC(108) Pause Young (Allocation Failure) 170M->104M(503M) 5.084ms
[2020-09-11T16:35:29.337+0000][1][gc,cpu       ] GC(108) User=0.01s Sys=0.00s Real=0.01s
[2020-09-11T16:35:29.337+0000][1][safepoint    ] Safepoint "GenCollectForAllocation", Time since last: 717176811 ns, Reaching safepoint: 206326 ns, At safepoint: 5171249 ns, Total: 5377575 ns
[2020-09-11T16:35:30.341+0000][1][safepoint    ] Safepoint "Cleanup", Time since last: 1003443915 ns, Reaching safepoint: 135578 ns, At safepoint: 23955 ns, Total: 159533 ns
[2020-09-11T16:35:30.707+0000][1][safepoint    ] Safepoint "RevokeBias", Time since last: 365624636 ns, Reaching safepoint: 93872 ns, At safepoint: 54179 ns, Total: 148051 ns
[2020-09-11T16:35:30.852+0000][1][safepoint    ] Safepoint "RevokeBias", Time since last: 145529546 ns, Reaching safepoint: 91173 ns, At safepoint: 35239 ns, Total: 126412 ns
[2020-09-11T16:35:31.853+0000][1][safepoint    ] Safepoint "Cleanup", Time since last: 1000525637 ns, Reaching safepoint: 83622 ns, At safepoint: 20504 ns, Total: 104126 ns
[2020-09-11T16:35:32.853+0000][1][safepoint    ] Safepoint "Cleanup", Time since last: 1000164207 ns, Reaching safepoint: 107967 ns, At safepoint: 8225 ns, Total: 116192 ns
[2020-09-11T16:35:33.584+0000][1][safepoint    ] Safepoint "RevokeBias", Time since last: 730128195 ns, Reaching safepoint: 245944 ns, At safepoint: 273869 ns, Total: 519813 ns
[2020-09-11T16:35:33.750+0000][1][safepoint    ] Safepoint "RevokeBias", Time since last: 166349858 ns, Reaching safepoint: 93011 ns, At safepoint: 23714 ns, Total: 116725 ns
[2020-09-11T16:35:34.750+0000][1][safepoint    ] Safepoint "Cleanup", Time since last: 1000103647 ns, Reaching safepoint: 82167 ns, At safepoint: 7706 ns, Total: 89873 ns
[2020-09-11T16:35:35.751+0000][1][safepoint    ] Safepoint "Cleanup", Time since last: 1000135796 ns, Reaching safepoint: 134219 ns, At safepoint: 8000 ns, Total: 142219 ns
[2020-09-11T16:35:36.751+0000][1][safepoint    ] Safepoint "Cleanup", Time since last: 1000141101 ns, Reaching safepoint: 132365 ns, At safepoint: 8439 ns, Total: 140804 ns
[2020-09-11T16:35:37.751+0000][1][safepoint    ] Safepoint "Cleanup", Time since last: 1000149968 ns, Reaching safepoint: 166372 ns, At safepoint: 22271 ns, Total: 188643 ns
[2020-09-11T16:35:38.752+0000][1][safepoint    ] Safepoint "Cleanup", Time since last: 1000185918 ns, Reaching safepoint: 169803 ns, At safepoint: 19702 ns, Total: 189505 ns
[2020-09-11T16:35:39.753+0000][1][safepoint    ] Safepoint "Cleanup", Time since last: 1001556219 ns, Reaching safepoint: 86263 ns, At safepoint: 10271 ns, Total: 96534 ns
[2020-09-11T16:35:40.745+0000][1][safepoint    ] Safepoint "RevokeBias", Time since last: 991813255 ns, Reaching safepoint: 95948 ns, At safepoint: 24809 ns, Total: 120757 ns
[2020-09-11T16:35:40.895+0000][1][safepoint    ] Safepoint "RevokeBias", Time since last: 149126814 ns, Reaching safepoint: 236773 ns, At safepoint: 40846 ns, Total: 277619 ns
[2020-09-11T16:35:41.895+0000][1][safepoint    ] Safepoint "Cleanup", Time since last: 1000168215 ns, Reaching safepoint: 128436 ns, At safepoint: 7786 ns, Total: 136222 ns
[2020-09-11T16:35:42.895+0000][1][safepoint    ] Safepoint "Cleanup", Time since last: 1000176375 ns, Reaching safepoint: 111720 ns, At safepoint: 9125 ns, Total: 120845 ns
[2020-09-11T16:35:43.669+0000][1][safepoint    ] Safepoint "RevokeBias", Time since last: 770939905 ns, Reaching safepoint: 2268337 ns, At safepoint: 508932 ns, Total: 2777269 ns
[2020-09-11T16:35:43.819+0000][1][safepoint    ] Safepoint "RevokeBias", Time since last: 149665872 ns, Reaching safepoint: 127563 ns, At safepoint: 26039 ns, Total: 153602 ns
[2020-09-11T16:35:44.819+0000][1][safepoint    ] Safepoint "Cleanup", Time since last: 1000133079 ns, Reaching safepoint: 163489 ns, At safepoint: 20356 ns, Total: 183845 ns
[2020-09-11T16:35:45.820+0000][1][safepoint    ] Safepoint "Cleanup", Time since last: 1000190943 ns, Reaching safepoint: 161311 ns, At safepoint: 18589 ns, Total: 179900 ns
[2020-09-11T16:35:46.821+0000][1][safepoint    ] Safepoint "Cleanup", Time since last: 1000171341 ns, Reaching safepoint: 1418535 ns, At safepoint: 27590 ns, Total: 1446125 ns
[2020-09-11T16:35:47.822+0000][1][safepoint    ] Safepoint "Cleanup", Time since last: 1000240951 ns, Reaching safepoint: 116741 ns, At safepoint: 10592 ns, Total: 127333 ns
[2020-09-11T16:35:48.822+0000][1][safepoint    ] Safepoint "Cleanup", Time since last: 1000141014 ns, Reaching safepoint: 130740 ns, At safepoint: 8483 ns, Total: 139223 ns
[2020-09-11T16:35:49.362+0000][1][gc,start     ] GC(109) Pause Young (Allocation Failure)
[2020-09-11T16:35:49.362+0000][1][gc,task      ] GC(109) Using 1 workers of 1 for evacuation
[2020-09-11T16:35:49.367+0000][1][gc,age       ] GC(109) Desired survivor size 4358144 bytes, new threshold 6 (max threshold 6)
[2020-09-11T16:35:49.367+0000][1][gc,age       ] GC(109) Age table with threshold 6 (max threshold 6)
[2020-09-11T16:35:49.367+0000][1][gc,age       ] GC(109) - age   1:      87160 bytes,      87160 total
[2020-09-11T16:35:49.367+0000][1][gc,age       ] GC(109) - age   2:     146784 bytes,     233944 total
[2020-09-11T16:35:49.367+0000][1][gc,age       ] GC(109) - age   3:     233712 bytes,     467656 total
[2020-09-11T16:35:49.367+0000][1][gc,age       ] GC(109) - age   4:      29528 bytes,     497184 total
[2020-09-11T16:35:49.367+0000][1][gc,age       ] GC(109) - age   5:      17088 bytes,     514272 total
[2020-09-11T16:35:49.367+0000][1][gc,age       ] GC(109) - age   6:       9848 bytes,     524120 total
[2020-09-11T16:35:49.367+0000][1][gc,heap      ] GC(109) ParNew: 69187K->690K(76672K)
[2020-09-11T16:35:49.367+0000][1][gc,heap      ] GC(109) CMS: 105651K->105726K(439104K)
[2020-09-11T16:35:49.367+0000][1][gc,metaspace ] GC(109) Metaspace: 95691K->95691K(1136640K)
[2020-09-11T16:35:49.367+0000][1][gc           ] GC(109) Pause Young (Allocation Failure) 170M->103M(503M) 5.225ms
[2020-09-11T16:35:49.367+0000][1][gc,cpu       ] GC(109) User=0.01s Sys=0.00s Real=0.00s
[2020-09-11T16:35:49.367+0000][1][safepoint    ] Safepoint "GenCollectForAllocation", Time since last: 539804745 ns, Reaching safepoint: 205553 ns, At safepoint: 5342166 ns, Total: 5547719 ns
[2020-09-11T16:35:50.370+0000][1][safepoint    ] Safepoint "Cleanup", Time since last: 1002858860 ns, Reaching safepoint: 270020 ns, At safepoint: 50108 ns, Total: 320128 ns
[2020-09-11T16:35:50.707+0000][1][safepoint    ] Safepoint "RevokeBias", Time since last: 336482450 ns, Reaching safepoint: 112472 ns, At safepoint: 44306 ns, Total: 156778 ns
[2020-09-11T16:35:50.873+0000][1][safepoint    ] Safepoint "RevokeBias", Time since last: 165316613 ns, Reaching safepoint: 170054 ns, At safepoint: 24535 ns, Total: 194589 ns
[2020-09-11T16:35:51.873+0000][1][safepoint    ] Safepoint "Cleanup", Time since last: 1000173851 ns, Reaching safepoint: 186364 ns, At safepoint: 19578 ns, Total: 205942 ns
[2020-09-11T16:35:52.873+0000][1][safepoint    ] Safepoint "Cleanup", Time since last: 1000184308 ns, Reaching safepoint: 165009 ns, At safepoint: 23166 ns, Total: 188175 ns
[2020-09-11T16:35:53.500+0000][1][safepoint    ] Safepoint "RevokeBias", Time since last: 625793212 ns, Reaching safepoint: 233940 ns, At safepoint: 218497 ns, Total: 452437 ns
[2020-09-11T16:35:53.661+0000][1][safepoint    ] Safepoint "RevokeBias", Time since last: 161347391 ns, Reaching safepoint: 119967 ns, At safepoint: 30138 ns, Total: 150105 ns
[2020-09-11T16:35:54.661+0000][1][safepoint    ] Safepoint "Cleanup", Time since last: 1000187373 ns, Reaching safepoint: 192191 ns, At safepoint: 24890 ns, Total: 217081 ns
[2020-09-11T16:35:55.662+0000][1][safepoint    ] Safepoint "Cleanup", Time since last: 1000217164 ns, Reaching safepoint: 129731 ns, At safepoint: 12329 ns, Total: 142060 ns
[2020-09-11T16:35:56.662+0000][1][safepoint    ] Safepoint "Cleanup", Time since last: 1000171039 ns, Reaching safepoint: 120387 ns, At safepoint: 9539 ns, Total: 129926 ns
[2020-09-11T16:35:57.662+0000][1][safepoint    ] Safepoint "Cleanup", Time since last: 1000152999 ns, Reaching safepoint: 182773 ns, At safepoint: 21960 ns, Total: 204733 ns
[2020-09-11T16:35:58.663+0000][1][safepoint    ] Safepoint "Cleanup", Time since last: 1000160112 ns, Reaching safepoint: 89145 ns, At safepoint: 11089 ns, Total: 100234 ns
[2020-09-11T16:35:59.663+0000][1][safepoint    ] Safepoint "Cleanup", Time since last: 1000139076 ns, Reaching safepoint: 88358 ns, At safepoint: 12146 ns, Total: 100504 ns
[2020-09-11T16:36:00.663+0000][1][safepoint    ] Safepoint "Cleanup", Time since last: 1000122599 ns, Reaching safepoint: 113880 ns, At safepoint: 12135 ns, Total: 126015 ns
[2020-09-11T16:36:00.744+0000][1][safepoint    ] Safepoint "RevokeBias", Time since last: 80592776 ns, Reaching safepoint: 168546 ns, At safepoint: 25011 ns, Total: 193557 ns
[2020-09-11T16:36:00.861+0000][1][safepoint    ] Safepoint "RevokeBias", Time since last: 116938899 ns, Reaching safepoint: 176238 ns, At safepoint: 29944 ns, Total: 206182 ns
[2020-09-11T16:36:01.861+0000][1][safepoint    ] Safepoint "Cleanup", Time since last: 1000109785 ns, Reaching safepoint: 91537 ns, At safepoint: 11530 ns, Total: 103067 ns
[2020-09-11T16:36:02.862+0000][1][safepoint    ] Safepoint "Cleanup", Time since last: 1000112636 ns, Reaching safepoint: 91522 ns, At safepoint: 11073 ns, Total: 102595 ns
[2020-09-11T16:36:03.603+0000][1][safepoint    ] Safepoint "RevokeBias", Time since last: 741080451 ns, Reaching safepoint: 241679 ns, At safepoint: 235351 ns, Total: 477030 ns
[2020-09-11T16:36:03.776+0000][1][safepoint    ] Safepoint "RevokeBias", Time since last: 172458386 ns, Reaching safepoint: 103501 ns, At safepoint: 24192 ns, Total: 127693 ns
[2020-09-11T16:36:04.776+0000][1][safepoint    ] Safepoint "Cleanup", Time since last: 1000115613 ns, Reaching safepoint: 90325 ns, At safepoint: 10870 ns, Total: 101195 ns
[2020-09-11T16:36:05.776+0000][1][safepoint    ] Safepoint "Cleanup", Time since last: 1000120721 ns, Reaching safepoint: 88676 ns, At safepoint: 10771 ns, Total: 99447 ns
[2020-09-11T16:36:06.776+0000][1][safepoint    ] Safepoint "Cleanup", Time since last: 1000123629 ns, Reaching safepoint: 90629 ns, At safepoint: 11683 ns, Total: 102312 ns
[2020-09-11T16:36:07.777+0000][1][safepoint    ] Safepoint "Cleanup", Time since last: 1000121731 ns, Reaching safepoint: 100693 ns, At safepoint: 12449 ns, Total: 113142 ns
[2020-09-11T16:36:08.777+0000][1][safepoint    ] Safepoint "Cleanup", Time since last: 1000124930 ns, Reaching safepoint: 110410 ns, At safepoint: 8019 ns, Total: 118429 ns
[2020-09-11T16:36:09.777+0000][1][safepoint    ] Safepoint "Cleanup", Time since last: 1000109774 ns, Reaching safepoint: 83898 ns, At safepoint: 8233 ns, Total: 92131 ns
[2020-09-11T16:36:10.709+0000][1][gc,start     ] GC(110) Pause Young (Allocation Failure)
[2020-09-11T16:36:10.709+0000][1][gc,task      ] GC(110) Using 1 workers of 1 for evacuation
[2020-09-11T16:36:10.716+0000][1][gc,age       ] GC(110) Desired survivor size 4358144 bytes, new threshold 6 (max threshold 6)
[2020-09-11T16:36:10.716+0000][1][gc,age       ] GC(110) Age table with threshold 6 (max threshold 6)
[2020-09-11T16:36:10.716+0000][1][gc,age       ] GC(110) - age   1:     365512 bytes,     365512 total
[2020-09-11T16:36:10.716+0000][1][gc,age       ] GC(110) - age   2:      20184 bytes,     385696 total
[2020-09-11T16:36:10.716+0000][1][gc,age       ] GC(110) - age   3:     114936 bytes,     500632 total
[2020-09-11T16:36:10.716+0000][1][gc,age       ] GC(110) - age   4:      28864 bytes,     529496 total
[2020-09-11T16:36:10.716+0000][1][gc,age       ] GC(110) - age   5:       8056 bytes,     537552 total
[2020-09-11T16:36:10.716+0000][1][gc,age       ] GC(110) - age   6:      17088 bytes,     554640 total
[2020-09-11T16:36:10.716+0000][1][gc,heap      ] GC(110) ParNew: 68831K->940K(76672K)
[2020-09-11T16:36:10.716+0000][1][gc,heap      ] GC(110) CMS: 105726K->105735K(439104K)
[2020-09-11T16:36:10.716+0000][1][gc,metaspace ] GC(110) Metaspace: 95753K->95753K(1136640K)
[2020-09-11T16:36:10.716+0000][1][gc           ] GC(110) Pause Young (Allocation Failure) 170M->104M(503M) 7.265ms
[2020-09-11T16:36:10.716+0000][1][gc,cpu       ] GC(110) User=0.01s Sys=0.00s Real=0.01s
[2020-09-11T16:36:10.721+0000][1][safepoint    ] Safepoint "GenCollectForAllocation", Time since last: 932058126 ns, Reaching safepoint: 84997 ns, At safepoint: 11653374 ns, Total: 11738371 ns
[2020-09-11T16:36:10.739+0000][1][safepoint    ] Safepoint "RevokeBias", Time since last: 18395124 ns, Reaching safepoint: 90715 ns, At safepoint: 34879 ns, Total: 125594 ns
[2020-09-11T16:36:10.895+0000][1][safepoint    ] Safepoint "BulkRevokeBias", Time since last: 155083796 ns, Reaching safepoint: 111964 ns, At safepoint: 300775 ns, Total: 412739 ns
[2020-09-11T16:36:11.897+0000][1][safepoint    ] Safepoint "Cleanup", Time since last: 1002436432 ns, Reaching safepoint: 87321 ns, At safepoint: 27054 ns, Total: 114375 ns
[2020-09-11T16:36:12.898+0000][1][safepoint    ] Safepoint "Cleanup", Time since last: 1000117651 ns, Reaching safepoint: 86685 ns, At safepoint: 24652 ns, Total: 111337 ns
[2020-09-11T16:36:13.645+0000][1][safepoint    ] Safepoint "RevokeBias", Time since last: 747251742 ns, Reaching safepoint: 187242 ns, At safepoint: 28241 ns, Total: 215483 ns
[2020-09-11T16:36:13.813+0000][1][safepoint    ] Safepoint "RevokeBias", Time since last: 167605446 ns, Reaching safepoint: 131427 ns, At safepoint: 22995 ns, Total: 154422 ns
[2020-09-11T16:36:14.813+0000][1][safepoint    ] Safepoint "Cleanup", Time since last: 1000107128 ns, Reaching safepoint: 86543 ns, At safepoint: 8193 ns, Total: 94736 ns
[2020-09-11T16:36:15.813+0000][1][safepoint    ] Safepoint "Cleanup", Time since last: 1000119489 ns, Reaching safepoint: 88672 ns, At safepoint: 12739 ns, Total: 101411 ns
[2020-09-11T16:36:16.814+0000][1][safepoint    ] Safepoint "Cleanup", Time since last: 1000119293 ns, Reaching safepoint: 88370 ns, At safepoint: 11064 ns, Total: 99434 ns
[2020-09-11T16:36:17.814+0000][1][safepoint    ] Safepoint "Cleanup", Time since last: 1000111904 ns, Reaching safepoint: 90633 ns, At safepoint: 12052 ns, Total: 102685 ns
[2020-09-11T16:36:18.814+0000][1][safepoint    ] Safepoint "Cleanup", Time since last: 1000135444 ns, Reaching safepoint: 87423 ns, At safepoint: 10638 ns, Total: 98061 ns
[2020-09-11T16:36:19.814+0000][1][safepoint    ] Safepoint "Cleanup", Time since last: 1000113967 ns, Reaching safepoint: 87282 ns, At safepoint: 11142 ns, Total: 98424 ns
[2020-09-11T16:36:20.784+0000][1][safepoint    ] Safepoint "RevokeBias", Time since last: 969860223 ns, Reaching safepoint: 94495 ns, At safepoint: 24662 ns, Total: 119157 ns
[2020-09-11T16:36:20.862+0000][1][safepoint    ] Safepoint "RevokeBias", Time since last: 77892733 ns, Reaching safepoint: 92774 ns, At safepoint: 23366 ns, Total: 116140 ns
[2020-09-11T16:36:21.869+0000][1][safepoint    ] Safepoint "Cleanup", Time since last: 1006678054 ns, Reaching safepoint: 95463 ns, At safepoint: 8810 ns, Total: 104273 ns
[2020-09-11T16:36:22.869+0000][1][safepoint    ] Safepoint "Cleanup", Time since last: 1000113071 ns, Reaching safepoint: 89443 ns, At safepoint: 7401 ns, Total: 96844 ns
[2020-09-11T16:36:23.577+0000][1][safepoint    ] Safepoint "RevokeBias", Time since last: 705611624 ns, Reaching safepoint: 2312164 ns, At safepoint: 231633 ns, Total: 2543797 ns
[2020-09-11T16:36:23.781+0000][1][safepoint    ] Safepoint "RevokeBias", Time since last: 203473074 ns, Reaching safepoint: 181108 ns, At safepoint: 26718 ns, Total: 207826 ns
[2020-09-11T16:36:24.785+0000][1][safepoint    ] Safepoint "Cleanup", Time since last: 1003777244 ns, Reaching safepoint: 89897 ns, At safepoint: 9013 ns, Total: 98910 ns
[2020-09-11T16:36:25.785+0000][1][safepoint    ] Safepoint "Cleanup", Time since last: 1000126628 ns, Reaching safepoint: 95349 ns, At safepoint: 9137 ns, Total: 104486 ns
[2020-09-11T16:36:26.785+0000][1][safepoint    ] Safepoint "Cleanup", Time since last: 1000118235 ns, Reaching safepoint: 88073 ns, At safepoint: 11541 ns, Total: 99614 ns
[2020-09-11T16:36:27.786+0000][1][safepoint    ] Safepoint "Cleanup", Time since last: 1000116102 ns, Reaching safepoint: 84165 ns, At safepoint: 8803 ns, Total: 92968 ns
[2020-09-11T16:36:28.786+0000][1][safepoint    ] Safepoint "Cleanup", Time since last: 1000120151 ns, Reaching safepoint: 88971 ns, At safepoint: 12099 ns, Total: 101070 ns
[2020-09-11T16:36:29.786+0000][1][safepoint    ] Safepoint "Cleanup", Time since last: 1000133232 ns, Reaching safepoint: 84722 ns, At safepoint: 8862 ns, Total: 93584 ns
[2020-09-11T16:36:30.714+0000][1][safepoint    ] Safepoint "RevokeBias", Time since last: 927365568 ns, Reaching safepoint: 178843 ns, At safepoint: 24903 ns, Total: 203746 ns
[2020-09-11T16:36:30.933+0000][1][safepoint    ] Safepoint "RevokeBias", Time since last: 219687517 ns, Reaching safepoint: 173684 ns, At safepoint: 29209 ns, Total: 202893 ns
[2020-09-11T16:36:31.934+0000][1][safepoint    ] Safepoint "Cleanup", Time since last: 1000105151 ns, Reaching safepoint: 110928 ns, At safepoint: 8213 ns, Total: 119141 ns
[2020-09-11T16:36:32.934+0000][1][safepoint    ] Safepoint "Cleanup", Time since last: 1000099429 ns, Reaching safepoint: 86213 ns, At safepoint: 8069 ns, Total: 94282 ns
[2020-09-11T16:36:33.413+0000][1][gc,start     ] GC(111) Pause Young (Allocation Failure)
[2020-09-11T16:36:33.413+0000][1][gc,task      ] GC(111) Using 1 workers of 1 for evacuation
[2020-09-11T16:36:33.422+0000][1][gc,age       ] GC(111) Desired survivor size 4358144 bytes, new threshold 6 (max threshold 6)
[2020-09-11T16:36:33.422+0000][1][gc,age       ] GC(111) Age table with threshold 6 (max threshold 6)
[2020-09-11T16:36:33.422+0000][1][gc,age       ] GC(111) - age   1:     375728 bytes,     375728 total
[2020-09-11T16:36:33.422+0000][1][gc,age       ] GC(111) - age   2:     307456 bytes,     683184 total
[2020-09-11T16:36:33.422+0000][1][gc,age       ] GC(111) - age   3:      17776 bytes,     700960 total
[2020-09-11T16:36:33.422+0000][1][gc,age       ] GC(111) - age   4:      11216 bytes,     712176 total
[2020-09-11T16:36:33.422+0000][1][gc,age       ] GC(111) - age   5:      28864 bytes,     741040 total
[2020-09-11T16:36:33.422+0000][1][gc,age       ] GC(111) - age   6:       8056 bytes,     749096 total
[2020-09-11T16:36:33.422+0000][1][gc,heap      ] GC(111) ParNew: 69100K->961K(76672K)
[2020-09-11T16:36:33.422+0000][1][gc,heap      ] GC(111) CMS: 105735K->105752K(439104K)
[2020-09-11T16:36:33.422+0000][1][gc,metaspace ] GC(111) Metaspace: 95828K->95828K(1138688K)
[2020-09-11T16:36:33.422+0000][1][gc           ] GC(111) Pause Young (Allocation Failure) 170M->104M(503M) 9.024ms
[2020-09-11T16:36:33.422+0000][1][gc,cpu       ] GC(111) User=0.00s Sys=0.00s Real=0.01s
[2020-09-11T16:36:33.422+0000][1][safepoint    ] Safepoint "GenCollectForAllocation", Time since last: 476991452 ns, Reaching safepoint: 2029012 ns, At safepoint: 9164904 ns, Total: 11193916 ns
[2020-09-11T16:36:33.647+0000][1][safepoint    ] Safepoint "RevokeBias", Time since last: 222902060 ns, Reaching safepoint: 1300089 ns, At safepoint: 270480 ns, Total: 1570569 ns
[2020-09-11T16:36:33.853+0000][1][safepoint    ] Safepoint "RevokeBias", Time since last: 206148241 ns, Reaching safepoint: 126946 ns, At safepoint: 24277 ns, Total: 151223 ns
[2020-09-11T16:36:34.853+0000][1][safepoint    ] Safepoint "Cleanup", Time since last: 1000109975 ns, Reaching safepoint: 87750 ns, At safepoint: 9065 ns, Total: 96815 ns
[2020-09-11T16:36:35.853+0000][1][safepoint    ] Safepoint "Cleanup", Time since last: 1000117064 ns, Reaching safepoint: 89401 ns, At safepoint: 11739 ns, Total: 101140 ns
[2020-09-11T16:36:36.853+0000][1][safepoint    ] Safepoint "Cleanup", Time since last: 1000129023 ns, Reaching safepoint: 94671 ns, At safepoint: 8743 ns, Total: 103414 ns
[2020-09-11T16:36:37.854+0000][1][safepoint    ] Safepoint "Cleanup", Time since last: 1000116686 ns, Reaching safepoint: 84486 ns, At safepoint: 8462 ns, Total: 92948 ns
[2020-09-11T16:36:38.854+0000][1][safepoint    ] Safepoint "Cleanup", Time since last: 1000107784 ns, Reaching safepoint: 87065 ns, At safepoint: 10546 ns, Total: 97611 ns
[2020-09-11T16:36:39.854+0000][1][safepoint    ] Safepoint "Cleanup", Time since last: 1000109826 ns, Reaching safepoint: 97490 ns, At safepoint: 10517 ns, Total: 108007 ns
[2020-09-11T16:36:40.775+0000][1][safepoint    ] Safepoint "RevokeBias", Time since last: 920420427 ns, Reaching safepoint: 176939 ns, At safepoint: 29314 ns, Total: 206253 ns
[2020-09-11T16:36:40.860+0000][1][safepoint    ] Safepoint "RevokeBias", Time since last: 85417577 ns, Reaching safepoint: 174985 ns, At safepoint: 26473 ns, Total: 201458 ns
[2020-09-11T16:36:41.861+0000][1][safepoint    ] Safepoint "Cleanup", Time since last: 1000104629 ns, Reaching safepoint: 88288 ns, At safepoint: 11077 ns, Total: 99365 ns
[2020-09-11T16:36:42.865+0000][1][safepoint    ] Safepoint "Cleanup", Time since last: 1004238740 ns, Reaching safepoint: 84488 ns, At safepoint: 9255 ns, Total: 93743 ns
[2020-09-11T16:36:43.834+0000][1][safepoint    ] Safepoint "RevokeBias", Time since last: 967905128 ns, Reaching safepoint: 489939 ns, At safepoint: 292617 ns, Total: 782556 ns
[2020-09-11T16:36:44.225+0000][1][safepoint    ] Safepoint "RevokeBias", Time since last: 391423359 ns, Reaching safepoint: 166183 ns, At safepoint: 23207 ns, Total: 189390 ns
[2020-09-11T16:36:45.229+0000][1][safepoint    ] Safepoint "Cleanup", Time since last: 1003593588 ns, Reaching safepoint: 102946 ns, At safepoint: 8184 ns, Total: 111130 ns
[2020-09-11T16:36:46.229+0000][1][safepoint    ] Safepoint "Cleanup", Time since last: 1000108951 ns, Reaching safepoint: 115972 ns, At safepoint: 10699 ns, Total: 126671 ns
[2020-09-11T16:36:47.229+0000][1][safepoint    ] Safepoint "Cleanup", Time since last: 1000114180 ns, Reaching safepoint: 89803 ns, At safepoint: 10912 ns, Total: 100715 ns
[2020-09-11T16:36:48.230+0000][1][safepoint    ] Safepoint "Cleanup", Time since last: 1000134130 ns, Reaching safepoint: 85653 ns, At safepoint: 8226 ns, Total: 93879 ns
[2020-09-11T16:36:49.233+0000][1][safepoint    ] Safepoint "Cleanup", Time since last: 1003217395 ns, Reaching safepoint: 84958 ns, At safepoint: 8688 ns, Total: 93646 ns
[2020-09-11T16:36:50.233+0000][1][safepoint    ] Safepoint "Cleanup", Time since last: 1000114176 ns, Reaching safepoint: 89390 ns, At safepoint: 12700 ns, Total: 102090 ns
[2020-09-11T16:36:50.736+0000][1][safepoint    ] Safepoint "RevokeBias", Time since last: 502557739 ns, Reaching safepoint: 170298 ns, At safepoint: 24750 ns, Total: 195048 ns
[2020-09-11T16:36:50.866+0000][1][safepoint    ] Safepoint "RevokeBias", Time since last: 129830927 ns, Reaching safepoint: 189370 ns, At safepoint: 24051 ns, Total: 213421 ns
[2020-09-11T16:36:51.866+0000][1][safepoint    ] Safepoint "Cleanup", Time since last: 1000108540 ns, Reaching safepoint: 89000 ns, At safepoint: 11597 ns, Total: 100597 ns
[2020-09-11T16:36:52.606+0000][1][safepoint    ] Safepoint "RevokeBias", Time since last: 739899751 ns, Reaching safepoint: 85732 ns, At safepoint: 25629 ns, Total: 111361 ns
[2020-09-11T16:36:52.606+0000][1][safepoint    ] Safepoint "RevokeBias", Time since last: 164520 ns, Reaching safepoint: 62992 ns, At safepoint: 18134 ns, Total: 81126 ns
[2020-09-11T16:36:53.058+0000][1][safepoint    ] Safepoint "RevokeBias", Time since last: 451746763 ns, Reaching safepoint: 84106 ns, At safepoint: 25555 ns, Total: 109661 ns
[2020-09-11T16:36:53.058+0000][1][safepoint    ] Safepoint "RevokeBias", Time since last: 116124 ns, Reaching safepoint: 58106 ns, At safepoint: 16112 ns, Total: 74218 ns
[2020-09-11T16:36:53.422+0000][1][gc,start     ] GC(112) Pause Young (Allocation Failure)
[2020-09-11T16:36:53.422+0000][1][gc,task      ] GC(112) Using 1 workers of 1 for evacuation
[2020-09-11T16:36:53.431+0000][1][gc,age       ] GC(112) Desired survivor size 4358144 bytes, new threshold 6 (max threshold 6)
[2020-09-11T16:36:53.431+0000][1][gc,age       ] GC(112) Age table with threshold 6 (max threshold 6)
[2020-09-11T16:36:53.431+0000][1][gc,age       ] GC(112) - age   1:     183928 bytes,     183928 total
[2020-09-11T16:36:53.431+0000][1][gc,age       ] GC(112) - age   2:     227208 bytes,     411136 total
[2020-09-11T16:36:53.431+0000][1][gc,age       ] GC(112) - age   3:     289240 bytes,     700376 total
[2020-09-11T16:36:53.431+0000][1][gc,age       ] GC(112) - age   4:      12568 bytes,     712944 total
[2020-09-11T16:36:53.431+0000][1][gc,age       ] GC(112) - age   5:       9336 bytes,     722280 total
[2020-09-11T16:36:53.431+0000][1][gc,age       ] GC(112) - age   6:      28864 bytes,     751144 total
[2020-09-11T16:36:53.431+0000][1][gc,heap      ] GC(112) ParNew: 69121K->1257K(76672K)
[2020-09-11T16:36:53.431+0000][1][gc,heap      ] GC(112) CMS: 105752K->105760K(439104K)
[2020-09-11T16:36:53.431+0000][1][gc,metaspace ] GC(112) Metaspace: 95856K->95856K(1138688K)
[2020-09-11T16:36:53.432+0000][1][gc           ] GC(112) Pause Young (Allocation Failure) 170M->104M(503M) 9.560ms
[2020-09-11T16:36:53.432+0000][1][gc,cpu       ] GC(112) User=0.01s Sys=0.00s Real=0.00s
[2020-09-11T16:36:53.441+0000][1][safepoint    ] Safepoint "GenCollectForAllocation", Time since last: 358952774 ns, Reaching safepoint: 4594658 ns, At safepoint: 18818238 ns, Total: 23412896 ns
[2020-09-11T16:36:53.529+0000][1][safepoint    ] Safepoint "RevokeBias", Time since last: 88081974 ns, Reaching safepoint: 165534 ns, At safepoint: 23240 ns, Total: 188774 ns
[2020-09-11T16:36:53.529+0000][1][safepoint    ] Safepoint "RevokeBias", Time since last: 90638 ns, Reaching safepoint: 107638 ns, At safepoint: 14745 ns, Total: 122383 ns
[2020-09-11T16:36:53.601+0000][1][safepoint    ] Safepoint "RevokeBias", Time since last: 67969181 ns, Reaching safepoint: 3685440 ns, At safepoint: 234672 ns, Total: 3920112 ns
[2020-09-11T16:36:53.657+0000][1][safepoint    ] Safepoint "RevokeBias", Time since last: 55719919 ns, Reaching safepoint: 229062 ns, At safepoint: 24291 ns, Total: 253353 ns
[2020-09-11T16:36:53.716+0000][1][safepoint    ] Safepoint "RevokeBias", Time since last: 58522789 ns, Reaching safepoint: 104039 ns, At safepoint: 36003 ns, Total: 140042 ns
[2020-09-11T16:36:54.716+0000][1][safepoint    ] Safepoint "Cleanup", Time since last: 1000127296 ns, Reaching safepoint: 92357 ns, At safepoint: 12634 ns, Total: 104991 ns
[2020-09-11T16:36:55.716+0000][1][safepoint    ] Safepoint "Cleanup", Time since last: 1000116234 ns, Reaching safepoint: 96858 ns, At safepoint: 11913 ns, Total: 108771 ns
[2020-09-11T16:36:56.716+0000][1][safepoint    ] Safepoint "Cleanup", Time since last: 1000120428 ns, Reaching safepoint: 88060 ns, At safepoint: 11792 ns, Total: 99852 ns
[2020-09-11T16:36:57.717+0000][1][safepoint    ] Safepoint "Cleanup", Time since last: 1000124117 ns, Reaching safepoint: 92759 ns, At safepoint: 11708 ns, Total: 104467 ns
[2020-09-11T16:36:58.717+0000][1][safepoint    ] Safepoint "Cleanup", Time since last: 1000101430 ns, Reaching safepoint: 90062 ns, At safepoint: 12221 ns, Total: 102283 ns
[2020-09-11T16:36:59.717+0000][1][safepoint    ] Safepoint "Cleanup", Time since last: 1000114597 ns, Reaching safepoint: 87179 ns, At safepoint: 11536 ns, Total: 98715 ns
[2020-09-11T16:37:00.715+0000][1][safepoint    ] Safepoint "RevokeBias", Time since last: 997984667 ns, Reaching safepoint: 93892 ns, At safepoint: 23139 ns, Total: 117031 ns
[2020-09-11T16:37:00.857+0000][1][safepoint    ] Safepoint "RevokeBias", Time since last: 141390385 ns, Reaching safepoint: 95135 ns, At safepoint: 24033 ns, Total: 119168 ns
[2020-09-11T16:37:01.857+0000][1][safepoint    ] Safepoint "Cleanup", Time since last: 1000172907 ns, Reaching safepoint: 92786 ns, At safepoint: 9141 ns, Total: 101927 ns
[2020-09-11T16:37:02.857+0000][1][safepoint    ] Safepoint "Cleanup", Time since last: 1000117225 ns, Reaching safepoint: 108923 ns, At safepoint: 11375 ns, Total: 120298 ns
[2020-09-11T16:37:03.181+0000][1][safepoint    ] Safepoint "RevokeBias", Time since last: 323419587 ns, Reaching safepoint: 193247 ns, At safepoint: 45358 ns, Total: 238605 ns
[2020-09-11T16:37:03.690+0000][1][safepoint    ] Safepoint "RevokeBias", Time since last: 504018200 ns, Reaching safepoint: 5115605 ns, At safepoint: 301616 ns, Total: 5417221 ns
[2020-09-11T16:37:03.860+0000][1][safepoint    ] Safepoint "RevokeBias", Time since last: 169316567 ns, Reaching safepoint: 94610 ns, At safepoint: 24380 ns, Total: 118990 ns
[2020-09-11T16:37:04.860+0000][1][safepoint    ] Safepoint "Cleanup", Time since last: 1000104410 ns, Reaching safepoint: 85721 ns, At safepoint: 9950 ns, Total: 95671 ns
[2020-09-11T16:37:05.860+0000][1][safepoint    ] Safepoint "Cleanup", Time since last: 1000132599 ns, Reaching safepoint: 98123 ns, At safepoint: 9386 ns, Total: 107509 ns
[2020-09-11T16:37:06.860+0000][1][safepoint    ] Safepoint "Cleanup", Time since last: 1000116700 ns, Reaching safepoint: 86281 ns, At safepoint: 8641 ns, Total: 94922 ns
[2020-09-11T16:37:07.861+0000][1][safepoint    ] Safepoint "Cleanup", Time since last: 1000111537 ns, Reaching safepoint: 97718 ns, At safepoint: 11668 ns, Total: 109386 ns
[2020-09-11T16:37:08.861+0000][1][safepoint    ] Safepoint "Cleanup", Time since last: 1000150525 ns, Reaching safepoint: 88898 ns, At safepoint: 10942 ns, Total: 99840 ns
[2020-09-11T16:37:09.064+0000][1][safepoint    ] Safepoint "RevokeBias", Time since last: 203396161 ns, Reaching safepoint: 82243 ns, At safepoint: 21603 ns, Total: 103846 ns
[2020-09-11T16:37:10.065+0000][1][safepoint    ] Safepoint "Cleanup", Time since last: 1000109376 ns, Reaching safepoint: 79034 ns, At safepoint: 7209 ns, Total: 86243 ns
[2020-09-11T16:37:10.726+0000][1][safepoint    ] Safepoint "RevokeBias", Time since last: 661764451 ns, Reaching safepoint: 93178 ns, At safepoint: 22694 ns, Total: 115872 ns
[2020-09-11T16:37:10.862+0000][1][safepoint    ] Safepoint "RevokeBias", Time since last: 135507688 ns, Reaching safepoint: 173718 ns, At safepoint: 24082 ns, Total: 197800 ns
[2020-09-11T16:37:11.558+0000][1][safepoint    ] Safepoint "RevokeBias", Time since last: 696180136 ns, Reaching safepoint: 92297 ns, At safepoint: 27567 ns, Total: 119864 ns
[2020-09-11T16:37:12.559+0000][1][safepoint    ] Safepoint "Cleanup", Time since last: 1000125385 ns, Reaching safepoint: 87319 ns, At safepoint: 11996 ns, Total: 99315 ns
[2020-09-11T16:37:13.481+0000][1][gc,start     ] GC(113) Pause Young (Allocation Failure)
[2020-09-11T16:37:13.481+0000][1][gc,task      ] GC(113) Using 1 workers of 1 for evacuation
[2020-09-11T16:37:13.488+0000][1][gc,age       ] GC(113) Desired survivor size 4358144 bytes, new threshold 6 (max threshold 6)
[2020-09-11T16:37:13.488+0000][1][gc,age       ] GC(113) Age table with threshold 6 (max threshold 6)
[2020-09-11T16:37:13.488+0000][1][gc,age       ] GC(113) - age   1:     789352 bytes,     789352 total
[2020-09-11T16:37:13.488+0000][1][gc,age       ] GC(113) - age   2:      22192 bytes,     811544 total
[2020-09-11T16:37:13.488+0000][1][gc,age       ] GC(113) - age   3:     223816 bytes,    1035360 total
[2020-09-11T16:37:13.488+0000][1][gc,age       ] GC(113) - age   4:      38952 bytes,    1074312 total
[2020-09-11T16:37:13.488+0000][1][gc,age       ] GC(113) - age   5:       8728 bytes,    1083040 total
[2020-09-11T16:37:13.488+0000][1][gc,age       ] GC(113) - age   6:       9336 bytes,    1092376 total
[2020-09-11T16:37:13.488+0000][1][gc,heap      ] GC(113) ParNew: 69417K->1296K(76672K)
[2020-09-11T16:37:13.488+0000][1][gc,heap      ] GC(113) CMS: 105760K->105788K(439104K)
[2020-09-11T16:37:13.488+0000][1][gc,metaspace ] GC(113) Metaspace: 95876K->95876K(1138688K)
[2020-09-11T16:37:13.488+0000][1][gc           ] GC(113) Pause Young (Allocation Failure) 171M->104M(503M) 7.403ms
[2020-09-11T16:37:13.488+0000][1][gc,cpu       ] GC(113) User=0.01s Sys=0.00s Real=0.00s
[2020-09-11T16:37:13.502+0000][1][safepoint    ] Safepoint "GenCollectForAllocation", Time since last: 919381089 ns, Reaching safepoint: 2777088 ns, At safepoint: 20731423 ns, Total: 23508511 ns
[2020-09-11T16:37:13.594+0000][1][safepoint    ] Safepoint "RevokeBias", Time since last: 92470512 ns, Reaching safepoint: 221358 ns, At safepoint: 229730 ns, Total: 451088 ns
[2020-09-11T16:37:13.830+0000][1][safepoint    ] Safepoint "RevokeBias", Time since last: 235062613 ns, Reaching safepoint: 101084 ns, At safepoint: 24623 ns, Total: 125707 ns
[2020-09-11T16:37:14.678+0000][1][safepoint    ] Safepoint "RevokeBias", Time since last: 848328117 ns, Reaching safepoint: 166931 ns, At safepoint: 28762 ns, Total: 195693 ns
[2020-09-11T16:37:15.678+0000][1][safepoint    ] Safepoint "Cleanup", Time since last: 1000116995 ns, Reaching safepoint: 90571 ns, At safepoint: 8683 ns, Total: 99254 ns
[2020-09-11T16:37:16.679+0000][1][safepoint    ] Safepoint "Cleanup", Time since last: 1000136936 ns, Reaching safepoint: 89187 ns, At safepoint: 11651 ns, Total: 100838 ns
[2020-09-11T16:37:16.747+0000][1][safepoint    ] Safepoint "RevokeBias", Time since last: 67737658 ns, Reaching safepoint: 180212 ns, At safepoint: 29073 ns, Total: 209285 ns
[2020-09-11T16:37:17.747+0000][1][safepoint    ] Safepoint "Cleanup", Time since last: 1000122346 ns, Reaching safepoint: 86066 ns, At safepoint: 10909 ns, Total: 96975 ns
[2020-09-11T16:37:18.747+0000][1][safepoint    ] Safepoint "Cleanup", Time since last: 1000111866 ns, Reaching safepoint: 87651 ns, At safepoint: 10840 ns, Total: 98491 ns
[2020-09-11T16:37:19.097+0000][1][safepoint    ] Safepoint "RevokeBias", Time since last: 349377620 ns, Reaching safepoint: 165643 ns, At safepoint: 22718 ns, Total: 188361 ns
[2020-09-11T16:37:20.097+0000][1][safepoint    ] Safepoint "Cleanup", Time since last: 1000108675 ns, Reaching safepoint: 102867 ns, At safepoint: 7314 ns, Total: 110181 ns
[2020-09-11T16:37:21.097+0000][1][safepoint    ] Safepoint "Cleanup", Time since last: 1000114670 ns, Reaching safepoint: 130357 ns, At safepoint: 8548 ns, Total: 138905 ns
[2020-09-11T16:37:21.499+0000][1][safepoint    ] Safepoint "RevokeBias", Time since last: 401337361 ns, Reaching safepoint: 133174 ns, At safepoint: 232749 ns, Total: 365923 ns
[2020-09-11T16:37:22.499+0000][1][safepoint    ] Safepoint "Cleanup", Time since last: 1000119600 ns, Reaching safepoint: 143801 ns, At safepoint: 8828 ns, Total: 152629 ns
[2020-09-11T16:37:23.503+0000][1][safepoint    ] Safepoint "Cleanup", Time since last: 1001721282 ns, Reaching safepoint: 2330606 ns, At safepoint: 9830 ns, Total: 2340436 ns
[2020-09-11T16:37:23.779+0000][1][safepoint    ] Safepoint "RevokeBias", Time since last: 275896295 ns, Reaching safepoint: 135382 ns, At safepoint: 44686 ns, Total: 180068 ns
[2020-09-11T16:37:23.786+0000][1][safepoint    ] Safepoint "RevokeBias", Time since last: 6206978 ns, Reaching safepoint: 291867 ns, At safepoint: 31290 ns, Total: 323157 ns
[2020-09-11T16:37:23.999+0000][1][safepoint    ] Safepoint "RevokeBias", Time since last: 213141857 ns, Reaching safepoint: 98742 ns, At safepoint: 22306 ns, Total: 121048 ns
[2020-09-11T16:37:24.999+0000][1][safepoint    ] Safepoint "Cleanup", Time since last: 1000106725 ns, Reaching safepoint: 91286 ns, At safepoint: 7129 ns, Total: 98415 ns
[2020-09-11T16:37:25.999+0000][1][safepoint    ] Safepoint "Cleanup", Time since last: 1000107038 ns, Reaching safepoint: 85369 ns, At safepoint: 7268 ns, Total: 92637 ns
[2020-09-11T16:37:27.300+0000][1][safepoint    ] Safepoint "Cleanup", Time since last: 1300563201 ns, Reaching safepoint: 86971 ns, At safepoint: 8358 ns, Total: 95329 ns
[2020-09-11T16:37:28.300+0000][1][safepoint    ] Safepoint "Cleanup", Time since last: 1000116518 ns, Reaching safepoint: 89818 ns, At safepoint: 9794 ns, Total: 99612 ns
[2020-09-11T16:37:29.300+0000][1][safepoint    ] Safepoint "Cleanup", Time since last: 1000113851 ns, Reaching safepoint: 85292 ns, At safepoint: 7839 ns, Total: 93131 ns
[2020-09-11T16:37:30.301+0000][1][safepoint    ] Safepoint "Cleanup", Time since last: 1000127241 ns, Reaching safepoint: 88711 ns, At safepoint: 8631 ns, Total: 97342 ns
[2020-09-11T16:37:30.736+0000][1][safepoint    ] Safepoint "RevokeBias", Time since last: 435238707 ns, Reaching safepoint: 171452 ns, At safepoint: 24401 ns, Total: 195853 ns
[2020-09-11T16:37:30.900+0000][1][safepoint    ] Safepoint "RevokeBias", Time since last: 163525933 ns, Reaching safepoint: 97138 ns, At safepoint: 23341 ns, Total: 120479 ns
[2020-09-11T16:37:31.900+0000][1][safepoint    ] Safepoint "Cleanup", Time since last: 1000110561 ns, Reaching safepoint: 96495 ns, At safepoint: 10987 ns, Total: 107482 ns
[2020-09-11T16:37:32.900+0000][1][safepoint    ] Safepoint "Cleanup", Time since last: 1000110393 ns, Reaching safepoint: 94889 ns, At safepoint: 11161 ns, Total: 106050 ns
[2020-09-11T16:37:33.459+0000][1][gc,start     ] GC(114) Pause Young (Allocation Failure)
[2020-09-11T16:37:33.459+0000][1][gc,task      ] GC(114) Using 1 workers of 1 for evacuation
[2020-09-11T16:37:33.469+0000][1][gc,age       ] GC(114) Desired survivor size 4358144 bytes, new threshold 6 (max threshold 6)
[2020-09-11T16:37:33.469+0000][1][gc,age       ] GC(114) Age table with threshold 6 (max threshold 6)
[2020-09-11T16:37:33.469+0000][1][gc,age       ] GC(114) - age   1:     521544 bytes,     521544 total
[2020-09-11T16:37:33.469+0000][1][gc,age       ] GC(114) - age   2:     313776 bytes,     835320 total
[2020-09-11T16:37:33.469+0000][1][gc,age       ] GC(114) - age   3:      15456 bytes,     850776 total
[2020-09-11T16:37:33.469+0000][1][gc,age       ] GC(114) - age   4:     173424 bytes,    1024200 total
[2020-09-11T16:37:33.469+0000][1][gc,age       ] GC(114) - age   5:       7864 bytes,    1032064 total
[2020-09-11T16:37:33.469+0000][1][gc,age       ] GC(114) - age   6:       8728 bytes,    1040792 total
[2020-09-11T16:37:33.469+0000][1][gc,heap      ] GC(114) ParNew: 69456K->1816K(76672K)
[2020-09-11T16:37:33.469+0000][1][gc,heap      ] GC(114) CMS: 105788K->105797K(439104K)
[2020-09-11T16:37:33.469+0000][1][gc,metaspace ] GC(114) Metaspace: 95907K->95907K(1138688K)
[2020-09-11T16:37:33.469+0000][1][gc           ] GC(114) Pause Young (Allocation Failure) 171M->105M(503M) 9.478ms
[2020-09-11T16:37:33.473+0000][1][gc,cpu       ] GC(114) User=0.01s Sys=0.00s Real=0.01s
[2020-09-11T16:37:33.493+0000][1][safepoint    ] Safepoint "GenCollectForAllocation", Time since last: 558761902 ns, Reaching safepoint: 259732 ns, At safepoint: 33556680 ns, Total: 33816412 ns
[2020-09-11T16:37:33.607+0000][1][safepoint    ] Safepoint "RevokeBias", Time since last: 113441004 ns, Reaching safepoint: 386854 ns, At safepoint: 293663 ns, Total: 680517 ns
[2020-09-11T16:37:33.803+0000][1][safepoint    ] Safepoint "RevokeBias", Time since last: 196281196 ns, Reaching safepoint: 101454 ns, At safepoint: 23494 ns, Total: 124948 ns
[2020-09-11T16:37:34.804+0000][1][safepoint    ] Safepoint "Cleanup", Time since last: 1000114544 ns, Reaching safepoint: 89299 ns, At safepoint: 8604 ns, Total: 97903 ns
[2020-09-11T16:37:35.804+0000][1][safepoint    ] Safepoint "Cleanup", Time since last: 1000117047 ns, Reaching safepoint: 109529 ns, At safepoint: 11462 ns, Total: 120991 ns
[2020-09-11T16:37:37.552+0000][1][safepoint    ] Safepoint "Cleanup", Time since last: 1747701895 ns, Reaching safepoint: 87902 ns, At safepoint: 8359 ns, Total: 96261 ns
[2020-09-11T16:37:38.552+0000][1][safepoint    ] Safepoint "Cleanup", Time since last: 1000111273 ns, Reaching safepoint: 89707 ns, At safepoint: 10389 ns, Total: 100096 ns
[2020-09-11T16:37:39.552+0000][1][safepoint    ] Safepoint "Cleanup", Time since last: 1000111643 ns, Reaching safepoint: 86608 ns, At safepoint: 8179 ns, Total: 94787 ns
[2020-09-11T16:37:40.552+0000][1][safepoint    ] Safepoint "Cleanup", Time since last: 1000123020 ns, Reaching safepoint: 87448 ns, At safepoint: 8461 ns, Total: 95909 ns
[2020-09-11T16:37:40.739+0000][1][safepoint    ] Safepoint "RevokeBias", Time since last: 186638013 ns, Reaching safepoint: 171219 ns, At safepoint: 41271 ns, Total: 212490 ns
[2020-09-11T16:37:40.862+0000][1][safepoint    ] Safepoint "BulkRevokeBias", Time since last: 122659796 ns, Reaching safepoint: 168869 ns, At safepoint: 240753 ns, Total: 409622 ns
[2020-09-11T16:37:41.862+0000][1][safepoint    ] Safepoint "Cleanup", Time since last: 1000108877 ns, Reaching safepoint: 85945 ns, At safepoint: 8358 ns, Total: 94303 ns
[2020-09-11T16:37:42.863+0000][1][safepoint    ] Safepoint "Cleanup", Time since last: 1000109741 ns, Reaching safepoint: 86649 ns, At safepoint: 10982 ns, Total: 97631 ns
[2020-09-11T16:37:43.598+0000][1][safepoint    ] Safepoint "BulkRevokeBias", Time since last: 730496717 ns, Reaching safepoint: 3893015 ns, At safepoint: 774494 ns, Total: 4667509 ns
[2020-09-11T16:37:43.649+0000][1][safepoint    ] Safepoint "RevokeBias", Time since last: 49599112 ns, Reaching safepoint: 1552230 ns, At safepoint: 32286 ns, Total: 1584516 ns
[2020-09-11T16:37:43.774+0000][1][safepoint    ] Safepoint "RevokeBias", Time since last: 125334716 ns, Reaching safepoint: 101904 ns, At safepoint: 24551 ns, Total: 126455 ns
[2020-09-11T16:37:44.775+0000][1][safepoint    ] Safepoint "Cleanup", Time since last: 1000115473 ns, Reaching safepoint: 90865 ns, At safepoint: 12055 ns, Total: 102920 ns
[2020-09-11T16:37:45.775+0000][1][safepoint    ] Safepoint "Cleanup", Time since last: 1000112649 ns, Reaching safepoint: 92364 ns, At safepoint: 11221 ns, Total: 103585 ns
[2020-09-11T16:37:46.775+0000][1][safepoint    ] Safepoint "Cleanup", Time since last: 1000113650 ns, Reaching safepoint: 91230 ns, At safepoint: 8418 ns, Total: 99648 ns
[2020-09-11T16:37:47.775+0000][1][safepoint    ] Safepoint "Cleanup", Time since last: 1000108483 ns, Reaching safepoint: 98808 ns, At safepoint: 14063 ns, Total: 112871 ns
[2020-09-11T16:37:48.775+0000][1][safepoint    ] Safepoint "Cleanup", Time since last: 1000125802 ns, Reaching safepoint: 85379 ns, At safepoint: 11888 ns, Total: 97267 ns
[2020-09-11T16:37:49.776+0000][1][safepoint    ] Safepoint "Cleanup", Time since last: 1000117211 ns, Reaching safepoint: 96295 ns, At safepoint: 11169 ns, Total: 107464 ns
[2020-09-11T16:37:50.713+0000][1][safepoint    ] Safepoint "RevokeBias", Time since last: 937568543 ns, Reaching safepoint: 208063 ns, At safepoint: 22361 ns, Total: 230424 ns
[2020-09-11T16:37:50.862+0000][1][safepoint    ] Safepoint "RevokeBias", Time since last: 148580046 ns, Reaching safepoint: 173816 ns, At safepoint: 25042 ns, Total: 198858 ns
[2020-09-11T16:37:51.862+0000][1][safepoint    ] Safepoint "Cleanup", Time since last: 1000114223 ns, Reaching safepoint: 80324 ns, At safepoint: 8728 ns, Total: 89052 ns
[2020-09-11T16:37:52.863+0000][1][safepoint    ] Safepoint "Cleanup", Time since last: 1000112869 ns, Reaching safepoint: 95152 ns, At safepoint: 12354 ns, Total: 107506 ns
[2020-09-11T16:37:53.504+0000][1][gc,start     ] GC(115) Pause Young (Allocation Failure)
[2020-09-11T16:37:53.504+0000][1][gc,task      ] GC(115) Using 1 workers of 1 for evacuation
[2020-09-11T16:37:53.512+0000][1][gc,age       ] GC(115) Desired survivor size 4358144 bytes, new threshold 6 (max threshold 6)
[2020-09-11T16:37:53.512+0000][1][gc,age       ] GC(115) Age table with threshold 6 (max threshold 6)
[2020-09-11T16:37:53.512+0000][1][gc,age       ] GC(115) - age   1:     565192 bytes,     565192 total
[2020-09-11T16:37:53.512+0000][1][gc,age       ] GC(115) - age   2:     126672 bytes,     691864 total
[2020-09-11T16:37:53.512+0000][1][gc,age       ] GC(115) - age   3:     294264 bytes,     986128 total
[2020-09-11T16:37:53.512+0000][1][gc,age       ] GC(115) - age   4:      11768 bytes,     997896 total
[2020-09-11T16:37:53.512+0000][1][gc,age       ] GC(115) - age   5:     140784 bytes,    1138680 total
[2020-09-11T16:37:53.512+0000][1][gc,age       ] GC(115) - age   6:       7864 bytes,    1146544 total
[2020-09-11T16:37:53.512+0000][1][gc,heap      ] GC(115) ParNew: 69976K->1216K(76672K)
[2020-09-11T16:37:53.512+0000][1][gc,heap      ] GC(115) CMS: 105797K->105806K(439104K)
[2020-09-11T16:37:53.512+0000][1][gc,metaspace ] GC(115) Metaspace: 95937K->95937K(1138688K)
[2020-09-11T16:37:53.512+0000][1][gc           ] GC(115) Pause Young (Allocation Failure) 171M->104M(503M) 7.958ms
[2020-09-11T16:37:53.512+0000][1][gc,cpu       ] GC(115) User=0.01s Sys=0.00s Real=0.00s
[2020-09-11T16:37:53.517+0000][1][safepoint    ] Safepoint "GenCollectForAllocation", Time since last: 641147135 ns, Reaching safepoint: 163007 ns, At safepoint: 12947888 ns, Total: 13110895 ns
[2020-09-11T16:37:53.577+0000][1][safepoint    ] Safepoint "RevokeBias", Time since last: 57532451 ns, Reaching safepoint: 2085296 ns, At safepoint: 291363 ns, Total: 2376659 ns
[2020-09-11T16:37:53.733+0000][1][safepoint    ] Safepoint "RevokeBias", Time since last: 156189642 ns, Reaching safepoint: 104283 ns, At safepoint: 22978 ns, Total: 127261 ns
[2020-09-11T16:37:54.733+0000][1][safepoint    ] Safepoint "Cleanup", Time since last: 1000111738 ns, Reaching safepoint: 90897 ns, At safepoint: 10648 ns, Total: 101545 ns
[2020-09-11T16:37:55.734+0000][1][safepoint    ] Safepoint "Cleanup", Time since last: 1000125808 ns, Reaching safepoint: 95752 ns, At safepoint: 11006 ns, Total: 106758 ns
[2020-09-11T16:37:56.734+0000][1][safepoint    ] Safepoint "Cleanup", Time since last: 1000116299 ns, Reaching safepoint: 86251 ns, At safepoint: 7971 ns, Total: 94222 ns
[2020-09-11T16:37:57.734+0000][1][safepoint    ] Safepoint "Cleanup", Time since last: 1000110663 ns, Reaching safepoint: 89150 ns, At safepoint: 11084 ns, Total: 100234 ns
[2020-09-11T16:37:58.734+0000][1][safepoint    ] Safepoint "Cleanup", Time since last: 1000112934 ns, Reaching safepoint: 87808 ns, At safepoint: 8659 ns, Total: 96467 ns
[2020-09-11T16:37:59.734+0000][1][safepoint    ] Safepoint "Cleanup", Time since last: 1000112387 ns, Reaching safepoint: 86475 ns, At safepoint: 11269 ns, Total: 97744 ns
[2020-09-11T16:38:00.714+0000][1][safepoint    ] Safepoint "RevokeBias", Time since last: 979789608 ns, Reaching safepoint: 96410 ns, At safepoint: 23757 ns, Total: 120167 ns
[2020-09-11T16:38:00.910+0000][1][safepoint    ] Safepoint "RevokeBias", Time since last: 195726821 ns, Reaching safepoint: 93658 ns, At safepoint: 23259 ns, Total: 116917 ns
[2020-09-11T16:38:01.913+0000][1][safepoint    ] Safepoint "Cleanup", Time since last: 1002659520 ns, Reaching safepoint: 116311 ns, At safepoint: 9665 ns, Total: 125976 ns
[2020-09-11T16:38:02.913+0000][1][safepoint    ] Safepoint "Cleanup", Time since last: 1000112086 ns, Reaching safepoint: 90982 ns, At safepoint: 8255 ns, Total: 99237 ns
[2020-09-11T16:38:03.658+0000][1][safepoint    ] Safepoint "RevokeBias", Time since last: 743999354 ns, Reaching safepoint: 239141 ns, At safepoint: 243700 ns, Total: 482841 ns
[2020-09-11T16:38:03.815+0000][1][safepoint    ] Safepoint "RevokeBias", Time since last: 156752423 ns, Reaching safepoint: 102258 ns, At safepoint: 24422 ns, Total: 126680 ns
[2020-09-11T16:38:04.815+0000][1][safepoint    ] Safepoint "Cleanup", Time since last: 1000102683 ns, Reaching safepoint: 85087 ns, At safepoint: 8230 ns, Total: 93317 ns
[2020-09-11T16:38:05.815+0000][1][safepoint    ] Safepoint "Cleanup", Time since last: 1000111608 ns, Reaching safepoint: 88549 ns, At safepoint: 11092 ns, Total: 99641 ns
[2020-09-11T16:38:06.815+0000][1][safepoint    ] Safepoint "Cleanup", Time since last: 1000110861 ns, Reaching safepoint: 106120 ns, At safepoint: 7881 ns, Total: 114001 ns
[2020-09-11T16:38:07.815+0000][1][safepoint    ] Safepoint "Cleanup", Time since last: 1000099143 ns, Reaching safepoint: 92953 ns, At safepoint: 8500 ns, Total: 101453 ns
[2020-09-11T16:38:08.816+0000][1][safepoint    ] Safepoint "Cleanup", Time since last: 1000117639 ns, Reaching safepoint: 87092 ns, At safepoint: 8605 ns, Total: 95697 ns
[2020-09-11T16:38:09.816+0000][1][safepoint    ] Safepoint "Cleanup", Time since last: 1000114929 ns, Reaching safepoint: 89319 ns, At safepoint: 11221 ns, Total: 100540 ns
[2020-09-11T16:38:10.714+0000][1][safepoint    ] Safepoint "RevokeBias", Time since last: 898118916 ns, Reaching safepoint: 92878 ns, At safepoint: 24252 ns, Total: 117130 ns
[2020-09-11T16:38:10.896+0000][1][safepoint    ] Safepoint "RevokeBias", Time since last: 181970611 ns, Reaching safepoint: 173304 ns, At safepoint: 25044 ns, Total: 198348 ns
[2020-09-11T16:38:11.896+0000][1][safepoint    ] Safepoint "Cleanup", Time since last: 1000108306 ns, Reaching safepoint: 88303 ns, At safepoint: 9845 ns, Total: 98148 ns
[2020-09-11T16:38:12.897+0000][1][safepoint    ] Safepoint "Cleanup", Time since last: 1000113246 ns, Reaching safepoint: 84149 ns, At safepoint: 7261 ns, Total: 91410 ns
[2020-09-11T16:38:13.657+0000][1][safepoint    ] Safepoint "RevokeBias", Time since last: 758436191 ns, Reaching safepoint: 1974129 ns, At safepoint: 237825 ns, Total: 2211954 ns
[2020-09-11T16:38:13.661+0000][1][gc,start     ] GC(116) Pause Young (Allocation Failure)
[2020-09-11T16:38:13.661+0000][1][gc,task      ] GC(116) Using 1 workers of 1 for evacuation
[2020-09-11T16:38:13.671+0000][1][gc,age       ] GC(116) Desired survivor size 4358144 bytes, new threshold 6 (max threshold 6)
[2020-09-11T16:38:13.671+0000][1][gc,age       ] GC(116) Age table with threshold 6 (max threshold 6)
[2020-09-11T16:38:13.671+0000][1][gc,age       ] GC(116) - age   1:     854080 bytes,     854080 total
[2020-09-11T16:38:13.671+0000][1][gc,age       ] GC(116) - age   2:      73864 bytes,     927944 total
[2020-09-11T16:38:13.671+0000][1][gc,age       ] GC(116) - age   3:     123376 bytes,    1051320 total
[2020-09-11T16:38:13.671+0000][1][gc,age       ] GC(116) - age   4:      92824 bytes,    1144144 total
[2020-09-11T16:38:13.671+0000][1][gc,age       ] GC(116) - age   5:       9608 bytes,    1153752 total
[2020-09-11T16:38:13.671+0000][1][gc,age       ] GC(116) - age   6:     106656 bytes,    1260408 total
[2020-09-11T16:38:13.671+0000][1][gc,heap      ] GC(116) ParNew: 69376K->1983K(76672K)
[2020-09-11T16:38:13.671+0000][1][gc,heap      ] GC(116) CMS: 105806K->105814K(439104K)
[2020-09-11T16:38:13.671+0000][1][gc,metaspace ] GC(116) Metaspace: 95984K->95984K(1138688K)
[2020-09-11T16:38:13.672+0000][1][gc           ] GC(116) Pause Young (Allocation Failure) 171M->105M(503M) 10.616ms
[2020-09-11T16:38:13.672+0000][1][gc,cpu       ] GC(116) User=0.01s Sys=0.00s Real=0.00s
[2020-09-11T16:38:13.672+0000][1][safepoint    ] Safepoint "GenCollectForAllocation", Time since last: 988493 ns, Reaching safepoint: 2633337 ns, At safepoint: 11201508 ns, Total: 13834845 ns
[2020-09-11T16:38:13.865+0000][1][safepoint    ] Safepoint "RevokeBias", Time since last: 193103779 ns, Reaching safepoint: 92607 ns, At safepoint: 24223 ns, Total: 116830 ns
[2020-09-11T16:38:14.866+0000][1][safepoint    ] Safepoint "Cleanup", Time since last: 1000110524 ns, Reaching safepoint: 84960 ns, At safepoint: 7803 ns, Total: 92763 ns
[2020-09-11T16:38:15.866+0000][1][safepoint    ] Safepoint "Cleanup", Time since last: 1000109353 ns, Reaching safepoint: 88111 ns, At safepoint: 10886 ns, Total: 98997 ns
[2020-09-11T16:38:16.866+0000][1][safepoint    ] Safepoint "Cleanup", Time since last: 1000109768 ns, Reaching safepoint: 93129 ns, At safepoint: 8845 ns, Total: 101974 ns
[2020-09-11T16:38:17.866+0000][1][safepoint    ] Safepoint "Cleanup", Time since last: 1000126696 ns, Reaching safepoint: 84798 ns, At safepoint: 11907 ns, Total: 96705 ns
[2020-09-11T16:38:18.866+0000][1][safepoint    ] Safepoint "Cleanup", Time since last: 1000112755 ns, Reaching safepoint: 86056 ns, At safepoint: 8415 ns, Total: 94471 ns
[2020-09-11T16:38:19.867+0000][1][safepoint    ] Safepoint "Cleanup", Time since last: 1000114169 ns, Reaching safepoint: 95113 ns, At safepoint: 12744 ns, Total: 107857 ns
[2020-09-11T16:38:20.790+0000][1][safepoint    ] Safepoint "RevokeBias", Time since last: 922898886 ns, Reaching safepoint: 92661 ns, At safepoint: 23336 ns, Total: 115997 ns
[2020-09-11T16:38:20.855+0000][1][safepoint    ] Safepoint "RevokeBias", Time since last: 64766353 ns, Reaching safepoint: 171441 ns, At safepoint: 24091 ns, Total: 195532 ns
[2020-09-11T16:38:21.855+0000][1][safepoint    ] Safepoint "Cleanup", Time since last: 1000099666 ns, Reaching safepoint: 82080 ns, At safepoint: 7101 ns, Total: 89181 ns
[2020-09-11T16:38:22.855+0000][1][safepoint    ] Safepoint "Cleanup", Time since last: 1000113364 ns, Reaching safepoint: 87142 ns, At safepoint: 9120 ns, Total: 96262 ns
[2020-09-11T16:38:23.551+0000][1][safepoint    ] Safepoint "RevokeBias", Time since last: 695936695 ns, Reaching safepoint: 263860 ns, At safepoint: 260127 ns, Total: 523987 ns
[2020-09-11T16:38:23.711+0000][1][safepoint    ] Safepoint "RevokeBias", Time since last: 159161800 ns, Reaching safepoint: 99877 ns, At safepoint: 24362 ns, Total: 124239 ns
[2020-09-11T16:38:24.711+0000][1][safepoint    ] Safepoint "Cleanup", Time since last: 1000109466 ns, Reaching safepoint: 86498 ns, At safepoint: 8373 ns, Total: 94871 ns
[2020-09-11T16:38:25.711+0000][1][safepoint    ] Safepoint "Cleanup", Time since last: 1000114778 ns, Reaching safepoint: 87964 ns, At safepoint: 11753 ns, Total: 99717 ns
[2020-09-11T16:38:26.713+0000][1][safepoint    ] Safepoint "Cleanup", Time since last: 1001805951 ns, Reaching safepoint: 100372 ns, At safepoint: 11194 ns, Total: 111566 ns
[2020-09-11T16:38:27.713+0000][1][safepoint    ] Safepoint "Cleanup", Time since last: 1000135852 ns, Reaching safepoint: 88371 ns, At safepoint: 11461 ns, Total: 99832 ns
[2020-09-11T16:38:28.713+0000][1][safepoint    ] Safepoint "Cleanup", Time since last: 1000113495 ns, Reaching safepoint: 86807 ns, At safepoint: 10459 ns, Total: 97266 ns
[2020-09-11T16:38:29.714+0000][1][safepoint    ] Safepoint "Cleanup", Time since last: 1000113412 ns, Reaching safepoint: 94167 ns, At safepoint: 11637 ns, Total: 105804 ns
[2020-09-11T16:38:30.714+0000][1][safepoint    ] Safepoint "Cleanup", Time since last: 1000109859 ns, Reaching safepoint: 130815 ns, At safepoint: 8607 ns, Total: 139422 ns
[2020-09-11T16:38:30.723+0000][1][safepoint    ] Safepoint "RevokeBias", Time since last: 9111753 ns, Reaching safepoint: 166783 ns, At safepoint: 23412 ns, Total: 190195 ns
[2020-09-11T16:38:30.931+0000][1][safepoint    ] Safepoint "RevokeBias", Time since last: 207506813 ns, Reaching safepoint: 170314 ns, At safepoint: 24368 ns, Total: 194682 ns
[2020-09-11T16:38:31.931+0000][1][safepoint    ] Safepoint "Cleanup", Time since last: 1000111398 ns, Reaching safepoint: 84682 ns, At safepoint: 7978 ns, Total: 92660 ns
[2020-09-11T16:38:32.931+0000][1][safepoint    ] Safepoint "Cleanup", Time since last: 1000107008 ns, Reaching safepoint: 87321 ns, At safepoint: 9982 ns, Total: 97303 ns
[2020-09-11T16:38:33.565+0000][1][safepoint    ] Safepoint "RevokeBias", Time since last: 631841572 ns, Reaching safepoint: 1703537 ns, At safepoint: 259073 ns, Total: 1962610 ns
[2020-09-11T16:38:33.581+0000][1][gc,start     ] GC(117) Pause Young (Allocation Failure)
[2020-09-11T16:38:33.581+0000][1][gc,task      ] GC(117) Using 1 workers of 1 for evacuation
[2020-09-11T16:38:33.592+0000][1][gc,age       ] GC(117) Desired survivor size 4358144 bytes, new threshold 6 (max threshold 6)
[2020-09-11T16:38:33.592+0000][1][gc,age       ] GC(117) Age table with threshold 6 (max threshold 6)
[2020-09-11T16:38:33.592+0000][1][gc,age       ] GC(117) - age   1:     730176 bytes,     730176 total
[2020-09-11T16:38:33.592+0000][1][gc,age       ] GC(117) - age   2:     295048 bytes,    1025224 total
[2020-09-11T16:38:33.592+0000][1][gc,age       ] GC(117) - age   3:      67048 bytes,    1092272 total
[2020-09-11T16:38:33.592+0000][1][gc,age       ] GC(117) - age   4:      68664 bytes,    1160936 total
[2020-09-11T16:38:33.592+0000][1][gc,age       ] GC(117) - age   5:       7856 bytes,    1168792 total
[2020-09-11T16:38:33.592+0000][1][gc,age       ] GC(117) - age   6:       7112 bytes,    1175904 total
[2020-09-11T16:38:33.592+0000][1][gc,heap      ] GC(117) ParNew: 70143K->1171K(76672K)
[2020-09-11T16:38:33.592+0000][1][gc,heap      ] GC(117) CMS: 105814K->105918K(439104K)
[2020-09-11T16:38:33.592+0000][1][gc,metaspace ] GC(117) Metaspace: 96010K->96010K(1138688K)
[2020-09-11T16:38:33.592+0000][1][gc           ] GC(117) Pause Young (Allocation Failure) 171M->104M(503M) 10.401ms
[2020-09-11T16:38:33.592+0000][1][gc,cpu       ] GC(117) User=0.00s Sys=0.00s Real=0.00s
[2020-09-11T16:38:33.592+0000][1][safepoint    ] Safepoint "GenCollectForAllocation", Time since last: 16036681 ns, Reaching safepoint: 184703 ns, At safepoint: 10525959 ns, Total: 10710662 ns
[2020-09-11T16:38:33.708+0000][1][safepoint    ] Safepoint "RevokeBias", Time since last: 115593073 ns, Reaching safepoint: 101894 ns, At safepoint: 23397 ns, Total: 125291 ns
[2020-09-11T16:38:34.708+0000][1][safepoint    ] Safepoint "Cleanup", Time since last: 1000108774 ns, Reaching safepoint: 87496 ns, At safepoint: 11671 ns, Total: 99167 ns
[2020-09-11T16:38:35.708+0000][1][safepoint    ] Safepoint "Cleanup", Time since last: 1000110555 ns, Reaching safepoint: 86710 ns, At safepoint: 8303 ns, Total: 95013 ns
[2020-09-11T16:38:36.708+0000][1][safepoint    ] Safepoint "Cleanup", Time since last: 1000112736 ns, Reaching safepoint: 87216 ns, At safepoint: 11154 ns, Total: 98370 ns
[2020-09-11T16:38:37.709+0000][1][safepoint    ] Safepoint "Cleanup", Time since last: 1000128182 ns, Reaching safepoint: 118039 ns, At safepoint: 9316 ns, Total: 127355 ns
[2020-09-11T16:38:38.709+0000][1][safepoint    ] Safepoint "Cleanup", Time since last: 1000112017 ns, Reaching safepoint: 86206 ns, At safepoint: 11176 ns, Total: 97382 ns
[2020-09-11T16:38:39.709+0000][1][safepoint    ] Safepoint "Cleanup", Time since last: 1000135406 ns, Reaching safepoint: 88840 ns, At safepoint: 8357 ns, Total: 97197 ns
[2020-09-11T16:38:40.709+0000][1][safepoint    ] Safepoint "Cleanup", Time since last: 1000110448 ns, Reaching safepoint: 136485 ns, At safepoint: 12172 ns, Total: 148657 ns
[2020-09-11T16:38:40.741+0000][1][safepoint    ] Safepoint "RevokeBias", Time since last: 31766730 ns, Reaching safepoint: 94764 ns, At safepoint: 25427 ns, Total: 120191 ns
[2020-09-11T16:38:40.854+0000][1][safepoint    ] Safepoint "RevokeBias", Time since last: 112954698 ns, Reaching safepoint: 95801 ns, At safepoint: 23208 ns, Total: 119009 ns
[2020-09-11T16:38:41.854+0000][1][safepoint    ] Safepoint "Cleanup", Time since last: 1000107344 ns, Reaching safepoint: 88598 ns, At safepoint: 11089 ns, Total: 99687 ns
[2020-09-11T16:38:42.855+0000][1][safepoint    ] Safepoint "Cleanup", Time since last: 1000113883 ns, Reaching safepoint: 88040 ns, At safepoint: 11344 ns, Total: 99384 ns
[2020-09-11T16:38:43.622+0000][1][safepoint    ] Safepoint "RevokeBias", Time since last: 767516687 ns, Reaching safepoint: 200437 ns, At safepoint: 22277 ns, Total: 222714 ns
[2020-09-11T16:38:43.867+0000][1][safepoint    ] Safepoint "RevokeBias", Time since last: 244287784 ns, Reaching safepoint: 103988 ns, At safepoint: 27504 ns, Total: 131492 ns
[2020-09-11T16:38:44.867+0000][1][safepoint    ] Safepoint "Cleanup", Time since last: 1000109610 ns, Reaching safepoint: 83644 ns, At safepoint: 7256 ns, Total: 90900 ns
[2020-09-11T16:38:45.867+0000][1][safepoint    ] Safepoint "Cleanup", Time since last: 1000108807 ns, Reaching safepoint: 94436 ns, At safepoint: 10238 ns, Total: 104674 ns
[2020-09-11T16:38:46.867+0000][1][safepoint    ] Safepoint "Cleanup", Time since last: 1000105409 ns, Reaching safepoint: 84336 ns, At safepoint: 7291 ns, Total: 91627 ns
[2020-09-11T16:38:47.868+0000][1][safepoint    ] Safepoint "Cleanup", Time since last: 1000111848 ns, Reaching safepoint: 85393 ns, At safepoint: 7612 ns, Total: 93005 ns
[2020-09-11T16:38:48.868+0000][1][safepoint    ] Safepoint "Cleanup", Time since last: 1000109744 ns, Reaching safepoint: 108751 ns, At safepoint: 10298 ns, Total: 119049 ns
[2020-09-11T16:38:49.868+0000][1][safepoint    ] Safepoint "Cleanup", Time since last: 1000110848 ns, Reaching safepoint: 85311 ns, At safepoint: 7558 ns, Total: 92869 ns
[2020-09-11T16:38:50.723+0000][1][safepoint    ] Safepoint "RevokeBias", Time since last: 854434092 ns, Reaching safepoint: 170156 ns, At safepoint: 26176 ns, Total: 196332 ns
[2020-09-11T16:38:50.875+0000][1][safepoint    ] Safepoint "RevokeBias", Time since last: 152572040 ns, Reaching safepoint: 169475 ns, At safepoint: 25531 ns, Total: 195006 ns
[2020-09-11T16:38:51.876+0000][1][safepoint    ] Safepoint "Cleanup", Time since last: 1000102470 ns, Reaching safepoint: 82386 ns, At safepoint: 7735 ns, Total: 90121 ns
[2020-09-11T16:38:52.876+0000][1][safepoint    ] Safepoint "Cleanup", Time since last: 1000106901 ns, Reaching safepoint: 87037 ns, At safepoint: 10736 ns, Total: 97773 ns
[2020-09-11T16:38:53.559+0000][1][safepoint    ] Safepoint "RevokeBias", Time since last: 682624726 ns, Reaching safepoint: 225321 ns, At safepoint: 234625 ns, Total: 459946 ns
[2020-09-11T16:38:53.589+0000][1][gc,start     ] GC(118) Pause Young (Allocation Failure)
[2020-09-11T16:38:53.589+0000][1][gc,task      ] GC(118) Using 1 workers of 1 for evacuation
[2020-09-11T16:38:53.600+0000][1][gc,age       ] GC(118) Desired survivor size 4358144 bytes, new threshold 6 (max threshold 6)
[2020-09-11T16:38:53.600+0000][1][gc,age       ] GC(118) Age table with threshold 6 (max threshold 6)
[2020-09-11T16:38:53.600+0000][1][gc,age       ] GC(118) - age   1:     641368 bytes,     641368 total
[2020-09-11T16:38:53.600+0000][1][gc,age       ] GC(118) - age   2:     171952 bytes,     813320 total
[2020-09-11T16:38:53.600+0000][1][gc,age       ] GC(118) - age   3:     275632 bytes,    1088952 total
[2020-09-11T16:38:53.600+0000][1][gc,age       ] GC(118) - age   4:      66736 bytes,    1155688 total
[2020-09-11T16:38:53.600+0000][1][gc,age       ] GC(118) - age   5:      60216 bytes,    1215904 total
[2020-09-11T16:38:53.600+0000][1][gc,age       ] GC(118) - age   6:       7856 bytes,    1223760 total
[2020-09-11T16:38:53.600+0000][1][gc,heap      ] GC(118) ParNew: 69331K->2308K(76672K)
[2020-09-11T16:38:53.600+0000][1][gc,heap      ] GC(118) CMS: 105918K->105925K(439104K)
[2020-09-11T16:38:53.600+0000][1][gc,metaspace ] GC(118) Metaspace: 96040K->96040K(1138688K)
[2020-09-11T16:38:53.601+0000][1][gc           ] GC(118) Pause Young (Allocation Failure) 171M->105M(503M) 11.723ms
[2020-09-11T16:38:53.601+0000][1][gc,cpu       ] GC(118) User=0.01s Sys=0.00s Real=0.02s
[2020-09-11T16:38:53.625+0000][1][safepoint    ] Safepoint "GenCollectForAllocation", Time since last: 29888613 ns, Reaching safepoint: 280354 ns, At safepoint: 35929421 ns, Total: 36209775 ns
[2020-09-11T16:38:53.739+0000][1][safepoint    ] Safepoint "RevokeBias", Time since last: 111789253 ns, Reaching safepoint: 2353753 ns, At safepoint: 39675 ns, Total: 2393428 ns
[2020-09-11T16:38:54.742+0000][1][safepoint    ] Safepoint "Cleanup", Time since last: 1002230364 ns, Reaching safepoint: 132900 ns, At safepoint: 9303 ns, Total: 142203 ns
[2020-09-11T16:38:55.742+0000][1][safepoint    ] Safepoint "Cleanup", Time since last: 1000121338 ns, Reaching safepoint: 92570 ns, At safepoint: 9164 ns, Total: 101734 ns
[2020-09-11T16:38:56.742+0000][1][safepoint    ] Safepoint "Cleanup", Time since last: 1000115701 ns, Reaching safepoint: 93688 ns, At safepoint: 9148 ns, Total: 102836 ns
[2020-09-11T16:38:57.742+0000][1][safepoint    ] Safepoint "Cleanup", Time since last: 1000110874 ns, Reaching safepoint: 87667 ns, At safepoint: 11681 ns, Total: 99348 ns
[2020-09-11T16:38:59.665+0000][1][safepoint    ] Safepoint "Cleanup", Time since last: 1922638551 ns, Reaching safepoint: 107777 ns, At safepoint: 12312 ns, Total: 120089 ns
[2020-09-11T16:39:00.665+0000][1][safepoint    ] Safepoint "Cleanup", Time since last: 1000111784 ns, Reaching safepoint: 86218 ns, At safepoint: 8354 ns, Total: 94572 ns
[2020-09-11T16:39:00.718+0000][1][safepoint    ] Safepoint "RevokeBias", Time since last: 53130197 ns, Reaching safepoint: 170698 ns, At safepoint: 25281 ns, Total: 195979 ns
[2020-09-11T16:39:00.914+0000][1][safepoint    ] Safepoint "RevokeBias", Time since last: 195395411 ns, Reaching safepoint: 93189 ns, At safepoint: 22977 ns, Total: 116166 ns
[2020-09-11T16:39:01.914+0000][1][safepoint    ] Safepoint "Cleanup", Time since last: 1000106771 ns, Reaching safepoint: 86604 ns, At safepoint: 10765 ns, Total: 97369 ns
[2020-09-11T16:39:02.914+0000][1][safepoint    ] Safepoint "Cleanup", Time since last: 1000111222 ns, Reaching safepoint: 86782 ns, At safepoint: 9172 ns, Total: 95954 ns
[2020-09-11T16:39:03.568+0000][1][safepoint    ] Safepoint "RevokeBias", Time since last: 651134800 ns, Reaching safepoint: 2758093 ns, At safepoint: 28680 ns, Total: 2786773 ns
[2020-09-11T16:39:03.730+0000][1][safepoint    ] Safepoint "RevokeBias", Time since last: 161872146 ns, Reaching safepoint: 96481 ns, At safepoint: 22654 ns, Total: 119135 ns
[2020-09-11T16:39:04.731+0000][1][safepoint    ] Safepoint "Cleanup", Time since last: 1000110598 ns, Reaching safepoint: 101578 ns, At safepoint: 8783 ns, Total: 110361 ns
[2020-09-11T16:39:05.731+0000][1][safepoint    ] Safepoint "Cleanup", Time since last: 1000138687 ns, Reaching safepoint: 88815 ns, At safepoint: 11493 ns, Total: 100308 ns
[2020-09-11T16:39:06.731+0000][1][safepoint    ] Safepoint "Cleanup", Time since last: 1000112537 ns, Reaching safepoint: 89841 ns, At safepoint: 8649 ns, Total: 98490 ns
[2020-09-11T16:39:07.732+0000][1][safepoint    ] Safepoint "Cleanup", Time since last: 1001304710 ns, Reaching safepoint: 87750 ns, At safepoint: 8464 ns, Total: 96214 ns
[2020-09-11T16:39:08.733+0000][1][safepoint    ] Safepoint "Cleanup", Time since last: 1000111784 ns, Reaching safepoint: 86673 ns, At safepoint: 8180 ns, Total: 94853 ns
[2020-09-11T16:39:09.733+0000][1][safepoint    ] Safepoint "Cleanup", Time since last: 1000109534 ns, Reaching safepoint: 106263 ns, At safepoint: 8881 ns, Total: 115144 ns
[2020-09-11T16:39:10.723+0000][1][safepoint    ] Safepoint "RevokeBias", Time since last: 989625470 ns, Reaching safepoint: 189985 ns, At safepoint: 25638 ns, Total: 215623 ns
[2020-09-11T16:39:10.867+0000][1][safepoint    ] Safepoint "BulkRevokeBias", Time since last: 143924630 ns, Reaching safepoint: 169353 ns, At safepoint: 249664 ns, Total: 419017 ns
[2020-09-11T16:39:11.867+0000][1][safepoint    ] Safepoint "Cleanup", Time since last: 1000112443 ns, Reaching safepoint: 86108 ns, At safepoint: 8504 ns, Total: 94612 ns
[2020-09-11T16:39:12.867+0000][1][safepoint    ] Safepoint "Cleanup", Time since last: 1000112222 ns, Reaching safepoint: 95539 ns, At safepoint: 11861 ns, Total: 107400 ns
[2020-09-11T16:39:13.834+0000][1][safepoint    ] Safepoint "RevokeBias", Time since last: 966187705 ns, Reaching safepoint: 318283 ns, At safepoint: 272456 ns, Total: 590739 ns
[2020-09-11T16:39:13.932+0000][1][gc,start     ] GC(119) Pause Young (Allocation Failure)
[2020-09-11T16:39:13.932+0000][1][gc,task      ] GC(119) Using 1 workers of 1 for evacuation
[2020-09-11T16:39:13.951+0000][1][gc,age       ] GC(119) Desired survivor size 4358144 bytes, new threshold 6 (max threshold 6)
[2020-09-11T16:39:13.951+0000][1][gc,age       ] GC(119) Age table with threshold 6 (max threshold 6)
[2020-09-11T16:39:13.951+0000][1][gc,age       ] GC(119) - age   1:     726560 bytes,     726560 total
[2020-09-11T16:39:13.951+0000][1][gc,age       ] GC(119) - age   2:      32720 bytes,     759280 total
[2020-09-11T16:39:13.951+0000][1][gc,age       ] GC(119) - age   3:     168792 bytes,     928072 total
[2020-09-11T16:39:13.951+0000][1][gc,age       ] GC(119) - age   4:     275504 bytes,    1203576 total
[2020-09-11T16:39:13.951+0000][1][gc,age       ] GC(119) - age   5:      28616 bytes,    1232192 total
[2020-09-11T16:39:13.951+0000][1][gc,age       ] GC(119) - age   6:      31424 bytes,    1263616 total
[2020-09-11T16:39:13.951+0000][1][gc,heap      ] GC(119) ParNew: 70468K->1473K(76672K)
[2020-09-11T16:39:13.951+0000][1][gc,heap      ] GC(119) CMS: 105925K->105932K(439104K)
[2020-09-11T16:39:13.951+0000][1][gc,metaspace ] GC(119) Metaspace: 96085K->96085K(1138688K)
[2020-09-11T16:39:13.951+0000][1][gc           ] GC(119) Pause Young (Allocation Failure) 172M->104M(503M) 19.277ms
[2020-09-11T16:39:13.951+0000][1][gc,cpu       ] GC(119) User=0.00s Sys=0.00s Real=0.02s
[2020-09-11T16:39:13.969+0000][1][safepoint    ] Safepoint "GenCollectForAllocation", Time since last: 97569313 ns, Reaching safepoint: 162853 ns, At safepoint: 36885785 ns, Total: 37048638 ns
[2020-09-11T16:39:14.157+0000][1][safepoint    ] Safepoint "RevokeBias", Time since last: 188345214 ns, Reaching safepoint: 91695 ns, At safepoint: 24369 ns, Total: 116064 ns
[2020-09-11T16:39:15.158+0000][1][safepoint    ] Safepoint "Cleanup", Time since last: 1000121118 ns, Reaching safepoint: 88779 ns, At safepoint: 11222 ns, Total: 100001 ns
[2020-09-11T16:39:16.158+0000][1][safepoint    ] Safepoint "Cleanup", Time since last: 1000119124 ns, Reaching safepoint: 85198 ns, At safepoint: 8656 ns, Total: 93854 ns
[2020-09-11T16:39:17.158+0000][1][safepoint    ] Safepoint "Cleanup", Time since last: 1000113906 ns, Reaching safepoint: 89892 ns, At safepoint: 11736 ns, Total: 101628 ns
[2020-09-11T16:39:18.158+0000][1][safepoint    ] Safepoint "Cleanup", Time since last: 1000114378 ns, Reaching safepoint: 86585 ns, At safepoint: 8307 ns, Total: 94892 ns
[2020-09-11T16:39:19.158+0000][1][safepoint    ] Safepoint "Cleanup", Time since last: 1000112358 ns, Reaching safepoint: 89821 ns, At safepoint: 10057 ns, Total: 99878 ns
[2020-09-11T16:39:20.159+0000][1][safepoint    ] Safepoint "Cleanup", Time since last: 1000113730 ns, Reaching safepoint: 101876 ns, At safepoint: 9180 ns, Total: 111056 ns
[2020-09-11T16:39:20.716+0000][1][safepoint    ] Safepoint "RevokeBias", Time since last: 557076005 ns, Reaching safepoint: 95391 ns, At safepoint: 23495 ns, Total: 118886 ns
[2020-09-11T16:39:20.858+0000][1][safepoint    ] Safepoint "RevokeBias", Time since last: 142389986 ns, Reaching safepoint: 177380 ns, At safepoint: 26617 ns, Total: 203997 ns
[2020-09-11T16:39:21.859+0000][1][safepoint    ] Safepoint "Cleanup", Time since last: 1000107961 ns, Reaching safepoint: 85947 ns, At safepoint: 8116 ns, Total: 94063 ns
[2020-09-11T16:39:22.859+0000][1][safepoint    ] Safepoint "Cleanup", Time since last: 1000115731 ns, Reaching safepoint: 85721 ns, At safepoint: 8170 ns, Total: 93891 ns
[2020-09-11T16:39:23.585+0000][1][safepoint    ] Safepoint "RevokeBias", Time since last: 726101317 ns, Reaching safepoint: 237622 ns, At safepoint: 263640 ns, Total: 501262 ns
[2020-09-11T16:39:23.725+0000][1][safepoint    ] Safepoint "RevokeBias", Time since last: 139632238 ns, Reaching safepoint: 179009 ns, At safepoint: 24281 ns, Total: 203290 ns
[2020-09-11T16:39:24.725+0000][1][safepoint    ] Safepoint "Cleanup", Time since last: 1000104775 ns, Reaching safepoint: 87242 ns, At safepoint: 8256 ns, Total: 95498 ns
[2020-09-11T16:39:25.726+0000][1][safepoint    ] Safepoint "Cleanup", Time since last: 1000112704 ns, Reaching safepoint: 88039 ns, At safepoint: 10775 ns, Total: 98814 ns
[2020-09-11T16:39:26.726+0000][1][safepoint    ] Safepoint "Cleanup", Time since last: 1000113946 ns, Reaching safepoint: 91785 ns, At safepoint: 9776 ns, Total: 101561 ns
[2020-09-11T16:39:27.726+0000][1][safepoint    ] Safepoint "Cleanup", Time since last: 1000113989 ns, Reaching safepoint: 88577 ns, At safepoint: 11305 ns, Total: 99882 ns
[2020-09-11T16:39:28.726+0000][1][safepoint    ] Safepoint "Cleanup", Time since last: 1000110590 ns, Reaching safepoint: 86545 ns, At safepoint: 10249 ns, Total: 96794 ns
[2020-09-11T16:39:29.726+0000][1][safepoint    ] Safepoint "Cleanup", Time since last: 1000113886 ns, Reaching safepoint: 89397 ns, At safepoint: 11725 ns, Total: 101122 ns
[2020-09-11T16:39:30.713+0000][1][safepoint    ] Safepoint "RevokeBias", Time since last: 986350047 ns, Reaching safepoint: 169962 ns, At safepoint: 25336 ns, Total: 195298 ns
[2020-09-11T16:39:30.891+0000][1][safepoint    ] Safepoint "RevokeBias", Time since last: 177457111 ns, Reaching safepoint: 98302 ns, At safepoint: 30010 ns, Total: 128312 ns
[2020-09-11T16:39:31.891+0000][1][safepoint    ] Safepoint "Cleanup", Time since last: 1000109524 ns, Reaching safepoint: 87807 ns, At safepoint: 7327 ns, Total: 95134 ns
[2020-09-11T16:39:32.891+0000][1][safepoint    ] Safepoint "Cleanup", Time since last: 1000111074 ns, Reaching safepoint: 87689 ns, At safepoint: 10432 ns, Total: 98121 ns
[2020-09-11T16:39:33.561+0000][1][safepoint    ] Safepoint "RevokeBias", Time since last: 669074365 ns, Reaching safepoint: 770321 ns, At safepoint: 23605 ns, Total: 793926 ns
[2020-09-11T16:39:33.593+0000][1][gc,start     ] GC(120) Pause Young (Allocation Failure)
[2020-09-11T16:39:33.593+0000][1][gc,task      ] GC(120) Using 1 workers of 1 for evacuation
[2020-09-11T16:39:33.605+0000][1][gc,age       ] GC(120) Desired survivor size 4358144 bytes, new threshold 6 (max threshold 6)
[2020-09-11T16:39:33.605+0000][1][gc,age       ] GC(120) Age table with threshold 6 (max threshold 6)
[2020-09-11T16:39:33.605+0000][1][gc,age       ] GC(120) - age   1:     789840 bytes,     789840 total
[2020-09-11T16:39:33.605+0000][1][gc,age       ] GC(120) - age   2:     195992 bytes,     985832 total
[2020-09-11T16:39:33.605+0000][1][gc,age       ] GC(120) - age   3:      25824 bytes,    1011656 total
[2020-09-11T16:39:33.605+0000][1][gc,age       ] GC(120) - age   4:     167064 bytes,    1178720 total
[2020-09-11T16:39:33.605+0000][1][gc,age       ] GC(120) - age   5:      48792 bytes,    1227512 total
[2020-09-11T16:39:33.605+0000][1][gc,age       ] GC(120) - age   6:      25736 bytes,    1253248 total
[2020-09-11T16:39:33.605+0000][1][gc,heap      ] GC(120) ParNew: 69633K->2219K(76672K)
[2020-09-11T16:39:33.605+0000][1][gc,heap      ] GC(120) CMS: 105932K->105963K(439104K)
[2020-09-11T16:39:33.605+0000][1][gc,metaspace ] GC(120) Metaspace: 96087K->96087K(1138688K)
[2020-09-11T16:39:33.605+0000][1][gc           ] GC(120) Pause Young (Allocation Failure) 171M->105M(503M) 12.345ms
[2020-09-11T16:39:33.605+0000][1][gc,cpu       ] GC(120) User=0.01s Sys=0.00s Real=0.01s
[2020-09-11T16:39:33.606+0000][1][safepoint    ] Safepoint "GenCollectForAllocation", Time since last: 31954690 ns, Reaching safepoint: 164188 ns, At safepoint: 12779534 ns, Total: 12943722 ns
[2020-09-11T16:39:33.795+0000][1][safepoint    ] Safepoint "RevokeBias", Time since last: 189345100 ns, Reaching safepoint: 102813 ns, At safepoint: 29225 ns, Total: 132038 ns
[2020-09-11T16:39:34.795+0000][1][safepoint    ] Safepoint "Cleanup", Time since last: 1000115816 ns, Reaching safepoint: 89847 ns, At safepoint: 11513 ns, Total: 101360 ns
[2020-09-11T16:39:35.796+0000][1][safepoint    ] Safepoint "Cleanup", Time since last: 1000114428 ns, Reaching safepoint: 87321 ns, At safepoint: 11005 ns, Total: 98326 ns
[2020-09-11T16:39:36.796+0000][1][safepoint    ] Safepoint "Cleanup", Time since last: 1000118419 ns, Reaching safepoint: 86360 ns, At safepoint: 8555 ns, Total: 94915 ns
[2020-09-11T16:39:37.796+0000][1][safepoint    ] Safepoint "Cleanup", Time since last: 1000117751 ns, Reaching safepoint: 91915 ns, At safepoint: 11131 ns, Total: 103046 ns
[2020-09-11T16:39:38.796+0000][1][safepoint    ] Safepoint "Cleanup", Time since last: 1000119516 ns, Reaching safepoint: 84474 ns, At safepoint: 8183 ns, Total: 92657 ns
[2020-09-11T16:39:39.797+0000][1][safepoint    ] Safepoint "Cleanup", Time since last: 1000138556 ns, Reaching safepoint: 105782 ns, At safepoint: 11026 ns, Total: 116808 ns
[2020-09-11T16:39:40.752+0000][1][safepoint    ] Safepoint "RevokeBias", Time since last: 955217969 ns, Reaching safepoint: 94724 ns, At safepoint: 23923 ns, Total: 118647 ns
[2020-09-11T16:39:40.859+0000][1][safepoint    ] Safepoint "RevokeBias", Time since last: 106994916 ns, Reaching safepoint: 96532 ns, At safepoint: 23969 ns, Total: 120501 ns
[2020-09-11T16:39:41.859+0000][1][safepoint    ] Safepoint "Cleanup", Time since last: 1000106413 ns, Reaching safepoint: 91997 ns, At safepoint: 11220 ns, Total: 103217 ns
[2020-09-11T16:39:42.859+0000][1][safepoint    ] Safepoint "Cleanup", Time since last: 1000115159 ns, Reaching safepoint: 89856 ns, At safepoint: 9982 ns, Total: 99838 ns
[2020-09-11T16:39:43.541+0000][1][safepoint    ] Safepoint "RevokeBias", Time since last: 678225183 ns, Reaching safepoint: 3222056 ns, At safepoint: 45190 ns, Total: 3267246 ns
[2020-09-11T16:39:43.702+0000][1][safepoint    ] Safepoint "RevokeBias", Time since last: 161016521 ns, Reaching safepoint: 102778 ns, At safepoint: 23055 ns, Total: 125833 ns
[2020-09-11T16:39:44.702+0000][1][safepoint    ] Safepoint "Cleanup", Time since last: 1000107772 ns, Reaching safepoint: 87353 ns, At safepoint: 10744 ns, Total: 98097 ns
[2020-09-11T16:39:45.703+0000][1][safepoint    ] Safepoint "Cleanup", Time since last: 1000116630 ns, Reaching safepoint: 89304 ns, At safepoint: 8721 ns, Total: 98025 ns
[2020-09-11T16:39:46.703+0000][1][safepoint    ] Safepoint "Cleanup", Time since last: 1000115374 ns, Reaching safepoint: 86025 ns, At safepoint: 7630 ns, Total: 93655 ns
[2020-09-11T16:39:47.703+0000][1][safepoint    ] Safepoint "Cleanup", Time since last: 1000112948 ns, Reaching safepoint: 89806 ns, At safepoint: 8605 ns, Total: 98411 ns
[2020-09-11T16:39:48.703+0000][1][safepoint    ] Safepoint "Cleanup", Time since last: 1000111416 ns, Reaching safepoint: 87292 ns, At safepoint: 10945 ns, Total: 98237 ns
[2020-09-11T16:39:49.703+0000][1][safepoint    ] Safepoint "Cleanup", Time since last: 1000113641 ns, Reaching safepoint: 85854 ns, At safepoint: 8098 ns, Total: 93952 ns
[2020-09-11T16:39:50.704+0000][1][safepoint    ] Safepoint "Cleanup", Time since last: 1000115194 ns, Reaching safepoint: 91530 ns, At safepoint: 8100 ns, Total: 99630 ns
[2020-09-11T16:39:50.747+0000][1][safepoint    ] Safepoint "RevokeBias", Time since last: 43317525 ns, Reaching safepoint: 169976 ns, At safepoint: 24048 ns, Total: 194024 ns
[2020-09-11T16:39:50.885+0000][1][safepoint    ] Safepoint "RevokeBias", Time since last: 137570502 ns, Reaching safepoint: 164459 ns, At safepoint: 24715 ns, Total: 189174 ns
[2020-09-11T16:39:51.885+0000][1][safepoint    ] Safepoint "Cleanup", Time since last: 1000106304 ns, Reaching safepoint: 84846 ns, At safepoint: 7789 ns, Total: 92635 ns
[2020-09-11T16:39:52.885+0000][1][safepoint    ] Safepoint "Cleanup", Time since last: 1000109838 ns, Reaching safepoint: 88071 ns, At safepoint: 9543 ns, Total: 97614 ns
[2020-09-11T16:39:53.643+0000][1][safepoint    ] Safepoint "RevokeBias", Time since last: 755876669 ns, Reaching safepoint: 1835262 ns, At safepoint: 223179 ns, Total: 2058441 ns
[2020-09-11T16:39:53.721+0000][1][gc,start     ] GC(121) Pause Young (Allocation Failure)
[2020-09-11T16:39:53.721+0000][1][gc,task      ] GC(121) Using 1 workers of 1 for evacuation
[2020-09-11T16:39:53.735+0000][1][gc,age       ] GC(121) Desired survivor size 4358144 bytes, new threshold 6 (max threshold 6)
[2020-09-11T16:39:53.735+0000][1][gc,age       ] GC(121) Age table with threshold 6 (max threshold 6)
[2020-09-11T16:39:53.735+0000][1][gc,age       ] GC(121) - age   1:     765256 bytes,     765256 total
[2020-09-11T16:39:53.735+0000][1][gc,age       ] GC(121) - age   2:     274016 bytes,    1039272 total
[2020-09-11T16:39:53.735+0000][1][gc,age       ] GC(121) - age   3:     174096 bytes,    1213368 total
[2020-09-11T16:39:53.735+0000][1][gc,age       ] GC(121) - age   4:      25824 bytes,    1239192 total
[2020-09-11T16:39:53.735+0000][1][gc,age       ] GC(121) - age   5:      17344 bytes,    1256536 total
[2020-09-11T16:39:53.735+0000][1][gc,age       ] GC(121) - age   6:       7128 bytes,    1263664 total
[2020-09-11T16:39:53.735+0000][1][gc,heap      ] GC(121) ParNew: 70379K->1472K(76672K)
[2020-09-11T16:39:53.735+0000][1][gc,heap      ] GC(121) CMS: 105963K->105988K(439104K)
[2020-09-11T16:39:53.735+0000][1][gc,metaspace ] GC(121) Metaspace: 96095K->96095K(1138688K)
[2020-09-11T16:39:53.735+0000][1][gc           ] GC(121) Pause Young (Allocation Failure) 172M->104M(503M) 13.951ms
[2020-09-11T16:39:53.735+0000][1][gc,cpu       ] GC(121) User=0.00s Sys=0.00s Real=0.01s
[2020-09-11T16:39:53.737+0000][1][safepoint    ] Safepoint "GenCollectForAllocation", Time since last: 72876300 ns, Reaching safepoint: 4817170 ns, At safepoint: 15884805 ns, Total: 20701975 ns
[2020-09-11T16:39:54.049+0000][1][safepoint    ] Safepoint "RevokeBias", Time since last: 312202029 ns, Reaching safepoint: 98176 ns, At safepoint: 28747 ns, Total: 126923 ns
[2020-09-11T16:39:55.049+0000][1][safepoint    ] Safepoint "Cleanup", Time since last: 1000112570 ns, Reaching safepoint: 85670 ns, At safepoint: 8368 ns, Total: 94038 ns
[2020-09-11T16:39:56.050+0000][1][safepoint    ] Safepoint "Cleanup", Time since last: 1000111034 ns, Reaching safepoint: 109820 ns, At safepoint: 8827 ns, Total: 118647 ns
[2020-09-11T16:39:57.050+0000][1][safepoint    ] Safepoint "Cleanup", Time since last: 1000111709 ns, Reaching safepoint: 87217 ns, At safepoint: 8545 ns, Total: 95762 ns
[2020-09-11T16:39:58.050+0000][1][safepoint    ] Safepoint "Cleanup", Time since last: 1000112706 ns, Reaching safepoint: 89285 ns, At safepoint: 10971 ns, Total: 100256 ns
[2020-09-11T16:39:59.050+0000][1][safepoint    ] Safepoint "Cleanup", Time since last: 1000113436 ns, Reaching safepoint: 89651 ns, At safepoint: 8684 ns, Total: 98335 ns
[2020-09-11T16:40:00.053+0000][1][safepoint    ] Safepoint "Cleanup", Time since last: 1002254474 ns, Reaching safepoint: 87255 ns, At safepoint: 11744 ns, Total: 98999 ns
[2020-09-11T16:40:00.749+0000][1][safepoint    ] Safepoint "RevokeBias", Time since last: 696278769 ns, Reaching safepoint: 94493 ns, At safepoint: 24429 ns, Total: 118922 ns
[2020-09-11T16:40:00.887+0000][1][safepoint    ] Safepoint "RevokeBias", Time since last: 138281077 ns, Reaching safepoint: 94123 ns, At safepoint: 24968 ns, Total: 119091 ns
[2020-09-11T16:40:01.888+0000][1][safepoint    ] Safepoint "Cleanup", Time since last: 1000117482 ns, Reaching safepoint: 83565 ns, At safepoint: 7229 ns, Total: 90794 ns
[2020-09-11T16:40:02.888+0000][1][safepoint    ] Safepoint "Cleanup", Time since last: 1000107456 ns, Reaching safepoint: 84228 ns, At safepoint: 6263 ns, Total: 90491 ns
[2020-09-11T16:40:03.656+0000][1][safepoint    ] Safepoint "RevokeBias", Time since last: 767084325 ns, Reaching safepoint: 629747 ns, At safepoint: 217315 ns, Total: 847062 ns
[2020-09-11T16:40:03.927+0000][1][safepoint    ] Safepoint "RevokeBias", Time since last: 270907019 ns, Reaching safepoint: 100459 ns, At safepoint: 22918 ns, Total: 123377 ns
[2020-09-11T16:40:04.927+0000][1][safepoint    ] Safepoint "Cleanup", Time since last: 1000112023 ns, Reaching safepoint: 112888 ns, At safepoint: 9024 ns, Total: 121912 ns
[2020-09-11T16:40:05.927+0000][1][safepoint    ] Safepoint "Cleanup", Time since last: 1000121997 ns, Reaching safepoint: 92411 ns, At safepoint: 11315 ns, Total: 103726 ns
[2020-09-11T16:40:06.927+0000][1][safepoint    ] Safepoint "Cleanup", Time since last: 1000115222 ns, Reaching safepoint: 86895 ns, At safepoint: 8547 ns, Total: 95442 ns
[2020-09-11T16:40:07.928+0000][1][safepoint    ] Safepoint "Cleanup", Time since last: 1000110687 ns, Reaching safepoint: 87729 ns, At safepoint: 10337 ns, Total: 98066 ns
[2020-09-11T16:40:08.928+0000][1][safepoint    ] Safepoint "Cleanup", Time since last: 1000113050 ns, Reaching safepoint: 89993 ns, At safepoint: 8634 ns, Total: 98627 ns
[2020-09-11T16:40:09.928+0000][1][safepoint    ] Safepoint "Cleanup", Time since last: 1000113359 ns, Reaching safepoint: 109742 ns, At safepoint: 11542 ns, Total: 121284 ns
[2020-09-11T16:40:10.715+0000][1][safepoint    ] Safepoint "RevokeBias", Time since last: 787218061 ns, Reaching safepoint: 88478 ns, At safepoint: 23387 ns, Total: 111865 ns
[2020-09-11T16:40:10.889+0000][1][safepoint    ] Safepoint "RevokeBias", Time since last: 173128869 ns, Reaching safepoint: 171352 ns, At safepoint: 23736 ns, Total: 195088 ns
[2020-09-11T16:40:12.141+0000][1][safepoint    ] Safepoint "Cleanup", Time since last: 1252151653 ns, Reaching safepoint: 121652 ns, At safepoint: 8214 ns, Total: 129866 ns
[2020-09-11T16:40:13.141+0000][1][safepoint    ] Safepoint "Cleanup", Time since last: 1000096309 ns, Reaching safepoint: 83354 ns, At safepoint: 10366 ns, Total: 93720 ns
[2020-09-11T16:40:13.655+0000][1][safepoint    ] Safepoint "RevokeBias", Time since last: 511728266 ns, Reaching safepoint: 1669947 ns, At safepoint: 23996 ns, Total: 1693943 ns
[2020-09-11T16:40:13.701+0000][1][gc,start     ] GC(122) Pause Young (Allocation Failure)
[2020-09-11T16:40:13.701+0000][1][gc,task      ] GC(122) Using 1 workers of 1 for evacuation
[2020-09-11T16:40:13.715+0000][1][gc,age       ] GC(122) Desired survivor size 4358144 bytes, new threshold 6 (max threshold 6)
[2020-09-11T16:40:13.715+0000][1][gc,age       ] GC(122) Age table with threshold 6 (max threshold 6)
[2020-09-11T16:40:13.715+0000][1][gc,age       ] GC(122) - age   1:     593872 bytes,     593872 total
[2020-09-11T16:40:13.715+0000][1][gc,age       ] GC(122) - age   2:     231864 bytes,     825736 total
[2020-09-11T16:40:13.715+0000][1][gc,age       ] GC(122) - age   3:     270816 bytes,    1096552 total
[2020-09-11T16:40:13.715+0000][1][gc,age       ] GC(122) - age   4:     174000 bytes,    1270552 total
[2020-09-11T16:40:13.715+0000][1][gc,age       ] GC(122) - age   5:      25824 bytes,    1296376 total
[2020-09-11T16:40:13.715+0000][1][gc,age       ] GC(122) - age   6:       8920 bytes,    1305296 total
[2020-09-11T16:40:13.715+0000][1][gc,heap      ] GC(122) ParNew: 69632K->2219K(76672K)
[2020-09-11T16:40:13.715+0000][1][gc,heap      ] GC(122) CMS: 105988K->105995K(439104K)
[2020-09-11T16:40:13.715+0000][1][gc,metaspace ] GC(122) Metaspace: 96103K->96103K(1138688K)
[2020-09-11T16:40:13.715+0000][1][gc           ] GC(122) Pause Young (Allocation Failure) 171M->105M(503M) 14.141ms
[2020-09-11T16:40:13.715+0000][1][gc,cpu       ] GC(122) User=0.00s Sys=0.00s Real=0.01s
[2020-09-11T16:40:13.717+0000][1][safepoint    ] Safepoint "GenCollectForAllocation", Time since last: 41828660 ns, Reaching safepoint: 4479677 ns, At safepoint: 15907375 ns, Total: 20387052 ns
[2020-09-11T16:40:13.825+0000][1][safepoint    ] Safepoint "RevokeBias", Time since last: 108577635 ns, Reaching safepoint: 92178 ns, At safepoint: 21996 ns, Total: 114174 ns
[2020-09-11T16:40:14.826+0000][1][safepoint    ] Safepoint "Cleanup", Time since last: 1000112452 ns, Reaching safepoint: 85697 ns, At safepoint: 8525 ns, Total: 94222 ns
[2020-09-11T16:40:15.826+0000][1][safepoint    ] Safepoint "Cleanup", Time since last: 1000117043 ns, Reaching safepoint: 87379 ns, At safepoint: 10934 ns, Total: 98313 ns
[2020-09-11T16:40:16.826+0000][1][safepoint    ] Safepoint "Cleanup", Time since last: 1000126469 ns, Reaching safepoint: 95945 ns, At safepoint: 8485 ns, Total: 104430 ns
[2020-09-11T16:40:17.829+0000][1][safepoint    ] Safepoint "Cleanup", Time since last: 1002646882 ns, Reaching safepoint: 91448 ns, At safepoint: 9207 ns, Total: 100655 ns
[2020-09-11T16:40:18.833+0000][1][safepoint    ] Safepoint "Cleanup", Time since last: 1003886941 ns, Reaching safepoint: 89079 ns, At safepoint: 9484 ns, Total: 98563 ns
[2020-09-11T16:40:19.833+0000][1][safepoint    ] Safepoint "Cleanup", Time since last: 1000116104 ns, Reaching safepoint: 99621 ns, At safepoint: 8823 ns, Total: 108444 ns
[2020-09-11T16:40:20.833+0000][1][safepoint    ] Safepoint "Cleanup", Time since last: 1000115087 ns, Reaching safepoint: 142188 ns, At safepoint: 8798 ns, Total: 150986 ns
[2020-09-11T16:40:22.397+0000][1][safepoint    ] Safepoint "Cleanup", Time since last: 1563521927 ns, Reaching safepoint: 135574 ns, At safepoint: 12403 ns, Total: 147977 ns
[2020-09-11T16:40:23.401+0000][1][safepoint    ] Safepoint "Cleanup", Time since last: 1003741889 ns, Reaching safepoint: 151505 ns, At safepoint: 14358 ns, Total: 165863 ns
[2020-09-11T16:40:24.014+0000][1][safepoint    ] Safepoint "RevokeBias", Time since last: 611991779 ns, Reaching safepoint: 344500 ns, At safepoint: 252807 ns, Total: 597307 ns
[2020-09-11T16:40:24.209+0000][1][safepoint    ] Safepoint "RevokeBias", Time since last: 182325838 ns, Reaching safepoint: 13121820 ns, At safepoint: 39612 ns, Total: 13161432 ns
[2020-09-11T16:40:24.256+0000][1][safepoint    ] Safepoint "RevokeBias", Time since last: 44829167 ns, Reaching safepoint: 1751340 ns, At safepoint: 26754 ns, Total: 1778094 ns
[2020-09-11T16:40:25.262+0000][1][safepoint    ] Safepoint "Cleanup", Time since last: 1005739423 ns, Reaching safepoint: 142410 ns, At safepoint: 8755 ns, Total: 151165 ns
[2020-09-11T16:40:27.125+0000][1][safepoint    ] Safepoint "Cleanup", Time since last: 1863255643 ns, Reaching safepoint: 87503 ns, At safepoint: 11549 ns, Total: 99052 ns
[2020-09-11T16:40:28.125+0000][1][safepoint    ] Safepoint "Cleanup", Time since last: 1000110014 ns, Reaching safepoint: 86701 ns, At safepoint: 11143 ns, Total: 97844 ns
[2020-09-11T16:40:29.125+0000][1][safepoint    ] Safepoint "Cleanup", Time since last: 1000106308 ns, Reaching safepoint: 87651 ns, At safepoint: 8608 ns, Total: 96259 ns
[2020-09-11T16:40:30.125+0000][1][safepoint    ] Safepoint "Cleanup", Time since last: 1000114125 ns, Reaching safepoint: 86419 ns, At safepoint: 11293 ns, Total: 97712 ns
[2020-09-11T16:40:31.126+0000][1][safepoint    ] Safepoint "Cleanup", Time since last: 1000109598 ns, Reaching safepoint: 88190 ns, At safepoint: 10171 ns, Total: 98361 ns
[2020-09-11T16:40:32.126+0000][1][safepoint    ] Safepoint "Cleanup", Time since last: 1000109893 ns, Reaching safepoint: 89396 ns, At safepoint: 11337 ns, Total: 100733 ns
[2020-09-11T16:40:33.000+0000][1][safepoint    ] Safepoint "RevokeBias", Time since last: 873893775 ns, Reaching safepoint: 200856 ns, At safepoint: 134655 ns, Total: 335511 ns
[2020-09-11T16:40:33.118+0000][1][safepoint    ] Safepoint "RevokeBias", Time since last: 117260611 ns, Reaching safepoint: 219739 ns, At safepoint: 144426 ns, Total: 364165 ns
[2020-09-11T16:40:33.122+0000][1][safepoint    ] Safepoint "RevokeBias", Time since last: 4168900 ns, Reaching safepoint: 168606 ns, At safepoint: 25074 ns, Total: 193680 ns
[2020-09-11T16:40:33.761+0000][1][safepoint    ] Safepoint "RevokeBias", Time since last: 638776636 ns, Reaching safepoint: 236644 ns, At safepoint: 269749 ns, Total: 506393 ns
[2020-09-11T16:40:34.013+0000][1][safepoint    ] Safepoint "RevokeBias", Time since last: 251597749 ns, Reaching safepoint: 92793 ns, At safepoint: 23370 ns, Total: 116163 ns
[2020-09-11T16:40:34.357+0000][1][gc,start     ] GC(123) Pause Young (Allocation Failure)
[2020-09-11T16:40:34.357+0000][1][gc,task      ] GC(123) Using 1 workers of 1 for evacuation
[2020-09-11T16:40:34.368+0000][1][gc,age       ] GC(123) Desired survivor size 4358144 bytes, new threshold 6 (max threshold 6)
[2020-09-11T16:40:34.368+0000][1][gc,age       ] GC(123) Age table with threshold 6 (max threshold 6)
[2020-09-11T16:40:34.368+0000][1][gc,age       ] GC(123) - age   1:     125784 bytes,     125784 total
[2020-09-11T16:40:34.368+0000][1][gc,age       ] GC(123) - age   2:      34920 bytes,     160704 total
[2020-09-11T16:40:34.368+0000][1][gc,age       ] GC(123) - age   3:     224992 bytes,     385696 total
[2020-09-11T16:40:34.368+0000][1][gc,age       ] GC(123) - age   4:     269072 bytes,     654768 total
[2020-09-11T16:40:34.368+0000][1][gc,age       ] GC(123) - age   5:     135792 bytes,     790560 total
[2020-09-11T16:40:34.368+0000][1][gc,age       ] GC(123) - age   6:      16816 bytes,     807376 total
[2020-09-11T16:40:34.368+0000][1][gc,heap      ] GC(123) ParNew: 70318K->1510K(76672K)
[2020-09-11T16:40:34.368+0000][1][gc,heap      ] GC(123) CMS: 105995K->106004K(439104K)
[2020-09-11T16:40:34.368+0000][1][gc,metaspace ] GC(123) Metaspace: 96125K->96125K(1138688K)
[2020-09-11T16:40:34.368+0000][1][gc           ] GC(123) Pause Young (Allocation Failure) 172M->104M(503M) 11.097ms
[2020-09-11T16:40:34.368+0000][1][gc,cpu       ] GC(123) User=0.00s Sys=0.00s Real=0.01s
[2020-09-11T16:40:34.383+0000][1][safepoint    ] Safepoint "GenCollectForAllocation", Time since last: 343722411 ns, Reaching safepoint: 86850 ns, At safepoint: 26184715 ns, Total: 26271565 ns
[2020-09-11T16:40:35.385+0000][1][safepoint    ] Safepoint "Cleanup", Time since last: 1001713537 ns, Reaching safepoint: 186474 ns, At safepoint: 8319 ns, Total: 194793 ns
[2020-09-11T16:40:36.386+0000][1][safepoint    ] Safepoint "Cleanup", Time since last: 1000475648 ns, Reaching safepoint: 94395 ns, At safepoint: 10634 ns, Total: 105029 ns
[2020-09-11T16:40:37.386+0000][1][safepoint    ] Safepoint "Cleanup", Time since last: 1000113123 ns, Reaching safepoint: 88097 ns, At safepoint: 7490 ns, Total: 95587 ns
[2020-09-11T16:40:38.386+0000][1][safepoint    ] Safepoint "Cleanup", Time since last: 1000107674 ns, Reaching safepoint: 86858 ns, At safepoint: 10178 ns, Total: 97036 ns
[2020-09-11T16:40:39.386+0000][1][safepoint    ] Safepoint "Cleanup", Time since last: 1000110580 ns, Reaching safepoint: 87852 ns, At safepoint: 8345 ns, Total: 96197 ns
[2020-09-11T16:40:40.386+0000][1][safepoint    ] Safepoint "Cleanup", Time since last: 1000109956 ns, Reaching safepoint: 93043 ns, At safepoint: 10466 ns, Total: 103509 ns
[2020-09-11T16:40:40.727+0000][1][safepoint    ] Safepoint "RevokeBias", Time since last: 340025572 ns, Reaching safepoint: 143781 ns, At safepoint: 33397 ns, Total: 177178 ns
[2020-09-11T16:40:40.860+0000][1][safepoint    ] Safepoint "BulkRevokeBias", Time since last: 132776760 ns, Reaching safepoint: 168415 ns, At safepoint: 246077 ns, Total: 414492 ns
[2020-09-11T16:40:41.860+0000][1][safepoint    ] Safepoint "Cleanup", Time since last: 1000133009 ns, Reaching safepoint: 94934 ns, At safepoint: 8928 ns, Total: 103862 ns
[2020-09-11T16:40:42.860+0000][1][safepoint    ] Safepoint "Cleanup", Time since last: 1000102329 ns, Reaching safepoint: 145527 ns, At safepoint: 10409 ns, Total: 155936 ns
[2020-09-11T16:40:43.582+0000][1][safepoint    ] Safepoint "RevokeBias", Time since last: 721764611 ns, Reaching safepoint: 162223 ns, At safepoint: 22547 ns, Total: 184770 ns
[2020-09-11T16:40:43.768+0000][1][safepoint    ] Safepoint "RevokeBias", Time since last: 185912189 ns, Reaching safepoint: 99439 ns, At safepoint: 23436 ns, Total: 122875 ns
[2020-09-11T16:40:44.769+0000][1][safepoint    ] Safepoint "Cleanup", Time since last: 1000111041 ns, Reaching safepoint: 89399 ns, At safepoint: 10686 ns, Total: 100085 ns
[2020-09-11T16:40:45.769+0000][1][safepoint    ] Safepoint "Cleanup", Time since last: 1000118029 ns, Reaching safepoint: 89474 ns, At safepoint: 34473 ns, Total: 123947 ns
[2020-09-11T16:40:46.769+0000][1][safepoint    ] Safepoint "Cleanup", Time since last: 1000114656 ns, Reaching safepoint: 88695 ns, At safepoint: 11058 ns, Total: 99753 ns
[2020-09-11T16:40:47.769+0000][1][safepoint    ] Safepoint "Cleanup", Time since last: 1000111220 ns, Reaching safepoint: 88370 ns, At safepoint: 8101 ns, Total: 96471 ns
[2020-09-11T16:40:48.769+0000][1][safepoint    ] Safepoint "Cleanup", Time since last: 1000113572 ns, Reaching safepoint: 86382 ns, At safepoint: 8021 ns, Total: 94403 ns
[2020-09-11T16:40:49.770+0000][1][safepoint    ] Safepoint "Cleanup", Time since last: 1000112901 ns, Reaching safepoint: 89330 ns, At safepoint: 11212 ns, Total: 100542 ns
[2020-09-11T16:40:50.770+0000][1][safepoint    ] Safepoint "Cleanup", Time since last: 1000111955 ns, Reaching safepoint: 135806 ns, At safepoint: 8501 ns, Total: 144307 ns
[2020-09-11T16:40:50.781+0000][1][safepoint    ] Safepoint "RevokeBias", Time since last: 11138590 ns, Reaching safepoint: 91558 ns, At safepoint: 22180 ns, Total: 113738 ns
[2020-09-11T16:40:50.916+0000][1][safepoint    ] Safepoint "RevokeBias", Time since last: 134240454 ns, Reaching safepoint: 171686 ns, At safepoint: 23794 ns, Total: 195480 ns
[2020-09-11T16:40:51.916+0000][1][safepoint    ] Safepoint "Cleanup", Time since last: 1000112571 ns, Reaching safepoint: 86666 ns, At safepoint: 8119 ns, Total: 94785 ns
[2020-09-11T16:40:52.916+0000][1][safepoint    ] Safepoint "Cleanup", Time since last: 1000114455 ns, Reaching safepoint: 104168 ns, At safepoint: 21277 ns, Total: 125445 ns
[2020-09-11T16:40:53.604+0000][1][safepoint    ] Safepoint "RevokeBias", Time since last: 687715193 ns, Reaching safepoint: 315336 ns, At safepoint: 217943 ns, Total: 533279 ns
[2020-09-11T16:40:53.686+0000][1][gc,start     ] GC(124) Pause Young (Allocation Failure)
[2020-09-11T16:40:53.686+0000][1][gc,task      ] GC(124) Using 1 workers of 1 for evacuation
[2020-09-11T16:40:53.701+0000][1][gc,age       ] GC(124) Desired survivor size 4358144 bytes, new threshold 6 (max threshold 6)
[2020-09-11T16:40:53.701+0000][1][gc,age       ] GC(124) Age table with threshold 6 (max threshold 6)
[2020-09-11T16:40:53.701+0000][1][gc,age       ] GC(124) - age   1:     287392 bytes,     287392 total
[2020-09-11T16:40:53.701+0000][1][gc,age       ] GC(124) - age   2:      67992 bytes,     355384 total
[2020-09-11T16:40:53.701+0000][1][gc,age       ] GC(124) - age   3:      16744 bytes,     372128 total
[2020-09-11T16:40:53.701+0000][1][gc,age       ] GC(124) - age   4:     196888 bytes,     569016 total
[2020-09-11T16:40:53.701+0000][1][gc,age       ] GC(124) - age   5:     259720 bytes,     828736 total
[2020-09-11T16:40:53.701+0000][1][gc,age       ] GC(124) - age   6:      97960 bytes,     926696 total
[2020-09-11T16:40:53.701+0000][1][gc,heap      ] GC(124) ParNew: 69670K->969K(76672K)
[2020-09-11T16:40:53.701+0000][1][gc,heap      ] GC(124) CMS: 106004K->106020K(439104K)
[2020-09-11T16:40:53.701+0000][1][gc,metaspace ] GC(124) Metaspace: 96154K->96154K(1138688K)
[2020-09-11T16:40:53.701+0000][1][gc           ] GC(124) Pause Young (Allocation Failure) 171M->104M(503M) 14.992ms
[2020-09-11T16:40:53.701+0000][1][gc,cpu       ] GC(124) User=0.01s Sys=0.00s Real=0.02s
[2020-09-11T16:40:53.701+0000][1][safepoint    ] Safepoint "GenCollectForAllocation", Time since last: 81648076 ns, Reaching safepoint: 198989 ns, At safepoint: 15407002 ns, Total: 15605991 ns
[2020-09-11T16:40:53.753+0000][1][safepoint    ] Safepoint "RevokeBias", Time since last: 51787699 ns, Reaching safepoint: 99949 ns, At safepoint: 36390 ns, Total: 136339 ns
[2020-09-11T16:40:54.754+0000][1][safepoint    ] Safepoint "Cleanup", Time since last: 1000739358 ns, Reaching safepoint: 90082 ns, At safepoint: 12025 ns, Total: 102107 ns
[2020-09-11T16:40:55.754+0000][1][safepoint    ] Safepoint "Cleanup", Time since last: 1000112493 ns, Reaching safepoint: 88446 ns, At safepoint: 10816 ns, Total: 99262 ns
[2020-09-11T16:40:56.755+0000][1][safepoint    ] Safepoint "Cleanup", Time since last: 1000113352 ns, Reaching safepoint: 86845 ns, At safepoint: 8902 ns, Total: 95747 ns
[2020-09-11T16:40:57.755+0000][1][safepoint    ] Safepoint "Cleanup", Time since last: 1000127529 ns, Reaching safepoint: 86152 ns, At safepoint: 8173 ns, Total: 94325 ns
[2020-09-11T16:40:58.755+0000][1][safepoint    ] Safepoint "Cleanup", Time since last: 1000113986 ns, Reaching safepoint: 96730 ns, At safepoint: 11537 ns, Total: 108267 ns
[2020-09-11T16:40:59.755+0000][1][safepoint    ] Safepoint "Cleanup", Time since last: 1000117221 ns, Reaching safepoint: 87154 ns, At safepoint: 11767 ns, Total: 98921 ns
[2020-09-11T16:41:00.756+0000][1][safepoint    ] Safepoint "Cleanup", Time since last: 1000130097 ns, Reaching safepoint: 87128 ns, At safepoint: 8654 ns, Total: 95782 ns
[2020-09-11T16:41:00.759+0000][1][safepoint    ] Safepoint "RevokeBias", Time since last: 3744181 ns, Reaching safepoint: 88832 ns, At safepoint: 23410 ns, Total: 112242 ns
[2020-09-11T16:41:00.863+0000][1][safepoint    ] Safepoint "RevokeBias", Time since last: 103502732 ns, Reaching safepoint: 94274 ns, At safepoint: 23498 ns, Total: 117772 ns
[2020-09-11T16:41:01.863+0000][1][safepoint    ] Safepoint "Cleanup", Time since last: 1000106313 ns, Reaching safepoint: 107863 ns, At safepoint: 11303 ns, Total: 119166 ns
[2020-09-11T16:41:02.863+0000][1][safepoint    ] Safepoint "Cleanup", Time since last: 1000114621 ns, Reaching safepoint: 85458 ns, At safepoint: 8597 ns, Total: 94055 ns
[2020-09-11T16:41:03.651+0000][1][safepoint    ] Safepoint "RevokeBias", Time since last: 786543438 ns, Reaching safepoint: 235415 ns, At safepoint: 248523 ns, Total: 483938 ns
[2020-09-11T16:41:04.651+0000][1][safepoint    ] Safepoint "Cleanup", Time since last: 1000118218 ns, Reaching safepoint: 166532 ns, At safepoint: 21050 ns, Total: 187582 ns
[2020-09-11T16:41:05.472+0000][1][safepoint    ] Safepoint "RevokeBias", Time since last: 820574786 ns, Reaching safepoint: 171583 ns, At safepoint: 23900 ns, Total: 195483 ns
[2020-09-11T16:41:06.472+0000][1][safepoint    ] Safepoint "Cleanup", Time since last: 1000111296 ns, Reaching safepoint: 87270 ns, At safepoint: 11120 ns, Total: 98390 ns
[2020-09-11T16:41:07.472+0000][1][safepoint    ] Safepoint "Cleanup", Time since last: 1000115581 ns, Reaching safepoint: 86450 ns, At safepoint: 8360 ns, Total: 94810 ns
[2020-09-11T16:41:08.472+0000][1][safepoint    ] Safepoint "Cleanup", Time since last: 1000112711 ns, Reaching safepoint: 88763 ns, At safepoint: 10458 ns, Total: 99221 ns
[2020-09-11T16:41:09.472+0000][1][safepoint    ] Safepoint "Cleanup", Time since last: 1000119821 ns, Reaching safepoint: 124041 ns, At safepoint: 8703 ns, Total: 132744 ns
[2020-09-11T16:41:10.473+0000][1][safepoint    ] Safepoint "Cleanup", Time since last: 1000120645 ns, Reaching safepoint: 86018 ns, At safepoint: 8667 ns, Total: 94685 ns
[2020-09-11T16:41:11.885+0000][1][safepoint    ] Safepoint "RevokeBias", Time since last: 1412490494 ns, Reaching safepoint: 257840 ns, At safepoint: 25874 ns, Total: 283714 ns
[2020-09-11T16:41:11.890+0000][1][safepoint    ] Safepoint "RevokeBias", Time since last: 4505683 ns, Reaching safepoint: 167820 ns, At safepoint: 25163 ns, Total: 192983 ns
[2020-09-11T16:41:12.890+0000][1][safepoint    ] Safepoint "Cleanup", Time since last: 1000104416 ns, Reaching safepoint: 90727 ns, At safepoint: 10851 ns, Total: 101578 ns
[2020-09-11T16:41:13.637+0000][1][safepoint    ] Safepoint "RevokeBias", Time since last: 742886672 ns, Reaching safepoint: 3663399 ns, At safepoint: 254700 ns, Total: 3918099 ns
[2020-09-11T16:41:13.777+0000][1][safepoint    ] Safepoint "RevokeBias", Time since last: 139540773 ns, Reaching safepoint: 130712 ns, At safepoint: 23535 ns, Total: 154247 ns
[2020-09-11T16:41:14.714+0000][1][gc,start     ] GC(125) Pause Young (Allocation Failure)
[2020-09-11T16:41:14.714+0000][1][gc,task      ] GC(125) Using 1 workers of 1 for evacuation
[2020-09-11T16:41:14.723+0000][1][gc,age       ] GC(125) Desired survivor size 4358144 bytes, new threshold 6 (max threshold 6)
[2020-09-11T16:41:14.723+0000][1][gc,age       ] GC(125) Age table with threshold 6 (max threshold 6)
[2020-09-11T16:41:14.723+0000][1][gc,age       ] GC(125) - age   1:     664856 bytes,     664856 total
[2020-09-11T16:41:14.723+0000][1][gc,age       ] GC(125) - age   2:     132984 bytes,     797840 total
[2020-09-11T16:41:14.723+0000][1][gc,age       ] GC(125) - age   3:      64792 bytes,     862632 total
[2020-09-11T16:41:14.723+0000][1][gc,age       ] GC(125) - age   4:      16648 bytes,     879280 total
[2020-09-11T16:41:14.723+0000][1][gc,age       ] GC(125) - age   5:     123688 bytes,    1002968 total
[2020-09-11T16:41:14.723+0000][1][gc,age       ] GC(125) - age   6:      10648 bytes,    1013616 total
[2020-09-11T16:41:14.723+0000][1][gc,heap      ] GC(125) ParNew: 69129K->1599K(76672K)
[2020-09-11T16:41:14.723+0000][1][gc,heap      ] GC(125) CMS: 106020K->106116K(439104K)
[2020-09-11T16:41:14.723+0000][1][gc,metaspace ] GC(125) Metaspace: 96168K->96168K(1138688K)
[2020-09-11T16:41:14.723+0000][1][gc           ] GC(125) Pause Young (Allocation Failure) 171M->105M(503M) 9.495ms
[2020-09-11T16:41:14.723+0000][1][gc,cpu       ] GC(125) User=0.00s Sys=0.00s Real=0.01s
[2020-09-11T16:41:14.723+0000][1][safepoint    ] Safepoint "GenCollectForAllocation", Time since last: 936460786 ns, Reaching safepoint: 169182 ns, At safepoint: 9635185 ns, Total: 9804367 ns
[2020-09-11T16:41:15.724+0000][1][safepoint    ] Safepoint "Cleanup", Time since last: 1000270112 ns, Reaching safepoint: 100634 ns, At safepoint: 18702 ns, Total: 119336 ns
[2020-09-11T16:41:16.724+0000][1][safepoint    ] Safepoint "Cleanup", Time since last: 1000108747 ns, Reaching safepoint: 84019 ns, At safepoint: 18070 ns, Total: 102089 ns
[2020-09-11T16:41:17.724+0000][1][safepoint    ] Safepoint "Cleanup", Time since last: 1000106738 ns, Reaching safepoint: 85647 ns, At safepoint: 19038 ns, Total: 104685 ns
[2020-09-11T16:41:18.724+0000][1][safepoint    ] Safepoint "Cleanup", Time since last: 1000106678 ns, Reaching safepoint: 81673 ns, At safepoint: 17830 ns, Total: 99503 ns
[2020-09-11T16:41:19.724+0000][1][safepoint    ] Safepoint "Cleanup", Time since last: 1000108463 ns, Reaching safepoint: 85656 ns, At safepoint: 8755 ns, Total: 94411 ns
[2020-09-11T16:41:20.725+0000][1][safepoint    ] Safepoint "Cleanup", Time since last: 1000107156 ns, Reaching safepoint: 133574 ns, At safepoint: 7269 ns, Total: 140843 ns
[2020-09-11T16:41:20.836+0000][1][safepoint    ] Safepoint "RevokeBias", Time since last: 110939582 ns, Reaching safepoint: 105287 ns, At safepoint: 23276 ns, Total: 128563 ns
[2020-09-11T16:41:21.411+0000][1][safepoint    ] Safepoint "RevokeBias", Time since last: 574815937 ns, Reaching safepoint: 175998 ns, At safepoint: 29990 ns, Total: 205988 ns
[2020-09-11T16:41:22.411+0000][1][safepoint    ] Safepoint "Cleanup", Time since last: 1000112585 ns, Reaching safepoint: 87904 ns, At safepoint: 14894 ns, Total: 102798 ns
[2020-09-11T16:41:23.411+0000][1][safepoint    ] Safepoint "Cleanup", Time since last: 1000115597 ns, Reaching safepoint: 88304 ns, At safepoint: 11079 ns, Total: 99383 ns
[2020-09-11T16:41:23.601+0000][1][safepoint    ] Safepoint "BulkRevokeBias", Time since last: 187217387 ns, Reaching safepoint: 2584383 ns, At safepoint: 564173 ns, Total: 3148556 ns
[2020-09-11T16:41:23.641+0000][1][safepoint    ] Safepoint "RevokeBias", Time since last: 36389072 ns, Reaching safepoint: 2998883 ns, At safepoint: 31631 ns, Total: 3030514 ns
[2020-09-11T16:41:23.825+0000][1][safepoint    ] Safepoint "RevokeBias", Time since last: 183504204 ns, Reaching safepoint: 93767 ns, At safepoint: 22663 ns, Total: 116430 ns
[2020-09-11T16:41:24.825+0000][1][safepoint    ] Safepoint "Cleanup", Time since last: 1000119422 ns, Reaching safepoint: 87741 ns, At safepoint: 37430 ns, Total: 125171 ns
[2020-09-11T16:41:25.825+0000][1][safepoint    ] Safepoint "Cleanup", Time since last: 1000155342 ns, Reaching safepoint: 90402 ns, At safepoint: 9778 ns, Total: 100180 ns
[2020-09-11T16:41:26.825+0000][1][safepoint    ] Safepoint "Cleanup", Time since last: 1000116440 ns, Reaching safepoint: 91960 ns, At safepoint: 12226 ns, Total: 104186 ns
[2020-09-11T16:41:27.825+0000][1][safepoint    ] Safepoint "Cleanup", Time since last: 1000114931 ns, Reaching safepoint: 85582 ns, At safepoint: 7961 ns, Total: 93543 ns
[2020-09-11T16:41:28.826+0000][1][safepoint    ] Safepoint "Cleanup", Time since last: 1000113788 ns, Reaching safepoint: 88680 ns, At safepoint: 10873 ns, Total: 99553 ns
[2020-09-11T16:41:29.826+0000][1][safepoint    ] Safepoint "Cleanup", Time since last: 1000114407 ns, Reaching safepoint: 87496 ns, At safepoint: 10940 ns, Total: 98436 ns
[2020-09-11T16:41:30.717+0000][1][safepoint    ] Safepoint "RevokeBias", Time since last: 890551630 ns, Reaching safepoint: 171269 ns, At safepoint: 23632 ns, Total: 194901 ns
[2020-09-11T16:41:31.717+0000][1][safepoint    ] Safepoint "Cleanup", Time since last: 1000128540 ns, Reaching safepoint: 132358 ns, At safepoint: 8185 ns, Total: 140543 ns
[2020-09-11T16:41:32.717+0000][1][safepoint    ] Safepoint "Cleanup", Time since last: 1000110358 ns, Reaching safepoint: 90843 ns, At safepoint: 10808 ns, Total: 101651 ns
[2020-09-11T16:41:32.745+0000][1][safepoint    ] Safepoint "RevokeBias", Time since last: 27394647 ns, Reaching safepoint: 173684 ns, At safepoint: 30123 ns, Total: 203807 ns
[2020-09-11T16:41:33.577+0000][1][safepoint    ] Safepoint "RevokeBias", Time since last: 828833165 ns, Reaching safepoint: 3371674 ns, At safepoint: 221854 ns, Total: 3593528 ns
[2020-09-11T16:41:33.738+0000][1][safepoint    ] Safepoint "RevokeBias", Time since last: 160254102 ns, Reaching safepoint: 98700 ns, At safepoint: 24299 ns, Total: 122999 ns
[2020-09-11T16:41:34.738+0000][1][safepoint    ] Safepoint "Cleanup", Time since last: 1000114316 ns, Reaching safepoint: 85773 ns, At safepoint: 8544 ns, Total: 94317 ns
[2020-09-11T16:41:35.229+0000][1][gc,start     ] GC(126) Pause Young (Allocation Failure)
[2020-09-11T16:41:35.229+0000][1][gc,task      ] GC(126) Using 1 workers of 1 for evacuation
[2020-09-11T16:41:35.245+0000][1][gc,age       ] GC(126) Desired survivor size 4358144 bytes, new threshold 6 (max threshold 6)
[2020-09-11T16:41:35.245+0000][1][gc,age       ] GC(126) Age table with threshold 6 (max threshold 6)
[2020-09-11T16:41:35.245+0000][1][gc,age       ] GC(126) - age   1:     264696 bytes,     264696 total
[2020-09-11T16:41:35.245+0000][1][gc,age       ] GC(126) - age   2:     615048 bytes,     879744 total
[2020-09-11T16:41:35.245+0000][1][gc,age       ] GC(126) - age   3:     123328 bytes,    1003072 total
[2020-09-11T16:41:35.245+0000][1][gc,age       ] GC(126) - age   4:      63336 bytes,    1066408 total
[2020-09-11T16:41:35.245+0000][1][gc,age       ] GC(126) - age   5:      15672 bytes,    1082080 total
[2020-09-11T16:41:35.245+0000][1][gc,age       ] GC(126) - age   6:       8552 bytes,    1090632 total
[2020-09-11T16:41:35.245+0000][1][gc,heap      ] GC(126) ParNew: 69759K->1884K(76672K)
[2020-09-11T16:41:35.245+0000][1][gc,heap      ] GC(126) CMS: 106116K->106126K(439104K)
[2020-09-11T16:41:35.245+0000][1][gc,metaspace ] GC(126) Metaspace: 96182K->96182K(1138688K)
[2020-09-11T16:41:35.245+0000][1][gc           ] GC(126) Pause Young (Allocation Failure) 171M->105M(503M) 15.686ms
[2020-09-11T16:41:35.245+0000][1][gc,cpu       ] GC(126) User=0.01s Sys=0.00s Real=0.02s
[2020-09-11T16:41:35.245+0000][1][safepoint    ] Safepoint "GenCollectForAllocation", Time since last: 491465529 ns, Reaching safepoint: 83421 ns, At safepoint: 15755114 ns, Total: 15838535 ns
[2020-09-11T16:41:36.246+0000][1][safepoint    ] Safepoint "Cleanup", Time since last: 1000788084 ns, Reaching safepoint: 91663 ns, At safepoint: 26581 ns, Total: 118244 ns
[2020-09-11T16:41:37.247+0000][1][safepoint    ] Safepoint "Cleanup", Time since last: 1000746024 ns, Reaching safepoint: 87759 ns, At safepoint: 15028 ns, Total: 102787 ns
[2020-09-11T16:41:37.466+0000][1][safepoint    ] Safepoint "RevokeBias", Time since last: 219234213 ns, Reaching safepoint: 77790 ns, At safepoint: 21529 ns, Total: 99319 ns
[2020-09-11T16:41:37.467+0000][1][safepoint    ] Safepoint "RevokeBias", Time since last: 517737 ns, Reaching safepoint: 36192 ns, At safepoint: 14698 ns, Total: 50890 ns
[2020-09-11T16:41:38.473+0000][1][safepoint    ] Safepoint "Cleanup", Time since last: 1006087923 ns, Reaching safepoint: 104677 ns, At safepoint: 27359 ns, Total: 132036 ns
[2020-09-11T16:41:39.477+0000][1][safepoint    ] Safepoint "Cleanup", Time since last: 1003577394 ns, Reaching safepoint: 89412 ns, At safepoint: 10964 ns, Total: 100376 ns
[2020-09-11T16:41:40.477+0000][1][safepoint    ] Safepoint "Cleanup", Time since last: 1000120765 ns, Reaching safepoint: 128408 ns, At safepoint: 8241 ns, Total: 136649 ns
[2020-09-11T16:41:40.718+0000][1][safepoint    ] Safepoint "RevokeBias", Time since last: 241188262 ns, Reaching safepoint: 270320 ns, At safepoint: 28556 ns, Total: 298876 ns
[2020-09-11T16:41:40.866+0000][1][safepoint    ] Safepoint "RevokeBias", Time since last: 147236860 ns, Reaching safepoint: 170513 ns, At safepoint: 25923 ns, Total: 196436 ns
[2020-09-11T16:41:41.866+0000][1][safepoint    ] Safepoint "Cleanup", Time since last: 1000131716 ns, Reaching safepoint: 152325 ns, At safepoint: 13054 ns, Total: 165379 ns
[2020-09-11T16:41:42.866+0000][1][safepoint    ] Safepoint "Cleanup", Time since last: 1000204362 ns, Reaching safepoint: 99299 ns, At safepoint: 10980 ns, Total: 110279 ns
[2020-09-11T16:41:43.750+0000][1][safepoint    ] Safepoint "RevokeBias", Time since last: 881674783 ns, Reaching safepoint: 1201830 ns, At safepoint: 781116 ns, Total: 1982946 ns
[2020-09-11T16:41:44.753+0000][1][safepoint    ] Safepoint "Cleanup", Time since last: 1002737740 ns, Reaching safepoint: 136519 ns, At safepoint: 9166 ns, Total: 145685 ns
[2020-09-11T16:41:45.368+0000][1][safepoint    ] Safepoint "RevokeBias", Time since last: 614792329 ns, Reaching safepoint: 101091 ns, At safepoint: 24941 ns, Total: 126032 ns
[2020-09-11T16:41:46.371+0000][1][safepoint    ] Safepoint "Cleanup", Time since last: 1002693067 ns, Reaching safepoint: 98152 ns, At safepoint: 9333 ns, Total: 107485 ns
[2020-09-11T16:41:47.371+0000][1][safepoint    ] Safepoint "Cleanup", Time since last: 1000106951 ns, Reaching safepoint: 90367 ns, At safepoint: 11334 ns, Total: 101701 ns
[2020-09-11T16:41:48.371+0000][1][safepoint    ] Safepoint "Cleanup", Time since last: 1000118911 ns, Reaching safepoint: 90348 ns, At safepoint: 8511 ns, Total: 98859 ns
[2020-09-11T16:41:49.371+0000][1][safepoint    ] Safepoint "Cleanup", Time since last: 1000115051 ns, Reaching safepoint: 88912 ns, At safepoint: 11362 ns, Total: 100274 ns
[2020-09-11T16:41:50.371+0000][1][safepoint    ] Safepoint "Cleanup", Time since last: 1000111574 ns, Reaching safepoint: 86371 ns, At safepoint: 8978 ns, Total: 95349 ns
[2020-09-11T16:41:51.372+0000][1][safepoint    ] Safepoint "Cleanup", Time since last: 1000248004 ns, Reaching safepoint: 497979 ns, At safepoint: 9903 ns, Total: 507882 ns
[2020-09-11T16:41:53.565+0000][1][safepoint    ] Safepoint "RevokeBias", Time since last: 2189640122 ns, Reaching safepoint: 2678013 ns, At safepoint: 25261 ns, Total: 2703274 ns
[2020-09-11T16:41:54.565+0000][1][safepoint    ] Safepoint "Cleanup", Time since last: 1000119941 ns, Reaching safepoint: 166025 ns, At safepoint: 8954 ns, Total: 174979 ns
[2020-09-11T16:41:56.002+0000][1][safepoint    ] Safepoint "Cleanup", Time since last: 1436555266 ns, Reaching safepoint: 147147 ns, At safepoint: 12606 ns, Total: 159753 ns
[2020-09-11T16:41:57.002+0000][1][safepoint    ] Safepoint "Cleanup", Time since last: 1000120685 ns, Reaching safepoint: 152730 ns, At safepoint: 12032 ns, Total: 164762 ns
[2020-09-11T16:41:58.002+0000][1][safepoint    ] Safepoint "Cleanup", Time since last: 1000116176 ns, Reaching safepoint: 161353 ns, At safepoint: 18377 ns, Total: 179730 ns
[2020-09-11T16:41:59.002+0000][1][safepoint    ] Safepoint "Cleanup", Time since last: 1000129392 ns, Reaching safepoint: 143335 ns, At safepoint: 8658 ns, Total: 151993 ns
[2020-09-11T16:41:59.753+0000][1][gc,start     ] GC(127) Pause Young (Allocation Failure)
[2020-09-11T16:41:59.753+0000][1][gc,task      ] GC(127) Using 1 workers of 1 for evacuation
[2020-09-11T16:41:59.762+0000][1][gc,age       ] GC(127) Desired survivor size 4358144 bytes, new threshold 6 (max threshold 6)
[2020-09-11T16:41:59.762+0000][1][gc,age       ] GC(127) Age table with threshold 6 (max threshold 6)
[2020-09-11T16:41:59.762+0000][1][gc,age       ] GC(127) - age   1:     193312 bytes,     193312 total
[2020-09-11T16:41:59.762+0000][1][gc,age       ] GC(127) - age   2:     210536 bytes,     403848 total
[2020-09-11T16:41:59.762+0000][1][gc,age       ] GC(127) - age   3:     595360 bytes,     999208 total
[2020-09-11T16:41:59.762+0000][1][gc,age       ] GC(127) - age   4:     123328 bytes,    1122536 total
[2020-09-11T16:41:59.762+0000][1][gc,age       ] GC(127) - age   5:      63336 bytes,    1185872 total
[2020-09-11T16:41:59.762+0000][1][gc,age       ] GC(127) - age   6:       7032 bytes,    1192904 total
[2020-09-11T16:41:59.762+0000][1][gc,heap      ] GC(127) ParNew: 70044K->1269K(76672K)
[2020-09-11T16:41:59.762+0000][1][gc,heap      ] GC(127) CMS: 106126K->106135K(439104K)
[2020-09-11T16:41:59.762+0000][1][gc,metaspace ] GC(127) Metaspace: 96252K->96252K(1138688K)
[2020-09-11T16:41:59.762+0000][1][gc           ] GC(127) Pause Young (Allocation Failure) 172M->104M(503M) 9.504ms
[2020-09-11T16:41:59.762+0000][1][gc,cpu       ] GC(127) User=0.01s Sys=0.00s Real=0.01s
[2020-09-11T16:41:59.763+0000][1][safepoint    ] Safepoint "GenCollectForAllocation", Time since last: 750284116 ns, Reaching safepoint: 229966 ns, At safepoint: 9617247 ns, Total: 9847213 ns
[2020-09-11T16:42:00.763+0000][1][safepoint    ] Safepoint "Cleanup", Time since last: 1000271208 ns, Reaching safepoint: 136943 ns, At safepoint: 9753 ns, Total: 146696 ns
[2020-09-11T16:42:01.763+0000][1][safepoint    ] Safepoint "Cleanup", Time since last: 1000105981 ns, Reaching safepoint: 137593 ns, At safepoint: 9291 ns, Total: 146884 ns
[2020-09-11T16:42:02.764+0000][1][safepoint    ] Safepoint "Cleanup", Time since last: 1000106626 ns, Reaching safepoint: 136323 ns, At safepoint: 9977 ns, Total: 146300 ns
[2020-09-11T16:42:03.764+0000][1][safepoint    ] Safepoint "Cleanup", Time since last: 1000109323 ns, Reaching safepoint: 142258 ns, At safepoint: 9369 ns, Total: 151627 ns
[2020-09-11T16:42:04.764+0000][1][safepoint    ] Safepoint "Cleanup", Time since last: 1000115398 ns, Reaching safepoint: 172007 ns, At safepoint: 10017 ns, Total: 182024 ns
[2020-09-11T16:42:07.965+0000][1][safepoint    ] Safepoint "Cleanup", Time since last: 3200325139 ns, Reaching safepoint: 142734 ns, At safepoint: 9185 ns, Total: 151919 ns
[2020-09-11T16:42:09.503+0000][1][safepoint    ] Safepoint "RevokeBias", Time since last: 1537819163 ns, Reaching safepoint: 241435 ns, At safepoint: 152224 ns, Total: 393659 ns
[2020-09-11T16:42:10.702+0000][1][safepoint    ] Safepoint "Cleanup", Time since last: 1199529244 ns, Reaching safepoint: 124714 ns, At safepoint: 8628 ns, Total: 133342 ns
[2020-09-11T16:42:10.931+0000][1][safepoint    ] Safepoint "RevokeBias", Time since last: 228460505 ns, Reaching safepoint: 145640 ns, At safepoint: 173080 ns, Total: 318720 ns
[2020-09-11T16:42:11.931+0000][1][safepoint    ] Safepoint "Cleanup", Time since last: 1000121589 ns, Reaching safepoint: 132983 ns, At safepoint: 9344 ns, Total: 142327 ns
[2020-09-11T16:42:12.539+0000][1][safepoint    ] Safepoint "RevokeBias", Time since last: 604323794 ns, Reaching safepoint: 1682520 ns, At safepoint: 1186408 ns, Total: 2868928 ns
[2020-09-11T16:42:13.541+0000][1][safepoint    ] Safepoint "Cleanup", Time since last: 1000103949 ns, Reaching safepoint: 2135485 ns, At safepoint: 15513 ns, Total: 2150998 ns
[2020-09-11T16:42:14.674+0000][1][safepoint    ] Safepoint "RevokeBias", Time since last: 1133364445 ns, Reaching safepoint: 138654 ns, At safepoint: 28706 ns, Total: 167360 ns
[2020-09-11T16:42:15.675+0000][1][safepoint    ] Safepoint "Cleanup", Time since last: 1000109091 ns, Reaching safepoint: 148278 ns, At safepoint: 11355 ns, Total: 159633 ns
[2020-09-11T16:42:16.675+0000][1][safepoint    ] Safepoint "Cleanup", Time since last: 1000117437 ns, Reaching safepoint: 130109 ns, At safepoint: 9123 ns, Total: 139232 ns
[2020-09-11T16:42:17.675+0000][1][safepoint    ] Safepoint "Cleanup", Time since last: 1000121110 ns, Reaching safepoint: 134621 ns, At safepoint: 9160 ns, Total: 143781 ns
[2020-09-11T16:42:18.676+0000][1][safepoint    ] Safepoint "Cleanup", Time since last: 1000123532 ns, Reaching safepoint: 134788 ns, At safepoint: 12003 ns, Total: 146791 ns
[2020-09-11T16:42:19.676+0000][1][safepoint    ] Safepoint "Cleanup", Time since last: 1000118437 ns, Reaching safepoint: 143767 ns, At safepoint: 11761 ns, Total: 155528 ns
[2020-09-11T16:42:20.704+0000][1][safepoint    ] Safepoint "Cleanup", Time since last: 1027963807 ns, Reaching safepoint: 140555 ns, At safepoint: 11435 ns, Total: 151990 ns
[2020-09-11T16:42:27.028+0000][1][safepoint    ] Safepoint "RevokeBias", Time since last: 6323843883 ns, Reaching safepoint: 152675 ns, At safepoint: 142001 ns, Total: 294676 ns
[2020-09-11T16:42:28.028+0000][1][safepoint    ] Safepoint "Cleanup", Time since last: 1000106500 ns, Reaching safepoint: 139836 ns, At safepoint: 8644 ns, Total: 148480 ns
[2020-09-11T16:42:29.029+0000][1][safepoint    ] Safepoint "Cleanup", Time since last: 1000095398 ns, Reaching safepoint: 140669 ns, At safepoint: 8567 ns, Total: 149236 ns
[2020-09-11T16:42:29.385+0000][1][safepoint    ] Safepoint "RevokeBias", Time since last: 356482979 ns, Reaching safepoint: 161335 ns, At safepoint: 164957 ns, Total: 326292 ns
[2020-09-11T16:42:29.606+0000][1][safepoint    ] Safepoint "RevokeBias", Time since last: 220194217 ns, Reaching safepoint: 597753 ns, At safepoint: 27525 ns, Total: 625278 ns
[2020-09-11T16:42:30.606+0000][1][safepoint    ] Safepoint "Cleanup", Time since last: 1000112155 ns, Reaching safepoint: 89495 ns, At safepoint: 11131 ns, Total: 100626 ns
[2020-09-11T16:42:31.607+0000][1][safepoint    ] Safepoint "Cleanup", Time since last: 1000119882 ns, Reaching safepoint: 134206 ns, At safepoint: 9294 ns, Total: 143500 ns
[2020-09-11T16:42:31.618+0000][1][gc,start     ] GC(128) Pause Young (Allocation Failure)
[2020-09-11T16:42:31.618+0000][1][gc,task      ] GC(128) Using 1 workers of 1 for evacuation
[2020-09-11T16:42:31.627+0000][1][gc,age       ] GC(128) Desired survivor size 4358144 bytes, new threshold 6 (max threshold 6)
[2020-09-11T16:42:31.627+0000][1][gc,age       ] GC(128) Age table with threshold 6 (max threshold 6)
[2020-09-11T16:42:31.627+0000][1][gc,age       ] GC(128) - age   1:     166624 bytes,     166624 total
[2020-09-11T16:42:31.627+0000][1][gc,age       ] GC(128) - age   2:      21208 bytes,     187832 total
[2020-09-11T16:42:31.627+0000][1][gc,age       ] GC(128) - age   3:     205280 bytes,     393112 total
[2020-09-11T16:42:31.627+0000][1][gc,age       ] GC(128) - age   4:     595264 bytes,     988376 total
[2020-09-11T16:42:31.627+0000][1][gc,age       ] GC(128) - age   5:     123328 bytes,    1111704 total
[2020-09-11T16:42:31.627+0000][1][gc,age       ] GC(128) - age   6:      14224 bytes,    1125928 total
[2020-09-11T16:42:31.627+0000][1][gc,heap      ] GC(128) ParNew: 69429K->2064K(76672K)
[2020-09-11T16:42:31.627+0000][1][gc,heap      ] GC(128) CMS: 106135K->106142K(439104K)
[2020-09-11T16:42:31.627+0000][1][gc,metaspace ] GC(128) Metaspace: 96256K->96256K(1138688K)
[2020-09-11T16:42:31.627+0000][1][gc           ] GC(128) Pause Young (Allocation Failure) 171M->105M(503M) 9.172ms
[2020-09-11T16:42:31.627+0000][1][gc,cpu       ] GC(128) User=0.01s Sys=0.00s Real=0.01s
[2020-09-11T16:42:31.627+0000][1][safepoint    ] Safepoint "GenCollectForAllocation", Time since last: 11092288 ns, Reaching safepoint: 116574 ns, At safepoint: 9246129 ns, Total: 9362703 ns
[2020-09-11T16:42:31.652+0000][1][safepoint    ] Safepoint "RevokeBias", Time since last: 24731853 ns, Reaching safepoint: 90834 ns, At safepoint: 35935 ns, Total: 126769 ns
[2020-09-11T16:42:31.771+0000][1][safepoint    ] Safepoint "BulkRevokeBias", Time since last: 118512221 ns, Reaching safepoint: 92188 ns, At safepoint: 368802 ns, Total: 460990 ns
[2020-09-11T16:42:32.778+0000][1][safepoint    ] Safepoint "Cleanup", Time since last: 1007469305 ns, Reaching safepoint: 86026 ns, At safepoint: 20862 ns, Total: 106888 ns
[2020-09-11T16:42:33.577+0000][1][safepoint    ] Safepoint "RevokeBias", Time since last: 795392467 ns, Reaching safepoint: 3035971 ns, At safepoint: 268263 ns, Total: 3304234 ns
[2020-09-11T16:42:33.834+0000][1][safepoint    ] Safepoint "RevokeBias", Time since last: 256818663 ns, Reaching safepoint: 98912 ns, At safepoint: 28197 ns, Total: 127109 ns
[2020-09-11T16:42:34.834+0000][1][safepoint    ] Safepoint "Cleanup", Time since last: 1000110299 ns, Reaching safepoint: 96988 ns, At safepoint: 12227 ns, Total: 109215 ns
[2020-09-11T16:42:35.835+0000][1][safepoint    ] Safepoint "Cleanup", Time since last: 1000120287 ns, Reaching safepoint: 95580 ns, At safepoint: 9205 ns, Total: 104785 ns
[2020-09-11T16:42:36.835+0000][1][safepoint    ] Safepoint "Cleanup", Time since last: 1000129585 ns, Reaching safepoint: 96280 ns, At safepoint: 11054 ns, Total: 107334 ns
[2020-09-11T16:42:37.835+0000][1][safepoint    ] Safepoint "Cleanup", Time since last: 1000120634 ns, Reaching safepoint: 87056 ns, At safepoint: 8240 ns, Total: 95296 ns
[2020-09-11T16:42:38.837+0000][1][safepoint    ] Safepoint "Cleanup", Time since last: 1001744080 ns, Reaching safepoint: 90860 ns, At safepoint: 10022 ns, Total: 100882 ns
[2020-09-11T16:42:39.837+0000][1][safepoint    ] Safepoint "Cleanup", Time since last: 1000108928 ns, Reaching safepoint: 89753 ns, At safepoint: 12013 ns, Total: 101766 ns
[2020-09-11T16:42:40.765+0000][1][safepoint    ] Safepoint "RevokeBias", Time since last: 927753258 ns, Reaching safepoint: 108235 ns, At safepoint: 24755 ns, Total: 132990 ns
[2020-09-11T16:42:40.879+0000][1][safepoint    ] Safepoint "RevokeBias", Time since last: 114119003 ns, Reaching safepoint: 174629 ns, At safepoint: 25461 ns, Total: 200090 ns
[2020-09-11T16:42:41.881+0000][1][safepoint    ] Safepoint "Cleanup", Time since last: 1001572990 ns, Reaching safepoint: 114340 ns, At safepoint: 11483 ns, Total: 125823 ns
[2020-09-11T16:42:42.881+0000][1][safepoint    ] Safepoint "Cleanup", Time since last: 1000107737 ns, Reaching safepoint: 94585 ns, At safepoint: 7661 ns, Total: 102246 ns
[2020-09-11T16:42:43.658+0000][1][safepoint    ] Safepoint "RevokeBias", Time since last: 776777158 ns, Reaching safepoint: 296732 ns, At safepoint: 23062 ns, Total: 319794 ns
[2020-09-11T16:42:43.869+0000][1][safepoint    ] Safepoint "RevokeBias", Time since last: 210171489 ns, Reaching safepoint: 96624 ns, At safepoint: 23539 ns, Total: 120163 ns
[2020-09-11T16:42:44.869+0000][1][safepoint    ] Safepoint "Cleanup", Time since last: 1000109310 ns, Reaching safepoint: 112646 ns, At safepoint: 10462 ns, Total: 123108 ns
[2020-09-11T16:42:45.869+0000][1][safepoint    ] Safepoint "Cleanup", Time since last: 1000116050 ns, Reaching safepoint: 96333 ns, At safepoint: 11430 ns, Total: 107763 ns
[2020-09-11T16:42:46.869+0000][1][safepoint    ] Safepoint "Cleanup", Time since last: 1000116129 ns, Reaching safepoint: 88824 ns, At safepoint: 11082 ns, Total: 99906 ns
[2020-09-11T16:42:47.869+0000][1][safepoint    ] Safepoint "Cleanup", Time since last: 1000110133 ns, Reaching safepoint: 87467 ns, At safepoint: 8548 ns, Total: 96015 ns
[2020-09-11T16:42:48.870+0000][1][safepoint    ] Safepoint "Cleanup", Time since last: 1000110948 ns, Reaching safepoint: 88439 ns, At safepoint: 10480 ns, Total: 98919 ns
[2020-09-11T16:42:49.870+0000][1][safepoint    ] Safepoint "Cleanup", Time since last: 1000112131 ns, Reaching safepoint: 88328 ns, At safepoint: 8165 ns, Total: 96493 ns
[2020-09-11T16:42:50.758+0000][1][safepoint    ] Safepoint "RevokeBias", Time since last: 887581585 ns, Reaching safepoint: 101827 ns, At safepoint: 23513 ns, Total: 125340 ns
[2020-09-11T16:42:50.864+0000][1][safepoint    ] Safepoint "RevokeBias", Time since last: 105838788 ns, Reaching safepoint: 182281 ns, At safepoint: 24478 ns, Total: 206759 ns
[2020-09-11T16:42:51.864+0000][1][safepoint    ] Safepoint "Cleanup", Time since last: 1000115322 ns, Reaching safepoint: 86134 ns, At safepoint: 8358 ns, Total: 94492 ns
[2020-09-11T16:42:52.864+0000][1][safepoint    ] Safepoint "Cleanup", Time since last: 1000116337 ns, Reaching safepoint: 85804 ns, At safepoint: 8395 ns, Total: 94199 ns
[2020-09-11T16:42:53.159+0000][1][gc,start     ] GC(129) Pause Young (Allocation Failure)
[2020-09-11T16:42:53.159+0000][1][gc,task      ] GC(129) Using 1 workers of 1 for evacuation
[2020-09-11T16:42:53.175+0000][1][gc,age       ] GC(129) Desired survivor size 4358144 bytes, new threshold 6 (max threshold 6)
[2020-09-11T16:42:53.175+0000][1][gc,age       ] GC(129) Age table with threshold 6 (max threshold 6)
[2020-09-11T16:42:53.175+0000][1][gc,age       ] GC(129) - age   1:     118416 bytes,     118416 total
[2020-09-11T16:42:53.175+0000][1][gc,age       ] GC(129) - age   2:      67856 bytes,     186272 total
[2020-09-11T16:42:53.175+0000][1][gc,age       ] GC(129) - age   3:      19928 bytes,     206200 total
[2020-09-11T16:42:53.175+0000][1][gc,age       ] GC(129) - age   4:     203744 bytes,     409944 total
[2020-09-11T16:42:53.175+0000][1][gc,age       ] GC(129) - age   5:     595264 bytes,    1005208 total
[2020-09-11T16:42:53.175+0000][1][gc,age       ] GC(129) - age   6:     107560 bytes,    1112768 total
[2020-09-11T16:42:53.175+0000][1][gc,heap      ] GC(129) ParNew: 70224K->1340K(76672K)
[2020-09-11T16:42:53.175+0000][1][gc,heap      ] GC(129) CMS: 106142K->106151K(439104K)
[2020-09-11T16:42:53.175+0000][1][gc,metaspace ] GC(129) Metaspace: 96297K->96297K(1138688K)
[2020-09-11T16:42:53.175+0000][1][gc           ] GC(129) Pause Young (Allocation Failure) 172M->104M(503M) 16.287ms
[2020-09-11T16:42:53.175+0000][1][gc,cpu       ] GC(129) User=0.01s Sys=0.00s Real=0.02s
[2020-09-11T16:42:53.179+0000][1][safepoint    ] Safepoint "GenCollectForAllocation", Time since last: 294653299 ns, Reaching safepoint: 170997 ns, At safepoint: 19977945 ns, Total: 20148942 ns
[2020-09-11T16:42:53.742+0000][1][safepoint    ] Safepoint "RevokeBias", Time since last: 562281135 ns, Reaching safepoint: 249389 ns, At safepoint: 223842 ns, Total: 473231 ns
[2020-09-11T16:42:53.985+0000][1][safepoint    ] Safepoint "RevokeBias", Time since last: 242784030 ns, Reaching safepoint: 103369 ns, At safepoint: 23118 ns, Total: 126487 ns
[2020-09-11T16:42:54.985+0000][1][safepoint    ] Safepoint "Cleanup", Time since last: 1000114579 ns, Reaching safepoint: 127104 ns, At safepoint: 7746 ns, Total: 134850 ns
[2020-09-11T16:42:55.985+0000][1][safepoint    ] Safepoint "Cleanup", Time since last: 1000113948 ns, Reaching safepoint: 94773 ns, At safepoint: 11600 ns, Total: 106373 ns
[2020-09-11T16:42:56.985+0000][1][safepoint    ] Safepoint "Cleanup", Time since last: 1000115844 ns, Reaching safepoint: 86202 ns, At safepoint: 8540 ns, Total: 94742 ns
[2020-09-11T16:42:57.985+0000][1][safepoint    ] Safepoint "Cleanup", Time since last: 1000124792 ns, Reaching safepoint: 97682 ns, At safepoint: 11559 ns, Total: 109241 ns
[2020-09-11T16:42:58.986+0000][1][safepoint    ] Safepoint "Cleanup", Time since last: 1000113321 ns, Reaching safepoint: 86750 ns, At safepoint: 9944 ns, Total: 96694 ns
[2020-09-11T16:42:59.986+0000][1][safepoint    ] Safepoint "Cleanup", Time since last: 1000111446 ns, Reaching safepoint: 87672 ns, At safepoint: 8012 ns, Total: 95684 ns
[2020-09-11T16:43:00.713+0000][1][safepoint    ] Safepoint "RevokeBias", Time since last: 726872331 ns, Reaching safepoint: 122450 ns, At safepoint: 35975 ns, Total: 158425 ns
[2020-09-11T16:43:00.879+0000][1][safepoint    ] Safepoint "RevokeBias", Time since last: 165817330 ns, Reaching safepoint: 173942 ns, At safepoint: 23976 ns, Total: 197918 ns
[2020-09-11T16:43:01.879+0000][1][safepoint    ] Safepoint "Cleanup", Time since last: 1000104614 ns, Reaching safepoint: 89697 ns, At safepoint: 10761 ns, Total: 100458 ns
[2020-09-11T16:43:02.879+0000][1][safepoint    ] Safepoint "Cleanup", Time since last: 1000140700 ns, Reaching safepoint: 92522 ns, At safepoint: 10946 ns, Total: 103468 ns
[2020-09-11T16:43:03.553+0000][1][safepoint    ] Safepoint "RevokeBias", Time since last: 668674133 ns, Reaching safepoint: 4700170 ns, At safepoint: 279863 ns, Total: 4980033 ns
[2020-09-11T16:43:03.704+0000][1][safepoint    ] Safepoint "RevokeBias", Time since last: 151209388 ns, Reaching safepoint: 97583 ns, At safepoint: 23248 ns, Total: 120831 ns
[2020-09-11T16:43:04.705+0000][1][safepoint    ] Safepoint "Cleanup", Time since last: 1000115678 ns, Reaching safepoint: 119579 ns, At safepoint: 12492 ns, Total: 132071 ns
[2020-09-11T16:43:05.705+0000][1][safepoint    ] Safepoint "Cleanup", Time since last: 1000123224 ns, Reaching safepoint: 106544 ns, At safepoint: 7388 ns, Total: 113932 ns
[2020-09-11T16:43:06.705+0000][1][safepoint    ] Safepoint "Cleanup", Time since last: 1000113215 ns, Reaching safepoint: 89146 ns, At safepoint: 11016 ns, Total: 100162 ns
[2020-09-11T16:43:07.705+0000][1][safepoint    ] Safepoint "Cleanup", Time since last: 1000108825 ns, Reaching safepoint: 90473 ns, At safepoint: 8396 ns, Total: 98869 ns
[2020-09-11T16:43:08.705+0000][1][safepoint    ] Safepoint "Cleanup", Time since last: 1000112632 ns, Reaching safepoint: 94885 ns, At safepoint: 8400 ns, Total: 103285 ns
[2020-09-11T16:43:09.706+0000][1][safepoint    ] Safepoint "Cleanup", Time since last: 1000122493 ns, Reaching safepoint: 90887 ns, At safepoint: 8343 ns, Total: 99230 ns
[2020-09-11T16:43:10.706+0000][1][safepoint    ] Safepoint "Cleanup", Time since last: 1000110581 ns, Reaching safepoint: 130801 ns, At safepoint: 8480 ns, Total: 139281 ns
[2020-09-11T16:43:10.763+0000][1][safepoint    ] Safepoint "RevokeBias", Time since last: 57113534 ns, Reaching safepoint: 92074 ns, At safepoint: 22696 ns, Total: 114770 ns
[2020-09-11T16:43:10.869+0000][1][safepoint    ] Safepoint "RevokeBias", Time since last: 105798694 ns, Reaching safepoint: 92221 ns, At safepoint: 24279 ns, Total: 116500 ns
[2020-09-11T16:43:11.869+0000][1][safepoint    ] Safepoint "Cleanup", Time since last: 1000105252 ns, Reaching safepoint: 86036 ns, At safepoint: 10611 ns, Total: 96647 ns
[2020-09-11T16:43:12.869+0000][1][safepoint    ] Safepoint "Cleanup", Time since last: 1000113998 ns, Reaching safepoint: 87826 ns, At safepoint: 11295 ns, Total: 99121 ns
[2020-09-11T16:43:13.434+0000][1][gc,start     ] GC(130) Pause Young (Allocation Failure)
[2020-09-11T16:43:13.434+0000][1][gc,task      ] GC(130) Using 1 workers of 1 for evacuation
[2020-09-11T16:43:13.443+0000][1][gc,age       ] GC(130) Desired survivor size 4358144 bytes, new threshold 6 (max threshold 6)
[2020-09-11T16:43:13.443+0000][1][gc,age       ] GC(130) Age table with threshold 6 (max threshold 6)
[2020-09-11T16:43:13.443+0000][1][gc,age       ] GC(130) - age   1:     576584 bytes,     576584 total
[2020-09-11T16:43:13.443+0000][1][gc,age       ] GC(130) - age   2:      46152 bytes,     622736 total
[2020-09-11T16:43:13.443+0000][1][gc,age       ] GC(130) - age   3:      64120 bytes,     686856 total
[2020-09-11T16:43:13.443+0000][1][gc,age       ] GC(130) - age   4:      19928 bytes,     706784 total
[2020-09-11T16:43:13.443+0000][1][gc,age       ] GC(130) - age   5:     203744 bytes,     910528 total
[2020-09-11T16:43:13.443+0000][1][gc,age       ] GC(130) - age   6:     318784 bytes,    1229312 total
[2020-09-11T16:43:13.443+0000][1][gc,heap      ] GC(130) ParNew: 69500K->1965K(76672K)
[2020-09-11T16:43:13.443+0000][1][gc,heap      ] GC(130) CMS: 106151K->106188K(439104K)
[2020-09-11T16:43:13.443+0000][1][gc,metaspace ] GC(130) Metaspace: 96314K->96314K(1138688K)
[2020-09-11T16:43:13.443+0000][1][gc           ] GC(130) Pause Young (Allocation Failure) 171M->105M(503M) 9.438ms
[2020-09-11T16:43:13.443+0000][1][gc,cpu       ] GC(130) User=0.01s Sys=0.00s Real=0.01s
[2020-09-11T16:43:13.444+0000][1][safepoint    ] Safepoint "GenCollectForAllocation", Time since last: 564281794 ns, Reaching safepoint: 173700 ns, At safepoint: 9565113 ns, Total: 9738813 ns
[2020-09-11T16:43:13.669+0000][1][safepoint    ] Safepoint "RevokeBias", Time since last: 222724517 ns, Reaching safepoint: 2665458 ns, At safepoint: 219094 ns, Total: 2884552 ns
[2020-09-11T16:43:14.273+0000][1][safepoint    ] Safepoint "RevokeBias", Time since last: 603835009 ns, Reaching safepoint: 91024 ns, At safepoint: 25937 ns, Total: 116961 ns
[2020-09-11T16:43:15.275+0000][1][safepoint    ] Safepoint "Cleanup", Time since last: 1001662660 ns, Reaching safepoint: 96543 ns, At safepoint: 7473 ns, Total: 104016 ns
[2020-09-11T16:43:16.275+0000][1][safepoint    ] Safepoint "Cleanup", Time since last: 1000119040 ns, Reaching safepoint: 88481 ns, At safepoint: 10874 ns, Total: 99355 ns
[2020-09-11T16:43:17.275+0000][1][safepoint    ] Safepoint "Cleanup", Time since last: 1000110053 ns, Reaching safepoint: 86805 ns, At safepoint: 7652 ns, Total: 94457 ns
[2020-09-11T16:43:18.275+0000][1][safepoint    ] Safepoint "Cleanup", Time since last: 1000113518 ns, Reaching safepoint: 91363 ns, At safepoint: 10676 ns, Total: 102039 ns
[2020-09-11T16:43:19.276+0000][1][safepoint    ] Safepoint "Cleanup", Time since last: 1000113503 ns, Reaching safepoint: 104403 ns, At safepoint: 7981 ns, Total: 112384 ns
[2020-09-11T16:43:20.276+0000][1][safepoint    ] Safepoint "Cleanup", Time since last: 1000105793 ns, Reaching safepoint: 115644 ns, At safepoint: 12545 ns, Total: 128189 ns
[2020-09-11T16:43:20.745+0000][1][safepoint    ] Safepoint "RevokeBias", Time since last: 468755287 ns, Reaching safepoint: 126643 ns, At safepoint: 25361 ns, Total: 152004 ns
[2020-09-11T16:43:20.868+0000][1][safepoint    ] Safepoint "RevokeBias", Time since last: 122780944 ns, Reaching safepoint: 169434 ns, At safepoint: 25048 ns, Total: 194482 ns
[2020-09-11T16:43:21.868+0000][1][safepoint    ] Safepoint "Cleanup", Time since last: 1000103088 ns, Reaching safepoint: 101595 ns, At safepoint: 7474 ns, Total: 109069 ns
[2020-09-11T16:43:22.868+0000][1][safepoint    ] Safepoint "Cleanup", Time since last: 1000114659 ns, Reaching safepoint: 97812 ns, At safepoint: 11889 ns, Total: 109701 ns
[2020-09-11T16:43:23.592+0000][1][safepoint    ] Safepoint "RevokeBias", Time since last: 723084480 ns, Reaching safepoint: 225059 ns, At safepoint: 211140 ns, Total: 436199 ns
[2020-09-11T16:43:23.757+0000][1][safepoint    ] Safepoint "RevokeBias", Time since last: 165274529 ns, Reaching safepoint: 227345 ns, At safepoint: 23425 ns, Total: 250770 ns
[2020-09-11T16:43:24.758+0000][1][safepoint    ] Safepoint "Cleanup", Time since last: 1000111492 ns, Reaching safepoint: 94589 ns, At safepoint: 12037 ns, Total: 106626 ns
[2020-09-11T16:43:25.758+0000][1][safepoint    ] Safepoint "Cleanup", Time since last: 1000113944 ns, Reaching safepoint: 102259 ns, At safepoint: 8367 ns, Total: 110626 ns
[2020-09-11T16:43:26.758+0000][1][safepoint    ] Safepoint "Cleanup", Time since last: 1000118996 ns, Reaching safepoint: 88850 ns, At safepoint: 11383 ns, Total: 100233 ns
[2020-09-11T16:43:27.758+0000][1][safepoint    ] Safepoint "Cleanup", Time since last: 1000130303 ns, Reaching safepoint: 85013 ns, At safepoint: 8242 ns, Total: 93255 ns
[2020-09-11T16:43:28.758+0000][1][safepoint    ] Safepoint "Cleanup", Time since last: 1000115305 ns, Reaching safepoint: 87531 ns, At safepoint: 10957 ns, Total: 98488 ns
[2020-09-11T16:43:29.759+0000][1][safepoint    ] Safepoint "Cleanup", Time since last: 1000116335 ns, Reaching safepoint: 86040 ns, At safepoint: 11447 ns, Total: 97487 ns
[2020-09-11T16:43:30.759+0000][1][safepoint    ] Safepoint "Cleanup", Time since last: 1000111400 ns, Reaching safepoint: 87789 ns, At safepoint: 8896 ns, Total: 96685 ns
[2020-09-11T16:43:30.771+0000][1][safepoint    ] Safepoint "RevokeBias", Time since last: 12000829 ns, Reaching safepoint: 88380 ns, At safepoint: 24428 ns, Total: 112808 ns
[2020-09-11T16:43:30.893+0000][1][safepoint    ] Safepoint "RevokeBias", Time since last: 122015737 ns, Reaching safepoint: 169587 ns, At safepoint: 24996 ns, Total: 194583 ns
[2020-09-11T16:43:31.893+0000][1][safepoint    ] Safepoint "Cleanup", Time since last: 1000120190 ns, Reaching safepoint: 88580 ns, At safepoint: 11057 ns, Total: 99637 ns
[2020-09-11T16:43:32.894+0000][1][safepoint    ] Safepoint "Cleanup", Time since last: 1000115019 ns, Reaching safepoint: 87883 ns, At safepoint: 9697 ns, Total: 97580 ns
[2020-09-11T16:43:33.459+0000][1][gc,start     ] GC(131) Pause Young (Allocation Failure)
[2020-09-11T16:43:33.459+0000][1][gc,task      ] GC(131) Using 1 workers of 1 for evacuation
[2020-09-11T16:43:33.464+0000][1][gc,age       ] GC(131) Desired survivor size 4358144 bytes, new threshold 6 (max threshold 6)
[2020-09-11T16:43:33.464+0000][1][gc,age       ] GC(131) Age table with threshold 6 (max threshold 6)
[2020-09-11T16:43:33.464+0000][1][gc,age       ] GC(131) - age   1:     465056 bytes,     465056 total
[2020-09-11T16:43:33.464+0000][1][gc,age       ] GC(131) - age   2:     419864 bytes,     884920 total
[2020-09-11T16:43:33.464+0000][1][gc,age       ] GC(131) - age   3:      38176 bytes,     923096 total
[2020-09-11T16:43:33.464+0000][1][gc,age       ] GC(131) - age   4:      62336 bytes,     985432 total
[2020-09-11T16:43:33.464+0000][1][gc,age       ] GC(131) - age   5:      19928 bytes,    1005360 total
[2020-09-11T16:43:33.464+0000][1][gc,age       ] GC(131) - age   6:     127872 bytes,    1133232 total
[2020-09-11T16:43:33.464+0000][1][gc,heap      ] GC(131) ParNew: 70125K->1146K(76672K)
[2020-09-11T16:43:33.464+0000][1][gc,heap      ] GC(131) CMS: 106188K->106416K(439104K)
[2020-09-11T16:43:33.464+0000][1][gc,metaspace ] GC(131) Metaspace: 96491K->96491K(1138688K)
[2020-09-11T16:43:33.464+0000][1][gc           ] GC(131) Pause Young (Allocation Failure) 172M->105M(503M) 5.187ms
[2020-09-11T16:43:33.464+0000][1][gc,cpu       ] GC(131) User=0.00s Sys=0.00s Real=0.01s
[2020-09-11T16:43:33.469+0000][1][safepoint    ] Safepoint "GenCollectForAllocation", Time since last: 565165053 ns, Reaching safepoint: 163154 ns, At safepoint: 10165500 ns, Total: 10328654 ns
[2020-09-11T16:43:33.678+0000][1][safepoint    ] Safepoint "RevokeBias", Time since last: 208064558 ns, Reaching safepoint: 221478 ns, At safepoint: 219163 ns, Total: 440641 ns
[2020-09-11T16:43:33.841+0000][1][safepoint    ] Safepoint "RevokeBias", Time since last: 163710998 ns, Reaching safepoint: 88758 ns, At safepoint: 23911 ns, Total: 112669 ns
[2020-09-11T16:43:34.842+0000][1][safepoint    ] Safepoint "Cleanup", Time since last: 1000102624 ns, Reaching safepoint: 159523 ns, At safepoint: 9493 ns, Total: 169016 ns
[2020-09-11T16:43:35.842+0000][1][safepoint    ] Safepoint "Cleanup", Time since last: 1000114321 ns, Reaching safepoint: 86612 ns, At safepoint: 11877 ns, Total: 98489 ns
[2020-09-11T16:43:36.842+0000][1][safepoint    ] Safepoint "Cleanup", Time since last: 1000151962 ns, Reaching safepoint: 86703 ns, At safepoint: 11183 ns, Total: 97886 ns
[2020-09-11T16:43:37.842+0000][1][safepoint    ] Safepoint "Cleanup", Time since last: 1000113620 ns, Reaching safepoint: 88728 ns, At safepoint: 9665 ns, Total: 98393 ns
[2020-09-11T16:43:38.843+0000][1][safepoint    ] Safepoint "Cleanup", Time since last: 1000116621 ns, Reaching safepoint: 98489 ns, At safepoint: 11545 ns, Total: 110034 ns
[2020-09-11T16:43:39.843+0000][1][safepoint    ] Safepoint "Cleanup", Time since last: 1000110919 ns, Reaching safepoint: 81991 ns, At safepoint: 10837 ns, Total: 92828 ns
[2020-09-11T16:43:40.721+0000][1][safepoint    ] Safepoint "RevokeBias", Time since last: 877846652 ns, Reaching safepoint: 100754 ns, At safepoint: 58848 ns, Total: 159602 ns
[2020-09-11T16:43:40.899+0000][1][safepoint    ] Safepoint "RevokeBias", Time since last: 177795697 ns, Reaching safepoint: 90400 ns, At safepoint: 22329 ns, Total: 112729 ns
[2020-09-11T16:43:41.899+0000][1][safepoint    ] Safepoint "Cleanup", Time since last: 1000105576 ns, Reaching safepoint: 85500 ns, At safepoint: 10203 ns, Total: 95703 ns
[2020-09-11T16:43:42.899+0000][1][safepoint    ] Safepoint "Cleanup", Time since last: 1000107795 ns, Reaching safepoint: 87514 ns, At safepoint: 8660 ns, Total: 96174 ns
[2020-09-11T16:43:43.577+0000][1][safepoint    ] Safepoint "RevokeBias", Time since last: 677223288 ns, Reaching safepoint: 582206 ns, At safepoint: 216882 ns, Total: 799088 ns
[2020-09-11T16:43:43.704+0000][1][safepoint    ] Safepoint "RevokeBias", Time since last: 126599474 ns, Reaching safepoint: 96524 ns, At safepoint: 24189 ns, Total: 120713 ns
[2020-09-11T16:43:44.704+0000][1][safepoint    ] Safepoint "Cleanup", Time since last: 1000110926 ns, Reaching safepoint: 87373 ns, At safepoint: 11900 ns, Total: 99273 ns
[2020-09-11T16:43:45.704+0000][1][safepoint    ] Safepoint "Cleanup", Time since last: 1000118350 ns, Reaching safepoint: 93474 ns, At safepoint: 8528 ns, Total: 102002 ns
[2020-09-11T16:43:46.704+0000][1][safepoint    ] Safepoint "Cleanup", Time since last: 1000117674 ns, Reaching safepoint: 87075 ns, At safepoint: 7714 ns, Total: 94789 ns
[2020-09-11T16:43:47.705+0000][1][safepoint    ] Safepoint "Cleanup", Time since last: 1000124373 ns, Reaching safepoint: 88842 ns, At safepoint: 10982 ns, Total: 99824 ns
[2020-09-11T16:43:48.705+0000][1][safepoint    ] Safepoint "Cleanup", Time since last: 1000133954 ns, Reaching safepoint: 106235 ns, At safepoint: 10083 ns, Total: 116318 ns
[2020-09-11T16:43:49.705+0000][1][safepoint    ] Safepoint "Cleanup", Time since last: 1000113789 ns, Reaching safepoint: 87801 ns, At safepoint: 7806 ns, Total: 95607 ns
[2020-09-11T16:43:50.705+0000][1][safepoint    ] Safepoint "Cleanup", Time since last: 1000110788 ns, Reaching safepoint: 139889 ns, At safepoint: 8537 ns, Total: 148426 ns
[2020-09-11T16:43:50.792+0000][1][safepoint    ] Safepoint "RevokeBias", Time since last: 85882379 ns, Reaching safepoint: 168600 ns, At safepoint: 42140 ns, Total: 210740 ns
[2020-09-11T16:43:50.865+0000][1][safepoint    ] Safepoint "RevokeBias", Time since last: 73628793 ns, Reaching safepoint: 168467 ns, At safepoint: 25524 ns, Total: 193991 ns
[2020-09-11T16:43:51.866+0000][1][safepoint    ] Safepoint "Cleanup", Time since last: 1000105348 ns, Reaching safepoint: 91116 ns, At safepoint: 11403 ns, Total: 102519 ns
[2020-09-11T16:43:52.866+0000][1][safepoint    ] Safepoint "Cleanup", Time since last: 1000112027 ns, Reaching safepoint: 95135 ns, At safepoint: 8815 ns, Total: 103950 ns
[2020-09-11T16:43:53.509+0000][1][gc,start     ] GC(132) Pause Young (Allocation Failure)
[2020-09-11T16:43:53.509+0000][1][gc,task      ] GC(132) Using 1 workers of 1 for evacuation
[2020-09-11T16:43:53.515+0000][1][gc,age       ] GC(132) Desired survivor size 4358144 bytes, new threshold 6 (max threshold 6)
[2020-09-11T16:43:53.515+0000][1][gc,age       ] GC(132) Age table with threshold 6 (max threshold 6)
[2020-09-11T16:43:53.515+0000][1][gc,age       ] GC(132) - age   1:     567024 bytes,     567024 total
[2020-09-11T16:43:53.515+0000][1][gc,age       ] GC(132) - age   2:     227664 bytes,     794688 total
[2020-09-11T16:43:53.515+0000][1][gc,age       ] GC(132) - age   3:     400448 bytes,    1195136 total
[2020-09-11T16:43:53.515+0000][1][gc,age       ] GC(132) - age   4:      38176 bytes,    1233312 total
[2020-09-11T16:43:53.515+0000][1][gc,age       ] GC(132) - age   5:      60288 bytes,    1293600 total
[2020-09-11T16:43:53.515+0000][1][gc,age       ] GC(132) - age   6:      19928 bytes,    1313528 total
[2020-09-11T16:43:53.515+0000][1][gc,heap      ] GC(132) ParNew: 69306K->2233K(76672K)
[2020-09-11T16:43:53.515+0000][1][gc,heap      ] GC(132) CMS: 106416K->106490K(439104K)
[2020-09-11T16:43:53.515+0000][1][gc,metaspace ] GC(132) Metaspace: 96517K->96517K(1138688K)
[2020-09-11T16:43:53.515+0000][1][gc           ] GC(132) Pause Young (Allocation Failure) 171M->106M(503M) 5.872ms
[2020-09-11T16:43:53.515+0000][1][gc,cpu       ] GC(132) User=0.01s Sys=0.00s Real=0.01s
[2020-09-11T16:43:53.521+0000][1][safepoint    ] Safepoint "GenCollectForAllocation", Time since last: 639099196 ns, Reaching safepoint: 3990230 ns, At safepoint: 11947950 ns, Total: 15938180 ns
[2020-09-11T16:43:53.567+0000][1][safepoint    ] Safepoint "RevokeBias", Time since last: 45871807 ns, Reaching safepoint: 168027 ns, At safepoint: 22213 ns, Total: 190240 ns
[2020-09-11T16:43:53.764+0000][1][safepoint    ] Safepoint "RevokeBias", Time since last: 197433976 ns, Reaching safepoint: 98961 ns, At safepoint: 23393 ns, Total: 122354 ns
[2020-09-11T16:43:54.765+0000][1][safepoint    ] Safepoint "Cleanup", Time since last: 1000111906 ns, Reaching safepoint: 86152 ns, At safepoint: 10426 ns, Total: 96578 ns
[2020-09-11T16:43:55.765+0000][1][safepoint    ] Safepoint "Cleanup", Time since last: 1000132856 ns, Reaching safepoint: 86643 ns, At safepoint: 7474 ns, Total: 94117 ns
[2020-09-11T16:43:56.765+0000][1][safepoint    ] Safepoint "Cleanup", Time since last: 1000118683 ns, Reaching safepoint: 86433 ns, At safepoint: 12536 ns, Total: 98969 ns
[2020-09-11T16:43:57.765+0000][1][safepoint    ] Safepoint "Cleanup", Time since last: 1000115557 ns, Reaching safepoint: 93653 ns, At safepoint: 8568 ns, Total: 102221 ns
[2020-09-11T16:43:58.766+0000][1][safepoint    ] Safepoint "Cleanup", Time since last: 1000115929 ns, Reaching safepoint: 89039 ns, At safepoint: 11854 ns, Total: 100893 ns
[2020-09-11T16:43:59.766+0000][1][safepoint    ] Safepoint "Cleanup", Time since last: 1000112976 ns, Reaching safepoint: 86350 ns, At safepoint: 8360 ns, Total: 94710 ns
[2020-09-11T16:44:00.766+0000][1][safepoint    ] Safepoint "Cleanup", Time since last: 1000116476 ns, Reaching safepoint: 135506 ns, At safepoint: 9203 ns, Total: 144709 ns
[2020-09-11T16:44:00.813+0000][1][safepoint    ] Safepoint "RevokeBias", Time since last: 47132242 ns, Reaching safepoint: 93387 ns, At safepoint: 23697 ns, Total: 117084 ns
[2020-09-11T16:44:00.916+0000][1][safepoint    ] Safepoint "BulkRevokeBias", Time since last: 102171319 ns, Reaching safepoint: 169441 ns, At safepoint: 249217 ns, Total: 418658 ns
[2020-09-11T16:44:01.916+0000][1][safepoint    ] Safepoint "Cleanup", Time since last: 1000112030 ns, Reaching safepoint: 90164 ns, At safepoint: 10988 ns, Total: 101152 ns
[2020-09-11T16:44:02.916+0000][1][safepoint    ] Safepoint "Cleanup", Time since last: 1000110684 ns, Reaching safepoint: 88772 ns, At safepoint: 8272 ns, Total: 97044 ns
[2020-09-11T16:44:03.593+0000][1][safepoint    ] Safepoint "RevokeBias", Time since last: 674690340 ns, Reaching safepoint: 1549569 ns, At safepoint: 294402 ns, Total: 1843971 ns
[2020-09-11T16:44:03.690+0000][1][safepoint    ] Safepoint "RevokeBias", Time since last: 96637523 ns, Reaching safepoint: 99126 ns, At safepoint: 24040 ns, Total: 123166 ns
[2020-09-11T16:44:04.690+0000][1][safepoint    ] Safepoint "Cleanup", Time since last: 1000106706 ns, Reaching safepoint: 120112 ns, At safepoint: 9001 ns, Total: 129113 ns
[2020-09-11T16:44:05.690+0000][1][safepoint    ] Safepoint "Cleanup", Time since last: 1000111709 ns, Reaching safepoint: 85928 ns, At safepoint: 11781 ns, Total: 97709 ns
[2020-09-11T16:44:06.690+0000][1][safepoint    ] Safepoint "Cleanup", Time since last: 1000116583 ns, Reaching safepoint: 86299 ns, At safepoint: 8471 ns, Total: 94770 ns
[2020-09-11T16:44:07.690+0000][1][safepoint    ] Safepoint "Cleanup", Time since last: 1000111527 ns, Reaching safepoint: 89675 ns, At safepoint: 10987 ns, Total: 100662 ns
[2020-09-11T16:44:08.693+0000][1][safepoint    ] Safepoint "Cleanup", Time since last: 1002371645 ns, Reaching safepoint: 156939 ns, At safepoint: 8883 ns, Total: 165822 ns
[2020-09-11T16:44:09.693+0000][1][safepoint    ] Safepoint "Cleanup", Time since last: 1000114778 ns, Reaching safepoint: 97108 ns, At safepoint: 11876 ns, Total: 108984 ns
[2020-09-11T16:44:10.693+0000][1][safepoint    ] Safepoint "Cleanup", Time since last: 1000112167 ns, Reaching safepoint: 84558 ns, At safepoint: 8003 ns, Total: 92561 ns
[2020-09-11T16:44:10.730+0000][1][safepoint    ] Safepoint "RevokeBias", Time since last: 36323315 ns, Reaching safepoint: 169467 ns, At safepoint: 35898 ns, Total: 205365 ns
[2020-09-11T16:44:10.863+0000][1][safepoint    ] Safepoint "RevokeBias", Time since last: 132782500 ns, Reaching safepoint: 97626 ns, At safepoint: 23774 ns, Total: 121400 ns
[2020-09-11T16:44:11.863+0000][1][safepoint    ] Safepoint "Cleanup", Time since last: 1000106651 ns, Reaching safepoint: 86885 ns, At safepoint: 11303 ns, Total: 98188 ns
[2020-09-11T16:44:12.863+0000][1][safepoint    ] Safepoint "Cleanup", Time since last: 1000135786 ns, Reaching safepoint: 90057 ns, At safepoint: 9218 ns, Total: 99275 ns
[2020-09-11T16:44:13.461+0000][1][gc,start     ] GC(133) Pause Young (Allocation Failure)
[2020-09-11T16:44:13.461+0000][1][gc,task      ] GC(133) Using 1 workers of 1 for evacuation
[2020-09-11T16:44:13.471+0000][1][gc,age       ] GC(133) Desired survivor size 4358144 bytes, new threshold 6 (max threshold 6)
[2020-09-11T16:44:13.471+0000][1][gc,age       ] GC(133) Age table with threshold 6 (max threshold 6)
[2020-09-11T16:44:13.471+0000][1][gc,age       ] GC(133) - age   1:     493120 bytes,     493120 total
[2020-09-11T16:44:13.471+0000][1][gc,age       ] GC(133) - age   2:      75976 bytes,     569096 total
[2020-09-11T16:44:13.471+0000][1][gc,age       ] GC(133) - age   3:     224328 bytes,     793424 total
[2020-09-11T16:44:13.471+0000][1][gc,age       ] GC(133) - age   4:     400352 bytes,    1193776 total
[2020-09-11T16:44:13.471+0000][1][gc,age       ] GC(133) - age   5:      38176 bytes,    1231952 total
[2020-09-11T16:44:13.471+0000][1][gc,age       ] GC(133) - age   6:       7376 bytes,    1239328 total
[2020-09-11T16:44:13.471+0000][1][gc,heap      ] GC(133) ParNew: 70393K->1520K(76672K)
[2020-09-11T16:44:13.471+0000][1][gc,heap      ] GC(133) CMS: 106490K->106500K(439104K)
[2020-09-11T16:44:13.471+0000][1][gc,metaspace ] GC(133) Metaspace: 96542K->96542K(1138688K)
[2020-09-11T16:44:13.471+0000][1][gc           ] GC(133) Pause Young (Allocation Failure) 172M->105M(503M) 10.283ms
[2020-09-11T16:44:13.471+0000][1][gc,cpu       ] GC(133) User=0.01s Sys=0.00s Real=0.00s
[2020-09-11T16:44:13.486+0000][1][safepoint    ] Safepoint "GenCollectForAllocation", Time since last: 596616623 ns, Reaching safepoint: 997774 ns, At safepoint: 24864327 ns, Total: 25862101 ns
[2020-09-11T16:44:13.585+0000][1][safepoint    ] Safepoint "RevokeBias", Time since last: 97397859 ns, Reaching safepoint: 1816935 ns, At safepoint: 252977 ns, Total: 2069912 ns
[2020-09-11T16:44:13.717+0000][1][safepoint    ] Safepoint "RevokeBias", Time since last: 131490960 ns, Reaching safepoint: 119573 ns, At safepoint: 23747 ns, Total: 143320 ns
[2020-09-11T16:44:14.717+0000][1][safepoint    ] Safepoint "Cleanup", Time since last: 1000107858 ns, Reaching safepoint: 84088 ns, At safepoint: 8062 ns, Total: 92150 ns
[2020-09-11T16:44:15.717+0000][1][safepoint    ] Safepoint "Cleanup", Time since last: 1000111510 ns, Reaching safepoint: 87633 ns, At safepoint: 10997 ns, Total: 98630 ns
[2020-09-11T16:44:16.717+0000][1][safepoint    ] Safepoint "Cleanup", Time since last: 1000130204 ns, Reaching safepoint: 89400 ns, At safepoint: 11751 ns, Total: 101151 ns
[2020-09-11T16:44:17.718+0000][1][safepoint    ] Safepoint "Cleanup", Time since last: 1000116731 ns, Reaching safepoint: 87764 ns, At safepoint: 12083 ns, Total: 99847 ns
[2020-09-11T16:44:18.718+0000][1][safepoint    ] Safepoint "Cleanup", Time since last: 1000114534 ns, Reaching safepoint: 93715 ns, At safepoint: 8866 ns, Total: 102581 ns
[2020-09-11T16:44:19.718+0000][1][safepoint    ] Safepoint "Cleanup", Time since last: 1000117486 ns, Reaching safepoint: 87665 ns, At safepoint: 11963 ns, Total: 99628 ns
[2020-09-11T16:44:20.718+0000][1][safepoint    ] Safepoint "RevokeBias", Time since last: 999348713 ns, Reaching safepoint: 173601 ns, At safepoint: 25185 ns, Total: 198786 ns
[2020-09-11T16:44:20.870+0000][1][safepoint    ] Safepoint "RevokeBias", Time since last: 152201271 ns, Reaching safepoint: 168223 ns, At safepoint: 24693 ns, Total: 192916 ns
[2020-09-11T16:44:21.870+0000][1][safepoint    ] Safepoint "Cleanup", Time since last: 1000107241 ns, Reaching safepoint: 89746 ns, At safepoint: 10106 ns, Total: 99852 ns
[2020-09-11T16:44:22.870+0000][1][safepoint    ] Safepoint "Cleanup", Time since last: 1000105620 ns, Reaching safepoint: 89532 ns, At safepoint: 10954 ns, Total: 100486 ns
[2020-09-11T16:44:23.690+0000][1][safepoint    ] Safepoint "RevokeBias", Time since last: 818627497 ns, Reaching safepoint: 219373 ns, At safepoint: 213871 ns, Total: 433244 ns
[2020-09-11T16:44:23.789+0000][1][safepoint    ] Safepoint "RevokeBias", Time since last: 99194455 ns, Reaching safepoint: 124998 ns, At safepoint: 24188 ns, Total: 149186 ns
[2020-09-11T16:44:24.789+0000][1][safepoint    ] Safepoint "Cleanup", Time since last: 1000108004 ns, Reaching safepoint: 86065 ns, At safepoint: 11753 ns, Total: 97818 ns
[2020-09-11T16:44:25.789+0000][1][safepoint    ] Safepoint "Cleanup", Time since last: 1000113488 ns, Reaching safepoint: 89057 ns, At safepoint: 11160 ns, Total: 100217 ns
[2020-09-11T16:44:26.790+0000][1][safepoint    ] Safepoint "Cleanup", Time since last: 1000116296 ns, Reaching safepoint: 97431 ns, At safepoint: 11580 ns, Total: 109011 ns
[2020-09-11T16:44:27.790+0000][1][safepoint    ] Safepoint "Cleanup", Time since last: 1000124716 ns, Reaching safepoint: 97257 ns, At safepoint: 9293 ns, Total: 106550 ns
[2020-09-11T16:44:28.790+0000][1][safepoint    ] Safepoint "Cleanup", Time since last: 1000111095 ns, Reaching safepoint: 82477 ns, At safepoint: 7918 ns, Total: 90395 ns
[2020-09-11T16:44:29.790+0000][1][safepoint    ] Safepoint "Cleanup", Time since last: 1000106681 ns, Reaching safepoint: 85428 ns, At safepoint: 10123 ns, Total: 95551 ns
[2020-09-11T16:44:30.720+0000][1][safepoint    ] Safepoint "RevokeBias", Time since last: 929757257 ns, Reaching safepoint: 171952 ns, At safepoint: 25506 ns, Total: 197458 ns
[2020-09-11T16:44:30.882+0000][1][safepoint    ] Safepoint "RevokeBias", Time since last: 161752639 ns, Reaching safepoint: 171105 ns, At safepoint: 25732 ns, Total: 196837 ns
[2020-09-11T16:44:31.882+0000][1][safepoint    ] Safepoint "Cleanup", Time since last: 1000111321 ns, Reaching safepoint: 88065 ns, At safepoint: 11294 ns, Total: 99359 ns
[2020-09-11T16:44:32.882+0000][1][safepoint    ] Safepoint "Cleanup", Time since last: 1000108679 ns, Reaching safepoint: 84976 ns, At safepoint: 7989 ns, Total: 92965 ns
[2020-09-11T16:44:33.553+0000][1][safepoint    ] Safepoint "RevokeBias", Time since last: 669308456 ns, Reaching safepoint: 637338 ns, At safepoint: 224408 ns, Total: 861746 ns
[2020-09-11T16:44:33.577+0000][1][gc,start     ] GC(134) Pause Young (Allocation Failure)
[2020-09-11T16:44:33.577+0000][1][gc,task      ] GC(134) Using 1 workers of 1 for evacuation
[2020-09-11T16:44:33.587+0000][1][gc,age       ] GC(134) Desired survivor size 4358144 bytes, new threshold 6 (max threshold 6)
[2020-09-11T16:44:33.587+0000][1][gc,age       ] GC(134) Age table with threshold 6 (max threshold 6)
[2020-09-11T16:44:33.587+0000][1][gc,age       ] GC(134) - age   1:     579272 bytes,     579272 total
[2020-09-11T16:44:33.587+0000][1][gc,age       ] GC(134) - age   2:     101344 bytes,     680616 total
[2020-09-11T16:44:33.587+0000][1][gc,age       ] GC(134) - age   3:      69144 bytes,     749760 total
[2020-09-11T16:44:33.587+0000][1][gc,age       ] GC(134) - age   4:     222896 bytes,     972656 total
[2020-09-11T16:44:33.587+0000][1][gc,age       ] GC(134) - age   5:     400352 bytes,    1373008 total
[2020-09-11T16:44:33.587+0000][1][gc,age       ] GC(134) - age   6:      38176 bytes,    1411184 total
[2020-09-11T16:44:33.587+0000][1][gc,heap      ] GC(134) ParNew: 69680K->2195K(76672K)
[2020-09-11T16:44:33.587+0000][1][gc,heap      ] GC(134) CMS: 106500K->106506K(439104K)
[2020-09-11T16:44:33.587+0000][1][gc,metaspace ] GC(134) Metaspace: 96568K->96568K(1138688K)
[2020-09-11T16:44:33.587+0000][1][gc           ] GC(134) Pause Young (Allocation Failure) 172M->106M(503M) 10.083ms
[2020-09-11T16:44:33.587+0000][1][gc,cpu       ] GC(134) User=0.00s Sys=0.00s Real=0.01s
[2020-09-11T16:44:33.587+0000][1][safepoint    ] Safepoint "GenCollectForAllocation", Time since last: 24135714 ns, Reaching safepoint: 212052 ns, At safepoint: 10404030 ns, Total: 10616082 ns
[2020-09-11T16:44:33.704+0000][1][safepoint    ] Safepoint "RevokeBias", Time since last: 116475667 ns, Reaching safepoint: 98209 ns, At safepoint: 23054 ns, Total: 121263 ns
[2020-09-11T16:44:34.704+0000][1][safepoint    ] Safepoint "Cleanup", Time since last: 1000135568 ns, Reaching safepoint: 86464 ns, At safepoint: 7960 ns, Total: 94424 ns
[2020-09-11T16:44:35.704+0000][1][safepoint    ] Safepoint "Cleanup", Time since last: 1000119454 ns, Reaching safepoint: 96397 ns, At safepoint: 12633 ns, Total: 109030 ns
[2020-09-11T16:44:36.705+0000][1][safepoint    ] Safepoint "Cleanup", Time since last: 1000120178 ns, Reaching safepoint: 88565 ns, At safepoint: 11914 ns, Total: 100479 ns
[2020-09-11T16:44:37.705+0000][1][safepoint    ] Safepoint "Cleanup", Time since last: 1000107050 ns, Reaching safepoint: 85696 ns, At safepoint: 8822 ns, Total: 94518 ns
[2020-09-11T16:44:38.705+0000][1][safepoint    ] Safepoint "Cleanup", Time since last: 1000107389 ns, Reaching safepoint: 429417 ns, At safepoint: 14320 ns, Total: 443737 ns
[2020-09-11T16:44:39.706+0000][1][safepoint    ] Safepoint "Cleanup", Time since last: 1000108403 ns, Reaching safepoint: 86076 ns, At safepoint: 7867 ns, Total: 93943 ns
[2020-09-11T16:44:40.706+0000][1][safepoint    ] Safepoint "Cleanup", Time since last: 1000105715 ns, Reaching safepoint: 84911 ns, At safepoint: 7590 ns, Total: 92501 ns
[2020-09-11T16:44:40.733+0000][1][safepoint    ] Safepoint "RevokeBias", Time since last: 26695485 ns, Reaching safepoint: 172299 ns, At safepoint: 25015 ns, Total: 197314 ns
[2020-09-11T16:44:40.898+0000][1][safepoint    ] Safepoint "RevokeBias", Time since last: 165256177 ns, Reaching safepoint: 102760 ns, At safepoint: 25607 ns, Total: 128367 ns
[2020-09-11T16:44:41.898+0000][1][safepoint    ] Safepoint "Cleanup", Time since last: 1000102069 ns, Reaching safepoint: 83479 ns, At safepoint: 7592 ns, Total: 91071 ns
[2020-09-11T16:44:42.899+0000][1][safepoint    ] Safepoint "Cleanup", Time since last: 1000111341 ns, Reaching safepoint: 86336 ns, At safepoint: 10100 ns, Total: 96436 ns
[2020-09-11T16:44:43.562+0000][1][safepoint    ] Safepoint "RevokeBias", Time since last: 662660038 ns, Reaching safepoint: 327262 ns, At safepoint: 223116 ns, Total: 550378 ns
[2020-09-11T16:44:43.813+0000][1][safepoint    ] Safepoint "RevokeBias", Time since last: 251439907 ns, Reaching safepoint: 100756 ns, At safepoint: 24335 ns, Total: 125091 ns
[2020-09-11T16:44:44.813+0000][1][safepoint    ] Safepoint "Cleanup", Time since last: 1000110365 ns, Reaching safepoint: 85713 ns, At safepoint: 8507 ns, Total: 94220 ns
[2020-09-11T16:44:45.814+0000][1][safepoint    ] Safepoint "Cleanup", Time since last: 1000108058 ns, Reaching safepoint: 85029 ns, At safepoint: 7746 ns, Total: 92775 ns
[2020-09-11T16:44:46.814+0000][1][safepoint    ] Safepoint "Cleanup", Time since last: 1000499625 ns, Reaching safepoint: 84463 ns, At safepoint: 8092 ns, Total: 92555 ns
[2020-09-11T16:44:47.815+0000][1][safepoint    ] Safepoint "Cleanup", Time since last: 1000118237 ns, Reaching safepoint: 99777 ns, At safepoint: 9800 ns, Total: 109577 ns
[2020-09-11T16:44:48.815+0000][1][safepoint    ] Safepoint "Cleanup", Time since last: 1000116845 ns, Reaching safepoint: 86222 ns, At safepoint: 8571 ns, Total: 94793 ns
[2020-09-11T16:44:49.815+0000][1][safepoint    ] Safepoint "Cleanup", Time since last: 1000115782 ns, Reaching safepoint: 89110 ns, At safepoint: 11497 ns, Total: 100607 ns
[2020-09-11T16:44:50.726+0000][1][safepoint    ] Safepoint "RevokeBias", Time since last: 911350051 ns, Reaching safepoint: 171744 ns, At safepoint: 42005 ns, Total: 213749 ns
[2020-09-11T16:44:50.924+0000][1][safepoint    ] Safepoint "RevokeBias", Time since last: 196951437 ns, Reaching safepoint: 173834 ns, At safepoint: 26124 ns, Total: 199958 ns
[2020-09-11T16:44:51.924+0000][1][safepoint    ] Safepoint "Cleanup", Time since last: 1000112402 ns, Reaching safepoint: 94525 ns, At safepoint: 7846 ns, Total: 102371 ns
[2020-09-11T16:44:52.924+0000][1][safepoint    ] Safepoint "Cleanup", Time since last: 1000113368 ns, Reaching safepoint: 93316 ns, At safepoint: 11066 ns, Total: 104382 ns
[2020-09-11T16:44:53.557+0000][1][gc,start     ] GC(135) Pause Young (Allocation Failure)
[2020-09-11T16:44:53.557+0000][1][gc,task      ] GC(135) Using 1 workers of 1 for evacuation
[2020-09-11T16:44:53.567+0000][1][gc,age       ] GC(135) Desired survivor size 4358144 bytes, new threshold 6 (max threshold 6)
[2020-09-11T16:44:53.567+0000][1][gc,age       ] GC(135) Age table with threshold 6 (max threshold 6)
[2020-09-11T16:44:53.567+0000][1][gc,age       ] GC(135) - age   1:     993544 bytes,     993544 total
[2020-09-11T16:44:53.567+0000][1][gc,age       ] GC(135) - age   2:      11720 bytes,    1005264 total
[2020-09-11T16:44:53.567+0000][1][gc,age       ] GC(135) - age   3:      81928 bytes,    1087192 total
[2020-09-11T16:44:53.567+0000][1][gc,age       ] GC(135) - age   4:      68848 bytes,    1156040 total
[2020-09-11T16:44:53.567+0000][1][gc,age       ] GC(135) - age   5:     222896 bytes,    1378936 total
[2020-09-11T16:44:53.567+0000][1][gc,age       ] GC(135) - age   6:      53720 bytes,    1432656 total
[2020-09-11T16:44:53.567+0000][1][gc,heap      ] GC(135) ParNew: 70355K->2616K(76672K)
[2020-09-11T16:44:53.567+0000][1][gc,heap      ] GC(135) CMS: 106506K->106522K(439104K)
[2020-09-11T16:44:53.567+0000][1][gc,metaspace ] GC(135) Metaspace: 96611K->96611K(1138688K)
[2020-09-11T16:44:53.567+0000][1][gc           ] GC(135) Pause Young (Allocation Failure) 172M->106M(503M) 10.068ms
[2020-09-11T16:44:53.567+0000][1][gc,cpu       ] GC(135) User=0.01s Sys=0.00s Real=0.01s
[2020-09-11T16:44:53.567+0000][1][safepoint    ] Safepoint "GenCollectForAllocation", Time since last: 628221536 ns, Reaching safepoint: 4542727 ns, At safepoint: 10145391 ns, Total: 14688118 ns
[2020-09-11T16:44:53.594+0000][1][safepoint    ] Safepoint "RevokeBias", Time since last: 26554937 ns, Reaching safepoint: 84767 ns, At safepoint: 35933 ns, Total: 120700 ns
[2020-09-11T16:44:53.708+0000][1][safepoint    ] Safepoint "RevokeBias", Time since last: 113930941 ns, Reaching safepoint: 104886 ns, At safepoint: 22893 ns, Total: 127779 ns
[2020-09-11T16:44:54.708+0000][1][safepoint    ] Safepoint "Cleanup", Time since last: 1000110543 ns, Reaching safepoint: 85418 ns, At safepoint: 10791 ns, Total: 96209 ns
[2020-09-11T16:44:55.708+0000][1][safepoint    ] Safepoint "Cleanup", Time since last: 1000117704 ns, Reaching safepoint: 89018 ns, At safepoint: 11851 ns, Total: 100869 ns
[2020-09-11T16:44:56.708+0000][1][safepoint    ] Safepoint "Cleanup", Time since last: 1000119997 ns, Reaching safepoint: 88725 ns, At safepoint: 11348 ns, Total: 100073 ns
[2020-09-11T16:44:57.709+0000][1][safepoint    ] Safepoint "Cleanup", Time since last: 1000129983 ns, Reaching safepoint: 106108 ns, At safepoint: 8801 ns, Total: 114909 ns
[2020-09-11T16:44:58.709+0000][1][safepoint    ] Safepoint "Cleanup", Time since last: 1000109227 ns, Reaching safepoint: 102848 ns, At safepoint: 10024 ns, Total: 112872 ns
[2020-09-11T16:44:59.709+0000][1][safepoint    ] Safepoint "Cleanup", Time since last: 1000107275 ns, Reaching safepoint: 87639 ns, At safepoint: 10371 ns, Total: 98010 ns
[2020-09-11T16:45:00.709+0000][1][safepoint    ] Safepoint "Cleanup", Time since last: 1000111355 ns, Reaching safepoint: 135402 ns, At safepoint: 8783 ns, Total: 144185 ns
[2020-09-11T16:45:00.781+0000][1][safepoint    ] Safepoint "RevokeBias", Time since last: 71986248 ns, Reaching safepoint: 92993 ns, At safepoint: 24428 ns, Total: 117421 ns
[2020-09-11T16:45:00.873+0000][1][safepoint    ] Safepoint "RevokeBias", Time since last: 91482560 ns, Reaching safepoint: 167241 ns, At safepoint: 25153 ns, Total: 192394 ns
[2020-09-11T16:45:01.873+0000][1][safepoint    ] Safepoint "Cleanup", Time since last: 1000105366 ns, Reaching safepoint: 86148 ns, At safepoint: 8101 ns, Total: 94249 ns
[2020-09-11T16:45:02.873+0000][1][safepoint    ] Safepoint "Cleanup", Time since last: 1000109371 ns, Reaching safepoint: 88589 ns, At safepoint: 10458 ns, Total: 99047 ns
[2020-09-11T16:45:03.597+0000][1][safepoint    ] Safepoint "RevokeBias", Time since last: 720094029 ns, Reaching safepoint: 3326221 ns, At safepoint: 223243 ns, Total: 3549464 ns
[2020-09-11T16:45:03.756+0000][1][safepoint    ] Safepoint "RevokeBias", Time since last: 158906841 ns, Reaching safepoint: 101855 ns, At safepoint: 29824 ns, Total: 131679 ns
[2020-09-11T16:45:04.756+0000][1][safepoint    ] Safepoint "Cleanup", Time since last: 1000129881 ns, Reaching safepoint: 99150 ns, At safepoint: 9545 ns, Total: 108695 ns
[2020-09-11T16:45:05.757+0000][1][safepoint    ] Safepoint "Cleanup", Time since last: 1000122003 ns, Reaching safepoint: 89236 ns, At safepoint: 20428 ns, Total: 109664 ns
[2020-09-11T16:45:06.757+0000][1][safepoint    ] Safepoint "Cleanup", Time since last: 1000135352 ns, Reaching safepoint: 88742 ns, At safepoint: 7927 ns, Total: 96669 ns
[2020-09-11T16:45:07.757+0000][1][safepoint    ] Safepoint "Cleanup", Time since last: 1000115337 ns, Reaching safepoint: 88016 ns, At safepoint: 11206 ns, Total: 99222 ns
[2020-09-11T16:45:08.757+0000][1][safepoint    ] Safepoint "Cleanup", Time since last: 1000112395 ns, Reaching safepoint: 86685 ns, At safepoint: 8066 ns, Total: 94751 ns
[2020-09-11T16:45:09.758+0000][1][safepoint    ] Safepoint "Cleanup", Time since last: 1000114616 ns, Reaching safepoint: 89866 ns, At safepoint: 10843 ns, Total: 100709 ns
[2020-09-11T16:45:10.717+0000][1][safepoint    ] Safepoint "RevokeBias", Time since last: 959227605 ns, Reaching safepoint: 126438 ns, At safepoint: 24199 ns, Total: 150637 ns
[2020-09-11T16:45:10.868+0000][1][safepoint    ] Safepoint "RevokeBias", Time since last: 150565262 ns, Reaching safepoint: 169843 ns, At safepoint: 24053 ns, Total: 193896 ns
[2020-09-11T16:45:11.868+0000][1][safepoint    ] Safepoint "Cleanup", Time since last: 1000107495 ns, Reaching safepoint: 87972 ns, At safepoint: 8149 ns, Total: 96121 ns
[2020-09-11T16:45:12.868+0000][1][safepoint    ] Safepoint "Cleanup", Time since last: 1000115707 ns, Reaching safepoint: 88702 ns, At safepoint: 11684 ns, Total: 100386 ns
[2020-09-11T16:45:13.605+0000][1][safepoint    ] Safepoint "RevokeBias", Time since last: 733973368 ns, Reaching safepoint: 2868300 ns, At safepoint: 29451 ns, Total: 2897751 ns
[2020-09-11T16:45:13.641+0000][1][gc,start     ] GC(136) Pause Young (Allocation Failure)
[2020-09-11T16:45:13.641+0000][1][gc,task      ] GC(136) Using 1 workers of 1 for evacuation
[2020-09-11T16:45:13.653+0000][1][gc,age       ] GC(136) Desired survivor size 4358144 bytes, new threshold 6 (max threshold 6)
[2020-09-11T16:45:13.653+0000][1][gc,age       ] GC(136) Age table with threshold 6 (max threshold 6)
[2020-09-11T16:45:13.653+0000][1][gc,age       ] GC(136) - age   1:     549144 bytes,     549144 total
[2020-09-11T16:45:13.653+0000][1][gc,age       ] GC(136) - age   2:     503696 bytes,    1052840 total
[2020-09-11T16:45:13.653+0000][1][gc,age       ] GC(136) - age   3:       8384 bytes,    1061224 total
[2020-09-11T16:45:13.653+0000][1][gc,age       ] GC(136) - age   4:      81832 bytes,    1143056 total
[2020-09-11T16:45:13.653+0000][1][gc,age       ] GC(136) - age   5:      68848 bytes,    1211904 total
[2020-09-11T16:45:13.653+0000][1][gc,age       ] GC(136) - age   6:     222896 bytes,    1434800 total
[2020-09-11T16:45:13.653+0000][1][gc,heap      ] GC(136) ParNew: 70775K->1703K(76672K)
[2020-09-11T16:45:13.653+0000][1][gc,heap      ] GC(136) CMS: 106522K->106574K(439104K)
[2020-09-11T16:45:13.653+0000][1][gc,metaspace ] GC(136) Metaspace: 96735K->96735K(1138688K)
[2020-09-11T16:45:13.653+0000][1][gc           ] GC(136) Pause Young (Allocation Failure) 173M->105M(503M) 12.289ms
[2020-09-11T16:45:13.653+0000][1][gc,cpu       ] GC(136) User=0.01s Sys=0.00s Real=0.01s
[2020-09-11T16:45:13.653+0000][1][safepoint    ] Safepoint "GenCollectForAllocation", Time since last: 31926020 ns, Reaching safepoint: 4017879 ns, At safepoint: 12361357 ns, Total: 16379236 ns
[2020-09-11T16:45:13.754+0000][1][safepoint    ] Safepoint "RevokeBias", Time since last: 100567567 ns, Reaching safepoint: 91413 ns, At safepoint: 24493 ns, Total: 115906 ns
[2020-09-11T16:45:14.754+0000][1][safepoint    ] Safepoint "Cleanup", Time since last: 1000109168 ns, Reaching safepoint: 87671 ns, At safepoint: 8140 ns, Total: 95811 ns
[2020-09-11T16:45:15.754+0000][1][safepoint    ] Safepoint "Cleanup", Time since last: 1000109122 ns, Reaching safepoint: 88220 ns, At safepoint: 10402 ns, Total: 98622 ns
[2020-09-11T16:45:16.755+0000][1][safepoint    ] Safepoint "Cleanup", Time since last: 1000142970 ns, Reaching safepoint: 84156 ns, At safepoint: 7346 ns, Total: 91502 ns
[2020-09-11T16:45:17.755+0000][1][safepoint    ] Safepoint "Cleanup", Time since last: 1000111982 ns, Reaching safepoint: 85642 ns, At safepoint: 10051 ns, Total: 95693 ns
[2020-09-11T16:45:18.755+0000][1][safepoint    ] Safepoint "Cleanup", Time since last: 1000109677 ns, Reaching safepoint: 82320 ns, At safepoint: 16291 ns, Total: 98611 ns
[2020-09-11T16:45:19.755+0000][1][safepoint    ] Safepoint "Cleanup", Time since last: 1000115637 ns, Reaching safepoint: 87925 ns, At safepoint: 9961 ns, Total: 97886 ns
[2020-09-11T16:45:20.724+0000][1][safepoint    ] Safepoint "RevokeBias", Time since last: 969085990 ns, Reaching safepoint: 170704 ns, At safepoint: 25153 ns, Total: 195857 ns
[2020-09-11T16:45:20.883+0000][1][safepoint    ] Safepoint "RevokeBias", Time since last: 158273362 ns, Reaching safepoint: 169398 ns, At safepoint: 26387 ns, Total: 195785 ns
[2020-09-11T16:45:21.883+0000][1][safepoint    ] Safepoint "Cleanup", Time since last: 1000117992 ns, Reaching safepoint: 100276 ns, At safepoint: 8607 ns, Total: 108883 ns
[2020-09-11T16:45:22.883+0000][1][safepoint    ] Safepoint "Cleanup", Time since last: 1000115337 ns, Reaching safepoint: 86978 ns, At safepoint: 8305 ns, Total: 95283 ns
[2020-09-11T16:45:23.559+0000][1][safepoint    ] Safepoint "BulkRevokeBias", Time since last: 674463018 ns, Reaching safepoint: 221366 ns, At safepoint: 564967 ns, Total: 786333 ns
[2020-09-11T16:45:23.617+0000][1][safepoint    ] Safepoint "RevokeBias", Time since last: 58241842 ns, Reaching safepoint: 166635 ns, At safepoint: 24928 ns, Total: 191563 ns
[2020-09-11T16:45:23.656+0000][1][safepoint    ] Safepoint "RevokeBias", Time since last: 38738751 ns, Reaching safepoint: 103167 ns, At safepoint: 24557 ns, Total: 127724 ns
[2020-09-11T16:45:24.656+0000][1][safepoint    ] Safepoint "Cleanup", Time since last: 1000108646 ns, Reaching safepoint: 83966 ns, At safepoint: 8281 ns, Total: 92247 ns
[2020-09-11T16:45:25.656+0000][1][safepoint    ] Safepoint "Cleanup", Time since last: 1000113984 ns, Reaching safepoint: 88217 ns, At safepoint: 11041 ns, Total: 99258 ns
[2020-09-11T16:45:26.657+0000][1][safepoint    ] Safepoint "Cleanup", Time since last: 1000119848 ns, Reaching safepoint: 87005 ns, At safepoint: 8363 ns, Total: 95368 ns
[2020-09-11T16:45:27.657+0000][1][safepoint    ] Safepoint "Cleanup", Time since last: 1000116283 ns, Reaching safepoint: 108186 ns, At safepoint: 11124 ns, Total: 119310 ns
[2020-09-11T16:45:28.657+0000][1][safepoint    ] Safepoint "Cleanup", Time since last: 1000112018 ns, Reaching safepoint: 89151 ns, At safepoint: 10868 ns, Total: 100019 ns
[2020-09-11T16:45:29.657+0000][1][safepoint    ] Safepoint "Cleanup", Time since last: 1000113143 ns, Reaching safepoint: 87536 ns, At safepoint: 10117 ns, Total: 97653 ns
[2020-09-11T16:45:30.657+0000][1][safepoint    ] Safepoint "Cleanup", Time since last: 1000120891 ns, Reaching safepoint: 91029 ns, At safepoint: 11383 ns, Total: 102412 ns
[2020-09-11T16:45:30.722+0000][1][safepoint    ] Safepoint "RevokeBias", Time since last: 64079453 ns, Reaching safepoint: 93920 ns, At safepoint: 23469 ns, Total: 117389 ns
[2020-09-11T16:45:30.862+0000][1][safepoint    ] Safepoint "BulkRevokeBias", Time since last: 140263782 ns, Reaching safepoint: 170339 ns, At safepoint: 243461 ns, Total: 413800 ns
[2020-09-11T16:45:31.863+0000][1][safepoint    ] Safepoint "Cleanup", Time since last: 1000111226 ns, Reaching safepoint: 90205 ns, At safepoint: 10564 ns, Total: 100769 ns
[2020-09-11T16:45:32.863+0000][1][safepoint    ] Safepoint "Cleanup", Time since last: 1000109916 ns, Reaching safepoint: 88660 ns, At safepoint: 12378 ns, Total: 101038 ns
[2020-09-11T16:45:33.574+0000][1][safepoint    ] Safepoint "RevokeBias", Time since last: 710381149 ns, Reaching safepoint: 1005101 ns, At safepoint: 214741 ns, Total: 1219842 ns
[2020-09-11T16:45:33.597+0000][1][gc,start     ] GC(137) Pause Young (Allocation Failure)
[2020-09-11T16:45:33.597+0000][1][gc,task      ] GC(137) Using 1 workers of 1 for evacuation
[2020-09-11T16:45:33.602+0000][1][gc,age       ] GC(137) Desired survivor size 4358144 bytes, new threshold 6 (max threshold 6)
[2020-09-11T16:45:33.602+0000][1][gc,age       ] GC(137) Age table with threshold 6 (max threshold 6)
[2020-09-11T16:45:33.602+0000][1][gc,age       ] GC(137) - age   1:     822272 bytes,     822272 total
[2020-09-11T16:45:33.602+0000][1][gc,age       ] GC(137) - age   2:      26256 bytes,     848528 total
[2020-09-11T16:45:33.602+0000][1][gc,age       ] GC(137) - age   3:     496880 bytes,    1345408 total
[2020-09-11T16:45:33.602+0000][1][gc,age       ] GC(137) - age   4:       6640 bytes,    1352048 total
[2020-09-11T16:45:33.602+0000][1][gc,age       ] GC(137) - age   5:      81832 bytes,    1433880 total
[2020-09-11T16:45:33.602+0000][1][gc,age       ] GC(137) - age   6:      68848 bytes,    1502728 total
[2020-09-11T16:45:33.602+0000][1][gc,heap      ] GC(137) ParNew: 69863K->2527K(76672K)
[2020-09-11T16:45:33.602+0000][1][gc,heap      ] GC(137) CMS: 106574K->106613K(439104K)
[2020-09-11T16:45:33.602+0000][1][gc,metaspace ] GC(137) Metaspace: 96738K->96738K(1138688K)
[2020-09-11T16:45:33.602+0000][1][gc           ] GC(137) Pause Young (Allocation Failure) 172M->106M(503M) 5.598ms
[2020-09-11T16:45:33.602+0000][1][gc,cpu       ] GC(137) User=0.01s Sys=0.00s Real=0.01s
[2020-09-11T16:45:33.605+0000][1][safepoint    ] Safepoint "GenCollectForAllocation", Time since last: 18543514 ns, Reaching safepoint: 3974714 ns, At safepoint: 7918505 ns, Total: 11893219 ns
[2020-09-11T16:45:33.738+0000][1][safepoint    ] Safepoint "RevokeBias", Time since last: 133484872 ns, Reaching safepoint: 95678 ns, At safepoint: 23172 ns, Total: 118850 ns
[2020-09-11T16:45:34.739+0000][1][safepoint    ] Safepoint "Cleanup", Time since last: 1000107899 ns, Reaching safepoint: 87269 ns, At safepoint: 11119 ns, Total: 98388 ns
[2020-09-11T16:45:35.739+0000][1][safepoint    ] Safepoint "Cleanup", Time since last: 1000112840 ns, Reaching safepoint: 86002 ns, At safepoint: 8940 ns, Total: 94942 ns
[2020-09-11T16:45:36.739+0000][1][safepoint    ] Safepoint "Cleanup", Time since last: 1000114357 ns, Reaching safepoint: 87405 ns, At safepoint: 11473 ns, Total: 98878 ns
[2020-09-11T16:45:37.739+0000][1][safepoint    ] Safepoint "Cleanup", Time since last: 1000113897 ns, Reaching safepoint: 86563 ns, At safepoint: 8698 ns, Total: 95261 ns
[2020-09-11T16:45:38.739+0000][1][safepoint    ] Safepoint "Cleanup", Time since last: 1000115951 ns, Reaching safepoint: 87188 ns, At safepoint: 8238 ns, Total: 95426 ns
[2020-09-11T16:45:39.740+0000][1][safepoint    ] Safepoint "Cleanup", Time since last: 1000129575 ns, Reaching safepoint: 98721 ns, At safepoint: 12148 ns, Total: 110869 ns
[2020-09-11T16:45:40.711+0000][1][safepoint    ] Safepoint "RevokeBias", Time since last: 971138120 ns, Reaching safepoint: 169031 ns, At safepoint: 24717 ns, Total: 193748 ns
[2020-09-11T16:45:40.868+0000][1][safepoint    ] Safepoint "RevokeBias", Time since last: 157194384 ns, Reaching safepoint: 93707 ns, At safepoint: 24006 ns, Total: 117713 ns
[2020-09-11T16:45:41.869+0000][1][safepoint    ] Safepoint "Cleanup", Time since last: 1000108012 ns, Reaching safepoint: 89283 ns, At safepoint: 11541 ns, Total: 100824 ns
[2020-09-11T16:45:42.869+0000][1][safepoint    ] Safepoint "Cleanup", Time since last: 1000117486 ns, Reaching safepoint: 88914 ns, At safepoint: 36878 ns, Total: 125792 ns
[2020-09-11T16:45:43.580+0000][1][safepoint    ] Safepoint "RevokeBias", Time since last: 708805832 ns, Reaching safepoint: 2259841 ns, At safepoint: 233554 ns, Total: 2493395 ns
[2020-09-11T16:45:43.739+0000][1][safepoint    ] Safepoint "RevokeBias", Time since last: 158761052 ns, Reaching safepoint: 91553 ns, At safepoint: 23157 ns, Total: 114710 ns
[2020-09-11T16:45:44.739+0000][1][safepoint    ] Safepoint "Cleanup", Time since last: 1000115631 ns, Reaching safepoint: 87169 ns, At safepoint: 7876 ns, Total: 95045 ns
[2020-09-11T16:45:45.739+0000][1][safepoint    ] Safepoint "Cleanup", Time since last: 1000126130 ns, Reaching safepoint: 84857 ns, At safepoint: 8820 ns, Total: 93677 ns
[2020-09-11T16:45:46.740+0000][1][safepoint    ] Safepoint "Cleanup", Time since last: 1000116152 ns, Reaching safepoint: 88160 ns, At safepoint: 10900 ns, Total: 99060 ns
[2020-09-11T16:45:47.740+0000][1][safepoint    ] Safepoint "Cleanup", Time since last: 1000109735 ns, Reaching safepoint: 115353 ns, At safepoint: 12050 ns, Total: 127403 ns
[2020-09-11T16:45:48.740+0000][1][safepoint    ] Safepoint "Cleanup", Time since last: 1000105652 ns, Reaching safepoint: 82069 ns, At safepoint: 7663 ns, Total: 89732 ns
[2020-09-11T16:45:49.740+0000][1][safepoint    ] Safepoint "Cleanup", Time since last: 1000112355 ns, Reaching safepoint: 82510 ns, At safepoint: 8609 ns, Total: 91119 ns
[2020-09-11T16:45:50.710+0000][1][safepoint    ] Safepoint "RevokeBias", Time since last: 969399565 ns, Reaching safepoint: 168486 ns, At safepoint: 24006 ns, Total: 192492 ns
[2020-09-11T16:45:50.873+0000][1][safepoint    ] Safepoint "RevokeBias", Time since last: 163480903 ns, Reaching safepoint: 166354 ns, At safepoint: 25535 ns, Total: 191889 ns
[2020-09-11T16:45:51.874+0000][1][safepoint    ] Safepoint "Cleanup", Time since last: 1000102210 ns, Reaching safepoint: 83443 ns, At safepoint: 7739 ns, Total: 91182 ns
[2020-09-11T16:45:52.874+0000][1][safepoint    ] Safepoint "Cleanup", Time since last: 1000108507 ns, Reaching safepoint: 107062 ns, At safepoint: 8524 ns, Total: 115586 ns
[2020-09-11T16:45:53.569+0000][1][safepoint    ] Safepoint "RevokeBias", Time since last: 692621206 ns, Reaching safepoint: 2383965 ns, At safepoint: 242072 ns, Total: 2626037 ns
[2020-09-11T16:45:53.580+0000][1][gc,start     ] GC(138) Pause Young (Allocation Failure)
[2020-09-11T16:45:53.580+0000][1][gc,task      ] GC(138) Using 1 workers of 1 for evacuation
[2020-09-11T16:45:53.591+0000][1][gc,age       ] GC(138) Desired survivor size 4358144 bytes, new threshold 6 (max threshold 6)
[2020-09-11T16:45:53.591+0000][1][gc,age       ] GC(138) Age table with threshold 6 (max threshold 6)
[2020-09-11T16:45:53.591+0000][1][gc,age       ] GC(138) - age   1:     609944 bytes,     609944 total
[2020-09-11T16:45:53.591+0000][1][gc,age       ] GC(138) - age   2:     267584 bytes,     877528 total
[2020-09-11T16:45:53.591+0000][1][gc,age       ] GC(138) - age   3:       6840 bytes,     884368 total
[2020-09-11T16:45:53.591+0000][1][gc,age       ] GC(138) - age   4:     496880 bytes,    1381248 total
[2020-09-11T16:45:53.591+0000][1][gc,age       ] GC(138) - age   5:       6640 bytes,    1387888 total
[2020-09-11T16:45:53.591+0000][1][gc,age       ] GC(138) - age   6:      81832 bytes,    1469720 total
[2020-09-11T16:45:53.591+0000][1][gc,heap      ] GC(138) ParNew: 70687K->1732K(76672K)
[2020-09-11T16:45:53.591+0000][1][gc,heap      ] GC(138) CMS: 106613K->106679K(439104K)
[2020-09-11T16:45:53.591+0000][1][gc,metaspace ] GC(138) Metaspace: 96766K->96766K(1138688K)
[2020-09-11T16:45:53.591+0000][1][gc           ] GC(138) Pause Young (Allocation Failure) 173M->105M(503M) 11.490ms
[2020-09-11T16:45:53.591+0000][1][gc,cpu       ] GC(138) User=0.01s Sys=0.00s Real=0.01s
[2020-09-11T16:45:53.592+0000][1][safepoint    ] Safepoint "GenCollectForAllocation", Time since last: 10165706 ns, Reaching safepoint: 250457 ns, At safepoint: 11976469 ns, Total: 12226926 ns
[2020-09-11T16:45:53.773+0000][1][safepoint    ] Safepoint "RevokeBias", Time since last: 181430167 ns, Reaching safepoint: 100103 ns, At safepoint: 22504 ns, Total: 122607 ns
[2020-09-11T16:45:54.773+0000][1][safepoint    ] Safepoint "Cleanup", Time since last: 1000117596 ns, Reaching safepoint: 90035 ns, At safepoint: 11237 ns, Total: 101272 ns
[2020-09-11T16:45:55.774+0000][1][safepoint    ] Safepoint "Cleanup", Time since last: 1000113517 ns, Reaching safepoint: 89840 ns, At safepoint: 8788 ns, Total: 98628 ns
[2020-09-11T16:45:56.774+0000][1][safepoint    ] Safepoint "Cleanup", Time since last: 1000115029 ns, Reaching safepoint: 89111 ns, At safepoint: 10634 ns, Total: 99745 ns
[2020-09-11T16:45:57.774+0000][1][safepoint    ] Safepoint "Cleanup", Time since last: 1000125207 ns, Reaching safepoint: 86683 ns, At safepoint: 8873 ns, Total: 95556 ns
[2020-09-11T16:45:58.774+0000][1][safepoint    ] Safepoint "Cleanup", Time since last: 1000112886 ns, Reaching safepoint: 89754 ns, At safepoint: 8658 ns, Total: 98412 ns
[2020-09-11T16:45:59.774+0000][1][safepoint    ] Safepoint "Cleanup", Time since last: 1000112404 ns, Reaching safepoint: 87453 ns, At safepoint: 11250 ns, Total: 98703 ns
[2020-09-11T16:46:00.754+0000][1][safepoint    ] Safepoint "RevokeBias", Time since last: 979108581 ns, Reaching safepoint: 90431 ns, At safepoint: 22662 ns, Total: 113093 ns
[2020-09-11T16:46:00.875+0000][1][safepoint    ] Safepoint "RevokeBias", Time since last: 120856577 ns, Reaching safepoint: 177697 ns, At safepoint: 25510 ns, Total: 203207 ns
[2020-09-11T16:46:01.875+0000][1][safepoint    ] Safepoint "Cleanup", Time since last: 1000104719 ns, Reaching safepoint: 87468 ns, At safepoint: 8340 ns, Total: 95808 ns
[2020-09-11T16:46:02.875+0000][1][safepoint    ] Safepoint "Cleanup", Time since last: 1000113579 ns, Reaching safepoint: 84354 ns, At safepoint: 8159 ns, Total: 92513 ns
[2020-09-11T16:46:03.589+0000][1][safepoint    ] Safepoint "RevokeBias", Time since last: 712602400 ns, Reaching safepoint: 1223999 ns, At safepoint: 217112 ns, Total: 1441111 ns
[2020-09-11T16:46:03.747+0000][1][safepoint    ] Safepoint "RevokeBias", Time since last: 158090280 ns, Reaching safepoint: 112987 ns, At safepoint: 25418 ns, Total: 138405 ns
[2020-09-11T16:46:04.748+0000][1][safepoint    ] Safepoint "Cleanup", Time since last: 1000107785 ns, Reaching safepoint: 113424 ns, At safepoint: 8633 ns, Total: 122057 ns
[2020-09-11T16:46:05.748+0000][1][safepoint    ] Safepoint "Cleanup", Time since last: 1000111918 ns, Reaching safepoint: 86334 ns, At safepoint: 10534 ns, Total: 96868 ns
[2020-09-11T16:46:06.748+0000][1][safepoint    ] Safepoint "Cleanup", Time since last: 1000109247 ns, Reaching safepoint: 84254 ns, At safepoint: 10825 ns, Total: 95079 ns
[2020-09-11T16:46:07.748+0000][1][safepoint    ] Safepoint "Cleanup", Time since last: 1000107168 ns, Reaching safepoint: 83209 ns, At safepoint: 7799 ns, Total: 91008 ns
[2020-09-11T16:46:08.749+0000][1][safepoint    ] Safepoint "Cleanup", Time since last: 1000437259 ns, Reaching safepoint: 77767 ns, At safepoint: 8974 ns, Total: 86741 ns
[2020-09-11T16:46:09.749+0000][1][safepoint    ] Safepoint "Cleanup", Time since last: 1000131023 ns, Reaching safepoint: 84821 ns, At safepoint: 7734 ns, Total: 92555 ns
[2020-09-11T16:46:10.749+0000][1][safepoint    ] Safepoint "Cleanup", Time since last: 1000101535 ns, Reaching safepoint: 145794 ns, At safepoint: 9622 ns, Total: 155416 ns
[2020-09-11T16:46:10.761+0000][1][safepoint    ] Safepoint "RevokeBias", Time since last: 12076122 ns, Reaching safepoint: 93414 ns, At safepoint: 23295 ns, Total: 116709 ns
[2020-09-11T16:46:10.863+0000][1][safepoint    ] Safepoint "RevokeBias", Time since last: 101775104 ns, Reaching safepoint: 92294 ns, At safepoint: 23500 ns, Total: 115794 ns
[2020-09-11T16:46:11.864+0000][1][safepoint    ] Safepoint "Cleanup", Time since last: 1000111012 ns, Reaching safepoint: 107886 ns, At safepoint: 12065 ns, Total: 119951 ns
[2020-09-11T16:46:12.864+0000][1][safepoint    ] Safepoint "Cleanup", Time since last: 1000113501 ns, Reaching safepoint: 83214 ns, At safepoint: 8297 ns, Total: 91511 ns
[2020-09-11T16:46:13.609+0000][1][safepoint    ] Safepoint "RevokeBias", Time since last: 742838852 ns, Reaching safepoint: 2371586 ns, At safepoint: 320166 ns, Total: 2691752 ns
[2020-09-11T16:46:13.641+0000][1][gc,start     ] GC(139) Pause Young (Allocation Failure)
[2020-09-11T16:46:13.641+0000][1][gc,task      ] GC(139) Using 1 workers of 1 for evacuation
[2020-09-11T16:46:13.649+0000][1][gc,age       ] GC(139) Desired survivor size 4358144 bytes, new threshold 6 (max threshold 6)
[2020-09-11T16:46:13.649+0000][1][gc,age       ] GC(139) Age table with threshold 6 (max threshold 6)
[2020-09-11T16:46:13.649+0000][1][gc,age       ] GC(139) - age   1:     767640 bytes,     767640 total
[2020-09-11T16:46:13.649+0000][1][gc,age       ] GC(139) - age   2:      14656 bytes,     782296 total
[2020-09-11T16:46:13.649+0000][1][gc,age       ] GC(139) - age   3:     264288 bytes,    1046584 total
[2020-09-11T16:46:13.649+0000][1][gc,age       ] GC(139) - age   4:       6744 bytes,    1053328 total
[2020-09-11T16:46:13.649+0000][1][gc,age       ] GC(139) - age   5:     496880 bytes,    1550208 total
[2020-09-11T16:46:13.649+0000][1][gc,age       ] GC(139) - age   6:       6640 bytes,    1556848 total
[2020-09-11T16:46:13.653+0000][1][gc,heap      ] GC(139) ParNew: 69892K->2586K(76672K)
[2020-09-11T16:46:13.653+0000][1][gc,heap      ] GC(139) CMS: 106679K->106759K(439104K)
[2020-09-11T16:46:13.653+0000][1][gc,metaspace ] GC(139) Metaspace: 96794K->96794K(1138688K)
[2020-09-11T16:46:13.653+0000][1][gc           ] GC(139) Pause Young (Allocation Failure) 172M->106M(503M) 11.876ms
[2020-09-11T16:46:13.653+0000][1][gc,cpu       ] GC(139) User=0.00s Sys=0.00s Real=0.01s
[2020-09-11T16:46:13.653+0000][1][safepoint    ] Safepoint "GenCollectForAllocation", Time since last: 27553262 ns, Reaching safepoint: 4159369 ns, At safepoint: 11946625 ns, Total: 16105994 ns
[2020-09-11T16:46:13.788+0000][1][safepoint    ] Safepoint "RevokeBias", Time since last: 135093777 ns, Reaching safepoint: 89304 ns, At safepoint: 26282 ns, Total: 115586 ns
[2020-09-11T16:46:14.788+0000][1][safepoint    ] Safepoint "Cleanup", Time since last: 1000103489 ns, Reaching safepoint: 82917 ns, At safepoint: 9862 ns, Total: 92779 ns
[2020-09-11T16:46:15.789+0000][1][safepoint    ] Safepoint "Cleanup", Time since last: 1000108898 ns, Reaching safepoint: 78895 ns, At safepoint: 16776 ns, Total: 95671 ns
[2020-09-11T16:46:16.789+0000][1][safepoint    ] Safepoint "Cleanup", Time since last: 1000167858 ns, Reaching safepoint: 111525 ns, At safepoint: 7209 ns, Total: 118734 ns
[2020-09-11T16:46:17.789+0000][1][safepoint    ] Safepoint "Cleanup", Time since last: 1000107037 ns, Reaching safepoint: 89049 ns, At safepoint: 7956 ns, Total: 97005 ns
[2020-09-11T16:46:18.789+0000][1][safepoint    ] Safepoint "Cleanup", Time since last: 1000112303 ns, Reaching safepoint: 89587 ns, At safepoint: 7862 ns, Total: 97449 ns
[2020-09-11T16:46:19.789+0000][1][safepoint    ] Safepoint "Cleanup", Time since last: 1000117449 ns, Reaching safepoint: 94500 ns, At safepoint: 12504 ns, Total: 107004 ns
[2020-09-11T16:46:20.731+0000][1][safepoint    ] Safepoint "RevokeBias", Time since last: 941396743 ns, Reaching safepoint: 93897 ns, At safepoint: 24268 ns, Total: 118165 ns
[2020-09-11T16:46:20.874+0000][1][safepoint    ] Safepoint "RevokeBias", Time since last: 142985917 ns, Reaching safepoint: 169546 ns, At safepoint: 24925 ns, Total: 194471 ns
[2020-09-11T16:46:21.874+0000][1][safepoint    ] Safepoint "Cleanup", Time since last: 1000103617 ns, Reaching safepoint: 83532 ns, At safepoint: 9266 ns, Total: 92798 ns
[2020-09-11T16:46:22.875+0000][1][safepoint    ] Safepoint "Cleanup", Time since last: 1000110742 ns, Reaching safepoint: 102857 ns, At safepoint: 8583 ns, Total: 111440 ns
[2020-09-11T16:46:23.586+0000][1][safepoint    ] Safepoint "RevokeBias", Time since last: 711118167 ns, Reaching safepoint: 182492 ns, At safepoint: 21289 ns, Total: 203781 ns
[2020-09-11T16:46:23.748+0000][1][safepoint    ] Safepoint "RevokeBias", Time since last: 161537955 ns, Reaching safepoint: 100354 ns, At safepoint: 23166 ns, Total: 123520 ns
[2020-09-11T16:46:24.748+0000][1][safepoint    ] Safepoint "Cleanup", Time since last: 1000112848 ns, Reaching safepoint: 89559 ns, At safepoint: 11805 ns, Total: 101364 ns
[2020-09-11T16:46:25.748+0000][1][safepoint    ] Safepoint "Cleanup", Time since last: 1000117097 ns, Reaching safepoint: 92570 ns, At safepoint: 11769 ns, Total: 104339 ns
[2020-09-11T16:46:26.748+0000][1][safepoint    ] Safepoint "Cleanup", Time since last: 1000116701 ns, Reaching safepoint: 89081 ns, At safepoint: 11429 ns, Total: 100510 ns
[2020-09-11T16:46:27.748+0000][1][safepoint    ] Safepoint "Cleanup", Time since last: 1000130955 ns, Reaching safepoint: 86792 ns, At safepoint: 8297 ns, Total: 95089 ns
[2020-09-11T16:46:28.749+0000][1][safepoint    ] Safepoint "Cleanup", Time since last: 1000110638 ns, Reaching safepoint: 88164 ns, At safepoint: 11405 ns, Total: 99569 ns
[2020-09-11T16:46:29.749+0000][1][safepoint    ] Safepoint "Cleanup", Time since last: 1000136268 ns, Reaching safepoint: 85133 ns, At safepoint: 7857 ns, Total: 92990 ns
[2020-09-11T16:46:30.717+0000][1][safepoint    ] Safepoint "RevokeBias", Time since last: 968110553 ns, Reaching safepoint: 98761 ns, At safepoint: 23680 ns, Total: 122441 ns
[2020-09-11T16:46:30.868+0000][1][safepoint    ] Safepoint "RevokeBias", Time since last: 150312564 ns, Reaching safepoint: 169552 ns, At safepoint: 25059 ns, Total: 194611 ns
[2020-09-11T16:46:31.868+0000][1][safepoint    ] Safepoint "Cleanup", Time since last: 1000110631 ns, Reaching safepoint: 87654 ns, At safepoint: 11188 ns, Total: 98842 ns
[2020-09-11T16:46:32.868+0000][1][safepoint    ] Safepoint "Cleanup", Time since last: 1000118065 ns, Reaching safepoint: 99992 ns, At safepoint: 9567 ns, Total: 109559 ns
[2020-09-11T16:46:33.604+0000][1][safepoint    ] Safepoint "RevokeBias", Time since last: 735260708 ns, Reaching safepoint: 223113 ns, At safepoint: 210033 ns, Total: 433146 ns
[2020-09-11T16:46:33.633+0000][1][gc,start     ] GC(140) Pause Young (Allocation Failure)
[2020-09-11T16:46:33.633+0000][1][gc,task      ] GC(140) Using 1 workers of 1 for evacuation
[2020-09-11T16:46:33.642+0000][1][gc,age       ] GC(140) Desired survivor size 4358144 bytes, new threshold 6 (max threshold 6)
[2020-09-11T16:46:33.642+0000][1][gc,age       ] GC(140) Age table with threshold 6 (max threshold 6)
[2020-09-11T16:46:33.642+0000][1][gc,age       ] GC(140) - age   1:     630376 bytes,     630376 total
[2020-09-11T16:46:33.642+0000][1][gc,age       ] GC(140) - age   2:     128800 bytes,     759176 total
[2020-09-11T16:46:33.642+0000][1][gc,age       ] GC(140) - age   3:       8192 bytes,     767368 total
[2020-09-11T16:46:33.642+0000][1][gc,age       ] GC(140) - age   4:     262560 bytes,    1029928 total
[2020-09-11T16:46:33.642+0000][1][gc,age       ] GC(140) - age   5:       6744 bytes,    1036672 total
[2020-09-11T16:46:33.642+0000][1][gc,age       ] GC(140) - age   6:     496568 bytes,    1533240 total
[2020-09-11T16:46:33.642+0000][1][gc,heap      ] GC(140) ParNew: 70746K->1786K(76672K)
[2020-09-11T16:46:33.642+0000][1][gc,heap      ] GC(140) CMS: 106759K->106765K(439104K)
[2020-09-11T16:46:33.642+0000][1][gc,metaspace ] GC(140) Metaspace: 96809K->96809K(1138688K)
[2020-09-11T16:46:33.642+0000][1][gc           ] GC(140) Pause Young (Allocation Failure) 173M->106M(503M) 9.486ms
[2020-09-11T16:46:33.642+0000][1][gc,cpu       ] GC(140) User=0.00s Sys=0.00s Real=0.01s
[2020-09-11T16:46:33.643+0000][1][safepoint    ] Safepoint "GenCollectForAllocation", Time since last: 29060092 ns, Reaching safepoint: 164298 ns, At safepoint: 9560949 ns, Total: 9725247 ns
[2020-09-11T16:46:33.760+0000][1][safepoint    ] Safepoint "RevokeBias", Time since last: 116928682 ns, Reaching safepoint: 93423 ns, At safepoint: 22852 ns, Total: 116275 ns
[2020-09-11T16:46:34.760+0000][1][safepoint    ] Safepoint "Cleanup", Time since last: 1000109817 ns, Reaching safepoint: 86576 ns, At safepoint: 11088 ns, Total: 97664 ns
[2020-09-11T16:46:35.760+0000][1][safepoint    ] Safepoint "Cleanup", Time since last: 1000113055 ns, Reaching safepoint: 85183 ns, At safepoint: 8122 ns, Total: 93305 ns
[2020-09-11T16:46:36.760+0000][1][safepoint    ] Safepoint "Cleanup", Time since last: 1000121357 ns, Reaching safepoint: 88423 ns, At safepoint: 11900 ns, Total: 100323 ns
[2020-09-11T16:46:37.760+0000][1][safepoint    ] Safepoint "Cleanup", Time since last: 1000115683 ns, Reaching safepoint: 85485 ns, At safepoint: 8657 ns, Total: 94142 ns
[2020-09-11T16:46:38.761+0000][1][safepoint    ] Safepoint "Cleanup", Time since last: 1000112614 ns, Reaching safepoint: 91117 ns, At safepoint: 10971 ns, Total: 102088 ns
[2020-09-11T16:46:39.761+0000][1][safepoint    ] Safepoint "Cleanup", Time since last: 1000146875 ns, Reaching safepoint: 89939 ns, At safepoint: 11426 ns, Total: 101365 ns
[2020-09-11T16:46:40.723+0000][1][safepoint    ] Safepoint "RevokeBias", Time since last: 962011732 ns, Reaching safepoint: 169228 ns, At safepoint: 25169 ns, Total: 194397 ns
[2020-09-11T16:46:40.863+0000][1][safepoint    ] Safepoint "RevokeBias", Time since last: 139913458 ns, Reaching safepoint: 96462 ns, At safepoint: 23609 ns, Total: 120071 ns
[2020-09-11T16:46:41.863+0000][1][safepoint    ] Safepoint "Cleanup", Time since last: 1000115751 ns, Reaching safepoint: 95750 ns, At safepoint: 8880 ns, Total: 104630 ns
[2020-09-11T16:46:42.864+0000][1][safepoint    ] Safepoint "Cleanup", Time since last: 1000117232 ns, Reaching safepoint: 85168 ns, At safepoint: 10778 ns, Total: 95946 ns
[2020-09-11T16:46:43.654+0000][1][safepoint    ] Safepoint "RevokeBias", Time since last: 789534493 ns, Reaching safepoint: 222558 ns, At safepoint: 227090 ns, Total: 449648 ns
[2020-09-11T16:46:43.873+0000][1][safepoint    ] Safepoint "RevokeBias", Time since last: 219525053 ns, Reaching safepoint: 100445 ns, At safepoint: 24601 ns, Total: 125046 ns
[2020-09-11T16:46:44.873+0000][1][safepoint    ] Safepoint "Cleanup", Time since last: 1000143249 ns, Reaching safepoint: 92287 ns, At safepoint: 9812 ns, Total: 102099 ns
[2020-09-11T16:46:45.874+0000][1][safepoint    ] Safepoint "Cleanup", Time since last: 1000109512 ns, Reaching safepoint: 86108 ns, At safepoint: 10717 ns, Total: 96825 ns
[2020-09-11T16:46:46.874+0000][1][safepoint    ] Safepoint "Cleanup", Time since last: 1000114165 ns, Reaching safepoint: 87561 ns, At safepoint: 11613 ns, Total: 99174 ns
[2020-09-11T16:46:47.874+0000][1][safepoint    ] Safepoint "Cleanup", Time since last: 1000112653 ns, Reaching safepoint: 84026 ns, At safepoint: 8521 ns, Total: 92547 ns
[2020-09-11T16:46:48.874+0000][1][safepoint    ] Safepoint "Cleanup", Time since last: 1000107621 ns, Reaching safepoint: 89687 ns, At safepoint: 10736 ns, Total: 100423 ns
[2020-09-11T16:46:49.874+0000][1][safepoint    ] Safepoint "Cleanup", Time since last: 1000114967 ns, Reaching safepoint: 91412 ns, At safepoint: 10551 ns, Total: 101963 ns
[2020-09-11T16:46:50.823+0000][1][safepoint    ] Safepoint "RevokeBias", Time since last: 947849786 ns, Reaching safepoint: 176607 ns, At safepoint: 28628 ns, Total: 205235 ns
[2020-09-11T16:46:50.918+0000][1][safepoint    ] Safepoint "RevokeBias", Time since last: 95303217 ns, Reaching safepoint: 169312 ns, At safepoint: 24968 ns, Total: 194280 ns
[2020-09-11T16:46:51.918+0000][1][safepoint    ] Safepoint "Cleanup", Time since last: 1000110938 ns, Reaching safepoint: 86162 ns, At safepoint: 8027 ns, Total: 94189 ns
[2020-09-11T16:46:52.918+0000][1][safepoint    ] Safepoint "Cleanup", Time since last: 1000112256 ns, Reaching safepoint: 89505 ns, At safepoint: 10538 ns, Total: 100043 ns
[2020-09-11T16:46:53.635+0000][1][safepoint    ] Safepoint "RevokeBias", Time since last: 715746196 ns, Reaching safepoint: 214021 ns, At safepoint: 250240 ns, Total: 464261 ns
[2020-09-11T16:46:53.663+0000][1][safepoint    ] Safepoint "RevokeBias", Time since last: 26208896 ns, Reaching safepoint: 2217689 ns, At safepoint: 26829 ns, Total: 2244518 ns
[2020-09-11T16:46:53.682+0000][1][gc,start     ] GC(141) Pause Young (Allocation Failure)
[2020-09-11T16:46:53.682+0000][1][gc,task      ] GC(141) Using 1 workers of 1 for evacuation
[2020-09-11T16:46:53.694+0000][1][gc,age       ] GC(141) Desired survivor size 4358144 bytes, new threshold 6 (max threshold 6)
[2020-09-11T16:46:53.694+0000][1][gc,age       ] GC(141) Age table with threshold 6 (max threshold 6)
[2020-09-11T16:46:53.694+0000][1][gc,age       ] GC(141) - age   1:    1028248 bytes,    1028248 total
[2020-09-11T16:46:53.694+0000][1][gc,age       ] GC(141) - age   2:      95216 bytes,    1123464 total
[2020-09-11T16:46:53.694+0000][1][gc,age       ] GC(141) - age   3:     109344 bytes,    1232808 total
[2020-09-11T16:46:53.694+0000][1][gc,age       ] GC(141) - age   4:       7880 bytes,    1240688 total
[2020-09-11T16:46:53.694+0000][1][gc,age       ] GC(141) - age   5:     262560 bytes,    1503248 total
[2020-09-11T16:46:53.694+0000][1][gc,age       ] GC(141) - age   6:       6744 bytes,    1509992 total
[2020-09-11T16:46:53.694+0000][1][gc,heap      ] GC(141) ParNew: 69946K->2692K(76672K)
[2020-09-11T16:46:53.694+0000][1][gc,heap      ] GC(141) CMS: 106765K->106889K(439104K)
[2020-09-11T16:46:53.694+0000][1][gc,metaspace ] GC(141) Metaspace: 96815K->96815K(1138688K)
[2020-09-11T16:46:53.694+0000][1][gc           ] GC(141) Pause Young (Allocation Failure) 172M->107M(503M) 12.221ms
[2020-09-11T16:46:53.694+0000][1][gc,cpu       ] GC(141) User=0.01s Sys=0.00s Real=0.01s
[2020-09-11T16:46:53.705+0000][1][safepoint    ] Safepoint "GenCollectForAllocation", Time since last: 18331443 ns, Reaching safepoint: 170943 ns, At safepoint: 23181053 ns, Total: 23351996 ns
[2020-09-11T16:46:53.811+0000][1][safepoint    ] Safepoint "RevokeBias", Time since last: 106197569 ns, Reaching safepoint: 95169 ns, At safepoint: 26085 ns, Total: 121254 ns
[2020-09-11T16:46:54.811+0000][1][safepoint    ] Safepoint "Cleanup", Time since last: 1000111652 ns, Reaching safepoint: 88113 ns, At safepoint: 10889 ns, Total: 99002 ns
[2020-09-11T16:46:55.812+0000][1][safepoint    ] Safepoint "Cleanup", Time since last: 1000112672 ns, Reaching safepoint: 87123 ns, At safepoint: 10297 ns, Total: 97420 ns
[2020-09-11T16:46:56.812+0000][1][safepoint    ] Safepoint "Cleanup", Time since last: 1000124649 ns, Reaching safepoint: 87745 ns, At safepoint: 11863 ns, Total: 99608 ns
[2020-09-11T16:46:57.812+0000][1][safepoint    ] Safepoint "Cleanup", Time since last: 1000115613 ns, Reaching safepoint: 84810 ns, At safepoint: 8407 ns, Total: 93217 ns
[2020-09-11T16:46:58.812+0000][1][safepoint    ] Safepoint "Cleanup", Time since last: 1000110880 ns, Reaching safepoint: 88181 ns, At safepoint: 10715 ns, Total: 98896 ns
[2020-09-11T16:46:59.812+0000][1][safepoint    ] Safepoint "Cleanup", Time since last: 1000114830 ns, Reaching safepoint: 99656 ns, At safepoint: 11099 ns, Total: 110755 ns
[2020-09-11T16:47:00.731+0000][1][safepoint    ] Safepoint "RevokeBias", Time since last: 918243339 ns, Reaching safepoint: 93510 ns, At safepoint: 23120 ns, Total: 116630 ns
[2020-09-11T16:47:00.867+0000][1][safepoint    ] Safepoint "BulkRevokeBias", Time since last: 136065058 ns, Reaching safepoint: 167961 ns, At safepoint: 263575 ns, Total: 431536 ns
[2020-09-11T16:47:01.867+0000][1][safepoint    ] Safepoint "Cleanup", Time since last: 1000106538 ns, Reaching safepoint: 88682 ns, At safepoint: 11197 ns, Total: 99879 ns
[2020-09-11T16:47:02.868+0000][1][safepoint    ] Safepoint "Cleanup", Time since last: 1000109315 ns, Reaching safepoint: 87276 ns, At safepoint: 10141 ns, Total: 97417 ns
[2020-09-11T16:47:03.680+0000][1][safepoint    ] Safepoint "RevokeBias", Time since last: 812299413 ns, Reaching safepoint: 229154 ns, At safepoint: 211101 ns, Total: 440255 ns
[2020-09-11T16:47:03.863+0000][1][safepoint    ] Safepoint "RevokeBias", Time since last: 182570446 ns, Reaching safepoint: 93063 ns, At safepoint: 22941 ns, Total: 116004 ns
[2020-09-11T16:47:04.863+0000][1][safepoint    ] Safepoint "Cleanup", Time since last: 1000111066 ns, Reaching safepoint: 87454 ns, At safepoint: 8697 ns, Total: 96151 ns
[2020-09-11T16:47:05.864+0000][1][safepoint    ] Safepoint "Cleanup", Time since last: 1000119825 ns, Reaching safepoint: 110918 ns, At safepoint: 9454 ns, Total: 120372 ns
[2020-09-11T16:47:06.864+0000][1][safepoint    ] Safepoint "Cleanup", Time since last: 1000132659 ns, Reaching safepoint: 85604 ns, At safepoint: 8068 ns, Total: 93672 ns
[2020-09-11T16:47:07.864+0000][1][safepoint    ] Safepoint "Cleanup", Time since last: 1000114965 ns, Reaching safepoint: 87787 ns, At safepoint: 11181 ns, Total: 98968 ns
[2020-09-11T16:47:08.864+0000][1][safepoint    ] Safepoint "Cleanup", Time since last: 1000115912 ns, Reaching safepoint: 86812 ns, At safepoint: 8897 ns, Total: 95709 ns
[2020-09-11T16:47:09.864+0000][1][safepoint    ] Safepoint "Cleanup", Time since last: 1000115019 ns, Reaching safepoint: 89225 ns, At safepoint: 11466 ns, Total: 100691 ns
[2020-09-11T16:47:10.762+0000][1][safepoint    ] Safepoint "RevokeBias", Time since last: 897165788 ns, Reaching safepoint: 178848 ns, At safepoint: 35575 ns, Total: 214423 ns
[2020-09-11T16:47:10.864+0000][1][safepoint    ] Safepoint "RevokeBias", Time since last: 102386802 ns, Reaching safepoint: 92004 ns, At safepoint: 23952 ns, Total: 115956 ns
[2020-09-11T16:47:11.864+0000][1][safepoint    ] Safepoint "Cleanup", Time since last: 1000107260 ns, Reaching safepoint: 86720 ns, At safepoint: 10929 ns, Total: 97649 ns
[2020-09-11T16:47:12.865+0000][1][safepoint    ] Safepoint "Cleanup", Time since last: 1000116642 ns, Reaching safepoint: 86021 ns, At safepoint: 8457 ns, Total: 94478 ns
[2020-09-11T16:47:13.556+0000][1][safepoint    ] Safepoint "RevokeBias", Time since last: 691030509 ns, Reaching safepoint: 220760 ns, At safepoint: 451607 ns, Total: 672367 ns
[2020-09-11T16:47:13.619+0000][1][gc,start     ] GC(142) Pause Young (Allocation Failure)
[2020-09-11T16:47:13.619+0000][1][gc,task      ] GC(142) Using 1 workers of 1 for evacuation
[2020-09-11T16:47:13.641+0000][1][gc,age       ] GC(142) Desired survivor size 4358144 bytes, new threshold 6 (max threshold 6)
[2020-09-11T16:47:13.641+0000][1][gc,age       ] GC(142) Age table with threshold 6 (max threshold 6)
[2020-09-11T16:47:13.641+0000][1][gc,age       ] GC(142) - age   1:     654056 bytes,     654056 total
[2020-09-11T16:47:13.641+0000][1][gc,age       ] GC(142) - age   2:     430984 bytes,    1085040 total
[2020-09-11T16:47:13.641+0000][1][gc,age       ] GC(142) - age   3:      92056 bytes,    1177096 total
[2020-09-11T16:47:13.641+0000][1][gc,age       ] GC(142) - age   4:     109248 bytes,    1286344 total
[2020-09-11T16:47:13.641+0000][1][gc,age       ] GC(142) - age   5:       7880 bytes,    1294224 total
[2020-09-11T16:47:13.641+0000][1][gc,age       ] GC(142) - age   6:     262560 bytes,    1556784 total
[2020-09-11T16:47:13.641+0000][1][gc,heap      ] GC(142) ParNew: 70852K->1779K(76672K)
[2020-09-11T16:47:13.641+0000][1][gc,heap      ] GC(142) CMS: 106889K->106896K(439104K)
[2020-09-11T16:47:13.641+0000][1][gc,metaspace ] GC(142) Metaspace: 96829K->96829K(1138688K)
[2020-09-11T16:47:13.641+0000][1][gc           ] GC(142) Pause Young (Allocation Failure) 173M->106M(503M) 22.670ms
[2020-09-11T16:47:13.641+0000][1][gc,cpu       ] GC(142) User=0.01s Sys=0.00s Real=0.03s
[2020-09-11T16:47:13.642+0000][1][safepoint    ] Safepoint "GenCollectForAllocation", Time since last: 62216805 ns, Reaching safepoint: 160995 ns, At safepoint: 22742080 ns, Total: 22903075 ns
[2020-09-11T16:47:13.776+0000][1][safepoint    ] Safepoint "RevokeBias", Time since last: 133973626 ns, Reaching safepoint: 93632 ns, At safepoint: 23454 ns, Total: 117086 ns
[2020-09-11T16:47:14.776+0000][1][safepoint    ] Safepoint "Cleanup", Time since last: 1000111014 ns, Reaching safepoint: 88265 ns, At safepoint: 11659 ns, Total: 99924 ns
[2020-09-11T16:47:15.776+0000][1][safepoint    ] Safepoint "Cleanup", Time since last: 1000117643 ns, Reaching safepoint: 90174 ns, At safepoint: 11292 ns, Total: 101466 ns
[2020-09-11T16:47:16.776+0000][1][safepoint    ] Safepoint "Cleanup", Time since last: 1000129526 ns, Reaching safepoint: 90965 ns, At safepoint: 11867 ns, Total: 102832 ns
[2020-09-11T16:47:17.777+0000][1][safepoint    ] Safepoint "Cleanup", Time since last: 1000146350 ns, Reaching safepoint: 87551 ns, At safepoint: 11689 ns, Total: 99240 ns
[2020-09-11T16:47:18.777+0000][1][safepoint    ] Safepoint "Cleanup", Time since last: 1000114759 ns, Reaching safepoint: 89949 ns, At safepoint: 35575 ns, Total: 125524 ns
[2020-09-11T16:47:19.777+0000][1][safepoint    ] Safepoint "Cleanup", Time since last: 1000111477 ns, Reaching safepoint: 87394 ns, At safepoint: 8928 ns, Total: 96322 ns
[2020-09-11T16:47:20.721+0000][1][safepoint    ] Safepoint "RevokeBias", Time since last: 944392749 ns, Reaching safepoint: 93477 ns, At safepoint: 23152 ns, Total: 116629 ns
[2020-09-11T16:47:20.951+0000][1][safepoint    ] Safepoint "RevokeBias", Time since last: 228981640 ns, Reaching safepoint: 170775 ns, At safepoint: 24797 ns, Total: 195572 ns
[2020-09-11T16:47:21.951+0000][1][safepoint    ] Safepoint "Cleanup", Time since last: 1000109872 ns, Reaching safepoint: 90696 ns, At safepoint: 11962 ns, Total: 102658 ns
[2020-09-11T16:47:22.951+0000][1][safepoint    ] Safepoint "Cleanup", Time since last: 1000115593 ns, Reaching safepoint: 85916 ns, At safepoint: 7851 ns, Total: 93767 ns
[2020-09-11T16:47:23.609+0000][1][safepoint    ] Safepoint "RevokeBias", Time since last: 657499275 ns, Reaching safepoint: 224492 ns, At safepoint: 23535 ns, Total: 248027 ns
[2020-09-11T16:47:23.762+0000][1][safepoint    ] Safepoint "RevokeBias", Time since last: 152813656 ns, Reaching safepoint: 92550 ns, At safepoint: 23636 ns, Total: 116186 ns
[2020-09-11T16:47:24.762+0000][1][safepoint    ] Safepoint "Cleanup", Time since last: 1000105666 ns, Reaching safepoint: 103451 ns, At safepoint: 8690 ns, Total: 112141 ns
[2020-09-11T16:47:25.762+0000][1][safepoint    ] Safepoint "Cleanup", Time since last: 1000109297 ns, Reaching safepoint: 88139 ns, At safepoint: 11244 ns, Total: 99383 ns
[2020-09-11T16:47:26.762+0000][1][safepoint    ] Safepoint "Cleanup", Time since last: 1000120820 ns, Reaching safepoint: 85666 ns, At safepoint: 8681 ns, Total: 94347 ns
[2020-09-11T16:47:27.763+0000][1][safepoint    ] Safepoint "Cleanup", Time since last: 1000133707 ns, Reaching safepoint: 89872 ns, At safepoint: 11690 ns, Total: 101562 ns
[2020-09-11T16:47:28.763+0000][1][safepoint    ] Safepoint "Cleanup", Time since last: 1000121231 ns, Reaching safepoint: 92832 ns, At safepoint: 12430 ns, Total: 105262 ns
[2020-09-11T16:47:29.763+0000][1][safepoint    ] Safepoint "Cleanup", Time since last: 1000116876 ns, Reaching safepoint: 87951 ns, At safepoint: 11471 ns, Total: 99422 ns
[2020-09-11T16:47:30.763+0000][1][safepoint    ] Safepoint "Cleanup", Time since last: 1000116135 ns, Reaching safepoint: 85715 ns, At safepoint: 8353 ns, Total: 94068 ns
[2020-09-11T16:47:30.813+0000][1][safepoint    ] Safepoint "RevokeBias", Time since last: 49755325 ns, Reaching safepoint: 93599 ns, At safepoint: 23692 ns, Total: 117291 ns
[2020-09-11T16:47:30.866+0000][1][safepoint    ] Safepoint "RevokeBias", Time since last: 52836306 ns, Reaching safepoint: 169919 ns, At safepoint: 24839 ns, Total: 194758 ns
[2020-09-11T16:47:31.866+0000][1][safepoint    ] Safepoint "Cleanup", Time since last: 1000108257 ns, Reaching safepoint: 88113 ns, At safepoint: 8431 ns, Total: 96544 ns
[2020-09-11T16:47:32.867+0000][1][safepoint    ] Safepoint "Cleanup", Time since last: 1000114001 ns, Reaching safepoint: 99572 ns, At safepoint: 14914 ns, Total: 114486 ns
[2020-09-11T16:47:33.632+0000][1][safepoint    ] Safepoint "RevokeBias", Time since last: 764300992 ns, Reaching safepoint: 689534 ns, At safepoint: 203148 ns, Total: 892682 ns
[2020-09-11T16:47:33.673+0000][1][gc,start     ] GC(143) Pause Young (Allocation Failure)
[2020-09-11T16:47:33.673+0000][1][gc,task      ] GC(143) Using 1 workers of 1 for evacuation
[2020-09-11T16:47:33.683+0000][1][gc,age       ] GC(143) Desired survivor size 4358144 bytes, new threshold 6 (max threshold 6)
[2020-09-11T16:47:33.683+0000][1][gc,age       ] GC(143) Age table with threshold 6 (max threshold 6)
[2020-09-11T16:47:33.683+0000][1][gc,age       ] GC(143) - age   1:     750312 bytes,     750312 total
[2020-09-11T16:47:33.683+0000][1][gc,age       ] GC(143) - age   2:      78720 bytes,     829032 total
[2020-09-11T16:47:33.683+0000][1][gc,age       ] GC(143) - age   3:     424384 bytes,    1253416 total
[2020-09-11T16:47:33.683+0000][1][gc,age       ] GC(143) - age   4:      90328 bytes,    1343744 total
[2020-09-11T16:47:33.683+0000][1][gc,age       ] GC(143) - age   5:     109248 bytes,    1452992 total
[2020-09-11T16:47:33.683+0000][1][gc,age       ] GC(143) - age   6:       7584 bytes,    1460576 total
[2020-09-11T16:47:33.683+0000][1][gc,heap      ] GC(143) ParNew: 69939K->2725K(76672K)
[2020-09-11T16:47:33.683+0000][1][gc,heap      ] GC(143) CMS: 106896K->107058K(439104K)
[2020-09-11T16:47:33.683+0000][1][gc,metaspace ] GC(143) Metaspace: 96831K->96831K(1138688K)
[2020-09-11T16:47:33.683+0000][1][gc           ] GC(143) Pause Young (Allocation Failure) 172M->107M(503M) 9.639ms
[2020-09-11T16:47:33.683+0000][1][gc,cpu       ] GC(143) User=0.01s Sys=0.00s Real=0.01s
[2020-09-11T16:47:33.683+0000][1][safepoint    ] Safepoint "GenCollectForAllocation", Time since last: 41406275 ns, Reaching safepoint: 160261 ns, At safepoint: 9714117 ns, Total: 9874378 ns
[2020-09-11T16:47:33.769+0000][1][safepoint    ] Safepoint "RevokeBias", Time since last: 85952751 ns, Reaching safepoint: 91582 ns, At safepoint: 23727 ns, Total: 115309 ns
[2020-09-11T16:47:34.769+0000][1][safepoint    ] Safepoint "Cleanup", Time since last: 1000107336 ns, Reaching safepoint: 85199 ns, At safepoint: 8297 ns, Total: 93496 ns
[2020-09-11T16:47:35.770+0000][1][safepoint    ] Safepoint "Cleanup", Time since last: 1000112203 ns, Reaching safepoint: 88336 ns, At safepoint: 11321 ns, Total: 99657 ns
[2020-09-11T16:47:36.770+0000][1][safepoint    ] Safepoint "Cleanup", Time since last: 1000116550 ns, Reaching safepoint: 88669 ns, At safepoint: 11321 ns, Total: 99990 ns
[2020-09-11T16:47:37.770+0000][1][safepoint    ] Safepoint "Cleanup", Time since last: 1000110562 ns, Reaching safepoint: 87954 ns, At safepoint: 8711 ns, Total: 96665 ns
[2020-09-11T16:47:38.770+0000][1][safepoint    ] Safepoint "Cleanup", Time since last: 1000112000 ns, Reaching safepoint: 87517 ns, At safepoint: 11185 ns, Total: 98702 ns
[2020-09-11T16:47:39.770+0000][1][safepoint    ] Safepoint "Cleanup", Time since last: 1000109760 ns, Reaching safepoint: 88070 ns, At safepoint: 8332 ns, Total: 96402 ns
[2020-09-11T16:47:40.734+0000][1][safepoint    ] Safepoint "RevokeBias", Time since last: 963526603 ns, Reaching safepoint: 171080 ns, At safepoint: 24784 ns, Total: 195864 ns
[2020-09-11T16:47:40.863+0000][1][safepoint    ] Safepoint "RevokeBias", Time since last: 128971042 ns, Reaching safepoint: 96236 ns, At safepoint: 22893 ns, Total: 119129 ns
[2020-09-11T16:47:41.863+0000][1][safepoint    ] Safepoint "Cleanup", Time since last: 1000108869 ns, Reaching safepoint: 87004 ns, At safepoint: 11830 ns, Total: 98834 ns
[2020-09-11T16:47:42.864+0000][1][safepoint    ] Safepoint "Cleanup", Time since last: 1000116669 ns, Reaching safepoint: 88921 ns, At safepoint: 10576 ns, Total: 99497 ns
[2020-09-11T16:47:43.609+0000][1][safepoint    ] Safepoint "RevokeBias", Time since last: 745435150 ns, Reaching safepoint: 93375 ns, At safepoint: 20748 ns, Total: 114123 ns
[2020-09-11T16:47:43.793+0000][1][safepoint    ] Safepoint "RevokeBias", Time since last: 183742767 ns, Reaching safepoint: 102026 ns, At safepoint: 25102 ns, Total: 127128 ns
[2020-09-11T16:47:44.793+0000][1][safepoint    ] Safepoint "Cleanup", Time since last: 1000113229 ns, Reaching safepoint: 86369 ns, At safepoint: 10625 ns, Total: 96994 ns
[2020-09-11T16:47:45.793+0000][1][safepoint    ] Safepoint "Cleanup", Time since last: 1000110001 ns, Reaching safepoint: 85567 ns, At safepoint: 7813 ns, Total: 93380 ns
[2020-09-11T16:47:46.794+0000][1][safepoint    ] Safepoint "Cleanup", Time since last: 1000115610 ns, Reaching safepoint: 87677 ns, At safepoint: 11235 ns, Total: 98912 ns
[2020-09-11T16:47:47.794+0000][1][safepoint    ] Safepoint "Cleanup", Time since last: 1000114872 ns, Reaching safepoint: 86820 ns, At safepoint: 8196 ns, Total: 95016 ns
[2020-09-11T16:47:48.794+0000][1][safepoint    ] Safepoint "Cleanup", Time since last: 1000113962 ns, Reaching safepoint: 89870 ns, At safepoint: 11319 ns, Total: 101189 ns
[2020-09-11T16:47:49.794+0000][1][safepoint    ] Safepoint "Cleanup", Time since last: 1000113140 ns, Reaching safepoint: 88777 ns, At safepoint: 8585 ns, Total: 97362 ns
[2020-09-11T16:47:50.715+0000][1][safepoint    ] Safepoint "RevokeBias", Time since last: 920823395 ns, Reaching safepoint: 166565 ns, At safepoint: 25357 ns, Total: 191922 ns
[2020-09-11T16:47:50.864+0000][1][safepoint    ] Safepoint "RevokeBias", Time since last: 148544949 ns, Reaching safepoint: 94005 ns, At safepoint: 23716 ns, Total: 117721 ns
[2020-09-11T16:47:51.864+0000][1][safepoint    ] Safepoint "Cleanup", Time since last: 1000115100 ns, Reaching safepoint: 83443 ns, At safepoint: 7943 ns, Total: 91386 ns
[2020-09-11T16:47:52.864+0000][1][safepoint    ] Safepoint "Cleanup", Time since last: 1000113018 ns, Reaching safepoint: 84990 ns, At safepoint: 8244 ns, Total: 93234 ns
[2020-09-11T16:47:53.589+0000][1][safepoint    ] Safepoint "RevokeBias", Time since last: 720694579 ns, Reaching safepoint: 3785462 ns, At safepoint: 241236 ns, Total: 4026698 ns
[2020-09-11T16:47:53.748+0000][1][safepoint    ] Safepoint "RevokeBias", Time since last: 158329296 ns, Reaching safepoint: 183702 ns, At safepoint: 24169 ns, Total: 207871 ns
[2020-09-11T16:47:54.064+0000][1][gc,start     ] GC(144) Pause Young (Allocation Failure)
[2020-09-11T16:47:54.065+0000][1][gc,task      ] GC(144) Using 1 workers of 1 for evacuation
[2020-09-11T16:47:54.072+0000][1][gc,age       ] GC(144) Desired survivor size 4358144 bytes, new threshold 6 (max threshold 6)
[2020-09-11T16:47:54.072+0000][1][gc,age       ] GC(144) Age table with threshold 6 (max threshold 6)
[2020-09-11T16:47:54.072+0000][1][gc,age       ] GC(144) - age   1:     275960 bytes,     275960 total
[2020-09-11T16:47:54.072+0000][1][gc,age       ] GC(144) - age   2:     184664 bytes,     460624 total
[2020-09-11T16:47:54.072+0000][1][gc,age       ] GC(144) - age   3:      59264 bytes,     519888 total
[2020-09-11T16:47:54.072+0000][1][gc,age       ] GC(144) - age   4:     424088 bytes,     943976 total
[2020-09-11T16:47:54.072+0000][1][gc,age       ] GC(144) - age   5:      90328 bytes,    1034304 total
[2020-09-11T16:47:54.072+0000][1][gc,age       ] GC(144) - age   6:     109248 bytes,    1143552 total
[2020-09-11T16:47:54.072+0000][1][gc,heap      ] GC(144) ParNew: 70885K->1751K(76672K)
[2020-09-11T16:47:54.072+0000][1][gc,heap      ] GC(144) CMS: 107058K->107066K(439104K)
[2020-09-11T16:47:54.072+0000][1][gc,metaspace ] GC(144) Metaspace: 96840K->96840K(1138688K)
[2020-09-11T16:47:54.072+0000][1][gc           ] GC(144) Pause Young (Allocation Failure) 173M->106M(503M) 7.402ms
[2020-09-11T16:47:54.072+0000][1][gc,cpu       ] GC(144) User=0.00s Sys=0.00s Real=0.00s
[2020-09-11T16:47:54.073+0000][1][safepoint    ] Safepoint "GenCollectForAllocation", Time since last: 316628870 ns, Reaching safepoint: 157277 ns, At safepoint: 8499715 ns, Total: 8656992 ns
[2020-09-11T16:47:55.077+0000][1][safepoint    ] Safepoint "Cleanup", Time since last: 1003987708 ns, Reaching safepoint: 166055 ns, At safepoint: 19508 ns, Total: 185563 ns
[2020-09-11T16:47:56.077+0000][1][safepoint    ] Safepoint "Cleanup", Time since last: 1000107468 ns, Reaching safepoint: 83468 ns, At safepoint: 19934 ns, Total: 103402 ns
[2020-09-11T16:47:57.078+0000][1][safepoint    ] Safepoint "Cleanup", Time since last: 1000107453 ns, Reaching safepoint: 78841 ns, At safepoint: 6946 ns, Total: 85787 ns
[2020-09-11T16:47:58.078+0000][1][safepoint    ] Safepoint "Cleanup", Time since last: 1000104043 ns, Reaching safepoint: 82588 ns, At safepoint: 8404 ns, Total: 90992 ns
[2020-09-11T16:47:59.078+0000][1][safepoint    ] Safepoint "Cleanup", Time since last: 1000103623 ns, Reaching safepoint: 82422 ns, At safepoint: 8585 ns, Total: 91007 ns
[2020-09-11T16:48:00.081+0000][1][safepoint    ] Safepoint "Cleanup", Time since last: 1002867708 ns, Reaching safepoint: 160646 ns, At safepoint: 10606 ns, Total: 171252 ns
[2020-09-11T16:48:00.723+0000][1][safepoint    ] Safepoint "RevokeBias", Time since last: 642014119 ns, Reaching safepoint: 93836 ns, At safepoint: 23883 ns, Total: 117719 ns
[2020-09-11T16:48:00.910+0000][1][safepoint    ] Safepoint "RevokeBias", Time since last: 186498475 ns, Reaching safepoint: 173160 ns, At safepoint: 24197 ns, Total: 197357 ns
[2020-09-11T16:48:01.910+0000][1][safepoint    ] Safepoint "Cleanup", Time since last: 1000105223 ns, Reaching safepoint: 87758 ns, At safepoint: 11341 ns, Total: 99099 ns
[2020-09-11T16:48:02.910+0000][1][safepoint    ] Safepoint "Cleanup", Time since last: 1000111191 ns, Reaching safepoint: 85034 ns, At safepoint: 8349 ns, Total: 93383 ns
[2020-09-11T16:48:03.671+0000][1][safepoint    ] Safepoint "RevokeBias", Time since last: 760459511 ns, Reaching safepoint: 218843 ns, At safepoint: 209381 ns, Total: 428224 ns
[2020-09-11T16:48:03.777+0000][1][safepoint    ] Safepoint "RevokeBias", Time since last: 105471816 ns, Reaching safepoint: 91202 ns, At safepoint: 23279 ns, Total: 114481 ns
[2020-09-11T16:48:04.777+0000][1][safepoint    ] Safepoint "Cleanup", Time since last: 1000085053 ns, Reaching safepoint: 90825 ns, At safepoint: 8184 ns, Total: 99009 ns
[2020-09-11T16:48:05.777+0000][1][safepoint    ] Safepoint "Cleanup", Time since last: 1000111420 ns, Reaching safepoint: 97208 ns, At safepoint: 12578 ns, Total: 109786 ns
[2020-09-11T16:48:06.777+0000][1][safepoint    ] Safepoint "Cleanup", Time since last: 1000117277 ns, Reaching safepoint: 85578 ns, At safepoint: 8106 ns, Total: 93684 ns
[2020-09-11T16:48:07.778+0000][1][safepoint    ] Safepoint "Cleanup", Time since last: 1000112974 ns, Reaching safepoint: 96210 ns, At safepoint: 12327 ns, Total: 108537 ns
[2020-09-11T16:48:08.778+0000][1][safepoint    ] Safepoint "Cleanup", Time since last: 1000113457 ns, Reaching safepoint: 90059 ns, At safepoint: 11844 ns, Total: 101903 ns
[2020-09-11T16:48:09.778+0000][1][safepoint    ] Safepoint "Cleanup", Time since last: 1000113616 ns, Reaching safepoint: 84164 ns, At safepoint: 8372 ns, Total: 92536 ns
[2020-09-11T16:48:10.718+0000][1][safepoint    ] Safepoint "RevokeBias", Time since last: 939666399 ns, Reaching safepoint: 169515 ns, At safepoint: 22866 ns, Total: 192381 ns
[2020-09-11T16:48:10.885+0000][1][safepoint    ] Safepoint "RevokeBias", Time since last: 167417322 ns, Reaching safepoint: 93702 ns, At safepoint: 22181 ns, Total: 115883 ns
[2020-09-11T16:48:11.886+0000][1][safepoint    ] Safepoint "Cleanup", Time since last: 1000105442 ns, Reaching safepoint: 85154 ns, At safepoint: 8331 ns, Total: 93485 ns
[2020-09-11T16:48:12.886+0000][1][safepoint    ] Safepoint "Cleanup", Time since last: 1000108439 ns, Reaching safepoint: 87189 ns, At safepoint: 10169 ns, Total: 97358 ns
[2020-09-11T16:48:13.613+0000][1][safepoint    ] Safepoint "RevokeBias", Time since last: 723358819 ns, Reaching safepoint: 3794468 ns, At safepoint: 233313 ns, Total: 4027781 ns
[2020-09-11T16:48:13.704+0000][1][gc,start     ] GC(145) Pause Young (Allocation Failure)
[2020-09-11T16:48:13.704+0000][1][gc,task      ] GC(145) Using 1 workers of 1 for evacuation
[2020-09-11T16:48:13.712+0000][1][gc,age       ] GC(145) Desired survivor size 4358144 bytes, new threshold 6 (max threshold 6)
[2020-09-11T16:48:13.712+0000][1][gc,age       ] GC(145) Age table with threshold 6 (max threshold 6)
[2020-09-11T16:48:13.712+0000][1][gc,age       ] GC(145) - age   1:     167704 bytes,     167704 total
[2020-09-11T16:48:13.712+0000][1][gc,age       ] GC(145) - age   2:     205448 bytes,     373152 total
[2020-09-11T16:48:13.712+0000][1][gc,age       ] GC(145) - age   3:     181912 bytes,     555064 total
[2020-09-11T16:48:13.712+0000][1][gc,age       ] GC(145) - age   4:      59168 bytes,     614232 total
[2020-09-11T16:48:13.712+0000][1][gc,age       ] GC(145) - age   5:     424088 bytes,    1038320 total
[2020-09-11T16:48:13.712+0000][1][gc,age       ] GC(145) - age   6:      90328 bytes,    1128648 total
[2020-09-11T16:48:13.712+0000][1][gc,heap      ] GC(145) ParNew: 69911K->2112K(76672K)
[2020-09-11T16:48:13.712+0000][1][gc,heap      ] GC(145) CMS: 107066K->107172K(439104K)
[2020-09-11T16:48:13.712+0000][1][gc,metaspace ] GC(145) Metaspace: 96853K->96853K(1138688K)
[2020-09-11T16:48:13.712+0000][1][gc           ] GC(145) Pause Young (Allocation Failure) 172M->106M(503M) 8.021ms
[2020-09-11T16:48:13.712+0000][1][gc,cpu       ] GC(145) User=0.00s Sys=0.00s Real=0.00s
[2020-09-11T16:48:13.712+0000][1][safepoint    ] Safepoint "GenCollectForAllocation", Time since last: 87314253 ns, Reaching safepoint: 3609377 ns, At safepoint: 8091703 ns, Total: 11701080 ns
[2020-09-11T16:48:13.789+0000][1][safepoint    ] Safepoint "RevokeBias", Time since last: 76953475 ns, Reaching safepoint: 96755 ns, At safepoint: 35544 ns, Total: 132299 ns
[2020-09-11T16:48:14.790+0000][1][safepoint    ] Safepoint "Cleanup", Time since last: 1000706643 ns, Reaching safepoint: 87181 ns, At safepoint: 25459 ns, Total: 112640 ns
[2020-09-11T16:48:15.790+0000][1][safepoint    ] Safepoint "Cleanup", Time since last: 1000113039 ns, Reaching safepoint: 86436 ns, At safepoint: 22314 ns, Total: 108750 ns
[2020-09-11T16:48:16.791+0000][1][safepoint    ] Safepoint "Cleanup", Time since last: 1000111529 ns, Reaching safepoint: 99288 ns, At safepoint: 11171 ns, Total: 110459 ns
[2020-09-11T16:48:17.791+0000][1][safepoint    ] Safepoint "Cleanup", Time since last: 1000113356 ns, Reaching safepoint: 86473 ns, At safepoint: 11243 ns, Total: 97716 ns
[2020-09-11T16:48:18.791+0000][1][safepoint    ] Safepoint "Cleanup", Time since last: 1000115064 ns, Reaching safepoint: 88635 ns, At safepoint: 12136 ns, Total: 100771 ns
[2020-09-11T16:48:19.791+0000][1][safepoint    ] Safepoint "Cleanup", Time since last: 1000116395 ns, Reaching safepoint: 90723 ns, At safepoint: 11272 ns, Total: 101995 ns
[2020-09-11T16:48:20.763+0000][1][safepoint    ] Safepoint "RevokeBias", Time since last: 971604005 ns, Reaching safepoint: 108793 ns, At safepoint: 24613 ns, Total: 133406 ns
[2020-09-11T16:48:20.880+0000][1][safepoint    ] Safepoint "RevokeBias", Time since last: 116911896 ns, Reaching safepoint: 167370 ns, At safepoint: 26169 ns, Total: 193539 ns
[2020-09-11T16:48:21.880+0000][1][safepoint    ] Safepoint "Cleanup", Time since last: 1000097716 ns, Reaching safepoint: 82582 ns, At safepoint: 7261 ns, Total: 89843 ns
[2020-09-11T16:48:22.880+0000][1][safepoint    ] Safepoint "Cleanup", Time since last: 1000107099 ns, Reaching safepoint: 93094 ns, At safepoint: 10298 ns, Total: 103392 ns
[2020-09-11T16:48:23.750+0000][1][safepoint    ] Safepoint "RevokeBias", Time since last: 868697971 ns, Reaching safepoint: 220144 ns, At safepoint: 216192 ns, Total: 436336 ns
[2020-09-11T16:48:23.856+0000][1][safepoint    ] Safepoint "RevokeBias", Time since last: 106446288 ns, Reaching safepoint: 99287 ns, At safepoint: 24174 ns, Total: 123461 ns
[2020-09-11T16:48:24.856+0000][1][safepoint    ] Safepoint "Cleanup", Time since last: 1000105363 ns, Reaching safepoint: 87255 ns, At safepoint: 8576 ns, Total: 95831 ns
[2020-09-11T16:48:25.857+0000][1][safepoint    ] Safepoint "Cleanup", Time since last: 1000109396 ns, Reaching safepoint: 109501 ns, At safepoint: 8450 ns, Total: 117951 ns
[2020-09-11T16:48:26.857+0000][1][safepoint    ] Safepoint "Cleanup", Time since last: 1000110027 ns, Reaching safepoint: 147969 ns, At safepoint: 12114 ns, Total: 160083 ns
[2020-09-11T16:48:27.858+0000][1][safepoint    ] Safepoint "Cleanup", Time since last: 1000815143 ns, Reaching safepoint: 90876 ns, At safepoint: 11253 ns, Total: 102129 ns
[2020-09-11T16:48:28.858+0000][1][safepoint    ] Safepoint "Cleanup", Time since last: 1000105475 ns, Reaching safepoint: 85364 ns, At safepoint: 8498 ns, Total: 93862 ns
[2020-09-11T16:48:29.858+0000][1][safepoint    ] Safepoint "Cleanup", Time since last: 1000111029 ns, Reaching safepoint: 87734 ns, At safepoint: 11008 ns, Total: 98742 ns
[2020-09-11T16:48:30.757+0000][1][safepoint    ] Safepoint "RevokeBias", Time since last: 898331288 ns, Reaching safepoint: 95500 ns, At safepoint: 23315 ns, Total: 118815 ns
[2020-09-11T16:48:30.957+0000][1][safepoint    ] Safepoint "BulkRevokeBias", Time since last: 200282861 ns, Reaching safepoint: 167637 ns, At safepoint: 267230 ns, Total: 434867 ns
[2020-09-11T16:48:31.957+0000][1][safepoint    ] Safepoint "Cleanup", Time since last: 1000114595 ns, Reaching safepoint: 85969 ns, At safepoint: 8590 ns, Total: 94559 ns
[2020-09-11T16:48:32.958+0000][1][safepoint    ] Safepoint "Cleanup", Time since last: 1000112234 ns, Reaching safepoint: 89913 ns, At safepoint: 11813 ns, Total: 101726 ns
[2020-09-11T16:48:33.658+0000][1][safepoint    ] Safepoint "RevokeBias", Time since last: 700092810 ns, Reaching safepoint: 220531 ns, At safepoint: 248544 ns, Total: 469075 ns
[2020-09-11T16:48:33.887+0000][1][safepoint    ] Safepoint "RevokeBias", Time since last: 228914027 ns, Reaching safepoint: 100685 ns, At safepoint: 28599 ns, Total: 129284 ns
[2020-09-11T16:48:34.888+0000][1][safepoint    ] Safepoint "Cleanup", Time since last: 1000135308 ns, Reaching safepoint: 86215 ns, At safepoint: 7665 ns, Total: 93880 ns
[2020-09-11T16:48:35.111+0000][1][gc,start     ] GC(146) Pause Young (Allocation Failure)
[2020-09-11T16:48:35.111+0000][1][gc,task      ] GC(146) Using 1 workers of 1 for evacuation
[2020-09-11T16:48:35.128+0000][1][gc,age       ] GC(146) Desired survivor size 4358144 bytes, new threshold 6 (max threshold 6)
[2020-09-11T16:48:35.128+0000][1][gc,age       ] GC(146) Age table with threshold 6 (max threshold 6)
[2020-09-11T16:48:35.128+0000][1][gc,age       ] GC(146) - age   1:     135832 bytes,     135832 total
[2020-09-11T16:48:35.128+0000][1][gc,age       ] GC(146) - age   2:      31456 bytes,     167288 total
[2020-09-11T16:48:35.128+0000][1][gc,age       ] GC(146) - age   3:     198128 bytes,     365416 total
[2020-09-11T16:48:35.128+0000][1][gc,age       ] GC(146) - age   4:     180480 bytes,     545896 total
[2020-09-11T16:48:35.128+0000][1][gc,age       ] GC(146) - age   5:      59168 bytes,     605064 total
[2020-09-11T16:48:35.128+0000][1][gc,age       ] GC(146) - age   6:     423776 bytes,    1028840 total
[2020-09-11T16:48:35.128+0000][1][gc,heap      ] GC(146) ParNew: 70272K->1354K(76672K)
[2020-09-11T16:48:35.128+0000][1][gc,heap      ] GC(146) CMS: 107172K->107207K(439104K)
[2020-09-11T16:48:35.128+0000][1][gc,metaspace ] GC(146) Metaspace: 96900K->96900K(1138688K)
[2020-09-11T16:48:35.128+0000][1][gc           ] GC(146) Pause Young (Allocation Failure) 173M->106M(503M) 16.885ms
[2020-09-11T16:48:35.128+0000][1][gc,cpu       ] GC(146) User=0.00s Sys=0.00s Real=0.02s
[2020-09-11T16:48:35.128+0000][1][safepoint    ] Safepoint "GenCollectForAllocation", Time since last: 223346767 ns, Reaching safepoint: 161335 ns, At safepoint: 16959542 ns, Total: 17120877 ns
[2020-09-11T16:48:36.146+0000][1][safepoint    ] Safepoint "Cleanup", Time since last: 1017494304 ns, Reaching safepoint: 78814 ns, At safepoint: 18068 ns, Total: 96882 ns
[2020-09-11T16:48:37.146+0000][1][safepoint    ] Safepoint "Cleanup", Time since last: 1000107404 ns, Reaching safepoint: 79980 ns, At safepoint: 18031 ns, Total: 98011 ns
[2020-09-11T16:48:38.146+0000][1][safepoint    ] Safepoint "Cleanup", Time since last: 1000104479 ns, Reaching safepoint: 83466 ns, At safepoint: 8777 ns, Total: 92243 ns
[2020-09-11T16:48:39.146+0000][1][safepoint    ] Safepoint "Cleanup", Time since last: 1000105263 ns, Reaching safepoint: 85788 ns, At safepoint: 7375 ns, Total: 93163 ns
[2020-09-11T16:48:40.146+0000][1][safepoint    ] Safepoint "Cleanup", Time since last: 1000105425 ns, Reaching safepoint: 87383 ns, At safepoint: 8516 ns, Total: 95899 ns
[2020-09-11T16:48:40.754+0000][1][safepoint    ] Safepoint "RevokeBias", Time since last: 607871998 ns, Reaching safepoint: 92764 ns, At safepoint: 24971 ns, Total: 117735 ns
[2020-09-11T16:48:40.897+0000][1][safepoint    ] Safepoint "RevokeBias", Time since last: 142122174 ns, Reaching safepoint: 166880 ns, At safepoint: 25082 ns, Total: 191962 ns
[2020-09-11T16:48:41.897+0000][1][safepoint    ] Safepoint "Cleanup", Time since last: 1000133526 ns, Reaching safepoint: 85850 ns, At safepoint: 8160 ns, Total: 94010 ns
[2020-09-11T16:48:42.897+0000][1][safepoint    ] Safepoint "Cleanup", Time since last: 1000112761 ns, Reaching safepoint: 86156 ns, At safepoint: 11643 ns, Total: 97799 ns
[2020-09-11T16:48:43.590+0000][1][safepoint    ] Safepoint "RevokeBias", Time since last: 692896305 ns, Reaching safepoint: 88923 ns, At safepoint: 20786 ns, Total: 109709 ns
[2020-09-11T16:48:43.707+0000][1][safepoint    ] Safepoint "RevokeBias", Time since last: 116446600 ns, Reaching safepoint: 97225 ns, At safepoint: 23994 ns, Total: 121219 ns
[2020-09-11T16:48:44.707+0000][1][safepoint    ] Safepoint "Cleanup", Time since last: 1000108894 ns, Reaching safepoint: 90943 ns, At safepoint: 9265 ns, Total: 100208 ns
[2020-09-11T16:48:45.707+0000][1][safepoint    ] Safepoint "Cleanup", Time since last: 1000130859 ns, Reaching safepoint: 97211 ns, At safepoint: 11362 ns, Total: 108573 ns
[2020-09-11T16:48:46.707+0000][1][safepoint    ] Safepoint "Cleanup", Time since last: 1000121062 ns, Reaching safepoint: 91074 ns, At safepoint: 12249 ns, Total: 103323 ns
[2020-09-11T16:48:47.708+0000][1][safepoint    ] Safepoint "Cleanup", Time since last: 1000115268 ns, Reaching safepoint: 88117 ns, At safepoint: 8113 ns, Total: 96230 ns
[2020-09-11T16:48:48.708+0000][1][safepoint    ] Safepoint "Cleanup", Time since last: 1000125840 ns, Reaching safepoint: 90709 ns, At safepoint: 10854 ns, Total: 101563 ns
[2020-09-11T16:48:49.708+0000][1][safepoint    ] Safepoint "Cleanup", Time since last: 1000118129 ns, Reaching safepoint: 86919 ns, At safepoint: 10988 ns, Total: 97907 ns
[2020-09-11T16:48:50.708+0000][1][safepoint    ] Safepoint "Cleanup", Time since last: 1000112266 ns, Reaching safepoint: 86588 ns, At safepoint: 10166 ns, Total: 96754 ns
[2020-09-11T16:48:50.758+0000][1][safepoint    ] Safepoint "RevokeBias", Time since last: 49820227 ns, Reaching safepoint: 92054 ns, At safepoint: 24744 ns, Total: 116798 ns
[2020-09-11T16:48:50.928+0000][1][safepoint    ] Safepoint "RevokeBias", Time since last: 169740795 ns, Reaching safepoint: 94951 ns, At safepoint: 23667 ns, Total: 118618 ns
[2020-09-11T16:48:51.928+0000][1][safepoint    ] Safepoint "Cleanup", Time since last: 1000101633 ns, Reaching safepoint: 81090 ns, At safepoint: 9877 ns, Total: 90967 ns
[2020-09-11T16:48:52.928+0000][1][safepoint    ] Safepoint "Cleanup", Time since last: 1000092676 ns, Reaching safepoint: 81280 ns, At safepoint: 8992 ns, Total: 90272 ns
[2020-09-11T16:48:53.583+0000][1][safepoint    ] Safepoint "RevokeBias", Time since last: 653437689 ns, Reaching safepoint: 1224139 ns, At safepoint: 241120 ns, Total: 1465259 ns
[2020-09-11T16:48:53.685+0000][1][safepoint    ] Safepoint "RevokeBias", Time since last: 101338774 ns, Reaching safepoint: 134856 ns, At safepoint: 24474 ns, Total: 159330 ns
[2020-09-11T16:48:54.685+0000][1][safepoint    ] Safepoint "Cleanup", Time since last: 1000098836 ns, Reaching safepoint: 87454 ns, At safepoint: 7864 ns, Total: 95318 ns
[2020-09-11T16:48:55.151+0000][1][gc,start     ] GC(147) Pause Young (Allocation Failure)
[2020-09-11T16:48:55.151+0000][1][gc,task      ] GC(147) Using 1 workers of 1 for evacuation
[2020-09-11T16:48:55.163+0000][1][gc,age       ] GC(147) Desired survivor size 4358144 bytes, new threshold 6 (max threshold 6)
[2020-09-11T16:48:55.163+0000][1][gc,age       ] GC(147) Age table with threshold 6 (max threshold 6)
[2020-09-11T16:48:55.163+0000][1][gc,age       ] GC(147) - age   1:     181992 bytes,     181992 total
[2020-09-11T16:48:55.163+0000][1][gc,age       ] GC(147) - age   2:      78224 bytes,     260216 total
[2020-09-11T16:48:55.163+0000][1][gc,age       ] GC(147) - age   3:      12040 bytes,     272256 total
[2020-09-11T16:48:55.163+0000][1][gc,age       ] GC(147) - age   4:     198128 bytes,     470384 total
[2020-09-11T16:48:55.163+0000][1][gc,age       ] GC(147) - age   5:     180168 bytes,     650552 total
[2020-09-11T16:48:55.163+0000][1][gc,age       ] GC(147) - age   6:      59168 bytes,     709720 total
[2020-09-11T16:48:55.163+0000][1][gc,heap      ] GC(147) ParNew: 69514K->922K(76672K)
[2020-09-11T16:48:55.163+0000][1][gc,heap      ] GC(147) CMS: 107207K->107606K(439104K)
[2020-09-11T16:48:55.163+0000][1][gc,metaspace ] GC(147) Metaspace: 96951K->96951K(1138688K)
[2020-09-11T16:48:55.163+0000][1][gc           ] GC(147) Pause Young (Allocation Failure) 172M->105M(503M) 12.598ms
[2020-09-11T16:48:55.163+0000][1][gc,cpu       ] GC(147) User=0.00s Sys=0.00s Real=0.02s
[2020-09-11T16:48:55.165+0000][1][safepoint    ] Safepoint "GenCollectForAllocation", Time since last: 465415761 ns, Reaching safepoint: 157104 ns, At safepoint: 14873361 ns, Total: 15030465 ns
[2020-09-11T16:48:56.173+0000][1][safepoint    ] Safepoint "Cleanup", Time since last: 1007624824 ns, Reaching safepoint: 91785 ns, At safepoint: 22403 ns, Total: 114188 ns
[2020-09-11T16:48:57.173+0000][1][safepoint    ] Safepoint "Cleanup", Time since last: 1000131812 ns, Reaching safepoint: 88164 ns, At safepoint: 22953 ns, Total: 111117 ns
[2020-09-11T16:48:58.174+0000][1][safepoint    ] Safepoint "Cleanup", Time since last: 1000116003 ns, Reaching safepoint: 85783 ns, At safepoint: 22459 ns, Total: 108242 ns
[2020-09-11T16:48:59.174+0000][1][safepoint    ] Safepoint "Cleanup", Time since last: 1000109222 ns, Reaching safepoint: 89991 ns, At safepoint: 10857 ns, Total: 100848 ns
[2020-09-11T16:49:00.177+0000][1][safepoint    ] Safepoint "Cleanup", Time since last: 1002883607 ns, Reaching safepoint: 83257 ns, At safepoint: 10468 ns, Total: 93725 ns
[2020-09-11T16:49:00.734+0000][1][safepoint    ] Safepoint "RevokeBias", Time since last: 556879695 ns, Reaching safepoint: 94739 ns, At safepoint: 23285 ns, Total: 118024 ns
[2020-09-11T16:49:00.923+0000][1][safepoint    ] Safepoint "RevokeBias", Time since last: 189421338 ns, Reaching safepoint: 96052 ns, At safepoint: 22923 ns, Total: 118975 ns
[2020-09-11T16:49:01.924+0000][1][safepoint    ] Safepoint "Cleanup", Time since last: 1000109515 ns, Reaching safepoint: 86995 ns, At safepoint: 8573 ns, Total: 95568 ns
[2020-09-11T16:49:02.924+0000][1][safepoint    ] Safepoint "Cleanup", Time since last: 1000113294 ns, Reaching safepoint: 88621 ns, At safepoint: 10544 ns, Total: 99165 ns
[2020-09-11T16:49:03.601+0000][1][safepoint    ] Safepoint "BulkRevokeBias", Time since last: 675698864 ns, Reaching safepoint: 1379944 ns, At safepoint: 516836 ns, Total: 1896780 ns
[2020-09-11T16:49:03.654+0000][1][safepoint    ] Safepoint "RevokeBias", Time since last: 51952272 ns, Reaching safepoint: 169988 ns, At safepoint: 21625 ns, Total: 191613 ns
[2020-09-11T16:49:03.731+0000][1][safepoint    ] Safepoint "RevokeBias", Time since last: 77368506 ns, Reaching safepoint: 98392 ns, At safepoint: 23867 ns, Total: 122259 ns
[2020-09-11T16:49:04.731+0000][1][safepoint    ] Safepoint "Cleanup", Time since last: 1000114278 ns, Reaching safepoint: 87691 ns, At safepoint: 10326 ns, Total: 98017 ns
[2020-09-11T16:49:05.732+0000][1][safepoint    ] Safepoint "Cleanup", Time since last: 1000117969 ns, Reaching safepoint: 117352 ns, At safepoint: 8918 ns, Total: 126270 ns
[2020-09-11T16:49:06.732+0000][1][safepoint    ] Safepoint "Cleanup", Time since last: 1000108706 ns, Reaching safepoint: 84970 ns, At safepoint: 7778 ns, Total: 92748 ns
[2020-09-11T16:49:07.732+0000][1][safepoint    ] Safepoint "Cleanup", Time since last: 1000139974 ns, Reaching safepoint: 91504 ns, At safepoint: 10940 ns, Total: 102444 ns
[2020-09-11T16:49:08.732+0000][1][safepoint    ] Safepoint "Cleanup", Time since last: 1000114769 ns, Reaching safepoint: 89902 ns, At safepoint: 11324 ns, Total: 101226 ns
[2020-09-11T16:49:09.732+0000][1][safepoint    ] Safepoint "Cleanup", Time since last: 1000119300 ns, Reaching safepoint: 101341 ns, At safepoint: 12548 ns, Total: 113889 ns
[2020-09-11T16:49:10.733+0000][1][safepoint    ] Safepoint "Cleanup", Time since last: 1000376686 ns, Reaching safepoint: 85850 ns, At safepoint: 9092 ns, Total: 94942 ns
[2020-09-11T16:49:10.762+0000][1][safepoint    ] Safepoint "RevokeBias", Time since last: 28684156 ns, Reaching safepoint: 100194 ns, At safepoint: 24243 ns, Total: 124437 ns
[2020-09-11T16:49:10.882+0000][1][safepoint    ] Safepoint "RevokeBias", Time since last: 119781170 ns, Reaching safepoint: 93166 ns, At safepoint: 23500 ns, Total: 116666 ns
[2020-09-11T16:49:11.882+0000][1][safepoint    ] Safepoint "Cleanup", Time since last: 1000103954 ns, Reaching safepoint: 87104 ns, At safepoint: 8754 ns, Total: 95858 ns
[2020-09-11T16:49:12.882+0000][1][safepoint    ] Safepoint "Cleanup", Time since last: 1000109196 ns, Reaching safepoint: 83813 ns, At safepoint: 8059 ns, Total: 91872 ns
[2020-09-11T16:49:13.569+0000][1][safepoint    ] Safepoint "RevokeBias", Time since last: 683929811 ns, Reaching safepoint: 3003396 ns, At safepoint: 249208 ns, Total: 3252604 ns
[2020-09-11T16:49:13.724+0000][1][safepoint    ] Safepoint "RevokeBias", Time since last: 154301058 ns, Reaching safepoint: 105464 ns, At safepoint: 22746 ns, Total: 128210 ns
[2020-09-11T16:49:14.724+0000][1][safepoint    ] Safepoint "Cleanup", Time since last: 1000124732 ns, Reaching safepoint: 85948 ns, At safepoint: 8434 ns, Total: 94382 ns
[2020-09-11T16:49:15.185+0000][1][gc,start     ] GC(148) Pause Young (Allocation Failure)
[2020-09-11T16:49:15.185+0000][1][gc,task      ] GC(148) Using 1 workers of 1 for evacuation
[2020-09-11T16:49:15.191+0000][1][gc,age       ] GC(148) Desired survivor size 4358144 bytes, new threshold 6 (max threshold 6)
[2020-09-11T16:49:15.191+0000][1][gc,age       ] GC(148) Age table with threshold 6 (max threshold 6)
[2020-09-11T16:49:15.191+0000][1][gc,age       ] GC(148) - age   1:     605592 bytes,     605592 total
[2020-09-11T16:49:15.191+0000][1][gc,age       ] GC(148) - age   2:     111488 bytes,     717080 total
[2020-09-11T16:49:15.191+0000][1][gc,age       ] GC(148) - age   3:      74192 bytes,     791272 total
[2020-09-11T16:49:15.191+0000][1][gc,age       ] GC(148) - age   4:      11944 bytes,     803216 total
[2020-09-11T16:49:15.191+0000][1][gc,age       ] GC(148) - age   5:     198128 bytes,    1001344 total
[2020-09-11T16:49:15.191+0000][1][gc,age       ] GC(148) - age   6:     180168 bytes,    1181512 total
[2020-09-11T16:49:15.191+0000][1][gc,heap      ] GC(148) ParNew: 69082K->1501K(76672K)
[2020-09-11T16:49:15.191+0000][1][gc,heap      ] GC(148) CMS: 107606K->107620K(439104K)
[2020-09-11T16:49:15.191+0000][1][gc,metaspace ] GC(148) Metaspace: 97001K->97001K(1138688K)
[2020-09-11T16:49:15.191+0000][1][gc           ] GC(148) Pause Young (Allocation Failure) 172M->106M(503M) 6.250ms
[2020-09-11T16:49:15.191+0000][1][gc,cpu       ] GC(148) User=0.01s Sys=0.00s Real=0.00s
[2020-09-11T16:49:15.193+0000][1][safepoint    ] Safepoint "GenCollectForAllocation", Time since last: 459067896 ns, Reaching safepoint: 1957735 ns, At safepoint: 7955916 ns, Total: 9913651 ns
[2020-09-11T16:49:16.201+0000][1][safepoint    ] Safepoint "Cleanup", Time since last: 1007891320 ns, Reaching safepoint: 497567 ns, At safepoint: 128713 ns, Total: 626280 ns
[2020-09-11T16:49:17.202+0000][1][safepoint    ] Safepoint "Cleanup", Time since last: 1000181192 ns, Reaching safepoint: 90429 ns, At safepoint: 20229 ns, Total: 110658 ns
[2020-09-11T16:49:18.202+0000][1][safepoint    ] Safepoint "Cleanup", Time since last: 1000105318 ns, Reaching safepoint: 84594 ns, At safepoint: 18609 ns, Total: 103203 ns
[2020-09-11T16:49:19.202+0000][1][safepoint    ] Safepoint "Cleanup", Time since last: 1000108161 ns, Reaching safepoint: 86397 ns, At safepoint: 22201 ns, Total: 108598 ns
[2020-09-11T16:49:20.205+0000][1][safepoint    ] Safepoint "Cleanup", Time since last: 1000220542 ns, Reaching safepoint: 2396199 ns, At safepoint: 9866 ns, Total: 2406065 ns
[2020-09-11T16:49:20.725+0000][1][safepoint    ] Safepoint "RevokeBias", Time since last: 520353664 ns, Reaching safepoint: 96247 ns, At safepoint: 23896 ns, Total: 120143 ns
[2020-09-11T16:49:20.899+0000][1][safepoint    ] Safepoint "RevokeBias", Time since last: 173751791 ns, Reaching safepoint: 166244 ns, At safepoint: 24368 ns, Total: 190612 ns
[2020-09-11T16:49:21.899+0000][1][safepoint    ] Safepoint "Cleanup", Time since last: 1000112680 ns, Reaching safepoint: 88965 ns, At safepoint: 11953 ns, Total: 100918 ns
[2020-09-11T16:49:22.899+0000][1][safepoint    ] Safepoint "Cleanup", Time since last: 1000116266 ns, Reaching safepoint: 85517 ns, At safepoint: 8126 ns, Total: 93643 ns
[2020-09-11T16:49:23.568+0000][1][safepoint    ] Safepoint "RevokeBias", Time since last: 667696965 ns, Reaching safepoint: 223626 ns, At safepoint: 241577 ns, Total: 465203 ns
[2020-09-11T16:49:23.717+0000][1][safepoint    ] Safepoint "RevokeBias", Time since last: 149475988 ns, Reaching safepoint: 98861 ns, At safepoint: 23656 ns, Total: 122517 ns
[2020-09-11T16:49:24.717+0000][1][safepoint    ] Safepoint "Cleanup", Time since last: 1000099446 ns, Reaching safepoint: 85745 ns, At safepoint: 7663 ns, Total: 93408 ns
[2020-09-11T16:49:25.718+0000][1][safepoint    ] Safepoint "Cleanup", Time since last: 1000126242 ns, Reaching safepoint: 92040 ns, At safepoint: 12077 ns, Total: 104117 ns
[2020-09-11T16:49:26.718+0000][1][safepoint    ] Safepoint "Cleanup", Time since last: 1000114622 ns, Reaching safepoint: 90527 ns, At safepoint: 9313 ns, Total: 99840 ns
[2020-09-11T16:49:27.718+0000][1][safepoint    ] Safepoint "Cleanup", Time since last: 1000112789 ns, Reaching safepoint: 86085 ns, At safepoint: 11110 ns, Total: 97195 ns
[2020-09-11T16:49:28.718+0000][1][safepoint    ] Safepoint "Cleanup", Time since last: 1000114804 ns, Reaching safepoint: 89004 ns, At safepoint: 8806 ns, Total: 97810 ns
[2020-09-11T16:49:29.719+0000][1][safepoint    ] Safepoint "Cleanup", Time since last: 1000116535 ns, Reaching safepoint: 87389 ns, At safepoint: 11764 ns, Total: 99153 ns
[2020-09-11T16:49:30.719+0000][1][safepoint    ] Safepoint "Cleanup", Time since last: 1000148788 ns, Reaching safepoint: 128613 ns, At safepoint: 8895 ns, Total: 137508 ns
[2020-09-11T16:49:30.756+0000][1][safepoint    ] Safepoint "RevokeBias", Time since last: 36813786 ns, Reaching safepoint: 93067 ns, At safepoint: 37872 ns, Total: 130939 ns
[2020-09-11T16:49:30.883+0000][1][safepoint    ] Safepoint "RevokeBias", Time since last: 127290356 ns, Reaching safepoint: 167066 ns, At safepoint: 25477 ns, Total: 192543 ns
[2020-09-11T16:49:31.883+0000][1][safepoint    ] Safepoint "Cleanup", Time since last: 1000101250 ns, Reaching safepoint: 86881 ns, At safepoint: 8118 ns, Total: 94999 ns
[2020-09-11T16:49:32.884+0000][1][safepoint    ] Safepoint "Cleanup", Time since last: 1000108827 ns, Reaching safepoint: 85530 ns, At safepoint: 9793 ns, Total: 95323 ns
[2020-09-11T16:49:33.573+0000][1][safepoint    ] Safepoint "RevokeBias", Time since last: 685490602 ns, Reaching safepoint: 3773664 ns, At safepoint: 228701 ns, Total: 4002365 ns
[2020-09-11T16:49:33.699+0000][1][safepoint    ] Safepoint "RevokeBias", Time since last: 125834854 ns, Reaching safepoint: 94024 ns, At safepoint: 23084 ns, Total: 117108 ns
[2020-09-11T16:49:34.699+0000][1][safepoint    ] Safepoint "Cleanup", Time since last: 1000109051 ns, Reaching safepoint: 87787 ns, At safepoint: 8488 ns, Total: 96275 ns
[2020-09-11T16:49:35.221+0000][1][gc,start     ] GC(149) Pause Young (Allocation Failure)
[2020-09-11T16:49:35.221+0000][1][gc,task      ] GC(149) Using 1 workers of 1 for evacuation
[2020-09-11T16:49:35.225+0000][1][gc,age       ] GC(149) Desired survivor size 4358144 bytes, new threshold 6 (max threshold 6)
[2020-09-11T16:49:35.225+0000][1][gc,age       ] GC(149) Age table with threshold 6 (max threshold 6)
[2020-09-11T16:49:35.225+0000][1][gc,age       ] GC(149) - age   1:      85424 bytes,      85424 total
[2020-09-11T16:49:35.225+0000][1][gc,age       ] GC(149) - age   2:     549328 bytes,     634752 total
[2020-09-11T16:49:35.225+0000][1][gc,age       ] GC(149) - age   3:     104792 bytes,     739544 total
[2020-09-11T16:49:35.225+0000][1][gc,age       ] GC(149) - age   4:      73688 bytes,     813232 total
[2020-09-11T16:49:35.225+0000][1][gc,age       ] GC(149) - age   5:      11944 bytes,     825176 total
[2020-09-11T16:49:35.225+0000][1][gc,age       ] GC(149) - age   6:     197832 bytes,    1023008 total
[2020-09-11T16:49:35.226+0000][1][gc,heap      ] GC(149) ParNew: 69661K->1053K(76672K)
[2020-09-11T16:49:35.226+0000][1][gc,heap      ] GC(149) CMS: 107620K->107796K(439104K)
[2020-09-11T16:49:35.226+0000][1][gc,metaspace ] GC(149) Metaspace: 97013K->97013K(1138688K)
[2020-09-11T16:49:35.226+0000][1][gc           ] GC(149) Pause Young (Allocation Failure) 173M->106M(503M) 4.618ms
[2020-09-11T16:49:35.226+0000][1][gc,cpu       ] GC(149) User=0.00s Sys=0.00s Real=0.00s
[2020-09-11T16:49:35.226+0000][1][safepoint    ] Safepoint "GenCollectForAllocation", Time since last: 515954246 ns, Reaching safepoint: 5686660 ns, At safepoint: 4699426 ns, Total: 10386086 ns
[2020-09-11T16:49:36.237+0000][1][safepoint    ] Safepoint "Cleanup", Time since last: 1011136814 ns, Reaching safepoint: 79780 ns, At safepoint: 18641 ns, Total: 98421 ns
[2020-09-11T16:49:37.237+0000][1][safepoint    ] Safepoint "Cleanup", Time since last: 1000123472 ns, Reaching safepoint: 80259 ns, At safepoint: 18455 ns, Total: 98714 ns
[2020-09-11T16:49:38.237+0000][1][safepoint    ] Safepoint "Cleanup", Time since last: 1000106472 ns, Reaching safepoint: 85263 ns, At safepoint: 19969 ns, Total: 105232 ns
[2020-09-11T16:49:39.238+0000][1][safepoint    ] Safepoint "Cleanup", Time since last: 1000106649 ns, Reaching safepoint: 86035 ns, At safepoint: 21783 ns, Total: 107818 ns
[2020-09-11T16:49:40.238+0000][1][safepoint    ] Safepoint "Cleanup", Time since last: 1000105090 ns, Reaching safepoint: 86815 ns, At safepoint: 7091 ns, Total: 93906 ns
[2020-09-11T16:49:40.835+0000][1][safepoint    ] Safepoint "RevokeBias", Time since last: 597520271 ns, Reaching safepoint: 99853 ns, At safepoint: 24309 ns, Total: 124162 ns
[2020-09-11T16:49:40.875+0000][1][safepoint    ] Safepoint "RevokeBias", Time since last: 39417026 ns, Reaching safepoint: 99595 ns, At safepoint: 23198 ns, Total: 122793 ns
[2020-09-11T16:49:41.875+0000][1][safepoint    ] Safepoint "Cleanup", Time since last: 1000106806 ns, Reaching safepoint: 92729 ns, At safepoint: 9984 ns, Total: 102713 ns
[2020-09-11T16:49:42.875+0000][1][safepoint    ] Safepoint "Cleanup", Time since last: 1000118620 ns, Reaching safepoint: 89882 ns, At safepoint: 8786 ns, Total: 98668 ns
[2020-09-11T16:49:43.576+0000][1][safepoint    ] Safepoint "RevokeBias", Time since last: 700639360 ns, Reaching safepoint: 239391 ns, At safepoint: 220572 ns, Total: 459963 ns
[2020-09-11T16:49:43.689+0000][1][safepoint    ] Safepoint "RevokeBias", Time since last: 112494449 ns, Reaching safepoint: 101102 ns, At safepoint: 22521 ns, Total: 123623 ns
[2020-09-11T16:49:44.689+0000][1][safepoint    ] Safepoint "Cleanup", Time since last: 1000102673 ns, Reaching safepoint: 84520 ns, At safepoint: 7830 ns, Total: 92350 ns
[2020-09-11T16:49:45.689+0000][1][safepoint    ] Safepoint "Cleanup", Time since last: 1000115333 ns, Reaching safepoint: 89219 ns, At safepoint: 11757 ns, Total: 100976 ns
[2020-09-11T16:49:46.690+0000][1][safepoint    ] Safepoint "Cleanup", Time since last: 1000117886 ns, Reaching safepoint: 89272 ns, At safepoint: 11975 ns, Total: 101247 ns
[2020-09-11T16:49:47.690+0000][1][safepoint    ] Safepoint "Cleanup", Time since last: 1000113033 ns, Reaching safepoint: 92774 ns, At safepoint: 8666 ns, Total: 101440 ns
[2020-09-11T16:49:48.690+0000][1][safepoint    ] Safepoint "Cleanup", Time since last: 1000113766 ns, Reaching safepoint: 89456 ns, At safepoint: 11996 ns, Total: 101452 ns
[2020-09-11T16:49:49.690+0000][1][safepoint    ] Safepoint "Cleanup", Time since last: 1000126603 ns, Reaching safepoint: 90588 ns, At safepoint: 8310 ns, Total: 98898 ns
[2020-09-11T16:49:50.691+0000][1][safepoint    ] Safepoint "Cleanup", Time since last: 1000118614 ns, Reaching safepoint: 86597 ns, At safepoint: 8008 ns, Total: 94605 ns
[2020-09-11T16:49:50.720+0000][1][safepoint    ] Safepoint "RevokeBias", Time since last: 29582769 ns, Reaching safepoint: 94092 ns, At safepoint: 22728 ns, Total: 116820 ns
[2020-09-11T16:49:50.879+0000][1][safepoint    ] Safepoint "RevokeBias", Time since last: 158536328 ns, Reaching safepoint: 94043 ns, At safepoint: 23321 ns, Total: 117364 ns
[2020-09-11T16:49:51.879+0000][1][safepoint    ] Safepoint "Cleanup", Time since last: 1000104001 ns, Reaching safepoint: 80710 ns, At safepoint: 8090 ns, Total: 88800 ns
[2020-09-11T16:49:52.879+0000][1][safepoint    ] Safepoint "Cleanup", Time since last: 1000115001 ns, Reaching safepoint: 95746 ns, At safepoint: 10681 ns, Total: 106427 ns
[2020-09-11T16:49:53.558+0000][1][safepoint    ] Safepoint "RevokeBias", Time since last: 675560673 ns, Reaching safepoint: 2143242 ns, At safepoint: 489833 ns, Total: 2633075 ns
[2020-09-11T16:49:53.693+0000][1][safepoint    ] Safepoint "RevokeBias", Time since last: 135023441 ns, Reaching safepoint: 316093 ns, At safepoint: 24663 ns, Total: 340756 ns
[2020-09-11T16:49:54.693+0000][1][safepoint    ] Safepoint "Cleanup", Time since last: 1000107579 ns, Reaching safepoint: 85775 ns, At safepoint: 8627 ns, Total: 94402 ns
[2020-09-11T16:49:55.241+0000][1][gc,start     ] GC(150) Pause Young (Allocation Failure)
[2020-09-11T16:49:55.241+0000][1][gc,task      ] GC(150) Using 1 workers of 1 for evacuation
[2020-09-11T16:49:55.249+0000][1][gc,age       ] GC(150) Desired survivor size 4358144 bytes, new threshold 6 (max threshold 6)
[2020-09-11T16:49:55.249+0000][1][gc,age       ] GC(150) Age table with threshold 6 (max threshold 6)
[2020-09-11T16:49:55.249+0000][1][gc,age       ] GC(150) - age   1:     212640 bytes,     212640 total
[2020-09-11T16:49:55.249+0000][1][gc,age       ] GC(150) - age   2:      26872 bytes,     239512 total
[2020-09-11T16:49:55.249+0000][1][gc,age       ] GC(150) - age   3:     530880 bytes,     770392 total
[2020-09-11T16:49:55.249+0000][1][gc,age       ] GC(150) - age   4:     104496 bytes,     874888 total
[2020-09-11T16:49:55.249+0000][1][gc,age       ] GC(150) - age   5:      73688 bytes,     948576 total
[2020-09-11T16:49:55.249+0000][1][gc,age       ] GC(150) - age   6:      11944 bytes,     960520 total
[2020-09-11T16:49:55.249+0000][1][gc,heap      ] GC(150) ParNew: 69213K->1012K(76672K)
[2020-09-11T16:49:55.249+0000][1][gc,heap      ] GC(150) CMS: 107796K->107983K(439104K)
[2020-09-11T16:49:55.249+0000][1][gc,metaspace ] GC(150) Metaspace: 97020K->97020K(1138688K)
[2020-09-11T16:49:55.249+0000][1][gc           ] GC(150) Pause Young (Allocation Failure) 172M->106M(503M) 8.656ms
[2020-09-11T16:49:55.249+0000][1][gc,cpu       ] GC(150) User=0.01s Sys=0.00s Real=0.00s
[2020-09-11T16:49:55.250+0000][1][safepoint    ] Safepoint "GenCollectForAllocation", Time since last: 547562987 ns, Reaching safepoint: 174961 ns, At safepoint: 8750521 ns, Total: 8925482 ns
[2020-09-11T16:49:56.260+0000][1][safepoint    ] Safepoint "Cleanup", Time since last: 1010155034 ns, Reaching safepoint: 88488 ns, At safepoint: 20440 ns, Total: 108928 ns
[2020-09-11T16:49:57.260+0000][1][safepoint    ] Safepoint "Cleanup", Time since last: 1000108191 ns, Reaching safepoint: 84916 ns, At safepoint: 20758 ns, Total: 105674 ns
[2020-09-11T16:49:58.260+0000][1][safepoint    ] Safepoint "Cleanup", Time since last: 1000114406 ns, Reaching safepoint: 83151 ns, At safepoint: 22043 ns, Total: 105194 ns
[2020-09-11T16:49:59.260+0000][1][safepoint    ] Safepoint "Cleanup", Time since last: 1000114906 ns, Reaching safepoint: 90567 ns, At safepoint: 25222 ns, Total: 115789 ns
[2020-09-11T16:50:00.261+0000][1][safepoint    ] Safepoint "Cleanup", Time since last: 1000135936 ns, Reaching safepoint: 186181 ns, At safepoint: 8409 ns, Total: 194590 ns
[2020-09-11T16:50:00.751+0000][1][safepoint    ] Safepoint "RevokeBias", Time since last: 490370603 ns, Reaching safepoint: 93066 ns, At safepoint: 39937 ns, Total: 133003 ns
[2020-09-11T16:50:00.922+0000][1][safepoint    ] Safepoint "BulkRevokeBias", Time since last: 169942564 ns, Reaching safepoint: 168267 ns, At safepoint: 252180 ns, Total: 420447 ns
[2020-09-11T16:50:01.922+0000][1][safepoint    ] Safepoint "Cleanup", Time since last: 1000119546 ns, Reaching safepoint: 89644 ns, At safepoint: 11260 ns, Total: 100904 ns
[2020-09-11T16:50:02.922+0000][1][safepoint    ] Safepoint "Cleanup", Time since last: 1000113260 ns, Reaching safepoint: 89507 ns, At safepoint: 7371 ns, Total: 96878 ns
[2020-09-11T16:50:03.561+0000][1][safepoint    ] Safepoint "RevokeBias", Time since last: 635953675 ns, Reaching safepoint: 2849596 ns, At safepoint: 228196 ns, Total: 3077792 ns
[2020-09-11T16:50:03.715+0000][1][safepoint    ] Safepoint "RevokeBias", Time since last: 153541794 ns, Reaching safepoint: 100368 ns, At safepoint: 23854 ns, Total: 124222 ns
[2020-09-11T16:50:04.715+0000][1][safepoint    ] Safepoint "Cleanup", Time since last: 1000110333 ns, Reaching safepoint: 88789 ns, At safepoint: 11201 ns, Total: 99990 ns
[2020-09-11T16:50:05.715+0000][1][safepoint    ] Safepoint "Cleanup", Time since last: 1000114094 ns, Reaching safepoint: 105229 ns, At safepoint: 12862 ns, Total: 118091 ns
[2020-09-11T16:50:06.715+0000][1][safepoint    ] Safepoint "Cleanup", Time since last: 1000113179 ns, Reaching safepoint: 87115 ns, At safepoint: 7964 ns, Total: 95079 ns
[2020-09-11T16:50:07.716+0000][1][safepoint    ] Safepoint "Cleanup", Time since last: 1000120087 ns, Reaching safepoint: 86706 ns, At safepoint: 7766 ns, Total: 94472 ns
[2020-09-11T16:50:08.716+0000][1][safepoint    ] Safepoint "Cleanup", Time since last: 1000108920 ns, Reaching safepoint: 112156 ns, At safepoint: 11244 ns, Total: 123400 ns
[2020-09-11T16:50:09.716+0000][1][safepoint    ] Safepoint "Cleanup", Time since last: 1000115777 ns, Reaching safepoint: 87445 ns, At safepoint: 8638 ns, Total: 96083 ns
[2020-09-11T16:50:10.717+0000][1][safepoint    ] Safepoint "Cleanup", Time since last: 1000501386 ns, Reaching safepoint: 89238 ns, At safepoint: 8565 ns, Total: 97803 ns
[2020-09-11T16:50:10.722+0000][1][safepoint    ] Safepoint "RevokeBias", Time since last: 4718644 ns, Reaching safepoint: 92915 ns, At safepoint: 23087 ns, Total: 116002 ns
[2020-09-11T16:50:10.963+0000][1][safepoint    ] Safepoint "RevokeBias", Time since last: 241805855 ns, Reaching safepoint: 96668 ns, At safepoint: 28520 ns, Total: 125188 ns
[2020-09-11T16:50:11.964+0000][1][safepoint    ] Safepoint "Cleanup", Time since last: 1000113181 ns, Reaching safepoint: 89301 ns, At safepoint: 8871 ns, Total: 98172 ns
[2020-09-11T16:50:12.964+0000][1][safepoint    ] Safepoint "Cleanup", Time since last: 1000113040 ns, Reaching safepoint: 87391 ns, At safepoint: 11102 ns, Total: 98493 ns
[2020-09-11T16:50:13.581+0000][1][safepoint    ] Safepoint "RevokeBias", Time since last: 616190738 ns, Reaching safepoint: 227050 ns, At safepoint: 210466 ns, Total: 437516 ns
[2020-09-11T16:50:13.700+0000][1][safepoint    ] Safepoint "RevokeBias", Time since last: 118950240 ns, Reaching safepoint: 104685 ns, At safepoint: 24019 ns, Total: 128704 ns
[2020-09-11T16:50:14.700+0000][1][safepoint    ] Safepoint "Cleanup", Time since last: 1000107607 ns, Reaching safepoint: 91790 ns, At safepoint: 8520 ns, Total: 100310 ns
[2020-09-11T16:50:15.700+0000][1][safepoint    ] Safepoint "Cleanup", Time since last: 1000114269 ns, Reaching safepoint: 90643 ns, At safepoint: 8631 ns, Total: 99274 ns
[2020-09-11T16:50:16.700+0000][1][safepoint    ] Safepoint "Cleanup", Time since last: 1000119307 ns, Reaching safepoint: 91134 ns, At safepoint: 12295 ns, Total: 103429 ns
[2020-09-11T16:50:17.700+0000][1][safepoint    ] Safepoint "Cleanup", Time since last: 1000116765 ns, Reaching safepoint: 86826 ns, At safepoint: 8927 ns, Total: 95753 ns
[2020-09-11T16:50:18.031+0000][1][gc,start     ] GC(151) Pause Young (Allocation Failure)
[2020-09-11T16:50:18.031+0000][1][gc,task      ] GC(151) Using 1 workers of 1 for evacuation
[2020-09-11T16:50:18.039+0000][1][gc,age       ] GC(151) Desired survivor size 4358144 bytes, new threshold 6 (max threshold 6)
[2020-09-11T16:50:18.039+0000][1][gc,age       ] GC(151) Age table with threshold 6 (max threshold 6)
[2020-09-11T16:50:18.039+0000][1][gc,age       ] GC(151) - age   1:     270048 bytes,     270048 total
[2020-09-11T16:50:18.039+0000][1][gc,age       ] GC(151) - age   2:     143112 bytes,     413160 total
[2020-09-11T16:50:18.039+0000][1][gc,age       ] GC(151) - age   3:      22880 bytes,     436040 total
[2020-09-11T16:50:18.039+0000][1][gc,age       ] GC(151) - age   4:     530784 bytes,     966824 total
[2020-09-11T16:50:18.039+0000][1][gc,age       ] GC(151) - age   5:     104496 bytes,    1071320 total
[2020-09-11T16:50:18.039+0000][1][gc,age       ] GC(151) - age   6:      73688 bytes,    1145008 total
[2020-09-11T16:50:18.039+0000][1][gc,heap      ] GC(151) ParNew: 69172K->1913K(76672K)
[2020-09-11T16:50:18.039+0000][1][gc,heap      ] GC(151) CMS: 107983K->107995K(439104K)
[2020-09-11T16:50:18.039+0000][1][gc,metaspace ] GC(151) Metaspace: 97025K->97025K(1138688K)
[2020-09-11T16:50:18.039+0000][1][gc           ] GC(151) Pause Young (Allocation Failure) 173M->107M(503M) 7.740ms
[2020-09-11T16:50:18.039+0000][1][gc,cpu       ] GC(151) User=0.00s Sys=0.00s Real=0.01s
[2020-09-11T16:50:18.039+0000][1][safepoint    ] Safepoint "GenCollectForAllocation", Time since last: 330809333 ns, Reaching safepoint: 87147 ns, At safepoint: 7815933 ns, Total: 7903080 ns
[2020-09-11T16:50:19.041+0000][1][safepoint    ] Safepoint "Cleanup", Time since last: 1001816233 ns, Reaching safepoint: 83263 ns, At safepoint: 20003 ns, Total: 103266 ns
[2020-09-11T16:50:20.041+0000][1][safepoint    ] Safepoint "Cleanup", Time since last: 1000116345 ns, Reaching safepoint: 82786 ns, At safepoint: 17304 ns, Total: 100090 ns
[2020-09-11T16:50:20.718+0000][1][safepoint    ] Safepoint "RevokeBias", Time since last: 676354869 ns, Reaching safepoint: 94918 ns, At safepoint: 23514 ns, Total: 118432 ns
[2020-09-11T16:50:20.886+0000][1][safepoint    ] Safepoint "RevokeBias", Time since last: 167610129 ns, Reaching safepoint: 167052 ns, At safepoint: 25478 ns, Total: 192530 ns
[2020-09-11T16:50:21.886+0000][1][safepoint    ] Safepoint "Cleanup", Time since last: 1000106163 ns, Reaching safepoint: 85904 ns, At safepoint: 8735 ns, Total: 94639 ns
[2020-09-11T16:50:23.589+0000][1][safepoint    ] Safepoint "RevokeBias", Time since last: 1699291142 ns, Reaching safepoint: 3835194 ns, At safepoint: 220531 ns, Total: 4055725 ns
[2020-09-11T16:50:23.693+0000][1][safepoint    ] Safepoint "RevokeBias", Time since last: 103783263 ns, Reaching safepoint: 97783 ns, At safepoint: 23489 ns, Total: 121272 ns
[2020-09-11T16:50:24.693+0000][1][safepoint    ] Safepoint "Cleanup", Time since last: 1000109613 ns, Reaching safepoint: 89103 ns, At safepoint: 11680 ns, Total: 100783 ns
[2020-09-11T16:50:25.693+0000][1][safepoint    ] Safepoint "Cleanup", Time since last: 1000115616 ns, Reaching safepoint: 89325 ns, At safepoint: 9344 ns, Total: 98669 ns
[2020-09-11T16:50:26.694+0000][1][safepoint    ] Safepoint "Cleanup", Time since last: 1000113515 ns, Reaching safepoint: 95596 ns, At safepoint: 7576 ns, Total: 103172 ns
[2020-09-11T16:50:27.694+0000][1][safepoint    ] Safepoint "Cleanup", Time since last: 1000114448 ns, Reaching safepoint: 88198 ns, At safepoint: 8792 ns, Total: 96990 ns
[2020-09-11T16:50:28.694+0000][1][safepoint    ] Safepoint "Cleanup", Time since last: 1000114516 ns, Reaching safepoint: 86862 ns, At safepoint: 8080 ns, Total: 94942 ns
[2020-09-11T16:50:29.694+0000][1][safepoint    ] Safepoint "Cleanup", Time since last: 1000110792 ns, Reaching safepoint: 107439 ns, At safepoint: 7954 ns, Total: 115393 ns
[2020-09-11T16:50:30.695+0000][1][safepoint    ] Safepoint "Cleanup", Time since last: 1000109565 ns, Reaching safepoint: 96814 ns, At safepoint: 8641 ns, Total: 105455 ns
[2020-09-11T16:50:30.765+0000][1][safepoint    ] Safepoint "RevokeBias", Time since last: 70657373 ns, Reaching safepoint: 94730 ns, At safepoint: 37186 ns, Total: 131916 ns
[2020-09-11T16:50:30.876+0000][1][safepoint    ] Safepoint "RevokeBias", Time since last: 110660924 ns, Reaching safepoint: 163346 ns, At safepoint: 24057 ns, Total: 187403 ns
[2020-09-11T16:50:31.876+0000][1][safepoint    ] Safepoint "Cleanup", Time since last: 1000110193 ns, Reaching safepoint: 88553 ns, At safepoint: 11257 ns, Total: 99810 ns
[2020-09-11T16:50:32.877+0000][1][safepoint    ] Safepoint "Cleanup", Time since last: 1000119407 ns, Reaching safepoint: 94378 ns, At safepoint: 9267 ns, Total: 103645 ns
[2020-09-11T16:50:33.557+0000][1][safepoint    ] Safepoint "RevokeBias", Time since last: 680024749 ns, Reaching safepoint: 248248 ns, At safepoint: 235030 ns, Total: 483278 ns
[2020-09-11T16:50:33.632+0000][1][safepoint    ] Safepoint "RevokeBias", Time since last: 74488345 ns, Reaching safepoint: 94030 ns, At safepoint: 23492 ns, Total: 117522 ns
[2020-09-11T16:50:34.154+0000][1][safepoint    ] Safepoint "RevokeBias", Time since last: 521626181 ns, Reaching safepoint: 963889 ns, At safepoint: 19792 ns, Total: 983681 ns
[2020-09-11T16:50:34.155+0000][1][safepoint    ] Safepoint "RevokeBias", Time since last: 376388 ns, Reaching safepoint: 215803 ns, At safepoint: 13947 ns, Total: 229750 ns
[2020-09-11T16:50:34.161+0000][1][safepoint    ] Safepoint "RevokeBias", Time since last: 1321331 ns, Reaching safepoint: 4323067 ns, At safepoint: 30086 ns, Total: 4353153 ns
[2020-09-11T16:50:34.169+0000][1][safepoint    ] Safepoint "RevokeBias", Time since last: 3830900 ns, Reaching safepoint: 4509504 ns, At safepoint: 31987 ns, Total: 4541491 ns
[2020-09-11T16:50:35.169+0000][1][safepoint    ] Safepoint "Cleanup", Time since last: 1000113604 ns, Reaching safepoint: 101396 ns, At safepoint: 8197 ns, Total: 109593 ns
[2020-09-11T16:50:36.169+0000][1][safepoint    ] Safepoint "Cleanup", Time since last: 1000111247 ns, Reaching safepoint: 90143 ns, At safepoint: 8311 ns, Total: 98454 ns
[2020-09-11T16:50:36.291+0000][1][gc,start     ] GC(152) Pause Young (Allocation Failure)
[2020-09-11T16:50:36.291+0000][1][gc,task      ] GC(152) Using 1 workers of 1 for evacuation
[2020-09-11T16:50:36.296+0000][1][gc,age       ] GC(152) Desired survivor size 4358144 bytes, new threshold 6 (max threshold 6)
[2020-09-11T16:50:36.296+0000][1][gc,age       ] GC(152) Age table with threshold 6 (max threshold 6)
[2020-09-11T16:50:36.296+0000][1][gc,age       ] GC(152) - age   1:     303544 bytes,     303544 total
[2020-09-11T16:50:36.296+0000][1][gc,age       ] GC(152) - age   2:     217096 bytes,     520640 total
[2020-09-11T16:50:36.296+0000][1][gc,age       ] GC(152) - age   3:     135096 bytes,     655736 total
[2020-09-11T16:50:36.296+0000][1][gc,age       ] GC(152) - age   4:      22688 bytes,     678424 total
[2020-09-11T16:50:36.296+0000][1][gc,age       ] GC(152) - age   5:     530784 bytes,    1209208 total
[2020-09-11T16:50:36.296+0000][1][gc,age       ] GC(152) - age   6:     104184 bytes,    1313392 total
[2020-09-11T16:50:36.296+0000][1][gc,heap      ] GC(152) ParNew: 70073K->1316K(76672K)
[2020-09-11T16:50:36.296+0000][1][gc,heap      ] GC(152) CMS: 107995K->108067K(439104K)
[2020-09-11T16:50:36.296+0000][1][gc,metaspace ] GC(152) Metaspace: 97089K->97089K(1138688K)
[2020-09-11T16:50:36.296+0000][1][gc           ] GC(152) Pause Young (Allocation Failure) 173M->106M(503M) 4.894ms
[2020-09-11T16:50:36.296+0000][1][gc,cpu       ] GC(152) User=0.01s Sys=0.00s Real=0.01s
[2020-09-11T16:50:36.303+0000][1][safepoint    ] Safepoint "GenCollectForAllocation", Time since last: 121430030 ns, Reaching safepoint: 154937 ns, At safepoint: 11809772 ns, Total: 11964709 ns
[2020-09-11T16:50:37.303+0000][1][safepoint    ] Safepoint "Cleanup", Time since last: 1000534489 ns, Reaching safepoint: 80888 ns, At safepoint: 17177 ns, Total: 98065 ns
[2020-09-11T16:50:38.304+0000][1][safepoint    ] Safepoint "Cleanup", Time since last: 1000097881 ns, Reaching safepoint: 84013 ns, At safepoint: 15592 ns, Total: 99605 ns
[2020-09-11T16:50:39.304+0000][1][safepoint    ] Safepoint "Cleanup", Time since last: 1000102975 ns, Reaching safepoint: 87640 ns, At safepoint: 7291 ns, Total: 94931 ns
[2020-09-11T16:50:40.304+0000][1][safepoint    ] Safepoint "Cleanup", Time since last: 1000101586 ns, Reaching safepoint: 80746 ns, At safepoint: 6760 ns, Total: 87506 ns
[2020-09-11T16:50:40.721+0000][1][safepoint    ] Safepoint "RevokeBias", Time since last: 417307701 ns, Reaching safepoint: 94559 ns, At safepoint: 23051 ns, Total: 117610 ns
[2020-09-11T16:50:40.878+0000][1][safepoint    ] Safepoint "RevokeBias", Time since last: 156319636 ns, Reaching safepoint: 94752 ns, At safepoint: 23707 ns, Total: 118459 ns
[2020-09-11T16:50:41.878+0000][1][safepoint    ] Safepoint "Cleanup", Time since last: 1000105086 ns, Reaching safepoint: 88876 ns, At safepoint: 11044 ns, Total: 99920 ns
[2020-09-11T16:50:42.878+0000][1][safepoint    ] Safepoint "Cleanup", Time since last: 1000113732 ns, Reaching safepoint: 97835 ns, At safepoint: 7905 ns, Total: 105740 ns
[2020-09-11T16:50:43.716+0000][1][safepoint    ] Safepoint "RevokeBias", Time since last: 837834507 ns, Reaching safepoint: 102416 ns, At safepoint: 22260 ns, Total: 124676 ns
[2020-09-11T16:50:43.938+0000][1][safepoint    ] Safepoint "RevokeBias", Time since last: 222007618 ns, Reaching safepoint: 101228 ns, At safepoint: 24587 ns, Total: 125815 ns
[2020-09-11T16:50:44.939+0000][1][safepoint    ] Safepoint "Cleanup", Time since last: 1000117735 ns, Reaching safepoint: 96357 ns, At safepoint: 8791 ns, Total: 105148 ns
[2020-09-11T16:50:45.939+0000][1][safepoint    ] Safepoint "Cleanup", Time since last: 1000132315 ns, Reaching safepoint: 87857 ns, At safepoint: 11649 ns, Total: 99506 ns
[2020-09-11T16:50:46.939+0000][1][safepoint    ] Safepoint "Cleanup", Time since last: 1000121404 ns, Reaching safepoint: 91590 ns, At safepoint: 8334 ns, Total: 99924 ns
[2020-09-11T16:50:47.939+0000][1][safepoint    ] Safepoint "Cleanup", Time since last: 1000114218 ns, Reaching safepoint: 96768 ns, At safepoint: 8458 ns, Total: 105226 ns
[2020-09-11T16:50:48.940+0000][1][safepoint    ] Safepoint "Cleanup", Time since last: 1000110691 ns, Reaching safepoint: 87610 ns, At safepoint: 7450 ns, Total: 95060 ns
[2020-09-11T16:50:49.940+0000][1][safepoint    ] Safepoint "Cleanup", Time since last: 1000115321 ns, Reaching safepoint: 90732 ns, At safepoint: 7839 ns, Total: 98571 ns
[2020-09-11T16:50:50.716+0000][1][safepoint    ] Safepoint "RevokeBias", Time since last: 775630666 ns, Reaching safepoint: 177507 ns, At safepoint: 23935 ns, Total: 201442 ns
[2020-09-11T16:50:50.985+0000][1][safepoint    ] Safepoint "RevokeBias", Time since last: 265361267 ns, Reaching safepoint: 3999357 ns, At safepoint: 38847 ns, Total: 4038204 ns
[2020-09-11T16:50:51.985+0000][1][safepoint    ] Safepoint "Cleanup", Time since last: 1000124368 ns, Reaching safepoint: 111660 ns, At safepoint: 13968 ns, Total: 125628 ns
[2020-09-11T16:50:52.985+0000][1][safepoint    ] Safepoint "Cleanup", Time since last: 1000115496 ns, Reaching safepoint: 90791 ns, At safepoint: 13799 ns, Total: 104590 ns
[2020-09-11T16:50:53.608+0000][1][safepoint    ] Safepoint "RevokeBias", Time since last: 621698388 ns, Reaching safepoint: 699785 ns, At safepoint: 208173 ns, Total: 907958 ns
[2020-09-11T16:50:53.712+0000][1][gc,start     ] GC(153) Pause Young (Allocation Failure)
[2020-09-11T16:50:53.712+0000][1][gc,task      ] GC(153) Using 1 workers of 1 for evacuation
[2020-09-11T16:50:53.721+0000][1][gc,age       ] GC(153) Desired survivor size 4358144 bytes, new threshold 6 (max threshold 6)
[2020-09-11T16:50:53.721+0000][1][gc,age       ] GC(153) Age table with threshold 6 (max threshold 6)
[2020-09-11T16:50:53.721+0000][1][gc,age       ] GC(153) - age   1:     275376 bytes,     275376 total
[2020-09-11T16:50:53.721+0000][1][gc,age       ] GC(153) - age   2:     247072 bytes,     522448 total
[2020-09-11T16:50:53.721+0000][1][gc,age       ] GC(153) - age   3:     198376 bytes,     720824 total
[2020-09-11T16:50:53.721+0000][1][gc,age       ] GC(153) - age   4:     135096 bytes,     855920 total
[2020-09-11T16:50:53.721+0000][1][gc,age       ] GC(153) - age   5:      22656 bytes,     878576 total
[2020-09-11T16:50:53.721+0000][1][gc,age       ] GC(153) - age   6:     530720 bytes,    1409296 total
[2020-09-11T16:50:53.721+0000][1][gc,heap      ] GC(153) ParNew: 69476K->2253K(76672K)
[2020-09-11T16:50:53.721+0000][1][gc,heap      ] GC(153) CMS: 108067K->108168K(439104K)
[2020-09-11T16:50:53.721+0000][1][gc,metaspace ] GC(153) Metaspace: 97189K->97189K(1138688K)
[2020-09-11T16:50:53.721+0000][1][gc           ] GC(153) Pause Young (Allocation Failure) 173M->107M(503M) 9.510ms
[2020-09-11T16:50:53.721+0000][1][gc,cpu       ] GC(153) User=0.01s Sys=0.00s Real=0.02s
[2020-09-11T16:50:53.721+0000][1][safepoint    ] Safepoint "GenCollectForAllocation", Time since last: 103666713 ns, Reaching safepoint: 83529 ns, At safepoint: 9597387 ns, Total: 9680916 ns
[2020-09-11T16:50:53.722+0000][1][safepoint    ] Safepoint "RevokeBias", Time since last: 244303 ns, Reaching safepoint: 77620 ns, At safepoint: 26754 ns, Total: 104374 ns
[2020-09-11T16:50:54.722+0000][1][safepoint    ] Safepoint "Cleanup", Time since last: 1000614934 ns, Reaching safepoint: 86019 ns, At safepoint: 21860 ns, Total: 107879 ns
[2020-09-11T16:50:55.723+0000][1][safepoint    ] Safepoint "Cleanup", Time since last: 1000104704 ns, Reaching safepoint: 93462 ns, At safepoint: 19551 ns, Total: 113013 ns
[2020-09-11T16:50:56.723+0000][1][safepoint    ] Safepoint "Cleanup", Time since last: 1000116554 ns, Reaching safepoint: 95039 ns, At safepoint: 11750 ns, Total: 106789 ns
[2020-09-11T16:50:57.723+0000][1][safepoint    ] Safepoint "Cleanup", Time since last: 1000122174 ns, Reaching safepoint: 85289 ns, At safepoint: 7349 ns, Total: 92638 ns
[2020-09-11T16:50:58.723+0000][1][safepoint    ] Safepoint "Cleanup", Time since last: 1000125331 ns, Reaching safepoint: 88914 ns, At safepoint: 8536 ns, Total: 97450 ns
[2020-09-11T16:50:59.724+0000][1][safepoint    ] Safepoint "Cleanup", Time since last: 1000113322 ns, Reaching safepoint: 86502 ns, At safepoint: 7805 ns, Total: 94307 ns
[2020-09-11T16:51:00.716+0000][1][safepoint    ] Safepoint "RevokeBias", Time since last: 992582394 ns, Reaching safepoint: 90962 ns, At safepoint: 39323 ns, Total: 130285 ns
[2020-09-11T16:51:00.890+0000][1][safepoint    ] Safepoint "RevokeBias", Time since last: 173293560 ns, Reaching safepoint: 169818 ns, At safepoint: 24160 ns, Total: 193978 ns
[2020-09-11T16:51:01.890+0000][1][safepoint    ] Safepoint "Cleanup", Time since last: 1000107199 ns, Reaching safepoint: 95547 ns, At safepoint: 9252 ns, Total: 104799 ns
[2020-09-11T16:51:02.890+0000][1][safepoint    ] Safepoint "Cleanup", Time since last: 1000114667 ns, Reaching safepoint: 99045 ns, At safepoint: 9216 ns, Total: 108261 ns
[2020-09-11T16:51:03.609+0000][1][safepoint    ] Safepoint "RevokeBias", Time since last: 714987221 ns, Reaching safepoint: 3744489 ns, At safepoint: 219749 ns, Total: 3964238 ns
[2020-09-11T16:51:03.748+0000][1][safepoint    ] Safepoint "RevokeBias", Time since last: 138707474 ns, Reaching safepoint: 93203 ns, At safepoint: 23896 ns, Total: 117099 ns
[2020-09-11T16:51:06.748+0000][1][safepoint    ] Safepoint "Cleanup", Time since last: 3000256357 ns, Reaching safepoint: 117316 ns, At safepoint: 9903 ns, Total: 127219 ns
[2020-09-11T16:51:10.717+0000][1][safepoint    ] Safepoint "RevokeBias", Time since last: 3968932060 ns, Reaching safepoint: 101543 ns, At safepoint: 23620 ns, Total: 125163 ns
[2020-09-11T16:51:10.888+0000][1][safepoint    ] Safepoint "RevokeBias", Time since last: 170371512 ns, Reaching safepoint: 92556 ns, At safepoint: 23671 ns, Total: 116227 ns
[2020-09-11T16:51:13.553+0000][1][safepoint    ] Safepoint "RevokeBias", Time since last: 2663516833 ns, Reaching safepoint: 1504529 ns, At safepoint: 256586 ns, Total: 1761115 ns
[2020-09-11T16:51:13.702+0000][1][safepoint    ] Safepoint "RevokeBias", Time since last: 148377668 ns, Reaching safepoint: 91431 ns, At safepoint: 23164 ns, Total: 114595 ns
[2020-09-11T16:51:14.016+0000][1][gc,start     ] GC(154) Pause Young (Allocation Failure)
[2020-09-11T16:51:14.016+0000][1][gc,task      ] GC(154) Using 1 workers of 1 for evacuation
[2020-09-11T16:51:14.026+0000][1][gc,age       ] GC(154) Desired survivor size 4358144 bytes, new threshold 6 (max threshold 6)
[2020-09-11T16:51:14.026+0000][1][gc,age       ] GC(154) Age table with threshold 6 (max threshold 6)
[2020-09-11T16:51:14.026+0000][1][gc,age       ] GC(154) - age   1:     161904 bytes,     161904 total
[2020-09-11T16:51:14.026+0000][1][gc,age       ] GC(154) - age   2:     129216 bytes,     291120 total
[2020-09-11T16:51:14.026+0000][1][gc,age       ] GC(154) - age   3:     242672 bytes,     533792 total
[2020-09-11T16:51:14.026+0000][1][gc,age       ] GC(154) - age   4:     198280 bytes,     732072 total
[2020-09-11T16:51:14.026+0000][1][gc,age       ] GC(154) - age   5:     135096 bytes,     867168 total
[2020-09-11T16:51:14.026+0000][1][gc,age       ] GC(154) - age   6:      22656 bytes,     889824 total
[2020-09-11T16:51:14.026+0000][1][gc,heap      ] GC(154) ParNew: 70413K->1313K(76672K)
[2020-09-11T16:51:14.026+0000][1][gc,heap      ] GC(154) CMS: 108168K->108686K(439104K)
[2020-09-11T16:51:14.026+0000][1][gc,metaspace ] GC(154) Metaspace: 97191K->97191K(1138688K)
[2020-09-11T16:51:14.026+0000][1][gc           ] GC(154) Pause Young (Allocation Failure) 174M->107M(503M) 9.944ms
[2020-09-11T16:51:14.026+0000][1][gc,cpu       ] GC(154) User=0.00s Sys=0.00s Real=0.01s
[2020-09-11T16:51:14.026+0000][1][safepoint    ] Safepoint "GenCollectForAllocation", Time since last: 314039994 ns, Reaching safepoint: 88263 ns, At safepoint: 10017973 ns, Total: 10106236 ns
[2020-09-11T16:51:20.797+0000][1][safepoint    ] Safepoint "RevokeBias", Time since last: 6771158076 ns, Reaching safepoint: 96324 ns, At safepoint: 25979 ns, Total: 122303 ns
[2020-09-11T16:51:21.245+0000][1][safepoint    ] Safepoint "RevokeBias", Time since last: 447844222 ns, Reaching safepoint: 106724 ns, At safepoint: 22494 ns, Total: 129218 ns
[2020-09-11T16:51:23.246+0000][1][safepoint    ] Safepoint "Cleanup", Time since last: 2000219501 ns, Reaching safepoint: 220900 ns, At safepoint: 21376 ns, Total: 242276 ns
[2020-09-11T16:51:23.697+0000][1][safepoint    ] Safepoint "RevokeBias", Time since last: 451833903 ns, Reaching safepoint: 111972 ns, At safepoint: 21718 ns, Total: 133690 ns
[2020-09-11T16:51:24.392+0000][1][safepoint    ] Safepoint "RevokeBias", Time since last: 693895651 ns, Reaching safepoint: 94635 ns, At safepoint: 25395 ns, Total: 120030 ns
[2020-09-11T16:51:26.564+0000][1][safepoint    ] Safepoint "RevokeBias", Time since last: 2172750195 ns, Reaching safepoint: 153398 ns, At safepoint: 28721 ns, Total: 182119 ns
[2020-09-11T16:51:26.565+0000][1][safepoint    ] Safepoint "RevokeBias", Time since last: 88657 ns, Reaching safepoint: 106433 ns, At safepoint: 6831 ns, Total: 113264 ns
[2020-09-11T16:51:26.565+0000][1][safepoint    ] Safepoint "RevokeBias", Time since last: 271518 ns, Reaching safepoint: 148140 ns, At safepoint: 9684 ns, Total: 157824 ns
[2020-09-11T16:51:26.565+0000][1][safepoint    ] Safepoint "RevokeBias", Time since last: 199687 ns, Reaching safepoint: 142289 ns, At safepoint: 9626 ns, Total: 151915 ns
[2020-09-11T16:51:26.566+0000][1][safepoint    ] Safepoint "RevokeBias", Time since last: 119574 ns, Reaching safepoint: 200498 ns, At safepoint: 9606 ns, Total: 210104 ns
[2020-09-11T16:51:26.566+0000][1][safepoint    ] Safepoint "RevokeBias", Time since last: 255257 ns, Reaching safepoint: 107490 ns, At safepoint: 6894 ns, Total: 114384 ns
[2020-09-11T16:51:26.567+0000][1][safepoint    ] Safepoint "RevokeBias", Time since last: 637835 ns, Reaching safepoint: 109802 ns, At safepoint: 6823 ns, Total: 116625 ns
[2020-09-11T16:51:26.568+0000][1][safepoint    ] Safepoint "RevokeBias", Time since last: 66373 ns, Reaching safepoint: 583227 ns, At safepoint: 7613 ns, Total: 590840 ns
[2020-09-11T16:51:26.569+0000][1][safepoint    ] Safepoint "RevokeBias", Time since last: 279698 ns, Reaching safepoint: 1036162 ns, At safepoint: 15744 ns, Total: 1051906 ns
[2020-09-11T16:51:26.569+0000][1][safepoint    ] Safepoint "RevokeBias", Time since last: 171232 ns, Reaching safepoint: 110394 ns, At safepoint: 18984 ns, Total: 129378 ns
[2020-09-11T16:51:26.571+0000][1][safepoint    ] Safepoint "RevokeBias", Time since last: 749319 ns, Reaching safepoint: 1153247 ns, At safepoint: 12940 ns, Total: 1166187 ns
[2020-09-11T16:51:26.583+0000][1][safepoint    ] Safepoint "RevokeBias", Time since last: 11460181 ns, Reaching safepoint: 488682 ns, At safepoint: 12750 ns, Total: 501432 ns
[2020-09-11T16:51:26.584+0000][1][safepoint    ] Safepoint "RevokeBias", Time since last: 403237 ns, Reaching safepoint: 421682 ns, At safepoint: 7179 ns, Total: 428861 ns
[2020-09-11T16:51:26.584+0000][1][safepoint    ] Safepoint "RevokeBias", Time since last: 248080 ns, Reaching safepoint: 347336 ns, At safepoint: 16669 ns, Total: 364005 ns
[2020-09-11T16:51:26.587+0000][1][safepoint    ] Safepoint "RevokeBias", Time since last: 2375631 ns, Reaching safepoint: 422710 ns, At safepoint: 8790 ns, Total: 431500 ns
[2020-09-11T16:51:26.587+0000][1][safepoint    ] Safepoint "RevokeBias", Time since last: 75025 ns, Reaching safepoint: 103690 ns, At safepoint: 7063 ns, Total: 110753 ns
[2020-09-11T16:51:26.588+0000][1][safepoint    ] Safepoint "RevokeBias", Time since last: 46194 ns, Reaching safepoint: 921721 ns, At safepoint: 7724 ns, Total: 929445 ns
[2020-09-11T16:51:26.589+0000][1][safepoint    ] Safepoint "RevokeBias", Time since last: 88096 ns, Reaching safepoint: 102669 ns, At safepoint: 7033 ns, Total: 109702 ns
[2020-09-11T16:51:26.591+0000][1][safepoint    ] Safepoint "RevokeBias", Time since last: 2030183 ns, Reaching safepoint: 261145 ns, At safepoint: 13883 ns, Total: 275028 ns
[2020-09-11T16:51:26.596+0000][1][safepoint    ] Safepoint "RevokeBias", Time since last: 213635 ns, Reaching safepoint: 5231421 ns, At safepoint: 15829 ns, Total: 5247250 ns
[2020-09-11T16:51:26.599+0000][1][safepoint    ] Safepoint "RevokeBias", Time since last: 1265153 ns, Reaching safepoint: 1016816 ns, At safepoint: 8783 ns, Total: 1025599 ns
[2020-09-11T16:51:26.679+0000][1][safepoint    ] Safepoint "RevokeBias", Time since last: 78451593 ns, Reaching safepoint: 1500155 ns, At safepoint: 17032 ns, Total: 1517187 ns
[2020-09-11T16:51:26.685+0000][1][safepoint    ] Safepoint "RevokeBias", Time since last: 2197905 ns, Reaching safepoint: 3974746 ns, At safepoint: 32967 ns, Total: 4007713 ns
[2020-09-11T16:51:26.689+0000][1][safepoint    ] Safepoint "RevokeBias", Time since last: 201155 ns, Reaching safepoint: 3796190 ns, At safepoint: 14846 ns, Total: 3811036 ns
[2020-09-11T16:51:26.689+0000][1][safepoint    ] Safepoint "RevokeBias", Time since last: 89017 ns, Reaching safepoint: 130697 ns, At safepoint: 10157 ns, Total: 140854 ns
[2020-09-11T16:51:26.690+0000][1][safepoint    ] Safepoint "RevokeBias", Time since last: 493571 ns, Reaching safepoint: 128014 ns, At safepoint: 9760 ns, Total: 137774 ns
[2020-09-11T16:51:26.690+0000][1][safepoint    ] Safepoint "RevokeBias", Time since last: 119598 ns, Reaching safepoint: 119656 ns, At safepoint: 7964 ns, Total: 127620 ns
[2020-09-11T16:51:26.690+0000][1][safepoint    ] Safepoint "RevokeBias", Time since last: 39254 ns, Reaching safepoint: 111009 ns, At safepoint: 7784 ns, Total: 118793 ns
[2020-09-11T16:51:26.691+0000][1][safepoint    ] Safepoint "RevokeBias", Time since last: 360821 ns, Reaching safepoint: 113839 ns, At safepoint: 7548 ns, Total: 121387 ns
[2020-09-11T16:51:26.691+0000][1][safepoint    ] Safepoint "RevokeBias", Time since last: 36740 ns, Reaching safepoint: 109295 ns, At safepoint: 7229 ns, Total: 116524 ns
[2020-09-11T16:51:26.692+0000][1][safepoint    ] Safepoint "RevokeBias", Time since last: 677712 ns, Reaching safepoint: 109913 ns, At safepoint: 15950 ns, Total: 125863 ns
[2020-09-11T16:51:26.692+0000][1][safepoint    ] Safepoint "RevokeBias", Time since last: 39397 ns, Reaching safepoint: 105187 ns, At safepoint: 14763 ns, Total: 119950 ns
[2020-09-11T16:51:26.692+0000][1][safepoint    ] Safepoint "RevokeBias", Time since last: 34211 ns, Reaching safepoint: 104913 ns, At safepoint: 14674 ns, Total: 119587 ns
[2020-09-11T16:51:26.693+0000][1][safepoint    ] Safepoint "RevokeBias", Time since last: 62300 ns, Reaching safepoint: 816547 ns, At safepoint: 18360 ns, Total: 834907 ns
[2020-09-11T16:51:26.693+0000][1][safepoint    ] Safepoint "RevokeBias", Time since last: 66232 ns, Reaching safepoint: 108684 ns, At safepoint: 15703 ns, Total: 124387 ns
[2020-09-11T16:51:26.693+0000][1][safepoint    ] Safepoint "RevokeBias", Time since last: 72875 ns, Reaching safepoint: 105934 ns, At safepoint: 15031 ns, Total: 120965 ns
[2020-09-11T16:51:26.695+0000][1][safepoint    ] Safepoint "RevokeBias", Time since last: 1215101 ns, Reaching safepoint: 959416 ns, At safepoint: 25901 ns, Total: 985317 ns
[2020-09-11T16:51:26.697+0000][1][safepoint    ] Safepoint "RevokeBias", Time since last: 280480 ns, Reaching safepoint: 1132241 ns, At safepoint: 32228 ns, Total: 1164469 ns
[2020-09-11T16:51:26.698+0000][1][safepoint    ] Safepoint "RevokeBias", Time since last: 590816 ns, Reaching safepoint: 808452 ns, At safepoint: 27275 ns, Total: 835727 ns
[2020-09-11T16:51:26.704+0000][1][safepoint    ] Safepoint "RevokeBias", Time since last: 551299 ns, Reaching safepoint: 5424758 ns, At safepoint: 49569 ns, Total: 5474327 ns
[2020-09-11T16:51:26.710+0000][1][safepoint    ] Safepoint "RevokeBias", Time since last: 1131748 ns, Reaching safepoint: 3420593 ns, At safepoint: 934549 ns, Total: 4355142 ns
[2020-09-11T16:51:26.712+0000][1][safepoint    ] Safepoint "RevokeBias", Time since last: 37631 ns, Reaching safepoint: 1189785 ns, At safepoint: 717976 ns, Total: 1907761 ns
[2020-09-11T16:51:26.714+0000][1][safepoint    ] Safepoint "RevokeBias", Time since last: 41451 ns, Reaching safepoint: 1076181 ns, At safepoint: 1154932 ns, Total: 2231113 ns
[2020-09-11T16:51:26.718+0000][1][safepoint    ] Safepoint "RevokeBias", Time since last: 30390 ns, Reaching safepoint: 2803151 ns, At safepoint: 913268 ns, Total: 3716419 ns
[2020-09-11T16:51:26.723+0000][1][safepoint    ] Safepoint "RevokeBias", Time since last: 27683 ns, Reaching safepoint: 4149323 ns, At safepoint: 1004621 ns, Total: 5153944 ns
[2020-09-11T16:51:26.729+0000][1][safepoint    ] Safepoint "RevokeBias", Time since last: 48257 ns, Reaching safepoint: 583957 ns, At safepoint: 5354028 ns, Total: 5937985 ns
[2020-09-11T16:51:26.738+0000][1][safepoint    ] Safepoint "RevokeBias", Time since last: 68636 ns, Reaching safepoint: 742497 ns, At safepoint: 8344709 ns, Total: 9087206 ns
[2020-09-11T16:51:26.746+0000][1][safepoint    ] Safepoint "RevokeBias", Time since last: 41600 ns, Reaching safepoint: 161909 ns, At safepoint: 7408509 ns, Total: 7570418 ns
[2020-09-11T16:51:26.748+0000][1][safepoint    ] Safepoint "RevokeBias", Time since last: 41184 ns, Reaching safepoint: 1034762 ns, At safepoint: 1106053 ns, Total: 2140815 ns
[2020-09-11T16:51:26.762+0000][1][safepoint    ] Safepoint "BulkRevokeBias", Time since last: 11574881 ns, Reaching safepoint: 1451910 ns, At safepoint: 1575868 ns, Total: 3027778 ns
[2020-09-11T16:51:26.881+0000][1][safepoint    ] Safepoint "BulkRevokeBias", Time since last: 116359965 ns, Reaching safepoint: 2043033 ns, At safepoint: 250983 ns, Total: 2294016 ns
[2020-09-11T16:51:26.891+0000][1][safepoint    ] Safepoint "RevokeBias", Time since last: 7200160 ns, Reaching safepoint: 2297666 ns, At safepoint: 14203 ns, Total: 2311869 ns
[2020-09-11T16:51:26.897+0000][1][safepoint    ] Safepoint "RevokeBias", Time since last: 2469597 ns, Reaching safepoint: 3738341 ns, At safepoint: 18440 ns, Total: 3756781 ns
[2020-09-11T16:51:26.902+0000][1][safepoint    ] Safepoint "RevokeBias", Time since last: 835711 ns, Reaching safepoint: 4227383 ns, At safepoint: 26182 ns, Total: 4253565 ns
[2020-09-11T16:51:26.903+0000][1][safepoint    ] Safepoint "RevokeBias", Time since last: 267871 ns, Reaching safepoint: 786979 ns, At safepoint: 38684 ns, Total: 825663 ns
[2020-09-11T16:51:26.904+0000][1][safepoint    ] Safepoint "RevokeBias", Time since last: 152037 ns, Reaching safepoint: 589283 ns, At safepoint: 37411 ns, Total: 626694 ns
[2020-09-11T16:51:26.905+0000][1][safepoint    ] Safepoint "RevokeBias", Time since last: 702960 ns, Reaching safepoint: 290205 ns, At safepoint: 19245 ns, Total: 309450 ns
[2020-09-11T16:51:26.905+0000][1][safepoint    ] Safepoint "RevokeBias", Time since last: 81364 ns, Reaching safepoint: 487672 ns, At safepoint: 15165 ns, Total: 502837 ns
[2020-09-11T16:51:26.909+0000][1][safepoint    ] Safepoint "RevokeBias", Time since last: 67683 ns, Reaching safepoint: 3630540 ns, At safepoint: 28300 ns, Total: 3658840 ns
[2020-09-11T16:51:26.909+0000][1][safepoint    ] Safepoint "RevokeBias", Time since last: 88954 ns, Reaching safepoint: 248632 ns, At safepoint: 15999 ns, Total: 264631 ns
[2020-09-11T16:51:26.917+0000][1][safepoint    ] Safepoint "RevokeBias", Time since last: 3183654 ns, Reaching safepoint: 3971305 ns, At safepoint: 36032 ns, Total: 4007337 ns
[2020-09-11T16:51:26.920+0000][1][safepoint    ] Safepoint "RevokeBias", Time since last: 112910 ns, Reaching safepoint: 3570288 ns, At safepoint: 34028 ns, Total: 3604316 ns
[2020-09-11T16:51:26.921+0000][1][safepoint    ] Safepoint "RevokeBias", Time since last: 89854 ns, Reaching safepoint: 110203 ns, At safepoint: 15455 ns, Total: 125658 ns
[2020-09-11T16:51:26.921+0000][1][safepoint    ] Safepoint "RevokeBias", Time since last: 34208 ns, Reaching safepoint: 127766 ns, At safepoint: 21649 ns, Total: 149415 ns
[2020-09-11T16:51:26.921+0000][1][safepoint    ] Safepoint "RevokeBias", Time since last: 36278 ns, Reaching safepoint: 105650 ns, At safepoint: 27964 ns, Total: 133614 ns
[2020-09-11T16:51:26.921+0000][1][safepoint    ] Safepoint "RevokeBias", Time since last: 46987 ns, Reaching safepoint: 106050 ns, At safepoint: 21636 ns, Total: 127686 ns
[2020-09-11T16:51:26.921+0000][1][safepoint    ] Safepoint "RevokeBias", Time since last: 148628 ns, Reaching safepoint: 164805 ns, At safepoint: 22538 ns, Total: 187343 ns
[2020-09-11T16:51:26.922+0000][1][safepoint    ] Safepoint "RevokeBias", Time since last: 28452 ns, Reaching safepoint: 176810 ns, At safepoint: 22004 ns, Total: 198814 ns
[2020-09-11T16:51:26.922+0000][1][safepoint    ] Safepoint "RevokeBias", Time since last: 32849 ns, Reaching safepoint: 151088 ns, At safepoint: 21422 ns, Total: 172510 ns
[2020-09-11T16:51:26.922+0000][1][safepoint    ] Safepoint "RevokeBias", Time since last: 25895 ns, Reaching safepoint: 531087 ns, At safepoint: 23270 ns, Total: 554357 ns
[2020-09-11T16:51:26.923+0000][1][safepoint    ] Safepoint "RevokeBias", Time since last: 43633 ns, Reaching safepoint: 107444 ns, At safepoint: 20972 ns, Total: 128416 ns
[2020-09-11T16:51:26.923+0000][1][safepoint    ] Safepoint "RevokeBias", Time since last: 24442 ns, Reaching safepoint: 105108 ns, At safepoint: 20534 ns, Total: 125642 ns
[2020-09-11T16:51:26.923+0000][1][safepoint    ] Safepoint "RevokeBias", Time since last: 56127 ns, Reaching safepoint: 220377 ns, At safepoint: 21496 ns, Total: 241873 ns
[2020-09-11T16:51:26.925+0000][1][safepoint    ] Safepoint "RevokeBias", Time since last: 464354 ns, Reaching safepoint: 337669 ns, At safepoint: 660683 ns, Total: 998352 ns
[2020-09-11T16:51:26.948+0000][1][safepoint    ] Safepoint "RevokeBias", Time since last: 23349020 ns, Reaching safepoint: 525777 ns, At safepoint: 46027 ns, Total: 571804 ns
[2020-09-11T16:51:26.965+0000][1][safepoint    ] Safepoint "BulkRevokeBias", Time since last: 11575709 ns, Reaching safepoint: 171809 ns, At safepoint: 5035236 ns, Total: 5207045 ns
[2020-09-11T16:51:27.001+0000][1][safepoint    ] Safepoint "RevokeBias", Time since last: 3341205 ns, Reaching safepoint: 211581 ns, At safepoint: 32366039 ns, Total: 32577620 ns
[2020-09-11T16:51:27.002+0000][1][safepoint    ] Safepoint "RevokeBias", Time since last: 619565 ns, Reaching safepoint: 319733 ns, At safepoint: 49886 ns, Total: 369619 ns
[2020-09-11T16:51:27.005+0000][1][safepoint    ] Safepoint "RevokeBias", Time since last: 1070936 ns, Reaching safepoint: 1303371 ns, At safepoint: 49856 ns, Total: 1353227 ns
[2020-09-11T16:51:27.014+0000][1][safepoint    ] Safepoint "RevokeBias", Time since last: 1344591 ns, Reaching safepoint: 4633785 ns, At safepoint: 3902014 ns, Total: 8535799 ns
[2020-09-11T16:51:27.020+0000][1][safepoint    ] Safepoint "RevokeBias", Time since last: 578152 ns, Reaching safepoint: 1769093 ns, At safepoint: 3579459 ns, Total: 5348552 ns
[2020-09-11T16:51:27.036+0000][1][safepoint    ] Safepoint "RevokeBias", Time since last: 39950 ns, Reaching safepoint: 369769 ns, At safepoint: 15542183 ns, Total: 15911952 ns
[2020-09-11T16:51:27.043+0000][1][safepoint    ] Safepoint "RevokeBias", Time since last: 5093647 ns, Reaching safepoint: 1711226 ns, At safepoint: 41660 ns, Total: 1752886 ns
[2020-09-11T16:51:27.045+0000][1][safepoint    ] Safepoint "RevokeBias", Time since last: 665004 ns, Reaching safepoint: 957660 ns, At safepoint: 372560 ns, Total: 1330220 ns
[2020-09-11T16:51:27.046+0000][1][safepoint    ] Safepoint "RevokeBias", Time since last: 442652 ns, Reaching safepoint: 141622 ns, At safepoint: 39235 ns, Total: 180857 ns
[2020-09-11T16:51:27.049+0000][1][safepoint    ] Safepoint "RevokeBias", Time since last: 2887505 ns, Reaching safepoint: 359766 ns, At safepoint: 154604 ns, Total: 514370 ns
[2020-09-11T16:51:27.054+0000][1][safepoint    ] Safepoint "RevokeBias", Time since last: 1710313 ns, Reaching safepoint: 2844726 ns, At safepoint: 261336 ns, Total: 3106062 ns
[2020-09-11T16:51:27.064+0000][1][safepoint    ] Safepoint "RevokeBias", Time since last: 35033 ns, Reaching safepoint: 1243108 ns, At safepoint: 8640846 ns, Total: 9883954 ns
[2020-09-11T16:51:27.064+0000][1][safepoint    ] Safepoint "RevokeBias", Time since last: 42163 ns, Reaching safepoint: 369511 ns, At safepoint: 36637 ns, Total: 406148 ns
[2020-09-11T16:51:27.065+0000][1][safepoint    ] Safepoint "RevokeBias", Time since last: 263145 ns, Reaching safepoint: 521656 ns, At safepoint: 43735 ns, Total: 565391 ns
[2020-09-11T16:51:27.068+0000][1][safepoint    ] Safepoint "RevokeBias", Time since last: 985196 ns, Reaching safepoint: 2093554 ns, At safepoint: 44558 ns, Total: 2138112 ns
[2020-09-11T16:51:27.073+0000][1][safepoint    ] Safepoint "RevokeBias", Time since last: 4009143 ns, Reaching safepoint: 485213 ns, At safepoint: 106814 ns, Total: 592027 ns
[2020-09-11T16:51:27.089+0000][1][safepoint    ] Safepoint "RevokeBias", Time since last: 34529 ns, Reaching safepoint: 668954 ns, At safepoint: 15242789 ns, Total: 15911743 ns
[2020-09-11T16:51:27.090+0000][1][safepoint    ] Safepoint "RevokeBias", Time since last: 73020 ns, Reaching safepoint: 838319 ns, At safepoint: 43754 ns, Total: 882073 ns
[2020-09-11T16:51:27.096+0000][1][safepoint    ] Safepoint "RevokeBias", Time since last: 3698447 ns, Reaching safepoint: 566374 ns, At safepoint: 2274316 ns, Total: 2840690 ns
[2020-09-11T16:51:27.098+0000][1][safepoint    ] Safepoint "RevokeBias", Time since last: 83977 ns, Reaching safepoint: 154982 ns, At safepoint: 1617622 ns, Total: 1772604 ns
[2020-09-11T16:51:27.099+0000][1][gc,start     ] GC(155) Pause Young (Allocation Failure)
[2020-09-11T16:51:27.099+0000][1][gc,task      ] GC(155) Using 1 workers of 1 for evacuation
[2020-09-11T16:51:27.123+0000][1][gc,age       ] GC(155) Desired survivor size 4358144 bytes, new threshold 6 (max threshold 6)
[2020-09-11T16:51:27.123+0000][1][gc,age       ] GC(155) Age table with threshold 6 (max threshold 6)
[2020-09-11T16:51:27.123+0000][1][gc,age       ] GC(155) - age   1:     911176 bytes,     911176 total
[2020-09-11T16:51:27.123+0000][1][gc,age       ] GC(155) - age   2:     110072 bytes,    1021248 total
[2020-09-11T16:51:27.123+0000][1][gc,age       ] GC(155) - age   3:     122120 bytes,    1143368 total
[2020-09-11T16:51:27.123+0000][1][gc,age       ] GC(155) - age   4:     241240 bytes,    1384608 total
[2020-09-11T16:51:27.123+0000][1][gc,age       ] GC(155) - age   5:     198280 bytes,    1582888 total
[2020-09-11T16:51:27.123+0000][1][gc,age       ] GC(155) - age   6:     134800 bytes,    1717688 total
[2020-09-11T16:51:27.123+0000][1][gc,heap      ] GC(155) ParNew: 69407K->1960K(76672K)
[2020-09-11T16:51:27.123+0000][1][gc,heap      ] GC(155) CMS: 108686K->108708K(439104K)
[2020-09-11T16:51:27.123+0000][1][gc,metaspace ] GC(155) Metaspace: 97293K->97293K(1138688K)
[2020-09-11T16:51:27.123+0000][1][gc           ] GC(155) Pause Young (Allocation Failure) 173M->108M(503M) 24.403ms
[2020-09-11T16:51:27.123+0000][1][gc,cpu       ] GC(155) User=0.01s Sys=0.00s Real=0.03s
[2020-09-11T16:51:27.163+0000][1][safepoint    ] Safepoint "RevokeBias", Time since last: 276500 ns, Reaching safepoint: 149179 ns, At safepoint: 64584698 ns, Total: 64733877 ns
[2020-09-11T16:51:27.171+0000][1][safepoint    ] Safepoint "RevokeBias", Time since last: 215646 ns, Reaching safepoint: 7235338 ns, At safepoint: 48843 ns, Total: 7284181 ns
[2020-09-11T16:51:27.174+0000][1][safepoint    ] Safepoint "RevokeBias", Time since last: 2695368 ns, Reaching safepoint: 148871 ns, At safepoint: 32997 ns, Total: 181868 ns
[2020-09-11T16:51:27.182+0000][1][safepoint    ] Safepoint "RevokeBias", Time since last: 5905971 ns, Reaching safepoint: 290518 ns, At safepoint: 2289217 ns, Total: 2579735 ns
[2020-09-11T16:51:27.197+0000][1][safepoint    ] Safepoint "RevokeBias", Time since last: 28431 ns, Reaching safepoint: 150083 ns, At safepoint: 14742990 ns, Total: 14893073 ns
[2020-09-11T16:51:27.209+0000][1][safepoint    ] Safepoint "RevokeBias", Time since last: 122238 ns, Reaching safepoint: 11145102 ns, At safepoint: 769645 ns, Total: 11914747 ns
[2020-09-11T16:51:27.217+0000][1][safepoint    ] Safepoint "RevokeBias", Time since last: 7207914 ns, Reaching safepoint: 156443 ns, At safepoint: 31579 ns, Total: 188022 ns
[2020-09-11T16:51:27.220+0000][1][safepoint    ] Safepoint "RevokeBias", Time since last: 2691357 ns, Reaching safepoint: 327693 ns, At safepoint: 31311 ns, Total: 359004 ns
[2020-09-11T16:51:27.221+0000][1][safepoint    ] Safepoint "RevokeBias", Time since last: 778511 ns, Reaching safepoint: 565310 ns, At safepoint: 306937 ns, Total: 872247 ns
[2020-09-11T16:51:27.231+0000][1][safepoint    ] Safepoint "RevokeBias", Time since last: 9573299 ns, Reaching safepoint: 303312 ns, At safepoint: 41797 ns, Total: 345109 ns
[2020-09-11T16:51:27.234+0000][1][safepoint    ] Safepoint "RevokeBias", Time since last: 531525 ns, Reaching safepoint: 146521 ns, At safepoint: 2405792 ns, Total: 2552313 ns
[2020-09-11T16:51:27.251+0000][1][safepoint    ] Safepoint "BulkRevokeBias", Time since last: 12084916 ns, Reaching safepoint: 3629090 ns, At safepoint: 598608 ns, Total: 4227698 ns
[2020-09-11T16:51:27.272+0000][1][safepoint    ] Safepoint "RevokeBias", Time since last: 21540780 ns, Reaching safepoint: 174716 ns, At safepoint: 28343 ns, Total: 203059 ns
[2020-09-11T16:51:27.273+0000][1][safepoint    ] Safepoint "RevokeBias", Time since last: 158683 ns, Reaching safepoint: 212296 ns, At safepoint: 20245 ns, Total: 232541 ns
[2020-09-11T16:51:27.274+0000][1][safepoint    ] Safepoint "RevokeBias", Time since last: 1429707 ns, Reaching safepoint: 143067 ns, At safepoint: 19468 ns, Total: 162535 ns
[2020-09-11T16:51:27.274+0000][1][safepoint    ] Safepoint "RevokeBias", Time since last: 76009 ns, Reaching safepoint: 130722 ns, At safepoint: 16176 ns, Total: 146898 ns
[2020-09-11T16:51:27.275+0000][1][safepoint    ] Safepoint "RevokeBias", Time since last: 594168 ns, Reaching safepoint: 129203 ns, At safepoint: 25066 ns, Total: 154269 ns
[2020-09-11T16:51:27.275+0000][1][safepoint    ] Safepoint "RevokeBias", Time since last: 85196 ns, Reaching safepoint: 119063 ns, At safepoint: 23606 ns, Total: 142669 ns
[2020-09-11T16:51:27.276+0000][1][safepoint    ] Safepoint "RevokeBias", Time since last: 65396 ns, Reaching safepoint: 116064 ns, At safepoint: 21715 ns, Total: 137779 ns
[2020-09-11T16:51:27.285+0000][1][safepoint    ] Safepoint "RevokeBias", Time since last: 48500 ns, Reaching safepoint: 9150908 ns, At safepoint: 45806 ns, Total: 9196714 ns
[2020-09-11T16:51:27.334+0000][1][safepoint    ] Safepoint "RevokeBias", Time since last: 48917359 ns, Reaching safepoint: 363443 ns, At safepoint: 24374 ns, Total: 387817 ns
[2020-09-11T16:51:27.336+0000][1][safepoint    ] Safepoint "RevokeBias", Time since last: 1867729 ns, Reaching safepoint: 141974 ns, At safepoint: 21332 ns, Total: 163306 ns
[2020-09-11T16:51:27.357+0000][1][safepoint    ] Safepoint "RevokeBias", Time since last: 20550882 ns, Reaching safepoint: 162575 ns, At safepoint: 38313 ns, Total: 200888 ns
[2020-09-11T16:51:27.358+0000][1][safepoint    ] Safepoint "RevokeBias", Time since last: 163003 ns, Reaching safepoint: 408557 ns, At safepoint: 18798 ns, Total: 427355 ns
[2020-09-11T16:51:27.430+0000][1][safepoint    ] Safepoint "RevokeBias", Time since last: 71331972 ns, Reaching safepoint: 1110377 ns, At safepoint: 26460 ns, Total: 1136837 ns
[2020-09-11T16:51:27.485+0000][1][safepoint    ] Safepoint "RevokeBias", Time since last: 43271655 ns, Reaching safepoint: 11564796 ns, At safepoint: 35442 ns, Total: 11600238 ns
[2020-09-11T16:51:27.485+0000][1][safepoint    ] Safepoint "RevokeBias", Time since last: 170279 ns, Reaching safepoint: 105078 ns, At safepoint: 13781 ns, Total: 118859 ns
[2020-09-11T16:51:27.549+0000][1][safepoint    ] Safepoint "RevokeBias", Time since last: 63593036 ns, Reaching safepoint: 156412 ns, At safepoint: 44031 ns, Total: 200443 ns
[2020-09-11T16:51:27.578+0000][1][safepoint    ] Safepoint "RevokeBias", Time since last: 20208879 ns, Reaching safepoint: 8528273 ns, At safepoint: 27673 ns, Total: 8555946 ns
[2020-09-11T16:51:27.585+0000][1][safepoint    ] Safepoint "RevokeBias", Time since last: 7568571 ns, Reaching safepoint: 147106 ns, At safepoint: 10454 ns, Total: 157560 ns
[2020-09-11T16:51:28.182+0000][1][safepoint    ] Safepoint "RevokeBias", Time since last: 596412825 ns, Reaching safepoint: 168163 ns, At safepoint: 24267 ns, Total: 192430 ns
[2020-09-11T16:51:28.182+0000][1][safepoint    ] Safepoint "RevokeBias", Time since last: 94117 ns, Reaching safepoint: 99877 ns, At safepoint: 12235 ns, Total: 112112 ns
[2020-09-11T16:51:28.201+0000][1][safepoint    ] Safepoint "RevokeBias", Time since last: 18493323 ns, Reaching safepoint: 156667 ns, At safepoint: 23888 ns, Total: 180555 ns
[2020-09-11T16:51:28.201+0000][1][safepoint    ] Safepoint "RevokeBias", Time since last: 196348 ns, Reaching safepoint: 34147 ns, At safepoint: 12394 ns, Total: 46541 ns
[2020-09-11T16:51:28.337+0000][1][safepoint    ] Safepoint "RevokeBias", Time since last: 134995709 ns, Reaching safepoint: 564493 ns, At safepoint: 20647 ns, Total: 585140 ns
[2020-09-11T16:51:29.337+0000][1][safepoint    ] Safepoint "Cleanup", Time since last: 1000098244 ns, Reaching safepoint: 142722 ns, At safepoint: 6968 ns, Total: 149690 ns
[2020-09-11T16:51:30.449+0000][1][safepoint    ] Safepoint "RevokeBias", Time since last: 1109318369 ns, Reaching safepoint: 2502083 ns, At safepoint: 29219 ns, Total: 2531302 ns
[2020-09-11T16:51:30.474+0000][1][safepoint    ] Safepoint "RevokeBias", Time since last: 24915813 ns, Reaching safepoint: 152279 ns, At safepoint: 21695 ns, Total: 173974 ns
[2020-09-11T16:51:30.484+0000][1][safepoint    ] Safepoint "RevokeBias", Time since last: 9943748 ns, Reaching safepoint: 153148 ns, At safepoint: 19730 ns, Total: 172878 ns
[2020-09-11T16:51:30.484+0000][1][safepoint    ] Safepoint "RevokeBias", Time since last: 135144 ns, Reaching safepoint: 102368 ns, At safepoint: 11856 ns, Total: 114224 ns
[2020-09-11T16:51:30.485+0000][1][safepoint    ] Safepoint "RevokeBias", Time since last: 57594 ns, Reaching safepoint: 103928 ns, At safepoint: 11001 ns, Total: 114929 ns
[2020-09-11T16:51:30.493+0000][1][safepoint    ] Safepoint "RevokeBias", Time since last: 7990338 ns, Reaching safepoint: 334496 ns, At safepoint: 26172 ns, Total: 360668 ns
[2020-09-11T16:51:30.516+0000][1][safepoint    ] Safepoint "RevokeBias", Time since last: 23123078 ns, Reaching safepoint: 144124 ns, At safepoint: 9032 ns, Total: 153156 ns
[2020-09-11T16:51:30.518+0000][1][safepoint    ] Safepoint "RevokeBias", Time since last: 1636790 ns, Reaching safepoint: 128591 ns, At safepoint: 7340 ns, Total: 135931 ns
[2020-09-11T16:51:30.525+0000][1][safepoint    ] Safepoint "RevokeBias", Time since last: 6961014 ns, Reaching safepoint: 131223 ns, At safepoint: 18974 ns, Total: 150197 ns
[2020-09-11T16:51:30.533+0000][1][safepoint    ] Safepoint "RevokeBias", Time since last: 7257492 ns, Reaching safepoint: 225564 ns, At safepoint: 24560 ns, Total: 250124 ns
[2020-09-11T16:51:30.534+0000][1][safepoint    ] Safepoint "RevokeBias", Time since last: 896670 ns, Reaching safepoint: 115832 ns, At safepoint: 8190 ns, Total: 124022 ns
[2020-09-11T16:51:30.552+0000][1][safepoint    ] Safepoint "RevokeBias", Time since last: 18648726 ns, Reaching safepoint: 92183 ns, At safepoint: 6188 ns, Total: 98371 ns
[2020-09-11T16:51:30.554+0000][1][safepoint    ] Safepoint "RevokeBias", Time since last: 1658443 ns, Reaching safepoint: 88260 ns, At safepoint: 14967 ns, Total: 103227 ns
[2020-09-11T16:51:30.570+0000][1][gc,heap,exit ] Heap
[2020-09-11T16:51:30.570+0000][1][gc,heap,exit ]  par new generation   total 76672K, used 69179K [0x00000000e0000000, 0x00000000e5330000, 0x00000000e5330000)
[2020-09-11T16:51:30.570+0000][1][gc,heap,exit ]   eden space 68160K,  98% used [0x00000000e0000000, 0x00000000e41a4bd8, 0x00000000e4290000)
[2020-09-11T16:51:30.570+0000][1][gc,heap,exit ]   from space 8512K,  23% used [0x00000000e4ae0000, 0x00000000e4cca170, 0x00000000e5330000)
[2020-09-11T16:51:30.570+0000][1][gc,heap,exit ]   to   space 8512K,   0% used [0x00000000e4290000, 0x00000000e4290000, 0x00000000e4ae0000)
[2020-09-11T16:51:30.570+0000][1][gc,heap,exit ]  concurrent mark-sweep generation total 439104K, used 108708K [0x00000000e5330000, 0x0000000100000000, 0x0000000100000000)
[2020-09-11T16:51:30.570+0000][1][gc,heap,exit ]  Metaspace       used 97428K, capacity 104695K, committed 104916K, reserved 1138688K
[2020-09-11T16:51:30.570+0000][1][gc,heap,exit ]   class space    used 12390K, capacity 15386K, committed 15392K, reserved 1048576K
